nohup: ignoring input
/home/mahsa/miniconda3/envs/contrastive_rl_nn/lib/python3.9/site-packages/gym/spaces/box.py:127: UserWarning: [33mWARN: Box bound precision lowered by casting to float32[0m
  logger.warn(f"Box bound precision lowered by casting to {self.dtype}")
/home/mahsa/miniconda3/envs/contrastive_rl_nn/lib/python3.9/site-packages/gym/spaces/box.py:127: UserWarning: [33mWARN: Box bound precision lowered by casting to float32[0m
  logger.warn(f"Box bound precision lowered by casting to {self.dtype}")
I0502 15:05:15.932086 139655948801856 xla_bridge.py:448] Unable to initialize backend 'rocm': NOT_FOUND: Could not find registered platform with name: "rocm". Available platform names are: Interpreter Host CUDA
I0502 15:05:15.932537 139655948801856 xla_bridge.py:448] Unable to initialize backend 'tpu': module 'jaxlib.xla_extension' has no attribute 'get_tpu_client'
I0502 15:05:15.932627 139655948801856 xla_bridge.py:448] Unable to initialize backend 'plugin': xla_extension has no attributes named get_plugin_device_client. Compile TensorFlow with //tensorflow/compiler/xla/python:enable_plugin_device set to true (defaults to false) to enable this.
[reverb/cc/platform/tfrecord_checkpointer.cc:150]  Initializing TFRecordCheckpointer in /tmp/tmpbl494txe.
I0502 15:05:21.028557 139584504182336 courier_utils.py:50] Binding: run
I0502 15:05:21.029554 139584504182336 lp_utils.py:88] StepsLimiter: Starting with max_steps = 8000000 (actor_steps)
[reverb/cc/platform/tfrecord_checkpointer.cc:386] Loading latest checkpoint from /tmp/tmpbl494txe
[reverb/cc/platform/default/server.cc:71] Started replay server on port 38545
I0502 15:05:21.033736 139583350109760 node.py:62] Reverb client connecting to: localhost:38545
I0502 15:05:22.000953 139584635659840 savers.py:165] Attempting to restore checkpoint: None
I0502 15:05:22.019459 139569349502528 node.py:62] Reverb client connecting to: localhost:38545
I0502 15:05:22.040114 139558059398720 node.py:62] Reverb client connecting to: localhost:38545
I0502 15:05:22.047721 139584635659840 courier_utils.py:50] Binding: get_counts
I0502 15:05:22.048006 139584635659840 courier_utils.py:50] Binding: get_directory
I0502 15:05:22.048997 139584635659840 courier_utils.py:50] Binding: increment
I0502 15:05:22.054251 139557462840896 node.py:62] Reverb client connecting to: localhost:38545
Using env point_FourRooms...
Using random seed 64...
Using alg contrastive_cpc...
Adding uid: True...
{'seed': 64, 'use_random_actor': True, 'entropy_coefficient': 0.0, 'env_name': 'point_FourRooms', 'max_number_of_steps': 8000000, 'alg_name': 'contrastive_cpc', 'fix_goals': False, 'add_uid': True, 'log_dir': 'logs/', 'time_delta_minutes': 1, 'use_cpc': True}
goal: [array([0., 0., 0.]), array([10.,  8.,  0.])]
I0502 15:05:22.054328 139584635659840 courier_utils.py:50] Binding: restore
I0502 15:05:22.060777 139555860620864 node.py:62] Reverb client connecting to: localhost:38545
I0502 15:05:22.089443 139584635659840 courier_utils.py:50] Binding: save
I0502 15:05:22.111962 139584635659840 savers.py:156] Saving checkpoint: logs/contrastive_cpc_point_FourRooms_64/5dd72662-2788-11f0-b183-d85ed38c5779/checkpoints/counter
I0502 15:05:22.371128 139555860620864 courier_utils.py:50] Binding: run
I0502 15:05:22.373121 139557462840896 courier_utils.py:50] Binding: run
I0502 15:05:22.376940 139555860620864 courier_utils.py:50] Binding: run_episode
I0502 15:05:22.383889 139558059398720 courier_utils.py:50] Binding: run
I0502 15:05:22.400672 139557462840896 courier_utils.py:50] Binding: run_episode
I0502 15:05:22.410859 139579566835264 csv.py:76] Logging to logs/contrastive_cpc_point_FourRooms_64/5dd72662-2788-11f0-b183-d85ed38c5779/logs/evaluator/logs.csv
I0502 15:05:22.438541 139579566835264 courier_utils.py:50] Binding: run
I0502 15:05:22.432908 139558059398720 courier_utils.py:50] Binding: run_episode
I0502 15:05:22.427939 139569349502528 csv.py:76] Logging to logs/contrastive_cpc_point_FourRooms_64/5dd72662-2788-11f0-b183-d85ed38c5779/logs/actor/logs.csv
I0502 15:05:22.438766 139579566835264 courier_utils.py:50] Binding: run_episode
I0502 15:05:22.451985 139569349502528 courier_utils.py:50] Binding: run
I0502 15:05:22.497190 139569349502528 courier_utils.py:50] Binding: run_episode
I0502 15:05:23.804050 139584504182336 lp_utils.py:96] StepsLimiter: Reached 0 recorded steps
I0502 15:05:23.914077 139583350109760 csv.py:76] Logging to logs/contrastive_cpc_point_FourRooms_64/5dd72662-2788-11f0-b183-d85ed38c5779/logs/learner/logs.csv
W0502 15:05:24.784188 139583350109760 __init__.py:773] The use of `check_types` is deprecated and does not have any effect.
I0502 15:05:26.363646 139583350109760 savers.py:165] Attempting to restore checkpoint: None
I0502 15:05:26.364649 139583350109760 courier_utils.py:50] Binding: get_directory
I0502 15:05:26.364763 139583350109760 courier_utils.py:50] Binding: get_variables
I0502 15:05:26.364820 139583350109760 courier_utils.py:50] Binding: restore
I0502 15:05:26.364870 139583350109760 courier_utils.py:50] Binding: run
I0502 15:05:26.364918 139583350109760 courier_utils.py:50] Binding: save
I0502 15:05:26.364965 139583350109760 courier_utils.py:50] Binding: step
[reverb/cc/client.cc:165] Sampler and server are owned by the same process (814683) so Table priority_table is accessed directly without gRPC.
[reverb/cc/client.cc:165] Sampler and server are owned by the same process (814683) so Table priority_table is accessed directly without gRPC.
[reverb/cc/client.cc:165] Sampler and server are owned by the same process (814683) so Table priority_table is accessed directly without gRPC.
[reverb/cc/client.cc:165] Sampler and server are owned by the same process (814683) so Table priority_table is accessed directly without gRPC.
/home/mahsa/miniconda3/envs/contrastive_rl_nn/lib/python3.9/site-packages/numpy/core/fromnumeric.py:3504: RuntimeWarning: Mean of empty slice.
  return _methods._mean(a, axis=axis, dtype=dtype,
/home/mahsa/miniconda3/envs/contrastive_rl_nn/lib/python3.9/site-packages/numpy/core/_methods.py:129: RuntimeWarning: invalid value encountered in scalar divide
  ret = ret.dtype.type(ret / rcount)
I0502 15:05:27.819947 139555860620864 terminal.py:91] [Actor] Actor Episodes = 1 | Actor Steps = 50 | Delta Dist = 4.649 | Delta Dist 10 = 0.000 | Delta Dist 100 = 0.000 | Delta Dist 1000 = 0.000 | Episode Length = 50 | Episode Return = 2.0 | Final Dist = 2.631 | Final Dist 10 = 3.898 | Final Dist 100 = 3.898 | Final Dist 1000 = 3.898 | Init Dist = 7.280 | Init Dist 10 = 3.898 | Init Dist 100 = 3.898 | Init Dist 1000 = 3.898 | Min Dist = 0.863 | Min Dist 10 = 3.898 | Min Dist 100 = 3.898 | Min Dist 1000 = 3.898 | Steps Per Second = 9.286 | Success = 1.000 | Success 1000 = nan
I0502 15:05:28.354663 139558059398720 terminal.py:91] [Actor] Actor Episodes = 2 | Actor Steps = 100 | Delta Dist = 0.382 | Delta Dist 10 = -0.048 | Delta Dist 100 = -0.048 | Delta Dist 1000 = -0.048 | Episode Length = 50 | Episode Return = 0.0 | Final Dist = 8.220 | Final Dist 10 = 4.792 | Final Dist 100 = 4.792 | Final Dist 1000 = 4.792 | Init Dist = 8.602 | Init Dist 10 = 4.744 | Init Dist 100 = 4.744 | Init Dist 1000 = 4.744 | Min Dist = 1.018 | Min Dist 10 = 3.139 | Min Dist 100 = 3.139 | Min Dist 1000 = 3.139 | Steps Per Second = 8.456 | Success = 0.000 | Success 1000 = 1.000
I0502 15:05:28.367609 139579566835264 terminal.py:91] [Evaluator] Actor Episodes = 2 | Actor Steps = 100 | Delta Dist = 5.663 | Episode Length = 50 | Episode Return = 0.0 | Evaluator Episodes = 1 | Evaluator Steps = 50 | Final Dist = 7.144 | Init Dist = 12.806 | Min Dist = 6.272 | Steps Per Second = 8.501 | Success = 0.000 | Success 1000 = nan
I0502 15:05:28.384052 139557462840896 terminal.py:91] [Actor] Actor Episodes = 3 | Actor Steps = 150 | Delta Dist = -1.812 | Delta Dist 10 = -0.373 | Delta Dist 100 = -0.373 | Delta Dist 1000 = -0.373 | Episode Length = 50 | Episode Return = 0.0 | Evaluator Episodes = 1 | Evaluator Steps = 50 | Final Dist = 6.911 | Final Dist 10 = 5.888 | Final Dist 100 = 5.888 | Final Dist 1000 = 5.888 | Init Dist = 5.099 | Init Dist 10 = 5.515 | Init Dist 100 = 5.515 | Init Dist 1000 = 5.515 | Min Dist = 5.099 | Min Dist 10 = 2.715 | Min Dist 100 = 2.715 | Min Dist 1000 = 2.715 | Steps Per Second = 8.407 | Success = 0.000 | Success 1000 = 0.500
I0502 15:05:28.404147 139569349502528 terminal.py:91] [Actor] Actor Episodes = 4 | Actor Steps = 200 | Delta Dist = 2.891 | Delta Dist 10 = -0.613 | Delta Dist 100 = -0.613 | Delta Dist 1000 = -0.613 | Episode Length = 50 | Episode Return = 0.0 | Evaluator Episodes = 1 | Evaluator Steps = 50 | Final Dist = 6.596 | Final Dist 10 = 6.059 | Final Dist 100 = 6.059 | Final Dist 1000 = 6.059 | Init Dist = 9.487 | Init Dist 10 = 5.446 | Init Dist 100 = 5.446 | Init Dist 1000 = 5.446 | Min Dist = 5.584 | Min Dist 10 = 3.112 | Min Dist 100 = 3.112 | Min Dist 1000 = 3.112 | Steps Per Second = 8.466 | Success = 0.000 | Success 1000 = 0.333
I0502 15:05:29.974505 139579566835264 terminal.py:91] [Evaluator] Actor Episodes = 8 | Actor Steps = 400 | Delta Dist = 3.700 | Delta Dist 10 = 3.845 | Delta Dist 100 = 3.845 | Delta Dist 1000 = 3.845 | Episode Length = 50 | Episode Return = 0.0 | Evaluator Episodes = 3 | Evaluator Steps = 150 | Final Dist = 9.106 | Final Dist 10 = 8.961 | Final Dist 100 = 8.961 | Final Dist 1000 = 8.961 | Init Dist = 12.806 | Init Dist 10 = 12.806 | Init Dist 100 = 12.806 | Init Dist 1000 = 12.806 | Min Dist = 8.295 | Min Dist 10 = 7.664 | Min Dist 100 = 7.664 | Min Dist 1000 = 7.664 | Steps Per Second = 61.836 | Success = 0.000 | Success 1000 = 0.000
I0502 15:05:31.574293 139579566835264 terminal.py:91] [Evaluator] Actor Episodes = 18 | Actor Steps = 900 | Delta Dist = 5.804 | Delta Dist 10 = 4.108 | Delta Dist 100 = 4.108 | Delta Dist 1000 = 4.108 | Episode Length = 50 | Episode Return = 0.0 | Evaluator Episodes = 5 | Evaluator Steps = 250 | Final Dist = 7.003 | Final Dist 10 = 8.698 | Final Dist 100 = 8.698 | Final Dist 1000 = 8.698 | Init Dist = 12.806 | Init Dist 10 = 12.806 | Init Dist 100 = 12.806 | Init Dist 1000 = 12.806 | Min Dist = 6.360 | Min Dist 10 = 7.564 | Min Dist 100 = 7.564 | Min Dist 1000 = 7.564 | Steps Per Second = 63.681 | Success = 0.000 | Success 1000 = 0.000
I0502 15:05:33.036114 139579566835264 terminal.py:91] [Evaluator] Actor Episodes = 22 | Actor Steps = 1100 | Delta Dist = 2.800 | Delta Dist 10 = 4.055 | Delta Dist 100 = 4.055 | Delta Dist 1000 = 4.055 | Episode Length = 50 | Episode Return = 0.0 | Evaluator Episodes = 7 | Evaluator Steps = 350 | Final Dist = 10.006 | Final Dist 10 = 8.751 | Final Dist 100 = 8.751 | Final Dist 1000 = 8.751 | Init Dist = 12.806 | Init Dist 10 = 12.806 | Init Dist 100 = 12.806 | Init Dist 1000 = 12.806 | Min Dist = 8.567 | Min Dist 10 = 7.631 | Min Dist 100 = 7.631 | Min Dist 1000 = 7.631 | Steps Per Second = 69.982 | Success = 0.000 | Success 1000 = 0.000
I0502 15:05:33.829487 139584504182336 lp_utils.py:96] StepsLimiter: Reached 1400 recorded steps
I0502 15:05:34.458194 139579566835264 terminal.py:91] [Evaluator] Actor Episodes = 32 | Actor Steps = 1600 | Delta Dist = 6.126 | Delta Dist 10 = 3.992 | Delta Dist 100 = 3.992 | Delta Dist 1000 = 3.992 | Episode Length = 50 | Episode Return = 0.0 | Evaluator Episodes = 9 | Evaluator Steps = 450 | Final Dist = 6.680 | Final Dist 10 = 8.814 | Final Dist 100 = 8.814 | Final Dist 1000 = 8.814 | Init Dist = 12.806 | Init Dist 10 = 12.806 | Init Dist 100 = 12.806 | Init Dist 1000 = 12.806 | Min Dist = 5.872 | Min Dist 10 = 7.689 | Min Dist 100 = 7.689 | Min Dist 1000 = 7.689 | Steps Per Second = 66.746 | Success = 0.000 | Success 1000 = 0.000
I0502 15:05:36.335844 139579566835264 terminal.py:91] [Evaluator] Actor Episodes = 40 | Actor Steps = 2000 | Delta Dist = 0.737 | Delta Dist 10 = 4.134 | Delta Dist 100 = 4.134 | Delta Dist 1000 = 4.134 | Episode Length = 50 | Episode Return = 0.0 | Evaluator Episodes = 11 | Evaluator Steps = 550 | Final Dist = 12.070 | Final Dist 10 = 8.672 | Final Dist 100 = 8.672 | Final Dist 1000 = 8.672 | Init Dist = 12.806 | Init Dist 10 = 12.806 | Init Dist 100 = 12.806 | Init Dist 1000 = 12.806 | Min Dist = 8.573 | Min Dist 10 = 7.574 | Min Dist 100 = 7.574 | Min Dist 1000 = 7.574 | Steps Per Second = 49.253 | Success = 0.000 | Success 1000 = 0.000
I0502 15:05:38.068546 139579566835264 terminal.py:91] [Evaluator] Actor Episodes = 48 | Actor Steps = 2400 | Delta Dist = 5.483 | Delta Dist 10 = 3.693 | Delta Dist 100 = 3.718 | Delta Dist 1000 = 3.718 | Episode Length = 50 | Episode Return = 0.0 | Evaluator Episodes = 13 | Evaluator Steps = 650 | Final Dist = 7.324 | Final Dist 10 = 9.114 | Final Dist 100 = 9.088 | Final Dist 1000 = 9.088 | Init Dist = 12.806 | Init Dist 10 = 12.806 | Init Dist 100 = 12.806 | Init Dist 1000 = 12.806 | Min Dist = 7.324 | Min Dist 10 = 7.787 | Min Dist 100 = 7.766 | Min Dist 1000 = 7.766 | Steps Per Second = 62.244 | Success = 0.000 | Success 1000 = 0.000
I0502 15:05:38.487023 139555860620864 terminal.py:91] [Actor] Actor Episodes = 47 | Actor Steps = 2350 | Delta Dist = 0.751 | Delta Dist 10 = 0.233 | Delta Dist 100 = -0.017 | Delta Dist 1000 = -0.017 | Episode Length = 50 | Episode Return = 0.0 | Evaluator Episodes = 11 | Evaluator Steps = 550 | Final Dist = 6.249 | Final Dist 10 = 5.585 | Final Dist 100 = 5.908 | Final Dist 1000 = 5.908 | Init Dist = 7.000 | Init Dist 10 = 5.819 | Init Dist 100 = 5.891 | Init Dist 1000 = 5.891 | Min Dist = 1.070 | Min Dist 10 = 3.594 | Min Dist 100 = 3.154 | Min Dist 1000 = 3.154 | Steps Per Second = 54.671 | Success = 0.000 | Success 1000 = 0.059
I0502 15:05:38.567342 139569349502528 terminal.py:91] [Actor] Actor Episodes = 49 | Actor Steps = 2450 | Delta Dist = -5.764 | Delta Dist 10 = 0.467 | Delta Dist 100 = 0.058 | Delta Dist 1000 = 0.058 | Episode Length = 50 | Episode Return = 0.0 | Evaluator Episodes = 11 | Evaluator Steps = 550 | Final Dist = 10.764 | Final Dist 10 = 5.290 | Final Dist 100 = 5.853 | Final Dist 1000 = 5.853 | Init Dist = 5.000 | Init Dist 10 = 5.757 | Init Dist 100 = 5.911 | Init Dist 1000 = 5.911 | Min Dist = 3.045 | Min Dist 10 = 3.324 | Min Dist 100 = 3.117 | Min Dist 1000 = 3.117 | Steps Per Second = 52.138 | Success = 0.000 | Success 1000 = 0.058
I0502 15:05:39.088367 139558059398720 terminal.py:91] [Actor] Actor Episodes = 51 | Actor Steps = 2550 | Delta Dist = 3.589 | Delta Dist 10 = 0.057 | Delta Dist 100 = 0.041 | Delta Dist 1000 = 0.041 | Episode Length = 50 | Episode Return = 2.0 | Evaluator Episodes = 13 | Evaluator Steps = 650 | Final Dist = 2.736 | Final Dist 10 = 5.257 | Final Dist 100 = 5.854 | Final Dist 1000 = 5.854 | Init Dist = 6.325 | Init Dist 10 = 5.314 | Init Dist 100 = 5.895 | Init Dist 1000 = 5.895 | Min Dist = 0.673 | Min Dist 10 = 3.106 | Min Dist 100 = 3.115 | Min Dist 1000 = 3.115 | Steps Per Second = 51.633 | Success = 1.000 | Success 1000 = 0.057
I0502 15:05:39.128257 139557462840896 terminal.py:91] [Actor] Actor Episodes = 52 | Actor Steps = 2600 | Delta Dist = -4.310 | Delta Dist 10 = -0.012 | Delta Dist 100 = 0.034 | Delta Dist 1000 = 0.034 | Episode Length = 50 | Episode Return = 0.0 | Evaluator Episodes = 13 | Evaluator Steps = 650 | Final Dist = 7.472 | Final Dist 10 = 5.598 | Final Dist 100 = 5.869 | Final Dist 1000 = 5.869 | Init Dist = 3.162 | Init Dist 10 = 5.586 | Init Dist 100 = 5.902 | Init Dist 1000 = 5.902 | Min Dist = 3.162 | Min Dist 10 = 2.857 | Min Dist 100 = 3.072 | Min Dist 1000 = 3.072 | Steps Per Second = 58.467 | Success = 0.000 | Success 1000 = 0.074
I0502 15:05:39.802086 139579566835264 terminal.py:91] [Evaluator] Actor Episodes = 56 | Actor Steps = 2800 | Delta Dist = 2.546 | Delta Dist 10 = 3.676 | Delta Dist 100 = 3.800 | Delta Dist 1000 = 3.800 | Episode Length = 50 | Episode Return = 0.0 | Evaluator Episodes = 15 | Evaluator Steps = 750 | Final Dist = 10.260 | Final Dist 10 = 9.130 | Final Dist 100 = 9.007 | Final Dist 1000 = 9.007 | Init Dist = 12.806 | Init Dist 10 = 12.806 | Init Dist 100 = 12.806 | Init Dist 1000 = 12.806 | Min Dist = 10.260 | Min Dist 10 = 7.960 | Min Dist 100 = 7.847 | Min Dist 1000 = 7.847 | Steps Per Second = 62.988 | Success = 0.000 | Success 1000 = 0.000
I0502 15:05:41.324163 139579566835264 terminal.py:91] [Evaluator] Actor Episodes = 64 | Actor Steps = 3200 | Delta Dist = 0.490 | Delta Dist 10 = 3.350 | Delta Dist 100 = 3.615 | Delta Dist 1000 = 3.615 | Episode Length = 50 | Episode Return = 0.0 | Evaluator Episodes = 17 | Evaluator Steps = 850 | Final Dist = 12.316 | Final Dist 10 = 9.456 | Final Dist 100 = 9.192 | Final Dist 1000 = 9.192 | Init Dist = 12.806 | Init Dist 10 = 12.806 | Init Dist 100 = 12.806 | Init Dist 1000 = 12.806 | Min Dist = 9.201 | Min Dist 10 = 8.175 | Min Dist 100 = 7.971 | Min Dist 1000 = 7.971 | Steps Per Second = 69.659 | Success = 0.000 | Success 1000 = 0.000
I0502 15:05:42.793232 139579566835264 terminal.py:91] [Evaluator] Actor Episodes = 72 | Actor Steps = 3600 | Delta Dist = 6.197 | Delta Dist 10 = 2.982 | Delta Dist 100 = 3.431 | Delta Dist 1000 = 3.431 | Episode Length = 50 | Episode Return = 0.0 | Evaluator Episodes = 19 | Evaluator Steps = 950 | Final Dist = 6.610 | Final Dist 10 = 9.824 | Final Dist 100 = 9.375 | Final Dist 1000 = 9.375 | Init Dist = 12.806 | Init Dist 10 = 12.806 | Init Dist 100 = 12.806 | Init Dist 1000 = 12.806 | Min Dist = 6.610 | Min Dist 10 = 8.348 | Min Dist 100 = 8.055 | Min Dist 1000 = 8.055 | Steps Per Second = 78.277 | Success = 0.000 | Success 1000 = 0.000
I0502 15:05:43.851214 139584504182336 lp_utils.py:96] StepsLimiter: Reached 3700 recorded steps
I0502 15:05:44.638261 139579566835264 terminal.py:91] [Evaluator] Actor Episodes = 81 | Actor Steps = 4050 | Delta Dist = 5.351 | Delta Dist 10 = 3.126 | Delta Dist 100 = 3.630 | Delta Dist 1000 = 3.630 | Episode Length = 50 | Episode Return = 0.0 | Evaluator Episodes = 21 | Evaluator Steps = 1050 | Final Dist = 7.455 | Final Dist 10 = 9.680 | Final Dist 100 = 9.176 | Final Dist 1000 = 9.176 | Init Dist = 12.806 | Init Dist 10 = 12.806 | Init Dist 100 = 12.806 | Init Dist 1000 = 12.806 | Min Dist = 6.262 | Min Dist 10 = 8.340 | Min Dist 100 = 7.957 | Min Dist 1000 = 7.957 | Steps Per Second = 45.897 | Success = 0.000 | Success 1000 = 0.000
I0502 15:05:46.421627 139579566835264 terminal.py:91] [Evaluator] Actor Episodes = 89 | Actor Steps = 4450 | Delta Dist = 1.783 | Delta Dist 10 = 3.586 | Delta Dist 100 = 3.658 | Delta Dist 1000 = 3.658 | Episode Length = 50 | Episode Return = 0.0 | Evaluator Episodes = 23 | Evaluator Steps = 1150 | Final Dist = 11.023 | Final Dist 10 = 9.221 | Final Dist 100 = 9.148 | Final Dist 1000 = 9.148 | Init Dist = 12.806 | Init Dist 10 = 12.806 | Init Dist 100 = 12.806 | Init Dist 1000 = 12.806 | Min Dist = 8.470 | Min Dist 10 = 8.144 | Min Dist 100 = 7.938 | Min Dist 1000 = 7.938 | Steps Per Second = 62.970 | Success = 0.000 | Success 1000 = 0.000
I0502 15:05:48.011245 139579566835264 terminal.py:91] [Evaluator] Actor Episodes = 97 | Actor Steps = 4850 | Delta Dist = 3.236 | Delta Dist 10 = 3.453 | Delta Dist 100 = 3.655 | Delta Dist 1000 = 3.655 | Episode Length = 50 | Episode Return = 0.0 | Evaluator Episodes = 25 | Evaluator Steps = 1250 | Final Dist = 9.570 | Final Dist 10 = 9.353 | Final Dist 100 = 9.151 | Final Dist 1000 = 9.151 | Init Dist = 12.806 | Init Dist 10 = 12.806 | Init Dist 100 = 12.806 | Init Dist 1000 = 12.806 | Min Dist = 9.283 | Min Dist 10 = 7.904 | Min Dist 100 = 7.871 | Min Dist 1000 = 7.871 | Steps Per Second = 75.124 | Success = 0.000 | Success 1000 = 0.000
I0502 15:05:48.601233 139569349502528 terminal.py:91] [Actor] Actor Episodes = 98 | Actor Steps = 4900 | Delta Dist = -5.237 | Delta Dist 10 = -0.384 | Delta Dist 100 = -0.089 | Delta Dist 1000 = -0.087 | Episode Length = 50 | Episode Return = 0.0 | Evaluator Episodes = 23 | Evaluator Steps = 1150 | Final Dist = 8.399 | Final Dist 10 = 6.215 | Final Dist 100 = 6.052 | Final Dist 1000 = 5.989 | Init Dist = 3.162 | Init Dist 10 = 5.831 | Init Dist 100 = 5.962 | Init Dist 1000 = 5.902 | Min Dist = 0.970 | Min Dist 10 = 1.752 | Min Dist 100 = 2.727 | Min Dist 1000 = 2.761 | Steps Per Second = 79.585 | Success = 1.000 | Success 1000 = 0.120
I0502 15:05:49.131834 139555860620864 terminal.py:91] [Actor] Actor Episodes = 103 | Actor Steps = 5150 | Delta Dist = -0.810 | Delta Dist 10 = -0.898 | Delta Dist 100 = -0.115 | Delta Dist 1000 = -0.144 | Episode Length = 50 | Episode Return = 1.0 | Evaluator Episodes = 25 | Evaluator Steps = 1250 | Final Dist = 5.282 | Final Dist 10 = 6.060 | Final Dist 100 = 6.041 | Final Dist 1000 = 6.042 | Init Dist = 4.472 | Init Dist 10 = 5.162 | Init Dist 100 = 5.926 | Init Dist 1000 = 5.898 | Min Dist = 4.472 | Min Dist 10 = 2.112 | Min Dist 100 = 2.752 | Min Dist 1000 = 2.773 | Steps Per Second = 64.246 | Success = 0.000 | Success 1000 = 0.126
I0502 15:05:49.524940 139579566835264 terminal.py:91] [Evaluator] Actor Episodes = 105 | Actor Steps = 5250 | Delta Dist = 3.912 | Delta Dist 10 = 3.665 | Delta Dist 100 = 3.634 | Delta Dist 1000 = 3.634 | Episode Length = 50 | Episode Return = 0.0 | Evaluator Episodes = 27 | Evaluator Steps = 1350 | Final Dist = 8.894 | Final Dist 10 = 9.142 | Final Dist 100 = 9.172 | Final Dist 1000 = 9.172 | Init Dist = 12.806 | Init Dist 10 = 12.806 | Init Dist 100 = 12.806 | Init Dist 1000 = 12.806 | Min Dist = 7.164 | Min Dist 10 = 7.916 | Min Dist 100 = 7.950 | Min Dist 1000 = 7.950 | Steps Per Second = 54.511 | Success = 0.000 | Success 1000 = 0.000
I0502 15:05:49.600399 139558059398720 terminal.py:91] [Actor] Actor Episodes = 100 | Actor Steps = 5000 | Delta Dist = 7.288 | Delta Dist 10 = -0.629 | Delta Dist 100 = -0.037 | Delta Dist 1000 = -0.102 | Episode Length = 50 | Episode Return = 0.0 | Evaluator Episodes = 25 | Evaluator Steps = 1250 | Final Dist = 4.919 | Final Dist 10 = 6.301 | Final Dist 100 = 5.960 | Final Dist 1000 = 6.016 | Init Dist = 12.207 | Init Dist 10 = 5.672 | Init Dist 100 = 5.923 | Init Dist 1000 = 5.913 | Min Dist = 3.345 | Min Dist 10 = 2.713 | Min Dist 100 = 2.738 | Min Dist 1000 = 2.794 | Steps Per Second = 57.930 | Success = 0.000 | Success 1000 = 0.124
I0502 15:05:49.874143 139557462840896 terminal.py:91] [Actor] Actor Episodes = 102 | Actor Steps = 5100 | Delta Dist = 3.026 | Delta Dist 10 = -0.526 | Delta Dist 100 = 0.013 | Delta Dist 1000 = -0.096 | Episode Length = 50 | Episode Return = 0.0 | Evaluator Episodes = 25 | Evaluator Steps = 1250 | Final Dist = 4.974 | Final Dist 10 = 7.006 | Final Dist 100 = 6.018 | Final Dist 1000 = 6.067 | Init Dist = 8.000 | Init Dist 10 = 6.480 | Init Dist 100 = 6.030 | Init Dist 1000 = 5.971 | Min Dist = 2.756 | Min Dist 10 = 2.917 | Min Dist 100 = 2.767 | Min Dist 1000 = 2.799 | Steps Per Second = 59.899 | Success = 0.000 | Success 1000 = 0.123
I0502 15:05:50.909166 139579566835264 terminal.py:91] [Evaluator] Actor Episodes = 113 | Actor Steps = 5650 | Delta Dist = 3.257 | Delta Dist 10 = 3.735 | Delta Dist 100 = 3.540 | Delta Dist 1000 = 3.540 | Episode Length = 50 | Episode Return = 0.0 | Evaluator Episodes = 29 | Evaluator Steps = 1450 | Final Dist = 9.549 | Final Dist 10 = 9.071 | Final Dist 100 = 9.266 | Final Dist 1000 = 9.266 | Init Dist = 12.806 | Init Dist 10 = 12.806 | Init Dist 100 = 12.806 | Init Dist 1000 = 12.806 | Min Dist = 6.940 | Min Dist 10 = 7.903 | Min Dist 100 = 8.001 | Min Dist 1000 = 8.001 | Steps Per Second = 73.615 | Success = 0.000 | Success 1000 = 0.000
I0502 15:05:52.523122 139579566835264 terminal.py:91] [Evaluator] Actor Episodes = 119 | Actor Steps = 5950 | Delta Dist = 6.404 | Delta Dist 10 = 3.591 | Delta Dist 100 = 3.617 | Delta Dist 1000 = 3.617 | Episode Length = 50 | Episode Return = 0.0 | Evaluator Episodes = 31 | Evaluator Steps = 1550 | Final Dist = 6.402 | Final Dist 10 = 9.215 | Final Dist 100 = 9.189 | Final Dist 1000 = 9.189 | Init Dist = 12.806 | Init Dist 10 = 12.806 | Init Dist 100 = 12.806 | Init Dist 1000 = 12.806 | Min Dist = 6.105 | Min Dist 10 = 7.737 | Min Dist 100 = 7.884 | Min Dist 1000 = 7.884 | Steps Per Second = 53.409 | Success = 0.000 | Success 1000 = 0.000
I0502 15:05:53.872605 139584504182336 lp_utils.py:96] StepsLimiter: Reached 6150 recorded steps
I0502 15:05:54.061839 139579566835264 terminal.py:91] [Evaluator] Actor Episodes = 127 | Actor Steps = 6350 | Delta Dist = 1.165 | Delta Dist 10 = 3.691 | Delta Dist 100 = 3.668 | Delta Dist 1000 = 3.668 | Episode Length = 50 | Episode Return = 0.0 | Evaluator Episodes = 33 | Evaluator Steps = 1650 | Final Dist = 11.641 | Final Dist 10 = 9.115 | Final Dist 100 = 9.138 | Final Dist 1000 = 9.138 | Init Dist = 12.806 | Init Dist 10 = 12.806 | Init Dist 100 = 12.806 | Init Dist 1000 = 12.806 | Min Dist = 9.134 | Min Dist 10 = 7.519 | Min Dist 100 = 7.807 | Min Dist 1000 = 7.807 | Steps Per Second = 71.343 | Success = 0.000 | Success 1000 = 0.000
I0502 15:05:55.495790 139579566835264 terminal.py:91] [Evaluator] Actor Episodes = 135 | Actor Steps = 6750 | Delta Dist = 4.190 | Delta Dist 10 = 3.364 | Delta Dist 100 = 3.570 | Delta Dist 1000 = 3.570 | Episode Length = 50 | Episode Return = 0.0 | Evaluator Episodes = 35 | Evaluator Steps = 1750 | Final Dist = 8.616 | Final Dist 10 = 9.442 | Final Dist 100 = 9.237 | Final Dist 1000 = 9.237 | Init Dist = 12.806 | Init Dist 10 = 12.806 | Init Dist 100 = 12.806 | Init Dist 1000 = 12.806 | Min Dist = 8.616 | Min Dist 10 = 7.820 | Min Dist 100 = 7.856 | Min Dist 1000 = 7.856 | Steps Per Second = 66.655 | Success = 0.000 | Success 1000 = 0.000
I0502 15:05:56.795382 139579566835264 terminal.py:91] [Evaluator] Actor Episodes = 143 | Actor Steps = 7150 | Delta Dist = 4.412 | Delta Dist 10 = 3.369 | Delta Dist 100 = 3.560 | Delta Dist 1000 = 3.560 | Episode Length = 50 | Episode Return = 0.0 | Evaluator Episodes = 37 | Evaluator Steps = 1850 | Final Dist = 8.394 | Final Dist 10 = 9.437 | Final Dist 100 = 9.246 | Final Dist 1000 = 9.246 | Init Dist = 12.806 | Init Dist 10 = 12.806 | Init Dist 100 = 12.806 | Init Dist 1000 = 12.806 | Min Dist = 8.367 | Min Dist 10 = 7.780 | Min Dist 100 = 7.903 | Min Dist 1000 = 7.903 | Steps Per Second = 85.122 | Success = 0.000 | Success 1000 = 0.000
I0502 15:05:58.153799 139579566835264 terminal.py:91] [Evaluator] Actor Episodes = 149 | Actor Steps = 7450 | Delta Dist = 6.638 | Delta Dist 10 = 3.726 | Delta Dist 100 = 3.589 | Delta Dist 1000 = 3.589 | Episode Length = 50 | Episode Return = 0.0 | Evaluator Episodes = 39 | Evaluator Steps = 1950 | Final Dist = 6.169 | Final Dist 10 = 9.080 | Final Dist 100 = 9.217 | Final Dist 1000 = 9.217 | Init Dist = 12.806 | Init Dist 10 = 12.806 | Init Dist 100 = 12.806 | Init Dist 1000 = 12.806 | Min Dist = 4.283 | Min Dist 10 = 7.764 | Min Dist 100 = 7.939 | Min Dist 1000 = 7.939 | Steps Per Second = 76.725 | Success = 0.000 | Success 1000 = 0.000
I0502 15:05:58.774973 139569349502528 terminal.py:91] [Actor] Actor Episodes = 153 | Actor Steps = 7650 | Delta Dist = 6.858 | Delta Dist 10 = -0.949 | Delta Dist 100 = -0.648 | Delta Dist 1000 = -0.398 | Episode Length = 50 | Episode Return = 2.0 | Evaluator Episodes = 39 | Evaluator Steps = 1950 | Final Dist = 1.686 | Final Dist 10 = 5.304 | Final Dist 100 = 6.536 | Final Dist 1000 = 6.293 | Init Dist = 8.544 | Init Dist 10 = 4.355 | Init Dist 100 = 5.887 | Init Dist 1000 = 5.896 | Min Dist = 1.140 | Min Dist 10 = 0.846 | Min Dist 100 = 2.184 | Min Dist 1000 = 2.515 | Steps Per Second = 51.337 | Success = 0.000 | Success 1000 = 0.197
I0502 15:05:59.228577 139555860620864 terminal.py:91] [Actor] Actor Episodes = 152 | Actor Steps = 7600 | Delta Dist = 0.566 | Delta Dist 10 = -0.965 | Delta Dist 100 = -0.570 | Delta Dist 1000 = -0.376 | Episode Length = 50 | Episode Return = 0.0 | Evaluator Episodes = 39 | Evaluator Steps = 1950 | Final Dist = 8.653 | Final Dist 10 = 5.568 | Final Dist 100 = 6.508 | Final Dist 1000 = 6.284 | Init Dist = 9.220 | Init Dist 10 = 4.603 | Init Dist 100 = 5.938 | Init Dist 1000 = 5.908 | Min Dist = 1.095 | Min Dist 10 = 0.976 | Min Dist 100 = 2.143 | Min Dist 1000 = 2.485 | Steps Per Second = 55.711 | Success = 0.000 | Success 1000 = 0.200
I0502 15:05:59.825281 139558059398720 terminal.py:91] [Actor] Actor Episodes = 155 | Actor Steps = 7750 | Delta Dist = 4.940 | Delta Dist 10 = -0.374 | Delta Dist 100 = -0.607 | Delta Dist 1000 = -0.383 | Episode Length = 50 | Episode Return = 0.0 | Evaluator Episodes = 39 | Evaluator Steps = 1950 | Final Dist = 1.384 | Final Dist 10 = 5.663 | Final Dist 100 = 6.577 | Final Dist 1000 = 6.317 | Init Dist = 6.325 | Init Dist 10 = 5.288 | Init Dist 100 = 5.970 | Init Dist 1000 = 5.933 | Min Dist = 1.054 | Min Dist 10 = 0.967 | Min Dist 100 = 2.117 | Min Dist 1000 = 2.467 | Steps Per Second = 55.606 | Success = 0.000 | Success 1000 = 0.197
I0502 15:05:59.901720 139579566835264 terminal.py:91] [Evaluator] Actor Episodes = 156 | Actor Steps = 7800 | Delta Dist = 4.565 | Delta Dist 10 = 3.839 | Delta Dist 100 = 3.673 | Delta Dist 1000 = 3.673 | Episode Length = 50 | Episode Return = 0.0 | Evaluator Episodes = 41 | Evaluator Steps = 2050 | Final Dist = 8.241 | Final Dist 10 = 8.967 | Final Dist 100 = 9.134 | Final Dist 1000 = 9.134 | Init Dist = 12.806 | Init Dist 10 = 12.806 | Init Dist 100 = 12.806 | Init Dist 1000 = 12.806 | Min Dist = 8.078 | Min Dist 10 = 7.831 | Min Dist 100 = 7.870 | Min Dist 1000 = 7.870 | Steps Per Second = 57.208 | Success = 0.000 | Success 1000 = 0.000
I0502 15:06:00.551806 139557462840896 terminal.py:91] [Actor] Actor Episodes = 157 | Actor Steps = 7850 | Delta Dist = 7.757 | Delta Dist 10 = -0.166 | Delta Dist 100 = -0.634 | Delta Dist 1000 = -0.383 | Episode Length = 50 | Episode Return = 4.0 | Evaluator Episodes = 39 | Evaluator Steps = 1950 | Final Dist = 3.645 | Final Dist 10 = 6.780 | Final Dist 100 = 6.720 | Final Dist 1000 = 6.337 | Init Dist = 11.402 | Init Dist 10 = 6.614 | Init Dist 100 = 6.086 | Init Dist 1000 = 5.953 | Min Dist = 0.237 | Min Dist 10 = 1.558 | Min Dist 100 = 2.126 | Min Dist 1000 = 2.458 | Steps Per Second = 69.184 | Success = 1.000 | Success 1000 = 0.200
I0502 15:06:01.495929 139579566835264 terminal.py:91] [Evaluator] Actor Episodes = 166 | Actor Steps = 8300 | Delta Dist = 5.444 | Delta Dist 10 = 3.790 | Delta Dist 100 = 3.697 | Delta Dist 1000 = 3.697 | Episode Length = 50 | Episode Return = 0.0 | Evaluator Episodes = 43 | Evaluator Steps = 2150 | Final Dist = 7.362 | Final Dist 10 = 9.016 | Final Dist 100 = 9.109 | Final Dist 1000 = 9.109 | Init Dist = 12.806 | Init Dist 10 = 12.806 | Init Dist 100 = 12.806 | Init Dist 1000 = 12.806 | Min Dist = 7.362 | Min Dist 10 = 8.143 | Min Dist 100 = 7.887 | Min Dist 1000 = 7.887 | Steps Per Second = 63.100 | Success = 0.000 | Success 1000 = 0.000
I0502 15:06:02.767984 139579566835264 terminal.py:91] [Evaluator] Actor Episodes = 172 | Actor Steps = 8600 | Delta Dist = 4.544 | Delta Dist 10 = 4.318 | Delta Dist 100 = 3.740 | Delta Dist 1000 = 3.740 | Episode Length = 50 | Episode Return = 0.0 | Evaluator Episodes = 45 | Evaluator Steps = 2250 | Final Dist = 8.262 | Final Dist 10 = 8.488 | Final Dist 100 = 9.066 | Final Dist 1000 = 9.066 | Init Dist = 12.806 | Init Dist 10 = 12.806 | Init Dist 100 = 12.806 | Init Dist 1000 = 12.806 | Min Dist = 7.542 | Min Dist 10 = 7.856 | Min Dist 100 = 7.856 | Min Dist 1000 = 7.856 | Steps Per Second = 81.023 | Success = 0.000 | Success 1000 = 0.000
I0502 15:06:03.899080 139584504182336 lp_utils.py:96] StepsLimiter: Reached 8900 recorded steps
I0502 15:06:04.311567 139579566835264 terminal.py:91] [Evaluator] Actor Episodes = 180 | Actor Steps = 9000 | Delta Dist = 2.667 | Delta Dist 10 = 4.399 | Delta Dist 100 = 3.743 | Delta Dist 1000 = 3.743 | Episode Length = 50 | Episode Return = 0.0 | Evaluator Episodes = 47 | Evaluator Steps = 2350 | Final Dist = 10.139 | Final Dist 10 = 8.407 | Final Dist 100 = 9.064 | Final Dist 1000 = 9.064 | Init Dist = 12.806 | Init Dist 10 = 12.806 | Init Dist 100 = 12.806 | Init Dist 1000 = 12.806 | Min Dist = 8.880 | Min Dist 10 = 7.712 | Min Dist 100 = 7.861 | Min Dist 1000 = 7.861 | Steps Per Second = 57.490 | Success = 0.000 | Success 1000 = 0.000
I0502 15:06:05.992309 139579566835264 terminal.py:91] [Evaluator] Actor Episodes = 188 | Actor Steps = 9400 | Delta Dist = 6.082 | Delta Dist 10 = 4.401 | Delta Dist 100 = 3.758 | Delta Dist 1000 = 3.758 | Episode Length = 50 | Episode Return = 0.0 | Evaluator Episodes = 49 | Evaluator Steps = 2450 | Final Dist = 6.724 | Final Dist 10 = 8.405 | Final Dist 100 = 9.048 | Final Dist 1000 = 9.048 | Init Dist = 12.806 | Init Dist 10 = 12.806 | Init Dist 100 = 12.806 | Init Dist 1000 = 12.806 | Min Dist = 6.050 | Min Dist 10 = 7.608 | Min Dist 100 = 7.870 | Min Dist 1000 = 7.870 | Steps Per Second = 61.314 | Success = 0.000 | Success 1000 = 0.000
W0502 15:06:07.598719 139583350109760 __init__.py:773] The use of `check_types` is deprecated and does not have any effect.
W0502 15:06:07.718760 139583350109760 __init__.py:773] The use of `check_types` is deprecated and does not have any effect.
W0502 15:06:07.724007 139583350109760 __init__.py:773] The use of `check_types` is deprecated and does not have any effect.
W0502 15:06:07.725468 139583350109760 __init__.py:773] The use of `check_types` is deprecated and does not have any effect.
W0502 15:06:07.725877 139583350109760 __init__.py:773] The use of `check_types` is deprecated and does not have any effect.
W0502 15:06:07.726401 139583350109760 __init__.py:773] The use of `check_types` is deprecated and does not have any effect.
W0502 15:06:07.743820 139583350109760 __init__.py:773] The use of `check_types` is deprecated and does not have any effect.
W0502 15:06:07.744001 139583350109760 __init__.py:773] The use of `check_types` is deprecated and does not have any effect.
W0502 15:06:07.744580 139583350109760 __init__.py:773] The use of `check_types` is deprecated and does not have any effect.
W0502 15:06:07.745591 139583350109760 __init__.py:773] The use of `check_types` is deprecated and does not have any effect.
W0502 15:06:07.747527 139583350109760 __init__.py:773] The use of `check_types` is deprecated and does not have any effect.
W0502 15:06:07.747883 139583350109760 __init__.py:773] The use of `check_types` is deprecated and does not have any effect.
W0502 15:06:07.749265 139583350109760 __init__.py:773] The use of `check_types` is deprecated and does not have any effect.
I0502 15:06:08.843008 139579566835264 terminal.py:91] [Evaluator] Actor Episodes = 197 | Actor Steps = 9850 | Delta Dist = 4.603 | Delta Dist 10 = 4.236 | Delta Dist 100 = 3.785 | Delta Dist 1000 = 3.785 | Episode Length = 50 | Episode Return = 0.0 | Evaluator Episodes = 51 | Evaluator Steps = 2550 | Final Dist = 8.203 | Final Dist 10 = 8.570 | Final Dist 100 = 9.021 | Final Dist 1000 = 9.021 | Init Dist = 12.806 | Init Dist 10 = 12.806 | Init Dist 100 = 12.806 | Init Dist 1000 = 12.806 | Min Dist = 7.443 | Min Dist 10 = 7.596 | Min Dist 100 = 7.815 | Min Dist 1000 = 7.815 | Steps Per Second = 24.911 | Success = 0.000 | Success 1000 = 0.000
I0502 15:06:09.187276 139569349502528 terminal.py:91] [Actor] Actor Episodes = 198 | Actor Steps = 9900 | Delta Dist = 5.634 | Delta Dist 10 = -0.005 | Delta Dist 100 = -0.514 | Delta Dist 1000 = -0.281 | Episode Length = 50 | Episode Return = 0.0 | Evaluator Episodes = 49 | Evaluator Steps = 2450 | Final Dist = 4.662 | Final Dist 10 = 5.938 | Final Dist 100 = 6.491 | Final Dist 1000 = 6.214 | Init Dist = 10.296 | Init Dist 10 = 5.933 | Init Dist 100 = 5.977 | Init Dist 1000 = 5.933 | Min Dist = 4.007 | Min Dist 10 = 1.953 | Min Dist 100 = 1.981 | Min Dist 1000 = 2.364 | Steps Per Second = 104.645 | Success = 0.000 | Success 1000 = 0.239
I0502 15:06:13.918273 139584504182336 lp_utils.py:96] StepsLimiter: Reached 10000 recorded steps
I0502 15:06:14.968731 139557462840896 terminal.py:91] [Actor] Actor Episodes = 202 | Actor Steps = 10100 | Delta Dist = -2.550 | Delta Dist 10 = -0.117 | Delta Dist 100 = -0.405 | Delta Dist 1000 = -0.270 | Episode Length = 50 | Episode Return = 0.0 | Evaluator Episodes = 51 | Evaluator Steps = 2550 | Final Dist = 9.550 | Final Dist 10 = 6.542 | Final Dist 100 = 6.368 | Final Dist 1000 = 6.200 | Init Dist = 7.000 | Init Dist 10 = 6.425 | Init Dist 100 = 5.963 | Init Dist 1000 = 5.930 | Min Dist = 0.426 | Min Dist 10 = 3.134 | Min Dist 100 = 2.005 | Min Dist 1000 = 2.400 | Steps Per Second = 8.741 | Success = 1.000 | Success 1000 = 0.237
I0502 15:06:15.045698 139555860620864 terminal.py:91] [Actor] Actor Episodes = 203 | Actor Steps = 10150 | Delta Dist = -6.266 | Delta Dist 10 = 0.437 | Delta Dist 100 = -0.341 | Delta Dist 1000 = -0.242 | Episode Length = 50 | Episode Return = 0.0 | Evaluator Episodes = 51 | Evaluator Steps = 2550 | Final Dist = 7.680 | Final Dist 10 = 5.625 | Final Dist 100 = 6.329 | Final Dist 1000 = 6.177 | Init Dist = 1.414 | Init Dist 10 = 6.062 | Init Dist 100 = 5.988 | Init Dist 1000 = 5.935 | Min Dist = 1.219 | Min Dist 10 = 2.970 | Min Dist 100 = 1.965 | Min Dist 1000 = 2.391 | Steps Per Second = 8.184 | Success = 0.000 | Success 1000 = 0.241
I0502 15:06:15.074945 139579566835264 terminal.py:91] [Evaluator] Actor Episodes = 205 | Actor Steps = 10250 | Delta Dist = 0.669 | Delta Dist 10 = 4.261 | Delta Dist 100 = 3.806 | Delta Dist 1000 = 3.806 | Episode Length = 50 | Episode Return = 0.0 | Evaluator Episodes = 53 | Evaluator Steps = 2650 | Final Dist = 12.137 | Final Dist 10 = 8.546 | Final Dist 100 = 9.001 | Final Dist 1000 = 9.001 | Init Dist = 12.806 | Init Dist 10 = 12.806 | Init Dist 100 = 12.806 | Init Dist 1000 = 12.806 | Min Dist = 7.026 | Min Dist 10 = 7.527 | Min Dist 100 = 7.818 | Min Dist 1000 = 7.818 | Steps Per Second = 8.650 | Success = 0.000 | Success 1000 = 0.000
I0502 15:06:15.077159 139558059398720 terminal.py:91] [Actor] Actor Episodes = 207 | Actor Steps = 10350 | Delta Dist = 0.291 | Delta Dist 10 = 0.173 | Delta Dist 100 = -0.435 | Delta Dist 1000 = -0.258 | Episode Length = 50 | Episode Return = 8.0 | Evaluator Episodes = 53 | Evaluator Steps = 2650 | Final Dist = 1.123 | Final Dist 10 = 5.269 | Final Dist 100 = 6.257 | Final Dist 1000 = 6.158 | Init Dist = 1.414 | Init Dist 10 = 5.442 | Init Dist 100 = 5.822 | Init Dist 1000 = 5.900 | Min Dist = 1.123 | Min Dist 10 = 2.834 | Min Dist 100 = 1.918 | Min Dist 1000 = 2.377 | Steps Per Second = 8.698 | Success = 0.000 | Success 1000 = 0.244
I0502 15:06:15.797088 139583350109760 savers.py:156] Saving checkpoint: logs/contrastive_cpc_point_FourRooms_64/5dd72662-2788-11f0-b183-d85ed38c5779/checkpoints/learner
I0502 15:06:15.818032 139555013154368 terminal.py:91] [Learner] Actor Episodes = 207 | Actor Loss = 2.75836181640625 | Actor Steps = 10350 | Binary Accuracy = 0.903620719909668 | Categorical Accuracy = 0.0267333984375 | Critic Loss = 4.743709564208984 | Entropy Mean = -13.94354248046875 | Evaluator Episodes = 53 | Evaluator Steps = 2650 | Learner Steps = 1 | Learner Walltime = 0 | Logits Neg = -4.9824419021606445 | Logits Pos = -0.6858438849449158 | Logsumexp = 16.643129348754883 | Steps Per Second = 0.000
I0502 15:06:23.610340 139584635659840 savers.py:156] Saving checkpoint: logs/contrastive_cpc_point_FourRooms_64/5dd72662-2788-11f0-b183-d85ed38c5779/checkpoints/counter
I0502 15:06:24.418171 139584504182336 lp_utils.py:96] StepsLimiter: Reached 10400 recorded steps
I0502 15:06:26.968426 139569349502528 terminal.py:91] [Actor] Actor Episodes = 210 | Actor Steps = 10500 | Delta Dist = 5.794 | Delta Dist 10 = 0.686 | Delta Dist 100 = -0.202 | Delta Dist 1000 = -0.228 | Episode Length = 50 | Episode Return = 0.0 | Evaluator Episodes = 53 | Evaluator Steps = 2650 | Final Dist = 1.417 | Final Dist 10 = 4.001 | Final Dist 100 = 5.922 | Final Dist 1000 = 6.109 | Init Dist = 7.211 | Init Dist 10 = 4.687 | Init Dist 100 = 5.721 | Init Dist 1000 = 5.880 | Learner Steps = 9 | Learner Walltime = 5.071 | Min Dist = 0.314 | Min Dist 10 = 1.895 | Min Dist 100 = 1.865 | Min Dist 1000 = 2.352 | Steps Per Second = 4.575 | Success = 1.000 | Success 1000 = 0.243
I0502 15:06:27.088395 139555013154368 terminal.py:91] [Learner] Actor Episodes = 210 | Actor Loss = 6.542648792266846 | Actor Steps = 10500 | Binary Accuracy = 0.9949781894683838 | Categorical Accuracy = 0.08563232421875 | Critic Loss = 4.104893684387207 | Entropy Mean = -25.88711929321289 | Evaluator Episodes = 53 | Evaluator Steps = 2650 | Learner Steps = 11 | Learner Walltime = 11.288 | Logits Neg = -10.569562911987305 | Logits Pos = -4.425771236419678 | Logsumexp = 2.680887222290039 | Steps Per Second = 11.484
I0502 15:06:29.033075 139557462840896 terminal.py:91] [Actor] Actor Episodes = 217 | Actor Steps = 10850 | Delta Dist = -0.229 | Delta Dist 10 = 3.176 | Delta Dist 100 = 0.178 | Delta Dist 1000 = -0.091 | Episode Length = 50 | Episode Return = 3.0 | Evaluator Episodes = 53 | Evaluator Steps = 2650 | Final Dist = 2.229 | Final Dist 10 = 3.574 | Final Dist 100 = 5.597 | Final Dist 1000 = 6.002 | Init Dist = 2.000 | Init Dist 10 = 6.750 | Init Dist 100 = 5.775 | Init Dist 1000 = 5.911 | Learner Steps = 15 | Learner Walltime = 12.431 | Min Dist = 0.481 | Min Dist 10 = 2.572 | Min Dist 100 = 1.870 | Min Dist 1000 = 2.365 | Steps Per Second = 3.781 | Success = 1.000 | Success 1000 = 0.238
I0502 15:06:29.193099 139555860620864 terminal.py:91] [Actor] Actor Episodes = 222 | Actor Steps = 11100 | Delta Dist = -2.764 | Delta Dist 10 = 2.940 | Delta Dist 100 = 0.145 | Delta Dist 1000 = -0.087 | Episode Length = 50 | Episode Return = 0.0 | Evaluator Episodes = 53 | Evaluator Steps = 2650 | Final Dist = 5.000 | Final Dist 10 = 3.551 | Final Dist 100 = 5.546 | Final Dist 1000 = 5.994 | Init Dist = 2.236 | Init Dist 10 = 6.492 | Init Dist 100 = 5.691 | Init Dist 1000 = 5.908 | Learner Steps = 15 | Learner Walltime = 12.431 | Min Dist = 2.236 | Min Dist 10 = 2.449 | Min Dist 100 = 1.853 | Min Dist 1000 = 2.356 | Steps Per Second = 3.756 | Success = 0.000 | Success 1000 = 0.241
I0502 15:06:29.485946 139579566835264 terminal.py:91] [Evaluator] Actor Episodes = 222 | Actor Steps = 11100 | Delta Dist = 5.576 | Delta Dist 10 = 3.902 | Delta Dist 100 = 3.770 | Delta Dist 1000 = 3.770 | Episode Length = 50 | Episode Return = 0.0 | Evaluator Episodes = 55 | Evaluator Steps = 2750 | Final Dist = 7.231 | Final Dist 10 = 8.905 | Final Dist 100 = 9.037 | Final Dist 1000 = 9.037 | Init Dist = 12.806 | Init Dist 10 = 12.806 | Init Dist 100 = 12.806 | Init Dist 1000 = 12.806 | Learner Steps = 18 | Learner Walltime = 13.482 | Min Dist = 7.114 | Min Dist 10 = 7.531 | Min Dist 100 = 7.796 | Min Dist 1000 = 7.796 | Steps Per Second = 3.703 | Success = 0.000 | Success 1000 = 0.000
I0502 15:06:29.579425 139558059398720 terminal.py:91] [Actor] Actor Episodes = 223 | Actor Steps = 11150 | Delta Dist = 2.500 | Delta Dist 10 = 2.404 | Delta Dist 100 = 0.176 | Delta Dist 1000 = -0.085 | Episode Length = 50 | Episode Return = 5.0 | Evaluator Episodes = 55 | Evaluator Steps = 2750 | Final Dist = 2.500 | Final Dist 10 = 3.590 | Final Dist 100 = 5.452 | Final Dist 1000 = 5.976 | Init Dist = 5.000 | Init Dist 10 = 5.994 | Init Dist 100 = 5.628 | Init Dist 1000 = 5.891 | Learner Steps = 18 | Learner Walltime = 13.482 | Min Dist = 0.438 | Min Dist 10 = 2.599 | Min Dist 100 = 1.823 | Min Dist 1000 = 2.354 | Steps Per Second = 3.717 | Success = 1.000 | Success 1000 = 0.240
I0502 15:06:30.882300 139579566835264 terminal.py:91] [Evaluator] Actor Episodes = 229 | Actor Steps = 11450 | Delta Dist = 6.300 | Delta Dist 10 = 4.395 | Delta Dist 100 = 3.859 | Delta Dist 1000 = 3.859 | Episode Length = 50 | Episode Return = 0.0 | Evaluator Episodes = 57 | Evaluator Steps = 2850 | Final Dist = 6.506 | Final Dist 10 = 8.411 | Final Dist 100 = 8.947 | Final Dist 1000 = 8.947 | Init Dist = 12.806 | Init Dist 10 = 12.806 | Init Dist 100 = 12.806 | Init Dist 1000 = 12.806 | Learner Steps = 24 | Learner Walltime = 14.836 | Min Dist = 5.837 | Min Dist 10 = 7.230 | Min Dist 100 = 7.748 | Min Dist 1000 = 7.748 | Steps Per Second = 74.256 | Success = 0.000 | Success 1000 = 0.000
I0502 15:06:31.984043 139579566835264 terminal.py:91] [Evaluator] Actor Episodes = 237 | Actor Steps = 11850 | Delta Dist = 9.659 | Delta Dist 10 = 4.899 | Delta Dist 100 = 3.955 | Delta Dist 1000 = 3.955 | Episode Length = 50 | Episode Return = 0.0 | Evaluator Episodes = 59 | Evaluator Steps = 2950 | Final Dist = 3.147 | Final Dist 10 = 7.907 | Final Dist 100 = 8.852 | Final Dist 1000 = 8.852 | Init Dist = 12.806 | Init Dist 10 = 12.806 | Init Dist 100 = 12.806 | Init Dist 1000 = 12.806 | Learner Steps = 30 | Learner Walltime = 16.070 | Min Dist = 3.147 | Min Dist 10 = 6.784 | Min Dist 100 = 7.683 | Min Dist 1000 = 7.683 | Steps Per Second = 97.277 | Success = 0.000 | Success 1000 = 0.000
I0502 15:06:33.398973 139579566835264 terminal.py:91] [Evaluator] Actor Episodes = 245 | Actor Steps = 12250 | Delta Dist = 3.335 | Delta Dist 10 = 5.186 | Delta Dist 100 = 4.028 | Delta Dist 1000 = 4.028 | Episode Length = 50 | Episode Return = 0.0 | Evaluator Episodes = 62 | Evaluator Steps = 3100 | Final Dist = 9.472 | Final Dist 10 = 7.621 | Final Dist 100 = 8.778 | Final Dist 1000 = 8.778 | Init Dist = 12.806 | Init Dist 10 = 12.806 | Init Dist 100 = 12.806 | Init Dist 1000 = 12.806 | Learner Steps = 36 | Learner Walltime = 17.165 | Min Dist = 9.472 | Min Dist 10 = 6.944 | Min Dist 100 = 7.666 | Min Dist 1000 = 7.666 | Steps Per Second = 97.136 | Success = 0.000 | Success 1000 = 0.000
I0502 15:06:34.532073 139584504182336 lp_utils.py:96] StepsLimiter: Reached 12650 recorded steps
I0502 15:06:34.937144 139579566835264 terminal.py:91] [Evaluator] Actor Episodes = 255 | Actor Steps = 12750 | Delta Dist = 10.410 | Delta Dist 10 = 5.849 | Delta Dist 100 = 4.095 | Delta Dist 1000 = 4.095 | Episode Length = 50 | Episode Return = 0.0 | Evaluator Episodes = 65 | Evaluator Steps = 3250 | Final Dist = 2.396 | Final Dist 10 = 6.958 | Final Dist 100 = 8.712 | Final Dist 1000 = 8.712 | Init Dist = 12.806 | Init Dist 10 = 12.806 | Init Dist 100 = 12.806 | Init Dist 1000 = 12.806 | Learner Steps = 43 | Learner Walltime = 18.400 | Min Dist = 1.282 | Min Dist 10 = 6.721 | Min Dist 100 = 7.628 | Min Dist 1000 = 7.628 | Steps Per Second = 81.407 | Success = 0.000 | Success 1000 = 0.000
I0502 15:06:36.200173 139579566835264 terminal.py:91] [Evaluator] Actor Episodes = 263 | Actor Steps = 13150 | Delta Dist = 11.262 | Delta Dist 10 = 6.660 | Delta Dist 100 = 4.284 | Delta Dist 1000 = 4.284 | Episode Length = 50 | Episode Return = 0.0 | Evaluator Episodes = 67 | Evaluator Steps = 3350 | Final Dist = 1.544 | Final Dist 10 = 6.146 | Final Dist 100 = 8.523 | Final Dist 1000 = 8.523 | Init Dist = 12.806 | Init Dist 10 = 12.806 | Init Dist 100 = 12.806 | Init Dist 1000 = 12.806 | Learner Steps = 49 | Learner Walltime = 19.454 | Min Dist = 1.032 | Min Dist 10 = 5.694 | Min Dist 100 = 7.437 | Min Dist 1000 = 7.437 | Steps Per Second = 75.514 | Success = 0.000 | Success 1000 = 0.000
I0502 15:06:37.134902 139555013154368 terminal.py:91] [Learner] Actor Episodes = 269 | Actor Loss = 5.8938775062561035 | Actor Steps = 13450 | Binary Accuracy = 0.995929479598999 | Categorical Accuracy = 0.1597900390625 | Critic Loss = 3.6197149753570557 | Entropy Mean = -2.989495277404785 | Evaluator Episodes = 67 | Evaluator Steps = 3350 | Learner Steps = 59 | Learner Walltime = 21.330 | Logits Neg = -12.066427230834961 | Logits Pos = -3.607264995574951 | Logsumexp = 0.7291563749313354 | Steps Per Second = 271.126
I0502 15:06:37.435778 139579566835264 terminal.py:91] [Evaluator] Actor Episodes = 271 | Actor Steps = 13550 | Delta Dist = 6.853 | Delta Dist 10 = 7.143 | Delta Dist 100 = 4.424 | Delta Dist 1000 = 4.424 | Episode Length = 50 | Episode Return = 0.0 | Evaluator Episodes = 69 | Evaluator Steps = 3450 | Final Dist = 5.954 | Final Dist 10 = 5.663 | Final Dist 100 = 8.383 | Final Dist 1000 = 8.383 | Init Dist = 12.806 | Init Dist 10 = 12.806 | Init Dist 100 = 12.806 | Init Dist 1000 = 12.806 | Learner Steps = 56 | Learner Walltime = 20.756 | Min Dist = 5.869 | Min Dist 10 = 5.222 | Min Dist 100 = 7.321 | Min Dist 1000 = 7.321 | Steps Per Second = 83.934 | Success = 0.000 | Success 1000 = 0.000
I0502 15:06:37.490534 139569349502528 terminal.py:91] [Actor] Actor Episodes = 273 | Actor Steps = 13650 | Delta Dist = 6.907 | Delta Dist 10 = 3.364 | Delta Dist 100 = 1.962 | Delta Dist 1000 = 0.534 | Episode Length = 50 | Episode Return = 28.0 | Evaluator Episodes = 69 | Evaluator Steps = 3450 | Final Dist = 0.373 | Final Dist 10 = 2.214 | Final Dist 100 = 3.629 | Final Dist 1000 = 5.356 | Init Dist = 7.280 | Init Dist 10 = 5.578 | Init Dist 100 = 5.591 | Init Dist 1000 = 5.889 | Learner Steps = 56 | Learner Walltime = 20.756 | Min Dist = 0.190 | Min Dist 10 = 0.205 | Min Dist 100 = 1.493 | Min Dist 1000 = 2.097 | Steps Per Second = 75.007 | Success = 1.000 | Success 1000 = 0.317
I0502 15:06:38.680013 139579566835264 terminal.py:91] [Evaluator] Actor Episodes = 279 | Actor Steps = 13950 | Delta Dist = 10.890 | Delta Dist 10 = 7.162 | Delta Dist 100 = 4.486 | Delta Dist 1000 = 4.486 | Episode Length = 50 | Episode Return = 0.0 | Evaluator Episodes = 71 | Evaluator Steps = 3550 | Final Dist = 1.916 | Final Dist 10 = 5.644 | Final Dist 100 = 8.321 | Final Dist 1000 = 8.321 | Init Dist = 12.806 | Init Dist 10 = 12.806 | Init Dist 100 = 12.806 | Init Dist 1000 = 12.806 | Learner Steps = 62 | Learner Walltime = 21.974 | Min Dist = 1.156 | Min Dist 10 = 5.138 | Min Dist 100 = 7.280 | Min Dist 1000 = 7.280 | Steps Per Second = 84.307 | Success = 0.000 | Success 1000 = 0.000
I0502 15:06:39.543061 139557462840896 terminal.py:91] [Actor] Actor Episodes = 286 | Actor Steps = 14300 | Delta Dist = 1.279 | Delta Dist 10 = 1.942 | Delta Dist 100 = 2.371 | Delta Dist 1000 = 0.621 | Episode Length = 50 | Episode Return = 16.0 | Evaluator Episodes = 71 | Evaluator Steps = 3550 | Final Dist = 1.721 | Final Dist 10 = 4.293 | Final Dist 100 = 3.465 | Final Dist 1000 = 5.288 | Init Dist = 3.000 | Init Dist 10 = 6.235 | Init Dist 100 = 5.836 | Init Dist 1000 = 5.909 | Learner Steps = 68 | Learner Walltime = 23.023 | Min Dist = 0.164 | Min Dist 10 = 0.732 | Min Dist 100 = 1.351 | Min Dist 1000 = 2.031 | Steps Per Second = 84.557 | Success = 1.000 | Success 1000 = 0.346
I0502 15:06:39.584050 139555860620864 terminal.py:91] [Actor] Actor Episodes = 284 | Actor Steps = 14200 | Delta Dist = 8.414 | Delta Dist 10 = 1.358 | Delta Dist 100 = 2.388 | Delta Dist 1000 = 0.623 | Episode Length = 50 | Episode Return = 21.0 | Evaluator Episodes = 71 | Evaluator Steps = 3550 | Final Dist = 1.636 | Final Dist 10 = 4.148 | Final Dist 100 = 3.447 | Final Dist 1000 = 5.276 | Init Dist = 10.050 | Init Dist 10 = 5.505 | Init Dist 100 = 5.835 | Init Dist 1000 = 5.899 | Learner Steps = 68 | Learner Walltime = 23.023 | Min Dist = 0.365 | Min Dist 10 = 0.736 | Min Dist 100 = 1.332 | Min Dist 1000 = 2.025 | Steps Per Second = 78.677 | Success = 1.000 | Success 1000 = 0.349
I0502 15:06:39.940944 139579566835264 terminal.py:91] [Evaluator] Actor Episodes = 287 | Actor Steps = 14350 | Delta Dist = 10.476 | Delta Dist 10 = 8.765 | Delta Dist 100 = 4.677 | Delta Dist 1000 = 4.677 | Episode Length = 50 | Episode Return = 0.0 | Evaluator Episodes = 73 | Evaluator Steps = 3650 | Final Dist = 2.330 | Final Dist 10 = 4.041 | Final Dist 100 = 8.130 | Final Dist 1000 = 8.130 | Init Dist = 12.806 | Init Dist 10 = 12.806 | Init Dist 100 = 12.806 | Init Dist 1000 = 12.806 | Learner Steps = 68 | Learner Walltime = 23.023 | Min Dist = 2.203 | Min Dist 10 = 3.368 | Min Dist 100 = 7.095 | Min Dist 1000 = 7.095 | Steps Per Second = 77.505 | Success = 0.000 | Success 1000 = 0.014
I0502 15:06:39.969271 139558059398720 terminal.py:91] [Actor] Actor Episodes = 288 | Actor Steps = 14400 | Delta Dist = 4.797 | Delta Dist 10 = 1.483 | Delta Dist 100 = 2.482 | Delta Dist 1000 = 0.642 | Episode Length = 50 | Episode Return = 27.0 | Evaluator Episodes = 71 | Evaluator Steps = 3550 | Final Dist = 1.034 | Final Dist 10 = 4.227 | Final Dist 100 = 3.425 | Final Dist 1000 = 5.271 | Init Dist = 5.831 | Init Dist 10 = 5.710 | Init Dist 100 = 5.907 | Init Dist 1000 = 5.913 | Learner Steps = 68 | Learner Walltime = 23.023 | Min Dist = 0.125 | Min Dist 10 = 0.678 | Min Dist 100 = 1.312 | Min Dist 1000 = 2.019 | Steps Per Second = 78.592 | Success = 1.000 | Success 1000 = 0.351
I0502 15:06:41.199025 139579566835264 terminal.py:91] [Evaluator] Actor Episodes = 295 | Actor Steps = 14750 | Delta Dist = 6.482 | Delta Dist 10 = 9.559 | Delta Dist 100 = 4.833 | Delta Dist 1000 = 4.833 | Episode Length = 50 | Episode Return = 0.0 | Evaluator Episodes = 75 | Evaluator Steps = 3750 | Final Dist = 6.324 | Final Dist 10 = 3.248 | Final Dist 100 = 7.973 | Final Dist 1000 = 7.973 | Init Dist = 12.806 | Init Dist 10 = 12.806 | Init Dist 100 = 12.806 | Init Dist 1000 = 12.806 | Learner Steps = 74 | Learner Walltime = 24.342 | Min Dist = 5.890 | Min Dist 10 = 2.720 | Min Dist 100 = 6.964 | Min Dist 1000 = 6.964 | Steps Per Second = 71.378 | Success = 0.000 | Success 1000 = 0.014
I0502 15:06:42.392058 139579566835264 terminal.py:91] [Evaluator] Actor Episodes = 303 | Actor Steps = 15150 | Delta Dist = 9.199 | Delta Dist 10 = 8.686 | Delta Dist 100 = 4.863 | Delta Dist 1000 = 4.863 | Episode Length = 50 | Episode Return = 0.0 | Evaluator Episodes = 77 | Evaluator Steps = 3850 | Final Dist = 3.607 | Final Dist 10 = 4.120 | Final Dist 100 = 7.943 | Final Dist 1000 = 7.943 | Init Dist = 12.806 | Init Dist 10 = 12.806 | Init Dist 100 = 12.806 | Init Dist 1000 = 12.806 | Learner Steps = 80 | Learner Walltime = 25.605 | Min Dist = 1.548 | Min Dist 10 = 3.631 | Min Dist 100 = 6.936 | Min Dist 1000 = 6.936 | Steps Per Second = 85.457 | Success = 0.000 | Success 1000 = 0.013
I0502 15:06:43.620841 139579566835264 terminal.py:91] [Evaluator] Actor Episodes = 311 | Actor Steps = 15550 | Delta Dist = 9.292 | Delta Dist 10 = 8.790 | Delta Dist 100 = 4.983 | Delta Dist 1000 = 4.983 | Episode Length = 50 | Episode Return = 12.0 | Evaluator Episodes = 79 | Evaluator Steps = 3950 | Final Dist = 3.514 | Final Dist 10 = 4.016 | Final Dist 100 = 7.823 | Final Dist 1000 = 7.823 | Init Dist = 12.806 | Init Dist 10 = 12.806 | Init Dist 100 = 12.806 | Init Dist 1000 = 12.806 | Learner Steps = 86 | Learner Walltime = 26.743 | Min Dist = 0.624 | Min Dist 10 = 3.188 | Min Dist 100 = 6.791 | Min Dist 1000 = 6.791 | Steps Per Second = 81.922 | Success = 1.000 | Success 1000 = 0.026
I0502 15:06:44.552746 139584504182336 lp_utils.py:96] StepsLimiter: Reached 15950 recorded steps
I0502 15:06:44.712012 139579566835264 terminal.py:91] [Evaluator] Actor Episodes = 319 | Actor Steps = 15950 | Delta Dist = 11.451 | Delta Dist 10 = 9.587 | Delta Dist 100 = 5.123 | Delta Dist 1000 = 5.123 | Episode Length = 50 | Episode Return = 9.0 | Evaluator Episodes = 81 | Evaluator Steps = 4050 | Final Dist = 1.356 | Final Dist 10 = 3.219 | Final Dist 100 = 7.683 | Final Dist 1000 = 7.683 | Init Dist = 12.806 | Init Dist 10 = 12.806 | Init Dist 100 = 12.806 | Init Dist 1000 = 12.806 | Learner Steps = 92 | Learner Walltime = 28.043 | Min Dist = 0.629 | Min Dist 10 = 2.103 | Min Dist 100 = 6.633 | Min Dist 1000 = 6.633 | Steps Per Second = 92.691 | Success = 1.000 | Success 1000 = 0.050
I0502 15:06:45.965428 139579566835264 terminal.py:91] [Evaluator] Actor Episodes = 327 | Actor Steps = 16350 | Delta Dist = 9.354 | Delta Dist 10 = 9.609 | Delta Dist 100 = 5.278 | Delta Dist 1000 = 5.278 | Episode Length = 50 | Episode Return = 3.0 | Evaluator Episodes = 83 | Evaluator Steps = 4150 | Final Dist = 3.452 | Final Dist 10 = 3.197 | Final Dist 100 = 7.528 | Final Dist 1000 = 7.528 | Init Dist = 12.806 | Init Dist 10 = 12.806 | Init Dist 100 = 12.806 | Init Dist 1000 = 12.806 | Learner Steps = 98 | Learner Walltime = 29.141 | Min Dist = 0.754 | Min Dist 10 = 2.053 | Min Dist 100 = 6.480 | Min Dist 1000 = 6.480 | Steps Per Second = 78.936 | Success = 1.000 | Success 1000 = 0.073
I0502 15:06:47.140195 139579566835264 terminal.py:91] [Evaluator] Actor Episodes = 335 | Actor Steps = 16750 | Delta Dist = 11.792 | Delta Dist 10 = 8.574 | Delta Dist 100 = 5.278 | Delta Dist 1000 = 5.278 | Episode Length = 50 | Episode Return = 29.0 | Evaluator Episodes = 85 | Evaluator Steps = 4250 | Final Dist = 1.015 | Final Dist 10 = 4.232 | Final Dist 100 = 7.528 | Final Dist 1000 = 7.528 | Init Dist = 12.806 | Init Dist 10 = 12.806 | Init Dist 100 = 12.806 | Init Dist 1000 = 12.806 | Learner Steps = 105 | Learner Walltime = 30.557 | Min Dist = 0.043 | Min Dist 10 = 2.338 | Min Dist 100 = 6.414 | Min Dist 1000 = 6.414 | Steps Per Second = 78.152 | Success = 1.000 | Success 1000 = 0.083
I0502 15:06:47.374502 139555013154368 terminal.py:91] [Learner] Actor Episodes = 339 | Actor Loss = 5.630391597747803 | Actor Steps = 16950 | Binary Accuracy = 0.9958469867706299 | Categorical Accuracy = 0.19873046875 | Critic Loss = 3.2841637134552 | Entropy Mean = -19.769672393798828 | Evaluator Episodes = 85 | Evaluator Steps = 4250 | Learner Steps = 111 | Learner Walltime = 31.569 | Logits Neg = -12.108169555664062 | Logits Pos = -3.2772579193115234 | Logsumexp = 1.0184086561203003 | Steps Per Second = 224.698
I0502 15:06:47.566844 139569349502528 terminal.py:91] [Actor] Actor Episodes = 341 | Actor Steps = 17050 | Delta Dist = 6.860 | Delta Dist 10 = 0.723 | Delta Dist 100 = 2.482 | Delta Dist 1000 = 0.847 | Episode Length = 50 | Episode Return = 23.0 | Evaluator Episodes = 85 | Evaluator Steps = 4250 | Final Dist = 0.755 | Final Dist 10 = 4.465 | Final Dist 100 = 3.398 | Final Dist 1000 = 5.055 | Init Dist = 7.616 | Init Dist 10 = 5.188 | Init Dist 100 = 5.880 | Init Dist 1000 = 5.902 | Learner Steps = 111 | Learner Walltime = 31.569 | Min Dist = 0.055 | Min Dist 10 = 0.543 | Min Dist 100 = 0.919 | Min Dist 1000 = 1.883 | Steps Per Second = 80.403 | Success = 1.000 | Success 1000 = 0.404
I0502 15:06:48.253493 139579566835264 terminal.py:91] [Evaluator] Actor Episodes = 343 | Actor Steps = 17150 | Delta Dist = -0.022 | Delta Dist 10 = 9.749 | Delta Dist 100 = 5.431 | Delta Dist 1000 = 5.431 | Episode Length = 50 | Episode Return = 0.0 | Evaluator Episodes = 87 | Evaluator Steps = 4350 | Final Dist = 12.829 | Final Dist 10 = 3.057 | Final Dist 100 = 7.375 | Final Dist 1000 = 7.375 | Init Dist = 12.806 | Init Dist 10 = 12.806 | Init Dist 100 = 12.806 | Init Dist 1000 = 12.806 | Learner Steps = 111 | Learner Walltime = 31.569 | Min Dist = 11.029 | Min Dist 10 = 1.235 | Min Dist 100 = 6.273 | Min Dist 1000 = 6.273 | Steps Per Second = 91.645 | Success = 0.000 | Success 1000 = 0.105
I0502 15:06:49.309752 139579566835264 terminal.py:91] [Evaluator] Actor Episodes = 351 | Actor Steps = 17550 | Delta Dist = 0.003 | Delta Dist 10 = 7.832 | Delta Dist 100 = 5.307 | Delta Dist 1000 = 5.307 | Episode Length = 50 | Episode Return = 0.0 | Evaluator Episodes = 89 | Evaluator Steps = 4450 | Final Dist = 12.804 | Final Dist 10 = 4.974 | Final Dist 100 = 7.499 | Final Dist 1000 = 7.499 | Init Dist = 12.806 | Init Dist 10 = 12.806 | Init Dist 100 = 12.806 | Init Dist 1000 = 12.806 | Learner Steps = 118 | Learner Walltime = 32.774 | Min Dist = 10.839 | Min Dist 10 = 2.724 | Min Dist 100 = 6.329 | Min Dist 1000 = 6.329 | Steps Per Second = 101.403 | Success = 0.000 | Success 1000 = 0.102
I0502 15:06:49.748396 139555860620864 terminal.py:91] [Actor] Actor Episodes = 353 | Actor Steps = 17650 | Delta Dist = -0.010 | Delta Dist 10 = 1.100 | Delta Dist 100 = 2.332 | Delta Dist 1000 = 0.877 | Episode Length = 50 | Episode Return = 0.0 | Evaluator Episodes = 89 | Evaluator Steps = 4450 | Final Dist = 5.395 | Final Dist 10 = 5.870 | Final Dist 100 = 3.653 | Final Dist 1000 = 5.040 | Init Dist = 5.385 | Init Dist 10 = 6.969 | Init Dist 100 = 5.985 | Init Dist 1000 = 5.917 | Learner Steps = 123 | Learner Walltime = 33.899 | Min Dist = 2.994 | Min Dist 10 = 0.729 | Min Dist 100 = 0.886 | Min Dist 1000 = 1.832 | Steps Per Second = 115.968 | Success = 0.000 | Success 1000 = 0.426
I0502 15:06:49.824991 139557462840896 terminal.py:91] [Actor] Actor Episodes = 355 | Actor Steps = 17750 | Delta Dist = -1.392 | Delta Dist 10 = 0.337 | Delta Dist 100 = 2.321 | Delta Dist 1000 = 0.874 | Episode Length = 50 | Episode Return = 0.0 | Evaluator Episodes = 89 | Evaluator Steps = 4450 | Final Dist = 5.392 | Final Dist 10 = 6.276 | Final Dist 100 = 3.698 | Final Dist 1000 = 5.041 | Init Dist = 4.000 | Init Dist 10 = 6.614 | Init Dist 100 = 6.019 | Init Dist 1000 = 5.915 | Learner Steps = 123 | Learner Walltime = 33.899 | Min Dist = 3.019 | Min Dist 10 = 0.931 | Min Dist 100 = 0.907 | Min Dist 1000 = 1.835 | Steps Per Second = 79.919 | Success = 0.000 | Success 1000 = 0.424
I0502 15:06:50.174101 139558059398720 terminal.py:91] [Actor] Actor Episodes = 357 | Actor Steps = 17850 | Delta Dist = -1.559 | Delta Dist 10 = 0.448 | Delta Dist 100 = 2.288 | Delta Dist 1000 = 0.868 | Episode Length = 50 | Episode Return = 0.0 | Evaluator Episodes = 89 | Evaluator Steps = 4450 | Final Dist = 5.802 | Final Dist 10 = 5.759 | Final Dist 100 = 3.740 | Final Dist 1000 = 5.042 | Init Dist = 4.243 | Init Dist 10 = 6.207 | Init Dist 100 = 6.028 | Init Dist 1000 = 5.910 | Learner Steps = 123 | Learner Walltime = 33.899 | Min Dist = 0.169 | Min Dist 10 = 1.226 | Min Dist 100 = 0.928 | Min Dist 1000 = 1.839 | Steps Per Second = 83.697 | Success = 1.000 | Success 1000 = 0.423
I0502 15:06:50.700100 139579566835264 terminal.py:91] [Evaluator] Actor Episodes = 359 | Actor Steps = 17950 | Delta Dist = 11.811 | Delta Dist 10 = 4.569 | Delta Dist 100 = 5.132 | Delta Dist 1000 = 5.132 | Episode Length = 50 | Episode Return = 7.0 | Evaluator Episodes = 92 | Evaluator Steps = 4600 | Final Dist = 0.995 | Final Dist 10 = 8.237 | Final Dist 100 = 7.674 | Final Dist 1000 = 7.674 | Init Dist = 12.806 | Init Dist 10 = 12.806 | Init Dist 100 = 12.806 | Init Dist 1000 = 12.806 | Learner Steps = 123 | Learner Walltime = 33.899 | Min Dist = 0.968 | Min Dist 10 = 5.436 | Min Dist 100 = 6.435 | Min Dist 1000 = 6.435 | Steps Per Second = 103.451 | Success = 1.000 | Success 1000 = 0.099
I0502 15:06:51.806358 139579566835264 terminal.py:91] [Evaluator] Actor Episodes = 367 | Actor Steps = 18350 | Delta Dist = 11.000 | Delta Dist 10 = 4.814 | Delta Dist 100 = 5.272 | Delta Dist 1000 = 5.272 | Episode Length = 50 | Episode Return = 2.0 | Evaluator Episodes = 94 | Evaluator Steps = 4700 | Final Dist = 1.806 | Final Dist 10 = 7.992 | Final Dist 100 = 7.534 | Final Dist 1000 = 7.534 | Init Dist = 12.806 | Init Dist 10 = 12.806 | Init Dist 100 = 12.806 | Init Dist 1000 = 12.806 | Learner Steps = 129 | Learner Walltime = 34.943 | Min Dist = 0.996 | Min Dist 10 = 5.542 | Min Dist 100 = 6.317 | Min Dist 1000 = 6.317 | Steps Per Second = 83.755 | Success = 1.000 | Success 1000 = 0.118
I0502 15:06:52.943725 139579566835264 terminal.py:91] [Evaluator] Actor Episodes = 375 | Actor Steps = 18750 | Delta Dist = 11.195 | Delta Dist 10 = 5.734 | Delta Dist 100 = 5.395 | Delta Dist 1000 = 5.395 | Episode Length = 50 | Episode Return = 7.0 | Evaluator Episodes = 96 | Evaluator Steps = 4800 | Final Dist = 1.611 | Final Dist 10 = 7.072 | Final Dist 100 = 7.411 | Final Dist 1000 = 7.411 | Init Dist = 12.806 | Init Dist 10 = 12.806 | Init Dist 100 = 12.806 | Init Dist 1000 = 12.806 | Learner Steps = 136 | Learner Walltime = 36.361 | Min Dist = 0.130 | Min Dist 10 = 5.012 | Min Dist 100 = 6.199 | Min Dist 1000 = 6.199 | Steps Per Second = 90.680 | Success = 1.000 | Success 1000 = 0.137
I0502 15:06:54.141902 139579566835264 terminal.py:91] [Evaluator] Actor Episodes = 383 | Actor Steps = 19150 | Delta Dist = 11.022 | Delta Dist 10 = 6.089 | Delta Dist 100 = 5.443 | Delta Dist 1000 = 5.443 | Episode Length = 50 | Episode Return = 1.0 | Evaluator Episodes = 98 | Evaluator Steps = 4900 | Final Dist = 1.785 | Final Dist 10 = 6.717 | Final Dist 100 = 7.364 | Final Dist 1000 = 7.364 | Init Dist = 12.806 | Init Dist 10 = 12.806 | Init Dist 100 = 12.806 | Init Dist 1000 = 12.806 | Learner Steps = 142 | Learner Walltime = 37.516 | Min Dist = 0.998 | Min Dist 10 = 4.706 | Min Dist 100 = 6.161 | Min Dist 1000 = 6.161 | Steps Per Second = 88.941 | Success = 1.000 | Success 1000 = 0.144
I0502 15:06:54.571994 139584504182336 lp_utils.py:96] StepsLimiter: Reached 19350 recorded steps
I0502 15:06:55.346201 139579566835264 terminal.py:91] [Evaluator] Actor Episodes = 391 | Actor Steps = 19550 | Delta Dist = 11.363 | Delta Dist 10 = 7.768 | Delta Dist 100 = 5.502 | Delta Dist 1000 = 5.502 | Episode Length = 50 | Episode Return = 14.0 | Evaluator Episodes = 100 | Evaluator Steps = 5000 | Final Dist = 1.443 | Final Dist 10 = 5.038 | Final Dist 100 = 7.304 | Final Dist 1000 = 7.304 | Init Dist = 12.806 | Init Dist 10 = 12.806 | Init Dist 100 = 12.806 | Init Dist 1000 = 12.806 | Learner Steps = 148 | Learner Walltime = 38.712 | Min Dist = 0.284 | Min Dist 10 = 3.730 | Min Dist 100 = 6.112 | Min Dist 1000 = 6.112 | Steps Per Second = 85.904 | Success = 1.000 | Success 1000 = 0.152
I0502 15:06:56.407974 139579566835264 terminal.py:91] [Evaluator] Actor Episodes = 399 | Actor Steps = 19950 | Delta Dist = 4.947 | Delta Dist 10 = 9.853 | Delta Dist 100 = 5.599 | Delta Dist 1000 = 5.599 | Episode Length = 50 | Episode Return = 0.0 | Evaluator Episodes = 102 | Evaluator Steps = 5100 | Final Dist = 7.859 | Final Dist 10 = 2.954 | Final Dist 100 = 7.207 | Final Dist 1000 = 7.207 | Init Dist = 12.806 | Init Dist 10 = 12.806 | Init Dist 100 = 12.806 | Init Dist 1000 = 12.806 | Learner Steps = 154 | Learner Walltime = 39.745 | Min Dist = 7.042 | Min Dist 10 = 2.308 | Min Dist 100 = 6.024 | Min Dist 1000 = 6.027 | Steps Per Second = 102.043 | Success = 0.000 | Success 1000 = 0.158
I0502 15:06:57.506387 139579566835264 terminal.py:91] [Evaluator] Actor Episodes = 407 | Actor Steps = 20350 | Delta Dist = 10.863 | Delta Dist 10 = 9.203 | Delta Dist 100 = 5.709 | Delta Dist 1000 = 5.654 | Episode Length = 50 | Episode Return = 3.0 | Evaluator Episodes = 104 | Evaluator Steps = 5200 | Final Dist = 1.943 | Final Dist 10 = 3.603 | Final Dist 100 = 7.097 | Final Dist 1000 = 7.152 | Init Dist = 12.806 | Init Dist 10 = 12.806 | Init Dist 100 = 12.806 | Init Dist 1000 = 12.806 | Learner Steps = 161 | Learner Walltime = 41.043 | Min Dist = 0.590 | Min Dist 10 = 2.860 | Min Dist 100 = 5.925 | Min Dist 1000 = 5.982 | Steps Per Second = 93.380 | Success = 1.000 | Success 1000 = 0.165
I0502 15:06:57.558101 139555013154368 terminal.py:91] [Learner] Actor Episodes = 403 | Actor Loss = 5.158823013305664 | Actor Steps = 20150 | Binary Accuracy = 0.9958741664886475 | Categorical Accuracy = 0.21856689453125 | Critic Loss = 3.1211743354797363 | Entropy Mean = -17.49291229248047 | Evaluator Episodes = 102 | Evaluator Steps = 5100 | Learner Steps = 166 | Learner Walltime = 41.753 | Logits Neg = -12.678288459777832 | Logits Pos = -3.1171858310699463 | Logsumexp = 0.9835058450698853 | Steps Per Second = 311.606
I0502 15:06:57.832018 139569349502528 terminal.py:91] [Actor] Actor Episodes = 408 | Actor Steps = 20400 | Delta Dist = -0.261 | Delta Dist 10 = 2.633 | Delta Dist 100 = 2.464 | Delta Dist 1000 = 1.176 | Episode Length = 50 | Episode Return = 0.0 | Evaluator Episodes = 102 | Evaluator Steps = 5100 | Final Dist = 1.675 | Final Dist 10 = 2.733 | Final Dist 100 = 3.606 | Final Dist 1000 = 4.779 | Init Dist = 1.414 | Init Dist 10 = 5.365 | Init Dist 100 = 6.069 | Init Dist 1000 = 5.955 | Learner Steps = 161 | Learner Walltime = 41.043 | Min Dist = 0.007 | Min Dist 10 = 0.186 | Min Dist 100 = 0.690 | Min Dist 1000 = 1.666 | Steps Per Second = 95.537 | Success = 1.000 | Success 1000 = 0.495
I0502 15:06:58.544349 139579566835264 terminal.py:91] [Evaluator] Actor Episodes = 416 | Actor Steps = 20800 | Delta Dist = 11.111 | Delta Dist 10 = 8.489 | Delta Dist 100 = 5.752 | Delta Dist 1000 = 5.690 | Episode Length = 50 | Episode Return = 1.0 | Evaluator Episodes = 106 | Evaluator Steps = 5300 | Final Dist = 1.695 | Final Dist 10 = 4.317 | Final Dist 100 = 7.055 | Final Dist 1000 = 7.117 | Init Dist = 12.806 | Init Dist 10 = 12.806 | Init Dist 100 = 12.806 | Init Dist 1000 = 12.806 | Learner Steps = 168 | Learner Walltime = 42.142 | Min Dist = 0.857 | Min Dist 10 = 3.639 | Min Dist 100 = 5.887 | Min Dist 1000 = 5.955 | Steps Per Second = 103.775 | Success = 1.000 | Success 1000 = 0.171
I0502 15:06:59.757689 139579566835264 terminal.py:91] [Evaluator] Actor Episodes = 424 | Actor Steps = 21200 | Delta Dist = 11.526 | Delta Dist 10 = 9.140 | Delta Dist 100 = 5.922 | Delta Dist 1000 = 5.788 | Episode Length = 50 | Episode Return = 5.0 | Evaluator Episodes = 108 | Evaluator Steps = 5400 | Final Dist = 1.281 | Final Dist 10 = 3.666 | Final Dist 100 = 6.884 | Final Dist 1000 = 7.018 | Init Dist = 12.806 | Init Dist 10 = 12.806 | Init Dist 100 = 12.806 | Init Dist 1000 = 12.806 | Learner Steps = 174 | Learner Walltime = 43.158 | Min Dist = 0.334 | Min Dist 10 = 2.988 | Min Dist 100 = 5.731 | Min Dist 1000 = 5.864 | Steps Per Second = 84.197 | Success = 1.000 | Success 1000 = 0.178
I0502 15:06:59.973533 139557462840896 terminal.py:91] [Actor] Actor Episodes = 426 | Actor Steps = 21300 | Delta Dist = -1.899 | Delta Dist 10 = 3.629 | Delta Dist 100 = 2.744 | Delta Dist 1000 = 1.283 | Episode Length = 50 | Episode Return = 4.0 | Evaluator Episodes = 108 | Evaluator Steps = 5400 | Final Dist = 5.504 | Final Dist 10 = 1.193 | Final Dist 100 = 3.228 | Final Dist 1000 = 4.659 | Init Dist = 3.606 | Init Dist 10 = 4.822 | Init Dist 100 = 5.972 | Init Dist 1000 = 5.942 | Learner Steps = 174 | Learner Walltime = 43.158 | Min Dist = 0.003 | Min Dist 10 = 0.570 | Min Dist 100 = 0.559 | Min Dist 1000 = 1.625 | Steps Per Second = 84.071 | Success = 1.000 | Success 1000 = 0.508
I0502 15:07:00.011795 139555860620864 terminal.py:91] [Actor] Actor Episodes = 428 | Actor Steps = 21400 | Delta Dist = 6.047 | Delta Dist 10 = 3.517 | Delta Dist 100 = 2.713 | Delta Dist 1000 = 1.276 | Episode Length = 50 | Episode Return = 0.0 | Evaluator Episodes = 108 | Evaluator Steps = 5400 | Final Dist = 0.356 | Final Dist 10 = 1.524 | Final Dist 100 = 3.232 | Final Dist 1000 = 4.661 | Init Dist = 6.403 | Init Dist 10 = 5.041 | Init Dist 100 = 5.945 | Init Dist 1000 = 5.937 | Learner Steps = 174 | Learner Walltime = 43.158 | Min Dist = 0.258 | Min Dist 10 = 0.519 | Min Dist 100 = 0.558 | Min Dist 1000 = 1.621 | Steps Per Second = 83.436 | Success = 1.000 | Success 1000 = 0.510
I0502 15:07:00.669250 139558059398720 terminal.py:91] [Actor] Actor Episodes = 430 | Actor Steps = 21500 | Delta Dist = 5.307 | Delta Dist 10 = 2.829 | Delta Dist 100 = 2.832 | Delta Dist 1000 = 1.303 | Episode Length = 50 | Episode Return = 25.0 | Evaluator Episodes = 108 | Evaluator Steps = 5400 | Final Dist = 1.764 | Final Dist 10 = 2.453 | Final Dist 100 = 3.190 | Final Dist 1000 = 4.641 | Init Dist = 7.071 | Init Dist 10 = 5.282 | Init Dist 100 = 6.022 | Init Dist 1000 = 5.944 | Learner Steps = 179 | Learner Walltime = 44.273 | Min Dist = 0.037 | Min Dist 10 = 0.477 | Min Dist 100 = 0.561 | Min Dist 1000 = 1.606 | Steps Per Second = 93.958 | Success = 1.000 | Success 1000 = 0.513
I0502 15:07:00.879169 139579566835264 terminal.py:91] [Evaluator] Actor Episodes = 432 | Actor Steps = 21600 | Delta Dist = 11.395 | Delta Dist 10 = 9.569 | Delta Dist 100 = 6.023 | Delta Dist 1000 = 5.875 | Episode Length = 50 | Episode Return = 2.0 | Evaluator Episodes = 110 | Evaluator Steps = 5500 | Final Dist = 1.411 | Final Dist 10 = 3.237 | Final Dist 100 = 6.783 | Final Dist 1000 = 6.931 | Init Dist = 12.806 | Init Dist 10 = 12.806 | Init Dist 100 = 12.806 | Init Dist 1000 = 12.806 | Learner Steps = 179 | Learner Walltime = 44.273 | Min Dist = 0.301 | Min Dist 10 = 2.570 | Min Dist 100 = 5.634 | Min Dist 1000 = 5.787 | Steps Per Second = 78.373 | Success = 1.000 | Success 1000 = 0.183
I0502 15:07:02.096233 139579566835264 terminal.py:91] [Evaluator] Actor Episodes = 440 | Actor Steps = 22000 | Delta Dist = 11.413 | Delta Dist 10 = 9.874 | Delta Dist 100 = 6.222 | Delta Dist 1000 = 5.985 | Episode Length = 50 | Episode Return = 5.0 | Evaluator Episodes = 112 | Evaluator Steps = 5600 | Final Dist = 1.393 | Final Dist 10 = 2.932 | Final Dist 100 = 6.584 | Final Dist 1000 = 6.822 | Init Dist = 12.806 | Init Dist 10 = 12.806 | Init Dist 100 = 12.806 | Init Dist 1000 = 12.806 | Learner Steps = 186 | Learner Walltime = 45.457 | Min Dist = 0.267 | Min Dist 10 = 2.269 | Min Dist 100 = 5.471 | Min Dist 1000 = 5.688 | Steps Per Second = 88.346 | Success = 1.000 | Success 1000 = 0.198
I0502 15:07:03.305100 139579566835264 terminal.py:91] [Evaluator] Actor Episodes = 448 | Actor Steps = 22400 | Delta Dist = 11.096 | Delta Dist 10 = 10.426 | Delta Dist 100 = 6.365 | Delta Dist 1000 = 6.076 | Episode Length = 50 | Episode Return = 4.0 | Evaluator Episodes = 114 | Evaluator Steps = 5700 | Final Dist = 1.710 | Final Dist 10 = 2.381 | Final Dist 100 = 6.441 | Final Dist 1000 = 6.730 | Init Dist = 12.806 | Init Dist 10 = 12.806 | Init Dist 100 = 12.806 | Init Dist 1000 = 12.806 | Learner Steps = 192 | Learner Walltime = 46.650 | Min Dist = 0.425 | Min Dist 10 = 1.737 | Min Dist 100 = 5.330 | Min Dist 1000 = 5.606 | Steps Per Second = 91.911 | Success = 1.000 | Success 1000 = 0.204
I0502 15:07:04.523648 139579566835264 terminal.py:91] [Evaluator] Actor Episodes = 454 | Actor Steps = 22700 | Delta Dist = 10.476 | Delta Dist 10 = 11.004 | Delta Dist 100 = 6.517 | Delta Dist 1000 = 6.152 | Episode Length = 50 | Episode Return = 0.0 | Evaluator Episodes = 116 | Evaluator Steps = 5800 | Final Dist = 2.330 | Final Dist 10 = 1.803 | Final Dist 100 = 6.289 | Final Dist 1000 = 6.655 | Init Dist = 12.806 | Init Dist 10 = 12.806 | Init Dist 100 = 12.806 | Init Dist 1000 = 12.806 | Learner Steps = 198 | Learner Walltime = 47.841 | Min Dist = 1.424 | Min Dist 10 = 1.027 | Min Dist 100 = 5.155 | Min Dist 1000 = 5.527 | Steps Per Second = 77.187 | Success = 0.000 | Success 1000 = 0.209
I0502 15:07:04.589987 139584504182336 lp_utils.py:96] StepsLimiter: Reached 22800 recorded steps
I0502 15:07:05.709777 139579566835264 terminal.py:91] [Evaluator] Actor Episodes = 462 | Actor Steps = 23100 | Delta Dist = 11.442 | Delta Dist 10 = 11.005 | Delta Dist 100 = 6.711 | Delta Dist 1000 = 6.234 | Episode Length = 50 | Episode Return = 2.0 | Evaluator Episodes = 118 | Evaluator Steps = 5900 | Final Dist = 1.364 | Final Dist 10 = 1.801 | Final Dist 100 = 6.096 | Final Dist 1000 = 6.572 | Init Dist = 12.806 | Init Dist 10 = 12.806 | Init Dist 100 = 12.806 | Init Dist 1000 = 12.806 | Learner Steps = 204 | Learner Walltime = 49.104 | Min Dist = 0.781 | Min Dist 10 = 1.023 | Min Dist 100 = 5.010 | Min Dist 1000 = 5.451 | Steps Per Second = 88.611 | Success = 1.000 | Success 1000 = 0.214
I0502 15:07:06.955073 139579566835264 terminal.py:91] [Evaluator] Actor Episodes = 470 | Actor Steps = 23500 | Delta Dist = 11.316 | Delta Dist 10 = 11.105 | Delta Dist 100 = 6.835 | Delta Dist 1000 = 6.315 | Episode Length = 50 | Episode Return = 11.0 | Evaluator Episodes = 120 | Evaluator Steps = 6000 | Final Dist = 1.491 | Final Dist 10 = 1.701 | Final Dist 100 = 5.971 | Final Dist 1000 = 6.492 | Init Dist = 12.806 | Init Dist 10 = 12.806 | Init Dist 100 = 12.806 | Init Dist 1000 = 12.806 | Learner Steps = 211 | Learner Walltime = 50.445 | Min Dist = 0.131 | Min Dist 10 = 0.790 | Min Dist 100 = 4.871 | Min Dist 1000 = 5.367 | Steps Per Second = 82.157 | Success = 1.000 | Success 1000 = 0.227
I0502 15:07:07.842202 139555013154368 terminal.py:91] [Learner] Actor Episodes = 474 | Actor Loss = 4.947576522827148 | Actor Steps = 23700 | Binary Accuracy = 0.9958124160766602 | Categorical Accuracy = 0.24908447265625 | Critic Loss = 2.9194834232330322 | Entropy Mean = -14.450820922851562 | Evaluator Episodes = 120 | Evaluator Steps = 6000 | Learner Steps = 219 | Learner Walltime = 52.039 | Logits Neg = -13.38267707824707 | Logits Pos = -2.9042253494262695 | Logsumexp = 1.0498158931732178 | Steps Per Second = 163.117
I0502 15:07:08.195136 139579566835264 terminal.py:91] [Evaluator] Actor Episodes = 478 | Actor Steps = 23900 | Delta Dist = 11.254 | Delta Dist 10 = 10.877 | Delta Dist 100 = 6.951 | Delta Dist 1000 = 6.389 | Episode Length = 50 | Episode Return = 14.0 | Evaluator Episodes = 122 | Evaluator Steps = 6100 | Final Dist = 1.552 | Final Dist 10 = 1.929 | Final Dist 100 = 5.855 | Final Dist 1000 = 6.417 | Init Dist = 12.806 | Init Dist 10 = 12.806 | Init Dist 100 = 12.806 | Init Dist 1000 = 12.806 | Learner Steps = 216 | Learner Walltime = 51.479 | Min Dist = 0.327 | Min Dist 10 = 0.826 | Min Dist 100 = 4.742 | Min Dist 1000 = 5.286 | Steps Per Second = 84.357 | Success = 1.000 | Success 1000 = 0.240
I0502 15:07:08.428402 139569349502528 terminal.py:91] [Actor] Actor Episodes = 482 | Actor Steps = 24100 | Delta Dist = 0.466 | Delta Dist 10 = 4.628 | Delta Dist 100 = 3.993 | Delta Dist 1000 = 1.638 | Episode Length = 50 | Episode Return = 0.0 | Evaluator Episodes = 122 | Evaluator Steps = 6100 | Final Dist = 1.770 | Final Dist 10 = 0.866 | Final Dist 100 = 2.142 | Final Dist 1000 = 4.344 | Init Dist = 2.236 | Init Dist 10 = 5.495 | Init Dist 100 = 6.136 | Init Dist 1000 = 5.983 | Learner Steps = 223 | Learner Walltime = 52.608 | Min Dist = 0.108 | Min Dist 10 = 0.325 | Min Dist 100 = 0.426 | Min Dist 1000 = 1.467 | Steps Per Second = 76.935 | Success = 1.000 | Success 1000 = 0.562
I0502 15:07:09.418576 139579566835264 terminal.py:91] [Evaluator] Actor Episodes = 486 | Actor Steps = 24300 | Delta Dist = 10.991 | Delta Dist 10 = 10.917 | Delta Dist 100 = 7.135 | Delta Dist 1000 = 6.470 | Episode Length = 50 | Episode Return = 21.0 | Evaluator Episodes = 124 | Evaluator Steps = 6200 | Final Dist = 1.815 | Final Dist 10 = 1.889 | Final Dist 100 = 5.671 | Final Dist 1000 = 6.337 | Init Dist = 12.806 | Init Dist 10 = 12.806 | Init Dist 100 = 12.806 | Init Dist 1000 = 12.806 | Learner Steps = 223 | Learner Walltime = 52.608 | Min Dist = 0.055 | Min Dist 10 = 0.733 | Min Dist 100 = 4.577 | Min Dist 1000 = 5.210 | Steps Per Second = 72.000 | Success = 1.000 | Success 1000 = 0.252
I0502 15:07:10.034322 139555860620864 terminal.py:91] [Actor] Actor Episodes = 492 | Actor Steps = 24600 | Delta Dist = 12.316 | Delta Dist 10 = 4.149 | Delta Dist 100 = 4.028 | Delta Dist 1000 = 1.689 | Episode Length = 50 | Episode Return = 0.0 | Evaluator Episodes = 124 | Evaluator Steps = 6200 | Final Dist = 0.490 | Final Dist 10 = 1.766 | Final Dist 100 = 2.004 | Final Dist 1000 = 4.292 | Init Dist = 12.806 | Init Dist 10 = 5.915 | Init Dist 100 = 6.032 | Init Dist 1000 = 5.981 | Learner Steps = 227 | Learner Walltime = 53.719 | Min Dist = 0.024 | Min Dist 10 = 1.118 | Min Dist 100 = 0.374 | Min Dist 1000 = 1.460 | Steps Per Second = 75.242 | Success = 1.000 | Success 1000 = 0.570
I0502 15:07:10.315764 139557462840896 terminal.py:91] [Actor] Actor Episodes = 489 | Actor Steps = 24450 | Delta Dist = 7.028 | Delta Dist 10 = 4.940 | Delta Dist 100 = 4.065 | Delta Dist 1000 = 1.717 | Episode Length = 50 | Episode Return = 39.0 | Evaluator Episodes = 124 | Evaluator Steps = 6200 | Final Dist = 0.588 | Final Dist 10 = 2.419 | Final Dist 100 = 2.054 | Final Dist 1000 = 4.292 | Init Dist = 7.616 | Init Dist 10 = 7.358 | Init Dist 100 = 6.119 | Init Dist 1000 = 6.009 | Learner Steps = 227 | Learner Walltime = 53.719 | Min Dist = 0.135 | Min Dist 10 = 1.099 | Min Dist 100 = 0.363 | Min Dist 1000 = 1.454 | Steps Per Second = 71.101 | Success = 1.000 | Success 1000 = 0.572
I0502 15:07:10.789928 139579566835264 terminal.py:91] [Evaluator] Actor Episodes = 494 | Actor Steps = 24700 | Delta Dist = 12.049 | Delta Dist 10 = 11.132 | Delta Dist 100 = 7.278 | Delta Dist 1000 = 6.550 | Episode Length = 50 | Episode Return = 26.0 | Evaluator Episodes = 126 | Evaluator Steps = 6300 | Final Dist = 0.758 | Final Dist 10 = 1.674 | Final Dist 100 = 5.528 | Final Dist 1000 = 6.256 | Init Dist = 12.806 | Init Dist 10 = 12.806 | Init Dist 100 = 12.806 | Init Dist 1000 = 12.806 | Learner Steps = 233 | Learner Walltime = 54.793 | Min Dist = 0.353 | Min Dist 10 = 0.533 | Min Dist 100 = 4.427 | Min Dist 1000 = 5.127 | Steps Per Second = 75.402 | Success = 1.000 | Success 1000 = 0.264
I0502 15:07:11.041621 139558059398720 terminal.py:91] [Actor] Actor Episodes = 495 | Actor Steps = 24750 | Delta Dist = -10.790 | Delta Dist 10 = 5.581 | Delta Dist 100 = 4.165 | Delta Dist 1000 = 1.750 | Episode Length = 50 | Episode Return = 0.0 | Evaluator Episodes = 124 | Evaluator Steps = 6200 | Final Dist = 13.026 | Final Dist 10 = 2.233 | Final Dist 100 = 2.066 | Final Dist 1000 = 4.273 | Init Dist = 2.236 | Init Dist 10 = 7.814 | Init Dist 100 = 6.231 | Init Dist 1000 = 6.022 | Learner Steps = 227 | Learner Walltime = 53.719 | Min Dist = 2.236 | Min Dist 10 = 0.200 | Min Dist 100 = 0.369 | Min Dist 1000 = 1.442 | Steps Per Second = 89.396 | Success = 0.000 | Success 1000 = 0.576
I0502 15:07:12.011402 139579566835264 terminal.py:91] [Evaluator] Actor Episodes = 502 | Actor Steps = 25100 | Delta Dist = 8.749 | Delta Dist 10 = 11.283 | Delta Dist 100 = 7.438 | Delta Dist 1000 = 6.632 | Episode Length = 50 | Episode Return = 6.0 | Evaluator Episodes = 128 | Evaluator Steps = 6400 | Final Dist = 4.057 | Final Dist 10 = 1.523 | Final Dist 100 = 5.368 | Final Dist 1000 = 6.175 | Init Dist = 12.806 | Init Dist 10 = 12.806 | Init Dist 100 = 12.806 | Init Dist 1000 = 12.806 | Learner Steps = 238 | Learner Walltime = 55.937 | Min Dist = 0.343 | Min Dist 10 = 0.373 | Min Dist 100 = 4.276 | Min Dist 1000 = 5.051 | Steps Per Second = 81.511 | Success = 1.000 | Success 1000 = 0.276
I0502 15:07:13.159750 139579566835264 terminal.py:91] [Evaluator] Actor Episodes = 510 | Actor Steps = 25500 | Delta Dist = 11.847 | Delta Dist 10 = 11.117 | Delta Dist 100 = 7.602 | Delta Dist 1000 = 6.687 | Episode Length = 50 | Episode Return = 8.0 | Evaluator Episodes = 130 | Evaluator Steps = 6500 | Final Dist = 0.959 | Final Dist 10 = 1.689 | Final Dist 100 = 5.204 | Final Dist 1000 = 6.119 | Init Dist = 12.806 | Init Dist 10 = 12.806 | Init Dist 100 = 12.806 | Init Dist 1000 = 12.806 | Learner Steps = 243 | Learner Walltime = 56.966 | Min Dist = 0.403 | Min Dist 10 = 0.345 | Min Dist 100 = 4.111 | Min Dist 1000 = 4.978 | Steps Per Second = 85.636 | Success = 1.000 | Success 1000 = 0.287
I0502 15:07:14.317820 139579566835264 terminal.py:91] [Evaluator] Actor Episodes = 518 | Actor Steps = 25900 | Delta Dist = 11.476 | Delta Dist 10 = 11.271 | Delta Dist 100 = 7.709 | Delta Dist 1000 = 6.762 | Episode Length = 50 | Episode Return = 16.0 | Evaluator Episodes = 132 | Evaluator Steps = 6600 | Final Dist = 1.331 | Final Dist 10 = 1.535 | Final Dist 100 = 5.098 | Final Dist 1000 = 6.045 | Init Dist = 12.806 | Init Dist 10 = 12.806 | Init Dist 100 = 12.806 | Init Dist 1000 = 12.806 | Learner Steps = 251 | Learner Walltime = 58.336 | Min Dist = 0.311 | Min Dist 10 = 0.327 | Min Dist 100 = 4.003 | Min Dist 1000 = 4.908 | Steps Per Second = 82.656 | Success = 1.000 | Success 1000 = 0.298
I0502 15:07:14.606214 139584504182336 lp_utils.py:96] StepsLimiter: Reached 26000 recorded steps
I0502 15:07:15.444371 139579566835264 terminal.py:91] [Evaluator] Actor Episodes = 526 | Actor Steps = 26300 | Delta Dist = 11.486 | Delta Dist 10 = 11.420 | Delta Dist 100 = 7.914 | Delta Dist 1000 = 6.842 | Episode Length = 50 | Episode Return = 12.0 | Evaluator Episodes = 134 | Evaluator Steps = 6700 | Final Dist = 1.320 | Final Dist 10 = 1.386 | Final Dist 100 = 4.892 | Final Dist 1000 = 5.964 | Init Dist = 12.806 | Init Dist 10 = 12.806 | Init Dist 100 = 12.806 | Init Dist 1000 = 12.806 | Learner Steps = 257 | Learner Walltime = 59.337 | Min Dist = 0.072 | Min Dist 10 = 0.249 | Min Dist 100 = 3.843 | Min Dist 1000 = 4.837 | Steps Per Second = 88.310 | Success = 1.000 | Success 1000 = 0.308
I0502 15:07:16.155411 139583350109760 savers.py:156] Saving checkpoint: logs/contrastive_cpc_point_FourRooms_64/5dd72662-2788-11f0-b183-d85ed38c5779/checkpoints/learner
I0502 15:07:16.666918 139579566835264 terminal.py:91] [Evaluator] Actor Episodes = 534 | Actor Steps = 26700 | Delta Dist = 12.255 | Delta Dist 10 = 11.378 | Delta Dist 100 = 8.070 | Delta Dist 1000 = 6.908 | Episode Length = 50 | Episode Return = 5.0 | Evaluator Episodes = 136 | Evaluator Steps = 6800 | Final Dist = 0.551 | Final Dist 10 = 1.429 | Final Dist 100 = 4.736 | Final Dist 1000 = 5.899 | Init Dist = 12.806 | Init Dist 10 = 12.806 | Init Dist 100 = 12.806 | Init Dist 1000 = 12.806 | Learner Steps = 262 | Learner Walltime = 60.358 | Min Dist = 0.312 | Min Dist 10 = 0.326 | Min Dist 100 = 3.684 | Min Dist 1000 = 4.772 | Steps Per Second = 81.793 | Success = 1.000 | Success 1000 = 0.319
I0502 15:07:17.881525 139579566835264 terminal.py:91] [Evaluator] Actor Episodes = 542 | Actor Steps = 27100 | Delta Dist = 11.506 | Delta Dist 10 = 11.408 | Delta Dist 100 = 8.237 | Delta Dist 1000 = 6.980 | Episode Length = 50 | Episode Return = 9.0 | Evaluator Episodes = 138 | Evaluator Steps = 6900 | Final Dist = 1.300 | Final Dist 10 = 1.398 | Final Dist 100 = 4.569 | Final Dist 1000 = 5.826 | Init Dist = 12.806 | Init Dist 10 = 12.806 | Init Dist 100 = 12.806 | Init Dist 1000 = 12.806 | Learner Steps = 268 | Learner Walltime = 61.508 | Min Dist = 0.054 | Min Dist 10 = 0.328 | Min Dist 100 = 3.518 | Min Dist 1000 = 4.706 | Steps Per Second = 69.634 | Success = 1.000 | Success 1000 = 0.328
I0502 15:07:17.987952 139555013154368 terminal.py:91] [Learner] Actor Episodes = 540 | Actor Loss = 4.7224202156066895 | Actor Steps = 27000 | Binary Accuracy = 0.9958758354187012 | Categorical Accuracy = 0.270751953125 | Critic Loss = 2.8309524059295654 | Entropy Mean = -14.329158782958984 | Evaluator Episodes = 136 | Evaluator Steps = 6800 | Learner Steps = 272 | Learner Walltime = 62.183 | Logits Neg = -14.047290802001953 | Logits Pos = -2.856888771057129 | Logsumexp = 1.0777161121368408 | Steps Per Second = 340.140
I0502 15:07:18.902634 139569349502528 terminal.py:91] [Actor] Actor Episodes = 547 | Actor Steps = 27350 | Delta Dist = 2.313 | Delta Dist 10 = 3.832 | Delta Dist 100 = 4.197 | Delta Dist 1000 = 1.940 | Episode Length = 50 | Episode Return = 35.0 | Evaluator Episodes = 138 | Evaluator Steps = 6900 | Final Dist = 1.292 | Final Dist 10 = 1.264 | Final Dist 100 = 1.816 | Final Dist 1000 = 4.054 | Init Dist = 3.606 | Init Dist 10 = 5.096 | Init Dist 100 = 6.013 | Init Dist 1000 = 5.994 | Learner Steps = 268 | Learner Walltime = 61.508 | Min Dist = 0.073 | Min Dist 10 = 0.127 | Min Dist 100 = 0.402 | Min Dist 1000 = 1.342 | Steps Per Second = 79.349 | Success = 1.000 | Success 1000 = 0.609
I0502 15:07:19.024415 139579566835264 terminal.py:91] [Evaluator] Actor Episodes = 550 | Actor Steps = 27500 | Delta Dist = 11.936 | Delta Dist 10 = 11.673 | Delta Dist 100 = 8.363 | Delta Dist 1000 = 7.046 | Episode Length = 50 | Episode Return = 8.0 | Evaluator Episodes = 140 | Evaluator Steps = 7000 | Final Dist = 0.870 | Final Dist 10 = 1.133 | Final Dist 100 = 4.443 | Final Dist 1000 = 5.761 | Init Dist = 12.806 | Init Dist 10 = 12.806 | Init Dist 100 = 12.806 | Init Dist 1000 = 12.806 | Learner Steps = 274 | Learner Walltime = 62.540 | Min Dist = 0.201 | Min Dist 10 = 0.326 | Min Dist 100 = 3.394 | Min Dist 1000 = 4.643 | Steps Per Second = 82.581 | Success = 1.000 | Success 1000 = 0.338
I0502 15:07:20.122224 139579566835264 terminal.py:91] [Evaluator] Actor Episodes = 558 | Actor Steps = 27900 | Delta Dist = 11.396 | Delta Dist 10 = 11.718 | Delta Dist 100 = 8.515 | Delta Dist 1000 = 7.113 | Episode Length = 50 | Episode Return = 2.0 | Evaluator Episodes = 142 | Evaluator Steps = 7100 | Final Dist = 1.410 | Final Dist 10 = 1.088 | Final Dist 100 = 4.291 | Final Dist 1000 = 5.693 | Init Dist = 12.806 | Init Dist 10 = 12.806 | Init Dist 100 = 12.806 | Init Dist 1000 = 12.806 | Learner Steps = 278 | Learner Walltime = 63.628 | Min Dist = 0.639 | Min Dist 10 = 0.269 | Min Dist 100 = 3.227 | Min Dist 1000 = 4.579 | Steps Per Second = 90.566 | Success = 1.000 | Success 1000 = 0.348
I0502 15:07:20.157708 139555860620864 terminal.py:91] [Actor] Actor Episodes = 557 | Actor Steps = 27850 | Delta Dist = 5.044 | Delta Dist 10 = 4.433 | Delta Dist 100 = 4.127 | Delta Dist 1000 = 1.980 | Episode Length = 50 | Episode Return = 46.0 | Evaluator Episodes = 140 | Evaluator Steps = 7000 | Final Dist = 0.787 | Final Dist 10 = 1.174 | Final Dist 100 = 1.764 | Final Dist 1000 = 4.008 | Init Dist = 5.831 | Init Dist 10 = 5.608 | Init Dist 100 = 5.892 | Init Dist 1000 = 5.988 | Learner Steps = 278 | Learner Walltime = 63.628 | Min Dist = 0.270 | Min Dist 10 = 0.146 | Min Dist 100 = 0.398 | Min Dist 1000 = 1.323 | Steps Per Second = 89.162 | Success = 1.000 | Success 1000 = 0.616
I0502 15:07:20.370109 139557462840896 terminal.py:91] [Actor] Actor Episodes = 560 | Actor Steps = 28000 | Delta Dist = 4.455 | Delta Dist 10 = 4.394 | Delta Dist 100 = 4.154 | Delta Dist 1000 = 1.983 | Episode Length = 50 | Episode Return = 16.0 | Evaluator Episodes = 142 | Evaluator Steps = 7100 | Final Dist = 0.930 | Final Dist 10 = 1.259 | Final Dist 100 = 1.782 | Final Dist 1000 = 4.004 | Init Dist = 5.385 | Init Dist 10 = 5.652 | Init Dist 100 = 5.936 | Init Dist 1000 = 5.987 | Learner Steps = 278 | Learner Walltime = 63.628 | Min Dist = 0.051 | Min Dist 10 = 0.165 | Min Dist 100 = 0.398 | Min Dist 1000 = 1.321 | Steps Per Second = 98.793 | Success = 1.000 | Success 1000 = 0.617
I0502 15:07:21.325595 139579566835264 terminal.py:91] [Evaluator] Actor Episodes = 566 | Actor Steps = 28300 | Delta Dist = 12.699 | Delta Dist 10 = 11.581 | Delta Dist 100 = 8.650 | Delta Dist 1000 = 7.173 | Episode Length = 50 | Episode Return = 8.0 | Evaluator Episodes = 144 | Evaluator Steps = 7200 | Final Dist = 0.107 | Final Dist 10 = 1.225 | Final Dist 100 = 4.156 | Final Dist 1000 = 5.633 | Init Dist = 12.806 | Init Dist 10 = 12.806 | Init Dist 100 = 12.806 | Init Dist 1000 = 12.806 | Learner Steps = 286 | Learner Walltime = 64.863 | Min Dist = 0.107 | Min Dist 10 = 0.324 | Min Dist 100 = 3.079 | Min Dist 1000 = 4.521 | Steps Per Second = 78.817 | Success = 1.000 | Success 1000 = 0.357
I0502 15:07:21.533749 139558059398720 terminal.py:91] [Actor] Actor Episodes = 567 | Actor Steps = 28350 | Delta Dist = 3.526 | Delta Dist 10 = 4.152 | Delta Dist 100 = 4.138 | Delta Dist 1000 = 2.010 | Episode Length = 50 | Episode Return = 2.0 | Evaluator Episodes = 142 | Evaluator Steps = 7100 | Final Dist = 1.859 | Final Dist 10 = 1.137 | Final Dist 100 = 1.719 | Final Dist 1000 = 3.964 | Init Dist = 5.385 | Init Dist 10 = 5.289 | Init Dist 100 = 5.857 | Init Dist 1000 = 5.974 | Learner Steps = 286 | Learner Walltime = 64.863 | Min Dist = 0.016 | Min Dist 10 = 0.162 | Min Dist 100 = 0.392 | Min Dist 1000 = 1.305 | Steps Per Second = 95.129 | Success = 1.000 | Success 1000 = 0.622
I0502 15:07:22.553864 139579566835264 terminal.py:91] [Evaluator] Actor Episodes = 574 | Actor Steps = 28700 | Delta Dist = 12.382 | Delta Dist 10 = 11.718 | Delta Dist 100 = 8.806 | Delta Dist 1000 = 7.239 | Episode Length = 50 | Episode Return = 18.0 | Evaluator Episodes = 146 | Evaluator Steps = 7300 | Final Dist = 0.424 | Final Dist 10 = 1.089 | Final Dist 100 = 4.000 | Final Dist 1000 = 5.567 | Init Dist = 12.806 | Init Dist 10 = 12.806 | Init Dist 100 = 12.806 | Init Dist 1000 = 12.806 | Learner Steps = 292 | Learner Walltime = 65.909 | Min Dist = 0.094 | Min Dist 10 = 0.284 | Min Dist 100 = 2.938 | Min Dist 1000 = 4.462 | Steps Per Second = 77.841 | Success = 1.000 | Success 1000 = 0.366
I0502 15:07:23.778412 139579566835264 terminal.py:91] [Evaluator] Actor Episodes = 582 | Actor Steps = 29100 | Delta Dist = 11.077 | Delta Dist 10 = 11.777 | Delta Dist 100 = 8.992 | Delta Dist 1000 = 7.307 | Episode Length = 50 | Episode Return = 10.0 | Evaluator Episodes = 148 | Evaluator Steps = 7400 | Final Dist = 1.729 | Final Dist 10 = 1.029 | Final Dist 100 = 3.814 | Final Dist 1000 = 5.500 | Init Dist = 12.806 | Init Dist 10 = 12.806 | Init Dist 100 = 12.806 | Init Dist 1000 = 12.806 | Learner Steps = 297 | Learner Walltime = 66.966 | Min Dist = 0.454 | Min Dist 10 = 0.252 | Min Dist 100 = 2.767 | Min Dist 1000 = 4.403 | Steps Per Second = 96.914 | Success = 1.000 | Success 1000 = 0.374
I0502 15:07:24.621398 139584504182336 lp_utils.py:96] StepsLimiter: Reached 29400 recorded steps
I0502 15:07:24.902178 139579566835264 terminal.py:91] [Evaluator] Actor Episodes = 588 | Actor Steps = 29400 | Delta Dist = 11.368 | Delta Dist 10 = 11.718 | Delta Dist 100 = 9.101 | Delta Dist 1000 = 7.359 | Episode Length = 50 | Episode Return = 5.0 | Evaluator Episodes = 150 | Evaluator Steps = 7500 | Final Dist = 1.438 | Final Dist 10 = 1.088 | Final Dist 100 = 3.706 | Final Dist 1000 = 5.447 | Init Dist = 12.806 | Init Dist 10 = 12.806 | Init Dist 100 = 12.806 | Init Dist 1000 = 12.806 | Learner Steps = 303 | Learner Walltime = 68.189 | Min Dist = 0.223 | Min Dist 10 = 0.239 | Min Dist 100 = 2.640 | Min Dist 1000 = 4.347 | Steps Per Second = 98.619 | Success = 1.000 | Success 1000 = 0.383
I0502 15:07:26.232337 139584635659840 savers.py:156] Saving checkpoint: logs/contrastive_cpc_point_FourRooms_64/5dd72662-2788-11f0-b183-d85ed38c5779/checkpoints/counter
I0502 15:07:26.303671 139579566835264 terminal.py:91] [Evaluator] Actor Episodes = 597 | Actor Steps = 29850 | Delta Dist = 11.909 | Delta Dist 10 = 11.617 | Delta Dist 100 = 9.252 | Delta Dist 1000 = 7.411 | Episode Length = 50 | Episode Return = 15.0 | Evaluator Episodes = 152 | Evaluator Steps = 7600 | Final Dist = 0.897 | Final Dist 10 = 1.190 | Final Dist 100 = 3.554 | Final Dist 1000 = 5.395 | Init Dist = 12.806 | Init Dist 10 = 12.806 | Init Dist 100 = 12.806 | Init Dist 1000 = 12.806 | Learner Steps = 309 | Learner Walltime = 69.224 | Min Dist = 0.218 | Min Dist 10 = 0.298 | Min Dist 100 = 2.504 | Min Dist 1000 = 4.295 | Steps Per Second = 68.221 | Success = 1.000 | Success 1000 = 0.391
WARNING:tensorflow:5 out of the last 5 calls to <function MultiDeviceSaver.save.<locals>.tf_function_save at 0x7f03a2ccaca0> triggered tf.function retracing. Tracing is expensive and the excessive number of tracings could be due to (1) creating @tf.function repeatedly in a loop, (2) passing tensors with different shapes, (3) passing Python objects instead of tensors. For (1), please define your @tf.function outside of the loop. For (2), @tf.function has experimental_relax_shapes=True option that relaxes argument shapes that can avoid unnecessary retracing. For (3), please refer to https://www.tensorflow.org/guide/function#controlling_retracing and https://www.tensorflow.org/api_docs/python/tf/function for  more details.
W0502 15:07:26.842693 139584635659840 def_function.py:147] 5 out of the last 5 calls to <function MultiDeviceSaver.save.<locals>.tf_function_save at 0x7f03a2ccaca0> triggered tf.function retracing. Tracing is expensive and the excessive number of tracings could be due to (1) creating @tf.function repeatedly in a loop, (2) passing tensors with different shapes, (3) passing Python objects instead of tensors. For (1), please define your @tf.function outside of the loop. For (2), @tf.function has experimental_relax_shapes=True option that relaxes argument shapes that can avoid unnecessary retracing. For (3), please refer to https://www.tensorflow.org/guide/function#controlling_retracing and https://www.tensorflow.org/api_docs/python/tf/function for  more details.
I0502 15:07:27.453551 139579566835264 terminal.py:91] [Evaluator] Actor Episodes = 605 | Actor Steps = 30250 | Delta Dist = 11.479 | Delta Dist 10 = 11.062 | Delta Dist 100 = 9.378 | Delta Dist 1000 = 7.427 | Episode Length = 50 | Episode Return = 12.0 | Evaluator Episodes = 154 | Evaluator Steps = 7700 | Final Dist = 1.327 | Final Dist 10 = 1.745 | Final Dist 100 = 3.428 | Final Dist 1000 = 5.379 | Init Dist = 12.806 | Init Dist 10 = 12.806 | Init Dist 100 = 12.806 | Init Dist 1000 = 12.806 | Learner Steps = 315 | Learner Walltime = 70.752 | Min Dist = 0.148 | Min Dist 10 = 0.906 | Min Dist 100 = 2.420 | Min Dist 1000 = 4.285 | Steps Per Second = 87.196 | Success = 1.000 | Success 1000 = 0.392
I0502 15:07:27.993607 139555013154368 terminal.py:91] [Learner] Actor Episodes = 607 | Actor Loss = 4.514559268951416 | Actor Steps = 30350 | Binary Accuracy = 0.9958045482635498 | Categorical Accuracy = 0.28509521484375 | Critic Loss = 2.7666513919830322 | Entropy Mean = -15.656805038452148 | Evaluator Episodes = 154 | Evaluator Steps = 7700 | Learner Steps = 324 | Learner Walltime = 72.189 | Logits Neg = -14.42648983001709 | Logits Pos = -2.7278876304626465 | Logsumexp = 1.1652469635009766 | Steps Per Second = 390.888
I0502 15:07:28.626796 139579566835264 terminal.py:91] [Evaluator] Actor Episodes = 611 | Actor Steps = 30550 | Delta Dist = 12.146 | Delta Dist 10 = 11.028 | Delta Dist 100 = 9.509 | Delta Dist 1000 = 7.484 | Episode Length = 50 | Episode Return = 23.0 | Evaluator Episodes = 156 | Evaluator Steps = 7800 | Final Dist = 0.660 | Final Dist 10 = 1.778 | Final Dist 100 = 3.298 | Final Dist 1000 = 5.322 | Init Dist = 12.806 | Init Dist 10 = 12.806 | Init Dist 100 = 12.806 | Init Dist 1000 = 12.806 | Learner Steps = 322 | Learner Walltime = 71.837 | Min Dist = 0.423 | Min Dist 10 = 0.922 | Min Dist 100 = 2.281 | Min Dist 1000 = 4.234 | Steps Per Second = 82.053 | Success = 1.000 | Success 1000 = 0.400
I0502 15:07:29.437691 139569349502528 terminal.py:91] [Actor] Actor Episodes = 615 | Actor Steps = 30750 | Delta Dist = 5.596 | Delta Dist 10 = 3.771 | Delta Dist 100 = 4.117 | Delta Dist 1000 = 2.170 | Episode Length = 50 | Episode Return = 44.0 | Evaluator Episodes = 156 | Evaluator Steps = 7800 | Final Dist = 0.729 | Final Dist 10 = 1.693 | Final Dist 100 = 1.555 | Final Dist 1000 = 3.781 | Init Dist = 6.325 | Init Dist 10 = 5.464 | Init Dist 100 = 5.671 | Init Dist 1000 = 5.951 | Learner Steps = 328 | Learner Walltime = 72.877 | Min Dist = 0.324 | Min Dist 10 = 0.377 | Min Dist 100 = 0.216 | Min Dist 1000 = 1.216 | Steps Per Second = 68.990 | Success = 1.000 | Success 1000 = 0.650
I0502 15:07:29.865888 139579566835264 terminal.py:91] [Evaluator] Actor Episodes = 620 | Actor Steps = 31000 | Delta Dist = 12.584 | Delta Dist 10 = 10.934 | Delta Dist 100 = 9.610 | Delta Dist 1000 = 7.538 | Episode Length = 50 | Episode Return = 21.0 | Evaluator Episodes = 158 | Evaluator Steps = 7900 | Final Dist = 0.222 | Final Dist 10 = 1.872 | Final Dist 100 = 3.196 | Final Dist 1000 = 5.269 | Init Dist = 12.806 | Init Dist 10 = 12.806 | Init Dist 100 = 12.806 | Init Dist 1000 = 12.806 | Learner Steps = 333 | Learner Walltime = 73.965 | Min Dist = 0.101 | Min Dist 10 = 1.037 | Min Dist 100 = 2.179 | Min Dist 1000 = 4.189 | Steps Per Second = 86.666 | Success = 1.000 | Success 1000 = 0.408
I0502 15:07:30.187049 139555860620864 terminal.py:91] [Actor] Actor Episodes = 628 | Actor Steps = 31400 | Delta Dist = 0.245 | Delta Dist 10 = 4.127 | Delta Dist 100 = 4.097 | Delta Dist 1000 = 2.194 | Episode Length = 50 | Episode Return = 9.0 | Evaluator Episodes = 158 | Evaluator Steps = 7900 | Final Dist = 2.918 | Final Dist 10 = 2.435 | Final Dist 100 = 1.600 | Final Dist 1000 = 3.772 | Init Dist = 3.162 | Init Dist 10 = 6.562 | Init Dist 100 = 5.697 | Init Dist 1000 = 5.966 | Learner Steps = 333 | Learner Walltime = 73.965 | Min Dist = 0.021 | Min Dist 10 = 0.608 | Min Dist 100 = 0.234 | Min Dist 1000 = 1.211 | Steps Per Second = 92.345 | Success = 1.000 | Success 1000 = 0.650
I0502 15:07:30.535688 139557462840896 terminal.py:91] [Actor] Actor Episodes = 627 | Actor Steps = 31350 | Delta Dist = 3.019 | Delta Dist 10 = 4.383 | Delta Dist 100 = 4.066 | Delta Dist 1000 = 2.196 | Episode Length = 50 | Episode Return = 48.0 | Evaluator Episodes = 158 | Evaluator Steps = 7900 | Final Dist = 0.143 | Final Dist 10 = 1.957 | Final Dist 100 = 1.597 | Final Dist 1000 = 3.767 | Init Dist = 3.162 | Init Dist 10 = 6.171 | Init Dist 100 = 5.708 | Init Dist 1000 = 5.962 | Learner Steps = 333 | Learner Walltime = 73.965 | Min Dist = 0.034 | Min Dist 10 = 0.418 | Min Dist 100 = 0.234 | Min Dist 1000 = 1.207 | Steps Per Second = 112.025 | Success = 1.000 | Success 1000 = 0.650
I0502 15:07:30.980096 139579566835264 terminal.py:91] [Evaluator] Actor Episodes = 628 | Actor Steps = 31400 | Delta Dist = 12.551 | Delta Dist 10 = 11.093 | Delta Dist 100 = 9.684 | Delta Dist 1000 = 7.594 | Episode Length = 50 | Episode Return = 21.0 | Evaluator Episodes = 160 | Evaluator Steps = 8000 | Final Dist = 0.255 | Final Dist 10 = 1.713 | Final Dist 100 = 3.122 | Final Dist 1000 = 5.212 | Init Dist = 12.806 | Init Dist 10 = 12.806 | Init Dist 100 = 12.806 | Init Dist 1000 = 12.806 | Learner Steps = 340 | Learner Walltime = 75.128 | Min Dist = 0.003 | Min Dist 10 = 1.019 | Min Dist 100 = 2.092 | Min Dist 1000 = 4.138 | Steps Per Second = 91.383 | Success = 1.000 | Success 1000 = 0.415
I0502 15:07:31.741290 139558059398720 terminal.py:91] [Actor] Actor Episodes = 635 | Actor Steps = 31750 | Delta Dist = 3.422 | Delta Dist 10 = 2.418 | Delta Dist 100 = 3.934 | Delta Dist 1000 = 2.196 | Episode Length = 50 | Episode Return = 32.0 | Evaluator Episodes = 160 | Evaluator Steps = 8000 | Final Dist = 1.050 | Final Dist 10 = 2.736 | Final Dist 100 = 1.724 | Final Dist 1000 = 3.757 | Init Dist = 4.472 | Init Dist 10 = 5.154 | Init Dist 100 = 5.658 | Init Dist 1000 = 5.953 | Learner Steps = 340 | Learner Walltime = 75.128 | Min Dist = 0.012 | Min Dist 10 = 0.336 | Min Dist 100 = 0.237 | Min Dist 1000 = 1.197 | Steps Per Second = 89.504 | Success = 1.000 | Success 1000 = 0.653
I0502 15:07:32.137863 139579566835264 terminal.py:91] [Evaluator] Actor Episodes = 636 | Actor Steps = 31800 | Delta Dist = 11.429 | Delta Dist 10 = 11.228 | Delta Dist 100 = 9.857 | Delta Dist 1000 = 7.648 | Episode Length = 50 | Episode Return = 13.0 | Evaluator Episodes = 162 | Evaluator Steps = 8100 | Final Dist = 1.377 | Final Dist 10 = 1.579 | Final Dist 100 = 2.950 | Final Dist 1000 = 5.158 | Init Dist = 12.806 | Init Dist 10 = 12.806 | Init Dist 100 = 12.806 | Init Dist 1000 = 12.806 | Learner Steps = 345 | Learner Walltime = 76.167 | Min Dist = 0.298 | Min Dist 10 = 0.954 | Min Dist 100 = 1.905 | Min Dist 1000 = 4.088 | Steps Per Second = 91.789 | Success = 1.000 | Success 1000 = 0.422
I0502 15:07:33.312573 139579566835264 terminal.py:91] [Evaluator] Actor Episodes = 644 | Actor Steps = 32200 | Delta Dist = 12.382 | Delta Dist 10 = 11.872 | Delta Dist 100 = 10.027 | Delta Dist 1000 = 7.700 | Episode Length = 50 | Episode Return = 19.0 | Evaluator Episodes = 164 | Evaluator Steps = 8200 | Final Dist = 0.424 | Final Dist 10 = 0.935 | Final Dist 100 = 2.779 | Final Dist 1000 = 5.106 | Init Dist = 12.806 | Init Dist 10 = 12.806 | Init Dist 100 = 12.806 | Init Dist 1000 = 12.806 | Learner Steps = 351 | Learner Walltime = 77.288 | Min Dist = 0.060 | Min Dist 10 = 0.287 | Min Dist 100 = 1.720 | Min Dist 1000 = 4.040 | Steps Per Second = 83.897 | Success = 1.000 | Success 1000 = 0.429
I0502 15:07:34.603438 139579566835264 terminal.py:91] [Evaluator] Actor Episodes = 652 | Actor Steps = 32600 | Delta Dist = 10.646 | Delta Dist 10 = 11.891 | Delta Dist 100 = 10.064 | Delta Dist 1000 = 7.751 | Episode Length = 50 | Episode Return = 3.0 | Evaluator Episodes = 166 | Evaluator Steps = 8300 | Final Dist = 2.160 | Final Dist 10 = 0.915 | Final Dist 100 = 2.742 | Final Dist 1000 = 5.055 | Init Dist = 12.806 | Init Dist 10 = 12.806 | Init Dist 100 = 12.806 | Init Dist 1000 = 12.806 | Learner Steps = 356 | Learner Walltime = 78.406 | Min Dist = 0.072 | Min Dist 10 = 0.264 | Min Dist 100 = 1.694 | Min Dist 1000 = 3.993 | Steps Per Second = 78.794 | Success = 1.000 | Success 1000 = 0.436
I0502 15:07:34.636167 139584504182336 lp_utils.py:96] StepsLimiter: Reached 32600 recorded steps
I0502 15:07:35.760234 139579566835264 terminal.py:91] [Evaluator] Actor Episodes = 660 | Actor Steps = 33000 | Delta Dist = 12.029 | Delta Dist 10 = 11.836 | Delta Dist 100 = 10.078 | Delta Dist 1000 = 7.795 | Episode Length = 50 | Episode Return = 16.0 | Evaluator Episodes = 168 | Evaluator Steps = 8400 | Final Dist = 0.777 | Final Dist 10 = 0.970 | Final Dist 100 = 2.728 | Final Dist 1000 = 5.011 | Init Dist = 12.806 | Init Dist 10 = 12.806 | Init Dist 100 = 12.806 | Init Dist 1000 = 12.806 | Learner Steps = 362 | Learner Walltime = 79.711 | Min Dist = 0.403 | Min Dist 10 = 0.178 | Min Dist 100 = 1.675 | Min Dist 1000 = 3.948 | Steps Per Second = 91.002 | Success = 1.000 | Success 1000 = 0.443
I0502 15:07:36.918139 139579566835264 terminal.py:91] [Evaluator] Actor Episodes = 668 | Actor Steps = 33400 | Delta Dist = 11.881 | Delta Dist 10 = 11.876 | Delta Dist 100 = 10.186 | Delta Dist 1000 = 7.847 | Episode Length = 50 | Episode Return = 22.0 | Evaluator Episodes = 170 | Evaluator Steps = 8500 | Final Dist = 0.925 | Final Dist 10 = 0.930 | Final Dist 100 = 2.621 | Final Dist 1000 = 4.959 | Init Dist = 12.806 | Init Dist 10 = 12.806 | Init Dist 100 = 12.806 | Init Dist 1000 = 12.806 | Learner Steps = 369 | Learner Walltime = 80.716 | Min Dist = 0.270 | Min Dist 10 = 0.221 | Min Dist 100 = 1.565 | Min Dist 1000 = 3.906 | Steps Per Second = 84.201 | Success = 1.000 | Success 1000 = 0.450
I0502 15:07:38.021602 139555013154368 terminal.py:91] [Learner] Actor Episodes = 676 | Actor Loss = 4.409121036529541 | Actor Steps = 33800 | Binary Accuracy = 0.9958877563476562 | Categorical Accuracy = 0.2994384765625 | Critic Loss = 2.7549495697021484 | Entropy Mean = -15.475357055664062 | Evaluator Episodes = 170 | Evaluator Steps = 8500 | Learner Steps = 377 | Learner Walltime = 82.220 | Logits Neg = -14.03187370300293 | Logits Pos = -2.731329917907715 | Logsumexp = 1.0671107769012451 | Steps Per Second = 1097.671
I0502 15:07:38.085665 139579566835264 terminal.py:91] [Evaluator] Actor Episodes = 676 | Actor Steps = 33800 | Delta Dist = 12.232 | Delta Dist 10 = 11.873 | Delta Dist 100 = 10.252 | Delta Dist 1000 = 7.896 | Episode Length = 50 | Episode Return = 19.0 | Evaluator Episodes = 172 | Evaluator Steps = 8600 | Final Dist = 0.574 | Final Dist 10 = 0.933 | Final Dist 100 = 2.554 | Final Dist 1000 = 4.911 | Init Dist = 12.806 | Init Dist 10 = 12.806 | Init Dist 100 = 12.806 | Init Dist 1000 = 12.806 | Learner Steps = 374 | Learner Walltime = 81.765 | Min Dist = 0.159 | Min Dist 10 = 0.255 | Min Dist 100 = 1.499 | Min Dist 1000 = 3.864 | Steps Per Second = 82.695 | Success = 1.000 | Success 1000 = 0.456
I0502 15:07:39.212063 139579566835264 terminal.py:91] [Evaluator] Actor Episodes = 684 | Actor Steps = 34200 | Delta Dist = 11.932 | Delta Dist 10 = 11.874 | Delta Dist 100 = 10.267 | Delta Dist 1000 = 7.941 | Episode Length = 50 | Episode Return = 16.0 | Evaluator Episodes = 174 | Evaluator Steps = 8700 | Final Dist = 0.874 | Final Dist 10 = 0.933 | Final Dist 100 = 2.540 | Final Dist 1000 = 4.865 | Init Dist = 12.806 | Init Dist 10 = 12.806 | Init Dist 100 = 12.806 | Init Dist 1000 = 12.806 | Learner Steps = 381 | Learner Walltime = 83.167 | Min Dist = 0.198 | Min Dist 10 = 0.291 | Min Dist 100 = 1.484 | Min Dist 1000 = 3.823 | Steps Per Second = 84.665 | Success = 1.000 | Success 1000 = 0.462
I0502 15:07:39.528944 139569349502528 terminal.py:91] [Actor] Actor Episodes = 688 | Actor Steps = 34400 | Delta Dist = 7.801 | Delta Dist 10 = 3.664 | Delta Dist 100 = 3.904 | Delta Dist 1000 = 2.336 | Episode Length = 50 | Episode Return = 31.0 | Evaluator Episodes = 174 | Evaluator Steps = 8700 | Final Dist = 1.144 | Final Dist 10 = 3.040 | Final Dist 100 = 2.179 | Final Dist 1000 = 3.650 | Init Dist = 8.944 | Init Dist 10 = 6.704 | Init Dist 100 = 6.083 | Init Dist 1000 = 5.987 | Learner Steps = 381 | Learner Walltime = 83.167 | Min Dist = 0.057 | Min Dist 10 = 0.183 | Min Dist 100 = 0.346 | Min Dist 1000 = 1.134 | Steps Per Second = 80.635 | Success = 1.000 | Success 1000 = 0.679
I0502 15:07:40.280964 139555860620864 terminal.py:91] [Actor] Actor Episodes = 693 | Actor Steps = 34650 | Delta Dist = 7.952 | Delta Dist 10 = 2.537 | Delta Dist 100 = 3.895 | Delta Dist 1000 = 2.343 | Episode Length = 50 | Episode Return = 28.0 | Evaluator Episodes = 174 | Evaluator Steps = 8700 | Final Dist = 0.111 | Final Dist 10 = 3.734 | Final Dist 100 = 2.197 | Final Dist 1000 = 3.639 | Init Dist = 8.062 | Init Dist 10 = 6.272 | Init Dist 100 = 6.091 | Init Dist 1000 = 5.982 | Learner Steps = 381 | Learner Walltime = 83.167 | Min Dist = 0.111 | Min Dist 10 = 0.348 | Min Dist 100 = 0.354 | Min Dist 1000 = 1.128 | Steps Per Second = 101.227 | Success = 1.000 | Success 1000 = 0.680
I0502 15:07:40.373094 139579566835264 terminal.py:91] [Evaluator] Actor Episodes = 692 | Actor Steps = 34600 | Delta Dist = 12.077 | Delta Dist 10 = 11.884 | Delta Dist 100 = 10.336 | Delta Dist 1000 = 7.987 | Episode Length = 50 | Episode Return = 23.0 | Evaluator Episodes = 176 | Evaluator Steps = 8800 | Final Dist = 0.729 | Final Dist 10 = 0.922 | Final Dist 100 = 2.470 | Final Dist 1000 = 4.819 | Init Dist = 12.806 | Init Dist 10 = 12.806 | Init Dist 100 = 12.806 | Init Dist 1000 = 12.806 | Learner Steps = 387 | Learner Walltime = 84.335 | Min Dist = 0.600 | Min Dist 10 = 0.282 | Min Dist 100 = 1.404 | Min Dist 1000 = 3.781 | Steps Per Second = 84.154 | Success = 1.000 | Success 1000 = 0.469
I0502 15:07:40.620236 139557462840896 terminal.py:91] [Actor] Actor Episodes = 698 | Actor Steps = 34900 | Delta Dist = 5.197 | Delta Dist 10 = 3.801 | Delta Dist 100 = 3.922 | Delta Dist 1000 = 2.349 | Episode Length = 50 | Episode Return = 39.0 | Evaluator Episodes = 176 | Evaluator Steps = 8800 | Final Dist = 0.188 | Final Dist 10 = 2.564 | Final Dist 100 = 2.251 | Final Dist 1000 = 3.639 | Init Dist = 5.385 | Init Dist 10 = 6.365 | Init Dist 100 = 6.173 | Init Dist 1000 = 5.988 | Learner Steps = 387 | Learner Walltime = 84.335 | Min Dist = 0.188 | Min Dist 10 = 0.301 | Min Dist 100 = 0.354 | Min Dist 1000 = 1.123 | Steps Per Second = 108.841 | Success = 1.000 | Success 1000 = 0.681
I0502 15:07:41.563202 139579566835264 terminal.py:91] [Evaluator] Actor Episodes = 700 | Actor Steps = 35000 | Delta Dist = 12.114 | Delta Dist 10 = 12.010 | Delta Dist 100 = 10.431 | Delta Dist 1000 = 8.033 | Episode Length = 50 | Episode Return = 25.0 | Evaluator Episodes = 178 | Evaluator Steps = 8900 | Final Dist = 0.693 | Final Dist 10 = 0.797 | Final Dist 100 = 2.375 | Final Dist 1000 = 4.773 | Init Dist = 12.806 | Init Dist 10 = 12.806 | Init Dist 100 = 12.806 | Init Dist 1000 = 12.806 | Learner Steps = 393 | Learner Walltime = 85.428 | Min Dist = 0.127 | Min Dist 10 = 0.325 | Min Dist 100 = 1.339 | Min Dist 1000 = 3.744 | Steps Per Second = 78.492 | Success = 1.000 | Success 1000 = 0.475
I0502 15:07:42.323516 139558059398720 terminal.py:91] [Actor] Actor Episodes = 703 | Actor Steps = 35150 | Delta Dist = 3.660 | Delta Dist 10 = 5.305 | Delta Dist 100 = 3.991 | Delta Dist 1000 = 2.391 | Episode Length = 50 | Episode Return = 43.0 | Evaluator Episodes = 178 | Evaluator Steps = 8900 | Final Dist = 0.340 | Final Dist 10 = 1.284 | Final Dist 100 = 2.238 | Final Dist 1000 = 3.605 | Init Dist = 4.000 | Init Dist 10 = 6.589 | Init Dist 100 = 6.229 | Init Dist 1000 = 5.996 | Learner Steps = 393 | Learner Walltime = 85.428 | Min Dist = 0.184 | Min Dist 10 = 0.189 | Min Dist 100 = 0.345 | Min Dist 1000 = 1.110 | Steps Per Second = 76.641 | Success = 1.000 | Success 1000 = 0.686
I0502 15:07:42.837056 139579566835264 terminal.py:91] [Evaluator] Actor Episodes = 710 | Actor Steps = 35500 | Delta Dist = 11.282 | Delta Dist 10 = 11.975 | Delta Dist 100 = 10.480 | Delta Dist 1000 = 8.078 | Episode Length = 50 | Episode Return = 20.0 | Evaluator Episodes = 180 | Evaluator Steps = 9000 | Final Dist = 1.524 | Final Dist 10 = 0.831 | Final Dist 100 = 2.327 | Final Dist 1000 = 4.728 | Init Dist = 12.806 | Init Dist 10 = 12.806 | Init Dist 100 = 12.806 | Init Dist 1000 = 12.806 | Learner Steps = 400 | Learner Walltime = 86.664 | Min Dist = 0.118 | Min Dist 10 = 0.268 | Min Dist 100 = 1.325 | Min Dist 1000 = 3.703 | Steps Per Second = 85.786 | Success = 1.000 | Success 1000 = 0.480
I0502 15:07:43.945501 139579566835264 terminal.py:91] [Evaluator] Actor Episodes = 718 | Actor Steps = 35900 | Delta Dist = 12.251 | Delta Dist 10 = 11.956 | Delta Dist 100 = 10.484 | Delta Dist 1000 = 8.120 | Episode Length = 50 | Episode Return = 17.0 | Evaluator Episodes = 182 | Evaluator Steps = 9100 | Final Dist = 0.555 | Final Dist 10 = 0.851 | Final Dist 100 = 2.323 | Final Dist 1000 = 4.686 | Init Dist = 12.806 | Init Dist 10 = 12.806 | Init Dist 100 = 12.806 | Init Dist 1000 = 12.806 | Learner Steps = 407 | Learner Walltime = 87.754 | Min Dist = 0.393 | Min Dist 10 = 0.240 | Min Dist 100 = 1.318 | Min Dist 1000 = 3.663 | Steps Per Second = 91.105 | Success = 1.000 | Success 1000 = 0.486
I0502 15:07:44.653076 139584504182336 lp_utils.py:96] StepsLimiter: Reached 36200 recorded steps
I0502 15:07:45.085896 139579566835264 terminal.py:91] [Evaluator] Actor Episodes = 726 | Actor Steps = 36300 | Delta Dist = 11.340 | Delta Dist 10 = 12.024 | Delta Dist 100 = 10.519 | Delta Dist 1000 = 8.164 | Episode Length = 50 | Episode Return = 14.0 | Evaluator Episodes = 184 | Evaluator Steps = 9200 | Final Dist = 1.466 | Final Dist 10 = 0.782 | Final Dist 100 = 2.287 | Final Dist 1000 = 4.642 | Init Dist = 12.806 | Init Dist 10 = 12.806 | Init Dist 100 = 12.806 | Init Dist 1000 = 12.806 | Learner Steps = 413 | Learner Walltime = 88.819 | Min Dist = 0.295 | Min Dist 10 = 0.258 | Min Dist 100 = 1.319 | Min Dist 1000 = 3.628 | Steps Per Second = 93.155 | Success = 1.000 | Success 1000 = 0.492
I0502 15:07:46.348733 139579566835264 terminal.py:91] [Evaluator] Actor Episodes = 734 | Actor Steps = 36700 | Delta Dist = 12.122 | Delta Dist 10 = 12.000 | Delta Dist 100 = 10.626 | Delta Dist 1000 = 8.204 | Episode Length = 50 | Episode Return = 25.0 | Evaluator Episodes = 186 | Evaluator Steps = 9300 | Final Dist = 0.684 | Final Dist 10 = 0.806 | Final Dist 100 = 2.180 | Final Dist 1000 = 4.602 | Init Dist = 12.806 | Init Dist 10 = 12.806 | Init Dist 100 = 12.806 | Init Dist 1000 = 12.806 | Learner Steps = 418 | Learner Walltime = 90.119 | Min Dist = 0.325 | Min Dist 10 = 0.264 | Min Dist 100 = 1.255 | Min Dist 1000 = 3.591 | Steps Per Second = 77.974 | Success = 1.000 | Success 1000 = 0.497
I0502 15:07:47.513089 139579566835264 terminal.py:91] [Evaluator] Actor Episodes = 742 | Actor Steps = 37100 | Delta Dist = 11.446 | Delta Dist 10 = 11.941 | Delta Dist 100 = 10.742 | Delta Dist 1000 = 8.242 | Episode Length = 50 | Episode Return = 2.0 | Evaluator Episodes = 188 | Evaluator Steps = 9400 | Final Dist = 1.360 | Final Dist 10 = 0.866 | Final Dist 100 = 2.064 | Final Dist 1000 = 4.564 | Init Dist = 12.806 | Init Dist 10 = 12.806 | Init Dist 100 = 12.806 | Init Dist 1000 = 12.806 | Learner Steps = 425 | Learner Walltime = 91.334 | Min Dist = 0.684 | Min Dist 10 = 0.206 | Min Dist 100 = 1.142 | Min Dist 1000 = 3.555 | Steps Per Second = 88.870 | Success = 1.000 | Success 1000 = 0.503
I0502 15:07:48.235722 139555013154368 terminal.py:91] [Learner] Actor Episodes = 746 | Actor Loss = 4.3087005615234375 | Actor Steps = 37300 | Binary Accuracy = 0.9957664012908936 | Categorical Accuracy = 0.3087158203125 | Critic Loss = 2.667088747024536 | Entropy Mean = -15.383720397949219 | Evaluator Episodes = 188 | Evaluator Steps = 9400 | Learner Steps = 430 | Learner Walltime = 92.429 | Logits Neg = -14.561700820922852 | Logits Pos = -2.663759469985962 | Logsumexp = 1.2515501976013184 | Steps Per Second = 192.160
I0502 15:07:48.687333 139579566835264 terminal.py:91] [Evaluator] Actor Episodes = 748 | Actor Steps = 37400 | Delta Dist = 11.876 | Delta Dist 10 = 11.812 | Delta Dist 100 = 10.971 | Delta Dist 1000 = 8.276 | Episode Length = 50 | Episode Return = 8.0 | Evaluator Episodes = 190 | Evaluator Steps = 9500 | Final Dist = 0.930 | Final Dist 10 = 0.994 | Final Dist 100 = 1.836 | Final Dist 1000 = 4.531 | Init Dist = 12.806 | Init Dist 10 = 12.806 | Init Dist 100 = 12.806 | Init Dist 1000 = 12.806 | Learner Steps = 430 | Learner Walltime = 92.429 | Min Dist = 0.148 | Min Dist 10 = 0.334 | Min Dist 100 = 0.984 | Min Dist 1000 = 3.525 | Steps Per Second = 89.579 | Success = 1.000 | Success 1000 = 0.508
I0502 15:07:49.569178 139569349502528 terminal.py:91] [Actor] Actor Episodes = 755 | Actor Steps = 37750 | Delta Dist = 7.410 | Delta Dist 10 = 5.071 | Delta Dist 100 = 4.427 | Delta Dist 1000 = 2.533 | Episode Length = 50 | Episode Return = 14.0 | Evaluator Episodes = 190 | Evaluator Steps = 9500 | Final Dist = 0.400 | Final Dist 10 = 1.351 | Final Dist 100 = 1.724 | Final Dist 1000 = 3.448 | Init Dist = 7.810 | Init Dist 10 = 6.421 | Init Dist 100 = 6.151 | Init Dist 1000 = 5.982 | Learner Steps = 430 | Learner Walltime = 92.429 | Min Dist = 0.209 | Min Dist 10 = 0.159 | Min Dist 100 = 0.194 | Min Dist 1000 = 1.048 | Steps Per Second = 78.157 | Success = 1.000 | Success 1000 = 0.707
I0502 15:07:49.756805 139579566835264 terminal.py:91] [Evaluator] Actor Episodes = 756 | Actor Steps = 37800 | Delta Dist = 11.754 | Delta Dist 10 = 11.774 | Delta Dist 100 = 11.204 | Delta Dist 1000 = 8.311 | Episode Length = 50 | Episode Return = 14.0 | Evaluator Episodes = 192 | Evaluator Steps = 9600 | Final Dist = 1.052 | Final Dist 10 = 1.032 | Final Dist 100 = 1.602 | Final Dist 1000 = 4.495 | Init Dist = 12.806 | Init Dist 10 = 12.806 | Init Dist 100 = 12.806 | Init Dist 1000 = 12.806 | Learner Steps = 436 | Learner Walltime = 93.663 | Min Dist = 0.411 | Min Dist 10 = 0.378 | Min Dist 100 = 0.812 | Min Dist 1000 = 3.491 | Steps Per Second = 99.765 | Success = 1.000 | Success 1000 = 0.513
I0502 15:07:50.603830 139555860620864 terminal.py:91] [Actor] Actor Episodes = 764 | Actor Steps = 38200 | Delta Dist = 9.471 | Delta Dist 10 = 3.843 | Delta Dist 100 = 4.424 | Delta Dist 1000 = 2.546 | Episode Length = 50 | Episode Return = 19.0 | Evaluator Episodes = 192 | Evaluator Steps = 9600 | Final Dist = 0.578 | Final Dist 10 = 1.736 | Final Dist 100 = 1.714 | Final Dist 1000 = 3.433 | Init Dist = 10.050 | Init Dist 10 = 5.579 | Init Dist 100 = 6.138 | Init Dist 1000 = 5.979 | Learner Steps = 436 | Learner Walltime = 93.663 | Min Dist = 0.239 | Min Dist 10 = 0.127 | Min Dist 100 = 0.188 | Min Dist 1000 = 1.041 | Steps Per Second = 87.787 | Success = 1.000 | Success 1000 = 0.710
I0502 15:07:50.735543 139557462840896 terminal.py:91] [Actor] Actor Episodes = 761 | Actor Steps = 38050 | Delta Dist = -0.719 | Delta Dist 10 = 4.598 | Delta Dist 100 = 4.463 | Delta Dist 1000 = 2.555 | Episode Length = 50 | Episode Return = 47.0 | Evaluator Episodes = 192 | Evaluator Steps = 9600 | Final Dist = 0.719 | Final Dist 10 = 1.125 | Final Dist 100 = 1.715 | Final Dist 1000 = 3.430 | Init Dist = 0.000 | Init Dist 10 = 5.723 | Init Dist 100 = 6.178 | Init Dist 1000 = 5.984 | Learner Steps = 436 | Learner Walltime = 93.663 | Min Dist = 0.000 | Min Dist 10 = 0.117 | Min Dist 100 = 0.189 | Min Dist 1000 = 1.040 | Steps Per Second = 81.231 | Success = 1.000 | Success 1000 = 0.710
I0502 15:07:50.856617 139579566835264 terminal.py:91] [Evaluator] Actor Episodes = 764 | Actor Steps = 38200 | Delta Dist = 11.428 | Delta Dist 10 = 11.712 | Delta Dist 100 = 11.209 | Delta Dist 1000 = 8.348 | Episode Length = 50 | Episode Return = 24.0 | Evaluator Episodes = 194 | Evaluator Steps = 9700 | Final Dist = 1.378 | Final Dist 10 = 1.094 | Final Dist 100 = 1.597 | Final Dist 1000 = 4.458 | Init Dist = 12.806 | Init Dist 10 = 12.806 | Init Dist 100 = 12.806 | Init Dist 1000 = 12.806 | Learner Steps = 443 | Learner Walltime = 94.827 | Min Dist = 0.239 | Min Dist 10 = 0.390 | Min Dist 100 = 0.804 | Min Dist 1000 = 3.461 | Steps Per Second = 93.059 | Success = 1.000 | Success 1000 = 0.518
I0502 15:07:52.016839 139579566835264 terminal.py:91] [Evaluator] Actor Episodes = 772 | Actor Steps = 38600 | Delta Dist = 11.584 | Delta Dist 10 = 11.636 | Delta Dist 100 = 11.216 | Delta Dist 1000 = 8.380 | Episode Length = 50 | Episode Return = 16.0 | Evaluator Episodes = 196 | Evaluator Steps = 9800 | Final Dist = 1.222 | Final Dist 10 = 1.170 | Final Dist 100 = 1.590 | Final Dist 1000 = 4.426 | Init Dist = 12.806 | Init Dist 10 = 12.806 | Init Dist 100 = 12.806 | Init Dist 1000 = 12.806 | Learner Steps = 449 | Learner Walltime = 96.031 | Min Dist = 0.355 | Min Dist 10 = 0.425 | Min Dist 100 = 0.796 | Min Dist 1000 = 3.428 | Steps Per Second = 84.172 | Success = 1.000 | Success 1000 = 0.523
I0502 15:07:52.338964 139558059398720 terminal.py:91] [Actor] Actor Episodes = 774 | Actor Steps = 38700 | Delta Dist = 6.431 | Delta Dist 10 = 2.507 | Delta Dist 100 = 4.153 | Delta Dist 1000 = 2.554 | Episode Length = 50 | Episode Return = 14.0 | Evaluator Episodes = 196 | Evaluator Steps = 9800 | Final Dist = 0.780 | Final Dist 10 = 1.531 | Final Dist 100 = 1.733 | Final Dist 1000 = 3.405 | Init Dist = 7.211 | Init Dist 10 = 4.037 | Init Dist 100 = 5.886 | Init Dist 1000 = 5.959 | Learner Steps = 449 | Learner Walltime = 96.031 | Min Dist = 0.099 | Min Dist 10 = 0.292 | Min Dist 100 = 0.191 | Min Dist 1000 = 1.030 | Steps Per Second = 78.479 | Success = 1.000 | Success 1000 = 0.712
I0502 15:07:53.261038 139579566835264 terminal.py:91] [Evaluator] Actor Episodes = 780 | Actor Steps = 39000 | Delta Dist = 11.830 | Delta Dist 10 = 11.664 | Delta Dist 100 = 11.300 | Delta Dist 1000 = 8.416 | Episode Length = 50 | Episode Return = 28.0 | Evaluator Episodes = 198 | Evaluator Steps = 9900 | Final Dist = 0.976 | Final Dist 10 = 1.143 | Final Dist 100 = 1.507 | Final Dist 1000 = 4.390 | Init Dist = 12.806 | Init Dist 10 = 12.806 | Init Dist 100 = 12.806 | Init Dist 1000 = 12.806 | Learner Steps = 455 | Learner Walltime = 97.266 | Min Dist = 0.370 | Min Dist 10 = 0.480 | Min Dist 100 = 0.719 | Min Dist 1000 = 3.398 | Steps Per Second = 83.707 | Success = 1.000 | Success 1000 = 0.528
I0502 15:07:54.369260 139579566835264 terminal.py:91] [Evaluator] Actor Episodes = 788 | Actor Steps = 39400 | Delta Dist = 10.982 | Delta Dist 10 = 11.818 | Delta Dist 100 = 11.376 | Delta Dist 1000 = 8.454 | Episode Length = 50 | Episode Return = 10.0 | Evaluator Episodes = 200 | Evaluator Steps = 10000 | Final Dist = 1.824 | Final Dist 10 = 0.988 | Final Dist 100 = 1.431 | Final Dist 1000 = 4.353 | Init Dist = 12.806 | Init Dist 10 = 12.806 | Init Dist 100 = 12.806 | Init Dist 1000 = 12.806 | Learner Steps = 462 | Learner Walltime = 98.508 | Min Dist = 0.267 | Min Dist 10 = 0.384 | Min Dist 100 = 0.650 | Min Dist 1000 = 3.367 | Steps Per Second = 87.010 | Success = 1.000 | Success 1000 = 0.533
I0502 15:07:54.668339 139584504182336 lp_utils.py:96] StepsLimiter: Reached 39400 recorded steps
I0502 15:07:55.554022 139579566835264 terminal.py:91] [Evaluator] Actor Episodes = 797 | Actor Steps = 39850 | Delta Dist = 9.632 | Delta Dist 10 = 11.774 | Delta Dist 100 = 11.396 | Delta Dist 1000 = 8.483 | Episode Length = 50 | Episode Return = 4.0 | Evaluator Episodes = 202 | Evaluator Steps = 10100 | Final Dist = 3.174 | Final Dist 10 = 1.032 | Final Dist 100 = 1.410 | Final Dist 1000 = 4.323 | Init Dist = 12.806 | Init Dist 10 = 12.806 | Init Dist 100 = 12.806 | Init Dist 1000 = 12.806 | Learner Steps = 468 | Learner Walltime = 99.606 | Min Dist = 0.491 | Min Dist 10 = 0.394 | Min Dist 100 = 0.621 | Min Dist 1000 = 3.337 | Steps Per Second = 81.356 | Success = 1.000 | Success 1000 = 0.537
I0502 15:07:56.621564 139579566835264 terminal.py:91] [Evaluator] Actor Episodes = 803 | Actor Steps = 40150 | Delta Dist = 11.480 | Delta Dist 10 = 11.512 | Delta Dist 100 = 11.440 | Delta Dist 1000 = 8.504 | Episode Length = 50 | Episode Return = 17.0 | Evaluator Episodes = 204 | Evaluator Steps = 10200 | Final Dist = 1.326 | Final Dist 10 = 1.294 | Final Dist 100 = 1.366 | Final Dist 1000 = 4.302 | Init Dist = 12.806 | Init Dist 10 = 12.806 | Init Dist 100 = 12.806 | Init Dist 1000 = 12.806 | Learner Steps = 468 | Learner Walltime = 99.606 | Min Dist = 0.290 | Min Dist 10 = 0.356 | Min Dist 100 = 0.553 | Min Dist 1000 = 3.308 | Steps Per Second = 88.310 | Success = 1.000 | Success 1000 = 0.542
I0502 15:07:57.805531 139579566835264 terminal.py:91] [Evaluator] Actor Episodes = 812 | Actor Steps = 40600 | Delta Dist = 12.533 | Delta Dist 10 = 11.563 | Delta Dist 100 = 11.523 | Delta Dist 1000 = 8.535 | Episode Length = 50 | Episode Return = 19.0 | Evaluator Episodes = 206 | Evaluator Steps = 10300 | Final Dist = 0.274 | Final Dist 10 = 1.243 | Final Dist 100 = 1.283 | Final Dist 1000 = 4.271 | Init Dist = 12.806 | Init Dist 10 = 12.806 | Init Dist 100 = 12.806 | Init Dist 1000 = 12.806 | Learner Steps = 481 | Learner Walltime = 101.965 | Min Dist = 0.060 | Min Dist 10 = 0.377 | Min Dist 100 = 0.470 | Min Dist 1000 = 3.280 | Steps Per Second = 94.087 | Success = 1.000 | Success 1000 = 0.546
I0502 15:07:58.401592 139555013154368 terminal.py:91] [Learner] Actor Episodes = 812 | Actor Loss = 4.209228992462158 | Actor Steps = 40600 | Binary Accuracy = 0.9958095550537109 | Categorical Accuracy = 0.30792236328125 | Critic Loss = 2.643242835998535 | Entropy Mean = -16.171585083007812 | Evaluator Episodes = 204 | Evaluator Steps = 10200 | Learner Steps = 484 | Learner Walltime = 102.598 | Logits Neg = -14.698747634887695 | Logits Pos = -2.613328456878662 | Logsumexp = 1.2480790615081787 | Steps Per Second = 147.660
I0502 15:07:59.030413 139579566835264 terminal.py:91] [Evaluator] Actor Episodes = 820 | Actor Steps = 41000 | Delta Dist = 12.657 | Delta Dist 10 = 11.686 | Delta Dist 100 = 11.554 | Delta Dist 1000 = 8.574 | Episode Length = 50 | Episode Return = 12.0 | Evaluator Episodes = 208 | Evaluator Steps = 10400 | Final Dist = 0.149 | Final Dist 10 = 1.121 | Final Dist 100 = 1.252 | Final Dist 1000 = 4.232 | Init Dist = 12.806 | Init Dist 10 = 12.806 | Init Dist 100 = 12.806 | Init Dist 1000 = 12.806 | Learner Steps = 488 | Learner Walltime = 103.226 | Min Dist = 0.149 | Min Dist 10 = 0.312 | Min Dist 100 = 0.451 | Min Dist 1000 = 3.249 | Steps Per Second = 89.744 | Success = 1.000 | Success 1000 = 0.551
I0502 15:07:59.783671 139569349502528 terminal.py:91] [Actor] Actor Episodes = 826 | Actor Steps = 41300 | Delta Dist = 5.495 | Delta Dist 10 = 5.136 | Delta Dist 100 = 4.246 | Delta Dist 1000 = 2.672 | Episode Length = 50 | Episode Return = 5.0 | Evaluator Episodes = 208 | Evaluator Steps = 10400 | Final Dist = 1.576 | Final Dist 10 = 1.260 | Final Dist 100 = 1.510 | Final Dist 1000 = 3.299 | Init Dist = 7.071 | Init Dist 10 = 6.397 | Init Dist 100 = 5.756 | Init Dist 1000 = 5.972 | Learner Steps = 488 | Learner Walltime = 103.226 | Min Dist = 0.019 | Min Dist 10 = 0.328 | Min Dist 100 = 0.384 | Min Dist 1000 = 1.002 | Steps Per Second = 80.213 | Success = 1.000 | Success 1000 = 0.724
I0502 15:08:00.267683 139579566835264 terminal.py:91] [Evaluator] Actor Episodes = 828 | Actor Steps = 41400 | Delta Dist = 11.036 | Delta Dist 10 = 11.731 | Delta Dist 100 = 11.592 | Delta Dist 1000 = 8.610 | Episode Length = 50 | Episode Return = 23.0 | Evaluator Episodes = 210 | Evaluator Steps = 10500 | Final Dist = 1.770 | Final Dist 10 = 1.075 | Final Dist 100 = 1.214 | Final Dist 1000 = 4.196 | Init Dist = 12.806 | Init Dist 10 = 12.806 | Init Dist 100 = 12.806 | Init Dist 1000 = 12.806 | Learner Steps = 488 | Learner Walltime = 103.226 | Min Dist = 0.127 | Min Dist 10 = 0.302 | Min Dist 100 = 0.423 | Min Dist 1000 = 3.220 | Steps Per Second = 76.429 | Success = 1.000 | Success 1000 = 0.555
I0502 15:08:00.712030 139555860620864 terminal.py:91] [Actor] Actor Episodes = 829 | Actor Steps = 41450 | Delta Dist = 2.528 | Delta Dist 10 = 6.800 | Delta Dist 100 = 4.400 | Delta Dist 1000 = 2.691 | Episode Length = 50 | Episode Return = 34.0 | Evaluator Episodes = 208 | Evaluator Steps = 10400 | Final Dist = 1.078 | Final Dist 10 = 1.002 | Final Dist 100 = 1.494 | Final Dist 1000 = 3.285 | Init Dist = 3.606 | Init Dist 10 = 7.802 | Init Dist 100 = 5.894 | Init Dist 1000 = 5.976 | Learner Steps = 488 | Learner Walltime = 103.226 | Min Dist = 0.008 | Min Dist 10 = 0.178 | Min Dist 100 = 0.384 | Min Dist 1000 = 0.996 | Steps Per Second = 82.275 | Success = 1.000 | Success 1000 = 0.725
I0502 15:08:00.753523 139557462840896 terminal.py:91] [Actor] Actor Episodes = 832 | Actor Steps = 41600 | Delta Dist = 7.060 | Delta Dist 10 = 6.302 | Delta Dist 100 = 4.373 | Delta Dist 1000 = 2.691 | Episode Length = 50 | Episode Return = 38.0 | Evaluator Episodes = 210 | Evaluator Steps = 10500 | Final Dist = 0.940 | Final Dist 10 = 1.055 | Final Dist 100 = 1.497 | Final Dist 1000 = 3.282 | Init Dist = 8.000 | Init Dist 10 = 7.357 | Init Dist 100 = 5.870 | Init Dist 1000 = 5.973 | Learner Steps = 494 | Learner Walltime = 104.487 | Min Dist = 0.198 | Min Dist 10 = 0.166 | Min Dist 100 = 0.383 | Min Dist 1000 = 0.995 | Steps Per Second = 86.563 | Success = 1.000 | Success 1000 = 0.726
I0502 15:08:01.471733 139579566835264 terminal.py:91] [Evaluator] Actor Episodes = 836 | Actor Steps = 41800 | Delta Dist = 12.117 | Delta Dist 10 = 11.766 | Delta Dist 100 = 11.585 | Delta Dist 1000 = 8.639 | Episode Length = 50 | Episode Return = 28.0 | Evaluator Episodes = 212 | Evaluator Steps = 10600 | Final Dist = 0.690 | Final Dist 10 = 1.040 | Final Dist 100 = 1.221 | Final Dist 1000 = 4.167 | Init Dist = 12.806 | Init Dist 10 = 12.806 | Init Dist 100 = 12.806 | Init Dist 1000 = 12.806 | Learner Steps = 494 | Learner Walltime = 104.487 | Min Dist = 0.152 | Min Dist 10 = 0.275 | Min Dist 100 = 0.422 | Min Dist 1000 = 3.192 | Steps Per Second = 78.975 | Success = 1.000 | Success 1000 = 0.559
I0502 15:08:02.678163 139579566835264 terminal.py:91] [Evaluator] Actor Episodes = 842 | Actor Steps = 42100 | Delta Dist = 12.482 | Delta Dist 10 = 12.015 | Delta Dist 100 = 11.599 | Delta Dist 1000 = 8.669 | Episode Length = 50 | Episode Return = 25.0 | Evaluator Episodes = 214 | Evaluator Steps = 10700 | Final Dist = 0.325 | Final Dist 10 = 0.791 | Final Dist 100 = 1.207 | Final Dist 1000 = 4.137 | Init Dist = 12.806 | Init Dist 10 = 12.806 | Init Dist 100 = 12.806 | Init Dist 1000 = 12.806 | Learner Steps = 507 | Learner Walltime = 106.836 | Min Dist = 0.278 | Min Dist 10 = 0.255 | Min Dist 100 = 0.405 | Min Dist 1000 = 3.164 | Steps Per Second = 78.944 | Success = 1.000 | Success 1000 = 0.563
I0502 15:08:02.842611 139558059398720 terminal.py:91] [Actor] Actor Episodes = 846 | Actor Steps = 42300 | Delta Dist = 2.313 | Delta Dist 10 = 2.942 | Delta Dist 100 = 4.189 | Delta Dist 1000 = 2.697 | Episode Length = 50 | Episode Return = 17.0 | Evaluator Episodes = 214 | Evaluator Steps = 10700 | Final Dist = 1.292 | Final Dist 10 = 2.024 | Final Dist 100 = 1.604 | Final Dist 1000 = 3.259 | Init Dist = 3.606 | Init Dist 10 = 4.966 | Init Dist 100 = 5.792 | Init Dist 1000 = 5.956 | Learner Steps = 507 | Learner Walltime = 106.836 | Min Dist = 0.012 | Min Dist 10 = 0.206 | Min Dist 100 = 0.387 | Min Dist 1000 = 0.983 | Steps Per Second = 88.167 | Success = 1.000 | Success 1000 = 0.730
I0502 15:08:03.761991 139579566835264 terminal.py:91] [Evaluator] Actor Episodes = 850 | Actor Steps = 42500 | Delta Dist = 12.083 | Delta Dist 10 = 12.162 | Delta Dist 100 = 11.639 | Delta Dist 1000 = 8.704 | Episode Length = 50 | Episode Return = 24.0 | Evaluator Episodes = 216 | Evaluator Steps = 10800 | Final Dist = 0.724 | Final Dist 10 = 0.644 | Final Dist 100 = 1.167 | Final Dist 1000 = 4.102 | Init Dist = 12.806 | Init Dist 10 = 12.806 | Init Dist 100 = 12.806 | Init Dist 1000 = 12.806 | Learner Steps = 512 | Learner Walltime = 107.866 | Min Dist = 0.340 | Min Dist 10 = 0.230 | Min Dist 100 = 0.391 | Min Dist 1000 = 3.138 | Steps Per Second = 95.156 | Success = 1.000 | Success 1000 = 0.567
I0502 15:08:04.685220 139584504182336 lp_utils.py:96] StepsLimiter: Reached 42800 recorded steps
I0502 15:08:04.854787 139579566835264 terminal.py:91] [Evaluator] Actor Episodes = 858 | Actor Steps = 42900 | Delta Dist = 12.395 | Delta Dist 10 = 12.053 | Delta Dist 100 = 11.659 | Delta Dist 1000 = 8.734 | Episode Length = 50 | Episode Return = 13.0 | Evaluator Episodes = 218 | Evaluator Steps = 10900 | Final Dist = 0.411 | Final Dist 10 = 0.753 | Final Dist 100 = 1.147 | Final Dist 1000 = 4.072 | Init Dist = 12.806 | Init Dist 10 = 12.806 | Init Dist 100 = 12.806 | Init Dist 1000 = 12.806 | Learner Steps = 518 | Learner Walltime = 109.042 | Min Dist = 0.305 | Min Dist 10 = 0.297 | Min Dist 100 = 0.379 | Min Dist 1000 = 3.113 | Steps Per Second = 91.848 | Success = 1.000 | Success 1000 = 0.571
I0502 15:08:06.072590 139579566835264 terminal.py:91] [Evaluator] Actor Episodes = 866 | Actor Steps = 43300 | Delta Dist = 12.530 | Delta Dist 10 = 11.974 | Delta Dist 100 = 11.679 | Delta Dist 1000 = 8.764 | Episode Length = 50 | Episode Return = 23.0 | Evaluator Episodes = 220 | Evaluator Steps = 11000 | Final Dist = 0.276 | Final Dist 10 = 0.832 | Final Dist 100 = 1.127 | Final Dist 1000 = 4.042 | Init Dist = 12.806 | Init Dist 10 = 12.806 | Init Dist 100 = 12.806 | Init Dist 1000 = 12.806 | Learner Steps = 525 | Learner Walltime = 110.272 | Min Dist = 0.176 | Min Dist 10 = 0.351 | Min Dist 100 = 0.379 | Min Dist 1000 = 3.089 | Steps Per Second = 79.903 | Success = 1.000 | Success 1000 = 0.575
I0502 15:08:07.282110 139579566835264 terminal.py:91] [Evaluator] Actor Episodes = 875 | Actor Steps = 43750 | Delta Dist = 12.438 | Delta Dist 10 = 12.048 | Delta Dist 100 = 11.703 | Delta Dist 1000 = 8.793 | Episode Length = 50 | Episode Return = 17.0 | Evaluator Episodes = 222 | Evaluator Steps = 11100 | Final Dist = 0.369 | Final Dist 10 = 0.758 | Final Dist 100 = 1.104 | Final Dist 1000 = 4.013 | Init Dist = 12.806 | Init Dist 10 = 12.806 | Init Dist 100 = 12.806 | Init Dist 1000 = 12.806 | Learner Steps = 525 | Learner Walltime = 110.272 | Min Dist = 0.125 | Min Dist 10 = 0.333 | Min Dist 100 = 0.372 | Min Dist 1000 = 3.063 | Steps Per Second = 79.688 | Success = 1.000 | Success 1000 = 0.579
I0502 15:08:08.293712 139579566835264 terminal.py:91] [Evaluator] Actor Episodes = 883 | Actor Steps = 44150 | Delta Dist = 12.092 | Delta Dist 10 = 12.076 | Delta Dist 100 = 11.715 | Delta Dist 1000 = 8.822 | Episode Length = 50 | Episode Return = 8.0 | Evaluator Episodes = 224 | Evaluator Steps = 11200 | Final Dist = 0.714 | Final Dist 10 = 0.731 | Final Dist 100 = 1.092 | Final Dist 1000 = 3.985 | Init Dist = 12.806 | Init Dist 10 = 12.806 | Init Dist 100 = 12.806 | Init Dist 1000 = 12.806 | Learner Steps = 532 | Learner Walltime = 111.518 | Min Dist = 0.446 | Min Dist 10 = 0.401 | Min Dist 100 = 0.372 | Min Dist 1000 = 3.040 | Steps Per Second = 94.331 | Success = 1.000 | Success 1000 = 0.578
I0502 15:08:08.757063 139555013154368 terminal.py:91] [Learner] Actor Episodes = 883 | Actor Loss = 4.211373805999756 | Actor Steps = 44150 | Binary Accuracy = 0.9958295822143555 | Categorical Accuracy = 0.2955322265625 | Critic Loss = 2.674534320831299 | Entropy Mean = -14.36893081665039 | Evaluator Episodes = 224 | Evaluator Steps = 11200 | Learner Steps = 539 | Learner Walltime = 112.954 | Logits Neg = -14.31662368774414 | Logits Pos = -2.6531262397766113 | Logsumexp = 1.182539939880371 | Steps Per Second = 161.204
I0502 15:08:09.441875 139579566835264 terminal.py:91] [Evaluator] Actor Episodes = 889 | Actor Steps = 44450 | Delta Dist = 11.752 | Delta Dist 10 = 11.925 | Delta Dist 100 = 11.718 | Delta Dist 1000 = 8.847 | Episode Length = 50 | Episode Return = 23.0 | Evaluator Episodes = 226 | Evaluator Steps = 11300 | Final Dist = 1.054 | Final Dist 10 = 0.882 | Final Dist 100 = 1.088 | Final Dist 1000 = 3.959 | Init Dist = 12.806 | Init Dist 10 = 12.806 | Init Dist 100 = 12.806 | Init Dist 1000 = 12.806 | Learner Steps = 538 | Learner Walltime = 112.557 | Min Dist = 0.103 | Min Dist 10 = 0.404 | Min Dist 100 = 0.378 | Min Dist 1000 = 3.016 | Steps Per Second = 86.227 | Success = 1.000 | Success 1000 = 0.582
I0502 15:08:10.049049 139569349502528 terminal.py:91] [Actor] Actor Episodes = 892 | Actor Steps = 44600 | Delta Dist = 0.365 | Delta Dist 10 = 4.894 | Delta Dist 100 = 4.439 | Delta Dist 1000 = 2.805 | Episode Length = 50 | Episode Return = 28.0 | Evaluator Episodes = 226 | Evaluator Steps = 11300 | Final Dist = 0.635 | Final Dist 10 = 0.647 | Final Dist 100 = 1.602 | Final Dist 1000 = 3.167 | Init Dist = 1.000 | Init Dist 10 = 5.541 | Init Dist 100 = 6.041 | Init Dist 1000 = 5.972 | Learner Steps = 538 | Learner Walltime = 112.557 | Min Dist = 0.402 | Min Dist 10 = 0.135 | Min Dist 100 = 0.413 | Min Dist 1000 = 0.950 | Steps Per Second = 87.140 | Success = 1.000 | Success 1000 = 0.743
I0502 15:08:10.616034 139579566835264 terminal.py:91] [Evaluator] Actor Episodes = 897 | Actor Steps = 44850 | Delta Dist = 11.471 | Delta Dist 10 = 11.885 | Delta Dist 100 = 11.719 | Delta Dist 1000 = 8.873 | Episode Length = 50 | Episode Return = 19.0 | Evaluator Episodes = 228 | Evaluator Steps = 11400 | Final Dist = 1.335 | Final Dist 10 = 0.922 | Final Dist 100 = 1.087 | Final Dist 1000 = 3.933 | Init Dist = 12.806 | Init Dist 10 = 12.806 | Init Dist 100 = 12.806 | Init Dist 1000 = 12.806 | Learner Steps = 549 | Learner Walltime = 114.801 | Min Dist = 0.137 | Min Dist 10 = 0.385 | Min Dist 100 = 0.380 | Min Dist 1000 = 2.993 | Steps Per Second = 77.512 | Success = 1.000 | Success 1000 = 0.586
I0502 15:08:10.937474 139555860620864 terminal.py:91] [Actor] Actor Episodes = 901 | Actor Steps = 45050 | Delta Dist = 5.051 | Delta Dist 10 = 4.683 | Delta Dist 100 = 4.408 | Delta Dist 1000 = 2.810 | Episode Length = 50 | Episode Return = 16.0 | Evaluator Episodes = 228 | Evaluator Steps = 11400 | Final Dist = 0.949 | Final Dist 10 = 1.157 | Final Dist 100 = 1.585 | Final Dist 1000 = 3.157 | Init Dist = 6.000 | Init Dist 10 = 5.840 | Init Dist 100 = 5.994 | Init Dist 1000 = 5.966 | Learner Steps = 549 | Learner Walltime = 114.801 | Min Dist = 0.001 | Min Dist 10 = 0.219 | Min Dist 100 = 0.394 | Min Dist 1000 = 0.946 | Steps Per Second = 81.359 | Success = 1.000 | Success 1000 = 0.745
I0502 15:08:11.131159 139557462840896 terminal.py:91] [Actor] Actor Episodes = 905 | Actor Steps = 45250 | Delta Dist = 1.318 | Delta Dist 10 = 4.718 | Delta Dist 100 = 4.370 | Delta Dist 1000 = 2.814 | Episode Length = 50 | Episode Return = 7.0 | Evaluator Episodes = 228 | Evaluator Steps = 11400 | Final Dist = 0.096 | Final Dist 10 = 0.976 | Final Dist 100 = 1.508 | Final Dist 1000 = 3.150 | Init Dist = 1.414 | Init Dist 10 = 5.694 | Init Dist 100 = 5.878 | Init Dist 1000 = 5.964 | Learner Steps = 549 | Learner Walltime = 114.801 | Min Dist = 0.096 | Min Dist 10 = 0.215 | Min Dist 100 = 0.382 | Min Dist 1000 = 0.944 | Steps Per Second = 80.723 | Success = 1.000 | Success 1000 = 0.745
I0502 15:08:11.824184 139579566835264 terminal.py:91] [Evaluator] Actor Episodes = 905 | Actor Steps = 45250 | Delta Dist = 12.409 | Delta Dist 10 = 11.835 | Delta Dist 100 = 11.751 | Delta Dist 1000 = 8.898 | Episode Length = 50 | Episode Return = 22.0 | Evaluator Episodes = 230 | Evaluator Steps = 11500 | Final Dist = 0.398 | Final Dist 10 = 0.972 | Final Dist 100 = 1.056 | Final Dist 1000 = 3.908 | Init Dist = 12.806 | Init Dist 10 = 12.806 | Init Dist 100 = 12.806 | Init Dist 1000 = 12.806 | Learner Steps = 555 | Learner Walltime = 115.929 | Min Dist = 0.244 | Min Dist 10 = 0.329 | Min Dist 100 = 0.377 | Min Dist 1000 = 2.969 | Steps Per Second = 88.522 | Success = 1.000 | Success 1000 = 0.590
I0502 15:08:12.967105 139558059398720 terminal.py:91] [Actor] Actor Episodes = 912 | Actor Steps = 45600 | Delta Dist = 4.434 | Delta Dist 10 = 3.663 | Delta Dist 100 = 4.314 | Delta Dist 1000 = 2.820 | Episode Length = 50 | Episode Return = 10.0 | Evaluator Episodes = 230 | Evaluator Steps = 11500 | Final Dist = 1.397 | Final Dist 10 = 2.595 | Final Dist 100 = 1.611 | Final Dist 1000 = 3.142 | Init Dist = 5.831 | Init Dist 10 = 6.258 | Init Dist 100 = 5.925 | Init Dist 1000 = 5.962 | Learner Steps = 555 | Learner Walltime = 115.929 | Min Dist = 0.030 | Min Dist 10 = 0.235 | Min Dist 100 = 0.330 | Min Dist 1000 = 0.936 | Steps Per Second = 82.752 | Success = 1.000 | Success 1000 = 0.747
I0502 15:08:13.041200 139579566835264 terminal.py:91] [Evaluator] Actor Episodes = 913 | Actor Steps = 45650 | Delta Dist = 11.415 | Delta Dist 10 = 11.823 | Delta Dist 100 = 11.758 | Delta Dist 1000 = 8.924 | Episode Length = 50 | Episode Return = 24.0 | Evaluator Episodes = 232 | Evaluator Steps = 11600 | Final Dist = 1.391 | Final Dist 10 = 0.984 | Final Dist 100 = 1.049 | Final Dist 1000 = 3.882 | Init Dist = 12.806 | Init Dist 10 = 12.806 | Init Dist 100 = 12.806 | Init Dist 1000 = 12.806 | Learner Steps = 555 | Learner Walltime = 115.929 | Min Dist = 0.270 | Min Dist 10 = 0.362 | Min Dist 100 = 0.376 | Min Dist 1000 = 2.946 | Steps Per Second = 87.310 | Success = 1.000 | Success 1000 = 0.593
I0502 15:08:14.213034 139579566835264 terminal.py:91] [Evaluator] Actor Episodes = 921 | Actor Steps = 46050 | Delta Dist = 12.393 | Delta Dist 10 = 11.749 | Delta Dist 100 = 11.748 | Delta Dist 1000 = 8.947 | Episode Length = 50 | Episode Return = 25.0 | Evaluator Episodes = 234 | Evaluator Steps = 11700 | Final Dist = 0.413 | Final Dist 10 = 1.058 | Final Dist 100 = 1.059 | Final Dist 1000 = 3.859 | Init Dist = 12.806 | Init Dist 10 = 12.806 | Init Dist 100 = 12.806 | Init Dist 1000 = 12.806 | Learner Steps = 561 | Learner Walltime = 117.254 | Min Dist = 0.127 | Min Dist 10 = 0.287 | Min Dist 100 = 0.376 | Min Dist 1000 = 2.922 | Steps Per Second = 81.094 | Success = 1.000 | Success 1000 = 0.597
I0502 15:08:14.699970 139584504182336 lp_utils.py:96] StepsLimiter: Reached 46350 recorded steps
I0502 15:08:15.341957 139579566835264 terminal.py:91] [Evaluator] Actor Episodes = 929 | Actor Steps = 46450 | Delta Dist = 11.873 | Delta Dist 10 = 11.877 | Delta Dist 100 = 11.768 | Delta Dist 1000 = 8.976 | Episode Length = 50 | Episode Return = 20.0 | Evaluator Episodes = 236 | Evaluator Steps = 11800 | Final Dist = 0.933 | Final Dist 10 = 0.929 | Final Dist 100 = 1.038 | Final Dist 1000 = 3.830 | Init Dist = 12.806 | Init Dist 10 = 12.806 | Init Dist 100 = 12.806 | Init Dist 1000 = 12.806 | Learner Steps = 568 | Learner Walltime = 118.598 | Min Dist = 0.062 | Min Dist 10 = 0.238 | Min Dist 100 = 0.369 | Min Dist 1000 = 2.898 | Steps Per Second = 82.343 | Success = 1.000 | Success 1000 = 0.600
I0502 15:08:16.475153 139583350109760 savers.py:156] Saving checkpoint: logs/contrastive_cpc_point_FourRooms_64/5dd72662-2788-11f0-b183-d85ed38c5779/checkpoints/learner
I0502 15:08:16.538682 139579566835264 terminal.py:91] [Evaluator] Actor Episodes = 937 | Actor Steps = 46850 | Delta Dist = 12.451 | Delta Dist 10 = 11.927 | Delta Dist 100 = 11.771 | Delta Dist 1000 = 9.002 | Episode Length = 50 | Episode Return = 16.0 | Evaluator Episodes = 238 | Evaluator Steps = 11900 | Final Dist = 0.355 | Final Dist 10 = 0.880 | Final Dist 100 = 1.035 | Final Dist 1000 = 3.805 | Init Dist = 12.806 | Init Dist 10 = 12.806 | Init Dist 100 = 12.806 | Init Dist 1000 = 12.806 | Learner Steps = 579 | Learner Walltime = 120.676 | Min Dist = 0.296 | Min Dist 10 = 0.179 | Min Dist 100 = 0.365 | Min Dist 1000 = 2.874 | Steps Per Second = 75.701 | Success = 1.000 | Success 1000 = 0.603
WARNING:tensorflow:6 out of the last 6 calls to <function MultiDeviceSaver.save.<locals>.tf_function_save at 0x7f03a2ccaca0> triggered tf.function retracing. Tracing is expensive and the excessive number of tracings could be due to (1) creating @tf.function repeatedly in a loop, (2) passing tensors with different shapes, (3) passing Python objects instead of tensors. For (1), please define your @tf.function outside of the loop. For (2), @tf.function has experimental_relax_shapes=True option that relaxes argument shapes that can avoid unnecessary retracing. For (3), please refer to https://www.tensorflow.org/guide/function#controlling_retracing and https://www.tensorflow.org/api_docs/python/tf/function for  more details.
W0502 15:08:17.285694 139583350109760 def_function.py:147] 6 out of the last 6 calls to <function MultiDeviceSaver.save.<locals>.tf_function_save at 0x7f03a2ccaca0> triggered tf.function retracing. Tracing is expensive and the excessive number of tracings could be due to (1) creating @tf.function repeatedly in a loop, (2) passing tensors with different shapes, (3) passing Python objects instead of tensors. For (1), please define your @tf.function outside of the loop. For (2), @tf.function has experimental_relax_shapes=True option that relaxes argument shapes that can avoid unnecessary retracing. For (3), please refer to https://www.tensorflow.org/guide/function#controlling_retracing and https://www.tensorflow.org/api_docs/python/tf/function for  more details.
I0502 15:08:17.844397 139579566835264 terminal.py:91] [Evaluator] Actor Episodes = 945 | Actor Steps = 47250 | Delta Dist = 12.467 | Delta Dist 10 = 11.968 | Delta Dist 100 = 11.780 | Delta Dist 1000 = 9.027 | Episode Length = 50 | Episode Return = 20.0 | Evaluator Episodes = 240 | Evaluator Steps = 12000 | Final Dist = 0.339 | Final Dist 10 = 0.838 | Final Dist 100 = 1.026 | Final Dist 1000 = 3.780 | Init Dist = 12.806 | Init Dist 10 = 12.806 | Init Dist 100 = 12.806 | Init Dist 1000 = 12.806 | Learner Steps = 584 | Learner Walltime = 121.710 | Min Dist = 0.128 | Min Dist 10 = 0.191 | Min Dist 100 = 0.364 | Min Dist 1000 = 2.853 | Steps Per Second = 87.355 | Success = 1.000 | Success 1000 = 0.607
I0502 15:08:18.785744 139555013154368 terminal.py:91] [Learner] Actor Episodes = 953 | Actor Loss = 4.144285202026367 | Actor Steps = 47650 | Binary Accuracy = 0.9959607124328613 | Categorical Accuracy = 0.3414306640625 | Critic Loss = 2.4440436363220215 | Entropy Mean = -15.93980598449707 | Evaluator Episodes = 240 | Evaluator Steps = 12000 | Learner Steps = 591 | Learner Walltime = 122.985 | Logits Neg = -15.466753959655762 | Logits Pos = -2.4463772773742676 | Logsumexp = 1.0983651876449585 | Steps Per Second = 672.862
I0502 15:08:19.128092 139579566835264 terminal.py:91] [Evaluator] Actor Episodes = 953 | Actor Steps = 47650 | Delta Dist = 12.492 | Delta Dist 10 = 12.082 | Delta Dist 100 = 11.794 | Delta Dist 1000 = 9.055 | Episode Length = 50 | Episode Return = 24.0 | Evaluator Episodes = 242 | Evaluator Steps = 12100 | Final Dist = 0.314 | Final Dist 10 = 0.725 | Final Dist 100 = 1.012 | Final Dist 1000 = 3.751 | Init Dist = 12.806 | Init Dist 10 = 12.806 | Init Dist 100 = 12.806 | Init Dist 1000 = 12.806 | Learner Steps = 590 | Learner Walltime = 122.890 | Min Dist = 0.161 | Min Dist 10 = 0.158 | Min Dist 100 = 0.365 | Min Dist 1000 = 2.830 | Steps Per Second = 81.907 | Success = 1.000 | Success 1000 = 0.610
I0502 15:08:20.245363 139569349502528 terminal.py:91] [Actor] Actor Episodes = 958 | Actor Steps = 47900 | Delta Dist = 7.807 | Delta Dist 10 = 3.734 | Delta Dist 100 = 4.378 | Delta Dist 1000 = 2.911 | Episode Length = 50 | Episode Return = 35.0 | Evaluator Episodes = 242 | Evaluator Steps = 12100 | Final Dist = 0.795 | Final Dist 10 = 1.040 | Final Dist 100 = 1.464 | Final Dist 1000 = 3.049 | Init Dist = 8.602 | Init Dist 10 = 4.774 | Init Dist 100 = 5.842 | Init Dist 1000 = 5.960 | Learner Steps = 590 | Learner Walltime = 122.890 | Min Dist = 0.025 | Min Dist 10 = 0.149 | Min Dist 100 = 0.308 | Min Dist 1000 = 0.900 | Steps Per Second = 79.049 | Success = 1.000 | Success 1000 = 0.759
I0502 15:08:20.324776 139579566835264 terminal.py:91] [Evaluator] Actor Episodes = 961 | Actor Steps = 48050 | Delta Dist = 11.964 | Delta Dist 10 = 12.257 | Delta Dist 100 = 11.815 | Delta Dist 1000 = 9.083 | Episode Length = 50 | Episode Return = 13.0 | Evaluator Episodes = 244 | Evaluator Steps = 12200 | Final Dist = 0.842 | Final Dist 10 = 0.550 | Final Dist 100 = 0.991 | Final Dist 1000 = 3.723 | Init Dist = 12.806 | Init Dist 10 = 12.806 | Init Dist 100 = 12.806 | Init Dist 1000 = 12.806 | Learner Steps = 595 | Learner Walltime = 123.935 | Min Dist = 0.258 | Min Dist 10 = 0.154 | Min Dist 100 = 0.358 | Min Dist 1000 = 2.808 | Steps Per Second = 87.337 | Success = 1.000 | Success 1000 = 0.613
I0502 15:08:21.023106 139555860620864 terminal.py:91] [Actor] Actor Episodes = 967 | Actor Steps = 48350 | Delta Dist = 0.916 | Delta Dist 10 = 4.358 | Delta Dist 100 = 4.402 | Delta Dist 1000 = 2.921 | Episode Length = 50 | Episode Return = 0.0 | Evaluator Episodes = 244 | Evaluator Steps = 12200 | Final Dist = 4.183 | Final Dist 10 = 0.970 | Final Dist 100 = 1.459 | Final Dist 1000 = 3.040 | Init Dist = 5.099 | Init Dist 10 = 5.328 | Init Dist 100 = 5.861 | Init Dist 1000 = 5.961 | Learner Steps = 600 | Learner Walltime = 124.987 | Min Dist = 0.046 | Min Dist 10 = 0.329 | Min Dist 100 = 0.329 | Min Dist 1000 = 0.898 | Steps Per Second = 94.742 | Success = 1.000 | Success 1000 = 0.758
I0502 15:08:21.398148 139579566835264 terminal.py:91] [Evaluator] Actor Episodes = 969 | Actor Steps = 48450 | Delta Dist = 12.757 | Delta Dist 10 = 12.169 | Delta Dist 100 = 11.814 | Delta Dist 1000 = 9.106 | Episode Length = 50 | Episode Return = 23.0 | Evaluator Episodes = 246 | Evaluator Steps = 12300 | Final Dist = 0.049 | Final Dist 10 = 0.637 | Final Dist 100 = 0.993 | Final Dist 1000 = 3.700 | Init Dist = 12.806 | Init Dist 10 = 12.806 | Init Dist 100 = 12.806 | Init Dist 1000 = 12.806 | Learner Steps = 600 | Learner Walltime = 124.987 | Min Dist = 0.029 | Min Dist 10 = 0.211 | Min Dist 100 = 0.362 | Min Dist 1000 = 2.788 | Steps Per Second = 94.113 | Success = 1.000 | Success 1000 = 0.616
I0502 15:08:21.674398 139557462840896 terminal.py:91] [Actor] Actor Episodes = 970 | Actor Steps = 48500 | Delta Dist = 5.119 | Delta Dist 10 = 4.164 | Delta Dist 100 = 4.346 | Delta Dist 1000 = 2.927 | Episode Length = 50 | Episode Return = 22.0 | Evaluator Episodes = 244 | Evaluator Steps = 12200 | Final Dist = 1.205 | Final Dist 10 = 1.265 | Final Dist 100 = 1.506 | Final Dist 1000 = 3.034 | Init Dist = 6.325 | Init Dist 10 = 5.429 | Init Dist 100 = 5.852 | Init Dist 1000 = 5.961 | Learner Steps = 600 | Learner Walltime = 124.987 | Min Dist = 0.127 | Min Dist 10 = 0.315 | Min Dist 100 = 0.328 | Min Dist 1000 = 0.895 | Steps Per Second = 81.443 | Success = 1.000 | Success 1000 = 0.759
I0502 15:08:22.648584 139579566835264 terminal.py:91] [Evaluator] Actor Episodes = 977 | Actor Steps = 48850 | Delta Dist = 12.076 | Delta Dist 10 = 12.219 | Delta Dist 100 = 11.815 | Delta Dist 1000 = 9.132 | Episode Length = 50 | Episode Return = 26.0 | Evaluator Episodes = 248 | Evaluator Steps = 12400 | Final Dist = 0.730 | Final Dist 10 = 0.587 | Final Dist 100 = 0.991 | Final Dist 1000 = 3.674 | Init Dist = 12.806 | Init Dist 10 = 12.806 | Init Dist 100 = 12.806 | Init Dist 1000 = 12.806 | Learner Steps = 607 | Learner Walltime = 126.049 | Min Dist = 0.119 | Min Dist 10 = 0.240 | Min Dist 100 = 0.364 | Min Dist 1000 = 2.768 | Steps Per Second = 78.156 | Success = 1.000 | Success 1000 = 0.619
I0502 15:08:23.551414 139558059398720 terminal.py:91] [Actor] Actor Episodes = 980 | Actor Steps = 49000 | Delta Dist = 7.784 | Delta Dist 10 = 4.082 | Delta Dist 100 = 4.450 | Delta Dist 1000 = 2.939 | Episode Length = 50 | Episode Return = 48.0 | Evaluator Episodes = 248 | Evaluator Steps = 12400 | Final Dist = 0.462 | Final Dist 10 = 0.773 | Final Dist 100 = 1.275 | Final Dist 1000 = 3.008 | Init Dist = 8.246 | Init Dist 10 = 4.855 | Init Dist 100 = 5.726 | Init Dist 1000 = 5.947 | Learner Steps = 612 | Learner Walltime = 127.092 | Min Dist = 0.036 | Min Dist 10 = 0.076 | Min Dist 100 = 0.195 | Min Dist 1000 = 0.884 | Steps Per Second = 78.269 | Success = 1.000 | Success 1000 = 0.762
I0502 15:08:23.797276 139579566835264 terminal.py:91] [Evaluator] Actor Episodes = 985 | Actor Steps = 49250 | Delta Dist = 11.521 | Delta Dist 10 = 12.241 | Delta Dist 100 = 11.832 | Delta Dist 1000 = 9.156 | Episode Length = 50 | Episode Return = 30.0 | Evaluator Episodes = 250 | Evaluator Steps = 12500 | Final Dist = 1.285 | Final Dist 10 = 0.565 | Final Dist 100 = 0.974 | Final Dist 1000 = 3.651 | Init Dist = 12.806 | Init Dist 10 = 12.806 | Init Dist 100 = 12.806 | Init Dist 1000 = 12.806 | Learner Steps = 612 | Learner Walltime = 127.092 | Min Dist = 0.174 | Min Dist 10 = 0.271 | Min Dist 100 = 0.367 | Min Dist 1000 = 2.749 | Steps Per Second = 89.243 | Success = 1.000 | Success 1000 = 0.622
I0502 15:08:24.717077 139584504182336 lp_utils.py:96] StepsLimiter: Reached 49550 recorded steps
I0502 15:08:24.973074 139579566835264 terminal.py:91] [Evaluator] Actor Episodes = 994 | Actor Steps = 49700 | Delta Dist = 11.612 | Delta Dist 10 = 12.041 | Delta Dist 100 = 11.836 | Delta Dist 1000 = 9.174 | Episode Length = 50 | Episode Return = 12.0 | Evaluator Episodes = 252 | Evaluator Steps = 12600 | Final Dist = 1.194 | Final Dist 10 = 0.765 | Final Dist 100 = 0.970 | Final Dist 1000 = 3.632 | Init Dist = 12.806 | Init Dist 10 = 12.806 | Init Dist 100 = 12.806 | Init Dist 1000 = 12.806 | Learner Steps = 618 | Learner Walltime = 128.344 | Min Dist = 0.852 | Min Dist 10 = 0.266 | Min Dist 100 = 0.361 | Min Dist 1000 = 2.728 | Steps Per Second = 86.325 | Success = 1.000 | Success 1000 = 0.625
I0502 15:08:26.193215 139579566835264 terminal.py:91] [Evaluator] Actor Episodes = 1002 | Actor Steps = 50100 | Delta Dist = 11.268 | Delta Dist 10 = 11.162 | Delta Dist 100 = 11.825 | Delta Dist 1000 = 9.166 | Episode Length = 50 | Episode Return = 17.0 | Evaluator Episodes = 254 | Evaluator Steps = 12700 | Final Dist = 1.539 | Final Dist 10 = 1.645 | Final Dist 100 = 0.981 | Final Dist 1000 = 3.641 | Init Dist = 12.806 | Init Dist 10 = 12.806 | Init Dist 100 = 12.806 | Init Dist 1000 = 12.806 | Learner Steps = 625 | Learner Walltime = 129.490 | Min Dist = 0.132 | Min Dist 10 = 1.008 | Min Dist 100 = 0.369 | Min Dist 1000 = 2.737 | Steps Per Second = 87.230 | Success = 1.000 | Success 1000 = 0.625
I0502 15:08:26.959721 139584635659840 savers.py:156] Saving checkpoint: logs/contrastive_cpc_point_FourRooms_64/5dd72662-2788-11f0-b183-d85ed38c5779/checkpoints/counter
I0502 15:08:27.480273 139579566835264 terminal.py:91] [Evaluator] Actor Episodes = 1010 | Actor Steps = 50500 | Delta Dist = 11.342 | Delta Dist 10 = 11.151 | Delta Dist 100 = 11.826 | Delta Dist 1000 = 9.187 | Episode Length = 50 | Episode Return = 4.0 | Evaluator Episodes = 256 | Evaluator Steps = 12800 | Final Dist = 1.464 | Final Dist 10 = 1.655 | Final Dist 100 = 0.980 | Final Dist 1000 = 3.620 | Init Dist = 12.806 | Init Dist 10 = 12.806 | Init Dist 100 = 12.806 | Init Dist 1000 = 12.806 | Learner Steps = 631 | Learner Walltime = 130.681 | Min Dist = 0.409 | Min Dist 10 = 0.973 | Min Dist 100 = 0.367 | Min Dist 1000 = 2.717 | Steps Per Second = 79.747 | Success = 1.000 | Success 1000 = 0.627
I0502 15:08:28.739099 139579566835264 terminal.py:91] [Evaluator] Actor Episodes = 1018 | Actor Steps = 50900 | Delta Dist = 12.357 | Delta Dist 10 = 10.973 | Delta Dist 100 = 11.819 | Delta Dist 1000 = 9.204 | Episode Length = 50 | Episode Return = 19.0 | Evaluator Episodes = 258 | Evaluator Steps = 12900 | Final Dist = 0.449 | Final Dist 10 = 1.833 | Final Dist 100 = 0.987 | Final Dist 1000 = 3.603 | Init Dist = 12.806 | Init Dist 10 = 12.806 | Init Dist 100 = 12.806 | Init Dist 1000 = 12.806 | Learner Steps = 637 | Learner Walltime = 131.973 | Min Dist = 0.440 | Min Dist 10 = 1.000 | Min Dist 100 = 0.360 | Min Dist 1000 = 2.699 | Steps Per Second = 87.556 | Success = 1.000 | Success 1000 = 0.630
I0502 15:08:29.032984 139555013154368 terminal.py:91] [Learner] Actor Episodes = 1020 | Actor Loss = 4.2347917556762695 | Actor Steps = 51000 | Binary Accuracy = 0.9957597255706787 | Categorical Accuracy = 0.3341064453125 | Critic Loss = 2.44954776763916 | Entropy Mean = -14.749141693115234 | Evaluator Episodes = 258 | Evaluator Steps = 12900 | Learner Steps = 643 | Learner Walltime = 133.224 | Logits Neg = -15.830450057983398 | Logits Pos = -2.415698528289795 | Logsumexp = 1.3495984077453613 | Steps Per Second = 182.027
I0502 15:08:29.997064 139579566835264 terminal.py:91] [Evaluator] Actor Episodes = 1026 | Actor Steps = 51300 | Delta Dist = 11.416 | Delta Dist 10 = 11.001 | Delta Dist 100 = 11.823 | Delta Dist 1000 = 9.227 | Episode Length = 50 | Episode Return = 5.0 | Evaluator Episodes = 260 | Evaluator Steps = 13000 | Final Dist = 1.390 | Final Dist 10 = 1.805 | Final Dist 100 = 0.983 | Final Dist 1000 = 3.579 | Init Dist = 12.806 | Init Dist 10 = 12.806 | Init Dist 100 = 12.806 | Init Dist 1000 = 12.806 | Learner Steps = 643 | Learner Walltime = 133.224 | Min Dist = 0.220 | Min Dist 10 = 0.981 | Min Dist 100 = 0.363 | Min Dist 1000 = 2.681 | Steps Per Second = 79.656 | Success = 1.000 | Success 1000 = 0.633
I0502 15:08:30.450094 139569349502528 terminal.py:91] [Actor] Actor Episodes = 1027 | Actor Steps = 51350 | Delta Dist = 11.643 | Delta Dist 10 = 5.168 | Delta Dist 100 = 4.594 | Delta Dist 1000 = 3.120 | Episode Length = 50 | Episode Return = 27.0 | Evaluator Episodes = 258 | Evaluator Steps = 12900 | Final Dist = 0.019 | Final Dist 10 = 1.249 | Final Dist 100 = 1.392 | Final Dist 1000 = 2.839 | Init Dist = 11.662 | Init Dist 10 = 6.417 | Init Dist 100 = 5.985 | Init Dist 1000 = 5.959 | Learner Steps = 643 | Learner Walltime = 133.224 | Min Dist = 0.019 | Min Dist 10 = 0.091 | Min Dist 100 = 0.239 | Min Dist 1000 = 0.781 | Steps Per Second = 92.301 | Success = 1.000 | Success 1000 = 0.777
I0502 15:08:31.165363 139555860620864 terminal.py:91] [Actor] Actor Episodes = 1031 | Actor Steps = 51550 | Delta Dist = 5.385 | Delta Dist 10 = 3.774 | Delta Dist 100 = 4.528 | Delta Dist 1000 = 3.142 | Episode Length = 50 | Episode Return = 13.0 | Evaluator Episodes = 260 | Evaluator Steps = 13000 | Final Dist = 2.425 | Final Dist 10 = 1.310 | Final Dist 100 = 1.415 | Final Dist 1000 = 2.818 | Init Dist = 7.810 | Init Dist 10 = 5.084 | Init Dist 100 = 5.944 | Init Dist 1000 = 5.960 | Learner Steps = 649 | Learner Walltime = 134.233 | Min Dist = 0.142 | Min Dist 10 = 0.068 | Min Dist 100 = 0.237 | Min Dist 1000 = 0.771 | Steps Per Second = 79.717 | Success = 1.000 | Success 1000 = 0.782
I0502 15:08:31.302125 139579566835264 terminal.py:91] [Evaluator] Actor Episodes = 1034 | Actor Steps = 51700 | Delta Dist = 12.165 | Delta Dist 10 = 10.993 | Delta Dist 100 = 11.813 | Delta Dist 1000 = 9.244 | Episode Length = 50 | Episode Return = 21.0 | Evaluator Episodes = 262 | Evaluator Steps = 13100 | Final Dist = 0.642 | Final Dist 10 = 1.813 | Final Dist 100 = 0.993 | Final Dist 1000 = 3.562 | Init Dist = 12.806 | Init Dist 10 = 12.806 | Init Dist 100 = 12.806 | Init Dist 1000 = 12.806 | Learner Steps = 655 | Learner Walltime = 135.470 | Min Dist = 0.459 | Min Dist 10 = 1.061 | Min Dist 100 = 0.372 | Min Dist 1000 = 2.664 | Steps Per Second = 76.891 | Success = 1.000 | Success 1000 = 0.636
I0502 15:08:31.965264 139557462840896 terminal.py:91] [Actor] Actor Episodes = 1040 | Actor Steps = 52000 | Delta Dist = 1.775 | Delta Dist 10 = 2.421 | Delta Dist 100 = 4.315 | Delta Dist 1000 = 3.156 | Episode Length = 50 | Episode Return = 21.0 | Evaluator Episodes = 262 | Evaluator Steps = 13100 | Final Dist = 2.225 | Final Dist 10 = 2.358 | Final Dist 100 = 1.529 | Final Dist 1000 = 2.803 | Init Dist = 4.000 | Init Dist 10 = 4.779 | Init Dist 100 = 5.844 | Init Dist 1000 = 5.959 | Learner Steps = 655 | Learner Walltime = 135.470 | Min Dist = 0.019 | Min Dist 10 = 0.087 | Min Dist 100 = 0.239 | Min Dist 1000 = 0.753 | Steps Per Second = 91.614 | Success = 1.000 | Success 1000 = 0.788
I0502 15:08:32.495526 139579566835264 terminal.py:91] [Evaluator] Actor Episodes = 1042 | Actor Steps = 52100 | Delta Dist = 11.946 | Delta Dist 10 = 11.784 | Delta Dist 100 = 11.816 | Delta Dist 1000 = 9.265 | Episode Length = 50 | Episode Return = 27.0 | Evaluator Episodes = 264 | Evaluator Steps = 13200 | Final Dist = 0.860 | Final Dist 10 = 1.022 | Final Dist 100 = 0.990 | Final Dist 1000 = 3.541 | Init Dist = 12.806 | Init Dist 10 = 12.806 | Init Dist 100 = 12.806 | Init Dist 1000 = 12.806 | Learner Steps = 655 | Learner Walltime = 135.470 | Min Dist = 0.614 | Min Dist 10 = 0.390 | Min Dist 100 = 0.379 | Min Dist 1000 = 2.648 | Steps Per Second = 80.251 | Success = 1.000 | Success 1000 = 0.639
I0502 15:08:33.646142 139579566835264 terminal.py:91] [Evaluator] Actor Episodes = 1050 | Actor Steps = 52500 | Delta Dist = 11.402 | Delta Dist 10 = 11.756 | Delta Dist 100 = 11.812 | Delta Dist 1000 = 9.284 | Episode Length = 50 | Episode Return = 5.0 | Evaluator Episodes = 266 | Evaluator Steps = 13300 | Final Dist = 1.404 | Final Dist 10 = 1.050 | Final Dist 100 = 0.994 | Final Dist 1000 = 3.523 | Init Dist = 12.806 | Init Dist 10 = 12.806 | Init Dist 100 = 12.806 | Init Dist 1000 = 12.806 | Learner Steps = 661 | Learner Walltime = 136.768 | Min Dist = 0.457 | Min Dist 10 = 0.437 | Min Dist 100 = 0.384 | Min Dist 1000 = 2.631 | Steps Per Second = 87.485 | Success = 1.000 | Success 1000 = 0.642
I0502 15:08:33.792662 139558059398720 terminal.py:91] [Actor] Actor Episodes = 1052 | Actor Steps = 52600 | Delta Dist = 6.563 | Delta Dist 10 = 3.608 | Delta Dist 100 = 4.192 | Delta Dist 1000 = 3.187 | Episode Length = 50 | Episode Return = 46.0 | Evaluator Episodes = 266 | Evaluator Steps = 13300 | Final Dist = 0.437 | Final Dist 10 = 1.711 | Final Dist 100 = 1.536 | Final Dist 1000 = 2.764 | Init Dist = 7.000 | Init Dist 10 = 5.319 | Init Dist 100 = 5.728 | Init Dist 1000 = 5.951 | Learner Steps = 661 | Learner Walltime = 136.768 | Min Dist = 0.024 | Min Dist 10 = 0.125 | Min Dist 100 = 0.222 | Min Dist 1000 = 0.718 | Steps Per Second = 79.626 | Success = 1.000 | Success 1000 = 0.799
I0502 15:08:34.745252 139584504182336 lp_utils.py:96] StepsLimiter: Reached 52900 recorded steps
I0502 15:08:34.885583 139579566835264 terminal.py:91] [Evaluator] Actor Episodes = 1058 | Actor Steps = 52900 | Delta Dist = 12.112 | Delta Dist 10 = 11.815 | Delta Dist 100 = 11.817 | Delta Dist 1000 = 9.301 | Episode Length = 50 | Episode Return = 5.0 | Evaluator Episodes = 268 | Evaluator Steps = 13400 | Final Dist = 0.695 | Final Dist 10 = 0.991 | Final Dist 100 = 0.989 | Final Dist 1000 = 3.505 | Init Dist = 12.806 | Init Dist 10 = 12.806 | Init Dist 100 = 12.806 | Init Dist 1000 = 12.806 | Learner Steps = 668 | Learner Walltime = 138.093 | Min Dist = 0.695 | Min Dist 10 = 0.414 | Min Dist 100 = 0.384 | Min Dist 1000 = 2.613 | Steps Per Second = 76.533 | Success = 1.000 | Success 1000 = 0.644
I0502 15:08:36.110545 139579566835264 terminal.py:91] [Evaluator] Actor Episodes = 1066 | Actor Steps = 53300 | Delta Dist = 11.509 | Delta Dist 10 = 11.755 | Delta Dist 100 = 11.811 | Delta Dist 1000 = 9.321 | Episode Length = 50 | Episode Return = 16.0 | Evaluator Episodes = 270 | Evaluator Steps = 13500 | Final Dist = 1.297 | Final Dist 10 = 1.051 | Final Dist 100 = 0.995 | Final Dist 1000 = 3.485 | Init Dist = 12.806 | Init Dist 10 = 12.806 | Init Dist 100 = 12.806 | Init Dist 1000 = 12.806 | Learner Steps = 680 | Learner Walltime = 140.260 | Min Dist = 0.028 | Min Dist 10 = 0.436 | Min Dist 100 = 0.385 | Min Dist 1000 = 2.597 | Steps Per Second = 84.074 | Success = 1.000 | Success 1000 = 0.647
I0502 15:08:37.255549 139579566835264 terminal.py:91] [Evaluator] Actor Episodes = 1074 | Actor Steps = 53700 | Delta Dist = 12.243 | Delta Dist 10 = 11.629 | Delta Dist 100 = 11.789 | Delta Dist 1000 = 9.332 | Episode Length = 50 | Episode Return = 17.0 | Evaluator Episodes = 272 | Evaluator Steps = 13600 | Final Dist = 0.563 | Final Dist 10 = 1.178 | Final Dist 100 = 1.018 | Final Dist 1000 = 3.474 | Init Dist = 12.806 | Init Dist 10 = 12.806 | Init Dist 100 = 12.806 | Init Dist 1000 = 12.806 | Learner Steps = 680 | Learner Walltime = 140.260 | Min Dist = 0.304 | Min Dist 10 = 0.416 | Min Dist 100 = 0.388 | Min Dist 1000 = 2.581 | Steps Per Second = 81.139 | Success = 1.000 | Success 1000 = 0.649
I0502 15:08:38.561631 139579566835264 terminal.py:91] [Evaluator] Actor Episodes = 1082 | Actor Steps = 54100 | Delta Dist = 11.834 | Delta Dist 10 = 11.675 | Delta Dist 100 = 11.796 | Delta Dist 1000 = 9.353 | Episode Length = 50 | Episode Return = 11.0 | Evaluator Episodes = 274 | Evaluator Steps = 13700 | Final Dist = 0.972 | Final Dist 10 = 1.132 | Final Dist 100 = 1.010 | Final Dist 1000 = 3.453 | Init Dist = 12.806 | Init Dist 10 = 12.806 | Init Dist 100 = 12.806 | Init Dist 1000 = 12.806 | Learner Steps = 686 | Learner Walltime = 141.481 | Min Dist = 0.823 | Min Dist 10 = 0.388 | Min Dist 100 = 0.389 | Min Dist 1000 = 2.565 | Steps Per Second = 76.735 | Success = 1.000 | Success 1000 = 0.652
I0502 15:08:39.190810 139555013154368 terminal.py:91] [Learner] Actor Episodes = 1082 | Actor Loss = 4.104702472686768 | Actor Steps = 54100 | Binary Accuracy = 0.9958059787750244 | Categorical Accuracy = 0.32855224609375 | Critic Loss = 2.4620633125305176 | Entropy Mean = -15.386062622070312 | Evaluator Episodes = 274 | Evaluator Steps = 13700 | Learner Steps = 695 | Learner Walltime = 143.390 | Logits Neg = -15.727184295654297 | Logits Pos = -2.440906047821045 | Logsumexp = 1.3047620058059692 | Steps Per Second = 152.610
I0502 15:08:39.784902 139579566835264 terminal.py:91] [Evaluator] Actor Episodes = 1090 | Actor Steps = 54500 | Delta Dist = 11.842 | Delta Dist 10 = 11.118 | Delta Dist 100 = 11.736 | Delta Dist 1000 = 9.350 | Episode Length = 50 | Episode Return = 22.0 | Evaluator Episodes = 276 | Evaluator Steps = 13800 | Final Dist = 0.965 | Final Dist 10 = 1.689 | Final Dist 100 = 1.071 | Final Dist 1000 = 3.456 | Init Dist = 12.806 | Init Dist 10 = 12.806 | Init Dist 100 = 12.806 | Init Dist 1000 = 12.806 | Learner Steps = 692 | Learner Walltime = 142.815 | Min Dist = 0.259 | Min Dist 10 = 0.971 | Min Dist 100 = 0.453 | Min Dist 1000 = 2.571 | Steps Per Second = 80.745 | Success = 1.000 | Success 1000 = 0.651
I0502 15:08:40.896435 139569349502528 terminal.py:91] [Actor] Actor Episodes = 1098 | Actor Steps = 54900 | Delta Dist = 5.198 | Delta Dist 10 = 5.294 | Delta Dist 100 = 4.015 | Delta Dist 1000 = 3.369 | Episode Length = 50 | Episode Return = 29.0 | Evaluator Episodes = 276 | Evaluator Steps = 13800 | Final Dist = 1.510 | Final Dist 10 = 1.573 | Final Dist 100 = 1.772 | Final Dist 1000 = 2.578 | Init Dist = 6.708 | Init Dist 10 = 6.867 | Init Dist 100 = 5.787 | Init Dist 1000 = 5.947 | Learner Steps = 704 | Learner Walltime = 145.064 | Min Dist = 0.093 | Min Dist 10 = 0.137 | Min Dist 100 = 0.198 | Min Dist 1000 = 0.625 | Steps Per Second = 79.701 | Success = 1.000 | Success 1000 = 0.838
I0502 15:08:41.010611 139579566835264 terminal.py:91] [Evaluator] Actor Episodes = 1098 | Actor Steps = 54900 | Delta Dist = 11.991 | Delta Dist 10 = 10.331 | Delta Dist 100 = 11.649 | Delta Dist 1000 = 9.339 | Episode Length = 50 | Episode Return = 21.0 | Evaluator Episodes = 278 | Evaluator Steps = 13900 | Final Dist = 0.815 | Final Dist 10 = 2.475 | Final Dist 100 = 1.157 | Final Dist 1000 = 3.468 | Init Dist = 12.806 | Init Dist 10 = 12.806 | Init Dist 100 = 12.806 | Init Dist 1000 = 12.806 | Learner Steps = 704 | Learner Walltime = 145.064 | Min Dist = 0.330 | Min Dist 10 = 1.647 | Min Dist 100 = 0.516 | Min Dist 1000 = 2.578 | Steps Per Second = 87.455 | Success = 1.000 | Success 1000 = 0.650
I0502 15:08:41.601596 139555860620864 terminal.py:91] [Actor] Actor Episodes = 1102 | Actor Steps = 55100 | Delta Dist = 5.405 | Delta Dist 10 = 5.473 | Delta Dist 100 = 3.955 | Delta Dist 1000 = 3.416 | Episode Length = 50 | Episode Return = 20.0 | Evaluator Episodes = 278 | Evaluator Steps = 13900 | Final Dist = 0.998 | Final Dist 10 = 1.139 | Final Dist 100 = 1.791 | Final Dist 1000 = 2.537 | Init Dist = 6.403 | Init Dist 10 = 6.612 | Init Dist 100 = 5.746 | Init Dist 1000 = 5.953 | Learner Steps = 704 | Learner Walltime = 145.064 | Min Dist = 0.169 | Min Dist 10 = 0.161 | Min Dist 100 = 0.199 | Min Dist 1000 = 0.605 | Steps Per Second = 77.115 | Success = 1.000 | Success 1000 = 0.844
I0502 15:08:42.008781 139557462840896 terminal.py:91] [Actor] Actor Episodes = 1105 | Actor Steps = 55250 | Delta Dist = 2.038 | Delta Dist 10 = 4.760 | Delta Dist 100 = 3.962 | Delta Dist 1000 = 3.416 | Episode Length = 50 | Episode Return = 14.0 | Evaluator Episodes = 278 | Evaluator Steps = 13900 | Final Dist = 0.198 | Final Dist 10 = 1.406 | Final Dist 100 = 1.745 | Final Dist 1000 = 2.525 | Init Dist = 2.236 | Init Dist 10 = 6.166 | Init Dist 100 = 5.707 | Init Dist 1000 = 5.940 | Learner Steps = 704 | Learner Walltime = 145.064 | Min Dist = 0.118 | Min Dist 10 = 0.153 | Min Dist 100 = 0.194 | Min Dist 1000 = 0.599 | Steps Per Second = 83.040 | Success = 1.000 | Success 1000 = 0.846
I0502 15:08:42.229856 139579566835264 terminal.py:91] [Evaluator] Actor Episodes = 1107 | Actor Steps = 55350 | Delta Dist = 11.938 | Delta Dist 10 = 10.363 | Delta Dist 100 = 11.650 | Delta Dist 1000 = 9.358 | Episode Length = 50 | Episode Return = 27.0 | Evaluator Episodes = 280 | Evaluator Steps = 14000 | Final Dist = 0.868 | Final Dist 10 = 2.443 | Final Dist 100 = 1.156 | Final Dist 1000 = 3.448 | Init Dist = 12.806 | Init Dist 10 = 12.806 | Init Dist 100 = 12.806 | Init Dist 1000 = 12.806 | Learner Steps = 710 | Learner Walltime = 146.247 | Min Dist = 0.337 | Min Dist 10 = 1.655 | Min Dist 100 = 0.523 | Min Dist 1000 = 2.563 | Steps Per Second = 86.207 | Success = 1.000 | Success 1000 = 0.652
I0502 15:08:43.554849 139579566835264 terminal.py:91] [Evaluator] Actor Episodes = 1115 | Actor Steps = 55750 | Delta Dist = 11.862 | Delta Dist 10 = 10.537 | Delta Dist 100 = 11.647 | Delta Dist 1000 = 9.375 | Episode Length = 50 | Episode Return = 22.0 | Evaluator Episodes = 282 | Evaluator Steps = 14100 | Final Dist = 0.944 | Final Dist 10 = 2.269 | Final Dist 100 = 1.160 | Final Dist 1000 = 3.431 | Init Dist = 12.806 | Init Dist 10 = 12.806 | Init Dist 100 = 12.806 | Init Dist 1000 = 12.806 | Learner Steps = 716 | Learner Walltime = 147.510 | Min Dist = 0.513 | Min Dist 10 = 1.636 | Min Dist 100 = 0.528 | Min Dist 1000 = 2.548 | Steps Per Second = 73.476 | Success = 1.000 | Success 1000 = 0.655
I0502 15:08:43.909233 139558059398720 terminal.py:91] [Actor] Actor Episodes = 1117 | Actor Steps = 55850 | Delta Dist = 2.527 | Delta Dist 10 = 2.838 | Delta Dist 100 = 3.779 | Delta Dist 1000 = 3.467 | Episode Length = 50 | Episode Return = 48.0 | Evaluator Episodes = 282 | Evaluator Steps = 14100 | Final Dist = 0.473 | Final Dist 10 = 3.151 | Final Dist 100 = 1.888 | Final Dist 1000 = 2.462 | Init Dist = 3.000 | Init Dist 10 = 5.989 | Init Dist 100 = 5.667 | Init Dist 1000 = 5.930 | Learner Steps = 716 | Learner Walltime = 147.510 | Min Dist = 0.034 | Min Dist 10 = 0.235 | Min Dist 100 = 0.209 | Min Dist 1000 = 0.572 | Steps Per Second = 69.605 | Success = 1.000 | Success 1000 = 0.855
I0502 15:08:44.772752 139584504182336 lp_utils.py:96] StepsLimiter: Reached 56150 recorded steps
I0502 15:08:44.817551 139579566835264 terminal.py:91] [Evaluator] Actor Episodes = 1123 | Actor Steps = 56150 | Delta Dist = 11.432 | Delta Dist 10 = 10.482 | Delta Dist 100 = 11.642 | Delta Dist 1000 = 9.393 | Episode Length = 50 | Episode Return = 24.0 | Evaluator Episodes = 284 | Evaluator Steps = 14200 | Final Dist = 1.374 | Final Dist 10 = 2.324 | Final Dist 100 = 1.164 | Final Dist 1000 = 3.413 | Init Dist = 12.806 | Init Dist 10 = 12.806 | Init Dist 100 = 12.806 | Init Dist 1000 = 12.806 | Learner Steps = 723 | Learner Walltime = 148.882 | Min Dist = 0.344 | Min Dist 10 = 1.677 | Min Dist 100 = 0.531 | Min Dist 1000 = 2.534 | Steps Per Second = 79.843 | Success = 1.000 | Success 1000 = 0.657
I0502 15:08:46.077016 139579566835264 terminal.py:91] [Evaluator] Actor Episodes = 1131 | Actor Steps = 56550 | Delta Dist = 9.946 | Delta Dist 10 = 10.363 | Delta Dist 100 = 11.572 | Delta Dist 1000 = 9.386 | Episode Length = 50 | Episode Return = 6.0 | Evaluator Episodes = 286 | Evaluator Steps = 14300 | Final Dist = 2.860 | Final Dist 10 = 2.443 | Final Dist 100 = 1.234 | Final Dist 1000 = 3.420 | Init Dist = 12.806 | Init Dist 10 = 12.806 | Init Dist 100 = 12.806 | Init Dist 1000 = 12.806 | Learner Steps = 729 | Learner Walltime = 150.126 | Min Dist = 0.406 | Min Dist 10 = 1.706 | Min Dist 100 = 0.597 | Min Dist 1000 = 2.540 | Steps Per Second = 77.751 | Success = 1.000 | Success 1000 = 0.656
I0502 15:08:47.391913 139579566835264 terminal.py:91] [Evaluator] Actor Episodes = 1139 | Actor Steps = 56950 | Delta Dist = 12.071 | Delta Dist 10 = 11.056 | Delta Dist 100 = 11.561 | Delta Dist 1000 = 9.398 | Episode Length = 50 | Episode Return = 26.0 | Evaluator Episodes = 288 | Evaluator Steps = 14400 | Final Dist = 0.736 | Final Dist 10 = 1.751 | Final Dist 100 = 1.245 | Final Dist 1000 = 3.408 | Init Dist = 12.806 | Init Dist 10 = 12.806 | Init Dist 100 = 12.806 | Init Dist 1000 = 12.806 | Learner Steps = 736 | Learner Walltime = 151.353 | Min Dist = 0.614 | Min Dist 10 = 1.042 | Min Dist 100 = 0.599 | Min Dist 1000 = 2.525 | Steps Per Second = 77.489 | Success = 1.000 | Success 1000 = 0.659
I0502 15:08:48.639561 139579566835264 terminal.py:91] [Evaluator] Actor Episodes = 1147 | Actor Steps = 57350 | Delta Dist = 12.098 | Delta Dist 10 = 11.092 | Delta Dist 100 = 11.578 | Delta Dist 1000 = 9.418 | Episode Length = 50 | Episode Return = 24.0 | Evaluator Episodes = 290 | Evaluator Steps = 14500 | Final Dist = 0.708 | Final Dist 10 = 1.714 | Final Dist 100 = 1.228 | Final Dist 1000 = 3.388 | Init Dist = 12.806 | Init Dist 10 = 12.806 | Init Dist 100 = 12.806 | Init Dist 1000 = 12.806 | Learner Steps = 741 | Learner Walltime = 152.552 | Min Dist = 0.407 | Min Dist 10 = 1.021 | Min Dist 100 = 0.592 | Min Dist 1000 = 2.510 | Steps Per Second = 80.127 | Success = 1.000 | Success 1000 = 0.661
I0502 15:08:49.348999 139555013154368 terminal.py:91] [Learner] Actor Episodes = 1145 | Actor Loss = 4.101119041442871 | Actor Steps = 57250 | Binary Accuracy = 0.9958834648132324 | Categorical Accuracy = 0.34930419921875 | Critic Loss = 2.408952236175537 | Entropy Mean = -12.543135643005371 | Evaluator Episodes = 288 | Evaluator Steps = 14400 | Learner Steps = 747 | Learner Walltime = 153.548 | Logits Neg = -15.443639755249023 | Logits Pos = -2.4043784141540527 | Logsumexp = 1.2557077407836914 | Steps Per Second = 216.324
I0502 15:08:49.993761 139579566835264 terminal.py:91] [Evaluator] Actor Episodes = 1155 | Actor Steps = 57750 | Delta Dist = 11.827 | Delta Dist 10 = 10.815 | Delta Dist 100 = 11.551 | Delta Dist 1000 = 9.424 | Episode Length = 50 | Episode Return = 21.0 | Evaluator Episodes = 292 | Evaluator Steps = 14600 | Final Dist = 0.979 | Final Dist 10 = 1.992 | Final Dist 100 = 1.256 | Final Dist 1000 = 3.382 | Init Dist = 12.806 | Init Dist 10 = 12.806 | Init Dist 100 = 12.806 | Init Dist 1000 = 12.806 | Learner Steps = 748 | Learner Walltime = 153.811 | Min Dist = 0.437 | Min Dist 10 = 1.412 | Min Dist 100 = 0.631 | Min Dist 1000 = 2.508 | Steps Per Second = 71.106 | Success = 1.000 | Success 1000 = 0.660
I0502 15:08:51.190918 139569349502528 terminal.py:91] [Actor] Actor Episodes = 1163 | Actor Steps = 58150 | Delta Dist = 1.319 | Delta Dist 10 = 4.981 | Delta Dist 100 = 3.836 | Delta Dist 1000 = 3.678 | Episode Length = 50 | Episode Return = 0.0 | Evaluator Episodes = 292 | Evaluator Steps = 14600 | Final Dist = 0.917 | Final Dist 10 = 1.089 | Final Dist 100 = 1.864 | Final Dist 1000 = 2.237 | Init Dist = 2.236 | Init Dist 10 = 6.071 | Init Dist 100 = 5.700 | Init Dist 1000 = 5.915 | Learner Steps = 754 | Learner Walltime = 155.095 | Min Dist = 0.109 | Min Dist 10 = 0.282 | Min Dist 100 = 0.282 | Min Dist 1000 = 0.509 | Steps Per Second = 80.730 | Success = 1.000 | Success 1000 = 0.889
I0502 15:08:51.226472 139579566835264 terminal.py:91] [Evaluator] Actor Episodes = 1163 | Actor Steps = 58150 | Delta Dist = 11.772 | Delta Dist 10 = 10.789 | Delta Dist 100 = 11.550 | Delta Dist 1000 = 9.441 | Episode Length = 50 | Episode Return = 5.0 | Evaluator Episodes = 294 | Evaluator Steps = 14700 | Final Dist = 1.034 | Final Dist 10 = 2.018 | Final Dist 100 = 1.256 | Final Dist 1000 = 3.365 | Init Dist = 12.806 | Init Dist 10 = 12.806 | Init Dist 100 = 12.806 | Init Dist 1000 = 12.806 | Learner Steps = 754 | Learner Walltime = 155.095 | Min Dist = 0.392 | Min Dist 10 = 1.381 | Min Dist 100 = 0.630 | Min Dist 1000 = 2.494 | Steps Per Second = 91.497 | Success = 1.000 | Success 1000 = 0.662
I0502 15:08:52.049900 139555860620864 terminal.py:91] [Actor] Actor Episodes = 1168 | Actor Steps = 58400 | Delta Dist = 7.558 | Delta Dist 10 = 5.402 | Delta Dist 100 = 4.018 | Delta Dist 1000 = 3.711 | Episode Length = 50 | Episode Return = 35.0 | Evaluator Episodes = 294 | Evaluator Steps = 14700 | Final Dist = 1.044 | Final Dist 10 = 0.832 | Final Dist 100 = 1.812 | Final Dist 1000 = 2.206 | Init Dist = 8.602 | Init Dist 10 = 6.235 | Init Dist 100 = 5.830 | Init Dist 1000 = 5.917 | Learner Steps = 754 | Learner Walltime = 155.095 | Min Dist = 0.899 | Min Dist 10 = 0.155 | Min Dist 100 = 0.279 | Min Dist 1000 = 0.504 | Steps Per Second = 86.059 | Success = 1.000 | Success 1000 = 0.890
I0502 15:08:52.058689 139557462840896 terminal.py:91] [Actor] Actor Episodes = 1169 | Actor Steps = 58450 | Delta Dist = 0.000 | Delta Dist 10 = 6.066 | Delta Dist 100 = 3.995 | Delta Dist 1000 = 3.718 | Episode Length = 50 | Episode Return = 22.0 | Evaluator Episodes = 294 | Evaluator Steps = 14700 | Final Dist = 2.828 | Final Dist 10 = 0.887 | Final Dist 100 = 1.819 | Final Dist 1000 = 2.200 | Init Dist = 2.828 | Init Dist 10 = 6.954 | Init Dist 100 = 5.813 | Init Dist 1000 = 5.918 | Learner Steps = 760 | Learner Walltime = 156.210 | Min Dist = 2.828 | Min Dist 10 = 0.238 | Min Dist 100 = 0.288 | Min Dist 1000 = 0.502 | Steps Per Second = 100.790 | Success = 0.000 | Success 1000 = 0.890
I0502 15:08:52.443765 139579566835264 terminal.py:91] [Evaluator] Actor Episodes = 1171 | Actor Steps = 58550 | Delta Dist = 5.176 | Delta Dist 10 = 11.524 | Delta Dist 100 = 11.561 | Delta Dist 1000 = 9.458 | Episode Length = 50 | Episode Return = 0.0 | Evaluator Episodes = 296 | Evaluator Steps = 14800 | Final Dist = 7.631 | Final Dist 10 = 1.282 | Final Dist 100 = 1.245 | Final Dist 1000 = 3.348 | Init Dist = 12.806 | Init Dist 10 = 12.806 | Init Dist 100 = 12.806 | Init Dist 1000 = 12.806 | Learner Steps = 760 | Learner Walltime = 156.210 | Min Dist = 6.823 | Min Dist 10 = 0.743 | Min Dist 100 = 0.629 | Min Dist 1000 = 2.480 | Steps Per Second = 81.917 | Success = 0.000 | Success 1000 = 0.664
I0502 15:08:53.706399 139579566835264 terminal.py:91] [Evaluator] Actor Episodes = 1179 | Actor Steps = 58950 | Delta Dist = 11.897 | Delta Dist 10 = 10.956 | Delta Dist 100 = 11.490 | Delta Dist 1000 = 9.451 | Episode Length = 50 | Episode Return = 26.0 | Evaluator Episodes = 298 | Evaluator Steps = 14900 | Final Dist = 0.909 | Final Dist 10 = 1.851 | Final Dist 100 = 1.316 | Final Dist 1000 = 3.355 | Init Dist = 12.806 | Init Dist 10 = 12.806 | Init Dist 100 = 12.806 | Init Dist 1000 = 12.806 | Learner Steps = 766 | Learner Walltime = 157.299 | Min Dist = 0.125 | Min Dist 10 = 1.364 | Min Dist 100 = 0.688 | Min Dist 1000 = 2.486 | Steps Per Second = 78.108 | Success = 1.000 | Success 1000 = 0.663
I0502 15:08:54.399989 139558059398720 terminal.py:91] [Actor] Actor Episodes = 1182 | Actor Steps = 59100 | Delta Dist = 6.662 | Delta Dist 10 = 5.184 | Delta Dist 100 = 4.323 | Delta Dist 1000 = 3.801 | Episode Length = 50 | Episode Return = 31.0 | Evaluator Episodes = 298 | Evaluator Steps = 14900 | Final Dist = 0.409 | Final Dist 10 = 2.041 | Final Dist 100 = 1.731 | Final Dist 1000 = 2.144 | Init Dist = 7.071 | Init Dist 10 = 7.225 | Init Dist 100 = 6.054 | Init Dist 1000 = 5.945 | Learner Steps = 766 | Learner Walltime = 157.299 | Min Dist = 0.185 | Min Dist 10 = 0.235 | Min Dist 100 = 0.237 | Min Dist 1000 = 0.477 | Steps Per Second = 81.467 | Success = 1.000 | Success 1000 = 0.896
I0502 15:08:54.792055 139584504182336 lp_utils.py:96] StepsLimiter: Reached 59250 recorded steps
I0502 15:08:54.948833 139579566835264 terminal.py:91] [Evaluator] Actor Episodes = 1187 | Actor Steps = 59350 | Delta Dist = 11.740 | Delta Dist 10 = 10.915 | Delta Dist 100 = 11.488 | Delta Dist 1000 = 9.468 | Episode Length = 50 | Episode Return = 18.0 | Evaluator Episodes = 300 | Evaluator Steps = 15000 | Final Dist = 1.067 | Final Dist 10 = 1.891 | Final Dist 100 = 1.319 | Final Dist 1000 = 3.338 | Init Dist = 12.806 | Init Dist 10 = 12.806 | Init Dist 100 = 12.806 | Init Dist 1000 = 12.806 | Learner Steps = 772 | Learner Walltime = 158.691 | Min Dist = 0.246 | Min Dist 10 = 1.324 | Min Dist 100 = 0.686 | Min Dist 1000 = 2.470 | Steps Per Second = 75.453 | Success = 1.000 | Success 1000 = 0.666
I0502 15:08:56.098935 139579566835264 terminal.py:91] [Evaluator] Actor Episodes = 1193 | Actor Steps = 59650 | Delta Dist = 11.331 | Delta Dist 10 = 11.216 | Delta Dist 100 = 11.495 | Delta Dist 1000 = 9.484 | Episode Length = 50 | Episode Return = 0.0 | Evaluator Episodes = 302 | Evaluator Steps = 15100 | Final Dist = 1.475 | Final Dist 10 = 1.591 | Final Dist 100 = 1.311 | Final Dist 1000 = 3.322 | Init Dist = 12.806 | Init Dist 10 = 12.806 | Init Dist 100 = 12.806 | Init Dist 1000 = 12.806 | Learner Steps = 778 | Learner Walltime = 159.812 | Min Dist = 1.475 | Min Dist 10 = 0.924 | Min Dist 100 = 0.684 | Min Dist 1000 = 2.456 | Steps Per Second = 89.765 | Success = 0.000 | Success 1000 = 0.668
I0502 15:08:57.300737 139579566835264 terminal.py:91] [Evaluator] Actor Episodes = 1203 | Actor Steps = 60150 | Delta Dist = 12.161 | Delta Dist 10 = 11.208 | Delta Dist 100 = 11.520 | Delta Dist 1000 = 9.499 | Episode Length = 50 | Episode Return = 13.0 | Evaluator Episodes = 304 | Evaluator Steps = 15200 | Final Dist = 0.645 | Final Dist 10 = 1.598 | Final Dist 100 = 1.287 | Final Dist 1000 = 3.307 | Init Dist = 12.806 | Init Dist 10 = 12.806 | Init Dist 100 = 12.806 | Init Dist 1000 = 12.806 | Learner Steps = 784 | Learner Walltime = 161.005 | Min Dist = 0.316 | Min Dist 10 = 1.001 | Min Dist 100 = 0.694 | Min Dist 1000 = 2.445 | Steps Per Second = 82.214 | Success = 1.000 | Success 1000 = 0.667
I0502 15:08:58.604851 139579566835264 terminal.py:91] [Evaluator] Actor Episodes = 1213 | Actor Steps = 60650 | Delta Dist = 12.564 | Delta Dist 10 = 11.232 | Delta Dist 100 = 11.528 | Delta Dist 1000 = 9.516 | Episode Length = 50 | Episode Return = 21.0 | Evaluator Episodes = 306 | Evaluator Steps = 15300 | Final Dist = 0.242 | Final Dist 10 = 1.575 | Final Dist 100 = 1.279 | Final Dist 1000 = 3.290 | Init Dist = 12.806 | Init Dist 10 = 12.806 | Init Dist 100 = 12.806 | Init Dist 1000 = 12.806 | Learner Steps = 791 | Learner Walltime = 162.247 | Min Dist = 0.061 | Min Dist 10 = 1.013 | Min Dist 100 = 0.693 | Min Dist 1000 = 2.431 | Steps Per Second = 80.249 | Success = 1.000 | Success 1000 = 0.669
I0502 15:08:59.731671 139555013154368 terminal.py:91] [Learner] Actor Episodes = 1215 | Actor Loss = 4.040165901184082 | Actor Steps = 60750 | Binary Accuracy = 0.9957790374755859 | Categorical Accuracy = 0.340576171875 | Critic Loss = 2.402940034866333 | Entropy Mean = -13.98548698425293 | Evaluator Episodes = 306 | Evaluator Steps = 15300 | Learner Steps = 800 | Learner Walltime = 163.929 | Logits Neg = -15.767838478088379 | Logits Pos = -2.356574773788452 | Logsumexp = 1.3670835494995117 | Steps Per Second = 154.729
I0502 15:08:59.848289 139579566835264 terminal.py:91] [Evaluator] Actor Episodes = 1223 | Actor Steps = 61150 | Delta Dist = 11.815 | Delta Dist 10 = 12.020 | Delta Dist 100 = 11.523 | Delta Dist 1000 = 9.535 | Episode Length = 50 | Episode Return = 2.0 | Evaluator Episodes = 308 | Evaluator Steps = 15400 | Final Dist = 0.991 | Final Dist 10 = 0.786 | Final Dist 100 = 1.283 | Final Dist 1000 = 3.272 | Init Dist = 12.806 | Init Dist 10 = 12.806 | Init Dist 100 = 12.806 | Init Dist 1000 = 12.806 | Learner Steps = 798 | Learner Walltime = 163.463 | Min Dist = 0.960 | Min Dist 10 = 0.362 | Min Dist 100 = 0.693 | Min Dist 1000 = 2.417 | Steps Per Second = 79.745 | Success = 1.000 | Success 1000 = 0.671
I0502 15:09:01.104861 139579566835264 terminal.py:91] [Evaluator] Actor Episodes = 1231 | Actor Steps = 61550 | Delta Dist = 11.757 | Delta Dist 10 = 12.020 | Delta Dist 100 = 11.517 | Delta Dist 1000 = 9.551 | Episode Length = 50 | Episode Return = 29.0 | Evaluator Episodes = 310 | Evaluator Steps = 15500 | Final Dist = 1.049 | Final Dist 10 = 0.786 | Final Dist 100 = 1.290 | Final Dist 1000 = 3.255 | Init Dist = 12.806 | Init Dist 10 = 12.806 | Init Dist 100 = 12.806 | Init Dist 1000 = 12.806 | Learner Steps = 804 | Learner Walltime = 164.537 | Min Dist = 0.219 | Min Dist 10 = 0.424 | Min Dist 100 = 0.698 | Min Dist 1000 = 2.404 | Steps Per Second = 75.574 | Success = 1.000 | Success 1000 = 0.673
I0502 15:09:01.450145 139569349502528 terminal.py:91] [Actor] Actor Episodes = 1228 | Actor Steps = 61400 | Delta Dist = 6.200 | Delta Dist 10 = 5.842 | Delta Dist 100 = 4.422 | Delta Dist 1000 = 3.918 | Episode Length = 50 | Episode Return = 18.0 | Evaluator Episodes = 308 | Evaluator Steps = 15400 | Final Dist = 0.871 | Final Dist 10 = 0.879 | Final Dist 100 = 1.733 | Final Dist 1000 = 2.055 | Init Dist = 7.071 | Init Dist 10 = 6.721 | Init Dist 100 = 6.155 | Init Dist 1000 = 5.973 | Learner Steps = 804 | Learner Walltime = 164.537 | Min Dist = 0.871 | Min Dist 10 = 0.069 | Min Dist 100 = 0.297 | Min Dist 1000 = 0.400 | Steps Per Second = 73.216 | Success = 1.000 | Success 1000 = 0.925
I0502 15:09:02.272406 139555860620864 terminal.py:91] [Actor] Actor Episodes = 1239 | Actor Steps = 61950 | Delta Dist = 2.728 | Delta Dist 10 = 4.911 | Delta Dist 100 = 4.414 | Delta Dist 1000 = 3.920 | Episode Length = 50 | Episode Return = 0.0 | Evaluator Episodes = 310 | Evaluator Steps = 15500 | Final Dist = 0.101 | Final Dist 10 = 1.099 | Final Dist 100 = 1.768 | Final Dist 1000 = 2.048 | Init Dist = 2.828 | Init Dist 10 = 6.010 | Init Dist 100 = 6.182 | Init Dist 1000 = 5.968 | Learner Steps = 808 | Learner Walltime = 165.592 | Min Dist = 0.011 | Min Dist 10 = 0.064 | Min Dist 100 = 0.279 | Min Dist 1000 = 0.393 | Steps Per Second = 83.211 | Success = 1.000 | Success 1000 = 0.930
I0502 15:09:02.293058 139557462840896 terminal.py:91] [Actor] Actor Episodes = 1234 | Actor Steps = 61700 | Delta Dist = 10.151 | Delta Dist 10 = 4.578 | Delta Dist 100 = 4.371 | Delta Dist 1000 = 3.926 | Episode Length = 50 | Episode Return = 40.0 | Evaluator Episodes = 310 | Evaluator Steps = 15500 | Final Dist = 0.144 | Final Dist 10 = 1.015 | Final Dist 100 = 1.769 | Final Dist 1000 = 2.040 | Init Dist = 10.296 | Init Dist 10 = 5.593 | Init Dist 100 = 6.140 | Init Dist 1000 = 5.967 | Learner Steps = 808 | Learner Walltime = 165.592 | Min Dist = 0.144 | Min Dist 10 = 0.052 | Min Dist 100 = 0.277 | Min Dist 1000 = 0.392 | Steps Per Second = 97.994 | Success = 1.000 | Success 1000 = 0.931
I0502 15:09:02.352627 139579566835264 terminal.py:91] [Evaluator] Actor Episodes = 1239 | Actor Steps = 61950 | Delta Dist = 11.590 | Delta Dist 10 = 11.980 | Delta Dist 100 = 11.516 | Delta Dist 1000 = 9.564 | Episode Length = 50 | Episode Return = 21.0 | Evaluator Episodes = 312 | Evaluator Steps = 15600 | Final Dist = 1.216 | Final Dist 10 = 0.826 | Final Dist 100 = 1.290 | Final Dist 1000 = 3.242 | Init Dist = 12.806 | Init Dist 10 = 12.806 | Init Dist 100 = 12.806 | Init Dist 1000 = 12.806 | Learner Steps = 808 | Learner Walltime = 165.592 | Min Dist = 0.059 | Min Dist 10 = 0.447 | Min Dist 100 = 0.701 | Min Dist 1000 = 2.391 | Steps Per Second = 82.891 | Success = 1.000 | Success 1000 = 0.675
I0502 15:09:03.598188 139579566835264 terminal.py:91] [Evaluator] Actor Episodes = 1247 | Actor Steps = 62350 | Delta Dist = 11.634 | Delta Dist 10 = 12.021 | Delta Dist 100 = 11.520 | Delta Dist 1000 = 9.580 | Episode Length = 50 | Episode Return = 21.0 | Evaluator Episodes = 314 | Evaluator Steps = 15700 | Final Dist = 1.172 | Final Dist 10 = 0.785 | Final Dist 100 = 1.286 | Final Dist 1000 = 3.226 | Init Dist = 12.806 | Init Dist 10 = 12.806 | Init Dist 100 = 12.806 | Init Dist 1000 = 12.806 | Learner Steps = 814 | Learner Walltime = 166.611 | Min Dist = 0.066 | Min Dist 10 = 0.299 | Min Dist 100 = 0.699 | Min Dist 1000 = 2.377 | Steps Per Second = 81.754 | Success = 1.000 | Success 1000 = 0.677
I0502 15:09:04.767648 139579566835264 terminal.py:91] [Evaluator] Actor Episodes = 1255 | Actor Steps = 62750 | Delta Dist = 11.652 | Delta Dist 10 = 11.920 | Delta Dist 100 = 11.503 | Delta Dist 1000 = 9.593 | Episode Length = 50 | Episode Return = 17.0 | Evaluator Episodes = 316 | Evaluator Steps = 15800 | Final Dist = 1.155 | Final Dist 10 = 0.886 | Final Dist 100 = 1.303 | Final Dist 1000 = 3.214 | Init Dist = 12.806 | Init Dist 10 = 12.806 | Init Dist 100 = 12.806 | Init Dist 1000 = 12.806 | Learner Steps = 820 | Learner Walltime = 167.860 | Min Dist = 0.198 | Min Dist 10 = 0.288 | Min Dist 100 = 0.698 | Min Dist 1000 = 2.363 | Steps Per Second = 81.604 | Success = 1.000 | Success 1000 = 0.679
I0502 15:09:04.825150 139584504182336 lp_utils.py:96] StepsLimiter: Reached 62750 recorded steps
I0502 15:09:04.841777 139558059398720 terminal.py:91] [Actor] Actor Episodes = 1252 | Actor Steps = 62600 | Delta Dist = 5.144 | Delta Dist 10 = 4.143 | Delta Dist 100 = 4.477 | Delta Dist 1000 = 3.955 | Episode Length = 50 | Episode Return = 28.0 | Evaluator Episodes = 314 | Evaluator Steps = 15700 | Final Dist = 0.687 | Final Dist 10 = 1.443 | Final Dist 100 = 1.687 | Final Dist 1000 = 2.013 | Init Dist = 5.831 | Init Dist 10 = 5.586 | Init Dist 100 = 6.164 | Init Dist 1000 = 5.968 | Learner Steps = 820 | Learner Walltime = 167.860 | Min Dist = 0.129 | Min Dist 10 = 0.196 | Min Dist 100 = 0.272 | Min Dist 1000 = 0.375 | Steps Per Second = 84.040 | Success = 1.000 | Success 1000 = 0.940
I0502 15:09:05.947867 139579566835264 terminal.py:91] [Evaluator] Actor Episodes = 1263 | Actor Steps = 63150 | Delta Dist = 11.863 | Delta Dist 10 = 11.848 | Delta Dist 100 = 11.503 | Delta Dist 1000 = 9.608 | Episode Length = 50 | Episode Return = 27.0 | Evaluator Episodes = 318 | Evaluator Steps = 15900 | Final Dist = 0.943 | Final Dist 10 = 0.959 | Final Dist 100 = 1.303 | Final Dist 1000 = 3.199 | Init Dist = 12.806 | Init Dist 10 = 12.806 | Init Dist 100 = 12.806 | Init Dist 1000 = 12.806 | Learner Steps = 832 | Learner Walltime = 170.032 | Min Dist = 0.183 | Min Dist 10 = 0.317 | Min Dist 100 = 0.695 | Min Dist 1000 = 2.350 | Steps Per Second = 85.126 | Success = 1.000 | Success 1000 = 0.681
I0502 15:09:07.150638 139579566835264 terminal.py:91] [Evaluator] Actor Episodes = 1271 | Actor Steps = 63550 | Delta Dist = 11.432 | Delta Dist 10 = 11.821 | Delta Dist 100 = 11.501 | Delta Dist 1000 = 9.622 | Episode Length = 50 | Episode Return = 18.0 | Evaluator Episodes = 320 | Evaluator Steps = 16000 | Final Dist = 1.374 | Final Dist 10 = 0.986 | Final Dist 100 = 1.305 | Final Dist 1000 = 3.184 | Init Dist = 12.806 | Init Dist 10 = 12.806 | Init Dist 100 = 12.806 | Init Dist 1000 = 12.806 | Learner Steps = 838 | Learner Walltime = 171.071 | Min Dist = 0.049 | Min Dist 10 = 0.260 | Min Dist 100 = 0.689 | Min Dist 1000 = 2.337 | Steps Per Second = 90.001 | Success = 1.000 | Success 1000 = 0.683
I0502 15:09:08.492480 139579566835264 terminal.py:91] [Evaluator] Actor Episodes = 1279 | Actor Steps = 63950 | Delta Dist = 11.932 | Delta Dist 10 = 11.806 | Delta Dist 100 = 11.492 | Delta Dist 1000 = 9.634 | Episode Length = 50 | Episode Return = 15.0 | Evaluator Episodes = 322 | Evaluator Steps = 16100 | Final Dist = 0.874 | Final Dist 10 = 1.000 | Final Dist 100 = 1.314 | Final Dist 1000 = 3.172 | Init Dist = 12.806 | Init Dist 10 = 12.806 | Init Dist 100 = 12.806 | Init Dist 1000 = 12.806 | Learner Steps = 843 | Learner Walltime = 172.323 | Min Dist = 0.171 | Min Dist 10 = 0.192 | Min Dist 100 = 0.687 | Min Dist 1000 = 2.323 | Steps Per Second = 75.874 | Success = 1.000 | Success 1000 = 0.685
I0502 15:09:09.713134 139579566835264 terminal.py:91] [Evaluator] Actor Episodes = 1287 | Actor Steps = 64350 | Delta Dist = 12.063 | Delta Dist 10 = 11.814 | Delta Dist 100 = 11.494 | Delta Dist 1000 = 9.649 | Episode Length = 50 | Episode Return = 11.0 | Evaluator Episodes = 324 | Evaluator Steps = 16200 | Final Dist = 0.743 | Final Dist 10 = 0.993 | Final Dist 100 = 1.312 | Final Dist 1000 = 3.157 | Init Dist = 12.806 | Init Dist 10 = 12.806 | Init Dist 100 = 12.806 | Init Dist 1000 = 12.806 | Learner Steps = 849 | Learner Walltime = 173.367 | Min Dist = 0.221 | Min Dist 10 = 0.221 | Min Dist 100 = 0.681 | Min Dist 1000 = 2.310 | Steps Per Second = 90.299 | Success = 1.000 | Success 1000 = 0.687
I0502 15:09:09.745904 139555013154368 terminal.py:91] [Learner] Actor Episodes = 1281 | Actor Loss = 4.05335807800293 | Actor Steps = 64050 | Binary Accuracy = 0.995908260345459 | Categorical Accuracy = 0.359619140625 | Critic Loss = 2.325798511505127 | Entropy Mean = -14.299697875976562 | Evaluator Episodes = 322 | Evaluator Steps = 16100 | Learner Steps = 851 | Learner Walltime = 173.942 | Logits Neg = -15.790884017944336 | Logits Pos = -2.309920310974121 | Logsumexp = 1.2793316841125488 | Steps Per Second = 131.571
I0502 15:09:10.905239 139579566835264 terminal.py:91] [Evaluator] Actor Episodes = 1295 | Actor Steps = 64750 | Delta Dist = 12.036 | Delta Dist 10 = 11.958 | Delta Dist 100 = 11.507 | Delta Dist 1000 = 9.666 | Episode Length = 50 | Episode Return = 12.0 | Evaluator Episodes = 326 | Evaluator Steps = 16300 | Final Dist = 0.770 | Final Dist 10 = 0.848 | Final Dist 100 = 1.299 | Final Dist 1000 = 3.141 | Init Dist = 12.806 | Init Dist 10 = 12.806 | Init Dist 100 = 12.806 | Init Dist 1000 = 12.806 | Learner Steps = 854 | Learner Walltime = 174.560 | Min Dist = 0.361 | Min Dist 10 = 0.201 | Min Dist 100 = 0.678 | Min Dist 1000 = 2.297 | Steps Per Second = 82.860 | Success = 1.000 | Success 1000 = 0.689
I0502 15:09:11.952190 139569349502528 terminal.py:91] [Actor] Actor Episodes = 1301 | Actor Steps = 65050 | Delta Dist = 6.738 | Delta Dist 10 = 4.892 | Delta Dist 100 = 4.118 | Delta Dist 1000 = 3.978 | Episode Length = 50 | Episode Return = 29.0 | Evaluator Episodes = 326 | Evaluator Steps = 16300 | Final Dist = 0.334 | Final Dist 10 = 2.291 | Final Dist 100 = 2.052 | Final Dist 1000 = 1.977 | Init Dist = 7.071 | Init Dist 10 = 7.184 | Init Dist 100 = 6.169 | Init Dist 1000 = 5.955 | Learner Steps = 860 | Learner Walltime = 175.679 | Min Dist = 0.010 | Min Dist 10 = 0.186 | Min Dist 100 = 0.365 | Min Dist 1000 = 0.354 | Steps Per Second = 94.128 | Success = 1.000 | Success 1000 = 0.949
I0502 15:09:12.006763 139579566835264 terminal.py:91] [Evaluator] Actor Episodes = 1303 | Actor Steps = 65150 | Delta Dist = 9.659 | Delta Dist 10 = 11.957 | Delta Dist 100 = 11.510 | Delta Dist 1000 = 9.679 | Episode Length = 50 | Episode Return = 0.0 | Evaluator Episodes = 328 | Evaluator Steps = 16400 | Final Dist = 3.148 | Final Dist 10 = 0.849 | Final Dist 100 = 1.296 | Final Dist 1000 = 3.127 | Init Dist = 12.806 | Init Dist 10 = 12.806 | Init Dist 100 = 12.806 | Init Dist 1000 = 12.806 | Learner Steps = 860 | Learner Walltime = 175.679 | Min Dist = 1.957 | Min Dist 10 = 0.191 | Min Dist 100 = 0.675 | Min Dist 1000 = 2.284 | Steps Per Second = 85.071 | Success = 0.000 | Success 1000 = 0.691
I0502 15:09:12.605528 139557462840896 terminal.py:91] [Actor] Actor Episodes = 1305 | Actor Steps = 65250 | Delta Dist = 4.800 | Delta Dist 10 = 5.523 | Delta Dist 100 = 4.119 | Delta Dist 1000 = 4.000 | Episode Length = 50 | Episode Return = 33.0 | Evaluator Episodes = 328 | Evaluator Steps = 16400 | Final Dist = 0.299 | Final Dist 10 = 1.271 | Final Dist 100 = 1.957 | Final Dist 1000 = 1.958 | Init Dist = 5.099 | Init Dist 10 = 6.795 | Init Dist 100 = 6.076 | Init Dist 1000 = 5.958 | Learner Steps = 860 | Learner Walltime = 175.679 | Min Dist = 0.093 | Min Dist 10 = 0.315 | Min Dist 100 = 0.366 | Min Dist 1000 = 0.350 | Steps Per Second = 80.032 | Success = 1.000 | Success 1000 = 0.948
I0502 15:09:12.633402 139555860620864 terminal.py:91] [Actor] Actor Episodes = 1304 | Actor Steps = 65200 | Delta Dist = 5.855 | Delta Dist 10 = 5.903 | Delta Dist 100 = 4.157 | Delta Dist 1000 = 4.006 | Episode Length = 50 | Episode Return = 33.0 | Evaluator Episodes = 326 | Evaluator Steps = 16300 | Final Dist = 0.228 | Final Dist 10 = 1.227 | Final Dist 100 = 1.891 | Final Dist 1000 = 1.956 | Init Dist = 6.083 | Init Dist 10 = 7.130 | Init Dist 100 = 6.049 | Init Dist 1000 = 5.961 | Learner Steps = 860 | Learner Walltime = 175.679 | Min Dist = 0.228 | Min Dist 10 = 0.317 | Min Dist 100 = 0.299 | Min Dist 1000 = 0.349 | Steps Per Second = 78.948 | Success = 1.000 | Success 1000 = 0.948
I0502 15:09:13.204805 139579566835264 terminal.py:91] [Evaluator] Actor Episodes = 1311 | Actor Steps = 65550 | Delta Dist = 11.996 | Delta Dist 10 = 11.772 | Delta Dist 100 = 11.495 | Delta Dist 1000 = 9.687 | Episode Length = 50 | Episode Return = 24.0 | Evaluator Episodes = 330 | Evaluator Steps = 16500 | Final Dist = 0.810 | Final Dist 10 = 1.034 | Final Dist 100 = 1.311 | Final Dist 1000 = 3.119 | Init Dist = 12.806 | Init Dist 10 = 12.806 | Init Dist 100 = 12.806 | Init Dist 1000 = 12.806 | Learner Steps = 866 | Learner Walltime = 176.920 | Min Dist = 0.150 | Min Dist 10 = 0.387 | Min Dist 100 = 0.695 | Min Dist 1000 = 2.278 | Steps Per Second = 83.110 | Success = 1.000 | Success 1000 = 0.690
I0502 15:09:14.478555 139579566835264 terminal.py:91] [Evaluator] Actor Episodes = 1319 | Actor Steps = 65950 | Delta Dist = 5.090 | Delta Dist 10 = 11.849 | Delta Dist 100 = 11.495 | Delta Dist 1000 = 9.701 | Episode Length = 50 | Episode Return = 0.0 | Evaluator Episodes = 332 | Evaluator Steps = 16600 | Final Dist = 7.716 | Final Dist 10 = 0.957 | Final Dist 100 = 1.311 | Final Dist 1000 = 3.105 | Init Dist = 12.806 | Init Dist 10 = 12.806 | Init Dist 100 = 12.806 | Init Dist 1000 = 12.806 | Learner Steps = 872 | Learner Walltime = 178.087 | Min Dist = 6.846 | Min Dist 10 = 0.425 | Min Dist 100 = 0.694 | Min Dist 1000 = 2.265 | Steps Per Second = 75.425 | Success = 0.000 | Success 1000 = 0.692
I0502 15:09:14.844344 139584504182336 lp_utils.py:96] StepsLimiter: Reached 65950 recorded steps
I0502 15:09:15.343952 139558059398720 terminal.py:91] [Actor] Actor Episodes = 1323 | Actor Steps = 66150 | Delta Dist = 2.408 | Delta Dist 10 = 4.173 | Delta Dist 100 = 4.190 | Delta Dist 1000 = 4.022 | Episode Length = 50 | Episode Return = 44.0 | Evaluator Episodes = 332 | Evaluator Steps = 16600 | Final Dist = 0.755 | Final Dist 10 = 1.533 | Final Dist 100 = 1.755 | Final Dist 1000 = 1.926 | Init Dist = 3.162 | Init Dist 10 = 5.706 | Init Dist 100 = 5.945 | Init Dist 1000 = 5.949 | Learner Steps = 879 | Learner Walltime = 179.194 | Min Dist = 0.089 | Min Dist 10 = 0.527 | Min Dist 100 = 0.403 | Min Dist 1000 = 0.339 | Steps Per Second = 82.808 | Success = 1.000 | Success 1000 = 0.954
I0502 15:09:15.723890 139579566835264 terminal.py:91] [Evaluator] Actor Episodes = 1327 | Actor Steps = 66350 | Delta Dist = 11.896 | Delta Dist 10 = 11.183 | Delta Dist 100 = 11.437 | Delta Dist 1000 = 9.695 | Episode Length = 50 | Episode Return = 22.0 | Evaluator Episodes = 334 | Evaluator Steps = 16700 | Final Dist = 0.910 | Final Dist 10 = 1.623 | Final Dist 100 = 1.369 | Final Dist 1000 = 3.111 | Init Dist = 12.806 | Init Dist 10 = 12.806 | Init Dist 100 = 12.806 | Init Dist 1000 = 12.806 | Learner Steps = 879 | Learner Walltime = 179.194 | Min Dist = 0.287 | Min Dist 10 = 1.085 | Min Dist 100 = 0.760 | Min Dist 1000 = 2.273 | Steps Per Second = 81.573 | Success = 1.000 | Success 1000 = 0.691
I0502 15:09:16.989545 139579566835264 terminal.py:91] [Evaluator] Actor Episodes = 1335 | Actor Steps = 66750 | Delta Dist = 11.439 | Delta Dist 10 = 11.086 | Delta Dist 100 = 11.428 | Delta Dist 1000 = 9.708 | Episode Length = 50 | Episode Return = 15.0 | Evaluator Episodes = 336 | Evaluator Steps = 16800 | Final Dist = 1.367 | Final Dist 10 = 1.720 | Final Dist 100 = 1.379 | Final Dist 1000 = 3.098 | Init Dist = 12.806 | Init Dist 10 = 12.806 | Init Dist 100 = 12.806 | Init Dist 1000 = 12.806 | Learner Steps = 884 | Learner Walltime = 180.289 | Min Dist = 0.207 | Min Dist 10 = 1.083 | Min Dist 100 = 0.763 | Min Dist 1000 = 2.261 | Steps Per Second = 75.064 | Success = 1.000 | Success 1000 = 0.693
I0502 15:09:17.421354 139583350109760 savers.py:156] Saving checkpoint: logs/contrastive_cpc_point_FourRooms_64/5dd72662-2788-11f0-b183-d85ed38c5779/checkpoints/learner
I0502 15:09:18.370440 139579566835264 terminal.py:91] [Evaluator] Actor Episodes = 1343 | Actor Steps = 67150 | Delta Dist = 12.035 | Delta Dist 10 = 10.994 | Delta Dist 100 = 11.417 | Delta Dist 1000 = 9.718 | Episode Length = 50 | Episode Return = 22.0 | Evaluator Episodes = 338 | Evaluator Steps = 16900 | Final Dist = 0.771 | Final Dist 10 = 1.812 | Final Dist 100 = 1.389 | Final Dist 1000 = 3.088 | Init Dist = 12.806 | Init Dist 10 = 12.806 | Init Dist 100 = 12.806 | Init Dist 1000 = 12.806 | Learner Steps = 892 | Learner Walltime = 182.499 | Min Dist = 0.402 | Min Dist 10 = 1.103 | Min Dist 100 = 0.768 | Min Dist 1000 = 2.249 | Steps Per Second = 73.578 | Success = 1.000 | Success 1000 = 0.694
I0502 15:09:19.616316 139579566835264 terminal.py:91] [Evaluator] Actor Episodes = 1351 | Actor Steps = 67550 | Delta Dist = 12.272 | Delta Dist 10 = 11.201 | Delta Dist 100 = 11.418 | Delta Dist 1000 = 9.732 | Episode Length = 50 | Episode Return = 28.0 | Evaluator Episodes = 340 | Evaluator Steps = 17000 | Final Dist = 0.534 | Final Dist 10 = 1.605 | Final Dist 100 = 1.388 | Final Dist 1000 = 3.074 | Init Dist = 12.806 | Init Dist 10 = 12.806 | Init Dist 100 = 12.806 | Init Dist 1000 = 12.806 | Learner Steps = 900 | Learner Walltime = 183.532 | Min Dist = 0.058 | Min Dist 10 = 0.911 | Min Dist 100 = 0.767 | Min Dist 1000 = 2.237 | Steps Per Second = 77.758 | Success = 1.000 | Success 1000 = 0.696
I0502 15:09:19.944629 139555013154368 terminal.py:91] [Learner] Actor Episodes = 1347 | Actor Loss = 4.054141998291016 | Actor Steps = 67350 | Binary Accuracy = 0.9958434104919434 | Categorical Accuracy = 0.35260009765625 | Critic Loss = 2.374014377593994 | Entropy Mean = -14.989652633666992 | Evaluator Episodes = 338 | Evaluator Steps = 16900 | Learner Steps = 903 | Learner Walltime = 184.145 | Logits Neg = -15.757057189941406 | Logits Pos = -2.3446145057678223 | Logsumexp = 1.305387258529663 | Steps Per Second = 304.448
I0502 15:09:20.897994 139579566835264 terminal.py:91] [Evaluator] Actor Episodes = 1359 | Actor Steps = 67950 | Delta Dist = 12.233 | Delta Dist 10 = 11.295 | Delta Dist 100 = 11.416 | Delta Dist 1000 = 9.748 | Episode Length = 50 | Episode Return = 27.0 | Evaluator Episodes = 342 | Evaluator Steps = 17100 | Final Dist = 0.573 | Final Dist 10 = 1.511 | Final Dist 100 = 1.390 | Final Dist 1000 = 3.059 | Init Dist = 12.806 | Init Dist 10 = 12.806 | Init Dist 100 = 12.806 | Init Dist 1000 = 12.806 | Learner Steps = 906 | Learner Walltime = 184.734 | Min Dist = 0.112 | Min Dist 10 = 0.881 | Min Dist 100 = 0.766 | Min Dist 1000 = 2.225 | Steps Per Second = 77.764 | Success = 1.000 | Success 1000 = 0.698
I0502 15:09:22.000321 139569349502528 terminal.py:91] [Actor] Actor Episodes = 1367 | Actor Steps = 68350 | Delta Dist = 10.011 | Delta Dist 10 = 3.198 | Delta Dist 100 = 3.965 | Delta Dist 1000 = 4.128 | Episode Length = 50 | Episode Return = 27.0 | Evaluator Episodes = 342 | Evaluator Steps = 17100 | Final Dist = 0.806 | Final Dist 10 = 2.103 | Final Dist 100 = 1.853 | Final Dist 1000 = 1.811 | Init Dist = 10.817 | Init Dist 10 = 5.301 | Init Dist 100 = 5.819 | Init Dist 1000 = 5.939 | Learner Steps = 912 | Learner Walltime = 186.028 | Min Dist = 0.148 | Min Dist 10 = 0.508 | Min Dist 100 = 0.451 | Min Dist 1000 = 0.323 | Steps Per Second = 71.932 | Success = 1.000 | Success 1000 = 0.958
I0502 15:09:22.188246 139579566835264 terminal.py:91] [Evaluator] Actor Episodes = 1367 | Actor Steps = 68350 | Delta Dist = 12.431 | Delta Dist 10 = 11.920 | Delta Dist 100 = 11.404 | Delta Dist 1000 = 9.760 | Episode Length = 50 | Episode Return = 20.0 | Evaluator Episodes = 344 | Evaluator Steps = 17200 | Final Dist = 0.376 | Final Dist 10 = 0.886 | Final Dist 100 = 1.402 | Final Dist 1000 = 3.046 | Init Dist = 12.806 | Init Dist 10 = 12.806 | Init Dist 100 = 12.806 | Init Dist 1000 = 12.806 | Learner Steps = 912 | Learner Walltime = 186.028 | Min Dist = 0.178 | Min Dist 10 = 0.213 | Min Dist 100 = 0.766 | Min Dist 1000 = 2.213 | Steps Per Second = 76.072 | Success = 1.000 | Success 1000 = 0.700
I0502 15:09:22.939032 139557462840896 terminal.py:91] [Actor] Actor Episodes = 1371 | Actor Steps = 68550 | Delta Dist = 5.654 | Delta Dist 10 = 4.031 | Delta Dist 100 = 4.066 | Delta Dist 1000 = 4.127 | Episode Length = 50 | Episode Return = 20.0 | Evaluator Episodes = 344 | Evaluator Steps = 17200 | Final Dist = 1.557 | Final Dist 10 = 1.282 | Final Dist 100 = 1.803 | Final Dist 1000 = 1.811 | Init Dist = 7.211 | Init Dist 10 = 5.313 | Init Dist 100 = 5.870 | Init Dist 1000 = 5.938 | Learner Steps = 912 | Learner Walltime = 186.028 | Min Dist = 0.026 | Min Dist 10 = 0.168 | Min Dist 100 = 0.443 | Min Dist 1000 = 0.323 | Steps Per Second = 84.878 | Success = 1.000 | Success 1000 = 0.961
I0502 15:09:23.123778 139555860620864 terminal.py:91] [Actor] Actor Episodes = 1373 | Actor Steps = 68650 | Delta Dist = 1.667 | Delta Dist 10 = 4.606 | Delta Dist 100 = 4.059 | Delta Dist 1000 = 4.129 | Episode Length = 50 | Episode Return = 17.0 | Evaluator Episodes = 344 | Evaluator Steps = 17200 | Final Dist = 0.333 | Final Dist 10 = 1.129 | Final Dist 100 = 1.820 | Final Dist 1000 = 1.808 | Init Dist = 2.000 | Init Dist 10 = 5.734 | Init Dist 100 = 5.878 | Init Dist 1000 = 5.937 | Learner Steps = 918 | Learner Walltime = 187.230 | Min Dist = 0.012 | Min Dist 10 = 0.164 | Min Dist 100 = 0.441 | Min Dist 1000 = 0.322 | Steps Per Second = 75.657 | Success = 1.000 | Success 1000 = 0.961
I0502 15:09:23.410239 139579566835264 terminal.py:91] [Evaluator] Actor Episodes = 1375 | Actor Steps = 68750 | Delta Dist = 11.813 | Delta Dist 10 = 12.046 | Delta Dist 100 = 11.415 | Delta Dist 1000 = 9.776 | Episode Length = 50 | Episode Return = 6.0 | Evaluator Episodes = 346 | Evaluator Steps = 17300 | Final Dist = 0.993 | Final Dist 10 = 0.761 | Final Dist 100 = 1.391 | Final Dist 1000 = 3.031 | Init Dist = 12.806 | Init Dist 10 = 12.806 | Init Dist 100 = 12.806 | Init Dist 1000 = 12.806 | Learner Steps = 918 | Learner Walltime = 187.230 | Min Dist = 0.647 | Min Dist 10 = 0.206 | Min Dist 100 = 0.762 | Min Dist 1000 = 2.201 | Steps Per Second = 85.042 | Success = 1.000 | Success 1000 = 0.701
I0502 15:09:24.759940 139579566835264 terminal.py:91] [Evaluator] Actor Episodes = 1383 | Actor Steps = 69150 | Delta Dist = 5.347 | Delta Dist 10 = 12.187 | Delta Dist 100 = 11.414 | Delta Dist 1000 = 9.790 | Episode Length = 50 | Episode Return = 0.0 | Evaluator Episodes = 348 | Evaluator Steps = 17400 | Final Dist = 7.459 | Final Dist 10 = 0.619 | Final Dist 100 = 1.393 | Final Dist 1000 = 3.017 | Init Dist = 12.806 | Init Dist 10 = 12.806 | Init Dist 100 = 12.806 | Init Dist 1000 = 12.806 | Learner Steps = 925 | Learner Walltime = 188.565 | Min Dist = 6.836 | Min Dist 10 = 0.211 | Min Dist 100 = 0.765 | Min Dist 1000 = 2.191 | Steps Per Second = 74.374 | Success = 0.000 | Success 1000 = 0.703
I0502 15:09:24.861881 139584504182336 lp_utils.py:96] StepsLimiter: Reached 69150 recorded steps
I0502 15:09:25.909712 139558059398720 terminal.py:91] [Actor] Actor Episodes = 1386 | Actor Steps = 69300 | Delta Dist = 4.446 | Delta Dist 10 = 2.430 | Delta Dist 100 = 4.060 | Delta Dist 1000 = 4.122 | Episode Length = 50 | Episode Return = 37.0 | Evaluator Episodes = 348 | Evaluator Steps = 17400 | Final Dist = 0.939 | Final Dist 10 = 2.251 | Final Dist 100 = 1.819 | Final Dist 1000 = 1.803 | Init Dist = 5.385 | Init Dist 10 = 4.680 | Init Dist 100 = 5.880 | Init Dist 1000 = 5.925 | Learner Steps = 925 | Learner Walltime = 188.565 | Min Dist = 0.939 | Min Dist 10 = 0.175 | Min Dist 100 = 0.346 | Min Dist 1000 = 0.320 | Steps Per Second = 69.926 | Success = 1.000 | Success 1000 = 0.960
I0502 15:09:26.046290 139579566835264 terminal.py:91] [Evaluator] Actor Episodes = 1391 | Actor Steps = 69550 | Delta Dist = 12.165 | Delta Dist 10 = 11.554 | Delta Dist 100 = 11.349 | Delta Dist 1000 = 9.784 | Episode Length = 50 | Episode Return = 24.0 | Evaluator Episodes = 350 | Evaluator Steps = 17500 | Final Dist = 0.642 | Final Dist 10 = 1.252 | Final Dist 100 = 1.457 | Final Dist 1000 = 3.022 | Init Dist = 12.806 | Init Dist 10 = 12.806 | Init Dist 100 = 12.806 | Init Dist 1000 = 12.806 | Learner Steps = 931 | Learner Walltime = 189.802 | Min Dist = 0.031 | Min Dist 10 = 0.884 | Min Dist 100 = 0.828 | Min Dist 1000 = 2.199 | Steps Per Second = 71.910 | Success = 1.000 | Success 1000 = 0.702
I0502 15:09:27.309962 139579566835264 terminal.py:91] [Evaluator] Actor Episodes = 1399 | Actor Steps = 69950 | Delta Dist = 12.099 | Delta Dist 10 = 11.531 | Delta Dist 100 = 11.365 | Delta Dist 1000 = 9.799 | Episode Length = 50 | Episode Return = 24.0 | Evaluator Episodes = 352 | Evaluator Steps = 17600 | Final Dist = 0.707 | Final Dist 10 = 1.276 | Final Dist 100 = 1.441 | Final Dist 1000 = 3.008 | Init Dist = 12.806 | Init Dist 10 = 12.806 | Init Dist 100 = 12.806 | Init Dist 1000 = 12.806 | Learner Steps = 936 | Learner Walltime = 190.836 | Min Dist = 0.147 | Min Dist 10 = 0.904 | Min Dist 100 = 0.830 | Min Dist 1000 = 2.187 | Steps Per Second = 80.833 | Success = 1.000 | Success 1000 = 0.704
I0502 15:09:27.333515 139584635659840 savers.py:156] Saving checkpoint: logs/contrastive_cpc_point_FourRooms_64/5dd72662-2788-11f0-b183-d85ed38c5779/checkpoints/counter
I0502 15:09:28.654947 139579566835264 terminal.py:91] [Evaluator] Actor Episodes = 1407 | Actor Steps = 70350 | Delta Dist = 12.116 | Delta Dist 10 = 11.547 | Delta Dist 100 = 11.442 | Delta Dist 1000 = 9.811 | Episode Length = 50 | Episode Return = 32.0 | Evaluator Episodes = 354 | Evaluator Steps = 17700 | Final Dist = 0.690 | Final Dist 10 = 1.260 | Final Dist 100 = 1.364 | Final Dist 1000 = 2.996 | Init Dist = 12.806 | Init Dist 10 = 12.806 | Init Dist 100 = 12.806 | Init Dist 1000 = 12.806 | Learner Steps = 940 | Learner Walltime = 191.913 | Min Dist = 0.357 | Min Dist 10 = 0.889 | Min Dist 100 = 0.754 | Min Dist 1000 = 2.175 | Steps Per Second = 74.716 | Success = 1.000 | Success 1000 = 0.705
I0502 15:09:29.941938 139579566835264 terminal.py:91] [Evaluator] Actor Episodes = 1415 | Actor Steps = 70750 | Delta Dist = 12.477 | Delta Dist 10 = 11.541 | Delta Dist 100 = 11.454 | Delta Dist 1000 = 9.825 | Episode Length = 50 | Episode Return = 27.0 | Evaluator Episodes = 356 | Evaluator Steps = 17800 | Final Dist = 0.329 | Final Dist 10 = 1.265 | Final Dist 100 = 1.352 | Final Dist 1000 = 2.981 | Init Dist = 12.806 | Init Dist 10 = 12.806 | Init Dist 100 = 12.806 | Init Dist 1000 = 12.806 | Learner Steps = 947 | Learner Walltime = 193.213 | Min Dist = 0.065 | Min Dist 10 = 0.896 | Min Dist 100 = 0.754 | Min Dist 1000 = 2.164 | Steps Per Second = 74.862 | Success = 1.000 | Success 1000 = 0.707
I0502 15:09:30.246152 139555013154368 terminal.py:91] [Learner] Actor Episodes = 1415 | Actor Loss = 4.042871475219727 | Actor Steps = 70750 | Binary Accuracy = 0.9958081245422363 | Categorical Accuracy = 0.35284423828125 | Critic Loss = 2.3556361198425293 | Entropy Mean = -12.774248123168945 | Evaluator Episodes = 356 | Evaluator Steps = 17800 | Learner Steps = 953 | Learner Walltime = 194.439 | Logits Neg = -15.702225685119629 | Logits Pos = -2.3314194679260254 | Logsumexp = 1.316358208656311 | Steps Per Second = 174.739
I0502 15:09:31.135041 139579566835264 terminal.py:91] [Evaluator] Actor Episodes = 1423 | Actor Steps = 71150 | Delta Dist = 12.572 | Delta Dist 10 = 11.472 | Delta Dist 100 = 11.464 | Delta Dist 1000 = 9.837 | Episode Length = 50 | Episode Return = 20.0 | Evaluator Episodes = 358 | Evaluator Steps = 17900 | Final Dist = 0.234 | Final Dist 10 = 1.334 | Final Dist 100 = 1.343 | Final Dist 1000 = 2.970 | Init Dist = 12.806 | Init Dist 10 = 12.806 | Init Dist 100 = 12.806 | Init Dist 1000 = 12.806 | Learner Steps = 953 | Learner Walltime = 194.439 | Min Dist = 0.146 | Min Dist 10 = 0.869 | Min Dist 100 = 0.752 | Min Dist 1000 = 2.154 | Steps Per Second = 78.724 | Success = 1.000 | Success 1000 = 0.709
I0502 15:09:32.259198 139569349502528 terminal.py:91] [Actor] Actor Episodes = 1431 | Actor Steps = 71550 | Delta Dist = 6.164 | Delta Dist 10 = 4.809 | Delta Dist 100 = 4.023 | Delta Dist 1000 = 4.163 | Episode Length = 50 | Episode Return = 35.0 | Evaluator Episodes = 358 | Evaluator Steps = 17900 | Final Dist = 0.161 | Final Dist 10 = 2.151 | Final Dist 100 = 1.886 | Final Dist 1000 = 1.774 | Init Dist = 6.325 | Init Dist 10 = 6.960 | Init Dist 100 = 5.909 | Init Dist 1000 = 5.937 | Learner Steps = 959 | Learner Walltime = 195.550 | Min Dist = 0.034 | Min Dist 10 = 0.160 | Min Dist 100 = 0.236 | Min Dist 1000 = 0.305 | Steps Per Second = 86.384 | Success = 1.000 | Success 1000 = 0.962
I0502 15:09:32.319451 139579566835264 terminal.py:91] [Evaluator] Actor Episodes = 1431 | Actor Steps = 71550 | Delta Dist = 11.746 | Delta Dist 10 = 12.186 | Delta Dist 100 = 11.468 | Delta Dist 1000 = 9.851 | Episode Length = 50 | Episode Return = 22.0 | Evaluator Episodes = 360 | Evaluator Steps = 18000 | Final Dist = 1.060 | Final Dist 10 = 0.620 | Final Dist 100 = 1.338 | Final Dist 1000 = 2.955 | Init Dist = 12.806 | Init Dist 10 = 12.806 | Init Dist 100 = 12.806 | Init Dist 1000 = 12.806 | Learner Steps = 959 | Learner Walltime = 195.550 | Min Dist = 0.074 | Min Dist 10 = 0.170 | Min Dist 100 = 0.747 | Min Dist 1000 = 2.142 | Steps Per Second = 91.016 | Success = 1.000 | Success 1000 = 0.710
I0502 15:09:33.142767 139557462840896 terminal.py:91] [Actor] Actor Episodes = 1435 | Actor Steps = 71750 | Delta Dist = 2.529 | Delta Dist 10 = 5.079 | Delta Dist 100 = 3.998 | Delta Dist 1000 = 4.164 | Episode Length = 50 | Episode Return = 31.0 | Evaluator Episodes = 360 | Evaluator Steps = 18000 | Final Dist = 1.471 | Final Dist 10 = 1.462 | Final Dist 100 = 1.844 | Final Dist 1000 = 1.756 | Init Dist = 4.000 | Init Dist 10 = 6.542 | Init Dist 100 = 5.843 | Init Dist 1000 = 5.920 | Learner Steps = 965 | Learner Walltime = 196.680 | Min Dist = 0.104 | Min Dist 10 = 0.076 | Min Dist 100 = 0.227 | Min Dist 1000 = 0.305 | Steps Per Second = 82.424 | Success = 1.000 | Success 1000 = 0.962
I0502 15:09:33.368777 139555860620864 terminal.py:91] [Actor] Actor Episodes = 1437 | Actor Steps = 71850 | Delta Dist = 4.601 | Delta Dist 10 = 4.609 | Delta Dist 100 = 3.939 | Delta Dist 1000 = 4.161 | Episode Length = 50 | Episode Return = 23.0 | Evaluator Episodes = 360 | Evaluator Steps = 18000 | Final Dist = 0.399 | Final Dist 10 = 1.473 | Final Dist 100 = 1.854 | Final Dist 1000 = 1.757 | Init Dist = 5.000 | Init Dist 10 = 6.082 | Init Dist 100 = 5.793 | Init Dist 1000 = 5.918 | Learner Steps = 965 | Learner Walltime = 196.680 | Min Dist = 0.181 | Min Dist 10 = 0.068 | Min Dist 100 = 0.226 | Min Dist 1000 = 0.305 | Steps Per Second = 86.739 | Success = 1.000 | Success 1000 = 0.962
I0502 15:09:33.583359 139579566835264 terminal.py:91] [Evaluator] Actor Episodes = 1437 | Actor Steps = 71850 | Delta Dist = 12.023 | Delta Dist 10 = 12.118 | Delta Dist 100 = 11.478 | Delta Dist 1000 = 9.863 | Episode Length = 50 | Episode Return = 6.0 | Evaluator Episodes = 362 | Evaluator Steps = 18100 | Final Dist = 0.783 | Final Dist 10 = 0.688 | Final Dist 100 = 1.329 | Final Dist 1000 = 2.943 | Init Dist = 12.806 | Init Dist 10 = 12.806 | Init Dist 100 = 12.806 | Init Dist 1000 = 12.806 | Learner Steps = 970 | Learner Walltime = 197.710 | Min Dist = 0.398 | Min Dist 10 = 0.168 | Min Dist 100 = 0.740 | Min Dist 1000 = 2.131 | Steps Per Second = 85.428 | Success = 1.000 | Success 1000 = 0.712
I0502 15:09:34.724857 139579566835264 terminal.py:91] [Evaluator] Actor Episodes = 1445 | Actor Steps = 72250 | Delta Dist = 11.414 | Delta Dist 10 = 12.075 | Delta Dist 100 = 11.471 | Delta Dist 1000 = 9.873 | Episode Length = 50 | Episode Return = 12.0 | Evaluator Episodes = 364 | Evaluator Steps = 18200 | Final Dist = 1.392 | Final Dist 10 = 0.731 | Final Dist 100 = 1.335 | Final Dist 1000 = 2.933 | Init Dist = 12.806 | Init Dist 10 = 12.806 | Init Dist 100 = 12.806 | Init Dist 1000 = 12.806 | Learner Steps = 975 | Learner Walltime = 198.785 | Min Dist = 0.034 | Min Dist 10 = 0.195 | Min Dist 100 = 0.735 | Min Dist 1000 = 2.121 | Steps Per Second = 87.101 | Success = 1.000 | Success 1000 = 0.713
I0502 15:09:34.878288 139584504182336 lp_utils.py:96] StepsLimiter: Reached 72350 recorded steps
I0502 15:09:35.987247 139558059398720 terminal.py:91] [Actor] Actor Episodes = 1450 | Actor Steps = 72500 | Delta Dist = 7.803 | Delta Dist 10 = 4.484 | Delta Dist 100 = 3.821 | Delta Dist 1000 = 4.144 | Episode Length = 50 | Episode Return = 31.0 | Evaluator Episodes = 364 | Evaluator Steps = 18200 | Final Dist = 0.259 | Final Dist 10 = 1.010 | Final Dist 100 = 1.810 | Final Dist 1000 = 1.745 | Init Dist = 8.062 | Init Dist 10 = 5.494 | Init Dist 100 = 5.631 | Init Dist 1000 = 5.889 | Learner Steps = 975 | Learner Walltime = 198.785 | Min Dist = 0.111 | Min Dist 10 = 0.117 | Min Dist 100 = 0.225 | Min Dist 1000 = 0.302 | Steps Per Second = 73.969 | Success = 1.000 | Success 1000 = 0.964
I0502 15:09:35.993626 139579566835264 terminal.py:91] [Evaluator] Actor Episodes = 1453 | Actor Steps = 72650 | Delta Dist = 12.481 | Delta Dist 10 = 11.874 | Delta Dist 100 = 11.466 | Delta Dist 1000 = 9.882 | Episode Length = 50 | Episode Return = 15.0 | Evaluator Episodes = 366 | Evaluator Steps = 18300 | Final Dist = 0.325 | Final Dist 10 = 0.932 | Final Dist 100 = 1.340 | Final Dist 1000 = 2.925 | Init Dist = 12.806 | Init Dist 10 = 12.806 | Init Dist 100 = 12.806 | Init Dist 1000 = 12.806 | Learner Steps = 981 | Learner Walltime = 200.014 | Min Dist = 0.234 | Min Dist 10 = 0.164 | Min Dist 100 = 0.727 | Min Dist 1000 = 2.109 | Steps Per Second = 73.829 | Success = 1.000 | Success 1000 = 0.715
I0502 15:09:37.227629 139579566835264 terminal.py:91] [Evaluator] Actor Episodes = 1463 | Actor Steps = 73150 | Delta Dist = 11.502 | Delta Dist 10 = 11.996 | Delta Dist 100 = 11.482 | Delta Dist 1000 = 9.896 | Episode Length = 50 | Episode Return = 20.0 | Evaluator Episodes = 368 | Evaluator Steps = 18400 | Final Dist = 1.304 | Final Dist 10 = 0.811 | Final Dist 100 = 1.325 | Final Dist 1000 = 2.911 | Init Dist = 12.806 | Init Dist 10 = 12.806 | Init Dist 100 = 12.806 | Init Dist 1000 = 12.806 | Learner Steps = 987 | Learner Walltime = 201.033 | Min Dist = 0.202 | Min Dist 10 = 0.156 | Min Dist 100 = 0.726 | Min Dist 1000 = 2.099 | Steps Per Second = 81.396 | Success = 1.000 | Success 1000 = 0.717
I0502 15:09:38.486027 139579566835264 terminal.py:91] [Evaluator] Actor Episodes = 1469 | Actor Steps = 73450 | Delta Dist = 12.368 | Delta Dist 10 = 11.863 | Delta Dist 100 = 11.479 | Delta Dist 1000 = 9.906 | Episode Length = 50 | Episode Return = 14.0 | Evaluator Episodes = 370 | Evaluator Steps = 18500 | Final Dist = 0.438 | Final Dist 10 = 0.943 | Final Dist 100 = 1.327 | Final Dist 1000 = 2.901 | Init Dist = 12.806 | Init Dist 10 = 12.806 | Init Dist 100 = 12.806 | Init Dist 1000 = 12.806 | Learner Steps = 991 | Learner Walltime = 202.039 | Min Dist = 0.367 | Min Dist 10 = 0.169 | Min Dist 100 = 0.720 | Min Dist 1000 = 2.089 | Steps Per Second = 80.291 | Success = 1.000 | Success 1000 = 0.718
I0502 15:09:39.684743 139579566835264 terminal.py:91] [Evaluator] Actor Episodes = 1477 | Actor Steps = 73850 | Delta Dist = 12.695 | Delta Dist 10 = 11.847 | Delta Dist 100 = 11.499 | Delta Dist 1000 = 9.916 | Episode Length = 50 | Episode Return = 16.0 | Evaluator Episodes = 372 | Evaluator Steps = 18600 | Final Dist = 0.111 | Final Dist 10 = 0.959 | Final Dist 100 = 1.307 | Final Dist 1000 = 2.890 | Init Dist = 12.806 | Init Dist 10 = 12.806 | Init Dist 100 = 12.806 | Init Dist 1000 = 12.806 | Learner Steps = 997 | Learner Walltime = 203.262 | Min Dist = 0.111 | Min Dist 10 = 0.171 | Min Dist 100 = 0.716 | Min Dist 1000 = 2.078 | Steps Per Second = 83.762 | Success = 1.000 | Success 1000 = 0.720
I0502 15:09:40.314076 139555013154368 terminal.py:91] [Learner] Actor Episodes = 1479 | Actor Loss = 4.005519390106201 | Actor Steps = 73950 | Binary Accuracy = 0.9958949089050293 | Categorical Accuracy = 0.36029052734375 | Critic Loss = 2.3231282234191895 | Entropy Mean = -15.17380142211914 | Evaluator Episodes = 372 | Evaluator Steps = 18600 | Learner Steps = 1004 | Learner Walltime = 204.511 | Logits Neg = -15.599973678588867 | Logits Pos = -2.3043458461761475 | Logsumexp = 1.2915740013122559 | Steps Per Second = 294.439
I0502 15:09:40.895858 139579566835264 terminal.py:91] [Evaluator] Actor Episodes = 1485 | Actor Steps = 74250 | Delta Dist = 11.397 | Delta Dist 10 = 11.996 | Delta Dist 100 = 11.503 | Delta Dist 1000 = 9.930 | Episode Length = 50 | Episode Return = 2.0 | Evaluator Episodes = 374 | Evaluator Steps = 18700 | Final Dist = 1.409 | Final Dist 10 = 0.810 | Final Dist 100 = 1.303 | Final Dist 1000 = 2.876 | Init Dist = 12.806 | Init Dist 10 = 12.806 | Init Dist 100 = 12.806 | Init Dist 1000 = 12.806 | Learner Steps = 1003 | Learner Walltime = 204.293 | Min Dist = 0.238 | Min Dist 10 = 0.137 | Min Dist 100 = 0.710 | Min Dist 1000 = 2.068 | Steps Per Second = 85.563 | Success = 1.000 | Success 1000 = 0.721
I0502 15:09:42.125397 139579566835264 terminal.py:91] [Evaluator] Actor Episodes = 1493 | Actor Steps = 74650 | Delta Dist = 12.120 | Delta Dist 10 = 11.416 | Delta Dist 100 = 11.496 | Delta Dist 1000 = 9.922 | Episode Length = 50 | Episode Return = 23.0 | Evaluator Episodes = 376 | Evaluator Steps = 18800 | Final Dist = 0.687 | Final Dist 10 = 1.390 | Final Dist 100 = 1.310 | Final Dist 1000 = 2.884 | Init Dist = 12.806 | Init Dist 10 = 12.806 | Init Dist 100 = 12.806 | Init Dist 1000 = 12.806 | Learner Steps = 1009 | Learner Walltime = 205.522 | Min Dist = 0.219 | Min Dist 10 = 0.865 | Min Dist 100 = 0.717 | Min Dist 1000 = 2.076 | Steps Per Second = 79.290 | Success = 1.000 | Success 1000 = 0.720
I0502 15:09:42.806747 139569349502528 terminal.py:91] [Actor] Actor Episodes = 1496 | Actor Steps = 74800 | Delta Dist = 7.803 | Delta Dist 10 = 4.260 | Delta Dist 100 = 4.088 | Delta Dist 1000 = 4.125 | Episode Length = 50 | Episode Return = 33.0 | Evaluator Episodes = 376 | Evaluator Steps = 18800 | Final Dist = 0.259 | Final Dist 10 = 1.549 | Final Dist 100 = 1.488 | Final Dist 1000 = 1.735 | Init Dist = 8.062 | Init Dist 10 = 5.809 | Init Dist 100 = 5.576 | Init Dist 1000 = 5.859 | Learner Steps = 1009 | Learner Walltime = 205.522 | Min Dist = 0.036 | Min Dist 10 = 0.127 | Min Dist 100 = 0.160 | Min Dist 1000 = 0.290 | Steps Per Second = 89.957 | Success = 1.000 | Success 1000 = 0.965
I0502 15:09:43.156617 139557462840896 terminal.py:91] [Actor] Actor Episodes = 1501 | Actor Steps = 75050 | Delta Dist = 2.543 | Delta Dist 10 = 4.628 | Delta Dist 100 = 4.117 | Delta Dist 1000 = 4.136 | Episode Length = 50 | Episode Return = 18.0 | Evaluator Episodes = 376 | Evaluator Steps = 18800 | Final Dist = 0.286 | Final Dist 10 = 0.765 | Final Dist 100 = 1.443 | Final Dist 1000 = 1.732 | Init Dist = 2.828 | Init Dist 10 = 5.393 | Init Dist 100 = 5.559 | Init Dist 1000 = 5.868 | Learner Steps = 1015 | Learner Walltime = 206.564 | Min Dist = 0.010 | Min Dist 10 = 0.154 | Min Dist 100 = 0.152 | Min Dist 1000 = 0.288 | Steps Per Second = 69.933 | Success = 1.000 | Success 1000 = 0.965
I0502 15:09:43.386337 139579566835264 terminal.py:91] [Evaluator] Actor Episodes = 1501 | Actor Steps = 75050 | Delta Dist = 12.148 | Delta Dist 10 = 11.374 | Delta Dist 100 = 11.586 | Delta Dist 1000 = 9.935 | Episode Length = 50 | Episode Return = 13.0 | Evaluator Episodes = 378 | Evaluator Steps = 18900 | Final Dist = 0.658 | Final Dist 10 = 1.432 | Final Dist 100 = 1.220 | Final Dist 1000 = 2.872 | Init Dist = 12.806 | Init Dist 10 = 12.806 | Init Dist 100 = 12.806 | Init Dist 1000 = 12.806 | Learner Steps = 1015 | Learner Walltime = 206.564 | Min Dist = 0.149 | Min Dist 10 = 0.866 | Min Dist 100 = 0.648 | Min Dist 1000 = 2.066 | Steps Per Second = 75.682 | Success = 1.000 | Success 1000 = 0.721
I0502 15:09:43.613120 139555860620864 terminal.py:91] [Actor] Actor Episodes = 1500 | Actor Steps = 75000 | Delta Dist = 0.513 | Delta Dist 10 = 4.887 | Delta Dist 100 = 4.105 | Delta Dist 1000 = 4.140 | Episode Length = 50 | Episode Return = 49.0 | Evaluator Episodes = 376 | Evaluator Steps = 18800 | Final Dist = 0.901 | Final Dist 10 = 1.451 | Final Dist 100 = 1.514 | Final Dist 1000 = 1.734 | Init Dist = 1.414 | Init Dist 10 = 6.337 | Init Dist 100 = 5.619 | Init Dist 1000 = 5.875 | Learner Steps = 1015 | Learner Walltime = 206.564 | Min Dist = 0.027 | Min Dist 10 = 0.133 | Min Dist 100 = 0.148 | Min Dist 1000 = 0.283 | Steps Per Second = 99.454 | Success = 1.000 | Success 1000 = 0.965
I0502 15:09:44.591546 139579566835264 terminal.py:91] [Evaluator] Actor Episodes = 1509 | Actor Steps = 75450 | Delta Dist = 11.482 | Delta Dist 10 = 11.484 | Delta Dist 100 = 11.591 | Delta Dist 1000 = 9.947 | Episode Length = 50 | Episode Return = 26.0 | Evaluator Episodes = 380 | Evaluator Steps = 19000 | Final Dist = 1.325 | Final Dist 10 = 1.322 | Final Dist 100 = 1.215 | Final Dist 1000 = 2.859 | Init Dist = 12.806 | Init Dist 10 = 12.806 | Init Dist 100 = 12.806 | Init Dist 1000 = 12.806 | Learner Steps = 1021 | Learner Walltime = 207.775 | Min Dist = 0.184 | Min Dist 10 = 0.860 | Min Dist 100 = 0.641 | Min Dist 1000 = 2.056 | Steps Per Second = 90.325 | Success = 1.000 | Success 1000 = 0.723
I0502 15:09:44.896329 139584504182336 lp_utils.py:96] StepsLimiter: Reached 75550 recorded steps
I0502 15:09:45.838777 139579566835264 terminal.py:91] [Evaluator] Actor Episodes = 1517 | Actor Steps = 75850 | Delta Dist = 12.441 | Delta Dist 10 = 11.504 | Delta Dist 100 = 11.596 | Delta Dist 1000 = 9.958 | Episode Length = 50 | Episode Return = 25.0 | Evaluator Episodes = 382 | Evaluator Steps = 19100 | Final Dist = 0.365 | Final Dist 10 = 1.303 | Final Dist 100 = 1.210 | Final Dist 1000 = 2.848 | Init Dist = 12.806 | Init Dist 10 = 12.806 | Init Dist 100 = 12.806 | Init Dist 1000 = 12.806 | Learner Steps = 1027 | Learner Walltime = 209.074 | Min Dist = 0.133 | Min Dist 10 = 0.844 | Min Dist 100 = 0.637 | Min Dist 1000 = 2.046 | Steps Per Second = 79.276 | Success = 1.000 | Success 1000 = 0.724
I0502 15:09:46.254542 139558059398720 terminal.py:91] [Actor] Actor Episodes = 1521 | Actor Steps = 76050 | Delta Dist = 5.915 | Delta Dist 10 = 5.106 | Delta Dist 100 = 4.415 | Delta Dist 1000 = 4.166 | Episode Length = 50 | Episode Return = 23.0 | Evaluator Episodes = 382 | Evaluator Steps = 19100 | Final Dist = 1.296 | Final Dist 10 = 2.316 | Final Dist 100 = 1.564 | Final Dist 1000 = 1.720 | Init Dist = 7.211 | Init Dist 10 = 7.423 | Init Dist 100 = 5.980 | Init Dist 1000 = 5.886 | Learner Steps = 1033 | Learner Walltime = 210.090 | Min Dist = 0.047 | Min Dist 10 = 1.117 | Min Dist 100 = 0.242 | Min Dist 1000 = 0.289 | Steps Per Second = 106.273 | Success = 1.000 | Success 1000 = 0.968
I0502 15:09:47.079327 139579566835264 terminal.py:91] [Evaluator] Actor Episodes = 1525 | Actor Steps = 76250 | Delta Dist = 11.696 | Delta Dist 10 = 11.441 | Delta Dist 100 = 11.599 | Delta Dist 1000 = 9.969 | Episode Length = 50 | Episode Return = 16.0 | Evaluator Episodes = 384 | Evaluator Steps = 19200 | Final Dist = 1.111 | Final Dist 10 = 1.365 | Final Dist 100 = 1.207 | Final Dist 1000 = 2.837 | Init Dist = 12.806 | Init Dist 10 = 12.806 | Init Dist 100 = 12.806 | Init Dist 1000 = 12.806 | Learner Steps = 1033 | Learner Walltime = 210.090 | Min Dist = 0.138 | Min Dist 10 = 0.864 | Min Dist 100 = 0.629 | Min Dist 1000 = 2.036 | Steps Per Second = 75.004 | Success = 1.000 | Success 1000 = 0.726
I0502 15:09:48.354966 139579566835264 terminal.py:91] [Evaluator] Actor Episodes = 1533 | Actor Steps = 76650 | Delta Dist = 11.346 | Delta Dist 10 = 12.058 | Delta Dist 100 = 11.665 | Delta Dist 1000 = 9.978 | Episode Length = 50 | Episode Return = 25.0 | Evaluator Episodes = 386 | Evaluator Steps = 19300 | Final Dist = 1.460 | Final Dist 10 = 0.749 | Final Dist 100 = 1.141 | Final Dist 1000 = 2.828 | Init Dist = 12.806 | Init Dist 10 = 12.806 | Init Dist 100 = 12.806 | Init Dist 1000 = 12.806 | Learner Steps = 1045 | Learner Walltime = 212.544 | Min Dist = 0.098 | Min Dist 10 = 0.165 | Min Dist 100 = 0.562 | Min Dist 1000 = 2.027 | Steps Per Second = 78.398 | Success = 1.000 | Success 1000 = 0.727
I0502 15:09:49.760404 139579566835264 terminal.py:91] [Evaluator] Actor Episodes = 1541 | Actor Steps = 77050 | Delta Dist = 12.289 | Delta Dist 10 = 11.952 | Delta Dist 100 = 11.676 | Delta Dist 1000 = 9.987 | Episode Length = 50 | Episode Return = 22.0 | Evaluator Episodes = 388 | Evaluator Steps = 19400 | Final Dist = 0.517 | Final Dist 10 = 0.854 | Final Dist 100 = 1.131 | Final Dist 1000 = 2.819 | Init Dist = 12.806 | Init Dist 10 = 12.806 | Init Dist 100 = 12.806 | Init Dist 1000 = 12.806 | Learner Steps = 1050 | Learner Walltime = 213.661 | Min Dist = 0.214 | Min Dist 10 = 0.160 | Min Dist 100 = 0.560 | Min Dist 1000 = 2.017 | Steps Per Second = 74.024 | Success = 1.000 | Success 1000 = 0.729
I0502 15:09:50.525840 139555013154368 terminal.py:91] [Learner] Actor Episodes = 1547 | Actor Loss = 4.014769554138184 | Actor Steps = 77350 | Binary Accuracy = 0.9957191944122314 | Categorical Accuracy = 0.346435546875 | Critic Loss = 2.3856654167175293 | Entropy Mean = -14.841072082519531 | Evaluator Episodes = 388 | Evaluator Steps = 19400 | Learner Steps = 1056 | Learner Walltime = 214.723 | Logits Neg = -15.512818336486816 | Logits Pos = -2.386991024017334 | Logsumexp = 1.5688714981079102 | Steps Per Second = 252.326
I0502 15:09:51.036704 139579566835264 terminal.py:91] [Evaluator] Actor Episodes = 1549 | Actor Steps = 77450 | Delta Dist = 11.807 | Delta Dist 10 = 11.914 | Delta Dist 100 = 11.673 | Delta Dist 1000 = 9.998 | Episode Length = 50 | Episode Return = 23.0 | Evaluator Episodes = 390 | Evaluator Steps = 19500 | Final Dist = 1.000 | Final Dist 10 = 0.892 | Final Dist 100 = 1.133 | Final Dist 1000 = 2.808 | Init Dist = 12.806 | Init Dist 10 = 12.806 | Init Dist 100 = 12.806 | Init Dist 1000 = 12.806 | Learner Steps = 1056 | Learner Walltime = 214.723 | Min Dist = 0.120 | Min Dist 10 = 0.177 | Min Dist 100 = 0.556 | Min Dist 1000 = 2.008 | Steps Per Second = 75.850 | Success = 1.000 | Success 1000 = 0.730
I0502 15:09:52.302521 139579566835264 terminal.py:91] [Evaluator] Actor Episodes = 1557 | Actor Steps = 77850 | Delta Dist = 11.462 | Delta Dist 10 = 11.896 | Delta Dist 100 = 11.704 | Delta Dist 1000 = 10.007 | Episode Length = 50 | Episode Return = 6.0 | Evaluator Episodes = 392 | Evaluator Steps = 19600 | Final Dist = 1.344 | Final Dist 10 = 0.910 | Final Dist 100 = 1.102 | Final Dist 1000 = 2.799 | Init Dist = 12.806 | Init Dist 10 = 12.806 | Init Dist 100 = 12.806 | Init Dist 1000 = 12.806 | Learner Steps = 1061 | Learner Walltime = 216.052 | Min Dist = 0.468 | Min Dist 10 = 0.187 | Min Dist 100 = 0.514 | Min Dist 1000 = 1.998 | Steps Per Second = 80.721 | Success = 1.000 | Success 1000 = 0.731
I0502 15:09:53.157049 139557462840896 terminal.py:91] [Actor] Actor Episodes = 1565 | Actor Steps = 78250 | Delta Dist = 3.214 | Delta Dist 10 = 2.567 | Delta Dist 100 = 4.112 | Delta Dist 1000 = 4.137 | Episode Length = 50 | Episode Return = 0.0 | Evaluator Episodes = 392 | Evaluator Steps = 19600 | Final Dist = 1.786 | Final Dist 10 = 2.430 | Final Dist 100 = 1.890 | Final Dist 1000 = 1.752 | Init Dist = 5.000 | Init Dist 10 = 4.997 | Init Dist 100 = 6.002 | Init Dist 1000 = 5.889 | Learner Steps = 1068 | Learner Walltime = 217.299 | Min Dist = 0.047 | Min Dist 10 = 0.136 | Min Dist 100 = 0.407 | Min Dist 1000 = 0.304 | Steps Per Second = 80.616 | Success = 1.000 | Success 1000 = 0.969
I0502 15:09:53.304870 139569349502528 terminal.py:91] [Actor] Actor Episodes = 1562 | Actor Steps = 78100 | Delta Dist = 1.764 | Delta Dist 10 = 2.881 | Delta Dist 100 = 4.100 | Delta Dist 1000 = 4.132 | Episode Length = 50 | Episode Return = 37.0 | Evaluator Episodes = 392 | Evaluator Steps = 19600 | Final Dist = 1.236 | Final Dist 10 = 2.499 | Final Dist 100 = 1.893 | Final Dist 1000 = 1.751 | Init Dist = 3.000 | Init Dist 10 = 5.380 | Init Dist 100 = 5.993 | Init Dist 1000 = 5.883 | Learner Steps = 1061 | Learner Walltime = 216.052 | Min Dist = 0.233 | Min Dist 10 = 0.212 | Min Dist 100 = 0.414 | Min Dist 1000 = 0.305 | Steps Per Second = 73.435 | Success = 1.000 | Success 1000 = 0.969
I0502 15:09:53.627294 139579566835264 terminal.py:91] [Evaluator] Actor Episodes = 1567 | Actor Steps = 78350 | Delta Dist = 11.406 | Delta Dist 10 = 11.790 | Delta Dist 100 = 11.699 | Delta Dist 1000 = 10.016 | Episode Length = 50 | Episode Return = 9.0 | Evaluator Episodes = 394 | Evaluator Steps = 19700 | Final Dist = 1.401 | Final Dist 10 = 1.017 | Final Dist 100 = 1.107 | Final Dist 1000 = 2.791 | Init Dist = 12.806 | Init Dist 10 = 12.806 | Init Dist 100 = 12.806 | Init Dist 1000 = 12.806 | Learner Steps = 1068 | Learner Walltime = 217.299 | Min Dist = 0.400 | Min Dist 10 = 0.214 | Min Dist 100 = 0.512 | Min Dist 1000 = 1.990 | Steps Per Second = 74.182 | Success = 1.000 | Success 1000 = 0.733
I0502 15:09:53.710032 139555860620864 terminal.py:91] [Actor] Actor Episodes = 1564 | Actor Steps = 78200 | Delta Dist = 4.054 | Delta Dist 10 = 2.422 | Delta Dist 100 = 3.990 | Delta Dist 1000 = 4.132 | Episode Length = 50 | Episode Return = 1.0 | Evaluator Episodes = 392 | Evaluator Steps = 19600 | Final Dist = 1.045 | Final Dist 10 = 2.326 | Final Dist 100 = 1.893 | Final Dist 1000 = 1.752 | Init Dist = 5.099 | Init Dist 10 = 4.748 | Init Dist 100 = 5.883 | Init Dist 1000 = 5.884 | Learner Steps = 1061 | Learner Walltime = 216.052 | Min Dist = 0.243 | Min Dist 10 = 0.222 | Min Dist 100 = 0.410 | Min Dist 1000 = 0.304 | Steps Per Second = 71.755 | Success = 1.000 | Success 1000 = 0.969
I0502 15:09:54.815402 139579566835264 terminal.py:91] [Evaluator] Actor Episodes = 1573 | Actor Steps = 78650 | Delta Dist = 11.814 | Delta Dist 10 = 11.801 | Delta Dist 100 = 11.693 | Delta Dist 1000 = 10.024 | Episode Length = 50 | Episode Return = 20.0 | Evaluator Episodes = 396 | Evaluator Steps = 19800 | Final Dist = 0.993 | Final Dist 10 = 1.005 | Final Dist 100 = 1.113 | Final Dist 1000 = 2.782 | Init Dist = 12.806 | Init Dist 10 = 12.806 | Init Dist 100 = 12.806 | Init Dist 1000 = 12.806 | Learner Steps = 1074 | Learner Walltime = 218.570 | Min Dist = 0.070 | Min Dist 10 = 0.224 | Min Dist 100 = 0.510 | Min Dist 1000 = 1.981 | Steps Per Second = 85.298 | Success = 1.000 | Success 1000 = 0.734
I0502 15:09:54.913179 139584504182336 lp_utils.py:96] StepsLimiter: Reached 78750 recorded steps
I0502 15:09:56.127702 139579566835264 terminal.py:91] [Evaluator] Actor Episodes = 1583 | Actor Steps = 79150 | Delta Dist = 12.187 | Delta Dist 10 = 11.030 | Delta Dist 100 = 11.683 | Delta Dist 1000 = 10.013 | Episode Length = 50 | Episode Return = 18.0 | Evaluator Episodes = 398 | Evaluator Steps = 19900 | Final Dist = 0.619 | Final Dist 10 = 1.777 | Final Dist 100 = 1.123 | Final Dist 1000 = 2.793 | Init Dist = 12.806 | Init Dist 10 = 12.806 | Init Dist 100 = 12.806 | Init Dist 1000 = 12.806 | Learner Steps = 1080 | Learner Walltime = 219.702 | Min Dist = 0.100 | Min Dist 10 = 0.945 | Min Dist 100 = 0.518 | Min Dist 1000 = 1.990 | Steps Per Second = 77.388 | Success = 1.000 | Success 1000 = 0.733
I0502 15:09:56.619774 139558059398720 terminal.py:91] [Actor] Actor Episodes = 1584 | Actor Steps = 79200 | Delta Dist = 6.516 | Delta Dist 10 = 4.780 | Delta Dist 100 = 4.121 | Delta Dist 1000 = 4.145 | Episode Length = 50 | Episode Return = 40.0 | Evaluator Episodes = 396 | Evaluator Steps = 19800 | Final Dist = 0.193 | Final Dist 10 = 0.600 | Final Dist 100 = 1.644 | Final Dist 1000 = 1.731 | Init Dist = 6.708 | Init Dist 10 = 5.380 | Init Dist 100 = 5.765 | Init Dist 1000 = 5.876 | Learner Steps = 1080 | Learner Walltime = 219.702 | Min Dist = 0.026 | Min Dist 10 = 0.037 | Min Dist 100 = 0.392 | Min Dist 1000 = 0.302 | Steps Per Second = 91.920 | Success = 1.000 | Success 1000 = 0.969
I0502 15:09:57.405133 139579566835264 terminal.py:91] [Evaluator] Actor Episodes = 1591 | Actor Steps = 79550 | Delta Dist = 3.508 | Delta Dist 10 = 10.964 | Delta Dist 100 = 11.678 | Delta Dist 1000 = 10.022 | Episode Length = 50 | Episode Return = 0.0 | Evaluator Episodes = 400 | Evaluator Steps = 20000 | Final Dist = 9.298 | Final Dist 10 = 1.842 | Final Dist 100 = 1.128 | Final Dist 1000 = 2.784 | Init Dist = 12.806 | Init Dist 10 = 12.806 | Init Dist 100 = 12.806 | Init Dist 1000 = 12.806 | Learner Steps = 1086 | Learner Walltime = 220.918 | Min Dist = 7.523 | Min Dist 10 = 0.969 | Min Dist 100 = 0.521 | Min Dist 1000 = 1.982 | Steps Per Second = 82.718 | Success = 0.000 | Success 1000 = 0.734
I0502 15:09:58.691560 139579566835264 terminal.py:91] [Evaluator] Actor Episodes = 1599 | Actor Steps = 79950 | Delta Dist = 12.485 | Delta Dist 10 = 9.984 | Delta Dist 100 = 11.581 | Delta Dist 1000 = 10.007 | Episode Length = 50 | Episode Return = 3.0 | Evaluator Episodes = 402 | Evaluator Steps = 20100 | Final Dist = 0.321 | Final Dist 10 = 2.822 | Final Dist 100 = 1.225 | Final Dist 1000 = 2.799 | Init Dist = 12.806 | Init Dist 10 = 12.806 | Init Dist 100 = 12.806 | Init Dist 1000 = 12.806 | Learner Steps = 1093 | Learner Walltime = 222.182 | Min Dist = 0.321 | Min Dist 10 = 1.924 | Min Dist 100 = 0.614 | Min Dist 1000 = 1.997 | Steps Per Second = 77.639 | Success = 1.000 | Success 1000 = 0.731
I0502 15:09:59.901307 139579566835264 terminal.py:91] [Evaluator] Actor Episodes = 1607 | Actor Steps = 80350 | Delta Dist = 11.845 | Delta Dist 10 = 10.051 | Delta Dist 100 = 11.584 | Delta Dist 1000 = 10.017 | Episode Length = 50 | Episode Return = 1.0 | Evaluator Episodes = 404 | Evaluator Steps = 20200 | Final Dist = 0.961 | Final Dist 10 = 2.756 | Final Dist 100 = 1.223 | Final Dist 1000 = 2.790 | Init Dist = 12.806 | Init Dist 10 = 12.806 | Init Dist 100 = 12.806 | Init Dist 1000 = 12.806 | Learner Steps = 1098 | Learner Walltime = 223.233 | Min Dist = 0.961 | Min Dist 10 = 1.914 | Min Dist 100 = 0.603 | Min Dist 1000 = 1.988 | Steps Per Second = 79.421 | Success = 1.000 | Success 1000 = 0.732
I0502 15:10:00.575823 139555013154368 terminal.py:91] [Learner] Actor Episodes = 1609 | Actor Loss = 4.036988258361816 | Actor Steps = 80450 | Binary Accuracy = 0.9958381652832031 | Categorical Accuracy = 0.3519287109375 | Critic Loss = 2.338723659515381 | Entropy Mean = -15.401670455932617 | Evaluator Episodes = 404 | Evaluator Steps = 20200 | Learner Steps = 1106 | Learner Walltime = 224.773 | Logits Neg = -15.989677429199219 | Logits Pos = -2.3259310722351074 | Logsumexp = 1.2397401332855225 | Steps Per Second = 266.661
I0502 15:10:01.150037 139579566835264 terminal.py:91] [Evaluator] Actor Episodes = 1615 | Actor Steps = 80750 | Delta Dist = 11.529 | Delta Dist 10 = 10.121 | Delta Dist 100 = 11.582 | Delta Dist 1000 = 10.026 | Episode Length = 50 | Episode Return = 25.0 | Evaluator Episodes = 406 | Evaluator Steps = 20300 | Final Dist = 1.277 | Final Dist 10 = 2.685 | Final Dist 100 = 1.224 | Final Dist 1000 = 2.780 | Init Dist = 12.806 | Init Dist 10 = 12.806 | Init Dist 100 = 12.806 | Init Dist 1000 = 12.806 | Learner Steps = 1104 | Learner Walltime = 224.482 | Min Dist = 0.124 | Min Dist 10 = 1.977 | Min Dist 100 = 0.607 | Min Dist 1000 = 1.981 | Steps Per Second = 76.166 | Success = 1.000 | Success 1000 = 0.733
I0502 15:10:02.382637 139579566835264 terminal.py:91] [Evaluator] Actor Episodes = 1623 | Actor Steps = 81150 | Delta Dist = 12.621 | Delta Dist 10 = 10.926 | Delta Dist 100 = 11.574 | Delta Dist 1000 = 10.036 | Episode Length = 50 | Episode Return = 19.0 | Evaluator Episodes = 408 | Evaluator Steps = 20400 | Final Dist = 0.186 | Final Dist 10 = 1.880 | Final Dist 100 = 1.233 | Final Dist 1000 = 2.771 | Init Dist = 12.806 | Init Dist 10 = 12.806 | Init Dist 100 = 12.806 | Init Dist 1000 = 12.806 | Learner Steps = 1110 | Learner Walltime = 225.541 | Min Dist = 0.056 | Min Dist 10 = 1.243 | Min Dist 100 = 0.606 | Min Dist 1000 = 1.972 | Steps Per Second = 88.416 | Success = 1.000 | Success 1000 = 0.735
I0502 15:10:03.361937 139557462840896 terminal.py:91] [Actor] Actor Episodes = 1629 | Actor Steps = 81450 | Delta Dist = 5.432 | Delta Dist 10 = 4.551 | Delta Dist 100 = 4.013 | Delta Dist 1000 = 4.154 | Episode Length = 50 | Episode Return = 42.0 | Evaluator Episodes = 408 | Evaluator Steps = 20400 | Final Dist = 0.892 | Final Dist 10 = 1.872 | Final Dist 100 = 1.570 | Final Dist 1000 = 1.718 | Init Dist = 6.325 | Init Dist 10 = 6.423 | Init Dist 100 = 5.583 | Init Dist 1000 = 5.873 | Learner Steps = 1115 | Learner Walltime = 226.603 | Min Dist = 0.142 | Min Dist 10 = 0.136 | Min Dist 100 = 0.257 | Min Dist 1000 = 0.294 | Steps Per Second = 85.703 | Success = 1.000 | Success 1000 = 0.970
I0502 15:10:03.627228 139579566835264 terminal.py:91] [Evaluator] Actor Episodes = 1631 | Actor Steps = 81550 | Delta Dist = 12.165 | Delta Dist 10 = 10.997 | Delta Dist 100 = 11.576 | Delta Dist 1000 = 10.046 | Episode Length = 50 | Episode Return = 15.0 | Evaluator Episodes = 410 | Evaluator Steps = 20500 | Final Dist = 0.641 | Final Dist 10 = 1.809 | Final Dist 100 = 1.231 | Final Dist 1000 = 2.760 | Init Dist = 12.806 | Init Dist 10 = 12.806 | Init Dist 100 = 12.806 | Init Dist 1000 = 12.806 | Learner Steps = 1121 | Learner Walltime = 227.817 | Min Dist = 0.045 | Min Dist 10 = 1.222 | Min Dist 100 = 0.601 | Min Dist 1000 = 1.963 | Steps Per Second = 85.947 | Success = 1.000 | Success 1000 = 0.736
I0502 15:10:03.637492 139569349502528 terminal.py:91] [Actor] Actor Episodes = 1633 | Actor Steps = 81650 | Delta Dist = 1.219 | Delta Dist 10 = 4.497 | Delta Dist 100 = 4.057 | Delta Dist 1000 = 4.156 | Episode Length = 50 | Episode Return = 1.0 | Evaluator Episodes = 410 | Evaluator Steps = 20500 | Final Dist = 0.195 | Final Dist 10 = 1.731 | Final Dist 100 = 1.515 | Final Dist 1000 = 1.714 | Init Dist = 1.414 | Init Dist 10 = 6.228 | Init Dist 100 = 5.572 | Init Dist 1000 = 5.870 | Learner Steps = 1121 | Learner Walltime = 227.817 | Min Dist = 0.195 | Min Dist 10 = 0.132 | Min Dist 100 = 0.196 | Min Dist 1000 = 0.294 | Steps Per Second = 86.729 | Success = 1.000 | Success 1000 = 0.971
I0502 15:10:04.245403 139555860620864 terminal.py:91] [Actor] Actor Episodes = 1635 | Actor Steps = 81750 | Delta Dist = 6.372 | Delta Dist 10 = 5.029 | Delta Dist 100 = 3.986 | Delta Dist 1000 = 4.164 | Episode Length = 50 | Episode Return = 38.0 | Evaluator Episodes = 410 | Evaluator Steps = 20500 | Final Dist = 0.336 | Final Dist 10 = 0.885 | Final Dist 100 = 1.509 | Final Dist 1000 = 1.700 | Init Dist = 6.708 | Init Dist 10 = 5.914 | Init Dist 100 = 5.495 | Init Dist 1000 = 5.864 | Learner Steps = 1121 | Learner Walltime = 227.817 | Min Dist = 0.019 | Min Dist 10 = 0.123 | Min Dist 100 = 0.193 | Min Dist 1000 = 0.294 | Steps Per Second = 79.634 | Success = 1.000 | Success 1000 = 0.971
I0502 15:10:04.921889 139579566835264 terminal.py:91] [Evaluator] Actor Episodes = 1639 | Actor Steps = 81950 | Delta Dist = 11.940 | Delta Dist 10 = 12.095 | Delta Dist 100 = 11.593 | Delta Dist 1000 = 10.058 | Episode Length = 50 | Episode Return = 7.0 | Evaluator Episodes = 412 | Evaluator Steps = 20600 | Final Dist = 0.866 | Final Dist 10 = 0.711 | Final Dist 100 = 1.214 | Final Dist 1000 = 2.749 | Init Dist = 12.806 | Init Dist 10 = 12.806 | Init Dist 100 = 12.806 | Init Dist 1000 = 12.806 | Learner Steps = 1127 | Learner Walltime = 229.000 | Min Dist = 0.360 | Min Dist 10 = 0.239 | Min Dist 100 = 0.594 | Min Dist 1000 = 1.954 | Steps Per Second = 74.925 | Success = 1.000 | Success 1000 = 0.737
I0502 15:10:04.930374 139584504182336 lp_utils.py:96] StepsLimiter: Reached 81950 recorded steps
I0502 15:10:06.171277 139579566835264 terminal.py:91] [Evaluator] Actor Episodes = 1647 | Actor Steps = 82350 | Delta Dist = 10.584 | Delta Dist 10 = 11.255 | Delta Dist 100 = 11.507 | Delta Dist 1000 = 10.046 | Episode Length = 50 | Episode Return = 13.0 | Evaluator Episodes = 414 | Evaluator Steps = 20700 | Final Dist = 2.223 | Final Dist 10 = 1.551 | Final Dist 100 = 1.299 | Final Dist 1000 = 2.760 | Init Dist = 12.806 | Init Dist 10 = 12.806 | Init Dist 100 = 12.806 | Init Dist 1000 = 12.806 | Learner Steps = 1133 | Learner Walltime = 230.305 | Min Dist = 0.181 | Min Dist 10 = 1.082 | Min Dist 100 = 0.681 | Min Dist 1000 = 1.966 | Steps Per Second = 81.358 | Success = 1.000 | Success 1000 = 0.736
I0502 15:10:06.631419 139558059398720 terminal.py:91] [Actor] Actor Episodes = 1648 | Actor Steps = 82400 | Delta Dist = 2.705 | Delta Dist 10 = 3.664 | Delta Dist 100 = 3.959 | Delta Dist 1000 = 4.183 | Episode Length = 50 | Episode Return = 32.0 | Evaluator Episodes = 412 | Evaluator Steps = 20600 | Final Dist = 0.295 | Final Dist 10 = 1.139 | Final Dist 100 = 1.376 | Final Dist 1000 = 1.679 | Init Dist = 3.000 | Init Dist 10 = 4.804 | Init Dist 100 = 5.334 | Init Dist 1000 = 5.863 | Learner Steps = 1127 | Learner Walltime = 229.000 | Min Dist = 0.212 | Min Dist 10 = 0.168 | Min Dist 100 = 0.143 | Min Dist 1000 = 0.285 | Steps Per Second = 80.380 | Success = 1.000 | Success 1000 = 0.974
I0502 15:10:07.429860 139579566835264 terminal.py:91] [Evaluator] Actor Episodes = 1655 | Actor Steps = 82750 | Delta Dist = 3.339 | Delta Dist 10 = 11.054 | Delta Dist 100 = 11.496 | Delta Dist 1000 = 10.051 | Episode Length = 50 | Episode Return = 0.0 | Evaluator Episodes = 416 | Evaluator Steps = 20800 | Final Dist = 9.468 | Final Dist 10 = 1.752 | Final Dist 100 = 1.311 | Final Dist 1000 = 2.755 | Init Dist = 12.806 | Init Dist 10 = 12.806 | Init Dist 100 = 12.806 | Init Dist 1000 = 12.806 | Learner Steps = 1139 | Learner Walltime = 231.485 | Min Dist = 7.895 | Min Dist 10 = 1.021 | Min Dist 100 = 0.680 | Min Dist 1000 = 1.958 | Steps Per Second = 75.043 | Success = 0.000 | Success 1000 = 0.737
I0502 15:10:08.676192 139579566835264 terminal.py:91] [Evaluator] Actor Episodes = 1663 | Actor Steps = 83150 | Delta Dist = 12.196 | Delta Dist 10 = 9.536 | Delta Dist 100 = 11.342 | Delta Dist 1000 = 10.024 | Episode Length = 50 | Episode Return = 14.0 | Evaluator Episodes = 418 | Evaluator Steps = 20900 | Final Dist = 0.610 | Final Dist 10 = 3.270 | Final Dist 100 = 1.464 | Final Dist 1000 = 2.783 | Init Dist = 12.806 | Init Dist 10 = 12.806 | Init Dist 100 = 12.806 | Init Dist 1000 = 12.806 | Learner Steps = 1144 | Learner Walltime = 232.528 | Min Dist = 0.226 | Min Dist 10 = 2.540 | Min Dist 100 = 0.828 | Min Dist 1000 = 1.985 | Steps Per Second = 83.691 | Success = 1.000 | Success 1000 = 0.734
I0502 15:10:09.890791 139579566835264 terminal.py:91] [Evaluator] Actor Episodes = 1671 | Actor Steps = 83550 | Delta Dist = 11.460 | Delta Dist 10 = 9.535 | Delta Dist 100 = 11.347 | Delta Dist 1000 = 10.034 | Episode Length = 50 | Episode Return = 2.0 | Evaluator Episodes = 420 | Evaluator Steps = 21000 | Final Dist = 1.346 | Final Dist 10 = 3.272 | Final Dist 100 = 1.459 | Final Dist 1000 = 2.772 | Init Dist = 12.806 | Init Dist 10 = 12.806 | Init Dist 100 = 12.806 | Init Dist 1000 = 12.806 | Learner Steps = 1151 | Learner Walltime = 233.814 | Min Dist = 0.530 | Min Dist 10 = 2.585 | Min Dist 100 = 0.833 | Min Dist 1000 = 1.978 | Steps Per Second = 79.847 | Success = 1.000 | Success 1000 = 0.735
I0502 15:10:10.928282 139555013154368 terminal.py:91] [Learner] Actor Episodes = 1679 | Actor Loss = 3.9759061336517334 | Actor Steps = 83950 | Binary Accuracy = 0.9958412647247314 | Categorical Accuracy = 0.3470458984375 | Critic Loss = 2.413820505142212 | Entropy Mean = -16.413211822509766 | Evaluator Episodes = 420 | Evaluator Steps = 21000 | Learner Steps = 1158 | Learner Walltime = 235.123 | Logits Neg = -15.569817543029785 | Logits Pos = -2.4005117416381836 | Logsumexp = 1.3735692501068115 | Steps Per Second = 120.697
I0502 15:10:11.142816 139579566835264 terminal.py:91] [Evaluator] Actor Episodes = 1679 | Actor Steps = 83950 | Delta Dist = 11.575 | Delta Dist 10 = 9.122 | Delta Dist 100 = 11.324 | Delta Dist 1000 = 10.035 | Episode Length = 50 | Episode Return = 8.0 | Evaluator Episodes = 422 | Evaluator Steps = 21100 | Final Dist = 1.231 | Final Dist 10 = 3.685 | Final Dist 100 = 1.482 | Final Dist 1000 = 2.771 | Init Dist = 12.806 | Init Dist 10 = 12.806 | Init Dist 100 = 12.806 | Init Dist 1000 = 12.806 | Learner Steps = 1158 | Learner Walltime = 235.123 | Min Dist = 0.112 | Min Dist 10 = 2.979 | Min Dist 100 = 0.872 | Min Dist 1000 = 1.978 | Steps Per Second = 70.922 | Success = 1.000 | Success 1000 = 0.734
I0502 15:10:12.425446 139579566835264 terminal.py:91] [Evaluator] Actor Episodes = 1687 | Actor Steps = 84350 | Delta Dist = 11.393 | Delta Dist 10 = 9.799 | Delta Dist 100 = 11.306 | Delta Dist 1000 = 10.041 | Episode Length = 50 | Episode Return = 17.0 | Evaluator Episodes = 424 | Evaluator Steps = 21200 | Final Dist = 1.413 | Final Dist 10 = 3.007 | Final Dist 100 = 1.501 | Final Dist 1000 = 2.766 | Init Dist = 12.806 | Init Dist 10 = 12.806 | Init Dist 100 = 12.806 | Init Dist 1000 = 12.806 | Learner Steps = 1163 | Learner Walltime = 236.285 | Min Dist = 0.401 | Min Dist 10 = 2.202 | Min Dist 100 = 0.880 | Min Dist 1000 = 1.972 | Steps Per Second = 81.198 | Success = 1.000 | Success 1000 = 0.733
I0502 15:10:13.632071 139579566835264 terminal.py:91] [Evaluator] Actor Episodes = 1695 | Actor Steps = 84750 | Delta Dist = 4.348 | Delta Dist 10 = 9.928 | Delta Dist 100 = 11.293 | Delta Dist 1000 = 10.048 | Episode Length = 50 | Episode Return = 0.0 | Evaluator Episodes = 426 | Evaluator Steps = 21300 | Final Dist = 8.458 | Final Dist 10 = 2.879 | Final Dist 100 = 1.514 | Final Dist 1000 = 2.758 | Init Dist = 12.806 | Init Dist 10 = 12.806 | Init Dist 100 = 12.806 | Init Dist 1000 = 12.806 | Learner Steps = 1169 | Learner Walltime = 237.468 | Min Dist = 7.995 | Min Dist 10 = 2.198 | Min Dist 100 = 0.880 | Min Dist 1000 = 1.963 | Steps Per Second = 87.251 | Success = 0.000 | Success 1000 = 0.734
I0502 15:10:13.632956 139557462840896 terminal.py:91] [Actor] Actor Episodes = 1694 | Actor Steps = 84700 | Delta Dist = 2.565 | Delta Dist 10 = 4.980 | Delta Dist 100 = 4.231 | Delta Dist 1000 = 4.170 | Episode Length = 50 | Episode Return = 43.0 | Evaluator Episodes = 424 | Evaluator Steps = 21200 | Final Dist = 0.263 | Final Dist 10 = 0.737 | Final Dist 100 = 1.410 | Final Dist 1000 = 1.654 | Init Dist = 2.828 | Init Dist 10 = 5.716 | Init Dist 100 = 5.640 | Init Dist 1000 = 5.824 | Learner Steps = 1163 | Learner Walltime = 236.285 | Min Dist = 0.004 | Min Dist 10 = 0.325 | Min Dist 100 = 0.185 | Min Dist 1000 = 0.284 | Steps Per Second = 104.686 | Success = 1.000 | Success 1000 = 0.973
I0502 15:10:13.868028 139569349502528 terminal.py:91] [Actor] Actor Episodes = 1697 | Actor Steps = 84850 | Delta Dist = 5.666 | Delta Dist 10 = 4.487 | Delta Dist 100 = 4.253 | Delta Dist 1000 = 4.173 | Episode Length = 50 | Episode Return = 14.0 | Evaluator Episodes = 426 | Evaluator Steps = 21300 | Final Dist = 0.659 | Final Dist 10 = 0.751 | Final Dist 100 = 1.405 | Final Dist 1000 = 1.644 | Init Dist = 6.325 | Init Dist 10 = 5.238 | Init Dist 100 = 5.659 | Init Dist 1000 = 5.817 | Learner Steps = 1169 | Learner Walltime = 237.468 | Min Dist = 0.171 | Min Dist 10 = 0.314 | Min Dist 100 = 0.184 | Min Dist 1000 = 0.284 | Steps Per Second = 87.448 | Success = 1.000 | Success 1000 = 0.973
I0502 15:10:14.609774 139555860620864 terminal.py:91] [Actor] Actor Episodes = 1700 | Actor Steps = 85000 | Delta Dist = 5.675 | Delta Dist 10 = 3.722 | Delta Dist 100 = 4.123 | Delta Dist 1000 = 4.164 | Episode Length = 50 | Episode Return = 4.0 | Evaluator Episodes = 426 | Evaluator Steps = 21300 | Final Dist = 1.396 | Final Dist 10 = 1.741 | Final Dist 100 = 1.505 | Final Dist 1000 = 1.651 | Init Dist = 7.071 | Init Dist 10 = 5.462 | Init Dist 100 = 5.628 | Init Dist 1000 = 5.814 | Learner Steps = 1169 | Learner Walltime = 237.468 | Min Dist = 0.452 | Min Dist 10 = 0.205 | Min Dist 100 = 0.191 | Min Dist 1000 = 0.285 | Steps Per Second = 79.492 | Success = 1.000 | Success 1000 = 0.973
I0502 15:10:14.870435 139579566835264 terminal.py:91] [Evaluator] Actor Episodes = 1703 | Actor Steps = 85150 | Delta Dist = 11.603 | Delta Dist 10 = 9.940 | Delta Dist 100 = 11.141 | Delta Dist 1000 = 10.022 | Episode Length = 50 | Episode Return = 20.0 | Evaluator Episodes = 428 | Evaluator Steps = 21400 | Final Dist = 1.203 | Final Dist 10 = 2.866 | Final Dist 100 = 1.666 | Final Dist 1000 = 2.785 | Init Dist = 12.806 | Init Dist 10 = 12.806 | Init Dist 100 = 12.806 | Init Dist 1000 = 12.806 | Learner Steps = 1176 | Learner Walltime = 238.612 | Min Dist = 0.025 | Min Dist 10 = 2.205 | Min Dist 100 = 1.030 | Min Dist 1000 = 1.991 | Steps Per Second = 79.394 | Success = 1.000 | Success 1000 = 0.731
I0502 15:10:14.949076 139584504182336 lp_utils.py:96] StepsLimiter: Reached 85150 recorded steps
I0502 15:10:16.064793 139579566835264 terminal.py:91] [Evaluator] Actor Episodes = 1711 | Actor Steps = 85550 | Delta Dist = 11.144 | Delta Dist 10 = 9.875 | Delta Dist 100 = 11.157 | Delta Dist 1000 = 10.030 | Episode Length = 50 | Episode Return = 19.0 | Evaluator Episodes = 430 | Evaluator Steps = 21500 | Final Dist = 1.662 | Final Dist 10 = 2.931 | Final Dist 100 = 1.649 | Final Dist 1000 = 2.776 | Init Dist = 12.806 | Init Dist 10 = 12.806 | Init Dist 100 = 12.806 | Init Dist 1000 = 12.806 | Learner Steps = 1182 | Learner Walltime = 239.801 | Min Dist = 0.252 | Min Dist 10 = 2.134 | Min Dist 100 = 1.008 | Min Dist 1000 = 1.982 | Steps Per Second = 86.107 | Success = 1.000 | Success 1000 = 0.732
I0502 15:10:16.939079 139558059398720 terminal.py:91] [Actor] Actor Episodes = 1719 | Actor Steps = 85950 | Delta Dist = 0.658 | Delta Dist 10 = 6.355 | Delta Dist 100 = 4.223 | Delta Dist 1000 = 4.156 | Episode Length = 50 | Episode Return = 0.0 | Evaluator Episodes = 430 | Evaluator Steps = 21500 | Final Dist = 6.958 | Final Dist 10 = 0.677 | Final Dist 100 = 1.541 | Final Dist 1000 = 1.653 | Init Dist = 7.616 | Init Dist 10 = 7.032 | Init Dist 100 = 5.764 | Init Dist 1000 = 5.809 | Learner Steps = 1187 | Learner Walltime = 240.804 | Min Dist = 0.103 | Min Dist 10 = 0.115 | Min Dist 100 = 0.189 | Min Dist 1000 = 0.285 | Steps Per Second = 96.187 | Success = 1.000 | Success 1000 = 0.974
I0502 15:10:17.402188 139579566835264 terminal.py:91] [Evaluator] Actor Episodes = 1719 | Actor Steps = 85950 | Delta Dist = 3.764 | Delta Dist 10 = 9.363 | Delta Dist 100 = 11.075 | Delta Dist 1000 = 10.020 | Episode Length = 50 | Episode Return = 0.0 | Evaluator Episodes = 432 | Evaluator Steps = 21600 | Final Dist = 9.042 | Final Dist 10 = 3.443 | Final Dist 100 = 1.731 | Final Dist 1000 = 2.786 | Init Dist = 12.806 | Init Dist 10 = 12.806 | Init Dist 100 = 12.806 | Init Dist 1000 = 12.806 | Learner Steps = 1187 | Learner Walltime = 240.804 | Min Dist = 7.568 | Min Dist 10 = 2.522 | Min Dist 100 = 1.082 | Min Dist 1000 = 1.991 | Steps Per Second = 75.672 | Success = 0.000 | Success 1000 = 0.731
I0502 15:10:18.355943 139583350109760 savers.py:156] Saving checkpoint: logs/contrastive_cpc_point_FourRooms_64/5dd72662-2788-11f0-b183-d85ed38c5779/checkpoints/learner
I0502 15:10:18.783379 139579566835264 terminal.py:91] [Evaluator] Actor Episodes = 1727 | Actor Steps = 86350 | Delta Dist = 12.550 | Delta Dist 10 = 8.757 | Delta Dist 100 = 11.063 | Delta Dist 1000 = 10.011 | Episode Length = 50 | Episode Return = 19.0 | Evaluator Episodes = 434 | Evaluator Steps = 21700 | Final Dist = 0.256 | Final Dist 10 = 4.049 | Final Dist 100 = 1.743 | Final Dist 1000 = 2.795 | Init Dist = 12.806 | Init Dist 10 = 12.806 | Init Dist 100 = 12.806 | Init Dist 1000 = 12.806 | Learner Steps = 1193 | Learner Walltime = 242.070 | Min Dist = 0.219 | Min Dist 10 = 3.176 | Min Dist 100 = 1.089 | Min Dist 1000 = 1.999 | Steps Per Second = 65.852 | Success = 1.000 | Success 1000 = 0.730
I0502 15:10:20.147338 139579566835264 terminal.py:91] [Evaluator] Actor Episodes = 1735 | Actor Steps = 86750 | Delta Dist = 11.709 | Delta Dist 10 = 8.056 | Delta Dist 100 = 10.990 | Delta Dist 1000 = 10.003 | Episode Length = 50 | Episode Return = 5.0 | Evaluator Episodes = 436 | Evaluator Steps = 21800 | Final Dist = 1.097 | Final Dist 10 = 4.750 | Final Dist 100 = 1.817 | Final Dist 1000 = 2.804 | Init Dist = 12.806 | Init Dist 10 = 12.806 | Init Dist 100 = 12.806 | Init Dist 1000 = 12.806 | Learner Steps = 1197 | Learner Walltime = 243.258 | Min Dist = 0.720 | Min Dist 10 = 3.838 | Min Dist 100 = 1.155 | Min Dist 1000 = 2.007 | Steps Per Second = 68.097 | Success = 1.000 | Success 1000 = 0.729
I0502 15:10:21.024266 139555013154368 terminal.py:91] [Learner] Actor Episodes = 1737 | Actor Loss = 3.9683876037597656 | Actor Steps = 86850 | Binary Accuracy = 0.9958751201629639 | Categorical Accuracy = 0.35595703125 | Critic Loss = 2.3178305625915527 | Entropy Mean = -16.884532928466797 | Evaluator Episodes = 436 | Evaluator Steps = 21800 | Learner Steps = 1208 | Learner Walltime = 245.217 | Logits Neg = -15.823349952697754 | Logits Pos = -2.309772491455078 | Logsumexp = 1.2693861722946167 | Steps Per Second = 279.451
I0502 15:10:21.518898 139579566835264 terminal.py:91] [Evaluator] Actor Episodes = 1745 | Actor Steps = 87250 | Delta Dist = 11.408 | Delta Dist 10 = 8.766 | Delta Dist 100 = 10.918 | Delta Dist 1000 = 9.993 | Episode Length = 50 | Episode Return = 15.0 | Evaluator Episodes = 438 | Evaluator Steps = 21900 | Final Dist = 1.398 | Final Dist 10 = 4.040 | Final Dist 100 = 1.888 | Final Dist 1000 = 2.813 | Init Dist = 12.806 | Init Dist 10 = 12.806 | Init Dist 100 = 12.806 | Init Dist 1000 = 12.806 | Learner Steps = 1210 | Learner Walltime = 245.651 | Min Dist = 0.158 | Min Dist 10 = 3.115 | Min Dist 100 = 1.231 | Min Dist 1000 = 2.016 | Steps Per Second = 68.274 | Success = 1.000 | Success 1000 = 0.728
I0502 15:10:22.896234 139579566835264 terminal.py:91] [Evaluator] Actor Episodes = 1753 | Actor Steps = 87650 | Delta Dist = 10.532 | Delta Dist 10 = 8.648 | Delta Dist 100 = 10.902 | Delta Dist 1000 = 9.999 | Episode Length = 50 | Episode Return = 20.0 | Evaluator Episodes = 440 | Evaluator Steps = 22000 | Final Dist = 2.274 | Final Dist 10 = 4.158 | Final Dist 100 = 1.904 | Final Dist 1000 = 2.808 | Init Dist = 12.806 | Init Dist 10 = 12.806 | Init Dist 100 = 12.806 | Init Dist 1000 = 12.806 | Learner Steps = 1216 | Learner Walltime = 246.793 | Min Dist = 0.095 | Min Dist 10 = 3.130 | Min Dist 100 = 1.230 | Min Dist 1000 = 2.008 | Steps Per Second = 78.072 | Success = 1.000 | Success 1000 = 0.729
I0502 15:10:23.778266 139557462840896 terminal.py:91] [Actor] Actor Episodes = 1758 | Actor Steps = 87900 | Delta Dist = 3.956 | Delta Dist 10 = 5.774 | Delta Dist 100 = 4.649 | Delta Dist 1000 = 4.186 | Episode Length = 50 | Episode Return = 32.0 | Evaluator Episodes = 440 | Evaluator Steps = 22000 | Final Dist = 1.701 | Final Dist 10 = 0.857 | Final Dist 100 = 1.517 | Final Dist 1000 = 1.660 | Init Dist = 5.657 | Init Dist 10 = 6.631 | Init Dist 100 = 6.166 | Init Dist 1000 = 5.846 | Learner Steps = 1216 | Learner Walltime = 246.793 | Min Dist = 0.493 | Min Dist 10 = 0.158 | Min Dist 100 = 0.180 | Min Dist 1000 = 0.283 | Steps Per Second = 83.059 | Success = 1.000 | Success 1000 = 0.974
I0502 15:10:23.883433 139569349502528 terminal.py:91] [Actor] Actor Episodes = 1761 | Actor Steps = 88050 | Delta Dist = 0.008 | Delta Dist 10 = 5.290 | Delta Dist 100 = 4.647 | Delta Dist 1000 = 4.187 | Episode Length = 50 | Episode Return = 25.0 | Evaluator Episodes = 440 | Evaluator Steps = 22000 | Final Dist = 0.992 | Final Dist 10 = 1.007 | Final Dist 100 = 1.513 | Final Dist 1000 = 1.661 | Init Dist = 1.000 | Init Dist 10 = 6.296 | Init Dist 100 = 6.159 | Init Dist 1000 = 5.848 | Learner Steps = 1221 | Learner Walltime = 247.799 | Min Dist = 0.092 | Min Dist 10 = 0.201 | Min Dist 100 = 0.184 | Min Dist 1000 = 0.284 | Steps Per Second = 75.424 | Success = 1.000 | Success 1000 = 0.974
I0502 15:10:24.075599 139579566835264 terminal.py:91] [Evaluator] Actor Episodes = 1761 | Actor Steps = 88050 | Delta Dist = 4.773 | Delta Dist 10 = 8.666 | Delta Dist 100 = 10.812 | Delta Dist 1000 = 9.989 | Episode Length = 50 | Episode Return = 0.0 | Evaluator Episodes = 442 | Evaluator Steps = 22100 | Final Dist = 8.033 | Final Dist 10 = 4.141 | Final Dist 100 = 1.994 | Final Dist 1000 = 2.817 | Init Dist = 12.806 | Init Dist 10 = 12.806 | Init Dist 100 = 12.806 | Init Dist 1000 = 12.806 | Learner Steps = 1221 | Learner Walltime = 247.799 | Min Dist = 7.523 | Min Dist 10 = 3.100 | Min Dist 100 = 1.304 | Min Dist 1000 = 2.016 | Steps Per Second = 78.213 | Success = 0.000 | Success 1000 = 0.728
I0502 15:10:24.790322 139555860620864 terminal.py:91] [Actor] Actor Episodes = 1764 | Actor Steps = 88200 | Delta Dist = 7.156 | Delta Dist 10 = 4.647 | Delta Dist 100 = 4.586 | Delta Dist 1000 = 4.191 | Episode Length = 50 | Episode Return = 40.0 | Evaluator Episodes = 442 | Evaluator Steps = 22100 | Final Dist = 0.460 | Final Dist 10 = 1.158 | Final Dist 100 = 1.538 | Final Dist 1000 = 1.666 | Init Dist = 7.616 | Init Dist 10 = 5.805 | Init Dist 100 = 6.125 | Init Dist 1000 = 5.857 | Learner Steps = 1221 | Learner Walltime = 247.799 | Min Dist = 0.081 | Min Dist 10 = 0.171 | Min Dist 100 = 0.186 | Min Dist 1000 = 0.284 | Steps Per Second = 110.317 | Success = 1.000 | Success 1000 = 0.974
I0502 15:10:24.968309 139584504182336 lp_utils.py:96] StepsLimiter: Reached 88350 recorded steps
I0502 15:10:25.221870 139579566835264 terminal.py:91] [Evaluator] Actor Episodes = 1769 | Actor Steps = 88450 | Delta Dist = 12.495 | Delta Dist 10 = 8.658 | Delta Dist 100 = 10.737 | Delta Dist 1000 = 9.980 | Episode Length = 50 | Episode Return = 7.0 | Evaluator Episodes = 444 | Evaluator Steps = 22200 | Final Dist = 0.311 | Final Dist 10 = 4.148 | Final Dist 100 = 2.069 | Final Dist 1000 = 2.826 | Init Dist = 12.806 | Init Dist 10 = 12.806 | Init Dist 100 = 12.806 | Init Dist 1000 = 12.806 | Learner Steps = 1227 | Learner Walltime = 248.836 | Min Dist = 0.283 | Min Dist 10 = 3.097 | Min Dist 100 = 1.377 | Min Dist 1000 = 2.024 | Steps Per Second = 89.977 | Success = 1.000 | Success 1000 = 0.727
I0502 15:10:26.509979 139579566835264 terminal.py:91] [Evaluator] Actor Episodes = 1777 | Actor Steps = 88850 | Delta Dist = 12.061 | Delta Dist 10 = 8.827 | Delta Dist 100 = 10.668 | Delta Dist 1000 = 9.976 | Episode Length = 50 | Episode Return = 23.0 | Evaluator Episodes = 446 | Evaluator Steps = 22300 | Final Dist = 0.746 | Final Dist 10 = 3.979 | Final Dist 100 = 2.139 | Final Dist 1000 = 2.830 | Init Dist = 12.806 | Init Dist 10 = 12.806 | Init Dist 100 = 12.806 | Init Dist 1000 = 12.806 | Learner Steps = 1232 | Learner Walltime = 249.941 | Min Dist = 0.079 | Min Dist 10 = 3.145 | Min Dist 100 = 1.449 | Min Dist 1000 = 2.032 | Steps Per Second = 77.335 | Success = 1.000 | Success 1000 = 0.726
I0502 15:10:27.219338 139558059398720 terminal.py:91] [Actor] Actor Episodes = 1783 | Actor Steps = 89150 | Delta Dist = 3.133 | Delta Dist 10 = 3.932 | Delta Dist 100 = 4.640 | Delta Dist 1000 = 4.201 | Episode Length = 50 | Episode Return = 15.0 | Evaluator Episodes = 446 | Evaluator Steps = 22300 | Final Dist = 0.990 | Final Dist 10 = 1.121 | Final Dist 100 = 1.371 | Final Dist 1000 = 1.649 | Init Dist = 4.123 | Init Dist 10 = 5.053 | Init Dist 100 = 6.012 | Init Dist 1000 = 5.850 | Learner Steps = 1238 | Learner Walltime = 251.310 | Min Dist = 0.063 | Min Dist 10 = 0.228 | Min Dist 100 = 0.187 | Min Dist 1000 = 0.275 | Steps Per Second = 73.607 | Success = 1.000 | Success 1000 = 0.974
I0502 15:10:27.518237 139584635659840 savers.py:156] Saving checkpoint: logs/contrastive_cpc_point_FourRooms_64/5dd72662-2788-11f0-b183-d85ed38c5779/checkpoints/counter
I0502 15:10:27.786530 139579566835264 terminal.py:91] [Evaluator] Actor Episodes = 1783 | Actor Steps = 89150 | Delta Dist = 3.798 | Delta Dist 10 = 9.589 | Delta Dist 100 = 10.658 | Delta Dist 1000 = 9.984 | Episode Length = 50 | Episode Return = 0.0 | Evaluator Episodes = 448 | Evaluator Steps = 22400 | Final Dist = 9.008 | Final Dist 10 = 3.218 | Final Dist 100 = 2.148 | Final Dist 1000 = 2.822 | Init Dist = 12.806 | Init Dist 10 = 12.806 | Init Dist 100 = 12.806 | Init Dist 1000 = 12.806 | Learner Steps = 1238 | Learner Walltime = 251.310 | Min Dist = 8.089 | Min Dist 10 = 2.331 | Min Dist 100 = 1.443 | Min Dist 1000 = 2.023 | Steps Per Second = 80.639 | Success = 0.000 | Success 1000 = 0.727
I0502 15:10:29.142020 139579566835264 terminal.py:91] [Evaluator] Actor Episodes = 1791 | Actor Steps = 89550 | Delta Dist = 12.078 | Delta Dist 10 = 8.995 | Delta Dist 100 = 10.646 | Delta Dist 1000 = 9.976 | Episode Length = 50 | Episode Return = 21.0 | Evaluator Episodes = 450 | Evaluator Steps = 22500 | Final Dist = 0.728 | Final Dist 10 = 3.811 | Final Dist 100 = 2.160 | Final Dist 1000 = 2.830 | Init Dist = 12.806 | Init Dist 10 = 12.806 | Init Dist 100 = 12.806 | Init Dist 1000 = 12.806 | Learner Steps = 1245 | Learner Walltime = 252.765 | Min Dist = 0.140 | Min Dist 10 = 3.109 | Min Dist 100 = 1.452 | Min Dist 1000 = 2.032 | Steps Per Second = 75.510 | Success = 1.000 | Success 1000 = 0.726
I0502 15:10:30.429782 139579566835264 terminal.py:91] [Evaluator] Actor Episodes = 1801 | Actor Steps = 90050 | Delta Dist = 11.981 | Delta Dist 10 = 9.868 | Delta Dist 100 = 10.646 | Delta Dist 1000 = 9.986 | Episode Length = 50 | Episode Return = 19.0 | Evaluator Episodes = 452 | Evaluator Steps = 22600 | Final Dist = 0.826 | Final Dist 10 = 2.938 | Final Dist 100 = 2.160 | Final Dist 1000 = 2.820 | Init Dist = 12.806 | Init Dist 10 = 12.806 | Init Dist 100 = 12.806 | Init Dist 1000 = 12.806 | Learner Steps = 1251 | Learner Walltime = 254.105 | Min Dist = 0.271 | Min Dist 10 = 2.396 | Min Dist 100 = 1.453 | Min Dist 1000 = 2.024 | Steps Per Second = 72.911 | Success = 1.000 | Success 1000 = 0.727
I0502 15:10:31.179665 139555013154368 terminal.py:91] [Learner] Actor Episodes = 1807 | Actor Loss = 3.9590439796447754 | Actor Steps = 90350 | Binary Accuracy = 0.9958527088165283 | Categorical Accuracy = 0.353759765625 | Critic Loss = 2.3344907760620117 | Entropy Mean = -15.277599334716797 | Evaluator Episodes = 452 | Evaluator Steps = 22600 | Learner Steps = 1258 | Learner Walltime = 255.379 | Logits Neg = -15.847939491271973 | Logits Pos = -2.3278894424438477 | Logsumexp = 1.285811185836792 | Steps Per Second = 132.332
I0502 15:10:31.701490 139579566835264 terminal.py:91] [Evaluator] Actor Episodes = 1811 | Actor Steps = 90550 | Delta Dist = 11.913 | Delta Dist 10 = 10.646 | Delta Dist 100 = 10.647 | Delta Dist 1000 = 9.995 | Episode Length = 50 | Episode Return = 31.0 | Evaluator Episodes = 454 | Evaluator Steps = 22700 | Final Dist = 0.893 | Final Dist 10 = 2.161 | Final Dist 100 = 2.160 | Final Dist 1000 = 2.811 | Init Dist = 12.806 | Init Dist 10 = 12.806 | Init Dist 100 = 12.806 | Init Dist 1000 = 12.806 | Learner Steps = 1258 | Learner Walltime = 255.379 | Min Dist = 0.081 | Min Dist 10 = 1.678 | Min Dist 100 = 1.456 | Min Dist 1000 = 2.017 | Steps Per Second = 79.275 | Success = 1.000 | Success 1000 = 0.728
I0502 15:10:33.020811 139579566835264 terminal.py:91] [Evaluator] Actor Episodes = 1819 | Actor Steps = 90950 | Delta Dist = 5.073 | Delta Dist 10 = 11.184 | Delta Dist 100 = 10.632 | Delta Dist 1000 = 10.003 | Episode Length = 50 | Episode Return = 0.0 | Evaluator Episodes = 456 | Evaluator Steps = 22800 | Final Dist = 7.733 | Final Dist 10 = 1.622 | Final Dist 100 = 2.174 | Final Dist 1000 = 2.804 | Init Dist = 12.806 | Init Dist 10 = 12.806 | Init Dist 100 = 12.806 | Init Dist 1000 = 12.806 | Learner Steps = 1264 | Learner Walltime = 256.543 | Min Dist = 7.374 | Min Dist 10 = 0.933 | Min Dist 100 = 1.453 | Min Dist 1000 = 2.008 | Steps Per Second = 75.172 | Success = 0.000 | Success 1000 = 0.730
I0502 15:10:34.108103 139557462840896 terminal.py:91] [Actor] Actor Episodes = 1825 | Actor Steps = 91250 | Delta Dist = 4.592 | Delta Dist 10 = 4.504 | Delta Dist 100 = 4.203 | Delta Dist 1000 = 4.171 | Episode Length = 50 | Episode Return = 30.0 | Evaluator Episodes = 456 | Evaluator Steps = 22800 | Final Dist = 0.507 | Final Dist 10 = 1.290 | Final Dist 100 = 1.417 | Final Dist 1000 = 1.646 | Init Dist = 5.099 | Init Dist 10 = 5.794 | Init Dist 100 = 5.620 | Init Dist 1000 = 5.817 | Learner Steps = 1270 | Learner Walltime = 257.873 | Min Dist = 0.012 | Min Dist 10 = 0.260 | Min Dist 100 = 0.166 | Min Dist 1000 = 0.263 | Steps Per Second = 94.208 | Success = 1.000 | Success 1000 = 0.977
I0502 15:10:34.299149 139579566835264 terminal.py:91] [Evaluator] Actor Episodes = 1827 | Actor Steps = 91350 | Delta Dist = 12.351 | Delta Dist 10 = 10.625 | Delta Dist 100 = 10.573 | Delta Dist 1000 = 9.998 | Episode Length = 50 | Episode Return = 22.0 | Evaluator Episodes = 458 | Evaluator Steps = 22900 | Final Dist = 0.455 | Final Dist 10 = 2.181 | Final Dist 100 = 2.233 | Final Dist 1000 = 2.808 | Init Dist = 12.806 | Init Dist 10 = 12.806 | Init Dist 100 = 12.806 | Init Dist 1000 = 12.806 | Learner Steps = 1270 | Learner Walltime = 257.873 | Min Dist = 0.052 | Min Dist 10 = 1.659 | Min Dist 100 = 1.522 | Min Dist 1000 = 2.015 | Steps Per Second = 74.847 | Success = 1.000 | Success 1000 = 0.729
I0502 15:10:34.366357 139569349502528 terminal.py:91] [Actor] Actor Episodes = 1829 | Actor Steps = 91450 | Delta Dist = 4.718 | Delta Dist 10 = 4.293 | Delta Dist 100 = 4.152 | Delta Dist 1000 = 4.162 | Episode Length = 50 | Episode Return = 27.0 | Evaluator Episodes = 458 | Evaluator Steps = 22900 | Final Dist = 1.365 | Final Dist 10 = 1.544 | Final Dist 100 = 1.439 | Final Dist 1000 = 1.648 | Init Dist = 6.083 | Init Dist 10 = 5.837 | Init Dist 100 = 5.591 | Init Dist 1000 = 5.810 | Learner Steps = 1270 | Learner Walltime = 257.873 | Min Dist = 0.112 | Min Dist 10 = 0.280 | Min Dist 100 = 0.167 | Min Dist 1000 = 0.263 | Steps Per Second = 78.895 | Success = 1.000 | Success 1000 = 0.977
I0502 15:10:34.876029 139555860620864 terminal.py:91] [Actor] Actor Episodes = 1828 | Actor Steps = 91400 | Delta Dist = 7.722 | Delta Dist 10 = 4.463 | Delta Dist 100 = 4.205 | Delta Dist 1000 = 4.163 | Episode Length = 50 | Episode Return = 37.0 | Evaluator Episodes = 456 | Evaluator Steps = 22800 | Final Dist = 0.088 | Final Dist 10 = 1.635 | Final Dist 100 = 1.369 | Final Dist 1000 = 1.648 | Init Dist = 7.810 | Init Dist 10 = 6.099 | Init Dist 100 = 5.574 | Init Dist 1000 = 5.812 | Learner Steps = 1270 | Learner Walltime = 257.873 | Min Dist = 0.075 | Min Dist 10 = 0.271 | Min Dist 100 = 0.165 | Min Dist 1000 = 0.262 | Steps Per Second = 75.317 | Success = 1.000 | Success 1000 = 0.978
I0502 15:10:34.987015 139584504182336 lp_utils.py:96] StepsLimiter: Reached 91550 recorded steps
I0502 15:10:35.644952 139579566835264 terminal.py:91] [Evaluator] Actor Episodes = 1835 | Actor Steps = 91750 | Delta Dist = 12.375 | Delta Dist 10 = 11.381 | Delta Dist 100 = 10.566 | Delta Dist 1000 = 10.007 | Episode Length = 50 | Episode Return = 13.0 | Evaluator Episodes = 460 | Evaluator Steps = 23000 | Final Dist = 0.431 | Final Dist 10 = 1.426 | Final Dist 100 = 2.241 | Final Dist 1000 = 2.799 | Init Dist = 12.806 | Init Dist 10 = 12.806 | Init Dist 100 = 12.806 | Init Dist 1000 = 12.806 | Learner Steps = 1277 | Learner Walltime = 259.011 | Min Dist = 0.138 | Min Dist 10 = 0.858 | Min Dist 100 = 1.521 | Min Dist 1000 = 2.007 | Steps Per Second = 79.292 | Success = 1.000 | Success 1000 = 0.730
I0502 15:10:36.937451 139579566835264 terminal.py:91] [Evaluator] Actor Episodes = 1843 | Actor Steps = 92150 | Delta Dist = 11.393 | Delta Dist 10 = 11.413 | Delta Dist 100 = 10.576 | Delta Dist 1000 = 10.017 | Episode Length = 50 | Episode Return = 4.0 | Evaluator Episodes = 462 | Evaluator Steps = 23100 | Final Dist = 1.414 | Final Dist 10 = 1.393 | Final Dist 100 = 2.231 | Final Dist 1000 = 2.789 | Init Dist = 12.806 | Init Dist 10 = 12.806 | Init Dist 100 = 12.806 | Init Dist 1000 = 12.806 | Learner Steps = 1283 | Learner Walltime = 260.535 | Min Dist = 0.063 | Min Dist 10 = 0.834 | Min Dist 100 = 1.520 | Min Dist 1000 = 1.999 | Steps Per Second = 86.115 | Success = 1.000 | Success 1000 = 0.731
I0502 15:10:37.620941 139558059398720 terminal.py:91] [Actor] Actor Episodes = 1847 | Actor Steps = 92350 | Delta Dist = 6.049 | Delta Dist 10 = 0.850 | Delta Dist 100 = 3.981 | Delta Dist 1000 = 4.151 | Episode Length = 50 | Episode Return = 14.0 | Evaluator Episodes = 462 | Evaluator Steps = 23100 | Final Dist = 1.232 | Final Dist 10 = 4.049 | Final Dist 100 = 1.652 | Final Dist 1000 = 1.678 | Init Dist = 7.280 | Init Dist 10 = 4.899 | Init Dist 100 = 5.633 | Init Dist 1000 = 5.829 | Learner Steps = 1283 | Learner Walltime = 260.535 | Min Dist = 0.185 | Min Dist 10 = 0.194 | Min Dist 100 = 0.188 | Min Dist 1000 = 0.264 | Steps Per Second = 75.516 | Success = 1.000 | Success 1000 = 0.977
I0502 15:10:38.247764 139579566835264 terminal.py:91] [Evaluator] Actor Episodes = 1851 | Actor Steps = 92550 | Delta Dist = 11.777 | Delta Dist 10 = 11.346 | Delta Dist 100 = 10.574 | Delta Dist 1000 = 10.024 | Episode Length = 50 | Episode Return = 22.0 | Evaluator Episodes = 464 | Evaluator Steps = 23200 | Final Dist = 1.029 | Final Dist 10 = 1.460 | Final Dist 100 = 2.232 | Final Dist 1000 = 2.782 | Init Dist = 12.806 | Init Dist 10 = 12.806 | Init Dist 100 = 12.806 | Init Dist 1000 = 12.806 | Learner Steps = 1290 | Learner Walltime = 261.935 | Min Dist = 0.334 | Min Dist 10 = 0.847 | Min Dist 100 = 1.521 | Min Dist 1000 = 1.991 | Steps Per Second = 75.081 | Success = 1.000 | Success 1000 = 0.732
I0502 15:10:39.519101 139579566835264 terminal.py:91] [Evaluator] Actor Episodes = 1857 | Actor Steps = 92850 | Delta Dist = 12.411 | Delta Dist 10 = 11.359 | Delta Dist 100 = 10.580 | Delta Dist 1000 = 10.032 | Episode Length = 50 | Episode Return = 14.0 | Evaluator Episodes = 466 | Evaluator Steps = 23300 | Final Dist = 0.395 | Final Dist 10 = 1.448 | Final Dist 100 = 2.226 | Final Dist 1000 = 2.774 | Init Dist = 12.806 | Init Dist 10 = 12.806 | Init Dist 100 = 12.806 | Init Dist 1000 = 12.806 | Learner Steps = 1295 | Learner Walltime = 262.952 | Min Dist = 0.285 | Min Dist 10 = 0.901 | Min Dist 100 = 1.527 | Min Dist 1000 = 1.984 | Steps Per Second = 71.740 | Success = 1.000 | Success 1000 = 0.733
I0502 15:10:40.838057 139579566835264 terminal.py:91] [Evaluator] Actor Episodes = 1867 | Actor Steps = 93350 | Delta Dist = 12.375 | Delta Dist 10 = 12.055 | Delta Dist 100 = 10.579 | Delta Dist 1000 = 10.042 | Episode Length = 50 | Episode Return = 27.0 | Evaluator Episodes = 468 | Evaluator Steps = 23400 | Final Dist = 0.432 | Final Dist 10 = 0.752 | Final Dist 100 = 2.227 | Final Dist 1000 = 2.764 | Init Dist = 12.806 | Init Dist 10 = 12.806 | Init Dist 100 = 12.806 | Init Dist 1000 = 12.806 | Learner Steps = 1301 | Learner Walltime = 264.318 | Min Dist = 0.041 | Min Dist 10 = 0.192 | Min Dist 100 = 1.526 | Min Dist 1000 = 1.976 | Steps Per Second = 72.828 | Success = 1.000 | Success 1000 = 0.734
I0502 15:10:41.500878 139555013154368 terminal.py:91] [Learner] Actor Episodes = 1871 | Actor Loss = 3.992002487182617 | Actor Steps = 93550 | Binary Accuracy = 0.9959237575531006 | Categorical Accuracy = 0.35552978515625 | Critic Loss = 2.342991352081299 | Entropy Mean = -15.696127891540527 | Evaluator Episodes = 468 | Evaluator Steps = 23400 | Learner Steps = 1308 | Learner Walltime = 265.698 | Logits Neg = -15.378562927246094 | Logits Pos = -2.298325300216675 | Logsumexp = 1.2453328371047974 | Steps Per Second = 162.802
I0502 15:10:42.203005 139579566835264 terminal.py:91] [Evaluator] Actor Episodes = 1877 | Actor Steps = 93850 | Delta Dist = 12.307 | Delta Dist 10 = 12.094 | Delta Dist 100 = 10.589 | Delta Dist 1000 = 10.051 | Episode Length = 50 | Episode Return = 25.0 | Evaluator Episodes = 470 | Evaluator Steps = 23500 | Final Dist = 0.499 | Final Dist 10 = 0.712 | Final Dist 100 = 2.218 | Final Dist 1000 = 2.755 | Init Dist = 12.806 | Init Dist 10 = 12.806 | Init Dist 100 = 12.806 | Init Dist 1000 = 12.806 | Learner Steps = 1308 | Learner Walltime = 265.698 | Min Dist = 0.019 | Min Dist 10 = 0.195 | Min Dist 100 = 1.524 | Min Dist 1000 = 1.968 | Steps Per Second = 75.400 | Success = 1.000 | Success 1000 = 0.736
I0502 15:10:43.536055 139579566835264 terminal.py:91] [Evaluator] Actor Episodes = 1885 | Actor Steps = 94250 | Delta Dist = 11.960 | Delta Dist 10 = 11.976 | Delta Dist 100 = 10.589 | Delta Dist 1000 = 10.059 | Episode Length = 50 | Episode Return = 12.0 | Evaluator Episodes = 472 | Evaluator Steps = 23600 | Final Dist = 0.846 | Final Dist 10 = 0.831 | Final Dist 100 = 2.218 | Final Dist 1000 = 2.747 | Init Dist = 12.806 | Init Dist 10 = 12.806 | Init Dist 100 = 12.806 | Init Dist 1000 = 12.806 | Learner Steps = 1315 | Learner Walltime = 267.041 | Min Dist = 0.165 | Min Dist 10 = 0.188 | Min Dist 100 = 1.521 | Min Dist 1000 = 1.960 | Steps Per Second = 73.514 | Success = 1.000 | Success 1000 = 0.737
I0502 15:10:44.514497 139557462840896 terminal.py:91] [Actor] Actor Episodes = 1889 | Actor Steps = 94450 | Delta Dist = 11.724 | Delta Dist 10 = 4.707 | Delta Dist 100 = 3.675 | Delta Dist 1000 = 4.128 | Episode Length = 50 | Episode Return = 43.0 | Evaluator Episodes = 472 | Evaluator Steps = 23600 | Final Dist = 1.004 | Final Dist 10 = 1.386 | Final Dist 100 = 1.978 | Final Dist 1000 = 1.682 | Init Dist = 12.728 | Init Dist 10 = 6.092 | Init Dist 100 = 5.653 | Init Dist 1000 = 5.811 | Learner Steps = 1321 | Learner Walltime = 268.230 | Min Dist = 0.163 | Min Dist 10 = 0.132 | Min Dist 100 = 0.248 | Min Dist 1000 = 0.257 | Steps Per Second = 77.539 | Success = 1.000 | Success 1000 = 0.976
I0502 15:10:44.654106 139569349502528 terminal.py:91] [Actor] Actor Episodes = 1891 | Actor Steps = 94550 | Delta Dist = 7.785 | Delta Dist 10 = 4.636 | Delta Dist 100 = 3.618 | Delta Dist 1000 = 4.125 | Episode Length = 50 | Episode Return = 21.0 | Evaluator Episodes = 472 | Evaluator Steps = 23600 | Final Dist = 0.278 | Final Dist 10 = 1.525 | Final Dist 100 = 2.077 | Final Dist 1000 = 1.692 | Init Dist = 8.062 | Init Dist 10 = 6.161 | Init Dist 100 = 5.695 | Init Dist 1000 = 5.817 | Learner Steps = 1321 | Learner Walltime = 268.230 | Min Dist = 0.149 | Min Dist 10 = 0.114 | Min Dist 100 = 0.249 | Min Dist 1000 = 0.257 | Steps Per Second = 79.880 | Success = 1.000 | Success 1000 = 0.977
I0502 15:10:44.753784 139579566835264 terminal.py:91] [Evaluator] Actor Episodes = 1893 | Actor Steps = 94650 | Delta Dist = 11.648 | Delta Dist 10 = 12.109 | Delta Dist 100 = 10.585 | Delta Dist 1000 = 10.068 | Episode Length = 50 | Episode Return = 20.0 | Evaluator Episodes = 474 | Evaluator Steps = 23700 | Final Dist = 1.158 | Final Dist 10 = 0.697 | Final Dist 100 = 2.221 | Final Dist 1000 = 2.738 | Init Dist = 12.806 | Init Dist 10 = 12.806 | Init Dist 100 = 12.806 | Init Dist 1000 = 12.806 | Learner Steps = 1321 | Learner Walltime = 268.230 | Min Dist = 0.140 | Min Dist 10 = 0.159 | Min Dist 100 = 1.523 | Min Dist 1000 = 1.953 | Steps Per Second = 85.530 | Success = 1.000 | Success 1000 = 0.738
I0502 15:10:45.010105 139584504182336 lp_utils.py:96] StepsLimiter: Reached 94650 recorded steps
I0502 15:10:45.311541 139555860620864 terminal.py:91] [Actor] Actor Episodes = 1894 | Actor Steps = 94700 | Delta Dist = -0.021 | Delta Dist 10 = 5.113 | Delta Dist 100 = 3.759 | Delta Dist 1000 = 4.125 | Episode Length = 50 | Episode Return = 23.0 | Evaluator Episodes = 472 | Evaluator Steps = 23600 | Final Dist = 1.021 | Final Dist 10 = 2.740 | Final Dist 100 = 2.131 | Final Dist 1000 = 1.702 | Init Dist = 1.000 | Init Dist 10 = 7.853 | Init Dist 100 = 5.890 | Init Dist 1000 = 5.827 | Learner Steps = 1321 | Learner Walltime = 268.230 | Min Dist = 0.041 | Min Dist 10 = 0.138 | Min Dist 100 = 0.251 | Min Dist 1000 = 0.257 | Steps Per Second = 77.844 | Success = 1.000 | Success 1000 = 0.978
I0502 15:10:46.070650 139579566835264 terminal.py:91] [Evaluator] Actor Episodes = 1901 | Actor Steps = 95050 | Delta Dist = 12.127 | Delta Dist 10 = 12.166 | Delta Dist 100 = 10.655 | Delta Dist 1000 = 10.077 | Episode Length = 50 | Episode Return = 21.0 | Evaluator Episodes = 476 | Evaluator Steps = 23800 | Final Dist = 0.679 | Final Dist 10 = 0.640 | Final Dist 100 = 2.151 | Final Dist 1000 = 2.729 | Init Dist = 12.806 | Init Dist 10 = 12.806 | Init Dist 100 = 12.806 | Init Dist 1000 = 12.806 | Learner Steps = 1327 | Learner Walltime = 269.493 | Min Dist = 0.344 | Min Dist 10 = 0.125 | Min Dist 100 = 1.453 | Min Dist 1000 = 1.945 | Steps Per Second = 76.830 | Success = 1.000 | Success 1000 = 0.739
I0502 15:10:47.339209 139579566835264 terminal.py:91] [Evaluator] Actor Episodes = 1909 | Actor Steps = 95450 | Delta Dist = 12.379 | Delta Dist 10 = 12.151 | Delta Dist 100 = 10.657 | Delta Dist 1000 = 10.086 | Episode Length = 50 | Episode Return = 17.0 | Evaluator Episodes = 478 | Evaluator Steps = 23900 | Final Dist = 0.427 | Final Dist 10 = 0.655 | Final Dist 100 = 2.149 | Final Dist 1000 = 2.720 | Init Dist = 12.806 | Init Dist 10 = 12.806 | Init Dist 100 = 12.806 | Init Dist 1000 = 12.806 | Learner Steps = 1333 | Learner Walltime = 270.739 | Min Dist = 0.024 | Min Dist 10 = 0.139 | Min Dist 100 = 1.453 | Min Dist 1000 = 1.938 | Steps Per Second = 70.360 | Success = 1.000 | Success 1000 = 0.740
I0502 15:10:47.743669 139558059398720 terminal.py:91] [Actor] Actor Episodes = 1911 | Actor Steps = 95550 | Delta Dist = 7.112 | Delta Dist 10 = 3.662 | Delta Dist 100 = 3.938 | Delta Dist 1000 = 4.129 | Episode Length = 50 | Episode Return = 24.0 | Evaluator Episodes = 478 | Evaluator Steps = 23900 | Final Dist = 0.951 | Final Dist 10 = 2.804 | Final Dist 100 = 2.182 | Final Dist 1000 = 1.715 | Init Dist = 8.062 | Init Dist 10 = 6.466 | Init Dist 100 = 6.120 | Init Dist 1000 = 5.844 | Learner Steps = 1333 | Learner Walltime = 270.739 | Min Dist = 0.147 | Min Dist 10 = 0.290 | Min Dist 100 = 0.256 | Min Dist 1000 = 0.258 | Steps Per Second = 78.008 | Success = 1.000 | Success 1000 = 0.978
I0502 15:10:48.617418 139579566835264 terminal.py:91] [Evaluator] Actor Episodes = 1917 | Actor Steps = 95850 | Delta Dist = 2.811 | Delta Dist 10 = 12.149 | Delta Dist 100 = 10.655 | Delta Dist 1000 = 10.095 | Episode Length = 50 | Episode Return = 0.0 | Evaluator Episodes = 480 | Evaluator Steps = 24000 | Final Dist = 9.995 | Final Dist 10 = 0.657 | Final Dist 100 = 2.151 | Final Dist 1000 = 2.711 | Init Dist = 12.806 | Init Dist 10 = 12.806 | Init Dist 100 = 12.806 | Init Dist 1000 = 12.806 | Learner Steps = 1340 | Learner Walltime = 272.079 | Min Dist = 7.662 | Min Dist 10 = 0.143 | Min Dist 100 = 1.452 | Min Dist 1000 = 1.930 | Steps Per Second = 81.709 | Success = 0.000 | Success 1000 = 0.741
I0502 15:10:49.924024 139579566835264 terminal.py:91] [Evaluator] Actor Episodes = 1925 | Actor Steps = 96250 | Delta Dist = 11.399 | Delta Dist 10 = 11.218 | Delta Dist 100 = 10.560 | Delta Dist 1000 = 10.083 | Episode Length = 50 | Episode Return = 11.0 | Evaluator Episodes = 482 | Evaluator Steps = 24100 | Final Dist = 1.408 | Final Dist 10 = 1.588 | Final Dist 100 = 2.246 | Final Dist 1000 = 2.723 | Init Dist = 12.806 | Init Dist 10 = 12.806 | Init Dist 100 = 12.806 | Init Dist 1000 = 12.806 | Learner Steps = 1345 | Learner Walltime = 273.320 | Min Dist = 0.079 | Min Dist 10 = 0.911 | Min Dist 100 = 1.528 | Min Dist 1000 = 1.938 | Steps Per Second = 80.465 | Success = 1.000 | Success 1000 = 0.740
I0502 15:10:51.309765 139579566835264 terminal.py:91] [Evaluator] Actor Episodes = 1933 | Actor Steps = 96650 | Delta Dist = 12.439 | Delta Dist 10 = 11.056 | Delta Dist 100 = 10.547 | Delta Dist 1000 = 10.089 | Episode Length = 50 | Episode Return = 11.0 | Evaluator Episodes = 484 | Evaluator Steps = 24200 | Final Dist = 0.367 | Final Dist 10 = 1.751 | Final Dist 100 = 2.260 | Final Dist 1000 = 2.717 | Init Dist = 12.806 | Init Dist 10 = 12.806 | Init Dist 100 = 12.806 | Init Dist 1000 = 12.806 | Learner Steps = 1352 | Learner Walltime = 274.538 | Min Dist = 0.057 | Min Dist 10 = 0.900 | Min Dist 100 = 1.527 | Min Dist 1000 = 1.931 | Steps Per Second = 70.007 | Success = 1.000 | Success 1000 = 0.741
I0502 15:10:51.726315 139555013154368 terminal.py:91] [Learner] Actor Episodes = 1933 | Actor Loss = 4.0019989013671875 | Actor Steps = 96650 | Binary Accuracy = 0.9958579540252686 | Categorical Accuracy = 0.3592529296875 | Critic Loss = 2.2773427963256836 | Entropy Mean = -15.13317584991455 | Evaluator Episodes = 484 | Evaluator Steps = 24200 | Learner Steps = 1358 | Learner Walltime = 275.924 | Logits Neg = -15.91579532623291 | Logits Pos = -2.2350425720214844 | Logsumexp = 1.2822918891906738 | Steps Per Second = 169.973
I0502 15:10:52.704140 139579566835264 terminal.py:91] [Evaluator] Actor Episodes = 1941 | Actor Steps = 97050 | Delta Dist = 12.586 | Delta Dist 10 = 11.039 | Delta Dist 100 = 10.554 | Delta Dist 1000 = 10.097 | Episode Length = 50 | Episode Return = 33.0 | Evaluator Episodes = 486 | Evaluator Steps = 24300 | Final Dist = 0.221 | Final Dist 10 = 1.767 | Final Dist 100 = 2.253 | Final Dist 1000 = 2.710 | Init Dist = 12.806 | Init Dist 10 = 12.806 | Init Dist 100 = 12.806 | Init Dist 1000 = 12.806 | Learner Steps = 1361 | Learner Walltime = 276.671 | Min Dist = 0.197 | Min Dist 10 = 0.886 | Min Dist 100 = 1.525 | Min Dist 1000 = 1.923 | Steps Per Second = 67.948 | Success = 1.000 | Success 1000 = 0.742
I0502 15:10:54.028441 139579566835264 terminal.py:91] [Evaluator] Actor Episodes = 1949 | Actor Steps = 97450 | Delta Dist = 12.065 | Delta Dist 10 = 11.007 | Delta Dist 100 = 10.562 | Delta Dist 1000 = 10.105 | Episode Length = 50 | Episode Return = 23.0 | Evaluator Episodes = 488 | Evaluator Steps = 24400 | Final Dist = 0.741 | Final Dist 10 = 1.799 | Final Dist 100 = 2.244 | Final Dist 1000 = 2.701 | Init Dist = 12.806 | Init Dist 10 = 12.806 | Init Dist 100 = 12.806 | Init Dist 1000 = 12.806 | Learner Steps = 1367 | Learner Walltime = 277.992 | Min Dist = 0.040 | Min Dist 10 = 0.872 | Min Dist 100 = 1.524 | Min Dist 1000 = 1.916 | Steps Per Second = 79.361 | Success = 1.000 | Success 1000 = 0.743
I0502 15:10:54.885088 139557462840896 terminal.py:91] [Actor] Actor Episodes = 1955 | Actor Steps = 97750 | Delta Dist = 5.530 | Delta Dist 10 = 3.327 | Delta Dist 100 = 3.956 | Delta Dist 1000 = 4.086 | Episode Length = 50 | Episode Return = 27.0 | Evaluator Episodes = 488 | Evaluator Steps = 24400 | Final Dist = 1.681 | Final Dist 10 = 2.318 | Final Dist 100 = 2.049 | Final Dist 1000 = 1.730 | Init Dist = 7.211 | Init Dist 10 = 5.645 | Init Dist 100 = 6.005 | Init Dist 1000 = 5.816 | Learner Steps = 1367 | Learner Walltime = 277.992 | Min Dist = 1.681 | Min Dist 10 = 0.361 | Min Dist 100 = 0.286 | Min Dist 1000 = 0.265 | Steps Per Second = 78.195 | Success = 0.000 | Success 1000 = 0.979
I0502 15:10:54.965959 139569349502528 terminal.py:91] [Actor] Actor Episodes = 1957 | Actor Steps = 97850 | Delta Dist = 6.585 | Delta Dist 10 = 2.671 | Delta Dist 100 = 3.819 | Delta Dist 1000 = 4.083 | Episode Length = 50 | Episode Return = 26.0 | Evaluator Episodes = 488 | Evaluator Steps = 24400 | Final Dist = 0.627 | Final Dist 10 = 3.032 | Final Dist 100 = 2.114 | Final Dist 1000 = 1.738 | Init Dist = 7.211 | Init Dist 10 = 5.703 | Init Dist 100 = 5.933 | Init Dist 1000 = 5.821 | Learner Steps = 1367 | Learner Walltime = 277.992 | Min Dist = 0.615 | Min Dist 10 = 0.754 | Min Dist 100 = 0.329 | Min Dist 1000 = 0.269 | Steps Per Second = 80.064 | Success = 1.000 | Success 1000 = 0.979
I0502 15:10:55.033973 139584504182336 lp_utils.py:96] StepsLimiter: Reached 97850 recorded steps
I0502 15:10:55.294373 139579566835264 terminal.py:91] [Evaluator] Actor Episodes = 1957 | Actor Steps = 97850 | Delta Dist = 12.174 | Delta Dist 10 = 11.026 | Delta Dist 100 = 10.566 | Delta Dist 1000 = 10.114 | Episode Length = 50 | Episode Return = 19.0 | Evaluator Episodes = 490 | Evaluator Steps = 24500 | Final Dist = 0.632 | Final Dist 10 = 1.780 | Final Dist 100 = 2.240 | Final Dist 1000 = 2.692 | Init Dist = 12.806 | Init Dist 10 = 12.806 | Init Dist 100 = 12.806 | Init Dist 1000 = 12.806 | Learner Steps = 1374 | Learner Walltime = 279.186 | Min Dist = 0.328 | Min Dist 10 = 0.865 | Min Dist 100 = 1.521 | Min Dist 1000 = 1.908 | Steps Per Second = 73.506 | Success = 1.000 | Success 1000 = 0.744
I0502 15:10:55.571563 139555860620864 terminal.py:91] [Actor] Actor Episodes = 1954 | Actor Steps = 97700 | Delta Dist = 4.287 | Delta Dist 10 = 3.099 | Delta Dist 100 = 3.883 | Delta Dist 1000 = 4.086 | Episode Length = 50 | Episode Return = 46.0 | Evaluator Episodes = 488 | Evaluator Steps = 24400 | Final Dist = 0.185 | Final Dist 10 = 2.786 | Final Dist 100 = 2.124 | Final Dist 1000 = 1.740 | Init Dist = 4.472 | Init Dist 10 = 5.885 | Init Dist 100 = 6.007 | Init Dist 1000 = 5.826 | Learner Steps = 1367 | Learner Walltime = 277.992 | Min Dist = 0.185 | Min Dist 10 = 0.538 | Min Dist 100 = 0.329 | Min Dist 1000 = 0.269 | Steps Per Second = 72.420 | Success = 1.000 | Success 1000 = 0.979
I0502 15:10:56.681504 139579566835264 terminal.py:91] [Evaluator] Actor Episodes = 1965 | Actor Steps = 98250 | Delta Dist = 9.274 | Delta Dist 10 = 11.402 | Delta Dist 100 = 10.511 | Delta Dist 1000 = 10.110 | Episode Length = 50 | Episode Return = 0.0 | Evaluator Episodes = 492 | Evaluator Steps = 24600 | Final Dist = 3.533 | Final Dist 10 = 1.405 | Final Dist 100 = 2.296 | Final Dist 1000 = 2.696 | Init Dist = 12.806 | Init Dist 10 = 12.806 | Init Dist 100 = 12.806 | Init Dist 1000 = 12.806 | Learner Steps = 1379 | Learner Walltime = 280.404 | Min Dist = 3.533 | Min Dist 10 = 0.704 | Min Dist 100 = 1.580 | Min Dist 1000 = 1.913 | Steps Per Second = 74.758 | Success = 0.000 | Success 1000 = 0.743
I0502 15:10:57.932784 139579566835264 terminal.py:91] [Evaluator] Actor Episodes = 1973 | Actor Steps = 98650 | Delta Dist = 12.181 | Delta Dist 10 = 11.277 | Delta Dist 100 = 10.495 | Delta Dist 1000 = 10.113 | Episode Length = 50 | Episode Return = 24.0 | Evaluator Episodes = 494 | Evaluator Steps = 24700 | Final Dist = 0.626 | Final Dist 10 = 1.530 | Final Dist 100 = 2.311 | Final Dist 1000 = 2.693 | Init Dist = 12.806 | Init Dist 10 = 12.806 | Init Dist 100 = 12.806 | Init Dist 1000 = 12.806 | Learner Steps = 1386 | Learner Walltime = 281.621 | Min Dist = 0.200 | Min Dist 10 = 1.041 | Min Dist 100 = 1.610 | Min Dist 1000 = 1.913 | Steps Per Second = 81.756 | Success = 1.000 | Success 1000 = 0.742
I0502 15:10:58.134279 139558059398720 terminal.py:91] [Actor] Actor Episodes = 1975 | Actor Steps = 98750 | Delta Dist = -2.157 | Delta Dist 10 = 3.698 | Delta Dist 100 = 4.074 | Delta Dist 1000 = 4.086 | Episode Length = 50 | Episode Return = 0.0 | Evaluator Episodes = 494 | Evaluator Steps = 24700 | Final Dist = 6.157 | Final Dist 10 = 2.385 | Final Dist 100 = 2.039 | Final Dist 1000 = 1.745 | Init Dist = 4.000 | Init Dist 10 = 6.083 | Init Dist 100 = 6.113 | Init Dist 1000 = 5.831 | Learner Steps = 1386 | Learner Walltime = 281.621 | Min Dist = 0.112 | Min Dist 10 = 0.635 | Min Dist 100 = 0.349 | Min Dist 1000 = 0.271 | Steps Per Second = 74.745 | Success = 1.000 | Success 1000 = 0.978
I0502 15:10:59.282587 139579566835264 terminal.py:91] [Evaluator] Actor Episodes = 1981 | Actor Steps = 99050 | Delta Dist = 11.505 | Delta Dist 10 = 11.335 | Delta Dist 100 = 10.507 | Delta Dist 1000 = 10.122 | Episode Length = 50 | Episode Return = 23.0 | Evaluator Episodes = 496 | Evaluator Steps = 24800 | Final Dist = 1.302 | Final Dist 10 = 1.471 | Final Dist 100 = 2.299 | Final Dist 1000 = 2.685 | Init Dist = 12.806 | Init Dist 10 = 12.806 | Init Dist 100 = 12.806 | Init Dist 1000 = 12.806 | Learner Steps = 1392 | Learner Walltime = 282.897 | Min Dist = 0.183 | Min Dist 10 = 1.053 | Min Dist 100 = 1.608 | Min Dist 1000 = 1.906 | Steps Per Second = 74.889 | Success = 1.000 | Success 1000 = 0.743
I0502 15:11:00.581731 139579566835264 terminal.py:91] [Evaluator] Actor Episodes = 1989 | Actor Steps = 99450 | Delta Dist = 12.656 | Delta Dist 10 = 11.205 | Delta Dist 100 = 10.580 | Delta Dist 1000 = 10.127 | Episode Length = 50 | Episode Return = 1.0 | Evaluator Episodes = 498 | Evaluator Steps = 24900 | Final Dist = 0.150 | Final Dist 10 = 1.601 | Final Dist 100 = 2.226 | Final Dist 1000 = 2.679 | Init Dist = 12.806 | Init Dist 10 = 12.806 | Init Dist 100 = 12.806 | Init Dist 1000 = 12.806 | Learner Steps = 1397 | Learner Walltime = 283.905 | Min Dist = 0.150 | Min Dist 10 = 1.047 | Min Dist 100 = 1.534 | Min Dist 1000 = 1.898 | Steps Per Second = 73.602 | Success = 1.000 | Success 1000 = 0.744
I0502 15:11:01.818120 139579566835264 terminal.py:91] [Evaluator] Actor Episodes = 1997 | Actor Steps = 99850 | Delta Dist = 12.425 | Delta Dist 10 = 11.262 | Delta Dist 100 = 10.596 | Delta Dist 1000 = 10.137 | Episode Length = 50 | Episode Return = 22.0 | Evaluator Episodes = 500 | Evaluator Steps = 25000 | Final Dist = 0.381 | Final Dist 10 = 1.544 | Final Dist 100 = 2.210 | Final Dist 1000 = 2.669 | Init Dist = 12.806 | Init Dist 10 = 12.806 | Init Dist 100 = 12.806 | Init Dist 1000 = 12.806 | Learner Steps = 1402 | Learner Walltime = 284.971 | Min Dist = 0.096 | Min Dist 10 = 1.064 | Min Dist 100 = 1.531 | Min Dist 1000 = 1.891 | Steps Per Second = 85.976 | Success = 1.000 | Success 1000 = 0.745
I0502 15:11:01.960775 139555013154368 terminal.py:91] [Learner] Actor Episodes = 1997 | Actor Loss = 3.8555550575256348 | Actor Steps = 99850 | Binary Accuracy = 0.9958555698394775 | Categorical Accuracy = 0.35675048828125 | Critic Loss = 2.355319023132324 | Entropy Mean = -16.33722686767578 | Evaluator Episodes = 500 | Evaluator Steps = 25000 | Learner Steps = 1408 | Learner Walltime = 286.157 | Logits Neg = -15.440494537353516 | Logits Pos = -2.32448148727417 | Logsumexp = 1.3106637001037598 | Steps Per Second = 159.781
I0502 15:11:03.155465 139579566835264 terminal.py:91] [Evaluator] Actor Episodes = 2005 | Actor Steps = 100250 | Delta Dist = 12.639 | Delta Dist 10 = 11.027 | Delta Dist 100 = 10.615 | Delta Dist 1000 = 10.128 | Episode Length = 50 | Episode Return = 1.0 | Evaluator Episodes = 502 | Evaluator Steps = 25100 | Final Dist = 0.167 | Final Dist 10 = 1.779 | Final Dist 100 = 2.191 | Final Dist 1000 = 2.678 | Init Dist = 12.806 | Init Dist 10 = 12.806 | Init Dist 100 = 12.806 | Init Dist 1000 = 12.806 | Learner Steps = 1408 | Learner Walltime = 286.157 | Min Dist = 0.167 | Min Dist 10 = 1.339 | Min Dist 100 = 1.521 | Min Dist 1000 = 1.902 | Steps Per Second = 73.510 | Success = 1.000 | Success 1000 = 0.745
I0502 15:11:04.498131 139579566835264 terminal.py:91] [Evaluator] Actor Episodes = 2013 | Actor Steps = 100650 | Delta Dist = 6.835 | Delta Dist 10 = 11.355 | Delta Dist 100 = 10.626 | Delta Dist 1000 = 10.138 | Episode Length = 50 | Episode Return = 0.0 | Evaluator Episodes = 504 | Evaluator Steps = 25200 | Final Dist = 5.971 | Final Dist 10 = 1.451 | Final Dist 100 = 2.180 | Final Dist 1000 = 2.669 | Init Dist = 12.806 | Init Dist 10 = 12.806 | Init Dist 100 = 12.806 | Init Dist 1000 = 12.806 | Learner Steps = 1420 | Learner Walltime = 288.569 | Min Dist = 5.895 | Min Dist 10 = 1.007 | Min Dist 100 = 1.519 | Min Dist 1000 = 1.895 | Steps Per Second = 72.747 | Success = 0.000 | Success 1000 = 0.746
I0502 15:11:05.051389 139584504182336 lp_utils.py:96] StepsLimiter: Reached 100850 recorded steps
I0502 15:11:05.141726 139569349502528 terminal.py:91] [Actor] Actor Episodes = 2019 | Actor Steps = 100950 | Delta Dist = 10.713 | Delta Dist 10 = 5.421 | Delta Dist 100 = 4.185 | Delta Dist 1000 = 4.096 | Episode Length = 50 | Episode Return = 9.0 | Evaluator Episodes = 504 | Evaluator Steps = 25200 | Final Dist = 0.058 | Final Dist 10 = 0.934 | Final Dist 100 = 1.699 | Final Dist 1000 = 1.745 | Init Dist = 10.770 | Init Dist 10 = 6.355 | Init Dist 100 = 5.883 | Init Dist 1000 = 5.842 | Learner Steps = 1420 | Learner Walltime = 288.569 | Min Dist = 0.058 | Min Dist 10 = 0.137 | Min Dist 100 = 0.264 | Min Dist 1000 = 0.264 | Steps Per Second = 72.469 | Success = 1.000 | Success 1000 = 0.980
I0502 15:11:05.404311 139557462840896 terminal.py:91] [Actor] Actor Episodes = 2018 | Actor Steps = 100900 | Delta Dist = 7.456 | Delta Dist 10 = 6.241 | Delta Dist 100 = 4.272 | Delta Dist 1000 = 4.095 | Episode Length = 50 | Episode Return = 22.0 | Evaluator Episodes = 504 | Evaluator Steps = 25200 | Final Dist = 1.146 | Final Dist 10 = 0.660 | Final Dist 100 = 1.595 | Final Dist 1000 = 1.745 | Init Dist = 8.602 | Init Dist 10 = 6.901 | Init Dist 100 = 5.866 | Init Dist 1000 = 5.840 | Learner Steps = 1420 | Learner Walltime = 288.569 | Min Dist = 0.009 | Min Dist 10 = 0.111 | Min Dist 100 = 0.250 | Min Dist 1000 = 0.264 | Steps Per Second = 83.363 | Success = 1.000 | Success 1000 = 0.980
I0502 15:11:05.804308 139579566835264 terminal.py:91] [Evaluator] Actor Episodes = 2021 | Actor Steps = 101050 | Delta Dist = 12.008 | Delta Dist 10 = 10.810 | Delta Dist 100 = 10.576 | Delta Dist 1000 = 10.135 | Episode Length = 50 | Episode Return = 12.0 | Evaluator Episodes = 506 | Evaluator Steps = 25300 | Final Dist = 0.798 | Final Dist 10 = 1.996 | Final Dist 100 = 2.230 | Final Dist 1000 = 2.671 | Init Dist = 12.806 | Init Dist 10 = 12.806 | Init Dist 100 = 12.806 | Init Dist 1000 = 12.806 | Learner Steps = 1425 | Learner Walltime = 289.613 | Min Dist = 0.145 | Min Dist 10 = 1.586 | Min Dist 100 = 1.569 | Min Dist 1000 = 1.899 | Steps Per Second = 77.976 | Success = 1.000 | Success 1000 = 0.745
I0502 15:11:05.973390 139555860620864 terminal.py:91] [Actor] Actor Episodes = 2022 | Actor Steps = 101100 | Delta Dist = 3.960 | Delta Dist 10 = 6.638 | Delta Dist 100 = 4.309 | Delta Dist 1000 = 4.099 | Episode Length = 50 | Episode Return = 20.0 | Evaluator Episodes = 504 | Evaluator Steps = 25200 | Final Dist = 1.040 | Final Dist 10 = 0.579 | Final Dist 100 = 1.580 | Final Dist 1000 = 1.743 | Init Dist = 5.000 | Init Dist 10 = 7.217 | Init Dist 100 = 5.889 | Init Dist 1000 = 5.842 | Learner Steps = 1420 | Learner Walltime = 288.569 | Min Dist = 0.062 | Min Dist 10 = 0.103 | Min Dist 100 = 0.241 | Min Dist 1000 = 0.264 | Steps Per Second = 73.692 | Success = 1.000 | Success 1000 = 0.980
I0502 15:11:07.163018 139579566835264 terminal.py:91] [Evaluator] Actor Episodes = 2031 | Actor Steps = 101550 | Delta Dist = 12.504 | Delta Dist 10 = 10.851 | Delta Dist 100 = 10.573 | Delta Dist 1000 = 10.141 | Episode Length = 50 | Episode Return = 26.0 | Evaluator Episodes = 508 | Evaluator Steps = 25400 | Final Dist = 0.303 | Final Dist 10 = 1.955 | Final Dist 100 = 2.234 | Final Dist 1000 = 2.665 | Init Dist = 12.806 | Init Dist 10 = 12.806 | Init Dist 100 = 12.806 | Init Dist 1000 = 12.806 | Learner Steps = 1430 | Learner Walltime = 290.784 | Min Dist = 0.150 | Min Dist 10 = 1.586 | Min Dist 100 = 1.569 | Min Dist 1000 = 1.892 | Steps Per Second = 71.095 | Success = 1.000 | Success 1000 = 0.746
I0502 15:11:08.450011 139558059398720 terminal.py:91] [Actor] Actor Episodes = 2039 | Actor Steps = 101950 | Delta Dist = 7.458 | Delta Dist 10 = 3.371 | Delta Dist 100 = 4.563 | Delta Dist 1000 = 4.117 | Episode Length = 50 | Episode Return = 22.0 | Evaluator Episodes = 508 | Evaluator Steps = 25400 | Final Dist = 1.542 | Final Dist 10 = 2.383 | Final Dist 100 = 1.671 | Final Dist 1000 = 1.740 | Init Dist = 9.000 | Init Dist 10 = 5.754 | Init Dist 100 = 6.234 | Init Dist 1000 = 5.858 | Learner Steps = 1437 | Learner Walltime = 292.065 | Min Dist = 0.537 | Min Dist 10 = 0.079 | Min Dist 100 = 0.238 | Min Dist 1000 = 0.264 | Steps Per Second = 71.709 | Success = 1.000 | Success 1000 = 0.980
I0502 15:11:08.524901 139579566835264 terminal.py:91] [Evaluator] Actor Episodes = 2039 | Actor Steps = 101950 | Delta Dist = 11.608 | Delta Dist 10 = 10.723 | Delta Dist 100 = 10.569 | Delta Dist 1000 = 10.149 | Episode Length = 50 | Episode Return = 25.0 | Evaluator Episodes = 510 | Evaluator Steps = 25500 | Final Dist = 1.198 | Final Dist 10 = 2.083 | Final Dist 100 = 2.237 | Final Dist 1000 = 2.658 | Init Dist = 12.806 | Init Dist 10 = 12.806 | Init Dist 100 = 12.806 | Init Dist 1000 = 12.806 | Learner Steps = 1437 | Learner Walltime = 292.065 | Min Dist = 0.217 | Min Dist 10 = 1.589 | Min Dist 100 = 1.567 | Min Dist 1000 = 1.885 | Steps Per Second = 69.898 | Success = 1.000 | Success 1000 = 0.747
I0502 15:11:09.778896 139579566835264 terminal.py:91] [Evaluator] Actor Episodes = 2045 | Actor Steps = 102250 | Delta Dist = 12.479 | Delta Dist 10 = 11.411 | Delta Dist 100 = 10.547 | Delta Dist 1000 = 10.153 | Episode Length = 50 | Episode Return = 22.0 | Evaluator Episodes = 512 | Evaluator Steps = 25600 | Final Dist = 0.327 | Final Dist 10 = 1.395 | Final Dist 100 = 2.260 | Final Dist 1000 = 2.653 | Init Dist = 12.806 | Init Dist 10 = 12.806 | Init Dist 100 = 12.806 | Init Dist 1000 = 12.806 | Learner Steps = 1443 | Learner Walltime = 293.417 | Min Dist = 0.026 | Min Dist 10 = 0.776 | Min Dist 100 = 1.575 | Min Dist 1000 = 1.880 | Steps Per Second = 81.344 | Success = 1.000 | Success 1000 = 0.748
I0502 15:11:11.054697 139579566835264 terminal.py:91] [Evaluator] Actor Episodes = 2055 | Actor Steps = 102750 | Delta Dist = 12.045 | Delta Dist 10 = 11.420 | Delta Dist 100 = 10.642 | Delta Dist 1000 = 10.163 | Episode Length = 50 | Episode Return = 12.0 | Evaluator Episodes = 514 | Evaluator Steps = 25700 | Final Dist = 0.761 | Final Dist 10 = 1.386 | Final Dist 100 = 2.164 | Final Dist 1000 = 2.644 | Init Dist = 12.806 | Init Dist 10 = 12.806 | Init Dist 100 = 12.806 | Init Dist 1000 = 12.806 | Learner Steps = 1449 | Learner Walltime = 294.661 | Min Dist = 0.013 | Min Dist 10 = 0.751 | Min Dist 100 = 1.486 | Min Dist 1000 = 1.872 | Steps Per Second = 83.573 | Success = 1.000 | Success 1000 = 0.749
I0502 15:11:12.306147 139579566835264 terminal.py:91] [Evaluator] Actor Episodes = 2063 | Actor Steps = 103150 | Delta Dist = 6.942 | Delta Dist 10 = 11.890 | Delta Dist 100 = 10.659 | Delta Dist 1000 = 10.169 | Episode Length = 50 | Episode Return = 0.0 | Evaluator Episodes = 516 | Evaluator Steps = 25800 | Final Dist = 5.864 | Final Dist 10 = 0.916 | Final Dist 100 = 2.147 | Final Dist 1000 = 2.637 | Init Dist = 12.806 | Init Dist 10 = 12.806 | Init Dist 100 = 12.806 | Init Dist 1000 = 12.806 | Learner Steps = 1455 | Learner Walltime = 295.847 | Min Dist = 5.864 | Min Dist 10 = 0.186 | Min Dist 100 = 1.485 | Min Dist 1000 = 1.866 | Steps Per Second = 78.315 | Success = 0.000 | Success 1000 = 0.750
I0502 15:11:12.366352 139555013154368 terminal.py:91] [Learner] Actor Episodes = 2059 | Actor Loss = 4.001109600067139 | Actor Steps = 102950 | Binary Accuracy = 0.995835542678833 | Categorical Accuracy = 0.35321044921875 | Critic Loss = 2.3379883766174316 | Entropy Mean = -14.57950210571289 | Evaluator Episodes = 514 | Evaluator Steps = 25700 | Learner Steps = 1458 | Learner Walltime = 296.563 | Logits Neg = -15.278116226196289 | Logits Pos = -2.365135431289673 | Logsumexp = 1.3395862579345703 | Steps Per Second = 114.661
I0502 15:11:13.608432 139579566835264 terminal.py:91] [Evaluator] Actor Episodes = 2071 | Actor Steps = 103550 | Delta Dist = 12.095 | Delta Dist 10 = 11.482 | Delta Dist 100 = 10.767 | Delta Dist 1000 = 10.167 | Episode Length = 50 | Episode Return = 22.0 | Evaluator Episodes = 518 | Evaluator Steps = 25900 | Final Dist = 0.711 | Final Dist 10 = 1.325 | Final Dist 100 = 2.039 | Final Dist 1000 = 2.639 | Init Dist = 12.806 | Init Dist 10 = 12.806 | Init Dist 100 = 12.806 | Init Dist 1000 = 12.806 | Learner Steps = 1461 | Learner Walltime = 297.181 | Min Dist = 0.298 | Min Dist 10 = 0.760 | Min Dist 100 = 1.391 | Min Dist 1000 = 1.870 | Steps Per Second = 74.577 | Success = 1.000 | Success 1000 = 0.749
I0502 15:11:14.863149 139579566835264 terminal.py:91] [Evaluator] Actor Episodes = 2079 | Actor Steps = 103950 | Delta Dist = 11.088 | Delta Dist 10 = 11.468 | Delta Dist 100 = 10.762 | Delta Dist 1000 = 10.174 | Episode Length = 50 | Episode Return = 20.0 | Evaluator Episodes = 520 | Evaluator Steps = 26000 | Final Dist = 1.719 | Final Dist 10 = 1.338 | Final Dist 100 = 2.044 | Final Dist 1000 = 2.632 | Init Dist = 12.806 | Init Dist 10 = 12.806 | Init Dist 100 = 12.806 | Init Dist 1000 = 12.806 | Learner Steps = 1468 | Learner Walltime = 298.540 | Min Dist = 0.068 | Min Dist 10 = 0.781 | Min Dist 100 = 1.387 | Min Dist 1000 = 1.864 | Steps Per Second = 77.433 | Success = 1.000 | Success 1000 = 0.750
I0502 15:11:15.074035 139584504182336 lp_utils.py:96] StepsLimiter: Reached 103950 recorded steps
I0502 15:11:15.640396 139569349502528 terminal.py:91] [Actor] Actor Episodes = 2083 | Actor Steps = 104150 | Delta Dist = 6.377 | Delta Dist 10 = 4.471 | Delta Dist 100 = 4.465 | Delta Dist 1000 = 4.141 | Episode Length = 50 | Episode Return = 32.0 | Evaluator Episodes = 520 | Evaluator Steps = 26000 | Final Dist = 2.167 | Final Dist 10 = 0.878 | Final Dist 100 = 1.542 | Final Dist 1000 = 1.728 | Init Dist = 8.544 | Init Dist 10 = 5.349 | Init Dist 100 = 6.007 | Init Dist 1000 = 5.869 | Learner Steps = 1474 | Learner Walltime = 299.651 | Min Dist = 0.120 | Min Dist 10 = 0.125 | Min Dist 100 = 0.205 | Min Dist 1000 = 0.265 | Steps Per Second = 73.711 | Success = 1.000 | Success 1000 = 0.980
I0502 15:11:15.714096 139557462840896 terminal.py:91] [Actor] Actor Episodes = 2082 | Actor Steps = 104100 | Delta Dist = 6.290 | Delta Dist 10 = 4.275 | Delta Dist 100 = 4.507 | Delta Dist 1000 = 4.142 | Episode Length = 50 | Episode Return = 0.0 | Evaluator Episodes = 520 | Evaluator Steps = 26000 | Final Dist = 3.197 | Final Dist 10 = 1.104 | Final Dist 100 = 1.565 | Final Dist 1000 = 1.731 | Init Dist = 9.487 | Init Dist 10 = 5.379 | Init Dist 100 = 6.073 | Init Dist 1000 = 5.873 | Learner Steps = 1468 | Learner Walltime = 298.540 | Min Dist = 0.111 | Min Dist 10 = 0.125 | Min Dist 100 = 0.203 | Min Dist 1000 = 0.265 | Steps Per Second = 78.368 | Success = 1.000 | Success 1000 = 0.980
I0502 15:11:16.168263 139579566835264 terminal.py:91] [Evaluator] Actor Episodes = 2087 | Actor Steps = 104350 | Delta Dist = 11.732 | Delta Dist 10 = 11.447 | Delta Dist 100 = 10.779 | Delta Dist 1000 = 10.178 | Episode Length = 50 | Episode Return = 17.0 | Evaluator Episodes = 522 | Evaluator Steps = 26100 | Final Dist = 1.075 | Final Dist 10 = 1.359 | Final Dist 100 = 2.027 | Final Dist 1000 = 2.628 | Init Dist = 12.806 | Init Dist 10 = 12.806 | Init Dist 100 = 12.806 | Init Dist 1000 = 12.806 | Learner Steps = 1474 | Learner Walltime = 299.651 | Min Dist = 0.169 | Min Dist 10 = 0.725 | Min Dist 100 = 1.349 | Min Dist 1000 = 1.858 | Steps Per Second = 71.448 | Success = 1.000 | Success 1000 = 0.750
I0502 15:11:16.433481 139555860620864 terminal.py:91] [Actor] Actor Episodes = 2086 | Actor Steps = 104300 | Delta Dist = 6.759 | Delta Dist 10 = 3.762 | Delta Dist 100 = 4.505 | Delta Dist 1000 = 4.142 | Episode Length = 50 | Episode Return = 44.0 | Evaluator Episodes = 520 | Evaluator Steps = 26000 | Final Dist = 0.312 | Final Dist 10 = 1.769 | Final Dist 100 = 1.574 | Final Dist 1000 = 1.732 | Init Dist = 7.071 | Init Dist 10 = 5.531 | Init Dist 100 = 6.080 | Init Dist 1000 = 5.874 | Learner Steps = 1474 | Learner Walltime = 299.651 | Min Dist = 0.312 | Min Dist 10 = 0.152 | Min Dist 100 = 0.204 | Min Dist 1000 = 0.265 | Steps Per Second = 72.954 | Success = 1.000 | Success 1000 = 0.980
I0502 15:11:17.516288 139579566835264 terminal.py:91] [Evaluator] Actor Episodes = 2095 | Actor Steps = 104750 | Delta Dist = 12.383 | Delta Dist 10 = 11.321 | Delta Dist 100 = 10.794 | Delta Dist 1000 = 10.185 | Episode Length = 50 | Episode Return = 15.0 | Evaluator Episodes = 524 | Evaluator Steps = 26200 | Final Dist = 0.423 | Final Dist 10 = 1.486 | Final Dist 100 = 2.012 | Final Dist 1000 = 2.621 | Init Dist = 12.806 | Init Dist 10 = 12.806 | Init Dist 100 = 12.806 | Init Dist 1000 = 12.806 | Learner Steps = 1479 | Learner Walltime = 300.709 | Min Dist = 0.028 | Min Dist 10 = 0.750 | Min Dist 100 = 1.341 | Min Dist 1000 = 1.851 | Steps Per Second = 72.866 | Success = 1.000 | Success 1000 = 0.751
I0502 15:11:18.820466 139579566835264 terminal.py:91] [Evaluator] Actor Episodes = 2103 | Actor Steps = 105150 | Delta Dist = 11.124 | Delta Dist 10 = 11.355 | Delta Dist 100 = 10.802 | Delta Dist 1000 = 10.192 | Episode Length = 50 | Episode Return = 12.0 | Evaluator Episodes = 526 | Evaluator Steps = 26300 | Final Dist = 1.682 | Final Dist 10 = 1.452 | Final Dist 100 = 2.004 | Final Dist 1000 = 2.614 | Init Dist = 12.806 | Init Dist 10 = 12.806 | Init Dist 100 = 12.806 | Init Dist 1000 = 12.806 | Learner Steps = 1490 | Learner Walltime = 302.826 | Min Dist = 0.149 | Min Dist 10 = 0.731 | Min Dist 100 = 1.338 | Min Dist 1000 = 1.844 | Steps Per Second = 76.712 | Success = 1.000 | Success 1000 = 0.752
I0502 15:11:19.115262 139583350109760 savers.py:156] Saving checkpoint: logs/contrastive_cpc_point_FourRooms_64/5dd72662-2788-11f0-b183-d85ed38c5779/checkpoints/learner
I0502 15:11:19.130449 139558059398720 terminal.py:91] [Actor] Actor Episodes = 2104 | Actor Steps = 105200 | Delta Dist = 3.869 | Delta Dist 10 = 4.773 | Delta Dist 100 = 4.492 | Delta Dist 1000 = 4.131 | Episode Length = 50 | Episode Return = 21.0 | Evaluator Episodes = 524 | Evaluator Steps = 26200 | Final Dist = 0.131 | Final Dist 10 = 0.647 | Final Dist 100 = 1.485 | Final Dist 1000 = 1.726 | Init Dist = 4.000 | Init Dist 10 = 5.419 | Init Dist 100 = 5.976 | Init Dist 1000 = 5.856 | Learner Steps = 1484 | Learner Walltime = 301.743 | Min Dist = 0.110 | Min Dist 10 = 0.075 | Min Dist 100 = 0.195 | Min Dist 1000 = 0.263 | Steps Per Second = 72.869 | Success = 1.000 | Success 1000 = 0.980
I0502 15:11:20.141748 139579566835264 terminal.py:91] [Evaluator] Actor Episodes = 2111 | Actor Steps = 105550 | Delta Dist = 12.263 | Delta Dist 10 = 11.227 | Delta Dist 100 = 10.896 | Delta Dist 1000 = 10.187 | Episode Length = 50 | Episode Return = 28.0 | Evaluator Episodes = 528 | Evaluator Steps = 26400 | Final Dist = 0.544 | Final Dist 10 = 1.580 | Final Dist 100 = 1.911 | Final Dist 1000 = 2.619 | Init Dist = 12.806 | Init Dist 10 = 12.806 | Init Dist 100 = 12.806 | Init Dist 1000 = 12.806 | Learner Steps = 1492 | Learner Walltime = 304.000 | Min Dist = 0.139 | Min Dist 10 = 0.737 | Min Dist 100 = 1.244 | Min Dist 1000 = 1.849 | Steps Per Second = 77.193 | Success = 1.000 | Success 1000 = 0.751
I0502 15:11:21.388903 139579566835264 terminal.py:91] [Evaluator] Actor Episodes = 2119 | Actor Steps = 105950 | Delta Dist = 11.373 | Delta Dist 10 = 11.317 | Delta Dist 100 = 10.906 | Delta Dist 1000 = 10.196 | Episode Length = 50 | Episode Return = 0.0 | Evaluator Episodes = 530 | Evaluator Steps = 26500 | Final Dist = 1.433 | Final Dist 10 = 1.489 | Final Dist 100 = 1.900 | Final Dist 1000 = 2.611 | Init Dist = 12.806 | Init Dist 10 = 12.806 | Init Dist 100 = 12.806 | Init Dist 1000 = 12.806 | Learner Steps = 1501 | Learner Walltime = 305.426 | Min Dist = 1.349 | Min Dist 10 = 0.714 | Min Dist 100 = 1.245 | Min Dist 1000 = 1.842 | Steps Per Second = 75.950 | Success = 0.000 | Success 1000 = 0.752
I0502 15:11:22.565856 139555013154368 terminal.py:91] [Learner] Actor Episodes = 2127 | Actor Loss = 3.969942569732666 | Actor Steps = 106350 | Binary Accuracy = 0.9958014488220215 | Categorical Accuracy = 0.36175537109375 | Critic Loss = 2.340676784515381 | Entropy Mean = -13.775386810302734 | Evaluator Episodes = 530 | Evaluator Steps = 26500 | Learner Steps = 1507 | Learner Walltime = 306.762 | Logits Neg = -15.99813461303711 | Logits Pos = -2.341931104660034 | Logsumexp = 1.361191749572754 | Steps Per Second = 112.889
I0502 15:11:22.638453 139579566835264 terminal.py:91] [Evaluator] Actor Episodes = 2127 | Actor Steps = 106350 | Delta Dist = 12.441 | Delta Dist 10 = 11.351 | Delta Dist 100 = 10.978 | Delta Dist 1000 = 10.200 | Episode Length = 50 | Episode Return = 30.0 | Evaluator Episodes = 532 | Evaluator Steps = 26600 | Final Dist = 0.365 | Final Dist 10 = 1.456 | Final Dist 100 = 1.828 | Final Dist 1000 = 2.606 | Init Dist = 12.806 | Init Dist 10 = 12.806 | Init Dist 100 = 12.806 | Init Dist 1000 = 12.806 | Learner Steps = 1507 | Learner Walltime = 306.762 | Min Dist = 0.155 | Min Dist 10 = 0.835 | Min Dist 100 = 1.181 | Min Dist 1000 = 1.838 | Steps Per Second = 81.865 | Success = 1.000 | Success 1000 = 0.751
I0502 15:11:23.979739 139579566835264 terminal.py:91] [Evaluator] Actor Episodes = 2135 | Actor Steps = 106750 | Delta Dist = 11.398 | Delta Dist 10 = 11.391 | Delta Dist 100 = 11.058 | Delta Dist 1000 = 10.207 | Episode Length = 50 | Episode Return = 21.0 | Evaluator Episodes = 534 | Evaluator Steps = 26700 | Final Dist = 1.409 | Final Dist 10 = 1.415 | Final Dist 100 = 1.748 | Final Dist 1000 = 2.599 | Init Dist = 12.806 | Init Dist 10 = 12.806 | Init Dist 100 = 12.806 | Init Dist 1000 = 12.806 | Learner Steps = 1514 | Learner Walltime = 308.002 | Min Dist = 0.148 | Min Dist 10 = 0.838 | Min Dist 100 = 1.107 | Min Dist 1000 = 1.832 | Steps Per Second = 82.491 | Success = 1.000 | Success 1000 = 0.752
I0502 15:11:25.094984 139584504182336 lp_utils.py:96] StepsLimiter: Reached 107150 recorded steps
I0502 15:11:25.285622 139579566835264 terminal.py:91] [Evaluator] Actor Episodes = 2143 | Actor Steps = 107150 | Delta Dist = 11.179 | Delta Dist 10 = 11.265 | Delta Dist 100 = 11.123 | Delta Dist 1000 = 10.212 | Episode Length = 50 | Episode Return = 20.0 | Evaluator Episodes = 536 | Evaluator Steps = 26800 | Final Dist = 1.627 | Final Dist 10 = 1.542 | Final Dist 100 = 1.683 | Final Dist 1000 = 2.594 | Init Dist = 12.806 | Init Dist 10 = 12.806 | Init Dist 100 = 12.806 | Init Dist 1000 = 12.806 | Learner Steps = 1520 | Learner Walltime = 309.266 | Min Dist = 0.133 | Min Dist 10 = 0.855 | Min Dist 100 = 1.040 | Min Dist 1000 = 1.826 | Steps Per Second = 77.114 | Success = 1.000 | Success 1000 = 0.753
I0502 15:11:25.928432 139569349502528 terminal.py:91] [Actor] Actor Episodes = 2149 | Actor Steps = 107450 | Delta Dist = 2.077 | Delta Dist 10 = 4.268 | Delta Dist 100 = 4.339 | Delta Dist 1000 = 4.172 | Episode Length = 50 | Episode Return = 17.0 | Evaluator Episodes = 536 | Evaluator Steps = 26800 | Final Dist = 0.752 | Final Dist 10 = 1.759 | Final Dist 100 = 1.458 | Final Dist 1000 = 1.688 | Init Dist = 2.828 | Init Dist 10 = 6.027 | Init Dist 100 = 5.798 | Init Dist 1000 = 5.860 | Learner Steps = 1520 | Learner Walltime = 309.266 | Min Dist = 0.083 | Min Dist 10 = 0.674 | Min Dist 100 = 0.252 | Min Dist 1000 = 0.264 | Steps Per Second = 70.957 | Success = 1.000 | Success 1000 = 0.981
I0502 15:11:26.348903 139557462840896 terminal.py:91] [Actor] Actor Episodes = 2148 | Actor Steps = 107400 | Delta Dist = 3.473 | Delta Dist 10 = 3.219 | Delta Dist 100 = 4.257 | Delta Dist 1000 = 4.168 | Episode Length = 50 | Episode Return = 20.0 | Evaluator Episodes = 536 | Evaluator Steps = 26800 | Final Dist = 1.527 | Final Dist 10 = 1.702 | Final Dist 100 = 1.434 | Final Dist 1000 = 1.687 | Init Dist = 5.000 | Init Dist 10 = 4.920 | Init Dist 100 = 5.692 | Init Dist 1000 = 5.856 | Learner Steps = 1520 | Learner Walltime = 309.266 | Min Dist = 0.186 | Min Dist 10 = 0.656 | Min Dist 100 = 0.249 | Min Dist 1000 = 0.264 | Steps Per Second = 76.470 | Success = 1.000 | Success 1000 = 0.981
I0502 15:11:26.646221 139579566835264 terminal.py:91] [Evaluator] Actor Episodes = 2151 | Actor Steps = 107550 | Delta Dist = 11.673 | Delta Dist 10 = 11.719 | Delta Dist 100 = 11.191 | Delta Dist 1000 = 10.216 | Episode Length = 50 | Episode Return = 29.0 | Evaluator Episodes = 538 | Evaluator Steps = 26900 | Final Dist = 1.133 | Final Dist 10 = 1.087 | Final Dist 100 = 1.615 | Final Dist 1000 = 2.590 | Init Dist = 12.806 | Init Dist 10 = 12.806 | Init Dist 100 = 12.806 | Init Dist 1000 = 12.806 | Learner Steps = 1527 | Learner Walltime = 310.570 | Min Dist = 0.059 | Min Dist 10 = 0.277 | Min Dist 100 = 0.960 | Min Dist 1000 = 1.820 | Steps Per Second = 73.056 | Success = 1.000 | Success 1000 = 0.754
I0502 15:11:27.105920 139555860620864 terminal.py:91] [Actor] Actor Episodes = 2155 | Actor Steps = 107750 | Delta Dist = 1.249 | Delta Dist 10 = 3.719 | Delta Dist 100 = 4.396 | Delta Dist 1000 = 4.177 | Episode Length = 50 | Episode Return = 37.0 | Evaluator Episodes = 538 | Evaluator Steps = 26900 | Final Dist = 4.136 | Final Dist 10 = 0.955 | Final Dist 100 = 1.344 | Final Dist 1000 = 1.680 | Init Dist = 5.385 | Init Dist 10 = 4.674 | Init Dist 100 = 5.740 | Init Dist 1000 = 5.857 | Learner Steps = 1527 | Learner Walltime = 310.570 | Min Dist = 0.180 | Min Dist 10 = 0.672 | Min Dist 100 = 0.251 | Min Dist 1000 = 0.264 | Steps Per Second = 71.273 | Success = 1.000 | Success 1000 = 0.981
I0502 15:11:27.972498 139579566835264 terminal.py:91] [Evaluator] Actor Episodes = 2159 | Actor Steps = 107950 | Delta Dist = 12.536 | Delta Dist 10 = 10.861 | Delta Dist 100 = 11.128 | Delta Dist 1000 = 10.208 | Episode Length = 50 | Episode Return = 22.0 | Evaluator Episodes = 540 | Evaluator Steps = 27000 | Final Dist = 0.270 | Final Dist 10 = 1.946 | Final Dist 100 = 1.679 | Final Dist 1000 = 2.598 | Init Dist = 12.806 | Init Dist 10 = 12.806 | Init Dist 100 = 12.806 | Init Dist 1000 = 12.806 | Learner Steps = 1532 | Learner Walltime = 311.889 | Min Dist = 0.097 | Min Dist 10 = 1.016 | Min Dist 100 = 1.033 | Min Dist 1000 = 1.827 | Steps Per Second = 75.041 | Success = 1.000 | Success 1000 = 0.753
I0502 15:11:28.150765 139584635659840 savers.py:156] Saving checkpoint: logs/contrastive_cpc_point_FourRooms_64/5dd72662-2788-11f0-b183-d85ed38c5779/checkpoints/counter
I0502 15:11:29.288999 139579566835264 terminal.py:91] [Evaluator] Actor Episodes = 2167 | Actor Steps = 108350 | Delta Dist = 11.795 | Delta Dist 10 = 11.033 | Delta Dist 100 = 11.215 | Delta Dist 1000 = 10.216 | Episode Length = 50 | Episode Return = 3.0 | Evaluator Episodes = 542 | Evaluator Steps = 27100 | Final Dist = 1.011 | Final Dist 10 = 1.773 | Final Dist 100 = 1.592 | Final Dist 1000 = 2.591 | Init Dist = 12.806 | Init Dist 10 = 12.806 | Init Dist 100 = 12.806 | Init Dist 1000 = 12.806 | Learner Steps = 1538 | Learner Walltime = 312.924 | Min Dist = 0.417 | Min Dist 10 = 0.884 | Min Dist 100 = 0.959 | Min Dist 1000 = 1.821 | Steps Per Second = 83.393 | Success = 1.000 | Success 1000 = 0.754
I0502 15:11:29.613457 139558059398720 terminal.py:91] [Actor] Actor Episodes = 2168 | Actor Steps = 108400 | Delta Dist = 5.257 | Delta Dist 10 = 4.229 | Delta Dist 100 = 4.451 | Delta Dist 1000 = 4.165 | Episode Length = 50 | Episode Return = 10.0 | Evaluator Episodes = 540 | Evaluator Steps = 27000 | Final Dist = 0.129 | Final Dist 10 = 1.964 | Final Dist 100 = 1.260 | Final Dist 1000 = 1.690 | Init Dist = 5.385 | Init Dist 10 = 6.193 | Init Dist 100 = 5.712 | Init Dist 1000 = 5.854 | Learner Steps = 1538 | Learner Walltime = 312.924 | Min Dist = 0.004 | Min Dist 10 = 0.297 | Min Dist 100 = 0.193 | Min Dist 1000 = 0.264 | Steps Per Second = 79.275 | Success = 1.000 | Success 1000 = 0.980
I0502 15:11:30.613600 139579566835264 terminal.py:91] [Evaluator] Actor Episodes = 2175 | Actor Steps = 108750 | Delta Dist = 12.415 | Delta Dist 10 = 10.959 | Delta Dist 100 = 11.288 | Delta Dist 1000 = 10.221 | Episode Length = 50 | Episode Return = 12.0 | Evaluator Episodes = 544 | Evaluator Steps = 27200 | Final Dist = 0.392 | Final Dist 10 = 1.847 | Final Dist 100 = 1.518 | Final Dist 1000 = 2.585 | Init Dist = 12.806 | Init Dist 10 = 12.806 | Init Dist 100 = 12.806 | Init Dist 1000 = 12.806 | Learner Steps = 1543 | Learner Walltime = 314.127 | Min Dist = 0.023 | Min Dist 10 = 0.907 | Min Dist 100 = 0.888 | Min Dist 1000 = 1.815 | Steps Per Second = 76.598 | Success = 1.000 | Success 1000 = 0.755
I0502 15:11:31.917259 139579566835264 terminal.py:91] [Evaluator] Actor Episodes = 2183 | Actor Steps = 109150 | Delta Dist = 12.023 | Delta Dist 10 = 11.151 | Delta Dist 100 = 11.355 | Delta Dist 1000 = 10.229 | Episode Length = 50 | Episode Return = 22.0 | Evaluator Episodes = 546 | Evaluator Steps = 27300 | Final Dist = 0.783 | Final Dist 10 = 1.655 | Final Dist 100 = 1.451 | Final Dist 1000 = 2.577 | Init Dist = 12.806 | Init Dist 10 = 12.806 | Init Dist 100 = 12.806 | Init Dist 1000 = 12.806 | Learner Steps = 1549 | Learner Walltime = 315.273 | Min Dist = 0.078 | Min Dist 10 = 0.880 | Min Dist 100 = 0.814 | Min Dist 1000 = 1.809 | Steps Per Second = 82.498 | Success = 1.000 | Success 1000 = 0.756
I0502 15:11:32.703679 139555013154368 terminal.py:91] [Learner] Actor Episodes = 2185 | Actor Loss = 3.916594982147217 | Actor Steps = 109250 | Binary Accuracy = 0.9958555698394775 | Categorical Accuracy = 0.37255859375 | Critic Loss = 2.217787027359009 | Entropy Mean = -15.418556213378906 | Evaluator Episodes = 546 | Evaluator Steps = 27300 | Learner Steps = 1557 | Learner Walltime = 316.901 | Logits Neg = -16.191635131835938 | Logits Pos = -2.192598819732666 | Logsumexp = 1.2708485126495361 | Steps Per Second = 360.543
I0502 15:11:33.305349 139579566835264 terminal.py:91] [Evaluator] Actor Episodes = 2191 | Actor Steps = 109550 | Delta Dist = 11.414 | Delta Dist 10 = 11.267 | Delta Dist 100 = 11.359 | Delta Dist 1000 = 10.235 | Episode Length = 50 | Episode Return = 13.0 | Evaluator Episodes = 548 | Evaluator Steps = 27400 | Final Dist = 1.393 | Final Dist 10 = 1.539 | Final Dist 100 = 1.447 | Final Dist 1000 = 2.571 | Init Dist = 12.806 | Init Dist 10 = 12.806 | Init Dist 100 = 12.806 | Init Dist 1000 = 12.806 | Learner Steps = 1554 | Learner Walltime = 316.578 | Min Dist = 0.241 | Min Dist 10 = 0.875 | Min Dist 100 = 0.814 | Min Dist 1000 = 1.802 | Steps Per Second = 70.343 | Success = 1.000 | Success 1000 = 0.757
I0502 15:11:34.738331 139579566835264 terminal.py:91] [Evaluator] Actor Episodes = 2199 | Actor Steps = 109950 | Delta Dist = 11.812 | Delta Dist 10 = 11.983 | Delta Dist 100 = 11.426 | Delta Dist 1000 = 10.240 | Episode Length = 50 | Episode Return = 18.0 | Evaluator Episodes = 550 | Evaluator Steps = 27500 | Final Dist = 0.995 | Final Dist 10 = 0.823 | Final Dist 100 = 1.380 | Final Dist 1000 = 2.566 | Init Dist = 12.806 | Init Dist 10 = 12.806 | Init Dist 100 = 12.806 | Init Dist 1000 = 12.806 | Learner Steps = 1565 | Learner Walltime = 318.682 | Min Dist = 0.416 | Min Dist 10 = 0.148 | Min Dist 100 = 0.737 | Min Dist 1000 = 1.797 | Steps Per Second = 69.892 | Success = 1.000 | Success 1000 = 0.758
I0502 15:11:35.121627 139584504182336 lp_utils.py:96] StepsLimiter: Reached 110150 recorded steps
I0502 15:11:36.025632 139569349502528 terminal.py:91] [Actor] Actor Episodes = 2206 | Actor Steps = 110300 | Delta Dist = -2.405 | Delta Dist 10 = 3.241 | Delta Dist 100 = 4.242 | Delta Dist 1000 = 4.138 | Episode Length = 50 | Episode Return = 35.0 | Evaluator Episodes = 550 | Evaluator Steps = 27500 | Final Dist = 2.405 | Final Dist 10 = 1.845 | Final Dist 100 = 1.364 | Final Dist 1000 = 1.680 | Init Dist = 0.000 | Init Dist 10 = 5.086 | Init Dist 100 = 5.605 | Init Dist 1000 = 5.819 | Learner Steps = 1565 | Learner Walltime = 318.682 | Min Dist = 0.000 | Min Dist 10 = 0.188 | Min Dist 100 = 0.197 | Min Dist 1000 = 0.252 | Steps Per Second = 74.527 | Success = 1.000 | Success 1000 = 0.982
I0502 15:11:36.111682 139579566835264 terminal.py:91] [Evaluator] Actor Episodes = 2209 | Actor Steps = 110450 | Delta Dist = 12.701 | Delta Dist 10 = 11.875 | Delta Dist 100 = 11.415 | Delta Dist 1000 = 10.246 | Episode Length = 50 | Episode Return = 18.0 | Evaluator Episodes = 552 | Evaluator Steps = 27600 | Final Dist = 0.106 | Final Dist 10 = 0.931 | Final Dist 100 = 1.391 | Final Dist 1000 = 2.560 | Init Dist = 12.806 | Init Dist 10 = 12.806 | Init Dist 100 = 12.806 | Init Dist 1000 = 12.806 | Learner Steps = 1570 | Learner Walltime = 319.700 | Min Dist = 0.090 | Min Dist 10 = 0.189 | Min Dist 100 = 0.738 | Min Dist 1000 = 1.791 | Steps Per Second = 71.487 | Success = 1.000 | Success 1000 = 0.759
I0502 15:11:36.506164 139557462840896 terminal.py:91] [Actor] Actor Episodes = 2211 | Actor Steps = 110550 | Delta Dist = 1.450 | Delta Dist 10 = 3.156 | Delta Dist 100 = 4.079 | Delta Dist 1000 = 4.120 | Episode Length = 50 | Episode Return = 50.0 | Evaluator Episodes = 552 | Evaluator Steps = 27600 | Final Dist = 0.550 | Final Dist 10 = 1.292 | Final Dist 100 = 1.379 | Final Dist 1000 = 1.685 | Init Dist = 2.000 | Init Dist 10 = 4.448 | Init Dist 100 = 5.458 | Init Dist 1000 = 5.804 | Learner Steps = 1570 | Learner Walltime = 319.700 | Min Dist = 0.167 | Min Dist 10 = 0.123 | Min Dist 100 = 0.191 | Min Dist 1000 = 0.251 | Steps Per Second = 71.289 | Success = 1.000 | Success 1000 = 0.982
I0502 15:11:37.360939 139579566835264 terminal.py:91] [Evaluator] Actor Episodes = 2215 | Actor Steps = 110750 | Delta Dist = 11.456 | Delta Dist 10 = 11.486 | Delta Dist 100 = 11.372 | Delta Dist 1000 = 10.244 | Episode Length = 50 | Episode Return = 9.0 | Evaluator Episodes = 554 | Evaluator Steps = 27700 | Final Dist = 1.350 | Final Dist 10 = 1.320 | Final Dist 100 = 1.434 | Final Dist 1000 = 2.562 | Init Dist = 12.806 | Init Dist 10 = 12.806 | Init Dist 100 = 12.806 | Init Dist 1000 = 12.806 | Learner Steps = 1575 | Learner Walltime = 320.832 | Min Dist = 0.185 | Min Dist 10 = 0.729 | Min Dist 100 = 0.793 | Min Dist 1000 = 1.795 | Steps Per Second = 78.543 | Success = 1.000 | Success 1000 = 0.758
I0502 15:11:37.409017 139555860620864 terminal.py:91] [Actor] Actor Episodes = 2217 | Actor Steps = 110850 | Delta Dist = 3.727 | Delta Dist 10 = 3.180 | Delta Dist 100 = 3.911 | Delta Dist 1000 = 4.118 | Episode Length = 50 | Episode Return = 31.0 | Evaluator Episodes = 554 | Evaluator Steps = 27700 | Final Dist = 0.745 | Final Dist 10 = 1.212 | Final Dist 100 = 1.402 | Final Dist 1000 = 1.677 | Init Dist = 4.472 | Init Dist 10 = 4.393 | Init Dist 100 = 5.312 | Init Dist 1000 = 5.795 | Learner Steps = 1575 | Learner Walltime = 320.832 | Min Dist = 0.031 | Min Dist 10 = 0.060 | Min Dist 100 = 0.188 | Min Dist 1000 = 0.250 | Steps Per Second = 74.326 | Success = 1.000 | Success 1000 = 0.982
I0502 15:11:38.681396 139579566835264 terminal.py:91] [Evaluator] Actor Episodes = 2225 | Actor Steps = 111250 | Delta Dist = 4.483 | Delta Dist 10 = 11.352 | Delta Dist 100 = 11.372 | Delta Dist 1000 = 10.249 | Episode Length = 50 | Episode Return = 0.0 | Evaluator Episodes = 556 | Evaluator Steps = 27800 | Final Dist = 8.323 | Final Dist 10 = 1.454 | Final Dist 100 = 1.434 | Final Dist 1000 = 2.557 | Init Dist = 12.806 | Init Dist 10 = 12.806 | Init Dist 100 = 12.806 | Init Dist 1000 = 12.806 | Learner Steps = 1581 | Learner Walltime = 321.833 | Min Dist = 7.667 | Min Dist 10 = 0.750 | Min Dist 100 = 0.795 | Min Dist 1000 = 1.789 | Steps Per Second = 74.858 | Success = 0.000 | Success 1000 = 0.759
I0502 15:11:39.721495 139558059398720 terminal.py:91] [Actor] Actor Episodes = 2231 | Actor Steps = 111550 | Delta Dist = 7.115 | Delta Dist 10 = 5.249 | Delta Dist 100 = 4.167 | Delta Dist 1000 = 4.133 | Episode Length = 50 | Episode Return = 36.0 | Evaluator Episodes = 556 | Evaluator Steps = 27800 | Final Dist = 0.885 | Final Dist 10 = 1.636 | Final Dist 100 = 1.450 | Final Dist 1000 = 1.661 | Init Dist = 8.000 | Init Dist 10 = 6.885 | Init Dist 100 = 5.618 | Init Dist 1000 = 5.794 | Learner Steps = 1586 | Learner Walltime = 323.313 | Min Dist = 0.206 | Min Dist 10 = 0.137 | Min Dist 100 = 0.193 | Min Dist 1000 = 0.250 | Steps Per Second = 79.482 | Success = 1.000 | Success 1000 = 0.982
I0502 15:11:39.982031 139579566835264 terminal.py:91] [Evaluator] Actor Episodes = 2233 | Actor Steps = 111650 | Delta Dist = 11.436 | Delta Dist 10 = 9.851 | Delta Dist 100 = 11.281 | Delta Dist 1000 = 10.228 | Episode Length = 50 | Episode Return = 2.0 | Evaluator Episodes = 558 | Evaluator Steps = 27900 | Final Dist = 1.370 | Final Dist 10 = 2.956 | Final Dist 100 = 1.525 | Final Dist 1000 = 2.578 | Init Dist = 12.806 | Init Dist 10 = 12.806 | Init Dist 100 = 12.806 | Init Dist 1000 = 12.806 | Learner Steps = 1586 | Learner Walltime = 323.313 | Min Dist = 0.606 | Min Dist 10 = 2.214 | Min Dist 100 = 0.870 | Min Dist 1000 = 1.810 | Steps Per Second = 80.684 | Success = 1.000 | Success 1000 = 0.756
I0502 15:11:41.289175 139579566835264 terminal.py:91] [Evaluator] Actor Episodes = 2241 | Actor Steps = 112050 | Delta Dist = 11.961 | Delta Dist 10 = 9.791 | Delta Dist 100 = 11.267 | Delta Dist 1000 = 10.232 | Episode Length = 50 | Episode Return = 12.0 | Evaluator Episodes = 560 | Evaluator Steps = 28000 | Final Dist = 0.845 | Final Dist 10 = 3.015 | Final Dist 100 = 1.539 | Final Dist 1000 = 2.574 | Init Dist = 12.806 | Init Dist 10 = 12.806 | Init Dist 100 = 12.806 | Init Dist 1000 = 12.806 | Learner Steps = 1593 | Learner Walltime = 324.712 | Min Dist = 0.139 | Min Dist 10 = 2.240 | Min Dist 100 = 0.876 | Min Dist 1000 = 1.804 | Steps Per Second = 80.330 | Success = 1.000 | Success 1000 = 0.757
I0502 15:11:42.605856 139579566835264 terminal.py:91] [Evaluator] Actor Episodes = 2249 | Actor Steps = 112450 | Delta Dist = 11.427 | Delta Dist 10 = 9.780 | Delta Dist 100 = 11.252 | Delta Dist 1000 = 10.237 | Episode Length = 50 | Episode Return = 12.0 | Evaluator Episodes = 562 | Evaluator Steps = 28100 | Final Dist = 1.379 | Final Dist 10 = 3.026 | Final Dist 100 = 1.554 | Final Dist 1000 = 2.569 | Init Dist = 12.806 | Init Dist 10 = 12.806 | Init Dist 100 = 12.806 | Init Dist 1000 = 12.806 | Learner Steps = 1600 | Learner Walltime = 326.019 | Min Dist = 0.130 | Min Dist 10 = 2.206 | Min Dist 100 = 0.876 | Min Dist 1000 = 1.798 | Steps Per Second = 79.517 | Success = 1.000 | Success 1000 = 0.758
I0502 15:11:43.077436 139555013154368 terminal.py:91] [Learner] Actor Episodes = 2251 | Actor Loss = 3.9307656288146973 | Actor Steps = 112550 | Binary Accuracy = 0.9958035945892334 | Categorical Accuracy = 0.36590576171875 | Critic Loss = 2.24214768409729 | Entropy Mean = -10.831319808959961 | Evaluator Episodes = 562 | Evaluator Steps = 28100 | Learner Steps = 1605 | Learner Walltime = 327.272 | Logits Neg = -16.162433624267578 | Logits Pos = -2.214965343475342 | Logsumexp = 1.4698013067245483 | Steps Per Second = 136.677
I0502 15:11:43.851378 139579566835264 terminal.py:91] [Evaluator] Actor Episodes = 2257 | Actor Steps = 112850 | Delta Dist = 3.276 | Delta Dist 10 = 10.105 | Delta Dist 100 = 11.248 | Delta Dist 1000 = 10.242 | Episode Length = 50 | Episode Return = 0.0 | Evaluator Episodes = 564 | Evaluator Steps = 28200 | Final Dist = 9.531 | Final Dist 10 = 2.701 | Final Dist 100 = 1.558 | Final Dist 1000 = 2.565 | Init Dist = 12.806 | Init Dist 10 = 12.806 | Init Dist 100 = 12.806 | Init Dist 1000 = 12.806 | Learner Steps = 1605 | Learner Walltime = 327.272 | Min Dist = 7.728 | Min Dist 10 = 1.696 | Min Dist 100 = 0.878 | Min Dist 1000 = 1.794 | Steps Per Second = 76.677 | Success = 0.000 | Success 1000 = 0.758
I0502 15:11:45.142226 139584504182336 lp_utils.py:96] StepsLimiter: Reached 113250 recorded steps
I0502 15:11:45.148492 139579566835264 terminal.py:91] [Evaluator] Actor Episodes = 2265 | Actor Steps = 113250 | Delta Dist = 11.861 | Delta Dist 10 = 9.337 | Delta Dist 100 = 11.170 | Delta Dist 1000 = 10.233 | Episode Length = 50 | Episode Return = 25.0 | Evaluator Episodes = 566 | Evaluator Steps = 28300 | Final Dist = 0.945 | Final Dist 10 = 3.469 | Final Dist 100 = 1.636 | Final Dist 1000 = 2.573 | Init Dist = 12.806 | Init Dist 10 = 12.806 | Init Dist 100 = 12.806 | Init Dist 1000 = 12.806 | Learner Steps = 1611 | Learner Walltime = 328.629 | Min Dist = 0.183 | Min Dist 10 = 2.448 | Min Dist 100 = 0.950 | Min Dist 1000 = 1.801 | Steps Per Second = 81.494 | Success = 1.000 | Success 1000 = 0.758
I0502 15:11:46.165170 139569349502528 terminal.py:91] [Actor] Actor Episodes = 2268 | Actor Steps = 113400 | Delta Dist = -0.330 | Delta Dist 10 = 4.829 | Delta Dist 100 = 4.159 | Delta Dist 1000 = 4.151 | Episode Length = 50 | Episode Return = 34.0 | Evaluator Episodes = 566 | Evaluator Steps = 28300 | Final Dist = 1.330 | Final Dist 10 = 1.548 | Final Dist 100 = 1.636 | Final Dist 1000 = 1.669 | Init Dist = 1.000 | Init Dist 10 = 6.377 | Init Dist 100 = 5.794 | Init Dist 1000 = 5.821 | Learner Steps = 1611 | Learner Walltime = 328.629 | Min Dist = 0.043 | Min Dist 10 = 0.181 | Min Dist 100 = 0.185 | Min Dist 1000 = 0.257 | Steps Per Second = 77.725 | Success = 1.000 | Success 1000 = 0.982
I0502 15:11:46.421916 139579566835264 terminal.py:91] [Evaluator] Actor Episodes = 2271 | Actor Steps = 113550 | Delta Dist = 12.364 | Delta Dist 10 = 10.880 | Delta Dist 100 = 11.164 | Delta Dist 1000 = 10.240 | Episode Length = 50 | Episode Return = 9.0 | Evaluator Episodes = 568 | Evaluator Steps = 28400 | Final Dist = 0.442 | Final Dist 10 = 1.926 | Final Dist 100 = 1.642 | Final Dist 1000 = 2.566 | Init Dist = 12.806 | Init Dist 10 = 12.806 | Init Dist 100 = 12.806 | Init Dist 1000 = 12.806 | Learner Steps = 1618 | Learner Walltime = 329.819 | Min Dist = 0.402 | Min Dist 10 = 1.000 | Min Dist 100 = 0.951 | Min Dist 1000 = 1.795 | Steps Per Second = 75.737 | Success = 1.000 | Success 1000 = 0.758
I0502 15:11:47.056809 139557462840896 terminal.py:91] [Actor] Actor Episodes = 2277 | Actor Steps = 113850 | Delta Dist = 5.712 | Delta Dist 10 = 3.935 | Delta Dist 100 = 4.090 | Delta Dist 1000 = 4.141 | Episode Length = 50 | Episode Return = 8.0 | Evaluator Episodes = 568 | Evaluator Steps = 28400 | Final Dist = 0.996 | Final Dist 10 = 1.229 | Final Dist 100 = 1.532 | Final Dist 1000 = 1.667 | Init Dist = 6.708 | Init Dist 10 = 5.164 | Init Dist 100 = 5.622 | Init Dist 1000 = 5.809 | Learner Steps = 1624 | Learner Walltime = 331.211 | Min Dist = 0.147 | Min Dist 10 = 0.160 | Min Dist 100 = 0.181 | Min Dist 1000 = 0.255 | Steps Per Second = 72.981 | Success = 1.000 | Success 1000 = 0.982
I0502 15:11:47.573913 139555860620864 terminal.py:91] [Actor] Actor Episodes = 2279 | Actor Steps = 113950 | Delta Dist = 6.072 | Delta Dist 10 = 3.423 | Delta Dist 100 = 4.035 | Delta Dist 1000 = 4.144 | Episode Length = 50 | Episode Return = 43.0 | Evaluator Episodes = 568 | Evaluator Steps = 28400 | Final Dist = 1.139 | Final Dist 10 = 1.412 | Final Dist 100 = 1.561 | Final Dist 1000 = 1.666 | Init Dist = 7.211 | Init Dist 10 = 4.835 | Init Dist 100 = 5.596 | Init Dist 1000 = 5.809 | Learner Steps = 1624 | Learner Walltime = 331.211 | Min Dist = 0.023 | Min Dist 10 = 0.166 | Min Dist 100 = 0.182 | Min Dist 1000 = 0.255 | Steps Per Second = 73.087 | Success = 1.000 | Success 1000 = 0.982
I0502 15:11:47.752415 139579566835264 terminal.py:91] [Evaluator] Actor Episodes = 2279 | Actor Steps = 113950 | Delta Dist = 11.707 | Delta Dist 10 = 10.402 | Delta Dist 100 = 11.098 | Delta Dist 1000 = 10.235 | Episode Length = 50 | Episode Return = 19.0 | Evaluator Episodes = 570 | Evaluator Steps = 28500 | Final Dist = 1.099 | Final Dist 10 = 2.404 | Final Dist 100 = 1.708 | Final Dist 1000 = 2.571 | Init Dist = 12.806 | Init Dist 10 = 12.806 | Init Dist 100 = 12.806 | Init Dist 1000 = 12.806 | Learner Steps = 1624 | Learner Walltime = 331.211 | Min Dist = 0.043 | Min Dist 10 = 1.696 | Min Dist 100 = 1.026 | Min Dist 1000 = 1.803 | Steps Per Second = 78.330 | Success = 1.000 | Success 1000 = 0.757
I0502 15:11:49.011364 139579566835264 terminal.py:91] [Evaluator] Actor Episodes = 2287 | Actor Steps = 114350 | Delta Dist = 12.481 | Delta Dist 10 = 10.493 | Delta Dist 100 = 11.104 | Delta Dist 1000 = 10.242 | Episode Length = 50 | Episode Return = 11.0 | Evaluator Episodes = 572 | Evaluator Steps = 28600 | Final Dist = 0.325 | Final Dist 10 = 2.314 | Final Dist 100 = 1.703 | Final Dist 1000 = 2.564 | Init Dist = 12.806 | Init Dist 10 = 12.806 | Init Dist 100 = 12.806 | Init Dist 1000 = 12.806 | Learner Steps = 1630 | Learner Walltime = 332.605 | Min Dist = 0.107 | Min Dist 10 = 1.690 | Min Dist 100 = 1.026 | Min Dist 1000 = 1.797 | Steps Per Second = 85.020 | Success = 1.000 | Success 1000 = 0.758
I0502 15:11:49.781791 139558059398720 terminal.py:91] [Actor] Actor Episodes = 2290 | Actor Steps = 114500 | Delta Dist = 6.043 | Delta Dist 10 = 3.081 | Delta Dist 100 = 3.998 | Delta Dist 1000 = 4.150 | Episode Length = 50 | Episode Return = 21.0 | Evaluator Episodes = 572 | Evaluator Steps = 28600 | Final Dist = 1.168 | Final Dist 10 = 0.704 | Final Dist 100 = 1.459 | Final Dist 1000 = 1.636 | Init Dist = 7.211 | Init Dist 10 = 3.785 | Init Dist 100 = 5.458 | Init Dist 1000 = 5.786 | Learner Steps = 1630 | Learner Walltime = 332.605 | Min Dist = 0.389 | Min Dist 10 = 0.171 | Min Dist 100 = 0.184 | Min Dist 1000 = 0.243 | Steps Per Second = 77.733 | Success = 1.000 | Success 1000 = 0.983
I0502 15:11:50.300319 139579566835264 terminal.py:91] [Evaluator] Actor Episodes = 2295 | Actor Steps = 114750 | Delta Dist = 12.355 | Delta Dist 10 = 10.632 | Delta Dist 100 = 11.100 | Delta Dist 1000 = 10.248 | Episode Length = 50 | Episode Return = 28.0 | Evaluator Episodes = 574 | Evaluator Steps = 28700 | Final Dist = 0.452 | Final Dist 10 = 2.174 | Final Dist 100 = 1.706 | Final Dist 1000 = 2.558 | Init Dist = 12.806 | Init Dist 10 = 12.806 | Init Dist 100 = 12.806 | Init Dist 1000 = 12.806 | Learner Steps = 1636 | Learner Walltime = 333.750 | Min Dist = 0.184 | Min Dist 10 = 1.622 | Min Dist 100 = 1.024 | Min Dist 1000 = 1.791 | Steps Per Second = 82.069 | Success = 1.000 | Success 1000 = 0.759
I0502 15:11:51.486125 139579566835264 terminal.py:91] [Evaluator] Actor Episodes = 2303 | Actor Steps = 115150 | Delta Dist = 11.807 | Delta Dist 10 = 11.542 | Delta Dist 100 = 11.108 | Delta Dist 1000 = 10.256 | Episode Length = 50 | Episode Return = 2.0 | Evaluator Episodes = 576 | Evaluator Steps = 28800 | Final Dist = 0.999 | Final Dist 10 = 1.265 | Final Dist 100 = 1.699 | Final Dist 1000 = 2.550 | Init Dist = 12.806 | Init Dist 10 = 12.806 | Init Dist 100 = 12.806 | Init Dist 1000 = 12.806 | Learner Steps = 1642 | Learner Walltime = 334.762 | Min Dist = 0.845 | Min Dist 10 = 0.881 | Min Dist 100 = 1.026 | Min Dist 1000 = 1.785 | Steps Per Second = 88.968 | Success = 1.000 | Success 1000 = 0.760
I0502 15:11:52.706614 139579566835264 terminal.py:91] [Evaluator] Actor Episodes = 2311 | Actor Steps = 115550 | Delta Dist = 11.087 | Delta Dist 10 = 11.417 | Delta Dist 100 = 11.091 | Delta Dist 1000 = 10.260 | Episode Length = 50 | Episode Return = 1.0 | Evaluator Episodes = 578 | Evaluator Steps = 28900 | Final Dist = 1.719 | Final Dist 10 = 1.389 | Final Dist 100 = 1.716 | Final Dist 1000 = 2.546 | Init Dist = 12.806 | Init Dist 10 = 12.806 | Init Dist 100 = 12.806 | Init Dist 1000 = 12.806 | Learner Steps = 1647 | Learner Walltime = 335.782 | Min Dist = 0.511 | Min Dist 10 = 0.979 | Min Dist 100 = 1.035 | Min Dist 1000 = 1.781 | Steps Per Second = 88.447 | Success = 1.000 | Success 1000 = 0.761
I0502 15:11:53.503104 139555013154368 terminal.py:91] [Learner] Actor Episodes = 2311 | Actor Loss = 3.94171142578125 | Actor Steps = 115550 | Binary Accuracy = 0.995880126953125 | Categorical Accuracy = 0.3699951171875 | Critic Loss = 2.27083158493042 | Entropy Mean = -12.514179229736328 | Evaluator Episodes = 578 | Evaluator Steps = 28900 | Learner Steps = 1656 | Learner Walltime = 337.701 | Logits Neg = -15.715046882629395 | Logits Pos = -2.2652359008789062 | Logsumexp = 1.3290175199508667 | Steps Per Second = 140.356
I0502 15:11:53.971312 139579566835264 terminal.py:91] [Evaluator] Actor Episodes = 2319 | Actor Steps = 115950 | Delta Dist = 11.816 | Delta Dist 10 = 11.897 | Delta Dist 100 = 11.073 | Delta Dist 1000 = 10.264 | Episode Length = 50 | Episode Return = 17.0 | Evaluator Episodes = 580 | Evaluator Steps = 29000 | Final Dist = 0.991 | Final Dist 10 = 0.909 | Final Dist 100 = 1.733 | Final Dist 1000 = 2.542 | Init Dist = 12.806 | Init Dist 10 = 12.806 | Init Dist 100 = 12.806 | Init Dist 1000 = 12.806 | Learner Steps = 1653 | Learner Walltime = 337.087 | Min Dist = 0.163 | Min Dist 10 = 0.291 | Min Dist 100 = 1.040 | Min Dist 1000 = 1.776 | Steps Per Second = 88.544 | Success = 1.000 | Success 1000 = 0.762
I0502 15:11:55.163064 139584504182336 lp_utils.py:96] StepsLimiter: Reached 116250 recorded steps
I0502 15:11:55.381583 139579566835264 terminal.py:91] [Evaluator] Actor Episodes = 2327 | Actor Steps = 116350 | Delta Dist = 11.458 | Delta Dist 10 = 11.878 | Delta Dist 100 = 11.170 | Delta Dist 1000 = 10.270 | Episode Length = 50 | Episode Return = 18.0 | Evaluator Episodes = 582 | Evaluator Steps = 29100 | Final Dist = 1.349 | Final Dist 10 = 0.928 | Final Dist 100 = 1.637 | Final Dist 1000 = 2.536 | Init Dist = 12.806 | Init Dist 10 = 12.806 | Init Dist 100 = 12.806 | Init Dist 1000 = 12.806 | Learner Steps = 1664 | Learner Walltime = 339.314 | Min Dist = 0.078 | Min Dist 10 = 0.300 | Min Dist 100 = 0.965 | Min Dist 1000 = 1.771 | Steps Per Second = 73.988 | Success = 1.000 | Success 1000 = 0.762
I0502 15:11:56.538323 139569349502528 terminal.py:91] [Actor] Actor Episodes = 2332 | Actor Steps = 116600 | Delta Dist = 5.410 | Delta Dist 10 = 3.233 | Delta Dist 100 = 3.747 | Delta Dist 1000 = 4.115 | Episode Length = 50 | Episode Return = 38.0 | Evaluator Episodes = 582 | Evaluator Steps = 29100 | Final Dist = 0.993 | Final Dist 10 = 1.674 | Final Dist 100 = 1.671 | Final Dist 1000 = 1.652 | Init Dist = 6.403 | Init Dist 10 = 4.907 | Init Dist 100 = 5.419 | Init Dist 1000 = 5.767 | Learner Steps = 1664 | Learner Walltime = 339.314 | Min Dist = 0.100 | Min Dist 10 = 0.281 | Min Dist 100 = 0.216 | Min Dist 1000 = 0.231 | Steps Per Second = 72.930 | Success = 1.000 | Success 1000 = 0.985
I0502 15:11:56.716123 139579566835264 terminal.py:91] [Evaluator] Actor Episodes = 2335 | Actor Steps = 116750 | Delta Dist = 11.730 | Delta Dist 10 = 11.092 | Delta Dist 100 = 11.104 | Delta Dist 1000 = 10.263 | Episode Length = 50 | Episode Return = 14.0 | Evaluator Episodes = 584 | Evaluator Steps = 29200 | Final Dist = 1.077 | Final Dist 10 = 1.715 | Final Dist 100 = 1.702 | Final Dist 1000 = 2.543 | Init Dist = 12.806 | Init Dist 10 = 12.806 | Init Dist 100 = 12.806 | Init Dist 1000 = 12.806 | Learner Steps = 1669 | Learner Walltime = 340.400 | Min Dist = 0.089 | Min Dist 10 = 0.878 | Min Dist 100 = 1.022 | Min Dist 1000 = 1.775 | Steps Per Second = 73.558 | Success = 1.000 | Success 1000 = 0.762
I0502 15:11:57.403046 139557462840896 terminal.py:91] [Actor] Actor Episodes = 2341 | Actor Steps = 117050 | Delta Dist = 5.902 | Delta Dist 10 = 4.351 | Delta Dist 100 = 3.655 | Delta Dist 1000 = 4.105 | Episode Length = 50 | Episode Return = 42.0 | Evaluator Episodes = 584 | Evaluator Steps = 29200 | Final Dist = 1.098 | Final Dist 10 = 2.595 | Final Dist 100 = 1.785 | Final Dist 1000 = 1.664 | Init Dist = 7.000 | Init Dist 10 = 6.946 | Init Dist 100 = 5.440 | Init Dist 1000 = 5.770 | Learner Steps = 1675 | Learner Walltime = 341.532 | Min Dist = 0.270 | Min Dist 10 = 0.302 | Min Dist 100 = 0.213 | Min Dist 1000 = 0.231 | Steps Per Second = 74.067 | Success = 1.000 | Success 1000 = 0.985
I0502 15:11:57.870856 139555860620864 terminal.py:91] [Actor] Actor Episodes = 2343 | Actor Steps = 117150 | Delta Dist = 0.322 | Delta Dist 10 = 4.318 | Delta Dist 100 = 3.607 | Delta Dist 1000 = 4.104 | Episode Length = 50 | Episode Return = 30.0 | Evaluator Episodes = 584 | Evaluator Steps = 29200 | Final Dist = 0.678 | Final Dist 10 = 2.559 | Final Dist 100 = 1.793 | Final Dist 1000 = 1.663 | Init Dist = 1.000 | Init Dist 10 = 6.876 | Init Dist 100 = 5.400 | Init Dist 1000 = 5.767 | Learner Steps = 1675 | Learner Walltime = 341.532 | Min Dist = 0.011 | Min Dist 10 = 0.318 | Min Dist 100 = 0.212 | Min Dist 1000 = 0.231 | Steps Per Second = 75.900 | Success = 1.000 | Success 1000 = 0.985
I0502 15:11:58.031091 139579566835264 terminal.py:91] [Evaluator] Actor Episodes = 2345 | Actor Steps = 117250 | Delta Dist = 11.765 | Delta Dist 10 = 10.888 | Delta Dist 100 = 11.092 | Delta Dist 1000 = 10.267 | Episode Length = 50 | Episode Return = 17.0 | Evaluator Episodes = 586 | Evaluator Steps = 29300 | Final Dist = 1.041 | Final Dist 10 = 1.918 | Final Dist 100 = 1.714 | Final Dist 1000 = 2.539 | Init Dist = 12.806 | Init Dist 10 = 12.806 | Init Dist 100 = 12.806 | Init Dist 1000 = 12.806 | Learner Steps = 1675 | Learner Walltime = 341.532 | Min Dist = 0.092 | Min Dist 10 = 0.856 | Min Dist 100 = 1.023 | Min Dist 1000 = 1.769 | Steps Per Second = 73.982 | Success = 1.000 | Success 1000 = 0.762
I0502 15:11:59.335551 139579566835264 terminal.py:91] [Evaluator] Actor Episodes = 2353 | Actor Steps = 117650 | Delta Dist = 12.493 | Delta Dist 10 = 10.931 | Delta Dist 100 = 11.083 | Delta Dist 1000 = 10.272 | Episode Length = 50 | Episode Return = 10.0 | Evaluator Episodes = 588 | Evaluator Steps = 29400 | Final Dist = 0.313 | Final Dist 10 = 1.875 | Final Dist 100 = 1.723 | Final Dist 1000 = 2.535 | Init Dist = 12.806 | Init Dist 10 = 12.806 | Init Dist 100 = 12.806 | Init Dist 1000 = 12.806 | Learner Steps = 1680 | Learner Walltime = 342.573 | Min Dist = 0.129 | Min Dist 10 = 0.738 | Min Dist 100 = 1.021 | Min Dist 1000 = 1.763 | Steps Per Second = 81.316 | Success = 1.000 | Success 1000 = 0.763
I0502 15:11:59.822825 139558059398720 terminal.py:91] [Actor] Actor Episodes = 2354 | Actor Steps = 117700 | Delta Dist = 4.301 | Delta Dist 10 = 3.577 | Delta Dist 100 = 3.429 | Delta Dist 1000 = 4.094 | Episode Length = 50 | Episode Return = 18.0 | Evaluator Episodes = 586 | Evaluator Steps = 29300 | Final Dist = 3.761 | Final Dist 10 = 1.136 | Final Dist 100 = 1.725 | Final Dist 1000 = 1.653 | Init Dist = 8.062 | Init Dist 10 = 4.713 | Init Dist 100 = 5.155 | Init Dist 1000 = 5.747 | Learner Steps = 1680 | Learner Walltime = 342.573 | Min Dist = 0.022 | Min Dist 10 = 0.097 | Min Dist 100 = 0.203 | Min Dist 1000 = 0.230 | Steps Per Second = 77.002 | Success = 1.000 | Success 1000 = 0.985
I0502 15:12:00.702080 139579566835264 terminal.py:91] [Evaluator] Actor Episodes = 2361 | Actor Steps = 118050 | Delta Dist = 11.696 | Delta Dist 10 = 11.096 | Delta Dist 100 = 11.080 | Delta Dist 1000 = 10.278 | Episode Length = 50 | Episode Return = 2.0 | Evaluator Episodes = 590 | Evaluator Steps = 29500 | Final Dist = 1.111 | Final Dist 10 = 1.710 | Final Dist 100 = 1.726 | Final Dist 1000 = 2.528 | Init Dist = 12.806 | Init Dist 10 = 12.806 | Init Dist 100 = 12.806 | Init Dist 1000 = 12.806 | Learner Steps = 1686 | Learner Walltime = 343.868 | Min Dist = 0.014 | Min Dist 10 = 0.678 | Min Dist 100 = 1.022 | Min Dist 1000 = 1.758 | Steps Per Second = 68.908 | Success = 1.000 | Success 1000 = 0.764
I0502 15:12:02.046788 139579566835264 terminal.py:91] [Evaluator] Actor Episodes = 2369 | Actor Steps = 118450 | Delta Dist = 3.149 | Delta Dist 10 = 11.052 | Delta Dist 100 = 11.135 | Delta Dist 1000 = 10.283 | Episode Length = 50 | Episode Return = 0.0 | Evaluator Episodes = 592 | Evaluator Steps = 29600 | Final Dist = 9.657 | Final Dist 10 = 1.755 | Final Dist 100 = 1.672 | Final Dist 1000 = 2.523 | Init Dist = 12.806 | Init Dist 10 = 12.806 | Init Dist 100 = 12.806 | Init Dist 1000 = 12.806 | Learner Steps = 1698 | Learner Walltime = 346.117 | Min Dist = 7.404 | Min Dist 10 = 0.688 | Min Dist 100 = 0.963 | Min Dist 1000 = 1.752 | Steps Per Second = 77.321 | Success = 0.000 | Success 1000 = 0.765
I0502 15:12:03.319633 139579566835264 terminal.py:91] [Evaluator] Actor Episodes = 2377 | Actor Steps = 118850 | Delta Dist = 3.223 | Delta Dist 10 = 10.933 | Delta Dist 100 = 11.069 | Delta Dist 1000 = 10.274 | Episode Length = 50 | Episode Return = 0.0 | Evaluator Episodes = 594 | Evaluator Steps = 29700 | Final Dist = 9.583 | Final Dist 10 = 1.873 | Final Dist 100 = 1.737 | Final Dist 1000 = 2.532 | Init Dist = 12.806 | Init Dist 10 = 12.806 | Init Dist 100 = 12.806 | Init Dist 1000 = 12.806 | Learner Steps = 1703 | Learner Walltime = 347.123 | Min Dist = 8.219 | Min Dist 10 = 0.842 | Min Dist 100 = 1.002 | Min Dist 1000 = 1.759 | Steps Per Second = 77.978 | Success = 0.000 | Success 1000 = 0.764
I0502 15:12:03.712227 139555013154368 terminal.py:91] [Learner] Actor Episodes = 2373 | Actor Loss = 3.9638872146606445 | Actor Steps = 118650 | Binary Accuracy = 0.9957268238067627 | Categorical Accuracy = 0.36114501953125 | Critic Loss = 2.2575252056121826 | Entropy Mean = -14.632244110107422 | Evaluator Episodes = 592 | Evaluator Steps = 29600 | Learner Steps = 1706 | Learner Walltime = 347.911 | Logits Neg = -15.82539176940918 | Logits Pos = -2.2219650745391846 | Logsumexp = 1.4602735042572021 | Steps Per Second = 297.817
I0502 15:12:04.648173 139579566835264 terminal.py:91] [Evaluator] Actor Episodes = 2385 | Actor Steps = 119250 | Delta Dist = 4.420 | Delta Dist 10 = 10.123 | Delta Dist 100 = 10.971 | Delta Dist 1000 = 10.264 | Episode Length = 50 | Episode Return = 0.0 | Evaluator Episodes = 596 | Evaluator Steps = 29800 | Final Dist = 8.386 | Final Dist 10 = 2.683 | Final Dist 100 = 1.835 | Final Dist 1000 = 2.542 | Init Dist = 12.806 | Init Dist 10 = 12.806 | Init Dist 100 = 12.806 | Init Dist 1000 = 12.806 | Learner Steps = 1708 | Learner Walltime = 348.543 | Min Dist = 7.252 | Min Dist 10 = 1.682 | Min Dist 100 = 1.086 | Min Dist 1000 = 1.768 | Steps Per Second = 71.260 | Success = 0.000 | Success 1000 = 0.763
I0502 15:12:05.185116 139584504182336 lp_utils.py:96] StepsLimiter: Reached 119350 recorded steps
I0502 15:12:05.891906 139579566835264 terminal.py:91] [Evaluator] Actor Episodes = 2393 | Actor Steps = 119650 | Delta Dist = 11.398 | Delta Dist 10 = 8.773 | Delta Dist 100 = 10.840 | Delta Dist 1000 = 10.247 | Episode Length = 50 | Episode Return = 4.0 | Evaluator Episodes = 598 | Evaluator Steps = 29900 | Final Dist = 1.408 | Final Dist 10 = 4.034 | Final Dist 100 = 1.967 | Final Dist 1000 = 2.560 | Init Dist = 12.806 | Init Dist 10 = 12.806 | Init Dist 100 = 12.806 | Init Dist 1000 = 12.806 | Learner Steps = 1715 | Learner Walltime = 349.820 | Min Dist = 0.772 | Min Dist 10 = 3.054 | Min Dist 100 = 1.222 | Min Dist 1000 = 1.785 | Steps Per Second = 83.333 | Success = 1.000 | Success 1000 = 0.760
I0502 15:12:06.710162 139569349502528 terminal.py:91] [Actor] Actor Episodes = 2396 | Actor Steps = 119800 | Delta Dist = 4.921 | Delta Dist 10 = 6.838 | Delta Dist 100 = 4.098 | Delta Dist 1000 = 4.149 | Episode Length = 50 | Episode Return = 25.0 | Evaluator Episodes = 598 | Evaluator Steps = 29900 | Final Dist = 1.079 | Final Dist 10 = 1.355 | Final Dist 100 = 1.583 | Final Dist 1000 = 1.616 | Init Dist = 6.000 | Init Dist 10 = 8.193 | Init Dist 100 = 5.682 | Init Dist 1000 = 5.765 | Learner Steps = 1715 | Learner Walltime = 349.820 | Min Dist = 0.243 | Min Dist 10 = 0.108 | Min Dist 100 = 0.146 | Min Dist 1000 = 0.221 | Steps Per Second = 74.415 | Success = 1.000 | Success 1000 = 0.987
I0502 15:12:07.175671 139579566835264 terminal.py:91] [Evaluator] Actor Episodes = 2401 | Actor Steps = 120050 | Delta Dist = 12.384 | Delta Dist 10 = 8.617 | Delta Dist 100 = 10.816 | Delta Dist 1000 = 10.250 | Episode Length = 50 | Episode Return = 19.0 | Evaluator Episodes = 600 | Evaluator Steps = 30000 | Final Dist = 0.422 | Final Dist 10 = 4.189 | Final Dist 100 = 1.991 | Final Dist 1000 = 2.556 | Init Dist = 12.806 | Init Dist 10 = 12.806 | Init Dist 100 = 12.806 | Init Dist 1000 = 12.806 | Learner Steps = 1721 | Learner Walltime = 351.036 | Min Dist = 0.041 | Min Dist 10 = 3.154 | Min Dist 100 = 1.231 | Min Dist 1000 = 1.781 | Steps Per Second = 82.817 | Success = 1.000 | Success 1000 = 0.761
I0502 15:12:07.861413 139557462840896 terminal.py:91] [Actor] Actor Episodes = 2405 | Actor Steps = 120250 | Delta Dist = 2.508 | Delta Dist 10 = 3.681 | Delta Dist 100 = 4.018 | Delta Dist 1000 = 4.136 | Episode Length = 50 | Episode Return = 43.0 | Evaluator Episodes = 600 | Evaluator Steps = 30000 | Final Dist = 0.492 | Final Dist 10 = 2.391 | Final Dist 100 = 1.617 | Final Dist 1000 = 1.622 | Init Dist = 3.000 | Init Dist 10 = 6.072 | Init Dist 100 = 5.636 | Init Dist 1000 = 5.758 | Learner Steps = 1721 | Learner Walltime = 351.036 | Min Dist = 0.069 | Min Dist 10 = 0.166 | Min Dist 100 = 0.155 | Min Dist 1000 = 0.221 | Steps Per Second = 81.051 | Success = 1.000 | Success 1000 = 0.987
I0502 15:12:07.946565 139555860620864 terminal.py:91] [Actor] Actor Episodes = 2407 | Actor Steps = 120350 | Delta Dist = -0.800 | Delta Dist 10 = 3.240 | Delta Dist 100 = 4.006 | Delta Dist 1000 = 4.134 | Episode Length = 50 | Episode Return = 37.0 | Evaluator Episodes = 600 | Evaluator Steps = 30000 | Final Dist = 0.800 | Final Dist 10 = 1.851 | Final Dist 100 = 1.602 | Final Dist 1000 = 1.622 | Init Dist = 0.000 | Init Dist 10 = 5.091 | Init Dist 100 = 5.607 | Init Dist 1000 = 5.756 | Learner Steps = 1721 | Learner Walltime = 351.036 | Min Dist = 0.000 | Min Dist 10 = 0.163 | Min Dist 100 = 0.142 | Min Dist 1000 = 0.221 | Steps Per Second = 81.645 | Success = 1.000 | Success 1000 = 0.987
I0502 15:12:08.373230 139579566835264 terminal.py:91] [Evaluator] Actor Episodes = 2409 | Actor Steps = 120450 | Delta Dist = 11.790 | Delta Dist 10 = 8.679 | Delta Dist 100 = 10.900 | Delta Dist 1000 = 10.257 | Episode Length = 50 | Episode Return = 11.0 | Evaluator Episodes = 602 | Evaluator Steps = 30100 | Final Dist = 1.016 | Final Dist 10 = 4.127 | Final Dist 100 = 1.906 | Final Dist 1000 = 2.550 | Init Dist = 12.806 | Init Dist 10 = 12.806 | Init Dist 100 = 12.806 | Init Dist 1000 = 12.806 | Learner Steps = 1727 | Learner Walltime = 352.293 | Min Dist = 0.104 | Min Dist 10 = 3.174 | Min Dist 100 = 1.147 | Min Dist 1000 = 1.776 | Steps Per Second = 82.251 | Success = 1.000 | Success 1000 = 0.762
I0502 15:12:09.645982 139579566835264 terminal.py:91] [Evaluator] Actor Episodes = 2417 | Actor Steps = 120850 | Delta Dist = 11.249 | Delta Dist 10 = 9.546 | Delta Dist 100 = 10.888 | Delta Dist 1000 = 10.262 | Episode Length = 50 | Episode Return = 2.0 | Evaluator Episodes = 604 | Evaluator Steps = 30200 | Final Dist = 1.557 | Final Dist 10 = 3.261 | Final Dist 100 = 1.918 | Final Dist 1000 = 2.544 | Init Dist = 12.806 | Init Dist 10 = 12.806 | Init Dist 100 = 12.806 | Init Dist 1000 = 12.806 | Learner Steps = 1733 | Learner Walltime = 353.578 | Min Dist = 0.206 | Min Dist 10 = 2.448 | Min Dist 100 = 1.146 | Min Dist 1000 = 1.771 | Steps Per Second = 74.862 | Success = 1.000 | Success 1000 = 0.763
I0502 15:12:10.123852 139558059398720 terminal.py:91] [Actor] Actor Episodes = 2418 | Actor Steps = 120900 | Delta Dist = 9.464 | Delta Dist 10 = 4.488 | Delta Dist 100 = 4.263 | Delta Dist 1000 = 4.153 | Episode Length = 50 | Episode Return = 27.0 | Evaluator Episodes = 602 | Evaluator Steps = 30100 | Final Dist = 0.023 | Final Dist 10 = 1.269 | Final Dist 100 = 1.453 | Final Dist 1000 = 1.614 | Init Dist = 9.487 | Init Dist 10 = 5.757 | Init Dist 100 = 5.716 | Init Dist 1000 = 5.766 | Learner Steps = 1733 | Learner Walltime = 353.578 | Min Dist = 0.023 | Min Dist 10 = 0.126 | Min Dist 100 = 0.132 | Min Dist 1000 = 0.220 | Steps Per Second = 99.711 | Success = 1.000 | Success 1000 = 0.988
I0502 15:12:10.948389 139579566835264 terminal.py:91] [Evaluator] Actor Episodes = 2425 | Actor Steps = 121250 | Delta Dist = 10.429 | Delta Dist 10 = 10.437 | Delta Dist 100 = 10.934 | Delta Dist 1000 = 10.267 | Episode Length = 50 | Episode Return = 3.0 | Evaluator Episodes = 606 | Evaluator Steps = 30300 | Final Dist = 2.377 | Final Dist 10 = 2.369 | Final Dist 100 = 1.872 | Final Dist 1000 = 2.539 | Init Dist = 12.806 | Init Dist 10 = 12.806 | Init Dist 100 = 12.806 | Init Dist 1000 = 12.806 | Learner Steps = 1740 | Learner Walltime = 354.892 | Min Dist = 0.430 | Min Dist 10 = 1.626 | Min Dist 100 = 1.090 | Min Dist 1000 = 1.765 | Steps Per Second = 80.596 | Success = 1.000 | Success 1000 = 0.764
I0502 15:12:12.294591 139579566835264 terminal.py:91] [Evaluator] Actor Episodes = 2433 | Actor Steps = 121650 | Delta Dist = 11.821 | Delta Dist 10 = 11.672 | Delta Dist 100 = 10.922 | Delta Dist 1000 = 10.270 | Episode Length = 50 | Episode Return = 9.0 | Evaluator Episodes = 608 | Evaluator Steps = 30400 | Final Dist = 0.985 | Final Dist 10 = 1.134 | Final Dist 100 = 1.884 | Final Dist 1000 = 2.536 | Init Dist = 12.806 | Init Dist 10 = 12.806 | Init Dist 100 = 12.806 | Init Dist 1000 = 12.806 | Learner Steps = 1745 | Learner Walltime = 355.895 | Min Dist = 0.049 | Min Dist 10 = 0.301 | Min Dist 100 = 1.093 | Min Dist 1000 = 1.761 | Steps Per Second = 70.353 | Success = 1.000 | Success 1000 = 0.764
I0502 15:12:13.623217 139579566835264 terminal.py:91] [Evaluator] Actor Episodes = 2441 | Actor Steps = 122050 | Delta Dist = 10.698 | Delta Dist 10 = 11.718 | Delta Dist 100 = 10.915 | Delta Dist 1000 = 10.275 | Episode Length = 50 | Episode Return = 0.0 | Evaluator Episodes = 610 | Evaluator Steps = 30500 | Final Dist = 2.109 | Final Dist 10 = 1.088 | Final Dist 100 = 1.891 | Final Dist 1000 = 2.532 | Init Dist = 12.806 | Init Dist 10 = 12.806 | Init Dist 100 = 12.806 | Init Dist 1000 = 12.806 | Learner Steps = 1751 | Learner Walltime = 357.137 | Min Dist = 2.106 | Min Dist 10 = 0.221 | Min Dist 100 = 1.094 | Min Dist 1000 = 1.755 | Steps Per Second = 79.463 | Success = 0.000 | Success 1000 = 0.765
I0502 15:12:13.782190 139555013154368 terminal.py:91] [Learner] Actor Episodes = 2437 | Actor Loss = 3.9071826934814453 | Actor Steps = 121850 | Binary Accuracy = 0.9958977699279785 | Categorical Accuracy = 0.36151123046875 | Critic Loss = 2.3103973865509033 | Entropy Mean = -11.513598442077637 | Evaluator Episodes = 608 | Evaluator Steps = 30400 | Learner Steps = 1756 | Learner Walltime = 357.978 | Logits Neg = -15.070249557495117 | Logits Pos = -2.2884483337402344 | Logsumexp = 1.2544081211090088 | Steps Per Second = 437.649
I0502 15:12:14.983065 139579566835264 terminal.py:91] [Evaluator] Actor Episodes = 2449 | Actor Steps = 122450 | Delta Dist = 11.477 | Delta Dist 10 = 11.614 | Delta Dist 100 = 10.920 | Delta Dist 1000 = 10.279 | Episode Length = 50 | Episode Return = 17.0 | Evaluator Episodes = 612 | Evaluator Steps = 30600 | Final Dist = 1.329 | Final Dist 10 = 1.193 | Final Dist 100 = 1.886 | Final Dist 1000 = 2.527 | Init Dist = 12.806 | Init Dist 10 = 12.806 | Init Dist 100 = 12.806 | Init Dist 1000 = 12.806 | Learner Steps = 1757 | Learner Walltime = 358.253 | Min Dist = 0.168 | Min Dist 10 = 0.400 | Min Dist 100 = 1.109 | Min Dist 1000 = 1.754 | Steps Per Second = 67.841 | Success = 1.000 | Success 1000 = 0.764
I0502 15:12:15.204550 139584504182336 lp_utils.py:96] StepsLimiter: Reached 122550 recorded steps
I0502 15:12:16.354234 139579566835264 terminal.py:91] [Evaluator] Actor Episodes = 2457 | Actor Steps = 122850 | Delta Dist = 11.371 | Delta Dist 10 = 11.479 | Delta Dist 100 = 10.894 | Delta Dist 1000 = 10.282 | Episode Length = 50 | Episode Return = 5.0 | Evaluator Episodes = 614 | Evaluator Steps = 30700 | Final Dist = 1.435 | Final Dist 10 = 1.327 | Final Dist 100 = 1.912 | Final Dist 1000 = 2.524 | Init Dist = 12.806 | Init Dist 10 = 12.806 | Init Dist 100 = 12.806 | Init Dist 1000 = 12.806 | Learner Steps = 1767 | Learner Walltime = 360.372 | Min Dist = 0.126 | Min Dist 10 = 0.398 | Min Dist 100 = 1.111 | Min Dist 1000 = 1.748 | Steps Per Second = 70.105 | Success = 1.000 | Success 1000 = 0.765
I0502 15:12:17.078114 139569349502528 terminal.py:91] [Actor] Actor Episodes = 2460 | Actor Steps = 123000 | Delta Dist = 1.443 | Delta Dist 10 = 3.755 | Delta Dist 100 = 4.544 | Delta Dist 1000 = 4.157 | Episode Length = 50 | Episode Return = 48.0 | Evaluator Episodes = 614 | Evaluator Steps = 30700 | Final Dist = 0.557 | Final Dist 10 = 3.283 | Final Dist 100 = 1.703 | Final Dist 1000 = 1.663 | Init Dist = 2.000 | Init Dist 10 = 7.037 | Init Dist 100 = 6.247 | Init Dist 1000 = 5.820 | Learner Steps = 1767 | Learner Walltime = 360.372 | Min Dist = 0.030 | Min Dist 10 = 0.304 | Min Dist 100 = 0.251 | Min Dist 1000 = 0.231 | Steps Per Second = 85.908 | Success = 1.000 | Success 1000 = 0.986
I0502 15:12:17.576204 139579566835264 terminal.py:91] [Evaluator] Actor Episodes = 2465 | Actor Steps = 123250 | Delta Dist = 11.081 | Delta Dist 10 = 11.427 | Delta Dist 100 = 10.888 | Delta Dist 1000 = 10.286 | Episode Length = 50 | Episode Return = 11.0 | Evaluator Episodes = 616 | Evaluator Steps = 30800 | Final Dist = 1.725 | Final Dist 10 = 1.379 | Final Dist 100 = 1.919 | Final Dist 1000 = 2.520 | Init Dist = 12.806 | Init Dist 10 = 12.806 | Init Dist 100 = 12.806 | Init Dist 1000 = 12.806 | Learner Steps = 1772 | Learner Walltime = 361.426 | Min Dist = 0.157 | Min Dist 10 = 0.383 | Min Dist 100 = 1.109 | Min Dist 1000 = 1.743 | Steps Per Second = 77.737 | Success = 1.000 | Success 1000 = 0.766
I0502 15:12:18.029599 139557462840896 terminal.py:91] [Actor] Actor Episodes = 2469 | Actor Steps = 123450 | Delta Dist = 5.158 | Delta Dist 10 = 5.372 | Delta Dist 100 = 4.638 | Delta Dist 1000 = 4.144 | Episode Length = 50 | Episode Return = 44.0 | Evaluator Episodes = 616 | Evaluator Steps = 30800 | Final Dist = 0.227 | Final Dist 10 = 0.995 | Final Dist 100 = 1.703 | Final Dist 1000 = 1.667 | Init Dist = 5.385 | Init Dist 10 = 6.367 | Init Dist 100 = 6.341 | Init Dist 1000 = 5.811 | Learner Steps = 1772 | Learner Walltime = 361.426 | Min Dist = 0.227 | Min Dist 10 = 0.137 | Min Dist 100 = 0.247 | Min Dist 1000 = 0.231 | Steps Per Second = 60.659 | Success = 1.000 | Success 1000 = 0.986
I0502 15:12:18.050512 139555860620864 terminal.py:91] [Actor] Actor Episodes = 2471 | Actor Steps = 123550 | Delta Dist = -1.113 | Delta Dist 10 = 4.757 | Delta Dist 100 = 4.554 | Delta Dist 1000 = 4.133 | Episode Length = 50 | Episode Return = 27.0 | Evaluator Episodes = 616 | Evaluator Steps = 30800 | Final Dist = 7.196 | Final Dist 10 = 1.582 | Final Dist 100 = 1.761 | Final Dist 1000 = 1.673 | Init Dist = 6.083 | Init Dist 10 = 6.339 | Init Dist 100 = 6.314 | Init Dist 1000 = 5.806 | Learner Steps = 1772 | Learner Walltime = 361.426 | Min Dist = 0.237 | Min Dist 10 = 0.115 | Min Dist 100 = 0.247 | Min Dist 1000 = 0.231 | Steps Per Second = 69.398 | Success = 1.000 | Success 1000 = 0.986
I0502 15:12:18.934388 139579566835264 terminal.py:91] [Evaluator] Actor Episodes = 2473 | Actor Steps = 123650 | Delta Dist = 11.787 | Delta Dist 10 = 11.457 | Delta Dist 100 = 10.919 | Delta Dist 1000 = 10.289 | Episode Length = 50 | Episode Return = 9.0 | Evaluator Episodes = 618 | Evaluator Steps = 30900 | Final Dist = 1.019 | Final Dist 10 = 1.349 | Final Dist 100 = 1.887 | Final Dist 1000 = 2.517 | Init Dist = 12.806 | Init Dist 10 = 12.806 | Init Dist 100 = 12.806 | Init Dist 1000 = 12.806 | Learner Steps = 1778 | Learner Walltime = 362.482 | Min Dist = 0.104 | Min Dist 10 = 0.354 | Min Dist 100 = 1.053 | Min Dist 1000 = 1.738 | Steps Per Second = 78.144 | Success = 1.000 | Success 1000 = 0.767
I0502 15:12:19.911975 139583350109760 savers.py:156] Saving checkpoint: logs/contrastive_cpc_point_FourRooms_64/5dd72662-2788-11f0-b183-d85ed38c5779/checkpoints/learner
I0502 15:12:20.071340 139579566835264 terminal.py:91] [Evaluator] Actor Episodes = 2481 | Actor Steps = 124050 | Delta Dist = 11.806 | Delta Dist 10 = 11.415 | Delta Dist 100 = 10.910 | Delta Dist 1000 = 10.293 | Episode Length = 50 | Episode Return = 14.0 | Evaluator Episodes = 620 | Evaluator Steps = 31000 | Final Dist = 1.000 | Final Dist 10 = 1.391 | Final Dist 100 = 1.896 | Final Dist 1000 = 2.513 | Init Dist = 12.806 | Init Dist 10 = 12.806 | Init Dist 100 = 12.806 | Init Dist 1000 = 12.806 | Learner Steps = 1782 | Learner Walltime = 363.543 | Min Dist = 0.181 | Min Dist 10 = 0.426 | Min Dist 100 = 1.058 | Min Dist 1000 = 1.734 | Steps Per Second = 82.902 | Success = 1.000 | Success 1000 = 0.767
I0502 15:12:20.536017 139558059398720 terminal.py:91] [Actor] Actor Episodes = 2482 | Actor Steps = 124100 | Delta Dist = 3.684 | Delta Dist 10 = 4.244 | Delta Dist 100 = 4.479 | Delta Dist 1000 = 4.152 | Episode Length = 50 | Episode Return = 49.0 | Evaluator Episodes = 618 | Evaluator Steps = 30900 | Final Dist = 0.316 | Final Dist 10 = 1.698 | Final Dist 100 = 1.878 | Final Dist 1000 = 1.661 | Init Dist = 4.000 | Init Dist 10 = 5.942 | Init Dist 100 = 6.358 | Init Dist 1000 = 5.813 | Learner Steps = 1782 | Learner Walltime = 363.543 | Min Dist = 0.155 | Min Dist 10 = 0.326 | Min Dist 100 = 0.264 | Min Dist 1000 = 0.232 | Steps Per Second = 67.294 | Success = 1.000 | Success 1000 = 0.985
I0502 15:12:21.494435 139579566835264 terminal.py:91] [Evaluator] Actor Episodes = 2489 | Actor Steps = 124450 | Delta Dist = 4.110 | Delta Dist 10 = 11.476 | Delta Dist 100 = 10.923 | Delta Dist 1000 = 10.298 | Episode Length = 50 | Episode Return = 0.0 | Evaluator Episodes = 622 | Evaluator Steps = 31100 | Final Dist = 8.696 | Final Dist 10 = 1.331 | Final Dist 100 = 1.883 | Final Dist 1000 = 2.508 | Init Dist = 12.806 | Init Dist 10 = 12.806 | Init Dist 100 = 12.806 | Init Dist 1000 = 12.806 | Learner Steps = 1786 | Learner Walltime = 364.866 | Min Dist = 7.553 | Min Dist 10 = 0.236 | Min Dist 100 = 1.060 | Min Dist 1000 = 1.729 | Steps Per Second = 78.774 | Success = 0.000 | Success 1000 = 0.768
I0502 15:12:22.807959 139579566835264 terminal.py:91] [Evaluator] Actor Episodes = 2497 | Actor Steps = 124850 | Delta Dist = 12.500 | Delta Dist 10 = 10.829 | Delta Dist 100 = 10.845 | Delta Dist 1000 = 10.291 | Episode Length = 50 | Episode Return = 15.0 | Evaluator Episodes = 624 | Evaluator Steps = 31200 | Final Dist = 0.306 | Final Dist 10 = 1.978 | Final Dist 100 = 1.961 | Final Dist 1000 = 2.515 | Init Dist = 12.806 | Init Dist 10 = 12.806 | Init Dist 100 = 12.806 | Init Dist 1000 = 12.806 | Learner Steps = 1793 | Learner Walltime = 366.082 | Min Dist = 0.254 | Min Dist 10 = 0.978 | Min Dist 100 = 1.133 | Min Dist 1000 = 1.736 | Steps Per Second = 73.453 | Success = 1.000 | Success 1000 = 0.767
I0502 15:12:23.832258 139555013154368 terminal.py:91] [Learner] Actor Episodes = 2499 | Actor Loss = 3.8140883445739746 | Actor Steps = 124950 | Binary Accuracy = 0.9958865642547607 | Categorical Accuracy = 0.36041259765625 | Critic Loss = 2.2874341011047363 | Entropy Mean = -12.587477684020996 | Evaluator Episodes = 624 | Evaluator Steps = 31200 | Learner Steps = 1803 | Learner Walltime = 368.031 | Logits Neg = -15.244691848754883 | Logits Pos = -2.262211322784424 | Logsumexp = 1.2455865144729614 | Steps Per Second = 183.582
I0502 15:12:24.222138 139579566835264 terminal.py:91] [Evaluator] Actor Episodes = 2505 | Actor Steps = 125250 | Delta Dist = 12.709 | Delta Dist 10 = 10.986 | Delta Dist 100 = 10.851 | Delta Dist 1000 = 10.297 | Episode Length = 50 | Episode Return = 5.0 | Evaluator Episodes = 626 | Evaluator Steps = 31300 | Final Dist = 0.097 | Final Dist 10 = 1.820 | Final Dist 100 = 1.955 | Final Dist 1000 = 2.509 | Init Dist = 12.806 | Init Dist 10 = 12.806 | Init Dist 100 = 12.806 | Init Dist 1000 = 12.806 | Learner Steps = 1805 | Learner Walltime = 368.379 | Min Dist = 0.097 | Min Dist 10 = 0.980 | Min Dist 100 = 1.134 | Min Dist 1000 = 1.731 | Steps Per Second = 69.135 | Success = 1.000 | Success 1000 = 0.768
I0502 15:12:25.230082 139584504182336 lp_utils.py:96] StepsLimiter: Reached 125650 recorded steps
I0502 15:12:25.577755 139579566835264 terminal.py:91] [Evaluator] Actor Episodes = 2513 | Actor Steps = 125650 | Delta Dist = 11.477 | Delta Dist 10 = 11.116 | Delta Dist 100 = 10.908 | Delta Dist 1000 = 10.302 | Episode Length = 50 | Episode Return = 15.0 | Evaluator Episodes = 628 | Evaluator Steps = 31400 | Final Dist = 1.329 | Final Dist 10 = 1.690 | Final Dist 100 = 1.898 | Final Dist 1000 = 2.504 | Init Dist = 12.806 | Init Dist 10 = 12.806 | Init Dist 100 = 12.806 | Init Dist 1000 = 12.806 | Learner Steps = 1810 | Learner Walltime = 369.482 | Min Dist = 0.336 | Min Dist 10 = 0.976 | Min Dist 100 = 1.077 | Min Dist 1000 = 1.726 | Steps Per Second = 70.644 | Success = 1.000 | Success 1000 = 0.769
I0502 15:12:26.989473 139579566835264 terminal.py:91] [Evaluator] Actor Episodes = 2521 | Actor Steps = 126050 | Delta Dist = 11.211 | Delta Dist 10 = 10.494 | Delta Dist 100 = 10.827 | Delta Dist 1000 = 10.296 | Episode Length = 50 | Episode Return = 6.0 | Evaluator Episodes = 630 | Evaluator Steps = 31500 | Final Dist = 1.595 | Final Dist 10 = 2.312 | Final Dist 100 = 1.979 | Final Dist 1000 = 2.510 | Init Dist = 12.806 | Init Dist 10 = 12.806 | Init Dist 100 = 12.806 | Init Dist 1000 = 12.806 | Learner Steps = 1815 | Learner Walltime = 370.789 | Min Dist = 0.049 | Min Dist 10 = 1.664 | Min Dist 100 = 1.153 | Min Dist 1000 = 1.733 | Steps Per Second = 71.346 | Success = 1.000 | Success 1000 = 0.768
I0502 15:12:27.304241 139569349502528 terminal.py:91] [Actor] Actor Episodes = 2527 | Actor Steps = 126350 | Delta Dist = -2.355 | Delta Dist 10 = 4.238 | Delta Dist 100 = 4.434 | Delta Dist 1000 = 4.157 | Episode Length = 50 | Episode Return = 46.0 | Evaluator Episodes = 630 | Evaluator Steps = 31500 | Final Dist = 7.454 | Final Dist 10 = 0.721 | Final Dist 100 = 1.940 | Final Dist 1000 = 1.652 | Init Dist = 5.099 | Init Dist 10 = 4.959 | Init Dist 100 = 6.374 | Init Dist 1000 = 5.809 | Learner Steps = 1815 | Learner Walltime = 370.789 | Min Dist = 0.024 | Min Dist 10 = 0.265 | Min Dist 100 = 0.281 | Min Dist 1000 = 0.219 | Steps Per Second = 78.207 | Success = 1.000 | Success 1000 = 0.985
I0502 15:12:28.049425 139557462840896 terminal.py:91] [Actor] Actor Episodes = 2531 | Actor Steps = 126550 | Delta Dist = -0.147 | Delta Dist 10 = 4.087 | Delta Dist 100 = 4.410 | Delta Dist 1000 = 4.156 | Episode Length = 50 | Episode Return = 14.0 | Evaluator Episodes = 630 | Evaluator Steps = 31500 | Final Dist = 6.550 | Final Dist 10 = 1.992 | Final Dist 100 = 1.997 | Final Dist 1000 = 1.667 | Init Dist = 6.403 | Init Dist 10 = 6.080 | Init Dist 100 = 6.407 | Init Dist 1000 = 5.823 | Learner Steps = 1822 | Learner Walltime = 371.918 | Min Dist = 0.157 | Min Dist 10 = 0.078 | Min Dist 100 = 0.284 | Min Dist 1000 = 0.219 | Steps Per Second = 102.515 | Success = 1.000 | Success 1000 = 0.985
I0502 15:12:28.217965 139579566835264 terminal.py:91] [Evaluator] Actor Episodes = 2531 | Actor Steps = 126550 | Delta Dist = 11.996 | Delta Dist 10 = 10.383 | Delta Dist 100 = 10.826 | Delta Dist 1000 = 10.299 | Episode Length = 50 | Episode Return = 22.0 | Evaluator Episodes = 632 | Evaluator Steps = 31600 | Final Dist = 0.810 | Final Dist 10 = 2.424 | Final Dist 100 = 1.980 | Final Dist 1000 = 2.507 | Init Dist = 12.806 | Init Dist 10 = 12.806 | Init Dist 100 = 12.806 | Init Dist 1000 = 12.806 | Learner Steps = 1822 | Learner Walltime = 371.918 | Min Dist = 0.235 | Min Dist 10 = 1.631 | Min Dist 100 = 1.140 | Min Dist 1000 = 1.728 | Steps Per Second = 83.527 | Success = 1.000 | Success 1000 = 0.769
I0502 15:12:28.602530 139555860620864 terminal.py:91] [Actor] Actor Episodes = 2533 | Actor Steps = 126650 | Delta Dist = 1.962 | Delta Dist 10 = 4.223 | Delta Dist 100 = 4.389 | Delta Dist 1000 = 4.166 | Episode Length = 50 | Episode Return = 30.0 | Evaluator Episodes = 632 | Evaluator Steps = 31600 | Final Dist = 0.274 | Final Dist 10 = 2.084 | Final Dist 100 = 1.963 | Final Dist 1000 = 1.661 | Init Dist = 2.236 | Init Dist 10 = 6.307 | Init Dist 100 = 6.352 | Init Dist 1000 = 5.827 | Learner Steps = 1822 | Learner Walltime = 371.918 | Min Dist = 0.019 | Min Dist 10 = 0.063 | Min Dist 100 = 0.279 | Min Dist 1000 = 0.212 | Steps Per Second = 73.516 | Success = 1.000 | Success 1000 = 0.985
I0502 15:12:28.831397 139584635659840 savers.py:156] Saving checkpoint: logs/contrastive_cpc_point_FourRooms_64/5dd72662-2788-11f0-b183-d85ed38c5779/checkpoints/counter
I0502 15:12:29.629719 139579566835264 terminal.py:91] [Evaluator] Actor Episodes = 2539 | Actor Steps = 126950 | Delta Dist = 11.900 | Delta Dist 10 = 11.231 | Delta Dist 100 = 10.829 | Delta Dist 1000 = 10.306 | Episode Length = 50 | Episode Return = 16.0 | Evaluator Episodes = 634 | Evaluator Steps = 31700 | Final Dist = 0.906 | Final Dist 10 = 1.575 | Final Dist 100 = 1.977 | Final Dist 1000 = 2.501 | Init Dist = 12.806 | Init Dist 10 = 12.806 | Init Dist 100 = 12.806 | Init Dist 1000 = 12.806 | Learner Steps = 1828 | Learner Walltime = 373.016 | Min Dist = 0.147 | Min Dist 10 = 0.900 | Min Dist 100 = 1.140 | Min Dist 1000 = 1.723 | Steps Per Second = 77.070 | Success = 1.000 | Success 1000 = 0.769
I0502 15:12:30.890419 139558059398720 terminal.py:91] [Actor] Actor Episodes = 2546 | Actor Steps = 127300 | Delta Dist = 8.785 | Delta Dist 10 = 5.824 | Delta Dist 100 = 4.652 | Delta Dist 1000 = 4.179 | Episode Length = 50 | Episode Return = 30.0 | Evaluator Episodes = 634 | Evaluator Steps = 31700 | Final Dist = 0.160 | Final Dist 10 = 1.120 | Final Dist 100 = 1.733 | Final Dist 1000 = 1.647 | Init Dist = 8.944 | Init Dist 10 = 6.944 | Init Dist 100 = 6.385 | Init Dist 1000 = 5.825 | Learner Steps = 1833 | Learner Walltime = 374.288 | Min Dist = 0.029 | Min Dist 10 = 0.083 | Min Dist 100 = 0.170 | Min Dist 1000 = 0.206 | Steps Per Second = 103.212 | Success = 1.000 | Success 1000 = 0.985
I0502 15:12:30.907163 139579566835264 terminal.py:91] [Evaluator] Actor Episodes = 2547 | Actor Steps = 127350 | Delta Dist = 8.934 | Delta Dist 10 = 11.107 | Delta Dist 100 = 10.835 | Delta Dist 1000 = 10.310 | Episode Length = 50 | Episode Return = 0.0 | Evaluator Episodes = 636 | Evaluator Steps = 31800 | Final Dist = 3.872 | Final Dist 10 = 1.699 | Final Dist 100 = 1.971 | Final Dist 1000 = 2.496 | Init Dist = 12.806 | Init Dist 10 = 12.806 | Init Dist 100 = 12.806 | Init Dist 1000 = 12.806 | Learner Steps = 1833 | Learner Walltime = 374.288 | Min Dist = 3.872 | Min Dist 10 = 0.888 | Min Dist 100 = 1.138 | Min Dist 1000 = 1.717 | Steps Per Second = 76.561 | Success = 0.000 | Success 1000 = 0.770
I0502 15:12:32.107009 139579566835264 terminal.py:91] [Evaluator] Actor Episodes = 2555 | Actor Steps = 127750 | Delta Dist = 11.643 | Delta Dist 10 = 10.723 | Delta Dist 100 = 10.809 | Delta Dist 1000 = 10.309 | Episode Length = 50 | Episode Return = 21.0 | Evaluator Episodes = 638 | Evaluator Steps = 31900 | Final Dist = 1.164 | Final Dist 10 = 2.084 | Final Dist 100 = 1.998 | Final Dist 1000 = 2.497 | Init Dist = 12.806 | Init Dist 10 = 12.806 | Init Dist 100 = 12.806 | Init Dist 1000 = 12.806 | Learner Steps = 1840 | Learner Walltime = 375.556 | Min Dist = 0.111 | Min Dist 10 = 1.255 | Min Dist 100 = 1.175 | Min Dist 1000 = 1.718 | Steps Per Second = 81.491 | Success = 1.000 | Success 1000 = 0.769
I0502 15:12:33.356261 139579566835264 terminal.py:91] [Evaluator] Actor Episodes = 2563 | Actor Steps = 128150 | Delta Dist = 11.630 | Delta Dist 10 = 11.410 | Delta Dist 100 = 10.882 | Delta Dist 1000 = 10.314 | Episode Length = 50 | Episode Return = 13.0 | Evaluator Episodes = 640 | Evaluator Steps = 32000 | Final Dist = 1.176 | Final Dist 10 = 1.396 | Final Dist 100 = 1.924 | Final Dist 1000 = 2.493 | Init Dist = 12.806 | Init Dist 10 = 12.806 | Init Dist 100 = 12.806 | Init Dist 1000 = 12.806 | Learner Steps = 1846 | Learner Walltime = 376.697 | Min Dist = 0.223 | Min Dist 10 = 0.476 | Min Dist 100 = 1.099 | Min Dist 1000 = 1.713 | Steps Per Second = 79.814 | Success = 1.000 | Success 1000 = 0.770
I0502 15:12:34.208997 139555013154368 terminal.py:91] [Learner] Actor Episodes = 2565 | Actor Loss = 3.8273847103118896 | Actor Steps = 128250 | Binary Accuracy = 0.9958977699279785 | Categorical Accuracy = 0.3704833984375 | Critic Loss = 2.2596466541290283 | Entropy Mean = -13.452535629272461 | Evaluator Episodes = 640 | Evaluator Steps = 32000 | Learner Steps = 1854 | Learner Walltime = 378.405 | Logits Neg = -15.624244689941406 | Logits Pos = -2.2378134727478027 | Logsumexp = 1.2737910747528076 | Steps Per Second = 127.753
I0502 15:12:34.700524 139579566835264 terminal.py:91] [Evaluator] Actor Episodes = 2571 | Actor Steps = 128550 | Delta Dist = 10.815 | Delta Dist 10 = 11.569 | Delta Dist 100 = 10.880 | Delta Dist 1000 = 10.319 | Episode Length = 50 | Episode Return = 0.0 | Evaluator Episodes = 642 | Evaluator Steps = 32100 | Final Dist = 1.992 | Final Dist 10 = 1.237 | Final Dist 100 = 1.926 | Final Dist 1000 = 2.487 | Init Dist = 12.806 | Init Dist 10 = 12.806 | Init Dist 100 = 12.806 | Init Dist 1000 = 12.806 | Learner Steps = 1851 | Learner Walltime = 377.763 | Min Dist = 1.399 | Min Dist 10 = 0.493 | Min Dist 100 = 1.101 | Min Dist 1000 = 1.708 | Steps Per Second = 79.519 | Success = 0.000 | Success 1000 = 0.771
I0502 15:12:35.245155 139584504182336 lp_utils.py:96] StepsLimiter: Reached 128750 recorded steps
I0502 15:12:35.918031 139579566835264 terminal.py:91] [Evaluator] Actor Episodes = 2580 | Actor Steps = 129000 | Delta Dist = 11.190 | Delta Dist 10 = 11.468 | Delta Dist 100 = 10.880 | Delta Dist 1000 = 10.324 | Episode Length = 50 | Episode Return = 2.0 | Evaluator Episodes = 644 | Evaluator Steps = 32200 | Final Dist = 1.617 | Final Dist 10 = 1.338 | Final Dist 100 = 1.926 | Final Dist 1000 = 2.483 | Init Dist = 12.806 | Init Dist 10 = 12.806 | Init Dist 100 = 12.806 | Init Dist 1000 = 12.806 | Learner Steps = 1858 | Learner Walltime = 379.072 | Min Dist = 0.555 | Min Dist 10 = 0.614 | Min Dist 100 = 1.110 | Min Dist 1000 = 1.705 | Steps Per Second = 82.671 | Success = 1.000 | Success 1000 = 0.770
I0502 15:12:37.136069 139579566835264 terminal.py:91] [Evaluator] Actor Episodes = 2588 | Actor Steps = 129400 | Delta Dist = 12.385 | Delta Dist 10 = 11.423 | Delta Dist 100 = 10.862 | Delta Dist 1000 = 10.327 | Episode Length = 50 | Episode Return = 10.0 | Evaluator Episodes = 646 | Evaluator Steps = 32300 | Final Dist = 0.421 | Final Dist 10 = 1.383 | Final Dist 100 = 1.944 | Final Dist 1000 = 2.479 | Init Dist = 12.806 | Init Dist 10 = 12.806 | Init Dist 100 = 12.806 | Init Dist 1000 = 12.806 | Learner Steps = 1865 | Learner Walltime = 380.445 | Min Dist = 0.381 | Min Dist 10 = 0.669 | Min Dist 100 = 1.116 | Min Dist 1000 = 1.701 | Steps Per Second = 85.131 | Success = 1.000 | Success 1000 = 0.771
I0502 15:12:37.766700 139569349502528 terminal.py:91] [Actor] Actor Episodes = 2591 | Actor Steps = 129550 | Delta Dist = -0.008 | Delta Dist 10 = 2.753 | Delta Dist 100 = 4.434 | Delta Dist 1000 = 4.200 | Episode Length = 50 | Episode Return = 27.0 | Evaluator Episodes = 646 | Evaluator Steps = 32300 | Final Dist = 1.008 | Final Dist 10 = 1.600 | Final Dist 100 = 1.739 | Final Dist 1000 = 1.666 | Init Dist = 1.000 | Init Dist 10 = 4.353 | Init Dist 100 = 6.173 | Init Dist 1000 = 5.866 | Learner Steps = 1865 | Learner Walltime = 380.445 | Min Dist = 0.095 | Min Dist 10 = 0.184 | Min Dist 100 = 0.131 | Min Dist 1000 = 0.206 | Steps Per Second = 82.831 | Success = 1.000 | Success 1000 = 0.985
I0502 15:12:38.339669 139579566835264 terminal.py:91] [Evaluator] Actor Episodes = 2596 | Actor Steps = 129800 | Delta Dist = 11.524 | Delta Dist 10 = 11.878 | Delta Dist 100 = 10.870 | Delta Dist 1000 = 10.333 | Episode Length = 50 | Episode Return = 16.0 | Evaluator Episodes = 648 | Evaluator Steps = 32400 | Final Dist = 1.282 | Final Dist 10 = 0.928 | Final Dist 100 = 1.936 | Final Dist 1000 = 2.473 | Init Dist = 12.806 | Init Dist 10 = 12.806 | Init Dist 100 = 12.806 | Init Dist 1000 = 12.806 | Learner Steps = 1871 | Learner Walltime = 381.496 | Min Dist = 0.370 | Min Dist 10 = 0.369 | Min Dist 100 = 1.124 | Min Dist 1000 = 1.697 | Steps Per Second = 82.359 | Success = 1.000 | Success 1000 = 0.771
I0502 15:12:38.415056 139557462840896 terminal.py:91] [Actor] Actor Episodes = 2595 | Actor Steps = 129750 | Delta Dist = 3.886 | Delta Dist 10 = 2.401 | Delta Dist 100 = 4.374 | Delta Dist 1000 = 4.200 | Episode Length = 50 | Episode Return = 34.0 | Evaluator Episodes = 646 | Evaluator Steps = 32300 | Final Dist = 1.114 | Final Dist 10 = 2.642 | Final Dist 100 = 1.823 | Final Dist 1000 = 1.672 | Init Dist = 5.000 | Init Dist 10 = 5.044 | Init Dist 100 = 6.197 | Init Dist 1000 = 5.872 | Learner Steps = 1871 | Learner Walltime = 381.496 | Min Dist = 0.276 | Min Dist 10 = 1.209 | Min Dist 100 = 0.234 | Min Dist 1000 = 0.216 | Steps Per Second = 77.559 | Success = 1.000 | Success 1000 = 0.985
I0502 15:12:38.960572 139555860620864 terminal.py:91] [Actor] Actor Episodes = 2600 | Actor Steps = 130000 | Delta Dist = 8.508 | Delta Dist 10 = 2.751 | Delta Dist 100 = 4.337 | Delta Dist 1000 = 4.194 | Episode Length = 50 | Episode Return = 41.0 | Evaluator Episodes = 648 | Evaluator Steps = 32400 | Final Dist = 0.926 | Final Dist 10 = 2.605 | Final Dist 100 = 1.750 | Final Dist 1000 = 1.673 | Init Dist = 9.434 | Init Dist 10 = 5.355 | Init Dist 100 = 6.088 | Init Dist 1000 = 5.867 | Learner Steps = 1876 | Learner Walltime = 382.594 | Min Dist = 0.052 | Min Dist 10 = 1.281 | Min Dist 100 = 0.240 | Min Dist 1000 = 0.217 | Steps Per Second = 73.187 | Success = 1.000 | Success 1000 = 0.985
I0502 15:12:39.551253 139579566835264 terminal.py:91] [Evaluator] Actor Episodes = 2604 | Actor Steps = 130200 | Delta Dist = 12.297 | Delta Dist 10 = 11.789 | Delta Dist 100 = 10.863 | Delta Dist 1000 = 10.336 | Episode Length = 50 | Episode Return = 8.0 | Evaluator Episodes = 650 | Evaluator Steps = 32500 | Final Dist = 0.509 | Final Dist 10 = 1.017 | Final Dist 100 = 1.943 | Final Dist 1000 = 2.470 | Init Dist = 12.806 | Init Dist 10 = 12.806 | Init Dist 100 = 12.806 | Init Dist 1000 = 12.806 | Learner Steps = 1876 | Learner Walltime = 382.594 | Min Dist = 0.410 | Min Dist 10 = 0.398 | Min Dist 100 = 1.124 | Min Dist 1000 = 1.693 | Steps Per Second = 92.220 | Success = 1.000 | Success 1000 = 0.772
I0502 15:12:40.831539 139579566835264 terminal.py:91] [Evaluator] Actor Episodes = 2612 | Actor Steps = 130600 | Delta Dist = 11.564 | Delta Dist 10 = 11.826 | Delta Dist 100 = 10.875 | Delta Dist 1000 = 10.342 | Episode Length = 50 | Episode Return = 32.0 | Evaluator Episodes = 652 | Evaluator Steps = 32600 | Final Dist = 1.242 | Final Dist 10 = 0.980 | Final Dist 100 = 1.931 | Final Dist 1000 = 2.464 | Init Dist = 12.806 | Init Dist 10 = 12.806 | Init Dist 100 = 12.806 | Init Dist 1000 = 12.806 | Learner Steps = 1889 | Learner Walltime = 384.924 | Min Dist = 0.227 | Min Dist 10 = 0.438 | Min Dist 100 = 1.126 | Min Dist 1000 = 1.689 | Steps Per Second = 77.770 | Success = 1.000 | Success 1000 = 0.773
I0502 15:12:40.942366 139558059398720 terminal.py:91] [Actor] Actor Episodes = 2613 | Actor Steps = 130650 | Delta Dist = 2.468 | Delta Dist 10 = 3.841 | Delta Dist 100 = 4.291 | Delta Dist 1000 = 4.177 | Episode Length = 50 | Episode Return = 24.0 | Evaluator Episodes = 650 | Evaluator Steps = 32500 | Final Dist = 0.532 | Final Dist 10 = 1.025 | Final Dist 100 = 1.609 | Final Dist 1000 = 1.673 | Init Dist = 3.000 | Init Dist 10 = 4.866 | Init Dist 100 = 5.899 | Init Dist 1000 = 5.850 | Learner Steps = 1882 | Learner Walltime = 383.915 | Min Dist = 0.129 | Min Dist 10 = 0.077 | Min Dist 100 = 0.231 | Min Dist 1000 = 0.216 | Steps Per Second = 80.278 | Success = 1.000 | Success 1000 = 0.985
I0502 15:12:42.088407 139579566835264 terminal.py:91] [Evaluator] Actor Episodes = 2620 | Actor Steps = 131000 | Delta Dist = 4.361 | Delta Dist 10 = 10.969 | Delta Dist 100 = 10.828 | Delta Dist 1000 = 10.334 | Episode Length = 50 | Episode Return = 0.0 | Evaluator Episodes = 654 | Evaluator Steps = 32700 | Final Dist = 8.445 | Final Dist 10 = 1.837 | Final Dist 100 = 1.978 | Final Dist 1000 = 2.473 | Init Dist = 12.806 | Init Dist 10 = 12.806 | Init Dist 100 = 12.806 | Init Dist 1000 = 12.806 | Learner Steps = 1894 | Learner Walltime = 386.107 | Min Dist = 6.850 | Min Dist 10 = 1.044 | Min Dist 100 = 1.142 | Min Dist 1000 = 1.695 | Steps Per Second = 79.581 | Success = 0.000 | Success 1000 = 0.772
I0502 15:12:43.259684 139579566835264 terminal.py:91] [Evaluator] Actor Episodes = 2628 | Actor Steps = 131400 | Delta Dist = 4.801 | Delta Dist 10 = 10.257 | Delta Dist 100 = 10.753 | Delta Dist 1000 = 10.326 | Episode Length = 50 | Episode Return = 0.0 | Evaluator Episodes = 656 | Evaluator Steps = 32800 | Final Dist = 8.005 | Final Dist 10 = 2.550 | Final Dist 100 = 2.054 | Final Dist 1000 = 2.480 | Init Dist = 12.806 | Init Dist 10 = 12.806 | Init Dist 100 = 12.806 | Init Dist 1000 = 12.806 | Learner Steps = 1900 | Learner Walltime = 387.113 | Min Dist = 7.595 | Min Dist 10 = 1.674 | Min Dist 100 = 1.209 | Min Dist 1000 = 1.701 | Steps Per Second = 88.171 | Success = 0.000 | Success 1000 = 0.771
I0502 15:12:44.250294 139555013154368 terminal.py:91] [Learner] Actor Episodes = 2636 | Actor Loss = 3.854701519012451 | Actor Steps = 131800 | Binary Accuracy = 0.9958558082580566 | Categorical Accuracy = 0.3778076171875 | Critic Loss = 2.199951648712158 | Entropy Mean = -12.528388977050781 | Evaluator Episodes = 656 | Evaluator Steps = 32800 | Learner Steps = 1907 | Learner Walltime = 388.448 | Logits Neg = -15.532920837402344 | Logits Pos = -2.1991257667541504 | Logsumexp = 1.2415437698364258 | Steps Per Second = 956.372
I0502 15:12:44.446132 139579566835264 terminal.py:91] [Evaluator] Actor Episodes = 2636 | Actor Steps = 131800 | Delta Dist = 5.132 | Delta Dist 10 = 9.543 | Delta Dist 100 = 10.839 | Delta Dist 1000 = 10.321 | Episode Length = 50 | Episode Return = 0.0 | Evaluator Episodes = 658 | Evaluator Steps = 32900 | Final Dist = 7.674 | Final Dist 10 = 3.263 | Final Dist 100 = 1.967 | Final Dist 1000 = 2.485 | Init Dist = 12.806 | Init Dist 10 = 12.806 | Init Dist 100 = 12.806 | Init Dist 1000 = 12.806 | Learner Steps = 1906 | Learner Walltime = 388.381 | Min Dist = 6.924 | Min Dist 10 = 2.346 | Min Dist 100 = 1.137 | Min Dist 1000 = 1.707 | Steps Per Second = 78.537 | Success = 0.000 | Success 1000 = 0.770
I0502 15:12:45.264067 139584504182336 lp_utils.py:96] StepsLimiter: Reached 132200 recorded steps
I0502 15:12:45.669458 139579566835264 terminal.py:91] [Evaluator] Actor Episodes = 2644 | Actor Steps = 132200 | Delta Dist = 5.094 | Delta Dist 10 = 8.934 | Delta Dist 100 = 10.777 | Delta Dist 1000 = 10.315 | Episode Length = 50 | Episode Return = 0.0 | Evaluator Episodes = 660 | Evaluator Steps = 33000 | Final Dist = 7.713 | Final Dist 10 = 3.872 | Final Dist 100 = 2.029 | Final Dist 1000 = 2.491 | Init Dist = 12.806 | Init Dist 10 = 12.806 | Init Dist 100 = 12.806 | Init Dist 1000 = 12.806 | Learner Steps = 1913 | Learner Walltime = 389.620 | Min Dist = 7.321 | Min Dist 10 = 3.000 | Min Dist 100 = 1.200 | Min Dist 1000 = 1.713 | Steps Per Second = 81.215 | Success = 0.000 | Success 1000 = 0.769
I0502 15:12:46.797898 139579566835264 terminal.py:91] [Evaluator] Actor Episodes = 2652 | Actor Steps = 132600 | Delta Dist = 11.384 | Delta Dist 10 = 8.235 | Delta Dist 100 = 10.720 | Delta Dist 1000 = 10.311 | Episode Length = 50 | Episode Return = 0.0 | Evaluator Episodes = 662 | Evaluator Steps = 33100 | Final Dist = 1.422 | Final Dist 10 = 4.571 | Final Dist 100 = 2.086 | Final Dist 1000 = 2.496 | Init Dist = 12.806 | Init Dist 10 = 12.806 | Init Dist 100 = 12.806 | Init Dist 1000 = 12.806 | Learner Steps = 1918 | Learner Walltime = 390.721 | Min Dist = 1.422 | Min Dist 10 = 3.678 | Min Dist 100 = 1.273 | Min Dist 1000 = 1.719 | Steps Per Second = 95.039 | Success = 0.000 | Success 1000 = 0.769
I0502 15:12:47.978546 139579566835264 terminal.py:91] [Evaluator] Actor Episodes = 2660 | Actor Steps = 133000 | Delta Dist = 4.911 | Delta Dist 10 = 9.075 | Delta Dist 100 = 10.725 | Delta Dist 1000 = 10.315 | Episode Length = 50 | Episode Return = 0.0 | Evaluator Episodes = 664 | Evaluator Steps = 33200 | Final Dist = 7.896 | Final Dist 10 = 3.731 | Final Dist 100 = 2.081 | Final Dist 1000 = 2.492 | Init Dist = 12.806 | Init Dist 10 = 12.806 | Init Dist 100 = 12.806 | Init Dist 1000 = 12.806 | Learner Steps = 1924 | Learner Walltime = 391.724 | Min Dist = 5.899 | Min Dist 10 = 3.127 | Min Dist 100 = 1.285 | Min Dist 1000 = 1.717 | Steps Per Second = 86.322 | Success = 0.000 | Success 1000 = 0.768
I0502 15:12:48.214434 139569349502528 terminal.py:91] [Actor] Actor Episodes = 2664 | Actor Steps = 133200 | Delta Dist = -1.584 | Delta Dist 10 = 5.678 | Delta Dist 100 = 4.274 | Delta Dist 1000 = 4.235 | Episode Length = 50 | Episode Return = 28.0 | Evaluator Episodes = 664 | Evaluator Steps = 33200 | Final Dist = 6.970 | Final Dist 10 = 0.629 | Final Dist 100 = 2.062 | Final Dist 1000 = 1.702 | Init Dist = 5.385 | Init Dist 10 = 6.307 | Init Dist 100 = 6.337 | Init Dist 1000 = 5.937 | Learner Steps = 1924 | Learner Walltime = 391.724 | Min Dist = 0.961 | Min Dist 10 = 0.169 | Min Dist 100 = 0.398 | Min Dist 1000 = 0.230 | Steps Per Second = 93.856 | Success = 1.000 | Success 1000 = 0.985
I0502 15:12:48.856466 139557462840896 terminal.py:91] [Actor] Actor Episodes = 2663 | Actor Steps = 133150 | Delta Dist = 4.380 | Delta Dist 10 = 3.740 | Delta Dist 100 = 4.124 | Delta Dist 1000 = 4.217 | Episode Length = 50 | Episode Return = 19.0 | Evaluator Episodes = 664 | Evaluator Steps = 33200 | Final Dist = 0.620 | Final Dist 10 = 1.843 | Final Dist 100 = 2.131 | Final Dist 1000 = 1.711 | Init Dist = 5.000 | Init Dist 10 = 5.582 | Init Dist 100 = 6.255 | Init Dist 1000 = 5.928 | Learner Steps = 1924 | Learner Walltime = 391.724 | Min Dist = 0.040 | Min Dist 10 = 0.314 | Min Dist 100 = 0.411 | Min Dist 1000 = 0.232 | Steps Per Second = 73.040 | Success = 1.000 | Success 1000 = 0.985
I0502 15:12:49.326038 139579566835264 terminal.py:91] [Evaluator] Actor Episodes = 2668 | Actor Steps = 133400 | Delta Dist = 11.616 | Delta Dist 10 = 9.141 | Delta Dist 100 = 10.733 | Delta Dist 1000 = 10.308 | Episode Length = 50 | Episode Return = 15.0 | Evaluator Episodes = 666 | Evaluator Steps = 33300 | Final Dist = 1.190 | Final Dist 10 = 3.665 | Final Dist 100 = 2.073 | Final Dist 1000 = 2.498 | Init Dist = 12.806 | Init Dist 10 = 12.806 | Init Dist 100 = 12.806 | Init Dist 1000 = 12.806 | Learner Steps = 1930 | Learner Walltime = 392.883 | Min Dist = 0.119 | Min Dist 10 = 3.046 | Min Dist 100 = 1.269 | Min Dist 1000 = 1.721 | Steps Per Second = 71.511 | Success = 1.000 | Success 1000 = 0.767
I0502 15:12:49.509483 139555860620864 terminal.py:91] [Actor] Actor Episodes = 2674 | Actor Steps = 133700 | Delta Dist = 4.193 | Delta Dist 10 = 2.324 | Delta Dist 100 = 4.251 | Delta Dist 1000 = 4.214 | Episode Length = 50 | Episode Return = 15.0 | Evaluator Episodes = 666 | Evaluator Steps = 33300 | Final Dist = 1.193 | Final Dist 10 = 2.443 | Final Dist 100 = 1.946 | Final Dist 1000 = 1.706 | Init Dist = 5.385 | Init Dist 10 = 4.766 | Init Dist 100 = 6.196 | Init Dist 1000 = 5.920 | Learner Steps = 1930 | Learner Walltime = 392.883 | Min Dist = 0.280 | Min Dist 10 = 0.232 | Min Dist 100 = 0.411 | Min Dist 1000 = 0.231 | Steps Per Second = 86.221 | Success = 1.000 | Success 1000 = 0.985
I0502 15:12:50.347365 139579566835264 terminal.py:91] [Evaluator] Actor Episodes = 2676 | Actor Steps = 133800 | Delta Dist = 8.401 | Delta Dist 10 = 9.706 | Delta Dist 100 = 10.722 | Delta Dist 1000 = 10.312 | Episode Length = 50 | Episode Return = 0.0 | Evaluator Episodes = 668 | Evaluator Steps = 33400 | Final Dist = 4.405 | Final Dist 10 = 3.100 | Final Dist 100 = 2.085 | Final Dist 1000 = 2.494 | Init Dist = 12.806 | Init Dist 10 = 12.806 | Init Dist 100 = 12.806 | Init Dist 1000 = 12.806 | Learner Steps = 1937 | Learner Walltime = 394.249 | Min Dist = 4.144 | Min Dist 10 = 2.314 | Min Dist 100 = 1.269 | Min Dist 1000 = 1.716 | Steps Per Second = 92.571 | Success = 0.000 | Success 1000 = 0.768
I0502 15:12:51.282791 139558059398720 terminal.py:91] [Actor] Actor Episodes = 2683 | Actor Steps = 134150 | Delta Dist = 2.140 | Delta Dist 10 = 2.404 | Delta Dist 100 = 4.039 | Delta Dist 1000 = 4.206 | Episode Length = 50 | Episode Return = 48.0 | Evaluator Episodes = 668 | Evaluator Steps = 33400 | Final Dist = 0.096 | Final Dist 10 = 2.612 | Final Dist 100 = 1.996 | Final Dist 1000 = 1.710 | Init Dist = 2.236 | Init Dist 10 = 5.016 | Init Dist 100 = 6.035 | Init Dist 1000 = 5.916 | Learner Steps = 1937 | Learner Walltime = 394.249 | Min Dist = 0.012 | Min Dist 10 = 0.870 | Min Dist 100 = 0.490 | Min Dist 1000 = 0.237 | Steps Per Second = 108.354 | Success = 1.000 | Success 1000 = 0.985
I0502 15:12:51.512541 139579566835264 terminal.py:91] [Evaluator] Actor Episodes = 2685 | Actor Steps = 134250 | Delta Dist = 11.579 | Delta Dist 10 = 10.128 | Delta Dist 100 = 10.750 | Delta Dist 1000 = 10.312 | Episode Length = 50 | Episode Return = 14.0 | Evaluator Episodes = 670 | Evaluator Steps = 33500 | Final Dist = 1.227 | Final Dist 10 = 2.678 | Final Dist 100 = 2.056 | Final Dist 1000 = 2.494 | Init Dist = 12.806 | Init Dist 10 = 12.806 | Init Dist 100 = 12.806 | Init Dist 1000 = 12.806 | Learner Steps = 1943 | Learner Walltime = 395.368 | Min Dist = 0.379 | Min Dist 10 = 2.042 | Min Dist 100 = 1.235 | Min Dist 1000 = 1.718 | Steps Per Second = 83.572 | Success = 1.000 | Success 1000 = 0.767
I0502 15:12:52.703394 139579566835264 terminal.py:91] [Evaluator] Actor Episodes = 2693 | Actor Steps = 134650 | Delta Dist = 10.786 | Delta Dist 10 = 10.650 | Delta Dist 100 = 10.736 | Delta Dist 1000 = 10.316 | Episode Length = 50 | Episode Return = 0.0 | Evaluator Episodes = 672 | Evaluator Steps = 33600 | Final Dist = 2.021 | Final Dist 10 = 2.156 | Final Dist 100 = 2.070 | Final Dist 1000 = 2.491 | Init Dist = 12.806 | Init Dist 10 = 12.806 | Init Dist 100 = 12.806 | Init Dist 1000 = 12.806 | Learner Steps = 1951 | Learner Walltime = 396.675 | Min Dist = 2.021 | Min Dist 10 = 1.353 | Min Dist 100 = 1.239 | Min Dist 1000 = 1.713 | Steps Per Second = 84.277 | Success = 0.000 | Success 1000 = 0.768
I0502 15:12:53.870170 139579566835264 terminal.py:91] [Evaluator] Actor Episodes = 2701 | Actor Steps = 135050 | Delta Dist = 11.143 | Delta Dist 10 = 10.505 | Delta Dist 100 = 10.713 | Delta Dist 1000 = 10.317 | Episode Length = 50 | Episode Return = 2.0 | Evaluator Episodes = 674 | Evaluator Steps = 33700 | Final Dist = 1.663 | Final Dist 10 = 2.301 | Final Dist 100 = 2.094 | Final Dist 1000 = 2.489 | Init Dist = 12.806 | Init Dist 10 = 12.806 | Init Dist 100 = 12.806 | Init Dist 1000 = 12.806 | Learner Steps = 1958 | Learner Walltime = 397.928 | Min Dist = 0.883 | Min Dist 10 = 1.421 | Min Dist 100 = 1.265 | Min Dist 1000 = 1.712 | Steps Per Second = 87.957 | Success = 1.000 | Success 1000 = 0.767
I0502 15:12:54.341170 139555013154368 terminal.py:91] [Learner] Actor Episodes = 2701 | Actor Loss = 3.9415650367736816 | Actor Steps = 135050 | Binary Accuracy = 0.9959113597869873 | Categorical Accuracy = 0.37445068359375 | Critic Loss = 2.2726502418518066 | Entropy Mean = -12.405037879943848 | Evaluator Episodes = 672 | Evaluator Steps = 33600 | Learner Steps = 1961 | Learner Walltime = 398.540 | Logits Neg = -15.326118469238281 | Logits Pos = -2.2600455284118652 | Logsumexp = 1.2761566638946533 | Steps Per Second = 220.044
I0502 15:12:55.094542 139579566835264 terminal.py:91] [Evaluator] Actor Episodes = 2709 | Actor Steps = 135450 | Delta Dist = 11.681 | Delta Dist 10 = 11.107 | Delta Dist 100 = 10.690 | Delta Dist 1000 = 10.320 | Episode Length = 50 | Episode Return = 8.0 | Evaluator Episodes = 676 | Evaluator Steps = 33800 | Final Dist = 1.126 | Final Dist 10 = 1.699 | Final Dist 100 = 2.117 | Final Dist 1000 = 2.486 | Init Dist = 12.806 | Init Dist 10 = 12.806 | Init Dist 100 = 12.806 | Init Dist 1000 = 12.806 | Learner Steps = 1963 | Learner Walltime = 398.972 | Min Dist = 0.238 | Min Dist 10 = 0.915 | Min Dist 100 = 1.272 | Min Dist 1000 = 1.709 | Steps Per Second = 82.598 | Success = 1.000 | Success 1000 = 0.767
I0502 15:12:55.285415 139584504182336 lp_utils.py:96] StepsLimiter: Reached 135550 recorded steps
I0502 15:12:56.228262 139579566835264 terminal.py:91] [Evaluator] Actor Episodes = 2717 | Actor Steps = 135850 | Delta Dist = 11.614 | Delta Dist 10 = 11.116 | Delta Dist 100 = 10.692 | Delta Dist 1000 = 10.324 | Episode Length = 50 | Episode Return = 5.0 | Evaluator Episodes = 678 | Evaluator Steps = 33900 | Final Dist = 1.193 | Final Dist 10 = 1.691 | Final Dist 100 = 2.115 | Final Dist 1000 = 2.482 | Init Dist = 12.806 | Init Dist 10 = 12.806 | Init Dist 100 = 12.806 | Init Dist 1000 = 12.806 | Learner Steps = 1969 | Learner Walltime = 400.139 | Min Dist = 0.233 | Min Dist 10 = 0.953 | Min Dist 100 = 1.266 | Min Dist 1000 = 1.705 | Steps Per Second = 80.422 | Success = 1.000 | Success 1000 = 0.768
I0502 15:12:57.378534 139579566835264 terminal.py:91] [Evaluator] Actor Episodes = 2725 | Actor Steps = 136250 | Delta Dist = 11.444 | Delta Dist 10 = 11.310 | Delta Dist 100 = 10.691 | Delta Dist 1000 = 10.327 | Episode Length = 50 | Episode Return = 16.0 | Evaluator Episodes = 680 | Evaluator Steps = 34000 | Final Dist = 1.362 | Final Dist 10 = 1.496 | Final Dist 100 = 2.115 | Final Dist 1000 = 2.479 | Init Dist = 12.806 | Init Dist 10 = 12.806 | Init Dist 100 = 12.806 | Init Dist 1000 = 12.806 | Learner Steps = 1976 | Learner Walltime = 401.509 | Min Dist = 0.100 | Min Dist 10 = 0.550 | Min Dist 100 = 1.261 | Min Dist 1000 = 1.700 | Steps Per Second = 86.086 | Success = 1.000 | Success 1000 = 0.769
I0502 15:12:58.489535 139569349502528 terminal.py:91] [Actor] Actor Episodes = 2732 | Actor Steps = 136600 | Delta Dist = 6.133 | Delta Dist 10 = 4.185 | Delta Dist 100 = 4.138 | Delta Dist 1000 = 4.183 | Episode Length = 50 | Episode Return = 38.0 | Evaluator Episodes = 680 | Evaluator Steps = 34000 | Final Dist = 0.938 | Final Dist 10 = 2.480 | Final Dist 100 = 2.082 | Final Dist 1000 = 1.732 | Init Dist = 7.071 | Init Dist 10 = 6.665 | Init Dist 100 = 6.220 | Init Dist 1000 = 5.915 | Learner Steps = 1976 | Learner Walltime = 401.509 | Min Dist = 0.034 | Min Dist 10 = 0.100 | Min Dist 100 = 0.513 | Min Dist 1000 = 0.248 | Steps Per Second = 73.919 | Success = 1.000 | Success 1000 = 0.987
I0502 15:12:58.689048 139579566835264 terminal.py:91] [Evaluator] Actor Episodes = 2733 | Actor Steps = 136650 | Delta Dist = 3.453 | Delta Dist 10 = 11.422 | Delta Dist 100 = 10.691 | Delta Dist 1000 = 10.332 | Episode Length = 50 | Episode Return = 0.0 | Evaluator Episodes = 682 | Evaluator Steps = 34100 | Final Dist = 9.354 | Final Dist 10 = 1.385 | Final Dist 100 = 2.116 | Final Dist 1000 = 2.474 | Init Dist = 12.806 | Init Dist 10 = 12.806 | Init Dist 100 = 12.806 | Init Dist 1000 = 12.806 | Learner Steps = 1982 | Learner Walltime = 402.513 | Min Dist = 6.914 | Min Dist 10 = 0.517 | Min Dist 100 = 1.261 | Min Dist 1000 = 1.696 | Steps Per Second = 71.794 | Success = 0.000 | Success 1000 = 0.769
I0502 15:12:59.448178 139557462840896 terminal.py:91] [Actor] Actor Episodes = 2738 | Actor Steps = 136900 | Delta Dist = 4.654 | Delta Dist 10 = 5.259 | Delta Dist 100 = 4.292 | Delta Dist 1000 = 4.201 | Episode Length = 50 | Episode Return = 14.0 | Evaluator Episodes = 682 | Evaluator Steps = 34100 | Final Dist = 1.429 | Final Dist 10 = 1.670 | Final Dist 100 = 1.919 | Final Dist 1000 = 1.724 | Init Dist = 6.083 | Init Dist 10 = 6.928 | Init Dist 100 = 6.211 | Init Dist 1000 = 5.925 | Learner Steps = 1982 | Learner Walltime = 402.513 | Min Dist = 0.156 | Min Dist 10 = 0.042 | Min Dist 100 = 0.475 | Min Dist 1000 = 0.247 | Steps Per Second = 78.454 | Success = 1.000 | Success 1000 = 0.987
I0502 15:12:59.913638 139555860620864 terminal.py:91] [Actor] Actor Episodes = 2742 | Actor Steps = 137100 | Delta Dist = 4.557 | Delta Dist 10 = 4.546 | Delta Dist 100 = 4.247 | Delta Dist 1000 = 4.200 | Episode Length = 50 | Episode Return = 22.0 | Evaluator Episodes = 682 | Evaluator Steps = 34100 | Final Dist = 0.443 | Final Dist 10 = 1.903 | Final Dist 100 = 1.930 | Final Dist 1000 = 1.725 | Init Dist = 5.000 | Init Dist 10 = 6.449 | Init Dist 100 = 6.177 | Init Dist 1000 = 5.925 | Learner Steps = 1982 | Learner Walltime = 402.513 | Min Dist = 0.164 | Min Dist 10 = 0.047 | Min Dist 100 = 0.475 | Min Dist 1000 = 0.247 | Steps Per Second = 79.298 | Success = 1.000 | Success 1000 = 0.987
I0502 15:12:59.947512 139579566835264 terminal.py:91] [Evaluator] Actor Episodes = 2743 | Actor Steps = 137150 | Delta Dist = 12.348 | Delta Dist 10 = 10.832 | Delta Dist 100 = 10.687 | Delta Dist 1000 = 10.325 | Episode Length = 50 | Episode Return = 22.0 | Evaluator Episodes = 684 | Evaluator Steps = 34200 | Final Dist = 0.458 | Final Dist 10 = 1.975 | Final Dist 100 = 2.120 | Final Dist 1000 = 2.481 | Init Dist = 12.806 | Init Dist 10 = 12.806 | Init Dist 100 = 12.806 | Init Dist 1000 = 12.806 | Learner Steps = 1987 | Learner Walltime = 403.607 | Min Dist = 0.200 | Min Dist 10 = 0.946 | Min Dist 100 = 1.272 | Min Dist 1000 = 1.701 | Steps Per Second = 77.038 | Success = 1.000 | Success 1000 = 0.769
I0502 15:13:01.213986 139579566835264 terminal.py:91] [Evaluator] Actor Episodes = 2751 | Actor Steps = 137550 | Delta Dist = 11.511 | Delta Dist 10 = 10.952 | Delta Dist 100 = 10.696 | Delta Dist 1000 = 10.330 | Episode Length = 50 | Episode Return = 13.0 | Evaluator Episodes = 686 | Evaluator Steps = 34300 | Final Dist = 1.295 | Final Dist 10 = 1.854 | Final Dist 100 = 2.110 | Final Dist 1000 = 2.477 | Init Dist = 12.806 | Init Dist 10 = 12.806 | Init Dist 100 = 12.806 | Init Dist 1000 = 12.806 | Learner Steps = 1994 | Learner Walltime = 404.921 | Min Dist = 0.062 | Min Dist 10 = 0.897 | Min Dist 100 = 1.276 | Min Dist 1000 = 1.697 | Steps Per Second = 77.926 | Success = 1.000 | Success 1000 = 0.769
I0502 15:13:01.821584 139558059398720 terminal.py:91] [Actor] Actor Episodes = 2752 | Actor Steps = 137600 | Delta Dist = 4.538 | Delta Dist 10 = 3.252 | Delta Dist 100 = 3.929 | Delta Dist 1000 = 4.165 | Episode Length = 50 | Episode Return = 26.0 | Evaluator Episodes = 684 | Evaluator Steps = 34200 | Final Dist = 0.848 | Final Dist 10 = 1.523 | Final Dist 100 = 1.923 | Final Dist 1000 = 1.742 | Init Dist = 5.385 | Init Dist 10 = 4.774 | Init Dist 100 = 5.852 | Init Dist 1000 = 5.907 | Learner Steps = 1994 | Learner Walltime = 404.921 | Min Dist = 0.622 | Min Dist 10 = 0.102 | Min Dist 100 = 0.352 | Min Dist 1000 = 0.247 | Steps Per Second = 81.928 | Success = 1.000 | Success 1000 = 0.987
I0502 15:13:02.405527 139579566835264 terminal.py:91] [Evaluator] Actor Episodes = 2757 | Actor Steps = 137850 | Delta Dist = 3.906 | Delta Dist 10 = 10.991 | Delta Dist 100 = 10.698 | Delta Dist 1000 = 10.334 | Episode Length = 50 | Episode Return = 0.0 | Evaluator Episodes = 688 | Evaluator Steps = 34400 | Final Dist = 8.900 | Final Dist 10 = 1.815 | Final Dist 100 = 2.109 | Final Dist 1000 = 2.473 | Init Dist = 12.806 | Init Dist 10 = 12.806 | Init Dist 100 = 12.806 | Init Dist 1000 = 12.806 | Learner Steps = 2001 | Learner Walltime = 406.149 | Min Dist = 7.379 | Min Dist 10 = 0.911 | Min Dist 100 = 1.283 | Min Dist 1000 = 1.694 | Steps Per Second = 84.387 | Success = 0.000 | Success 1000 = 0.770
I0502 15:13:03.577207 139579566835264 terminal.py:91] [Evaluator] Actor Episodes = 2765 | Actor Steps = 138250 | Delta Dist = 12.031 | Delta Dist 10 = 10.286 | Delta Dist 100 = 10.610 | Delta Dist 1000 = 10.326 | Episode Length = 50 | Episode Return = 9.0 | Evaluator Episodes = 690 | Evaluator Steps = 34500 | Final Dist = 0.775 | Final Dist 10 = 2.520 | Final Dist 100 = 2.196 | Final Dist 1000 = 2.480 | Init Dist = 12.806 | Init Dist 10 = 12.806 | Init Dist 100 = 12.806 | Init Dist 1000 = 12.806 | Learner Steps = 2006 | Learner Walltime = 407.152 | Min Dist = 0.228 | Min Dist 10 = 1.659 | Min Dist 100 = 1.359 | Min Dist 1000 = 1.700 | Steps Per Second = 84.658 | Success = 1.000 | Success 1000 = 0.769
I0502 15:13:04.811392 139555013154368 terminal.py:91] [Learner] Actor Episodes = 2774 | Actor Loss = 3.811923027038574 | Actor Steps = 138700 | Binary Accuracy = 0.9958312511444092 | Categorical Accuracy = 0.36376953125 | Critic Loss = 2.2670440673828125 | Entropy Mean = -15.411800384521484 | Evaluator Episodes = 690 | Evaluator Steps = 34500 | Learner Steps = 2015 | Learner Walltime = 409.007 | Logits Neg = -15.516508102416992 | Logits Pos = -2.244525671005249 | Logsumexp = 1.2549289464950562 | Steps Per Second = 122.615
I0502 15:13:04.887285 139579566835264 terminal.py:91] [Evaluator] Actor Episodes = 2774 | Actor Steps = 138700 | Delta Dist = 11.395 | Delta Dist 10 = 10.233 | Delta Dist 100 = 10.609 | Delta Dist 1000 = 10.330 | Episode Length = 50 | Episode Return = 24.0 | Evaluator Episodes = 692 | Evaluator Steps = 34600 | Final Dist = 1.412 | Final Dist 10 = 2.574 | Final Dist 100 = 2.198 | Final Dist 1000 = 2.476 | Init Dist = 12.806 | Init Dist 10 = 12.806 | Init Dist 100 = 12.806 | Init Dist 1000 = 12.806 | Learner Steps = 2012 | Learner Walltime = 408.371 | Min Dist = 0.302 | Min Dist 10 = 1.664 | Min Dist 100 = 1.358 | Min Dist 1000 = 1.695 | Steps Per Second = 78.817 | Success = 1.000 | Success 1000 = 0.770
I0502 15:13:05.305475 139584504182336 lp_utils.py:96] StepsLimiter: Reached 139000 recorded steps
I0502 15:13:06.206727 139579566835264 terminal.py:91] [Evaluator] Actor Episodes = 2782 | Actor Steps = 139100 | Delta Dist = 11.774 | Delta Dist 10 = 11.036 | Delta Dist 100 = 10.697 | Delta Dist 1000 = 10.335 | Episode Length = 50 | Episode Return = 8.0 | Evaluator Episodes = 694 | Evaluator Steps = 34700 | Final Dist = 1.032 | Final Dist 10 = 1.771 | Final Dist 100 = 2.109 | Final Dist 1000 = 2.471 | Init Dist = 12.806 | Init Dist 10 = 12.806 | Init Dist 100 = 12.806 | Init Dist 1000 = 12.806 | Learner Steps = 2018 | Learner Walltime = 409.576 | Min Dist = 0.322 | Min Dist 10 = 0.998 | Min Dist 100 = 1.287 | Min Dist 1000 = 1.691 | Steps Per Second = 77.179 | Success = 1.000 | Success 1000 = 0.771
I0502 15:13:07.546535 139579566835264 terminal.py:91] [Evaluator] Actor Episodes = 2790 | Actor Steps = 139500 | Delta Dist = 12.290 | Delta Dist 10 = 11.049 | Delta Dist 100 = 10.789 | Delta Dist 1000 = 10.340 | Episode Length = 50 | Episode Return = 37.0 | Evaluator Episodes = 696 | Evaluator Steps = 34800 | Final Dist = 0.516 | Final Dist 10 = 1.758 | Final Dist 100 = 2.018 | Final Dist 1000 = 2.466 | Init Dist = 12.806 | Init Dist 10 = 12.806 | Init Dist 100 = 12.806 | Init Dist 1000 = 12.806 | Learner Steps = 2024 | Learner Walltime = 410.606 | Min Dist = 0.114 | Min Dist 10 = 0.981 | Min Dist 100 = 1.206 | Min Dist 1000 = 1.687 | Steps Per Second = 87.730 | Success = 1.000 | Success 1000 = 0.771
I0502 15:13:08.721694 139569349502528 terminal.py:91] [Actor] Actor Episodes = 2800 | Actor Steps = 140000 | Delta Dist = 4.420 | Delta Dist 10 = 3.396 | Delta Dist 100 = 4.163 | Delta Dist 1000 = 4.175 | Episode Length = 50 | Episode Return = 36.0 | Evaluator Episodes = 696 | Evaluator Steps = 34800 | Final Dist = 0.679 | Final Dist 10 = 1.321 | Final Dist 100 = 1.836 | Final Dist 1000 = 1.759 | Init Dist = 5.099 | Init Dist 10 = 4.717 | Init Dist 100 = 5.998 | Init Dist 1000 = 5.934 | Learner Steps = 2029 | Learner Walltime = 411.914 | Min Dist = 0.165 | Min Dist 10 = 0.123 | Min Dist 100 = 0.291 | Min Dist 1000 = 0.249 | Steps Per Second = 82.827 | Success = 1.000 | Success 1000 = 0.987
I0502 15:13:08.797692 139579566835264 terminal.py:91] [Evaluator] Actor Episodes = 2800 | Actor Steps = 140000 | Delta Dist = 4.080 | Delta Dist 10 = 10.339 | Delta Dist 100 = 10.854 | Delta Dist 1000 = 10.334 | Episode Length = 50 | Episode Return = 0.0 | Evaluator Episodes = 698 | Evaluator Steps = 34900 | Final Dist = 8.726 | Final Dist 10 = 2.467 | Final Dist 100 = 1.952 | Final Dist 1000 = 2.473 | Init Dist = 12.806 | Init Dist 10 = 12.806 | Init Dist 100 = 12.806 | Init Dist 1000 = 12.806 | Learner Steps = 2029 | Learner Walltime = 411.914 | Min Dist = 7.404 | Min Dist 10 = 1.608 | Min Dist 100 = 1.139 | Min Dist 1000 = 1.692 | Steps Per Second = 83.371 | Success = 0.000 | Success 1000 = 0.770
I0502 15:13:09.796009 139557462840896 terminal.py:91] [Actor] Actor Episodes = 2803 | Actor Steps = 140150 | Delta Dist = 7.187 | Delta Dist 10 = 3.589 | Delta Dist 100 = 4.067 | Delta Dist 1000 = 4.172 | Episode Length = 50 | Episode Return = 36.0 | Evaluator Episodes = 698 | Evaluator Steps = 34900 | Final Dist = 1.059 | Final Dist 10 = 1.525 | Final Dist 100 = 1.889 | Final Dist 1000 = 1.756 | Init Dist = 8.246 | Init Dist 10 = 5.114 | Init Dist 100 = 5.956 | Init Dist 1000 = 5.928 | Learner Steps = 2029 | Learner Walltime = 411.914 | Min Dist = 0.116 | Min Dist 10 = 0.174 | Min Dist 100 = 0.284 | Min Dist 1000 = 0.248 | Steps Per Second = 52.216 | Success = 1.000 | Success 1000 = 0.987
I0502 15:13:10.416234 139579566835264 terminal.py:91] [Evaluator] Actor Episodes = 2808 | Actor Steps = 140400 | Delta Dist = 12.041 | Delta Dist 10 = 10.346 | Delta Dist 100 = 10.783 | Delta Dist 1000 = 10.327 | Episode Length = 50 | Episode Return = 5.0 | Evaluator Episodes = 700 | Evaluator Steps = 35000 | Final Dist = 0.766 | Final Dist 10 = 2.460 | Final Dist 100 = 2.023 | Final Dist 1000 = 2.480 | Init Dist = 12.806 | Init Dist 10 = 12.806 | Init Dist 100 = 12.806 | Init Dist 1000 = 12.806 | Learner Steps = 2040 | Learner Walltime = 414.203 | Min Dist = 0.433 | Min Dist 10 = 1.589 | Min Dist 100 = 1.202 | Min Dist 1000 = 1.698 | Steps Per Second = 74.691 | Success = 1.000 | Success 1000 = 0.770
I0502 15:13:10.430453 139555860620864 terminal.py:91] [Actor] Actor Episodes = 2806 | Actor Steps = 140300 | Delta Dist = 8.580 | Delta Dist 10 = 5.169 | Delta Dist 100 = 4.164 | Delta Dist 1000 = 4.182 | Episode Length = 50 | Episode Return = 45.0 | Evaluator Episodes = 698 | Evaluator Steps = 34900 | Final Dist = 0.022 | Final Dist 10 = 1.375 | Final Dist 100 = 1.775 | Final Dist 1000 = 1.755 | Init Dist = 8.602 | Init Dist 10 = 6.545 | Init Dist 100 = 5.938 | Init Dist 1000 = 5.937 | Learner Steps = 2036 | Learner Walltime = 413.045 | Min Dist = 0.022 | Min Dist 10 = 0.144 | Min Dist 100 = 0.204 | Min Dist 1000 = 0.247 | Steps Per Second = 93.028 | Success = 1.000 | Success 1000 = 0.987
I0502 15:13:11.714762 139579566835264 terminal.py:91] [Evaluator] Actor Episodes = 2817 | Actor Steps = 140850 | Delta Dist = 10.561 | Delta Dist 10 = 10.384 | Delta Dist 100 = 10.779 | Delta Dist 1000 = 10.331 | Episode Length = 50 | Episode Return = 5.0 | Evaluator Episodes = 702 | Evaluator Steps = 35100 | Final Dist = 2.245 | Final Dist 10 = 2.422 | Final Dist 100 = 2.027 | Final Dist 1000 = 2.475 | Init Dist = 12.806 | Init Dist 10 = 12.806 | Init Dist 100 = 12.806 | Init Dist 1000 = 12.806 | Learner Steps = 2046 | Learner Walltime = 415.431 | Min Dist = 0.084 | Min Dist 10 = 1.603 | Min Dist 100 = 1.201 | Min Dist 1000 = 1.694 | Steps Per Second = 75.479 | Success = 1.000 | Success 1000 = 0.770
I0502 15:13:12.370783 139558059398720 terminal.py:91] [Actor] Actor Episodes = 2822 | Actor Steps = 141100 | Delta Dist = 1.130 | Delta Dist 10 = 4.179 | Delta Dist 100 = 4.185 | Delta Dist 1000 = 4.182 | Episode Length = 50 | Episode Return = 29.0 | Evaluator Episodes = 702 | Evaluator Steps = 35100 | Final Dist = 0.870 | Final Dist 10 = 1.504 | Final Dist 100 = 1.720 | Final Dist 1000 = 1.762 | Init Dist = 2.000 | Init Dist 10 = 5.683 | Init Dist 100 = 5.905 | Init Dist 1000 = 5.943 | Learner Steps = 2046 | Learner Walltime = 415.431 | Min Dist = 0.870 | Min Dist 10 = 1.193 | Min Dist 100 = 0.255 | Min Dist 1000 = 0.257 | Steps Per Second = 86.874 | Success = 1.000 | Success 1000 = 0.988
I0502 15:13:12.903376 139579566835264 terminal.py:91] [Evaluator] Actor Episodes = 2825 | Actor Steps = 141250 | Delta Dist = 12.181 | Delta Dist 10 = 10.237 | Delta Dist 100 = 10.766 | Delta Dist 1000 = 10.334 | Episode Length = 50 | Episode Return = 21.0 | Evaluator Episodes = 704 | Evaluator Steps = 35200 | Final Dist = 0.625 | Final Dist 10 = 2.570 | Final Dist 100 = 2.040 | Final Dist 1000 = 2.472 | Init Dist = 12.806 | Init Dist 10 = 12.806 | Init Dist 100 = 12.806 | Init Dist 1000 = 12.806 | Learner Steps = 2051 | Learner Walltime = 416.474 | Min Dist = 0.463 | Min Dist 10 = 1.588 | Min Dist 100 = 1.201 | Min Dist 1000 = 1.690 | Steps Per Second = 85.228 | Success = 1.000 | Success 1000 = 0.771
I0502 15:13:14.167881 139579566835264 terminal.py:91] [Evaluator] Actor Episodes = 2834 | Actor Steps = 141700 | Delta Dist = 11.354 | Delta Dist 10 = 10.220 | Delta Dist 100 = 10.767 | Delta Dist 1000 = 10.338 | Episode Length = 50 | Episode Return = 23.0 | Evaluator Episodes = 706 | Evaluator Steps = 35300 | Final Dist = 1.452 | Final Dist 10 = 2.586 | Final Dist 100 = 2.039 | Final Dist 1000 = 2.468 | Init Dist = 12.806 | Init Dist 10 = 12.806 | Init Dist 100 = 12.806 | Init Dist 1000 = 12.806 | Learner Steps = 2058 | Learner Walltime = 417.671 | Min Dist = 0.039 | Min Dist 10 = 1.603 | Min Dist 100 = 1.204 | Min Dist 1000 = 1.686 | Steps Per Second = 77.381 | Success = 1.000 | Success 1000 = 0.772
I0502 15:13:14.872310 139555013154368 terminal.py:91] [Learner] Actor Episodes = 2838 | Actor Loss = 3.8143508434295654 | Actor Steps = 141900 | Binary Accuracy = 0.9958055019378662 | Categorical Accuracy = 0.35894775390625 | Critic Loss = 2.282672882080078 | Entropy Mean = -11.639884948730469 | Evaluator Episodes = 706 | Evaluator Steps = 35300 | Learner Steps = 2065 | Learner Walltime = 419.065 | Logits Neg = -15.472057342529297 | Logits Pos = -2.2823848724365234 | Logsumexp = 1.422469973564148 | Steps Per Second = 152.132
I0502 15:13:15.384421 139584504182336 lp_utils.py:96] StepsLimiter: Reached 142100 recorded steps
I0502 15:13:15.483456 139579566835264 terminal.py:91] [Evaluator] Actor Episodes = 2844 | Actor Steps = 142200 | Delta Dist = 11.804 | Delta Dist 10 = 10.899 | Delta Dist 100 = 10.777 | Delta Dist 1000 = 10.342 | Episode Length = 50 | Episode Return = 8.0 | Evaluator Episodes = 708 | Evaluator Steps = 35400 | Final Dist = 1.003 | Final Dist 10 = 1.907 | Final Dist 100 = 2.029 | Final Dist 1000 = 2.465 | Init Dist = 12.806 | Init Dist 10 = 12.806 | Init Dist 100 = 12.806 | Init Dist 1000 = 12.806 | Learner Steps = 2065 | Learner Walltime = 419.065 | Min Dist = 0.328 | Min Dist 10 = 0.988 | Min Dist 100 = 1.207 | Min Dist 1000 = 1.682 | Steps Per Second = 76.556 | Success = 1.000 | Success 1000 = 0.772
I0502 15:13:16.741167 139579566835264 terminal.py:91] [Evaluator] Actor Episodes = 2852 | Actor Steps = 142600 | Delta Dist = 12.145 | Delta Dist 10 = 11.705 | Delta Dist 100 = 10.782 | Delta Dist 1000 = 10.346 | Episode Length = 50 | Episode Return = 6.0 | Evaluator Episodes = 710 | Evaluator Steps = 35500 | Final Dist = 0.662 | Final Dist 10 = 1.101 | Final Dist 100 = 2.024 | Final Dist 1000 = 2.460 | Init Dist = 12.806 | Init Dist 10 = 12.806 | Init Dist 100 = 12.806 | Init Dist 1000 = 12.806 | Learner Steps = 2071 | Learner Walltime = 420.077 | Min Dist = 0.037 | Min Dist 10 = 0.301 | Min Dist 100 = 1.210 | Min Dist 1000 = 1.679 | Steps Per Second = 78.613 | Success = 1.000 | Success 1000 = 0.773
I0502 15:13:17.966557 139579566835264 terminal.py:91] [Evaluator] Actor Episodes = 2862 | Actor Steps = 143100 | Delta Dist = 11.098 | Delta Dist 10 = 11.743 | Delta Dist 100 = 10.792 | Delta Dist 1000 = 10.351 | Episode Length = 50 | Episode Return = 0.0 | Evaluator Episodes = 712 | Evaluator Steps = 35600 | Final Dist = 1.709 | Final Dist 10 = 1.063 | Final Dist 100 = 2.014 | Final Dist 1000 = 2.455 | Init Dist = 12.806 | Init Dist 10 = 12.806 | Init Dist 100 = 12.806 | Init Dist 1000 = 12.806 | Learner Steps = 2076 | Learner Walltime = 421.175 | Min Dist = 1.637 | Min Dist 10 = 0.283 | Min Dist 100 = 1.190 | Min Dist 1000 = 1.674 | Steps Per Second = 81.446 | Success = 0.000 | Success 1000 = 0.774
I0502 15:13:18.725486 139569349502528 terminal.py:91] [Actor] Actor Episodes = 2864 | Actor Steps = 143200 | Delta Dist = 6.424 | Delta Dist 10 = 3.045 | Delta Dist 100 = 4.120 | Delta Dist 1000 = 4.194 | Episode Length = 50 | Episode Return = 41.0 | Evaluator Episodes = 712 | Evaluator Steps = 35600 | Final Dist = 0.788 | Final Dist 10 = 2.297 | Final Dist 100 = 1.742 | Final Dist 1000 = 1.734 | Init Dist = 7.211 | Init Dist 10 = 5.343 | Init Dist 100 = 5.861 | Init Dist 1000 = 5.928 | Learner Steps = 2083 | Learner Walltime = 422.378 | Min Dist = 0.047 | Min Dist 10 = 0.112 | Min Dist 100 = 0.358 | Min Dist 1000 = 0.260 | Steps Per Second = 78.098 | Success = 1.000 | Success 1000 = 0.990
I0502 15:13:19.259441 139579566835264 terminal.py:91] [Evaluator] Actor Episodes = 2870 | Actor Steps = 143500 | Delta Dist = 11.583 | Delta Dist 10 = 11.738 | Delta Dist 100 = 10.792 | Delta Dist 1000 = 10.354 | Episode Length = 50 | Episode Return = 13.0 | Evaluator Episodes = 714 | Evaluator Steps = 35700 | Final Dist = 1.223 | Final Dist 10 = 1.068 | Final Dist 100 = 2.014 | Final Dist 1000 = 2.453 | Init Dist = 12.806 | Init Dist 10 = 12.806 | Init Dist 100 = 12.806 | Init Dist 1000 = 12.806 | Learner Steps = 2088 | Learner Walltime = 423.412 | Min Dist = 0.438 | Min Dist 10 = 0.433 | Min Dist 100 = 1.205 | Min Dist 1000 = 1.672 | Steps Per Second = 75.851 | Success = 1.000 | Success 1000 = 0.773
I0502 15:13:20.397616 139557462840896 terminal.py:91] [Actor] Actor Episodes = 2878 | Actor Steps = 143900 | Delta Dist = -1.036 | Delta Dist 10 = 3.581 | Delta Dist 100 = 3.982 | Delta Dist 1000 = 4.211 | Episode Length = 50 | Episode Return = 0.0 | Evaluator Episodes = 714 | Evaluator Steps = 35700 | Final Dist = 6.135 | Final Dist 10 = 2.782 | Final Dist 100 = 1.944 | Final Dist 1000 = 1.735 | Init Dist = 5.099 | Init Dist 10 = 6.364 | Init Dist 100 = 5.927 | Init Dist 1000 = 5.946 | Learner Steps = 2093 | Learner Walltime = 424.437 | Min Dist = 2.481 | Min Dist 10 = 0.165 | Min Dist 100 = 0.362 | Min Dist 1000 = 0.258 | Steps Per Second = 71.952 | Success = 0.000 | Success 1000 = 0.990
I0502 15:13:20.503103 139579566835264 terminal.py:91] [Evaluator] Actor Episodes = 2878 | Actor Steps = 143900 | Delta Dist = 12.147 | Delta Dist 10 = 11.748 | Delta Dist 100 = 10.799 | Delta Dist 1000 = 10.358 | Episode Length = 50 | Episode Return = 14.0 | Evaluator Episodes = 716 | Evaluator Steps = 35800 | Final Dist = 0.659 | Final Dist 10 = 1.058 | Final Dist 100 = 2.007 | Final Dist 1000 = 2.448 | Init Dist = 12.806 | Init Dist 10 = 12.806 | Init Dist 100 = 12.806 | Init Dist 1000 = 12.806 | Learner Steps = 2093 | Learner Walltime = 424.437 | Min Dist = 0.370 | Min Dist 10 = 0.421 | Min Dist 100 = 1.207 | Min Dist 1000 = 1.668 | Steps Per Second = 72.218 | Success = 1.000 | Success 1000 = 0.773
I0502 15:13:20.694735 139555860620864 terminal.py:91] [Actor] Actor Episodes = 2875 | Actor Steps = 143750 | Delta Dist = 4.838 | Delta Dist 10 = 4.492 | Delta Dist 100 = 4.045 | Delta Dist 1000 = 4.209 | Episode Length = 50 | Episode Return = 22.0 | Evaluator Episodes = 714 | Evaluator Steps = 35700 | Final Dist = 0.261 | Final Dist 10 = 2.140 | Final Dist 100 = 1.825 | Final Dist 1000 = 1.735 | Init Dist = 5.099 | Init Dist 10 = 6.632 | Init Dist 100 = 5.870 | Init Dist 1000 = 5.944 | Learner Steps = 2088 | Learner Walltime = 423.412 | Min Dist = 0.069 | Min Dist 10 = 0.308 | Min Dist 100 = 0.375 | Min Dist 1000 = 0.259 | Steps Per Second = 76.346 | Success = 1.000 | Success 1000 = 0.989
I0502 15:13:20.738975 139583350109760 savers.py:156] Saving checkpoint: logs/contrastive_cpc_point_FourRooms_64/5dd72662-2788-11f0-b183-d85ed38c5779/checkpoints/learner
I0502 15:13:21.755741 139579566835264 terminal.py:91] [Evaluator] Actor Episodes = 2886 | Actor Steps = 144300 | Delta Dist = 11.818 | Delta Dist 10 = 11.718 | Delta Dist 100 = 10.803 | Delta Dist 1000 = 10.361 | Episode Length = 50 | Episode Return = 12.0 | Evaluator Episodes = 718 | Evaluator Steps = 35900 | Final Dist = 0.988 | Final Dist 10 = 1.088 | Final Dist 100 = 2.003 | Final Dist 1000 = 2.445 | Init Dist = 12.806 | Init Dist 10 = 12.806 | Init Dist 100 = 12.806 | Init Dist 1000 = 12.806 | Learner Steps = 2096 | Learner Walltime = 425.577 | Min Dist = 0.297 | Min Dist 10 = 0.560 | Min Dist 100 = 1.228 | Min Dist 1000 = 1.667 | Steps Per Second = 80.691 | Success = 1.000 | Success 1000 = 0.773
I0502 15:13:22.699194 139558059398720 terminal.py:91] [Actor] Actor Episodes = 2892 | Actor Steps = 144600 | Delta Dist = 1.674 | Delta Dist 10 = 4.081 | Delta Dist 100 = 4.131 | Delta Dist 1000 = 4.208 | Episode Length = 50 | Episode Return = 19.0 | Evaluator Episodes = 718 | Evaluator Steps = 35900 | Final Dist = 1.326 | Final Dist 10 = 1.051 | Final Dist 100 = 1.632 | Final Dist 1000 = 1.721 | Init Dist = 3.000 | Init Dist 10 = 5.132 | Init Dist 100 = 5.763 | Init Dist 1000 = 5.929 | Learner Steps = 2104 | Learner Walltime = 426.792 | Min Dist = 0.071 | Min Dist 10 = 0.066 | Min Dist 100 = 0.343 | Min Dist 1000 = 0.258 | Steps Per Second = 77.996 | Success = 1.000 | Success 1000 = 0.990
I0502 15:13:22.993767 139579566835264 terminal.py:91] [Evaluator] Actor Episodes = 2894 | Actor Steps = 144700 | Delta Dist = 11.452 | Delta Dist 10 = 11.279 | Delta Dist 100 = 10.768 | Delta Dist 1000 = 10.359 | Episode Length = 50 | Episode Return = 13.0 | Evaluator Episodes = 720 | Evaluator Steps = 36000 | Final Dist = 1.354 | Final Dist 10 = 1.528 | Final Dist 100 = 2.038 | Final Dist 1000 = 2.447 | Init Dist = 12.806 | Init Dist 10 = 12.806 | Init Dist 100 = 12.806 | Init Dist 1000 = 12.806 | Learner Steps = 2104 | Learner Walltime = 426.792 | Min Dist = 0.191 | Min Dist 10 = 1.048 | Min Dist 100 = 1.273 | Min Dist 1000 = 1.670 | Steps Per Second = 83.081 | Success = 1.000 | Success 1000 = 0.772
I0502 15:13:24.216078 139579566835264 terminal.py:91] [Evaluator] Actor Episodes = 2902 | Actor Steps = 145100 | Delta Dist = 11.441 | Delta Dist 10 = 11.233 | Delta Dist 100 = 10.768 | Delta Dist 1000 = 10.363 | Episode Length = 50 | Episode Return = 23.0 | Evaluator Episodes = 722 | Evaluator Steps = 36100 | Final Dist = 1.366 | Final Dist 10 = 1.573 | Final Dist 100 = 2.038 | Final Dist 1000 = 2.443 | Init Dist = 12.806 | Init Dist 10 = 12.806 | Init Dist 100 = 12.806 | Init Dist 1000 = 12.806 | Learner Steps = 2111 | Learner Walltime = 428.042 | Min Dist = 0.088 | Min Dist 10 = 1.085 | Min Dist 100 = 1.275 | Min Dist 1000 = 1.666 | Steps Per Second = 86.377 | Success = 1.000 | Success 1000 = 0.773
I0502 15:13:25.051151 139555013154368 terminal.py:91] [Learner] Actor Episodes = 2910 | Actor Loss = 3.9218249320983887 | Actor Steps = 145500 | Binary Accuracy = 0.9959380626678467 | Categorical Accuracy = 0.3780517578125 | Critic Loss = 2.2105607986450195 | Entropy Mean = -12.125007629394531 | Evaluator Episodes = 722 | Evaluator Steps = 36100 | Learner Steps = 2117 | Learner Walltime = 429.248 | Logits Neg = -16.12950897216797 | Logits Pos = -2.206109046936035 | Logsumexp = 1.2739222049713135 | Steps Per Second = 124.486
I0502 15:13:25.359898 139579566835264 terminal.py:91] [Evaluator] Actor Episodes = 2910 | Actor Steps = 145500 | Delta Dist = 11.384 | Delta Dist 10 = 11.291 | Delta Dist 100 = 10.838 | Delta Dist 1000 = 10.366 | Episode Length = 50 | Episode Return = 3.0 | Evaluator Episodes = 724 | Evaluator Steps = 36200 | Final Dist = 1.423 | Final Dist 10 = 1.515 | Final Dist 100 = 1.968 | Final Dist 1000 = 2.440 | Init Dist = 12.806 | Init Dist 10 = 12.806 | Init Dist 100 = 12.806 | Init Dist 1000 = 12.806 | Learner Steps = 2117 | Learner Walltime = 429.248 | Min Dist = 0.245 | Min Dist 10 = 0.927 | Min Dist 100 = 1.200 | Min Dist 1000 = 1.662 | Steps Per Second = 94.920 | Success = 1.000 | Success 1000 = 0.773
I0502 15:13:25.400157 139584504182336 lp_utils.py:96] StepsLimiter: Reached 145500 recorded steps
I0502 15:13:26.528747 139579566835264 terminal.py:91] [Evaluator] Actor Episodes = 2918 | Actor Steps = 145900 | Delta Dist = 11.869 | Delta Dist 10 = 11.227 | Delta Dist 100 = 10.823 | Delta Dist 1000 = 10.370 | Episode Length = 50 | Episode Return = 4.0 | Evaluator Episodes = 726 | Evaluator Steps = 36300 | Final Dist = 0.937 | Final Dist 10 = 1.579 | Final Dist 100 = 1.983 | Final Dist 1000 = 2.436 | Init Dist = 12.806 | Init Dist 10 = 12.806 | Init Dist 100 = 12.806 | Init Dist 1000 = 12.806 | Learner Steps = 2124 | Learner Walltime = 430.367 | Min Dist = 0.449 | Min Dist 10 = 0.922 | Min Dist 100 = 1.202 | Min Dist 1000 = 1.658 | Steps Per Second = 85.650 | Success = 1.000 | Success 1000 = 0.774
I0502 15:13:27.755446 139579566835264 terminal.py:91] [Evaluator] Actor Episodes = 2926 | Actor Steps = 146300 | Delta Dist = 11.584 | Delta Dist 10 = 11.356 | Delta Dist 100 = 10.827 | Delta Dist 1000 = 10.375 | Episode Length = 50 | Episode Return = 15.0 | Evaluator Episodes = 728 | Evaluator Steps = 36400 | Final Dist = 1.222 | Final Dist 10 = 1.451 | Final Dist 100 = 1.979 | Final Dist 1000 = 2.432 | Init Dist = 12.806 | Init Dist 10 = 12.806 | Init Dist 100 = 12.806 | Init Dist 1000 = 12.806 | Learner Steps = 2130 | Learner Walltime = 431.523 | Min Dist = 0.105 | Min Dist 10 = 0.734 | Min Dist 100 = 1.204 | Min Dist 1000 = 1.654 | Steps Per Second = 79.709 | Success = 1.000 | Success 1000 = 0.774
I0502 15:13:29.052725 139579566835264 terminal.py:91] [Evaluator] Actor Episodes = 2934 | Actor Steps = 146700 | Delta Dist = 12.107 | Delta Dist 10 = 11.404 | Delta Dist 100 = 10.859 | Delta Dist 1000 = 10.373 | Episode Length = 50 | Episode Return = 28.0 | Evaluator Episodes = 730 | Evaluator Steps = 36500 | Final Dist = 0.700 | Final Dist 10 = 1.402 | Final Dist 100 = 1.947 | Final Dist 1000 = 2.433 | Init Dist = 12.806 | Init Dist 10 = 12.806 | Init Dist 100 = 12.806 | Init Dist 1000 = 12.806 | Learner Steps = 2136 | Learner Walltime = 432.681 | Min Dist = 0.220 | Min Dist 10 = 0.608 | Min Dist 100 = 1.167 | Min Dist 1000 = 1.655 | Steps Per Second = 80.956 | Success = 1.000 | Success 1000 = 0.774
I0502 15:13:29.060506 139584635659840 savers.py:156] Saving checkpoint: logs/contrastive_cpc_point_FourRooms_64/5dd72662-2788-11f0-b183-d85ed38c5779/checkpoints/counter
I0502 15:13:29.124706 139569349502528 terminal.py:91] [Actor] Actor Episodes = 2933 | Actor Steps = 146650 | Delta Dist = 7.794 | Delta Dist 10 = 3.734 | Delta Dist 100 = 3.758 | Delta Dist 1000 = 4.170 | Episode Length = 50 | Episode Return = 19.0 | Evaluator Episodes = 728 | Evaluator Steps = 36400 | Final Dist = 0.268 | Final Dist 10 = 2.542 | Final Dist 100 = 2.015 | Final Dist 1000 = 1.740 | Init Dist = 8.062 | Init Dist 10 = 6.276 | Init Dist 100 = 5.774 | Init Dist 1000 = 5.910 | Learner Steps = 2136 | Learner Walltime = 432.681 | Min Dist = 0.015 | Min Dist 10 = 0.094 | Min Dist 100 = 0.202 | Min Dist 1000 = 0.251 | Steps Per Second = 85.089 | Success = 1.000 | Success 1000 = 0.989
I0502 15:13:30.331981 139579566835264 terminal.py:91] [Evaluator] Actor Episodes = 2942 | Actor Steps = 147100 | Delta Dist = 11.931 | Delta Dist 10 = 11.430 | Delta Dist 100 = 10.873 | Delta Dist 1000 = 10.378 | Episode Length = 50 | Episode Return = 14.0 | Evaluator Episodes = 732 | Evaluator Steps = 36600 | Final Dist = 0.875 | Final Dist 10 = 1.376 | Final Dist 100 = 1.934 | Final Dist 1000 = 2.428 | Init Dist = 12.806 | Init Dist 10 = 12.806 | Init Dist 100 = 12.806 | Init Dist 1000 = 12.806 | Learner Steps = 2143 | Learner Walltime = 433.936 | Min Dist = 0.222 | Min Dist 10 = 0.571 | Min Dist 100 = 1.169 | Min Dist 1000 = 1.651 | Steps Per Second = 76.488 | Success = 1.000 | Success 1000 = 0.774
I0502 15:13:30.529746 139557462840896 terminal.py:91] [Actor] Actor Episodes = 2943 | Actor Steps = 147150 | Delta Dist = 6.863 | Delta Dist 10 = 5.154 | Delta Dist 100 = 3.789 | Delta Dist 1000 = 4.182 | Episode Length = 50 | Episode Return = 28.0 | Evaluator Episodes = 730 | Evaluator Steps = 36500 | Final Dist = 0.417 | Final Dist 10 = 1.497 | Final Dist 100 = 2.005 | Final Dist 1000 = 1.734 | Init Dist = 7.280 | Init Dist 10 = 6.652 | Init Dist 100 = 5.793 | Init Dist 1000 = 5.916 | Learner Steps = 2143 | Learner Walltime = 433.936 | Min Dist = 0.350 | Min Dist 10 = 0.199 | Min Dist 100 = 0.199 | Min Dist 1000 = 0.252 | Steps Per Second = 69.974 | Success = 1.000 | Success 1000 = 0.989
I0502 15:13:30.906932 139555860620864 terminal.py:91] [Actor] Actor Episodes = 2944 | Actor Steps = 147200 | Delta Dist = 2.965 | Delta Dist 10 = 5.639 | Delta Dist 100 = 3.786 | Delta Dist 1000 = 4.187 | Episode Length = 50 | Episode Return = 23.0 | Evaluator Episodes = 732 | Evaluator Steps = 36600 | Final Dist = 1.278 | Final Dist 10 = 1.202 | Final Dist 100 = 2.022 | Final Dist 1000 = 1.735 | Init Dist = 4.243 | Init Dist 10 = 6.841 | Init Dist 100 = 5.808 | Init Dist 1000 = 5.921 | Learner Steps = 2143 | Learner Walltime = 433.936 | Min Dist = 0.050 | Min Dist 10 = 0.213 | Min Dist 100 = 0.201 | Min Dist 1000 = 0.252 | Steps Per Second = 79.030 | Success = 1.000 | Success 1000 = 0.989
I0502 15:13:31.534065 139579566835264 terminal.py:91] [Evaluator] Actor Episodes = 2950 | Actor Steps = 147500 | Delta Dist = 11.668 | Delta Dist 10 = 11.542 | Delta Dist 100 = 10.869 | Delta Dist 1000 = 10.383 | Episode Length = 50 | Episode Return = 19.0 | Evaluator Episodes = 734 | Evaluator Steps = 36700 | Final Dist = 1.138 | Final Dist 10 = 1.265 | Final Dist 100 = 1.937 | Final Dist 1000 = 2.424 | Init Dist = 12.806 | Init Dist 10 = 12.806 | Init Dist 100 = 12.806 | Init Dist 1000 = 12.806 | Learner Steps = 2148 | Learner Walltime = 435.211 | Min Dist = 0.082 | Min Dist 10 = 0.589 | Min Dist 100 = 1.169 | Min Dist 1000 = 1.647 | Steps Per Second = 85.046 | Success = 1.000 | Success 1000 = 0.775
I0502 15:13:32.738630 139579566835264 terminal.py:91] [Evaluator] Actor Episodes = 2958 | Actor Steps = 147900 | Delta Dist = 12.731 | Delta Dist 10 = 11.663 | Delta Dist 100 = 10.879 | Delta Dist 1000 = 10.387 | Episode Length = 50 | Episode Return = 22.0 | Evaluator Episodes = 736 | Evaluator Steps = 36800 | Final Dist = 0.075 | Final Dist 10 = 1.143 | Final Dist 100 = 1.928 | Final Dist 1000 = 2.419 | Init Dist = 12.806 | Init Dist 10 = 12.806 | Init Dist 100 = 12.806 | Init Dist 1000 = 12.806 | Learner Steps = 2155 | Learner Walltime = 436.377 | Min Dist = 0.075 | Min Dist 10 = 0.558 | Min Dist 100 = 1.169 | Min Dist 1000 = 1.643 | Steps Per Second = 81.484 | Success = 1.000 | Success 1000 = 0.776
I0502 15:13:33.142469 139558059398720 terminal.py:91] [Actor] Actor Episodes = 2960 | Actor Steps = 148000 | Delta Dist = 2.212 | Delta Dist 10 = 4.332 | Delta Dist 100 = 3.869 | Delta Dist 1000 = 4.186 | Episode Length = 50 | Episode Return = 0.0 | Evaluator Episodes = 736 | Evaluator Steps = 36800 | Final Dist = 5.068 | Final Dist 10 = 2.227 | Final Dist 100 = 2.038 | Final Dist 1000 = 1.735 | Init Dist = 7.280 | Init Dist 10 = 6.559 | Init Dist 100 = 5.906 | Init Dist 1000 = 5.922 | Learner Steps = 2155 | Learner Walltime = 436.377 | Min Dist = 0.001 | Min Dist 10 = 0.110 | Min Dist 100 = 0.185 | Min Dist 1000 = 0.246 | Steps Per Second = 109.761 | Success = 1.000 | Success 1000 = 0.989
I0502 15:13:33.984505 139579566835264 terminal.py:91] [Evaluator] Actor Episodes = 2966 | Actor Steps = 148300 | Delta Dist = 12.354 | Delta Dist 10 = 11.728 | Delta Dist 100 = 10.927 | Delta Dist 1000 = 10.393 | Episode Length = 50 | Episode Return = 22.0 | Evaluator Episodes = 738 | Evaluator Steps = 36900 | Final Dist = 0.452 | Final Dist 10 = 1.078 | Final Dist 100 = 1.879 | Final Dist 1000 = 2.413 | Init Dist = 12.806 | Init Dist 10 = 12.806 | Init Dist 100 = 12.806 | Init Dist 1000 = 12.806 | Learner Steps = 2161 | Learner Walltime = 437.480 | Min Dist = 0.228 | Min Dist 10 = 0.586 | Min Dist 100 = 1.137 | Min Dist 1000 = 1.639 | Steps Per Second = 84.057 | Success = 1.000 | Success 1000 = 0.776
I0502 15:13:35.064852 139555013154368 terminal.py:91] [Learner] Actor Episodes = 2966 | Actor Loss = 3.7845137119293213 | Actor Steps = 148300 | Binary Accuracy = 0.9958152770996094 | Categorical Accuracy = 0.37060546875 | Critic Loss = 2.2460339069366455 | Entropy Mean = -14.144172668457031 | Evaluator Episodes = 738 | Evaluator Steps = 36900 | Learner Steps = 2171 | Learner Walltime = 439.261 | Logits Neg = -15.508626937866211 | Logits Pos = -2.240431308746338 | Logsumexp = 1.3850880861282349 | Steps Per Second = 568.659
I0502 15:13:35.210118 139579566835264 terminal.py:91] [Evaluator] Actor Episodes = 2974 | Actor Steps = 148700 | Delta Dist = 12.404 | Delta Dist 10 = 12.117 | Delta Dist 100 = 10.930 | Delta Dist 1000 = 10.397 | Episode Length = 50 | Episode Return = 4.0 | Evaluator Episodes = 740 | Evaluator Steps = 37000 | Final Dist = 0.402 | Final Dist 10 = 0.690 | Final Dist 100 = 1.876 | Final Dist 1000 = 2.409 | Init Dist = 12.806 | Init Dist 10 = 12.806 | Init Dist 100 = 12.806 | Init Dist 1000 = 12.806 | Learner Steps = 2167 | Learner Walltime = 438.498 | Min Dist = 0.402 | Min Dist 10 = 0.191 | Min Dist 100 = 1.139 | Min Dist 1000 = 1.635 | Steps Per Second = 79.302 | Success = 1.000 | Success 1000 = 0.777
I0502 15:13:35.417412 139584504182336 lp_utils.py:96] StepsLimiter: Reached 148700 recorded steps
I0502 15:13:36.375009 139579566835264 terminal.py:91] [Evaluator] Actor Episodes = 2982 | Actor Steps = 149100 | Delta Dist = 11.993 | Delta Dist 10 = 12.085 | Delta Dist 100 = 10.924 | Delta Dist 1000 = 10.401 | Episode Length = 50 | Episode Return = 22.0 | Evaluator Episodes = 742 | Evaluator Steps = 37100 | Final Dist = 0.814 | Final Dist 10 = 0.721 | Final Dist 100 = 1.882 | Final Dist 1000 = 2.405 | Init Dist = 12.806 | Init Dist 10 = 12.806 | Init Dist 100 = 12.806 | Init Dist 1000 = 12.806 | Learner Steps = 2172 | Learner Walltime = 439.792 | Min Dist = 0.122 | Min Dist 10 = 0.326 | Min Dist 100 = 1.152 | Min Dist 1000 = 1.633 | Steps Per Second = 88.872 | Success = 1.000 | Success 1000 = 0.776
I0502 15:13:37.604614 139579566835264 terminal.py:91] [Evaluator] Actor Episodes = 2991 | Actor Steps = 149550 | Delta Dist = 11.598 | Delta Dist 10 = 12.015 | Delta Dist 100 = 10.924 | Delta Dist 1000 = 10.404 | Episode Length = 50 | Episode Return = 25.0 | Evaluator Episodes = 744 | Evaluator Steps = 37200 | Final Dist = 1.208 | Final Dist 10 = 0.791 | Final Dist 100 = 1.882 | Final Dist 1000 = 2.402 | Init Dist = 12.806 | Init Dist 10 = 12.806 | Init Dist 100 = 12.806 | Init Dist 1000 = 12.806 | Learner Steps = 2180 | Learner Walltime = 441.054 | Min Dist = 0.086 | Min Dist 10 = 0.340 | Min Dist 100 = 1.141 | Min Dist 1000 = 1.629 | Steps Per Second = 80.406 | Success = 1.000 | Success 1000 = 0.777
I0502 15:13:38.864883 139579566835264 terminal.py:91] [Evaluator] Actor Episodes = 2997 | Actor Steps = 149850 | Delta Dist = 8.622 | Delta Dist 10 = 11.882 | Delta Dist 100 = 10.925 | Delta Dist 1000 = 10.408 | Episode Length = 50 | Episode Return = 0.0 | Evaluator Episodes = 746 | Evaluator Steps = 37300 | Final Dist = 4.184 | Final Dist 10 = 0.925 | Final Dist 100 = 1.882 | Final Dist 1000 = 2.399 | Init Dist = 12.806 | Init Dist 10 = 12.806 | Init Dist 100 = 12.806 | Init Dist 1000 = 12.806 | Learner Steps = 2187 | Learner Walltime = 442.365 | Min Dist = 4.181 | Min Dist 10 = 0.341 | Min Dist 100 = 1.136 | Min Dist 1000 = 1.625 | Steps Per Second = 75.576 | Success = 0.000 | Success 1000 = 0.777
I0502 15:13:39.266813 139569349502528 terminal.py:91] [Actor] Actor Episodes = 3003 | Actor Steps = 150150 | Delta Dist = 9.000 | Delta Dist 10 = 3.684 | Delta Dist 100 = 4.149 | Delta Dist 1000 = 4.188 | Episode Length = 50 | Episode Return = 0.0 | Evaluator Episodes = 746 | Evaluator Steps = 37300 | Final Dist = 1.441 | Final Dist 10 = 2.128 | Final Dist 100 = 1.908 | Final Dist 1000 = 1.724 | Init Dist = 10.440 | Init Dist 10 = 5.813 | Init Dist 100 = 6.057 | Init Dist 1000 = 5.913 | Learner Steps = 2187 | Learner Walltime = 442.365 | Min Dist = 0.018 | Min Dist 10 = 0.300 | Min Dist 100 = 0.231 | Min Dist 1000 = 0.247 | Steps Per Second = 79.596 | Success = 1.000 | Success 1000 = 0.989
I0502 15:13:40.114038 139579566835264 terminal.py:91] [Evaluator] Actor Episodes = 3007 | Actor Steps = 150350 | Delta Dist = 12.455 | Delta Dist 10 = 11.448 | Delta Dist 100 = 10.884 | Delta Dist 1000 = 10.407 | Episode Length = 50 | Episode Return = 23.0 | Evaluator Episodes = 748 | Evaluator Steps = 37400 | Final Dist = 0.351 | Final Dist 10 = 1.359 | Final Dist 100 = 1.922 | Final Dist 1000 = 2.399 | Init Dist = 12.806 | Init Dist 10 = 12.806 | Init Dist 100 = 12.806 | Init Dist 1000 = 12.806 | Learner Steps = 2193 | Learner Walltime = 443.588 | Min Dist = 0.064 | Min Dist 10 = 0.694 | Min Dist 100 = 1.169 | Min Dist 1000 = 1.627 | Steps Per Second = 76.627 | Success = 1.000 | Success 1000 = 0.776
I0502 15:13:40.668698 139557462840896 terminal.py:91] [Actor] Actor Episodes = 3008 | Actor Steps = 150400 | Delta Dist = 5.332 | Delta Dist 10 = 4.520 | Delta Dist 100 = 4.159 | Delta Dist 1000 = 4.190 | Episode Length = 50 | Episode Return = 35.0 | Evaluator Episodes = 746 | Evaluator Steps = 37300 | Final Dist = 0.751 | Final Dist 10 = 1.744 | Final Dist 100 = 1.825 | Final Dist 1000 = 1.724 | Init Dist = 6.083 | Init Dist 10 = 6.264 | Init Dist 100 = 5.984 | Init Dist 1000 = 5.914 | Learner Steps = 2193 | Learner Walltime = 443.588 | Min Dist = 0.068 | Min Dist 10 = 0.102 | Min Dist 100 = 0.210 | Min Dist 1000 = 0.246 | Steps Per Second = 80.682 | Success = 1.000 | Success 1000 = 0.989
I0502 15:13:41.138844 139555860620864 terminal.py:91] [Actor] Actor Episodes = 3012 | Actor Steps = 150600 | Delta Dist = 0.546 | Delta Dist 10 = 4.003 | Delta Dist 100 = 4.154 | Delta Dist 1000 = 4.180 | Episode Length = 50 | Episode Return = 23.0 | Evaluator Episodes = 748 | Evaluator Steps = 37400 | Final Dist = 1.454 | Final Dist 10 = 2.319 | Final Dist 100 = 1.850 | Final Dist 1000 = 1.728 | Init Dist = 2.000 | Init Dist 10 = 6.322 | Init Dist 100 = 6.004 | Init Dist 1000 = 5.908 | Learner Steps = 2193 | Learner Walltime = 443.588 | Min Dist = 0.023 | Min Dist 10 = 0.119 | Min Dist 100 = 0.208 | Min Dist 1000 = 0.246 | Steps Per Second = 81.653 | Success = 1.000 | Success 1000 = 0.989
I0502 15:13:41.242510 139579566835264 terminal.py:91] [Evaluator] Actor Episodes = 3015 | Actor Steps = 150750 | Delta Dist = 11.577 | Delta Dist 10 = 11.564 | Delta Dist 100 = 10.907 | Delta Dist 1000 = 10.413 | Episode Length = 50 | Episode Return = 10.0 | Evaluator Episodes = 750 | Evaluator Steps = 37500 | Final Dist = 1.229 | Final Dist 10 = 1.242 | Final Dist 100 = 1.899 | Final Dist 1000 = 2.394 | Init Dist = 12.806 | Init Dist 10 = 12.806 | Init Dist 100 = 12.806 | Init Dist 1000 = 12.806 | Learner Steps = 2200 | Learner Walltime = 444.858 | Min Dist = 0.024 | Min Dist 10 = 0.701 | Min Dist 100 = 1.169 | Min Dist 1000 = 1.623 | Steps Per Second = 90.893 | Success = 1.000 | Success 1000 = 0.777
I0502 15:13:42.556412 139579566835264 terminal.py:91] [Evaluator] Actor Episodes = 3023 | Actor Steps = 151150 | Delta Dist = 12.388 | Delta Dist 10 = 11.593 | Delta Dist 100 = 10.901 | Delta Dist 1000 = 10.417 | Episode Length = 50 | Episode Return = 16.0 | Evaluator Episodes = 752 | Evaluator Steps = 37600 | Final Dist = 0.419 | Final Dist 10 = 1.213 | Final Dist 100 = 1.905 | Final Dist 1000 = 2.389 | Init Dist = 12.806 | Init Dist 10 = 12.806 | Init Dist 100 = 12.806 | Init Dist 1000 = 12.806 | Learner Steps = 2206 | Learner Walltime = 446.103 | Min Dist = 0.192 | Min Dist 10 = 0.557 | Min Dist 100 = 1.164 | Min Dist 1000 = 1.619 | Steps Per Second = 74.669 | Success = 1.000 | Success 1000 = 0.778
I0502 15:13:43.156697 139558059398720 terminal.py:91] [Actor] Actor Episodes = 3026 | Actor Steps = 151300 | Delta Dist = 7.960 | Delta Dist 10 = 4.661 | Delta Dist 100 = 4.410 | Delta Dist 1000 = 4.153 | Episode Length = 50 | Episode Return = 39.0 | Evaluator Episodes = 752 | Evaluator Steps = 37600 | Final Dist = 0.643 | Final Dist 10 = 0.990 | Final Dist 100 = 1.602 | Final Dist 1000 = 1.733 | Init Dist = 8.602 | Init Dist 10 = 5.651 | Init Dist 100 = 6.012 | Init Dist 1000 = 5.885 | Learner Steps = 2206 | Learner Walltime = 446.103 | Min Dist = 0.527 | Min Dist 10 = 0.211 | Min Dist 100 = 0.203 | Min Dist 1000 = 0.248 | Steps Per Second = 103.421 | Success = 1.000 | Success 1000 = 0.989
I0502 15:13:43.745053 139579566835264 terminal.py:91] [Evaluator] Actor Episodes = 3031 | Actor Steps = 151550 | Delta Dist = 11.809 | Delta Dist 10 = 11.723 | Delta Dist 100 = 10.999 | Delta Dist 1000 = 10.422 | Episode Length = 50 | Episode Return = 14.0 | Evaluator Episodes = 754 | Evaluator Steps = 37700 | Final Dist = 0.997 | Final Dist 10 = 1.084 | Final Dist 100 = 1.807 | Final Dist 1000 = 2.384 | Init Dist = 12.806 | Init Dist 10 = 12.806 | Init Dist 100 = 12.806 | Init Dist 1000 = 12.806 | Learner Steps = 2211 | Learner Walltime = 447.373 | Min Dist = 0.263 | Min Dist 10 = 0.551 | Min Dist 100 = 1.092 | Min Dist 1000 = 1.615 | Steps Per Second = 83.067 | Success = 1.000 | Success 1000 = 0.778
I0502 15:13:44.946302 139579566835264 terminal.py:91] [Evaluator] Actor Episodes = 3041 | Actor Steps = 152050 | Delta Dist = 11.459 | Delta Dist 10 = 11.742 | Delta Dist 100 = 11.073 | Delta Dist 1000 = 10.425 | Episode Length = 50 | Episode Return = 12.0 | Evaluator Episodes = 756 | Evaluator Steps = 37800 | Final Dist = 1.347 | Final Dist 10 = 1.064 | Final Dist 100 = 1.733 | Final Dist 1000 = 2.381 | Init Dist = 12.806 | Init Dist 10 = 12.806 | Init Dist 100 = 12.806 | Init Dist 1000 = 12.806 | Learner Steps = 2218 | Learner Walltime = 448.408 | Min Dist = 0.391 | Min Dist 10 = 0.583 | Min Dist 100 = 1.027 | Min Dist 1000 = 1.612 | Steps Per Second = 84.118 | Success = 1.000 | Success 1000 = 0.779
I0502 15:13:45.438724 139584504182336 lp_utils.py:96] StepsLimiter: Reached 152250 recorded steps
I0502 15:13:45.454182 139555013154368 terminal.py:91] [Learner] Actor Episodes = 3045 | Actor Loss = 3.896061897277832 | Actor Steps = 152250 | Binary Accuracy = 0.9959180355072021 | Categorical Accuracy = 0.37835693359375 | Critic Loss = 2.2012319564819336 | Entropy Mean = -14.760757446289062 | Evaluator Episodes = 756 | Evaluator Steps = 37800 | Learner Steps = 2224 | Learner Walltime = 449.644 | Logits Neg = -15.616273880004883 | Logits Pos = -2.193305015563965 | Logsumexp = 1.2951300144195557 | Steps Per Second = 157.833
I0502 15:13:45.997077 139579566835264 terminal.py:91] [Evaluator] Actor Episodes = 3047 | Actor Steps = 152350 | Delta Dist = 10.209 | Delta Dist 10 = 11.987 | Delta Dist 100 = 11.129 | Delta Dist 1000 = 10.428 | Episode Length = 50 | Episode Return = 0.0 | Evaluator Episodes = 758 | Evaluator Steps = 37900 | Final Dist = 2.597 | Final Dist 10 = 0.820 | Final Dist 100 = 1.678 | Final Dist 1000 = 2.378 | Init Dist = 12.806 | Init Dist 10 = 12.806 | Init Dist 100 = 12.806 | Init Dist 1000 = 12.806 | Learner Steps = 2224 | Learner Walltime = 449.644 | Min Dist = 2.597 | Min Dist 10 = 0.241 | Min Dist 100 = 0.959 | Min Dist 1000 = 1.608 | Steps Per Second = 105.200 | Success = 0.000 | Success 1000 = 0.779
I0502 15:13:47.157787 139579566835264 terminal.py:91] [Evaluator] Actor Episodes = 3055 | Actor Steps = 152750 | Delta Dist = 11.762 | Delta Dist 10 = 11.664 | Delta Dist 100 = 11.180 | Delta Dist 1000 = 10.429 | Episode Length = 50 | Episode Return = 24.0 | Evaluator Episodes = 760 | Evaluator Steps = 38000 | Final Dist = 1.044 | Final Dist 10 = 1.143 | Final Dist 100 = 1.626 | Final Dist 1000 = 2.377 | Init Dist = 12.806 | Init Dist 10 = 12.806 | Init Dist 100 = 12.806 | Init Dist 1000 = 12.806 | Learner Steps = 2230 | Learner Walltime = 450.714 | Min Dist = 0.247 | Min Dist 10 = 0.466 | Min Dist 100 = 0.915 | Min Dist 1000 = 1.608 | Steps Per Second = 87.422 | Success = 1.000 | Success 1000 = 0.779
I0502 15:13:48.413341 139579566835264 terminal.py:91] [Evaluator] Actor Episodes = 3063 | Actor Steps = 153150 | Delta Dist = 11.689 | Delta Dist 10 = 11.651 | Delta Dist 100 = 11.242 | Delta Dist 1000 = 10.433 | Episode Length = 50 | Episode Return = 18.0 | Evaluator Episodes = 762 | Evaluator Steps = 38100 | Final Dist = 1.117 | Final Dist 10 = 1.156 | Final Dist 100 = 1.564 | Final Dist 1000 = 2.373 | Init Dist = 12.806 | Init Dist 10 = 12.806 | Init Dist 100 = 12.806 | Init Dist 1000 = 12.806 | Learner Steps = 2236 | Learner Walltime = 451.814 | Min Dist = 0.276 | Min Dist 10 = 0.509 | Min Dist 100 = 0.847 | Min Dist 1000 = 1.604 | Steps Per Second = 74.801 | Success = 1.000 | Success 1000 = 0.779
I0502 15:13:49.570974 139579566835264 terminal.py:91] [Evaluator] Actor Episodes = 3073 | Actor Steps = 153650 | Delta Dist = 11.574 | Delta Dist 10 = 11.549 | Delta Dist 100 = 11.247 | Delta Dist 1000 = 10.437 | Episode Length = 50 | Episode Return = 12.0 | Evaluator Episodes = 764 | Evaluator Steps = 38200 | Final Dist = 1.232 | Final Dist 10 = 1.257 | Final Dist 100 = 1.560 | Final Dist 1000 = 2.369 | Init Dist = 12.806 | Init Dist 10 = 12.806 | Init Dist 100 = 12.806 | Init Dist 1000 = 12.806 | Learner Steps = 2243 | Learner Walltime = 452.936 | Min Dist = 0.468 | Min Dist 10 = 0.519 | Min Dist 100 = 0.831 | Min Dist 1000 = 1.601 | Steps Per Second = 88.565 | Success = 1.000 | Success 1000 = 0.780
I0502 15:13:49.621279 139569349502528 terminal.py:91] [Actor] Actor Episodes = 3070 | Actor Steps = 153500 | Delta Dist = 9.101 | Delta Dist 10 = 4.134 | Delta Dist 100 = 4.611 | Delta Dist 1000 = 4.206 | Episode Length = 50 | Episode Return = 42.0 | Evaluator Episodes = 762 | Evaluator Steps = 38100 | Final Dist = 0.333 | Final Dist 10 = 1.584 | Final Dist 100 = 1.373 | Final Dist 1000 = 1.701 | Init Dist = 9.434 | Init Dist 10 = 5.718 | Init Dist 100 = 5.984 | Init Dist 1000 = 5.907 | Learner Steps = 2243 | Learner Walltime = 452.936 | Min Dist = 0.005 | Min Dist 10 = 0.089 | Min Dist 100 = 0.214 | Min Dist 1000 = 0.242 | Steps Per Second = 83.993 | Success = 1.000 | Success 1000 = 0.989
I0502 15:13:50.779549 139579566835264 terminal.py:91] [Evaluator] Actor Episodes = 3081 | Actor Steps = 154050 | Delta Dist = 12.070 | Delta Dist 10 = 11.302 | Delta Dist 100 = 11.289 | Delta Dist 1000 = 10.437 | Episode Length = 50 | Episode Return = 16.0 | Evaluator Episodes = 766 | Evaluator Steps = 38300 | Final Dist = 0.737 | Final Dist 10 = 1.504 | Final Dist 100 = 1.517 | Final Dist 1000 = 2.370 | Init Dist = 12.806 | Init Dist 10 = 12.806 | Init Dist 100 = 12.806 | Init Dist 1000 = 12.806 | Learner Steps = 2249 | Learner Walltime = 454.123 | Min Dist = 0.173 | Min Dist 10 = 0.741 | Min Dist 100 = 0.796 | Min Dist 1000 = 1.600 | Steps Per Second = 80.564 | Success = 1.000 | Success 1000 = 0.779
I0502 15:13:51.187544 139557462840896 terminal.py:91] [Actor] Actor Episodes = 3080 | Actor Steps = 154000 | Delta Dist = 6.861 | Delta Dist 10 = 2.566 | Delta Dist 100 = 4.471 | Delta Dist 1000 = 4.187 | Episode Length = 50 | Episode Return = 23.0 | Evaluator Episodes = 764 | Evaluator Steps = 38200 | Final Dist = 0.210 | Final Dist 10 = 2.539 | Final Dist 100 = 1.466 | Final Dist 1000 = 1.718 | Init Dist = 7.071 | Init Dist 10 = 5.105 | Init Dist 100 = 5.937 | Init Dist 1000 = 5.904 | Learner Steps = 2249 | Learner Walltime = 454.123 | Min Dist = 0.084 | Min Dist 10 = 0.249 | Min Dist 100 = 0.195 | Min Dist 1000 = 0.244 | Steps Per Second = 89.973 | Success = 1.000 | Success 1000 = 0.988
I0502 15:13:51.551779 139555860620864 terminal.py:91] [Actor] Actor Episodes = 3084 | Actor Steps = 154200 | Delta Dist = 4.369 | Delta Dist 10 = 2.814 | Delta Dist 100 = 4.465 | Delta Dist 1000 = 4.180 | Episode Length = 50 | Episode Return = 27.0 | Evaluator Episodes = 766 | Evaluator Steps = 38300 | Final Dist = 0.103 | Final Dist 10 = 1.107 | Final Dist 100 = 1.490 | Final Dist 1000 = 1.711 | Init Dist = 4.472 | Init Dist 10 = 3.920 | Init Dist 100 = 5.956 | Init Dist 1000 = 5.891 | Learner Steps = 2249 | Learner Walltime = 454.123 | Min Dist = 0.026 | Min Dist 10 = 0.207 | Min Dist 100 = 0.195 | Min Dist 1000 = 0.243 | Steps Per Second = 87.058 | Success = 1.000 | Success 1000 = 0.988
I0502 15:13:51.986620 139579566835264 terminal.py:91] [Evaluator] Actor Episodes = 3089 | Actor Steps = 154450 | Delta Dist = 11.464 | Delta Dist 10 = 11.442 | Delta Dist 100 = 11.302 | Delta Dist 1000 = 10.441 | Episode Length = 50 | Episode Return = 0.0 | Evaluator Episodes = 768 | Evaluator Steps = 38400 | Final Dist = 1.342 | Final Dist 10 = 1.365 | Final Dist 100 = 1.504 | Final Dist 1000 = 2.365 | Init Dist = 12.806 | Init Dist 10 = 12.806 | Init Dist 100 = 12.806 | Init Dist 1000 = 12.806 | Learner Steps = 2255 | Learner Walltime = 455.289 | Min Dist = 1.029 | Min Dist 10 = 0.677 | Min Dist 100 = 0.795 | Min Dist 1000 = 1.596 | Steps Per Second = 83.436 | Success = 0.000 | Success 1000 = 0.780
I0502 15:13:53.103507 139579566835264 terminal.py:91] [Evaluator] Actor Episodes = 3097 | Actor Steps = 154850 | Delta Dist = 11.617 | Delta Dist 10 = 11.634 | Delta Dist 100 = 11.331 | Delta Dist 1000 = 10.445 | Episode Length = 50 | Episode Return = 23.0 | Evaluator Episodes = 770 | Evaluator Steps = 38500 | Final Dist = 1.189 | Final Dist 10 = 1.172 | Final Dist 100 = 1.475 | Final Dist 1000 = 2.362 | Init Dist = 12.806 | Init Dist 10 = 12.806 | Init Dist 100 = 12.806 | Init Dist 1000 = 12.806 | Learner Steps = 2261 | Learner Walltime = 456.505 | Min Dist = 0.174 | Min Dist 10 = 0.516 | Min Dist 100 = 0.763 | Min Dist 1000 = 1.594 | Steps Per Second = 86.487 | Success = 1.000 | Success 1000 = 0.779
I0502 15:13:53.675717 139558059398720 terminal.py:91] [Actor] Actor Episodes = 3098 | Actor Steps = 154900 | Delta Dist = 3.512 | Delta Dist 10 = 2.620 | Delta Dist 100 = 4.257 | Delta Dist 1000 = 4.167 | Episode Length = 50 | Episode Return = 35.0 | Evaluator Episodes = 768 | Evaluator Steps = 38400 | Final Dist = 0.730 | Final Dist 10 = 2.370 | Final Dist 100 = 1.561 | Final Dist 1000 = 1.724 | Init Dist = 4.243 | Init Dist 10 = 4.989 | Init Dist 100 = 5.818 | Init Dist 1000 = 5.891 | Learner Steps = 2261 | Learner Walltime = 456.505 | Min Dist = 0.730 | Min Dist 10 = 0.099 | Min Dist 100 = 0.164 | Min Dist 1000 = 0.243 | Steps Per Second = 83.254 | Success = 1.000 | Success 1000 = 0.988
I0502 15:13:54.260043 139579566835264 terminal.py:91] [Evaluator] Actor Episodes = 3103 | Actor Steps = 155150 | Delta Dist = 12.215 | Delta Dist 10 = 11.551 | Delta Dist 100 = 11.333 | Delta Dist 1000 = 10.447 | Episode Length = 50 | Episode Return = 14.0 | Evaluator Episodes = 772 | Evaluator Steps = 38600 | Final Dist = 0.592 | Final Dist 10 = 1.255 | Final Dist 100 = 1.474 | Final Dist 1000 = 2.359 | Init Dist = 12.806 | Init Dist 10 = 12.806 | Init Dist 100 = 12.806 | Init Dist 1000 = 12.806 | Learner Steps = 2268 | Learner Walltime = 457.640 | Min Dist = 0.331 | Min Dist 10 = 0.547 | Min Dist 100 = 0.766 | Min Dist 1000 = 1.591 | Steps Per Second = 85.017 | Success = 1.000 | Success 1000 = 0.780
I0502 15:13:55.454473 139579566835264 terminal.py:91] [Evaluator] Actor Episodes = 3111 | Actor Steps = 155550 | Delta Dist = 12.308 | Delta Dist 10 = 11.523 | Delta Dist 100 = 11.348 | Delta Dist 1000 = 10.451 | Episode Length = 50 | Episode Return = 1.0 | Evaluator Episodes = 774 | Evaluator Steps = 38700 | Final Dist = 0.499 | Final Dist 10 = 1.283 | Final Dist 100 = 1.458 | Final Dist 1000 = 2.355 | Init Dist = 12.806 | Init Dist 10 = 12.806 | Init Dist 100 = 12.806 | Init Dist 1000 = 12.806 | Learner Steps = 2274 | Learner Walltime = 458.669 | Min Dist = 0.499 | Min Dist 10 = 0.556 | Min Dist 100 = 0.745 | Min Dist 1000 = 1.587 | Steps Per Second = 79.638 | Success = 1.000 | Success 1000 = 0.780
I0502 15:13:55.456887 139584504182336 lp_utils.py:96] StepsLimiter: Reached 155550 recorded steps
I0502 15:13:55.487102 139555013154368 terminal.py:91] [Learner] Actor Episodes = 3111 | Actor Loss = 3.816357135772705 | Actor Steps = 155550 | Binary Accuracy = 0.9958760738372803 | Categorical Accuracy = 0.376708984375 | Critic Loss = 2.20247483253479 | Entropy Mean = -13.69284439086914 | Evaluator Episodes = 774 | Evaluator Steps = 38700 | Learner Steps = 2279 | Learner Walltime = 459.679 | Logits Neg = -15.57485580444336 | Logits Pos = -2.2081592082977295 | Logsumexp = 1.322767734527588 | Steps Per Second = 222.538
I0502 15:13:56.834059 139579566835264 terminal.py:91] [Evaluator] Actor Episodes = 3121 | Actor Steps = 156050 | Delta Dist = 11.353 | Delta Dist 10 = 11.523 | Delta Dist 100 = 11.331 | Delta Dist 1000 = 10.451 | Episode Length = 50 | Episode Return = 16.0 | Evaluator Episodes = 776 | Evaluator Steps = 38800 | Final Dist = 1.453 | Final Dist 10 = 1.283 | Final Dist 100 = 1.475 | Final Dist 1000 = 2.356 | Init Dist = 12.806 | Init Dist 10 = 12.806 | Init Dist 100 = 12.806 | Init Dist 1000 = 12.806 | Learner Steps = 2284 | Learner Walltime = 460.680 | Min Dist = 0.067 | Min Dist 10 = 0.751 | Min Dist 100 = 0.780 | Min Dist 1000 = 1.589 | Steps Per Second = 70.474 | Success = 1.000 | Success 1000 = 0.779
I0502 15:13:58.143041 139579566835264 terminal.py:91] [Evaluator] Actor Episodes = 3129 | Actor Steps = 156450 | Delta Dist = 8.465 | Delta Dist 10 = 11.332 | Delta Dist 100 = 11.324 | Delta Dist 1000 = 10.453 | Episode Length = 50 | Episode Return = 0.0 | Evaluator Episodes = 778 | Evaluator Steps = 38900 | Final Dist = 4.341 | Final Dist 10 = 1.474 | Final Dist 100 = 1.482 | Final Dist 1000 = 2.354 | Init Dist = 12.806 | Init Dist 10 = 12.806 | Init Dist 100 = 12.806 | Init Dist 1000 = 12.806 | Learner Steps = 2289 | Learner Walltime = 461.727 | Min Dist = 4.176 | Min Dist 10 = 0.907 | Min Dist 100 = 0.791 | Min Dist 1000 = 1.587 | Steps Per Second = 77.089 | Success = 0.000 | Success 1000 = 0.779
I0502 15:13:59.422008 139579566835264 terminal.py:91] [Evaluator] Actor Episodes = 3137 | Actor Steps = 156850 | Delta Dist = 12.077 | Delta Dist 10 = 10.988 | Delta Dist 100 = 11.299 | Delta Dist 1000 = 10.452 | Episode Length = 50 | Episode Return = 14.0 | Evaluator Episodes = 780 | Evaluator Steps = 39000 | Final Dist = 0.729 | Final Dist 10 = 1.818 | Final Dist 100 = 1.507 | Final Dist 1000 = 2.355 | Init Dist = 12.806 | Init Dist 10 = 12.806 | Init Dist 100 = 12.806 | Init Dist 1000 = 12.806 | Learner Steps = 2294 | Learner Walltime = 462.864 | Min Dist = 0.251 | Min Dist 10 = 1.330 | Min Dist 100 = 0.841 | Min Dist 1000 = 1.590 | Steps Per Second = 85.870 | Success = 1.000 | Success 1000 = 0.777
I0502 15:13:59.928106 139569349502528 terminal.py:91] [Actor] Actor Episodes = 3141 | Actor Steps = 157050 | Delta Dist = 5.021 | Delta Dist 10 = 5.148 | Delta Dist 100 = 3.791 | Delta Dist 1000 = 4.108 | Episode Length = 50 | Episode Return = 49.0 | Evaluator Episodes = 780 | Evaluator Steps = 39000 | Final Dist = 0.364 | Final Dist 10 = 0.765 | Final Dist 100 = 1.520 | Final Dist 1000 = 1.736 | Init Dist = 5.385 | Init Dist 10 = 5.716 | Init Dist 100 = 5.328 | Init Dist 1000 = 5.839 | Learner Steps = 2300 | Learner Walltime = 463.951 | Min Dist = 0.032 | Min Dist 10 = 0.061 | Min Dist 100 = 0.179 | Min Dist 1000 = 0.246 | Steps Per Second = 93.529 | Success = 1.000 | Success 1000 = 0.988
I0502 15:14:00.716964 139579566835264 terminal.py:91] [Evaluator] Actor Episodes = 3145 | Actor Steps = 157250 | Delta Dist = 12.179 | Delta Dist 10 = 11.134 | Delta Dist 100 = 11.304 | Delta Dist 1000 = 10.456 | Episode Length = 50 | Episode Return = 3.0 | Evaluator Episodes = 782 | Evaluator Steps = 39100 | Final Dist = 0.628 | Final Dist 10 = 1.673 | Final Dist 100 = 1.503 | Final Dist 1000 = 2.350 | Init Dist = 12.806 | Init Dist 10 = 12.806 | Init Dist 100 = 12.806 | Init Dist 1000 = 12.806 | Learner Steps = 2300 | Learner Walltime = 463.951 | Min Dist = 0.043 | Min Dist 10 = 1.297 | Min Dist 100 = 0.844 | Min Dist 1000 = 1.587 | Steps Per Second = 78.247 | Success = 1.000 | Success 1000 = 0.777
I0502 15:14:01.760561 139557462840896 terminal.py:91] [Actor] Actor Episodes = 3151 | Actor Steps = 157550 | Delta Dist = 4.902 | Delta Dist 10 = 6.654 | Delta Dist 100 = 3.991 | Delta Dist 1000 = 4.146 | Episode Length = 50 | Episode Return = 39.0 | Evaluator Episodes = 782 | Evaluator Steps = 39100 | Final Dist = 0.197 | Final Dist 10 = 0.511 | Final Dist 100 = 1.401 | Final Dist 1000 = 1.723 | Init Dist = 5.099 | Init Dist 10 = 7.165 | Init Dist 100 = 5.392 | Init Dist 1000 = 5.869 | Learner Steps = 2306 | Learner Walltime = 465.155 | Min Dist = 0.084 | Min Dist 10 = 0.056 | Min Dist 100 = 0.178 | Min Dist 1000 = 0.241 | Steps Per Second = 73.858 | Success = 1.000 | Success 1000 = 0.988
I0502 15:14:01.930375 139555860620864 terminal.py:91] [Actor] Actor Episodes = 3155 | Actor Steps = 157750 | Delta Dist = 3.909 | Delta Dist 10 = 6.063 | Delta Dist 100 = 3.940 | Delta Dist 1000 = 4.139 | Episode Length = 50 | Episode Return = 25.0 | Evaluator Episodes = 782 | Evaluator Steps = 39100 | Final Dist = 1.091 | Final Dist 10 = 0.494 | Final Dist 100 = 1.401 | Final Dist 1000 = 1.724 | Init Dist = 5.000 | Init Dist 10 = 6.557 | Init Dist 100 = 5.341 | Init Dist 1000 = 5.863 | Learner Steps = 2306 | Learner Walltime = 465.155 | Min Dist = 0.020 | Min Dist 10 = 0.060 | Min Dist 100 = 0.174 | Min Dist 1000 = 0.240 | Steps Per Second = 87.040 | Success = 1.000 | Success 1000 = 0.988
I0502 15:14:01.983552 139579566835264 terminal.py:91] [Evaluator] Actor Episodes = 3155 | Actor Steps = 157750 | Delta Dist = 11.642 | Delta Dist 10 = 11.213 | Delta Dist 100 = 11.387 | Delta Dist 1000 = 10.461 | Episode Length = 50 | Episode Return = 17.0 | Evaluator Episodes = 784 | Evaluator Steps = 39200 | Final Dist = 1.164 | Final Dist 10 = 1.593 | Final Dist 100 = 1.420 | Final Dist 1000 = 2.346 | Init Dist = 12.806 | Init Dist 10 = 12.806 | Init Dist 100 = 12.806 | Init Dist 1000 = 12.806 | Learner Steps = 2311 | Learner Walltime = 466.170 | Min Dist = 0.207 | Min Dist 10 = 1.240 | Min Dist 100 = 0.774 | Min Dist 1000 = 1.583 | Steps Per Second = 78.788 | Success = 1.000 | Success 1000 = 0.778
I0502 15:14:03.255612 139579566835264 terminal.py:91] [Evaluator] Actor Episodes = 3163 | Actor Steps = 158150 | Delta Dist = 11.664 | Delta Dist 10 = 11.460 | Delta Dist 100 = 11.382 | Delta Dist 1000 = 10.464 | Episode Length = 50 | Episode Return = 2.0 | Evaluator Episodes = 786 | Evaluator Steps = 39300 | Final Dist = 1.142 | Final Dist 10 = 1.346 | Final Dist 100 = 1.425 | Final Dist 1000 = 2.343 | Init Dist = 12.806 | Init Dist 10 = 12.806 | Init Dist 100 = 12.806 | Init Dist 1000 = 12.806 | Learner Steps = 2316 | Learner Walltime = 467.232 | Min Dist = 0.436 | Min Dist 10 = 0.866 | Min Dist 100 = 0.777 | Min Dist 1000 = 1.580 | Steps Per Second = 80.537 | Success = 1.000 | Success 1000 = 0.778
I0502 15:14:03.823257 139558059398720 terminal.py:91] [Actor] Actor Episodes = 3162 | Actor Steps = 158100 | Delta Dist = 4.439 | Delta Dist 10 = 5.819 | Delta Dist 100 = 3.947 | Delta Dist 1000 = 4.158 | Episode Length = 50 | Episode Return = 30.0 | Evaluator Episodes = 784 | Evaluator Steps = 39200 | Final Dist = 0.033 | Final Dist 10 = 2.110 | Final Dist 100 = 1.506 | Final Dist 1000 = 1.738 | Init Dist = 4.472 | Init Dist 10 = 7.929 | Init Dist 100 = 5.453 | Init Dist 1000 = 5.896 | Learner Steps = 2316 | Learner Walltime = 467.232 | Min Dist = 0.004 | Min Dist 10 = 0.194 | Min Dist 100 = 0.157 | Min Dist 1000 = 0.241 | Steps Per Second = 71.196 | Success = 1.000 | Success 1000 = 0.988
I0502 15:14:04.519007 139579566835264 terminal.py:91] [Evaluator] Actor Episodes = 3171 | Actor Steps = 158550 | Delta Dist = 11.806 | Delta Dist 10 = 11.626 | Delta Dist 100 = 11.387 | Delta Dist 1000 = 10.468 | Episode Length = 50 | Episode Return = 3.0 | Evaluator Episodes = 788 | Evaluator Steps = 39400 | Final Dist = 1.000 | Final Dist 10 = 1.181 | Final Dist 100 = 1.419 | Final Dist 1000 = 2.339 | Init Dist = 12.806 | Init Dist 10 = 12.806 | Init Dist 100 = 12.806 | Init Dist 1000 = 12.806 | Learner Steps = 2322 | Learner Walltime = 468.495 | Min Dist = 0.364 | Min Dist 10 = 0.769 | Min Dist 100 = 0.776 | Min Dist 1000 = 1.577 | Steps Per Second = 91.171 | Success = 1.000 | Success 1000 = 0.779
I0502 15:14:05.477353 139584504182336 lp_utils.py:96] StepsLimiter: Reached 158750 recorded steps
I0502 15:14:05.789003 139579566835264 terminal.py:91] [Evaluator] Actor Episodes = 3179 | Actor Steps = 158950 | Delta Dist = 11.629 | Delta Dist 10 = 12.004 | Delta Dist 100 = 11.471 | Delta Dist 1000 = 10.471 | Episode Length = 50 | Episode Return = 4.0 | Evaluator Episodes = 790 | Evaluator Steps = 39500 | Final Dist = 1.177 | Final Dist 10 = 0.802 | Final Dist 100 = 1.336 | Final Dist 1000 = 2.335 | Init Dist = 12.806 | Init Dist 10 = 12.806 | Init Dist 100 = 12.806 | Init Dist 1000 = 12.806 | Learner Steps = 2329 | Learner Walltime = 469.987 | Min Dist = 0.566 | Min Dist 10 = 0.343 | Min Dist 100 = 0.709 | Min Dist 1000 = 1.574 | Steps Per Second = 76.457 | Success = 1.000 | Success 1000 = 0.779
I0502 15:14:05.792511 139555013154368 terminal.py:91] [Learner] Actor Episodes = 3179 | Actor Loss = 3.914933204650879 | Actor Steps = 158950 | Binary Accuracy = 0.995805025100708 | Categorical Accuracy = 0.37030029296875 | Critic Loss = 2.200498580932617 | Entropy Mean = -11.758167266845703 | Evaluator Episodes = 788 | Evaluator Steps = 39400 | Learner Steps = 2329 | Learner Walltime = 469.987 | Logits Neg = -15.557624816894531 | Logits Pos = -2.1760106086730957 | Logsumexp = 1.451593041419983 | Steps Per Second = 126.341
I0502 15:14:07.031294 139579566835264 terminal.py:91] [Evaluator] Actor Episodes = 3187 | Actor Steps = 159350 | Delta Dist = 11.496 | Delta Dist 10 = 11.985 | Delta Dist 100 = 11.479 | Delta Dist 1000 = 10.476 | Episode Length = 50 | Episode Return = 18.0 | Evaluator Episodes = 792 | Evaluator Steps = 39600 | Final Dist = 1.311 | Final Dist 10 = 0.821 | Final Dist 100 = 1.327 | Final Dist 1000 = 2.331 | Init Dist = 12.806 | Init Dist 10 = 12.806 | Init Dist 100 = 12.806 | Init Dist 1000 = 12.806 | Learner Steps = 2335 | Learner Walltime = 471.000 | Min Dist = 0.153 | Min Dist 10 = 0.350 | Min Dist 100 = 0.713 | Min Dist 1000 = 1.571 | Steps Per Second = 79.848 | Success = 1.000 | Success 1000 = 0.780
I0502 15:14:08.302496 139579566835264 terminal.py:91] [Evaluator] Actor Episodes = 3193 | Actor Steps = 159650 | Delta Dist = 11.171 | Delta Dist 10 = 11.938 | Delta Dist 100 = 11.477 | Delta Dist 1000 = 10.479 | Episode Length = 50 | Episode Return = 14.0 | Evaluator Episodes = 794 | Evaluator Steps = 39700 | Final Dist = 1.635 | Final Dist 10 = 0.869 | Final Dist 100 = 1.329 | Final Dist 1000 = 2.327 | Init Dist = 12.806 | Init Dist 10 = 12.806 | Init Dist 100 = 12.806 | Init Dist 1000 = 12.806 | Learner Steps = 2340 | Learner Walltime = 472.107 | Min Dist = 0.148 | Min Dist 10 = 0.377 | Min Dist 100 = 0.712 | Min Dist 1000 = 1.568 | Steps Per Second = 76.752 | Success = 1.000 | Success 1000 = 0.781
I0502 15:14:09.491938 139579566835264 terminal.py:91] [Evaluator] Actor Episodes = 3201 | Actor Steps = 160050 | Delta Dist = 11.396 | Delta Dist 10 = 11.951 | Delta Dist 100 = 11.472 | Delta Dist 1000 = 10.482 | Episode Length = 50 | Episode Return = 2.0 | Evaluator Episodes = 796 | Evaluator Steps = 39800 | Final Dist = 1.410 | Final Dist 10 = 0.855 | Final Dist 100 = 1.334 | Final Dist 1000 = 2.324 | Init Dist = 12.806 | Init Dist 10 = 12.806 | Init Dist 100 = 12.806 | Init Dist 1000 = 12.806 | Learner Steps = 2346 | Learner Walltime = 473.165 | Min Dist = 0.517 | Min Dist 10 = 0.312 | Min Dist 100 = 0.710 | Min Dist 1000 = 1.564 | Steps Per Second = 90.498 | Success = 1.000 | Success 1000 = 0.781
I0502 15:14:10.505478 139569349502528 terminal.py:91] [Actor] Actor Episodes = 3206 | Actor Steps = 160300 | Delta Dist = 5.116 | Delta Dist 10 = 7.330 | Delta Dist 100 = 4.859 | Delta Dist 1000 = 4.222 | Episode Length = 50 | Episode Return = 33.0 | Evaluator Episodes = 796 | Evaluator Steps = 39800 | Final Dist = 1.208 | Final Dist 10 = 0.601 | Final Dist 100 = 1.300 | Final Dist 1000 = 1.717 | Init Dist = 6.325 | Init Dist 10 = 7.931 | Init Dist 100 = 6.159 | Init Dist 1000 = 5.938 | Learner Steps = 2346 | Learner Walltime = 473.165 | Min Dist = 0.054 | Min Dist 10 = 0.154 | Min Dist 100 = 0.248 | Min Dist 1000 = 0.252 | Steps Per Second = 79.218 | Success = 1.000 | Success 1000 = 0.987
I0502 15:14:10.738065 139579566835264 terminal.py:91] [Evaluator] Actor Episodes = 3209 | Actor Steps = 160450 | Delta Dist = 12.410 | Delta Dist 10 = 11.899 | Delta Dist 100 = 11.543 | Delta Dist 1000 = 10.485 | Episode Length = 50 | Episode Return = 10.0 | Evaluator Episodes = 798 | Evaluator Steps = 39900 | Final Dist = 0.396 | Final Dist 10 = 0.907 | Final Dist 100 = 1.263 | Final Dist 1000 = 2.321 | Init Dist = 12.806 | Init Dist 10 = 12.806 | Init Dist 100 = 12.806 | Init Dist 1000 = 12.806 | Learner Steps = 2351 | Learner Walltime = 474.206 | Min Dist = 0.234 | Min Dist 10 = 0.300 | Min Dist 100 = 0.646 | Min Dist 1000 = 1.561 | Steps Per Second = 84.299 | Success = 1.000 | Success 1000 = 0.782
I0502 15:14:11.951552 139557462840896 terminal.py:91] [Actor] Actor Episodes = 3216 | Actor Steps = 160800 | Delta Dist = 5.422 | Delta Dist 10 = 3.390 | Delta Dist 100 = 4.807 | Delta Dist 1000 = 4.221 | Episode Length = 50 | Episode Return = 24.0 | Evaluator Episodes = 798 | Evaluator Steps = 39900 | Final Dist = 0.235 | Final Dist 10 = 2.441 | Final Dist 100 = 1.487 | Final Dist 1000 = 1.730 | Init Dist = 5.657 | Init Dist 10 = 5.832 | Init Dist 100 = 6.293 | Init Dist 1000 = 5.951 | Learner Steps = 2357 | Learner Walltime = 475.355 | Min Dist = 0.022 | Min Dist 10 = 0.463 | Min Dist 100 = 0.284 | Min Dist 1000 = 0.256 | Steps Per Second = 80.369 | Success = 1.000 | Success 1000 = 0.987
I0502 15:14:11.953809 139555860620864 terminal.py:91] [Actor] Actor Episodes = 3219 | Actor Steps = 160950 | Delta Dist = 5.574 | Delta Dist 10 = 3.390 | Delta Dist 100 = 4.807 | Delta Dist 1000 = 4.221 | Episode Length = 50 | Episode Return = 43.0 | Evaluator Episodes = 798 | Evaluator Steps = 39900 | Final Dist = 0.083 | Final Dist 10 = 2.441 | Final Dist 100 = 1.487 | Final Dist 1000 = 1.730 | Init Dist = 5.657 | Init Dist 10 = 5.832 | Init Dist 100 = 6.293 | Init Dist 1000 = 5.951 | Learner Steps = 2357 | Learner Walltime = 475.355 | Min Dist = 0.022 | Min Dist 10 = 0.463 | Min Dist 100 = 0.284 | Min Dist 1000 = 0.256 | Steps Per Second = 83.467 | Success = 1.000 | Success 1000 = 0.987
I0502 15:14:11.982710 139579566835264 terminal.py:91] [Evaluator] Actor Episodes = 3219 | Actor Steps = 160950 | Delta Dist = 12.364 | Delta Dist 10 = 11.882 | Delta Dist 100 = 11.624 | Delta Dist 1000 = 10.489 | Episode Length = 50 | Episode Return = 25.0 | Evaluator Episodes = 800 | Evaluator Steps = 40000 | Final Dist = 0.442 | Final Dist 10 = 0.925 | Final Dist 100 = 1.182 | Final Dist 1000 = 2.317 | Init Dist = 12.806 | Init Dist 10 = 12.806 | Init Dist 100 = 12.806 | Init Dist 1000 = 12.806 | Learner Steps = 2357 | Learner Walltime = 475.355 | Min Dist = 0.106 | Min Dist 10 = 0.298 | Min Dist 100 = 0.580 | Min Dist 1000 = 1.558 | Steps Per Second = 77.325 | Success = 1.000 | Success 1000 = 0.782
I0502 15:14:13.313249 139579566835264 terminal.py:91] [Evaluator] Actor Episodes = 3227 | Actor Steps = 161350 | Delta Dist = 12.216 | Delta Dist 10 = 11.863 | Delta Dist 100 = 11.627 | Delta Dist 1000 = 10.493 | Episode Length = 50 | Episode Return = 24.0 | Evaluator Episodes = 802 | Evaluator Steps = 40100 | Final Dist = 0.591 | Final Dist 10 = 0.943 | Final Dist 100 = 1.179 | Final Dist 1000 = 2.313 | Init Dist = 12.806 | Init Dist 10 = 12.806 | Init Dist 100 = 12.806 | Init Dist 1000 = 12.806 | Learner Steps = 2363 | Learner Walltime = 476.409 | Min Dist = 0.014 | Min Dist 10 = 0.246 | Min Dist 100 = 0.577 | Min Dist 1000 = 1.555 | Steps Per Second = 77.354 | Success = 1.000 | Success 1000 = 0.783
I0502 15:14:14.225211 139558059398720 terminal.py:91] [Actor] Actor Episodes = 3233 | Actor Steps = 161650 | Delta Dist = 1.676 | Delta Dist 10 = 4.389 | Delta Dist 100 = 4.960 | Delta Dist 1000 = 4.198 | Episode Length = 50 | Episode Return = 31.0 | Evaluator Episodes = 802 | Evaluator Steps = 40100 | Final Dist = 1.152 | Final Dist 10 = 1.424 | Final Dist 100 = 1.489 | Final Dist 1000 = 1.739 | Init Dist = 2.828 | Init Dist 10 = 5.813 | Init Dist 100 = 6.450 | Init Dist 1000 = 5.937 | Learner Steps = 2368 | Learner Walltime = 477.855 | Min Dist = 0.151 | Min Dist 10 = 0.106 | Min Dist 100 = 0.391 | Min Dist 1000 = 0.267 | Steps Per Second = 78.903 | Success = 1.000 | Success 1000 = 0.987
I0502 15:14:14.514315 139579566835264 terminal.py:91] [Evaluator] Actor Episodes = 3233 | Actor Steps = 161650 | Delta Dist = 11.642 | Delta Dist 10 = 11.948 | Delta Dist 100 = 11.648 | Delta Dist 1000 = 10.497 | Episode Length = 50 | Episode Return = 2.0 | Evaluator Episodes = 804 | Evaluator Steps = 40200 | Final Dist = 1.164 | Final Dist 10 = 0.858 | Final Dist 100 = 1.158 | Final Dist 1000 = 2.309 | Init Dist = 12.806 | Init Dist 10 = 12.806 | Init Dist 100 = 12.806 | Init Dist 1000 = 12.806 | Learner Steps = 2368 | Learner Walltime = 477.855 | Min Dist = 0.693 | Min Dist 10 = 0.225 | Min Dist 100 = 0.576 | Min Dist 1000 = 1.551 | Steps Per Second = 81.050 | Success = 1.000 | Success 1000 = 0.783
I0502 15:14:15.495760 139584504182336 lp_utils.py:96] StepsLimiter: Reached 162050 recorded steps
I0502 15:14:15.662880 139579566835264 terminal.py:91] [Evaluator] Actor Episodes = 3241 | Actor Steps = 162050 | Delta Dist = 9.391 | Delta Dist 10 = 12.018 | Delta Dist 100 = 11.652 | Delta Dist 1000 = 10.501 | Episode Length = 50 | Episode Return = 0.0 | Evaluator Episodes = 806 | Evaluator Steps = 40300 | Final Dist = 3.415 | Final Dist 10 = 0.789 | Final Dist 100 = 1.155 | Final Dist 1000 = 2.305 | Init Dist = 12.806 | Init Dist 10 = 12.806 | Init Dist 100 = 12.806 | Init Dist 1000 = 12.806 | Learner Steps = 2375 | Learner Walltime = 478.862 | Min Dist = 2.099 | Min Dist 10 = 0.301 | Min Dist 100 = 0.580 | Min Dist 1000 = 1.548 | Steps Per Second = 87.139 | Success = 0.000 | Success 1000 = 0.784
I0502 15:14:15.807774 139555013154368 terminal.py:91] [Learner] Actor Episodes = 3243 | Actor Loss = 3.843109607696533 | Actor Steps = 162150 | Binary Accuracy = 0.9959297180175781 | Categorical Accuracy = 0.3790283203125 | Critic Loss = 2.1904149055480957 | Entropy Mean = -12.585806846618652 | Evaluator Episodes = 806 | Evaluator Steps = 40300 | Learner Steps = 2381 | Learner Walltime = 480.001 | Logits Neg = -15.621347427368164 | Logits Pos = -2.1733837127685547 | Logsumexp = 1.3657817840576172 | Steps Per Second = 1076.027
I0502 15:14:16.820123 139579566835264 terminal.py:91] [Evaluator] Actor Episodes = 3249 | Actor Steps = 162450 | Delta Dist = 11.998 | Delta Dist 10 = 11.559 | Delta Dist 100 = 11.609 | Delta Dist 1000 = 10.499 | Episode Length = 50 | Episode Return = 7.0 | Evaluator Episodes = 808 | Evaluator Steps = 40400 | Final Dist = 0.808 | Final Dist 10 = 1.247 | Final Dist 100 = 1.197 | Final Dist 1000 = 2.307 | Init Dist = 12.806 | Init Dist 10 = 12.806 | Init Dist 100 = 12.806 | Init Dist 1000 = 12.806 | Learner Steps = 2380 | Learner Walltime = 479.942 | Min Dist = 0.236 | Min Dist 10 = 0.637 | Min Dist 100 = 0.610 | Min Dist 1000 = 1.550 | Steps Per Second = 90.049 | Success = 1.000 | Success 1000 = 0.782
I0502 15:14:17.892999 139579566835264 terminal.py:91] [Evaluator] Actor Episodes = 3257 | Actor Steps = 162850 | Delta Dist = 0.101 | Delta Dist 10 = 11.650 | Delta Dist 100 = 11.619 | Delta Dist 1000 = 10.503 | Episode Length = 50 | Episode Return = 0.0 | Evaluator Episodes = 810 | Evaluator Steps = 40500 | Final Dist = 12.706 | Final Dist 10 = 1.156 | Final Dist 100 = 1.188 | Final Dist 1000 = 2.303 | Init Dist = 12.806 | Init Dist 10 = 12.806 | Init Dist 100 = 12.806 | Init Dist 1000 = 12.806 | Learner Steps = 2387 | Learner Walltime = 481.208 | Min Dist = 10.545 | Min Dist 10 = 0.569 | Min Dist 100 = 0.607 | Min Dist 1000 = 1.546 | Steps Per Second = 108.542 | Success = 0.000 | Success 1000 = 0.782
I0502 15:14:19.072669 139579566835264 terminal.py:91] [Evaluator] Actor Episodes = 3265 | Actor Steps = 163250 | Delta Dist = 11.495 | Delta Dist 10 = 10.472 | Delta Dist 100 = 11.500 | Delta Dist 1000 = 10.493 | Episode Length = 50 | Episode Return = 11.0 | Evaluator Episodes = 812 | Evaluator Steps = 40600 | Final Dist = 1.311 | Final Dist 10 = 2.335 | Final Dist 100 = 1.307 | Final Dist 1000 = 2.314 | Init Dist = 12.806 | Init Dist 10 = 12.806 | Init Dist 100 = 12.806 | Init Dist 1000 = 12.806 | Learner Steps = 2393 | Learner Walltime = 482.304 | Min Dist = 0.259 | Min Dist 10 = 1.611 | Min Dist 100 = 0.710 | Min Dist 1000 = 1.555 | Steps Per Second = 83.551 | Success = 1.000 | Success 1000 = 0.782
I0502 15:14:20.277309 139579566835264 terminal.py:91] [Evaluator] Actor Episodes = 3273 | Actor Steps = 163650 | Delta Dist = 11.441 | Delta Dist 10 = 10.334 | Delta Dist 100 = 11.508 | Delta Dist 1000 = 10.495 | Episode Length = 50 | Episode Return = 12.0 | Evaluator Episodes = 814 | Evaluator Steps = 40700 | Final Dist = 1.365 | Final Dist 10 = 2.472 | Final Dist 100 = 1.299 | Final Dist 1000 = 2.311 | Init Dist = 12.806 | Init Dist 10 = 12.806 | Init Dist 100 = 12.806 | Init Dist 1000 = 12.806 | Learner Steps = 2398 | Learner Walltime = 483.344 | Min Dist = 0.155 | Min Dist 10 = 1.657 | Min Dist 100 = 0.698 | Min Dist 1000 = 1.552 | Steps Per Second = 85.852 | Success = 1.000 | Success 1000 = 0.782
I0502 15:14:20.789450 139569349502528 terminal.py:91] [Actor] Actor Episodes = 3277 | Actor Steps = 163850 | Delta Dist = 2.754 | Delta Dist 10 = 2.490 | Delta Dist 100 = 4.163 | Delta Dist 1000 = 4.181 | Episode Length = 50 | Episode Return = 27.0 | Evaluator Episodes = 814 | Evaluator Steps = 40700 | Final Dist = 0.246 | Final Dist 10 = 1.353 | Final Dist 100 = 1.540 | Final Dist 1000 = 1.719 | Init Dist = 3.000 | Init Dist 10 = 3.843 | Init Dist 100 = 5.703 | Init Dist 1000 = 5.900 | Learner Steps = 2404 | Learner Walltime = 484.500 | Min Dist = 0.033 | Min Dist 10 = 0.103 | Min Dist 100 = 0.370 | Min Dist 1000 = 0.260 | Steps Per Second = 82.033 | Success = 1.000 | Success 1000 = 0.987
I0502 15:14:21.420577 139579566835264 terminal.py:91] [Evaluator] Actor Episodes = 3281 | Actor Steps = 164050 | Delta Dist = 12.210 | Delta Dist 10 = 10.320 | Delta Dist 100 = 11.509 | Delta Dist 1000 = 10.499 | Episode Length = 50 | Episode Return = 18.0 | Evaluator Episodes = 816 | Evaluator Steps = 40800 | Final Dist = 0.597 | Final Dist 10 = 2.486 | Final Dist 100 = 1.297 | Final Dist 1000 = 2.307 | Init Dist = 12.806 | Init Dist 10 = 12.806 | Init Dist 100 = 12.806 | Init Dist 1000 = 12.806 | Learner Steps = 2404 | Learner Walltime = 484.500 | Min Dist = 0.054 | Min Dist 10 = 1.573 | Min Dist 100 = 0.695 | Min Dist 1000 = 1.549 | Steps Per Second = 85.158 | Success = 1.000 | Success 1000 = 0.783
I0502 15:14:21.564321 139583350109760 savers.py:156] Saving checkpoint: logs/contrastive_cpc_point_FourRooms_64/5dd72662-2788-11f0-b183-d85ed38c5779/checkpoints/learner
I0502 15:14:22.060444 139555860620864 terminal.py:91] [Actor] Actor Episodes = 3284 | Actor Steps = 164200 | Delta Dist = 6.959 | Delta Dist 10 = 4.401 | Delta Dist 100 = 4.130 | Delta Dist 1000 = 4.186 | Episode Length = 50 | Episode Return = 20.0 | Evaluator Episodes = 816 | Evaluator Steps = 40800 | Final Dist = 0.657 | Final Dist 10 = 0.403 | Final Dist 100 = 1.529 | Final Dist 1000 = 1.711 | Init Dist = 7.616 | Init Dist 10 = 4.804 | Init Dist 100 = 5.658 | Init Dist 1000 = 5.897 | Learner Steps = 2404 | Learner Walltime = 484.500 | Min Dist = 0.261 | Min Dist 10 = 0.051 | Min Dist 100 = 0.362 | Min Dist 1000 = 0.259 | Steps Per Second = 83.418 | Success = 1.000 | Success 1000 = 0.987
I0502 15:14:22.128020 139557462840896 terminal.py:91] [Actor] Actor Episodes = 3287 | Actor Steps = 164350 | Delta Dist = 4.032 | Delta Dist 10 = 4.921 | Delta Dist 100 = 4.185 | Delta Dist 1000 = 4.187 | Episode Length = 50 | Episode Return = 23.0 | Evaluator Episodes = 816 | Evaluator Steps = 40800 | Final Dist = 0.440 | Final Dist 10 = 0.445 | Final Dist 100 = 1.535 | Final Dist 1000 = 1.712 | Init Dist = 4.472 | Init Dist 10 = 5.365 | Init Dist 100 = 5.721 | Init Dist 1000 = 5.899 | Learner Steps = 2411 | Learner Walltime = 485.767 | Min Dist = 0.111 | Min Dist 10 = 0.075 | Min Dist 100 = 0.364 | Min Dist 1000 = 0.259 | Steps Per Second = 91.615 | Success = 1.000 | Success 1000 = 0.987
I0502 15:14:22.628500 139579566835264 terminal.py:91] [Evaluator] Actor Episodes = 3289 | Actor Steps = 164450 | Delta Dist = 11.686 | Delta Dist 10 = 10.820 | Delta Dist 100 = 11.520 | Delta Dist 1000 = 10.503 | Episode Length = 50 | Episode Return = 20.0 | Evaluator Episodes = 818 | Evaluator Steps = 40900 | Final Dist = 1.121 | Final Dist 10 = 1.986 | Final Dist 100 = 1.287 | Final Dist 1000 = 2.304 | Init Dist = 12.806 | Init Dist 10 = 12.806 | Init Dist 100 = 12.806 | Init Dist 1000 = 12.806 | Learner Steps = 2411 | Learner Walltime = 485.767 | Min Dist = 0.139 | Min Dist 10 = 1.188 | Min Dist 100 = 0.673 | Min Dist 1000 = 1.545 | Steps Per Second = 84.106 | Success = 1.000 | Success 1000 = 0.783
I0502 15:14:23.838016 139579566835264 terminal.py:91] [Evaluator] Actor Episodes = 3297 | Actor Steps = 164850 | Delta Dist = 11.900 | Delta Dist 10 = 10.756 | Delta Dist 100 = 11.566 | Delta Dist 1000 = 10.506 | Episode Length = 50 | Episode Return = 15.0 | Evaluator Episodes = 820 | Evaluator Steps = 41000 | Final Dist = 0.907 | Final Dist 10 = 2.050 | Final Dist 100 = 1.240 | Final Dist 1000 = 2.300 | Init Dist = 12.806 | Init Dist 10 = 12.806 | Init Dist 100 = 12.806 | Init Dist 1000 = 12.806 | Learner Steps = 2423 | Learner Walltime = 488.011 | Min Dist = 0.089 | Min Dist 10 = 1.182 | Min Dist 100 = 0.620 | Min Dist 1000 = 1.542 | Steps Per Second = 83.807 | Success = 1.000 | Success 1000 = 0.784
I0502 15:14:24.819789 139558059398720 terminal.py:91] [Actor] Actor Episodes = 3305 | Actor Steps = 165250 | Delta Dist = 0.837 | Delta Dist 10 = 3.670 | Delta Dist 100 = 4.104 | Delta Dist 1000 = 4.200 | Episode Length = 50 | Episode Return = 45.0 | Evaluator Episodes = 820 | Evaluator Steps = 41000 | Final Dist = 0.577 | Final Dist 10 = 0.511 | Final Dist 100 = 1.249 | Final Dist 1000 = 1.699 | Init Dist = 1.414 | Init Dist 10 = 4.181 | Init Dist 100 = 5.353 | Init Dist 1000 = 5.899 | Learner Steps = 2423 | Learner Walltime = 488.011 | Min Dist = 0.003 | Min Dist 10 = 0.115 | Min Dist 100 = 0.258 | Min Dist 1000 = 0.260 | Steps Per Second = 80.670 | Success = 1.000 | Success 1000 = 0.987
I0502 15:14:25.066554 139579566835264 terminal.py:91] [Evaluator] Actor Episodes = 3305 | Actor Steps = 165250 | Delta Dist = 12.610 | Delta Dist 10 = 11.877 | Delta Dist 100 = 11.564 | Delta Dist 1000 = 10.510 | Episode Length = 50 | Episode Return = 13.0 | Evaluator Episodes = 822 | Evaluator Steps = 41100 | Final Dist = 0.196 | Final Dist 10 = 0.929 | Final Dist 100 = 1.242 | Final Dist 1000 = 2.297 | Init Dist = 12.806 | Init Dist 10 = 12.806 | Init Dist 100 = 12.806 | Init Dist 1000 = 12.806 | Learner Steps = 2423 | Learner Walltime = 488.011 | Min Dist = 0.059 | Min Dist 10 = 0.146 | Min Dist 100 = 0.616 | Min Dist 1000 = 1.538 | Steps Per Second = 81.262 | Success = 1.000 | Success 1000 = 0.784
I0502 15:14:25.512851 139584504182336 lp_utils.py:96] StepsLimiter: Reached 165350 recorded steps
I0502 15:14:26.143004 139555013154368 terminal.py:91] [Learner] Actor Episodes = 3313 | Actor Loss = 3.948232650756836 | Actor Steps = 165650 | Binary Accuracy = 0.9958779811859131 | Categorical Accuracy = 0.37054443359375 | Critic Loss = 2.237436294555664 | Entropy Mean = -14.384563446044922 | Evaluator Episodes = 822 | Evaluator Steps = 41100 | Learner Steps = 2435 | Learner Walltime = 490.339 | Logits Neg = -15.370370864868164 | Logits Pos = -2.2449917793273926 | Logsumexp = 1.3193399906158447 | Steps Per Second = 166.779
I0502 15:14:26.266180 139579566835264 terminal.py:91] [Evaluator] Actor Episodes = 3315 | Actor Steps = 165750 | Delta Dist = 12.264 | Delta Dist 10 = 11.961 | Delta Dist 100 = 11.575 | Delta Dist 1000 = 10.513 | Episode Length = 50 | Episode Return = 24.0 | Evaluator Episodes = 824 | Evaluator Steps = 41200 | Final Dist = 0.542 | Final Dist 10 = 0.846 | Final Dist 100 = 1.232 | Final Dist 1000 = 2.293 | Init Dist = 12.806 | Init Dist 10 = 12.806 | Init Dist 100 = 12.806 | Init Dist 1000 = 12.806 | Learner Steps = 2435 | Learner Walltime = 490.339 | Min Dist = 0.023 | Min Dist 10 = 0.107 | Min Dist 100 = 0.616 | Min Dist 1000 = 1.535 | Steps Per Second = 78.553 | Success = 1.000 | Success 1000 = 0.785
I0502 15:14:27.430857 139579566835264 terminal.py:91] [Evaluator] Actor Episodes = 3323 | Actor Steps = 166150 | Delta Dist = 11.423 | Delta Dist 10 = 11.954 | Delta Dist 100 = 11.582 | Delta Dist 1000 = 10.517 | Episode Length = 50 | Episode Return = 6.0 | Evaluator Episodes = 826 | Evaluator Steps = 41300 | Final Dist = 1.383 | Final Dist 10 = 0.852 | Final Dist 100 = 1.225 | Final Dist 1000 = 2.290 | Init Dist = 12.806 | Init Dist 10 = 12.806 | Init Dist 100 = 12.806 | Init Dist 1000 = 12.806 | Learner Steps = 2441 | Learner Walltime = 491.591 | Min Dist = 0.431 | Min Dist 10 = 0.113 | Min Dist 100 = 0.614 | Min Dist 1000 = 1.531 | Steps Per Second = 81.500 | Success = 1.000 | Success 1000 = 0.785
I0502 15:14:28.678931 139579566835264 terminal.py:91] [Evaluator] Actor Episodes = 3331 | Actor Steps = 166550 | Delta Dist = 10.770 | Delta Dist 10 = 11.896 | Delta Dist 100 = 11.574 | Delta Dist 1000 = 10.520 | Episode Length = 50 | Episode Return = 7.0 | Evaluator Episodes = 828 | Evaluator Steps = 41400 | Final Dist = 2.037 | Final Dist 10 = 0.910 | Final Dist 100 = 1.233 | Final Dist 1000 = 2.287 | Init Dist = 12.806 | Init Dist 10 = 12.806 | Init Dist 100 = 12.806 | Init Dist 1000 = 12.806 | Learner Steps = 2448 | Learner Walltime = 492.754 | Min Dist = 0.469 | Min Dist 10 = 0.138 | Min Dist 100 = 0.614 | Min Dist 1000 = 1.528 | Steps Per Second = 81.499 | Success = 1.000 | Success 1000 = 0.786
I0502 15:14:29.344914 139584635659840 savers.py:156] Saving checkpoint: logs/contrastive_cpc_point_FourRooms_64/5dd72662-2788-11f0-b183-d85ed38c5779/checkpoints/counter
I0502 15:14:29.791090 139579566835264 terminal.py:91] [Evaluator] Actor Episodes = 3339 | Actor Steps = 166950 | Delta Dist = 11.676 | Delta Dist 10 = 11.723 | Delta Dist 100 = 11.598 | Delta Dist 1000 = 10.521 | Episode Length = 50 | Episode Return = 8.0 | Evaluator Episodes = 830 | Evaluator Steps = 41500 | Final Dist = 1.130 | Final Dist 10 = 1.084 | Final Dist 100 = 1.208 | Final Dist 1000 = 2.285 | Init Dist = 12.806 | Init Dist 10 = 12.806 | Init Dist 100 = 12.806 | Init Dist 1000 = 12.806 | Learner Steps = 2448 | Learner Walltime = 492.754 | Min Dist = 0.020 | Min Dist 10 = 0.174 | Min Dist 100 = 0.577 | Min Dist 1000 = 1.525 | Steps Per Second = 86.765 | Success = 1.000 | Success 1000 = 0.786
I0502 15:14:30.963458 139579566835264 terminal.py:91] [Evaluator] Actor Episodes = 3345 | Actor Steps = 167250 | Delta Dist = 11.560 | Delta Dist 10 = 11.777 | Delta Dist 100 = 11.599 | Delta Dist 1000 = 10.525 | Episode Length = 50 | Episode Return = 10.0 | Evaluator Episodes = 832 | Evaluator Steps = 41600 | Final Dist = 1.246 | Final Dist 10 = 1.029 | Final Dist 100 = 1.207 | Final Dist 1000 = 2.281 | Init Dist = 12.806 | Init Dist 10 = 12.806 | Init Dist 100 = 12.806 | Init Dist 1000 = 12.806 | Learner Steps = 2460 | Learner Walltime = 495.112 | Min Dist = 0.393 | Min Dist 10 = 0.191 | Min Dist 100 = 0.578 | Min Dist 1000 = 1.522 | Steps Per Second = 80.687 | Success = 1.000 | Success 1000 = 0.787
I0502 15:14:31.082563 139569349502528 terminal.py:91] [Actor] Actor Episodes = 3342 | Actor Steps = 167100 | Delta Dist = 3.249 | Delta Dist 10 = 3.410 | Delta Dist 100 = 4.076 | Delta Dist 1000 = 4.237 | Episode Length = 50 | Episode Return = 42.0 | Evaluator Episodes = 830 | Evaluator Steps = 41500 | Final Dist = 0.357 | Final Dist 10 = 2.565 | Final Dist 100 = 1.347 | Final Dist 1000 = 1.693 | Init Dist = 3.606 | Init Dist 10 = 5.975 | Init Dist 100 = 5.423 | Init Dist 1000 = 5.930 | Learner Steps = 2454 | Learner Walltime = 494.040 | Min Dist = 0.104 | Min Dist 10 = 0.234 | Min Dist 100 = 0.200 | Min Dist 1000 = 0.266 | Steps Per Second = 87.237 | Success = 1.000 | Success 1000 = 0.987
I0502 15:14:32.094322 139579566835264 terminal.py:91] [Evaluator] Actor Episodes = 3353 | Actor Steps = 167650 | Delta Dist = 11.625 | Delta Dist 10 = 11.732 | Delta Dist 100 = 11.594 | Delta Dist 1000 = 10.528 | Episode Length = 50 | Episode Return = 15.0 | Evaluator Episodes = 834 | Evaluator Steps = 41700 | Final Dist = 1.181 | Final Dist 10 = 1.075 | Final Dist 100 = 1.213 | Final Dist 1000 = 2.278 | Init Dist = 12.806 | Init Dist 10 = 12.806 | Init Dist 100 = 12.806 | Init Dist 1000 = 12.806 | Learner Steps = 2466 | Learner Walltime = 496.270 | Min Dist = 0.045 | Min Dist 10 = 0.258 | Min Dist 100 = 0.583 | Min Dist 1000 = 1.519 | Steps Per Second = 92.245 | Success = 1.000 | Success 1000 = 0.788
I0502 15:14:32.262695 139557462840896 terminal.py:91] [Actor] Actor Episodes = 3352 | Actor Steps = 167600 | Delta Dist = 7.666 | Delta Dist 10 = 3.649 | Delta Dist 100 = 4.079 | Delta Dist 1000 = 4.236 | Episode Length = 50 | Episode Return = 27.0 | Evaluator Episodes = 832 | Evaluator Steps = 41600 | Final Dist = 0.396 | Final Dist 10 = 2.443 | Final Dist 100 = 1.498 | Final Dist 1000 = 1.706 | Init Dist = 8.062 | Init Dist 10 = 6.092 | Init Dist 100 = 5.578 | Init Dist 1000 = 5.942 | Learner Steps = 2460 | Learner Walltime = 495.112 | Min Dist = 0.197 | Min Dist 10 = 0.086 | Min Dist 100 = 0.198 | Min Dist 1000 = 0.266 | Steps Per Second = 91.669 | Success = 1.000 | Success 1000 = 0.988
I0502 15:14:32.546629 139555860620864 terminal.py:91] [Actor] Actor Episodes = 3354 | Actor Steps = 167700 | Delta Dist = 4.456 | Delta Dist 10 = 3.327 | Delta Dist 100 = 4.083 | Delta Dist 1000 = 4.234 | Episode Length = 50 | Episode Return = 12.0 | Evaluator Episodes = 832 | Evaluator Steps = 41600 | Final Dist = 0.017 | Final Dist 10 = 2.989 | Final Dist 100 = 1.506 | Final Dist 1000 = 1.712 | Init Dist = 4.472 | Init Dist 10 = 6.316 | Init Dist 100 = 5.588 | Init Dist 1000 = 5.946 | Learner Steps = 2460 | Learner Walltime = 495.112 | Min Dist = 0.003 | Min Dist 10 = 0.104 | Min Dist 100 = 0.200 | Min Dist 1000 = 0.266 | Steps Per Second = 88.953 | Success = 1.000 | Success 1000 = 0.988
I0502 15:14:33.240337 139579566835264 terminal.py:91] [Evaluator] Actor Episodes = 3361 | Actor Steps = 168050 | Delta Dist = 12.189 | Delta Dist 10 = 11.614 | Delta Dist 100 = 11.577 | Delta Dist 1000 = 10.530 | Episode Length = 50 | Episode Return = 10.0 | Evaluator Episodes = 836 | Evaluator Steps = 41800 | Final Dist = 0.617 | Final Dist 10 = 1.192 | Final Dist 100 = 1.230 | Final Dist 1000 = 2.276 | Init Dist = 12.806 | Init Dist 10 = 12.806 | Init Dist 100 = 12.806 | Init Dist 1000 = 12.806 | Learner Steps = 2466 | Learner Walltime = 496.270 | Min Dist = 0.404 | Min Dist 10 = 0.248 | Min Dist 100 = 0.583 | Min Dist 1000 = 1.516 | Steps Per Second = 90.452 | Success = 1.000 | Success 1000 = 0.788
I0502 15:14:34.469970 139579566835264 terminal.py:91] [Evaluator] Actor Episodes = 3369 | Actor Steps = 168450 | Delta Dist = 11.588 | Delta Dist 10 = 11.641 | Delta Dist 100 = 11.565 | Delta Dist 1000 = 10.533 | Episode Length = 50 | Episode Return = 15.0 | Evaluator Episodes = 838 | Evaluator Steps = 41900 | Final Dist = 1.218 | Final Dist 10 = 1.165 | Final Dist 100 = 1.241 | Final Dist 1000 = 2.273 | Init Dist = 12.806 | Init Dist 10 = 12.806 | Init Dist 100 = 12.806 | Init Dist 1000 = 12.806 | Learner Steps = 2473 | Learner Walltime = 497.455 | Min Dist = 0.074 | Min Dist 10 = 0.258 | Min Dist 100 = 0.581 | Min Dist 1000 = 1.513 | Steps Per Second = 82.370 | Success = 1.000 | Success 1000 = 0.789
I0502 15:14:35.118777 139558059398720 terminal.py:91] [Actor] Actor Episodes = 3372 | Actor Steps = 168600 | Delta Dist = 1.148 | Delta Dist 10 = 3.539 | Delta Dist 100 = 4.271 | Delta Dist 1000 = 4.258 | Episode Length = 50 | Episode Return = 28.0 | Evaluator Episodes = 838 | Evaluator Steps = 41900 | Final Dist = 0.266 | Final Dist 10 = 2.160 | Final Dist 100 = 1.564 | Final Dist 1000 = 1.708 | Init Dist = 1.414 | Init Dist 10 = 5.699 | Init Dist 100 = 5.835 | Init Dist 1000 = 5.966 | Learner Steps = 2473 | Learner Walltime = 497.455 | Min Dist = 0.009 | Min Dist 10 = 1.449 | Min Dist 100 = 0.332 | Min Dist 1000 = 0.278 | Steps Per Second = 85.695 | Success = 1.000 | Success 1000 = 0.988
I0502 15:14:35.530802 139584504182336 lp_utils.py:96] StepsLimiter: Reached 168850 recorded steps
I0502 15:14:35.692917 139579566835264 terminal.py:91] [Evaluator] Actor Episodes = 3377 | Actor Steps = 168850 | Delta Dist = 12.434 | Delta Dist 10 = 11.776 | Delta Dist 100 = 11.564 | Delta Dist 1000 = 10.536 | Episode Length = 50 | Episode Return = 6.0 | Evaluator Episodes = 840 | Evaluator Steps = 42000 | Final Dist = 0.372 | Final Dist 10 = 1.030 | Final Dist 100 = 1.242 | Final Dist 1000 = 2.270 | Init Dist = 12.806 | Init Dist 10 = 12.806 | Init Dist 100 = 12.806 | Init Dist 1000 = 12.806 | Learner Steps = 2479 | Learner Walltime = 498.843 | Min Dist = 0.273 | Min Dist 10 = 0.252 | Min Dist 100 = 0.583 | Min Dist 1000 = 1.510 | Steps Per Second = 82.330 | Success = 1.000 | Success 1000 = 0.789
I0502 15:14:36.469841 139555013154368 terminal.py:91] [Learner] Actor Episodes = 3379 | Actor Loss = 3.9580180644989014 | Actor Steps = 168950 | Binary Accuracy = 0.9959697723388672 | Categorical Accuracy = 0.38702392578125 | Critic Loss = 2.153348922729492 | Entropy Mean = -15.798269271850586 | Evaluator Episodes = 840 | Evaluator Steps = 42000 | Learner Steps = 2489 | Learner Walltime = 500.668 | Logits Neg = -15.99974536895752 | Logits Pos = -2.1795341968536377 | Logsumexp = 1.2211246490478516 | Steps Per Second = 152.756
I0502 15:14:36.851249 139579566835264 terminal.py:91] [Evaluator] Actor Episodes = 3385 | Actor Steps = 169250 | Delta Dist = 12.636 | Delta Dist 10 = 11.717 | Delta Dist 100 = 11.562 | Delta Dist 1000 = 10.539 | Episode Length = 50 | Episode Return = 4.0 | Evaluator Episodes = 842 | Evaluator Steps = 42100 | Final Dist = 0.170 | Final Dist 10 = 1.089 | Final Dist 100 = 1.244 | Final Dist 1000 = 2.267 | Init Dist = 12.806 | Init Dist 10 = 12.806 | Init Dist 100 = 12.806 | Init Dist 1000 = 12.806 | Learner Steps = 2486 | Learner Walltime = 500.057 | Min Dist = 0.170 | Min Dist 10 = 0.260 | Min Dist 100 = 0.571 | Min Dist 1000 = 1.507 | Steps Per Second = 86.818 | Success = 1.000 | Success 1000 = 0.790
I0502 15:14:38.096759 139579566835264 terminal.py:91] [Evaluator] Actor Episodes = 3395 | Actor Steps = 169750 | Delta Dist = 11.541 | Delta Dist 10 = 11.861 | Delta Dist 100 = 11.578 | Delta Dist 1000 = 10.544 | Episode Length = 50 | Episode Return = 24.0 | Evaluator Episodes = 844 | Evaluator Steps = 42200 | Final Dist = 1.265 | Final Dist 10 = 0.946 | Final Dist 100 = 1.228 | Final Dist 1000 = 2.263 | Init Dist = 12.806 | Init Dist 10 = 12.806 | Init Dist 100 = 12.806 | Init Dist 1000 = 12.806 | Learner Steps = 2492 | Learner Walltime = 501.301 | Min Dist = 0.055 | Min Dist 10 = 0.197 | Min Dist 100 = 0.569 | Min Dist 1000 = 1.504 | Steps Per Second = 78.717 | Success = 1.000 | Success 1000 = 0.790
I0502 15:14:39.280681 139579566835264 terminal.py:91] [Evaluator] Actor Episodes = 3401 | Actor Steps = 170050 | Delta Dist = 11.463 | Delta Dist 10 = 11.956 | Delta Dist 100 = 11.584 | Delta Dist 1000 = 10.547 | Episode Length = 50 | Episode Return = 6.0 | Evaluator Episodes = 846 | Evaluator Steps = 42300 | Final Dist = 1.343 | Final Dist 10 = 0.850 | Final Dist 100 = 1.222 | Final Dist 1000 = 2.259 | Init Dist = 12.806 | Init Dist 10 = 12.806 | Init Dist 100 = 12.806 | Init Dist 1000 = 12.806 | Learner Steps = 2499 | Learner Walltime = 502.441 | Min Dist = 0.192 | Min Dist 10 = 0.207 | Min Dist 100 = 0.570 | Min Dist 1000 = 1.500 | Steps Per Second = 82.058 | Success = 1.000 | Success 1000 = 0.791
I0502 15:14:40.474624 139579566835264 terminal.py:91] [Evaluator] Actor Episodes = 3410 | Actor Steps = 170500 | Delta Dist = 10.363 | Delta Dist 10 = 11.907 | Delta Dist 100 = 11.611 | Delta Dist 1000 = 10.549 | Episode Length = 50 | Episode Return = 11.0 | Evaluator Episodes = 848 | Evaluator Steps = 42400 | Final Dist = 2.443 | Final Dist 10 = 0.900 | Final Dist 100 = 1.195 | Final Dist 1000 = 2.257 | Init Dist = 12.806 | Init Dist 10 = 12.806 | Init Dist 100 = 12.806 | Init Dist 1000 = 12.806 | Learner Steps = 2510 | Learner Walltime = 504.563 | Min Dist = 0.042 | Min Dist 10 = 0.177 | Min Dist 100 = 0.529 | Min Dist 1000 = 1.497 | Steps Per Second = 91.596 | Success = 1.000 | Success 1000 = 0.791
I0502 15:14:41.693342 139569349502528 terminal.py:91] [Actor] Actor Episodes = 3415 | Actor Steps = 170750 | Delta Dist = -3.149 | Delta Dist 10 = 3.157 | Delta Dist 100 = 3.987 | Delta Dist 1000 = 4.210 | Episode Length = 50 | Episode Return = 0.0 | Evaluator Episodes = 848 | Evaluator Steps = 42400 | Final Dist = 3.149 | Final Dist 10 = 0.851 | Final Dist 100 = 1.657 | Final Dist 1000 = 1.699 | Init Dist = 0.000 | Init Dist 10 = 4.007 | Init Dist 100 = 5.644 | Init Dist 1000 = 5.910 | Learner Steps = 2510 | Learner Walltime = 504.563 | Min Dist = 0.000 | Min Dist 10 = 0.133 | Min Dist 100 = 0.447 | Min Dist 1000 = 0.289 | Steps Per Second = 79.351 | Success = 1.000 | Success 1000 = 0.988
I0502 15:14:41.733706 139579566835264 terminal.py:91] [Evaluator] Actor Episodes = 3418 | Actor Steps = 170900 | Delta Dist = 11.401 | Delta Dist 10 = 11.714 | Delta Dist 100 = 11.579 | Delta Dist 1000 = 10.550 | Episode Length = 50 | Episode Return = 19.0 | Evaluator Episodes = 850 | Evaluator Steps = 42500 | Final Dist = 1.406 | Final Dist 10 = 1.093 | Final Dist 100 = 1.227 | Final Dist 1000 = 2.256 | Init Dist = 12.806 | Init Dist 10 = 12.806 | Init Dist 100 = 12.806 | Init Dist 1000 = 12.806 | Learner Steps = 2516 | Learner Walltime = 505.754 | Min Dist = 0.131 | Min Dist 10 = 0.177 | Min Dist 100 = 0.531 | Min Dist 1000 = 1.494 | Steps Per Second = 79.201 | Success = 1.000 | Success 1000 = 0.792
I0502 15:14:42.579206 139555860620864 terminal.py:91] [Actor] Actor Episodes = 3421 | Actor Steps = 171050 | Delta Dist = 8.926 | Delta Dist 10 = 2.681 | Delta Dist 100 = 3.831 | Delta Dist 1000 = 4.204 | Episode Length = 50 | Episode Return = 36.0 | Evaluator Episodes = 850 | Evaluator Steps = 42500 | Final Dist = 0.923 | Final Dist 10 = 1.013 | Final Dist 100 = 1.608 | Final Dist 1000 = 1.697 | Init Dist = 9.849 | Init Dist 10 = 3.693 | Init Dist 100 = 5.440 | Init Dist 1000 = 5.902 | Learner Steps = 2516 | Learner Walltime = 505.754 | Min Dist = 0.079 | Min Dist 10 = 0.148 | Min Dist 100 = 0.363 | Min Dist 1000 = 0.289 | Steps Per Second = 74.427 | Success = 1.000 | Success 1000 = 0.988
I0502 15:14:42.790146 139557462840896 terminal.py:91] [Actor] Actor Episodes = 3426 | Actor Steps = 171300 | Delta Dist = 2.967 | Delta Dist 10 = 3.355 | Delta Dist 100 = 3.850 | Delta Dist 1000 = 4.203 | Episode Length = 50 | Episode Return = 46.0 | Evaluator Episodes = 850 | Evaluator Steps = 42500 | Final Dist = 0.195 | Final Dist 10 = 0.964 | Final Dist 100 = 1.550 | Final Dist 1000 = 1.696 | Init Dist = 3.162 | Init Dist 10 = 4.320 | Init Dist 100 = 5.400 | Init Dist 1000 = 5.898 | Learner Steps = 2521 | Learner Walltime = 506.773 | Min Dist = 0.038 | Min Dist 10 = 0.115 | Min Dist 100 = 0.358 | Min Dist 1000 = 0.288 | Steps Per Second = 80.231 | Success = 1.000 | Success 1000 = 0.988
I0502 15:14:43.022707 139579566835264 terminal.py:91] [Evaluator] Actor Episodes = 3426 | Actor Steps = 171300 | Delta Dist = 12.648 | Delta Dist 10 = 11.701 | Delta Dist 100 = 11.573 | Delta Dist 1000 = 10.553 | Episode Length = 50 | Episode Return = 26.0 | Evaluator Episodes = 852 | Evaluator Steps = 42600 | Final Dist = 0.158 | Final Dist 10 = 1.105 | Final Dist 100 = 1.233 | Final Dist 1000 = 2.254 | Init Dist = 12.806 | Init Dist 10 = 12.806 | Init Dist 100 = 12.806 | Init Dist 1000 = 12.806 | Learner Steps = 2521 | Learner Walltime = 506.773 | Min Dist = 0.150 | Min Dist 10 = 0.186 | Min Dist 100 = 0.534 | Min Dist 1000 = 1.491 | Steps Per Second = 85.398 | Success = 1.000 | Success 1000 = 0.792
I0502 15:14:44.169607 139579566835264 terminal.py:91] [Evaluator] Actor Episodes = 3434 | Actor Steps = 171700 | Delta Dist = 12.306 | Delta Dist 10 = 11.598 | Delta Dist 100 = 11.566 | Delta Dist 1000 = 10.556 | Episode Length = 50 | Episode Return = 10.0 | Evaluator Episodes = 854 | Evaluator Steps = 42700 | Final Dist = 0.500 | Final Dist 10 = 1.208 | Final Dist 100 = 1.241 | Final Dist 1000 = 2.250 | Init Dist = 12.806 | Init Dist 10 = 12.806 | Init Dist 100 = 12.806 | Init Dist 1000 = 12.806 | Learner Steps = 2527 | Learner Walltime = 507.912 | Min Dist = 0.078 | Min Dist 10 = 0.196 | Min Dist 100 = 0.533 | Min Dist 1000 = 1.488 | Steps Per Second = 88.772 | Success = 1.000 | Success 1000 = 0.792
I0502 15:14:45.289360 139579566835264 terminal.py:91] [Evaluator] Actor Episodes = 3442 | Actor Steps = 172100 | Delta Dist = 10.472 | Delta Dist 10 = 11.604 | Delta Dist 100 = 11.570 | Delta Dist 1000 = 10.559 | Episode Length = 50 | Episode Return = 12.0 | Evaluator Episodes = 856 | Evaluator Steps = 42800 | Final Dist = 2.334 | Final Dist 10 = 1.203 | Final Dist 100 = 1.236 | Final Dist 1000 = 2.247 | Init Dist = 12.806 | Init Dist 10 = 12.806 | Init Dist 100 = 12.806 | Init Dist 1000 = 12.806 | Learner Steps = 2533 | Learner Walltime = 509.110 | Min Dist = 0.148 | Min Dist 10 = 0.235 | Min Dist 100 = 0.535 | Min Dist 1000 = 1.486 | Steps Per Second = 89.886 | Success = 1.000 | Success 1000 = 0.793
I0502 15:14:45.548796 139584504182336 lp_utils.py:96] StepsLimiter: Reached 172200 recorded steps
I0502 15:14:45.675164 139558059398720 terminal.py:91] [Actor] Actor Episodes = 3443 | Actor Steps = 172150 | Delta Dist = 4.854 | Delta Dist 10 = 4.913 | Delta Dist 100 = 4.220 | Delta Dist 1000 = 4.233 | Episode Length = 50 | Episode Return = 39.0 | Evaluator Episodes = 854 | Evaluator Steps = 42700 | Final Dist = 0.531 | Final Dist 10 = 0.883 | Final Dist 100 = 1.284 | Final Dist 1000 = 1.656 | Init Dist = 5.385 | Init Dist 10 = 5.796 | Init Dist 100 = 5.505 | Init Dist 1000 = 5.889 | Learner Steps = 2533 | Learner Walltime = 509.110 | Min Dist = 0.008 | Min Dist 10 = 0.076 | Min Dist 100 = 0.347 | Min Dist 1000 = 0.278 | Steps Per Second = 84.751 | Success = 1.000 | Success 1000 = 0.988
I0502 15:14:46.361033 139579566835264 terminal.py:91] [Evaluator] Actor Episodes = 3450 | Actor Steps = 172500 | Delta Dist = 11.432 | Delta Dist 10 = 11.515 | Delta Dist 100 = 11.564 | Delta Dist 1000 = 10.560 | Episode Length = 50 | Episode Return = 5.0 | Evaluator Episodes = 858 | Evaluator Steps = 42900 | Final Dist = 1.374 | Final Dist 10 = 1.291 | Final Dist 100 = 1.243 | Final Dist 1000 = 2.246 | Init Dist = 12.806 | Init Dist 10 = 12.806 | Init Dist 100 = 12.806 | Init Dist 1000 = 12.806 | Learner Steps = 2540 | Learner Walltime = 510.251 | Min Dist = 0.169 | Min Dist 10 = 0.272 | Min Dist 100 = 0.532 | Min Dist 1000 = 1.483 | Steps Per Second = 100.723 | Success = 1.000 | Success 1000 = 0.793
I0502 15:14:46.660645 139555013154368 terminal.py:91] [Learner] Actor Episodes = 3448 | Actor Loss = 3.84429931640625 | Actor Steps = 172400 | Binary Accuracy = 0.9958875179290771 | Categorical Accuracy = 0.37158203125 | Critic Loss = 2.2673263549804688 | Entropy Mean = -13.377288818359375 | Evaluator Episodes = 856 | Evaluator Steps = 42800 | Learner Steps = 2543 | Learner Walltime = 510.856 | Logits Neg = -15.167522430419922 | Logits Pos = -2.2445929050445557 | Logsumexp = 1.3725159168243408 | Steps Per Second = 185.302
I0502 15:14:47.573429 139579566835264 terminal.py:91] [Evaluator] Actor Episodes = 3458 | Actor Steps = 172900 | Delta Dist = 10.791 | Delta Dist 10 = 11.621 | Delta Dist 100 = 11.575 | Delta Dist 1000 = 10.562 | Episode Length = 50 | Episode Return = 0.0 | Evaluator Episodes = 860 | Evaluator Steps = 43000 | Final Dist = 2.015 | Final Dist 10 = 1.185 | Final Dist 100 = 1.231 | Final Dist 1000 = 2.244 | Init Dist = 12.806 | Init Dist 10 = 12.806 | Init Dist 100 = 12.806 | Init Dist 1000 = 12.806 | Learner Steps = 2547 | Learner Walltime = 511.586 | Min Dist = 1.738 | Min Dist 10 = 0.243 | Min Dist 100 = 0.508 | Min Dist 1000 = 1.480 | Steps Per Second = 79.368 | Success = 0.000 | Success 1000 = 0.794
I0502 15:14:48.767345 139579566835264 terminal.py:91] [Evaluator] Actor Episodes = 3466 | Actor Steps = 173300 | Delta Dist = 11.524 | Delta Dist 10 = 11.583 | Delta Dist 100 = 11.566 | Delta Dist 1000 = 10.565 | Episode Length = 50 | Episode Return = 8.0 | Evaluator Episodes = 862 | Evaluator Steps = 43100 | Final Dist = 1.282 | Final Dist 10 = 1.223 | Final Dist 100 = 1.240 | Final Dist 1000 = 2.242 | Init Dist = 12.806 | Init Dist 10 = 12.806 | Init Dist 100 = 12.806 | Init Dist 1000 = 12.806 | Learner Steps = 2553 | Learner Walltime = 512.719 | Min Dist = 0.271 | Min Dist 10 = 0.423 | Min Dist 100 = 0.526 | Min Dist 1000 = 1.479 | Steps Per Second = 86.064 | Success = 1.000 | Success 1000 = 0.793
I0502 15:14:50.094423 139579566835264 terminal.py:91] [Evaluator] Actor Episodes = 3474 | Actor Steps = 173700 | Delta Dist = 11.591 | Delta Dist 10 = 11.582 | Delta Dist 100 = 11.569 | Delta Dist 1000 = 10.568 | Episode Length = 50 | Episode Return = 16.0 | Evaluator Episodes = 864 | Evaluator Steps = 43200 | Final Dist = 1.215 | Final Dist 10 = 1.224 | Final Dist 100 = 1.237 | Final Dist 1000 = 2.238 | Init Dist = 12.806 | Init Dist 10 = 12.806 | Init Dist 100 = 12.806 | Init Dist 1000 = 12.806 | Learner Steps = 2558 | Learner Walltime = 513.850 | Min Dist = 0.081 | Min Dist 10 = 0.432 | Min Dist 100 = 0.524 | Min Dist 1000 = 1.476 | Steps Per Second = 75.533 | Success = 1.000 | Success 1000 = 0.794
I0502 15:14:51.298794 139579566835264 terminal.py:91] [Evaluator] Actor Episodes = 3482 | Actor Steps = 174100 | Delta Dist = 12.250 | Delta Dist 10 = 11.548 | Delta Dist 100 = 11.595 | Delta Dist 1000 = 10.571 | Episode Length = 50 | Episode Return = 15.0 | Evaluator Episodes = 866 | Evaluator Steps = 43300 | Final Dist = 0.556 | Final Dist 10 = 1.258 | Final Dist 100 = 1.211 | Final Dist 1000 = 2.236 | Init Dist = 12.806 | Init Dist 10 = 12.806 | Init Dist 100 = 12.806 | Init Dist 1000 = 12.806 | Learner Steps = 2565 | Learner Walltime = 515.160 | Min Dist = 0.215 | Min Dist 10 = 0.388 | Min Dist 100 = 0.499 | Min Dist 1000 = 1.473 | Steps Per Second = 83.250 | Success = 1.000 | Success 1000 = 0.794
I0502 15:14:51.863871 139569349502528 terminal.py:91] [Actor] Actor Episodes = 3486 | Actor Steps = 174300 | Delta Dist = 6.993 | Delta Dist 10 = 3.917 | Delta Dist 100 = 4.295 | Delta Dist 1000 = 4.206 | Episode Length = 50 | Episode Return = 50.0 | Evaluator Episodes = 866 | Evaluator Steps = 43300 | Final Dist = 0.287 | Final Dist 10 = 1.736 | Final Dist 100 = 1.352 | Final Dist 1000 = 1.656 | Init Dist = 7.280 | Init Dist 10 = 5.653 | Init Dist 100 = 5.647 | Init Dist 1000 = 5.862 | Learner Steps = 2565 | Learner Walltime = 515.160 | Min Dist = 0.023 | Min Dist 10 = 0.358 | Min Dist 100 = 0.274 | Min Dist 1000 = 0.283 | Steps Per Second = 92.692 | Success = 1.000 | Success 1000 = 0.990
I0502 15:14:52.394003 139579566835264 terminal.py:91] [Evaluator] Actor Episodes = 3490 | Actor Steps = 174500 | Delta Dist = 1.430 | Delta Dist 10 = 11.726 | Delta Dist 100 = 11.592 | Delta Dist 1000 = 10.574 | Episode Length = 50 | Episode Return = 0.0 | Evaluator Episodes = 868 | Evaluator Steps = 43400 | Final Dist = 11.377 | Final Dist 10 = 1.080 | Final Dist 100 = 1.214 | Final Dist 1000 = 2.232 | Init Dist = 12.806 | Init Dist 10 = 12.806 | Init Dist 100 = 12.806 | Init Dist 1000 = 12.806 | Learner Steps = 2571 | Learner Walltime = 516.193 | Min Dist = 9.156 | Min Dist 10 = 0.355 | Min Dist 100 = 0.500 | Min Dist 1000 = 1.470 | Steps Per Second = 91.011 | Success = 0.000 | Success 1000 = 0.795
I0502 15:14:53.057628 139555860620864 terminal.py:91] [Actor] Actor Episodes = 3493 | Actor Steps = 174650 | Delta Dist = 4.081 | Delta Dist 10 = 4.414 | Delta Dist 100 = 4.215 | Delta Dist 1000 = 4.204 | Episode Length = 50 | Episode Return = 40.0 | Evaluator Episodes = 868 | Evaluator Steps = 43400 | Final Dist = 0.392 | Final Dist 10 = 2.816 | Final Dist 100 = 1.527 | Final Dist 1000 = 1.661 | Init Dist = 4.472 | Init Dist 10 = 7.230 | Init Dist 100 = 5.742 | Init Dist 1000 = 5.865 | Learner Steps = 2571 | Learner Walltime = 516.193 | Min Dist = 0.113 | Min Dist 10 = 0.380 | Min Dist 100 = 0.282 | Min Dist 1000 = 0.283 | Steps Per Second = 86.194 | Success = 1.000 | Success 1000 = 0.990
I0502 15:14:53.226595 139557462840896 terminal.py:91] [Actor] Actor Episodes = 3498 | Actor Steps = 174900 | Delta Dist = 2.000 | Delta Dist 10 = 3.000 | Delta Dist 100 = 4.149 | Delta Dist 1000 = 4.198 | Episode Length = 50 | Episode Return = 44.0 | Evaluator Episodes = 868 | Evaluator Steps = 43400 | Final Dist = 0.236 | Final Dist 10 = 3.325 | Final Dist 100 = 1.583 | Final Dist 1000 = 1.666 | Init Dist = 2.236 | Init Dist 10 = 6.325 | Init Dist 100 = 5.732 | Init Dist 1000 = 5.864 | Learner Steps = 2578 | Learner Walltime = 517.379 | Min Dist = 0.062 | Min Dist 10 = 0.537 | Min Dist 100 = 0.319 | Min Dist 1000 = 0.287 | Steps Per Second = 76.378 | Success = 1.000 | Success 1000 = 0.990
I0502 15:14:53.636678 139579566835264 terminal.py:91] [Evaluator] Actor Episodes = 3498 | Actor Steps = 174900 | Delta Dist = 11.631 | Delta Dist 10 = 10.744 | Delta Dist 100 = 11.486 | Delta Dist 1000 = 10.565 | Episode Length = 50 | Episode Return = 23.0 | Evaluator Episodes = 870 | Evaluator Steps = 43500 | Final Dist = 1.175 | Final Dist 10 = 2.062 | Final Dist 100 = 1.320 | Final Dist 1000 = 2.242 | Init Dist = 12.806 | Init Dist 10 = 12.806 | Init Dist 100 = 12.806 | Init Dist 1000 = 12.806 | Learner Steps = 2578 | Learner Walltime = 517.379 | Min Dist = 0.088 | Min Dist 10 = 1.255 | Min Dist 100 = 0.582 | Min Dist 1000 = 1.477 | Steps Per Second = 79.333 | Success = 1.000 | Success 1000 = 0.794
I0502 15:14:54.852000 139579566835264 terminal.py:91] [Evaluator] Actor Episodes = 3506 | Actor Steps = 175300 | Delta Dist = 11.531 | Delta Dist 10 = 10.791 | Delta Dist 100 = 11.490 | Delta Dist 1000 = 10.567 | Episode Length = 50 | Episode Return = 18.0 | Evaluator Episodes = 872 | Evaluator Steps = 43600 | Final Dist = 1.276 | Final Dist 10 = 2.015 | Final Dist 100 = 1.316 | Final Dist 1000 = 2.239 | Init Dist = 12.806 | Init Dist 10 = 12.806 | Init Dist 100 = 12.806 | Init Dist 1000 = 12.806 | Learner Steps = 2584 | Learner Walltime = 518.676 | Min Dist = 0.030 | Min Dist 10 = 1.034 | Min Dist 100 = 0.574 | Min Dist 1000 = 1.474 | Steps Per Second = 81.823 | Success = 1.000 | Success 1000 = 0.794
I0502 15:14:55.568618 139584504182336 lp_utils.py:96] StepsLimiter: Reached 175500 recorded steps
I0502 15:14:56.024070 139579566835264 terminal.py:91] [Evaluator] Actor Episodes = 3514 | Actor Steps = 175700 | Delta Dist = 11.074 | Delta Dist 10 = 10.767 | Delta Dist 100 = 11.493 | Delta Dist 1000 = 10.570 | Episode Length = 50 | Episode Return = 10.0 | Evaluator Episodes = 874 | Evaluator Steps = 43700 | Final Dist = 1.732 | Final Dist 10 = 2.039 | Final Dist 100 = 1.313 | Final Dist 1000 = 2.236 | Init Dist = 12.806 | Init Dist 10 = 12.806 | Init Dist 100 = 12.806 | Init Dist 1000 = 12.806 | Learner Steps = 2590 | Learner Walltime = 519.863 | Min Dist = 0.603 | Min Dist 10 = 1.013 | Min Dist 100 = 0.570 | Min Dist 1000 = 1.471 | Steps Per Second = 85.590 | Success = 1.000 | Success 1000 = 0.795
I0502 15:14:56.066090 139558059398720 terminal.py:91] [Actor] Actor Episodes = 3511 | Actor Steps = 175550 | Delta Dist = 7.656 | Delta Dist 10 = 4.100 | Delta Dist 100 = 4.037 | Delta Dist 1000 = 4.185 | Episode Length = 50 | Episode Return = 35.0 | Evaluator Episodes = 872 | Evaluator Steps = 43600 | Final Dist = 0.154 | Final Dist 10 = 2.833 | Final Dist 100 = 1.775 | Final Dist 1000 = 1.673 | Init Dist = 7.810 | Init Dist 10 = 6.933 | Init Dist 100 = 5.812 | Init Dist 1000 = 5.857 | Learner Steps = 2584 | Learner Walltime = 518.676 | Min Dist = 0.107 | Min Dist 10 = 0.184 | Min Dist 100 = 0.258 | Min Dist 1000 = 0.287 | Steps Per Second = 83.021 | Success = 1.000 | Success 1000 = 0.991
I0502 15:14:56.674611 139555013154368 terminal.py:91] [Learner] Actor Episodes = 3518 | Actor Loss = 3.8981575965881348 | Actor Steps = 175900 | Binary Accuracy = 0.9958691596984863 | Categorical Accuracy = 0.374755859375 | Critic Loss = 2.1469545364379883 | Entropy Mean = -14.030006408691406 | Evaluator Episodes = 874 | Evaluator Steps = 43700 | Learner Steps = 2596 | Learner Walltime = 520.870 | Logits Neg = -16.215469360351562 | Logits Pos = -2.1465401649475098 | Logsumexp = 1.4020293951034546 | Steps Per Second = 270.024
I0502 15:14:57.246247 139579566835264 terminal.py:91] [Evaluator] Actor Episodes = 3522 | Actor Steps = 176100 | Delta Dist = 11.337 | Delta Dist 10 = 10.785 | Delta Dist 100 = 11.521 | Delta Dist 1000 = 10.573 | Episode Length = 50 | Episode Return = 9.0 | Evaluator Episodes = 876 | Evaluator Steps = 43800 | Final Dist = 1.469 | Final Dist 10 = 2.021 | Final Dist 100 = 1.285 | Final Dist 1000 = 2.233 | Init Dist = 12.806 | Init Dist 10 = 12.806 | Init Dist 100 = 12.806 | Init Dist 1000 = 12.806 | Learner Steps = 2596 | Learner Walltime = 520.870 | Min Dist = 0.156 | Min Dist 10 = 1.074 | Min Dist 100 = 0.532 | Min Dist 1000 = 1.468 | Steps Per Second = 79.523 | Success = 1.000 | Success 1000 = 0.795
I0502 15:14:58.512715 139579566835264 terminal.py:91] [Evaluator] Actor Episodes = 3530 | Actor Steps = 176500 | Delta Dist = 12.287 | Delta Dist 10 = 10.725 | Delta Dist 100 = 11.531 | Delta Dist 1000 = 10.576 | Episode Length = 50 | Episode Return = 7.0 | Evaluator Episodes = 878 | Evaluator Steps = 43900 | Final Dist = 0.519 | Final Dist 10 = 2.081 | Final Dist 100 = 1.275 | Final Dist 1000 = 2.231 | Init Dist = 12.806 | Init Dist 10 = 12.806 | Init Dist 100 = 12.806 | Init Dist 1000 = 12.806 | Learner Steps = 2602 | Learner Walltime = 521.926 | Min Dist = 0.086 | Min Dist 10 = 1.077 | Min Dist 100 = 0.517 | Min Dist 1000 = 1.465 | Steps Per Second = 81.772 | Success = 1.000 | Success 1000 = 0.796
I0502 15:14:59.815373 139579566835264 terminal.py:91] [Evaluator] Actor Episodes = 3538 | Actor Steps = 176900 | Delta Dist = 11.440 | Delta Dist 10 = 11.900 | Delta Dist 100 = 11.577 | Delta Dist 1000 = 10.580 | Episode Length = 50 | Episode Return = 17.0 | Evaluator Episodes = 880 | Evaluator Steps = 44000 | Final Dist = 1.367 | Final Dist 10 = 0.906 | Final Dist 100 = 1.229 | Final Dist 1000 = 2.227 | Init Dist = 12.806 | Init Dist 10 = 12.806 | Init Dist 100 = 12.806 | Init Dist 1000 = 12.806 | Learner Steps = 2607 | Learner Walltime = 523.015 | Min Dist = 0.292 | Min Dist 10 = 0.183 | Min Dist 100 = 0.468 | Min Dist 1000 = 1.462 | Steps Per Second = 71.969 | Success = 1.000 | Success 1000 = 0.796
I0502 15:15:00.986079 139579566835264 terminal.py:91] [Evaluator] Actor Episodes = 3548 | Actor Steps = 177400 | Delta Dist = 12.284 | Delta Dist 10 = 11.870 | Delta Dist 100 = 11.564 | Delta Dist 1000 = 10.582 | Episode Length = 50 | Episode Return = 11.0 | Evaluator Episodes = 882 | Evaluator Steps = 44100 | Final Dist = 0.523 | Final Dist 10 = 0.937 | Final Dist 100 = 1.243 | Final Dist 1000 = 2.224 | Init Dist = 12.806 | Init Dist 10 = 12.806 | Init Dist 100 = 12.806 | Init Dist 1000 = 12.806 | Learner Steps = 2612 | Learner Walltime = 524.073 | Min Dist = 0.214 | Min Dist 10 = 0.238 | Min Dist 100 = 0.469 | Min Dist 1000 = 1.460 | Steps Per Second = 81.844 | Success = 1.000 | Success 1000 = 0.797
I0502 15:15:02.194236 139579566835264 terminal.py:91] [Evaluator] Actor Episodes = 3556 | Actor Steps = 177800 | Delta Dist = 12.386 | Delta Dist 10 = 11.653 | Delta Dist 100 = 11.537 | Delta Dist 1000 = 10.583 | Episode Length = 50 | Episode Return = 15.0 | Evaluator Episodes = 884 | Evaluator Steps = 44200 | Final Dist = 0.420 | Final Dist 10 = 1.153 | Final Dist 100 = 1.269 | Final Dist 1000 = 2.224 | Init Dist = 12.806 | Init Dist 10 = 12.806 | Init Dist 100 = 12.806 | Init Dist 1000 = 12.806 | Learner Steps = 2624 | Learner Walltime = 526.353 | Min Dist = 0.200 | Min Dist 10 = 0.452 | Min Dist 100 = 0.491 | Min Dist 1000 = 1.459 | Steps Per Second = 83.124 | Success = 1.000 | Success 1000 = 0.796
I0502 15:15:02.267202 139569349502528 terminal.py:91] [Actor] Actor Episodes = 3553 | Actor Steps = 177650 | Delta Dist = -4.732 | Delta Dist 10 = 4.158 | Delta Dist 100 = 3.697 | Delta Dist 1000 = 4.143 | Episode Length = 50 | Episode Return = 0.0 | Evaluator Episodes = 882 | Evaluator Steps = 44100 | Final Dist = 10.815 | Final Dist 10 = 1.442 | Final Dist 100 = 2.066 | Final Dist 1000 = 1.692 | Init Dist = 6.083 | Init Dist 10 = 5.600 | Init Dist 100 = 5.763 | Init Dist 1000 = 5.834 | Learner Steps = 2618 | Learner Walltime = 525.217 | Min Dist = 0.244 | Min Dist 10 = 0.120 | Min Dist 100 = 0.269 | Min Dist 1000 = 0.287 | Steps Per Second = 79.962 | Success = 1.000 | Success 1000 = 0.991
I0502 15:15:03.260908 139555860620864 terminal.py:91] [Actor] Actor Episodes = 3564 | Actor Steps = 178200 | Delta Dist = 5.298 | Delta Dist 10 = 4.180 | Delta Dist 100 = 3.865 | Delta Dist 1000 = 4.142 | Episode Length = 50 | Episode Return = 45.0 | Evaluator Episodes = 884 | Evaluator Steps = 44200 | Final Dist = 0.533 | Final Dist 10 = 1.582 | Final Dist 100 = 1.980 | Final Dist 1000 = 1.689 | Init Dist = 5.831 | Init Dist 10 = 5.762 | Init Dist 100 = 5.845 | Init Dist 1000 = 5.830 | Learner Steps = 2629 | Learner Walltime = 527.389 | Min Dist = 0.054 | Min Dist 10 = 0.134 | Min Dist 100 = 0.277 | Min Dist 1000 = 0.288 | Steps Per Second = 82.950 | Success = 1.000 | Success 1000 = 0.991
I0502 15:15:03.442213 139579566835264 terminal.py:91] [Evaluator] Actor Episodes = 3564 | Actor Steps = 178200 | Delta Dist = 11.397 | Delta Dist 10 = 11.798 | Delta Dist 100 = 11.555 | Delta Dist 1000 = 10.587 | Episode Length = 50 | Episode Return = 4.0 | Evaluator Episodes = 886 | Evaluator Steps = 44300 | Final Dist = 1.409 | Final Dist 10 = 1.008 | Final Dist 100 = 1.251 | Final Dist 1000 = 2.219 | Init Dist = 12.806 | Init Dist 10 = 12.806 | Init Dist 100 = 12.806 | Init Dist 1000 = 12.806 | Learner Steps = 2629 | Learner Walltime = 527.389 | Min Dist = 0.757 | Min Dist 10 = 0.397 | Min Dist 100 = 0.485 | Min Dist 1000 = 1.456 | Steps Per Second = 81.303 | Success = 1.000 | Success 1000 = 0.797
I0502 15:15:03.729604 139557462840896 terminal.py:91] [Actor] Actor Episodes = 3563 | Actor Steps = 178150 | Delta Dist = 9.560 | Delta Dist 10 = 3.647 | Delta Dist 100 = 3.844 | Delta Dist 1000 = 4.140 | Episode Length = 50 | Episode Return = 43.0 | Evaluator Episodes = 884 | Evaluator Steps = 44200 | Final Dist = 0.440 | Final Dist 10 = 1.990 | Final Dist 100 = 2.026 | Final Dist 1000 = 1.691 | Init Dist = 10.000 | Init Dist 10 = 5.637 | Init Dist 100 = 5.870 | Init Dist 1000 = 5.832 | Learner Steps = 2624 | Learner Walltime = 526.353 | Min Dist = 0.073 | Min Dist 10 = 0.635 | Min Dist 100 = 0.326 | Min Dist 1000 = 0.293 | Steps Per Second = 78.998 | Success = 1.000 | Success 1000 = 0.991
I0502 15:15:04.722498 139579566835264 terminal.py:91] [Evaluator] Actor Episodes = 3572 | Actor Steps = 178600 | Delta Dist = 12.571 | Delta Dist 10 = 11.757 | Delta Dist 100 = 11.545 | Delta Dist 1000 = 10.589 | Episode Length = 50 | Episode Return = 21.0 | Evaluator Episodes = 888 | Evaluator Steps = 44400 | Final Dist = 0.235 | Final Dist 10 = 1.049 | Final Dist 100 = 1.262 | Final Dist 1000 = 2.217 | Init Dist = 12.806 | Init Dist 10 = 12.806 | Init Dist 100 = 12.806 | Init Dist 1000 = 12.806 | Learner Steps = 2636 | Learner Walltime = 528.510 | Min Dist = 0.091 | Min Dist 10 = 0.459 | Min Dist 100 = 0.486 | Min Dist 1000 = 1.454 | Steps Per Second = 74.868 | Success = 1.000 | Success 1000 = 0.797
I0502 15:15:05.586808 139584504182336 lp_utils.py:96] StepsLimiter: Reached 179000 recorded steps
I0502 15:15:05.923002 139579566835264 terminal.py:91] [Evaluator] Actor Episodes = 3580 | Actor Steps = 179000 | Delta Dist = 11.473 | Delta Dist 10 = 11.736 | Delta Dist 100 = 11.550 | Delta Dist 1000 = 10.593 | Episode Length = 50 | Episode Return = 12.0 | Evaluator Episodes = 890 | Evaluator Steps = 44500 | Final Dist = 1.333 | Final Dist 10 = 1.071 | Final Dist 100 = 1.256 | Final Dist 1000 = 2.214 | Init Dist = 12.806 | Init Dist 10 = 12.806 | Init Dist 100 = 12.806 | Init Dist 1000 = 12.806 | Learner Steps = 2642 | Learner Walltime = 529.624 | Min Dist = 0.178 | Min Dist 10 = 0.445 | Min Dist 100 = 0.478 | Min Dist 1000 = 1.451 | Steps Per Second = 84.040 | Success = 1.000 | Success 1000 = 0.798
I0502 15:15:06.523718 139558059398720 terminal.py:91] [Actor] Actor Episodes = 3583 | Actor Steps = 179150 | Delta Dist = 4.262 | Delta Dist 10 = 3.611 | Delta Dist 100 = 4.052 | Delta Dist 1000 = 4.153 | Episode Length = 50 | Episode Return = 24.0 | Evaluator Episodes = 890 | Evaluator Steps = 44500 | Final Dist = 1.738 | Final Dist 10 = 0.809 | Final Dist 100 = 1.780 | Final Dist 1000 = 1.657 | Init Dist = 6.000 | Init Dist 10 = 4.420 | Init Dist 100 = 5.832 | Init Dist 1000 = 5.811 | Learner Steps = 2642 | Learner Walltime = 529.624 | Min Dist = 0.046 | Min Dist 10 = 0.046 | Min Dist 100 = 0.270 | Min Dist 1000 = 0.298 | Steps Per Second = 101.422 | Success = 1.000 | Success 1000 = 0.991
I0502 15:15:06.928719 139555013154368 terminal.py:91] [Learner] Actor Episodes = 3586 | Actor Loss = 3.8956334590911865 | Actor Steps = 179300 | Binary Accuracy = 0.99588942527771 | Categorical Accuracy = 0.393798828125 | Critic Loss = 2.145313024520874 | Entropy Mean = -14.154471397399902 | Evaluator Episodes = 890 | Evaluator Steps = 44500 | Learner Steps = 2650 | Learner Walltime = 531.128 | Logits Neg = -15.881387710571289 | Logits Pos = -2.147357940673828 | Logsumexp = 1.3780250549316406 | Steps Per Second = 200.222
I0502 15:15:07.102297 139579566835264 terminal.py:91] [Evaluator] Actor Episodes = 3588 | Actor Steps = 179400 | Delta Dist = 12.229 | Delta Dist 10 = 11.812 | Delta Dist 100 = 11.546 | Delta Dist 1000 = 10.596 | Episode Length = 50 | Episode Return = 20.0 | Evaluator Episodes = 892 | Evaluator Steps = 44600 | Final Dist = 0.577 | Final Dist 10 = 0.994 | Final Dist 100 = 1.260 | Final Dist 1000 = 2.210 | Init Dist = 12.806 | Init Dist 10 = 12.806 | Init Dist 100 = 12.806 | Init Dist 1000 = 12.806 | Learner Steps = 2648 | Learner Walltime = 530.721 | Min Dist = 0.254 | Min Dist 10 = 0.401 | Min Dist 100 = 0.474 | Min Dist 1000 = 1.448 | Steps Per Second = 80.835 | Success = 1.000 | Success 1000 = 0.798
I0502 15:15:08.224088 139579566835264 terminal.py:91] [Evaluator] Actor Episodes = 3596 | Actor Steps = 179800 | Delta Dist = 11.503 | Delta Dist 10 = 11.615 | Delta Dist 100 = 11.505 | Delta Dist 1000 = 10.594 | Episode Length = 50 | Episode Return = 20.0 | Evaluator Episodes = 894 | Evaluator Steps = 44700 | Final Dist = 1.303 | Final Dist 10 = 1.191 | Final Dist 100 = 1.301 | Final Dist 1000 = 2.212 | Init Dist = 12.806 | Init Dist 10 = 12.806 | Init Dist 100 = 12.806 | Init Dist 1000 = 12.806 | Learner Steps = 2654 | Learner Walltime = 531.910 | Min Dist = 0.093 | Min Dist 10 = 0.731 | Min Dist 100 = 0.527 | Min Dist 1000 = 1.451 | Steps Per Second = 89.012 | Success = 1.000 | Success 1000 = 0.797
I0502 15:15:09.284993 139579566835264 terminal.py:91] [Evaluator] Actor Episodes = 3604 | Actor Steps = 180200 | Delta Dist = 11.465 | Delta Dist 10 = 11.462 | Delta Dist 100 = 11.506 | Delta Dist 1000 = 10.597 | Episode Length = 50 | Episode Return = 2.0 | Evaluator Episodes = 896 | Evaluator Steps = 44800 | Final Dist = 1.341 | Final Dist 10 = 1.344 | Final Dist 100 = 1.300 | Final Dist 1000 = 2.210 | Init Dist = 12.806 | Init Dist 10 = 12.806 | Init Dist 100 = 12.806 | Init Dist 1000 = 12.806 | Learner Steps = 2661 | Learner Walltime = 533.132 | Min Dist = 0.384 | Min Dist 10 = 0.722 | Min Dist 100 = 0.526 | Min Dist 1000 = 1.448 | Steps Per Second = 92.009 | Success = 1.000 | Success 1000 = 0.798
I0502 15:15:10.499969 139579566835264 terminal.py:91] [Evaluator] Actor Episodes = 3612 | Actor Steps = 180600 | Delta Dist = 12.524 | Delta Dist 10 = 11.470 | Delta Dist 100 = 11.502 | Delta Dist 1000 = 10.599 | Episode Length = 50 | Episode Return = 11.0 | Evaluator Episodes = 898 | Evaluator Steps = 44900 | Final Dist = 0.282 | Final Dist 10 = 1.336 | Final Dist 100 = 1.305 | Final Dist 1000 = 2.207 | Init Dist = 12.806 | Init Dist 10 = 12.806 | Init Dist 100 = 12.806 | Init Dist 1000 = 12.806 | Learner Steps = 2667 | Learner Walltime = 534.379 | Min Dist = 0.143 | Min Dist 10 = 0.713 | Min Dist 100 = 0.527 | Min Dist 1000 = 1.446 | Steps Per Second = 89.616 | Success = 1.000 | Success 1000 = 0.798
I0502 15:15:11.810065 139579566835264 terminal.py:91] [Evaluator] Actor Episodes = 3622 | Actor Steps = 181100 | Delta Dist = 11.553 | Delta Dist 10 = 11.543 | Delta Dist 100 = 11.516 | Delta Dist 1000 = 10.603 | Episode Length = 50 | Episode Return = 2.0 | Evaluator Episodes = 900 | Evaluator Steps = 45000 | Final Dist = 1.253 | Final Dist 10 = 1.263 | Final Dist 100 = 1.290 | Final Dist 1000 = 2.203 | Init Dist = 12.806 | Init Dist 10 = 12.806 | Init Dist 100 = 12.806 | Init Dist 1000 = 12.806 | Learner Steps = 2673 | Learner Walltime = 535.489 | Min Dist = 0.533 | Min Dist 10 = 0.718 | Min Dist 100 = 0.520 | Min Dist 1000 = 1.443 | Steps Per Second = 73.576 | Success = 1.000 | Success 1000 = 0.799
I0502 15:15:12.840974 139569349502528 terminal.py:91] [Actor] Actor Episodes = 3631 | Actor Steps = 181550 | Delta Dist = 2.001 | Delta Dist 10 = 5.163 | Delta Dist 100 = 4.475 | Delta Dist 1000 = 4.180 | Episode Length = 50 | Episode Return = 27.0 | Evaluator Episodes = 900 | Evaluator Steps = 45000 | Final Dist = 1.161 | Final Dist 10 = 1.613 | Final Dist 100 = 1.346 | Final Dist 1000 = 1.644 | Init Dist = 3.162 | Init Dist 10 = 6.776 | Init Dist 100 = 5.821 | Init Dist 1000 = 5.824 | Learner Steps = 2680 | Learner Walltime = 536.547 | Min Dist = 0.108 | Min Dist 10 = 0.131 | Min Dist 100 = 0.202 | Min Dist 1000 = 0.285 | Steps Per Second = 82.619 | Success = 1.000 | Success 1000 = 0.990
I0502 15:15:12.942629 139579566835264 terminal.py:91] [Evaluator] Actor Episodes = 3631 | Actor Steps = 181550 | Delta Dist = 5.216 | Delta Dist 10 = 10.374 | Delta Dist 100 = 11.398 | Delta Dist 1000 = 10.593 | Episode Length = 50 | Episode Return = 0.0 | Evaluator Episodes = 902 | Evaluator Steps = 45100 | Final Dist = 7.590 | Final Dist 10 = 2.432 | Final Dist 100 = 1.409 | Final Dist 1000 = 2.213 | Init Dist = 12.806 | Init Dist 10 = 12.806 | Init Dist 100 = 12.806 | Init Dist 1000 = 12.806 | Learner Steps = 2680 | Learner Walltime = 536.547 | Min Dist = 6.597 | Min Dist 10 = 1.816 | Min Dist 100 = 0.631 | Min Dist 1000 = 1.452 | Steps Per Second = 74.707 | Success = 0.000 | Success 1000 = 0.798
I0502 15:15:13.278356 139555860620864 terminal.py:91] [Actor] Actor Episodes = 3627 | Actor Steps = 181350 | Delta Dist = 0.658 | Delta Dist 10 = 4.758 | Delta Dist 100 = 4.504 | Delta Dist 1000 = 4.167 | Episode Length = 50 | Episode Return = 33.0 | Evaluator Episodes = 900 | Evaluator Steps = 45000 | Final Dist = 0.342 | Final Dist 10 = 1.746 | Final Dist 100 = 1.347 | Final Dist 1000 = 1.644 | Init Dist = 1.000 | Init Dist 10 = 6.504 | Init Dist 100 = 5.852 | Init Dist 1000 = 5.811 | Learner Steps = 2680 | Learner Walltime = 536.547 | Min Dist = 0.091 | Min Dist 10 = 0.160 | Min Dist 100 = 0.205 | Min Dist 1000 = 0.285 | Steps Per Second = 80.824 | Success = 1.000 | Success 1000 = 0.990
I0502 15:15:14.070375 139557462840896 terminal.py:91] [Actor] Actor Episodes = 3634 | Actor Steps = 181700 | Delta Dist = 6.543 | Delta Dist 10 = 2.590 | Delta Dist 100 = 4.388 | Delta Dist 1000 = 4.159 | Episode Length = 50 | Episode Return = 28.0 | Evaluator Episodes = 902 | Evaluator Steps = 45100 | Final Dist = 0.165 | Final Dist 10 = 2.686 | Final Dist 100 = 1.401 | Final Dist 1000 = 1.647 | Init Dist = 6.708 | Init Dist 10 = 5.276 | Init Dist 100 = 5.789 | Init Dist 1000 = 5.806 | Learner Steps = 2685 | Learner Walltime = 537.672 | Min Dist = 0.165 | Min Dist 10 = 0.163 | Min Dist 100 = 0.207 | Min Dist 1000 = 0.285 | Steps Per Second = 108.073 | Success = 1.000 | Success 1000 = 0.990
I0502 15:15:14.136263 139579566835264 terminal.py:91] [Evaluator] Actor Episodes = 3639 | Actor Steps = 181950 | Delta Dist = 11.754 | Delta Dist 10 = 10.068 | Delta Dist 100 = 11.317 | Delta Dist 1000 = 10.588 | Episode Length = 50 | Episode Return = 7.0 | Evaluator Episodes = 904 | Evaluator Steps = 45200 | Final Dist = 1.052 | Final Dist 10 = 2.739 | Final Dist 100 = 1.489 | Final Dist 1000 = 2.218 | Init Dist = 12.806 | Init Dist 10 = 12.806 | Init Dist 100 = 12.806 | Init Dist 1000 = 12.806 | Learner Steps = 2685 | Learner Walltime = 537.672 | Min Dist = 0.342 | Min Dist 10 = 1.956 | Min Dist 100 = 0.700 | Min Dist 1000 = 1.457 | Steps Per Second = 92.932 | Success = 1.000 | Success 1000 = 0.797
I0502 15:15:15.315875 139579566835264 terminal.py:91] [Evaluator] Actor Episodes = 3647 | Actor Steps = 182350 | Delta Dist = 11.940 | Delta Dist 10 = 10.021 | Delta Dist 100 = 11.306 | Delta Dist 1000 = 10.590 | Episode Length = 50 | Episode Return = 31.0 | Evaluator Episodes = 906 | Evaluator Steps = 45300 | Final Dist = 0.866 | Final Dist 10 = 2.785 | Final Dist 100 = 1.500 | Final Dist 1000 = 2.216 | Init Dist = 12.806 | Init Dist 10 = 12.806 | Init Dist 100 = 12.806 | Init Dist 1000 = 12.806 | Learner Steps = 2690 | Learner Walltime = 538.701 | Min Dist = 0.160 | Min Dist 10 = 1.974 | Min Dist 100 = 0.693 | Min Dist 1000 = 1.454 | Steps Per Second = 89.683 | Success = 1.000 | Success 1000 = 0.798
I0502 15:15:15.605302 139584504182336 lp_utils.py:96] StepsLimiter: Reached 182350 recorded steps
I0502 15:15:16.471257 139579566835264 terminal.py:91] [Evaluator] Actor Episodes = 3653 | Actor Steps = 182650 | Delta Dist = 12.275 | Delta Dist 10 = 10.114 | Delta Dist 100 = 11.357 | Delta Dist 1000 = 10.593 | Episode Length = 50 | Episode Return = 27.0 | Evaluator Episodes = 908 | Evaluator Steps = 45400 | Final Dist = 0.531 | Final Dist 10 = 2.693 | Final Dist 100 = 1.449 | Final Dist 1000 = 2.213 | Init Dist = 12.806 | Init Dist 10 = 12.806 | Init Dist 100 = 12.806 | Init Dist 1000 = 12.806 | Learner Steps = 2697 | Learner Walltime = 539.909 | Min Dist = 0.087 | Min Dist 10 = 1.920 | Min Dist 100 = 0.656 | Min Dist 1000 = 1.451 | Steps Per Second = 90.566 | Success = 1.000 | Success 1000 = 0.798
I0502 15:15:16.793613 139558059398720 terminal.py:91] [Actor] Actor Episodes = 3652 | Actor Steps = 182600 | Delta Dist = 3.602 | Delta Dist 10 = 4.436 | Delta Dist 100 = 4.295 | Delta Dist 1000 = 4.152 | Episode Length = 50 | Episode Return = 42.0 | Evaluator Episodes = 906 | Evaluator Steps = 45300 | Final Dist = 0.640 | Final Dist 10 = 1.597 | Final Dist 100 = 1.490 | Final Dist 1000 = 1.630 | Init Dist = 4.243 | Init Dist 10 = 6.034 | Init Dist 100 = 5.785 | Init Dist 1000 = 5.782 | Learner Steps = 2697 | Learner Walltime = 539.909 | Min Dist = 0.262 | Min Dist 10 = 1.149 | Min Dist 100 = 0.314 | Min Dist 1000 = 0.280 | Steps Per Second = 84.943 | Success = 1.000 | Success 1000 = 0.989
I0502 15:15:17.246629 139555013154368 terminal.py:91] [Learner] Actor Episodes = 3655 | Actor Loss = 3.818694591522217 | Actor Steps = 182750 | Binary Accuracy = 0.9959769248962402 | Categorical Accuracy = 0.38946533203125 | Critic Loss = 2.1622865200042725 | Entropy Mean = -17.001853942871094 | Evaluator Episodes = 908 | Evaluator Steps = 45400 | Learner Steps = 2705 | Learner Walltime = 541.443 | Logits Neg = -15.549235343933105 | Logits Pos = -2.140964984893799 | Logsumexp = 1.3072447776794434 | Steps Per Second = 193.263
I0502 15:15:17.630087 139579566835264 terminal.py:91] [Evaluator] Actor Episodes = 3661 | Actor Steps = 183050 | Delta Dist = 3.633 | Delta Dist 10 = 9.943 | Delta Dist 100 = 11.346 | Delta Dist 1000 = 10.596 | Episode Length = 50 | Episode Return = 0.0 | Evaluator Episodes = 910 | Evaluator Steps = 45500 | Final Dist = 9.173 | Final Dist 10 = 2.863 | Final Dist 100 = 1.461 | Final Dist 1000 = 2.210 | Init Dist = 12.806 | Init Dist 10 = 12.806 | Init Dist 100 = 12.806 | Init Dist 1000 = 12.806 | Learner Steps = 2703 | Learner Walltime = 541.067 | Min Dist = 9.173 | Min Dist 10 = 1.925 | Min Dist 100 = 0.655 | Min Dist 1000 = 1.448 | Steps Per Second = 87.408 | Success = 0.000 | Success 1000 = 0.799
I0502 15:15:18.890968 139579566835264 terminal.py:91] [Evaluator] Actor Episodes = 3669 | Actor Steps = 183450 | Delta Dist = 12.306 | Delta Dist 10 = 10.275 | Delta Dist 100 = 11.378 | Delta Dist 1000 = 10.590 | Episode Length = 50 | Episode Return = 27.0 | Evaluator Episodes = 912 | Evaluator Steps = 45600 | Final Dist = 0.501 | Final Dist 10 = 2.532 | Final Dist 100 = 1.428 | Final Dist 1000 = 2.216 | Init Dist = 12.806 | Init Dist 10 = 12.806 | Init Dist 100 = 12.806 | Init Dist 1000 = 12.806 | Learner Steps = 2708 | Learner Walltime = 542.073 | Min Dist = 0.044 | Min Dist 10 = 1.757 | Min Dist 100 = 0.645 | Min Dist 1000 = 1.455 | Steps Per Second = 77.835 | Success = 1.000 | Success 1000 = 0.798
I0502 15:15:20.097485 139579566835264 terminal.py:91] [Evaluator] Actor Episodes = 3679 | Actor Steps = 183950 | Delta Dist = 11.694 | Delta Dist 10 = 11.069 | Delta Dist 100 = 11.390 | Delta Dist 1000 = 10.594 | Episode Length = 50 | Episode Return = 8.0 | Evaluator Episodes = 914 | Evaluator Steps = 45700 | Final Dist = 1.112 | Final Dist 10 = 1.737 | Final Dist 100 = 1.416 | Final Dist 1000 = 2.213 | Init Dist = 12.806 | Init Dist 10 = 12.806 | Init Dist 100 = 12.806 | Init Dist 1000 = 12.806 | Learner Steps = 2714 | Learner Walltime = 543.228 | Min Dist = 0.304 | Min Dist 10 = 1.073 | Min Dist 100 = 0.641 | Min Dist 1000 = 1.452 | Steps Per Second = 89.387 | Success = 1.000 | Success 1000 = 0.798
I0502 15:15:21.289449 139579566835264 terminal.py:91] [Evaluator] Actor Episodes = 3687 | Actor Steps = 184350 | Delta Dist = 11.311 | Delta Dist 10 = 11.088 | Delta Dist 100 = 11.383 | Delta Dist 1000 = 10.596 | Episode Length = 50 | Episode Return = 7.0 | Evaluator Episodes = 916 | Evaluator Steps = 45800 | Final Dist = 1.496 | Final Dist 10 = 1.718 | Final Dist 100 = 1.423 | Final Dist 1000 = 2.211 | Init Dist = 12.806 | Init Dist 10 = 12.806 | Init Dist 100 = 12.806 | Init Dist 1000 = 12.806 | Learner Steps = 2726 | Learner Walltime = 545.454 | Min Dist = 0.194 | Min Dist 10 = 1.088 | Min Dist 100 = 0.645 | Min Dist 1000 = 1.450 | Steps Per Second = 82.345 | Success = 1.000 | Success 1000 = 0.799
I0502 15:15:22.402412 139579566835264 terminal.py:91] [Evaluator] Actor Episodes = 3695 | Actor Steps = 184750 | Delta Dist = 11.459 | Delta Dist 10 = 11.019 | Delta Dist 100 = 11.377 | Delta Dist 1000 = 10.598 | Episode Length = 50 | Episode Return = 3.0 | Evaluator Episodes = 918 | Evaluator Steps = 45900 | Final Dist = 1.347 | Final Dist 10 = 1.787 | Final Dist 100 = 1.429 | Final Dist 1000 = 2.208 | Init Dist = 12.806 | Init Dist 10 = 12.806 | Init Dist 100 = 12.806 | Init Dist 1000 = 12.806 | Learner Steps = 2732 | Learner Walltime = 546.490 | Min Dist = 0.931 | Min Dist 10 = 1.087 | Min Dist 100 = 0.646 | Min Dist 1000 = 1.447 | Steps Per Second = 92.222 | Success = 1.000 | Success 1000 = 0.799
I0502 15:15:22.507310 139583350109760 savers.py:156] Saving checkpoint: logs/contrastive_cpc_point_FourRooms_64/5dd72662-2788-11f0-b183-d85ed38c5779/checkpoints/learner
I0502 15:15:22.971922 139569349502528 terminal.py:91] [Actor] Actor Episodes = 3696 | Actor Steps = 184800 | Delta Dist = 7.493 | Delta Dist 10 = 5.703 | Delta Dist 100 = 4.043 | Delta Dist 1000 = 4.176 | Episode Length = 50 | Episode Return = 49.0 | Evaluator Episodes = 916 | Evaluator Steps = 45800 | Final Dist = 0.123 | Final Dist 10 = 1.075 | Final Dist 100 = 1.922 | Final Dist 1000 = 1.648 | Init Dist = 7.616 | Init Dist 10 = 6.777 | Init Dist 100 = 5.965 | Init Dist 1000 = 5.823 | Learner Steps = 2732 | Learner Walltime = 546.490 | Min Dist = 0.061 | Min Dist 10 = 0.085 | Min Dist 100 = 0.220 | Min Dist 1000 = 0.271 | Steps Per Second = 82.149 | Success = 1.000 | Success 1000 = 0.990
I0502 15:15:23.549315 139579566835264 terminal.py:91] [Evaluator] Actor Episodes = 3699 | Actor Steps = 184950 | Delta Dist = 11.467 | Delta Dist 10 = 10.960 | Delta Dist 100 = 11.366 | Delta Dist 1000 = 10.600 | Episode Length = 50 | Episode Return = 1.0 | Evaluator Episodes = 920 | Evaluator Steps = 46000 | Final Dist = 1.339 | Final Dist 10 = 1.846 | Final Dist 100 = 1.440 | Final Dist 1000 = 2.206 | Init Dist = 12.806 | Init Dist 10 = 12.806 | Init Dist 100 = 12.806 | Init Dist 1000 = 12.806 | Learner Steps = 2735 | Learner Walltime = 547.508 | Min Dist = 0.964 | Min Dist 10 = 1.253 | Min Dist 100 = 0.662 | Min Dist 1000 = 1.446 | Steps Per Second = 91.750 | Success = 1.000 | Success 1000 = 0.799
I0502 15:15:23.789417 139555860620864 terminal.py:91] [Actor] Actor Episodes = 3700 | Actor Steps = 185000 | Delta Dist = 1.276 | Delta Dist 10 = 5.308 | Delta Dist 100 = 4.048 | Delta Dist 1000 = 4.172 | Episode Length = 50 | Episode Return = 38.0 | Evaluator Episodes = 918 | Evaluator Steps = 45900 | Final Dist = 0.960 | Final Dist 10 = 0.973 | Final Dist 100 = 1.872 | Final Dist 1000 = 1.639 | Init Dist = 2.236 | Init Dist 10 = 6.281 | Init Dist 100 = 5.920 | Init Dist 1000 = 5.811 | Learner Steps = 2732 | Learner Walltime = 546.490 | Min Dist = 0.100 | Min Dist 10 = 0.147 | Min Dist 100 = 0.230 | Min Dist 1000 = 0.270 | Steps Per Second = 87.793 | Success = 1.000 | Success 1000 = 0.990
I0502 15:15:24.377006 139557462840896 terminal.py:91] [Actor] Actor Episodes = 3705 | Actor Steps = 185250 | Delta Dist = 5.919 | Delta Dist 10 = 4.144 | Delta Dist 100 = 3.978 | Delta Dist 1000 = 4.159 | Episode Length = 50 | Episode Return = 42.0 | Evaluator Episodes = 920 | Evaluator Steps = 46000 | Final Dist = 1.152 | Final Dist 10 = 0.966 | Final Dist 100 = 1.816 | Final Dist 1000 = 1.639 | Init Dist = 7.071 | Init Dist 10 = 5.110 | Init Dist 100 = 5.794 | Init Dist 1000 = 5.797 | Learner Steps = 2735 | Learner Walltime = 547.508 | Min Dist = 0.114 | Min Dist 10 = 0.140 | Min Dist 100 = 0.230 | Min Dist 1000 = 0.270 | Steps Per Second = 72.366 | Success = 1.000 | Success 1000 = 0.990
I0502 15:15:24.816785 139579566835264 terminal.py:91] [Evaluator] Actor Episodes = 3709 | Actor Steps = 185450 | Delta Dist = 12.335 | Delta Dist 10 = 11.694 | Delta Dist 100 = 11.359 | Delta Dist 1000 = 10.602 | Episode Length = 50 | Episode Return = 8.0 | Evaluator Episodes = 922 | Evaluator Steps = 46100 | Final Dist = 0.471 | Final Dist 10 = 1.112 | Final Dist 100 = 1.447 | Final Dist 1000 = 2.204 | Init Dist = 12.806 | Init Dist 10 = 12.806 | Init Dist 100 = 12.806 | Init Dist 1000 = 12.806 | Learner Steps = 2742 | Learner Walltime = 548.600 | Min Dist = 0.423 | Min Dist 10 = 0.416 | Min Dist 100 = 0.672 | Min Dist 1000 = 1.444 | Steps Per Second = 80.345 | Success = 1.000 | Success 1000 = 0.799
I0502 15:15:25.622572 139584504182336 lp_utils.py:96] StepsLimiter: Reached 185750 recorded steps
I0502 15:15:26.056429 139579566835264 terminal.py:91] [Evaluator] Actor Episodes = 3717 | Actor Steps = 185850 | Delta Dist = 11.418 | Delta Dist 10 = 11.659 | Delta Dist 100 = 11.360 | Delta Dist 1000 = 10.605 | Episode Length = 50 | Episode Return = 25.0 | Evaluator Episodes = 924 | Evaluator Steps = 46200 | Final Dist = 1.388 | Final Dist 10 = 1.148 | Final Dist 100 = 1.446 | Final Dist 1000 = 2.201 | Init Dist = 12.806 | Init Dist 10 = 12.806 | Init Dist 100 = 12.806 | Init Dist 1000 = 12.806 | Learner Steps = 2748 | Learner Walltime = 549.790 | Min Dist = 0.062 | Min Dist 10 = 0.453 | Min Dist 100 = 0.676 | Min Dist 1000 = 1.442 | Steps Per Second = 77.539 | Success = 1.000 | Success 1000 = 0.800
I0502 15:15:27.174899 139558059398720 terminal.py:91] [Actor] Actor Episodes = 3725 | Actor Steps = 186250 | Delta Dist = 2.573 | Delta Dist 10 = 3.395 | Delta Dist 100 = 3.943 | Delta Dist 1000 = 4.141 | Episode Length = 50 | Episode Return = 30.0 | Evaluator Episodes = 924 | Evaluator Steps = 46200 | Final Dist = 1.033 | Final Dist 10 = 1.843 | Final Dist 100 = 1.816 | Final Dist 1000 = 1.625 | Init Dist = 3.606 | Init Dist 10 = 5.238 | Init Dist 100 = 5.759 | Init Dist 1000 = 5.765 | Learner Steps = 2754 | Learner Walltime = 550.926 | Min Dist = 0.012 | Min Dist 10 = 0.222 | Min Dist 100 = 0.264 | Min Dist 1000 = 0.259 | Steps Per Second = 89.736 | Success = 1.000 | Success 1000 = 0.990
I0502 15:15:27.272142 139579566835264 terminal.py:91] [Evaluator] Actor Episodes = 3727 | Actor Steps = 186350 | Delta Dist = 11.619 | Delta Dist 10 = 11.665 | Delta Dist 100 = 11.354 | Delta Dist 1000 = 10.607 | Episode Length = 50 | Episode Return = 9.0 | Evaluator Episodes = 926 | Evaluator Steps = 46300 | Final Dist = 1.187 | Final Dist 10 = 1.141 | Final Dist 100 = 1.452 | Final Dist 1000 = 2.199 | Init Dist = 12.806 | Init Dist 10 = 12.806 | Init Dist 100 = 12.806 | Init Dist 1000 = 12.806 | Learner Steps = 2754 | Learner Walltime = 550.926 | Min Dist = 0.180 | Min Dist 10 = 0.434 | Min Dist 100 = 0.677 | Min Dist 1000 = 1.439 | Steps Per Second = 78.112 | Success = 1.000 | Success 1000 = 0.800
I0502 15:15:27.315372 139555013154368 terminal.py:91] [Learner] Actor Episodes = 3721 | Actor Loss = 3.918109893798828 | Actor Steps = 186050 | Binary Accuracy = 0.9958233833312988 | Categorical Accuracy = 0.383056640625 | Critic Loss = 2.1575427055358887 | Entropy Mean = -15.363053321838379 | Evaluator Episodes = 924 | Evaluator Steps = 46200 | Learner Steps = 2757 | Learner Walltime = 551.510 | Logits Neg = -15.844911575317383 | Logits Pos = -2.1512551307678223 | Logsumexp = 1.4278934001922607 | Steps Per Second = 154.716
I0502 15:15:28.379613 139579566835264 terminal.py:91] [Evaluator] Actor Episodes = 3733 | Actor Steps = 186650 | Delta Dist = 11.473 | Delta Dist 10 = 11.618 | Delta Dist 100 = 11.349 | Delta Dist 1000 = 10.609 | Episode Length = 50 | Episode Return = 6.0 | Evaluator Episodes = 928 | Evaluator Steps = 46400 | Final Dist = 1.334 | Final Dist 10 = 1.188 | Final Dist 100 = 1.457 | Final Dist 1000 = 2.197 | Init Dist = 12.806 | Init Dist 10 = 12.806 | Init Dist 100 = 12.806 | Init Dist 1000 = 12.806 | Learner Steps = 2761 | Learner Walltime = 552.218 | Min Dist = 0.398 | Min Dist 10 = 0.561 | Min Dist 100 = 0.688 | Min Dist 1000 = 1.437 | Steps Per Second = 95.161 | Success = 1.000 | Success 1000 = 0.799
I0502 15:15:29.433052 139579566835264 terminal.py:91] [Evaluator] Actor Episodes = 3739 | Actor Steps = 186950 | Delta Dist = 4.385 | Delta Dist 10 = 10.648 | Delta Dist 100 = 11.258 | Delta Dist 1000 = 10.600 | Episode Length = 50 | Episode Return = 0.0 | Evaluator Episodes = 930 | Evaluator Steps = 46500 | Final Dist = 8.421 | Final Dist 10 = 2.159 | Final Dist 100 = 1.548 | Final Dist 1000 = 2.206 | Init Dist = 12.806 | Init Dist 10 = 12.806 | Init Dist 100 = 12.806 | Init Dist 1000 = 12.806 | Learner Steps = 2768 | Learner Walltime = 553.320 | Min Dist = 7.656 | Min Dist 10 = 1.371 | Min Dist 100 = 0.782 | Min Dist 1000 = 1.445 | Steps Per Second = 83.187 | Success = 0.000 | Success 1000 = 0.799
I0502 15:15:29.521877 139584635659840 savers.py:156] Saving checkpoint: logs/contrastive_cpc_point_FourRooms_64/5dd72662-2788-11f0-b183-d85ed38c5779/checkpoints/counter
I0502 15:15:30.608570 139579566835264 terminal.py:91] [Evaluator] Actor Episodes = 3746 | Actor Steps = 187300 | Delta Dist = 11.779 | Delta Dist 10 = 9.980 | Delta Dist 100 = 11.180 | Delta Dist 1000 = 10.595 | Episode Length = 50 | Episode Return = 20.0 | Evaluator Episodes = 932 | Evaluator Steps = 46600 | Final Dist = 1.027 | Final Dist 10 = 2.826 | Final Dist 100 = 1.627 | Final Dist 1000 = 2.211 | Init Dist = 12.806 | Init Dist 10 = 12.806 | Init Dist 100 = 12.806 | Init Dist 1000 = 12.806 | Learner Steps = 2772 | Learner Walltime = 554.482 | Min Dist = 0.123 | Min Dist 10 = 2.060 | Min Dist 100 = 0.859 | Min Dist 1000 = 1.451 | Steps Per Second = 96.217 | Success = 1.000 | Success 1000 = 0.798
I0502 15:15:31.776227 139579566835264 terminal.py:91] [Evaluator] Actor Episodes = 3754 | Actor Steps = 187700 | Delta Dist = 11.801 | Delta Dist 10 = 9.919 | Delta Dist 100 = 11.179 | Delta Dist 1000 = 10.598 | Episode Length = 50 | Episode Return = 4.0 | Evaluator Episodes = 934 | Evaluator Steps = 46700 | Final Dist = 1.005 | Final Dist 10 = 2.887 | Final Dist 100 = 1.627 | Final Dist 1000 = 2.209 | Init Dist = 12.806 | Init Dist 10 = 12.806 | Init Dist 100 = 12.806 | Init Dist 1000 = 12.806 | Learner Steps = 2779 | Learner Walltime = 555.630 | Min Dist = 0.672 | Min Dist 10 = 2.026 | Min Dist 100 = 0.853 | Min Dist 1000 = 1.448 | Steps Per Second = 77.474 | Success = 1.000 | Success 1000 = 0.798
I0502 15:15:33.005584 139579566835264 terminal.py:91] [Evaluator] Actor Episodes = 3762 | Actor Steps = 188100 | Delta Dist = 11.701 | Delta Dist 10 = 9.931 | Delta Dist 100 = 11.186 | Delta Dist 1000 = 10.600 | Episode Length = 50 | Episode Return = 25.0 | Evaluator Episodes = 936 | Evaluator Steps = 46800 | Final Dist = 1.105 | Final Dist 10 = 2.875 | Final Dist 100 = 1.620 | Final Dist 1000 = 2.206 | Init Dist = 12.806 | Init Dist 10 = 12.806 | Init Dist 100 = 12.806 | Init Dist 1000 = 12.806 | Learner Steps = 2785 | Learner Walltime = 556.847 | Min Dist = 0.164 | Min Dist 10 = 2.063 | Min Dist 100 = 0.858 | Min Dist 1000 = 1.446 | Steps Per Second = 78.914 | Success = 1.000 | Success 1000 = 0.799
I0502 15:15:33.253088 139569349502528 terminal.py:91] [Actor] Actor Episodes = 3766 | Actor Steps = 188300 | Delta Dist = 6.382 | Delta Dist 10 = 3.318 | Delta Dist 100 = 4.249 | Delta Dist 1000 = 4.158 | Episode Length = 50 | Episode Return = 46.0 | Evaluator Episodes = 936 | Evaluator Steps = 46800 | Final Dist = 0.021 | Final Dist 10 = 1.082 | Final Dist 100 = 1.458 | Final Dist 1000 = 1.602 | Init Dist = 6.403 | Init Dist 10 = 4.400 | Init Dist 100 = 5.707 | Init Dist 1000 = 5.760 | Learner Steps = 2785 | Learner Walltime = 556.847 | Min Dist = 0.021 | Min Dist 10 = 0.159 | Min Dist 100 = 0.146 | Min Dist 1000 = 0.260 | Steps Per Second = 79.976 | Success = 1.000 | Success 1000 = 0.990
I0502 15:15:33.853669 139555860620864 terminal.py:91] [Actor] Actor Episodes = 3769 | Actor Steps = 188450 | Delta Dist = 6.140 | Delta Dist 10 = 2.387 | Delta Dist 100 = 4.163 | Delta Dist 1000 = 4.151 | Episode Length = 50 | Episode Return = 34.0 | Evaluator Episodes = 936 | Evaluator Steps = 46800 | Final Dist = 0.931 | Final Dist 10 = 1.478 | Final Dist 100 = 1.547 | Final Dist 1000 = 1.607 | Init Dist = 7.071 | Init Dist 10 = 3.865 | Init Dist 100 = 5.710 | Init Dist 1000 = 5.758 | Learner Steps = 2785 | Learner Walltime = 556.847 | Min Dist = 0.931 | Min Dist 10 = 0.202 | Min Dist 100 = 0.154 | Min Dist 1000 = 0.260 | Steps Per Second = 85.490 | Success = 1.000 | Success 1000 = 0.990
I0502 15:15:34.233918 139579566835264 terminal.py:91] [Evaluator] Actor Episodes = 3770 | Actor Steps = 188500 | Delta Dist = 11.397 | Delta Dist 10 = 9.847 | Delta Dist 100 = 11.170 | Delta Dist 1000 = 10.601 | Episode Length = 50 | Episode Return = 15.0 | Evaluator Episodes = 938 | Evaluator Steps = 46900 | Final Dist = 1.409 | Final Dist 10 = 2.959 | Final Dist 100 = 1.636 | Final Dist 1000 = 2.205 | Init Dist = 12.806 | Init Dist 10 = 12.806 | Init Dist 100 = 12.806 | Init Dist 1000 = 12.806 | Learner Steps = 2791 | Learner Walltime = 558.134 | Min Dist = 0.151 | Min Dist 10 = 2.078 | Min Dist 100 = 0.870 | Min Dist 1000 = 1.444 | Steps Per Second = 75.764 | Success = 1.000 | Success 1000 = 0.798
I0502 15:15:34.452511 139557462840896 terminal.py:91] [Actor] Actor Episodes = 3771 | Actor Steps = 188550 | Delta Dist = 4.548 | Delta Dist 10 = 2.709 | Delta Dist 100 = 4.116 | Delta Dist 1000 = 4.148 | Episode Length = 50 | Episode Return = 26.0 | Evaluator Episodes = 936 | Evaluator Steps = 46800 | Final Dist = 0.551 | Final Dist 10 = 1.367 | Final Dist 100 = 1.558 | Final Dist 1000 = 1.609 | Init Dist = 5.099 | Init Dist 10 = 4.076 | Init Dist 100 = 5.674 | Init Dist 1000 = 5.756 | Learner Steps = 2785 | Learner Walltime = 556.847 | Min Dist = 0.321 | Min Dist 10 = 0.261 | Min Dist 100 = 0.163 | Min Dist 1000 = 0.261 | Steps Per Second = 79.425 | Success = 1.000 | Success 1000 = 0.990
I0502 15:15:35.464182 139579566835264 terminal.py:91] [Evaluator] Actor Episodes = 3778 | Actor Steps = 188900 | Delta Dist = 12.652 | Delta Dist 10 = 10.840 | Delta Dist 100 = 11.165 | Delta Dist 1000 = 10.603 | Episode Length = 50 | Episode Return = 18.0 | Evaluator Episodes = 940 | Evaluator Steps = 47000 | Final Dist = 0.154 | Final Dist 10 = 1.966 | Final Dist 100 = 1.641 | Final Dist 1000 = 2.203 | Init Dist = 12.806 | Init Dist 10 = 12.806 | Init Dist 100 = 12.806 | Init Dist 1000 = 12.806 | Learner Steps = 2797 | Learner Walltime = 559.196 | Min Dist = 0.057 | Min Dist 10 = 1.193 | Min Dist 100 = 0.876 | Min Dist 1000 = 1.443 | Steps Per Second = 78.628 | Success = 1.000 | Success 1000 = 0.798
I0502 15:15:35.645603 139584504182336 lp_utils.py:96] StepsLimiter: Reached 189000 recorded steps
I0502 15:15:36.745472 139579566835264 terminal.py:91] [Evaluator] Actor Episodes = 3787 | Actor Steps = 189350 | Delta Dist = 12.436 | Delta Dist 10 = 11.712 | Delta Dist 100 = 11.179 | Delta Dist 1000 = 10.607 | Episode Length = 50 | Episode Return = 25.0 | Evaluator Episodes = 942 | Evaluator Steps = 47100 | Final Dist = 0.371 | Final Dist 10 = 1.094 | Final Dist 100 = 1.627 | Final Dist 1000 = 2.199 | Init Dist = 12.806 | Init Dist 10 = 12.806 | Init Dist 100 = 12.806 | Init Dist 1000 = 12.806 | Learner Steps = 2804 | Learner Walltime = 560.399 | Min Dist = 0.038 | Min Dist 10 = 0.401 | Min Dist 100 = 0.873 | Min Dist 1000 = 1.440 | Steps Per Second = 82.261 | Success = 1.000 | Success 1000 = 0.798
I0502 15:15:37.445672 139555013154368 terminal.py:91] [Learner] Actor Episodes = 3795 | Actor Loss = 3.841223955154419 | Actor Steps = 189750 | Binary Accuracy = 0.995887279510498 | Categorical Accuracy = 0.38531494140625 | Critic Loss = 2.1347484588623047 | Entropy Mean = -12.937477111816406 | Evaluator Episodes = 942 | Evaluator Steps = 47100 | Learner Steps = 2810 | Learner Walltime = 561.643 | Logits Neg = -16.05125617980957 | Logits Pos = -2.124335289001465 | Logsumexp = 1.3321517705917358 | Steps Per Second = 176.553
I0502 15:15:37.546748 139558059398720 terminal.py:91] [Actor] Actor Episodes = 3790 | Actor Steps = 189500 | Delta Dist = 4.628 | Delta Dist 10 = 6.369 | Delta Dist 100 = 4.133 | Delta Dist 1000 = 4.159 | Episode Length = 50 | Episode Return = 21.0 | Evaluator Episodes = 942 | Evaluator Steps = 47100 | Final Dist = 1.455 | Final Dist 10 = 1.208 | Final Dist 100 = 1.329 | Final Dist 1000 = 1.586 | Init Dist = 6.083 | Init Dist 10 = 7.577 | Init Dist 100 = 5.462 | Init Dist 1000 = 5.746 | Learner Steps = 2804 | Learner Walltime = 560.399 | Min Dist = 1.455 | Min Dist 10 = 0.114 | Min Dist 100 = 0.174 | Min Dist 1000 = 0.259 | Steps Per Second = 78.863 | Success = 0.000 | Success 1000 = 0.990
I0502 15:15:37.773407 139579566835264 terminal.py:91] [Evaluator] Actor Episodes = 3795 | Actor Steps = 189750 | Delta Dist = 1.454 | Delta Dist 10 = 10.854 | Delta Dist 100 = 11.078 | Delta Dist 1000 = 10.600 | Episode Length = 50 | Episode Return = 0.0 | Evaluator Episodes = 944 | Evaluator Steps = 47200 | Final Dist = 11.352 | Final Dist 10 = 1.952 | Final Dist 100 = 1.728 | Final Dist 1000 = 2.206 | Init Dist = 12.806 | Init Dist 10 = 12.806 | Init Dist 100 = 12.806 | Init Dist 1000 = 12.806 | Learner Steps = 2810 | Learner Walltime = 561.643 | Min Dist = 10.969 | Min Dist 10 = 1.408 | Min Dist 100 = 0.974 | Min Dist 1000 = 1.447 | Steps Per Second = 97.172 | Success = 0.000 | Success 1000 = 0.797
I0502 15:15:38.800078 139579566835264 terminal.py:91] [Evaluator] Actor Episodes = 3803 | Actor Steps = 190150 | Delta Dist = 1.345 | Delta Dist 10 = 8.828 | Delta Dist 100 = 10.873 | Delta Dist 1000 = 10.581 | Episode Length = 50 | Episode Return = 0.0 | Evaluator Episodes = 946 | Evaluator Steps = 47300 | Final Dist = 11.461 | Final Dist 10 = 3.979 | Final Dist 100 = 1.933 | Final Dist 1000 = 2.225 | Init Dist = 12.806 | Init Dist 10 = 12.806 | Init Dist 100 = 12.806 | Init Dist 1000 = 12.806 | Learner Steps = 2817 | Learner Walltime = 562.830 | Min Dist = 10.766 | Min Dist 10 = 3.526 | Min Dist 100 = 1.190 | Min Dist 1000 = 1.468 | Steps Per Second = 100.573 | Success = 0.000 | Success 1000 = 0.796
I0502 15:15:40.037087 139579566835264 terminal.py:91] [Evaluator] Actor Episodes = 3811 | Actor Steps = 190550 | Delta Dist = 11.935 | Delta Dist 10 = 7.886 | Delta Dist 100 = 10.768 | Delta Dist 1000 = 10.572 | Episode Length = 50 | Episode Return = 5.0 | Evaluator Episodes = 948 | Evaluator Steps = 47400 | Final Dist = 0.871 | Final Dist 10 = 4.920 | Final Dist 100 = 2.039 | Final Dist 1000 = 2.234 | Init Dist = 12.806 | Init Dist 10 = 12.806 | Init Dist 100 = 12.806 | Init Dist 1000 = 12.806 | Learner Steps = 2822 | Learner Walltime = 563.884 | Min Dist = 0.076 | Min Dist 10 = 4.564 | Min Dist 100 = 1.309 | Min Dist 1000 = 1.477 | Steps Per Second = 76.917 | Success = 1.000 | Success 1000 = 0.794
I0502 15:15:41.234441 139579566835264 terminal.py:91] [Evaluator] Actor Episodes = 3819 | Actor Steps = 190950 | Delta Dist = 10.546 | Delta Dist 10 = 7.949 | Delta Dist 100 = 10.788 | Delta Dist 1000 = 10.575 | Episode Length = 50 | Episode Return = 2.0 | Evaluator Episodes = 950 | Evaluator Steps = 47500 | Final Dist = 2.260 | Final Dist 10 = 4.858 | Final Dist 100 = 2.018 | Final Dist 1000 = 2.231 | Init Dist = 12.806 | Init Dist 10 = 12.806 | Init Dist 100 = 12.806 | Init Dist 1000 = 12.806 | Learner Steps = 2829 | Learner Walltime = 565.250 | Min Dist = 0.655 | Min Dist 10 = 4.463 | Min Dist 100 = 1.305 | Min Dist 1000 = 1.474 | Steps Per Second = 89.491 | Success = 1.000 | Success 1000 = 0.795
I0502 15:15:42.434814 139579566835264 terminal.py:91] [Evaluator] Actor Episodes = 3827 | Actor Steps = 191350 | Delta Dist = 10.950 | Delta Dist 10 = 7.697 | Delta Dist 100 = 10.779 | Delta Dist 1000 = 10.576 | Episode Length = 50 | Episode Return = 25.0 | Evaluator Episodes = 952 | Evaluator Steps = 47600 | Final Dist = 1.856 | Final Dist 10 = 5.109 | Final Dist 100 = 2.028 | Final Dist 1000 = 2.230 | Init Dist = 12.806 | Init Dist 10 = 12.806 | Init Dist 100 = 12.806 | Init Dist 1000 = 12.806 | Learner Steps = 2836 | Learner Walltime = 566.456 | Min Dist = 0.022 | Min Dist 10 = 4.529 | Min Dist 100 = 1.308 | Min Dist 1000 = 1.472 | Steps Per Second = 78.794 | Success = 1.000 | Success 1000 = 0.795
I0502 15:15:43.593863 139569349502528 terminal.py:91] [Actor] Actor Episodes = 3832 | Actor Steps = 191600 | Delta Dist = 9.435 | Delta Dist 10 = 5.798 | Delta Dist 100 = 4.063 | Delta Dist 1000 = 4.158 | Episode Length = 50 | Episode Return = 17.0 | Evaluator Episodes = 952 | Evaluator Steps = 47600 | Final Dist = 1.006 | Final Dist 10 = 1.534 | Final Dist 100 = 1.612 | Final Dist 1000 = 1.590 | Init Dist = 10.440 | Init Dist 10 = 7.332 | Init Dist 100 = 5.676 | Init Dist 1000 = 5.748 | Learner Steps = 2836 | Learner Walltime = 566.456 | Min Dist = 0.234 | Min Dist 10 = 0.180 | Min Dist 100 = 0.182 | Min Dist 1000 = 0.245 | Steps Per Second = 84.786 | Success = 1.000 | Success 1000 = 0.989
I0502 15:15:43.731466 139579566835264 terminal.py:91] [Evaluator] Actor Episodes = 3835 | Actor Steps = 191750 | Delta Dist = 11.703 | Delta Dist 10 = 8.414 | Delta Dist 100 = 10.760 | Delta Dist 1000 = 10.577 | Episode Length = 50 | Episode Return = 8.0 | Evaluator Episodes = 954 | Evaluator Steps = 47700 | Final Dist = 1.103 | Final Dist 10 = 4.392 | Final Dist 100 = 2.046 | Final Dist 1000 = 2.229 | Init Dist = 12.806 | Init Dist 10 = 12.806 | Init Dist 100 = 12.806 | Init Dist 1000 = 12.806 | Learner Steps = 2842 | Learner Walltime = 567.464 | Min Dist = 0.285 | Min Dist 10 = 3.506 | Min Dist 100 = 1.305 | Min Dist 1000 = 1.469 | Steps Per Second = 77.125 | Success = 1.000 | Success 1000 = 0.795
I0502 15:15:44.399289 139555860620864 terminal.py:91] [Actor] Actor Episodes = 3841 | Actor Steps = 192050 | Delta Dist = 4.150 | Delta Dist 10 = 4.638 | Delta Dist 100 = 3.959 | Delta Dist 1000 = 4.150 | Episode Length = 50 | Episode Return = 18.0 | Evaluator Episodes = 954 | Evaluator Steps = 47700 | Final Dist = 1.681 | Final Dist 10 = 1.780 | Final Dist 100 = 1.677 | Final Dist 1000 = 1.592 | Init Dist = 5.831 | Init Dist 10 = 6.419 | Init Dist 100 = 5.635 | Init Dist 1000 = 5.742 | Learner Steps = 2847 | Learner Walltime = 568.480 | Min Dist = 0.012 | Min Dist 10 = 0.148 | Min Dist 100 = 0.185 | Min Dist 1000 = 0.244 | Steps Per Second = 84.306 | Success = 1.000 | Success 1000 = 0.989
I0502 15:15:44.496207 139557462840896 terminal.py:91] [Actor] Actor Episodes = 3843 | Actor Steps = 192150 | Delta Dist = 4.170 | Delta Dist 10 = 5.354 | Delta Dist 100 = 4.034 | Delta Dist 1000 = 4.149 | Episode Length = 50 | Episode Return = 36.0 | Evaluator Episodes = 954 | Evaluator Steps = 47700 | Final Dist = 1.215 | Final Dist 10 = 1.037 | Final Dist 100 = 1.551 | Final Dist 1000 = 1.590 | Init Dist = 5.385 | Init Dist 10 = 6.390 | Init Dist 100 = 5.585 | Init Dist 1000 = 5.739 | Learner Steps = 2847 | Learner Walltime = 568.480 | Min Dist = 0.062 | Min Dist 10 = 0.136 | Min Dist 100 = 0.181 | Min Dist 1000 = 0.244 | Steps Per Second = 84.748 | Success = 1.000 | Success 1000 = 0.989
I0502 15:15:44.923408 139579566835264 terminal.py:91] [Evaluator] Actor Episodes = 3843 | Actor Steps = 192150 | Delta Dist = 11.769 | Delta Dist 10 = 10.470 | Delta Dist 100 = 10.760 | Delta Dist 1000 = 10.580 | Episode Length = 50 | Episode Return = 14.0 | Evaluator Episodes = 956 | Evaluator Steps = 47800 | Final Dist = 1.037 | Final Dist 10 = 2.336 | Final Dist 100 = 2.046 | Final Dist 1000 = 2.226 | Init Dist = 12.806 | Init Dist 10 = 12.806 | Init Dist 100 = 12.806 | Init Dist 1000 = 12.806 | Learner Steps = 2847 | Learner Walltime = 568.480 | Min Dist = 0.134 | Min Dist 10 = 1.385 | Min Dist 100 = 1.305 | Min Dist 1000 = 1.467 | Steps Per Second = 84.330 | Success = 1.000 | Success 1000 = 0.796
I0502 15:15:45.665689 139584504182336 lp_utils.py:96] StepsLimiter: Reached 192350 recorded steps
I0502 15:15:46.141594 139579566835264 terminal.py:91] [Evaluator] Actor Episodes = 3852 | Actor Steps = 192600 | Delta Dist = 11.452 | Delta Dist 10 = 11.511 | Delta Dist 100 = 10.767 | Delta Dist 1000 = 10.582 | Episode Length = 50 | Episode Return = 16.0 | Evaluator Episodes = 958 | Evaluator Steps = 47900 | Final Dist = 1.355 | Final Dist 10 = 1.296 | Final Dist 100 = 2.039 | Final Dist 1000 = 2.224 | Init Dist = 12.806 | Init Dist 10 = 12.806 | Init Dist 100 = 12.806 | Init Dist 1000 = 12.806 | Learner Steps = 2853 | Learner Walltime = 569.628 | Min Dist = 0.152 | Min Dist 10 = 0.199 | Min Dist 100 = 1.301 | Min Dist 1000 = 1.464 | Steps Per Second = 84.655 | Success = 1.000 | Success 1000 = 0.796
I0502 15:15:47.284162 139579566835264 terminal.py:91] [Evaluator] Actor Episodes = 3860 | Actor Steps = 193000 | Delta Dist = 11.405 | Delta Dist 10 = 11.519 | Delta Dist 100 = 10.778 | Delta Dist 1000 = 10.585 | Episode Length = 50 | Episode Return = 24.0 | Evaluator Episodes = 960 | Evaluator Steps = 48000 | Final Dist = 1.401 | Final Dist 10 = 1.288 | Final Dist 100 = 2.028 | Final Dist 1000 = 2.221 | Init Dist = 12.806 | Init Dist 10 = 12.806 | Init Dist 100 = 12.806 | Init Dist 1000 = 12.806 | Learner Steps = 2859 | Learner Walltime = 570.867 | Min Dist = 0.040 | Min Dist 10 = 0.209 | Min Dist 100 = 1.301 | Min Dist 1000 = 1.461 | Steps Per Second = 91.894 | Success = 1.000 | Success 1000 = 0.797
I0502 15:15:47.500412 139555013154368 terminal.py:91] [Learner] Actor Episodes = 3854 | Actor Loss = 3.830653667449951 | Actor Steps = 192700 | Binary Accuracy = 0.995823860168457 | Categorical Accuracy = 0.3763427734375 | Critic Loss = 2.173088550567627 | Entropy Mean = -15.025253295898438 | Evaluator Episodes = 958 | Evaluator Steps = 47900 | Learner Steps = 2865 | Learner Walltime = 571.691 | Logits Neg = -15.924317359924316 | Logits Pos = -2.1884987354278564 | Logsumexp = 1.3716589212417603 | Steps Per Second = 643.240
I0502 15:15:47.905547 139558059398720 terminal.py:91] [Actor] Actor Episodes = 3866 | Actor Steps = 193300 | Delta Dist = 8.346 | Delta Dist 10 = 3.773 | Delta Dist 100 = 4.114 | Delta Dist 1000 = 4.169 | Episode Length = 50 | Episode Return = 3.0 | Evaluator Episodes = 960 | Evaluator Steps = 48000 | Final Dist = 0.140 | Final Dist 10 = 1.631 | Final Dist 100 = 1.496 | Final Dist 1000 = 1.577 | Init Dist = 8.485 | Init Dist 10 = 5.404 | Init Dist 100 = 5.610 | Init Dist 1000 = 5.746 | Learner Steps = 2866 | Learner Walltime = 572.067 | Min Dist = 0.140 | Min Dist 10 = 0.099 | Min Dist 100 = 0.166 | Min Dist 1000 = 0.240 | Steps Per Second = 76.448 | Success = 1.000 | Success 1000 = 0.989
I0502 15:15:48.520319 139579566835264 terminal.py:91] [Evaluator] Actor Episodes = 3868 | Actor Steps = 193400 | Delta Dist = 10.705 | Delta Dist 10 = 11.580 | Delta Dist 100 = 10.778 | Delta Dist 1000 = 10.587 | Episode Length = 50 | Episode Return = 3.0 | Evaluator Episodes = 962 | Evaluator Steps = 48100 | Final Dist = 2.101 | Final Dist 10 = 1.226 | Final Dist 100 = 2.028 | Final Dist 1000 = 2.219 | Init Dist = 12.806 | Init Dist 10 = 12.806 | Init Dist 100 = 12.806 | Init Dist 1000 = 12.806 | Learner Steps = 2866 | Learner Walltime = 572.067 | Min Dist = 0.814 | Min Dist 10 = 0.171 | Min Dist 100 = 1.282 | Min Dist 1000 = 1.459 | Steps Per Second = 83.549 | Success = 1.000 | Success 1000 = 0.797
I0502 15:15:49.730428 139579566835264 terminal.py:91] [Evaluator] Actor Episodes = 3876 | Actor Steps = 193800 | Delta Dist = 6.112 | Delta Dist 10 = 11.623 | Delta Dist 100 = 10.764 | Delta Dist 1000 = 10.588 | Episode Length = 50 | Episode Return = 0.0 | Evaluator Episodes = 964 | Evaluator Steps = 48200 | Final Dist = 6.694 | Final Dist 10 = 1.183 | Final Dist 100 = 2.042 | Final Dist 1000 = 2.218 | Init Dist = 12.806 | Init Dist 10 = 12.806 | Init Dist 100 = 12.806 | Init Dist 1000 = 12.806 | Learner Steps = 2872 | Learner Walltime = 573.303 | Min Dist = 6.559 | Min Dist 10 = 0.289 | Min Dist 100 = 1.291 | Min Dist 1000 = 1.457 | Steps Per Second = 81.818 | Success = 0.000 | Success 1000 = 0.798
I0502 15:15:51.022942 139579566835264 terminal.py:91] [Evaluator] Actor Episodes = 3884 | Actor Steps = 194200 | Delta Dist = 12.536 | Delta Dist 10 = 10.934 | Delta Dist 100 = 10.698 | Delta Dist 1000 = 10.584 | Episode Length = 50 | Episode Return = 25.0 | Evaluator Episodes = 966 | Evaluator Steps = 48300 | Final Dist = 0.270 | Final Dist 10 = 1.872 | Final Dist 100 = 2.108 | Final Dist 1000 = 2.222 | Init Dist = 12.806 | Init Dist 10 = 12.806 | Init Dist 100 = 12.806 | Init Dist 1000 = 12.806 | Learner Steps = 2879 | Learner Walltime = 574.719 | Min Dist = 0.013 | Min Dist 10 = 0.879 | Min Dist 100 = 1.354 | Min Dist 1000 = 1.461 | Steps Per Second = 72.799 | Success = 1.000 | Success 1000 = 0.797
I0502 15:15:52.157825 139579566835264 terminal.py:91] [Evaluator] Actor Episodes = 3892 | Actor Steps = 194600 | Delta Dist = 11.590 | Delta Dist 10 = 11.125 | Delta Dist 100 = 10.707 | Delta Dist 1000 = 10.588 | Episode Length = 50 | Episode Return = 14.0 | Evaluator Episodes = 968 | Evaluator Steps = 48400 | Final Dist = 1.217 | Final Dist 10 = 1.682 | Final Dist 100 = 2.099 | Final Dist 1000 = 2.219 | Init Dist = 12.806 | Init Dist 10 = 12.806 | Init Dist 100 = 12.806 | Init Dist 1000 = 12.806 | Learner Steps = 2885 | Learner Walltime = 575.757 | Min Dist = 0.300 | Min Dist 10 = 0.869 | Min Dist 100 = 1.353 | Min Dist 1000 = 1.458 | Steps Per Second = 87.940 | Success = 1.000 | Success 1000 = 0.797
I0502 15:15:53.341290 139579566835264 terminal.py:91] [Evaluator] Actor Episodes = 3900 | Actor Steps = 195000 | Delta Dist = 11.547 | Delta Dist 10 = 11.108 | Delta Dist 100 = 10.814 | Delta Dist 1000 = 10.590 | Episode Length = 50 | Episode Return = 16.0 | Evaluator Episodes = 970 | Evaluator Steps = 48500 | Final Dist = 1.259 | Final Dist 10 = 1.698 | Final Dist 100 = 1.992 | Final Dist 1000 = 2.216 | Init Dist = 12.806 | Init Dist 10 = 12.806 | Init Dist 100 = 12.806 | Init Dist 1000 = 12.806 | Learner Steps = 2890 | Learner Walltime = 576.852 | Min Dist = 0.173 | Min Dist 10 = 0.881 | Min Dist 100 = 1.264 | Min Dist 1000 = 1.455 | Steps Per Second = 85.290 | Success = 1.000 | Success 1000 = 0.798
I0502 15:15:53.959224 139569349502528 terminal.py:91] [Actor] Actor Episodes = 3906 | Actor Steps = 195300 | Delta Dist = 7.212 | Delta Dist 10 = 4.668 | Delta Dist 100 = 4.477 | Delta Dist 1000 = 4.204 | Episode Length = 50 | Episode Return = 48.0 | Evaluator Episodes = 970 | Evaluator Steps = 48500 | Final Dist = 2.008 | Final Dist 10 = 1.411 | Final Dist 100 = 1.481 | Final Dist 1000 = 1.556 | Init Dist = 9.220 | Init Dist 10 = 6.080 | Init Dist 100 = 5.958 | Init Dist 1000 = 5.760 | Learner Steps = 2890 | Learner Walltime = 576.852 | Min Dist = 0.086 | Min Dist 10 = 0.067 | Min Dist 100 = 0.194 | Min Dist 1000 = 0.245 | Steps Per Second = 74.756 | Success = 1.000 | Success 1000 = 0.990
I0502 15:15:54.466067 139579566835264 terminal.py:91] [Evaluator] Actor Episodes = 3908 | Actor Steps = 195400 | Delta Dist = 11.250 | Delta Dist 10 = 11.101 | Delta Dist 100 = 10.809 | Delta Dist 1000 = 10.592 | Episode Length = 50 | Episode Return = 6.0 | Evaluator Episodes = 972 | Evaluator Steps = 48600 | Final Dist = 1.556 | Final Dist 10 = 1.705 | Final Dist 100 = 1.997 | Final Dist 1000 = 2.214 | Init Dist = 12.806 | Init Dist 10 = 12.806 | Init Dist 100 = 12.806 | Init Dist 1000 = 12.806 | Learner Steps = 2897 | Learner Walltime = 578.245 | Min Dist = 0.523 | Min Dist 10 = 0.876 | Min Dist 100 = 1.266 | Min Dist 1000 = 1.453 | Steps Per Second = 92.714 | Success = 1.000 | Success 1000 = 0.798
I0502 15:15:54.517741 139557462840896 terminal.py:91] [Actor] Actor Episodes = 3905 | Actor Steps = 195250 | Delta Dist = 3.122 | Delta Dist 10 = 4.351 | Delta Dist 100 = 4.421 | Delta Dist 1000 = 4.203 | Episode Length = 50 | Episode Return = 15.0 | Evaluator Episodes = 970 | Evaluator Steps = 48500 | Final Dist = 1.350 | Final Dist 10 = 2.601 | Final Dist 100 = 1.595 | Final Dist 1000 = 1.564 | Init Dist = 4.472 | Init Dist 10 = 6.952 | Init Dist 100 = 6.016 | Init Dist 1000 = 5.767 | Learner Steps = 2890 | Learner Walltime = 576.852 | Min Dist = 0.005 | Min Dist 10 = 0.146 | Min Dist 100 = 0.184 | Min Dist 1000 = 0.245 | Steps Per Second = 87.825 | Success = 1.000 | Success 1000 = 0.990
I0502 15:15:54.581394 139555860620864 terminal.py:91] [Actor] Actor Episodes = 3909 | Actor Steps = 195450 | Delta Dist = 4.124 | Delta Dist 10 = 3.823 | Delta Dist 100 = 4.439 | Delta Dist 1000 = 4.198 | Episode Length = 50 | Episode Return = 29.0 | Evaluator Episodes = 970 | Evaluator Steps = 48500 | Final Dist = 0.348 | Final Dist 10 = 2.416 | Final Dist 100 = 1.588 | Final Dist 1000 = 1.563 | Init Dist = 4.472 | Init Dist 10 = 6.239 | Init Dist 100 = 6.027 | Init Dist 1000 = 5.762 | Learner Steps = 2897 | Learner Walltime = 578.245 | Min Dist = 0.028 | Min Dist 10 = 0.137 | Min Dist 100 = 0.183 | Min Dist 1000 = 0.244 | Steps Per Second = 95.697 | Success = 1.000 | Success 1000 = 0.990
I0502 15:15:55.679040 139579566835264 terminal.py:91] [Evaluator] Actor Episodes = 3916 | Actor Steps = 195800 | Delta Dist = 11.713 | Delta Dist 10 = 11.036 | Delta Dist 100 = 10.791 | Delta Dist 1000 = 10.593 | Episode Length = 50 | Episode Return = 14.0 | Evaluator Episodes = 974 | Evaluator Steps = 48700 | Final Dist = 1.093 | Final Dist 10 = 1.770 | Final Dist 100 = 2.015 | Final Dist 1000 = 2.213 | Init Dist = 12.806 | Init Dist 10 = 12.806 | Init Dist 100 = 12.806 | Init Dist 1000 = 12.806 | Learner Steps = 2903 | Learner Walltime = 579.302 | Min Dist = 0.117 | Min Dist 10 = 1.016 | Min Dist 100 = 1.291 | Min Dist 1000 = 1.452 | Steps Per Second = 84.679 | Success = 1.000 | Success 1000 = 0.798
I0502 15:15:55.693957 139584504182336 lp_utils.py:96] StepsLimiter: Reached 195800 recorded steps
I0502 15:15:56.879443 139579566835264 terminal.py:91] [Evaluator] Actor Episodes = 3924 | Actor Steps = 196200 | Delta Dist = 11.080 | Delta Dist 10 = 11.672 | Delta Dist 100 = 10.787 | Delta Dist 1000 = 10.595 | Episode Length = 50 | Episode Return = 9.0 | Evaluator Episodes = 976 | Evaluator Steps = 48800 | Final Dist = 1.727 | Final Dist 10 = 1.135 | Final Dist 100 = 2.019 | Final Dist 1000 = 2.211 | Init Dist = 12.806 | Init Dist 10 = 12.806 | Init Dist 100 = 12.806 | Init Dist 1000 = 12.806 | Learner Steps = 2910 | Learner Walltime = 580.560 | Min Dist = 0.091 | Min Dist 10 = 0.395 | Min Dist 100 = 1.287 | Min Dist 1000 = 1.450 | Steps Per Second = 78.636 | Success = 1.000 | Success 1000 = 0.798
I0502 15:15:57.518177 139555013154368 terminal.py:91] [Learner] Actor Episodes = 3928 | Actor Loss = 3.7469964027404785 | Actor Steps = 196400 | Binary Accuracy = 0.9958605766296387 | Categorical Accuracy = 0.39324951171875 | Critic Loss = 2.1417179107666016 | Entropy Mean = -16.081993103027344 | Evaluator Episodes = 976 | Evaluator Steps = 48800 | Learner Steps = 2916 | Learner Walltime = 581.714 | Logits Neg = -15.799718856811523 | Logits Pos = -2.1218299865722656 | Logsumexp = 1.3937472105026245 | Steps Per Second = 187.403
I0502 15:15:57.949364 139579566835264 terminal.py:91] [Evaluator] Actor Episodes = 3932 | Actor Steps = 196600 | Delta Dist = 12.614 | Delta Dist 10 = 11.397 | Delta Dist 100 = 10.774 | Delta Dist 1000 = 10.596 | Episode Length = 50 | Episode Return = 18.0 | Evaluator Episodes = 978 | Evaluator Steps = 48900 | Final Dist = 0.192 | Final Dist 10 = 1.410 | Final Dist 100 = 2.032 | Final Dist 1000 = 2.210 | Init Dist = 12.806 | Init Dist 10 = 12.806 | Init Dist 100 = 12.806 | Init Dist 1000 = 12.806 | Learner Steps = 2916 | Learner Walltime = 581.714 | Min Dist = 0.160 | Min Dist 10 = 0.490 | Min Dist 100 = 1.294 | Min Dist 1000 = 1.448 | Steps Per Second = 83.242 | Success = 1.000 | Success 1000 = 0.797
I0502 15:15:57.994941 139558059398720 terminal.py:91] [Actor] Actor Episodes = 3927 | Actor Steps = 196350 | Delta Dist = 8.584 | Delta Dist 10 = 3.406 | Delta Dist 100 = 4.275 | Delta Dist 1000 = 4.195 | Episode Length = 50 | Episode Return = 19.0 | Evaluator Episodes = 976 | Evaluator Steps = 48800 | Final Dist = 0.360 | Final Dist 10 = 1.256 | Final Dist 100 = 1.621 | Final Dist 1000 = 1.555 | Init Dist = 8.944 | Init Dist 10 = 4.663 | Init Dist 100 = 5.896 | Init Dist 1000 = 5.750 | Learner Steps = 2910 | Learner Walltime = 580.560 | Min Dist = 0.063 | Min Dist 10 = 0.260 | Min Dist 100 = 0.197 | Min Dist 1000 = 0.244 | Steps Per Second = 84.332 | Success = 1.000 | Success 1000 = 0.991
I0502 15:15:59.162499 139579566835264 terminal.py:91] [Evaluator] Actor Episodes = 3940 | Actor Steps = 197000 | Delta Dist = 11.323 | Delta Dist 10 = 11.477 | Delta Dist 100 = 10.772 | Delta Dist 1000 = 10.599 | Episode Length = 50 | Episode Return = 16.0 | Evaluator Episodes = 980 | Evaluator Steps = 49000 | Final Dist = 1.483 | Final Dist 10 = 1.329 | Final Dist 100 = 2.034 | Final Dist 1000 = 2.207 | Init Dist = 12.806 | Init Dist 10 = 12.806 | Init Dist 100 = 12.806 | Init Dist 1000 = 12.806 | Learner Steps = 2922 | Learner Walltime = 582.898 | Min Dist = 0.200 | Min Dist 10 = 0.472 | Min Dist 100 = 1.293 | Min Dist 1000 = 1.445 | Steps Per Second = 80.212 | Success = 1.000 | Success 1000 = 0.798
I0502 15:16:00.291517 139579566835264 terminal.py:91] [Evaluator] Actor Episodes = 3948 | Actor Steps = 197400 | Delta Dist = -0.027 | Delta Dist 10 = 11.480 | Delta Dist 100 = 10.770 | Delta Dist 1000 = 10.601 | Episode Length = 50 | Episode Return = 0.0 | Evaluator Episodes = 982 | Evaluator Steps = 49100 | Final Dist = 12.833 | Final Dist 10 = 1.327 | Final Dist 100 = 2.036 | Final Dist 1000 = 2.205 | Init Dist = 12.806 | Init Dist 10 = 12.806 | Init Dist 100 = 12.806 | Init Dist 1000 = 12.806 | Learner Steps = 2928 | Learner Walltime = 584.026 | Min Dist = 9.316 | Min Dist 10 = 0.473 | Min Dist 100 = 1.290 | Min Dist 1000 = 1.443 | Steps Per Second = 96.221 | Success = 0.000 | Success 1000 = 0.798
I0502 15:16:01.308719 139579566835264 terminal.py:91] [Evaluator] Actor Episodes = 3956 | Actor Steps = 197800 | Delta Dist = 5.108 | Delta Dist 10 = 9.287 | Delta Dist 100 = 10.554 | Delta Dist 1000 = 10.580 | Episode Length = 50 | Episode Return = 0.0 | Evaluator Episodes = 984 | Evaluator Steps = 49200 | Final Dist = 7.698 | Final Dist 10 = 3.519 | Final Dist 100 = 2.252 | Final Dist 1000 = 2.227 | Init Dist = 12.806 | Init Dist 10 = 12.806 | Init Dist 100 = 12.806 | Init Dist 1000 = 12.806 | Learner Steps = 2935 | Learner Walltime = 585.320 | Min Dist = 6.397 | Min Dist 10 = 2.184 | Min Dist 100 = 1.464 | Min Dist 1000 = 1.460 | Steps Per Second = 89.670 | Success = 0.000 | Success 1000 = 0.797
I0502 15:16:02.581221 139579566835264 terminal.py:91] [Evaluator] Actor Episodes = 3964 | Actor Steps = 198200 | Delta Dist = 11.699 | Delta Dist 10 = 8.735 | Delta Dist 100 = 10.481 | Delta Dist 1000 = 10.576 | Episode Length = 50 | Episode Return = 26.0 | Evaluator Episodes = 986 | Evaluator Steps = 49300 | Final Dist = 1.107 | Final Dist 10 = 4.071 | Final Dist 100 = 2.326 | Final Dist 1000 = 2.230 | Init Dist = 12.806 | Init Dist 10 = 12.806 | Init Dist 100 = 12.806 | Init Dist 1000 = 12.806 | Learner Steps = 2940 | Learner Walltime = 586.427 | Min Dist = 0.047 | Min Dist 10 = 2.793 | Min Dist 100 = 1.526 | Min Dist 1000 = 1.463 | Steps Per Second = 77.789 | Success = 1.000 | Success 1000 = 0.796
I0502 15:16:03.731140 139579566835264 terminal.py:91] [Evaluator] Actor Episodes = 3972 | Actor Steps = 198600 | Delta Dist = 12.141 | Delta Dist 10 = 8.853 | Delta Dist 100 = 10.484 | Delta Dist 1000 = 10.578 | Episode Length = 50 | Episode Return = 12.0 | Evaluator Episodes = 988 | Evaluator Steps = 49400 | Final Dist = 0.665 | Final Dist 10 = 3.954 | Final Dist 100 = 2.322 | Final Dist 1000 = 2.228 | Init Dist = 12.806 | Init Dist 10 = 12.806 | Init Dist 100 = 12.806 | Init Dist 1000 = 12.806 | Learner Steps = 2947 | Learner Walltime = 587.634 | Min Dist = 0.111 | Min Dist 10 = 2.699 | Min Dist 100 = 1.518 | Min Dist 1000 = 1.461 | Steps Per Second = 89.182 | Success = 1.000 | Success 1000 = 0.796
I0502 15:16:04.134070 139569349502528 terminal.py:91] [Actor] Actor Episodes = 3973 | Actor Steps = 198650 | Delta Dist = 8.401 | Delta Dist 10 = 3.740 | Delta Dist 100 = 3.985 | Delta Dist 1000 = 4.171 | Episode Length = 50 | Episode Return = 27.0 | Evaluator Episodes = 986 | Evaluator Steps = 49300 | Final Dist = 0.201 | Final Dist 10 = 1.562 | Final Dist 100 = 1.721 | Final Dist 1000 = 1.549 | Init Dist = 8.602 | Init Dist 10 = 5.302 | Init Dist 100 = 5.705 | Init Dist 1000 = 5.720 | Learner Steps = 2947 | Learner Walltime = 587.634 | Min Dist = 0.201 | Min Dist 10 = 0.105 | Min Dist 100 = 0.195 | Min Dist 1000 = 0.249 | Steps Per Second = 94.485 | Success = 1.000 | Success 1000 = 0.991
I0502 15:16:04.557801 139557462840896 terminal.py:91] [Actor] Actor Episodes = 3976 | Actor Steps = 198800 | Delta Dist = 0.069 | Delta Dist 10 = 3.795 | Delta Dist 100 = 3.911 | Delta Dist 1000 = 4.167 | Episode Length = 50 | Episode Return = 38.0 | Evaluator Episodes = 988 | Evaluator Steps = 49400 | Final Dist = 0.931 | Final Dist 10 = 1.661 | Final Dist 100 = 1.786 | Final Dist 1000 = 1.547 | Init Dist = 1.000 | Init Dist 10 = 5.455 | Init Dist 100 = 5.697 | Init Dist 1000 = 5.714 | Learner Steps = 2947 | Learner Walltime = 587.634 | Min Dist = 0.359 | Min Dist 10 = 0.087 | Min Dist 100 = 0.195 | Min Dist 1000 = 0.245 | Steps Per Second = 82.793 | Success = 1.000 | Success 1000 = 0.991
I0502 15:16:04.690937 139555860620864 terminal.py:91] [Actor] Actor Episodes = 3978 | Actor Steps = 198900 | Delta Dist = 5.793 | Delta Dist 10 = 3.519 | Delta Dist 100 = 3.844 | Delta Dist 1000 = 4.165 | Episode Length = 50 | Episode Return = 25.0 | Evaluator Episodes = 988 | Evaluator Steps = 49400 | Final Dist = 2.453 | Final Dist 10 = 1.637 | Final Dist 100 = 1.792 | Final Dist 1000 = 1.548 | Init Dist = 8.246 | Init Dist 10 = 5.155 | Init Dist 100 = 5.637 | Init Dist 1000 = 5.712 | Learner Steps = 2947 | Learner Walltime = 587.634 | Min Dist = 0.057 | Min Dist 10 = 0.095 | Min Dist 100 = 0.195 | Min Dist 1000 = 0.246 | Steps Per Second = 87.321 | Success = 1.000 | Success 1000 = 0.991
I0502 15:16:04.900198 139579566835264 terminal.py:91] [Evaluator] Actor Episodes = 3980 | Actor Steps = 199000 | Delta Dist = 11.538 | Delta Dist 10 = 8.450 | Delta Dist 100 = 10.444 | Delta Dist 1000 = 10.578 | Episode Length = 50 | Episode Return = 15.0 | Evaluator Episodes = 990 | Evaluator Steps = 49500 | Final Dist = 1.268 | Final Dist 10 = 4.356 | Final Dist 100 = 2.363 | Final Dist 1000 = 2.229 | Init Dist = 12.806 | Init Dist 10 = 12.806 | Init Dist 100 = 12.806 | Init Dist 1000 = 12.806 | Learner Steps = 2954 | Learner Walltime = 588.986 | Min Dist = 0.359 | Min Dist 10 = 3.102 | Min Dist 100 = 1.559 | Min Dist 1000 = 1.462 | Steps Per Second = 82.992 | Success = 1.000 | Success 1000 = 0.796
I0502 15:16:05.710694 139584504182336 lp_utils.py:96] StepsLimiter: Reached 199100 recorded steps
I0502 15:16:06.046954 139579566835264 terminal.py:91] [Evaluator] Actor Episodes = 3988 | Actor Steps = 199400 | Delta Dist = 11.370 | Delta Dist 10 = 8.465 | Delta Dist 100 = 10.436 | Delta Dist 1000 = 10.580 | Episode Length = 50 | Episode Return = 29.0 | Evaluator Episodes = 992 | Evaluator Steps = 49600 | Final Dist = 1.436 | Final Dist 10 = 4.341 | Final Dist 100 = 2.370 | Final Dist 1000 = 2.227 | Init Dist = 12.806 | Init Dist 10 = 12.806 | Init Dist 100 = 12.806 | Init Dist 1000 = 12.806 | Learner Steps = 2959 | Learner Walltime = 590.020 | Min Dist = 0.147 | Min Dist 10 = 3.115 | Min Dist 100 = 1.561 | Min Dist 1000 = 1.459 | Steps Per Second = 81.639 | Success = 1.000 | Success 1000 = 0.796
I0502 15:16:07.223395 139579566835264 terminal.py:91] [Evaluator] Actor Episodes = 3996 | Actor Steps = 199800 | Delta Dist = 11.650 | Delta Dist 10 = 10.734 | Delta Dist 100 = 10.466 | Delta Dist 1000 = 10.581 | Episode Length = 50 | Episode Return = 7.0 | Evaluator Episodes = 994 | Evaluator Steps = 49700 | Final Dist = 1.156 | Final Dist 10 = 2.072 | Final Dist 100 = 2.340 | Final Dist 1000 = 2.225 | Init Dist = 12.806 | Init Dist 10 = 12.806 | Init Dist 100 = 12.806 | Init Dist 1000 = 12.806 | Learner Steps = 2966 | Learner Walltime = 591.204 | Min Dist = 0.096 | Min Dist 10 = 1.202 | Min Dist 100 = 1.511 | Min Dist 1000 = 1.457 | Steps Per Second = 81.767 | Success = 1.000 | Success 1000 = 0.797
I0502 15:16:07.586385 139555013154368 terminal.py:91] [Learner] Actor Episodes = 3994 | Actor Loss = 3.667769432067871 | Actor Steps = 199700 | Binary Accuracy = 0.9958560466766357 | Categorical Accuracy = 0.390380859375 | Critic Loss = 2.134821653366089 | Entropy Mean = -15.869245529174805 | Evaluator Episodes = 992 | Evaluator Steps = 49600 | Learner Steps = 2970 | Learner Walltime = 591.781 | Logits Neg = -15.922103881835938 | Logits Pos = -2.1123178005218506 | Logsumexp = 1.4299509525299072 | Steps Per Second = 465.784
I0502 15:16:08.127981 139558059398720 terminal.py:91] [Actor] Actor Episodes = 4002 | Actor Steps = 200100 | Delta Dist = 7.274 | Delta Dist 10 = 3.627 | Delta Dist 100 = 3.941 | Delta Dist 1000 = 4.175 | Episode Length = 50 | Episode Return = 42.0 | Evaluator Episodes = 994 | Evaluator Steps = 49700 | Final Dist = 0.788 | Final Dist 10 = 1.828 | Final Dist 100 = 1.819 | Final Dist 1000 = 1.559 | Init Dist = 8.062 | Init Dist 10 = 5.455 | Init Dist 100 = 5.760 | Init Dist 1000 = 5.734 | Learner Steps = 2972 | Learner Walltime = 592.214 | Min Dist = 0.094 | Min Dist 10 = 0.076 | Min Dist 100 = 0.196 | Min Dist 1000 = 0.243 | Steps Per Second = 78.511 | Success = 1.000 | Success 1000 = 0.993
I0502 15:16:08.447344 139579566835264 terminal.py:91] [Evaluator] Actor Episodes = 4004 | Actor Steps = 200200 | Delta Dist = 8.416 | Delta Dist 10 = 11.317 | Delta Dist 100 = 10.466 | Delta Dist 1000 = 10.584 | Episode Length = 50 | Episode Return = 0.0 | Evaluator Episodes = 996 | Evaluator Steps = 49800 | Final Dist = 4.390 | Final Dist 10 = 1.489 | Final Dist 100 = 2.340 | Final Dist 1000 = 2.223 | Init Dist = 12.806 | Init Dist 10 = 12.806 | Init Dist 100 = 12.806 | Init Dist 1000 = 12.806 | Learner Steps = 2972 | Learner Walltime = 592.214 | Min Dist = 4.187 | Min Dist 10 = 0.601 | Min Dist 100 = 1.514 | Min Dist 1000 = 1.455 | Steps Per Second = 76.618 | Success = 0.000 | Success 1000 = 0.797
I0502 15:16:09.567372 139579566835264 terminal.py:91] [Evaluator] Actor Episodes = 4012 | Actor Steps = 200600 | Delta Dist = 11.683 | Delta Dist 10 = 9.955 | Delta Dist 100 = 10.332 | Delta Dist 1000 = 10.572 | Episode Length = 50 | Episode Return = 9.0 | Evaluator Episodes = 998 | Evaluator Steps = 49900 | Final Dist = 1.123 | Final Dist 10 = 2.851 | Final Dist 100 = 2.474 | Final Dist 1000 = 2.234 | Init Dist = 12.806 | Init Dist 10 = 12.806 | Init Dist 100 = 12.806 | Init Dist 1000 = 12.806 | Learner Steps = 2978 | Learner Walltime = 593.456 | Min Dist = 0.181 | Min Dist 10 = 2.009 | Min Dist 100 = 1.648 | Min Dist 1000 = 1.466 | Steps Per Second = 85.055 | Success = 1.000 | Success 1000 = 0.795
I0502 15:16:10.654534 139579566835264 terminal.py:91] [Evaluator] Actor Episodes = 4020 | Actor Steps = 201000 | Delta Dist = 2.294 | Delta Dist 10 = 10.220 | Delta Dist 100 = 10.311 | Delta Dist 1000 = 10.574 | Episode Length = 50 | Episode Return = 0.0 | Evaluator Episodes = 1000 | Evaluator Steps = 50000 | Final Dist = 10.513 | Final Dist 10 = 2.586 | Final Dist 100 = 2.495 | Final Dist 1000 = 2.232 | Init Dist = 12.806 | Init Dist 10 = 12.806 | Init Dist 100 = 12.806 | Init Dist 1000 = 12.806 | Learner Steps = 2984 | Learner Walltime = 594.498 | Min Dist = 9.239 | Min Dist 10 = 1.609 | Min Dist 100 = 1.648 | Min Dist 1000 = 1.463 | Steps Per Second = 97.989 | Success = 0.000 | Success 1000 = 0.796
I0502 15:16:11.837714 139579566835264 terminal.py:91] [Evaluator] Actor Episodes = 4028 | Actor Steps = 201400 | Delta Dist = 11.537 | Delta Dist 10 = 9.297 | Delta Dist 100 = 10.328 | Delta Dist 1000 = 10.572 | Episode Length = 50 | Episode Return = 16.0 | Evaluator Episodes = 1002 | Evaluator Steps = 50100 | Final Dist = 1.269 | Final Dist 10 = 3.510 | Final Dist 100 = 2.478 | Final Dist 1000 = 2.235 | Init Dist = 12.806 | Init Dist 10 = 12.806 | Init Dist 100 = 12.806 | Init Dist 1000 = 12.806 | Learner Steps = 2990 | Learner Walltime = 595.663 | Min Dist = 0.057 | Min Dist 10 = 2.501 | Min Dist 100 = 1.630 | Min Dist 1000 = 1.465 | Steps Per Second = 83.907 | Success = 1.000 | Success 1000 = 0.796
I0502 15:16:13.088424 139579566835264 terminal.py:91] [Evaluator] Actor Episodes = 4036 | Actor Steps = 201800 | Delta Dist = 12.654 | Delta Dist 10 = 9.320 | Delta Dist 100 = 10.391 | Delta Dist 1000 = 10.589 | Episode Length = 50 | Episode Return = 24.0 | Evaluator Episodes = 1004 | Evaluator Steps = 50200 | Final Dist = 0.152 | Final Dist 10 = 3.487 | Final Dist 100 = 2.415 | Final Dist 1000 = 2.217 | Init Dist = 12.806 | Init Dist 10 = 12.806 | Init Dist 100 = 12.806 | Init Dist 1000 = 12.806 | Learner Steps = 2997 | Learner Walltime = 596.812 | Min Dist = 0.100 | Min Dist 10 = 2.491 | Min Dist 100 = 1.565 | Min Dist 1000 = 1.448 | Steps Per Second = 80.351 | Success = 1.000 | Success 1000 = 0.798
I0502 15:16:14.210184 139569349502528 terminal.py:91] [Actor] Actor Episodes = 4044 | Actor Steps = 202200 | Delta Dist = 4.216 | Delta Dist 10 = 4.837 | Delta Dist 100 = 4.328 | Delta Dist 1000 = 4.176 | Episode Length = 50 | Episode Return = 39.0 | Evaluator Episodes = 1004 | Evaluator Steps = 50200 | Final Dist = 0.256 | Final Dist 10 = 0.634 | Final Dist 100 = 1.497 | Final Dist 1000 = 1.562 | Init Dist = 4.472 | Init Dist 10 = 5.470 | Init Dist 100 = 5.824 | Init Dist 1000 = 5.738 | Learner Steps = 3003 | Learner Walltime = 597.882 | Min Dist = 0.074 | Min Dist 10 = 0.121 | Min Dist 100 = 0.106 | Min Dist 1000 = 0.240 | Steps Per Second = 85.928 | Success = 1.000 | Success 1000 = 0.993
I0502 15:16:14.250919 139579566835264 terminal.py:91] [Evaluator] Actor Episodes = 4044 | Actor Steps = 202200 | Delta Dist = 11.419 | Delta Dist 10 = 9.422 | Delta Dist 100 = 10.406 | Delta Dist 1000 = 10.603 | Episode Length = 50 | Episode Return = 21.0 | Evaluator Episodes = 1006 | Evaluator Steps = 50300 | Final Dist = 1.388 | Final Dist 10 = 3.384 | Final Dist 100 = 2.400 | Final Dist 1000 = 2.204 | Init Dist = 12.806 | Init Dist 10 = 12.806 | Init Dist 100 = 12.806 | Init Dist 1000 = 12.806 | Learner Steps = 3003 | Learner Walltime = 597.882 | Min Dist = 0.127 | Min Dist 10 = 2.483 | Min Dist 100 = 1.565 | Min Dist 1000 = 1.436 | Steps Per Second = 91.606 | Success = 1.000 | Success 1000 = 0.800
I0502 15:16:14.991385 139557462840896 terminal.py:91] [Actor] Actor Episodes = 4050 | Actor Steps = 202500 | Delta Dist = 2.166 | Delta Dist 10 = 6.306 | Delta Dist 100 = 4.571 | Delta Dist 1000 = 4.178 | Episode Length = 50 | Episode Return = 32.0 | Evaluator Episodes = 1006 | Evaluator Steps = 50300 | Final Dist = 0.070 | Final Dist 10 = 0.472 | Final Dist 100 = 1.433 | Final Dist 1000 = 1.560 | Init Dist = 2.236 | Init Dist 10 = 6.778 | Init Dist 100 = 6.003 | Init Dist 1000 = 5.738 | Learner Steps = 3009 | Learner Walltime = 599.053 | Min Dist = 0.070 | Min Dist 10 = 0.191 | Min Dist 100 = 0.110 | Min Dist 1000 = 0.241 | Steps Per Second = 83.678 | Success = 1.000 | Success 1000 = 0.993
I0502 15:16:15.219463 139555860620864 terminal.py:91] [Actor] Actor Episodes = 4047 | Actor Steps = 202350 | Delta Dist = 6.900 | Delta Dist 10 = 5.755 | Delta Dist 100 = 4.577 | Delta Dist 1000 = 4.177 | Episode Length = 50 | Episode Return = 46.0 | Evaluator Episodes = 1006 | Evaluator Steps = 50300 | Final Dist = 0.171 | Final Dist 10 = 0.539 | Final Dist 100 = 1.439 | Final Dist 1000 = 1.560 | Init Dist = 7.071 | Init Dist 10 = 6.294 | Init Dist 100 = 6.016 | Init Dist 1000 = 5.737 | Learner Steps = 3003 | Learner Walltime = 597.882 | Min Dist = 0.062 | Min Dist 10 = 0.179 | Min Dist 100 = 0.109 | Min Dist 1000 = 0.241 | Steps Per Second = 84.992 | Success = 1.000 | Success 1000 = 0.993
I0502 15:16:15.390458 139579566835264 terminal.py:91] [Evaluator] Actor Episodes = 4052 | Actor Steps = 202600 | Delta Dist = 12.708 | Delta Dist 10 = 10.848 | Delta Dist 100 = 10.406 | Delta Dist 1000 = 10.622 | Episode Length = 50 | Episode Return = 27.0 | Evaluator Episodes = 1008 | Evaluator Steps = 50400 | Final Dist = 0.098 | Final Dist 10 = 1.959 | Final Dist 100 = 2.400 | Final Dist 1000 = 2.185 | Init Dist = 12.806 | Init Dist 10 = 12.806 | Init Dist 100 = 12.806 | Init Dist 1000 = 12.806 | Learner Steps = 3009 | Learner Walltime = 599.053 | Min Dist = 0.028 | Min Dist 10 = 1.084 | Min Dist 100 = 1.564 | Min Dist 1000 = 1.418 | Steps Per Second = 79.527 | Success = 1.000 | Success 1000 = 0.802
I0502 15:16:15.730332 139584504182336 lp_utils.py:96] StepsLimiter: Reached 202600 recorded steps
I0502 15:16:16.568471 139579566835264 terminal.py:91] [Evaluator] Actor Episodes = 4058 | Actor Steps = 202900 | Delta Dist = 11.572 | Delta Dist 10 = 10.960 | Delta Dist 100 = 10.413 | Delta Dist 1000 = 10.635 | Episode Length = 50 | Episode Return = 15.0 | Evaluator Episodes = 1010 | Evaluator Steps = 50500 | Final Dist = 1.234 | Final Dist 10 = 1.846 | Final Dist 100 = 2.393 | Final Dist 1000 = 2.171 | Init Dist = 12.806 | Init Dist 10 = 12.806 | Init Dist 100 = 12.806 | Init Dist 1000 = 12.806 | Learner Steps = 3015 | Learner Walltime = 600.255 | Min Dist = 0.160 | Min Dist 10 = 1.081 | Min Dist 100 = 1.563 | Min Dist 1000 = 1.405 | Steps Per Second = 95.735 | Success = 1.000 | Success 1000 = 0.804
I0502 15:16:17.608773 139555013154368 terminal.py:91] [Learner] Actor Episodes = 4062 | Actor Loss = 3.880742073059082 | Actor Steps = 203100 | Binary Accuracy = 0.9958877563476562 | Categorical Accuracy = 0.3907470703125 | Critic Loss = 2.1911377906799316 | Entropy Mean = -15.339513778686523 | Evaluator Episodes = 1010 | Evaluator Steps = 50500 | Learner Steps = 3023 | Learner Walltime = 601.803 | Logits Neg = -15.626112937927246 | Logits Pos = -2.182384490966797 | Logsumexp = 1.3614909648895264 | Steps Per Second = 239.102
I0502 15:16:17.792999 139579566835264 terminal.py:91] [Evaluator] Actor Episodes = 4066 | Actor Steps = 203300 | Delta Dist = 11.417 | Delta Dist 10 = 11.894 | Delta Dist 100 = 10.490 | Delta Dist 1000 = 10.654 | Episode Length = 50 | Episode Return = 19.0 | Evaluator Episodes = 1012 | Evaluator Steps = 50600 | Final Dist = 1.389 | Final Dist 10 = 0.912 | Final Dist 100 = 2.316 | Final Dist 1000 = 2.152 | Init Dist = 12.806 | Init Dist 10 = 12.806 | Init Dist 100 = 12.806 | Init Dist 1000 = 12.806 | Learner Steps = 3021 | Learner Walltime = 601.358 | Min Dist = 0.286 | Min Dist 10 = 0.187 | Min Dist 100 = 1.473 | Min Dist 1000 = 1.389 | Steps Per Second = 79.496 | Success = 1.000 | Success 1000 = 0.806
I0502 15:16:18.494801 139558059398720 terminal.py:91] [Actor] Actor Episodes = 4072 | Actor Steps = 203600 | Delta Dist = 2.638 | Delta Dist 10 = 6.314 | Delta Dist 100 = 4.715 | Delta Dist 1000 = 4.176 | Episode Length = 50 | Episode Return = 13.0 | Evaluator Episodes = 1012 | Evaluator Steps = 50600 | Final Dist = 0.191 | Final Dist 10 = 1.037 | Final Dist 100 = 1.333 | Final Dist 1000 = 1.556 | Init Dist = 2.828 | Init Dist 10 = 7.351 | Init Dist 100 = 6.048 | Init Dist 1000 = 5.731 | Learner Steps = 3026 | Learner Walltime = 602.412 | Min Dist = 0.022 | Min Dist 10 = 0.155 | Min Dist 100 = 0.113 | Min Dist 1000 = 0.239 | Steps Per Second = 85.398 | Success = 1.000 | Success 1000 = 0.993
I0502 15:16:18.982316 139579566835264 terminal.py:91] [Evaluator] Actor Episodes = 4074 | Actor Steps = 203700 | Delta Dist = 10.654 | Delta Dist 10 = 11.962 | Delta Dist 100 = 10.481 | Delta Dist 1000 = 10.670 | Episode Length = 50 | Episode Return = 0.0 | Evaluator Episodes = 1014 | Evaluator Steps = 50700 | Final Dist = 2.153 | Final Dist 10 = 0.845 | Final Dist 100 = 2.326 | Final Dist 1000 = 2.136 | Init Dist = 12.806 | Init Dist 10 = 12.806 | Init Dist 100 = 12.806 | Init Dist 1000 = 12.806 | Learner Steps = 3026 | Learner Walltime = 602.412 | Min Dist = 1.911 | Min Dist 10 = 0.200 | Min Dist 100 = 1.477 | Min Dist 1000 = 1.373 | Steps Per Second = 81.742 | Success = 0.000 | Success 1000 = 0.808
I0502 15:16:20.222425 139579566835264 terminal.py:91] [Evaluator] Actor Episodes = 4082 | Actor Steps = 204100 | Delta Dist = 8.605 | Delta Dist 10 = 11.735 | Delta Dist 100 = 10.471 | Delta Dist 1000 = 10.686 | Episode Length = 50 | Episode Return = 0.0 | Evaluator Episodes = 1016 | Evaluator Steps = 50800 | Final Dist = 4.202 | Final Dist 10 = 1.071 | Final Dist 100 = 2.335 | Final Dist 1000 = 2.120 | Init Dist = 12.806 | Init Dist 10 = 12.806 | Init Dist 100 = 12.806 | Init Dist 1000 = 12.806 | Learner Steps = 3033 | Learner Walltime = 603.761 | Min Dist = 4.195 | Min Dist 10 = 0.359 | Min Dist 100 = 1.492 | Min Dist 1000 = 1.356 | Steps Per Second = 77.301 | Success = 0.000 | Success 1000 = 0.809
I0502 15:16:21.440629 139579566835264 terminal.py:91] [Evaluator] Actor Episodes = 4090 | Actor Steps = 204500 | Delta Dist = 11.579 | Delta Dist 10 = 11.356 | Delta Dist 100 = 10.439 | Delta Dist 1000 = 10.704 | Episode Length = 50 | Episode Return = 2.0 | Evaluator Episodes = 1018 | Evaluator Steps = 50900 | Final Dist = 1.227 | Final Dist 10 = 1.450 | Final Dist 100 = 2.367 | Final Dist 1000 = 2.102 | Init Dist = 12.806 | Init Dist 10 = 12.806 | Init Dist 100 = 12.806 | Init Dist 1000 = 12.806 | Learner Steps = 3039 | Learner Walltime = 604.778 | Min Dist = 0.473 | Min Dist 10 = 0.772 | Min Dist 100 = 1.533 | Min Dist 1000 = 1.343 | Steps Per Second = 80.254 | Success = 1.000 | Success 1000 = 0.810
I0502 15:16:22.614722 139579566835264 terminal.py:91] [Evaluator] Actor Episodes = 4098 | Actor Steps = 204900 | Delta Dist = 11.875 | Delta Dist 10 = 11.264 | Delta Dist 100 = 10.443 | Delta Dist 1000 = 10.718 | Episode Length = 50 | Episode Return = 8.0 | Evaluator Episodes = 1020 | Evaluator Steps = 51000 | Final Dist = 0.931 | Final Dist 10 = 1.542 | Final Dist 100 = 2.363 | Final Dist 1000 = 2.088 | Init Dist = 12.806 | Init Dist 10 = 12.806 | Init Dist 100 = 12.806 | Init Dist 1000 = 12.806 | Learner Steps = 3045 | Learner Walltime = 606.004 | Min Dist = 0.240 | Min Dist 10 = 0.878 | Min Dist 100 = 1.526 | Min Dist 1000 = 1.330 | Steps Per Second = 90.764 | Success = 1.000 | Success 1000 = 0.812
I0502 15:16:23.404828 139583350109760 savers.py:156] Saving checkpoint: logs/contrastive_cpc_point_FourRooms_64/5dd72662-2788-11f0-b183-d85ed38c5779/checkpoints/learner
I0502 15:16:23.827524 139579566835264 terminal.py:91] [Evaluator] Actor Episodes = 4106 | Actor Steps = 205300 | Delta Dist = 11.443 | Delta Dist 10 = 11.360 | Delta Dist 100 = 10.457 | Delta Dist 1000 = 10.732 | Episode Length = 50 | Episode Return = 14.0 | Evaluator Episodes = 1022 | Evaluator Steps = 51100 | Final Dist = 1.363 | Final Dist 10 = 1.446 | Final Dist 100 = 2.350 | Final Dist 1000 = 2.074 | Init Dist = 12.806 | Init Dist 10 = 12.806 | Init Dist 100 = 12.806 | Init Dist 1000 = 12.806 | Learner Steps = 3051 | Learner Walltime = 607.229 | Min Dist = 0.436 | Min Dist 10 = 0.859 | Min Dist 100 = 1.517 | Min Dist 1000 = 1.316 | Steps Per Second = 83.910 | Success = 1.000 | Success 1000 = 0.814
I0502 15:16:24.709366 139569349502528 terminal.py:91] [Actor] Actor Episodes = 4109 | Actor Steps = 205450 | Delta Dist = 7.797 | Delta Dist 10 = 3.948 | Delta Dist 100 = 4.462 | Delta Dist 1000 = 4.220 | Episode Length = 50 | Episode Return = 31.0 | Evaluator Episodes = 1022 | Evaluator Steps = 51100 | Final Dist = 0.203 | Final Dist 10 = 0.585 | Final Dist 100 = 1.027 | Final Dist 1000 = 1.516 | Init Dist = 8.000 | Init Dist 10 = 4.533 | Init Dist 100 = 5.489 | Init Dist 1000 = 5.736 | Learner Steps = 3057 | Learner Walltime = 608.278 | Min Dist = 0.082 | Min Dist 10 = 0.105 | Min Dist 100 = 0.131 | Min Dist 1000 = 0.235 | Steps Per Second = 86.088 | Success = 1.000 | Success 1000 = 0.994
I0502 15:16:24.969456 139579566835264 terminal.py:91] [Evaluator] Actor Episodes = 4114 | Actor Steps = 205700 | Delta Dist = 11.803 | Delta Dist 10 = 11.339 | Delta Dist 100 = 10.449 | Delta Dist 1000 = 10.751 | Episode Length = 50 | Episode Return = 8.0 | Evaluator Episodes = 1024 | Evaluator Steps = 51200 | Final Dist = 1.003 | Final Dist 10 = 1.467 | Final Dist 100 = 2.357 | Final Dist 1000 = 2.055 | Init Dist = 12.806 | Init Dist 10 = 12.806 | Init Dist 100 = 12.806 | Init Dist 1000 = 12.806 | Learner Steps = 3057 | Learner Walltime = 608.278 | Min Dist = 0.350 | Min Dist 10 = 0.889 | Min Dist 100 = 1.521 | Min Dist 1000 = 1.300 | Steps Per Second = 86.041 | Success = 1.000 | Success 1000 = 0.816
I0502 15:16:25.140294 139557462840896 terminal.py:91] [Actor] Actor Episodes = 4115 | Actor Steps = 205750 | Delta Dist = 4.822 | Delta Dist 10 = 4.392 | Delta Dist 100 = 4.461 | Delta Dist 1000 = 4.226 | Episode Length = 50 | Episode Return = 30.0 | Evaluator Episodes = 1022 | Evaluator Steps = 51100 | Final Dist = 0.178 | Final Dist 10 = 0.682 | Final Dist 100 = 1.054 | Final Dist 1000 = 1.518 | Init Dist = 5.000 | Init Dist 10 = 5.074 | Init Dist 100 = 5.515 | Init Dist 1000 = 5.744 | Learner Steps = 3057 | Learner Walltime = 608.278 | Min Dist = 0.051 | Min Dist 10 = 0.106 | Min Dist 100 = 0.133 | Min Dist 1000 = 0.235 | Steps Per Second = 89.704 | Success = 1.000 | Success 1000 = 0.994
I0502 15:16:25.501441 139555860620864 terminal.py:91] [Actor] Actor Episodes = 4118 | Actor Steps = 205900 | Delta Dist = 2.878 | Delta Dist 10 = 3.829 | Delta Dist 100 = 4.480 | Delta Dist 1000 = 4.225 | Episode Length = 50 | Episode Return = 37.0 | Evaluator Episodes = 1024 | Evaluator Steps = 51200 | Final Dist = 0.122 | Final Dist 10 = 0.738 | Final Dist 100 = 1.030 | Final Dist 1000 = 1.519 | Init Dist = 3.000 | Init Dist 10 = 4.567 | Init Dist 100 = 5.509 | Init Dist 1000 = 5.744 | Learner Steps = 3062 | Learner Walltime = 609.368 | Min Dist = 0.034 | Min Dist 10 = 0.113 | Min Dist 100 = 0.135 | Min Dist 1000 = 0.235 | Steps Per Second = 84.453 | Success = 1.000 | Success 1000 = 0.994
I0502 15:16:25.748179 139584504182336 lp_utils.py:96] StepsLimiter: Reached 206000 recorded steps
I0502 15:16:26.043094 139579566835264 terminal.py:91] [Evaluator] Actor Episodes = 4122 | Actor Steps = 206100 | Delta Dist = -0.022 | Delta Dist 10 = 11.442 | Delta Dist 100 = 10.449 | Delta Dist 1000 = 10.766 | Episode Length = 50 | Episode Return = 0.0 | Evaluator Episodes = 1026 | Evaluator Steps = 51300 | Final Dist = 12.828 | Final Dist 10 = 1.364 | Final Dist 100 = 2.358 | Final Dist 1000 = 2.041 | Init Dist = 12.806 | Init Dist 10 = 12.806 | Init Dist 100 = 12.806 | Init Dist 1000 = 12.806 | Learner Steps = 3062 | Learner Walltime = 609.368 | Min Dist = 10.586 | Min Dist 10 = 0.738 | Min Dist 100 = 1.522 | Min Dist 1000 = 1.285 | Steps Per Second = 94.148 | Success = 0.000 | Success 1000 = 0.818
I0502 15:16:27.287147 139579566835264 terminal.py:91] [Evaluator] Actor Episodes = 4130 | Actor Steps = 206500 | Delta Dist = 11.763 | Delta Dist 10 = 9.546 | Delta Dist 100 = 10.232 | Delta Dist 1000 = 10.759 | Episode Length = 50 | Episode Return = 30.0 | Evaluator Episodes = 1028 | Evaluator Steps = 51400 | Final Dist = 1.043 | Final Dist 10 = 3.260 | Final Dist 100 = 2.574 | Final Dist 1000 = 2.047 | Init Dist = 12.806 | Init Dist 10 = 12.806 | Init Dist 100 = 12.806 | Init Dist 1000 = 12.806 | Learner Steps = 3068 | Learner Walltime = 610.613 | Min Dist = 0.156 | Min Dist 10 = 2.311 | Min Dist 100 = 1.708 | Min Dist 1000 = 1.289 | Steps Per Second = 81.528 | Success = 1.000 | Success 1000 = 0.818
I0502 15:16:27.883796 139555013154368 terminal.py:91] [Learner] Actor Episodes = 4130 | Actor Loss = 3.9190285205841064 | Actor Steps = 206500 | Binary Accuracy = 0.995880126953125 | Categorical Accuracy = 0.392578125 | Critic Loss = 2.143587112426758 | Entropy Mean = -16.004236221313477 | Evaluator Episodes = 1028 | Evaluator Steps = 51400 | Learner Steps = 3076 | Learner Walltime = 612.081 | Logits Neg = -15.728424072265625 | Logits Pos = -2.1066598892211914 | Logsumexp = 1.464777946472168 | Steps Per Second = 159.054
I0502 15:16:28.478913 139579566835264 terminal.py:91] [Evaluator] Actor Episodes = 4138 | Actor Steps = 206900 | Delta Dist = 11.505 | Delta Dist 10 = 9.564 | Delta Dist 100 = 10.335 | Delta Dist 1000 = 10.779 | Episode Length = 50 | Episode Return = 19.0 | Evaluator Episodes = 1030 | Evaluator Steps = 51500 | Final Dist = 1.301 | Final Dist 10 = 3.242 | Final Dist 100 = 2.471 | Final Dist 1000 = 2.027 | Init Dist = 12.806 | Init Dist 10 = 12.806 | Init Dist 100 = 12.806 | Init Dist 1000 = 12.806 | Learner Steps = 3075 | Learner Walltime = 611.678 | Min Dist = 0.148 | Min Dist 10 = 2.281 | Min Dist 100 = 1.617 | Min Dist 1000 = 1.273 | Steps Per Second = 81.771 | Success = 1.000 | Success 1000 = 0.820
I0502 15:16:28.713055 139558059398720 terminal.py:91] [Actor] Actor Episodes = 4139 | Actor Steps = 206950 | Delta Dist = 9.040 | Delta Dist 10 = 4.766 | Delta Dist 100 = 4.388 | Delta Dist 1000 = 4.238 | Episode Length = 50 | Episode Return = 16.0 | Evaluator Episodes = 1028 | Evaluator Steps = 51400 | Final Dist = 0.859 | Final Dist 10 = 1.386 | Final Dist 100 = 1.100 | Final Dist 1000 = 1.521 | Init Dist = 9.899 | Init Dist 10 = 6.152 | Init Dist 100 = 5.488 | Init Dist 1000 = 5.758 | Learner Steps = 3075 | Learner Walltime = 611.678 | Min Dist = 0.181 | Min Dist 10 = 0.145 | Min Dist 100 = 0.218 | Min Dist 1000 = 0.244 | Steps Per Second = 84.085 | Success = 1.000 | Success 1000 = 0.994
I0502 15:16:29.667607 139579566835264 terminal.py:91] [Evaluator] Actor Episodes = 4146 | Actor Steps = 207300 | Delta Dist = 12.353 | Delta Dist 10 = 9.558 | Delta Dist 100 = 10.414 | Delta Dist 1000 = 10.791 | Episode Length = 50 | Episode Return = 7.0 | Evaluator Episodes = 1032 | Evaluator Steps = 51600 | Final Dist = 0.453 | Final Dist 10 = 3.248 | Final Dist 100 = 2.392 | Final Dist 1000 = 2.016 | Init Dist = 12.806 | Init Dist 10 = 12.806 | Init Dist 100 = 12.806 | Init Dist 1000 = 12.806 | Learner Steps = 3080 | Learner Walltime = 612.689 | Min Dist = 0.053 | Min Dist 10 = 2.270 | Min Dist 100 = 1.538 | Min Dist 1000 = 1.262 | Steps Per Second = 92.590 | Success = 1.000 | Success 1000 = 0.822
I0502 15:16:30.163995 139584635659840 savers.py:156] Saving checkpoint: logs/contrastive_cpc_point_FourRooms_64/5dd72662-2788-11f0-b183-d85ed38c5779/checkpoints/counter
I0502 15:16:30.918698 139579566835264 terminal.py:91] [Evaluator] Actor Episodes = 4154 | Actor Steps = 207700 | Delta Dist = 12.361 | Delta Dist 10 = 9.651 | Delta Dist 100 = 10.422 | Delta Dist 1000 = 10.811 | Episode Length = 50 | Episode Return = 22.0 | Evaluator Episodes = 1034 | Evaluator Steps = 51700 | Final Dist = 0.445 | Final Dist 10 = 3.156 | Final Dist 100 = 2.384 | Final Dist 1000 = 1.995 | Init Dist = 12.806 | Init Dist 10 = 12.806 | Init Dist 100 = 12.806 | Init Dist 1000 = 12.806 | Learner Steps = 3091 | Learner Walltime = 614.967 | Min Dist = 0.121 | Min Dist 10 = 2.189 | Min Dist 100 = 1.537 | Min Dist 1000 = 1.246 | Steps Per Second = 84.358 | Success = 1.000 | Success 1000 = 0.824
I0502 15:16:32.147930 139579566835264 terminal.py:91] [Evaluator] Actor Episodes = 4162 | Actor Steps = 208100 | Delta Dist = 12.510 | Delta Dist 10 = 9.725 | Delta Dist 100 = 10.428 | Delta Dist 1000 = 10.828 | Episode Length = 50 | Episode Return = 9.0 | Evaluator Episodes = 1036 | Evaluator Steps = 51800 | Final Dist = 0.296 | Final Dist 10 = 3.082 | Final Dist 100 = 2.378 | Final Dist 1000 = 1.978 | Init Dist = 12.806 | Init Dist 10 = 12.806 | Init Dist 100 = 12.806 | Init Dist 1000 = 12.806 | Learner Steps = 3097 | Learner Walltime = 616.057 | Min Dist = 0.174 | Min Dist 10 = 2.178 | Min Dist 100 = 1.534 | Min Dist 1000 = 1.229 | Steps Per Second = 75.810 | Success = 1.000 | Success 1000 = 0.826
I0502 15:16:33.243880 139579566835264 terminal.py:91] [Evaluator] Actor Episodes = 4170 | Actor Steps = 208500 | Delta Dist = 11.228 | Delta Dist 10 = 12.008 | Delta Dist 100 = 10.448 | Delta Dist 1000 = 10.845 | Episode Length = 50 | Episode Return = 8.0 | Evaluator Episodes = 1038 | Evaluator Steps = 51900 | Final Dist = 1.578 | Final Dist 10 = 0.798 | Final Dist 100 = 2.358 | Final Dist 1000 = 1.961 | Init Dist = 12.806 | Init Dist 10 = 12.806 | Init Dist 100 = 12.806 | Init Dist 1000 = 12.806 | Learner Steps = 3103 | Learner Walltime = 617.086 | Min Dist = 0.211 | Min Dist 10 = 0.201 | Min Dist 100 = 1.520 | Min Dist 1000 = 1.212 | Steps Per Second = 91.178 | Success = 1.000 | Success 1000 = 0.828
I0502 15:16:34.332753 139579566835264 terminal.py:91] [Evaluator] Actor Episodes = 4178 | Actor Steps = 208900 | Delta Dist = 12.301 | Delta Dist 10 = 11.553 | Delta Dist 100 = 10.406 | Delta Dist 1000 = 10.854 | Episode Length = 50 | Episode Return = 7.0 | Evaluator Episodes = 1040 | Evaluator Steps = 52000 | Final Dist = 0.505 | Final Dist 10 = 1.253 | Final Dist 100 = 2.400 | Final Dist 1000 = 1.952 | Init Dist = 12.806 | Init Dist 10 = 12.806 | Init Dist 100 = 12.806 | Init Dist 1000 = 12.806 | Learner Steps = 3108 | Learner Walltime = 618.199 | Min Dist = 0.350 | Min Dist 10 = 0.631 | Min Dist 100 = 1.561 | Min Dist 1000 = 1.205 | Steps Per Second = 92.606 | Success = 1.000 | Success 1000 = 0.829
I0502 15:16:35.232056 139569349502528 terminal.py:91] [Actor] Actor Episodes = 4182 | Actor Steps = 209100 | Delta Dist = 5.003 | Delta Dist 10 = 3.505 | Delta Dist 100 = 4.112 | Delta Dist 1000 = 4.170 | Episode Length = 50 | Episode Return = 49.0 | Evaluator Episodes = 1040 | Evaluator Steps = 52000 | Final Dist = 0.382 | Final Dist 10 = 1.308 | Final Dist 100 = 1.193 | Final Dist 1000 = 1.533 | Init Dist = 5.385 | Init Dist 10 = 4.812 | Init Dist 100 = 5.305 | Init Dist 1000 = 5.703 | Learner Steps = 3108 | Learner Walltime = 618.199 | Min Dist = 0.061 | Min Dist 10 = 0.080 | Min Dist 100 = 0.193 | Min Dist 1000 = 0.242 | Steps Per Second = 68.870 | Success = 1.000 | Success 1000 = 0.993
I0502 15:16:35.254003 139557462840896 terminal.py:91] [Actor] Actor Episodes = 4184 | Actor Steps = 209200 | Delta Dist = -1.098 | Delta Dist 10 = 3.249 | Delta Dist 100 = 4.112 | Delta Dist 1000 = 4.173 | Episode Length = 50 | Episode Return = 31.0 | Evaluator Episodes = 1040 | Evaluator Steps = 52000 | Final Dist = 7.098 | Final Dist 10 = 1.340 | Final Dist 100 = 1.183 | Final Dist 1000 = 1.533 | Init Dist = 6.000 | Init Dist 10 = 4.589 | Init Dist 100 = 5.295 | Init Dist 1000 = 5.706 | Learner Steps = 3108 | Learner Walltime = 618.199 | Min Dist = 0.051 | Min Dist 10 = 0.081 | Min Dist 100 = 0.192 | Min Dist 1000 = 0.242 | Steps Per Second = 72.758 | Success = 1.000 | Success 1000 = 0.993
I0502 15:16:35.444081 139579566835264 terminal.py:91] [Evaluator] Actor Episodes = 4184 | Actor Steps = 209200 | Delta Dist = 3.375 | Delta Dist 10 = 10.375 | Delta Dist 100 = 10.281 | Delta Dist 1000 = 10.858 | Episode Length = 50 | Episode Return = 0.0 | Evaluator Episodes = 1042 | Evaluator Steps = 52100 | Final Dist = 9.432 | Final Dist 10 = 2.432 | Final Dist 100 = 2.526 | Final Dist 1000 = 1.948 | Init Dist = 12.806 | Init Dist 10 = 12.806 | Init Dist 100 = 12.806 | Init Dist 1000 = 12.806 | Learner Steps = 3114 | Learner Walltime = 619.578 | Min Dist = 9.432 | Min Dist 10 = 1.703 | Min Dist 100 = 1.668 | Min Dist 1000 = 1.199 | Steps Per Second = 85.768 | Success = 0.000 | Success 1000 = 0.830
I0502 15:16:35.690762 139555860620864 terminal.py:91] [Actor] Actor Episodes = 4181 | Actor Steps = 209050 | Delta Dist = 1.249 | Delta Dist 10 = 3.051 | Delta Dist 100 = 4.073 | Delta Dist 1000 = 4.168 | Episode Length = 50 | Episode Return = 36.0 | Evaluator Episodes = 1040 | Evaluator Steps = 52000 | Final Dist = 0.751 | Final Dist 10 = 1.619 | Final Dist 100 = 1.233 | Final Dist 1000 = 1.539 | Init Dist = 2.000 | Init Dist 10 = 4.670 | Init Dist 100 = 5.307 | Init Dist 1000 = 5.706 | Learner Steps = 3108 | Learner Walltime = 618.199 | Min Dist = 0.127 | Min Dist 10 = 0.073 | Min Dist 100 = 0.191 | Min Dist 1000 = 0.242 | Steps Per Second = 82.346 | Success = 1.000 | Success 1000 = 0.993
I0502 15:16:35.766429 139584504182336 lp_utils.py:96] StepsLimiter: Reached 209300 recorded steps
I0502 15:16:36.594081 139579566835264 terminal.py:91] [Evaluator] Actor Episodes = 4192 | Actor Steps = 209600 | Delta Dist = 12.127 | Delta Dist 10 = 9.403 | Delta Dist 100 = 10.277 | Delta Dist 1000 = 10.863 | Episode Length = 50 | Episode Return = 5.0 | Evaluator Episodes = 1044 | Evaluator Steps = 52200 | Final Dist = 0.680 | Final Dist 10 = 3.403 | Final Dist 100 = 2.529 | Final Dist 1000 = 1.943 | Init Dist = 12.806 | Init Dist 10 = 12.806 | Init Dist 100 = 12.806 | Init Dist 1000 = 12.806 | Learner Steps = 3120 | Learner Walltime = 620.593 | Min Dist = 0.354 | Min Dist 10 = 2.680 | Min Dist 100 = 1.665 | Min Dist 1000 = 1.193 | Steps Per Second = 85.032 | Success = 1.000 | Success 1000 = 0.831
I0502 15:16:37.645649 139579566835264 terminal.py:91] [Evaluator] Actor Episodes = 4198 | Actor Steps = 209900 | Delta Dist = 0.047 | Delta Dist 10 = 9.361 | Delta Dist 100 = 10.481 | Delta Dist 1000 = 10.878 | Episode Length = 50 | Episode Return = 0.0 | Evaluator Episodes = 1046 | Evaluator Steps = 52300 | Final Dist = 12.759 | Final Dist 10 = 3.445 | Final Dist 100 = 2.325 | Final Dist 1000 = 1.928 | Init Dist = 12.806 | Init Dist 10 = 12.806 | Init Dist 100 = 12.806 | Init Dist 1000 = 12.806 | Learner Steps = 3126 | Learner Walltime = 621.758 | Min Dist = 9.429 | Min Dist 10 = 2.729 | Min Dist 100 = 1.454 | Min Dist 1000 = 1.179 | Steps Per Second = 109.799 | Success = 0.000 | Success 1000 = 0.833
I0502 15:16:38.143907 139555013154368 terminal.py:91] [Learner] Actor Episodes = 4198 | Actor Loss = 3.7655463218688965 | Actor Steps = 209900 | Binary Accuracy = 0.9959506988525391 | Categorical Accuracy = 0.39300537109375 | Critic Loss = 2.131460189819336 | Entropy Mean = -14.972101211547852 | Evaluator Episodes = 1044 | Evaluator Steps = 52200 | Learner Steps = 3129 | Learner Walltime = 622.339 | Logits Neg = -15.721147537231445 | Logits Pos = -2.099213123321533 | Logsumexp = 1.299133062362671 | Steps Per Second = 153.502
I0502 15:16:39.153653 139558059398720 terminal.py:91] [Actor] Actor Episodes = 4210 | Actor Steps = 210500 | Delta Dist = 7.819 | Delta Dist 10 = 2.442 | Delta Dist 100 = 3.803 | Delta Dist 1000 = 4.120 | Episode Length = 50 | Episode Return = 25.0 | Evaluator Episodes = 1046 | Evaluator Steps = 52300 | Final Dist = 0.783 | Final Dist 10 = 2.360 | Final Dist 100 = 1.564 | Final Dist 1000 = 1.544 | Init Dist = 8.602 | Init Dist 10 = 4.802 | Init Dist 100 = 5.367 | Init Dist 1000 = 5.664 | Learner Steps = 3132 | Learner Walltime = 622.854 | Min Dist = 0.010 | Min Dist 10 = 0.107 | Min Dist 100 = 0.205 | Min Dist 1000 = 0.231 | Steps Per Second = 80.639 | Success = 1.000 | Success 1000 = 0.995
I0502 15:16:39.204037 139579566835264 terminal.py:91] [Evaluator] Actor Episodes = 4210 | Actor Steps = 210500 | Delta Dist = 12.290 | Delta Dist 10 = 7.004 | Delta Dist 100 = 10.353 | Delta Dist 1000 = 10.879 | Episode Length = 50 | Episode Return = 13.0 | Evaluator Episodes = 1049 | Evaluator Steps = 52450 | Final Dist = 0.516 | Final Dist 10 = 5.802 | Final Dist 100 = 2.453 | Final Dist 1000 = 1.927 | Init Dist = 12.806 | Init Dist 10 = 12.806 | Init Dist 100 = 12.806 | Init Dist 1000 = 12.806 | Learner Steps = 3132 | Learner Walltime = 622.854 | Min Dist = 0.418 | Min Dist 10 = 4.718 | Min Dist 100 = 1.537 | Min Dist 1000 = 1.175 | Steps Per Second = 80.684 | Success = 1.000 | Success 1000 = 0.834
I0502 15:16:40.323658 139579566835264 terminal.py:91] [Evaluator] Actor Episodes = 4218 | Actor Steps = 210900 | Delta Dist = 12.629 | Delta Dist 10 = 7.090 | Delta Dist 100 = 10.338 | Delta Dist 1000 = 10.891 | Episode Length = 50 | Episode Return = 19.0 | Evaluator Episodes = 1051 | Evaluator Steps = 52550 | Final Dist = 0.177 | Final Dist 10 = 5.716 | Final Dist 100 = 2.468 | Final Dist 1000 = 1.915 | Init Dist = 12.806 | Init Dist 10 = 12.806 | Init Dist 100 = 12.806 | Init Dist 1000 = 12.806 | Learner Steps = 3137 | Learner Walltime = 623.862 | Min Dist = 0.102 | Min Dist 10 = 4.638 | Min Dist 100 = 1.575 | Min Dist 1000 = 1.167 | Steps Per Second = 85.598 | Success = 1.000 | Success 1000 = 0.835
I0502 15:16:41.451153 139579566835264 terminal.py:91] [Evaluator] Actor Episodes = 4224 | Actor Steps = 211200 | Delta Dist = 12.765 | Delta Dist 10 = 9.161 | Delta Dist 100 = 10.351 | Delta Dist 1000 = 10.906 | Episode Length = 50 | Episode Return = 4.0 | Evaluator Episodes = 1053 | Evaluator Steps = 52650 | Final Dist = 0.041 | Final Dist 10 = 3.646 | Final Dist 100 = 2.455 | Final Dist 1000 = 1.900 | Init Dist = 12.806 | Init Dist 10 = 12.806 | Init Dist 100 = 12.806 | Init Dist 1000 = 12.806 | Learner Steps = 3143 | Learner Walltime = 625.045 | Min Dist = 0.041 | Min Dist 10 = 2.669 | Min Dist 100 = 1.576 | Min Dist 1000 = 1.151 | Steps Per Second = 86.185 | Success = 1.000 | Success 1000 = 0.837
I0502 15:16:42.587397 139579566835264 terminal.py:91] [Evaluator] Actor Episodes = 4232 | Actor Steps = 211600 | Delta Dist = 3.934 | Delta Dist 10 = 9.274 | Delta Dist 100 = 10.367 | Delta Dist 1000 = 10.925 | Episode Length = 50 | Episode Return = 0.0 | Evaluator Episodes = 1055 | Evaluator Steps = 52750 | Final Dist = 8.872 | Final Dist 10 = 3.533 | Final Dist 100 = 2.439 | Final Dist 1000 = 1.881 | Init Dist = 12.806 | Init Dist 10 = 12.806 | Init Dist 100 = 12.806 | Init Dist 1000 = 12.806 | Learner Steps = 3149 | Learner Walltime = 626.095 | Min Dist = 8.872 | Min Dist 10 = 2.590 | Min Dist 100 = 1.574 | Min Dist 1000 = 1.137 | Steps Per Second = 96.692 | Success = 0.000 | Success 1000 = 0.839
I0502 15:16:43.674303 139579566835264 terminal.py:91] [Evaluator] Actor Episodes = 4238 | Actor Steps = 211900 | Delta Dist = 5.533 | Delta Dist 10 = 9.755 | Delta Dist 100 = 10.293 | Delta Dist 1000 = 10.929 | Episode Length = 50 | Episode Return = 0.0 | Evaluator Episodes = 1057 | Evaluator Steps = 52850 | Final Dist = 7.273 | Final Dist 10 = 3.051 | Final Dist 100 = 2.514 | Final Dist 1000 = 1.877 | Init Dist = 12.806 | Init Dist 10 = 12.806 | Init Dist 100 = 12.806 | Init Dist 1000 = 12.806 | Learner Steps = 3154 | Learner Walltime = 627.163 | Min Dist = 7.082 | Min Dist 10 = 2.491 | Min Dist 100 = 1.658 | Min Dist 1000 = 1.133 | Steps Per Second = 88.017 | Success = 0.000 | Success 1000 = 0.840
I0502 15:16:44.829114 139579566835264 terminal.py:91] [Evaluator] Actor Episodes = 4246 | Actor Steps = 212300 | Delta Dist = 12.581 | Delta Dist 10 = 10.320 | Delta Dist 100 = 10.239 | Delta Dist 1000 = 10.933 | Episode Length = 50 | Episode Return = 26.0 | Evaluator Episodes = 1059 | Evaluator Steps = 52950 | Final Dist = 0.225 | Final Dist 10 = 2.486 | Final Dist 100 = 2.567 | Final Dist 1000 = 1.873 | Init Dist = 12.806 | Init Dist 10 = 12.806 | Init Dist 100 = 12.806 | Init Dist 1000 = 12.806 | Learner Steps = 3159 | Learner Walltime = 628.279 | Min Dist = 0.114 | Min Dist 10 = 2.120 | Min Dist 100 = 1.728 | Min Dist 1000 = 1.128 | Steps Per Second = 85.543 | Success = 1.000 | Success 1000 = 0.841
I0502 15:16:45.481847 139557462840896 terminal.py:91] [Actor] Actor Episodes = 4249 | Actor Steps = 212450 | Delta Dist = 1.920 | Delta Dist 10 = 4.653 | Delta Dist 100 = 3.638 | Delta Dist 1000 = 4.117 | Episode Length = 50 | Episode Return = 41.0 | Evaluator Episodes = 1059 | Evaluator Steps = 52950 | Final Dist = 0.316 | Final Dist 10 = 1.558 | Final Dist 100 = 1.541 | Final Dist 1000 = 1.528 | Init Dist = 2.236 | Init Dist 10 = 6.211 | Init Dist 100 = 5.179 | Init Dist 1000 = 5.645 | Learner Steps = 3159 | Learner Walltime = 628.279 | Min Dist = 0.033 | Min Dist 10 = 0.149 | Min Dist 100 = 0.102 | Min Dist 1000 = 0.216 | Steps Per Second = 79.474 | Success = 1.000 | Success 1000 = 0.995
I0502 15:16:45.781599 139584504182336 lp_utils.py:96] StepsLimiter: Reached 212500 recorded steps
I0502 15:16:45.831515 139569349502528 terminal.py:91] [Actor] Actor Episodes = 4252 | Actor Steps = 212600 | Delta Dist = 6.422 | Delta Dist 10 = 4.531 | Delta Dist 100 = 3.685 | Delta Dist 1000 = 4.115 | Episode Length = 50 | Episode Return = 40.0 | Evaluator Episodes = 1059 | Evaluator Steps = 52950 | Final Dist = 0.286 | Final Dist 10 = 1.529 | Final Dist 100 = 1.502 | Final Dist 1000 = 1.529 | Init Dist = 6.708 | Init Dist 10 = 6.061 | Init Dist 100 = 5.188 | Init Dist 1000 = 5.644 | Learner Steps = 3166 | Learner Walltime = 629.430 | Min Dist = 0.087 | Min Dist 10 = 0.119 | Min Dist 100 = 0.102 | Min Dist 1000 = 0.216 | Steps Per Second = 81.017 | Success = 1.000 | Success 1000 = 0.995
I0502 15:16:45.952293 139555860620864 terminal.py:91] [Actor] Actor Episodes = 4254 | Actor Steps = 212700 | Delta Dist = 6.805 | Delta Dist 10 = 4.212 | Delta Dist 100 = 3.674 | Delta Dist 1000 = 4.117 | Episode Length = 50 | Episode Return = 44.0 | Evaluator Episodes = 1059 | Evaluator Steps = 52950 | Final Dist = 0.266 | Final Dist 10 = 1.520 | Final Dist 100 = 1.496 | Final Dist 1000 = 1.527 | Init Dist = 7.071 | Init Dist 10 = 5.731 | Init Dist 100 = 5.170 | Init Dist 1000 = 5.645 | Learner Steps = 3166 | Learner Walltime = 629.430 | Min Dist = 0.041 | Min Dist 10 = 0.112 | Min Dist 100 = 0.102 | Min Dist 1000 = 0.216 | Steps Per Second = 79.850 | Success = 1.000 | Success 1000 = 0.995
I0502 15:16:45.980121 139579566835264 terminal.py:91] [Evaluator] Actor Episodes = 4254 | Actor Steps = 212700 | Delta Dist = 11.081 | Delta Dist 10 = 10.637 | Delta Dist 100 = 10.241 | Delta Dist 1000 = 10.944 | Episode Length = 50 | Episode Return = 9.0 | Evaluator Episodes = 1061 | Evaluator Steps = 53050 | Final Dist = 1.726 | Final Dist 10 = 2.169 | Final Dist 100 = 2.565 | Final Dist 1000 = 1.862 | Init Dist = 12.806 | Init Dist 10 = 12.806 | Init Dist 100 = 12.806 | Init Dist 1000 = 12.806 | Learner Steps = 3166 | Learner Walltime = 629.430 | Min Dist = 0.134 | Min Dist 10 = 1.675 | Min Dist 100 = 1.728 | Min Dist 1000 = 1.116 | Steps Per Second = 90.071 | Success = 1.000 | Success 1000 = 0.843
I0502 15:16:47.170622 139579566835264 terminal.py:91] [Evaluator] Actor Episodes = 4260 | Actor Steps = 213000 | Delta Dist = 11.535 | Delta Dist 10 = 10.596 | Delta Dist 100 = 10.255 | Delta Dist 1000 = 10.961 | Episode Length = 50 | Episode Return = 18.0 | Evaluator Episodes = 1063 | Evaluator Steps = 53150 | Final Dist = 1.271 | Final Dist 10 = 2.210 | Final Dist 100 = 2.551 | Final Dist 1000 = 1.845 | Init Dist = 12.806 | Init Dist 10 = 12.806 | Init Dist 100 = 12.806 | Init Dist 1000 = 12.806 | Learner Steps = 3172 | Learner Walltime = 630.643 | Min Dist = 0.257 | Min Dist 10 = 1.671 | Min Dist 100 = 1.718 | Min Dist 1000 = 1.097 | Steps Per Second = 83.795 | Success = 1.000 | Success 1000 = 0.845
I0502 15:16:48.381617 139579566835264 terminal.py:91] [Evaluator] Actor Episodes = 4268 | Actor Steps = 213400 | Delta Dist = 12.285 | Delta Dist 10 = 10.442 | Delta Dist 100 = 10.305 | Delta Dist 1000 = 10.971 | Episode Length = 50 | Episode Return = 18.0 | Evaluator Episodes = 1065 | Evaluator Steps = 53250 | Final Dist = 0.522 | Final Dist 10 = 2.365 | Final Dist 100 = 2.501 | Final Dist 1000 = 1.835 | Init Dist = 12.806 | Init Dist 10 = 12.806 | Init Dist 100 = 12.806 | Init Dist 1000 = 12.806 | Learner Steps = 3179 | Learner Walltime = 632.005 | Min Dist = 0.397 | Min Dist 10 = 1.750 | Min Dist 100 = 1.657 | Min Dist 1000 = 1.087 | Steps Per Second = 90.237 | Success = 1.000 | Success 1000 = 0.847
I0502 15:16:48.517098 139555013154368 terminal.py:91] [Learner] Actor Episodes = 4266 | Actor Loss = 3.966675281524658 | Actor Steps = 213300 | Binary Accuracy = 0.9959397315979004 | Categorical Accuracy = 0.39349365234375 | Critic Loss = 2.0716731548309326 | Entropy Mean = -13.556427001953125 | Evaluator Episodes = 1063 | Evaluator Steps = 53150 | Learner Steps = 3183 | Learner Walltime = 632.710 | Logits Neg = -16.138286590576172 | Logits Pos = -2.075428009033203 | Logsumexp = 1.3463585376739502 | Steps Per Second = 133.392
I0502 15:16:49.461860 139558059398720 terminal.py:91] [Actor] Actor Episodes = 4275 | Actor Steps = 213750 | Delta Dist = 5.750 | Delta Dist 10 = 3.788 | Delta Dist 100 = 3.704 | Delta Dist 1000 = 4.133 | Episode Length = 50 | Episode Return = 35.0 | Evaluator Episodes = 1065 | Evaluator Steps = 53250 | Final Dist = 0.250 | Final Dist 10 = 2.903 | Final Dist 100 = 1.711 | Final Dist 1000 = 1.546 | Init Dist = 6.000 | Init Dist 10 = 6.690 | Init Dist 100 = 5.415 | Init Dist 1000 = 5.679 | Learner Steps = 3179 | Learner Walltime = 632.005 | Min Dist = 0.005 | Min Dist 10 = 0.159 | Min Dist 100 = 0.105 | Min Dist 1000 = 0.216 | Steps Per Second = 75.767 | Success = 1.000 | Success 1000 = 0.995
I0502 15:16:49.603511 139579566835264 terminal.py:91] [Evaluator] Actor Episodes = 4276 | Actor Steps = 213800 | Delta Dist = 5.011 | Delta Dist 10 = 11.232 | Delta Dist 100 = 10.315 | Delta Dist 1000 = 10.975 | Episode Length = 50 | Episode Return = 0.0 | Evaluator Episodes = 1067 | Evaluator Steps = 53350 | Final Dist = 7.795 | Final Dist 10 = 1.574 | Final Dist 100 = 2.491 | Final Dist 1000 = 1.832 | Init Dist = 12.806 | Init Dist 10 = 12.806 | Init Dist 100 = 12.806 | Init Dist 1000 = 12.806 | Learner Steps = 3186 | Learner Walltime = 633.291 | Min Dist = 7.795 | Min Dist 10 = 0.957 | Min Dist 100 = 1.667 | Min Dist 1000 = 1.085 | Steps Per Second = 80.140 | Success = 0.000 | Success 1000 = 0.849
I0502 15:16:50.663206 139579566835264 terminal.py:91] [Evaluator] Actor Episodes = 4284 | Actor Steps = 214200 | Delta Dist = 11.477 | Delta Dist 10 = 11.243 | Delta Dist 100 = 10.249 | Delta Dist 1000 = 10.974 | Episode Length = 50 | Episode Return = 14.0 | Evaluator Episodes = 1069 | Evaluator Steps = 53450 | Final Dist = 1.330 | Final Dist 10 = 1.563 | Final Dist 100 = 2.557 | Final Dist 1000 = 1.832 | Init Dist = 12.806 | Init Dist 10 = 12.806 | Init Dist 100 = 12.806 | Init Dist 1000 = 12.806 | Learner Steps = 3192 | Learner Walltime = 634.420 | Min Dist = 0.117 | Min Dist 10 = 1.018 | Min Dist 100 = 1.741 | Min Dist 1000 = 1.086 | Steps Per Second = 97.064 | Success = 1.000 | Success 1000 = 0.850
I0502 15:16:51.835919 139579566835264 terminal.py:91] [Evaluator] Actor Episodes = 4292 | Actor Steps = 214600 | Delta Dist = 12.324 | Delta Dist 10 = 11.189 | Delta Dist 100 = 10.248 | Delta Dist 1000 = 10.984 | Episode Length = 50 | Episode Return = 13.0 | Evaluator Episodes = 1071 | Evaluator Steps = 53550 | Final Dist = 0.482 | Final Dist 10 = 1.617 | Final Dist 100 = 2.558 | Final Dist 1000 = 1.822 | Init Dist = 12.806 | Init Dist 10 = 12.806 | Init Dist 100 = 12.806 | Init Dist 1000 = 12.806 | Learner Steps = 3197 | Learner Walltime = 635.527 | Min Dist = 0.191 | Min Dist 10 = 1.057 | Min Dist 100 = 1.744 | Min Dist 1000 = 1.075 | Steps Per Second = 88.423 | Success = 1.000 | Success 1000 = 0.852
I0502 15:16:52.986352 139579566835264 terminal.py:91] [Evaluator] Actor Episodes = 4300 | Actor Steps = 215000 | Delta Dist = 11.545 | Delta Dist 10 = 11.231 | Delta Dist 100 = 10.263 | Delta Dist 1000 = 10.986 | Episode Length = 50 | Episode Return = 8.0 | Evaluator Episodes = 1073 | Evaluator Steps = 53650 | Final Dist = 1.262 | Final Dist 10 = 1.575 | Final Dist 100 = 2.543 | Final Dist 1000 = 1.820 | Init Dist = 12.806 | Init Dist 10 = 12.806 | Init Dist 100 = 12.806 | Init Dist 1000 = 12.806 | Learner Steps = 3204 | Learner Walltime = 636.678 | Min Dist = 0.203 | Min Dist 10 = 1.059 | Min Dist 100 = 1.740 | Min Dist 1000 = 1.074 | Steps Per Second = 90.785 | Success = 1.000 | Success 1000 = 0.853
I0502 15:16:54.095369 139579566835264 terminal.py:91] [Evaluator] Actor Episodes = 4307 | Actor Steps = 215350 | Delta Dist = 11.079 | Delta Dist 10 = 11.287 | Delta Dist 100 = 10.274 | Delta Dist 1000 = 10.988 | Episode Length = 50 | Episode Return = 17.0 | Evaluator Episodes = 1075 | Evaluator Steps = 53750 | Final Dist = 1.728 | Final Dist 10 = 1.520 | Final Dist 100 = 2.532 | Final Dist 1000 = 1.818 | Init Dist = 12.806 | Init Dist 10 = 12.806 | Init Dist 100 = 12.806 | Init Dist 1000 = 12.806 | Learner Steps = 3210 | Learner Walltime = 637.752 | Min Dist = 0.099 | Min Dist 10 = 1.023 | Min Dist 100 = 1.722 | Min Dist 1000 = 1.070 | Steps Per Second = 92.360 | Success = 1.000 | Success 1000 = 0.855
I0502 15:16:55.342309 139579566835264 terminal.py:91] [Evaluator] Actor Episodes = 4318 | Actor Steps = 215900 | Delta Dist = 12.369 | Delta Dist 10 = 11.111 | Delta Dist 100 = 10.273 | Delta Dist 1000 = 10.999 | Episode Length = 50 | Episode Return = 5.0 | Evaluator Episodes = 1077 | Evaluator Steps = 53850 | Final Dist = 0.437 | Final Dist 10 = 1.695 | Final Dist 100 = 2.533 | Final Dist 1000 = 1.807 | Init Dist = 12.806 | Init Dist 10 = 12.806 | Init Dist 100 = 12.806 | Init Dist 1000 = 12.806 | Learner Steps = 3216 | Learner Walltime = 638.906 | Min Dist = 0.172 | Min Dist 10 = 0.947 | Min Dist 100 = 1.721 | Min Dist 1000 = 1.058 | Steps Per Second = 73.107 | Success = 1.000 | Success 1000 = 0.857
I0502 15:16:55.493804 139557462840896 terminal.py:91] [Actor] Actor Episodes = 4315 | Actor Steps = 215750 | Delta Dist = -0.345 | Delta Dist 10 = 3.325 | Delta Dist 100 = 3.869 | Delta Dist 1000 = 4.104 | Episode Length = 50 | Episode Return = 42.0 | Evaluator Episodes = 1075 | Evaluator Steps = 53750 | Final Dist = 0.345 | Final Dist 10 = 1.496 | Final Dist 100 = 1.642 | Final Dist 1000 = 1.571 | Init Dist = 0.000 | Init Dist 10 = 4.821 | Init Dist 100 = 5.511 | Init Dist 1000 = 5.675 | Learner Steps = 3216 | Learner Walltime = 638.906 | Min Dist = 0.000 | Min Dist 10 = 0.030 | Min Dist 100 = 0.106 | Min Dist 1000 = 0.216 | Steps Per Second = 80.430 | Success = 1.000 | Success 1000 = 0.995
I0502 15:16:55.800388 139584504182336 lp_utils.py:96] StepsLimiter: Reached 216000 recorded steps
I0502 15:16:56.064695 139555860620864 terminal.py:91] [Actor] Actor Episodes = 4321 | Actor Steps = 216050 | Delta Dist = 4.892 | Delta Dist 10 = 3.099 | Delta Dist 100 = 3.754 | Delta Dist 1000 = 4.097 | Episode Length = 50 | Episode Return = 49.0 | Evaluator Episodes = 1077 | Evaluator Steps = 53850 | Final Dist = 1.108 | Final Dist 10 = 1.660 | Final Dist 100 = 1.682 | Final Dist 1000 = 1.571 | Init Dist = 6.000 | Init Dist 10 = 4.759 | Init Dist 100 = 5.436 | Init Dist 1000 = 5.667 | Learner Steps = 3216 | Learner Walltime = 638.906 | Min Dist = 0.010 | Min Dist 10 = 0.037 | Min Dist 100 = 0.106 | Min Dist 1000 = 0.208 | Steps Per Second = 79.797 | Success = 1.000 | Success 1000 = 0.995
I0502 15:16:56.314602 139569349502528 terminal.py:91] [Actor] Actor Episodes = 4324 | Actor Steps = 216200 | Delta Dist = 3.077 | Delta Dist 10 = 3.258 | Delta Dist 100 = 3.772 | Delta Dist 1000 = 4.099 | Episode Length = 50 | Episode Return = 19.0 | Evaluator Episodes = 1077 | Evaluator Steps = 53850 | Final Dist = 1.166 | Final Dist 10 = 1.677 | Final Dist 100 = 1.609 | Final Dist 1000 = 1.564 | Init Dist = 4.243 | Init Dist 10 = 4.935 | Init Dist 100 = 5.381 | Init Dist 1000 = 5.664 | Learner Steps = 3222 | Learner Walltime = 640.063 | Min Dist = 0.202 | Min Dist 10 = 0.036 | Min Dist 100 = 0.104 | Min Dist 1000 = 0.207 | Steps Per Second = 90.377 | Success = 1.000 | Success 1000 = 0.995
I0502 15:16:56.516222 139579566835264 terminal.py:91] [Evaluator] Actor Episodes = 4326 | Actor Steps = 216300 | Delta Dist = 11.361 | Delta Dist 10 = 11.794 | Delta Dist 100 = 10.279 | Delta Dist 1000 = 11.004 | Episode Length = 50 | Episode Return = 22.0 | Evaluator Episodes = 1079 | Evaluator Steps = 53950 | Final Dist = 1.446 | Final Dist 10 = 1.013 | Final Dist 100 = 2.527 | Final Dist 1000 = 1.802 | Init Dist = 12.806 | Init Dist 10 = 12.806 | Init Dist 100 = 12.806 | Init Dist 1000 = 12.806 | Learner Steps = 3222 | Learner Walltime = 640.063 | Min Dist = 0.041 | Min Dist 10 = 0.184 | Min Dist 100 = 1.712 | Min Dist 1000 = 1.056 | Steps Per Second = 87.225 | Success = 1.000 | Success 1000 = 0.858
I0502 15:16:57.656179 139579566835264 terminal.py:91] [Evaluator] Actor Episodes = 4334 | Actor Steps = 216700 | Delta Dist = 11.611 | Delta Dist 10 = 11.793 | Delta Dist 100 = 10.282 | Delta Dist 1000 = 11.006 | Episode Length = 50 | Episode Return = 14.0 | Evaluator Episodes = 1081 | Evaluator Steps = 54050 | Final Dist = 1.196 | Final Dist 10 = 1.014 | Final Dist 100 = 2.524 | Final Dist 1000 = 1.800 | Init Dist = 12.806 | Init Dist 10 = 12.806 | Init Dist 100 = 12.806 | Init Dist 1000 = 12.806 | Learner Steps = 3229 | Learner Walltime = 641.181 | Min Dist = 0.092 | Min Dist 10 = 0.136 | Min Dist 100 = 1.710 | Min Dist 1000 = 1.055 | Steps Per Second = 83.021 | Success = 1.000 | Success 1000 = 0.858
I0502 15:16:58.586424 139555013154368 terminal.py:91] [Learner] Actor Episodes = 4336 | Actor Loss = 3.6188290119171143 | Actor Steps = 216800 | Binary Accuracy = 0.995901346206665 | Categorical Accuracy = 0.38043212890625 | Critic Loss = 2.1670751571655273 | Entropy Mean = -14.840292930603027 | Evaluator Episodes = 1081 | Evaluator Steps = 54050 | Learner Steps = 3237 | Learner Walltime = 642.782 | Logits Neg = -15.354921340942383 | Logits Pos = -2.105644702911377 | Logsumexp = 1.2791601419448853 | Steps Per Second = 553.546
I0502 15:16:58.854064 139579566835264 terminal.py:91] [Evaluator] Actor Episodes = 4342 | Actor Steps = 217100 | Delta Dist = 11.009 | Delta Dist 10 = 10.747 | Delta Dist 100 = 10.302 | Delta Dist 1000 = 10.997 | Episode Length = 50 | Episode Return = 5.0 | Evaluator Episodes = 1083 | Evaluator Steps = 54150 | Final Dist = 1.798 | Final Dist 10 = 2.060 | Final Dist 100 = 2.504 | Final Dist 1000 = 1.809 | Init Dist = 12.806 | Init Dist 10 = 12.806 | Init Dist 100 = 12.806 | Init Dist 1000 = 12.806 | Learner Steps = 3235 | Learner Walltime = 642.227 | Min Dist = 0.406 | Min Dist 10 = 1.189 | Min Dist 100 = 1.723 | Min Dist 1000 = 1.065 | Steps Per Second = 75.353 | Success = 1.000 | Success 1000 = 0.857
I0502 15:16:59.865132 139579566835264 terminal.py:91] [Evaluator] Actor Episodes = 4346 | Actor Steps = 217300 | Delta Dist = 1.548 | Delta Dist 10 = 9.494 | Delta Dist 100 = 10.361 | Delta Dist 1000 = 10.998 | Episode Length = 50 | Episode Return = 0.0 | Evaluator Episodes = 1085 | Evaluator Steps = 54250 | Final Dist = 11.259 | Final Dist 10 = 3.313 | Final Dist 100 = 2.446 | Final Dist 1000 = 1.809 | Init Dist = 12.806 | Init Dist 10 = 12.806 | Init Dist 100 = 12.806 | Init Dist 1000 = 12.806 | Learner Steps = 3240 | Learner Walltime = 643.362 | Min Dist = 9.987 | Min Dist 10 = 2.286 | Min Dist 100 = 1.670 | Min Dist 1000 = 1.070 | Steps Per Second = 92.074 | Success = 0.000 | Success 1000 = 0.857
I0502 15:16:59.990650 139558059398720 terminal.py:91] [Actor] Actor Episodes = 4348 | Actor Steps = 217400 | Delta Dist = 9.154 | Delta Dist 10 = 4.219 | Delta Dist 100 = 4.164 | Delta Dist 1000 = 4.122 | Episode Length = 50 | Episode Return = 25.0 | Evaluator Episodes = 1085 | Evaluator Steps = 54250 | Final Dist = 0.066 | Final Dist 10 = 1.533 | Final Dist 100 = 1.608 | Final Dist 1000 = 1.554 | Init Dist = 9.220 | Init Dist 10 = 5.752 | Init Dist 100 = 5.771 | Init Dist 1000 = 5.676 | Learner Steps = 3240 | Learner Walltime = 643.362 | Min Dist = 0.045 | Min Dist 10 = 0.078 | Min Dist 100 = 0.091 | Min Dist 1000 = 0.205 | Steps Per Second = 81.482 | Success = 1.000 | Success 1000 = 0.995
I0502 15:17:00.921628 139579566835264 terminal.py:91] [Evaluator] Actor Episodes = 4352 | Actor Steps = 217600 | Delta Dist = 11.403 | Delta Dist 10 = 7.400 | Delta Dist 100 = 10.134 | Delta Dist 1000 = 10.975 | Episode Length = 50 | Episode Return = 3.0 | Evaluator Episodes = 1087 | Evaluator Steps = 54350 | Final Dist = 1.403 | Final Dist 10 = 5.407 | Final Dist 100 = 2.673 | Final Dist 1000 = 1.831 | Init Dist = 12.806 | Init Dist 10 = 12.806 | Init Dist 100 = 12.806 | Init Dist 1000 = 12.806 | Learner Steps = 3246 | Learner Walltime = 644.481 | Min Dist = 0.221 | Min Dist 10 = 4.253 | Min Dist 100 = 1.868 | Min Dist 1000 = 1.089 | Steps Per Second = 91.531 | Success = 1.000 | Success 1000 = 0.855
I0502 15:17:02.068264 139579566835264 terminal.py:91] [Evaluator] Actor Episodes = 4361 | Actor Steps = 218050 | Delta Dist = 12.001 | Delta Dist 10 = 7.257 | Delta Dist 100 = 10.124 | Delta Dist 1000 = 10.998 | Episode Length = 50 | Episode Return = 18.0 | Evaluator Episodes = 1089 | Evaluator Steps = 54450 | Final Dist = 0.805 | Final Dist 10 = 5.549 | Final Dist 100 = 2.682 | Final Dist 1000 = 1.808 | Init Dist = 12.806 | Init Dist 10 = 12.806 | Init Dist 100 = 12.806 | Init Dist 1000 = 12.806 | Learner Steps = 3251 | Learner Walltime = 645.517 | Min Dist = 0.693 | Min Dist 10 = 4.269 | Min Dist 100 = 1.870 | Min Dist 1000 = 1.072 | Steps Per Second = 93.113 | Success = 1.000 | Success 1000 = 0.857
I0502 15:17:03.150084 139579566835264 terminal.py:91] [Evaluator] Actor Episodes = 4369 | Actor Steps = 218450 | Delta Dist = 12.517 | Delta Dist 10 = 7.220 | Delta Dist 100 = 10.157 | Delta Dist 1000 = 11.021 | Episode Length = 50 | Episode Return = 25.0 | Evaluator Episodes = 1091 | Evaluator Steps = 54550 | Final Dist = 0.290 | Final Dist 10 = 5.586 | Final Dist 100 = 2.650 | Final Dist 1000 = 1.785 | Init Dist = 12.806 | Init Dist 10 = 12.806 | Init Dist 100 = 12.806 | Init Dist 1000 = 12.806 | Learner Steps = 3257 | Learner Walltime = 646.829 | Min Dist = 0.163 | Min Dist 10 = 4.395 | Min Dist 100 = 1.838 | Min Dist 1000 = 1.056 | Steps Per Second = 87.483 | Success = 1.000 | Success 1000 = 0.859
I0502 15:17:04.347182 139579566835264 terminal.py:91] [Evaluator] Actor Episodes = 4377 | Actor Steps = 218850 | Delta Dist = 12.339 | Delta Dist 10 = 8.304 | Delta Dist 100 = 10.172 | Delta Dist 1000 = 11.034 | Episode Length = 50 | Episode Return = 12.0 | Evaluator Episodes = 1093 | Evaluator Steps = 54650 | Final Dist = 0.467 | Final Dist 10 = 4.503 | Final Dist 100 = 2.634 | Final Dist 1000 = 1.772 | Init Dist = 12.806 | Init Dist 10 = 12.806 | Init Dist 100 = 12.806 | Init Dist 1000 = 12.806 | Learner Steps = 3263 | Learner Walltime = 647.910 | Min Dist = 0.060 | Min Dist 10 = 3.343 | Min Dist 100 = 1.838 | Min Dist 1000 = 1.044 | Steps Per Second = 86.397 | Success = 1.000 | Success 1000 = 0.860
I0502 15:17:05.452959 139579566835264 terminal.py:91] [Evaluator] Actor Episodes = 4385 | Actor Steps = 219250 | Delta Dist = 11.412 | Delta Dist 10 = 9.712 | Delta Dist 100 = 10.193 | Delta Dist 1000 = 11.037 | Episode Length = 50 | Episode Return = 13.0 | Evaluator Episodes = 1095 | Evaluator Steps = 54750 | Final Dist = 1.394 | Final Dist 10 = 3.095 | Final Dist 100 = 2.613 | Final Dist 1000 = 1.769 | Init Dist = 12.806 | Init Dist 10 = 12.806 | Init Dist 100 = 12.806 | Init Dist 1000 = 12.806 | Learner Steps = 3270 | Learner Walltime = 649.131 | Min Dist = 0.105 | Min Dist 10 = 2.213 | Min Dist 100 = 1.834 | Min Dist 1000 = 1.042 | Steps Per Second = 85.415 | Success = 1.000 | Success 1000 = 0.860
I0502 15:17:05.816819 139584504182336 lp_utils.py:96] StepsLimiter: Reached 219250 recorded steps
I0502 15:17:05.947470 139557462840896 terminal.py:91] [Actor] Actor Episodes = 4389 | Actor Steps = 219450 | Delta Dist = 6.898 | Delta Dist 10 = 3.559 | Delta Dist 100 = 4.187 | Delta Dist 1000 = 4.138 | Episode Length = 50 | Episode Return = 38.0 | Evaluator Episodes = 1095 | Evaluator Steps = 54750 | Final Dist = 0.313 | Final Dist 10 = 2.626 | Final Dist 100 = 1.716 | Final Dist 1000 = 1.572 | Init Dist = 7.211 | Init Dist 10 = 6.184 | Init Dist 100 = 5.902 | Init Dist 1000 = 5.710 | Learner Steps = 3270 | Learner Walltime = 649.131 | Min Dist = 0.172 | Min Dist 10 = 0.351 | Min Dist 100 = 0.178 | Min Dist 1000 = 0.197 | Steps Per Second = 91.953 | Success = 1.000 | Success 1000 = 0.993
I0502 15:17:06.135040 139555860620864 terminal.py:91] [Actor] Actor Episodes = 4393 | Actor Steps = 219650 | Delta Dist = 8.872 | Delta Dist 10 = 3.743 | Delta Dist 100 = 4.199 | Delta Dist 1000 = 4.136 | Episode Length = 50 | Episode Return = 33.0 | Evaluator Episodes = 1095 | Evaluator Steps = 54750 | Final Dist = 0.347 | Final Dist 10 = 2.583 | Final Dist 100 = 1.795 | Final Dist 1000 = 1.579 | Init Dist = 9.220 | Init Dist 10 = 6.326 | Init Dist 100 = 5.994 | Init Dist 1000 = 5.715 | Learner Steps = 3276 | Learner Walltime = 650.239 | Min Dist = 0.050 | Min Dist 10 = 0.377 | Min Dist 100 = 0.178 | Min Dist 1000 = 0.198 | Steps Per Second = 90.041 | Success = 1.000 | Success 1000 = 0.993
I0502 15:17:06.533242 139579566835264 terminal.py:91] [Evaluator] Actor Episodes = 4393 | Actor Steps = 219650 | Delta Dist = 11.796 | Delta Dist 10 = 11.846 | Delta Dist 100 = 10.219 | Delta Dist 1000 = 11.037 | Episode Length = 50 | Episode Return = 10.0 | Evaluator Episodes = 1097 | Evaluator Steps = 54850 | Final Dist = 1.010 | Final Dist 10 = 0.960 | Final Dist 100 = 2.587 | Final Dist 1000 = 1.769 | Init Dist = 12.806 | Init Dist 10 = 12.806 | Init Dist 100 = 12.806 | Init Dist 1000 = 12.806 | Learner Steps = 3276 | Learner Walltime = 650.239 | Min Dist = 0.197 | Min Dist 10 = 0.268 | Min Dist 100 = 1.793 | Min Dist 1000 = 1.042 | Steps Per Second = 84.171 | Success = 1.000 | Success 1000 = 0.860
I0502 15:17:06.535869 139569349502528 terminal.py:91] [Actor] Actor Episodes = 4388 | Actor Steps = 219400 | Delta Dist = 1.476 | Delta Dist 10 = 5.096 | Delta Dist 100 = 4.226 | Delta Dist 1000 = 4.134 | Episode Length = 50 | Episode Return = 35.0 | Evaluator Episodes = 1095 | Evaluator Steps = 54750 | Final Dist = 0.524 | Final Dist 10 = 1.928 | Final Dist 100 = 1.797 | Final Dist 1000 = 1.578 | Init Dist = 2.000 | Init Dist 10 = 7.024 | Init Dist 100 = 6.023 | Init Dist 1000 = 5.712 | Learner Steps = 3270 | Learner Walltime = 649.131 | Min Dist = 0.038 | Min Dist 10 = 0.357 | Min Dist 100 = 0.176 | Min Dist 1000 = 0.197 | Steps Per Second = 81.331 | Success = 1.000 | Success 1000 = 0.993
I0502 15:17:07.710258 139579566835264 terminal.py:91] [Evaluator] Actor Episodes = 4401 | Actor Steps = 220050 | Delta Dist = 11.426 | Delta Dist 10 = 11.981 | Delta Dist 100 = 10.331 | Delta Dist 1000 = 11.046 | Episode Length = 50 | Episode Return = 4.0 | Evaluator Episodes = 1099 | Evaluator Steps = 54950 | Final Dist = 1.380 | Final Dist 10 = 0.825 | Final Dist 100 = 2.475 | Final Dist 1000 = 1.760 | Init Dist = 12.806 | Init Dist 10 = 12.806 | Init Dist 100 = 12.806 | Init Dist 1000 = 12.806 | Learner Steps = 3283 | Learner Walltime = 651.510 | Min Dist = 0.107 | Min Dist 10 = 0.250 | Min Dist 100 = 1.693 | Min Dist 1000 = 1.033 | Steps Per Second = 88.371 | Success = 1.000 | Success 1000 = 0.861
I0502 15:17:08.793021 139555013154368 terminal.py:91] [Learner] Actor Episodes = 4405 | Actor Loss = 3.65155029296875 | Actor Steps = 220250 | Binary Accuracy = 0.9958679676055908 | Categorical Accuracy = 0.38116455078125 | Critic Loss = 2.1700541973114014 | Entropy Mean = -15.319610595703125 | Evaluator Episodes = 1099 | Evaluator Steps = 54950 | Learner Steps = 3291 | Learner Walltime = 652.991 | Logits Neg = -15.429876327514648 | Logits Pos = -2.135927677154541 | Logsumexp = 1.3593425750732422 | Steps Per Second = 220.730
I0502 15:17:08.820712 139579566835264 terminal.py:91] [Evaluator] Actor Episodes = 4410 | Actor Steps = 220500 | Delta Dist = 12.760 | Delta Dist 10 = 11.972 | Delta Dist 100 = 10.424 | Delta Dist 1000 = 11.052 | Episode Length = 50 | Episode Return = 4.0 | Evaluator Episodes = 1101 | Evaluator Steps = 55050 | Final Dist = 0.046 | Final Dist 10 = 0.834 | Final Dist 100 = 2.382 | Final Dist 1000 = 1.754 | Init Dist = 12.806 | Init Dist 10 = 12.806 | Init Dist 100 = 12.806 | Init Dist 1000 = 12.806 | Learner Steps = 3289 | Learner Walltime = 652.565 | Min Dist = 0.046 | Min Dist 10 = 0.156 | Min Dist 100 = 1.604 | Min Dist 1000 = 1.026 | Steps Per Second = 85.241 | Success = 1.000 | Success 1000 = 0.862
I0502 15:17:10.010617 139579566835264 terminal.py:91] [Evaluator] Actor Episodes = 4418 | Actor Steps = 220900 | Delta Dist = 11.520 | Delta Dist 10 = 11.936 | Delta Dist 100 = 10.434 | Delta Dist 1000 = 11.062 | Episode Length = 50 | Episode Return = 9.0 | Evaluator Episodes = 1103 | Evaluator Steps = 55150 | Final Dist = 1.286 | Final Dist 10 = 0.870 | Final Dist 100 = 2.372 | Final Dist 1000 = 1.744 | Init Dist = 12.806 | Init Dist 10 = 12.806 | Init Dist 100 = 12.806 | Init Dist 1000 = 12.806 | Learner Steps = 3296 | Learner Walltime = 653.859 | Min Dist = 0.325 | Min Dist 10 = 0.142 | Min Dist 100 = 1.603 | Min Dist 1000 = 1.016 | Steps Per Second = 82.090 | Success = 1.000 | Success 1000 = 0.864
I0502 15:17:10.146605 139558059398720 terminal.py:91] [Actor] Actor Episodes = 4417 | Actor Steps = 220850 | Delta Dist = 5.921 | Delta Dist 10 = 5.986 | Delta Dist 100 = 4.363 | Delta Dist 1000 = 4.147 | Episode Length = 50 | Episode Return = 27.0 | Evaluator Episodes = 1101 | Evaluator Steps = 55050 | Final Dist = 1.150 | Final Dist 10 = 0.805 | Final Dist 100 = 1.879 | Final Dist 1000 = 1.594 | Init Dist = 7.071 | Init Dist 10 = 6.791 | Init Dist 100 = 6.242 | Init Dist 1000 = 5.741 | Learner Steps = 3289 | Learner Walltime = 652.565 | Min Dist = 0.698 | Min Dist 10 = 0.086 | Min Dist 100 = 0.278 | Min Dist 1000 = 0.199 | Steps Per Second = 82.432 | Success = 1.000 | Success 1000 = 0.992
I0502 15:17:11.161485 139579566835264 terminal.py:91] [Evaluator] Actor Episodes = 4426 | Actor Steps = 221300 | Delta Dist = 11.458 | Delta Dist 10 = 11.797 | Delta Dist 100 = 10.431 | Delta Dist 1000 = 11.063 | Episode Length = 50 | Episode Return = 20.0 | Evaluator Episodes = 1105 | Evaluator Steps = 55250 | Final Dist = 1.348 | Final Dist 10 = 1.009 | Final Dist 100 = 2.376 | Final Dist 1000 = 1.743 | Init Dist = 12.806 | Init Dist 10 = 12.806 | Init Dist 100 = 12.806 | Init Dist 1000 = 12.806 | Learner Steps = 3302 | Learner Walltime = 655.044 | Min Dist = 0.192 | Min Dist 10 = 0.212 | Min Dist 100 = 1.606 | Min Dist 1000 = 1.016 | Steps Per Second = 85.518 | Success = 1.000 | Success 1000 = 0.864
I0502 15:17:12.391410 139579566835264 terminal.py:91] [Evaluator] Actor Episodes = 4432 | Actor Steps = 221600 | Delta Dist = 11.447 | Delta Dist 10 = 11.826 | Delta Dist 100 = 10.430 | Delta Dist 1000 = 11.071 | Episode Length = 50 | Episode Return = 1.0 | Evaluator Episodes = 1107 | Evaluator Steps = 55350 | Final Dist = 1.360 | Final Dist 10 = 0.980 | Final Dist 100 = 2.377 | Final Dist 1000 = 1.736 | Init Dist = 12.806 | Init Dist 10 = 12.806 | Init Dist 100 = 12.806 | Init Dist 1000 = 12.806 | Learner Steps = 3308 | Learner Walltime = 656.109 | Min Dist = 0.794 | Min Dist 10 = 0.206 | Min Dist 100 = 1.606 | Min Dist 1000 = 1.007 | Steps Per Second = 83.498 | Success = 1.000 | Success 1000 = 0.865
I0502 15:17:13.734820 139579566835264 terminal.py:91] [Evaluator] Actor Episodes = 4443 | Actor Steps = 222150 | Delta Dist = 11.711 | Delta Dist 10 = 11.824 | Delta Dist 100 = 10.418 | Delta Dist 1000 = 11.073 | Episode Length = 50 | Episode Return = 11.0 | Evaluator Episodes = 1109 | Evaluator Steps = 55450 | Final Dist = 1.095 | Final Dist 10 = 0.983 | Final Dist 100 = 2.388 | Final Dist 1000 = 1.734 | Init Dist = 12.806 | Init Dist 10 = 12.806 | Init Dist 100 = 12.806 | Init Dist 1000 = 12.806 | Learner Steps = 3314 | Learner Walltime = 657.273 | Min Dist = 0.189 | Min Dist 10 = 0.267 | Min Dist 100 = 1.613 | Min Dist 1000 = 1.006 | Steps Per Second = 74.163 | Success = 1.000 | Success 1000 = 0.866
I0502 15:17:15.010831 139579566835264 terminal.py:91] [Evaluator] Actor Episodes = 4451 | Actor Steps = 222550 | Delta Dist = 12.360 | Delta Dist 10 = 11.956 | Delta Dist 100 = 10.431 | Delta Dist 1000 = 11.076 | Episode Length = 50 | Episode Return = 28.0 | Evaluator Episodes = 1111 | Evaluator Steps = 55550 | Final Dist = 0.446 | Final Dist 10 = 0.851 | Final Dist 100 = 2.375 | Final Dist 1000 = 1.730 | Init Dist = 12.806 | Init Dist 10 = 12.806 | Init Dist 100 = 12.806 | Init Dist 1000 = 12.806 | Learner Steps = 3319 | Learner Walltime = 658.369 | Min Dist = 0.256 | Min Dist 10 = 0.261 | Min Dist 100 = 1.613 | Min Dist 1000 = 1.003 | Steps Per Second = 79.056 | Success = 1.000 | Success 1000 = 0.867
I0502 15:17:15.834039 139584504182336 lp_utils.py:96] StepsLimiter: Reached 222650 recorded steps
I0502 15:17:16.321190 139579566835264 terminal.py:91] [Evaluator] Actor Episodes = 4459 | Actor Steps = 222950 | Delta Dist = 11.419 | Delta Dist 10 = 11.979 | Delta Dist 100 = 10.444 | Delta Dist 1000 = 11.076 | Episode Length = 50 | Episode Return = 5.0 | Evaluator Episodes = 1113 | Evaluator Steps = 55650 | Final Dist = 1.387 | Final Dist 10 = 0.827 | Final Dist 100 = 2.362 | Final Dist 1000 = 1.730 | Init Dist = 12.806 | Init Dist 10 = 12.806 | Init Dist 100 = 12.806 | Init Dist 1000 = 12.806 | Learner Steps = 3325 | Learner Walltime = 659.669 | Min Dist = 0.452 | Min Dist 10 = 0.279 | Min Dist 100 = 1.610 | Min Dist 1000 = 1.003 | Steps Per Second = 79.111 | Success = 1.000 | Success 1000 = 0.867
I0502 15:17:16.491865 139557462840896 terminal.py:91] [Actor] Actor Episodes = 4456 | Actor Steps = 222800 | Delta Dist = 0.500 | Delta Dist 10 = 4.842 | Delta Dist 100 = 4.322 | Delta Dist 1000 = 4.118 | Episode Length = 50 | Episode Return = 47.0 | Evaluator Episodes = 1111 | Evaluator Steps = 55550 | Final Dist = 0.914 | Final Dist 10 = 1.396 | Final Dist 100 = 1.824 | Final Dist 1000 = 1.602 | Init Dist = 1.414 | Init Dist 10 = 6.238 | Init Dist 100 = 6.147 | Init Dist 1000 = 5.720 | Learner Steps = 3325 | Learner Walltime = 659.669 | Min Dist = 0.008 | Min Dist 10 = 0.124 | Min Dist 100 = 0.315 | Min Dist 1000 = 0.201 | Steps Per Second = 81.666 | Success = 1.000 | Success 1000 = 0.992
I0502 15:17:16.775533 139555860620864 terminal.py:91] [Actor] Actor Episodes = 4458 | Actor Steps = 222900 | Delta Dist = 4.336 | Delta Dist 10 = 4.804 | Delta Dist 100 = 4.245 | Delta Dist 1000 = 4.122 | Episode Length = 50 | Episode Return = 27.0 | Evaluator Episodes = 1111 | Evaluator Steps = 55550 | Final Dist = 0.136 | Final Dist 10 = 1.298 | Final Dist 100 = 1.793 | Final Dist 1000 = 1.598 | Init Dist = 4.472 | Init Dist 10 = 6.102 | Init Dist 100 = 6.039 | Init Dist 1000 = 5.720 | Learner Steps = 3325 | Learner Walltime = 659.669 | Min Dist = 0.103 | Min Dist 10 = 0.106 | Min Dist 100 = 0.314 | Min Dist 1000 = 0.201 | Steps Per Second = 76.816 | Success = 1.000 | Success 1000 = 0.992
I0502 15:17:17.025376 139569349502528 terminal.py:91] [Actor] Actor Episodes = 4461 | Actor Steps = 223050 | Delta Dist = 7.674 | Delta Dist 10 = 5.205 | Delta Dist 100 = 4.234 | Delta Dist 1000 = 4.125 | Episode Length = 50 | Episode Return = 50.0 | Evaluator Episodes = 1113 | Evaluator Steps = 55650 | Final Dist = 0.388 | Final Dist 10 = 1.245 | Final Dist 100 = 1.788 | Final Dist 1000 = 1.598 | Init Dist = 8.062 | Init Dist 10 = 6.449 | Init Dist 100 = 6.023 | Init Dist 1000 = 5.722 | Learner Steps = 3331 | Learner Walltime = 660.807 | Min Dist = 0.036 | Min Dist 10 = 0.108 | Min Dist 100 = 0.313 | Min Dist 1000 = 0.202 | Steps Per Second = 80.368 | Success = 1.000 | Success 1000 = 0.992
I0502 15:17:17.572440 139579566835264 terminal.py:91] [Evaluator] Actor Episodes = 4467 | Actor Steps = 223350 | Delta Dist = 11.403 | Delta Dist 10 = 11.848 | Delta Dist 100 = 10.439 | Delta Dist 1000 = 11.077 | Episode Length = 50 | Episode Return = 1.0 | Evaluator Episodes = 1115 | Evaluator Steps = 55750 | Final Dist = 1.403 | Final Dist 10 = 0.958 | Final Dist 100 = 2.367 | Final Dist 1000 = 1.729 | Init Dist = 12.806 | Init Dist 10 = 12.806 | Init Dist 100 = 12.806 | Init Dist 1000 = 12.806 | Learner Steps = 3331 | Learner Walltime = 660.807 | Min Dist = 0.557 | Min Dist 10 = 0.388 | Min Dist 100 = 1.606 | Min Dist 1000 = 1.002 | Steps Per Second = 74.762 | Success = 1.000 | Success 1000 = 0.867
I0502 15:17:18.819430 139579566835264 terminal.py:91] [Evaluator] Actor Episodes = 4475 | Actor Steps = 223750 | Delta Dist = 11.797 | Delta Dist 10 = 11.845 | Delta Dist 100 = 10.469 | Delta Dist 1000 = 11.080 | Episode Length = 50 | Episode Return = 3.0 | Evaluator Episodes = 1117 | Evaluator Steps = 55850 | Final Dist = 1.010 | Final Dist 10 = 0.962 | Final Dist 100 = 2.338 | Final Dist 1000 = 1.727 | Init Dist = 12.806 | Init Dist 10 = 12.806 | Init Dist 100 = 12.806 | Init Dist 1000 = 12.806 | Learner Steps = 3337 | Learner Walltime = 662.117 | Min Dist = 0.834 | Min Dist 10 = 0.449 | Min Dist 100 = 1.574 | Min Dist 1000 = 1.000 | Steps Per Second = 75.284 | Success = 1.000 | Success 1000 = 0.869
I0502 15:17:19.175402 139555013154368 terminal.py:91] [Learner] Actor Episodes = 4475 | Actor Loss = 3.785461664199829 | Actor Steps = 223750 | Binary Accuracy = 0.9959745407104492 | Categorical Accuracy = 0.40802001953125 | Critic Loss = 2.0524063110351562 | Entropy Mean = -15.641877174377441 | Evaluator Episodes = 1117 | Evaluator Steps = 55850 | Learner Steps = 3343 | Learner Walltime = 663.369 | Logits Neg = -16.38015365600586 | Logits Pos = -2.019045352935791 | Logsumexp = 1.1758073568344116 | Steps Per Second = 160.290
I0502 15:17:20.065786 139579566835264 terminal.py:91] [Evaluator] Actor Episodes = 4483 | Actor Steps = 224150 | Delta Dist = 0.054 | Delta Dist 10 = 11.780 | Delta Dist 100 = 10.472 | Delta Dist 1000 = 11.080 | Episode Length = 50 | Episode Return = 0.0 | Evaluator Episodes = 1119 | Evaluator Steps = 55950 | Final Dist = 12.752 | Final Dist 10 = 1.026 | Final Dist 100 = 2.334 | Final Dist 1000 = 1.726 | Init Dist = 12.806 | Init Dist 10 = 12.806 | Init Dist 100 = 12.806 | Init Dist 1000 = 12.806 | Learner Steps = 3343 | Learner Walltime = 663.369 | Min Dist = 10.442 | Min Dist 10 = 0.484 | Min Dist 100 = 1.580 | Min Dist 1000 = 1.000 | Steps Per Second = 81.934 | Success = 0.000 | Success 1000 = 0.869
I0502 15:17:20.391351 139558059398720 terminal.py:91] [Actor] Actor Episodes = 4482 | Actor Steps = 224100 | Delta Dist = 2.002 | Delta Dist 10 = 4.106 | Delta Dist 100 = 4.497 | Delta Dist 1000 = 4.157 | Episode Length = 50 | Episode Return = 8.0 | Evaluator Episodes = 1117 | Evaluator Steps = 55850 | Final Dist = 1.161 | Final Dist 10 = 1.863 | Final Dist 100 = 1.455 | Final Dist 1000 = 1.579 | Init Dist = 3.162 | Init Dist 10 = 5.969 | Init Dist 100 = 5.952 | Init Dist 1000 = 5.736 | Learner Steps = 3343 | Learner Walltime = 663.369 | Min Dist = 0.354 | Min Dist 10 = 0.156 | Min Dist 100 = 0.232 | Min Dist 1000 = 0.194 | Steps Per Second = 98.666 | Success = 1.000 | Success 1000 = 0.992
I0502 15:17:21.303227 139579566835264 terminal.py:91] [Evaluator] Actor Episodes = 4491 | Actor Steps = 224550 | Delta Dist = 11.405 | Delta Dist 10 = 10.480 | Delta Dist 100 = 10.350 | Delta Dist 1000 = 11.070 | Episode Length = 50 | Episode Return = 16.0 | Evaluator Episodes = 1121 | Evaluator Steps = 56050 | Final Dist = 1.401 | Final Dist 10 = 2.326 | Final Dist 100 = 2.457 | Final Dist 1000 = 1.736 | Init Dist = 12.806 | Init Dist 10 = 12.806 | Init Dist 100 = 12.806 | Init Dist 1000 = 12.806 | Learner Steps = 3350 | Learner Walltime = 664.739 | Min Dist = 0.250 | Min Dist 10 = 1.513 | Min Dist 100 = 1.675 | Min Dist 1000 = 1.010 | Steps Per Second = 80.444 | Success = 1.000 | Success 1000 = 0.868
I0502 15:17:22.517404 139579566835264 terminal.py:91] [Evaluator] Actor Episodes = 4499 | Actor Steps = 224950 | Delta Dist = 11.672 | Delta Dist 10 = 10.417 | Delta Dist 100 = 10.350 | Delta Dist 1000 = 11.072 | Episode Length = 50 | Episode Return = 30.0 | Evaluator Episodes = 1123 | Evaluator Steps = 56150 | Final Dist = 1.134 | Final Dist 10 = 2.389 | Final Dist 100 = 2.457 | Final Dist 1000 = 1.734 | Init Dist = 12.806 | Init Dist 10 = 12.806 | Init Dist 100 = 12.806 | Init Dist 1000 = 12.806 | Learner Steps = 3356 | Learner Walltime = 665.823 | Min Dist = 0.049 | Min Dist 10 = 1.510 | Min Dist 100 = 1.673 | Min Dist 1000 = 1.010 | Steps Per Second = 81.574 | Success = 1.000 | Success 1000 = 0.868
I0502 15:17:23.713627 139579566835264 terminal.py:91] [Evaluator] Actor Episodes = 4505 | Actor Steps = 225250 | Delta Dist = 11.170 | Delta Dist 10 = 10.517 | Delta Dist 100 = 10.345 | Delta Dist 1000 = 11.073 | Episode Length = 50 | Episode Return = 12.0 | Evaluator Episodes = 1125 | Evaluator Steps = 56250 | Final Dist = 1.636 | Final Dist 10 = 2.290 | Final Dist 100 = 2.461 | Final Dist 1000 = 1.733 | Init Dist = 12.806 | Init Dist 10 = 12.806 | Init Dist 100 = 12.806 | Init Dist 1000 = 12.806 | Learner Steps = 3366 | Learner Walltime = 667.886 | Min Dist = 0.494 | Min Dist 10 = 1.360 | Min Dist 100 = 1.669 | Min Dist 1000 = 1.009 | Steps Per Second = 83.553 | Success = 1.000 | Success 1000 = 0.868
I0502 15:17:24.105433 139583350109760 savers.py:156] Saving checkpoint: logs/contrastive_cpc_point_FourRooms_64/5dd72662-2788-11f0-b183-d85ed38c5779/checkpoints/learner
I0502 15:17:24.966957 139579566835264 terminal.py:91] [Evaluator] Actor Episodes = 4513 | Actor Steps = 225650 | Delta Dist = 12.379 | Delta Dist 10 = 10.526 | Delta Dist 100 = 10.463 | Delta Dist 1000 = 11.072 | Episode Length = 50 | Episode Return = 26.0 | Evaluator Episodes = 1127 | Evaluator Steps = 56350 | Final Dist = 0.428 | Final Dist 10 = 2.281 | Final Dist 100 = 2.343 | Final Dist 1000 = 1.734 | Init Dist = 12.806 | Init Dist 10 = 12.806 | Init Dist 100 = 12.806 | Init Dist 1000 = 12.806 | Learner Steps = 3371 | Learner Walltime = 669.050 | Min Dist = 0.057 | Min Dist 10 = 1.359 | Min Dist 100 = 1.572 | Min Dist 1000 = 1.010 | Steps Per Second = 77.543 | Success = 1.000 | Success 1000 = 0.868
I0502 15:17:25.849372 139584504182336 lp_utils.py:96] StepsLimiter: Reached 225750 recorded steps
I0502 15:17:26.148851 139579566835264 terminal.py:91] [Evaluator] Actor Episodes = 4521 | Actor Steps = 226050 | Delta Dist = 12.167 | Delta Dist 10 = 10.533 | Delta Dist 100 = 10.569 | Delta Dist 1000 = 11.076 | Episode Length = 50 | Episode Return = 22.0 | Evaluator Episodes = 1129 | Evaluator Steps = 56450 | Final Dist = 0.639 | Final Dist 10 = 2.274 | Final Dist 100 = 2.237 | Final Dist 1000 = 1.731 | Init Dist = 12.806 | Init Dist 10 = 12.806 | Init Dist 100 = 12.806 | Init Dist 1000 = 12.806 | Learner Steps = 3377 | Learner Walltime = 670.197 | Min Dist = 0.083 | Min Dist 10 = 1.302 | Min Dist 100 = 1.482 | Min Dist 1000 = 1.010 | Steps Per Second = 82.902 | Success = 1.000 | Success 1000 = 0.868
I0502 15:17:26.571069 139557462840896 terminal.py:91] [Actor] Actor Episodes = 4522 | Actor Steps = 226100 | Delta Dist = 5.999 | Delta Dist 10 = 4.468 | Delta Dist 100 = 4.454 | Delta Dist 1000 = 4.184 | Episode Length = 50 | Episode Return = 25.0 | Evaluator Episodes = 1127 | Evaluator Steps = 56350 | Final Dist = 0.404 | Final Dist 10 = 2.230 | Final Dist 100 = 1.450 | Final Dist 1000 = 1.554 | Init Dist = 6.403 | Init Dist 10 = 6.698 | Init Dist 100 = 5.904 | Init Dist 1000 = 5.737 | Learner Steps = 3377 | Learner Walltime = 670.197 | Min Dist = 0.404 | Min Dist 10 = 0.114 | Min Dist 100 = 0.116 | Min Dist 1000 = 0.185 | Steps Per Second = 106.072 | Success = 1.000 | Success 1000 = 0.992
I0502 15:17:26.826620 139555860620864 terminal.py:91] [Actor] Actor Episodes = 4524 | Actor Steps = 226200 | Delta Dist = 3.956 | Delta Dist 10 = 4.434 | Delta Dist 100 = 4.404 | Delta Dist 1000 = 4.173 | Episode Length = 50 | Episode Return = 20.0 | Evaluator Episodes = 1129 | Evaluator Steps = 56450 | Final Dist = 0.516 | Final Dist 10 = 2.365 | Final Dist 100 = 1.504 | Final Dist 1000 = 1.559 | Init Dist = 4.472 | Init Dist 10 = 6.800 | Init Dist 100 = 5.908 | Init Dist 1000 = 5.732 | Learner Steps = 3377 | Learner Walltime = 670.197 | Min Dist = 0.017 | Min Dist 10 = 0.145 | Min Dist 100 = 0.120 | Min Dist 1000 = 0.185 | Steps Per Second = 80.628 | Success = 1.000 | Success 1000 = 0.992
I0502 15:17:27.118280 139569349502528 terminal.py:91] [Actor] Actor Episodes = 4525 | Actor Steps = 226250 | Delta Dist = 8.012 | Delta Dist 10 = 4.823 | Delta Dist 100 = 4.391 | Delta Dist 1000 = 4.176 | Episode Length = 50 | Episode Return = 21.0 | Evaluator Episodes = 1129 | Evaluator Steps = 56450 | Final Dist = 0.933 | Final Dist 10 = 2.063 | Final Dist 100 = 1.508 | Final Dist 1000 = 1.553 | Init Dist = 8.944 | Init Dist 10 = 6.886 | Init Dist 100 = 5.898 | Init Dist 1000 = 5.729 | Learner Steps = 3377 | Learner Walltime = 670.197 | Min Dist = 0.172 | Min Dist 10 = 0.120 | Min Dist 100 = 0.119 | Min Dist 1000 = 0.185 | Steps Per Second = 79.372 | Success = 1.000 | Success 1000 = 0.992
I0502 15:17:27.405870 139579566835264 terminal.py:91] [Evaluator] Actor Episodes = 4529 | Actor Steps = 226450 | Delta Dist = 12.196 | Delta Dist 10 = 11.777 | Delta Dist 100 = 10.575 | Delta Dist 1000 = 11.076 | Episode Length = 50 | Episode Return = 26.0 | Evaluator Episodes = 1131 | Evaluator Steps = 56550 | Final Dist = 0.610 | Final Dist 10 = 1.029 | Final Dist 100 = 2.232 | Final Dist 1000 = 1.730 | Init Dist = 12.806 | Init Dist 10 = 12.806 | Init Dist 100 = 12.806 | Init Dist 1000 = 12.806 | Learner Steps = 3383 | Learner Walltime = 671.433 | Min Dist = 0.367 | Min Dist 10 = 0.291 | Min Dist 100 = 1.477 | Min Dist 1000 = 1.010 | Steps Per Second = 79.550 | Success = 1.000 | Success 1000 = 0.868
I0502 15:17:28.558493 139579566835264 terminal.py:91] [Evaluator] Actor Episodes = 4537 | Actor Steps = 226850 | Delta Dist = 12.507 | Delta Dist 10 = 11.787 | Delta Dist 100 = 10.563 | Delta Dist 1000 = 11.077 | Episode Length = 50 | Episode Return = 11.0 | Evaluator Episodes = 1133 | Evaluator Steps = 56650 | Final Dist = 0.299 | Final Dist 10 = 1.019 | Final Dist 100 = 2.243 | Final Dist 1000 = 1.729 | Init Dist = 12.806 | Init Dist 10 = 12.806 | Init Dist 100 = 12.806 | Init Dist 1000 = 12.806 | Learner Steps = 3390 | Learner Walltime = 672.570 | Min Dist = 0.233 | Min Dist 10 = 0.305 | Min Dist 100 = 1.481 | Min Dist 1000 = 1.009 | Steps Per Second = 77.409 | Success = 1.000 | Success 1000 = 0.868
I0502 15:17:29.226642 139555013154368 terminal.py:91] [Learner] Actor Episodes = 4533 | Actor Loss = 3.8098630905151367 | Actor Steps = 226650 | Binary Accuracy = 0.9959001541137695 | Categorical Accuracy = 0.396728515625 | Critic Loss = 2.0983855724334717 | Entropy Mean = -14.413968086242676 | Evaluator Episodes = 1131 | Evaluator Steps = 56550 | Learner Steps = 3395 | Learner Walltime = 673.423 | Logits Neg = -15.54932975769043 | Logits Pos = -2.100701332092285 | Logsumexp = 1.392058253288269 | Steps Per Second = 390.569
I0502 15:17:29.706805 139579566835264 terminal.py:91] [Evaluator] Actor Episodes = 4545 | Actor Steps = 227250 | Delta Dist = 10.991 | Delta Dist 10 = 11.923 | Delta Dist 100 = 10.567 | Delta Dist 1000 = 11.077 | Episode Length = 50 | Episode Return = 13.0 | Evaluator Episodes = 1135 | Evaluator Steps = 56750 | Final Dist = 1.815 | Final Dist 10 = 0.883 | Final Dist 100 = 2.239 | Final Dist 1000 = 1.729 | Init Dist = 12.806 | Init Dist 10 = 12.806 | Init Dist 100 = 12.806 | Init Dist 1000 = 12.806 | Learner Steps = 3396 | Learner Walltime = 673.779 | Min Dist = 0.092 | Min Dist 10 = 0.296 | Min Dist 100 = 1.482 | Min Dist 1000 = 1.010 | Steps Per Second = 84.955 | Success = 1.000 | Success 1000 = 0.868
I0502 15:17:30.785847 139558059398720 terminal.py:91] [Actor] Actor Episodes = 4553 | Actor Steps = 227650 | Delta Dist = 5.091 | Delta Dist 10 = 3.691 | Delta Dist 100 = 4.620 | Delta Dist 1000 = 4.190 | Episode Length = 50 | Episode Return = 33.0 | Evaluator Episodes = 1135 | Evaluator Steps = 56750 | Final Dist = 0.566 | Final Dist 10 = 1.576 | Final Dist 100 = 1.631 | Final Dist 1000 = 1.566 | Init Dist = 5.657 | Init Dist 10 = 5.267 | Init Dist 100 = 6.251 | Init Dist 1000 = 5.756 | Learner Steps = 3403 | Learner Walltime = 674.982 | Min Dist = 0.011 | Min Dist 10 = 0.137 | Min Dist 100 = 0.176 | Min Dist 1000 = 0.192 | Steps Per Second = 92.457 | Success = 1.000 | Success 1000 = 0.992
I0502 15:17:30.938380 139584635659840 savers.py:156] Saving checkpoint: logs/contrastive_cpc_point_FourRooms_64/5dd72662-2788-11f0-b183-d85ed38c5779/checkpoints/counter
I0502 15:17:31.212530 139579566835264 terminal.py:91] [Evaluator] Actor Episodes = 4555 | Actor Steps = 227750 | Delta Dist = 11.923 | Delta Dist 10 = 10.007 | Delta Dist 100 = 10.374 | Delta Dist 1000 = 11.059 | Episode Length = 50 | Episode Return = 5.0 | Evaluator Episodes = 1138 | Evaluator Steps = 56900 | Final Dist = 0.883 | Final Dist 10 = 2.799 | Final Dist 100 = 2.432 | Final Dist 1000 = 1.747 | Init Dist = 12.806 | Init Dist 10 = 12.806 | Init Dist 100 = 12.806 | Init Dist 1000 = 12.806 | Learner Steps = 3403 | Learner Walltime = 674.982 | Min Dist = 0.427 | Min Dist 10 = 1.931 | Min Dist 100 = 1.650 | Min Dist 1000 = 1.026 | Steps Per Second = 89.312 | Success = 1.000 | Success 1000 = 0.866
I0502 15:17:32.268771 139579566835264 terminal.py:91] [Evaluator] Actor Episodes = 4564 | Actor Steps = 228200 | Delta Dist = 11.417 | Delta Dist 10 = 8.863 | Delta Dist 100 = 10.304 | Delta Dist 1000 = 11.048 | Episode Length = 50 | Episode Return = 5.0 | Evaluator Episodes = 1140 | Evaluator Steps = 57000 | Final Dist = 1.389 | Final Dist 10 = 3.943 | Final Dist 100 = 2.502 | Final Dist 1000 = 1.758 | Init Dist = 12.806 | Init Dist 10 = 12.806 | Init Dist 100 = 12.806 | Init Dist 1000 = 12.806 | Learner Steps = 3409 | Learner Walltime = 676.158 | Min Dist = 0.213 | Min Dist 10 = 2.967 | Min Dist 100 = 1.708 | Min Dist 1000 = 1.036 | Steps Per Second = 88.869 | Success = 1.000 | Success 1000 = 0.865
I0502 15:17:33.473822 139579566835264 terminal.py:91] [Evaluator] Actor Episodes = 4572 | Actor Steps = 228600 | Delta Dist = 12.126 | Delta Dist 10 = 8.787 | Delta Dist 100 = 10.411 | Delta Dist 1000 = 11.047 | Episode Length = 50 | Episode Return = 11.0 | Evaluator Episodes = 1142 | Evaluator Steps = 57100 | Final Dist = 0.681 | Final Dist 10 = 4.019 | Final Dist 100 = 2.395 | Final Dist 1000 = 1.759 | Init Dist = 12.806 | Init Dist 10 = 12.806 | Init Dist 100 = 12.806 | Init Dist 1000 = 12.806 | Learner Steps = 3415 | Learner Walltime = 677.474 | Min Dist = 0.223 | Min Dist 10 = 2.940 | Min Dist 100 = 1.604 | Min Dist 1000 = 1.036 | Steps Per Second = 89.174 | Success = 1.000 | Success 1000 = 0.865
I0502 15:17:34.554291 139579566835264 terminal.py:91] [Evaluator] Actor Episodes = 4578 | Actor Steps = 228900 | Delta Dist = 1.790 | Delta Dist 10 = 8.750 | Delta Dist 100 = 10.503 | Delta Dist 1000 = 11.048 | Episode Length = 50 | Episode Return = 0.0 | Evaluator Episodes = 1144 | Evaluator Steps = 57200 | Final Dist = 11.016 | Final Dist 10 = 4.056 | Final Dist 100 = 2.303 | Final Dist 1000 = 1.758 | Init Dist = 12.806 | Init Dist 10 = 12.806 | Init Dist 100 = 12.806 | Init Dist 1000 = 12.806 | Learner Steps = 3422 | Learner Walltime = 678.711 | Min Dist = 10.279 | Min Dist 10 = 2.939 | Min Dist 100 = 1.508 | Min Dist 1000 = 1.036 | Steps Per Second = 100.098 | Success = 0.000 | Success 1000 = 0.865
I0502 15:17:35.655269 139579566835264 terminal.py:91] [Evaluator] Actor Episodes = 4588 | Actor Steps = 229400 | Delta Dist = 12.013 | Delta Dist 10 = 7.864 | Delta Dist 100 = 10.411 | Delta Dist 1000 = 11.039 | Episode Length = 50 | Episode Return = 19.0 | Evaluator Episodes = 1146 | Evaluator Steps = 57300 | Final Dist = 0.794 | Final Dist 10 = 4.942 | Final Dist 100 = 2.395 | Final Dist 1000 = 1.767 | Init Dist = 12.806 | Init Dist 10 = 12.806 | Init Dist 100 = 12.806 | Init Dist 1000 = 12.806 | Learner Steps = 3428 | Learner Walltime = 679.775 | Min Dist = 0.045 | Min Dist 10 = 3.955 | Min Dist 100 = 1.603 | Min Dist 1000 = 1.046 | Steps Per Second = 97.390 | Success = 1.000 | Success 1000 = 0.864
I0502 15:17:35.873026 139584504182336 lp_utils.py:96] StepsLimiter: Reached 229400 recorded steps
I0502 15:17:36.837616 139579566835264 terminal.py:91] [Evaluator] Actor Episodes = 4596 | Actor Steps = 229800 | Delta Dist = 12.117 | Delta Dist 10 = 9.760 | Delta Dist 100 = 10.538 | Delta Dist 1000 = 11.039 | Episode Length = 50 | Episode Return = 11.0 | Evaluator Episodes = 1148 | Evaluator Steps = 57400 | Final Dist = 0.690 | Final Dist 10 = 3.046 | Final Dist 100 = 2.268 | Final Dist 1000 = 1.767 | Init Dist = 12.806 | Init Dist 10 = 12.806 | Init Dist 100 = 12.806 | Init Dist 1000 = 12.806 | Learner Steps = 3434 | Learner Walltime = 680.877 | Min Dist = 0.360 | Min Dist 10 = 2.232 | Min Dist 100 = 1.506 | Min Dist 1000 = 1.045 | Steps Per Second = 84.062 | Success = 1.000 | Success 1000 = 0.864
I0502 15:17:37.177412 139557462840896 terminal.py:91] [Actor] Actor Episodes = 4591 | Actor Steps = 229550 | Delta Dist = 9.613 | Delta Dist 10 = 4.810 | Delta Dist 100 = 4.384 | Delta Dist 1000 = 4.189 | Episode Length = 50 | Episode Return = 29.0 | Evaluator Episodes = 1146 | Evaluator Steps = 57300 | Final Dist = 0.387 | Final Dist 10 = 2.111 | Final Dist 100 = 1.989 | Final Dist 1000 = 1.596 | Init Dist = 10.000 | Init Dist 10 = 6.921 | Init Dist 100 = 6.373 | Init Dist 1000 = 5.784 | Learner Steps = 3428 | Learner Walltime = 679.775 | Min Dist = 0.085 | Min Dist 10 = 0.288 | Min Dist 100 = 0.187 | Min Dist 1000 = 0.183 | Steps Per Second = 81.682 | Success = 1.000 | Success 1000 = 0.991
I0502 15:17:37.302300 139555860620864 terminal.py:91] [Actor] Actor Episodes = 4595 | Actor Steps = 229750 | Delta Dist = 1.401 | Delta Dist 10 = 5.431 | Delta Dist 100 = 4.466 | Delta Dist 1000 = 4.189 | Episode Length = 50 | Episode Return = 31.0 | Evaluator Episodes = 1146 | Evaluator Steps = 57300 | Final Dist = 1.428 | Final Dist 10 = 1.590 | Final Dist 100 = 1.982 | Final Dist 1000 = 1.596 | Init Dist = 2.828 | Init Dist 10 = 7.021 | Init Dist 100 = 6.449 | Init Dist 1000 = 5.785 | Learner Steps = 3434 | Learner Walltime = 680.877 | Min Dist = 0.132 | Min Dist 10 = 0.106 | Min Dist 100 = 0.186 | Min Dist 1000 = 0.183 | Steps Per Second = 96.223 | Success = 1.000 | Success 1000 = 0.991
I0502 15:17:37.487614 139569349502528 terminal.py:91] [Actor] Actor Episodes = 4597 | Actor Steps = 229850 | Delta Dist = 7.129 | Delta Dist 10 = 5.088 | Delta Dist 100 = 4.442 | Delta Dist 1000 = 4.189 | Episode Length = 50 | Episode Return = 22.0 | Evaluator Episodes = 1146 | Evaluator Steps = 57300 | Final Dist = 0.151 | Final Dist 10 = 1.716 | Final Dist 100 = 2.004 | Final Dist 1000 = 1.596 | Init Dist = 7.280 | Init Dist 10 = 6.804 | Init Dist 100 = 6.445 | Init Dist 1000 = 5.785 | Learner Steps = 3434 | Learner Walltime = 680.877 | Min Dist = 0.125 | Min Dist 10 = 0.103 | Min Dist 100 = 0.187 | Min Dist 1000 = 0.183 | Steps Per Second = 76.997 | Success = 1.000 | Success 1000 = 0.991
I0502 15:17:37.955589 139579566835264 terminal.py:91] [Evaluator] Actor Episodes = 4602 | Actor Steps = 230100 | Delta Dist = 4.809 | Delta Dist 10 = 10.995 | Delta Dist 100 = 10.658 | Delta Dist 1000 = 11.041 | Episode Length = 50 | Episode Return = 0.0 | Evaluator Episodes = 1150 | Evaluator Steps = 57500 | Final Dist = 7.997 | Final Dist 10 = 1.812 | Final Dist 100 = 2.149 | Final Dist 1000 = 1.766 | Init Dist = 12.806 | Init Dist 10 = 12.806 | Init Dist 100 = 12.806 | Init Dist 1000 = 12.806 | Learner Steps = 3434 | Learner Walltime = 680.877 | Min Dist = 7.292 | Min Dist 10 = 1.175 | Min Dist 100 = 1.400 | Min Dist 1000 = 1.045 | Steps Per Second = 102.432 | Success = 0.000 | Success 1000 = 0.864
I0502 15:17:39.146516 139579566835264 terminal.py:91] [Evaluator] Actor Episodes = 4610 | Actor Steps = 230500 | Delta Dist = 11.557 | Delta Dist 10 = 10.374 | Delta Dist 100 = 10.614 | Delta Dist 1000 = 11.035 | Episode Length = 50 | Episode Return = 3.0 | Evaluator Episodes = 1152 | Evaluator Steps = 57600 | Final Dist = 1.249 | Final Dist 10 = 2.432 | Final Dist 100 = 2.192 | Final Dist 1000 = 1.771 | Init Dist = 12.806 | Init Dist 10 = 12.806 | Init Dist 100 = 12.806 | Init Dist 1000 = 12.806 | Learner Steps = 3447 | Learner Walltime = 683.300 | Min Dist = 0.660 | Min Dist 10 = 1.863 | Min Dist 100 = 1.431 | Min Dist 1000 = 1.052 | Steps Per Second = 78.996 | Success = 1.000 | Success 1000 = 0.863
I0502 15:17:39.527959 139555013154368 terminal.py:91] [Learner] Actor Episodes = 4608 | Actor Loss = 3.7509868144989014 | Actor Steps = 230400 | Binary Accuracy = 0.9959344863891602 | Categorical Accuracy = 0.39447021484375 | Critic Loss = 2.155158519744873 | Entropy Mean = -17.814340591430664 | Evaluator Episodes = 1150 | Evaluator Steps = 57500 | Learner Steps = 3449 | Learner Walltime = 683.721 | Logits Neg = -15.77841567993164 | Logits Pos = -2.1579182147979736 | Logsumexp = 1.3649623394012451 | Steps Per Second = 194.817
I0502 15:17:40.337419 139579566835264 terminal.py:91] [Evaluator] Actor Episodes = 4618 | Actor Steps = 230900 | Delta Dist = 12.467 | Delta Dist 10 = 10.333 | Delta Dist 100 = 10.605 | Delta Dist 1000 = 11.041 | Episode Length = 50 | Episode Return = 26.0 | Evaluator Episodes = 1154 | Evaluator Steps = 57700 | Final Dist = 0.339 | Final Dist 10 = 2.474 | Final Dist 100 = 2.201 | Final Dist 1000 = 1.765 | Init Dist = 12.806 | Init Dist 10 = 12.806 | Init Dist 100 = 12.806 | Init Dist 1000 = 12.806 | Learner Steps = 3447 | Learner Walltime = 683.300 | Min Dist = 0.092 | Min Dist 10 = 1.908 | Min Dist 100 = 1.436 | Min Dist 1000 = 1.046 | Steps Per Second = 83.504 | Success = 1.000 | Success 1000 = 0.864
I0502 15:17:40.804888 139558059398720 terminal.py:91] [Actor] Actor Episodes = 4615 | Actor Steps = 230750 | Delta Dist = 0.390 | Delta Dist 10 = 3.422 | Delta Dist 100 = 4.396 | Delta Dist 1000 = 4.185 | Episode Length = 50 | Episode Return = 44.0 | Evaluator Episodes = 1152 | Evaluator Steps = 57600 | Final Dist = 1.024 | Final Dist 10 = 1.982 | Final Dist 100 = 1.835 | Final Dist 1000 = 1.597 | Init Dist = 1.414 | Init Dist 10 = 5.404 | Init Dist 100 = 6.230 | Init Dist 1000 = 5.783 | Learner Steps = 3447 | Learner Walltime = 683.300 | Min Dist = 0.116 | Min Dist 10 = 0.057 | Min Dist 100 = 0.196 | Min Dist 1000 = 0.185 | Steps Per Second = 87.559 | Success = 1.000 | Success 1000 = 0.991
I0502 15:17:41.581509 139579566835264 terminal.py:91] [Evaluator] Actor Episodes = 4626 | Actor Steps = 231300 | Delta Dist = 12.723 | Delta Dist 10 = 11.338 | Delta Dist 100 = 10.693 | Delta Dist 1000 = 11.042 | Episode Length = 50 | Episode Return = 27.0 | Evaluator Episodes = 1156 | Evaluator Steps = 57800 | Final Dist = 0.083 | Final Dist 10 = 1.469 | Final Dist 100 = 2.114 | Final Dist 1000 = 1.764 | Init Dist = 12.806 | Init Dist 10 = 12.806 | Init Dist 100 = 12.806 | Init Dist 1000 = 12.806 | Learner Steps = 3459 | Learner Walltime = 685.719 | Min Dist = 0.078 | Min Dist 10 = 0.886 | Min Dist 100 = 1.349 | Min Dist 1000 = 1.045 | Steps Per Second = 77.560 | Success = 1.000 | Success 1000 = 0.864
I0502 15:17:42.792915 139579566835264 terminal.py:91] [Evaluator] Actor Episodes = 4634 | Actor Steps = 231700 | Delta Dist = 5.722 | Delta Dist 10 = 11.349 | Delta Dist 100 = 10.759 | Delta Dist 1000 = 11.043 | Episode Length = 50 | Episode Return = 0.0 | Evaluator Episodes = 1158 | Evaluator Steps = 57900 | Final Dist = 7.085 | Final Dist 10 = 1.457 | Final Dist 100 = 2.048 | Final Dist 1000 = 1.763 | Init Dist = 12.806 | Init Dist 10 = 12.806 | Init Dist 100 = 12.806 | Init Dist 1000 = 12.806 | Learner Steps = 3465 | Learner Walltime = 686.793 | Min Dist = 6.925 | Min Dist 10 = 0.904 | Min Dist 100 = 1.280 | Min Dist 1000 = 1.044 | Steps Per Second = 86.417 | Success = 0.000 | Success 1000 = 0.864
I0502 15:17:44.325001 139579566835264 terminal.py:91] [Evaluator] Actor Episodes = 4642 | Actor Steps = 232100 | Delta Dist = 1.822 | Delta Dist 10 = 10.159 | Delta Dist 100 = 10.572 | Delta Dist 1000 = 11.024 | Episode Length = 50 | Episode Return = 0.0 | Evaluator Episodes = 1161 | Evaluator Steps = 58050 | Final Dist = 10.984 | Final Dist 10 = 2.647 | Final Dist 100 = 2.235 | Final Dist 1000 = 1.783 | Init Dist = 12.806 | Init Dist 10 = 12.806 | Init Dist 100 = 12.806 | Init Dist 1000 = 12.806 | Learner Steps = 3472 | Learner Walltime = 688.121 | Min Dist = 9.904 | Min Dist 10 = 1.861 | Min Dist 100 = 1.450 | Min Dist 1000 = 1.061 | Steps Per Second = 88.127 | Success = 0.000 | Success 1000 = 0.862
I0502 15:17:45.357663 139579566835264 terminal.py:91] [Evaluator] Actor Episodes = 4649 | Actor Steps = 232450 | Delta Dist = 4.063 | Delta Dist 10 = 8.114 | Delta Dist 100 = 10.366 | Delta Dist 1000 = 11.004 | Episode Length = 50 | Episode Return = 0.0 | Evaluator Episodes = 1163 | Evaluator Steps = 58150 | Final Dist = 8.743 | Final Dist 10 = 4.692 | Final Dist 100 = 2.440 | Final Dist 1000 = 1.802 | Init Dist = 12.806 | Init Dist 10 = 12.806 | Init Dist 100 = 12.806 | Init Dist 1000 = 12.806 | Learner Steps = 3479 | Learner Walltime = 689.193 | Min Dist = 8.512 | Min Dist 10 = 3.837 | Min Dist 100 = 1.652 | Min Dist 1000 = 1.081 | Steps Per Second = 102.286 | Success = 0.000 | Success 1000 = 0.860
I0502 15:17:45.887152 139584504182336 lp_utils.py:96] StepsLimiter: Reached 232650 recorded steps
I0502 15:17:46.494467 139579566835264 terminal.py:91] [Evaluator] Actor Episodes = 4657 | Actor Steps = 232850 | Delta Dist = 1.869 | Delta Dist 10 = 7.227 | Delta Dist 100 = 10.291 | Delta Dist 1000 = 10.995 | Episode Length = 50 | Episode Return = 0.0 | Evaluator Episodes = 1165 | Evaluator Steps = 58250 | Final Dist = 10.937 | Final Dist 10 = 5.580 | Final Dist 100 = 2.515 | Final Dist 1000 = 1.811 | Init Dist = 12.806 | Init Dist 10 = 12.806 | Init Dist 100 = 12.806 | Init Dist 1000 = 12.806 | Learner Steps = 3484 | Learner Walltime = 690.230 | Min Dist = 9.518 | Min Dist 10 = 4.730 | Min Dist 100 = 1.735 | Min Dist 1000 = 1.090 | Steps Per Second = 93.258 | Success = 0.000 | Success 1000 = 0.859
I0502 15:17:47.578412 139569349502528 terminal.py:91] [Actor] Actor Episodes = 4663 | Actor Steps = 233150 | Delta Dist = 2.656 | Delta Dist 10 = 3.982 | Delta Dist 100 = 4.342 | Delta Dist 1000 = 4.217 | Episode Length = 50 | Episode Return = 11.0 | Evaluator Episodes = 1165 | Evaluator Steps = 58250 | Final Dist = 1.344 | Final Dist 10 = 1.557 | Final Dist 100 = 1.914 | Final Dist 1000 = 1.597 | Init Dist = 4.000 | Init Dist 10 = 5.538 | Init Dist 100 = 6.256 | Init Dist 1000 = 5.814 | Learner Steps = 3484 | Learner Walltime = 690.230 | Min Dist = 0.018 | Min Dist 10 = 0.033 | Min Dist 100 = 0.150 | Min Dist 1000 = 0.174 | Steps Per Second = 77.358 | Success = 1.000 | Success 1000 = 0.991
I0502 15:17:47.623685 139579566835264 terminal.py:91] [Evaluator] Actor Episodes = 4666 | Actor Steps = 233300 | Delta Dist = 11.449 | Delta Dist 10 = 5.085 | Delta Dist 100 = 10.081 | Delta Dist 1000 = 10.976 | Episode Length = 50 | Episode Return = 15.0 | Evaluator Episodes = 1167 | Evaluator Steps = 58350 | Final Dist = 1.358 | Final Dist 10 = 7.721 | Final Dist 100 = 2.725 | Final Dist 1000 = 1.830 | Init Dist = 12.806 | Init Dist 10 = 12.806 | Init Dist 100 = 12.806 | Init Dist 1000 = 12.806 | Learner Steps = 3490 | Learner Walltime = 691.255 | Min Dist = 0.136 | Min Dist 10 = 6.722 | Min Dist 100 = 1.926 | Min Dist 1000 = 1.110 | Steps Per Second = 75.919 | Success = 1.000 | Success 1000 = 0.857
I0502 15:17:47.681712 139557462840896 terminal.py:91] [Actor] Actor Episodes = 4668 | Actor Steps = 233400 | Delta Dist = 8.012 | Delta Dist 10 = 3.932 | Delta Dist 100 = 4.345 | Delta Dist 1000 = 4.216 | Episode Length = 50 | Episode Return = 40.0 | Evaluator Episodes = 1167 | Evaluator Steps = 58350 | Final Dist = 0.234 | Final Dist 10 = 1.559 | Final Dist 100 = 1.872 | Final Dist 1000 = 1.597 | Init Dist = 8.246 | Init Dist 10 = 5.491 | Init Dist 100 = 6.218 | Init Dist 1000 = 5.813 | Learner Steps = 3490 | Learner Walltime = 691.255 | Min Dist = 0.047 | Min Dist 10 = 0.034 | Min Dist 100 = 0.145 | Min Dist 1000 = 0.174 | Steps Per Second = 77.693 | Success = 1.000 | Success 1000 = 0.991
I0502 15:17:47.828422 139555860620864 terminal.py:91] [Actor] Actor Episodes = 4665 | Actor Steps = 233250 | Delta Dist = 5.193 | Delta Dist 10 = 4.514 | Delta Dist 100 = 4.324 | Delta Dist 1000 = 4.218 | Episode Length = 50 | Episode Return = 46.0 | Evaluator Episodes = 1165 | Evaluator Steps = 58250 | Final Dist = 0.193 | Final Dist 10 = 1.578 | Final Dist 100 = 1.872 | Final Dist 1000 = 1.597 | Init Dist = 5.385 | Init Dist 10 = 6.092 | Init Dist 100 = 6.196 | Init Dist 1000 = 5.816 | Learner Steps = 3490 | Learner Walltime = 691.255 | Min Dist = 0.063 | Min Dist 10 = 0.038 | Min Dist 100 = 0.145 | Min Dist 1000 = 0.174 | Steps Per Second = 78.037 | Success = 1.000 | Success 1000 = 0.991
I0502 15:17:48.843772 139579566835264 terminal.py:91] [Evaluator] Actor Episodes = 4674 | Actor Steps = 233700 | Delta Dist = 11.389 | Delta Dist 10 = 5.613 | Delta Dist 100 = 10.135 | Delta Dist 1000 = 10.975 | Episode Length = 50 | Episode Return = 2.0 | Evaluator Episodes = 1169 | Evaluator Steps = 58450 | Final Dist = 1.417 | Final Dist 10 = 7.193 | Final Dist 100 = 2.671 | Final Dist 1000 = 1.832 | Init Dist = 12.806 | Init Dist 10 = 12.806 | Init Dist 100 = 12.806 | Init Dist 1000 = 12.806 | Learner Steps = 3497 | Learner Walltime = 692.574 | Min Dist = 0.522 | Min Dist 10 = 6.042 | Min Dist 100 = 1.850 | Min Dist 1000 = 1.109 | Steps Per Second = 77.287 | Success = 1.000 | Success 1000 = 0.857
I0502 15:17:49.623264 139555013154368 terminal.py:91] [Learner] Actor Episodes = 4678 | Actor Loss = 3.7618112564086914 | Actor Steps = 233900 | Binary Accuracy = 0.9959127902984619 | Categorical Accuracy = 0.39404296875 | Critic Loss = 2.121994972229004 | Entropy Mean = -15.12592601776123 | Evaluator Episodes = 1169 | Evaluator Steps = 58450 | Learner Steps = 3502 | Learner Walltime = 693.812 | Logits Neg = -15.912951469421387 | Logits Pos = -2.102931022644043 | Logsumexp = 1.2705261707305908 | Steps Per Second = 651.922
I0502 15:17:50.113918 139579566835264 terminal.py:91] [Evaluator] Actor Episodes = 4684 | Actor Steps = 234200 | Delta Dist = 12.090 | Delta Dist 10 = 6.768 | Delta Dist 100 = 10.130 | Delta Dist 1000 = 10.973 | Episode Length = 50 | Episode Return = 17.0 | Evaluator Episodes = 1171 | Evaluator Steps = 58550 | Final Dist = 0.716 | Final Dist 10 = 6.039 | Final Dist 100 = 2.677 | Final Dist 1000 = 1.833 | Init Dist = 12.806 | Init Dist 10 = 12.806 | Init Dist 100 = 12.806 | Init Dist 1000 = 12.806 | Learner Steps = 3501 | Learner Walltime = 693.714 | Min Dist = 0.093 | Min Dist 10 = 5.073 | Min Dist 100 = 1.852 | Min Dist 1000 = 1.109 | Steps Per Second = 80.240 | Success = 1.000 | Success 1000 = 0.857
I0502 15:17:50.832530 139558059398720 terminal.py:91] [Actor] Actor Episodes = 4690 | Actor Steps = 234500 | Delta Dist = 7.975 | Delta Dist 10 = 3.908 | Delta Dist 100 = 4.442 | Delta Dist 1000 = 4.230 | Episode Length = 50 | Episode Return = 36.0 | Evaluator Episodes = 1171 | Evaluator Steps = 58550 | Final Dist = 0.025 | Final Dist 10 = 1.805 | Final Dist 100 = 1.749 | Final Dist 1000 = 1.572 | Init Dist = 8.000 | Init Dist 10 = 5.713 | Init Dist 100 = 6.191 | Init Dist 1000 = 5.802 | Learner Steps = 3508 | Learner Walltime = 694.946 | Min Dist = 0.025 | Min Dist 10 = 0.778 | Min Dist 100 = 0.201 | Min Dist 1000 = 0.181 | Steps Per Second = 80.754 | Success = 1.000 | Success 1000 = 0.991
I0502 15:17:51.402793 139579566835264 terminal.py:91] [Evaluator] Actor Episodes = 4692 | Actor Steps = 234600 | Delta Dist = 11.405 | Delta Dist 10 = 8.783 | Delta Dist 100 = 10.122 | Delta Dist 1000 = 10.972 | Episode Length = 50 | Episode Return = 18.0 | Evaluator Episodes = 1173 | Evaluator Steps = 58650 | Final Dist = 1.401 | Final Dist 10 = 4.024 | Final Dist 100 = 2.685 | Final Dist 1000 = 1.834 | Init Dist = 12.806 | Init Dist 10 = 12.806 | Init Dist 100 = 12.806 | Init Dist 1000 = 12.806 | Learner Steps = 3508 | Learner Walltime = 694.946 | Min Dist = 0.102 | Min Dist 10 = 3.037 | Min Dist 100 = 1.850 | Min Dist 1000 = 1.109 | Steps Per Second = 76.006 | Success = 1.000 | Success 1000 = 0.857
I0502 15:17:52.610773 139579566835264 terminal.py:91] [Evaluator] Actor Episodes = 4700 | Actor Steps = 235000 | Delta Dist = 11.306 | Delta Dist 10 = 9.582 | Delta Dist 100 = 10.121 | Delta Dist 1000 = 10.972 | Episode Length = 50 | Episode Return = 8.0 | Evaluator Episodes = 1175 | Evaluator Steps = 58750 | Final Dist = 1.500 | Final Dist 10 = 3.224 | Final Dist 100 = 2.686 | Final Dist 1000 = 1.834 | Init Dist = 12.806 | Init Dist 10 = 12.806 | Init Dist 100 = 12.806 | Init Dist 1000 = 12.806 | Learner Steps = 3515 | Learner Walltime = 696.052 | Min Dist = 0.196 | Min Dist 10 = 2.188 | Min Dist 100 = 1.852 | Min Dist 1000 = 1.109 | Steps Per Second = 86.233 | Success = 1.000 | Success 1000 = 0.857
I0502 15:17:53.838905 139579566835264 terminal.py:91] [Evaluator] Actor Episodes = 4708 | Actor Steps = 235400 | Delta Dist = 12.187 | Delta Dist 10 = 11.645 | Delta Dist 100 = 10.135 | Delta Dist 1000 = 10.972 | Episode Length = 50 | Episode Return = 20.0 | Evaluator Episodes = 1177 | Evaluator Steps = 58850 | Final Dist = 0.619 | Final Dist 10 = 1.161 | Final Dist 100 = 2.672 | Final Dist 1000 = 1.834 | Init Dist = 12.806 | Init Dist 10 = 12.806 | Init Dist 100 = 12.806 | Init Dist 1000 = 12.806 | Learner Steps = 3521 | Learner Walltime = 697.335 | Min Dist = 0.077 | Min Dist 10 = 0.226 | Min Dist 100 = 1.854 | Min Dist 1000 = 1.109 | Steps Per Second = 78.846 | Success = 1.000 | Success 1000 = 0.857
I0502 15:17:54.878081 139579566835264 terminal.py:91] [Evaluator] Actor Episodes = 4714 | Actor Steps = 235700 | Delta Dist = -0.029 | Delta Dist 10 = 11.728 | Delta Dist 100 = 10.128 | Delta Dist 1000 = 10.972 | Episode Length = 50 | Episode Return = 0.0 | Evaluator Episodes = 1179 | Evaluator Steps = 58950 | Final Dist = 12.835 | Final Dist 10 = 1.079 | Final Dist 100 = 2.678 | Final Dist 1000 = 1.835 | Init Dist = 12.806 | Init Dist 10 = 12.806 | Init Dist 100 = 12.806 | Init Dist 1000 = 12.806 | Learner Steps = 3528 | Learner Walltime = 698.603 | Min Dist = 10.480 | Min Dist 10 = 0.208 | Min Dist 100 = 1.852 | Min Dist 1000 = 1.108 | Steps Per Second = 117.873 | Success = 0.000 | Success 1000 = 0.857
I0502 15:17:55.908191 139584504182336 lp_utils.py:96] StepsLimiter: Reached 236100 recorded steps
I0502 15:17:56.046762 139579566835264 terminal.py:91] [Evaluator] Actor Episodes = 4724 | Actor Steps = 236200 | Delta Dist = 7.902 | Delta Dist 10 = 10.651 | Delta Dist 100 = 10.015 | Delta Dist 1000 = 10.961 | Episode Length = 50 | Episode Return = 0.0 | Evaluator Episodes = 1181 | Evaluator Steps = 59050 | Final Dist = 4.905 | Final Dist 10 = 2.156 | Final Dist 100 = 2.791 | Final Dist 1000 = 1.846 | Init Dist = 12.806 | Init Dist 10 = 12.806 | Init Dist 100 = 12.806 | Init Dist 1000 = 12.806 | Learner Steps = 3533 | Learner Walltime = 699.694 | Min Dist = 4.163 | Min Dist 10 = 1.199 | Min Dist 100 = 1.958 | Min Dist 1000 = 1.119 | Steps Per Second = 83.047 | Success = 0.000 | Success 1000 = 0.856
I0502 15:17:57.194054 139579566835264 terminal.py:91] [Evaluator] Actor Episodes = 4732 | Actor Steps = 236600 | Delta Dist = 10.597 | Delta Dist 10 = 9.301 | Delta Dist 100 = 9.977 | Delta Dist 1000 = 10.946 | Episode Length = 50 | Episode Return = 0.0 | Evaluator Episodes = 1183 | Evaluator Steps = 59150 | Final Dist = 2.210 | Final Dist 10 = 3.505 | Final Dist 100 = 2.829 | Final Dist 1000 = 1.861 | Init Dist = 12.806 | Init Dist 10 = 12.806 | Init Dist 100 = 12.806 | Init Dist 1000 = 12.806 | Learner Steps = 3540 | Learner Walltime = 700.937 | Min Dist = 2.210 | Min Dist 10 = 2.649 | Min Dist 100 = 1.996 | Min Dist 1000 = 1.133 | Steps Per Second = 88.437 | Success = 0.000 | Success 1000 = 0.854
I0502 15:17:57.704885 139557462840896 terminal.py:91] [Actor] Actor Episodes = 4733 | Actor Steps = 236650 | Delta Dist = 5.473 | Delta Dist 10 = 3.967 | Delta Dist 100 = 4.998 | Delta Dist 1000 = 4.265 | Episode Length = 50 | Episode Return = 35.0 | Evaluator Episodes = 1181 | Evaluator Steps = 59050 | Final Dist = 0.610 | Final Dist 10 = 2.143 | Final Dist 100 = 1.485 | Final Dist 1000 = 1.607 | Init Dist = 6.083 | Init Dist 10 = 6.111 | Init Dist 100 = 6.483 | Init Dist 1000 = 5.872 | Learner Steps = 3540 | Learner Walltime = 700.937 | Min Dist = 0.041 | Min Dist 10 = 0.196 | Min Dist 100 = 0.359 | Min Dist 1000 = 0.195 | Steps Per Second = 92.440 | Success = 1.000 | Success 1000 = 0.990
I0502 15:17:57.859902 139569349502528 terminal.py:91] [Actor] Actor Episodes = 4736 | Actor Steps = 236800 | Delta Dist = 3.825 | Delta Dist 10 = 4.028 | Delta Dist 100 = 5.030 | Delta Dist 1000 = 4.263 | Episode Length = 50 | Episode Return = 36.0 | Evaluator Episodes = 1183 | Evaluator Steps = 59150 | Final Dist = 0.298 | Final Dist 10 = 2.275 | Final Dist 100 = 1.386 | Final Dist 1000 = 1.608 | Init Dist = 4.123 | Init Dist 10 = 6.303 | Init Dist 100 = 6.416 | Init Dist 1000 = 5.871 | Learner Steps = 3546 | Learner Walltime = 702.055 | Min Dist = 0.122 | Min Dist 10 = 0.198 | Min Dist 100 = 0.355 | Min Dist 1000 = 0.195 | Steps Per Second = 82.452 | Success = 1.000 | Success 1000 = 0.990
I0502 15:17:58.300905 139579566835264 terminal.py:91] [Evaluator] Actor Episodes = 4738 | Actor Steps = 236900 | Delta Dist = 11.923 | Delta Dist 10 = 9.147 | Delta Dist 100 = 10.086 | Delta Dist 1000 = 10.944 | Episode Length = 50 | Episode Return = 7.0 | Evaluator Episodes = 1185 | Evaluator Steps = 59250 | Final Dist = 0.883 | Final Dist 10 = 3.659 | Final Dist 100 = 2.720 | Final Dist 1000 = 1.862 | Init Dist = 12.806 | Init Dist 10 = 12.806 | Init Dist 100 = 12.806 | Init Dist 1000 = 12.806 | Learner Steps = 3546 | Learner Walltime = 702.055 | Min Dist = 0.342 | Min Dist 10 = 2.827 | Min Dist 100 = 1.906 | Min Dist 1000 = 1.135 | Steps Per Second = 86.074 | Success = 1.000 | Success 1000 = 0.853
I0502 15:17:58.369360 139555860620864 terminal.py:91] [Actor] Actor Episodes = 4735 | Actor Steps = 236750 | Delta Dist = 2.109 | Delta Dist 10 = 4.360 | Delta Dist 100 = 5.032 | Delta Dist 1000 = 4.264 | Episode Length = 50 | Episode Return = 24.0 | Evaluator Episodes = 1183 | Evaluator Steps = 59150 | Final Dist = 1.497 | Final Dist 10 = 1.876 | Final Dist 100 = 1.382 | Final Dist 1000 = 1.609 | Init Dist = 3.606 | Init Dist 10 = 6.236 | Init Dist 100 = 6.414 | Init Dist 1000 = 5.873 | Learner Steps = 3540 | Learner Walltime = 700.937 | Min Dist = 0.186 | Min Dist 10 = 0.201 | Min Dist 100 = 0.337 | Min Dist 1000 = 0.195 | Steps Per Second = 81.193 | Success = 1.000 | Success 1000 = 0.990
I0502 15:17:59.470346 139579566835264 terminal.py:91] [Evaluator] Actor Episodes = 4746 | Actor Steps = 237300 | Delta Dist = 11.520 | Delta Dist 10 = 9.152 | Delta Dist 100 = 10.310 | Delta Dist 1000 = 10.944 | Episode Length = 50 | Episode Return = 21.0 | Evaluator Episodes = 1187 | Evaluator Steps = 59350 | Final Dist = 1.286 | Final Dist 10 = 3.654 | Final Dist 100 = 2.496 | Final Dist 1000 = 1.863 | Init Dist = 12.806 | Init Dist 10 = 12.806 | Init Dist 100 = 12.806 | Init Dist 1000 = 12.806 | Learner Steps = 3552 | Learner Walltime = 703.196 | Min Dist = 0.085 | Min Dist 10 = 2.841 | Min Dist 100 = 1.712 | Min Dist 1000 = 1.135 | Steps Per Second = 81.525 | Success = 1.000 | Success 1000 = 0.853
I0502 15:17:59.625156 139555013154368 terminal.py:91] [Learner] Actor Episodes = 4742 | Actor Loss = 3.7163405418395996 | Actor Steps = 237100 | Binary Accuracy = 0.9959402084350586 | Categorical Accuracy = 0.39605712890625 | Critic Loss = 2.137033462524414 | Entropy Mean = -14.490856170654297 | Evaluator Episodes = 1185 | Evaluator Steps = 59250 | Learner Steps = 3555 | Learner Walltime = 703.816 | Logits Neg = -15.879241943359375 | Logits Pos = -2.106494903564453 | Logsumexp = 1.3802015781402588 | Steps Per Second = 154.151
I0502 15:18:00.471690 139579566835264 terminal.py:91] [Evaluator] Actor Episodes = 4752 | Actor Steps = 237600 | Delta Dist = 11.516 | Delta Dist 10 = 7.940 | Delta Dist 100 = 10.197 | Delta Dist 1000 = 10.932 | Episode Length = 50 | Episode Return = 17.0 | Evaluator Episodes = 1189 | Evaluator Steps = 59450 | Final Dist = 1.290 | Final Dist 10 = 4.866 | Final Dist 100 = 2.610 | Final Dist 1000 = 1.874 | Init Dist = 12.806 | Init Dist 10 = 12.806 | Init Dist 100 = 12.806 | Init Dist 1000 = 12.806 | Learner Steps = 3558 | Learner Walltime = 704.392 | Min Dist = 0.088 | Min Dist 10 = 3.888 | Min Dist 100 = 1.814 | Min Dist 1000 = 1.145 | Steps Per Second = 82.044 | Success = 1.000 | Success 1000 = 0.852
I0502 15:18:01.215234 139558059398720 terminal.py:91] [Actor] Actor Episodes = 4756 | Actor Steps = 237800 | Delta Dist = 7.792 | Delta Dist 10 = 4.444 | Delta Dist 100 = 4.811 | Delta Dist 1000 = 4.261 | Episode Length = 50 | Episode Return = 28.0 | Evaluator Episodes = 1189 | Evaluator Steps = 59450 | Final Dist = 0.270 | Final Dist 10 = 0.933 | Final Dist 100 = 1.484 | Final Dist 1000 = 1.594 | Init Dist = 8.062 | Init Dist 10 = 5.377 | Init Dist 100 = 6.295 | Init Dist 1000 = 5.855 | Learner Steps = 3558 | Learner Walltime = 704.392 | Min Dist = 0.055 | Min Dist 10 = 0.135 | Min Dist 100 = 0.343 | Min Dist 1000 = 0.195 | Steps Per Second = 87.849 | Success = 1.000 | Success 1000 = 0.990
I0502 15:18:01.997437 139579566835264 terminal.py:91] [Evaluator] Actor Episodes = 4765 | Actor Steps = 238250 | Delta Dist = 12.208 | Delta Dist 10 = 7.233 | Delta Dist 100 = 9.971 | Delta Dist 1000 = 10.911 | Episode Length = 50 | Episode Return = 3.0 | Evaluator Episodes = 1192 | Evaluator Steps = 59600 | Final Dist = 0.598 | Final Dist 10 = 5.573 | Final Dist 100 = 2.836 | Final Dist 1000 = 1.896 | Init Dist = 12.806 | Init Dist 10 = 12.806 | Init Dist 100 = 12.806 | Init Dist 1000 = 12.806 | Learner Steps = 3565 | Learner Walltime = 705.531 | Min Dist = 0.426 | Min Dist 10 = 4.529 | Min Dist 100 = 2.011 | Min Dist 1000 = 1.164 | Steps Per Second = 87.254 | Success = 1.000 | Success 1000 = 0.850
I0502 15:18:03.145493 139579566835264 terminal.py:91] [Evaluator] Actor Episodes = 4773 | Actor Steps = 238650 | Delta Dist = 11.799 | Delta Dist 10 = 8.294 | Delta Dist 100 = 9.959 | Delta Dist 1000 = 10.910 | Episode Length = 50 | Episode Return = 11.0 | Evaluator Episodes = 1194 | Evaluator Steps = 59700 | Final Dist = 1.007 | Final Dist 10 = 4.512 | Final Dist 100 = 2.848 | Final Dist 1000 = 1.896 | Init Dist = 12.806 | Init Dist 10 = 12.806 | Init Dist 100 = 12.806 | Init Dist 1000 = 12.806 | Learner Steps = 3572 | Learner Walltime = 706.763 | Min Dist = 0.092 | Min Dist 10 = 3.334 | Min Dist 100 = 2.017 | Min Dist 1000 = 1.164 | Steps Per Second = 89.917 | Success = 1.000 | Success 1000 = 0.850
I0502 15:18:04.318839 139579566835264 terminal.py:91] [Evaluator] Actor Episodes = 4781 | Actor Steps = 239050 | Delta Dist = -0.020 | Delta Dist 10 = 8.352 | Delta Dist 100 = 9.955 | Delta Dist 1000 = 10.911 | Episode Length = 50 | Episode Return = 0.0 | Evaluator Episodes = 1196 | Evaluator Steps = 59800 | Final Dist = 12.826 | Final Dist 10 = 4.455 | Final Dist 100 = 2.851 | Final Dist 1000 = 1.895 | Init Dist = 12.806 | Init Dist 10 = 12.806 | Init Dist 100 = 12.806 | Init Dist 1000 = 12.806 | Learner Steps = 3578 | Learner Walltime = 707.942 | Min Dist = 10.501 | Min Dist 10 = 3.300 | Min Dist 100 = 2.017 | Min Dist 1000 = 1.164 | Steps Per Second = 92.658 | Success = 0.000 | Success 1000 = 0.850
I0502 15:18:05.554295 139579566835264 terminal.py:91] [Evaluator] Actor Episodes = 4789 | Actor Steps = 239450 | Delta Dist = 11.297 | Delta Dist 10 = 6.667 | Delta Dist 100 = 9.789 | Delta Dist 1000 = 10.894 | Episode Length = 50 | Episode Return = 10.0 | Evaluator Episodes = 1198 | Evaluator Steps = 59900 | Final Dist = 1.509 | Final Dist 10 = 6.139 | Final Dist 100 = 3.017 | Final Dist 1000 = 1.912 | Init Dist = 12.806 | Init Dist 10 = 12.806 | Init Dist 100 = 12.806 | Init Dist 1000 = 12.806 | Learner Steps = 3584 | Learner Walltime = 709.099 | Min Dist = 0.279 | Min Dist 10 = 4.929 | Min Dist 100 = 2.177 | Min Dist 1000 = 1.179 | Steps Per Second = 76.832 | Success = 1.000 | Success 1000 = 0.848
I0502 15:18:05.921429 139584504182336 lp_utils.py:96] StepsLimiter: Reached 239450 recorded steps
I0502 15:18:06.651586 139579566835264 terminal.py:91] [Evaluator] Actor Episodes = 4795 | Actor Steps = 239750 | Delta Dist = 2.290 | Delta Dist 10 = 7.792 | Delta Dist 100 = 9.779 | Delta Dist 1000 = 10.892 | Episode Length = 50 | Episode Return = 0.0 | Evaluator Episodes = 1200 | Evaluator Steps = 60000 | Final Dist = 10.517 | Final Dist 10 = 5.015 | Final Dist 100 = 3.028 | Final Dist 1000 = 1.914 | Init Dist = 12.806 | Init Dist 10 = 12.806 | Init Dist 100 = 12.806 | Init Dist 1000 = 12.806 | Learner Steps = 3590 | Learner Walltime = 710.322 | Min Dist = 10.205 | Min Dist 10 = 3.960 | Min Dist 100 = 2.185 | Min Dist 1000 = 1.180 | Steps Per Second = 88.298 | Success = 0.000 | Success 1000 = 0.848
I0502 15:18:07.756180 139579566835264 terminal.py:91] [Evaluator] Actor Episodes = 4801 | Actor Steps = 240050 | Delta Dist = 11.462 | Delta Dist 10 = 8.659 | Delta Dist 100 = 9.637 | Delta Dist 1000 = 10.879 | Episode Length = 50 | Episode Return = 22.0 | Evaluator Episodes = 1202 | Evaluator Steps = 60100 | Final Dist = 1.344 | Final Dist 10 = 4.147 | Final Dist 100 = 3.169 | Final Dist 1000 = 1.927 | Init Dist = 12.806 | Init Dist 10 = 12.806 | Init Dist 100 = 12.806 | Init Dist 1000 = 12.806 | Learner Steps = 3597 | Learner Walltime = 711.493 | Min Dist = 0.144 | Min Dist 10 = 3.357 | Min Dist 100 = 2.333 | Min Dist 1000 = 1.194 | Steps Per Second = 85.639 | Success = 1.000 | Success 1000 = 0.846
I0502 15:18:07.912359 139557462840896 terminal.py:91] [Actor] Actor Episodes = 4805 | Actor Steps = 240250 | Delta Dist = 5.857 | Delta Dist 10 = 2.642 | Delta Dist 100 = 4.519 | Delta Dist 1000 = 4.295 | Episode Length = 50 | Episode Return = 14.0 | Evaluator Episodes = 1202 | Evaluator Steps = 60100 | Final Dist = 1.953 | Final Dist 10 = 1.865 | Final Dist 100 = 1.654 | Final Dist 1000 = 1.611 | Init Dist = 7.810 | Init Dist 10 = 4.506 | Init Dist 100 = 6.173 | Init Dist 1000 = 5.906 | Learner Steps = 3597 | Learner Walltime = 711.493 | Min Dist = 0.303 | Min Dist 10 = 1.434 | Min Dist 100 = 0.392 | Min Dist 1000 = 0.217 | Steps Per Second = 83.534 | Success = 1.000 | Success 1000 = 0.986
I0502 15:18:08.412085 139569349502528 terminal.py:91] [Actor] Actor Episodes = 4807 | Actor Steps = 240350 | Delta Dist = 9.196 | Delta Dist 10 = 3.339 | Delta Dist 100 = 4.470 | Delta Dist 1000 = 4.288 | Episode Length = 50 | Episode Return = 33.0 | Evaluator Episodes = 1202 | Evaluator Steps = 60100 | Final Dist = 0.238 | Final Dist 10 = 1.981 | Final Dist 100 = 1.676 | Final Dist 1000 = 1.615 | Init Dist = 9.434 | Init Dist 10 = 5.321 | Init Dist 100 = 6.146 | Init Dist 1000 = 5.904 | Learner Steps = 3597 | Learner Walltime = 711.493 | Min Dist = 0.177 | Min Dist 10 = 1.100 | Min Dist 100 = 0.394 | Min Dist 1000 = 0.216 | Steps Per Second = 80.508 | Success = 1.000 | Success 1000 = 0.986
I0502 15:18:08.432042 139555860620864 terminal.py:91] [Actor] Actor Episodes = 4809 | Actor Steps = 240450 | Delta Dist = 4.567 | Delta Dist 10 = 3.937 | Delta Dist 100 = 4.515 | Delta Dist 1000 = 4.296 | Episode Length = 50 | Episode Return = 23.0 | Evaluator Episodes = 1202 | Evaluator Steps = 60100 | Final Dist = 0.532 | Final Dist 10 = 1.967 | Final Dist 100 = 1.681 | Final Dist 1000 = 1.615 | Init Dist = 5.099 | Init Dist 10 = 5.903 | Init Dist 100 = 6.195 | Init Dist 1000 = 5.912 | Learner Steps = 3597 | Learner Walltime = 711.493 | Min Dist = 0.294 | Min Dist 10 = 1.114 | Min Dist 100 = 0.395 | Min Dist 1000 = 0.215 | Steps Per Second = 83.520 | Success = 1.000 | Success 1000 = 0.986
I0502 15:18:08.928167 139579566835264 terminal.py:91] [Evaluator] Actor Episodes = 4811 | Actor Steps = 240550 | Delta Dist = 1.522 | Delta Dist 10 = 8.181 | Delta Dist 100 = 9.591 | Delta Dist 1000 = 10.877 | Episode Length = 50 | Episode Return = 0.0 | Evaluator Episodes = 1204 | Evaluator Steps = 60200 | Final Dist = 11.284 | Final Dist 10 = 4.625 | Final Dist 100 = 3.215 | Final Dist 1000 = 1.930 | Init Dist = 12.806 | Init Dist 10 = 12.806 | Init Dist 100 = 12.806 | Init Dist 1000 = 12.806 | Learner Steps = 3602 | Learner Walltime = 712.639 | Min Dist = 10.359 | Min Dist 10 = 3.885 | Min Dist 100 = 2.389 | Min Dist 1000 = 1.199 | Steps Per Second = 90.453 | Success = 0.000 | Success 1000 = 0.845
I0502 15:18:09.728837 139555013154368 terminal.py:91] [Learner] Actor Episodes = 4813 | Actor Loss = 3.7012782096862793 | Actor Steps = 240650 | Binary Accuracy = 0.9959080219268799 | Categorical Accuracy = 0.38299560546875 | Critic Loss = 2.172328472137451 | Entropy Mean = -17.126346588134766 | Evaluator Episodes = 1204 | Evaluator Steps = 60200 | Learner Steps = 3609 | Learner Walltime = 713.921 | Logits Neg = -15.664724349975586 | Logits Pos = -2.1462185382843018 | Logsumexp = 1.3523260354995728 | Steps Per Second = 453.507
I0502 15:18:10.105052 139579566835264 terminal.py:91] [Evaluator] Actor Episodes = 4819 | Actor Steps = 240950 | Delta Dist = 12.164 | Delta Dist 10 = 7.101 | Delta Dist 100 = 9.485 | Delta Dist 1000 = 10.866 | Episode Length = 50 | Episode Return = 23.0 | Evaluator Episodes = 1206 | Evaluator Steps = 60300 | Final Dist = 0.642 | Final Dist 10 = 5.705 | Final Dist 100 = 3.321 | Final Dist 1000 = 1.940 | Init Dist = 12.806 | Init Dist 10 = 12.806 | Init Dist 100 = 12.806 | Init Dist 1000 = 12.806 | Learner Steps = 3608 | Learner Walltime = 713.780 | Min Dist = 0.123 | Min Dist 10 = 4.957 | Min Dist 100 = 2.491 | Min Dist 1000 = 1.209 | Steps Per Second = 80.289 | Success = 1.000 | Success 1000 = 0.844
I0502 15:18:11.221433 139579566835264 terminal.py:91] [Evaluator] Actor Episodes = 4825 | Actor Steps = 241250 | Delta Dist = 11.935 | Delta Dist 10 = 8.031 | Delta Dist 100 = 9.413 | Delta Dist 1000 = 10.857 | Episode Length = 50 | Episode Return = 19.0 | Evaluator Episodes = 1208 | Evaluator Steps = 60400 | Final Dist = 0.871 | Final Dist 10 = 4.776 | Final Dist 100 = 3.393 | Final Dist 1000 = 1.949 | Init Dist = 12.806 | Init Dist 10 = 12.806 | Init Dist 100 = 12.806 | Init Dist 1000 = 12.806 | Learner Steps = 3615 | Learner Walltime = 714.973 | Min Dist = 0.318 | Min Dist 10 = 4.154 | Min Dist 100 = 2.566 | Min Dist 1000 = 1.218 | Steps Per Second = 88.198 | Success = 1.000 | Success 1000 = 0.843
I0502 15:18:11.241207 139558059398720 terminal.py:91] [Actor] Actor Episodes = 4827 | Actor Steps = 241350 | Delta Dist = 5.703 | Delta Dist 10 = 3.185 | Delta Dist 100 = 4.102 | Delta Dist 1000 = 4.282 | Episode Length = 50 | Episode Return = 46.0 | Evaluator Episodes = 1208 | Evaluator Steps = 60400 | Final Dist = 1.005 | Final Dist 10 = 2.502 | Final Dist 100 = 1.927 | Final Dist 1000 = 1.629 | Init Dist = 6.708 | Init Dist 10 = 5.686 | Init Dist 100 = 6.029 | Init Dist 1000 = 5.911 | Learner Steps = 3615 | Learner Walltime = 714.973 | Min Dist = 0.015 | Min Dist 10 = 0.166 | Min Dist 100 = 0.406 | Min Dist 1000 = 0.216 | Steps Per Second = 87.955 | Success = 1.000 | Success 1000 = 0.987
I0502 15:18:12.571758 139579566835264 terminal.py:91] [Evaluator] Actor Episodes = 4833 | Actor Steps = 241650 | Delta Dist = 11.529 | Delta Dist 10 = 8.091 | Delta Dist 100 = 9.402 | Delta Dist 1000 = 10.856 | Episode Length = 50 | Episode Return = 15.0 | Evaluator Episodes = 1210 | Evaluator Steps = 60500 | Final Dist = 1.278 | Final Dist 10 = 4.715 | Final Dist 100 = 3.404 | Final Dist 1000 = 1.951 | Init Dist = 12.806 | Init Dist 10 = 12.806 | Init Dist 100 = 12.806 | Init Dist 1000 = 12.806 | Learner Steps = 3621 | Learner Walltime = 716.055 | Min Dist = 0.064 | Min Dist 10 = 4.128 | Min Dist 100 = 2.570 | Min Dist 1000 = 1.218 | Steps Per Second = 70.460 | Success = 1.000 | Success 1000 = 0.843
I0502 15:18:13.742861 139579566835264 terminal.py:91] [Evaluator] Actor Episodes = 4843 | Actor Steps = 242150 | Delta Dist = 11.246 | Delta Dist 10 = 9.399 | Delta Dist 100 = 9.385 | Delta Dist 1000 = 10.856 | Episode Length = 50 | Episode Return = 15.0 | Evaluator Episodes = 1212 | Evaluator Steps = 60600 | Final Dist = 1.560 | Final Dist 10 = 3.407 | Final Dist 100 = 3.421 | Final Dist 1000 = 1.950 | Init Dist = 12.806 | Init Dist 10 = 12.806 | Init Dist 100 = 12.806 | Init Dist 1000 = 12.806 | Learner Steps = 3627 | Learner Walltime = 717.384 | Min Dist = 0.471 | Min Dist 10 = 2.659 | Min Dist 100 = 2.570 | Min Dist 1000 = 1.218 | Steps Per Second = 84.871 | Success = 1.000 | Success 1000 = 0.843
I0502 15:18:14.783393 139579566835264 terminal.py:91] [Evaluator] Actor Episodes = 4849 | Actor Steps = 242450 | Delta Dist = 12.048 | Delta Dist 10 = 8.793 | Delta Dist 100 = 9.274 | Delta Dist 1000 = 10.844 | Episode Length = 50 | Episode Return = 1.0 | Evaluator Episodes = 1214 | Evaluator Steps = 60700 | Final Dist = 0.758 | Final Dist 10 = 4.014 | Final Dist 100 = 3.533 | Final Dist 1000 = 1.962 | Init Dist = 12.806 | Init Dist 10 = 12.806 | Init Dist 100 = 12.806 | Init Dist 1000 = 12.806 | Learner Steps = 3633 | Learner Walltime = 718.583 | Min Dist = 0.758 | Min Dist 10 = 3.148 | Min Dist 100 = 2.674 | Min Dist 1000 = 1.228 | Steps Per Second = 101.112 | Success = 1.000 | Success 1000 = 0.842
I0502 15:18:15.941792 139584504182336 lp_utils.py:96] StepsLimiter: Reached 242850 recorded steps
I0502 15:18:16.328754 139579566835264 terminal.py:91] [Evaluator] Actor Episodes = 4861 | Actor Steps = 243050 | Delta Dist = 0.282 | Delta Dist 10 = 8.759 | Delta Dist 100 = 9.181 | Delta Dist 1000 = 10.832 | Episode Length = 50 | Episode Return = 0.0 | Evaluator Episodes = 1217 | Evaluator Steps = 60850 | Final Dist = 12.524 | Final Dist 10 = 4.047 | Final Dist 100 = 3.625 | Final Dist 1000 = 1.974 | Init Dist = 12.806 | Init Dist 10 = 12.806 | Init Dist 100 = 12.806 | Init Dist 1000 = 12.806 | Learner Steps = 3640 | Learner Walltime = 719.794 | Min Dist = 10.599 | Min Dist 10 = 3.185 | Min Dist 100 = 2.763 | Min Dist 1000 = 1.239 | Steps Per Second = 89.171 | Success = 0.000 | Success 1000 = 0.841
I0502 15:18:17.471519 139579566835264 terminal.py:91] [Evaluator] Actor Episodes = 4869 | Actor Steps = 243450 | Delta Dist = 11.418 | Delta Dist 10 = 8.290 | Delta Dist 100 = 9.056 | Delta Dist 1000 = 10.819 | Episode Length = 50 | Episode Return = 16.0 | Evaluator Episodes = 1219 | Evaluator Steps = 60950 | Final Dist = 1.389 | Final Dist 10 = 4.516 | Final Dist 100 = 3.750 | Final Dist 1000 = 1.987 | Init Dist = 12.806 | Init Dist 10 = 12.806 | Init Dist 100 = 12.806 | Init Dist 1000 = 12.806 | Learner Steps = 3646 | Learner Walltime = 720.920 | Min Dist = 0.065 | Min Dist 10 = 3.556 | Min Dist 100 = 2.876 | Min Dist 1000 = 1.250 | Steps Per Second = 87.732 | Success = 1.000 | Success 1000 = 0.839
I0502 15:18:18.028555 139557462840896 terminal.py:91] [Actor] Actor Episodes = 4870 | Actor Steps = 243500 | Delta Dist = 7.707 | Delta Dist 10 = 3.982 | Delta Dist 100 = 4.049 | Delta Dist 1000 = 4.264 | Episode Length = 50 | Episode Return = 47.0 | Evaluator Episodes = 1217 | Evaluator Steps = 60850 | Final Dist = 0.355 | Final Dist 10 = 1.441 | Final Dist 100 = 1.722 | Final Dist 1000 = 1.628 | Init Dist = 8.062 | Init Dist 10 = 5.423 | Init Dist 100 = 5.771 | Init Dist 1000 = 5.892 | Learner Steps = 3646 | Learner Walltime = 720.920 | Min Dist = 0.036 | Min Dist 10 = 0.080 | Min Dist 100 = 0.360 | Min Dist 1000 = 0.210 | Steps Per Second = 87.800 | Success = 1.000 | Success 1000 = 0.987
I0502 15:18:18.622803 139579566835264 terminal.py:91] [Evaluator] Actor Episodes = 4875 | Actor Steps = 243750 | Delta Dist = 8.181 | Delta Dist 10 = 8.367 | Delta Dist 100 = 9.180 | Delta Dist 1000 = 10.819 | Episode Length = 50 | Episode Return = 0.0 | Evaluator Episodes = 1221 | Evaluator Steps = 61050 | Final Dist = 4.625 | Final Dist 10 = 4.439 | Final Dist 100 = 3.627 | Final Dist 1000 = 1.988 | Init Dist = 12.806 | Init Dist 10 = 12.806 | Init Dist 100 = 12.806 | Init Dist 1000 = 12.806 | Learner Steps = 3653 | Learner Walltime = 721.972 | Min Dist = 4.625 | Min Dist 10 = 3.560 | Min Dist 100 = 2.774 | Min Dist 1000 = 1.250 | Steps Per Second = 82.541 | Success = 0.000 | Success 1000 = 0.839
I0502 15:18:18.788010 139555860620864 terminal.py:91] [Actor] Actor Episodes = 4879 | Actor Steps = 243950 | Delta Dist = 5.920 | Delta Dist 10 = 2.189 | Delta Dist 100 = 3.917 | Delta Dist 1000 = 4.241 | Episode Length = 50 | Episode Return = 38.0 | Evaluator Episodes = 1221 | Evaluator Steps = 61050 | Final Dist = 0.788 | Final Dist 10 = 2.178 | Final Dist 100 = 1.770 | Final Dist 1000 = 1.639 | Init Dist = 6.708 | Init Dist 10 = 4.367 | Init Dist 100 = 5.686 | Init Dist 1000 = 5.880 | Learner Steps = 3653 | Learner Walltime = 721.972 | Min Dist = 0.074 | Min Dist 10 = 0.095 | Min Dist 100 = 0.287 | Min Dist 1000 = 0.210 | Steps Per Second = 89.826 | Success = 1.000 | Success 1000 = 0.987
I0502 15:18:18.912296 139569349502528 terminal.py:91] [Actor] Actor Episodes = 4881 | Actor Steps = 244050 | Delta Dist = -2.719 | Delta Dist 10 = 1.927 | Delta Dist 100 = 3.901 | Delta Dist 1000 = 4.238 | Episode Length = 50 | Episode Return = 50.0 | Evaluator Episodes = 1221 | Evaluator Steps = 61050 | Final Dist = 6.324 | Final Dist 10 = 2.663 | Final Dist 100 = 1.830 | Final Dist 1000 = 1.644 | Init Dist = 3.606 | Init Dist 10 = 4.591 | Init Dist 100 = 5.731 | Init Dist 1000 = 5.882 | Learner Steps = 3658 | Learner Walltime = 723.091 | Min Dist = 0.098 | Min Dist 10 = 0.094 | Min Dist 100 = 0.288 | Min Dist 1000 = 0.210 | Steps Per Second = 89.461 | Success = 1.000 | Success 1000 = 0.987
I0502 15:18:19.720317 139579566835264 terminal.py:91] [Evaluator] Actor Episodes = 4883 | Actor Steps = 244150 | Delta Dist = 11.924 | Delta Dist 10 = 7.587 | Delta Dist 100 = 9.094 | Delta Dist 1000 = 10.810 | Episode Length = 50 | Episode Return = 13.0 | Evaluator Episodes = 1223 | Evaluator Steps = 61150 | Final Dist = 0.883 | Final Dist 10 = 5.219 | Final Dist 100 = 3.712 | Final Dist 1000 = 1.996 | Init Dist = 12.806 | Init Dist 10 = 12.806 | Init Dist 100 = 12.806 | Init Dist 1000 = 12.806 | Learner Steps = 3658 | Learner Walltime = 723.091 | Min Dist = 0.072 | Min Dist 10 = 4.519 | Min Dist 100 = 2.875 | Min Dist 1000 = 1.260 | Steps Per Second = 86.839 | Success = 1.000 | Success 1000 = 0.837
I0502 15:18:19.830396 139555013154368 terminal.py:91] [Learner] Actor Episodes = 4879 | Actor Loss = 3.8065404891967773 | Actor Steps = 243950 | Binary Accuracy = 0.9959595203399658 | Categorical Accuracy = 0.39642333984375 | Critic Loss = 2.122049331665039 | Entropy Mean = -14.391916275024414 | Evaluator Episodes = 1221 | Evaluator Steps = 61050 | Learner Steps = 3663 | Learner Walltime = 724.028 | Logits Neg = -15.947208404541016 | Logits Pos = -2.079716682434082 | Logsumexp = 1.395906686782837 | Steps Per Second = 196.583
I0502 15:18:21.012186 139579566835264 terminal.py:91] [Evaluator] Actor Episodes = 4893 | Actor Steps = 244650 | Delta Dist = -0.019 | Delta Dist 10 = 6.440 | Delta Dist 100 = 8.879 | Delta Dist 1000 = 10.788 | Episode Length = 50 | Episode Return = 0.0 | Evaluator Episodes = 1226 | Evaluator Steps = 61300 | Final Dist = 12.825 | Final Dist 10 = 6.367 | Final Dist 100 = 3.927 | Final Dist 1000 = 2.018 | Init Dist = 12.806 | Init Dist 10 = 12.806 | Init Dist 100 = 12.806 | Init Dist 1000 = 12.806 | Learner Steps = 3669 | Learner Walltime = 725.166 | Min Dist = 10.455 | Min Dist 10 = 5.508 | Min Dist 100 = 3.077 | Min Dist 1000 = 1.280 | Steps Per Second = 126.516 | Success = 0.000 | Success 1000 = 0.836
I0502 15:18:21.319324 139558059398720 terminal.py:91] [Actor] Actor Episodes = 4892 | Actor Steps = 244600 | Delta Dist = 7.962 | Delta Dist 10 = 5.279 | Delta Dist 100 = 3.854 | Delta Dist 1000 = 4.252 | Episode Length = 50 | Episode Return = 35.0 | Evaluator Episodes = 1223 | Evaluator Steps = 61150 | Final Dist = 0.100 | Final Dist 10 = 1.959 | Final Dist 100 = 1.826 | Final Dist 1000 = 1.641 | Init Dist = 8.062 | Init Dist 10 = 7.238 | Init Dist 100 = 5.680 | Init Dist 1000 = 5.893 | Learner Steps = 3664 | Learner Walltime = 724.104 | Min Dist = 0.100 | Min Dist 10 = 0.096 | Min Dist 100 = 0.260 | Min Dist 1000 = 0.210 | Steps Per Second = 111.748 | Success = 1.000 | Success 1000 = 0.987
I0502 15:18:22.078621 139579566835264 terminal.py:91] [Evaluator] Actor Episodes = 4901 | Actor Steps = 245050 | Delta Dist = 11.702 | Delta Dist 10 = 7.384 | Delta Dist 100 = 8.746 | Delta Dist 1000 = 10.776 | Episode Length = 50 | Episode Return = 4.0 | Evaluator Episodes = 1228 | Evaluator Steps = 61400 | Final Dist = 1.104 | Final Dist 10 = 5.422 | Final Dist 100 = 4.060 | Final Dist 1000 = 2.031 | Init Dist = 12.806 | Init Dist 10 = 12.806 | Init Dist 100 = 12.806 | Init Dist 1000 = 12.806 | Learner Steps = 3676 | Learner Walltime = 726.254 | Min Dist = 0.722 | Min Dist 10 = 4.471 | Min Dist 100 = 3.180 | Min Dist 1000 = 1.290 | Steps Per Second = 84.293 | Success = 1.000 | Success 1000 = 0.835
I0502 15:18:23.239094 139579566835264 terminal.py:91] [Evaluator] Actor Episodes = 4909 | Actor Steps = 245450 | Delta Dist = 11.409 | Delta Dist 10 = 7.460 | Delta Dist 100 = 8.742 | Delta Dist 1000 = 10.775 | Episode Length = 50 | Episode Return = 5.0 | Evaluator Episodes = 1230 | Evaluator Steps = 61500 | Final Dist = 1.397 | Final Dist 10 = 5.346 | Final Dist 100 = 4.065 | Final Dist 1000 = 2.031 | Init Dist = 12.806 | Init Dist 10 = 12.806 | Init Dist 100 = 12.806 | Init Dist 1000 = 12.806 | Learner Steps = 3681 | Learner Walltime = 727.272 | Min Dist = 0.428 | Min Dist 10 = 4.354 | Min Dist 100 = 3.181 | Min Dist 1000 = 1.290 | Steps Per Second = 86.387 | Success = 1.000 | Success 1000 = 0.835
I0502 15:18:24.439284 139579566835264 terminal.py:91] [Evaluator] Actor Episodes = 4917 | Actor Steps = 245850 | Delta Dist = 8.609 | Delta Dist 10 = 7.695 | Delta Dist 100 = 8.731 | Delta Dist 1000 = 10.774 | Episode Length = 50 | Episode Return = 0.0 | Evaluator Episodes = 1232 | Evaluator Steps = 61600 | Final Dist = 4.198 | Final Dist 10 = 5.111 | Final Dist 100 = 4.075 | Final Dist 1000 = 2.032 | Init Dist = 12.806 | Init Dist 10 = 12.806 | Init Dist 100 = 12.806 | Init Dist 1000 = 12.806 | Learner Steps = 3686 | Learner Walltime = 728.278 | Min Dist = 4.198 | Min Dist 10 = 3.897 | Min Dist 100 = 3.178 | Min Dist 1000 = 1.290 | Steps Per Second = 89.762 | Success = 0.000 | Success 1000 = 0.835
I0502 15:18:24.602842 139583350109760 savers.py:156] Saving checkpoint: logs/contrastive_cpc_point_FourRooms_64/5dd72662-2788-11f0-b183-d85ed38c5779/checkpoints/learner
I0502 15:18:25.621969 139579566835264 terminal.py:91] [Evaluator] Actor Episodes = 4927 | Actor Steps = 246350 | Delta Dist = 11.478 | Delta Dist 10 = 7.894 | Delta Dist 100 = 8.699 | Delta Dist 1000 = 10.772 | Episode Length = 50 | Episode Return = 0.0 | Evaluator Episodes = 1234 | Evaluator Steps = 61700 | Final Dist = 1.328 | Final Dist 10 = 4.912 | Final Dist 100 = 4.107 | Final Dist 1000 = 2.034 | Init Dist = 12.806 | Init Dist 10 = 12.806 | Init Dist 100 = 12.806 | Init Dist 1000 = 12.806 | Learner Steps = 3691 | Learner Walltime = 729.394 | Min Dist = 1.197 | Min Dist 10 = 3.763 | Min Dist 100 = 3.219 | Min Dist 1000 = 1.294 | Steps Per Second = 85.271 | Success = 0.000 | Success 1000 = 0.834
I0502 15:18:25.960010 139584504182336 lp_utils.py:96] StepsLimiter: Reached 246350 recorded steps
I0502 15:18:26.881536 139579566835264 terminal.py:91] [Evaluator] Actor Episodes = 4935 | Actor Steps = 246750 | Delta Dist = 11.654 | Delta Dist 10 = 10.123 | Delta Dist 100 = 8.701 | Delta Dist 1000 = 10.771 | Episode Length = 50 | Episode Return = 17.0 | Evaluator Episodes = 1236 | Evaluator Steps = 61800 | Final Dist = 1.153 | Final Dist 10 = 2.683 | Final Dist 100 = 4.105 | Final Dist 1000 = 2.036 | Init Dist = 12.806 | Init Dist 10 = 12.806 | Init Dist 100 = 12.806 | Init Dist 1000 = 12.806 | Learner Steps = 3698 | Learner Walltime = 730.413 | Min Dist = 0.342 | Min Dist 10 = 1.799 | Min Dist 100 = 3.231 | Min Dist 1000 = 1.295 | Steps Per Second = 84.442 | Success = 1.000 | Success 1000 = 0.833
I0502 15:18:27.953579 139579566835264 terminal.py:91] [Evaluator] Actor Episodes = 4941 | Actor Steps = 247050 | Delta Dist = 4.788 | Delta Dist 10 = 11.376 | Delta Dist 100 = 8.883 | Delta Dist 1000 = 10.770 | Episode Length = 50 | Episode Return = 0.0 | Evaluator Episodes = 1238 | Evaluator Steps = 61900 | Final Dist = 8.019 | Final Dist 10 = 1.431 | Final Dist 100 = 3.923 | Final Dist 1000 = 2.036 | Init Dist = 12.806 | Init Dist 10 = 12.806 | Init Dist 100 = 12.806 | Init Dist 1000 = 12.806 | Learner Steps = 3704 | Learner Walltime = 731.606 | Min Dist = 7.611 | Min Dist 10 = 0.785 | Min Dist 100 = 3.065 | Min Dist 1000 = 1.296 | Steps Per Second = 104.006 | Success = 0.000 | Success 1000 = 0.833
I0502 15:18:28.411544 139557462840896 terminal.py:91] [Actor] Actor Episodes = 4942 | Actor Steps = 247100 | Delta Dist = 7.758 | Delta Dist 10 = 2.206 | Delta Dist 100 = 3.799 | Delta Dist 1000 = 4.245 | Episode Length = 50 | Episode Return = 35.0 | Evaluator Episodes = 1236 | Evaluator Steps = 61800 | Final Dist = 0.488 | Final Dist 10 = 3.098 | Final Dist 100 = 1.833 | Final Dist 1000 = 1.643 | Init Dist = 8.246 | Init Dist 10 = 5.304 | Init Dist 100 = 5.633 | Init Dist 1000 = 5.887 | Learner Steps = 3704 | Learner Walltime = 731.606 | Min Dist = 0.002 | Min Dist 10 = 0.129 | Min Dist 100 = 0.120 | Min Dist 1000 = 0.201 | Steps Per Second = 94.853 | Success = 1.000 | Success 1000 = 0.987
I0502 15:18:29.048919 139569349502528 terminal.py:91] [Actor] Actor Episodes = 4946 | Actor Steps = 247300 | Delta Dist = 9.400 | Delta Dist 10 = 4.942 | Delta Dist 100 = 3.917 | Delta Dist 1000 = 4.259 | Episode Length = 50 | Episode Return = 27.0 | Evaluator Episodes = 1238 | Evaluator Steps = 61900 | Final Dist = 0.650 | Final Dist 10 = 1.269 | Final Dist 100 = 1.855 | Final Dist 1000 = 1.641 | Init Dist = 10.050 | Init Dist 10 = 6.211 | Init Dist 100 = 5.772 | Init Dist 1000 = 5.900 | Learner Steps = 3704 | Learner Walltime = 731.606 | Min Dist = 0.650 | Min Dist 10 = 0.185 | Min Dist 100 = 0.118 | Min Dist 1000 = 0.201 | Steps Per Second = 84.878 | Success = 1.000 | Success 1000 = 0.987
I0502 15:18:29.120506 139579566835264 terminal.py:91] [Evaluator] Actor Episodes = 4949 | Actor Steps = 247450 | Delta Dist = 10.987 | Delta Dist 10 = 10.651 | Delta Dist 100 = 8.921 | Delta Dist 1000 = 10.762 | Episode Length = 50 | Episode Return = 9.0 | Evaluator Episodes = 1240 | Evaluator Steps = 62000 | Final Dist = 1.820 | Final Dist 10 = 2.155 | Final Dist 100 = 3.886 | Final Dist 1000 = 2.044 | Init Dist = 12.806 | Init Dist 10 = 12.806 | Init Dist 100 = 12.806 | Init Dist 1000 = 12.806 | Learner Steps = 3710 | Learner Walltime = 732.752 | Min Dist = 0.467 | Min Dist 10 = 1.520 | Min Dist 100 = 3.036 | Min Dist 1000 = 1.303 | Steps Per Second = 91.111 | Success = 1.000 | Success 1000 = 0.832
I0502 15:18:29.120823 139555860620864 terminal.py:91] [Actor] Actor Episodes = 4951 | Actor Steps = 247550 | Delta Dist = 6.663 | Delta Dist 10 = 4.687 | Delta Dist 100 = 3.925 | Delta Dist 1000 = 4.260 | Episode Length = 50 | Episode Return = 3.0 | Evaluator Episodes = 1240 | Evaluator Steps = 62000 | Final Dist = 1.148 | Final Dist 10 = 2.082 | Final Dist 100 = 1.938 | Final Dist 1000 = 1.649 | Init Dist = 7.810 | Init Dist 10 = 6.769 | Init Dist 100 = 5.863 | Init Dist 1000 = 5.909 | Learner Steps = 3710 | Learner Walltime = 732.752 | Min Dist = 0.667 | Min Dist 10 = 0.246 | Min Dist 100 = 0.124 | Min Dist 1000 = 0.202 | Steps Per Second = 91.993 | Success = 1.000 | Success 1000 = 0.987
I0502 15:18:30.261322 139555013154368 terminal.py:91] [Learner] Actor Episodes = 4953 | Actor Loss = 3.7679996490478516 | Actor Steps = 247650 | Binary Accuracy = 0.9959137439727783 | Categorical Accuracy = 0.38824462890625 | Critic Loss = 2.1304614543914795 | Entropy Mean = -16.185659408569336 | Evaluator Episodes = 1240 | Evaluator Steps = 62000 | Learner Steps = 3718 | Learner Walltime = 734.462 | Logits Neg = -15.857368469238281 | Logits Pos = -2.1170787811279297 | Logsumexp = 1.2426987886428833 | Steps Per Second = 145.480
I0502 15:18:30.323966 139579566835264 terminal.py:91] [Evaluator] Actor Episodes = 4957 | Actor Steps = 247850 | Delta Dist = 11.985 | Delta Dist 10 = 10.646 | Delta Dist 100 = 8.917 | Delta Dist 1000 = 10.760 | Episode Length = 50 | Episode Return = 10.0 | Evaluator Episodes = 1242 | Evaluator Steps = 62100 | Final Dist = 0.821 | Final Dist 10 = 2.160 | Final Dist 100 = 3.889 | Final Dist 1000 = 2.046 | Init Dist = 12.806 | Init Dist 10 = 12.806 | Init Dist 100 = 12.806 | Init Dist 1000 = 12.806 | Learner Steps = 3716 | Learner Walltime = 733.968 | Min Dist = 0.145 | Min Dist 10 = 1.542 | Min Dist 100 = 3.038 | Min Dist 1000 = 1.304 | Steps Per Second = 88.415 | Success = 1.000 | Success 1000 = 0.832
I0502 15:18:31.509007 139584635659840 savers.py:156] Saving checkpoint: logs/contrastive_cpc_point_FourRooms_64/5dd72662-2788-11f0-b183-d85ed38c5779/checkpoints/counter
I0502 15:18:31.532008 139579566835264 terminal.py:91] [Evaluator] Actor Episodes = 4965 | Actor Steps = 248250 | Delta Dist = 11.464 | Delta Dist 10 = 10.894 | Delta Dist 100 = 8.914 | Delta Dist 1000 = 10.758 | Episode Length = 50 | Episode Return = 11.0 | Evaluator Episodes = 1244 | Evaluator Steps = 62200 | Final Dist = 1.342 | Final Dist 10 = 1.913 | Final Dist 100 = 3.893 | Final Dist 1000 = 2.048 | Init Dist = 12.806 | Init Dist 10 = 12.806 | Init Dist 100 = 12.806 | Init Dist 1000 = 12.806 | Learner Steps = 3723 | Learner Walltime = 735.170 | Min Dist = 0.160 | Min Dist 10 = 1.243 | Min Dist 100 = 3.050 | Min Dist 1000 = 1.305 | Steps Per Second = 81.103 | Success = 1.000 | Success 1000 = 0.831
I0502 15:18:31.852478 139558059398720 terminal.py:91] [Actor] Actor Episodes = 4964 | Actor Steps = 248200 | Delta Dist = 8.511 | Delta Dist 10 = 5.018 | Delta Dist 100 = 3.929 | Delta Dist 1000 = 4.264 | Episode Length = 50 | Episode Return = 5.0 | Evaluator Episodes = 1242 | Evaluator Steps = 62100 | Final Dist = 2.119 | Final Dist 10 = 1.306 | Final Dist 100 = 1.969 | Final Dist 1000 = 1.648 | Init Dist = 10.630 | Init Dist 10 = 6.323 | Init Dist 100 = 5.897 | Init Dist 1000 = 5.913 | Learner Steps = 3723 | Learner Walltime = 735.170 | Min Dist = 0.122 | Min Dist 10 = 0.096 | Min Dist 100 = 0.115 | Min Dist 1000 = 0.202 | Steps Per Second = 82.725 | Success = 1.000 | Success 1000 = 0.987
I0502 15:18:32.773356 139579566835264 terminal.py:91] [Evaluator] Actor Episodes = 4973 | Actor Steps = 248650 | Delta Dist = 11.713 | Delta Dist 10 = 10.912 | Delta Dist 100 = 9.006 | Delta Dist 1000 = 10.758 | Episode Length = 50 | Episode Return = 16.0 | Evaluator Episodes = 1246 | Evaluator Steps = 62300 | Final Dist = 1.093 | Final Dist 10 = 1.894 | Final Dist 100 = 3.800 | Final Dist 1000 = 2.048 | Init Dist = 12.806 | Init Dist 10 = 12.806 | Init Dist 100 = 12.806 | Init Dist 1000 = 12.806 | Learner Steps = 3729 | Learner Walltime = 736.292 | Min Dist = 0.028 | Min Dist 10 = 1.126 | Min Dist 100 = 2.948 | Min Dist 1000 = 1.304 | Steps Per Second = 76.620 | Success = 1.000 | Success 1000 = 0.831
I0502 15:18:34.019089 139579566835264 terminal.py:91] [Evaluator] Actor Episodes = 4981 | Actor Steps = 249050 | Delta Dist = 12.424 | Delta Dist 10 = 10.912 | Delta Dist 100 = 8.998 | Delta Dist 1000 = 10.757 | Episode Length = 50 | Episode Return = 20.0 | Evaluator Episodes = 1248 | Evaluator Steps = 62400 | Final Dist = 0.382 | Final Dist 10 = 1.894 | Final Dist 100 = 3.808 | Final Dist 1000 = 2.049 | Init Dist = 12.806 | Init Dist 10 = 12.806 | Init Dist 100 = 12.806 | Init Dist 1000 = 12.806 | Learner Steps = 3734 | Learner Walltime = 737.298 | Min Dist = 0.014 | Min Dist 10 = 1.143 | Min Dist 100 = 2.956 | Min Dist 1000 = 1.305 | Steps Per Second = 83.012 | Success = 1.000 | Success 1000 = 0.831
I0502 15:18:35.135225 139579566835264 terminal.py:91] [Evaluator] Actor Episodes = 4989 | Actor Steps = 249450 | Delta Dist = 11.842 | Delta Dist 10 = 11.781 | Delta Dist 100 = 8.999 | Delta Dist 1000 = 10.757 | Episode Length = 50 | Episode Return = 26.0 | Evaluator Episodes = 1250 | Evaluator Steps = 62500 | Final Dist = 0.964 | Final Dist 10 = 1.025 | Final Dist 100 = 3.807 | Final Dist 1000 = 2.049 | Init Dist = 12.806 | Init Dist 10 = 12.806 | Init Dist 100 = 12.806 | Init Dist 1000 = 12.806 | Learner Steps = 3740 | Learner Walltime = 738.476 | Min Dist = 0.143 | Min Dist 10 = 0.338 | Min Dist 100 = 2.952 | Min Dist 1000 = 1.304 | Steps Per Second = 83.990 | Success = 1.000 | Success 1000 = 0.831
I0502 15:18:35.976395 139584504182336 lp_utils.py:96] StepsLimiter: Reached 249750 recorded steps
I0502 15:18:36.388419 139579566835264 terminal.py:91] [Evaluator] Actor Episodes = 4999 | Actor Steps = 249950 | Delta Dist = 11.755 | Delta Dist 10 = 11.795 | Delta Dist 100 = 9.059 | Delta Dist 1000 = 10.757 | Episode Length = 50 | Episode Return = 9.0 | Evaluator Episodes = 1252 | Evaluator Steps = 62600 | Final Dist = 1.051 | Final Dist 10 = 1.011 | Final Dist 100 = 3.747 | Final Dist 1000 = 2.049 | Init Dist = 12.806 | Init Dist 10 = 12.806 | Init Dist 100 = 12.806 | Init Dist 1000 = 12.806 | Learner Steps = 3747 | Learner Walltime = 739.592 | Min Dist = 0.106 | Min Dist 10 = 0.295 | Min Dist 100 = 2.881 | Min Dist 1000 = 1.304 | Steps Per Second = 79.879 | Success = 1.000 | Success 1000 = 0.831
I0502 15:18:37.580877 139579566835264 terminal.py:91] [Evaluator] Actor Episodes = 5005 | Actor Steps = 250250 | Delta Dist = 11.166 | Delta Dist 10 = 11.768 | Delta Dist 100 = 9.057 | Delta Dist 1000 = 10.764 | Episode Length = 50 | Episode Return = 7.0 | Evaluator Episodes = 1254 | Evaluator Steps = 62700 | Final Dist = 1.640 | Final Dist 10 = 1.039 | Final Dist 100 = 3.749 | Final Dist 1000 = 2.042 | Init Dist = 12.806 | Init Dist 10 = 12.806 | Init Dist 100 = 12.806 | Init Dist 1000 = 12.806 | Learner Steps = 3757 | Learner Walltime = 741.686 | Min Dist = 0.091 | Min Dist 10 = 0.181 | Min Dist 100 = 2.877 | Min Dist 1000 = 1.297 | Steps Per Second = 81.446 | Success = 1.000 | Success 1000 = 0.832
I0502 15:18:38.735806 139579566835264 terminal.py:91] [Evaluator] Actor Episodes = 5013 | Actor Steps = 250650 | Delta Dist = 11.755 | Delta Dist 10 = 11.768 | Delta Dist 100 = 9.049 | Delta Dist 1000 = 10.764 | Episode Length = 50 | Episode Return = 15.0 | Evaluator Episodes = 1256 | Evaluator Steps = 62800 | Final Dist = 1.051 | Final Dist 10 = 1.038 | Final Dist 100 = 3.757 | Final Dist 1000 = 2.042 | Init Dist = 12.806 | Init Dist 10 = 12.806 | Init Dist 100 = 12.806 | Init Dist 1000 = 12.806 | Learner Steps = 3763 | Learner Walltime = 742.709 | Min Dist = 0.341 | Min Dist 10 = 0.194 | Min Dist 100 = 2.879 | Min Dist 1000 = 1.297 | Steps Per Second = 89.509 | Success = 1.000 | Success 1000 = 0.832
I0502 15:18:39.015194 139557462840896 terminal.py:91] [Actor] Actor Episodes = 5012 | Actor Steps = 250600 | Delta Dist = 4.769 | Delta Dist 10 = 4.528 | Delta Dist 100 = 4.459 | Delta Dist 1000 = 4.278 | Episode Length = 50 | Episode Return = 29.0 | Evaluator Episodes = 1254 | Evaluator Steps = 62700 | Final Dist = 0.231 | Final Dist 10 = 0.773 | Final Dist 100 = 1.779 | Final Dist 1000 = 1.637 | Init Dist = 5.000 | Init Dist 10 = 5.301 | Init Dist 100 = 6.237 | Init Dist 1000 = 5.915 | Learner Steps = 3757 | Learner Walltime = 741.686 | Min Dist = 0.168 | Min Dist 10 = 0.146 | Min Dist 100 = 0.116 | Min Dist 1000 = 0.202 | Steps Per Second = 81.313 | Success = 1.000 | Success 1000 = 0.987
I0502 15:18:39.352187 139569349502528 terminal.py:91] [Actor] Actor Episodes = 5018 | Actor Steps = 250900 | Delta Dist = 4.841 | Delta Dist 10 = 4.379 | Delta Dist 100 = 4.410 | Delta Dist 1000 = 4.277 | Episode Length = 50 | Episode Return = 19.0 | Evaluator Episodes = 1256 | Evaluator Steps = 62800 | Final Dist = 0.159 | Final Dist 10 = 0.856 | Final Dist 100 = 1.788 | Final Dist 1000 = 1.639 | Init Dist = 5.000 | Init Dist 10 = 5.236 | Init Dist 100 = 6.198 | Init Dist 1000 = 5.916 | Learner Steps = 3763 | Learner Walltime = 742.709 | Min Dist = 0.050 | Min Dist 10 = 0.161 | Min Dist 100 = 0.116 | Min Dist 1000 = 0.202 | Steps Per Second = 86.294 | Success = 1.000 | Success 1000 = 0.987
I0502 15:18:39.410876 139555860620864 terminal.py:91] [Actor] Actor Episodes = 5014 | Actor Steps = 250700 | Delta Dist = 5.766 | Delta Dist 10 = 4.670 | Delta Dist 100 = 4.404 | Delta Dist 1000 = 4.281 | Episode Length = 50 | Episode Return = 29.0 | Evaluator Episodes = 1254 | Evaluator Steps = 62700 | Final Dist = 0.234 | Final Dist 10 = 0.842 | Final Dist 100 = 1.790 | Final Dist 1000 = 1.636 | Init Dist = 6.000 | Init Dist 10 = 5.512 | Init Dist 100 = 6.194 | Init Dist 1000 = 5.917 | Learner Steps = 3763 | Learner Walltime = 742.709 | Min Dist = 0.071 | Min Dist 10 = 0.161 | Min Dist 100 = 0.115 | Min Dist 1000 = 0.202 | Steps Per Second = 73.940 | Success = 1.000 | Success 1000 = 0.987
I0502 15:18:40.005169 139579566835264 terminal.py:91] [Evaluator] Actor Episodes = 5020 | Actor Steps = 251000 | Delta Dist = 6.522 | Delta Dist 10 = 11.816 | Delta Dist 100 = 9.045 | Delta Dist 1000 = 10.766 | Episode Length = 50 | Episode Return = 0.0 | Evaluator Episodes = 1258 | Evaluator Steps = 62900 | Final Dist = 6.285 | Final Dist 10 = 0.991 | Final Dist 100 = 3.762 | Final Dist 1000 = 2.041 | Init Dist = 12.806 | Init Dist 10 = 12.806 | Init Dist 100 = 12.806 | Init Dist 1000 = 12.806 | Learner Steps = 3768 | Learner Walltime = 743.799 | Min Dist = 6.285 | Min Dist 10 = 0.174 | Min Dist 100 = 2.883 | Min Dist 1000 = 1.296 | Steps Per Second = 82.955 | Success = 0.000 | Success 1000 = 0.832
I0502 15:18:40.395029 139555013154368 terminal.py:91] [Learner] Actor Episodes = 5018 | Actor Loss = 3.903132915496826 | Actor Steps = 250900 | Binary Accuracy = 0.9958839416503906 | Categorical Accuracy = 0.38726806640625 | Critic Loss = 2.1916770935058594 | Entropy Mean = -17.446062088012695 | Evaluator Episodes = 1256 | Evaluator Steps = 62800 | Learner Steps = 3772 | Learner Walltime = 744.591 | Logits Neg = -15.566904067993164 | Logits Pos = -2.1854066848754883 | Logsumexp = 1.4605588912963867 | Steps Per Second = 310.754
I0502 15:18:41.080435 139579566835264 terminal.py:91] [Evaluator] Actor Episodes = 5028 | Actor Steps = 251400 | Delta Dist = 1.382 | Delta Dist 10 = 10.025 | Delta Dist 100 = 9.052 | Delta Dist 1000 = 10.748 | Episode Length = 50 | Episode Return = 0.0 | Evaluator Episodes = 1260 | Evaluator Steps = 63000 | Final Dist = 11.424 | Final Dist 10 = 2.781 | Final Dist 100 = 3.754 | Final Dist 1000 = 2.059 | Init Dist = 12.806 | Init Dist 10 = 12.806 | Init Dist 100 = 12.806 | Init Dist 1000 = 12.806 | Learner Steps = 3774 | Learner Walltime = 744.883 | Min Dist = 10.565 | Min Dist 10 = 1.838 | Min Dist 100 = 2.878 | Min Dist 1000 = 1.313 | Steps Per Second = 87.935 | Success = 0.000 | Success 1000 = 0.830
I0502 15:18:41.892086 139558059398720 terminal.py:91] [Actor] Actor Episodes = 5033 | Actor Steps = 251650 | Delta Dist = 6.254 | Delta Dist 10 = 2.231 | Delta Dist 100 = 4.318 | Delta Dist 1000 = 4.259 | Episode Length = 50 | Episode Return = 27.0 | Evaluator Episodes = 1260 | Evaluator Steps = 63000 | Final Dist = 0.957 | Final Dist 10 = 4.395 | Final Dist 100 = 1.822 | Final Dist 1000 = 1.661 | Init Dist = 7.211 | Init Dist 10 = 6.626 | Init Dist 100 = 6.140 | Init Dist 1000 = 5.920 | Learner Steps = 3774 | Learner Walltime = 744.883 | Min Dist = 0.252 | Min Dist 10 = 1.909 | Min Dist 100 = 0.288 | Min Dist 1000 = 0.219 | Steps Per Second = 86.267 | Success = 1.000 | Success 1000 = 0.987
I0502 15:18:42.343368 139579566835264 terminal.py:91] [Evaluator] Actor Episodes = 5038 | Actor Steps = 251900 | Delta Dist = 11.466 | Delta Dist 10 = 9.072 | Delta Dist 100 = 9.053 | Delta Dist 1000 = 10.738 | Episode Length = 50 | Episode Return = 14.0 | Evaluator Episodes = 1262 | Evaluator Steps = 63100 | Final Dist = 1.340 | Final Dist 10 = 3.734 | Final Dist 100 = 3.753 | Final Dist 1000 = 2.068 | Init Dist = 12.806 | Init Dist 10 = 12.806 | Init Dist 100 = 12.806 | Init Dist 1000 = 12.806 | Learner Steps = 3780 | Learner Walltime = 746.095 | Min Dist = 0.191 | Min Dist 10 = 2.950 | Min Dist 100 = 2.892 | Min Dist 1000 = 1.323 | Steps Per Second = 75.021 | Success = 1.000 | Success 1000 = 0.829
I0502 15:18:43.504540 139579566835264 terminal.py:91] [Evaluator] Actor Episodes = 5044 | Actor Steps = 252200 | Delta Dist = 11.303 | Delta Dist 10 = 8.974 | Delta Dist 100 = 9.221 | Delta Dist 1000 = 10.736 | Episode Length = 50 | Episode Return = 14.0 | Evaluator Episodes = 1264 | Evaluator Steps = 63200 | Final Dist = 1.503 | Final Dist 10 = 3.832 | Final Dist 100 = 3.586 | Final Dist 1000 = 2.070 | Init Dist = 12.806 | Init Dist 10 = 12.806 | Init Dist 100 = 12.806 | Init Dist 1000 = 12.806 | Learner Steps = 3785 | Learner Walltime = 747.141 | Min Dist = 0.060 | Min Dist 10 = 3.085 | Min Dist 100 = 2.718 | Min Dist 1000 = 1.323 | Steps Per Second = 93.747 | Success = 1.000 | Success 1000 = 0.828
I0502 15:18:44.715855 139579566835264 terminal.py:91] [Evaluator] Actor Episodes = 5052 | Actor Steps = 252600 | Delta Dist = 12.218 | Delta Dist 10 = 7.973 | Delta Dist 100 = 9.224 | Delta Dist 1000 = 10.726 | Episode Length = 50 | Episode Return = 9.0 | Evaluator Episodes = 1266 | Evaluator Steps = 63300 | Final Dist = 0.588 | Final Dist 10 = 4.833 | Final Dist 100 = 3.582 | Final Dist 1000 = 2.080 | Init Dist = 12.806 | Init Dist 10 = 12.806 | Init Dist 100 = 12.806 | Init Dist 1000 = 12.806 | Learner Steps = 3791 | Learner Walltime = 748.268 | Min Dist = 0.539 | Min Dist 10 = 4.083 | Min Dist 100 = 2.720 | Min Dist 1000 = 1.333 | Steps Per Second = 85.376 | Success = 1.000 | Success 1000 = 0.827
I0502 15:18:45.993701 139584504182336 lp_utils.py:96] StepsLimiter: Reached 253100 recorded steps
I0502 15:18:46.294489 139579566835264 terminal.py:91] [Evaluator] Actor Episodes = 5064 | Actor Steps = 253200 | Delta Dist = 2.210 | Delta Dist 10 = 6.298 | Delta Dist 100 = 9.121 | Delta Dist 1000 = 10.705 | Episode Length = 50 | Episode Return = 0.0 | Evaluator Episodes = 1269 | Evaluator Steps = 63450 | Final Dist = 10.596 | Final Dist 10 = 6.509 | Final Dist 100 = 3.685 | Final Dist 1000 = 2.101 | Init Dist = 12.806 | Init Dist 10 = 12.806 | Init Dist 100 = 12.806 | Init Dist 1000 = 12.806 | Learner Steps = 3797 | Learner Walltime = 749.441 | Min Dist = 10.577 | Min Dist 10 = 5.566 | Min Dist 100 = 2.829 | Min Dist 1000 = 1.354 | Steps Per Second = 82.442 | Success = 0.000 | Success 1000 = 0.825
I0502 15:18:47.370228 139579566835264 terminal.py:91] [Evaluator] Actor Episodes = 5072 | Actor Steps = 253600 | Delta Dist = 11.482 | Delta Dist 10 = 7.625 | Delta Dist 100 = 9.037 | Delta Dist 1000 = 10.696 | Episode Length = 50 | Episode Return = 3.0 | Evaluator Episodes = 1271 | Evaluator Steps = 63550 | Final Dist = 1.325 | Final Dist 10 = 5.181 | Final Dist 100 = 3.769 | Final Dist 1000 = 2.110 | Init Dist = 12.806 | Init Dist 10 = 12.806 | Init Dist 100 = 12.806 | Init Dist 1000 = 12.806 | Learner Steps = 3804 | Learner Walltime = 750.642 | Min Dist = 0.613 | Min Dist 10 = 4.544 | Min Dist 100 = 2.930 | Min Dist 1000 = 1.364 | Steps Per Second = 98.537 | Success = 1.000 | Success 1000 = 0.824
I0502 15:18:48.538133 139579566835264 terminal.py:91] [Evaluator] Actor Episodes = 5080 | Actor Steps = 254000 | Delta Dist = 11.220 | Delta Dist 10 = 6.667 | Delta Dist 100 = 8.943 | Delta Dist 1000 = 10.688 | Episode Length = 50 | Episode Return = 16.0 | Evaluator Episodes = 1273 | Evaluator Steps = 63650 | Final Dist = 1.586 | Final Dist 10 = 6.139 | Final Dist 100 = 3.864 | Final Dist 1000 = 2.119 | Init Dist = 12.806 | Init Dist 10 = 12.806 | Init Dist 100 = 12.806 | Init Dist 1000 = 12.806 | Learner Steps = 3811 | Learner Walltime = 751.995 | Min Dist = 0.129 | Min Dist 10 = 5.545 | Min Dist 100 = 3.038 | Min Dist 1000 = 1.374 | Steps Per Second = 87.959 | Success = 1.000 | Success 1000 = 0.823
I0502 15:18:49.311948 139557462840896 terminal.py:91] [Actor] Actor Episodes = 5085 | Actor Steps = 254250 | Delta Dist = 3.076 | Delta Dist 10 = 4.679 | Delta Dist 100 = 4.409 | Delta Dist 1000 = 4.258 | Episode Length = 50 | Episode Return = 0.0 | Evaluator Episodes = 1273 | Evaluator Steps = 63650 | Final Dist = 6.772 | Final Dist 10 = 1.761 | Final Dist 100 = 1.859 | Final Dist 1000 = 1.694 | Init Dist = 9.849 | Init Dist 10 = 6.440 | Init Dist 100 = 6.268 | Init Dist 1000 = 5.952 | Learner Steps = 3817 | Learner Walltime = 753.005 | Min Dist = 0.847 | Min Dist 10 = 0.193 | Min Dist 100 = 0.366 | Min Dist 1000 = 0.224 | Steps Per Second = 74.401 | Success = 1.000 | Success 1000 = 0.986
I0502 15:18:49.711602 139579566835264 terminal.py:91] [Evaluator] Actor Episodes = 5089 | Actor Steps = 254450 | Delta Dist = 1.629 | Delta Dist 10 = 6.277 | Delta Dist 100 = 8.890 | Delta Dist 1000 = 10.682 | Episode Length = 50 | Episode Return = 0.0 | Evaluator Episodes = 1275 | Evaluator Steps = 63750 | Final Dist = 11.178 | Final Dist 10 = 6.529 | Final Dist 100 = 3.917 | Final Dist 1000 = 2.125 | Init Dist = 12.806 | Init Dist 10 = 12.806 | Init Dist 100 = 12.806 | Init Dist 1000 = 12.806 | Learner Steps = 3817 | Learner Walltime = 753.005 | Min Dist = 10.506 | Min Dist 10 = 5.990 | Min Dist 100 = 3.092 | Min Dist 1000 = 1.379 | Steps Per Second = 88.070 | Success = 0.000 | Success 1000 = 0.822
I0502 15:18:49.843115 139569349502528 terminal.py:91] [Actor] Actor Episodes = 5084 | Actor Steps = 254200 | Delta Dist = 3.883 | Delta Dist 10 = 5.697 | Delta Dist 100 = 4.419 | Delta Dist 1000 = 4.268 | Episode Length = 50 | Episode Return = 27.0 | Evaluator Episodes = 1273 | Evaluator Steps = 63650 | Final Dist = 0.360 | Final Dist 10 = 1.780 | Final Dist 100 = 1.859 | Final Dist 1000 = 1.692 | Init Dist = 4.243 | Init Dist 10 = 7.477 | Init Dist 100 = 6.277 | Init Dist 1000 = 5.959 | Learner Steps = 3817 | Learner Walltime = 753.005 | Min Dist = 0.044 | Min Dist 10 = 0.235 | Min Dist 100 = 0.371 | Min Dist 1000 = 0.225 | Steps Per Second = 91.852 | Success = 1.000 | Success 1000 = 0.986
I0502 15:18:49.918825 139555860620864 terminal.py:91] [Actor] Actor Episodes = 5088 | Actor Steps = 254400 | Delta Dist = 6.074 | Delta Dist 10 = 5.252 | Delta Dist 100 = 4.406 | Delta Dist 1000 = 4.264 | Episode Length = 50 | Episode Return = 8.0 | Evaluator Episodes = 1273 | Evaluator Steps = 63650 | Final Dist = 1.541 | Final Dist 10 = 1.551 | Final Dist 100 = 1.875 | Final Dist 1000 = 1.693 | Init Dist = 7.616 | Init Dist 10 = 6.802 | Init Dist 100 = 6.281 | Init Dist 1000 = 5.957 | Learner Steps = 3817 | Learner Walltime = 753.005 | Min Dist = 0.108 | Min Dist 10 = 0.243 | Min Dist 100 = 0.372 | Min Dist 1000 = 0.225 | Steps Per Second = 94.677 | Success = 1.000 | Success 1000 = 0.986
I0502 15:18:50.430302 139555013154368 terminal.py:91] [Learner] Actor Episodes = 5089 | Actor Loss = 3.7613353729248047 | Actor Steps = 254450 | Binary Accuracy = 0.9959657192230225 | Categorical Accuracy = 0.393310546875 | Critic Loss = 2.066944122314453 | Entropy Mean = -18.44715118408203 | Evaluator Episodes = 1275 | Evaluator Steps = 63750 | Learner Steps = 3825 | Learner Walltime = 754.629 | Logits Neg = -16.136211395263672 | Logits Pos = -2.0580248832702637 | Logsumexp = 1.3316835165023804 | Steps Per Second = 174.822
I0502 15:18:50.803705 139579566835264 terminal.py:91] [Evaluator] Actor Episodes = 5095 | Actor Steps = 254750 | Delta Dist = 1.556 | Delta Dist 10 = 5.181 | Delta Dist 100 = 8.686 | Delta Dist 1000 = 10.667 | Episode Length = 50 | Episode Return = 0.0 | Evaluator Episodes = 1277 | Evaluator Steps = 63850 | Final Dist = 11.250 | Final Dist 10 = 7.625 | Final Dist 100 = 4.120 | Final Dist 1000 = 2.139 | Init Dist = 12.806 | Init Dist 10 = 12.806 | Init Dist 100 = 12.806 | Init Dist 1000 = 12.806 | Learner Steps = 3822 | Learner Walltime = 754.140 | Min Dist = 10.603 | Min Dist 10 = 6.997 | Min Dist 100 = 3.297 | Min Dist 1000 = 1.394 | Steps Per Second = 96.063 | Success = 0.000 | Success 1000 = 0.821
I0502 15:18:51.933347 139579566835264 terminal.py:91] [Evaluator] Actor Episodes = 5103 | Actor Steps = 255150 | Delta Dist = 11.469 | Delta Dist 10 = 6.314 | Delta Dist 100 = 8.580 | Delta Dist 1000 = 10.665 | Episode Length = 50 | Episode Return = 11.0 | Evaluator Episodes = 1279 | Evaluator Steps = 63950 | Final Dist = 1.337 | Final Dist 10 = 6.492 | Final Dist 100 = 4.227 | Final Dist 1000 = 2.141 | Init Dist = 12.806 | Init Dist 10 = 12.806 | Init Dist 100 = 12.806 | Init Dist 1000 = 12.806 | Learner Steps = 3829 | Learner Walltime = 755.354 | Min Dist = 0.041 | Min Dist 10 = 6.029 | Min Dist 100 = 3.411 | Min Dist 1000 = 1.398 | Steps Per Second = 89.644 | Success = 1.000 | Success 1000 = 0.821
I0502 15:18:52.398027 139558059398720 terminal.py:91] [Actor] Actor Episodes = 5104 | Actor Steps = 255200 | Delta Dist = 4.115 | Delta Dist 10 = 3.751 | Delta Dist 100 = 4.307 | Delta Dist 1000 = 4.262 | Episode Length = 50 | Episode Return = 7.0 | Evaluator Episodes = 1277 | Evaluator Steps = 63850 | Final Dist = 0.008 | Final Dist 10 = 1.955 | Final Dist 100 = 1.891 | Final Dist 1000 = 1.720 | Init Dist = 4.123 | Init Dist 10 = 5.706 | Init Dist 100 = 6.198 | Init Dist 1000 = 5.983 | Learner Steps = 3829 | Learner Walltime = 755.354 | Min Dist = 0.008 | Min Dist 10 = 0.070 | Min Dist 100 = 0.366 | Min Dist 1000 = 0.225 | Steps Per Second = 89.923 | Success = 1.000 | Success 1000 = 0.986
I0502 15:18:53.114490 139579566835264 terminal.py:91] [Evaluator] Actor Episodes = 5112 | Actor Steps = 255600 | Delta Dist = 0.903 | Delta Dist 10 = 6.227 | Delta Dist 100 = 8.595 | Delta Dist 1000 = 10.654 | Episode Length = 50 | Episode Return = 0.0 | Evaluator Episodes = 1281 | Evaluator Steps = 64050 | Final Dist = 11.903 | Final Dist 10 = 6.579 | Final Dist 100 = 4.211 | Final Dist 1000 = 2.152 | Init Dist = 12.806 | Init Dist 10 = 12.806 | Init Dist 100 = 12.806 | Init Dist 1000 = 12.806 | Learner Steps = 3835 | Learner Walltime = 756.363 | Min Dist = 10.562 | Min Dist 10 = 6.004 | Min Dist 100 = 3.411 | Min Dist 1000 = 1.407 | Steps Per Second = 84.326 | Success = 0.000 | Success 1000 = 0.820
I0502 15:18:54.278769 139579566835264 terminal.py:91] [Evaluator] Actor Episodes = 5120 | Actor Steps = 256000 | Delta Dist = 11.460 | Delta Dist 10 = 6.107 | Delta Dist 100 = 8.623 | Delta Dist 1000 = 10.644 | Episode Length = 50 | Episode Return = 18.0 | Evaluator Episodes = 1283 | Evaluator Steps = 64150 | Final Dist = 1.346 | Final Dist 10 = 6.699 | Final Dist 100 = 4.183 | Final Dist 1000 = 2.162 | Init Dist = 12.806 | Init Dist 10 = 12.806 | Init Dist 100 = 12.806 | Init Dist 1000 = 12.806 | Learner Steps = 3841 | Learner Walltime = 757.486 | Min Dist = 0.273 | Min Dist 10 = 5.969 | Min Dist 100 = 3.370 | Min Dist 1000 = 1.417 | Steps Per Second = 85.368 | Success = 1.000 | Success 1000 = 0.819
I0502 15:18:55.443489 139579566835264 terminal.py:91] [Evaluator] Actor Episodes = 5128 | Actor Steps = 256400 | Delta Dist = 2.380 | Delta Dist 10 = 6.589 | Delta Dist 100 = 8.634 | Delta Dist 1000 = 10.643 | Episode Length = 50 | Episode Return = 0.0 | Evaluator Episodes = 1285 | Evaluator Steps = 64250 | Final Dist = 10.427 | Final Dist 10 = 6.218 | Final Dist 100 = 4.172 | Final Dist 1000 = 2.163 | Init Dist = 12.806 | Init Dist 10 = 12.806 | Init Dist 100 = 12.806 | Init Dist 1000 = 12.806 | Learner Steps = 3847 | Learner Walltime = 758.650 | Min Dist = 10.418 | Min Dist 10 = 5.435 | Min Dist 100 = 3.353 | Min Dist 1000 = 1.417 | Steps Per Second = 85.820 | Success = 0.000 | Success 1000 = 0.819
I0502 15:18:56.017757 139584504182336 lp_utils.py:96] StepsLimiter: Reached 256500 recorded steps
I0502 15:18:56.580275 139579566835264 terminal.py:91] [Evaluator] Actor Episodes = 5136 | Actor Steps = 256800 | Delta Dist = 11.372 | Delta Dist 10 = 7.584 | Delta Dist 100 = 8.530 | Delta Dist 1000 = 10.642 | Episode Length = 50 | Episode Return = 15.0 | Evaluator Episodes = 1287 | Evaluator Steps = 64350 | Final Dist = 1.434 | Final Dist 10 = 5.223 | Final Dist 100 = 4.277 | Final Dist 1000 = 2.165 | Init Dist = 12.806 | Init Dist 10 = 12.806 | Init Dist 100 = 12.806 | Init Dist 1000 = 12.806 | Learner Steps = 3854 | Learner Walltime = 759.988 | Min Dist = 0.166 | Min Dist 10 = 4.553 | Min Dist 100 = 3.468 | Min Dist 1000 = 1.422 | Steps Per Second = 93.668 | Success = 1.000 | Success 1000 = 0.818
I0502 15:18:57.676294 139579566835264 terminal.py:91] [Evaluator] Actor Episodes = 5140 | Actor Steps = 257000 | Delta Dist = 2.055 | Delta Dist 10 = 8.665 | Delta Dist 100 = 8.652 | Delta Dist 1000 = 10.641 | Episode Length = 50 | Episode Return = 0.0 | Evaluator Episodes = 1289 | Evaluator Steps = 64450 | Final Dist = 10.751 | Final Dist 10 = 4.142 | Final Dist 100 = 4.154 | Final Dist 1000 = 2.165 | Init Dist = 12.806 | Init Dist 10 = 12.806 | Init Dist 100 = 12.806 | Init Dist 1000 = 12.806 | Learner Steps = 3860 | Learner Walltime = 761.107 | Min Dist = 10.481 | Min Dist 10 = 3.439 | Min Dist 100 = 3.366 | Min Dist 1000 = 1.421 | Steps Per Second = 100.403 | Success = 0.000 | Success 1000 = 0.818
I0502 15:18:58.772294 139579566835264 terminal.py:91] [Evaluator] Actor Episodes = 5149 | Actor Steps = 257450 | Delta Dist = 11.848 | Delta Dist 10 = 8.602 | Delta Dist 100 = 8.669 | Delta Dist 1000 = 10.629 | Episode Length = 50 | Episode Return = 4.0 | Evaluator Episodes = 1291 | Evaluator Steps = 64550 | Final Dist = 0.958 | Final Dist 10 = 4.204 | Final Dist 100 = 4.138 | Final Dist 1000 = 2.177 | Init Dist = 12.806 | Init Dist 10 = 12.806 | Init Dist 100 = 12.806 | Init Dist 1000 = 12.806 | Learner Steps = 3867 | Learner Walltime = 762.146 | Min Dist = 0.631 | Min Dist 10 = 3.441 | Min Dist 100 = 3.366 | Min Dist 1000 = 1.431 | Steps Per Second = 85.460 | Success = 1.000 | Success 1000 = 0.817
I0502 15:18:59.493939 139557462840896 terminal.py:91] [Actor] Actor Episodes = 5155 | Actor Steps = 257750 | Delta Dist = 5.555 | Delta Dist 10 = 4.480 | Delta Dist 100 = 4.340 | Delta Dist 1000 = 4.271 | Episode Length = 50 | Episode Return = 37.0 | Evaluator Episodes = 1291 | Evaluator Steps = 64550 | Final Dist = 0.276 | Final Dist 10 = 1.123 | Final Dist 100 = 1.734 | Final Dist 1000 = 1.718 | Init Dist = 5.831 | Init Dist 10 = 5.603 | Init Dist 100 = 6.074 | Init Dist 1000 = 5.989 | Learner Steps = 3872 | Learner Walltime = 763.280 | Min Dist = 0.061 | Min Dist 10 = 0.673 | Min Dist 100 = 0.252 | Min Dist 1000 = 0.221 | Steps Per Second = 94.052 | Success = 1.000 | Success 1000 = 0.986
I0502 15:19:00.017105 139579566835264 terminal.py:91] [Evaluator] Actor Episodes = 5157 | Actor Steps = 257850 | Delta Dist = 2.154 | Delta Dist 10 = 9.661 | Delta Dist 100 = 8.764 | Delta Dist 1000 = 10.632 | Episode Length = 50 | Episode Return = 0.0 | Evaluator Episodes = 1293 | Evaluator Steps = 64650 | Final Dist = 10.653 | Final Dist 10 = 3.145 | Final Dist 100 = 4.043 | Final Dist 1000 = 2.174 | Init Dist = 12.806 | Init Dist 10 = 12.806 | Init Dist 100 = 12.806 | Init Dist 1000 = 12.806 | Learner Steps = 3872 | Learner Walltime = 763.280 | Min Dist = 10.482 | Min Dist 10 = 2.474 | Min Dist 100 = 3.266 | Min Dist 1000 = 1.428 | Steps Per Second = 82.941 | Success = 0.000 | Success 1000 = 0.818
I0502 15:19:00.021738 139569349502528 terminal.py:91] [Actor] Actor Episodes = 5159 | Actor Steps = 257950 | Delta Dist = 1.146 | Delta Dist 10 = 4.826 | Delta Dist 100 = 4.424 | Delta Dist 1000 = 4.274 | Episode Length = 50 | Episode Return = 43.0 | Evaluator Episodes = 1293 | Evaluator Steps = 64650 | Final Dist = 1.090 | Final Dist 10 = 1.080 | Final Dist 100 = 1.687 | Final Dist 1000 = 1.717 | Init Dist = 2.236 | Init Dist 10 = 5.905 | Init Dist 100 = 6.112 | Init Dist 1000 = 5.991 | Learner Steps = 3872 | Learner Walltime = 763.280 | Min Dist = 0.021 | Min Dist 10 = 0.673 | Min Dist 100 = 0.252 | Min Dist 1000 = 0.221 | Steps Per Second = 83.596 | Success = 1.000 | Success 1000 = 0.986
I0502 15:19:00.407749 139555860620864 terminal.py:91] [Actor] Actor Episodes = 5158 | Actor Steps = 257900 | Delta Dist = 2.218 | Delta Dist 10 = 4.812 | Delta Dist 100 = 4.338 | Delta Dist 1000 = 4.280 | Episode Length = 50 | Episode Return = 47.0 | Evaluator Episodes = 1291 | Evaluator Steps = 64550 | Final Dist = 0.018 | Final Dist 10 = 0.977 | Final Dist 100 = 1.626 | Final Dist 1000 = 1.711 | Init Dist = 2.236 | Init Dist 10 = 5.788 | Init Dist 100 = 5.965 | Init Dist 1000 = 5.991 | Learner Steps = 3872 | Learner Walltime = 763.280 | Min Dist = 0.018 | Min Dist 10 = 0.684 | Min Dist 100 = 0.254 | Min Dist 1000 = 0.221 | Steps Per Second = 82.554 | Success = 1.000 | Success 1000 = 0.986
I0502 15:19:00.761791 139555013154368 terminal.py:91] [Learner] Actor Episodes = 5161 | Actor Loss = 3.8601624965667725 | Actor Steps = 258050 | Binary Accuracy = 0.995896577835083 | Categorical Accuracy = 0.38226318359375 | Critic Loss = 2.1077628135681152 | Entropy Mean = -16.062171936035156 | Evaluator Episodes = 1293 | Evaluator Steps = 64650 | Learner Steps = 3880 | Learner Walltime = 764.957 | Logits Neg = -15.93745231628418 | Logits Pos = -2.087334156036377 | Logsumexp = 1.1679350137710571 | Steps Per Second = 123.064
I0502 15:19:01.198812 139579566835264 terminal.py:91] [Evaluator] Actor Episodes = 5167 | Actor Steps = 258350 | Delta Dist = 11.637 | Delta Dist 10 = 8.840 | Delta Dist 100 = 8.683 | Delta Dist 1000 = 10.623 | Episode Length = 50 | Episode Return = 15.0 | Evaluator Episodes = 1295 | Evaluator Steps = 64750 | Final Dist = 1.169 | Final Dist 10 = 3.966 | Final Dist 100 = 4.123 | Final Dist 1000 = 2.183 | Init Dist = 12.806 | Init Dist 10 = 12.806 | Init Dist 100 = 12.806 | Init Dist 1000 = 12.806 | Learner Steps = 3879 | Learner Walltime = 764.436 | Min Dist = 0.071 | Min Dist 10 = 3.474 | Min Dist 100 = 3.368 | Min Dist 1000 = 1.438 | Steps Per Second = 82.774 | Success = 1.000 | Success 1000 = 0.817
I0502 15:19:02.422193 139558059398720 terminal.py:91] [Actor] Actor Episodes = 5175 | Actor Steps = 258750 | Delta Dist = 1.546 | Delta Dist 10 = 4.837 | Delta Dist 100 = 4.320 | Delta Dist 1000 = 4.265 | Episode Length = 50 | Episode Return = 41.0 | Evaluator Episodes = 1295 | Evaluator Steps = 64750 | Final Dist = 0.690 | Final Dist 10 = 2.155 | Final Dist 100 = 1.597 | Final Dist 1000 = 1.725 | Init Dist = 2.236 | Init Dist 10 = 6.992 | Init Dist 100 = 5.916 | Init Dist 1000 = 5.991 | Learner Steps = 3884 | Learner Walltime = 765.491 | Min Dist = 0.040 | Min Dist 10 = 0.658 | Min Dist 100 = 0.312 | Min Dist 1000 = 0.227 | Steps Per Second = 104.288 | Success = 1.000 | Success 1000 = 0.986
I0502 15:19:02.467922 139579566835264 terminal.py:91] [Evaluator] Actor Episodes = 5175 | Actor Steps = 258750 | Delta Dist = 11.438 | Delta Dist 10 = 9.759 | Delta Dist 100 = 8.791 | Delta Dist 1000 = 10.629 | Episode Length = 50 | Episode Return = 21.0 | Evaluator Episodes = 1297 | Evaluator Steps = 64850 | Final Dist = 1.368 | Final Dist 10 = 3.047 | Final Dist 100 = 4.016 | Final Dist 1000 = 2.178 | Init Dist = 12.806 | Init Dist 10 = 12.806 | Init Dist 100 = 12.806 | Init Dist 1000 = 12.806 | Learner Steps = 3884 | Learner Walltime = 765.491 | Min Dist = 0.247 | Min Dist 10 = 2.400 | Min Dist 100 = 3.276 | Min Dist 1000 = 1.432 | Steps Per Second = 82.270 | Success = 1.000 | Success 1000 = 0.817
I0502 15:19:03.652719 139579566835264 terminal.py:91] [Evaluator] Actor Episodes = 5181 | Actor Steps = 259050 | Delta Dist = 1.779 | Delta Dist 10 = 9.752 | Delta Dist 100 = 8.848 | Delta Dist 1000 = 10.629 | Episode Length = 50 | Episode Return = 0.0 | Evaluator Episodes = 1299 | Evaluator Steps = 64950 | Final Dist = 11.027 | Final Dist 10 = 3.054 | Final Dist 100 = 3.959 | Final Dist 1000 = 2.177 | Init Dist = 12.806 | Init Dist 10 = 12.806 | Init Dist 100 = 12.806 | Init Dist 1000 = 12.806 | Learner Steps = 3890 | Learner Walltime = 766.796 | Min Dist = 10.410 | Min Dist 10 = 2.401 | Min Dist 100 = 3.216 | Min Dist 1000 = 1.432 | Steps Per Second = 82.968 | Success = 0.000 | Success 1000 = 0.817
I0502 15:19:04.748158 139579566835264 terminal.py:91] [Evaluator] Actor Episodes = 5191 | Actor Steps = 259550 | Delta Dist = 11.394 | Delta Dist 10 = 9.768 | Delta Dist 100 = 8.843 | Delta Dist 1000 = 10.618 | Episode Length = 50 | Episode Return = 12.0 | Evaluator Episodes = 1301 | Evaluator Steps = 65050 | Final Dist = 1.412 | Final Dist 10 = 3.038 | Final Dist 100 = 3.963 | Final Dist 1000 = 2.188 | Init Dist = 12.806 | Init Dist 10 = 12.806 | Init Dist 100 = 12.806 | Init Dist 1000 = 12.806 | Learner Steps = 3896 | Learner Walltime = 767.999 | Min Dist = 0.407 | Min Dist 10 = 2.399 | Min Dist 100 = 3.213 | Min Dist 1000 = 1.442 | Steps Per Second = 89.130 | Success = 1.000 | Success 1000 = 0.816
I0502 15:19:05.908931 139579566835264 terminal.py:91] [Evaluator] Actor Episodes = 5201 | Actor Steps = 260050 | Delta Dist = 11.575 | Delta Dist 10 = 9.771 | Delta Dist 100 = 8.882 | Delta Dist 1000 = 10.618 | Episode Length = 50 | Episode Return = 17.0 | Evaluator Episodes = 1303 | Evaluator Steps = 65150 | Final Dist = 1.231 | Final Dist 10 = 3.035 | Final Dist 100 = 3.924 | Final Dist 1000 = 2.188 | Init Dist = 12.806 | Init Dist 10 = 12.806 | Init Dist 100 = 12.806 | Init Dist 1000 = 12.806 | Learner Steps = 3903 | Learner Walltime = 769.075 | Min Dist = 0.185 | Min Dist 10 = 2.367 | Min Dist 100 = 3.169 | Min Dist 1000 = 1.441 | Steps Per Second = 85.607 | Success = 1.000 | Success 1000 = 0.817
I0502 15:19:06.038582 139584504182336 lp_utils.py:96] StepsLimiter: Reached 260050 recorded steps
I0502 15:19:07.110704 139579566835264 terminal.py:91] [Evaluator] Actor Episodes = 5209 | Actor Steps = 260450 | Delta Dist = 11.732 | Delta Dist 10 = 10.606 | Delta Dist 100 = 9.028 | Delta Dist 1000 = 10.617 | Episode Length = 50 | Episode Return = 7.0 | Evaluator Episodes = 1305 | Evaluator Steps = 65250 | Final Dist = 1.074 | Final Dist 10 = 2.200 | Final Dist 100 = 3.778 | Final Dist 1000 = 2.189 | Init Dist = 12.806 | Init Dist 10 = 12.806 | Init Dist 100 = 12.806 | Init Dist 1000 = 12.806 | Learner Steps = 3914 | Learner Walltime = 771.199 | Min Dist = 0.437 | Min Dist 10 = 1.319 | Min Dist 100 = 3.009 | Min Dist 1000 = 1.441 | Steps Per Second = 96.558 | Success = 1.000 | Success 1000 = 0.817
I0502 15:19:08.360678 139579566835264 terminal.py:91] [Evaluator] Actor Episodes = 5217 | Actor Steps = 260850 | Delta Dist = 11.463 | Delta Dist 10 = 9.674 | Delta Dist 100 = 8.926 | Delta Dist 1000 = 10.606 | Episode Length = 50 | Episode Return = 12.0 | Evaluator Episodes = 1307 | Evaluator Steps = 65350 | Final Dist = 1.343 | Final Dist 10 = 3.133 | Final Dist 100 = 3.880 | Final Dist 1000 = 2.201 | Init Dist = 12.806 | Init Dist 10 = 12.806 | Init Dist 100 = 12.806 | Init Dist 1000 = 12.806 | Learner Steps = 3921 | Learner Walltime = 772.391 | Min Dist = 0.095 | Min Dist 10 = 2.276 | Min Dist 100 = 3.111 | Min Dist 1000 = 1.451 | Steps Per Second = 84.907 | Success = 1.000 | Success 1000 = 0.816
I0502 15:19:09.586694 139579566835264 terminal.py:91] [Evaluator] Actor Episodes = 5225 | Actor Steps = 261250 | Delta Dist = 6.909 | Delta Dist 10 = 9.640 | Delta Dist 100 = 9.002 | Delta Dist 1000 = 10.605 | Episode Length = 50 | Episode Return = 0.0 | Evaluator Episodes = 1309 | Evaluator Steps = 65450 | Final Dist = 5.897 | Final Dist 10 = 3.166 | Final Dist 100 = 3.804 | Final Dist 1000 = 2.201 | Init Dist = 12.806 | Init Dist 10 = 12.806 | Init Dist 100 = 12.806 | Init Dist 1000 = 12.806 | Learner Steps = 3926 | Learner Walltime = 773.551 | Min Dist = 5.885 | Min Dist 10 = 2.263 | Min Dist 100 = 3.027 | Min Dist 1000 = 1.450 | Steps Per Second = 80.202 | Success = 0.000 | Success 1000 = 0.816
I0502 15:19:09.587897 139557462840896 terminal.py:91] [Actor] Actor Episodes = 5220 | Actor Steps = 261000 | Delta Dist = 4.855 | Delta Dist 10 = 4.768 | Delta Dist 100 = 4.339 | Delta Dist 1000 = 4.305 | Episode Length = 50 | Episode Return = 20.0 | Evaluator Episodes = 1307 | Evaluator Steps = 65350 | Final Dist = 0.145 | Final Dist 10 = 1.276 | Final Dist 100 = 1.665 | Final Dist 1000 = 1.741 | Init Dist = 5.000 | Init Dist 10 = 6.044 | Init Dist 100 = 6.003 | Init Dist 1000 = 6.046 | Learner Steps = 3921 | Learner Walltime = 772.391 | Min Dist = 0.031 | Min Dist 10 = 0.068 | Min Dist 100 = 0.355 | Min Dist 1000 = 0.240 | Steps Per Second = 78.556 | Success = 1.000 | Success 1000 = 0.985
I0502 15:19:10.160769 139569349502528 terminal.py:91] [Actor] Actor Episodes = 5226 | Actor Steps = 261300 | Delta Dist = 9.114 | Delta Dist 10 = 4.615 | Delta Dist 100 = 4.317 | Delta Dist 1000 = 4.312 | Episode Length = 50 | Episode Return = 21.0 | Evaluator Episodes = 1307 | Evaluator Steps = 65350 | Final Dist = 0.735 | Final Dist 10 = 1.382 | Final Dist 100 = 1.673 | Final Dist 1000 = 1.739 | Init Dist = 9.849 | Init Dist 10 = 5.998 | Init Dist 100 = 5.991 | Init Dist 1000 = 6.050 | Learner Steps = 3926 | Learner Walltime = 773.551 | Min Dist = 0.049 | Min Dist 10 = 0.072 | Min Dist 100 = 0.353 | Min Dist 1000 = 0.240 | Steps Per Second = 77.562 | Success = 1.000 | Success 1000 = 0.985
I0502 15:19:10.451065 139555860620864 terminal.py:91] [Actor] Actor Episodes = 5229 | Actor Steps = 261450 | Delta Dist = 0.806 | Delta Dist 10 = 4.336 | Delta Dist 100 = 4.348 | Delta Dist 1000 = 4.315 | Episode Length = 50 | Episode Return = 36.0 | Evaluator Episodes = 1309 | Evaluator Steps = 65450 | Final Dist = 0.194 | Final Dist 10 = 1.302 | Final Dist 100 = 1.660 | Final Dist 1000 = 1.737 | Init Dist = 1.000 | Init Dist 10 = 5.638 | Init Dist 100 = 6.009 | Init Dist 1000 = 6.052 | Learner Steps = 3932 | Learner Walltime = 774.554 | Min Dist = 0.004 | Min Dist 10 = 0.071 | Min Dist 100 = 0.345 | Min Dist 1000 = 0.240 | Steps Per Second = 88.768 | Success = 1.000 | Success 1000 = 0.985
I0502 15:19:10.716404 139579566835264 terminal.py:91] [Evaluator] Actor Episodes = 5231 | Actor Steps = 261550 | Delta Dist = 1.477 | Delta Dist 10 = 9.124 | Delta Dist 100 = 8.854 | Delta Dist 1000 = 10.589 | Episode Length = 50 | Episode Return = 0.0 | Evaluator Episodes = 1311 | Evaluator Steps = 65550 | Final Dist = 11.329 | Final Dist 10 = 3.682 | Final Dist 100 = 3.952 | Final Dist 1000 = 2.217 | Init Dist = 12.806 | Init Dist 10 = 12.806 | Init Dist 100 = 12.806 | Init Dist 1000 = 12.806 | Learner Steps = 3932 | Learner Walltime = 774.554 | Min Dist = 10.608 | Min Dist 10 = 2.854 | Min Dist 100 = 3.187 | Min Dist 1000 = 1.467 | Steps Per Second = 96.245 | Success = 0.000 | Success 1000 = 0.814
I0502 15:19:10.778913 139555013154368 terminal.py:91] [Learner] Actor Episodes = 5227 | Actor Loss = 3.7100372314453125 | Actor Steps = 261350 | Binary Accuracy = 0.995948314666748 | Categorical Accuracy = 0.40069580078125 | Critic Loss = 2.11181902885437 | Entropy Mean = -16.570388793945312 | Evaluator Episodes = 1309 | Evaluator Steps = 65450 | Learner Steps = 3934 | Learner Walltime = 774.975 | Logits Neg = -15.601007461547852 | Logits Pos = -2.092721939086914 | Logsumexp = 1.281132459640503 | Steps Per Second = 318.344
I0502 15:19:11.990358 139579566835264 terminal.py:91] [Evaluator] Actor Episodes = 5241 | Actor Steps = 262050 | Delta Dist = 11.657 | Delta Dist 10 = 8.179 | Delta Dist 100 = 8.762 | Delta Dist 1000 = 10.580 | Episode Length = 50 | Episode Return = 17.0 | Evaluator Episodes = 1313 | Evaluator Steps = 65650 | Final Dist = 1.149 | Final Dist 10 = 4.627 | Final Dist 100 = 4.044 | Final Dist 1000 = 2.226 | Init Dist = 12.806 | Init Dist 10 = 12.806 | Init Dist 100 = 12.806 | Init Dist 1000 = 12.806 | Learner Steps = 3937 | Learner Walltime = 775.567 | Min Dist = 0.179 | Min Dist 10 = 3.884 | Min Dist 100 = 3.289 | Min Dist 1000 = 1.477 | Steps Per Second = 80.328 | Success = 1.000 | Success 1000 = 0.813
I0502 15:19:12.828078 139558059398720 terminal.py:91] [Actor] Actor Episodes = 5245 | Actor Steps = 262250 | Delta Dist = 3.251 | Delta Dist 10 = 4.411 | Delta Dist 100 = 4.288 | Delta Dist 1000 = 4.325 | Episode Length = 50 | Episode Return = 28.0 | Evaluator Episodes = 1313 | Evaluator Steps = 65650 | Final Dist = 1.222 | Final Dist 10 = 1.762 | Final Dist 100 = 1.706 | Final Dist 1000 = 1.738 | Init Dist = 4.472 | Init Dist 10 = 6.173 | Init Dist 100 = 5.994 | Init Dist 1000 = 6.063 | Learner Steps = 3943 | Learner Walltime = 776.700 | Min Dist = 0.042 | Min Dist 10 = 0.144 | Min Dist 100 = 0.350 | Min Dist 1000 = 0.240 | Steps Per Second = 88.842 | Success = 1.000 | Success 1000 = 0.985
I0502 15:19:13.587983 139579566835264 terminal.py:91] [Evaluator] Actor Episodes = 5251 | Actor Steps = 262550 | Delta Dist = 12.164 | Delta Dist 10 = 7.036 | Delta Dist 100 = 8.751 | Delta Dist 1000 = 10.568 | Episode Length = 50 | Episode Return = 3.0 | Evaluator Episodes = 1316 | Evaluator Steps = 65800 | Final Dist = 0.642 | Final Dist 10 = 5.770 | Final Dist 100 = 4.055 | Final Dist 1000 = 2.238 | Init Dist = 12.806 | Init Dist 10 = 12.806 | Init Dist 100 = 12.806 | Init Dist 1000 = 12.806 | Learner Steps = 3949 | Learner Walltime = 777.769 | Min Dist = 0.610 | Min Dist 10 = 4.906 | Min Dist 100 = 3.285 | Min Dist 1000 = 1.487 | Steps Per Second = 82.514 | Success = 1.000 | Success 1000 = 0.812
I0502 15:19:14.803505 139579566835264 terminal.py:91] [Evaluator] Actor Episodes = 5259 | Actor Steps = 262950 | Delta Dist = 10.638 | Delta Dist 10 = 8.180 | Delta Dist 100 = 8.980 | Delta Dist 1000 = 10.568 | Episode Length = 50 | Episode Return = 0.0 | Evaluator Episodes = 1318 | Evaluator Steps = 65900 | Final Dist = 2.168 | Final Dist 10 = 4.626 | Final Dist 100 = 3.826 | Final Dist 1000 = 2.238 | Init Dist = 12.806 | Init Dist 10 = 12.806 | Init Dist 100 = 12.806 | Init Dist 1000 = 12.806 | Learner Steps = 3955 | Learner Walltime = 778.905 | Min Dist = 1.741 | Min Dist 10 = 3.946 | Min Dist 100 = 3.083 | Min Dist 1000 = 1.488 | Steps Per Second = 82.333 | Success = 0.000 | Success 1000 = 0.812
I0502 15:19:15.905488 139579566835264 terminal.py:91] [Evaluator] Actor Episodes = 5267 | Actor Steps = 263350 | Delta Dist = 5.024 | Delta Dist 10 = 7.480 | Delta Dist 100 = 8.876 | Delta Dist 1000 = 10.556 | Episode Length = 50 | Episode Return = 0.0 | Evaluator Episodes = 1320 | Evaluator Steps = 66000 | Final Dist = 7.782 | Final Dist 10 = 5.327 | Final Dist 100 = 3.930 | Final Dist 1000 = 2.250 | Init Dist = 12.806 | Init Dist 10 = 12.806 | Init Dist 100 = 12.806 | Init Dist 1000 = 12.806 | Learner Steps = 3955 | Learner Walltime = 778.905 | Min Dist = 7.782 | Min Dist 10 = 4.553 | Min Dist 100 = 3.185 | Min Dist 1000 = 1.499 | Steps Per Second = 82.212 | Success = 0.000 | Success 1000 = 0.810
I0502 15:19:16.060486 139584504182336 lp_utils.py:96] StepsLimiter: Reached 263350 recorded steps
I0502 15:19:17.162867 139579566835264 terminal.py:91] [Evaluator] Actor Episodes = 5275 | Actor Steps = 263750 | Delta Dist = 11.571 | Delta Dist 10 = 8.959 | Delta Dist 100 = 8.846 | Delta Dist 1000 = 10.551 | Episode Length = 50 | Episode Return = 7.0 | Evaluator Episodes = 1322 | Evaluator Steps = 66100 | Final Dist = 1.235 | Final Dist 10 = 3.847 | Final Dist 100 = 3.960 | Final Dist 1000 = 2.255 | Init Dist = 12.806 | Init Dist 10 = 12.806 | Init Dist 100 = 12.806 | Init Dist 1000 = 12.806 | Learner Steps = 3967 | Learner Walltime = 781.361 | Min Dist = 0.290 | Min Dist 10 = 3.236 | Min Dist 100 = 3.214 | Min Dist 1000 = 1.507 | Steps Per Second = 75.074 | Success = 1.000 | Success 1000 = 0.809
I0502 15:19:18.237121 139579566835264 terminal.py:91] [Evaluator] Actor Episodes = 5281 | Actor Steps = 264050 | Delta Dist = 1.871 | Delta Dist 10 = 7.709 | Delta Dist 100 = 8.772 | Delta Dist 1000 = 10.538 | Episode Length = 50 | Episode Return = 0.0 | Evaluator Episodes = 1324 | Evaluator Steps = 66200 | Final Dist = 10.935 | Final Dist 10 = 5.097 | Final Dist 100 = 4.034 | Final Dist 1000 = 2.268 | Init Dist = 12.806 | Init Dist 10 = 12.806 | Init Dist 100 = 12.806 | Init Dist 1000 = 12.806 | Learner Steps = 3972 | Learner Walltime = 782.384 | Min Dist = 10.367 | Min Dist 10 = 4.269 | Min Dist 100 = 3.265 | Min Dist 1000 = 1.518 | Steps Per Second = 80.267 | Success = 0.000 | Success 1000 = 0.808
I0502 15:19:19.557894 139579566835264 terminal.py:91] [Evaluator] Actor Episodes = 5291 | Actor Steps = 264550 | Delta Dist = 4.759 | Delta Dist 10 = 7.999 | Delta Dist 100 = 8.907 | Delta Dist 1000 = 10.528 | Episode Length = 50 | Episode Return = 0.0 | Evaluator Episodes = 1326 | Evaluator Steps = 66300 | Final Dist = 8.048 | Final Dist 10 = 4.807 | Final Dist 100 = 3.899 | Final Dist 1000 = 2.278 | Init Dist = 12.806 | Init Dist 10 = 12.806 | Init Dist 100 = 12.806 | Init Dist 1000 = 12.806 | Learner Steps = 3972 | Learner Walltime = 782.384 | Min Dist = 7.021 | Min Dist 10 = 4.246 | Min Dist 100 = 3.158 | Min Dist 1000 = 1.528 | Steps Per Second = 75.107 | Success = 0.000 | Success 1000 = 0.807
I0502 15:19:20.137839 139557462840896 terminal.py:91] [Actor] Actor Episodes = 5292 | Actor Steps = 264600 | Delta Dist = 2.635 | Delta Dist 10 = 5.070 | Delta Dist 100 = 4.495 | Delta Dist 1000 = 4.346 | Episode Length = 50 | Episode Return = 30.0 | Evaluator Episodes = 1324 | Evaluator Steps = 66200 | Final Dist = 0.193 | Final Dist 10 = 1.672 | Final Dist 100 = 1.548 | Final Dist 1000 = 1.725 | Init Dist = 2.828 | Init Dist 10 = 6.742 | Init Dist 100 = 6.043 | Init Dist 1000 = 6.070 | Learner Steps = 3972 | Learner Walltime = 782.384 | Min Dist = 0.182 | Min Dist 10 = 0.123 | Min Dist 100 = 0.235 | Min Dist 1000 = 0.240 | Steps Per Second = 83.691 | Success = 1.000 | Success 1000 = 0.985
I0502 15:19:20.614339 139569349502528 terminal.py:91] [Actor] Actor Episodes = 5297 | Actor Steps = 264850 | Delta Dist = 5.781 | Delta Dist 10 = 4.148 | Delta Dist 100 = 4.413 | Delta Dist 1000 = 4.332 | Episode Length = 50 | Episode Return = 14.0 | Evaluator Episodes = 1326 | Evaluator Steps = 66300 | Final Dist = 0.544 | Final Dist 10 = 2.496 | Final Dist 100 = 1.586 | Final Dist 1000 = 1.733 | Init Dist = 6.325 | Init Dist 10 = 6.643 | Init Dist 100 = 5.999 | Init Dist 1000 = 6.066 | Learner Steps = 3979 | Learner Walltime = 783.766 | Min Dist = 0.013 | Min Dist 10 = 1.042 | Min Dist 100 = 0.319 | Min Dist 1000 = 0.249 | Steps Per Second = 80.932 | Success = 1.000 | Success 1000 = 0.985
I0502 15:19:20.675919 139555860620864 terminal.py:91] [Actor] Actor Episodes = 5294 | Actor Steps = 264700 | Delta Dist = 6.811 | Delta Dist 10 = 4.650 | Delta Dist 100 = 4.452 | Delta Dist 1000 = 4.335 | Episode Length = 50 | Episode Return = 44.0 | Evaluator Episodes = 1326 | Evaluator Steps = 66300 | Final Dist = 0.260 | Final Dist 10 = 2.214 | Final Dist 100 = 1.560 | Final Dist 1000 = 1.732 | Init Dist = 7.071 | Init Dist 10 = 6.864 | Init Dist 100 = 6.013 | Init Dist 1000 = 6.067 | Learner Steps = 3979 | Learner Walltime = 783.766 | Min Dist = 0.136 | Min Dist 10 = 1.011 | Min Dist 100 = 0.317 | Min Dist 1000 = 0.249 | Steps Per Second = 83.163 | Success = 1.000 | Success 1000 = 0.985
I0502 15:19:20.728292 139579566835264 terminal.py:91] [Evaluator] Actor Episodes = 5297 | Actor Steps = 264850 | Delta Dist = 11.511 | Delta Dist 10 = 7.254 | Delta Dist 100 = 8.967 | Delta Dist 1000 = 10.521 | Episode Length = 50 | Episode Return = 18.0 | Evaluator Episodes = 1328 | Evaluator Steps = 66400 | Final Dist = 1.295 | Final Dist 10 = 5.552 | Final Dist 100 = 3.839 | Final Dist 1000 = 2.285 | Init Dist = 12.806 | Init Dist 10 = 12.806 | Init Dist 100 = 12.806 | Init Dist 1000 = 12.806 | Learner Steps = 3979 | Learner Walltime = 783.766 | Min Dist = 0.357 | Min Dist 10 = 4.879 | Min Dist 100 = 3.123 | Min Dist 1000 = 1.534 | Steps Per Second = 84.261 | Success = 1.000 | Success 1000 = 0.806
I0502 15:19:20.832479 139555013154368 terminal.py:91] [Learner] Actor Episodes = 5297 | Actor Loss = 3.7715845108032227 | Actor Steps = 264850 | Binary Accuracy = 0.9959375858306885 | Categorical Accuracy = 0.39324951171875 | Critic Loss = 2.1224095821380615 | Entropy Mean = -16.45105743408203 | Evaluator Episodes = 1328 | Evaluator Steps = 66400 | Learner Steps = 3986 | Learner Walltime = 785.029 | Logits Neg = -15.747513771057129 | Logits Pos = -2.1007728576660156 | Logsumexp = 1.2527539730072021 | Steps Per Second = 868.779
I0502 15:19:21.878033 139579566835264 terminal.py:91] [Evaluator] Actor Episodes = 5305 | Actor Steps = 265250 | Delta Dist = 1.860 | Delta Dist 10 = 7.460 | Delta Dist 100 = 8.876 | Delta Dist 1000 = 10.513 | Episode Length = 50 | Episode Return = 0.0 | Evaluator Episodes = 1330 | Evaluator Steps = 66500 | Final Dist = 10.947 | Final Dist 10 = 5.346 | Final Dist 100 = 3.930 | Final Dist 1000 = 2.293 | Init Dist = 12.806 | Init Dist 10 = 12.806 | Init Dist 100 = 12.806 | Init Dist 1000 = 12.806 | Learner Steps = 3985 | Learner Walltime = 784.955 | Min Dist = 10.547 | Min Dist 10 = 4.742 | Min Dist 100 = 3.223 | Min Dist 1000 = 1.543 | Steps Per Second = 85.811 | Success = 0.000 | Success 1000 = 0.806
I0502 15:19:23.098113 139579566835264 terminal.py:91] [Evaluator] Actor Episodes = 5313 | Actor Steps = 265650 | Delta Dist = 11.700 | Delta Dist 10 = 7.059 | Delta Dist 100 = 8.783 | Delta Dist 1000 = 10.503 | Episode Length = 50 | Episode Return = 12.0 | Evaluator Episodes = 1332 | Evaluator Steps = 66600 | Final Dist = 1.106 | Final Dist 10 = 5.748 | Final Dist 100 = 4.024 | Final Dist 1000 = 2.303 | Init Dist = 12.806 | Init Dist 10 = 12.806 | Init Dist 100 = 12.806 | Init Dist 1000 = 12.806 | Learner Steps = 3992 | Learner Walltime = 786.099 | Min Dist = 0.167 | Min Dist 10 = 5.039 | Min Dist 100 = 3.329 | Min Dist 1000 = 1.553 | Steps Per Second = 78.816 | Success = 1.000 | Success 1000 = 0.805
I0502 15:19:23.163226 139558059398720 terminal.py:91] [Actor] Actor Episodes = 5312 | Actor Steps = 265600 | Delta Dist = 2.844 | Delta Dist 10 = 4.929 | Delta Dist 100 = 4.555 | Delta Dist 1000 = 4.368 | Episode Length = 50 | Episode Return = 42.0 | Evaluator Episodes = 1330 | Evaluator Steps = 66500 | Final Dist = 0.319 | Final Dist 10 = 1.746 | Final Dist 100 = 1.560 | Final Dist 1000 = 1.740 | Init Dist = 3.162 | Init Dist 10 = 6.674 | Init Dist 100 = 6.116 | Init Dist 1000 = 6.108 | Learner Steps = 3992 | Learner Walltime = 786.099 | Min Dist = 0.085 | Min Dist 10 = 0.116 | Min Dist 100 = 0.215 | Min Dist 1000 = 0.251 | Steps Per Second = 78.887 | Success = 1.000 | Success 1000 = 0.985
I0502 15:19:24.361316 139579566835264 terminal.py:91] [Evaluator] Actor Episodes = 5321 | Actor Steps = 266050 | Delta Dist = 10.415 | Delta Dist 10 = 8.303 | Delta Dist 100 = 8.813 | Delta Dist 1000 = 10.509 | Episode Length = 50 | Episode Return = 0.0 | Evaluator Episodes = 1334 | Evaluator Steps = 66700 | Final Dist = 2.391 | Final Dist 10 = 4.503 | Final Dist 100 = 3.993 | Final Dist 1000 = 2.297 | Init Dist = 12.806 | Init Dist 10 = 12.806 | Init Dist 100 = 12.806 | Init Dist 1000 = 12.806 | Learner Steps = 3998 | Learner Walltime = 787.422 | Min Dist = 2.391 | Min Dist 10 = 3.991 | Min Dist 100 = 3.288 | Min Dist 1000 = 1.547 | Steps Per Second = 78.418 | Success = 0.000 | Success 1000 = 0.806
I0502 15:19:25.434926 139579566835264 terminal.py:91] [Evaluator] Actor Episodes = 5329 | Actor Steps = 266450 | Delta Dist = 2.026 | Delta Dist 10 = 9.031 | Delta Dist 100 = 8.798 | Delta Dist 1000 = 10.508 | Episode Length = 50 | Episode Return = 0.0 | Evaluator Episodes = 1336 | Evaluator Steps = 66800 | Final Dist = 10.781 | Final Dist 10 = 3.775 | Final Dist 100 = 4.009 | Final Dist 1000 = 2.299 | Init Dist = 12.806 | Init Dist 10 = 12.806 | Init Dist 100 = 12.806 | Init Dist 1000 = 12.806 | Learner Steps = 4004 | Learner Walltime = 788.631 | Min Dist = 10.503 | Min Dist 10 = 3.191 | Min Dist 100 = 3.298 | Min Dist 1000 = 1.549 | Steps Per Second = 91.224 | Success = 0.000 | Success 1000 = 0.805
I0502 15:19:25.565628 139583350109760 savers.py:156] Saving checkpoint: logs/contrastive_cpc_point_FourRooms_64/5dd72662-2788-11f0-b183-d85ed38c5779/checkpoints/learner
I0502 15:19:26.077339 139584504182336 lp_utils.py:96] StepsLimiter: Reached 266650 recorded steps
I0502 15:19:26.638891 139579566835264 terminal.py:91] [Evaluator] Actor Episodes = 5335 | Actor Steps = 266750 | Delta Dist = 4.950 | Delta Dist 10 = 7.736 | Delta Dist 100 = 8.603 | Delta Dist 1000 = 10.489 | Episode Length = 50 | Episode Return = 0.0 | Evaluator Episodes = 1338 | Evaluator Steps = 66900 | Final Dist = 7.856 | Final Dist 10 = 5.070 | Final Dist 100 = 4.203 | Final Dist 1000 = 2.317 | Init Dist = 12.806 | Init Dist 10 = 12.806 | Init Dist 100 = 12.806 | Init Dist 1000 = 12.806 | Learner Steps = 4011 | Learner Walltime = 789.769 | Min Dist = 6.962 | Min Dist 10 = 4.568 | Min Dist 100 = 3.502 | Min Dist 1000 = 1.569 | Steps Per Second = 85.939 | Success = 0.000 | Success 1000 = 0.803
I0502 15:19:27.873360 139579566835264 terminal.py:91] [Evaluator] Actor Episodes = 5343 | Actor Steps = 267150 | Delta Dist = 12.402 | Delta Dist 10 = 7.988 | Delta Dist 100 = 8.610 | Delta Dist 1000 = 10.481 | Episode Length = 50 | Episode Return = 12.0 | Evaluator Episodes = 1340 | Evaluator Steps = 67000 | Final Dist = 0.404 | Final Dist 10 = 4.818 | Final Dist 100 = 4.197 | Final Dist 1000 = 2.325 | Init Dist = 12.806 | Init Dist 10 = 12.806 | Init Dist 100 = 12.806 | Init Dist 1000 = 12.806 | Learner Steps = 4016 | Learner Walltime = 790.962 | Min Dist = 0.065 | Min Dist 10 = 4.207 | Min Dist 100 = 3.492 | Min Dist 1000 = 1.576 | Steps Per Second = 80.072 | Success = 1.000 | Success 1000 = 0.802
I0502 15:19:29.092220 139579566835264 terminal.py:91] [Evaluator] Actor Episodes = 5351 | Actor Steps = 267550 | Delta Dist = 1.186 | Delta Dist 10 = 9.055 | Delta Dist 100 = 8.623 | Delta Dist 1000 = 10.480 | Episode Length = 50 | Episode Return = 0.0 | Evaluator Episodes = 1342 | Evaluator Steps = 67100 | Final Dist = 11.620 | Final Dist 10 = 3.751 | Final Dist 100 = 4.183 | Final Dist 1000 = 2.326 | Init Dist = 12.806 | Init Dist 10 = 12.806 | Init Dist 100 = 12.806 | Init Dist 1000 = 12.806 | Learner Steps = 4029 | Learner Walltime = 793.210 | Min Dist = 10.507 | Min Dist 10 = 3.178 | Min Dist 100 = 3.492 | Min Dist 1000 = 1.576 | Steps Per Second = 82.884 | Success = 0.000 | Success 1000 = 0.802
I0502 15:19:30.184354 139557462840896 terminal.py:91] [Actor] Actor Episodes = 5361 | Actor Steps = 268050 | Delta Dist = 1.977 | Delta Dist 10 = 4.307 | Delta Dist 100 = 4.643 | Delta Dist 1000 = 4.362 | Episode Length = 50 | Episode Return = 44.0 | Evaluator Episodes = 1342 | Evaluator Steps = 67100 | Final Dist = 4.106 | Final Dist 10 = 1.301 | Final Dist 100 = 1.435 | Final Dist 1000 = 1.733 | Init Dist = 6.083 | Init Dist 10 = 5.608 | Init Dist 100 = 6.078 | Init Dist 1000 = 6.095 | Learner Steps = 4029 | Learner Walltime = 793.210 | Min Dist = 0.181 | Min Dist 10 = 0.092 | Min Dist 100 = 0.212 | Min Dist 1000 = 0.254 | Steps Per Second = 112.881 | Success = 1.000 | Success 1000 = 0.985
I0502 15:19:30.190884 139579566835264 terminal.py:91] [Evaluator] Actor Episodes = 5361 | Actor Steps = 268050 | Delta Dist = 1.359 | Delta Dist 10 = 6.918 | Delta Dist 100 = 8.415 | Delta Dist 1000 = 10.459 | Episode Length = 50 | Episode Return = 0.0 | Evaluator Episodes = 1344 | Evaluator Steps = 67200 | Final Dist = 11.447 | Final Dist 10 = 5.888 | Final Dist 100 = 4.391 | Final Dist 1000 = 2.347 | Init Dist = 12.806 | Init Dist 10 = 12.806 | Init Dist 100 = 12.806 | Init Dist 1000 = 12.806 | Learner Steps = 4029 | Learner Walltime = 793.210 | Min Dist = 10.455 | Min Dist 10 = 5.252 | Min Dist 100 = 3.688 | Min Dist 1000 = 1.597 | Steps Per Second = 101.981 | Success = 0.000 | Success 1000 = 0.800
I0502 15:19:30.703795 139555860620864 terminal.py:91] [Actor] Actor Episodes = 5365 | Actor Steps = 268250 | Delta Dist = 2.270 | Delta Dist 10 = 4.556 | Delta Dist 100 = 4.588 | Delta Dist 1000 = 4.364 | Episode Length = 50 | Episode Return = 17.0 | Evaluator Episodes = 1344 | Evaluator Steps = 67200 | Final Dist = 1.730 | Final Dist 10 = 1.119 | Final Dist 100 = 1.450 | Final Dist 1000 = 1.731 | Init Dist = 4.000 | Init Dist 10 = 5.675 | Init Dist 100 = 6.038 | Init Dist 1000 = 6.095 | Learner Steps = 4035 | Learner Walltime = 794.475 | Min Dist = 0.080 | Min Dist 10 = 0.127 | Min Dist 100 = 0.212 | Min Dist 1000 = 0.253 | Steps Per Second = 91.910 | Success = 1.000 | Success 1000 = 0.985
I0502 15:19:30.881321 139569349502528 terminal.py:91] [Actor] Actor Episodes = 5364 | Actor Steps = 268200 | Delta Dist = 6.194 | Delta Dist 10 = 4.289 | Delta Dist 100 = 4.498 | Delta Dist 1000 = 4.361 | Episode Length = 50 | Episode Return = 8.0 | Evaluator Episodes = 1344 | Evaluator Steps = 67200 | Final Dist = 0.209 | Final Dist 10 = 1.468 | Final Dist 100 = 1.475 | Final Dist 1000 = 1.735 | Init Dist = 6.403 | Init Dist 10 = 5.757 | Init Dist 100 = 5.973 | Init Dist 1000 = 6.096 | Learner Steps = 4035 | Learner Walltime = 794.475 | Min Dist = 0.190 | Min Dist 10 = 0.125 | Min Dist 100 = 0.213 | Min Dist 1000 = 0.253 | Steps Per Second = 83.858 | Success = 1.000 | Success 1000 = 0.985
I0502 15:19:30.932574 139555013154368 terminal.py:91] [Learner] Actor Episodes = 5361 | Actor Loss = 3.765481948852539 | Actor Steps = 268050 | Binary Accuracy = 0.9959506988525391 | Categorical Accuracy = 0.41143798828125 | Critic Loss = 2.0107674598693848 | Entropy Mean = -17.734039306640625 | Evaluator Episodes = 1344 | Evaluator Steps = 67200 | Learner Steps = 4039 | Learner Walltime = 795.128 | Logits Neg = -16.098121643066406 | Logits Pos = -1.974361538887024 | Logsumexp = 1.4378337860107422 | Steps Per Second = 573.236
I0502 15:19:31.302954 139579566835264 terminal.py:91] [Evaluator] Actor Episodes = 5367 | Actor Steps = 268350 | Delta Dist = 1.387 | Delta Dist 10 = 5.070 | Delta Dist 100 = 8.213 | Delta Dist 1000 = 10.438 | Episode Length = 50 | Episode Return = 0.0 | Evaluator Episodes = 1346 | Evaluator Steps = 67300 | Final Dist = 11.420 | Final Dist 10 = 7.736 | Final Dist 100 = 4.593 | Final Dist 1000 = 2.368 | Init Dist = 12.806 | Init Dist 10 = 12.806 | Init Dist 100 = 12.806 | Init Dist 1000 = 12.806 | Learner Steps = 4035 | Learner Walltime = 794.475 | Min Dist = 10.221 | Min Dist 10 = 7.111 | Min Dist 100 = 3.896 | Min Dist 1000 = 1.618 | Steps Per Second = 90.809 | Success = 0.000 | Success 1000 = 0.798
I0502 15:19:31.905874 139584635659840 savers.py:156] Saving checkpoint: logs/contrastive_cpc_point_FourRooms_64/5dd72662-2788-11f0-b183-d85ed38c5779/checkpoints/counter
I0502 15:19:32.496096 139579566835264 terminal.py:91] [Evaluator] Actor Episodes = 5375 | Actor Steps = 268750 | Delta Dist = 12.409 | Delta Dist 10 = 6.031 | Delta Dist 100 = 8.115 | Delta Dist 1000 = 10.427 | Episode Length = 50 | Episode Return = 16.0 | Evaluator Episodes = 1348 | Evaluator Steps = 67400 | Final Dist = 0.397 | Final Dist 10 = 6.775 | Final Dist 100 = 4.691 | Final Dist 1000 = 2.379 | Init Dist = 12.806 | Init Dist 10 = 12.806 | Init Dist 100 = 12.806 | Init Dist 1000 = 12.806 | Learner Steps = 4041 | Learner Walltime = 795.549 | Min Dist = 0.397 | Min Dist 10 = 6.043 | Min Dist 100 = 3.992 | Min Dist 1000 = 1.627 | Steps Per Second = 84.693 | Success = 1.000 | Success 1000 = 0.797
I0502 15:19:33.434125 139558059398720 terminal.py:91] [Actor] Actor Episodes = 5383 | Actor Steps = 269150 | Delta Dist = 8.970 | Delta Dist 10 = 5.409 | Delta Dist 100 = 4.462 | Delta Dist 1000 = 4.374 | Episode Length = 50 | Episode Return = 19.0 | Evaluator Episodes = 1348 | Evaluator Steps = 67400 | Final Dist = 1.030 | Final Dist 10 = 1.878 | Final Dist 100 = 1.633 | Final Dist 1000 = 1.708 | Init Dist = 10.000 | Init Dist 10 = 7.288 | Init Dist 100 = 6.094 | Init Dist 1000 = 6.082 | Learner Steps = 4048 | Learner Walltime = 796.702 | Min Dist = 0.181 | Min Dist 10 = 0.116 | Min Dist 100 = 0.218 | Min Dist 1000 = 0.246 | Steps Per Second = 81.071 | Success = 1.000 | Success 1000 = 0.985
I0502 15:19:33.583230 139579566835264 terminal.py:91] [Evaluator] Actor Episodes = 5383 | Actor Steps = 269150 | Delta Dist = 0.927 | Delta Dist 10 = 6.839 | Delta Dist 100 = 8.115 | Delta Dist 1000 = 10.434 | Episode Length = 50 | Episode Return = 0.0 | Evaluator Episodes = 1350 | Evaluator Steps = 67500 | Final Dist = 11.879 | Final Dist 10 = 5.967 | Final Dist 100 = 4.691 | Final Dist 1000 = 2.372 | Init Dist = 12.806 | Init Dist 10 = 12.806 | Init Dist 100 = 12.806 | Init Dist 1000 = 12.806 | Learner Steps = 4048 | Learner Walltime = 796.702 | Min Dist = 10.639 | Min Dist 10 = 5.382 | Min Dist 100 = 3.996 | Min Dist 1000 = 1.621 | Steps Per Second = 94.320 | Success = 0.000 | Success 1000 = 0.798
I0502 15:19:34.850524 139579566835264 terminal.py:91] [Evaluator] Actor Episodes = 5391 | Actor Steps = 269550 | Delta Dist = 12.044 | Delta Dist 10 = 5.588 | Delta Dist 100 = 8.003 | Delta Dist 1000 = 10.421 | Episode Length = 50 | Episode Return = 25.0 | Evaluator Episodes = 1352 | Evaluator Steps = 67600 | Final Dist = 0.762 | Final Dist 10 = 7.219 | Final Dist 100 = 4.804 | Final Dist 1000 = 2.385 | Init Dist = 12.806 | Init Dist 10 = 12.806 | Init Dist 100 = 12.806 | Init Dist 1000 = 12.806 | Learner Steps = 4059 | Learner Walltime = 798.950 | Min Dist = 0.139 | Min Dist 10 = 6.400 | Min Dist 100 = 4.103 | Min Dist 1000 = 1.631 | Steps Per Second = 78.815 | Success = 1.000 | Success 1000 = 0.797
I0502 15:19:36.093982 139584504182336 lp_utils.py:96] StepsLimiter: Reached 270050 recorded steps
I0502 15:19:36.110341 139579566835264 terminal.py:91] [Evaluator] Actor Episodes = 5401 | Actor Steps = 270050 | Delta Dist = 11.646 | Delta Dist 10 = 7.667 | Delta Dist 100 = 8.005 | Delta Dist 1000 = 10.421 | Episode Length = 50 | Episode Return = 2.0 | Evaluator Episodes = 1354 | Evaluator Steps = 67700 | Final Dist = 1.160 | Final Dist 10 = 5.139 | Final Dist 100 = 4.801 | Final Dist 1000 = 2.386 | Init Dist = 12.806 | Init Dist 10 = 12.806 | Init Dist 100 = 12.806 | Init Dist 1000 = 12.806 | Learner Steps = 4065 | Learner Walltime = 800.163 | Min Dist = 0.298 | Min Dist 10 = 4.334 | Min Dist 100 = 4.104 | Min Dist 1000 = 1.631 | Steps Per Second = 78.950 | Success = 1.000 | Success 1000 = 0.797
I0502 15:19:37.238600 139579566835264 terminal.py:91] [Evaluator] Actor Episodes = 5407 | Actor Steps = 270350 | Delta Dist = 1.376 | Delta Dist 10 = 9.731 | Delta Dist 100 = 8.010 | Delta Dist 1000 = 10.420 | Episode Length = 50 | Episode Return = 0.0 | Evaluator Episodes = 1356 | Evaluator Steps = 67800 | Final Dist = 11.430 | Final Dist 10 = 3.075 | Final Dist 100 = 4.797 | Final Dist 1000 = 2.386 | Init Dist = 12.806 | Init Dist 10 = 12.806 | Init Dist 100 = 12.806 | Init Dist 1000 = 12.806 | Learner Steps = 4071 | Learner Walltime = 801.348 | Min Dist = 10.395 | Min Dist 10 = 2.274 | Min Dist 100 = 4.104 | Min Dist 1000 = 1.631 | Steps Per Second = 87.846 | Success = 0.000 | Success 1000 = 0.797
I0502 15:19:38.386934 139579566835264 terminal.py:91] [Evaluator] Actor Episodes = 5413 | Actor Steps = 270650 | Delta Dist = 11.943 | Delta Dist 10 = 9.711 | Delta Dist 100 = 7.904 | Delta Dist 1000 = 10.410 | Episode Length = 50 | Episode Return = 14.0 | Evaluator Episodes = 1358 | Evaluator Steps = 67900 | Final Dist = 0.863 | Final Dist 10 = 3.095 | Final Dist 100 = 4.902 | Final Dist 1000 = 2.397 | Init Dist = 12.806 | Init Dist 10 = 12.806 | Init Dist 100 = 12.806 | Init Dist 1000 = 12.806 | Learner Steps = 4077 | Learner Walltime = 802.524 | Min Dist = 0.307 | Min Dist 10 = 2.328 | Min Dist 100 = 4.207 | Min Dist 1000 = 1.642 | Steps Per Second = 85.852 | Success = 1.000 | Success 1000 = 0.796
I0502 15:19:39.606242 139579566835264 terminal.py:91] [Evaluator] Actor Episodes = 5421 | Actor Steps = 271050 | Delta Dist = 2.237 | Delta Dist 10 = 8.857 | Delta Dist 100 = 7.999 | Delta Dist 1000 = 10.401 | Episode Length = 50 | Episode Return = 0.0 | Evaluator Episodes = 1360 | Evaluator Steps = 68000 | Final Dist = 10.569 | Final Dist 10 = 3.949 | Final Dist 100 = 4.808 | Final Dist 1000 = 2.406 | Init Dist = 12.806 | Init Dist 10 = 12.806 | Init Dist 100 = 12.806 | Init Dist 1000 = 12.806 | Learner Steps = 4083 | Learner Walltime = 803.601 | Min Dist = 10.458 | Min Dist 10 = 3.107 | Min Dist 100 = 4.123 | Min Dist 1000 = 1.650 | Steps Per Second = 88.252 | Success = 0.000 | Success 1000 = 0.795
I0502 15:19:40.341031 139557462840896 terminal.py:91] [Actor] Actor Episodes = 5426 | Actor Steps = 271300 | Delta Dist = 8.757 | Delta Dist 10 = 3.741 | Delta Dist 100 = 4.382 | Delta Dist 1000 = 4.382 | Episode Length = 50 | Episode Return = 48.0 | Evaluator Episodes = 1360 | Evaluator Steps = 68000 | Final Dist = 0.462 | Final Dist 10 = 1.426 | Final Dist 100 = 1.419 | Final Dist 1000 = 1.691 | Init Dist = 9.220 | Init Dist 10 = 5.167 | Init Dist 100 = 5.801 | Init Dist 1000 = 6.072 | Learner Steps = 4083 | Learner Walltime = 803.601 | Min Dist = 0.145 | Min Dist 10 = 0.152 | Min Dist 100 = 0.126 | Min Dist 1000 = 0.237 | Steps Per Second = 83.236 | Success = 1.000 | Success 1000 = 0.989
I0502 15:19:40.924901 139569349502528 terminal.py:91] [Actor] Actor Episodes = 5435 | Actor Steps = 271750 | Delta Dist = 0.113 | Delta Dist 10 = 3.844 | Delta Dist 100 = 4.465 | Delta Dist 1000 = 4.379 | Episode Length = 50 | Episode Return = 32.0 | Evaluator Episodes = 1360 | Evaluator Steps = 68000 | Final Dist = 4.010 | Final Dist 10 = 1.322 | Final Dist 100 = 1.467 | Final Dist 1000 = 1.697 | Init Dist = 4.123 | Init Dist 10 = 5.166 | Init Dist 100 = 5.933 | Init Dist 1000 = 6.076 | Learner Steps = 4090 | Learner Walltime = 804.911 | Min Dist = 0.328 | Min Dist 10 = 0.095 | Min Dist 100 = 0.123 | Min Dist 1000 = 0.236 | Steps Per Second = 98.545 | Success = 1.000 | Success 1000 = 0.989
I0502 15:19:40.977737 139555013154368 terminal.py:91] [Learner] Actor Episodes = 5429 | Actor Loss = 3.7039504051208496 | Actor Steps = 271450 | Binary Accuracy = 0.9959521293640137 | Categorical Accuracy = 0.39727783203125 | Critic Loss = 2.0469160079956055 | Entropy Mean = -15.323041915893555 | Evaluator Episodes = 1360 | Evaluator Steps = 68000 | Learner Steps = 4092 | Learner Walltime = 805.175 | Logits Neg = -16.371047973632812 | Logits Pos = -2.030273914337158 | Logsumexp = 1.2854900360107422 | Steps Per Second = 319.120
I0502 15:19:41.152961 139579566835264 terminal.py:91] [Evaluator] Actor Episodes = 5435 | Actor Steps = 271750 | Delta Dist = 12.337 | Delta Dist 10 = 7.950 | Delta Dist 100 = 7.896 | Delta Dist 1000 = 10.379 | Episode Length = 50 | Episode Return = 2.0 | Evaluator Episodes = 1363 | Evaluator Steps = 68150 | Final Dist = 0.470 | Final Dist 10 = 4.856 | Final Dist 100 = 4.910 | Final Dist 1000 = 2.427 | Init Dist = 12.806 | Init Dist 10 = 12.806 | Init Dist 100 = 12.806 | Init Dist 1000 = 12.806 | Learner Steps = 4090 | Learner Walltime = 804.911 | Min Dist = 0.283 | Min Dist 10 = 4.108 | Min Dist 100 = 4.218 | Min Dist 1000 = 1.670 | Steps Per Second = 85.202 | Success = 1.000 | Success 1000 = 0.793
I0502 15:19:41.168647 139555860620864 terminal.py:91] [Actor] Actor Episodes = 5437 | Actor Steps = 271850 | Delta Dist = 2.311 | Delta Dist 10 = 3.931 | Delta Dist 100 = 4.447 | Delta Dist 1000 = 4.378 | Episode Length = 50 | Episode Return = 19.0 | Evaluator Episodes = 1363 | Evaluator Steps = 68150 | Final Dist = 1.813 | Final Dist 10 = 1.331 | Final Dist 100 = 1.467 | Final Dist 1000 = 1.698 | Init Dist = 4.123 | Init Dist 10 = 5.262 | Init Dist 100 = 5.913 | Init Dist 1000 = 6.076 | Learner Steps = 4090 | Learner Walltime = 804.911 | Min Dist = 0.038 | Min Dist 10 = 0.125 | Min Dist 100 = 0.124 | Min Dist 1000 = 0.237 | Steps Per Second = 90.977 | Success = 1.000 | Success 1000 = 0.989
I0502 15:19:42.392364 139579566835264 terminal.py:91] [Evaluator] Actor Episodes = 5443 | Actor Steps = 272150 | Delta Dist = 11.655 | Delta Dist 10 = 7.745 | Delta Dist 100 = 7.886 | Delta Dist 1000 = 10.378 | Episode Length = 50 | Episode Return = 15.0 | Evaluator Episodes = 1365 | Evaluator Steps = 68250 | Final Dist = 1.152 | Final Dist 10 = 5.061 | Final Dist 100 = 4.920 | Final Dist 1000 = 2.429 | Init Dist = 12.806 | Init Dist 10 = 12.806 | Init Dist 100 = 12.806 | Init Dist 1000 = 12.806 | Learner Steps = 4096 | Learner Walltime = 805.919 | Min Dist = 0.028 | Min Dist 10 = 4.491 | Min Dist 100 = 4.247 | Min Dist 1000 = 1.675 | Steps Per Second = 76.609 | Success = 1.000 | Success 1000 = 0.792
I0502 15:19:43.615989 139579566835264 terminal.py:91] [Evaluator] Actor Episodes = 5451 | Actor Steps = 272550 | Delta Dist = 12.734 | Delta Dist 10 = 8.750 | Delta Dist 100 = 7.979 | Delta Dist 1000 = 10.377 | Episode Length = 50 | Episode Return = 20.0 | Evaluator Episodes = 1367 | Evaluator Steps = 68350 | Final Dist = 0.072 | Final Dist 10 = 4.056 | Final Dist 100 = 4.827 | Final Dist 1000 = 2.429 | Init Dist = 12.806 | Init Dist 10 = 12.806 | Init Dist 100 = 12.806 | Init Dist 1000 = 12.806 | Learner Steps = 4102 | Learner Walltime = 806.983 | Min Dist = 0.072 | Min Dist 10 = 3.468 | Min Dist 100 = 4.141 | Min Dist 1000 = 1.675 | Steps Per Second = 80.123 | Success = 1.000 | Success 1000 = 0.792
I0502 15:19:43.817930 139558059398720 terminal.py:91] [Actor] Actor Episodes = 5450 | Actor Steps = 272500 | Delta Dist = 8.772 | Delta Dist 10 = 5.589 | Delta Dist 100 = 4.635 | Delta Dist 1000 = 4.406 | Episode Length = 50 | Episode Return = 36.0 | Evaluator Episodes = 1365 | Evaluator Steps = 68250 | Final Dist = 0.447 | Final Dist 10 = 0.552 | Final Dist 100 = 1.226 | Final Dist 1000 = 1.684 | Init Dist = 9.220 | Init Dist 10 = 6.141 | Init Dist 100 = 5.861 | Init Dist 1000 = 6.090 | Learner Steps = 4102 | Learner Walltime = 806.983 | Min Dist = 0.128 | Min Dist 10 = 0.113 | Min Dist 100 = 0.132 | Min Dist 1000 = 0.236 | Steps Per Second = 81.674 | Success = 1.000 | Success 1000 = 0.989
I0502 15:19:44.895648 139579566835264 terminal.py:91] [Evaluator] Actor Episodes = 5459 | Actor Steps = 272950 | Delta Dist = 2.482 | Delta Dist 10 = 8.817 | Delta Dist 100 = 8.211 | Delta Dist 1000 = 10.378 | Episode Length = 50 | Episode Return = 0.0 | Evaluator Episodes = 1369 | Evaluator Steps = 68450 | Final Dist = 10.324 | Final Dist 10 = 3.989 | Final Dist 100 = 4.596 | Final Dist 1000 = 2.428 | Init Dist = 12.806 | Init Dist 10 = 12.806 | Init Dist 100 = 12.806 | Init Dist 1000 = 12.806 | Learner Steps = 4107 | Learner Walltime = 808.018 | Min Dist = 10.323 | Min Dist 10 = 3.402 | Min Dist 100 = 3.931 | Min Dist 1000 = 1.675 | Steps Per Second = 77.421 | Success = 0.000 | Success 1000 = 0.792
I0502 15:19:46.065418 139579566835264 terminal.py:91] [Evaluator] Actor Episodes = 5467 | Actor Steps = 273350 | Delta Dist = 11.915 | Delta Dist 10 = 9.595 | Delta Dist 100 = 8.204 | Delta Dist 1000 = 10.368 | Episode Length = 50 | Episode Return = 17.0 | Evaluator Episodes = 1371 | Evaluator Steps = 68550 | Final Dist = 0.891 | Final Dist 10 = 3.212 | Final Dist 100 = 4.602 | Final Dist 1000 = 2.438 | Init Dist = 12.806 | Init Dist 10 = 12.806 | Init Dist 100 = 12.806 | Init Dist 1000 = 12.806 | Learner Steps = 4113 | Learner Walltime = 809.288 | Min Dist = 0.227 | Min Dist 10 = 2.617 | Min Dist 100 = 3.930 | Min Dist 1000 = 1.685 | Steps Per Second = 84.236 | Success = 1.000 | Success 1000 = 0.791
I0502 15:19:46.112953 139584504182336 lp_utils.py:96] StepsLimiter: Reached 273350 recorded steps
I0502 15:19:47.278168 139579566835264 terminal.py:91] [Evaluator] Actor Episodes = 5475 | Actor Steps = 273750 | Delta Dist = 5.411 | Delta Dist 10 = 9.788 | Delta Dist 100 = 8.208 | Delta Dist 1000 = 10.358 | Episode Length = 50 | Episode Return = 0.0 | Evaluator Episodes = 1373 | Evaluator Steps = 68650 | Final Dist = 7.395 | Final Dist 10 = 3.019 | Final Dist 100 = 4.598 | Final Dist 1000 = 2.448 | Init Dist = 12.806 | Init Dist 10 = 12.806 | Init Dist 100 = 12.806 | Init Dist 1000 = 12.806 | Learner Steps = 4125 | Learner Walltime = 811.476 | Min Dist = 7.355 | Min Dist 10 = 2.617 | Min Dist 100 = 3.925 | Min Dist 1000 = 1.695 | Steps Per Second = 84.391 | Success = 0.000 | Success 1000 = 0.790
I0502 15:19:48.446398 139579566835264 terminal.py:91] [Evaluator] Actor Episodes = 5483 | Actor Steps = 274150 | Delta Dist = 12.336 | Delta Dist 10 = 9.411 | Delta Dist 100 = 8.199 | Delta Dist 1000 = 10.352 | Episode Length = 50 | Episode Return = 14.0 | Evaluator Episodes = 1375 | Evaluator Steps = 68750 | Final Dist = 0.471 | Final Dist 10 = 3.396 | Final Dist 100 = 4.607 | Final Dist 1000 = 2.455 | Init Dist = 12.806 | Init Dist 10 = 12.806 | Init Dist 100 = 12.806 | Init Dist 1000 = 12.806 | Learner Steps = 4131 | Learner Walltime = 812.623 | Min Dist = 0.171 | Min Dist 10 = 2.933 | Min Dist 100 = 3.941 | Min Dist 1000 = 1.702 | Steps Per Second = 88.489 | Success = 1.000 | Success 1000 = 0.789
I0502 15:19:49.532093 139579566835264 terminal.py:91] [Evaluator] Actor Episodes = 5489 | Actor Steps = 274450 | Delta Dist = 11.749 | Delta Dist 10 = 9.411 | Delta Dist 100 = 8.402 | Delta Dist 1000 = 10.358 | Episode Length = 50 | Episode Return = 18.0 | Evaluator Episodes = 1377 | Evaluator Steps = 68850 | Final Dist = 1.057 | Final Dist 10 = 3.395 | Final Dist 100 = 4.404 | Final Dist 1000 = 2.448 | Init Dist = 12.806 | Init Dist 10 = 12.806 | Init Dist 100 = 12.806 | Init Dist 1000 = 12.806 | Learner Steps = 4131 | Learner Walltime = 812.623 | Min Dist = 0.182 | Min Dist 10 = 2.967 | Min Dist 100 = 3.738 | Min Dist 1000 = 1.696 | Steps Per Second = 86.869 | Success = 1.000 | Success 1000 = 0.790
I0502 15:19:50.766509 139579566835264 terminal.py:91] [Evaluator] Actor Episodes = 5498 | Actor Steps = 274900 | Delta Dist = 1.719 | Delta Dist 10 = 8.348 | Delta Dist 100 = 8.414 | Delta Dist 1000 = 10.347 | Episode Length = 50 | Episode Return = 0.0 | Evaluator Episodes = 1379 | Evaluator Steps = 68950 | Final Dist = 11.087 | Final Dist 10 = 4.458 | Final Dist 100 = 4.392 | Final Dist 1000 = 2.459 | Init Dist = 12.806 | Init Dist 10 = 12.806 | Init Dist 100 = 12.806 | Init Dist 1000 = 12.806 | Learner Steps = 4138 | Learner Walltime = 813.967 | Min Dist = 10.554 | Min Dist 10 = 4.004 | Min Dist 100 = 3.728 | Min Dist 1000 = 1.706 | Steps Per Second = 85.095 | Success = 0.000 | Success 1000 = 0.789
I0502 15:19:50.833163 139557462840896 terminal.py:91] [Actor] Actor Episodes = 5497 | Actor Steps = 274850 | Delta Dist = 7.679 | Delta Dist 10 = 5.595 | Delta Dist 100 = 4.506 | Delta Dist 1000 = 4.382 | Episode Length = 50 | Episode Return = 26.0 | Evaluator Episodes = 1377 | Evaluator Steps = 68850 | Final Dist = 0.383 | Final Dist 10 = 2.046 | Final Dist 100 = 1.559 | Final Dist 1000 = 1.719 | Init Dist = 8.062 | Init Dist 10 = 7.641 | Init Dist 100 = 6.065 | Init Dist 1000 = 6.102 | Learner Steps = 4138 | Learner Walltime = 813.967 | Min Dist = 0.015 | Min Dist 10 = 0.279 | Min Dist 100 = 0.252 | Min Dist 1000 = 0.247 | Steps Per Second = 77.202 | Success = 1.000 | Success 1000 = 0.988
I0502 15:19:51.014774 139555013154368 terminal.py:91] [Learner] Actor Episodes = 5498 | Actor Loss = 3.740142345428467 | Actor Steps = 274900 | Binary Accuracy = 0.9959945678710938 | Categorical Accuracy = 0.4058837890625 | Critic Loss = 2.0306873321533203 | Entropy Mean = -17.12126350402832 | Evaluator Episodes = 1379 | Evaluator Steps = 68950 | Learner Steps = 4144 | Learner Walltime = 815.211 | Logits Neg = -16.25985336303711 | Logits Pos = -1.995582103729248 | Logsumexp = 1.2067768573760986 | Steps Per Second = 183.644
I0502 15:19:51.136682 139569349502528 terminal.py:91] [Actor] Actor Episodes = 5502 | Actor Steps = 275100 | Delta Dist = 7.857 | Delta Dist 10 = 5.283 | Delta Dist 100 = 4.514 | Delta Dist 1000 = 4.387 | Episode Length = 50 | Episode Return = 35.0 | Evaluator Episodes = 1379 | Evaluator Steps = 68950 | Final Dist = 0.143 | Final Dist 10 = 1.593 | Final Dist 100 = 1.545 | Final Dist 1000 = 1.707 | Init Dist = 8.000 | Init Dist 10 = 6.876 | Init Dist 100 = 6.059 | Init Dist 1000 = 6.094 | Learner Steps = 4144 | Learner Walltime = 815.211 | Min Dist = 0.143 | Min Dist 10 = 0.192 | Min Dist 100 = 0.254 | Min Dist 1000 = 0.248 | Steps Per Second = 80.298 | Success = 1.000 | Success 1000 = 0.988
I0502 15:19:51.710077 139555860620864 terminal.py:91] [Actor] Actor Episodes = 5501 | Actor Steps = 275050 | Delta Dist = 9.888 | Delta Dist 10 = 2.927 | Delta Dist 100 = 4.212 | Delta Dist 1000 = 4.364 | Episode Length = 50 | Episode Return = 36.0 | Evaluator Episodes = 1379 | Evaluator Steps = 68950 | Final Dist = 0.310 | Final Dist 10 = 3.235 | Final Dist 100 = 1.766 | Final Dist 1000 = 1.727 | Init Dist = 10.198 | Init Dist 10 = 6.162 | Init Dist 100 = 5.978 | Init Dist 1000 = 6.091 | Learner Steps = 4144 | Learner Walltime = 815.211 | Min Dist = 0.010 | Min Dist 10 = 0.158 | Min Dist 100 = 0.252 | Min Dist 1000 = 0.248 | Steps Per Second = 82.494 | Success = 1.000 | Success 1000 = 0.988
I0502 15:19:51.930104 139579566835264 terminal.py:91] [Evaluator] Actor Episodes = 5506 | Actor Steps = 275300 | Delta Dist = 12.290 | Delta Dist 10 = 8.277 | Delta Dist 100 = 8.409 | Delta Dist 1000 = 10.337 | Episode Length = 50 | Episode Return = 14.0 | Evaluator Episodes = 1381 | Evaluator Steps = 69050 | Final Dist = 0.516 | Final Dist 10 = 4.529 | Final Dist 100 = 4.397 | Final Dist 1000 = 2.470 | Init Dist = 12.806 | Init Dist 10 = 12.806 | Init Dist 100 = 12.806 | Init Dist 1000 = 12.806 | Learner Steps = 4144 | Learner Walltime = 815.211 | Min Dist = 0.227 | Min Dist 10 = 4.022 | Min Dist 100 = 3.731 | Min Dist 1000 = 1.716 | Steps Per Second = 86.642 | Success = 1.000 | Success 1000 = 0.788
I0502 15:19:53.122574 139579566835264 terminal.py:91] [Evaluator] Actor Episodes = 5514 | Actor Steps = 275700 | Delta Dist = 11.990 | Delta Dist 10 = 9.139 | Delta Dist 100 = 8.511 | Delta Dist 1000 = 10.335 | Episode Length = 50 | Episode Return = 9.0 | Evaluator Episodes = 1383 | Evaluator Steps = 69150 | Final Dist = 0.816 | Final Dist 10 = 3.667 | Final Dist 100 = 4.295 | Final Dist 1000 = 2.472 | Init Dist = 12.806 | Init Dist 10 = 12.806 | Init Dist 100 = 12.806 | Init Dist 1000 = 12.806 | Learner Steps = 4150 | Learner Walltime = 816.284 | Min Dist = 0.268 | Min Dist 10 = 3.063 | Min Dist 100 = 3.635 | Min Dist 1000 = 1.717 | Steps Per Second = 80.158 | Success = 1.000 | Success 1000 = 0.788
I0502 15:19:54.205929 139558059398720 terminal.py:91] [Actor] Actor Episodes = 5521 | Actor Steps = 276050 | Delta Dist = 3.178 | Delta Dist 10 = 3.621 | Delta Dist 100 = 4.253 | Delta Dist 1000 = 4.370 | Episode Length = 50 | Episode Return = 38.0 | Evaluator Episodes = 1383 | Evaluator Steps = 69150 | Final Dist = 0.427 | Final Dist 10 = 1.061 | Final Dist 100 = 1.720 | Final Dist 1000 = 1.713 | Init Dist = 3.606 | Init Dist 10 = 4.682 | Init Dist 100 = 5.974 | Init Dist 1000 = 6.083 | Learner Steps = 4156 | Learner Walltime = 817.377 | Min Dist = 0.078 | Min Dist 10 = 0.062 | Min Dist 100 = 0.229 | Min Dist 1000 = 0.247 | Steps Per Second = 77.280 | Success = 1.000 | Success 1000 = 0.988
I0502 15:19:54.363630 139579566835264 terminal.py:91] [Evaluator] Actor Episodes = 5522 | Actor Steps = 276100 | Delta Dist = 12.252 | Delta Dist 10 = 9.758 | Delta Dist 100 = 8.516 | Delta Dist 1000 = 10.335 | Episode Length = 50 | Episode Return = 12.0 | Evaluator Episodes = 1385 | Evaluator Steps = 69250 | Final Dist = 0.554 | Final Dist 10 = 3.048 | Final Dist 100 = 4.290 | Final Dist 1000 = 2.472 | Init Dist = 12.806 | Init Dist 10 = 12.806 | Init Dist 100 = 12.806 | Init Dist 1000 = 12.806 | Learner Steps = 4161 | Learner Walltime = 818.426 | Min Dist = 0.449 | Min Dist 10 = 2.387 | Min Dist 100 = 3.636 | Min Dist 1000 = 1.718 | Steps Per Second = 80.367 | Success = 1.000 | Success 1000 = 0.788
I0502 15:19:55.453791 139579566835264 terminal.py:91] [Evaluator] Actor Episodes = 5530 | Actor Steps = 276500 | Delta Dist = -0.014 | Delta Dist 10 = 9.812 | Delta Dist 100 = 8.625 | Delta Dist 1000 = 10.336 | Episode Length = 50 | Episode Return = 0.0 | Evaluator Episodes = 1387 | Evaluator Steps = 69350 | Final Dist = 12.821 | Final Dist 10 = 2.995 | Final Dist 100 = 4.182 | Final Dist 1000 = 2.470 | Init Dist = 12.806 | Init Dist 10 = 12.806 | Init Dist 100 = 12.806 | Init Dist 1000 = 12.806 | Learner Steps = 4161 | Learner Walltime = 818.426 | Min Dist = 10.413 | Min Dist 10 = 2.385 | Min Dist 100 = 3.521 | Min Dist 1000 = 1.718 | Steps Per Second = 98.205 | Success = 0.000 | Success 1000 = 0.788
I0502 15:19:56.132499 139584504182336 lp_utils.py:96] StepsLimiter: Reached 276800 recorded steps
I0502 15:19:56.985198 139579566835264 terminal.py:91] [Evaluator] Actor Episodes = 5540 | Actor Steps = 277000 | Delta Dist = 11.395 | Delta Dist 10 = 9.403 | Delta Dist 100 = 8.484 | Delta Dist 1000 = 10.312 | Episode Length = 50 | Episode Return = 7.0 | Evaluator Episodes = 1390 | Evaluator Steps = 69500 | Final Dist = 1.412 | Final Dist 10 = 3.403 | Final Dist 100 = 4.322 | Final Dist 1000 = 2.495 | Init Dist = 12.806 | Init Dist 10 = 12.806 | Init Dist 100 = 12.806 | Init Dist 1000 = 12.806 | Learner Steps = 4174 | Learner Walltime = 820.885 | Min Dist = 0.382 | Min Dist 10 = 2.373 | Min Dist 100 = 3.622 | Min Dist 1000 = 1.738 | Steps Per Second = 83.198 | Success = 1.000 | Success 1000 = 0.786
I0502 15:19:58.186599 139579566835264 terminal.py:91] [Evaluator] Actor Episodes = 5548 | Actor Steps = 277400 | Delta Dist = 12.035 | Delta Dist 10 = 9.313 | Delta Dist 100 = 8.485 | Delta Dist 1000 = 10.311 | Episode Length = 50 | Episode Return = 12.0 | Evaluator Episodes = 1392 | Evaluator Steps = 69600 | Final Dist = 0.771 | Final Dist 10 = 3.494 | Final Dist 100 = 4.322 | Final Dist 1000 = 2.496 | Init Dist = 12.806 | Init Dist 10 = 12.806 | Init Dist 100 = 12.806 | Init Dist 1000 = 12.806 | Learner Steps = 4180 | Learner Walltime = 822.068 | Min Dist = 0.435 | Min Dist 10 = 2.390 | Min Dist 100 = 3.622 | Min Dist 1000 = 1.739 | Steps Per Second = 83.759 | Success = 1.000 | Success 1000 = 0.786
I0502 15:19:59.350136 139579566835264 terminal.py:91] [Evaluator] Actor Episodes = 5556 | Actor Steps = 277800 | Delta Dist = 12.082 | Delta Dist 10 = 9.403 | Delta Dist 100 = 8.584 | Delta Dist 1000 = 10.311 | Episode Length = 50 | Episode Return = 20.0 | Evaluator Episodes = 1394 | Evaluator Steps = 69700 | Final Dist = 0.725 | Final Dist 10 = 3.403 | Final Dist 100 = 4.222 | Final Dist 1000 = 2.495 | Init Dist = 12.806 | Init Dist 10 = 12.806 | Init Dist 100 = 12.806 | Init Dist 1000 = 12.806 | Learner Steps = 4187 | Learner Walltime = 823.259 | Min Dist = 0.262 | Min Dist 10 = 2.370 | Min Dist 100 = 3.522 | Min Dist 1000 = 1.739 | Steps Per Second = 87.333 | Success = 1.000 | Success 1000 = 0.786
I0502 15:20:00.476614 139579566835264 terminal.py:91] [Evaluator] Actor Episodes = 5562 | Actor Steps = 278100 | Delta Dist = 11.209 | Delta Dist 10 = 8.597 | Delta Dist 100 = 8.498 | Delta Dist 1000 = 10.303 | Episode Length = 50 | Episode Return = 0.0 | Evaluator Episodes = 1396 | Evaluator Steps = 69800 | Final Dist = 1.597 | Final Dist 10 = 4.209 | Final Dist 100 = 4.308 | Final Dist 1000 = 2.503 | Init Dist = 12.806 | Init Dist 10 = 12.806 | Init Dist 100 = 12.806 | Init Dist 1000 = 12.806 | Learner Steps = 4193 | Learner Walltime = 824.440 | Min Dist = 1.092 | Min Dist 10 = 3.028 | Min Dist 100 = 3.595 | Min Dist 1000 = 1.746 | Steps Per Second = 91.607 | Success = 0.000 | Success 1000 = 0.785
I0502 15:20:01.296547 139557462840896 terminal.py:91] [Actor] Actor Episodes = 5569 | Actor Steps = 278450 | Delta Dist = 7.583 | Delta Dist 10 = 4.410 | Delta Dist 100 = 4.284 | Delta Dist 1000 = 4.352 | Episode Length = 50 | Episode Return = 32.0 | Evaluator Episodes = 1396 | Evaluator Steps = 69800 | Final Dist = 0.032 | Final Dist 10 = 1.988 | Final Dist 100 = 1.598 | Final Dist 1000 = 1.695 | Init Dist = 7.616 | Init Dist 10 = 6.398 | Init Dist 100 = 5.883 | Init Dist 1000 = 6.047 | Learner Steps = 4193 | Learner Walltime = 824.440 | Min Dist = 0.032 | Min Dist 10 = 0.545 | Min Dist 100 = 0.234 | Min Dist 1000 = 0.252 | Steps Per Second = 87.744 | Success = 1.000 | Success 1000 = 0.987
I0502 15:20:01.302884 139569349502528 terminal.py:91] [Actor] Actor Episodes = 5567 | Actor Steps = 278350 | Delta Dist = 7.426 | Delta Dist 10 = 4.410 | Delta Dist 100 = 4.284 | Delta Dist 1000 = 4.352 | Episode Length = 50 | Episode Return = 31.0 | Evaluator Episodes = 1396 | Evaluator Steps = 69800 | Final Dist = 0.190 | Final Dist 10 = 1.988 | Final Dist 100 = 1.598 | Final Dist 1000 = 1.695 | Init Dist = 7.616 | Init Dist 10 = 6.398 | Init Dist 100 = 5.883 | Init Dist 1000 = 6.047 | Learner Steps = 4193 | Learner Walltime = 824.440 | Min Dist = 0.032 | Min Dist 10 = 0.545 | Min Dist 100 = 0.234 | Min Dist 1000 = 0.252 | Steps Per Second = 84.894 | Success = 1.000 | Success 1000 = 0.987
I0502 15:20:01.427756 139555013154368 terminal.py:91] [Learner] Actor Episodes = 5570 | Actor Loss = 3.7403013706207275 | Actor Steps = 278500 | Binary Accuracy = 0.995948076248169 | Categorical Accuracy = 0.3975830078125 | Critic Loss = 2.095975875854492 | Entropy Mean = -15.803909301757812 | Evaluator Episodes = 1396 | Evaluator Steps = 69800 | Learner Steps = 4199 | Learner Walltime = 825.625 | Logits Neg = -15.61241340637207 | Logits Pos = -2.0567235946655273 | Logsumexp = 1.2691749334335327 | Steps Per Second = 132.876
I0502 15:20:01.672982 139579566835264 terminal.py:91] [Evaluator] Actor Episodes = 5572 | Actor Steps = 278600 | Delta Dist = 11.789 | Delta Dist 10 = 9.626 | Delta Dist 100 = 8.497 | Delta Dist 1000 = 10.310 | Episode Length = 50 | Episode Return = 2.0 | Evaluator Episodes = 1398 | Evaluator Steps = 69900 | Final Dist = 1.017 | Final Dist 10 = 3.180 | Final Dist 100 = 4.309 | Final Dist 1000 = 2.496 | Init Dist = 12.806 | Init Dist 10 = 12.806 | Init Dist 100 = 12.806 | Init Dist 1000 = 12.806 | Learner Steps = 4199 | Learner Walltime = 825.625 | Min Dist = 0.540 | Min Dist 10 = 2.119 | Min Dist 100 = 3.595 | Min Dist 1000 = 1.740 | Steps Per Second = 80.674 | Success = 1.000 | Success 1000 = 0.785
I0502 15:20:02.257288 139555860620864 terminal.py:91] [Actor] Actor Episodes = 5573 | Actor Steps = 278650 | Delta Dist = 7.807 | Delta Dist 10 = 4.793 | Delta Dist 100 = 4.300 | Delta Dist 1000 = 4.356 | Episode Length = 50 | Episode Return = 32.0 | Evaluator Episodes = 1396 | Evaluator Steps = 69800 | Final Dist = 0.439 | Final Dist 10 = 1.749 | Final Dist 100 = 1.632 | Final Dist 1000 = 1.690 | Init Dist = 8.246 | Init Dist 10 = 6.541 | Init Dist 100 = 5.932 | Init Dist 1000 = 6.046 | Learner Steps = 4199 | Learner Walltime = 825.625 | Min Dist = 0.038 | Min Dist 10 = 0.237 | Min Dist 100 = 0.246 | Min Dist 1000 = 0.252 | Steps Per Second = 82.437 | Success = 1.000 | Success 1000 = 0.987
I0502 15:20:02.894251 139579566835264 terminal.py:91] [Evaluator] Actor Episodes = 5580 | Actor Steps = 279000 | Delta Dist = 12.141 | Delta Dist 10 = 10.766 | Delta Dist 100 = 8.589 | Delta Dist 1000 = 10.310 | Episode Length = 50 | Episode Return = 10.0 | Evaluator Episodes = 1400 | Evaluator Steps = 70000 | Final Dist = 0.665 | Final Dist 10 = 2.040 | Final Dist 100 = 4.218 | Final Dist 1000 = 2.497 | Init Dist = 12.806 | Init Dist 10 = 12.806 | Init Dist 100 = 12.806 | Init Dist 1000 = 12.806 | Learner Steps = 4206 | Learner Walltime = 826.804 | Min Dist = 0.105 | Min Dist 10 = 1.154 | Min Dist 100 = 3.498 | Min Dist 1000 = 1.740 | Steps Per Second = 77.429 | Success = 1.000 | Success 1000 = 0.785
I0502 15:20:04.087359 139579566835264 terminal.py:91] [Evaluator] Actor Episodes = 5586 | Actor Steps = 279300 | Delta Dist = 2.380 | Delta Dist 10 = 10.886 | Delta Dist 100 = 8.601 | Delta Dist 1000 = 10.320 | Episode Length = 50 | Episode Return = 0.0 | Evaluator Episodes = 1402 | Evaluator Steps = 70100 | Final Dist = 10.426 | Final Dist 10 = 1.921 | Final Dist 100 = 4.205 | Final Dist 1000 = 2.487 | Init Dist = 12.806 | Init Dist 10 = 12.806 | Init Dist 100 = 12.806 | Init Dist 1000 = 12.806 | Learner Steps = 4211 | Learner Walltime = 827.840 | Min Dist = 10.426 | Min Dist 10 = 1.107 | Min Dist 100 = 3.495 | Min Dist 1000 = 1.731 | Steps Per Second = 88.870 | Success = 0.000 | Success 1000 = 0.787
I0502 15:20:04.430647 139558059398720 terminal.py:91] [Actor] Actor Episodes = 5594 | Actor Steps = 279700 | Delta Dist = 2.863 | Delta Dist 10 = 2.523 | Delta Dist 100 = 4.190 | Delta Dist 1000 = 4.342 | Episode Length = 50 | Episode Return = 49.0 | Evaluator Episodes = 1402 | Evaluator Steps = 70100 | Final Dist = 0.137 | Final Dist 10 = 1.531 | Final Dist 100 = 1.612 | Final Dist 1000 = 1.684 | Init Dist = 3.000 | Init Dist 10 = 4.054 | Init Dist 100 = 5.803 | Init Dist 1000 = 6.025 | Learner Steps = 4211 | Learner Walltime = 827.840 | Min Dist = 0.113 | Min Dist 10 = 0.138 | Min Dist 100 = 0.234 | Min Dist 1000 = 0.251 | Steps Per Second = 83.705 | Success = 1.000 | Success 1000 = 0.987
I0502 15:20:05.187428 139579566835264 terminal.py:91] [Evaluator] Actor Episodes = 5594 | Actor Steps = 279700 | Delta Dist = 11.554 | Delta Dist 10 = 8.995 | Delta Dist 100 = 8.412 | Delta Dist 1000 = 10.300 | Episode Length = 50 | Episode Return = 1.0 | Evaluator Episodes = 1404 | Evaluator Steps = 70200 | Final Dist = 1.252 | Final Dist 10 = 3.811 | Final Dist 100 = 4.394 | Final Dist 1000 = 2.506 | Init Dist = 12.806 | Init Dist 10 = 12.806 | Init Dist 100 = 12.806 | Init Dist 1000 = 12.806 | Learner Steps = 4218 | Learner Walltime = 829.075 | Min Dist = 0.613 | Min Dist 10 = 3.109 | Min Dist 100 = 3.699 | Min Dist 1000 = 1.751 | Steps Per Second = 96.478 | Success = 1.000 | Success 1000 = 0.785
I0502 15:20:06.150236 139584504182336 lp_utils.py:96] StepsLimiter: Reached 280150 recorded steps
I0502 15:20:06.280032 139579566835264 terminal.py:91] [Evaluator] Actor Episodes = 5603 | Actor Steps = 280150 | Delta Dist = 12.294 | Delta Dist 10 = 9.762 | Delta Dist 100 = 8.413 | Delta Dist 1000 = 10.300 | Episode Length = 50 | Episode Return = 3.0 | Evaluator Episodes = 1406 | Evaluator Steps = 70300 | Final Dist = 0.512 | Final Dist 10 = 3.044 | Final Dist 100 = 4.394 | Final Dist 1000 = 2.507 | Init Dist = 12.806 | Init Dist 10 = 12.806 | Init Dist 100 = 12.806 | Init Dist 1000 = 12.806 | Learner Steps = 4225 | Learner Walltime = 830.281 | Min Dist = 0.056 | Min Dist 10 = 2.436 | Min Dist 100 = 3.703 | Min Dist 1000 = 1.751 | Steps Per Second = 89.586 | Success = 1.000 | Success 1000 = 0.785
I0502 15:20:07.427572 139579566835264 terminal.py:91] [Evaluator] Actor Episodes = 5611 | Actor Steps = 280550 | Delta Dist = 1.335 | Delta Dist 10 = 9.922 | Delta Dist 100 = 8.522 | Delta Dist 1000 = 10.300 | Episode Length = 50 | Episode Return = 0.0 | Evaluator Episodes = 1408 | Evaluator Steps = 70400 | Final Dist = 11.471 | Final Dist 10 = 2.884 | Final Dist 100 = 4.285 | Final Dist 1000 = 2.506 | Init Dist = 12.806 | Init Dist 10 = 12.806 | Init Dist 100 = 12.806 | Init Dist 1000 = 12.806 | Learner Steps = 4231 | Learner Walltime = 831.402 | Min Dist = 10.576 | Min Dist 10 = 2.352 | Min Dist 100 = 3.604 | Min Dist 1000 = 1.751 | Steps Per Second = 84.796 | Success = 0.000 | Success 1000 = 0.785
I0502 15:20:08.712717 139579566835264 terminal.py:91] [Evaluator] Actor Episodes = 5621 | Actor Steps = 281050 | Delta Dist = 6.645 | Delta Dist 10 = 8.986 | Delta Dist 100 = 8.472 | Delta Dist 1000 = 10.289 | Episode Length = 50 | Episode Return = 0.0 | Evaluator Episodes = 1410 | Evaluator Steps = 70500 | Final Dist = 6.162 | Final Dist 10 = 3.820 | Final Dist 100 = 4.334 | Final Dist 1000 = 2.517 | Init Dist = 12.806 | Init Dist 10 = 12.806 | Init Dist 100 = 12.806 | Init Dist 1000 = 12.806 | Learner Steps = 4236 | Learner Walltime = 832.420 | Min Dist = 6.162 | Min Dist 10 = 3.344 | Min Dist 100 = 3.652 | Min Dist 1000 = 1.761 | Steps Per Second = 78.838 | Success = 0.000 | Success 1000 = 0.784
I0502 15:20:09.825459 139579566835264 terminal.py:91] [Evaluator] Actor Episodes = 5627 | Actor Steps = 281350 | Delta Dist = 11.442 | Delta Dist 10 = 8.389 | Delta Dist 100 = 8.627 | Delta Dist 1000 = 10.283 | Episode Length = 50 | Episode Return = 1.0 | Evaluator Episodes = 1412 | Evaluator Steps = 70600 | Final Dist = 1.364 | Final Dist 10 = 4.417 | Final Dist 100 = 4.180 | Final Dist 1000 = 2.524 | Init Dist = 12.806 | Init Dist 10 = 12.806 | Init Dist 100 = 12.806 | Init Dist 1000 = 12.806 | Learner Steps = 4242 | Learner Walltime = 833.540 | Min Dist = 0.052 | Min Dist 10 = 3.969 | Min Dist 100 = 3.505 | Min Dist 1000 = 1.768 | Steps Per Second = 96.390 | Success = 1.000 | Success 1000 = 0.783
I0502 15:20:10.984815 139579566835264 terminal.py:91] [Evaluator] Actor Episodes = 5635 | Actor Steps = 281750 | Delta Dist = 12.310 | Delta Dist 10 = 9.555 | Delta Dist 100 = 8.549 | Delta Dist 1000 = 10.283 | Episode Length = 50 | Episode Return = 26.0 | Evaluator Episodes = 1414 | Evaluator Steps = 70700 | Final Dist = 0.496 | Final Dist 10 = 3.251 | Final Dist 100 = 4.257 | Final Dist 1000 = 2.523 | Init Dist = 12.806 | Init Dist 10 = 12.806 | Init Dist 100 = 12.806 | Init Dist 1000 = 12.806 | Learner Steps = 4248 | Learner Walltime = 834.597 | Min Dist = 0.247 | Min Dist 10 = 2.587 | Min Dist 100 = 3.569 | Min Dist 1000 = 1.766 | Steps Per Second = 86.703 | Success = 1.000 | Success 1000 = 0.783
I0502 15:20:11.582900 139569349502528 terminal.py:91] [Actor] Actor Episodes = 5638 | Actor Steps = 281900 | Delta Dist = -0.161 | Delta Dist 10 = 3.360 | Delta Dist 100 = 4.210 | Delta Dist 1000 = 4.389 | Episode Length = 50 | Episode Return = 0.0 | Evaluator Episodes = 1414 | Evaluator Steps = 70700 | Final Dist = 6.161 | Final Dist 10 = 1.551 | Final Dist 100 = 1.533 | Final Dist 1000 = 1.633 | Init Dist = 6.000 | Init Dist 10 = 4.912 | Init Dist 100 = 5.743 | Init Dist 1000 = 6.022 | Learner Steps = 4248 | Learner Walltime = 834.597 | Min Dist = 0.010 | Min Dist 10 = 0.133 | Min Dist 100 = 0.222 | Min Dist 1000 = 0.247 | Steps Per Second = 97.221 | Success = 1.000 | Success 1000 = 0.989
I0502 15:20:11.682366 139555013154368 terminal.py:91] [Learner] Actor Episodes = 5641 | Actor Loss = 3.664057731628418 | Actor Steps = 282050 | Binary Accuracy = 0.9957942962646484 | Categorical Accuracy = 0.3968505859375 | Critic Loss = 2.097348213195801 | Entropy Mean = -14.826026916503906 | Evaluator Episodes = 1414 | Evaluator Steps = 70700 | Learner Steps = 4255 | Learner Walltime = 835.882 | Logits Neg = -16.017131805419922 | Logits Pos = -2.0828089714050293 | Logsumexp = 1.446305751800537 | Steps Per Second = 204.333
I0502 15:20:11.687880 139557462840896 terminal.py:91] [Actor] Actor Episodes = 5640 | Actor Steps = 282000 | Delta Dist = 4.917 | Delta Dist 10 = 2.875 | Delta Dist 100 = 4.200 | Delta Dist 1000 = 4.378 | Episode Length = 50 | Episode Return = 18.0 | Evaluator Episodes = 1414 | Evaluator Steps = 70700 | Final Dist = 0.182 | Final Dist 10 = 1.631 | Final Dist 100 = 1.552 | Final Dist 1000 = 1.635 | Init Dist = 5.099 | Init Dist 10 = 4.506 | Init Dist 100 = 5.752 | Init Dist 1000 = 6.013 | Learner Steps = 4248 | Learner Walltime = 834.597 | Min Dist = 0.031 | Min Dist 10 = 0.327 | Min Dist 100 = 0.240 | Min Dist 1000 = 0.249 | Steps Per Second = 85.297 | Success = 1.000 | Success 1000 = 0.989
I0502 15:20:12.122891 139579566835264 terminal.py:91] [Evaluator] Actor Episodes = 5644 | Actor Steps = 282200 | Delta Dist = 12.356 | Delta Dist 10 = 9.641 | Delta Dist 100 = 8.673 | Delta Dist 1000 = 10.286 | Episode Length = 50 | Episode Return = 9.0 | Evaluator Episodes = 1416 | Evaluator Steps = 70800 | Final Dist = 0.450 | Final Dist 10 = 3.165 | Final Dist 100 = 4.133 | Final Dist 1000 = 2.521 | Init Dist = 12.806 | Init Dist 10 = 12.806 | Init Dist 100 = 12.806 | Init Dist 1000 = 12.806 | Learner Steps = 4255 | Learner Walltime = 835.882 | Min Dist = 0.331 | Min Dist 10 = 2.562 | Min Dist 100 = 3.469 | Min Dist 1000 = 1.766 | Steps Per Second = 90.994 | Success = 1.000 | Success 1000 = 0.783
I0502 15:20:12.752172 139555860620864 terminal.py:91] [Actor] Actor Episodes = 5650 | Actor Steps = 282500 | Delta Dist = 10.521 | Delta Dist 10 = 4.313 | Delta Dist 100 = 4.349 | Delta Dist 1000 = 4.371 | Episode Length = 50 | Episode Return = 19.0 | Evaluator Episodes = 1416 | Evaluator Steps = 70800 | Final Dist = 0.109 | Final Dist 10 = 0.928 | Final Dist 100 = 1.432 | Final Dist 1000 = 1.637 | Init Dist = 10.630 | Init Dist 10 = 5.241 | Init Dist 100 = 5.782 | Init Dist 1000 = 6.008 | Learner Steps = 4255 | Learner Walltime = 835.882 | Min Dist = 0.008 | Min Dist 10 = 0.280 | Min Dist 100 = 0.239 | Min Dist 1000 = 0.249 | Steps Per Second = 83.019 | Success = 1.000 | Success 1000 = 0.989
I0502 15:20:13.319830 139579566835264 terminal.py:91] [Evaluator] Actor Episodes = 5654 | Actor Steps = 282700 | Delta Dist = 12.661 | Delta Dist 10 = 8.722 | Delta Dist 100 = 8.576 | Delta Dist 1000 = 10.292 | Episode Length = 50 | Episode Return = 20.0 | Evaluator Episodes = 1418 | Evaluator Steps = 70900 | Final Dist = 0.146 | Final Dist 10 = 4.084 | Final Dist 100 = 4.230 | Final Dist 1000 = 2.514 | Init Dist = 12.806 | Init Dist 10 = 12.806 | Init Dist 100 = 12.806 | Init Dist 1000 = 12.806 | Learner Steps = 4261 | Learner Walltime = 837.070 | Min Dist = 0.146 | Min Dist 10 = 3.558 | Min Dist 100 = 3.565 | Min Dist 1000 = 1.761 | Steps Per Second = 82.893 | Success = 1.000 | Success 1000 = 0.784
I0502 15:20:14.434834 139579566835264 terminal.py:91] [Evaluator] Actor Episodes = 5662 | Actor Steps = 283100 | Delta Dist = 2.368 | Delta Dist 10 = 8.830 | Delta Dist 100 = 8.607 | Delta Dist 1000 = 10.282 | Episode Length = 50 | Episode Return = 0.0 | Evaluator Episodes = 1420 | Evaluator Steps = 71000 | Final Dist = 10.438 | Final Dist 10 = 3.977 | Final Dist 100 = 4.199 | Final Dist 1000 = 2.524 | Init Dist = 12.806 | Init Dist 10 = 12.806 | Init Dist 100 = 12.806 | Init Dist 1000 = 12.806 | Learner Steps = 4267 | Learner Walltime = 838.118 | Min Dist = 10.306 | Min Dist 10 = 3.495 | Min Dist 100 = 3.546 | Min Dist 1000 = 1.771 | Steps Per Second = 89.313 | Success = 0.000 | Success 1000 = 0.783
I0502 15:20:14.721889 139558059398720 terminal.py:91] [Actor] Actor Episodes = 5661 | Actor Steps = 283050 | Delta Dist = -0.845 | Delta Dist 10 = 4.256 | Delta Dist 100 = 4.420 | Delta Dist 1000 = 4.362 | Episode Length = 50 | Episode Return = 0.0 | Evaluator Episodes = 1418 | Evaluator Steps = 70900 | Final Dist = 3.081 | Final Dist 10 = 1.097 | Final Dist 100 = 1.414 | Final Dist 1000 = 1.638 | Init Dist = 2.236 | Init Dist 10 = 5.352 | Init Dist 100 = 5.833 | Init Dist 1000 = 6.000 | Learner Steps = 4267 | Learner Walltime = 838.118 | Min Dist = 0.053 | Min Dist 10 = 0.161 | Min Dist 100 = 0.210 | Min Dist 1000 = 0.257 | Steps Per Second = 77.006 | Success = 1.000 | Success 1000 = 0.990
I0502 15:20:15.641385 139579566835264 terminal.py:91] [Evaluator] Actor Episodes = 5672 | Actor Steps = 283600 | Delta Dist = 11.714 | Delta Dist 10 = 8.115 | Delta Dist 100 = 8.542 | Delta Dist 1000 = 10.273 | Episode Length = 50 | Episode Return = 4.0 | Evaluator Episodes = 1422 | Evaluator Steps = 71100 | Final Dist = 1.092 | Final Dist 10 = 4.691 | Final Dist 100 = 4.264 | Final Dist 1000 = 2.534 | Init Dist = 12.806 | Init Dist 10 = 12.806 | Init Dist 100 = 12.806 | Init Dist 1000 = 12.806 | Learner Steps = 4273 | Learner Walltime = 839.284 | Min Dist = 0.143 | Min Dist 10 = 4.293 | Min Dist 100 = 3.610 | Min Dist 1000 = 1.781 | Steps Per Second = 82.787 | Success = 1.000 | Success 1000 = 0.782
I0502 15:20:16.167549 139584504182336 lp_utils.py:96] StepsLimiter: Reached 283700 recorded steps
I0502 15:20:16.740921 139579566835264 terminal.py:91] [Evaluator] Actor Episodes = 5678 | Actor Steps = 283900 | Delta Dist = 1.282 | Delta Dist 10 = 8.841 | Delta Dist 100 = 8.662 | Delta Dist 1000 = 10.274 | Episode Length = 50 | Episode Return = 0.0 | Evaluator Episodes = 1424 | Evaluator Steps = 71200 | Final Dist = 11.525 | Final Dist 10 = 3.965 | Final Dist 100 = 4.144 | Final Dist 1000 = 2.532 | Init Dist = 12.806 | Init Dist 10 = 12.806 | Init Dist 100 = 12.806 | Init Dist 1000 = 12.806 | Learner Steps = 4280 | Learner Walltime = 840.464 | Min Dist = 10.435 | Min Dist 10 = 3.677 | Min Dist 100 = 3.510 | Min Dist 1000 = 1.781 | Steps Per Second = 90.058 | Success = 0.000 | Success 1000 = 0.783
I0502 15:20:17.853664 139579566835264 terminal.py:91] [Evaluator] Actor Episodes = 5686 | Actor Steps = 284300 | Delta Dist = 1.270 | Delta Dist 10 = 6.706 | Delta Dist 100 = 8.544 | Delta Dist 1000 = 10.253 | Episode Length = 50 | Episode Return = 0.0 | Evaluator Episodes = 1426 | Evaluator Steps = 71300 | Final Dist = 11.536 | Final Dist 10 = 6.100 | Final Dist 100 = 4.262 | Final Dist 1000 = 2.553 | Init Dist = 12.806 | Init Dist 10 = 12.806 | Init Dist 100 = 12.806 | Init Dist 1000 = 12.806 | Learner Steps = 4285 | Learner Walltime = 841.503 | Min Dist = 10.265 | Min Dist 10 = 5.700 | Min Dist 100 = 3.615 | Min Dist 1000 = 1.801 | Steps Per Second = 89.464 | Success = 0.000 | Success 1000 = 0.781
I0502 15:20:19.058032 139579566835264 terminal.py:91] [Evaluator] Actor Episodes = 5694 | Actor Steps = 284700 | Delta Dist = 12.061 | Delta Dist 10 = 6.572 | Delta Dist 100 = 8.508 | Delta Dist 1000 = 10.258 | Episode Length = 50 | Episode Return = 13.0 | Evaluator Episodes = 1428 | Evaluator Steps = 71400 | Final Dist = 0.745 | Final Dist 10 = 6.234 | Final Dist 100 = 4.299 | Final Dist 1000 = 2.548 | Init Dist = 12.806 | Init Dist 10 = 12.806 | Init Dist 100 = 12.806 | Init Dist 1000 = 12.806 | Learner Steps = 4291 | Learner Walltime = 842.664 | Min Dist = 0.123 | Min Dist 10 = 5.678 | Min Dist 100 = 3.645 | Min Dist 1000 = 1.796 | Steps Per Second = 85.007 | Success = 1.000 | Success 1000 = 0.782
I0502 15:20:20.247500 139579566835264 terminal.py:91] [Evaluator] Actor Episodes = 5702 | Actor Steps = 285100 | Delta Dist = 11.903 | Delta Dist 10 = 6.524 | Delta Dist 100 = 8.513 | Delta Dist 1000 = 10.249 | Episode Length = 50 | Episode Return = 3.0 | Evaluator Episodes = 1430 | Evaluator Steps = 71500 | Final Dist = 0.903 | Final Dist 10 = 6.282 | Final Dist 100 = 4.293 | Final Dist 1000 = 2.557 | Init Dist = 12.806 | Init Dist 10 = 12.806 | Init Dist 100 = 12.806 | Init Dist 1000 = 12.806 | Learner Steps = 4297 | Learner Walltime = 843.838 | Min Dist = 0.313 | Min Dist 10 = 5.692 | Min Dist 100 = 3.641 | Min Dist 1000 = 1.806 | Steps Per Second = 82.007 | Success = 1.000 | Success 1000 = 0.781
I0502 15:20:21.541494 139579566835264 terminal.py:91] [Evaluator] Actor Episodes = 5710 | Actor Steps = 285500 | Delta Dist = 12.581 | Delta Dist 10 = 7.777 | Delta Dist 100 = 8.614 | Delta Dist 1000 = 10.257 | Episode Length = 50 | Episode Return = 11.0 | Evaluator Episodes = 1432 | Evaluator Steps = 71600 | Final Dist = 0.225 | Final Dist 10 = 5.029 | Final Dist 100 = 4.192 | Final Dist 1000 = 2.549 | Init Dist = 12.806 | Init Dist 10 = 12.806 | Init Dist 100 = 12.806 | Init Dist 1000 = 12.806 | Learner Steps = 4304 | Learner Walltime = 845.216 | Min Dist = 0.200 | Min Dist 10 = 4.313 | Min Dist 100 = 3.538 | Min Dist 1000 = 1.799 | Steps Per Second = 81.738 | Success = 1.000 | Success 1000 = 0.782
I0502 15:20:21.650131 139569349502528 terminal.py:91] [Actor] Actor Episodes = 5712 | Actor Steps = 285600 | Delta Dist = 4.693 | Delta Dist 10 = 3.768 | Delta Dist 100 = 4.072 | Delta Dist 1000 = 4.298 | Episode Length = 50 | Episode Return = 0.0 | Evaluator Episodes = 1432 | Evaluator Steps = 71600 | Final Dist = 0.963 | Final Dist 10 = 3.484 | Final Dist 100 = 1.777 | Final Dist 1000 = 1.689 | Init Dist = 5.657 | Init Dist 10 = 7.251 | Init Dist 100 = 5.849 | Init Dist 1000 = 5.987 | Learner Steps = 4304 | Learner Walltime = 845.216 | Min Dist = 0.136 | Min Dist 10 = 0.556 | Min Dist 100 = 0.309 | Min Dist 1000 = 0.246 | Steps Per Second = 84.968 | Success = 1.000 | Success 1000 = 0.988
I0502 15:20:21.781652 139555013154368 terminal.py:91] [Learner] Actor Episodes = 5704 | Actor Loss = 3.7927770614624023 | Actor Steps = 285200 | Binary Accuracy = 0.9960296154022217 | Categorical Accuracy = 0.41741943359375 | Critic Loss = 2.019118309020996 | Entropy Mean = -16.850830078125 | Evaluator Episodes = 1430 | Evaluator Steps = 71500 | Learner Steps = 4309 | Learner Walltime = 845.977 | Logits Neg = -16.195083618164062 | Logits Pos = -2.04095196723938 | Logsumexp = 1.1958117485046387 | Steps Per Second = 540.170
I0502 15:20:22.149221 139557462840896 terminal.py:91] [Actor] Actor Episodes = 5711 | Actor Steps = 285550 | Delta Dist = 2.356 | Delta Dist 10 = 3.704 | Delta Dist 100 = 4.043 | Delta Dist 1000 = 4.293 | Episode Length = 50 | Episode Return = 38.0 | Evaluator Episodes = 1430 | Evaluator Steps = 71500 | Final Dist = 0.644 | Final Dist 10 = 2.973 | Final Dist 100 = 1.860 | Final Dist 1000 = 1.696 | Init Dist = 3.000 | Init Dist 10 = 6.677 | Init Dist 100 = 5.903 | Init Dist 1000 = 5.989 | Learner Steps = 4304 | Learner Walltime = 845.216 | Min Dist = 0.128 | Min Dist 10 = 0.604 | Min Dist 100 = 0.315 | Min Dist 1000 = 0.246 | Steps Per Second = 78.274 | Success = 1.000 | Success 1000 = 0.988
I0502 15:20:22.719523 139579566835264 terminal.py:91] [Evaluator] Actor Episodes = 5718 | Actor Steps = 285900 | Delta Dist = 12.457 | Delta Dist 10 = 6.877 | Delta Dist 100 = 8.520 | Delta Dist 1000 = 10.255 | Episode Length = 50 | Episode Return = 21.0 | Evaluator Episodes = 1434 | Evaluator Steps = 71700 | Final Dist = 0.349 | Final Dist 10 = 5.929 | Final Dist 100 = 4.287 | Final Dist 1000 = 2.551 | Init Dist = 12.806 | Init Dist 10 = 12.806 | Init Dist 100 = 12.806 | Init Dist 1000 = 12.806 | Learner Steps = 4311 | Learner Walltime = 846.560 | Min Dist = 0.302 | Min Dist 10 = 5.291 | Min Dist 100 = 3.640 | Min Dist 1000 = 1.802 | Steps Per Second = 91.522 | Success = 1.000 | Success 1000 = 0.782
I0502 15:20:22.869572 139555860620864 terminal.py:91] [Actor] Actor Episodes = 5715 | Actor Steps = 285750 | Delta Dist = 7.946 | Delta Dist 10 = 4.127 | Delta Dist 100 = 4.085 | Delta Dist 1000 = 4.283 | Episode Length = 50 | Episode Return = 35.0 | Evaluator Episodes = 1432 | Evaluator Steps = 71600 | Final Dist = 0.998 | Final Dist 10 = 2.137 | Final Dist 100 = 1.881 | Final Dist 1000 = 1.695 | Init Dist = 8.944 | Init Dist 10 = 6.264 | Init Dist 100 = 5.966 | Init Dist 1000 = 5.978 | Learner Steps = 4304 | Learner Walltime = 845.216 | Min Dist = 0.087 | Min Dist 10 = 0.115 | Min Dist 100 = 0.316 | Min Dist 1000 = 0.246 | Steps Per Second = 84.990 | Success = 1.000 | Success 1000 = 0.988
I0502 15:20:23.940200 139579566835264 terminal.py:91] [Evaluator] Actor Episodes = 5726 | Actor Steps = 286300 | Delta Dist = 8.902 | Delta Dist 10 = 8.635 | Delta Dist 100 = 8.504 | Delta Dist 1000 = 10.259 | Episode Length = 50 | Episode Return = 0.0 | Evaluator Episodes = 1436 | Evaluator Steps = 71800 | Final Dist = 3.904 | Final Dist 10 = 4.171 | Final Dist 100 = 4.302 | Final Dist 1000 = 2.547 | Init Dist = 12.806 | Init Dist 10 = 12.806 | Init Dist 100 = 12.806 | Init Dist 1000 = 12.806 | Learner Steps = 4318 | Learner Walltime = 847.815 | Min Dist = 3.904 | Min Dist 10 = 3.726 | Min Dist 100 = 3.668 | Min Dist 1000 = 1.800 | Steps Per Second = 82.398 | Success = 0.000 | Success 1000 = 0.782
I0502 15:20:24.790311 139558059398720 terminal.py:91] [Actor] Actor Episodes = 5732 | Actor Steps = 286600 | Delta Dist = 2.836 | Delta Dist 10 = 5.543 | Delta Dist 100 = 4.055 | Delta Dist 1000 = 4.298 | Episode Length = 50 | Episode Return = 47.0 | Evaluator Episodes = 1436 | Evaluator Steps = 71800 | Final Dist = 0.164 | Final Dist 10 = 2.533 | Final Dist 100 = 2.031 | Final Dist 1000 = 1.702 | Init Dist = 3.000 | Init Dist 10 = 8.076 | Init Dist 100 = 6.086 | Init Dist 1000 = 5.999 | Learner Steps = 4324 | Learner Walltime = 848.838 | Min Dist = 0.037 | Min Dist 10 = 0.092 | Min Dist 100 = 0.319 | Min Dist 1000 = 0.246 | Steps Per Second = 78.275 | Success = 1.000 | Success 1000 = 0.989
I0502 15:20:25.115000 139579566835264 terminal.py:91] [Evaluator] Actor Episodes = 5732 | Actor Steps = 286600 | Delta Dist = 2.546 | Delta Dist 10 = 9.382 | Delta Dist 100 = 8.672 | Delta Dist 1000 = 10.264 | Episode Length = 50 | Episode Return = 0.0 | Evaluator Episodes = 1438 | Evaluator Steps = 71900 | Final Dist = 10.260 | Final Dist 10 = 3.425 | Final Dist 100 = 4.134 | Final Dist 1000 = 2.542 | Init Dist = 12.806 | Init Dist 10 = 12.806 | Init Dist 100 = 12.806 | Init Dist 1000 = 12.806 | Learner Steps = 4324 | Learner Walltime = 848.838 | Min Dist = 10.260 | Min Dist 10 = 3.121 | Min Dist 100 = 3.500 | Min Dist 1000 = 1.796 | Steps Per Second = 75.056 | Success = 0.000 | Success 1000 = 0.782
I0502 15:20:26.187634 139584504182336 lp_utils.py:96] StepsLimiter: Reached 287000 recorded steps
I0502 15:20:26.237042 139579566835264 terminal.py:91] [Evaluator] Actor Episodes = 5740 | Actor Steps = 287000 | Delta Dist = 11.746 | Delta Dist 10 = 9.431 | Delta Dist 100 = 8.658 | Delta Dist 1000 = 10.257 | Episode Length = 50 | Episode Return = 8.0 | Evaluator Episodes = 1440 | Evaluator Steps = 72000 | Final Dist = 1.061 | Final Dist 10 = 3.376 | Final Dist 100 = 4.149 | Final Dist 1000 = 2.550 | Init Dist = 12.806 | Init Dist 10 = 12.806 | Init Dist 100 = 12.806 | Init Dist 1000 = 12.806 | Learner Steps = 4330 | Learner Walltime = 850.144 | Min Dist = 0.746 | Min Dist 10 = 3.148 | Min Dist 100 = 3.535 | Min Dist 1000 = 1.806 | Steps Per Second = 92.530 | Success = 1.000 | Success 1000 = 0.781
I0502 15:20:26.427957 139583350109760 savers.py:156] Saving checkpoint: logs/contrastive_cpc_point_FourRooms_64/5dd72662-2788-11f0-b183-d85ed38c5779/checkpoints/learner
I0502 15:20:27.435208 139579566835264 terminal.py:91] [Evaluator] Actor Episodes = 5748 | Actor Steps = 287400 | Delta Dist = 11.335 | Delta Dist 10 = 9.494 | Delta Dist 100 = 8.658 | Delta Dist 1000 = 10.265 | Episode Length = 50 | Episode Return = 7.0 | Evaluator Episodes = 1442 | Evaluator Steps = 72100 | Final Dist = 1.471 | Final Dist 10 = 3.312 | Final Dist 100 = 4.148 | Final Dist 1000 = 2.541 | Init Dist = 12.806 | Init Dist 10 = 12.806 | Init Dist 100 = 12.806 | Init Dist 1000 = 12.806 | Learner Steps = 4336 | Learner Walltime = 851.280 | Min Dist = 0.358 | Min Dist 10 = 3.170 | Min Dist 100 = 3.537 | Min Dist 1000 = 1.800 | Steps Per Second = 88.186 | Success = 1.000 | Success 1000 = 0.782
I0502 15:20:28.621580 139579566835264 terminal.py:91] [Evaluator] Actor Episodes = 5758 | Actor Steps = 287900 | Delta Dist = 9.357 | Delta Dist 10 = 9.324 | Delta Dist 100 = 8.760 | Delta Dist 1000 = 10.262 | Episode Length = 50 | Episode Return = 0.0 | Evaluator Episodes = 1444 | Evaluator Steps = 72200 | Final Dist = 3.450 | Final Dist 10 = 3.482 | Final Dist 100 = 4.046 | Final Dist 1000 = 2.544 | Init Dist = 12.806 | Init Dist 10 = 12.806 | Init Dist 100 = 12.806 | Init Dist 1000 = 12.806 | Learner Steps = 4343 | Learner Walltime = 852.545 | Min Dist = 3.450 | Min Dist 10 = 3.170 | Min Dist 100 = 3.432 | Min Dist 1000 = 1.803 | Steps Per Second = 82.914 | Success = 0.000 | Success 1000 = 0.782
I0502 15:20:29.780245 139579566835264 terminal.py:91] [Evaluator] Actor Episodes = 5766 | Actor Steps = 288300 | Delta Dist = 1.300 | Delta Dist 10 = 9.417 | Delta Dist 100 = 8.939 | Delta Dist 1000 = 10.265 | Episode Length = 50 | Episode Return = 0.0 | Evaluator Episodes = 1446 | Evaluator Steps = 72300 | Final Dist = 11.506 | Final Dist 10 = 3.389 | Final Dist 100 = 3.867 | Final Dist 1000 = 2.541 | Init Dist = 12.806 | Init Dist 10 = 12.806 | Init Dist 100 = 12.806 | Init Dist 1000 = 12.806 | Learner Steps = 4349 | Learner Walltime = 853.745 | Min Dist = 10.500 | Min Dist 10 = 3.007 | Min Dist 100 = 3.258 | Min Dist 1000 = 1.799 | Steps Per Second = 94.990 | Success = 0.000 | Success 1000 = 0.782
I0502 15:20:30.877652 139579566835264 terminal.py:91] [Evaluator] Actor Episodes = 5772 | Actor Steps = 288600 | Delta Dist = 2.087 | Delta Dist 10 = 8.652 | Delta Dist 100 = 8.934 | Delta Dist 1000 = 10.255 | Episode Length = 50 | Episode Return = 0.0 | Evaluator Episodes = 1448 | Evaluator Steps = 72400 | Final Dist = 10.719 | Final Dist 10 = 4.154 | Final Dist 100 = 3.872 | Final Dist 1000 = 2.551 | Init Dist = 12.806 | Init Dist 10 = 12.806 | Init Dist 100 = 12.806 | Init Dist 1000 = 12.806 | Learner Steps = 4356 | Learner Walltime = 854.891 | Min Dist = 10.406 | Min Dist 10 = 3.707 | Min Dist 100 = 3.267 | Min Dist 1000 = 1.810 | Steps Per Second = 100.579 | Success = 0.000 | Success 1000 = 0.781
I0502 15:20:31.717464 139569349502528 terminal.py:91] [Actor] Actor Episodes = 5777 | Actor Steps = 288850 | Delta Dist = -0.870 | Delta Dist 10 = 3.146 | Delta Dist 100 = 4.029 | Delta Dist 1000 = 4.270 | Episode Length = 50 | Episode Return = 12.0 | Evaluator Episodes = 1448 | Evaluator Steps = 72400 | Final Dist = 1.870 | Final Dist 10 = 3.012 | Final Dist 100 = 2.386 | Final Dist 1000 = 1.732 | Init Dist = 1.000 | Init Dist 10 = 6.158 | Init Dist 100 = 6.415 | Init Dist 1000 = 6.003 | Learner Steps = 4356 | Learner Walltime = 854.891 | Min Dist = 0.035 | Min Dist 10 = 0.107 | Min Dist 100 = 0.368 | Min Dist 1000 = 0.250 | Steps Per Second = 85.995 | Success = 1.000 | Success 1000 = 0.988
I0502 15:20:31.887706 139555013154368 terminal.py:91] [Learner] Actor Episodes = 5780 | Actor Loss = 3.6919772624969482 | Actor Steps = 289000 | Binary Accuracy = 0.9959101676940918 | Categorical Accuracy = 0.41046142578125 | Critic Loss = 2.0891025066375732 | Entropy Mean = -16.20528221130371 | Evaluator Episodes = 1448 | Evaluator Steps = 72400 | Learner Steps = 4363 | Learner Walltime = 856.081 | Logits Neg = -15.939596176147461 | Logits Pos = -2.079322099685669 | Logsumexp = 1.3285348415374756 | Steps Per Second = 329.527
I0502 15:20:32.044327 139579566835264 terminal.py:91] [Evaluator] Actor Episodes = 5780 | Actor Steps = 289000 | Delta Dist = 12.310 | Delta Dist 10 = 8.526 | Delta Dist 100 = 8.826 | Delta Dist 1000 = 10.252 | Episode Length = 50 | Episode Return = 1.0 | Evaluator Episodes = 1450 | Evaluator Steps = 72500 | Final Dist = 0.496 | Final Dist 10 = 4.280 | Final Dist 100 = 3.980 | Final Dist 1000 = 2.554 | Init Dist = 12.806 | Init Dist 10 = 12.806 | Init Dist 100 = 12.806 | Init Dist 1000 = 12.806 | Learner Steps = 4363 | Learner Walltime = 856.081 | Min Dist = 0.496 | Min Dist 10 = 3.689 | Min Dist 100 = 3.366 | Min Dist 1000 = 1.812 | Steps Per Second = 79.987 | Success = 1.000 | Success 1000 = 0.781
I0502 15:20:32.162779 139557462840896 terminal.py:91] [Actor] Actor Episodes = 5782 | Actor Steps = 289100 | Delta Dist = 1.799 | Delta Dist 10 = 2.932 | Delta Dist 100 = 4.010 | Delta Dist 1000 = 4.264 | Episode Length = 50 | Episode Return = 44.0 | Evaluator Episodes = 1450 | Evaluator Steps = 72500 | Final Dist = 0.201 | Final Dist 10 = 2.970 | Final Dist 100 = 2.391 | Final Dist 1000 = 1.733 | Init Dist = 2.000 | Init Dist 10 = 5.902 | Init Dist 100 = 6.401 | Init Dist 1000 = 5.997 | Learner Steps = 4363 | Learner Walltime = 856.081 | Min Dist = 0.019 | Min Dist 10 = 0.093 | Min Dist 100 = 0.365 | Min Dist 1000 = 0.250 | Steps Per Second = 75.769 | Success = 1.000 | Success 1000 = 0.988
I0502 15:20:32.763447 139584635659840 savers.py:156] Saving checkpoint: logs/contrastive_cpc_point_FourRooms_64/5dd72662-2788-11f0-b183-d85ed38c5779/checkpoints/counter
I0502 15:20:32.889600 139555860620864 terminal.py:91] [Actor] Actor Episodes = 5786 | Actor Steps = 289300 | Delta Dist = 4.637 | Delta Dist 10 = 3.119 | Delta Dist 100 = 3.972 | Delta Dist 1000 = 4.253 | Episode Length = 50 | Episode Return = 28.0 | Evaluator Episodes = 1450 | Evaluator Steps = 72500 | Final Dist = 0.462 | Final Dist 10 = 1.801 | Final Dist 100 = 2.372 | Final Dist 1000 = 1.728 | Init Dist = 5.099 | Init Dist 10 = 4.921 | Init Dist 100 = 6.344 | Init Dist 1000 = 5.981 | Learner Steps = 4363 | Learner Walltime = 856.081 | Min Dist = 0.161 | Min Dist 10 = 0.054 | Min Dist 100 = 0.314 | Min Dist 1000 = 0.250 | Steps Per Second = 79.638 | Success = 1.000 | Success 1000 = 0.989
I0502 15:20:33.310053 139579566835264 terminal.py:91] [Evaluator] Actor Episodes = 5790 | Actor Steps = 289500 | Delta Dist = 11.458 | Delta Dist 10 = 7.564 | Delta Dist 100 = 8.856 | Delta Dist 1000 = 10.242 | Episode Length = 50 | Episode Return = 1.0 | Evaluator Episodes = 1452 | Evaluator Steps = 72600 | Final Dist = 1.349 | Final Dist 10 = 5.243 | Final Dist 100 = 3.951 | Final Dist 1000 = 2.564 | Init Dist = 12.806 | Init Dist 10 = 12.806 | Init Dist 100 = 12.806 | Init Dist 1000 = 12.806 | Learner Steps = 4367 | Learner Walltime = 857.095 | Min Dist = 0.255 | Min Dist 10 = 4.707 | Min Dist 100 = 3.368 | Min Dist 1000 = 1.823 | Steps Per Second = 82.117 | Success = 1.000 | Success 1000 = 0.780
I0502 15:20:34.442879 139579566835264 terminal.py:91] [Evaluator] Actor Episodes = 5796 | Actor Steps = 289800 | Delta Dist = 11.545 | Delta Dist 10 = 8.533 | Delta Dist 100 = 8.847 | Delta Dist 1000 = 10.241 | Episode Length = 50 | Episode Return = 8.0 | Evaluator Episodes = 1454 | Evaluator Steps = 72700 | Final Dist = 1.262 | Final Dist 10 = 4.273 | Final Dist 100 = 3.960 | Final Dist 1000 = 2.566 | Init Dist = 12.806 | Init Dist 10 = 12.806 | Init Dist 100 = 12.806 | Init Dist 1000 = 12.806 | Learner Steps = 4373 | Learner Walltime = 858.191 | Min Dist = 0.415 | Min Dist 10 = 3.767 | Min Dist 100 = 3.375 | Min Dist 1000 = 1.823 | Steps Per Second = 90.682 | Success = 1.000 | Success 1000 = 0.780
I0502 15:20:34.941984 139558059398720 terminal.py:91] [Actor] Actor Episodes = 5797 | Actor Steps = 289850 | Delta Dist = 3.668 | Delta Dist 10 = 2.902 | Delta Dist 100 = 3.900 | Delta Dist 1000 = 4.250 | Episode Length = 50 | Episode Return = 31.0 | Evaluator Episodes = 1452 | Evaluator Steps = 72600 | Final Dist = 0.575 | Final Dist 10 = 1.606 | Final Dist 100 = 2.214 | Final Dist 1000 = 1.726 | Init Dist = 4.243 | Init Dist 10 = 4.508 | Init Dist 100 = 6.113 | Init Dist 1000 = 5.976 | Learner Steps = 4373 | Learner Walltime = 858.191 | Min Dist = 0.176 | Min Dist 10 = 0.230 | Min Dist 100 = 0.330 | Min Dist 1000 = 0.245 | Steps Per Second = 86.842 | Success = 1.000 | Success 1000 = 0.989
I0502 15:20:35.482954 139579566835264 terminal.py:91] [Evaluator] Actor Episodes = 5802 | Actor Steps = 290100 | Delta Dist = 11.442 | Delta Dist 10 = 8.698 | Delta Dist 100 = 8.836 | Delta Dist 1000 = 10.240 | Episode Length = 50 | Episode Return = 4.0 | Evaluator Episodes = 1456 | Evaluator Steps = 72800 | Final Dist = 1.364 | Final Dist 10 = 4.108 | Final Dist 100 = 3.971 | Final Dist 1000 = 2.566 | Init Dist = 12.806 | Init Dist 10 = 12.806 | Init Dist 100 = 12.806 | Init Dist 1000 = 12.806 | Learner Steps = 4379 | Learner Walltime = 859.285 | Min Dist = 0.479 | Min Dist 10 = 3.521 | Min Dist 100 = 3.382 | Min Dist 1000 = 1.824 | Steps Per Second = 93.514 | Success = 1.000 | Success 1000 = 0.780
I0502 15:20:36.203317 139584504182336 lp_utils.py:96] StepsLimiter: Reached 290400 recorded steps
I0502 15:20:36.723977 139579566835264 terminal.py:91] [Evaluator] Actor Episodes = 5810 | Actor Steps = 290500 | Delta Dist = 11.454 | Delta Dist 10 = 8.868 | Delta Dist 100 = 8.850 | Delta Dist 1000 = 10.237 | Episode Length = 50 | Episode Return = 14.0 | Evaluator Episodes = 1458 | Evaluator Steps = 72900 | Final Dist = 1.352 | Final Dist 10 = 3.938 | Final Dist 100 = 3.956 | Final Dist 1000 = 2.569 | Init Dist = 12.806 | Init Dist 10 = 12.806 | Init Dist 100 = 12.806 | Init Dist 1000 = 12.806 | Learner Steps = 4384 | Learner Walltime = 860.324 | Min Dist = 0.151 | Min Dist 10 = 3.167 | Min Dist 100 = 3.351 | Min Dist 1000 = 1.825 | Steps Per Second = 80.288 | Success = 1.000 | Success 1000 = 0.780
I0502 15:20:37.847593 139579566835264 terminal.py:91] [Evaluator] Actor Episodes = 5818 | Actor Steps = 290900 | Delta Dist = 11.376 | Delta Dist 10 = 9.787 | Delta Dist 100 = 8.919 | Delta Dist 1000 = 10.236 | Episode Length = 50 | Episode Return = 18.0 | Evaluator Episodes = 1460 | Evaluator Steps = 73000 | Final Dist = 1.431 | Final Dist 10 = 3.020 | Final Dist 100 = 3.887 | Final Dist 1000 = 2.570 | Init Dist = 12.806 | Init Dist 10 = 12.806 | Init Dist 100 = 12.806 | Init Dist 1000 = 12.806 | Learner Steps = 4390 | Learner Walltime = 861.526 | Min Dist = 0.145 | Min Dist 10 = 2.181 | Min Dist 100 = 3.273 | Min Dist 1000 = 1.825 | Steps Per Second = 82.569 | Success = 1.000 | Success 1000 = 0.780
I0502 15:20:39.097798 139579566835264 terminal.py:91] [Evaluator] Actor Episodes = 5826 | Actor Steps = 291300 | Delta Dist = 1.440 | Delta Dist 10 = 10.517 | Delta Dist 100 = 9.116 | Delta Dist 1000 = 10.233 | Episode Length = 50 | Episode Return = 0.0 | Evaluator Episodes = 1462 | Evaluator Steps = 73100 | Final Dist = 11.366 | Final Dist 10 = 2.290 | Final Dist 100 = 3.691 | Final Dist 1000 = 2.573 | Init Dist = 12.806 | Init Dist 10 = 12.806 | Init Dist 100 = 12.806 | Init Dist 1000 = 12.806 | Learner Steps = 4397 | Learner Walltime = 862.945 | Min Dist = 10.601 | Min Dist 10 = 1.266 | Min Dist 100 = 3.082 | Min Dist 1000 = 1.827 | Steps Per Second = 78.630 | Success = 0.000 | Success 1000 = 0.779
I0502 15:20:40.319021 139579566835264 terminal.py:91] [Evaluator] Actor Episodes = 5834 | Actor Steps = 291700 | Delta Dist = 11.421 | Delta Dist 10 = 9.592 | Delta Dist 100 = 9.001 | Delta Dist 1000 = 10.223 | Episode Length = 50 | Episode Return = 4.0 | Evaluator Episodes = 1464 | Evaluator Steps = 73200 | Final Dist = 1.385 | Final Dist 10 = 3.215 | Final Dist 100 = 3.805 | Final Dist 1000 = 2.583 | Init Dist = 12.806 | Init Dist 10 = 12.806 | Init Dist 100 = 12.806 | Init Dist 1000 = 12.806 | Learner Steps = 4404 | Learner Walltime = 864.313 | Min Dist = 0.288 | Min Dist 10 = 2.228 | Min Dist 100 = 3.188 | Min Dist 1000 = 1.837 | Steps Per Second = 84.310 | Success = 1.000 | Success 1000 = 0.778
I0502 15:20:41.405118 139579566835264 terminal.py:91] [Evaluator] Actor Episodes = 5842 | Actor Steps = 292100 | Delta Dist = 11.622 | Delta Dist 10 = 9.630 | Delta Dist 100 = 9.032 | Delta Dist 1000 = 10.223 | Episode Length = 50 | Episode Return = 13.0 | Evaluator Episodes = 1466 | Evaluator Steps = 73300 | Final Dist = 1.184 | Final Dist 10 = 3.176 | Final Dist 100 = 3.775 | Final Dist 1000 = 2.583 | Init Dist = 12.806 | Init Dist 10 = 12.806 | Init Dist 100 = 12.806 | Init Dist 1000 = 12.806 | Learner Steps = 4411 | Learner Walltime = 865.445 | Min Dist = 0.367 | Min Dist 10 = 2.176 | Min Dist 100 = 3.152 | Min Dist 1000 = 1.837 | Steps Per Second = 84.226 | Success = 1.000 | Success 1000 = 0.778
I0502 15:20:41.757100 139569349502528 terminal.py:91] [Actor] Actor Episodes = 5848 | Actor Steps = 292400 | Delta Dist = 0.880 | Delta Dist 10 = 4.622 | Delta Dist 100 = 3.639 | Delta Dist 1000 = 4.259 | Episode Length = 50 | Episode Return = 46.0 | Evaluator Episodes = 1466 | Evaluator Steps = 73300 | Final Dist = 0.534 | Final Dist 10 = 0.808 | Final Dist 100 = 1.818 | Final Dist 1000 = 1.693 | Init Dist = 1.414 | Init Dist 10 = 5.429 | Init Dist 100 = 5.457 | Init Dist 1000 = 5.952 | Learner Steps = 4411 | Learner Walltime = 865.445 | Min Dist = 0.009 | Min Dist 10 = 0.101 | Min Dist 100 = 0.286 | Min Dist 1000 = 0.234 | Steps Per Second = 78.901 | Success = 1.000 | Success 1000 = 0.992
I0502 15:20:41.889865 139555013154368 terminal.py:91] [Learner] Actor Episodes = 5840 | Actor Loss = 3.7322163581848145 | Actor Steps = 292000 | Binary Accuracy = 0.9959008693695068 | Categorical Accuracy = 0.40771484375 | Critic Loss = 2.0523183345794678 | Entropy Mean = -16.68806266784668 | Evaluator Episodes = 1464 | Evaluator Steps = 73200 | Learner Steps = 4415 | Learner Walltime = 866.087 | Logits Neg = -15.934499740600586 | Logits Pos = -2.05320143699646 | Logsumexp = 1.354368805885315 | Steps Per Second = 487.544
I0502 15:20:42.171009 139557462840896 terminal.py:91] [Actor] Actor Episodes = 5845 | Actor Steps = 292250 | Delta Dist = 9.691 | Delta Dist 10 = 4.440 | Delta Dist 100 = 3.692 | Delta Dist 1000 = 4.257 | Episode Length = 50 | Episode Return = 29.0 | Evaluator Episodes = 1466 | Evaluator Steps = 73300 | Final Dist = 0.309 | Final Dist 10 = 1.041 | Final Dist 100 = 1.724 | Final Dist 1000 = 1.696 | Init Dist = 10.000 | Init Dist 10 = 5.481 | Init Dist 100 = 5.416 | Init Dist 1000 = 5.952 | Learner Steps = 4411 | Learner Walltime = 865.445 | Min Dist = 0.084 | Min Dist 10 = 0.069 | Min Dist 100 = 0.285 | Min Dist 1000 = 0.234 | Steps Per Second = 83.654 | Success = 1.000 | Success 1000 = 0.992
I0502 15:20:42.610754 139579566835264 terminal.py:91] [Evaluator] Actor Episodes = 5850 | Actor Steps = 292500 | Delta Dist = 12.500 | Delta Dist 10 = 10.299 | Delta Dist 100 = 8.999 | Delta Dist 1000 = 10.220 | Episode Length = 50 | Episode Return = 20.0 | Evaluator Episodes = 1468 | Evaluator Steps = 73400 | Final Dist = 0.306 | Final Dist 10 = 2.507 | Final Dist 100 = 3.807 | Final Dist 1000 = 2.586 | Init Dist = 12.806 | Init Dist 10 = 12.806 | Init Dist 100 = 12.806 | Init Dist 1000 = 12.806 | Learner Steps = 4417 | Learner Walltime = 866.522 | Min Dist = 0.079 | Min Dist 10 = 1.595 | Min Dist 100 = 3.168 | Min Dist 1000 = 1.839 | Steps Per Second = 80.015 | Success = 1.000 | Success 1000 = 0.777
I0502 15:20:42.969682 139555860620864 terminal.py:91] [Actor] Actor Episodes = 5851 | Actor Steps = 292550 | Delta Dist = 5.348 | Delta Dist 10 = 3.888 | Delta Dist 100 = 3.732 | Delta Dist 1000 = 4.265 | Episode Length = 50 | Episode Return = 47.0 | Evaluator Episodes = 1466 | Evaluator Steps = 73300 | Final Dist = 0.037 | Final Dist 10 = 2.151 | Final Dist 100 = 1.663 | Final Dist 1000 = 1.705 | Init Dist = 5.385 | Init Dist 10 = 6.040 | Init Dist 100 = 5.395 | Init Dist 1000 = 5.970 | Learner Steps = 4417 | Learner Walltime = 866.522 | Min Dist = 0.037 | Min Dist 10 = 0.075 | Min Dist 100 = 0.150 | Min Dist 1000 = 0.232 | Steps Per Second = 86.547 | Success = 1.000 | Success 1000 = 0.992
I0502 15:20:43.846626 139579566835264 terminal.py:91] [Evaluator] Actor Episodes = 5860 | Actor Steps = 293000 | Delta Dist = 11.709 | Delta Dist 10 = 9.487 | Delta Dist 100 = 9.001 | Delta Dist 1000 = 10.210 | Episode Length = 50 | Episode Return = 8.0 | Evaluator Episodes = 1470 | Evaluator Steps = 73500 | Final Dist = 1.097 | Final Dist 10 = 3.320 | Final Dist 100 = 3.805 | Final Dist 1000 = 2.596 | Init Dist = 12.806 | Init Dist 10 = 12.806 | Init Dist 100 = 12.806 | Init Dist 1000 = 12.806 | Learner Steps = 4423 | Learner Walltime = 867.652 | Min Dist = 0.348 | Min Dist 10 = 2.580 | Min Dist 100 = 3.168 | Min Dist 1000 = 1.849 | Steps Per Second = 84.738 | Success = 1.000 | Success 1000 = 0.776
I0502 15:20:45.097821 139579566835264 terminal.py:91] [Evaluator] Actor Episodes = 5868 | Actor Steps = 293400 | Delta Dist = 11.228 | Delta Dist 10 = 8.691 | Delta Dist 100 = 8.906 | Delta Dist 1000 = 10.200 | Episode Length = 50 | Episode Return = 4.0 | Evaluator Episodes = 1472 | Evaluator Steps = 73600 | Final Dist = 1.578 | Final Dist 10 = 4.115 | Final Dist 100 = 3.900 | Final Dist 1000 = 2.606 | Init Dist = 12.806 | Init Dist 10 = 12.806 | Init Dist 100 = 12.806 | Init Dist 1000 = 12.806 | Learner Steps = 4429 | Learner Walltime = 868.680 | Min Dist = 0.061 | Min Dist 10 = 3.473 | Min Dist 100 = 3.271 | Min Dist 1000 = 1.860 | Steps Per Second = 82.754 | Success = 1.000 | Success 1000 = 0.775
I0502 15:20:45.537319 139558059398720 terminal.py:91] [Actor] Actor Episodes = 5869 | Actor Steps = 293450 | Delta Dist = -0.559 | Delta Dist 10 = 3.850 | Delta Dist 100 = 3.835 | Delta Dist 1000 = 4.254 | Episode Length = 50 | Episode Return = 46.0 | Evaluator Episodes = 1470 | Evaluator Steps = 73500 | Final Dist = 0.559 | Final Dist 10 = 1.519 | Final Dist 100 = 1.607 | Final Dist 1000 = 1.710 | Init Dist = 0.000 | Init Dist 10 = 5.369 | Init Dist 100 = 5.442 | Init Dist 1000 = 5.964 | Learner Steps = 4429 | Learner Walltime = 868.680 | Min Dist = 0.000 | Min Dist 10 = 0.135 | Min Dist 100 = 0.111 | Min Dist 1000 = 0.232 | Steps Per Second = 84.089 | Success = 1.000 | Success 1000 = 0.992
I0502 15:20:46.207460 139579566835264 terminal.py:91] [Evaluator] Actor Episodes = 5876 | Actor Steps = 293800 | Delta Dist = 12.082 | Delta Dist 10 = 9.625 | Delta Dist 100 = 9.054 | Delta Dist 1000 = 10.198 | Episode Length = 50 | Episode Return = 23.0 | Evaluator Episodes = 1474 | Evaluator Steps = 73700 | Final Dist = 0.725 | Final Dist 10 = 3.182 | Final Dist 100 = 3.752 | Final Dist 1000 = 2.608 | Init Dist = 12.806 | Init Dist 10 = 12.806 | Init Dist 100 = 12.806 | Init Dist 1000 = 12.806 | Learner Steps = 4434 | Learner Walltime = 869.701 | Min Dist = 0.263 | Min Dist 10 = 2.486 | Min Dist 100 = 3.104 | Min Dist 1000 = 1.860 | Steps Per Second = 85.658 | Success = 1.000 | Success 1000 = 0.775
I0502 15:20:46.220934 139584504182336 lp_utils.py:96] StepsLimiter: Reached 293800 recorded steps
I0502 15:20:47.415055 139579566835264 terminal.py:91] [Evaluator] Actor Episodes = 5884 | Actor Steps = 294200 | Delta Dist = 12.409 | Delta Dist 10 = 9.674 | Delta Dist 100 = 9.051 | Delta Dist 1000 = 10.198 | Episode Length = 50 | Episode Return = 21.0 | Evaluator Episodes = 1476 | Evaluator Steps = 73800 | Final Dist = 0.398 | Final Dist 10 = 3.132 | Final Dist 100 = 3.755 | Final Dist 1000 = 2.608 | Init Dist = 12.806 | Init Dist 10 = 12.806 | Init Dist 100 = 12.806 | Init Dist 1000 = 12.806 | Learner Steps = 4440 | Learner Walltime = 870.809 | Min Dist = 0.054 | Min Dist 10 = 2.501 | Min Dist 100 = 3.107 | Min Dist 1000 = 1.861 | Steps Per Second = 80.358 | Success = 1.000 | Success 1000 = 0.775
I0502 15:20:48.653247 139579566835264 terminal.py:91] [Evaluator] Actor Episodes = 5892 | Actor Steps = 294600 | Delta Dist = 11.492 | Delta Dist 10 = 9.984 | Delta Dist 100 = 9.066 | Delta Dist 1000 = 10.198 | Episode Length = 50 | Episode Return = 17.0 | Evaluator Episodes = 1478 | Evaluator Steps = 73900 | Final Dist = 1.314 | Final Dist 10 = 2.822 | Final Dist 100 = 3.740 | Final Dist 1000 = 2.608 | Init Dist = 12.806 | Init Dist 10 = 12.806 | Init Dist 100 = 12.806 | Init Dist 1000 = 12.806 | Learner Steps = 4446 | Learner Walltime = 871.957 | Min Dist = 0.356 | Min Dist 10 = 2.349 | Min Dist 100 = 3.105 | Min Dist 1000 = 1.861 | Steps Per Second = 78.463 | Success = 1.000 | Success 1000 = 0.775
I0502 15:20:49.831906 139579566835264 terminal.py:91] [Evaluator] Actor Episodes = 5898 | Actor Steps = 294900 | Delta Dist = 12.073 | Delta Dist 10 = 10.779 | Delta Dist 100 = 9.252 | Delta Dist 1000 = 10.196 | Episode Length = 50 | Episode Return = 30.0 | Evaluator Episodes = 1480 | Evaluator Steps = 74000 | Final Dist = 0.733 | Final Dist 10 = 2.028 | Final Dist 100 = 3.554 | Final Dist 1000 = 2.610 | Init Dist = 12.806 | Init Dist 10 = 12.806 | Init Dist 100 = 12.806 | Init Dist 1000 = 12.806 | Learner Steps = 4451 | Learner Walltime = 873.150 | Min Dist = 0.162 | Min Dist 10 = 1.452 | Min Dist 100 = 2.911 | Min Dist 1000 = 1.862 | Steps Per Second = 84.286 | Success = 1.000 | Success 1000 = 0.774
I0502 15:20:51.034272 139579566835264 terminal.py:91] [Evaluator] Actor Episodes = 5908 | Actor Steps = 295400 | Delta Dist = 5.497 | Delta Dist 10 = 11.846 | Delta Dist 100 = 9.259 | Delta Dist 1000 = 10.206 | Episode Length = 50 | Episode Return = 0.0 | Evaluator Episodes = 1482 | Evaluator Steps = 74100 | Final Dist = 7.310 | Final Dist 10 = 0.961 | Final Dist 100 = 3.547 | Final Dist 1000 = 2.600 | Init Dist = 12.806 | Init Dist 10 = 12.806 | Init Dist 100 = 12.806 | Init Dist 1000 = 12.806 | Learner Steps = 4457 | Learner Walltime = 874.192 | Min Dist = 6.310 | Min Dist 10 = 0.417 | Min Dist 100 = 2.910 | Min Dist 1000 = 1.855 | Steps Per Second = 82.937 | Success = 0.000 | Success 1000 = 0.775
I0502 15:20:51.839391 139569349502528 terminal.py:91] [Actor] Actor Episodes = 5913 | Actor Steps = 295650 | Delta Dist = 6.556 | Delta Dist 10 = 3.931 | Delta Dist 100 = 4.231 | Delta Dist 1000 = 4.281 | Episode Length = 50 | Episode Return = 40.0 | Evaluator Episodes = 1482 | Evaluator Steps = 74100 | Final Dist = 1.506 | Final Dist 10 = 1.433 | Final Dist 100 = 1.501 | Final Dist 1000 = 1.697 | Init Dist = 8.062 | Init Dist 10 = 5.364 | Init Dist 100 = 5.732 | Init Dist 1000 = 5.979 | Learner Steps = 4457 | Learner Walltime = 874.192 | Min Dist = 0.125 | Min Dist 10 = 0.513 | Min Dist 100 = 0.128 | Min Dist 1000 = 0.236 | Steps Per Second = 85.163 | Success = 1.000 | Success 1000 = 0.992
I0502 15:20:51.942431 139555013154368 terminal.py:91] [Learner] Actor Episodes = 5912 | Actor Loss = 3.8090577125549316 | Actor Steps = 295600 | Binary Accuracy = 0.9959022998809814 | Categorical Accuracy = 0.39453125 | Critic Loss = 2.070005416870117 | Entropy Mean = -17.45803451538086 | Evaluator Episodes = 1482 | Evaluator Steps = 74100 | Learner Steps = 4469 | Learner Walltime = 876.137 | Logits Neg = -15.90422248840332 | Logits Pos = -2.0462546348571777 | Logsumexp = 1.2753547430038452 | Steps Per Second = 810.176
I0502 15:20:52.194565 139579566835264 terminal.py:91] [Evaluator] Actor Episodes = 5916 | Actor Steps = 295800 | Delta Dist = 2.247 | Delta Dist 10 = 11.354 | Delta Dist 100 = 9.210 | Delta Dist 1000 = 10.201 | Episode Length = 50 | Episode Return = 0.0 | Evaluator Episodes = 1484 | Evaluator Steps = 74200 | Final Dist = 10.559 | Final Dist 10 = 1.452 | Final Dist 100 = 3.596 | Final Dist 1000 = 2.605 | Init Dist = 12.806 | Init Dist 10 = 12.806 | Init Dist 100 = 12.806 | Init Dist 1000 = 12.806 | Learner Steps = 4465 | Learner Walltime = 875.461 | Min Dist = 10.446 | Min Dist 10 = 0.999 | Min Dist 100 = 2.968 | Min Dist 1000 = 1.861 | Steps Per Second = 93.255 | Success = 0.000 | Success 1000 = 0.774
I0502 15:20:52.322652 139557462840896 terminal.py:91] [Actor] Actor Episodes = 5918 | Actor Steps = 295900 | Delta Dist = 7.434 | Delta Dist 10 = 4.642 | Delta Dist 100 = 4.278 | Delta Dist 1000 = 4.288 | Episode Length = 50 | Episode Return = 25.0 | Evaluator Episodes = 1484 | Evaluator Steps = 74200 | Final Dist = 0.813 | Final Dist 10 = 1.427 | Final Dist 100 = 1.510 | Final Dist 1000 = 1.694 | Init Dist = 8.246 | Init Dist 10 = 6.069 | Init Dist 100 = 5.788 | Init Dist 1000 = 5.982 | Learner Steps = 4465 | Learner Walltime = 875.461 | Min Dist = 0.006 | Min Dist 10 = 0.128 | Min Dist 100 = 0.127 | Min Dist 1000 = 0.236 | Steps Per Second = 84.632 | Success = 1.000 | Success 1000 = 0.992
I0502 15:20:53.455150 139555860620864 terminal.py:91] [Actor] Actor Episodes = 5923 | Actor Steps = 296150 | Delta Dist = 3.506 | Delta Dist 10 = 5.126 | Delta Dist 100 = 4.366 | Delta Dist 1000 = 4.288 | Episode Length = 50 | Episode Return = 33.0 | Evaluator Episodes = 1484 | Evaluator Steps = 74200 | Final Dist = 0.966 | Final Dist 10 = 0.927 | Final Dist 100 = 1.464 | Final Dist 1000 = 1.683 | Init Dist = 4.472 | Init Dist 10 = 6.054 | Init Dist 100 = 5.830 | Init Dist 1000 = 5.970 | Learner Steps = 4471 | Learner Walltime = 876.648 | Min Dist = 0.008 | Min Dist 10 = 0.059 | Min Dist 100 = 0.123 | Min Dist 1000 = 0.236 | Steps Per Second = 67.981 | Success = 1.000 | Success 1000 = 0.992
I0502 15:20:53.457996 139579566835264 terminal.py:91] [Evaluator] Actor Episodes = 5926 | Actor Steps = 296300 | Delta Dist = 5.080 | Delta Dist 10 = 10.343 | Delta Dist 100 = 9.110 | Delta Dist 1000 = 10.191 | Episode Length = 50 | Episode Return = 0.0 | Evaluator Episodes = 1486 | Evaluator Steps = 74300 | Final Dist = 7.726 | Final Dist 10 = 2.463 | Final Dist 100 = 3.696 | Final Dist 1000 = 2.615 | Init Dist = 12.806 | Init Dist 10 = 12.806 | Init Dist 100 = 12.806 | Init Dist 1000 = 12.806 | Learner Steps = 4471 | Learner Walltime = 876.648 | Min Dist = 5.900 | Min Dist 10 = 2.041 | Min Dist 100 = 3.070 | Min Dist 1000 = 1.872 | Steps Per Second = 71.950 | Success = 0.000 | Success 1000 = 0.773
I0502 15:20:54.627498 139579566835264 terminal.py:91] [Evaluator] Actor Episodes = 5934 | Actor Steps = 296700 | Delta Dist = 2.418 | Delta Dist 10 = 9.507 | Delta Dist 100 = 9.153 | Delta Dist 1000 = 10.183 | Episode Length = 50 | Episode Return = 0.0 | Evaluator Episodes = 1488 | Evaluator Steps = 74400 | Final Dist = 10.388 | Final Dist 10 = 3.299 | Final Dist 100 = 3.653 | Final Dist 1000 = 2.623 | Init Dist = 12.806 | Init Dist 10 = 12.806 | Init Dist 100 = 12.806 | Init Dist 1000 = 12.806 | Learner Steps = 4482 | Learner Walltime = 878.811 | Min Dist = 10.328 | Min Dist 10 = 2.612 | Min Dist 100 = 3.026 | Min Dist 1000 = 1.878 | Steps Per Second = 88.218 | Success = 0.000 | Success 1000 = 0.772
I0502 15:20:55.715091 139558059398720 terminal.py:91] [Actor] Actor Episodes = 5940 | Actor Steps = 297000 | Delta Dist = 6.244 | Delta Dist 10 = 2.923 | Delta Dist 100 = 4.252 | Delta Dist 1000 = 4.295 | Episode Length = 50 | Episode Return = 40.0 | Evaluator Episodes = 1488 | Evaluator Steps = 74400 | Final Dist = 0.464 | Final Dist 10 = 1.158 | Final Dist 100 = 1.482 | Final Dist 1000 = 1.660 | Init Dist = 6.708 | Init Dist 10 = 4.082 | Init Dist 100 = 5.734 | Init Dist 1000 = 5.956 | Learner Steps = 4482 | Learner Walltime = 878.811 | Min Dist = 0.135 | Min Dist 10 = 0.111 | Min Dist 100 = 0.164 | Min Dist 1000 = 0.239 | Steps Per Second = 84.235 | Success = 1.000 | Success 1000 = 0.992
I0502 15:20:55.848112 139579566835264 terminal.py:91] [Evaluator] Actor Episodes = 5940 | Actor Steps = 297000 | Delta Dist = 2.420 | Delta Dist 10 = 7.722 | Delta Dist 100 = 9.084 | Delta Dist 1000 = 10.163 | Episode Length = 50 | Episode Return = 0.0 | Evaluator Episodes = 1490 | Evaluator Steps = 74500 | Final Dist = 10.386 | Final Dist 10 = 5.084 | Final Dist 100 = 3.723 | Final Dist 1000 = 2.643 | Init Dist = 12.806 | Init Dist 10 = 12.806 | Init Dist 100 = 12.806 | Init Dist 1000 = 12.806 | Learner Steps = 4487 | Learner Walltime = 879.917 | Min Dist = 10.336 | Min Dist 10 = 4.528 | Min Dist 100 = 3.126 | Min Dist 1000 = 1.899 | Steps Per Second = 87.142 | Success = 0.000 | Success 1000 = 0.770
I0502 15:20:56.243291 139584504182336 lp_utils.py:96] StepsLimiter: Reached 297200 recorded steps
I0502 15:20:57.002607 139579566835264 terminal.py:91] [Evaluator] Actor Episodes = 5948 | Actor Steps = 297400 | Delta Dist = 2.319 | Delta Dist 10 = 5.767 | Delta Dist 100 = 8.904 | Delta Dist 1000 = 10.150 | Episode Length = 50 | Episode Return = 0.0 | Evaluator Episodes = 1492 | Evaluator Steps = 74600 | Final Dist = 10.487 | Final Dist 10 = 7.040 | Final Dist 100 = 3.902 | Final Dist 1000 = 2.656 | Init Dist = 12.806 | Init Dist 10 = 12.806 | Init Dist 100 = 12.806 | Init Dist 1000 = 12.806 | Learner Steps = 4494 | Learner Walltime = 881.035 | Min Dist = 10.444 | Min Dist 10 = 6.536 | Min Dist 100 = 3.325 | Min Dist 1000 = 1.913 | Steps Per Second = 89.053 | Success = 0.000 | Success 1000 = 0.769
I0502 15:20:58.192094 139579566835264 terminal.py:91] [Evaluator] Actor Episodes = 5954 | Actor Steps = 297700 | Delta Dist = 2.214 | Delta Dist 10 = 4.473 | Delta Dist 100 = 8.717 | Delta Dist 1000 = 10.133 | Episode Length = 50 | Episode Return = 0.0 | Evaluator Episodes = 1494 | Evaluator Steps = 74700 | Final Dist = 10.592 | Final Dist 10 = 8.333 | Final Dist 100 = 4.089 | Final Dist 1000 = 2.673 | Init Dist = 12.806 | Init Dist 10 = 12.806 | Init Dist 100 = 12.806 | Init Dist 1000 = 12.806 | Learner Steps = 4500 | Learner Walltime = 882.278 | Min Dist = 10.503 | Min Dist 10 = 7.933 | Min Dist 100 = 3.525 | Min Dist 1000 = 1.930 | Steps Per Second = 87.249 | Success = 0.000 | Success 1000 = 0.768
I0502 15:20:59.424141 139579566835264 terminal.py:91] [Evaluator] Actor Episodes = 5964 | Actor Steps = 298200 | Delta Dist = 3.043 | Delta Dist 10 = 3.570 | Delta Dist 100 = 8.608 | Delta Dist 1000 = 10.113 | Episode Length = 50 | Episode Return = 0.0 | Evaluator Episodes = 1496 | Evaluator Steps = 74800 | Final Dist = 9.764 | Final Dist 10 = 9.236 | Final Dist 100 = 4.199 | Final Dist 1000 = 2.693 | Init Dist = 12.806 | Init Dist 10 = 12.806 | Init Dist 100 = 12.806 | Init Dist 1000 = 12.806 | Learner Steps = 4500 | Learner Walltime = 882.278 | Min Dist = 7.166 | Min Dist 10 = 8.896 | Min Dist 100 = 3.657 | Min Dist 1000 = 1.951 | Steps Per Second = 77.935 | Success = 0.000 | Success 1000 = 0.766
I0502 15:21:00.671956 139579566835264 terminal.py:91] [Evaluator] Actor Episodes = 5972 | Actor Steps = 298600 | Delta Dist = 2.326 | Delta Dist 10 = 2.456 | Delta Dist 100 = 8.436 | Delta Dist 1000 = 10.096 | Episode Length = 50 | Episode Return = 0.0 | Evaluator Episodes = 1498 | Evaluator Steps = 74900 | Final Dist = 10.480 | Final Dist 10 = 10.350 | Final Dist 100 = 4.370 | Final Dist 1000 = 2.711 | Init Dist = 12.806 | Init Dist 10 = 12.806 | Init Dist 100 = 12.806 | Init Dist 1000 = 12.806 | Learner Steps = 4507 | Learner Walltime = 883.708 | Min Dist = 10.442 | Min Dist 10 = 10.045 | Min Dist 100 = 3.818 | Min Dist 1000 = 1.968 | Steps Per Second = 79.594 | Success = 0.000 | Success 1000 = 0.764
I0502 15:21:01.962015 139579566835264 terminal.py:91] [Evaluator] Actor Episodes = 5980 | Actor Steps = 299000 | Delta Dist = 2.244 | Delta Dist 10 = 2.416 | Delta Dist 100 = 8.249 | Delta Dist 1000 = 10.075 | Episode Length = 50 | Episode Return = 0.0 | Evaluator Episodes = 1500 | Evaluator Steps = 75000 | Final Dist = 10.562 | Final Dist 10 = 10.390 | Final Dist 100 = 4.558 | Final Dist 1000 = 2.731 | Init Dist = 12.806 | Init Dist 10 = 12.806 | Init Dist 100 = 12.806 | Init Dist 1000 = 12.806 | Learner Steps = 4519 | Learner Walltime = 885.970 | Min Dist = 10.512 | Min Dist 10 = 10.076 | Min Dist 100 = 4.019 | Min Dist 1000 = 1.989 | Steps Per Second = 77.731 | Success = 0.000 | Success 1000 = 0.762
I0502 15:21:01.978162 139555013154368 terminal.py:91] [Learner] Actor Episodes = 5978 | Actor Loss = 3.6782867908477783 | Actor Steps = 298900 | Binary Accuracy = 0.995936393737793 | Categorical Accuracy = 0.38336181640625 | Critic Loss = 2.1291823387145996 | Entropy Mean = -15.955336570739746 | Evaluator Episodes = 1498 | Evaluator Steps = 74900 | Learner Steps = 4520 | Learner Walltime = 886.178 | Logits Neg = -15.570680618286133 | Logits Pos = -2.1110355854034424 | Logsumexp = 1.2474201917648315 | Steps Per Second = 308.971
I0502 15:21:02.248962 139569349502528 terminal.py:91] [Actor] Actor Episodes = 5984 | Actor Steps = 299200 | Delta Dist = 3.705 | Delta Dist 10 = 3.623 | Delta Dist 100 = 4.363 | Delta Dist 1000 = 4.282 | Episode Length = 50 | Episode Return = 31.0 | Evaluator Episodes = 1500 | Evaluator Steps = 75000 | Final Dist = 0.295 | Final Dist 10 = 1.623 | Final Dist 100 = 1.400 | Final Dist 1000 = 1.655 | Init Dist = 4.000 | Init Dist 10 = 5.246 | Init Dist 100 = 5.763 | Init Dist 1000 = 5.937 | Learner Steps = 4519 | Learner Walltime = 885.970 | Min Dist = 0.014 | Min Dist 10 = 0.125 | Min Dist 100 = 0.179 | Min Dist 1000 = 0.239 | Steps Per Second = 83.774 | Success = 1.000 | Success 1000 = 0.992
I0502 15:21:02.620083 139557462840896 terminal.py:91] [Actor] Actor Episodes = 5983 | Actor Steps = 299150 | Delta Dist = 7.521 | Delta Dist 10 = 3.895 | Delta Dist 100 = 4.298 | Delta Dist 1000 = 4.274 | Episode Length = 50 | Episode Return = 46.0 | Evaluator Episodes = 1500 | Evaluator Steps = 75000 | Final Dist = 0.964 | Final Dist 10 = 1.618 | Final Dist 100 = 1.357 | Final Dist 1000 = 1.655 | Init Dist = 8.485 | Init Dist 10 = 5.513 | Init Dist 100 = 5.655 | Init Dist 1000 = 5.929 | Learner Steps = 4519 | Learner Walltime = 885.970 | Min Dist = 0.546 | Min Dist 10 = 0.167 | Min Dist 100 = 0.185 | Min Dist 1000 = 0.240 | Steps Per Second = 97.885 | Success = 1.000 | Success 1000 = 0.992
I0502 15:21:03.157961 139579566835264 terminal.py:91] [Evaluator] Actor Episodes = 5988 | Actor Steps = 299400 | Delta Dist = 11.286 | Delta Dist 10 = 2.387 | Delta Dist 100 = 8.055 | Delta Dist 1000 = 10.064 | Episode Length = 50 | Episode Return = 13.0 | Evaluator Episodes = 1502 | Evaluator Steps = 75100 | Final Dist = 1.520 | Final Dist 10 = 10.419 | Final Dist 100 = 4.752 | Final Dist 1000 = 2.743 | Init Dist = 12.806 | Init Dist 10 = 12.806 | Init Dist 100 = 12.806 | Init Dist 1000 = 12.806 | Learner Steps = 4525 | Learner Walltime = 887.285 | Min Dist = 0.208 | Min Dist 10 = 9.989 | Min Dist 100 = 4.213 | Min Dist 1000 = 2.000 | Steps Per Second = 84.065 | Success = 1.000 | Success 1000 = 0.761
I0502 15:21:03.670570 139555860620864 terminal.py:91] [Actor] Actor Episodes = 5994 | Actor Steps = 299700 | Delta Dist = 3.991 | Delta Dist 10 = 4.257 | Delta Dist 100 = 4.279 | Delta Dist 1000 = 4.267 | Episode Length = 50 | Episode Return = 15.0 | Evaluator Episodes = 1502 | Evaluator Steps = 75100 | Final Dist = 0.133 | Final Dist 10 = 2.438 | Final Dist 100 = 1.407 | Final Dist 1000 = 1.672 | Init Dist = 4.123 | Init Dist 10 = 6.696 | Init Dist 100 = 5.686 | Init Dist 1000 = 5.939 | Learner Steps = 4525 | Learner Walltime = 887.285 | Min Dist = 0.065 | Min Dist 10 = 1.398 | Min Dist 100 = 0.307 | Min Dist 1000 = 0.253 | Steps Per Second = 86.739 | Success = 1.000 | Success 1000 = 0.992
I0502 15:21:04.289212 139579566835264 terminal.py:91] [Evaluator] Actor Episodes = 5996 | Actor Steps = 299800 | Delta Dist = 12.750 | Delta Dist 10 = 4.154 | Delta Dist 100 = 8.233 | Delta Dist 1000 = 10.061 | Episode Length = 50 | Episode Return = 19.0 | Evaluator Episodes = 1504 | Evaluator Steps = 75200 | Final Dist = 0.057 | Final Dist 10 = 8.652 | Final Dist 100 = 4.573 | Final Dist 1000 = 2.745 | Init Dist = 12.806 | Init Dist 10 = 12.806 | Init Dist 100 = 12.806 | Init Dist 1000 = 12.806 | Learner Steps = 4532 | Learner Walltime = 888.341 | Min Dist = 0.057 | Min Dist 10 = 8.098 | Min Dist 100 = 4.024 | Min Dist 1000 = 2.001 | Steps Per Second = 96.044 | Success = 1.000 | Success 1000 = 0.760
I0502 15:21:05.431436 139579566835264 terminal.py:91] [Evaluator] Actor Episodes = 6004 | Actor Steps = 300200 | Delta Dist = 11.473 | Delta Dist 10 = 6.116 | Delta Dist 100 = 8.243 | Delta Dist 1000 = 10.066 | Episode Length = 50 | Episode Return = 7.0 | Evaluator Episodes = 1506 | Evaluator Steps = 75300 | Final Dist = 1.333 | Final Dist 10 = 6.690 | Final Dist 100 = 4.563 | Final Dist 1000 = 2.740 | Init Dist = 12.806 | Init Dist 10 = 12.806 | Init Dist 100 = 12.806 | Init Dist 1000 = 12.806 | Learner Steps = 4537 | Learner Walltime = 889.348 | Min Dist = 0.566 | Min Dist 10 = 6.064 | Min Dist 100 = 4.019 | Min Dist 1000 = 1.996 | Steps Per Second = 87.106 | Success = 1.000 | Success 1000 = 0.761
I0502 15:21:05.983996 139558059398720 terminal.py:91] [Actor] Actor Episodes = 6005 | Actor Steps = 300250 | Delta Dist = 9.940 | Delta Dist 10 = 4.859 | Delta Dist 100 = 4.247 | Delta Dist 1000 = 4.269 | Episode Length = 50 | Episode Return = 43.0 | Evaluator Episodes = 1504 | Evaluator Steps = 75200 | Final Dist = 0.060 | Final Dist 10 = 0.571 | Final Dist 100 = 1.426 | Final Dist 1000 = 1.652 | Init Dist = 10.000 | Init Dist 10 = 4.627 | Init Dist 100 = 5.591 | Init Dist 1000 = 5.916 | Learner Steps = 4537 | Learner Walltime = 889.348 | Min Dist = 0.060 | Min Dist 10 = 0.078 | Min Dist 100 = 0.313 | Min Dist 1000 = 0.256 | Steps Per Second = 85.237 | Success = 1.000 | Success 1000 = 0.992
I0502 15:21:06.260731 139584504182336 lp_utils.py:96] StepsLimiter: Reached 300500 recorded steps
I0502 15:21:06.626676 139579566835264 terminal.py:91] [Evaluator] Actor Episodes = 6012 | Actor Steps = 300600 | Delta Dist = 1.113 | Delta Dist 10 = 6.983 | Delta Dist 100 = 8.143 | Delta Dist 1000 = 10.057 | Episode Length = 50 | Episode Return = 0.0 | Evaluator Episodes = 1508 | Evaluator Steps = 75400 | Final Dist = 11.693 | Final Dist 10 = 5.823 | Final Dist 100 = 4.664 | Final Dist 1000 = 2.749 | Init Dist = 12.806 | Init Dist 10 = 12.806 | Init Dist 100 = 12.806 | Init Dist 1000 = 12.806 | Learner Steps = 4543 | Learner Walltime = 890.753 | Min Dist = 10.633 | Min Dist 10 = 5.386 | Min Dist 100 = 4.122 | Min Dist 1000 = 2.006 | Steps Per Second = 85.115 | Success = 0.000 | Success 1000 = 0.760
I0502 15:21:07.818028 139579566835264 terminal.py:91] [Evaluator] Actor Episodes = 6018 | Actor Steps = 300900 | Delta Dist = 2.519 | Delta Dist 10 = 6.900 | Delta Dist 100 = 8.040 | Delta Dist 1000 = 10.037 | Episode Length = 50 | Episode Return = 0.0 | Evaluator Episodes = 1510 | Evaluator Steps = 75500 | Final Dist = 10.287 | Final Dist 10 = 5.906 | Final Dist 100 = 4.766 | Final Dist 1000 = 2.770 | Init Dist = 12.806 | Init Dist 10 = 12.806 | Init Dist 100 = 12.806 | Init Dist 1000 = 12.806 | Learner Steps = 4543 | Learner Walltime = 890.753 | Min Dist = 10.212 | Min Dist 10 = 5.375 | Min Dist 100 = 4.222 | Min Dist 1000 = 2.027 | Steps Per Second = 84.585 | Success = 0.000 | Success 1000 = 0.758
I0502 15:21:08.942443 139579566835264 terminal.py:91] [Evaluator] Actor Episodes = 6026 | Actor Steps = 301300 | Delta Dist = 1.730 | Delta Dist 10 = 6.907 | Delta Dist 100 = 7.906 | Delta Dist 1000 = 10.019 | Episode Length = 50 | Episode Return = 0.0 | Evaluator Episodes = 1512 | Evaluator Steps = 75600 | Final Dist = 11.076 | Final Dist 10 = 5.899 | Final Dist 100 = 4.900 | Final Dist 1000 = 2.788 | Init Dist = 12.806 | Init Dist 10 = 12.806 | Init Dist 100 = 12.806 | Init Dist 1000 = 12.806 | Learner Steps = 4551 | Learner Walltime = 892.139 | Min Dist = 10.492 | Min Dist 10 = 5.481 | Min Dist 100 = 4.364 | Min Dist 1000 = 2.047 | Steps Per Second = 87.841 | Success = 0.000 | Success 1000 = 0.756
I0502 15:21:10.169989 139579566835264 terminal.py:91] [Evaluator] Actor Episodes = 6036 | Actor Steps = 301800 | Delta Dist = 9.318 | Delta Dist 10 = 5.978 | Delta Dist 100 = 7.875 | Delta Dist 1000 = 10.007 | Episode Length = 50 | Episode Return = 0.0 | Evaluator Episodes = 1514 | Evaluator Steps = 75700 | Final Dist = 3.488 | Final Dist 10 = 6.828 | Final Dist 100 = 4.931 | Final Dist 1000 = 2.799 | Init Dist = 12.806 | Init Dist 10 = 12.806 | Init Dist 100 = 12.806 | Init Dist 1000 = 12.806 | Learner Steps = 4562 | Learner Walltime = 894.345 | Min Dist = 2.019 | Min Dist 10 = 6.348 | Min Dist 100 = 4.400 | Min Dist 1000 = 2.057 | Steps Per Second = 82.662 | Success = 0.000 | Success 1000 = 0.755
I0502 15:21:11.358966 139579566835264 terminal.py:91] [Evaluator] Actor Episodes = 6044 | Actor Steps = 302200 | Delta Dist = 12.357 | Delta Dist 10 = 5.716 | Delta Dist 100 = 7.851 | Delta Dist 1000 = 10.005 | Episode Length = 50 | Episode Return = 10.0 | Evaluator Episodes = 1516 | Evaluator Steps = 75800 | Final Dist = 0.449 | Final Dist 10 = 7.090 | Final Dist 100 = 4.956 | Final Dist 1000 = 2.802 | Init Dist = 12.806 | Init Dist 10 = 12.806 | Init Dist 100 = 12.806 | Init Dist 1000 = 12.806 | Learner Steps = 4568 | Learner Walltime = 895.426 | Min Dist = 0.380 | Min Dist 10 = 6.523 | Min Dist 100 = 4.415 | Min Dist 1000 = 2.059 | Steps Per Second = 81.692 | Success = 1.000 | Success 1000 = 0.754
I0502 15:21:11.987905 139555013154368 terminal.py:91] [Learner] Actor Episodes = 6044 | Actor Loss = 3.6648120880126953 | Actor Steps = 302200 | Binary Accuracy = 0.9959688186645508 | Categorical Accuracy = 0.3929443359375 | Critic Loss = 2.11285400390625 | Entropy Mean = -16.517406463623047 | Evaluator Episodes = 1514 | Evaluator Steps = 75700 | Learner Steps = 4573 | Learner Walltime = 896.187 | Logits Neg = -15.727496147155762 | Logits Pos = -2.0974631309509277 | Logsumexp = 1.2468700408935547 | Steps Per Second = 839.753
I0502 15:21:12.402268 139569349502528 terminal.py:91] [Actor] Actor Episodes = 6049 | Actor Steps = 302450 | Delta Dist = 6.634 | Delta Dist 10 = 2.343 | Delta Dist 100 = 4.035 | Delta Dist 1000 = 4.236 | Episode Length = 50 | Episode Return = 2.0 | Evaluator Episodes = 1516 | Evaluator Steps = 75800 | Final Dist = 1.612 | Final Dist 10 = 2.387 | Final Dist 100 = 1.789 | Final Dist 1000 = 1.661 | Init Dist = 8.246 | Init Dist 10 = 4.729 | Init Dist 100 = 5.823 | Init Dist 1000 = 5.898 | Learner Steps = 4568 | Learner Walltime = 895.426 | Min Dist = 0.073 | Min Dist 10 = 0.426 | Min Dist 100 = 0.307 | Min Dist 1000 = 0.241 | Steps Per Second = 82.479 | Success = 1.000 | Success 1000 = 0.991
I0502 15:21:12.505656 139579566835264 terminal.py:91] [Evaluator] Actor Episodes = 6054 | Actor Steps = 302700 | Delta Dist = 1.470 | Delta Dist 10 = 6.707 | Delta Dist 100 = 7.941 | Delta Dist 1000 = 10.009 | Episode Length = 50 | Episode Return = 0.0 | Evaluator Episodes = 1518 | Evaluator Steps = 75900 | Final Dist = 11.336 | Final Dist 10 = 6.099 | Final Dist 100 = 4.865 | Final Dist 1000 = 2.797 | Init Dist = 12.806 | Init Dist 10 = 12.806 | Init Dist 100 = 12.806 | Init Dist 1000 = 12.806 | Learner Steps = 4575 | Learner Walltime = 896.662 | Min Dist = 10.144 | Min Dist 10 = 5.476 | Min Dist 100 = 4.314 | Min Dist 1000 = 2.053 | Steps Per Second = 84.355 | Success = 0.000 | Success 1000 = 0.755
I0502 15:21:12.901720 139557462840896 terminal.py:91] [Actor] Actor Episodes = 6055 | Actor Steps = 302750 | Delta Dist = 2.457 | Delta Dist 10 = 3.037 | Delta Dist 100 = 4.144 | Delta Dist 1000 = 4.243 | Episode Length = 50 | Episode Return = 43.0 | Evaluator Episodes = 1516 | Evaluator Steps = 75800 | Final Dist = 0.371 | Final Dist 10 = 1.580 | Final Dist 100 = 1.670 | Final Dist 1000 = 1.662 | Init Dist = 2.828 | Init Dist 10 = 4.617 | Init Dist 100 = 5.814 | Init Dist 1000 = 5.905 | Learner Steps = 4575 | Learner Walltime = 896.662 | Min Dist = 0.007 | Min Dist 10 = 0.393 | Min Dist 100 = 0.304 | Min Dist 1000 = 0.241 | Steps Per Second = 121.058 | Success = 1.000 | Success 1000 = 0.991
I0502 15:21:13.614913 139579566835264 terminal.py:91] [Evaluator] Actor Episodes = 6060 | Actor Steps = 303000 | Delta Dist = 2.617 | Delta Dist 10 = 6.492 | Delta Dist 100 = 7.806 | Delta Dist 1000 = 9.987 | Episode Length = 50 | Episode Return = 0.0 | Evaluator Episodes = 1520 | Evaluator Steps = 76000 | Final Dist = 10.189 | Final Dist 10 = 6.314 | Final Dist 100 = 5.000 | Final Dist 1000 = 2.819 | Init Dist = 12.806 | Init Dist 10 = 12.806 | Init Dist 100 = 12.806 | Init Dist 1000 = 12.806 | Learner Steps = 4575 | Learner Walltime = 896.662 | Min Dist = 9.888 | Min Dist 10 = 5.465 | Min Dist 100 = 4.419 | Min Dist 1000 = 2.074 | Steps Per Second = 85.985 | Success = 0.000 | Success 1000 = 0.753
I0502 15:21:14.135315 139555860620864 terminal.py:91] [Actor] Actor Episodes = 6065 | Actor Steps = 303250 | Delta Dist = 0.000 | Delta Dist 10 = 2.756 | Delta Dist 100 = 4.034 | Delta Dist 1000 = 4.225 | Episode Length = 50 | Episode Return = 50.0 | Evaluator Episodes = 1520 | Evaluator Steps = 76000 | Final Dist = 5.831 | Final Dist 10 = 1.357 | Final Dist 100 = 1.675 | Final Dist 1000 = 1.652 | Init Dist = 5.831 | Init Dist 10 = 4.112 | Init Dist 100 = 5.709 | Init Dist 1000 = 5.876 | Learner Steps = 4582 | Learner Walltime = 897.855 | Min Dist = 5.831 | Min Dist 10 = 0.086 | Min Dist 100 = 0.303 | Min Dist 1000 = 0.242 | Steps Per Second = 83.863 | Success = 0.000 | Success 1000 = 0.991
I0502 15:21:14.833554 139579566835264 terminal.py:91] [Evaluator] Actor Episodes = 6069 | Actor Steps = 303450 | Delta Dist = 11.554 | Delta Dist 10 = 7.403 | Delta Dist 100 = 7.835 | Delta Dist 1000 = 9.978 | Episode Length = 50 | Episode Return = 16.0 | Evaluator Episodes = 1522 | Evaluator Steps = 76100 | Final Dist = 1.252 | Final Dist 10 = 5.403 | Final Dist 100 = 4.971 | Final Dist 1000 = 2.828 | Init Dist = 12.806 | Init Dist 10 = 12.806 | Init Dist 100 = 12.806 | Init Dist 1000 = 12.806 | Learner Steps = 4582 | Learner Walltime = 897.855 | Min Dist = 0.235 | Min Dist 10 = 4.469 | Min Dist 100 = 4.382 | Min Dist 1000 = 2.084 | Steps Per Second = 81.075 | Success = 1.000 | Success 1000 = 0.752
I0502 15:21:16.045183 139579566835264 terminal.py:91] [Evaluator] Actor Episodes = 6077 | Actor Steps = 303850 | Delta Dist = 2.462 | Delta Dist 10 = 8.420 | Delta Dist 100 = 7.833 | Delta Dist 1000 = 9.978 | Episode Length = 50 | Episode Return = 0.0 | Evaluator Episodes = 1524 | Evaluator Steps = 76200 | Final Dist = 10.344 | Final Dist 10 = 4.386 | Final Dist 100 = 4.973 | Final Dist 1000 = 2.828 | Init Dist = 12.806 | Init Dist 10 = 12.806 | Init Dist 100 = 12.806 | Init Dist 1000 = 12.806 | Learner Steps = 4595 | Learner Walltime = 900.238 | Min Dist = 10.311 | Min Dist 10 = 3.455 | Min Dist 100 = 4.377 | Min Dist 1000 = 2.084 | Steps Per Second = 84.919 | Success = 0.000 | Success 1000 = 0.752
I0502 15:21:16.150733 139558059398720 terminal.py:91] [Actor] Actor Episodes = 6079 | Actor Steps = 303950 | Delta Dist = 5.497 | Delta Dist 10 = 4.956 | Delta Dist 100 = 3.830 | Delta Dist 1000 = 4.230 | Episode Length = 50 | Episode Return = 37.0 | Evaluator Episodes = 1524 | Evaluator Steps = 76200 | Final Dist = 1.574 | Final Dist 10 = 0.817 | Final Dist 100 = 1.684 | Final Dist 1000 = 1.644 | Init Dist = 7.071 | Init Dist 10 = 5.773 | Init Dist 100 = 5.515 | Init Dist 1000 = 5.874 | Learner Steps = 4595 | Learner Walltime = 900.238 | Min Dist = 0.080 | Min Dist 10 = 0.105 | Min Dist 100 = 0.303 | Min Dist 1000 = 0.234 | Steps Per Second = 82.949 | Success = 1.000 | Success 1000 = 0.991
I0502 15:21:16.278834 139584504182336 lp_utils.py:96] StepsLimiter: Reached 303950 recorded steps
I0502 15:21:17.314877 139579566835264 terminal.py:91] [Evaluator] Actor Episodes = 6085 | Actor Steps = 304250 | Delta Dist = 12.506 | Delta Dist 10 = 7.607 | Delta Dist 100 = 7.941 | Delta Dist 1000 = 9.967 | Episode Length = 50 | Episode Return = 22.0 | Evaluator Episodes = 1526 | Evaluator Steps = 76300 | Final Dist = 0.300 | Final Dist 10 = 5.199 | Final Dist 100 = 4.865 | Final Dist 1000 = 2.839 | Init Dist = 12.806 | Init Dist 10 = 12.806 | Init Dist 100 = 12.806 | Init Dist 1000 = 12.806 | Learner Steps = 4595 | Learner Walltime = 900.238 | Min Dist = 0.023 | Min Dist 10 = 4.322 | Min Dist 100 = 4.278 | Min Dist 1000 = 2.095 | Steps Per Second = 72.512 | Success = 1.000 | Success 1000 = 0.751
I0502 15:21:18.466546 139579566835264 terminal.py:91] [Evaluator] Actor Episodes = 6093 | Actor Steps = 304650 | Delta Dist = 11.566 | Delta Dist 10 = 7.716 | Delta Dist 100 = 8.055 | Delta Dist 1000 = 9.974 | Episode Length = 50 | Episode Return = 15.0 | Evaluator Episodes = 1528 | Evaluator Steps = 76400 | Final Dist = 1.240 | Final Dist 10 = 5.091 | Final Dist 100 = 4.751 | Final Dist 1000 = 2.832 | Init Dist = 12.806 | Init Dist 10 = 12.806 | Init Dist 100 = 12.806 | Init Dist 1000 = 12.806 | Learner Steps = 4607 | Learner Walltime = 902.628 | Min Dist = 0.383 | Min Dist 10 = 4.316 | Min Dist 100 = 4.178 | Min Dist 1000 = 2.089 | Steps Per Second = 83.420 | Success = 1.000 | Success 1000 = 0.752
I0502 15:21:19.597972 139579566835264 terminal.py:91] [Evaluator] Actor Episodes = 6101 | Actor Steps = 305050 | Delta Dist = 12.287 | Delta Dist 10 = 9.961 | Delta Dist 100 = 8.150 | Delta Dist 1000 = 9.973 | Episode Length = 50 | Episode Return = 8.0 | Evaluator Episodes = 1530 | Evaluator Steps = 76500 | Final Dist = 0.519 | Final Dist 10 = 2.845 | Final Dist 100 = 4.656 | Final Dist 1000 = 2.833 | Init Dist = 12.806 | Init Dist 10 = 12.806 | Init Dist 100 = 12.806 | Init Dist 1000 = 12.806 | Learner Steps = 4607 | Learner Walltime = 902.628 | Min Dist = 0.228 | Min Dist 10 = 2.318 | Min Dist 100 = 4.081 | Min Dist 1000 = 2.090 | Steps Per Second = 91.457 | Success = 1.000 | Success 1000 = 0.752
I0502 15:21:20.827685 139579566835264 terminal.py:91] [Evaluator] Actor Episodes = 6109 | Actor Steps = 305450 | Delta Dist = 1.794 | Delta Dist 10 = 10.351 | Delta Dist 100 = 8.093 | Delta Dist 1000 = 9.968 | Episode Length = 50 | Episode Return = 0.0 | Evaluator Episodes = 1532 | Evaluator Steps = 76600 | Final Dist = 11.012 | Final Dist 10 = 2.455 | Final Dist 100 = 4.714 | Final Dist 1000 = 2.838 | Init Dist = 12.806 | Init Dist 10 = 12.806 | Init Dist 100 = 12.806 | Init Dist 1000 = 12.806 | Learner Steps = 4614 | Learner Walltime = 904.014 | Min Dist = 10.443 | Min Dist 10 = 1.992 | Min Dist 100 = 4.150 | Min Dist 1000 = 2.096 | Steps Per Second = 84.914 | Success = 0.000 | Success 1000 = 0.752
I0502 15:21:22.087891 139579566835264 terminal.py:91] [Evaluator] Actor Episodes = 6117 | Actor Steps = 305850 | Delta Dist = 2.358 | Delta Dist 10 = 8.432 | Delta Dist 100 = 7.989 | Delta Dist 1000 = 9.948 | Episode Length = 50 | Episode Return = 0.0 | Evaluator Episodes = 1534 | Evaluator Steps = 76700 | Final Dist = 10.448 | Final Dist 10 = 4.374 | Final Dist 100 = 4.818 | Final Dist 1000 = 2.858 | Init Dist = 12.806 | Init Dist 10 = 12.806 | Init Dist 100 = 12.806 | Init Dist 1000 = 12.806 | Learner Steps = 4620 | Learner Walltime = 905.270 | Min Dist = 10.408 | Min Dist 10 = 4.041 | Min Dist 100 = 4.252 | Min Dist 1000 = 2.116 | Steps Per Second = 79.803 | Success = 0.000 | Success 1000 = 0.750
I0502 15:21:22.283679 139555013154368 terminal.py:91] [Learner] Actor Episodes = 6117 | Actor Loss = 3.702397584915161 | Actor Steps = 305850 | Binary Accuracy = 0.9959244728088379 | Categorical Accuracy = 0.39349365234375 | Critic Loss = 2.0753517150878906 | Entropy Mean = -16.069190979003906 | Evaluator Episodes = 1534 | Evaluator Steps = 76700 | Learner Steps = 4626 | Learner Walltime = 906.474 | Logits Neg = -16.335582733154297 | Logits Pos = -2.0531346797943115 | Logsumexp = 1.265855312347412 | Steps Per Second = 135.405
I0502 15:21:22.792465 139569349502528 terminal.py:91] [Actor] Actor Episodes = 6121 | Actor Steps = 306050 | Delta Dist = 6.044 | Delta Dist 10 = 3.176 | Delta Dist 100 = 4.000 | Delta Dist 1000 = 4.224 | Episode Length = 50 | Episode Return = 40.0 | Evaluator Episodes = 1534 | Evaluator Steps = 76700 | Final Dist = 3.176 | Final Dist 10 = 2.984 | Final Dist 100 = 1.759 | Final Dist 1000 = 1.653 | Init Dist = 9.220 | Init Dist 10 = 6.161 | Init Dist 100 = 5.759 | Init Dist 1000 = 5.877 | Learner Steps = 4626 | Learner Walltime = 906.474 | Min Dist = 0.030 | Min Dist 10 = 0.090 | Min Dist 100 = 0.145 | Min Dist 1000 = 0.234 | Steps Per Second = 83.944 | Success = 1.000 | Success 1000 = 0.991
I0502 15:21:23.039569 139557462840896 terminal.py:91] [Actor] Actor Episodes = 6125 | Actor Steps = 306250 | Delta Dist = 2.968 | Delta Dist 10 = 3.147 | Delta Dist 100 = 4.031 | Delta Dist 1000 = 4.230 | Episode Length = 50 | Episode Return = 34.0 | Evaluator Episodes = 1534 | Evaluator Steps = 76700 | Final Dist = 0.194 | Final Dist 10 = 2.732 | Final Dist 100 = 1.724 | Final Dist 1000 = 1.645 | Init Dist = 3.162 | Init Dist 10 = 5.879 | Init Dist 100 = 5.755 | Init Dist 1000 = 5.875 | Learner Steps = 4626 | Learner Walltime = 906.474 | Min Dist = 0.115 | Min Dist 10 = 0.467 | Min Dist 100 = 0.179 | Min Dist 1000 = 0.238 | Steps Per Second = 80.894 | Success = 1.000 | Success 1000 = 0.991
I0502 15:21:23.328535 139579566835264 terminal.py:91] [Evaluator] Actor Episodes = 6125 | Actor Steps = 306250 | Delta Dist = 10.721 | Delta Dist 10 = 8.463 | Delta Dist 100 = 7.924 | Delta Dist 1000 = 9.939 | Episode Length = 50 | Episode Return = 0.0 | Evaluator Episodes = 1536 | Evaluator Steps = 76800 | Final Dist = 2.086 | Final Dist 10 = 4.343 | Final Dist 100 = 4.883 | Final Dist 1000 = 2.867 | Init Dist = 12.806 | Init Dist 10 = 12.806 | Init Dist 100 = 12.806 | Init Dist 1000 = 12.806 | Learner Steps = 4626 | Learner Walltime = 906.474 | Min Dist = 1.534 | Min Dist 10 = 4.059 | Min Dist 100 = 4.311 | Min Dist 1000 = 2.127 | Steps Per Second = 77.288 | Success = 0.000 | Success 1000 = 0.749
I0502 15:21:24.506674 139579566835264 terminal.py:91] [Evaluator] Actor Episodes = 6133 | Actor Steps = 306650 | Delta Dist = 2.318 | Delta Dist 10 = 8.177 | Delta Dist 100 = 7.935 | Delta Dist 1000 = 9.939 | Episode Length = 50 | Episode Return = 0.0 | Evaluator Episodes = 1538 | Evaluator Steps = 76900 | Final Dist = 10.488 | Final Dist 10 = 4.629 | Final Dist 100 = 4.871 | Final Dist 1000 = 2.868 | Init Dist = 12.806 | Init Dist 10 = 12.806 | Init Dist 100 = 12.806 | Init Dist 1000 = 12.806 | Learner Steps = 4633 | Learner Walltime = 907.630 | Min Dist = 10.488 | Min Dist 10 = 4.322 | Min Dist 100 = 4.298 | Min Dist 1000 = 2.130 | Steps Per Second = 82.906 | Success = 0.000 | Success 1000 = 0.747
I0502 15:21:24.515729 139555860620864 terminal.py:91] [Actor] Actor Episodes = 6132 | Actor Steps = 306600 | Delta Dist = 7.766 | Delta Dist 10 = 5.718 | Delta Dist 100 = 4.183 | Delta Dist 1000 = 4.246 | Episode Length = 50 | Episode Return = 23.0 | Evaluator Episodes = 1536 | Evaluator Steps = 76800 | Final Dist = 0.480 | Final Dist 10 = 0.810 | Final Dist 100 = 1.727 | Final Dist 1000 = 1.645 | Init Dist = 8.246 | Init Dist 10 = 6.528 | Init Dist 100 = 5.910 | Init Dist 1000 = 5.892 | Learner Steps = 4633 | Learner Walltime = 907.630 | Min Dist = 0.042 | Min Dist 10 = 0.080 | Min Dist 100 = 0.178 | Min Dist 1000 = 0.237 | Steps Per Second = 97.960 | Success = 1.000 | Success 1000 = 0.991
I0502 15:21:25.697759 139579566835264 terminal.py:91] [Evaluator] Actor Episodes = 6141 | Actor Steps = 307050 | Delta Dist = 11.414 | Delta Dist 10 = 7.198 | Delta Dist 100 = 7.927 | Delta Dist 1000 = 9.937 | Episode Length = 50 | Episode Return = 3.0 | Evaluator Episodes = 1540 | Evaluator Steps = 77000 | Final Dist = 1.392 | Final Dist 10 = 5.609 | Final Dist 100 = 4.880 | Final Dist 1000 = 2.870 | Init Dist = 12.806 | Init Dist 10 = 12.806 | Init Dist 100 = 12.806 | Init Dist 1000 = 12.806 | Learner Steps = 4639 | Learner Walltime = 908.838 | Min Dist = 0.525 | Min Dist 10 = 5.303 | Min Dist 100 = 4.297 | Min Dist 1000 = 2.133 | Steps Per Second = 85.435 | Success = 1.000 | Success 1000 = 0.747
I0502 15:21:26.303339 139584504182336 lp_utils.py:96] StepsLimiter: Reached 307150 recorded steps
I0502 15:21:26.401889 139558059398720 terminal.py:91] [Actor] Actor Episodes = 6144 | Actor Steps = 307200 | Delta Dist = 4.012 | Delta Dist 10 = 4.568 | Delta Dist 100 = 4.212 | Delta Dist 1000 = 4.246 | Episode Length = 50 | Episode Return = 17.0 | Evaluator Episodes = 1540 | Evaluator Steps = 77000 | Final Dist = 0.988 | Final Dist 10 = 1.518 | Final Dist 100 = 1.601 | Final Dist 1000 = 1.651 | Init Dist = 5.000 | Init Dist 10 = 6.086 | Init Dist 100 = 5.813 | Init Dist 1000 = 5.896 | Learner Steps = 4639 | Learner Walltime = 908.838 | Min Dist = 0.037 | Min Dist 10 = 0.700 | Min Dist 100 = 0.282 | Min Dist 1000 = 0.247 | Steps Per Second = 77.071 | Success = 1.000 | Success 1000 = 0.991
I0502 15:21:26.979326 139579566835264 terminal.py:91] [Evaluator] Actor Episodes = 6149 | Actor Steps = 307450 | Delta Dist = 11.460 | Delta Dist 10 = 7.763 | Delta Dist 100 = 7.920 | Delta Dist 1000 = 9.936 | Episode Length = 50 | Episode Return = 5.0 | Evaluator Episodes = 1542 | Evaluator Steps = 77100 | Final Dist = 1.347 | Final Dist 10 = 5.043 | Final Dist 100 = 4.887 | Final Dist 1000 = 2.871 | Init Dist = 12.806 | Init Dist 10 = 12.806 | Init Dist 100 = 12.806 | Init Dist 1000 = 12.806 | Learner Steps = 4646 | Learner Walltime = 910.094 | Min Dist = 0.349 | Min Dist 10 = 4.612 | Min Dist 100 = 4.294 | Min Dist 1000 = 2.133 | Steps Per Second = 80.280 | Success = 1.000 | Success 1000 = 0.747
I0502 15:21:27.211887 139583350109760 savers.py:156] Saving checkpoint: logs/contrastive_cpc_point_FourRooms_64/5dd72662-2788-11f0-b183-d85ed38c5779/checkpoints/learner
I0502 15:21:28.263073 139579566835264 terminal.py:91] [Evaluator] Actor Episodes = 6157 | Actor Steps = 307850 | Delta Dist = 11.935 | Delta Dist 10 = 8.746 | Delta Dist 100 = 7.931 | Delta Dist 1000 = 9.926 | Episode Length = 50 | Episode Return = 16.0 | Evaluator Episodes = 1544 | Evaluator Steps = 77200 | Final Dist = 0.871 | Final Dist 10 = 4.060 | Final Dist 100 = 4.876 | Final Dist 1000 = 2.880 | Init Dist = 12.806 | Init Dist 10 = 12.806 | Init Dist 100 = 12.806 | Init Dist 1000 = 12.806 | Learner Steps = 4651 | Learner Walltime = 911.416 | Min Dist = 0.195 | Min Dist 10 = 3.589 | Min Dist 100 = 4.294 | Min Dist 1000 = 2.143 | Steps Per Second = 87.515 | Success = 1.000 | Success 1000 = 0.746
I0502 15:21:29.537951 139579566835264 terminal.py:91] [Evaluator] Actor Episodes = 6165 | Actor Steps = 308250 | Delta Dist = 2.296 | Delta Dist 10 = 8.681 | Delta Dist 100 = 7.850 | Delta Dist 1000 = 9.914 | Episode Length = 50 | Episode Return = 0.0 | Evaluator Episodes = 1546 | Evaluator Steps = 77300 | Final Dist = 10.511 | Final Dist 10 = 4.125 | Final Dist 100 = 4.956 | Final Dist 1000 = 2.892 | Init Dist = 12.806 | Init Dist 10 = 12.806 | Init Dist 100 = 12.806 | Init Dist 1000 = 12.806 | Learner Steps = 4658 | Learner Walltime = 912.688 | Min Dist = 10.164 | Min Dist 10 = 3.519 | Min Dist 100 = 4.362 | Min Dist 1000 = 2.153 | Steps Per Second = 80.824 | Success = 0.000 | Success 1000 = 0.745
I0502 15:21:30.873403 139579566835264 terminal.py:91] [Evaluator] Actor Episodes = 6173 | Actor Steps = 308650 | Delta Dist = 2.456 | Delta Dist 10 = 7.539 | Delta Dist 100 = 7.824 | Delta Dist 1000 = 9.901 | Episode Length = 50 | Episode Return = 0.0 | Evaluator Episodes = 1548 | Evaluator Steps = 77400 | Final Dist = 10.350 | Final Dist 10 = 5.267 | Final Dist 100 = 4.983 | Final Dist 1000 = 2.905 | Init Dist = 12.806 | Init Dist 10 = 12.806 | Init Dist 100 = 12.806 | Init Dist 1000 = 12.806 | Learner Steps = 4664 | Learner Walltime = 913.912 | Min Dist = 10.262 | Min Dist 10 = 4.654 | Min Dist 100 = 4.392 | Min Dist 1000 = 2.168 | Steps Per Second = 70.525 | Success = 0.000 | Success 1000 = 0.743
I0502 15:21:32.072922 139579566835264 terminal.py:91] [Evaluator] Actor Episodes = 6181 | Actor Steps = 309050 | Delta Dist = 2.312 | Delta Dist 10 = 7.512 | Delta Dist 100 = 7.825 | Delta Dist 1000 = 9.892 | Episode Length = 50 | Episode Return = 0.0 | Evaluator Episodes = 1550 | Evaluator Steps = 77500 | Final Dist = 10.495 | Final Dist 10 = 5.294 | Final Dist 100 = 4.981 | Final Dist 1000 = 2.914 | Init Dist = 12.806 | Init Dist 10 = 12.806 | Init Dist 100 = 12.806 | Init Dist 1000 = 12.806 | Learner Steps = 4671 | Learner Walltime = 915.262 | Min Dist = 10.449 | Min Dist 10 = 4.653 | Min Dist 100 = 4.393 | Min Dist 1000 = 2.178 | Steps Per Second = 85.367 | Success = 0.000 | Success 1000 = 0.742
I0502 15:21:32.318257 139555013154368 terminal.py:91] [Learner] Actor Episodes = 6183 | Actor Loss = 3.729332685470581 | Actor Steps = 309150 | Binary Accuracy = 0.9959709644317627 | Categorical Accuracy = 0.3956298828125 | Critic Loss = 2.074390172958374 | Entropy Mean = -16.900028228759766 | Evaluator Episodes = 1550 | Evaluator Steps = 77500 | Learner Steps = 4678 | Learner Walltime = 916.514 | Logits Neg = -15.730807304382324 | Logits Pos = -2.064220905303955 | Logsumexp = 1.2373127937316895 | Steps Per Second = 1067.928
I0502 15:21:32.819430 139569349502528 terminal.py:91] [Actor] Actor Episodes = 6187 | Actor Steps = 309350 | Delta Dist = 3.684 | Delta Dist 10 = 3.747 | Delta Dist 100 = 4.495 | Delta Dist 1000 = 4.236 | Episode Length = 50 | Episode Return = 37.0 | Evaluator Episodes = 1550 | Evaluator Steps = 77500 | Final Dist = 0.439 | Final Dist 10 = 2.124 | Final Dist 100 = 1.721 | Final Dist 1000 = 1.661 | Init Dist = 4.123 | Init Dist 10 = 5.872 | Init Dist 100 = 6.215 | Init Dist 1000 = 5.897 | Learner Steps = 4677 | Learner Walltime = 916.454 | Min Dist = 0.129 | Min Dist 10 = 0.138 | Min Dist 100 = 0.462 | Min Dist 1000 = 0.259 | Steps Per Second = 77.248 | Success = 1.000 | Success 1000 = 0.990
I0502 15:21:33.281397 139579566835264 terminal.py:91] [Evaluator] Actor Episodes = 6189 | Actor Steps = 309450 | Delta Dist = 4.941 | Delta Dist 10 = 5.624 | Delta Dist 100 = 7.726 | Delta Dist 1000 = 9.873 | Episode Length = 50 | Episode Return = 0.0 | Evaluator Episodes = 1552 | Evaluator Steps = 77600 | Final Dist = 7.865 | Final Dist 10 = 7.182 | Final Dist 100 = 5.081 | Final Dist 1000 = 2.933 | Init Dist = 12.806 | Init Dist 10 = 12.806 | Init Dist 100 = 12.806 | Init Dist 1000 = 12.806 | Learner Steps = 4677 | Learner Walltime = 916.454 | Min Dist = 7.865 | Min Dist 10 = 6.686 | Min Dist 100 = 4.492 | Min Dist 1000 = 2.198 | Steps Per Second = 82.545 | Success = 0.000 | Success 1000 = 0.740
I0502 15:21:33.652126 139557462840896 terminal.py:91] [Actor] Actor Episodes = 6190 | Actor Steps = 309500 | Delta Dist = 4.188 | Delta Dist 10 = 1.760 | Delta Dist 100 = 4.266 | Delta Dist 1000 = 4.219 | Episode Length = 50 | Episode Return = 47.0 | Evaluator Episodes = 1550 | Evaluator Steps = 77500 | Final Dist = 0.285 | Final Dist 10 = 2.391 | Final Dist 100 = 1.846 | Final Dist 1000 = 1.671 | Init Dist = 4.472 | Init Dist 10 = 4.151 | Init Dist 100 = 6.112 | Init Dist 1000 = 5.890 | Learner Steps = 4677 | Learner Walltime = 916.454 | Min Dist = 0.075 | Min Dist 10 = 0.141 | Min Dist 100 = 0.464 | Min Dist 1000 = 0.258 | Steps Per Second = 78.438 | Success = 1.000 | Success 1000 = 0.991
I0502 15:21:33.680977 139584635659840 savers.py:156] Saving checkpoint: logs/contrastive_cpc_point_FourRooms_64/5dd72662-2788-11f0-b183-d85ed38c5779/checkpoints/counter
I0502 15:21:34.564731 139579566835264 terminal.py:91] [Evaluator] Actor Episodes = 6197 | Actor Steps = 309850 | Delta Dist = 12.313 | Delta Dist 10 = 5.965 | Delta Dist 100 = 7.674 | Delta Dist 1000 = 9.871 | Episode Length = 50 | Episode Return = 13.0 | Evaluator Episodes = 1554 | Evaluator Steps = 77700 | Final Dist = 0.493 | Final Dist 10 = 6.841 | Final Dist 100 = 5.132 | Final Dist 1000 = 2.935 | Init Dist = 12.806 | Init Dist 10 = 12.806 | Init Dist 100 = 12.806 | Init Dist 1000 = 12.806 | Learner Steps = 4683 | Learner Walltime = 917.744 | Min Dist = 0.090 | Min Dist 10 = 6.424 | Min Dist 100 = 4.560 | Min Dist 1000 = 2.200 | Steps Per Second = 74.245 | Success = 1.000 | Success 1000 = 0.740
I0502 15:21:35.046900 139555860620864 terminal.py:91] [Actor] Actor Episodes = 6201 | Actor Steps = 310050 | Delta Dist = -0.164 | Delta Dist 10 = 2.149 | Delta Dist 100 = 4.151 | Delta Dist 1000 = 4.208 | Episode Length = 50 | Episode Return = 19.0 | Evaluator Episodes = 1554 | Evaluator Steps = 77700 | Final Dist = 1.578 | Final Dist 10 = 1.775 | Final Dist 100 = 1.805 | Final Dist 1000 = 1.670 | Init Dist = 1.414 | Init Dist 10 = 3.924 | Init Dist 100 = 5.956 | Init Dist 1000 = 5.877 | Learner Steps = 4689 | Learner Walltime = 918.781 | Min Dist = 0.096 | Min Dist 10 = 0.119 | Min Dist 100 = 0.466 | Min Dist 1000 = 0.257 | Steps Per Second = 84.036 | Success = 1.000 | Success 1000 = 0.991
I0502 15:21:35.679117 139579566835264 terminal.py:91] [Evaluator] Actor Episodes = 6205 | Actor Steps = 310250 | Delta Dist = 9.500 | Delta Dist 10 = 6.985 | Delta Dist 100 = 7.679 | Delta Dist 1000 = 9.871 | Episode Length = 50 | Episode Return = 0.0 | Evaluator Episodes = 1556 | Evaluator Steps = 77800 | Final Dist = 3.306 | Final Dist 10 = 5.821 | Final Dist 100 = 5.128 | Final Dist 1000 = 2.935 | Init Dist = 12.806 | Init Dist 10 = 12.806 | Init Dist 100 = 12.806 | Init Dist 1000 = 12.806 | Learner Steps = 4696 | Learner Walltime = 919.831 | Min Dist = 3.306 | Min Dist 10 = 5.437 | Min Dist 100 = 4.554 | Min Dist 1000 = 2.200 | Steps Per Second = 86.593 | Success = 0.000 | Success 1000 = 0.740
I0502 15:21:36.322834 139584504182336 lp_utils.py:96] StepsLimiter: Reached 310450 recorded steps
I0502 15:21:36.464991 139558059398720 terminal.py:91] [Actor] Actor Episodes = 6208 | Actor Steps = 310400 | Delta Dist = 11.999 | Delta Dist 10 = 3.821 | Delta Dist 100 = 3.986 | Delta Dist 1000 = 4.204 | Episode Length = 50 | Episode Return = 32.0 | Evaluator Episodes = 1556 | Evaluator Steps = 77800 | Final Dist = 0.043 | Final Dist 10 = 1.240 | Final Dist 100 = 1.882 | Final Dist 1000 = 1.656 | Init Dist = 12.042 | Init Dist 10 = 5.061 | Init Dist 100 = 5.867 | Init Dist 1000 = 5.860 | Learner Steps = 4696 | Learner Walltime = 919.831 | Min Dist = 0.024 | Min Dist 10 = 0.048 | Min Dist 100 = 0.460 | Min Dist 1000 = 0.245 | Steps Per Second = 83.491 | Success = 1.000 | Success 1000 = 0.992
I0502 15:21:36.861070 139579566835264 terminal.py:91] [Evaluator] Actor Episodes = 6213 | Actor Steps = 310650 | Delta Dist = 11.271 | Delta Dist 10 = 7.729 | Delta Dist 100 = 7.710 | Delta Dist 1000 = 9.880 | Episode Length = 50 | Episode Return = 10.0 | Evaluator Episodes = 1558 | Evaluator Steps = 77900 | Final Dist = 1.535 | Final Dist 10 = 5.078 | Final Dist 100 = 5.097 | Final Dist 1000 = 2.926 | Init Dist = 12.806 | Init Dist 10 = 12.806 | Init Dist 100 = 12.806 | Init Dist 1000 = 12.806 | Learner Steps = 4701 | Learner Walltime = 920.894 | Min Dist = 0.312 | Min Dist 10 = 4.749 | Min Dist 100 = 4.551 | Min Dist 1000 = 2.193 | Steps Per Second = 82.157 | Success = 1.000 | Success 1000 = 0.740
I0502 15:21:38.059569 139579566835264 terminal.py:91] [Evaluator] Actor Episodes = 6221 | Actor Steps = 311050 | Delta Dist = 10.520 | Delta Dist 10 = 8.305 | Delta Dist 100 = 7.677 | Delta Dist 1000 = 9.877 | Episode Length = 50 | Episode Return = 0.0 | Evaluator Episodes = 1560 | Evaluator Steps = 78000 | Final Dist = 2.286 | Final Dist 10 = 4.501 | Final Dist 100 = 5.129 | Final Dist 1000 = 2.929 | Init Dist = 12.806 | Init Dist 10 = 12.806 | Init Dist 100 = 12.806 | Init Dist 1000 = 12.806 | Learner Steps = 4706 | Learner Walltime = 922.036 | Min Dist = 2.286 | Min Dist 10 = 4.142 | Min Dist 100 = 4.589 | Min Dist 1000 = 2.197 | Steps Per Second = 88.276 | Success = 0.000 | Success 1000 = 0.739
I0502 15:21:39.162228 139579566835264 terminal.py:91] [Evaluator] Actor Episodes = 6229 | Actor Steps = 311450 | Delta Dist = 2.575 | Delta Dist 10 = 9.149 | Delta Dist 100 = 7.589 | Delta Dist 1000 = 9.867 | Episode Length = 50 | Episode Return = 0.0 | Evaluator Episodes = 1562 | Evaluator Steps = 78100 | Final Dist = 10.231 | Final Dist 10 = 3.657 | Final Dist 100 = 5.217 | Final Dist 1000 = 2.940 | Init Dist = 12.806 | Init Dist 10 = 12.806 | Init Dist 100 = 12.806 | Init Dist 1000 = 12.806 | Learner Steps = 4712 | Learner Walltime = 923.092 | Min Dist = 10.214 | Min Dist 10 = 3.306 | Min Dist 100 = 4.696 | Min Dist 1000 = 2.209 | Steps Per Second = 93.227 | Success = 0.000 | Success 1000 = 0.737
I0502 15:21:40.323299 139579566835264 terminal.py:91] [Evaluator] Actor Episodes = 6237 | Actor Steps = 311850 | Delta Dist = 2.238 | Delta Dist 10 = 8.862 | Delta Dist 100 = 7.601 | Delta Dist 1000 = 9.858 | Episode Length = 50 | Episode Return = 0.0 | Evaluator Episodes = 1564 | Evaluator Steps = 78200 | Final Dist = 10.568 | Final Dist 10 = 3.944 | Final Dist 100 = 5.205 | Final Dist 1000 = 2.948 | Init Dist = 12.806 | Init Dist 10 = 12.806 | Init Dist 100 = 12.806 | Init Dist 1000 = 12.806 | Learner Steps = 4718 | Learner Walltime = 924.308 | Min Dist = 10.466 | Min Dist 10 = 3.580 | Min Dist 100 = 4.695 | Min Dist 1000 = 2.219 | Steps Per Second = 93.474 | Success = 0.000 | Success 1000 = 0.736
I0502 15:21:41.406131 139579566835264 terminal.py:91] [Evaluator] Actor Episodes = 6245 | Actor Steps = 312250 | Delta Dist = 11.780 | Delta Dist 10 = 7.890 | Delta Dist 100 = 7.505 | Delta Dist 1000 = 9.856 | Episode Length = 50 | Episode Return = 17.0 | Evaluator Episodes = 1566 | Evaluator Steps = 78300 | Final Dist = 1.026 | Final Dist 10 = 4.916 | Final Dist 100 = 5.302 | Final Dist 1000 = 2.950 | Init Dist = 12.806 | Init Dist 10 = 12.806 | Init Dist 100 = 12.806 | Init Dist 1000 = 12.806 | Learner Steps = 4725 | Learner Walltime = 925.549 | Min Dist = 0.407 | Min Dist 10 = 4.601 | Min Dist 100 = 4.796 | Min Dist 1000 = 2.222 | Steps Per Second = 88.183 | Success = 1.000 | Success 1000 = 0.736
I0502 15:21:42.497768 139555013154368 terminal.py:91] [Learner] Actor Episodes = 6253 | Actor Loss = 3.7485828399658203 | Actor Steps = 312650 | Binary Accuracy = 0.9959611892700195 | Categorical Accuracy = 0.391845703125 | Critic Loss = 2.080291271209717 | Entropy Mean = -14.938251495361328 | Evaluator Episodes = 1566 | Evaluator Steps = 78300 | Learner Steps = 4730 | Learner Walltime = 926.690 | Logits Neg = -15.897881507873535 | Logits Pos = -2.074314594268799 | Logsumexp = 1.2330310344696045 | Steps Per Second = 128.077
I0502 15:21:42.509104 139579566835264 terminal.py:91] [Evaluator] Actor Episodes = 6253 | Actor Steps = 312650 | Delta Dist = 11.399 | Delta Dist 10 = 8.508 | Delta Dist 100 = 7.531 | Delta Dist 1000 = 9.856 | Episode Length = 50 | Episode Return = 3.0 | Evaluator Episodes = 1568 | Evaluator Steps = 78400 | Final Dist = 1.407 | Final Dist 10 = 4.298 | Final Dist 100 = 5.276 | Final Dist 1000 = 2.950 | Init Dist = 12.806 | Init Dist 10 = 12.806 | Init Dist 100 = 12.806 | Init Dist 1000 = 12.806 | Learner Steps = 4730 | Learner Walltime = 926.690 | Min Dist = 0.628 | Min Dist 10 = 3.925 | Min Dist 100 = 4.784 | Min Dist 1000 = 2.222 | Steps Per Second = 93.955 | Success = 1.000 | Success 1000 = 0.736
I0502 15:21:43.053060 139569349502528 terminal.py:91] [Actor] Actor Episodes = 6254 | Actor Steps = 312700 | Delta Dist = 3.023 | Delta Dist 10 = 4.533 | Delta Dist 100 = 3.950 | Delta Dist 1000 = 4.217 | Episode Length = 50 | Episode Return = 48.0 | Evaluator Episodes = 1566 | Evaluator Steps = 78300 | Final Dist = 0.139 | Final Dist 10 = 1.662 | Final Dist 100 = 1.765 | Final Dist 1000 = 1.654 | Init Dist = 3.162 | Init Dist 10 = 6.196 | Init Dist 100 = 5.716 | Init Dist 1000 = 5.871 | Learner Steps = 4725 | Learner Walltime = 925.549 | Min Dist = 0.139 | Min Dist 10 = 0.065 | Min Dist 100 = 0.289 | Min Dist 1000 = 0.251 | Steps Per Second = 80.917 | Success = 1.000 | Success 1000 = 0.991
I0502 15:21:43.698646 139579566835264 terminal.py:91] [Evaluator] Actor Episodes = 6261 | Actor Steps = 313050 | Delta Dist = 11.424 | Delta Dist 10 = 8.868 | Delta Dist 100 = 7.615 | Delta Dist 1000 = 9.862 | Episode Length = 50 | Episode Return = 6.0 | Evaluator Episodes = 1570 | Evaluator Steps = 78500 | Final Dist = 1.382 | Final Dist 10 = 3.938 | Final Dist 100 = 5.191 | Final Dist 1000 = 2.945 | Init Dist = 12.806 | Init Dist 10 = 12.806 | Init Dist 100 = 12.806 | Init Dist 1000 = 12.806 | Learner Steps = 4730 | Learner Walltime = 926.690 | Min Dist = 0.149 | Min Dist 10 = 3.640 | Min Dist 100 = 4.695 | Min Dist 1000 = 2.216 | Steps Per Second = 89.001 | Success = 1.000 | Success 1000 = 0.736
I0502 15:21:44.230978 139557462840896 terminal.py:91] [Actor] Actor Episodes = 6260 | Actor Steps = 313000 | Delta Dist = 10.327 | Delta Dist 10 = 4.520 | Delta Dist 100 = 3.968 | Delta Dist 1000 = 4.212 | Episode Length = 50 | Episode Return = 44.0 | Evaluator Episodes = 1568 | Evaluator Steps = 78400 | Final Dist = 0.443 | Final Dist 10 = 1.331 | Final Dist 100 = 1.751 | Final Dist 1000 = 1.652 | Init Dist = 10.770 | Init Dist 10 = 5.851 | Init Dist 100 = 5.719 | Init Dist 1000 = 5.864 | Learner Steps = 4730 | Learner Walltime = 926.690 | Min Dist = 0.094 | Min Dist 10 = 0.136 | Min Dist 100 = 0.285 | Min Dist 1000 = 0.252 | Steps Per Second = 82.898 | Success = 1.000 | Success 1000 = 0.991
I0502 15:21:44.882691 139579566835264 terminal.py:91] [Evaluator] Actor Episodes = 6267 | Actor Steps = 313350 | Delta Dist = 6.900 | Delta Dist 10 = 9.911 | Delta Dist 100 = 7.711 | Delta Dist 1000 = 9.861 | Episode Length = 50 | Episode Return = 0.0 | Evaluator Episodes = 1572 | Evaluator Steps = 78600 | Final Dist = 5.907 | Final Dist 10 = 2.895 | Final Dist 100 = 5.095 | Final Dist 1000 = 2.945 | Init Dist = 12.806 | Init Dist 10 = 12.806 | Init Dist 100 = 12.806 | Init Dist 1000 = 12.806 | Learner Steps = 4736 | Learner Walltime = 927.933 | Min Dist = 5.883 | Min Dist 10 = 2.414 | Min Dist 100 = 4.590 | Min Dist 1000 = 2.216 | Steps Per Second = 88.392 | Success = 0.000 | Success 1000 = 0.736
I0502 15:21:45.049093 139555860620864 terminal.py:91] [Actor] Actor Episodes = 6266 | Actor Steps = 313300 | Delta Dist = 4.258 | Delta Dist 10 = 4.710 | Delta Dist 100 = 3.969 | Delta Dist 1000 = 4.215 | Episode Length = 50 | Episode Return = 43.0 | Evaluator Episodes = 1570 | Evaluator Steps = 78500 | Final Dist = 0.214 | Final Dist 10 = 1.710 | Final Dist 100 = 1.733 | Final Dist 1000 = 1.656 | Init Dist = 4.472 | Init Dist 10 = 6.420 | Init Dist 100 = 5.702 | Init Dist 1000 = 5.872 | Learner Steps = 4736 | Learner Walltime = 927.933 | Min Dist = 0.024 | Min Dist 10 = 1.024 | Min Dist 100 = 0.356 | Min Dist 1000 = 0.260 | Steps Per Second = 85.711 | Success = 1.000 | Success 1000 = 0.991
I0502 15:21:46.108011 139579566835264 terminal.py:91] [Evaluator] Actor Episodes = 6277 | Actor Steps = 313850 | Delta Dist = 10.132 | Delta Dist 10 = 10.275 | Delta Dist 100 = 7.666 | Delta Dist 1000 = 9.855 | Episode Length = 50 | Episode Return = 0.0 | Evaluator Episodes = 1574 | Evaluator Steps = 78700 | Final Dist = 2.674 | Final Dist 10 = 2.531 | Final Dist 100 = 5.140 | Final Dist 1000 = 2.951 | Init Dist = 12.806 | Init Dist 10 = 12.806 | Init Dist 100 = 12.806 | Init Dist 1000 = 12.806 | Learner Steps = 4750 | Learner Walltime = 930.245 | Min Dist = 1.391 | Min Dist 10 = 1.930 | Min Dist 100 = 4.640 | Min Dist 1000 = 2.222 | Steps Per Second = 86.201 | Success = 0.000 | Success 1000 = 0.735
I0502 15:21:46.339819 139584504182336 lp_utils.py:96] StepsLimiter: Reached 313850 recorded steps
I0502 15:21:46.556803 139558059398720 terminal.py:91] [Actor] Actor Episodes = 6279 | Actor Steps = 313950 | Delta Dist = 8.410 | Delta Dist 10 = 5.395 | Delta Dist 100 = 4.080 | Delta Dist 1000 = 4.211 | Episode Length = 50 | Episode Return = 27.0 | Evaluator Episodes = 1574 | Evaluator Steps = 78700 | Final Dist = 0.134 | Final Dist 10 = 1.759 | Final Dist 100 = 1.626 | Final Dist 1000 = 1.670 | Init Dist = 8.544 | Init Dist 10 = 7.154 | Init Dist 100 = 5.706 | Init Dist 1000 = 5.881 | Learner Steps = 4750 | Learner Walltime = 930.245 | Min Dist = 0.126 | Min Dist 10 = 0.117 | Min Dist 100 = 0.267 | Min Dist 1000 = 0.261 | Steps Per Second = 78.480 | Success = 1.000 | Success 1000 = 0.991
I0502 15:21:47.377551 139579566835264 terminal.py:91] [Evaluator] Actor Episodes = 6285 | Actor Steps = 314250 | Delta Dist = 12.230 | Delta Dist 10 = 11.030 | Delta Dist 100 = 7.640 | Delta Dist 1000 = 9.851 | Episode Length = 50 | Episode Return = 20.0 | Evaluator Episodes = 1576 | Evaluator Steps = 78800 | Final Dist = 0.577 | Final Dist 10 = 1.777 | Final Dist 100 = 5.166 | Final Dist 1000 = 2.955 | Init Dist = 12.806 | Init Dist 10 = 12.806 | Init Dist 100 = 12.806 | Init Dist 1000 = 12.806 | Learner Steps = 4754 | Learner Walltime = 931.330 | Min Dist = 0.236 | Min Dist 10 = 1.015 | Min Dist 100 = 4.648 | Min Dist 1000 = 2.223 | Steps Per Second = 82.518 | Success = 1.000 | Success 1000 = 0.734
I0502 15:21:48.583224 139579566835264 terminal.py:91] [Evaluator] Actor Episodes = 6291 | Actor Steps = 314550 | Delta Dist = 11.849 | Delta Dist 10 = 10.967 | Delta Dist 100 = 7.629 | Delta Dist 1000 = 9.852 | Episode Length = 50 | Episode Return = 11.0 | Evaluator Episodes = 1578 | Evaluator Steps = 78900 | Final Dist = 0.958 | Final Dist 10 = 1.839 | Final Dist 100 = 5.177 | Final Dist 1000 = 2.954 | Init Dist = 12.806 | Init Dist 10 = 12.806 | Init Dist 100 = 12.806 | Init Dist 1000 = 12.806 | Learner Steps = 4761 | Learner Walltime = 932.418 | Min Dist = 0.209 | Min Dist 10 = 1.070 | Min Dist 100 = 4.656 | Min Dist 1000 = 2.223 | Steps Per Second = 78.619 | Success = 1.000 | Success 1000 = 0.733
I0502 15:21:49.861665 139579566835264 terminal.py:91] [Evaluator] Actor Episodes = 6299 | Actor Steps = 314950 | Delta Dist = 12.009 | Delta Dist 10 = 10.061 | Delta Dist 100 = 7.543 | Delta Dist 1000 = 9.843 | Episode Length = 50 | Episode Return = 25.0 | Evaluator Episodes = 1580 | Evaluator Steps = 79000 | Final Dist = 0.797 | Final Dist 10 = 2.745 | Final Dist 100 = 5.263 | Final Dist 1000 = 2.963 | Init Dist = 12.806 | Init Dist 10 = 12.806 | Init Dist 100 = 12.806 | Init Dist 1000 = 12.806 | Learner Steps = 4766 | Learner Walltime = 933.464 | Min Dist = 0.171 | Min Dist 10 = 1.975 | Min Dist 100 = 4.747 | Min Dist 1000 = 2.233 | Steps Per Second = 83.298 | Success = 1.000 | Success 1000 = 0.732
I0502 15:21:51.104244 139579566835264 terminal.py:91] [Evaluator] Actor Episodes = 6307 | Actor Steps = 315350 | Delta Dist = 11.560 | Delta Dist 10 = 9.769 | Delta Dist 100 = 7.503 | Delta Dist 1000 = 9.840 | Episode Length = 50 | Episode Return = 14.0 | Evaluator Episodes = 1582 | Evaluator Steps = 79100 | Final Dist = 1.247 | Final Dist 10 = 3.037 | Final Dist 100 = 5.303 | Final Dist 1000 = 2.966 | Init Dist = 12.806 | Init Dist 10 = 12.806 | Init Dist 100 = 12.806 | Init Dist 1000 = 12.806 | Learner Steps = 4772 | Learner Walltime = 934.858 | Min Dist = 0.210 | Min Dist 10 = 2.382 | Min Dist 100 = 4.787 | Min Dist 1000 = 2.237 | Steps Per Second = 85.815 | Success = 1.000 | Success 1000 = 0.731
I0502 15:21:52.184274 139579566835264 terminal.py:91] [Evaluator] Actor Episodes = 6315 | Actor Steps = 315750 | Delta Dist = 12.530 | Delta Dist 10 = 10.339 | Delta Dist 100 = 7.565 | Delta Dist 1000 = 9.847 | Episode Length = 50 | Episode Return = 4.0 | Evaluator Episodes = 1584 | Evaluator Steps = 79200 | Final Dist = 0.276 | Final Dist 10 = 2.467 | Final Dist 100 = 5.242 | Final Dist 1000 = 2.959 | Init Dist = 12.806 | Init Dist 10 = 12.806 | Init Dist 100 = 12.806 | Init Dist 1000 = 12.806 | Learner Steps = 4779 | Learner Walltime = 936.113 | Min Dist = 0.276 | Min Dist 10 = 1.826 | Min Dist 100 = 4.722 | Min Dist 1000 = 2.232 | Steps Per Second = 94.498 | Success = 1.000 | Success 1000 = 0.732
I0502 15:21:52.538276 139555013154368 terminal.py:91] [Learner] Actor Episodes = 6313 | Actor Loss = 3.602097749710083 | Actor Steps = 315650 | Binary Accuracy = 0.9958889484405518 | Categorical Accuracy = 0.39752197265625 | Critic Loss = 2.116830348968506 | Entropy Mean = -17.084123611450195 | Evaluator Episodes = 1582 | Evaluator Steps = 79100 | Learner Steps = 4783 | Learner Walltime = 936.733 | Logits Neg = -15.767265319824219 | Logits Pos = -2.0910208225250244 | Logsumexp = 1.4474754333496094 | Steps Per Second = 255.299
I0502 15:21:53.313716 139579566835264 terminal.py:91] [Evaluator] Actor Episodes = 6323 | Actor Steps = 316150 | Delta Dist = 6.868 | Delta Dist 10 = 10.705 | Delta Dist 100 = 7.676 | Delta Dist 1000 = 9.849 | Episode Length = 50 | Episode Return = 0.0 | Evaluator Episodes = 1586 | Evaluator Steps = 79300 | Final Dist = 5.939 | Final Dist 10 = 2.101 | Final Dist 100 = 5.130 | Final Dist 1000 = 2.957 | Init Dist = 12.806 | Init Dist 10 = 12.806 | Init Dist 100 = 12.806 | Init Dist 1000 = 12.806 | Learner Steps = 4785 | Learner Walltime = 937.118 | Min Dist = 5.932 | Min Dist 10 = 1.742 | Min Dist 100 = 4.618 | Min Dist 1000 = 2.232 | Steps Per Second = 87.348 | Success = 0.000 | Success 1000 = 0.732
I0502 15:21:53.466727 139569349502528 terminal.py:91] [Actor] Actor Episodes = 6325 | Actor Steps = 316250 | Delta Dist = 1.887 | Delta Dist 10 = 5.177 | Delta Dist 100 = 4.350 | Delta Dist 1000 = 4.204 | Episode Length = 50 | Episode Return = 30.0 | Evaluator Episodes = 1586 | Evaluator Steps = 79300 | Final Dist = 1.275 | Final Dist 10 = 1.244 | Final Dist 100 = 1.416 | Final Dist 1000 = 1.646 | Init Dist = 3.162 | Init Dist 10 = 6.420 | Init Dist 100 = 5.766 | Init Dist 1000 = 5.849 | Learner Steps = 4785 | Learner Walltime = 937.118 | Min Dist = 0.018 | Min Dist 10 = 0.050 | Min Dist 100 = 0.248 | Min Dist 1000 = 0.249 | Steps Per Second = 83.110 | Success = 1.000 | Success 1000 = 0.991
I0502 15:21:54.509480 139557462840896 terminal.py:91] [Actor] Actor Episodes = 6331 | Actor Steps = 316550 | Delta Dist = 4.028 | Delta Dist 10 = 5.090 | Delta Dist 100 = 4.422 | Delta Dist 1000 = 4.198 | Episode Length = 50 | Episode Return = 0.0 | Evaluator Episodes = 1586 | Evaluator Steps = 79300 | Final Dist = 3.972 | Final Dist 10 = 0.929 | Final Dist 100 = 1.336 | Final Dist 1000 = 1.646 | Init Dist = 8.000 | Init Dist 10 = 6.020 | Init Dist 100 = 5.758 | Init Dist 1000 = 5.844 | Learner Steps = 4790 | Learner Walltime = 938.156 | Min Dist = 1.007 | Min Dist 10 = 0.038 | Min Dist 100 = 0.188 | Min Dist 1000 = 0.248 | Steps Per Second = 76.085 | Success = 0.000 | Success 1000 = 0.991
I0502 15:21:54.593988 139579566835264 terminal.py:91] [Evaluator] Actor Episodes = 6331 | Actor Steps = 316550 | Delta Dist = 11.470 | Delta Dist 10 = 10.185 | Delta Dist 100 = 7.697 | Delta Dist 1000 = 9.844 | Episode Length = 50 | Episode Return = 4.0 | Evaluator Episodes = 1588 | Evaluator Steps = 79400 | Final Dist = 1.336 | Final Dist 10 = 2.621 | Final Dist 100 = 5.110 | Final Dist 1000 = 2.962 | Init Dist = 12.806 | Init Dist 10 = 12.806 | Init Dist 100 = 12.806 | Init Dist 1000 = 12.806 | Learner Steps = 4790 | Learner Walltime = 938.156 | Min Dist = 0.357 | Min Dist 10 = 2.247 | Min Dist 100 = 4.619 | Min Dist 1000 = 2.238 | Steps Per Second = 76.847 | Success = 1.000 | Success 1000 = 0.731
I0502 15:21:55.384587 139555860620864 terminal.py:91] [Actor] Actor Episodes = 6337 | Actor Steps = 316850 | Delta Dist = 0.691 | Delta Dist 10 = 3.604 | Delta Dist 100 = 4.385 | Delta Dist 1000 = 4.188 | Episode Length = 50 | Episode Return = 34.0 | Evaluator Episodes = 1588 | Evaluator Steps = 79400 | Final Dist = 0.309 | Final Dist 10 = 2.746 | Final Dist 100 = 1.501 | Final Dist 1000 = 1.661 | Init Dist = 1.000 | Init Dist 10 = 6.350 | Init Dist 100 = 5.886 | Init Dist 1000 = 5.849 | Learner Steps = 4796 | Learner Walltime = 939.162 | Min Dist = 0.309 | Min Dist 10 = 0.203 | Min Dist 100 = 0.196 | Min Dist 1000 = 0.249 | Steps Per Second = 77.625 | Success = 1.000 | Success 1000 = 0.990
I0502 15:21:55.777886 139579566835264 terminal.py:91] [Evaluator] Actor Episodes = 6339 | Actor Steps = 316950 | Delta Dist = 2.231 | Delta Dist 10 = 11.100 | Delta Dist 100 = 7.881 | Delta Dist 1000 = 9.843 | Episode Length = 50 | Episode Return = 0.0 | Evaluator Episodes = 1590 | Evaluator Steps = 79500 | Final Dist = 10.576 | Final Dist 10 = 1.706 | Final Dist 100 = 4.925 | Final Dist 1000 = 2.963 | Init Dist = 12.806 | Init Dist 10 = 12.806 | Init Dist 100 = 12.806 | Init Dist 1000 = 12.806 | Learner Steps = 4796 | Learner Walltime = 939.162 | Min Dist = 10.478 | Min Dist 10 = 1.227 | Min Dist 100 = 4.417 | Min Dist 1000 = 2.238 | Steps Per Second = 88.622 | Success = 0.000 | Success 1000 = 0.731
I0502 15:21:56.354399 139584504182336 lp_utils.py:96] StepsLimiter: Reached 317150 recorded steps
I0502 15:21:56.874074 139558059398720 terminal.py:91] [Actor] Actor Episodes = 6344 | Actor Steps = 317200 | Delta Dist = 11.480 | Delta Dist 10 = 3.186 | Delta Dist 100 = 4.244 | Delta Dist 1000 = 4.170 | Episode Length = 50 | Episode Return = 47.0 | Evaluator Episodes = 1590 | Evaluator Steps = 79500 | Final Dist = 0.182 | Final Dist 10 = 2.261 | Final Dist 100 = 1.623 | Final Dist 1000 = 1.677 | Init Dist = 11.662 | Init Dist 10 = 5.447 | Init Dist 100 = 5.867 | Init Dist 1000 = 5.847 | Learner Steps = 4801 | Learner Walltime = 940.267 | Min Dist = 0.008 | Min Dist 10 = 0.132 | Min Dist 100 = 0.194 | Min Dist 1000 = 0.249 | Steps Per Second = 79.798 | Success = 1.000 | Success 1000 = 0.990
I0502 15:21:56.995828 139579566835264 terminal.py:91] [Evaluator] Actor Episodes = 6347 | Actor Steps = 317350 | Delta Dist = 2.312 | Delta Dist 10 = 9.497 | Delta Dist 100 = 7.876 | Delta Dist 1000 = 9.824 | Episode Length = 50 | Episode Return = 0.0 | Evaluator Episodes = 1592 | Evaluator Steps = 79600 | Final Dist = 10.494 | Final Dist 10 = 3.309 | Final Dist 100 = 4.930 | Final Dist 1000 = 2.982 | Init Dist = 12.806 | Init Dist 10 = 12.806 | Init Dist 100 = 12.806 | Init Dist 1000 = 12.806 | Learner Steps = 4801 | Learner Walltime = 940.267 | Min Dist = 10.476 | Min Dist 10 = 2.884 | Min Dist 100 = 4.421 | Min Dist 1000 = 2.259 | Steps Per Second = 82.796 | Success = 0.000 | Success 1000 = 0.729
I0502 15:21:58.108765 139579566835264 terminal.py:91] [Evaluator] Actor Episodes = 6355 | Actor Steps = 317750 | Delta Dist = 12.564 | Delta Dist 10 = 8.488 | Delta Dist 100 = 7.966 | Delta Dist 1000 = 9.823 | Episode Length = 50 | Episode Return = 10.0 | Evaluator Episodes = 1594 | Evaluator Steps = 79700 | Final Dist = 0.243 | Final Dist 10 = 4.318 | Final Dist 100 = 4.840 | Final Dist 1000 = 2.983 | Init Dist = 12.806 | Init Dist 10 = 12.806 | Init Dist 100 = 12.806 | Init Dist 1000 = 12.806 | Learner Steps = 4808 | Learner Walltime = 941.556 | Min Dist = 0.164 | Min Dist 10 = 3.949 | Min Dist 100 = 4.324 | Min Dist 1000 = 2.263 | Steps Per Second = 82.497 | Success = 1.000 | Success 1000 = 0.729
I0502 15:21:59.311639 139579566835264 terminal.py:91] [Evaluator] Actor Episodes = 6363 | Actor Steps = 318150 | Delta Dist = 11.516 | Delta Dist 10 = 8.414 | Delta Dist 100 = 8.161 | Delta Dist 1000 = 9.832 | Episode Length = 50 | Episode Return = 0.0 | Evaluator Episodes = 1596 | Evaluator Steps = 79800 | Final Dist = 1.290 | Final Dist 10 = 4.392 | Final Dist 100 = 4.646 | Final Dist 1000 = 2.974 | Init Dist = 12.806 | Init Dist 10 = 12.806 | Init Dist 100 = 12.806 | Init Dist 1000 = 12.806 | Learner Steps = 4814 | Learner Walltime = 942.679 | Min Dist = 1.290 | Min Dist 10 = 3.935 | Min Dist 100 = 4.122 | Min Dist 1000 = 2.255 | Steps Per Second = 82.015 | Success = 0.000 | Success 1000 = 0.730
I0502 15:22:00.590924 139579566835264 terminal.py:91] [Evaluator] Actor Episodes = 6371 | Actor Steps = 318550 | Delta Dist = 9.562 | Delta Dist 10 = 8.924 | Delta Dist 100 = 8.343 | Delta Dist 1000 = 9.846 | Episode Length = 50 | Episode Return = 0.0 | Evaluator Episodes = 1598 | Evaluator Steps = 79900 | Final Dist = 3.244 | Final Dist 10 = 3.883 | Final Dist 100 = 4.463 | Final Dist 1000 = 2.960 | Init Dist = 12.806 | Init Dist 10 = 12.806 | Init Dist 100 = 12.806 | Init Dist 1000 = 12.806 | Learner Steps = 4825 | Learner Walltime = 944.745 | Min Dist = 3.244 | Min Dist 10 = 3.470 | Min Dist 100 = 3.962 | Min Dist 1000 = 2.242 | Steps Per Second = 78.337 | Success = 0.000 | Success 1000 = 0.731
I0502 15:22:01.708728 139579566835264 terminal.py:91] [Evaluator] Actor Episodes = 6379 | Actor Steps = 318950 | Delta Dist = 11.400 | Delta Dist 10 = 7.777 | Delta Dist 100 = 8.417 | Delta Dist 1000 = 9.835 | Episode Length = 50 | Episode Return = 21.0 | Evaluator Episodes = 1600 | Evaluator Steps = 80000 | Final Dist = 1.407 | Final Dist 10 = 5.029 | Final Dist 100 = 4.389 | Final Dist 1000 = 2.971 | Init Dist = 12.806 | Init Dist 10 = 12.806 | Init Dist 100 = 12.806 | Init Dist 1000 = 12.806 | Learner Steps = 4831 | Learner Walltime = 945.794 | Min Dist = 0.053 | Min Dist 10 = 4.793 | Min Dist 100 = 3.889 | Min Dist 1000 = 2.255 | Steps Per Second = 92.431 | Success = 1.000 | Success 1000 = 0.729
I0502 15:22:02.659604 139555013154368 terminal.py:91] [Learner] Actor Episodes = 6385 | Actor Loss = 3.7925703525543213 | Actor Steps = 319250 | Binary Accuracy = 0.9959006309509277 | Categorical Accuracy = 0.40045166015625 | Critic Loss = 2.062626361846924 | Entropy Mean = -15.389567375183105 | Evaluator Episodes = 1600 | Evaluator Steps = 80000 | Learner Steps = 4837 | Learner Walltime = 946.848 | Logits Neg = -16.00652313232422 | Logits Pos = -2.033522129058838 | Logsumexp = 1.3098583221435547 | Steps Per Second = 328.020
I0502 15:22:02.944751 139579566835264 terminal.py:91] [Evaluator] Actor Episodes = 6390 | Actor Steps = 319500 | Delta Dist = 12.069 | Delta Dist 10 = 9.648 | Delta Dist 100 = 8.602 | Delta Dist 1000 = 9.834 | Episode Length = 50 | Episode Return = 16.0 | Evaluator Episodes = 1602 | Evaluator Steps = 80100 | Final Dist = 0.737 | Final Dist 10 = 3.159 | Final Dist 100 = 4.204 | Final Dist 1000 = 2.972 | Init Dist = 12.806 | Init Dist 10 = 12.806 | Init Dist 100 = 12.806 | Init Dist 1000 = 12.806 | Learner Steps = 4837 | Learner Walltime = 946.848 | Min Dist = 0.073 | Min Dist 10 = 2.756 | Min Dist 100 = 3.698 | Min Dist 1000 = 2.255 | Steps Per Second = 75.287 | Success = 1.000 | Success 1000 = 0.729
I0502 15:22:03.509121 139569349502528 terminal.py:91] [Actor] Actor Episodes = 6388 | Actor Steps = 319400 | Delta Dist = 2.664 | Delta Dist 10 = 3.762 | Delta Dist 100 = 3.996 | Delta Dist 1000 = 4.170 | Episode Length = 50 | Episode Return = 41.0 | Evaluator Episodes = 1600 | Evaluator Steps = 80000 | Final Dist = 1.459 | Final Dist 10 = 1.287 | Final Dist 100 = 1.442 | Final Dist 1000 = 1.656 | Init Dist = 4.123 | Init Dist 10 = 5.049 | Init Dist 100 = 5.438 | Init Dist 1000 = 5.825 | Learner Steps = 4837 | Learner Walltime = 946.848 | Min Dist = 0.257 | Min Dist 10 = 0.110 | Min Dist 100 = 0.099 | Min Dist 1000 = 0.249 | Steps Per Second = 80.605 | Success = 1.000 | Success 1000 = 0.990
I0502 15:22:04.168268 139579566835264 terminal.py:91] [Evaluator] Actor Episodes = 6396 | Actor Steps = 319800 | Delta Dist = 12.394 | Delta Dist 10 = 10.655 | Delta Dist 100 = 8.616 | Delta Dist 1000 = 9.834 | Episode Length = 50 | Episode Return = 16.0 | Evaluator Episodes = 1604 | Evaluator Steps = 80200 | Final Dist = 0.413 | Final Dist 10 = 2.151 | Final Dist 100 = 4.190 | Final Dist 1000 = 2.972 | Init Dist = 12.806 | Init Dist 10 = 12.806 | Init Dist 100 = 12.806 | Init Dist 1000 = 12.806 | Learner Steps = 4842 | Learner Walltime = 947.883 | Min Dist = 0.384 | Min Dist 10 = 1.704 | Min Dist 100 = 3.685 | Min Dist 1000 = 2.255 | Steps Per Second = 86.109 | Success = 1.000 | Success 1000 = 0.729
I0502 15:22:04.819463 139557462840896 terminal.py:91] [Actor] Actor Episodes = 6399 | Actor Steps = 319950 | Delta Dist = 7.964 | Delta Dist 10 = 4.776 | Delta Dist 100 = 4.292 | Delta Dist 1000 = 4.172 | Episode Length = 50 | Episode Return = 42.0 | Evaluator Episodes = 1604 | Evaluator Steps = 80200 | Final Dist = 0.283 | Final Dist 10 = 0.678 | Final Dist 100 = 1.383 | Final Dist 1000 = 1.654 | Init Dist = 8.246 | Init Dist 10 = 5.454 | Init Dist 100 = 5.675 | Init Dist 1000 = 5.826 | Learner Steps = 4842 | Learner Walltime = 947.883 | Min Dist = 0.283 | Min Dist 10 = 0.061 | Min Dist 100 = 0.097 | Min Dist 1000 = 0.250 | Steps Per Second = 83.149 | Success = 1.000 | Success 1000 = 0.990
I0502 15:22:05.328129 139579566835264 terminal.py:91] [Evaluator] Actor Episodes = 6404 | Actor Steps = 320200 | Delta Dist = 12.466 | Delta Dist 10 = 9.688 | Delta Dist 100 = 8.518 | Delta Dist 1000 = 9.825 | Episode Length = 50 | Episode Return = 19.0 | Evaluator Episodes = 1606 | Evaluator Steps = 80300 | Final Dist = 0.341 | Final Dist 10 = 3.118 | Final Dist 100 = 4.288 | Final Dist 1000 = 2.981 | Init Dist = 12.806 | Init Dist 10 = 12.806 | Init Dist 100 = 12.806 | Init Dist 1000 = 12.806 | Learner Steps = 4847 | Learner Walltime = 948.963 | Min Dist = 0.161 | Min Dist 10 = 2.742 | Min Dist 100 = 3.789 | Min Dist 1000 = 2.266 | Steps Per Second = 87.690 | Success = 1.000 | Success 1000 = 0.728
I0502 15:22:05.850640 139555860620864 terminal.py:91] [Actor] Actor Episodes = 6410 | Actor Steps = 320500 | Delta Dist = 5.025 | Delta Dist 10 = 4.680 | Delta Dist 100 = 4.177 | Delta Dist 1000 = 4.169 | Episode Length = 50 | Episode Return = 29.0 | Evaluator Episodes = 1606 | Evaluator Steps = 80300 | Final Dist = 1.058 | Final Dist 10 = 0.911 | Final Dist 100 = 1.401 | Final Dist 1000 = 1.654 | Init Dist = 6.083 | Init Dist 10 = 5.591 | Init Dist 100 = 5.579 | Init Dist 1000 = 5.824 | Learner Steps = 4847 | Learner Walltime = 948.963 | Min Dist = 0.007 | Min Dist 10 = 0.574 | Min Dist 100 = 0.150 | Min Dist 1000 = 0.254 | Steps Per Second = 81.634 | Success = 1.000 | Success 1000 = 0.990
I0502 15:22:06.374470 139584504182336 lp_utils.py:96] StepsLimiter: Reached 320500 recorded steps
I0502 15:22:06.573827 139579566835264 terminal.py:91] [Evaluator] Actor Episodes = 6414 | Actor Steps = 320700 | Delta Dist = 2.214 | Delta Dist 10 = 8.810 | Delta Dist 100 = 8.526 | Delta Dist 1000 = 9.817 | Episode Length = 50 | Episode Return = 0.0 | Evaluator Episodes = 1608 | Evaluator Steps = 80400 | Final Dist = 10.593 | Final Dist 10 = 3.997 | Final Dist 100 = 4.280 | Final Dist 1000 = 2.989 | Init Dist = 12.806 | Init Dist 10 = 12.806 | Init Dist 100 = 12.806 | Init Dist 1000 = 12.806 | Learner Steps = 4854 | Learner Walltime = 950.182 | Min Dist = 10.525 | Min Dist 10 = 3.643 | Min Dist 100 = 3.787 | Min Dist 1000 = 2.276 | Steps Per Second = 76.315 | Success = 0.000 | Success 1000 = 0.727
I0502 15:22:07.316898 139558059398720 terminal.py:91] [Actor] Actor Episodes = 6417 | Actor Steps = 320850 | Delta Dist = 2.876 | Delta Dist 10 = 5.415 | Delta Dist 100 = 4.334 | Delta Dist 1000 = 4.175 | Episode Length = 50 | Episode Return = 35.0 | Evaluator Episodes = 1608 | Evaluator Steps = 80400 | Final Dist = 1.247 | Final Dist 10 = 2.214 | Final Dist 100 = 1.531 | Final Dist 1000 = 1.661 | Init Dist = 4.123 | Init Dist 10 = 7.629 | Init Dist 100 = 5.865 | Init Dist 1000 = 5.836 | Learner Steps = 4854 | Learner Walltime = 950.182 | Min Dist = 0.075 | Min Dist 10 = 0.176 | Min Dist 100 = 0.161 | Min Dist 1000 = 0.253 | Steps Per Second = 77.782 | Success = 1.000 | Success 1000 = 0.990
I0502 15:22:07.758436 139579566835264 terminal.py:91] [Evaluator] Actor Episodes = 6420 | Actor Steps = 321000 | Delta Dist = 12.417 | Delta Dist 10 = 8.075 | Delta Dist 100 = 8.535 | Delta Dist 1000 = 9.799 | Episode Length = 50 | Episode Return = 9.0 | Evaluator Episodes = 1610 | Evaluator Steps = 80500 | Final Dist = 0.389 | Final Dist 10 = 4.731 | Final Dist 100 = 4.271 | Final Dist 1000 = 3.008 | Init Dist = 12.806 | Init Dist 10 = 12.806 | Init Dist 100 = 12.806 | Init Dist 1000 = 12.806 | Learner Steps = 4861 | Learner Walltime = 951.346 | Min Dist = 0.339 | Min Dist 10 = 4.372 | Min Dist 100 = 3.789 | Min Dist 1000 = 2.296 | Steps Per Second = 80.801 | Success = 1.000 | Success 1000 = 0.725
I0502 15:22:09.023676 139579566835264 terminal.py:91] [Evaluator] Actor Episodes = 6430 | Actor Steps = 321500 | Delta Dist = 2.305 | Delta Dist 10 = 7.194 | Delta Dist 100 = 8.631 | Delta Dist 1000 = 9.790 | Episode Length = 50 | Episode Return = 0.0 | Evaluator Episodes = 1612 | Evaluator Steps = 80600 | Final Dist = 10.501 | Final Dist 10 = 5.612 | Final Dist 100 = 4.175 | Final Dist 1000 = 3.016 | Init Dist = 12.806 | Init Dist 10 = 12.806 | Init Dist 100 = 12.806 | Init Dist 1000 = 12.806 | Learner Steps = 4866 | Learner Walltime = 952.494 | Min Dist = 10.472 | Min Dist 10 = 5.392 | Min Dist 100 = 3.689 | Min Dist 1000 = 2.305 | Steps Per Second = 79.171 | Success = 0.000 | Success 1000 = 0.725
I0502 15:22:10.133757 139579566835264 terminal.py:91] [Evaluator] Actor Episodes = 6438 | Actor Steps = 321900 | Delta Dist = 12.035 | Delta Dist 10 = 6.217 | Delta Dist 100 = 8.640 | Delta Dist 1000 = 9.781 | Episode Length = 50 | Episode Return = 3.0 | Evaluator Episodes = 1614 | Evaluator Steps = 80700 | Final Dist = 0.771 | Final Dist 10 = 6.590 | Final Dist 100 = 4.166 | Final Dist 1000 = 3.025 | Init Dist = 12.806 | Init Dist 10 = 12.806 | Init Dist 100 = 12.806 | Init Dist 1000 = 12.806 | Learner Steps = 4872 | Learner Walltime = 953.818 | Min Dist = 0.093 | Min Dist 10 = 6.446 | Min Dist 100 = 3.695 | Min Dist 1000 = 2.316 | Steps Per Second = 92.181 | Success = 1.000 | Success 1000 = 0.724
I0502 15:22:11.270019 139579566835264 terminal.py:91] [Evaluator] Actor Episodes = 6442 | Actor Steps = 322100 | Delta Dist = 11.393 | Delta Dist 10 = 7.117 | Delta Dist 100 = 8.658 | Delta Dist 1000 = 9.782 | Episode Length = 50 | Episode Return = 5.0 | Evaluator Episodes = 1616 | Evaluator Steps = 80800 | Final Dist = 1.414 | Final Dist 10 = 5.689 | Final Dist 100 = 4.148 | Final Dist 1000 = 3.025 | Init Dist = 12.806 | Init Dist 10 = 12.806 | Init Dist 100 = 12.806 | Init Dist 1000 = 12.806 | Learner Steps = 4880 | Learner Walltime = 955.095 | Min Dist = 0.273 | Min Dist 10 = 5.388 | Min Dist 100 = 3.676 | Min Dist 1000 = 2.316 | Steps Per Second = 93.566 | Success = 1.000 | Success 1000 = 0.724
I0502 15:22:12.370827 139579566835264 terminal.py:91] [Evaluator] Actor Episodes = 6450 | Actor Steps = 322500 | Delta Dist = 11.491 | Delta Dist 10 = 6.779 | Delta Dist 100 = 8.533 | Delta Dist 1000 = 9.771 | Episode Length = 50 | Episode Return = 16.0 | Evaluator Episodes = 1618 | Evaluator Steps = 80900 | Final Dist = 1.315 | Final Dist 10 = 6.027 | Final Dist 100 = 4.273 | Final Dist 1000 = 3.036 | Init Dist = 12.806 | Init Dist 10 = 12.806 | Init Dist 100 = 12.806 | Init Dist 1000 = 12.806 | Learner Steps = 4886 | Learner Walltime = 956.183 | Min Dist = 0.346 | Min Dist 10 = 5.397 | Min Dist 100 = 3.779 | Min Dist 1000 = 2.326 | Steps Per Second = 93.932 | Success = 1.000 | Success 1000 = 0.723
I0502 15:22:12.702077 139555013154368 terminal.py:91] [Learner] Actor Episodes = 6450 | Actor Loss = 3.7372922897338867 | Actor Steps = 322500 | Binary Accuracy = 0.9960196018218994 | Categorical Accuracy = 0.4111328125 | Critic Loss = 2.0393781661987305 | Entropy Mean = -17.913143157958984 | Evaluator Episodes = 1616 | Evaluator Steps = 80800 | Learner Steps = 4890 | Learner Walltime = 956.896 | Logits Neg = -16.09597396850586 | Logits Pos = -2.017822027206421 | Logsumexp = 1.1318626403808594 | Steps Per Second = 851.649
I0502 15:22:13.500049 139579566835264 terminal.py:91] [Evaluator] Actor Episodes = 6458 | Actor Steps = 322900 | Delta Dist = 11.550 | Delta Dist 10 = 7.679 | Delta Dist 100 = 8.654 | Delta Dist 1000 = 9.761 | Episode Length = 50 | Episode Return = 15.0 | Evaluator Episodes = 1620 | Evaluator Steps = 81000 | Final Dist = 1.256 | Final Dist 10 = 5.127 | Final Dist 100 = 4.153 | Final Dist 1000 = 3.045 | Init Dist = 12.806 | Init Dist 10 = 12.806 | Init Dist 100 = 12.806 | Init Dist 1000 = 12.806 | Learner Steps = 4892 | Learner Walltime = 957.377 | Min Dist = 0.361 | Min Dist 10 = 4.379 | Min Dist 100 = 3.680 | Min Dist 1000 = 2.336 | Steps Per Second = 93.784 | Success = 1.000 | Success 1000 = 0.722
I0502 15:22:13.533746 139569349502528 terminal.py:91] [Actor] Actor Episodes = 6460 | Actor Steps = 323000 | Delta Dist = 7.806 | Delta Dist 10 = 4.645 | Delta Dist 100 = 4.619 | Delta Dist 1000 = 4.183 | Episode Length = 50 | Episode Return = 2.0 | Evaluator Episodes = 1620 | Evaluator Steps = 81000 | Final Dist = 0.738 | Final Dist 10 = 1.792 | Final Dist 100 = 1.413 | Final Dist 1000 = 1.668 | Init Dist = 8.544 | Init Dist 10 = 6.436 | Init Dist 100 = 6.031 | Init Dist 1000 = 5.850 | Learner Steps = 4892 | Learner Walltime = 957.377 | Min Dist = 0.080 | Min Dist 10 = 0.389 | Min Dist 100 = 0.203 | Min Dist 1000 = 0.255 | Steps Per Second = 110.859 | Success = 1.000 | Success 1000 = 0.990
I0502 15:22:14.755857 139579566835264 terminal.py:91] [Evaluator] Actor Episodes = 6468 | Actor Steps = 323400 | Delta Dist = 12.144 | Delta Dist 10 = 7.543 | Delta Dist 100 = 8.645 | Delta Dist 1000 = 9.750 | Episode Length = 50 | Episode Return = 27.0 | Evaluator Episodes = 1622 | Evaluator Steps = 81100 | Final Dist = 0.662 | Final Dist 10 = 5.264 | Final Dist 100 = 4.161 | Final Dist 1000 = 3.056 | Init Dist = 12.806 | Init Dist 10 = 12.806 | Init Dist 100 = 12.806 | Init Dist 1000 = 12.806 | Learner Steps = 4898 | Learner Walltime = 958.606 | Min Dist = 0.309 | Min Dist 10 = 4.382 | Min Dist 100 = 3.681 | Min Dist 1000 = 2.346 | Steps Per Second = 84.428 | Success = 1.000 | Success 1000 = 0.721
I0502 15:22:14.863789 139557462840896 terminal.py:91] [Actor] Actor Episodes = 6470 | Actor Steps = 323500 | Delta Dist = 4.878 | Delta Dist 10 = 3.944 | Delta Dist 100 = 4.628 | Delta Dist 1000 = 4.193 | Episode Length = 50 | Episode Return = 42.0 | Evaluator Episodes = 1622 | Evaluator Steps = 81100 | Final Dist = 0.122 | Final Dist 10 = 2.576 | Final Dist 100 = 1.467 | Final Dist 1000 = 1.666 | Init Dist = 5.000 | Init Dist 10 = 6.519 | Init Dist 100 = 6.095 | Init Dist 1000 = 5.858 | Learner Steps = 4898 | Learner Walltime = 958.606 | Min Dist = 0.068 | Min Dist 10 = 0.096 | Min Dist 100 = 0.193 | Min Dist 1000 = 0.246 | Steps Per Second = 81.827 | Success = 1.000 | Success 1000 = 0.990
I0502 15:22:15.964741 139579566835264 terminal.py:91] [Evaluator] Actor Episodes = 6476 | Actor Steps = 323800 | Delta Dist = 2.424 | Delta Dist 10 = 7.571 | Delta Dist 100 = 8.555 | Delta Dist 1000 = 9.749 | Episode Length = 50 | Episode Return = 0.0 | Evaluator Episodes = 1624 | Evaluator Steps = 81200 | Final Dist = 10.383 | Final Dist 10 = 5.236 | Final Dist 100 = 4.251 | Final Dist 1000 = 3.058 | Init Dist = 12.806 | Init Dist 10 = 12.806 | Init Dist 100 = 12.806 | Init Dist 1000 = 12.806 | Learner Steps = 4904 | Learner Walltime = 959.781 | Min Dist = 10.325 | Min Dist 10 = 4.358 | Min Dist 100 = 3.785 | Min Dist 1000 = 2.349 | Steps Per Second = 82.367 | Success = 0.000 | Success 1000 = 0.721
I0502 15:22:16.001394 139555860620864 terminal.py:91] [Actor] Actor Episodes = 6475 | Actor Steps = 323750 | Delta Dist = 4.833 | Delta Dist 10 = 5.609 | Delta Dist 100 = 4.687 | Delta Dist 1000 = 4.200 | Episode Length = 50 | Episode Return = 12.0 | Evaluator Episodes = 1622 | Evaluator Steps = 81100 | Final Dist = 1.875 | Final Dist 10 = 0.728 | Final Dist 100 = 1.453 | Final Dist 1000 = 1.657 | Init Dist = 6.708 | Init Dist 10 = 6.337 | Init Dist 100 = 6.140 | Init Dist 1000 = 5.857 | Learner Steps = 4898 | Learner Walltime = 958.606 | Min Dist = 0.090 | Min Dist 10 = 0.068 | Min Dist 100 = 0.192 | Min Dist 1000 = 0.246 | Steps Per Second = 98.812 | Success = 1.000 | Success 1000 = 0.990
I0502 15:22:16.390576 139584504182336 lp_utils.py:96] StepsLimiter: Reached 324000 recorded steps
I0502 15:22:17.150581 139579566835264 terminal.py:91] [Evaluator] Actor Episodes = 6484 | Actor Steps = 324200 | Delta Dist = 1.156 | Delta Dist 10 = 6.296 | Delta Dist 100 = 8.527 | Delta Dist 1000 = 9.735 | Episode Length = 50 | Episode Return = 0.0 | Evaluator Episodes = 1626 | Evaluator Steps = 81300 | Final Dist = 11.650 | Final Dist 10 = 6.510 | Final Dist 100 = 4.279 | Final Dist 1000 = 3.071 | Init Dist = 12.806 | Init Dist 10 = 12.806 | Init Dist 100 = 12.806 | Init Dist 1000 = 12.806 | Learner Steps = 4911 | Learner Walltime = 960.882 | Min Dist = 10.524 | Min Dist 10 = 5.768 | Min Dist 100 = 3.821 | Min Dist 1000 = 2.364 | Steps Per Second = 85.331 | Success = 0.000 | Success 1000 = 0.719
I0502 15:22:17.452375 139558059398720 terminal.py:91] [Actor] Actor Episodes = 6488 | Actor Steps = 324400 | Delta Dist = 6.817 | Delta Dist 10 = 5.322 | Delta Dist 100 = 4.698 | Delta Dist 1000 = 4.209 | Episode Length = 50 | Episode Return = 47.0 | Evaluator Episodes = 1626 | Evaluator Steps = 81300 | Final Dist = 0.183 | Final Dist 10 = 1.802 | Final Dist 100 = 1.556 | Final Dist 1000 = 1.666 | Init Dist = 7.000 | Init Dist 10 = 7.124 | Init Dist 100 = 6.254 | Init Dist 1000 = 5.875 | Learner Steps = 4911 | Learner Walltime = 960.882 | Min Dist = 0.144 | Min Dist 10 = 1.005 | Min Dist 100 = 0.285 | Min Dist 1000 = 0.255 | Steps Per Second = 83.564 | Success = 1.000 | Success 1000 = 0.990
I0502 15:22:18.374241 139579566835264 terminal.py:91] [Evaluator] Actor Episodes = 6492 | Actor Steps = 324600 | Delta Dist = 11.396 | Delta Dist 10 = 5.485 | Delta Dist 100 = 8.310 | Delta Dist 1000 = 9.714 | Episode Length = 50 | Episode Return = 12.0 | Evaluator Episodes = 1628 | Evaluator Steps = 81400 | Final Dist = 1.410 | Final Dist 10 = 7.322 | Final Dist 100 = 4.496 | Final Dist 1000 = 3.092 | Init Dist = 12.806 | Init Dist 10 = 12.806 | Init Dist 100 = 12.806 | Init Dist 1000 = 12.806 | Learner Steps = 4917 | Learner Walltime = 962.099 | Min Dist = 0.094 | Min Dist 10 = 6.812 | Min Dist 100 = 4.029 | Min Dist 1000 = 2.385 | Steps Per Second = 73.842 | Success = 1.000 | Success 1000 = 0.717
I0502 15:22:19.580261 139579566835264 terminal.py:91] [Evaluator] Actor Episodes = 6500 | Actor Steps = 325000 | Delta Dist = 11.268 | Delta Dist 10 = 5.423 | Delta Dist 100 = 8.200 | Delta Dist 1000 = 9.710 | Episode Length = 50 | Episode Return = 4.0 | Evaluator Episodes = 1630 | Evaluator Steps = 81500 | Final Dist = 1.539 | Final Dist 10 = 7.384 | Final Dist 100 = 4.606 | Final Dist 1000 = 3.096 | Init Dist = 12.806 | Init Dist 10 = 12.806 | Init Dist 100 = 12.806 | Init Dist 1000 = 12.806 | Learner Steps = 4923 | Learner Walltime = 963.226 | Min Dist = 0.350 | Min Dist 10 = 6.811 | Min Dist 100 = 4.129 | Min Dist 1000 = 2.387 | Steps Per Second = 79.908 | Success = 1.000 | Success 1000 = 0.717
I0502 15:22:20.681319 139579566835264 terminal.py:91] [Evaluator] Actor Episodes = 6508 | Actor Steps = 325400 | Delta Dist = 8.612 | Delta Dist 10 = 6.353 | Delta Dist 100 = 8.245 | Delta Dist 1000 = 9.710 | Episode Length = 50 | Episode Return = 0.0 | Evaluator Episodes = 1632 | Evaluator Steps = 81600 | Final Dist = 4.194 | Final Dist 10 = 6.454 | Final Dist 100 = 4.561 | Final Dist 1000 = 3.096 | Init Dist = 12.806 | Init Dist 10 = 12.806 | Init Dist 100 = 12.806 | Init Dist 1000 = 12.806 | Learner Steps = 4929 | Learner Walltime = 964.383 | Min Dist = 4.185 | Min Dist 10 = 5.799 | Min Dist 100 = 4.061 | Min Dist 1000 = 2.388 | Steps Per Second = 88.864 | Success = 0.000 | Success 1000 = 0.717
I0502 15:22:21.831749 139579566835264 terminal.py:91] [Evaluator] Actor Episodes = 6516 | Actor Steps = 325800 | Delta Dist = 11.757 | Delta Dist 10 = 7.037 | Delta Dist 100 = 8.416 | Delta Dist 1000 = 9.707 | Episode Length = 50 | Episode Return = 7.0 | Evaluator Episodes = 1634 | Evaluator Steps = 81700 | Final Dist = 1.050 | Final Dist 10 = 5.770 | Final Dist 100 = 4.391 | Final Dist 1000 = 3.099 | Init Dist = 12.806 | Init Dist 10 = 12.806 | Init Dist 100 = 12.806 | Init Dist 1000 = 12.806 | Learner Steps = 4936 | Learner Walltime = 965.670 | Min Dist = 0.217 | Min Dist 10 = 5.147 | Min Dist 100 = 3.895 | Min Dist 1000 = 2.392 | Steps Per Second = 82.160 | Success = 1.000 | Success 1000 = 0.716
I0502 15:22:22.757117 139555013154368 terminal.py:91] [Learner] Actor Episodes = 6522 | Actor Loss = 3.7280492782592773 | Actor Steps = 326100 | Binary Accuracy = 0.9960083961486816 | Categorical Accuracy = 0.39971923828125 | Critic Loss = 2.0161023139953613 | Entropy Mean = -15.209624290466309 | Evaluator Episodes = 1634 | Evaluator Steps = 81700 | Learner Steps = 4944 | Learner Walltime = 966.955 | Logits Neg = -16.552532196044922 | Logits Pos = -2.0239124298095703 | Logsumexp = 1.240930438041687 | Steps Per Second = 747.248
I0502 15:22:22.948979 139579566835264 terminal.py:91] [Evaluator] Actor Episodes = 6524 | Actor Steps = 326200 | Delta Dist = 12.094 | Delta Dist 10 = 7.301 | Delta Dist 100 = 8.411 | Delta Dist 1000 = 9.697 | Episode Length = 50 | Episode Return = 16.0 | Evaluator Episodes = 1636 | Evaluator Steps = 81800 | Final Dist = 0.713 | Final Dist 10 = 5.505 | Final Dist 100 = 4.396 | Final Dist 1000 = 3.110 | Init Dist = 12.806 | Init Dist 10 = 12.806 | Init Dist 100 = 12.806 | Init Dist 1000 = 12.806 | Learner Steps = 4943 | Learner Walltime = 966.869 | Min Dist = 0.179 | Min Dist 10 = 4.777 | Min Dist 100 = 3.892 | Min Dist 1000 = 2.402 | Steps Per Second = 86.587 | Success = 1.000 | Success 1000 = 0.715
I0502 15:22:23.737966 139569349502528 terminal.py:91] [Actor] Actor Episodes = 6527 | Actor Steps = 326350 | Delta Dist = 4.817 | Delta Dist 10 = 3.499 | Delta Dist 100 = 4.212 | Delta Dist 1000 = 4.166 | Episode Length = 50 | Episode Return = 46.0 | Evaluator Episodes = 1636 | Evaluator Steps = 81800 | Final Dist = 0.183 | Final Dist 10 = 1.802 | Final Dist 100 = 1.886 | Final Dist 1000 = 1.676 | Init Dist = 5.000 | Init Dist 10 = 5.301 | Init Dist 100 = 6.098 | Init Dist 1000 = 5.842 | Learner Steps = 4943 | Learner Walltime = 966.869 | Min Dist = 0.140 | Min Dist 10 = 0.069 | Min Dist 100 = 0.211 | Min Dist 1000 = 0.252 | Steps Per Second = 84.680 | Success = 1.000 | Success 1000 = 0.991
I0502 15:22:24.131900 139579566835264 terminal.py:91] [Evaluator] Actor Episodes = 6532 | Actor Steps = 326600 | Delta Dist = 2.182 | Delta Dist 10 = 8.400 | Delta Dist 100 = 8.332 | Delta Dist 1000 = 9.691 | Episode Length = 50 | Episode Return = 0.0 | Evaluator Episodes = 1638 | Evaluator Steps = 81900 | Final Dist = 10.625 | Final Dist 10 = 4.406 | Final Dist 100 = 4.474 | Final Dist 1000 = 3.115 | Init Dist = 12.806 | Init Dist 10 = 12.806 | Init Dist 100 = 12.806 | Init Dist 1000 = 12.806 | Learner Steps = 4948 | Learner Walltime = 967.888 | Min Dist = 10.456 | Min Dist 10 = 3.721 | Min Dist 100 = 3.969 | Min Dist 1000 = 2.409 | Steps Per Second = 86.096 | Success = 0.000 | Success 1000 = 0.715
I0502 15:22:24.953009 139557462840896 terminal.py:91] [Actor] Actor Episodes = 6540 | Actor Steps = 327000 | Delta Dist = 6.956 | Delta Dist 10 = 4.419 | Delta Dist 100 = 4.197 | Delta Dist 1000 = 4.158 | Episode Length = 50 | Episode Return = 34.0 | Evaluator Episodes = 1638 | Evaluator Steps = 81900 | Final Dist = 0.044 | Final Dist 10 = 2.239 | Final Dist 100 = 1.931 | Final Dist 1000 = 1.690 | Init Dist = 7.000 | Init Dist 10 = 6.658 | Init Dist 100 = 6.129 | Init Dist 1000 = 5.848 | Learner Steps = 4954 | Learner Walltime = 968.981 | Min Dist = 0.044 | Min Dist 10 = 0.193 | Min Dist 100 = 0.218 | Min Dist 1000 = 0.253 | Steps Per Second = 80.789 | Success = 1.000 | Success 1000 = 0.991
I0502 15:22:25.290003 139579566835264 terminal.py:91] [Evaluator] Actor Episodes = 6540 | Actor Steps = 327000 | Delta Dist = 12.254 | Delta Dist 10 = 7.517 | Delta Dist 100 = 8.232 | Delta Dist 1000 = 9.672 | Episode Length = 50 | Episode Return = 20.0 | Evaluator Episodes = 1640 | Evaluator Steps = 82000 | Final Dist = 0.552 | Final Dist 10 = 5.289 | Final Dist 100 = 4.575 | Final Dist 1000 = 3.135 | Init Dist = 12.806 | Init Dist 10 = 12.806 | Init Dist 100 = 12.806 | Init Dist 1000 = 12.806 | Learner Steps = 4954 | Learner Walltime = 968.981 | Min Dist = 0.157 | Min Dist 10 = 4.740 | Min Dist 100 = 4.073 | Min Dist 1000 = 2.430 | Steps Per Second = 83.819 | Success = 1.000 | Success 1000 = 0.713
I0502 15:22:26.411026 139584504182336 lp_utils.py:96] StepsLimiter: Reached 327400 recorded steps
I0502 15:22:26.487787 139579566835264 terminal.py:91] [Evaluator] Actor Episodes = 6548 | Actor Steps = 327400 | Delta Dist = 2.301 | Delta Dist 10 = 7.687 | Delta Dist 100 = 8.238 | Delta Dist 1000 = 9.671 | Episode Length = 50 | Episode Return = 0.0 | Evaluator Episodes = 1642 | Evaluator Steps = 82100 | Final Dist = 10.505 | Final Dist 10 = 5.119 | Final Dist 100 = 4.569 | Final Dist 1000 = 3.135 | Init Dist = 12.806 | Init Dist 10 = 12.806 | Init Dist 100 = 12.806 | Init Dist 1000 = 12.806 | Learner Steps = 4961 | Learner Walltime = 970.361 | Min Dist = 10.465 | Min Dist 10 = 4.695 | Min Dist 100 = 4.070 | Min Dist 1000 = 2.430 | Steps Per Second = 84.856 | Success = 0.000 | Success 1000 = 0.713
I0502 15:22:26.533910 139555860620864 terminal.py:91] [Actor] Actor Episodes = 6547 | Actor Steps = 327350 | Delta Dist = 2.669 | Delta Dist 10 = 4.584 | Delta Dist 100 = 4.166 | Delta Dist 1000 = 4.171 | Episode Length = 50 | Episode Return = 3.0 | Evaluator Episodes = 1640 | Evaluator Steps = 82000 | Final Dist = 0.159 | Final Dist 10 = 2.282 | Final Dist 100 = 2.028 | Final Dist 1000 = 1.693 | Init Dist = 2.828 | Init Dist 10 = 6.867 | Init Dist 100 = 6.195 | Init Dist 1000 = 5.865 | Learner Steps = 4954 | Learner Walltime = 968.981 | Min Dist = 0.014 | Min Dist 10 = 0.089 | Min Dist 100 = 0.216 | Min Dist 1000 = 0.253 | Steps Per Second = 81.605 | Success = 1.000 | Success 1000 = 0.991
I0502 15:22:27.519836 139558059398720 terminal.py:91] [Actor] Actor Episodes = 6553 | Actor Steps = 327650 | Delta Dist = 9.670 | Delta Dist 10 = 4.260 | Delta Dist 100 = 4.135 | Delta Dist 1000 = 4.167 | Episode Length = 50 | Episode Return = 6.0 | Evaluator Episodes = 1642 | Evaluator Steps = 82100 | Final Dist = 0.960 | Final Dist 10 = 3.152 | Final Dist 100 = 2.104 | Final Dist 1000 = 1.702 | Init Dist = 10.630 | Init Dist 10 = 7.411 | Init Dist 100 = 6.239 | Init Dist 1000 = 5.869 | Learner Steps = 4961 | Learner Walltime = 970.361 | Min Dist = 0.106 | Min Dist 10 = 0.305 | Min Dist 100 = 0.210 | Min Dist 1000 = 0.248 | Steps Per Second = 79.761 | Success = 1.000 | Success 1000 = 0.990
I0502 15:22:27.762189 139579566835264 terminal.py:91] [Evaluator] Actor Episodes = 6556 | Actor Steps = 327800 | Delta Dist = 2.305 | Delta Dist 10 = 6.027 | Delta Dist 100 = 8.144 | Delta Dist 1000 = 9.652 | Episode Length = 50 | Episode Return = 0.0 | Evaluator Episodes = 1644 | Evaluator Steps = 82200 | Final Dist = 10.501 | Final Dist 10 = 6.780 | Final Dist 100 = 4.663 | Final Dist 1000 = 3.154 | Init Dist = 12.806 | Init Dist 10 = 12.806 | Init Dist 100 = 12.806 | Init Dist 1000 = 12.806 | Learner Steps = 4967 | Learner Walltime = 971.477 | Min Dist = 10.245 | Min Dist 10 = 6.365 | Min Dist 100 = 4.173 | Min Dist 1000 = 2.449 | Steps Per Second = 71.897 | Success = 0.000 | Success 1000 = 0.712
I0502 15:22:28.006370 139583350109760 savers.py:156] Saving checkpoint: logs/contrastive_cpc_point_FourRooms_64/5dd72662-2788-11f0-b183-d85ed38c5779/checkpoints/learner
I0502 15:22:28.951815 139579566835264 terminal.py:91] [Evaluator] Actor Episodes = 6564 | Actor Steps = 328200 | Delta Dist = 11.446 | Delta Dist 10 = 5.100 | Delta Dist 100 = 8.053 | Delta Dist 1000 = 9.633 | Episode Length = 50 | Episode Return = 17.0 | Evaluator Episodes = 1646 | Evaluator Steps = 82300 | Final Dist = 1.360 | Final Dist 10 = 7.706 | Final Dist 100 = 4.754 | Final Dist 1000 = 3.173 | Init Dist = 12.806 | Init Dist 10 = 12.806 | Init Dist 100 = 12.806 | Init Dist 1000 = 12.806 | Learner Steps = 4971 | Learner Walltime = 973.048 | Min Dist = 0.388 | Min Dist 10 = 7.357 | Min Dist 100 = 4.276 | Min Dist 1000 = 2.469 | Steps Per Second = 81.995 | Success = 1.000 | Success 1000 = 0.710
I0502 15:22:30.094131 139579566835264 terminal.py:91] [Evaluator] Actor Episodes = 6573 | Actor Steps = 328650 | Delta Dist = 2.236 | Delta Dist 10 = 5.997 | Delta Dist 100 = 8.178 | Delta Dist 1000 = 9.632 | Episode Length = 50 | Episode Return = 0.0 | Evaluator Episodes = 1648 | Evaluator Steps = 82400 | Final Dist = 10.570 | Final Dist 10 = 6.809 | Final Dist 100 = 4.628 | Final Dist 1000 = 3.174 | Init Dist = 12.806 | Init Dist 10 = 12.806 | Init Dist 100 = 12.806 | Init Dist 1000 = 12.806 | Learner Steps = 4981 | Learner Walltime = 974.131 | Min Dist = 10.286 | Min Dist 10 = 6.352 | Min Dist 100 = 4.139 | Min Dist 1000 = 2.469 | Steps Per Second = 89.269 | Success = 0.000 | Success 1000 = 0.710
I0502 15:22:31.325220 139579566835264 terminal.py:91] [Evaluator] Actor Episodes = 6581 | Actor Steps = 329050 | Delta Dist = 11.504 | Delta Dist 10 = 6.314 | Delta Dist 100 = 8.112 | Delta Dist 1000 = 9.617 | Episode Length = 50 | Episode Return = 16.0 | Evaluator Episodes = 1650 | Evaluator Steps = 82500 | Final Dist = 1.302 | Final Dist 10 = 6.492 | Final Dist 100 = 4.694 | Final Dist 1000 = 3.189 | Init Dist = 12.806 | Init Dist 10 = 12.806 | Init Dist 100 = 12.806 | Init Dist 1000 = 12.806 | Learner Steps = 4986 | Learner Walltime = 975.214 | Min Dist = 0.222 | Min Dist 10 = 5.981 | Min Dist 100 = 4.206 | Min Dist 1000 = 2.486 | Steps Per Second = 76.794 | Success = 1.000 | Success 1000 = 0.708
I0502 15:22:32.490694 139579566835264 terminal.py:91] [Evaluator] Actor Episodes = 6589 | Actor Steps = 329450 | Delta Dist = 12.174 | Delta Dist 10 = 5.966 | Delta Dist 100 = 8.272 | Delta Dist 1000 = 9.613 | Episode Length = 50 | Episode Return = 18.0 | Evaluator Episodes = 1652 | Evaluator Steps = 82600 | Final Dist = 0.632 | Final Dist 10 = 6.841 | Final Dist 100 = 4.535 | Final Dist 1000 = 3.194 | Init Dist = 12.806 | Init Dist 10 = 12.806 | Init Dist 100 = 12.806 | Init Dist 1000 = 12.806 | Learner Steps = 4993 | Learner Walltime = 976.524 | Min Dist = 0.573 | Min Dist 10 = 6.126 | Min Dist 100 = 4.014 | Min Dist 1000 = 2.487 | Steps Per Second = 87.666 | Success = 1.000 | Success 1000 = 0.707
I0502 15:22:32.962344 139555013154368 terminal.py:91] [Learner] Actor Episodes = 6587 | Actor Loss = 3.6422348022460938 | Actor Steps = 329350 | Binary Accuracy = 0.9959592819213867 | Categorical Accuracy = 0.403564453125 | Critic Loss = 2.065052032470703 | Entropy Mean = -15.109357833862305 | Evaluator Episodes = 1650 | Evaluator Steps = 82500 | Learner Steps = 4997 | Learner Walltime = 977.158 | Logits Neg = -15.779444694519043 | Logits Pos = -2.0605454444885254 | Logsumexp = 1.2582498788833618 | Steps Per Second = 164.425
I0502 15:22:33.636464 139579566835264 terminal.py:91] [Evaluator] Actor Episodes = 6597 | Actor Steps = 329850 | Delta Dist = 11.726 | Delta Dist 10 = 7.941 | Delta Dist 100 = 8.341 | Delta Dist 1000 = 9.622 | Episode Length = 50 | Episode Return = 23.0 | Evaluator Episodes = 1654 | Evaluator Steps = 82700 | Final Dist = 1.081 | Final Dist 10 = 4.866 | Final Dist 100 = 4.465 | Final Dist 1000 = 3.184 | Init Dist = 12.806 | Init Dist 10 = 12.806 | Init Dist 100 = 12.806 | Init Dist 1000 = 12.806 | Learner Steps = 5000 | Learner Walltime = 977.695 | Min Dist = 0.319 | Min Dist 10 = 4.090 | Min Dist 100 = 3.940 | Min Dist 1000 = 2.480 | Steps Per Second = 85.708 | Success = 1.000 | Success 1000 = 0.708
I0502 15:22:33.867871 139584635659840 savers.py:156] Saving checkpoint: logs/contrastive_cpc_point_FourRooms_64/5dd72662-2788-11f0-b183-d85ed38c5779/checkpoints/counter
I0502 15:22:33.985267 139569349502528 terminal.py:91] [Actor] Actor Episodes = 6599 | Actor Steps = 329950 | Delta Dist = 9.671 | Delta Dist 10 = 4.367 | Delta Dist 100 = 3.988 | Delta Dist 1000 = 4.152 | Episode Length = 50 | Episode Return = 46.0 | Evaluator Episodes = 1654 | Evaluator Steps = 82700 | Final Dist = 0.177 | Final Dist 10 = 1.082 | Final Dist 100 = 2.038 | Final Dist 1000 = 1.737 | Init Dist = 9.849 | Init Dist 10 = 5.449 | Init Dist 100 = 6.026 | Init Dist 1000 = 5.889 | Learner Steps = 5000 | Learner Walltime = 977.695 | Min Dist = 0.177 | Min Dist 10 = 0.598 | Min Dist 100 = 0.288 | Min Dist 1000 = 0.260 | Steps Per Second = 81.599 | Success = 1.000 | Success 1000 = 0.988
I0502 15:22:34.649688 139579566835264 terminal.py:91] [Evaluator] Actor Episodes = 6605 | Actor Steps = 330250 | Delta Dist = 12.298 | Delta Dist 10 = 8.700 | Delta Dist 100 = 8.224 | Delta Dist 1000 = 9.618 | Episode Length = 50 | Episode Return = 11.0 | Evaluator Episodes = 1656 | Evaluator Steps = 82800 | Final Dist = 0.508 | Final Dist 10 = 4.106 | Final Dist 100 = 4.582 | Final Dist 1000 = 3.188 | Init Dist = 12.806 | Init Dist 10 = 12.806 | Init Dist 100 = 12.806 | Init Dist 1000 = 12.806 | Learner Steps = 5005 | Learner Walltime = 978.755 | Min Dist = 0.183 | Min Dist 10 = 3.110 | Min Dist 100 = 4.043 | Min Dist 1000 = 2.484 | Steps Per Second = 80.042 | Success = 1.000 | Success 1000 = 0.708
I0502 15:22:35.231711 139557462840896 terminal.py:91] [Actor] Actor Episodes = 6606 | Actor Steps = 330300 | Delta Dist = 5.613 | Delta Dist 10 = 4.165 | Delta Dist 100 = 3.920 | Delta Dist 1000 = 4.158 | Episode Length = 50 | Episode Return = 50.0 | Evaluator Episodes = 1654 | Evaluator Steps = 82700 | Final Dist = 0.712 | Final Dist 10 = 1.563 | Final Dist 100 = 2.085 | Final Dist 1000 = 1.721 | Init Dist = 6.325 | Init Dist 10 = 5.728 | Init Dist 100 = 6.005 | Init Dist 1000 = 5.879 | Learner Steps = 5005 | Learner Walltime = 978.755 | Min Dist = 0.636 | Min Dist 10 = 0.316 | Min Dist 100 = 0.315 | Min Dist 1000 = 0.262 | Steps Per Second = 84.523 | Success = 1.000 | Success 1000 = 0.988
I0502 15:22:35.905616 139579566835264 terminal.py:91] [Evaluator] Actor Episodes = 6613 | Actor Steps = 330650 | Delta Dist = 11.879 | Delta Dist 10 = 8.718 | Delta Dist 100 = 8.277 | Delta Dist 1000 = 9.624 | Episode Length = 50 | Episode Return = 33.0 | Evaluator Episodes = 1658 | Evaluator Steps = 82900 | Final Dist = 0.928 | Final Dist 10 = 4.088 | Final Dist 100 = 4.529 | Final Dist 1000 = 3.182 | Init Dist = 12.806 | Init Dist 10 = 12.806 | Init Dist 100 = 12.806 | Init Dist 1000 = 12.806 | Learner Steps = 5011 | Learner Walltime = 979.932 | Min Dist = 0.102 | Min Dist 10 = 3.089 | Min Dist 100 = 3.973 | Min Dist 1000 = 2.476 | Steps Per Second = 79.771 | Success = 1.000 | Success 1000 = 0.709
I0502 15:22:36.433965 139584504182336 lp_utils.py:96] StepsLimiter: Reached 330750 recorded steps
I0502 15:22:36.760141 139555860620864 terminal.py:91] [Actor] Actor Episodes = 6619 | Actor Steps = 330950 | Delta Dist = 1.660 | Delta Dist 10 = 3.991 | Delta Dist 100 = 4.018 | Delta Dist 1000 = 4.156 | Episode Length = 50 | Episode Return = 27.0 | Evaluator Episodes = 1658 | Evaluator Steps = 82900 | Final Dist = 1.169 | Final Dist 10 = 2.039 | Final Dist 100 = 2.106 | Final Dist 1000 = 1.732 | Init Dist = 2.828 | Init Dist 10 = 6.030 | Init Dist 100 = 6.124 | Init Dist 1000 = 5.888 | Learner Steps = 5011 | Learner Walltime = 979.932 | Min Dist = 0.104 | Min Dist 10 = 0.320 | Min Dist 100 = 0.334 | Min Dist 1000 = 0.264 | Steps Per Second = 82.618 | Success = 1.000 | Success 1000 = 0.988
I0502 15:22:37.096720 139579566835264 terminal.py:91] [Evaluator] Actor Episodes = 6621 | Actor Steps = 331050 | Delta Dist = 12.411 | Delta Dist 10 = 10.296 | Delta Dist 100 = 8.311 | Delta Dist 1000 = 9.630 | Episode Length = 50 | Episode Return = 22.0 | Evaluator Episodes = 1660 | Evaluator Steps = 83000 | Final Dist = 0.395 | Final Dist 10 = 2.510 | Final Dist 100 = 4.495 | Final Dist 1000 = 3.176 | Init Dist = 12.806 | Init Dist 10 = 12.806 | Init Dist 100 = 12.806 | Init Dist 1000 = 12.806 | Learner Steps = 5018 | Learner Walltime = 981.272 | Min Dist = 0.045 | Min Dist 10 = 1.431 | Min Dist 100 = 3.935 | Min Dist 1000 = 2.470 | Steps Per Second = 90.481 | Success = 1.000 | Success 1000 = 0.710
I0502 15:22:37.598265 139558059398720 terminal.py:91] [Actor] Actor Episodes = 6623 | Actor Steps = 331150 | Delta Dist = 9.019 | Delta Dist 10 = 3.967 | Delta Dist 100 = 4.030 | Delta Dist 1000 = 4.153 | Episode Length = 50 | Episode Return = 45.0 | Evaluator Episodes = 1660 | Evaluator Steps = 83000 | Final Dist = 0.037 | Final Dist 10 = 2.045 | Final Dist 100 = 2.145 | Final Dist 1000 = 1.739 | Init Dist = 9.055 | Init Dist 10 = 6.012 | Init Dist 100 = 6.175 | Init Dist 1000 = 5.891 | Learner Steps = 5018 | Learner Walltime = 981.272 | Min Dist = 0.022 | Min Dist 10 = 0.234 | Min Dist 100 = 0.337 | Min Dist 1000 = 0.264 | Steps Per Second = 80.032 | Success = 1.000 | Success 1000 = 0.988
I0502 15:22:38.303365 139579566835264 terminal.py:91] [Evaluator] Actor Episodes = 6629 | Actor Steps = 331450 | Delta Dist = 12.407 | Delta Dist 10 = 10.686 | Delta Dist 100 = 8.425 | Delta Dist 1000 = 9.637 | Episode Length = 50 | Episode Return = 10.0 | Evaluator Episodes = 1662 | Evaluator Steps = 83100 | Final Dist = 0.399 | Final Dist 10 = 2.121 | Final Dist 100 = 4.381 | Final Dist 1000 = 3.169 | Init Dist = 12.806 | Init Dist 10 = 12.806 | Init Dist 100 = 12.806 | Init Dist 1000 = 12.806 | Learner Steps = 5025 | Learner Walltime = 982.502 | Min Dist = 0.280 | Min Dist 10 = 1.311 | Min Dist 100 = 3.814 | Min Dist 1000 = 2.463 | Steps Per Second = 80.886 | Success = 1.000 | Success 1000 = 0.711
I0502 15:22:39.473619 139579566835264 terminal.py:91] [Evaluator] Actor Episodes = 6637 | Actor Steps = 331850 | Delta Dist = 11.735 | Delta Dist 10 = 9.655 | Delta Dist 100 = 8.420 | Delta Dist 1000 = 9.628 | Episode Length = 50 | Episode Return = 7.0 | Evaluator Episodes = 1664 | Evaluator Steps = 83200 | Final Dist = 1.071 | Final Dist 10 = 3.151 | Final Dist 100 = 4.386 | Final Dist 1000 = 3.178 | Init Dist = 12.806 | Init Dist 10 = 12.806 | Init Dist 100 = 12.806 | Init Dist 1000 = 12.806 | Learner Steps = 5025 | Learner Walltime = 982.502 | Min Dist = 0.400 | Min Dist 10 = 2.334 | Min Dist 100 = 3.815 | Min Dist 1000 = 2.472 | Steps Per Second = 87.280 | Success = 1.000 | Success 1000 = 0.711
I0502 15:22:40.638506 139579566835264 terminal.py:91] [Evaluator] Actor Episodes = 6643 | Actor Steps = 332150 | Delta Dist = 2.070 | Delta Dist 10 = 10.857 | Delta Dist 100 = 8.521 | Delta Dist 1000 = 9.635 | Episode Length = 50 | Episode Return = 0.0 | Evaluator Episodes = 1666 | Evaluator Steps = 83300 | Final Dist = 10.736 | Final Dist 10 = 1.949 | Final Dist 100 = 4.286 | Final Dist 1000 = 3.171 | Init Dist = 12.806 | Init Dist 10 = 12.806 | Init Dist 100 = 12.806 | Init Dist 1000 = 12.806 | Learner Steps = 5037 | Learner Walltime = 984.769 | Min Dist = 10.489 | Min Dist 10 = 1.324 | Min Dist 100 = 3.716 | Min Dist 1000 = 2.466 | Steps Per Second = 88.313 | Success = 0.000 | Success 1000 = 0.712
I0502 15:22:41.832191 139579566835264 terminal.py:91] [Evaluator] Actor Episodes = 6651 | Actor Steps = 332550 | Delta Dist = 11.894 | Delta Dist 10 = 9.932 | Delta Dist 100 = 8.420 | Delta Dist 1000 = 9.626 | Episode Length = 50 | Episode Return = 20.0 | Evaluator Episodes = 1668 | Evaluator Steps = 83400 | Final Dist = 0.913 | Final Dist 10 = 2.874 | Final Dist 100 = 4.387 | Final Dist 1000 = 3.180 | Init Dist = 12.806 | Init Dist 10 = 12.806 | Init Dist 100 = 12.806 | Init Dist 1000 = 12.806 | Learner Steps = 5043 | Learner Walltime = 985.938 | Min Dist = 0.411 | Min Dist 10 = 2.361 | Min Dist 100 = 3.816 | Min Dist 1000 = 2.477 | Steps Per Second = 79.297 | Success = 1.000 | Success 1000 = 0.711
I0502 15:22:42.992786 139555013154368 terminal.py:91] [Learner] Actor Episodes = 6659 | Actor Loss = 3.7159934043884277 | Actor Steps = 332950 | Binary Accuracy = 0.9958875179290771 | Categorical Accuracy = 0.39306640625 | Critic Loss = 2.0571389198303223 | Entropy Mean = -17.848758697509766 | Evaluator Episodes = 1668 | Evaluator Steps = 83400 | Learner Steps = 5050 | Learner Walltime = 987.192 | Logits Neg = -16.2808895111084 | Logits Pos = -2.0471115112304688 | Logsumexp = 1.291123390197754 | Steps Per Second = 237.505
I0502 15:22:43.051136 139579566835264 terminal.py:91] [Evaluator] Actor Episodes = 6661 | Actor Steps = 333050 | Delta Dist = 12.260 | Delta Dist 10 = 10.006 | Delta Dist 100 = 8.425 | Delta Dist 1000 = 9.629 | Episode Length = 50 | Episode Return = 17.0 | Evaluator Episodes = 1670 | Evaluator Steps = 83500 | Final Dist = 0.546 | Final Dist 10 = 2.801 | Final Dist 100 = 4.382 | Final Dist 1000 = 3.177 | Init Dist = 12.806 | Init Dist 10 = 12.806 | Init Dist 100 = 12.806 | Init Dist 1000 = 12.806 | Learner Steps = 5050 | Learner Walltime = 987.192 | Min Dist = 0.244 | Min Dist 10 = 2.361 | Min Dist 100 = 3.807 | Min Dist 1000 = 2.473 | Steps Per Second = 82.150 | Success = 1.000 | Success 1000 = 0.712
I0502 15:22:44.198867 139579566835264 terminal.py:91] [Evaluator] Actor Episodes = 6669 | Actor Steps = 333450 | Delta Dist = 10.916 | Delta Dist 10 = 9.929 | Delta Dist 100 = 8.427 | Delta Dist 1000 = 9.630 | Episode Length = 50 | Episode Return = 21.0 | Evaluator Episodes = 1672 | Evaluator Steps = 83600 | Final Dist = 1.891 | Final Dist 10 = 2.878 | Final Dist 100 = 4.379 | Final Dist 1000 = 3.176 | Init Dist = 12.806 | Init Dist 10 = 12.806 | Init Dist 100 = 12.806 | Init Dist 1000 = 12.806 | Learner Steps = 5055 | Learner Walltime = 988.299 | Min Dist = 0.422 | Min Dist 10 = 2.404 | Min Dist 100 = 3.813 | Min Dist 1000 = 2.474 | Steps Per Second = 89.107 | Success = 1.000 | Success 1000 = 0.712
I0502 15:22:44.311762 139569349502528 terminal.py:91] [Actor] Actor Episodes = 6666 | Actor Steps = 333300 | Delta Dist = 7.996 | Delta Dist 10 = 4.251 | Delta Dist 100 = 4.014 | Delta Dist 1000 = 4.132 | Episode Length = 50 | Episode Return = 0.0 | Evaluator Episodes = 1670 | Evaluator Steps = 83500 | Final Dist = 1.004 | Final Dist 10 = 1.147 | Final Dist 100 = 1.717 | Final Dist 1000 = 1.748 | Init Dist = 9.000 | Init Dist 10 = 5.398 | Init Dist 100 = 5.731 | Init Dist 1000 = 5.880 | Learner Steps = 5050 | Learner Walltime = 987.192 | Min Dist = 0.141 | Min Dist 10 = 0.045 | Min Dist 100 = 0.314 | Min Dist 1000 = 0.256 | Steps Per Second = 84.015 | Success = 1.000 | Success 1000 = 0.988
I0502 15:22:45.309810 139557462840896 terminal.py:91] [Actor] Actor Episodes = 6677 | Actor Steps = 333850 | Delta Dist = 8.502 | Delta Dist 10 = 5.857 | Delta Dist 100 = 4.205 | Delta Dist 1000 = 4.159 | Episode Length = 50 | Episode Return = 34.0 | Evaluator Episodes = 1672 | Evaluator Steps = 83600 | Final Dist = 0.101 | Final Dist 10 = 0.635 | Final Dist 100 = 1.568 | Final Dist 1000 = 1.732 | Init Dist = 8.602 | Init Dist 10 = 6.492 | Init Dist 100 = 5.773 | Init Dist 1000 = 5.891 | Learner Steps = 5055 | Learner Walltime = 988.299 | Min Dist = 0.079 | Min Dist 10 = 0.144 | Min Dist 100 = 0.312 | Min Dist 1000 = 0.255 | Steps Per Second = 78.500 | Success = 1.000 | Success 1000 = 0.988
I0502 15:22:45.479160 139579566835264 terminal.py:91] [Evaluator] Actor Episodes = 6677 | Actor Steps = 333850 | Delta Dist = 11.898 | Delta Dist 10 = 10.739 | Delta Dist 100 = 8.467 | Delta Dist 1000 = 9.630 | Episode Length = 50 | Episode Return = 14.0 | Evaluator Episodes = 1674 | Evaluator Steps = 83700 | Final Dist = 0.908 | Final Dist 10 = 2.067 | Final Dist 100 = 4.339 | Final Dist 1000 = 3.176 | Init Dist = 12.806 | Init Dist 10 = 12.806 | Init Dist 100 = 12.806 | Init Dist 1000 = 12.806 | Learner Steps = 5061 | Learner Walltime = 989.527 | Min Dist = 0.900 | Min Dist 10 = 1.449 | Min Dist 100 = 3.767 | Min Dist 1000 = 2.472 | Steps Per Second = 78.837 | Success = 1.000 | Success 1000 = 0.713
I0502 15:22:46.453515 139584504182336 lp_utils.py:96] StepsLimiter: Reached 334150 recorded steps
I0502 15:22:46.583418 139579566835264 terminal.py:91] [Evaluator] Actor Episodes = 6685 | Actor Steps = 334250 | Delta Dist = 3.848 | Delta Dist 10 = 10.809 | Delta Dist 100 = 8.499 | Delta Dist 1000 = 9.632 | Episode Length = 50 | Episode Return = 0.0 | Evaluator Episodes = 1676 | Evaluator Steps = 83800 | Final Dist = 8.958 | Final Dist 10 = 1.997 | Final Dist 100 = 4.308 | Final Dist 1000 = 3.174 | Init Dist = 12.806 | Init Dist 10 = 12.806 | Init Dist 100 = 12.806 | Init Dist 1000 = 12.806 | Learner Steps = 5068 | Learner Walltime = 990.741 | Min Dist = 7.943 | Min Dist 10 = 1.472 | Min Dist 100 = 3.761 | Min Dist 1000 = 2.472 | Steps Per Second = 90.307 | Success = 0.000 | Success 1000 = 0.713
I0502 15:22:47.009332 139555860620864 terminal.py:91] [Actor] Actor Episodes = 6686 | Actor Steps = 334300 | Delta Dist = 2.989 | Delta Dist 10 = 3.290 | Delta Dist 100 = 4.170 | Delta Dist 1000 = 4.163 | Episode Length = 50 | Episode Return = 8.0 | Evaluator Episodes = 1674 | Evaluator Steps = 83700 | Final Dist = 0.617 | Final Dist 10 = 1.323 | Final Dist 100 = 1.529 | Final Dist 1000 = 1.730 | Init Dist = 3.606 | Init Dist 10 = 4.613 | Init Dist 100 = 5.699 | Init Dist 1000 = 5.893 | Learner Steps = 5061 | Learner Walltime = 989.527 | Min Dist = 0.076 | Min Dist 10 = 0.074 | Min Dist 100 = 0.212 | Min Dist 1000 = 0.249 | Steps Per Second = 90.657 | Success = 1.000 | Success 1000 = 0.988
I0502 15:22:47.725621 139558059398720 terminal.py:91] [Actor] Actor Episodes = 6688 | Actor Steps = 334400 | Delta Dist = 1.290 | Delta Dist 10 = 3.214 | Delta Dist 100 = 4.148 | Delta Dist 1000 = 4.168 | Episode Length = 50 | Episode Return = 19.0 | Evaluator Episodes = 1676 | Evaluator Steps = 83800 | Final Dist = 1.539 | Final Dist 10 = 1.678 | Final Dist 100 = 1.587 | Final Dist 1000 = 1.721 | Init Dist = 2.828 | Init Dist 10 = 4.892 | Init Dist 100 = 5.736 | Init Dist 1000 = 5.889 | Learner Steps = 5068 | Learner Walltime = 990.741 | Min Dist = 0.097 | Min Dist 10 = 0.075 | Min Dist 100 = 0.205 | Min Dist 1000 = 0.249 | Steps Per Second = 82.498 | Success = 1.000 | Success 1000 = 0.988
I0502 15:22:47.748863 139579566835264 terminal.py:91] [Evaluator] Actor Episodes = 6693 | Actor Steps = 334650 | Delta Dist = 12.017 | Delta Dist 10 = 10.941 | Delta Dist 100 = 8.417 | Delta Dist 1000 = 9.624 | Episode Length = 50 | Episode Return = 16.0 | Evaluator Episodes = 1678 | Evaluator Steps = 83900 | Final Dist = 0.789 | Final Dist 10 = 1.866 | Final Dist 100 = 4.389 | Final Dist 1000 = 3.182 | Init Dist = 12.806 | Init Dist 10 = 12.806 | Init Dist 100 = 12.806 | Init Dist 1000 = 12.806 | Learner Steps = 5074 | Learner Walltime = 991.796 | Min Dist = 0.326 | Min Dist 10 = 1.194 | Min Dist 100 = 3.829 | Min Dist 1000 = 2.479 | Steps Per Second = 82.568 | Success = 1.000 | Success 1000 = 0.712
I0502 15:22:48.967007 139579566835264 terminal.py:91] [Evaluator] Actor Episodes = 6701 | Actor Steps = 335050 | Delta Dist = 11.211 | Delta Dist 10 = 10.974 | Delta Dist 100 = 8.516 | Delta Dist 1000 = 9.626 | Episode Length = 50 | Episode Return = 7.0 | Evaluator Episodes = 1680 | Evaluator Steps = 84000 | Final Dist = 1.596 | Final Dist 10 = 1.833 | Final Dist 100 = 4.290 | Final Dist 1000 = 3.180 | Init Dist = 12.806 | Init Dist 10 = 12.806 | Init Dist 100 = 12.806 | Init Dist 1000 = 12.806 | Learner Steps = 5079 | Learner Walltime = 992.851 | Min Dist = 0.330 | Min Dist 10 = 1.170 | Min Dist 100 = 3.727 | Min Dist 1000 = 2.480 | Steps Per Second = 88.157 | Success = 1.000 | Success 1000 = 0.712
I0502 15:22:50.021615 139579566835264 terminal.py:91] [Evaluator] Actor Episodes = 6709 | Actor Steps = 335450 | Delta Dist = 11.415 | Delta Dist 10 = 10.871 | Delta Dist 100 = 8.537 | Delta Dist 1000 = 9.624 | Episode Length = 50 | Episode Return = 9.0 | Evaluator Episodes = 1682 | Evaluator Steps = 84100 | Final Dist = 1.392 | Final Dist 10 = 1.935 | Final Dist 100 = 4.269 | Final Dist 1000 = 3.182 | Init Dist = 12.806 | Init Dist 10 = 12.806 | Init Dist 100 = 12.806 | Init Dist 1000 = 12.806 | Learner Steps = 5085 | Learner Walltime = 993.874 | Min Dist = 0.108 | Min Dist 10 = 1.147 | Min Dist 100 = 3.690 | Min Dist 1000 = 2.480 | Steps Per Second = 95.320 | Success = 1.000 | Success 1000 = 0.712
I0502 15:22:51.245605 139579566835264 terminal.py:91] [Evaluator] Actor Episodes = 6717 | Actor Steps = 335850 | Delta Dist = 11.443 | Delta Dist 10 = 11.033 | Delta Dist 100 = 8.536 | Delta Dist 1000 = 9.632 | Episode Length = 50 | Episode Return = 24.0 | Evaluator Episodes = 1684 | Evaluator Steps = 84200 | Final Dist = 1.363 | Final Dist 10 = 1.774 | Final Dist 100 = 4.270 | Final Dist 1000 = 3.174 | Init Dist = 12.806 | Init Dist 10 = 12.806 | Init Dist 100 = 12.806 | Init Dist 1000 = 12.806 | Learner Steps = 5090 | Learner Walltime = 994.964 | Min Dist = 0.337 | Min Dist 10 = 1.045 | Min Dist 100 = 3.689 | Min Dist 1000 = 2.473 | Steps Per Second = 80.942 | Success = 1.000 | Success 1000 = 0.713
I0502 15:22:52.524985 139579566835264 terminal.py:91] [Evaluator] Actor Episodes = 6725 | Actor Steps = 336250 | Delta Dist = 1.229 | Delta Dist 10 = 9.925 | Delta Dist 100 = 8.421 | Delta Dist 1000 = 9.622 | Episode Length = 50 | Episode Return = 0.0 | Evaluator Episodes = 1686 | Evaluator Steps = 84300 | Final Dist = 11.577 | Final Dist 10 = 2.881 | Final Dist 100 = 4.386 | Final Dist 1000 = 3.184 | Init Dist = 12.806 | Init Dist 10 = 12.806 | Init Dist 100 = 12.806 | Init Dist 1000 = 12.806 | Learner Steps = 5097 | Learner Walltime = 996.262 | Min Dist = 10.175 | Min Dist 10 = 2.012 | Min Dist 100 = 3.788 | Min Dist 1000 = 2.483 | Steps Per Second = 82.173 | Success = 0.000 | Success 1000 = 0.712
I0502 15:22:53.134118 139555013154368 terminal.py:91] [Learner] Actor Episodes = 6727 | Actor Loss = 3.7174417972564697 | Actor Steps = 336350 | Binary Accuracy = 0.9959616661071777 | Categorical Accuracy = 0.4066162109375 | Critic Loss = 2.0418946743011475 | Entropy Mean = -16.91879653930664 | Evaluator Episodes = 1686 | Evaluator Steps = 84300 | Learner Steps = 5103 | Learner Walltime = 997.326 | Logits Neg = -15.932063102722168 | Logits Pos = -2.0311226844787598 | Logsumexp = 1.3537359237670898 | Steps Per Second = 213.828
I0502 15:22:53.776701 139579566835264 terminal.py:91] [Evaluator] Actor Episodes = 6733 | Actor Steps = 336650 | Delta Dist = 11.334 | Delta Dist 10 = 8.667 | Delta Dist 100 = 8.265 | Delta Dist 1000 = 9.601 | Episode Length = 50 | Episode Return = 5.0 | Evaluator Episodes = 1688 | Evaluator Steps = 84400 | Final Dist = 1.472 | Final Dist 10 = 4.139 | Final Dist 100 = 4.541 | Final Dist 1000 = 3.205 | Init Dist = 12.806 | Init Dist 10 = 12.806 | Init Dist 100 = 12.806 | Init Dist 1000 = 12.806 | Learner Steps = 5103 | Learner Walltime = 997.326 | Min Dist = 0.405 | Min Dist 10 = 3.281 | Min Dist 100 = 3.932 | Min Dist 1000 = 2.503 | Steps Per Second = 76.159 | Success = 1.000 | Success 1000 = 0.710
I0502 15:22:54.603357 139569349502528 terminal.py:91] [Actor] Actor Episodes = 6737 | Actor Steps = 336850 | Delta Dist = 0.045 | Delta Dist 10 = 6.171 | Delta Dist 100 = 4.653 | Delta Dist 1000 = 4.185 | Episode Length = 50 | Episode Return = 24.0 | Evaluator Episodes = 1688 | Evaluator Steps = 84400 | Final Dist = 2.191 | Final Dist 10 = 0.800 | Final Dist 100 = 1.344 | Final Dist 1000 = 1.672 | Init Dist = 2.236 | Init Dist 10 = 6.971 | Init Dist 100 = 5.997 | Init Dist 1000 = 5.857 | Learner Steps = 5109 | Learner Walltime = 998.476 | Min Dist = 0.006 | Min Dist 10 = 0.046 | Min Dist 100 = 0.104 | Min Dist 1000 = 0.243 | Steps Per Second = 87.096 | Success = 1.000 | Success 1000 = 0.990
I0502 15:22:54.956549 139579566835264 terminal.py:91] [Evaluator] Actor Episodes = 6741 | Actor Steps = 337050 | Delta Dist = 1.319 | Delta Dist 10 = 8.579 | Delta Dist 100 = 8.264 | Delta Dist 1000 = 9.609 | Episode Length = 50 | Episode Return = 0.0 | Evaluator Episodes = 1690 | Evaluator Steps = 84500 | Final Dist = 11.488 | Final Dist 10 = 4.227 | Final Dist 100 = 4.542 | Final Dist 1000 = 3.198 | Init Dist = 12.806 | Init Dist 10 = 12.806 | Init Dist 100 = 12.806 | Init Dist 1000 = 12.806 | Learner Steps = 5109 | Learner Walltime = 998.476 | Min Dist = 10.505 | Min Dist 10 = 3.279 | Min Dist 100 = 3.932 | Min Dist 1000 = 2.496 | Steps Per Second = 87.035 | Success = 0.000 | Success 1000 = 0.711
I0502 15:22:55.912146 139557462840896 terminal.py:91] [Actor] Actor Episodes = 6747 | Actor Steps = 337350 | Delta Dist = 7.792 | Delta Dist 10 = 3.825 | Delta Dist 100 = 4.709 | Delta Dist 1000 = 4.187 | Episode Length = 50 | Episode Return = 42.0 | Evaluator Episodes = 1690 | Evaluator Steps = 84500 | Final Dist = 0.454 | Final Dist 10 = 0.863 | Final Dist 100 = 1.253 | Final Dist 1000 = 1.666 | Init Dist = 8.246 | Init Dist 10 = 4.687 | Init Dist 100 = 5.962 | Init Dist 1000 = 5.853 | Learner Steps = 5114 | Learner Walltime = 999.538 | Min Dist = 0.049 | Min Dist 10 = 0.085 | Min Dist 100 = 0.082 | Min Dist 1000 = 0.243 | Steps Per Second = 80.777 | Success = 1.000 | Success 1000 = 0.990
I0502 15:22:56.119274 139579566835264 terminal.py:91] [Evaluator] Actor Episodes = 6749 | Actor Steps = 337450 | Delta Dist = 12.274 | Delta Dist 10 = 7.556 | Delta Dist 100 = 8.343 | Delta Dist 1000 = 9.598 | Episode Length = 50 | Episode Return = 10.0 | Evaluator Episodes = 1692 | Evaluator Steps = 84600 | Final Dist = 0.532 | Final Dist 10 = 5.250 | Final Dist 100 = 4.463 | Final Dist 1000 = 3.209 | Init Dist = 12.806 | Init Dist 10 = 12.806 | Init Dist 100 = 12.806 | Init Dist 1000 = 12.806 | Learner Steps = 5114 | Learner Walltime = 999.538 | Min Dist = 0.051 | Min Dist 10 = 4.268 | Min Dist 100 = 3.828 | Min Dist 1000 = 2.506 | Steps Per Second = 96.546 | Success = 1.000 | Success 1000 = 0.710
I0502 15:22:56.471728 139584504182336 lp_utils.py:96] StepsLimiter: Reached 337450 recorded steps
I0502 15:22:57.153388 139555860620864 terminal.py:91] [Actor] Actor Episodes = 6757 | Actor Steps = 337850 | Delta Dist = -0.302 | Delta Dist 10 = 4.437 | Delta Dist 100 = 4.801 | Delta Dist 1000 = 4.198 | Episode Length = 50 | Episode Return = 34.0 | Evaluator Episodes = 1692 | Evaluator Steps = 84600 | Final Dist = 5.401 | Final Dist 10 = 1.698 | Final Dist 100 = 1.213 | Final Dist 1000 = 1.646 | Init Dist = 5.099 | Init Dist 10 = 6.135 | Init Dist 100 = 6.014 | Init Dist 1000 = 5.844 | Learner Steps = 5121 | Learner Walltime = 1000.697 | Min Dist = 0.269 | Min Dist 10 = 0.116 | Min Dist 100 = 0.086 | Min Dist 1000 = 0.230 | Steps Per Second = 80.515 | Success = 1.000 | Success 1000 = 0.990
I0502 15:22:57.270518 139579566835264 terminal.py:91] [Evaluator] Actor Episodes = 6757 | Actor Steps = 337850 | Delta Dist = 2.239 | Delta Dist 10 = 6.598 | Delta Dist 100 = 8.347 | Delta Dist 1000 = 9.588 | Episode Length = 50 | Episode Return = 0.0 | Evaluator Episodes = 1694 | Evaluator Steps = 84700 | Final Dist = 10.567 | Final Dist 10 = 6.209 | Final Dist 100 = 4.459 | Final Dist 1000 = 3.218 | Init Dist = 12.806 | Init Dist 10 = 12.806 | Init Dist 100 = 12.806 | Init Dist 1000 = 12.806 | Learner Steps = 5121 | Learner Walltime = 1000.697 | Min Dist = 10.538 | Min Dist 10 = 5.280 | Min Dist 100 = 3.822 | Min Dist 1000 = 2.516 | Steps Per Second = 77.916 | Success = 0.000 | Success 1000 = 0.709
I0502 15:22:57.835714 139558059398720 terminal.py:91] [Actor] Actor Episodes = 6759 | Actor Steps = 337950 | Delta Dist = -4.837 | Delta Dist 10 = 4.257 | Delta Dist 100 = 4.857 | Delta Dist 1000 = 4.213 | Episode Length = 50 | Episode Return = 24.0 | Evaluator Episodes = 1694 | Evaluator Steps = 84700 | Final Dist = 7.073 | Final Dist 10 = 1.589 | Final Dist 100 = 1.217 | Final Dist 1000 = 1.640 | Init Dist = 2.236 | Init Dist 10 = 5.845 | Init Dist 100 = 6.074 | Init Dist 1000 = 5.854 | Learner Steps = 5127 | Learner Walltime = 1002.005 | Min Dist = 2.236 | Min Dist 10 = 0.156 | Min Dist 100 = 0.090 | Min Dist 1000 = 0.227 | Steps Per Second = 82.333 | Success = 0.000 | Success 1000 = 0.990
I0502 15:22:58.476042 139579566835264 terminal.py:91] [Evaluator] Actor Episodes = 6765 | Actor Steps = 338250 | Delta Dist = 1.420 | Delta Dist 10 = 5.721 | Delta Dist 100 = 8.151 | Delta Dist 1000 = 9.569 | Episode Length = 50 | Episode Return = 0.0 | Evaluator Episodes = 1696 | Evaluator Steps = 84800 | Final Dist = 11.386 | Final Dist 10 = 7.085 | Final Dist 100 = 4.655 | Final Dist 1000 = 3.238 | Init Dist = 12.806 | Init Dist 10 = 12.806 | Init Dist 100 = 12.806 | Init Dist 1000 = 12.806 | Learner Steps = 5127 | Learner Walltime = 1002.005 | Min Dist = 10.482 | Min Dist 10 = 6.312 | Min Dist 100 = 4.026 | Min Dist 1000 = 2.537 | Steps Per Second = 85.833 | Success = 0.000 | Success 1000 = 0.707
I0502 15:22:59.607236 139579566835264 terminal.py:91] [Evaluator] Actor Episodes = 6773 | Actor Steps = 338650 | Delta Dist = 1.662 | Delta Dist 10 = 5.744 | Delta Dist 100 = 7.947 | Delta Dist 1000 = 9.555 | Episode Length = 50 | Episode Return = 0.0 | Evaluator Episodes = 1698 | Evaluator Steps = 84900 | Final Dist = 11.145 | Final Dist 10 = 7.062 | Final Dist 100 = 4.859 | Final Dist 1000 = 3.251 | Init Dist = 12.806 | Init Dist 10 = 12.806 | Init Dist 100 = 12.806 | Init Dist 1000 = 12.806 | Learner Steps = 5133 | Learner Walltime = 1003.054 | Min Dist = 10.473 | Min Dist 10 = 6.343 | Min Dist 100 = 4.219 | Min Dist 1000 = 2.550 | Steps Per Second = 88.333 | Success = 0.000 | Success 1000 = 0.706
I0502 15:23:00.815512 139579566835264 terminal.py:91] [Evaluator] Actor Episodes = 6782 | Actor Steps = 339100 | Delta Dist = 1.725 | Delta Dist 10 = 3.744 | Delta Dist 100 = 7.860 | Delta Dist 1000 = 9.543 | Episode Length = 50 | Episode Return = 0.0 | Evaluator Episodes = 1700 | Evaluator Steps = 85000 | Final Dist = 11.081 | Final Dist 10 = 9.063 | Final Dist 100 = 4.946 | Final Dist 1000 = 3.264 | Init Dist = 12.806 | Init Dist 10 = 12.806 | Init Dist 100 = 12.806 | Init Dist 1000 = 12.806 | Learner Steps = 5140 | Learner Walltime = 1004.228 | Min Dist = 10.443 | Min Dist 10 = 8.389 | Min Dist 100 = 4.291 | Min Dist 1000 = 2.564 | Steps Per Second = 80.234 | Success = 0.000 | Success 1000 = 0.705
I0502 15:23:02.023020 139579566835264 terminal.py:91] [Evaluator] Actor Episodes = 6788 | Actor Steps = 339400 | Delta Dist = 1.805 | Delta Dist 10 = 3.860 | Delta Dist 100 = 7.764 | Delta Dist 1000 = 9.532 | Episode Length = 50 | Episode Return = 0.0 | Evaluator Episodes = 1702 | Evaluator Steps = 85100 | Final Dist = 11.001 | Final Dist 10 = 8.947 | Final Dist 100 = 5.042 | Final Dist 1000 = 3.274 | Init Dist = 12.806 | Init Dist 10 = 12.806 | Init Dist 100 = 12.806 | Init Dist 1000 = 12.806 | Learner Steps = 5146 | Learner Walltime = 1005.292 | Min Dist = 10.537 | Min Dist 10 = 8.420 | Min Dist 100 = 4.394 | Min Dist 1000 = 2.574 | Steps Per Second = 78.287 | Success = 0.000 | Success 1000 = 0.704
I0502 15:23:03.141960 139555013154368 terminal.py:91] [Learner] Actor Episodes = 6790 | Actor Loss = 3.664142608642578 | Actor Steps = 339500 | Binary Accuracy = 0.996039867401123 | Categorical Accuracy = 0.3983154296875 | Critic Loss = 2.073279857635498 | Entropy Mean = -14.761322021484375 | Evaluator Episodes = 1702 | Evaluator Steps = 85100 | Learner Steps = 5155 | Learner Walltime = 1007.335 | Logits Neg = -15.727975845336914 | Logits Pos = -2.0512962341308594 | Logsumexp = 1.1052484512329102 | Steps Per Second = 852.929
I0502 15:23:03.209333 139579566835264 terminal.py:91] [Evaluator] Actor Episodes = 6796 | Actor Steps = 339800 | Delta Dist = 1.334 | Delta Dist 10 = 2.825 | Delta Dist 100 = 7.564 | Delta Dist 1000 = 9.514 | Episode Length = 50 | Episode Return = 0.0 | Evaluator Episodes = 1704 | Evaluator Steps = 85200 | Final Dist = 11.472 | Final Dist 10 = 9.981 | Final Dist 100 = 5.242 | Final Dist 1000 = 3.292 | Init Dist = 12.806 | Init Dist 10 = 12.806 | Init Dist 100 = 12.806 | Init Dist 1000 = 12.806 | Learner Steps = 5151 | Learner Walltime = 1006.614 | Min Dist = 10.498 | Min Dist 10 = 9.489 | Min Dist 100 = 4.600 | Min Dist 1000 = 2.595 | Steps Per Second = 88.353 | Success = 0.000 | Success 1000 = 0.702
I0502 15:23:04.313784 139579566835264 terminal.py:91] [Evaluator] Actor Episodes = 6804 | Actor Steps = 340200 | Delta Dist = 6.894 | Delta Dist 10 = 2.746 | Delta Dist 100 = 7.457 | Delta Dist 1000 = 9.494 | Episode Length = 50 | Episode Return = 0.0 | Evaluator Episodes = 1706 | Evaluator Steps = 85300 | Final Dist = 5.912 | Final Dist 10 = 10.061 | Final Dist 100 = 5.349 | Final Dist 1000 = 3.312 | Init Dist = 12.806 | Init Dist 10 = 12.806 | Init Dist 100 = 12.806 | Init Dist 1000 = 12.806 | Learner Steps = 5158 | Learner Walltime = 1007.836 | Min Dist = 5.903 | Min Dist 10 = 9.473 | Min Dist 100 = 4.699 | Min Dist 1000 = 2.615 | Steps Per Second = 92.477 | Success = 0.000 | Success 1000 = 0.700
I0502 15:23:04.699353 139569349502528 terminal.py:91] [Actor] Actor Episodes = 6803 | Actor Steps = 340150 | Delta Dist = 7.945 | Delta Dist 10 = 4.475 | Delta Dist 100 = 4.557 | Delta Dist 1000 = 4.240 | Episode Length = 50 | Episode Return = 27.0 | Evaluator Episodes = 1704 | Evaluator Steps = 85200 | Final Dist = 0.118 | Final Dist 10 = 0.898 | Final Dist 100 = 1.300 | Final Dist 1000 = 1.618 | Init Dist = 8.062 | Init Dist 10 = 5.373 | Init Dist 100 = 5.858 | Init Dist 1000 = 5.858 | Learner Steps = 5158 | Learner Walltime = 1007.836 | Min Dist = 0.069 | Min Dist 10 = 0.111 | Min Dist 100 = 0.118 | Min Dist 1000 = 0.227 | Steps Per Second = 91.184 | Success = 1.000 | Success 1000 = 0.990
I0502 15:23:05.451482 139579566835264 terminal.py:91] [Evaluator] Actor Episodes = 6812 | Actor Steps = 340600 | Delta Dist = 12.155 | Delta Dist 10 = 4.297 | Delta Dist 100 = 7.496 | Delta Dist 1000 = 9.489 | Episode Length = 50 | Episode Return = 15.0 | Evaluator Episodes = 1708 | Evaluator Steps = 85400 | Final Dist = 0.651 | Final Dist 10 = 8.509 | Final Dist 100 = 5.310 | Final Dist 1000 = 3.317 | Init Dist = 12.806 | Init Dist 10 = 12.806 | Init Dist 100 = 12.806 | Init Dist 1000 = 12.806 | Learner Steps = 5164 | Learner Walltime = 1008.959 | Min Dist = 0.442 | Min Dist 10 = 7.994 | Min Dist 100 = 4.654 | Min Dist 1000 = 2.620 | Steps Per Second = 87.058 | Success = 1.000 | Success 1000 = 0.699
I0502 15:23:05.962481 139557462840896 terminal.py:91] [Actor] Actor Episodes = 6813 | Actor Steps = 340650 | Delta Dist = 4.554 | Delta Dist 10 = 4.517 | Delta Dist 100 = 4.407 | Delta Dist 1000 = 4.231 | Episode Length = 50 | Episode Return = 34.0 | Evaluator Episodes = 1706 | Evaluator Steps = 85300 | Final Dist = 1.277 | Final Dist 10 = 1.795 | Final Dist 100 = 1.382 | Final Dist 1000 = 1.628 | Init Dist = 5.831 | Init Dist 10 = 6.312 | Init Dist 100 = 5.789 | Init Dist 1000 = 5.859 | Learner Steps = 5164 | Learner Walltime = 1008.959 | Min Dist = 0.508 | Min Dist 10 = 0.059 | Min Dist 100 = 0.112 | Min Dist 1000 = 0.226 | Steps Per Second = 91.719 | Success = 1.000 | Success 1000 = 0.990
I0502 15:23:06.493038 139584504182336 lp_utils.py:96] StepsLimiter: Reached 340900 recorded steps
I0502 15:23:06.567005 139579566835264 terminal.py:91] [Evaluator] Actor Episodes = 6818 | Actor Steps = 340900 | Delta Dist = 8.593 | Delta Dist 10 = 6.374 | Delta Dist 100 = 7.690 | Delta Dist 1000 = 9.489 | Episode Length = 50 | Episode Return = 0.0 | Evaluator Episodes = 1710 | Evaluator Steps = 85500 | Final Dist = 4.213 | Final Dist 10 = 6.432 | Final Dist 100 = 5.116 | Final Dist 1000 = 3.317 | Init Dist = 12.806 | Init Dist 10 = 12.806 | Init Dist 100 = 12.806 | Init Dist 1000 = 12.806 | Learner Steps = 5170 | Learner Walltime = 1010.062 | Min Dist = 4.197 | Min Dist 10 = 5.991 | Min Dist 100 = 4.453 | Min Dist 1000 = 2.621 | Steps Per Second = 93.305 | Success = 0.000 | Success 1000 = 0.699
I0502 15:23:07.436581 139555860620864 terminal.py:91] [Actor] Actor Episodes = 6821 | Actor Steps = 341050 | Delta Dist = 2.946 | Delta Dist 10 = 3.481 | Delta Dist 100 = 4.314 | Delta Dist 1000 = 4.222 | Episode Length = 50 | Episode Return = 36.0 | Evaluator Episodes = 1710 | Evaluator Steps = 85500 | Final Dist = 1.177 | Final Dist 10 = 3.078 | Final Dist 100 = 1.530 | Final Dist 1000 = 1.645 | Init Dist = 4.123 | Init Dist 10 = 6.559 | Init Dist 100 = 5.845 | Init Dist 1000 = 5.867 | Learner Steps = 5170 | Learner Walltime = 1010.062 | Min Dist = 0.080 | Min Dist 10 = 0.149 | Min Dist 100 = 0.120 | Min Dist 1000 = 0.227 | Steps Per Second = 80.707 | Success = 1.000 | Success 1000 = 0.990
I0502 15:23:07.772959 139579566835264 terminal.py:91] [Evaluator] Actor Episodes = 6827 | Actor Steps = 341350 | Delta Dist = 11.480 | Delta Dist 10 = 6.398 | Delta Dist 100 = 7.685 | Delta Dist 1000 = 9.479 | Episode Length = 50 | Episode Return = 20.0 | Evaluator Episodes = 1712 | Evaluator Steps = 85600 | Final Dist = 1.326 | Final Dist 10 = 6.409 | Final Dist 100 = 5.122 | Final Dist 1000 = 3.327 | Init Dist = 12.806 | Init Dist 10 = 12.806 | Init Dist 100 = 12.806 | Init Dist 1000 = 12.806 | Learner Steps = 5176 | Learner Walltime = 1011.265 | Min Dist = 0.178 | Min Dist 10 = 6.076 | Min Dist 100 = 4.463 | Min Dist 1000 = 2.632 | Steps Per Second = 97.984 | Success = 1.000 | Success 1000 = 0.697
I0502 15:23:08.089320 139558059398720 terminal.py:91] [Actor] Actor Episodes = 6826 | Actor Steps = 341300 | Delta Dist = 8.666 | Delta Dist 10 = 2.518 | Delta Dist 100 = 4.079 | Delta Dist 1000 = 4.216 | Episode Length = 50 | Episode Return = 39.0 | Evaluator Episodes = 1710 | Evaluator Steps = 85500 | Final Dist = 0.553 | Final Dist 10 = 2.701 | Final Dist 100 = 1.516 | Final Dist 1000 = 1.644 | Init Dist = 9.220 | Init Dist 10 = 5.219 | Init Dist 100 = 5.595 | Init Dist 1000 = 5.860 | Learner Steps = 5176 | Learner Walltime = 1011.265 | Min Dist = 0.133 | Min Dist 10 = 0.082 | Min Dist 100 = 0.120 | Min Dist 1000 = 0.227 | Steps Per Second = 92.673 | Success = 1.000 | Success 1000 = 0.990
I0502 15:23:08.913494 139579566835264 terminal.py:91] [Evaluator] Actor Episodes = 6835 | Actor Steps = 341750 | Delta Dist = 12.199 | Delta Dist 10 = 8.409 | Delta Dist 100 = 7.783 | Delta Dist 1000 = 9.480 | Episode Length = 50 | Episode Return = 14.0 | Evaluator Episodes = 1714 | Evaluator Steps = 85700 | Final Dist = 0.607 | Final Dist 10 = 4.397 | Final Dist 100 = 5.023 | Final Dist 1000 = 3.326 | Init Dist = 12.806 | Init Dist 10 = 12.806 | Init Dist 100 = 12.806 | Init Dist 1000 = 12.806 | Learner Steps = 5182 | Learner Walltime = 1012.296 | Min Dist = 0.495 | Min Dist 10 = 3.990 | Min Dist 100 = 4.355 | Min Dist 1000 = 2.631 | Steps Per Second = 85.655 | Success = 1.000 | Success 1000 = 0.698
I0502 15:23:10.088253 139579566835264 terminal.py:91] [Evaluator] Actor Episodes = 6843 | Actor Steps = 342150 | Delta Dist = 11.417 | Delta Dist 10 = 10.473 | Delta Dist 100 = 7.793 | Delta Dist 1000 = 9.481 | Episode Length = 50 | Episode Return = 10.0 | Evaluator Episodes = 1716 | Evaluator Steps = 85800 | Final Dist = 1.389 | Final Dist 10 = 2.333 | Final Dist 100 = 5.014 | Final Dist 1000 = 3.325 | Init Dist = 12.806 | Init Dist 10 = 12.806 | Init Dist 100 = 12.806 | Init Dist 1000 = 12.806 | Learner Steps = 5188 | Learner Walltime = 1013.490 | Min Dist = 0.341 | Min Dist 10 = 2.003 | Min Dist 100 = 4.361 | Min Dist 1000 = 2.631 | Steps Per Second = 88.823 | Success = 1.000 | Success 1000 = 0.698
I0502 15:23:11.347765 139579566835264 terminal.py:91] [Evaluator] Actor Episodes = 6851 | Actor Steps = 342550 | Delta Dist = 11.564 | Delta Dist 10 = 10.980 | Delta Dist 100 = 7.916 | Delta Dist 1000 = 9.482 | Episode Length = 50 | Episode Return = 14.0 | Evaluator Episodes = 1718 | Evaluator Steps = 85900 | Final Dist = 1.242 | Final Dist 10 = 1.826 | Final Dist 100 = 4.890 | Final Dist 1000 = 3.324 | Init Dist = 12.806 | Init Dist 10 = 12.806 | Init Dist 100 = 12.806 | Init Dist 1000 = 12.806 | Learner Steps = 5195 | Learner Walltime = 1014.705 | Min Dist = 0.461 | Min Dist 10 = 1.463 | Min Dist 100 = 4.261 | Min Dist 1000 = 2.629 | Steps Per Second = 79.327 | Success = 1.000 | Success 1000 = 0.699
I0502 15:23:12.530115 139579566835264 terminal.py:91] [Evaluator] Actor Episodes = 6859 | Actor Steps = 342950 | Delta Dist = 11.464 | Delta Dist 10 = 10.870 | Delta Dist 100 = 8.010 | Delta Dist 1000 = 9.485 | Episode Length = 50 | Episode Return = 2.0 | Evaluator Episodes = 1720 | Evaluator Steps = 86000 | Final Dist = 1.342 | Final Dist 10 = 1.936 | Final Dist 100 = 4.797 | Final Dist 1000 = 3.321 | Init Dist = 12.806 | Init Dist 10 = 12.806 | Init Dist 100 = 12.806 | Init Dist 1000 = 12.806 | Learner Steps = 5201 | Learner Walltime = 1015.997 | Min Dist = 0.662 | Min Dist 10 = 1.455 | Min Dist 100 = 4.161 | Min Dist 1000 = 2.625 | Steps Per Second = 96.131 | Success = 1.000 | Success 1000 = 0.700
I0502 15:23:13.210681 139555013154368 terminal.py:91] [Learner] Actor Episodes = 6861 | Actor Loss = 3.6849875450134277 | Actor Steps = 343050 | Binary Accuracy = 0.9958562850952148 | Categorical Accuracy = 0.3890380859375 | Critic Loss = 2.1276373863220215 | Entropy Mean = -16.886404037475586 | Evaluator Episodes = 1720 | Evaluator Steps = 86000 | Learner Steps = 5209 | Learner Walltime = 1017.411 | Logits Neg = -15.336874008178711 | Logits Pos = -2.0928425788879395 | Logsumexp = 1.519700527191162 | Steps Per Second = 386.981
I0502 15:23:13.631788 139579566835264 terminal.py:91] [Evaluator] Actor Episodes = 6865 | Actor Steps = 343250 | Delta Dist = 12.038 | Delta Dist 10 = 10.806 | Delta Dist 100 = 8.011 | Delta Dist 1000 = 9.475 | Episode Length = 50 | Episode Return = 23.0 | Evaluator Episodes = 1722 | Evaluator Steps = 86100 | Final Dist = 0.769 | Final Dist 10 = 2.000 | Final Dist 100 = 4.795 | Final Dist 1000 = 3.331 | Init Dist = 12.806 | Init Dist 10 = 12.806 | Init Dist 100 = 12.806 | Init Dist 1000 = 12.806 | Learner Steps = 5207 | Learner Walltime = 1017.070 | Min Dist = 0.093 | Min Dist 10 = 1.393 | Min Dist 100 = 4.164 | Min Dist 1000 = 2.635 | Steps Per Second = 89.210 | Success = 1.000 | Success 1000 = 0.699
I0502 15:23:14.825582 139579566835264 terminal.py:91] [Evaluator] Actor Episodes = 6873 | Actor Steps = 343650 | Delta Dist = 11.426 | Delta Dist 10 = 9.786 | Delta Dist 100 = 8.005 | Delta Dist 1000 = 9.465 | Episode Length = 50 | Episode Return = 10.0 | Evaluator Episodes = 1724 | Evaluator Steps = 86200 | Final Dist = 1.380 | Final Dist 10 = 3.020 | Final Dist 100 = 4.801 | Final Dist 1000 = 3.341 | Init Dist = 12.806 | Init Dist 10 = 12.806 | Init Dist 100 = 12.806 | Init Dist 1000 = 12.806 | Learner Steps = 5214 | Learner Walltime = 1018.343 | Min Dist = 0.353 | Min Dist 10 = 2.432 | Min Dist 100 = 4.162 | Min Dist 1000 = 2.646 | Steps Per Second = 82.314 | Success = 1.000 | Success 1000 = 0.698
I0502 15:23:14.938192 139569349502528 terminal.py:91] [Actor] Actor Episodes = 6875 | Actor Steps = 343750 | Delta Dist = 8.716 | Delta Dist 10 = 3.877 | Delta Dist 100 = 4.022 | Delta Dist 1000 = 4.223 | Episode Length = 50 | Episode Return = 30.0 | Evaluator Episodes = 1724 | Evaluator Steps = 86200 | Final Dist = 0.339 | Final Dist 10 = 1.865 | Final Dist 100 = 1.660 | Final Dist 1000 = 1.646 | Init Dist = 9.055 | Init Dist 10 = 5.742 | Init Dist 100 = 5.682 | Init Dist 1000 = 5.868 | Learner Steps = 5214 | Learner Walltime = 1018.343 | Min Dist = 0.065 | Min Dist 10 = 0.585 | Min Dist 100 = 0.144 | Min Dist 1000 = 0.232 | Steps Per Second = 77.095 | Success = 1.000 | Success 1000 = 0.989
I0502 15:23:15.999962 139557462840896 terminal.py:91] [Actor] Actor Episodes = 6880 | Actor Steps = 344000 | Delta Dist = 7.778 | Delta Dist 10 = 4.885 | Delta Dist 100 = 4.014 | Delta Dist 1000 = 4.215 | Episode Length = 50 | Episode Return = 21.0 | Evaluator Episodes = 1724 | Evaluator Steps = 86200 | Final Dist = 0.824 | Final Dist 10 = 1.265 | Final Dist 100 = 1.734 | Final Dist 1000 = 1.646 | Init Dist = 8.602 | Init Dist 10 = 6.150 | Init Dist 100 = 5.748 | Init Dist 1000 = 5.861 | Learner Steps = 5220 | Learner Walltime = 1019.558 | Min Dist = 0.137 | Min Dist 10 = 0.060 | Min Dist 100 = 0.143 | Min Dist 1000 = 0.232 | Steps Per Second = 87.519 | Success = 1.000 | Success 1000 = 0.989
I0502 15:23:16.010488 139579566835264 terminal.py:91] [Evaluator] Actor Episodes = 6881 | Actor Steps = 344050 | Delta Dist = 2.435 | Delta Dist 10 = 9.394 | Delta Dist 100 = 8.103 | Delta Dist 1000 = 9.463 | Episode Length = 50 | Episode Return = 0.0 | Evaluator Episodes = 1726 | Evaluator Steps = 86300 | Final Dist = 10.371 | Final Dist 10 = 3.412 | Final Dist 100 = 4.704 | Final Dist 1000 = 3.344 | Init Dist = 12.806 | Init Dist 10 = 12.806 | Init Dist 100 = 12.806 | Init Dist 1000 = 12.806 | Learner Steps = 5220 | Learner Walltime = 1019.558 | Min Dist = 10.309 | Min Dist 10 = 2.565 | Min Dist 100 = 4.041 | Min Dist 1000 = 2.647 | Steps Per Second = 93.365 | Success = 0.000 | Success 1000 = 0.697
I0502 15:23:16.510596 139584504182336 lp_utils.py:96] StepsLimiter: Reached 344250 recorded steps
I0502 15:23:17.190998 139579566835264 terminal.py:91] [Evaluator] Actor Episodes = 6889 | Actor Steps = 344450 | Delta Dist = 11.470 | Delta Dist 10 = 7.498 | Delta Dist 100 = 8.117 | Delta Dist 1000 = 9.443 | Episode Length = 50 | Episode Return = 15.0 | Evaluator Episodes = 1728 | Evaluator Steps = 86400 | Final Dist = 1.336 | Final Dist 10 = 5.308 | Final Dist 100 = 4.689 | Final Dist 1000 = 3.363 | Init Dist = 12.806 | Init Dist 10 = 12.806 | Init Dist 100 = 12.806 | Init Dist 1000 = 12.806 | Learner Steps = 5226 | Learner Walltime = 1020.744 | Min Dist = 0.379 | Min Dist 10 = 4.568 | Min Dist 100 = 4.037 | Min Dist 1000 = 2.668 | Steps Per Second = 86.592 | Success = 1.000 | Success 1000 = 0.695
I0502 15:23:17.979452 139555860620864 terminal.py:91] [Actor] Actor Episodes = 6894 | Actor Steps = 344700 | Delta Dist = 3.317 | Delta Dist 10 = 4.545 | Delta Dist 100 = 4.049 | Delta Dist 1000 = 4.212 | Episode Length = 50 | Episode Return = 21.0 | Evaluator Episodes = 1728 | Evaluator Steps = 86400 | Final Dist = 0.806 | Final Dist 10 = 0.754 | Final Dist 100 = 1.575 | Final Dist 1000 = 1.630 | Init Dist = 4.123 | Init Dist 10 = 5.298 | Init Dist 100 = 5.624 | Init Dist 1000 = 5.843 | Learner Steps = 5226 | Learner Walltime = 1020.744 | Min Dist = 0.074 | Min Dist 10 = 0.096 | Min Dist 100 = 0.143 | Min Dist 1000 = 0.232 | Steps Per Second = 81.930 | Success = 1.000 | Success 1000 = 0.989
I0502 15:23:18.257886 139558059398720 terminal.py:91] [Actor] Actor Episodes = 6897 | Actor Steps = 344850 | Delta Dist = 11.680 | Delta Dist 10 = 4.126 | Delta Dist 100 = 4.073 | Delta Dist 1000 = 4.210 | Episode Length = 50 | Episode Return = 45.0 | Evaluator Episodes = 1728 | Evaluator Steps = 86400 | Final Dist = 0.526 | Final Dist 10 = 0.823 | Final Dist 100 = 1.582 | Final Dist 1000 = 1.629 | Init Dist = 12.207 | Init Dist 10 = 4.949 | Init Dist 100 = 5.655 | Init Dist 1000 = 5.839 | Learner Steps = 5233 | Learner Walltime = 1022.003 | Min Dist = 0.133 | Min Dist 10 = 0.099 | Min Dist 100 = 0.143 | Min Dist 1000 = 0.232 | Steps Per Second = 88.137 | Success = 1.000 | Success 1000 = 0.989
I0502 15:23:18.397819 139579566835264 terminal.py:91] [Evaluator] Actor Episodes = 6897 | Actor Steps = 344850 | Delta Dist = 2.281 | Delta Dist 10 = 6.586 | Delta Dist 100 = 8.126 | Delta Dist 1000 = 9.437 | Episode Length = 50 | Episode Return = 0.0 | Evaluator Episodes = 1730 | Evaluator Steps = 86500 | Final Dist = 10.526 | Final Dist 10 = 6.220 | Final Dist 100 = 4.680 | Final Dist 1000 = 3.369 | Init Dist = 12.806 | Init Dist 10 = 12.806 | Init Dist 100 = 12.806 | Init Dist 1000 = 12.806 | Learner Steps = 5233 | Learner Walltime = 1022.003 | Min Dist = 10.481 | Min Dist 10 = 5.579 | Min Dist 100 = 4.038 | Min Dist 1000 = 2.674 | Steps Per Second = 89.299 | Success = 0.000 | Success 1000 = 0.695
I0502 15:23:19.526491 139579566835264 terminal.py:91] [Evaluator] Actor Episodes = 6905 | Actor Steps = 345250 | Delta Dist = 11.648 | Delta Dist 10 = 6.698 | Delta Dist 100 = 8.046 | Delta Dist 1000 = 9.427 | Episode Length = 50 | Episode Return = 0.0 | Evaluator Episodes = 1732 | Evaluator Steps = 86600 | Final Dist = 1.158 | Final Dist 10 = 6.108 | Final Dist 100 = 4.761 | Final Dist 1000 = 3.379 | Init Dist = 12.806 | Init Dist 10 = 12.806 | Init Dist 100 = 12.806 | Init Dist 1000 = 12.806 | Learner Steps = 5239 | Learner Walltime = 1023.106 | Min Dist = 1.158 | Min Dist 10 = 5.583 | Min Dist 100 = 4.142 | Min Dist 1000 = 2.685 | Steps Per Second = 87.507 | Success = 0.000 | Success 1000 = 0.694
I0502 15:23:20.653507 139579566835264 terminal.py:91] [Evaluator] Actor Episodes = 6913 | Actor Steps = 345650 | Delta Dist = 12.276 | Delta Dist 10 = 7.638 | Delta Dist 100 = 8.065 | Delta Dist 1000 = 9.426 | Episode Length = 50 | Episode Return = 10.0 | Evaluator Episodes = 1734 | Evaluator Steps = 86700 | Final Dist = 0.530 | Final Dist 10 = 5.168 | Final Dist 100 = 4.741 | Final Dist 1000 = 3.380 | Init Dist = 12.806 | Init Dist 10 = 12.806 | Init Dist 100 = 12.806 | Init Dist 1000 = 12.806 | Learner Steps = 5245 | Learner Walltime = 1024.151 | Min Dist = 0.140 | Min Dist 10 = 4.647 | Min Dist 100 = 4.112 | Min Dist 1000 = 2.686 | Steps Per Second = 88.567 | Success = 1.000 | Success 1000 = 0.693
I0502 15:23:21.761182 139579566835264 terminal.py:91] [Evaluator] Actor Episodes = 6921 | Actor Steps = 346050 | Delta Dist = 12.343 | Delta Dist 10 = 7.957 | Delta Dist 100 = 8.168 | Delta Dist 1000 = 9.426 | Episode Length = 50 | Episode Return = 17.0 | Evaluator Episodes = 1736 | Evaluator Steps = 86800 | Final Dist = 0.463 | Final Dist 10 = 4.850 | Final Dist 100 = 4.638 | Final Dist 1000 = 3.381 | Init Dist = 12.806 | Init Dist 10 = 12.806 | Init Dist 100 = 12.806 | Init Dist 1000 = 12.806 | Learner Steps = 5251 | Learner Walltime = 1025.256 | Min Dist = 0.384 | Min Dist 10 = 4.466 | Min Dist 100 = 4.010 | Min Dist 1000 = 2.687 | Steps Per Second = 94.973 | Success = 1.000 | Success 1000 = 0.693
I0502 15:23:23.002884 139579566835264 terminal.py:91] [Evaluator] Actor Episodes = 6929 | Actor Steps = 346450 | Delta Dist = 7.648 | Delta Dist 10 = 9.729 | Delta Dist 100 = 8.250 | Delta Dist 1000 = 9.423 | Episode Length = 50 | Episode Return = 0.0 | Evaluator Episodes = 1738 | Evaluator Steps = 86900 | Final Dist = 5.158 | Final Dist 10 = 3.077 | Final Dist 100 = 4.556 | Final Dist 1000 = 3.383 | Init Dist = 12.806 | Init Dist 10 = 12.806 | Init Dist 100 = 12.806 | Init Dist 1000 = 12.806 | Learner Steps = 5257 | Learner Walltime = 1026.367 | Min Dist = 4.573 | Min Dist 10 = 2.570 | Min Dist 100 = 3.922 | Min Dist 1000 = 2.688 | Steps Per Second = 85.037 | Success = 0.000 | Success 1000 = 0.692
I0502 15:23:23.282470 139555013154368 terminal.py:91] [Learner] Actor Episodes = 6933 | Actor Loss = 3.7268593311309814 | Actor Steps = 346650 | Binary Accuracy = 0.9959752559661865 | Categorical Accuracy = 0.3961181640625 | Critic Loss = 2.0701043605804443 | Entropy Mean = -17.505020141601562 | Evaluator Episodes = 1738 | Evaluator Steps = 86900 | Learner Steps = 5262 | Learner Walltime = 1027.470 | Logits Neg = -16.029834747314453 | Logits Pos = -2.0498499870300293 | Logsumexp = 1.2293106317520142 | Steps Per Second = 161.862
I0502 15:23:24.197323 139579566835264 terminal.py:91] [Evaluator] Actor Episodes = 6937 | Actor Steps = 346850 | Delta Dist = 5.484 | Delta Dist 10 = 9.351 | Delta Dist 100 = 8.309 | Delta Dist 1000 = 9.409 | Episode Length = 50 | Episode Return = 0.0 | Evaluator Episodes = 1740 | Evaluator Steps = 87000 | Final Dist = 7.322 | Final Dist 10 = 3.455 | Final Dist 100 = 4.497 | Final Dist 1000 = 3.397 | Init Dist = 12.806 | Init Dist 10 = 12.806 | Init Dist 100 = 12.806 | Init Dist 1000 = 12.806 | Learner Steps = 5262 | Learner Walltime = 1027.470 | Min Dist = 7.322 | Min Dist 10 = 2.989 | Min Dist 100 = 3.862 | Min Dist 1000 = 2.702 | Steps Per Second = 90.183 | Success = 0.000 | Success 1000 = 0.690
I0502 15:23:24.984745 139569349502528 terminal.py:91] [Actor] Actor Episodes = 6942 | Actor Steps = 347100 | Delta Dist = 2.516 | Delta Dist 10 = 4.878 | Delta Dist 100 = 4.424 | Delta Dist 1000 = 4.241 | Episode Length = 50 | Episode Return = 38.0 | Evaluator Episodes = 1740 | Evaluator Steps = 87000 | Final Dist = 0.647 | Final Dist 10 = 0.646 | Final Dist 100 = 1.192 | Final Dist 1000 = 1.628 | Init Dist = 3.162 | Init Dist 10 = 5.523 | Init Dist 100 = 5.616 | Init Dist 1000 = 5.870 | Learner Steps = 5262 | Learner Walltime = 1027.470 | Min Dist = 0.647 | Min Dist 10 = 0.201 | Min Dist 100 = 0.158 | Min Dist 1000 = 0.227 | Steps Per Second = 79.452 | Success = 1.000 | Success 1000 = 0.988
I0502 15:23:25.442685 139579566835264 terminal.py:91] [Evaluator] Actor Episodes = 6945 | Actor Steps = 347250 | Delta Dist = 12.006 | Delta Dist 10 = 9.618 | Delta Dist 100 = 8.239 | Delta Dist 1000 = 9.403 | Episode Length = 50 | Episode Return = 24.0 | Evaluator Episodes = 1742 | Evaluator Steps = 87100 | Final Dist = 0.800 | Final Dist 10 = 3.189 | Final Dist 100 = 4.568 | Final Dist 1000 = 3.403 | Init Dist = 12.806 | Init Dist 10 = 12.806 | Init Dist 100 = 12.806 | Init Dist 1000 = 12.806 | Learner Steps = 5268 | Learner Walltime = 1028.635 | Min Dist = 0.589 | Min Dist 10 = 2.616 | Min Dist 100 = 3.935 | Min Dist 1000 = 2.708 | Steps Per Second = 80.667 | Success = 1.000 | Success 1000 = 0.690
I0502 15:23:26.243710 139557462840896 terminal.py:91] [Actor] Actor Episodes = 6951 | Actor Steps = 347550 | Delta Dist = 1.128 | Delta Dist 10 = 3.543 | Delta Dist 100 = 4.328 | Delta Dist 1000 = 4.229 | Episode Length = 50 | Episode Return = 50.0 | Evaluator Episodes = 1742 | Evaluator Steps = 87100 | Final Dist = 2.996 | Final Dist 10 = 1.019 | Final Dist 100 = 1.223 | Final Dist 1000 = 1.627 | Init Dist = 4.123 | Init Dist 10 = 4.562 | Init Dist 100 = 5.551 | Init Dist 1000 = 5.856 | Learner Steps = 5275 | Learner Walltime = 1029.935 | Min Dist = 0.113 | Min Dist 10 = 0.121 | Min Dist 100 = 0.163 | Min Dist 1000 = 0.227 | Steps Per Second = 79.138 | Success = 1.000 | Success 1000 = 0.988
I0502 15:23:26.527704 139584504182336 lp_utils.py:96] StepsLimiter: Reached 347650 recorded steps
I0502 15:23:26.617684 139579566835264 terminal.py:91] [Evaluator] Actor Episodes = 6955 | Actor Steps = 347750 | Delta Dist = 9.074 | Delta Dist 10 = 9.745 | Delta Dist 100 = 8.437 | Delta Dist 1000 = 9.404 | Episode Length = 50 | Episode Return = 14.0 | Evaluator Episodes = 1744 | Evaluator Steps = 87200 | Final Dist = 3.732 | Final Dist 10 = 3.061 | Final Dist 100 = 4.369 | Final Dist 1000 = 3.403 | Init Dist = 12.806 | Init Dist 10 = 12.806 | Init Dist 100 = 12.806 | Init Dist 1000 = 12.806 | Learner Steps = 5275 | Learner Walltime = 1029.935 | Min Dist = 0.247 | Min Dist 10 = 2.561 | Min Dist 100 = 3.732 | Min Dist 1000 = 2.708 | Steps Per Second = 86.036 | Success = 1.000 | Success 1000 = 0.690
I0502 15:23:27.750734 139579566835264 terminal.py:91] [Evaluator] Actor Episodes = 6961 | Actor Steps = 348050 | Delta Dist = 2.025 | Delta Dist 10 = 9.425 | Delta Dist 100 = 8.601 | Delta Dist 1000 = 9.401 | Episode Length = 50 | Episode Return = 0.0 | Evaluator Episodes = 1746 | Evaluator Steps = 87300 | Final Dist = 10.781 | Final Dist 10 = 3.381 | Final Dist 100 = 4.206 | Final Dist 1000 = 3.405 | Init Dist = 12.806 | Init Dist 10 = 12.806 | Init Dist 100 = 12.806 | Init Dist 1000 = 12.806 | Learner Steps = 5282 | Learner Walltime = 1031.179 | Min Dist = 10.643 | Min Dist 10 = 2.581 | Min Dist 100 = 3.532 | Min Dist 1000 = 2.709 | Steps Per Second = 82.031 | Success = 0.000 | Success 1000 = 0.690
I0502 15:23:28.122540 139555860620864 terminal.py:91] [Actor] Actor Episodes = 6965 | Actor Steps = 348250 | Delta Dist = 7.019 | Delta Dist 10 = 3.681 | Delta Dist 100 = 4.264 | Delta Dist 1000 = 4.229 | Episode Length = 50 | Episode Return = 43.0 | Evaluator Episodes = 1746 | Evaluator Steps = 87300 | Final Dist = 1.043 | Final Dist 10 = 1.494 | Final Dist 100 = 1.228 | Final Dist 1000 = 1.618 | Init Dist = 8.062 | Init Dist 10 = 5.175 | Init Dist 100 = 5.492 | Init Dist 1000 = 5.847 | Learner Steps = 5282 | Learner Walltime = 1031.179 | Min Dist = 0.359 | Min Dist 10 = 0.116 | Min Dist 100 = 0.172 | Min Dist 1000 = 0.227 | Steps Per Second = 79.190 | Success = 1.000 | Success 1000 = 0.988
I0502 15:23:28.827351 139583350109760 savers.py:156] Saving checkpoint: logs/contrastive_cpc_point_FourRooms_64/5dd72662-2788-11f0-b183-d85ed38c5779/checkpoints/learner
I0502 15:23:28.854768 139558059398720 terminal.py:91] [Actor] Actor Episodes = 6969 | Actor Steps = 348450 | Delta Dist = 1.006 | Delta Dist 10 = 4.071 | Delta Dist 100 = 4.242 | Delta Dist 1000 = 4.215 | Episode Length = 50 | Episode Return = 32.0 | Evaluator Episodes = 1746 | Evaluator Steps = 87300 | Final Dist = 1.230 | Final Dist 10 = 0.849 | Final Dist 100 = 1.202 | Final Dist 1000 = 1.621 | Init Dist = 2.236 | Init Dist 10 = 4.919 | Init Dist 100 = 5.445 | Init Dist 1000 = 5.836 | Learner Steps = 5287 | Learner Walltime = 1032.425 | Min Dist = 0.020 | Min Dist 10 = 0.084 | Min Dist 100 = 0.172 | Min Dist 1000 = 0.227 | Steps Per Second = 79.508 | Success = 1.000 | Success 1000 = 0.988
I0502 15:23:28.956550 139579566835264 terminal.py:91] [Evaluator] Actor Episodes = 6969 | Actor Steps = 348450 | Delta Dist = 12.066 | Delta Dist 10 = 8.577 | Delta Dist 100 = 8.508 | Delta Dist 1000 = 9.395 | Episode Length = 50 | Episode Return = 20.0 | Evaluator Episodes = 1748 | Evaluator Steps = 87400 | Final Dist = 0.740 | Final Dist 10 = 4.229 | Final Dist 100 = 4.298 | Final Dist 1000 = 3.412 | Init Dist = 12.806 | Init Dist 10 = 12.806 | Init Dist 100 = 12.806 | Init Dist 1000 = 12.806 | Learner Steps = 5287 | Learner Walltime = 1032.425 | Min Dist = 0.152 | Min Dist 10 = 3.482 | Min Dist 100 = 3.635 | Min Dist 1000 = 2.716 | Steps Per Second = 82.167 | Success = 1.000 | Success 1000 = 0.690
I0502 15:23:30.207006 139579566835264 terminal.py:91] [Evaluator] Actor Episodes = 6979 | Actor Steps = 348950 | Delta Dist = 9.079 | Delta Dist 10 = 9.040 | Delta Dist 100 = 8.582 | Delta Dist 1000 = 9.384 | Episode Length = 50 | Episode Return = 3.0 | Evaluator Episodes = 1750 | Evaluator Steps = 87500 | Final Dist = 3.727 | Final Dist 10 = 3.766 | Final Dist 100 = 4.224 | Final Dist 1000 = 3.422 | Init Dist = 12.806 | Init Dist 10 = 12.806 | Init Dist 100 = 12.806 | Init Dist 1000 = 12.806 | Learner Steps = 5291 | Learner Walltime = 1033.680 | Min Dist = 0.628 | Min Dist 10 = 3.018 | Min Dist 100 = 3.566 | Min Dist 1000 = 2.726 | Steps Per Second = 93.890 | Success = 1.000 | Success 1000 = 0.689
I0502 15:23:31.276501 139579566835264 terminal.py:91] [Evaluator] Actor Episodes = 6985 | Actor Steps = 349250 | Delta Dist = 11.414 | Delta Dist 10 = 8.477 | Delta Dist 100 = 8.490 | Delta Dist 1000 = 9.372 | Episode Length = 50 | Episode Return = 9.0 | Evaluator Episodes = 1752 | Evaluator Steps = 87600 | Final Dist = 1.393 | Final Dist 10 = 4.329 | Final Dist 100 = 4.317 | Final Dist 1000 = 3.435 | Init Dist = 12.806 | Init Dist 10 = 12.806 | Init Dist 100 = 12.806 | Init Dist 1000 = 12.806 | Learner Steps = 5300 | Learner Walltime = 1034.888 | Min Dist = 0.152 | Min Dist 10 = 3.379 | Min Dist 100 = 3.660 | Min Dist 1000 = 2.736 | Steps Per Second = 95.438 | Success = 1.000 | Success 1000 = 0.688
I0502 15:23:32.456170 139579566835264 terminal.py:91] [Evaluator] Actor Episodes = 6992 | Actor Steps = 349600 | Delta Dist = 2.047 | Delta Dist 10 = 8.328 | Delta Dist 100 = 8.476 | Delta Dist 1000 = 9.370 | Episode Length = 50 | Episode Return = 0.0 | Evaluator Episodes = 1754 | Evaluator Steps = 87700 | Final Dist = 10.759 | Final Dist 10 = 4.479 | Final Dist 100 = 4.331 | Final Dist 1000 = 3.437 | Init Dist = 12.806 | Init Dist 10 = 12.806 | Init Dist 100 = 12.806 | Init Dist 1000 = 12.806 | Learner Steps = 5306 | Learner Walltime = 1035.962 | Min Dist = 10.544 | Min Dist 10 = 3.401 | Min Dist 100 = 3.663 | Min Dist 1000 = 2.737 | Steps Per Second = 90.740 | Success = 0.000 | Success 1000 = 0.688
I0502 15:23:33.621239 139555013154368 terminal.py:91] [Learner] Actor Episodes = 6996 | Actor Loss = 3.593501567840576 | Actor Steps = 349800 | Binary Accuracy = 0.9959828853607178 | Categorical Accuracy = 0.41461181640625 | Critic Loss = 2.0357155799865723 | Entropy Mean = -13.705631256103516 | Evaluator Episodes = 1754 | Evaluator Steps = 87700 | Learner Steps = 5316 | Learner Walltime = 1037.812 | Logits Neg = -15.919836044311523 | Logits Pos = -2.0145201683044434 | Logsumexp = 1.2780472040176392 | Steps Per Second = 150.892
I0502 15:23:33.676737 139579566835264 terminal.py:91] [Evaluator] Actor Episodes = 7002 | Actor Steps = 350100 | Delta Dist = 2.520 | Delta Dist 10 = 7.630 | Delta Dist 100 = 8.494 | Delta Dist 1000 = 9.360 | Episode Length = 50 | Episode Return = 0.0 | Evaluator Episodes = 1756 | Evaluator Steps = 87800 | Final Dist = 10.286 | Final Dist 10 = 5.176 | Final Dist 100 = 4.313 | Final Dist 1000 = 3.446 | Init Dist = 12.806 | Init Dist 10 = 12.806 | Init Dist 100 = 12.806 | Init Dist 1000 = 12.806 | Learner Steps = 5313 | Learner Walltime = 1037.212 | Min Dist = 10.286 | Min Dist 10 = 4.520 | Min Dist 100 = 3.673 | Min Dist 1000 = 2.748 | Steps Per Second = 77.733 | Success = 0.000 | Success 1000 = 0.686
I0502 15:23:34.048114 139584635659840 savers.py:156] Saving checkpoint: logs/contrastive_cpc_point_FourRooms_64/5dd72662-2788-11f0-b183-d85ed38c5779/checkpoints/counter
I0502 15:23:34.913614 139579566835264 terminal.py:91] [Evaluator] Actor Episodes = 7010 | Actor Steps = 350500 | Delta Dist = 2.466 | Delta Dist 10 = 6.723 | Delta Dist 100 = 8.309 | Delta Dist 1000 = 9.342 | Episode Length = 50 | Episode Return = 0.0 | Evaluator Episodes = 1758 | Evaluator Steps = 87900 | Final Dist = 10.340 | Final Dist 10 = 6.083 | Final Dist 100 = 4.497 | Final Dist 1000 = 3.464 | Init Dist = 12.806 | Init Dist 10 = 12.806 | Init Dist 100 = 12.806 | Init Dist 1000 = 12.806 | Learner Steps = 5319 | Learner Walltime = 1038.344 | Min Dist = 10.276 | Min Dist 10 = 5.497 | Min Dist 100 = 3.875 | Min Dist 1000 = 2.768 | Steps Per Second = 81.005 | Success = 0.000 | Success 1000 = 0.684
I0502 15:23:35.372512 139569349502528 terminal.py:91] [Actor] Actor Episodes = 7014 | Actor Steps = 350700 | Delta Dist = 3.572 | Delta Dist 10 = 4.106 | Delta Dist 100 = 4.357 | Delta Dist 1000 = 4.226 | Episode Length = 50 | Episode Return = 48.0 | Evaluator Episodes = 1758 | Evaluator Steps = 87900 | Final Dist = 0.428 | Final Dist 10 = 1.470 | Final Dist 100 = 1.275 | Final Dist 1000 = 1.619 | Init Dist = 4.000 | Init Dist 10 = 5.575 | Init Dist 100 = 5.632 | Init Dist 1000 = 5.845 | Learner Steps = 5325 | Learner Walltime = 1039.564 | Min Dist = 0.042 | Min Dist 10 = 0.042 | Min Dist 100 = 0.140 | Min Dist 1000 = 0.211 | Steps Per Second = 81.491 | Success = 1.000 | Success 1000 = 0.987
I0502 15:23:36.098020 139579566835264 terminal.py:91] [Evaluator] Actor Episodes = 7016 | Actor Steps = 350800 | Delta Dist = 11.509 | Delta Dist 10 = 5.751 | Delta Dist 100 = 8.127 | Delta Dist 1000 = 9.325 | Episode Length = 50 | Episode Return = 18.0 | Evaluator Episodes = 1760 | Evaluator Steps = 88000 | Final Dist = 1.297 | Final Dist 10 = 7.056 | Final Dist 100 = 4.679 | Final Dist 1000 = 3.481 | Init Dist = 12.806 | Init Dist 10 = 12.806 | Init Dist 100 = 12.806 | Init Dist 1000 = 12.806 | Learner Steps = 5325 | Learner Walltime = 1039.564 | Min Dist = 0.028 | Min Dist 10 = 6.514 | Min Dist 100 = 4.074 | Min Dist 1000 = 2.786 | Steps Per Second = 84.557 | Success = 1.000 | Success 1000 = 0.683
I0502 15:23:36.542528 139584504182336 lp_utils.py:96] StepsLimiter: Reached 351100 recorded steps
I0502 15:23:36.744971 139557462840896 terminal.py:91] [Actor] Actor Episodes = 7019 | Actor Steps = 350950 | Delta Dist = 5.245 | Delta Dist 10 = 4.755 | Delta Dist 100 = 4.282 | Delta Dist 1000 = 4.228 | Episode Length = 50 | Episode Return = 45.0 | Evaluator Episodes = 1760 | Evaluator Steps = 88000 | Final Dist = 0.586 | Final Dist 10 = 1.303 | Final Dist 100 = 1.311 | Final Dist 1000 = 1.612 | Init Dist = 5.831 | Init Dist 10 = 6.058 | Init Dist 100 = 5.593 | Init Dist 1000 = 5.840 | Learner Steps = 5325 | Learner Walltime = 1039.564 | Min Dist = 0.109 | Min Dist 10 = 0.088 | Min Dist 100 = 0.137 | Min Dist 1000 = 0.210 | Steps Per Second = 79.801 | Success = 1.000 | Success 1000 = 0.987
I0502 15:23:37.237187 139579566835264 terminal.py:91] [Evaluator] Actor Episodes = 7024 | Actor Steps = 351200 | Delta Dist = 12.532 | Delta Dist 10 = 6.982 | Delta Dist 100 = 8.119 | Delta Dist 1000 = 9.325 | Episode Length = 50 | Episode Return = 29.0 | Evaluator Episodes = 1762 | Evaluator Steps = 88100 | Final Dist = 0.274 | Final Dist 10 = 5.824 | Final Dist 100 = 4.687 | Final Dist 1000 = 3.481 | Init Dist = 12.806 | Init Dist 10 = 12.806 | Init Dist 100 = 12.806 | Init Dist 1000 = 12.806 | Learner Steps = 5331 | Learner Walltime = 1040.743 | Min Dist = 0.256 | Min Dist 10 = 5.455 | Min Dist 100 = 4.074 | Min Dist 1000 = 2.786 | Steps Per Second = 87.715 | Success = 1.000 | Success 1000 = 0.683
I0502 15:23:38.375772 139555860620864 terminal.py:91] [Actor] Actor Episodes = 7031 | Actor Steps = 351550 | Delta Dist = 4.722 | Delta Dist 10 = 3.488 | Delta Dist 100 = 4.186 | Delta Dist 1000 = 4.232 | Episode Length = 50 | Episode Return = 30.0 | Evaluator Episodes = 1762 | Evaluator Steps = 88100 | Final Dist = 0.377 | Final Dist 10 = 1.950 | Final Dist 100 = 1.399 | Final Dist 1000 = 1.617 | Init Dist = 5.099 | Init Dist 10 = 5.438 | Init Dist 100 = 5.585 | Init Dist 1000 = 5.849 | Learner Steps = 5337 | Learner Walltime = 1041.893 | Min Dist = 0.064 | Min Dist 10 = 0.078 | Min Dist 100 = 0.123 | Min Dist 1000 = 0.210 | Steps Per Second = 82.000 | Success = 1.000 | Success 1000 = 0.987
I0502 15:23:38.525916 139579566835264 terminal.py:91] [Evaluator] Actor Episodes = 7034 | Actor Steps = 351700 | Delta Dist = 10.110 | Delta Dist 10 = 6.197 | Delta Dist 100 = 8.130 | Delta Dist 1000 = 9.316 | Episode Length = 50 | Episode Return = 0.0 | Evaluator Episodes = 1764 | Evaluator Steps = 88200 | Final Dist = 2.697 | Final Dist 10 = 6.609 | Final Dist 100 = 4.677 | Final Dist 1000 = 3.490 | Init Dist = 12.806 | Init Dist 10 = 12.806 | Init Dist 100 = 12.806 | Init Dist 1000 = 12.806 | Learner Steps = 5337 | Learner Walltime = 1041.893 | Min Dist = 1.152 | Min Dist 10 = 6.410 | Min Dist 100 = 4.071 | Min Dist 1000 = 2.796 | Steps Per Second = 79.683 | Success = 0.000 | Success 1000 = 0.682
I0502 15:23:38.998327 139558059398720 terminal.py:91] [Actor] Actor Episodes = 7033 | Actor Steps = 351650 | Delta Dist = 1.919 | Delta Dist 10 = 2.588 | Delta Dist 100 = 4.075 | Delta Dist 1000 = 4.228 | Episode Length = 50 | Episode Return = 50.0 | Evaluator Episodes = 1762 | Evaluator Steps = 88100 | Final Dist = 0.318 | Final Dist 10 = 2.376 | Final Dist 100 = 1.493 | Final Dist 1000 = 1.609 | Init Dist = 2.236 | Init Dist 10 = 4.964 | Init Dist 100 = 5.568 | Init Dist 1000 = 5.836 | Learner Steps = 5337 | Learner Walltime = 1041.893 | Min Dist = 0.048 | Min Dist 10 = 0.905 | Min Dist 100 = 0.195 | Min Dist 1000 = 0.218 | Steps Per Second = 80.945 | Success = 1.000 | Success 1000 = 0.987
I0502 15:23:39.661968 139579566835264 terminal.py:91] [Evaluator] Actor Episodes = 7040 | Actor Steps = 352000 | Delta Dist = 2.309 | Delta Dist 10 = 7.085 | Delta Dist 100 = 8.116 | Delta Dist 1000 = 9.318 | Episode Length = 50 | Episode Return = 0.0 | Evaluator Episodes = 1766 | Evaluator Steps = 88300 | Final Dist = 10.497 | Final Dist 10 = 5.721 | Final Dist 100 = 4.690 | Final Dist 1000 = 3.488 | Init Dist = 12.806 | Init Dist 10 = 12.806 | Init Dist 100 = 12.806 | Init Dist 1000 = 12.806 | Learner Steps = 5344 | Learner Walltime = 1043.128 | Min Dist = 10.497 | Min Dist 10 = 5.356 | Min Dist 100 = 4.076 | Min Dist 1000 = 2.794 | Steps Per Second = 83.636 | Success = 0.000 | Success 1000 = 0.682
I0502 15:23:40.718921 139579566835264 terminal.py:91] [Evaluator] Actor Episodes = 7048 | Actor Steps = 352400 | Delta Dist = 11.081 | Delta Dist 10 = 7.973 | Delta Dist 100 = 8.113 | Delta Dist 1000 = 9.307 | Episode Length = 50 | Episode Return = 6.0 | Evaluator Episodes = 1768 | Evaluator Steps = 88400 | Final Dist = 1.725 | Final Dist 10 = 4.833 | Final Dist 100 = 4.693 | Final Dist 1000 = 3.499 | Init Dist = 12.806 | Init Dist 10 = 12.806 | Init Dist 100 = 12.806 | Init Dist 1000 = 12.806 | Learner Steps = 5350 | Learner Walltime = 1044.353 | Min Dist = 0.344 | Min Dist 10 = 4.369 | Min Dist 100 = 4.076 | Min Dist 1000 = 2.805 | Steps Per Second = 92.775 | Success = 1.000 | Success 1000 = 0.681
I0502 15:23:41.856896 139579566835264 terminal.py:91] [Evaluator] Actor Episodes = 7056 | Actor Steps = 352800 | Delta Dist = 10.217 | Delta Dist 10 = 9.743 | Delta Dist 100 = 8.101 | Delta Dist 1000 = 9.306 | Episode Length = 50 | Episode Return = 0.0 | Evaluator Episodes = 1770 | Evaluator Steps = 88500 | Final Dist = 2.589 | Final Dist 10 = 3.064 | Final Dist 100 = 4.705 | Final Dist 1000 = 3.500 | Init Dist = 12.806 | Init Dist 10 = 12.806 | Init Dist 100 = 12.806 | Init Dist 1000 = 12.806 | Learner Steps = 5356 | Learner Walltime = 1045.365 | Min Dist = 2.075 | Min Dist 10 = 2.341 | Min Dist 100 = 4.072 | Min Dist 1000 = 2.804 | Steps Per Second = 82.115 | Success = 0.000 | Success 1000 = 0.682
I0502 15:23:42.970448 139579566835264 terminal.py:91] [Evaluator] Actor Episodes = 7064 | Actor Steps = 353200 | Delta Dist = 12.310 | Delta Dist 10 = 9.613 | Delta Dist 100 = 8.088 | Delta Dist 1000 = 9.306 | Episode Length = 50 | Episode Return = 3.0 | Evaluator Episodes = 1772 | Evaluator Steps = 88600 | Final Dist = 0.496 | Final Dist 10 = 3.193 | Final Dist 100 = 4.718 | Final Dist 1000 = 3.501 | Init Dist = 12.806 | Init Dist 10 = 12.806 | Init Dist 100 = 12.806 | Init Dist 1000 = 12.806 | Learner Steps = 5362 | Learner Walltime = 1046.511 | Min Dist = 0.496 | Min Dist 10 = 2.565 | Min Dist 100 = 4.090 | Min Dist 1000 = 2.806 | Steps Per Second = 88.612 | Success = 1.000 | Success 1000 = 0.681
I0502 15:23:43.800610 139555013154368 terminal.py:91] [Learner] Actor Episodes = 7070 | Actor Loss = 3.6526808738708496 | Actor Steps = 353500 | Binary Accuracy = 0.9959805011749268 | Categorical Accuracy = 0.41265869140625 | Critic Loss = 2.0439252853393555 | Entropy Mean = -17.903682708740234 | Evaluator Episodes = 1772 | Evaluator Steps = 88600 | Learner Steps = 5371 | Learner Walltime = 1047.993 | Logits Neg = -15.910358428955078 | Logits Pos = -1.9978301525115967 | Logsumexp = 1.2217633724212646 | Steps Per Second = 304.929
I0502 15:23:44.235336 139579566835264 terminal.py:91] [Evaluator] Actor Episodes = 7072 | Actor Steps = 353600 | Delta Dist = 12.047 | Delta Dist 10 = 10.558 | Delta Dist 100 = 8.112 | Delta Dist 1000 = 9.307 | Episode Length = 50 | Episode Return = 6.0 | Evaluator Episodes = 1774 | Evaluator Steps = 88700 | Final Dist = 0.759 | Final Dist 10 = 2.248 | Final Dist 100 = 4.695 | Final Dist 1000 = 3.500 | Init Dist = 12.806 | Init Dist 10 = 12.806 | Init Dist 100 = 12.806 | Init Dist 1000 = 12.806 | Learner Steps = 5369 | Learner Walltime = 1047.719 | Min Dist = 0.094 | Min Dist 10 = 1.591 | Min Dist 100 = 4.085 | Min Dist 1000 = 2.806 | Steps Per Second = 77.336 | Success = 1.000 | Success 1000 = 0.681
I0502 15:23:45.426678 139579566835264 terminal.py:91] [Evaluator] Actor Episodes = 7082 | Actor Steps = 354100 | Delta Dist = 11.221 | Delta Dist 10 = 10.527 | Delta Dist 100 = 8.088 | Delta Dist 1000 = 9.308 | Episode Length = 50 | Episode Return = 10.0 | Evaluator Episodes = 1776 | Evaluator Steps = 88800 | Final Dist = 1.585 | Final Dist 10 = 2.280 | Final Dist 100 = 4.718 | Final Dist 1000 = 3.498 | Init Dist = 12.806 | Init Dist 10 = 12.806 | Init Dist 100 = 12.806 | Init Dist 1000 = 12.806 | Learner Steps = 5375 | Learner Walltime = 1048.980 | Min Dist = 0.069 | Min Dist 10 = 1.634 | Min Dist 100 = 4.092 | Min Dist 1000 = 2.803 | Steps Per Second = 87.562 | Success = 1.000 | Success 1000 = 0.681
I0502 15:23:45.938796 139569349502528 terminal.py:91] [Actor] Actor Episodes = 7086 | Actor Steps = 354300 | Delta Dist = 8.866 | Delta Dist 10 = 3.232 | Delta Dist 100 = 3.590 | Delta Dist 1000 = 4.190 | Episode Length = 50 | Episode Return = 19.0 | Evaluator Episodes = 1776 | Evaluator Steps = 88800 | Final Dist = 1.904 | Final Dist 10 = 1.803 | Final Dist 100 = 1.830 | Final Dist 1000 = 1.638 | Init Dist = 10.770 | Init Dist 10 = 5.035 | Init Dist 100 = 5.420 | Init Dist 1000 = 5.828 | Learner Steps = 5375 | Learner Walltime = 1048.980 | Min Dist = 0.218 | Min Dist 10 = 0.557 | Min Dist 100 = 0.237 | Min Dist 1000 = 0.219 | Steps Per Second = 81.891 | Success = 1.000 | Success 1000 = 0.988
I0502 15:23:46.558804 139584504182336 lp_utils.py:96] StepsLimiter: Reached 354500 recorded steps
I0502 15:23:46.673313 139579566835264 terminal.py:91] [Evaluator] Actor Episodes = 7090 | Actor Steps = 354500 | Delta Dist = 11.939 | Delta Dist 10 = 11.449 | Delta Dist 100 = 8.164 | Delta Dist 1000 = 9.308 | Episode Length = 50 | Episode Return = 11.0 | Evaluator Episodes = 1778 | Evaluator Steps = 88900 | Final Dist = 0.867 | Final Dist 10 = 1.358 | Final Dist 100 = 4.642 | Final Dist 1000 = 3.498 | Init Dist = 12.806 | Init Dist 10 = 12.806 | Init Dist 100 = 12.806 | Init Dist 1000 = 12.806 | Learner Steps = 5381 | Learner Walltime = 1050.155 | Min Dist = 0.394 | Min Dist 10 = 0.579 | Min Dist 100 = 4.015 | Min Dist 1000 = 2.802 | Steps Per Second = 73.985 | Success = 1.000 | Success 1000 = 0.682
I0502 15:23:46.996433 139557462840896 terminal.py:91] [Actor] Actor Episodes = 7091 | Actor Steps = 354550 | Delta Dist = 5.042 | Delta Dist 10 = 5.062 | Delta Dist 100 = 3.581 | Delta Dist 1000 = 4.197 | Episode Length = 50 | Episode Return = 34.0 | Evaluator Episodes = 1776 | Evaluator Steps = 88800 | Final Dist = 0.343 | Final Dist 10 = 1.816 | Final Dist 100 = 1.866 | Final Dist 1000 = 1.636 | Init Dist = 5.385 | Init Dist 10 = 6.878 | Init Dist 100 = 5.447 | Init Dist 1000 = 5.833 | Learner Steps = 5381 | Learner Walltime = 1050.155 | Min Dist = 0.044 | Min Dist 10 = 0.074 | Min Dist 100 = 0.235 | Min Dist 1000 = 0.219 | Steps Per Second = 98.067 | Success = 1.000 | Success 1000 = 0.988
I0502 15:23:47.718793 139579566835264 terminal.py:91] [Evaluator] Actor Episodes = 7098 | Actor Steps = 354900 | Delta Dist = 11.695 | Delta Dist 10 = 11.534 | Delta Dist 100 = 8.157 | Delta Dist 1000 = 9.312 | Episode Length = 50 | Episode Return = 21.0 | Evaluator Episodes = 1780 | Evaluator Steps = 89000 | Final Dist = 1.111 | Final Dist 10 = 1.272 | Final Dist 100 = 4.649 | Final Dist 1000 = 3.495 | Init Dist = 12.806 | Init Dist 10 = 12.806 | Init Dist 100 = 12.806 | Init Dist 1000 = 12.806 | Learner Steps = 5388 | Learner Walltime = 1051.281 | Min Dist = 0.083 | Min Dist 10 = 0.598 | Min Dist 100 = 4.015 | Min Dist 1000 = 2.797 | Steps Per Second = 87.587 | Success = 1.000 | Success 1000 = 0.684
I0502 15:23:48.850850 139555860620864 terminal.py:91] [Actor] Actor Episodes = 7101 | Actor Steps = 355050 | Delta Dist = 5.571 | Delta Dist 10 = 4.429 | Delta Dist 100 = 3.568 | Delta Dist 1000 = 4.194 | Episode Length = 50 | Episode Return = 22.0 | Evaluator Episodes = 1780 | Evaluator Steps = 89000 | Final Dist = 0.429 | Final Dist 10 = 1.049 | Final Dist 100 = 1.912 | Final Dist 1000 = 1.632 | Init Dist = 6.000 | Init Dist 10 = 5.478 | Init Dist 100 = 5.479 | Init Dist 1000 = 5.827 | Learner Steps = 5388 | Learner Walltime = 1051.281 | Min Dist = 0.099 | Min Dist 10 = 0.095 | Min Dist 100 = 0.224 | Min Dist 1000 = 0.219 | Steps Per Second = 76.345 | Success = 1.000 | Success 1000 = 0.989
I0502 15:23:48.936130 139579566835264 terminal.py:91] [Evaluator] Actor Episodes = 7106 | Actor Steps = 355300 | Delta Dist = 12.418 | Delta Dist 10 = 11.706 | Delta Dist 100 = 8.171 | Delta Dist 1000 = 9.311 | Episode Length = 50 | Episode Return = 11.0 | Evaluator Episodes = 1782 | Evaluator Steps = 89100 | Final Dist = 0.388 | Final Dist 10 = 1.100 | Final Dist 100 = 4.635 | Final Dist 1000 = 3.495 | Init Dist = 12.806 | Init Dist 10 = 12.806 | Init Dist 100 = 12.806 | Init Dist 1000 = 12.806 | Learner Steps = 5394 | Learner Walltime = 1052.473 | Min Dist = 0.135 | Min Dist 10 = 0.376 | Min Dist 100 = 4.013 | Min Dist 1000 = 2.797 | Steps Per Second = 85.307 | Success = 1.000 | Success 1000 = 0.684
I0502 15:23:49.279526 139558059398720 terminal.py:91] [Actor] Actor Episodes = 7105 | Actor Steps = 355250 | Delta Dist = 8.438 | Delta Dist 10 = 4.678 | Delta Dist 100 = 3.648 | Delta Dist 1000 = 4.195 | Episode Length = 50 | Episode Return = 35.0 | Evaluator Episodes = 1780 | Evaluator Steps = 89000 | Final Dist = 0.164 | Final Dist 10 = 1.039 | Final Dist 100 = 1.858 | Final Dist 1000 = 1.632 | Init Dist = 8.602 | Init Dist 10 = 5.718 | Init Dist 100 = 5.506 | Init Dist 1000 = 5.827 | Learner Steps = 5394 | Learner Walltime = 1052.473 | Min Dist = 0.049 | Min Dist 10 = 0.110 | Min Dist 100 = 0.225 | Min Dist 1000 = 0.219 | Steps Per Second = 87.594 | Success = 1.000 | Success 1000 = 0.989
I0502 15:23:49.996136 139579566835264 terminal.py:91] [Evaluator] Actor Episodes = 7112 | Actor Steps = 355600 | Delta Dist = 1.427 | Delta Dist 10 = 11.735 | Delta Dist 100 = 8.182 | Delta Dist 1000 = 9.312 | Episode Length = 50 | Episode Return = 0.0 | Evaluator Episodes = 1784 | Evaluator Steps = 89200 | Final Dist = 11.379 | Final Dist 10 = 1.071 | Final Dist 100 = 4.624 | Final Dist 1000 = 3.494 | Init Dist = 12.806 | Init Dist 10 = 12.806 | Init Dist 100 = 12.806 | Init Dist 1000 = 12.806 | Learner Steps = 5401 | Learner Walltime = 1053.772 | Min Dist = 10.642 | Min Dist 10 = 0.343 | Min Dist 100 = 4.015 | Min Dist 1000 = 2.797 | Steps Per Second = 96.892 | Success = 0.000 | Success 1000 = 0.684
I0502 15:23:51.113118 139579566835264 terminal.py:91] [Evaluator] Actor Episodes = 7120 | Actor Steps = 356000 | Delta Dist = 11.311 | Delta Dist 10 = 10.839 | Delta Dist 100 = 8.180 | Delta Dist 1000 = 9.302 | Episode Length = 50 | Episode Return = 21.0 | Evaluator Episodes = 1786 | Evaluator Steps = 89300 | Final Dist = 1.496 | Final Dist 10 = 1.968 | Final Dist 100 = 4.627 | Final Dist 1000 = 3.505 | Init Dist = 12.806 | Init Dist 10 = 12.806 | Init Dist 100 = 12.806 | Init Dist 1000 = 12.806 | Learner Steps = 5408 | Learner Walltime = 1054.928 | Min Dist = 0.361 | Min Dist 10 = 1.248 | Min Dist 100 = 4.016 | Min Dist 1000 = 2.807 | Steps Per Second = 84.291 | Success = 1.000 | Success 1000 = 0.683
I0502 15:23:52.308851 139579566835264 terminal.py:91] [Evaluator] Actor Episodes = 7130 | Actor Steps = 356500 | Delta Dist = 1.536 | Delta Dist 10 = 10.117 | Delta Dist 100 = 8.309 | Delta Dist 1000 = 9.293 | Episode Length = 50 | Episode Return = 0.0 | Evaluator Episodes = 1788 | Evaluator Steps = 89400 | Final Dist = 11.270 | Final Dist 10 = 2.690 | Final Dist 100 = 4.497 | Final Dist 1000 = 3.513 | Init Dist = 12.806 | Init Dist 10 = 12.806 | Init Dist 100 = 12.806 | Init Dist 1000 = 12.806 | Learner Steps = 5414 | Learner Walltime = 1055.976 | Min Dist = 10.269 | Min Dist 10 = 1.995 | Min Dist 100 = 3.886 | Min Dist 1000 = 2.814 | Steps Per Second = 88.371 | Success = 0.000 | Success 1000 = 0.682
I0502 15:23:53.491286 139579566835264 terminal.py:91] [Evaluator] Actor Episodes = 7136 | Actor Steps = 356800 | Delta Dist = 11.795 | Delta Dist 10 = 9.081 | Delta Dist 100 = 8.207 | Delta Dist 1000 = 9.282 | Episode Length = 50 | Episode Return = 23.0 | Evaluator Episodes = 1790 | Evaluator Steps = 89500 | Final Dist = 1.012 | Final Dist 10 = 3.725 | Final Dist 100 = 4.599 | Final Dist 1000 = 3.524 | Init Dist = 12.806 | Init Dist 10 = 12.806 | Init Dist 100 = 12.806 | Init Dist 1000 = 12.806 | Learner Steps = 5418 | Learner Walltime = 1056.989 | Min Dist = 0.267 | Min Dist 10 = 2.973 | Min Dist 100 = 3.985 | Min Dist 1000 = 2.823 | Steps Per Second = 76.346 | Success = 1.000 | Success 1000 = 0.681
I0502 15:23:53.856194 139555013154368 terminal.py:91] [Learner] Actor Episodes = 7138 | Actor Loss = 3.7351980209350586 | Actor Steps = 356900 | Binary Accuracy = 0.9959752559661865 | Categorical Accuracy = 0.40008544921875 | Critic Loss = 2.041428565979004 | Entropy Mean = -16.208965301513672 | Evaluator Episodes = 1790 | Evaluator Steps = 89500 | Learner Steps = 5425 | Learner Walltime = 1058.048 | Logits Neg = -15.610137939453125 | Logits Pos = -2.0449624061584473 | Logsumexp = 1.194503903388977 | Steps Per Second = 919.303
I0502 15:23:54.716714 139579566835264 terminal.py:91] [Evaluator] Actor Episodes = 7144 | Actor Steps = 357200 | Delta Dist = 11.278 | Delta Dist 10 = 9.093 | Delta Dist 100 = 8.325 | Delta Dist 1000 = 9.282 | Episode Length = 50 | Episode Return = 6.0 | Evaluator Episodes = 1792 | Evaluator Steps = 89600 | Final Dist = 1.528 | Final Dist 10 = 3.713 | Final Dist 100 = 4.481 | Final Dist 1000 = 3.524 | Init Dist = 12.806 | Init Dist 10 = 12.806 | Init Dist 100 = 12.806 | Init Dist 1000 = 12.806 | Learner Steps = 5425 | Learner Walltime = 1058.048 | Min Dist = 0.402 | Min Dist 10 = 2.990 | Min Dist 100 = 3.885 | Min Dist 1000 = 2.823 | Steps Per Second = 85.397 | Success = 1.000 | Success 1000 = 0.681
I0502 15:23:55.909721 139579566835264 terminal.py:91] [Evaluator] Actor Episodes = 7154 | Actor Steps = 357700 | Delta Dist = 2.422 | Delta Dist 10 = 7.931 | Delta Dist 100 = 8.315 | Delta Dist 1000 = 9.272 | Episode Length = 50 | Episode Return = 0.0 | Evaluator Episodes = 1794 | Evaluator Steps = 89700 | Final Dist = 10.384 | Final Dist 10 = 4.875 | Final Dist 100 = 4.491 | Final Dist 1000 = 3.535 | Init Dist = 12.806 | Init Dist 10 = 12.806 | Init Dist 100 = 12.806 | Init Dist 1000 = 12.806 | Learner Steps = 5429 | Learner Walltime = 1059.105 | Min Dist = 10.366 | Min Dist 10 = 4.039 | Min Dist 100 = 3.891 | Min Dist 1000 = 2.834 | Steps Per Second = 85.460 | Success = 0.000 | Success 1000 = 0.680
I0502 15:23:56.012410 139569349502528 terminal.py:91] [Actor] Actor Episodes = 7149 | Actor Steps = 357450 | Delta Dist = 5.050 | Delta Dist 10 = 2.218 | Delta Dist 100 = 3.866 | Delta Dist 1000 = 4.156 | Episode Length = 50 | Episode Return = 25.0 | Evaluator Episodes = 1792 | Evaluator Steps = 89600 | Final Dist = 0.950 | Final Dist 10 = 2.759 | Final Dist 100 = 1.638 | Final Dist 1000 = 1.626 | Init Dist = 6.000 | Init Dist 10 = 4.977 | Init Dist 100 = 5.504 | Init Dist 1000 = 5.782 | Learner Steps = 5429 | Learner Walltime = 1059.105 | Min Dist = 0.030 | Min Dist 10 = 0.345 | Min Dist 100 = 0.205 | Min Dist 1000 = 0.200 | Steps Per Second = 77.747 | Success = 1.000 | Success 1000 = 0.986
I0502 15:23:56.579988 139584504182336 lp_utils.py:96] StepsLimiter: Reached 357900 recorded steps
I0502 15:23:56.999909 139557462840896 terminal.py:91] [Actor] Actor Episodes = 7162 | Actor Steps = 358100 | Delta Dist = 7.869 | Delta Dist 10 = 3.818 | Delta Dist 100 = 4.081 | Delta Dist 1000 = 4.166 | Episode Length = 50 | Episode Return = 10.0 | Evaluator Episodes = 1794 | Evaluator Steps = 89700 | Final Dist = 1.075 | Final Dist 10 = 2.219 | Final Dist 100 = 1.552 | Final Dist 1000 = 1.624 | Init Dist = 8.944 | Init Dist 10 = 6.037 | Init Dist 100 = 5.632 | Init Dist 1000 = 5.789 | Learner Steps = 5436 | Learner Walltime = 1060.338 | Min Dist = 0.132 | Min Dist 10 = 0.307 | Min Dist 100 = 0.205 | Min Dist 1000 = 0.199 | Steps Per Second = 83.411 | Success = 1.000 | Success 1000 = 0.986
I0502 15:23:57.139773 139579566835264 terminal.py:91] [Evaluator] Actor Episodes = 7162 | Actor Steps = 358100 | Delta Dist = 11.413 | Delta Dist 10 = 8.088 | Delta Dist 100 = 8.416 | Delta Dist 1000 = 9.263 | Episode Length = 50 | Episode Return = 2.0 | Evaluator Episodes = 1796 | Evaluator Steps = 89800 | Final Dist = 1.393 | Final Dist 10 = 4.718 | Final Dist 100 = 4.390 | Final Dist 1000 = 3.543 | Init Dist = 12.806 | Init Dist 10 = 12.806 | Init Dist 100 = 12.806 | Init Dist 1000 = 12.806 | Learner Steps = 5436 | Learner Walltime = 1060.338 | Min Dist = 0.373 | Min Dist 10 = 4.043 | Min Dist 100 = 3.789 | Min Dist 1000 = 2.844 | Steps Per Second = 81.733 | Success = 1.000 | Success 1000 = 0.679
I0502 15:23:58.323528 139579566835264 terminal.py:91] [Evaluator] Actor Episodes = 7170 | Actor Steps = 358500 | Delta Dist = 12.402 | Delta Dist 10 = 8.891 | Delta Dist 100 = 8.623 | Delta Dist 1000 = 9.263 | Episode Length = 50 | Episode Return = 16.0 | Evaluator Episodes = 1798 | Evaluator Steps = 89900 | Final Dist = 0.404 | Final Dist 10 = 3.916 | Final Dist 100 = 4.183 | Final Dist 1000 = 3.543 | Init Dist = 12.806 | Init Dist 10 = 12.806 | Init Dist 100 = 12.806 | Init Dist 1000 = 12.806 | Learner Steps = 5448 | Learner Walltime = 1062.451 | Min Dist = 0.166 | Min Dist 10 = 3.335 | Min Dist 100 = 3.585 | Min Dist 1000 = 2.844 | Steps Per Second = 79.835 | Success = 1.000 | Success 1000 = 0.679
I0502 15:23:58.967806 139555860620864 terminal.py:91] [Actor] Actor Episodes = 7174 | Actor Steps = 358700 | Delta Dist = 1.060 | Delta Dist 10 = 3.603 | Delta Dist 100 = 4.088 | Delta Dist 1000 = 4.163 | Episode Length = 50 | Episode Return = 39.0 | Evaluator Episodes = 1798 | Evaluator Steps = 89900 | Final Dist = 1.176 | Final Dist 10 = 2.010 | Final Dist 100 = 1.604 | Final Dist 1000 = 1.621 | Init Dist = 2.236 | Init Dist 10 = 5.613 | Init Dist 100 = 5.692 | Init Dist 1000 = 5.783 | Learner Steps = 5448 | Learner Walltime = 1062.451 | Min Dist = 0.113 | Min Dist 10 = 0.121 | Min Dist 100 = 0.209 | Min Dist 1000 = 0.190 | Steps Per Second = 83.074 | Success = 1.000 | Success 1000 = 0.986
I0502 15:23:59.426095 139579566835264 terminal.py:91] [Evaluator] Actor Episodes = 7178 | Actor Steps = 358900 | Delta Dist = 2.318 | Delta Dist 10 = 9.003 | Delta Dist 100 = 8.733 | Delta Dist 1000 = 9.254 | Episode Length = 50 | Episode Return = 0.0 | Evaluator Episodes = 1800 | Evaluator Steps = 90000 | Final Dist = 10.488 | Final Dist 10 = 3.804 | Final Dist 100 = 4.073 | Final Dist 1000 = 3.553 | Init Dist = 12.806 | Init Dist 10 = 12.806 | Init Dist 100 = 12.806 | Init Dist 1000 = 12.806 | Learner Steps = 5454 | Learner Walltime = 1063.455 | Min Dist = 10.454 | Min Dist 10 = 3.365 | Min Dist 100 = 3.482 | Min Dist 1000 = 2.854 | Steps Per Second = 87.163 | Success = 0.000 | Success 1000 = 0.678
I0502 15:23:59.594436 139558059398720 terminal.py:91] [Actor] Actor Episodes = 7177 | Actor Steps = 358850 | Delta Dist = 7.608 | Delta Dist 10 = 4.264 | Delta Dist 100 = 4.152 | Delta Dist 1000 = 4.149 | Episode Length = 50 | Episode Return = 24.0 | Evaluator Episodes = 1798 | Evaluator Steps = 89900 | Final Dist = 0.202 | Final Dist 10 = 0.946 | Final Dist 100 = 1.633 | Final Dist 1000 = 1.626 | Init Dist = 7.810 | Init Dist 10 = 5.210 | Init Dist 100 = 5.786 | Init Dist 1000 = 5.776 | Learner Steps = 5448 | Learner Walltime = 1062.451 | Min Dist = 0.012 | Min Dist 10 = 0.080 | Min Dist 100 = 0.208 | Min Dist 1000 = 0.189 | Steps Per Second = 95.226 | Success = 1.000 | Success 1000 = 0.987
I0502 15:24:00.432957 139579566835264 terminal.py:91] [Evaluator] Actor Episodes = 7184 | Actor Steps = 359200 | Delta Dist = 11.756 | Delta Dist 10 = 8.051 | Delta Dist 100 = 8.744 | Delta Dist 1000 = 9.244 | Episode Length = 50 | Episode Return = 2.0 | Evaluator Episodes = 1802 | Evaluator Steps = 90100 | Final Dist = 1.051 | Final Dist 10 = 4.755 | Final Dist 100 = 4.062 | Final Dist 1000 = 3.562 | Init Dist = 12.806 | Init Dist 10 = 12.806 | Init Dist 100 = 12.806 | Init Dist 1000 = 12.806 | Learner Steps = 5458 | Learner Walltime = 1064.513 | Min Dist = 0.210 | Min Dist 10 = 4.350 | Min Dist 100 = 3.478 | Min Dist 1000 = 2.864 | Steps Per Second = 106.644 | Success = 1.000 | Success 1000 = 0.677
I0502 15:24:01.538328 139579566835264 terminal.py:91] [Evaluator] Actor Episodes = 7192 | Actor Steps = 359600 | Delta Dist = 4.809 | Delta Dist 10 = 9.138 | Delta Dist 100 = 8.946 | Delta Dist 1000 = 9.244 | Episode Length = 50 | Episode Return = 0.0 | Evaluator Episodes = 1804 | Evaluator Steps = 90200 | Final Dist = 7.998 | Final Dist 10 = 3.668 | Final Dist 100 = 3.860 | Final Dist 1000 = 3.563 | Init Dist = 12.806 | Init Dist 10 = 12.806 | Init Dist 100 = 12.806 | Init Dist 1000 = 12.806 | Learner Steps = 5464 | Learner Walltime = 1065.553 | Min Dist = 7.439 | Min Dist 10 = 3.324 | Min Dist 100 = 3.274 | Min Dist 1000 = 2.865 | Steps Per Second = 84.982 | Success = 0.000 | Success 1000 = 0.677
I0502 15:24:02.678020 139579566835264 terminal.py:91] [Evaluator] Actor Episodes = 7200 | Actor Steps = 360000 | Delta Dist = 11.795 | Delta Dist 10 = 9.291 | Delta Dist 100 = 9.071 | Delta Dist 1000 = 9.236 | Episode Length = 50 | Episode Return = 1.0 | Evaluator Episodes = 1806 | Evaluator Steps = 90300 | Final Dist = 1.011 | Final Dist 10 = 3.516 | Final Dist 100 = 3.735 | Final Dist 1000 = 3.571 | Init Dist = 12.806 | Init Dist 10 = 12.806 | Init Dist 100 = 12.806 | Init Dist 1000 = 12.806 | Learner Steps = 5470 | Learner Walltime = 1066.693 | Min Dist = 0.068 | Min Dist 10 = 3.020 | Min Dist 100 = 3.144 | Min Dist 1000 = 2.872 | Steps Per Second = 97.843 | Success = 1.000 | Success 1000 = 0.676
I0502 15:24:03.721590 139579566835264 terminal.py:91] [Evaluator] Actor Episodes = 7208 | Actor Steps = 360400 | Delta Dist = 12.106 | Delta Dist 10 = 9.194 | Delta Dist 100 = 9.113 | Delta Dist 1000 = 9.240 | Episode Length = 50 | Episode Return = 10.0 | Evaluator Episodes = 1808 | Evaluator Steps = 90400 | Final Dist = 0.700 | Final Dist 10 = 3.612 | Final Dist 100 = 3.693 | Final Dist 1000 = 3.567 | Init Dist = 12.806 | Init Dist 10 = 12.806 | Init Dist 100 = 12.806 | Init Dist 1000 = 12.806 | Learner Steps = 5476 | Learner Walltime = 1067.719 | Min Dist = 0.173 | Min Dist 10 = 3.067 | Min Dist 100 = 3.092 | Min Dist 1000 = 2.869 | Steps Per Second = 92.202 | Success = 1.000 | Success 1000 = 0.678
I0502 15:24:04.157413 139555013154368 terminal.py:91] [Learner] Actor Episodes = 7204 | Actor Loss = 3.7424516677856445 | Actor Steps = 360200 | Binary Accuracy = 0.9959936141967773 | Categorical Accuracy = 0.4102783203125 | Critic Loss = 2.0006728172302246 | Entropy Mean = -16.70825958251953 | Evaluator Episodes = 1806 | Evaluator Steps = 90300 | Learner Steps = 5479 | Learner Walltime = 1068.353 | Logits Neg = -15.79886531829834 | Logits Pos = -1.9650135040283203 | Logsumexp = 1.1828508377075195 | Steps Per Second = 158.357
I0502 15:24:04.840931 139579566835264 terminal.py:91] [Evaluator] Actor Episodes = 7216 | Actor Steps = 360800 | Delta Dist = 5.943 | Delta Dist 10 = 10.099 | Delta Dist 100 = 9.106 | Delta Dist 1000 = 9.238 | Episode Length = 50 | Episode Return = 0.0 | Evaluator Episodes = 1810 | Evaluator Steps = 90500 | Final Dist = 6.863 | Final Dist 10 = 2.707 | Final Dist 100 = 3.700 | Final Dist 1000 = 3.568 | Init Dist = 12.806 | Init Dist 10 = 12.806 | Init Dist 100 = 12.806 | Init Dist 1000 = 12.806 | Learner Steps = 5482 | Learner Walltime = 1068.810 | Min Dist = 5.892 | Min Dist 10 = 2.110 | Min Dist 100 = 3.094 | Min Dist 1000 = 2.869 | Steps Per Second = 81.410 | Success = 0.000 | Success 1000 = 0.678
I0502 15:24:05.967637 139579566835264 terminal.py:91] [Evaluator] Actor Episodes = 7224 | Actor Steps = 361200 | Delta Dist = 12.653 | Delta Dist 10 = 10.341 | Delta Dist 100 = 9.139 | Delta Dist 1000 = 9.243 | Episode Length = 50 | Episode Return = 18.0 | Evaluator Episodes = 1812 | Evaluator Steps = 90600 | Final Dist = 0.153 | Final Dist 10 = 2.465 | Final Dist 100 = 3.668 | Final Dist 1000 = 3.563 | Init Dist = 12.806 | Init Dist 10 = 12.806 | Init Dist 100 = 12.806 | Init Dist 1000 = 12.806 | Learner Steps = 5489 | Learner Walltime = 1069.994 | Min Dist = 0.153 | Min Dist 10 = 1.698 | Min Dist 100 = 3.040 | Min Dist 1000 = 2.865 | Steps Per Second = 88.840 | Success = 1.000 | Success 1000 = 0.678
I0502 15:24:06.542359 139569349502528 terminal.py:91] [Actor] Actor Episodes = 7223 | Actor Steps = 361150 | Delta Dist = 4.946 | Delta Dist 10 = 3.815 | Delta Dist 100 = 3.942 | Delta Dist 1000 = 4.176 | Episode Length = 50 | Episode Return = 25.0 | Evaluator Episodes = 1810 | Evaluator Steps = 90500 | Final Dist = 0.711 | Final Dist 10 = 1.385 | Final Dist 100 = 1.778 | Final Dist 1000 = 1.620 | Init Dist = 5.657 | Init Dist 10 = 5.201 | Init Dist 100 = 5.720 | Init Dist 1000 = 5.796 | Learner Steps = 5489 | Learner Walltime = 1069.994 | Min Dist = 0.106 | Min Dist 10 = 0.196 | Min Dist 100 = 0.208 | Min Dist 1000 = 0.194 | Steps Per Second = 81.543 | Success = 1.000 | Success 1000 = 0.985
I0502 15:24:06.598889 139584504182336 lp_utils.py:96] StepsLimiter: Reached 361300 recorded steps
I0502 15:24:07.173722 139579566835264 terminal.py:91] [Evaluator] Actor Episodes = 7230 | Actor Steps = 361500 | Delta Dist = 12.207 | Delta Dist 10 = 10.421 | Delta Dist 100 = 9.148 | Delta Dist 1000 = 9.244 | Episode Length = 50 | Episode Return = 19.0 | Evaluator Episodes = 1814 | Evaluator Steps = 90700 | Final Dist = 0.599 | Final Dist 10 = 2.386 | Final Dist 100 = 3.659 | Final Dist 1000 = 3.562 | Init Dist = 12.806 | Init Dist 10 = 12.806 | Init Dist 100 = 12.806 | Init Dist 1000 = 12.806 | Learner Steps = 5494 | Learner Walltime = 1071.178 | Min Dist = 0.163 | Min Dist 10 = 1.664 | Min Dist 100 = 3.041 | Min Dist 1000 = 2.865 | Steps Per Second = 88.585 | Success = 1.000 | Success 1000 = 0.678
I0502 15:24:07.436887 139557462840896 terminal.py:91] [Actor] Actor Episodes = 7234 | Actor Steps = 361700 | Delta Dist = 8.555 | Delta Dist 10 = 4.403 | Delta Dist 100 = 3.926 | Delta Dist 1000 = 4.180 | Episode Length = 50 | Episode Return = 26.0 | Evaluator Episodes = 1814 | Evaluator Steps = 90700 | Final Dist = 0.048 | Final Dist 10 = 1.489 | Final Dist 100 = 1.836 | Final Dist 1000 = 1.617 | Init Dist = 8.602 | Init Dist 10 = 5.891 | Init Dist 100 = 5.763 | Init Dist 1000 = 5.797 | Learner Steps = 5494 | Learner Walltime = 1071.178 | Min Dist = 0.011 | Min Dist 10 = 0.135 | Min Dist 100 = 0.207 | Min Dist 1000 = 0.188 | Steps Per Second = 87.570 | Success = 1.000 | Success 1000 = 0.985
I0502 15:24:08.313470 139579566835264 terminal.py:91] [Evaluator] Actor Episodes = 7236 | Actor Steps = 361800 | Delta Dist = 12.059 | Delta Dist 10 = 11.247 | Delta Dist 100 = 9.148 | Delta Dist 1000 = 9.245 | Episode Length = 50 | Episode Return = 26.0 | Evaluator Episodes = 1816 | Evaluator Steps = 90800 | Final Dist = 0.748 | Final Dist 10 = 1.559 | Final Dist 100 = 3.658 | Final Dist 1000 = 3.561 | Init Dist = 12.806 | Init Dist 10 = 12.806 | Init Dist 100 = 12.806 | Init Dist 1000 = 12.806 | Learner Steps = 5501 | Learner Walltime = 1072.445 | Min Dist = 0.272 | Min Dist 10 = 0.951 | Min Dist 100 = 3.039 | Min Dist 1000 = 2.865 | Steps Per Second = 90.757 | Success = 1.000 | Success 1000 = 0.678
I0502 15:24:09.462712 139579566835264 terminal.py:91] [Evaluator] Actor Episodes = 7246 | Actor Steps = 362300 | Delta Dist = 12.296 | Delta Dist 10 = 11.274 | Delta Dist 100 = 9.143 | Delta Dist 1000 = 9.244 | Episode Length = 50 | Episode Return = 26.0 | Evaluator Episodes = 1818 | Evaluator Steps = 90900 | Final Dist = 0.510 | Final Dist 10 = 1.532 | Final Dist 100 = 3.664 | Final Dist 1000 = 3.562 | Init Dist = 12.806 | Init Dist 10 = 12.806 | Init Dist 100 = 12.806 | Init Dist 1000 = 12.806 | Learner Steps = 5501 | Learner Walltime = 1072.445 | Min Dist = 0.022 | Min Dist 10 = 0.904 | Min Dist 100 = 3.037 | Min Dist 1000 = 2.866 | Steps Per Second = 81.634 | Success = 1.000 | Success 1000 = 0.678
I0502 15:24:09.528843 139555860620864 terminal.py:91] [Actor] Actor Episodes = 7248 | Actor Steps = 362400 | Delta Dist = 4.837 | Delta Dist 10 = 4.053 | Delta Dist 100 = 4.124 | Delta Dist 1000 = 4.193 | Episode Length = 50 | Episode Return = 25.0 | Evaluator Episodes = 1818 | Evaluator Steps = 90900 | Final Dist = 0.262 | Final Dist 10 = 1.374 | Final Dist 100 = 1.837 | Final Dist 1000 = 1.618 | Init Dist = 5.099 | Init Dist 10 = 5.427 | Init Dist 100 = 5.961 | Init Dist 1000 = 5.811 | Learner Steps = 5508 | Learner Walltime = 1073.706 | Min Dist = 0.005 | Min Dist 10 = 0.054 | Min Dist 100 = 0.185 | Min Dist 1000 = 0.187 | Steps Per Second = 81.260 | Success = 1.000 | Success 1000 = 0.986
I0502 15:24:09.789533 139558059398720 terminal.py:91] [Actor] Actor Episodes = 7245 | Actor Steps = 362250 | Delta Dist = 4.995 | Delta Dist 10 = 4.805 | Delta Dist 100 = 4.210 | Delta Dist 1000 = 4.194 | Episode Length = 50 | Episode Return = 46.0 | Evaluator Episodes = 1816 | Evaluator Steps = 90800 | Final Dist = 0.005 | Final Dist 10 = 1.159 | Final Dist 100 = 1.731 | Final Dist 1000 = 1.618 | Init Dist = 5.000 | Init Dist 10 = 5.964 | Init Dist 100 = 5.940 | Init Dist 1000 = 5.812 | Learner Steps = 5501 | Learner Walltime = 1072.445 | Min Dist = 0.005 | Min Dist 10 = 0.049 | Min Dist 100 = 0.185 | Min Dist 1000 = 0.187 | Steps Per Second = 115.003 | Success = 1.000 | Success 1000 = 0.986
I0502 15:24:10.590515 139579566835264 terminal.py:91] [Evaluator] Actor Episodes = 7252 | Actor Steps = 362600 | Delta Dist = 12.088 | Delta Dist 10 = 10.433 | Delta Dist 100 = 9.062 | Delta Dist 1000 = 9.235 | Episode Length = 50 | Episode Return = 14.0 | Evaluator Episodes = 1820 | Evaluator Steps = 91000 | Final Dist = 0.719 | Final Dist 10 = 2.373 | Final Dist 100 = 3.744 | Final Dist 1000 = 3.571 | Init Dist = 12.806 | Init Dist 10 = 12.806 | Init Dist 100 = 12.806 | Init Dist 1000 = 12.806 | Learner Steps = 5508 | Learner Walltime = 1073.706 | Min Dist = 0.185 | Min Dist 10 = 1.829 | Min Dist 100 = 3.132 | Min Dist 1000 = 2.876 | Steps Per Second = 91.724 | Success = 1.000 | Success 1000 = 0.677
I0502 15:24:11.723444 139579566835264 terminal.py:91] [Evaluator] Actor Episodes = 7260 | Actor Steps = 363000 | Delta Dist = 1.885 | Delta Dist 10 = 11.079 | Delta Dist 100 = 9.166 | Delta Dist 1000 = 9.235 | Episode Length = 50 | Episode Return = 0.0 | Evaluator Episodes = 1822 | Evaluator Steps = 91100 | Final Dist = 10.921 | Final Dist 10 = 1.727 | Final Dist 100 = 3.640 | Final Dist 1000 = 3.571 | Init Dist = 12.806 | Init Dist 10 = 12.806 | Init Dist 100 = 12.806 | Init Dist 1000 = 12.806 | Learner Steps = 5515 | Learner Walltime = 1074.983 | Min Dist = 10.542 | Min Dist 10 = 1.215 | Min Dist 100 = 3.023 | Min Dist 1000 = 2.876 | Steps Per Second = 99.881 | Success = 0.000 | Success 1000 = 0.677
I0502 15:24:13.024147 139579566835264 terminal.py:91] [Evaluator] Actor Episodes = 7268 | Actor Steps = 363400 | Delta Dist = 11.815 | Delta Dist 10 = 9.426 | Delta Dist 100 = 9.112 | Delta Dist 1000 = 9.219 | Episode Length = 50 | Episode Return = 30.0 | Evaluator Episodes = 1824 | Evaluator Steps = 91200 | Final Dist = 0.991 | Final Dist 10 = 3.380 | Final Dist 100 = 3.695 | Final Dist 1000 = 3.587 | Init Dist = 12.806 | Init Dist 10 = 12.806 | Init Dist 100 = 12.806 | Init Dist 1000 = 12.806 | Learner Steps = 5521 | Learner Walltime = 1076.273 | Min Dist = 0.332 | Min Dist 10 = 2.878 | Min Dist 100 = 3.086 | Min Dist 1000 = 2.893 | Steps Per Second = 77.850 | Success = 1.000 | Success 1000 = 0.675
I0502 15:24:14.158156 139555013154368 terminal.py:91] [Learner] Actor Episodes = 7272 | Actor Loss = 3.6448657512664795 | Actor Steps = 363600 | Binary Accuracy = 0.9960610866546631 | Categorical Accuracy = 0.41192626953125 | Critic Loss = 1.9874308109283447 | Entropy Mean = -16.398422241210938 | Evaluator Episodes = 1824 | Evaluator Steps = 91200 | Learner Steps = 5532 | Learner Walltime = 1078.358 | Logits Neg = -16.008039474487305 | Logits Pos = -1.9899370670318604 | Logsumexp = 1.109742283821106 | Steps Per Second = 1009.144
I0502 15:24:14.282874 139579566835264 terminal.py:91] [Evaluator] Actor Episodes = 7276 | Actor Steps = 363800 | Delta Dist = 2.392 | Delta Dist 10 = 8.388 | Delta Dist 100 = 9.048 | Delta Dist 1000 = 9.209 | Episode Length = 50 | Episode Return = 0.0 | Evaluator Episodes = 1826 | Evaluator Steps = 91300 | Final Dist = 10.414 | Final Dist 10 = 4.419 | Final Dist 100 = 3.759 | Final Dist 1000 = 3.597 | Init Dist = 12.806 | Init Dist 10 = 12.806 | Init Dist 100 = 12.806 | Init Dist 1000 = 12.806 | Learner Steps = 5527 | Learner Walltime = 1077.530 | Min Dist = 10.374 | Min Dist 10 = 3.889 | Min Dist 100 = 3.171 | Min Dist 1000 = 2.903 | Steps Per Second = 73.576 | Success = 0.000 | Success 1000 = 0.674
I0502 15:24:15.449736 139579566835264 terminal.py:91] [Evaluator] Actor Episodes = 7284 | Actor Steps = 364200 | Delta Dist = 2.286 | Delta Dist 10 = 7.494 | Delta Dist 100 = 9.142 | Delta Dist 1000 = 9.200 | Episode Length = 50 | Episode Return = 0.0 | Evaluator Episodes = 1828 | Evaluator Steps = 91400 | Final Dist = 10.520 | Final Dist 10 = 5.312 | Final Dist 100 = 3.664 | Final Dist 1000 = 3.606 | Init Dist = 12.806 | Init Dist 10 = 12.806 | Init Dist 100 = 12.806 | Init Dist 1000 = 12.806 | Learner Steps = 5533 | Learner Walltime = 1078.832 | Min Dist = 10.500 | Min Dist 10 = 4.945 | Min Dist 100 = 3.074 | Min Dist 1000 = 2.914 | Steps Per Second = 78.930 | Success = 0.000 | Success 1000 = 0.673
I0502 15:24:16.582875 139579566835264 terminal.py:91] [Evaluator] Actor Episodes = 7292 | Actor Steps = 364600 | Delta Dist = 2.014 | Delta Dist 10 = 7.397 | Delta Dist 100 = 9.143 | Delta Dist 1000 = 9.192 | Episode Length = 50 | Episode Return = 0.0 | Evaluator Episodes = 1830 | Evaluator Steps = 91500 | Final Dist = 10.792 | Final Dist 10 = 5.409 | Final Dist 100 = 3.663 | Final Dist 1000 = 3.615 | Init Dist = 12.806 | Init Dist 10 = 12.806 | Init Dist 100 = 12.806 | Init Dist 1000 = 12.806 | Learner Steps = 5540 | Learner Walltime = 1079.996 | Min Dist = 10.682 | Min Dist 10 = 4.998 | Min Dist 100 = 3.074 | Min Dist 1000 = 2.924 | Steps Per Second = 95.373 | Success = 0.000 | Success 1000 = 0.672
I0502 15:24:16.616737 139584504182336 lp_utils.py:96] StepsLimiter: Reached 364600 recorded steps
I0502 15:24:16.845688 139569349502528 terminal.py:91] [Actor] Actor Episodes = 7294 | Actor Steps = 364700 | Delta Dist = 6.223 | Delta Dist 10 = 5.817 | Delta Dist 100 = 4.287 | Delta Dist 1000 = 4.173 | Episode Length = 50 | Episode Return = 21.0 | Evaluator Episodes = 1830 | Evaluator Steps = 91500 | Final Dist = 0.848 | Final Dist 10 = 1.290 | Final Dist 100 = 1.387 | Final Dist 1000 = 1.590 | Init Dist = 7.071 | Init Dist 10 = 7.107 | Init Dist 100 = 5.674 | Init Dist 1000 = 5.763 | Learner Steps = 5540 | Learner Walltime = 1079.996 | Min Dist = 0.034 | Min Dist 10 = 0.147 | Min Dist 100 = 0.133 | Min Dist 1000 = 0.177 | Steps Per Second = 95.632 | Success = 1.000 | Success 1000 = 0.986
I0502 15:24:17.487884 139557462840896 terminal.py:91] [Actor] Actor Episodes = 7297 | Actor Steps = 364850 | Delta Dist = 5.382 | Delta Dist 10 = 5.823 | Delta Dist 100 = 4.274 | Delta Dist 1000 = 4.185 | Episode Length = 50 | Episode Return = 0.0 | Evaluator Episodes = 1830 | Evaluator Steps = 91500 | Final Dist = 2.233 | Final Dist 10 = 0.442 | Final Dist 100 = 1.273 | Final Dist 1000 = 1.588 | Init Dist = 7.616 | Init Dist 10 = 6.266 | Init Dist 100 = 5.547 | Init Dist 1000 = 5.774 | Learner Steps = 5540 | Learner Walltime = 1079.996 | Min Dist = 0.194 | Min Dist 10 = 0.098 | Min Dist 100 = 0.121 | Min Dist 1000 = 0.177 | Steps Per Second = 79.620 | Success = 1.000 | Success 1000 = 0.986
I0502 15:24:17.744648 139579566835264 terminal.py:91] [Evaluator] Actor Episodes = 7300 | Actor Steps = 365000 | Delta Dist = 1.415 | Delta Dist 10 = 5.463 | Delta Dist 100 = 9.042 | Delta Dist 1000 = 9.172 | Episode Length = 50 | Episode Return = 0.0 | Evaluator Episodes = 1832 | Evaluator Steps = 91600 | Final Dist = 11.391 | Final Dist 10 = 7.344 | Final Dist 100 = 3.764 | Final Dist 1000 = 3.634 | Init Dist = 12.806 | Init Dist 10 = 12.806 | Init Dist 100 = 12.806 | Init Dist 1000 = 12.806 | Learner Steps = 5547 | Learner Walltime = 1081.238 | Min Dist = 10.504 | Min Dist 10 = 7.090 | Min Dist 100 = 3.173 | Min Dist 1000 = 2.945 | Steps Per Second = 85.333 | Success = 0.000 | Success 1000 = 0.670
I0502 15:24:18.878145 139579566835264 terminal.py:91] [Evaluator] Actor Episodes = 7308 | Actor Steps = 365400 | Delta Dist = 11.412 | Delta Dist 10 = 5.972 | Delta Dist 100 = 8.945 | Delta Dist 1000 = 9.162 | Episode Length = 50 | Episode Return = 4.0 | Evaluator Episodes = 1834 | Evaluator Steps = 91700 | Final Dist = 1.394 | Final Dist 10 = 6.835 | Final Dist 100 = 3.861 | Final Dist 1000 = 3.645 | Init Dist = 12.806 | Init Dist 10 = 12.806 | Init Dist 100 = 12.806 | Init Dist 1000 = 12.806 | Learner Steps = 5552 | Learner Walltime = 1082.360 | Min Dist = 0.344 | Min Dist 10 = 6.452 | Min Dist 100 = 3.266 | Min Dist 1000 = 2.955 | Steps Per Second = 89.289 | Success = 1.000 | Success 1000 = 0.669
I0502 15:24:19.896571 139555860620864 terminal.py:91] [Actor] Actor Episodes = 7313 | Actor Steps = 365650 | Delta Dist = -2.971 | Delta Dist 10 = 5.046 | Delta Dist 100 = 4.481 | Delta Dist 1000 = 4.205 | Episode Length = 50 | Episode Return = 0.0 | Evaluator Episodes = 1834 | Evaluator Steps = 91700 | Final Dist = 6.133 | Final Dist 10 = 1.202 | Final Dist 100 = 1.206 | Final Dist 1000 = 1.594 | Init Dist = 3.162 | Init Dist 10 = 6.248 | Init Dist 100 = 5.686 | Init Dist 1000 = 5.800 | Learner Steps = 5552 | Learner Walltime = 1082.360 | Min Dist = 0.075 | Min Dist 10 = 0.908 | Min Dist 100 = 0.185 | Min Dist 1000 = 0.186 | Steps Per Second = 85.764 | Success = 1.000 | Success 1000 = 0.985
I0502 15:24:20.010731 139558059398720 terminal.py:91] [Actor] Actor Episodes = 7316 | Actor Steps = 365800 | Delta Dist = 3.738 | Delta Dist 10 = 4.168 | Delta Dist 100 = 4.451 | Delta Dist 1000 = 4.194 | Episode Length = 50 | Episode Return = 41.0 | Evaluator Episodes = 1834 | Evaluator Steps = 91700 | Final Dist = 6.262 | Final Dist 10 = 1.792 | Final Dist 100 = 1.231 | Final Dist 1000 = 1.598 | Init Dist = 10.000 | Init Dist 10 = 5.960 | Init Dist 100 = 5.682 | Init Dist 1000 = 5.792 | Learner Steps = 5559 | Learner Walltime = 1083.634 | Min Dist = 0.187 | Min Dist 10 = 0.919 | Min Dist 100 = 0.182 | Min Dist 1000 = 0.186 | Steps Per Second = 88.768 | Success = 1.000 | Success 1000 = 0.985
I0502 15:24:20.094229 139579566835264 terminal.py:91] [Evaluator] Actor Episodes = 7316 | Actor Steps = 365800 | Delta Dist = 2.285 | Delta Dist 10 = 6.909 | Delta Dist 100 = 8.943 | Delta Dist 1000 = 9.162 | Episode Length = 50 | Episode Return = 0.0 | Evaluator Episodes = 1836 | Evaluator Steps = 91800 | Final Dist = 10.521 | Final Dist 10 = 5.897 | Final Dist 100 = 3.863 | Final Dist 1000 = 3.644 | Init Dist = 12.806 | Init Dist 10 = 12.806 | Init Dist 100 = 12.806 | Init Dist 1000 = 12.806 | Learner Steps = 5559 | Learner Walltime = 1083.634 | Min Dist = 10.428 | Min Dist 10 = 5.459 | Min Dist 100 = 3.270 | Min Dist 1000 = 2.955 | Steps Per Second = 82.260 | Success = 0.000 | Success 1000 = 0.669
I0502 15:24:21.376359 139579566835264 terminal.py:91] [Evaluator] Actor Episodes = 7324 | Actor Steps = 366200 | Delta Dist = 2.575 | Delta Dist 10 = 6.828 | Delta Dist 100 = 8.852 | Delta Dist 1000 = 9.152 | Episode Length = 50 | Episode Return = 0.0 | Evaluator Episodes = 1838 | Evaluator Steps = 91900 | Final Dist = 10.231 | Final Dist 10 = 5.979 | Final Dist 100 = 3.954 | Final Dist 1000 = 3.654 | Init Dist = 12.806 | Init Dist 10 = 12.806 | Init Dist 100 = 12.806 | Init Dist 1000 = 12.806 | Learner Steps = 5565 | Learner Walltime = 1084.838 | Min Dist = 10.231 | Min Dist 10 = 5.396 | Min Dist 100 = 3.357 | Min Dist 1000 = 2.965 | Steps Per Second = 82.971 | Success = 0.000 | Success 1000 = 0.668
I0502 15:24:22.562684 139579566835264 terminal.py:91] [Evaluator] Actor Episodes = 7332 | Actor Steps = 366600 | Delta Dist = 12.120 | Delta Dist 10 = 6.897 | Delta Dist 100 = 8.898 | Delta Dist 1000 = 9.143 | Episode Length = 50 | Episode Return = 21.0 | Evaluator Episodes = 1840 | Evaluator Steps = 92000 | Final Dist = 0.687 | Final Dist 10 = 5.909 | Final Dist 100 = 3.908 | Final Dist 1000 = 3.663 | Init Dist = 12.806 | Init Dist 10 = 12.806 | Init Dist 100 = 12.806 | Init Dist 1000 = 12.806 | Learner Steps = 5572 | Learner Walltime = 1086.064 | Min Dist = 0.061 | Min Dist 10 = 5.345 | Min Dist 100 = 3.309 | Min Dist 1000 = 2.975 | Steps Per Second = 86.271 | Success = 1.000 | Success 1000 = 0.667
I0502 15:24:23.724485 139579566835264 terminal.py:91] [Evaluator] Actor Episodes = 7340 | Actor Steps = 367000 | Delta Dist = 11.460 | Delta Dist 10 = 8.877 | Delta Dist 100 = 8.968 | Delta Dist 1000 = 9.143 | Episode Length = 50 | Episode Return = 0.0 | Evaluator Episodes = 1842 | Evaluator Steps = 92100 | Final Dist = 1.347 | Final Dist 10 = 3.929 | Final Dist 100 = 3.838 | Final Dist 1000 = 3.663 | Init Dist = 12.806 | Init Dist 10 = 12.806 | Init Dist 100 = 12.806 | Init Dist 1000 = 12.806 | Learner Steps = 5578 | Learner Walltime = 1087.195 | Min Dist = 1.326 | Min Dist 10 = 3.253 | Min Dist 100 = 3.237 | Min Dist 1000 = 2.975 | Steps Per Second = 83.855 | Success = 0.000 | Success 1000 = 0.667
I0502 15:24:24.200690 139555013154368 terminal.py:91] [Learner] Actor Episodes = 7342 | Actor Loss = 3.641099214553833 | Actor Steps = 367100 | Binary Accuracy = 0.9959394931793213 | Categorical Accuracy = 0.40087890625 | Critic Loss = 2.085665464401245 | Entropy Mean = -15.50862979888916 | Evaluator Episodes = 1842 | Evaluator Steps = 92100 | Learner Steps = 5584 | Learner Walltime = 1088.393 | Logits Neg = -15.580819129943848 | Logits Pos = -2.073756217956543 | Logsumexp = 1.3215211629867554 | Steps Per Second = 850.540
I0502 15:24:24.921909 139579566835264 terminal.py:91] [Evaluator] Actor Episodes = 7348 | Actor Steps = 367400 | Delta Dist = 11.587 | Delta Dist 10 = 9.816 | Delta Dist 100 = 8.952 | Delta Dist 1000 = 9.141 | Episode Length = 50 | Episode Return = 19.0 | Evaluator Episodes = 1844 | Evaluator Steps = 92200 | Final Dist = 1.219 | Final Dist 10 = 2.990 | Final Dist 100 = 3.854 | Final Dist 1000 = 3.665 | Init Dist = 12.806 | Init Dist 10 = 12.806 | Init Dist 100 = 12.806 | Init Dist 1000 = 12.806 | Learner Steps = 5583 | Learner Walltime = 1088.317 | Min Dist = 0.068 | Min Dist 10 = 2.345 | Min Dist 100 = 3.245 | Min Dist 1000 = 2.976 | Steps Per Second = 81.933 | Success = 1.000 | Success 1000 = 0.666
I0502 15:24:26.100840 139579566835264 terminal.py:91] [Evaluator] Actor Episodes = 7356 | Actor Steps = 367800 | Delta Dist = 1.625 | Delta Dist 10 = 9.854 | Delta Dist 100 = 8.986 | Delta Dist 1000 = 9.141 | Episode Length = 50 | Episode Return = 0.0 | Evaluator Episodes = 1846 | Evaluator Steps = 92300 | Final Dist = 11.182 | Final Dist 10 = 2.952 | Final Dist 100 = 3.821 | Final Dist 1000 = 3.665 | Init Dist = 12.806 | Init Dist 10 = 12.806 | Init Dist 100 = 12.806 | Init Dist 1000 = 12.806 | Learner Steps = 5590 | Learner Walltime = 1089.494 | Min Dist = 10.132 | Min Dist 10 = 2.312 | Min Dist 100 = 3.243 | Min Dist 1000 = 2.976 | Steps Per Second = 82.390 | Success = 0.000 | Success 1000 = 0.666
I0502 15:24:26.636843 139584504182336 lp_utils.py:96] StepsLimiter: Reached 368100 recorded steps
I0502 15:24:27.090675 139569349502528 terminal.py:91] [Actor] Actor Episodes = 7361 | Actor Steps = 368050 | Delta Dist = 3.009 | Delta Dist 10 = 5.248 | Delta Dist 100 = 4.358 | Delta Dist 1000 = 4.202 | Episode Length = 50 | Episode Return = 31.0 | Evaluator Episodes = 1846 | Evaluator Steps = 92300 | Final Dist = 0.597 | Final Dist 10 = 1.468 | Final Dist 100 = 1.410 | Final Dist 1000 = 1.582 | Init Dist = 3.606 | Init Dist 10 = 6.716 | Init Dist 100 = 5.768 | Init Dist 1000 = 5.784 | Learner Steps = 5590 | Learner Walltime = 1089.494 | Min Dist = 0.085 | Min Dist 10 = 0.246 | Min Dist 100 = 0.289 | Min Dist 1000 = 0.196 | Steps Per Second = 86.651 | Success = 1.000 | Success 1000 = 0.985
I0502 15:24:27.237964 139579566835264 terminal.py:91] [Evaluator] Actor Episodes = 7364 | Actor Steps = 368200 | Delta Dist = 11.825 | Delta Dist 10 = 8.905 | Delta Dist 100 = 8.885 | Delta Dist 1000 = 9.122 | Episode Length = 50 | Episode Return = 14.0 | Evaluator Episodes = 1848 | Evaluator Steps = 92400 | Final Dist = 0.981 | Final Dist 10 = 3.901 | Final Dist 100 = 3.921 | Final Dist 1000 = 3.684 | Init Dist = 12.806 | Init Dist 10 = 12.806 | Init Dist 100 = 12.806 | Init Dist 1000 = 12.806 | Learner Steps = 5596 | Learner Walltime = 1090.716 | Min Dist = 0.316 | Min Dist 10 = 3.325 | Min Dist 100 = 3.341 | Min Dist 1000 = 2.997 | Steps Per Second = 96.514 | Success = 1.000 | Success 1000 = 0.664
I0502 15:24:27.735420 139557462840896 terminal.py:91] [Actor] Actor Episodes = 7370 | Actor Steps = 368500 | Delta Dist = 1.785 | Delta Dist 10 = 4.126 | Delta Dist 100 = 4.464 | Delta Dist 1000 = 4.200 | Episode Length = 50 | Episode Return = 29.0 | Evaluator Episodes = 1848 | Evaluator Steps = 92400 | Final Dist = 0.451 | Final Dist 10 = 1.976 | Final Dist 100 = 1.474 | Final Dist 1000 = 1.593 | Init Dist = 2.236 | Init Dist 10 = 6.102 | Init Dist 100 = 5.937 | Init Dist 1000 = 5.794 | Learner Steps = 5596 | Learner Walltime = 1090.716 | Min Dist = 0.094 | Min Dist 10 = 0.868 | Min Dist 100 = 0.356 | Min Dist 1000 = 0.203 | Steps Per Second = 81.637 | Success = 1.000 | Success 1000 = 0.985
I0502 15:24:28.454596 139579566835264 terminal.py:91] [Evaluator] Actor Episodes = 7372 | Actor Steps = 368600 | Delta Dist = 12.575 | Delta Dist 10 = 9.880 | Delta Dist 100 = 8.982 | Delta Dist 1000 = 9.125 | Episode Length = 50 | Episode Return = 21.0 | Evaluator Episodes = 1850 | Evaluator Steps = 92500 | Final Dist = 0.231 | Final Dist 10 = 2.926 | Final Dist 100 = 3.824 | Final Dist 1000 = 3.682 | Init Dist = 12.806 | Init Dist 10 = 12.806 | Init Dist 100 = 12.806 | Init Dist 1000 = 12.806 | Learner Steps = 5604 | Learner Walltime = 1092.017 | Min Dist = 0.211 | Min Dist 10 = 2.360 | Min Dist 100 = 3.243 | Min Dist 1000 = 2.997 | Steps Per Second = 87.680 | Success = 1.000 | Success 1000 = 0.664
I0502 15:24:29.616206 139583350109760 savers.py:156] Saving checkpoint: logs/contrastive_cpc_point_FourRooms_64/5dd72662-2788-11f0-b183-d85ed38c5779/checkpoints/learner
I0502 15:24:29.627093 139579566835264 terminal.py:91] [Evaluator] Actor Episodes = 7380 | Actor Steps = 369000 | Delta Dist = 12.466 | Delta Dist 10 = 9.916 | Delta Dist 100 = 9.112 | Delta Dist 1000 = 9.126 | Episode Length = 50 | Episode Return = 29.0 | Evaluator Episodes = 1852 | Evaluator Steps = 92600 | Final Dist = 0.341 | Final Dist 10 = 2.890 | Final Dist 100 = 3.694 | Final Dist 1000 = 3.681 | Init Dist = 12.806 | Init Dist 10 = 12.806 | Init Dist 100 = 12.806 | Init Dist 1000 = 12.806 | Learner Steps = 5610 | Learner Walltime = 1093.221 | Min Dist = 0.150 | Min Dist 10 = 2.383 | Min Dist 100 = 3.137 | Min Dist 1000 = 2.997 | Steps Per Second = 81.847 | Success = 1.000 | Success 1000 = 0.664
I0502 15:24:30.092845 139555860620864 terminal.py:91] [Actor] Actor Episodes = 7384 | Actor Steps = 369200 | Delta Dist = 9.658 | Delta Dist 10 = 5.296 | Delta Dist 100 = 4.526 | Delta Dist 1000 = 4.204 | Episode Length = 50 | Episode Return = 30.0 | Evaluator Episodes = 1852 | Evaluator Steps = 92600 | Final Dist = 0.191 | Final Dist 10 = 1.644 | Final Dist 100 = 1.559 | Final Dist 1000 = 1.602 | Init Dist = 9.849 | Init Dist 10 = 6.940 | Init Dist 100 = 6.085 | Init Dist 1000 = 5.806 | Learner Steps = 5610 | Learner Walltime = 1093.221 | Min Dist = 0.019 | Min Dist 10 = 0.088 | Min Dist 100 = 0.362 | Min Dist 1000 = 0.203 | Steps Per Second = 75.794 | Success = 1.000 | Success 1000 = 0.985
I0502 15:24:30.404925 139558059398720 terminal.py:91] [Actor] Actor Episodes = 7388 | Actor Steps = 369400 | Delta Dist = 6.198 | Delta Dist 10 = 5.407 | Delta Dist 100 = 4.468 | Delta Dist 1000 = 4.207 | Episode Length = 50 | Episode Return = 34.0 | Evaluator Episodes = 1852 | Evaluator Steps = 92600 | Final Dist = 0.873 | Final Dist 10 = 1.696 | Final Dist 100 = 1.537 | Final Dist 1000 = 1.601 | Init Dist = 7.071 | Init Dist 10 = 7.104 | Init Dist 100 = 6.005 | Init Dist 1000 = 5.809 | Learner Steps = 5610 | Learner Walltime = 1093.221 | Min Dist = 0.074 | Min Dist 10 = 0.150 | Min Dist 100 = 0.366 | Min Dist 1000 = 0.204 | Steps Per Second = 90.559 | Success = 1.000 | Success 1000 = 0.985
I0502 15:24:30.866075 139579566835264 terminal.py:91] [Evaluator] Actor Episodes = 7388 | Actor Steps = 369400 | Delta Dist = 2.193 | Delta Dist 10 = 9.127 | Delta Dist 100 = 9.032 | Delta Dist 1000 = 9.116 | Episode Length = 50 | Episode Return = 0.0 | Evaluator Episodes = 1854 | Evaluator Steps = 92700 | Final Dist = 10.614 | Final Dist 10 = 3.680 | Final Dist 100 = 3.774 | Final Dist 1000 = 3.690 | Init Dist = 12.806 | Init Dist 10 = 12.806 | Init Dist 100 = 12.806 | Init Dist 1000 = 12.806 | Learner Steps = 5614 | Learner Walltime = 1094.658 | Min Dist = 10.546 | Min Dist 10 = 3.260 | Min Dist 100 = 3.231 | Min Dist 1000 = 3.007 | Steps Per Second = 82.944 | Success = 0.000 | Success 1000 = 0.663
I0502 15:24:32.081138 139579566835264 terminal.py:91] [Evaluator] Actor Episodes = 7396 | Actor Steps = 369800 | Delta Dist = 12.271 | Delta Dist 10 = 8.168 | Delta Dist 100 = 9.040 | Delta Dist 1000 = 9.107 | Episode Length = 50 | Episode Return = 13.0 | Evaluator Episodes = 1856 | Evaluator Steps = 92800 | Final Dist = 0.536 | Final Dist 10 = 4.638 | Final Dist 100 = 3.767 | Final Dist 1000 = 3.699 | Init Dist = 12.806 | Init Dist 10 = 12.806 | Init Dist 100 = 12.806 | Init Dist 1000 = 12.806 | Learner Steps = 5623 | Learner Walltime = 1095.724 | Min Dist = 0.026 | Min Dist 10 = 4.283 | Min Dist 100 = 3.220 | Min Dist 1000 = 3.017 | Steps Per Second = 79.672 | Success = 1.000 | Success 1000 = 0.662
I0502 15:24:33.314690 139579566835264 terminal.py:91] [Evaluator] Actor Episodes = 7404 | Actor Steps = 370200 | Delta Dist = 12.287 | Delta Dist 10 = 10.177 | Delta Dist 100 = 9.230 | Delta Dist 1000 = 9.109 | Episode Length = 50 | Episode Return = 8.0 | Evaluator Episodes = 1858 | Evaluator Steps = 92900 | Final Dist = 0.519 | Final Dist 10 = 2.629 | Final Dist 100 = 3.576 | Final Dist 1000 = 3.698 | Init Dist = 12.806 | Init Dist 10 = 12.806 | Init Dist 100 = 12.806 | Init Dist 1000 = 12.806 | Learner Steps = 5629 | Learner Walltime = 1096.789 | Min Dist = 0.412 | Min Dist 10 = 2.225 | Min Dist 100 = 3.014 | Min Dist 1000 = 3.016 | Steps Per Second = 79.218 | Success = 1.000 | Success 1000 = 0.662
I0502 15:24:34.309239 139555013154368 terminal.py:91] [Learner] Actor Episodes = 7408 | Actor Loss = 3.6882669925689697 | Actor Steps = 370400 | Binary Accuracy = 0.9960126876831055 | Categorical Accuracy = 0.3983154296875 | Critic Loss = 2.0700221061706543 | Entropy Mean = -17.76764678955078 | Evaluator Episodes = 1858 | Evaluator Steps = 92900 | Learner Steps = 5638 | Learner Walltime = 1098.508 | Logits Neg = -16.150623321533203 | Logits Pos = -2.0740318298339844 | Logsumexp = 1.1855716705322266 | Steps Per Second = 168.170
I0502 15:24:34.432282 139579566835264 terminal.py:91] [Evaluator] Actor Episodes = 7412 | Actor Steps = 370600 | Delta Dist = 11.416 | Delta Dist 10 = 10.202 | Delta Dist 100 = 9.427 | Delta Dist 1000 = 9.110 | Episode Length = 50 | Episode Return = 13.0 | Evaluator Episodes = 1860 | Evaluator Steps = 93000 | Final Dist = 1.390 | Final Dist 10 = 2.605 | Final Dist 100 = 3.379 | Final Dist 1000 = 3.696 | Init Dist = 12.806 | Init Dist 10 = 12.806 | Init Dist 100 = 12.806 | Init Dist 1000 = 12.806 | Learner Steps = 5635 | Learner Walltime = 1097.929 | Min Dist = 0.353 | Min Dist 10 = 2.208 | Min Dist 100 = 2.813 | Min Dist 1000 = 3.016 | Steps Per Second = 90.956 | Success = 1.000 | Success 1000 = 0.662
I0502 15:24:34.529453 139584635659840 savers.py:156] Saving checkpoint: logs/contrastive_cpc_point_FourRooms_64/5dd72662-2788-11f0-b183-d85ed38c5779/checkpoints/counter
I0502 15:24:35.710116 139579566835264 terminal.py:91] [Evaluator] Actor Episodes = 7420 | Actor Steps = 371000 | Delta Dist = 11.415 | Delta Dist 10 = 10.149 | Delta Dist 100 = 9.429 | Delta Dist 1000 = 9.111 | Episode Length = 50 | Episode Return = 23.0 | Evaluator Episodes = 1862 | Evaluator Steps = 93100 | Final Dist = 1.392 | Final Dist 10 = 2.658 | Final Dist 100 = 3.377 | Final Dist 1000 = 3.695 | Init Dist = 12.806 | Init Dist 10 = 12.806 | Init Dist 100 = 12.806 | Init Dist 1000 = 12.806 | Learner Steps = 5640 | Learner Walltime = 1099.067 | Min Dist = 0.361 | Min Dist 10 = 2.232 | Min Dist 100 = 2.815 | Min Dist 1000 = 3.015 | Steps Per Second = 80.515 | Success = 1.000 | Success 1000 = 0.663
I0502 15:24:36.652508 139584504182336 lp_utils.py:96] StepsLimiter: Reached 371400 recorded steps
I0502 15:24:36.967618 139579566835264 terminal.py:91] [Evaluator] Actor Episodes = 7428 | Actor Steps = 371400 | Delta Dist = 12.352 | Delta Dist 10 = 11.043 | Delta Dist 100 = 9.517 | Delta Dist 1000 = 9.111 | Episode Length = 50 | Episode Return = 14.0 | Evaluator Episodes = 1864 | Evaluator Steps = 93200 | Final Dist = 0.454 | Final Dist 10 = 1.764 | Final Dist 100 = 3.290 | Final Dist 1000 = 3.695 | Init Dist = 12.806 | Init Dist 10 = 12.806 | Init Dist 100 = 12.806 | Init Dist 1000 = 12.806 | Learner Steps = 5647 | Learner Walltime = 1100.298 | Min Dist = 0.270 | Min Dist 10 = 1.247 | Min Dist 100 = 2.714 | Min Dist 1000 = 3.015 | Steps Per Second = 83.562 | Success = 1.000 | Success 1000 = 0.663
I0502 15:24:37.473065 139569349502528 terminal.py:91] [Actor] Actor Episodes = 7434 | Actor Steps = 371700 | Delta Dist = -0.534 | Delta Dist 10 = 2.753 | Delta Dist 100 = 4.560 | Delta Dist 1000 = 4.205 | Episode Length = 50 | Episode Return = 49.0 | Evaluator Episodes = 1864 | Evaluator Steps = 93200 | Final Dist = 10.021 | Final Dist 10 = 2.828 | Final Dist 100 = 1.555 | Final Dist 1000 = 1.600 | Init Dist = 9.487 | Init Dist 10 = 5.581 | Init Dist 100 = 6.115 | Init Dist 1000 = 5.804 | Learner Steps = 5653 | Learner Walltime = 1101.599 | Min Dist = 0.068 | Min Dist 10 = 1.550 | Min Dist 100 = 0.430 | Min Dist 1000 = 0.212 | Steps Per Second = 80.658 | Success = 1.000 | Success 1000 = 0.984
I0502 15:24:37.799078 139557462840896 terminal.py:91] [Actor] Actor Episodes = 7433 | Actor Steps = 371650 | Delta Dist = 8.043 | Delta Dist 10 = 3.190 | Delta Dist 100 = 4.616 | Delta Dist 1000 = 4.212 | Episode Length = 50 | Episode Return = 34.0 | Evaluator Episodes = 1864 | Evaluator Steps = 93200 | Final Dist = 0.559 | Final Dist 10 = 2.801 | Final Dist 100 = 1.552 | Final Dist 1000 = 1.600 | Init Dist = 8.602 | Init Dist 10 = 5.991 | Init Dist 100 = 6.169 | Init Dist 1000 = 5.812 | Learner Steps = 5647 | Learner Walltime = 1100.298 | Min Dist = 0.017 | Min Dist 10 = 1.556 | Min Dist 100 = 0.423 | Min Dist 1000 = 0.212 | Steps Per Second = 91.452 | Success = 1.000 | Success 1000 = 0.984
I0502 15:24:38.132167 139579566835264 terminal.py:91] [Evaluator] Actor Episodes = 7436 | Actor Steps = 371800 | Delta Dist = 11.207 | Delta Dist 10 = 12.044 | Delta Dist 100 = 9.535 | Delta Dist 1000 = 9.112 | Episode Length = 50 | Episode Return = 11.0 | Evaluator Episodes = 1866 | Evaluator Steps = 93300 | Final Dist = 1.600 | Final Dist 10 = 0.762 | Final Dist 100 = 3.271 | Final Dist 1000 = 3.694 | Init Dist = 12.806 | Init Dist 10 = 12.806 | Init Dist 100 = 12.806 | Init Dist 1000 = 12.806 | Learner Steps = 5653 | Learner Walltime = 1101.599 | Min Dist = 0.060 | Min Dist 10 = 0.229 | Min Dist 100 = 2.707 | Min Dist 1000 = 3.015 | Steps Per Second = 89.403 | Success = 1.000 | Success 1000 = 0.663
I0502 15:24:39.218903 139579566835264 terminal.py:91] [Evaluator] Actor Episodes = 7444 | Actor Steps = 372200 | Delta Dist = 11.481 | Delta Dist 10 = 10.873 | Delta Dist 100 = 9.520 | Delta Dist 1000 = 9.100 | Episode Length = 50 | Episode Return = 10.0 | Evaluator Episodes = 1868 | Evaluator Steps = 93400 | Final Dist = 1.325 | Final Dist 10 = 1.933 | Final Dist 100 = 3.286 | Final Dist 1000 = 3.706 | Init Dist = 12.806 | Init Dist 10 = 12.806 | Init Dist 100 = 12.806 | Init Dist 1000 = 12.806 | Learner Steps = 5658 | Learner Walltime = 1102.691 | Min Dist = 0.472 | Min Dist 10 = 1.284 | Min Dist 100 = 2.705 | Min Dist 1000 = 3.026 | Steps Per Second = 79.473 | Success = 1.000 | Success 1000 = 0.662
I0502 15:24:40.313772 139555860620864 terminal.py:91] [Actor] Actor Episodes = 7449 | Actor Steps = 372450 | Delta Dist = 6.967 | Delta Dist 10 = 3.970 | Delta Dist 100 = 4.582 | Delta Dist 1000 = 4.199 | Episode Length = 50 | Episode Return = 18.0 | Evaluator Episodes = 1868 | Evaluator Steps = 93400 | Final Dist = 0.033 | Final Dist 10 = 1.464 | Final Dist 100 = 1.553 | Final Dist 1000 = 1.602 | Init Dist = 7.000 | Init Dist 10 = 5.434 | Init Dist 100 = 6.135 | Init Dist 1000 = 5.801 | Learner Steps = 5658 | Learner Walltime = 1102.691 | Min Dist = 0.033 | Min Dist 10 = 0.075 | Min Dist 100 = 0.344 | Min Dist 1000 = 0.212 | Steps Per Second = 79.116 | Success = 1.000 | Success 1000 = 0.984
I0502 15:24:40.395859 139579566835264 terminal.py:91] [Evaluator] Actor Episodes = 7452 | Actor Steps = 372600 | Delta Dist = 12.660 | Delta Dist 10 = 10.709 | Delta Dist 100 = 9.524 | Delta Dist 1000 = 9.110 | Episode Length = 50 | Episode Return = 5.0 | Evaluator Episodes = 1870 | Evaluator Steps = 93500 | Final Dist = 0.146 | Final Dist 10 = 2.097 | Final Dist 100 = 3.283 | Final Dist 1000 = 3.696 | Init Dist = 12.806 | Init Dist 10 = 12.806 | Init Dist 100 = 12.806 | Init Dist 1000 = 12.806 | Learner Steps = 5665 | Learner Walltime = 1103.905 | Min Dist = 0.146 | Min Dist 10 = 1.316 | Min Dist 100 = 2.710 | Min Dist 1000 = 3.017 | Steps Per Second = 80.985 | Success = 1.000 | Success 1000 = 0.663
I0502 15:24:40.873040 139558059398720 terminal.py:91] [Actor] Actor Episodes = 7453 | Actor Steps = 372650 | Delta Dist = 7.712 | Delta Dist 10 = 4.972 | Delta Dist 100 = 4.626 | Delta Dist 1000 = 4.206 | Episode Length = 50 | Episode Return = 28.0 | Evaluator Episodes = 1868 | Evaluator Steps = 93400 | Final Dist = 0.288 | Final Dist 10 = 0.583 | Final Dist 100 = 1.546 | Final Dist 1000 = 1.600 | Init Dist = 8.000 | Init Dist 10 = 5.555 | Init Dist 100 = 6.172 | Init Dist 1000 = 5.806 | Learner Steps = 5665 | Learner Walltime = 1103.905 | Min Dist = 0.288 | Min Dist 10 = 0.070 | Min Dist 100 = 0.341 | Min Dist 1000 = 0.210 | Steps Per Second = 78.053 | Success = 1.000 | Success 1000 = 0.984
I0502 15:24:41.684768 139579566835264 terminal.py:91] [Evaluator] Actor Episodes = 7460 | Actor Steps = 373000 | Delta Dist = 11.246 | Delta Dist 10 = 10.705 | Delta Dist 100 = 9.538 | Delta Dist 1000 = 9.110 | Episode Length = 50 | Episode Return = 12.0 | Evaluator Episodes = 1872 | Evaluator Steps = 93600 | Final Dist = 1.561 | Final Dist 10 = 2.101 | Final Dist 100 = 3.268 | Final Dist 1000 = 3.696 | Init Dist = 12.806 | Init Dist 10 = 12.806 | Init Dist 100 = 12.806 | Init Dist 1000 = 12.806 | Learner Steps = 5671 | Learner Walltime = 1104.910 | Min Dist = 0.026 | Min Dist 10 = 1.307 | Min Dist 100 = 2.689 | Min Dist 1000 = 3.018 | Steps Per Second = 76.913 | Success = 1.000 | Success 1000 = 0.663
I0502 15:24:42.807508 139579566835264 terminal.py:91] [Evaluator] Actor Episodes = 7468 | Actor Steps = 373400 | Delta Dist = 12.671 | Delta Dist 10 = 9.650 | Delta Dist 100 = 9.426 | Delta Dist 1000 = 9.100 | Episode Length = 50 | Episode Return = 11.0 | Evaluator Episodes = 1874 | Evaluator Steps = 93700 | Final Dist = 0.135 | Final Dist 10 = 3.156 | Final Dist 100 = 3.380 | Final Dist 1000 = 3.706 | Init Dist = 12.806 | Init Dist 10 = 12.806 | Init Dist 100 = 12.806 | Init Dist 1000 = 12.806 | Learner Steps = 5677 | Learner Walltime = 1106.286 | Min Dist = 0.062 | Min Dist 10 = 2.349 | Min Dist 100 = 2.790 | Min Dist 1000 = 3.028 | Steps Per Second = 82.825 | Success = 1.000 | Success 1000 = 0.662
I0502 15:24:44.167933 139579566835264 terminal.py:91] [Evaluator] Actor Episodes = 7476 | Actor Steps = 373800 | Delta Dist = 12.365 | Delta Dist 10 = 9.429 | Delta Dist 100 = 9.426 | Delta Dist 1000 = 9.098 | Episode Length = 50 | Episode Return = 32.0 | Evaluator Episodes = 1876 | Evaluator Steps = 93800 | Final Dist = 0.441 | Final Dist 10 = 3.377 | Final Dist 100 = 3.381 | Final Dist 1000 = 3.708 | Init Dist = 12.806 | Init Dist 10 = 12.806 | Init Dist 100 = 12.806 | Init Dist 1000 = 12.806 | Learner Steps = 5683 | Learner Walltime = 1107.578 | Min Dist = 0.094 | Min Dist 10 = 2.450 | Min Dist 100 = 2.788 | Min Dist 1000 = 3.029 | Steps Per Second = 75.266 | Success = 1.000 | Success 1000 = 0.661
I0502 15:24:44.543507 139555013154368 terminal.py:91] [Learner] Actor Episodes = 7478 | Actor Loss = 3.788240909576416 | Actor Steps = 373900 | Binary Accuracy = 0.9960389137268066 | Categorical Accuracy = 0.42694091796875 | Critic Loss = 1.9328062534332275 | Entropy Mean = -16.149906158447266 | Evaluator Episodes = 1876 | Evaluator Steps = 93800 | Learner Steps = 5690 | Learner Walltime = 1108.742 | Logits Neg = -16.366552352905273 | Logits Pos = -1.932976484298706 | Logsumexp = 1.1832466125488281 | Steps Per Second = 219.650
I0502 15:24:45.290809 139579566835264 terminal.py:91] [Evaluator] Actor Episodes = 7484 | Actor Steps = 374200 | Delta Dist = 11.952 | Delta Dist 10 = 10.390 | Delta Dist 100 = 9.414 | Delta Dist 1000 = 9.097 | Episode Length = 50 | Episode Return = 17.0 | Evaluator Episodes = 1878 | Evaluator Steps = 93900 | Final Dist = 0.855 | Final Dist 10 = 2.416 | Final Dist 100 = 3.392 | Final Dist 1000 = 3.710 | Init Dist = 12.806 | Init Dist 10 = 12.806 | Init Dist 100 = 12.806 | Init Dist 1000 = 12.806 | Learner Steps = 5690 | Learner Walltime = 1108.742 | Min Dist = 0.280 | Min Dist 10 = 1.727 | Min Dist 100 = 2.820 | Min Dist 1000 = 3.032 | Steps Per Second = 88.014 | Success = 1.000 | Success 1000 = 0.660
I0502 15:24:46.528174 139579566835264 terminal.py:91] [Evaluator] Actor Episodes = 7492 | Actor Steps = 374600 | Delta Dist = 2.464 | Delta Dist 10 = 9.549 | Delta Dist 100 = 9.325 | Delta Dist 1000 = 9.086 | Episode Length = 50 | Episode Return = 0.0 | Evaluator Episodes = 1880 | Evaluator Steps = 94000 | Final Dist = 10.343 | Final Dist 10 = 3.257 | Final Dist 100 = 3.481 | Final Dist 1000 = 3.720 | Init Dist = 12.806 | Init Dist 10 = 12.806 | Init Dist 100 = 12.806 | Init Dist 1000 = 12.806 | Learner Steps = 5696 | Learner Walltime = 1109.916 | Min Dist = 10.274 | Min Dist 10 = 2.701 | Min Dist 100 = 2.920 | Min Dist 1000 = 3.042 | Steps Per Second = 81.995 | Success = 0.000 | Success 1000 = 0.659
I0502 15:24:46.670372 139584504182336 lp_utils.py:96] StepsLimiter: Reached 374600 recorded steps
I0502 15:24:47.842953 139579566835264 terminal.py:91] [Evaluator] Actor Episodes = 7500 | Actor Steps = 375000 | Delta Dist = 11.305 | Delta Dist 10 = 8.636 | Delta Dist 100 = 9.231 | Delta Dist 1000 = 9.078 | Episode Length = 50 | Episode Return = 1.0 | Evaluator Episodes = 1882 | Evaluator Steps = 94100 | Final Dist = 1.502 | Final Dist 10 = 4.170 | Final Dist 100 = 3.575 | Final Dist 1000 = 3.728 | Init Dist = 12.806 | Init Dist 10 = 12.806 | Init Dist 100 = 12.806 | Init Dist 1000 = 12.806 | Learner Steps = 5702 | Learner Walltime = 1111.075 | Min Dist = 0.918 | Min Dist 10 = 3.701 | Min Dist 100 = 3.022 | Min Dist 1000 = 3.052 | Steps Per Second = 76.738 | Success = 1.000 | Success 1000 = 0.658
I0502 15:24:48.017380 139569349502528 terminal.py:91] [Actor] Actor Episodes = 7502 | Actor Steps = 375100 | Delta Dist = 2.184 | Delta Dist 10 = 5.246 | Delta Dist 100 = 4.747 | Delta Dist 1000 = 4.236 | Episode Length = 50 | Episode Return = 27.0 | Evaluator Episodes = 1882 | Evaluator Steps = 94100 | Final Dist = 0.816 | Final Dist 10 = 0.837 | Final Dist 100 = 1.521 | Final Dist 1000 = 1.564 | Init Dist = 3.000 | Init Dist 10 = 6.082 | Init Dist 100 = 6.268 | Init Dist 1000 = 5.800 | Learner Steps = 5702 | Learner Walltime = 1111.075 | Min Dist = 0.030 | Min Dist 10 = 0.128 | Min Dist 100 = 0.267 | Min Dist 1000 = 0.201 | Steps Per Second = 81.784 | Success = 1.000 | Success 1000 = 0.984
I0502 15:24:48.165253 139557462840896 terminal.py:91] [Actor] Actor Episodes = 7504 | Actor Steps = 375200 | Delta Dist = 4.542 | Delta Dist 10 = 5.313 | Delta Dist 100 = 4.727 | Delta Dist 1000 = 4.230 | Episode Length = 50 | Episode Return = 41.0 | Evaluator Episodes = 1882 | Evaluator Steps = 94100 | Final Dist = 0.557 | Final Dist 10 = 0.753 | Final Dist 100 = 1.517 | Final Dist 1000 = 1.565 | Init Dist = 5.099 | Init Dist 10 = 6.066 | Init Dist 100 = 6.244 | Init Dist 1000 = 5.795 | Learner Steps = 5708 | Learner Walltime = 1112.316 | Min Dist = 0.020 | Min Dist 10 = 0.118 | Min Dist 100 = 0.267 | Min Dist 1000 = 0.201 | Steps Per Second = 74.083 | Success = 1.000 | Success 1000 = 0.984
I0502 15:24:49.036922 139579566835264 terminal.py:91] [Evaluator] Actor Episodes = 7508 | Actor Steps = 375400 | Delta Dist = 12.247 | Delta Dist 10 = 8.598 | Delta Dist 100 = 9.112 | Delta Dist 1000 = 9.069 | Episode Length = 50 | Episode Return = 12.0 | Evaluator Episodes = 1884 | Evaluator Steps = 94200 | Final Dist = 0.560 | Final Dist 10 = 4.208 | Final Dist 100 = 3.694 | Final Dist 1000 = 3.737 | Init Dist = 12.806 | Init Dist 10 = 12.806 | Init Dist 100 = 12.806 | Init Dist 1000 = 12.806 | Learner Steps = 5708 | Learner Walltime = 1112.316 | Min Dist = 0.345 | Min Dist 10 = 3.741 | Min Dist 100 = 3.130 | Min Dist 1000 = 3.061 | Steps Per Second = 83.062 | Success = 1.000 | Success 1000 = 0.658
I0502 15:24:50.156485 139579566835264 terminal.py:91] [Evaluator] Actor Episodes = 7514 | Actor Steps = 375700 | Delta Dist = 11.825 | Delta Dist 10 = 7.760 | Delta Dist 100 = 9.118 | Delta Dist 1000 = 9.058 | Episode Length = 50 | Episode Return = 6.0 | Evaluator Episodes = 1886 | Evaluator Steps = 94300 | Final Dist = 0.981 | Final Dist 10 = 5.046 | Final Dist 100 = 3.688 | Final Dist 1000 = 3.748 | Init Dist = 12.806 | Init Dist 10 = 12.806 | Init Dist 100 = 12.806 | Init Dist 1000 = 12.806 | Learner Steps = 5715 | Learner Walltime = 1113.508 | Min Dist = 0.380 | Min Dist 10 = 4.693 | Min Dist 100 = 3.133 | Min Dist 1000 = 3.072 | Steps Per Second = 75.304 | Success = 1.000 | Success 1000 = 0.657
I0502 15:24:50.815643 139555860620864 terminal.py:91] [Actor] Actor Episodes = 7522 | Actor Steps = 376100 | Delta Dist = 6.399 | Delta Dist 10 = 3.255 | Delta Dist 100 = 4.353 | Delta Dist 1000 = 4.233 | Episode Length = 50 | Episode Return = 29.0 | Evaluator Episodes = 1886 | Evaluator Steps = 94300 | Final Dist = 0.672 | Final Dist 10 = 0.781 | Final Dist 100 = 1.475 | Final Dist 1000 = 1.554 | Init Dist = 7.071 | Init Dist 10 = 4.036 | Init Dist 100 = 5.828 | Init Dist 1000 = 5.787 | Learner Steps = 5720 | Learner Walltime = 1114.567 | Min Dist = 0.174 | Min Dist 10 = 0.071 | Min Dist 100 = 0.256 | Min Dist 1000 = 0.202 | Steps Per Second = 77.369 | Success = 1.000 | Success 1000 = 0.984
I0502 15:24:51.257659 139558059398720 terminal.py:91] [Actor] Actor Episodes = 7524 | Actor Steps = 376200 | Delta Dist = 2.648 | Delta Dist 10 = 4.240 | Delta Dist 100 = 4.455 | Delta Dist 1000 = 4.239 | Episode Length = 50 | Episode Return = 44.0 | Evaluator Episodes = 1886 | Evaluator Steps = 94300 | Final Dist = 0.352 | Final Dist 10 = 0.800 | Final Dist 100 = 1.485 | Final Dist 1000 = 1.554 | Init Dist = 3.000 | Init Dist 10 = 5.040 | Init Dist 100 = 5.940 | Init Dist 1000 = 5.793 | Learner Steps = 5720 | Learner Walltime = 1114.567 | Min Dist = 0.120 | Min Dist 10 = 0.090 | Min Dist 100 = 0.259 | Min Dist 1000 = 0.202 | Steps Per Second = 98.775 | Success = 1.000 | Success 1000 = 0.984
I0502 15:24:51.419938 139579566835264 terminal.py:91] [Evaluator] Actor Episodes = 7524 | Actor Steps = 376200 | Delta Dist = 12.196 | Delta Dist 10 = 7.983 | Delta Dist 100 = 9.201 | Delta Dist 1000 = 9.059 | Episode Length = 50 | Episode Return = 15.0 | Evaluator Episodes = 1888 | Evaluator Steps = 94400 | Final Dist = 0.610 | Final Dist 10 = 4.823 | Final Dist 100 = 3.605 | Final Dist 1000 = 3.747 | Init Dist = 12.806 | Init Dist 10 = 12.806 | Init Dist 100 = 12.806 | Init Dist 1000 = 12.806 | Learner Steps = 5725 | Learner Walltime = 1115.572 | Min Dist = 0.224 | Min Dist 10 = 4.433 | Min Dist 100 = 3.064 | Min Dist 1000 = 3.072 | Steps Per Second = 78.098 | Success = 1.000 | Success 1000 = 0.657
I0502 15:24:52.597815 139579566835264 terminal.py:91] [Evaluator] Actor Episodes = 7532 | Actor Steps = 376600 | Delta Dist = 11.366 | Delta Dist 10 = 8.941 | Delta Dist 100 = 9.311 | Delta Dist 1000 = 9.059 | Episode Length = 50 | Episode Return = 0.0 | Evaluator Episodes = 1890 | Evaluator Steps = 94500 | Final Dist = 1.440 | Final Dist 10 = 3.866 | Final Dist 100 = 3.495 | Final Dist 1000 = 3.748 | Init Dist = 12.806 | Init Dist 10 = 12.806 | Init Dist 100 = 12.806 | Init Dist 1000 = 12.806 | Learner Steps = 5730 | Learner Walltime = 1116.586 | Min Dist = 1.353 | Min Dist 10 = 3.446 | Min Dist 100 = 2.968 | Min Dist 1000 = 3.072 | Steps Per Second = 79.647 | Success = 0.000 | Success 1000 = 0.657
I0502 15:24:53.695518 139579566835264 terminal.py:91] [Evaluator] Actor Episodes = 7540 | Actor Steps = 377000 | Delta Dist = 6.018 | Delta Dist 10 = 9.788 | Delta Dist 100 = 9.301 | Delta Dist 1000 = 9.058 | Episode Length = 50 | Episode Return = 0.0 | Evaluator Episodes = 1892 | Evaluator Steps = 94600 | Final Dist = 6.788 | Final Dist 10 = 3.018 | Final Dist 100 = 3.506 | Final Dist 1000 = 3.748 | Init Dist = 12.806 | Init Dist 10 = 12.806 | Init Dist 100 = 12.806 | Init Dist 1000 = 12.806 | Learner Steps = 5737 | Learner Walltime = 1117.800 | Min Dist = 5.845 | Min Dist 10 = 2.610 | Min Dist 100 = 2.984 | Min Dist 1000 = 3.074 | Steps Per Second = 85.956 | Success = 0.000 | Success 1000 = 0.656
I0502 15:24:54.660741 139555013154368 terminal.py:91] [Learner] Actor Episodes = 7546 | Actor Loss = 3.6952414512634277 | Actor Steps = 377300 | Binary Accuracy = 0.9958813190460205 | Categorical Accuracy = 0.40576171875 | Critic Loss = 2.0652899742126465 | Entropy Mean = -17.4233455657959 | Evaluator Episodes = 1892 | Evaluator Steps = 94600 | Learner Steps = 5742 | Learner Walltime = 1118.857 | Logits Neg = -16.238506317138672 | Logits Pos = -2.060309886932373 | Logsumexp = 1.3571852445602417 | Steps Per Second = 190.292
I0502 15:24:54.836790 139579566835264 terminal.py:91] [Evaluator] Actor Episodes = 7548 | Actor Steps = 377400 | Delta Dist = 1.324 | Delta Dist 10 = 9.208 | Delta Dist 100 = 9.240 | Delta Dist 1000 = 9.045 | Episode Length = 50 | Episode Return = 0.0 | Evaluator Episodes = 1894 | Evaluator Steps = 94700 | Final Dist = 11.482 | Final Dist 10 = 3.598 | Final Dist 100 = 3.566 | Final Dist 1000 = 3.761 | Init Dist = 12.806 | Init Dist 10 = 12.806 | Init Dist 100 = 12.806 | Init Dist 1000 = 12.806 | Learner Steps = 5742 | Learner Walltime = 1118.857 | Min Dist = 10.507 | Min Dist 10 = 3.132 | Min Dist 100 = 3.039 | Min Dist 1000 = 3.085 | Steps Per Second = 86.526 | Success = 0.000 | Success 1000 = 0.655
I0502 15:24:55.964072 139579566835264 terminal.py:91] [Evaluator] Actor Episodes = 7556 | Actor Steps = 377800 | Delta Dist = 12.271 | Delta Dist 10 = 9.118 | Delta Dist 100 = 9.221 | Delta Dist 1000 = 9.034 | Episode Length = 50 | Episode Return = 14.0 | Evaluator Episodes = 1896 | Evaluator Steps = 94800 | Final Dist = 0.535 | Final Dist 10 = 3.688 | Final Dist 100 = 3.585 | Final Dist 1000 = 3.772 | Init Dist = 12.806 | Init Dist 10 = 12.806 | Init Dist 100 = 12.806 | Init Dist 1000 = 12.806 | Learner Steps = 5748 | Learner Walltime = 1120.026 | Min Dist = 0.346 | Min Dist 10 = 3.130 | Min Dist 100 = 3.042 | Min Dist 1000 = 3.096 | Steps Per Second = 92.672 | Success = 1.000 | Success 1000 = 0.654
I0502 15:24:56.689558 139584504182336 lp_utils.py:96] StepsLimiter: Reached 377900 recorded steps
I0502 15:24:56.980569 139579566835264 terminal.py:91] [Evaluator] Actor Episodes = 7562 | Actor Steps = 378100 | Delta Dist = 1.776 | Delta Dist 10 = 8.152 | Delta Dist 100 = 9.127 | Delta Dist 1000 = 9.026 | Episode Length = 50 | Episode Return = 0.0 | Evaluator Episodes = 1898 | Evaluator Steps = 94900 | Final Dist = 11.031 | Final Dist 10 = 4.655 | Final Dist 100 = 3.679 | Final Dist 1000 = 3.780 | Init Dist = 12.806 | Init Dist 10 = 12.806 | Init Dist 100 = 12.806 | Init Dist 1000 = 12.806 | Learner Steps = 5754 | Learner Walltime = 1121.165 | Min Dist = 10.560 | Min Dist 10 = 4.140 | Min Dist 100 = 3.144 | Min Dist 1000 = 3.106 | Steps Per Second = 100.746 | Success = 0.000 | Success 1000 = 0.653
I0502 15:24:58.008025 139579566835264 terminal.py:91] [Evaluator] Actor Episodes = 7568 | Actor Steps = 378400 | Delta Dist = 1.802 | Delta Dist 10 = 7.141 | Delta Dist 100 = 9.125 | Delta Dist 1000 = 9.014 | Episode Length = 50 | Episode Return = 0.0 | Evaluator Episodes = 1900 | Evaluator Steps = 95000 | Final Dist = 11.004 | Final Dist 10 = 5.666 | Final Dist 100 = 3.681 | Final Dist 1000 = 3.792 | Init Dist = 12.806 | Init Dist 10 = 12.806 | Init Dist 100 = 12.806 | Init Dist 1000 = 12.806 | Learner Steps = 5754 | Learner Walltime = 1121.165 | Min Dist = 10.484 | Min Dist 10 = 5.164 | Min Dist 100 = 3.148 | Min Dist 1000 = 3.117 | Steps Per Second = 94.936 | Success = 0.000 | Success 1000 = 0.652
I0502 15:24:58.321182 139569349502528 terminal.py:91] [Actor] Actor Episodes = 7567 | Actor Steps = 378350 | Delta Dist = 8.926 | Delta Dist 10 = 5.842 | Delta Dist 100 = 4.802 | Delta Dist 1000 = 4.288 | Episode Length = 50 | Episode Return = 49.0 | Evaluator Episodes = 1898 | Evaluator Steps = 94900 | Final Dist = 0.129 | Final Dist 10 = 0.373 | Final Dist 100 = 1.008 | Final Dist 1000 = 1.472 | Init Dist = 9.055 | Init Dist 10 = 6.216 | Init Dist 100 = 5.810 | Init Dist 1000 = 5.760 | Learner Steps = 5754 | Learner Walltime = 1121.165 | Min Dist = 0.086 | Min Dist 10 = 0.045 | Min Dist 100 = 0.101 | Min Dist 1000 = 0.197 | Steps Per Second = 83.244 | Success = 1.000 | Success 1000 = 0.984
I0502 15:24:58.669439 139557462840896 terminal.py:91] [Actor] Actor Episodes = 7571 | Actor Steps = 378550 | Delta Dist = 7.039 | Delta Dist 10 = 6.126 | Delta Dist 100 = 4.879 | Delta Dist 1000 = 4.299 | Episode Length = 50 | Episode Return = 21.0 | Evaluator Episodes = 1900 | Evaluator Steps = 95000 | Final Dist = 0.033 | Final Dist 10 = 0.457 | Final Dist 100 = 0.998 | Final Dist 1000 = 1.466 | Init Dist = 7.071 | Init Dist 10 = 6.583 | Init Dist 100 = 5.876 | Init Dist 1000 = 5.766 | Learner Steps = 5754 | Learner Walltime = 1121.165 | Min Dist = 0.032 | Min Dist 10 = 0.052 | Min Dist 100 = 0.101 | Min Dist 1000 = 0.197 | Steps Per Second = 79.592 | Success = 1.000 | Success 1000 = 0.984
I0502 15:24:59.201153 139579566835264 terminal.py:91] [Evaluator] Actor Episodes = 7578 | Actor Steps = 378900 | Delta Dist = 2.478 | Delta Dist 10 = 5.248 | Delta Dist 100 = 9.020 | Delta Dist 1000 = 9.006 | Episode Length = 50 | Episode Return = 0.0 | Evaluator Episodes = 1902 | Evaluator Steps = 95100 | Final Dist = 10.328 | Final Dist 10 = 7.558 | Final Dist 100 = 3.786 | Final Dist 1000 = 3.800 | Init Dist = 12.806 | Init Dist 10 = 12.806 | Init Dist 100 = 12.806 | Init Dist 1000 = 12.806 | Learner Steps = 5760 | Learner Walltime = 1122.299 | Min Dist = 10.306 | Min Dist 10 = 7.008 | Min Dist 100 = 3.250 | Min Dist 1000 = 3.126 | Steps Per Second = 87.018 | Success = 0.000 | Success 1000 = 0.651
I0502 15:25:00.413072 139579566835264 terminal.py:91] [Evaluator] Actor Episodes = 7584 | Actor Steps = 379200 | Delta Dist = 12.477 | Delta Dist 10 = 5.957 | Delta Dist 100 = 8.922 | Delta Dist 1000 = 9.004 | Episode Length = 50 | Episode Return = 24.0 | Evaluator Episodes = 1904 | Evaluator Steps = 95200 | Final Dist = 0.329 | Final Dist 10 = 6.849 | Final Dist 100 = 3.885 | Final Dist 1000 = 3.802 | Init Dist = 12.806 | Init Dist 10 = 12.806 | Init Dist 100 = 12.806 | Init Dist 1000 = 12.806 | Learner Steps = 5772 | Learner Walltime = 1124.561 | Min Dist = 0.200 | Min Dist 10 = 6.436 | Min Dist 100 = 3.350 | Min Dist 1000 = 3.130 | Steps Per Second = 82.739 | Success = 1.000 | Success 1000 = 0.651
I0502 15:25:00.878307 139555860620864 terminal.py:91] [Actor] Actor Episodes = 7585 | Actor Steps = 379250 | Delta Dist = 3.999 | Delta Dist 10 = 5.314 | Delta Dist 100 = 4.960 | Delta Dist 1000 = 4.321 | Episode Length = 50 | Episode Return = 30.0 | Evaluator Episodes = 1902 | Evaluator Steps = 95100 | Final Dist = 0.473 | Final Dist 10 = 0.752 | Final Dist 100 = 0.951 | Final Dist 1000 = 1.459 | Init Dist = 4.472 | Init Dist 10 = 6.067 | Init Dist 100 = 5.910 | Init Dist 1000 = 5.781 | Learner Steps = 5766 | Learner Walltime = 1123.402 | Min Dist = 0.020 | Min Dist 10 = 0.069 | Min Dist 100 = 0.202 | Min Dist 1000 = 0.198 | Steps Per Second = 80.139 | Success = 1.000 | Success 1000 = 0.985
I0502 15:25:01.648802 139579566835264 terminal.py:91] [Evaluator] Actor Episodes = 7592 | Actor Steps = 379600 | Delta Dist = 12.254 | Delta Dist 10 = 7.071 | Delta Dist 100 = 8.999 | Delta Dist 1000 = 9.005 | Episode Length = 50 | Episode Return = 4.0 | Evaluator Episodes = 1906 | Evaluator Steps = 95300 | Final Dist = 0.552 | Final Dist 10 = 5.735 | Final Dist 100 = 3.807 | Final Dist 1000 = 3.801 | Init Dist = 12.806 | Init Dist 10 = 12.806 | Init Dist 100 = 12.806 | Init Dist 1000 = 12.806 | Learner Steps = 5772 | Learner Walltime = 1124.561 | Min Dist = 0.552 | Min Dist 10 = 5.382 | Min Dist 100 = 3.278 | Min Dist 1000 = 3.130 | Steps Per Second = 88.505 | Success = 1.000 | Success 1000 = 0.651
I0502 15:25:01.745906 139558059398720 terminal.py:91] [Actor] Actor Episodes = 7596 | Actor Steps = 379800 | Delta Dist = 5.962 | Delta Dist 10 = 4.887 | Delta Dist 100 = 4.904 | Delta Dist 1000 = 4.317 | Episode Length = 50 | Episode Return = 15.0 | Evaluator Episodes = 1906 | Evaluator Steps = 95300 | Final Dist = 0.121 | Final Dist 10 = 1.632 | Final Dist 100 = 1.042 | Final Dist 1000 = 1.468 | Init Dist = 6.083 | Init Dist 10 = 6.519 | Init Dist 100 = 5.946 | Init Dist 1000 = 5.785 | Learner Steps = 5772 | Learner Walltime = 1124.561 | Min Dist = 0.068 | Min Dist 10 = 0.082 | Min Dist 100 = 0.200 | Min Dist 1000 = 0.197 | Steps Per Second = 86.259 | Success = 1.000 | Success 1000 = 0.985
I0502 15:25:02.837816 139579566835264 terminal.py:91] [Evaluator] Actor Episodes = 7602 | Actor Steps = 380100 | Delta Dist = 12.394 | Delta Dist 10 = 8.092 | Delta Dist 100 = 9.017 | Delta Dist 1000 = 9.006 | Episode Length = 50 | Episode Return = 17.0 | Evaluator Episodes = 1908 | Evaluator Steps = 95400 | Final Dist = 0.412 | Final Dist 10 = 4.714 | Final Dist 100 = 3.789 | Final Dist 1000 = 3.801 | Init Dist = 12.806 | Init Dist 10 = 12.806 | Init Dist 100 = 12.806 | Init Dist 1000 = 12.806 | Learner Steps = 5779 | Learner Walltime = 1125.976 | Min Dist = 0.333 | Min Dist 10 = 4.365 | Min Dist 100 = 3.274 | Min Dist 1000 = 3.130 | Steps Per Second = 87.922 | Success = 1.000 | Success 1000 = 0.651
I0502 15:25:04.026136 139579566835264 terminal.py:91] [Evaluator] Actor Episodes = 7610 | Actor Steps = 380500 | Delta Dist = 1.733 | Delta Dist 10 = 9.080 | Delta Dist 100 = 9.023 | Delta Dist 1000 = 9.006 | Episode Length = 50 | Episode Return = 0.0 | Evaluator Episodes = 1910 | Evaluator Steps = 95500 | Final Dist = 11.073 | Final Dist 10 = 3.726 | Final Dist 100 = 3.783 | Final Dist 1000 = 3.800 | Init Dist = 12.806 | Init Dist 10 = 12.806 | Init Dist 100 = 12.806 | Init Dist 1000 = 12.806 | Learner Steps = 5786 | Learner Walltime = 1127.260 | Min Dist = 10.481 | Min Dist 10 = 3.316 | Min Dist 100 = 3.268 | Min Dist 1000 = 3.131 | Steps Per Second = 80.340 | Success = 0.000 | Success 1000 = 0.651
I0502 15:25:04.869308 139555013154368 terminal.py:91] [Learner] Actor Episodes = 7610 | Actor Loss = 3.642252206802368 | Actor Steps = 380500 | Binary Accuracy = 0.9959042072296143 | Categorical Accuracy = 0.40521240234375 | Critic Loss = 2.068291664123535 | Entropy Mean = -16.977088928222656 | Evaluator Episodes = 1910 | Evaluator Steps = 95500 | Learner Steps = 5796 | Learner Walltime = 1129.066 | Logits Neg = -15.671165466308594 | Logits Pos = -2.056290864944458 | Logsumexp = 1.3507051467895508 | Steps Per Second = 256.197
I0502 15:25:05.266751 139579566835264 terminal.py:91] [Evaluator] Actor Episodes = 7618 | Actor Steps = 380900 | Delta Dist = 11.614 | Delta Dist 10 = 9.983 | Delta Dist 100 = 8.985 | Delta Dist 1000 = 9.004 | Episode Length = 50 | Episode Return = 6.0 | Evaluator Episodes = 1912 | Evaluator Steps = 95600 | Final Dist = 1.192 | Final Dist 10 = 2.823 | Final Dist 100 = 3.822 | Final Dist 1000 = 3.803 | Init Dist = 12.806 | Init Dist 10 = 12.806 | Init Dist 100 = 12.806 | Init Dist 1000 = 12.806 | Learner Steps = 5798 | Learner Walltime = 1129.383 | Min Dist = 0.313 | Min Dist 10 = 2.335 | Min Dist 100 = 3.313 | Min Dist 1000 = 3.132 | Steps Per Second = 83.550 | Success = 1.000 | Success 1000 = 0.651
I0502 15:25:06.404606 139579566835264 terminal.py:91] [Evaluator] Actor Episodes = 7626 | Actor Steps = 381300 | Delta Dist = 2.524 | Delta Dist 10 = 9.952 | Delta Dist 100 = 8.875 | Delta Dist 1000 = 8.993 | Episode Length = 50 | Episode Return = 0.0 | Evaluator Episodes = 1914 | Evaluator Steps = 95700 | Final Dist = 10.283 | Final Dist 10 = 2.855 | Final Dist 100 = 3.931 | Final Dist 1000 = 3.813 | Init Dist = 12.806 | Init Dist 10 = 12.806 | Init Dist 100 = 12.806 | Init Dist 1000 = 12.806 | Learner Steps = 5804 | Learner Walltime = 1130.558 | Min Dist = 10.118 | Min Dist 10 = 2.349 | Min Dist 100 = 3.419 | Min Dist 1000 = 3.143 | Steps Per Second = 92.507 | Success = 0.000 | Success 1000 = 0.650
I0502 15:25:06.708782 139584504182336 lp_utils.py:96] StepsLimiter: Reached 381400 recorded steps
I0502 15:25:07.628322 139579566835264 terminal.py:91] [Evaluator] Actor Episodes = 7634 | Actor Steps = 381700 | Delta Dist = 12.128 | Delta Dist 10 = 8.045 | Delta Dist 100 = 8.679 | Delta Dist 1000 = 8.975 | Episode Length = 50 | Episode Return = 11.0 | Evaluator Episodes = 1916 | Evaluator Steps = 95800 | Final Dist = 0.678 | Final Dist 10 = 4.761 | Final Dist 100 = 4.128 | Final Dist 1000 = 3.832 | Init Dist = 12.806 | Init Dist 10 = 12.806 | Init Dist 100 = 12.806 | Init Dist 1000 = 12.806 | Learner Steps = 5810 | Learner Walltime = 1131.720 | Min Dist = 0.562 | Min Dist 10 = 4.347 | Min Dist 100 = 3.617 | Min Dist 1000 = 3.163 | Steps Per Second = 82.067 | Success = 1.000 | Success 1000 = 0.648
I0502 15:25:08.360047 139569349502528 terminal.py:91] [Actor] Actor Episodes = 7638 | Actor Steps = 381900 | Delta Dist = 6.963 | Delta Dist 10 = 4.597 | Delta Dist 100 = 4.904 | Delta Dist 1000 = 4.322 | Episode Length = 50 | Episode Return = 0.0 | Evaluator Episodes = 1916 | Evaluator Steps = 95800 | Final Dist = 0.248 | Final Dist 10 = 1.372 | Final Dist 100 = 1.297 | Final Dist 1000 = 1.462 | Init Dist = 7.211 | Init Dist 10 = 5.970 | Init Dist 100 = 6.201 | Init Dist 1000 = 5.784 | Learner Steps = 5810 | Learner Walltime = 1131.720 | Min Dist = 0.156 | Min Dist 10 = 0.159 | Min Dist 100 = 0.267 | Min Dist 1000 = 0.195 | Steps Per Second = 83.843 | Success = 1.000 | Success 1000 = 0.987
I0502 15:25:08.745312 139579566835264 terminal.py:91] [Evaluator] Actor Episodes = 7642 | Actor Steps = 382100 | Delta Dist = 1.201 | Delta Dist 10 = 7.707 | Delta Dist 100 = 8.660 | Delta Dist 1000 = 8.972 | Episode Length = 50 | Episode Return = 0.0 | Evaluator Episodes = 1918 | Evaluator Steps = 95900 | Final Dist = 11.606 | Final Dist 10 = 5.099 | Final Dist 100 = 4.146 | Final Dist 1000 = 3.834 | Init Dist = 12.806 | Init Dist 10 = 12.806 | Init Dist 100 = 12.806 | Init Dist 1000 = 12.806 | Learner Steps = 5816 | Learner Walltime = 1132.851 | Min Dist = 10.628 | Min Dist 10 = 4.700 | Min Dist 100 = 3.654 | Min Dist 1000 = 3.167 | Steps Per Second = 97.034 | Success = 0.000 | Success 1000 = 0.647
I0502 15:25:09.315446 139557462840896 terminal.py:91] [Actor] Actor Episodes = 7643 | Actor Steps = 382150 | Delta Dist = 6.733 | Delta Dist 10 = 4.894 | Delta Dist 100 = 4.973 | Delta Dist 1000 = 4.338 | Episode Length = 50 | Episode Return = 30.0 | Evaluator Episodes = 1916 | Evaluator Steps = 95800 | Final Dist = 0.267 | Final Dist 10 = 1.643 | Final Dist 100 = 1.325 | Final Dist 1000 = 1.453 | Init Dist = 7.000 | Init Dist 10 = 6.537 | Init Dist 100 = 6.299 | Init Dist 1000 = 5.791 | Learner Steps = 5816 | Learner Walltime = 1132.851 | Min Dist = 0.032 | Min Dist 10 = 0.097 | Min Dist 100 = 0.266 | Min Dist 1000 = 0.193 | Steps Per Second = 76.787 | Success = 1.000 | Success 1000 = 0.987
I0502 15:25:09.856748 139579566835264 terminal.py:91] [Evaluator] Actor Episodes = 7648 | Actor Steps = 382400 | Delta Dist = 11.401 | Delta Dist 10 = 6.602 | Delta Dist 100 = 8.640 | Delta Dist 1000 = 8.962 | Episode Length = 50 | Episode Return = 13.0 | Evaluator Episodes = 1920 | Evaluator Steps = 96000 | Final Dist = 1.406 | Final Dist 10 = 6.205 | Final Dist 100 = 4.166 | Final Dist 1000 = 3.844 | Init Dist = 12.806 | Init Dist 10 = 12.806 | Init Dist 100 = 12.806 | Init Dist 1000 = 12.806 | Learner Steps = 5822 | Learner Walltime = 1133.859 | Min Dist = 0.464 | Min Dist 10 = 5.728 | Min Dist 100 = 3.658 | Min Dist 1000 = 3.175 | Steps Per Second = 96.256 | Success = 1.000 | Success 1000 = 0.647
I0502 15:25:10.958031 139579566835264 terminal.py:91] [Evaluator] Actor Episodes = 7656 | Actor Steps = 382800 | Delta Dist = 12.275 | Delta Dist 10 = 6.594 | Delta Dist 100 = 8.536 | Delta Dist 1000 = 8.953 | Episode Length = 50 | Episode Return = 18.0 | Evaluator Episodes = 1922 | Evaluator Steps = 96100 | Final Dist = 0.532 | Final Dist 10 = 6.212 | Final Dist 100 = 4.270 | Final Dist 1000 = 3.854 | Init Dist = 12.806 | Init Dist 10 = 12.806 | Init Dist 100 = 12.806 | Init Dist 1000 = 12.806 | Learner Steps = 5828 | Learner Walltime = 1135.009 | Min Dist = 0.532 | Min Dist 10 = 5.734 | Min Dist 100 = 3.765 | Min Dist 1000 = 3.185 | Steps Per Second = 91.038 | Success = 1.000 | Success 1000 = 0.646
I0502 15:25:11.370000 139555860620864 terminal.py:91] [Actor] Actor Episodes = 7657 | Actor Steps = 382850 | Delta Dist = 2.623 | Delta Dist 10 = 4.332 | Delta Dist 100 = 4.747 | Delta Dist 1000 = 4.342 | Episode Length = 50 | Episode Return = 39.0 | Evaluator Episodes = 1920 | Evaluator Steps = 96000 | Final Dist = 0.206 | Final Dist 10 = 1.387 | Final Dist 100 = 1.302 | Final Dist 1000 = 1.447 | Init Dist = 2.828 | Init Dist 10 = 5.719 | Init Dist 100 = 6.048 | Init Dist 1000 = 5.789 | Learner Steps = 5828 | Learner Walltime = 1135.009 | Min Dist = 0.093 | Min Dist 10 = 0.111 | Min Dist 100 = 0.269 | Min Dist 1000 = 0.194 | Steps Per Second = 93.216 | Success = 1.000 | Success 1000 = 0.987
I0502 15:25:12.106218 139579566835264 terminal.py:91] [Evaluator] Actor Episodes = 7664 | Actor Steps = 383200 | Delta Dist = 12.139 | Delta Dist 10 = 7.507 | Delta Dist 100 = 8.683 | Delta Dist 1000 = 8.951 | Episode Length = 50 | Episode Return = 14.0 | Evaluator Episodes = 1924 | Evaluator Steps = 96200 | Final Dist = 0.667 | Final Dist 10 = 5.299 | Final Dist 100 = 4.123 | Final Dist 1000 = 3.855 | Init Dist = 12.806 | Init Dist 10 = 12.806 | Init Dist 100 = 12.806 | Init Dist 1000 = 12.806 | Learner Steps = 5833 | Learner Walltime = 1136.022 | Min Dist = 0.323 | Min Dist 10 = 4.753 | Min Dist 100 = 3.606 | Min Dist 1000 = 3.186 | Steps Per Second = 81.280 | Success = 1.000 | Success 1000 = 0.646
I0502 15:25:12.237150 139558059398720 terminal.py:91] [Actor] Actor Episodes = 7666 | Actor Steps = 383300 | Delta Dist = 0.939 | Delta Dist 10 = 2.115 | Delta Dist 100 = 4.492 | Delta Dist 1000 = 4.328 | Episode Length = 50 | Episode Return = 33.0 | Evaluator Episodes = 1924 | Evaluator Steps = 96200 | Final Dist = 0.475 | Final Dist 10 = 2.227 | Final Dist 100 = 1.416 | Final Dist 1000 = 1.451 | Init Dist = 1.414 | Init Dist 10 = 4.342 | Init Dist 100 = 5.908 | Init Dist 1000 = 5.780 | Learner Steps = 5833 | Learner Walltime = 1136.022 | Min Dist = 0.020 | Min Dist 10 = 0.099 | Min Dist 100 = 0.272 | Min Dist 1000 = 0.194 | Steps Per Second = 84.042 | Success = 1.000 | Success 1000 = 0.987
I0502 15:25:13.245003 139579566835264 terminal.py:91] [Evaluator] Actor Episodes = 7670 | Actor Steps = 383500 | Delta Dist = 11.318 | Delta Dist 10 = 8.919 | Delta Dist 100 = 8.732 | Delta Dist 1000 = 8.947 | Episode Length = 50 | Episode Return = 14.0 | Evaluator Episodes = 1926 | Evaluator Steps = 96300 | Final Dist = 1.489 | Final Dist 10 = 3.887 | Final Dist 100 = 4.074 | Final Dist 1000 = 3.859 | Init Dist = 12.806 | Init Dist 10 = 12.806 | Init Dist 100 = 12.806 | Init Dist 1000 = 12.806 | Learner Steps = 5840 | Learner Walltime = 1137.383 | Min Dist = 0.148 | Min Dist 10 = 3.323 | Min Dist 100 = 3.561 | Min Dist 1000 = 3.192 | Steps Per Second = 88.844 | Success = 1.000 | Success 1000 = 0.645
I0502 15:25:14.383195 139579566835264 terminal.py:91] [Evaluator] Actor Episodes = 7678 | Actor Steps = 383900 | Delta Dist = 2.220 | Delta Dist 10 = 8.162 | Delta Dist 100 = 8.727 | Delta Dist 1000 = 8.938 | Episode Length = 50 | Episode Return = 0.0 | Evaluator Episodes = 1928 | Evaluator Steps = 96400 | Final Dist = 10.587 | Final Dist 10 = 4.645 | Final Dist 100 = 4.079 | Final Dist 1000 = 3.868 | Init Dist = 12.806 | Init Dist 10 = 12.806 | Init Dist 100 = 12.806 | Init Dist 1000 = 12.806 | Learner Steps = 5846 | Learner Walltime = 1138.421 | Min Dist = 10.563 | Min Dist 10 = 3.957 | Min Dist 100 = 3.555 | Min Dist 1000 = 3.201 | Steps Per Second = 89.878 | Success = 0.000 | Success 1000 = 0.645
I0502 15:25:14.996379 139555013154368 terminal.py:91] [Learner] Actor Episodes = 7676 | Actor Loss = 3.676177501678467 | Actor Steps = 383800 | Binary Accuracy = 0.9959800243377686 | Categorical Accuracy = 0.41278076171875 | Critic Loss = 2.0318188667297363 | Entropy Mean = -16.877779006958008 | Evaluator Episodes = 1926 | Evaluator Steps = 96300 | Learner Steps = 5851 | Learner Walltime = 1139.193 | Logits Neg = -16.091766357421875 | Logits Pos = -2.0144684314727783 | Logsumexp = 1.2419060468673706 | Steps Per Second = 371.477
I0502 15:25:15.488276 139579566835264 terminal.py:91] [Evaluator] Actor Episodes = 7686 | Actor Steps = 384300 | Delta Dist = 11.435 | Delta Dist 10 = 8.243 | Delta Dist 100 = 8.724 | Delta Dist 1000 = 8.938 | Episode Length = 50 | Episode Return = 7.0 | Evaluator Episodes = 1930 | Evaluator Steps = 96500 | Final Dist = 1.371 | Final Dist 10 = 4.564 | Final Dist 100 = 4.082 | Final Dist 1000 = 3.868 | Init Dist = 12.806 | Init Dist 10 = 12.806 | Init Dist 100 = 12.806 | Init Dist 1000 = 12.806 | Learner Steps = 5846 | Learner Walltime = 1138.421 | Min Dist = 0.803 | Min Dist 10 = 3.945 | Min Dist 100 = 3.553 | Min Dist 1000 = 3.201 | Steps Per Second = 89.823 | Success = 1.000 | Success 1000 = 0.645
I0502 15:25:16.586141 139579566835264 terminal.py:91] [Evaluator] Actor Episodes = 7692 | Actor Steps = 384600 | Delta Dist = 12.101 | Delta Dist 10 = 9.301 | Delta Dist 100 = 8.920 | Delta Dist 1000 = 8.946 | Episode Length = 50 | Episode Return = 2.0 | Evaluator Episodes = 1932 | Evaluator Steps = 96600 | Final Dist = 0.705 | Final Dist 10 = 3.506 | Final Dist 100 = 3.886 | Final Dist 1000 = 3.860 | Init Dist = 12.806 | Init Dist 10 = 12.806 | Init Dist 100 = 12.806 | Init Dist 1000 = 12.806 | Learner Steps = 5852 | Learner Walltime = 1139.777 | Min Dist = 0.250 | Min Dist 10 = 2.968 | Min Dist 100 = 3.353 | Min Dist 1000 = 3.194 | Steps Per Second = 89.442 | Success = 1.000 | Success 1000 = 0.646
I0502 15:25:16.729631 139584504182336 lp_utils.py:96] StepsLimiter: Reached 384700 recorded steps
I0502 15:25:17.747892 139579566835264 terminal.py:91] [Evaluator] Actor Episodes = 7702 | Actor Steps = 385100 | Delta Dist = 10.675 | Delta Dist 10 = 8.450 | Delta Dist 100 = 8.931 | Delta Dist 1000 = 8.937 | Episode Length = 50 | Episode Return = 0.0 | Evaluator Episodes = 1934 | Evaluator Steps = 96700 | Final Dist = 2.132 | Final Dist 10 = 4.356 | Final Dist 100 = 3.875 | Final Dist 1000 = 3.870 | Init Dist = 12.806 | Init Dist 10 = 12.806 | Init Dist 100 = 12.806 | Init Dist 1000 = 12.806 | Learner Steps = 5859 | Learner Walltime = 1140.944 | Min Dist = 2.132 | Min Dist 10 = 3.928 | Min Dist 100 = 3.354 | Min Dist 1000 = 3.205 | Steps Per Second = 88.483 | Success = 0.000 | Success 1000 = 0.645
I0502 15:25:18.548224 139569349502528 terminal.py:91] [Actor] Actor Episodes = 7705 | Actor Steps = 385250 | Delta Dist = 2.838 | Delta Dist 10 = 4.270 | Delta Dist 100 = 4.071 | Delta Dist 1000 = 4.309 | Episode Length = 50 | Episode Return = 35.0 | Evaluator Episodes = 1934 | Evaluator Steps = 96700 | Final Dist = 0.325 | Final Dist 10 = 1.294 | Final Dist 100 = 1.449 | Final Dist 1000 = 1.461 | Init Dist = 3.162 | Init Dist 10 = 5.564 | Init Dist 100 = 5.520 | Init Dist 1000 = 5.769 | Learner Steps = 5865 | Learner Walltime = 1142.023 | Min Dist = 0.004 | Min Dist 10 = 0.117 | Min Dist 100 = 0.151 | Min Dist 1000 = 0.193 | Steps Per Second = 81.921 | Success = 1.000 | Success 1000 = 0.987
I0502 15:25:18.913439 139579566835264 terminal.py:91] [Evaluator] Actor Episodes = 7710 | Actor Steps = 385500 | Delta Dist = 11.579 | Delta Dist 10 = 8.857 | Delta Dist 100 = 8.927 | Delta Dist 1000 = 8.936 | Episode Length = 50 | Episode Return = 15.0 | Evaluator Episodes = 1936 | Evaluator Steps = 96800 | Final Dist = 1.227 | Final Dist 10 = 3.949 | Final Dist 100 = 3.880 | Final Dist 1000 = 3.870 | Init Dist = 12.806 | Init Dist 10 = 12.806 | Init Dist 100 = 12.806 | Init Dist 1000 = 12.806 | Learner Steps = 5871 | Learner Walltime = 1143.055 | Min Dist = 0.186 | Min Dist 10 = 3.526 | Min Dist 100 = 3.367 | Min Dist 1000 = 3.206 | Steps Per Second = 87.622 | Success = 1.000 | Success 1000 = 0.644
I0502 15:25:19.732400 139557462840896 terminal.py:91] [Actor] Actor Episodes = 7715 | Actor Steps = 385750 | Delta Dist = 8.038 | Delta Dist 10 = 4.788 | Delta Dist 100 = 4.115 | Delta Dist 1000 = 4.303 | Episode Length = 50 | Episode Return = 28.0 | Evaluator Episodes = 1936 | Evaluator Steps = 96800 | Final Dist = 0.565 | Final Dist 10 = 1.295 | Final Dist 100 = 1.406 | Final Dist 1000 = 1.464 | Init Dist = 8.602 | Init Dist 10 = 6.083 | Init Dist 100 = 5.522 | Init Dist 1000 = 5.767 | Learner Steps = 5871 | Learner Walltime = 1143.055 | Min Dist = 0.021 | Min Dist 10 = 0.066 | Min Dist 100 = 0.149 | Min Dist 1000 = 0.193 | Steps Per Second = 88.320 | Success = 1.000 | Success 1000 = 0.987
I0502 15:25:20.034749 139579566835264 terminal.py:91] [Evaluator] Actor Episodes = 7718 | Actor Steps = 385900 | Delta Dist = 2.456 | Delta Dist 10 = 8.780 | Delta Dist 100 = 8.922 | Delta Dist 1000 = 8.927 | Episode Length = 50 | Episode Return = 0.0 | Evaluator Episodes = 1938 | Evaluator Steps = 96900 | Final Dist = 10.351 | Final Dist 10 = 4.026 | Final Dist 100 = 3.884 | Final Dist 1000 = 3.879 | Init Dist = 12.806 | Init Dist 10 = 12.806 | Init Dist 100 = 12.806 | Init Dist 1000 = 12.806 | Learner Steps = 5877 | Learner Walltime = 1144.085 | Min Dist = 10.278 | Min Dist 10 = 3.533 | Min Dist 100 = 3.369 | Min Dist 1000 = 3.215 | Steps Per Second = 92.080 | Success = 0.000 | Success 1000 = 0.644
I0502 15:25:21.129570 139579566835264 terminal.py:91] [Evaluator] Actor Episodes = 7726 | Actor Steps = 386300 | Delta Dist = 11.517 | Delta Dist 10 = 7.913 | Delta Dist 100 = 8.826 | Delta Dist 1000 = 8.909 | Episode Length = 50 | Episode Return = 12.0 | Evaluator Episodes = 1940 | Evaluator Steps = 97000 | Final Dist = 1.290 | Final Dist 10 = 4.893 | Final Dist 100 = 3.980 | Final Dist 1000 = 3.897 | Init Dist = 12.806 | Init Dist 10 = 12.806 | Init Dist 100 = 12.806 | Init Dist 1000 = 12.806 | Learner Steps = 5883 | Learner Walltime = 1145.122 | Min Dist = 0.341 | Min Dist 10 = 4.530 | Min Dist 100 = 3.471 | Min Dist 1000 = 3.235 | Steps Per Second = 90.658 | Success = 1.000 | Success 1000 = 0.643
I0502 15:25:21.543766 139555860620864 terminal.py:91] [Actor] Actor Episodes = 7727 | Actor Steps = 386350 | Delta Dist = 10.436 | Delta Dist 10 = 5.940 | Delta Dist 100 = 4.505 | Delta Dist 1000 = 4.310 | Episode Length = 50 | Episode Return = 31.0 | Evaluator Episodes = 1938 | Evaluator Steps = 96900 | Final Dist = 0.004 | Final Dist 10 = 0.963 | Final Dist 100 = 1.364 | Final Dist 1000 = 1.459 | Init Dist = 10.440 | Init Dist 10 = 6.902 | Init Dist 100 = 5.869 | Init Dist 1000 = 5.769 | Learner Steps = 5883 | Learner Walltime = 1145.122 | Min Dist = 0.004 | Min Dist 10 = 0.102 | Min Dist 100 = 0.086 | Min Dist 1000 = 0.193 | Steps Per Second = 102.426 | Success = 1.000 | Success 1000 = 0.987
I0502 15:25:22.364072 139579566835264 terminal.py:91] [Evaluator] Actor Episodes = 7734 | Actor Steps = 386700 | Delta Dist = 1.745 | Delta Dist 10 = 7.799 | Delta Dist 100 = 8.812 | Delta Dist 1000 = 8.907 | Episode Length = 50 | Episode Return = 0.0 | Evaluator Episodes = 1942 | Evaluator Steps = 97100 | Final Dist = 11.061 | Final Dist 10 = 5.008 | Final Dist 100 = 3.994 | Final Dist 1000 = 3.900 | Init Dist = 12.806 | Init Dist 10 = 12.806 | Init Dist 100 = 12.806 | Init Dist 1000 = 12.806 | Learner Steps = 5889 | Learner Walltime = 1146.191 | Min Dist = 10.282 | Min Dist 10 = 4.501 | Min Dist 100 = 3.478 | Min Dist 1000 = 3.235 | Steps Per Second = 78.754 | Success = 0.000 | Success 1000 = 0.643
I0502 15:25:22.523760 139558059398720 terminal.py:91] [Actor] Actor Episodes = 7738 | Actor Steps = 386900 | Delta Dist = 4.776 | Delta Dist 10 = 6.018 | Delta Dist 100 = 4.480 | Delta Dist 1000 = 4.308 | Episode Length = 50 | Episode Return = 46.0 | Evaluator Episodes = 1942 | Evaluator Steps = 97100 | Final Dist = 0.224 | Final Dist 10 = 1.054 | Final Dist 100 = 1.402 | Final Dist 1000 = 1.461 | Init Dist = 5.000 | Init Dist 10 = 7.072 | Init Dist 100 = 5.881 | Init Dist 1000 = 5.769 | Learner Steps = 5889 | Learner Walltime = 1146.191 | Min Dist = 0.119 | Min Dist 10 = 0.048 | Min Dist 100 = 0.080 | Min Dist 1000 = 0.193 | Steps Per Second = 81.085 | Success = 1.000 | Success 1000 = 0.987
I0502 15:25:23.556522 139579566835264 terminal.py:91] [Evaluator] Actor Episodes = 7742 | Actor Steps = 387100 | Delta Dist = 11.886 | Delta Dist 10 = 7.215 | Delta Dist 100 = 8.671 | Delta Dist 1000 = 8.900 | Episode Length = 50 | Episode Return = 31.0 | Evaluator Episodes = 1944 | Evaluator Steps = 97200 | Final Dist = 0.920 | Final Dist 10 = 5.591 | Final Dist 100 = 4.136 | Final Dist 1000 = 3.906 | Init Dist = 12.806 | Init Dist 10 = 12.806 | Init Dist 100 = 12.806 | Init Dist 1000 = 12.806 | Learner Steps = 5895 | Learner Walltime = 1147.383 | Min Dist = 0.036 | Min Dist 10 = 5.055 | Min Dist 100 = 3.625 | Min Dist 1000 = 3.241 | Steps Per Second = 80.389 | Success = 1.000 | Success 1000 = 0.642
I0502 15:25:25.105325 139579566835264 terminal.py:91] [Evaluator] Actor Episodes = 7752 | Actor Steps = 387600 | Delta Dist = 12.037 | Delta Dist 10 = 7.266 | Delta Dist 100 = 8.668 | Delta Dist 1000 = 8.921 | Episode Length = 50 | Episode Return = 5.0 | Evaluator Episodes = 1946 | Evaluator Steps = 97300 | Final Dist = 0.769 | Final Dist 10 = 5.540 | Final Dist 100 = 4.138 | Final Dist 1000 = 3.886 | Init Dist = 12.806 | Init Dist 10 = 12.806 | Init Dist 100 = 12.806 | Init Dist 1000 = 12.806 | Learner Steps = 5900 | Learner Walltime = 1148.517 | Min Dist = 0.354 | Min Dist 10 = 4.842 | Min Dist 100 = 3.620 | Min Dist 1000 = 3.219 | Steps Per Second = 79.673 | Success = 1.000 | Success 1000 = 0.644
I0502 15:25:25.269332 139555013154368 terminal.py:91] [Learner] Actor Episodes = 7748 | Actor Loss = 3.7109527587890625 | Actor Steps = 387400 | Binary Accuracy = 0.9960038661956787 | Categorical Accuracy = 0.42559814453125 | Critic Loss = 1.94089937210083 | Entropy Mean = -16.357582092285156 | Evaluator Episodes = 1944 | Evaluator Steps = 97200 | Learner Steps = 5904 | Learner Walltime = 1149.464 | Logits Neg = -16.160503387451172 | Logits Pos = -1.923140048980713 | Logsumexp = 1.237553596496582 | Steps Per Second = 181.699
I0502 15:25:26.227651 139579566835264 terminal.py:91] [Evaluator] Actor Episodes = 7760 | Actor Steps = 388000 | Delta Dist = 12.385 | Delta Dist 10 = 8.398 | Delta Dist 100 = 8.871 | Delta Dist 1000 = 8.932 | Episode Length = 50 | Episode Return = 26.0 | Evaluator Episodes = 1948 | Evaluator Steps = 97400 | Final Dist = 0.421 | Final Dist 10 = 4.408 | Final Dist 100 = 3.935 | Final Dist 1000 = 3.874 | Init Dist = 12.806 | Init Dist 10 = 12.806 | Init Dist 100 = 12.806 | Init Dist 1000 = 12.806 | Learner Steps = 5905 | Learner Walltime = 1149.522 | Min Dist = 0.304 | Min Dist 10 = 3.824 | Min Dist 100 = 3.419 | Min Dist 1000 = 3.208 | Steps Per Second = 88.294 | Success = 1.000 | Success 1000 = 0.646
I0502 15:25:26.748701 139584504182336 lp_utils.py:96] StepsLimiter: Reached 388200 recorded steps
I0502 15:25:27.425819 139579566835264 terminal.py:91] [Evaluator] Actor Episodes = 7768 | Actor Steps = 388400 | Delta Dist = 2.417 | Delta Dist 10 = 9.380 | Delta Dist 100 = 8.776 | Delta Dist 1000 = 8.923 | Episode Length = 50 | Episode Return = 0.0 | Evaluator Episodes = 1950 | Evaluator Steps = 97500 | Final Dist = 10.389 | Final Dist 10 = 3.426 | Final Dist 100 = 4.030 | Final Dist 1000 = 3.883 | Init Dist = 12.806 | Init Dist 10 = 12.806 | Init Dist 100 = 12.806 | Init Dist 1000 = 12.806 | Learner Steps = 5911 | Learner Walltime = 1150.701 | Min Dist = 10.078 | Min Dist 10 = 2.838 | Min Dist 100 = 3.519 | Min Dist 1000 = 3.218 | Steps Per Second = 80.753 | Success = 0.000 | Success 1000 = 0.645
I0502 15:25:28.574937 139579566835264 terminal.py:91] [Evaluator] Actor Episodes = 7776 | Actor Steps = 388800 | Delta Dist = 11.443 | Delta Dist 10 = 7.464 | Delta Dist 100 = 8.567 | Delta Dist 1000 = 8.904 | Episode Length = 50 | Episode Return = 5.0 | Evaluator Episodes = 1952 | Evaluator Steps = 97600 | Final Dist = 1.363 | Final Dist 10 = 5.342 | Final Dist 100 = 4.240 | Final Dist 1000 = 3.902 | Init Dist = 12.806 | Init Dist 10 = 12.806 | Init Dist 100 = 12.806 | Init Dist 1000 = 12.806 | Learner Steps = 5917 | Learner Walltime = 1151.764 | Min Dist = 0.517 | Min Dist 10 = 4.828 | Min Dist 100 = 3.722 | Min Dist 1000 = 3.238 | Steps Per Second = 80.271 | Success = 1.000 | Success 1000 = 0.643
I0502 15:25:28.897800 139569349502528 terminal.py:91] [Actor] Actor Episodes = 7780 | Actor Steps = 389000 | Delta Dist = 6.211 | Delta Dist 10 = 4.463 | Delta Dist 100 = 4.646 | Delta Dist 1000 = 4.326 | Episode Length = 50 | Episode Return = 38.0 | Evaluator Episodes = 1952 | Evaluator Steps = 97600 | Final Dist = 1.000 | Final Dist 10 = 2.086 | Final Dist 100 = 1.546 | Final Dist 1000 = 1.477 | Init Dist = 7.211 | Init Dist 10 = 6.549 | Init Dist 100 = 6.193 | Init Dist 1000 = 5.803 | Learner Steps = 5923 | Learner Walltime = 1152.983 | Min Dist = 0.205 | Min Dist 10 = 0.121 | Min Dist 100 = 0.198 | Min Dist 1000 = 0.202 | Steps Per Second = 85.820 | Success = 1.000 | Success 1000 = 0.988
I0502 15:25:29.750731 139557462840896 terminal.py:91] [Actor] Actor Episodes = 7784 | Actor Steps = 389200 | Delta Dist = 2.992 | Delta Dist 10 = 4.818 | Delta Dist 100 = 4.653 | Delta Dist 1000 = 4.332 | Episode Length = 50 | Episode Return = 6.0 | Evaluator Episodes = 1952 | Evaluator Steps = 97600 | Final Dist = 1.008 | Final Dist 10 = 2.134 | Final Dist 100 = 1.539 | Final Dist 1000 = 1.483 | Init Dist = 4.000 | Init Dist 10 = 6.951 | Init Dist 100 = 6.191 | Init Dist 1000 = 5.815 | Learner Steps = 5923 | Learner Walltime = 1152.983 | Min Dist = 0.114 | Min Dist 10 = 0.079 | Min Dist 100 = 0.200 | Min Dist 1000 = 0.202 | Steps Per Second = 80.512 | Success = 1.000 | Success 1000 = 0.988
I0502 15:25:29.754130 139579566835264 terminal.py:91] [Evaluator] Actor Episodes = 7784 | Actor Steps = 389200 | Delta Dist = 1.343 | Delta Dist 10 = 7.859 | Delta Dist 100 = 8.544 | Delta Dist 1000 = 8.895 | Episode Length = 50 | Episode Return = 0.0 | Evaluator Episodes = 1954 | Evaluator Steps = 97700 | Final Dist = 11.463 | Final Dist 10 = 4.947 | Final Dist 100 = 4.262 | Final Dist 1000 = 3.911 | Init Dist = 12.806 | Init Dist 10 = 12.806 | Init Dist 100 = 12.806 | Init Dist 1000 = 12.806 | Learner Steps = 5923 | Learner Walltime = 1152.983 | Min Dist = 10.280 | Min Dist 10 = 4.277 | Min Dist 100 = 3.727 | Min Dist 1000 = 3.249 | Steps Per Second = 84.403 | Success = 0.000 | Success 1000 = 0.642
I0502 15:25:30.488650 139583350109760 savers.py:156] Saving checkpoint: logs/contrastive_cpc_point_FourRooms_64/5dd72662-2788-11f0-b183-d85ed38c5779/checkpoints/learner
I0502 15:25:30.876753 139579566835264 terminal.py:91] [Evaluator] Actor Episodes = 7790 | Actor Steps = 389500 | Delta Dist = 9.233 | Delta Dist 10 = 6.836 | Delta Dist 100 = 8.535 | Delta Dist 1000 = 8.884 | Episode Length = 50 | Episode Return = 0.0 | Evaluator Episodes = 1956 | Evaluator Steps = 97800 | Final Dist = 3.574 | Final Dist 10 = 5.971 | Final Dist 100 = 4.272 | Final Dist 1000 = 3.922 | Init Dist = 12.806 | Init Dist 10 = 12.806 | Init Dist 100 = 12.806 | Init Dist 1000 = 12.806 | Learner Steps = 5929 | Learner Walltime = 1154.078 | Min Dist = 3.574 | Min Dist 10 = 5.313 | Min Dist 100 = 3.723 | Min Dist 1000 = 3.259 | Steps Per Second = 93.315 | Success = 0.000 | Success 1000 = 0.641
I0502 15:25:31.634937 139555860620864 terminal.py:91] [Actor] Actor Episodes = 7799 | Actor Steps = 389950 | Delta Dist = 10.072 | Delta Dist 10 = 5.501 | Delta Dist 100 = 4.955 | Delta Dist 1000 = 4.355 | Episode Length = 50 | Episode Return = 22.0 | Evaluator Episodes = 1956 | Evaluator Steps = 97800 | Final Dist = 1.330 | Final Dist 10 = 0.884 | Final Dist 100 = 1.383 | Final Dist 1000 = 1.466 | Init Dist = 11.402 | Init Dist 10 = 6.386 | Init Dist 100 = 6.338 | Init Dist 1000 = 5.821 | Learner Steps = 5933 | Learner Walltime = 1155.422 | Min Dist = 0.200 | Min Dist 10 = 0.098 | Min Dist 100 = 0.207 | Min Dist 1000 = 0.202 | Steps Per Second = 93.471 | Success = 1.000 | Success 1000 = 0.988
I0502 15:25:32.014586 139579566835264 terminal.py:91] [Evaluator] Actor Episodes = 7799 | Actor Steps = 389950 | Delta Dist = 10.006 | Delta Dist 10 = 6.475 | Delta Dist 100 = 8.501 | Delta Dist 1000 = 8.882 | Episode Length = 50 | Episode Return = 0.0 | Evaluator Episodes = 1958 | Evaluator Steps = 97900 | Final Dist = 2.800 | Final Dist 10 = 6.331 | Final Dist 100 = 4.305 | Final Dist 1000 = 3.924 | Init Dist = 12.806 | Init Dist 10 = 12.806 | Init Dist 100 = 12.806 | Init Dist 1000 = 12.806 | Learner Steps = 5933 | Learner Walltime = 1155.422 | Min Dist = 1.610 | Min Dist 10 = 5.653 | Min Dist 100 = 3.761 | Min Dist 1000 = 3.262 | Steps Per Second = 86.585 | Success = 0.000 | Success 1000 = 0.640
I0502 15:25:32.727123 139558059398720 terminal.py:91] [Actor] Actor Episodes = 7802 | Actor Steps = 390100 | Delta Dist = 9.495 | Delta Dist 10 = 5.976 | Delta Dist 100 = 4.988 | Delta Dist 1000 = 4.359 | Episode Length = 50 | Episode Return = 47.0 | Evaluator Episodes = 1958 | Evaluator Steps = 97900 | Final Dist = 0.405 | Final Dist 10 = 0.979 | Final Dist 100 = 1.405 | Final Dist 1000 = 1.465 | Init Dist = 9.899 | Init Dist 10 = 6.955 | Init Dist 100 = 6.393 | Init Dist 1000 = 5.825 | Learner Steps = 5933 | Learner Walltime = 1155.422 | Min Dist = 0.249 | Min Dist 10 = 0.105 | Min Dist 100 = 0.208 | Min Dist 1000 = 0.202 | Steps Per Second = 83.979 | Success = 1.000 | Success 1000 = 0.988
I0502 15:25:33.186654 139579566835264 terminal.py:91] [Evaluator] Actor Episodes = 7807 | Actor Steps = 390350 | Delta Dist = 11.416 | Delta Dist 10 = 6.482 | Delta Dist 100 = 8.404 | Delta Dist 1000 = 8.873 | Episode Length = 50 | Episode Return = 15.0 | Evaluator Episodes = 1960 | Evaluator Steps = 98000 | Final Dist = 1.390 | Final Dist 10 = 6.324 | Final Dist 100 = 4.402 | Final Dist 1000 = 3.933 | Init Dist = 12.806 | Init Dist 10 = 12.806 | Init Dist 100 = 12.806 | Init Dist 1000 = 12.806 | Learner Steps = 5943 | Learner Walltime = 1156.530 | Min Dist = 0.316 | Min Dist 10 = 5.542 | Min Dist 100 = 3.853 | Min Dist 1000 = 3.272 | Steps Per Second = 81.710 | Success = 1.000 | Success 1000 = 0.638
I0502 15:25:34.294769 139579566835264 terminal.py:91] [Evaluator] Actor Episodes = 7815 | Actor Steps = 390750 | Delta Dist = 12.132 | Delta Dist 10 = 8.434 | Delta Dist 100 = 8.395 | Delta Dist 1000 = 8.873 | Episode Length = 50 | Episode Return = 12.0 | Evaluator Episodes = 1962 | Evaluator Steps = 98100 | Final Dist = 0.674 | Final Dist 10 = 4.373 | Final Dist 100 = 4.411 | Final Dist 1000 = 3.933 | Init Dist = 12.806 | Init Dist 10 = 12.806 | Init Dist 100 = 12.806 | Init Dist 1000 = 12.806 | Learner Steps = 5948 | Learner Walltime = 1157.586 | Min Dist = 0.214 | Min Dist 10 = 3.515 | Min Dist 100 = 3.851 | Min Dist 1000 = 3.272 | Steps Per Second = 89.968 | Success = 1.000 | Success 1000 = 0.638
I0502 15:25:34.809310 139584635659840 savers.py:156] Saving checkpoint: logs/contrastive_cpc_point_FourRooms_64/5dd72662-2788-11f0-b183-d85ed38c5779/checkpoints/counter
I0502 15:25:35.311035 139555013154368 terminal.py:91] [Learner] Actor Episodes = 7817 | Actor Loss = 3.6833324432373047 | Actor Steps = 390850 | Binary Accuracy = 0.9959533214569092 | Categorical Accuracy = 0.40087890625 | Critic Loss = 2.0434417724609375 | Entropy Mean = -15.778406143188477 | Evaluator Episodes = 1962 | Evaluator Steps = 98100 | Learner Steps = 5959 | Learner Walltime = 1159.504 | Logits Neg = -15.722660064697266 | Logits Pos = -2.0305893421173096 | Logsumexp = 1.2280720472335815 | Steps Per Second = 395.772
I0502 15:25:35.391245 139579566835264 terminal.py:91] [Evaluator] Actor Episodes = 7823 | Actor Steps = 391150 | Delta Dist = 11.773 | Delta Dist 10 = 9.528 | Delta Dist 100 = 8.393 | Delta Dist 1000 = 8.874 | Episode Length = 50 | Episode Return = 10.0 | Evaluator Episodes = 1964 | Evaluator Steps = 98200 | Final Dist = 1.033 | Final Dist 10 = 3.278 | Final Dist 100 = 4.414 | Final Dist 1000 = 3.932 | Init Dist = 12.806 | Init Dist 10 = 12.806 | Init Dist 100 = 12.806 | Init Dist 1000 = 12.806 | Learner Steps = 5954 | Learner Walltime = 1158.671 | Min Dist = 0.060 | Min Dist 10 = 2.520 | Min Dist 100 = 3.854 | Min Dist 1000 = 3.271 | Steps Per Second = 93.309 | Success = 1.000 | Success 1000 = 0.638
I0502 15:25:36.625740 139579566835264 terminal.py:91] [Evaluator] Actor Episodes = 7831 | Actor Steps = 391550 | Delta Dist = 11.306 | Delta Dist 10 = 9.954 | Delta Dist 100 = 8.326 | Delta Dist 1000 = 8.875 | Episode Length = 50 | Episode Return = 0.0 | Evaluator Episodes = 1966 | Evaluator Steps = 98300 | Final Dist = 1.500 | Final Dist 10 = 2.852 | Final Dist 100 = 4.481 | Final Dist 1000 = 3.932 | Init Dist = 12.806 | Init Dist 10 = 12.806 | Init Dist 100 = 12.806 | Init Dist 1000 = 12.806 | Learner Steps = 5965 | Learner Walltime = 1160.742 | Min Dist = 1.320 | Min Dist 10 = 2.169 | Min Dist 100 = 3.917 | Min Dist 1000 = 3.272 | Steps Per Second = 76.874 | Success = 0.000 | Success 1000 = 0.638
I0502 15:25:36.768793 139584504182336 lp_utils.py:96] StepsLimiter: Reached 391550 recorded steps
I0502 15:25:37.769005 139579566835264 terminal.py:91] [Evaluator] Actor Episodes = 7839 | Actor Steps = 391950 | Delta Dist = 2.468 | Delta Dist 10 = 10.262 | Delta Dist 100 = 8.440 | Delta Dist 1000 = 8.873 | Episode Length = 50 | Episode Return = 0.0 | Evaluator Episodes = 1968 | Evaluator Steps = 98400 | Final Dist = 10.338 | Final Dist 10 = 2.544 | Final Dist 100 = 4.366 | Final Dist 1000 = 3.933 | Init Dist = 12.806 | Init Dist 10 = 12.806 | Init Dist 100 = 12.806 | Init Dist 1000 = 12.806 | Learner Steps = 5971 | Learner Walltime = 1161.752 | Min Dist = 10.153 | Min Dist 10 = 1.921 | Min Dist 100 = 3.825 | Min Dist 1000 = 3.273 | Steps Per Second = 81.321 | Success = 0.000 | Success 1000 = 0.637
I0502 15:25:38.991516 139579566835264 terminal.py:91] [Evaluator] Actor Episodes = 7847 | Actor Steps = 392350 | Delta Dist = 6.849 | Delta Dist 10 = 9.285 | Delta Dist 100 = 8.261 | Delta Dist 1000 = 8.855 | Episode Length = 50 | Episode Return = 0.0 | Evaluator Episodes = 1970 | Evaluator Steps = 98500 | Final Dist = 5.957 | Final Dist 10 = 3.521 | Final Dist 100 = 4.545 | Final Dist 1000 = 3.952 | Init Dist = 12.806 | Init Dist 10 = 12.806 | Init Dist 100 = 12.806 | Init Dist 1000 = 12.806 | Learner Steps = 5976 | Learner Walltime = 1162.764 | Min Dist = 5.893 | Min Dist 10 = 2.999 | Min Dist 100 = 4.021 | Min Dist 1000 = 3.293 | Steps Per Second = 82.992 | Success = 0.000 | Success 1000 = 0.635
I0502 15:25:39.499024 139569349502528 terminal.py:91] [Actor] Actor Episodes = 7853 | Actor Steps = 392650 | Delta Dist = 2.861 | Delta Dist 10 = 4.780 | Delta Dist 100 = 4.997 | Delta Dist 1000 = 4.419 | Episode Length = 50 | Episode Return = 33.0 | Evaluator Episodes = 1970 | Evaluator Steps = 98500 | Final Dist = 0.139 | Final Dist 10 = 0.689 | Final Dist 100 = 1.233 | Final Dist 1000 = 1.432 | Init Dist = 3.000 | Init Dist 10 = 5.470 | Init Dist 100 = 6.230 | Init Dist 1000 = 5.851 | Learner Steps = 5976 | Learner Walltime = 1162.764 | Min Dist = 0.139 | Min Dist 10 = 0.056 | Min Dist 100 = 0.128 | Min Dist 1000 = 0.201 | Steps Per Second = 78.477 | Success = 1.000 | Success 1000 = 0.988
I0502 15:25:40.041311 139557462840896 terminal.py:91] [Actor] Actor Episodes = 7852 | Actor Steps = 392600 | Delta Dist = 0.820 | Delta Dist 10 = 5.600 | Delta Dist 100 = 5.100 | Delta Dist 1000 = 4.429 | Episode Length = 50 | Episode Return = 0.0 | Evaluator Episodes = 1970 | Evaluator Steps = 98500 | Final Dist = 2.785 | Final Dist 10 = 0.842 | Final Dist 100 = 1.222 | Final Dist 1000 = 1.433 | Init Dist = 3.606 | Init Dist 10 = 6.442 | Init Dist 100 = 6.322 | Init Dist 1000 = 5.862 | Learner Steps = 5976 | Learner Walltime = 1162.764 | Min Dist = 0.038 | Min Dist 10 = 0.081 | Min Dist 100 = 0.098 | Min Dist 1000 = 0.201 | Steps Per Second = 85.532 | Success = 1.000 | Success 1000 = 0.989
I0502 15:25:40.159436 139579566835264 terminal.py:91] [Evaluator] Actor Episodes = 7855 | Actor Steps = 392750 | Delta Dist = 11.396 | Delta Dist 10 = 8.843 | Delta Dist 100 = 8.209 | Delta Dist 1000 = 8.850 | Episode Length = 50 | Episode Return = 16.0 | Evaluator Episodes = 1972 | Evaluator Steps = 98600 | Final Dist = 1.410 | Final Dist 10 = 3.963 | Final Dist 100 = 4.597 | Final Dist 1000 = 3.956 | Init Dist = 12.806 | Init Dist 10 = 12.806 | Init Dist 100 = 12.806 | Init Dist 1000 = 12.806 | Learner Steps = 5981 | Learner Walltime = 1163.779 | Min Dist = 0.461 | Min Dist 10 = 3.565 | Min Dist 100 = 4.077 | Min Dist 1000 = 3.299 | Steps Per Second = 90.531 | Success = 1.000 | Success 1000 = 0.634
I0502 15:25:41.333481 139579566835264 terminal.py:91] [Evaluator] Actor Episodes = 7863 | Actor Steps = 393150 | Delta Dist = 10.978 | Delta Dist 10 = 8.758 | Delta Dist 100 = 8.303 | Delta Dist 1000 = 8.851 | Episode Length = 50 | Episode Return = 0.0 | Evaluator Episodes = 1974 | Evaluator Steps = 98700 | Final Dist = 1.828 | Final Dist 10 = 4.048 | Final Dist 100 = 4.503 | Final Dist 1000 = 3.955 | Init Dist = 12.806 | Init Dist 10 = 12.806 | Init Dist 100 = 12.806 | Init Dist 1000 = 12.806 | Learner Steps = 5987 | Learner Walltime = 1164.958 | Min Dist = 1.352 | Min Dist 10 = 3.587 | Min Dist 100 = 3.978 | Min Dist 1000 = 3.297 | Steps Per Second = 81.444 | Success = 0.000 | Success 1000 = 0.635
I0502 15:25:42.149103 139555860620864 terminal.py:91] [Actor] Actor Episodes = 7871 | Actor Steps = 393550 | Delta Dist = 5.609 | Delta Dist 10 = 4.563 | Delta Dist 100 = 5.011 | Delta Dist 1000 = 4.432 | Episode Length = 50 | Episode Return = 0.0 | Evaluator Episodes = 1974 | Evaluator Steps = 98700 | Final Dist = 4.240 | Final Dist 10 = 2.055 | Final Dist 100 = 1.354 | Final Dist 1000 = 1.435 | Init Dist = 9.849 | Init Dist 10 = 6.619 | Init Dist 100 = 6.365 | Init Dist 1000 = 5.866 | Learner Steps = 5994 | Learner Walltime = 1166.112 | Min Dist = 0.035 | Min Dist 10 = 0.077 | Min Dist 100 = 0.097 | Min Dist 1000 = 0.197 | Steps Per Second = 77.795 | Success = 1.000 | Success 1000 = 0.989
I0502 15:25:42.536218 139579566835264 terminal.py:91] [Evaluator] Actor Episodes = 7871 | Actor Steps = 393550 | Delta Dist = 2.507 | Delta Dist 10 = 9.328 | Delta Dist 100 = 8.316 | Delta Dist 1000 = 8.851 | Episode Length = 50 | Episode Return = 0.0 | Evaluator Episodes = 1976 | Evaluator Steps = 98800 | Final Dist = 10.299 | Final Dist 10 = 3.478 | Final Dist 100 = 4.491 | Final Dist 1000 = 3.955 | Init Dist = 12.806 | Init Dist 10 = 12.806 | Init Dist 100 = 12.806 | Init Dist 1000 = 12.806 | Learner Steps = 5994 | Learner Walltime = 1166.112 | Min Dist = 10.280 | Min Dist 10 = 3.047 | Min Dist 100 = 3.977 | Min Dist 1000 = 3.298 | Steps Per Second = 86.426 | Success = 0.000 | Success 1000 = 0.634
I0502 15:25:42.744272 139558059398720 terminal.py:91] [Actor] Actor Episodes = 7873 | Actor Steps = 393650 | Delta Dist = 0.398 | Delta Dist 10 = 5.241 | Delta Dist 100 = 5.094 | Delta Dist 1000 = 4.442 | Episode Length = 50 | Episode Return = 0.0 | Evaluator Episodes = 1976 | Evaluator Steps = 98800 | Final Dist = 5.926 | Final Dist 10 = 1.735 | Final Dist 100 = 1.330 | Final Dist 1000 = 1.432 | Init Dist = 6.325 | Init Dist 10 = 6.976 | Init Dist 100 = 6.424 | Init Dist 1000 = 5.873 | Learner Steps = 5994 | Learner Walltime = 1166.112 | Min Dist = 0.019 | Min Dist 10 = 0.050 | Min Dist 100 = 0.090 | Min Dist 1000 = 0.196 | Steps Per Second = 76.280 | Success = 1.000 | Success 1000 = 0.989
I0502 15:25:43.711870 139579566835264 terminal.py:91] [Evaluator] Actor Episodes = 7879 | Actor Steps = 393950 | Delta Dist = 11.481 | Delta Dist 10 = 7.668 | Delta Dist 100 = 8.168 | Delta Dist 1000 = 8.836 | Episode Length = 50 | Episode Return = 1.0 | Evaluator Episodes = 1978 | Evaluator Steps = 98900 | Final Dist = 1.325 | Final Dist 10 = 5.138 | Final Dist 100 = 4.638 | Final Dist 1000 = 3.970 | Init Dist = 12.806 | Init Dist 10 = 12.806 | Init Dist 100 = 12.806 | Init Dist 1000 = 12.806 | Learner Steps = 6000 | Learner Walltime = 1167.156 | Min Dist = 0.699 | Min Dist 10 = 4.756 | Min Dist 100 = 4.128 | Min Dist 1000 = 3.315 | Steps Per Second = 94.178 | Success = 1.000 | Success 1000 = 0.633
I0502 15:25:44.940330 139579566835264 terminal.py:91] [Evaluator] Actor Episodes = 7887 | Actor Steps = 394350 | Delta Dist = 11.448 | Delta Dist 10 = 9.542 | Delta Dist 100 = 8.261 | Delta Dist 1000 = 8.835 | Episode Length = 50 | Episode Return = 10.0 | Evaluator Episodes = 1980 | Evaluator Steps = 99000 | Final Dist = 1.358 | Final Dist 10 = 3.264 | Final Dist 100 = 4.546 | Final Dist 1000 = 3.971 | Init Dist = 12.806 | Init Dist 10 = 12.806 | Init Dist 100 = 12.806 | Init Dist 1000 = 12.806 | Learner Steps = 6005 | Learner Walltime = 1168.321 | Min Dist = 0.117 | Min Dist 10 = 2.798 | Min Dist 100 = 4.031 | Min Dist 1000 = 3.316 | Steps Per Second = 90.902 | Success = 1.000 | Success 1000 = 0.633
I0502 15:25:45.440515 139555013154368 terminal.py:91] [Learner] Actor Episodes = 7889 | Actor Loss = 3.587820053100586 | Actor Steps = 394450 | Binary Accuracy = 0.9960122108459473 | Categorical Accuracy = 0.4102783203125 | Critic Loss = 1.9997493028640747 | Entropy Mean = -16.85386085510254 | Evaluator Episodes = 1980 | Evaluator Steps = 99000 | Learner Steps = 6012 | Learner Walltime = 1169.638 | Logits Neg = -15.799047470092773 | Logits Pos = -1.96101713180542 | Logsumexp = 1.141512393951416 | Steps Per Second = 364.122
I0502 15:25:46.033175 139579566835264 terminal.py:91] [Evaluator] Actor Episodes = 7895 | Actor Steps = 394750 | Delta Dist = 11.801 | Delta Dist 10 = 9.996 | Delta Dist 100 = 8.345 | Delta Dist 1000 = 8.835 | Episode Length = 50 | Episode Return = 5.0 | Evaluator Episodes = 1982 | Evaluator Steps = 99100 | Final Dist = 1.005 | Final Dist 10 = 2.810 | Final Dist 100 = 4.461 | Final Dist 1000 = 3.971 | Init Dist = 12.806 | Init Dist 10 = 12.806 | Init Dist 100 = 12.806 | Init Dist 1000 = 12.806 | Learner Steps = 6010 | Learner Walltime = 1169.361 | Min Dist = 0.657 | Min Dist 10 = 2.208 | Min Dist 100 = 3.927 | Min Dist 1000 = 3.316 | Steps Per Second = 93.796 | Success = 1.000 | Success 1000 = 0.633
I0502 15:25:46.782713 139584504182336 lp_utils.py:96] StepsLimiter: Reached 395050 recorded steps
I0502 15:25:47.100493 139579566835264 terminal.py:91] [Evaluator] Actor Episodes = 7903 | Actor Steps = 395150 | Delta Dist = 11.811 | Delta Dist 10 = 10.073 | Delta Dist 100 = 8.451 | Delta Dist 1000 = 8.859 | Episode Length = 50 | Episode Return = 16.0 | Evaluator Episodes = 1984 | Evaluator Steps = 99200 | Final Dist = 0.995 | Final Dist 10 = 2.734 | Final Dist 100 = 4.355 | Final Dist 1000 = 3.947 | Init Dist = 12.806 | Init Dist 10 = 12.806 | Init Dist 100 = 12.806 | Init Dist 1000 = 12.806 | Learner Steps = 6018 | Learner Walltime = 1170.739 | Min Dist = 0.366 | Min Dist 10 = 2.219 | Min Dist 100 = 3.825 | Min Dist 1000 = 3.297 | Steps Per Second = 92.753 | Success = 1.000 | Success 1000 = 0.635
I0502 15:25:48.210017 139579566835264 terminal.py:91] [Evaluator] Actor Episodes = 7911 | Actor Steps = 395550 | Delta Dist = 11.790 | Delta Dist 10 = 9.520 | Delta Dist 100 = 8.491 | Delta Dist 1000 = 8.859 | Episode Length = 50 | Episode Return = 15.0 | Evaluator Episodes = 1986 | Evaluator Steps = 99300 | Final Dist = 1.016 | Final Dist 10 = 3.287 | Final Dist 100 = 4.315 | Final Dist 1000 = 3.947 | Init Dist = 12.806 | Init Dist 10 = 12.806 | Init Dist 100 = 12.806 | Init Dist 1000 = 12.806 | Learner Steps = 6024 | Learner Walltime = 1171.945 | Min Dist = 0.230 | Min Dist 10 = 2.689 | Min Dist 100 = 3.777 | Min Dist 1000 = 3.297 | Steps Per Second = 98.546 | Success = 1.000 | Success 1000 = 0.635
I0502 15:25:49.448418 139579566835264 terminal.py:91] [Evaluator] Actor Episodes = 7920 | Actor Steps = 396000 | Delta Dist = 2.523 | Delta Dist 10 = 10.174 | Delta Dist 100 = 8.387 | Delta Dist 1000 = 8.849 | Episode Length = 50 | Episode Return = 0.0 | Evaluator Episodes = 1988 | Evaluator Steps = 99400 | Final Dist = 10.283 | Final Dist 10 = 2.632 | Final Dist 100 = 4.419 | Final Dist 1000 = 3.957 | Init Dist = 12.806 | Init Dist 10 = 12.806 | Init Dist 100 = 12.806 | Init Dist 1000 = 12.806 | Learner Steps = 6031 | Learner Walltime = 1172.985 | Min Dist = 10.088 | Min Dist 10 = 1.892 | Min Dist 100 = 3.874 | Min Dist 1000 = 3.307 | Steps Per Second = 82.063 | Success = 0.000 | Success 1000 = 0.634
I0502 15:25:49.519681 139569349502528 terminal.py:91] [Actor] Actor Episodes = 7914 | Actor Steps = 395700 | Delta Dist = 8.003 | Delta Dist 10 = 3.725 | Delta Dist 100 = 4.793 | Delta Dist 1000 = 4.447 | Episode Length = 50 | Episode Return = 30.0 | Evaluator Episodes = 1986 | Evaluator Steps = 99300 | Final Dist = 1.216 | Final Dist 10 = 1.052 | Final Dist 100 = 1.441 | Final Dist 1000 = 1.447 | Init Dist = 9.220 | Init Dist 10 = 4.777 | Init Dist 100 = 6.235 | Init Dist 1000 = 5.894 | Learner Steps = 6031 | Learner Walltime = 1172.985 | Min Dist = 0.021 | Min Dist 10 = 0.047 | Min Dist 100 = 0.107 | Min Dist 1000 = 0.198 | Steps Per Second = 79.579 | Success = 1.000 | Success 1000 = 0.989
I0502 15:25:50.219888 139557462840896 terminal.py:91] [Actor] Actor Episodes = 7924 | Actor Steps = 396200 | Delta Dist = 1.264 | Delta Dist 10 = 4.290 | Delta Dist 100 = 4.850 | Delta Dist 1000 = 4.455 | Episode Length = 50 | Episode Return = 28.0 | Evaluator Episodes = 1988 | Evaluator Steps = 99400 | Final Dist = 0.736 | Final Dist 10 = 1.332 | Final Dist 100 = 1.410 | Final Dist 1000 = 1.449 | Init Dist = 2.000 | Init Dist 10 = 5.622 | Init Dist 100 = 6.260 | Init Dist 1000 = 5.904 | Learner Steps = 6036 | Learner Walltime = 1174.331 | Min Dist = 0.047 | Min Dist 10 = 0.116 | Min Dist 100 = 0.109 | Min Dist 1000 = 0.199 | Steps Per Second = 83.436 | Success = 1.000 | Success 1000 = 0.989
I0502 15:25:50.629352 139579566835264 terminal.py:91] [Evaluator] Actor Episodes = 7928 | Actor Steps = 396400 | Delta Dist = 2.466 | Delta Dist 10 = 8.310 | Delta Dist 100 = 8.198 | Delta Dist 1000 = 8.834 | Episode Length = 50 | Episode Return = 0.0 | Evaluator Episodes = 1990 | Evaluator Steps = 99500 | Final Dist = 10.340 | Final Dist 10 = 4.496 | Final Dist 100 = 4.609 | Final Dist 1000 = 3.972 | Init Dist = 12.806 | Init Dist 10 = 12.806 | Init Dist 100 = 12.806 | Init Dist 1000 = 12.806 | Learner Steps = 6036 | Learner Walltime = 1174.331 | Min Dist = 10.299 | Min Dist 10 = 3.837 | Min Dist 100 = 4.070 | Min Dist 1000 = 3.323 | Steps Per Second = 87.905 | Success = 0.000 | Success 1000 = 0.633
I0502 15:25:51.800519 139579566835264 terminal.py:91] [Evaluator] Actor Episodes = 7934 | Actor Steps = 396700 | Delta Dist = 11.419 | Delta Dist 10 = 6.500 | Delta Dist 100 = 8.016 | Delta Dist 1000 = 8.816 | Episode Length = 50 | Episode Return = 3.0 | Evaluator Episodes = 1992 | Evaluator Steps = 99600 | Final Dist = 1.387 | Final Dist 10 = 6.307 | Final Dist 100 = 4.790 | Final Dist 1000 = 3.990 | Init Dist = 12.806 | Init Dist 10 = 12.806 | Init Dist 100 = 12.806 | Init Dist 1000 = 12.806 | Learner Steps = 6042 | Learner Walltime = 1175.398 | Min Dist = 0.813 | Min Dist 10 = 5.845 | Min Dist 100 = 4.251 | Min Dist 1000 = 3.343 | Steps Per Second = 92.812 | Success = 1.000 | Success 1000 = 0.631
I0502 15:25:52.400569 139555860620864 terminal.py:91] [Actor] Actor Episodes = 7937 | Actor Steps = 396850 | Delta Dist = 5.966 | Delta Dist 10 = 4.045 | Delta Dist 100 = 4.787 | Delta Dist 1000 = 4.448 | Episode Length = 50 | Episode Return = 0.0 | Evaluator Episodes = 1992 | Evaluator Steps = 99600 | Final Dist = 1.246 | Final Dist 10 = 2.172 | Final Dist 100 = 1.460 | Final Dist 1000 = 1.459 | Init Dist = 7.211 | Init Dist 10 = 6.217 | Init Dist 100 = 6.247 | Init Dist 1000 = 5.907 | Learner Steps = 6042 | Learner Walltime = 1175.398 | Min Dist = 0.134 | Min Dist 10 = 0.095 | Min Dist 100 = 0.110 | Min Dist 1000 = 0.196 | Steps Per Second = 86.522 | Success = 1.000 | Success 1000 = 0.989
I0502 15:25:52.920174 139579566835264 terminal.py:91] [Evaluator] Actor Episodes = 7940 | Actor Steps = 397000 | Delta Dist = 11.186 | Delta Dist 10 = 6.438 | Delta Dist 100 = 8.174 | Delta Dist 1000 = 8.816 | Episode Length = 50 | Episode Return = 12.0 | Evaluator Episodes = 1994 | Evaluator Steps = 99700 | Final Dist = 1.620 | Final Dist 10 = 6.368 | Final Dist 100 = 4.632 | Final Dist 1000 = 3.990 | Init Dist = 12.806 | Init Dist 10 = 12.806 | Init Dist 100 = 12.806 | Init Dist 1000 = 12.806 | Learner Steps = 6049 | Learner Walltime = 1176.703 | Min Dist = 0.174 | Min Dist 10 = 5.833 | Min Dist 100 = 4.096 | Min Dist 1000 = 3.344 | Steps Per Second = 93.454 | Success = 1.000 | Success 1000 = 0.631
I0502 15:25:53.187217 139558059398720 terminal.py:91] [Actor] Actor Episodes = 7945 | Actor Steps = 397250 | Delta Dist = 2.685 | Delta Dist 10 = 3.811 | Delta Dist 100 = 4.745 | Delta Dist 1000 = 4.453 | Episode Length = 50 | Episode Return = 21.0 | Evaluator Episodes = 1994 | Evaluator Steps = 99700 | Final Dist = 0.315 | Final Dist 10 = 1.472 | Final Dist 100 = 1.475 | Final Dist 1000 = 1.454 | Init Dist = 3.000 | Init Dist 10 = 5.283 | Init Dist 100 = 6.219 | Init Dist 1000 = 5.907 | Learner Steps = 6049 | Learner Walltime = 1176.703 | Min Dist = 0.134 | Min Dist 10 = 0.043 | Min Dist 100 = 0.111 | Min Dist 1000 = 0.196 | Steps Per Second = 88.463 | Success = 1.000 | Success 1000 = 0.990
I0502 15:25:54.059887 139579566835264 terminal.py:91] [Evaluator] Actor Episodes = 7949 | Actor Steps = 397450 | Delta Dist = 11.189 | Delta Dist 10 = 6.246 | Delta Dist 100 = 8.204 | Delta Dist 1000 = 8.808 | Episode Length = 50 | Episode Return = 2.0 | Evaluator Episodes = 1996 | Evaluator Steps = 99800 | Final Dist = 1.617 | Final Dist 10 = 6.561 | Final Dist 100 = 4.602 | Final Dist 1000 = 3.998 | Init Dist = 12.806 | Init Dist 10 = 12.806 | Init Dist 100 = 12.806 | Init Dist 1000 = 12.806 | Learner Steps = 6056 | Learner Walltime = 1177.728 | Min Dist = 0.356 | Min Dist 10 = 6.041 | Min Dist 100 = 4.068 | Min Dist 1000 = 3.351 | Steps Per Second = 99.331 | Success = 1.000 | Success 1000 = 0.630
I0502 15:25:55.194314 139579566835264 terminal.py:91] [Evaluator] Actor Episodes = 7957 | Actor Steps = 397850 | Delta Dist = 1.465 | Delta Dist 10 = 6.250 | Delta Dist 100 = 8.197 | Delta Dist 1000 = 8.812 | Episode Length = 50 | Episode Return = 0.0 | Evaluator Episodes = 1998 | Evaluator Steps = 99900 | Final Dist = 11.341 | Final Dist 10 = 6.556 | Final Dist 100 = 4.609 | Final Dist 1000 = 3.994 | Init Dist = 12.806 | Init Dist 10 = 12.806 | Init Dist 100 = 12.806 | Init Dist 1000 = 12.806 | Learner Steps = 6061 | Learner Walltime = 1178.782 | Min Dist = 10.569 | Min Dist 10 = 6.039 | Min Dist 100 = 4.064 | Min Dist 1000 = 3.348 | Steps Per Second = 86.909 | Success = 0.000 | Success 1000 = 0.631
I0502 15:25:55.454176 139555013154368 terminal.py:91] [Learner] Actor Episodes = 7955 | Actor Loss = 3.6000261306762695 | Actor Steps = 397750 | Binary Accuracy = 0.9959981441497803 | Categorical Accuracy = 0.4183349609375 | Critic Loss = 2.0152626037597656 | Entropy Mean = -18.23614501953125 | Evaluator Episodes = 1996 | Evaluator Steps = 99800 | Learner Steps = 6066 | Learner Walltime = 1179.645 | Logits Neg = -16.06529998779297 | Logits Pos = -1.9821193218231201 | Logsumexp = 1.3412517309188843 | Steps Per Second = 224.171
I0502 15:25:56.369347 139579566835264 terminal.py:91] [Evaluator] Actor Episodes = 7965 | Actor Steps = 398250 | Delta Dist = 11.347 | Delta Dist 10 = 7.080 | Delta Dist 100 = 8.192 | Delta Dist 1000 = 8.803 | Episode Length = 50 | Episode Return = 21.0 | Evaluator Episodes = 2000 | Evaluator Steps = 100000 | Final Dist = 1.459 | Final Dist 10 = 5.727 | Final Dist 100 = 4.615 | Final Dist 1000 = 4.004 | Init Dist = 12.806 | Init Dist 10 = 12.806 | Init Dist 100 = 12.806 | Init Dist 1000 = 12.806 | Learner Steps = 6068 | Learner Walltime = 1179.973 | Min Dist = 0.044 | Min Dist 10 = 5.076 | Min Dist 100 = 4.061 | Min Dist 1000 = 3.358 | Steps Per Second = 84.528 | Success = 1.000 | Success 1000 = 0.630
I0502 15:25:56.801080 139584504182336 lp_utils.py:96] StepsLimiter: Reached 398450 recorded steps
I0502 15:25:57.644412 139579566835264 terminal.py:91] [Evaluator] Actor Episodes = 7973 | Actor Steps = 398650 | Delta Dist = 5.915 | Delta Dist 10 = 8.897 | Delta Dist 100 = 8.381 | Delta Dist 1000 = 8.812 | Episode Length = 50 | Episode Return = 0.0 | Evaluator Episodes = 2002 | Evaluator Steps = 100100 | Final Dist = 6.891 | Final Dist 10 = 3.909 | Final Dist 100 = 4.425 | Final Dist 1000 = 3.994 | Init Dist = 12.806 | Init Dist 10 = 12.806 | Init Dist 100 = 12.806 | Init Dist 1000 = 12.806 | Learner Steps = 6075 | Learner Walltime = 1181.503 | Min Dist = 5.869 | Min Dist 10 = 3.073 | Min Dist 100 = 3.857 | Min Dist 1000 = 3.349 | Steps Per Second = 84.792 | Success = 0.000 | Success 1000 = 0.631
I0502 15:25:58.725692 139579566835264 terminal.py:91] [Evaluator] Actor Episodes = 7981 | Actor Steps = 399050 | Delta Dist = 11.445 | Delta Dist 10 = 8.353 | Delta Dist 100 = 8.413 | Delta Dist 1000 = 8.806 | Episode Length = 50 | Episode Return = 13.0 | Evaluator Episodes = 2004 | Evaluator Steps = 100200 | Final Dist = 1.361 | Final Dist 10 = 4.453 | Final Dist 100 = 4.393 | Final Dist 1000 = 4.000 | Init Dist = 12.806 | Init Dist 10 = 12.806 | Init Dist 100 = 12.806 | Init Dist 1000 = 12.806 | Learner Steps = 6082 | Learner Walltime = 1182.694 | Min Dist = 0.715 | Min Dist 10 = 3.625 | Min Dist 100 = 3.814 | Min Dist 1000 = 3.355 | Steps Per Second = 90.021 | Success = 1.000 | Success 1000 = 0.630
I0502 15:25:59.820401 139569349502528 terminal.py:91] [Actor] Actor Episodes = 7988 | Actor Steps = 399400 | Delta Dist = 2.902 | Delta Dist 10 = 3.078 | Delta Dist 100 = 4.608 | Delta Dist 1000 = 4.479 | Episode Length = 50 | Episode Return = 46.0 | Evaluator Episodes = 2004 | Evaluator Steps = 100200 | Final Dist = 0.260 | Final Dist 10 = 1.593 | Final Dist 100 = 1.328 | Final Dist 1000 = 1.450 | Init Dist = 3.162 | Init Dist 10 = 4.671 | Init Dist 100 = 5.937 | Init Dist 1000 = 5.929 | Learner Steps = 6082 | Learner Walltime = 1182.694 | Min Dist = 0.021 | Min Dist 10 = 0.203 | Min Dist 100 = 0.110 | Min Dist 1000 = 0.197 | Steps Per Second = 79.744 | Success = 1.000 | Success 1000 = 0.990
I0502 15:25:59.946331 139579566835264 terminal.py:91] [Evaluator] Actor Episodes = 7989 | Actor Steps = 399450 | Delta Dist = 5.228 | Delta Dist 10 = 8.425 | Delta Dist 100 = 8.340 | Delta Dist 1000 = 8.798 | Episode Length = 50 | Episode Return = 0.0 | Evaluator Episodes = 2006 | Evaluator Steps = 100300 | Final Dist = 7.578 | Final Dist 10 = 4.382 | Final Dist 100 = 4.467 | Final Dist 1000 = 4.008 | Init Dist = 12.806 | Init Dist 10 = 12.806 | Init Dist 100 = 12.806 | Init Dist 1000 = 12.806 | Learner Steps = 6087 | Learner Walltime = 1183.783 | Min Dist = 6.801 | Min Dist 10 = 3.589 | Min Dist 100 = 3.889 | Min Dist 1000 = 3.362 | Steps Per Second = 83.628 | Success = 0.000 | Success 1000 = 0.629
I0502 15:26:00.574756 139557462840896 terminal.py:91] [Actor] Actor Episodes = 7997 | Actor Steps = 399850 | Delta Dist = 2.947 | Delta Dist 10 = 2.798 | Delta Dist 100 = 4.537 | Delta Dist 1000 = 4.471 | Episode Length = 50 | Episode Return = 26.0 | Evaluator Episodes = 2006 | Evaluator Steps = 100300 | Final Dist = 0.216 | Final Dist 10 = 1.542 | Final Dist 100 = 1.331 | Final Dist 1000 = 1.452 | Init Dist = 3.162 | Init Dist 10 = 4.340 | Init Dist 100 = 5.869 | Init Dist 1000 = 5.922 | Learner Steps = 6087 | Learner Walltime = 1183.783 | Min Dist = 0.043 | Min Dist 10 = 0.097 | Min Dist 100 = 0.109 | Min Dist 1000 = 0.196 | Steps Per Second = 85.059 | Success = 1.000 | Success 1000 = 0.991
I0502 15:26:01.056879 139579566835264 terminal.py:91] [Evaluator] Actor Episodes = 7997 | Actor Steps = 399850 | Delta Dist = 6.949 | Delta Dist 10 = 8.813 | Delta Dist 100 = 8.269 | Delta Dist 1000 = 8.792 | Episode Length = 50 | Episode Return = 0.0 | Evaluator Episodes = 2008 | Evaluator Steps = 100400 | Final Dist = 5.858 | Final Dist 10 = 3.993 | Final Dist 100 = 4.537 | Final Dist 1000 = 4.014 | Init Dist = 12.806 | Init Dist 10 = 12.806 | Init Dist 100 = 12.806 | Init Dist 1000 = 12.806 | Learner Steps = 6093 | Learner Walltime = 1184.871 | Min Dist = 5.858 | Min Dist 10 = 3.231 | Min Dist 100 = 3.951 | Min Dist 1000 = 3.369 | Steps Per Second = 87.253 | Success = 0.000 | Success 1000 = 0.628
I0502 15:26:02.204165 139579566835264 terminal.py:91] [Evaluator] Actor Episodes = 8005 | Actor Steps = 400250 | Delta Dist = 12.443 | Delta Dist 10 = 9.343 | Delta Dist 100 = 8.218 | Delta Dist 1000 = 8.786 | Episode Length = 50 | Episode Return = 2.0 | Evaluator Episodes = 2010 | Evaluator Steps = 100500 | Final Dist = 0.363 | Final Dist 10 = 3.464 | Final Dist 100 = 4.588 | Final Dist 1000 = 4.020 | Init Dist = 12.806 | Init Dist 10 = 12.806 | Init Dist 100 = 12.806 | Init Dist 1000 = 12.806 | Learner Steps = 6100 | Learner Walltime = 1185.874 | Min Dist = 0.363 | Min Dist 10 = 2.787 | Min Dist 100 = 4.008 | Min Dist 1000 = 3.375 | Steps Per Second = 83.626 | Success = 1.000 | Success 1000 = 0.627
I0502 15:26:02.491742 139555860620864 terminal.py:91] [Actor] Actor Episodes = 8009 | Actor Steps = 400450 | Delta Dist = 3.081 | Delta Dist 10 = 5.239 | Delta Dist 100 = 4.412 | Delta Dist 1000 = 4.474 | Episode Length = 50 | Episode Return = 36.0 | Evaluator Episodes = 2010 | Evaluator Steps = 100500 | Final Dist = 0.525 | Final Dist 10 = 0.631 | Final Dist 100 = 1.311 | Final Dist 1000 = 1.449 | Init Dist = 3.606 | Init Dist 10 = 5.870 | Init Dist 100 = 5.724 | Init Dist 1000 = 5.922 | Learner Steps = 6100 | Learner Walltime = 1185.874 | Min Dist = 0.061 | Min Dist 10 = 0.075 | Min Dist 100 = 0.105 | Min Dist 1000 = 0.196 | Steps Per Second = 83.327 | Success = 1.000 | Success 1000 = 0.991
I0502 15:26:03.335615 139579566835264 terminal.py:91] [Evaluator] Actor Episodes = 8013 | Actor Steps = 400650 | Delta Dist = 12.319 | Delta Dist 10 = 9.411 | Delta Dist 100 = 8.324 | Delta Dist 1000 = 8.787 | Episode Length = 50 | Episode Return = 14.0 | Evaluator Episodes = 2012 | Evaluator Steps = 100600 | Final Dist = 0.488 | Final Dist 10 = 3.396 | Final Dist 100 = 4.482 | Final Dist 1000 = 4.019 | Init Dist = 12.806 | Init Dist 10 = 12.806 | Init Dist 100 = 12.806 | Init Dist 1000 = 12.806 | Learner Steps = 6105 | Learner Walltime = 1187.113 | Min Dist = 0.314 | Min Dist 10 = 2.829 | Min Dist 100 = 3.907 | Min Dist 1000 = 3.375 | Steps Per Second = 87.230 | Success = 1.000 | Success 1000 = 0.627
I0502 15:26:03.546093 139558059398720 terminal.py:91] [Actor] Actor Episodes = 8015 | Actor Steps = 400750 | Delta Dist = -7.447 | Delta Dist 10 = 3.806 | Delta Dist 100 = 4.389 | Delta Dist 1000 = 4.460 | Episode Length = 50 | Episode Return = 0.0 | Evaluator Episodes = 2012 | Evaluator Steps = 100600 | Final Dist = 10.609 | Final Dist 10 = 1.962 | Final Dist 100 = 1.405 | Final Dist 1000 = 1.465 | Init Dist = 3.162 | Init Dist 10 = 5.768 | Init Dist 100 = 5.794 | Init Dist 1000 = 5.926 | Learner Steps = 6105 | Learner Walltime = 1187.113 | Min Dist = 0.295 | Min Dist 10 = 0.077 | Min Dist 100 = 0.108 | Min Dist 1000 = 0.196 | Steps Per Second = 89.395 | Success = 1.000 | Success 1000 = 0.991
I0502 15:26:04.557752 139579566835264 terminal.py:91] [Evaluator] Actor Episodes = 8021 | Actor Steps = 401050 | Delta Dist = 2.515 | Delta Dist 10 = 10.172 | Delta Dist 100 = 8.435 | Delta Dist 1000 = 8.788 | Episode Length = 50 | Episode Return = 0.0 | Evaluator Episodes = 2014 | Evaluator Steps = 100700 | Final Dist = 10.292 | Final Dist 10 = 2.634 | Final Dist 100 = 4.371 | Final Dist 1000 = 4.018 | Init Dist = 12.806 | Init Dist 10 = 12.806 | Init Dist 100 = 12.806 | Init Dist 1000 = 12.806 | Learner Steps = 6111 | Learner Walltime = 1188.360 | Min Dist = 10.292 | Min Dist 10 = 2.227 | Min Dist 100 = 3.802 | Min Dist 1000 = 3.375 | Steps Per Second = 85.181 | Success = 0.000 | Success 1000 = 0.627
I0502 15:26:05.699427 139555013154368 terminal.py:91] [Learner] Actor Episodes = 8027 | Actor Loss = 3.707350730895996 | Actor Steps = 401350 | Binary Accuracy = 0.9960458278656006 | Categorical Accuracy = 0.4100341796875 | Critic Loss = 1.9913955926895142 | Entropy Mean = -17.52606964111328 | Evaluator Episodes = 2014 | Evaluator Steps = 100700 | Learner Steps = 6120 | Learner Walltime = 1189.896 | Logits Neg = -16.176889419555664 | Logits Pos = -1.9715571403503418 | Logsumexp = 1.167414903640747 | Steps Per Second = 158.668
I0502 15:26:05.748909 139579566835264 terminal.py:91] [Evaluator] Actor Episodes = 8029 | Actor Steps = 401450 | Delta Dist = 1.115 | Delta Dist 10 = 9.913 | Delta Dist 100 = 8.526 | Delta Dist 1000 = 8.780 | Episode Length = 50 | Episode Return = 0.0 | Evaluator Episodes = 2016 | Evaluator Steps = 100800 | Final Dist = 11.691 | Final Dist 10 = 2.893 | Final Dist 100 = 4.280 | Final Dist 1000 = 4.026 | Init Dist = 12.806 | Init Dist 10 = 12.806 | Init Dist 100 = 12.806 | Init Dist 1000 = 12.806 | Learner Steps = 6118 | Learner Walltime = 1189.437 | Min Dist = 10.567 | Min Dist 10 = 2.478 | Min Dist 100 = 3.702 | Min Dist 1000 = 3.384 | Steps Per Second = 80.306 | Success = 0.000 | Success 1000 = 0.627
I0502 15:26:06.817965 139584504182336 lp_utils.py:96] StepsLimiter: Reached 401850 recorded steps
I0502 15:26:06.962310 139579566835264 terminal.py:91] [Evaluator] Actor Episodes = 8037 | Actor Steps = 401850 | Delta Dist = 1.908 | Delta Dist 10 = 8.954 | Delta Dist 100 = 8.394 | Delta Dist 1000 = 8.768 | Episode Length = 50 | Episode Return = 0.0 | Evaluator Episodes = 2018 | Evaluator Steps = 100900 | Final Dist = 10.899 | Final Dist 10 = 3.852 | Final Dist 100 = 4.413 | Final Dist 1000 = 4.038 | Init Dist = 12.806 | Init Dist 10 = 12.806 | Init Dist 100 = 12.806 | Init Dist 1000 = 12.806 | Learner Steps = 6124 | Learner Walltime = 1190.479 | Min Dist = 10.283 | Min Dist 10 = 3.437 | Min Dist 100 = 3.824 | Min Dist 1000 = 3.396 | Steps Per Second = 81.414 | Success = 0.000 | Success 1000 = 0.626
I0502 15:26:08.232147 139579566835264 terminal.py:91] [Evaluator] Actor Episodes = 8045 | Actor Steps = 402250 | Delta Dist = 2.325 | Delta Dist 10 = 8.423 | Delta Dist 100 = 8.400 | Delta Dist 1000 = 8.758 | Episode Length = 50 | Episode Return = 0.0 | Evaluator Episodes = 2020 | Evaluator Steps = 101000 | Final Dist = 10.481 | Final Dist 10 = 4.384 | Final Dist 100 = 4.406 | Final Dist 1000 = 4.048 | Init Dist = 12.806 | Init Dist 10 = 12.806 | Init Dist 100 = 12.806 | Init Dist 1000 = 12.806 | Learner Steps = 6129 | Learner Walltime = 1191.690 | Min Dist = 10.217 | Min Dist 10 = 3.846 | Min Dist 100 = 3.820 | Min Dist 1000 = 3.405 | Steps Per Second = 80.760 | Success = 0.000 | Success 1000 = 0.625
I0502 15:26:09.485619 139579566835264 terminal.py:91] [Evaluator] Actor Episodes = 8053 | Actor Steps = 402650 | Delta Dist = 12.443 | Delta Dist 10 = 7.440 | Delta Dist 100 = 8.408 | Delta Dist 1000 = 8.748 | Episode Length = 50 | Episode Return = 16.0 | Evaluator Episodes = 2022 | Evaluator Steps = 101100 | Final Dist = 0.363 | Final Dist 10 = 5.366 | Final Dist 100 = 4.398 | Final Dist 1000 = 4.058 | Init Dist = 12.806 | Init Dist 10 = 12.806 | Init Dist 100 = 12.806 | Init Dist 1000 = 12.806 | Learner Steps = 6135 | Learner Walltime = 1192.767 | Min Dist = 0.198 | Min Dist 10 = 4.800 | Min Dist 100 = 3.813 | Min Dist 1000 = 3.415 | Steps Per Second = 83.351 | Success = 1.000 | Success 1000 = 0.624
I0502 15:26:10.086631 139569349502528 terminal.py:91] [Actor] Actor Episodes = 8059 | Actor Steps = 402950 | Delta Dist = 7.911 | Delta Dist 10 = 3.618 | Delta Dist 100 = 4.015 | Delta Dist 1000 = 4.498 | Episode Length = 50 | Episode Return = 45.0 | Evaluator Episodes = 2022 | Evaluator Steps = 101100 | Final Dist = 0.151 | Final Dist 10 = 1.610 | Final Dist 100 = 1.608 | Final Dist 1000 = 1.435 | Init Dist = 8.062 | Init Dist 10 = 5.227 | Init Dist 100 = 5.623 | Init Dist 1000 = 5.933 | Learner Steps = 6140 | Learner Walltime = 1193.836 | Min Dist = 0.092 | Min Dist 10 = 0.068 | Min Dist 100 = 0.146 | Min Dist 1000 = 0.192 | Steps Per Second = 85.478 | Success = 1.000 | Success 1000 = 0.991
I0502 15:26:10.524152 139579566835264 terminal.py:91] [Evaluator] Actor Episodes = 8061 | Actor Steps = 403050 | Delta Dist = 1.411 | Delta Dist 10 = 6.319 | Delta Dist 100 = 8.317 | Delta Dist 1000 = 8.738 | Episode Length = 50 | Episode Return = 0.0 | Evaluator Episodes = 2024 | Evaluator Steps = 101200 | Final Dist = 11.395 | Final Dist 10 = 6.487 | Final Dist 100 = 4.490 | Final Dist 1000 = 4.068 | Init Dist = 12.806 | Init Dist 10 = 12.806 | Init Dist 100 = 12.806 | Init Dist 1000 = 12.806 | Learner Steps = 6140 | Learner Walltime = 1193.836 | Min Dist = 10.646 | Min Dist 10 = 5.845 | Min Dist 100 = 3.912 | Min Dist 1000 = 3.425 | Steps Per Second = 86.875 | Success = 0.000 | Success 1000 = 0.623
I0502 15:26:10.902302 139557462840896 terminal.py:91] [Actor] Actor Episodes = 8062 | Actor Steps = 403100 | Delta Dist = 1.828 | Delta Dist 10 = 4.772 | Delta Dist 100 = 4.007 | Delta Dist 1000 = 4.505 | Episode Length = 50 | Episode Return = 26.0 | Evaluator Episodes = 2022 | Evaluator Steps = 101100 | Final Dist = 0.408 | Final Dist 10 = 2.436 | Final Dist 100 = 1.796 | Final Dist 1000 = 1.452 | Init Dist = 2.236 | Init Dist 10 = 7.208 | Init Dist 100 = 5.803 | Init Dist 1000 = 5.957 | Learner Steps = 6140 | Learner Walltime = 1193.836 | Min Dist = 0.058 | Min Dist 10 = 0.219 | Min Dist 100 = 0.162 | Min Dist 1000 = 0.194 | Steps Per Second = 83.146 | Success = 1.000 | Success 1000 = 0.991
I0502 15:26:11.703080 139579566835264 terminal.py:91] [Evaluator] Actor Episodes = 8069 | Actor Steps = 403450 | Delta Dist = 2.308 | Delta Dist 10 = 5.189 | Delta Dist 100 = 8.153 | Delta Dist 1000 = 8.718 | Episode Length = 50 | Episode Return = 0.0 | Evaluator Episodes = 2026 | Evaluator Steps = 101300 | Final Dist = 10.498 | Final Dist 10 = 7.617 | Final Dist 100 = 4.653 | Final Dist 1000 = 4.089 | Init Dist = 12.806 | Init Dist 10 = 12.806 | Init Dist 100 = 12.806 | Init Dist 1000 = 12.806 | Learner Steps = 6146 | Learner Walltime = 1194.982 | Min Dist = 10.408 | Min Dist 10 = 6.933 | Min Dist 100 = 4.063 | Min Dist 1000 = 3.446 | Steps Per Second = 85.632 | Success = 0.000 | Success 1000 = 0.621
I0502 15:26:12.591242 139555860620864 terminal.py:91] [Actor] Actor Episodes = 8074 | Actor Steps = 403700 | Delta Dist = 3.611 | Delta Dist 10 = 4.874 | Delta Dist 100 = 3.933 | Delta Dist 1000 = 4.509 | Episode Length = 50 | Episode Return = 25.0 | Evaluator Episodes = 2026 | Evaluator Steps = 101300 | Final Dist = 0.861 | Final Dist 10 = 0.704 | Final Dist 100 = 1.739 | Final Dist 1000 = 1.442 | Init Dist = 4.472 | Init Dist 10 = 5.577 | Init Dist 100 = 5.672 | Init Dist 1000 = 5.951 | Learner Steps = 6152 | Learner Walltime = 1196.157 | Min Dist = 0.313 | Min Dist 10 = 0.176 | Min Dist 100 = 0.227 | Min Dist 1000 = 0.200 | Steps Per Second = 103.141 | Success = 1.000 | Success 1000 = 0.991
I0502 15:26:12.895731 139579566835264 terminal.py:91] [Evaluator] Actor Episodes = 8077 | Actor Steps = 403850 | Delta Dist = 2.332 | Delta Dist 10 = 4.858 | Delta Dist 100 = 8.063 | Delta Dist 1000 = 8.721 | Episode Length = 50 | Episode Return = 0.0 | Evaluator Episodes = 2028 | Evaluator Steps = 101400 | Final Dist = 10.474 | Final Dist 10 = 7.948 | Final Dist 100 = 4.743 | Final Dist 1000 = 4.085 | Init Dist = 12.806 | Init Dist 10 = 12.806 | Init Dist 100 = 12.806 | Init Dist 1000 = 12.806 | Learner Steps = 6152 | Learner Walltime = 1196.157 | Min Dist = 10.312 | Min Dist 10 = 7.366 | Min Dist 100 = 4.165 | Min Dist 1000 = 3.446 | Steps Per Second = 84.374 | Success = 0.000 | Success 1000 = 0.621
I0502 15:26:13.575164 139558059398720 terminal.py:91] [Actor] Actor Episodes = 8080 | Actor Steps = 404000 | Delta Dist = 8.344 | Delta Dist 10 = 3.636 | Delta Dist 100 = 3.810 | Delta Dist 1000 = 4.510 | Episode Length = 50 | Episode Return = 43.0 | Evaluator Episodes = 2028 | Evaluator Steps = 101400 | Final Dist = 0.600 | Final Dist 10 = 1.374 | Final Dist 100 = 1.746 | Final Dist 1000 = 1.440 | Init Dist = 8.944 | Init Dist 10 = 5.010 | Init Dist 100 = 5.555 | Init Dist 1000 = 5.950 | Learner Steps = 6152 | Learner Walltime = 1196.157 | Min Dist = 0.024 | Min Dist 10 = 0.205 | Min Dist 100 = 0.225 | Min Dist 1000 = 0.195 | Steps Per Second = 82.089 | Success = 1.000 | Success 1000 = 0.991
I0502 15:26:14.137824 139579566835264 terminal.py:91] [Evaluator] Actor Episodes = 8085 | Actor Steps = 404250 | Delta Dist = 2.517 | Delta Dist 10 = 4.889 | Delta Dist 100 = 8.065 | Delta Dist 1000 = 8.711 | Episode Length = 50 | Episode Return = 0.0 | Evaluator Episodes = 2030 | Evaluator Steps = 101500 | Final Dist = 10.290 | Final Dist 10 = 7.918 | Final Dist 100 = 4.742 | Final Dist 1000 = 4.095 | Init Dist = 12.806 | Init Dist 10 = 12.806 | Init Dist 100 = 12.806 | Init Dist 1000 = 12.806 | Learner Steps = 6158 | Learner Walltime = 1197.264 | Min Dist = 10.130 | Min Dist 10 = 7.384 | Min Dist 100 = 4.164 | Min Dist 1000 = 3.456 | Steps Per Second = 82.342 | Success = 0.000 | Success 1000 = 0.620
I0502 15:26:15.181918 139579566835264 terminal.py:91] [Evaluator] Actor Episodes = 8091 | Actor Steps = 404550 | Delta Dist = 1.653 | Delta Dist 10 = 4.921 | Delta Dist 100 = 7.970 | Delta Dist 1000 = 8.701 | Episode Length = 50 | Episode Return = 0.0 | Evaluator Episodes = 2032 | Evaluator Steps = 101600 | Final Dist = 11.154 | Final Dist 10 = 7.886 | Final Dist 100 = 4.836 | Final Dist 1000 = 4.105 | Init Dist = 12.806 | Init Dist 10 = 12.806 | Init Dist 100 = 12.806 | Init Dist 1000 = 12.806 | Learner Steps = 6165 | Learner Walltime = 1198.522 | Min Dist = 10.749 | Min Dist 10 = 7.405 | Min Dist 100 = 4.257 | Min Dist 1000 = 3.466 | Steps Per Second = 100.044 | Success = 0.000 | Success 1000 = 0.619
I0502 15:26:15.768272 139555013154368 terminal.py:91] [Learner] Actor Episodes = 8095 | Actor Loss = 3.677927017211914 | Actor Steps = 404750 | Binary Accuracy = 0.9960134029388428 | Categorical Accuracy = 0.41522216796875 | Critic Loss = 1.9930733442306519 | Entropy Mean = -17.449352264404297 | Evaluator Episodes = 2032 | Evaluator Steps = 101600 | Learner Steps = 6173 | Learner Walltime = 1199.968 | Logits Neg = -15.995026588439941 | Logits Pos = -1.940760850906372 | Logsumexp = 1.2471543550491333 | Steps Per Second = 405.899
I0502 15:26:16.344912 139579566835264 terminal.py:91] [Evaluator] Actor Episodes = 8101 | Actor Steps = 405050 | Delta Dist = 12.199 | Delta Dist 10 = 3.957 | Delta Dist 100 = 7.867 | Delta Dist 1000 = 8.681 | Episode Length = 50 | Episode Return = 10.0 | Evaluator Episodes = 2034 | Evaluator Steps = 101700 | Final Dist = 0.607 | Final Dist 10 = 8.850 | Final Dist 100 = 4.939 | Final Dist 1000 = 4.125 | Init Dist = 12.806 | Init Dist 10 = 12.806 | Init Dist 100 = 12.806 | Init Dist 1000 = 12.806 | Learner Steps = 6171 | Learner Walltime = 1199.760 | Min Dist = 0.387 | Min Dist 10 = 8.415 | Min Dist 100 = 4.360 | Min Dist 1000 = 3.487 | Steps Per Second = 88.771 | Success = 1.000 | Success 1000 = 0.617
I0502 15:26:16.834264 139584504182336 lp_utils.py:96] StepsLimiter: Reached 405150 recorded steps
I0502 15:26:17.621626 139579566835264 terminal.py:91] [Evaluator] Actor Episodes = 8109 | Actor Steps = 405450 | Delta Dist = 11.784 | Delta Dist 10 = 5.162 | Delta Dist 100 = 7.784 | Delta Dist 1000 = 8.672 | Episode Length = 50 | Episode Return = 23.0 | Evaluator Episodes = 2036 | Evaluator Steps = 101800 | Final Dist = 1.023 | Final Dist 10 = 7.645 | Final Dist 100 = 5.022 | Final Dist 1000 = 4.134 | Init Dist = 12.806 | Init Dist 10 = 12.806 | Init Dist 100 = 12.806 | Init Dist 1000 = 12.806 | Learner Steps = 6179 | Learner Walltime = 1201.183 | Min Dist = 0.138 | Min Dist 10 = 7.340 | Min Dist 100 = 4.444 | Min Dist 1000 = 3.497 | Steps Per Second = 79.206 | Success = 1.000 | Success 1000 = 0.616
I0502 15:26:18.811252 139579566835264 terminal.py:91] [Evaluator] Actor Episodes = 8117 | Actor Steps = 405850 | Delta Dist = 12.001 | Delta Dist 10 = 7.002 | Delta Dist 100 = 7.886 | Delta Dist 1000 = 8.671 | Episode Length = 50 | Episode Return = 16.0 | Evaluator Episodes = 2038 | Evaluator Steps = 101900 | Final Dist = 0.805 | Final Dist 10 = 5.804 | Final Dist 100 = 4.921 | Final Dist 1000 = 4.135 | Init Dist = 12.806 | Init Dist 10 = 12.806 | Init Dist 100 = 12.806 | Init Dist 1000 = 12.806 | Learner Steps = 6185 | Learner Walltime = 1202.443 | Min Dist = 0.233 | Min Dist 10 = 5.293 | Min Dist 100 = 4.341 | Min Dist 1000 = 3.497 | Steps Per Second = 88.624 | Success = 1.000 | Success 1000 = 0.616
I0502 15:26:19.940628 139579566835264 terminal.py:91] [Evaluator] Actor Episodes = 8127 | Actor Steps = 406350 | Delta Dist = 12.622 | Delta Dist 10 = 7.741 | Delta Dist 100 = 8.047 | Delta Dist 1000 = 8.673 | Episode Length = 50 | Episode Return = 26.0 | Evaluator Episodes = 2040 | Evaluator Steps = 102000 | Final Dist = 0.184 | Final Dist 10 = 5.066 | Final Dist 100 = 4.759 | Final Dist 1000 = 4.133 | Init Dist = 12.806 | Init Dist 10 = 12.806 | Init Dist 100 = 12.806 | Init Dist 1000 = 12.806 | Learner Steps = 6191 | Learner Walltime = 1203.593 | Min Dist = 0.025 | Min Dist 10 = 4.414 | Min Dist 100 = 4.152 | Min Dist 1000 = 3.494 | Steps Per Second = 91.502 | Success = 1.000 | Success 1000 = 0.616
I0502 15:26:20.665392 139569349502528 terminal.py:91] [Actor] Actor Episodes = 8131 | Actor Steps = 406550 | Delta Dist = 4.804 | Delta Dist 10 = 3.753 | Delta Dist 100 = 4.317 | Delta Dist 1000 = 4.519 | Episode Length = 50 | Episode Return = 21.0 | Evaluator Episodes = 2040 | Evaluator Steps = 102000 | Final Dist = 1.027 | Final Dist 10 = 2.008 | Final Dist 100 = 1.563 | Final Dist 1000 = 1.439 | Init Dist = 5.831 | Init Dist 10 = 5.761 | Init Dist 100 = 5.880 | Init Dist 1000 = 5.959 | Learner Steps = 6197 | Learner Walltime = 1204.677 | Min Dist = 0.023 | Min Dist 10 = 0.278 | Min Dist 100 = 0.207 | Min Dist 1000 = 0.197 | Steps Per Second = 85.776 | Success = 1.000 | Success 1000 = 0.990
I0502 15:26:21.018436 139557462840896 terminal.py:91] [Actor] Actor Episodes = 8133 | Actor Steps = 406650 | Delta Dist = 6.643 | Delta Dist 10 = 4.369 | Delta Dist 100 = 4.356 | Delta Dist 1000 = 4.518 | Episode Length = 50 | Episode Return = 44.0 | Evaluator Episodes = 2040 | Evaluator Steps = 102000 | Final Dist = 0.428 | Final Dist 10 = 1.578 | Final Dist 100 = 1.471 | Final Dist 1000 = 1.441 | Init Dist = 7.071 | Init Dist 10 = 5.947 | Init Dist 100 = 5.827 | Init Dist 1000 = 5.958 | Learner Steps = 6197 | Learner Walltime = 1204.677 | Min Dist = 0.025 | Min Dist 10 = 0.183 | Min Dist 100 = 0.207 | Min Dist 1000 = 0.196 | Steps Per Second = 87.835 | Success = 1.000 | Success 1000 = 0.990
I0502 15:26:21.094913 139579566835264 terminal.py:91] [Evaluator] Actor Episodes = 8133 | Actor Steps = 406650 | Delta Dist = 12.652 | Delta Dist 10 = 8.664 | Delta Dist 100 = 8.057 | Delta Dist 1000 = 8.684 | Episode Length = 50 | Episode Return = 20.0 | Evaluator Episodes = 2042 | Evaluator Steps = 102100 | Final Dist = 0.154 | Final Dist 10 = 4.142 | Final Dist 100 = 4.749 | Final Dist 1000 = 4.122 | Init Dist = 12.806 | Init Dist 10 = 12.806 | Init Dist 100 = 12.806 | Init Dist 1000 = 12.806 | Learner Steps = 6197 | Learner Walltime = 1204.677 | Min Dist = 0.154 | Min Dist 10 = 3.392 | Min Dist 100 = 4.146 | Min Dist 1000 = 3.483 | Steps Per Second = 88.783 | Success = 1.000 | Success 1000 = 0.617
I0502 15:26:22.170010 139579566835264 terminal.py:91] [Evaluator] Actor Episodes = 8141 | Actor Steps = 407050 | Delta Dist = 2.433 | Delta Dist 10 = 9.759 | Delta Dist 100 = 8.122 | Delta Dist 1000 = 8.685 | Episode Length = 50 | Episode Return = 0.0 | Evaluator Episodes = 2044 | Evaluator Steps = 102200 | Final Dist = 10.373 | Final Dist 10 = 3.047 | Final Dist 100 = 4.685 | Final Dist 1000 = 4.121 | Init Dist = 12.806 | Init Dist 10 = 12.806 | Init Dist 100 = 12.806 | Init Dist 1000 = 12.806 | Learner Steps = 6204 | Learner Walltime = 1205.867 | Min Dist = 10.292 | Min Dist 10 = 2.328 | Min Dist 100 = 4.088 | Min Dist 1000 = 3.483 | Steps Per Second = 93.902 | Success = 0.000 | Success 1000 = 0.617
I0502 15:26:22.635646 139555860620864 terminal.py:91] [Actor] Actor Episodes = 8145 | Actor Steps = 407250 | Delta Dist = 2.374 | Delta Dist 10 = 5.646 | Delta Dist 100 = 4.545 | Delta Dist 1000 = 4.541 | Episode Length = 50 | Episode Return = 47.0 | Evaluator Episodes = 2044 | Evaluator Steps = 102200 | Final Dist = 0.626 | Final Dist 10 = 0.613 | Final Dist 100 = 1.367 | Final Dist 1000 = 1.432 | Init Dist = 3.000 | Init Dist 10 = 6.259 | Init Dist 100 = 5.912 | Init Dist 1000 = 5.972 | Learner Steps = 6204 | Learner Walltime = 1205.867 | Min Dist = 0.019 | Min Dist 10 = 0.085 | Min Dist 100 = 0.201 | Min Dist 1000 = 0.195 | Steps Per Second = 79.866 | Success = 1.000 | Success 1000 = 0.991
I0502 15:26:23.385771 139579566835264 terminal.py:91] [Evaluator] Actor Episodes = 8151 | Actor Steps = 407550 | Delta Dist = 12.326 | Delta Dist 10 = 9.694 | Delta Dist 100 = 8.027 | Delta Dist 1000 = 8.675 | Episode Length = 50 | Episode Return = 24.0 | Evaluator Episodes = 2046 | Evaluator Steps = 102300 | Final Dist = 0.480 | Final Dist 10 = 3.112 | Final Dist 100 = 4.780 | Final Dist 1000 = 4.131 | Init Dist = 12.806 | Init Dist 10 = 12.806 | Init Dist 100 = 12.806 | Init Dist 1000 = 12.806 | Learner Steps = 6210 | Learner Walltime = 1206.959 | Min Dist = 0.298 | Min Dist 10 = 2.411 | Min Dist 100 = 4.201 | Min Dist 1000 = 3.494 | Steps Per Second = 81.244 | Success = 1.000 | Success 1000 = 0.615
I0502 15:26:23.980667 139558059398720 terminal.py:91] [Actor] Actor Episodes = 8152 | Actor Steps = 407600 | Delta Dist = 2.568 | Delta Dist 10 = 3.626 | Delta Dist 100 = 4.606 | Delta Dist 1000 = 4.553 | Episode Length = 50 | Episode Return = 38.0 | Evaluator Episodes = 2044 | Evaluator Steps = 102200 | Final Dist = 0.260 | Final Dist 10 = 1.614 | Final Dist 100 = 1.344 | Final Dist 1000 = 1.420 | Init Dist = 2.828 | Init Dist 10 = 5.240 | Init Dist 100 = 5.950 | Init Dist 1000 = 5.973 | Learner Steps = 6210 | Learner Walltime = 1206.959 | Min Dist = 0.260 | Min Dist 10 = 0.959 | Min Dist 100 = 0.288 | Min Dist 1000 = 0.201 | Steps Per Second = 79.793 | Success = 1.000 | Success 1000 = 0.992
I0502 15:26:24.508138 139579566835264 terminal.py:91] [Evaluator] Actor Episodes = 8157 | Actor Steps = 407850 | Delta Dist = 11.433 | Delta Dist 10 = 9.643 | Delta Dist 100 = 8.010 | Delta Dist 1000 = 8.686 | Episode Length = 50 | Episode Return = 18.0 | Evaluator Episodes = 2048 | Evaluator Steps = 102400 | Final Dist = 1.373 | Final Dist 10 = 3.163 | Final Dist 100 = 4.796 | Final Dist 1000 = 4.120 | Init Dist = 12.806 | Init Dist 10 = 12.806 | Init Dist 100 = 12.806 | Init Dist 1000 = 12.806 | Learner Steps = 6216 | Learner Walltime = 1208.088 | Min Dist = 0.130 | Min Dist 10 = 2.596 | Min Dist 100 = 4.218 | Min Dist 1000 = 3.486 | Steps Per Second = 98.389 | Success = 1.000 | Success 1000 = 0.615
I0502 15:26:25.674879 139579566835264 terminal.py:91] [Evaluator] Actor Episodes = 8167 | Actor Steps = 408350 | Delta Dist = 12.491 | Delta Dist 10 = 9.825 | Delta Dist 100 = 8.092 | Delta Dist 1000 = 8.697 | Episode Length = 50 | Episode Return = 24.0 | Evaluator Episodes = 2050 | Evaluator Steps = 102500 | Final Dist = 0.315 | Final Dist 10 = 2.981 | Final Dist 100 = 4.714 | Final Dist 1000 = 4.110 | Init Dist = 12.806 | Init Dist 10 = 12.806 | Init Dist 100 = 12.806 | Init Dist 1000 = 12.806 | Learner Steps = 6223 | Learner Walltime = 1209.382 | Min Dist = 0.096 | Min Dist 10 = 2.457 | Min Dist 100 = 4.114 | Min Dist 1000 = 3.476 | Steps Per Second = 82.814 | Success = 1.000 | Success 1000 = 0.616
I0502 15:26:25.825281 139555013154368 terminal.py:91] [Learner] Actor Episodes = 8163 | Actor Loss = 3.6764798164367676 | Actor Steps = 408150 | Binary Accuracy = 0.996009111404419 | Categorical Accuracy = 0.412109375 | Critic Loss = 2.007768154144287 | Entropy Mean = -17.637245178222656 | Evaluator Episodes = 2048 | Evaluator Steps = 102400 | Learner Steps = 6227 | Learner Walltime = 1210.025 | Logits Neg = -16.349712371826172 | Logits Pos = -2.021362066268921 | Logsumexp = 1.2631680965423584 | Steps Per Second = 1051.744
I0502 15:26:26.850112 139579566835264 terminal.py:91] [Evaluator] Actor Episodes = 8173 | Actor Steps = 408650 | Delta Dist = 11.762 | Delta Dist 10 = 9.717 | Delta Dist 100 = 8.282 | Delta Dist 1000 = 8.698 | Episode Length = 50 | Episode Return = 12.0 | Evaluator Episodes = 2052 | Evaluator Steps = 102600 | Final Dist = 1.044 | Final Dist 10 = 3.090 | Final Dist 100 = 4.524 | Final Dist 1000 = 4.108 | Init Dist = 12.806 | Init Dist 10 = 12.806 | Init Dist 100 = 12.806 | Init Dist 1000 = 12.806 | Learner Steps = 6229 | Learner Walltime = 1210.548 | Min Dist = 0.183 | Min Dist 10 = 2.608 | Min Dist 100 = 3.924 | Min Dist 1000 = 3.473 | Steps Per Second = 82.429 | Success = 1.000 | Success 1000 = 0.616
I0502 15:26:26.851030 139584504182336 lp_utils.py:96] StepsLimiter: Reached 408650 recorded steps
I0502 15:26:28.071317 139579566835264 terminal.py:91] [Evaluator] Actor Episodes = 8181 | Actor Steps = 409050 | Delta Dist = 1.801 | Delta Dist 10 = 9.607 | Delta Dist 100 = 8.296 | Delta Dist 1000 = 8.688 | Episode Length = 50 | Episode Return = 0.0 | Evaluator Episodes = 2054 | Evaluator Steps = 102700 | Final Dist = 11.006 | Final Dist 10 = 3.199 | Final Dist 100 = 4.510 | Final Dist 1000 = 4.119 | Init Dist = 12.806 | Init Dist 10 = 12.806 | Init Dist 100 = 12.806 | Init Dist 1000 = 12.806 | Learner Steps = 6236 | Learner Walltime = 1211.697 | Min Dist = 10.623 | Min Dist 10 = 2.644 | Min Dist 100 = 3.924 | Min Dist 1000 = 3.484 | Steps Per Second = 84.658 | Success = 0.000 | Success 1000 = 0.615
I0502 15:26:29.227949 139579566835264 terminal.py:91] [Evaluator] Actor Episodes = 8189 | Actor Steps = 409450 | Delta Dist = 12.627 | Delta Dist 10 = 8.932 | Delta Dist 100 = 8.236 | Delta Dist 1000 = 8.679 | Episode Length = 50 | Episode Return = 16.0 | Evaluator Episodes = 2056 | Evaluator Steps = 102800 | Final Dist = 0.179 | Final Dist 10 = 3.874 | Final Dist 100 = 4.570 | Final Dist 1000 = 4.127 | Init Dist = 12.806 | Init Dist 10 = 12.806 | Init Dist 100 = 12.806 | Init Dist 1000 = 12.806 | Learner Steps = 6242 | Learner Walltime = 1212.863 | Min Dist = 0.157 | Min Dist 10 = 3.261 | Min Dist 100 = 3.996 | Min Dist 1000 = 3.492 | Steps Per Second = 88.391 | Success = 1.000 | Success 1000 = 0.614
I0502 15:26:30.445237 139579566835264 terminal.py:91] [Evaluator] Actor Episodes = 8197 | Actor Steps = 409850 | Delta Dist = 2.422 | Delta Dist 10 = 8.169 | Delta Dist 100 = 8.179 | Delta Dist 1000 = 8.676 | Episode Length = 50 | Episode Return = 0.0 | Evaluator Episodes = 2058 | Evaluator Steps = 102900 | Final Dist = 10.385 | Final Dist 10 = 4.637 | Final Dist 100 = 4.627 | Final Dist 1000 = 4.130 | Init Dist = 12.806 | Init Dist 10 = 12.806 | Init Dist 100 = 12.806 | Init Dist 1000 = 12.806 | Learner Steps = 6249 | Learner Walltime = 1214.115 | Min Dist = 10.375 | Min Dist 10 = 4.102 | Min Dist 100 = 4.063 | Min Dist 1000 = 3.496 | Steps Per Second = 82.582 | Success = 0.000 | Success 1000 = 0.614
I0502 15:26:31.190849 139583350109760 savers.py:156] Saving checkpoint: logs/contrastive_cpc_point_FourRooms_64/5dd72662-2788-11f0-b183-d85ed38c5779/checkpoints/learner
I0502 15:26:31.224888 139569349502528 terminal.py:91] [Actor] Actor Episodes = 8203 | Actor Steps = 410150 | Delta Dist = 6.102 | Delta Dist 10 = 3.951 | Delta Dist 100 = 4.364 | Delta Dist 1000 = 4.541 | Episode Length = 50 | Episode Return = 42.0 | Evaluator Episodes = 2058 | Evaluator Steps = 102900 | Final Dist = 0.301 | Final Dist 10 = 0.654 | Final Dist 100 = 1.193 | Final Dist 1000 = 1.385 | Init Dist = 6.403 | Init Dist 10 = 4.604 | Init Dist 100 = 5.557 | Init Dist 1000 = 5.925 | Learner Steps = 6254 | Learner Walltime = 1215.143 | Min Dist = 0.115 | Min Dist 10 = 0.036 | Min Dist 100 = 0.201 | Min Dist 1000 = 0.195 | Steps Per Second = 82.611 | Success = 1.000 | Success 1000 = 0.993
I0502 15:26:31.464049 139557462840896 terminal.py:91] [Actor] Actor Episodes = 8205 | Actor Steps = 410250 | Delta Dist = 7.445 | Delta Dist 10 = 4.488 | Delta Dist 100 = 4.406 | Delta Dist 1000 = 4.541 | Episode Length = 50 | Episode Return = 41.0 | Evaluator Episodes = 2058 | Evaluator Steps = 102900 | Final Dist = 1.099 | Final Dist 10 = 0.615 | Final Dist 100 = 1.194 | Final Dist 1000 = 1.385 | Init Dist = 8.544 | Init Dist 10 = 5.103 | Init Dist 100 = 5.601 | Init Dist 1000 = 5.925 | Learner Steps = 6254 | Learner Walltime = 1215.143 | Min Dist = 0.009 | Min Dist 10 = 0.046 | Min Dist 100 = 0.201 | Min Dist 1000 = 0.195 | Steps Per Second = 80.121 | Success = 1.000 | Success 1000 = 0.993
I0502 15:26:31.690881 139579566835264 terminal.py:91] [Evaluator] Actor Episodes = 8205 | Actor Steps = 410250 | Delta Dist = 12.251 | Delta Dist 10 = 7.382 | Delta Dist 100 = 8.182 | Delta Dist 1000 = 8.667 | Episode Length = 50 | Episode Return = 25.0 | Evaluator Episodes = 2060 | Evaluator Steps = 103000 | Final Dist = 0.555 | Final Dist 10 = 5.424 | Final Dist 100 = 4.624 | Final Dist 1000 = 4.139 | Init Dist = 12.806 | Init Dist 10 = 12.806 | Init Dist 100 = 12.806 | Init Dist 1000 = 12.806 | Learner Steps = 6254 | Learner Walltime = 1215.143 | Min Dist = 0.074 | Min Dist 10 = 5.130 | Min Dist 100 = 4.073 | Min Dist 1000 = 3.506 | Steps Per Second = 76.737 | Success = 1.000 | Success 1000 = 0.613
I0502 15:26:32.932933 139579566835264 terminal.py:91] [Evaluator] Actor Episodes = 8215 | Actor Steps = 410750 | Delta Dist = 12.447 | Delta Dist 10 = 7.570 | Delta Dist 100 = 8.196 | Delta Dist 1000 = 8.669 | Episode Length = 50 | Episode Return = 21.0 | Evaluator Episodes = 2062 | Evaluator Steps = 103100 | Final Dist = 0.360 | Final Dist 10 = 5.237 | Final Dist 100 = 4.610 | Final Dist 1000 = 4.137 | Init Dist = 12.806 | Init Dist 10 = 12.806 | Init Dist 100 = 12.806 | Init Dist 1000 = 12.806 | Learner Steps = 6256 | Learner Walltime = 1216.349 | Min Dist = 0.071 | Min Dist 10 = 4.963 | Min Dist 100 = 4.069 | Min Dist 1000 = 3.506 | Steps Per Second = 78.974 | Success = 1.000 | Success 1000 = 0.613
I0502 15:26:32.988626 139555860620864 terminal.py:91] [Actor] Actor Episodes = 8217 | Actor Steps = 410850 | Delta Dist = 9.853 | Delta Dist 10 = 5.986 | Delta Dist 100 = 4.459 | Delta Dist 1000 = 4.573 | Episode Length = 50 | Episode Return = 36.0 | Evaluator Episodes = 2062 | Evaluator Steps = 103100 | Final Dist = 0.047 | Final Dist 10 = 0.959 | Final Dist 100 = 1.150 | Final Dist 1000 = 1.372 | Init Dist = 9.899 | Init Dist 10 = 6.945 | Init Dist 100 = 5.609 | Init Dist 1000 = 5.946 | Learner Steps = 6256 | Learner Walltime = 1216.349 | Min Dist = 0.047 | Min Dist 10 = 0.112 | Min Dist 100 = 0.201 | Min Dist 1000 = 0.195 | Steps Per Second = 91.692 | Success = 1.000 | Success 1000 = 0.995
I0502 15:26:34.079345 139558059398720 terminal.py:91] [Actor] Actor Episodes = 8223 | Actor Steps = 411150 | Delta Dist = 5.063 | Delta Dist 10 = 3.567 | Delta Dist 100 = 4.368 | Delta Dist 1000 = 4.568 | Episode Length = 50 | Episode Return = 7.0 | Evaluator Episodes = 2062 | Evaluator Steps = 103100 | Final Dist = 1.262 | Final Dist 10 = 2.261 | Final Dist 100 = 1.231 | Final Dist 1000 = 1.379 | Init Dist = 6.325 | Init Dist 10 = 5.828 | Init Dist 100 = 5.599 | Init Dist 1000 = 5.947 | Learner Steps = 6267 | Learner Walltime = 1217.560 | Min Dist = 0.123 | Min Dist 10 = 0.102 | Min Dist 100 = 0.195 | Min Dist 1000 = 0.194 | Steps Per Second = 86.274 | Success = 1.000 | Success 1000 = 0.995
I0502 15:26:34.181060 139579566835264 terminal.py:91] [Evaluator] Actor Episodes = 8223 | Actor Steps = 411150 | Delta Dist = 12.411 | Delta Dist 10 = 8.582 | Delta Dist 100 = 8.202 | Delta Dist 1000 = 8.669 | Episode Length = 50 | Episode Return = 20.0 | Evaluator Episodes = 2064 | Evaluator Steps = 103200 | Final Dist = 0.395 | Final Dist 10 = 4.224 | Final Dist 100 = 4.604 | Final Dist 1000 = 4.137 | Init Dist = 12.806 | Init Dist 10 = 12.806 | Init Dist 100 = 12.806 | Init Dist 1000 = 12.806 | Learner Steps = 6267 | Learner Walltime = 1217.560 | Min Dist = 0.012 | Min Dist 10 = 3.938 | Min Dist 100 = 4.066 | Min Dist 1000 = 3.506 | Steps Per Second = 80.615 | Success = 1.000 | Success 1000 = 0.613
I0502 15:26:35.156466 139584635659840 savers.py:156] Saving checkpoint: logs/contrastive_cpc_point_FourRooms_64/5dd72662-2788-11f0-b183-d85ed38c5779/checkpoints/counter
I0502 15:26:35.336780 139579566835264 terminal.py:91] [Evaluator] Actor Episodes = 8231 | Actor Steps = 411550 | Delta Dist = 11.519 | Delta Dist 10 = 10.347 | Delta Dist 100 = 8.276 | Delta Dist 1000 = 8.670 | Episode Length = 50 | Episode Return = 14.0 | Evaluator Episodes = 2066 | Evaluator Steps = 103300 | Final Dist = 1.287 | Final Dist 10 = 2.459 | Final Dist 100 = 4.531 | Final Dist 1000 = 4.136 | Init Dist = 12.806 | Init Dist 10 = 12.806 | Init Dist 100 = 12.806 | Init Dist 1000 = 12.806 | Learner Steps = 6272 | Learner Walltime = 1218.660 | Min Dist = 0.564 | Min Dist 10 = 2.193 | Min Dist 100 = 3.998 | Min Dist 1000 = 3.505 | Steps Per Second = 88.891 | Success = 1.000 | Success 1000 = 0.613
I0502 15:26:36.002796 139555013154368 terminal.py:91] [Learner] Actor Episodes = 8233 | Actor Loss = 3.583603858947754 | Actor Steps = 411650 | Binary Accuracy = 0.995978593826294 | Categorical Accuracy = 0.40740966796875 | Critic Loss = 2.033494472503662 | Entropy Mean = -18.046287536621094 | Evaluator Episodes = 2066 | Evaluator Steps = 103300 | Learner Steps = 6281 | Learner Walltime = 1220.201 | Logits Neg = -16.175148010253906 | Logits Pos = -2.0163516998291016 | Logsumexp = 1.3230465650558472 | Steps Per Second = 349.954
I0502 15:26:36.531610 139579566835264 terminal.py:91] [Evaluator] Actor Episodes = 8239 | Actor Steps = 411950 | Delta Dist = 12.441 | Delta Dist 10 = 11.170 | Delta Dist 100 = 8.270 | Delta Dist 1000 = 8.676 | Episode Length = 50 | Episode Return = 3.0 | Evaluator Episodes = 2068 | Evaluator Steps = 103400 | Final Dist = 0.365 | Final Dist 10 = 1.637 | Final Dist 100 = 4.536 | Final Dist 1000 = 4.130 | Init Dist = 12.806 | Init Dist 10 = 12.806 | Init Dist 100 = 12.806 | Init Dist 1000 = 12.806 | Learner Steps = 6279 | Learner Walltime = 1219.973 | Min Dist = 0.365 | Min Dist 10 = 1.217 | Min Dist 100 = 3.993 | Min Dist 1000 = 3.498 | Steps Per Second = 77.622 | Success = 1.000 | Success 1000 = 0.614
I0502 15:26:36.866819 139584504182336 lp_utils.py:96] StepsLimiter: Reached 412050 recorded steps
I0502 15:26:37.583459 139579566835264 terminal.py:91] [Evaluator] Actor Episodes = 8245 | Actor Steps = 412250 | Delta Dist = 11.452 | Delta Dist 10 = 12.124 | Delta Dist 100 = 8.466 | Delta Dist 1000 = 8.677 | Episode Length = 50 | Episode Return = 6.0 | Evaluator Episodes = 2070 | Evaluator Steps = 103500 | Final Dist = 1.354 | Final Dist 10 = 0.682 | Final Dist 100 = 4.341 | Final Dist 1000 = 4.129 | Init Dist = 12.806 | Init Dist 10 = 12.806 | Init Dist 100 = 12.806 | Init Dist 1000 = 12.806 | Learner Steps = 6284 | Learner Walltime = 1220.973 | Min Dist = 0.180 | Min Dist 10 = 0.242 | Min Dist 100 = 3.797 | Min Dist 1000 = 3.498 | Steps Per Second = 91.314 | Success = 1.000 | Success 1000 = 0.614
I0502 15:26:38.754224 139579566835264 terminal.py:91] [Evaluator] Actor Episodes = 8253 | Actor Steps = 412650 | Delta Dist = 12.367 | Delta Dist 10 = 11.953 | Delta Dist 100 = 8.507 | Delta Dist 1000 = 8.675 | Episode Length = 50 | Episode Return = 12.0 | Evaluator Episodes = 2072 | Evaluator Steps = 103600 | Final Dist = 0.439 | Final Dist 10 = 0.853 | Final Dist 100 = 4.299 | Final Dist 1000 = 4.131 | Init Dist = 12.806 | Init Dist 10 = 12.806 | Init Dist 100 = 12.806 | Init Dist 1000 = 12.806 | Learner Steps = 6290 | Learner Walltime = 1222.172 | Min Dist = 0.364 | Min Dist 10 = 0.263 | Min Dist 100 = 3.739 | Min Dist 1000 = 3.498 | Steps Per Second = 85.128 | Success = 1.000 | Success 1000 = 0.614
I0502 15:26:39.894678 139579566835264 terminal.py:91] [Evaluator] Actor Episodes = 8259 | Actor Steps = 412950 | Delta Dist = 4.579 | Delta Dist 10 = 11.925 | Delta Dist 100 = 8.518 | Delta Dist 1000 = 8.676 | Episode Length = 50 | Episode Return = 0.0 | Evaluator Episodes = 2074 | Evaluator Steps = 103700 | Final Dist = 8.228 | Final Dist 10 = 0.881 | Final Dist 100 = 4.288 | Final Dist 1000 = 4.131 | Init Dist = 12.806 | Init Dist 10 = 12.806 | Init Dist 100 = 12.806 | Init Dist 1000 = 12.806 | Learner Steps = 6297 | Learner Walltime = 1223.499 | Min Dist = 7.240 | Min Dist 10 = 0.300 | Min Dist 100 = 3.737 | Min Dist 1000 = 3.499 | Steps Per Second = 86.667 | Success = 0.000 | Success 1000 = 0.614
I0502 15:26:41.077979 139579566835264 terminal.py:91] [Evaluator] Actor Episodes = 8267 | Actor Steps = 413350 | Delta Dist = 11.801 | Delta Dist 10 = 10.145 | Delta Dist 100 = 8.357 | Delta Dist 1000 = 8.660 | Episode Length = 50 | Episode Return = 16.0 | Evaluator Episodes = 2076 | Evaluator Steps = 103800 | Final Dist = 1.005 | Final Dist 10 = 2.661 | Final Dist 100 = 4.449 | Final Dist 1000 = 4.146 | Init Dist = 12.806 | Init Dist 10 = 12.806 | Init Dist 100 = 12.806 | Init Dist 1000 = 12.806 | Learner Steps = 6303 | Learner Walltime = 1224.582 | Min Dist = 0.109 | Min Dist 10 = 2.028 | Min Dist 100 = 3.896 | Min Dist 1000 = 3.516 | Steps Per Second = 83.722 | Success = 1.000 | Success 1000 = 0.612
I0502 15:26:41.587387 139569349502528 terminal.py:91] [Actor] Actor Episodes = 8268 | Actor Steps = 413400 | Delta Dist = 5.581 | Delta Dist 10 = 3.410 | Delta Dist 100 = 4.546 | Delta Dist 1000 = 4.598 | Episode Length = 50 | Episode Return = 40.0 | Evaluator Episodes = 2074 | Evaluator Steps = 103700 | Final Dist = 0.419 | Final Dist 10 = 1.194 | Final Dist 100 = 1.224 | Final Dist 1000 = 1.387 | Init Dist = 6.000 | Init Dist 10 = 4.604 | Init Dist 100 = 5.770 | Init Dist 1000 = 5.986 | Learner Steps = 6303 | Learner Walltime = 1224.582 | Min Dist = 0.077 | Min Dist 10 = 0.084 | Min Dist 100 = 0.105 | Min Dist 1000 = 0.196 | Steps Per Second = 82.100 | Success = 1.000 | Success 1000 = 0.994
I0502 15:26:41.719586 139557462840896 terminal.py:91] [Actor] Actor Episodes = 8270 | Actor Steps = 413500 | Delta Dist = 6.778 | Delta Dist 10 = 3.684 | Delta Dist 100 = 4.586 | Delta Dist 1000 = 4.604 | Episode Length = 50 | Episode Return = 48.0 | Evaluator Episodes = 2076 | Evaluator Steps = 103800 | Final Dist = 0.293 | Final Dist 10 = 1.020 | Final Dist 100 = 1.214 | Final Dist 1000 = 1.388 | Init Dist = 7.071 | Init Dist 10 = 4.704 | Init Dist 100 = 5.800 | Init Dist 1000 = 5.992 | Learner Steps = 6303 | Learner Walltime = 1224.582 | Min Dist = 0.225 | Min Dist 10 = 0.081 | Min Dist 100 = 0.104 | Min Dist 1000 = 0.197 | Steps Per Second = 82.935 | Success = 1.000 | Success 1000 = 0.994
I0502 15:26:42.233391 139579566835264 terminal.py:91] [Evaluator] Actor Episodes = 8275 | Actor Steps = 413750 | Delta Dist = 10.063 | Delta Dist 10 = 9.264 | Delta Dist 100 = 8.430 | Delta Dist 1000 = 8.650 | Episode Length = 50 | Episode Return = 0.0 | Evaluator Episodes = 2078 | Evaluator Steps = 103900 | Final Dist = 2.743 | Final Dist 10 = 3.543 | Final Dist 100 = 4.377 | Final Dist 1000 = 4.156 | Init Dist = 12.806 | Init Dist 10 = 12.806 | Init Dist 100 = 12.806 | Init Dist 1000 = 12.806 | Learner Steps = 6309 | Learner Walltime = 1225.772 | Min Dist = 2.743 | Min Dist 10 = 2.980 | Min Dist 100 = 3.815 | Min Dist 1000 = 3.526 | Steps Per Second = 85.457 | Success = 0.000 | Success 1000 = 0.611
I0502 15:26:43.168952 139555860620864 terminal.py:91] [Actor] Actor Episodes = 8282 | Actor Steps = 414100 | Delta Dist = 3.501 | Delta Dist 10 = 5.235 | Delta Dist 100 = 4.690 | Delta Dist 1000 = 4.602 | Episode Length = 50 | Episode Return = 35.0 | Evaluator Episodes = 2078 | Evaluator Steps = 103900 | Final Dist = 0.499 | Final Dist 10 = 1.028 | Final Dist 100 = 1.252 | Final Dist 1000 = 1.390 | Init Dist = 4.000 | Init Dist 10 = 6.262 | Init Dist 100 = 5.942 | Init Dist 1000 = 5.992 | Learner Steps = 6309 | Learner Walltime = 1225.772 | Min Dist = 0.106 | Min Dist 10 = 0.091 | Min Dist 100 = 0.109 | Min Dist 1000 = 0.197 | Steps Per Second = 90.730 | Success = 1.000 | Success 1000 = 0.994
I0502 15:26:43.404296 139579566835264 terminal.py:91] [Evaluator] Actor Episodes = 8285 | Actor Steps = 414250 | Delta Dist = 12.535 | Delta Dist 10 = 8.971 | Delta Dist 100 = 8.409 | Delta Dist 1000 = 8.649 | Episode Length = 50 | Episode Return = 10.0 | Evaluator Episodes = 2080 | Evaluator Steps = 104000 | Final Dist = 0.271 | Final Dist 10 = 3.836 | Final Dist 100 = 4.398 | Final Dist 1000 = 4.157 | Init Dist = 12.806 | Init Dist 10 = 12.806 | Init Dist 100 = 12.806 | Init Dist 1000 = 12.806 | Learner Steps = 6315 | Learner Walltime = 1226.914 | Min Dist = 0.170 | Min Dist 10 = 3.199 | Min Dist 100 = 3.837 | Min Dist 1000 = 3.529 | Steps Per Second = 86.453 | Success = 1.000 | Success 1000 = 0.610
I0502 15:26:44.119217 139558059398720 terminal.py:91] [Actor] Actor Episodes = 8288 | Actor Steps = 414400 | Delta Dist = 4.106 | Delta Dist 10 = 5.283 | Delta Dist 100 = 4.805 | Delta Dist 1000 = 4.606 | Episode Length = 50 | Episode Return = 31.0 | Evaluator Episodes = 2080 | Evaluator Steps = 104000 | Final Dist = 0.137 | Final Dist 10 = 1.485 | Final Dist 100 = 1.233 | Final Dist 1000 = 1.387 | Init Dist = 4.243 | Init Dist 10 = 6.768 | Init Dist 100 = 6.038 | Init Dist 1000 = 5.993 | Learner Steps = 6315 | Learner Walltime = 1226.914 | Min Dist = 0.022 | Min Dist 10 = 0.149 | Min Dist 100 = 0.112 | Min Dist 1000 = 0.197 | Steps Per Second = 86.752 | Success = 1.000 | Success 1000 = 0.994
I0502 15:26:44.513660 139579566835264 terminal.py:91] [Evaluator] Actor Episodes = 8289 | Actor Steps = 414450 | Delta Dist = 12.050 | Delta Dist 10 = 9.156 | Delta Dist 100 = 8.423 | Delta Dist 1000 = 8.650 | Episode Length = 50 | Episode Return = 25.0 | Evaluator Episodes = 2082 | Evaluator Steps = 104100 | Final Dist = 0.757 | Final Dist 10 = 3.650 | Final Dist 100 = 4.383 | Final Dist 1000 = 4.157 | Init Dist = 12.806 | Init Dist 10 = 12.806 | Init Dist 100 = 12.806 | Init Dist 1000 = 12.806 | Learner Steps = 6322 | Learner Walltime = 1228.095 | Min Dist = 0.300 | Min Dist 10 = 3.211 | Min Dist 100 = 3.839 | Min Dist 1000 = 3.529 | Steps Per Second = 92.331 | Success = 1.000 | Success 1000 = 0.610
I0502 15:26:45.792545 139579566835264 terminal.py:91] [Evaluator] Actor Episodes = 8299 | Actor Steps = 414950 | Delta Dist = 11.972 | Delta Dist 10 = 9.148 | Delta Dist 100 = 8.426 | Delta Dist 1000 = 8.660 | Episode Length = 50 | Episode Return = 10.0 | Evaluator Episodes = 2084 | Evaluator Steps = 104200 | Final Dist = 0.834 | Final Dist 10 = 3.658 | Final Dist 100 = 4.380 | Final Dist 1000 = 4.146 | Init Dist = 12.806 | Init Dist 10 = 12.806 | Init Dist 100 = 12.806 | Init Dist 1000 = 12.806 | Learner Steps = 6329 | Learner Walltime = 1229.491 | Min Dist = 0.191 | Min Dist 10 = 3.173 | Min Dist 100 = 3.833 | Min Dist 1000 = 3.518 | Steps Per Second = 80.639 | Success = 1.000 | Success 1000 = 0.611
I0502 15:26:46.123884 139555013154368 terminal.py:91] [Learner] Actor Episodes = 8297 | Actor Loss = 3.724533796310425 | Actor Steps = 414850 | Binary Accuracy = 0.996039867401123 | Categorical Accuracy = 0.42529296875 | Critic Loss = 1.9134461879730225 | Entropy Mean = -18.27581787109375 | Evaluator Episodes = 2082 | Evaluator Steps = 104100 | Learner Steps = 6334 | Learner Walltime = 1230.316 | Logits Neg = -16.759109497070312 | Logits Pos = -1.924060583114624 | Logsumexp = 1.2694883346557617 | Steps Per Second = 339.416
I0502 15:26:46.882822 139584504182336 lp_utils.py:96] StepsLimiter: Reached 415250 recorded steps
I0502 15:26:46.990951 139579566835264 terminal.py:91] [Evaluator] Actor Episodes = 8307 | Actor Steps = 415350 | Delta Dist = 11.428 | Delta Dist 10 = 10.855 | Delta Dist 100 = 8.491 | Delta Dist 1000 = 8.683 | Episode Length = 50 | Episode Return = 7.0 | Evaluator Episodes = 2086 | Evaluator Steps = 104300 | Final Dist = 1.379 | Final Dist 10 = 1.951 | Final Dist 100 = 4.315 | Final Dist 1000 = 4.123 | Init Dist = 12.806 | Init Dist 10 = 12.806 | Init Dist 100 = 12.806 | Init Dist 1000 = 12.806 | Learner Steps = 6335 | Learner Walltime = 1230.628 | Min Dist = 0.258 | Min Dist 10 = 1.457 | Min Dist 100 = 3.773 | Min Dist 1000 = 3.497 | Steps Per Second = 87.825 | Success = 1.000 | Success 1000 = 0.613
I0502 15:26:48.115242 139579566835264 terminal.py:91] [Evaluator] Actor Episodes = 8315 | Actor Steps = 415750 | Delta Dist = 12.067 | Delta Dist 10 = 11.672 | Delta Dist 100 = 8.580 | Delta Dist 1000 = 8.694 | Episode Length = 50 | Episode Return = 33.0 | Evaluator Episodes = 2088 | Evaluator Steps = 104400 | Final Dist = 0.739 | Final Dist 10 = 1.134 | Final Dist 100 = 4.227 | Final Dist 1000 = 4.112 | Init Dist = 12.806 | Init Dist 10 = 12.806 | Init Dist 100 = 12.806 | Init Dist 1000 = 12.806 | Learner Steps = 6341 | Learner Walltime = 1231.863 | Min Dist = 0.123 | Min Dist 10 = 0.514 | Min Dist 100 = 3.677 | Min Dist 1000 = 3.488 | Steps Per Second = 93.310 | Success = 1.000 | Success 1000 = 0.614
I0502 15:26:49.188780 139579566835264 terminal.py:91] [Evaluator] Actor Episodes = 8324 | Actor Steps = 416200 | Delta Dist = 11.177 | Delta Dist 10 = 11.942 | Delta Dist 100 = 8.772 | Delta Dist 1000 = 8.695 | Episode Length = 50 | Episode Return = 16.0 | Evaluator Episodes = 2090 | Evaluator Steps = 104500 | Final Dist = 1.630 | Final Dist 10 = 0.865 | Final Dist 100 = 4.034 | Final Dist 1000 = 4.111 | Init Dist = 12.806 | Init Dist 10 = 12.806 | Init Dist 100 = 12.806 | Init Dist 1000 = 12.806 | Learner Steps = 6348 | Learner Walltime = 1232.891 | Min Dist = 0.220 | Min Dist 10 = 0.230 | Min Dist 100 = 3.476 | Min Dist 1000 = 3.487 | Steps Per Second = 106.233 | Success = 1.000 | Success 1000 = 0.614
I0502 15:26:50.207430 139579566835264 terminal.py:91] [Evaluator] Actor Episodes = 8330 | Actor Steps = 416500 | Delta Dist = 11.496 | Delta Dist 10 = 11.785 | Delta Dist 100 = 8.951 | Delta Dist 1000 = 8.694 | Episode Length = 50 | Episode Return = 2.0 | Evaluator Episodes = 2092 | Evaluator Steps = 104600 | Final Dist = 1.310 | Final Dist 10 = 1.021 | Final Dist 100 = 3.855 | Final Dist 1000 = 4.112 | Init Dist = 12.806 | Init Dist 10 = 12.806 | Init Dist 100 = 12.806 | Init Dist 1000 = 12.806 | Learner Steps = 6354 | Learner Walltime = 1234.153 | Min Dist = 0.516 | Min Dist 10 = 0.259 | Min Dist 100 = 3.280 | Min Dist 1000 = 3.487 | Steps Per Second = 106.457 | Success = 1.000 | Success 1000 = 0.614
I0502 15:26:51.350624 139579566835264 terminal.py:91] [Evaluator] Actor Episodes = 8338 | Actor Steps = 416900 | Delta Dist = 11.986 | Delta Dist 10 = 11.724 | Delta Dist 100 = 8.955 | Delta Dist 1000 = 8.693 | Episode Length = 50 | Episode Return = 11.0 | Evaluator Episodes = 2094 | Evaluator Steps = 104700 | Final Dist = 0.820 | Final Dist 10 = 1.082 | Final Dist 100 = 3.852 | Final Dist 1000 = 4.113 | Init Dist = 12.806 | Init Dist 10 = 12.806 | Init Dist 100 = 12.806 | Init Dist 1000 = 12.806 | Learner Steps = 6360 | Learner Walltime = 1235.216 | Min Dist = 0.645 | Min Dist 10 = 0.284 | Min Dist 100 = 3.278 | Min Dist 1000 = 3.488 | Steps Per Second = 98.570 | Success = 1.000 | Success 1000 = 0.614
I0502 15:26:52.188266 139557462840896 terminal.py:91] [Actor] Actor Episodes = 8343 | Actor Steps = 417150 | Delta Dist = 3.156 | Delta Dist 10 = 4.404 | Delta Dist 100 = 4.264 | Delta Dist 1000 = 4.583 | Episode Length = 50 | Episode Return = 21.0 | Evaluator Episodes = 2094 | Evaluator Steps = 104700 | Final Dist = 0.449 | Final Dist 10 = 1.039 | Final Dist 100 = 1.392 | Final Dist 1000 = 1.391 | Init Dist = 3.606 | Init Dist 10 = 5.443 | Init Dist 100 = 5.656 | Init Dist 1000 = 5.974 | Learner Steps = 6360 | Learner Walltime = 1235.216 | Min Dist = 0.012 | Min Dist 10 = 0.121 | Min Dist 100 = 0.112 | Min Dist 1000 = 0.179 | Steps Per Second = 85.462 | Success = 1.000 | Success 1000 = 0.995
I0502 15:26:52.212232 139569349502528 terminal.py:91] [Actor] Actor Episodes = 8341 | Actor Steps = 417050 | Delta Dist = 1.086 | Delta Dist 10 = 4.654 | Delta Dist 100 = 4.295 | Delta Dist 1000 = 4.581 | Episode Length = 50 | Episode Return = 25.0 | Evaluator Episodes = 2094 | Evaluator Steps = 104700 | Final Dist = 1.150 | Final Dist 10 = 0.950 | Final Dist 100 = 1.336 | Final Dist 1000 = 1.391 | Init Dist = 2.236 | Init Dist 10 = 5.604 | Init Dist 100 = 5.632 | Init Dist 1000 = 5.973 | Learner Steps = 6360 | Learner Walltime = 1235.216 | Min Dist = 0.150 | Min Dist 10 = 0.102 | Min Dist 100 = 0.109 | Min Dist 1000 = 0.179 | Steps Per Second = 76.319 | Success = 1.000 | Success 1000 = 0.995
I0502 15:26:52.546133 139579566835264 terminal.py:91] [Evaluator] Actor Episodes = 8346 | Actor Steps = 417300 | Delta Dist = 2.278 | Delta Dist 10 = 11.645 | Delta Dist 100 = 9.031 | Delta Dist 1000 = 8.692 | Episode Length = 50 | Episode Return = 0.0 | Evaluator Episodes = 2096 | Evaluator Steps = 104800 | Final Dist = 10.528 | Final Dist 10 = 1.161 | Final Dist 100 = 3.776 | Final Dist 1000 = 4.114 | Init Dist = 12.806 | Init Dist 10 = 12.806 | Init Dist 100 = 12.806 | Init Dist 1000 = 12.806 | Learner Steps = 6365 | Learner Walltime = 1236.286 | Min Dist = 10.527 | Min Dist 10 = 0.329 | Min Dist 100 = 3.202 | Min Dist 1000 = 3.489 | Steps Per Second = 83.775 | Success = 0.000 | Success 1000 = 0.614
I0502 15:26:53.259896 139555860620864 terminal.py:91] [Actor] Actor Episodes = 8352 | Actor Steps = 417600 | Delta Dist = 6.671 | Delta Dist 10 = 4.724 | Delta Dist 100 = 4.218 | Delta Dist 1000 = 4.582 | Episode Length = 50 | Episode Return = 46.0 | Evaluator Episodes = 2096 | Evaluator Steps = 104800 | Final Dist = 1.140 | Final Dist 10 = 0.769 | Final Dist 100 = 1.329 | Final Dist 1000 = 1.387 | Init Dist = 7.810 | Init Dist 10 = 5.493 | Init Dist 100 = 5.547 | Init Dist 1000 = 5.969 | Learner Steps = 6365 | Learner Walltime = 1236.286 | Min Dist = 0.007 | Min Dist 10 = 0.067 | Min Dist 100 = 0.103 | Min Dist 1000 = 0.178 | Steps Per Second = 79.250 | Success = 1.000 | Success 1000 = 0.995
I0502 15:26:53.757632 139579566835264 terminal.py:91] [Evaluator] Actor Episodes = 8354 | Actor Steps = 417700 | Delta Dist = 11.501 | Delta Dist 10 = 10.892 | Delta Dist 100 = 9.044 | Delta Dist 1000 = 8.684 | Episode Length = 50 | Episode Return = 22.0 | Evaluator Episodes = 2098 | Evaluator Steps = 104900 | Final Dist = 1.306 | Final Dist 10 = 1.914 | Final Dist 100 = 3.762 | Final Dist 1000 = 4.122 | Init Dist = 12.806 | Init Dist 10 = 12.806 | Init Dist 100 = 12.806 | Init Dist 1000 = 12.806 | Learner Steps = 6372 | Learner Walltime = 1237.595 | Min Dist = 0.121 | Min Dist 10 = 1.296 | Min Dist 100 = 3.203 | Min Dist 1000 = 3.499 | Steps Per Second = 82.190 | Success = 1.000 | Success 1000 = 0.613
I0502 15:26:54.233373 139558059398720 terminal.py:91] [Actor] Actor Episodes = 8355 | Actor Steps = 417750 | Delta Dist = 5.129 | Delta Dist 10 = 5.428 | Delta Dist 100 = 4.198 | Delta Dist 1000 = 4.580 | Episode Length = 50 | Episode Return = 8.0 | Evaluator Episodes = 2096 | Evaluator Steps = 104800 | Final Dist = 2.151 | Final Dist 10 = 2.095 | Final Dist 100 = 1.444 | Final Dist 1000 = 1.395 | Init Dist = 7.280 | Init Dist 10 = 7.523 | Init Dist 100 = 5.642 | Init Dist 1000 = 5.975 | Learner Steps = 6372 | Learner Walltime = 1237.595 | Min Dist = 0.077 | Min Dist 10 = 0.294 | Min Dist 100 = 0.107 | Min Dist 1000 = 0.179 | Steps Per Second = 72.045 | Success = 1.000 | Success 1000 = 0.994
I0502 15:26:55.024656 139579566835264 terminal.py:91] [Evaluator] Actor Episodes = 8362 | Actor Steps = 418100 | Delta Dist = 4.702 | Delta Dist 10 = 10.787 | Delta Dist 100 = 9.142 | Delta Dist 1000 = 8.684 | Episode Length = 50 | Episode Return = 0.0 | Evaluator Episodes = 2100 | Evaluator Steps = 105000 | Final Dist = 8.105 | Final Dist 10 = 2.019 | Final Dist 100 = 3.664 | Final Dist 1000 = 4.123 | Init Dist = 12.806 | Init Dist 10 = 12.806 | Init Dist 100 = 12.806 | Init Dist 1000 = 12.806 | Learner Steps = 6378 | Learner Walltime = 1238.863 | Min Dist = 7.014 | Min Dist 10 = 1.300 | Min Dist 100 = 3.099 | Min Dist 1000 = 3.499 | Steps Per Second = 82.260 | Success = 0.000 | Success 1000 = 0.613
I0502 15:26:56.192677 139555013154368 terminal.py:91] [Learner] Actor Episodes = 8368 | Actor Loss = 3.597423791885376 | Actor Steps = 418400 | Binary Accuracy = 0.9960367679595947 | Categorical Accuracy = 0.40509033203125 | Critic Loss = 2.023177146911621 | Entropy Mean = -17.496328353881836 | Evaluator Episodes = 2100 | Evaluator Steps = 105000 | Learner Steps = 6387 | Learner Walltime = 1240.389 | Logits Neg = -16.1242733001709 | Logits Pos = -2.0024232864379883 | Logsumexp = 1.2045713663101196 | Steps Per Second = 437.315
I0502 15:26:56.212365 139579566835264 terminal.py:91] [Evaluator] Actor Episodes = 8370 | Actor Steps = 418500 | Delta Dist = 2.497 | Delta Dist 10 = 9.152 | Delta Dist 100 = 8.977 | Delta Dist 1000 = 8.666 | Episode Length = 50 | Episode Return = 0.0 | Evaluator Episodes = 2102 | Evaluator Steps = 105100 | Final Dist = 10.310 | Final Dist 10 = 3.654 | Final Dist 100 = 3.829 | Final Dist 1000 = 4.140 | Init Dist = 12.806 | Init Dist 10 = 12.806 | Init Dist 100 = 12.806 | Init Dist 1000 = 12.806 | Learner Steps = 6384 | Learner Walltime = 1240.071 | Min Dist = 10.274 | Min Dist 10 = 2.950 | Min Dist 100 = 3.268 | Min Dist 1000 = 3.516 | Steps Per Second = 91.278 | Success = 0.000 | Success 1000 = 0.611
I0502 15:26:56.899215 139584504182336 lp_utils.py:96] StepsLimiter: Reached 418700 recorded steps
I0502 15:26:57.385226 139579566835264 terminal.py:91] [Evaluator] Actor Episodes = 8378 | Actor Steps = 418900 | Delta Dist = 11.898 | Delta Dist 10 = 8.158 | Delta Dist 100 = 8.935 | Delta Dist 1000 = 8.656 | Episode Length = 50 | Episode Return = 26.0 | Evaluator Episodes = 2104 | Evaluator Steps = 105200 | Final Dist = 0.908 | Final Dist 10 = 4.648 | Final Dist 100 = 3.871 | Final Dist 1000 = 4.150 | Init Dist = 12.806 | Init Dist 10 = 12.806 | Init Dist 100 = 12.806 | Init Dist 1000 = 12.806 | Learner Steps = 6391 | Learner Walltime = 1241.093 | Min Dist = 0.142 | Min Dist 10 = 4.104 | Min Dist 100 = 3.326 | Min Dist 1000 = 3.527 | Steps Per Second = 83.509 | Success = 1.000 | Success 1000 = 0.609
I0502 15:26:58.598963 139579566835264 terminal.py:91] [Evaluator] Actor Episodes = 8384 | Actor Steps = 419200 | Delta Dist = 5.994 | Delta Dist 10 = 7.251 | Delta Dist 100 = 8.913 | Delta Dist 1000 = 8.647 | Episode Length = 50 | Episode Return = 0.0 | Evaluator Episodes = 2106 | Evaluator Steps = 105300 | Final Dist = 6.812 | Final Dist 10 = 5.555 | Final Dist 100 = 3.893 | Final Dist 1000 = 4.159 | Init Dist = 12.806 | Init Dist 10 = 12.806 | Init Dist 100 = 12.806 | Init Dist 1000 = 12.806 | Learner Steps = 6396 | Learner Walltime = 1242.115 | Min Dist = 5.868 | Min Dist 10 = 5.074 | Min Dist 100 = 3.351 | Min Dist 1000 = 3.537 | Steps Per Second = 80.486 | Success = 0.000 | Success 1000 = 0.608
I0502 15:26:59.861419 139579566835264 terminal.py:91] [Evaluator] Actor Episodes = 8392 | Actor Steps = 419600 | Delta Dist = 2.506 | Delta Dist 10 = 6.802 | Delta Dist 100 = 8.843 | Delta Dist 1000 = 8.634 | Episode Length = 50 | Episode Return = 0.0 | Evaluator Episodes = 2108 | Evaluator Steps = 105400 | Final Dist = 10.300 | Final Dist 10 = 6.005 | Final Dist 100 = 3.964 | Final Dist 1000 = 4.172 | Init Dist = 12.806 | Init Dist 10 = 12.806 | Init Dist 100 = 12.806 | Init Dist 1000 = 12.806 | Learner Steps = 6402 | Learner Walltime = 1243.548 | Min Dist = 10.046 | Min Dist 10 = 5.290 | Min Dist 100 = 3.409 | Min Dist 1000 = 3.549 | Steps Per Second = 81.987 | Success = 0.000 | Success 1000 = 0.606
I0502 15:27:00.947942 139579566835264 terminal.py:91] [Evaluator] Actor Episodes = 8400 | Actor Steps = 420000 | Delta Dist = 11.830 | Delta Dist 10 = 5.865 | Delta Dist 100 = 8.795 | Delta Dist 1000 = 8.624 | Episode Length = 50 | Episode Return = 3.0 | Evaluator Episodes = 2110 | Evaluator Steps = 105500 | Final Dist = 0.976 | Final Dist 10 = 6.941 | Final Dist 100 = 4.012 | Final Dist 1000 = 4.182 | Init Dist = 12.806 | Init Dist 10 = 12.806 | Init Dist 100 = 12.806 | Init Dist 1000 = 12.806 | Learner Steps = 6409 | Learner Walltime = 1244.818 | Min Dist = 0.601 | Min Dist 10 = 6.309 | Min Dist 100 = 3.451 | Min Dist 1000 = 3.559 | Steps Per Second = 99.482 | Success = 1.000 | Success 1000 = 0.605
I0502 15:27:02.130529 139579566835264 terminal.py:91] [Evaluator] Actor Episodes = 8408 | Actor Steps = 420400 | Delta Dist = 12.558 | Delta Dist 10 = 7.554 | Delta Dist 100 = 8.791 | Delta Dist 1000 = 8.622 | Episode Length = 50 | Episode Return = 13.0 | Evaluator Episodes = 2112 | Evaluator Steps = 105600 | Final Dist = 0.248 | Final Dist 10 = 5.252 | Final Dist 100 = 4.015 | Final Dist 1000 = 4.184 | Init Dist = 12.806 | Init Dist 10 = 12.806 | Init Dist 100 = 12.806 | Init Dist 1000 = 12.806 | Learner Steps = 6415 | Learner Walltime = 1246.065 | Min Dist = 0.248 | Min Dist 10 = 4.675 | Min Dist 100 = 3.453 | Min Dist 1000 = 3.559 | Steps Per Second = 84.608 | Success = 1.000 | Success 1000 = 0.605
I0502 15:27:02.359836 139569349502528 terminal.py:91] [Actor] Actor Episodes = 8412 | Actor Steps = 420600 | Delta Dist = 8.948 | Delta Dist 10 = 4.867 | Delta Dist 100 = 4.129 | Delta Dist 1000 = 4.557 | Episode Length = 50 | Episode Return = 49.0 | Evaluator Episodes = 2112 | Evaluator Steps = 105600 | Final Dist = 0.271 | Final Dist 10 = 1.149 | Final Dist 100 = 1.462 | Final Dist 1000 = 1.381 | Init Dist = 9.220 | Init Dist 10 = 6.016 | Init Dist 100 = 5.591 | Init Dist 1000 = 5.937 | Learner Steps = 6415 | Learner Walltime = 1246.065 | Min Dist = 0.032 | Min Dist 10 = 0.050 | Min Dist 100 = 0.133 | Min Dist 1000 = 0.173 | Steps Per Second = 86.000 | Success = 1.000 | Success 1000 = 0.995
I0502 15:27:02.475152 139557462840896 terminal.py:91] [Actor] Actor Episodes = 8414 | Actor Steps = 420700 | Delta Dist = 3.732 | Delta Dist 10 = 5.078 | Delta Dist 100 = 4.181 | Delta Dist 1000 = 4.558 | Episode Length = 50 | Episode Return = 50.0 | Evaluator Episodes = 2112 | Evaluator Steps = 105600 | Final Dist = 1.268 | Final Dist 10 = 1.277 | Final Dist 100 = 1.480 | Final Dist 1000 = 1.382 | Init Dist = 5.000 | Init Dist 10 = 6.355 | Init Dist 100 = 5.661 | Init Dist 1000 = 5.941 | Learner Steps = 6415 | Learner Walltime = 1246.065 | Min Dist = 0.040 | Min Dist 10 = 0.046 | Min Dist 100 = 0.134 | Min Dist 1000 = 0.173 | Steps Per Second = 95.693 | Success = 1.000 | Success 1000 = 0.995
I0502 15:27:03.222320 139579566835264 terminal.py:91] [Evaluator] Actor Episodes = 8416 | Actor Steps = 420800 | Delta Dist = 11.445 | Delta Dist 10 = 8.749 | Delta Dist 100 = 8.793 | Delta Dist 1000 = 8.624 | Episode Length = 50 | Episode Return = 8.0 | Evaluator Episodes = 2114 | Evaluator Steps = 105700 | Final Dist = 1.361 | Final Dist 10 = 4.057 | Final Dist 100 = 4.013 | Final Dist 1000 = 4.182 | Init Dist = 12.806 | Init Dist 10 = 12.806 | Init Dist 100 = 12.806 | Init Dist 1000 = 12.806 | Learner Steps = 6422 | Learner Walltime = 1247.217 | Min Dist = 0.697 | Min Dist 10 = 3.492 | Min Dist 100 = 3.452 | Min Dist 1000 = 3.559 | Steps Per Second = 96.211 | Success = 1.000 | Success 1000 = 0.605
I0502 15:27:03.498414 139555860620864 terminal.py:91] [Actor] Actor Episodes = 8417 | Actor Steps = 420850 | Delta Dist = 7.913 | Delta Dist 10 = 4.489 | Delta Dist 100 = 4.153 | Delta Dist 1000 = 4.542 | Episode Length = 50 | Episode Return = 46.0 | Evaluator Episodes = 2112 | Evaluator Steps = 105600 | Final Dist = 0.149 | Final Dist 10 = 1.484 | Final Dist 100 = 1.552 | Final Dist 1000 = 1.391 | Init Dist = 8.062 | Init Dist 10 = 5.973 | Init Dist 100 = 5.705 | Init Dist 1000 = 5.933 | Learner Steps = 6415 | Learner Walltime = 1246.065 | Min Dist = 0.055 | Min Dist 10 = 0.147 | Min Dist 100 = 0.143 | Min Dist 1000 = 0.173 | Steps Per Second = 82.120 | Success = 1.000 | Success 1000 = 0.995
I0502 15:27:04.374419 139579566835264 terminal.py:91] [Evaluator] Actor Episodes = 8424 | Actor Steps = 421200 | Delta Dist = 11.478 | Delta Dist 10 = 9.687 | Delta Dist 100 = 8.891 | Delta Dist 1000 = 8.625 | Episode Length = 50 | Episode Return = 14.0 | Evaluator Episodes = 2116 | Evaluator Steps = 105800 | Final Dist = 1.328 | Final Dist 10 = 3.120 | Final Dist 100 = 3.916 | Final Dist 1000 = 4.181 | Init Dist = 12.806 | Init Dist 10 = 12.806 | Init Dist 100 = 12.806 | Init Dist 1000 = 12.806 | Learner Steps = 6428 | Learner Walltime = 1248.459 | Min Dist = 0.386 | Min Dist 10 = 2.523 | Min Dist 100 = 3.355 | Min Dist 1000 = 3.558 | Steps Per Second = 85.465 | Success = 1.000 | Success 1000 = 0.606
I0502 15:27:04.677939 139558059398720 terminal.py:91] [Actor] Actor Episodes = 8426 | Actor Steps = 421300 | Delta Dist = 10.906 | Delta Dist 10 = 4.419 | Delta Dist 100 = 4.200 | Delta Dist 1000 = 4.545 | Episode Length = 50 | Episode Return = 48.0 | Evaluator Episodes = 2116 | Evaluator Steps = 105800 | Final Dist = 0.407 | Final Dist 10 = 0.833 | Final Dist 100 = 1.585 | Final Dist 1000 = 1.385 | Init Dist = 11.314 | Init Dist 10 = 5.252 | Init Dist 100 = 5.785 | Init Dist 1000 = 5.930 | Learner Steps = 6428 | Learner Walltime = 1248.459 | Min Dist = 0.148 | Min Dist 10 = 0.191 | Min Dist 100 = 0.153 | Min Dist 1000 = 0.174 | Steps Per Second = 89.442 | Success = 1.000 | Success 1000 = 0.994
I0502 15:27:05.584179 139579566835264 terminal.py:91] [Evaluator] Actor Episodes = 8432 | Actor Steps = 421600 | Delta Dist = 11.710 | Delta Dist 10 = 11.017 | Delta Dist 100 = 9.049 | Delta Dist 1000 = 8.626 | Episode Length = 50 | Episode Return = 27.0 | Evaluator Episodes = 2118 | Evaluator Steps = 105900 | Final Dist = 1.096 | Final Dist 10 = 1.789 | Final Dist 100 = 3.757 | Final Dist 1000 = 4.181 | Init Dist = 12.806 | Init Dist 10 = 12.806 | Init Dist 100 = 12.806 | Init Dist 1000 = 12.806 | Learner Steps = 6433 | Learner Walltime = 1249.473 | Min Dist = 0.037 | Min Dist 10 = 1.296 | Min Dist 100 = 3.195 | Min Dist 1000 = 3.557 | Steps Per Second = 80.535 | Success = 1.000 | Success 1000 = 0.606
I0502 15:27:06.203890 139555013154368 terminal.py:91] [Learner] Actor Episodes = 8432 | Actor Loss = 3.6882476806640625 | Actor Steps = 421600 | Binary Accuracy = 0.9959652423858643 | Categorical Accuracy = 0.4248046875 | Critic Loss = 1.9541981220245361 | Entropy Mean = -16.969663619995117 | Evaluator Episodes = 2116 | Evaluator Steps = 105800 | Learner Steps = 6439 | Learner Walltime = 1250.402 | Logits Neg = -16.18990707397461 | Logits Pos = -1.9480687379837036 | Logsumexp = 1.2905519008636475 | Steps Per Second = 594.906
I0502 15:27:06.780129 139579566835264 terminal.py:91] [Evaluator] Actor Episodes = 8440 | Actor Steps = 422000 | Delta Dist = 10.026 | Delta Dist 10 = 10.909 | Delta Dist 100 = 9.043 | Delta Dist 1000 = 8.627 | Episode Length = 50 | Episode Return = 13.0 | Evaluator Episodes = 2120 | Evaluator Steps = 106000 | Final Dist = 2.780 | Final Dist 10 = 1.897 | Final Dist 100 = 3.763 | Final Dist 1000 = 4.179 | Init Dist = 12.806 | Init Dist 10 = 12.806 | Init Dist 100 = 12.806 | Init Dist 1000 = 12.806 | Learner Steps = 6440 | Learner Walltime = 1250.515 | Min Dist = 0.261 | Min Dist 10 = 1.297 | Min Dist 100 = 3.196 | Min Dist 1000 = 3.557 | Steps Per Second = 82.266 | Success = 1.000 | Success 1000 = 0.606
I0502 15:27:06.915016 139584504182336 lp_utils.py:96] StepsLimiter: Reached 422000 recorded steps
I0502 15:27:07.892717 139579566835264 terminal.py:91] [Evaluator] Actor Episodes = 8448 | Actor Steps = 422400 | Delta Dist = 11.426 | Delta Dist 10 = 10.725 | Delta Dist 100 = 9.120 | Delta Dist 1000 = 8.626 | Episode Length = 50 | Episode Return = 13.0 | Evaluator Episodes = 2122 | Evaluator Steps = 106100 | Final Dist = 1.380 | Final Dist 10 = 2.081 | Final Dist 100 = 3.687 | Final Dist 1000 = 4.181 | Init Dist = 12.806 | Init Dist 10 = 12.806 | Init Dist 100 = 12.806 | Init Dist 1000 = 12.806 | Learner Steps = 6445 | Learner Walltime = 1251.538 | Min Dist = 0.237 | Min Dist 10 = 1.243 | Min Dist 100 = 3.097 | Min Dist 1000 = 3.557 | Steps Per Second = 94.273 | Success = 1.000 | Success 1000 = 0.606
I0502 15:27:09.102529 139579566835264 terminal.py:91] [Evaluator] Actor Episodes = 8456 | Actor Steps = 422800 | Delta Dist = 2.399 | Delta Dist 10 = 9.615 | Delta Dist 100 = 9.122 | Delta Dist 1000 = 8.616 | Episode Length = 50 | Episode Return = 0.0 | Evaluator Episodes = 2124 | Evaluator Steps = 106200 | Final Dist = 10.408 | Final Dist 10 = 3.191 | Final Dist 100 = 3.684 | Final Dist 1000 = 4.191 | Init Dist = 12.806 | Init Dist 10 = 12.806 | Init Dist 100 = 12.806 | Init Dist 1000 = 12.806 | Learner Steps = 6451 | Learner Walltime = 1252.671 | Min Dist = 10.209 | Min Dist 10 = 2.239 | Min Dist 100 = 3.092 | Min Dist 1000 = 3.567 | Steps Per Second = 86.265 | Success = 0.000 | Success 1000 = 0.605
I0502 15:27:10.243083 139579566835264 terminal.py:91] [Evaluator] Actor Episodes = 8464 | Actor Steps = 423200 | Delta Dist = 11.374 | Delta Dist 10 = 8.622 | Delta Dist 100 = 9.234 | Delta Dist 1000 = 8.607 | Episode Length = 50 | Episode Return = 8.0 | Evaluator Episodes = 2126 | Evaluator Steps = 106300 | Final Dist = 1.432 | Final Dist 10 = 4.184 | Final Dist 100 = 3.572 | Final Dist 1000 = 4.200 | Init Dist = 12.806 | Init Dist 10 = 12.806 | Init Dist 100 = 12.806 | Init Dist 1000 = 12.806 | Learner Steps = 6457 | Learner Walltime = 1253.687 | Min Dist = 0.234 | Min Dist 10 = 3.308 | Min Dist 100 = 2.993 | Min Dist 1000 = 3.578 | Steps Per Second = 90.703 | Success = 1.000 | Success 1000 = 0.603
I0502 15:27:11.502210 139579566835264 terminal.py:91] [Evaluator] Actor Episodes = 8472 | Actor Steps = 423600 | Delta Dist = 11.466 | Delta Dist 10 = 8.550 | Delta Dist 100 = 9.418 | Delta Dist 1000 = 8.605 | Episode Length = 50 | Episode Return = 3.0 | Evaluator Episodes = 2128 | Evaluator Steps = 106400 | Final Dist = 1.340 | Final Dist 10 = 4.256 | Final Dist 100 = 3.388 | Final Dist 1000 = 4.201 | Init Dist = 12.806 | Init Dist 10 = 12.806 | Init Dist 100 = 12.806 | Init Dist 1000 = 12.806 | Learner Steps = 6462 | Learner Walltime = 1254.798 | Min Dist = 0.326 | Min Dist 10 = 3.293 | Min Dist 100 = 2.788 | Min Dist 1000 = 3.577 | Steps Per Second = 77.234 | Success = 1.000 | Success 1000 = 0.603
I0502 15:27:12.437770 139569349502528 terminal.py:91] [Actor] Actor Episodes = 8481 | Actor Steps = 424050 | Delta Dist = 7.488 | Delta Dist 10 = 3.536 | Delta Dist 100 = 4.628 | Delta Dist 1000 = 4.548 | Episode Length = 50 | Episode Return = 20.0 | Evaluator Episodes = 2128 | Evaluator Steps = 106400 | Final Dist = 0.512 | Final Dist 10 = 0.945 | Final Dist 100 = 1.281 | Final Dist 1000 = 1.363 | Init Dist = 8.000 | Init Dist 10 = 4.481 | Init Dist 100 = 5.909 | Init Dist 1000 = 5.911 | Learner Steps = 6468 | Learner Walltime = 1256.063 | Min Dist = 0.025 | Min Dist 10 = 0.090 | Min Dist 100 = 0.232 | Min Dist 1000 = 0.167 | Steps Per Second = 111.195 | Success = 1.000 | Success 1000 = 0.995
I0502 15:27:12.690491 139579566835264 terminal.py:91] [Evaluator] Actor Episodes = 8480 | Actor Steps = 424000 | Delta Dist = 2.300 | Delta Dist 10 = 9.589 | Delta Dist 100 = 9.513 | Delta Dist 1000 = 8.605 | Episode Length = 50 | Episode Return = 0.0 | Evaluator Episodes = 2130 | Evaluator Steps = 106500 | Final Dist = 10.507 | Final Dist 10 = 3.217 | Final Dist 100 = 3.293 | Final Dist 1000 = 4.201 | Init Dist = 12.806 | Init Dist 10 = 12.806 | Init Dist 100 = 12.806 | Init Dist 1000 = 12.806 | Learner Steps = 6468 | Learner Walltime = 1256.063 | Min Dist = 10.373 | Min Dist 10 = 2.326 | Min Dist 100 = 2.690 | Min Dist 1000 = 3.577 | Steps Per Second = 79.675 | Success = 0.000 | Success 1000 = 0.603
I0502 15:27:13.037713 139557462840896 terminal.py:91] [Actor] Actor Episodes = 8484 | Actor Steps = 424200 | Delta Dist = 3.999 | Delta Dist 10 = 3.651 | Delta Dist 100 = 4.735 | Delta Dist 1000 = 4.560 | Episode Length = 50 | Episode Return = 22.0 | Evaluator Episodes = 2130 | Evaluator Steps = 106500 | Final Dist = 3.281 | Final Dist 10 = 1.006 | Final Dist 100 = 1.289 | Final Dist 1000 = 1.359 | Init Dist = 7.280 | Init Dist 10 = 4.658 | Init Dist 100 = 6.023 | Init Dist 1000 = 5.919 | Learner Steps = 6468 | Learner Walltime = 1256.063 | Min Dist = 0.165 | Min Dist 10 = 0.075 | Min Dist 100 = 0.231 | Min Dist 1000 = 0.167 | Steps Per Second = 79.217 | Success = 1.000 | Success 1000 = 0.995
I0502 15:27:13.863701 139555860620864 terminal.py:91] [Actor] Actor Episodes = 8489 | Actor Steps = 424450 | Delta Dist = 4.987 | Delta Dist 10 = 4.478 | Delta Dist 100 = 4.717 | Delta Dist 1000 = 4.564 | Episode Length = 50 | Episode Return = 30.0 | Evaluator Episodes = 2130 | Evaluator Steps = 106500 | Final Dist = 0.112 | Final Dist 10 = 1.545 | Final Dist 100 = 1.303 | Final Dist 1000 = 1.362 | Init Dist = 5.099 | Init Dist 10 = 6.023 | Init Dist 100 = 6.020 | Init Dist 1000 = 5.926 | Learner Steps = 6476 | Learner Walltime = 1257.355 | Min Dist = 0.018 | Min Dist 10 = 0.075 | Min Dist 100 = 0.201 | Min Dist 1000 = 0.167 | Steps Per Second = 75.617 | Success = 1.000 | Success 1000 = 0.995
I0502 15:27:13.944105 139579566835264 terminal.py:91] [Evaluator] Actor Episodes = 8488 | Actor Steps = 424400 | Delta Dist = 11.497 | Delta Dist 10 = 8.861 | Delta Dist 100 = 9.514 | Delta Dist 1000 = 8.596 | Episode Length = 50 | Episode Return = 14.0 | Evaluator Episodes = 2132 | Evaluator Steps = 106600 | Final Dist = 1.310 | Final Dist 10 = 3.945 | Final Dist 100 = 3.292 | Final Dist 1000 = 4.211 | Init Dist = 12.806 | Init Dist 10 = 12.806 | Init Dist 100 = 12.806 | Init Dist 1000 = 12.806 | Learner Steps = 6476 | Learner Walltime = 1257.355 | Min Dist = 0.086 | Min Dist 10 = 3.358 | Min Dist 100 = 2.692 | Min Dist 1000 = 3.587 | Steps Per Second = 79.933 | Success = 1.000 | Success 1000 = 0.602
I0502 15:27:14.818376 139558059398720 terminal.py:91] [Actor] Actor Episodes = 8491 | Actor Steps = 424550 | Delta Dist = 3.782 | Delta Dist 10 = 4.409 | Delta Dist 100 = 4.751 | Delta Dist 1000 = 4.563 | Episode Length = 50 | Episode Return = 47.0 | Evaluator Episodes = 2132 | Evaluator Steps = 106600 | Final Dist = 0.341 | Final Dist 10 = 1.299 | Final Dist 100 = 1.246 | Final Dist 1000 = 1.362 | Init Dist = 4.123 | Init Dist 10 = 5.708 | Init Dist 100 = 5.997 | Init Dist 1000 = 5.926 | Learner Steps = 6476 | Learner Walltime = 1257.355 | Min Dist = 0.011 | Min Dist 10 = 0.057 | Min Dist 100 = 0.201 | Min Dist 1000 = 0.166 | Steps Per Second = 77.132 | Success = 1.000 | Success 1000 = 0.995
I0502 15:27:15.193040 139579566835264 terminal.py:91] [Evaluator] Actor Episodes = 8496 | Actor Steps = 424800 | Delta Dist = 9.406 | Delta Dist 10 = 8.865 | Delta Dist 100 = 9.613 | Delta Dist 1000 = 8.586 | Episode Length = 50 | Episode Return = 0.0 | Evaluator Episodes = 2134 | Evaluator Steps = 106700 | Final Dist = 3.401 | Final Dist 10 = 3.941 | Final Dist 100 = 3.193 | Final Dist 1000 = 4.221 | Init Dist = 12.806 | Init Dist 10 = 12.806 | Init Dist 100 = 12.806 | Init Dist 1000 = 12.806 | Learner Steps = 6482 | Learner Walltime = 1258.531 | Min Dist = 1.166 | Min Dist 10 = 3.344 | Min Dist 100 = 2.585 | Min Dist 1000 = 3.597 | Steps Per Second = 82.655 | Success = 0.000 | Success 1000 = 0.601
I0502 15:27:16.353634 139555013154368 terminal.py:91] [Learner] Actor Episodes = 8504 | Actor Loss = 3.5978879928588867 | Actor Steps = 425200 | Binary Accuracy = 0.9959690570831299 | Categorical Accuracy = 0.42523193359375 | Critic Loss = 1.9516339302062988 | Entropy Mean = -15.930872917175293 | Evaluator Episodes = 2134 | Evaluator Steps = 106700 | Learner Steps = 6491 | Learner Walltime = 1260.549 | Logits Neg = -16.15228271484375 | Logits Pos = -1.905066728591919 | Logsumexp = 1.409801959991455 | Steps Per Second = 169.525
I0502 15:27:16.475889 139579566835264 terminal.py:91] [Evaluator] Actor Episodes = 8504 | Actor Steps = 425200 | Delta Dist = 12.077 | Delta Dist 10 = 8.676 | Delta Dist 100 = 9.585 | Delta Dist 1000 = 8.574 | Episode Length = 50 | Episode Return = 21.0 | Evaluator Episodes = 2136 | Evaluator Steps = 106800 | Final Dist = 0.730 | Final Dist 10 = 4.130 | Final Dist 100 = 3.221 | Final Dist 1000 = 4.232 | Init Dist = 12.806 | Init Dist 10 = 12.806 | Init Dist 100 = 12.806 | Init Dist 1000 = 12.806 | Learner Steps = 6491 | Learner Walltime = 1260.549 | Min Dist = 0.626 | Min Dist 10 = 3.327 | Min Dist 100 = 2.591 | Min Dist 1000 = 3.608 | Steps Per Second = 80.626 | Success = 1.000 | Success 1000 = 0.599
I0502 15:27:16.930787 139584504182336 lp_utils.py:96] StepsLimiter: Reached 425600 recorded steps
I0502 15:27:17.596553 139579566835264 terminal.py:91] [Evaluator] Actor Episodes = 8512 | Actor Steps = 425600 | Delta Dist = 6.911 | Delta Dist 10 = 7.705 | Delta Dist 100 = 9.488 | Delta Dist 1000 = 8.582 | Episode Length = 50 | Episode Return = 0.0 | Evaluator Episodes = 2138 | Evaluator Steps = 106900 | Final Dist = 5.895 | Final Dist 10 = 5.101 | Final Dist 100 = 3.318 | Final Dist 1000 = 4.224 | Init Dist = 12.806 | Init Dist 10 = 12.806 | Init Dist 100 = 12.806 | Init Dist 1000 = 12.806 | Learner Steps = 6498 | Learner Walltime = 1261.692 | Min Dist = 5.895 | Min Dist 10 = 4.418 | Min Dist 100 = 2.700 | Min Dist 1000 = 3.602 | Steps Per Second = 90.131 | Success = 0.000 | Success 1000 = 0.600
I0502 15:27:18.786971 139579566835264 terminal.py:91] [Evaluator] Actor Episodes = 8520 | Actor Steps = 426000 | Delta Dist = 12.436 | Delta Dist 10 = 7.223 | Delta Dist 100 = 9.462 | Delta Dist 1000 = 8.589 | Episode Length = 50 | Episode Return = 18.0 | Evaluator Episodes = 2140 | Evaluator Steps = 107000 | Final Dist = 0.371 | Final Dist 10 = 5.584 | Final Dist 100 = 3.345 | Final Dist 1000 = 4.217 | Init Dist = 12.806 | Init Dist 10 = 12.806 | Init Dist 100 = 12.806 | Init Dist 1000 = 12.806 | Learner Steps = 6504 | Learner Walltime = 1262.875 | Min Dist = 0.049 | Min Dist 10 = 4.948 | Min Dist 100 = 2.744 | Min Dist 1000 = 3.597 | Steps Per Second = 87.593 | Success = 1.000 | Success 1000 = 0.600
I0502 15:27:19.958658 139579566835264 terminal.py:91] [Evaluator] Actor Episodes = 8528 | Actor Steps = 426400 | Delta Dist = 11.445 | Delta Dist 10 = 8.237 | Delta Dist 100 = 9.471 | Delta Dist 1000 = 8.590 | Episode Length = 50 | Episode Return = 1.0 | Evaluator Episodes = 2142 | Evaluator Steps = 107100 | Final Dist = 1.362 | Final Dist 10 = 4.569 | Final Dist 100 = 3.335 | Final Dist 1000 = 4.216 | Init Dist = 12.806 | Init Dist 10 = 12.806 | Init Dist 100 = 12.806 | Init Dist 1000 = 12.806 | Learner Steps = 6510 | Learner Walltime = 1264.021 | Min Dist = 0.330 | Min Dist 10 = 3.912 | Min Dist 100 = 2.744 | Min Dist 1000 = 3.597 | Steps Per Second = 88.065 | Success = 1.000 | Success 1000 = 0.600
I0502 15:27:21.133515 139579566835264 terminal.py:91] [Evaluator] Actor Episodes = 8536 | Actor Steps = 426800 | Delta Dist = 11.689 | Delta Dist 10 = 8.336 | Delta Dist 100 = 9.471 | Delta Dist 1000 = 8.582 | Episode Length = 50 | Episode Return = 5.0 | Evaluator Episodes = 2144 | Evaluator Steps = 107200 | Final Dist = 1.117 | Final Dist 10 = 4.470 | Final Dist 100 = 3.335 | Final Dist 1000 = 4.225 | Init Dist = 12.806 | Init Dist 10 = 12.806 | Init Dist 100 = 12.806 | Init Dist 1000 = 12.806 | Learner Steps = 6516 | Learner Walltime = 1265.294 | Min Dist = 0.713 | Min Dist 10 = 3.724 | Min Dist 100 = 2.724 | Min Dist 1000 = 3.605 | Steps Per Second = 83.892 | Success = 1.000 | Success 1000 = 0.599
I0502 15:27:22.254616 139579566835264 terminal.py:91] [Evaluator] Actor Episodes = 8544 | Actor Steps = 427200 | Delta Dist = 1.932 | Delta Dist 10 = 9.376 | Delta Dist 100 = 9.554 | Delta Dist 1000 = 8.590 | Episode Length = 50 | Episode Return = 0.0 | Evaluator Episodes = 2146 | Evaluator Steps = 107300 | Final Dist = 10.874 | Final Dist 10 = 3.431 | Final Dist 100 = 3.253 | Final Dist 1000 = 4.217 | Init Dist = 12.806 | Init Dist 10 = 12.806 | Init Dist 100 = 12.806 | Init Dist 1000 = 12.806 | Learner Steps = 6516 | Learner Walltime = 1265.294 | Min Dist = 10.296 | Min Dist 10 = 2.773 | Min Dist 100 = 2.627 | Min Dist 1000 = 3.596 | Steps Per Second = 102.424 | Success = 0.000 | Success 1000 = 0.599
I0502 15:27:22.812174 139569349502528 terminal.py:91] [Actor] Actor Episodes = 8548 | Actor Steps = 427400 | Delta Dist = 8.975 | Delta Dist 10 = 4.086 | Delta Dist 100 = 4.064 | Delta Dist 1000 = 4.538 | Episode Length = 50 | Episode Return = 30.0 | Evaluator Episodes = 2146 | Evaluator Steps = 107300 | Final Dist = 1.465 | Final Dist 10 = 1.420 | Final Dist 100 = 1.563 | Final Dist 1000 = 1.398 | Init Dist = 10.440 | Init Dist 10 = 5.505 | Init Dist 100 = 5.627 | Init Dist 1000 = 5.936 | Learner Steps = 6523 | Learner Walltime = 1266.523 | Min Dist = 0.021 | Min Dist 10 = 0.090 | Min Dist 100 = 0.246 | Min Dist 1000 = 0.173 | Steps Per Second = 82.985 | Success = 1.000 | Success 1000 = 0.996
I0502 15:27:23.522734 139557462840896 terminal.py:91] [Actor] Actor Episodes = 8551 | Actor Steps = 427550 | Delta Dist = 1.958 | Delta Dist 10 = 5.132 | Delta Dist 100 = 4.215 | Delta Dist 1000 = 4.549 | Episode Length = 50 | Episode Return = 19.0 | Evaluator Episodes = 2146 | Evaluator Steps = 107300 | Final Dist = 0.278 | Final Dist 10 = 1.567 | Final Dist 100 = 1.580 | Final Dist 1000 = 1.393 | Init Dist = 2.236 | Init Dist 10 = 6.699 | Init Dist 100 = 5.795 | Init Dist 1000 = 5.942 | Learner Steps = 6523 | Learner Walltime = 1266.523 | Min Dist = 0.222 | Min Dist 10 = 0.075 | Min Dist 100 = 0.244 | Min Dist 1000 = 0.173 | Steps Per Second = 80.570 | Success = 1.000 | Success 1000 = 0.996
I0502 15:27:23.531848 139579566835264 terminal.py:91] [Evaluator] Actor Episodes = 8552 | Actor Steps = 427600 | Delta Dist = 2.628 | Delta Dist 10 = 9.330 | Delta Dist 100 = 9.457 | Delta Dist 1000 = 8.578 | Episode Length = 50 | Episode Return = 0.0 | Evaluator Episodes = 2148 | Evaluator Steps = 107400 | Final Dist = 10.178 | Final Dist 10 = 3.476 | Final Dist 100 = 3.349 | Final Dist 1000 = 4.228 | Init Dist = 12.806 | Init Dist 10 = 12.806 | Init Dist 100 = 12.806 | Init Dist 1000 = 12.806 | Learner Steps = 6523 | Learner Walltime = 1266.523 | Min Dist = 10.117 | Min Dist 10 = 2.691 | Min Dist 100 = 2.710 | Min Dist 1000 = 3.607 | Steps Per Second = 76.653 | Success = 0.000 | Success 1000 = 0.598
I0502 15:27:24.113258 139555860620864 terminal.py:91] [Actor] Actor Episodes = 8560 | Actor Steps = 428000 | Delta Dist = 1.382 | Delta Dist 10 = 6.500 | Delta Dist 100 = 4.179 | Delta Dist 1000 = 4.548 | Episode Length = 50 | Episode Return = 35.0 | Evaluator Episodes = 2148 | Evaluator Steps = 107400 | Final Dist = 7.838 | Final Dist 10 = 0.732 | Final Dist 100 = 1.588 | Final Dist 1000 = 1.394 | Init Dist = 9.220 | Init Dist 10 = 7.232 | Init Dist 100 = 5.767 | Init Dist 1000 = 5.942 | Learner Steps = 6529 | Learner Walltime = 1267.825 | Min Dist = 0.922 | Min Dist 10 = 0.097 | Min Dist 100 = 0.245 | Min Dist 1000 = 0.173 | Steps Per Second = 87.631 | Success = 1.000 | Success 1000 = 0.996
I0502 15:27:24.630517 139579566835264 terminal.py:91] [Evaluator] Actor Episodes = 8560 | Actor Steps = 428000 | Delta Dist = 12.155 | Delta Dist 10 = 8.973 | Delta Dist 100 = 9.376 | Delta Dist 1000 = 8.569 | Episode Length = 50 | Episode Return = 13.0 | Evaluator Episodes = 2150 | Evaluator Steps = 107500 | Final Dist = 0.651 | Final Dist 10 = 3.833 | Final Dist 100 = 3.430 | Final Dist 1000 = 4.238 | Init Dist = 12.806 | Init Dist 10 = 12.806 | Init Dist 100 = 12.806 | Init Dist 1000 = 12.806 | Learner Steps = 6529 | Learner Walltime = 1267.825 | Min Dist = 0.370 | Min Dist 10 = 3.107 | Min Dist 100 = 2.809 | Min Dist 1000 = 3.617 | Steps Per Second = 86.939 | Success = 1.000 | Success 1000 = 0.597
I0502 15:27:25.443247 139558059398720 terminal.py:91] [Actor] Actor Episodes = 8563 | Actor Steps = 428150 | Delta Dist = 0.552 | Delta Dist 10 = 2.874 | Delta Dist 100 = 4.126 | Delta Dist 1000 = 4.509 | Episode Length = 50 | Episode Return = 32.0 | Evaluator Episodes = 2150 | Evaluator Steps = 107500 | Final Dist = 0.448 | Final Dist 10 = 3.285 | Final Dist 100 = 1.635 | Final Dist 1000 = 1.423 | Init Dist = 1.000 | Init Dist 10 = 6.159 | Init Dist 100 = 5.762 | Init Dist 1000 = 5.931 | Learner Steps = 6529 | Learner Walltime = 1267.825 | Min Dist = 0.129 | Min Dist 10 = 0.127 | Min Dist 100 = 0.169 | Min Dist 1000 = 0.174 | Steps Per Second = 78.213 | Success = 1.000 | Success 1000 = 0.996
I0502 15:27:25.718861 139579566835264 terminal.py:91] [Evaluator] Actor Episodes = 8568 | Actor Steps = 428400 | Delta Dist = 12.317 | Delta Dist 10 = 7.877 | Delta Dist 100 = 9.287 | Delta Dist 1000 = 8.565 | Episode Length = 50 | Episode Return = 18.0 | Evaluator Episodes = 2152 | Evaluator Steps = 107600 | Final Dist = 0.490 | Final Dist 10 = 4.929 | Final Dist 100 = 3.519 | Final Dist 1000 = 4.241 | Init Dist = 12.806 | Init Dist 10 = 12.806 | Init Dist 100 = 12.806 | Init Dist 1000 = 12.806 | Learner Steps = 6536 | Learner Walltime = 1269.025 | Min Dist = 0.114 | Min Dist 10 = 4.170 | Min Dist 100 = 2.900 | Min Dist 1000 = 3.620 | Steps Per Second = 86.260 | Success = 1.000 | Success 1000 = 0.597
I0502 15:27:26.529099 139555013154368 terminal.py:91] [Learner] Actor Episodes = 8568 | Actor Loss = 3.607027053833008 | Actor Steps = 428400 | Binary Accuracy = 0.9960057735443115 | Categorical Accuracy = 0.41058349609375 | Critic Loss = 1.9987998008728027 | Entropy Mean = -16.24188995361328 | Evaluator Episodes = 2152 | Evaluator Steps = 107600 | Learner Steps = 6544 | Learner Walltime = 1270.722 | Logits Neg = -15.93812084197998 | Logits Pos = -1.987679123878479 | Logsumexp = 1.2170531749725342 | Steps Per Second = 158.001
I0502 15:27:26.877546 139579566835264 terminal.py:91] [Evaluator] Actor Episodes = 8576 | Actor Steps = 428800 | Delta Dist = 6.464 | Delta Dist 10 = 8.267 | Delta Dist 100 = 9.337 | Delta Dist 1000 = 8.561 | Episode Length = 50 | Episode Return = 0.0 | Evaluator Episodes = 2154 | Evaluator Steps = 107700 | Final Dist = 6.342 | Final Dist 10 = 4.539 | Final Dist 100 = 3.469 | Final Dist 1000 = 4.245 | Init Dist = 12.806 | Init Dist 10 = 12.806 | Init Dist 100 = 12.806 | Init Dist 1000 = 12.806 | Learner Steps = 6541 | Learner Walltime = 1270.104 | Min Dist = 6.342 | Min Dist 10 = 3.565 | Min Dist 100 = 2.816 | Min Dist 1000 = 3.622 | Steps Per Second = 84.440 | Success = 0.000 | Success 1000 = 0.596
I0502 15:27:26.947564 139584504182336 lp_utils.py:96] StepsLimiter: Reached 428800 recorded steps
I0502 15:27:28.104939 139579566835264 terminal.py:91] [Evaluator] Actor Episodes = 8584 | Actor Steps = 429200 | Delta Dist = 4.370 | Delta Dist 10 = 7.939 | Delta Dist 100 = 9.454 | Delta Dist 1000 = 8.556 | Episode Length = 50 | Episode Return = 0.0 | Evaluator Episodes = 2156 | Evaluator Steps = 107800 | Final Dist = 8.436 | Final Dist 10 = 4.867 | Final Dist 100 = 3.352 | Final Dist 1000 = 4.251 | Init Dist = 12.806 | Init Dist 10 = 12.806 | Init Dist 100 = 12.806 | Init Dist 1000 = 12.806 | Learner Steps = 6547 | Learner Walltime = 1271.342 | Min Dist = 7.028 | Min Dist 10 = 4.047 | Min Dist 100 = 2.706 | Min Dist 1000 = 3.628 | Steps Per Second = 89.829 | Success = 0.000 | Success 1000 = 0.595
I0502 15:27:29.265021 139579566835264 terminal.py:91] [Evaluator] Actor Episodes = 8592 | Actor Steps = 429600 | Delta Dist = 2.487 | Delta Dist 10 = 7.321 | Delta Dist 100 = 9.372 | Delta Dist 1000 = 8.538 | Episode Length = 50 | Episode Return = 0.0 | Evaluator Episodes = 2158 | Evaluator Steps = 107900 | Final Dist = 10.319 | Final Dist 10 = 5.485 | Final Dist 100 = 3.434 | Final Dist 1000 = 4.268 | Init Dist = 12.806 | Init Dist 10 = 12.806 | Init Dist 100 = 12.806 | Init Dist 1000 = 12.806 | Learner Steps = 6554 | Learner Walltime = 1272.561 | Min Dist = 10.143 | Min Dist 10 = 4.718 | Min Dist 100 = 2.771 | Min Dist 1000 = 3.645 | Steps Per Second = 87.060 | Success = 0.000 | Success 1000 = 0.593
I0502 15:27:30.464702 139579566835264 terminal.py:91] [Evaluator] Actor Episodes = 8600 | Actor Steps = 430000 | Delta Dist = 11.499 | Delta Dist 10 = 6.402 | Delta Dist 100 = 9.278 | Delta Dist 1000 = 8.538 | Episode Length = 50 | Episode Return = 11.0 | Evaluator Episodes = 2160 | Evaluator Steps = 108000 | Final Dist = 1.308 | Final Dist 10 = 6.405 | Final Dist 100 = 3.528 | Final Dist 1000 = 4.269 | Init Dist = 12.806 | Init Dist 10 = 12.806 | Init Dist 100 = 12.806 | Init Dist 1000 = 12.806 | Learner Steps = 6560 | Learner Walltime = 1273.590 | Min Dist = 0.054 | Min Dist 10 = 5.676 | Min Dist 100 = 2.863 | Min Dist 1000 = 3.647 | Steps Per Second = 83.331 | Success = 1.000 | Success 1000 = 0.593
I0502 15:27:31.865673 139579566835264 terminal.py:91] [Evaluator] Actor Episodes = 8608 | Actor Steps = 430400 | Delta Dist = 9.551 | Delta Dist 10 = 7.358 | Delta Dist 100 = 9.266 | Delta Dist 1000 = 8.548 | Episode Length = 50 | Episode Return = 0.0 | Evaluator Episodes = 2162 | Evaluator Steps = 108100 | Final Dist = 3.255 | Final Dist 10 = 5.449 | Final Dist 100 = 3.540 | Final Dist 1000 = 4.259 | Init Dist = 12.806 | Init Dist 10 = 12.806 | Init Dist 100 = 12.806 | Init Dist 1000 = 12.806 | Learner Steps = 6572 | Learner Walltime = 1276.030 | Min Dist = 3.237 | Min Dist 10 = 4.628 | Min Dist 100 = 2.867 | Min Dist 1000 = 3.638 | Steps Per Second = 77.431 | Success = 0.000 | Success 1000 = 0.594
I0502 15:27:32.115056 139583350109760 savers.py:156] Saving checkpoint: logs/contrastive_cpc_point_FourRooms_64/5dd72662-2788-11f0-b183-d85ed38c5779/checkpoints/learner
I0502 15:27:32.949889 139579566835264 terminal.py:91] [Evaluator] Actor Episodes = 8616 | Actor Steps = 430800 | Delta Dist = 11.521 | Delta Dist 10 = 7.642 | Delta Dist 100 = 9.243 | Delta Dist 1000 = 8.564 | Episode Length = 50 | Episode Return = 20.0 | Evaluator Episodes = 2164 | Evaluator Steps = 108200 | Final Dist = 1.285 | Final Dist 10 = 5.164 | Final Dist 100 = 3.563 | Final Dist 1000 = 4.242 | Init Dist = 12.806 | Init Dist 10 = 12.806 | Init Dist 100 = 12.806 | Init Dist 1000 = 12.806 | Learner Steps = 6572 | Learner Walltime = 1276.030 | Min Dist = 0.033 | Min Dist 10 = 4.747 | Min Dist 100 = 2.897 | Min Dist 1000 = 3.622 | Steps Per Second = 84.300 | Success = 1.000 | Success 1000 = 0.595
I0502 15:27:33.446666 139569349502528 terminal.py:91] [Actor] Actor Episodes = 8620 | Actor Steps = 431000 | Delta Dist = 1.444 | Delta Dist 10 = 3.962 | Delta Dist 100 = 4.443 | Delta Dist 1000 = 4.486 | Episode Length = 50 | Episode Return = 20.0 | Evaluator Episodes = 2164 | Evaluator Steps = 108200 | Final Dist = 2.556 | Final Dist 10 = 1.563 | Final Dist 100 = 1.515 | Final Dist 1000 = 1.417 | Init Dist = 4.000 | Init Dist 10 = 5.525 | Init Dist 100 = 5.958 | Init Dist 1000 = 5.903 | Learner Steps = 6579 | Learner Walltime = 1277.448 | Min Dist = 0.090 | Min Dist 10 = 0.055 | Min Dist 100 = 0.099 | Min Dist 1000 = 0.162 | Steps Per Second = 76.249 | Success = 1.000 | Success 1000 = 0.996
I0502 15:27:33.771605 139557462840896 terminal.py:91] [Actor] Actor Episodes = 8622 | Actor Steps = 431100 | Delta Dist = 1.885 | Delta Dist 10 = 3.697 | Delta Dist 100 = 4.396 | Delta Dist 1000 = 4.488 | Episode Length = 50 | Episode Return = 25.0 | Evaluator Episodes = 2164 | Evaluator Steps = 108200 | Final Dist = 1.720 | Final Dist 10 = 1.589 | Final Dist 100 = 1.513 | Final Dist 1000 = 1.417 | Init Dist = 3.606 | Init Dist 10 = 5.285 | Init Dist 100 = 5.909 | Init Dist 1000 = 5.906 | Learner Steps = 6579 | Learner Walltime = 1277.448 | Min Dist = 0.079 | Min Dist 10 = 0.056 | Min Dist 100 = 0.100 | Min Dist 1000 = 0.162 | Steps Per Second = 81.666 | Success = 1.000 | Success 1000 = 0.996
I0502 15:27:34.180238 139579566835264 terminal.py:91] [Evaluator] Actor Episodes = 8624 | Actor Steps = 431200 | Delta Dist = 12.007 | Delta Dist 10 = 7.511 | Delta Dist 100 = 9.171 | Delta Dist 1000 = 8.568 | Episode Length = 50 | Episode Return = 29.0 | Evaluator Episodes = 2166 | Evaluator Steps = 108300 | Final Dist = 0.799 | Final Dist 10 = 5.295 | Final Dist 100 = 3.636 | Final Dist 1000 = 4.238 | Init Dist = 12.806 | Init Dist 10 = 12.806 | Init Dist 100 = 12.806 | Init Dist 1000 = 12.806 | Learner Steps = 6579 | Learner Walltime = 1277.448 | Min Dist = 0.214 | Min Dist 10 = 4.708 | Min Dist 100 = 2.957 | Min Dist 1000 = 3.618 | Steps Per Second = 84.693 | Success = 1.000 | Success 1000 = 0.595
I0502 15:27:34.478414 139555860620864 terminal.py:91] [Actor] Actor Episodes = 8625 | Actor Steps = 431250 | Delta Dist = -0.106 | Delta Dist 10 = 4.870 | Delta Dist 100 = 4.416 | Delta Dist 1000 = 4.495 | Episode Length = 50 | Episode Return = 0.0 | Evaluator Episodes = 2164 | Evaluator Steps = 108200 | Final Dist = 9.050 | Final Dist 10 = 1.007 | Final Dist 100 = 1.514 | Final Dist 1000 = 1.412 | Init Dist = 8.944 | Init Dist 10 = 5.878 | Init Dist 100 = 5.930 | Init Dist 1000 = 5.907 | Learner Steps = 6579 | Learner Walltime = 1277.448 | Min Dist = 0.314 | Min Dist 10 = 0.070 | Min Dist 100 = 0.092 | Min Dist 1000 = 0.156 | Steps Per Second = 83.733 | Success = 1.000 | Success 1000 = 0.996
I0502 15:27:35.403789 139579566835264 terminal.py:91] [Evaluator] Actor Episodes = 8632 | Actor Steps = 431600 | Delta Dist = 12.381 | Delta Dist 10 = 9.287 | Delta Dist 100 = 9.184 | Delta Dist 1000 = 8.580 | Episode Length = 50 | Episode Return = 23.0 | Evaluator Episodes = 2168 | Evaluator Steps = 108400 | Final Dist = 0.425 | Final Dist 10 = 3.519 | Final Dist 100 = 3.622 | Final Dist 1000 = 4.226 | Init Dist = 12.806 | Init Dist 10 = 12.806 | Init Dist 100 = 12.806 | Init Dist 1000 = 12.806 | Learner Steps = 6586 | Learner Walltime = 1278.769 | Min Dist = 0.040 | Min Dist 10 = 3.033 | Min Dist 100 = 2.953 | Min Dist 1000 = 3.608 | Steps Per Second = 82.435 | Success = 1.000 | Success 1000 = 0.596
I0502 15:27:35.713483 139558059398720 terminal.py:91] [Actor] Actor Episodes = 8634 | Actor Steps = 431700 | Delta Dist = 4.911 | Delta Dist 10 = 5.629 | Delta Dist 100 = 4.515 | Delta Dist 1000 = 4.506 | Episode Length = 50 | Episode Return = 26.0 | Evaluator Episodes = 2168 | Evaluator Steps = 108400 | Final Dist = 0.920 | Final Dist 10 = 2.757 | Final Dist 100 = 1.581 | Final Dist 1000 = 1.430 | Init Dist = 5.831 | Init Dist 10 = 8.386 | Init Dist 100 = 6.096 | Init Dist 1000 = 5.936 | Learner Steps = 6586 | Learner Walltime = 1278.769 | Min Dist = 0.591 | Min Dist 10 = 0.182 | Min Dist 100 = 0.098 | Min Dist 1000 = 0.156 | Steps Per Second = 93.953 | Success = 1.000 | Success 1000 = 0.996
I0502 15:27:35.890204 139584635659840 savers.py:156] Saving checkpoint: logs/contrastive_cpc_point_FourRooms_64/5dd72662-2788-11f0-b183-d85ed38c5779/checkpoints/counter
I0502 15:27:36.508508 139579566835264 terminal.py:91] [Evaluator] Actor Episodes = 8640 | Actor Steps = 432000 | Delta Dist = 11.808 | Delta Dist 10 = 11.137 | Delta Dist 100 = 9.180 | Delta Dist 1000 = 8.582 | Episode Length = 50 | Episode Return = 15.0 | Evaluator Episodes = 2170 | Evaluator Steps = 108500 | Final Dist = 0.999 | Final Dist 10 = 1.669 | Final Dist 100 = 3.627 | Final Dist 1000 = 4.225 | Init Dist = 12.806 | Init Dist 10 = 12.806 | Init Dist 100 = 12.806 | Init Dist 1000 = 12.806 | Learner Steps = 6592 | Learner Walltime = 1279.918 | Min Dist = 0.331 | Min Dist 10 = 1.125 | Min Dist 100 = 2.952 | Min Dist 1000 = 3.608 | Steps Per Second = 81.182 | Success = 1.000 | Success 1000 = 0.596
I0502 15:27:36.639842 139555013154368 terminal.py:91] [Learner] Actor Episodes = 8634 | Actor Loss = 3.516538619995117 | Actor Steps = 431700 | Binary Accuracy = 0.9960267543792725 | Categorical Accuracy = 0.419189453125 | Critic Loss = 1.9840654134750366 | Entropy Mean = -17.023681640625 | Evaluator Episodes = 2168 | Evaluator Steps = 108400 | Learner Steps = 6598 | Learner Walltime = 1280.834 | Logits Neg = -16.317564010620117 | Logits Pos = -1.9459898471832275 | Logsumexp = 1.2783582210540771 | Steps Per Second = 284.299
I0502 15:27:36.964198 139584504182336 lp_utils.py:96] StepsLimiter: Reached 432100 recorded steps
I0502 15:27:37.729707 139579566835264 terminal.py:91] [Evaluator] Actor Episodes = 8648 | Actor Steps = 432400 | Delta Dist = 2.496 | Delta Dist 10 = 11.217 | Delta Dist 100 = 9.192 | Delta Dist 1000 = 8.582 | Episode Length = 50 | Episode Return = 0.0 | Evaluator Episodes = 2172 | Evaluator Steps = 108600 | Final Dist = 10.310 | Final Dist 10 = 1.589 | Final Dist 100 = 3.614 | Final Dist 1000 = 4.224 | Init Dist = 12.806 | Init Dist 10 = 12.806 | Init Dist 100 = 12.806 | Init Dist 1000 = 12.806 | Learner Steps = 6599 | Learner Walltime = 1281.191 | Min Dist = 10.252 | Min Dist 10 = 1.122 | Min Dist 100 = 2.953 | Min Dist 1000 = 3.608 | Steps Per Second = 83.799 | Success = 0.000 | Success 1000 = 0.596
I0502 15:27:38.937011 139579566835264 terminal.py:91] [Evaluator] Actor Episodes = 8656 | Actor Steps = 432800 | Delta Dist = 2.462 | Delta Dist 10 = 10.456 | Delta Dist 100 = 9.096 | Delta Dist 1000 = 8.573 | Episode Length = 50 | Episode Return = 0.0 | Evaluator Episodes = 2174 | Evaluator Steps = 108700 | Final Dist = 10.344 | Final Dist 10 = 2.350 | Final Dist 100 = 3.710 | Final Dist 1000 = 4.233 | Init Dist = 12.806 | Init Dist 10 = 12.806 | Init Dist 100 = 12.806 | Init Dist 1000 = 12.806 | Learner Steps = 6604 | Learner Walltime = 1282.264 | Min Dist = 10.208 | Min Dist 10 = 1.816 | Min Dist 100 = 3.049 | Min Dist 1000 = 3.619 | Steps Per Second = 84.163 | Success = 0.000 | Success 1000 = 0.595
I0502 15:27:40.143893 139579566835264 terminal.py:91] [Evaluator] Actor Episodes = 8664 | Actor Steps = 433200 | Delta Dist = 11.394 | Delta Dist 10 = 10.161 | Delta Dist 100 = 9.172 | Delta Dist 1000 = 8.565 | Episode Length = 50 | Episode Return = 15.0 | Evaluator Episodes = 2176 | Evaluator Steps = 108800 | Final Dist = 1.413 | Final Dist 10 = 2.646 | Final Dist 100 = 3.634 | Final Dist 1000 = 4.241 | Init Dist = 12.806 | Init Dist 10 = 12.806 | Init Dist 100 = 12.806 | Init Dist 1000 = 12.806 | Learner Steps = 6611 | Learner Walltime = 1283.467 | Min Dist = 0.294 | Min Dist 10 = 2.235 | Min Dist 100 = 2.978 | Min Dist 1000 = 3.628 | Steps Per Second = 83.426 | Success = 1.000 | Success 1000 = 0.594
I0502 15:27:41.439156 139579566835264 terminal.py:91] [Evaluator] Actor Episodes = 8672 | Actor Steps = 433600 | Delta Dist = 12.312 | Delta Dist 10 = 9.086 | Delta Dist 100 = 9.166 | Delta Dist 1000 = 8.554 | Episode Length = 50 | Episode Return = 3.0 | Evaluator Episodes = 2178 | Evaluator Steps = 108900 | Final Dist = 0.495 | Final Dist 10 = 3.720 | Final Dist 100 = 3.640 | Final Dist 1000 = 4.252 | Init Dist = 12.806 | Init Dist 10 = 12.806 | Init Dist 100 = 12.806 | Init Dist 1000 = 12.806 | Learner Steps = 6618 | Learner Walltime = 1284.761 | Min Dist = 0.315 | Min Dist 10 = 3.248 | Min Dist 100 = 2.980 | Min Dist 1000 = 3.638 | Steps Per Second = 77.412 | Success = 1.000 | Success 1000 = 0.593
I0502 15:27:42.567970 139579566835264 terminal.py:91] [Evaluator] Actor Episodes = 8680 | Actor Steps = 434000 | Delta Dist = 11.462 | Delta Dist 10 = 9.121 | Delta Dist 100 = 9.195 | Delta Dist 1000 = 8.567 | Episode Length = 50 | Episode Return = 9.0 | Evaluator Episodes = 2180 | Evaluator Steps = 109000 | Final Dist = 1.344 | Final Dist 10 = 3.685 | Final Dist 100 = 3.612 | Final Dist 1000 = 4.239 | Init Dist = 12.806 | Init Dist 10 = 12.806 | Init Dist 100 = 12.806 | Init Dist 1000 = 12.806 | Learner Steps = 6623 | Learner Walltime = 1285.840 | Min Dist = 0.329 | Min Dist 10 = 3.232 | Min Dist 100 = 2.955 | Min Dist 1000 = 3.628 | Steps Per Second = 86.236 | Success = 1.000 | Success 1000 = 0.594
I0502 15:27:43.636445 139569349502528 terminal.py:91] [Actor] Actor Episodes = 8685 | Actor Steps = 434250 | Delta Dist = 1.381 | Delta Dist 10 = 5.280 | Delta Dist 100 = 4.930 | Delta Dist 1000 = 4.535 | Episode Length = 50 | Episode Return = 39.0 | Evaluator Episodes = 2180 | Evaluator Steps = 109000 | Final Dist = 0.033 | Final Dist 10 = 1.386 | Final Dist 100 = 1.550 | Final Dist 1000 = 1.425 | Init Dist = 1.414 | Init Dist 10 = 6.666 | Init Dist 100 = 6.480 | Init Dist 1000 = 5.960 | Learner Steps = 6629 | Learner Walltime = 1287.000 | Min Dist = 0.033 | Min Dist 10 = 0.102 | Min Dist 100 = 0.109 | Min Dist 1000 = 0.157 | Steps Per Second = 80.221 | Success = 1.000 | Success 1000 = 0.996
I0502 15:27:43.828499 139579566835264 terminal.py:91] [Evaluator] Actor Episodes = 8688 | Actor Steps = 434400 | Delta Dist = 2.410 | Delta Dist 10 = 8.112 | Delta Dist 100 = 9.088 | Delta Dist 1000 = 8.561 | Episode Length = 50 | Episode Return = 0.0 | Evaluator Episodes = 2182 | Evaluator Steps = 109100 | Final Dist = 10.396 | Final Dist 10 = 4.694 | Final Dist 100 = 3.718 | Final Dist 1000 = 4.246 | Init Dist = 12.806 | Init Dist 10 = 12.806 | Init Dist 100 = 12.806 | Init Dist 1000 = 12.806 | Learner Steps = 6629 | Learner Walltime = 1287.000 | Min Dist = 10.237 | Min Dist 10 = 4.256 | Min Dist 100 = 3.057 | Min Dist 1000 = 3.635 | Steps Per Second = 82.074 | Success = 0.000 | Success 1000 = 0.594
I0502 15:27:43.982894 139557462840896 terminal.py:91] [Actor] Actor Episodes = 8687 | Actor Steps = 434350 | Delta Dist = -3.335 | Delta Dist 10 = 4.724 | Delta Dist 100 = 4.900 | Delta Dist 1000 = 4.536 | Episode Length = 50 | Episode Return = 0.0 | Evaluator Episodes = 2180 | Evaluator Steps = 109000 | Final Dist = 6.498 | Final Dist 10 = 1.797 | Final Dist 100 = 1.597 | Final Dist 1000 = 1.426 | Init Dist = 3.162 | Init Dist 10 = 6.521 | Init Dist 100 = 6.497 | Init Dist 1000 = 5.962 | Learner Steps = 6629 | Learner Walltime = 1287.000 | Min Dist = 0.256 | Min Dist 10 = 0.105 | Min Dist 100 = 0.109 | Min Dist 1000 = 0.157 | Steps Per Second = 85.748 | Success = 1.000 | Success 1000 = 0.996
I0502 15:27:44.787358 139555860620864 terminal.py:91] [Actor] Actor Episodes = 8696 | Actor Steps = 434800 | Delta Dist = 7.551 | Delta Dist 10 = 4.106 | Delta Dist 100 = 4.828 | Delta Dist 1000 = 4.543 | Episode Length = 50 | Episode Return = 28.0 | Evaluator Episodes = 2182 | Evaluator Steps = 109100 | Final Dist = 0.260 | Final Dist 10 = 1.566 | Final Dist 100 = 1.549 | Final Dist 1000 = 1.423 | Init Dist = 7.810 | Init Dist 10 = 5.672 | Init Dist 100 = 6.377 | Init Dist 1000 = 5.966 | Learner Steps = 6636 | Learner Walltime = 1288.298 | Min Dist = 0.009 | Min Dist 10 = 0.061 | Min Dist 100 = 0.106 | Min Dist 1000 = 0.157 | Steps Per Second = 81.192 | Success = 1.000 | Success 1000 = 0.996
I0502 15:27:44.989522 139579566835264 terminal.py:91] [Evaluator] Actor Episodes = 8696 | Actor Steps = 434800 | Delta Dist = 11.421 | Delta Dist 10 = 8.113 | Delta Dist 100 = 8.993 | Delta Dist 1000 = 8.562 | Episode Length = 50 | Episode Return = 6.0 | Evaluator Episodes = 2184 | Evaluator Steps = 109200 | Final Dist = 1.385 | Final Dist 10 = 4.694 | Final Dist 100 = 3.814 | Final Dist 1000 = 4.244 | Init Dist = 12.806 | Init Dist 10 = 12.806 | Init Dist 100 = 12.806 | Init Dist 1000 = 12.806 | Learner Steps = 6636 | Learner Walltime = 1288.298 | Min Dist = 0.176 | Min Dist 10 = 4.249 | Min Dist 100 = 3.156 | Min Dist 1000 = 3.632 | Steps Per Second = 88.504 | Success = 1.000 | Success 1000 = 0.595
I0502 15:27:46.047587 139579566835264 terminal.py:91] [Evaluator] Actor Episodes = 8704 | Actor Steps = 435200 | Delta Dist = 11.532 | Delta Dist 10 = 8.919 | Delta Dist 100 = 8.979 | Delta Dist 1000 = 8.562 | Episode Length = 50 | Episode Return = 10.0 | Evaluator Episodes = 2186 | Evaluator Steps = 109300 | Final Dist = 1.274 | Final Dist 10 = 3.888 | Final Dist 100 = 3.828 | Final Dist 1000 = 4.244 | Init Dist = 12.806 | Init Dist 10 = 12.806 | Init Dist 100 = 12.806 | Init Dist 1000 = 12.806 | Learner Steps = 6643 | Learner Walltime = 1289.644 | Min Dist = 0.208 | Min Dist 10 = 3.268 | Min Dist 100 = 3.159 | Min Dist 1000 = 3.632 | Steps Per Second = 88.905 | Success = 1.000 | Success 1000 = 0.595
I0502 15:27:46.263646 139558059398720 terminal.py:91] [Actor] Actor Episodes = 8706 | Actor Steps = 435300 | Delta Dist = 2.920 | Delta Dist 10 = 4.487 | Delta Dist 100 = 4.764 | Delta Dist 1000 = 4.543 | Episode Length = 50 | Episode Return = 42.0 | Evaluator Episodes = 2186 | Evaluator Steps = 109300 | Final Dist = 0.243 | Final Dist 10 = 1.302 | Final Dist 100 = 1.480 | Final Dist 1000 = 1.428 | Init Dist = 3.162 | Init Dist 10 = 5.789 | Init Dist 100 = 6.244 | Init Dist 1000 = 5.971 | Learner Steps = 6643 | Learner Walltime = 1289.644 | Min Dist = 0.034 | Min Dist 10 = 0.067 | Min Dist 100 = 0.099 | Min Dist 1000 = 0.157 | Steps Per Second = 78.596 | Success = 1.000 | Success 1000 = 0.996
I0502 15:27:46.946040 139555013154368 terminal.py:91] [Learner] Actor Episodes = 8706 | Actor Loss = 3.5479135513305664 | Actor Steps = 435300 | Binary Accuracy = 0.9959235191345215 | Categorical Accuracy = 0.397705078125 | Critic Loss = 2.068451404571533 | Entropy Mean = -16.982023239135742 | Evaluator Episodes = 2186 | Evaluator Steps = 109300 | Learner Steps = 6651 | Learner Walltime = 1291.141 | Logits Neg = -15.884847640991211 | Logits Pos = -2.0299370288848877 | Logsumexp = 1.3503516912460327 | Steps Per Second = 181.185
I0502 15:27:46.980405 139584504182336 lp_utils.py:96] StepsLimiter: Reached 435400 recorded steps
I0502 15:27:47.253153 139579566835264 terminal.py:91] [Evaluator] Actor Episodes = 8712 | Actor Steps = 435600 | Delta Dist = 11.711 | Delta Dist 10 = 9.837 | Delta Dist 100 = 8.983 | Delta Dist 1000 = 8.561 | Episode Length = 50 | Episode Return = 21.0 | Evaluator Episodes = 2188 | Evaluator Steps = 109400 | Final Dist = 1.096 | Final Dist 10 = 2.970 | Final Dist 100 = 3.824 | Final Dist 1000 = 4.245 | Init Dist = 12.806 | Init Dist 10 = 12.806 | Init Dist 100 = 12.806 | Init Dist 1000 = 12.806 | Learner Steps = 6649 | Learner Walltime = 1290.646 | Min Dist = 0.290 | Min Dist 10 = 2.249 | Min Dist 100 = 3.153 | Min Dist 1000 = 3.632 | Steps Per Second = 84.216 | Success = 1.000 | Success 1000 = 0.595
I0502 15:27:48.488981 139579566835264 terminal.py:91] [Evaluator] Actor Episodes = 8720 | Actor Steps = 436000 | Delta Dist = 1.955 | Delta Dist 10 = 8.725 | Delta Dist 100 = 8.873 | Delta Dist 1000 = 8.563 | Episode Length = 50 | Episode Return = 0.0 | Evaluator Episodes = 2190 | Evaluator Steps = 109500 | Final Dist = 10.851 | Final Dist 10 = 4.081 | Final Dist 100 = 3.933 | Final Dist 1000 = 4.243 | Init Dist = 12.806 | Init Dist 10 = 12.806 | Init Dist 100 = 12.806 | Init Dist 1000 = 12.806 | Learner Steps = 6654 | Learner Walltime = 1291.654 | Min Dist = 10.246 | Min Dist 10 = 3.235 | Min Dist 100 = 3.256 | Min Dist 1000 = 3.632 | Steps Per Second = 85.885 | Success = 0.000 | Success 1000 = 0.595
I0502 15:27:49.728973 139579566835264 terminal.py:91] [Evaluator] Actor Episodes = 8728 | Actor Steps = 436400 | Delta Dist = 12.535 | Delta Dist 10 = 8.770 | Delta Dist 100 = 8.786 | Delta Dist 1000 = 8.576 | Episode Length = 50 | Episode Return = 16.0 | Evaluator Episodes = 2192 | Evaluator Steps = 109600 | Final Dist = 0.271 | Final Dist 10 = 4.037 | Final Dist 100 = 4.020 | Final Dist 1000 = 4.230 | Init Dist = 12.806 | Init Dist 10 = 12.806 | Init Dist 100 = 12.806 | Init Dist 1000 = 12.806 | Learner Steps = 6660 | Learner Walltime = 1292.918 | Min Dist = 0.082 | Min Dist 10 = 3.212 | Min Dist 100 = 3.353 | Min Dist 1000 = 3.622 | Steps Per Second = 74.002 | Success = 1.000 | Success 1000 = 0.596
I0502 15:27:50.980843 139579566835264 terminal.py:91] [Evaluator] Actor Episodes = 8734 | Actor Steps = 436700 | Delta Dist = 11.546 | Delta Dist 10 = 9.822 | Delta Dist 100 = 8.802 | Delta Dist 1000 = 8.578 | Episode Length = 50 | Episode Return = 1.0 | Evaluator Episodes = 2194 | Evaluator Steps = 109700 | Final Dist = 1.260 | Final Dist 10 = 2.984 | Final Dist 100 = 4.004 | Final Dist 1000 = 4.229 | Init Dist = 12.806 | Init Dist 10 = 12.806 | Init Dist 100 = 12.806 | Init Dist 1000 = 12.806 | Learner Steps = 6665 | Learner Walltime = 1294.017 | Min Dist = 0.641 | Min Dist 10 = 2.213 | Min Dist 100 = 3.349 | Min Dist 1000 = 3.621 | Steps Per Second = 79.123 | Success = 1.000 | Success 1000 = 0.596
I0502 15:27:52.128132 139579566835264 terminal.py:91] [Evaluator] Actor Episodes = 8740 | Actor Steps = 437000 | Delta Dist = 12.173 | Delta Dist 10 = 9.914 | Delta Dist 100 = 8.805 | Delta Dist 1000 = 8.578 | Episode Length = 50 | Episode Return = 8.0 | Evaluator Episodes = 2196 | Evaluator Steps = 109800 | Final Dist = 0.633 | Final Dist 10 = 2.892 | Final Dist 100 = 4.001 | Final Dist 1000 = 4.229 | Init Dist = 12.806 | Init Dist 10 = 12.806 | Init Dist 100 = 12.806 | Init Dist 1000 = 12.806 | Learner Steps = 6672 | Learner Walltime = 1295.323 | Min Dist = 0.213 | Min Dist 10 = 2.234 | Min Dist 100 = 3.350 | Min Dist 1000 = 3.622 | Steps Per Second = 85.192 | Success = 1.000 | Success 1000 = 0.596
I0502 15:27:53.395631 139579566835264 terminal.py:91] [Evaluator] Actor Episodes = 8749 | Actor Steps = 437450 | Delta Dist = 2.388 | Delta Dist 10 = 10.011 | Delta Dist 100 = 8.895 | Delta Dist 1000 = 8.595 | Episode Length = 50 | Episode Return = 0.0 | Evaluator Episodes = 2198 | Evaluator Steps = 109900 | Final Dist = 10.418 | Final Dist 10 = 2.795 | Final Dist 100 = 3.912 | Final Dist 1000 = 4.211 | Init Dist = 12.806 | Init Dist 10 = 12.806 | Init Dist 100 = 12.806 | Init Dist 1000 = 12.806 | Learner Steps = 6679 | Learner Walltime = 1296.576 | Min Dist = 10.329 | Min Dist 10 = 2.274 | Min Dist 100 = 3.251 | Min Dist 1000 = 3.606 | Steps Per Second = 76.428 | Success = 0.000 | Success 1000 = 0.598
I0502 15:27:54.087947 139557462840896 terminal.py:91] [Actor] Actor Episodes = 8754 | Actor Steps = 437700 | Delta Dist = 9.108 | Delta Dist 10 = 5.243 | Delta Dist 100 = 4.836 | Delta Dist 1000 = 4.546 | Episode Length = 50 | Episode Return = 8.0 | Evaluator Episodes = 2198 | Evaluator Steps = 109900 | Final Dist = 0.112 | Final Dist 10 = 3.241 | Final Dist 100 = 1.595 | Final Dist 1000 = 1.441 | Init Dist = 9.220 | Init Dist 10 = 8.485 | Init Dist 100 = 6.431 | Init Dist 1000 = 5.986 | Learner Steps = 6679 | Learner Walltime = 1296.576 | Min Dist = 0.112 | Min Dist 10 = 0.107 | Min Dist 100 = 0.158 | Min Dist 1000 = 0.154 | Steps Per Second = 77.770 | Success = 1.000 | Success 1000 = 0.996
I0502 15:27:54.185086 139569349502528 terminal.py:91] [Actor] Actor Episodes = 8757 | Actor Steps = 437850 | Delta Dist = 2.382 | Delta Dist 10 = 5.660 | Delta Dist 100 = 4.900 | Delta Dist 1000 = 4.545 | Episode Length = 50 | Episode Return = 29.0 | Evaluator Episodes = 2198 | Evaluator Steps = 109900 | Final Dist = 0.446 | Final Dist 10 = 3.052 | Final Dist 100 = 1.598 | Final Dist 1000 = 1.441 | Init Dist = 2.828 | Init Dist 10 = 8.711 | Init Dist 100 = 6.498 | Init Dist 1000 = 5.987 | Learner Steps = 6685 | Learner Walltime = 1297.763 | Min Dist = 0.284 | Min Dist 10 = 0.141 | Min Dist 100 = 0.161 | Min Dist 1000 = 0.154 | Steps Per Second = 85.017 | Success = 1.000 | Success 1000 = 0.996
I0502 15:27:54.566113 139579566835264 terminal.py:91] [Evaluator] Actor Episodes = 8757 | Actor Steps = 437850 | Delta Dist = 12.329 | Delta Dist 10 = 10.167 | Delta Dist 100 = 8.811 | Delta Dist 1000 = 8.587 | Episode Length = 50 | Episode Return = 36.0 | Evaluator Episodes = 2200 | Evaluator Steps = 110000 | Final Dist = 0.477 | Final Dist 10 = 2.640 | Final Dist 100 = 3.995 | Final Dist 1000 = 4.219 | Init Dist = 12.806 | Init Dist 10 = 12.806 | Init Dist 100 = 12.806 | Init Dist 1000 = 12.806 | Learner Steps = 6685 | Learner Walltime = 1297.763 | Min Dist = 0.155 | Min Dist 10 = 2.284 | Min Dist 100 = 3.354 | Min Dist 1000 = 3.615 | Steps Per Second = 86.787 | Success = 1.000 | Success 1000 = 0.597
I0502 15:27:55.329485 139555860620864 terminal.py:91] [Actor] Actor Episodes = 8762 | Actor Steps = 438100 | Delta Dist = 9.336 | Delta Dist 10 = 3.785 | Delta Dist 100 = 4.812 | Delta Dist 1000 = 4.540 | Episode Length = 50 | Episode Return = 31.0 | Evaluator Episodes = 2200 | Evaluator Steps = 110000 | Final Dist = 0.960 | Final Dist 10 = 2.778 | Final Dist 100 = 1.690 | Final Dist 1000 = 1.454 | Init Dist = 10.296 | Init Dist 10 = 6.563 | Init Dist 100 = 6.503 | Init Dist 1000 = 5.993 | Learner Steps = 6685 | Learner Walltime = 1297.763 | Min Dist = 0.150 | Min Dist 10 = 0.131 | Min Dist 100 = 0.164 | Min Dist 1000 = 0.154 | Steps Per Second = 79.118 | Success = 1.000 | Success 1000 = 0.996
I0502 15:27:55.694002 139579566835264 terminal.py:91] [Evaluator] Actor Episodes = 8765 | Actor Steps = 438250 | Delta Dist = 12.134 | Delta Dist 10 = 11.203 | Delta Dist 100 = 8.991 | Delta Dist 1000 = 8.601 | Episode Length = 50 | Episode Return = 20.0 | Evaluator Episodes = 2202 | Evaluator Steps = 110100 | Final Dist = 0.673 | Final Dist 10 = 1.603 | Final Dist 100 = 3.815 | Final Dist 1000 = 4.205 | Init Dist = 12.806 | Init Dist 10 = 12.806 | Init Dist 100 = 12.806 | Init Dist 1000 = 12.806 | Learner Steps = 6691 | Learner Walltime = 1298.996 | Min Dist = 0.230 | Min Dist 10 = 1.260 | Min Dist 100 = 3.184 | Min Dist 1000 = 3.601 | Steps Per Second = 95.624 | Success = 1.000 | Success 1000 = 0.599
I0502 15:27:56.428298 139558059398720 terminal.py:91] [Actor] Actor Episodes = 8770 | Actor Steps = 438500 | Delta Dist = 6.012 | Delta Dist 10 = 3.453 | Delta Dist 100 = 4.813 | Delta Dist 1000 = 4.527 | Episode Length = 50 | Episode Return = 36.0 | Evaluator Episodes = 2202 | Evaluator Steps = 110100 | Final Dist = 1.059 | Final Dist 10 = 2.631 | Final Dist 100 = 1.750 | Final Dist 1000 = 1.462 | Init Dist = 7.071 | Init Dist 10 = 6.084 | Init Dist 100 = 6.563 | Init Dist 1000 = 5.989 | Learner Steps = 6691 | Learner Walltime = 1298.996 | Min Dist = 0.038 | Min Dist 10 = 0.804 | Min Dist 100 = 0.235 | Min Dist 1000 = 0.161 | Steps Per Second = 94.308 | Success = 1.000 | Success 1000 = 0.996
I0502 15:27:56.815712 139579566835264 terminal.py:91] [Evaluator] Actor Episodes = 8773 | Actor Steps = 438650 | Delta Dist = 12.137 | Delta Dist 10 = 10.129 | Delta Dist 100 = 9.000 | Delta Dist 1000 = 8.597 | Episode Length = 50 | Episode Return = 11.0 | Evaluator Episodes = 2204 | Evaluator Steps = 110200 | Final Dist = 0.669 | Final Dist 10 = 2.677 | Final Dist 100 = 3.807 | Final Dist 1000 = 4.209 | Init Dist = 12.806 | Init Dist 10 = 12.806 | Init Dist 100 = 12.806 | Init Dist 1000 = 12.806 | Learner Steps = 6697 | Learner Walltime = 1300.132 | Min Dist = 0.055 | Min Dist 10 = 2.278 | Min Dist 100 = 3.167 | Min Dist 1000 = 3.605 | Steps Per Second = 98.833 | Success = 1.000 | Success 1000 = 0.599
I0502 15:27:56.996579 139584504182336 lp_utils.py:96] StepsLimiter: Reached 438750 recorded steps
I0502 15:27:57.091225 139555013154368 terminal.py:91] [Learner] Actor Episodes = 8779 | Actor Loss = 3.7553391456604004 | Actor Steps = 438950 | Binary Accuracy = 0.9960000514984131 | Categorical Accuracy = 0.41204833984375 | Critic Loss = 2.007998466491699 | Entropy Mean = -18.785715103149414 | Evaluator Episodes = 2204 | Evaluator Steps = 110200 | Learner Steps = 6703 | Learner Walltime = 1301.291 | Logits Neg = -16.183917999267578 | Logits Pos = -2.003593921661377 | Logsumexp = 1.3134894371032715 | Steps Per Second = 148.221
I0502 15:27:58.128777 139579566835264 terminal.py:91] [Evaluator] Actor Episodes = 8781 | Actor Steps = 439050 | Delta Dist = 11.776 | Delta Dist 10 = 9.140 | Delta Dist 100 = 8.994 | Delta Dist 1000 = 8.598 | Episode Length = 50 | Episode Return = 2.0 | Evaluator Episodes = 2206 | Evaluator Steps = 110300 | Final Dist = 1.030 | Final Dist 10 = 3.666 | Final Dist 100 = 3.812 | Final Dist 1000 = 4.208 | Init Dist = 12.806 | Init Dist 10 = 12.806 | Init Dist 100 = 12.806 | Init Dist 1000 = 12.806 | Learner Steps = 6703 | Learner Walltime = 1301.291 | Min Dist = 0.163 | Min Dist 10 = 3.244 | Min Dist 100 = 3.167 | Min Dist 1000 = 3.605 | Steps Per Second = 78.937 | Success = 1.000 | Success 1000 = 0.599
I0502 15:27:59.309914 139579566835264 terminal.py:91] [Evaluator] Actor Episodes = 8789 | Actor Steps = 439450 | Delta Dist = 12.235 | Delta Dist 10 = 9.155 | Delta Dist 100 = 9.130 | Delta Dist 1000 = 8.606 | Episode Length = 50 | Episode Return = 29.0 | Evaluator Episodes = 2208 | Evaluator Steps = 110400 | Final Dist = 0.571 | Final Dist 10 = 3.651 | Final Dist 100 = 3.676 | Final Dist 1000 = 4.200 | Init Dist = 12.806 | Init Dist 10 = 12.806 | Init Dist 100 = 12.806 | Init Dist 1000 = 12.806 | Learner Steps = 6710 | Learner Walltime = 1302.489 | Min Dist = 0.077 | Min Dist 10 = 3.225 | Min Dist 100 = 3.044 | Min Dist 1000 = 3.597 | Steps Per Second = 95.233 | Success = 1.000 | Success 1000 = 0.600
I0502 15:28:00.524149 139579566835264 terminal.py:91] [Evaluator] Actor Episodes = 8797 | Actor Steps = 439850 | Delta Dist = 1.908 | Delta Dist 10 = 10.096 | Delta Dist 100 = 9.234 | Delta Dist 1000 = 8.607 | Episode Length = 50 | Episode Return = 0.0 | Evaluator Episodes = 2210 | Evaluator Steps = 110500 | Final Dist = 10.898 | Final Dist 10 = 2.710 | Final Dist 100 = 3.572 | Final Dist 1000 = 4.199 | Init Dist = 12.806 | Init Dist 10 = 12.806 | Init Dist 100 = 12.806 | Init Dist 1000 = 12.806 | Learner Steps = 6716 | Learner Walltime = 1303.676 | Min Dist = 10.278 | Min Dist 10 = 2.217 | Min Dist 100 = 2.945 | Min Dist 1000 = 3.596 | Steps Per Second = 77.788 | Success = 0.000 | Success 1000 = 0.600
I0502 15:28:01.770368 139579566835264 terminal.py:91] [Evaluator] Actor Episodes = 8805 | Actor Steps = 440250 | Delta Dist = 10.933 | Delta Dist 10 = 8.959 | Delta Dist 100 = 9.132 | Delta Dist 1000 = 8.597 | Episode Length = 50 | Episode Return = 0.0 | Evaluator Episodes = 2212 | Evaluator Steps = 110600 | Final Dist = 1.874 | Final Dist 10 = 3.848 | Final Dist 100 = 3.674 | Final Dist 1000 = 4.209 | Init Dist = 12.806 | Init Dist 10 = 12.806 | Init Dist 100 = 12.806 | Init Dist 1000 = 12.806 | Learner Steps = 6722 | Learner Walltime = 1304.941 | Min Dist = 1.874 | Min Dist 10 = 3.361 | Min Dist 100 = 3.052 | Min Dist 1000 = 3.608 | Steps Per Second = 87.352 | Success = 0.000 | Success 1000 = 0.598
I0502 15:28:03.036640 139579566835264 terminal.py:91] [Evaluator] Actor Episodes = 8817 | Actor Steps = 440850 | Delta Dist = 11.773 | Delta Dist 10 = 9.859 | Delta Dist 100 = 9.110 | Delta Dist 1000 = 8.608 | Episode Length = 50 | Episode Return = 0.0 | Evaluator Episodes = 2214 | Evaluator Steps = 110700 | Final Dist = 1.034 | Final Dist 10 = 2.947 | Final Dist 100 = 3.696 | Final Dist 1000 = 4.199 | Init Dist = 12.806 | Init Dist 10 = 12.806 | Init Dist 100 = 12.806 | Init Dist 1000 = 12.806 | Learner Steps = 6728 | Learner Walltime = 1306.112 | Min Dist = 1.034 | Min Dist 10 = 2.526 | Min Dist 100 = 3.070 | Min Dist 1000 = 3.599 | Steps Per Second = 72.959 | Success = 0.000 | Success 1000 = 0.598
I0502 15:28:04.197563 139569349502528 terminal.py:91] [Actor] Actor Episodes = 8822 | Actor Steps = 441100 | Delta Dist = 4.337 | Delta Dist 10 = 5.047 | Delta Dist 100 = 4.109 | Delta Dist 1000 = 4.435 | Episode Length = 50 | Episode Return = 39.0 | Evaluator Episodes = 2214 | Evaluator Steps = 110700 | Final Dist = 0.762 | Final Dist 10 = 1.647 | Final Dist 100 = 2.453 | Final Dist 1000 = 1.519 | Init Dist = 5.099 | Init Dist 10 = 6.694 | Init Dist 100 = 6.562 | Init Dist 1000 = 5.954 | Learner Steps = 6735 | Learner Walltime = 1307.306 | Min Dist = 0.069 | Min Dist 10 = 1.080 | Min Dist 100 = 0.823 | Min Dist 1000 = 0.218 | Steps Per Second = 81.120 | Success = 1.000 | Success 1000 = 0.990
I0502 15:28:04.203145 139579566835264 terminal.py:91] [Evaluator] Actor Episodes = 8825 | Actor Steps = 441250 | Delta Dist = 11.469 | Delta Dist 10 = 10.808 | Delta Dist 100 = 9.107 | Delta Dist 1000 = 8.608 | Episode Length = 50 | Episode Return = 22.0 | Evaluator Episodes = 2216 | Evaluator Steps = 110800 | Final Dist = 1.338 | Final Dist 10 = 1.998 | Final Dist 100 = 3.700 | Final Dist 1000 = 4.199 | Init Dist = 12.806 | Init Dist 10 = 12.806 | Init Dist 100 = 12.806 | Init Dist 1000 = 12.806 | Learner Steps = 6735 | Learner Walltime = 1307.306 | Min Dist = 0.157 | Min Dist 10 = 1.599 | Min Dist 100 = 3.074 | Min Dist 1000 = 3.599 | Steps Per Second = 79.030 | Success = 1.000 | Success 1000 = 0.597
I0502 15:28:04.683882 139557462840896 terminal.py:91] [Actor] Actor Episodes = 8824 | Actor Steps = 441200 | Delta Dist = 6.253 | Delta Dist 10 = 4.400 | Delta Dist 100 = 3.970 | Delta Dist 1000 = 4.426 | Episode Length = 50 | Episode Return = 22.0 | Evaluator Episodes = 2214 | Evaluator Steps = 110700 | Final Dist = 0.455 | Final Dist 10 = 2.257 | Final Dist 100 = 2.535 | Final Dist 1000 = 1.528 | Init Dist = 6.708 | Init Dist 10 = 6.657 | Init Dist 100 = 6.505 | Init Dist 1000 = 5.954 | Learner Steps = 6735 | Learner Walltime = 1307.306 | Min Dist = 0.015 | Min Dist 10 = 1.893 | Min Dist 100 = 0.961 | Min Dist 1000 = 0.232 | Steps Per Second = 84.789 | Success = 1.000 | Success 1000 = 0.989
I0502 15:28:05.520728 139579566835264 terminal.py:91] [Evaluator] Actor Episodes = 8833 | Actor Steps = 441650 | Delta Dist = 11.410 | Delta Dist 10 = 10.676 | Delta Dist 100 = 9.096 | Delta Dist 1000 = 8.629 | Episode Length = 50 | Episode Return = 8.0 | Evaluator Episodes = 2218 | Evaluator Steps = 110900 | Final Dist = 1.396 | Final Dist 10 = 2.131 | Final Dist 100 = 3.710 | Final Dist 1000 = 4.178 | Init Dist = 12.806 | Init Dist 10 = 12.806 | Init Dist 100 = 12.806 | Init Dist 1000 = 12.806 | Learner Steps = 6747 | Learner Walltime = 1309.676 | Min Dist = 0.215 | Min Dist 10 = 1.582 | Min Dist 100 = 3.073 | Min Dist 1000 = 3.578 | Steps Per Second = 78.179 | Success = 1.000 | Success 1000 = 0.599
I0502 15:28:05.611051 139555860620864 terminal.py:91] [Actor] Actor Episodes = 8835 | Actor Steps = 441750 | Delta Dist = 5.013 | Delta Dist 10 = 2.953 | Delta Dist 100 = 3.736 | Delta Dist 1000 = 4.417 | Episode Length = 50 | Episode Return = 26.0 | Evaluator Episodes = 2218 | Evaluator Steps = 110900 | Final Dist = 1.070 | Final Dist 10 = 2.111 | Final Dist 100 = 2.535 | Final Dist 1000 = 1.525 | Init Dist = 6.083 | Init Dist 10 = 5.063 | Init Dist 100 = 6.272 | Init Dist 1000 = 5.942 | Learner Steps = 6747 | Learner Walltime = 1309.676 | Min Dist = 0.085 | Min Dist 10 = 1.429 | Min Dist 100 = 0.957 | Min Dist 1000 = 0.231 | Steps Per Second = 66.524 | Success = 1.000 | Success 1000 = 0.989
I0502 15:28:06.728700 139558059398720 terminal.py:91] [Actor] Actor Episodes = 8841 | Actor Steps = 442050 | Delta Dist = 6.794 | Delta Dist 10 = 4.844 | Delta Dist 100 = 3.895 | Delta Dist 1000 = 4.420 | Episode Length = 50 | Episode Return = 28.0 | Evaluator Episodes = 2218 | Evaluator Steps = 110900 | Final Dist = 0.277 | Final Dist 10 = 0.753 | Final Dist 100 = 2.349 | Final Dist 1000 = 1.526 | Init Dist = 7.071 | Init Dist 10 = 5.598 | Init Dist 100 = 6.244 | Init Dist 1000 = 5.946 | Learner Steps = 6747 | Learner Walltime = 1309.676 | Min Dist = 0.112 | Min Dist 10 = 0.338 | Min Dist 100 = 0.911 | Min Dist 1000 = 0.234 | Steps Per Second = 81.429 | Success = 1.000 | Success 1000 = 0.989
I0502 15:28:06.774922 139579566835264 terminal.py:91] [Evaluator] Actor Episodes = 8841 | Actor Steps = 442050 | Delta Dist = 6.896 | Delta Dist 10 = 10.619 | Delta Dist 100 = 9.205 | Delta Dist 1000 = 8.630 | Episode Length = 50 | Episode Return = 0.0 | Evaluator Episodes = 2220 | Evaluator Steps = 111000 | Final Dist = 5.911 | Final Dist 10 = 2.187 | Final Dist 100 = 3.601 | Final Dist 1000 = 4.176 | Init Dist = 12.806 | Init Dist 10 = 12.806 | Init Dist 100 = 12.806 | Init Dist 1000 = 12.806 | Learner Steps = 6747 | Learner Walltime = 1309.676 | Min Dist = 5.911 | Min Dist 10 = 1.577 | Min Dist 100 = 2.973 | Min Dist 1000 = 3.577 | Steps Per Second = 83.882 | Success = 0.000 | Success 1000 = 0.600
I0502 15:28:07.015053 139584504182336 lp_utils.py:96] StepsLimiter: Reached 442150 recorded steps
I0502 15:28:07.351330 139555013154368 terminal.py:91] [Learner] Actor Episodes = 8841 | Actor Loss = 3.630558729171753 | Actor Steps = 442050 | Binary Accuracy = 0.9960634708404541 | Categorical Accuracy = 0.4036865234375 | Critic Loss = 1.9777708053588867 | Entropy Mean = -18.782066345214844 | Evaluator Episodes = 2220 | Evaluator Steps = 111000 | Learner Steps = 6756 | Learner Walltime = 1311.547 | Logits Neg = -16.270933151245117 | Logits Pos = -1.9561305046081543 | Logsumexp = 1.2491854429244995 | Steps Per Second = 209.076
I0502 15:28:08.046134 139579566835264 terminal.py:91] [Evaluator] Actor Episodes = 8849 | Actor Steps = 442450 | Delta Dist = 1.687 | Delta Dist 10 = 11.089 | Delta Dist 100 = 9.168 | Delta Dist 1000 = 8.628 | Episode Length = 50 | Episode Return = 0.0 | Evaluator Episodes = 2222 | Evaluator Steps = 111100 | Final Dist = 11.120 | Final Dist 10 = 1.718 | Final Dist 100 = 3.638 | Final Dist 1000 = 4.178 | Init Dist = 12.806 | Init Dist 10 = 12.806 | Init Dist 100 = 12.806 | Init Dist 1000 = 12.806 | Learner Steps = 6759 | Learner Walltime = 1312.210 | Min Dist = 10.415 | Min Dist 10 = 1.002 | Min Dist 100 = 3.028 | Min Dist 1000 = 3.578 | Steps Per Second = 83.493 | Success = 0.000 | Success 1000 = 0.600
I0502 15:28:09.239162 139579566835264 terminal.py:91] [Evaluator] Actor Episodes = 8855 | Actor Steps = 442750 | Delta Dist = 12.140 | Delta Dist 10 = 10.102 | Delta Dist 100 = 9.159 | Delta Dist 1000 = 8.622 | Episode Length = 50 | Episode Return = 14.0 | Evaluator Episodes = 2224 | Evaluator Steps = 111200 | Final Dist = 0.667 | Final Dist 10 = 2.704 | Final Dist 100 = 3.647 | Final Dist 1000 = 4.184 | Init Dist = 12.806 | Init Dist 10 = 12.806 | Init Dist 100 = 12.806 | Init Dist 1000 = 12.806 | Learner Steps = 6759 | Learner Walltime = 1312.210 | Min Dist = 0.209 | Min Dist 10 = 1.864 | Min Dist 100 = 3.033 | Min Dist 1000 = 3.583 | Steps Per Second = 86.112 | Success = 1.000 | Success 1000 = 0.600
I0502 15:28:10.477741 139579566835264 terminal.py:91] [Evaluator] Actor Episodes = 8861 | Actor Steps = 443050 | Delta Dist = 8.428 | Delta Dist 10 = 10.138 | Delta Dist 100 = 9.258 | Delta Dist 1000 = 8.645 | Episode Length = 50 | Episode Return = 0.0 | Evaluator Episodes = 2226 | Evaluator Steps = 111300 | Final Dist = 4.379 | Final Dist 10 = 2.669 | Final Dist 100 = 3.548 | Final Dist 1000 = 4.162 | Init Dist = 12.806 | Init Dist 10 = 12.806 | Init Dist 100 = 12.806 | Init Dist 1000 = 12.806 | Learner Steps = 6765 | Learner Walltime = 1313.473 | Min Dist = 4.139 | Min Dist 10 = 1.809 | Min Dist 100 = 2.924 | Min Dist 1000 = 3.562 | Steps Per Second = 77.322 | Success = 0.000 | Success 1000 = 0.602
I0502 15:28:11.822303 139579566835264 terminal.py:91] [Evaluator] Actor Episodes = 8871 | Actor Steps = 443550 | Delta Dist = 11.493 | Delta Dist 10 = 9.928 | Delta Dist 100 = 9.234 | Delta Dist 1000 = 8.654 | Episode Length = 50 | Episode Return = 5.0 | Evaluator Episodes = 2228 | Evaluator Steps = 111400 | Final Dist = 1.314 | Final Dist 10 = 2.878 | Final Dist 100 = 3.573 | Final Dist 1000 = 4.152 | Init Dist = 12.806 | Init Dist 10 = 12.806 | Init Dist 100 = 12.806 | Init Dist 1000 = 12.806 | Learner Steps = 6772 | Learner Walltime = 1314.783 | Min Dist = 0.126 | Min Dist 10 = 2.199 | Min Dist 100 = 2.964 | Min Dist 1000 = 3.556 | Steps Per Second = 82.409 | Success = 1.000 | Success 1000 = 0.602
I0502 15:28:13.002372 139579566835264 terminal.py:91] [Evaluator] Actor Episodes = 8879 | Actor Steps = 443950 | Delta Dist = 1.797 | Delta Dist 10 = 9.860 | Delta Dist 100 = 9.232 | Delta Dist 1000 = 8.654 | Episode Length = 50 | Episode Return = 0.0 | Evaluator Episodes = 2230 | Evaluator Steps = 111500 | Final Dist = 11.009 | Final Dist 10 = 2.946 | Final Dist 100 = 3.574 | Final Dist 1000 = 4.152 | Init Dist = 12.806 | Init Dist 10 = 12.806 | Init Dist 100 = 12.806 | Init Dist 1000 = 12.806 | Learner Steps = 6779 | Learner Walltime = 1316.139 | Min Dist = 10.231 | Min Dist 10 = 2.198 | Min Dist 100 = 2.960 | Min Dist 1000 = 3.555 | Steps Per Second = 81.739 | Success = 0.000 | Success 1000 = 0.602
I0502 15:28:14.186712 139579566835264 terminal.py:91] [Evaluator] Actor Episodes = 8885 | Actor Steps = 444250 | Delta Dist = 2.515 | Delta Dist 10 = 9.399 | Delta Dist 100 = 9.222 | Delta Dist 1000 = 8.645 | Episode Length = 50 | Episode Return = 0.0 | Evaluator Episodes = 2232 | Evaluator Steps = 111600 | Final Dist = 10.292 | Final Dist 10 = 3.408 | Final Dist 100 = 3.584 | Final Dist 1000 = 4.161 | Init Dist = 12.806 | Init Dist 10 = 12.806 | Init Dist 100 = 12.806 | Init Dist 1000 = 12.806 | Learner Steps = 6785 | Learner Walltime = 1317.283 | Min Dist = 10.165 | Min Dist 10 = 2.688 | Min Dist 100 = 2.961 | Min Dist 1000 = 3.566 | Steps Per Second = 84.845 | Success = 0.000 | Success 1000 = 0.601
I0502 15:28:14.652685 139569349502528 terminal.py:91] [Actor] Actor Episodes = 8891 | Actor Steps = 444550 | Delta Dist = 1.243 | Delta Dist 10 = 4.746 | Delta Dist 100 = 4.291 | Delta Dist 1000 = 4.423 | Episode Length = 50 | Episode Return = 44.0 | Evaluator Episodes = 2232 | Evaluator Steps = 111600 | Final Dist = 0.993 | Final Dist 10 = 1.728 | Final Dist 100 = 2.186 | Final Dist 1000 = 1.547 | Init Dist = 2.236 | Init Dist 10 = 6.474 | Init Dist 100 = 6.476 | Init Dist 1000 = 5.970 | Learner Steps = 6790 | Learner Walltime = 1318.424 | Min Dist = 0.072 | Min Dist 10 = 1.129 | Min Dist 100 = 0.793 | Min Dist 1000 = 0.244 | Steps Per Second = 95.628 | Success = 1.000 | Success 1000 = 0.989
I0502 15:28:14.877064 139557462840896 terminal.py:91] [Actor] Actor Episodes = 8888 | Actor Steps = 444400 | Delta Dist = -1.241 | Delta Dist 10 = 4.289 | Delta Dist 100 = 4.312 | Delta Dist 1000 = 4.418 | Episode Length = 50 | Episode Return = 0.0 | Evaluator Episodes = 2232 | Evaluator Steps = 111600 | Final Dist = 8.241 | Final Dist 10 = 1.445 | Final Dist 100 = 2.172 | Final Dist 1000 = 1.549 | Init Dist = 7.000 | Init Dist 10 = 5.734 | Init Dist 100 = 6.484 | Init Dist 1000 = 5.966 | Learner Steps = 6790 | Learner Walltime = 1318.424 | Min Dist = 0.019 | Min Dist 10 = 0.130 | Min Dist 100 = 0.792 | Min Dist 1000 = 0.244 | Steps Per Second = 80.018 | Success = 1.000 | Success 1000 = 0.989
I0502 15:28:15.439991 139579566835264 terminal.py:91] [Evaluator] Actor Episodes = 8894 | Actor Steps = 444700 | Delta Dist = 12.103 | Delta Dist 10 = 9.493 | Delta Dist 100 = 9.222 | Delta Dist 1000 = 8.638 | Episode Length = 50 | Episode Return = 13.0 | Evaluator Episodes = 2234 | Evaluator Steps = 111700 | Final Dist = 0.703 | Final Dist 10 = 3.313 | Final Dist 100 = 3.584 | Final Dist 1000 = 4.168 | Init Dist = 12.806 | Init Dist 10 = 12.806 | Init Dist 100 = 12.806 | Init Dist 1000 = 12.806 | Learner Steps = 6797 | Learner Walltime = 1319.575 | Min Dist = 0.045 | Min Dist 10 = 2.635 | Min Dist 100 = 2.962 | Min Dist 1000 = 3.571 | Steps Per Second = 79.926 | Success = 1.000 | Success 1000 = 0.601
I0502 15:28:16.212661 139555860620864 terminal.py:91] [Actor] Actor Episodes = 8899 | Actor Steps = 444950 | Delta Dist = 5.389 | Delta Dist 10 = 4.716 | Delta Dist 100 = 4.539 | Delta Dist 1000 = 4.412 | Episode Length = 50 | Episode Return = 31.0 | Evaluator Episodes = 2234 | Evaluator Steps = 111700 | Final Dist = 0.268 | Final Dist 10 = 1.133 | Final Dist 100 = 1.889 | Final Dist 1000 = 1.544 | Init Dist = 5.657 | Init Dist 10 = 5.849 | Init Dist 100 = 6.428 | Init Dist 1000 = 5.956 | Learner Steps = 6797 | Learner Walltime = 1319.575 | Min Dist = 0.085 | Min Dist 10 = 0.064 | Min Dist 100 = 0.713 | Min Dist 1000 = 0.244 | Steps Per Second = 79.093 | Success = 1.000 | Success 1000 = 0.989
I0502 15:28:16.554696 139579566835264 terminal.py:91] [Evaluator] Actor Episodes = 8902 | Actor Steps = 445100 | Delta Dist = 5.011 | Delta Dist 10 = 9.024 | Delta Dist 100 = 9.293 | Delta Dist 1000 = 8.634 | Episode Length = 50 | Episode Return = 0.0 | Evaluator Episodes = 2236 | Evaluator Steps = 111800 | Final Dist = 7.795 | Final Dist 10 = 3.782 | Final Dist 100 = 3.513 | Final Dist 1000 = 4.173 | Init Dist = 12.806 | Init Dist 10 = 12.806 | Init Dist 100 = 12.806 | Init Dist 1000 = 12.806 | Learner Steps = 6797 | Learner Walltime = 1319.575 | Min Dist = 7.112 | Min Dist 10 = 3.168 | Min Dist 100 = 2.908 | Min Dist 1000 = 3.576 | Steps Per Second = 98.966 | Success = 0.000 | Success 1000 = 0.601
I0502 15:28:17.036432 139584504182336 lp_utils.py:96] StepsLimiter: Reached 445300 recorded steps
I0502 15:28:17.265313 139558059398720 terminal.py:91] [Actor] Actor Episodes = 8910 | Actor Steps = 445500 | Delta Dist = -5.455 | Delta Dist 10 = 4.338 | Delta Dist 100 = 4.509 | Delta Dist 1000 = 4.403 | Episode Length = 50 | Episode Return = 0.0 | Evaluator Episodes = 2236 | Evaluator Steps = 111800 | Final Dist = 5.455 | Final Dist 10 = 0.900 | Final Dist 100 = 1.813 | Final Dist 1000 = 1.541 | Init Dist = 0.000 | Init Dist 10 = 5.237 | Init Dist 100 = 6.322 | Init Dist 1000 = 5.944 | Learner Steps = 6804 | Learner Walltime = 1320.887 | Min Dist = 0.000 | Min Dist 10 = 0.112 | Min Dist 100 = 0.635 | Min Dist 1000 = 0.244 | Steps Per Second = 73.976 | Success = 1.000 | Success 1000 = 0.989
I0502 15:28:17.617835 139555013154368 terminal.py:91] [Learner] Actor Episodes = 8902 | Actor Loss = 3.5247106552124023 | Actor Steps = 445100 | Binary Accuracy = 0.9960415363311768 | Categorical Accuracy = 0.41162109375 | Critic Loss = 2.003584384918213 | Entropy Mean = -15.841076850891113 | Evaluator Episodes = 2236 | Evaluator Steps = 111800 | Learner Steps = 6808 | Learner Walltime = 1321.815 | Logits Neg = -15.873384475708008 | Logits Pos = -1.965056300163269 | Logsumexp = 1.252143383026123 | Steps Per Second = 211.005
I0502 15:28:17.809246 139579566835264 terminal.py:91] [Evaluator] Actor Episodes = 8910 | Actor Steps = 445500 | Delta Dist = 7.163 | Delta Dist 10 = 8.626 | Delta Dist 100 = 9.326 | Delta Dist 1000 = 8.627 | Episode Length = 50 | Episode Return = 10.0 | Evaluator Episodes = 2238 | Evaluator Steps = 111900 | Final Dist = 5.643 | Final Dist 10 = 4.181 | Final Dist 100 = 3.481 | Final Dist 1000 = 4.180 | Init Dist = 12.806 | Init Dist 10 = 12.806 | Init Dist 100 = 12.806 | Init Dist 1000 = 12.806 | Learner Steps = 6809 | Learner Walltime = 1321.992 | Min Dist = 0.033 | Min Dist 10 = 3.473 | Min Dist 100 = 2.869 | Min Dist 1000 = 3.583 | Steps Per Second = 79.577 | Success = 1.000 | Success 1000 = 0.600
I0502 15:28:18.944530 139579566835264 terminal.py:91] [Evaluator] Actor Episodes = 8918 | Actor Steps = 445900 | Delta Dist = 12.443 | Delta Dist 10 = 7.196 | Delta Dist 100 = 9.230 | Delta Dist 1000 = 8.620 | Episode Length = 50 | Episode Return = 15.0 | Evaluator Episodes = 2240 | Evaluator Steps = 112000 | Final Dist = 0.363 | Final Dist 10 = 5.610 | Final Dist 100 = 3.577 | Final Dist 1000 = 4.187 | Init Dist = 12.806 | Init Dist 10 = 12.806 | Init Dist 100 = 12.806 | Init Dist 1000 = 12.806 | Learner Steps = 6815 | Learner Walltime = 1323.064 | Min Dist = 0.069 | Min Dist 10 = 4.481 | Min Dist 100 = 2.913 | Min Dist 1000 = 3.585 | Steps Per Second = 86.998 | Success = 1.000 | Success 1000 = 0.600
I0502 15:28:20.126899 139579566835264 terminal.py:91] [Evaluator] Actor Episodes = 8926 | Actor Steps = 446300 | Delta Dist = 5.975 | Delta Dist 10 = 8.251 | Delta Dist 100 = 9.223 | Delta Dist 1000 = 8.621 | Episode Length = 50 | Episode Return = 0.0 | Evaluator Episodes = 2242 | Evaluator Steps = 112100 | Final Dist = 6.832 | Final Dist 10 = 4.555 | Final Dist 100 = 3.583 | Final Dist 1000 = 4.185 | Init Dist = 12.806 | Init Dist 10 = 12.806 | Init Dist 100 = 12.806 | Init Dist 1000 = 12.806 | Learner Steps = 6820 | Learner Walltime = 1324.118 | Min Dist = 5.849 | Min Dist 10 = 3.415 | Min Dist 100 = 2.911 | Min Dist 1000 = 3.584 | Steps Per Second = 80.237 | Success = 0.000 | Success 1000 = 0.600
I0502 15:28:21.227781 139579566835264 terminal.py:91] [Evaluator] Actor Episodes = 8934 | Actor Steps = 446700 | Delta Dist = 11.890 | Delta Dist 10 = 7.643 | Delta Dist 100 = 9.153 | Delta Dist 1000 = 8.605 | Episode Length = 50 | Episode Return = 19.0 | Evaluator Episodes = 2244 | Evaluator Steps = 112200 | Final Dist = 0.916 | Final Dist 10 = 5.163 | Final Dist 100 = 3.654 | Final Dist 1000 = 4.201 | Init Dist = 12.806 | Init Dist 10 = 12.806 | Init Dist 100 = 12.806 | Init Dist 1000 = 12.806 | Learner Steps = 6827 | Learner Walltime = 1325.284 | Min Dist = 0.062 | Min Dist 10 = 4.048 | Min Dist 100 = 2.994 | Min Dist 1000 = 3.600 | Steps Per Second = 82.285 | Success = 1.000 | Success 1000 = 0.599
I0502 15:28:22.461711 139579566835264 terminal.py:91] [Evaluator] Actor Episodes = 8942 | Actor Steps = 447100 | Delta Dist = 11.796 | Delta Dist 10 = 7.490 | Delta Dist 100 = 9.104 | Delta Dist 1000 = 8.599 | Episode Length = 50 | Episode Return = 15.0 | Evaluator Episodes = 2246 | Evaluator Steps = 112300 | Final Dist = 1.011 | Final Dist 10 = 5.316 | Final Dist 100 = 3.702 | Final Dist 1000 = 4.207 | Init Dist = 12.806 | Init Dist 10 = 12.806 | Init Dist 100 = 12.806 | Init Dist 1000 = 12.806 | Learner Steps = 6833 | Learner Walltime = 1326.340 | Min Dist = 0.201 | Min Dist 10 = 4.151 | Min Dist 100 = 3.046 | Min Dist 1000 = 3.606 | Steps Per Second = 84.152 | Success = 1.000 | Success 1000 = 0.598
I0502 15:28:23.732518 139579566835264 terminal.py:91] [Evaluator] Actor Episodes = 8950 | Actor Steps = 447500 | Delta Dist = 11.864 | Delta Dist 10 = 8.200 | Delta Dist 100 = 9.213 | Delta Dist 1000 = 8.600 | Episode Length = 50 | Episode Return = 12.0 | Evaluator Episodes = 2248 | Evaluator Steps = 112400 | Final Dist = 0.942 | Final Dist 10 = 4.607 | Final Dist 100 = 3.594 | Final Dist 1000 = 4.207 | Init Dist = 12.806 | Init Dist 10 = 12.806 | Init Dist 100 = 12.806 | Init Dist 1000 = 12.806 | Learner Steps = 6838 | Learner Walltime = 1327.384 | Min Dist = 0.376 | Min Dist 10 = 3.445 | Min Dist 100 = 2.945 | Min Dist 1000 = 3.606 | Steps Per Second = 81.118 | Success = 1.000 | Success 1000 = 0.598
I0502 15:28:24.690401 139569349502528 terminal.py:91] [Actor] Actor Episodes = 8953 | Actor Steps = 447650 | Delta Dist = 6.717 | Delta Dist 10 = 2.792 | Delta Dist 100 = 4.047 | Delta Dist 1000 = 4.364 | Episode Length = 50 | Episode Return = 10.0 | Evaluator Episodes = 2248 | Evaluator Steps = 112400 | Final Dist = 0.355 | Final Dist 10 = 3.038 | Final Dist 100 = 1.940 | Final Dist 1000 = 1.578 | Init Dist = 7.071 | Init Dist 10 = 5.829 | Init Dist 100 = 5.987 | Init Dist 1000 = 5.942 | Learner Steps = 6838 | Learner Walltime = 1327.384 | Min Dist = 0.045 | Min Dist 10 = 0.395 | Min Dist 100 = 0.278 | Min Dist 1000 = 0.250 | Steps Per Second = 83.038 | Success = 1.000 | Success 1000 = 0.987
I0502 15:28:24.923776 139579566835264 terminal.py:91] [Evaluator] Actor Episodes = 8958 | Actor Steps = 447900 | Delta Dist = 11.778 | Delta Dist 10 = 9.669 | Delta Dist 100 = 9.299 | Delta Dist 1000 = 8.599 | Episode Length = 50 | Episode Return = 3.0 | Evaluator Episodes = 2250 | Evaluator Steps = 112500 | Final Dist = 1.029 | Final Dist 10 = 3.137 | Final Dist 100 = 3.507 | Final Dist 1000 = 4.208 | Init Dist = 12.806 | Init Dist 10 = 12.806 | Init Dist 100 = 12.806 | Init Dist 1000 = 12.806 | Learner Steps = 6843 | Learner Walltime = 1328.543 | Min Dist = 0.136 | Min Dist 10 = 2.454 | Min Dist 100 = 2.848 | Min Dist 1000 = 3.606 | Steps Per Second = 96.014 | Success = 1.000 | Success 1000 = 0.598
I0502 15:28:25.408797 139557462840896 terminal.py:91] [Actor] Actor Episodes = 8962 | Actor Steps = 448100 | Delta Dist = 3.442 | Delta Dist 10 = 3.625 | Delta Dist 100 = 3.969 | Delta Dist 1000 = 4.362 | Episode Length = 50 | Episode Return = 19.0 | Evaluator Episodes = 2250 | Evaluator Steps = 112500 | Final Dist = 0.558 | Final Dist 10 = 1.388 | Final Dist 100 = 1.968 | Final Dist 1000 = 1.580 | Init Dist = 4.000 | Init Dist 10 = 5.013 | Init Dist 100 = 5.937 | Init Dist 1000 = 5.942 | Learner Steps = 6843 | Learner Walltime = 1328.543 | Min Dist = 0.084 | Min Dist 10 = 0.125 | Min Dist 100 = 0.276 | Min Dist 1000 = 0.250 | Steps Per Second = 90.831 | Success = 1.000 | Success 1000 = 0.987
I0502 15:28:26.074061 139579566835264 terminal.py:91] [Evaluator] Actor Episodes = 8966 | Actor Steps = 448300 | Delta Dist = 11.769 | Delta Dist 10 = 9.593 | Delta Dist 100 = 9.395 | Delta Dist 1000 = 8.599 | Episode Length = 50 | Episode Return = 9.0 | Evaluator Episodes = 2252 | Evaluator Steps = 112600 | Final Dist = 1.037 | Final Dist 10 = 3.213 | Final Dist 100 = 3.411 | Final Dist 1000 = 4.207 | Init Dist = 12.806 | Init Dist 10 = 12.806 | Init Dist 100 = 12.806 | Init Dist 1000 = 12.806 | Learner Steps = 6848 | Learner Walltime = 1329.644 | Min Dist = 0.072 | Min Dist 10 = 2.487 | Min Dist 100 = 2.743 | Min Dist 1000 = 3.606 | Steps Per Second = 88.559 | Success = 1.000 | Success 1000 = 0.598
I0502 15:28:26.628654 139555860620864 terminal.py:91] [Actor] Actor Episodes = 8972 | Actor Steps = 448600 | Delta Dist = 7.457 | Delta Dist 10 = 2.556 | Delta Dist 100 = 3.911 | Delta Dist 1000 = 4.337 | Episode Length = 50 | Episode Return = 47.0 | Evaluator Episodes = 2252 | Evaluator Steps = 112600 | Final Dist = 0.353 | Final Dist 10 = 0.775 | Final Dist 100 = 1.759 | Final Dist 1000 = 1.583 | Init Dist = 7.810 | Init Dist 10 = 3.331 | Init Dist 100 = 5.670 | Init Dist 1000 = 5.919 | Learner Steps = 6848 | Learner Walltime = 1329.644 | Min Dist = 0.326 | Min Dist 10 = 0.090 | Min Dist 100 = 0.276 | Min Dist 1000 = 0.250 | Steps Per Second = 77.040 | Success = 1.000 | Success 1000 = 0.987
I0502 15:28:27.064736 139584504182336 lp_utils.py:96] StepsLimiter: Reached 448700 recorded steps
I0502 15:28:27.285696 139579566835264 terminal.py:91] [Evaluator] Actor Episodes = 8974 | Actor Steps = 448700 | Delta Dist = 11.869 | Delta Dist 10 = 10.970 | Delta Dist 100 = 9.423 | Delta Dist 1000 = 8.597 | Episode Length = 50 | Episode Return = 11.0 | Evaluator Episodes = 2254 | Evaluator Steps = 112700 | Final Dist = 0.937 | Final Dist 10 = 1.837 | Final Dist 100 = 3.383 | Final Dist 1000 = 4.209 | Init Dist = 12.806 | Init Dist 10 = 12.806 | Init Dist 100 = 12.806 | Init Dist 1000 = 12.806 | Learner Steps = 6856 | Learner Walltime = 1330.966 | Min Dist = 0.256 | Min Dist 10 = 0.943 | Min Dist 100 = 2.732 | Min Dist 1000 = 3.607 | Steps Per Second = 81.154 | Success = 1.000 | Success 1000 = 0.597
I0502 15:28:27.383914 139558059398720 terminal.py:91] [Actor] Actor Episodes = 8975 | Actor Steps = 448750 | Delta Dist = -2.695 | Delta Dist 10 = 2.961 | Delta Dist 100 = 3.845 | Delta Dist 1000 = 4.331 | Episode Length = 50 | Episode Return = 0.0 | Evaluator Episodes = 2252 | Evaluator Steps = 112600 | Final Dist = 3.695 | Final Dist 10 = 2.438 | Final Dist 100 = 1.804 | Final Dist 1000 = 1.587 | Init Dist = 1.000 | Init Dist 10 = 5.399 | Init Dist 100 = 5.649 | Init Dist 1000 = 5.918 | Learner Steps = 6848 | Learner Walltime = 1329.644 | Min Dist = 0.126 | Min Dist 10 = 0.182 | Min Dist 100 = 0.276 | Min Dist 1000 = 0.251 | Steps Per Second = 76.918 | Success = 1.000 | Success 1000 = 0.987
I0502 15:28:27.905927 139555013154368 terminal.py:91] [Learner] Actor Episodes = 8980 | Actor Loss = 3.6812744140625 | Actor Steps = 449000 | Binary Accuracy = 0.9959583282470703 | Categorical Accuracy = 0.39776611328125 | Critic Loss = 2.0666069984436035 | Entropy Mean = -17.089391708374023 | Evaluator Episodes = 2254 | Evaluator Steps = 112700 | Learner Steps = 6861 | Learner Walltime = 1332.102 | Logits Neg = -15.595024108886719 | Logits Pos = -2.0456063747406006 | Logsumexp = 1.267564296722412 | Steps Per Second = 163.016
I0502 15:28:28.411137 139579566835264 terminal.py:91] [Evaluator] Actor Episodes = 8982 | Actor Steps = 449100 | Delta Dist = 11.711 | Delta Dist 10 = 11.624 | Delta Dist 100 = 9.473 | Delta Dist 1000 = 8.598 | Episode Length = 50 | Episode Return = 24.0 | Evaluator Episodes = 2256 | Evaluator Steps = 112800 | Final Dist = 1.095 | Final Dist 10 = 1.182 | Final Dist 100 = 3.333 | Final Dist 1000 = 4.208 | Init Dist = 12.806 | Init Dist 10 = 12.806 | Init Dist 100 = 12.806 | Init Dist 1000 = 12.806 | Learner Steps = 6861 | Learner Walltime = 1332.102 | Min Dist = 0.511 | Min Dist 10 = 0.299 | Min Dist 100 = 2.672 | Min Dist 1000 = 3.607 | Steps Per Second = 86.753 | Success = 1.000 | Success 1000 = 0.597
I0502 15:28:29.433330 139579566835264 terminal.py:91] [Evaluator] Actor Episodes = 8990 | Actor Steps = 449500 | Delta Dist = 11.417 | Delta Dist 10 = 11.671 | Delta Dist 100 = 9.648 | Delta Dist 1000 = 8.598 | Episode Length = 50 | Episode Return = 13.0 | Evaluator Episodes = 2258 | Evaluator Steps = 112900 | Final Dist = 1.389 | Final Dist 10 = 1.135 | Final Dist 100 = 3.159 | Final Dist 1000 = 4.208 | Init Dist = 12.806 | Init Dist 10 = 12.806 | Init Dist 100 = 12.806 | Init Dist 1000 = 12.806 | Learner Steps = 6867 | Learner Walltime = 1333.268 | Min Dist = 0.663 | Min Dist 10 = 0.353 | Min Dist 100 = 2.508 | Min Dist 1000 = 3.607 | Steps Per Second = 94.201 | Success = 1.000 | Success 1000 = 0.597
I0502 15:28:30.630155 139579566835264 terminal.py:91] [Evaluator] Actor Episodes = 8998 | Actor Steps = 449900 | Delta Dist = 11.943 | Delta Dist 10 = 11.732 | Delta Dist 100 = 9.832 | Delta Dist 1000 = 8.616 | Episode Length = 50 | Episode Return = 25.0 | Evaluator Episodes = 2260 | Evaluator Steps = 113000 | Final Dist = 0.864 | Final Dist 10 = 1.074 | Final Dist 100 = 2.974 | Final Dist 1000 = 4.191 | Init Dist = 12.806 | Init Dist 10 = 12.806 | Init Dist 100 = 12.806 | Init Dist 1000 = 12.806 | Learner Steps = 6873 | Learner Walltime = 1334.359 | Min Dist = 0.083 | Min Dist 10 = 0.371 | Min Dist 100 = 2.317 | Min Dist 1000 = 3.591 | Steps Per Second = 77.973 | Success = 1.000 | Success 1000 = 0.599
I0502 15:28:31.777184 139579566835264 terminal.py:91] [Evaluator] Actor Episodes = 9006 | Actor Steps = 450300 | Delta Dist = 11.601 | Delta Dist 10 = 11.756 | Delta Dist 100 = 9.835 | Delta Dist 1000 = 8.626 | Episode Length = 50 | Episode Return = 20.0 | Evaluator Episodes = 2262 | Evaluator Steps = 113100 | Final Dist = 1.205 | Final Dist 10 = 1.050 | Final Dist 100 = 2.971 | Final Dist 1000 = 4.181 | Init Dist = 12.806 | Init Dist 10 = 12.806 | Init Dist 100 = 12.806 | Init Dist 1000 = 12.806 | Learner Steps = 6879 | Learner Walltime = 1335.622 | Min Dist = 0.094 | Min Dist 10 = 0.344 | Min Dist 100 = 2.315 | Min Dist 1000 = 3.580 | Steps Per Second = 90.934 | Success = 1.000 | Success 1000 = 0.600
I0502 15:28:32.578334 139583350109760 savers.py:156] Saving checkpoint: logs/contrastive_cpc_point_FourRooms_64/5dd72662-2788-11f0-b183-d85ed38c5779/checkpoints/learner
I0502 15:28:33.020621 139579566835264 terminal.py:91] [Evaluator] Actor Episodes = 9014 | Actor Steps = 450700 | Delta Dist = 11.108 | Delta Dist 10 = 11.351 | Delta Dist 100 = 9.794 | Delta Dist 1000 = 8.621 | Episode Length = 50 | Episode Return = 0.0 | Evaluator Episodes = 2264 | Evaluator Steps = 113200 | Final Dist = 1.698 | Final Dist 10 = 1.456 | Final Dist 100 = 3.012 | Final Dist 1000 = 4.185 | Init Dist = 12.806 | Init Dist 10 = 12.806 | Init Dist 100 = 12.806 | Init Dist 1000 = 12.806 | Learner Steps = 6886 | Learner Walltime = 1336.779 | Min Dist = 1.698 | Min Dist 10 = 0.830 | Min Dist 100 = 2.340 | Min Dist 1000 = 3.585 | Steps Per Second = 78.745 | Success = 0.000 | Success 1000 = 0.600
I0502 15:28:34.237965 139579566835264 terminal.py:91] [Evaluator] Actor Episodes = 9022 | Actor Steps = 451100 | Delta Dist = 11.574 | Delta Dist 10 = 11.265 | Delta Dist 100 = 9.848 | Delta Dist 1000 = 8.631 | Episode Length = 50 | Episode Return = 27.0 | Evaluator Episodes = 2266 | Evaluator Steps = 113300 | Final Dist = 1.232 | Final Dist 10 = 1.541 | Final Dist 100 = 2.958 | Final Dist 1000 = 4.175 | Init Dist = 12.806 | Init Dist 10 = 12.806 | Init Dist 100 = 12.806 | Init Dist 1000 = 12.806 | Learner Steps = 6892 | Learner Walltime = 1337.991 | Min Dist = 0.242 | Min Dist 10 = 0.971 | Min Dist 100 = 2.298 | Min Dist 1000 = 3.576 | Steps Per Second = 83.109 | Success = 1.000 | Success 1000 = 0.600
I0502 15:28:35.016532 139569349502528 terminal.py:91] [Actor] Actor Episodes = 9028 | Actor Steps = 451400 | Delta Dist = 5.304 | Delta Dist 10 = 5.853 | Delta Dist 100 = 3.936 | Delta Dist 1000 = 4.350 | Episode Length = 50 | Episode Return = 39.0 | Evaluator Episodes = 2266 | Evaluator Steps = 113300 | Final Dist = 0.696 | Final Dist 10 = 1.447 | Final Dist 100 = 1.866 | Final Dist 1000 = 1.596 | Init Dist = 6.000 | Init Dist 10 = 7.300 | Init Dist 100 = 5.802 | Init Dist 1000 = 5.947 | Learner Steps = 6892 | Learner Walltime = 1337.991 | Min Dist = 0.276 | Min Dist 10 = 0.400 | Min Dist 100 = 0.353 | Min Dist 1000 = 0.264 | Steps Per Second = 81.351 | Success = 1.000 | Success 1000 = 0.985
I0502 15:28:35.417922 139579566835264 terminal.py:91] [Evaluator] Actor Episodes = 9030 | Actor Steps = 451500 | Delta Dist = 12.538 | Delta Dist 10 = 11.182 | Delta Dist 100 = 9.837 | Delta Dist 1000 = 8.640 | Episode Length = 50 | Episode Return = 8.0 | Evaluator Episodes = 2268 | Evaluator Steps = 113400 | Final Dist = 0.268 | Final Dist 10 = 1.624 | Final Dist 100 = 2.969 | Final Dist 1000 = 4.166 | Init Dist = 12.806 | Init Dist 10 = 12.806 | Init Dist 100 = 12.806 | Init Dist 1000 = 12.806 | Learner Steps = 6898 | Learner Walltime = 1339.239 | Min Dist = 0.268 | Min Dist 10 = 0.949 | Min Dist 100 = 2.300 | Min Dist 1000 = 3.566 | Steps Per Second = 84.674 | Success = 1.000 | Success 1000 = 0.601
I0502 15:28:35.584001 139557462840896 terminal.py:91] [Actor] Actor Episodes = 9025 | Actor Steps = 451250 | Delta Dist = 4.842 | Delta Dist 10 = 5.759 | Delta Dist 100 = 4.002 | Delta Dist 1000 = 4.348 | Episode Length = 50 | Episode Return = 25.0 | Evaluator Episodes = 2266 | Evaluator Steps = 113300 | Final Dist = 0.814 | Final Dist 10 = 1.401 | Final Dist 100 = 1.884 | Final Dist 1000 = 1.601 | Init Dist = 5.657 | Init Dist 10 = 7.159 | Init Dist 100 = 5.886 | Init Dist 1000 = 5.949 | Learner Steps = 6892 | Learner Walltime = 1337.991 | Min Dist = 0.478 | Min Dist 10 = 0.442 | Min Dist 100 = 0.343 | Min Dist 1000 = 0.264 | Steps Per Second = 76.915 | Success = 1.000 | Success 1000 = 0.985
I0502 15:28:36.295966 139584635659840 savers.py:156] Saving checkpoint: logs/contrastive_cpc_point_FourRooms_64/5dd72662-2788-11f0-b183-d85ed38c5779/checkpoints/counter
I0502 15:28:36.583357 139579566835264 terminal.py:91] [Evaluator] Actor Episodes = 9038 | Actor Steps = 451900 | Delta Dist = 6.271 | Delta Dist 10 = 10.151 | Delta Dist 100 = 9.734 | Delta Dist 1000 = 8.652 | Episode Length = 50 | Episode Return = 0.0 | Evaluator Episodes = 2270 | Evaluator Steps = 113500 | Final Dist = 6.535 | Final Dist 10 = 2.655 | Final Dist 100 = 3.073 | Final Dist 1000 = 4.154 | Init Dist = 12.806 | Init Dist 10 = 12.806 | Init Dist 100 = 12.806 | Init Dist 1000 = 12.806 | Learner Steps = 6905 | Learner Walltime = 1340.514 | Min Dist = 5.878 | Min Dist 10 = 1.963 | Min Dist 100 = 2.401 | Min Dist 1000 = 3.555 | Steps Per Second = 84.500 | Success = 0.000 | Success 1000 = 0.602
I0502 15:28:36.922808 139555860620864 terminal.py:91] [Actor] Actor Episodes = 9037 | Actor Steps = 451850 | Delta Dist = 6.666 | Delta Dist 10 = 4.823 | Delta Dist 100 = 4.057 | Delta Dist 1000 = 4.354 | Episode Length = 50 | Episode Return = 34.0 | Evaluator Episodes = 2268 | Evaluator Steps = 113400 | Final Dist = 0.615 | Final Dist 10 = 1.814 | Final Dist 100 = 1.850 | Final Dist 1000 = 1.602 | Init Dist = 7.280 | Init Dist 10 = 6.637 | Init Dist 100 = 5.907 | Init Dist 1000 = 5.956 | Learner Steps = 6898 | Learner Walltime = 1339.239 | Min Dist = 0.615 | Min Dist 10 = 0.331 | Min Dist 100 = 0.346 | Min Dist 1000 = 0.267 | Steps Per Second = 80.309 | Success = 1.000 | Success 1000 = 0.985
I0502 15:28:37.085749 139584504182336 lp_utils.py:96] StepsLimiter: Reached 451900 recorded steps
I0502 15:28:37.538949 139558059398720 terminal.py:91] [Actor] Actor Episodes = 9044 | Actor Steps = 452200 | Delta Dist = 0.245 | Delta Dist 10 = 4.811 | Delta Dist 100 = 4.013 | Delta Dist 1000 = 4.359 | Episode Length = 50 | Episode Return = 41.0 | Evaluator Episodes = 2270 | Evaluator Steps = 113500 | Final Dist = 1.992 | Final Dist 10 = 1.698 | Final Dist 100 = 1.877 | Final Dist 1000 = 1.594 | Init Dist = 2.236 | Init Dist 10 = 6.509 | Init Dist 100 = 5.890 | Init Dist 1000 = 5.952 | Learner Steps = 6905 | Learner Walltime = 1340.514 | Min Dist = 0.161 | Min Dist 10 = 0.323 | Min Dist 100 = 0.353 | Min Dist 1000 = 0.267 | Steps Per Second = 78.591 | Success = 1.000 | Success 1000 = 0.985
I0502 15:28:37.842540 139579566835264 terminal.py:91] [Evaluator] Actor Episodes = 9046 | Actor Steps = 452300 | Delta Dist = 11.385 | Delta Dist 10 = 9.680 | Delta Dist 100 = 9.681 | Delta Dist 1000 = 8.647 | Episode Length = 50 | Episode Return = 12.0 | Evaluator Episodes = 2272 | Evaluator Steps = 113600 | Final Dist = 1.421 | Final Dist 10 = 3.126 | Final Dist 100 = 3.125 | Final Dist 1000 = 4.159 | Init Dist = 12.806 | Init Dist 10 = 12.806 | Init Dist 100 = 12.806 | Init Dist 1000 = 12.806 | Learner Steps = 6911 | Learner Walltime = 1341.837 | Min Dist = 0.206 | Min Dist 10 = 2.533 | Min Dist 100 = 2.456 | Min Dist 1000 = 3.560 | Steps Per Second = 79.863 | Success = 1.000 | Success 1000 = 0.601
I0502 15:28:38.236209 139555013154368 terminal.py:91] [Learner] Actor Episodes = 9046 | Actor Loss = 3.6941170692443848 | Actor Steps = 452300 | Binary Accuracy = 0.9959554672241211 | Categorical Accuracy = 0.406982421875 | Critic Loss = 1.9726487398147583 | Entropy Mean = -17.207679748535156 | Evaluator Episodes = 2270 | Evaluator Steps = 113500 | Learner Steps = 6915 | Learner Walltime = 1342.433 | Logits Neg = -15.888779640197754 | Logits Pos = -1.938934326171875 | Logsumexp = 1.239314317703247 | Steps Per Second = 156.848
I0502 15:28:38.983080 139579566835264 terminal.py:91] [Evaluator] Actor Episodes = 9054 | Actor Steps = 452700 | Delta Dist = 11.669 | Delta Dist 10 = 10.192 | Delta Dist 100 = 9.767 | Delta Dist 1000 = 8.656 | Episode Length = 50 | Episode Return = 10.0 | Evaluator Episodes = 2274 | Evaluator Steps = 113700 | Final Dist = 1.138 | Final Dist 10 = 2.615 | Final Dist 100 = 3.039 | Final Dist 1000 = 4.150 | Init Dist = 12.806 | Init Dist 10 = 12.806 | Init Dist 100 = 12.806 | Init Dist 1000 = 12.806 | Learner Steps = 6918 | Learner Walltime = 1343.063 | Min Dist = 0.296 | Min Dist 10 = 1.995 | Min Dist 100 = 2.358 | Min Dist 1000 = 3.550 | Steps Per Second = 95.649 | Success = 1.000 | Success 1000 = 0.602
I0502 15:28:40.165389 139579566835264 terminal.py:91] [Evaluator] Actor Episodes = 9062 | Actor Steps = 453100 | Delta Dist = 11.373 | Delta Dist 10 = 10.213 | Delta Dist 100 = 9.854 | Delta Dist 1000 = 8.671 | Episode Length = 50 | Episode Return = 15.0 | Evaluator Episodes = 2276 | Evaluator Steps = 113800 | Final Dist = 1.433 | Final Dist 10 = 2.593 | Final Dist 100 = 2.953 | Final Dist 1000 = 4.135 | Init Dist = 12.806 | Init Dist 10 = 12.806 | Init Dist 100 = 12.806 | Init Dist 1000 = 12.806 | Learner Steps = 6924 | Learner Walltime = 1344.116 | Min Dist = 0.145 | Min Dist 10 = 1.868 | Min Dist 100 = 2.261 | Min Dist 1000 = 3.535 | Steps Per Second = 83.954 | Success = 1.000 | Success 1000 = 0.604
I0502 15:28:41.361112 139579566835264 terminal.py:91] [Evaluator] Actor Episodes = 9070 | Actor Steps = 453500 | Delta Dist = 11.693 | Delta Dist 10 = 9.962 | Delta Dist 100 = 9.925 | Delta Dist 1000 = 8.688 | Episode Length = 50 | Episode Return = 9.0 | Evaluator Episodes = 2278 | Evaluator Steps = 113900 | Final Dist = 1.114 | Final Dist 10 = 2.844 | Final Dist 100 = 2.882 | Final Dist 1000 = 4.118 | Init Dist = 12.806 | Init Dist 10 = 12.806 | Init Dist 100 = 12.806 | Init Dist 1000 = 12.806 | Learner Steps = 6930 | Learner Walltime = 1345.229 | Min Dist = 0.074 | Min Dist 10 = 1.944 | Min Dist 100 = 2.169 | Min Dist 1000 = 3.515 | Steps Per Second = 82.103 | Success = 1.000 | Success 1000 = 0.605
I0502 15:28:42.579115 139579566835264 terminal.py:91] [Evaluator] Actor Episodes = 9078 | Actor Steps = 453900 | Delta Dist = 12.072 | Delta Dist 10 = 10.996 | Delta Dist 100 = 9.921 | Delta Dist 1000 = 8.690 | Episode Length = 50 | Episode Return = 11.0 | Evaluator Episodes = 2280 | Evaluator Steps = 114000 | Final Dist = 0.735 | Final Dist 10 = 1.811 | Final Dist 100 = 2.885 | Final Dist 1000 = 4.117 | Init Dist = 12.806 | Init Dist 10 = 12.806 | Init Dist 100 = 12.806 | Init Dist 1000 = 12.806 | Learner Steps = 6935 | Learner Walltime = 1346.242 | Min Dist = 0.194 | Min Dist 10 = 0.871 | Min Dist 100 = 2.165 | Min Dist 1000 = 3.514 | Steps Per Second = 83.471 | Success = 1.000 | Success 1000 = 0.605
I0502 15:28:43.676602 139579566835264 terminal.py:91] [Evaluator] Actor Episodes = 9086 | Actor Steps = 454300 | Delta Dist = 1.907 | Delta Dist 10 = 10.953 | Delta Dist 100 = 9.965 | Delta Dist 1000 = 8.705 | Episode Length = 50 | Episode Return = 0.0 | Evaluator Episodes = 2282 | Evaluator Steps = 114100 | Final Dist = 10.900 | Final Dist 10 = 1.853 | Final Dist 100 = 2.841 | Final Dist 1000 = 4.102 | Init Dist = 12.806 | Init Dist 10 = 12.806 | Init Dist 100 = 12.806 | Init Dist 1000 = 12.806 | Learner Steps = 6940 | Learner Walltime = 1347.292 | Min Dist = 10.248 | Min Dist 10 = 0.879 | Min Dist 100 = 2.118 | Min Dist 1000 = 3.499 | Steps Per Second = 86.417 | Success = 0.000 | Success 1000 = 0.606
I0502 15:28:44.824688 139579566835264 terminal.py:91] [Evaluator] Actor Episodes = 9092 | Actor Steps = 454600 | Delta Dist = 12.680 | Delta Dist 10 = 10.003 | Delta Dist 100 = 9.956 | Delta Dist 1000 = 8.695 | Episode Length = 50 | Episode Return = 5.0 | Evaluator Episodes = 2284 | Evaluator Steps = 114200 | Final Dist = 0.126 | Final Dist 10 = 2.803 | Final Dist 100 = 2.850 | Final Dist 1000 = 4.112 | Init Dist = 12.806 | Init Dist 10 = 12.806 | Init Dist 100 = 12.806 | Init Dist 1000 = 12.806 | Learner Steps = 6946 | Learner Walltime = 1348.362 | Min Dist = 0.099 | Min Dist 10 = 1.859 | Min Dist 100 = 2.119 | Min Dist 1000 = 3.509 | Steps Per Second = 100.937 | Success = 1.000 | Success 1000 = 0.605
I0502 15:28:45.445119 139569349502528 terminal.py:91] [Actor] Actor Episodes = 9095 | Actor Steps = 454750 | Delta Dist = 6.594 | Delta Dist 10 = 2.132 | Delta Dist 100 = 4.232 | Delta Dist 1000 = 4.337 | Episode Length = 50 | Episode Return = 35.0 | Evaluator Episodes = 2284 | Evaluator Steps = 114200 | Final Dist = 0.406 | Final Dist 10 = 4.997 | Final Dist 100 = 1.989 | Final Dist 1000 = 1.634 | Init Dist = 7.000 | Init Dist 10 = 7.129 | Init Dist 100 = 6.221 | Init Dist 1000 = 5.972 | Learner Steps = 6946 | Learner Walltime = 1348.362 | Min Dist = 0.126 | Min Dist 10 = 0.178 | Min Dist 100 = 0.412 | Min Dist 1000 = 0.270 | Steps Per Second = 80.645 | Success = 1.000 | Success 1000 = 0.984
I0502 15:28:45.747136 139557462840896 terminal.py:91] [Actor] Actor Episodes = 9096 | Actor Steps = 454800 | Delta Dist = 0.838 | Delta Dist 10 = 2.723 | Delta Dist 100 = 4.256 | Delta Dist 1000 = 4.338 | Episode Length = 50 | Episode Return = 33.0 | Evaluator Episodes = 2284 | Evaluator Steps = 114200 | Final Dist = 6.162 | Final Dist 10 = 4.465 | Final Dist 100 = 1.998 | Final Dist 1000 = 1.635 | Init Dist = 7.000 | Init Dist 10 = 7.189 | Init Dist 100 = 6.255 | Init Dist 1000 = 5.973 | Learner Steps = 6952 | Learner Walltime = 1349.544 | Min Dist = 0.012 | Min Dist 10 = 0.190 | Min Dist 100 = 0.412 | Min Dist 1000 = 0.270 | Steps Per Second = 97.423 | Success = 1.000 | Success 1000 = 0.984
I0502 15:28:46.072072 139579566835264 terminal.py:91] [Evaluator] Actor Episodes = 9102 | Actor Steps = 455100 | Delta Dist = 11.701 | Delta Dist 10 = 10.088 | Delta Dist 100 = 9.970 | Delta Dist 1000 = 8.705 | Episode Length = 50 | Episode Return = 11.0 | Evaluator Episodes = 2286 | Evaluator Steps = 114300 | Final Dist = 1.105 | Final Dist 10 = 2.718 | Final Dist 100 = 2.836 | Final Dist 1000 = 4.101 | Init Dist = 12.806 | Init Dist 10 = 12.806 | Init Dist 100 = 12.806 | Init Dist 1000 = 12.806 | Learner Steps = 6952 | Learner Walltime = 1349.544 | Min Dist = 0.132 | Min Dist 10 = 1.819 | Min Dist 100 = 2.116 | Min Dist 1000 = 3.499 | Steps Per Second = 85.666 | Success = 1.000 | Success 1000 = 0.606
I0502 15:28:47.033721 139555860620864 terminal.py:91] [Actor] Actor Episodes = 9106 | Actor Steps = 455300 | Delta Dist = 5.956 | Delta Dist 10 = 5.490 | Delta Dist 100 = 4.401 | Delta Dist 1000 = 4.355 | Episode Length = 50 | Episode Return = 35.0 | Evaluator Episodes = 2286 | Evaluator Steps = 114300 | Final Dist = 0.369 | Final Dist 10 = 1.164 | Final Dist 100 = 1.880 | Final Dist 1000 = 1.629 | Init Dist = 6.325 | Init Dist 10 = 6.654 | Init Dist 100 = 6.281 | Init Dist 1000 = 5.984 | Learner Steps = 6958 | Learner Walltime = 1350.741 | Min Dist = 0.016 | Min Dist 10 = 0.071 | Min Dist 100 = 0.291 | Min Dist 1000 = 0.270 | Steps Per Second = 83.193 | Success = 1.000 | Success 1000 = 0.984
I0502 15:28:47.105040 139584504182336 lp_utils.py:96] StepsLimiter: Reached 455400 recorded steps
I0502 15:28:47.240494 139579566835264 terminal.py:91] [Evaluator] Actor Episodes = 9108 | Actor Steps = 455400 | Delta Dist = 11.367 | Delta Dist 10 = 10.409 | Delta Dist 100 = 9.982 | Delta Dist 1000 = 8.707 | Episode Length = 50 | Episode Return = 7.0 | Evaluator Episodes = 2288 | Evaluator Steps = 114400 | Final Dist = 1.440 | Final Dist 10 = 2.397 | Final Dist 100 = 2.824 | Final Dist 1000 = 4.100 | Init Dist = 12.806 | Init Dist 10 = 12.806 | Init Dist 100 = 12.806 | Init Dist 1000 = 12.806 | Learner Steps = 6958 | Learner Walltime = 1350.741 | Min Dist = 0.294 | Min Dist 10 = 1.721 | Min Dist 100 = 2.117 | Min Dist 1000 = 3.497 | Steps Per Second = 86.104 | Success = 1.000 | Success 1000 = 0.607
I0502 15:28:47.704912 139558059398720 terminal.py:91] [Actor] Actor Episodes = 9109 | Actor Steps = 455450 | Delta Dist = 4.347 | Delta Dist 10 = 4.078 | Delta Dist 100 = 4.345 | Delta Dist 1000 = 4.343 | Episode Length = 50 | Episode Return = 16.0 | Evaluator Episodes = 2286 | Evaluator Steps = 114300 | Final Dist = 0.125 | Final Dist 10 = 1.453 | Final Dist 100 = 1.910 | Final Dist 1000 = 1.633 | Init Dist = 4.472 | Init Dist 10 = 5.531 | Init Dist 100 = 6.255 | Init Dist 1000 = 5.976 | Learner Steps = 6958 | Learner Walltime = 1350.741 | Min Dist = 0.042 | Min Dist 10 = 0.046 | Min Dist 100 = 0.279 | Min Dist 1000 = 0.269 | Steps Per Second = 81.326 | Success = 1.000 | Success 1000 = 0.984
I0502 15:28:48.240712 139555013154368 terminal.py:91] [Learner] Actor Episodes = 9110 | Actor Loss = 3.4914228916168213 | Actor Steps = 455500 | Binary Accuracy = 0.9960625171661377 | Categorical Accuracy = 0.420166015625 | Critic Loss = 2.041335105895996 | Entropy Mean = -16.78863525390625 | Evaluator Episodes = 2288 | Evaluator Steps = 114400 | Learner Steps = 6967 | Learner Walltime = 1352.441 | Logits Neg = -15.55173110961914 | Logits Pos = -1.9903262853622437 | Logsumexp = 1.2613859176635742 | Steps Per Second = 284.092
I0502 15:28:48.373547 139579566835264 terminal.py:91] [Evaluator] Actor Episodes = 9116 | Actor Steps = 455800 | Delta Dist = 11.835 | Delta Dist 10 = 10.256 | Delta Dist 100 = 10.074 | Delta Dist 1000 = 8.715 | Episode Length = 50 | Episode Return = 15.0 | Evaluator Episodes = 2290 | Evaluator Steps = 114500 | Final Dist = 0.971 | Final Dist 10 = 2.550 | Final Dist 100 = 2.732 | Final Dist 1000 = 4.091 | Init Dist = 12.806 | Init Dist 10 = 12.806 | Init Dist 100 = 12.806 | Init Dist 1000 = 12.806 | Learner Steps = 6964 | Learner Walltime = 1351.927 | Min Dist = 0.038 | Min Dist 10 = 1.746 | Min Dist 100 = 2.016 | Min Dist 1000 = 3.487 | Steps Per Second = 88.509 | Success = 1.000 | Success 1000 = 0.608
I0502 15:28:49.548197 139579566835264 terminal.py:91] [Evaluator] Actor Episodes = 9124 | Actor Steps = 456200 | Delta Dist = 11.760 | Delta Dist 10 = 10.740 | Delta Dist 100 = 10.162 | Delta Dist 1000 = 8.715 | Episode Length = 50 | Episode Return = 9.0 | Evaluator Episodes = 2292 | Evaluator Steps = 114600 | Final Dist = 1.047 | Final Dist 10 = 2.066 | Final Dist 100 = 2.644 | Final Dist 1000 = 4.091 | Init Dist = 12.806 | Init Dist 10 = 12.806 | Init Dist 100 = 12.806 | Init Dist 1000 = 12.806 | Learner Steps = 6970 | Learner Walltime = 1353.089 | Min Dist = 0.184 | Min Dist 10 = 1.155 | Min Dist 100 = 1.913 | Min Dist 1000 = 3.486 | Steps Per Second = 84.067 | Success = 1.000 | Success 1000 = 0.608
I0502 15:28:50.774277 139579566835264 terminal.py:91] [Evaluator] Actor Episodes = 9130 | Actor Steps = 456500 | Delta Dist = 11.678 | Delta Dist 10 = 11.809 | Delta Dist 100 = 10.155 | Delta Dist 1000 = 8.725 | Episode Length = 50 | Episode Return = 26.0 | Evaluator Episodes = 2294 | Evaluator Steps = 114700 | Final Dist = 1.128 | Final Dist 10 = 0.998 | Final Dist 100 = 2.651 | Final Dist 1000 = 4.081 | Init Dist = 12.806 | Init Dist 10 = 12.806 | Init Dist 100 = 12.806 | Init Dist 1000 = 12.806 | Learner Steps = 6977 | Learner Walltime = 1354.310 | Min Dist = 0.124 | Min Dist 10 = 0.152 | Min Dist 100 = 1.913 | Min Dist 1000 = 3.476 | Steps Per Second = 83.471 | Success = 1.000 | Success 1000 = 0.609
I0502 15:28:52.013432 139579566835264 terminal.py:91] [Evaluator] Actor Episodes = 9138 | Actor Steps = 456900 | Delta Dist = 11.475 | Delta Dist 10 = 11.737 | Delta Dist 100 = 10.153 | Delta Dist 1000 = 8.725 | Episode Length = 50 | Episode Return = 6.0 | Evaluator Episodes = 2296 | Evaluator Steps = 114800 | Final Dist = 1.331 | Final Dist 10 = 1.069 | Final Dist 100 = 2.653 | Final Dist 1000 = 4.081 | Init Dist = 12.806 | Init Dist 10 = 12.806 | Init Dist 100 = 12.806 | Init Dist 1000 = 12.806 | Learner Steps = 6983 | Learner Walltime = 1355.553 | Min Dist = 0.342 | Min Dist 10 = 0.148 | Min Dist 100 = 1.908 | Min Dist 1000 = 3.476 | Steps Per Second = 81.654 | Success = 1.000 | Success 1000 = 0.609
I0502 15:28:53.127916 139579566835264 terminal.py:91] [Evaluator] Actor Episodes = 9146 | Actor Steps = 457300 | Delta Dist = 12.437 | Delta Dist 10 = 11.612 | Delta Dist 100 = 10.142 | Delta Dist 1000 = 8.725 | Episode Length = 50 | Episode Return = 15.0 | Evaluator Episodes = 2298 | Evaluator Steps = 114900 | Final Dist = 0.369 | Final Dist 10 = 1.194 | Final Dist 100 = 2.664 | Final Dist 1000 = 4.081 | Init Dist = 12.806 | Init Dist 10 = 12.806 | Init Dist 100 = 12.806 | Init Dist 1000 = 12.806 | Learner Steps = 6989 | Learner Walltime = 1356.823 | Min Dist = 0.319 | Min Dist 10 = 0.170 | Min Dist 100 = 1.906 | Min Dist 1000 = 3.475 | Steps Per Second = 86.384 | Success = 1.000 | Success 1000 = 0.610
I0502 15:28:54.282453 139579566835264 terminal.py:91] [Evaluator] Actor Episodes = 9154 | Actor Steps = 457700 | Delta Dist = 2.485 | Delta Dist 10 = 10.856 | Delta Dist 100 = 10.143 | Delta Dist 1000 = 8.726 | Episode Length = 50 | Episode Return = 0.0 | Evaluator Episodes = 2300 | Evaluator Steps = 115000 | Final Dist = 10.321 | Final Dist 10 = 1.950 | Final Dist 100 = 2.663 | Final Dist 1000 = 4.080 | Init Dist = 12.806 | Init Dist 10 = 12.806 | Init Dist 100 = 12.806 | Init Dist 1000 = 12.806 | Learner Steps = 6995 | Learner Walltime = 1357.942 | Min Dist = 10.123 | Min Dist 10 = 1.186 | Min Dist 100 = 1.906 | Min Dist 1000 = 3.475 | Steps Per Second = 85.737 | Success = 0.000 | Success 1000 = 0.610
I0502 15:28:55.471402 139579566835264 terminal.py:91] [Evaluator] Actor Episodes = 9164 | Actor Steps = 458200 | Delta Dist = 11.809 | Delta Dist 10 = 8.970 | Delta Dist 100 = 9.939 | Delta Dist 1000 = 8.708 | Episode Length = 50 | Episode Return = 5.0 | Evaluator Episodes = 2302 | Evaluator Steps = 115100 | Final Dist = 0.998 | Final Dist 10 = 3.837 | Final Dist 100 = 2.867 | Final Dist 1000 = 4.099 | Init Dist = 12.806 | Init Dist 10 = 12.806 | Init Dist 100 = 12.806 | Init Dist 1000 = 12.806 | Learner Steps = 7001 | Learner Walltime = 1359.102 | Min Dist = 0.651 | Min Dist 10 = 3.210 | Min Dist 100 = 2.108 | Min Dist 1000 = 3.495 | Steps Per Second = 81.968 | Success = 1.000 | Success 1000 = 0.608
I0502 15:28:55.689112 139569349502528 terminal.py:91] [Actor] Actor Episodes = 9166 | Actor Steps = 458300 | Delta Dist = 5.763 | Delta Dist 10 = 4.151 | Delta Dist 100 = 3.995 | Delta Dist 1000 = 4.326 | Episode Length = 50 | Episode Return = 18.0 | Evaluator Episodes = 2302 | Evaluator Steps = 115100 | Final Dist = 1.517 | Final Dist 10 = 2.298 | Final Dist 100 = 1.711 | Final Dist 1000 = 1.625 | Init Dist = 7.280 | Init Dist 10 = 6.449 | Init Dist 100 = 5.706 | Init Dist 1000 = 5.950 | Learner Steps = 7001 | Learner Walltime = 1359.102 | Min Dist = 0.067 | Min Dist 10 = 1.498 | Min Dist 100 = 0.295 | Min Dist 1000 = 0.272 | Steps Per Second = 78.580 | Success = 1.000 | Success 1000 = 0.985
I0502 15:28:56.118655 139557462840896 terminal.py:91] [Actor] Actor Episodes = 9161 | Actor Steps = 458050 | Delta Dist = 8.691 | Delta Dist 10 = 3.544 | Delta Dist 100 = 3.941 | Delta Dist 1000 = 4.320 | Episode Length = 50 | Episode Return = 0.0 | Evaluator Episodes = 2300 | Evaluator Steps = 115000 | Final Dist = 1.507 | Final Dist 10 = 2.227 | Final Dist 100 = 1.750 | Final Dist 1000 = 1.627 | Init Dist = 10.198 | Init Dist 10 = 5.772 | Init Dist 100 = 5.691 | Init Dist 1000 = 5.947 | Learner Steps = 7001 | Learner Walltime = 1359.102 | Min Dist = 0.681 | Min Dist 10 = 2.060 | Min Dist 100 = 0.353 | Min Dist 1000 = 0.277 | Steps Per Second = 73.465 | Success = 1.000 | Success 1000 = 0.985
I0502 15:28:56.635806 139579566835264 terminal.py:91] [Evaluator] Actor Episodes = 9166 | Actor Steps = 458300 | Delta Dist = 5.747 | Delta Dist 10 = 8.889 | Delta Dist 100 = 10.031 | Delta Dist 1000 = 8.707 | Episode Length = 50 | Episode Return = 0.0 | Evaluator Episodes = 2304 | Evaluator Steps = 115200 | Final Dist = 7.060 | Final Dist 10 = 3.917 | Final Dist 100 = 2.775 | Final Dist 1000 = 4.099 | Init Dist = 12.806 | Init Dist 10 = 12.806 | Init Dist 100 = 12.806 | Init Dist 1000 = 12.806 | Learner Steps = 7008 | Learner Walltime = 1360.376 | Min Dist = 6.269 | Min Dist 10 = 3.306 | Min Dist 100 = 2.016 | Min Dist 1000 = 3.495 | Steps Per Second = 87.951 | Success = 0.000 | Success 1000 = 0.608
I0502 15:28:57.122466 139584504182336 lp_utils.py:96] StepsLimiter: Reached 458700 recorded steps
I0502 15:28:57.355193 139555860620864 terminal.py:91] [Actor] Actor Episodes = 9171 | Actor Steps = 458550 | Delta Dist = 6.319 | Delta Dist 10 = 3.923 | Delta Dist 100 = 4.025 | Delta Dist 1000 = 4.321 | Episode Length = 50 | Episode Return = 39.0 | Evaluator Episodes = 2304 | Evaluator Steps = 115200 | Final Dist = 0.961 | Final Dist 10 = 1.910 | Final Dist 100 = 1.657 | Final Dist 1000 = 1.634 | Init Dist = 7.280 | Init Dist 10 = 5.833 | Init Dist 100 = 5.682 | Init Dist 1000 = 5.954 | Learner Steps = 7008 | Learner Walltime = 1360.376 | Min Dist = 0.101 | Min Dist 10 = 0.730 | Min Dist 100 = 0.355 | Min Dist 1000 = 0.278 | Steps Per Second = 75.597 | Success = 1.000 | Success 1000 = 0.985
I0502 15:28:57.833888 139579566835264 terminal.py:91] [Evaluator] Actor Episodes = 9174 | Actor Steps = 458700 | Delta Dist = 6.261 | Delta Dist 10 = 8.107 | Delta Dist 100 = 10.049 | Delta Dist 1000 = 8.700 | Episode Length = 50 | Episode Return = 0.0 | Evaluator Episodes = 2306 | Evaluator Steps = 115300 | Final Dist = 6.545 | Final Dist 10 = 4.699 | Final Dist 100 = 2.757 | Final Dist 1000 = 4.107 | Init Dist = 12.806 | Init Dist 10 = 12.806 | Init Dist 100 = 12.806 | Init Dist 1000 = 12.806 | Learner Steps = 7014 | Learner Walltime = 1361.620 | Min Dist = 5.837 | Min Dist 10 = 4.192 | Min Dist 100 = 2.003 | Min Dist 1000 = 3.504 | Steps Per Second = 85.250 | Success = 0.000 | Success 1000 = 0.606
I0502 15:28:57.896637 139558059398720 terminal.py:91] [Actor] Actor Episodes = 9178 | Actor Steps = 458900 | Delta Dist = 4.276 | Delta Dist 10 = 5.798 | Delta Dist 100 = 4.168 | Delta Dist 1000 = 4.335 | Episode Length = 50 | Episode Return = 35.0 | Evaluator Episodes = 2306 | Evaluator Steps = 115300 | Final Dist = 0.724 | Final Dist 10 = 0.660 | Final Dist 100 = 1.651 | Final Dist 1000 = 1.634 | Init Dist = 5.000 | Init Dist 10 = 6.458 | Init Dist 100 = 5.819 | Init Dist 1000 = 5.969 | Learner Steps = 7014 | Learner Walltime = 1361.620 | Min Dist = 0.542 | Min Dist 10 = 0.093 | Min Dist 100 = 0.356 | Min Dist 1000 = 0.278 | Steps Per Second = 85.353 | Success = 1.000 | Success 1000 = 0.985
I0502 15:28:58.596764 139555013154368 terminal.py:91] [Learner] Actor Episodes = 9182 | Actor Loss = 3.7192516326904297 | Actor Steps = 459100 | Binary Accuracy = 0.9960122108459473 | Categorical Accuracy = 0.421142578125 | Critic Loss = 1.9530284404754639 | Entropy Mean = -18.116260528564453 | Evaluator Episodes = 2306 | Evaluator Steps = 115300 | Learner Steps = 7021 | Learner Walltime = 1362.796 | Logits Neg = -16.055091857910156 | Logits Pos = -1.9355316162109375 | Logsumexp = 1.3712637424468994 | Steps Per Second = 161.926
I0502 15:28:59.041112 139579566835264 terminal.py:91] [Evaluator] Actor Episodes = 9182 | Actor Steps = 459100 | Delta Dist = 5.244 | Delta Dist 10 = 7.628 | Delta Dist 100 = 9.989 | Delta Dist 1000 = 8.705 | Episode Length = 50 | Episode Return = 0.0 | Evaluator Episodes = 2308 | Evaluator Steps = 115400 | Final Dist = 7.562 | Final Dist 10 = 5.178 | Final Dist 100 = 2.817 | Final Dist 1000 = 4.102 | Init Dist = 12.806 | Init Dist 10 = 12.806 | Init Dist 100 = 12.806 | Init Dist 1000 = 12.806 | Learner Steps = 7021 | Learner Walltime = 1362.796 | Min Dist = 6.974 | Min Dist 10 = 4.739 | Min Dist 100 = 2.058 | Min Dist 1000 = 3.500 | Steps Per Second = 83.035 | Success = 0.000 | Success 1000 = 0.606
I0502 15:29:00.368165 139579566835264 terminal.py:91] [Evaluator] Actor Episodes = 9190 | Actor Steps = 459500 | Delta Dist = 12.460 | Delta Dist 10 = 7.916 | Delta Dist 100 = 9.925 | Delta Dist 1000 = 8.704 | Episode Length = 50 | Episode Return = 1.0 | Evaluator Episodes = 2310 | Evaluator Steps = 115500 | Final Dist = 0.346 | Final Dist 10 = 4.890 | Final Dist 100 = 2.881 | Final Dist 1000 = 4.102 | Init Dist = 12.806 | Init Dist 10 = 12.806 | Init Dist 100 = 12.806 | Init Dist 1000 = 12.806 | Learner Steps = 7027 | Learner Walltime = 1364.048 | Min Dist = 0.346 | Min Dist 10 = 4.396 | Min Dist 100 = 2.124 | Min Dist 1000 = 3.501 | Steps Per Second = 72.479 | Success = 1.000 | Success 1000 = 0.606
I0502 15:29:01.660509 139579566835264 terminal.py:91] [Evaluator] Actor Episodes = 9198 | Actor Steps = 459900 | Delta Dist = 11.716 | Delta Dist 10 = 9.928 | Delta Dist 100 = 10.036 | Delta Dist 1000 = 8.725 | Episode Length = 50 | Episode Return = 8.0 | Evaluator Episodes = 2312 | Evaluator Steps = 115600 | Final Dist = 1.090 | Final Dist 10 = 2.878 | Final Dist 100 = 2.770 | Final Dist 1000 = 4.081 | Init Dist = 12.806 | Init Dist 10 = 12.806 | Init Dist 100 = 12.806 | Init Dist 1000 = 12.806 | Learner Steps = 7033 | Learner Walltime = 1365.405 | Min Dist = 0.443 | Min Dist 10 = 2.411 | Min Dist 100 = 2.013 | Min Dist 1000 = 3.480 | Steps Per Second = 77.036 | Success = 1.000 | Success 1000 = 0.608
I0502 15:29:02.970159 139579566835264 terminal.py:91] [Evaluator] Actor Episodes = 9206 | Actor Steps = 460300 | Delta Dist = 11.859 | Delta Dist 10 = 9.974 | Delta Dist 100 = 10.043 | Delta Dist 1000 = 8.725 | Episode Length = 50 | Episode Return = 20.0 | Evaluator Episodes = 2314 | Evaluator Steps = 115700 | Final Dist = 0.947 | Final Dist 10 = 2.832 | Final Dist 100 = 2.764 | Final Dist 1000 = 4.081 | Init Dist = 12.806 | Init Dist 10 = 12.806 | Init Dist 100 = 12.806 | Init Dist 1000 = 12.806 | Learner Steps = 7040 | Learner Walltime = 1366.751 | Min Dist = 0.074 | Min Dist 10 = 2.329 | Min Dist 100 = 1.996 | Min Dist 1000 = 3.480 | Steps Per Second = 77.052 | Success = 1.000 | Success 1000 = 0.608
I0502 15:29:04.233299 139579566835264 terminal.py:91] [Evaluator] Actor Episodes = 9216 | Actor Steps = 460800 | Delta Dist = 11.295 | Delta Dist 10 = 10.744 | Delta Dist 100 = 10.043 | Delta Dist 1000 = 8.737 | Episode Length = 50 | Episode Return = 15.0 | Evaluator Episodes = 2316 | Evaluator Steps = 115800 | Final Dist = 1.512 | Final Dist 10 = 2.062 | Final Dist 100 = 2.763 | Final Dist 1000 = 4.069 | Init Dist = 12.806 | Init Dist 10 = 12.806 | Init Dist 100 = 12.806 | Init Dist 1000 = 12.806 | Learner Steps = 7046 | Learner Walltime = 1367.959 | Min Dist = 0.214 | Min Dist 10 = 1.445 | Min Dist 100 = 1.987 | Min Dist 1000 = 3.470 | Steps Per Second = 79.205 | Success = 1.000 | Success 1000 = 0.609
I0502 15:29:05.366532 139579566835264 terminal.py:91] [Evaluator] Actor Episodes = 9222 | Actor Steps = 461100 | Delta Dist = 12.660 | Delta Dist 10 = 11.239 | Delta Dist 100 = 10.046 | Delta Dist 1000 = 8.735 | Episode Length = 50 | Episode Return = 14.0 | Evaluator Episodes = 2318 | Evaluator Steps = 115900 | Final Dist = 0.146 | Final Dist 10 = 1.568 | Final Dist 100 = 2.761 | Final Dist 1000 = 4.071 | Init Dist = 12.806 | Init Dist 10 = 12.806 | Init Dist 100 = 12.806 | Init Dist 1000 = 12.806 | Learner Steps = 7051 | Learner Walltime = 1369.078 | Min Dist = 0.119 | Min Dist 10 = 0.958 | Min Dist 100 = 1.995 | Min Dist 1000 = 3.470 | Steps Per Second = 91.604 | Success = 1.000 | Success 1000 = 0.609
I0502 15:29:05.709478 139569349502528 terminal.py:91] [Actor] Actor Episodes = 9230 | Actor Steps = 461500 | Delta Dist = -0.814 | Delta Dist 10 = 4.731 | Delta Dist 100 = 4.386 | Delta Dist 1000 = 4.346 | Episode Length = 50 | Episode Return = 31.0 | Evaluator Episodes = 2318 | Evaluator Steps = 115900 | Final Dist = 1.814 | Final Dist 10 = 0.846 | Final Dist 100 = 1.220 | Final Dist 1000 = 1.618 | Init Dist = 1.000 | Init Dist 10 = 5.577 | Init Dist 100 = 5.605 | Init Dist 1000 = 5.964 | Learner Steps = 7051 | Learner Walltime = 1369.078 | Min Dist = 0.107 | Min Dist 10 = 0.070 | Min Dist 100 = 0.359 | Min Dist 1000 = 0.285 | Steps Per Second = 83.685 | Success = 1.000 | Success 1000 = 0.985
I0502 15:29:06.216326 139557462840896 terminal.py:91] [Actor] Actor Episodes = 9227 | Actor Steps = 461350 | Delta Dist = 1.500 | Delta Dist 10 = 4.037 | Delta Dist 100 = 4.268 | Delta Dist 1000 = 4.336 | Episode Length = 50 | Episode Return = 34.0 | Evaluator Episodes = 2318 | Evaluator Steps = 115900 | Final Dist = 0.500 | Final Dist 10 = 1.123 | Final Dist 100 = 1.221 | Final Dist 1000 = 1.620 | Init Dist = 2.000 | Init Dist 10 = 5.161 | Init Dist 100 = 5.489 | Init Dist 1000 = 5.956 | Learner Steps = 7051 | Learner Walltime = 1369.078 | Min Dist = 0.006 | Min Dist 10 = 0.059 | Min Dist 100 = 0.359 | Min Dist 1000 = 0.285 | Steps Per Second = 83.443 | Success = 1.000 | Success 1000 = 0.985
I0502 15:29:06.482575 139579566835264 terminal.py:91] [Evaluator] Actor Episodes = 9230 | Actor Steps = 461500 | Delta Dist = 4.714 | Delta Dist 10 = 11.845 | Delta Dist 100 = 10.048 | Delta Dist 1000 = 8.747 | Episode Length = 50 | Episode Return = 0.0 | Evaluator Episodes = 2320 | Evaluator Steps = 116000 | Final Dist = 8.092 | Final Dist 10 = 0.961 | Final Dist 100 = 2.758 | Final Dist 1000 = 4.059 | Init Dist = 12.806 | Init Dist 10 = 12.806 | Init Dist 100 = 12.806 | Init Dist 1000 = 12.806 | Learner Steps = 7057 | Learner Walltime = 1370.251 | Min Dist = 7.577 | Min Dist 10 = 0.296 | Min Dist 100 = 1.996 | Min Dist 1000 = 3.458 | Steps Per Second = 79.948 | Success = 0.000 | Success 1000 = 0.611
I0502 15:29:07.138569 139584504182336 lp_utils.py:96] StepsLimiter: Reached 461900 recorded steps
I0502 15:29:07.685045 139579566835264 terminal.py:91] [Evaluator] Actor Episodes = 9238 | Actor Steps = 461900 | Delta Dist = 12.333 | Delta Dist 10 = 11.009 | Delta Dist 100 = 10.028 | Delta Dist 1000 = 8.746 | Episode Length = 50 | Episode Return = 13.0 | Evaluator Episodes = 2322 | Evaluator Steps = 116100 | Final Dist = 0.473 | Final Dist 10 = 1.797 | Final Dist 100 = 2.778 | Final Dist 1000 = 4.060 | Init Dist = 12.806 | Init Dist 10 = 12.806 | Init Dist 100 = 12.806 | Init Dist 1000 = 12.806 | Learner Steps = 7063 | Learner Walltime = 1371.289 | Min Dist = 0.126 | Min Dist 10 = 1.034 | Min Dist 100 = 2.016 | Min Dist 1000 = 3.458 | Steps Per Second = 87.148 | Success = 1.000 | Success 1000 = 0.611
I0502 15:29:07.876667 139555860620864 terminal.py:91] [Actor] Actor Episodes = 9240 | Actor Steps = 462000 | Delta Dist = 2.822 | Delta Dist 10 = 3.823 | Delta Dist 100 = 4.345 | Delta Dist 1000 = 4.299 | Episode Length = 50 | Episode Return = 39.0 | Evaluator Episodes = 2322 | Evaluator Steps = 116100 | Final Dist = 0.178 | Final Dist 10 = 0.337 | Final Dist 100 = 1.174 | Final Dist 1000 = 1.612 | Init Dist = 3.000 | Init Dist 10 = 4.159 | Init Dist 100 = 5.519 | Init Dist 1000 = 5.910 | Learner Steps = 7063 | Learner Walltime = 1371.289 | Min Dist = 0.025 | Min Dist 10 = 0.058 | Min Dist 100 = 0.348 | Min Dist 1000 = 0.285 | Steps Per Second = 80.009 | Success = 1.000 | Success 1000 = 0.985
I0502 15:29:08.006433 139558059398720 terminal.py:91] [Actor] Actor Episodes = 9242 | Actor Steps = 462100 | Delta Dist = 9.087 | Delta Dist 10 = 3.779 | Delta Dist 100 = 4.302 | Delta Dist 1000 = 4.304 | Episode Length = 50 | Episode Return = 29.0 | Evaluator Episodes = 2322 | Evaluator Steps = 116100 | Final Dist = 0.399 | Final Dist 10 = 0.480 | Final Dist 100 = 1.171 | Final Dist 1000 = 1.607 | Init Dist = 9.487 | Init Dist 10 = 4.259 | Init Dist 100 = 5.473 | Init Dist 1000 = 5.911 | Learner Steps = 7063 | Learner Walltime = 1371.289 | Min Dist = 0.232 | Min Dist 10 = 0.052 | Min Dist 100 = 0.348 | Min Dist 1000 = 0.285 | Steps Per Second = 85.492 | Success = 1.000 | Success 1000 = 0.985
I0502 15:29:08.621317 139555013154368 terminal.py:91] [Learner] Actor Episodes = 9242 | Actor Loss = 3.603998899459839 | Actor Steps = 462100 | Binary Accuracy = 0.9959681034088135 | Categorical Accuracy = 0.40789794921875 | Critic Loss = 1.9959923028945923 | Entropy Mean = -17.088699340820312 | Evaluator Episodes = 2322 | Evaluator Steps = 116100 | Learner Steps = 7070 | Learner Walltime = 1372.814 | Logits Neg = -16.344284057617188 | Logits Pos = -1.9617459774017334 | Logsumexp = 1.2865965366363525 | Steps Per Second = 244.042
I0502 15:29:09.009178 139579566835264 terminal.py:91] [Evaluator] Actor Episodes = 9246 | Actor Steps = 462300 | Delta Dist = 6.655 | Delta Dist 10 = 11.113 | Delta Dist 100 = 10.144 | Delta Dist 1000 = 8.759 | Episode Length = 50 | Episode Return = 10.0 | Evaluator Episodes = 2324 | Evaluator Steps = 116200 | Final Dist = 6.151 | Final Dist 10 = 1.693 | Final Dist 100 = 2.663 | Final Dist 1000 = 4.047 | Init Dist = 12.806 | Init Dist 10 = 12.806 | Init Dist 100 = 12.806 | Init Dist 1000 = 12.806 | Learner Steps = 7068 | Learner Walltime = 1372.338 | Min Dist = 0.049 | Min Dist 10 = 1.002 | Min Dist 100 = 1.910 | Min Dist 1000 = 3.447 | Steps Per Second = 75.442 | Success = 1.000 | Success 1000 = 0.612
I0502 15:29:10.278142 139579566835264 terminal.py:91] [Evaluator] Actor Episodes = 9256 | Actor Steps = 462800 | Delta Dist = 12.150 | Delta Dist 10 = 10.694 | Delta Dist 100 = 10.099 | Delta Dist 1000 = 8.764 | Episode Length = 50 | Episode Return = 19.0 | Evaluator Episodes = 2326 | Evaluator Steps = 116300 | Final Dist = 0.656 | Final Dist 10 = 2.112 | Final Dist 100 = 2.707 | Final Dist 1000 = 4.042 | Init Dist = 12.806 | Init Dist 10 = 12.806 | Init Dist 100 = 12.806 | Init Dist 1000 = 12.806 | Learner Steps = 7073 | Learner Walltime = 1373.457 | Min Dist = 0.174 | Min Dist 10 = 1.004 | Min Dist 100 = 1.907 | Min Dist 1000 = 3.437 | Steps Per Second = 94.097 | Success = 1.000 | Success 1000 = 0.613
I0502 15:29:11.534395 139579566835264 terminal.py:91] [Evaluator] Actor Episodes = 9262 | Actor Steps = 463100 | Delta Dist = 11.085 | Delta Dist 10 = 10.797 | Delta Dist 100 = 10.133 | Delta Dist 1000 = 8.771 | Episode Length = 50 | Episode Return = 1.0 | Evaluator Episodes = 2328 | Evaluator Steps = 116400 | Final Dist = 1.721 | Final Dist 10 = 2.009 | Final Dist 100 = 2.674 | Final Dist 1000 = 4.036 | Init Dist = 12.806 | Init Dist 10 = 12.806 | Init Dist 100 = 12.806 | Init Dist 1000 = 12.806 | Learner Steps = 7079 | Learner Walltime = 1374.575 | Min Dist = 0.180 | Min Dist 10 = 0.914 | Min Dist 100 = 1.867 | Min Dist 1000 = 3.430 | Steps Per Second = 83.747 | Success = 1.000 | Success 1000 = 0.614
I0502 15:29:12.890568 139579566835264 terminal.py:91] [Evaluator] Actor Episodes = 9272 | Actor Steps = 463600 | Delta Dist = 12.233 | Delta Dist 10 = 10.629 | Delta Dist 100 = 10.125 | Delta Dist 1000 = 8.779 | Episode Length = 50 | Episode Return = 17.0 | Evaluator Episodes = 2330 | Evaluator Steps = 116500 | Final Dist = 0.573 | Final Dist 10 = 2.177 | Final Dist 100 = 2.682 | Final Dist 1000 = 4.027 | Init Dist = 12.806 | Init Dist 10 = 12.806 | Init Dist 100 = 12.806 | Init Dist 1000 = 12.806 | Learner Steps = 7091 | Learner Walltime = 1376.939 | Min Dist = 0.075 | Min Dist 10 = 0.895 | Min Dist 100 = 1.866 | Min Dist 1000 = 3.420 | Steps Per Second = 76.427 | Success = 1.000 | Success 1000 = 0.615
I0502 15:29:14.180765 139579566835264 terminal.py:91] [Evaluator] Actor Episodes = 9280 | Actor Steps = 464000 | Delta Dist = 12.579 | Delta Dist 10 = 11.441 | Delta Dist 100 = 10.232 | Delta Dist 1000 = 8.790 | Episode Length = 50 | Episode Return = 10.0 | Evaluator Episodes = 2332 | Evaluator Steps = 116600 | Final Dist = 0.227 | Final Dist 10 = 1.366 | Final Dist 100 = 2.574 | Final Dist 1000 = 4.016 | Init Dist = 12.806 | Init Dist 10 = 12.806 | Init Dist 100 = 12.806 | Init Dist 1000 = 12.806 | Learner Steps = 7097 | Learner Walltime = 1378.220 | Min Dist = 0.176 | Min Dist 10 = 0.158 | Min Dist 100 = 1.763 | Min Dist 1000 = 3.409 | Steps Per Second = 75.018 | Success = 1.000 | Success 1000 = 0.616
I0502 15:29:15.474532 139579566835264 terminal.py:91] [Evaluator] Actor Episodes = 9288 | Actor Steps = 464400 | Delta Dist = 11.485 | Delta Dist 10 = 11.469 | Delta Dist 100 = 10.341 | Delta Dist 1000 = 8.791 | Episode Length = 50 | Episode Return = 9.0 | Evaluator Episodes = 2334 | Evaluator Steps = 116700 | Final Dist = 1.321 | Final Dist 10 = 1.337 | Final Dist 100 = 2.465 | Final Dist 1000 = 4.015 | Init Dist = 12.806 | Init Dist 10 = 12.806 | Init Dist 100 = 12.806 | Init Dist 1000 = 12.806 | Learner Steps = 7102 | Learner Walltime = 1379.294 | Min Dist = 0.410 | Min Dist 10 = 0.159 | Min Dist 100 = 1.662 | Min Dist 1000 = 3.409 | Steps Per Second = 74.753 | Success = 1.000 | Success 1000 = 0.616
I0502 15:29:15.903457 139569349502528 terminal.py:91] [Actor] Actor Episodes = 9294 | Actor Steps = 464700 | Delta Dist = 7.290 | Delta Dist 10 = 4.952 | Delta Dist 100 = 4.046 | Delta Dist 1000 = 4.282 | Episode Length = 50 | Episode Return = 0.0 | Evaluator Episodes = 2334 | Evaluator Steps = 116700 | Final Dist = 0.326 | Final Dist 10 = 1.287 | Final Dist 100 = 1.261 | Final Dist 1000 = 1.627 | Init Dist = 7.616 | Init Dist 10 = 6.239 | Init Dist 100 = 5.308 | Init Dist 1000 = 5.909 | Learner Steps = 7102 | Learner Walltime = 1379.294 | Min Dist = 0.142 | Min Dist 10 = 0.135 | Min Dist 100 = 0.187 | Min Dist 1000 = 0.287 | Steps Per Second = 72.726 | Success = 1.000 | Success 1000 = 0.986
I0502 15:29:16.627792 139557462840896 terminal.py:91] [Actor] Actor Episodes = 9298 | Actor Steps = 464900 | Delta Dist = 3.046 | Delta Dist 10 = 4.890 | Delta Dist 100 = 4.096 | Delta Dist 1000 = 4.284 | Episode Length = 50 | Episode Return = 27.0 | Evaluator Episodes = 2334 | Evaluator Steps = 116700 | Final Dist = 0.560 | Final Dist 10 = 1.524 | Final Dist 100 = 1.251 | Final Dist 1000 = 1.630 | Init Dist = 3.606 | Init Dist 10 = 6.414 | Init Dist 100 = 5.347 | Init Dist 1000 = 5.914 | Learner Steps = 7108 | Learner Walltime = 1380.420 | Min Dist = 0.109 | Min Dist 10 = 0.097 | Min Dist 100 = 0.190 | Min Dist 1000 = 0.287 | Steps Per Second = 96.828 | Success = 1.000 | Success 1000 = 0.986
I0502 15:29:16.714762 139579566835264 terminal.py:91] [Evaluator] Actor Episodes = 9298 | Actor Steps = 464900 | Delta Dist = 11.613 | Delta Dist 10 = 11.942 | Delta Dist 100 = 10.391 | Delta Dist 1000 = 8.793 | Episode Length = 50 | Episode Return = 18.0 | Evaluator Episodes = 2336 | Evaluator Steps = 116800 | Final Dist = 1.193 | Final Dist 10 = 0.864 | Final Dist 100 = 2.416 | Final Dist 1000 = 4.013 | Init Dist = 12.806 | Init Dist 10 = 12.806 | Init Dist 100 = 12.806 | Init Dist 1000 = 12.806 | Learner Steps = 7108 | Learner Walltime = 1380.420 | Min Dist = 0.190 | Min Dist 10 = 0.196 | Min Dist 100 = 1.610 | Min Dist 1000 = 3.407 | Steps Per Second = 77.438 | Success = 1.000 | Success 1000 = 0.617
I0502 15:29:17.157815 139584504182336 lp_utils.py:96] StepsLimiter: Reached 465100 recorded steps
I0502 15:29:18.034035 139579566835264 terminal.py:91] [Evaluator] Actor Episodes = 9306 | Actor Steps = 465300 | Delta Dist = 11.629 | Delta Dist 10 = 11.917 | Delta Dist 100 = 10.462 | Delta Dist 1000 = 8.813 | Episode Length = 50 | Episode Return = 19.0 | Evaluator Episodes = 2338 | Evaluator Steps = 116900 | Final Dist = 1.177 | Final Dist 10 = 0.889 | Final Dist 100 = 2.345 | Final Dist 1000 = 3.994 | Init Dist = 12.806 | Init Dist 10 = 12.806 | Init Dist 100 = 12.806 | Init Dist 1000 = 12.806 | Learner Steps = 7115 | Learner Walltime = 1381.567 | Min Dist = 0.122 | Min Dist 10 = 0.194 | Min Dist 100 = 1.539 | Min Dist 1000 = 3.386 | Steps Per Second = 75.537 | Success = 1.000 | Success 1000 = 0.619
I0502 15:29:18.217517 139558059398720 terminal.py:91] [Actor] Actor Episodes = 9308 | Actor Steps = 465400 | Delta Dist = 9.052 | Delta Dist 10 = 5.695 | Delta Dist 100 = 4.205 | Delta Dist 1000 = 4.307 | Episode Length = 50 | Episode Return = 36.0 | Evaluator Episodes = 2338 | Evaluator Steps = 116900 | Final Dist = 0.797 | Final Dist 10 = 1.560 | Final Dist 100 = 1.245 | Final Dist 1000 = 1.626 | Init Dist = 9.849 | Init Dist 10 = 7.254 | Init Dist 100 = 5.451 | Init Dist 1000 = 5.933 | Learner Steps = 7115 | Learner Walltime = 1381.567 | Min Dist = 0.082 | Min Dist 10 = 0.433 | Min Dist 100 = 0.175 | Min Dist 1000 = 0.291 | Steps Per Second = 75.744 | Success = 1.000 | Success 1000 = 0.986
I0502 15:29:18.220126 139555860620864 terminal.py:91] [Actor] Actor Episodes = 9305 | Actor Steps = 465250 | Delta Dist = 9.701 | Delta Dist 10 = 5.695 | Delta Dist 100 = 4.205 | Delta Dist 1000 = 4.307 | Episode Length = 50 | Episode Return = 48.0 | Evaluator Episodes = 2336 | Evaluator Steps = 116800 | Final Dist = 0.147 | Final Dist 10 = 1.560 | Final Dist 100 = 1.245 | Final Dist 1000 = 1.626 | Init Dist = 9.849 | Init Dist 10 = 7.254 | Init Dist 100 = 5.451 | Init Dist 1000 = 5.933 | Learner Steps = 7115 | Learner Walltime = 1381.567 | Min Dist = 0.082 | Min Dist 10 = 0.433 | Min Dist 100 = 0.175 | Min Dist 1000 = 0.291 | Steps Per Second = 75.416 | Success = 1.000 | Success 1000 = 0.986
I0502 15:29:18.993639 139555013154368 terminal.py:91] [Learner] Actor Episodes = 9308 | Actor Loss = 3.701828718185425 | Actor Steps = 465400 | Binary Accuracy = 0.9959938526153564 | Categorical Accuracy = 0.4169921875 | Critic Loss = 1.9582406282424927 | Entropy Mean = -17.622547149658203 | Evaluator Episodes = 2338 | Evaluator Steps = 116900 | Learner Steps = 7122 | Learner Walltime = 1383.186 | Logits Neg = -15.874090194702148 | Logits Pos = -1.9390201568603516 | Logsumexp = 1.3977134227752686 | Steps Per Second = 167.665
I0502 15:29:19.249089 139579566835264 terminal.py:91] [Evaluator] Actor Episodes = 9314 | Actor Steps = 465700 | Delta Dist = 11.845 | Delta Dist 10 = 11.985 | Delta Dist 100 = 10.604 | Delta Dist 1000 = 8.819 | Episode Length = 50 | Episode Return = 11.0 | Evaluator Episodes = 2340 | Evaluator Steps = 117000 | Final Dist = 0.961 | Final Dist 10 = 0.821 | Final Dist 100 = 2.203 | Final Dist 1000 = 3.987 | Init Dist = 12.806 | Init Dist 10 = 12.806 | Init Dist 100 = 12.806 | Init Dist 1000 = 12.806 | Learner Steps = 7119 | Learner Walltime = 1382.571 | Min Dist = 0.307 | Min Dist 10 = 0.199 | Min Dist 100 = 1.438 | Min Dist 1000 = 3.379 | Steps Per Second = 93.712 | Success = 1.000 | Success 1000 = 0.620
I0502 15:29:20.402629 139579566835264 terminal.py:91] [Evaluator] Actor Episodes = 9322 | Actor Steps = 466100 | Delta Dist = 11.476 | Delta Dist 10 = 12.019 | Delta Dist 100 = 10.609 | Delta Dist 1000 = 8.819 | Episode Length = 50 | Episode Return = 5.0 | Evaluator Episodes = 2342 | Evaluator Steps = 117100 | Final Dist = 1.330 | Final Dist 10 = 0.787 | Final Dist 100 = 2.197 | Final Dist 1000 = 3.987 | Init Dist = 12.806 | Init Dist 10 = 12.806 | Init Dist 100 = 12.806 | Init Dist 1000 = 12.806 | Learner Steps = 7126 | Learner Walltime = 1383.982 | Min Dist = 0.665 | Min Dist 10 = 0.195 | Min Dist 100 = 1.441 | Min Dist 1000 = 3.379 | Steps Per Second = 81.961 | Success = 1.000 | Success 1000 = 0.620
I0502 15:29:21.486581 139579566835264 terminal.py:91] [Evaluator] Actor Episodes = 9328 | Actor Steps = 466400 | Delta Dist = 1.295 | Delta Dist 10 = 11.826 | Delta Dist 100 = 10.760 | Delta Dist 1000 = 8.840 | Episode Length = 50 | Episode Return = 0.0 | Evaluator Episodes = 2344 | Evaluator Steps = 117200 | Final Dist = 11.511 | Final Dist 10 = 0.980 | Final Dist 100 = 2.047 | Final Dist 1000 = 3.966 | Init Dist = 12.806 | Init Dist 10 = 12.806 | Init Dist 100 = 12.806 | Init Dist 1000 = 12.806 | Learner Steps = 7132 | Learner Walltime = 1385.037 | Min Dist = 10.585 | Min Dist 10 = 0.251 | Min Dist 100 = 1.283 | Min Dist 1000 = 3.359 | Steps Per Second = 97.229 | Success = 0.000 | Success 1000 = 0.622
I0502 15:29:22.642246 139579566835264 terminal.py:91] [Evaluator] Actor Episodes = 9336 | Actor Steps = 466800 | Delta Dist = 11.399 | Delta Dist 10 = 9.691 | Delta Dist 100 = 10.611 | Delta Dist 1000 = 8.839 | Episode Length = 50 | Episode Return = 21.0 | Evaluator Episodes = 2346 | Evaluator Steps = 117300 | Final Dist = 1.407 | Final Dist 10 = 3.115 | Final Dist 100 = 2.196 | Final Dist 1000 = 3.967 | Init Dist = 12.806 | Init Dist 10 = 12.806 | Init Dist 100 = 12.806 | Init Dist 1000 = 12.806 | Learner Steps = 7137 | Learner Walltime = 1386.155 | Min Dist = 0.158 | Min Dist 10 = 2.309 | Min Dist 100 = 1.425 | Min Dist 1000 = 3.359 | Steps Per Second = 77.233 | Success = 1.000 | Success 1000 = 0.622
I0502 15:29:23.851445 139579566835264 terminal.py:91] [Evaluator] Actor Episodes = 9342 | Actor Steps = 467100 | Delta Dist = 2.692 | Delta Dist 10 = 8.621 | Delta Dist 100 = 10.504 | Delta Dist 1000 = 8.838 | Episode Length = 50 | Episode Return = 0.0 | Evaluator Episodes = 2348 | Evaluator Steps = 117400 | Final Dist = 10.115 | Final Dist 10 = 4.185 | Final Dist 100 = 2.302 | Final Dist 1000 = 3.968 | Init Dist = 12.806 | Init Dist 10 = 12.806 | Init Dist 100 = 12.806 | Init Dist 1000 = 12.806 | Learner Steps = 7143 | Learner Walltime = 1387.395 | Min Dist = 10.099 | Min Dist 10 = 3.346 | Min Dist 100 = 1.529 | Min Dist 1000 = 3.359 | Steps Per Second = 71.857 | Success = 0.000 | Success 1000 = 0.622
I0502 15:29:25.066089 139579566835264 terminal.py:91] [Evaluator] Actor Episodes = 9351 | Actor Steps = 467550 | Delta Dist = 12.141 | Delta Dist 10 = 7.006 | Delta Dist 100 = 10.337 | Delta Dist 1000 = 8.821 | Episode Length = 50 | Episode Return = 14.0 | Evaluator Episodes = 2350 | Evaluator Steps = 117500 | Final Dist = 0.665 | Final Dist 10 = 5.800 | Final Dist 100 = 2.469 | Final Dist 1000 = 3.985 | Init Dist = 12.806 | Init Dist 10 = 12.806 | Init Dist 100 = 12.806 | Init Dist 1000 = 12.806 | Learner Steps = 7149 | Learner Walltime = 1388.417 | Min Dist = 0.100 | Min Dist 10 = 5.189 | Min Dist 100 = 1.711 | Min Dist 1000 = 3.378 | Steps Per Second = 86.527 | Success = 1.000 | Success 1000 = 0.620
I0502 15:29:26.307059 139579566835264 terminal.py:91] [Evaluator] Actor Episodes = 9359 | Actor Steps = 467950 | Delta Dist = 11.872 | Delta Dist 10 = 6.984 | Delta Dist 100 = 10.348 | Delta Dist 1000 = 8.833 | Episode Length = 50 | Episode Return = 17.0 | Evaluator Episodes = 2352 | Evaluator Steps = 117600 | Final Dist = 0.934 | Final Dist 10 = 5.822 | Final Dist 100 = 2.458 | Final Dist 1000 = 3.973 | Init Dist = 12.806 | Init Dist 10 = 12.806 | Init Dist 100 = 12.806 | Init Dist 1000 = 12.806 | Learner Steps = 7155 | Learner Walltime = 1389.475 | Min Dist = 0.321 | Min Dist 10 = 5.167 | Min Dist 100 = 1.709 | Min Dist 1000 = 3.367 | Steps Per Second = 84.870 | Success = 1.000 | Success 1000 = 0.621
I0502 15:29:26.421957 139569349502528 terminal.py:91] [Actor] Actor Episodes = 9361 | Actor Steps = 468050 | Delta Dist = 3.682 | Delta Dist 10 = 5.080 | Delta Dist 100 = 5.006 | Delta Dist 1000 = 4.364 | Episode Length = 50 | Episode Return = 12.0 | Evaluator Episodes = 2352 | Evaluator Steps = 117600 | Final Dist = 2.318 | Final Dist 10 = 0.820 | Final Dist 100 = 1.081 | Final Dist 1000 = 1.590 | Init Dist = 6.000 | Init Dist 10 = 5.901 | Init Dist 100 = 6.087 | Init Dist 1000 = 5.954 | Learner Steps = 7160 | Learner Walltime = 1390.535 | Min Dist = 0.028 | Min Dist 10 = 0.118 | Min Dist 100 = 0.272 | Min Dist 1000 = 0.300 | Steps Per Second = 71.006 | Success = 1.000 | Success 1000 = 0.986
I0502 15:29:27.077581 139557462840896 terminal.py:91] [Actor] Actor Episodes = 9366 | Actor Steps = 468300 | Delta Dist = 6.778 | Delta Dist 10 = 5.550 | Delta Dist 100 = 5.193 | Delta Dist 1000 = 4.369 | Episode Length = 50 | Episode Return = 33.0 | Evaluator Episodes = 2352 | Evaluator Steps = 117600 | Final Dist = 0.293 | Final Dist 10 = 1.033 | Final Dist 100 = 1.097 | Final Dist 1000 = 1.592 | Init Dist = 7.071 | Init Dist 10 = 6.583 | Init Dist 100 = 6.290 | Init Dist 1000 = 5.962 | Learner Steps = 7160 | Learner Walltime = 1390.535 | Min Dist = 0.165 | Min Dist 10 = 0.074 | Min Dist 100 = 0.270 | Min Dist 1000 = 0.300 | Steps Per Second = 71.861 | Success = 1.000 | Success 1000 = 0.986
I0502 15:29:27.175642 139584504182336 lp_utils.py:96] StepsLimiter: Reached 468300 recorded steps
I0502 15:29:27.577059 139579566835264 terminal.py:91] [Evaluator] Actor Episodes = 9368 | Actor Steps = 468400 | Delta Dist = 11.332 | Delta Dist 10 = 7.017 | Delta Dist 100 = 10.364 | Delta Dist 1000 = 8.833 | Episode Length = 50 | Episode Return = 2.0 | Evaluator Episodes = 2354 | Evaluator Steps = 117700 | Final Dist = 1.474 | Final Dist 10 = 5.789 | Final Dist 100 = 2.442 | Final Dist 1000 = 3.973 | Init Dist = 12.806 | Init Dist 10 = 12.806 | Init Dist 100 = 12.806 | Init Dist 1000 = 12.806 | Learner Steps = 7165 | Learner Walltime = 1391.689 | Min Dist = 0.486 | Min Dist 10 = 5.147 | Min Dist 100 = 1.703 | Min Dist 1000 = 3.367 | Steps Per Second = 79.565 | Success = 1.000 | Success 1000 = 0.621
I0502 15:29:28.495120 139555860620864 terminal.py:91] [Actor] Actor Episodes = 9376 | Actor Steps = 468800 | Delta Dist = 8.987 | Delta Dist 10 = 4.709 | Delta Dist 100 = 5.182 | Delta Dist 1000 = 4.392 | Episode Length = 50 | Episode Return = 38.0 | Evaluator Episodes = 2354 | Evaluator Steps = 117700 | Final Dist = 0.232 | Final Dist 10 = 0.761 | Final Dist 100 = 1.089 | Final Dist 1000 = 1.584 | Init Dist = 9.220 | Init Dist 10 = 5.471 | Init Dist 100 = 6.271 | Init Dist 1000 = 5.976 | Learner Steps = 7165 | Learner Walltime = 1391.689 | Min Dist = 0.109 | Min Dist 10 = 0.072 | Min Dist 100 = 0.270 | Min Dist 1000 = 0.300 | Steps Per Second = 82.581 | Success = 1.000 | Success 1000 = 0.986
I0502 15:29:28.746554 139558059398720 terminal.py:91] [Actor] Actor Episodes = 9373 | Actor Steps = 468650 | Delta Dist = 1.236 | Delta Dist 10 = 5.166 | Delta Dist 100 = 5.272 | Delta Dist 1000 = 4.398 | Episode Length = 50 | Episode Return = 41.0 | Evaluator Episodes = 2354 | Evaluator Steps = 117700 | Final Dist = 0.764 | Final Dist 10 = 0.586 | Final Dist 100 = 1.059 | Final Dist 1000 = 1.583 | Init Dist = 2.000 | Init Dist 10 = 5.752 | Init Dist 100 = 6.331 | Init Dist 1000 = 5.981 | Learner Steps = 7165 | Learner Walltime = 1391.689 | Min Dist = 0.055 | Min Dist 10 = 0.078 | Min Dist 100 = 0.240 | Min Dist 1000 = 0.300 | Steps Per Second = 79.079 | Success = 1.000 | Success 1000 = 0.986
I0502 15:29:28.807875 139579566835264 terminal.py:91] [Evaluator] Actor Episodes = 9376 | Actor Steps = 468800 | Delta Dist = 11.492 | Delta Dist 10 = 9.046 | Delta Dist 100 = 10.353 | Delta Dist 1000 = 8.832 | Episode Length = 50 | Episode Return = 13.0 | Evaluator Episodes = 2356 | Evaluator Steps = 117800 | Final Dist = 1.315 | Final Dist 10 = 3.760 | Final Dist 100 = 2.453 | Final Dist 1000 = 3.974 | Init Dist = 12.806 | Init Dist 10 = 12.806 | Init Dist 100 = 12.806 | Init Dist 1000 = 12.806 | Learner Steps = 7165 | Learner Walltime = 1391.689 | Min Dist = 0.169 | Min Dist 10 = 3.079 | Min Dist 100 = 1.703 | Min Dist 1000 = 3.367 | Steps Per Second = 77.809 | Success = 1.000 | Success 1000 = 0.621
I0502 15:29:28.989944 139555013154368 terminal.py:91] [Learner] Actor Episodes = 9376 | Actor Loss = 3.64137601852417 | Actor Steps = 468800 | Binary Accuracy = 0.9959743022918701 | Categorical Accuracy = 0.418212890625 | Critic Loss = 1.9504828453063965 | Entropy Mean = -17.439159393310547 | Evaluator Episodes = 2356 | Evaluator Steps = 117800 | Learner Steps = 7174 | Learner Walltime = 1393.190 | Logits Neg = -15.908374786376953 | Logits Pos = -1.9389996528625488 | Logsumexp = 1.2518641948699951 | Steps Per Second = 707.153
I0502 15:29:29.958776 139579566835264 terminal.py:91] [Evaluator] Actor Episodes = 9384 | Actor Steps = 469200 | Delta Dist = 9.437 | Delta Dist 10 = 10.028 | Delta Dist 100 = 10.340 | Delta Dist 1000 = 8.842 | Episode Length = 50 | Episode Return = 0.0 | Evaluator Episodes = 2358 | Evaluator Steps = 117900 | Final Dist = 3.370 | Final Dist 10 = 2.778 | Final Dist 100 = 2.467 | Final Dist 1000 = 3.965 | Init Dist = 12.806 | Init Dist 10 = 12.806 | Init Dist 100 = 12.806 | Init Dist 1000 = 12.806 | Learner Steps = 7178 | Learner Walltime = 1394.106 | Min Dist = 1.650 | Min Dist 10 = 2.071 | Min Dist 100 = 1.701 | Min Dist 1000 = 3.357 | Steps Per Second = 81.880 | Success = 0.000 | Success 1000 = 0.622
I0502 15:29:31.073305 139579566835264 terminal.py:91] [Evaluator] Actor Episodes = 9392 | Actor Steps = 469600 | Delta Dist = 6.901 | Delta Dist 10 = 11.442 | Delta Dist 100 = 10.308 | Delta Dist 1000 = 8.847 | Episode Length = 50 | Episode Return = 0.0 | Evaluator Episodes = 2360 | Evaluator Steps = 118000 | Final Dist = 5.905 | Final Dist 10 = 1.364 | Final Dist 100 = 2.498 | Final Dist 1000 = 3.960 | Init Dist = 12.806 | Init Dist 10 = 12.806 | Init Dist 100 = 12.806 | Init Dist 1000 = 12.806 | Learner Steps = 7178 | Learner Walltime = 1394.106 | Min Dist = 5.850 | Min Dist 10 = 0.368 | Min Dist 100 = 1.711 | Min Dist 1000 = 3.350 | Steps Per Second = 82.445 | Success = 0.000 | Success 1000 = 0.622
I0502 15:29:32.313419 139579566835264 terminal.py:91] [Evaluator] Actor Episodes = 9400 | Actor Steps = 470000 | Delta Dist = 12.405 | Delta Dist 10 = 10.881 | Delta Dist 100 = 10.261 | Delta Dist 1000 = 8.863 | Episode Length = 50 | Episode Return = 11.0 | Evaluator Episodes = 2362 | Evaluator Steps = 118100 | Final Dist = 0.401 | Final Dist 10 = 1.925 | Final Dist 100 = 2.546 | Final Dist 1000 = 3.943 | Init Dist = 12.806 | Init Dist 10 = 12.806 | Init Dist 100 = 12.806 | Init Dist 1000 = 12.806 | Learner Steps = 7189 | Learner Walltime = 1396.390 | Min Dist = 0.159 | Min Dist 10 = 0.947 | Min Dist 100 = 1.769 | Min Dist 1000 = 3.335 | Steps Per Second = 82.586 | Success = 1.000 | Success 1000 = 0.623
I0502 15:29:33.381730 139583350109760 savers.py:156] Saving checkpoint: logs/contrastive_cpc_point_FourRooms_64/5dd72662-2788-11f0-b183-d85ed38c5779/checkpoints/learner
I0502 15:29:33.517541 139579566835264 terminal.py:91] [Evaluator] Actor Episodes = 9408 | Actor Steps = 470400 | Delta Dist = 11.718 | Delta Dist 10 = 11.018 | Delta Dist 100 = 10.331 | Delta Dist 1000 = 8.863 | Episode Length = 50 | Episode Return = 7.0 | Evaluator Episodes = 2364 | Evaluator Steps = 118200 | Final Dist = 1.088 | Final Dist 10 = 1.788 | Final Dist 100 = 2.475 | Final Dist 1000 = 3.943 | Init Dist = 12.806 | Init Dist 10 = 12.806 | Init Dist 100 = 12.806 | Init Dist 1000 = 12.806 | Learner Steps = 7195 | Learner Walltime = 1397.584 | Min Dist = 0.454 | Min Dist 10 = 0.927 | Min Dist 100 = 1.713 | Min Dist 1000 = 3.335 | Steps Per Second = 81.032 | Success = 1.000 | Success 1000 = 0.623
I0502 15:29:34.674110 139579566835264 terminal.py:91] [Evaluator] Actor Episodes = 9414 | Actor Steps = 470700 | Delta Dist = 11.760 | Delta Dist 10 = 11.158 | Delta Dist 100 = 10.342 | Delta Dist 1000 = 8.867 | Episode Length = 50 | Episode Return = 12.0 | Evaluator Episodes = 2366 | Evaluator Steps = 118300 | Final Dist = 1.047 | Final Dist 10 = 1.648 | Final Dist 100 = 2.464 | Final Dist 1000 = 3.939 | Init Dist = 12.806 | Init Dist 10 = 12.806 | Init Dist 100 = 12.806 | Init Dist 1000 = 12.806 | Learner Steps = 7202 | Learner Walltime = 1398.824 | Min Dist = 0.190 | Min Dist 10 = 0.929 | Min Dist 100 = 1.699 | Min Dist 1000 = 3.332 | Steps Per Second = 80.778 | Success = 1.000 | Success 1000 = 0.624
I0502 15:29:35.934053 139579566835264 terminal.py:91] [Evaluator] Actor Episodes = 9424 | Actor Steps = 471200 | Delta Dist = 3.324 | Delta Dist 10 = 11.227 | Delta Dist 100 = 10.344 | Delta Dist 1000 = 8.866 | Episode Length = 50 | Episode Return = 0.0 | Evaluator Episodes = 2368 | Evaluator Steps = 118400 | Final Dist = 9.482 | Final Dist 10 = 1.579 | Final Dist 100 = 2.462 | Final Dist 1000 = 3.940 | Init Dist = 12.806 | Init Dist 10 = 12.806 | Init Dist 100 = 12.806 | Init Dist 1000 = 12.806 | Learner Steps = 7202 | Learner Walltime = 1398.824 | Min Dist = 7.966 | Min Dist 10 = 0.915 | Min Dist 100 = 1.697 | Min Dist 1000 = 3.332 | Steps Per Second = 78.348 | Success = 0.000 | Success 1000 = 0.624
I0502 15:29:36.977560 139569349502528 terminal.py:91] [Actor] Actor Episodes = 9427 | Actor Steps = 471350 | Delta Dist = -6.284 | Delta Dist 10 = 4.533 | Delta Dist 100 = 4.375 | Delta Dist 1000 = 4.341 | Episode Length = 50 | Episode Return = 0.0 | Evaluator Episodes = 2368 | Evaluator Steps = 118400 | Final Dist = 7.284 | Final Dist 10 = 2.083 | Final Dist 100 = 1.226 | Final Dist 1000 = 1.603 | Init Dist = 1.000 | Init Dist 10 = 6.616 | Init Dist 100 = 5.601 | Init Dist 1000 = 5.944 | Learner Steps = 7208 | Learner Walltime = 1400.244 | Min Dist = 0.047 | Min Dist 10 = 0.063 | Min Dist 100 = 0.197 | Min Dist 1000 = 0.306 | Steps Per Second = 83.889 | Success = 1.000 | Success 1000 = 0.987
I0502 15:29:37.181140 139584635659840 savers.py:156] Saving checkpoint: logs/contrastive_cpc_point_FourRooms_64/5dd72662-2788-11f0-b183-d85ed38c5779/checkpoints/counter
I0502 15:29:37.184359 139579566835264 terminal.py:91] [Evaluator] Actor Episodes = 9430 | Actor Steps = 471500 | Delta Dist = 11.702 | Delta Dist 10 = 10.687 | Delta Dist 100 = 10.362 | Delta Dist 1000 = 8.867 | Episode Length = 50 | Episode Return = 7.0 | Evaluator Episodes = 2370 | Evaluator Steps = 118500 | Final Dist = 1.105 | Final Dist 10 = 2.119 | Final Dist 100 = 2.444 | Final Dist 1000 = 3.939 | Init Dist = 12.806 | Init Dist 10 = 12.806 | Init Dist 100 = 12.806 | Init Dist 1000 = 12.806 | Learner Steps = 7208 | Learner Walltime = 1400.244 | Min Dist = 0.081 | Min Dist 10 = 1.576 | Min Dist 100 = 1.672 | Min Dist 1000 = 3.330 | Steps Per Second = 84.024 | Success = 1.000 | Success 1000 = 0.624
I0502 15:29:37.198721 139584504182336 lp_utils.py:96] StepsLimiter: Reached 471500 recorded steps
I0502 15:29:37.614538 139557462840896 terminal.py:91] [Actor] Actor Episodes = 9431 | Actor Steps = 471550 | Delta Dist = 5.848 | Delta Dist 10 = 3.602 | Delta Dist 100 = 4.216 | Delta Dist 1000 = 4.322 | Episode Length = 50 | Episode Return = 17.0 | Evaluator Episodes = 2368 | Evaluator Steps = 118400 | Final Dist = 0.235 | Final Dist 10 = 1.492 | Final Dist 100 = 1.257 | Final Dist 1000 = 1.606 | Init Dist = 6.083 | Init Dist 10 = 5.093 | Init Dist 100 = 5.473 | Init Dist 1000 = 5.928 | Learner Steps = 7208 | Learner Walltime = 1400.244 | Min Dist = 0.048 | Min Dist 10 = 0.099 | Min Dist 100 = 0.200 | Min Dist 1000 = 0.305 | Steps Per Second = 83.118 | Success = 1.000 | Success 1000 = 0.987
I0502 15:29:38.446577 139579566835264 terminal.py:91] [Evaluator] Actor Episodes = 9438 | Actor Steps = 471900 | Delta Dist = 11.720 | Delta Dist 10 = 11.166 | Delta Dist 100 = 10.409 | Delta Dist 1000 = 8.867 | Episode Length = 50 | Episode Return = 20.0 | Evaluator Episodes = 2372 | Evaluator Steps = 118600 | Final Dist = 1.086 | Final Dist 10 = 1.640 | Final Dist 100 = 2.397 | Final Dist 1000 = 3.939 | Init Dist = 12.806 | Init Dist 10 = 12.806 | Init Dist 100 = 12.806 | Init Dist 1000 = 12.806 | Learner Steps = 7215 | Learner Walltime = 1401.554 | Min Dist = 0.177 | Min Dist 10 = 0.982 | Min Dist 100 = 1.614 | Min Dist 1000 = 3.329 | Steps Per Second = 82.157 | Success = 1.000 | Success 1000 = 0.624
I0502 15:29:38.565715 139555860620864 terminal.py:91] [Actor] Actor Episodes = 9440 | Actor Steps = 472000 | Delta Dist = 7.585 | Delta Dist 10 = 4.330 | Delta Dist 100 = 4.230 | Delta Dist 1000 = 4.316 | Episode Length = 50 | Episode Return = 40.0 | Evaluator Episodes = 2372 | Evaluator Steps = 118600 | Final Dist = 0.477 | Final Dist 10 = 0.901 | Final Dist 100 = 1.252 | Final Dist 1000 = 1.601 | Init Dist = 8.062 | Init Dist 10 = 5.230 | Init Dist 100 = 5.481 | Init Dist 1000 = 5.917 | Learner Steps = 7215 | Learner Walltime = 1401.554 | Min Dist = 0.214 | Min Dist 10 = 0.100 | Min Dist 100 = 0.192 | Min Dist 1000 = 0.305 | Steps Per Second = 77.592 | Success = 1.000 | Success 1000 = 0.987
I0502 15:29:39.059400 139558059398720 terminal.py:91] [Actor] Actor Episodes = 9444 | Actor Steps = 472200 | Delta Dist = 7.850 | Delta Dist 10 = 5.020 | Delta Dist 100 = 4.258 | Delta Dist 1000 = 4.317 | Episode Length = 50 | Episode Return = 0.0 | Evaluator Episodes = 2372 | Evaluator Steps = 118600 | Final Dist = 0.212 | Final Dist 10 = 1.327 | Final Dist 100 = 1.253 | Final Dist 1000 = 1.608 | Init Dist = 8.062 | Init Dist 10 = 6.347 | Init Dist 100 = 5.511 | Init Dist 1000 = 5.925 | Learner Steps = 7222 | Learner Walltime = 1402.793 | Min Dist = 0.149 | Min Dist 10 = 0.131 | Min Dist 100 = 0.197 | Min Dist 1000 = 0.306 | Steps Per Second = 85.413 | Success = 1.000 | Success 1000 = 0.987
I0502 15:29:39.184946 139555013154368 terminal.py:91] [Learner] Actor Episodes = 9440 | Actor Loss = 3.671124219894409 | Actor Steps = 472000 | Binary Accuracy = 0.9959726333618164 | Categorical Accuracy = 0.41107177734375 | Critic Loss = 2.003011465072632 | Entropy Mean = -18.31863784790039 | Evaluator Episodes = 2372 | Evaluator Steps = 118600 | Learner Steps = 7225 | Learner Walltime = 1403.381 | Logits Neg = -16.043615341186523 | Logits Pos = -1.9935059547424316 | Logsumexp = 1.3903636932373047 | Steps Per Second = 261.332
I0502 15:29:39.704592 139579566835264 terminal.py:91] [Evaluator] Actor Episodes = 9446 | Actor Steps = 472300 | Delta Dist = 12.194 | Delta Dist 10 = 11.110 | Delta Dist 100 = 10.423 | Delta Dist 1000 = 8.883 | Episode Length = 50 | Episode Return = 19.0 | Evaluator Episodes = 2374 | Evaluator Steps = 118700 | Final Dist = 0.613 | Final Dist 10 = 1.696 | Final Dist 100 = 2.383 | Final Dist 1000 = 3.923 | Init Dist = 12.806 | Init Dist 10 = 12.806 | Init Dist 100 = 12.806 | Init Dist 1000 = 12.806 | Learner Steps = 7222 | Learner Walltime = 1402.793 | Min Dist = 0.135 | Min Dist 10 = 0.993 | Min Dist 100 = 1.613 | Min Dist 1000 = 3.312 | Steps Per Second = 79.550 | Success = 1.000 | Success 1000 = 0.626
I0502 15:29:40.916417 139579566835264 terminal.py:91] [Evaluator] Actor Episodes = 9454 | Actor Steps = 472700 | Delta Dist = 11.818 | Delta Dist 10 = 10.845 | Delta Dist 100 = 10.405 | Delta Dist 1000 = 8.881 | Episode Length = 50 | Episode Return = 17.0 | Evaluator Episodes = 2376 | Evaluator Steps = 118800 | Final Dist = 0.989 | Final Dist 10 = 1.962 | Final Dist 100 = 2.401 | Final Dist 1000 = 3.925 | Init Dist = 12.806 | Init Dist 10 = 12.806 | Init Dist 100 = 12.806 | Init Dist 1000 = 12.806 | Learner Steps = 7229 | Learner Walltime = 1404.132 | Min Dist = 0.309 | Min Dist 10 = 1.286 | Min Dist 100 = 1.641 | Min Dist 1000 = 3.315 | Steps Per Second = 78.481 | Success = 1.000 | Success 1000 = 0.625
I0502 15:29:42.119472 139579566835264 terminal.py:91] [Evaluator] Actor Episodes = 9462 | Actor Steps = 473100 | Delta Dist = 12.661 | Delta Dist 10 = 10.881 | Delta Dist 100 = 10.436 | Delta Dist 1000 = 8.881 | Episode Length = 50 | Episode Return = 10.0 | Evaluator Episodes = 2378 | Evaluator Steps = 118900 | Final Dist = 0.145 | Final Dist 10 = 1.925 | Final Dist 100 = 2.370 | Final Dist 1000 = 3.925 | Init Dist = 12.806 | Init Dist 10 = 12.806 | Init Dist 100 = 12.806 | Init Dist 1000 = 12.806 | Learner Steps = 7234 | Learner Walltime = 1405.278 | Min Dist = 0.140 | Min Dist 10 = 1.294 | Min Dist 100 = 1.632 | Min Dist 1000 = 3.315 | Steps Per Second = 85.890 | Success = 1.000 | Success 1000 = 0.625
I0502 15:29:43.475021 139579566835264 terminal.py:91] [Evaluator] Actor Episodes = 9470 | Actor Steps = 473500 | Delta Dist = 11.136 | Delta Dist 10 = 11.497 | Delta Dist 100 = 10.412 | Delta Dist 1000 = 8.899 | Episode Length = 50 | Episode Return = 0.0 | Evaluator Episodes = 2380 | Evaluator Steps = 119000 | Final Dist = 1.670 | Final Dist 10 = 1.310 | Final Dist 100 = 2.394 | Final Dist 1000 = 3.907 | Init Dist = 12.806 | Init Dist 10 = 12.806 | Init Dist 100 = 12.806 | Init Dist 1000 = 12.806 | Learner Steps = 7246 | Learner Walltime = 1407.630 | Min Dist = 1.670 | Min Dist 10 = 0.847 | Min Dist 100 = 1.670 | Min Dist 1000 = 3.298 | Steps Per Second = 71.835 | Success = 0.000 | Success 1000 = 0.626
I0502 15:29:44.719889 139579566835264 terminal.py:91] [Evaluator] Actor Episodes = 9478 | Actor Steps = 473900 | Delta Dist = 11.457 | Delta Dist 10 = 11.502 | Delta Dist 100 = 10.464 | Delta Dist 1000 = 8.899 | Episode Length = 50 | Episode Return = 1.0 | Evaluator Episodes = 2382 | Evaluator Steps = 119100 | Final Dist = 1.349 | Final Dist 10 = 1.304 | Final Dist 100 = 2.342 | Final Dist 1000 = 3.908 | Init Dist = 12.806 | Init Dist 10 = 12.806 | Init Dist 100 = 12.806 | Init Dist 1000 = 12.806 | Learner Steps = 7251 | Learner Walltime = 1408.746 | Min Dist = 0.154 | Min Dist 10 = 1.032 | Min Dist 100 = 1.629 | Min Dist 1000 = 3.299 | Steps Per Second = 83.486 | Success = 1.000 | Success 1000 = 0.625
I0502 15:29:45.842569 139579566835264 terminal.py:91] [Evaluator] Actor Episodes = 9486 | Actor Steps = 474300 | Delta Dist = 11.489 | Delta Dist 10 = 11.405 | Delta Dist 100 = 10.563 | Delta Dist 1000 = 8.899 | Episode Length = 50 | Episode Return = 5.0 | Evaluator Episodes = 2384 | Evaluator Steps = 119200 | Final Dist = 1.318 | Final Dist 10 = 1.401 | Final Dist 100 = 2.243 | Final Dist 1000 = 3.907 | Init Dist = 12.806 | Init Dist 10 = 12.806 | Init Dist 100 = 12.806 | Init Dist 1000 = 12.806 | Learner Steps = 7256 | Learner Walltime = 1409.878 | Min Dist = 0.280 | Min Dist 10 = 1.079 | Min Dist 100 = 1.535 | Min Dist 1000 = 3.299 | Steps Per Second = 83.353 | Success = 1.000 | Success 1000 = 0.625
I0502 15:29:46.922387 139579566835264 terminal.py:91] [Evaluator] Actor Episodes = 9492 | Actor Steps = 474600 | Delta Dist = 11.919 | Delta Dist 10 = 11.571 | Delta Dist 100 = 10.554 | Delta Dist 1000 = 8.899 | Episode Length = 50 | Episode Return = 14.0 | Evaluator Episodes = 2386 | Evaluator Steps = 119300 | Final Dist = 0.887 | Final Dist 10 = 1.235 | Final Dist 100 = 2.253 | Final Dist 1000 = 3.907 | Init Dist = 12.806 | Init Dist 10 = 12.806 | Init Dist 100 = 12.806 | Init Dist 1000 = 12.806 | Learner Steps = 7261 | Learner Walltime = 1411.093 | Min Dist = 0.155 | Min Dist 10 = 0.830 | Min Dist 100 = 1.542 | Min Dist 1000 = 3.299 | Steps Per Second = 98.183 | Success = 1.000 | Success 1000 = 0.625
I0502 15:29:46.993972 139569349502528 terminal.py:91] [Actor] Actor Episodes = 9491 | Actor Steps = 474550 | Delta Dist = 6.015 | Delta Dist 10 = 4.107 | Delta Dist 100 = 4.358 | Delta Dist 1000 = 4.332 | Episode Length = 50 | Episode Return = 40.0 | Evaluator Episodes = 2384 | Evaluator Steps = 119200 | Final Dist = 0.068 | Final Dist 10 = 0.597 | Final Dist 100 = 1.408 | Final Dist 1000 = 1.605 | Init Dist = 6.083 | Init Dist 10 = 4.704 | Init Dist 100 = 5.765 | Init Dist 1000 = 5.937 | Learner Steps = 7256 | Learner Walltime = 1409.878 | Min Dist = 0.025 | Min Dist 10 = 0.094 | Min Dist 100 = 0.149 | Min Dist 1000 = 0.297 | Steps Per Second = 82.070 | Success = 1.000 | Success 1000 = 0.988
I0502 15:29:47.218088 139584504182336 lp_utils.py:96] StepsLimiter: Reached 474700 recorded steps
I0502 15:29:47.670908 139557462840896 terminal.py:91] [Actor] Actor Episodes = 9495 | Actor Steps = 474750 | Delta Dist = 2.762 | Delta Dist 10 = 3.493 | Delta Dist 100 = 4.334 | Delta Dist 1000 = 4.321 | Episode Length = 50 | Episode Return = 18.0 | Evaluator Episodes = 2386 | Evaluator Steps = 119300 | Final Dist = 1.361 | Final Dist 10 = 1.652 | Final Dist 100 = 1.485 | Final Dist 1000 = 1.613 | Init Dist = 4.123 | Init Dist 10 = 5.146 | Init Dist 100 = 5.819 | Init Dist 1000 = 5.934 | Learner Steps = 7261 | Learner Walltime = 1411.093 | Min Dist = 0.274 | Min Dist 10 = 0.124 | Min Dist 100 = 0.153 | Min Dist 1000 = 0.298 | Steps Per Second = 77.975 | Success = 1.000 | Success 1000 = 0.988
I0502 15:29:48.110643 139579566835264 terminal.py:91] [Evaluator] Actor Episodes = 9500 | Actor Steps = 475000 | Delta Dist = 11.467 | Delta Dist 10 = 11.577 | Delta Dist 100 = 10.553 | Delta Dist 1000 = 8.911 | Episode Length = 50 | Episode Return = 12.0 | Evaluator Episodes = 2388 | Evaluator Steps = 119400 | Final Dist = 1.339 | Final Dist 10 = 1.229 | Final Dist 100 = 2.254 | Final Dist 1000 = 3.895 | Init Dist = 12.806 | Init Dist 10 = 12.806 | Init Dist 100 = 12.806 | Init Dist 1000 = 12.806 | Learner Steps = 7261 | Learner Walltime = 1411.093 | Min Dist = 0.057 | Min Dist 10 = 0.810 | Min Dist 100 = 1.541 | Min Dist 1000 = 3.289 | Steps Per Second = 94.647 | Success = 1.000 | Success 1000 = 0.626
I0502 15:29:48.671492 139555860620864 terminal.py:91] [Actor] Actor Episodes = 9504 | Actor Steps = 475200 | Delta Dist = 5.434 | Delta Dist 10 = 3.711 | Delta Dist 100 = 4.231 | Delta Dist 1000 = 4.328 | Episode Length = 50 | Episode Return = 0.0 | Evaluator Episodes = 2388 | Evaluator Steps = 119400 | Final Dist = 0.891 | Final Dist 10 = 1.755 | Final Dist 100 = 1.535 | Final Dist 1000 = 1.615 | Init Dist = 6.325 | Init Dist 10 = 5.466 | Init Dist 100 = 5.766 | Init Dist 1000 = 5.943 | Learner Steps = 7269 | Learner Walltime = 1412.331 | Min Dist = 0.891 | Min Dist 10 = 0.133 | Min Dist 100 = 0.155 | Min Dist 1000 = 0.298 | Steps Per Second = 78.686 | Success = 1.000 | Success 1000 = 0.988
I0502 15:29:49.248162 139558059398720 terminal.py:91] [Actor] Actor Episodes = 9508 | Actor Steps = 475400 | Delta Dist = 8.983 | Delta Dist 10 = 3.894 | Delta Dist 100 = 4.160 | Delta Dist 1000 = 4.322 | Episode Length = 50 | Episode Return = 45.0 | Evaluator Episodes = 2388 | Evaluator Steps = 119400 | Final Dist = 0.236 | Final Dist 10 = 2.032 | Final Dist 100 = 1.551 | Final Dist 1000 = 1.615 | Init Dist = 9.220 | Init Dist 10 = 5.926 | Init Dist 100 = 5.711 | Init Dist 1000 = 5.937 | Learner Steps = 7269 | Learner Walltime = 1412.331 | Min Dist = 0.014 | Min Dist 10 = 0.176 | Min Dist 100 = 0.162 | Min Dist 1000 = 0.294 | Steps Per Second = 85.268 | Success = 1.000 | Success 1000 = 0.988
I0502 15:29:49.270255 139579566835264 terminal.py:91] [Evaluator] Actor Episodes = 9508 | Actor Steps = 475400 | Delta Dist = 11.624 | Delta Dist 10 = 11.713 | Delta Dist 100 = 10.558 | Delta Dist 1000 = 8.922 | Episode Length = 50 | Episode Return = 13.0 | Evaluator Episodes = 2390 | Evaluator Steps = 119500 | Final Dist = 1.182 | Final Dist 10 = 1.093 | Final Dist 100 = 2.249 | Final Dist 1000 = 3.884 | Init Dist = 12.806 | Init Dist 10 = 12.806 | Init Dist 100 = 12.806 | Init Dist 1000 = 12.806 | Learner Steps = 7269 | Learner Walltime = 1412.331 | Min Dist = 0.135 | Min Dist 10 = 0.440 | Min Dist 100 = 1.539 | Min Dist 1000 = 3.279 | Steps Per Second = 90.197 | Success = 1.000 | Success 1000 = 0.627
I0502 15:29:49.481089 139555013154368 terminal.py:91] [Learner] Actor Episodes = 9508 | Actor Loss = 3.6801979541778564 | Actor Steps = 475400 | Binary Accuracy = 0.9960341453552246 | Categorical Accuracy = 0.418212890625 | Critic Loss = 1.9804129600524902 | Entropy Mean = -19.552072525024414 | Evaluator Episodes = 2390 | Evaluator Steps = 119500 | Learner Steps = 7276 | Learner Walltime = 1413.672 | Logits Neg = -15.596282958984375 | Logits Pos = -1.9830244779586792 | Logsumexp = 1.285208821296692 | Steps Per Second = 152.948
I0502 15:29:50.497219 139579566835264 terminal.py:91] [Evaluator] Actor Episodes = 9514 | Actor Steps = 475700 | Delta Dist = 11.380 | Delta Dist 10 = 11.673 | Delta Dist 100 = 10.557 | Delta Dist 1000 = 8.922 | Episode Length = 50 | Episode Return = 14.0 | Evaluator Episodes = 2392 | Evaluator Steps = 119600 | Final Dist = 1.426 | Final Dist 10 = 1.133 | Final Dist 100 = 2.249 | Final Dist 1000 = 3.884 | Init Dist = 12.806 | Init Dist 10 = 12.806 | Init Dist 100 = 12.806 | Init Dist 1000 = 12.806 | Learner Steps = 7276 | Learner Walltime = 1413.672 | Min Dist = 0.481 | Min Dist 10 = 0.330 | Min Dist 100 = 1.547 | Min Dist 1000 = 3.279 | Steps Per Second = 78.224 | Success = 1.000 | Success 1000 = 0.627
I0502 15:29:51.670442 139579566835264 terminal.py:91] [Evaluator] Actor Episodes = 9522 | Actor Steps = 476100 | Delta Dist = 11.758 | Delta Dist 10 = 11.669 | Delta Dist 100 = 10.549 | Delta Dist 1000 = 8.922 | Episode Length = 50 | Episode Return = 18.0 | Evaluator Episodes = 2394 | Evaluator Steps = 119700 | Final Dist = 1.049 | Final Dist 10 = 1.138 | Final Dist 100 = 2.257 | Final Dist 1000 = 3.884 | Init Dist = 12.806 | Init Dist 10 = 12.806 | Init Dist 100 = 12.806 | Init Dist 1000 = 12.806 | Learner Steps = 7283 | Learner Walltime = 1415.174 | Min Dist = 0.132 | Min Dist 10 = 0.291 | Min Dist 100 = 1.548 | Min Dist 1000 = 3.278 | Steps Per Second = 86.530 | Success = 1.000 | Success 1000 = 0.627
I0502 15:29:52.973681 139579566835264 terminal.py:91] [Evaluator] Actor Episodes = 9530 | Actor Steps = 476500 | Delta Dist = 11.458 | Delta Dist 10 = 11.567 | Delta Dist 100 = 10.537 | Delta Dist 1000 = 8.929 | Episode Length = 50 | Episode Return = 12.0 | Evaluator Episodes = 2396 | Evaluator Steps = 119800 | Final Dist = 1.348 | Final Dist 10 = 1.239 | Final Dist 100 = 2.270 | Final Dist 1000 = 3.878 | Init Dist = 12.806 | Init Dist 10 = 12.806 | Init Dist 100 = 12.806 | Init Dist 1000 = 12.806 | Learner Steps = 7289 | Learner Walltime = 1416.220 | Min Dist = 0.130 | Min Dist 10 = 0.431 | Min Dist 100 = 1.570 | Min Dist 1000 = 3.273 | Steps Per Second = 78.344 | Success = 1.000 | Success 1000 = 0.627
I0502 15:29:54.267702 139579566835264 terminal.py:91] [Evaluator] Actor Episodes = 9540 | Actor Steps = 477000 | Delta Dist = 11.516 | Delta Dist 10 = 11.459 | Delta Dist 100 = 10.537 | Delta Dist 1000 = 8.929 | Episode Length = 50 | Episode Return = 0.0 | Evaluator Episodes = 2398 | Evaluator Steps = 119900 | Final Dist = 1.290 | Final Dist 10 = 1.348 | Final Dist 100 = 2.269 | Final Dist 1000 = 3.877 | Init Dist = 12.806 | Init Dist 10 = 12.806 | Init Dist 100 = 12.806 | Init Dist 1000 = 12.806 | Learner Steps = 7293 | Learner Walltime = 1417.283 | Min Dist = 1.290 | Min Dist 10 = 0.430 | Min Dist 100 = 1.567 | Min Dist 1000 = 3.272 | Steps Per Second = 82.901 | Success = 0.000 | Success 1000 = 0.628
I0502 15:29:55.483896 139579566835264 terminal.py:91] [Evaluator] Actor Episodes = 9548 | Actor Steps = 477400 | Delta Dist = 11.426 | Delta Dist 10 = 11.489 | Delta Dist 100 = 10.621 | Delta Dist 1000 = 8.929 | Episode Length = 50 | Episode Return = 15.0 | Evaluator Episodes = 2400 | Evaluator Steps = 120000 | Final Dist = 1.381 | Final Dist 10 = 1.317 | Final Dist 100 = 2.185 | Final Dist 1000 = 3.877 | Init Dist = 12.806 | Init Dist 10 = 12.806 | Init Dist 100 = 12.806 | Init Dist 1000 = 12.806 | Learner Steps = 7306 | Learner Walltime = 1419.644 | Min Dist = 0.118 | Min Dist 10 = 0.556 | Min Dist 100 = 1.476 | Min Dist 1000 = 3.273 | Steps Per Second = 80.309 | Success = 1.000 | Success 1000 = 0.627
I0502 15:29:56.692938 139579566835264 terminal.py:91] [Evaluator] Actor Episodes = 9556 | Actor Steps = 477800 | Delta Dist = 11.882 | Delta Dist 10 = 11.577 | Delta Dist 100 = 10.818 | Delta Dist 1000 = 8.929 | Episode Length = 50 | Episode Return = 19.0 | Evaluator Episodes = 2402 | Evaluator Steps = 120100 | Final Dist = 0.925 | Final Dist 10 = 1.229 | Final Dist 100 = 1.988 | Final Dist 1000 = 3.877 | Init Dist = 12.806 | Init Dist 10 = 12.806 | Init Dist 100 = 12.806 | Init Dist 1000 = 12.806 | Learner Steps = 7313 | Learner Walltime = 1420.888 | Min Dist = 0.087 | Min Dist 10 = 0.502 | Min Dist 100 = 1.276 | Min Dist 1000 = 3.273 | Steps Per Second = 82.899 | Success = 1.000 | Success 1000 = 0.627
I0502 15:29:57.236191 139584504182336 lp_utils.py:96] StepsLimiter: Reached 478000 recorded steps
I0502 15:29:57.587685 139569349502528 terminal.py:91] [Actor] Actor Episodes = 9562 | Actor Steps = 478100 | Delta Dist = 4.520 | Delta Dist 10 = 4.005 | Delta Dist 100 = 4.004 | Delta Dist 1000 = 4.286 | Episode Length = 50 | Episode Return = 34.0 | Evaluator Episodes = 2402 | Evaluator Steps = 120100 | Final Dist = 1.311 | Final Dist 10 = 1.304 | Final Dist 100 = 1.640 | Final Dist 1000 = 1.625 | Init Dist = 5.831 | Init Dist 10 = 5.308 | Init Dist 100 = 5.644 | Init Dist 1000 = 5.911 | Learner Steps = 7313 | Learner Walltime = 1420.888 | Min Dist = 0.032 | Min Dist 10 = 0.069 | Min Dist 100 = 0.210 | Min Dist 1000 = 0.301 | Steps Per Second = 76.857 | Success = 1.000 | Success 1000 = 0.988
I0502 15:29:57.814977 139557462840896 terminal.py:91] [Actor] Actor Episodes = 9564 | Actor Steps = 478200 | Delta Dist = 4.563 | Delta Dist 10 = 3.882 | Delta Dist 100 = 3.990 | Delta Dist 1000 = 4.287 | Episode Length = 50 | Episode Return = 28.0 | Evaluator Episodes = 2402 | Evaluator Steps = 120100 | Final Dist = 1.094 | Final Dist 10 = 1.302 | Final Dist 100 = 1.640 | Final Dist 1000 = 1.621 | Init Dist = 5.657 | Init Dist 10 = 5.184 | Init Dist 100 = 5.630 | Init Dist 1000 = 5.908 | Learner Steps = 7318 | Learner Walltime = 1421.905 | Min Dist = 0.158 | Min Dist 10 = 0.072 | Min Dist 100 = 0.210 | Min Dist 1000 = 0.301 | Steps Per Second = 78.049 | Success = 1.000 | Success 1000 = 0.988
I0502 15:29:57.941696 139579566835264 terminal.py:91] [Evaluator] Actor Episodes = 9564 | Actor Steps = 478200 | Delta Dist = 12.306 | Delta Dist 10 = 11.261 | Delta Dist 100 = 10.786 | Delta Dist 1000 = 8.945 | Episode Length = 50 | Episode Return = 16.0 | Evaluator Episodes = 2404 | Evaluator Steps = 120200 | Final Dist = 0.500 | Final Dist 10 = 1.546 | Final Dist 100 = 2.020 | Final Dist 1000 = 3.862 | Init Dist = 12.806 | Init Dist 10 = 12.806 | Init Dist 100 = 12.806 | Init Dist 1000 = 12.806 | Learner Steps = 7318 | Learner Walltime = 1421.905 | Min Dist = 0.346 | Min Dist 10 = 0.868 | Min Dist 100 = 1.305 | Min Dist 1000 = 3.256 | Steps Per Second = 75.054 | Success = 1.000 | Success 1000 = 0.628
I0502 15:29:59.107793 139555860620864 terminal.py:91] [Actor] Actor Episodes = 9569 | Actor Steps = 478450 | Delta Dist = 5.893 | Delta Dist 10 = 4.746 | Delta Dist 100 = 3.900 | Delta Dist 1000 = 4.292 | Episode Length = 50 | Episode Return = 34.0 | Evaluator Episodes = 2404 | Evaluator Steps = 120200 | Final Dist = 0.190 | Final Dist 10 = 1.363 | Final Dist 100 = 1.569 | Final Dist 1000 = 1.616 | Init Dist = 6.083 | Init Dist 10 = 6.109 | Init Dist 100 = 5.469 | Init Dist 1000 = 5.908 | Learner Steps = 7318 | Learner Walltime = 1421.905 | Min Dist = 0.013 | Min Dist 10 = 0.085 | Min Dist 100 = 0.209 | Min Dist 1000 = 0.301 | Steps Per Second = 75.911 | Success = 1.000 | Success 1000 = 0.988
I0502 15:29:59.156871 139579566835264 terminal.py:91] [Evaluator] Actor Episodes = 9572 | Actor Steps = 478600 | Delta Dist = 11.984 | Delta Dist 10 = 11.484 | Delta Dist 100 = 10.874 | Delta Dist 1000 = 8.946 | Episode Length = 50 | Episode Return = 19.0 | Evaluator Episodes = 2406 | Evaluator Steps = 120300 | Final Dist = 0.822 | Final Dist 10 = 1.322 | Final Dist 100 = 1.932 | Final Dist 1000 = 3.860 | Init Dist = 12.806 | Init Dist 10 = 12.806 | Init Dist 100 = 12.806 | Init Dist 1000 = 12.806 | Learner Steps = 7324 | Learner Walltime = 1423.054 | Min Dist = 0.087 | Min Dist 10 = 0.672 | Min Dist 100 = 1.218 | Min Dist 1000 = 3.256 | Steps Per Second = 78.675 | Success = 1.000 | Success 1000 = 0.628
I0502 15:29:59.848621 139555013154368 terminal.py:91] [Learner] Actor Episodes = 9570 | Actor Loss = 3.5930352210998535 | Actor Steps = 478500 | Binary Accuracy = 0.9959843158721924 | Categorical Accuracy = 0.40814208984375 | Critic Loss = 2.0606846809387207 | Entropy Mean = -18.390127182006836 | Evaluator Episodes = 2404 | Evaluator Steps = 120200 | Learner Steps = 7328 | Learner Walltime = 1424.045 | Logits Neg = -15.601253509521484 | Logits Pos = -2.03621244430542 | Logsumexp = 1.2760298252105713 | Steps Per Second = 134.844
I0502 15:29:59.927420 139558059398720 terminal.py:91] [Actor] Actor Episodes = 9575 | Actor Steps = 478750 | Delta Dist = 2.306 | Delta Dist 10 = 5.260 | Delta Dist 100 = 3.842 | Delta Dist 1000 = 4.308 | Episode Length = 50 | Episode Return = 23.0 | Evaluator Episodes = 2406 | Evaluator Steps = 120300 | Final Dist = 1.300 | Final Dist 10 = 1.902 | Final Dist 100 = 1.701 | Final Dist 1000 = 1.627 | Init Dist = 3.606 | Init Dist 10 = 7.162 | Init Dist 100 = 5.543 | Init Dist 1000 = 5.936 | Learner Steps = 7324 | Learner Walltime = 1423.054 | Min Dist = 0.207 | Min Dist 10 = 0.050 | Min Dist 100 = 0.206 | Min Dist 1000 = 0.301 | Steps Per Second = 73.426 | Success = 1.000 | Success 1000 = 0.988
I0502 15:30:00.471547 139579566835264 terminal.py:91] [Evaluator] Actor Episodes = 9580 | Actor Steps = 479000 | Delta Dist = 11.924 | Delta Dist 10 = 11.539 | Delta Dist 100 = 10.928 | Delta Dist 1000 = 8.945 | Episode Length = 50 | Episode Return = 13.0 | Evaluator Episodes = 2408 | Evaluator Steps = 120400 | Final Dist = 0.882 | Final Dist 10 = 1.267 | Final Dist 100 = 1.878 | Final Dist 1000 = 3.861 | Init Dist = 12.806 | Init Dist 10 = 12.806 | Init Dist 100 = 12.806 | Init Dist 1000 = 12.806 | Learner Steps = 7329 | Learner Walltime = 1424.119 | Min Dist = 0.223 | Min Dist 10 = 0.694 | Min Dist 100 = 1.163 | Min Dist 1000 = 3.255 | Steps Per Second = 85.588 | Success = 1.000 | Success 1000 = 0.628
I0502 15:30:01.678545 139579566835264 terminal.py:91] [Evaluator] Actor Episodes = 9588 | Actor Steps = 479400 | Delta Dist = 6.011 | Delta Dist 10 = 11.536 | Delta Dist 100 = 10.983 | Delta Dist 1000 = 8.955 | Episode Length = 50 | Episode Return = 0.0 | Evaluator Episodes = 2410 | Evaluator Steps = 120500 | Final Dist = 6.795 | Final Dist 10 = 1.270 | Final Dist 100 = 1.823 | Final Dist 1000 = 3.851 | Init Dist = 12.806 | Init Dist 10 = 12.806 | Init Dist 100 = 12.806 | Init Dist 1000 = 12.806 | Learner Steps = 7334 | Learner Walltime = 1425.133 | Min Dist = 5.847 | Min Dist 10 = 0.584 | Min Dist 100 = 1.095 | Min Dist 1000 = 3.245 | Steps Per Second = 80.555 | Success = 0.000 | Success 1000 = 0.629
I0502 15:30:03.003703 139579566835264 terminal.py:91] [Evaluator] Actor Episodes = 9597 | Actor Steps = 479850 | Delta Dist = 6.671 | Delta Dist 10 = 10.890 | Delta Dist 100 = 10.914 | Delta Dist 1000 = 8.954 | Episode Length = 50 | Episode Return = 0.0 | Evaluator Episodes = 2412 | Evaluator Steps = 120600 | Final Dist = 6.135 | Final Dist 10 = 1.916 | Final Dist 100 = 1.892 | Final Dist 1000 = 3.852 | Init Dist = 12.806 | Init Dist 10 = 12.806 | Init Dist 100 = 12.806 | Init Dist 1000 = 12.806 | Learner Steps = 7340 | Learner Walltime = 1426.330 | Min Dist = 5.907 | Min Dist 10 = 1.170 | Min Dist 100 = 1.152 | Min Dist 1000 = 3.245 | Steps Per Second = 76.161 | Success = 0.000 | Success 1000 = 0.629
I0502 15:30:04.163918 139579566835264 terminal.py:91] [Evaluator] Actor Episodes = 9605 | Actor Steps = 480250 | Delta Dist = 10.632 | Delta Dist 10 = 10.710 | Delta Dist 100 = 10.860 | Delta Dist 1000 = 8.956 | Episode Length = 50 | Episode Return = 0.0 | Evaluator Episodes = 2414 | Evaluator Steps = 120700 | Final Dist = 2.174 | Final Dist 10 = 2.096 | Final Dist 100 = 1.946 | Final Dist 1000 = 3.850 | Init Dist = 12.806 | Init Dist 10 = 12.806 | Init Dist 100 = 12.806 | Init Dist 1000 = 12.806 | Learner Steps = 7346 | Learner Walltime = 1427.482 | Min Dist = 2.174 | Min Dist 10 = 1.352 | Min Dist 100 = 1.207 | Min Dist 1000 = 3.244 | Steps Per Second = 96.773 | Success = 0.000 | Success 1000 = 0.629
I0502 15:30:05.481238 139579566835264 terminal.py:91] [Evaluator] Actor Episodes = 9615 | Actor Steps = 480750 | Delta Dist = 11.372 | Delta Dist 10 = 10.489 | Delta Dist 100 = 10.849 | Delta Dist 1000 = 8.954 | Episode Length = 50 | Episode Return = 7.0 | Evaluator Episodes = 2416 | Evaluator Steps = 120800 | Final Dist = 1.434 | Final Dist 10 = 2.317 | Final Dist 100 = 1.957 | Final Dist 1000 = 3.852 | Init Dist = 12.806 | Init Dist 10 = 12.806 | Init Dist 100 = 12.806 | Init Dist 1000 = 12.806 | Learner Steps = 7352 | Learner Walltime = 1428.647 | Min Dist = 0.252 | Min Dist 10 = 1.527 | Min Dist 100 = 1.226 | Min Dist 1000 = 3.245 | Steps Per Second = 70.697 | Success = 1.000 | Success 1000 = 0.628
I0502 15:30:06.768772 139579566835264 terminal.py:91] [Evaluator] Actor Episodes = 9621 | Actor Steps = 481050 | Delta Dist = 11.619 | Delta Dist 10 = 10.414 | Delta Dist 100 = 10.846 | Delta Dist 1000 = 8.962 | Episode Length = 50 | Episode Return = 21.0 | Evaluator Episodes = 2418 | Evaluator Steps = 120900 | Final Dist = 1.187 | Final Dist 10 = 2.392 | Final Dist 100 = 1.960 | Final Dist 1000 = 3.844 | Init Dist = 12.806 | Init Dist 10 = 12.806 | Init Dist 100 = 12.806 | Init Dist 1000 = 12.806 | Learner Steps = 7358 | Learner Walltime = 1430.014 | Min Dist = 0.202 | Min Dist 10 = 1.551 | Min Dist 100 = 1.222 | Min Dist 1000 = 3.235 | Steps Per Second = 81.448 | Success = 1.000 | Success 1000 = 0.629
I0502 15:30:07.254596 139584504182336 lp_utils.py:96] StepsLimiter: Reached 481150 recorded steps
I0502 15:30:07.600490 139569349502528 terminal.py:91] [Actor] Actor Episodes = 9627 | Actor Steps = 481350 | Delta Dist = 2.453 | Delta Dist 10 = 4.813 | Delta Dist 100 = 4.049 | Delta Dist 1000 = 4.303 | Episode Length = 50 | Episode Return = 22.0 | Evaluator Episodes = 2418 | Evaluator Steps = 120900 | Final Dist = 6.767 | Final Dist 10 = 0.656 | Final Dist 100 = 1.627 | Final Dist 1000 = 1.621 | Init Dist = 9.220 | Init Dist 10 = 5.469 | Init Dist 100 = 5.675 | Init Dist 1000 = 5.924 | Learner Steps = 7365 | Learner Walltime = 1431.215 | Min Dist = 0.051 | Min Dist 10 = 0.038 | Min Dist 100 = 0.089 | Min Dist 1000 = 0.300 | Steps Per Second = 83.631 | Success = 1.000 | Success 1000 = 0.988
I0502 15:30:07.832751 139557462840896 terminal.py:91] [Actor] Actor Episodes = 9629 | Actor Steps = 481450 | Delta Dist = 6.920 | Delta Dist 10 = 5.604 | Delta Dist 100 = 4.076 | Delta Dist 1000 = 4.304 | Episode Length = 50 | Episode Return = 17.0 | Evaluator Episodes = 2418 | Evaluator Steps = 120900 | Final Dist = 0.291 | Final Dist 10 = 0.563 | Final Dist 100 = 1.633 | Final Dist 1000 = 1.621 | Init Dist = 7.211 | Init Dist 10 = 6.167 | Init Dist 100 = 5.709 | Init Dist 1000 = 5.925 | Learner Steps = 7365 | Learner Walltime = 1431.215 | Min Dist = 0.073 | Min Dist 10 = 0.040 | Min Dist 100 = 0.089 | Min Dist 1000 = 0.300 | Steps Per Second = 80.231 | Success = 1.000 | Success 1000 = 0.988
I0502 15:30:07.986453 139579566835264 terminal.py:91] [Evaluator] Actor Episodes = 9629 | Actor Steps = 481450 | Delta Dist = 11.327 | Delta Dist 10 = 10.454 | Delta Dist 100 = 10.844 | Delta Dist 1000 = 8.971 | Episode Length = 50 | Episode Return = 20.0 | Evaluator Episodes = 2420 | Evaluator Steps = 121000 | Final Dist = 1.479 | Final Dist 10 = 2.352 | Final Dist 100 = 1.962 | Final Dist 1000 = 3.835 | Init Dist = 12.806 | Init Dist 10 = 12.806 | Init Dist 100 = 12.806 | Init Dist 1000 = 12.806 | Learner Steps = 7365 | Learner Walltime = 1431.215 | Min Dist = 0.204 | Min Dist 10 = 1.596 | Min Dist 100 = 1.225 | Min Dist 1000 = 3.226 | Steps Per Second = 78.175 | Success = 1.000 | Success 1000 = 0.630
I0502 15:30:09.146283 139579566835264 terminal.py:91] [Evaluator] Actor Episodes = 9637 | Actor Steps = 481850 | Delta Dist = 12.461 | Delta Dist 10 = 10.985 | Delta Dist 100 = 10.912 | Delta Dist 1000 = 8.983 | Episode Length = 50 | Episode Return = 17.0 | Evaluator Episodes = 2422 | Evaluator Steps = 121100 | Final Dist = 0.346 | Final Dist 10 = 1.821 | Final Dist 100 = 1.894 | Final Dist 1000 = 3.823 | Init Dist = 12.806 | Init Dist 10 = 12.806 | Init Dist 100 = 12.806 | Init Dist 1000 = 12.806 | Learner Steps = 7370 | Learner Walltime = 1432.428 | Min Dist = 0.346 | Min Dist 10 = 1.045 | Min Dist 100 = 1.153 | Min Dist 1000 = 3.212 | Steps Per Second = 90.560 | Success = 1.000 | Success 1000 = 0.632
I0502 15:30:09.428688 139555860620864 terminal.py:91] [Actor] Actor Episodes = 9634 | Actor Steps = 481700 | Delta Dist = 3.599 | Delta Dist 10 = 3.947 | Delta Dist 100 = 4.366 | Delta Dist 1000 = 4.292 | Episode Length = 50 | Episode Return = 37.0 | Evaluator Episodes = 2420 | Evaluator Steps = 121000 | Final Dist = 0.401 | Final Dist 10 = 1.057 | Final Dist 100 = 1.389 | Final Dist 1000 = 1.612 | Init Dist = 4.000 | Init Dist 10 = 5.004 | Init Dist 100 = 5.755 | Init Dist 1000 = 5.903 | Learner Steps = 7370 | Learner Walltime = 1432.428 | Min Dist = 0.030 | Min Dist 10 = 0.058 | Min Dist 100 = 0.077 | Min Dist 1000 = 0.298 | Steps Per Second = 81.088 | Success = 1.000 | Success 1000 = 0.988
I0502 15:30:09.936792 139558059398720 terminal.py:91] [Actor] Actor Episodes = 9640 | Actor Steps = 482000 | Delta Dist = 5.123 | Delta Dist 10 = 3.571 | Delta Dist 100 = 4.357 | Delta Dist 1000 = 4.294 | Episode Length = 50 | Episode Return = 25.0 | Evaluator Episodes = 2422 | Evaluator Steps = 121100 | Final Dist = 0.262 | Final Dist 10 = 1.162 | Final Dist 100 = 1.391 | Final Dist 1000 = 1.604 | Init Dist = 5.385 | Init Dist 10 = 4.733 | Init Dist 100 = 5.747 | Init Dist 1000 = 5.898 | Learner Steps = 7370 | Learner Walltime = 1432.428 | Min Dist = 0.028 | Min Dist 10 = 0.095 | Min Dist 100 = 0.077 | Min Dist 1000 = 0.298 | Steps Per Second = 85.005 | Success = 1.000 | Success 1000 = 0.988
I0502 15:30:10.217354 139555013154368 terminal.py:91] [Learner] Actor Episodes = 9639 | Actor Loss = 3.6087207794189453 | Actor Steps = 481950 | Binary Accuracy = 0.9959843158721924 | Categorical Accuracy = 0.4132080078125 | Critic Loss = 2.021028995513916 | Entropy Mean = -18.398502349853516 | Evaluator Episodes = 2422 | Evaluator Steps = 121100 | Learner Steps = 7380 | Learner Walltime = 1434.416 | Logits Neg = -15.760499954223633 | Logits Pos = -2.0195212364196777 | Logsumexp = 1.265572428703308 | Steps Per Second = 128.528
I0502 15:30:10.398316 139579566835264 terminal.py:91] [Evaluator] Actor Episodes = 9645 | Actor Steps = 482250 | Delta Dist = 11.440 | Delta Dist 10 = 11.553 | Delta Dist 100 = 10.904 | Delta Dist 1000 = 8.983 | Episode Length = 50 | Episode Return = 2.0 | Evaluator Episodes = 2424 | Evaluator Steps = 121200 | Final Dist = 1.366 | Final Dist 10 = 1.253 | Final Dist 100 = 1.902 | Final Dist 1000 = 3.823 | Init Dist = 12.806 | Init Dist 10 = 12.806 | Init Dist 100 = 12.806 | Init Dist 1000 = 12.806 | Learner Steps = 7377 | Learner Walltime = 1433.663 | Min Dist = 0.373 | Min Dist 10 = 0.482 | Min Dist 100 = 1.155 | Min Dist 1000 = 3.212 | Steps Per Second = 90.511 | Success = 1.000 | Success 1000 = 0.632
I0502 15:30:11.708359 139579566835264 terminal.py:91] [Evaluator] Actor Episodes = 9653 | Actor Steps = 482650 | Delta Dist = 1.778 | Delta Dist 10 = 11.623 | Delta Dist 100 = 10.942 | Delta Dist 1000 = 9.004 | Episode Length = 50 | Episode Return = 0.0 | Evaluator Episodes = 2426 | Evaluator Steps = 121300 | Final Dist = 11.028 | Final Dist 10 = 1.183 | Final Dist 100 = 1.865 | Final Dist 1000 = 3.803 | Init Dist = 12.806 | Init Dist 10 = 12.806 | Init Dist 100 = 12.806 | Init Dist 1000 = 12.806 | Learner Steps = 7383 | Learner Walltime = 1435.077 | Min Dist = 10.390 | Min Dist 10 = 0.361 | Min Dist 100 = 1.162 | Min Dist 1000 = 3.192 | Steps Per Second = 74.718 | Success = 0.000 | Success 1000 = 0.634
I0502 15:30:12.930666 139579566835264 terminal.py:91] [Evaluator] Actor Episodes = 9661 | Actor Steps = 483050 | Delta Dist = 11.556 | Delta Dist 10 = 10.762 | Delta Dist 100 = 10.843 | Delta Dist 1000 = 9.004 | Episode Length = 50 | Episode Return = 0.0 | Evaluator Episodes = 2428 | Evaluator Steps = 121400 | Final Dist = 1.251 | Final Dist 10 = 2.044 | Final Dist 100 = 1.964 | Final Dist 1000 = 3.802 | Init Dist = 12.806 | Init Dist 10 = 12.806 | Init Dist 100 = 12.806 | Init Dist 1000 = 12.806 | Learner Steps = 7390 | Learner Walltime = 1436.255 | Min Dist = 1.021 | Min Dist 10 = 1.357 | Min Dist 100 = 1.266 | Min Dist 1000 = 3.192 | Steps Per Second = 79.240 | Success = 0.000 | Success 1000 = 0.634
I0502 15:30:14.258615 139579566835264 terminal.py:91] [Evaluator] Actor Episodes = 9669 | Actor Steps = 483450 | Delta Dist = 4.123 | Delta Dist 10 = 10.756 | Delta Dist 100 = 10.857 | Delta Dist 1000 = 9.013 | Episode Length = 50 | Episode Return = 0.0 | Evaluator Episodes = 2430 | Evaluator Steps = 121500 | Final Dist = 8.683 | Final Dist 10 = 2.051 | Final Dist 100 = 1.950 | Final Dist 1000 = 3.793 | Init Dist = 12.806 | Init Dist 10 = 12.806 | Init Dist 100 = 12.806 | Init Dist 1000 = 12.806 | Learner Steps = 7395 | Learner Walltime = 1437.430 | Min Dist = 7.162 | Min Dist 10 = 1.406 | Min Dist 100 = 1.276 | Min Dist 1000 = 3.183 | Steps Per Second = 71.399 | Success = 0.000 | Success 1000 = 0.634
I0502 15:30:15.562396 139579566835264 terminal.py:91] [Evaluator] Actor Episodes = 9679 | Actor Steps = 483950 | Delta Dist = 11.094 | Delta Dist 10 = 9.174 | Delta Dist 100 = 10.685 | Delta Dist 1000 = 8.997 | Episode Length = 50 | Episode Return = 0.0 | Evaluator Episodes = 2432 | Evaluator Steps = 121600 | Final Dist = 1.712 | Final Dist 10 = 3.632 | Final Dist 100 = 2.121 | Final Dist 1000 = 3.809 | Init Dist = 12.806 | Init Dist 10 = 12.806 | Init Dist 100 = 12.806 | Init Dist 1000 = 12.806 | Learner Steps = 7407 | Learner Walltime = 1439.647 | Min Dist = 1.595 | Min Dist 10 = 3.047 | Min Dist 100 = 1.442 | Min Dist 1000 = 3.200 | Steps Per Second = 74.655 | Success = 0.000 | Success 1000 = 0.632
I0502 15:30:16.773763 139579566835264 terminal.py:91] [Evaluator] Actor Episodes = 9687 | Actor Steps = 484350 | Delta Dist = 11.412 | Delta Dist 10 = 9.032 | Delta Dist 100 = 10.660 | Delta Dist 1000 = 9.005 | Episode Length = 50 | Episode Return = 1.0 | Evaluator Episodes = 2434 | Evaluator Steps = 121700 | Final Dist = 1.394 | Final Dist 10 = 3.774 | Final Dist 100 = 2.146 | Final Dist 1000 = 3.801 | Init Dist = 12.806 | Init Dist 10 = 12.806 | Init Dist 100 = 12.806 | Init Dist 1000 = 12.806 | Learner Steps = 7412 | Learner Walltime = 1440.762 | Min Dist = 0.376 | Min Dist 10 = 3.186 | Min Dist 100 = 1.458 | Min Dist 1000 = 3.191 | Steps Per Second = 82.688 | Success = 1.000 | Success 1000 = 0.632
I0502 15:30:17.271030 139584504182336 lp_utils.py:96] StepsLimiter: Reached 484350 recorded steps
I0502 15:30:17.998348 139579566835264 terminal.py:91] [Evaluator] Actor Episodes = 9695 | Actor Steps = 484750 | Delta Dist = 4.969 | Delta Dist 10 = 9.025 | Delta Dist 100 = 10.650 | Delta Dist 1000 = 9.007 | Episode Length = 50 | Episode Return = 0.0 | Evaluator Episodes = 2436 | Evaluator Steps = 121800 | Final Dist = 7.837 | Final Dist 10 = 3.782 | Final Dist 100 = 2.156 | Final Dist 1000 = 3.799 | Init Dist = 12.806 | Init Dist 10 = 12.806 | Init Dist 100 = 12.806 | Init Dist 1000 = 12.806 | Learner Steps = 7418 | Learner Walltime = 1441.896 | Min Dist = 5.865 | Min Dist 10 = 3.174 | Min Dist 100 = 1.460 | Min Dist 1000 = 3.186 | Steps Per Second = 73.115 | Success = 0.000 | Success 1000 = 0.633
I0502 15:30:18.301159 139569349502528 terminal.py:91] [Actor] Actor Episodes = 9690 | Actor Steps = 484500 | Delta Dist = 6.352 | Delta Dist 10 = 3.816 | Delta Dist 100 = 4.430 | Delta Dist 1000 = 4.265 | Episode Length = 50 | Episode Return = 38.0 | Evaluator Episodes = 2434 | Evaluator Steps = 121700 | Final Dist = 0.356 | Final Dist 10 = 1.065 | Final Dist 100 = 1.565 | Final Dist 1000 = 1.636 | Init Dist = 6.708 | Init Dist 10 = 4.881 | Init Dist 100 = 5.995 | Init Dist 1000 = 5.902 | Learner Steps = 7412 | Learner Walltime = 1440.762 | Min Dist = 0.012 | Min Dist 10 = 0.101 | Min Dist 100 = 0.100 | Min Dist 1000 = 0.301 | Steps Per Second = 69.120 | Success = 1.000 | Success 1000 = 0.987
I0502 15:30:18.466544 139557462840896 terminal.py:91] [Actor] Actor Episodes = 9694 | Actor Steps = 484700 | Delta Dist = 5.800 | Delta Dist 10 = 4.966 | Delta Dist 100 = 4.432 | Delta Dist 1000 = 4.267 | Episode Length = 50 | Episode Return = 49.0 | Evaluator Episodes = 2434 | Evaluator Steps = 121700 | Final Dist = 0.525 | Final Dist 10 = 1.002 | Final Dist 100 = 1.571 | Final Dist 1000 = 1.632 | Init Dist = 6.325 | Init Dist 10 = 5.968 | Init Dist 100 = 6.003 | Init Dist 1000 = 5.899 | Learner Steps = 7418 | Learner Walltime = 1441.896 | Min Dist = 0.474 | Min Dist 10 = 0.094 | Min Dist 100 = 0.099 | Min Dist 1000 = 0.300 | Steps Per Second = 75.226 | Success = 1.000 | Success 1000 = 0.987
I0502 15:30:19.231249 139579566835264 terminal.py:91] [Evaluator] Actor Episodes = 9703 | Actor Steps = 485150 | Delta Dist = 11.809 | Delta Dist 10 = 9.249 | Delta Dist 100 = 10.576 | Delta Dist 1000 = 9.003 | Episode Length = 50 | Episode Return = 8.0 | Evaluator Episodes = 2438 | Evaluator Steps = 121900 | Final Dist = 0.997 | Final Dist 10 = 3.557 | Final Dist 100 = 2.230 | Final Dist 1000 = 3.803 | Init Dist = 12.806 | Init Dist 10 = 12.806 | Init Dist 100 = 12.806 | Init Dist 1000 = 12.806 | Learner Steps = 7424 | Learner Walltime = 1443.312 | Min Dist = 0.123 | Min Dist 10 = 2.724 | Min Dist 100 = 1.519 | Min Dist 1000 = 3.188 | Steps Per Second = 82.316 | Success = 1.000 | Success 1000 = 0.633
I0502 15:30:19.831029 139555860620864 terminal.py:91] [Actor] Actor Episodes = 9704 | Actor Steps = 485200 | Delta Dist = 2.710 | Delta Dist 10 = 3.891 | Delta Dist 100 = 4.426 | Delta Dist 1000 = 4.261 | Episode Length = 50 | Episode Return = 48.0 | Evaluator Episodes = 2436 | Evaluator Steps = 121800 | Final Dist = 0.290 | Final Dist 10 = 2.147 | Final Dist 100 = 1.527 | Final Dist 1000 = 1.640 | Init Dist = 3.000 | Init Dist 10 = 6.037 | Init Dist 100 = 5.953 | Init Dist 1000 = 5.901 | Learner Steps = 7424 | Learner Walltime = 1443.312 | Min Dist = 0.102 | Min Dist 10 = 0.144 | Min Dist 100 = 0.106 | Min Dist 1000 = 0.301 | Steps Per Second = 76.749 | Success = 1.000 | Success 1000 = 0.987
I0502 15:30:20.240260 139558059398720 terminal.py:91] [Actor] Actor Episodes = 9709 | Actor Steps = 485450 | Delta Dist = 10.837 | Delta Dist 10 = 4.588 | Delta Dist 100 = 4.352 | Delta Dist 1000 = 4.266 | Episode Length = 50 | Episode Return = 41.0 | Evaluator Episodes = 2438 | Evaluator Steps = 121900 | Final Dist = 0.825 | Final Dist 10 = 1.292 | Final Dist 100 = 1.503 | Final Dist 1000 = 1.638 | Init Dist = 11.662 | Init Dist 10 = 5.880 | Init Dist 100 = 5.855 | Init Dist 1000 = 5.904 | Learner Steps = 7424 | Learner Walltime = 1443.312 | Min Dist = 0.002 | Min Dist 10 = 0.094 | Min Dist 100 = 0.104 | Min Dist 1000 = 0.301 | Steps Per Second = 104.833 | Success = 1.000 | Success 1000 = 0.987
I0502 15:30:20.269807 139555013154368 terminal.py:91] [Learner] Actor Episodes = 9709 | Actor Loss = 3.6185531616210938 | Actor Steps = 485450 | Binary Accuracy = 0.9959731101989746 | Categorical Accuracy = 0.41815185546875 | Critic Loss = 1.9610891342163086 | Entropy Mean = -18.99928092956543 | Evaluator Episodes = 2438 | Evaluator Steps = 121900 | Learner Steps = 7431 | Learner Walltime = 1444.467 | Logits Neg = -16.157569885253906 | Logits Pos = -1.9242790937423706 | Logsumexp = 1.2635741233825684 | Steps Per Second = 219.857
I0502 15:30:20.389465 139579566835264 terminal.py:91] [Evaluator] Actor Episodes = 9709 | Actor Steps = 485450 | Delta Dist = 1.853 | Delta Dist 10 = 9.203 | Delta Dist 100 = 10.578 | Delta Dist 1000 = 9.011 | Episode Length = 50 | Episode Return = 0.0 | Evaluator Episodes = 2440 | Evaluator Steps = 122000 | Final Dist = 10.953 | Final Dist 10 = 3.604 | Final Dist 100 = 2.228 | Final Dist 1000 = 3.795 | Init Dist = 12.806 | Init Dist 10 = 12.806 | Init Dist 100 = 12.806 | Init Dist 1000 = 12.806 | Learner Steps = 7431 | Learner Walltime = 1444.467 | Min Dist = 10.433 | Min Dist 10 = 2.629 | Min Dist 100 = 1.519 | Min Dist 1000 = 3.178 | Steps Per Second = 93.842 | Success = 0.000 | Success 1000 = 0.634
I0502 15:30:21.619868 139579566835264 terminal.py:91] [Evaluator] Actor Episodes = 9717 | Actor Steps = 485850 | Delta Dist = 11.794 | Delta Dist 10 = 9.849 | Delta Dist 100 = 10.468 | Delta Dist 1000 = 9.000 | Episode Length = 50 | Episode Return = 16.0 | Evaluator Episodes = 2442 | Evaluator Steps = 122100 | Final Dist = 1.012 | Final Dist 10 = 2.958 | Final Dist 100 = 2.338 | Final Dist 1000 = 3.806 | Init Dist = 12.806 | Init Dist 10 = 12.806 | Init Dist 100 = 12.806 | Init Dist 1000 = 12.806 | Learner Steps = 7436 | Learner Walltime = 1445.756 | Min Dist = 0.625 | Min Dist 10 = 1.975 | Min Dist 100 = 1.620 | Min Dist 1000 = 3.188 | Steps Per Second = 80.155 | Success = 1.000 | Success 1000 = 0.633
I0502 15:30:22.961014 139579566835264 terminal.py:91] [Evaluator] Actor Episodes = 9725 | Actor Steps = 486250 | Delta Dist = 4.724 | Delta Dist 10 = 9.028 | Delta Dist 100 = 10.380 | Delta Dist 1000 = 9.002 | Episode Length = 50 | Episode Return = 0.0 | Evaluator Episodes = 2444 | Evaluator Steps = 122200 | Final Dist = 8.082 | Final Dist 10 = 3.779 | Final Dist 100 = 2.426 | Final Dist 1000 = 3.804 | Init Dist = 12.806 | Init Dist 10 = 12.806 | Init Dist 100 = 12.806 | Init Dist 1000 = 12.806 | Learner Steps = 7442 | Learner Walltime = 1446.775 | Min Dist = 7.009 | Min Dist 10 = 2.867 | Min Dist 100 = 1.719 | Min Dist 1000 = 3.188 | Steps Per Second = 79.222 | Success = 0.000 | Success 1000 = 0.633
I0502 15:30:24.222624 139579566835264 terminal.py:91] [Evaluator] Actor Episodes = 9733 | Actor Steps = 486650 | Delta Dist = 8.087 | Delta Dist 10 = 7.552 | Delta Dist 100 = 10.436 | Delta Dist 1000 = 8.989 | Episode Length = 50 | Episode Return = 0.0 | Evaluator Episodes = 2446 | Evaluator Steps = 122300 | Final Dist = 4.719 | Final Dist 10 = 5.254 | Final Dist 100 = 2.370 | Final Dist 1000 = 3.817 | Init Dist = 12.806 | Init Dist 10 = 12.806 | Init Dist 100 = 12.806 | Init Dist 1000 = 12.806 | Learner Steps = 7447 | Learner Walltime = 1447.795 | Min Dist = 4.719 | Min Dist 10 = 4.206 | Min Dist 100 = 1.650 | Min Dist 1000 = 3.198 | Steps Per Second = 82.682 | Success = 0.000 | Success 1000 = 0.632
I0502 15:30:25.667085 139579566835264 terminal.py:91] [Evaluator] Actor Episodes = 9741 | Actor Steps = 487050 | Delta Dist = 12.087 | Delta Dist 10 = 7.904 | Delta Dist 100 = 10.504 | Delta Dist 1000 = 8.995 | Episode Length = 50 | Episode Return = 13.0 | Evaluator Episodes = 2448 | Evaluator Steps = 122400 | Final Dist = 0.719 | Final Dist 10 = 4.902 | Final Dist 100 = 2.302 | Final Dist 1000 = 3.811 | Init Dist = 12.806 | Init Dist 10 = 12.806 | Init Dist 100 = 12.806 | Init Dist 1000 = 12.806 | Learner Steps = 7453 | Learner Walltime = 1449.052 | Min Dist = 0.284 | Min Dist 10 = 4.078 | Min Dist 100 = 1.592 | Min Dist 1000 = 3.192 | Steps Per Second = 66.799 | Success = 1.000 | Success 1000 = 0.632
I0502 15:30:26.996326 139579566835264 terminal.py:91] [Evaluator] Actor Episodes = 9749 | Actor Steps = 487450 | Delta Dist = 11.035 | Delta Dist 10 = 7.298 | Delta Dist 100 = 10.607 | Delta Dist 1000 = 8.999 | Episode Length = 50 | Episode Return = 11.0 | Evaluator Episodes = 2450 | Evaluator Steps = 122500 | Final Dist = 1.771 | Final Dist 10 = 5.509 | Final Dist 100 = 2.199 | Final Dist 1000 = 3.807 | Init Dist = 12.806 | Init Dist 10 = 12.806 | Init Dist 100 = 12.806 | Init Dist 1000 = 12.806 | Learner Steps = 7458 | Learner Walltime = 1450.206 | Min Dist = 0.545 | Min Dist 10 = 4.779 | Min Dist 100 = 1.478 | Min Dist 1000 = 3.189 | Steps Per Second = 77.812 | Success = 1.000 | Success 1000 = 0.632
I0502 15:30:27.294358 139584504182336 lp_utils.py:96] StepsLimiter: Reached 487550 recorded steps
I0502 15:30:28.303510 139579566835264 terminal.py:91] [Evaluator] Actor Episodes = 9757 | Actor Steps = 487850 | Delta Dist = 6.192 | Delta Dist 10 = 8.317 | Delta Dist 100 = 10.602 | Delta Dist 1000 = 9.008 | Episode Length = 50 | Episode Return = 0.0 | Evaluator Episodes = 2452 | Evaluator Steps = 122600 | Final Dist = 6.614 | Final Dist 10 = 4.489 | Final Dist 100 = 2.205 | Final Dist 1000 = 3.798 | Init Dist = 12.806 | Init Dist 10 = 12.806 | Init Dist 100 = 12.806 | Init Dist 1000 = 12.806 | Learner Steps = 7464 | Learner Walltime = 1451.520 | Min Dist = 5.832 | Min Dist 10 = 3.784 | Min Dist 100 = 1.481 | Min Dist 1000 = 3.178 | Steps Per Second = 76.188 | Success = 0.000 | Success 1000 = 0.633
I0502 15:30:28.560492 139557462840896 terminal.py:91] [Actor] Actor Episodes = 9754 | Actor Steps = 487700 | Delta Dist = 7.103 | Delta Dist 10 = 3.695 | Delta Dist 100 = 3.881 | Delta Dist 1000 = 4.200 | Episode Length = 50 | Episode Return = 39.0 | Evaluator Episodes = 2450 | Evaluator Steps = 122500 | Final Dist = 0.512 | Final Dist 10 = 2.435 | Final Dist 100 = 1.996 | Final Dist 1000 = 1.648 | Init Dist = 7.616 | Init Dist 10 = 6.130 | Init Dist 100 = 5.877 | Init Dist 1000 = 5.848 | Learner Steps = 7464 | Learner Walltime = 1451.520 | Min Dist = 0.070 | Min Dist 10 = 0.088 | Min Dist 100 = 0.233 | Min Dist 1000 = 0.306 | Steps Per Second = 78.573 | Success = 1.000 | Success 1000 = 0.985
I0502 15:30:28.864957 139569349502528 terminal.py:91] [Actor] Actor Episodes = 9758 | Actor Steps = 487900 | Delta Dist = 2.783 | Delta Dist 10 = 4.555 | Delta Dist 100 = 3.888 | Delta Dist 1000 = 4.202 | Episode Length = 50 | Episode Return = 45.0 | Evaluator Episodes = 2450 | Evaluator Steps = 122500 | Final Dist = 0.217 | Final Dist 10 = 2.367 | Final Dist 100 = 2.014 | Final Dist 1000 = 1.654 | Init Dist = 3.000 | Init Dist 10 = 6.922 | Init Dist 100 = 5.903 | Init Dist 1000 = 5.856 | Learner Steps = 7464 | Learner Walltime = 1451.520 | Min Dist = 0.070 | Min Dist 10 = 0.085 | Min Dist 100 = 0.233 | Min Dist 1000 = 0.306 | Steps Per Second = 77.299 | Success = 1.000 | Success 1000 = 0.985
I0502 15:30:29.439700 139579566835264 terminal.py:91] [Evaluator] Actor Episodes = 9763 | Actor Steps = 488150 | Delta Dist = 12.270 | Delta Dist 10 = 8.632 | Delta Dist 100 = 10.542 | Delta Dist 1000 = 9.003 | Episode Length = 50 | Episode Return = 26.0 | Evaluator Episodes = 2454 | Evaluator Steps = 122700 | Final Dist = 0.537 | Final Dist 10 = 4.174 | Final Dist 100 = 2.264 | Final Dist 1000 = 3.803 | Init Dist = 12.806 | Init Dist 10 = 12.806 | Init Dist 100 = 12.806 | Init Dist 1000 = 12.806 | Learner Steps = 7469 | Learner Walltime = 1452.527 | Min Dist = 0.292 | Min Dist 10 = 3.441 | Min Dist 100 = 1.549 | Min Dist 1000 = 3.184 | Steps Per Second = 97.888 | Success = 1.000 | Success 1000 = 0.631
I0502 15:30:30.327608 139555860620864 terminal.py:91] [Actor] Actor Episodes = 9768 | Actor Steps = 488400 | Delta Dist = 3.839 | Delta Dist 10 = 3.861 | Delta Dist 100 = 3.963 | Delta Dist 1000 = 4.206 | Episode Length = 50 | Episode Return = 38.0 | Evaluator Episodes = 2454 | Evaluator Steps = 122700 | Final Dist = 0.161 | Final Dist 10 = 1.802 | Final Dist 100 = 1.992 | Final Dist 1000 = 1.643 | Init Dist = 4.000 | Init Dist 10 = 5.663 | Init Dist 100 = 5.955 | Init Dist 1000 = 5.849 | Learner Steps = 7475 | Learner Walltime = 1453.738 | Min Dist = 0.066 | Min Dist 10 = 0.062 | Min Dist 100 = 0.229 | Min Dist 1000 = 0.306 | Steps Per Second = 84.337 | Success = 1.000 | Success 1000 = 0.985
I0502 15:30:30.452272 139555013154368 terminal.py:91] [Learner] Actor Episodes = 9765 | Actor Loss = 3.586272716522217 | Actor Steps = 488250 | Binary Accuracy = 0.9959201812744141 | Categorical Accuracy = 0.40618896484375 | Critic Loss = 2.0242533683776855 | Entropy Mean = -17.69701385498047 | Evaluator Episodes = 2454 | Evaluator Steps = 122700 | Learner Steps = 7480 | Learner Walltime = 1454.650 | Logits Neg = -15.970534324645996 | Logits Pos = -1.999995231628418 | Logsumexp = 1.3503539562225342 | Steps Per Second = 240.745
I0502 15:30:30.575651 139558059398720 terminal.py:91] [Actor] Actor Episodes = 9771 | Actor Steps = 488550 | Delta Dist = 9.520 | Delta Dist 10 = 4.248 | Delta Dist 100 = 3.961 | Delta Dist 1000 = 4.209 | Episode Length = 50 | Episode Return = 35.0 | Evaluator Episodes = 2454 | Evaluator Steps = 122700 | Final Dist = 1.110 | Final Dist 10 = 1.515 | Final Dist 100 = 1.993 | Final Dist 1000 = 1.636 | Init Dist = 10.630 | Init Dist 10 = 5.763 | Init Dist 100 = 5.955 | Init Dist 1000 = 5.846 | Learner Steps = 7475 | Learner Walltime = 1453.738 | Min Dist = 0.028 | Min Dist 10 = 0.062 | Min Dist 100 = 0.229 | Min Dist 1000 = 0.298 | Steps Per Second = 81.239 | Success = 1.000 | Success 1000 = 0.985
I0502 15:30:30.662826 139579566835264 terminal.py:91] [Evaluator] Actor Episodes = 9771 | Actor Steps = 488550 | Delta Dist = 11.435 | Delta Dist 10 = 10.300 | Delta Dist 100 = 10.562 | Delta Dist 1000 = 9.005 | Episode Length = 50 | Episode Return = 5.0 | Evaluator Episodes = 2456 | Evaluator Steps = 122800 | Final Dist = 1.372 | Final Dist 10 = 2.506 | Final Dist 100 = 2.245 | Final Dist 1000 = 3.801 | Init Dist = 12.806 | Init Dist 10 = 12.806 | Init Dist 100 = 12.806 | Init Dist 1000 = 12.806 | Learner Steps = 7475 | Learner Walltime = 1453.738 | Min Dist = 0.360 | Min Dist 10 = 2.057 | Min Dist 100 = 1.547 | Min Dist 1000 = 3.184 | Steps Per Second = 79.946 | Success = 1.000 | Success 1000 = 0.631
I0502 15:30:31.969509 139579566835264 terminal.py:91] [Evaluator] Actor Episodes = 9781 | Actor Steps = 489050 | Delta Dist = 12.708 | Delta Dist 10 = 10.636 | Delta Dist 100 = 10.565 | Delta Dist 1000 = 9.013 | Episode Length = 50 | Episode Return = 19.0 | Evaluator Episodes = 2458 | Evaluator Steps = 122900 | Final Dist = 0.098 | Final Dist 10 = 2.171 | Final Dist 100 = 2.241 | Final Dist 1000 = 3.793 | Init Dist = 12.806 | Init Dist 10 = 12.806 | Init Dist 100 = 12.806 | Init Dist 1000 = 12.806 | Learner Steps = 7486 | Learner Walltime = 1455.946 | Min Dist = 0.051 | Min Dist 10 = 1.612 | Min Dist 100 = 1.547 | Min Dist 1000 = 3.176 | Steps Per Second = 77.342 | Success = 1.000 | Success 1000 = 0.632
I0502 15:30:33.209572 139579566835264 terminal.py:91] [Evaluator] Actor Episodes = 9789 | Actor Steps = 489450 | Delta Dist = 9.900 | Delta Dist 10 = 11.430 | Delta Dist 100 = 10.606 | Delta Dist 1000 = 9.015 | Episode Length = 50 | Episode Return = 0.0 | Evaluator Episodes = 2460 | Evaluator Steps = 123000 | Final Dist = 2.907 | Final Dist 10 = 1.376 | Final Dist 100 = 2.200 | Final Dist 1000 = 3.791 | Init Dist = 12.806 | Init Dist 10 = 12.806 | Init Dist 100 = 12.806 | Init Dist 1000 = 12.806 | Learner Steps = 7493 | Learner Walltime = 1457.290 | Min Dist = 1.367 | Min Dist 10 = 0.890 | Min Dist 100 = 1.530 | Min Dist 1000 = 3.176 | Steps Per Second = 84.270 | Success = 0.000 | Success 1000 = 0.632
I0502 15:30:34.234385 139583350109760 savers.py:156] Saving checkpoint: logs/contrastive_cpc_point_FourRooms_64/5dd72662-2788-11f0-b183-d85ed38c5779/checkpoints/learner
I0502 15:30:34.269400 139579566835264 terminal.py:91] [Evaluator] Actor Episodes = 9793 | Actor Steps = 489650 | Delta Dist = 1.229 | Delta Dist 10 = 10.223 | Delta Dist 100 = 10.536 | Delta Dist 1000 = 9.005 | Episode Length = 50 | Episode Return = 0.0 | Evaluator Episodes = 2462 | Evaluator Steps = 123100 | Final Dist = 11.578 | Final Dist 10 = 2.583 | Final Dist 100 = 2.271 | Final Dist 1000 = 3.801 | Init Dist = 12.806 | Init Dist 10 = 12.806 | Init Dist 100 = 12.806 | Init Dist 1000 = 12.806 | Learner Steps = 7498 | Learner Walltime = 1458.438 | Min Dist = 10.573 | Min Dist 10 = 2.011 | Min Dist 100 = 1.588 | Min Dist 1000 = 3.186 | Steps Per Second = 108.511 | Success = 0.000 | Success 1000 = 0.631
I0502 15:30:35.572561 139579566835264 terminal.py:91] [Evaluator] Actor Episodes = 9801 | Actor Steps = 490050 | Delta Dist = 10.570 | Delta Dist 10 = 9.827 | Delta Dist 100 = 10.423 | Delta Dist 1000 = 9.005 | Episode Length = 50 | Episode Return = 0.0 | Evaluator Episodes = 2464 | Evaluator Steps = 123200 | Final Dist = 2.236 | Final Dist 10 = 2.979 | Final Dist 100 = 2.384 | Final Dist 1000 = 3.801 | Init Dist = 12.806 | Init Dist 10 = 12.806 | Init Dist 100 = 12.806 | Init Dist 1000 = 12.806 | Learner Steps = 7504 | Learner Walltime = 1459.599 | Min Dist = 1.578 | Min Dist 10 = 2.382 | Min Dist 100 = 1.694 | Min Dist 1000 = 3.186 | Steps Per Second = 85.643 | Success = 0.000 | Success 1000 = 0.631
I0502 15:30:36.831997 139579566835264 terminal.py:91] [Evaluator] Actor Episodes = 9810 | Actor Steps = 490500 | Delta Dist = 2.582 | Delta Dist 10 = 9.553 | Delta Dist 100 = 10.401 | Delta Dist 1000 = 9.004 | Episode Length = 50 | Episode Return = 0.0 | Evaluator Episodes = 2466 | Evaluator Steps = 123300 | Final Dist = 10.224 | Final Dist 10 = 3.253 | Final Dist 100 = 2.405 | Final Dist 1000 = 3.802 | Init Dist = 12.806 | Init Dist 10 = 12.806 | Init Dist 100 = 12.806 | Init Dist 1000 = 12.806 | Learner Steps = 7510 | Learner Walltime = 1460.715 | Min Dist = 10.187 | Min Dist 10 = 2.520 | Min Dist 100 = 1.707 | Min Dist 1000 = 3.187 | Steps Per Second = 79.972 | Success = 0.000 | Success 1000 = 0.630
I0502 15:30:37.314547 139584504182336 lp_utils.py:96] StepsLimiter: Reached 490700 recorded steps
I0502 15:30:37.952904 139584635659840 savers.py:156] Saving checkpoint: logs/contrastive_cpc_point_FourRooms_64/5dd72662-2788-11f0-b183-d85ed38c5779/checkpoints/counter
I0502 15:30:38.055465 139579566835264 terminal.py:91] [Evaluator] Actor Episodes = 9818 | Actor Steps = 490900 | Delta Dist = 11.482 | Delta Dist 10 = 8.635 | Delta Dist 100 = 10.306 | Delta Dist 1000 = 8.996 | Episode Length = 50 | Episode Return = 10.0 | Evaluator Episodes = 2468 | Evaluator Steps = 123400 | Final Dist = 1.324 | Final Dist 10 = 4.172 | Final Dist 100 = 2.501 | Final Dist 1000 = 3.810 | Init Dist = 12.806 | Init Dist 10 = 12.806 | Init Dist 100 = 12.806 | Init Dist 1000 = 12.806 | Learner Steps = 7516 | Learner Walltime = 1461.859 | Min Dist = 0.192 | Min Dist 10 = 3.504 | Min Dist 100 = 1.805 | Min Dist 1000 = 3.195 | Steps Per Second = 77.109 | Success = 1.000 | Success 1000 = 0.630
I0502 15:30:38.886375 139569349502528 terminal.py:91] [Actor] Actor Episodes = 9823 | Actor Steps = 491150 | Delta Dist = 5.645 | Delta Dist 10 = 4.281 | Delta Dist 100 = 4.112 | Delta Dist 1000 = 4.264 | Episode Length = 50 | Episode Return = 37.0 | Evaluator Episodes = 2468 | Evaluator Steps = 123400 | Final Dist = 0.355 | Final Dist 10 = 1.116 | Final Dist 100 = 1.402 | Final Dist 1000 = 1.553 | Init Dist = 6.000 | Init Dist 10 = 5.397 | Init Dist 100 = 5.514 | Init Dist 1000 = 5.817 | Learner Steps = 7516 | Learner Walltime = 1461.859 | Min Dist = 0.043 | Min Dist 10 = 0.069 | Min Dist 100 = 0.102 | Min Dist 1000 = 0.240 | Steps Per Second = 86.863 | Success = 1.000 | Success 1000 = 0.990
I0502 15:30:39.104044 139557462840896 terminal.py:91] [Actor] Actor Episodes = 9826 | Actor Steps = 491300 | Delta Dist = 2.816 | Delta Dist 10 = 4.378 | Delta Dist 100 = 4.160 | Delta Dist 1000 = 4.267 | Episode Length = 50 | Episode Return = 27.0 | Evaluator Episodes = 2468 | Evaluator Steps = 123400 | Final Dist = 0.184 | Final Dist 10 = 1.336 | Final Dist 100 = 1.414 | Final Dist 1000 = 1.543 | Init Dist = 3.000 | Init Dist 10 = 5.715 | Init Dist 100 = 5.574 | Init Dist 1000 = 5.810 | Learner Steps = 7522 | Learner Walltime = 1463.141 | Min Dist = 0.033 | Min Dist 10 = 0.068 | Min Dist 100 = 0.103 | Min Dist 1000 = 0.227 | Steps Per Second = 92.155 | Success = 1.000 | Success 1000 = 0.990
I0502 15:30:39.266273 139579566835264 terminal.py:91] [Evaluator] Actor Episodes = 9826 | Actor Steps = 491300 | Delta Dist = 11.588 | Delta Dist 10 = 8.457 | Delta Dist 100 = 10.383 | Delta Dist 1000 = 9.005 | Episode Length = 50 | Episode Return = 15.0 | Evaluator Episodes = 2470 | Evaluator Steps = 123500 | Final Dist = 1.219 | Final Dist 10 = 4.349 | Final Dist 100 = 2.423 | Final Dist 1000 = 3.801 | Init Dist = 12.806 | Init Dist 10 = 12.806 | Init Dist 100 = 12.806 | Init Dist 1000 = 12.806 | Learner Steps = 7522 | Learner Walltime = 1463.141 | Min Dist = 0.508 | Min Dist 10 = 3.545 | Min Dist 100 = 1.727 | Min Dist 1000 = 3.185 | Steps Per Second = 86.019 | Success = 1.000 | Success 1000 = 0.631
I0502 15:30:40.466835 139555013154368 terminal.py:91] [Learner] Actor Episodes = 9832 | Actor Loss = 3.6370301246643066 | Actor Steps = 491600 | Binary Accuracy = 0.9960346221923828 | Categorical Accuracy = 0.41253662109375 | Critic Loss = 2.009528398513794 | Entropy Mean = -17.883302688598633 | Evaluator Episodes = 2470 | Evaluator Steps = 123500 | Learner Steps = 7530 | Learner Walltime = 1464.664 | Logits Neg = -15.756556510925293 | Logits Pos = -2.0139424800872803 | Logsumexp = 1.2923775911331177 | Steps Per Second = 485.652
I0502 15:30:40.588871 139579566835264 terminal.py:91] [Evaluator] Actor Episodes = 9834 | Actor Steps = 491700 | Delta Dist = 11.690 | Delta Dist 10 = 9.600 | Delta Dist 100 = 10.379 | Delta Dist 1000 = 9.014 | Episode Length = 50 | Episode Return = 32.0 | Evaluator Episodes = 2472 | Evaluator Steps = 123600 | Final Dist = 1.116 | Final Dist 10 = 3.206 | Final Dist 100 = 2.427 | Final Dist 1000 = 3.792 | Init Dist = 12.806 | Init Dist 10 = 12.806 | Init Dist 100 = 12.806 | Init Dist 1000 = 12.806 | Learner Steps = 7529 | Learner Walltime = 1464.532 | Min Dist = 0.017 | Min Dist 10 = 2.430 | Min Dist 100 = 1.733 | Min Dist 1000 = 3.175 | Steps Per Second = 77.531 | Success = 1.000 | Success 1000 = 0.632
I0502 15:30:40.669850 139558059398720 terminal.py:91] [Actor] Actor Episodes = 9836 | Actor Steps = 491800 | Delta Dist = 7.059 | Delta Dist 10 = 3.060 | Delta Dist 100 = 4.159 | Delta Dist 1000 = 4.265 | Episode Length = 50 | Episode Return = 16.0 | Evaluator Episodes = 2472 | Evaluator Steps = 123600 | Final Dist = 0.221 | Final Dist 10 = 1.672 | Final Dist 100 = 1.405 | Final Dist 1000 = 1.548 | Init Dist = 7.280 | Init Dist 10 = 4.732 | Init Dist 100 = 5.564 | Init Dist 1000 = 5.812 | Learner Steps = 7529 | Learner Walltime = 1464.532 | Min Dist = 0.015 | Min Dist 10 = 0.130 | Min Dist 100 = 0.104 | Min Dist 1000 = 0.227 | Steps Per Second = 80.023 | Success = 1.000 | Success 1000 = 0.990
I0502 15:30:40.825402 139555860620864 terminal.py:91] [Actor] Actor Episodes = 9833 | Actor Steps = 491650 | Delta Dist = 0.934 | Delta Dist 10 = 2.805 | Delta Dist 100 = 4.131 | Delta Dist 1000 = 4.258 | Episode Length = 50 | Episode Return = 46.0 | Evaluator Episodes = 2470 | Evaluator Steps = 123500 | Final Dist = 0.066 | Final Dist 10 = 2.055 | Final Dist 100 = 1.465 | Final Dist 1000 = 1.555 | Init Dist = 1.000 | Init Dist 10 = 4.860 | Init Dist 100 = 5.596 | Init Dist 1000 = 5.812 | Learner Steps = 7522 | Learner Walltime = 1463.141 | Min Dist = 0.023 | Min Dist 10 = 0.127 | Min Dist 100 = 0.091 | Min Dist 1000 = 0.227 | Steps Per Second = 76.571 | Success = 1.000 | Success 1000 = 0.990
I0502 15:30:41.916431 139579566835264 terminal.py:91] [Evaluator] Actor Episodes = 9842 | Actor Steps = 492100 | Delta Dist = 12.109 | Delta Dist 10 = 10.625 | Delta Dist 100 = 10.374 | Delta Dist 1000 = 9.015 | Episode Length = 50 | Episode Return = 7.0 | Evaluator Episodes = 2474 | Evaluator Steps = 123700 | Final Dist = 0.697 | Final Dist 10 = 2.182 | Final Dist 100 = 2.432 | Final Dist 1000 = 3.791 | Init Dist = 12.806 | Init Dist 10 = 12.806 | Init Dist 100 = 12.806 | Init Dist 1000 = 12.806 | Learner Steps = 7534 | Learner Walltime = 1465.629 | Min Dist = 0.335 | Min Dist 10 = 1.345 | Min Dist 100 = 1.729 | Min Dist 1000 = 3.175 | Steps Per Second = 71.766 | Success = 1.000 | Success 1000 = 0.632
I0502 15:30:43.199486 139579566835264 terminal.py:91] [Evaluator] Actor Episodes = 9850 | Actor Steps = 492500 | Delta Dist = 12.093 | Delta Dist 10 = 10.785 | Delta Dist 100 = 10.395 | Delta Dist 1000 = 9.015 | Episode Length = 50 | Episode Return = 21.0 | Evaluator Episodes = 2476 | Evaluator Steps = 123800 | Final Dist = 0.714 | Final Dist 10 = 2.021 | Final Dist 100 = 2.411 | Final Dist 1000 = 3.791 | Init Dist = 12.806 | Init Dist 10 = 12.806 | Init Dist 100 = 12.806 | Init Dist 1000 = 12.806 | Learner Steps = 7540 | Learner Walltime = 1466.919 | Min Dist = 0.256 | Min Dist 10 = 1.217 | Min Dist 100 = 1.700 | Min Dist 1000 = 3.174 | Steps Per Second = 75.923 | Success = 1.000 | Success 1000 = 0.632
I0502 15:30:44.456957 139579566835264 terminal.py:91] [Evaluator] Actor Episodes = 9858 | Actor Steps = 492900 | Delta Dist = 11.960 | Delta Dist 10 = 11.816 | Delta Dist 100 = 10.399 | Delta Dist 1000 = 9.015 | Episode Length = 50 | Episode Return = 27.0 | Evaluator Episodes = 2478 | Evaluator Steps = 123900 | Final Dist = 0.847 | Final Dist 10 = 0.990 | Final Dist 100 = 2.407 | Final Dist 1000 = 3.791 | Init Dist = 12.806 | Init Dist 10 = 12.806 | Init Dist 100 = 12.806 | Init Dist 1000 = 12.806 | Learner Steps = 7547 | Learner Walltime = 1468.225 | Min Dist = 0.323 | Min Dist 10 = 0.223 | Min Dist 100 = 1.698 | Min Dist 1000 = 3.174 | Steps Per Second = 86.279 | Success = 1.000 | Success 1000 = 0.632
I0502 15:30:45.768619 139579566835264 terminal.py:91] [Evaluator] Actor Episodes = 9868 | Actor Steps = 493400 | Delta Dist = 11.152 | Delta Dist 10 = 11.876 | Delta Dist 100 = 10.421 | Delta Dist 1000 = 9.016 | Episode Length = 50 | Episode Return = 20.0 | Evaluator Episodes = 2480 | Evaluator Steps = 124000 | Final Dist = 1.654 | Final Dist 10 = 0.930 | Final Dist 100 = 2.385 | Final Dist 1000 = 3.790 | Init Dist = 12.806 | Init Dist 10 = 12.806 | Init Dist 100 = 12.806 | Init Dist 1000 = 12.806 | Learner Steps = 7553 | Learner Walltime = 1469.410 | Min Dist = 0.328 | Min Dist 10 = 0.213 | Min Dist 100 = 1.664 | Min Dist 1000 = 3.173 | Steps Per Second = 76.761 | Success = 1.000 | Success 1000 = 0.633
I0502 15:30:47.035329 139579566835264 terminal.py:91] [Evaluator] Actor Episodes = 9878 | Actor Steps = 493900 | Delta Dist = 11.658 | Delta Dist 10 = 11.865 | Delta Dist 100 = 10.415 | Delta Dist 1000 = 9.014 | Episode Length = 50 | Episode Return = 19.0 | Evaluator Episodes = 2482 | Evaluator Steps = 124100 | Final Dist = 1.149 | Final Dist 10 = 0.941 | Final Dist 100 = 2.391 | Final Dist 1000 = 3.792 | Init Dist = 12.806 | Init Dist 10 = 12.806 | Init Dist 100 = 12.806 | Init Dist 1000 = 12.806 | Learner Steps = 7559 | Learner Walltime = 1470.595 | Min Dist = 0.132 | Min Dist 10 = 0.215 | Min Dist 100 = 1.651 | Min Dist 1000 = 3.173 | Steps Per Second = 75.423 | Success = 1.000 | Success 1000 = 0.633
I0502 15:30:47.332973 139584504182336 lp_utils.py:96] StepsLimiter: Reached 493900 recorded steps
I0502 15:30:48.218878 139579566835264 terminal.py:91] [Evaluator] Actor Episodes = 9886 | Actor Steps = 494300 | Delta Dist = 11.201 | Delta Dist 10 = 11.907 | Delta Dist 100 = 10.424 | Delta Dist 1000 = 9.021 | Episode Length = 50 | Episode Return = 2.0 | Evaluator Episodes = 2484 | Evaluator Steps = 124200 | Final Dist = 1.605 | Final Dist 10 = 0.900 | Final Dist 100 = 2.382 | Final Dist 1000 = 3.785 | Init Dist = 12.806 | Init Dist 10 = 12.806 | Init Dist 100 = 12.806 | Init Dist 1000 = 12.806 | Learner Steps = 7566 | Learner Walltime = 1471.784 | Min Dist = 0.228 | Min Dist 10 = 0.244 | Min Dist 100 = 1.646 | Min Dist 1000 = 3.167 | Steps Per Second = 91.209 | Success = 1.000 | Success 1000 = 0.634
I0502 15:30:49.248245 139569349502528 terminal.py:91] [Actor] Actor Episodes = 9892 | Actor Steps = 494600 | Delta Dist = 5.528 | Delta Dist 10 = 4.301 | Delta Dist 100 = 3.861 | Delta Dist 1000 = 4.186 | Episode Length = 50 | Episode Return = 25.0 | Evaluator Episodes = 2484 | Evaluator Steps = 124200 | Final Dist = 0.555 | Final Dist 10 = 1.856 | Final Dist 100 = 1.550 | Final Dist 1000 = 1.550 | Init Dist = 6.083 | Init Dist 10 = 6.158 | Init Dist 100 = 5.410 | Init Dist 1000 = 5.736 | Learner Steps = 7572 | Learner Walltime = 1472.974 | Min Dist = 0.025 | Min Dist 10 = 1.130 | Min Dist 100 = 0.442 | Min Dist 1000 = 0.247 | Steps Per Second = 91.139 | Success = 1.000 | Success 1000 = 0.991
I0502 15:30:49.452718 139579566835264 terminal.py:91] [Evaluator] Actor Episodes = 9894 | Actor Steps = 494700 | Delta Dist = 12.447 | Delta Dist 10 = 11.880 | Delta Dist 100 = 10.426 | Delta Dist 1000 = 9.031 | Episode Length = 50 | Episode Return = 14.0 | Evaluator Episodes = 2486 | Evaluator Steps = 124300 | Final Dist = 0.359 | Final Dist 10 = 0.926 | Final Dist 100 = 2.380 | Final Dist 1000 = 3.776 | Init Dist = 12.806 | Init Dist 10 = 12.806 | Init Dist 100 = 12.806 | Init Dist 1000 = 12.806 | Learner Steps = 7572 | Learner Walltime = 1472.974 | Min Dist = 0.106 | Min Dist 10 = 0.252 | Min Dist 100 = 1.642 | Min Dist 1000 = 3.156 | Steps Per Second = 85.994 | Success = 1.000 | Success 1000 = 0.635
I0502 15:30:49.613790 139557462840896 terminal.py:91] [Actor] Actor Episodes = 9889 | Actor Steps = 494450 | Delta Dist = -5.646 | Delta Dist 10 = 5.431 | Delta Dist 100 = 3.923 | Delta Dist 1000 = 4.195 | Episode Length = 50 | Episode Return = 0.0 | Evaluator Episodes = 2484 | Evaluator Steps = 124200 | Final Dist = 7.060 | Final Dist 10 = 1.647 | Final Dist 100 = 1.526 | Final Dist 1000 = 1.544 | Init Dist = 1.414 | Init Dist 10 = 7.077 | Init Dist 100 = 5.449 | Init Dist 1000 = 5.739 | Learner Steps = 7572 | Learner Walltime = 1472.974 | Min Dist = 0.059 | Min Dist 10 = 1.143 | Min Dist 100 = 0.443 | Min Dist 1000 = 0.247 | Steps Per Second = 75.322 | Success = 1.000 | Success 1000 = 0.991
I0502 15:30:50.581859 139555013154368 terminal.py:91] [Learner] Actor Episodes = 9894 | Actor Loss = 3.619297981262207 | Actor Steps = 494700 | Binary Accuracy = 0.9959840774536133 | Categorical Accuracy = 0.42681884765625 | Critic Loss = 1.9652948379516602 | Entropy Mean = -17.616214752197266 | Evaluator Episodes = 2486 | Evaluator Steps = 124300 | Learner Steps = 7582 | Learner Walltime = 1474.774 | Logits Neg = -15.96615219116211 | Logits Pos = -1.9498494863510132 | Logsumexp = 1.2947399616241455 | Steps Per Second = 337.905
I0502 15:30:50.643933 139579566835264 terminal.py:91] [Evaluator] Actor Episodes = 9902 | Actor Steps = 495100 | Delta Dist = 12.174 | Delta Dist 10 = 11.596 | Delta Dist 100 = 10.401 | Delta Dist 1000 = 9.036 | Episode Length = 50 | Episode Return = 10.0 | Evaluator Episodes = 2488 | Evaluator Steps = 124400 | Final Dist = 0.632 | Final Dist 10 = 1.211 | Final Dist 100 = 2.405 | Final Dist 1000 = 3.771 | Init Dist = 12.806 | Init Dist 10 = 12.806 | Init Dist 100 = 12.806 | Init Dist 1000 = 12.806 | Learner Steps = 7578 | Learner Walltime = 1474.216 | Min Dist = 0.293 | Min Dist 10 = 0.386 | Min Dist 100 = 1.656 | Min Dist 1000 = 3.152 | Steps Per Second = 84.527 | Success = 1.000 | Success 1000 = 0.635
I0502 15:30:50.835555 139555860620864 terminal.py:91] [Actor] Actor Episodes = 9897 | Actor Steps = 494850 | Delta Dist = 1.785 | Delta Dist 10 = 3.819 | Delta Dist 100 = 3.803 | Delta Dist 1000 = 4.180 | Episode Length = 50 | Episode Return = 38.0 | Evaluator Episodes = 2486 | Evaluator Steps = 124300 | Final Dist = 1.044 | Final Dist 10 = 1.984 | Final Dist 100 = 1.640 | Final Dist 1000 = 1.559 | Init Dist = 2.828 | Init Dist 10 = 5.803 | Init Dist 100 = 5.443 | Init Dist 1000 = 5.739 | Learner Steps = 7578 | Learner Walltime = 1474.216 | Min Dist = 0.089 | Min Dist 10 = 0.113 | Min Dist 100 = 0.439 | Min Dist 1000 = 0.247 | Steps Per Second = 79.266 | Success = 1.000 | Success 1000 = 0.991
I0502 15:30:51.124809 139558059398720 terminal.py:91] [Actor] Actor Episodes = 9903 | Actor Steps = 495150 | Delta Dist = 7.147 | Delta Dist 10 = 3.217 | Delta Dist 100 = 3.770 | Delta Dist 1000 = 4.179 | Episode Length = 50 | Episode Return = 21.0 | Evaluator Episodes = 2486 | Evaluator Steps = 124300 | Final Dist = 0.064 | Final Dist 10 = 2.071 | Final Dist 100 = 1.640 | Final Dist 1000 = 1.560 | Init Dist = 7.211 | Init Dist 10 = 5.289 | Init Dist 100 = 5.410 | Init Dist 1000 = 5.738 | Learner Steps = 7578 | Learner Walltime = 1474.216 | Min Dist = 0.064 | Min Dist 10 = 0.083 | Min Dist 100 = 0.439 | Min Dist 1000 = 0.247 | Steps Per Second = 80.049 | Success = 1.000 | Success 1000 = 0.991
I0502 15:30:51.900483 139579566835264 terminal.py:91] [Evaluator] Actor Episodes = 9910 | Actor Steps = 495500 | Delta Dist = 4.929 | Delta Dist 10 = 11.650 | Delta Dist 100 = 10.415 | Delta Dist 1000 = 9.055 | Episode Length = 50 | Episode Return = 0.0 | Evaluator Episodes = 2490 | Evaluator Steps = 124500 | Final Dist = 7.877 | Final Dist 10 = 1.156 | Final Dist 100 = 2.391 | Final Dist 1000 = 3.751 | Init Dist = 12.806 | Init Dist 10 = 12.806 | Init Dist 100 = 12.806 | Init Dist 1000 = 12.806 | Learner Steps = 7585 | Learner Walltime = 1475.436 | Min Dist = 7.222 | Min Dist 10 = 0.394 | Min Dist 100 = 1.659 | Min Dist 1000 = 3.132 | Steps Per Second = 81.956 | Success = 0.000 | Success 1000 = 0.637
I0502 15:30:53.083301 139579566835264 terminal.py:91] [Evaluator] Actor Episodes = 9918 | Actor Steps = 495900 | Delta Dist = 1.621 | Delta Dist 10 = 11.086 | Delta Dist 100 = 10.357 | Delta Dist 1000 = 9.068 | Episode Length = 50 | Episode Return = 0.0 | Evaluator Episodes = 2492 | Evaluator Steps = 124600 | Final Dist = 11.185 | Final Dist 10 = 1.720 | Final Dist 100 = 2.449 | Final Dist 1000 = 3.739 | Init Dist = 12.806 | Init Dist 10 = 12.806 | Init Dist 100 = 12.806 | Init Dist 1000 = 12.806 | Learner Steps = 7591 | Learner Walltime = 1476.635 | Min Dist = 10.611 | Min Dist 10 = 1.050 | Min Dist 100 = 1.723 | Min Dist 1000 = 3.118 | Steps Per Second = 87.069 | Success = 0.000 | Success 1000 = 0.638
I0502 15:30:54.287274 139579566835264 terminal.py:91] [Evaluator] Actor Episodes = 9926 | Actor Steps = 496300 | Delta Dist = 11.412 | Delta Dist 10 = 10.014 | Delta Dist 100 = 10.259 | Delta Dist 1000 = 9.076 | Episode Length = 50 | Episode Return = 11.0 | Evaluator Episodes = 2494 | Evaluator Steps = 124700 | Final Dist = 1.394 | Final Dist 10 = 2.792 | Final Dist 100 = 2.547 | Final Dist 1000 = 3.730 | Init Dist = 12.806 | Init Dist 10 = 12.806 | Init Dist 100 = 12.806 | Init Dist 1000 = 12.806 | Learner Steps = 7597 | Learner Walltime = 1477.807 | Min Dist = 0.164 | Min Dist 10 = 2.081 | Min Dist 100 = 1.825 | Min Dist 1000 = 3.108 | Steps Per Second = 81.646 | Success = 1.000 | Success 1000 = 0.639
I0502 15:30:55.473186 139579566835264 terminal.py:91] [Evaluator] Actor Episodes = 9934 | Actor Steps = 496700 | Delta Dist = 11.412 | Delta Dist 10 = 9.972 | Delta Dist 100 = 10.266 | Delta Dist 1000 = 9.095 | Episode Length = 50 | Episode Return = 22.0 | Evaluator Episodes = 2496 | Evaluator Steps = 124800 | Final Dist = 1.394 | Final Dist 10 = 2.834 | Final Dist 100 = 2.540 | Final Dist 1000 = 3.712 | Init Dist = 12.806 | Init Dist 10 = 12.806 | Init Dist 100 = 12.806 | Init Dist 1000 = 12.806 | Learner Steps = 7602 | Learner Walltime = 1478.817 | Min Dist = 0.211 | Min Dist 10 = 2.104 | Min Dist 100 = 1.809 | Min Dist 1000 = 3.089 | Steps Per Second = 80.913 | Success = 1.000 | Success 1000 = 0.641
I0502 15:30:56.788944 139579566835264 terminal.py:91] [Evaluator] Actor Episodes = 9942 | Actor Steps = 497100 | Delta Dist = 12.402 | Delta Dist 10 = 10.102 | Delta Dist 100 = 10.265 | Delta Dist 1000 = 9.112 | Episode Length = 50 | Episode Return = 7.0 | Evaluator Episodes = 2498 | Evaluator Steps = 124900 | Final Dist = 0.404 | Final Dist 10 = 2.704 | Final Dist 100 = 2.541 | Final Dist 1000 = 3.694 | Init Dist = 12.806 | Init Dist 10 = 12.806 | Init Dist 100 = 12.806 | Init Dist 1000 = 12.806 | Learner Steps = 7608 | Learner Walltime = 1480.058 | Min Dist = 0.404 | Min Dist 10 = 1.976 | Min Dist 100 = 1.810 | Min Dist 1000 = 3.071 | Steps Per Second = 75.863 | Success = 1.000 | Success 1000 = 0.643
I0502 15:30:57.348716 139584504182336 lp_utils.py:96] StepsLimiter: Reached 497100 recorded steps
I0502 15:30:57.968716 139579566835264 terminal.py:91] [Evaluator] Actor Episodes = 9948 | Actor Steps = 497400 | Delta Dist = 11.097 | Delta Dist 10 = 10.035 | Delta Dist 100 = 10.269 | Delta Dist 1000 = 9.131 | Episode Length = 50 | Episode Return = 5.0 | Evaluator Episodes = 2500 | Evaluator Steps = 125000 | Final Dist = 1.710 | Final Dist 10 = 2.772 | Final Dist 100 = 2.537 | Final Dist 1000 = 3.675 | Init Dist = 12.806 | Init Dist 10 = 12.806 | Init Dist 100 = 12.806 | Init Dist 1000 = 12.806 | Learner Steps = 7614 | Learner Walltime = 1481.082 | Min Dist = 0.655 | Min Dist 10 = 2.009 | Min Dist 100 = 1.804 | Min Dist 1000 = 3.051 | Steps Per Second = 82.017 | Success = 1.000 | Success 1000 = 0.645
I0502 15:30:59.234243 139579566835264 terminal.py:91] [Evaluator] Actor Episodes = 9956 | Actor Steps = 497800 | Delta Dist = 6.492 | Delta Dist 10 = 10.546 | Delta Dist 100 = 10.254 | Delta Dist 1000 = 9.149 | Episode Length = 50 | Episode Return = 0.0 | Evaluator Episodes = 2502 | Evaluator Steps = 125100 | Final Dist = 6.314 | Final Dist 10 = 2.260 | Final Dist 100 = 2.553 | Final Dist 1000 = 3.657 | Init Dist = 12.806 | Init Dist 10 = 12.806 | Init Dist 100 = 12.806 | Init Dist 1000 = 12.806 | Learner Steps = 7619 | Learner Walltime = 1482.347 | Min Dist = 5.891 | Min Dist 10 = 1.359 | Min Dist 100 = 1.809 | Min Dist 1000 = 3.032 | Steps Per Second = 79.470 | Success = 0.000 | Success 1000 = 0.647
I0502 15:30:59.665177 139569349502528 terminal.py:91] [Actor] Actor Episodes = 9957 | Actor Steps = 497850 | Delta Dist = 4.054 | Delta Dist 10 = 4.361 | Delta Dist 100 = 4.205 | Delta Dist 1000 = 4.235 | Episode Length = 50 | Episode Return = 19.0 | Evaluator Episodes = 2500 | Evaluator Steps = 125000 | Final Dist = 0.946 | Final Dist 10 = 2.586 | Final Dist 100 = 1.843 | Final Dist 1000 = 1.549 | Init Dist = 5.000 | Init Dist 10 = 6.947 | Init Dist 100 = 6.048 | Init Dist 1000 = 5.783 | Learner Steps = 7619 | Learner Walltime = 1482.347 | Min Dist = 0.307 | Min Dist 10 = 1.366 | Min Dist 100 = 0.394 | Min Dist 1000 = 0.254 | Steps Per Second = 84.825 | Success = 1.000 | Success 1000 = 0.991
I0502 15:31:00.155272 139557462840896 terminal.py:91] [Actor] Actor Episodes = 9962 | Actor Steps = 498100 | Delta Dist = 10.121 | Delta Dist 10 = 4.163 | Delta Dist 100 = 4.075 | Delta Dist 1000 = 4.231 | Episode Length = 50 | Episode Return = 1.0 | Evaluator Episodes = 2502 | Evaluator Steps = 125100 | Final Dist = 0.695 | Final Dist 10 = 1.600 | Final Dist 100 = 1.867 | Final Dist 1000 = 1.551 | Init Dist = 10.817 | Init Dist 10 = 5.763 | Init Dist 100 = 5.942 | Init Dist 1000 = 5.782 | Learner Steps = 7626 | Learner Walltime = 1483.685 | Min Dist = 0.234 | Min Dist 10 = 0.236 | Min Dist 100 = 0.400 | Min Dist 1000 = 0.254 | Steps Per Second = 70.011 | Success = 1.000 | Success 1000 = 0.991
I0502 15:31:00.531705 139579566835264 terminal.py:91] [Evaluator] Actor Episodes = 9964 | Actor Steps = 498200 | Delta Dist = 11.898 | Delta Dist 10 = 10.995 | Delta Dist 100 = 10.232 | Delta Dist 1000 = 9.145 | Episode Length = 50 | Episode Return = 10.0 | Evaluator Episodes = 2504 | Evaluator Steps = 125200 | Final Dist = 0.908 | Final Dist 10 = 1.812 | Final Dist 100 = 2.574 | Final Dist 1000 = 3.662 | Init Dist = 12.806 | Init Dist 10 = 12.806 | Init Dist 100 = 12.806 | Init Dist 1000 = 12.806 | Learner Steps = 7632 | Learner Walltime = 1484.710 | Min Dist = 0.179 | Min Dist 10 = 0.922 | Min Dist 100 = 1.830 | Min Dist 1000 = 3.037 | Steps Per Second = 85.897 | Success = 1.000 | Success 1000 = 0.647
I0502 15:31:00.909537 139555013154368 terminal.py:91] [Learner] Actor Episodes = 9964 | Actor Loss = 3.5599617958068848 | Actor Steps = 498200 | Binary Accuracy = 0.9960727691650391 | Categorical Accuracy = 0.404052734375 | Critic Loss = 2.0490736961364746 | Entropy Mean = -19.08914566040039 | Evaluator Episodes = 2502 | Evaluator Steps = 125100 | Learner Steps = 7633 | Learner Walltime = 1485.105 | Logits Neg = -15.852609634399414 | Logits Pos = -2.039384603500366 | Logsumexp = 1.2073910236358643 | Steps Per Second = 162.212
I0502 15:31:01.248886 139558059398720 terminal.py:91] [Actor] Actor Episodes = 9967 | Actor Steps = 498350 | Delta Dist = 9.039 | Delta Dist 10 = 4.363 | Delta Dist 100 = 4.262 | Delta Dist 1000 = 4.254 | Episode Length = 50 | Episode Return = 38.0 | Evaluator Episodes = 2504 | Evaluator Steps = 125200 | Final Dist = 0.961 | Final Dist 10 = 1.424 | Final Dist 100 = 1.761 | Final Dist 1000 = 1.552 | Init Dist = 10.000 | Init Dist 10 = 5.787 | Init Dist 100 = 6.023 | Init Dist 1000 = 5.805 | Learner Steps = 7632 | Learner Walltime = 1484.710 | Min Dist = 0.129 | Min Dist 10 = 0.256 | Min Dist 100 = 0.404 | Min Dist 1000 = 0.254 | Steps Per Second = 76.338 | Success = 1.000 | Success 1000 = 0.992
I0502 15:31:01.413314 139555860620864 terminal.py:91] [Actor] Actor Episodes = 9968 | Actor Steps = 498400 | Delta Dist = 5.769 | Delta Dist 10 = 5.256 | Delta Dist 100 = 4.292 | Delta Dist 1000 = 4.257 | Episode Length = 50 | Episode Return = 24.0 | Evaluator Episodes = 2504 | Evaluator Steps = 125200 | Final Dist = 1.302 | Final Dist 10 = 1.118 | Final Dist 100 = 1.771 | Final Dist 1000 = 1.553 | Init Dist = 7.071 | Init Dist 10 = 6.375 | Init Dist 100 = 6.063 | Init Dist 1000 = 5.810 | Learner Steps = 7632 | Learner Walltime = 1484.710 | Min Dist = 0.032 | Min Dist 10 = 0.174 | Min Dist 100 = 0.404 | Min Dist 1000 = 0.254 | Steps Per Second = 75.334 | Success = 1.000 | Success 1000 = 0.992
I0502 15:31:01.730136 139579566835264 terminal.py:91] [Evaluator] Actor Episodes = 9972 | Actor Steps = 498600 | Delta Dist = 11.812 | Delta Dist 10 = 11.143 | Delta Dist 100 = 10.232 | Delta Dist 1000 = 9.145 | Episode Length = 50 | Episode Return = 15.0 | Evaluator Episodes = 2506 | Evaluator Steps = 125300 | Final Dist = 0.995 | Final Dist 10 = 1.663 | Final Dist 100 = 2.574 | Final Dist 1000 = 3.661 | Init Dist = 12.806 | Init Dist 10 = 12.806 | Init Dist 100 = 12.806 | Init Dist 1000 = 12.806 | Learner Steps = 7636 | Learner Walltime = 1485.727 | Min Dist = 0.143 | Min Dist 10 = 0.874 | Min Dist 100 = 1.829 | Min Dist 1000 = 3.037 | Steps Per Second = 85.544 | Success = 1.000 | Success 1000 = 0.647
I0502 15:31:02.956046 139579566835264 terminal.py:91] [Evaluator] Actor Episodes = 9980 | Actor Steps = 499000 | Delta Dist = 4.989 | Delta Dist 10 = 10.730 | Delta Dist 100 = 10.184 | Delta Dist 1000 = 9.150 | Episode Length = 50 | Episode Return = 0.0 | Evaluator Episodes = 2508 | Evaluator Steps = 125400 | Final Dist = 7.817 | Final Dist 10 = 2.076 | Final Dist 100 = 2.622 | Final Dist 1000 = 3.657 | Init Dist = 12.806 | Init Dist 10 = 12.806 | Init Dist 100 = 12.806 | Init Dist 1000 = 12.806 | Learner Steps = 7642 | Learner Walltime = 1486.781 | Min Dist = 5.918 | Min Dist 10 = 1.442 | Min Dist 100 = 1.885 | Min Dist 1000 = 3.032 | Steps Per Second = 80.027 | Success = 0.000 | Success 1000 = 0.647
I0502 15:31:04.153261 139579566835264 terminal.py:91] [Evaluator] Actor Episodes = 9988 | Actor Steps = 499400 | Delta Dist = 11.462 | Delta Dist 10 = 10.030 | Delta Dist 100 = 10.119 | Delta Dist 1000 = 9.163 | Episode Length = 50 | Episode Return = 11.0 | Evaluator Episodes = 2510 | Evaluator Steps = 125500 | Final Dist = 1.344 | Final Dist 10 = 2.776 | Final Dist 100 = 2.687 | Final Dist 1000 = 3.643 | Init Dist = 12.806 | Init Dist 10 = 12.806 | Init Dist 100 = 12.806 | Init Dist 1000 = 12.806 | Learner Steps = 7648 | Learner Walltime = 1487.856 | Min Dist = 0.406 | Min Dist 10 = 1.955 | Min Dist 100 = 1.941 | Min Dist 1000 = 3.017 | Steps Per Second = 78.117 | Success = 1.000 | Success 1000 = 0.648
I0502 15:31:05.369871 139579566835264 terminal.py:91] [Evaluator] Actor Episodes = 9996 | Actor Steps = 499800 | Delta Dist = 12.602 | Delta Dist 10 = 10.156 | Delta Dist 100 = 10.180 | Delta Dist 1000 = 9.182 | Episode Length = 50 | Episode Return = 14.0 | Evaluator Episodes = 2512 | Evaluator Steps = 125600 | Final Dist = 0.204 | Final Dist 10 = 2.650 | Final Dist 100 = 2.626 | Final Dist 1000 = 3.625 | Init Dist = 12.806 | Init Dist 10 = 12.806 | Init Dist 100 = 12.806 | Init Dist 1000 = 12.806 | Learner Steps = 7654 | Learner Walltime = 1489.136 | Min Dist = 0.190 | Min Dist 10 = 1.956 | Min Dist 100 = 1.887 | Min Dist 1000 = 2.997 | Steps Per Second = 84.823 | Success = 1.000 | Success 1000 = 0.650
I0502 15:31:06.528989 139579566835264 terminal.py:91] [Evaluator] Actor Episodes = 10006 | Actor Steps = 500300 | Delta Dist = 11.423 | Delta Dist 10 = 10.862 | Delta Dist 100 = 10.247 | Delta Dist 1000 = 9.193 | Episode Length = 50 | Episode Return = 14.0 | Evaluator Episodes = 2514 | Evaluator Steps = 125700 | Final Dist = 1.384 | Final Dist 10 = 1.945 | Final Dist 100 = 2.559 | Final Dist 1000 = 3.613 | Init Dist = 12.806 | Init Dist 10 = 12.806 | Init Dist 100 = 12.806 | Init Dist 1000 = 12.806 | Learner Steps = 7660 | Learner Walltime = 1490.236 | Min Dist = 0.570 | Min Dist 10 = 1.379 | Min Dist 100 = 1.833 | Min Dist 1000 = 2.987 | Steps Per Second = 94.701 | Success = 1.000 | Success 1000 = 0.651
I0502 15:31:07.370021 139584504182336 lp_utils.py:96] StepsLimiter: Reached 500300 recorded steps
I0502 15:31:07.670942 139579566835264 terminal.py:91] [Evaluator] Actor Episodes = 10012 | Actor Steps = 500600 | Delta Dist = 12.676 | Delta Dist 10 = 10.659 | Delta Dist 100 = 10.249 | Delta Dist 1000 = 9.194 | Episode Length = 50 | Episode Return = 5.0 | Evaluator Episodes = 2516 | Evaluator Steps = 125800 | Final Dist = 0.130 | Final Dist 10 = 2.147 | Final Dist 100 = 2.557 | Final Dist 1000 = 3.612 | Init Dist = 12.806 | Init Dist 10 = 12.806 | Init Dist 100 = 12.806 | Init Dist 1000 = 12.806 | Learner Steps = 7665 | Learner Walltime = 1491.287 | Min Dist = 0.130 | Min Dist 10 = 1.440 | Min Dist 100 = 1.821 | Min Dist 1000 = 2.986 | Steps Per Second = 88.521 | Success = 1.000 | Success 1000 = 0.652
I0502 15:31:08.841804 139579566835264 terminal.py:91] [Evaluator] Actor Episodes = 10016 | Actor Steps = 500800 | Delta Dist = 11.405 | Delta Dist 10 = 11.174 | Delta Dist 100 = 10.260 | Delta Dist 1000 = 9.194 | Episode Length = 50 | Episode Return = 8.0 | Evaluator Episodes = 2518 | Evaluator Steps = 125900 | Final Dist = 1.401 | Final Dist 10 = 1.632 | Final Dist 100 = 2.546 | Final Dist 1000 = 3.612 | Init Dist = 12.806 | Init Dist 10 = 12.806 | Init Dist 100 = 12.806 | Init Dist 1000 = 12.806 | Learner Steps = 7671 | Learner Walltime = 1492.431 | Min Dist = 0.267 | Min Dist 10 = 1.010 | Min Dist 100 = 1.831 | Min Dist 1000 = 2.987 | Steps Per Second = 92.453 | Success = 1.000 | Success 1000 = 0.651
I0502 15:31:10.141446 139579566835264 terminal.py:91] [Evaluator] Actor Episodes = 10028 | Actor Steps = 501400 | Delta Dist = 11.108 | Delta Dist 10 = 11.774 | Delta Dist 100 = 10.251 | Delta Dist 1000 = 9.216 | Episode Length = 50 | Episode Return = 11.0 | Evaluator Episodes = 2520 | Evaluator Steps = 126000 | Final Dist = 1.698 | Final Dist 10 = 1.032 | Final Dist 100 = 2.555 | Final Dist 1000 = 3.591 | Init Dist = 12.806 | Init Dist 10 = 12.806 | Init Dist 100 = 12.806 | Init Dist 1000 = 12.806 | Learner Steps = 7677 | Learner Walltime = 1493.735 | Min Dist = 0.353 | Min Dist 10 = 0.472 | Min Dist 100 = 1.829 | Min Dist 1000 = 2.967 | Steps Per Second = 78.304 | Success = 1.000 | Success 1000 = 0.653
I0502 15:31:10.205856 139569349502528 terminal.py:91] [Actor] Actor Episodes = 10030 | Actor Steps = 501500 | Delta Dist = 6.926 | Delta Dist 10 = 3.418 | Delta Dist 100 = 4.730 | Delta Dist 1000 = 4.283 | Episode Length = 50 | Episode Return = 30.0 | Evaluator Episodes = 2520 | Evaluator Steps = 126000 | Final Dist = 1.137 | Final Dist 10 = 1.676 | Final Dist 100 = 1.364 | Final Dist 1000 = 1.508 | Init Dist = 8.062 | Init Dist 10 = 5.094 | Init Dist 100 = 6.094 | Init Dist 1000 = 5.791 | Learner Steps = 7677 | Learner Walltime = 1493.735 | Min Dist = 0.312 | Min Dist 10 = 0.069 | Min Dist 100 = 0.238 | Min Dist 1000 = 0.235 | Steps Per Second = 76.134 | Success = 1.000 | Success 1000 = 0.994
I0502 15:31:10.695733 139557462840896 terminal.py:91] [Actor] Actor Episodes = 10025 | Actor Steps = 501250 | Delta Dist = 5.206 | Delta Dist 10 = 3.271 | Delta Dist 100 = 4.690 | Delta Dist 1000 = 4.288 | Episode Length = 50 | Episode Return = 41.0 | Evaluator Episodes = 2518 | Evaluator Steps = 125900 | Final Dist = 0.179 | Final Dist 10 = 1.599 | Final Dist 100 = 1.349 | Final Dist 1000 = 1.502 | Init Dist = 5.385 | Init Dist 10 = 4.870 | Init Dist 100 = 6.039 | Init Dist 1000 = 5.790 | Learner Steps = 7677 | Learner Walltime = 1493.735 | Min Dist = 0.044 | Min Dist 10 = 0.093 | Min Dist 100 = 0.240 | Min Dist 1000 = 0.235 | Steps Per Second = 79.033 | Success = 1.000 | Success 1000 = 0.994
I0502 15:31:11.014895 139555013154368 terminal.py:91] [Learner] Actor Episodes = 10030 | Actor Loss = 3.644282579421997 | Actor Steps = 501500 | Binary Accuracy = 0.9960000514984131 | Categorical Accuracy = 0.421875 | Critic Loss = 1.9471867084503174 | Entropy Mean = -18.39877700805664 | Evaluator Episodes = 2520 | Evaluator Steps = 126000 | Learner Steps = 7684 | Learner Walltime = 1495.210 | Logits Neg = -16.486175537109375 | Logits Pos = -1.9483287334442139 | Logsumexp = 1.219053030014038 | Steps Per Second = 111.826
I0502 15:31:11.267207 139558059398720 terminal.py:91] [Actor] Actor Episodes = 10032 | Actor Steps = 501600 | Delta Dist = 2.036 | Delta Dist 10 = 4.561 | Delta Dist 100 = 4.635 | Delta Dist 1000 = 4.286 | Episode Length = 50 | Episode Return = 24.0 | Evaluator Episodes = 2520 | Evaluator Steps = 126000 | Final Dist = 1.569 | Final Dist 10 = 1.004 | Final Dist 100 = 1.337 | Final Dist 1000 = 1.499 | Init Dist = 3.606 | Init Dist 10 = 5.566 | Init Dist 100 = 5.972 | Init Dist 1000 = 5.785 | Learner Steps = 7684 | Learner Walltime = 1495.210 | Min Dist = 0.019 | Min Dist 10 = 0.085 | Min Dist 100 = 0.237 | Min Dist 1000 = 0.234 | Steps Per Second = 79.596 | Success = 1.000 | Success 1000 = 0.995
I0502 15:31:11.339000 139579566835264 terminal.py:91] [Evaluator] Actor Episodes = 10034 | Actor Steps = 501700 | Delta Dist = 11.662 | Delta Dist 10 = 11.696 | Delta Dist 100 = 10.251 | Delta Dist 1000 = 9.225 | Episode Length = 50 | Episode Return = 10.0 | Evaluator Episodes = 2522 | Evaluator Steps = 126100 | Final Dist = 1.145 | Final Dist 10 = 1.110 | Final Dist 100 = 2.555 | Final Dist 1000 = 3.582 | Init Dist = 12.806 | Init Dist 10 = 12.806 | Init Dist 100 = 12.806 | Init Dist 1000 = 12.806 | Learner Steps = 7684 | Learner Walltime = 1495.210 | Min Dist = 0.231 | Min Dist 10 = 0.434 | Min Dist 100 = 1.826 | Min Dist 1000 = 2.957 | Steps Per Second = 84.905 | Success = 1.000 | Success 1000 = 0.654
I0502 15:31:11.420667 139555860620864 terminal.py:91] [Actor] Actor Episodes = 10036 | Actor Steps = 501800 | Delta Dist = 5.344 | Delta Dist 10 = 4.356 | Delta Dist 100 = 4.597 | Delta Dist 1000 = 4.272 | Episode Length = 50 | Episode Return = 29.0 | Evaluator Episodes = 2522 | Evaluator Steps = 126100 | Final Dist = 0.487 | Final Dist 10 = 1.076 | Final Dist 100 = 1.380 | Final Dist 1000 = 1.499 | Init Dist = 5.831 | Init Dist 10 = 5.433 | Init Dist 100 = 5.977 | Init Dist 1000 = 5.772 | Learner Steps = 7684 | Learner Walltime = 1495.210 | Min Dist = 0.043 | Min Dist 10 = 0.058 | Min Dist 100 = 0.235 | Min Dist 1000 = 0.234 | Steps Per Second = 78.054 | Success = 1.000 | Success 1000 = 0.995
I0502 15:31:12.511112 139579566835264 terminal.py:91] [Evaluator] Actor Episodes = 10038 | Actor Steps = 501900 | Delta Dist = 11.449 | Delta Dist 10 = 11.595 | Delta Dist 100 = 10.252 | Delta Dist 1000 = 9.225 | Episode Length = 50 | Episode Return = 11.0 | Evaluator Episodes = 2524 | Evaluator Steps = 126200 | Final Dist = 1.358 | Final Dist 10 = 1.211 | Final Dist 100 = 2.555 | Final Dist 1000 = 3.581 | Init Dist = 12.806 | Init Dist 10 = 12.806 | Init Dist 100 = 12.806 | Init Dist 1000 = 12.806 | Learner Steps = 7690 | Learner Walltime = 1496.382 | Min Dist = 0.203 | Min Dist 10 = 0.445 | Min Dist 100 = 1.829 | Min Dist 1000 = 2.957 | Steps Per Second = 82.637 | Success = 1.000 | Success 1000 = 0.654
I0502 15:31:13.719365 139579566835264 terminal.py:91] [Evaluator] Actor Episodes = 10046 | Actor Steps = 502300 | Delta Dist = 11.421 | Delta Dist 10 = 11.675 | Delta Dist 100 = 10.255 | Delta Dist 1000 = 9.235 | Episode Length = 50 | Episode Return = 9.0 | Evaluator Episodes = 2526 | Evaluator Steps = 126300 | Final Dist = 1.385 | Final Dist 10 = 1.131 | Final Dist 100 = 2.552 | Final Dist 1000 = 3.571 | Init Dist = 12.806 | Init Dist 10 = 12.806 | Init Dist 100 = 12.806 | Init Dist 1000 = 12.806 | Learner Steps = 7696 | Learner Walltime = 1497.527 | Min Dist = 0.259 | Min Dist 10 = 0.379 | Min Dist 100 = 1.822 | Min Dist 1000 = 2.946 | Steps Per Second = 86.952 | Success = 1.000 | Success 1000 = 0.655
I0502 15:31:15.017215 139579566835264 terminal.py:91] [Evaluator] Actor Episodes = 10058 | Actor Steps = 502900 | Delta Dist = 2.441 | Delta Dist 10 = 10.944 | Delta Dist 100 = 10.279 | Delta Dist 1000 = 9.227 | Episode Length = 50 | Episode Return = 0.0 | Evaluator Episodes = 2528 | Evaluator Steps = 126400 | Final Dist = 10.366 | Final Dist 10 = 1.863 | Final Dist 100 = 2.528 | Final Dist 1000 = 3.580 | Init Dist = 12.806 | Init Dist 10 = 12.806 | Init Dist 100 = 12.806 | Init Dist 1000 = 12.806 | Learner Steps = 7702 | Learner Walltime = 1498.672 | Min Dist = 10.336 | Min Dist 10 = 0.953 | Min Dist 100 = 1.791 | Min Dist 1000 = 2.953 | Steps Per Second = 78.921 | Success = 0.000 | Success 1000 = 0.654
I0502 15:31:16.201383 139579566835264 terminal.py:91] [Evaluator] Actor Episodes = 10066 | Actor Steps = 503300 | Delta Dist = 8.258 | Delta Dist 10 = 9.526 | Delta Dist 100 = 10.128 | Delta Dist 1000 = 9.211 | Episode Length = 50 | Episode Return = 0.0 | Evaluator Episodes = 2530 | Evaluator Steps = 126500 | Final Dist = 4.548 | Final Dist 10 = 3.280 | Final Dist 100 = 2.678 | Final Dist 1000 = 3.595 | Init Dist = 12.806 | Init Dist 10 = 12.806 | Init Dist 100 = 12.806 | Init Dist 1000 = 12.806 | Learner Steps = 7707 | Learner Walltime = 1499.691 | Min Dist = 4.548 | Min Dist 10 = 2.515 | Min Dist 100 = 1.940 | Min Dist 1000 = 2.969 | Steps Per Second = 78.162 | Success = 0.000 | Success 1000 = 0.652
I0502 15:31:17.389183 139584504182336 lp_utils.py:96] StepsLimiter: Reached 503500 recorded steps
I0502 15:31:17.520442 139579566835264 terminal.py:91] [Evaluator] Actor Episodes = 10070 | Actor Steps = 503500 | Delta Dist = 11.680 | Delta Dist 10 = 9.191 | Delta Dist 100 = 10.253 | Delta Dist 1000 = 9.213 | Episode Length = 50 | Episode Return = 11.0 | Evaluator Episodes = 2532 | Evaluator Steps = 126600 | Final Dist = 1.127 | Final Dist 10 = 3.615 | Final Dist 100 = 2.553 | Final Dist 1000 = 3.593 | Init Dist = 12.806 | Init Dist 10 = 12.806 | Init Dist 100 = 12.806 | Init Dist 1000 = 12.806 | Learner Steps = 7713 | Learner Walltime = 1500.840 | Min Dist = 0.197 | Min Dist 10 = 2.954 | Min Dist 100 = 1.817 | Min Dist 1000 = 2.966 | Steps Per Second = 78.903 | Success = 1.000 | Success 1000 = 0.652
I0502 15:31:18.844756 139579566835264 terminal.py:91] [Evaluator] Actor Episodes = 10082 | Actor Steps = 504100 | Delta Dist = 11.787 | Delta Dist 10 = 8.791 | Delta Dist 100 = 10.227 | Delta Dist 1000 = 9.229 | Episode Length = 50 | Episode Return = 0.0 | Evaluator Episodes = 2534 | Evaluator Steps = 126700 | Final Dist = 1.019 | Final Dist 10 = 4.015 | Final Dist 100 = 2.579 | Final Dist 1000 = 3.577 | Init Dist = 12.806 | Init Dist 10 = 12.806 | Init Dist 100 = 12.806 | Init Dist 1000 = 12.806 | Learner Steps = 7718 | Learner Walltime = 1501.854 | Min Dist = 1.019 | Min Dist 10 = 3.352 | Min Dist 100 = 1.846 | Min Dist 1000 = 2.950 | Steps Per Second = 75.936 | Success = 0.000 | Success 1000 = 0.653
I0502 15:31:20.120674 139579566835264 terminal.py:91] [Evaluator] Actor Episodes = 10090 | Actor Steps = 504500 | Delta Dist = 11.504 | Delta Dist 10 = 8.821 | Delta Dist 100 = 10.234 | Delta Dist 1000 = 9.239 | Episode Length = 50 | Episode Return = 18.0 | Evaluator Episodes = 2536 | Evaluator Steps = 126800 | Final Dist = 1.302 | Final Dist 10 = 3.985 | Final Dist 100 = 2.572 | Final Dist 1000 = 3.568 | Init Dist = 12.806 | Init Dist 10 = 12.806 | Init Dist 100 = 12.806 | Init Dist 1000 = 12.806 | Learner Steps = 7723 | Learner Walltime = 1503.094 | Min Dist = 0.012 | Min Dist 10 = 3.444 | Min Dist 100 = 1.849 | Min Dist 1000 = 2.940 | Steps Per Second = 85.382 | Success = 1.000 | Success 1000 = 0.653
I0502 15:31:20.296036 139569349502528 terminal.py:91] [Actor] Actor Episodes = 10094 | Actor Steps = 504700 | Delta Dist = -7.631 | Delta Dist 10 = 3.752 | Delta Dist 100 = 4.631 | Delta Dist 1000 = 4.296 | Episode Length = 50 | Episode Return = 0.0 | Evaluator Episodes = 2536 | Evaluator Steps = 126800 | Final Dist = 9.867 | Final Dist 10 = 3.083 | Final Dist 100 = 1.595 | Final Dist 1000 = 1.501 | Init Dist = 2.236 | Init Dist 10 = 6.835 | Init Dist 100 = 6.226 | Init Dist 1000 = 5.796 | Learner Steps = 7729 | Learner Walltime = 1504.352 | Min Dist = 0.556 | Min Dist 10 = 0.291 | Min Dist 100 = 0.232 | Min Dist 1000 = 0.235 | Steps Per Second = 97.244 | Success = 1.000 | Success 1000 = 0.996
I0502 15:31:20.725099 139557462840896 terminal.py:91] [Actor] Actor Episodes = 10091 | Actor Steps = 504550 | Delta Dist = 5.045 | Delta Dist 10 = 4.403 | Delta Dist 100 = 4.656 | Delta Dist 1000 = 4.311 | Episode Length = 50 | Episode Return = 35.0 | Evaluator Episodes = 2534 | Evaluator Steps = 126700 | Final Dist = 0.955 | Final Dist 10 = 2.605 | Final Dist 100 = 1.572 | Final Dist 1000 = 1.491 | Init Dist = 6.000 | Init Dist 10 = 7.008 | Init Dist 100 = 6.227 | Init Dist 1000 = 5.802 | Learner Steps = 7723 | Learner Walltime = 1503.094 | Min Dist = 0.066 | Min Dist 10 = 0.153 | Min Dist 100 = 0.235 | Min Dist 1000 = 0.235 | Steps Per Second = 78.723 | Success = 1.000 | Success 1000 = 0.996
I0502 15:31:21.304249 139558059398720 terminal.py:91] [Actor] Actor Episodes = 10096 | Actor Steps = 504800 | Delta Dist = 5.585 | Delta Dist 10 = 5.646 | Delta Dist 100 = 4.661 | Delta Dist 1000 = 4.320 | Episode Length = 50 | Episode Return = 36.0 | Evaluator Episodes = 2536 | Evaluator Steps = 126800 | Final Dist = 0.072 | Final Dist 10 = 1.867 | Final Dist 100 = 1.590 | Final Dist 1000 = 1.478 | Init Dist = 5.657 | Init Dist 10 = 7.513 | Init Dist 100 = 6.251 | Init Dist 1000 = 5.798 | Learner Steps = 7729 | Learner Walltime = 1504.352 | Min Dist = 0.072 | Min Dist 10 = 0.157 | Min Dist 100 = 0.233 | Min Dist 1000 = 0.235 | Steps Per Second = 79.942 | Success = 1.000 | Success 1000 = 0.996
I0502 15:31:21.374605 139579566835264 terminal.py:91] [Evaluator] Actor Episodes = 10096 | Actor Steps = 504800 | Delta Dist = 1.964 | Delta Dist 10 = 9.407 | Delta Dist 100 = 10.294 | Delta Dist 1000 = 9.239 | Episode Length = 50 | Episode Return = 0.0 | Evaluator Episodes = 2538 | Evaluator Steps = 126900 | Final Dist = 10.842 | Final Dist 10 = 3.400 | Final Dist 100 = 2.512 | Final Dist 1000 = 3.567 | Init Dist = 12.806 | Init Dist 10 = 12.806 | Init Dist 100 = 12.806 | Init Dist 1000 = 12.806 | Learner Steps = 7729 | Learner Walltime = 1504.352 | Min Dist = 10.702 | Min Dist 10 = 2.769 | Min Dist 100 = 1.795 | Min Dist 1000 = 2.938 | Steps Per Second = 76.014 | Success = 0.000 | Success 1000 = 0.655
I0502 15:31:21.454756 139555013154368 terminal.py:91] [Learner] Actor Episodes = 10098 | Actor Loss = 3.631768226623535 | Actor Steps = 504900 | Binary Accuracy = 0.9959614276885986 | Categorical Accuracy = 0.4034423828125 | Critic Loss = 2.0304934978485107 | Entropy Mean = -19.789073944091797 | Evaluator Episodes = 2538 | Evaluator Steps = 126900 | Learner Steps = 7736 | Learner Walltime = 1505.649 | Logits Neg = -15.927572250366211 | Logits Pos = -2.0091264247894287 | Logsumexp = 1.314093828201294 | Steps Per Second = 135.984
I0502 15:31:21.521429 139555860620864 terminal.py:91] [Actor] Actor Episodes = 10102 | Actor Steps = 505100 | Delta Dist = 6.717 | Delta Dist 10 = 4.075 | Delta Dist 100 = 4.571 | Delta Dist 1000 = 4.312 | Episode Length = 50 | Episode Return = 30.0 | Evaluator Episodes = 2538 | Evaluator Steps = 126900 | Final Dist = 0.899 | Final Dist 10 = 2.582 | Final Dist 100 = 1.655 | Final Dist 1000 = 1.486 | Init Dist = 7.616 | Init Dist 10 = 6.657 | Init Dist 100 = 6.226 | Init Dist 1000 = 5.797 | Learner Steps = 7736 | Learner Walltime = 1505.649 | Min Dist = 0.155 | Min Dist 10 = 0.122 | Min Dist 100 = 0.233 | Min Dist 1000 = 0.235 | Steps Per Second = 69.301 | Success = 1.000 | Success 1000 = 0.996
I0502 15:31:22.697705 139579566835264 terminal.py:91] [Evaluator] Actor Episodes = 10102 | Actor Steps = 505100 | Delta Dist = 12.054 | Delta Dist 10 = 9.946 | Delta Dist 100 = 10.202 | Delta Dist 1000 = 9.239 | Episode Length = 50 | Episode Return = 9.0 | Evaluator Episodes = 2540 | Evaluator Steps = 127000 | Final Dist = 0.752 | Final Dist 10 = 2.860 | Final Dist 100 = 2.604 | Final Dist 1000 = 3.568 | Init Dist = 12.806 | Init Dist 10 = 12.806 | Init Dist 100 = 12.806 | Init Dist 1000 = 12.806 | Learner Steps = 7736 | Learner Walltime = 1505.649 | Min Dist = 0.093 | Min Dist 10 = 2.230 | Min Dist 100 = 1.900 | Min Dist 1000 = 2.938 | Steps Per Second = 75.898 | Success = 1.000 | Success 1000 = 0.655
I0502 15:31:24.025130 139579566835264 terminal.py:91] [Evaluator] Actor Episodes = 10110 | Actor Steps = 505500 | Delta Dist = 11.478 | Delta Dist 10 = 9.606 | Delta Dist 100 = 10.229 | Delta Dist 1000 = 9.231 | Episode Length = 50 | Episode Return = 2.0 | Evaluator Episodes = 2542 | Evaluator Steps = 127100 | Final Dist = 1.328 | Final Dist 10 = 3.200 | Final Dist 100 = 2.578 | Final Dist 1000 = 3.575 | Init Dist = 12.806 | Init Dist 10 = 12.806 | Init Dist 100 = 12.806 | Init Dist 1000 = 12.806 | Learner Steps = 7742 | Learner Walltime = 1507.077 | Min Dist = 0.826 | Min Dist 10 = 2.353 | Min Dist 100 = 1.855 | Min Dist 1000 = 2.944 | Steps Per Second = 80.669 | Success = 1.000 | Success 1000 = 0.654
I0502 15:31:25.372730 139579566835264 terminal.py:91] [Evaluator] Actor Episodes = 10120 | Actor Steps = 506000 | Delta Dist = 11.776 | Delta Dist 10 = 9.893 | Delta Dist 100 = 10.314 | Delta Dist 1000 = 9.240 | Episode Length = 50 | Episode Return = 13.0 | Evaluator Episodes = 2544 | Evaluator Steps = 127200 | Final Dist = 1.030 | Final Dist 10 = 2.913 | Final Dist 100 = 2.492 | Final Dist 1000 = 3.566 | Init Dist = 12.806 | Init Dist 10 = 12.806 | Init Dist 100 = 12.806 | Init Dist 1000 = 12.806 | Learner Steps = 7749 | Learner Walltime = 1508.401 | Min Dist = 0.178 | Min Dist 10 = 1.968 | Min Dist 100 = 1.756 | Min Dist 1000 = 2.934 | Steps Per Second = 72.490 | Success = 1.000 | Success 1000 = 0.655
I0502 15:31:26.680347 139579566835264 terminal.py:91] [Evaluator] Actor Episodes = 10128 | Actor Steps = 506400 | Delta Dist = 11.403 | Delta Dist 10 = 9.905 | Delta Dist 100 = 10.469 | Delta Dist 1000 = 9.251 | Episode Length = 50 | Episode Return = 5.0 | Evaluator Episodes = 2546 | Evaluator Steps = 127300 | Final Dist = 1.403 | Final Dist 10 = 2.901 | Final Dist 100 = 2.337 | Final Dist 1000 = 3.556 | Init Dist = 12.806 | Init Dist 10 = 12.806 | Init Dist 100 = 12.806 | Init Dist 1000 = 12.806 | Learner Steps = 7756 | Learner Walltime = 1509.760 | Min Dist = 0.169 | Min Dist 10 = 1.883 | Min Dist 100 = 1.617 | Min Dist 1000 = 2.924 | Steps Per Second = 77.323 | Success = 1.000 | Success 1000 = 0.656
I0502 15:31:27.407114 139584504182336 lp_utils.py:96] StepsLimiter: Reached 506700 recorded steps
I0502 15:31:28.009017 139579566835264 terminal.py:91] [Evaluator] Actor Episodes = 10136 | Actor Steps = 506800 | Delta Dist = 11.995 | Delta Dist 10 = 9.361 | Delta Dist 100 = 10.440 | Delta Dist 1000 = 9.257 | Episode Length = 50 | Episode Return = 28.0 | Evaluator Episodes = 2548 | Evaluator Steps = 127400 | Final Dist = 0.811 | Final Dist 10 = 3.445 | Final Dist 100 = 2.366 | Final Dist 1000 = 3.549 | Init Dist = 12.806 | Init Dist 10 = 12.806 | Init Dist 100 = 12.806 | Init Dist 1000 = 12.806 | Learner Steps = 7761 | Learner Walltime = 1510.955 | Min Dist = 0.089 | Min Dist 10 = 2.549 | Min Dist 100 = 1.642 | Min Dist 1000 = 2.917 | Steps Per Second = 75.018 | Success = 1.000 | Success 1000 = 0.657
I0502 15:31:29.375600 139579566835264 terminal.py:91] [Evaluator] Actor Episodes = 10150 | Actor Steps = 507500 | Delta Dist = 11.830 | Delta Dist 10 = 10.329 | Delta Dist 100 = 10.505 | Delta Dist 1000 = 9.267 | Episode Length = 50 | Episode Return = 22.0 | Evaluator Episodes = 2550 | Evaluator Steps = 127500 | Final Dist = 0.976 | Final Dist 10 = 2.477 | Final Dist 100 = 2.301 | Final Dist 1000 = 3.539 | Init Dist = 12.806 | Init Dist 10 = 12.806 | Init Dist 100 = 12.806 | Init Dist 1000 = 12.806 | Learner Steps = 7768 | Learner Walltime = 1512.445 | Min Dist = 0.098 | Min Dist 10 = 1.482 | Min Dist 100 = 1.570 | Min Dist 1000 = 2.907 | Steps Per Second = 74.893 | Success = 1.000 | Success 1000 = 0.658
I0502 15:31:30.605292 139569349502528 terminal.py:91] [Actor] Actor Episodes = 10152 | Actor Steps = 507600 | Delta Dist = 4.759 | Delta Dist 10 = 3.070 | Delta Dist 100 = 3.621 | Delta Dist 1000 = 4.242 | Episode Length = 50 | Episode Return = 22.0 | Evaluator Episodes = 2550 | Evaluator Steps = 127500 | Final Dist = 1.565 | Final Dist 10 = 3.509 | Final Dist 100 = 2.516 | Final Dist 1000 = 1.592 | Init Dist = 6.325 | Init Dist 10 = 6.579 | Init Dist 100 = 6.138 | Init Dist 1000 = 5.834 | Learner Steps = 7773 | Learner Walltime = 1513.629 | Min Dist = 0.029 | Min Dist 10 = 0.606 | Min Dist 100 = 0.236 | Min Dist 1000 = 0.244 | Steps Per Second = 80.472 | Success = 1.000 | Success 1000 = 0.994
I0502 15:31:30.695615 139579566835264 terminal.py:91] [Evaluator] Actor Episodes = 10158 | Actor Steps = 507900 | Delta Dist = 11.817 | Delta Dist 10 = 11.076 | Delta Dist 100 = 10.505 | Delta Dist 1000 = 9.286 | Episode Length = 50 | Episode Return = 13.0 | Evaluator Episodes = 2552 | Evaluator Steps = 127600 | Final Dist = 0.989 | Final Dist 10 = 1.730 | Final Dist 100 = 2.302 | Final Dist 1000 = 3.520 | Init Dist = 12.806 | Init Dist 10 = 12.806 | Init Dist 100 = 12.806 | Init Dist 1000 = 12.806 | Learner Steps = 7773 | Learner Walltime = 1513.629 | Min Dist = 0.153 | Min Dist 10 = 0.911 | Min Dist 100 = 1.567 | Min Dist 1000 = 2.886 | Steps Per Second = 80.237 | Success = 1.000 | Success 1000 = 0.660
I0502 15:31:31.251062 139557462840896 terminal.py:91] [Actor] Actor Episodes = 10157 | Actor Steps = 507850 | Delta Dist = 3.122 | Delta Dist 10 = 3.063 | Delta Dist 100 = 3.628 | Delta Dist 1000 = 4.231 | Episode Length = 50 | Episode Return = 25.0 | Evaluator Episodes = 2550 | Evaluator Steps = 127500 | Final Dist = 0.483 | Final Dist 10 = 2.633 | Final Dist 100 = 2.451 | Final Dist 1000 = 1.590 | Init Dist = 3.606 | Init Dist 10 = 5.696 | Init Dist 100 = 6.080 | Init Dist 1000 = 5.821 | Learner Steps = 7773 | Learner Walltime = 1513.629 | Min Dist = 0.483 | Min Dist 10 = 0.852 | Min Dist 100 = 0.251 | Min Dist 1000 = 0.240 | Steps Per Second = 82.329 | Success = 1.000 | Success 1000 = 0.994
I0502 15:31:31.721341 139555860620864 terminal.py:91] [Actor] Actor Episodes = 10160 | Actor Steps = 508000 | Delta Dist = 2.635 | Delta Dist 10 = 3.077 | Delta Dist 100 = 3.655 | Delta Dist 1000 = 4.229 | Episode Length = 50 | Episode Return = 41.0 | Evaluator Episodes = 2552 | Evaluator Steps = 127600 | Final Dist = 0.193 | Final Dist 10 = 2.619 | Final Dist 100 = 2.461 | Final Dist 1000 = 1.590 | Init Dist = 2.828 | Init Dist 10 = 5.696 | Init Dist 100 = 6.116 | Init Dist 1000 = 5.819 | Learner Steps = 7780 | Learner Walltime = 1514.918 | Min Dist = 0.009 | Min Dist 10 = 0.876 | Min Dist 100 = 0.256 | Min Dist 1000 = 0.240 | Steps Per Second = 90.174 | Success = 1.000 | Success 1000 = 0.994
I0502 15:31:31.769839 139558059398720 terminal.py:91] [Actor] Actor Episodes = 10162 | Actor Steps = 508100 | Delta Dist = 0.519 | Delta Dist 10 = 3.004 | Delta Dist 100 = 3.613 | Delta Dist 1000 = 4.222 | Episode Length = 50 | Episode Return = 45.0 | Evaluator Episodes = 2552 | Evaluator Steps = 127600 | Final Dist = 0.895 | Final Dist 10 = 1.985 | Final Dist 100 = 2.477 | Final Dist 1000 = 1.592 | Init Dist = 1.414 | Init Dist 10 = 4.989 | Init Dist 100 = 6.090 | Init Dist 1000 = 5.814 | Learner Steps = 7780 | Learner Walltime = 1514.918 | Min Dist = 0.081 | Min Dist 10 = 0.739 | Min Dist 100 = 0.255 | Min Dist 1000 = 0.240 | Steps Per Second = 88.817 | Success = 1.000 | Success 1000 = 0.994
I0502 15:31:31.840936 139555013154368 terminal.py:91] [Learner] Actor Episodes = 10164 | Actor Loss = 3.647213935852051 | Actor Steps = 508200 | Binary Accuracy = 0.9960062503814697 | Categorical Accuracy = 0.422607421875 | Critic Loss = 1.9627419710159302 | Entropy Mean = -18.038732528686523 | Evaluator Episodes = 2552 | Evaluator Steps = 127600 | Learner Steps = 7786 | Learner Walltime = 1516.037 | Logits Neg = -16.352231979370117 | Logits Pos = -1.9366090297698975 | Logsumexp = 1.2994327545166016 | Steps Per Second = 150.079
I0502 15:31:31.853512 139579566835264 terminal.py:91] [Evaluator] Actor Episodes = 10164 | Actor Steps = 508200 | Delta Dist = 11.359 | Delta Dist 10 = 11.136 | Delta Dist 100 = 10.564 | Delta Dist 1000 = 9.292 | Episode Length = 50 | Episode Return = 8.0 | Evaluator Episodes = 2554 | Evaluator Steps = 127700 | Final Dist = 1.447 | Final Dist 10 = 1.670 | Final Dist 100 = 2.242 | Final Dist 1000 = 3.514 | Init Dist = 12.806 | Init Dist 10 = 12.806 | Init Dist 100 = 12.806 | Init Dist 1000 = 12.806 | Learner Steps = 7786 | Learner Walltime = 1516.037 | Min Dist = 0.583 | Min Dist 10 = 0.846 | Min Dist 100 = 1.496 | Min Dist 1000 = 2.878 | Steps Per Second = 85.646 | Success = 1.000 | Success 1000 = 0.661
I0502 15:31:33.168999 139579566835264 terminal.py:91] [Evaluator] Actor Episodes = 10172 | Actor Steps = 508600 | Delta Dist = 12.375 | Delta Dist 10 = 10.595 | Delta Dist 100 = 10.499 | Delta Dist 1000 = 9.287 | Episode Length = 50 | Episode Return = 25.0 | Evaluator Episodes = 2556 | Evaluator Steps = 127800 | Final Dist = 0.431 | Final Dist 10 = 2.211 | Final Dist 100 = 2.307 | Final Dist 1000 = 3.519 | Init Dist = 12.806 | Init Dist 10 = 12.806 | Init Dist 100 = 12.806 | Init Dist 1000 = 12.806 | Learner Steps = 7792 | Learner Walltime = 1517.132 | Min Dist = 0.042 | Min Dist 10 = 1.454 | Min Dist 100 = 1.557 | Min Dist 1000 = 2.884 | Steps Per Second = 76.134 | Success = 1.000 | Success 1000 = 0.660
I0502 15:31:34.405068 139579566835264 terminal.py:91] [Evaluator] Actor Episodes = 10180 | Actor Steps = 509000 | Delta Dist = 12.195 | Delta Dist 10 = 11.309 | Delta Dist 100 = 10.507 | Delta Dist 1000 = 9.293 | Episode Length = 50 | Episode Return = 24.0 | Evaluator Episodes = 2558 | Evaluator Steps = 127900 | Final Dist = 0.612 | Final Dist 10 = 1.498 | Final Dist 100 = 2.299 | Final Dist 1000 = 3.513 | Init Dist = 12.806 | Init Dist 10 = 12.806 | Init Dist 100 = 12.806 | Init Dist 1000 = 12.806 | Learner Steps = 7798 | Learner Walltime = 1518.370 | Min Dist = 0.431 | Min Dist 10 = 0.746 | Min Dist 100 = 1.556 | Min Dist 1000 = 2.877 | Steps Per Second = 76.105 | Success = 1.000 | Success 1000 = 0.662
I0502 15:31:34.736171 139583350109760 savers.py:156] Saving checkpoint: logs/contrastive_cpc_point_FourRooms_64/5dd72662-2788-11f0-b183-d85ed38c5779/checkpoints/learner
I0502 15:31:35.638287 139579566835264 terminal.py:91] [Evaluator] Actor Episodes = 10188 | Actor Steps = 509400 | Delta Dist = 11.766 | Delta Dist 10 = 11.341 | Delta Dist 100 = 10.497 | Delta Dist 1000 = 9.297 | Episode Length = 50 | Episode Return = 13.0 | Evaluator Episodes = 2560 | Evaluator Steps = 128000 | Final Dist = 1.040 | Final Dist 10 = 1.465 | Final Dist 100 = 2.310 | Final Dist 1000 = 3.509 | Init Dist = 12.806 | Init Dist 10 = 12.806 | Init Dist 100 = 12.806 | Init Dist 1000 = 12.806 | Learner Steps = 7804 | Learner Walltime = 1519.429 | Min Dist = 0.165 | Min Dist 10 = 0.806 | Min Dist 100 = 1.562 | Min Dist 1000 = 2.873 | Steps Per Second = 88.226 | Success = 1.000 | Success 1000 = 0.663
I0502 15:31:36.946564 139579566835264 terminal.py:91] [Evaluator] Actor Episodes = 10196 | Actor Steps = 509800 | Delta Dist = 12.672 | Delta Dist 10 = 11.339 | Delta Dist 100 = 10.616 | Delta Dist 1000 = 9.308 | Episode Length = 50 | Episode Return = 21.0 | Evaluator Episodes = 2562 | Evaluator Steps = 128100 | Final Dist = 0.135 | Final Dist 10 = 1.467 | Final Dist 100 = 2.190 | Final Dist 1000 = 3.498 | Init Dist = 12.806 | Init Dist 10 = 12.806 | Init Dist 100 = 12.806 | Init Dist 1000 = 12.806 | Learner Steps = 7810 | Learner Walltime = 1520.696 | Min Dist = 0.034 | Min Dist 10 = 0.816 | Min Dist 100 = 1.448 | Min Dist 1000 = 2.861 | Steps Per Second = 80.176 | Success = 1.000 | Success 1000 = 0.665
I0502 15:31:37.427926 139584504182336 lp_utils.py:96] StepsLimiter: Reached 509900 recorded steps
I0502 15:31:38.226760 139579566835264 terminal.py:91] [Evaluator] Actor Episodes = 10204 | Actor Steps = 510200 | Delta Dist = 4.698 | Delta Dist 10 = 11.407 | Delta Dist 100 = 10.723 | Delta Dist 1000 = 9.317 | Episode Length = 50 | Episode Return = 0.0 | Evaluator Episodes = 2564 | Evaluator Steps = 128200 | Final Dist = 8.108 | Final Dist 10 = 1.399 | Final Dist 100 = 2.084 | Final Dist 1000 = 3.489 | Init Dist = 12.806 | Init Dist 10 = 12.806 | Init Dist 100 = 12.806 | Init Dist 1000 = 12.806 | Learner Steps = 7817 | Learner Walltime = 1522.098 | Min Dist = 7.771 | Min Dist 10 = 0.821 | Min Dist 100 = 1.340 | Min Dist 1000 = 2.850 | Steps Per Second = 76.647 | Success = 0.000 | Success 1000 = 0.666
I0502 15:31:38.469734 139584635659840 savers.py:156] Saving checkpoint: logs/contrastive_cpc_point_FourRooms_64/5dd72662-2788-11f0-b183-d85ed38c5779/checkpoints/counter
I0502 15:31:39.552739 139579566835264 terminal.py:91] [Evaluator] Actor Episodes = 10212 | Actor Steps = 510600 | Delta Dist = 12.382 | Delta Dist 10 = 11.189 | Delta Dist 100 = 10.662 | Delta Dist 1000 = 9.320 | Episode Length = 50 | Episode Return = 14.0 | Evaluator Episodes = 2566 | Evaluator Steps = 128300 | Final Dist = 0.424 | Final Dist 10 = 1.617 | Final Dist 100 = 2.144 | Final Dist 1000 = 3.486 | Init Dist = 12.806 | Init Dist 10 = 12.806 | Init Dist 100 = 12.806 | Init Dist 1000 = 12.806 | Learner Steps = 7823 | Learner Walltime = 1523.469 | Min Dist = 0.196 | Min Dist 10 = 0.983 | Min Dist 100 = 1.403 | Min Dist 1000 = 2.848 | Steps Per Second = 73.688 | Success = 1.000 | Success 1000 = 0.666
I0502 15:31:40.830803 139579566835264 terminal.py:91] [Evaluator] Actor Episodes = 10220 | Actor Steps = 511000 | Delta Dist = 12.332 | Delta Dist 10 = 11.262 | Delta Dist 100 = 10.770 | Delta Dist 1000 = 9.320 | Episode Length = 50 | Episode Return = 4.0 | Evaluator Episodes = 2568 | Evaluator Steps = 128400 | Final Dist = 0.474 | Final Dist 10 = 1.545 | Final Dist 100 = 2.036 | Final Dist 1000 = 3.486 | Init Dist = 12.806 | Init Dist 10 = 12.806 | Init Dist 100 = 12.806 | Init Dist 1000 = 12.806 | Learner Steps = 7829 | Learner Walltime = 1524.852 | Min Dist = 0.474 | Min Dist 10 = 1.001 | Min Dist 100 = 1.305 | Min Dist 1000 = 2.848 | Steps Per Second = 84.925 | Success = 1.000 | Success 1000 = 0.666
I0502 15:31:41.244290 139569349502528 terminal.py:91] [Actor] Actor Episodes = 10219 | Actor Steps = 510950 | Delta Dist = 2.023 | Delta Dist 10 = 5.697 | Delta Dist 100 = 3.655 | Delta Dist 1000 = 4.220 | Episode Length = 50 | Episode Return = 36.0 | Evaluator Episodes = 2566 | Evaluator Steps = 128300 | Final Dist = 0.977 | Final Dist 10 = 1.668 | Final Dist 100 = 2.107 | Final Dist 1000 = 1.615 | Init Dist = 3.000 | Init Dist 10 = 7.366 | Init Dist 100 = 5.763 | Init Dist 1000 = 5.835 | Learner Steps = 7823 | Learner Walltime = 1523.469 | Min Dist = 0.007 | Min Dist 10 = 0.152 | Min Dist 100 = 0.235 | Min Dist 1000 = 0.226 | Steps Per Second = 73.389 | Success = 1.000 | Success 1000 = 0.993
I0502 15:31:41.605542 139557462840896 terminal.py:91] [Actor] Actor Episodes = 10223 | Actor Steps = 511150 | Delta Dist = -3.172 | Delta Dist 10 = 5.772 | Delta Dist 100 = 3.725 | Delta Dist 1000 = 4.217 | Episode Length = 50 | Episode Return = 0.0 | Evaluator Episodes = 2568 | Evaluator Steps = 128400 | Final Dist = 9.880 | Final Dist 10 = 1.376 | Final Dist 100 = 2.045 | Final Dist 1000 = 1.618 | Init Dist = 6.708 | Init Dist 10 = 7.148 | Init Dist 100 = 5.769 | Init Dist 1000 = 5.836 | Learner Steps = 7829 | Learner Walltime = 1524.852 | Min Dist = 0.177 | Min Dist 10 = 0.164 | Min Dist 100 = 0.238 | Min Dist 1000 = 0.227 | Steps Per Second = 95.851 | Success = 1.000 | Success 1000 = 0.993
I0502 15:31:41.901582 139555860620864 terminal.py:91] [Actor] Actor Episodes = 10224 | Actor Steps = 511200 | Delta Dist = 5.584 | Delta Dist 10 = 6.007 | Delta Dist 100 = 3.792 | Delta Dist 1000 = 4.226 | Episode Length = 50 | Episode Return = 9.0 | Evaluator Episodes = 2568 | Evaluator Steps = 128400 | Final Dist = 0.073 | Final Dist 10 = 1.400 | Final Dist 100 = 2.016 | Final Dist 1000 = 1.615 | Init Dist = 5.657 | Init Dist 10 = 7.407 | Init Dist 100 = 5.808 | Init Dist 1000 = 5.841 | Learner Steps = 7829 | Learner Walltime = 1524.852 | Min Dist = 0.043 | Min Dist 10 = 0.160 | Min Dist 100 = 0.238 | Min Dist 1000 = 0.227 | Steps Per Second = 71.956 | Success = 1.000 | Success 1000 = 0.993
I0502 15:31:42.019397 139558059398720 terminal.py:91] [Actor] Actor Episodes = 10228 | Actor Steps = 511400 | Delta Dist = 11.068 | Delta Dist 10 = 5.233 | Delta Dist 100 = 3.744 | Delta Dist 1000 = 4.218 | Episode Length = 50 | Episode Return = 18.0 | Evaluator Episodes = 2568 | Evaluator Steps = 128400 | Final Dist = 0.246 | Final Dist 10 = 1.357 | Final Dist 100 = 1.997 | Final Dist 1000 = 1.615 | Init Dist = 11.314 | Init Dist 10 = 6.590 | Init Dist 100 = 5.741 | Init Dist 1000 = 5.832 | Learner Steps = 7829 | Learner Walltime = 1524.852 | Min Dist = 0.046 | Min Dist 10 = 0.118 | Min Dist 100 = 0.238 | Min Dist 1000 = 0.227 | Steps Per Second = 77.499 | Success = 1.000 | Success 1000 = 0.993
I0502 15:31:42.034345 139555013154368 terminal.py:91] [Learner] Actor Episodes = 10228 | Actor Loss = 3.67724609375 | Actor Steps = 511400 | Binary Accuracy = 0.9960541725158691 | Categorical Accuracy = 0.42193603515625 | Critic Loss = 1.9487487077713013 | Entropy Mean = -18.122337341308594 | Evaluator Episodes = 2568 | Evaluator Steps = 128400 | Learner Steps = 7836 | Learner Walltime = 1526.231 | Logits Neg = -16.13290023803711 | Logits Pos = -1.9529626369476318 | Logsumexp = 1.2613039016723633 | Steps Per Second = 125.653
I0502 15:31:42.129547 139579566835264 terminal.py:91] [Evaluator] Actor Episodes = 10228 | Actor Steps = 511400 | Delta Dist = 11.428 | Delta Dist 10 = 11.268 | Delta Dist 100 = 10.778 | Delta Dist 1000 = 9.321 | Episode Length = 50 | Episode Return = 20.0 | Evaluator Episodes = 2570 | Evaluator Steps = 128500 | Final Dist = 1.378 | Final Dist 10 = 1.538 | Final Dist 100 = 2.029 | Final Dist 1000 = 3.485 | Init Dist = 12.806 | Init Dist 10 = 12.806 | Init Dist 100 = 12.806 | Init Dist 1000 = 12.806 | Learner Steps = 7836 | Learner Walltime = 1526.231 | Min Dist = 0.007 | Min Dist 10 = 0.994 | Min Dist 100 = 1.307 | Min Dist 1000 = 2.847 | Steps Per Second = 81.040 | Success = 1.000 | Success 1000 = 0.667
I0502 15:31:43.432086 139579566835264 terminal.py:91] [Evaluator] Actor Episodes = 10236 | Actor Steps = 511800 | Delta Dist = 12.213 | Delta Dist 10 = 11.189 | Delta Dist 100 = 10.775 | Delta Dist 1000 = 9.321 | Episode Length = 50 | Episode Return = 9.0 | Evaluator Episodes = 2572 | Evaluator Steps = 128600 | Final Dist = 0.594 | Final Dist 10 = 1.617 | Final Dist 100 = 2.031 | Final Dist 1000 = 3.486 | Init Dist = 12.806 | Init Dist 10 = 12.806 | Init Dist 100 = 12.806 | Init Dist 1000 = 12.806 | Learner Steps = 7842 | Learner Walltime = 1527.275 | Min Dist = 0.110 | Min Dist 10 = 0.969 | Min Dist 100 = 1.302 | Min Dist 1000 = 2.847 | Steps Per Second = 76.385 | Success = 1.000 | Success 1000 = 0.667
I0502 15:31:44.589230 139579566835264 terminal.py:91] [Evaluator] Actor Episodes = 10244 | Actor Steps = 512200 | Delta Dist = 11.467 | Delta Dist 10 = 11.116 | Delta Dist 100 = 10.772 | Delta Dist 1000 = 9.326 | Episode Length = 50 | Episode Return = 10.0 | Evaluator Episodes = 2574 | Evaluator Steps = 128700 | Final Dist = 1.340 | Final Dist 10 = 1.690 | Final Dist 100 = 2.035 | Final Dist 1000 = 3.480 | Init Dist = 12.806 | Init Dist 10 = 12.806 | Init Dist 100 = 12.806 | Init Dist 1000 = 12.806 | Learner Steps = 7849 | Learner Walltime = 1528.741 | Min Dist = 0.464 | Min Dist 10 = 0.959 | Min Dist 100 = 1.302 | Min Dist 1000 = 2.841 | Steps Per Second = 84.441 | Success = 1.000 | Success 1000 = 0.668
I0502 15:31:45.822701 139579566835264 terminal.py:91] [Evaluator] Actor Episodes = 10252 | Actor Steps = 512600 | Delta Dist = 11.541 | Delta Dist 10 = 11.803 | Delta Dist 100 = 10.764 | Delta Dist 1000 = 9.328 | Episode Length = 50 | Episode Return = 7.0 | Evaluator Episodes = 2576 | Evaluator Steps = 128800 | Final Dist = 1.266 | Final Dist 10 = 1.003 | Final Dist 100 = 2.042 | Final Dist 1000 = 3.479 | Init Dist = 12.806 | Init Dist 10 = 12.806 | Init Dist 100 = 12.806 | Init Dist 1000 = 12.806 | Learner Steps = 7854 | Learner Walltime = 1529.861 | Min Dist = 0.067 | Min Dist 10 = 0.210 | Min Dist 100 = 1.302 | Min Dist 1000 = 2.840 | Steps Per Second = 83.391 | Success = 1.000 | Success 1000 = 0.669
I0502 15:31:47.012089 139579566835264 terminal.py:91] [Evaluator] Actor Episodes = 10260 | Actor Steps = 513000 | Delta Dist = 11.746 | Delta Dist 10 = 11.658 | Delta Dist 100 = 10.754 | Delta Dist 1000 = 9.327 | Episode Length = 50 | Episode Return = 5.0 | Evaluator Episodes = 2578 | Evaluator Steps = 128900 | Final Dist = 1.061 | Final Dist 10 = 1.148 | Final Dist 100 = 2.052 | Final Dist 1000 = 3.479 | Init Dist = 12.806 | Init Dist 10 = 12.806 | Init Dist 100 = 12.806 | Init Dist 1000 = 12.806 | Learner Steps = 7861 | Learner Walltime = 1531.025 | Min Dist = 0.218 | Min Dist 10 = 0.208 | Min Dist 100 = 1.304 | Min Dist 1000 = 2.839 | Steps Per Second = 83.033 | Success = 1.000 | Success 1000 = 0.670
I0502 15:31:47.448834 139584504182336 lp_utils.py:96] StepsLimiter: Reached 513100 recorded steps
I0502 15:31:48.260620 139579566835264 terminal.py:91] [Evaluator] Actor Episodes = 10268 | Actor Steps = 513400 | Delta Dist = 7.683 | Delta Dist 10 = 11.575 | Delta Dist 100 = 10.748 | Delta Dist 1000 = 9.336 | Episode Length = 50 | Episode Return = 0.0 | Evaluator Episodes = 2580 | Evaluator Steps = 129000 | Final Dist = 5.124 | Final Dist 10 = 1.232 | Final Dist 100 = 2.059 | Final Dist 1000 = 3.470 | Init Dist = 12.806 | Init Dist 10 = 12.806 | Init Dist 100 = 12.806 | Init Dist 1000 = 12.806 | Learner Steps = 7867 | Learner Walltime = 1532.328 | Min Dist = 5.124 | Min Dist 10 = 0.170 | Min Dist 100 = 1.303 | Min Dist 1000 = 2.829 | Steps Per Second = 80.233 | Success = 0.000 | Success 1000 = 0.671
I0502 15:31:49.525207 139579566835264 terminal.py:91] [Evaluator] Actor Episodes = 10276 | Actor Steps = 513800 | Delta Dist = 11.479 | Delta Dist 10 = 11.245 | Delta Dist 100 = 10.713 | Delta Dist 1000 = 9.335 | Episode Length = 50 | Episode Return = 8.0 | Evaluator Episodes = 2582 | Evaluator Steps = 129100 | Final Dist = 1.327 | Final Dist 10 = 1.561 | Final Dist 100 = 2.093 | Final Dist 1000 = 3.471 | Init Dist = 12.806 | Init Dist 10 = 12.806 | Init Dist 100 = 12.806 | Init Dist 1000 = 12.806 | Learner Steps = 7872 | Learner Walltime = 1533.595 | Min Dist = 0.461 | Min Dist 10 = 0.698 | Min Dist 100 = 1.350 | Min Dist 1000 = 2.830 | Steps Per Second = 80.499 | Success = 1.000 | Success 1000 = 0.671
I0502 15:31:50.727638 139579566835264 terminal.py:91] [Evaluator] Actor Episodes = 10280 | Actor Steps = 514000 | Delta Dist = 11.407 | Delta Dist 10 = 11.236 | Delta Dist 100 = 10.705 | Delta Dist 1000 = 9.335 | Episode Length = 50 | Episode Return = 10.0 | Evaluator Episodes = 2584 | Evaluator Steps = 129200 | Final Dist = 1.399 | Final Dist 10 = 1.570 | Final Dist 100 = 2.102 | Final Dist 1000 = 3.471 | Init Dist = 12.806 | Init Dist 10 = 12.806 | Init Dist 100 = 12.806 | Init Dist 1000 = 12.806 | Learner Steps = 7879 | Learner Walltime = 1534.835 | Min Dist = 0.452 | Min Dist 10 = 0.746 | Min Dist 100 = 1.352 | Min Dist 1000 = 2.830 | Steps Per Second = 85.593 | Success = 1.000 | Success 1000 = 0.671
I0502 15:31:51.326033 139569349502528 terminal.py:91] [Actor] Actor Episodes = 10281 | Actor Steps = 514050 | Delta Dist = 2.537 | Delta Dist 10 = 3.671 | Delta Dist 100 = 4.762 | Delta Dist 1000 = 4.265 | Episode Length = 50 | Episode Return = 26.0 | Evaluator Episodes = 2582 | Evaluator Steps = 129100 | Final Dist = 0.625 | Final Dist 10 = 2.460 | Final Dist 100 = 1.468 | Final Dist 1000 = 1.627 | Init Dist = 3.162 | Init Dist 10 = 6.130 | Init Dist 100 = 6.230 | Init Dist 1000 = 5.892 | Learner Steps = 7879 | Learner Walltime = 1534.835 | Min Dist = 0.286 | Min Dist 10 = 0.095 | Min Dist 100 = 0.253 | Min Dist 1000 = 0.232 | Steps Per Second = 73.052 | Success = 1.000 | Success 1000 = 0.993
I0502 15:31:51.857314 139557462840896 terminal.py:91] [Actor] Actor Episodes = 10287 | Actor Steps = 514350 | Delta Dist = 5.990 | Delta Dist 10 = 3.801 | Delta Dist 100 = 4.713 | Delta Dist 1000 = 4.264 | Episode Length = 50 | Episode Return = 22.0 | Evaluator Episodes = 2584 | Evaluator Steps = 129200 | Final Dist = 0.093 | Final Dist 10 = 2.921 | Final Dist 100 = 1.564 | Final Dist 1000 = 1.635 | Init Dist = 6.083 | Init Dist 10 = 6.722 | Init Dist 100 = 6.276 | Init Dist 1000 = 5.899 | Learner Steps = 7879 | Learner Walltime = 1534.835 | Min Dist = 0.035 | Min Dist 10 = 0.227 | Min Dist 100 = 0.266 | Min Dist 1000 = 0.233 | Steps Per Second = 80.994 | Success = 1.000 | Success 1000 = 0.993
I0502 15:31:52.025541 139579566835264 terminal.py:91] [Evaluator] Actor Episodes = 10288 | Actor Steps = 514400 | Delta Dist = 12.224 | Delta Dist 10 = 11.205 | Delta Dist 100 = 10.697 | Delta Dist 1000 = 9.333 | Episode Length = 50 | Episode Return = 23.0 | Evaluator Episodes = 2586 | Evaluator Steps = 129300 | Final Dist = 0.582 | Final Dist 10 = 1.602 | Final Dist 100 = 2.110 | Final Dist 1000 = 3.474 | Init Dist = 12.806 | Init Dist 10 = 12.806 | Init Dist 100 = 12.806 | Init Dist 1000 = 12.806 | Learner Steps = 7879 | Learner Walltime = 1534.835 | Min Dist = 0.277 | Min Dist 10 = 0.758 | Min Dist 100 = 1.353 | Min Dist 1000 = 2.830 | Steps Per Second = 83.247 | Success = 1.000 | Success 1000 = 0.671
I0502 15:31:52.072873 139555860620864 terminal.py:91] [Actor] Actor Episodes = 10290 | Actor Steps = 514500 | Delta Dist = 2.928 | Delta Dist 10 = 4.357 | Delta Dist 100 = 4.725 | Delta Dist 1000 = 4.266 | Episode Length = 50 | Episode Return = 11.0 | Evaluator Episodes = 2586 | Evaluator Steps = 129300 | Final Dist = 0.072 | Final Dist 10 = 2.465 | Final Dist 100 = 1.573 | Final Dist 1000 = 1.635 | Init Dist = 3.000 | Init Dist 10 = 6.822 | Init Dist 100 = 6.298 | Init Dist 1000 = 5.901 | Learner Steps = 7879 | Learner Walltime = 1534.835 | Min Dist = 0.039 | Min Dist 10 = 0.226 | Min Dist 100 = 0.265 | Min Dist 1000 = 0.233 | Steps Per Second = 77.411 | Success = 1.000 | Success 1000 = 0.993
I0502 15:31:52.103603 139558059398720 terminal.py:91] [Actor] Actor Episodes = 10292 | Actor Steps = 514600 | Delta Dist = 6.528 | Delta Dist 10 = 4.040 | Delta Dist 100 = 4.706 | Delta Dist 1000 = 4.263 | Episode Length = 50 | Episode Return = 27.0 | Evaluator Episodes = 2586 | Evaluator Steps = 129300 | Final Dist = 3.912 | Final Dist 10 = 2.375 | Final Dist 100 = 1.559 | Final Dist 1000 = 1.631 | Init Dist = 10.440 | Init Dist 10 = 6.415 | Init Dist 100 = 6.265 | Init Dist 1000 = 5.894 | Learner Steps = 7879 | Learner Walltime = 1534.835 | Min Dist = 0.104 | Min Dist 10 = 0.226 | Min Dist 100 = 0.264 | Min Dist 1000 = 0.233 | Steps Per Second = 76.995 | Success = 1.000 | Success 1000 = 0.993
I0502 15:31:52.183766 139555013154368 terminal.py:91] [Learner] Actor Episodes = 10292 | Actor Loss = 3.6460371017456055 | Actor Steps = 514600 | Binary Accuracy = 0.9960033893585205 | Categorical Accuracy = 0.3985595703125 | Critic Loss = 2.0312838554382324 | Entropy Mean = -18.593433380126953 | Evaluator Episodes = 2586 | Evaluator Steps = 129300 | Learner Steps = 7886 | Learner Walltime = 1536.379 | Logits Neg = -15.456422805786133 | Logits Pos = -2.0190248489379883 | Logsumexp = 1.2201366424560547 | Steps Per Second = 116.927
I0502 15:31:53.335741 139579566835264 terminal.py:91] [Evaluator] Actor Episodes = 10298 | Actor Steps = 514900 | Delta Dist = 12.170 | Delta Dist 10 = 11.356 | Delta Dist 100 = 10.730 | Delta Dist 1000 = 9.339 | Episode Length = 50 | Episode Return = 14.0 | Evaluator Episodes = 2588 | Evaluator Steps = 129400 | Final Dist = 0.636 | Final Dist 10 = 1.451 | Final Dist 100 = 2.076 | Final Dist 1000 = 3.467 | Init Dist = 12.806 | Init Dist 10 = 12.806 | Init Dist 100 = 12.806 | Init Dist 1000 = 12.806 | Learner Steps = 7886 | Learner Walltime = 1536.379 | Min Dist = 0.266 | Min Dist 10 = 0.741 | Min Dist 100 = 1.339 | Min Dist 1000 = 2.824 | Steps Per Second = 77.856 | Success = 1.000 | Success 1000 = 0.672
I0502 15:31:54.586649 139579566835264 terminal.py:91] [Evaluator] Actor Episodes = 10304 | Actor Steps = 515200 | Delta Dist = 12.407 | Delta Dist 10 = 11.444 | Delta Dist 100 = 10.727 | Delta Dist 1000 = 9.340 | Episode Length = 50 | Episode Return = 35.0 | Evaluator Episodes = 2590 | Evaluator Steps = 129500 | Final Dist = 0.399 | Final Dist 10 = 1.362 | Final Dist 100 = 2.079 | Final Dist 1000 = 3.466 | Init Dist = 12.806 | Init Dist 10 = 12.806 | Init Dist 100 = 12.806 | Init Dist 1000 = 12.806 | Learner Steps = 7892 | Learner Walltime = 1537.543 | Min Dist = 0.280 | Min Dist 10 = 0.749 | Min Dist 100 = 1.338 | Min Dist 1000 = 2.824 | Steps Per Second = 79.183 | Success = 1.000 | Success 1000 = 0.672
I0502 15:31:55.786340 139579566835264 terminal.py:91] [Evaluator] Actor Episodes = 10310 | Actor Steps = 515500 | Delta Dist = 11.884 | Delta Dist 10 = 11.916 | Delta Dist 100 = 10.796 | Delta Dist 1000 = 9.360 | Episode Length = 50 | Episode Return = 8.0 | Evaluator Episodes = 2592 | Evaluator Steps = 129600 | Final Dist = 0.922 | Final Dist 10 = 0.890 | Final Dist 100 = 2.010 | Final Dist 1000 = 3.447 | Init Dist = 12.806 | Init Dist 10 = 12.806 | Init Dist 100 = 12.806 | Init Dist 1000 = 12.806 | Learner Steps = 7899 | Learner Walltime = 1538.845 | Min Dist = 0.149 | Min Dist 10 = 0.247 | Min Dist 100 = 1.270 | Min Dist 1000 = 2.803 | Steps Per Second = 85.419 | Success = 1.000 | Success 1000 = 0.674
I0502 15:31:57.127862 139579566835264 terminal.py:91] [Evaluator] Actor Episodes = 10320 | Actor Steps = 516000 | Delta Dist = 12.621 | Delta Dist 10 = 11.960 | Delta Dist 100 = 10.899 | Delta Dist 1000 = 9.370 | Episode Length = 50 | Episode Return = 18.0 | Evaluator Episodes = 2594 | Evaluator Steps = 129700 | Final Dist = 0.185 | Final Dist 10 = 0.846 | Final Dist 100 = 1.907 | Final Dist 1000 = 3.437 | Init Dist = 12.806 | Init Dist 10 = 12.806 | Init Dist 100 = 12.806 | Init Dist 1000 = 12.806 | Learner Steps = 7904 | Learner Walltime = 1540.086 | Min Dist = 0.088 | Min Dist 10 = 0.223 | Min Dist 100 = 1.166 | Min Dist 1000 = 2.793 | Steps Per Second = 76.856 | Success = 1.000 | Success 1000 = 0.675
I0502 15:31:57.470433 139584504182336 lp_utils.py:96] StepsLimiter: Reached 516300 recorded steps
I0502 15:31:58.417680 139579566835264 terminal.py:91] [Evaluator] Actor Episodes = 10328 | Actor Steps = 516400 | Delta Dist = 11.822 | Delta Dist 10 = 12.195 | Delta Dist 100 = 10.919 | Delta Dist 1000 = 9.370 | Episode Length = 50 | Episode Return = 9.0 | Evaluator Episodes = 2596 | Evaluator Steps = 129800 | Final Dist = 0.985 | Final Dist 10 = 0.611 | Final Dist 100 = 1.887 | Final Dist 1000 = 3.436 | Init Dist = 12.806 | Init Dist 10 = 12.806 | Init Dist 100 = 12.806 | Init Dist 1000 = 12.806 | Learner Steps = 7916 | Learner Walltime = 1542.414 | Min Dist = 0.047 | Min Dist 10 = 0.188 | Min Dist 100 = 1.161 | Min Dist 1000 = 2.792 | Steps Per Second = 81.787 | Success = 1.000 | Success 1000 = 0.675
I0502 15:31:59.654439 139579566835264 terminal.py:91] [Evaluator] Actor Episodes = 10336 | Actor Steps = 516800 | Delta Dist = 11.483 | Delta Dist 10 = 12.095 | Delta Dist 100 = 10.930 | Delta Dist 1000 = 9.371 | Episode Length = 50 | Episode Return = 18.0 | Evaluator Episodes = 2598 | Evaluator Steps = 129900 | Final Dist = 1.323 | Final Dist 10 = 0.711 | Final Dist 100 = 1.877 | Final Dist 1000 = 3.436 | Init Dist = 12.806 | Init Dist 10 = 12.806 | Init Dist 100 = 12.806 | Init Dist 1000 = 12.806 | Learner Steps = 7922 | Learner Walltime = 1543.528 | Min Dist = 0.253 | Min Dist 10 = 0.173 | Min Dist 100 = 1.159 | Min Dist 1000 = 2.791 | Steps Per Second = 80.382 | Success = 1.000 | Success 1000 = 0.676
I0502 15:32:00.940386 139579566835264 terminal.py:91] [Evaluator] Actor Episodes = 10342 | Actor Steps = 517100 | Delta Dist = 11.488 | Delta Dist 10 = 11.986 | Delta Dist 100 = 10.922 | Delta Dist 1000 = 9.382 | Episode Length = 50 | Episode Return = 9.0 | Evaluator Episodes = 2600 | Evaluator Steps = 130000 | Final Dist = 1.318 | Final Dist 10 = 0.821 | Final Dist 100 = 1.884 | Final Dist 1000 = 3.424 | Init Dist = 12.806 | Init Dist 10 = 12.806 | Init Dist 100 = 12.806 | Init Dist 1000 = 12.806 | Learner Steps = 7927 | Learner Walltime = 1544.658 | Min Dist = 0.205 | Min Dist 10 = 0.200 | Min Dist 100 = 1.157 | Min Dist 1000 = 2.778 | Steps Per Second = 80.622 | Success = 1.000 | Success 1000 = 0.678
I0502 15:32:01.851228 139569349502528 terminal.py:91] [Actor] Actor Episodes = 10349 | Actor Steps = 517450 | Delta Dist = 5.531 | Delta Dist 10 = 5.870 | Delta Dist 100 = 4.263 | Delta Dist 1000 = 4.199 | Episode Length = 50 | Episode Return = 6.0 | Evaluator Episodes = 2600 | Evaluator Steps = 130000 | Final Dist = 2.279 | Final Dist 10 = 0.756 | Final Dist 100 = 1.500 | Final Dist 1000 = 1.640 | Init Dist = 7.810 | Init Dist 10 = 6.626 | Init Dist 100 = 5.763 | Init Dist 1000 = 5.839 | Learner Steps = 7927 | Learner Walltime = 1544.658 | Min Dist = 0.138 | Min Dist 10 = 0.182 | Min Dist 100 = 0.318 | Min Dist 1000 = 0.231 | Steps Per Second = 77.591 | Success = 1.000 | Success 1000 = 0.993
I0502 15:32:02.089265 139557462840896 terminal.py:91] [Actor] Actor Episodes = 10351 | Actor Steps = 517550 | Delta Dist = 2.448 | Delta Dist 10 = 5.737 | Delta Dist 100 = 4.300 | Delta Dist 1000 = 4.198 | Episode Length = 50 | Episode Return = 39.0 | Evaluator Episodes = 2600 | Evaluator Steps = 130000 | Final Dist = 0.552 | Final Dist 10 = 0.748 | Final Dist 100 = 1.490 | Final Dist 1000 = 1.640 | Init Dist = 3.000 | Init Dist 10 = 6.485 | Init Dist 100 = 5.791 | Init Dist 1000 = 5.837 | Learner Steps = 7927 | Learner Walltime = 1544.658 | Min Dist = 0.061 | Min Dist 10 = 0.191 | Min Dist 100 = 0.317 | Min Dist 1000 = 0.231 | Steps Per Second = 67.947 | Success = 1.000 | Success 1000 = 0.993
I0502 15:32:02.245215 139579566835264 terminal.py:91] [Evaluator] Actor Episodes = 10350 | Actor Steps = 517500 | Delta Dist = 12.396 | Delta Dist 10 = 11.876 | Delta Dist 100 = 10.929 | Delta Dist 1000 = 9.382 | Episode Length = 50 | Episode Return = 13.0 | Evaluator Episodes = 2602 | Evaluator Steps = 130100 | Final Dist = 0.411 | Final Dist 10 = 0.931 | Final Dist 100 = 1.877 | Final Dist 1000 = 3.424 | Init Dist = 12.806 | Init Dist 10 = 12.806 | Init Dist 100 = 12.806 | Init Dist 1000 = 12.806 | Learner Steps = 7932 | Learner Walltime = 1545.682 | Min Dist = 0.215 | Min Dist 10 = 0.192 | Min Dist 100 = 1.153 | Min Dist 1000 = 2.778 | Steps Per Second = 76.033 | Success = 1.000 | Success 1000 = 0.678
I0502 15:32:02.254870 139555013154368 terminal.py:91] [Learner] Actor Episodes = 10350 | Actor Loss = 3.668431520462036 | Actor Steps = 517500 | Binary Accuracy = 0.9960198402404785 | Categorical Accuracy = 0.408203125 | Critic Loss = 2.0128936767578125 | Entropy Mean = -18.10715675354004 | Evaluator Episodes = 2600 | Evaluator Steps = 130000 | Learner Steps = 7935 | Learner Walltime = 1546.452 | Logits Neg = -15.640705108642578 | Logits Pos = -2.006531238555908 | Logsumexp = 1.188427448272705 | Steps Per Second = 146.137
I0502 15:32:02.296549 139558059398720 terminal.py:91] [Actor] Actor Episodes = 10352 | Actor Steps = 517600 | Delta Dist = 9.215 | Delta Dist 10 = 5.310 | Delta Dist 100 = 4.222 | Delta Dist 1000 = 4.191 | Episode Length = 50 | Episode Return = 35.0 | Evaluator Episodes = 2602 | Evaluator Steps = 130100 | Final Dist = 1.226 | Final Dist 10 = 0.842 | Final Dist 100 = 1.496 | Final Dist 1000 = 1.640 | Init Dist = 10.440 | Init Dist 10 = 6.152 | Init Dist 100 = 5.718 | Init Dist 1000 = 5.831 | Learner Steps = 7932 | Learner Walltime = 1545.682 | Min Dist = 0.177 | Min Dist 10 = 0.178 | Min Dist 100 = 0.318 | Min Dist 1000 = 0.231 | Steps Per Second = 71.548 | Success = 1.000 | Success 1000 = 0.993
I0502 15:32:02.384071 139555860620864 terminal.py:91] [Actor] Actor Episodes = 10354 | Actor Steps = 517700 | Delta Dist = 7.841 | Delta Dist 10 = 5.713 | Delta Dist 100 = 4.315 | Delta Dist 1000 = 4.193 | Episode Length = 50 | Episode Return = 36.0 | Evaluator Episodes = 2602 | Evaluator Steps = 130100 | Final Dist = 0.159 | Final Dist 10 = 0.851 | Final Dist 100 = 1.408 | Final Dist 1000 = 1.641 | Init Dist = 8.000 | Init Dist 10 = 6.564 | Init Dist 100 = 5.722 | Init Dist 1000 = 5.833 | Learner Steps = 7932 | Learner Walltime = 1545.682 | Min Dist = 0.155 | Min Dist 10 = 0.192 | Min Dist 100 = 0.219 | Min Dist 1000 = 0.230 | Steps Per Second = 72.440 | Success = 1.000 | Success 1000 = 0.993
I0502 15:32:03.541241 139579566835264 terminal.py:91] [Evaluator] Actor Episodes = 10360 | Actor Steps = 518000 | Delta Dist = 11.826 | Delta Dist 10 = 11.887 | Delta Dist 100 = 10.989 | Delta Dist 1000 = 9.382 | Episode Length = 50 | Episode Return = 2.0 | Evaluator Episodes = 2604 | Evaluator Steps = 130200 | Final Dist = 0.980 | Final Dist 10 = 0.919 | Final Dist 100 = 1.818 | Final Dist 1000 = 3.424 | Init Dist = 12.806 | Init Dist 10 = 12.806 | Init Dist 100 = 12.806 | Init Dist 1000 = 12.806 | Learner Steps = 7937 | Learner Walltime = 1546.713 | Min Dist = 0.937 | Min Dist 10 = 0.193 | Min Dist 100 = 1.093 | Min Dist 1000 = 2.778 | Steps Per Second = 76.240 | Success = 1.000 | Success 1000 = 0.678
I0502 15:32:04.793271 139579566835264 terminal.py:91] [Evaluator] Actor Episodes = 10368 | Actor Steps = 518400 | Delta Dist = 11.369 | Delta Dist 10 = 11.733 | Delta Dist 100 = 10.978 | Delta Dist 1000 = 9.391 | Episode Length = 50 | Episode Return = 18.0 | Evaluator Episodes = 2606 | Evaluator Steps = 130300 | Final Dist = 1.437 | Final Dist 10 = 1.073 | Final Dist 100 = 1.828 | Final Dist 1000 = 3.415 | Init Dist = 12.806 | Init Dist 10 = 12.806 | Init Dist 100 = 12.806 | Init Dist 1000 = 12.806 | Learner Steps = 7947 | Learner Walltime = 1548.821 | Min Dist = 0.052 | Min Dist 10 = 0.333 | Min Dist 100 = 1.107 | Min Dist 1000 = 2.768 | Steps Per Second = 78.534 | Success = 1.000 | Success 1000 = 0.679
I0502 15:32:06.073116 139579566835264 terminal.py:91] [Evaluator] Actor Episodes = 10376 | Actor Steps = 518800 | Delta Dist = 11.425 | Delta Dist 10 = 11.721 | Delta Dist 100 = 11.029 | Delta Dist 1000 = 9.400 | Episode Length = 50 | Episode Return = 8.0 | Evaluator Episodes = 2608 | Evaluator Steps = 130400 | Final Dist = 1.382 | Final Dist 10 = 1.085 | Final Dist 100 = 1.778 | Final Dist 1000 = 3.406 | Init Dist = 12.806 | Init Dist 10 = 12.806 | Init Dist 100 = 12.806 | Init Dist 1000 = 12.806 | Learner Steps = 7953 | Learner Walltime = 1549.865 | Min Dist = 0.081 | Min Dist 10 = 0.347 | Min Dist 100 = 1.049 | Min Dist 1000 = 2.758 | Steps Per Second = 86.325 | Success = 1.000 | Success 1000 = 0.680
I0502 15:32:07.245142 139579566835264 terminal.py:91] [Evaluator] Actor Episodes = 10384 | Actor Steps = 519200 | Delta Dist = 11.792 | Delta Dist 10 = 11.803 | Delta Dist 100 = 11.099 | Delta Dist 1000 = 9.419 | Episode Length = 50 | Episode Return = 8.0 | Evaluator Episodes = 2610 | Evaluator Steps = 130500 | Final Dist = 1.014 | Final Dist 10 = 1.003 | Final Dist 100 = 1.707 | Final Dist 1000 = 3.387 | Init Dist = 12.806 | Init Dist 10 = 12.806 | Init Dist 100 = 12.806 | Init Dist 1000 = 12.806 | Learner Steps = 7958 | Learner Walltime = 1550.893 | Min Dist = 0.158 | Min Dist 10 = 0.303 | Min Dist 100 = 0.992 | Min Dist 1000 = 2.737 | Steps Per Second = 84.083 | Success = 1.000 | Success 1000 = 0.682
I0502 15:32:07.489738 139584504182336 lp_utils.py:96] StepsLimiter: Reached 519300 recorded steps
I0502 15:32:08.499110 139579566835264 terminal.py:91] [Evaluator] Actor Episodes = 10392 | Actor Steps = 519600 | Delta Dist = 11.472 | Delta Dist 10 = 11.723 | Delta Dist 100 = 11.086 | Delta Dist 1000 = 9.427 | Episode Length = 50 | Episode Return = 12.0 | Evaluator Episodes = 2612 | Evaluator Steps = 130600 | Final Dist = 1.334 | Final Dist 10 = 1.084 | Final Dist 100 = 1.720 | Final Dist 1000 = 3.379 | Init Dist = 12.806 | Init Dist 10 = 12.806 | Init Dist 100 = 12.806 | Init Dist 1000 = 12.806 | Learner Steps = 7963 | Learner Walltime = 1551.910 | Min Dist = 0.115 | Min Dist 10 = 0.449 | Min Dist 100 = 1.002 | Min Dist 1000 = 2.728 | Steps Per Second = 86.745 | Success = 1.000 | Success 1000 = 0.682
I0502 15:32:09.695164 139579566835264 terminal.py:91] [Evaluator] Actor Episodes = 10400 | Actor Steps = 520000 | Delta Dist = 11.509 | Delta Dist 10 = 11.679 | Delta Dist 100 = 11.070 | Delta Dist 1000 = 9.436 | Episode Length = 50 | Episode Return = 14.0 | Evaluator Episodes = 2614 | Evaluator Steps = 130700 | Final Dist = 1.297 | Final Dist 10 = 1.128 | Final Dist 100 = 1.736 | Final Dist 1000 = 3.370 | Init Dist = 12.806 | Init Dist 10 = 12.806 | Init Dist 100 = 12.806 | Init Dist 1000 = 12.806 | Learner Steps = 7968 | Learner Walltime = 1553.053 | Min Dist = 0.163 | Min Dist 10 = 0.432 | Min Dist 100 = 0.999 | Min Dist 1000 = 2.717 | Steps Per Second = 86.187 | Success = 1.000 | Success 1000 = 0.683
I0502 15:32:10.935472 139579566835264 terminal.py:91] [Evaluator] Actor Episodes = 10406 | Actor Steps = 520300 | Delta Dist = 5.279 | Delta Dist 10 = 11.620 | Delta Dist 100 = 11.074 | Delta Dist 1000 = 9.436 | Episode Length = 50 | Episode Return = 0.0 | Evaluator Episodes = 2616 | Evaluator Steps = 130800 | Final Dist = 7.528 | Final Dist 10 = 1.186 | Final Dist 100 = 1.732 | Final Dist 1000 = 3.370 | Init Dist = 12.806 | Init Dist 10 = 12.806 | Init Dist 100 = 12.806 | Init Dist 1000 = 12.806 | Learner Steps = 7974 | Learner Walltime = 1554.132 | Min Dist = 5.857 | Min Dist 10 = 0.288 | Min Dist 100 = 0.992 | Min Dist 1000 = 2.717 | Steps Per Second = 78.303 | Success = 0.000 | Success 1000 = 0.683
I0502 15:32:12.233570 139579566835264 terminal.py:91] [Evaluator] Actor Episodes = 10416 | Actor Steps = 520800 | Delta Dist = 11.424 | Delta Dist 10 = 11.036 | Delta Dist 100 = 11.015 | Delta Dist 1000 = 9.442 | Episode Length = 50 | Episode Return = 3.0 | Evaluator Episodes = 2618 | Evaluator Steps = 130900 | Final Dist = 1.382 | Final Dist 10 = 1.770 | Final Dist 100 = 1.791 | Final Dist 1000 = 3.364 | Init Dist = 12.806 | Init Dist 10 = 12.806 | Init Dist 100 = 12.806 | Init Dist 1000 = 12.806 | Learner Steps = 7980 | Learner Walltime = 1555.391 | Min Dist = 0.303 | Min Dist 10 = 0.855 | Min Dist 100 = 1.034 | Min Dist 1000 = 2.713 | Steps Per Second = 72.480 | Success = 1.000 | Success 1000 = 0.683
I0502 15:32:12.314326 139555013154368 terminal.py:91] [Learner] Actor Episodes = 10416 | Actor Loss = 3.6537156105041504 | Actor Steps = 520800 | Binary Accuracy = 0.995980978012085 | Categorical Accuracy = 0.42816162109375 | Critic Loss = 1.924156665802002 | Entropy Mean = -19.68106460571289 | Evaluator Episodes = 2618 | Evaluator Steps = 130900 | Learner Steps = 7986 | Learner Walltime = 1556.515 | Logits Neg = -16.260446548461914 | Logits Pos = -1.8911223411560059 | Logsumexp = 1.4040634632110596 | Steps Per Second = 264.671
I0502 15:32:12.443136 139555860620864 terminal.py:91] [Actor] Actor Episodes = 10418 | Actor Steps = 520900 | Delta Dist = 4.684 | Delta Dist 10 = 5.191 | Delta Dist 100 = 4.972 | Delta Dist 1000 = 4.260 | Episode Length = 50 | Episode Return = 19.0 | Evaluator Episodes = 2618 | Evaluator Steps = 130900 | Final Dist = 1.640 | Final Dist 10 = 0.933 | Final Dist 100 = 1.296 | Final Dist 1000 = 1.667 | Init Dist = 6.325 | Init Dist 10 = 6.124 | Init Dist 100 = 6.269 | Init Dist 1000 = 5.927 | Learner Steps = 7986 | Learner Walltime = 1556.515 | Min Dist = 0.031 | Min Dist 10 = 0.100 | Min Dist 100 = 0.136 | Min Dist 1000 = 0.222 | Steps Per Second = 70.986 | Success = 1.000 | Success 1000 = 0.993
I0502 15:32:12.515643 139569349502528 terminal.py:91] [Actor] Actor Episodes = 10420 | Actor Steps = 521000 | Delta Dist = 0.432 | Delta Dist 10 = 5.082 | Delta Dist 100 = 5.022 | Delta Dist 1000 = 4.259 | Episode Length = 50 | Episode Return = 0.0 | Evaluator Episodes = 2618 | Evaluator Steps = 130900 | Final Dist = 5.971 | Final Dist 10 = 1.358 | Final Dist 100 = 1.290 | Final Dist 1000 = 1.667 | Init Dist = 6.403 | Init Dist 10 = 6.440 | Init Dist 100 = 6.312 | Init Dist 1000 = 5.926 | Learner Steps = 7986 | Learner Walltime = 1556.515 | Min Dist = 0.270 | Min Dist 10 = 0.098 | Min Dist 100 = 0.136 | Min Dist 1000 = 0.222 | Steps Per Second = 69.478 | Success = 1.000 | Success 1000 = 0.993
I0502 15:32:12.660606 139557462840896 terminal.py:91] [Actor] Actor Episodes = 10422 | Actor Steps = 521100 | Delta Dist = 3.198 | Delta Dist 10 = 4.653 | Delta Dist 100 = 5.042 | Delta Dist 1000 = 4.257 | Episode Length = 50 | Episode Return = 29.0 | Evaluator Episodes = 2618 | Evaluator Steps = 130900 | Final Dist = 0.926 | Final Dist 10 = 1.437 | Final Dist 100 = 1.298 | Final Dist 1000 = 1.668 | Init Dist = 4.123 | Init Dist 10 = 6.090 | Init Dist 100 = 6.340 | Init Dist 1000 = 5.925 | Learner Steps = 7986 | Learner Walltime = 1556.515 | Min Dist = 0.076 | Min Dist 10 = 0.104 | Min Dist 100 = 0.137 | Min Dist 1000 = 0.222 | Steps Per Second = 71.314 | Success = 1.000 | Success 1000 = 0.993
I0502 15:32:12.791824 139558059398720 terminal.py:91] [Actor] Actor Episodes = 10417 | Actor Steps = 520850 | Delta Dist = 4.396 | Delta Dist 10 = 4.901 | Delta Dist 100 = 4.981 | Delta Dist 1000 = 4.255 | Episode Length = 50 | Episode Return = 39.0 | Evaluator Episodes = 2616 | Evaluator Steps = 130800 | Final Dist = 0.990 | Final Dist 10 = 1.501 | Final Dist 100 = 1.305 | Final Dist 1000 = 1.668 | Init Dist = 5.385 | Init Dist 10 = 6.403 | Init Dist 100 = 6.286 | Init Dist 1000 = 5.923 | Learner Steps = 7980 | Learner Walltime = 1555.391 | Min Dist = 0.052 | Min Dist 10 = 0.108 | Min Dist 100 = 0.137 | Min Dist 1000 = 0.222 | Steps Per Second = 82.745 | Success = 1.000 | Success 1000 = 0.993
I0502 15:32:13.476277 139579566835264 terminal.py:91] [Evaluator] Actor Episodes = 10424 | Actor Steps = 521200 | Delta Dist = 11.394 | Delta Dist 10 = 11.010 | Delta Dist 100 = 11.023 | Delta Dist 1000 = 9.453 | Episode Length = 50 | Episode Return = 0.0 | Evaluator Episodes = 2620 | Evaluator Steps = 131000 | Final Dist = 1.412 | Final Dist 10 = 1.796 | Final Dist 100 = 1.783 | Final Dist 1000 = 3.354 | Init Dist = 12.806 | Init Dist 10 = 12.806 | Init Dist 100 = 12.806 | Init Dist 1000 = 12.806 | Learner Steps = 7991 | Learner Walltime = 1557.593 | Min Dist = 1.001 | Min Dist 10 = 0.882 | Min Dist 100 = 1.033 | Min Dist 1000 = 2.702 | Steps Per Second = 82.028 | Success = 0.000 | Success 1000 = 0.684
I0502 15:32:14.768148 139579566835264 terminal.py:91] [Evaluator] Actor Episodes = 10432 | Actor Steps = 521600 | Delta Dist = 12.536 | Delta Dist 10 = 11.087 | Delta Dist 100 = 11.025 | Delta Dist 1000 = 9.463 | Episode Length = 50 | Episode Return = 25.0 | Evaluator Episodes = 2622 | Evaluator Steps = 131100 | Final Dist = 0.270 | Final Dist 10 = 1.720 | Final Dist 100 = 1.781 | Final Dist 1000 = 3.344 | Init Dist = 12.806 | Init Dist 10 = 12.806 | Init Dist 100 = 12.806 | Init Dist 1000 = 12.806 | Learner Steps = 7996 | Learner Walltime = 1558.665 | Min Dist = 0.075 | Min Dist 10 = 0.804 | Min Dist 100 = 1.039 | Min Dist 1000 = 2.692 | Steps Per Second = 76.755 | Success = 1.000 | Success 1000 = 0.684
I0502 15:32:15.990481 139579566835264 terminal.py:91] [Evaluator] Actor Episodes = 10438 | Actor Steps = 521900 | Delta Dist = 12.713 | Delta Dist 10 = 11.150 | Delta Dist 100 = 11.026 | Delta Dist 1000 = 9.472 | Episode Length = 50 | Episode Return = 15.0 | Evaluator Episodes = 2624 | Evaluator Steps = 131200 | Final Dist = 0.093 | Final Dist 10 = 1.656 | Final Dist 100 = 1.781 | Final Dist 1000 = 3.334 | Init Dist = 12.806 | Init Dist 10 = 12.806 | Init Dist 100 = 12.806 | Init Dist 1000 = 12.806 | Learner Steps = 8001 | Learner Walltime = 1559.898 | Min Dist = 0.093 | Min Dist 10 = 0.801 | Min Dist 100 = 1.034 | Min Dist 1000 = 2.682 | Steps Per Second = 83.917 | Success = 1.000 | Success 1000 = 0.685
I0502 15:32:17.204143 139579566835264 terminal.py:91] [Evaluator] Actor Episodes = 10446 | Actor Steps = 522300 | Delta Dist = 11.590 | Delta Dist 10 = 11.328 | Delta Dist 100 = 11.039 | Delta Dist 1000 = 9.486 | Episode Length = 50 | Episode Return = 3.0 | Evaluator Episodes = 2626 | Evaluator Steps = 131300 | Final Dist = 1.216 | Final Dist 10 = 1.479 | Final Dist 100 = 1.767 | Final Dist 1000 = 3.320 | Init Dist = 12.806 | Init Dist 10 = 12.806 | Init Dist 100 = 12.806 | Init Dist 1000 = 12.806 | Learner Steps = 8008 | Learner Walltime = 1560.999 | Min Dist = 0.312 | Min Dist 10 = 0.865 | Min Dist 100 = 1.041 | Min Dist 1000 = 2.668 | Steps Per Second = 86.070 | Success = 1.000 | Success 1000 = 0.687
I0502 15:32:17.507910 139584504182336 lp_utils.py:96] StepsLimiter: Reached 522400 recorded steps
I0502 15:32:18.462979 139579566835264 terminal.py:91] [Evaluator] Actor Episodes = 10454 | Actor Steps = 522700 | Delta Dist = 11.187 | Delta Dist 10 = 11.205 | Delta Dist 100 = 11.041 | Delta Dist 1000 = 9.500 | Episode Length = 50 | Episode Return = 0.0 | Evaluator Episodes = 2628 | Evaluator Steps = 131400 | Final Dist = 1.619 | Final Dist 10 = 1.601 | Final Dist 100 = 1.765 | Final Dist 1000 = 3.307 | Init Dist = 12.806 | Init Dist 10 = 12.806 | Init Dist 100 = 12.806 | Init Dist 1000 = 12.806 | Learner Steps = 8014 | Learner Walltime = 1562.134 | Min Dist = 1.619 | Min Dist 10 = 1.022 | Min Dist 100 = 1.041 | Min Dist 1000 = 2.655 | Steps Per Second = 76.917 | Success = 0.000 | Success 1000 = 0.688
I0502 15:32:19.660457 139579566835264 terminal.py:91] [Evaluator] Actor Episodes = 10462 | Actor Steps = 523100 | Delta Dist = 12.330 | Delta Dist 10 = 11.170 | Delta Dist 100 = 11.187 | Delta Dist 1000 = 9.510 | Episode Length = 50 | Episode Return = 18.0 | Evaluator Episodes = 2630 | Evaluator Steps = 131500 | Final Dist = 0.476 | Final Dist 10 = 1.636 | Final Dist 100 = 1.619 | Final Dist 1000 = 3.296 | Init Dist = 12.806 | Init Dist 10 = 12.806 | Init Dist 100 = 12.806 | Init Dist 1000 = 12.806 | Learner Steps = 8018 | Learner Walltime = 1563.278 | Min Dist = 0.112 | Min Dist 10 = 1.147 | Min Dist 100 = 0.896 | Min Dist 1000 = 2.646 | Steps Per Second = 90.153 | Success = 1.000 | Success 1000 = 0.688
I0502 15:32:20.862685 139579566835264 terminal.py:91] [Evaluator] Actor Episodes = 10470 | Actor Steps = 523500 | Delta Dist = 12.530 | Delta Dist 10 = 11.357 | Delta Dist 100 = 11.241 | Delta Dist 1000 = 9.513 | Episode Length = 50 | Episode Return = 12.0 | Evaluator Episodes = 2632 | Evaluator Steps = 131600 | Final Dist = 0.276 | Final Dist 10 = 1.450 | Final Dist 100 = 1.565 | Final Dist 1000 = 3.294 | Init Dist = 12.806 | Init Dist 10 = 12.806 | Init Dist 100 = 12.806 | Init Dist 1000 = 12.806 | Learner Steps = 8024 | Learner Walltime = 1564.406 | Min Dist = 0.242 | Min Dist 10 = 1.063 | Min Dist 100 = 0.850 | Min Dist 1000 = 2.645 | Steps Per Second = 89.863 | Success = 1.000 | Success 1000 = 0.688
I0502 15:32:22.026133 139579566835264 terminal.py:91] [Evaluator] Actor Episodes = 10480 | Actor Steps = 524000 | Delta Dist = 11.058 | Delta Dist 10 = 11.403 | Delta Dist 100 = 11.287 | Delta Dist 1000 = 9.516 | Episode Length = 50 | Episode Return = 14.0 | Evaluator Episodes = 2634 | Evaluator Steps = 131700 | Final Dist = 1.749 | Final Dist 10 = 1.403 | Final Dist 100 = 1.519 | Final Dist 1000 = 3.290 | Init Dist = 12.806 | Init Dist 10 = 12.806 | Init Dist 100 = 12.806 | Init Dist 1000 = 12.806 | Learner Steps = 8031 | Learner Walltime = 1565.669 | Min Dist = 0.277 | Min Dist 10 = 1.082 | Min Dist 100 = 0.807 | Min Dist 1000 = 2.641 | Steps Per Second = 93.241 | Success = 1.000 | Success 1000 = 0.689
I0502 15:32:22.616649 139555860620864 terminal.py:91] [Actor] Actor Episodes = 10484 | Actor Steps = 524200 | Delta Dist = 4.515 | Delta Dist 10 = 3.159 | Delta Dist 100 = 4.636 | Delta Dist 1000 = 4.268 | Episode Length = 50 | Episode Return = 34.0 | Evaluator Episodes = 2634 | Evaluator Steps = 131700 | Final Dist = 0.485 | Final Dist 10 = 1.701 | Final Dist 100 = 1.396 | Final Dist 1000 = 1.649 | Init Dist = 5.000 | Init Dist 10 = 4.860 | Init Dist 100 = 6.031 | Init Dist 1000 = 5.918 | Learner Steps = 8031 | Learner Walltime = 1565.669 | Min Dist = 0.209 | Min Dist 10 = 0.415 | Min Dist 100 = 0.129 | Min Dist 1000 = 0.225 | Steps Per Second = 80.081 | Success = 1.000 | Success 1000 = 0.993
I0502 15:32:22.645403 139555013154368 terminal.py:91] [Learner] Actor Episodes = 10484 | Actor Loss = 3.6041758060455322 | Actor Steps = 524200 | Binary Accuracy = 0.9959969520568848 | Categorical Accuracy = 0.4176025390625 | Critic Loss = 1.9345568418502808 | Entropy Mean = -17.71664810180664 | Evaluator Episodes = 2634 | Evaluator Steps = 131700 | Learner Steps = 8037 | Learner Walltime = 1566.842 | Logits Neg = -16.10489845275879 | Logits Pos = -1.9304380416870117 | Logsumexp = 1.2179620265960693 | Steps Per Second = 157.504
I0502 15:32:22.670642 139557462840896 terminal.py:91] [Actor] Actor Episodes = 10486 | Actor Steps = 524300 | Delta Dist = -0.406 | Delta Dist 10 = 2.765 | Delta Dist 100 = 4.589 | Delta Dist 1000 = 4.267 | Episode Length = 50 | Episode Return = 0.0 | Evaluator Episodes = 2634 | Evaluator Steps = 131700 | Final Dist = 1.821 | Final Dist 10 = 2.013 | Final Dist 100 = 1.420 | Final Dist 1000 = 1.653 | Init Dist = 1.414 | Init Dist 10 = 4.777 | Init Dist 100 = 6.009 | Init Dist 1000 = 5.920 | Learner Steps = 8037 | Learner Walltime = 1566.842 | Min Dist = 0.102 | Min Dist 10 = 0.427 | Min Dist 100 = 0.129 | Min Dist 1000 = 0.225 | Steps Per Second = 82.373 | Success = 1.000 | Success 1000 = 0.993
I0502 15:32:23.083106 139569349502528 terminal.py:91] [Actor] Actor Episodes = 10483 | Actor Steps = 524150 | Delta Dist = 6.232 | Delta Dist 10 = 2.262 | Delta Dist 100 = 4.507 | Delta Dist 1000 = 4.262 | Episode Length = 50 | Episode Return = 31.0 | Evaluator Episodes = 2634 | Evaluator Steps = 131700 | Final Dist = 1.384 | Final Dist 10 = 2.017 | Final Dist 100 = 1.422 | Final Dist 1000 = 1.652 | Init Dist = 7.616 | Init Dist 10 = 4.278 | Init Dist 100 = 5.929 | Init Dist 1000 = 5.914 | Learner Steps = 8031 | Learner Walltime = 1565.669 | Min Dist = 0.073 | Min Dist 10 = 0.435 | Min Dist 100 = 0.129 | Min Dist 1000 = 0.225 | Steps Per Second = 82.408 | Success = 1.000 | Success 1000 = 0.993
I0502 15:32:23.156575 139558059398720 terminal.py:91] [Actor] Actor Episodes = 10488 | Actor Steps = 524400 | Delta Dist = 6.949 | Delta Dist 10 = 2.972 | Delta Dist 100 = 4.508 | Delta Dist 1000 = 4.264 | Episode Length = 50 | Episode Return = 44.0 | Evaluator Episodes = 2634 | Evaluator Steps = 131700 | Final Dist = 0.666 | Final Dist 10 = 2.068 | Final Dist 100 = 1.426 | Final Dist 1000 = 1.652 | Init Dist = 7.616 | Init Dist 10 = 5.040 | Init Dist 100 = 5.934 | Init Dist 1000 = 5.916 | Learner Steps = 8037 | Learner Walltime = 1566.842 | Min Dist = 0.038 | Min Dist 10 = 0.439 | Min Dist 100 = 0.128 | Min Dist 1000 = 0.225 | Steps Per Second = 79.458 | Success = 1.000 | Success 1000 = 0.993
I0502 15:32:23.327867 139579566835264 terminal.py:91] [Evaluator] Actor Episodes = 10488 | Actor Steps = 524400 | Delta Dist = 10.960 | Delta Dist 10 = 11.134 | Delta Dist 100 = 11.271 | Delta Dist 1000 = 9.525 | Episode Length = 50 | Episode Return = 20.0 | Evaluator Episodes = 2636 | Evaluator Steps = 131800 | Final Dist = 1.846 | Final Dist 10 = 1.672 | Final Dist 100 = 1.536 | Final Dist 1000 = 3.282 | Init Dist = 12.806 | Init Dist 10 = 12.806 | Init Dist 100 = 12.806 | Init Dist 1000 = 12.806 | Learner Steps = 8037 | Learner Walltime = 1566.842 | Min Dist = 0.118 | Min Dist 10 = 1.029 | Min Dist 100 = 0.799 | Min Dist 1000 = 2.631 | Steps Per Second = 75.031 | Success = 1.000 | Success 1000 = 0.690
I0502 15:32:24.520400 139579566835264 terminal.py:91] [Evaluator] Actor Episodes = 10496 | Actor Steps = 524800 | Delta Dist = 12.554 | Delta Dist 10 = 11.721 | Delta Dist 100 = 11.272 | Delta Dist 1000 = 9.533 | Episode Length = 50 | Episode Return = 12.0 | Evaluator Episodes = 2638 | Evaluator Steps = 131900 | Final Dist = 0.252 | Final Dist 10 = 1.085 | Final Dist 100 = 1.534 | Final Dist 1000 = 3.273 | Init Dist = 12.806 | Init Dist 10 = 12.806 | Init Dist 100 = 12.806 | Init Dist 1000 = 12.806 | Learner Steps = 8043 | Learner Walltime = 1568.044 | Min Dist = 0.155 | Min Dist 10 = 0.321 | Min Dist 100 = 0.796 | Min Dist 1000 = 2.621 | Steps Per Second = 81.731 | Success = 1.000 | Success 1000 = 0.691
I0502 15:32:25.751269 139579566835264 terminal.py:91] [Evaluator] Actor Episodes = 10504 | Actor Steps = 525200 | Delta Dist = 12.618 | Delta Dist 10 = 11.795 | Delta Dist 100 = 11.372 | Delta Dist 1000 = 9.553 | Episode Length = 50 | Episode Return = 19.0 | Evaluator Episodes = 2640 | Evaluator Steps = 132000 | Final Dist = 0.188 | Final Dist 10 = 1.011 | Final Dist 100 = 1.434 | Final Dist 1000 = 3.253 | Init Dist = 12.806 | Init Dist 10 = 12.806 | Init Dist 100 = 12.806 | Init Dist 1000 = 12.806 | Learner Steps = 8049 | Learner Walltime = 1569.331 | Min Dist = 0.159 | Min Dist 10 = 0.169 | Min Dist 100 = 0.690 | Min Dist 1000 = 2.600 | Steps Per Second = 83.068 | Success = 1.000 | Success 1000 = 0.693
I0502 15:32:27.011927 139579566835264 terminal.py:91] [Evaluator] Actor Episodes = 10512 | Actor Steps = 525600 | Delta Dist = 11.529 | Delta Dist 10 = 11.804 | Delta Dist 100 = 11.461 | Delta Dist 1000 = 9.554 | Episode Length = 50 | Episode Return = 13.0 | Evaluator Episodes = 2642 | Evaluator Steps = 132100 | Final Dist = 1.277 | Final Dist 10 = 1.002 | Final Dist 100 = 1.345 | Final Dist 1000 = 3.253 | Init Dist = 12.806 | Init Dist 10 = 12.806 | Init Dist 100 = 12.806 | Init Dist 1000 = 12.806 | Learner Steps = 8056 | Learner Walltime = 1570.682 | Min Dist = 0.273 | Min Dist 10 = 0.170 | Min Dist 100 = 0.632 | Min Dist 1000 = 2.600 | Steps Per Second = 80.982 | Success = 1.000 | Success 1000 = 0.693
I0502 15:32:27.526268 139584504182336 lp_utils.py:96] StepsLimiter: Reached 525600 recorded steps
I0502 15:32:28.165274 139579566835264 terminal.py:91] [Evaluator] Actor Episodes = 10520 | Actor Steps = 526000 | Delta Dist = 11.279 | Delta Dist 10 = 11.648 | Delta Dist 100 = 11.462 | Delta Dist 1000 = 9.572 | Episode Length = 50 | Episode Return = 12.0 | Evaluator Episodes = 2644 | Evaluator Steps = 132200 | Final Dist = 1.527 | Final Dist 10 = 1.159 | Final Dist 100 = 1.344 | Final Dist 1000 = 3.234 | Init Dist = 12.806 | Init Dist 10 = 12.806 | Init Dist 100 = 12.806 | Init Dist 1000 = 12.806 | Learner Steps = 8062 | Learner Walltime = 1571.894 | Min Dist = 0.127 | Min Dist 10 = 0.176 | Min Dist 100 = 0.628 | Min Dist 1000 = 2.579 | Steps Per Second = 85.835 | Success = 1.000 | Success 1000 = 0.695
I0502 15:32:29.409775 139579566835264 terminal.py:91] [Evaluator] Actor Episodes = 10528 | Actor Steps = 526400 | Delta Dist = 12.175 | Delta Dist 10 = 11.783 | Delta Dist 100 = 11.458 | Delta Dist 1000 = 9.591 | Episode Length = 50 | Episode Return = 27.0 | Evaluator Episodes = 2646 | Evaluator Steps = 132300 | Final Dist = 0.631 | Final Dist 10 = 1.023 | Final Dist 100 = 1.348 | Final Dist 1000 = 3.215 | Init Dist = 12.806 | Init Dist 10 = 12.806 | Init Dist 100 = 12.806 | Init Dist 1000 = 12.806 | Learner Steps = 8068 | Learner Walltime = 1572.911 | Min Dist = 0.139 | Min Dist 10 = 0.171 | Min Dist 100 = 0.628 | Min Dist 1000 = 2.559 | Steps Per Second = 77.335 | Success = 1.000 | Success 1000 = 0.697
I0502 15:32:30.693028 139579566835264 terminal.py:91] [Evaluator] Actor Episodes = 10536 | Actor Steps = 526800 | Delta Dist = 12.103 | Delta Dist 10 = 11.963 | Delta Dist 100 = 11.532 | Delta Dist 1000 = 9.592 | Episode Length = 50 | Episode Return = 14.0 | Evaluator Episodes = 2648 | Evaluator Steps = 132400 | Final Dist = 0.703 | Final Dist 10 = 0.844 | Final Dist 100 = 1.274 | Final Dist 1000 = 3.214 | Init Dist = 12.806 | Init Dist 10 = 12.806 | Init Dist 100 = 12.806 | Init Dist 1000 = 12.806 | Learner Steps = 8075 | Learner Walltime = 1574.240 | Min Dist = 0.672 | Min Dist 10 = 0.150 | Min Dist 100 = 0.556 | Min Dist 1000 = 2.559 | Steps Per Second = 82.962 | Success = 1.000 | Success 1000 = 0.697
I0502 15:32:31.916024 139579566835264 terminal.py:91] [Evaluator] Actor Episodes = 10544 | Actor Steps = 527200 | Delta Dist = 12.648 | Delta Dist 10 = 11.939 | Delta Dist 100 = 11.533 | Delta Dist 1000 = 9.609 | Episode Length = 50 | Episode Return = 4.0 | Evaluator Episodes = 2650 | Evaluator Steps = 132500 | Final Dist = 0.159 | Final Dist 10 = 0.867 | Final Dist 100 = 1.273 | Final Dist 1000 = 3.197 | Init Dist = 12.806 | Init Dist 10 = 12.806 | Init Dist 100 = 12.806 | Init Dist 1000 = 12.806 | Learner Steps = 8081 | Learner Walltime = 1575.483 | Min Dist = 0.159 | Min Dist 10 = 0.218 | Min Dist 100 = 0.564 | Min Dist 1000 = 2.542 | Steps Per Second = 86.620 | Success = 1.000 | Success 1000 = 0.699
I0502 15:32:32.673444 139555013154368 terminal.py:91] [Learner] Actor Episodes = 10548 | Actor Loss = 3.6316537857055664 | Actor Steps = 527400 | Binary Accuracy = 0.9959652423858643 | Categorical Accuracy = 0.40521240234375 | Critic Loss = 2.017174243927002 | Entropy Mean = -18.894329071044922 | Evaluator Episodes = 2650 | Evaluator Steps = 132500 | Learner Steps = 8089 | Learner Walltime = 1576.869 | Logits Neg = -15.869985580444336 | Logits Pos = -1.964891791343689 | Logsumexp = 1.2586365938186646 | Steps Per Second = 411.896
I0502 15:32:32.908362 139557462840896 terminal.py:91] [Actor] Actor Episodes = 10549 | Actor Steps = 527450 | Delta Dist = 1.460 | Delta Dist 10 = 4.339 | Delta Dist 100 = 4.164 | Delta Dist 1000 = 4.293 | Episode Length = 50 | Episode Return = 26.0 | Evaluator Episodes = 2650 | Evaluator Steps = 132500 | Final Dist = 1.540 | Final Dist 10 = 1.948 | Final Dist 100 = 1.809 | Final Dist 1000 = 1.647 | Init Dist = 3.000 | Init Dist 10 = 6.287 | Init Dist 100 = 5.973 | Init Dist 1000 = 5.940 | Learner Steps = 8081 | Learner Walltime = 1575.483 | Min Dist = 0.115 | Min Dist 10 = 0.165 | Min Dist 100 = 0.300 | Min Dist 1000 = 0.230 | Steps Per Second = 94.247 | Success = 1.000 | Success 1000 = 0.992
I0502 15:32:33.072680 139579566835264 terminal.py:91] [Evaluator] Actor Episodes = 10552 | Actor Steps = 527600 | Delta Dist = 11.321 | Delta Dist 10 = 11.857 | Delta Dist 100 = 11.539 | Delta Dist 1000 = 9.613 | Episode Length = 50 | Episode Return = 17.0 | Evaluator Episodes = 2652 | Evaluator Steps = 132600 | Final Dist = 1.485 | Final Dist 10 = 0.949 | Final Dist 100 = 1.267 | Final Dist 1000 = 3.194 | Init Dist = 12.806 | Init Dist 10 = 12.806 | Init Dist 100 = 12.806 | Init Dist 1000 = 12.806 | Learner Steps = 8088 | Learner Walltime = 1576.714 | Min Dist = 0.192 | Min Dist 10 = 0.230 | Min Dist 100 = 0.564 | Min Dist 1000 = 2.541 | Steps Per Second = 85.565 | Success = 1.000 | Success 1000 = 0.700
I0502 15:32:33.173212 139555860620864 terminal.py:91] [Actor] Actor Episodes = 10551 | Actor Steps = 527550 | Delta Dist = 6.059 | Delta Dist 10 = 2.785 | Delta Dist 100 = 3.987 | Delta Dist 1000 = 4.280 | Episode Length = 50 | Episode Return = 33.0 | Evaluator Episodes = 2650 | Evaluator Steps = 132500 | Final Dist = 0.265 | Final Dist 10 = 2.287 | Final Dist 100 = 1.845 | Final Dist 1000 = 1.650 | Init Dist = 6.325 | Init Dist 10 = 5.072 | Init Dist 100 = 5.832 | Init Dist 1000 = 5.931 | Learner Steps = 8088 | Learner Walltime = 1576.714 | Min Dist = 0.024 | Min Dist 10 = 0.225 | Min Dist 100 = 0.309 | Min Dist 1000 = 0.231 | Steps Per Second = 78.800 | Success = 1.000 | Success 1000 = 0.992
I0502 15:32:33.534554 139558059398720 terminal.py:91] [Actor] Actor Episodes = 10553 | Actor Steps = 527650 | Delta Dist = 1.415 | Delta Dist 10 = 3.133 | Delta Dist 100 = 3.932 | Delta Dist 1000 = 4.286 | Episode Length = 50 | Episode Return = 24.0 | Evaluator Episodes = 2650 | Evaluator Steps = 132500 | Final Dist = 0.821 | Final Dist 10 = 1.427 | Final Dist 100 = 1.829 | Final Dist 1000 = 1.643 | Init Dist = 2.236 | Init Dist 10 = 4.560 | Init Dist 100 = 5.761 | Init Dist 1000 = 5.929 | Learner Steps = 8088 | Learner Walltime = 1576.714 | Min Dist = 0.018 | Min Dist 10 = 0.210 | Min Dist 100 = 0.305 | Min Dist 1000 = 0.231 | Steps Per Second = 83.032 | Success = 1.000 | Success 1000 = 0.992
I0502 15:32:33.591786 139569349502528 terminal.py:91] [Actor] Actor Episodes = 10556 | Actor Steps = 527800 | Delta Dist = 8.990 | Delta Dist 10 = 3.454 | Delta Dist 100 = 3.864 | Delta Dist 1000 = 4.285 | Episode Length = 50 | Episode Return = 31.0 | Evaluator Episodes = 2652 | Evaluator Steps = 132600 | Final Dist = 0.230 | Final Dist 10 = 1.188 | Final Dist 100 = 1.835 | Final Dist 1000 = 1.643 | Init Dist = 9.220 | Init Dist 10 = 4.642 | Init Dist 100 = 5.699 | Init Dist 1000 = 5.928 | Learner Steps = 8093 | Learner Walltime = 1577.738 | Min Dist = 0.067 | Min Dist 10 = 0.211 | Min Dist 100 = 0.305 | Min Dist 1000 = 0.231 | Steps Per Second = 85.640 | Success = 1.000 | Success 1000 = 0.992
I0502 15:32:34.264324 139579566835264 terminal.py:91] [Evaluator] Actor Episodes = 10560 | Actor Steps = 528000 | Delta Dist = 11.488 | Delta Dist 10 = 11.969 | Delta Dist 100 = 11.546 | Delta Dist 1000 = 9.612 | Episode Length = 50 | Episode Return = 10.0 | Evaluator Episodes = 2654 | Evaluator Steps = 132700 | Final Dist = 1.318 | Final Dist 10 = 0.837 | Final Dist 100 = 1.261 | Final Dist 1000 = 3.194 | Init Dist = 12.806 | Init Dist 10 = 12.806 | Init Dist 100 = 12.806 | Init Dist 1000 = 12.806 | Learner Steps = 8093 | Learner Walltime = 1577.738 | Min Dist = 0.285 | Min Dist 10 = 0.209 | Min Dist 100 = 0.564 | Min Dist 1000 = 2.541 | Steps Per Second = 83.872 | Success = 1.000 | Success 1000 = 0.700
I0502 15:32:35.010429 139583350109760 savers.py:156] Saving checkpoint: logs/contrastive_cpc_point_FourRooms_64/5dd72662-2788-11f0-b183-d85ed38c5779/checkpoints/learner
I0502 15:32:35.443502 139579566835264 terminal.py:91] [Evaluator] Actor Episodes = 10566 | Actor Steps = 528300 | Delta Dist = 12.189 | Delta Dist 10 = 12.031 | Delta Dist 100 = 11.602 | Delta Dist 1000 = 9.625 | Episode Length = 50 | Episode Return = 19.0 | Evaluator Episodes = 2656 | Evaluator Steps = 132800 | Final Dist = 0.617 | Final Dist 10 = 0.775 | Final Dist 100 = 1.204 | Final Dist 1000 = 3.182 | Init Dist = 12.806 | Init Dist 10 = 12.806 | Init Dist 100 = 12.806 | Init Dist 1000 = 12.806 | Learner Steps = 8100 | Learner Walltime = 1578.971 | Min Dist = 0.130 | Min Dist 10 = 0.223 | Min Dist 100 = 0.505 | Min Dist 1000 = 2.530 | Steps Per Second = 78.963 | Success = 1.000 | Success 1000 = 0.701
I0502 15:32:36.706031 139579566835264 terminal.py:91] [Evaluator] Actor Episodes = 10576 | Actor Steps = 528800 | Delta Dist = 12.360 | Delta Dist 10 = 12.040 | Delta Dist 100 = 11.606 | Delta Dist 1000 = 9.626 | Episode Length = 50 | Episode Return = 8.0 | Evaluator Episodes = 2658 | Evaluator Steps = 132900 | Final Dist = 0.447 | Final Dist 10 = 0.766 | Final Dist 100 = 1.201 | Final Dist 1000 = 3.181 | Init Dist = 12.806 | Init Dist 10 = 12.806 | Init Dist 100 = 12.806 | Init Dist 1000 = 12.806 | Learner Steps = 8106 | Learner Walltime = 1579.982 | Min Dist = 0.223 | Min Dist 10 = 0.264 | Min Dist 100 = 0.508 | Min Dist 1000 = 2.530 | Steps Per Second = 79.268 | Success = 1.000 | Success 1000 = 0.701
I0502 15:32:37.542974 139584504182336 lp_utils.py:96] StepsLimiter: Reached 529100 recorded steps
I0502 15:32:37.924851 139579566835264 terminal.py:91] [Evaluator] Actor Episodes = 10584 | Actor Steps = 529200 | Delta Dist = 11.742 | Delta Dist 10 = 12.139 | Delta Dist 100 = 11.613 | Delta Dist 1000 = 9.627 | Episode Length = 50 | Episode Return = 16.0 | Evaluator Episodes = 2660 | Evaluator Steps = 133000 | Final Dist = 1.064 | Final Dist 10 = 0.667 | Final Dist 100 = 1.193 | Final Dist 1000 = 3.179 | Init Dist = 12.806 | Init Dist 10 = 12.806 | Init Dist 100 = 12.806 | Init Dist 1000 = 12.806 | Learner Steps = 8110 | Learner Walltime = 1580.990 | Min Dist = 0.050 | Min Dist 10 = 0.220 | Min Dist 100 = 0.505 | Min Dist 1000 = 2.530 | Steps Per Second = 81.582 | Success = 1.000 | Success 1000 = 0.701
I0502 15:32:38.856395 139584635659840 savers.py:156] Saving checkpoint: logs/contrastive_cpc_point_FourRooms_64/5dd72662-2788-11f0-b183-d85ed38c5779/checkpoints/counter
I0502 15:32:39.142282 139579566835264 terminal.py:91] [Evaluator] Actor Episodes = 10592 | Actor Steps = 529600 | Delta Dist = 12.611 | Delta Dist 10 = 12.097 | Delta Dist 100 = 11.615 | Delta Dist 1000 = 9.627 | Episode Length = 50 | Episode Return = 24.0 | Evaluator Episodes = 2662 | Evaluator Steps = 133100 | Final Dist = 0.196 | Final Dist 10 = 0.709 | Final Dist 100 = 1.191 | Final Dist 1000 = 3.179 | Init Dist = 12.806 | Init Dist 10 = 12.806 | Init Dist 100 = 12.806 | Init Dist 1000 = 12.806 | Learner Steps = 8122 | Learner Walltime = 1583.248 | Min Dist = 0.146 | Min Dist 10 = 0.258 | Min Dist 100 = 0.508 | Min Dist 1000 = 2.530 | Steps Per Second = 81.015 | Success = 1.000 | Success 1000 = 0.701
I0502 15:32:40.312653 139579566835264 terminal.py:91] [Evaluator] Actor Episodes = 10600 | Actor Steps = 530000 | Delta Dist = 11.664 | Delta Dist 10 = 12.190 | Delta Dist 100 = 11.624 | Delta Dist 1000 = 9.638 | Episode Length = 50 | Episode Return = 5.0 | Evaluator Episodes = 2664 | Evaluator Steps = 133200 | Final Dist = 1.142 | Final Dist 10 = 0.616 | Final Dist 100 = 1.182 | Final Dist 1000 = 3.169 | Init Dist = 12.806 | Init Dist 10 = 12.806 | Init Dist 100 = 12.806 | Init Dist 1000 = 12.806 | Learner Steps = 8126 | Learner Walltime = 1584.288 | Min Dist = 0.253 | Min Dist 10 = 0.256 | Min Dist 100 = 0.508 | Min Dist 1000 = 2.520 | Steps Per Second = 91.391 | Success = 1.000 | Success 1000 = 0.702
I0502 15:32:41.571898 139579566835264 terminal.py:91] [Evaluator] Actor Episodes = 10608 | Actor Steps = 530400 | Delta Dist = 11.562 | Delta Dist 10 = 12.156 | Delta Dist 100 = 11.699 | Delta Dist 1000 = 9.638 | Episode Length = 50 | Episode Return = 14.0 | Evaluator Episodes = 2666 | Evaluator Steps = 133300 | Final Dist = 1.245 | Final Dist 10 = 0.651 | Final Dist 100 = 1.107 | Final Dist 1000 = 3.169 | Init Dist = 12.806 | Init Dist 10 = 12.806 | Init Dist 100 = 12.806 | Init Dist 1000 = 12.806 | Learner Steps = 8133 | Learner Walltime = 1585.608 | Min Dist = 0.116 | Min Dist 10 = 0.290 | Min Dist 100 = 0.436 | Min Dist 1000 = 2.520 | Steps Per Second = 77.624 | Success = 1.000 | Success 1000 = 0.702
I0502 15:32:42.859637 139579566835264 terminal.py:91] [Evaluator] Actor Episodes = 10616 | Actor Steps = 530800 | Delta Dist = 12.256 | Delta Dist 10 = 12.065 | Delta Dist 100 = 11.686 | Delta Dist 1000 = 9.647 | Episode Length = 50 | Episode Return = 9.0 | Evaluator Episodes = 2668 | Evaluator Steps = 133400 | Final Dist = 0.550 | Final Dist 10 = 0.741 | Final Dist 100 = 1.120 | Final Dist 1000 = 3.159 | Init Dist = 12.806 | Init Dist 10 = 12.806 | Init Dist 100 = 12.806 | Init Dist 1000 = 12.806 | Learner Steps = 8139 | Learner Walltime = 1586.641 | Min Dist = 0.208 | Min Dist 10 = 0.245 | Min Dist 100 = 0.432 | Min Dist 1000 = 2.509 | Steps Per Second = 75.401 | Success = 1.000 | Success 1000 = 0.703
I0502 15:32:42.891235 139555013154368 terminal.py:91] [Learner] Actor Episodes = 10612 | Actor Loss = 3.610626220703125 | Actor Steps = 530600 | Binary Accuracy = 0.995999813079834 | Categorical Accuracy = 0.40435791015625 | Critic Loss = 1.9870398044586182 | Entropy Mean = -20.746826171875 | Evaluator Episodes = 2666 | Evaluator Steps = 133300 | Learner Steps = 8140 | Learner Walltime = 1587.088 | Logits Neg = -15.918848037719727 | Logits Pos = -1.9743993282318115 | Logsumexp = 1.2825520038604736 | Steps Per Second = 143.121
I0502 15:32:43.445529 139557462840896 terminal.py:91] [Actor] Actor Episodes = 10618 | Actor Steps = 530900 | Delta Dist = 3.976 | Delta Dist 10 = 2.690 | Delta Dist 100 = 3.861 | Delta Dist 1000 = 4.265 | Episode Length = 50 | Episode Return = 32.0 | Evaluator Episodes = 2668 | Evaluator Steps = 133400 | Final Dist = 0.496 | Final Dist 10 = 3.210 | Final Dist 100 = 1.768 | Final Dist 1000 = 1.658 | Init Dist = 4.472 | Init Dist 10 = 5.900 | Init Dist 100 = 5.629 | Init Dist 1000 = 5.923 | Learner Steps = 8139 | Learner Walltime = 1586.641 | Min Dist = 0.076 | Min Dist 10 = 0.065 | Min Dist 100 = 0.120 | Min Dist 1000 = 0.232 | Steps Per Second = 77.421 | Success = 1.000 | Success 1000 = 0.992
I0502 15:32:43.658755 139555860620864 terminal.py:91] [Actor] Actor Episodes = 10620 | Actor Steps = 531000 | Delta Dist = 1.292 | Delta Dist 10 = 3.025 | Delta Dist 100 = 3.882 | Delta Dist 1000 = 4.265 | Episode Length = 50 | Episode Return = 22.0 | Evaluator Episodes = 2668 | Evaluator Steps = 133400 | Final Dist = 5.417 | Final Dist 10 = 2.366 | Final Dist 100 = 1.686 | Final Dist 1000 = 1.659 | Init Dist = 6.708 | Init Dist 10 = 5.391 | Init Dist 100 = 5.569 | Init Dist 1000 = 5.924 | Learner Steps = 8143 | Learner Walltime = 1587.802 | Min Dist = 0.080 | Min Dist 10 = 0.079 | Min Dist 100 = 0.124 | Min Dist 1000 = 0.232 | Steps Per Second = 68.646 | Success = 1.000 | Success 1000 = 0.992
I0502 15:32:43.994566 139569349502528 terminal.py:91] [Actor] Actor Episodes = 10622 | Actor Steps = 531100 | Delta Dist = 1.772 | Delta Dist 10 = 3.786 | Delta Dist 100 = 3.932 | Delta Dist 1000 = 4.261 | Episode Length = 50 | Episode Return = 41.0 | Evaluator Episodes = 2668 | Evaluator Steps = 133400 | Final Dist = 0.228 | Final Dist 10 = 1.976 | Final Dist 100 = 1.690 | Final Dist 1000 = 1.660 | Init Dist = 2.000 | Init Dist 10 = 5.762 | Init Dist 100 = 5.622 | Init Dist 1000 = 5.921 | Learner Steps = 8143 | Learner Walltime = 1587.802 | Min Dist = 0.040 | Min Dist 10 = 0.083 | Min Dist 100 = 0.124 | Min Dist 1000 = 0.232 | Steps Per Second = 73.288 | Success = 1.000 | Success 1000 = 0.992
I0502 15:32:44.139964 139558059398720 terminal.py:91] [Actor] Actor Episodes = 10624 | Actor Steps = 531200 | Delta Dist = 2.106 | Delta Dist 10 = 3.446 | Delta Dist 100 = 3.859 | Delta Dist 1000 = 4.252 | Episode Length = 50 | Episode Return = 24.0 | Evaluator Episodes = 2668 | Evaluator Steps = 133400 | Final Dist = 1.056 | Final Dist 10 = 1.478 | Final Dist 100 = 1.686 | Final Dist 1000 = 1.661 | Init Dist = 3.162 | Init Dist 10 = 4.924 | Init Dist 100 = 5.545 | Init Dist 1000 = 5.913 | Learner Steps = 8143 | Learner Walltime = 1587.802 | Min Dist = 0.182 | Min Dist 10 = 0.079 | Min Dist 100 = 0.123 | Min Dist 1000 = 0.232 | Steps Per Second = 78.647 | Success = 1.000 | Success 1000 = 0.992
I0502 15:32:44.206427 139579566835264 terminal.py:91] [Evaluator] Actor Episodes = 10624 | Actor Steps = 531200 | Delta Dist = 5.968 | Delta Dist 10 = 12.070 | Delta Dist 100 = 11.693 | Delta Dist 1000 = 9.648 | Episode Length = 50 | Episode Return = 0.0 | Evaluator Episodes = 2670 | Evaluator Steps = 133500 | Final Dist = 6.839 | Final Dist 10 = 0.737 | Final Dist 100 = 1.113 | Final Dist 1000 = 3.158 | Init Dist = 12.806 | Init Dist 10 = 12.806 | Init Dist 100 = 12.806 | Init Dist 1000 = 12.806 | Learner Steps = 8143 | Learner Walltime = 1587.802 | Min Dist = 5.891 | Min Dist 10 = 0.242 | Min Dist 100 = 0.430 | Min Dist 1000 = 2.509 | Steps Per Second = 81.341 | Success = 0.000 | Success 1000 = 0.703
I0502 15:32:45.422148 139579566835264 terminal.py:91] [Evaluator] Actor Episodes = 10632 | Actor Steps = 531600 | Delta Dist = 11.235 | Delta Dist 10 = 11.444 | Delta Dist 100 = 11.641 | Delta Dist 1000 = 9.642 | Episode Length = 50 | Episode Return = 5.0 | Evaluator Episodes = 2672 | Evaluator Steps = 133600 | Final Dist = 1.571 | Final Dist 10 = 1.362 | Final Dist 100 = 1.166 | Final Dist 1000 = 3.164 | Init Dist = 12.806 | Init Dist 10 = 12.806 | Init Dist 100 = 12.806 | Init Dist 1000 = 12.806 | Learner Steps = 8149 | Learner Walltime = 1588.925 | Min Dist = 0.265 | Min Dist 10 = 0.791 | Min Dist 100 = 0.490 | Min Dist 1000 = 2.514 | Steps Per Second = 77.809 | Success = 1.000 | Success 1000 = 0.702
I0502 15:32:46.659796 139579566835264 terminal.py:91] [Evaluator] Actor Episodes = 10640 | Actor Steps = 532000 | Delta Dist = 12.353 | Delta Dist 10 = 11.213 | Delta Dist 100 = 11.634 | Delta Dist 1000 = 9.642 | Episode Length = 50 | Episode Return = 27.0 | Evaluator Episodes = 2674 | Evaluator Steps = 133700 | Final Dist = 0.453 | Final Dist 10 = 1.593 | Final Dist 100 = 1.173 | Final Dist 1000 = 3.164 | Init Dist = 12.806 | Init Dist 10 = 12.806 | Init Dist 100 = 12.806 | Init Dist 1000 = 12.806 | Learner Steps = 8154 | Learner Walltime = 1590.157 | Min Dist = 0.038 | Min Dist 10 = 0.816 | Min Dist 100 = 0.493 | Min Dist 1000 = 2.513 | Steps Per Second = 79.608 | Success = 1.000 | Success 1000 = 0.702
I0502 15:32:47.560859 139584504182336 lp_utils.py:96] StepsLimiter: Reached 532200 recorded steps
I0502 15:32:47.770798 139579566835264 terminal.py:91] [Evaluator] Actor Episodes = 10646 | Actor Steps = 532300 | Delta Dist = 11.618 | Delta Dist 10 = 11.338 | Delta Dist 100 = 11.652 | Delta Dist 1000 = 9.643 | Episode Length = 50 | Episode Return = 14.0 | Evaluator Episodes = 2676 | Evaluator Steps = 133800 | Final Dist = 1.188 | Final Dist 10 = 1.468 | Final Dist 100 = 1.154 | Final Dist 1000 = 3.163 | Init Dist = 12.806 | Init Dist 10 = 12.806 | Init Dist 100 = 12.806 | Init Dist 1000 = 12.806 | Learner Steps = 8161 | Learner Walltime = 1591.369 | Min Dist = 0.203 | Min Dist 10 = 0.737 | Min Dist 100 = 0.488 | Min Dist 1000 = 2.512 | Steps Per Second = 90.166 | Success = 1.000 | Success 1000 = 0.702
I0502 15:32:49.054809 139579566835264 terminal.py:91] [Evaluator] Actor Episodes = 10656 | Actor Steps = 532800 | Delta Dist = 4.480 | Delta Dist 10 = 11.361 | Delta Dist 100 = 11.656 | Delta Dist 1000 = 9.651 | Episode Length = 50 | Episode Return = 0.0 | Evaluator Episodes = 2678 | Evaluator Steps = 133900 | Final Dist = 8.326 | Final Dist 10 = 1.445 | Final Dist 100 = 1.150 | Final Dist 1000 = 3.155 | Init Dist = 12.806 | Init Dist 10 = 12.806 | Init Dist 100 = 12.806 | Init Dist 1000 = 12.806 | Learner Steps = 8167 | Learner Walltime = 1592.429 | Min Dist = 7.035 | Min Dist 10 = 0.749 | Min Dist 100 = 0.487 | Min Dist 1000 = 2.505 | Steps Per Second = 78.773 | Success = 0.000 | Success 1000 = 0.703
I0502 15:32:50.390468 139579566835264 terminal.py:91] [Evaluator] Actor Episodes = 10664 | Actor Steps = 533200 | Delta Dist = 11.186 | Delta Dist 10 = 10.462 | Delta Dist 100 = 11.582 | Delta Dist 1000 = 9.643 | Episode Length = 50 | Episode Return = 4.0 | Evaluator Episodes = 2680 | Evaluator Steps = 134000 | Final Dist = 1.620 | Final Dist 10 = 2.344 | Final Dist 100 = 1.224 | Final Dist 1000 = 3.163 | Init Dist = 12.806 | Init Dist 10 = 12.806 | Init Dist 100 = 12.806 | Init Dist 1000 = 12.806 | Learner Steps = 8177 | Learner Walltime = 1594.510 | Min Dist = 0.397 | Min Dist 10 = 1.558 | Min Dist 100 = 0.569 | Min Dist 1000 = 2.513 | Steps Per Second = 78.819 | Success = 1.000 | Success 1000 = 0.701
I0502 15:32:51.687099 139579566835264 terminal.py:91] [Evaluator] Actor Episodes = 10672 | Actor Steps = 533600 | Delta Dist = 11.381 | Delta Dist 10 = 10.995 | Delta Dist 100 = 11.616 | Delta Dist 1000 = 9.643 | Episode Length = 50 | Episode Return = 13.0 | Evaluator Episodes = 2682 | Evaluator Steps = 134100 | Final Dist = 1.425 | Final Dist 10 = 1.811 | Final Dist 100 = 1.191 | Final Dist 1000 = 3.163 | Init Dist = 12.806 | Init Dist 10 = 12.806 | Init Dist 100 = 12.806 | Init Dist 1000 = 12.806 | Learner Steps = 8183 | Learner Walltime = 1595.834 | Min Dist = 0.118 | Min Dist 10 = 0.991 | Min Dist 100 = 0.519 | Min Dist 1000 = 2.513 | Steps Per Second = 73.734 | Success = 1.000 | Success 1000 = 0.701
I0502 15:32:52.911968 139579566835264 terminal.py:91] [Evaluator] Actor Episodes = 10678 | Actor Steps = 533900 | Delta Dist = 12.117 | Delta Dist 10 = 11.028 | Delta Dist 100 = 11.613 | Delta Dist 1000 = 9.642 | Episode Length = 50 | Episode Return = 18.0 | Evaluator Episodes = 2684 | Evaluator Steps = 134200 | Final Dist = 0.689 | Final Dist 10 = 1.778 | Final Dist 100 = 1.193 | Final Dist 1000 = 3.164 | Init Dist = 12.806 | Init Dist 10 = 12.806 | Init Dist 100 = 12.806 | Init Dist 1000 = 12.806 | Learner Steps = 8189 | Learner Walltime = 1596.857 | Min Dist = 0.097 | Min Dist 10 = 0.967 | Min Dist 100 = 0.515 | Min Dist 1000 = 2.513 | Steps Per Second = 81.812 | Success = 1.000 | Success 1000 = 0.701
I0502 15:32:53.074214 139555013154368 terminal.py:91] [Learner] Actor Episodes = 10678 | Actor Loss = 3.6896800994873047 | Actor Steps = 533900 | Binary Accuracy = 0.9959721565246582 | Categorical Accuracy = 0.4188232421875 | Critic Loss = 1.993436574935913 | Entropy Mean = -19.14446258544922 | Evaluator Episodes = 2682 | Evaluator Steps = 134100 | Learner Steps = 8191 | Learner Walltime = 1597.270 | Logits Neg = -15.919952392578125 | Logits Pos = -1.9700086116790771 | Logsumexp = 1.312514066696167 | Steps Per Second = 242.140
I0502 15:32:53.800621 139555860620864 terminal.py:91] [Actor] Actor Episodes = 10686 | Actor Steps = 534300 | Delta Dist = 5.746 | Delta Dist 10 = 4.067 | Delta Dist 100 = 3.657 | Delta Dist 1000 = 4.227 | Episode Length = 50 | Episode Return = 36.0 | Evaluator Episodes = 2684 | Evaluator Steps = 134200 | Final Dist = 0.085 | Final Dist 10 = 0.806 | Final Dist 100 = 1.515 | Final Dist 1000 = 1.623 | Init Dist = 5.831 | Init Dist 10 = 4.873 | Init Dist 100 = 5.173 | Init Dist 1000 = 5.850 | Learner Steps = 8189 | Learner Walltime = 1596.857 | Min Dist = 0.046 | Min Dist 10 = 0.049 | Min Dist 100 = 0.122 | Min Dist 1000 = 0.234 | Steps Per Second = 78.297 | Success = 1.000 | Success 1000 = 0.991
I0502 15:32:53.956385 139557462840896 terminal.py:91] [Actor] Actor Episodes = 10683 | Actor Steps = 534150 | Delta Dist = 8.366 | Delta Dist 10 = 3.707 | Delta Dist 100 = 3.573 | Delta Dist 1000 = 4.224 | Episode Length = 50 | Episode Return = 15.0 | Evaluator Episodes = 2684 | Evaluator Steps = 134200 | Final Dist = 0.178 | Final Dist 10 = 1.349 | Final Dist 100 = 1.578 | Final Dist 1000 = 1.630 | Init Dist = 8.544 | Init Dist 10 = 5.056 | Init Dist 100 = 5.151 | Init Dist 1000 = 5.854 | Learner Steps = 8189 | Learner Walltime = 1596.857 | Min Dist = 0.042 | Min Dist 10 = 0.047 | Min Dist 100 = 0.120 | Min Dist 1000 = 0.234 | Steps Per Second = 86.397 | Success = 1.000 | Success 1000 = 0.991
I0502 15:32:54.081114 139579566835264 terminal.py:91] [Evaluator] Actor Episodes = 10686 | Actor Steps = 534300 | Delta Dist = 4.307 | Delta Dist 10 = 10.939 | Delta Dist 100 = 11.626 | Delta Dist 1000 = 9.653 | Episode Length = 50 | Episode Return = 0.0 | Evaluator Episodes = 2686 | Evaluator Steps = 134300 | Final Dist = 8.499 | Final Dist 10 = 1.867 | Final Dist 100 = 1.180 | Final Dist 1000 = 3.153 | Init Dist = 12.806 | Init Dist 10 = 12.806 | Init Dist 100 = 12.806 | Init Dist 1000 = 12.806 | Learner Steps = 8194 | Learner Walltime = 1598.047 | Min Dist = 7.432 | Min Dist 10 = 0.996 | Min Dist 100 = 0.512 | Min Dist 1000 = 2.502 | Steps Per Second = 84.385 | Success = 0.000 | Success 1000 = 0.702
I0502 15:32:54.165175 139558059398720 terminal.py:91] [Actor] Actor Episodes = 10688 | Actor Steps = 534400 | Delta Dist = 4.973 | Delta Dist 10 = 3.756 | Delta Dist 100 = 3.653 | Delta Dist 1000 = 4.229 | Episode Length = 50 | Episode Return = 28.0 | Evaluator Episodes = 2686 | Evaluator Steps = 134300 | Final Dist = 0.858 | Final Dist 10 = 1.434 | Final Dist 100 = 1.507 | Final Dist 1000 = 1.630 | Init Dist = 5.831 | Init Dist 10 = 5.189 | Init Dist 100 = 5.160 | Init Dist 1000 = 5.859 | Learner Steps = 8194 | Learner Walltime = 1598.047 | Min Dist = 0.062 | Min Dist 10 = 0.045 | Min Dist 100 = 0.120 | Min Dist 1000 = 0.234 | Steps Per Second = 86.607 | Success = 1.000 | Success 1000 = 0.991
I0502 15:32:54.336693 139569349502528 terminal.py:91] [Actor] Actor Episodes = 10685 | Actor Steps = 534250 | Delta Dist = 0.620 | Delta Dist 10 = 4.310 | Delta Dist 100 = 3.676 | Delta Dist 1000 = 4.229 | Episode Length = 50 | Episode Return = 20.0 | Evaluator Episodes = 2684 | Evaluator Steps = 134200 | Final Dist = 1.380 | Final Dist 10 = 1.363 | Final Dist 100 = 1.511 | Final Dist 1000 = 1.629 | Init Dist = 2.000 | Init Dist 10 = 5.673 | Init Dist 100 = 5.187 | Init Dist 1000 = 5.859 | Learner Steps = 8189 | Learner Walltime = 1596.857 | Min Dist = 0.013 | Min Dist 10 = 0.049 | Min Dist 100 = 0.120 | Min Dist 1000 = 0.234 | Steps Per Second = 84.509 | Success = 1.000 | Success 1000 = 0.991
I0502 15:32:55.341014 139579566835264 terminal.py:91] [Evaluator] Actor Episodes = 10696 | Actor Steps = 534800 | Delta Dist = 12.193 | Delta Dist 10 = 10.143 | Delta Dist 100 = 11.535 | Delta Dist 1000 = 9.666 | Episode Length = 50 | Episode Return = 12.0 | Evaluator Episodes = 2688 | Evaluator Steps = 134400 | Final Dist = 0.613 | Final Dist 10 = 2.663 | Final Dist 100 = 1.271 | Final Dist 1000 = 3.140 | Init Dist = 12.806 | Init Dist 10 = 12.806 | Init Dist 100 = 12.806 | Init Dist 1000 = 12.806 | Learner Steps = 8201 | Learner Walltime = 1599.313 | Min Dist = 0.175 | Min Dist 10 = 1.760 | Min Dist 100 = 0.589 | Min Dist 1000 = 2.490 | Steps Per Second = 79.182 | Success = 1.000 | Success 1000 = 0.703
I0502 15:32:56.503555 139579566835264 terminal.py:91] [Evaluator] Actor Episodes = 10702 | Actor Steps = 535100 | Delta Dist = 11.425 | Delta Dist 10 = 11.020 | Delta Dist 100 = 11.539 | Delta Dist 1000 = 9.667 | Episode Length = 50 | Episode Return = 2.0 | Evaluator Episodes = 2690 | Evaluator Steps = 134500 | Final Dist = 1.381 | Final Dist 10 = 1.786 | Final Dist 100 = 1.267 | Final Dist 1000 = 3.139 | Init Dist = 12.806 | Init Dist 10 = 12.806 | Init Dist 100 = 12.806 | Init Dist 1000 = 12.806 | Learner Steps = 8207 | Learner Walltime = 1600.419 | Min Dist = 0.604 | Min Dist 10 = 0.935 | Min Dist 100 = 0.587 | Min Dist 1000 = 2.489 | Steps Per Second = 92.629 | Success = 1.000 | Success 1000 = 0.703
I0502 15:32:57.575968 139584504182336 lp_utils.py:96] StepsLimiter: Reached 535500 recorded steps
I0502 15:32:57.632358 139579566835264 terminal.py:91] [Evaluator] Actor Episodes = 10710 | Actor Steps = 535500 | Delta Dist = 11.408 | Delta Dist 10 = 11.072 | Delta Dist 100 = 11.531 | Delta Dist 1000 = 9.678 | Episode Length = 50 | Episode Return = 4.0 | Evaluator Episodes = 2692 | Evaluator Steps = 134600 | Final Dist = 1.398 | Final Dist 10 = 1.734 | Final Dist 100 = 1.275 | Final Dist 1000 = 3.128 | Init Dist = 12.806 | Init Dist 10 = 12.806 | Init Dist 100 = 12.806 | Init Dist 1000 = 12.806 | Learner Steps = 8213 | Learner Walltime = 1601.475 | Min Dist = 0.470 | Min Dist 10 = 0.967 | Min Dist 100 = 0.591 | Min Dist 1000 = 2.480 | Steps Per Second = 95.094 | Success = 1.000 | Success 1000 = 0.704
I0502 15:32:58.822184 139579566835264 terminal.py:91] [Evaluator] Actor Episodes = 10718 | Actor Steps = 535900 | Delta Dist = 11.536 | Delta Dist 10 = 11.138 | Delta Dist 100 = 11.531 | Delta Dist 1000 = 9.688 | Episode Length = 50 | Episode Return = 2.0 | Evaluator Episodes = 2694 | Evaluator Steps = 134700 | Final Dist = 1.270 | Final Dist 10 = 1.668 | Final Dist 100 = 1.276 | Final Dist 1000 = 3.118 | Init Dist = 12.806 | Init Dist 10 = 12.806 | Init Dist 100 = 12.806 | Init Dist 1000 = 12.806 | Learner Steps = 8219 | Learner Walltime = 1602.683 | Min Dist = 0.390 | Min Dist 10 = 1.011 | Min Dist 100 = 0.594 | Min Dist 1000 = 2.470 | Steps Per Second = 83.703 | Success = 1.000 | Success 1000 = 0.705
I0502 15:32:59.978176 139579566835264 terminal.py:91] [Evaluator] Actor Episodes = 10726 | Actor Steps = 536300 | Delta Dist = 11.607 | Delta Dist 10 = 11.156 | Delta Dist 100 = 11.522 | Delta Dist 1000 = 9.707 | Episode Length = 50 | Episode Return = 11.0 | Evaluator Episodes = 2696 | Evaluator Steps = 134800 | Final Dist = 1.199 | Final Dist 10 = 1.651 | Final Dist 100 = 1.284 | Final Dist 1000 = 3.099 | Init Dist = 12.806 | Init Dist 10 = 12.806 | Init Dist 100 = 12.806 | Init Dist 1000 = 12.806 | Learner Steps = 8225 | Learner Walltime = 1603.728 | Min Dist = 0.126 | Min Dist 10 = 1.028 | Min Dist 100 = 0.596 | Min Dist 1000 = 2.449 | Steps Per Second = 84.740 | Success = 1.000 | Success 1000 = 0.707
I0502 15:33:01.222013 139579566835264 terminal.py:91] [Evaluator] Actor Episodes = 10734 | Actor Steps = 536700 | Delta Dist = 12.237 | Delta Dist 10 = 11.254 | Delta Dist 100 = 11.451 | Delta Dist 1000 = 9.721 | Episode Length = 50 | Episode Return = 8.0 | Evaluator Episodes = 2698 | Evaluator Steps = 134900 | Final Dist = 0.569 | Final Dist 10 = 1.553 | Final Dist 100 = 1.355 | Final Dist 1000 = 3.085 | Init Dist = 12.806 | Init Dist 10 = 12.806 | Init Dist 100 = 12.806 | Init Dist 1000 = 12.806 | Learner Steps = 8230 | Learner Walltime = 1604.834 | Min Dist = 0.326 | Min Dist 10 = 0.934 | Min Dist 100 = 0.665 | Min Dist 1000 = 2.435 | Steps Per Second = 82.971 | Success = 1.000 | Success 1000 = 0.708
I0502 15:33:02.445606 139579566835264 terminal.py:91] [Evaluator] Actor Episodes = 10742 | Actor Steps = 537100 | Delta Dist = 11.585 | Delta Dist 10 = 10.469 | Delta Dist 100 = 11.388 | Delta Dist 1000 = 9.735 | Episode Length = 50 | Episode Return = 10.0 | Evaluator Episodes = 2700 | Evaluator Steps = 135000 | Final Dist = 1.221 | Final Dist 10 = 2.337 | Final Dist 100 = 1.419 | Final Dist 1000 = 3.072 | Init Dist = 12.806 | Init Dist 10 = 12.806 | Init Dist 100 = 12.806 | Init Dist 1000 = 12.806 | Learner Steps = 8236 | Learner Walltime = 1605.946 | Min Dist = 0.053 | Min Dist 10 = 1.649 | Min Dist 100 = 0.732 | Min Dist 1000 = 2.422 | Steps Per Second = 79.058 | Success = 1.000 | Success 1000 = 0.709
I0502 15:33:03.100751 139555013154368 terminal.py:91] [Learner] Actor Episodes = 10744 | Actor Loss = 3.6361083984375 | Actor Steps = 537200 | Binary Accuracy = 0.9959931373596191 | Categorical Accuracy = 0.41375732421875 | Critic Loss = 1.9920167922973633 | Entropy Mean = -17.36149024963379 | Evaluator Episodes = 2700 | Evaluator Steps = 135000 | Learner Steps = 8243 | Learner Walltime = 1607.295 | Logits Neg = -15.807985305786133 | Logits Pos = -1.9902976751327515 | Logsumexp = 1.1700608730316162 | Steps Per Second = 955.147
I0502 15:33:03.676534 139579566835264 terminal.py:91] [Evaluator] Actor Episodes = 10752 | Actor Steps = 537600 | Delta Dist = 12.593 | Delta Dist 10 = 9.969 | Delta Dist 100 = 11.340 | Delta Dist 1000 = 9.739 | Episode Length = 50 | Episode Return = 11.0 | Evaluator Episodes = 2702 | Evaluator Steps = 135100 | Final Dist = 0.213 | Final Dist 10 = 2.838 | Final Dist 100 = 1.466 | Final Dist 1000 = 3.067 | Init Dist = 12.806 | Init Dist 10 = 12.806 | Init Dist 100 = 12.806 | Init Dist 1000 = 12.806 | Learner Steps = 8241 | Learner Walltime = 1607.155 | Min Dist = 0.082 | Min Dist 10 = 2.174 | Min Dist 100 = 0.790 | Min Dist 1000 = 2.417 | Steps Per Second = 77.771 | Success = 1.000 | Success 1000 = 0.709
I0502 15:33:04.094097 139557462840896 terminal.py:91] [Actor] Actor Episodes = 10754 | Actor Steps = 537700 | Delta Dist = 7.277 | Delta Dist 10 = 2.000 | Delta Dist 100 = 4.270 | Delta Dist 1000 = 4.250 | Episode Length = 50 | Episode Return = 18.0 | Evaluator Episodes = 2702 | Evaluator Steps = 135100 | Final Dist = 1.208 | Final Dist 10 = 3.937 | Final Dist 100 = 1.529 | Final Dist 1000 = 1.625 | Init Dist = 8.485 | Init Dist 10 = 5.937 | Init Dist 100 = 5.798 | Init Dist 1000 = 5.875 | Learner Steps = 8241 | Learner Walltime = 1607.155 | Min Dist = 0.106 | Min Dist 10 = 0.061 | Min Dist 100 = 0.060 | Min Dist 1000 = 0.219 | Steps Per Second = 81.115 | Success = 1.000 | Success 1000 = 0.993
I0502 15:33:04.196103 139555860620864 terminal.py:91] [Actor] Actor Episodes = 10751 | Actor Steps = 537550 | Delta Dist = 8.756 | Delta Dist 10 = 2.388 | Delta Dist 100 = 4.274 | Delta Dist 1000 = 4.252 | Episode Length = 50 | Episode Return = 34.0 | Evaluator Episodes = 2700 | Evaluator Steps = 135000 | Final Dist = 0.188 | Final Dist 10 = 3.510 | Final Dist 100 = 1.543 | Final Dist 1000 = 1.619 | Init Dist = 8.944 | Init Dist 10 = 5.898 | Init Dist 100 = 5.817 | Init Dist 1000 = 5.871 | Learner Steps = 8241 | Learner Walltime = 1607.155 | Min Dist = 0.064 | Min Dist 10 = 0.087 | Min Dist 100 = 0.061 | Min Dist 1000 = 0.219 | Steps Per Second = 78.936 | Success = 1.000 | Success 1000 = 0.994
I0502 15:33:04.326202 139558059398720 terminal.py:91] [Actor] Actor Episodes = 10753 | Actor Steps = 537650 | Delta Dist = 7.079 | Delta Dist 10 = 3.876 | Delta Dist 100 = 4.346 | Delta Dist 1000 = 4.254 | Episode Length = 50 | Episode Return = 15.0 | Evaluator Episodes = 2700 | Evaluator Steps = 135000 | Final Dist = 0.201 | Final Dist 10 = 2.617 | Final Dist 100 = 1.540 | Final Dist 1000 = 1.618 | Init Dist = 7.280 | Init Dist 10 = 6.493 | Init Dist 100 = 5.887 | Init Dist 1000 = 5.872 | Learner Steps = 8241 | Learner Walltime = 1607.155 | Min Dist = 0.134 | Min Dist 10 = 0.089 | Min Dist 100 = 0.061 | Min Dist 1000 = 0.219 | Steps Per Second = 76.821 | Success = 1.000 | Success 1000 = 0.994
I0502 15:33:04.731054 139569349502528 terminal.py:91] [Actor] Actor Episodes = 10756 | Actor Steps = 537800 | Delta Dist = 0.705 | Delta Dist 10 = 4.243 | Delta Dist 100 = 4.326 | Delta Dist 1000 = 4.254 | Episode Length = 50 | Episode Return = 32.0 | Evaluator Episodes = 2702 | Evaluator Steps = 135100 | Final Dist = 2.295 | Final Dist 10 = 2.349 | Final Dist 100 = 1.519 | Final Dist 1000 = 1.618 | Init Dist = 3.000 | Init Dist 10 = 6.592 | Init Dist 100 = 5.845 | Init Dist 1000 = 5.872 | Learner Steps = 8248 | Learner Walltime = 1608.406 | Min Dist = 0.102 | Min Dist 10 = 0.091 | Min Dist 100 = 0.060 | Min Dist 1000 = 0.219 | Steps Per Second = 84.025 | Success = 1.000 | Success 1000 = 0.994
I0502 15:33:04.898576 139579566835264 terminal.py:91] [Evaluator] Actor Episodes = 10758 | Actor Steps = 537900 | Delta Dist = 11.332 | Delta Dist 10 = 10.081 | Delta Dist 100 = 11.350 | Delta Dist 1000 = 9.760 | Episode Length = 50 | Episode Return = 8.0 | Evaluator Episodes = 2704 | Evaluator Steps = 135200 | Final Dist = 1.474 | Final Dist 10 = 2.726 | Final Dist 100 = 1.456 | Final Dist 1000 = 3.046 | Init Dist = 12.806 | Init Dist 10 = 12.806 | Init Dist 100 = 12.806 | Init Dist 1000 = 12.806 | Learner Steps = 8248 | Learner Walltime = 1608.406 | Min Dist = 0.161 | Min Dist 10 = 2.159 | Min Dist 100 = 0.791 | Min Dist 1000 = 2.397 | Steps Per Second = 88.436 | Success = 1.000 | Success 1000 = 0.711
I0502 15:33:05.966610 139579566835264 terminal.py:91] [Evaluator] Actor Episodes = 10764 | Actor Steps = 538200 | Delta Dist = 11.461 | Delta Dist 10 = 9.983 | Delta Dist 100 = 11.347 | Delta Dist 1000 = 9.780 | Episode Length = 50 | Episode Return = 6.0 | Evaluator Episodes = 2706 | Evaluator Steps = 135300 | Final Dist = 1.346 | Final Dist 10 = 2.823 | Final Dist 100 = 1.459 | Final Dist 1000 = 3.026 | Init Dist = 12.806 | Init Dist 10 = 12.806 | Init Dist 100 = 12.806 | Init Dist 1000 = 12.806 | Learner Steps = 8254 | Learner Walltime = 1609.610 | Min Dist = 0.503 | Min Dist 10 = 2.139 | Min Dist 100 = 0.777 | Min Dist 1000 = 2.376 | Steps Per Second = 96.824 | Success = 1.000 | Success 1000 = 0.713
I0502 15:33:07.224992 139579566835264 terminal.py:91] [Evaluator] Actor Episodes = 10772 | Actor Steps = 538600 | Delta Dist = 12.422 | Delta Dist 10 = 9.836 | Delta Dist 100 = 11.262 | Delta Dist 1000 = 9.776 | Episode Length = 50 | Episode Return = 13.0 | Evaluator Episodes = 2708 | Evaluator Steps = 135400 | Final Dist = 0.384 | Final Dist 10 = 2.970 | Final Dist 100 = 1.544 | Final Dist 1000 = 3.030 | Init Dist = 12.806 | Init Dist 10 = 12.806 | Init Dist 100 = 12.806 | Init Dist 1000 = 12.806 | Learner Steps = 8261 | Learner Walltime = 1610.851 | Min Dist = 0.271 | Min Dist 10 = 2.227 | Min Dist 100 = 0.853 | Min Dist 1000 = 2.378 | Steps Per Second = 79.951 | Success = 1.000 | Success 1000 = 0.713
I0502 15:33:07.594303 139584504182336 lp_utils.py:96] StepsLimiter: Reached 538800 recorded steps
I0502 15:33:08.549375 139579566835264 terminal.py:91] [Evaluator] Actor Episodes = 10778 | Actor Steps = 538900 | Delta Dist = 11.522 | Delta Dist 10 = 9.922 | Delta Dist 100 = 11.200 | Delta Dist 1000 = 9.770 | Episode Length = 50 | Episode Return = 25.0 | Evaluator Episodes = 2710 | Evaluator Steps = 135500 | Final Dist = 1.285 | Final Dist 10 = 2.884 | Final Dist 100 = 1.607 | Final Dist 1000 = 3.036 | Init Dist = 12.806 | Init Dist 10 = 12.806 | Init Dist 100 = 12.806 | Init Dist 1000 = 12.806 | Learner Steps = 8267 | Learner Walltime = 1612.222 | Min Dist = 0.061 | Min Dist 10 = 2.130 | Min Dist 100 = 0.915 | Min Dist 1000 = 2.383 | Steps Per Second = 78.203 | Success = 1.000 | Success 1000 = 0.712
I0502 15:33:09.797965 139579566835264 terminal.py:91] [Evaluator] Actor Episodes = 10786 | Actor Steps = 539300 | Delta Dist = 12.277 | Delta Dist 10 = 10.440 | Delta Dist 100 = 11.212 | Delta Dist 1000 = 9.780 | Episode Length = 50 | Episode Return = 26.0 | Evaluator Episodes = 2712 | Evaluator Steps = 135600 | Final Dist = 0.529 | Final Dist 10 = 2.366 | Final Dist 100 = 1.594 | Final Dist 1000 = 3.026 | Init Dist = 12.806 | Init Dist 10 = 12.806 | Init Dist 100 = 12.806 | Init Dist 1000 = 12.806 | Learner Steps = 8273 | Learner Walltime = 1613.499 | Min Dist = 0.368 | Min Dist 10 = 1.555 | Min Dist 100 = 0.900 | Min Dist 1000 = 2.372 | Steps Per Second = 76.884 | Success = 1.000 | Success 1000 = 0.714
I0502 15:33:11.216180 139579566835264 terminal.py:91] [Evaluator] Actor Episodes = 10798 | Actor Steps = 539900 | Delta Dist = 12.782 | Delta Dist 10 = 9.720 | Delta Dist 100 = 11.154 | Delta Dist 1000 = 9.774 | Episode Length = 50 | Episode Return = 25.0 | Evaluator Episodes = 2714 | Evaluator Steps = 135700 | Final Dist = 0.025 | Final Dist 10 = 3.086 | Final Dist 100 = 1.652 | Final Dist 1000 = 3.033 | Init Dist = 12.806 | Init Dist 10 = 12.806 | Init Dist 100 = 12.806 | Init Dist 1000 = 12.806 | Learner Steps = 8279 | Learner Walltime = 1614.682 | Min Dist = 0.025 | Min Dist 10 = 2.246 | Min Dist 100 = 0.972 | Min Dist 1000 = 2.379 | Steps Per Second = 74.250 | Success = 1.000 | Success 1000 = 0.713
I0502 15:33:12.422966 139579566835264 terminal.py:91] [Evaluator] Actor Episodes = 10804 | Actor Steps = 540200 | Delta Dist = 11.418 | Delta Dist 10 = 9.823 | Delta Dist 100 = 11.167 | Delta Dist 1000 = 9.773 | Episode Length = 50 | Episode Return = 15.0 | Evaluator Episodes = 2716 | Evaluator Steps = 135800 | Final Dist = 1.389 | Final Dist 10 = 2.983 | Final Dist 100 = 1.639 | Final Dist 1000 = 3.033 | Init Dist = 12.806 | Init Dist 10 = 12.806 | Init Dist 100 = 12.806 | Init Dist 1000 = 12.806 | Learner Steps = 8285 | Learner Walltime = 1615.997 | Min Dist = 0.434 | Min Dist 10 = 2.252 | Min Dist 100 = 0.973 | Min Dist 1000 = 2.379 | Steps Per Second = 88.711 | Success = 1.000 | Success 1000 = 0.713
I0502 15:33:13.123001 139555013154368 terminal.py:91] [Learner] Actor Episodes = 10810 | Actor Loss = 3.645016670227051 | Actor Steps = 540500 | Binary Accuracy = 0.9960510730743408 | Categorical Accuracy = 0.43328857421875 | Critic Loss = 1.9332258701324463 | Entropy Mean = -18.803020477294922 | Evaluator Episodes = 2716 | Evaluator Steps = 135800 | Learner Steps = 8292 | Learner Walltime = 1617.317 | Logits Neg = -16.24493408203125 | Logits Pos = -1.9294363260269165 | Logsumexp = 1.2645041942596436 | Steps Per Second = 1263.678
I0502 15:33:13.754574 139579566835264 terminal.py:91] [Evaluator] Actor Episodes = 10814 | Actor Steps = 540700 | Delta Dist = 12.119 | Delta Dist 10 = 10.677 | Delta Dist 100 = 11.226 | Delta Dist 1000 = 9.773 | Episode Length = 50 | Episode Return = 21.0 | Evaluator Episodes = 2718 | Evaluator Steps = 135900 | Final Dist = 0.687 | Final Dist 10 = 2.130 | Final Dist 100 = 1.580 | Final Dist 1000 = 3.033 | Init Dist = 12.806 | Init Dist 10 = 12.806 | Init Dist 100 = 12.806 | Init Dist 1000 = 12.806 | Learner Steps = 8291 | Learner Walltime = 1617.266 | Min Dist = 0.107 | Min Dist 10 = 1.518 | Min Dist 100 = 0.919 | Min Dist 1000 = 2.378 | Steps Per Second = 73.606 | Success = 1.000 | Success 1000 = 0.713
I0502 15:33:14.249792 139557462840896 terminal.py:91] [Actor] Actor Episodes = 10818 | Actor Steps = 540900 | Delta Dist = 6.835 | Delta Dist 10 = 5.219 | Delta Dist 100 = 4.187 | Delta Dist 1000 = 4.235 | Episode Length = 50 | Episode Return = 27.0 | Evaluator Episodes = 2718 | Evaluator Steps = 135900 | Final Dist = 1.228 | Final Dist 10 = 1.400 | Final Dist 100 = 1.673 | Final Dist 1000 = 1.648 | Init Dist = 8.062 | Init Dist 10 = 6.619 | Init Dist 100 = 5.860 | Init Dist 1000 = 5.884 | Learner Steps = 8291 | Learner Walltime = 1617.266 | Min Dist = 0.028 | Min Dist 10 = 0.109 | Min Dist 100 = 0.143 | Min Dist 1000 = 0.226 | Steps Per Second = 79.607 | Success = 1.000 | Success 1000 = 0.993
I0502 15:33:14.303719 139555860620864 terminal.py:91] [Actor] Actor Episodes = 10813 | Actor Steps = 540650 | Delta Dist = 6.703 | Delta Dist 10 = 5.589 | Delta Dist 100 = 4.220 | Delta Dist 1000 = 4.242 | Episode Length = 50 | Episode Return = 41.0 | Evaluator Episodes = 2716 | Evaluator Steps = 135800 | Final Dist = 0.368 | Final Dist 10 = 1.326 | Final Dist 100 = 1.670 | Final Dist 1000 = 1.648 | Init Dist = 7.071 | Init Dist 10 = 6.915 | Init Dist 100 = 5.890 | Init Dist 1000 = 5.890 | Learner Steps = 8291 | Learner Walltime = 1617.266 | Min Dist = 0.030 | Min Dist 10 = 0.103 | Min Dist 100 = 0.143 | Min Dist 1000 = 0.226 | Steps Per Second = 77.635 | Success = 1.000 | Success 1000 = 0.993
I0502 15:33:14.466527 139558059398720 terminal.py:91] [Actor] Actor Episodes = 10817 | Actor Steps = 540850 | Delta Dist = 1.395 | Delta Dist 10 = 5.761 | Delta Dist 100 = 4.201 | Delta Dist 1000 = 4.239 | Episode Length = 50 | Episode Return = 26.0 | Evaluator Episodes = 2718 | Evaluator Steps = 135900 | Final Dist = 0.605 | Final Dist 10 = 1.853 | Final Dist 100 = 1.587 | Final Dist 1000 = 1.653 | Init Dist = 2.000 | Init Dist 10 = 7.614 | Init Dist 100 = 5.788 | Init Dist 1000 = 5.892 | Learner Steps = 8291 | Learner Walltime = 1617.266 | Min Dist = 0.051 | Min Dist 10 = 0.093 | Min Dist 100 = 0.142 | Min Dist 1000 = 0.226 | Steps Per Second = 80.830 | Success = 1.000 | Success 1000 = 0.993
I0502 15:33:14.959365 139569349502528 terminal.py:91] [Actor] Actor Episodes = 10822 | Actor Steps = 541100 | Delta Dist = 0.952 | Delta Dist 10 = 4.858 | Delta Dist 100 = 4.151 | Delta Dist 1000 = 4.236 | Episode Length = 50 | Episode Return = 28.0 | Evaluator Episodes = 2718 | Evaluator Steps = 135900 | Final Dist = 1.284 | Final Dist 10 = 1.665 | Final Dist 100 = 1.592 | Final Dist 1000 = 1.649 | Init Dist = 2.236 | Init Dist 10 = 6.523 | Init Dist 100 = 5.743 | Init Dist 1000 = 5.885 | Learner Steps = 8297 | Learner Walltime = 1618.545 | Min Dist = 0.599 | Min Dist 10 = 0.045 | Min Dist 100 = 0.143 | Min Dist 1000 = 0.226 | Steps Per Second = 85.200 | Success = 1.000 | Success 1000 = 0.993
I0502 15:33:14.968191 139579566835264 terminal.py:91] [Evaluator] Actor Episodes = 10822 | Actor Steps = 541100 | Delta Dist = 11.786 | Delta Dist 10 = 11.351 | Delta Dist 100 = 11.234 | Delta Dist 1000 = 9.775 | Episode Length = 50 | Episode Return = 20.0 | Evaluator Episodes = 2720 | Evaluator Steps = 136000 | Final Dist = 1.020 | Final Dist 10 = 1.456 | Final Dist 100 = 1.572 | Final Dist 1000 = 3.031 | Init Dist = 12.806 | Init Dist 10 = 12.806 | Init Dist 100 = 12.806 | Init Dist 1000 = 12.806 | Learner Steps = 8297 | Learner Walltime = 1618.545 | Min Dist = 0.063 | Min Dist 10 = 0.942 | Min Dist 100 = 0.921 | Min Dist 1000 = 2.378 | Steps Per Second = 87.024 | Success = 1.000 | Success 1000 = 0.713
I0502 15:33:16.239891 139579566835264 terminal.py:91] [Evaluator] Actor Episodes = 10830 | Actor Steps = 541500 | Delta Dist = 12.375 | Delta Dist 10 = 11.310 | Delta Dist 100 = 11.235 | Delta Dist 1000 = 9.785 | Episode Length = 50 | Episode Return = 30.0 | Evaluator Episodes = 2722 | Evaluator Steps = 136100 | Final Dist = 0.431 | Final Dist 10 = 1.496 | Final Dist 100 = 1.572 | Final Dist 1000 = 3.021 | Init Dist = 12.806 | Init Dist 10 = 12.806 | Init Dist 100 = 12.806 | Init Dist 1000 = 12.806 | Learner Steps = 8304 | Learner Walltime = 1619.712 | Min Dist = 0.069 | Min Dist 10 = 0.944 | Min Dist 100 = 0.914 | Min Dist 1000 = 2.367 | Steps Per Second = 75.391 | Success = 1.000 | Success 1000 = 0.714
I0502 15:33:17.520632 139579566835264 terminal.py:91] [Evaluator] Actor Episodes = 10838 | Actor Steps = 541900 | Delta Dist = 11.424 | Delta Dist 10 = 11.949 | Delta Dist 100 = 11.234 | Delta Dist 1000 = 9.795 | Episode Length = 50 | Episode Return = 13.0 | Evaluator Episodes = 2724 | Evaluator Steps = 136200 | Final Dist = 1.382 | Final Dist 10 = 0.857 | Final Dist 100 = 1.572 | Final Dist 1000 = 3.011 | Init Dist = 12.806 | Init Dist 10 = 12.806 | Init Dist 100 = 12.806 | Init Dist 1000 = 12.806 | Learner Steps = 8309 | Learner Walltime = 1620.725 | Min Dist = 0.081 | Min Dist 10 = 0.209 | Min Dist 100 = 0.913 | Min Dist 1000 = 2.357 | Steps Per Second = 75.318 | Success = 1.000 | Success 1000 = 0.715
I0502 15:33:17.612769 139584504182336 lp_utils.py:96] StepsLimiter: Reached 541900 recorded steps
I0502 15:33:18.774491 139579566835264 terminal.py:91] [Evaluator] Actor Episodes = 10846 | Actor Steps = 542300 | Delta Dist = 11.403 | Delta Dist 10 = 11.850 | Delta Dist 100 = 11.219 | Delta Dist 1000 = 9.798 | Episode Length = 50 | Episode Return = 3.0 | Evaluator Episodes = 2726 | Evaluator Steps = 136300 | Final Dist = 1.403 | Final Dist 10 = 0.957 | Final Dist 100 = 1.587 | Final Dist 1000 = 3.008 | Init Dist = 12.806 | Init Dist 10 = 12.806 | Init Dist 100 = 12.806 | Init Dist 1000 = 12.806 | Learner Steps = 8315 | Learner Walltime = 1621.929 | Min Dist = 0.141 | Min Dist 10 = 0.198 | Min Dist 100 = 0.906 | Min Dist 1000 = 2.355 | Steps Per Second = 79.223 | Success = 1.000 | Success 1000 = 0.716
I0502 15:33:20.001915 139579566835264 terminal.py:91] [Evaluator] Actor Episodes = 10854 | Actor Steps = 542700 | Delta Dist = 12.151 | Delta Dist 10 = 11.829 | Delta Dist 100 = 11.289 | Delta Dist 1000 = 9.817 | Episode Length = 50 | Episode Return = 21.0 | Evaluator Episodes = 2728 | Evaluator Steps = 136400 | Final Dist = 0.655 | Final Dist 10 = 0.977 | Final Dist 100 = 1.517 | Final Dist 1000 = 2.990 | Init Dist = 12.806 | Init Dist 10 = 12.806 | Init Dist 100 = 12.806 | Init Dist 1000 = 12.806 | Learner Steps = 8326 | Learner Walltime = 1624.190 | Min Dist = 0.128 | Min Dist 10 = 0.169 | Min Dist 100 = 0.834 | Min Dist 1000 = 2.334 | Steps Per Second = 83.274 | Success = 1.000 | Success 1000 = 0.718
I0502 15:33:21.239834 139579566835264 terminal.py:91] [Evaluator] Actor Episodes = 10862 | Actor Steps = 543100 | Delta Dist = 2.542 | Delta Dist 10 = 11.755 | Delta Dist 100 = 11.292 | Delta Dist 1000 = 9.827 | Episode Length = 50 | Episode Return = 0.0 | Evaluator Episodes = 2730 | Evaluator Steps = 136500 | Final Dist = 10.265 | Final Dist 10 = 1.052 | Final Dist 100 = 1.514 | Final Dist 1000 = 2.980 | Init Dist = 12.806 | Init Dist 10 = 12.806 | Init Dist 100 = 12.806 | Init Dist 1000 = 12.806 | Learner Steps = 8326 | Learner Walltime = 1624.190 | Min Dist = 10.139 | Min Dist 10 = 0.117 | Min Dist 100 = 0.818 | Min Dist 1000 = 2.324 | Steps Per Second = 83.466 | Success = 0.000 | Success 1000 = 0.719
I0502 15:33:22.461890 139579566835264 terminal.py:91] [Evaluator] Actor Episodes = 10870 | Actor Steps = 543500 | Delta Dist = 2.464 | Delta Dist 10 = 10.963 | Delta Dist 100 = 11.195 | Delta Dist 1000 = 9.828 | Episode Length = 50 | Episode Return = 0.0 | Evaluator Episodes = 2732 | Evaluator Steps = 136600 | Final Dist = 10.342 | Final Dist 10 = 1.843 | Final Dist 100 = 1.611 | Final Dist 1000 = 2.979 | Init Dist = 12.806 | Init Dist 10 = 12.806 | Init Dist 100 = 12.806 | Init Dist 1000 = 12.806 | Learner Steps = 8333 | Learner Walltime = 1625.499 | Min Dist = 10.106 | Min Dist 10 = 1.108 | Min Dist 100 = 0.919 | Min Dist 1000 = 2.323 | Steps Per Second = 85.339 | Success = 0.000 | Success 1000 = 0.719
I0502 15:33:23.256596 139555013154368 terminal.py:91] [Learner] Actor Episodes = 10872 | Actor Loss = 3.7160696983337402 | Actor Steps = 543600 | Binary Accuracy = 0.9960720539093018 | Categorical Accuracy = 0.423095703125 | Critic Loss = 1.9521716833114624 | Entropy Mean = -18.161544799804688 | Evaluator Episodes = 2732 | Evaluator Steps = 136600 | Learner Steps = 8344 | Learner Walltime = 1627.449 | Logits Neg = -15.988250732421875 | Logits Pos = -1.9310500621795654 | Logsumexp = 1.1935417652130127 | Steps Per Second = 443.113
I0502 15:33:23.699740 139579566835264 terminal.py:91] [Evaluator] Actor Episodes = 10878 | Actor Steps = 543900 | Delta Dist = 12.706 | Delta Dist 10 = 9.974 | Delta Dist 100 = 11.091 | Delta Dist 1000 = 9.819 | Episode Length = 50 | Episode Return = 27.0 | Evaluator Episodes = 2734 | Evaluator Steps = 136700 | Final Dist = 0.101 | Final Dist 10 = 2.832 | Final Dist 100 = 1.715 | Final Dist 1000 = 2.988 | Init Dist = 12.806 | Init Dist 10 = 12.806 | Init Dist 100 = 12.806 | Init Dist 1000 = 12.806 | Learner Steps = 8340 | Learner Walltime = 1626.751 | Min Dist = 0.082 | Min Dist 10 = 2.122 | Min Dist 100 = 1.017 | Min Dist 1000 = 2.332 | Steps Per Second = 78.791 | Success = 1.000 | Success 1000 = 0.719
I0502 15:33:24.773660 139555860620864 terminal.py:91] [Actor] Actor Episodes = 10886 | Actor Steps = 544300 | Delta Dist = 5.039 | Delta Dist 10 = 3.929 | Delta Dist 100 = 4.397 | Delta Dist 1000 = 4.300 | Episode Length = 50 | Episode Return = 21.0 | Evaluator Episodes = 2734 | Evaluator Steps = 136700 | Final Dist = 1.364 | Final Dist 10 = 1.369 | Final Dist 100 = 1.527 | Final Dist 1000 = 1.640 | Init Dist = 6.403 | Init Dist 10 = 5.298 | Init Dist 100 = 5.924 | Init Dist 1000 = 5.940 | Learner Steps = 8346 | Learner Walltime = 1627.912 | Min Dist = 0.030 | Min Dist 10 = 0.049 | Min Dist 100 = 0.167 | Min Dist 1000 = 0.205 | Steps Per Second = 88.000 | Success = 1.000 | Success 1000 = 0.993
I0502 15:33:24.849481 139557462840896 terminal.py:91] [Actor] Actor Episodes = 10883 | Actor Steps = 544150 | Delta Dist = 2.879 | Delta Dist 10 = 4.442 | Delta Dist 100 = 4.383 | Delta Dist 1000 = 4.297 | Episode Length = 50 | Episode Return = 25.0 | Evaluator Episodes = 2734 | Evaluator Steps = 136700 | Final Dist = 0.283 | Final Dist 10 = 1.396 | Final Dist 100 = 1.528 | Final Dist 1000 = 1.639 | Init Dist = 3.162 | Init Dist 10 = 5.838 | Init Dist 100 = 5.912 | Init Dist 1000 = 5.936 | Learner Steps = 8346 | Learner Walltime = 1627.912 | Min Dist = 0.035 | Min Dist 10 = 0.051 | Min Dist 100 = 0.167 | Min Dist 1000 = 0.205 | Steps Per Second = 81.350 | Success = 1.000 | Success 1000 = 0.993
I0502 15:33:24.866972 139579566835264 terminal.py:91] [Evaluator] Actor Episodes = 10886 | Actor Steps = 544300 | Delta Dist = 12.113 | Delta Dist 10 = 10.066 | Delta Dist 100 = 11.113 | Delta Dist 1000 = 9.819 | Episode Length = 50 | Episode Return = 5.0 | Evaluator Episodes = 2736 | Evaluator Steps = 136800 | Final Dist = 0.693 | Final Dist 10 = 2.740 | Final Dist 100 = 1.694 | Final Dist 1000 = 2.987 | Init Dist = 12.806 | Init Dist 10 = 12.806 | Init Dist 100 = 12.806 | Init Dist 1000 = 12.806 | Learner Steps = 8351 | Learner Walltime = 1628.986 | Min Dist = 0.246 | Min Dist 10 = 2.139 | Min Dist 100 = 1.017 | Min Dist 1000 = 2.332 | Steps Per Second = 83.427 | Success = 1.000 | Success 1000 = 0.719
I0502 15:33:24.921041 139558059398720 terminal.py:91] [Actor] Actor Episodes = 10888 | Actor Steps = 544400 | Delta Dist = 3.092 | Delta Dist 10 = 4.313 | Delta Dist 100 = 4.342 | Delta Dist 1000 = 4.296 | Episode Length = 50 | Episode Return = 39.0 | Evaluator Episodes = 2736 | Evaluator Steps = 136800 | Final Dist = 6.128 | Final Dist 10 = 1.341 | Final Dist 100 = 1.520 | Final Dist 1000 = 1.638 | Init Dist = 9.220 | Init Dist 10 = 5.654 | Init Dist 100 = 5.863 | Init Dist 1000 = 5.934 | Learner Steps = 8351 | Learner Walltime = 1628.986 | Min Dist = 0.035 | Min Dist 10 = 0.052 | Min Dist 100 = 0.165 | Min Dist 1000 = 0.205 | Steps Per Second = 99.075 | Success = 1.000 | Success 1000 = 0.993
I0502 15:33:25.263681 139569349502528 terminal.py:91] [Actor] Actor Episodes = 10885 | Actor Steps = 544250 | Delta Dist = 3.974 | Delta Dist 10 = 4.539 | Delta Dist 100 = 4.366 | Delta Dist 1000 = 4.299 | Episode Length = 50 | Episode Return = 32.0 | Evaluator Episodes = 2734 | Evaluator Steps = 136700 | Final Dist = 0.149 | Final Dist 10 = 1.367 | Final Dist 100 = 1.490 | Final Dist 1000 = 1.638 | Init Dist = 4.123 | Init Dist 10 = 5.906 | Init Dist 100 = 5.856 | Init Dist 1000 = 5.937 | Learner Steps = 8346 | Learner Walltime = 1627.912 | Min Dist = 0.044 | Min Dist 10 = 0.053 | Min Dist 100 = 0.164 | Min Dist 1000 = 0.205 | Steps Per Second = 78.129 | Success = 1.000 | Success 1000 = 0.993
I0502 15:33:26.006084 139579566835264 terminal.py:91] [Evaluator] Actor Episodes = 10892 | Actor Steps = 544600 | Delta Dist = 11.408 | Delta Dist 10 = 10.152 | Delta Dist 100 = 11.132 | Delta Dist 1000 = 9.821 | Episode Length = 50 | Episode Return = 1.0 | Evaluator Episodes = 2738 | Evaluator Steps = 136900 | Final Dist = 1.398 | Final Dist 10 = 2.655 | Final Dist 100 = 1.674 | Final Dist 1000 = 2.985 | Init Dist = 12.806 | Init Dist 10 = 12.806 | Init Dist 100 = 12.806 | Init Dist 1000 = 12.806 | Learner Steps = 8357 | Learner Walltime = 1630.159 | Min Dist = 0.102 | Min Dist 10 = 2.160 | Min Dist 100 = 1.018 | Min Dist 1000 = 2.330 | Steps Per Second = 93.123 | Success = 1.000 | Success 1000 = 0.720
I0502 15:33:27.186843 139579566835264 terminal.py:91] [Evaluator] Actor Episodes = 10900 | Actor Steps = 545000 | Delta Dist = 6.277 | Delta Dist 10 = 9.909 | Delta Dist 100 = 11.104 | Delta Dist 1000 = 9.832 | Episode Length = 50 | Episode Return = 0.0 | Evaluator Episodes = 2740 | Evaluator Steps = 137000 | Final Dist = 6.530 | Final Dist 10 = 2.897 | Final Dist 100 = 1.703 | Final Dist 1000 = 2.974 | Init Dist = 12.806 | Init Dist 10 = 12.806 | Init Dist 100 = 12.806 | Init Dist 1000 = 12.806 | Learner Steps = 8357 | Learner Walltime = 1630.159 | Min Dist = 5.900 | Min Dist 10 = 2.458 | Min Dist 100 = 1.047 | Min Dist 1000 = 2.318 | Steps Per Second = 84.946 | Success = 0.000 | Success 1000 = 0.721
I0502 15:33:27.629683 139584504182336 lp_utils.py:96] StepsLimiter: Reached 545200 recorded steps
I0502 15:33:28.452730 139579566835264 terminal.py:91] [Evaluator] Actor Episodes = 10908 | Actor Steps = 545400 | Delta Dist = 11.394 | Delta Dist 10 = 9.550 | Delta Dist 100 = 10.970 | Delta Dist 1000 = 9.827 | Episode Length = 50 | Episode Return = 22.0 | Evaluator Episodes = 2742 | Evaluator Steps = 137100 | Final Dist = 1.412 | Final Dist 10 = 3.256 | Final Dist 100 = 1.836 | Final Dist 1000 = 2.979 | Init Dist = 12.806 | Init Dist 10 = 12.806 | Init Dist 100 = 12.806 | Init Dist 1000 = 12.806 | Learner Steps = 8369 | Learner Walltime = 1632.598 | Min Dist = 0.058 | Min Dist 10 = 2.673 | Min Dist 100 = 1.169 | Min Dist 1000 = 2.323 | Steps Per Second = 78.314 | Success = 1.000 | Success 1000 = 0.720
I0502 15:33:29.663108 139579566835264 terminal.py:91] [Evaluator] Actor Episodes = 10916 | Actor Steps = 545800 | Delta Dist = 11.453 | Delta Dist 10 = 10.397 | Delta Dist 100 = 10.966 | Delta Dist 1000 = 9.825 | Episode Length = 50 | Episode Return = 2.0 | Evaluator Episodes = 2744 | Evaluator Steps = 137200 | Final Dist = 1.353 | Final Dist 10 = 2.410 | Final Dist 100 = 1.840 | Final Dist 1000 = 2.981 | Init Dist = 12.806 | Init Dist 10 = 12.806 | Init Dist 100 = 12.806 | Init Dist 1000 = 12.806 | Learner Steps = 8369 | Learner Walltime = 1632.598 | Min Dist = 0.486 | Min Dist 10 = 1.672 | Min Dist 100 = 1.167 | Min Dist 1000 = 2.323 | Steps Per Second = 83.132 | Success = 1.000 | Success 1000 = 0.720
I0502 15:33:30.810085 139579566835264 terminal.py:91] [Evaluator] Actor Episodes = 10924 | Actor Steps = 546200 | Delta Dist = 12.206 | Delta Dist 10 = 10.311 | Delta Dist 100 = 10.965 | Delta Dist 1000 = 9.828 | Episode Length = 50 | Episode Return = 22.0 | Evaluator Episodes = 2746 | Evaluator Steps = 137300 | Final Dist = 0.600 | Final Dist 10 = 2.496 | Final Dist 100 = 1.841 | Final Dist 1000 = 2.978 | Init Dist = 12.806 | Init Dist 10 = 12.806 | Init Dist 100 = 12.806 | Init Dist 1000 = 12.806 | Learner Steps = 8376 | Learner Walltime = 1633.864 | Min Dist = 0.414 | Min Dist 10 = 1.724 | Min Dist 100 = 1.173 | Min Dist 1000 = 2.323 | Steps Per Second = 82.177 | Success = 1.000 | Success 1000 = 0.720
I0502 15:33:32.034415 139579566835264 terminal.py:91] [Evaluator] Actor Episodes = 10932 | Actor Steps = 546600 | Delta Dist = 11.401 | Delta Dist 10 = 9.327 | Delta Dist 100 = 10.868 | Delta Dist 1000 = 9.828 | Episode Length = 50 | Episode Return = 17.0 | Evaluator Episodes = 2748 | Evaluator Steps = 137400 | Final Dist = 1.405 | Final Dist 10 = 3.480 | Final Dist 100 = 1.938 | Final Dist 1000 = 2.978 | Init Dist = 12.806 | Init Dist 10 = 12.806 | Init Dist 100 = 12.806 | Init Dist 1000 = 12.806 | Learner Steps = 8389 | Learner Walltime = 1636.140 | Min Dist = 0.451 | Min Dist 10 = 2.710 | Min Dist 100 = 1.274 | Min Dist 1000 = 2.323 | Steps Per Second = 85.559 | Success = 1.000 | Success 1000 = 0.720
I0502 15:33:33.229450 139579566835264 terminal.py:91] [Evaluator] Actor Episodes = 10940 | Actor Steps = 547000 | Delta Dist = 12.153 | Delta Dist 10 = 9.469 | Delta Dist 100 = 10.857 | Delta Dist 1000 = 9.836 | Episode Length = 50 | Episode Return = 25.0 | Evaluator Episodes = 2750 | Evaluator Steps = 137500 | Final Dist = 0.653 | Final Dist 10 = 3.338 | Final Dist 100 = 1.950 | Final Dist 1000 = 2.970 | Init Dist = 12.806 | Init Dist 10 = 12.806 | Init Dist 100 = 12.806 | Init Dist 1000 = 12.806 | Learner Steps = 8393 | Learner Walltime = 1637.143 | Min Dist = 0.109 | Min Dist 10 = 2.460 | Min Dist 100 = 1.271 | Min Dist 1000 = 2.313 | Steps Per Second = 85.096 | Success = 1.000 | Success 1000 = 0.721
I0502 15:33:33.455757 139555013154368 terminal.py:91] [Learner] Actor Episodes = 10938 | Actor Loss = 3.600897789001465 | Actor Steps = 546900 | Binary Accuracy = 0.9960136413574219 | Categorical Accuracy = 0.42803955078125 | Critic Loss = 1.9187535047531128 | Entropy Mean = -19.01023292541504 | Evaluator Episodes = 2748 | Evaluator Steps = 137400 | Learner Steps = 8396 | Learner Walltime = 1637.647 | Logits Neg = -16.32712173461914 | Logits Pos = -1.8897442817687988 | Logsumexp = 1.3629486560821533 | Steps Per Second = 232.982
I0502 15:33:34.442590 139579566835264 terminal.py:91] [Evaluator] Actor Episodes = 10948 | Actor Steps = 547400 | Delta Dist = 11.402 | Delta Dist 10 = 10.589 | Delta Dist 100 = 10.843 | Delta Dist 1000 = 9.848 | Episode Length = 50 | Episode Return = 1.0 | Evaluator Episodes = 2752 | Evaluator Steps = 137600 | Final Dist = 1.404 | Final Dist 10 = 2.217 | Final Dist 100 = 1.963 | Final Dist 1000 = 2.958 | Init Dist = 12.806 | Init Dist 10 = 12.806 | Init Dist 100 = 12.806 | Init Dist 1000 = 12.806 | Learner Steps = 8399 | Learner Walltime = 1638.278 | Min Dist = 0.615 | Min Dist 10 = 1.253 | Min Dist 100 = 1.272 | Min Dist 1000 = 2.302 | Steps Per Second = 84.665 | Success = 1.000 | Success 1000 = 0.722
I0502 15:33:35.192768 139557462840896 terminal.py:91] [Actor] Actor Episodes = 10954 | Actor Steps = 547700 | Delta Dist = 7.730 | Delta Dist 10 = 4.492 | Delta Dist 100 = 4.353 | Delta Dist 1000 = 4.313 | Episode Length = 50 | Episode Return = 29.0 | Evaluator Episodes = 2752 | Evaluator Steps = 137600 | Final Dist = 1.215 | Final Dist 10 = 2.070 | Final Dist 100 = 1.749 | Final Dist 1000 = 1.634 | Init Dist = 8.944 | Init Dist 10 = 6.562 | Init Dist 100 = 6.102 | Init Dist 1000 = 5.947 | Learner Steps = 8399 | Learner Walltime = 1638.278 | Min Dist = 0.028 | Min Dist 10 = 0.858 | Min Dist 100 = 0.258 | Min Dist 1000 = 0.199 | Steps Per Second = 80.349 | Success = 1.000 | Success 1000 = 0.993
I0502 15:33:35.198793 139558059398720 terminal.py:91] [Actor] Actor Episodes = 10951 | Actor Steps = 547550 | Delta Dist = 9.679 | Delta Dist 10 = 4.480 | Delta Dist 100 = 4.407 | Delta Dist 1000 = 4.316 | Episode Length = 50 | Episode Return = 31.0 | Evaluator Episodes = 2752 | Evaluator Steps = 137600 | Final Dist = 0.321 | Final Dist 10 = 2.054 | Final Dist 100 = 1.684 | Final Dist 1000 = 1.633 | Init Dist = 10.000 | Init Dist 10 = 6.534 | Init Dist 100 = 6.091 | Init Dist 1000 = 5.949 | Learner Steps = 8399 | Learner Walltime = 1638.278 | Min Dist = 0.321 | Min Dist 10 = 0.837 | Min Dist 100 = 0.255 | Min Dist 1000 = 0.199 | Steps Per Second = 79.908 | Success = 1.000 | Success 1000 = 0.993
I0502 15:33:35.287418 139583350109760 savers.py:156] Saving checkpoint: logs/contrastive_cpc_point_FourRooms_64/5dd72662-2788-11f0-b183-d85ed38c5779/checkpoints/learner
I0502 15:33:35.335592 139555860620864 terminal.py:91] [Actor] Actor Episodes = 10953 | Actor Steps = 547650 | Delta Dist = 6.842 | Delta Dist 10 = 4.780 | Delta Dist 100 = 4.456 | Delta Dist 1000 = 4.325 | Episode Length = 50 | Episode Return = 19.0 | Evaluator Episodes = 2752 | Evaluator Steps = 137600 | Final Dist = 0.438 | Final Dist 10 = 2.054 | Final Dist 100 = 1.685 | Final Dist 1000 = 1.632 | Init Dist = 7.280 | Init Dist 10 = 6.834 | Init Dist 100 = 6.141 | Init Dist 1000 = 5.957 | Learner Steps = 8399 | Learner Walltime = 1638.278 | Min Dist = 0.031 | Min Dist 10 = 0.868 | Min Dist 100 = 0.255 | Min Dist 1000 = 0.199 | Steps Per Second = 80.340 | Success = 1.000 | Success 1000 = 0.993
I0502 15:33:35.518882 139569349502528 terminal.py:91] [Actor] Actor Episodes = 10956 | Actor Steps = 547800 | Delta Dist = 2.939 | Delta Dist 10 = 5.065 | Delta Dist 100 = 4.491 | Delta Dist 1000 = 4.323 | Episode Length = 50 | Episode Return = 31.0 | Evaluator Episodes = 2752 | Evaluator Steps = 137600 | Final Dist = 0.223 | Final Dist 10 = 2.137 | Final Dist 100 = 1.692 | Final Dist 1000 = 1.633 | Init Dist = 3.162 | Init Dist 10 = 7.202 | Init Dist 100 = 6.183 | Init Dist 1000 = 5.956 | Learner Steps = 8404 | Learner Walltime = 1639.490 | Min Dist = 0.019 | Min Dist 10 = 0.859 | Min Dist 100 = 0.252 | Min Dist 1000 = 0.199 | Steps Per Second = 80.936 | Success = 1.000 | Success 1000 = 0.993
I0502 15:33:35.719277 139579566835264 terminal.py:91] [Evaluator] Actor Episodes = 10956 | Actor Steps = 547800 | Delta Dist = 11.702 | Delta Dist 10 = 9.640 | Delta Dist 100 = 10.733 | Delta Dist 1000 = 9.838 | Episode Length = 50 | Episode Return = 3.0 | Evaluator Episodes = 2754 | Evaluator Steps = 137700 | Final Dist = 1.104 | Final Dist 10 = 3.166 | Final Dist 100 = 2.073 | Final Dist 1000 = 2.968 | Init Dist = 12.806 | Init Dist 10 = 12.806 | Init Dist 100 = 12.806 | Init Dist 1000 = 12.806 | Learner Steps = 8404 | Learner Walltime = 1639.490 | Min Dist = 0.576 | Min Dist 10 = 2.330 | Min Dist 100 = 1.379 | Min Dist 1000 = 2.312 | Steps Per Second = 74.873 | Success = 1.000 | Success 1000 = 0.721
I0502 15:33:36.892326 139579566835264 terminal.py:91] [Evaluator] Actor Episodes = 10964 | Actor Steps = 548200 | Delta Dist = 11.580 | Delta Dist 10 = 9.647 | Delta Dist 100 = 10.727 | Delta Dist 1000 = 9.848 | Episode Length = 50 | Episode Return = 11.0 | Evaluator Episodes = 2756 | Evaluator Steps = 137800 | Final Dist = 1.227 | Final Dist 10 = 3.160 | Final Dist 100 = 2.079 | Final Dist 1000 = 2.958 | Init Dist = 12.806 | Init Dist 10 = 12.806 | Init Dist 100 = 12.806 | Init Dist 1000 = 12.806 | Learner Steps = 8411 | Learner Walltime = 1640.669 | Min Dist = 0.114 | Min Dist 10 = 2.305 | Min Dist 100 = 1.381 | Min Dist 1000 = 2.301 | Steps Per Second = 84.172 | Success = 1.000 | Success 1000 = 0.723
I0502 15:33:37.645212 139584504182336 lp_utils.py:96] StepsLimiter: Reached 548400 recorded steps
I0502 15:33:38.068303 139579566835264 terminal.py:91] [Evaluator] Actor Episodes = 10972 | Actor Steps = 548600 | Delta Dist = 12.249 | Delta Dist 10 = 10.575 | Delta Dist 100 = 10.722 | Delta Dist 1000 = 9.867 | Episode Length = 50 | Episode Return = 31.0 | Evaluator Episodes = 2758 | Evaluator Steps = 137900 | Final Dist = 0.557 | Final Dist 10 = 2.231 | Final Dist 100 = 2.084 | Final Dist 1000 = 2.939 | Init Dist = 12.806 | Init Dist 10 = 12.806 | Init Dist 100 = 12.806 | Init Dist 1000 = 12.806 | Learner Steps = 8416 | Learner Walltime = 1641.755 | Min Dist = 0.142 | Min Dist 10 = 1.285 | Min Dist 100 = 1.376 | Min Dist 1000 = 2.280 | Steps Per Second = 90.061 | Success = 1.000 | Success 1000 = 0.725
I0502 15:33:39.214691 139584635659840 savers.py:156] Saving checkpoint: logs/contrastive_cpc_point_FourRooms_64/5dd72662-2788-11f0-b183-d85ed38c5779/checkpoints/counter
I0502 15:33:39.314529 139579566835264 terminal.py:91] [Evaluator] Actor Episodes = 10980 | Actor Steps = 549000 | Delta Dist = 12.492 | Delta Dist 10 = 10.691 | Delta Dist 100 = 10.712 | Delta Dist 1000 = 9.886 | Episode Length = 50 | Episode Return = 15.0 | Evaluator Episodes = 2760 | Evaluator Steps = 138000 | Final Dist = 0.314 | Final Dist 10 = 2.115 | Final Dist 100 = 2.094 | Final Dist 1000 = 2.920 | Init Dist = 12.806 | Init Dist 10 = 12.806 | Init Dist 100 = 12.806 | Init Dist 1000 = 12.806 | Learner Steps = 8422 | Learner Walltime = 1643.257 | Min Dist = 0.266 | Min Dist 10 = 1.249 | Min Dist 100 = 1.374 | Min Dist 1000 = 2.260 | Steps Per Second = 86.005 | Success = 1.000 | Success 1000 = 0.727
I0502 15:33:40.640779 139579566835264 terminal.py:91] [Evaluator] Actor Episodes = 10988 | Actor Steps = 549400 | Delta Dist = 2.560 | Delta Dist 10 = 9.922 | Delta Dist 100 = 10.625 | Delta Dist 1000 = 9.877 | Episode Length = 50 | Episode Return = 0.0 | Evaluator Episodes = 2762 | Evaluator Steps = 138100 | Final Dist = 10.247 | Final Dist 10 = 2.884 | Final Dist 100 = 2.181 | Final Dist 1000 = 2.929 | Init Dist = 12.806 | Init Dist 10 = 12.806 | Init Dist 100 = 12.806 | Init Dist 1000 = 12.806 | Learner Steps = 8429 | Learner Walltime = 1644.575 | Min Dist = 10.151 | Min Dist 10 = 2.242 | Min Dist 100 = 1.470 | Min Dist 1000 = 2.270 | Steps Per Second = 77.437 | Success = 0.000 | Success 1000 = 0.726
I0502 15:33:41.933958 139579566835264 terminal.py:91] [Evaluator] Actor Episodes = 10996 | Actor Steps = 549800 | Delta Dist = 11.191 | Delta Dist 10 = 9.135 | Delta Dist 100 = 10.428 | Delta Dist 1000 = 9.868 | Episode Length = 50 | Episode Return = 0.0 | Evaluator Episodes = 2764 | Evaluator Steps = 138200 | Final Dist = 1.615 | Final Dist 10 = 3.672 | Final Dist 100 = 2.379 | Final Dist 1000 = 2.939 | Init Dist = 12.806 | Init Dist 10 = 12.806 | Init Dist 100 = 12.806 | Init Dist 1000 = 12.806 | Learner Steps = 8436 | Learner Walltime = 1645.771 | Min Dist = 1.615 | Min Dist 10 = 3.168 | Min Dist 100 = 1.670 | Min Dist 1000 = 2.280 | Steps Per Second = 73.584 | Success = 0.000 | Success 1000 = 0.725
I0502 15:33:43.172659 139579566835264 terminal.py:91] [Evaluator] Actor Episodes = 11004 | Actor Steps = 550200 | Delta Dist = 12.253 | Delta Dist 10 = 9.144 | Delta Dist 100 = 10.426 | Delta Dist 1000 = 9.869 | Episode Length = 50 | Episode Return = 23.0 | Evaluator Episodes = 2766 | Evaluator Steps = 138300 | Final Dist = 0.553 | Final Dist 10 = 3.662 | Final Dist 100 = 2.380 | Final Dist 1000 = 2.938 | Init Dist = 12.806 | Init Dist 10 = 12.806 | Init Dist 100 = 12.806 | Init Dist 1000 = 12.806 | Learner Steps = 8441 | Learner Walltime = 1646.783 | Min Dist = 0.028 | Min Dist 10 = 3.274 | Min Dist 100 = 1.679 | Min Dist 1000 = 2.280 | Steps Per Second = 88.933 | Success = 1.000 | Success 1000 = 0.725
I0502 15:33:43.564546 139555013154368 terminal.py:91] [Learner] Actor Episodes = 11000 | Actor Loss = 3.6837687492370605 | Actor Steps = 550000 | Binary Accuracy = 0.9960329532623291 | Categorical Accuracy = 0.42742919921875 | Critic Loss = 1.9417760372161865 | Entropy Mean = -18.52490997314453 | Evaluator Episodes = 2764 | Evaluator Steps = 138200 | Learner Steps = 8446 | Learner Walltime = 1647.756 | Logits Neg = -15.987821578979492 | Logits Pos = -1.9326255321502686 | Logsumexp = 1.2682478427886963 | Steps Per Second = 401.632
I0502 15:33:44.374219 139579566835264 terminal.py:91] [Evaluator] Actor Episodes = 11012 | Actor Steps = 550600 | Delta Dist = 11.641 | Delta Dist 10 = 9.120 | Delta Dist 100 = 10.427 | Delta Dist 1000 = 9.878 | Episode Length = 50 | Episode Return = 30.0 | Evaluator Episodes = 2768 | Evaluator Steps = 138400 | Final Dist = 1.165 | Final Dist 10 = 3.687 | Final Dist 100 = 2.379 | Final Dist 1000 = 2.928 | Init Dist = 12.806 | Init Dist 10 = 12.806 | Init Dist 100 = 12.806 | Init Dist 1000 = 12.806 | Learner Steps = 8447 | Learner Walltime = 1647.813 | Min Dist = 0.128 | Min Dist 10 = 3.323 | Min Dist 100 = 1.684 | Min Dist 1000 = 2.270 | Steps Per Second = 82.535 | Success = 1.000 | Success 1000 = 0.726
I0502 15:33:45.231543 139557462840896 terminal.py:91] [Actor] Actor Episodes = 11018 | Actor Steps = 550900 | Delta Dist = 9.172 | Delta Dist 10 = 3.439 | Delta Dist 100 = 4.861 | Delta Dist 1000 = 4.311 | Episode Length = 50 | Episode Return = 38.0 | Evaluator Episodes = 2768 | Evaluator Steps = 138400 | Final Dist = 0.828 | Final Dist 10 = 0.878 | Final Dist 100 = 1.711 | Final Dist 1000 = 1.646 | Init Dist = 10.000 | Init Dist 10 = 4.317 | Init Dist 100 = 6.572 | Init Dist 1000 = 5.957 | Learner Steps = 8451 | Learner Walltime = 1648.907 | Min Dist = 0.011 | Min Dist 10 = 0.089 | Min Dist 100 = 0.192 | Min Dist 1000 = 0.198 | Steps Per Second = 81.480 | Success = 1.000 | Success 1000 = 0.993
I0502 15:33:45.419446 139558059398720 terminal.py:91] [Actor] Actor Episodes = 11017 | Actor Steps = 550850 | Delta Dist = 2.947 | Delta Dist 10 = 3.802 | Delta Dist 100 = 4.780 | Delta Dist 1000 = 4.317 | Episode Length = 50 | Episode Return = 39.0 | Evaluator Episodes = 2768 | Evaluator Steps = 138400 | Final Dist = 0.658 | Final Dist 10 = 0.921 | Final Dist 100 = 1.713 | Final Dist 1000 = 1.647 | Init Dist = 3.606 | Init Dist 10 = 4.723 | Init Dist 100 = 6.493 | Init Dist 1000 = 5.964 | Learner Steps = 8451 | Learner Walltime = 1648.907 | Min Dist = 0.091 | Min Dist 10 = 0.093 | Min Dist 100 = 0.188 | Min Dist 1000 = 0.198 | Steps Per Second = 85.889 | Success = 1.000 | Success 1000 = 0.993
I0502 15:33:45.619109 139579566835264 terminal.py:91] [Evaluator] Actor Episodes = 11020 | Actor Steps = 551000 | Delta Dist = 5.572 | Delta Dist 10 = 9.157 | Delta Dist 100 = 10.421 | Delta Dist 1000 = 9.880 | Episode Length = 50 | Episode Return = 0.0 | Evaluator Episodes = 2770 | Evaluator Steps = 138500 | Final Dist = 7.234 | Final Dist 10 = 3.649 | Final Dist 100 = 2.386 | Final Dist 1000 = 2.926 | Init Dist = 12.806 | Init Dist 10 = 12.806 | Init Dist 100 = 12.806 | Init Dist 1000 = 12.806 | Learner Steps = 8451 | Learner Walltime = 1648.907 | Min Dist = 6.858 | Min Dist 10 = 3.320 | Min Dist 100 = 1.682 | Min Dist 1000 = 2.270 | Steps Per Second = 81.917 | Success = 0.000 | Success 1000 = 0.726
I0502 15:33:45.907875 139555860620864 terminal.py:91] [Actor] Actor Episodes = 11022 | Actor Steps = 551100 | Delta Dist = 2.236 | Delta Dist 10 = 3.368 | Delta Dist 100 = 4.726 | Delta Dist 1000 = 4.315 | Episode Length = 50 | Episode Return = 35.0 | Evaluator Episodes = 2770 | Evaluator Steps = 138500 | Final Dist = 0.926 | Final Dist 10 = 1.813 | Final Dist 100 = 1.816 | Final Dist 1000 = 1.658 | Init Dist = 3.162 | Init Dist 10 = 5.180 | Init Dist 100 = 6.542 | Init Dist 1000 = 5.973 | Learner Steps = 8451 | Learner Walltime = 1648.907 | Min Dist = 0.081 | Min Dist 10 = 0.095 | Min Dist 100 = 0.186 | Min Dist 1000 = 0.199 | Steps Per Second = 85.206 | Success = 1.000 | Success 1000 = 0.993
I0502 15:33:46.062131 139569349502528 terminal.py:91] [Actor] Actor Episodes = 11021 | Actor Steps = 551050 | Delta Dist = 0.616 | Delta Dist 10 = 3.315 | Delta Dist 100 = 4.636 | Delta Dist 1000 = 4.317 | Episode Length = 50 | Episode Return = 0.0 | Evaluator Episodes = 2768 | Evaluator Steps = 138400 | Final Dist = 5.467 | Final Dist 10 = 1.859 | Final Dist 100 = 1.832 | Final Dist 1000 = 1.650 | Init Dist = 6.083 | Init Dist 10 = 5.174 | Init Dist 100 = 6.468 | Init Dist 1000 = 5.966 | Learner Steps = 8451 | Learner Walltime = 1648.907 | Min Dist = 0.205 | Min Dist 10 = 0.095 | Min Dist 100 = 0.184 | Min Dist 1000 = 0.199 | Steps Per Second = 84.534 | Success = 1.000 | Success 1000 = 0.993
I0502 15:33:46.768570 139579566835264 terminal.py:91] [Evaluator] Actor Episodes = 11028 | Actor Steps = 551400 | Delta Dist = 11.396 | Delta Dist 10 = 9.368 | Delta Dist 100 = 10.418 | Delta Dist 1000 = 9.875 | Episode Length = 50 | Episode Return = 16.0 | Evaluator Episodes = 2772 | Evaluator Steps = 138600 | Final Dist = 1.411 | Final Dist 10 = 3.438 | Final Dist 100 = 2.388 | Final Dist 1000 = 2.931 | Init Dist = 12.806 | Init Dist 10 = 12.806 | Init Dist 100 = 12.806 | Init Dist 1000 = 12.806 | Learner Steps = 8458 | Learner Walltime = 1650.157 | Min Dist = 0.171 | Min Dist 10 = 3.014 | Min Dist 100 = 1.692 | Min Dist 1000 = 2.274 | Steps Per Second = 82.782 | Success = 1.000 | Success 1000 = 0.726
I0502 15:33:47.663537 139584504182336 lp_utils.py:96] StepsLimiter: Reached 551700 recorded steps
I0502 15:33:47.916544 139579566835264 terminal.py:91] [Evaluator] Actor Episodes = 11036 | Actor Steps = 551800 | Delta Dist = 11.139 | Delta Dist 10 = 11.222 | Delta Dist 100 = 10.428 | Delta Dist 1000 = 9.874 | Episode Length = 50 | Episode Return = 8.0 | Evaluator Episodes = 2774 | Evaluator Steps = 138700 | Final Dist = 1.667 | Final Dist 10 = 1.584 | Final Dist 100 = 2.378 | Final Dist 1000 = 2.932 | Init Dist = 12.806 | Init Dist 10 = 12.806 | Init Dist 100 = 12.806 | Init Dist 1000 = 12.806 | Learner Steps = 8464 | Learner Walltime = 1651.271 | Min Dist = 0.208 | Min Dist 10 = 1.028 | Min Dist 100 = 1.691 | Min Dist 1000 = 2.274 | Steps Per Second = 93.533 | Success = 1.000 | Success 1000 = 0.726
I0502 15:33:49.071044 139579566835264 terminal.py:91] [Evaluator] Actor Episodes = 11042 | Actor Steps = 552100 | Delta Dist = 8.181 | Delta Dist 10 = 11.149 | Delta Dist 100 = 10.407 | Delta Dist 1000 = 9.875 | Episode Length = 50 | Episode Return = 0.0 | Evaluator Episodes = 2776 | Evaluator Steps = 138800 | Final Dist = 4.625 | Final Dist 10 = 1.657 | Final Dist 100 = 2.399 | Final Dist 1000 = 2.931 | Init Dist = 12.806 | Init Dist 10 = 12.806 | Init Dist 100 = 12.806 | Init Dist 1000 = 12.806 | Learner Steps = 8470 | Learner Walltime = 1652.301 | Min Dist = 4.625 | Min Dist 10 = 0.942 | Min Dist 100 = 1.700 | Min Dist 1000 = 2.273 | Steps Per Second = 79.902 | Success = 0.000 | Success 1000 = 0.727
I0502 15:33:50.349960 139579566835264 terminal.py:91] [Evaluator] Actor Episodes = 11050 | Actor Steps = 552500 | Delta Dist = 11.509 | Delta Dist 10 = 10.858 | Delta Dist 100 = 10.377 | Delta Dist 1000 = 9.873 | Episode Length = 50 | Episode Return = 8.0 | Evaluator Episodes = 2778 | Evaluator Steps = 138900 | Final Dist = 1.298 | Final Dist 10 = 1.948 | Final Dist 100 = 2.429 | Final Dist 1000 = 2.934 | Init Dist = 12.806 | Init Dist 10 = 12.806 | Init Dist 100 = 12.806 | Init Dist 1000 = 12.806 | Learner Steps = 8475 | Learner Walltime = 1653.458 | Min Dist = 0.406 | Min Dist 10 = 1.362 | Min Dist 100 = 1.745 | Min Dist 1000 = 2.278 | Steps Per Second = 80.370 | Success = 1.000 | Success 1000 = 0.726
I0502 15:33:51.598217 139579566835264 terminal.py:91] [Evaluator] Actor Episodes = 11058 | Actor Steps = 552900 | Delta Dist = 11.620 | Delta Dist 10 = 10.777 | Delta Dist 100 = 10.452 | Delta Dist 1000 = 9.872 | Episode Length = 50 | Episode Return = 17.0 | Evaluator Episodes = 2780 | Evaluator Steps = 139000 | Final Dist = 1.186 | Final Dist 10 = 2.029 | Final Dist 100 = 2.354 | Final Dist 1000 = 2.934 | Init Dist = 12.806 | Init Dist 10 = 12.806 | Init Dist 100 = 12.806 | Init Dist 1000 = 12.806 | Learner Steps = 8486 | Learner Walltime = 1655.746 | Min Dist = 0.135 | Min Dist 10 = 1.411 | Min Dist 100 = 1.667 | Min Dist 1000 = 2.278 | Steps Per Second = 75.717 | Success = 1.000 | Success 1000 = 0.726
I0502 15:33:52.611852 139579566835264 terminal.py:91] [Evaluator] Actor Episodes = 11066 | Actor Steps = 553300 | Delta Dist = 11.850 | Delta Dist 10 = 11.395 | Delta Dist 100 = 10.458 | Delta Dist 1000 = 9.872 | Episode Length = 50 | Episode Return = 23.0 | Evaluator Episodes = 2782 | Evaluator Steps = 139100 | Final Dist = 0.956 | Final Dist 10 = 1.411 | Final Dist 100 = 2.348 | Final Dist 1000 = 2.934 | Init Dist = 12.806 | Init Dist 10 = 12.806 | Init Dist 100 = 12.806 | Init Dist 1000 = 12.806 | Learner Steps = 8486 | Learner Walltime = 1655.746 | Min Dist = 0.030 | Min Dist 10 = 0.709 | Min Dist 100 = 1.664 | Min Dist 1000 = 2.278 | Steps Per Second = 91.811 | Success = 1.000 | Success 1000 = 0.726
I0502 15:33:53.755891 139579566835264 terminal.py:91] [Evaluator] Actor Episodes = 11074 | Actor Steps = 553700 | Delta Dist = 12.190 | Delta Dist 10 = 11.381 | Delta Dist 100 = 10.464 | Delta Dist 1000 = 9.871 | Episode Length = 50 | Episode Return = 17.0 | Evaluator Episodes = 2784 | Evaluator Steps = 139200 | Final Dist = 0.616 | Final Dist 10 = 1.426 | Final Dist 100 = 2.343 | Final Dist 1000 = 2.936 | Init Dist = 12.806 | Init Dist 10 = 12.806 | Init Dist 100 = 12.806 | Init Dist 1000 = 12.806 | Learner Steps = 8493 | Learner Walltime = 1656.971 | Min Dist = 0.134 | Min Dist 10 = 0.703 | Min Dist 100 = 1.665 | Min Dist 1000 = 2.278 | Steps Per Second = 85.167 | Success = 1.000 | Success 1000 = 0.726
I0502 15:33:53.806416 139555013154368 terminal.py:91] [Learner] Actor Episodes = 11074 | Actor Loss = 3.650890827178955 | Actor Steps = 553700 | Binary Accuracy = 0.9960277080535889 | Categorical Accuracy = 0.4150390625 | Critic Loss = 1.9867408275604248 | Entropy Mean = -17.483203887939453 | Evaluator Episodes = 2784 | Evaluator Steps = 139200 | Learner Steps = 8498 | Learner Walltime = 1657.999 | Logits Neg = -16.04147720336914 | Logits Pos = -1.99308180809021 | Logsumexp = 1.142883539199829 | Steps Per Second = 176.198
I0502 15:33:54.958437 139579566835264 terminal.py:91] [Evaluator] Actor Episodes = 11080 | Actor Steps = 554000 | Delta Dist = 11.771 | Delta Dist 10 = 11.531 | Delta Dist 100 = 10.466 | Delta Dist 1000 = 9.882 | Episode Length = 50 | Episode Return = 5.0 | Evaluator Episodes = 2786 | Evaluator Steps = 139300 | Final Dist = 1.035 | Final Dist 10 = 1.276 | Final Dist 100 = 2.340 | Final Dist 1000 = 2.925 | Init Dist = 12.806 | Init Dist 10 = 12.806 | Init Dist 100 = 12.806 | Init Dist 1000 = 12.806 | Learner Steps = 8498 | Learner Walltime = 1657.999 | Min Dist = 0.755 | Min Dist 10 = 0.646 | Min Dist 100 = 1.665 | Min Dist 1000 = 2.267 | Steps Per Second = 81.000 | Success = 1.000 | Success 1000 = 0.727
I0502 15:33:55.553371 139558059398720 terminal.py:91] [Actor] Actor Episodes = 11088 | Actor Steps = 554400 | Delta Dist = 6.912 | Delta Dist 10 = 5.305 | Delta Dist 100 = 4.831 | Delta Dist 1000 = 4.358 | Episode Length = 50 | Episode Return = 18.0 | Evaluator Episodes = 2786 | Evaluator Steps = 139300 | Final Dist = 0.159 | Final Dist 10 = 1.146 | Final Dist 100 = 1.181 | Final Dist 1000 = 1.601 | Init Dist = 7.071 | Init Dist 10 = 6.451 | Init Dist 100 = 6.011 | Init Dist 1000 = 5.959 | Learner Steps = 8504 | Learner Walltime = 1659.186 | Min Dist = 0.159 | Min Dist 10 = 0.100 | Min Dist 100 = 0.089 | Min Dist 1000 = 0.184 | Steps Per Second = 83.404 | Success = 1.000 | Success 1000 = 0.993
I0502 15:33:55.593895 139557462840896 terminal.py:91] [Actor] Actor Episodes = 11083 | Actor Steps = 554150 | Delta Dist = 7.576 | Delta Dist 10 = 5.400 | Delta Dist 100 = 4.874 | Delta Dist 1000 = 4.363 | Episode Length = 50 | Episode Return = 29.0 | Evaluator Episodes = 2786 | Evaluator Steps = 139300 | Final Dist = 1.026 | Final Dist 10 = 1.087 | Final Dist 100 = 1.147 | Final Dist 1000 = 1.599 | Init Dist = 8.602 | Init Dist 10 = 6.487 | Init Dist 100 = 6.021 | Init Dist 1000 = 5.962 | Learner Steps = 8504 | Learner Walltime = 1659.186 | Min Dist = 0.244 | Min Dist 10 = 0.112 | Min Dist 100 = 0.088 | Min Dist 1000 = 0.184 | Steps Per Second = 82.685 | Success = 1.000 | Success 1000 = 0.993
I0502 15:33:56.110691 139555860620864 terminal.py:91] [Actor] Actor Episodes = 11087 | Actor Steps = 554350 | Delta Dist = 6.242 | Delta Dist 10 = 5.763 | Delta Dist 100 = 4.882 | Delta Dist 1000 = 4.364 | Episode Length = 50 | Episode Return = 38.0 | Evaluator Episodes = 2786 | Evaluator Steps = 139300 | Final Dist = 0.082 | Final Dist 10 = 1.069 | Final Dist 100 = 1.141 | Final Dist 1000 = 1.598 | Init Dist = 6.325 | Init Dist 10 = 6.831 | Init Dist 100 = 6.023 | Init Dist 1000 = 5.961 | Learner Steps = 8504 | Learner Walltime = 1659.186 | Min Dist = 0.035 | Min Dist 10 = 0.122 | Min Dist 100 = 0.089 | Min Dist 1000 = 0.184 | Steps Per Second = 83.926 | Success = 1.000 | Success 1000 = 0.993
I0502 15:33:56.151534 139579566835264 terminal.py:91] [Evaluator] Actor Episodes = 11088 | Actor Steps = 554400 | Delta Dist = 11.785 | Delta Dist 10 = 11.831 | Delta Dist 100 = 10.546 | Delta Dist 1000 = 9.890 | Episode Length = 50 | Episode Return = 12.0 | Evaluator Episodes = 2788 | Evaluator Steps = 139400 | Final Dist = 1.022 | Final Dist 10 = 0.975 | Final Dist 100 = 2.260 | Final Dist 1000 = 2.917 | Init Dist = 12.806 | Init Dist 10 = 12.806 | Init Dist 100 = 12.806 | Init Dist 1000 = 12.806 | Learner Steps = 8504 | Learner Walltime = 1659.186 | Min Dist = 0.146 | Min Dist 10 = 0.252 | Min Dist 100 = 1.594 | Min Dist 1000 = 2.260 | Steps Per Second = 82.764 | Success = 1.000 | Success 1000 = 0.728
I0502 15:33:56.334750 139569349502528 terminal.py:91] [Actor] Actor Episodes = 11092 | Actor Steps = 554600 | Delta Dist = 7.376 | Delta Dist 10 = 5.183 | Delta Dist 100 = 4.743 | Delta Dist 1000 = 4.362 | Episode Length = 50 | Episode Return = 33.0 | Evaluator Episodes = 2788 | Evaluator Steps = 139400 | Final Dist = 0.687 | Final Dist 10 = 0.777 | Final Dist 100 = 1.128 | Final Dist 1000 = 1.587 | Init Dist = 8.062 | Init Dist 10 = 5.960 | Init Dist 100 = 5.871 | Init Dist 1000 = 5.949 | Learner Steps = 8511 | Learner Walltime = 1660.444 | Min Dist = 0.074 | Min Dist 10 = 0.121 | Min Dist 100 = 0.089 | Min Dist 1000 = 0.184 | Steps Per Second = 78.832 | Success = 1.000 | Success 1000 = 0.993
I0502 15:33:57.454016 139579566835264 terminal.py:91] [Evaluator] Actor Episodes = 11098 | Actor Steps = 554900 | Delta Dist = 11.347 | Delta Dist 10 = 11.909 | Delta Dist 100 = 10.541 | Delta Dist 1000 = 9.901 | Episode Length = 50 | Episode Return = 21.0 | Evaluator Episodes = 2790 | Evaluator Steps = 139500 | Final Dist = 1.459 | Final Dist 10 = 0.898 | Final Dist 100 = 2.265 | Final Dist 1000 = 2.905 | Init Dist = 12.806 | Init Dist 10 = 12.806 | Init Dist 100 = 12.806 | Init Dist 1000 = 12.806 | Learner Steps = 8511 | Learner Walltime = 1660.444 | Min Dist = 0.236 | Min Dist 10 = 0.204 | Min Dist 100 = 1.594 | Min Dist 1000 = 2.250 | Steps Per Second = 74.401 | Success = 1.000 | Success 1000 = 0.729
I0502 15:33:57.686533 139584504182336 lp_utils.py:96] StepsLimiter: Reached 555000 recorded steps
I0502 15:33:58.693074 139579566835264 terminal.py:91] [Evaluator] Actor Episodes = 11106 | Actor Steps = 555300 | Delta Dist = 12.228 | Delta Dist 10 = 11.946 | Delta Dist 100 = 10.545 | Delta Dist 1000 = 9.900 | Episode Length = 50 | Episode Return = 15.0 | Evaluator Episodes = 2792 | Evaluator Steps = 139600 | Final Dist = 0.578 | Final Dist 10 = 0.860 | Final Dist 100 = 2.261 | Final Dist 1000 = 2.906 | Init Dist = 12.806 | Init Dist 10 = 12.806 | Init Dist 100 = 12.806 | Init Dist 1000 = 12.806 | Learner Steps = 8523 | Learner Walltime = 1662.808 | Min Dist = 0.189 | Min Dist 10 = 0.214 | Min Dist 100 = 1.589 | Min Dist 1000 = 2.250 | Steps Per Second = 80.223 | Success = 1.000 | Success 1000 = 0.729
I0502 15:33:59.752977 139579566835264 terminal.py:91] [Evaluator] Actor Episodes = 11112 | Actor Steps = 555600 | Delta Dist = 11.736 | Delta Dist 10 = 12.049 | Delta Dist 100 = 10.555 | Delta Dist 1000 = 9.912 | Episode Length = 50 | Episode Return = 11.0 | Evaluator Episodes = 2794 | Evaluator Steps = 139700 | Final Dist = 1.071 | Final Dist 10 = 0.757 | Final Dist 100 = 2.251 | Final Dist 1000 = 2.894 | Init Dist = 12.806 | Init Dist 10 = 12.806 | Init Dist 100 = 12.806 | Init Dist 1000 = 12.806 | Learner Steps = 8529 | Learner Walltime = 1663.932 | Min Dist = 0.264 | Min Dist 10 = 0.215 | Min Dist 100 = 1.585 | Min Dist 1000 = 2.239 | Steps Per Second = 97.567 | Success = 1.000 | Success 1000 = 0.730
I0502 15:34:00.847169 139579566835264 terminal.py:91] [Evaluator] Actor Episodes = 11121 | Actor Steps = 556050 | Delta Dist = 12.366 | Delta Dist 10 = 11.949 | Delta Dist 100 = 10.545 | Delta Dist 1000 = 9.920 | Episode Length = 50 | Episode Return = 23.0 | Evaluator Episodes = 2796 | Evaluator Steps = 139800 | Final Dist = 0.440 | Final Dist 10 = 0.857 | Final Dist 100 = 2.261 | Final Dist 1000 = 2.886 | Init Dist = 12.806 | Init Dist 10 = 12.806 | Init Dist 100 = 12.806 | Init Dist 1000 = 12.806 | Learner Steps = 8529 | Learner Walltime = 1663.932 | Min Dist = 0.369 | Min Dist 10 = 0.220 | Min Dist 100 = 1.584 | Min Dist 1000 = 2.229 | Steps Per Second = 91.128 | Success = 1.000 | Success 1000 = 0.731
I0502 15:34:02.019720 139579566835264 terminal.py:91] [Evaluator] Actor Episodes = 11127 | Actor Steps = 556350 | Delta Dist = 11.391 | Delta Dist 10 = 12.046 | Delta Dist 100 = 10.625 | Delta Dist 1000 = 9.921 | Episode Length = 50 | Episode Return = 5.0 | Evaluator Episodes = 2798 | Evaluator Steps = 139900 | Final Dist = 1.415 | Final Dist 10 = 0.760 | Final Dist 100 = 2.181 | Final Dist 1000 = 2.885 | Init Dist = 12.806 | Init Dist 10 = 12.806 | Init Dist 100 = 12.806 | Init Dist 1000 = 12.806 | Learner Steps = 8536 | Learner Walltime = 1665.163 | Min Dist = 0.747 | Min Dist 10 = 0.190 | Min Dist 100 = 1.520 | Min Dist 1000 = 2.229 | Steps Per Second = 82.643 | Success = 1.000 | Success 1000 = 0.731
I0502 15:34:03.166560 139579566835264 terminal.py:91] [Evaluator] Actor Episodes = 11135 | Actor Steps = 556750 | Delta Dist = 12.025 | Delta Dist 10 = 12.044 | Delta Dist 100 = 10.698 | Delta Dist 1000 = 9.931 | Episode Length = 50 | Episode Return = 21.0 | Evaluator Episodes = 2800 | Evaluator Steps = 140000 | Final Dist = 0.781 | Final Dist 10 = 0.763 | Final Dist 100 = 2.108 | Final Dist 1000 = 2.875 | Init Dist = 12.806 | Init Dist 10 = 12.806 | Init Dist 100 = 12.806 | Init Dist 1000 = 12.806 | Learner Steps = 8548 | Learner Walltime = 1667.312 | Min Dist = 0.135 | Min Dist 10 = 0.251 | Min Dist 100 = 1.454 | Min Dist 1000 = 2.219 | Steps Per Second = 92.009 | Success = 1.000 | Success 1000 = 0.732
I0502 15:34:04.148283 139555013154368 terminal.py:91] [Learner] Actor Episodes = 11143 | Actor Loss = 3.495906352996826 | Actor Steps = 557150 | Binary Accuracy = 0.9960050582885742 | Categorical Accuracy = 0.4150390625 | Critic Loss = 1.9711432456970215 | Entropy Mean = -18.977027893066406 | Evaluator Episodes = 2800 | Evaluator Steps = 140000 | Learner Steps = 8553 | Learner Walltime = 1668.347 | Logits Neg = -16.01788902282715 | Logits Pos = -1.9510574340820312 | Logsumexp = 1.1488598585128784 | Steps Per Second = 150.000
I0502 15:34:04.376261 139579566835264 terminal.py:91] [Evaluator] Actor Episodes = 11143 | Actor Steps = 557150 | Delta Dist = 12.436 | Delta Dist 10 = 12.037 | Delta Dist 100 = 10.752 | Delta Dist 1000 = 9.940 | Episode Length = 50 | Episode Return = 20.0 | Evaluator Episodes = 2802 | Evaluator Steps = 140100 | Final Dist = 0.370 | Final Dist 10 = 0.769 | Final Dist 100 = 2.054 | Final Dist 1000 = 2.866 | Init Dist = 12.806 | Init Dist 10 = 12.806 | Init Dist 100 = 12.806 | Init Dist 1000 = 12.806 | Learner Steps = 8553 | Learner Walltime = 1668.347 | Min Dist = 0.080 | Min Dist 10 = 0.243 | Min Dist 100 = 1.396 | Min Dist 1000 = 2.209 | Steps Per Second = 86.687 | Success = 1.000 | Success 1000 = 0.733
I0502 15:34:05.482801 139579566835264 terminal.py:91] [Evaluator] Actor Episodes = 11151 | Actor Steps = 557550 | Delta Dist = 12.107 | Delta Dist 10 = 11.994 | Delta Dist 100 = 10.746 | Delta Dist 1000 = 9.940 | Episode Length = 50 | Episode Return = 12.0 | Evaluator Episodes = 2804 | Evaluator Steps = 140200 | Final Dist = 0.700 | Final Dist 10 = 0.812 | Final Dist 100 = 2.060 | Final Dist 1000 = 2.866 | Init Dist = 12.806 | Init Dist 10 = 12.806 | Init Dist 100 = 12.806 | Init Dist 1000 = 12.806 | Learner Steps = 8559 | Learner Walltime = 1669.504 | Min Dist = 0.336 | Min Dist 10 = 0.282 | Min Dist 100 = 1.398 | Min Dist 1000 = 2.209 | Steps Per Second = 87.094 | Success = 1.000 | Success 1000 = 0.733
I0502 15:34:05.843363 139557462840896 terminal.py:91] [Actor] Actor Episodes = 11155 | Actor Steps = 557750 | Delta Dist = 10.502 | Delta Dist 10 = 5.687 | Delta Dist 100 = 4.875 | Delta Dist 1000 = 4.473 | Episode Length = 50 | Episode Return = 47.0 | Evaluator Episodes = 2804 | Evaluator Steps = 140200 | Final Dist = 0.315 | Final Dist 10 = 0.418 | Final Dist 100 = 0.959 | Final Dist 1000 = 1.471 | Init Dist = 10.817 | Init Dist 10 = 6.105 | Init Dist 100 = 5.834 | Init Dist 1000 = 5.944 | Learner Steps = 8559 | Learner Walltime = 1669.504 | Min Dist = 0.036 | Min Dist 10 = 0.048 | Min Dist 100 = 0.141 | Min Dist 1000 = 0.178 | Steps Per Second = 77.128 | Success = 1.000 | Success 1000 = 0.993
I0502 15:34:05.928000 139558059398720 terminal.py:91] [Actor] Actor Episodes = 11159 | Actor Steps = 557950 | Delta Dist = 4.008 | Delta Dist 10 = 6.109 | Delta Dist 100 = 4.968 | Delta Dist 1000 = 4.472 | Episode Length = 50 | Episode Return = 49.0 | Evaluator Episodes = 2804 | Evaluator Steps = 140200 | Final Dist = 2.075 | Final Dist 10 = 0.455 | Final Dist 100 = 0.953 | Final Dist 1000 = 1.469 | Init Dist = 6.083 | Init Dist 10 = 6.564 | Init Dist 100 = 5.921 | Init Dist 1000 = 5.941 | Learner Steps = 8559 | Learner Walltime = 1669.504 | Min Dist = 0.033 | Min Dist 10 = 0.066 | Min Dist 100 = 0.143 | Min Dist 1000 = 0.178 | Steps Per Second = 75.432 | Success = 1.000 | Success 1000 = 0.993
I0502 15:34:06.324555 139555860620864 terminal.py:91] [Actor] Actor Episodes = 11154 | Actor Steps = 557700 | Delta Dist = 4.006 | Delta Dist 10 = 6.118 | Delta Dist 100 = 4.974 | Delta Dist 1000 = 4.473 | Episode Length = 50 | Episode Return = 32.0 | Evaluator Episodes = 2804 | Evaluator Steps = 140200 | Final Dist = 1.651 | Final Dist 10 = 0.554 | Final Dist 100 = 0.957 | Final Dist 1000 = 1.469 | Init Dist = 5.657 | Init Dist 10 = 6.672 | Init Dist 100 = 5.932 | Init Dist 1000 = 5.942 | Learner Steps = 8559 | Learner Walltime = 1669.504 | Min Dist = 0.032 | Min Dist 10 = 0.067 | Min Dist 100 = 0.143 | Min Dist 1000 = 0.178 | Steps Per Second = 69.066 | Success = 1.000 | Success 1000 = 0.993
I0502 15:34:06.534166 139569349502528 terminal.py:91] [Actor] Actor Episodes = 11158 | Actor Steps = 557900 | Delta Dist = 4.468 | Delta Dist 10 = 4.851 | Delta Dist 100 = 4.948 | Delta Dist 1000 = 4.476 | Episode Length = 50 | Episode Return = 37.0 | Evaluator Episodes = 2804 | Evaluator Steps = 140200 | Final Dist = 0.532 | Final Dist 10 = 0.751 | Final Dist 100 = 0.947 | Final Dist 1000 = 1.466 | Init Dist = 5.000 | Init Dist 10 = 5.602 | Init Dist 100 = 5.895 | Init Dist 1000 = 5.942 | Learner Steps = 8559 | Learner Walltime = 1669.504 | Min Dist = 0.086 | Min Dist 10 = 0.089 | Min Dist 100 = 0.145 | Min Dist 1000 = 0.178 | Steps Per Second = 74.135 | Success = 1.000 | Success 1000 = 0.993
I0502 15:34:06.730412 139579566835264 terminal.py:91] [Evaluator] Actor Episodes = 11159 | Actor Steps = 557950 | Delta Dist = 11.174 | Delta Dist 10 = 12.058 | Delta Dist 100 = 10.753 | Delta Dist 1000 = 9.948 | Episode Length = 50 | Episode Return = 11.0 | Evaluator Episodes = 2806 | Evaluator Steps = 140300 | Final Dist = 1.632 | Final Dist 10 = 0.749 | Final Dist 100 = 2.054 | Final Dist 1000 = 2.858 | Init Dist = 12.806 | Init Dist 10 = 12.806 | Init Dist 100 = 12.806 | Init Dist 1000 = 12.806 | Learner Steps = 8565 | Learner Walltime = 1670.674 | Min Dist = 0.060 | Min Dist 10 = 0.291 | Min Dist 100 = 1.399 | Min Dist 1000 = 2.202 | Steps Per Second = 77.995 | Success = 1.000 | Success 1000 = 0.734
I0502 15:34:07.701213 139584504182336 lp_utils.py:96] StepsLimiter: Reached 558350 recorded steps
I0502 15:34:07.963448 139579566835264 terminal.py:91] [Evaluator] Actor Episodes = 11167 | Actor Steps = 558350 | Delta Dist = 11.435 | Delta Dist 10 = 11.066 | Delta Dist 100 = 10.748 | Delta Dist 1000 = 9.940 | Episode Length = 50 | Episode Return = 17.0 | Evaluator Episodes = 2808 | Evaluator Steps = 140400 | Final Dist = 1.371 | Final Dist 10 = 1.740 | Final Dist 100 = 2.058 | Final Dist 1000 = 2.866 | Init Dist = 12.806 | Init Dist 10 = 12.806 | Init Dist 100 = 12.806 | Init Dist 1000 = 12.806 | Learner Steps = 8571 | Learner Walltime = 1671.928 | Min Dist = 0.229 | Min Dist 10 = 0.976 | Min Dist 100 = 1.394 | Min Dist 1000 = 2.208 | Steps Per Second = 81.973 | Success = 1.000 | Success 1000 = 0.733
I0502 15:34:09.112181 139579566835264 terminal.py:91] [Evaluator] Actor Episodes = 11175 | Actor Steps = 558750 | Delta Dist = 12.672 | Delta Dist 10 = 10.951 | Delta Dist 100 = 10.801 | Delta Dist 1000 = 9.940 | Episode Length = 50 | Episode Return = 4.0 | Evaluator Episodes = 2810 | Evaluator Steps = 140500 | Final Dist = 0.134 | Final Dist 10 = 1.855 | Final Dist 100 = 2.005 | Final Dist 1000 = 2.867 | Init Dist = 12.806 | Init Dist 10 = 12.806 | Init Dist 100 = 12.806 | Init Dist 1000 = 12.806 | Learner Steps = 8577 | Learner Walltime = 1673.034 | Min Dist = 0.134 | Min Dist 10 = 0.928 | Min Dist 100 = 1.334 | Min Dist 1000 = 2.207 | Steps Per Second = 84.816 | Success = 1.000 | Success 1000 = 0.733
I0502 15:34:10.336805 139579566835264 terminal.py:91] [Evaluator] Actor Episodes = 11183 | Actor Steps = 559150 | Delta Dist = 12.170 | Delta Dist 10 = 10.029 | Delta Dist 100 = 10.711 | Delta Dist 1000 = 9.937 | Episode Length = 50 | Episode Return = 22.0 | Evaluator Episodes = 2812 | Evaluator Steps = 140600 | Final Dist = 0.636 | Final Dist 10 = 2.777 | Final Dist 100 = 2.095 | Final Dist 1000 = 2.869 | Init Dist = 12.806 | Init Dist 10 = 12.806 | Init Dist 100 = 12.806 | Init Dist 1000 = 12.806 | Learner Steps = 8584 | Learner Walltime = 1674.435 | Min Dist = 0.192 | Min Dist 10 = 1.946 | Min Dist 100 = 1.435 | Min Dist 1000 = 2.211 | Steps Per Second = 85.693 | Success = 1.000 | Success 1000 = 0.733
I0502 15:34:11.429058 139579566835264 terminal.py:91] [Evaluator] Actor Episodes = 11191 | Actor Steps = 559550 | Delta Dist = 12.600 | Delta Dist 10 = 9.975 | Delta Dist 100 = 10.772 | Delta Dist 1000 = 9.936 | Episode Length = 50 | Episode Return = 26.0 | Evaluator Episodes = 2814 | Evaluator Steps = 140700 | Final Dist = 0.207 | Final Dist 10 = 2.831 | Final Dist 100 = 2.035 | Final Dist 1000 = 2.870 | Init Dist = 12.806 | Init Dist 10 = 12.806 | Init Dist 100 = 12.806 | Init Dist 1000 = 12.806 | Learner Steps = 8590 | Learner Walltime = 1675.577 | Min Dist = 0.207 | Min Dist 10 = 1.953 | Min Dist 100 = 1.368 | Min Dist 1000 = 2.212 | Steps Per Second = 93.029 | Success = 1.000 | Success 1000 = 0.733
I0502 15:34:12.542197 139579566835264 terminal.py:91] [Evaluator] Actor Episodes = 11199 | Actor Steps = 559950 | Delta Dist = 11.728 | Delta Dist 10 = 10.025 | Delta Dist 100 = 10.773 | Delta Dist 1000 = 9.936 | Episode Length = 50 | Episode Return = 4.0 | Evaluator Episodes = 2816 | Evaluator Steps = 140800 | Final Dist = 1.078 | Final Dist 10 = 2.781 | Final Dist 100 = 2.033 | Final Dist 1000 = 2.870 | Init Dist = 12.806 | Init Dist 10 = 12.806 | Init Dist 100 = 12.806 | Init Dist 1000 = 12.806 | Learner Steps = 8597 | Learner Walltime = 1676.735 | Min Dist = 0.144 | Min Dist 10 = 2.004 | Min Dist 100 = 1.374 | Min Dist 1000 = 2.212 | Steps Per Second = 88.356 | Success = 1.000 | Success 1000 = 0.733
I0502 15:34:13.731154 139579566835264 terminal.py:91] [Evaluator] Actor Episodes = 11207 | Actor Steps = 560350 | Delta Dist = 2.545 | Delta Dist 10 = 10.940 | Delta Dist 100 = 10.774 | Delta Dist 1000 = 9.937 | Episode Length = 50 | Episode Return = 0.0 | Evaluator Episodes = 2818 | Evaluator Steps = 140900 | Final Dist = 10.261 | Final Dist 10 = 1.866 | Final Dist 100 = 2.032 | Final Dist 1000 = 2.870 | Init Dist = 12.806 | Init Dist 10 = 12.806 | Init Dist 100 = 12.806 | Init Dist 1000 = 12.806 | Learner Steps = 8603 | Learner Walltime = 1677.756 | Min Dist = 10.128 | Min Dist 10 = 1.280 | Min Dist 100 = 1.371 | Min Dist 1000 = 2.212 | Steps Per Second = 78.796 | Success = 0.000 | Success 1000 = 0.733
I0502 15:34:14.170092 139555013154368 terminal.py:91] [Learner] Actor Episodes = 11207 | Actor Loss = 3.668508291244507 | Actor Steps = 560350 | Binary Accuracy = 0.9960410594940186 | Categorical Accuracy = 0.416748046875 | Critic Loss = 1.9538638591766357 | Entropy Mean = -20.223373413085938 | Evaluator Episodes = 2816 | Evaluator Steps = 140800 | Learner Steps = 8606 | Learner Walltime = 1678.370 | Logits Neg = -16.26026153564453 | Logits Pos = -1.9356331825256348 | Logsumexp = 1.2052116394042969 | Steps Per Second = 757.283
I0502 15:34:14.906444 139579566835264 terminal.py:91] [Evaluator] Actor Episodes = 11215 | Actor Steps = 560750 | Delta Dist = 11.739 | Delta Dist 10 = 10.087 | Delta Dist 100 = 10.675 | Delta Dist 1000 = 9.936 | Episode Length = 50 | Episode Return = 6.0 | Evaluator Episodes = 2820 | Evaluator Steps = 141000 | Final Dist = 1.068 | Final Dist 10 = 2.720 | Final Dist 100 = 2.131 | Final Dist 1000 = 2.870 | Init Dist = 12.806 | Init Dist 10 = 12.806 | Init Dist 100 = 12.806 | Init Dist 1000 = 12.806 | Learner Steps = 8609 | Learner Walltime = 1678.888 | Min Dist = 0.277 | Min Dist 10 = 2.284 | Min Dist 100 = 1.468 | Min Dist 1000 = 2.212 | Steps Per Second = 86.396 | Success = 1.000 | Success 1000 = 0.733
I0502 15:34:16.054789 139558059398720 terminal.py:91] [Actor] Actor Episodes = 11220 | Actor Steps = 561000 | Delta Dist = -6.211 | Delta Dist 10 = 3.599 | Delta Dist 100 = 4.413 | Delta Dist 1000 = 4.453 | Episode Length = 50 | Episode Return = 0.0 | Evaluator Episodes = 2820 | Evaluator Steps = 141000 | Final Dist = 7.211 | Final Dist 10 = 1.910 | Final Dist 100 = 1.274 | Final Dist 1000 = 1.468 | Init Dist = 1.000 | Init Dist 10 = 5.508 | Init Dist 100 = 5.688 | Init Dist 1000 = 5.921 | Learner Steps = 8609 | Learner Walltime = 1678.888 | Min Dist = 1.000 | Min Dist 10 = 0.046 | Min Dist 100 = 0.078 | Min Dist 1000 = 0.171 | Steps Per Second = 81.826 | Success = 0.000 | Success 1000 = 0.995
I0502 15:34:16.093208 139579566835264 terminal.py:91] [Evaluator] Actor Episodes = 11223 | Actor Steps = 561150 | Delta Dist = 11.473 | Delta Dist 10 = 10.979 | Delta Dist 100 = 10.678 | Delta Dist 1000 = 9.936 | Episode Length = 50 | Episode Return = 3.0 | Evaluator Episodes = 2822 | Evaluator Steps = 141100 | Final Dist = 1.334 | Final Dist 10 = 1.827 | Final Dist 100 = 2.128 | Final Dist 1000 = 2.870 | Init Dist = 12.806 | Init Dist 10 = 12.806 | Init Dist 100 = 12.806 | Init Dist 1000 = 12.806 | Learner Steps = 8614 | Learner Walltime = 1679.952 | Min Dist = 0.403 | Min Dist 10 = 1.278 | Min Dist 100 = 1.468 | Min Dist 1000 = 2.212 | Steps Per Second = 92.461 | Success = 1.000 | Success 1000 = 0.733
I0502 15:34:16.400041 139557462840896 terminal.py:91] [Actor] Actor Episodes = 11225 | Actor Steps = 561250 | Delta Dist = 2.793 | Delta Dist 10 = 1.887 | Delta Dist 100 = 4.232 | Delta Dist 1000 = 4.438 | Episode Length = 50 | Episode Return = 36.0 | Evaluator Episodes = 2822 | Evaluator Steps = 141100 | Final Dist = 0.369 | Final Dist 10 = 2.621 | Final Dist 100 = 1.351 | Final Dist 1000 = 1.474 | Init Dist = 3.162 | Init Dist 10 = 4.508 | Init Dist 100 = 5.583 | Init Dist 1000 = 5.912 | Learner Steps = 8614 | Learner Walltime = 1679.952 | Min Dist = 0.029 | Min Dist 10 = 0.144 | Min Dist 100 = 0.087 | Min Dist 1000 = 0.171 | Steps Per Second = 85.019 | Success = 1.000 | Success 1000 = 0.994
I0502 15:34:16.657583 139569349502528 terminal.py:91] [Actor] Actor Episodes = 11229 | Actor Steps = 561450 | Delta Dist = 2.960 | Delta Dist 10 = 1.464 | Delta Dist 100 = 4.134 | Delta Dist 1000 = 4.431 | Episode Length = 50 | Episode Return = 46.0 | Evaluator Episodes = 2822 | Evaluator Steps = 141100 | Final Dist = 0.202 | Final Dist 10 = 2.891 | Final Dist 100 = 1.394 | Final Dist 1000 = 1.479 | Init Dist = 3.162 | Init Dist 10 = 4.355 | Init Dist 100 = 5.528 | Init Dist 1000 = 5.910 | Learner Steps = 8614 | Learner Walltime = 1679.952 | Min Dist = 0.202 | Min Dist 10 = 0.133 | Min Dist 100 = 0.087 | Min Dist 1000 = 0.171 | Steps Per Second = 81.983 | Success = 1.000 | Success 1000 = 0.994
I0502 15:34:16.807268 139555860620864 terminal.py:91] [Actor] Actor Episodes = 11231 | Actor Steps = 561550 | Delta Dist = 1.625 | Delta Dist 10 = 1.568 | Delta Dist 100 = 4.094 | Delta Dist 1000 = 4.428 | Episode Length = 50 | Episode Return = 44.0 | Evaluator Episodes = 2822 | Evaluator Steps = 141100 | Final Dist = 0.375 | Final Dist 10 = 2.962 | Final Dist 100 = 1.389 | Final Dist 1000 = 1.480 | Init Dist = 2.000 | Init Dist 10 = 4.530 | Init Dist 100 = 5.483 | Init Dist 1000 = 5.907 | Learner Steps = 8614 | Learner Walltime = 1679.952 | Min Dist = 0.119 | Min Dist 10 = 0.149 | Min Dist 100 = 0.088 | Min Dist 1000 = 0.172 | Steps Per Second = 82.586 | Success = 1.000 | Success 1000 = 0.994
I0502 15:34:17.184921 139579566835264 terminal.py:91] [Evaluator] Actor Episodes = 11231 | Actor Steps = 561550 | Delta Dist = 12.203 | Delta Dist 10 = 10.891 | Delta Dist 100 = 10.666 | Delta Dist 1000 = 9.951 | Episode Length = 50 | Episode Return = 6.0 | Evaluator Episodes = 2824 | Evaluator Steps = 141200 | Final Dist = 0.604 | Final Dist 10 = 1.916 | Final Dist 100 = 2.140 | Final Dist 1000 = 2.856 | Init Dist = 12.806 | Init Dist 10 = 12.806 | Init Dist 100 = 12.806 | Init Dist 1000 = 12.806 | Learner Steps = 8620 | Learner Walltime = 1681.115 | Min Dist = 0.288 | Min Dist 10 = 1.246 | Min Dist 100 = 1.472 | Min Dist 1000 = 2.196 | Steps Per Second = 89.363 | Success = 1.000 | Success 1000 = 0.735
I0502 15:34:17.717688 139584504182336 lp_utils.py:96] StepsLimiter: Reached 561650 recorded steps
I0502 15:34:18.603535 139579566835264 terminal.py:91] [Evaluator] Actor Episodes = 11239 | Actor Steps = 561950 | Delta Dist = 11.866 | Delta Dist 10 = 10.767 | Delta Dist 100 = 10.665 | Delta Dist 1000 = 9.960 | Episode Length = 50 | Episode Return = 27.0 | Evaluator Episodes = 2826 | Evaluator Steps = 141300 | Final Dist = 0.940 | Final Dist 10 = 2.039 | Final Dist 100 = 2.142 | Final Dist 1000 = 2.847 | Init Dist = 12.806 | Init Dist 10 = 12.806 | Init Dist 100 = 12.806 | Init Dist 1000 = 12.806 | Learner Steps = 8626 | Learner Walltime = 1682.290 | Min Dist = 0.128 | Min Dist 10 = 1.329 | Min Dist 100 = 1.487 | Min Dist 1000 = 2.187 | Steps Per Second = 67.872 | Success = 1.000 | Success 1000 = 0.735
I0502 15:34:19.768639 139579566835264 terminal.py:91] [Evaluator] Actor Episodes = 11247 | Actor Steps = 562350 | Delta Dist = 11.604 | Delta Dist 10 = 10.793 | Delta Dist 100 = 10.671 | Delta Dist 1000 = 9.970 | Episode Length = 50 | Episode Return = 13.0 | Evaluator Episodes = 2828 | Evaluator Steps = 141400 | Final Dist = 1.202 | Final Dist 10 = 2.013 | Final Dist 100 = 2.135 | Final Dist 1000 = 2.837 | Init Dist = 12.806 | Init Dist 10 = 12.806 | Init Dist 100 = 12.806 | Init Dist 1000 = 12.806 | Learner Steps = 8631 | Learner Walltime = 1683.443 | Min Dist = 0.280 | Min Dist 10 = 1.344 | Min Dist 100 = 1.488 | Min Dist 1000 = 2.176 | Steps Per Second = 85.792 | Success = 1.000 | Success 1000 = 0.736
I0502 15:34:20.928201 139579566835264 terminal.py:91] [Evaluator] Actor Episodes = 11255 | Actor Steps = 562750 | Delta Dist = 11.524 | Delta Dist 10 = 11.344 | Delta Dist 100 = 10.634 | Delta Dist 1000 = 9.976 | Episode Length = 50 | Episode Return = 3.0 | Evaluator Episodes = 2830 | Evaluator Steps = 141500 | Final Dist = 1.283 | Final Dist 10 = 1.462 | Final Dist 100 = 2.173 | Final Dist 1000 = 2.831 | Init Dist = 12.806 | Init Dist 10 = 12.806 | Init Dist 100 = 12.806 | Init Dist 1000 = 12.806 | Learner Steps = 8637 | Learner Walltime = 1684.570 | Min Dist = 0.314 | Min Dist 10 = 0.780 | Min Dist 100 = 1.535 | Min Dist 1000 = 2.170 | Steps Per Second = 87.195 | Success = 1.000 | Success 1000 = 0.736
I0502 15:34:22.125289 139579566835264 terminal.py:91] [Evaluator] Actor Episodes = 11263 | Actor Steps = 563150 | Delta Dist = 11.361 | Delta Dist 10 = 11.396 | Delta Dist 100 = 10.721 | Delta Dist 1000 = 9.995 | Episode Length = 50 | Episode Return = 3.0 | Evaluator Episodes = 2832 | Evaluator Steps = 141600 | Final Dist = 1.446 | Final Dist 10 = 1.410 | Final Dist 100 = 2.085 | Final Dist 1000 = 2.811 | Init Dist = 12.806 | Init Dist 10 = 12.806 | Init Dist 100 = 12.806 | Init Dist 1000 = 12.806 | Learner Steps = 8643 | Learner Walltime = 1685.703 | Min Dist = 0.340 | Min Dist 10 = 0.790 | Min Dist 100 = 1.436 | Min Dist 1000 = 2.149 | Steps Per Second = 77.699 | Success = 1.000 | Success 1000 = 0.738
I0502 15:34:23.331625 139579566835264 terminal.py:91] [Evaluator] Actor Episodes = 11271 | Actor Steps = 563550 | Delta Dist = 11.869 | Delta Dist 10 = 10.787 | Delta Dist 100 = 10.747 | Delta Dist 1000 = 9.999 | Episode Length = 50 | Episode Return = 8.0 | Evaluator Episodes = 2834 | Evaluator Steps = 141700 | Final Dist = 0.937 | Final Dist 10 = 2.019 | Final Dist 100 = 2.059 | Final Dist 1000 = 2.808 | Init Dist = 12.806 | Init Dist 10 = 12.806 | Init Dist 100 = 12.806 | Init Dist 1000 = 12.806 | Learner Steps = 8647 | Learner Walltime = 1686.716 | Min Dist = 0.152 | Min Dist 10 = 1.366 | Min Dist 100 = 1.396 | Min Dist 1000 = 2.145 | Steps Per Second = 92.824 | Success = 1.000 | Success 1000 = 0.738
I0502 15:34:24.537256 139555013154368 terminal.py:91] [Learner] Actor Episodes = 11275 | Actor Loss = 3.5226101875305176 | Actor Steps = 563750 | Binary Accuracy = 0.9960355758666992 | Categorical Accuracy = 0.4190673828125 | Critic Loss = 1.9456984996795654 | Entropy Mean = -19.31336212158203 | Evaluator Episodes = 2834 | Evaluator Steps = 141700 | Learner Steps = 8658 | Learner Walltime = 1688.738 | Logits Neg = -16.148696899414062 | Logits Pos = -1.9181708097457886 | Logsumexp = 1.2530386447906494 | Steps Per Second = 158.587
I0502 15:34:24.611071 139579566835264 terminal.py:91] [Evaluator] Actor Episodes = 11279 | Actor Steps = 563950 | Delta Dist = 12.703 | Delta Dist 10 = 10.893 | Delta Dist 100 = 10.747 | Delta Dist 1000 = 9.999 | Episode Length = 50 | Episode Return = 17.0 | Evaluator Episodes = 2836 | Evaluator Steps = 141800 | Final Dist = 0.104 | Final Dist 10 = 1.913 | Final Dist 100 = 2.059 | Final Dist 1000 = 2.807 | Init Dist = 12.806 | Init Dist 10 = 12.806 | Init Dist 100 = 12.806 | Init Dist 1000 = 12.806 | Learner Steps = 8654 | Learner Walltime = 1688.112 | Min Dist = 0.104 | Min Dist 10 = 1.208 | Min Dist 100 = 1.394 | Min Dist 1000 = 2.144 | Steps Per Second = 74.021 | Success = 1.000 | Success 1000 = 0.738
I0502 15:34:25.682048 139579566835264 terminal.py:91] [Evaluator] Actor Episodes = 11287 | Actor Steps = 564350 | Delta Dist = 11.507 | Delta Dist 10 = 10.922 | Delta Dist 100 = 10.748 | Delta Dist 1000 = 10.011 | Episode Length = 50 | Episode Return = 2.0 | Evaluator Episodes = 2838 | Evaluator Steps = 141900 | Final Dist = 1.299 | Final Dist 10 = 1.884 | Final Dist 100 = 2.058 | Final Dist 1000 = 2.796 | Init Dist = 12.806 | Init Dist 10 = 12.806 | Init Dist 100 = 12.806 | Init Dist 1000 = 12.806 | Learner Steps = 8661 | Learner Walltime = 1689.370 | Min Dist = 0.496 | Min Dist 10 = 1.218 | Min Dist 100 = 1.394 | Min Dist 1000 = 2.134 | Steps Per Second = 87.558 | Success = 1.000 | Success 1000 = 0.739
I0502 15:34:26.188685 139558059398720 terminal.py:91] [Actor] Actor Episodes = 11286 | Actor Steps = 564300 | Delta Dist = 4.237 | Delta Dist 10 = 3.812 | Delta Dist 100 = 3.717 | Delta Dist 1000 = 4.392 | Episode Length = 50 | Episode Return = 0.0 | Evaluator Episodes = 2836 | Evaluator Steps = 141800 | Final Dist = 2.087 | Final Dist 10 = 1.893 | Final Dist 100 = 1.765 | Final Dist 1000 = 1.490 | Init Dist = 6.325 | Init Dist 10 = 5.705 | Init Dist 100 = 5.482 | Init Dist 1000 = 5.882 | Learner Steps = 8661 | Learner Walltime = 1689.370 | Min Dist = 0.060 | Min Dist 10 = 0.154 | Min Dist 100 = 0.105 | Min Dist 1000 = 0.161 | Steps Per Second = 76.230 | Success = 1.000 | Success 1000 = 0.994
I0502 15:34:26.900563 139555860620864 terminal.py:91] [Actor] Actor Episodes = 11295 | Actor Steps = 564750 | Delta Dist = 3.097 | Delta Dist 10 = 2.231 | Delta Dist 100 = 3.530 | Delta Dist 1000 = 4.375 | Episode Length = 50 | Episode Return = 39.0 | Evaluator Episodes = 2838 | Evaluator Steps = 141900 | Final Dist = 1.026 | Final Dist 10 = 4.342 | Final Dist 100 = 1.972 | Final Dist 1000 = 1.509 | Init Dist = 4.123 | Init Dist 10 = 6.573 | Init Dist 100 = 5.502 | Init Dist 1000 = 5.884 | Learner Steps = 8667 | Learner Walltime = 1690.515 | Min Dist = 0.144 | Min Dist 10 = 0.151 | Min Dist 100 = 0.106 | Min Dist 1000 = 0.161 | Steps Per Second = 74.108 | Success = 1.000 | Success 1000 = 0.994
I0502 15:34:26.951118 139557462840896 terminal.py:91] [Actor] Actor Episodes = 11290 | Actor Steps = 564500 | Delta Dist = 3.377 | Delta Dist 10 = 1.759 | Delta Dist 100 = 3.582 | Delta Dist 1000 = 4.378 | Episode Length = 50 | Episode Return = 28.0 | Evaluator Episodes = 2838 | Evaluator Steps = 141900 | Final Dist = 0.746 | Final Dist 10 = 4.145 | Final Dist 100 = 1.930 | Final Dist 1000 = 1.509 | Init Dist = 4.123 | Init Dist 10 = 5.904 | Init Dist 100 = 5.511 | Init Dist 1000 = 5.887 | Learner Steps = 8667 | Learner Walltime = 1690.515 | Min Dist = 0.030 | Min Dist 10 = 0.161 | Min Dist 100 = 0.107 | Min Dist 1000 = 0.162 | Steps Per Second = 85.330 | Success = 1.000 | Success 1000 = 0.994
I0502 15:34:26.962694 139579566835264 terminal.py:91] [Evaluator] Actor Episodes = 11295 | Actor Steps = 564750 | Delta Dist = 11.447 | Delta Dist 10 = 11.258 | Delta Dist 100 = 10.769 | Delta Dist 1000 = 10.019 | Episode Length = 50 | Episode Return = 1.0 | Evaluator Episodes = 2840 | Evaluator Steps = 142000 | Final Dist = 1.359 | Final Dist 10 = 1.549 | Final Dist 100 = 2.038 | Final Dist 1000 = 2.787 | Init Dist = 12.806 | Init Dist 10 = 12.806 | Init Dist 100 = 12.806 | Init Dist 1000 = 12.806 | Learner Steps = 8667 | Learner Walltime = 1690.515 | Min Dist = 0.476 | Min Dist 10 = 0.797 | Min Dist 100 = 1.368 | Min Dist 1000 = 2.124 | Steps Per Second = 82.310 | Success = 1.000 | Success 1000 = 0.740
I0502 15:34:27.118869 139569349502528 terminal.py:91] [Actor] Actor Episodes = 11292 | Actor Steps = 564600 | Delta Dist = 1.109 | Delta Dist 10 = 1.678 | Delta Dist 100 = 3.550 | Delta Dist 1000 = 4.380 | Episode Length = 50 | Episode Return = 38.0 | Evaluator Episodes = 2838 | Evaluator Steps = 141900 | Final Dist = 0.305 | Final Dist 10 = 4.138 | Final Dist 100 = 1.935 | Final Dist 1000 = 1.509 | Init Dist = 1.414 | Init Dist 10 = 5.816 | Init Dist 100 = 5.486 | Init Dist 1000 = 5.889 | Learner Steps = 8667 | Learner Walltime = 1690.515 | Min Dist = 0.046 | Min Dist 10 = 0.160 | Min Dist 100 = 0.107 | Min Dist 1000 = 0.162 | Steps Per Second = 79.105 | Success = 1.000 | Success 1000 = 0.994
I0502 15:34:27.733778 139584504182336 lp_utils.py:96] StepsLimiter: Reached 564950 recorded steps
I0502 15:34:28.070029 139579566835264 terminal.py:91] [Evaluator] Actor Episodes = 11303 | Actor Steps = 565150 | Delta Dist = 2.626 | Delta Dist 10 = 11.230 | Delta Dist 100 = 10.889 | Delta Dist 1000 = 10.019 | Episode Length = 50 | Episode Return = 0.0 | Evaluator Episodes = 2842 | Evaluator Steps = 142100 | Final Dist = 10.180 | Final Dist 10 = 1.577 | Final Dist 100 = 1.917 | Final Dist 1000 = 2.787 | Init Dist = 12.806 | Init Dist 10 = 12.806 | Init Dist 100 = 12.806 | Init Dist 1000 = 12.806 | Learner Steps = 8674 | Learner Walltime = 1691.939 | Min Dist = 10.149 | Min Dist 10 = 0.835 | Min Dist 100 = 1.253 | Min Dist 1000 = 2.125 | Steps Per Second = 97.012 | Success = 0.000 | Success 1000 = 0.740
I0502 15:34:29.264051 139579566835264 terminal.py:91] [Evaluator] Actor Episodes = 11311 | Actor Steps = 565550 | Delta Dist = 11.776 | Delta Dist 10 = 11.070 | Delta Dist 100 = 10.814 | Delta Dist 1000 = 10.011 | Episode Length = 50 | Episode Return = 7.0 | Evaluator Episodes = 2844 | Evaluator Steps = 142200 | Final Dist = 1.030 | Final Dist 10 = 1.737 | Final Dist 100 = 1.992 | Final Dist 1000 = 2.795 | Init Dist = 12.806 | Init Dist 10 = 12.806 | Init Dist 100 = 12.806 | Init Dist 1000 = 12.806 | Learner Steps = 8680 | Learner Walltime = 1693.062 | Min Dist = 0.068 | Min Dist 10 = 1.233 | Min Dist 100 = 1.352 | Min Dist 1000 = 2.134 | Steps Per Second = 81.863 | Success = 1.000 | Success 1000 = 0.740
I0502 15:34:30.394034 139579566835264 terminal.py:91] [Evaluator] Actor Episodes = 11315 | Actor Steps = 565750 | Delta Dist = 12.533 | Delta Dist 10 = 10.979 | Delta Dist 100 = 10.814 | Delta Dist 1000 = 10.011 | Episode Length = 50 | Episode Return = 1.0 | Evaluator Episodes = 2846 | Evaluator Steps = 142300 | Final Dist = 0.273 | Final Dist 10 = 1.827 | Final Dist 100 = 1.992 | Final Dist 1000 = 2.796 | Init Dist = 12.806 | Init Dist 10 = 12.806 | Init Dist 100 = 12.806 | Init Dist 1000 = 12.806 | Learner Steps = 8686 | Learner Walltime = 1694.226 | Min Dist = 0.273 | Min Dist 10 = 1.232 | Min Dist 100 = 1.345 | Min Dist 1000 = 2.133 | Steps Per Second = 92.353 | Success = 1.000 | Success 1000 = 0.740
I0502 15:34:31.640950 139579566835264 terminal.py:91] [Evaluator] Actor Episodes = 11323 | Actor Steps = 566150 | Delta Dist = 12.616 | Delta Dist 10 = 10.924 | Delta Dist 100 = 10.908 | Delta Dist 1000 = 10.031 | Episode Length = 50 | Episode Return = 15.0 | Evaluator Episodes = 2848 | Evaluator Steps = 142400 | Final Dist = 0.191 | Final Dist 10 = 1.882 | Final Dist 100 = 1.899 | Final Dist 1000 = 2.776 | Init Dist = 12.806 | Init Dist 10 = 12.806 | Init Dist 100 = 12.806 | Init Dist 1000 = 12.806 | Learner Steps = 8691 | Learner Walltime = 1695.444 | Min Dist = 0.191 | Min Dist 10 = 1.263 | Min Dist 100 = 1.249 | Min Dist 1000 = 2.113 | Steps Per Second = 78.130 | Success = 1.000 | Success 1000 = 0.742
I0502 15:34:32.806041 139579566835264 terminal.py:91] [Evaluator] Actor Episodes = 11331 | Actor Steps = 566550 | Delta Dist = 11.559 | Delta Dist 10 = 11.033 | Delta Dist 100 = 10.925 | Delta Dist 1000 = 10.031 | Episode Length = 50 | Episode Return = 10.0 | Evaluator Episodes = 2850 | Evaluator Steps = 142500 | Final Dist = 1.248 | Final Dist 10 = 1.773 | Final Dist 100 = 1.881 | Final Dist 1000 = 2.775 | Init Dist = 12.806 | Init Dist 10 = 12.806 | Init Dist 100 = 12.806 | Init Dist 1000 = 12.806 | Learner Steps = 8698 | Learner Walltime = 1696.734 | Min Dist = 0.447 | Min Dist 10 = 1.254 | Min Dist 100 = 1.248 | Min Dist 1000 = 2.113 | Steps Per Second = 77.708 | Success = 1.000 | Success 1000 = 0.742
I0502 15:34:34.035906 139579566835264 terminal.py:91] [Evaluator] Actor Episodes = 11339 | Actor Steps = 566950 | Delta Dist = 11.370 | Delta Dist 10 = 10.998 | Delta Dist 100 = 10.930 | Delta Dist 1000 = 10.030 | Episode Length = 50 | Episode Return = 23.0 | Evaluator Episodes = 2852 | Evaluator Steps = 142600 | Final Dist = 1.436 | Final Dist 10 = 1.809 | Final Dist 100 = 1.876 | Final Dist 1000 = 2.776 | Init Dist = 12.806 | Init Dist 10 = 12.806 | Init Dist 100 = 12.806 | Init Dist 1000 = 12.806 | Learner Steps = 8704 | Learner Walltime = 1697.862 | Min Dist = 0.268 | Min Dist 10 = 1.224 | Min Dist 100 = 1.250 | Min Dist 1000 = 2.113 | Steps Per Second = 82.319 | Success = 1.000 | Success 1000 = 0.742
I0502 15:34:34.591360 139555013154368 terminal.py:91] [Learner] Actor Episodes = 11335 | Actor Loss = 3.6511754989624023 | Actor Steps = 566750 | Binary Accuracy = 0.995896577835083 | Categorical Accuracy = 0.39654541015625 | Critic Loss = 2.03225040435791 | Entropy Mean = -17.762130737304688 | Evaluator Episodes = 2850 | Evaluator Steps = 142500 | Learner Steps = 8709 | Learner Walltime = 1698.789 | Logits Neg = -15.875506401062012 | Logits Pos = -1.9883100986480713 | Logsumexp = 1.3391308784484863 | Steps Per Second = 657.782
I0502 15:34:35.262269 139579566835264 terminal.py:91] [Evaluator] Actor Episodes = 11347 | Actor Steps = 567350 | Delta Dist = 9.347 | Delta Dist 10 = 11.770 | Delta Dist 100 = 11.027 | Delta Dist 1000 = 10.038 | Episode Length = 50 | Episode Return = 0.0 | Evaluator Episodes = 2854 | Evaluator Steps = 142700 | Final Dist = 3.460 | Final Dist 10 = 1.037 | Final Dist 100 = 1.779 | Final Dist 1000 = 2.769 | Init Dist = 12.806 | Init Dist 10 = 12.806 | Init Dist 100 = 12.806 | Init Dist 1000 = 12.806 | Learner Steps = 8704 | Learner Walltime = 1697.862 | Min Dist = 3.460 | Min Dist 10 = 0.258 | Min Dist 100 = 1.145 | Min Dist 1000 = 2.104 | Steps Per Second = 76.852 | Success = 0.000 | Success 1000 = 0.743
I0502 15:34:35.928298 139583350109760 savers.py:156] Saving checkpoint: logs/contrastive_cpc_point_FourRooms_64/5dd72662-2788-11f0-b183-d85ed38c5779/checkpoints/learner
I0502 15:34:36.478726 139579566835264 terminal.py:91] [Evaluator] Actor Episodes = 11355 | Actor Steps = 567750 | Delta Dist = 12.247 | Delta Dist 10 = 11.531 | Delta Dist 100 = 11.003 | Delta Dist 1000 = 10.044 | Episode Length = 50 | Episode Return = 15.0 | Evaluator Episodes = 2856 | Evaluator Steps = 142800 | Final Dist = 0.559 | Final Dist 10 = 1.276 | Final Dist 100 = 1.804 | Final Dist 1000 = 2.762 | Init Dist = 12.806 | Init Dist 10 = 12.806 | Init Dist 100 = 12.806 | Init Dist 1000 = 12.806 | Learner Steps = 8711 | Learner Walltime = 1699.467 | Min Dist = 0.296 | Min Dist 10 = 0.614 | Min Dist 100 = 1.176 | Min Dist 1000 = 2.097 | Steps Per Second = 80.877 | Success = 1.000 | Success 1000 = 0.743
I0502 15:34:36.590895 139558059398720 terminal.py:91] [Actor] Actor Episodes = 11357 | Actor Steps = 567850 | Delta Dist = 7.941 | Delta Dist 10 = 6.197 | Delta Dist 100 = 3.974 | Delta Dist 1000 = 4.362 | Episode Length = 50 | Episode Return = 41.0 | Evaluator Episodes = 2856 | Evaluator Steps = 142800 | Final Dist = 0.121 | Final Dist 10 = 1.124 | Final Dist 100 = 2.191 | Final Dist 1000 = 1.563 | Init Dist = 8.062 | Init Dist 10 = 7.320 | Init Dist 100 = 6.165 | Init Dist 1000 = 5.926 | Learner Steps = 8711 | Learner Walltime = 1699.467 | Min Dist = 0.044 | Min Dist 10 = 0.061 | Min Dist 100 = 0.188 | Min Dist 1000 = 0.158 | Steps Per Second = 84.882 | Success = 1.000 | Success 1000 = 0.994
I0502 15:34:37.375372 139557462840896 terminal.py:91] [Actor] Actor Episodes = 11361 | Actor Steps = 568050 | Delta Dist = 7.718 | Delta Dist 10 = 6.379 | Delta Dist 100 = 3.967 | Delta Dist 1000 = 4.367 | Episode Length = 50 | Episode Return = 30.0 | Evaluator Episodes = 2856 | Evaluator Steps = 142800 | Final Dist = 0.528 | Final Dist 10 = 0.911 | Final Dist 100 = 2.159 | Final Dist 1000 = 1.544 | Init Dist = 8.246 | Init Dist 10 = 7.290 | Init Dist 100 = 6.127 | Init Dist 1000 = 5.912 | Learner Steps = 8716 | Learner Walltime = 1701.171 | Min Dist = 0.090 | Min Dist 10 = 0.037 | Min Dist 100 = 0.185 | Min Dist 1000 = 0.157 | Steps Per Second = 82.487 | Success = 1.000 | Success 1000 = 0.994
I0502 15:34:37.501167 139555860620864 terminal.py:91] [Actor] Actor Episodes = 11360 | Actor Steps = 568000 | Delta Dist = 6.394 | Delta Dist 10 = 6.433 | Delta Dist 100 = 4.032 | Delta Dist 1000 = 4.368 | Episode Length = 50 | Episode Return = 39.0 | Evaluator Episodes = 2856 | Evaluator Steps = 142800 | Final Dist = 0.314 | Final Dist 10 = 0.875 | Final Dist 100 = 2.155 | Final Dist 1000 = 1.543 | Init Dist = 6.708 | Init Dist 10 = 7.308 | Init Dist 100 = 6.187 | Init Dist 1000 = 5.911 | Learner Steps = 8711 | Learner Walltime = 1699.467 | Min Dist = 0.060 | Min Dist 10 = 0.046 | Min Dist 100 = 0.186 | Min Dist 1000 = 0.157 | Steps Per Second = 75.688 | Success = 1.000 | Success 1000 = 0.994
I0502 15:34:37.578328 139569349502528 terminal.py:91] [Actor] Actor Episodes = 11363 | Actor Steps = 568150 | Delta Dist = 1.688 | Delta Dist 10 = 6.519 | Delta Dist 100 = 4.066 | Delta Dist 1000 = 4.369 | Episode Length = 50 | Episode Return = 49.0 | Evaluator Episodes = 2856 | Evaluator Steps = 142800 | Final Dist = 0.312 | Final Dist 10 = 0.877 | Final Dist 100 = 2.152 | Final Dist 1000 = 1.542 | Init Dist = 2.000 | Init Dist 10 = 7.396 | Init Dist 100 = 6.218 | Init Dist 1000 = 5.911 | Learner Steps = 8716 | Learner Walltime = 1701.171 | Min Dist = 0.110 | Min Dist 10 = 0.047 | Min Dist 100 = 0.185 | Min Dist 1000 = 0.157 | Steps Per Second = 104.848 | Success = 1.000 | Success 1000 = 0.994
I0502 15:34:37.693408 139579566835264 terminal.py:91] [Evaluator] Actor Episodes = 11363 | Actor Steps = 568150 | Delta Dist = 11.807 | Delta Dist 10 = 11.579 | Delta Dist 100 = 11.008 | Delta Dist 1000 = 10.045 | Episode Length = 50 | Episode Return = 15.0 | Evaluator Episodes = 2858 | Evaluator Steps = 142900 | Final Dist = 0.999 | Final Dist 10 = 1.227 | Final Dist 100 = 1.798 | Final Dist 1000 = 2.761 | Init Dist = 12.806 | Init Dist 10 = 12.806 | Init Dist 100 = 12.806 | Init Dist 1000 = 12.806 | Learner Steps = 8716 | Learner Walltime = 1701.171 | Min Dist = 0.100 | Min Dist 10 = 0.584 | Min Dist 100 = 1.179 | Min Dist 1000 = 2.097 | Steps Per Second = 87.832 | Success = 1.000 | Success 1000 = 0.743
I0502 15:34:37.751919 139584504182336 lp_utils.py:96] StepsLimiter: Reached 568150 recorded steps
I0502 15:34:38.899008 139579566835264 terminal.py:91] [Evaluator] Actor Episodes = 11371 | Actor Steps = 568550 | Delta Dist = 12.070 | Delta Dist 10 = 11.508 | Delta Dist 100 = 11.007 | Delta Dist 1000 = 10.044 | Episode Length = 50 | Episode Return = 18.0 | Evaluator Episodes = 2860 | Evaluator Steps = 143000 | Final Dist = 0.736 | Final Dist 10 = 1.298 | Final Dist 100 = 1.799 | Final Dist 1000 = 2.762 | Init Dist = 12.806 | Init Dist 10 = 12.806 | Init Dist 100 = 12.806 | Init Dist 1000 = 12.806 | Learner Steps = 8727 | Learner Walltime = 1702.329 | Min Dist = 0.096 | Min Dist 10 = 0.602 | Min Dist 100 = 1.183 | Min Dist 1000 = 2.097 | Steps Per Second = 81.927 | Success = 1.000 | Success 1000 = 0.743
I0502 15:34:39.595286 139584635659840 savers.py:156] Saving checkpoint: logs/contrastive_cpc_point_FourRooms_64/5dd72662-2788-11f0-b183-d85ed38c5779/checkpoints/counter
I0502 15:34:40.187543 139579566835264 terminal.py:91] [Evaluator] Actor Episodes = 11379 | Actor Steps = 568950 | Delta Dist = 11.275 | Delta Dist 10 = 11.583 | Delta Dist 100 = 11.096 | Delta Dist 1000 = 10.044 | Episode Length = 50 | Episode Return = 9.0 | Evaluator Episodes = 2862 | Evaluator Steps = 143100 | Final Dist = 1.531 | Final Dist 10 = 1.224 | Final Dist 100 = 1.710 | Final Dist 1000 = 2.762 | Init Dist = 12.806 | Init Dist 10 = 12.806 | Init Dist 100 = 12.806 | Init Dist 1000 = 12.806 | Learner Steps = 8733 | Learner Walltime = 1703.419 | Min Dist = 0.367 | Min Dist 10 = 0.594 | Min Dist 100 = 1.085 | Min Dist 1000 = 2.097 | Steps Per Second = 76.751 | Success = 1.000 | Success 1000 = 0.743
I0502 15:34:41.337924 139579566835264 terminal.py:91] [Evaluator] Actor Episodes = 11387 | Actor Steps = 569350 | Delta Dist = 11.091 | Delta Dist 10 = 11.568 | Delta Dist 100 = 11.271 | Delta Dist 1000 = 10.043 | Episode Length = 50 | Episode Return = 12.0 | Evaluator Episodes = 2864 | Evaluator Steps = 143200 | Final Dist = 1.716 | Final Dist 10 = 1.238 | Final Dist 100 = 1.536 | Final Dist 1000 = 2.763 | Init Dist = 12.806 | Init Dist 10 = 12.806 | Init Dist 100 = 12.806 | Init Dist 1000 = 12.806 | Learner Steps = 8738 | Learner Walltime = 1704.477 | Min Dist = 0.110 | Min Dist 10 = 0.611 | Min Dist 100 = 0.889 | Min Dist 1000 = 2.097 | Steps Per Second = 91.300 | Success = 1.000 | Success 1000 = 0.743
I0502 15:34:42.400295 139579566835264 terminal.py:91] [Evaluator] Actor Episodes = 11393 | Actor Steps = 569650 | Delta Dist = 11.868 | Delta Dist 10 = 10.760 | Delta Dist 100 = 11.164 | Delta Dist 1000 = 10.031 | Episode Length = 50 | Episode Return = 18.0 | Evaluator Episodes = 2866 | Evaluator Steps = 143300 | Final Dist = 0.939 | Final Dist 10 = 2.046 | Final Dist 100 = 1.642 | Final Dist 1000 = 2.775 | Init Dist = 12.806 | Init Dist 10 = 12.806 | Init Dist 100 = 12.806 | Init Dist 1000 = 12.806 | Learner Steps = 8743 | Learner Walltime = 1705.609 | Min Dist = 0.118 | Min Dist 10 = 1.270 | Min Dist 100 = 0.976 | Min Dist 1000 = 2.107 | Steps Per Second = 90.147 | Success = 1.000 | Success 1000 = 0.742
I0502 15:34:43.706948 139579566835264 terminal.py:91] [Evaluator] Actor Episodes = 11401 | Actor Steps = 570050 | Delta Dist = 5.017 | Delta Dist 10 = 10.763 | Delta Dist 100 = 11.172 | Delta Dist 1000 = 10.044 | Episode Length = 50 | Episode Return = 0.0 | Evaluator Episodes = 2868 | Evaluator Steps = 143400 | Final Dist = 7.789 | Final Dist 10 = 2.043 | Final Dist 100 = 1.634 | Final Dist 1000 = 2.763 | Init Dist = 12.806 | Init Dist 10 = 12.806 | Init Dist 100 = 12.806 | Init Dist 1000 = 12.806 | Learner Steps = 8755 | Learner Walltime = 1707.852 | Min Dist = 7.708 | Min Dist 10 = 1.246 | Min Dist 100 = 0.971 | Min Dist 1000 = 2.097 | Steps Per Second = 78.232 | Success = 0.000 | Success 1000 = 0.743
I0502 15:34:44.607421 139555013154368 terminal.py:91] [Learner] Actor Episodes = 11401 | Actor Loss = 3.5822913646698 | Actor Steps = 570050 | Binary Accuracy = 0.996039628982544 | Categorical Accuracy = 0.41668701171875 | Critic Loss = 1.9762911796569824 | Entropy Mean = -17.39200210571289 | Evaluator Episodes = 2866 | Evaluator Steps = 143300 | Learner Steps = 8760 | Learner Walltime = 1708.800 | Logits Neg = -15.964008331298828 | Logits Pos = -1.9741154909133911 | Logsumexp = 1.2296183109283447 | Steps Per Second = 1404.465
I0502 15:34:44.916376 139579566835264 terminal.py:91] [Evaluator] Actor Episodes = 11409 | Actor Steps = 570450 | Delta Dist = 4.930 | Delta Dist 10 = 9.269 | Delta Dist 100 = 11.018 | Delta Dist 1000 = 10.029 | Episode Length = 50 | Episode Return = 0.0 | Evaluator Episodes = 2870 | Evaluator Steps = 143500 | Final Dist = 7.876 | Final Dist 10 = 3.537 | Final Dist 100 = 1.788 | Final Dist 1000 = 2.777 | Init Dist = 12.806 | Init Dist 10 = 12.806 | Init Dist 100 = 12.806 | Init Dist 1000 = 12.806 | Learner Steps = 8755 | Learner Walltime = 1707.852 | Min Dist = 7.700 | Min Dist 10 = 2.742 | Min Dist 100 = 1.125 | Min Dist 1000 = 2.111 | Steps Per Second = 86.215 | Success = 0.000 | Success 1000 = 0.741
I0502 15:34:46.045463 139579566835264 terminal.py:91] [Evaluator] Actor Episodes = 11417 | Actor Steps = 570850 | Delta Dist = 11.638 | Delta Dist 10 = 8.493 | Delta Dist 100 = 11.009 | Delta Dist 1000 = 10.022 | Episode Length = 50 | Episode Return = 12.0 | Evaluator Episodes = 2872 | Evaluator Steps = 143600 | Final Dist = 1.168 | Final Dist 10 = 4.313 | Final Dist 100 = 1.798 | Final Dist 1000 = 2.784 | Init Dist = 12.806 | Init Dist 10 = 12.806 | Init Dist 100 = 12.806 | Init Dist 1000 = 12.806 | Learner Steps = 8761 | Learner Walltime = 1709.168 | Min Dist = 0.164 | Min Dist 10 = 3.603 | Min Dist 100 = 1.144 | Min Dist 1000 = 2.120 | Steps Per Second = 87.943 | Success = 1.000 | Success 1000 = 0.739
I0502 15:34:47.001901 139558059398720 terminal.py:91] [Actor] Actor Episodes = 11422 | Actor Steps = 571100 | Delta Dist = 0.712 | Delta Dist 10 = 4.971 | Delta Dist 100 = 4.653 | Delta Dist 1000 = 4.361 | Episode Length = 50 | Episode Return = 35.0 | Evaluator Episodes = 2872 | Evaluator Steps = 143600 | Final Dist = 0.288 | Final Dist 10 = 1.540 | Final Dist 100 = 1.356 | Final Dist 1000 = 1.520 | Init Dist = 1.000 | Init Dist 10 = 6.511 | Init Dist 100 = 6.009 | Init Dist 1000 = 5.881 | Learner Steps = 8767 | Learner Walltime = 1710.250 | Min Dist = 0.020 | Min Dist 10 = 0.061 | Min Dist 100 = 0.092 | Min Dist 1000 = 0.156 | Steps Per Second = 84.881 | Success = 1.000 | Success 1000 = 0.993
I0502 15:34:47.310647 139579566835264 terminal.py:91] [Evaluator] Actor Episodes = 11425 | Actor Steps = 571250 | Delta Dist = 11.451 | Delta Dist 10 = 8.606 | Delta Dist 100 = 11.009 | Delta Dist 1000 = 10.032 | Episode Length = 50 | Episode Return = 11.0 | Evaluator Episodes = 2874 | Evaluator Steps = 143700 | Final Dist = 1.355 | Final Dist 10 = 4.201 | Final Dist 100 = 1.797 | Final Dist 1000 = 2.774 | Init Dist = 12.806 | Init Dist 10 = 12.806 | Init Dist 100 = 12.806 | Init Dist 1000 = 12.806 | Learner Steps = 8773 | Learner Walltime = 1711.458 | Min Dist = 0.094 | Min Dist 10 = 3.580 | Min Dist 100 = 1.145 | Min Dist 1000 = 2.110 | Steps Per Second = 78.373 | Success = 1.000 | Success 1000 = 0.740
I0502 15:34:47.520676 139557462840896 terminal.py:91] [Actor] Actor Episodes = 11427 | Actor Steps = 571350 | Delta Dist = 5.486 | Delta Dist 10 = 4.267 | Delta Dist 100 = 4.643 | Delta Dist 1000 = 4.348 | Episode Length = 50 | Episode Return = 35.0 | Evaluator Episodes = 2874 | Evaluator Steps = 143700 | Final Dist = 1.585 | Final Dist 10 = 1.039 | Final Dist 100 = 1.188 | Final Dist 1000 = 1.521 | Init Dist = 7.071 | Init Dist 10 = 5.306 | Init Dist 100 = 5.831 | Init Dist 1000 = 5.870 | Learner Steps = 8773 | Learner Walltime = 1711.458 | Min Dist = 0.067 | Min Dist 10 = 0.118 | Min Dist 100 = 0.100 | Min Dist 1000 = 0.157 | Steps Per Second = 81.288 | Success = 1.000 | Success 1000 = 0.993
I0502 15:34:47.768012 139584504182336 lp_utils.py:96] StepsLimiter: Reached 571450 recorded steps
I0502 15:34:47.807464 139569349502528 terminal.py:91] [Actor] Actor Episodes = 11426 | Actor Steps = 571300 | Delta Dist = 3.071 | Delta Dist 10 = 4.754 | Delta Dist 100 = 4.718 | Delta Dist 1000 = 4.350 | Episode Length = 50 | Episode Return = 17.0 | Evaluator Episodes = 2872 | Evaluator Steps = 143600 | Final Dist = 1.401 | Final Dist 10 = 0.686 | Final Dist 100 = 1.103 | Final Dist 1000 = 1.521 | Init Dist = 4.472 | Init Dist 10 = 5.441 | Init Dist 100 = 5.821 | Init Dist 1000 = 5.872 | Learner Steps = 8767 | Learner Walltime = 1710.250 | Min Dist = 0.079 | Min Dist 10 = 0.124 | Min Dist 100 = 0.098 | Min Dist 1000 = 0.157 | Steps Per Second = 78.830 | Success = 1.000 | Success 1000 = 0.993
I0502 15:34:47.859879 139555860620864 terminal.py:91] [Actor] Actor Episodes = 11431 | Actor Steps = 571550 | Delta Dist = 1.782 | Delta Dist 10 = 4.454 | Delta Dist 100 = 4.728 | Delta Dist 1000 = 4.348 | Episode Length = 50 | Episode Return = 48.0 | Evaluator Episodes = 2874 | Evaluator Steps = 143700 | Final Dist = 2.341 | Final Dist 10 = 0.653 | Final Dist 100 = 1.101 | Final Dist 1000 = 1.521 | Init Dist = 4.123 | Init Dist 10 = 5.107 | Init Dist 100 = 5.830 | Init Dist 1000 = 5.869 | Learner Steps = 8773 | Learner Walltime = 1711.458 | Min Dist = 0.143 | Min Dist 10 = 0.127 | Min Dist 100 = 0.095 | Min Dist 1000 = 0.157 | Steps Per Second = 71.838 | Success = 1.000 | Success 1000 = 0.993
I0502 15:34:48.472923 139579566835264 terminal.py:91] [Evaluator] Actor Episodes = 11433 | Actor Steps = 571650 | Delta Dist = 11.414 | Delta Dist 10 = 9.655 | Delta Dist 100 = 11.015 | Delta Dist 1000 = 10.034 | Episode Length = 50 | Episode Return = 5.0 | Evaluator Episodes = 2876 | Evaluator Steps = 143800 | Final Dist = 1.392 | Final Dist 10 = 3.151 | Final Dist 100 = 1.792 | Final Dist 1000 = 2.773 | Init Dist = 12.806 | Init Dist 10 = 12.806 | Init Dist 100 = 12.806 | Init Dist 1000 = 12.806 | Learner Steps = 8773 | Learner Walltime = 1711.458 | Min Dist = 0.113 | Min Dist 10 = 2.577 | Min Dist 100 = 1.139 | Min Dist 1000 = 2.108 | Steps Per Second = 97.462 | Success = 1.000 | Success 1000 = 0.741
I0502 15:34:49.572544 139579566835264 terminal.py:91] [Evaluator] Actor Episodes = 11439 | Actor Steps = 571950 | Delta Dist = 11.495 | Delta Dist 10 = 9.605 | Delta Dist 100 = 11.047 | Delta Dist 1000 = 10.036 | Episode Length = 50 | Episode Return = 3.0 | Evaluator Episodes = 2878 | Evaluator Steps = 143900 | Final Dist = 1.311 | Final Dist 10 = 3.201 | Final Dist 100 = 1.759 | Final Dist 1000 = 2.770 | Init Dist = 12.806 | Init Dist 10 = 12.806 | Init Dist 100 = 12.806 | Init Dist 1000 = 12.806 | Learner Steps = 8779 | Learner Walltime = 1712.685 | Min Dist = 0.576 | Min Dist 10 = 2.587 | Min Dist 100 = 1.094 | Min Dist 1000 = 2.105 | Steps Per Second = 92.363 | Success = 1.000 | Success 1000 = 0.742
I0502 15:34:50.772917 139579566835264 terminal.py:91] [Evaluator] Actor Episodes = 11448 | Actor Steps = 572400 | Delta Dist = 12.597 | Delta Dist 10 = 11.032 | Delta Dist 100 = 11.043 | Delta Dist 1000 = 10.044 | Episode Length = 50 | Episode Return = 22.0 | Evaluator Episodes = 2880 | Evaluator Steps = 144000 | Final Dist = 0.209 | Final Dist 10 = 1.774 | Final Dist 100 = 1.763 | Final Dist 1000 = 2.762 | Init Dist = 12.806 | Init Dist 10 = 12.806 | Init Dist 100 = 12.806 | Init Dist 1000 = 12.806 | Learner Steps = 8792 | Learner Walltime = 1714.917 | Min Dist = 0.201 | Min Dist 10 = 1.093 | Min Dist 100 = 1.093 | Min Dist 1000 = 2.095 | Steps Per Second = 86.354 | Success = 1.000 | Success 1000 = 0.743
I0502 15:34:51.940436 139579566835264 terminal.py:91] [Evaluator] Actor Episodes = 11456 | Actor Steps = 572800 | Delta Dist = 11.426 | Delta Dist 10 = 11.843 | Delta Dist 100 = 11.053 | Delta Dist 1000 = 10.054 | Episode Length = 50 | Episode Return = 11.0 | Evaluator Episodes = 2882 | Evaluator Steps = 144100 | Final Dist = 1.381 | Final Dist 10 = 0.963 | Final Dist 100 = 1.753 | Final Dist 1000 = 2.752 | Init Dist = 12.806 | Init Dist 10 = 12.806 | Init Dist 100 = 12.806 | Init Dist 1000 = 12.806 | Learner Steps = 8797 | Learner Walltime = 1716.015 | Min Dist = 0.057 | Min Dist 10 = 0.254 | Min Dist 100 = 1.098 | Min Dist 1000 = 2.085 | Steps Per Second = 80.831 | Success = 1.000 | Success 1000 = 0.744
I0502 15:34:53.065097 139579566835264 terminal.py:91] [Evaluator] Actor Episodes = 11464 | Actor Steps = 573200 | Delta Dist = 4.965 | Delta Dist 10 = 11.788 | Delta Dist 100 = 11.050 | Delta Dist 1000 = 10.064 | Episode Length = 50 | Episode Return = 0.0 | Evaluator Episodes = 2884 | Evaluator Steps = 144200 | Final Dist = 7.841 | Final Dist 10 = 1.018 | Final Dist 100 = 1.756 | Final Dist 1000 = 2.742 | Init Dist = 12.806 | Init Dist 10 = 12.806 | Init Dist 100 = 12.806 | Init Dist 1000 = 12.806 | Learner Steps = 8803 | Learner Walltime = 1717.254 | Min Dist = 7.296 | Min Dist 10 = 0.237 | Min Dist 100 = 1.098 | Min Dist 1000 = 2.074 | Steps Per Second = 85.724 | Success = 0.000 | Success 1000 = 0.745
I0502 15:34:54.218746 139579566835264 terminal.py:91] [Evaluator] Actor Episodes = 11472 | Actor Steps = 573600 | Delta Dist = 12.480 | Delta Dist 10 = 10.556 | Delta Dist 100 = 10.917 | Delta Dist 1000 = 10.062 | Episode Length = 50 | Episode Return = 33.0 | Evaluator Episodes = 2886 | Evaluator Steps = 144300 | Final Dist = 0.326 | Final Dist 10 = 2.251 | Final Dist 100 = 1.889 | Final Dist 1000 = 2.745 | Init Dist = 12.806 | Init Dist 10 = 12.806 | Init Dist 100 = 12.806 | Init Dist 1000 = 12.806 | Learner Steps = 8803 | Learner Walltime = 1717.254 | Min Dist = 0.077 | Min Dist 10 = 1.521 | Min Dist 100 = 1.227 | Min Dist 1000 = 2.077 | Steps Per Second = 99.682 | Success = 1.000 | Success 1000 = 0.744
I0502 15:34:54.873324 139555013154368 terminal.py:91] [Learner] Actor Episodes = 11472 | Actor Loss = 3.5621047019958496 | Actor Steps = 573600 | Binary Accuracy = 0.9959938526153564 | Categorical Accuracy = 0.41552734375 | Critic Loss = 1.974537968635559 | Entropy Mean = -19.01768684387207 | Evaluator Episodes = 2886 | Evaluator Steps = 144300 | Learner Steps = 8812 | Learner Walltime = 1719.070 | Logits Neg = -15.963140487670898 | Logits Pos = -1.923704981803894 | Logsumexp = 1.1653392314910889 | Steps Per Second = 117.548
I0502 15:34:55.394725 139579566835264 terminal.py:91] [Evaluator] Actor Episodes = 11480 | Actor Steps = 574000 | Delta Dist = 11.416 | Delta Dist 10 = 10.096 | Delta Dist 100 = 10.874 | Delta Dist 1000 = 10.057 | Episode Length = 50 | Episode Return = 3.0 | Evaluator Episodes = 2888 | Evaluator Steps = 144400 | Final Dist = 1.391 | Final Dist 10 = 2.710 | Final Dist 100 = 1.933 | Final Dist 1000 = 2.749 | Init Dist = 12.806 | Init Dist 10 = 12.806 | Init Dist 100 = 12.806 | Init Dist 1000 = 12.806 | Learner Steps = 8809 | Learner Walltime = 1718.433 | Min Dist = 0.241 | Min Dist 10 = 2.083 | Min Dist 100 = 1.277 | Min Dist 1000 = 2.082 | Steps Per Second = 90.399 | Success = 1.000 | Success 1000 = 0.743
I0502 15:34:56.575788 139579566835264 terminal.py:91] [Evaluator] Actor Episodes = 11488 | Actor Steps = 574400 | Delta Dist = 11.829 | Delta Dist 10 = 10.108 | Delta Dist 100 = 10.863 | Delta Dist 1000 = 10.056 | Episode Length = 50 | Episode Return = 8.0 | Evaluator Episodes = 2890 | Evaluator Steps = 144500 | Final Dist = 0.977 | Final Dist 10 = 2.698 | Final Dist 100 = 1.943 | Final Dist 1000 = 2.750 | Init Dist = 12.806 | Init Dist 10 = 12.806 | Init Dist 100 = 12.806 | Init Dist 1000 = 12.806 | Learner Steps = 8815 | Learner Walltime = 1719.660 | Min Dist = 0.721 | Min Dist 10 = 2.075 | Min Dist 100 = 1.281 | Min Dist 1000 = 2.082 | Steps Per Second = 81.130 | Success = 1.000 | Success 1000 = 0.743
I0502 15:34:57.166364 139558059398720 terminal.py:91] [Actor] Actor Episodes = 11490 | Actor Steps = 574500 | Delta Dist = 5.995 | Delta Dist 10 = 5.200 | Delta Dist 100 = 4.158 | Delta Dist 1000 = 4.299 | Episode Length = 50 | Episode Return = 24.0 | Evaluator Episodes = 2890 | Evaluator Steps = 144500 | Final Dist = 0.329 | Final Dist 10 = 1.668 | Final Dist 100 = 1.501 | Final Dist 1000 = 1.545 | Init Dist = 6.325 | Init Dist 10 = 6.869 | Init Dist 100 = 5.659 | Init Dist 1000 = 5.844 | Learner Steps = 8822 | Learner Walltime = 1720.918 | Min Dist = 0.008 | Min Dist 10 = 0.216 | Min Dist 100 = 0.202 | Min Dist 1000 = 0.165 | Steps Per Second = 91.444 | Success = 1.000 | Success 1000 = 0.993
I0502 15:34:57.782801 139584504182336 lp_utils.py:96] StepsLimiter: Reached 574800 recorded steps
I0502 15:34:57.823269 139579566835264 terminal.py:91] [Evaluator] Actor Episodes = 11496 | Actor Steps = 574800 | Delta Dist = 9.669 | Delta Dist 10 = 9.994 | Delta Dist 100 = 10.858 | Delta Dist 1000 = 10.056 | Episode Length = 50 | Episode Return = 0.0 | Evaluator Episodes = 2892 | Evaluator Steps = 144600 | Final Dist = 3.137 | Final Dist 10 = 2.812 | Final Dist 100 = 1.948 | Final Dist 1000 = 2.750 | Init Dist = 12.806 | Init Dist 10 = 12.806 | Init Dist 100 = 12.806 | Init Dist 1000 = 12.806 | Learner Steps = 8828 | Learner Walltime = 1721.928 | Min Dist = 1.574 | Min Dist 10 = 2.093 | Min Dist 100 = 1.286 | Min Dist 1000 = 2.080 | Steps Per Second = 76.138 | Success = 0.000 | Success 1000 = 0.744
I0502 15:34:58.052560 139557462840896 terminal.py:91] [Actor] Actor Episodes = 11495 | Actor Steps = 574750 | Delta Dist = 6.533 | Delta Dist 10 = 4.359 | Delta Dist 100 = 4.137 | Delta Dist 1000 = 4.297 | Episode Length = 50 | Episode Return = 42.0 | Evaluator Episodes = 2890 | Evaluator Steps = 144500 | Final Dist = 0.176 | Final Dist 10 = 1.756 | Final Dist 100 = 1.536 | Final Dist 1000 = 1.545 | Init Dist = 6.708 | Init Dist 10 = 6.115 | Init Dist 100 = 5.673 | Init Dist 1000 = 5.842 | Learner Steps = 8822 | Learner Walltime = 1720.918 | Min Dist = 0.025 | Min Dist 10 = 0.115 | Min Dist 100 = 0.202 | Min Dist 1000 = 0.164 | Steps Per Second = 81.860 | Success = 1.000 | Success 1000 = 0.993
I0502 15:34:58.137386 139555860620864 terminal.py:91] [Actor] Actor Episodes = 11497 | Actor Steps = 574850 | Delta Dist = 7.488 | Delta Dist 10 = 4.094 | Delta Dist 100 = 4.057 | Delta Dist 1000 = 4.296 | Episode Length = 50 | Episode Return = 47.0 | Evaluator Episodes = 2890 | Evaluator Steps = 144500 | Final Dist = 0.575 | Final Dist 10 = 1.707 | Final Dist 100 = 1.603 | Final Dist 1000 = 1.551 | Init Dist = 8.062 | Init Dist 10 = 5.801 | Init Dist 100 = 5.660 | Init Dist 1000 = 5.847 | Learner Steps = 8822 | Learner Walltime = 1720.918 | Min Dist = 0.174 | Min Dist 10 = 0.114 | Min Dist 100 = 0.201 | Min Dist 1000 = 0.164 | Steps Per Second = 88.150 | Success = 1.000 | Success 1000 = 0.993
I0502 15:34:58.361017 139569349502528 terminal.py:91] [Actor] Actor Episodes = 11498 | Actor Steps = 574900 | Delta Dist = 3.964 | Delta Dist 10 = 4.531 | Delta Dist 100 = 4.087 | Delta Dist 1000 = 4.294 | Episode Length = 50 | Episode Return = 43.0 | Evaluator Episodes = 2892 | Evaluator Steps = 144600 | Final Dist = 0.278 | Final Dist 10 = 1.664 | Final Dist 100 = 1.594 | Final Dist 1000 = 1.550 | Init Dist = 4.243 | Init Dist 10 = 6.195 | Init Dist 100 = 5.681 | Init Dist 1000 = 5.844 | Learner Steps = 8828 | Learner Walltime = 1721.928 | Min Dist = 0.068 | Min Dist 10 = 0.054 | Min Dist 100 = 0.201 | Min Dist 1000 = 0.164 | Steps Per Second = 85.419 | Success = 1.000 | Success 1000 = 0.993
I0502 15:34:58.965703 139579566835264 terminal.py:91] [Evaluator] Actor Episodes = 11504 | Actor Steps = 575200 | Delta Dist = 11.458 | Delta Dist 10 = 9.778 | Delta Dist 100 = 10.823 | Delta Dist 1000 = 10.070 | Episode Length = 50 | Episode Return = 10.0 | Evaluator Episodes = 2894 | Evaluator Steps = 144700 | Final Dist = 1.348 | Final Dist 10 = 3.028 | Final Dist 100 = 1.984 | Final Dist 1000 = 2.736 | Init Dist = 12.806 | Init Dist 10 = 12.806 | Init Dist 100 = 12.806 | Init Dist 1000 = 12.806 | Learner Steps = 8833 | Learner Walltime = 1722.959 | Min Dist = 0.233 | Min Dist 10 = 2.265 | Min Dist 100 = 1.303 | Min Dist 1000 = 2.066 | Steps Per Second = 84.055 | Success = 1.000 | Success 1000 = 0.745
I0502 15:35:00.132394 139579566835264 terminal.py:91] [Evaluator] Actor Episodes = 11512 | Actor Steps = 575600 | Delta Dist = 11.107 | Delta Dist 10 = 11.099 | Delta Dist 100 = 10.832 | Delta Dist 1000 = 10.081 | Episode Length = 50 | Episode Return = 7.0 | Evaluator Episodes = 2896 | Evaluator Steps = 144800 | Final Dist = 1.699 | Final Dist 10 = 1.707 | Final Dist 100 = 1.974 | Final Dist 1000 = 2.725 | Init Dist = 12.806 | Init Dist 10 = 12.806 | Init Dist 100 = 12.806 | Init Dist 1000 = 12.806 | Learner Steps = 8839 | Learner Walltime = 1724.034 | Min Dist = 0.229 | Min Dist 10 = 0.982 | Min Dist 100 = 1.303 | Min Dist 1000 = 2.055 | Steps Per Second = 91.051 | Success = 1.000 | Success 1000 = 0.746
I0502 15:35:01.344734 139579566835264 terminal.py:91] [Evaluator] Actor Episodes = 11520 | Actor Steps = 576000 | Delta Dist = 11.561 | Delta Dist 10 = 11.522 | Delta Dist 100 = 10.821 | Delta Dist 1000 = 10.091 | Episode Length = 50 | Episode Return = 9.0 | Evaluator Episodes = 2898 | Evaluator Steps = 144900 | Final Dist = 1.246 | Final Dist 10 = 1.284 | Final Dist 100 = 1.985 | Final Dist 1000 = 2.716 | Init Dist = 12.806 | Init Dist 10 = 12.806 | Init Dist 100 = 12.806 | Init Dist 1000 = 12.806 | Learner Steps = 8844 | Learner Walltime = 1725.098 | Min Dist = 0.085 | Min Dist 10 = 0.422 | Min Dist 100 = 1.300 | Min Dist 1000 = 2.045 | Steps Per Second = 80.739 | Success = 1.000 | Success 1000 = 0.747
I0502 15:35:02.449280 139579566835264 terminal.py:91] [Evaluator] Actor Episodes = 11528 | Actor Steps = 576400 | Delta Dist = 11.993 | Delta Dist 10 = 10.520 | Delta Dist 100 = 10.711 | Delta Dist 1000 = 10.090 | Episode Length = 50 | Episode Return = 14.0 | Evaluator Episodes = 2900 | Evaluator Steps = 145000 | Final Dist = 0.813 | Final Dist 10 = 2.286 | Final Dist 100 = 2.095 | Final Dist 1000 = 2.716 | Init Dist = 12.806 | Init Dist 10 = 12.806 | Init Dist 100 = 12.806 | Init Dist 1000 = 12.806 | Learner Steps = 8850 | Learner Walltime = 1726.208 | Min Dist = 0.251 | Min Dist 10 = 1.453 | Min Dist 100 = 1.401 | Min Dist 1000 = 2.045 | Steps Per Second = 80.829 | Success = 1.000 | Success 1000 = 0.747
I0502 15:35:03.659102 139579566835264 terminal.py:91] [Evaluator] Actor Episodes = 11536 | Actor Steps = 576800 | Delta Dist = 11.858 | Delta Dist 10 = 9.926 | Delta Dist 100 = 10.647 | Delta Dist 1000 = 10.103 | Episode Length = 50 | Episode Return = 11.0 | Evaluator Episodes = 2902 | Evaluator Steps = 145100 | Final Dist = 0.948 | Final Dist 10 = 2.880 | Final Dist 100 = 2.159 | Final Dist 1000 = 2.703 | Init Dist = 12.806 | Init Dist 10 = 12.806 | Init Dist 100 = 12.806 | Init Dist 1000 = 12.806 | Learner Steps = 8856 | Learner Walltime = 1727.473 | Min Dist = 0.688 | Min Dist 10 = 2.100 | Min Dist 100 = 1.472 | Min Dist 1000 = 2.031 | Steps Per Second = 90.871 | Success = 1.000 | Success 1000 = 0.748
I0502 15:35:04.840746 139579566835264 terminal.py:91] [Evaluator] Actor Episodes = 11544 | Actor Steps = 577200 | Delta Dist = 12.124 | Delta Dist 10 = 10.229 | Delta Dist 100 = 10.646 | Delta Dist 1000 = 10.113 | Episode Length = 50 | Episode Return = 10.0 | Evaluator Episodes = 2904 | Evaluator Steps = 145200 | Final Dist = 0.682 | Final Dist 10 = 2.577 | Final Dist 100 = 2.160 | Final Dist 1000 = 2.693 | Init Dist = 12.806 | Init Dist 10 = 12.806 | Init Dist 100 = 12.806 | Init Dist 1000 = 12.806 | Learner Steps = 8862 | Learner Walltime = 1728.649 | Min Dist = 0.166 | Min Dist 10 = 1.970 | Min Dist 100 = 1.472 | Min Dist 1000 = 2.021 | Steps Per Second = 78.176 | Success = 1.000 | Success 1000 = 0.749
I0502 15:35:04.918434 139555013154368 terminal.py:91] [Learner] Actor Episodes = 11540 | Actor Loss = 3.649024724960327 | Actor Steps = 577000 | Binary Accuracy = 0.995957612991333 | Categorical Accuracy = 0.40911865234375 | Critic Loss = 1.9860188961029053 | Entropy Mean = -19.702817916870117 | Evaluator Episodes = 2902 | Evaluator Steps = 145100 | Learner Steps = 8865 | Learner Walltime = 1729.114 | Logits Neg = -16.147933959960938 | Logits Pos = -1.9618422985076904 | Logsumexp = 1.3150731325149536 | Steps Per Second = 208.521
I0502 15:35:06.042523 139579566835264 terminal.py:91] [Evaluator] Actor Episodes = 11552 | Actor Steps = 577600 | Delta Dist = 3.647 | Delta Dist 10 = 10.240 | Delta Dist 100 = 10.650 | Delta Dist 1000 = 10.113 | Episode Length = 50 | Episode Return = 0.0 | Evaluator Episodes = 2906 | Evaluator Steps = 145300 | Final Dist = 9.160 | Final Dist 10 = 2.567 | Final Dist 100 = 2.156 | Final Dist 1000 = 2.693 | Init Dist = 12.806 | Init Dist 10 = 12.806 | Init Dist 100 = 12.806 | Init Dist 1000 = 12.806 | Learner Steps = 8868 | Learner Walltime = 1729.911 | Min Dist = 6.762 | Min Dist 10 = 1.960 | Min Dist 100 = 1.470 | Min Dist 1000 = 2.021 | Steps Per Second = 89.386 | Success = 0.000 | Success 1000 = 0.749
I0502 15:35:07.207769 139579566835264 terminal.py:91] [Evaluator] Actor Episodes = 11560 | Actor Steps = 578000 | Delta Dist = 12.473 | Delta Dist 10 = 9.476 | Delta Dist 100 = 10.662 | Delta Dist 1000 = 10.105 | Episode Length = 50 | Episode Return = 6.0 | Evaluator Episodes = 2908 | Evaluator Steps = 145400 | Final Dist = 0.334 | Final Dist 10 = 3.330 | Final Dist 100 = 2.144 | Final Dist 1000 = 2.702 | Init Dist = 12.806 | Init Dist 10 = 12.806 | Init Dist 100 = 12.806 | Init Dist 1000 = 12.806 | Learner Steps = 8875 | Learner Walltime = 1730.934 | Min Dist = 0.334 | Min Dist 10 = 2.610 | Min Dist 100 = 1.464 | Min Dist 1000 = 2.027 | Steps Per Second = 87.047 | Success = 1.000 | Success 1000 = 0.748
I0502 15:35:07.468060 139558059398720 terminal.py:91] [Actor] Actor Episodes = 11557 | Actor Steps = 577850 | Delta Dist = 8.320 | Delta Dist 10 = 6.302 | Delta Dist 100 = 4.630 | Delta Dist 1000 = 4.371 | Episode Length = 50 | Episode Return = 42.0 | Evaluator Episodes = 2906 | Evaluator Steps = 145300 | Final Dist = 0.224 | Final Dist 10 = 1.198 | Final Dist 100 = 1.760 | Final Dist 1000 = 1.531 | Init Dist = 8.544 | Init Dist 10 = 7.500 | Init Dist 100 = 6.390 | Init Dist 1000 = 5.903 | Learner Steps = 8875 | Learner Walltime = 1730.934 | Min Dist = 0.097 | Min Dist 10 = 0.072 | Min Dist 100 = 0.236 | Min Dist 1000 = 0.150 | Steps Per Second = 82.317 | Success = 1.000 | Success 1000 = 0.994
I0502 15:35:07.801981 139584504182336 lp_utils.py:96] StepsLimiter: Reached 578000 recorded steps
I0502 15:35:08.253007 139579566835264 terminal.py:91] [Evaluator] Actor Episodes = 11564 | Actor Steps = 578200 | Delta Dist = 12.293 | Delta Dist 10 = 10.111 | Delta Dist 100 = 10.627 | Delta Dist 1000 = 10.100 | Episode Length = 50 | Episode Return = 18.0 | Evaluator Episodes = 2910 | Evaluator Steps = 145500 | Final Dist = 0.514 | Final Dist 10 = 2.695 | Final Dist 100 = 2.179 | Final Dist 1000 = 2.706 | Init Dist = 12.806 | Init Dist 10 = 12.806 | Init Dist 100 = 12.806 | Init Dist 1000 = 12.806 | Learner Steps = 8880 | Learner Walltime = 1732.026 | Min Dist = 0.102 | Min Dist 10 = 2.138 | Min Dist 100 = 1.522 | Min Dist 1000 = 2.033 | Steps Per Second = 85.955 | Success = 1.000 | Success 1000 = 0.747
I0502 15:35:08.323585 139557462840896 terminal.py:91] [Actor] Actor Episodes = 11568 | Actor Steps = 578400 | Delta Dist = 2.780 | Delta Dist 10 = 3.628 | Delta Dist 100 = 4.454 | Delta Dist 1000 = 4.363 | Episode Length = 50 | Episode Return = 42.0 | Evaluator Episodes = 2910 | Evaluator Steps = 145500 | Final Dist = 0.383 | Final Dist 10 = 2.548 | Final Dist 100 = 1.890 | Final Dist 1000 = 1.543 | Init Dist = 3.162 | Init Dist 10 = 6.176 | Init Dist 100 = 6.344 | Init Dist 1000 = 5.905 | Learner Steps = 8880 | Learner Walltime = 1732.026 | Min Dist = 0.075 | Min Dist 10 = 0.123 | Min Dist 100 = 0.241 | Min Dist 1000 = 0.151 | Steps Per Second = 83.805 | Success = 1.000 | Success 1000 = 0.994
I0502 15:35:08.324445 139555860620864 terminal.py:91] [Actor] Actor Episodes = 11566 | Actor Steps = 578300 | Delta Dist = 2.780 | Delta Dist 10 = 3.628 | Delta Dist 100 = 4.454 | Delta Dist 1000 = 4.363 | Episode Length = 50 | Episode Return = 49.0 | Evaluator Episodes = 2910 | Evaluator Steps = 145500 | Final Dist = 0.383 | Final Dist 10 = 2.548 | Final Dist 100 = 1.890 | Final Dist 1000 = 1.543 | Init Dist = 3.162 | Init Dist 10 = 6.176 | Init Dist 100 = 6.344 | Init Dist 1000 = 5.905 | Learner Steps = 8880 | Learner Walltime = 1732.026 | Min Dist = 0.075 | Min Dist 10 = 0.123 | Min Dist 100 = 0.241 | Min Dist 1000 = 0.151 | Steps Per Second = 82.361 | Success = 1.000 | Success 1000 = 0.994
I0502 15:35:08.589638 139569349502528 terminal.py:91] [Actor] Actor Episodes = 11563 | Actor Steps = 578150 | Delta Dist = 5.919 | Delta Dist 10 = 2.842 | Delta Dist 100 = 4.392 | Delta Dist 1000 = 4.355 | Episode Length = 50 | Episode Return = 29.0 | Evaluator Episodes = 2908 | Evaluator Steps = 145400 | Final Dist = 1.152 | Final Dist 10 = 2.887 | Final Dist 100 = 1.920 | Final Dist 1000 = 1.542 | Init Dist = 7.071 | Init Dist 10 = 5.729 | Init Dist 100 = 6.312 | Init Dist 1000 = 5.897 | Learner Steps = 8880 | Learner Walltime = 1732.026 | Min Dist = 0.042 | Min Dist 10 = 0.525 | Min Dist 100 = 0.280 | Min Dist 1000 = 0.155 | Steps Per Second = 81.343 | Success = 1.000 | Success 1000 = 0.994
I0502 15:35:09.449521 139579566835264 terminal.py:91] [Evaluator] Actor Episodes = 11572 | Actor Steps = 578600 | Delta Dist = 12.369 | Delta Dist 10 = 10.861 | Delta Dist 100 = 10.730 | Delta Dist 1000 = 10.112 | Episode Length = 50 | Episode Return = 15.0 | Evaluator Episodes = 2912 | Evaluator Steps = 145600 | Final Dist = 0.437 | Final Dist 10 = 1.945 | Final Dist 100 = 2.076 | Final Dist 1000 = 2.695 | Init Dist = 12.806 | Init Dist 10 = 12.806 | Init Dist 100 = 12.806 | Init Dist 1000 = 12.806 | Learner Steps = 8885 | Learner Walltime = 1733.050 | Min Dist = 0.077 | Min Dist 10 = 1.421 | Min Dist 100 = 1.419 | Min Dist 1000 = 2.022 | Steps Per Second = 86.489 | Success = 1.000 | Success 1000 = 0.748
I0502 15:35:10.675393 139579566835264 terminal.py:91] [Evaluator] Actor Episodes = 11580 | Actor Steps = 579000 | Delta Dist = 11.568 | Delta Dist 10 = 10.926 | Delta Dist 100 = 10.741 | Delta Dist 1000 = 10.123 | Episode Length = 50 | Episode Return = 25.0 | Evaluator Episodes = 2914 | Evaluator Steps = 145700 | Final Dist = 1.238 | Final Dist 10 = 1.880 | Final Dist 100 = 2.065 | Final Dist 1000 = 2.684 | Init Dist = 12.806 | Init Dist 10 = 12.806 | Init Dist 100 = 12.806 | Init Dist 1000 = 12.806 | Learner Steps = 8891 | Learner Walltime = 1734.256 | Min Dist = 0.094 | Min Dist 10 = 1.367 | Min Dist 100 = 1.413 | Min Dist 1000 = 2.011 | Steps Per Second = 79.970 | Success = 1.000 | Success 1000 = 0.749
I0502 15:35:11.906326 139579566835264 terminal.py:91] [Evaluator] Actor Episodes = 11588 | Actor Steps = 579400 | Delta Dist = 11.817 | Delta Dist 10 = 10.812 | Delta Dist 100 = 10.729 | Delta Dist 1000 = 10.141 | Episode Length = 50 | Episode Return = 7.0 | Evaluator Episodes = 2916 | Evaluator Steps = 145800 | Final Dist = 0.989 | Final Dist 10 = 1.995 | Final Dist 100 = 2.077 | Final Dist 1000 = 2.665 | Init Dist = 12.806 | Init Dist 10 = 12.806 | Init Dist 100 = 12.806 | Init Dist 1000 = 12.806 | Learner Steps = 8897 | Learner Walltime = 1735.435 | Min Dist = 0.211 | Min Dist 10 = 1.364 | Min Dist 100 = 1.406 | Min Dist 1000 = 1.991 | Steps Per Second = 78.995 | Success = 1.000 | Success 1000 = 0.751
I0502 15:35:13.070626 139579566835264 terminal.py:91] [Evaluator] Actor Episodes = 11596 | Actor Steps = 579800 | Delta Dist = 4.444 | Delta Dist 10 = 11.618 | Delta Dist 100 = 10.730 | Delta Dist 1000 = 10.144 | Episode Length = 50 | Episode Return = 0.0 | Evaluator Episodes = 2918 | Evaluator Steps = 145900 | Final Dist = 8.362 | Final Dist 10 = 1.188 | Final Dist 100 = 2.076 | Final Dist 1000 = 2.663 | Init Dist = 12.806 | Init Dist 10 = 12.806 | Init Dist 100 = 12.806 | Init Dist 1000 = 12.806 | Learner Steps = 8903 | Learner Walltime = 1736.485 | Min Dist = 6.985 | Min Dist 10 = 0.705 | Min Dist 100 = 1.406 | Min Dist 1000 = 1.987 | Steps Per Second = 88.582 | Success = 0.000 | Success 1000 = 0.752
I0502 15:35:14.221903 139579566835264 terminal.py:91] [Evaluator] Actor Episodes = 11604 | Actor Steps = 580200 | Delta Dist = 12.504 | Delta Dist 10 = 11.231 | Delta Dist 100 = 10.742 | Delta Dist 1000 = 10.146 | Episode Length = 50 | Episode Return = 28.0 | Evaluator Episodes = 2920 | Evaluator Steps = 146000 | Final Dist = 0.302 | Final Dist 10 = 1.575 | Final Dist 100 = 2.065 | Final Dist 1000 = 2.660 | Init Dist = 12.806 | Init Dist 10 = 12.806 | Init Dist 100 = 12.806 | Init Dist 1000 = 12.806 | Learner Steps = 8908 | Learner Walltime = 1737.560 | Min Dist = 0.065 | Min Dist 10 = 0.841 | Min Dist 100 = 1.377 | Min Dist 1000 = 1.984 | Steps Per Second = 83.686 | Success = 1.000 | Success 1000 = 0.752
I0502 15:35:15.293505 139555013154368 terminal.py:91] [Learner] Actor Episodes = 11608 | Actor Loss = 3.4622316360473633 | Actor Steps = 580400 | Binary Accuracy = 0.9960024356842041 | Categorical Accuracy = 0.411376953125 | Critic Loss = 2.023461103439331 | Entropy Mean = -19.405179977416992 | Evaluator Episodes = 2920 | Evaluator Steps = 146000 | Learner Steps = 8918 | Learner Walltime = 1739.491 | Logits Neg = -15.665063858032227 | Logits Pos = -1.9944708347320557 | Logsumexp = 1.2969876527786255 | Steps Per Second = 126.530
I0502 15:35:15.468390 139579566835264 terminal.py:91] [Evaluator] Actor Episodes = 11612 | Actor Steps = 580600 | Delta Dist = 12.238 | Delta Dist 10 = 10.454 | Delta Dist 100 = 10.678 | Delta Dist 1000 = 10.150 | Episode Length = 50 | Episode Return = 1.0 | Evaluator Episodes = 2922 | Evaluator Steps = 146100 | Final Dist = 0.568 | Final Dist 10 = 2.353 | Final Dist 100 = 2.129 | Final Dist 1000 = 2.656 | Init Dist = 12.806 | Init Dist 10 = 12.806 | Init Dist 100 = 12.806 | Init Dist 1000 = 12.806 | Learner Steps = 8915 | Learner Walltime = 1738.869 | Min Dist = 0.568 | Min Dist 10 = 1.564 | Min Dist 100 = 1.448 | Min Dist 1000 = 1.980 | Steps Per Second = 81.624 | Success = 1.000 | Success 1000 = 0.752
I0502 15:35:16.679747 139579566835264 terminal.py:91] [Evaluator] Actor Episodes = 11620 | Actor Steps = 581000 | Delta Dist = 12.767 | Delta Dist 10 = 10.445 | Delta Dist 100 = 10.697 | Delta Dist 1000 = 10.152 | Episode Length = 50 | Episode Return = 11.0 | Evaluator Episodes = 2924 | Evaluator Steps = 146200 | Final Dist = 0.039 | Final Dist 10 = 2.361 | Final Dist 100 = 2.110 | Final Dist 1000 = 2.654 | Init Dist = 12.806 | Init Dist 10 = 12.806 | Init Dist 100 = 12.806 | Init Dist 1000 = 12.806 | Learner Steps = 8921 | Learner Walltime = 1739.992 | Min Dist = 0.039 | Min Dist 10 = 1.619 | Min Dist 100 = 1.451 | Min Dist 1000 = 1.980 | Steps Per Second = 80.914 | Success = 1.000 | Success 1000 = 0.752
I0502 15:35:17.646301 139558059398720 terminal.py:91] [Actor] Actor Episodes = 11628 | Actor Steps = 581400 | Delta Dist = 6.874 | Delta Dist 10 = 4.622 | Delta Dist 100 = 4.289 | Delta Dist 1000 = 4.370 | Episode Length = 50 | Episode Return = 10.0 | Evaluator Episodes = 2924 | Evaluator Steps = 146200 | Final Dist = 1.670 | Final Dist 10 = 1.039 | Final Dist 100 = 1.487 | Final Dist 1000 = 1.528 | Init Dist = 8.544 | Init Dist 10 = 5.660 | Init Dist 100 = 5.776 | Init Dist 1000 = 5.898 | Learner Steps = 8926 | Learner Walltime = 1741.169 | Min Dist = 0.049 | Min Dist 10 = 0.148 | Min Dist 100 = 0.168 | Min Dist 1000 = 0.155 | Steps Per Second = 94.414 | Success = 1.000 | Success 1000 = 0.994
I0502 15:35:17.819822 139584504182336 lp_utils.py:96] StepsLimiter: Reached 581400 recorded steps
I0502 15:35:17.895435 139579566835264 terminal.py:91] [Evaluator] Actor Episodes = 11628 | Actor Steps = 581400 | Delta Dist = 12.687 | Delta Dist 10 = 10.632 | Delta Dist 100 = 10.716 | Delta Dist 1000 = 10.158 | Episode Length = 50 | Episode Return = 3.0 | Evaluator Episodes = 2926 | Evaluator Steps = 146300 | Final Dist = 0.119 | Final Dist 10 = 2.175 | Final Dist 100 = 2.091 | Final Dist 1000 = 2.648 | Init Dist = 12.806 | Init Dist 10 = 12.806 | Init Dist 100 = 12.806 | Init Dist 1000 = 12.806 | Learner Steps = 8926 | Learner Walltime = 1741.169 | Min Dist = 0.119 | Min Dist 10 = 1.637 | Min Dist 100 = 1.436 | Min Dist 1000 = 1.974 | Steps Per Second = 75.680 | Success = 1.000 | Success 1000 = 0.753
I0502 15:35:18.636432 139555860620864 terminal.py:91] [Actor] Actor Episodes = 11631 | Actor Steps = 581550 | Delta Dist = 10.577 | Delta Dist 10 = 2.468 | Delta Dist 100 = 4.161 | Delta Dist 1000 = 4.382 | Episode Length = 50 | Episode Return = 28.0 | Evaluator Episodes = 2926 | Evaluator Steps = 146300 | Final Dist = 0.053 | Final Dist 10 = 2.220 | Final Dist 100 = 1.568 | Final Dist 1000 = 1.527 | Init Dist = 10.630 | Init Dist 10 = 4.687 | Init Dist 100 = 5.730 | Init Dist 1000 = 5.909 | Learner Steps = 8926 | Learner Walltime = 1741.169 | Min Dist = 0.023 | Min Dist 10 = 0.077 | Min Dist 100 = 0.134 | Min Dist 1000 = 0.150 | Steps Per Second = 89.566 | Success = 1.000 | Success 1000 = 0.994
I0502 15:35:18.710525 139569349502528 terminal.py:91] [Actor] Actor Episodes = 11634 | Actor Steps = 581700 | Delta Dist = 7.109 | Delta Dist 10 = 3.410 | Delta Dist 100 = 4.257 | Delta Dist 1000 = 4.384 | Episode Length = 50 | Episode Return = 28.0 | Evaluator Episodes = 2926 | Evaluator Steps = 146300 | Final Dist = 0.102 | Final Dist 10 = 2.199 | Final Dist 100 = 1.519 | Final Dist 1000 = 1.527 | Init Dist = 7.211 | Init Dist 10 = 5.609 | Init Dist 100 = 5.776 | Init Dist 1000 = 5.910 | Learner Steps = 8933 | Learner Walltime = 1742.377 | Min Dist = 0.102 | Min Dist 10 = 0.069 | Min Dist 100 = 0.132 | Min Dist 1000 = 0.150 | Steps Per Second = 76.012 | Success = 1.000 | Success 1000 = 0.994
I0502 15:35:18.974312 139557462840896 terminal.py:91] [Actor] Actor Episodes = 11633 | Actor Steps = 581650 | Delta Dist = 2.947 | Delta Dist 10 = 4.112 | Delta Dist 100 = 4.265 | Delta Dist 1000 = 4.394 | Episode Length = 50 | Episode Return = 30.0 | Evaluator Episodes = 2926 | Evaluator Steps = 146300 | Final Dist = 0.215 | Final Dist 10 = 2.270 | Final Dist 100 = 1.509 | Final Dist 1000 = 1.523 | Init Dist = 3.162 | Init Dist 10 = 6.383 | Init Dist 100 = 5.774 | Init Dist 1000 = 5.918 | Learner Steps = 8933 | Learner Walltime = 1742.377 | Min Dist = 0.086 | Min Dist 10 = 0.068 | Min Dist 100 = 0.130 | Min Dist 1000 = 0.150 | Steps Per Second = 73.543 | Success = 1.000 | Success 1000 = 0.995
I0502 15:35:19.241505 139579566835264 terminal.py:91] [Evaluator] Actor Episodes = 11636 | Actor Steps = 581800 | Delta Dist = 11.506 | Delta Dist 10 = 10.012 | Delta Dist 100 = 10.652 | Delta Dist 1000 = 10.162 | Episode Length = 50 | Episode Return = 16.0 | Evaluator Episodes = 2928 | Evaluator Steps = 146400 | Final Dist = 1.300 | Final Dist 10 = 2.794 | Final Dist 100 = 2.154 | Final Dist 1000 = 2.644 | Init Dist = 12.806 | Init Dist 10 = 12.806 | Init Dist 100 = 12.806 | Init Dist 1000 = 12.806 | Learner Steps = 8933 | Learner Walltime = 1742.377 | Min Dist = 0.098 | Min Dist 10 = 2.335 | Min Dist 100 = 1.505 | Min Dist 1000 = 1.971 | Steps Per Second = 73.588 | Success = 1.000 | Success 1000 = 0.753
I0502 15:35:20.402579 139579566835264 terminal.py:91] [Evaluator] Actor Episodes = 11644 | Actor Steps = 582200 | Delta Dist = 11.476 | Delta Dist 10 = 10.820 | Delta Dist 100 = 10.689 | Delta Dist 1000 = 10.172 | Episode Length = 50 | Episode Return = 11.0 | Evaluator Episodes = 2930 | Evaluator Steps = 146500 | Final Dist = 1.330 | Final Dist 10 = 1.986 | Final Dist 100 = 2.117 | Final Dist 1000 = 2.634 | Init Dist = 12.806 | Init Dist 10 = 12.806 | Init Dist 100 = 12.806 | Init Dist 1000 = 12.806 | Learner Steps = 8939 | Learner Walltime = 1743.624 | Min Dist = 0.351 | Min Dist 10 = 1.657 | Min Dist 100 = 1.465 | Min Dist 1000 = 1.961 | Steps Per Second = 96.187 | Success = 1.000 | Success 1000 = 0.754
I0502 15:35:21.604739 139579566835264 terminal.py:91] [Evaluator] Actor Episodes = 11652 | Actor Steps = 582600 | Delta Dist = 11.573 | Delta Dist 10 = 11.442 | Delta Dist 100 = 10.682 | Delta Dist 1000 = 10.172 | Episode Length = 50 | Episode Return = 15.0 | Evaluator Episodes = 2932 | Evaluator Steps = 146600 | Final Dist = 1.233 | Final Dist 10 = 1.364 | Final Dist 100 = 2.124 | Final Dist 1000 = 2.635 | Init Dist = 12.806 | Init Dist 10 = 12.806 | Init Dist 100 = 12.806 | Init Dist 1000 = 12.806 | Learner Steps = 8950 | Learner Walltime = 1745.792 | Min Dist = 0.055 | Min Dist 10 = 0.994 | Min Dist 100 = 1.468 | Min Dist 1000 = 1.961 | Steps Per Second = 83.310 | Success = 1.000 | Success 1000 = 0.754
I0502 15:35:22.798680 139579566835264 terminal.py:91] [Evaluator] Actor Episodes = 11662 | Actor Steps = 583100 | Delta Dist = 12.354 | Delta Dist 10 = 10.727 | Delta Dist 100 = 10.691 | Delta Dist 1000 = 10.175 | Episode Length = 50 | Episode Return = 18.0 | Evaluator Episodes = 2934 | Evaluator Steps = 146700 | Final Dist = 0.452 | Final Dist 10 = 2.079 | Final Dist 100 = 2.116 | Final Dist 1000 = 2.632 | Init Dist = 12.806 | Init Dist 10 = 12.806 | Init Dist 100 = 12.806 | Init Dist 1000 = 12.806 | Learner Steps = 8956 | Learner Walltime = 1746.970 | Min Dist = 0.069 | Min Dist 10 = 1.511 | Min Dist 100 = 1.465 | Min Dist 1000 = 1.956 | Steps Per Second = 82.526 | Success = 1.000 | Success 1000 = 0.754
I0502 15:35:23.954360 139579566835264 terminal.py:91] [Evaluator] Actor Episodes = 11670 | Actor Steps = 583500 | Delta Dist = 10.997 | Delta Dist 10 = 10.676 | Delta Dist 100 = 10.694 | Delta Dist 1000 = 10.176 | Episode Length = 50 | Episode Return = 1.0 | Evaluator Episodes = 2936 | Evaluator Steps = 146800 | Final Dist = 1.809 | Final Dist 10 = 2.130 | Final Dist 100 = 2.112 | Final Dist 1000 = 2.630 | Init Dist = 12.806 | Init Dist 10 = 12.806 | Init Dist 100 = 12.806 | Init Dist 1000 = 12.806 | Learner Steps = 8962 | Learner Walltime = 1748.142 | Min Dist = 0.645 | Min Dist 10 = 1.483 | Min Dist 100 = 1.464 | Min Dist 1000 = 1.954 | Steps Per Second = 84.869 | Success = 1.000 | Success 1000 = 0.755
I0502 15:35:25.027990 139579566835264 terminal.py:91] [Evaluator] Actor Episodes = 11676 | Actor Steps = 583800 | Delta Dist = 12.714 | Delta Dist 10 = 11.132 | Delta Dist 100 = 10.673 | Delta Dist 1000 = 10.186 | Episode Length = 50 | Episode Return = 14.0 | Evaluator Episodes = 2938 | Evaluator Steps = 146900 | Final Dist = 0.092 | Final Dist 10 = 1.675 | Final Dist 100 = 2.133 | Final Dist 1000 = 2.621 | Init Dist = 12.806 | Init Dist 10 = 12.806 | Init Dist 100 = 12.806 | Init Dist 1000 = 12.806 | Learner Steps = 8962 | Learner Walltime = 1748.142 | Min Dist = 0.092 | Min Dist 10 = 0.853 | Min Dist 100 = 1.469 | Min Dist 1000 = 1.944 | Steps Per Second = 86.280 | Success = 1.000 | Success 1000 = 0.756
I0502 15:35:25.295826 139555013154368 terminal.py:91] [Learner] Actor Episodes = 11676 | Actor Loss = 3.6023387908935547 | Actor Steps = 583800 | Binary Accuracy = 0.9961223602294922 | Categorical Accuracy = 0.42926025390625 | Critic Loss = 1.9532155990600586 | Entropy Mean = -17.4757022857666 | Evaluator Episodes = 2938 | Evaluator Steps = 146900 | Learner Steps = 8971 | Learner Walltime = 1749.493 | Logits Neg = -16.03475570678711 | Logits Pos = -1.9827035665512085 | Logsumexp = 1.1647632122039795 | Steps Per Second = 609.084
I0502 15:35:26.252351 139579566835264 terminal.py:91] [Evaluator] Actor Episodes = 11684 | Actor Steps = 584200 | Delta Dist = 12.542 | Delta Dist 10 = 11.316 | Delta Dist 100 = 10.695 | Delta Dist 1000 = 10.206 | Episode Length = 50 | Episode Return = 9.0 | Evaluator Episodes = 2940 | Evaluator Steps = 147000 | Final Dist = 0.264 | Final Dist 10 = 1.491 | Final Dist 100 = 2.111 | Final Dist 1000 = 2.600 | Init Dist = 12.806 | Init Dist 10 = 12.806 | Init Dist 100 = 12.806 | Init Dist 1000 = 12.806 | Learner Steps = 8968 | Learner Walltime = 1749.260 | Min Dist = 0.258 | Min Dist 10 = 0.790 | Min Dist 100 = 1.464 | Min Dist 1000 = 1.924 | Steps Per Second = 83.566 | Success = 1.000 | Success 1000 = 0.758
I0502 15:35:27.290069 139579566835264 terminal.py:91] [Evaluator] Actor Episodes = 11690 | Actor Steps = 584500 | Delta Dist = 1.272 | Delta Dist 10 = 10.385 | Delta Dist 100 = 10.598 | Delta Dist 1000 = 10.198 | Episode Length = 50 | Episode Return = 0.0 | Evaluator Episodes = 2942 | Evaluator Steps = 147100 | Final Dist = 11.534 | Final Dist 10 = 2.422 | Final Dist 100 = 2.208 | Final Dist 1000 = 2.609 | Init Dist = 12.806 | Init Dist 10 = 12.806 | Init Dist 100 = 12.806 | Init Dist 1000 = 12.806 | Learner Steps = 8975 | Learner Walltime = 1750.478 | Min Dist = 10.741 | Min Dist 10 = 1.866 | Min Dist 100 = 1.571 | Min Dist 1000 = 1.934 | Steps Per Second = 91.874 | Success = 0.000 | Success 1000 = 0.757
I0502 15:35:27.842137 139584504182336 lp_utils.py:96] StepsLimiter: Reached 584700 recorded steps
I0502 15:35:27.961361 139558059398720 terminal.py:91] [Actor] Actor Episodes = 11693 | Actor Steps = 584650 | Delta Dist = 3.101 | Delta Dist 10 = 4.895 | Delta Dist 100 = 4.094 | Delta Dist 1000 = 4.370 | Episode Length = 50 | Episode Return = 25.0 | Evaluator Episodes = 2942 | Evaluator Steps = 147100 | Final Dist = 1.022 | Final Dist 10 = 0.843 | Final Dist 100 = 1.713 | Final Dist 1000 = 1.561 | Init Dist = 4.123 | Init Dist 10 = 5.738 | Init Dist 100 = 5.807 | Init Dist 1000 = 5.931 | Learner Steps = 8975 | Learner Walltime = 1750.478 | Min Dist = 0.061 | Min Dist 10 = 0.129 | Min Dist 100 = 0.136 | Min Dist 1000 = 0.156 | Steps Per Second = 85.128 | Success = 1.000 | Success 1000 = 0.994
I0502 15:35:28.432092 139579566835264 terminal.py:91] [Evaluator] Actor Episodes = 11698 | Actor Steps = 584900 | Delta Dist = 12.585 | Delta Dist 10 = 10.024 | Delta Dist 100 = 10.586 | Delta Dist 1000 = 10.203 | Episode Length = 50 | Episode Return = 16.0 | Evaluator Episodes = 2944 | Evaluator Steps = 147200 | Final Dist = 0.222 | Final Dist 10 = 2.782 | Final Dist 100 = 2.220 | Final Dist 1000 = 2.603 | Init Dist = 12.806 | Init Dist 10 = 12.806 | Init Dist 100 = 12.806 | Init Dist 1000 = 12.806 | Learner Steps = 8982 | Learner Walltime = 1751.718 | Min Dist = 0.153 | Min Dist 10 = 2.359 | Min Dist 100 = 1.578 | Min Dist 1000 = 1.929 | Steps Per Second = 88.273 | Success = 1.000 | Success 1000 = 0.758
I0502 15:35:28.777868 139555860620864 terminal.py:91] [Actor] Actor Episodes = 11702 | Actor Steps = 585100 | Delta Dist = 5.669 | Delta Dist 10 = 2.885 | Delta Dist 100 = 3.868 | Delta Dist 1000 = 4.350 | Episode Length = 50 | Episode Return = 28.0 | Evaluator Episodes = 2944 | Evaluator Steps = 147200 | Final Dist = 0.656 | Final Dist 10 = 1.502 | Final Dist 100 = 1.780 | Final Dist 1000 = 1.559 | Init Dist = 6.325 | Init Dist 10 = 4.387 | Init Dist 100 = 5.648 | Init Dist 1000 = 5.909 | Learner Steps = 8988 | Learner Walltime = 1752.886 | Min Dist = 0.031 | Min Dist 10 = 0.184 | Min Dist 100 = 0.144 | Min Dist 1000 = 0.156 | Steps Per Second = 83.810 | Success = 1.000 | Success 1000 = 0.994
I0502 15:35:29.209082 139569349502528 terminal.py:91] [Actor] Actor Episodes = 11704 | Actor Steps = 585200 | Delta Dist = 5.965 | Delta Dist 10 = 3.484 | Delta Dist 100 = 3.909 | Delta Dist 1000 = 4.348 | Episode Length = 50 | Episode Return = 47.0 | Evaluator Episodes = 2944 | Evaluator Steps = 147200 | Final Dist = 0.118 | Final Dist 10 = 1.424 | Final Dist 100 = 1.721 | Final Dist 1000 = 1.559 | Init Dist = 6.083 | Init Dist 10 = 4.909 | Init Dist 100 = 5.631 | Init Dist 1000 = 5.907 | Learner Steps = 8988 | Learner Walltime = 1752.886 | Min Dist = 0.055 | Min Dist 10 = 0.131 | Min Dist 100 = 0.143 | Min Dist 1000 = 0.156 | Steps Per Second = 82.694 | Success = 1.000 | Success 1000 = 0.994
I0502 15:35:29.210640 139557462840896 terminal.py:91] [Actor] Actor Episodes = 11706 | Actor Steps = 585300 | Delta Dist = 5.965 | Delta Dist 10 = 3.484 | Delta Dist 100 = 3.909 | Delta Dist 1000 = 4.348 | Episode Length = 50 | Episode Return = 12.0 | Evaluator Episodes = 2944 | Evaluator Steps = 147200 | Final Dist = 0.118 | Final Dist 10 = 1.424 | Final Dist 100 = 1.721 | Final Dist 1000 = 1.559 | Init Dist = 6.083 | Init Dist 10 = 4.909 | Init Dist 100 = 5.631 | Init Dist 1000 = 5.907 | Learner Steps = 8988 | Learner Walltime = 1752.886 | Min Dist = 0.055 | Min Dist 10 = 0.131 | Min Dist 100 = 0.143 | Min Dist 1000 = 0.156 | Steps Per Second = 86.667 | Success = 1.000 | Success 1000 = 0.994
I0502 15:35:29.580645 139579566835264 terminal.py:91] [Evaluator] Actor Episodes = 11706 | Actor Steps = 585300 | Delta Dist = 12.114 | Delta Dist 10 = 10.007 | Delta Dist 100 = 10.597 | Delta Dist 1000 = 10.204 | Episode Length = 50 | Episode Return = 8.0 | Evaluator Episodes = 2946 | Evaluator Steps = 147300 | Final Dist = 0.692 | Final Dist 10 = 2.799 | Final Dist 100 = 2.210 | Final Dist 1000 = 2.603 | Init Dist = 12.806 | Init Dist 10 = 12.806 | Init Dist 100 = 12.806 | Init Dist 1000 = 12.806 | Learner Steps = 8988 | Learner Walltime = 1752.886 | Min Dist = 0.113 | Min Dist 10 = 2.365 | Min Dist 100 = 1.577 | Min Dist 1000 = 1.929 | Steps Per Second = 93.330 | Success = 1.000 | Success 1000 = 0.758
I0502 15:35:30.693714 139579566835264 terminal.py:91] [Evaluator] Actor Episodes = 11714 | Actor Steps = 585700 | Delta Dist = 11.393 | Delta Dist 10 = 10.211 | Delta Dist 100 = 10.602 | Delta Dist 1000 = 10.204 | Episode Length = 50 | Episode Return = 16.0 | Evaluator Episodes = 2948 | Evaluator Steps = 147400 | Final Dist = 1.413 | Final Dist 10 = 2.595 | Final Dist 100 = 2.205 | Final Dist 1000 = 2.602 | Init Dist = 12.806 | Init Dist 10 = 12.806 | Init Dist 100 = 12.806 | Init Dist 1000 = 12.806 | Learner Steps = 8994 | Learner Walltime = 1754.053 | Min Dist = 0.007 | Min Dist 10 = 2.297 | Min Dist 100 = 1.572 | Min Dist 1000 = 1.929 | Steps Per Second = 88.949 | Success = 1.000 | Success 1000 = 0.758
I0502 15:35:31.956116 139579566835264 terminal.py:91] [Evaluator] Actor Episodes = 11722 | Actor Steps = 586100 | Delta Dist = 11.242 | Delta Dist 10 = 9.983 | Delta Dist 100 = 10.590 | Delta Dist 1000 = 10.212 | Episode Length = 50 | Episode Return = 11.0 | Evaluator Episodes = 2950 | Evaluator Steps = 147500 | Final Dist = 1.564 | Final Dist 10 = 2.823 | Final Dist 100 = 2.216 | Final Dist 1000 = 2.594 | Init Dist = 12.806 | Init Dist 10 = 12.806 | Init Dist 100 = 12.806 | Init Dist 1000 = 12.806 | Learner Steps = 9001 | Learner Walltime = 1755.353 | Min Dist = 0.212 | Min Dist 10 = 2.304 | Min Dist 100 = 1.569 | Min Dist 1000 = 1.918 | Steps Per Second = 80.757 | Success = 1.000 | Success 1000 = 0.759
I0502 15:35:33.082529 139579566835264 terminal.py:91] [Evaluator] Actor Episodes = 11730 | Actor Steps = 586500 | Delta Dist = 12.118 | Delta Dist 10 = 10.949 | Delta Dist 100 = 10.593 | Delta Dist 1000 = 10.232 | Episode Length = 50 | Episode Return = 15.0 | Evaluator Episodes = 2952 | Evaluator Steps = 147600 | Final Dist = 0.689 | Final Dist 10 = 1.857 | Final Dist 100 = 2.213 | Final Dist 1000 = 2.574 | Init Dist = 12.806 | Init Dist 10 = 12.806 | Init Dist 100 = 12.806 | Init Dist 1000 = 12.806 | Learner Steps = 9008 | Learner Walltime = 1756.648 | Min Dist = 0.197 | Min Dist 10 = 1.196 | Min Dist 100 = 1.569 | Min Dist 1000 = 1.898 | Steps Per Second = 90.553 | Success = 1.000 | Success 1000 = 0.761
I0502 15:35:34.238411 139579566835264 terminal.py:91] [Evaluator] Actor Episodes = 11738 | Actor Steps = 586900 | Delta Dist = 11.516 | Delta Dist 10 = 11.997 | Delta Dist 100 = 10.609 | Delta Dist 1000 = 10.244 | Episode Length = 50 | Episode Return = 8.0 | Evaluator Episodes = 2954 | Evaluator Steps = 147700 | Final Dist = 1.290 | Final Dist 10 = 0.809 | Final Dist 100 = 2.197 | Final Dist 1000 = 2.562 | Init Dist = 12.806 | Init Dist 10 = 12.806 | Init Dist 100 = 12.806 | Init Dist 1000 = 12.806 | Learner Steps = 9014 | Learner Walltime = 1757.781 | Min Dist = 0.493 | Min Dist 10 = 0.145 | Min Dist 100 = 1.566 | Min Dist 1000 = 1.888 | Steps Per Second = 89.539 | Success = 1.000 | Success 1000 = 0.762
I0502 15:35:35.357723 139555013154368 terminal.py:91] [Learner] Actor Episodes = 11740 | Actor Loss = 3.6136436462402344 | Actor Steps = 587000 | Binary Accuracy = 0.996056318283081 | Categorical Accuracy = 0.40869140625 | Critic Loss = 2.0329396724700928 | Entropy Mean = -18.20595932006836 | Evaluator Episodes = 2954 | Evaluator Steps = 147700 | Learner Steps = 9023 | Learner Walltime = 1759.550 | Logits Neg = -15.936338424682617 | Logits Pos = -2.041785955429077 | Logsumexp = 1.2290375232696533 | Steps Per Second = 222.350
I0502 15:35:35.369564 139579566835264 terminal.py:91] [Evaluator] Actor Episodes = 11744 | Actor Steps = 587200 | Delta Dist = 11.933 | Delta Dist 10 = 11.836 | Delta Dist 100 = 10.627 | Delta Dist 1000 = 10.254 | Episode Length = 50 | Episode Return = 11.0 | Evaluator Episodes = 2956 | Evaluator Steps = 147800 | Final Dist = 0.873 | Final Dist 10 = 0.971 | Final Dist 100 = 2.179 | Final Dist 1000 = 2.553 | Init Dist = 12.806 | Init Dist 10 = 12.806 | Init Dist 100 = 12.806 | Init Dist 1000 = 12.806 | Learner Steps = 9020 | Learner Walltime = 1758.947 | Min Dist = 0.179 | Min Dist 10 = 0.211 | Min Dist 100 = 1.537 | Min Dist 1000 = 1.878 | Steps Per Second = 88.716 | Success = 1.000 | Success 1000 = 0.763
I0502 15:35:36.540681 139579566835264 terminal.py:91] [Evaluator] Actor Episodes = 11752 | Actor Steps = 587600 | Delta Dist = 4.531 | Delta Dist 10 = 11.724 | Delta Dist 100 = 10.616 | Delta Dist 1000 = 10.256 | Episode Length = 50 | Episode Return = 0.0 | Evaluator Episodes = 2958 | Evaluator Steps = 147900 | Final Dist = 8.275 | Final Dist 10 = 1.082 | Final Dist 100 = 2.190 | Final Dist 1000 = 2.550 | Init Dist = 12.806 | Init Dist 10 = 12.806 | Init Dist 100 = 12.806 | Init Dist 1000 = 12.806 | Learner Steps = 9026 | Learner Walltime = 1760.111 | Min Dist = 6.212 | Min Dist 10 = 0.230 | Min Dist 100 = 1.537 | Min Dist 1000 = 1.875 | Steps Per Second = 78.207 | Success = 0.000 | Success 1000 = 0.764
I0502 15:35:37.355736 139583350109760 savers.py:156] Saving checkpoint: logs/contrastive_cpc_point_FourRooms_64/5dd72662-2788-11f0-b183-d85ed38c5779/checkpoints/learner
I0502 15:35:37.650192 139579566835264 terminal.py:91] [Evaluator] Actor Episodes = 11760 | Actor Steps = 588000 | Delta Dist = 11.493 | Delta Dist 10 = 11.007 | Delta Dist 100 = 10.540 | Delta Dist 1000 = 10.257 | Episode Length = 50 | Episode Return = 1.0 | Evaluator Episodes = 2960 | Evaluator Steps = 148000 | Final Dist = 1.313 | Final Dist 10 = 1.800 | Final Dist 100 = 2.266 | Final Dist 1000 = 2.549 | Init Dist = 12.806 | Init Dist 10 = 12.806 | Init Dist 100 = 12.806 | Init Dist 1000 = 12.806 | Learner Steps = 9033 | Learner Walltime = 1761.556 | Min Dist = 0.194 | Min Dist 10 = 0.868 | Min Dist 100 = 1.596 | Min Dist 1000 = 1.871 | Steps Per Second = 92.109 | Success = 1.000 | Success 1000 = 0.765
I0502 15:35:37.865968 139584504182336 lp_utils.py:96] StepsLimiter: Reached 588000 recorded steps
I0502 15:35:37.999908 139558059398720 terminal.py:91] [Actor] Actor Episodes = 11764 | Actor Steps = 588200 | Delta Dist = 4.205 | Delta Dist 10 = 3.011 | Delta Dist 100 = 3.336 | Delta Dist 1000 = 4.307 | Episode Length = 50 | Episode Return = 44.0 | Evaluator Episodes = 2960 | Evaluator Steps = 148000 | Final Dist = 0.267 | Final Dist 10 = 0.637 | Final Dist 100 = 1.747 | Final Dist 1000 = 1.556 | Init Dist = 4.472 | Init Dist 10 = 3.648 | Init Dist 100 = 5.083 | Init Dist 1000 = 5.864 | Learner Steps = 9033 | Learner Walltime = 1761.556 | Min Dist = 0.023 | Min Dist 10 = 0.078 | Min Dist 100 = 0.157 | Min Dist 1000 = 0.160 | Steps Per Second = 71.835 | Success = 1.000 | Success 1000 = 0.994
I0502 15:35:38.810637 139579566835264 terminal.py:91] [Evaluator] Actor Episodes = 11766 | Actor Steps = 588300 | Delta Dist = 12.160 | Delta Dist 10 = 10.977 | Delta Dist 100 = 10.532 | Delta Dist 1000 = 10.258 | Episode Length = 50 | Episode Return = 15.0 | Evaluator Episodes = 2962 | Evaluator Steps = 148100 | Final Dist = 0.647 | Final Dist 10 = 1.829 | Final Dist 100 = 2.274 | Final Dist 1000 = 2.548 | Init Dist = 12.806 | Init Dist 10 = 12.806 | Init Dist 100 = 12.806 | Init Dist 1000 = 12.806 | Learner Steps = 9034 | Learner Walltime = 1762.558 | Min Dist = 0.091 | Min Dist 10 = 0.896 | Min Dist 100 = 1.599 | Min Dist 1000 = 1.872 | Steps Per Second = 84.162 | Success = 1.000 | Success 1000 = 0.765
I0502 15:35:39.145699 139555860620864 terminal.py:91] [Actor] Actor Episodes = 11767 | Actor Steps = 588350 | Delta Dist = 3.135 | Delta Dist 10 = 4.321 | Delta Dist 100 = 3.378 | Delta Dist 1000 = 4.311 | Episode Length = 50 | Episode Return = 42.0 | Evaluator Episodes = 2960 | Evaluator Steps = 148000 | Final Dist = 0.027 | Final Dist 10 = 0.671 | Final Dist 100 = 1.728 | Final Dist 1000 = 1.543 | Init Dist = 3.162 | Init Dist 10 = 4.992 | Init Dist 100 = 5.106 | Init Dist 1000 = 5.855 | Learner Steps = 9034 | Learner Walltime = 1762.558 | Min Dist = 0.022 | Min Dist 10 = 0.061 | Min Dist 100 = 0.157 | Min Dist 1000 = 0.157 | Steps Per Second = 85.901 | Success = 1.000 | Success 1000 = 0.994
I0502 15:35:39.380087 139557462840896 terminal.py:91] [Actor] Actor Episodes = 11769 | Actor Steps = 588450 | Delta Dist = 6.050 | Delta Dist 10 = 3.454 | Delta Dist 100 = 3.318 | Delta Dist 1000 = 4.300 | Episode Length = 50 | Episode Return = 2.0 | Evaluator Episodes = 2962 | Evaluator Steps = 148100 | Final Dist = 1.566 | Final Dist 10 = 1.924 | Final Dist 100 = 1.771 | Final Dist 1000 = 1.555 | Init Dist = 7.616 | Init Dist 10 = 5.378 | Init Dist 100 = 5.088 | Init Dist 1000 = 5.855 | Learner Steps = 9034 | Learner Walltime = 1762.558 | Min Dist = 0.135 | Min Dist 10 = 0.904 | Min Dist 100 = 0.223 | Min Dist 1000 = 0.166 | Steps Per Second = 103.291 | Success = 1.000 | Success 1000 = 0.994
I0502 15:35:39.738845 139569349502528 terminal.py:91] [Actor] Actor Episodes = 11771 | Actor Steps = 588550 | Delta Dist = 5.580 | Delta Dist 10 = 4.391 | Delta Dist 100 = 3.336 | Delta Dist 1000 = 4.301 | Episode Length = 50 | Episode Return = 41.0 | Evaluator Episodes = 2962 | Evaluator Steps = 148100 | Final Dist = 0.420 | Final Dist 10 = 1.828 | Final Dist 100 = 1.753 | Final Dist 1000 = 1.556 | Init Dist = 6.000 | Init Dist 10 = 6.220 | Init Dist 100 = 5.089 | Init Dist 1000 = 5.857 | Learner Steps = 9034 | Learner Walltime = 1762.558 | Min Dist = 0.071 | Min Dist 10 = 0.915 | Min Dist 100 = 0.224 | Min Dist 1000 = 0.166 | Steps Per Second = 85.179 | Success = 1.000 | Success 1000 = 0.995
I0502 15:35:39.978087 139579566835264 terminal.py:91] [Evaluator] Actor Episodes = 11774 | Actor Steps = 588700 | Delta Dist = 11.344 | Delta Dist 10 = 10.986 | Delta Dist 100 = 10.551 | Delta Dist 1000 = 10.259 | Episode Length = 50 | Episode Return = 2.0 | Evaluator Episodes = 2964 | Evaluator Steps = 148200 | Final Dist = 1.462 | Final Dist 10 = 1.820 | Final Dist 100 = 2.256 | Final Dist 1000 = 2.547 | Init Dist = 12.806 | Init Dist 10 = 12.806 | Init Dist 100 = 12.806 | Init Dist 1000 = 12.806 | Learner Steps = 9044 | Learner Walltime = 1763.693 | Min Dist = 0.851 | Min Dist 10 = 0.880 | Min Dist 100 = 1.593 | Min Dist 1000 = 1.871 | Steps Per Second = 82.549 | Success = 1.000 | Success 1000 = 0.765
I0502 15:35:40.088533 139584635659840 savers.py:156] Saving checkpoint: logs/contrastive_cpc_point_FourRooms_64/5dd72662-2788-11f0-b183-d85ed38c5779/checkpoints/counter
I0502 15:35:41.135283 139579566835264 terminal.py:91] [Evaluator] Actor Episodes = 11782 | Actor Steps = 589100 | Delta Dist = 12.143 | Delta Dist 10 = 11.003 | Delta Dist 100 = 10.652 | Delta Dist 1000 = 10.264 | Episode Length = 50 | Episode Return = 31.0 | Evaluator Episodes = 2966 | Evaluator Steps = 148300 | Final Dist = 0.664 | Final Dist 10 = 1.803 | Final Dist 100 = 2.155 | Final Dist 1000 = 2.542 | Init Dist = 12.806 | Init Dist 10 = 12.806 | Init Dist 100 = 12.806 | Init Dist 1000 = 12.806 | Learner Steps = 9050 | Learner Walltime = 1764.723 | Min Dist = 0.259 | Min Dist 10 = 0.928 | Min Dist 100 = 1.503 | Min Dist 1000 = 1.866 | Steps Per Second = 85.927 | Success = 1.000 | Success 1000 = 0.766
I0502 15:35:42.285938 139579566835264 terminal.py:91] [Evaluator] Actor Episodes = 11790 | Actor Steps = 589500 | Delta Dist = 11.316 | Delta Dist 10 = 11.040 | Delta Dist 100 = 10.644 | Delta Dist 1000 = 10.264 | Episode Length = 50 | Episode Return = 28.0 | Evaluator Episodes = 2968 | Evaluator Steps = 148400 | Final Dist = 1.490 | Final Dist 10 = 1.766 | Final Dist 100 = 2.163 | Final Dist 1000 = 2.542 | Init Dist = 12.806 | Init Dist 10 = 12.806 | Init Dist 100 = 12.806 | Init Dist 1000 = 12.806 | Learner Steps = 9055 | Learner Walltime = 1765.789 | Min Dist = 0.178 | Min Dist 10 = 0.935 | Min Dist 100 = 1.506 | Min Dist 1000 = 1.865 | Steps Per Second = 84.819 | Success = 1.000 | Success 1000 = 0.767
I0502 15:35:43.462646 139579566835264 terminal.py:91] [Evaluator] Actor Episodes = 11800 | Actor Steps = 590000 | Delta Dist = 11.420 | Delta Dist 10 = 11.718 | Delta Dist 100 = 10.785 | Delta Dist 1000 = 10.282 | Episode Length = 50 | Episode Return = 9.0 | Evaluator Episodes = 2970 | Evaluator Steps = 148500 | Final Dist = 1.386 | Final Dist 10 = 1.088 | Final Dist 100 = 2.022 | Final Dist 1000 = 2.524 | Init Dist = 12.806 | Init Dist 10 = 12.806 | Init Dist 100 = 12.806 | Init Dist 1000 = 12.806 | Learner Steps = 9061 | Learner Walltime = 1766.808 | Min Dist = 0.013 | Min Dist 10 = 0.378 | Min Dist 100 = 1.360 | Min Dist 1000 = 1.845 | Steps Per Second = 84.069 | Success = 1.000 | Success 1000 = 0.769
I0502 15:35:44.853991 139579566835264 terminal.py:91] [Evaluator] Actor Episodes = 11808 | Actor Steps = 590400 | Delta Dist = 11.446 | Delta Dist 10 = 11.711 | Delta Dist 100 = 10.854 | Delta Dist 1000 = 10.287 | Episode Length = 50 | Episode Return = 18.0 | Evaluator Episodes = 2972 | Evaluator Steps = 148600 | Final Dist = 1.360 | Final Dist 10 = 1.095 | Final Dist 100 = 1.952 | Final Dist 1000 = 2.520 | Init Dist = 12.806 | Init Dist 10 = 12.806 | Init Dist 100 = 12.806 | Init Dist 1000 = 12.806 | Learner Steps = 9067 | Learner Walltime = 1768.069 | Min Dist = 0.190 | Min Dist 10 = 0.334 | Min Dist 100 = 1.272 | Min Dist 1000 = 1.839 | Steps Per Second = 71.426 | Success = 1.000 | Success 1000 = 0.770
I0502 15:35:45.384117 139555013154368 terminal.py:91] [Learner] Actor Episodes = 11808 | Actor Loss = 3.59769868850708 | Actor Steps = 590400 | Binary Accuracy = 0.9960129261016846 | Categorical Accuracy = 0.41290283203125 | Critic Loss = 1.9795829057693481 | Entropy Mean = -17.61419677734375 | Evaluator Episodes = 2972 | Evaluator Steps = 148600 | Learner Steps = 9074 | Learner Walltime = 1769.581 | Logits Neg = -16.218555450439453 | Logits Pos = -1.9662084579467773 | Logsumexp = 1.3278212547302246 | Steps Per Second = 148.683
I0502 15:35:45.973348 139579566835264 terminal.py:91] [Evaluator] Actor Episodes = 11814 | Actor Steps = 590700 | Delta Dist = 11.443 | Delta Dist 10 = 11.629 | Delta Dist 100 = 10.853 | Delta Dist 1000 = 10.287 | Episode Length = 50 | Episode Return = 24.0 | Evaluator Episodes = 2974 | Evaluator Steps = 148700 | Final Dist = 1.364 | Final Dist 10 = 1.177 | Final Dist 100 = 1.953 | Final Dist 1000 = 2.519 | Init Dist = 12.806 | Init Dist 10 = 12.806 | Init Dist 100 = 12.806 | Init Dist 1000 = 12.806 | Learner Steps = 9077 | Learner Walltime = 1770.168 | Min Dist = 0.029 | Min Dist 10 = 0.356 | Min Dist 100 = 1.271 | Min Dist 1000 = 1.839 | Steps Per Second = 93.832 | Success = 1.000 | Success 1000 = 0.770
I0502 15:35:47.103860 139579566835264 terminal.py:91] [Evaluator] Actor Episodes = 11822 | Actor Steps = 591100 | Delta Dist = 11.752 | Delta Dist 10 = 11.671 | Delta Dist 100 = 10.853 | Delta Dist 1000 = 10.287 | Episode Length = 50 | Episode Return = 23.0 | Evaluator Episodes = 2976 | Evaluator Steps = 148800 | Final Dist = 1.054 | Final Dist 10 = 1.135 | Final Dist 100 = 1.953 | Final Dist 1000 = 2.519 | Init Dist = 12.806 | Init Dist 10 = 12.806 | Init Dist 100 = 12.806 | Init Dist 1000 = 12.806 | Learner Steps = 9083 | Learner Walltime = 1771.226 | Min Dist = 0.079 | Min Dist 10 = 0.238 | Min Dist 100 = 1.269 | Min Dist 1000 = 1.837 | Steps Per Second = 86.998 | Success = 1.000 | Success 1000 = 0.771
I0502 15:35:47.882062 139584504182336 lp_utils.py:96] StepsLimiter: Reached 591400 recorded steps
I0502 15:35:48.075805 139558059398720 terminal.py:91] [Actor] Actor Episodes = 11827 | Actor Steps = 591350 | Delta Dist = 1.928 | Delta Dist 10 = 2.158 | Delta Dist 100 = 3.986 | Delta Dist 1000 = 4.307 | Episode Length = 50 | Episode Return = 38.0 | Evaluator Episodes = 2976 | Evaluator Steps = 148800 | Final Dist = 0.901 | Final Dist 10 = 1.525 | Final Dist 100 = 1.343 | Final Dist 1000 = 1.526 | Init Dist = 2.828 | Init Dist 10 = 3.683 | Init Dist 100 = 5.329 | Init Dist 1000 = 5.833 | Learner Steps = 9083 | Learner Walltime = 1771.226 | Min Dist = 0.013 | Min Dist 10 = 0.068 | Min Dist 100 = 0.152 | Min Dist 1000 = 0.160 | Steps Per Second = 95.547 | Success = 1.000 | Success 1000 = 0.995
I0502 15:35:48.306229 139579566835264 terminal.py:91] [Evaluator] Actor Episodes = 11830 | Actor Steps = 591500 | Delta Dist = 11.554 | Delta Dist 10 = 11.703 | Delta Dist 100 = 10.853 | Delta Dist 1000 = 10.304 | Episode Length = 50 | Episode Return = 18.0 | Evaluator Episodes = 2978 | Evaluator Steps = 148900 | Final Dist = 1.253 | Final Dist 10 = 1.103 | Final Dist 100 = 1.953 | Final Dist 1000 = 2.502 | Init Dist = 12.806 | Init Dist 10 = 12.806 | Init Dist 100 = 12.806 | Init Dist 1000 = 12.806 | Learner Steps = 9090 | Learner Walltime = 1772.483 | Min Dist = 0.094 | Min Dist 10 = 0.200 | Min Dist 100 = 1.267 | Min Dist 1000 = 1.819 | Steps Per Second = 81.704 | Success = 1.000 | Success 1000 = 0.773
I0502 15:35:49.283811 139555860620864 terminal.py:91] [Actor] Actor Episodes = 11838 | Actor Steps = 591900 | Delta Dist = 5.843 | Delta Dist 10 = 4.595 | Delta Dist 100 = 4.106 | Delta Dist 1000 = 4.299 | Episode Length = 50 | Episode Return = 37.0 | Evaluator Episodes = 2978 | Evaluator Steps = 148900 | Final Dist = 1.157 | Final Dist 10 = 1.643 | Final Dist 100 = 1.261 | Final Dist 1000 = 1.531 | Init Dist = 7.000 | Init Dist 10 = 6.237 | Init Dist 100 = 5.367 | Init Dist 1000 = 5.830 | Learner Steps = 9090 | Learner Walltime = 1772.483 | Min Dist = 0.030 | Min Dist 10 = 0.243 | Min Dist 100 = 0.170 | Min Dist 1000 = 0.161 | Steps Per Second = 85.027 | Success = 1.000 | Success 1000 = 0.994
I0502 15:35:49.529238 139579566835264 terminal.py:91] [Evaluator] Actor Episodes = 11838 | Actor Steps = 591900 | Delta Dist = 6.136 | Delta Dist 10 = 11.740 | Delta Dist 100 = 10.855 | Delta Dist 1000 = 10.304 | Episode Length = 50 | Episode Return = 0.0 | Evaluator Episodes = 2980 | Evaluator Steps = 149000 | Final Dist = 6.670 | Final Dist 10 = 1.066 | Final Dist 100 = 1.951 | Final Dist 1000 = 2.502 | Init Dist = 12.806 | Init Dist 10 = 12.806 | Init Dist 100 = 12.806 | Init Dist 1000 = 12.806 | Learner Steps = 9096 | Learner Walltime = 1773.713 | Min Dist = 6.465 | Min Dist 10 = 0.142 | Min Dist 100 = 1.265 | Min Dist 1000 = 1.819 | Steps Per Second = 80.790 | Success = 0.000 | Success 1000 = 0.773
I0502 15:35:49.574587 139557462840896 terminal.py:91] [Actor] Actor Episodes = 11840 | Actor Steps = 592000 | Delta Dist = 3.149 | Delta Dist 10 = 5.343 | Delta Dist 100 = 4.234 | Delta Dist 1000 = 4.295 | Episode Length = 50 | Episode Return = 31.0 | Evaluator Episodes = 2980 | Evaluator Steps = 149000 | Final Dist = 0.014 | Final Dist 10 = 1.638 | Final Dist 100 = 1.162 | Final Dist 1000 = 1.528 | Init Dist = 3.162 | Init Dist 10 = 6.981 | Init Dist 100 = 5.396 | Init Dist 1000 = 5.823 | Learner Steps = 9096 | Learner Walltime = 1773.713 | Min Dist = 0.014 | Min Dist 10 = 0.242 | Min Dist 100 = 0.169 | Min Dist 1000 = 0.161 | Steps Per Second = 79.458 | Success = 1.000 | Success 1000 = 0.994
I0502 15:35:50.047038 139569349502528 terminal.py:91] [Actor] Actor Episodes = 11844 | Actor Steps = 592200 | Delta Dist = 4.834 | Delta Dist 10 = 5.115 | Delta Dist 100 = 4.197 | Delta Dist 1000 = 4.285 | Episode Length = 50 | Episode Return = 28.0 | Evaluator Episodes = 2980 | Evaluator Steps = 149000 | Final Dist = 0.997 | Final Dist 10 = 0.752 | Final Dist 100 = 1.152 | Final Dist 1000 = 1.526 | Init Dist = 5.831 | Init Dist 10 = 5.867 | Init Dist 100 = 5.349 | Init Dist 1000 = 5.811 | Learner Steps = 9096 | Learner Walltime = 1773.713 | Min Dist = 0.046 | Min Dist 10 = 0.191 | Min Dist 100 = 0.167 | Min Dist 1000 = 0.159 | Steps Per Second = 81.976 | Success = 1.000 | Success 1000 = 0.994
I0502 15:35:50.763319 139579566835264 terminal.py:91] [Evaluator] Actor Episodes = 11846 | Actor Steps = 592300 | Delta Dist = 12.064 | Delta Dist 10 = 10.106 | Delta Dist 100 = 10.681 | Delta Dist 1000 = 10.288 | Episode Length = 50 | Episode Return = 24.0 | Evaluator Episodes = 2982 | Evaluator Steps = 149100 | Final Dist = 0.742 | Final Dist 10 = 2.700 | Final Dist 100 = 2.126 | Final Dist 1000 = 2.519 | Init Dist = 12.806 | Init Dist 10 = 12.806 | Init Dist 100 = 12.806 | Init Dist 1000 = 12.806 | Learner Steps = 9102 | Learner Walltime = 1774.919 | Min Dist = 0.286 | Min Dist 10 = 1.790 | Min Dist 100 = 1.425 | Min Dist 1000 = 1.835 | Steps Per Second = 77.079 | Success = 1.000 | Success 1000 = 0.771
I0502 15:35:51.861507 139579566835264 terminal.py:91] [Evaluator] Actor Episodes = 11854 | Actor Steps = 592700 | Delta Dist = 12.362 | Delta Dist 10 = 10.222 | Delta Dist 100 = 10.696 | Delta Dist 1000 = 10.289 | Episode Length = 50 | Episode Return = 9.0 | Evaluator Episodes = 2984 | Evaluator Steps = 149200 | Final Dist = 0.444 | Final Dist 10 = 2.585 | Final Dist 100 = 2.110 | Final Dist 1000 = 2.517 | Init Dist = 12.806 | Init Dist 10 = 12.806 | Init Dist 100 = 12.806 | Init Dist 1000 = 12.806 | Learner Steps = 9108 | Learner Walltime = 1775.957 | Min Dist = 0.140 | Min Dist 10 = 1.786 | Min Dist 100 = 1.426 | Min Dist 1000 = 1.835 | Steps Per Second = 88.430 | Success = 1.000 | Success 1000 = 0.771
I0502 15:35:53.077440 139579566835264 terminal.py:91] [Evaluator] Actor Episodes = 11862 | Actor Steps = 593100 | Delta Dist = 12.193 | Delta Dist 10 = 10.279 | Delta Dist 100 = 10.825 | Delta Dist 1000 = 10.295 | Episode Length = 50 | Episode Return = 15.0 | Evaluator Episodes = 2986 | Evaluator Steps = 149300 | Final Dist = 0.613 | Final Dist 10 = 2.527 | Final Dist 100 = 1.981 | Final Dist 1000 = 2.511 | Init Dist = 12.806 | Init Dist 10 = 12.806 | Init Dist 100 = 12.806 | Init Dist 1000 = 12.806 | Learner Steps = 9114 | Learner Walltime = 1777.102 | Min Dist = 0.267 | Min Dist 10 = 1.792 | Min Dist 100 = 1.296 | Min Dist 1000 = 1.828 | Steps Per Second = 85.551 | Success = 1.000 | Success 1000 = 0.772
I0502 15:35:54.634860 139579566835264 terminal.py:91] [Evaluator] Actor Episodes = 11872 | Actor Steps = 593600 | Delta Dist = 12.712 | Delta Dist 10 = 9.151 | Delta Dist 100 = 10.760 | Delta Dist 1000 = 10.303 | Episode Length = 50 | Episode Return = 8.0 | Evaluator Episodes = 2989 | Evaluator Steps = 149450 | Final Dist = 0.094 | Final Dist 10 = 3.656 | Final Dist 100 = 2.046 | Final Dist 1000 = 2.503 | Init Dist = 12.806 | Init Dist 10 = 12.806 | Init Dist 100 = 12.806 | Init Dist 1000 = 12.806 | Learner Steps = 9120 | Learner Walltime = 1778.330 | Min Dist = 0.094 | Min Dist 10 = 2.882 | Min Dist 100 = 1.346 | Min Dist 1000 = 1.819 | Steps Per Second = 85.175 | Success = 1.000 | Success 1000 = 0.773
I0502 15:35:55.509526 139555013154368 terminal.py:91] [Learner] Actor Episodes = 11878 | Actor Loss = 3.605989456176758 | Actor Steps = 593900 | Binary Accuracy = 0.9959290027618408 | Categorical Accuracy = 0.39697265625 | Critic Loss = 2.082554817199707 | Entropy Mean = -18.48256492614746 | Evaluator Episodes = 2989 | Evaluator Steps = 149450 | Learner Steps = 9127 | Learner Walltime = 1779.705 | Logits Neg = -15.583664894104004 | Logits Pos = -2.075611114501953 | Logsumexp = 1.3032500743865967 | Steps Per Second = 446.140
I0502 15:35:55.789708 139579566835264 terminal.py:91] [Evaluator] Actor Episodes = 11880 | Actor Steps = 594000 | Delta Dist = 12.229 | Delta Dist 10 = 9.897 | Delta Dist 100 = 10.777 | Delta Dist 1000 = 10.323 | Episode Length = 50 | Episode Return = 19.0 | Evaluator Episodes = 2991 | Evaluator Steps = 149550 | Final Dist = 0.577 | Final Dist 10 = 2.909 | Final Dist 100 = 2.029 | Final Dist 1000 = 2.483 | Init Dist = 12.806 | Init Dist 10 = 12.806 | Init Dist 100 = 12.806 | Init Dist 1000 = 12.806 | Learner Steps = 9126 | Learner Walltime = 1779.561 | Min Dist = 0.039 | Min Dist 10 = 2.214 | Min Dist 100 = 1.336 | Min Dist 1000 = 1.799 | Steps Per Second = 89.180 | Success = 1.000 | Success 1000 = 0.775
I0502 15:35:56.962213 139579566835264 terminal.py:91] [Evaluator] Actor Episodes = 11888 | Actor Steps = 594400 | Delta Dist = 12.217 | Delta Dist 10 = 11.044 | Delta Dist 100 = 10.810 | Delta Dist 1000 = 10.334 | Episode Length = 50 | Episode Return = 19.0 | Evaluator Episodes = 2993 | Evaluator Steps = 149650 | Final Dist = 0.590 | Final Dist 10 = 1.762 | Final Dist 100 = 1.997 | Final Dist 1000 = 2.473 | Init Dist = 12.806 | Init Dist 10 = 12.806 | Init Dist 100 = 12.806 | Init Dist 1000 = 12.806 | Learner Steps = 9133 | Learner Walltime = 1780.759 | Min Dist = 0.237 | Min Dist 10 = 1.178 | Min Dist 100 = 1.321 | Min Dist 1000 = 1.788 | Steps Per Second = 79.007 | Success = 1.000 | Success 1000 = 0.776
I0502 15:35:57.902524 139584504182336 lp_utils.py:96] StepsLimiter: Reached 594700 recorded steps
I0502 15:35:58.179991 139579566835264 terminal.py:91] [Evaluator] Actor Episodes = 11896 | Actor Steps = 594800 | Delta Dist = 11.355 | Delta Dist 10 = 10.896 | Delta Dist 100 = 10.817 | Delta Dist 1000 = 10.335 | Episode Length = 50 | Episode Return = 30.0 | Evaluator Episodes = 2995 | Evaluator Steps = 149750 | Final Dist = 1.452 | Final Dist 10 = 1.910 | Final Dist 100 = 1.989 | Final Dist 1000 = 2.472 | Init Dist = 12.806 | Init Dist 10 = 12.806 | Init Dist 100 = 12.806 | Init Dist 1000 = 12.806 | Learner Steps = 9139 | Learner Walltime = 1782.030 | Min Dist = 0.135 | Min Dist 10 = 1.207 | Min Dist 100 = 1.319 | Min Dist 1000 = 1.788 | Steps Per Second = 79.700 | Success = 1.000 | Success 1000 = 0.776
I0502 15:35:58.544846 139558059398720 terminal.py:91] [Actor] Actor Episodes = 11900 | Actor Steps = 595000 | Delta Dist = 7.524 | Delta Dist 10 = 4.199 | Delta Dist 100 = 4.135 | Delta Dist 1000 = 4.287 | Episode Length = 50 | Episode Return = 32.0 | Evaluator Episodes = 2995 | Evaluator Steps = 149750 | Final Dist = 0.092 | Final Dist 10 = 0.918 | Final Dist 100 = 1.281 | Final Dist 1000 = 1.515 | Init Dist = 7.616 | Init Dist 10 = 5.117 | Init Dist 100 = 5.416 | Init Dist 1000 = 5.802 | Learner Steps = 9139 | Learner Walltime = 1782.030 | Min Dist = 0.089 | Min Dist 10 = 0.083 | Min Dist 100 = 0.078 | Min Dist 1000 = 0.155 | Steps Per Second = 85.782 | Success = 1.000 | Success 1000 = 0.995
I0502 15:35:59.364753 139579566835264 terminal.py:91] [Evaluator] Actor Episodes = 11902 | Actor Steps = 595100 | Delta Dist = 11.440 | Delta Dist 10 = 10.866 | Delta Dist 100 = 10.813 | Delta Dist 1000 = 10.342 | Episode Length = 50 | Episode Return = 12.0 | Evaluator Episodes = 2997 | Evaluator Steps = 149850 | Final Dist = 1.366 | Final Dist 10 = 1.941 | Final Dist 100 = 1.993 | Final Dist 1000 = 2.464 | Init Dist = 12.806 | Init Dist 10 = 12.806 | Init Dist 100 = 12.806 | Init Dist 1000 = 12.806 | Learner Steps = 9145 | Learner Walltime = 1783.266 | Min Dist = 0.395 | Min Dist 10 = 1.221 | Min Dist 100 = 1.320 | Min Dist 1000 = 1.780 | Steps Per Second = 85.436 | Success = 1.000 | Success 1000 = 0.777
I0502 15:35:59.576173 139555860620864 terminal.py:91] [Actor] Actor Episodes = 11903 | Actor Steps = 595150 | Delta Dist = 4.972 | Delta Dist 10 = 4.409 | Delta Dist 100 = 4.075 | Delta Dist 1000 = 4.280 | Episode Length = 50 | Episode Return = 28.0 | Evaluator Episodes = 2995 | Evaluator Steps = 149750 | Final Dist = 0.413 | Final Dist 10 = 0.917 | Final Dist 100 = 1.329 | Final Dist 1000 = 1.517 | Init Dist = 5.385 | Init Dist 10 = 5.326 | Init Dist 100 = 5.404 | Init Dist 1000 = 5.797 | Learner Steps = 9139 | Learner Walltime = 1782.030 | Min Dist = 0.076 | Min Dist 10 = 0.090 | Min Dist 100 = 0.079 | Min Dist 1000 = 0.155 | Steps Per Second = 79.889 | Success = 1.000 | Success 1000 = 0.995
I0502 15:35:59.988785 139557462840896 terminal.py:91] [Actor] Actor Episodes = 11905 | Actor Steps = 595250 | Delta Dist = 3.636 | Delta Dist 10 = 4.212 | Delta Dist 100 = 4.000 | Delta Dist 1000 = 4.285 | Episode Length = 50 | Episode Return = 30.0 | Evaluator Episodes = 2997 | Evaluator Steps = 149850 | Final Dist = 1.749 | Final Dist 10 = 1.410 | Final Dist 100 = 1.373 | Final Dist 1000 = 1.518 | Init Dist = 5.385 | Init Dist 10 = 5.621 | Init Dist 100 = 5.373 | Init Dist 1000 = 5.803 | Learner Steps = 9145 | Learner Walltime = 1783.266 | Min Dist = 0.083 | Min Dist 10 = 0.090 | Min Dist 100 = 0.080 | Min Dist 1000 = 0.155 | Steps Per Second = 80.675 | Success = 1.000 | Success 1000 = 0.995
I0502 15:36:00.350652 139569349502528 terminal.py:91] [Actor] Actor Episodes = 11907 | Actor Steps = 595350 | Delta Dist = 5.423 | Delta Dist 10 = 4.182 | Delta Dist 100 = 3.953 | Delta Dist 1000 = 4.288 | Episode Length = 50 | Episode Return = 34.0 | Evaluator Episodes = 2997 | Evaluator Steps = 149850 | Final Dist = 0.408 | Final Dist 10 = 1.154 | Final Dist 100 = 1.370 | Final Dist 1000 = 1.517 | Init Dist = 5.831 | Init Dist 10 = 5.335 | Init Dist 100 = 5.323 | Init Dist 1000 = 5.804 | Learner Steps = 9145 | Learner Walltime = 1783.266 | Min Dist = 0.132 | Min Dist 10 = 0.090 | Min Dist 100 = 0.081 | Min Dist 1000 = 0.155 | Steps Per Second = 73.827 | Success = 1.000 | Success 1000 = 0.995
I0502 15:36:00.655986 139579566835264 terminal.py:91] [Evaluator] Actor Episodes = 11910 | Actor Steps = 595500 | Delta Dist = 12.397 | Delta Dist 10 = 11.940 | Delta Dist 100 = 10.801 | Delta Dist 1000 = 10.361 | Episode Length = 50 | Episode Return = 21.0 | Evaluator Episodes = 2999 | Evaluator Steps = 149950 | Final Dist = 0.409 | Final Dist 10 = 0.866 | Final Dist 100 = 2.006 | Final Dist 1000 = 2.445 | Init Dist = 12.806 | Init Dist 10 = 12.806 | Init Dist 100 = 12.806 | Init Dist 1000 = 12.806 | Learner Steps = 9151 | Learner Walltime = 1784.554 | Min Dist = 0.100 | Min Dist 10 = 0.210 | Min Dist 100 = 1.326 | Min Dist 1000 = 1.760 | Steps Per Second = 73.123 | Success = 1.000 | Success 1000 = 0.779
I0502 15:36:01.806684 139579566835264 terminal.py:91] [Evaluator] Actor Episodes = 11918 | Actor Steps = 595900 | Delta Dist = 12.487 | Delta Dist 10 = 11.930 | Delta Dist 100 = 10.917 | Delta Dist 1000 = 10.363 | Episode Length = 50 | Episode Return = 23.0 | Evaluator Episodes = 3001 | Evaluator Steps = 150050 | Final Dist = 0.319 | Final Dist 10 = 0.876 | Final Dist 100 = 1.890 | Final Dist 1000 = 2.443 | Init Dist = 12.806 | Init Dist 10 = 12.806 | Init Dist 100 = 12.806 | Init Dist 1000 = 12.806 | Learner Steps = 9157 | Learner Walltime = 1785.582 | Min Dist = 0.027 | Min Dist 10 = 0.216 | Min Dist 100 = 1.217 | Min Dist 1000 = 1.760 | Steps Per Second = 89.207 | Success = 1.000 | Success 1000 = 0.779
I0502 15:36:02.909950 139579566835264 terminal.py:91] [Evaluator] Actor Episodes = 11926 | Actor Steps = 596300 | Delta Dist = 6.920 | Delta Dist 10 = 11.917 | Delta Dist 100 = 10.987 | Delta Dist 1000 = 10.369 | Episode Length = 50 | Episode Return = 0.0 | Evaluator Episodes = 3003 | Evaluator Steps = 150150 | Final Dist = 5.886 | Final Dist 10 = 0.889 | Final Dist 100 = 1.820 | Final Dist 1000 = 2.437 | Init Dist = 12.806 | Init Dist 10 = 12.806 | Init Dist 100 = 12.806 | Init Dist 1000 = 12.806 | Learner Steps = 9162 | Learner Walltime = 1786.586 | Min Dist = 5.886 | Min Dist 10 = 0.208 | Min Dist 100 = 1.141 | Min Dist 1000 = 1.754 | Steps Per Second = 84.829 | Success = 0.000 | Success 1000 = 0.780
I0502 15:36:04.185926 139579566835264 terminal.py:91] [Evaluator] Actor Episodes = 11934 | Actor Steps = 596700 | Delta Dist = 11.824 | Delta Dist 10 = 10.831 | Delta Dist 100 = 10.871 | Delta Dist 1000 = 10.359 | Episode Length = 50 | Episode Return = 20.0 | Evaluator Episodes = 3005 | Evaluator Steps = 150250 | Final Dist = 0.982 | Final Dist 10 = 1.975 | Final Dist 100 = 1.936 | Final Dist 1000 = 2.447 | Init Dist = 12.806 | Init Dist 10 = 12.806 | Init Dist 100 = 12.806 | Init Dist 1000 = 12.806 | Learner Steps = 9168 | Learner Walltime = 1787.877 | Min Dist = 0.125 | Min Dist 10 = 1.339 | Min Dist 100 = 1.257 | Min Dist 1000 = 1.765 | Steps Per Second = 78.826 | Success = 1.000 | Success 1000 = 0.778
I0502 15:36:05.380423 139579566835264 terminal.py:91] [Evaluator] Actor Episodes = 11942 | Actor Steps = 597100 | Delta Dist = 11.564 | Delta Dist 10 = 10.854 | Delta Dist 100 = 10.949 | Delta Dist 1000 = 10.373 | Episode Length = 50 | Episode Return = 6.0 | Evaluator Episodes = 3007 | Evaluator Steps = 150350 | Final Dist = 1.242 | Final Dist 10 = 1.952 | Final Dist 100 = 1.857 | Final Dist 1000 = 2.434 | Init Dist = 12.806 | Init Dist 10 = 12.806 | Init Dist 100 = 12.806 | Init Dist 1000 = 12.806 | Learner Steps = 9176 | Learner Walltime = 1789.133 | Min Dist = 0.600 | Min Dist 10 = 1.316 | Min Dist 100 = 1.191 | Min Dist 1000 = 1.751 | Steps Per Second = 87.680 | Success = 1.000 | Success 1000 = 0.780
I0502 15:36:05.523504 139555013154368 terminal.py:91] [Learner] Actor Episodes = 11940 | Actor Loss = 3.6557412147521973 | Actor Steps = 597000 | Binary Accuracy = 0.9960415363311768 | Categorical Accuracy = 0.407958984375 | Critic Loss = 1.9944167137145996 | Entropy Mean = -19.18657684326172 | Evaluator Episodes = 3005 | Evaluator Steps = 150250 | Learner Steps = 9179 | Learner Walltime = 1789.716 | Logits Neg = -15.736353874206543 | Logits Pos = -1.961212158203125 | Logsumexp = 1.1006395816802979 | Steps Per Second = 1006.696
I0502 15:36:06.667444 139579566835264 terminal.py:91] [Evaluator] Actor Episodes = 11952 | Actor Steps = 597600 | Delta Dist = 11.805 | Delta Dist 10 = 10.869 | Delta Dist 100 = 10.931 | Delta Dist 1000 = 10.376 | Episode Length = 50 | Episode Return = 12.0 | Evaluator Episodes = 3009 | Evaluator Steps = 150450 | Final Dist = 1.001 | Final Dist 10 = 1.938 | Final Dist 100 = 1.876 | Final Dist 1000 = 2.430 | Init Dist = 12.806 | Init Dist 10 = 12.806 | Init Dist 100 = 12.806 | Init Dist 1000 = 12.806 | Learner Steps = 9181 | Learner Walltime = 1790.321 | Min Dist = 0.280 | Min Dist 10 = 1.324 | Min Dist 100 = 1.195 | Min Dist 1000 = 1.746 | Steps Per Second = 82.899 | Success = 1.000 | Success 1000 = 0.781
I0502 15:36:07.808212 139579566835264 terminal.py:91] [Evaluator] Actor Episodes = 11958 | Actor Steps = 597900 | Delta Dist = 11.470 | Delta Dist 10 = 10.688 | Delta Dist 100 = 10.971 | Delta Dist 1000 = 10.375 | Episode Length = 50 | Episode Return = 26.0 | Evaluator Episodes = 3011 | Evaluator Steps = 150550 | Final Dist = 1.336 | Final Dist 10 = 2.118 | Final Dist 100 = 1.835 | Final Dist 1000 = 2.431 | Init Dist = 12.806 | Init Dist 10 = 12.806 | Init Dist 100 = 12.806 | Init Dist 1000 = 12.806 | Learner Steps = 9186 | Learner Walltime = 1791.406 | Min Dist = 0.190 | Min Dist 10 = 1.345 | Min Dist 100 = 1.139 | Min Dist 1000 = 1.746 | Steps Per Second = 87.126 | Success = 1.000 | Success 1000 = 0.781
I0502 15:36:07.918760 139584504182336 lp_utils.py:96] StepsLimiter: Reached 598000 recorded steps
I0502 15:36:09.041034 139579566835264 terminal.py:91] [Evaluator] Actor Episodes = 11966 | Actor Steps = 598300 | Delta Dist = 12.553 | Delta Dist 10 = 10.658 | Delta Dist 100 = 10.961 | Delta Dist 1000 = 10.375 | Episode Length = 50 | Episode Return = 33.0 | Evaluator Episodes = 3013 | Evaluator Steps = 150650 | Final Dist = 0.253 | Final Dist 10 = 2.148 | Final Dist 100 = 1.845 | Final Dist 1000 = 2.431 | Init Dist = 12.806 | Init Dist 10 = 12.806 | Init Dist 100 = 12.806 | Init Dist 1000 = 12.806 | Learner Steps = 9193 | Learner Walltime = 1792.640 | Min Dist = 0.061 | Min Dist 10 = 1.364 | Min Dist 100 = 1.141 | Min Dist 1000 = 1.745 | Steps Per Second = 78.992 | Success = 1.000 | Success 1000 = 0.781
I0502 15:36:09.102497 139558059398720 terminal.py:91] [Actor] Actor Episodes = 11965 | Actor Steps = 598250 | Delta Dist = 4.081 | Delta Dist 10 = 3.219 | Delta Dist 100 = 4.044 | Delta Dist 1000 = 4.245 | Episode Length = 50 | Episode Return = 12.0 | Evaluator Episodes = 3011 | Evaluator Steps = 150550 | Final Dist = 0.919 | Final Dist 10 = 1.649 | Final Dist 100 = 1.319 | Final Dist 1000 = 1.476 | Init Dist = 5.000 | Init Dist 10 = 4.868 | Init Dist 100 = 5.363 | Init Dist 1000 = 5.721 | Learner Steps = 9193 | Learner Walltime = 1792.640 | Min Dist = 0.026 | Min Dist 10 = 0.083 | Min Dist 100 = 0.065 | Min Dist 1000 = 0.139 | Steps Per Second = 78.437 | Success = 1.000 | Success 1000 = 0.995
I0502 15:36:10.113245 139579566835264 terminal.py:91] [Evaluator] Actor Episodes = 11972 | Actor Steps = 598600 | Delta Dist = 11.702 | Delta Dist 10 = 11.769 | Delta Dist 100 = 10.961 | Delta Dist 1000 = 10.384 | Episode Length = 50 | Episode Return = 1.0 | Evaluator Episodes = 3015 | Evaluator Steps = 150750 | Final Dist = 1.105 | Final Dist 10 = 1.037 | Final Dist 100 = 1.846 | Final Dist 1000 = 2.422 | Init Dist = 12.806 | Init Dist 10 = 12.806 | Init Dist 100 = 12.806 | Init Dist 1000 = 12.806 | Learner Steps = 9199 | Learner Walltime = 1793.714 | Min Dist = 0.434 | Min Dist 10 = 0.196 | Min Dist 100 = 1.140 | Min Dist 1000 = 1.735 | Steps Per Second = 100.140 | Success = 1.000 | Success 1000 = 0.782
I0502 15:36:10.122283 139555860620864 terminal.py:91] [Actor] Actor Episodes = 11974 | Actor Steps = 598700 | Delta Dist = 7.114 | Delta Dist 10 = 4.281 | Delta Dist 100 = 4.241 | Delta Dist 1000 = 4.242 | Episode Length = 50 | Episode Return = 44.0 | Evaluator Episodes = 3015 | Evaluator Steps = 150750 | Final Dist = 1.132 | Final Dist 10 = 1.366 | Final Dist 100 = 1.180 | Final Dist 1000 = 1.475 | Init Dist = 8.246 | Init Dist 10 = 5.646 | Init Dist 100 = 5.421 | Init Dist 1000 = 5.716 | Learner Steps = 9199 | Learner Walltime = 1793.714 | Min Dist = 0.063 | Min Dist 10 = 0.106 | Min Dist 100 = 0.070 | Min Dist 1000 = 0.138 | Steps Per Second = 83.676 | Success = 1.000 | Success 1000 = 0.995
I0502 15:36:10.282186 139557462840896 terminal.py:91] [Actor] Actor Episodes = 11976 | Actor Steps = 598800 | Delta Dist = 8.281 | Delta Dist 10 = 5.264 | Delta Dist 100 = 4.328 | Delta Dist 1000 = 4.240 | Episode Length = 50 | Episode Return = 28.0 | Evaluator Episodes = 3015 | Evaluator Steps = 150750 | Final Dist = 0.663 | Final Dist 10 = 0.848 | Final Dist 100 = 1.173 | Final Dist 1000 = 1.472 | Init Dist = 8.944 | Init Dist 10 = 6.112 | Init Dist 100 = 5.501 | Init Dist 1000 = 5.712 | Learner Steps = 9199 | Learner Walltime = 1793.714 | Min Dist = 0.432 | Min Dist 10 = 0.091 | Min Dist 100 = 0.070 | Min Dist 1000 = 0.137 | Steps Per Second = 89.980 | Success = 1.000 | Success 1000 = 0.995
I0502 15:36:10.529100 139569349502528 terminal.py:91] [Actor] Actor Episodes = 11978 | Actor Steps = 598900 | Delta Dist = 5.472 | Delta Dist 10 = 5.756 | Delta Dist 100 = 4.362 | Delta Dist 1000 = 4.245 | Episode Length = 50 | Episode Return = 33.0 | Evaluator Episodes = 3015 | Evaluator Steps = 150750 | Final Dist = 0.611 | Final Dist 10 = 0.890 | Final Dist 100 = 1.178 | Final Dist 1000 = 1.472 | Init Dist = 6.083 | Init Dist 10 = 6.646 | Init Dist 100 = 5.540 | Init Dist 1000 = 5.717 | Learner Steps = 9199 | Learner Walltime = 1793.714 | Min Dist = 0.069 | Min Dist 10 = 0.128 | Min Dist 100 = 0.074 | Min Dist 1000 = 0.137 | Steps Per Second = 87.180 | Success = 1.000 | Success 1000 = 0.995
I0502 15:36:11.240928 139579566835264 terminal.py:91] [Evaluator] Actor Episodes = 11982 | Actor Steps = 599100 | Delta Dist = 11.892 | Delta Dist 10 = 11.718 | Delta Dist 100 = 10.958 | Delta Dist 1000 = 10.395 | Episode Length = 50 | Episode Return = 16.0 | Evaluator Episodes = 3017 | Evaluator Steps = 150850 | Final Dist = 0.914 | Final Dist 10 = 1.088 | Final Dist 100 = 1.848 | Final Dist 1000 = 2.412 | Init Dist = 12.806 | Init Dist 10 = 12.806 | Init Dist 100 = 12.806 | Init Dist 1000 = 12.806 | Learner Steps = 9205 | Learner Walltime = 1794.899 | Min Dist = 0.160 | Min Dist 10 = 0.276 | Min Dist 100 = 1.147 | Min Dist 1000 = 1.725 | Steps Per Second = 84.836 | Success = 1.000 | Success 1000 = 0.783
I0502 15:36:12.351098 139579566835264 terminal.py:91] [Evaluator] Actor Episodes = 11988 | Actor Steps = 599400 | Delta Dist = 11.473 | Delta Dist 10 = 11.752 | Delta Dist 100 = 11.024 | Delta Dist 1000 = 10.409 | Episode Length = 50 | Episode Return = 14.0 | Evaluator Episodes = 3019 | Evaluator Steps = 150950 | Final Dist = 1.334 | Final Dist 10 = 1.055 | Final Dist 100 = 1.782 | Final Dist 1000 = 2.397 | Init Dist = 12.806 | Init Dist 10 = 12.806 | Init Dist 100 = 12.806 | Init Dist 1000 = 12.806 | Learner Steps = 9211 | Learner Walltime = 1795.988 | Min Dist = 0.144 | Min Dist 10 = 0.208 | Min Dist 100 = 1.079 | Min Dist 1000 = 1.709 | Steps Per Second = 92.225 | Success = 1.000 | Success 1000 = 0.785
I0502 15:36:13.510194 139579566835264 terminal.py:91] [Evaluator] Actor Episodes = 11996 | Actor Steps = 599800 | Delta Dist = 11.511 | Delta Dist 10 = 11.756 | Delta Dist 100 = 11.022 | Delta Dist 1000 = 10.419 | Episode Length = 50 | Episode Return = 16.0 | Evaluator Episodes = 3021 | Evaluator Steps = 151050 | Final Dist = 1.295 | Final Dist 10 = 1.050 | Final Dist 100 = 1.785 | Final Dist 1000 = 2.387 | Init Dist = 12.806 | Init Dist 10 = 12.806 | Init Dist 100 = 12.806 | Init Dist 1000 = 12.806 | Learner Steps = 9217 | Learner Walltime = 1797.194 | Min Dist = 0.215 | Min Dist 10 = 0.207 | Min Dist 100 = 1.076 | Min Dist 1000 = 1.699 | Steps Per Second = 87.267 | Success = 1.000 | Success 1000 = 0.786
I0502 15:36:14.778852 139579566835264 terminal.py:91] [Evaluator] Actor Episodes = 12004 | Actor Steps = 600200 | Delta Dist = 12.153 | Delta Dist 10 = 11.036 | Delta Dist 100 = 11.021 | Delta Dist 1000 = 10.411 | Episode Length = 50 | Episode Return = 2.0 | Evaluator Episodes = 3023 | Evaluator Steps = 151150 | Final Dist = 0.654 | Final Dist 10 = 1.770 | Final Dist 100 = 1.785 | Final Dist 1000 = 2.395 | Init Dist = 12.806 | Init Dist 10 = 12.806 | Init Dist 100 = 12.806 | Init Dist 1000 = 12.806 | Learner Steps = 9223 | Learner Walltime = 1798.394 | Min Dist = 0.468 | Min Dist 10 = 0.790 | Min Dist 100 = 1.059 | Min Dist 1000 = 1.705 | Steps Per Second = 81.691 | Success = 1.000 | Success 1000 = 0.785
I0502 15:36:15.556858 139555013154368 terminal.py:91] [Learner] Actor Episodes = 12010 | Actor Loss = 3.676654815673828 | Actor Steps = 600500 | Binary Accuracy = 0.9960339069366455 | Categorical Accuracy = 0.41119384765625 | Critic Loss = 2.0457043647766113 | Entropy Mean = -17.773082733154297 | Evaluator Episodes = 3023 | Evaluator Steps = 151150 | Learner Steps = 9230 | Learner Walltime = 1799.753 | Logits Neg = -15.491537094116211 | Logits Pos = -2.02018404006958 | Logsumexp = 1.2863986492156982 | Steps Per Second = 432.656
I0502 15:36:16.018767 139579566835264 terminal.py:91] [Evaluator] Actor Episodes = 12012 | Actor Steps = 600600 | Delta Dist = 12.112 | Delta Dist 10 = 11.047 | Delta Dist 100 = 11.009 | Delta Dist 1000 = 10.433 | Episode Length = 50 | Episode Return = 15.0 | Evaluator Episodes = 3025 | Evaluator Steps = 151250 | Final Dist = 0.694 | Final Dist 10 = 1.759 | Final Dist 100 = 1.798 | Final Dist 1000 = 2.374 | Init Dist = 12.806 | Init Dist 10 = 12.806 | Init Dist 100 = 12.806 | Init Dist 1000 = 12.806 | Learner Steps = 9229 | Learner Walltime = 1799.605 | Min Dist = 0.122 | Min Dist 10 = 0.829 | Min Dist 100 = 1.062 | Min Dist 1000 = 1.684 | Steps Per Second = 88.665 | Success = 1.000 | Success 1000 = 0.787
I0502 15:36:17.206941 139579566835264 terminal.py:91] [Evaluator] Actor Episodes = 12020 | Actor Steps = 601000 | Delta Dist = 12.443 | Delta Dist 10 = 11.182 | Delta Dist 100 = 11.004 | Delta Dist 1000 = 10.453 | Episode Length = 50 | Episode Return = 18.0 | Evaluator Episodes = 3027 | Evaluator Steps = 151350 | Final Dist = 0.363 | Final Dist 10 = 1.624 | Final Dist 100 = 1.802 | Final Dist 1000 = 2.353 | Init Dist = 12.806 | Init Dist 10 = 12.806 | Init Dist 100 = 12.806 | Init Dist 1000 = 12.806 | Learner Steps = 9236 | Learner Walltime = 1801.044 | Min Dist = 0.087 | Min Dist 10 = 0.748 | Min Dist 100 = 1.059 | Min Dist 1000 = 1.664 | Steps Per Second = 87.388 | Success = 1.000 | Success 1000 = 0.789
I0502 15:36:17.939564 139584504182336 lp_utils.py:96] StepsLimiter: Reached 601300 recorded steps
I0502 15:36:18.354334 139579566835264 terminal.py:91] [Evaluator] Actor Episodes = 12028 | Actor Steps = 601400 | Delta Dist = 5.014 | Delta Dist 10 = 11.235 | Delta Dist 100 = 11.076 | Delta Dist 1000 = 10.473 | Episode Length = 50 | Episode Return = 0.0 | Evaluator Episodes = 3029 | Evaluator Steps = 151450 | Final Dist = 7.792 | Final Dist 10 = 1.572 | Final Dist 100 = 1.730 | Final Dist 1000 = 2.334 | Init Dist = 12.806 | Init Dist 10 = 12.806 | Init Dist 100 = 12.806 | Init Dist 1000 = 12.806 | Learner Steps = 9243 | Learner Walltime = 1802.182 | Min Dist = 6.247 | Min Dist 10 = 0.755 | Min Dist 100 = 0.990 | Min Dist 1000 = 1.643 | Steps Per Second = 85.842 | Success = 0.000 | Success 1000 = 0.791
I0502 15:36:19.248836 139558059398720 terminal.py:91] [Actor] Actor Episodes = 12036 | Actor Steps = 601800 | Delta Dist = 9.514 | Delta Dist 10 = 4.459 | Delta Dist 100 = 4.604 | Delta Dist 1000 = 4.225 | Episode Length = 50 | Episode Return = 22.0 | Evaluator Episodes = 3029 | Evaluator Steps = 151450 | Final Dist = 0.486 | Final Dist 10 = 2.026 | Final Dist 100 = 1.235 | Final Dist 1000 = 1.471 | Init Dist = 10.000 | Init Dist 10 = 6.486 | Init Dist 100 = 5.839 | Init Dist 1000 = 5.697 | Learner Steps = 9248 | Learner Walltime = 1803.377 | Min Dist = 0.364 | Min Dist 10 = 0.593 | Min Dist 100 = 0.155 | Min Dist 1000 = 0.143 | Steps Per Second = 76.690 | Success = 1.000 | Success 1000 = 0.994
I0502 15:36:19.610544 139579566835264 terminal.py:91] [Evaluator] Actor Episodes = 12036 | Actor Steps = 601800 | Delta Dist = 11.838 | Delta Dist 10 = 10.620 | Delta Dist 100 = 11.012 | Delta Dist 1000 = 10.476 | Episode Length = 50 | Episode Return = 33.0 | Evaluator Episodes = 3031 | Evaluator Steps = 151550 | Final Dist = 0.968 | Final Dist 10 = 2.186 | Final Dist 100 = 1.794 | Final Dist 1000 = 2.330 | Init Dist = 12.806 | Init Dist 10 = 12.806 | Init Dist 100 = 12.806 | Init Dist 1000 = 12.806 | Learner Steps = 9248 | Learner Walltime = 1803.377 | Min Dist = 0.048 | Min Dist 10 = 1.366 | Min Dist 100 = 1.044 | Min Dist 1000 = 1.639 | Steps Per Second = 78.209 | Success = 1.000 | Success 1000 = 0.791
I0502 15:36:20.399371 139557462840896 terminal.py:91] [Actor] Actor Episodes = 12039 | Actor Steps = 601950 | Delta Dist = 6.951 | Delta Dist 10 = 3.241 | Delta Dist 100 = 4.408 | Delta Dist 1000 = 4.208 | Episode Length = 50 | Episode Return = 37.0 | Evaluator Episodes = 3031 | Evaluator Steps = 151550 | Final Dist = 0.330 | Final Dist 10 = 2.294 | Final Dist 100 = 1.274 | Final Dist 1000 = 1.477 | Init Dist = 7.280 | Init Dist 10 = 5.535 | Init Dist 100 = 5.683 | Init Dist 1000 = 5.685 | Learner Steps = 9248 | Learner Walltime = 1803.377 | Min Dist = 0.062 | Min Dist 10 = 0.578 | Min Dist 100 = 0.157 | Min Dist 1000 = 0.144 | Steps Per Second = 84.924 | Success = 1.000 | Success 1000 = 0.994
I0502 15:36:20.433139 139555860620864 terminal.py:91] [Actor] Actor Episodes = 12041 | Actor Steps = 602050 | Delta Dist = 6.152 | Delta Dist 10 = 3.110 | Delta Dist 100 = 4.438 | Delta Dist 1000 = 4.205 | Episode Length = 50 | Episode Return = 30.0 | Evaluator Episodes = 3031 | Evaluator Steps = 151550 | Final Dist = 0.172 | Final Dist 10 = 2.153 | Final Dist 100 = 1.272 | Final Dist 1000 = 1.477 | Init Dist = 6.325 | Init Dist 10 = 5.263 | Init Dist 100 = 5.711 | Init Dist 1000 = 5.682 | Learner Steps = 9248 | Learner Walltime = 1803.377 | Min Dist = 0.172 | Min Dist 10 = 0.546 | Min Dist 100 = 0.156 | Min Dist 1000 = 0.144 | Steps Per Second = 85.813 | Success = 1.000 | Success 1000 = 0.994
I0502 15:36:20.752389 139569349502528 terminal.py:91] [Actor] Actor Episodes = 12043 | Actor Steps = 602150 | Delta Dist = 3.688 | Delta Dist 10 = 3.482 | Delta Dist 100 = 4.446 | Delta Dist 1000 = 4.209 | Episode Length = 50 | Episode Return = 24.0 | Evaluator Episodes = 3031 | Evaluator Steps = 151550 | Final Dist = 1.411 | Final Dist 10 = 1.930 | Final Dist 100 = 1.303 | Final Dist 1000 = 1.479 | Init Dist = 5.099 | Init Dist 10 = 5.412 | Init Dist 100 = 5.749 | Init Dist 1000 = 5.688 | Learner Steps = 9248 | Learner Walltime = 1803.377 | Min Dist = 0.040 | Min Dist 10 = 0.559 | Min Dist 100 = 0.160 | Min Dist 1000 = 0.144 | Steps Per Second = 80.013 | Success = 1.000 | Success 1000 = 0.994
I0502 15:36:20.832282 139579566835264 terminal.py:91] [Evaluator] Actor Episodes = 12044 | Actor Steps = 602200 | Delta Dist = 12.523 | Delta Dist 10 = 11.354 | Delta Dist 100 = 11.019 | Delta Dist 1000 = 10.486 | Episode Length = 50 | Episode Return = 11.0 | Evaluator Episodes = 3033 | Evaluator Steps = 151650 | Final Dist = 0.284 | Final Dist 10 = 1.452 | Final Dist 100 = 1.788 | Final Dist 1000 = 2.320 | Init Dist = 12.806 | Init Dist 10 = 12.806 | Init Dist 100 = 12.806 | Init Dist 1000 = 12.806 | Learner Steps = 9254 | Learner Walltime = 1804.425 | Min Dist = 0.204 | Min Dist 10 = 0.763 | Min Dist 100 = 1.041 | Min Dist 1000 = 1.628 | Steps Per Second = 81.817 | Success = 1.000 | Success 1000 = 0.792
I0502 15:36:21.963986 139579566835264 terminal.py:91] [Evaluator] Actor Episodes = 12052 | Actor Steps = 602600 | Delta Dist = 12.344 | Delta Dist 10 = 11.353 | Delta Dist 100 = 11.075 | Delta Dist 1000 = 10.496 | Episode Length = 50 | Episode Return = 21.0 | Evaluator Episodes = 3035 | Evaluator Steps = 151750 | Final Dist = 0.462 | Final Dist 10 = 1.454 | Final Dist 100 = 1.731 | Final Dist 1000 = 2.311 | Init Dist = 12.806 | Init Dist 10 = 12.806 | Init Dist 100 = 12.806 | Init Dist 1000 = 12.806 | Learner Steps = 9261 | Learner Walltime = 1805.660 | Min Dist = 0.084 | Min Dist 10 = 0.732 | Min Dist 100 = 0.984 | Min Dist 1000 = 1.618 | Steps Per Second = 87.977 | Success = 1.000 | Success 1000 = 0.793
I0502 15:36:23.093289 139579566835264 terminal.py:91] [Evaluator] Actor Episodes = 12060 | Actor Steps = 603000 | Delta Dist = 11.227 | Delta Dist 10 = 11.394 | Delta Dist 100 = 11.093 | Delta Dist 1000 = 10.506 | Episode Length = 50 | Episode Return = 13.0 | Evaluator Episodes = 3037 | Evaluator Steps = 151850 | Final Dist = 1.579 | Final Dist 10 = 1.412 | Final Dist 100 = 1.713 | Final Dist 1000 = 2.300 | Init Dist = 12.806 | Init Dist 10 = 12.806 | Init Dist 100 = 12.806 | Init Dist 1000 = 12.806 | Learner Steps = 9267 | Learner Walltime = 1806.918 | Min Dist = 0.171 | Min Dist 10 = 0.721 | Min Dist 100 = 0.978 | Min Dist 1000 = 1.608 | Steps Per Second = 82.513 | Success = 1.000 | Success 1000 = 0.794
I0502 15:36:24.260410 139579566835264 terminal.py:91] [Evaluator] Actor Episodes = 12068 | Actor Steps = 603400 | Delta Dist = 11.508 | Delta Dist 10 = 10.728 | Delta Dist 100 = 11.024 | Delta Dist 1000 = 10.500 | Episode Length = 50 | Episode Return = 1.0 | Evaluator Episodes = 3039 | Evaluator Steps = 151950 | Final Dist = 1.298 | Final Dist 10 = 2.078 | Final Dist 100 = 1.783 | Final Dist 1000 = 2.306 | Init Dist = 12.806 | Init Dist 10 = 12.806 | Init Dist 100 = 12.806 | Init Dist 1000 = 12.806 | Learner Steps = 9273 | Learner Walltime = 1808.131 | Min Dist = 0.249 | Min Dist 10 = 1.303 | Min Dist 100 = 1.035 | Min Dist 1000 = 1.613 | Steps Per Second = 89.206 | Success = 1.000 | Success 1000 = 0.793
I0502 15:36:25.418347 139579566835264 terminal.py:91] [Evaluator] Actor Episodes = 12076 | Actor Steps = 603800 | Delta Dist = 0.764 | Delta Dist 10 = 11.278 | Delta Dist 100 = 10.998 | Delta Dist 1000 = 10.501 | Episode Length = 50 | Episode Return = 0.0 | Evaluator Episodes = 3041 | Evaluator Steps = 152050 | Final Dist = 12.042 | Final Dist 10 = 1.528 | Final Dist 100 = 1.809 | Final Dist 1000 = 2.305 | Init Dist = 12.806 | Init Dist 10 = 12.806 | Init Dist 100 = 12.806 | Init Dist 1000 = 12.806 | Learner Steps = 9279 | Learner Walltime = 1809.295 | Min Dist = 10.271 | Min Dist 10 = 0.717 | Min Dist 100 = 1.038 | Min Dist 1000 = 1.612 | Steps Per Second = 90.949 | Success = 0.000 | Success 1000 = 0.794
I0502 15:36:25.702970 139555013154368 terminal.py:91] [Learner] Actor Episodes = 12074 | Actor Loss = 3.6184773445129395 | Actor Steps = 603700 | Binary Accuracy = 0.9960129261016846 | Categorical Accuracy = 0.41943359375 | Critic Loss = 2.0012173652648926 | Entropy Mean = -18.868942260742188 | Evaluator Episodes = 3039 | Evaluator Steps = 151950 | Learner Steps = 9283 | Learner Walltime = 1809.902 | Logits Neg = -15.649999618530273 | Logits Pos = -1.9908125400543213 | Logsumexp = 1.2671148777008057 | Steps Per Second = 178.569
I0502 15:36:26.576057 139579566835264 terminal.py:91] [Evaluator] Actor Episodes = 12084 | Actor Steps = 604200 | Delta Dist = 11.973 | Delta Dist 10 = 10.137 | Delta Dist 100 = 11.097 | Delta Dist 1000 = 10.490 | Episode Length = 50 | Episode Return = 19.0 | Evaluator Episodes = 3043 | Evaluator Steps = 152150 | Final Dist = 0.834 | Final Dist 10 = 2.669 | Final Dist 100 = 1.709 | Final Dist 1000 = 2.316 | Init Dist = 12.806 | Init Dist 10 = 12.806 | Init Dist 100 = 12.806 | Init Dist 1000 = 12.806 | Learner Steps = 9286 | Learner Walltime = 1810.574 | Min Dist = 0.072 | Min Dist 10 = 1.756 | Min Dist 100 = 0.923 | Min Dist 1000 = 1.622 | Steps Per Second = 82.518 | Success = 1.000 | Success 1000 = 0.793
I0502 15:36:27.741655 139579566835264 terminal.py:91] [Evaluator] Actor Episodes = 12092 | Actor Steps = 604600 | Delta Dist = 11.257 | Delta Dist 10 = 10.116 | Delta Dist 100 = 11.082 | Delta Dist 1000 = 10.509 | Episode Length = 50 | Episode Return = 21.0 | Evaluator Episodes = 3045 | Evaluator Steps = 152250 | Final Dist = 1.550 | Final Dist 10 = 2.691 | Final Dist 100 = 1.724 | Final Dist 1000 = 2.297 | Init Dist = 12.806 | Init Dist 10 = 12.806 | Init Dist 100 = 12.806 | Init Dist 1000 = 12.806 | Learner Steps = 9292 | Learner Walltime = 1811.645 | Min Dist = 0.138 | Min Dist 10 = 1.768 | Min Dist 100 = 0.924 | Min Dist 1000 = 1.602 | Steps Per Second = 88.731 | Success = 1.000 | Success 1000 = 0.795
I0502 15:36:27.962992 139584504182336 lp_utils.py:96] StepsLimiter: Reached 604600 recorded steps
I0502 15:36:28.963737 139579566835264 terminal.py:91] [Evaluator] Actor Episodes = 12100 | Actor Steps = 605000 | Delta Dist = 12.197 | Delta Dist 10 = 9.991 | Delta Dist 100 = 11.080 | Delta Dist 1000 = 10.509 | Episode Length = 50 | Episode Return = 25.0 | Evaluator Episodes = 3047 | Evaluator Steps = 152350 | Final Dist = 0.609 | Final Dist 10 = 2.815 | Final Dist 100 = 1.726 | Final Dist 1000 = 2.298 | Init Dist = 12.806 | Init Dist 10 = 12.806 | Init Dist 100 = 12.806 | Init Dist 1000 = 12.806 | Learner Steps = 9297 | Learner Walltime = 1812.813 | Min Dist = 0.186 | Min Dist 10 = 1.788 | Min Dist 100 = 0.926 | Min Dist 1000 = 1.601 | Steps Per Second = 79.258 | Success = 1.000 | Success 1000 = 0.796
I0502 15:36:29.290493 139558059398720 terminal.py:91] [Actor] Actor Episodes = 12101 | Actor Steps = 605050 | Delta Dist = 6.129 | Delta Dist 10 = 4.240 | Delta Dist 100 = 4.259 | Delta Dist 1000 = 4.160 | Episode Length = 50 | Episode Return = 47.0 | Evaluator Episodes = 3045 | Evaluator Steps = 152250 | Final Dist = 0.579 | Final Dist 10 = 1.394 | Final Dist 100 = 1.507 | Final Dist 1000 = 1.510 | Init Dist = 6.708 | Init Dist 10 = 5.633 | Init Dist 100 = 5.765 | Init Dist 1000 = 5.670 | Learner Steps = 9297 | Learner Walltime = 1812.813 | Min Dist = 0.023 | Min Dist 10 = 0.102 | Min Dist 100 = 0.305 | Min Dist 1000 = 0.160 | Steps Per Second = 86.421 | Success = 1.000 | Success 1000 = 0.994
I0502 15:36:30.168270 139579566835264 terminal.py:91] [Evaluator] Actor Episodes = 12108 | Actor Steps = 605400 | Delta Dist = 12.707 | Delta Dist 10 = 10.118 | Delta Dist 100 = 11.027 | Delta Dist 1000 = 10.505 | Episode Length = 50 | Episode Return = 20.0 | Evaluator Episodes = 3049 | Evaluator Steps = 152450 | Final Dist = 0.099 | Final Dist 10 = 2.688 | Final Dist 100 = 1.779 | Final Dist 1000 = 2.301 | Init Dist = 12.806 | Init Dist 10 = 12.806 | Init Dist 100 = 12.806 | Init Dist 1000 = 12.806 | Learner Steps = 9304 | Learner Walltime = 1814.059 | Min Dist = 0.055 | Min Dist 10 = 1.783 | Min Dist 100 = 0.984 | Min Dist 1000 = 1.605 | Steps Per Second = 81.382 | Success = 1.000 | Success 1000 = 0.796
I0502 15:36:30.547672 139557462840896 terminal.py:91] [Actor] Actor Episodes = 12110 | Actor Steps = 605500 | Delta Dist = 6.061 | Delta Dist 10 = 4.378 | Delta Dist 100 = 4.370 | Delta Dist 1000 = 4.170 | Episode Length = 50 | Episode Return = 32.0 | Evaluator Episodes = 3049 | Evaluator Steps = 152450 | Final Dist = 0.647 | Final Dist 10 = 2.056 | Final Dist 100 = 1.455 | Final Dist 1000 = 1.504 | Init Dist = 6.708 | Init Dist 10 = 6.434 | Init Dist 100 = 5.825 | Init Dist 1000 = 5.674 | Learner Steps = 9304 | Learner Walltime = 1814.059 | Min Dist = 0.009 | Min Dist 10 = 0.087 | Min Dist 100 = 0.305 | Min Dist 1000 = 0.155 | Steps Per Second = 89.075 | Success = 1.000 | Success 1000 = 0.994
I0502 15:36:30.584101 139555860620864 terminal.py:91] [Actor] Actor Episodes = 12112 | Actor Steps = 605600 | Delta Dist = 1.678 | Delta Dist 10 = 4.815 | Delta Dist 100 = 4.344 | Delta Dist 1000 = 4.169 | Episode Length = 50 | Episode Return = 28.0 | Evaluator Episodes = 3049 | Evaluator Steps = 152450 | Final Dist = 10.363 | Final Dist 10 = 1.172 | Final Dist 100 = 1.449 | Final Dist 1000 = 1.504 | Init Dist = 12.042 | Init Dist 10 = 5.987 | Init Dist 100 = 5.793 | Init Dist 1000 = 5.672 | Learner Steps = 9304 | Learner Walltime = 1814.059 | Min Dist = 0.195 | Min Dist 10 = 0.083 | Min Dist 100 = 0.305 | Min Dist 1000 = 0.154 | Steps Per Second = 91.308 | Success = 1.000 | Success 1000 = 0.994
I0502 15:36:30.994426 139569349502528 terminal.py:91] [Actor] Actor Episodes = 12114 | Actor Steps = 605700 | Delta Dist = 7.583 | Delta Dist 10 = 5.638 | Delta Dist 100 = 4.436 | Delta Dist 1000 = 4.176 | Episode Length = 50 | Episode Return = 40.0 | Evaluator Episodes = 3049 | Evaluator Steps = 152450 | Final Dist = 0.033 | Final Dist 10 = 0.882 | Final Dist 100 = 1.428 | Final Dist 1000 = 1.503 | Init Dist = 7.616 | Init Dist 10 = 6.520 | Init Dist 100 = 5.864 | Init Dist 1000 = 5.678 | Learner Steps = 9304 | Learner Walltime = 1814.059 | Min Dist = 0.009 | Min Dist 10 = 0.088 | Min Dist 100 = 0.304 | Min Dist 1000 = 0.154 | Steps Per Second = 81.717 | Success = 1.000 | Success 1000 = 0.994
I0502 15:36:31.284107 139579566835264 terminal.py:91] [Evaluator] Actor Episodes = 12116 | Actor Steps = 605800 | Delta Dist = 11.439 | Delta Dist 10 = 10.269 | Delta Dist 100 = 11.039 | Delta Dist 1000 = 10.506 | Episode Length = 50 | Episode Return = 12.0 | Evaluator Episodes = 3051 | Evaluator Steps = 152550 | Final Dist = 1.367 | Final Dist 10 = 2.537 | Final Dist 100 = 1.767 | Final Dist 1000 = 2.301 | Init Dist = 12.806 | Init Dist 10 = 12.806 | Init Dist 100 = 12.806 | Init Dist 1000 = 12.806 | Learner Steps = 9311 | Learner Walltime = 1815.379 | Min Dist = 0.086 | Min Dist 10 = 1.761 | Min Dist 100 = 0.984 | Min Dist 1000 = 1.605 | Steps Per Second = 96.357 | Success = 1.000 | Success 1000 = 0.796
I0502 15:36:32.456698 139579566835264 terminal.py:91] [Evaluator] Actor Episodes = 12124 | Actor Steps = 606200 | Delta Dist = 11.805 | Delta Dist 10 = 11.312 | Delta Dist 100 = 11.025 | Delta Dist 1000 = 10.507 | Episode Length = 50 | Episode Return = 7.0 | Evaluator Episodes = 3053 | Evaluator Steps = 152650 | Final Dist = 1.002 | Final Dist 10 = 1.495 | Final Dist 100 = 1.782 | Final Dist 1000 = 2.299 | Init Dist = 12.806 | Init Dist 10 = 12.806 | Init Dist 100 = 12.806 | Init Dist 1000 = 12.806 | Learner Steps = 9317 | Learner Walltime = 1816.477 | Min Dist = 0.494 | Min Dist 10 = 0.750 | Min Dist 100 = 0.984 | Min Dist 1000 = 1.604 | Steps Per Second = 89.470 | Success = 1.000 | Success 1000 = 0.797
I0502 15:36:33.581437 139579566835264 terminal.py:91] [Evaluator] Actor Episodes = 12132 | Actor Steps = 606600 | Delta Dist = 6.006 | Delta Dist 10 = 11.299 | Delta Dist 100 = 11.023 | Delta Dist 1000 = 10.527 | Episode Length = 50 | Episode Return = 0.0 | Evaluator Episodes = 3055 | Evaluator Steps = 152750 | Final Dist = 6.800 | Final Dist 10 = 1.507 | Final Dist 100 = 1.783 | Final Dist 1000 = 2.280 | Init Dist = 12.806 | Init Dist 10 = 12.806 | Init Dist 100 = 12.806 | Init Dist 1000 = 12.806 | Learner Steps = 9322 | Learner Walltime = 1817.552 | Min Dist = 5.844 | Min Dist 10 = 0.775 | Min Dist 100 = 0.983 | Min Dist 1000 = 1.583 | Steps Per Second = 94.912 | Success = 0.000 | Success 1000 = 0.799
I0502 15:36:34.676214 139579566835264 terminal.py:91] [Evaluator] Actor Episodes = 12140 | Actor Steps = 607000 | Delta Dist = 12.571 | Delta Dist 10 = 10.801 | Delta Dist 100 = 10.979 | Delta Dist 1000 = 10.527 | Episode Length = 50 | Episode Return = 19.0 | Evaluator Episodes = 3057 | Evaluator Steps = 152850 | Final Dist = 0.235 | Final Dist 10 = 2.005 | Final Dist 100 = 1.828 | Final Dist 1000 = 2.279 | Init Dist = 12.806 | Init Dist 10 = 12.806 | Init Dist 100 = 12.806 | Init Dist 1000 = 12.806 | Learner Steps = 9330 | Learner Walltime = 1818.846 | Min Dist = 0.099 | Min Dist 10 = 1.340 | Min Dist 100 = 1.038 | Min Dist 1000 = 1.582 | Steps Per Second = 89.507 | Success = 1.000 | Success 1000 = 0.799
I0502 15:36:35.832915 139555013154368 terminal.py:91] [Learner] Actor Episodes = 12148 | Actor Loss = 3.585638999938965 | Actor Steps = 607400 | Binary Accuracy = 0.9960784912109375 | Categorical Accuracy = 0.4088134765625 | Critic Loss = 1.9685008525848389 | Entropy Mean = -19.058517456054688 | Evaluator Episodes = 3057 | Evaluator Steps = 152850 | Learner Steps = 9336 | Learner Walltime = 1820.030 | Logits Neg = -16.22641372680664 | Logits Pos = -1.9576982259750366 | Logsumexp = 1.1432013511657715 | Steps Per Second = 239.807
I0502 15:36:35.893072 139579566835264 terminal.py:91] [Evaluator] Actor Episodes = 12148 | Actor Steps = 607400 | Delta Dist = 11.690 | Delta Dist 10 = 11.457 | Delta Dist 100 = 11.069 | Delta Dist 1000 = 10.547 | Episode Length = 50 | Episode Return = 11.0 | Evaluator Episodes = 3059 | Evaluator Steps = 152950 | Final Dist = 1.117 | Final Dist 10 = 1.349 | Final Dist 100 = 1.737 | Final Dist 1000 = 2.259 | Init Dist = 12.806 | Init Dist 10 = 12.806 | Init Dist 100 = 12.806 | Init Dist 1000 = 12.806 | Learner Steps = 9336 | Learner Walltime = 1820.030 | Min Dist = 0.087 | Min Dist 10 = 0.782 | Min Dist 100 = 0.977 | Min Dist 1000 = 1.562 | Steps Per Second = 88.120 | Success = 1.000 | Success 1000 = 0.801
I0502 15:36:37.059004 139579566835264 terminal.py:91] [Evaluator] Actor Episodes = 12156 | Actor Steps = 607800 | Delta Dist = 11.733 | Delta Dist 10 = 11.396 | Delta Dist 100 = 11.076 | Delta Dist 1000 = 10.546 | Episode Length = 50 | Episode Return = 25.0 | Evaluator Episodes = 3061 | Evaluator Steps = 153050 | Final Dist = 1.073 | Final Dist 10 = 1.410 | Final Dist 100 = 1.731 | Final Dist 1000 = 2.260 | Init Dist = 12.806 | Init Dist 10 = 12.806 | Init Dist 100 = 12.806 | Init Dist 1000 = 12.806 | Learner Steps = 9342 | Learner Walltime = 1821.065 | Min Dist = 0.058 | Min Dist 10 = 0.754 | Min Dist 100 = 0.973 | Min Dist 1000 = 1.562 | Steps Per Second = 77.585 | Success = 1.000 | Success 1000 = 0.801
I0502 15:36:37.982135 139584504182336 lp_utils.py:96] StepsLimiter: Reached 608000 recorded steps
I0502 15:36:38.201781 139579566835264 terminal.py:91] [Evaluator] Actor Episodes = 12162 | Actor Steps = 608100 | Delta Dist = 4.387 | Delta Dist 10 = 11.412 | Delta Dist 100 = 11.068 | Delta Dist 1000 = 10.545 | Episode Length = 50 | Episode Return = 0.0 | Evaluator Episodes = 3063 | Evaluator Steps = 153150 | Final Dist = 8.419 | Final Dist 10 = 1.394 | Final Dist 100 = 1.738 | Final Dist 1000 = 2.262 | Init Dist = 12.806 | Init Dist 10 = 12.806 | Init Dist 100 = 12.806 | Init Dist 1000 = 12.806 | Learner Steps = 9348 | Learner Walltime = 1822.311 | Min Dist = 7.182 | Min Dist 10 = 0.725 | Min Dist 100 = 0.968 | Min Dist 1000 = 1.562 | Steps Per Second = 87.491 | Success = 0.000 | Success 1000 = 0.801
I0502 15:36:38.429046 139583350109760 savers.py:156] Saving checkpoint: logs/contrastive_cpc_point_FourRooms_64/5dd72662-2788-11f0-b183-d85ed38c5779/checkpoints/learner
I0502 15:36:39.450447 139579566835264 terminal.py:91] [Evaluator] Actor Episodes = 12170 | Actor Steps = 608500 | Delta Dist = 12.453 | Delta Dist 10 = 10.601 | Delta Dist 100 = 10.986 | Delta Dist 1000 = 10.536 | Episode Length = 50 | Episode Return = 16.0 | Evaluator Episodes = 3065 | Evaluator Steps = 153250 | Final Dist = 0.354 | Final Dist 10 = 2.205 | Final Dist 100 = 1.820 | Final Dist 1000 = 2.270 | Init Dist = 12.806 | Init Dist 10 = 12.806 | Init Dist 100 = 12.806 | Init Dist 1000 = 12.806 | Learner Steps = 9354 | Learner Walltime = 1823.501 | Min Dist = 0.287 | Min Dist 10 = 1.553 | Min Dist 100 = 1.047 | Min Dist 1000 = 1.570 | Steps Per Second = 82.990 | Success = 1.000 | Success 1000 = 0.799
I0502 15:36:39.545645 139558059398720 terminal.py:91] [Actor] Actor Episodes = 12172 | Actor Steps = 608600 | Delta Dist = 3.749 | Delta Dist 10 = 4.056 | Delta Dist 100 = 4.490 | Delta Dist 1000 = 4.139 | Episode Length = 50 | Episode Return = 48.0 | Evaluator Episodes = 3065 | Evaluator Steps = 153250 | Final Dist = 0.494 | Final Dist 10 = 2.359 | Final Dist 100 = 1.231 | Final Dist 1000 = 1.530 | Init Dist = 4.243 | Init Dist 10 = 6.415 | Init Dist 100 = 5.721 | Init Dist 1000 = 5.670 | Learner Steps = 9354 | Learner Walltime = 1823.501 | Min Dist = 0.075 | Min Dist 10 = 0.084 | Min Dist 100 = 0.086 | Min Dist 1000 = 0.155 | Steps Per Second = 77.519 | Success = 1.000 | Success 1000 = 0.995
I0502 15:36:40.283607 139584635659840 savers.py:156] Saving checkpoint: logs/contrastive_cpc_point_FourRooms_64/5dd72662-2788-11f0-b183-d85ed38c5779/checkpoints/counter
I0502 15:36:40.579447 139557462840896 terminal.py:91] [Actor] Actor Episodes = 12175 | Actor Steps = 608750 | Delta Dist = 9.779 | Delta Dist 10 = 4.634 | Delta Dist 100 = 4.620 | Delta Dist 1000 = 4.133 | Episode Length = 50 | Episode Return = 24.0 | Evaluator Episodes = 3065 | Evaluator Steps = 153250 | Final Dist = 0.120 | Final Dist 10 = 1.296 | Final Dist 100 = 1.187 | Final Dist 1000 = 1.519 | Init Dist = 9.899 | Init Dist 10 = 5.930 | Init Dist 100 = 5.806 | Init Dist 1000 = 5.651 | Learner Steps = 9354 | Learner Walltime = 1823.501 | Min Dist = 0.013 | Min Dist 10 = 0.112 | Min Dist 100 = 0.094 | Min Dist 1000 = 0.155 | Steps Per Second = 83.084 | Success = 1.000 | Success 1000 = 0.995
I0502 15:36:40.688982 139579566835264 terminal.py:91] [Evaluator] Actor Episodes = 12178 | Actor Steps = 608900 | Delta Dist = 11.558 | Delta Dist 10 = 11.172 | Delta Dist 100 = 10.993 | Delta Dist 1000 = 10.536 | Episode Length = 50 | Episode Return = 24.0 | Evaluator Episodes = 3067 | Evaluator Steps = 153350 | Final Dist = 1.248 | Final Dist 10 = 1.634 | Final Dist 100 = 1.813 | Final Dist 1000 = 2.270 | Init Dist = 12.806 | Init Dist 10 = 12.806 | Init Dist 100 = 12.806 | Init Dist 1000 = 12.806 | Learner Steps = 9360 | Learner Walltime = 1824.510 | Min Dist = 0.211 | Min Dist 10 = 0.998 | Min Dist 100 = 1.044 | Min Dist 1000 = 1.570 | Steps Per Second = 82.194 | Success = 1.000 | Success 1000 = 0.799
I0502 15:36:40.791694 139555860620864 terminal.py:91] [Actor] Actor Episodes = 12177 | Actor Steps = 608850 | Delta Dist = 10.370 | Delta Dist 10 = 4.433 | Delta Dist 100 = 4.580 | Delta Dist 1000 = 4.140 | Episode Length = 50 | Episode Return = 44.0 | Evaluator Episodes = 3065 | Evaluator Steps = 153250 | Final Dist = 0.447 | Final Dist 10 = 1.864 | Final Dist 100 = 1.245 | Final Dist 1000 = 1.517 | Init Dist = 10.817 | Init Dist 10 = 6.297 | Init Dist 100 = 5.826 | Init Dist 1000 = 5.658 | Learner Steps = 9354 | Learner Walltime = 1823.501 | Min Dist = 0.215 | Min Dist 10 = 0.115 | Min Dist 100 = 0.091 | Min Dist 1000 = 0.155 | Steps Per Second = 81.922 | Success = 1.000 | Success 1000 = 0.995
I0502 15:36:41.005358 139569349502528 terminal.py:91] [Actor] Actor Episodes = 12179 | Actor Steps = 608950 | Delta Dist = 4.937 | Delta Dist 10 = 5.121 | Delta Dist 100 = 4.649 | Delta Dist 1000 = 4.149 | Episode Length = 50 | Episode Return = 16.0 | Evaluator Episodes = 3065 | Evaluator Steps = 153250 | Final Dist = 0.063 | Final Dist 10 = 1.336 | Final Dist 100 = 1.243 | Final Dist 1000 = 1.517 | Init Dist = 5.000 | Init Dist 10 = 6.457 | Init Dist 100 = 5.893 | Init Dist 1000 = 5.665 | Learner Steps = 9360 | Learner Walltime = 1824.510 | Min Dist = 0.050 | Min Dist 10 = 0.129 | Min Dist 100 = 0.092 | Min Dist 1000 = 0.155 | Steps Per Second = 81.536 | Success = 1.000 | Success 1000 = 0.995
I0502 15:36:41.912136 139579566835264 terminal.py:91] [Evaluator] Actor Episodes = 12186 | Actor Steps = 609300 | Delta Dist = 12.381 | Delta Dist 10 = 11.012 | Delta Dist 100 = 10.999 | Delta Dist 1000 = 10.536 | Episode Length = 50 | Episode Return = 22.0 | Evaluator Episodes = 3069 | Evaluator Steps = 153450 | Final Dist = 0.426 | Final Dist 10 = 1.795 | Final Dist 100 = 1.808 | Final Dist 1000 = 2.270 | Init Dist = 12.806 | Init Dist 10 = 12.806 | Init Dist 100 = 12.806 | Init Dist 1000 = 12.806 | Learner Steps = 9366 | Learner Walltime = 1825.930 | Min Dist = 0.154 | Min Dist 10 = 1.017 | Min Dist 100 = 1.046 | Min Dist 1000 = 1.570 | Steps Per Second = 81.684 | Success = 1.000 | Success 1000 = 0.799
I0502 15:36:43.060613 139579566835264 terminal.py:91] [Evaluator] Actor Episodes = 12194 | Actor Steps = 609700 | Delta Dist = 11.321 | Delta Dist 10 = 11.114 | Delta Dist 100 = 11.016 | Delta Dist 1000 = 10.537 | Episode Length = 50 | Episode Return = 11.0 | Evaluator Episodes = 3071 | Evaluator Steps = 153550 | Final Dist = 1.485 | Final Dist 10 = 1.692 | Final Dist 100 = 1.790 | Final Dist 1000 = 2.269 | Init Dist = 12.806 | Init Dist 10 = 12.806 | Init Dist 100 = 12.806 | Init Dist 1000 = 12.806 | Learner Steps = 9372 | Learner Walltime = 1827.175 | Min Dist = 0.322 | Min Dist 10 = 1.031 | Min Dist 100 = 1.040 | Min Dist 1000 = 1.569 | Steps Per Second = 88.796 | Success = 1.000 | Success 1000 = 0.799
I0502 15:36:44.317414 139579566835264 terminal.py:91] [Evaluator] Actor Episodes = 12202 | Actor Steps = 610100 | Delta Dist = 11.475 | Delta Dist 10 = 11.195 | Delta Dist 100 = 11.023 | Delta Dist 1000 = 10.537 | Episode Length = 50 | Episode Return = 17.0 | Evaluator Episodes = 3073 | Evaluator Steps = 153650 | Final Dist = 1.331 | Final Dist 10 = 1.611 | Final Dist 100 = 1.783 | Final Dist 1000 = 2.269 | Init Dist = 12.806 | Init Dist 10 = 12.806 | Init Dist 100 = 12.806 | Init Dist 1000 = 12.806 | Learner Steps = 9380 | Learner Walltime = 1828.394 | Min Dist = 0.058 | Min Dist 10 = 1.059 | Min Dist 100 = 1.039 | Min Dist 1000 = 1.569 | Steps Per Second = 72.051 | Success = 1.000 | Success 1000 = 0.799
I0502 15:36:45.448872 139579566835264 terminal.py:91] [Evaluator] Actor Episodes = 12210 | Actor Steps = 610500 | Delta Dist = 11.544 | Delta Dist 10 = 11.933 | Delta Dist 100 = 11.016 | Delta Dist 1000 = 10.544 | Episode Length = 50 | Episode Return = 4.0 | Evaluator Episodes = 3075 | Evaluator Steps = 153750 | Final Dist = 1.262 | Final Dist 10 = 0.873 | Final Dist 100 = 1.790 | Final Dist 1000 = 2.262 | Init Dist = 12.806 | Init Dist 10 = 12.806 | Init Dist 100 = 12.806 | Init Dist 1000 = 12.806 | Learner Steps = 9386 | Learner Walltime = 1829.625 | Min Dist = 0.275 | Min Dist 10 = 0.180 | Min Dist 100 = 1.038 | Min Dist 1000 = 1.562 | Steps Per Second = 83.617 | Success = 1.000 | Success 1000 = 0.800
I0502 15:36:46.072788 139555013154368 terminal.py:91] [Learner] Actor Episodes = 12210 | Actor Loss = 3.626502752304077 | Actor Steps = 610500 | Binary Accuracy = 0.9959452152252197 | Categorical Accuracy = 0.4173583984375 | Critic Loss = 1.9293296337127686 | Entropy Mean = -19.084224700927734 | Evaluator Episodes = 3073 | Evaluator Steps = 153650 | Learner Steps = 9389 | Learner Walltime = 1830.268 | Logits Neg = -16.04532241821289 | Logits Pos = -1.9188473224639893 | Logsumexp = 1.3532352447509766 | Steps Per Second = 168.127
I0502 15:36:46.643148 139579566835264 terminal.py:91] [Evaluator] Actor Episodes = 12218 | Actor Steps = 610900 | Delta Dist = 11.489 | Delta Dist 10 = 10.781 | Delta Dist 100 = 10.908 | Delta Dist 1000 = 10.543 | Episode Length = 50 | Episode Return = 11.0 | Evaluator Episodes = 3077 | Evaluator Steps = 153850 | Final Dist = 1.318 | Final Dist 10 = 2.025 | Final Dist 100 = 1.898 | Final Dist 1000 = 2.264 | Init Dist = 12.806 | Init Dist 10 = 12.806 | Init Dist 100 = 12.806 | Init Dist 1000 = 12.806 | Learner Steps = 9392 | Learner Walltime = 1830.825 | Min Dist = 0.436 | Min Dist 10 = 1.184 | Min Dist 100 = 1.140 | Min Dist 1000 = 1.562 | Steps Per Second = 80.652 | Success = 1.000 | Success 1000 = 0.800
I0502 15:36:47.798331 139579566835264 terminal.py:91] [Evaluator] Actor Episodes = 12226 | Actor Steps = 611300 | Delta Dist = 12.422 | Delta Dist 10 = 10.271 | Delta Dist 100 = 10.853 | Delta Dist 1000 = 10.548 | Episode Length = 50 | Episode Return = 9.0 | Evaluator Episodes = 3079 | Evaluator Steps = 153950 | Final Dist = 0.384 | Final Dist 10 = 2.536 | Final Dist 100 = 1.953 | Final Dist 1000 = 2.258 | Init Dist = 12.806 | Init Dist 10 = 12.806 | Init Dist 100 = 12.806 | Init Dist 1000 = 12.806 | Learner Steps = 9392 | Learner Walltime = 1830.825 | Min Dist = 0.169 | Min Dist 10 = 1.758 | Min Dist 100 = 1.202 | Min Dist 1000 = 1.555 | Steps Per Second = 94.943 | Success = 1.000 | Success 1000 = 0.801
I0502 15:36:47.996708 139584504182336 lp_utils.py:96] StepsLimiter: Reached 611400 recorded steps
I0502 15:36:48.950519 139579566835264 terminal.py:91] [Evaluator] Actor Episodes = 12234 | Actor Steps = 611700 | Delta Dist = 11.186 | Delta Dist 10 = 10.200 | Delta Dist 100 = 10.915 | Delta Dist 1000 = 10.548 | Episode Length = 50 | Episode Return = 15.0 | Evaluator Episodes = 3081 | Evaluator Steps = 154050 | Final Dist = 1.620 | Final Dist 10 = 2.606 | Final Dist 100 = 1.891 | Final Dist 1000 = 2.258 | Init Dist = 12.806 | Init Dist 10 = 12.806 | Init Dist 100 = 12.806 | Init Dist 1000 = 12.806 | Learner Steps = 9398 | Learner Walltime = 1832.025 | Min Dist = 0.067 | Min Dist 10 = 1.762 | Min Dist 100 = 1.137 | Min Dist 1000 = 1.555 | Steps Per Second = 85.450 | Success = 1.000 | Success 1000 = 0.801
I0502 15:36:49.554560 139558059398720 terminal.py:91] [Actor] Actor Episodes = 12237 | Actor Steps = 611850 | Delta Dist = 6.267 | Delta Dist 10 = 4.603 | Delta Dist 100 = 4.109 | Delta Dist 1000 = 4.173 | Episode Length = 50 | Episode Return = 25.0 | Evaluator Episodes = 3081 | Evaluator Steps = 154050 | Final Dist = 0.058 | Final Dist 10 = 2.196 | Final Dist 100 = 1.421 | Final Dist 1000 = 1.516 | Init Dist = 6.325 | Init Dist 10 = 6.799 | Init Dist 100 = 5.530 | Init Dist 1000 = 5.689 | Learner Steps = 9398 | Learner Walltime = 1832.025 | Min Dist = 0.058 | Min Dist 10 = 0.124 | Min Dist 100 = 0.136 | Min Dist 1000 = 0.159 | Steps Per Second = 85.990 | Success = 1.000 | Success 1000 = 0.993
I0502 15:36:50.105679 139579566835264 terminal.py:91] [Evaluator] Actor Episodes = 12242 | Actor Steps = 612100 | Delta Dist = 5.354 | Delta Dist 10 = 10.119 | Delta Dist 100 = 11.018 | Delta Dist 1000 = 10.547 | Episode Length = 50 | Episode Return = 0.0 | Evaluator Episodes = 3083 | Evaluator Steps = 154150 | Final Dist = 7.452 | Final Dist 10 = 2.687 | Final Dist 100 = 1.788 | Final Dist 1000 = 2.259 | Init Dist = 12.806 | Init Dist 10 = 12.806 | Init Dist 100 = 12.806 | Init Dist 1000 = 12.806 | Learner Steps = 9404 | Learner Walltime = 1833.176 | Min Dist = 5.919 | Min Dist 10 = 1.738 | Min Dist 100 = 1.033 | Min Dist 1000 = 1.555 | Steps Per Second = 78.546 | Success = 0.000 | Success 1000 = 0.801
I0502 15:36:50.650093 139557462840896 terminal.py:91] [Actor] Actor Episodes = 12246 | Actor Steps = 612300 | Delta Dist = 2.091 | Delta Dist 10 = 4.177 | Delta Dist 100 = 4.120 | Delta Dist 1000 = 4.173 | Episode Length = 50 | Episode Return = 40.0 | Evaluator Episodes = 3083 | Evaluator Steps = 154150 | Final Dist = 0.145 | Final Dist 10 = 1.302 | Final Dist 100 = 1.450 | Final Dist 1000 = 1.507 | Init Dist = 2.236 | Init Dist 10 = 5.480 | Init Dist 100 = 5.571 | Init Dist 1000 = 5.680 | Learner Steps = 9411 | Learner Walltime = 1834.394 | Min Dist = 0.025 | Min Dist 10 = 0.096 | Min Dist 100 = 0.136 | Min Dist 1000 = 0.159 | Steps Per Second = 83.336 | Success = 1.000 | Success 1000 = 0.993
I0502 15:36:50.880125 139555860620864 terminal.py:91] [Actor] Actor Episodes = 12248 | Actor Steps = 612400 | Delta Dist = 2.552 | Delta Dist 10 = 4.175 | Delta Dist 100 = 4.057 | Delta Dist 1000 = 4.175 | Episode Length = 50 | Episode Return = 26.0 | Evaluator Episodes = 3083 | Evaluator Steps = 154150 | Final Dist = 0.276 | Final Dist 10 = 0.908 | Final Dist 100 = 1.451 | Final Dist 1000 = 1.498 | Init Dist = 2.828 | Init Dist 10 = 5.083 | Init Dist 100 = 5.507 | Init Dist 1000 = 5.673 | Learner Steps = 9411 | Learner Walltime = 1834.394 | Min Dist = 0.111 | Min Dist 10 = 0.104 | Min Dist 100 = 0.138 | Min Dist 1000 = 0.159 | Steps Per Second = 76.113 | Success = 1.000 | Success 1000 = 0.993
I0502 15:36:51.316094 139569349502528 terminal.py:91] [Actor] Actor Episodes = 12252 | Actor Steps = 612600 | Delta Dist = 3.432 | Delta Dist 10 = 3.219 | Delta Dist 100 = 4.015 | Delta Dist 1000 = 4.175 | Episode Length = 50 | Episode Return = 42.0 | Evaluator Episodes = 3083 | Evaluator Steps = 154150 | Final Dist = 0.691 | Final Dist 10 = 1.692 | Final Dist 100 = 1.537 | Final Dist 1000 = 1.500 | Init Dist = 4.123 | Init Dist 10 = 4.911 | Init Dist 100 = 5.552 | Init Dist 1000 = 5.675 | Learner Steps = 9411 | Learner Walltime = 1834.394 | Min Dist = 0.299 | Min Dist 10 = 0.110 | Min Dist 100 = 0.139 | Min Dist 1000 = 0.160 | Steps Per Second = 83.450 | Success = 1.000 | Success 1000 = 0.993
I0502 15:36:51.319854 139579566835264 terminal.py:91] [Evaluator] Actor Episodes = 12252 | Actor Steps = 612600 | Delta Dist = 11.777 | Delta Dist 10 = 9.510 | Delta Dist 100 = 10.935 | Delta Dist 1000 = 10.540 | Episode Length = 50 | Episode Return = 25.0 | Evaluator Episodes = 3085 | Evaluator Steps = 154250 | Final Dist = 1.029 | Final Dist 10 = 3.296 | Final Dist 100 = 1.871 | Final Dist 1000 = 2.266 | Init Dist = 12.806 | Init Dist 10 = 12.806 | Init Dist 100 = 12.806 | Init Dist 1000 = 12.806 | Learner Steps = 9411 | Learner Walltime = 1834.394 | Min Dist = 0.121 | Min Dist 10 = 2.354 | Min Dist 100 = 1.093 | Min Dist 1000 = 1.561 | Steps Per Second = 81.306 | Success = 1.000 | Success 1000 = 0.800
I0502 15:36:52.441952 139579566835264 terminal.py:91] [Evaluator] Actor Episodes = 12258 | Actor Steps = 612900 | Delta Dist = 11.525 | Delta Dist 10 = 10.535 | Delta Dist 100 = 10.929 | Delta Dist 1000 = 10.540 | Episode Length = 50 | Episode Return = 4.0 | Evaluator Episodes = 3087 | Evaluator Steps = 154350 | Final Dist = 1.281 | Final Dist 10 = 2.271 | Final Dist 100 = 1.877 | Final Dist 1000 = 2.267 | Init Dist = 12.806 | Init Dist 10 = 12.806 | Init Dist 100 = 12.806 | Init Dist 1000 = 12.806 | Learner Steps = 9417 | Learner Walltime = 1835.596 | Min Dist = 0.195 | Min Dist 10 = 1.331 | Min Dist 100 = 1.092 | Min Dist 1000 = 1.560 | Steps Per Second = 94.028 | Success = 1.000 | Success 1000 = 0.800
I0502 15:36:53.612166 139579566835264 terminal.py:91] [Evaluator] Actor Episodes = 12264 | Actor Steps = 613200 | Delta Dist = 11.936 | Delta Dist 10 = 11.025 | Delta Dist 100 = 11.041 | Delta Dist 1000 = 10.540 | Episode Length = 50 | Episode Return = 21.0 | Evaluator Episodes = 3089 | Evaluator Steps = 154450 | Final Dist = 0.871 | Final Dist 10 = 1.781 | Final Dist 100 = 1.766 | Final Dist 1000 = 2.267 | Init Dist = 12.806 | Init Dist 10 = 12.806 | Init Dist 100 = 12.806 | Init Dist 1000 = 12.806 | Learner Steps = 9423 | Learner Walltime = 1836.740 | Min Dist = 0.113 | Min Dist 10 = 0.736 | Min Dist 100 = 0.988 | Min Dist 1000 = 1.560 | Steps Per Second = 89.369 | Success = 1.000 | Success 1000 = 0.800
I0502 15:36:54.722918 139579566835264 terminal.py:91] [Evaluator] Actor Episodes = 12272 | Actor Steps = 613600 | Delta Dist = 11.800 | Delta Dist 10 = 10.956 | Delta Dist 100 = 11.021 | Delta Dist 1000 = 10.540 | Episode Length = 50 | Episode Return = 17.0 | Evaluator Episodes = 3091 | Evaluator Steps = 154550 | Final Dist = 1.006 | Final Dist 10 = 1.850 | Final Dist 100 = 1.786 | Final Dist 1000 = 2.267 | Init Dist = 12.806 | Init Dist 10 = 12.806 | Init Dist 100 = 12.806 | Init Dist 1000 = 12.806 | Learner Steps = 9430 | Learner Walltime = 1837.963 | Min Dist = 0.100 | Min Dist 10 = 0.736 | Min Dist 100 = 0.989 | Min Dist 1000 = 1.560 | Steps Per Second = 93.463 | Success = 1.000 | Success 1000 = 0.800
I0502 15:36:55.976067 139579566835264 terminal.py:91] [Evaluator] Actor Episodes = 12280 | Actor Steps = 614000 | Delta Dist = 11.624 | Delta Dist 10 = 11.035 | Delta Dist 100 = 11.018 | Delta Dist 1000 = 10.540 | Episode Length = 50 | Episode Return = 17.0 | Evaluator Episodes = 3093 | Evaluator Steps = 154650 | Final Dist = 1.182 | Final Dist 10 = 1.771 | Final Dist 100 = 1.789 | Final Dist 1000 = 2.266 | Init Dist = 12.806 | Init Dist 10 = 12.806 | Init Dist 100 = 12.806 | Init Dist 1000 = 12.806 | Learner Steps = 9436 | Learner Walltime = 1839.076 | Min Dist = 0.172 | Min Dist 10 = 0.745 | Min Dist 100 = 0.990 | Min Dist 1000 = 1.559 | Steps Per Second = 77.149 | Success = 1.000 | Success 1000 = 0.800
I0502 15:36:56.142530 139555013154368 terminal.py:91] [Learner] Actor Episodes = 12284 | Actor Loss = 3.601224899291992 | Actor Steps = 614200 | Binary Accuracy = 0.9960472583770752 | Categorical Accuracy = 0.42425537109375 | Critic Loss = 2.0020065307617188 | Entropy Mean = -18.3668212890625 | Evaluator Episodes = 3093 | Evaluator Steps = 154650 | Learner Steps = 9443 | Learner Walltime = 1840.339 | Logits Neg = -15.9407958984375 | Logits Pos = -1.9789612293243408 | Logsumexp = 1.4033677577972412 | Steps Per Second = 136.882
I0502 15:36:57.138017 139579566835264 terminal.py:91] [Evaluator] Actor Episodes = 12288 | Actor Steps = 614400 | Delta Dist = 12.396 | Delta Dist 10 = 11.650 | Delta Dist 100 = 11.011 | Delta Dist 1000 = 10.540 | Episode Length = 50 | Episode Return = 9.0 | Evaluator Episodes = 3095 | Evaluator Steps = 154750 | Final Dist = 0.410 | Final Dist 10 = 1.156 | Final Dist 100 = 1.795 | Final Dist 1000 = 2.267 | Init Dist = 12.806 | Init Dist 10 = 12.806 | Init Dist 100 = 12.806 | Init Dist 1000 = 12.806 | Learner Steps = 9443 | Learner Walltime = 1840.339 | Min Dist = 0.410 | Min Dist 10 = 0.185 | Min Dist 100 = 0.991 | Min Dist 1000 = 1.559 | Steps Per Second = 86.579 | Success = 1.000 | Success 1000 = 0.800
I0502 15:36:58.014171 139584504182336 lp_utils.py:96] StepsLimiter: Reached 614800 recorded steps
I0502 15:36:58.345486 139579566835264 terminal.py:91] [Evaluator] Actor Episodes = 12296 | Actor Steps = 614800 | Delta Dist = 12.333 | Delta Dist 10 = 11.723 | Delta Dist 100 = 11.015 | Delta Dist 1000 = 10.550 | Episode Length = 50 | Episode Return = 21.0 | Evaluator Episodes = 3097 | Evaluator Steps = 154850 | Final Dist = 0.474 | Final Dist 10 = 1.083 | Final Dist 100 = 1.791 | Final Dist 1000 = 2.257 | Init Dist = 12.806 | Init Dist 10 = 12.806 | Init Dist 100 = 12.806 | Init Dist 1000 = 12.806 | Learner Steps = 9449 | Learner Walltime = 1841.549 | Min Dist = 0.164 | Min Dist 10 = 0.231 | Min Dist 100 = 0.993 | Min Dist 1000 = 1.549 | Steps Per Second = 81.048 | Success = 1.000 | Success 1000 = 0.801
I0502 15:36:59.501904 139579566835264 terminal.py:91] [Evaluator] Actor Episodes = 12304 | Actor Steps = 615200 | Delta Dist = 11.889 | Delta Dist 10 = 11.829 | Delta Dist 100 = 11.029 | Delta Dist 1000 = 10.550 | Episode Length = 50 | Episode Return = 13.0 | Evaluator Episodes = 3099 | Evaluator Steps = 154950 | Final Dist = 0.918 | Final Dist 10 = 0.977 | Final Dist 100 = 1.777 | Final Dist 1000 = 2.257 | Init Dist = 12.806 | Init Dist 10 = 12.806 | Init Dist 100 = 12.806 | Init Dist 1000 = 12.806 | Learner Steps = 9455 | Learner Walltime = 1842.701 | Min Dist = 0.215 | Min Dist 10 = 0.217 | Min Dist 100 = 0.988 | Min Dist 1000 = 1.549 | Steps Per Second = 82.170 | Success = 1.000 | Success 1000 = 0.801
I0502 15:37:00.133630 139558059398720 terminal.py:91] [Actor] Actor Episodes = 12307 | Actor Steps = 615350 | Delta Dist = -0.883 | Delta Dist 10 = 3.697 | Delta Dist 100 = 3.552 | Delta Dist 1000 = 4.124 | Episode Length = 50 | Episode Return = 0.0 | Evaluator Episodes = 3099 | Evaluator Steps = 154950 | Final Dist = 3.883 | Final Dist 10 = 1.513 | Final Dist 100 = 2.031 | Final Dist 1000 = 1.529 | Init Dist = 3.000 | Init Dist 10 = 5.210 | Init Dist 100 = 5.583 | Init Dist 1000 = 5.653 | Learner Steps = 9455 | Learner Walltime = 1842.701 | Min Dist = 0.141 | Min Dist 10 = 0.222 | Min Dist 100 = 0.349 | Min Dist 1000 = 0.182 | Steps Per Second = 82.902 | Success = 1.000 | Success 1000 = 0.992
I0502 15:37:00.652213 139579566835264 terminal.py:91] [Evaluator] Actor Episodes = 12312 | Actor Steps = 615600 | Delta Dist = 11.454 | Delta Dist 10 = 11.868 | Delta Dist 100 = 11.015 | Delta Dist 1000 = 10.557 | Episode Length = 50 | Episode Return = 2.0 | Evaluator Episodes = 3101 | Evaluator Steps = 155050 | Final Dist = 1.352 | Final Dist 10 = 0.938 | Final Dist 100 = 1.792 | Final Dist 1000 = 2.249 | Init Dist = 12.806 | Init Dist 10 = 12.806 | Init Dist 100 = 12.806 | Init Dist 1000 = 12.806 | Learner Steps = 9460 | Learner Walltime = 1843.830 | Min Dist = 0.520 | Min Dist 10 = 0.246 | Min Dist 100 = 0.992 | Min Dist 1000 = 1.543 | Steps Per Second = 88.226 | Success = 1.000 | Success 1000 = 0.802
I0502 15:37:01.263639 139557462840896 terminal.py:91] [Actor] Actor Episodes = 12318 | Actor Steps = 615900 | Delta Dist = 5.860 | Delta Dist 10 = 4.780 | Delta Dist 100 = 3.685 | Delta Dist 1000 = 4.131 | Episode Length = 50 | Episode Return = 32.0 | Evaluator Episodes = 3101 | Evaluator Steps = 155050 | Final Dist = 1.140 | Final Dist 10 = 0.840 | Final Dist 100 = 1.928 | Final Dist 1000 = 1.509 | Init Dist = 7.000 | Init Dist 10 = 5.620 | Init Dist 100 = 5.612 | Init Dist 1000 = 5.640 | Learner Steps = 9467 | Learner Walltime = 1844.943 | Min Dist = 0.088 | Min Dist 10 = 0.095 | Min Dist 100 = 0.337 | Min Dist 1000 = 0.174 | Steps Per Second = 79.052 | Success = 1.000 | Success 1000 = 0.992
I0502 15:37:01.338115 139555860620864 terminal.py:91] [Actor] Actor Episodes = 12320 | Actor Steps = 616000 | Delta Dist = 10.021 | Delta Dist 10 = 4.935 | Delta Dist 100 = 3.708 | Delta Dist 1000 = 4.132 | Episode Length = 50 | Episode Return = 21.0 | Evaluator Episodes = 3101 | Evaluator Steps = 155050 | Final Dist = 0.177 | Final Dist 10 = 1.161 | Final Dist 100 = 1.903 | Final Dist 1000 = 1.509 | Init Dist = 10.198 | Init Dist 10 = 6.096 | Init Dist 100 = 5.611 | Init Dist 1000 = 5.641 | Learner Steps = 9467 | Learner Walltime = 1844.943 | Min Dist = 0.177 | Min Dist 10 = 0.092 | Min Dist 100 = 0.338 | Min Dist 1000 = 0.175 | Steps Per Second = 89.982 | Success = 1.000 | Success 1000 = 0.992
I0502 15:37:01.357331 139569349502528 terminal.py:91] [Actor] Actor Episodes = 12317 | Actor Steps = 615850 | Delta Dist = -0.512 | Delta Dist 10 = 5.398 | Delta Dist 100 = 3.775 | Delta Dist 1000 = 4.134 | Episode Length = 50 | Episode Return = 22.0 | Evaluator Episodes = 3101 | Evaluator Steps = 155050 | Final Dist = 1.512 | Final Dist 10 = 0.796 | Final Dist 100 = 1.881 | Final Dist 1000 = 1.509 | Init Dist = 1.000 | Init Dist 10 = 6.194 | Init Dist 100 = 5.655 | Init Dist 1000 = 5.644 | Learner Steps = 9467 | Learner Walltime = 1844.943 | Min Dist = 0.226 | Min Dist 10 = 0.107 | Min Dist 100 = 0.340 | Min Dist 1000 = 0.175 | Steps Per Second = 96.662 | Success = 1.000 | Success 1000 = 0.992
I0502 15:37:01.799774 139579566835264 terminal.py:91] [Evaluator] Actor Episodes = 12322 | Actor Steps = 616100 | Delta Dist = 0.692 | Delta Dist 10 = 11.800 | Delta Dist 100 = 11.006 | Delta Dist 1000 = 10.576 | Episode Length = 50 | Episode Return = 0.0 | Evaluator Episodes = 3103 | Evaluator Steps = 155150 | Final Dist = 12.114 | Final Dist 10 = 1.006 | Final Dist 100 = 1.800 | Final Dist 1000 = 2.231 | Init Dist = 12.806 | Init Dist 10 = 12.806 | Init Dist 100 = 12.806 | Init Dist 1000 = 12.806 | Learner Steps = 9467 | Learner Walltime = 1844.943 | Min Dist = 10.101 | Min Dist 10 = 0.293 | Min Dist 100 = 0.998 | Min Dist 1000 = 1.523 | Steps Per Second = 92.217 | Success = 0.000 | Success 1000 = 0.804
I0502 15:37:03.098008 139579566835264 terminal.py:91] [Evaluator] Actor Episodes = 12330 | Actor Steps = 616500 | Delta Dist = 9.474 | Delta Dist 10 = 10.100 | Delta Dist 100 = 10.938 | Delta Dist 1000 = 10.559 | Episode Length = 50 | Episode Return = 0.0 | Evaluator Episodes = 3105 | Evaluator Steps = 155250 | Final Dist = 3.332 | Final Dist 10 = 2.706 | Final Dist 100 = 1.868 | Final Dist 1000 = 2.247 | Init Dist = 12.806 | Init Dist 10 = 12.806 | Init Dist 100 = 12.806 | Init Dist 1000 = 12.806 | Learner Steps = 9473 | Learner Walltime = 1846.078 | Min Dist = 3.332 | Min Dist 10 = 1.962 | Min Dist 100 = 1.053 | Min Dist 1000 = 1.538 | Steps Per Second = 77.296 | Success = 0.000 | Success 1000 = 0.803
I0502 15:37:04.222308 139579566835264 terminal.py:91] [Evaluator] Actor Episodes = 12336 | Actor Steps = 616800 | Delta Dist = 11.766 | Delta Dist 10 = 9.808 | Delta Dist 100 = 10.911 | Delta Dist 1000 = 10.571 | Episode Length = 50 | Episode Return = 5.0 | Evaluator Episodes = 3107 | Evaluator Steps = 155350 | Final Dist = 1.040 | Final Dist 10 = 2.998 | Final Dist 100 = 1.896 | Final Dist 1000 = 2.235 | Init Dist = 12.806 | Init Dist 10 = 12.806 | Init Dist 100 = 12.806 | Init Dist 1000 = 12.806 | Learner Steps = 9479 | Learner Walltime = 1847.361 | Min Dist = 0.459 | Min Dist 10 = 2.263 | Min Dist 100 = 1.088 | Min Dist 1000 = 1.526 | Steps Per Second = 92.910 | Success = 1.000 | Success 1000 = 0.804
I0502 15:37:05.421523 139579566835264 terminal.py:91] [Evaluator] Actor Episodes = 12344 | Actor Steps = 617200 | Delta Dist = 12.306 | Delta Dist 10 = 9.688 | Delta Dist 100 = 10.911 | Delta Dist 1000 = 10.588 | Episode Length = 50 | Episode Return = 23.0 | Evaluator Episodes = 3109 | Evaluator Steps = 155450 | Final Dist = 0.501 | Final Dist 10 = 3.118 | Final Dist 100 = 1.895 | Final Dist 1000 = 2.219 | Init Dist = 12.806 | Init Dist 10 = 12.806 | Init Dist 100 = 12.806 | Init Dist 1000 = 12.806 | Learner Steps = 9486 | Learner Walltime = 1848.625 | Min Dist = 0.068 | Min Dist 10 = 2.324 | Min Dist 100 = 1.088 | Min Dist 1000 = 1.510 | Steps Per Second = 84.629 | Success = 1.000 | Success 1000 = 0.806
I0502 15:37:06.153467 139555013154368 terminal.py:91] [Learner] Actor Episodes = 12346 | Actor Loss = 3.587468147277832 | Actor Steps = 617300 | Binary Accuracy = 0.9960517883300781 | Categorical Accuracy = 0.41455078125 | Critic Loss = 1.9892443418502808 | Entropy Mean = -19.088302612304688 | Evaluator Episodes = 3109 | Evaluator Steps = 155450 | Learner Steps = 9496 | Learner Walltime = 1850.345 | Logits Neg = -15.659747123718262 | Logits Pos = -1.9758602380752563 | Logsumexp = 1.225821852684021 | Steps Per Second = 161.866
I0502 15:37:06.581248 139579566835264 terminal.py:91] [Evaluator] Actor Episodes = 12352 | Actor Steps = 617600 | Delta Dist = 11.668 | Delta Dist 10 = 9.711 | Delta Dist 100 = 10.917 | Delta Dist 1000 = 10.588 | Episode Length = 50 | Episode Return = 5.0 | Evaluator Episodes = 3111 | Evaluator Steps = 155550 | Final Dist = 1.138 | Final Dist 10 = 3.096 | Final Dist 100 = 1.889 | Final Dist 1000 = 2.218 | Init Dist = 12.806 | Init Dist 10 = 12.806 | Init Dist 100 = 12.806 | Init Dist 1000 = 12.806 | Learner Steps = 9492 | Learner Walltime = 1849.752 | Min Dist = 0.239 | Min Dist 10 = 2.280 | Min Dist 100 = 1.086 | Min Dist 1000 = 1.509 | Steps Per Second = 92.713 | Success = 1.000 | Success 1000 = 0.806
I0502 15:37:07.639399 139579566835264 terminal.py:91] [Evaluator] Actor Episodes = 12360 | Actor Steps = 618000 | Delta Dist = 11.447 | Delta Dist 10 = 9.805 | Delta Dist 100 = 10.921 | Delta Dist 1000 = 10.588 | Episode Length = 50 | Episode Return = 3.0 | Evaluator Episodes = 3113 | Evaluator Steps = 155650 | Final Dist = 1.360 | Final Dist 10 = 3.001 | Final Dist 100 = 1.886 | Final Dist 1000 = 2.218 | Init Dist = 12.806 | Init Dist 10 = 12.806 | Init Dist 100 = 12.806 | Init Dist 1000 = 12.806 | Learner Steps = 9498 | Learner Walltime = 1850.951 | Min Dist = 0.668 | Min Dist 10 = 2.251 | Min Dist 100 = 1.087 | Min Dist 1000 = 1.509 | Steps Per Second = 87.929 | Success = 1.000 | Success 1000 = 0.806
I0502 15:37:08.032497 139584504182336 lp_utils.py:96] StepsLimiter: Reached 618100 recorded steps
I0502 15:37:08.795664 139579566835264 terminal.py:91] [Evaluator] Actor Episodes = 12368 | Actor Steps = 618400 | Delta Dist = 12.681 | Delta Dist 10 = 11.534 | Delta Dist 100 = 10.914 | Delta Dist 1000 = 10.587 | Episode Length = 50 | Episode Return = 14.0 | Evaluator Episodes = 3115 | Evaluator Steps = 155750 | Final Dist = 0.125 | Final Dist 10 = 1.272 | Final Dist 100 = 1.892 | Final Dist 1000 = 2.219 | Init Dist = 12.806 | Init Dist 10 = 12.806 | Init Dist 100 = 12.806 | Init Dist 1000 = 12.806 | Learner Steps = 9505 | Learner Walltime = 1852.124 | Min Dist = 0.125 | Min Dist 10 = 0.611 | Min Dist 100 = 1.095 | Min Dist 1000 = 1.509 | Steps Per Second = 82.404 | Success = 1.000 | Success 1000 = 0.806
I0502 15:37:09.937295 139579566835264 terminal.py:91] [Evaluator] Actor Episodes = 12376 | Actor Steps = 618800 | Delta Dist = 11.364 | Delta Dist 10 = 11.915 | Delta Dist 100 = 10.930 | Delta Dist 1000 = 10.588 | Episode Length = 50 | Episode Return = 4.0 | Evaluator Episodes = 3117 | Evaluator Steps = 155850 | Final Dist = 1.442 | Final Dist 10 = 0.891 | Final Dist 100 = 1.876 | Final Dist 1000 = 2.218 | Init Dist = 12.806 | Init Dist 10 = 12.806 | Init Dist 100 = 12.806 | Init Dist 1000 = 12.806 | Learner Steps = 9511 | Learner Walltime = 1853.439 | Min Dist = 0.140 | Min Dist 10 = 0.267 | Min Dist 100 = 1.087 | Min Dist 1000 = 1.509 | Steps Per Second = 90.923 | Success = 1.000 | Success 1000 = 0.806
I0502 15:37:10.370132 139558059398720 terminal.py:91] [Actor] Actor Episodes = 12378 | Actor Steps = 618900 | Delta Dist = 5.040 | Delta Dist 10 = 5.093 | Delta Dist 100 = 4.129 | Delta Dist 1000 = 4.146 | Episode Length = 50 | Episode Return = 23.0 | Evaluator Episodes = 3117 | Evaluator Steps = 155850 | Final Dist = 0.059 | Final Dist 10 = 1.222 | Final Dist 100 = 1.749 | Final Dist 1000 = 1.500 | Init Dist = 5.099 | Init Dist 10 = 6.315 | Init Dist 100 = 5.878 | Init Dist 1000 = 5.646 | Learner Steps = 9511 | Learner Walltime = 1853.439 | Min Dist = 0.059 | Min Dist 10 = 0.122 | Min Dist 100 = 0.288 | Min Dist 1000 = 0.183 | Steps Per Second = 87.545 | Success = 1.000 | Success 1000 = 0.992
I0502 15:37:11.157132 139579566835264 terminal.py:91] [Evaluator] Actor Episodes = 12384 | Actor Steps = 619200 | Delta Dist = 11.411 | Delta Dist 10 = 11.900 | Delta Dist 100 = 10.926 | Delta Dist 1000 = 10.587 | Episode Length = 50 | Episode Return = 14.0 | Evaluator Episodes = 3119 | Evaluator Steps = 155950 | Final Dist = 1.396 | Final Dist 10 = 0.907 | Final Dist 100 = 1.880 | Final Dist 1000 = 2.219 | Init Dist = 12.806 | Init Dist 10 = 12.806 | Init Dist 100 = 12.806 | Init Dist 1000 = 12.806 | Learner Steps = 9517 | Learner Walltime = 1854.574 | Min Dist = 0.153 | Min Dist 10 = 0.199 | Min Dist 100 = 1.088 | Min Dist 1000 = 1.509 | Steps Per Second = 82.432 | Success = 1.000 | Success 1000 = 0.806
I0502 15:37:11.486064 139557462840896 terminal.py:91] [Actor] Actor Episodes = 12385 | Actor Steps = 619250 | Delta Dist = 5.796 | Delta Dist 10 = 5.442 | Delta Dist 100 = 4.173 | Delta Dist 1000 = 4.132 | Episode Length = 50 | Episode Return = 37.0 | Evaluator Episodes = 3117 | Evaluator Steps = 155850 | Final Dist = 0.035 | Final Dist 10 = 1.685 | Final Dist 100 = 1.651 | Final Dist 1000 = 1.510 | Init Dist = 5.831 | Init Dist 10 = 7.127 | Init Dist 100 = 5.824 | Init Dist 1000 = 5.642 | Learner Steps = 9517 | Learner Walltime = 1854.574 | Min Dist = 0.020 | Min Dist 10 = 1.081 | Min Dist 100 = 0.371 | Min Dist 1000 = 0.193 | Steps Per Second = 87.591 | Success = 1.000 | Success 1000 = 0.992
I0502 15:37:11.585365 139555860620864 terminal.py:91] [Actor] Actor Episodes = 12383 | Actor Steps = 619150 | Delta Dist = 6.228 | Delta Dist 10 = 5.068 | Delta Dist 100 = 4.185 | Delta Dist 1000 = 4.133 | Episode Length = 50 | Episode Return = 28.0 | Evaluator Episodes = 3117 | Evaluator Steps = 155850 | Final Dist = 0.772 | Final Dist 10 = 1.916 | Final Dist 100 = 1.690 | Final Dist 1000 = 1.507 | Init Dist = 7.000 | Init Dist 10 = 6.984 | Init Dist 100 = 5.875 | Init Dist 1000 = 5.640 | Learner Steps = 9517 | Learner Walltime = 1854.574 | Min Dist = 0.772 | Min Dist 10 = 1.092 | Min Dist 100 = 0.374 | Min Dist 1000 = 0.192 | Steps Per Second = 73.357 | Success = 1.000 | Success 1000 = 0.992
I0502 15:37:11.792094 139569349502528 terminal.py:91] [Actor] Actor Episodes = 12388 | Actor Steps = 619400 | Delta Dist = 8.955 | Delta Dist 10 = 4.408 | Delta Dist 100 = 4.089 | Delta Dist 1000 = 4.133 | Episode Length = 50 | Episode Return = 0.0 | Evaluator Episodes = 3119 | Evaluator Steps = 155950 | Final Dist = 1.045 | Final Dist 10 = 2.569 | Final Dist 100 = 1.736 | Final Dist 1000 = 1.513 | Init Dist = 10.000 | Init Dist 10 = 6.977 | Init Dist 100 = 5.825 | Init Dist 1000 = 5.646 | Learner Steps = 9524 | Learner Walltime = 1855.799 | Min Dist = 0.047 | Min Dist 10 = 1.167 | Min Dist 100 = 0.382 | Min Dist 1000 = 0.192 | Steps Per Second = 83.268 | Success = 1.000 | Success 1000 = 0.992
I0502 15:37:12.267800 139579566835264 terminal.py:91] [Evaluator] Actor Episodes = 12392 | Actor Steps = 619600 | Delta Dist = 11.805 | Delta Dist 10 = 11.798 | Delta Dist 100 = 10.921 | Delta Dist 1000 = 10.599 | Episode Length = 50 | Episode Return = 17.0 | Evaluator Episodes = 3121 | Evaluator Steps = 156050 | Final Dist = 1.001 | Final Dist 10 = 1.009 | Final Dist 100 = 1.885 | Final Dist 1000 = 2.207 | Init Dist = 12.806 | Init Dist 10 = 12.806 | Init Dist 100 = 12.806 | Init Dist 1000 = 12.806 | Learner Steps = 9524 | Learner Walltime = 1855.799 | Min Dist = 0.174 | Min Dist 10 = 0.232 | Min Dist 100 = 1.088 | Min Dist 1000 = 1.499 | Steps Per Second = 90.020 | Success = 1.000 | Success 1000 = 0.807
I0502 15:37:13.539288 139579566835264 terminal.py:91] [Evaluator] Actor Episodes = 12401 | Actor Steps = 620050 | Delta Dist = 11.465 | Delta Dist 10 = 11.793 | Delta Dist 100 = 10.996 | Delta Dist 1000 = 10.600 | Episode Length = 50 | Episode Return = 8.0 | Evaluator Episodes = 3123 | Evaluator Steps = 156150 | Final Dist = 1.342 | Final Dist 10 = 1.013 | Final Dist 100 = 1.810 | Final Dist 1000 = 2.206 | Init Dist = 12.806 | Init Dist 10 = 12.806 | Init Dist 100 = 12.806 | Init Dist 1000 = 12.806 | Learner Steps = 9530 | Learner Walltime = 1856.947 | Min Dist = 0.075 | Min Dist 10 = 0.211 | Min Dist 100 = 1.029 | Min Dist 1000 = 1.498 | Steps Per Second = 74.763 | Success = 1.000 | Success 1000 = 0.807
I0502 15:37:14.728960 139579566835264 terminal.py:91] [Evaluator] Actor Episodes = 12409 | Actor Steps = 620450 | Delta Dist = 11.736 | Delta Dist 10 = 11.809 | Delta Dist 100 = 10.990 | Delta Dist 1000 = 10.618 | Episode Length = 50 | Episode Return = 7.0 | Evaluator Episodes = 3125 | Evaluator Steps = 156250 | Final Dist = 1.071 | Final Dist 10 = 0.998 | Final Dist 100 = 1.816 | Final Dist 1000 = 2.188 | Init Dist = 12.806 | Init Dist 10 = 12.806 | Init Dist 100 = 12.806 | Init Dist 1000 = 12.806 | Learner Steps = 9536 | Learner Walltime = 1858.202 | Min Dist = 0.238 | Min Dist 10 = 0.152 | Min Dist 100 = 1.027 | Min Dist 1000 = 1.478 | Steps Per Second = 87.377 | Success = 1.000 | Success 1000 = 0.809
I0502 15:37:15.922122 139579566835264 terminal.py:91] [Evaluator] Actor Episodes = 12417 | Actor Steps = 620850 | Delta Dist = 11.447 | Delta Dist 10 = 11.663 | Delta Dist 100 = 10.978 | Delta Dist 1000 = 10.619 | Episode Length = 50 | Episode Return = 26.0 | Evaluator Episodes = 3127 | Evaluator Steps = 156350 | Final Dist = 1.359 | Final Dist 10 = 1.143 | Final Dist 100 = 1.828 | Final Dist 1000 = 2.187 | Init Dist = 12.806 | Init Dist 10 = 12.806 | Init Dist 100 = 12.806 | Init Dist 1000 = 12.806 | Learner Steps = 9542 | Learner Walltime = 1859.301 | Min Dist = 0.034 | Min Dist 10 = 0.159 | Min Dist 100 = 1.028 | Min Dist 1000 = 1.477 | Steps Per Second = 82.176 | Success = 1.000 | Success 1000 = 0.810
I0502 15:37:16.349998 139555013154368 terminal.py:91] [Learner] Actor Episodes = 12417 | Actor Loss = 3.6070375442504883 | Actor Steps = 620850 | Binary Accuracy = 0.9960381984710693 | Categorical Accuracy = 0.41729736328125 | Critic Loss = 1.9350035190582275 | Entropy Mean = -18.755420684814453 | Evaluator Episodes = 3127 | Evaluator Steps = 156350 | Learner Steps = 9547 | Learner Walltime = 1860.537 | Logits Neg = -15.985915184020996 | Logits Pos = -1.941002607345581 | Logsumexp = 1.1991227865219116 | Steps Per Second = 126.352
I0502 15:37:17.112151 139579566835264 terminal.py:91] [Evaluator] Actor Episodes = 12425 | Actor Steps = 621250 | Delta Dist = 12.270 | Delta Dist 10 = 11.705 | Delta Dist 100 = 10.973 | Delta Dist 1000 = 10.619 | Episode Length = 50 | Episode Return = 29.0 | Evaluator Episodes = 3129 | Evaluator Steps = 156450 | Final Dist = 0.536 | Final Dist 10 = 1.101 | Final Dist 100 = 1.833 | Final Dist 1000 = 2.187 | Init Dist = 12.806 | Init Dist 10 = 12.806 | Init Dist 100 = 12.806 | Init Dist 1000 = 12.806 | Learner Steps = 9547 | Learner Walltime = 1860.537 | Min Dist = 0.097 | Min Dist 10 = 0.160 | Min Dist 100 = 1.028 | Min Dist 1000 = 1.477 | Steps Per Second = 85.116 | Success = 1.000 | Success 1000 = 0.810
I0502 15:37:18.052040 139584504182336 lp_utils.py:96] StepsLimiter: Reached 621350 recorded steps
I0502 15:37:18.286229 139579566835264 terminal.py:91] [Evaluator] Actor Episodes = 12433 | Actor Steps = 621650 | Delta Dist = 11.993 | Delta Dist 10 = 11.798 | Delta Dist 100 = 11.039 | Delta Dist 1000 = 10.629 | Episode Length = 50 | Episode Return = 20.0 | Evaluator Episodes = 3131 | Evaluator Steps = 156550 | Final Dist = 0.813 | Final Dist 10 = 1.008 | Final Dist 100 = 1.767 | Final Dist 1000 = 2.178 | Init Dist = 12.806 | Init Dist 10 = 12.806 | Init Dist 100 = 12.806 | Init Dist 1000 = 12.806 | Learner Steps = 9554 | Learner Walltime = 1861.762 | Min Dist = 0.049 | Min Dist 10 = 0.155 | Min Dist 100 = 0.967 | Min Dist 1000 = 1.467 | Steps Per Second = 81.440 | Success = 1.000 | Success 1000 = 0.811
I0502 15:37:19.483764 139579566835264 terminal.py:91] [Evaluator] Actor Episodes = 12441 | Actor Steps = 622050 | Delta Dist = 11.850 | Delta Dist 10 = 11.819 | Delta Dist 100 = 11.043 | Delta Dist 1000 = 10.629 | Episode Length = 50 | Episode Return = 20.0 | Evaluator Episodes = 3133 | Evaluator Steps = 156650 | Final Dist = 0.956 | Final Dist 10 = 0.988 | Final Dist 100 = 1.764 | Final Dist 1000 = 2.177 | Init Dist = 12.806 | Init Dist 10 = 12.806 | Init Dist 100 = 12.806 | Init Dist 1000 = 12.806 | Learner Steps = 9560 | Learner Walltime = 1862.917 | Min Dist = 0.337 | Min Dist 10 = 0.159 | Min Dist 100 = 0.969 | Min Dist 1000 = 1.467 | Steps Per Second = 79.426 | Success = 1.000 | Success 1000 = 0.811
I0502 15:37:20.495580 139558059398720 terminal.py:91] [Actor] Actor Episodes = 12443 | Actor Steps = 622150 | Delta Dist = 5.910 | Delta Dist 10 = 5.049 | Delta Dist 100 = 4.742 | Delta Dist 1000 = 4.182 | Episode Length = 50 | Episode Return = 15.0 | Evaluator Episodes = 3133 | Evaluator Steps = 156650 | Final Dist = 0.090 | Final Dist 10 = 1.763 | Final Dist 100 = 1.636 | Final Dist 1000 = 1.524 | Init Dist = 6.000 | Init Dist 10 = 6.812 | Init Dist 100 = 6.378 | Init Dist 1000 = 5.706 | Learner Steps = 9567 | Learner Walltime = 1864.183 | Min Dist = 0.079 | Min Dist 10 = 0.272 | Min Dist 100 = 0.258 | Min Dist 1000 = 0.196 | Steps Per Second = 74.686 | Success = 1.000 | Success 1000 = 0.991
I0502 15:37:20.775103 139579566835264 terminal.py:91] [Evaluator] Actor Episodes = 12449 | Actor Steps = 622450 | Delta Dist = 12.691 | Delta Dist 10 = 11.794 | Delta Dist 100 = 11.035 | Delta Dist 1000 = 10.641 | Episode Length = 50 | Episode Return = 23.0 | Evaluator Episodes = 3135 | Evaluator Steps = 156750 | Final Dist = 0.116 | Final Dist 10 = 1.012 | Final Dist 100 = 1.772 | Final Dist 1000 = 2.166 | Init Dist = 12.806 | Init Dist 10 = 12.806 | Init Dist 100 = 12.806 | Init Dist 1000 = 12.806 | Learner Steps = 9567 | Learner Walltime = 1864.183 | Min Dist = 0.116 | Min Dist 10 = 0.182 | Min Dist 100 = 0.972 | Min Dist 1000 = 1.456 | Steps Per Second = 78.257 | Success = 1.000 | Success 1000 = 0.813
I0502 15:37:21.590784 139555860620864 terminal.py:91] [Actor] Actor Episodes = 12451 | Actor Steps = 622550 | Delta Dist = 5.381 | Delta Dist 10 = 3.970 | Delta Dist 100 = 4.701 | Delta Dist 1000 = 4.180 | Episode Length = 50 | Episode Return = 22.0 | Evaluator Episodes = 3135 | Evaluator Steps = 156750 | Final Dist = 2.429 | Final Dist 10 = 2.585 | Final Dist 100 = 1.690 | Final Dist 1000 = 1.528 | Init Dist = 7.810 | Init Dist 10 = 6.554 | Init Dist 100 = 6.391 | Init Dist 1000 = 5.708 | Learner Steps = 9573 | Learner Walltime = 1865.378 | Min Dist = 0.005 | Min Dist 10 = 1.236 | Min Dist 100 = 0.347 | Min Dist 1000 = 0.206 | Steps Per Second = 90.930 | Success = 1.000 | Success 1000 = 0.990
I0502 15:37:21.647480 139557462840896 terminal.py:91] [Actor] Actor Episodes = 12455 | Actor Steps = 622750 | Delta Dist = -0.476 | Delta Dist 10 = 3.522 | Delta Dist 100 = 4.703 | Delta Dist 1000 = 4.185 | Episode Length = 50 | Episode Return = 12.0 | Evaluator Episodes = 3135 | Evaluator Steps = 156750 | Final Dist = 3.304 | Final Dist 10 = 2.265 | Final Dist 100 = 1.675 | Final Dist 1000 = 1.528 | Init Dist = 2.828 | Init Dist 10 = 5.786 | Init Dist 100 = 6.378 | Init Dist 1000 = 5.713 | Learner Steps = 9573 | Learner Walltime = 1865.378 | Min Dist = 0.032 | Min Dist 10 = 1.100 | Min Dist 100 = 0.347 | Min Dist 1000 = 0.206 | Steps Per Second = 96.596 | Success = 1.000 | Success 1000 = 0.990
I0502 15:37:21.852157 139579566835264 terminal.py:91] [Evaluator] Actor Episodes = 12457 | Actor Steps = 622850 | Delta Dist = 12.028 | Delta Dist 10 = 11.903 | Delta Dist 100 = 11.029 | Delta Dist 1000 = 10.650 | Episode Length = 50 | Episode Return = 23.0 | Evaluator Episodes = 3137 | Evaluator Steps = 156850 | Final Dist = 0.778 | Final Dist 10 = 0.904 | Final Dist 100 = 1.777 | Final Dist 1000 = 2.156 | Init Dist = 12.806 | Init Dist 10 = 12.806 | Init Dist 100 = 12.806 | Init Dist 1000 = 12.806 | Learner Steps = 9573 | Learner Walltime = 1865.378 | Min Dist = 0.157 | Min Dist 10 = 0.207 | Min Dist 100 = 0.977 | Min Dist 1000 = 1.446 | Steps Per Second = 93.130 | Success = 1.000 | Success 1000 = 0.814
I0502 15:37:22.224014 139569349502528 terminal.py:91] [Actor] Actor Episodes = 12458 | Actor Steps = 622900 | Delta Dist = 7.792 | Delta Dist 10 = 3.354 | Delta Dist 100 = 4.701 | Delta Dist 1000 = 4.185 | Episode Length = 50 | Episode Return = 15.0 | Evaluator Episodes = 3135 | Evaluator Steps = 156750 | Final Dist = 0.270 | Final Dist 10 = 1.404 | Final Dist 100 = 1.700 | Final Dist 1000 = 1.526 | Init Dist = 8.062 | Init Dist 10 = 4.758 | Init Dist 100 = 6.401 | Init Dist 1000 = 5.712 | Learner Steps = 9573 | Learner Walltime = 1865.378 | Min Dist = 0.116 | Min Dist 10 = 0.156 | Min Dist 100 = 0.348 | Min Dist 1000 = 0.206 | Steps Per Second = 91.980 | Success = 1.000 | Success 1000 = 0.990
I0502 15:37:23.156102 139579566835264 terminal.py:91] [Evaluator] Actor Episodes = 12465 | Actor Steps = 623250 | Delta Dist = 5.860 | Delta Dist 10 = 11.952 | Delta Dist 100 = 11.096 | Delta Dist 1000 = 10.666 | Episode Length = 50 | Episode Return = 0.0 | Evaluator Episodes = 3139 | Evaluator Steps = 156950 | Final Dist = 6.947 | Final Dist 10 = 0.854 | Final Dist 100 = 1.711 | Final Dist 1000 = 2.140 | Init Dist = 12.806 | Init Dist 10 = 12.806 | Init Dist 100 = 12.806 | Init Dist 1000 = 12.806 | Learner Steps = 9579 | Learner Walltime = 1866.500 | Min Dist = 6.307 | Min Dist 10 = 0.223 | Min Dist 100 = 0.920 | Min Dist 1000 = 1.430 | Steps Per Second = 74.713 | Success = 0.000 | Success 1000 = 0.816
I0502 15:37:24.391249 139579566835264 terminal.py:91] [Evaluator] Actor Episodes = 12473 | Actor Steps = 623650 | Delta Dist = 11.818 | Delta Dist 10 = 11.325 | Delta Dist 100 = 11.044 | Delta Dist 1000 = 10.660 | Episode Length = 50 | Episode Return = 23.0 | Evaluator Episodes = 3141 | Evaluator Steps = 157050 | Final Dist = 0.988 | Final Dist 10 = 1.481 | Final Dist 100 = 1.763 | Final Dist 1000 = 2.147 | Init Dist = 12.806 | Init Dist 10 = 12.806 | Init Dist 100 = 12.806 | Init Dist 1000 = 12.806 | Learner Steps = 9586 | Learner Walltime = 1867.768 | Min Dist = 0.124 | Min Dist 10 = 0.843 | Min Dist 100 = 0.980 | Min Dist 1000 = 1.436 | Steps Per Second = 78.157 | Success = 1.000 | Success 1000 = 0.815
I0502 15:37:25.579607 139579566835264 terminal.py:91] [Evaluator] Actor Episodes = 12481 | Actor Steps = 624050 | Delta Dist = 11.482 | Delta Dist 10 = 11.205 | Delta Dist 100 = 11.149 | Delta Dist 1000 = 10.659 | Episode Length = 50 | Episode Return = 9.0 | Evaluator Episodes = 3143 | Evaluator Steps = 157150 | Final Dist = 1.324 | Final Dist 10 = 1.601 | Final Dist 100 = 1.657 | Final Dist 1000 = 2.147 | Init Dist = 12.806 | Init Dist 10 = 12.806 | Init Dist 100 = 12.806 | Init Dist 1000 = 12.806 | Learner Steps = 9592 | Learner Walltime = 1869.033 | Min Dist = 0.294 | Min Dist 10 = 0.872 | Min Dist 100 = 0.880 | Min Dist 1000 = 1.436 | Steps Per Second = 84.690 | Success = 1.000 | Success 1000 = 0.815
I0502 15:37:26.590118 139579566835264 terminal.py:91] [Evaluator] Actor Episodes = 12485 | Actor Steps = 624250 | Delta Dist = -0.031 | Delta Dist 10 = 11.177 | Delta Dist 100 = 11.141 | Delta Dist 1000 = 10.667 | Episode Length = 50 | Episode Return = 0.0 | Evaluator Episodes = 3145 | Evaluator Steps = 157250 | Final Dist = 12.837 | Final Dist 10 = 1.630 | Final Dist 100 = 1.665 | Final Dist 1000 = 2.140 | Init Dist = 12.806 | Init Dist 10 = 12.806 | Init Dist 100 = 12.806 | Init Dist 1000 = 12.806 | Learner Steps = 9599 | Learner Walltime = 1870.326 | Min Dist = 10.756 | Min Dist 10 = 0.850 | Min Dist 100 = 0.880 | Min Dist 1000 = 1.428 | Steps Per Second = 117.049 | Success = 0.000 | Success 1000 = 0.816
I0502 15:37:26.625533 139555013154368 terminal.py:91] [Learner] Actor Episodes = 12481 | Actor Loss = 3.643892526626587 | Actor Steps = 624050 | Binary Accuracy = 0.9959144592285156 | Categorical Accuracy = 0.4124755859375 | Critic Loss = 1.9688599109649658 | Entropy Mean = -20.262012481689453 | Evaluator Episodes = 3143 | Evaluator Steps = 157150 | Learner Steps = 9601 | Learner Walltime = 1870.822 | Logits Neg = -16.25477409362793 | Logits Pos = -1.9761505126953125 | Logsumexp = 1.320664405822754 | Steps Per Second = 150.575
I0502 15:37:27.822928 139579566835264 terminal.py:91] [Evaluator] Actor Episodes = 12493 | Actor Steps = 624650 | Delta Dist = 11.571 | Delta Dist 10 = 9.987 | Delta Dist 100 = 11.029 | Delta Dist 1000 = 10.667 | Episode Length = 50 | Episode Return = 4.0 | Evaluator Episodes = 3147 | Evaluator Steps = 157350 | Final Dist = 1.235 | Final Dist 10 = 2.819 | Final Dist 100 = 1.777 | Final Dist 1000 = 2.140 | Init Dist = 12.806 | Init Dist 10 = 12.806 | Init Dist 100 = 12.806 | Init Dist 1000 = 12.806 | Learner Steps = 9604 | Learner Walltime = 1871.341 | Min Dist = 0.463 | Min Dist 10 = 1.877 | Min Dist 100 = 0.986 | Min Dist 1000 = 1.427 | Steps Per Second = 79.623 | Success = 1.000 | Success 1000 = 0.817
I0502 15:37:28.067507 139584504182336 lp_utils.py:96] StepsLimiter: Reached 624850 recorded steps
I0502 15:37:28.982778 139579566835264 terminal.py:91] [Evaluator] Actor Episodes = 12499 | Actor Steps = 624950 | Delta Dist = 11.908 | Delta Dist 10 = 9.902 | Delta Dist 100 = 11.074 | Delta Dist 1000 = 10.676 | Episode Length = 50 | Episode Return = 18.0 | Evaluator Episodes = 3149 | Evaluator Steps = 157450 | Final Dist = 0.898 | Final Dist 10 = 2.904 | Final Dist 100 = 1.732 | Final Dist 1000 = 2.130 | Init Dist = 12.806 | Init Dist 10 = 12.806 | Init Dist 100 = 12.806 | Init Dist 1000 = 12.806 | Learner Steps = 9610 | Learner Walltime = 1872.583 | Min Dist = 0.153 | Min Dist 10 = 1.889 | Min Dist 100 = 0.930 | Min Dist 1000 = 1.417 | Steps Per Second = 86.439 | Success = 1.000 | Success 1000 = 0.818
I0502 15:37:30.199014 139579566835264 terminal.py:91] [Evaluator] Actor Episodes = 12509 | Actor Steps = 625450 | Delta Dist = 11.454 | Delta Dist 10 = 10.589 | Delta Dist 100 = 11.076 | Delta Dist 1000 = 10.676 | Episode Length = 50 | Episode Return = 16.0 | Evaluator Episodes = 3151 | Evaluator Steps = 157550 | Final Dist = 1.352 | Final Dist 10 = 2.218 | Final Dist 100 = 1.731 | Final Dist 1000 = 2.130 | Init Dist = 12.806 | Init Dist 10 = 12.806 | Init Dist 100 = 12.806 | Init Dist 1000 = 12.806 | Learner Steps = 9616 | Learner Walltime = 1873.782 | Min Dist = 0.029 | Min Dist 10 = 1.262 | Min Dist 100 = 0.930 | Min Dist 1000 = 1.417 | Steps Per Second = 78.400 | Success = 1.000 | Success 1000 = 0.818
I0502 15:37:31.039726 139558059398720 terminal.py:91] [Actor] Actor Episodes = 12514 | Actor Steps = 625700 | Delta Dist = 0.996 | Delta Dist 10 = 4.367 | Delta Dist 100 = 4.726 | Delta Dist 1000 = 4.183 | Episode Length = 50 | Episode Return = 21.0 | Evaluator Episodes = 3151 | Evaluator Steps = 157550 | Final Dist = 1.240 | Final Dist 10 = 2.331 | Final Dist 100 = 1.658 | Final Dist 1000 = 1.529 | Init Dist = 2.236 | Init Dist 10 = 6.699 | Init Dist 100 = 6.384 | Init Dist 1000 = 5.712 | Learner Steps = 9616 | Learner Walltime = 1873.782 | Min Dist = 0.071 | Min Dist 10 = 0.111 | Min Dist 100 = 0.233 | Min Dist 1000 = 0.196 | Steps Per Second = 84.575 | Success = 1.000 | Success 1000 = 0.990
I0502 15:37:31.375841 139579566835264 terminal.py:91] [Evaluator] Actor Episodes = 12517 | Actor Steps = 625850 | Delta Dist = 11.561 | Delta Dist 10 = 10.552 | Delta Dist 100 = 11.073 | Delta Dist 1000 = 10.685 | Episode Length = 50 | Episode Return = 22.0 | Evaluator Episodes = 3153 | Evaluator Steps = 157650 | Final Dist = 1.245 | Final Dist 10 = 2.254 | Final Dist 100 = 1.733 | Final Dist 1000 = 2.121 | Init Dist = 12.806 | Init Dist 10 = 12.806 | Init Dist 100 = 12.806 | Init Dist 1000 = 12.806 | Learner Steps = 9622 | Learner Walltime = 1874.996 | Min Dist = 0.077 | Min Dist 10 = 1.258 | Min Dist 100 = 0.931 | Min Dist 1000 = 1.407 | Steps Per Second = 82.951 | Success = 1.000 | Success 1000 = 0.819
I0502 15:37:31.985915 139555860620864 terminal.py:91] [Actor] Actor Episodes = 12516 | Actor Steps = 625800 | Delta Dist = 6.025 | Delta Dist 10 = 5.778 | Delta Dist 100 = 4.650 | Delta Dist 1000 = 4.188 | Episode Length = 50 | Episode Return = 40.0 | Evaluator Episodes = 3151 | Evaluator Steps = 157550 | Final Dist = 1.186 | Final Dist 10 = 1.214 | Final Dist 100 = 1.658 | Final Dist 1000 = 1.522 | Init Dist = 7.211 | Init Dist 10 = 6.992 | Init Dist 100 = 6.308 | Init Dist 1000 = 5.710 | Learner Steps = 9622 | Learner Walltime = 1874.996 | Min Dist = 0.079 | Min Dist 10 = 0.099 | Min Dist 100 = 0.234 | Min Dist 1000 = 0.196 | Steps Per Second = 78.410 | Success = 1.000 | Success 1000 = 0.990
I0502 15:37:32.199644 139557462840896 terminal.py:91] [Actor] Actor Episodes = 12520 | Actor Steps = 626000 | Delta Dist = 3.895 | Delta Dist 10 = 4.995 | Delta Dist 100 = 4.642 | Delta Dist 1000 = 4.186 | Episode Length = 50 | Episode Return = 33.0 | Evaluator Episodes = 3153 | Evaluator Steps = 157650 | Final Dist = 0.105 | Final Dist 10 = 1.536 | Final Dist 100 = 1.694 | Final Dist 1000 = 1.519 | Init Dist = 4.000 | Init Dist 10 = 6.531 | Init Dist 100 = 6.336 | Init Dist 1000 = 5.705 | Learner Steps = 9622 | Learner Walltime = 1874.996 | Min Dist = 0.011 | Min Dist 10 = 0.125 | Min Dist 100 = 0.231 | Min Dist 1000 = 0.195 | Steps Per Second = 70.965 | Success = 1.000 | Success 1000 = 0.990
I0502 15:37:32.506977 139579566835264 terminal.py:91] [Evaluator] Actor Episodes = 12521 | Actor Steps = 626050 | Delta Dist = 11.258 | Delta Dist 10 = 9.909 | Delta Dist 100 = 11.002 | Delta Dist 1000 = 10.688 | Episode Length = 50 | Episode Return = 29.0 | Evaluator Episodes = 3155 | Evaluator Steps = 157750 | Final Dist = 1.548 | Final Dist 10 = 2.897 | Final Dist 100 = 1.805 | Final Dist 1000 = 2.118 | Init Dist = 12.806 | Init Dist 10 = 12.806 | Init Dist 100 = 12.806 | Init Dist 1000 = 12.806 | Learner Steps = 9629 | Learner Walltime = 1876.297 | Min Dist = 0.479 | Min Dist 10 = 1.879 | Min Dist 100 = 0.991 | Min Dist 1000 = 1.405 | Steps Per Second = 77.719 | Success = 1.000 | Success 1000 = 0.820
I0502 15:37:32.550418 139569349502528 terminal.py:91] [Actor] Actor Episodes = 12523 | Actor Steps = 626150 | Delta Dist = 5.749 | Delta Dist 10 = 3.874 | Delta Dist 100 = 4.571 | Delta Dist 1000 = 4.187 | Episode Length = 50 | Episode Return = 34.0 | Evaluator Episodes = 3155 | Evaluator Steps = 157750 | Final Dist = 0.082 | Final Dist 10 = 1.532 | Final Dist 100 = 1.715 | Final Dist 1000 = 1.516 | Init Dist = 5.831 | Init Dist 10 = 5.406 | Init Dist 100 = 6.286 | Init Dist 1000 = 5.703 | Learner Steps = 9629 | Learner Walltime = 1876.297 | Min Dist = 0.010 | Min Dist 10 = 0.105 | Min Dist 100 = 0.222 | Min Dist 1000 = 0.195 | Steps Per Second = 91.255 | Success = 1.000 | Success 1000 = 0.990
I0502 15:37:33.695890 139579566835264 terminal.py:91] [Evaluator] Actor Episodes = 12531 | Actor Steps = 626550 | Delta Dist = 11.480 | Delta Dist 10 = 11.040 | Delta Dist 100 = 11.053 | Delta Dist 1000 = 10.695 | Episode Length = 50 | Episode Return = 15.0 | Evaluator Episodes = 3157 | Evaluator Steps = 157850 | Final Dist = 1.326 | Final Dist 10 = 1.767 | Final Dist 100 = 1.754 | Final Dist 1000 = 2.111 | Init Dist = 12.806 | Init Dist 10 = 12.806 | Init Dist 100 = 12.806 | Init Dist 1000 = 12.806 | Learner Steps = 9636 | Learner Walltime = 1877.558 | Min Dist = 0.145 | Min Dist 10 = 0.864 | Min Dist 100 = 0.938 | Min Dist 1000 = 1.398 | Steps Per Second = 89.791 | Success = 1.000 | Success 1000 = 0.821
I0502 15:37:34.856571 139579566835264 terminal.py:91] [Evaluator] Actor Episodes = 12537 | Actor Steps = 626850 | Delta Dist = 12.343 | Delta Dist 10 = 11.060 | Delta Dist 100 = 11.034 | Delta Dist 1000 = 10.714 | Episode Length = 50 | Episode Return = 17.0 | Evaluator Episodes = 3159 | Evaluator Steps = 157950 | Final Dist = 0.463 | Final Dist 10 = 1.747 | Final Dist 100 = 1.772 | Final Dist 1000 = 2.093 | Init Dist = 12.806 | Init Dist 10 = 12.806 | Init Dist 100 = 12.806 | Init Dist 1000 = 12.806 | Learner Steps = 9642 | Learner Walltime = 1878.727 | Min Dist = 0.217 | Min Dist 10 = 0.842 | Min Dist 100 = 0.936 | Min Dist 1000 = 1.379 | Steps Per Second = 82.112 | Success = 1.000 | Success 1000 = 0.823
I0502 15:37:36.144354 139579566835264 terminal.py:91] [Evaluator] Actor Episodes = 12547 | Actor Steps = 627350 | Delta Dist = 11.137 | Delta Dist 10 = 11.099 | Delta Dist 100 = 11.046 | Delta Dist 1000 = 10.724 | Episode Length = 50 | Episode Return = 24.0 | Evaluator Episodes = 3161 | Evaluator Steps = 158050 | Final Dist = 1.669 | Final Dist 10 = 1.707 | Final Dist 100 = 1.761 | Final Dist 1000 = 2.083 | Init Dist = 12.806 | Init Dist 10 = 12.806 | Init Dist 100 = 12.806 | Init Dist 1000 = 12.806 | Learner Steps = 9648 | Learner Walltime = 1879.857 | Min Dist = 0.213 | Min Dist 10 = 0.847 | Min Dist 100 = 0.939 | Min Dist 1000 = 1.369 | Steps Per Second = 75.659 | Success = 1.000 | Success 1000 = 0.824
I0502 15:37:36.694305 139555013154368 terminal.py:91] [Learner] Actor Episodes = 12553 | Actor Loss = 3.577045440673828 | Actor Steps = 627650 | Binary Accuracy = 0.9960615634918213 | Categorical Accuracy = 0.4298095703125 | Critic Loss = 1.8967527151107788 | Entropy Mean = -16.74169921875 | Evaluator Episodes = 3161 | Evaluator Steps = 158050 | Learner Steps = 9653 | Learner Walltime = 1880.888 | Logits Neg = -16.27545738220215 | Logits Pos = -1.8472267389297485 | Logsumexp = 1.217782974243164 | Steps Per Second = 181.657
I0502 15:37:37.342304 139579566835264 terminal.py:91] [Evaluator] Actor Episodes = 12555 | Actor Steps = 627750 | Delta Dist = 11.933 | Delta Dist 10 = 11.041 | Delta Dist 100 = 11.036 | Delta Dist 1000 = 10.725 | Episode Length = 50 | Episode Return = 8.0 | Evaluator Episodes = 3163 | Evaluator Steps = 158150 | Final Dist = 0.873 | Final Dist 10 = 1.765 | Final Dist 100 = 1.770 | Final Dist 1000 = 2.082 | Init Dist = 12.806 | Init Dist 10 = 12.806 | Init Dist 100 = 12.806 | Init Dist 1000 = 12.806 | Learner Steps = 9653 | Learner Walltime = 1880.888 | Min Dist = 0.111 | Min Dist 10 = 0.859 | Min Dist 100 = 0.944 | Min Dist 1000 = 1.366 | Steps Per Second = 81.849 | Success = 1.000 | Success 1000 = 0.825
I0502 15:37:38.088439 139584504182336 lp_utils.py:96] StepsLimiter: Reached 628050 recorded steps
I0502 15:37:38.530822 139579566835264 terminal.py:91] [Evaluator] Actor Episodes = 12563 | Actor Steps = 628150 | Delta Dist = 12.681 | Delta Dist 10 = 11.734 | Delta Dist 100 = 11.115 | Delta Dist 1000 = 10.724 | Episode Length = 50 | Episode Return = 19.0 | Evaluator Episodes = 3165 | Evaluator Steps = 158250 | Final Dist = 0.125 | Final Dist 10 = 1.072 | Final Dist 100 = 1.691 | Final Dist 1000 = 2.082 | Init Dist = 12.806 | Init Dist 10 = 12.806 | Init Dist 100 = 12.806 | Init Dist 1000 = 12.806 | Learner Steps = 9659 | Learner Walltime = 1882.009 | Min Dist = 0.115 | Min Dist 10 = 0.224 | Min Dist 100 = 0.858 | Min Dist 1000 = 1.366 | Steps Per Second = 82.115 | Success = 1.000 | Success 1000 = 0.825
I0502 15:37:38.666526 139583350109760 savers.py:156] Saving checkpoint: logs/contrastive_cpc_point_FourRooms_64/5dd72662-2788-11f0-b183-d85ed38c5779/checkpoints/learner
I0502 15:37:39.658398 139579566835264 terminal.py:91] [Evaluator] Actor Episodes = 12569 | Actor Steps = 628450 | Delta Dist = 12.073 | Delta Dist 10 = 11.887 | Delta Dist 100 = 11.124 | Delta Dist 1000 = 10.731 | Episode Length = 50 | Episode Return = 20.0 | Evaluator Episodes = 3167 | Evaluator Steps = 158350 | Final Dist = 0.733 | Final Dist 10 = 0.919 | Final Dist 100 = 1.682 | Final Dist 1000 = 2.075 | Init Dist = 12.806 | Init Dist 10 = 12.806 | Init Dist 100 = 12.806 | Init Dist 1000 = 12.806 | Learner Steps = 9665 | Learner Walltime = 1883.347 | Min Dist = 0.373 | Min Dist 10 = 0.177 | Min Dist 100 = 0.856 | Min Dist 1000 = 1.360 | Steps Per Second = 91.200 | Success = 1.000 | Success 1000 = 0.826
I0502 15:37:40.627039 139584635659840 savers.py:156] Saving checkpoint: logs/contrastive_cpc_point_FourRooms_64/5dd72662-2788-11f0-b183-d85ed38c5779/checkpoints/counter
I0502 15:37:40.867877 139579566835264 terminal.py:91] [Evaluator] Actor Episodes = 12579 | Actor Steps = 628950 | Delta Dist = 11.396 | Delta Dist 10 = 11.919 | Delta Dist 100 = 11.125 | Delta Dist 1000 = 10.730 | Episode Length = 50 | Episode Return = 2.0 | Evaluator Episodes = 3169 | Evaluator Steps = 158450 | Final Dist = 1.411 | Final Dist 10 = 0.887 | Final Dist 100 = 1.681 | Final Dist 1000 = 2.076 | Init Dist = 12.806 | Init Dist 10 = 12.806 | Init Dist 100 = 12.806 | Init Dist 1000 = 12.806 | Learner Steps = 9672 | Learner Walltime = 1884.377 | Min Dist = 0.545 | Min Dist 10 = 0.198 | Min Dist 100 = 0.855 | Min Dist 1000 = 1.360 | Steps Per Second = 86.502 | Success = 1.000 | Success 1000 = 0.826
I0502 15:37:41.302588 139558059398720 terminal.py:91] [Actor] Actor Episodes = 12583 | Actor Steps = 629150 | Delta Dist = 4.901 | Delta Dist 10 = 3.946 | Delta Dist 100 = 4.175 | Delta Dist 1000 = 4.178 | Episode Length = 50 | Episode Return = 23.0 | Evaluator Episodes = 3169 | Evaluator Steps = 158450 | Final Dist = 0.484 | Final Dist 10 = 2.432 | Final Dist 100 = 1.890 | Final Dist 1000 = 1.541 | Init Dist = 5.385 | Init Dist 10 = 6.388 | Init Dist 100 = 6.047 | Init Dist 1000 = 5.718 | Learner Steps = 9672 | Learner Walltime = 1884.377 | Min Dist = 0.072 | Min Dist 10 = 0.288 | Min Dist 100 = 0.116 | Min Dist 1000 = 0.191 | Steps Per Second = 76.976 | Success = 1.000 | Success 1000 = 0.989
I0502 15:37:41.983684 139579566835264 terminal.py:91] [Evaluator] Actor Episodes = 12587 | Actor Steps = 629350 | Delta Dist = 11.473 | Delta Dist 10 = 11.784 | Delta Dist 100 = 11.113 | Delta Dist 1000 = 10.730 | Episode Length = 50 | Episode Return = 14.0 | Evaluator Episodes = 3171 | Evaluator Steps = 158550 | Final Dist = 1.333 | Final Dist 10 = 1.022 | Final Dist 100 = 1.693 | Final Dist 1000 = 2.076 | Init Dist = 12.806 | Init Dist 10 = 12.806 | Init Dist 100 = 12.806 | Init Dist 1000 = 12.806 | Learner Steps = 9677 | Learner Walltime = 1885.602 | Min Dist = 0.105 | Min Dist 10 = 0.215 | Min Dist 100 = 0.858 | Min Dist 1000 = 1.360 | Steps Per Second = 98.734 | Success = 1.000 | Success 1000 = 0.826
I0502 15:37:42.444772 139555860620864 terminal.py:91] [Actor] Actor Episodes = 12589 | Actor Steps = 629450 | Delta Dist = 0.187 | Delta Dist 10 = 4.322 | Delta Dist 100 = 3.999 | Delta Dist 1000 = 4.178 | Episode Length = 50 | Episode Return = 46.0 | Evaluator Episodes = 3171 | Evaluator Steps = 158550 | Final Dist = 0.813 | Final Dist 10 = 1.101 | Final Dist 100 = 1.859 | Final Dist 1000 = 1.535 | Init Dist = 1.000 | Init Dist 10 = 5.423 | Init Dist 100 = 5.859 | Init Dist 1000 = 5.713 | Learner Steps = 9677 | Learner Walltime = 1885.602 | Min Dist = 0.250 | Min Dist 10 = 0.517 | Min Dist 100 = 0.151 | Min Dist 1000 = 0.194 | Steps Per Second = 90.111 | Success = 1.000 | Success 1000 = 0.989
I0502 15:37:42.572403 139557462840896 terminal.py:91] [Actor] Actor Episodes = 12593 | Actor Steps = 629650 | Delta Dist = 5.327 | Delta Dist 10 = 3.965 | Delta Dist 100 = 4.036 | Delta Dist 1000 = 4.181 | Episode Length = 50 | Episode Return = 10.0 | Evaluator Episodes = 3171 | Evaluator Steps = 158550 | Final Dist = 1.382 | Final Dist 10 = 0.951 | Final Dist 100 = 1.759 | Final Dist 1000 = 1.536 | Init Dist = 6.708 | Init Dist 10 = 4.917 | Init Dist 100 = 5.795 | Init Dist 1000 = 5.717 | Learner Steps = 9683 | Learner Walltime = 1886.759 | Min Dist = 0.113 | Min Dist 10 = 0.446 | Min Dist 100 = 0.147 | Min Dist 1000 = 0.194 | Steps Per Second = 84.654 | Success = 1.000 | Success 1000 = 0.989
I0502 15:37:43.044250 139569349502528 terminal.py:91] [Actor] Actor Episodes = 12595 | Actor Steps = 629750 | Delta Dist = 3.838 | Delta Dist 10 = 3.998 | Delta Dist 100 = 3.996 | Delta Dist 1000 = 4.181 | Episode Length = 50 | Episode Return = 41.0 | Evaluator Episodes = 3171 | Evaluator Steps = 158550 | Final Dist = 0.285 | Final Dist 10 = 1.178 | Final Dist 100 = 1.753 | Final Dist 1000 = 1.535 | Init Dist = 4.123 | Init Dist 10 = 5.175 | Init Dist 100 = 5.749 | Init Dist 1000 = 5.716 | Learner Steps = 9683 | Learner Walltime = 1886.759 | Min Dist = 0.110 | Min Dist 10 = 0.420 | Min Dist 100 = 0.147 | Min Dist 1000 = 0.194 | Steps Per Second = 81.589 | Success = 1.000 | Success 1000 = 0.989
I0502 15:37:43.144220 139579566835264 terminal.py:91] [Evaluator] Actor Episodes = 12595 | Actor Steps = 629750 | Delta Dist = 11.980 | Delta Dist 10 = 11.918 | Delta Dist 100 = 11.109 | Delta Dist 1000 = 10.739 | Episode Length = 50 | Episode Return = 16.0 | Evaluator Episodes = 3173 | Evaluator Steps = 158650 | Final Dist = 0.827 | Final Dist 10 = 0.888 | Final Dist 100 = 1.698 | Final Dist 1000 = 2.068 | Init Dist = 12.806 | Init Dist 10 = 12.806 | Init Dist 100 = 12.806 | Init Dist 1000 = 12.806 | Learner Steps = 9683 | Learner Walltime = 1886.759 | Min Dist = 0.059 | Min Dist 10 = 0.206 | Min Dist 100 = 0.859 | Min Dist 1000 = 1.350 | Steps Per Second = 88.826 | Success = 1.000 | Success 1000 = 0.827
I0502 15:37:44.275852 139579566835264 terminal.py:91] [Evaluator] Actor Episodes = 12603 | Actor Steps = 630150 | Delta Dist = 12.099 | Delta Dist 10 = 12.043 | Delta Dist 100 = 11.126 | Delta Dist 1000 = 10.749 | Episode Length = 50 | Episode Return = 34.0 | Evaluator Episodes = 3175 | Evaluator Steps = 158750 | Final Dist = 0.708 | Final Dist 10 = 0.763 | Final Dist 100 = 1.680 | Final Dist 1000 = 2.057 | Init Dist = 12.806 | Init Dist 10 = 12.806 | Init Dist 100 = 12.806 | Init Dist 1000 = 12.806 | Learner Steps = 9689 | Learner Walltime = 1887.949 | Min Dist = 0.139 | Min Dist 10 = 0.205 | Min Dist 100 = 0.860 | Min Dist 1000 = 1.340 | Steps Per Second = 87.038 | Success = 1.000 | Success 1000 = 0.828
I0502 15:37:45.390399 139579566835264 terminal.py:91] [Evaluator] Actor Episodes = 12609 | Actor Steps = 630450 | Delta Dist = 11.435 | Delta Dist 10 = 11.871 | Delta Dist 100 = 11.233 | Delta Dist 1000 = 10.749 | Episode Length = 50 | Episode Return = 2.0 | Evaluator Episodes = 3177 | Evaluator Steps = 158850 | Final Dist = 1.372 | Final Dist 10 = 0.935 | Final Dist 100 = 1.573 | Final Dist 1000 = 2.057 | Init Dist = 12.806 | Init Dist 10 = 12.806 | Init Dist 100 = 12.806 | Init Dist 1000 = 12.806 | Learner Steps = 9696 | Learner Walltime = 1889.213 | Min Dist = 0.659 | Min Dist 10 = 0.210 | Min Dist 100 = 0.759 | Min Dist 1000 = 1.340 | Steps Per Second = 86.510 | Success = 1.000 | Success 1000 = 0.828
I0502 15:37:46.590115 139579566835264 terminal.py:91] [Evaluator] Actor Episodes = 12617 | Actor Steps = 630850 | Delta Dist = 11.482 | Delta Dist 10 = 11.789 | Delta Dist 100 = 11.277 | Delta Dist 1000 = 10.757 | Episode Length = 50 | Episode Return = 5.0 | Evaluator Episodes = 3179 | Evaluator Steps = 158950 | Final Dist = 1.324 | Final Dist 10 = 1.017 | Final Dist 100 = 1.529 | Final Dist 1000 = 2.049 | Init Dist = 12.806 | Init Dist 10 = 12.806 | Init Dist 100 = 12.806 | Init Dist 1000 = 12.806 | Learner Steps = 9701 | Learner Walltime = 1890.363 | Min Dist = 0.433 | Min Dist 10 = 0.250 | Min Dist 100 = 0.704 | Min Dist 1000 = 1.330 | Steps Per Second = 85.648 | Success = 1.000 | Success 1000 = 0.829
I0502 15:37:46.760560 139555013154368 terminal.py:91] [Learner] Actor Episodes = 12617 | Actor Loss = 3.6080899238586426 | Actor Steps = 630850 | Binary Accuracy = 0.9960618019104004 | Categorical Accuracy = 0.42230224609375 | Critic Loss = 1.9369959831237793 | Entropy Mean = -19.083141326904297 | Evaluator Episodes = 3177 | Evaluator Steps = 158850 | Learner Steps = 9704 | Learner Walltime = 1890.957 | Logits Neg = -15.994525909423828 | Logits Pos = -1.9113353490829468 | Logsumexp = 1.1191136837005615 | Steps Per Second = 161.808
I0502 15:37:47.813903 139579566835264 terminal.py:91] [Evaluator] Actor Episodes = 12625 | Actor Steps = 631250 | Delta Dist = 11.469 | Delta Dist 10 = 11.775 | Delta Dist 100 = 11.270 | Delta Dist 1000 = 10.757 | Episode Length = 50 | Episode Return = 12.0 | Evaluator Episodes = 3181 | Evaluator Steps = 159050 | Final Dist = 1.337 | Final Dist 10 = 1.032 | Final Dist 100 = 1.536 | Final Dist 1000 = 2.050 | Init Dist = 12.806 | Init Dist 10 = 12.806 | Init Dist 100 = 12.806 | Init Dist 1000 = 12.806 | Learner Steps = 9708 | Learner Walltime = 1891.602 | Min Dist = 0.094 | Min Dist 10 = 0.251 | Min Dist 100 = 0.707 | Min Dist 1000 = 1.330 | Steps Per Second = 82.986 | Success = 1.000 | Success 1000 = 0.829
I0502 15:37:48.112981 139584504182336 lp_utils.py:96] StepsLimiter: Reached 631350 recorded steps
I0502 15:37:48.975556 139579566835264 terminal.py:91] [Evaluator] Actor Episodes = 12633 | Actor Steps = 631650 | Delta Dist = 11.810 | Delta Dist 10 = 11.746 | Delta Dist 100 = 11.271 | Delta Dist 1000 = 10.775 | Episode Length = 50 | Episode Return = 14.0 | Evaluator Episodes = 3183 | Evaluator Steps = 159150 | Final Dist = 0.996 | Final Dist 10 = 1.061 | Final Dist 100 = 1.535 | Final Dist 1000 = 2.031 | Init Dist = 12.806 | Init Dist 10 = 12.806 | Init Dist 100 = 12.806 | Init Dist 1000 = 12.806 | Learner Steps = 9714 | Learner Walltime = 1892.854 | Min Dist = 0.110 | Min Dist 10 = 0.216 | Min Dist 100 = 0.707 | Min Dist 1000 = 1.310 | Steps Per Second = 91.096 | Success = 1.000 | Success 1000 = 0.831
I0502 15:37:50.218254 139579566835264 terminal.py:91] [Evaluator] Actor Episodes = 12641 | Actor Steps = 632050 | Delta Dist = 11.551 | Delta Dist 10 = 11.610 | Delta Dist 100 = 11.336 | Delta Dist 1000 = 10.775 | Episode Length = 50 | Episode Return = 15.0 | Evaluator Episodes = 3185 | Evaluator Steps = 159250 | Final Dist = 1.256 | Final Dist 10 = 1.196 | Final Dist 100 = 1.470 | Final Dist 1000 = 2.031 | Init Dist = 12.806 | Init Dist 10 = 12.806 | Init Dist 100 = 12.806 | Init Dist 1000 = 12.806 | Learner Steps = 9720 | Learner Walltime = 1894.102 | Min Dist = 0.190 | Min Dist 10 = 0.247 | Min Dist 100 = 0.650 | Min Dist 1000 = 1.310 | Steps Per Second = 76.912 | Success = 1.000 | Success 1000 = 0.831
I0502 15:37:51.418590 139579566835264 terminal.py:91] [Evaluator] Actor Episodes = 12649 | Actor Steps = 632450 | Delta Dist = 12.648 | Delta Dist 10 = 11.675 | Delta Dist 100 = 11.347 | Delta Dist 1000 = 10.776 | Episode Length = 50 | Episode Return = 16.0 | Evaluator Episodes = 3187 | Evaluator Steps = 159350 | Final Dist = 0.159 | Final Dist 10 = 1.131 | Final Dist 100 = 1.459 | Final Dist 1000 = 2.030 | Init Dist = 12.806 | Init Dist 10 = 12.806 | Init Dist 100 = 12.806 | Init Dist 1000 = 12.806 | Learner Steps = 9726 | Learner Walltime = 1895.227 | Min Dist = 0.159 | Min Dist 10 = 0.253 | Min Dist 100 = 0.651 | Min Dist 1000 = 1.310 | Steps Per Second = 77.884 | Success = 1.000 | Success 1000 = 0.831
I0502 15:37:51.523305 139558059398720 terminal.py:91] [Actor] Actor Episodes = 12646 | Actor Steps = 632300 | Delta Dist = 1.406 | Delta Dist 10 = 3.693 | Delta Dist 100 = 4.025 | Delta Dist 1000 = 4.173 | Episode Length = 50 | Episode Return = 45.0 | Evaluator Episodes = 3185 | Evaluator Steps = 159250 | Final Dist = 0.008 | Final Dist 10 = 2.495 | Final Dist 100 = 1.803 | Final Dist 1000 = 1.544 | Init Dist = 1.414 | Init Dist 10 = 6.189 | Init Dist 100 = 5.829 | Init Dist 1000 = 5.716 | Learner Steps = 9720 | Learner Walltime = 1894.102 | Min Dist = 0.003 | Min Dist 10 = 0.460 | Min Dist 100 = 0.259 | Min Dist 1000 = 0.205 | Steps Per Second = 81.982 | Success = 1.000 | Success 1000 = 0.986
I0502 15:37:52.535572 139579566835264 terminal.py:91] [Evaluator] Actor Episodes = 12657 | Actor Steps = 632850 | Delta Dist = 11.426 | Delta Dist 10 = 11.812 | Delta Dist 100 = 11.356 | Delta Dist 1000 = 10.777 | Episode Length = 50 | Episode Return = 1.0 | Evaluator Episodes = 3189 | Evaluator Steps = 159450 | Final Dist = 1.381 | Final Dist 10 = 0.994 | Final Dist 100 = 1.451 | Final Dist 1000 = 2.029 | Init Dist = 12.806 | Init Dist 10 = 12.806 | Init Dist 100 = 12.806 | Init Dist 1000 = 12.806 | Learner Steps = 9733 | Learner Walltime = 1896.537 | Min Dist = 0.163 | Min Dist 10 = 0.264 | Min Dist 100 = 0.657 | Min Dist 1000 = 1.310 | Steps Per Second = 92.687 | Success = 1.000 | Success 1000 = 0.831
I0502 15:37:52.816594 139557462840896 terminal.py:91] [Actor] Actor Episodes = 12656 | Actor Steps = 632800 | Delta Dist = 7.037 | Delta Dist 10 = 4.505 | Delta Dist 100 = 4.241 | Delta Dist 1000 = 4.166 | Episode Length = 50 | Episode Return = 0.0 | Evaluator Episodes = 3187 | Evaluator Steps = 159350 | Final Dist = 2.397 | Final Dist 10 = 1.433 | Final Dist 100 = 1.742 | Final Dist 1000 = 1.546 | Init Dist = 9.434 | Init Dist 10 = 5.938 | Init Dist 100 = 5.983 | Init Dist 1000 = 5.712 | Learner Steps = 9726 | Learner Walltime = 1895.227 | Min Dist = 0.136 | Min Dist 10 = 0.066 | Min Dist 100 = 0.260 | Min Dist 1000 = 0.205 | Steps Per Second = 85.850 | Success = 1.000 | Success 1000 = 0.986
I0502 15:37:52.955596 139555860620864 terminal.py:91] [Actor] Actor Episodes = 12658 | Actor Steps = 632900 | Delta Dist = 4.754 | Delta Dist 10 = 4.513 | Delta Dist 100 = 4.234 | Delta Dist 1000 = 4.164 | Episode Length = 50 | Episode Return = 21.0 | Evaluator Episodes = 3187 | Evaluator Steps = 159350 | Final Dist = 1.329 | Final Dist 10 = 2.227 | Final Dist 100 = 1.811 | Final Dist 1000 = 1.553 | Init Dist = 6.083 | Init Dist 10 = 6.740 | Init Dist 100 = 6.045 | Init Dist 1000 = 5.717 | Learner Steps = 9733 | Learner Walltime = 1896.537 | Min Dist = 0.144 | Min Dist 10 = 0.079 | Min Dist 100 = 0.261 | Min Dist 1000 = 0.205 | Steps Per Second = 84.385 | Success = 1.000 | Success 1000 = 0.986
I0502 15:37:53.376004 139569349502528 terminal.py:91] [Actor] Actor Episodes = 12660 | Actor Steps = 633000 | Delta Dist = 1.175 | Delta Dist 10 = 5.037 | Delta Dist 100 = 4.201 | Delta Dist 1000 = 4.161 | Episode Length = 50 | Episode Return = 28.0 | Evaluator Episodes = 3189 | Evaluator Steps = 159450 | Final Dist = 1.061 | Final Dist 10 = 1.389 | Final Dist 100 = 1.816 | Final Dist 1000 = 1.554 | Init Dist = 2.236 | Init Dist 10 = 6.426 | Init Dist 100 = 6.017 | Init Dist 1000 = 5.715 | Learner Steps = 9733 | Learner Walltime = 1896.537 | Min Dist = 0.082 | Min Dist 10 = 0.088 | Min Dist 100 = 0.262 | Min Dist 1000 = 0.205 | Steps Per Second = 75.164 | Success = 1.000 | Success 1000 = 0.986
I0502 15:37:53.764982 139579566835264 terminal.py:91] [Evaluator] Actor Episodes = 12665 | Actor Steps = 633250 | Delta Dist = 11.308 | Delta Dist 10 = 11.796 | Delta Dist 100 = 11.354 | Delta Dist 1000 = 10.797 | Episode Length = 50 | Episode Return = 16.0 | Evaluator Episodes = 3191 | Evaluator Steps = 159550 | Final Dist = 1.498 | Final Dist 10 = 1.010 | Final Dist 100 = 1.452 | Final Dist 1000 = 2.009 | Init Dist = 12.806 | Init Dist 10 = 12.806 | Init Dist 100 = 12.806 | Init Dist 1000 = 12.806 | Learner Steps = 9740 | Learner Walltime = 1897.707 | Min Dist = 0.086 | Min Dist 10 = 0.265 | Min Dist 100 = 0.660 | Min Dist 1000 = 1.290 | Steps Per Second = 81.856 | Success = 1.000 | Success 1000 = 0.833
I0502 15:37:55.320075 139579566835264 terminal.py:91] [Evaluator] Actor Episodes = 12675 | Actor Steps = 633750 | Delta Dist = 11.157 | Delta Dist 10 = 10.671 | Delta Dist 100 = 11.237 | Delta Dist 1000 = 10.784 | Episode Length = 50 | Episode Return = 9.0 | Evaluator Episodes = 3194 | Evaluator Steps = 159700 | Final Dist = 1.649 | Final Dist 10 = 2.135 | Final Dist 100 = 1.569 | Final Dist 1000 = 2.023 | Init Dist = 12.806 | Init Dist 10 = 12.806 | Init Dist 100 = 12.806 | Init Dist 1000 = 12.806 | Learner Steps = 9746 | Learner Walltime = 1898.805 | Min Dist = 0.147 | Min Dist 10 = 1.522 | Min Dist 100 = 0.784 | Min Dist 1000 = 1.303 | Steps Per Second = 83.173 | Success = 1.000 | Success 1000 = 0.832
I0502 15:37:56.532529 139579566835264 terminal.py:91] [Evaluator] Actor Episodes = 12683 | Actor Steps = 634150 | Delta Dist = 11.768 | Delta Dist 10 = 10.647 | Delta Dist 100 = 11.227 | Delta Dist 1000 = 10.783 | Episode Length = 50 | Episode Return = 2.0 | Evaluator Episodes = 3196 | Evaluator Steps = 159800 | Final Dist = 1.038 | Final Dist 10 = 2.159 | Final Dist 100 = 1.579 | Final Dist 1000 = 2.024 | Init Dist = 12.806 | Init Dist 10 = 12.806 | Init Dist 100 = 12.806 | Init Dist 1000 = 12.806 | Learner Steps = 9752 | Learner Walltime = 1900.018 | Min Dist = 0.408 | Min Dist 10 = 1.501 | Min Dist 100 = 0.779 | Min Dist 1000 = 1.302 | Steps Per Second = 80.238 | Success = 1.000 | Success 1000 = 0.832
I0502 15:37:56.944953 139555013154368 terminal.py:91] [Learner] Actor Episodes = 12689 | Actor Loss = 3.5997395515441895 | Actor Steps = 634450 | Binary Accuracy = 0.9959709644317627 | Categorical Accuracy = 0.41168212890625 | Critic Loss = 1.9650084972381592 | Entropy Mean = -18.920923233032227 | Evaluator Episodes = 3196 | Evaluator Steps = 159800 | Learner Steps = 9758 | Learner Walltime = 1901.140 | Logits Neg = -15.940571784973145 | Logits Pos = -1.9483816623687744 | Logsumexp = 1.3114985227584839 | Steps Per Second = 145.609
I0502 15:37:57.596175 139579566835264 terminal.py:91] [Evaluator] Actor Episodes = 12691 | Actor Steps = 634550 | Delta Dist = 11.125 | Delta Dist 10 = 9.657 | Delta Dist 100 = 11.144 | Delta Dist 1000 = 10.774 | Episode Length = 50 | Episode Return = 11.0 | Evaluator Episodes = 3198 | Evaluator Steps = 159900 | Final Dist = 1.682 | Final Dist 10 = 3.149 | Final Dist 100 = 1.663 | Final Dist 1000 = 2.032 | Init Dist = 12.806 | Init Dist 10 = 12.806 | Init Dist 100 = 12.806 | Init Dist 1000 = 12.806 | Learner Steps = 9758 | Learner Walltime = 1901.140 | Min Dist = 0.182 | Min Dist 10 = 2.172 | Min Dist 100 = 0.845 | Min Dist 1000 = 1.309 | Steps Per Second = 95.092 | Success = 1.000 | Success 1000 = 0.831
I0502 15:37:58.129623 139584504182336 lp_utils.py:96] StepsLimiter: Reached 634850 recorded steps
I0502 15:37:58.825507 139579566835264 terminal.py:91] [Evaluator] Actor Episodes = 12699 | Actor Steps = 634950 | Delta Dist = 12.220 | Delta Dist 10 = 9.625 | Delta Dist 100 = 11.131 | Delta Dist 1000 = 10.782 | Episode Length = 50 | Episode Return = 23.0 | Evaluator Episodes = 3200 | Evaluator Steps = 160000 | Final Dist = 0.586 | Final Dist 10 = 3.182 | Final Dist 100 = 1.676 | Final Dist 1000 = 2.025 | Init Dist = 12.806 | Init Dist 10 = 12.806 | Init Dist 100 = 12.806 | Init Dist 1000 = 12.806 | Learner Steps = 9765 | Learner Walltime = 1902.377 | Min Dist = 0.094 | Min Dist 10 = 2.143 | Min Dist 100 = 0.849 | Min Dist 1000 = 1.299 | Steps Per Second = 81.544 | Success = 1.000 | Success 1000 = 0.832
I0502 15:37:59.952312 139579566835264 terminal.py:91] [Evaluator] Actor Episodes = 12707 | Actor Steps = 635350 | Delta Dist = 1.327 | Delta Dist 10 = 9.767 | Delta Dist 100 = 11.143 | Delta Dist 1000 = 10.781 | Episode Length = 50 | Episode Return = 0.0 | Evaluator Episodes = 3202 | Evaluator Steps = 160100 | Final Dist = 11.480 | Final Dist 10 = 3.039 | Final Dist 100 = 1.664 | Final Dist 1000 = 2.025 | Init Dist = 12.806 | Init Dist 10 = 12.806 | Init Dist 100 = 12.806 | Init Dist 1000 = 12.806 | Learner Steps = 9771 | Learner Walltime = 1903.614 | Min Dist = 10.905 | Min Dist 10 = 2.107 | Min Dist 100 = 0.841 | Min Dist 1000 = 1.299 | Steps Per Second = 99.804 | Success = 0.000 | Success 1000 = 0.832
I0502 15:38:01.133358 139579566835264 terminal.py:91] [Evaluator] Actor Episodes = 12715 | Actor Steps = 635750 | Delta Dist = 12.046 | Delta Dist 10 = 9.899 | Delta Dist 100 = 11.156 | Delta Dist 1000 = 10.781 | Episode Length = 50 | Episode Return = 23.0 | Evaluator Episodes = 3204 | Evaluator Steps = 160200 | Final Dist = 0.760 | Final Dist 10 = 2.908 | Final Dist 100 = 1.650 | Final Dist 1000 = 2.025 | Init Dist = 12.806 | Init Dist 10 = 12.806 | Init Dist 100 = 12.806 | Init Dist 1000 = 12.806 | Learner Steps = 9776 | Learner Walltime = 1904.740 | Min Dist = 0.093 | Min Dist 10 = 1.937 | Min Dist 100 = 0.849 | Min Dist 1000 = 1.299 | Steps Per Second = 84.384 | Success = 1.000 | Success 1000 = 0.832
I0502 15:38:02.116861 139558059398720 terminal.py:91] [Actor] Actor Episodes = 12718 | Actor Steps = 635900 | Delta Dist = 2.696 | Delta Dist 10 = 3.504 | Delta Dist 100 = 3.777 | Delta Dist 1000 = 4.179 | Episode Length = 50 | Episode Return = 0.0 | Evaluator Episodes = 3204 | Evaluator Steps = 160200 | Final Dist = 5.366 | Final Dist 10 = 3.793 | Final Dist 100 = 2.004 | Final Dist 1000 = 1.571 | Init Dist = 8.062 | Init Dist 10 = 7.296 | Init Dist 100 = 5.781 | Init Dist 1000 = 5.750 | Learner Steps = 9776 | Learner Walltime = 1904.740 | Min Dist = 0.023 | Min Dist 10 = 1.204 | Min Dist 100 = 0.563 | Min Dist 1000 = 0.235 | Steps Per Second = 83.767 | Success = 1.000 | Success 1000 = 0.984
I0502 15:38:02.313602 139579566835264 terminal.py:91] [Evaluator] Actor Episodes = 12721 | Actor Steps = 636050 | Delta Dist = 11.864 | Delta Dist 10 = 9.071 | Delta Dist 100 = 11.154 | Delta Dist 1000 = 10.782 | Episode Length = 50 | Episode Return = 3.0 | Evaluator Episodes = 3206 | Evaluator Steps = 160300 | Final Dist = 0.942 | Final Dist 10 = 3.735 | Final Dist 100 = 1.653 | Final Dist 1000 = 2.024 | Init Dist = 12.806 | Init Dist 10 = 12.806 | Init Dist 100 = 12.806 | Init Dist 1000 = 12.806 | Learner Steps = 9783 | Learner Walltime = 1905.908 | Min Dist = 0.942 | Min Dist 10 = 2.937 | Min Dist 100 = 0.847 | Min Dist 1000 = 1.299 | Steps Per Second = 82.580 | Success = 1.000 | Success 1000 = 0.832
I0502 15:38:02.891563 139557462840896 terminal.py:91] [Actor] Actor Episodes = 12729 | Actor Steps = 636450 | Delta Dist = 9.355 | Delta Dist 10 = 3.931 | Delta Dist 100 = 3.809 | Delta Dist 1000 = 4.176 | Episode Length = 50 | Episode Return = 39.0 | Evaluator Episodes = 3206 | Evaluator Steps = 160300 | Final Dist = 0.645 | Final Dist 10 = 3.438 | Final Dist 100 = 2.084 | Final Dist 1000 = 1.577 | Init Dist = 10.000 | Init Dist 10 = 7.370 | Init Dist 100 = 5.893 | Init Dist 1000 = 5.753 | Learner Steps = 9789 | Learner Walltime = 1907.028 | Min Dist = 0.628 | Min Dist 10 = 0.140 | Min Dist 100 = 0.567 | Min Dist 1000 = 0.236 | Steps Per Second = 74.454 | Success = 1.000 | Success 1000 = 0.984
I0502 15:38:03.322880 139555860620864 terminal.py:91] [Actor] Actor Episodes = 12728 | Actor Steps = 636400 | Delta Dist = 2.234 | Delta Dist 10 = 4.875 | Delta Dist 100 = 3.825 | Delta Dist 1000 = 4.182 | Episode Length = 50 | Episode Return = 19.0 | Evaluator Episodes = 3206 | Evaluator Steps = 160300 | Final Dist = 0.003 | Final Dist 10 = 2.192 | Final Dist 100 = 2.150 | Final Dist 1000 = 1.580 | Init Dist = 2.236 | Init Dist 10 = 7.068 | Init Dist 100 = 5.975 | Init Dist 1000 = 5.762 | Learner Steps = 9789 | Learner Walltime = 1907.028 | Min Dist = 0.003 | Min Dist 10 = 0.228 | Min Dist 100 = 0.577 | Min Dist 1000 = 0.237 | Steps Per Second = 103.832 | Success = 1.000 | Success 1000 = 0.984
I0502 15:38:03.416640 139569349502528 terminal.py:91] [Actor] Actor Episodes = 12731 | Actor Steps = 636550 | Delta Dist = 0.879 | Delta Dist 10 = 4.696 | Delta Dist 100 = 3.779 | Delta Dist 1000 = 4.185 | Episode Length = 50 | Episode Return = 30.0 | Evaluator Episodes = 3206 | Evaluator Steps = 160300 | Final Dist = 0.535 | Final Dist 10 = 2.030 | Final Dist 100 = 2.151 | Final Dist 1000 = 1.576 | Init Dist = 1.414 | Init Dist 10 = 6.726 | Init Dist 100 = 5.930 | Init Dist 1000 = 5.760 | Learner Steps = 9789 | Learner Walltime = 1907.028 | Min Dist = 0.085 | Min Dist 10 = 0.228 | Min Dist 100 = 0.575 | Min Dist 1000 = 0.237 | Steps Per Second = 113.676 | Success = 1.000 | Success 1000 = 0.984
I0502 15:38:03.437036 139579566835264 terminal.py:91] [Evaluator] Actor Episodes = 12731 | Actor Steps = 636550 | Delta Dist = 11.572 | Delta Dist 10 = 9.296 | Delta Dist 100 = 11.098 | Delta Dist 1000 = 10.776 | Episode Length = 50 | Episode Return = 10.0 | Evaluator Episodes = 3208 | Evaluator Steps = 160400 | Final Dist = 1.235 | Final Dist 10 = 3.510 | Final Dist 100 = 1.708 | Final Dist 1000 = 2.031 | Init Dist = 12.806 | Init Dist 10 = 12.806 | Init Dist 100 = 12.806 | Init Dist 1000 = 12.806 | Learner Steps = 9789 | Learner Walltime = 1907.028 | Min Dist = 0.419 | Min Dist 10 = 2.963 | Min Dist 100 = 0.912 | Min Dist 1000 = 1.306 | Steps Per Second = 91.153 | Success = 1.000 | Success 1000 = 0.831
I0502 15:38:04.617462 139579566835264 terminal.py:91] [Evaluator] Actor Episodes = 12739 | Actor Steps = 636950 | Delta Dist = 12.091 | Delta Dist 10 = 9.439 | Delta Dist 100 = 11.101 | Delta Dist 1000 = 10.775 | Episode Length = 50 | Episode Return = 18.0 | Evaluator Episodes = 3210 | Evaluator Steps = 160500 | Final Dist = 0.715 | Final Dist 10 = 3.367 | Final Dist 100 = 1.705 | Final Dist 1000 = 2.031 | Init Dist = 12.806 | Init Dist 10 = 12.806 | Init Dist 100 = 12.806 | Init Dist 1000 = 12.806 | Learner Steps = 9796 | Learner Walltime = 1908.170 | Min Dist = 0.154 | Min Dist 10 = 2.961 | Min Dist 100 = 0.914 | Min Dist 1000 = 1.306 | Steps Per Second = 84.011 | Success = 1.000 | Success 1000 = 0.831
I0502 15:38:05.759144 139579566835264 terminal.py:91] [Evaluator] Actor Episodes = 12748 | Actor Steps = 637400 | Delta Dist = 11.177 | Delta Dist 10 = 9.341 | Delta Dist 100 = 11.104 | Delta Dist 1000 = 10.785 | Episode Length = 50 | Episode Return = 10.0 | Evaluator Episodes = 3212 | Evaluator Steps = 160600 | Final Dist = 1.629 | Final Dist 10 = 3.465 | Final Dist 100 = 1.703 | Final Dist 1000 = 2.021 | Init Dist = 12.806 | Init Dist 10 = 12.806 | Init Dist 100 = 12.806 | Init Dist 1000 = 12.806 | Learner Steps = 9802 | Learner Walltime = 1909.434 | Min Dist = 0.174 | Min Dist 10 = 2.970 | Min Dist 100 = 0.913 | Min Dist 1000 = 1.295 | Steps Per Second = 89.626 | Success = 1.000 | Success 1000 = 0.833
I0502 15:38:06.994688 139555013154368 terminal.py:91] [Learner] Actor Episodes = 12750 | Actor Loss = 3.585505485534668 | Actor Steps = 637500 | Binary Accuracy = 0.9960157871246338 | Categorical Accuracy = 0.43267822265625 | Critic Loss = 1.9587352275848389 | Entropy Mean = -20.168380737304688 | Evaluator Episodes = 3212 | Evaluator Steps = 160600 | Learner Steps = 9812 | Learner Walltime = 1911.193 | Logits Neg = -15.68984603881836 | Logits Pos = -1.947767734527588 | Logsumexp = 1.3739306926727295 | Steps Per Second = 618.535
I0502 15:38:07.265812 139579566835264 terminal.py:91] [Evaluator] Actor Episodes = 12756 | Actor Steps = 637800 | Delta Dist = 11.928 | Delta Dist 10 = 9.000 | Delta Dist 100 = 10.970 | Delta Dist 1000 = 10.773 | Episode Length = 50 | Episode Return = 9.0 | Evaluator Episodes = 3215 | Evaluator Steps = 160750 | Final Dist = 0.878 | Final Dist 10 = 3.807 | Final Dist 100 = 1.836 | Final Dist 1000 = 2.033 | Init Dist = 12.806 | Init Dist 10 = 12.806 | Init Dist 100 = 12.806 | Init Dist 1000 = 12.806 | Learner Steps = 9808 | Learner Walltime = 1910.553 | Min Dist = 0.100 | Min Dist 10 = 2.975 | Min Dist 100 = 1.014 | Min Dist 1000 = 1.303 | Steps Per Second = 90.904 | Success = 1.000 | Success 1000 = 0.834
I0502 15:38:08.149928 139584504182336 lp_utils.py:96] StepsLimiter: Reached 638200 recorded steps
I0502 15:38:08.396573 139579566835264 terminal.py:91] [Evaluator] Actor Episodes = 12764 | Actor Steps = 638200 | Delta Dist = 11.833 | Delta Dist 10 = 9.906 | Delta Dist 100 = 10.957 | Delta Dist 1000 = 10.773 | Episode Length = 50 | Episode Return = 13.0 | Evaluator Episodes = 3217 | Evaluator Steps = 160850 | Final Dist = 0.974 | Final Dist 10 = 2.900 | Final Dist 100 = 1.849 | Final Dist 1000 = 2.033 | Init Dist = 12.806 | Init Dist 10 = 12.806 | Init Dist 100 = 12.806 | Init Dist 1000 = 12.806 | Learner Steps = 9815 | Learner Walltime = 1911.586 | Min Dist = 0.853 | Min Dist 10 = 1.874 | Min Dist 100 = 1.014 | Min Dist 1000 = 1.303 | Steps Per Second = 88.959 | Success = 1.000 | Success 1000 = 0.834
I0502 15:38:09.549222 139579566835264 terminal.py:91] [Evaluator] Actor Episodes = 12772 | Actor Steps = 638600 | Delta Dist = 11.239 | Delta Dist 10 = 10.543 | Delta Dist 100 = 10.965 | Delta Dist 1000 = 10.774 | Episode Length = 50 | Episode Return = 10.0 | Evaluator Episodes = 3219 | Evaluator Steps = 160950 | Final Dist = 1.567 | Final Dist 10 = 2.263 | Final Dist 100 = 1.841 | Final Dist 1000 = 2.032 | Init Dist = 12.806 | Init Dist 10 = 12.806 | Init Dist 100 = 12.806 | Init Dist 1000 = 12.806 | Learner Steps = 9821 | Learner Walltime = 1912.829 | Min Dist = 0.325 | Min Dist 10 = 1.305 | Min Dist 100 = 1.022 | Min Dist 1000 = 1.303 | Steps Per Second = 84.815 | Success = 1.000 | Success 1000 = 0.834
I0502 15:38:10.791367 139579566835264 terminal.py:91] [Evaluator] Actor Episodes = 12780 | Actor Steps = 639000 | Delta Dist = 11.444 | Delta Dist 10 = 10.353 | Delta Dist 100 = 10.963 | Delta Dist 1000 = 10.778 | Episode Length = 50 | Episode Return = 2.0 | Evaluator Episodes = 3221 | Evaluator Steps = 161050 | Final Dist = 1.363 | Final Dist 10 = 2.453 | Final Dist 100 = 1.843 | Final Dist 1000 = 2.029 | Init Dist = 12.806 | Init Dist 10 = 12.806 | Init Dist 100 = 12.806 | Init Dist 1000 = 12.806 | Learner Steps = 9827 | Learner Walltime = 1913.979 | Min Dist = 0.647 | Min Dist 10 = 1.308 | Min Dist 100 = 1.022 | Min Dist 1000 = 1.298 | Steps Per Second = 82.543 | Success = 1.000 | Success 1000 = 0.835
I0502 15:38:11.985391 139579566835264 terminal.py:91] [Evaluator] Actor Episodes = 12788 | Actor Steps = 639400 | Delta Dist = 12.072 | Delta Dist 10 = 10.395 | Delta Dist 100 = 10.950 | Delta Dist 1000 = 10.788 | Episode Length = 50 | Episode Return = 28.0 | Evaluator Episodes = 3223 | Evaluator Steps = 161150 | Final Dist = 0.734 | Final Dist 10 = 2.411 | Final Dist 100 = 1.857 | Final Dist 1000 = 2.018 | Init Dist = 12.806 | Init Dist 10 = 12.806 | Init Dist 100 = 12.806 | Init Dist 1000 = 12.806 | Learner Steps = 9833 | Learner Walltime = 1915.239 | Min Dist = 0.073 | Min Dist 10 = 1.348 | Min Dist 100 = 1.027 | Min Dist 1000 = 1.288 | Steps Per Second = 89.284 | Success = 1.000 | Success 1000 = 0.836
I0502 15:38:12.571960 139558059398720 terminal.py:91] [Actor] Actor Episodes = 12794 | Actor Steps = 639700 | Delta Dist = 3.022 | Delta Dist 10 = 4.469 | Delta Dist 100 = 4.071 | Delta Dist 1000 = 4.212 | Episode Length = 50 | Episode Return = 35.0 | Evaluator Episodes = 3223 | Evaluator Steps = 161150 | Final Dist = 0.583 | Final Dist 10 = 1.298 | Final Dist 100 = 1.764 | Final Dist 1000 = 1.556 | Init Dist = 3.606 | Init Dist 10 = 5.767 | Init Dist 100 = 5.835 | Init Dist 1000 = 5.767 | Learner Steps = 9840 | Learner Walltime = 1916.594 | Min Dist = 0.105 | Min Dist 10 = 0.065 | Min Dist 100 = 0.341 | Min Dist 1000 = 0.228 | Steps Per Second = 79.344 | Success = 1.000 | Success 1000 = 0.984
I0502 15:38:13.138710 139579566835264 terminal.py:91] [Evaluator] Actor Episodes = 12796 | Actor Steps = 639800 | Delta Dist = 11.462 | Delta Dist 10 = 11.694 | Delta Dist 100 = 10.959 | Delta Dist 1000 = 10.789 | Episode Length = 50 | Episode Return = 14.0 | Evaluator Episodes = 3225 | Evaluator Steps = 161250 | Final Dist = 1.345 | Final Dist 10 = 1.113 | Final Dist 100 = 1.847 | Final Dist 1000 = 2.018 | Init Dist = 12.806 | Init Dist 10 = 12.806 | Init Dist 100 = 12.806 | Init Dist 1000 = 12.806 | Learner Steps = 9840 | Learner Walltime = 1916.594 | Min Dist = 0.302 | Min Dist 10 = 0.261 | Min Dist 100 = 1.025 | Min Dist 1000 = 1.288 | Steps Per Second = 88.437 | Success = 1.000 | Success 1000 = 0.836
I0502 15:38:13.431966 139555860620864 terminal.py:91] [Actor] Actor Episodes = 12798 | Actor Steps = 639900 | Delta Dist = 7.667 | Delta Dist 10 = 5.428 | Delta Dist 100 = 4.140 | Delta Dist 1000 = 4.224 | Episode Length = 50 | Episode Return = 9.0 | Evaluator Episodes = 3225 | Evaluator Steps = 161250 | Final Dist = 0.818 | Final Dist 10 = 1.560 | Final Dist 100 = 1.792 | Final Dist 1000 = 1.555 | Init Dist = 8.485 | Init Dist 10 = 6.988 | Init Dist 100 = 5.932 | Init Dist 1000 = 5.778 | Learner Steps = 9840 | Learner Walltime = 1916.594 | Min Dist = 0.128 | Min Dist 10 = 0.159 | Min Dist 100 = 0.341 | Min Dist 1000 = 0.229 | Steps Per Second = 89.033 | Success = 1.000 | Success 1000 = 0.984
I0502 15:38:13.475950 139557462840896 terminal.py:91] [Actor] Actor Episodes = 12800 | Actor Steps = 640000 | Delta Dist = -2.979 | Delta Dist 10 = 4.475 | Delta Dist 100 = 4.125 | Delta Dist 1000 = 4.217 | Episode Length = 50 | Episode Return = 0.0 | Evaluator Episodes = 3225 | Evaluator Steps = 161250 | Final Dist = 10.050 | Final Dist 10 = 2.537 | Final Dist 100 = 1.856 | Final Dist 1000 = 1.564 | Init Dist = 7.071 | Init Dist 10 = 7.012 | Init Dist 100 = 5.981 | Init Dist 1000 = 5.782 | Learner Steps = 9840 | Learner Walltime = 1916.594 | Min Dist = 0.135 | Min Dist 10 = 0.168 | Min Dist 100 = 0.306 | Min Dist 1000 = 0.229 | Steps Per Second = 83.842 | Success = 1.000 | Success 1000 = 0.984
I0502 15:38:13.804757 139569349502528 terminal.py:91] [Actor] Actor Episodes = 12798 | Actor Steps = 639900 | Delta Dist = 1.491 | Delta Dist 10 = 4.298 | Delta Dist 100 = 4.135 | Delta Dist 1000 = 4.216 | Episode Length = 50 | Episode Return = 13.0 | Evaluator Episodes = 3223 | Evaluator Steps = 161150 | Final Dist = 1.671 | Final Dist 10 = 2.445 | Final Dist 100 = 1.787 | Final Dist 1000 = 1.565 | Init Dist = 3.162 | Init Dist 10 = 6.742 | Init Dist 100 = 5.922 | Init Dist 1000 = 5.782 | Learner Steps = 9840 | Learner Walltime = 1916.594 | Min Dist = 0.001 | Min Dist 10 = 0.158 | Min Dist 100 = 0.307 | Min Dist 1000 = 0.229 | Steps Per Second = 90.539 | Success = 1.000 | Success 1000 = 0.984
I0502 15:38:14.349681 139579566835264 terminal.py:91] [Evaluator] Actor Episodes = 12802 | Actor Steps = 640100 | Delta Dist = 11.982 | Delta Dist 10 = 11.723 | Delta Dist 100 = 10.963 | Delta Dist 1000 = 10.792 | Episode Length = 50 | Episode Return = 25.0 | Evaluator Episodes = 3227 | Evaluator Steps = 161350 | Final Dist = 0.824 | Final Dist 10 = 1.083 | Final Dist 100 = 1.843 | Final Dist 1000 = 2.014 | Init Dist = 12.806 | Init Dist 10 = 12.806 | Init Dist 100 = 12.806 | Init Dist 1000 = 12.806 | Learner Steps = 9847 | Learner Walltime = 1917.768 | Min Dist = 0.294 | Min Dist 10 = 0.326 | Min Dist 100 = 1.031 | Min Dist 1000 = 1.284 | Steps Per Second = 79.289 | Success = 1.000 | Success 1000 = 0.837
I0502 15:38:15.630656 139579566835264 terminal.py:91] [Evaluator] Actor Episodes = 12811 | Actor Steps = 640550 | Delta Dist = 12.424 | Delta Dist 10 = 11.726 | Delta Dist 100 = 10.967 | Delta Dist 1000 = 10.792 | Episode Length = 50 | Episode Return = 13.0 | Evaluator Episodes = 3229 | Evaluator Steps = 161450 | Final Dist = 0.382 | Final Dist 10 = 1.080 | Final Dist 100 = 1.839 | Final Dist 1000 = 2.014 | Init Dist = 12.806 | Init Dist 10 = 12.806 | Init Dist 100 = 12.806 | Init Dist 1000 = 12.806 | Learner Steps = 9852 | Learner Walltime = 1918.786 | Min Dist = 0.137 | Min Dist 10 = 0.266 | Min Dist 100 = 1.033 | Min Dist 1000 = 1.284 | Steps Per Second = 77.337 | Success = 1.000 | Success 1000 = 0.837
I0502 15:38:16.840918 139579566835264 terminal.py:91] [Evaluator] Actor Episodes = 12820 | Actor Steps = 641000 | Delta Dist = 12.667 | Delta Dist 10 = 11.961 | Delta Dist 100 = 10.979 | Delta Dist 1000 = 10.804 | Episode Length = 50 | Episode Return = 14.0 | Evaluator Episodes = 3231 | Evaluator Steps = 161550 | Final Dist = 0.139 | Final Dist 10 = 0.845 | Final Dist 100 = 1.827 | Final Dist 1000 = 2.002 | Init Dist = 12.806 | Init Dist 10 = 12.806 | Init Dist 100 = 12.806 | Init Dist 1000 = 12.806 | Learner Steps = 9858 | Learner Walltime = 1920.031 | Min Dist = 0.139 | Min Dist 10 = 0.246 | Min Dist 100 = 1.031 | Min Dist 1000 = 1.274 | Steps Per Second = 89.346 | Success = 1.000 | Success 1000 = 0.838
I0502 15:38:17.116730 139555013154368 terminal.py:91] [Learner] Actor Episodes = 12822 | Actor Loss = 3.604954719543457 | Actor Steps = 641100 | Binary Accuracy = 0.9960165023803711 | Categorical Accuracy = 0.4169921875 | Critic Loss = 1.9957810640335083 | Entropy Mean = -18.695558547973633 | Evaluator Episodes = 3231 | Evaluator Steps = 161550 | Learner Steps = 9865 | Learner Walltime = 1921.306 | Logits Neg = -15.684005737304688 | Logits Pos = -1.9868574142456055 | Logsumexp = 1.314031720161438 | Steps Per Second = 521.477
I0502 15:38:18.062647 139579566835264 terminal.py:91] [Evaluator] Actor Episodes = 12830 | Actor Steps = 641500 | Delta Dist = 12.700 | Delta Dist 10 = 12.185 | Delta Dist 100 = 10.986 | Delta Dist 1000 = 10.815 | Episode Length = 50 | Episode Return = 5.0 | Evaluator Episodes = 3233 | Evaluator Steps = 161650 | Final Dist = 0.106 | Final Dist 10 = 0.622 | Final Dist 100 = 1.820 | Final Dist 1000 = 1.991 | Init Dist = 12.806 | Init Dist 10 = 12.806 | Init Dist 100 = 12.806 | Init Dist 1000 = 12.806 | Learner Steps = 9864 | Learner Walltime = 1921.184 | Min Dist = 0.106 | Min Dist 10 = 0.198 | Min Dist 100 = 1.031 | Min Dist 1000 = 1.263 | Steps Per Second = 86.520 | Success = 1.000 | Success 1000 = 0.839
I0502 15:38:18.167774 139584504182336 lp_utils.py:96] StepsLimiter: Reached 641500 recorded steps
I0502 15:38:19.308426 139579566835264 terminal.py:91] [Evaluator] Actor Episodes = 12838 | Actor Steps = 641900 | Delta Dist = 12.245 | Delta Dist 10 = 12.277 | Delta Dist 100 = 11.007 | Delta Dist 1000 = 10.816 | Episode Length = 50 | Episode Return = 25.0 | Evaluator Episodes = 3235 | Evaluator Steps = 161750 | Final Dist = 0.562 | Final Dist 10 = 0.530 | Final Dist 100 = 1.799 | Final Dist 1000 = 1.990 | Init Dist = 12.806 | Init Dist 10 = 12.806 | Init Dist 100 = 12.806 | Init Dist 1000 = 12.806 | Learner Steps = 9870 | Learner Walltime = 1922.353 | Min Dist = 0.143 | Min Dist 10 = 0.199 | Min Dist 100 = 1.027 | Min Dist 1000 = 1.263 | Steps Per Second = 82.296 | Success = 1.000 | Success 1000 = 0.839
I0502 15:38:20.634772 139579566835264 terminal.py:91] [Evaluator] Actor Episodes = 12841 | Actor Steps = 642050 | Delta Dist = 12.486 | Delta Dist 10 = 12.355 | Delta Dist 100 = 11.003 | Delta Dist 1000 = 10.822 | Episode Length = 50 | Episode Return = 25.0 | Evaluator Episodes = 3236 | Evaluator Steps = 161800 | Final Dist = 0.320 | Final Dist 10 = 0.451 | Final Dist 100 = 1.804 | Final Dist 1000 = 1.984 | Init Dist = 12.806 | Init Dist 10 = 12.806 | Init Dist 100 = 12.806 | Init Dist 1000 = 12.806 | Learner Steps = 9877 | Learner Walltime = 1923.643 | Min Dist = 0.058 | Min Dist 10 = 0.183 | Min Dist 100 = 1.027 | Min Dist 1000 = 1.258 | Steps Per Second = 37.759 | Success = 1.000 | Success 1000 = 0.840
I0502 15:38:21.828307 139579566835264 terminal.py:91] [Evaluator] Actor Episodes = 12847 | Actor Steps = 642350 | Delta Dist = 12.346 | Delta Dist 10 = 12.362 | Delta Dist 100 = 11.009 | Delta Dist 1000 = 10.829 | Episode Length = 50 | Episode Return = 24.0 | Evaluator Episodes = 3238 | Evaluator Steps = 161900 | Final Dist = 0.460 | Final Dist 10 = 0.445 | Final Dist 100 = 1.798 | Final Dist 1000 = 1.977 | Init Dist = 12.806 | Init Dist 10 = 12.806 | Init Dist 100 = 12.806 | Init Dist 1000 = 12.806 | Learner Steps = 9880 | Learner Walltime = 1924.979 | Min Dist = 0.128 | Min Dist 10 = 0.110 | Min Dist 100 = 1.022 | Min Dist 1000 = 1.251 | Steps Per Second = 84.553 | Success = 1.000 | Success 1000 = 0.841
I0502 15:38:22.587295 139558059398720 terminal.py:91] [Actor] Actor Episodes = 12852 | Actor Steps = 642600 | Delta Dist = 4.395 | Delta Dist 10 = 3.895 | Delta Dist 100 = 3.997 | Delta Dist 1000 = 4.204 | Episode Length = 50 | Episode Return = 46.0 | Evaluator Episodes = 3238 | Evaluator Steps = 161900 | Final Dist = 0.990 | Final Dist 10 = 1.583 | Final Dist 100 = 1.641 | Final Dist 1000 = 1.596 | Init Dist = 5.385 | Init Dist 10 = 5.478 | Init Dist 100 = 5.639 | Init Dist 1000 = 5.799 | Learner Steps = 9880 | Learner Walltime = 1924.979 | Min Dist = 0.027 | Min Dist 10 = 0.078 | Min Dist 100 = 0.082 | Min Dist 1000 = 0.228 | Steps Per Second = 75.347 | Success = 1.000 | Success 1000 = 0.985
I0502 15:38:23.150853 139579566835264 terminal.py:91] [Evaluator] Actor Episodes = 12855 | Actor Steps = 642750 | Delta Dist = 9.860 | Delta Dist 10 = 12.323 | Delta Dist 100 = 11.070 | Delta Dist 1000 = 10.844 | Episode Length = 50 | Episode Return = 0.0 | Evaluator Episodes = 3240 | Evaluator Steps = 162000 | Final Dist = 2.946 | Final Dist 10 = 0.483 | Final Dist 100 = 1.736 | Final Dist 1000 = 1.962 | Init Dist = 12.806 | Init Dist 10 = 12.806 | Init Dist 100 = 12.806 | Init Dist 1000 = 12.806 | Learner Steps = 9886 | Learner Walltime = 1926.212 | Min Dist = 2.946 | Min Dist 10 = 0.110 | Min Dist 100 = 0.960 | Min Dist 1000 = 1.240 | Steps Per Second = 70.770 | Success = 0.000 | Success 1000 = 0.842
I0502 15:38:23.869240 139569349502528 terminal.py:91] [Actor] Actor Episodes = 12860 | Actor Steps = 643000 | Delta Dist = 4.802 | Delta Dist 10 = 4.753 | Delta Dist 100 = 3.894 | Delta Dist 1000 = 4.204 | Episode Length = 50 | Episode Return = 13.0 | Evaluator Episodes = 3240 | Evaluator Steps = 162000 | Final Dist = 0.198 | Final Dist 10 = 1.201 | Final Dist 100 = 1.623 | Final Dist 1000 = 1.600 | Init Dist = 5.000 | Init Dist 10 = 5.954 | Init Dist 100 = 5.517 | Init Dist 1000 = 5.804 | Learner Steps = 9886 | Learner Walltime = 1926.212 | Min Dist = 0.198 | Min Dist 10 = 0.274 | Min Dist 100 = 0.099 | Min Dist 1000 = 0.230 | Steps Per Second = 78.126 | Success = 1.000 | Success 1000 = 0.984
I0502 15:38:23.875223 139557462840896 terminal.py:91] [Actor] Actor Episodes = 12863 | Actor Steps = 643150 | Delta Dist = 3.672 | Delta Dist 10 = 4.011 | Delta Dist 100 = 3.891 | Delta Dist 1000 = 4.199 | Episode Length = 50 | Episode Return = 1.0 | Evaluator Episodes = 3240 | Evaluator Steps = 162000 | Final Dist = 3.608 | Final Dist 10 = 1.521 | Final Dist 100 = 1.657 | Final Dist 1000 = 1.603 | Init Dist = 7.280 | Init Dist 10 = 5.532 | Init Dist 100 = 5.547 | Init Dist 1000 = 5.803 | Learner Steps = 9893 | Learner Walltime = 1927.636 | Min Dist = 3.608 | Min Dist 10 = 0.281 | Min Dist 100 = 0.101 | Min Dist 1000 = 0.230 | Steps Per Second = 97.508 | Success = 0.000 | Success 1000 = 0.984
I0502 15:38:24.043371 139555860620864 terminal.py:91] [Actor] Actor Episodes = 12862 | Actor Steps = 643100 | Delta Dist = 3.852 | Delta Dist 10 = 3.718 | Delta Dist 100 = 3.893 | Delta Dist 1000 = 4.197 | Episode Length = 50 | Episode Return = 35.0 | Evaluator Episodes = 3240 | Evaluator Steps = 162000 | Final Dist = 0.271 | Final Dist 10 = 1.835 | Final Dist 100 = 1.691 | Final Dist 1000 = 1.606 | Init Dist = 4.123 | Init Dist 10 = 5.553 | Init Dist 100 = 5.584 | Init Dist 1000 = 5.803 | Learner Steps = 9886 | Learner Walltime = 1926.212 | Min Dist = 0.007 | Min Dist 10 = 0.639 | Min Dist 100 = 0.137 | Min Dist 1000 = 0.234 | Steps Per Second = 74.455 | Success = 1.000 | Success 1000 = 0.983
I0502 15:38:24.329807 139579566835264 terminal.py:91] [Evaluator] Actor Episodes = 12863 | Actor Steps = 643150 | Delta Dist = 11.462 | Delta Dist 10 = 11.934 | Delta Dist 100 = 11.048 | Delta Dist 1000 = 10.842 | Episode Length = 50 | Episode Return = 5.0 | Evaluator Episodes = 3242 | Evaluator Steps = 162100 | Final Dist = 1.344 | Final Dist 10 = 0.872 | Final Dist 100 = 1.758 | Final Dist 1000 = 1.965 | Init Dist = 12.806 | Init Dist 10 = 12.806 | Init Dist 100 = 12.806 | Init Dist 1000 = 12.806 | Learner Steps = 9893 | Learner Walltime = 1927.636 | Min Dist = 0.497 | Min Dist 10 = 0.428 | Min Dist 100 = 0.990 | Min Dist 1000 = 1.244 | Steps Per Second = 85.651 | Success = 1.000 | Success 1000 = 0.841
I0502 15:38:25.577176 139579566835264 terminal.py:91] [Evaluator] Actor Episodes = 12871 | Actor Steps = 643550 | Delta Dist = 11.448 | Delta Dist 10 = 11.829 | Delta Dist 100 = 11.061 | Delta Dist 1000 = 10.858 | Episode Length = 50 | Episode Return = 15.0 | Evaluator Episodes = 3244 | Evaluator Steps = 162200 | Final Dist = 1.359 | Final Dist 10 = 0.977 | Final Dist 100 = 1.745 | Final Dist 1000 = 1.948 | Init Dist = 12.806 | Init Dist 10 = 12.806 | Init Dist 100 = 12.806 | Init Dist 1000 = 12.806 | Learner Steps = 9899 | Learner Walltime = 1928.739 | Min Dist = 0.348 | Min Dist 10 = 0.473 | Min Dist 100 = 0.989 | Min Dist 1000 = 1.228 | Steps Per Second = 83.980 | Success = 1.000 | Success 1000 = 0.843
I0502 15:38:26.815258 139579566835264 terminal.py:91] [Evaluator] Actor Episodes = 12879 | Actor Steps = 643950 | Delta Dist = 11.606 | Delta Dist 10 = 11.695 | Delta Dist 100 = 11.182 | Delta Dist 1000 = 10.864 | Episode Length = 50 | Episode Return = 15.0 | Evaluator Episodes = 3246 | Evaluator Steps = 162300 | Final Dist = 1.200 | Final Dist 10 = 1.111 | Final Dist 100 = 1.625 | Final Dist 1000 = 1.942 | Init Dist = 12.806 | Init Dist 10 = 12.806 | Init Dist 100 = 12.806 | Init Dist 1000 = 12.806 | Learner Steps = 9904 | Learner Walltime = 1929.952 | Min Dist = 0.056 | Min Dist 10 = 0.502 | Min Dist 100 = 0.886 | Min Dist 1000 = 1.221 | Steps Per Second = 87.855 | Success = 1.000 | Success 1000 = 0.844
I0502 15:38:27.142796 139555013154368 terminal.py:91] [Learner] Actor Episodes = 12883 | Actor Loss = 3.6350502967834473 | Actor Steps = 644150 | Binary Accuracy = 0.9960451126098633 | Categorical Accuracy = 0.4180908203125 | Critic Loss = 1.9564204216003418 | Entropy Mean = -16.920495986938477 | Evaluator Episodes = 3246 | Evaluator Steps = 162300 | Learner Steps = 9911 | Learner Walltime = 1931.338 | Logits Neg = -16.002216339111328 | Logits Pos = -1.9704331159591675 | Logsumexp = 1.2165873050689697 | Steps Per Second = 120.365
I0502 15:38:28.244227 139579566835264 terminal.py:91] [Evaluator] Actor Episodes = 12887 | Actor Steps = 644350 | Delta Dist = 11.305 | Delta Dist 10 = 11.626 | Delta Dist 100 = 11.177 | Delta Dist 1000 = 10.864 | Episode Length = 50 | Episode Return = 25.0 | Evaluator Episodes = 3248 | Evaluator Steps = 162400 | Final Dist = 1.501 | Final Dist 10 = 1.180 | Final Dist 100 = 1.629 | Final Dist 1000 = 1.943 | Init Dist = 12.806 | Init Dist 10 = 12.806 | Init Dist 100 = 12.806 | Init Dist 1000 = 12.806 | Learner Steps = 9911 | Learner Walltime = 1931.338 | Min Dist = 0.103 | Min Dist 10 = 0.499 | Min Dist 100 = 0.881 | Min Dist 1000 = 1.221 | Steps Per Second = 67.903 | Success = 1.000 | Success 1000 = 0.844
I0502 15:38:28.248504 139584504182336 lp_utils.py:96] StepsLimiter: Reached 644350 recorded steps
I0502 15:38:29.604949 139579566835264 terminal.py:91] [Evaluator] Actor Episodes = 12895 | Actor Steps = 644750 | Delta Dist = 11.625 | Delta Dist 10 = 11.573 | Delta Dist 100 = 11.176 | Delta Dist 1000 = 10.863 | Episode Length = 50 | Episode Return = 9.0 | Evaluator Episodes = 3250 | Evaluator Steps = 162500 | Final Dist = 1.181 | Final Dist 10 = 1.234 | Final Dist 100 = 1.630 | Final Dist 1000 = 1.943 | Init Dist = 12.806 | Init Dist 10 = 12.806 | Init Dist 100 = 12.806 | Init Dist 1000 = 12.806 | Learner Steps = 9916 | Learner Walltime = 1932.738 | Min Dist = 0.171 | Min Dist 10 = 0.495 | Min Dist 100 = 0.882 | Min Dist 1000 = 1.221 | Steps Per Second = 78.585 | Success = 1.000 | Success 1000 = 0.844
I0502 15:38:30.874350 139579566835264 terminal.py:91] [Evaluator] Actor Episodes = 12903 | Actor Steps = 645150 | Delta Dist = 11.099 | Delta Dist 10 = 11.768 | Delta Dist 100 = 11.170 | Delta Dist 1000 = 10.863 | Episode Length = 50 | Episode Return = 16.0 | Evaluator Episodes = 3252 | Evaluator Steps = 162600 | Final Dist = 1.707 | Final Dist 10 = 1.039 | Final Dist 100 = 1.636 | Final Dist 1000 = 1.943 | Init Dist = 12.806 | Init Dist 10 = 12.806 | Init Dist 100 = 12.806 | Init Dist 1000 = 12.806 | Learner Steps = 9922 | Learner Walltime = 1933.824 | Min Dist = 0.035 | Min Dist 10 = 0.210 | Min Dist 100 = 0.886 | Min Dist 1000 = 1.221 | Steps Per Second = 76.310 | Success = 1.000 | Success 1000 = 0.844
I0502 15:38:32.269866 139579566835264 terminal.py:91] [Evaluator] Actor Episodes = 12911 | Actor Steps = 645550 | Delta Dist = 11.299 | Delta Dist 10 = 11.592 | Delta Dist 100 = 11.164 | Delta Dist 1000 = 10.864 | Episode Length = 50 | Episode Return = 2.0 | Evaluator Episodes = 3254 | Evaluator Steps = 162700 | Final Dist = 1.507 | Final Dist 10 = 1.215 | Final Dist 100 = 1.642 | Final Dist 1000 = 1.942 | Init Dist = 12.806 | Init Dist 10 = 12.806 | Init Dist 100 = 12.806 | Init Dist 1000 = 12.806 | Learner Steps = 9934 | Learner Walltime = 1936.150 | Min Dist = 0.914 | Min Dist 10 = 0.175 | Min Dist 100 = 0.883 | Min Dist 1000 = 1.220 | Steps Per Second = 69.125 | Success = 1.000 | Success 1000 = 0.845
I0502 15:38:33.107054 139558059398720 terminal.py:91] [Actor] Actor Episodes = 12916 | Actor Steps = 645800 | Delta Dist = 2.404 | Delta Dist 10 = 2.642 | Delta Dist 100 = 4.157 | Delta Dist 1000 = 4.235 | Episode Length = 50 | Episode Return = 28.0 | Evaluator Episodes = 3254 | Evaluator Steps = 162700 | Final Dist = 0.758 | Final Dist 10 = 3.126 | Final Dist 100 = 2.003 | Final Dist 1000 = 1.645 | Init Dist = 3.162 | Init Dist 10 = 5.769 | Init Dist 100 = 6.159 | Init Dist 1000 = 5.880 | Learner Steps = 9934 | Learner Walltime = 1936.150 | Min Dist = 0.057 | Min Dist 10 = 0.148 | Min Dist 100 = 0.201 | Min Dist 1000 = 0.242 | Steps Per Second = 87.372 | Success = 1.000 | Success 1000 = 0.982
I0502 15:38:33.491315 139579566835264 terminal.py:91] [Evaluator] Actor Episodes = 12919 | Actor Steps = 645950 | Delta Dist = 11.508 | Delta Dist 10 = 10.903 | Delta Dist 100 = 11.168 | Delta Dist 1000 = 10.857 | Episode Length = 50 | Episode Return = 28.0 | Evaluator Episodes = 3256 | Evaluator Steps = 162800 | Final Dist = 1.299 | Final Dist 10 = 1.903 | Final Dist 100 = 1.638 | Final Dist 1000 = 1.950 | Init Dist = 12.806 | Init Dist 10 = 12.806 | Init Dist 100 = 12.806 | Init Dist 1000 = 12.806 | Learner Steps = 9939 | Learner Walltime = 1937.186 | Min Dist = 0.252 | Min Dist 10 = 0.823 | Min Dist 100 = 0.883 | Min Dist 1000 = 1.226 | Steps Per Second = 77.690 | Success = 1.000 | Success 1000 = 0.844
I0502 15:38:34.102720 139555860620864 terminal.py:91] [Actor] Actor Episodes = 12925 | Actor Steps = 646250 | Delta Dist = 3.136 | Delta Dist 10 = 3.567 | Delta Dist 100 = 4.188 | Delta Dist 1000 = 4.244 | Episode Length = 50 | Episode Return = 30.0 | Evaluator Episodes = 3256 | Evaluator Steps = 162800 | Final Dist = 1.336 | Final Dist 10 = 1.386 | Final Dist 100 = 1.968 | Final Dist 1000 = 1.646 | Init Dist = 4.472 | Init Dist 10 = 4.953 | Init Dist 100 = 6.156 | Init Dist 1000 = 5.890 | Learner Steps = 9939 | Learner Walltime = 1937.186 | Min Dist = 0.082 | Min Dist 10 = 0.131 | Min Dist 100 = 0.201 | Min Dist 1000 = 0.242 | Steps Per Second = 85.939 | Success = 1.000 | Success 1000 = 0.982
I0502 15:38:34.240286 139569349502528 terminal.py:91] [Actor] Actor Episodes = 12922 | Actor Steps = 646100 | Delta Dist = 4.169 | Delta Dist 10 = 3.775 | Delta Dist 100 = 4.175 | Delta Dist 1000 = 4.247 | Episode Length = 50 | Episode Return = 16.0 | Evaluator Episodes = 3256 | Evaluator Steps = 162800 | Final Dist = 1.216 | Final Dist 10 = 1.342 | Final Dist 100 = 1.967 | Final Dist 1000 = 1.645 | Init Dist = 5.385 | Init Dist 10 = 5.117 | Init Dist 100 = 6.142 | Init Dist 1000 = 5.892 | Learner Steps = 9939 | Learner Walltime = 1937.186 | Min Dist = 0.316 | Min Dist 10 = 0.105 | Min Dist 100 = 0.201 | Min Dist 1000 = 0.242 | Steps Per Second = 95.046 | Success = 1.000 | Success 1000 = 0.982
I0502 15:38:34.259218 139557462840896 terminal.py:91] [Actor] Actor Episodes = 12927 | Actor Steps = 646350 | Delta Dist = 6.470 | Delta Dist 10 = 3.713 | Delta Dist 100 = 4.194 | Delta Dist 1000 = 4.249 | Episode Length = 50 | Episode Return = 41.0 | Evaluator Episodes = 3256 | Evaluator Steps = 162800 | Final Dist = 1.340 | Final Dist 10 = 1.443 | Final Dist 100 = 1.966 | Final Dist 1000 = 1.646 | Init Dist = 7.810 | Init Dist 10 = 5.156 | Init Dist 100 = 6.160 | Init Dist 1000 = 5.895 | Learner Steps = 9939 | Learner Walltime = 1937.186 | Min Dist = 0.132 | Min Dist 10 = 0.115 | Min Dist 100 = 0.203 | Min Dist 1000 = 0.242 | Steps Per Second = 81.566 | Success = 1.000 | Success 1000 = 0.982
I0502 15:38:34.553276 139579566835264 terminal.py:91] [Evaluator] Actor Episodes = 12927 | Actor Steps = 646350 | Delta Dist = 11.516 | Delta Dist 10 = 10.842 | Delta Dist 100 = 11.158 | Delta Dist 1000 = 10.855 | Episode Length = 50 | Episode Return = 1.0 | Evaluator Episodes = 3258 | Evaluator Steps = 162900 | Final Dist = 1.290 | Final Dist 10 = 1.965 | Final Dist 100 = 1.648 | Final Dist 1000 = 1.951 | Init Dist = 12.806 | Init Dist 10 = 12.806 | Init Dist 100 = 12.806 | Init Dist 1000 = 12.806 | Learner Steps = 9946 | Learner Walltime = 1938.587 | Min Dist = 0.291 | Min Dist 10 = 0.838 | Min Dist 100 = 0.882 | Min Dist 1000 = 1.226 | Steps Per Second = 98.136 | Success = 1.000 | Success 1000 = 0.844
I0502 15:38:35.791582 139579566835264 terminal.py:91] [Evaluator] Actor Episodes = 12935 | Actor Steps = 646750 | Delta Dist = 11.472 | Delta Dist 10 = 10.861 | Delta Dist 100 = 11.152 | Delta Dist 1000 = 10.855 | Episode Length = 50 | Episode Return = 29.0 | Evaluator Episodes = 3260 | Evaluator Steps = 163000 | Final Dist = 1.334 | Final Dist 10 = 1.945 | Final Dist 100 = 1.654 | Final Dist 1000 = 1.952 | Init Dist = 12.806 | Init Dist 10 = 12.806 | Init Dist 100 = 12.806 | Init Dist 1000 = 12.806 | Learner Steps = 9951 | Learner Walltime = 1939.717 | Min Dist = 0.122 | Min Dist 10 = 0.855 | Min Dist 100 = 0.883 | Min Dist 1000 = 1.226 | Steps Per Second = 80.324 | Success = 1.000 | Success 1000 = 0.844
I0502 15:38:37.070823 139579566835264 terminal.py:91] [Evaluator] Actor Episodes = 12943 | Actor Steps = 647150 | Delta Dist = 11.321 | Delta Dist 10 = 10.867 | Delta Dist 100 = 11.150 | Delta Dist 1000 = 10.855 | Episode Length = 50 | Episode Return = 10.0 | Evaluator Episodes = 3262 | Evaluator Steps = 163100 | Final Dist = 1.485 | Final Dist 10 = 1.939 | Final Dist 100 = 1.656 | Final Dist 1000 = 1.952 | Init Dist = 12.806 | Init Dist 10 = 12.806 | Init Dist 100 = 12.806 | Init Dist 1000 = 12.806 | Learner Steps = 9958 | Learner Walltime = 1941.132 | Min Dist = 0.148 | Min Dist 10 = 0.835 | Min Dist 100 = 0.883 | Min Dist 1000 = 1.226 | Steps Per Second = 76.713 | Success = 1.000 | Success 1000 = 0.844
I0502 15:38:37.416709 139555013154368 terminal.py:91] [Learner] Actor Episodes = 12943 | Actor Loss = 3.476301431655884 | Actor Steps = 647150 | Binary Accuracy = 0.9960250854492188 | Categorical Accuracy = 0.4281005859375 | Critic Loss = 1.9005738496780396 | Entropy Mean = -18.784923553466797 | Evaluator Episodes = 3260 | Evaluator Steps = 163000 | Learner Steps = 9961 | Learner Walltime = 1941.608 | Logits Neg = -16.346500396728516 | Logits Pos = -1.8587493896484375 | Logsumexp = 1.2145025730133057 | Steps Per Second = 171.148
I0502 15:38:38.266468 139584504182336 lp_utils.py:96] StepsLimiter: Reached 647550 recorded steps
I0502 15:38:38.362169 139579566835264 terminal.py:91] [Evaluator] Actor Episodes = 12951 | Actor Steps = 647550 | Delta Dist = 11.467 | Delta Dist 10 = 10.935 | Delta Dist 100 = 11.150 | Delta Dist 1000 = 10.860 | Episode Length = 50 | Episode Return = 1.0 | Evaluator Episodes = 3264 | Evaluator Steps = 163200 | Final Dist = 1.340 | Final Dist 10 = 1.872 | Final Dist 100 = 1.657 | Final Dist 1000 = 1.946 | Init Dist = 12.806 | Init Dist 10 = 12.806 | Init Dist 100 = 12.806 | Init Dist 1000 = 12.806 | Learner Steps = 9963 | Learner Walltime = 1942.174 | Min Dist = 0.395 | Min Dist 10 = 0.836 | Min Dist 100 = 0.880 | Min Dist 1000 = 1.220 | Steps Per Second = 79.230 | Success = 1.000 | Success 1000 = 0.845
I0502 15:38:39.293805 139583350109760 savers.py:156] Saving checkpoint: logs/contrastive_cpc_point_FourRooms_64/5dd72662-2788-11f0-b183-d85ed38c5779/checkpoints/learner
I0502 15:38:39.624820 139579566835264 terminal.py:91] [Evaluator] Actor Episodes = 12959 | Actor Steps = 647950 | Delta Dist = 11.455 | Delta Dist 10 = 11.564 | Delta Dist 100 = 11.137 | Delta Dist 1000 = 10.860 | Episode Length = 50 | Episode Return = 2.0 | Evaluator Episodes = 3266 | Evaluator Steps = 163300 | Final Dist = 1.352 | Final Dist 10 = 1.242 | Final Dist 100 = 1.669 | Final Dist 1000 = 1.947 | Init Dist = 12.806 | Init Dist 10 = 12.806 | Init Dist 100 = 12.806 | Init Dist 1000 = 12.806 | Learner Steps = 9969 | Learner Walltime = 1943.497 | Min Dist = 0.812 | Min Dist 10 = 0.270 | Min Dist 100 = 0.891 | Min Dist 1000 = 1.219 | Steps Per Second = 79.972 | Success = 1.000 | Success 1000 = 0.846
I0502 15:38:40.657860 139579566835264 terminal.py:91] [Evaluator] Actor Episodes = 12967 | Actor Steps = 648350 | Delta Dist = 1.250 | Delta Dist 10 = 11.613 | Delta Dist 100 = 11.125 | Delta Dist 1000 = 10.860 | Episode Length = 50 | Episode Return = 0.0 | Evaluator Episodes = 3268 | Evaluator Steps = 163400 | Final Dist = 11.556 | Final Dist 10 = 1.193 | Final Dist 100 = 1.681 | Final Dist 1000 = 1.947 | Init Dist = 12.806 | Init Dist 10 = 12.806 | Init Dist 100 = 12.806 | Init Dist 1000 = 12.806 | Learner Steps = 9976 | Learner Walltime = 1944.775 | Min Dist = 10.403 | Min Dist 10 = 0.326 | Min Dist 100 = 0.895 | Min Dist 1000 = 1.220 | Steps Per Second = 104.178 | Success = 0.000 | Success 1000 = 0.846
I0502 15:38:41.271001 139584635659840 savers.py:156] Saving checkpoint: logs/contrastive_cpc_point_FourRooms_64/5dd72662-2788-11f0-b183-d85ed38c5779/checkpoints/counter
I0502 15:38:41.807845 139579566835264 terminal.py:91] [Evaluator] Actor Episodes = 12975 | Actor Steps = 648750 | Delta Dist = 11.085 | Delta Dist 10 = 10.534 | Delta Dist 100 = 11.023 | Delta Dist 1000 = 10.859 | Episode Length = 50 | Episode Return = 9.0 | Evaluator Episodes = 3270 | Evaluator Steps = 163500 | Final Dist = 1.722 | Final Dist 10 = 2.272 | Final Dist 100 = 1.783 | Final Dist 1000 = 1.948 | Init Dist = 12.806 | Init Dist 10 = 12.806 | Init Dist 100 = 12.806 | Init Dist 1000 = 12.806 | Learner Steps = 9976 | Learner Walltime = 1944.775 | Min Dist = 0.142 | Min Dist 10 = 1.329 | Min Dist 100 = 0.993 | Min Dist 1000 = 1.219 | Steps Per Second = 86.311 | Success = 1.000 | Success 1000 = 0.846
I0502 15:38:43.000355 139579566835264 terminal.py:91] [Evaluator] Actor Episodes = 12983 | Actor Steps = 649150 | Delta Dist = 11.834 | Delta Dist 10 = 10.529 | Delta Dist 100 = 11.021 | Delta Dist 1000 = 10.863 | Episode Length = 50 | Episode Return = 10.0 | Evaluator Episodes = 3272 | Evaluator Steps = 163600 | Final Dist = 0.972 | Final Dist 10 = 2.277 | Final Dist 100 = 1.785 | Final Dist 1000 = 1.943 | Init Dist = 12.806 | Init Dist 10 = 12.806 | Init Dist 100 = 12.806 | Init Dist 1000 = 12.806 | Learner Steps = 9983 | Learner Walltime = 1946.030 | Min Dist = 0.144 | Min Dist 10 = 1.319 | Min Dist 100 = 0.994 | Min Dist 1000 = 1.214 | Steps Per Second = 86.335 | Success = 1.000 | Success 1000 = 0.847
I0502 15:38:43.152901 139558059398720 terminal.py:91] [Actor] Actor Episodes = 12980 | Actor Steps = 649000 | Delta Dist = 6.311 | Delta Dist 10 = 5.424 | Delta Dist 100 = 4.164 | Delta Dist 1000 = 4.199 | Episode Length = 50 | Episode Return = 43.0 | Evaluator Episodes = 3270 | Evaluator Steps = 163500 | Final Dist = 0.689 | Final Dist 10 = 1.649 | Final Dist 100 = 1.748 | Final Dist 1000 = 1.691 | Init Dist = 7.000 | Init Dist 10 = 7.073 | Init Dist 100 = 5.912 | Init Dist 1000 = 5.890 | Learner Steps = 9983 | Learner Walltime = 1946.030 | Min Dist = 0.030 | Min Dist 10 = 0.404 | Min Dist 100 = 0.297 | Min Dist 1000 = 0.260 | Steps Per Second = 78.597 | Success = 1.000 | Success 1000 = 0.982
I0502 15:38:44.258183 139579566835264 terminal.py:91] [Evaluator] Actor Episodes = 12991 | Actor Steps = 649550 | Delta Dist = 4.678 | Delta Dist 10 = 10.557 | Delta Dist 100 = 11.013 | Delta Dist 1000 = 10.864 | Episode Length = 50 | Episode Return = 0.0 | Evaluator Episodes = 3274 | Evaluator Steps = 163700 | Final Dist = 8.128 | Final Dist 10 = 2.249 | Final Dist 100 = 1.793 | Final Dist 1000 = 1.943 | Init Dist = 12.806 | Init Dist 10 = 12.806 | Init Dist 100 = 12.806 | Init Dist 1000 = 12.806 | Learner Steps = 9990 | Learner Walltime = 1947.473 | Min Dist = 7.585 | Min Dist 10 = 1.328 | Min Dist 100 = 0.993 | Min Dist 1000 = 1.213 | Steps Per Second = 84.052 | Success = 0.000 | Success 1000 = 0.847
I0502 15:38:44.545100 139569349502528 terminal.py:91] [Actor] Actor Episodes = 12993 | Actor Steps = 649650 | Delta Dist = 0.900 | Delta Dist 10 = 2.689 | Delta Dist 100 = 3.932 | Delta Dist 1000 = 4.200 | Episode Length = 50 | Episode Return = 37.0 | Evaluator Episodes = 3274 | Evaluator Steps = 163700 | Final Dist = 4.199 | Final Dist 10 = 1.730 | Final Dist 100 = 1.793 | Final Dist 1000 = 1.695 | Init Dist = 5.099 | Init Dist 10 = 4.419 | Init Dist 100 = 5.725 | Init Dist 1000 = 5.895 | Learner Steps = 9996 | Learner Walltime = 1948.695 | Min Dist = 0.060 | Min Dist 10 = 0.418 | Min Dist 100 = 0.284 | Min Dist 1000 = 0.260 | Steps Per Second = 81.235 | Success = 1.000 | Success 1000 = 0.982
I0502 15:38:44.550996 139557462840896 terminal.py:91] [Actor] Actor Episodes = 12992 | Actor Steps = 649600 | Delta Dist = 1.574 | Delta Dist 10 = 2.689 | Delta Dist 100 = 3.932 | Delta Dist 1000 = 4.200 | Episode Length = 50 | Episode Return = 12.0 | Evaluator Episodes = 3272 | Evaluator Steps = 163600 | Final Dist = 3.525 | Final Dist 10 = 1.730 | Final Dist 100 = 1.793 | Final Dist 1000 = 1.695 | Init Dist = 5.099 | Init Dist 10 = 4.419 | Init Dist 100 = 5.725 | Init Dist 1000 = 5.895 | Learner Steps = 9990 | Learner Walltime = 1947.473 | Min Dist = 0.060 | Min Dist 10 = 0.418 | Min Dist 100 = 0.284 | Min Dist 1000 = 0.260 | Steps Per Second = 100.157 | Success = 1.000 | Success 1000 = 0.982
I0502 15:38:44.552299 139555860620864 terminal.py:91] [Actor] Actor Episodes = 12990 | Actor Steps = 649500 | Delta Dist = 4.752 | Delta Dist 10 = 2.689 | Delta Dist 100 = 3.932 | Delta Dist 1000 = 4.200 | Episode Length = 50 | Episode Return = 37.0 | Evaluator Episodes = 3272 | Evaluator Steps = 163600 | Final Dist = 0.347 | Final Dist 10 = 1.730 | Final Dist 100 = 1.793 | Final Dist 1000 = 1.695 | Init Dist = 5.099 | Init Dist 10 = 4.419 | Init Dist 100 = 5.725 | Init Dist 1000 = 5.895 | Learner Steps = 9990 | Learner Walltime = 1947.473 | Min Dist = 0.060 | Min Dist 10 = 0.418 | Min Dist 100 = 0.284 | Min Dist 1000 = 0.260 | Steps Per Second = 77.215 | Success = 1.000 | Success 1000 = 0.982
I0502 15:38:45.510759 139579566835264 terminal.py:91] [Evaluator] Actor Episodes = 12999 | Actor Steps = 649950 | Delta Dist = 4.232 | Delta Dist 10 = 9.427 | Delta Dist 100 = 10.881 | Delta Dist 1000 = 10.852 | Episode Length = 50 | Episode Return = 0.0 | Evaluator Episodes = 3276 | Evaluator Steps = 163800 | Final Dist = 8.574 | Final Dist 10 = 3.379 | Final Dist 100 = 1.925 | Final Dist 1000 = 1.955 | Init Dist = 12.806 | Init Dist 10 = 12.806 | Init Dist 100 = 12.806 | Init Dist 1000 = 12.806 | Learner Steps = 9996 | Learner Walltime = 1948.695 | Min Dist = 7.259 | Min Dist 10 = 2.547 | Min Dist 100 = 1.125 | Min Dist 1000 = 1.226 | Steps Per Second = 79.271 | Success = 0.000 | Success 1000 = 0.845
I0502 15:38:46.657932 139579566835264 terminal.py:91] [Evaluator] Actor Episodes = 13007 | Actor Steps = 650350 | Delta Dist = 11.007 | Delta Dist 10 = 8.652 | Delta Dist 100 = 10.809 | Delta Dist 1000 = 10.847 | Episode Length = 50 | Episode Return = 4.0 | Evaluator Episodes = 3278 | Evaluator Steps = 163900 | Final Dist = 1.799 | Final Dist 10 = 4.155 | Final Dist 100 = 1.997 | Final Dist 1000 = 1.960 | Init Dist = 12.806 | Init Dist 10 = 12.806 | Init Dist 100 = 12.806 | Init Dist 1000 = 12.806 | Learner Steps = 10003 | Learner Walltime = 1949.921 | Min Dist = 0.167 | Min Dist 10 = 3.242 | Min Dist 100 = 1.195 | Min Dist 1000 = 1.233 | Steps Per Second = 79.377 | Success = 1.000 | Success 1000 = 0.845
I0502 15:38:47.572577 139555013154368 terminal.py:91] [Learner] Actor Episodes = 13007 | Actor Loss = 3.57623028755188 | Actor Steps = 650350 | Binary Accuracy = 0.996077299118042 | Categorical Accuracy = 0.42962646484375 | Critic Loss = 1.9618349075317383 | Entropy Mean = -18.606353759765625 | Evaluator Episodes = 3278 | Evaluator Steps = 163900 | Learner Steps = 10013 | Learner Walltime = 1951.770 | Logits Neg = -16.096542358398438 | Logits Pos = -1.9273998737335205 | Logsumexp = 1.1945075988769531 | Steps Per Second = 161.203
I0502 15:38:47.721557 139579566835264 terminal.py:91] [Evaluator] Actor Episodes = 13015 | Actor Steps = 650750 | Delta Dist = 12.447 | Delta Dist 10 = 9.634 | Delta Dist 100 = 10.807 | Delta Dist 1000 = 10.845 | Episode Length = 50 | Episode Return = 22.0 | Evaluator Episodes = 3280 | Evaluator Steps = 164000 | Final Dist = 0.360 | Final Dist 10 = 3.172 | Final Dist 100 = 2.000 | Final Dist 1000 = 1.961 | Init Dist = 12.806 | Init Dist 10 = 12.806 | Init Dist 100 = 12.806 | Init Dist 1000 = 12.806 | Learner Steps = 10009 | Learner Walltime = 1951.154 | Min Dist = 0.155 | Min Dist 10 = 2.232 | Min Dist 100 = 1.192 | Min Dist 1000 = 1.233 | Steps Per Second = 89.725 | Success = 1.000 | Success 1000 = 0.845
I0502 15:38:48.284595 139584504182336 lp_utils.py:96] StepsLimiter: Reached 650850 recorded steps
I0502 15:38:48.858811 139579566835264 terminal.py:91] [Evaluator] Actor Episodes = 13023 | Actor Steps = 651150 | Delta Dist = 11.734 | Delta Dist 10 = 9.726 | Delta Dist 100 = 10.816 | Delta Dist 1000 = 10.851 | Episode Length = 50 | Episode Return = 24.0 | Evaluator Episodes = 3282 | Evaluator Steps = 164100 | Final Dist = 1.072 | Final Dist 10 = 3.080 | Final Dist 100 = 1.990 | Final Dist 1000 = 1.955 | Init Dist = 12.806 | Init Dist 10 = 12.806 | Init Dist 100 = 12.806 | Init Dist 1000 = 12.806 | Learner Steps = 10015 | Learner Walltime = 1952.254 | Min Dist = 0.045 | Min Dist 10 = 2.225 | Min Dist 100 = 1.191 | Min Dist 1000 = 1.227 | Steps Per Second = 87.262 | Success = 1.000 | Success 1000 = 0.846
I0502 15:38:49.915193 139579566835264 terminal.py:91] [Evaluator] Actor Episodes = 13031 | Actor Steps = 651550 | Delta Dist = 11.724 | Delta Dist 10 = 9.720 | Delta Dist 100 = 10.812 | Delta Dist 1000 = 10.861 | Episode Length = 50 | Episode Return = 8.0 | Evaluator Episodes = 3284 | Evaluator Steps = 164200 | Final Dist = 1.083 | Final Dist 10 = 3.087 | Final Dist 100 = 1.994 | Final Dist 1000 = 1.946 | Init Dist = 12.806 | Init Dist 10 = 12.806 | Init Dist 100 = 12.806 | Init Dist 1000 = 12.806 | Learner Steps = 10022 | Learner Walltime = 1953.353 | Min Dist = 0.246 | Min Dist 10 = 2.209 | Min Dist 100 = 1.192 | Min Dist 1000 = 1.217 | Steps Per Second = 105.767 | Success = 1.000 | Success 1000 = 0.847
I0502 15:38:51.069534 139579566835264 terminal.py:91] [Evaluator] Actor Episodes = 13037 | Actor Steps = 651850 | Delta Dist = 11.445 | Delta Dist 10 = 10.928 | Delta Dist 100 = 10.818 | Delta Dist 1000 = 10.860 | Episode Length = 50 | Episode Return = 1.0 | Evaluator Episodes = 3286 | Evaluator Steps = 164300 | Final Dist = 1.361 | Final Dist 10 = 1.878 | Final Dist 100 = 1.988 | Final Dist 1000 = 1.946 | Init Dist = 12.806 | Init Dist 10 = 12.806 | Init Dist 100 = 12.806 | Init Dist 1000 = 12.806 | Learner Steps = 10029 | Learner Walltime = 1954.583 | Min Dist = 0.634 | Min Dist 10 = 0.894 | Min Dist 100 = 1.189 | Min Dist 1000 = 1.217 | Steps Per Second = 95.838 | Success = 1.000 | Success 1000 = 0.847
I0502 15:38:52.250719 139579566835264 terminal.py:91] [Evaluator] Actor Episodes = 13046 | Actor Steps = 652300 | Delta Dist = 11.185 | Delta Dist 10 = 11.645 | Delta Dist 100 = 10.794 | Delta Dist 1000 = 10.859 | Episode Length = 50 | Episode Return = 13.0 | Evaluator Episodes = 3288 | Evaluator Steps = 164400 | Final Dist = 1.621 | Final Dist 10 = 1.161 | Final Dist 100 = 2.012 | Final Dist 1000 = 1.947 | Init Dist = 12.806 | Init Dist 10 = 12.806 | Init Dist 100 = 12.806 | Init Dist 1000 = 12.806 | Learner Steps = 10035 | Learner Walltime = 1955.788 | Min Dist = 0.158 | Min Dist 10 = 0.205 | Min Dist 100 = 1.195 | Min Dist 1000 = 1.217 | Steps Per Second = 81.153 | Success = 1.000 | Success 1000 = 0.847
I0502 15:38:53.268416 139558059398720 terminal.py:91] [Actor] Actor Episodes = 13052 | Actor Steps = 652600 | Delta Dist = 1.486 | Delta Dist 10 = 4.561 | Delta Dist 100 = 4.002 | Delta Dist 1000 = 4.171 | Episode Length = 50 | Episode Return = 37.0 | Evaluator Episodes = 3288 | Evaluator Steps = 164400 | Final Dist = 0.514 | Final Dist 10 = 1.046 | Final Dist 100 = 1.522 | Final Dist 1000 = 1.700 | Init Dist = 2.000 | Init Dist 10 = 5.607 | Init Dist 100 = 5.524 | Init Dist 1000 = 5.872 | Learner Steps = 10040 | Learner Walltime = 1956.821 | Min Dist = 0.026 | Min Dist 10 = 0.104 | Min Dist 100 = 0.276 | Min Dist 1000 = 0.269 | Steps Per Second = 80.573 | Success = 1.000 | Success 1000 = 0.983
I0502 15:38:53.439219 139579566835264 terminal.py:91] [Evaluator] Actor Episodes = 13052 | Actor Steps = 652600 | Delta Dist = 11.438 | Delta Dist 10 = 11.695 | Delta Dist 100 = 10.796 | Delta Dist 1000 = 10.859 | Episode Length = 50 | Episode Return = 13.0 | Evaluator Episodes = 3290 | Evaluator Steps = 164500 | Final Dist = 1.368 | Final Dist 10 = 1.112 | Final Dist 100 = 2.011 | Final Dist 1000 = 1.947 | Init Dist = 12.806 | Init Dist 10 = 12.806 | Init Dist 100 = 12.806 | Init Dist 1000 = 12.806 | Learner Steps = 10040 | Learner Walltime = 1956.821 | Min Dist = 0.055 | Min Dist 10 = 0.203 | Min Dist 100 = 1.189 | Min Dist 1000 = 1.217 | Steps Per Second = 88.747 | Success = 1.000 | Success 1000 = 0.847
I0502 15:38:54.606843 139569349502528 terminal.py:91] [Actor] Actor Episodes = 13059 | Actor Steps = 652950 | Delta Dist = 5.309 | Delta Dist 10 = 4.862 | Delta Dist 100 = 4.138 | Delta Dist 1000 = 4.179 | Episode Length = 50 | Episode Return = 35.0 | Evaluator Episodes = 3290 | Evaluator Steps = 164500 | Final Dist = 1.016 | Final Dist 10 = 1.272 | Final Dist 100 = 1.563 | Final Dist 1000 = 1.682 | Init Dist = 6.325 | Init Dist 10 = 6.133 | Init Dist 100 = 5.701 | Init Dist 1000 = 5.860 | Learner Steps = 10047 | Learner Walltime = 1958.146 | Min Dist = 0.016 | Min Dist 10 = 0.046 | Min Dist 100 = 0.276 | Min Dist 1000 = 0.253 | Steps Per Second = 78.892 | Success = 1.000 | Success 1000 = 0.983
I0502 15:38:54.637723 139579566835264 terminal.py:91] [Evaluator] Actor Episodes = 13060 | Actor Steps = 653000 | Delta Dist = 0.965 | Delta Dist 10 = 11.603 | Delta Dist 100 = 10.799 | Delta Dist 1000 = 10.859 | Episode Length = 50 | Episode Return = 0.0 | Evaluator Episodes = 3292 | Evaluator Steps = 164600 | Final Dist = 11.841 | Final Dist 10 = 1.203 | Final Dist 100 = 2.008 | Final Dist 1000 = 1.947 | Init Dist = 12.806 | Init Dist 10 = 12.806 | Init Dist 100 = 12.806 | Init Dist 1000 = 12.806 | Learner Steps = 10047 | Learner Walltime = 1958.146 | Min Dist = 10.284 | Min Dist 10 = 0.205 | Min Dist 100 = 1.185 | Min Dist 1000 = 1.218 | Steps Per Second = 85.104 | Success = 0.000 | Success 1000 = 0.847
I0502 15:38:54.729521 139557462840896 terminal.py:91] [Actor] Actor Episodes = 13062 | Actor Steps = 653100 | Delta Dist = 4.668 | Delta Dist 10 = 5.176 | Delta Dist 100 = 4.189 | Delta Dist 1000 = 4.182 | Episode Length = 50 | Episode Return = 24.0 | Evaluator Episodes = 3292 | Evaluator Steps = 164600 | Final Dist = 3.394 | Final Dist 10 = 1.307 | Final Dist 100 = 1.566 | Final Dist 1000 = 1.682 | Init Dist = 8.062 | Init Dist 10 = 6.483 | Init Dist 100 = 5.754 | Init Dist 1000 = 5.865 | Learner Steps = 10047 | Learner Walltime = 1958.146 | Min Dist = 0.092 | Min Dist 10 = 0.045 | Min Dist 100 = 0.276 | Min Dist 1000 = 0.253 | Steps Per Second = 80.597 | Success = 1.000 | Success 1000 = 0.983
I0502 15:38:54.986685 139555860620864 terminal.py:91] [Actor] Actor Episodes = 13064 | Actor Steps = 653200 | Delta Dist = 5.751 | Delta Dist 10 = 5.626 | Delta Dist 100 = 4.176 | Delta Dist 1000 = 4.183 | Episode Length = 50 | Episode Return = 11.0 | Evaluator Episodes = 3292 | Evaluator Steps = 164600 | Final Dist = 0.574 | Final Dist 10 = 1.463 | Final Dist 100 = 1.589 | Final Dist 1000 = 1.684 | Init Dist = 6.325 | Init Dist 10 = 7.089 | Init Dist 100 = 5.764 | Init Dist 1000 = 5.868 | Learner Steps = 10047 | Learner Walltime = 1958.146 | Min Dist = 0.017 | Min Dist 10 = 0.051 | Min Dist 100 = 0.276 | Min Dist 1000 = 0.253 | Steps Per Second = 86.358 | Success = 1.000 | Success 1000 = 0.983
I0502 15:38:55.807974 139579566835264 terminal.py:91] [Evaluator] Actor Episodes = 13068 | Actor Steps = 653400 | Delta Dist = 11.741 | Delta Dist 10 = 10.566 | Delta Dist 100 = 10.802 | Delta Dist 1000 = 10.848 | Episode Length = 50 | Episode Return = 8.0 | Evaluator Episodes = 3294 | Evaluator Steps = 164700 | Final Dist = 1.065 | Final Dist 10 = 2.241 | Final Dist 100 = 2.005 | Final Dist 1000 = 1.958 | Init Dist = 12.806 | Init Dist 10 = 12.806 | Init Dist 100 = 12.806 | Init Dist 1000 = 12.806 | Learner Steps = 10054 | Learner Walltime = 1959.512 | Min Dist = 0.197 | Min Dist 10 = 1.218 | Min Dist 100 = 1.161 | Min Dist 1000 = 1.228 | Steps Per Second = 90.440 | Success = 1.000 | Success 1000 = 0.846
I0502 15:38:56.904445 139579566835264 terminal.py:91] [Evaluator] Actor Episodes = 13076 | Actor Steps = 653800 | Delta Dist = 2.484 | Delta Dist 10 = 10.540 | Delta Dist 100 = 10.808 | Delta Dist 1000 = 10.848 | Episode Length = 50 | Episode Return = 0.0 | Evaluator Episodes = 3296 | Evaluator Steps = 164800 | Final Dist = 10.322 | Final Dist 10 = 2.266 | Final Dist 100 = 1.998 | Final Dist 1000 = 1.958 | Init Dist = 12.806 | Init Dist 10 = 12.806 | Init Dist 100 = 12.806 | Init Dist 1000 = 12.806 | Learner Steps = 10060 | Learner Walltime = 1960.556 | Min Dist = 10.236 | Min Dist 10 = 1.211 | Min Dist 100 = 1.160 | Min Dist 1000 = 1.228 | Steps Per Second = 92.961 | Success = 0.000 | Success 1000 = 0.846
I0502 15:38:57.665822 139555013154368 terminal.py:91] [Learner] Actor Episodes = 13080 | Actor Loss = 3.7562198638916016 | Actor Steps = 654000 | Binary Accuracy = 0.9960970878601074 | Categorical Accuracy = 0.44757080078125 | Critic Loss = 1.852491021156311 | Entropy Mean = -17.972640991210938 | Evaluator Episodes = 3296 | Evaluator Steps = 164800 | Learner Steps = 10067 | Learner Walltime = 1961.862 | Logits Neg = -16.195337295532227 | Logits Pos = -1.8799779415130615 | Logsumexp = 1.2881108522415161 | Steps Per Second = 236.399
I0502 15:38:58.036892 139579566835264 terminal.py:91] [Evaluator] Actor Episodes = 13084 | Actor Steps = 654200 | Delta Dist = 12.589 | Delta Dist 10 = 8.679 | Delta Dist 100 = 10.696 | Delta Dist 1000 = 10.830 | Episode Length = 50 | Episode Return = 10.0 | Evaluator Episodes = 3298 | Evaluator Steps = 164900 | Final Dist = 0.217 | Final Dist 10 = 4.128 | Final Dist 100 = 2.110 | Final Dist 1000 = 1.977 | Init Dist = 12.806 | Init Dist 10 = 12.806 | Init Dist 100 = 12.806 | Init Dist 1000 = 12.806 | Learner Steps = 10066 | Learner Walltime = 1961.591 | Min Dist = 0.196 | Min Dist 10 = 3.184 | Min Dist 100 = 1.296 | Min Dist 1000 = 1.248 | Steps Per Second = 92.373 | Success = 1.000 | Success 1000 = 0.844
I0502 15:38:58.305556 139584504182336 lp_utils.py:96] StepsLimiter: Reached 654300 recorded steps
I0502 15:38:59.197925 139579566835264 terminal.py:91] [Evaluator] Actor Episodes = 13092 | Actor Steps = 654600 | Delta Dist = 12.516 | Delta Dist 10 = 7.887 | Delta Dist 100 = 10.622 | Delta Dist 1000 = 10.830 | Episode Length = 50 | Episode Return = 16.0 | Evaluator Episodes = 3300 | Evaluator Steps = 165000 | Final Dist = 0.291 | Final Dist 10 = 4.919 | Final Dist 100 = 2.184 | Final Dist 1000 = 1.977 | Init Dist = 12.806 | Init Dist 10 = 12.806 | Init Dist 100 = 12.806 | Init Dist 1000 = 12.806 | Learner Steps = 10072 | Learner Walltime = 1962.711 | Min Dist = 0.110 | Min Dist 10 = 4.199 | Min Dist 100 = 1.394 | Min Dist 1000 = 1.248 | Steps Per Second = 84.046 | Success = 1.000 | Success 1000 = 0.844
I0502 15:39:00.445672 139579566835264 terminal.py:91] [Evaluator] Actor Episodes = 13100 | Actor Steps = 655000 | Delta Dist = 11.640 | Delta Dist 10 = 8.036 | Delta Dist 100 = 10.625 | Delta Dist 1000 = 10.850 | Episode Length = 50 | Episode Return = 16.0 | Evaluator Episodes = 3302 | Evaluator Steps = 165100 | Final Dist = 1.166 | Final Dist 10 = 4.770 | Final Dist 100 = 2.181 | Final Dist 1000 = 1.956 | Init Dist = 12.806 | Init Dist 10 = 12.806 | Init Dist 100 = 12.806 | Init Dist 1000 = 12.806 | Learner Steps = 10077 | Learner Walltime = 1963.771 | Min Dist = 0.237 | Min Dist 10 = 4.212 | Min Dist 100 = 1.396 | Min Dist 1000 = 1.228 | Steps Per Second = 79.271 | Success = 1.000 | Success 1000 = 0.846
I0502 15:39:01.506665 139579566835264 terminal.py:91] [Evaluator] Actor Episodes = 13106 | Actor Steps = 655300 | Delta Dist = 11.515 | Delta Dist 10 = 9.100 | Delta Dist 100 = 10.722 | Delta Dist 1000 = 10.850 | Episode Length = 50 | Episode Return = 3.0 | Evaluator Episodes = 3304 | Evaluator Steps = 165200 | Final Dist = 1.292 | Final Dist 10 = 3.707 | Final Dist 100 = 2.085 | Final Dist 1000 = 1.956 | Init Dist = 12.806 | Init Dist 10 = 12.806 | Init Dist 100 = 12.806 | Init Dist 1000 = 12.806 | Learner Steps = 10083 | Learner Walltime = 1964.943 | Min Dist = 0.274 | Min Dist 10 = 3.238 | Min Dist 100 = 1.291 | Min Dist 1000 = 1.227 | Steps Per Second = 89.326 | Success = 1.000 | Success 1000 = 0.846
I0502 15:39:02.671050 139579566835264 terminal.py:91] [Evaluator] Actor Episodes = 13114 | Actor Steps = 655700 | Delta Dist = 11.819 | Delta Dist 10 = 9.046 | Delta Dist 100 = 10.805 | Delta Dist 1000 = 10.858 | Episode Length = 50 | Episode Return = 17.0 | Evaluator Episodes = 3306 | Evaluator Steps = 165300 | Final Dist = 0.988 | Final Dist 10 = 3.760 | Final Dist 100 = 2.001 | Final Dist 1000 = 1.949 | Init Dist = 12.806 | Init Dist 10 = 12.806 | Init Dist 100 = 12.806 | Init Dist 1000 = 12.806 | Learner Steps = 10090 | Learner Walltime = 1966.116 | Min Dist = 0.217 | Min Dist 10 = 3.249 | Min Dist 100 = 1.191 | Min Dist 1000 = 1.218 | Steps Per Second = 88.066 | Success = 1.000 | Success 1000 = 0.848
I0502 15:39:03.424735 139558059398720 terminal.py:91] [Actor] Actor Episodes = 13117 | Actor Steps = 655850 | Delta Dist = 7.961 | Delta Dist 10 = 5.787 | Delta Dist 100 = 4.571 | Delta Dist 1000 = 4.204 | Episode Length = 50 | Episode Return = 26.0 | Evaluator Episodes = 3306 | Evaluator Steps = 165300 | Final Dist = 0.285 | Final Dist 10 = 1.468 | Final Dist 100 = 1.208 | Final Dist 1000 = 1.680 | Init Dist = 8.246 | Init Dist 10 = 7.255 | Init Dist 100 = 5.779 | Init Dist 1000 = 5.884 | Learner Steps = 10090 | Learner Walltime = 1966.116 | Min Dist = 0.162 | Min Dist 10 = 0.980 | Min Dist 100 = 0.186 | Min Dist 1000 = 0.262 | Steps Per Second = 76.933 | Success = 1.000 | Success 1000 = 0.983
I0502 15:39:03.888842 139579566835264 terminal.py:91] [Evaluator] Actor Episodes = 13122 | Actor Steps = 656100 | Delta Dist = 11.466 | Delta Dist 10 = 10.989 | Delta Dist 100 = 10.866 | Delta Dist 1000 = 10.863 | Episode Length = 50 | Episode Return = 16.0 | Evaluator Episodes = 3308 | Evaluator Steps = 165400 | Final Dist = 1.340 | Final Dist 10 = 1.817 | Final Dist 100 = 1.941 | Final Dist 1000 = 1.943 | Init Dist = 12.806 | Init Dist 10 = 12.806 | Init Dist 100 = 12.806 | Init Dist 1000 = 12.806 | Learner Steps = 10095 | Learner Walltime = 1967.283 | Min Dist = 0.117 | Min Dist 10 = 1.209 | Min Dist 100 = 1.121 | Min Dist 1000 = 1.212 | Steps Per Second = 87.782 | Success = 1.000 | Success 1000 = 0.849
I0502 15:39:04.882809 139557462840896 terminal.py:91] [Actor] Actor Episodes = 13127 | Actor Steps = 656350 | Delta Dist = 8.027 | Delta Dist 10 = 4.285 | Delta Dist 100 = 4.584 | Delta Dist 1000 = 4.215 | Episode Length = 50 | Episode Return = 41.0 | Evaluator Episodes = 3308 | Evaluator Steps = 165400 | Final Dist = 0.035 | Final Dist 10 = 1.323 | Final Dist 100 = 1.233 | Final Dist 1000 = 1.675 | Init Dist = 8.062 | Init Dist 10 = 5.608 | Init Dist 100 = 5.817 | Init Dist 1000 = 5.890 | Learner Steps = 10101 | Learner Walltime = 1968.332 | Min Dist = 0.020 | Min Dist 10 = 0.052 | Min Dist 100 = 0.181 | Min Dist 1000 = 0.261 | Steps Per Second = 77.027 | Success = 1.000 | Success 1000 = 0.983
I0502 15:39:04.913896 139569349502528 terminal.py:91] [Actor] Actor Episodes = 13130 | Actor Steps = 656500 | Delta Dist = 8.495 | Delta Dist 10 = 4.500 | Delta Dist 100 = 4.594 | Delta Dist 1000 = 4.216 | Episode Length = 50 | Episode Return = 11.0 | Evaluator Episodes = 3308 | Evaluator Steps = 165400 | Final Dist = 0.049 | Final Dist 10 = 1.244 | Final Dist 100 = 1.234 | Final Dist 1000 = 1.675 | Init Dist = 8.544 | Init Dist 10 = 5.743 | Init Dist 100 = 5.827 | Init Dist 1000 = 5.891 | Learner Steps = 10101 | Learner Walltime = 1968.332 | Min Dist = 0.049 | Min Dist 10 = 0.047 | Min Dist 100 = 0.178 | Min Dist 1000 = 0.261 | Steps Per Second = 78.082 | Success = 1.000 | Success 1000 = 0.983
I0502 15:39:05.061173 139579566835264 terminal.py:91] [Evaluator] Actor Episodes = 13130 | Actor Steps = 656500 | Delta Dist = 11.153 | Delta Dist 10 = 11.774 | Delta Dist 100 = 10.855 | Delta Dist 1000 = 10.868 | Episode Length = 50 | Episode Return = 2.0 | Evaluator Episodes = 3310 | Evaluator Steps = 165500 | Final Dist = 1.653 | Final Dist 10 = 1.032 | Final Dist 100 = 1.951 | Final Dist 1000 = 1.938 | Init Dist = 12.806 | Init Dist 10 = 12.806 | Init Dist 100 = 12.806 | Init Dist 1000 = 12.806 | Learner Steps = 10101 | Learner Walltime = 1968.332 | Min Dist = 0.411 | Min Dist 10 = 0.187 | Min Dist 100 = 1.117 | Min Dist 1000 = 1.205 | Steps Per Second = 86.350 | Success = 1.000 | Success 1000 = 0.850
I0502 15:39:05.104062 139555860620864 terminal.py:91] [Actor] Actor Episodes = 13129 | Actor Steps = 656450 | Delta Dist = 10.383 | Delta Dist 10 = 4.616 | Delta Dist 100 = 4.674 | Delta Dist 1000 = 4.223 | Episode Length = 50 | Episode Return = 47.0 | Evaluator Episodes = 3308 | Evaluator Steps = 165400 | Final Dist = 0.247 | Final Dist 10 = 1.158 | Final Dist 100 = 1.196 | Final Dist 1000 = 1.674 | Init Dist = 10.630 | Init Dist 10 = 5.773 | Init Dist 100 = 5.870 | Init Dist 1000 = 5.897 | Learner Steps = 10101 | Learner Walltime = 1968.332 | Min Dist = 0.043 | Min Dist 10 = 0.036 | Min Dist 100 = 0.174 | Min Dist 1000 = 0.261 | Steps Per Second = 86.510 | Success = 1.000 | Success 1000 = 0.983
I0502 15:39:06.180445 139579566835264 terminal.py:91] [Evaluator] Actor Episodes = 13138 | Actor Steps = 656900 | Delta Dist = 11.959 | Delta Dist 10 = 11.562 | Delta Dist 100 = 10.847 | Delta Dist 1000 = 10.866 | Episode Length = 50 | Episode Return = 24.0 | Evaluator Episodes = 3312 | Evaluator Steps = 165600 | Final Dist = 0.847 | Final Dist 10 = 1.244 | Final Dist 100 = 1.959 | Final Dist 1000 = 1.940 | Init Dist = 12.806 | Init Dist 10 = 12.806 | Init Dist 100 = 12.806 | Init Dist 1000 = 12.806 | Learner Steps = 10107 | Learner Walltime = 1969.452 | Min Dist = 0.117 | Min Dist 10 = 0.223 | Min Dist 100 = 1.121 | Min Dist 1000 = 1.206 | Steps Per Second = 86.014 | Success = 1.000 | Success 1000 = 0.850
I0502 15:39:07.299872 139579566835264 terminal.py:91] [Evaluator] Actor Episodes = 13146 | Actor Steps = 657300 | Delta Dist = 2.557 | Delta Dist 10 = 11.675 | Delta Dist 100 = 10.982 | Delta Dist 1000 = 10.867 | Episode Length = 50 | Episode Return = 0.0 | Evaluator Episodes = 3314 | Evaluator Steps = 165700 | Final Dist = 10.249 | Final Dist 10 = 1.131 | Final Dist 100 = 1.824 | Final Dist 1000 = 1.939 | Init Dist = 12.806 | Init Dist 10 = 12.806 | Init Dist 100 = 12.806 | Init Dist 1000 = 12.806 | Learner Steps = 10112 | Learner Walltime = 1970.581 | Min Dist = 10.249 | Min Dist 10 = 0.185 | Min Dist 100 = 1.013 | Min Dist 1000 = 1.205 | Steps Per Second = 99.376 | Success = 0.000 | Success 1000 = 0.850
I0502 15:39:07.738194 139555013154368 terminal.py:91] [Learner] Actor Episodes = 13148 | Actor Loss = 3.4685237407684326 | Actor Steps = 657400 | Binary Accuracy = 0.995990514755249 | Categorical Accuracy = 0.41119384765625 | Critic Loss = 1.9881826639175415 | Entropy Mean = -19.153160095214844 | Evaluator Episodes = 3314 | Evaluator Steps = 165700 | Learner Steps = 10120 | Learner Walltime = 1971.935 | Logits Neg = -15.64414119720459 | Logits Pos = -1.9514580965042114 | Logsumexp = 1.2677161693572998 | Steps Per Second = 412.934
I0502 15:39:08.323074 139584504182336 lp_utils.py:96] StepsLimiter: Reached 657700 recorded steps
I0502 15:39:08.520251 139579566835264 terminal.py:91] [Evaluator] Actor Episodes = 13154 | Actor Steps = 657700 | Delta Dist = 12.319 | Delta Dist 10 = 10.908 | Delta Dist 100 = 10.901 | Delta Dist 1000 = 10.859 | Episode Length = 50 | Episode Return = 27.0 | Evaluator Episodes = 3316 | Evaluator Steps = 165800 | Final Dist = 0.487 | Final Dist 10 = 1.898 | Final Dist 100 = 1.905 | Final Dist 1000 = 1.947 | Init Dist = 12.806 | Init Dist 10 = 12.806 | Init Dist 100 = 12.806 | Init Dist 1000 = 12.806 | Learner Steps = 10119 | Learner Walltime = 1971.780 | Min Dist = 0.161 | Min Dist 10 = 1.175 | Min Dist 100 = 1.113 | Min Dist 1000 = 1.215 | Steps Per Second = 81.780 | Success = 1.000 | Success 1000 = 0.849
I0502 15:39:09.678460 139579566835264 terminal.py:91] [Evaluator] Actor Episodes = 13162 | Actor Steps = 658100 | Delta Dist = 11.284 | Delta Dist 10 = 10.917 | Delta Dist 100 = 10.906 | Delta Dist 1000 = 10.860 | Episode Length = 50 | Episode Return = 1.0 | Evaluator Episodes = 3318 | Evaluator Steps = 165900 | Final Dist = 1.522 | Final Dist 10 = 1.889 | Final Dist 100 = 1.900 | Final Dist 1000 = 1.946 | Init Dist = 12.806 | Init Dist 10 = 12.806 | Init Dist 100 = 12.806 | Init Dist 1000 = 12.806 | Learner Steps = 10126 | Learner Walltime = 1973.011 | Min Dist = 0.557 | Min Dist 10 = 1.181 | Min Dist 100 = 1.107 | Min Dist 1000 = 1.215 | Steps Per Second = 84.195 | Success = 1.000 | Success 1000 = 0.849
I0502 15:39:10.861052 139579566835264 terminal.py:91] [Evaluator] Actor Episodes = 13170 | Actor Steps = 658500 | Delta Dist = 12.386 | Delta Dist 10 = 10.201 | Delta Dist 100 = 10.833 | Delta Dist 1000 = 10.852 | Episode Length = 50 | Episode Return = 24.0 | Evaluator Episodes = 3320 | Evaluator Steps = 166000 | Final Dist = 0.420 | Final Dist 10 = 2.606 | Final Dist 100 = 1.974 | Final Dist 1000 = 1.955 | Init Dist = 12.806 | Init Dist 10 = 12.806 | Init Dist 100 = 12.806 | Init Dist 1000 = 12.806 | Learner Steps = 10131 | Learner Walltime = 1974.133 | Min Dist = 0.249 | Min Dist 10 = 1.959 | Min Dist 100 = 1.182 | Min Dist 1000 = 1.222 | Steps Per Second = 86.929 | Success = 1.000 | Success 1000 = 0.848
I0502 15:39:12.039499 139579566835264 terminal.py:91] [Evaluator] Actor Episodes = 13178 | Actor Steps = 658900 | Delta Dist = 11.429 | Delta Dist 10 = 10.319 | Delta Dist 100 = 10.843 | Delta Dist 1000 = 10.860 | Episode Length = 50 | Episode Return = 4.0 | Evaluator Episodes = 3322 | Evaluator Steps = 166100 | Final Dist = 1.377 | Final Dist 10 = 2.487 | Final Dist 100 = 1.964 | Final Dist 1000 = 1.947 | Init Dist = 12.806 | Init Dist 10 = 12.806 | Init Dist 100 = 12.806 | Init Dist 1000 = 12.806 | Learner Steps = 10138 | Learner Walltime = 1975.401 | Min Dist = 0.361 | Min Dist 10 = 1.985 | Min Dist 100 = 1.184 | Min Dist 1000 = 1.215 | Steps Per Second = 86.730 | Success = 1.000 | Success 1000 = 0.849
I0502 15:39:13.266082 139579566835264 terminal.py:91] [Evaluator] Actor Episodes = 13186 | Actor Steps = 659300 | Delta Dist = 11.177 | Delta Dist 10 = 10.136 | Delta Dist 100 = 10.836 | Delta Dist 1000 = 10.858 | Episode Length = 50 | Episode Return = 26.0 | Evaluator Episodes = 3324 | Evaluator Steps = 166200 | Final Dist = 1.630 | Final Dist 10 = 2.670 | Final Dist 100 = 1.971 | Final Dist 1000 = 1.949 | Init Dist = 12.806 | Init Dist 10 = 12.806 | Init Dist 100 = 12.806 | Init Dist 1000 = 12.806 | Learner Steps = 10143 | Learner Walltime = 1976.539 | Min Dist = 0.175 | Min Dist 10 = 2.013 | Min Dist 100 = 1.188 | Min Dist 1000 = 1.216 | Steps Per Second = 82.454 | Success = 1.000 | Success 1000 = 0.849
I0502 15:39:13.632584 139558059398720 terminal.py:91] [Actor] Actor Episodes = 13190 | Actor Steps = 659500 | Delta Dist = 4.588 | Delta Dist 10 = 3.371 | Delta Dist 100 = 4.670 | Delta Dist 1000 = 4.204 | Episode Length = 50 | Episode Return = 49.0 | Evaluator Episodes = 3324 | Evaluator Steps = 166200 | Final Dist = 2.483 | Final Dist 10 = 1.200 | Final Dist 100 = 1.512 | Final Dist 1000 = 1.709 | Init Dist = 7.071 | Init Dist 10 = 4.571 | Init Dist 100 = 6.181 | Init Dist 1000 = 5.913 | Learner Steps = 10150 | Learner Walltime = 1977.724 | Min Dist = 0.070 | Min Dist 10 = 0.020 | Min Dist 100 = 0.250 | Min Dist 1000 = 0.269 | Steps Per Second = 81.130 | Success = 1.000 | Success 1000 = 0.983
I0502 15:39:14.394414 139579566835264 terminal.py:91] [Evaluator] Actor Episodes = 13194 | Actor Steps = 659700 | Delta Dist = 11.906 | Delta Dist 10 = 10.879 | Delta Dist 100 = 10.824 | Delta Dist 1000 = 10.861 | Episode Length = 50 | Episode Return = 2.0 | Evaluator Episodes = 3326 | Evaluator Steps = 166300 | Final Dist = 0.901 | Final Dist 10 = 1.928 | Final Dist 100 = 1.982 | Final Dist 1000 = 1.945 | Init Dist = 12.806 | Init Dist 10 = 12.806 | Init Dist 100 = 12.806 | Init Dist 1000 = 12.806 | Learner Steps = 10150 | Learner Walltime = 1977.724 | Min Dist = 0.042 | Min Dist 10 = 1.019 | Min Dist 100 = 1.187 | Min Dist 1000 = 1.216 | Steps Per Second = 87.230 | Success = 1.000 | Success 1000 = 0.849
I0502 15:39:14.961312 139569349502528 terminal.py:91] [Actor] Actor Episodes = 13195 | Actor Steps = 659750 | Delta Dist = 2.881 | Delta Dist 10 = 4.305 | Delta Dist 100 = 4.557 | Delta Dist 1000 = 4.219 | Episode Length = 50 | Episode Return = 33.0 | Evaluator Episodes = 3324 | Evaluator Steps = 166200 | Final Dist = 0.725 | Final Dist 10 = 0.916 | Final Dist 100 = 1.459 | Final Dist 1000 = 1.696 | Init Dist = 3.606 | Init Dist 10 = 5.221 | Init Dist 100 = 6.016 | Init Dist 1000 = 5.915 | Learner Steps = 10150 | Learner Walltime = 1977.724 | Min Dist = 0.211 | Min Dist 10 = 0.062 | Min Dist 100 = 0.246 | Min Dist 1000 = 0.265 | Steps Per Second = 81.557 | Success = 1.000 | Success 1000 = 0.983
I0502 15:39:15.131674 139555860620864 terminal.py:91] [Actor] Actor Episodes = 13200 | Actor Steps = 660000 | Delta Dist = -0.241 | Delta Dist 10 = 3.560 | Delta Dist 100 = 4.469 | Delta Dist 1000 = 4.215 | Episode Length = 50 | Episode Return = 0.0 | Evaluator Episodes = 3326 | Evaluator Steps = 166300 | Final Dist = 5.898 | Final Dist 10 = 1.413 | Final Dist 100 = 1.512 | Final Dist 1000 = 1.702 | Init Dist = 5.657 | Init Dist 10 = 4.973 | Init Dist 100 = 5.980 | Init Dist 1000 = 5.917 | Learner Steps = 10156 | Learner Walltime = 1978.939 | Min Dist = 0.029 | Min Dist 10 = 0.074 | Min Dist 100 = 0.248 | Min Dist 1000 = 0.265 | Steps Per Second = 98.112 | Success = 1.000 | Success 1000 = 0.983
I0502 15:39:15.390252 139557462840896 terminal.py:91] [Actor] Actor Episodes = 13197 | Actor Steps = 659850 | Delta Dist = 2.517 | Delta Dist 10 = 3.309 | Delta Dist 100 = 4.468 | Delta Dist 1000 = 4.216 | Episode Length = 50 | Episode Return = 32.0 | Evaluator Episodes = 3326 | Evaluator Steps = 166300 | Final Dist = 0.645 | Final Dist 10 = 1.522 | Final Dist 100 = 1.519 | Final Dist 1000 = 1.700 | Init Dist = 3.162 | Init Dist 10 = 4.832 | Init Dist 100 = 5.987 | Init Dist 1000 = 5.916 | Learner Steps = 10156 | Learner Walltime = 1978.939 | Min Dist = 0.024 | Min Dist 10 = 0.070 | Min Dist 100 = 0.247 | Min Dist 1000 = 0.265 | Steps Per Second = 82.859 | Success = 1.000 | Success 1000 = 0.983
I0502 15:39:15.609119 139579566835264 terminal.py:91] [Evaluator] Actor Episodes = 13200 | Actor Steps = 660000 | Delta Dist = 12.598 | Delta Dist 10 = 10.837 | Delta Dist 100 = 10.816 | Delta Dist 1000 = 10.860 | Episode Length = 50 | Episode Return = 18.0 | Evaluator Episodes = 3328 | Evaluator Steps = 166400 | Final Dist = 0.209 | Final Dist 10 = 1.969 | Final Dist 100 = 1.990 | Final Dist 1000 = 1.946 | Init Dist = 12.806 | Init Dist 10 = 12.806 | Init Dist 100 = 12.806 | Init Dist 1000 = 12.806 | Learner Steps = 10156 | Learner Walltime = 1978.939 | Min Dist = 0.111 | Min Dist 10 = 1.040 | Min Dist 100 = 1.184 | Min Dist 1000 = 1.216 | Steps Per Second = 79.012 | Success = 1.000 | Success 1000 = 0.849
I0502 15:39:16.803214 139579566835264 terminal.py:91] [Evaluator] Actor Episodes = 13208 | Actor Steps = 660400 | Delta Dist = 11.474 | Delta Dist 10 = 11.663 | Delta Dist 100 = 10.814 | Delta Dist 1000 = 10.862 | Episode Length = 50 | Episode Return = 16.0 | Evaluator Episodes = 3330 | Evaluator Steps = 166500 | Final Dist = 1.333 | Final Dist 10 = 1.144 | Final Dist 100 = 1.992 | Final Dist 1000 = 1.944 | Init Dist = 12.806 | Init Dist 10 = 12.806 | Init Dist 100 = 12.806 | Init Dist 1000 = 12.806 | Learner Steps = 10163 | Learner Walltime = 1980.382 | Min Dist = 0.147 | Min Dist 10 = 0.251 | Min Dist 100 = 1.182 | Min Dist 1000 = 1.216 | Steps Per Second = 86.505 | Success = 1.000 | Success 1000 = 0.849
I0502 15:39:17.784654 139555013154368 terminal.py:91] [Learner] Actor Episodes = 13210 | Actor Loss = 3.6592628955841064 | Actor Steps = 660500 | Binary Accuracy = 0.9959361553192139 | Categorical Accuracy = 0.40899658203125 | Critic Loss = 1.9828543663024902 | Entropy Mean = -20.454727172851562 | Evaluator Episodes = 3330 | Evaluator Steps = 166500 | Learner Steps = 10172 | Learner Walltime = 1981.977 | Logits Neg = -16.051897048950195 | Logits Pos = -1.9885475635528564 | Logsumexp = 1.2802350521087646 | Steps Per Second = 695.890
I0502 15:39:17.978670 139579566835264 terminal.py:91] [Evaluator] Actor Episodes = 13216 | Actor Steps = 660800 | Delta Dist = 12.642 | Delta Dist 10 = 11.675 | Delta Dist 100 = 10.802 | Delta Dist 1000 = 10.862 | Episode Length = 50 | Episode Return = 12.0 | Evaluator Episodes = 3332 | Evaluator Steps = 166600 | Final Dist = 0.164 | Final Dist 10 = 1.131 | Final Dist 100 = 2.004 | Final Dist 1000 = 1.944 | Init Dist = 12.806 | Init Dist 10 = 12.806 | Init Dist 100 = 12.806 | Init Dist 1000 = 12.806 | Learner Steps = 10169 | Learner Walltime = 1981.410 | Min Dist = 0.136 | Min Dist 10 = 0.181 | Min Dist 100 = 1.182 | Min Dist 1000 = 1.215 | Steps Per Second = 83.533 | Success = 1.000 | Success 1000 = 0.849
I0502 15:39:18.338241 139584504182336 lp_utils.py:96] StepsLimiter: Reached 660900 recorded steps
I0502 15:39:19.079670 139579566835264 terminal.py:91] [Evaluator] Actor Episodes = 13224 | Actor Steps = 661200 | Delta Dist = 12.107 | Delta Dist 10 = 11.847 | Delta Dist 100 = 10.796 | Delta Dist 1000 = 10.861 | Episode Length = 50 | Episode Return = 15.0 | Evaluator Episodes = 3334 | Evaluator Steps = 166700 | Final Dist = 0.699 | Final Dist 10 = 0.959 | Final Dist 100 = 2.011 | Final Dist 1000 = 1.945 | Init Dist = 12.806 | Init Dist 10 = 12.806 | Init Dist 100 = 12.806 | Init Dist 1000 = 12.806 | Learner Steps = 10174 | Learner Walltime = 1982.508 | Min Dist = 0.076 | Min Dist 10 = 0.159 | Min Dist 100 = 1.183 | Min Dist 1000 = 1.216 | Steps Per Second = 99.868 | Success = 1.000 | Success 1000 = 0.849
I0502 15:39:20.303566 139579566835264 terminal.py:91] [Evaluator] Actor Episodes = 13232 | Actor Steps = 661600 | Delta Dist = 11.907 | Delta Dist 10 = 11.991 | Delta Dist 100 = 10.788 | Delta Dist 1000 = 10.862 | Episode Length = 50 | Episode Return = 23.0 | Evaluator Episodes = 3336 | Evaluator Steps = 166800 | Final Dist = 0.900 | Final Dist 10 = 0.815 | Final Dist 100 = 2.018 | Final Dist 1000 = 1.945 | Init Dist = 12.806 | Init Dist 10 = 12.806 | Init Dist 100 = 12.806 | Init Dist 1000 = 12.806 | Learner Steps = 10179 | Learner Walltime = 1983.514 | Min Dist = 0.049 | Min Dist 10 = 0.146 | Min Dist 100 = 1.184 | Min Dist 1000 = 1.215 | Steps Per Second = 82.106 | Success = 1.000 | Success 1000 = 0.849
I0502 15:39:21.491896 139579566835264 terminal.py:91] [Evaluator] Actor Episodes = 13240 | Actor Steps = 662000 | Delta Dist = 11.830 | Delta Dist 10 = 12.030 | Delta Dist 100 = 10.783 | Delta Dist 1000 = 10.861 | Episode Length = 50 | Episode Return = 16.0 | Evaluator Episodes = 3338 | Evaluator Steps = 166900 | Final Dist = 0.976 | Final Dist 10 = 0.776 | Final Dist 100 = 2.023 | Final Dist 1000 = 1.945 | Init Dist = 12.806 | Init Dist 10 = 12.806 | Init Dist 100 = 12.806 | Init Dist 1000 = 12.806 | Learner Steps = 10191 | Learner Walltime = 1985.642 | Min Dist = 0.182 | Min Dist 10 = 0.123 | Min Dist 100 = 1.185 | Min Dist 1000 = 1.215 | Steps Per Second = 80.473 | Success = 1.000 | Success 1000 = 0.849
I0502 15:39:22.707671 139579566835264 terminal.py:91] [Evaluator] Actor Episodes = 13248 | Actor Steps = 662400 | Delta Dist = 11.814 | Delta Dist 10 = 11.984 | Delta Dist 100 = 10.780 | Delta Dist 1000 = 10.862 | Episode Length = 50 | Episode Return = 30.0 | Evaluator Episodes = 3340 | Evaluator Steps = 167000 | Final Dist = 0.992 | Final Dist 10 = 0.823 | Final Dist 100 = 2.026 | Final Dist 1000 = 1.944 | Init Dist = 12.806 | Init Dist 10 = 12.806 | Init Dist 100 = 12.806 | Init Dist 1000 = 12.806 | Learner Steps = 10191 | Learner Walltime = 1985.642 | Min Dist = 0.075 | Min Dist 10 = 0.143 | Min Dist 100 = 1.185 | Min Dist 1000 = 1.215 | Steps Per Second = 79.096 | Success = 1.000 | Success 1000 = 0.849
I0502 15:39:23.928679 139579566835264 terminal.py:91] [Evaluator] Actor Episodes = 13256 | Actor Steps = 662800 | Delta Dist = 12.147 | Delta Dist 10 = 11.934 | Delta Dist 100 = 10.802 | Delta Dist 1000 = 10.861 | Episode Length = 50 | Episode Return = 11.0 | Evaluator Episodes = 3342 | Evaluator Steps = 167100 | Final Dist = 0.659 | Final Dist 10 = 0.872 | Final Dist 100 = 2.004 | Final Dist 1000 = 1.945 | Init Dist = 12.806 | Init Dist 10 = 12.806 | Init Dist 100 = 12.806 | Init Dist 1000 = 12.806 | Learner Steps = 10197 | Learner Walltime = 1987.003 | Min Dist = 0.231 | Min Dist 10 = 0.155 | Min Dist 100 = 1.155 | Min Dist 1000 = 1.215 | Steps Per Second = 80.241 | Success = 1.000 | Success 1000 = 0.849
I0502 15:39:24.071961 139558059398720 terminal.py:91] [Actor] Actor Episodes = 13255 | Actor Steps = 662750 | Delta Dist = 4.460 | Delta Dist 10 = 3.990 | Delta Dist 100 = 4.251 | Delta Dist 1000 = 4.243 | Episode Length = 50 | Episode Return = 41.0 | Evaluator Episodes = 3340 | Evaluator Steps = 167000 | Final Dist = 0.639 | Final Dist 10 = 2.375 | Final Dist 100 = 1.152 | Final Dist 1000 = 1.670 | Init Dist = 5.099 | Init Dist 10 = 6.364 | Init Dist 100 = 5.403 | Init Dist 1000 = 5.914 | Learner Steps = 10197 | Learner Walltime = 1987.003 | Min Dist = 0.017 | Min Dist 10 = 0.147 | Min Dist 100 = 0.081 | Min Dist 1000 = 0.253 | Steps Per Second = 81.779 | Success = 1.000 | Success 1000 = 0.986
I0502 15:39:25.091389 139579566835264 terminal.py:91] [Evaluator] Actor Episodes = 13264 | Actor Steps = 663200 | Delta Dist = 11.435 | Delta Dist 10 = 11.837 | Delta Dist 100 = 10.796 | Delta Dist 1000 = 10.862 | Episode Length = 50 | Episode Return = 14.0 | Evaluator Episodes = 3344 | Evaluator Steps = 167200 | Final Dist = 1.371 | Final Dist 10 = 0.969 | Final Dist 100 = 2.010 | Final Dist 1000 = 1.945 | Init Dist = 12.806 | Init Dist 10 = 12.806 | Init Dist 100 = 12.806 | Init Dist 1000 = 12.806 | Learner Steps = 10209 | Learner Walltime = 1989.255 | Min Dist = 0.228 | Min Dist 10 = 0.158 | Min Dist 100 = 1.152 | Min Dist 1000 = 1.215 | Steps Per Second = 92.461 | Success = 1.000 | Success 1000 = 0.849
I0502 15:39:25.439715 139569349502528 terminal.py:91] [Actor] Actor Episodes = 13266 | Actor Steps = 663300 | Delta Dist = 0.587 | Delta Dist 10 = 4.125 | Delta Dist 100 = 4.028 | Delta Dist 1000 = 4.237 | Episode Length = 50 | Episode Return = 46.0 | Evaluator Episodes = 3344 | Evaluator Steps = 167200 | Final Dist = 0.827 | Final Dist 10 = 1.484 | Final Dist 100 = 1.222 | Final Dist 1000 = 1.666 | Init Dist = 1.414 | Init Dist 10 = 5.609 | Init Dist 100 = 5.251 | Init Dist 1000 = 5.903 | Learner Steps = 10209 | Learner Walltime = 1989.255 | Min Dist = 0.069 | Min Dist 10 = 0.088 | Min Dist 100 = 0.077 | Min Dist 1000 = 0.251 | Steps Per Second = 78.687 | Success = 1.000 | Success 1000 = 0.986
I0502 15:39:25.536340 139555860620864 terminal.py:91] [Actor] Actor Episodes = 13265 | Actor Steps = 663250 | Delta Dist = 0.266 | Delta Dist 10 = 3.556 | Delta Dist 100 = 3.990 | Delta Dist 1000 = 4.234 | Episode Length = 50 | Episode Return = 25.0 | Evaluator Episodes = 3342 | Evaluator Steps = 167100 | Final Dist = 1.970 | Final Dist 10 = 1.299 | Final Dist 100 = 1.230 | Final Dist 1000 = 1.667 | Init Dist = 2.236 | Init Dist 10 = 4.856 | Init Dist 100 = 5.220 | Init Dist 1000 = 5.901 | Learner Steps = 10204 | Learner Walltime = 1988.217 | Min Dist = 0.279 | Min Dist 10 = 0.080 | Min Dist 100 = 0.078 | Min Dist 1000 = 0.251 | Steps Per Second = 79.891 | Success = 1.000 | Success 1000 = 0.986
I0502 15:39:25.753302 139557462840896 terminal.py:91] [Actor] Actor Episodes = 13268 | Actor Steps = 663400 | Delta Dist = -2.049 | Delta Dist 10 = 2.782 | Delta Dist 100 = 3.894 | Delta Dist 1000 = 4.226 | Episode Length = 50 | Episode Return = 0.0 | Evaluator Episodes = 3344 | Evaluator Steps = 167200 | Final Dist = 5.212 | Final Dist 10 = 1.788 | Final Dist 100 = 1.278 | Final Dist 1000 = 1.671 | Init Dist = 3.162 | Init Dist 10 = 4.569 | Init Dist 100 = 5.172 | Init Dist 1000 = 5.898 | Learner Steps = 10209 | Learner Walltime = 1989.255 | Min Dist = 0.010 | Min Dist 10 = 0.106 | Min Dist 100 = 0.080 | Min Dist 1000 = 0.251 | Steps Per Second = 78.351 | Success = 1.000 | Success 1000 = 0.986
I0502 15:39:26.342109 139579566835264 terminal.py:91] [Evaluator] Actor Episodes = 13272 | Actor Steps = 663600 | Delta Dist = 12.499 | Delta Dist 10 = 11.846 | Delta Dist 100 = 10.803 | Delta Dist 1000 = 10.883 | Episode Length = 50 | Episode Return = 22.0 | Evaluator Episodes = 3346 | Evaluator Steps = 167300 | Final Dist = 0.307 | Final Dist 10 = 0.960 | Final Dist 100 = 2.003 | Final Dist 1000 = 1.923 | Init Dist = 12.806 | Init Dist 10 = 12.806 | Init Dist 100 = 12.806 | Init Dist 1000 = 12.806 | Learner Steps = 10215 | Learner Walltime = 1990.360 | Min Dist = 0.138 | Min Dist 10 = 0.168 | Min Dist 100 = 1.150 | Min Dist 1000 = 1.194 | Steps Per Second = 79.781 | Success = 1.000 | Success 1000 = 0.851
I0502 15:39:27.441691 139579566835264 terminal.py:91] [Evaluator] Actor Episodes = 13280 | Actor Steps = 664000 | Delta Dist = -0.036 | Delta Dist 10 = 11.964 | Delta Dist 100 = 10.817 | Delta Dist 1000 = 10.895 | Episode Length = 50 | Episode Return = 0.0 | Evaluator Episodes = 3348 | Evaluator Steps = 167400 | Final Dist = 12.842 | Final Dist 10 = 0.842 | Final Dist 100 = 1.989 | Final Dist 1000 = 1.911 | Init Dist = 12.806 | Init Dist 10 = 12.806 | Init Dist 100 = 12.806 | Init Dist 1000 = 12.806 | Learner Steps = 10221 | Learner Walltime = 1991.470 | Min Dist = 10.743 | Min Dist 10 = 0.155 | Min Dist 100 = 1.150 | Min Dist 1000 = 1.183 | Steps Per Second = 106.744 | Success = 0.000 | Success 1000 = 0.852
I0502 15:39:27.873224 139555013154368 terminal.py:91] [Learner] Actor Episodes = 13278 | Actor Loss = 3.592259407043457 | Actor Steps = 663900 | Binary Accuracy = 0.9960846900939941 | Categorical Accuracy = 0.43353271484375 | Critic Loss = 1.94440495967865 | Entropy Mean = -18.36103057861328 | Evaluator Episodes = 3346 | Evaluator Steps = 167300 | Learner Steps = 10224 | Learner Walltime = 1992.072 | Logits Neg = -15.801229476928711 | Logits Pos = -1.9449596405029297 | Logsumexp = 1.246399164199829 | Steps Per Second = 332.089
I0502 15:39:28.356685 139584504182336 lp_utils.py:96] StepsLimiter: Reached 664300 recorded steps
I0502 15:39:28.648378 139579566835264 terminal.py:91] [Evaluator] Actor Episodes = 13288 | Actor Steps = 664400 | Delta Dist = 11.908 | Delta Dist 10 = 10.756 | Delta Dist 100 = 10.699 | Delta Dist 1000 = 10.900 | Episode Length = 50 | Episode Return = 17.0 | Evaluator Episodes = 3350 | Evaluator Steps = 167500 | Final Dist = 0.899 | Final Dist 10 = 2.050 | Final Dist 100 = 2.107 | Final Dist 1000 = 1.907 | Init Dist = 12.806 | Init Dist 10 = 12.806 | Init Dist 100 = 12.806 | Init Dist 1000 = 12.806 | Learner Steps = 10226 | Learner Walltime = 1992.597 | Min Dist = 0.107 | Min Dist 10 = 1.257 | Min Dist 100 = 1.261 | Min Dist 1000 = 1.176 | Steps Per Second = 81.386 | Success = 1.000 | Success 1000 = 0.853
I0502 15:39:29.868973 139579566835264 terminal.py:91] [Evaluator] Actor Episodes = 13296 | Actor Steps = 664800 | Delta Dist = 12.417 | Delta Dist 10 = 10.836 | Delta Dist 100 = 10.709 | Delta Dist 1000 = 10.900 | Episode Length = 50 | Episode Return = 13.0 | Evaluator Episodes = 3352 | Evaluator Steps = 167600 | Final Dist = 0.390 | Final Dist 10 = 1.970 | Final Dist 100 = 2.098 | Final Dist 1000 = 1.907 | Init Dist = 12.806 | Init Dist 10 = 12.806 | Init Dist 100 = 12.806 | Init Dist 1000 = 12.806 | Learner Steps = 10232 | Learner Walltime = 1993.720 | Min Dist = 0.250 | Min Dist 10 = 1.232 | Min Dist 100 = 1.257 | Min Dist 1000 = 1.176 | Steps Per Second = 86.170 | Success = 1.000 | Success 1000 = 0.853
I0502 15:39:31.370191 139579566835264 terminal.py:91] [Evaluator] Actor Episodes = 13304 | Actor Steps = 665200 | Delta Dist = 11.680 | Delta Dist 10 = 9.805 | Delta Dist 100 = 10.619 | Delta Dist 1000 = 10.889 | Episode Length = 50 | Episode Return = 18.0 | Evaluator Episodes = 3355 | Evaluator Steps = 167750 | Final Dist = 1.126 | Final Dist 10 = 3.001 | Final Dist 100 = 2.187 | Final Dist 1000 = 1.917 | Init Dist = 12.806 | Init Dist 10 = 12.806 | Init Dist 100 = 12.806 | Init Dist 1000 = 12.806 | Learner Steps = 10238 | Learner Walltime = 1994.918 | Min Dist = 0.166 | Min Dist 10 = 2.361 | Min Dist 100 = 1.364 | Min Dist 1000 = 1.186 | Steps Per Second = 95.516 | Success = 1.000 | Success 1000 = 0.852
I0502 15:39:32.572566 139579566835264 terminal.py:91] [Evaluator] Actor Episodes = 13312 | Actor Steps = 665600 | Delta Dist = 11.431 | Delta Dist 10 = 9.572 | Delta Dist 100 = 10.680 | Delta Dist 1000 = 10.889 | Episode Length = 50 | Episode Return = 21.0 | Evaluator Episodes = 3357 | Evaluator Steps = 167850 | Final Dist = 1.375 | Final Dist 10 = 3.234 | Final Dist 100 = 2.126 | Final Dist 1000 = 1.917 | Init Dist = 12.806 | Init Dist 10 = 12.806 | Init Dist 100 = 12.806 | Init Dist 1000 = 12.806 | Learner Steps = 10244 | Learner Walltime = 1996.128 | Min Dist = 0.139 | Min Dist 10 = 2.418 | Min Dist 100 = 1.309 | Min Dist 1000 = 1.187 | Steps Per Second = 85.743 | Success = 1.000 | Success 1000 = 0.852
I0502 15:39:33.798010 139579566835264 terminal.py:91] [Evaluator] Actor Episodes = 13320 | Actor Steps = 666000 | Delta Dist = 12.068 | Delta Dist 10 = 10.665 | Delta Dist 100 = 10.684 | Delta Dist 1000 = 10.892 | Episode Length = 50 | Episode Return = 19.0 | Evaluator Episodes = 3359 | Evaluator Steps = 167950 | Final Dist = 0.738 | Final Dist 10 = 2.141 | Final Dist 100 = 2.123 | Final Dist 1000 = 1.914 | Init Dist = 12.806 | Init Dist 10 = 12.806 | Init Dist 100 = 12.806 | Init Dist 1000 = 12.806 | Learner Steps = 10251 | Learner Walltime = 1997.488 | Min Dist = 0.102 | Min Dist 10 = 1.388 | Min Dist 100 = 1.310 | Min Dist 1000 = 1.185 | Steps Per Second = 84.205 | Success = 1.000 | Success 1000 = 0.853
I0502 15:39:34.449420 139558059398720 terminal.py:91] [Actor] Actor Episodes = 13328 | Actor Steps = 666400 | Delta Dist = 6.073 | Delta Dist 10 = 5.774 | Delta Dist 100 = 4.392 | Delta Dist 1000 = 4.307 | Episode Length = 50 | Episode Return = 25.0 | Evaluator Episodes = 3359 | Evaluator Steps = 167950 | Final Dist = 0.998 | Final Dist 10 = 1.272 | Final Dist 100 = 1.504 | Final Dist 1000 = 1.638 | Init Dist = 7.071 | Init Dist 10 = 7.045 | Init Dist 100 = 5.896 | Init Dist 1000 = 5.945 | Learner Steps = 10251 | Learner Walltime = 1997.488 | Min Dist = 0.059 | Min Dist 10 = 0.605 | Min Dist 100 = 0.257 | Min Dist 1000 = 0.255 | Steps Per Second = 83.023 | Success = 1.000 | Success 1000 = 0.987
I0502 15:39:34.979578 139579566835264 terminal.py:91] [Evaluator] Actor Episodes = 13328 | Actor Steps = 666400 | Delta Dist = 11.447 | Delta Dist 10 = 10.678 | Delta Dist 100 = 10.685 | Delta Dist 1000 = 10.897 | Episode Length = 50 | Episode Return = 15.0 | Evaluator Episodes = 3361 | Evaluator Steps = 168050 | Final Dist = 1.360 | Final Dist 10 = 2.128 | Final Dist 100 = 2.121 | Final Dist 1000 = 1.909 | Init Dist = 12.806 | Init Dist 10 = 12.806 | Init Dist 100 = 12.806 | Init Dist 1000 = 12.806 | Learner Steps = 10258 | Learner Walltime = 1998.676 | Min Dist = 0.057 | Min Dist 10 = 1.330 | Min Dist 100 = 1.309 | Min Dist 1000 = 1.180 | Steps Per Second = 90.776 | Success = 1.000 | Success 1000 = 0.854
I0502 15:39:35.769603 139569349502528 terminal.py:91] [Actor] Actor Episodes = 13331 | Actor Steps = 666550 | Delta Dist = 5.781 | Delta Dist 10 = 5.312 | Delta Dist 100 = 4.510 | Delta Dist 1000 = 4.315 | Episode Length = 50 | Episode Return = 28.0 | Evaluator Episodes = 3361 | Evaluator Steps = 168050 | Final Dist = 0.302 | Final Dist 10 = 1.501 | Final Dist 100 = 1.500 | Final Dist 1000 = 1.637 | Init Dist = 6.083 | Init Dist 10 = 6.813 | Init Dist 100 = 6.010 | Init Dist 1000 = 5.952 | Learner Steps = 10258 | Learner Walltime = 1998.676 | Min Dist = 0.084 | Min Dist 10 = 0.157 | Min Dist 100 = 0.257 | Min Dist 1000 = 0.250 | Steps Per Second = 81.814 | Success = 1.000 | Success 1000 = 0.987
I0502 15:39:36.061540 139579566835264 terminal.py:91] [Evaluator] Actor Episodes = 13336 | Actor Steps = 666800 | Delta Dist = 11.403 | Delta Dist 10 = 10.528 | Delta Dist 100 = 10.686 | Delta Dist 1000 = 10.896 | Episode Length = 50 | Episode Return = 8.0 | Evaluator Episodes = 3363 | Evaluator Steps = 168150 | Final Dist = 1.403 | Final Dist 10 = 2.279 | Final Dist 100 = 2.121 | Final Dist 1000 = 1.910 | Init Dist = 12.806 | Init Dist 10 = 12.806 | Init Dist 100 = 12.806 | Init Dist 1000 = 12.806 | Learner Steps = 10263 | Learner Walltime = 1999.831 | Min Dist = 0.066 | Min Dist 10 = 1.347 | Min Dist 100 = 1.310 | Min Dist 1000 = 1.180 | Steps Per Second = 89.117 | Success = 1.000 | Success 1000 = 0.854
I0502 15:39:36.141583 139555860620864 terminal.py:91] [Actor] Actor Episodes = 13333 | Actor Steps = 666650 | Delta Dist = 3.574 | Delta Dist 10 = 4.534 | Delta Dist 100 = 4.514 | Delta Dist 1000 = 4.304 | Episode Length = 50 | Episode Return = 32.0 | Evaluator Episodes = 3361 | Evaluator Steps = 168050 | Final Dist = 1.525 | Final Dist 10 = 1.939 | Final Dist 100 = 1.543 | Final Dist 1000 = 1.642 | Init Dist = 5.099 | Init Dist 10 = 6.473 | Init Dist 100 = 6.056 | Init Dist 1000 = 5.946 | Learner Steps = 10258 | Learner Walltime = 1998.676 | Min Dist = 0.076 | Min Dist 10 = 0.102 | Min Dist 100 = 0.254 | Min Dist 1000 = 0.250 | Steps Per Second = 80.791 | Success = 1.000 | Success 1000 = 0.987
I0502 15:39:36.166774 139557462840896 terminal.py:91] [Actor] Actor Episodes = 13335 | Actor Steps = 666750 | Delta Dist = 8.737 | Delta Dist 10 = 4.284 | Delta Dist 100 = 4.460 | Delta Dist 1000 = 4.298 | Episode Length = 50 | Episode Return = 19.0 | Evaluator Episodes = 3361 | Evaluator Steps = 168050 | Final Dist = 0.318 | Final Dist 10 = 1.992 | Final Dist 100 = 1.555 | Final Dist 1000 = 1.643 | Init Dist = 9.055 | Init Dist 10 = 6.275 | Init Dist 100 = 6.015 | Init Dist 1000 = 5.941 | Learner Steps = 10258 | Learner Walltime = 1998.676 | Min Dist = 0.193 | Min Dist 10 = 0.104 | Min Dist 100 = 0.254 | Min Dist 1000 = 0.250 | Steps Per Second = 81.216 | Success = 1.000 | Success 1000 = 0.987
I0502 15:39:37.267525 139579566835264 terminal.py:91] [Evaluator] Actor Episodes = 13344 | Actor Steps = 667200 | Delta Dist = 11.458 | Delta Dist 10 = 11.688 | Delta Dist 100 = 10.693 | Delta Dist 1000 = 10.896 | Episode Length = 50 | Episode Return = 15.0 | Evaluator Episodes = 3365 | Evaluator Steps = 168250 | Final Dist = 1.348 | Final Dist 10 = 1.118 | Final Dist 100 = 2.114 | Final Dist 1000 = 1.910 | Init Dist = 12.806 | Init Dist 10 = 12.806 | Init Dist 100 = 12.806 | Init Dist 1000 = 12.806 | Learner Steps = 10269 | Learner Walltime = 2001.070 | Min Dist = 0.072 | Min Dist 10 = 0.212 | Min Dist 100 = 1.306 | Min Dist 1000 = 1.179 | Steps Per Second = 79.947 | Success = 1.000 | Success 1000 = 0.854
I0502 15:39:38.124034 139555013154368 terminal.py:91] [Learner] Actor Episodes = 13352 | Actor Loss = 3.5878190994262695 | Actor Steps = 667600 | Binary Accuracy = 0.9959869384765625 | Categorical Accuracy = 0.4210205078125 | Critic Loss = 1.9406259059906006 | Entropy Mean = -17.89969825744629 | Evaluator Episodes = 3365 | Evaluator Steps = 168250 | Learner Steps = 10276 | Learner Walltime = 2002.317 | Logits Neg = -16.071693420410156 | Logits Pos = -1.9328281879425049 | Logsumexp = 1.3085604906082153 | Steps Per Second = 154.051
I0502 15:39:38.348347 139579566835264 terminal.py:91] [Evaluator] Actor Episodes = 13352 | Actor Steps = 667600 | Delta Dist = 11.459 | Delta Dist 10 = 11.220 | Delta Dist 100 = 10.646 | Delta Dist 1000 = 10.890 | Episode Length = 50 | Episode Return = 5.0 | Evaluator Episodes = 3367 | Evaluator Steps = 168350 | Final Dist = 1.347 | Final Dist 10 = 1.586 | Final Dist 100 = 2.160 | Final Dist 1000 = 1.917 | Init Dist = 12.806 | Init Dist 10 = 12.806 | Init Dist 100 = 12.806 | Init Dist 1000 = 12.806 | Learner Steps = 10276 | Learner Walltime = 2002.317 | Min Dist = 0.408 | Min Dist 10 = 0.745 | Min Dist 100 = 1.351 | Min Dist 1000 = 1.185 | Steps Per Second = 98.145 | Success = 1.000 | Success 1000 = 0.853
I0502 15:39:38.375197 139584504182336 lp_utils.py:96] StepsLimiter: Reached 667600 recorded steps
I0502 15:39:39.493162 139579566835264 terminal.py:91] [Evaluator] Actor Episodes = 13360 | Actor Steps = 668000 | Delta Dist = 11.390 | Delta Dist 10 = 11.272 | Delta Dist 100 = 10.752 | Delta Dist 1000 = 10.898 | Episode Length = 50 | Episode Return = 19.0 | Evaluator Episodes = 3369 | Evaluator Steps = 168450 | Final Dist = 1.416 | Final Dist 10 = 1.534 | Final Dist 100 = 2.054 | Final Dist 1000 = 1.908 | Init Dist = 12.806 | Init Dist 10 = 12.806 | Init Dist 100 = 12.806 | Init Dist 1000 = 12.806 | Learner Steps = 10281 | Learner Walltime = 2003.397 | Min Dist = 0.122 | Min Dist 10 = 0.763 | Min Dist 100 = 1.252 | Min Dist 1000 = 1.178 | Steps Per Second = 84.523 | Success = 1.000 | Success 1000 = 0.854
I0502 15:39:39.793515 139583350109760 savers.py:156] Saving checkpoint: logs/contrastive_cpc_point_FourRooms_64/5dd72662-2788-11f0-b183-d85ed38c5779/checkpoints/learner
I0502 15:39:40.648288 139579566835264 terminal.py:91] [Evaluator] Actor Episodes = 13366 | Actor Steps = 668300 | Delta Dist = 11.522 | Delta Dist 10 = 11.173 | Delta Dist 100 = 10.753 | Delta Dist 1000 = 10.897 | Episode Length = 50 | Episode Return = 16.0 | Evaluator Episodes = 3371 | Evaluator Steps = 168550 | Final Dist = 1.284 | Final Dist 10 = 1.633 | Final Dist 100 = 2.054 | Final Dist 1000 = 1.909 | Init Dist = 12.806 | Init Dist 10 = 12.806 | Init Dist 100 = 12.806 | Init Dist 1000 = 12.806 | Learner Steps = 10288 | Learner Walltime = 2004.434 | Min Dist = 0.125 | Min Dist 10 = 0.765 | Min Dist 100 = 1.252 | Min Dist 1000 = 1.177 | Steps Per Second = 86.134 | Success = 1.000 | Success 1000 = 0.854
I0502 15:39:41.739777 139584635659840 savers.py:156] Saving checkpoint: logs/contrastive_cpc_point_FourRooms_64/5dd72662-2788-11f0-b183-d85ed38c5779/checkpoints/counter
I0502 15:39:41.900111 139579566835264 terminal.py:91] [Evaluator] Actor Episodes = 13375 | Actor Steps = 668750 | Delta Dist = 11.506 | Delta Dist 10 = 11.155 | Delta Dist 100 = 10.743 | Delta Dist 1000 = 10.897 | Episode Length = 50 | Episode Return = 13.0 | Evaluator Episodes = 3373 | Evaluator Steps = 168650 | Final Dist = 1.300 | Final Dist 10 = 1.651 | Final Dist 100 = 2.063 | Final Dist 1000 = 1.910 | Init Dist = 12.806 | Init Dist 10 = 12.806 | Init Dist 100 = 12.806 | Init Dist 1000 = 12.806 | Learner Steps = 10294 | Learner Walltime = 2005.768 | Min Dist = 0.201 | Min Dist 10 = 0.746 | Min Dist 100 = 1.252 | Min Dist 1000 = 1.177 | Steps Per Second = 81.068 | Success = 1.000 | Success 1000 = 0.854
I0502 15:39:43.110401 139579566835264 terminal.py:91] [Evaluator] Actor Episodes = 13383 | Actor Steps = 669150 | Delta Dist = 11.602 | Delta Dist 10 = 11.169 | Delta Dist 100 = 10.822 | Delta Dist 1000 = 10.896 | Episode Length = 50 | Episode Return = 7.0 | Evaluator Episodes = 3375 | Evaluator Steps = 168750 | Final Dist = 1.204 | Final Dist 10 = 1.637 | Final Dist 100 = 1.984 | Final Dist 1000 = 1.910 | Init Dist = 12.806 | Init Dist 10 = 12.806 | Init Dist 100 = 12.806 | Init Dist 1000 = 12.806 | Learner Steps = 10302 | Learner Walltime = 2007.246 | Min Dist = 0.234 | Min Dist 10 = 0.751 | Min Dist 100 = 1.177 | Min Dist 1000 = 1.177 | Steps Per Second = 82.541 | Success = 1.000 | Success 1000 = 0.854
I0502 15:39:44.328442 139579566835264 terminal.py:91] [Evaluator] Actor Episodes = 13391 | Actor Steps = 669550 | Delta Dist = 11.164 | Delta Dist 10 = 11.728 | Delta Dist 100 = 10.948 | Delta Dist 1000 = 10.898 | Episode Length = 50 | Episode Return = 6.0 | Evaluator Episodes = 3377 | Evaluator Steps = 168850 | Final Dist = 1.642 | Final Dist 10 = 1.078 | Final Dist 100 = 1.858 | Final Dist 1000 = 1.908 | Init Dist = 12.806 | Init Dist 10 = 12.806 | Init Dist 100 = 12.806 | Init Dist 1000 = 12.806 | Learner Steps = 10309 | Learner Walltime = 2008.462 | Min Dist = 0.281 | Min Dist 10 = 0.179 | Min Dist 100 = 1.049 | Min Dist 1000 = 1.174 | Steps Per Second = 79.984 | Success = 1.000 | Success 1000 = 0.855
I0502 15:39:45.047622 139558059398720 terminal.py:91] [Actor] Actor Episodes = 13394 | Actor Steps = 669700 | Delta Dist = 4.907 | Delta Dist 10 = 4.366 | Delta Dist 100 = 4.457 | Delta Dist 1000 = 4.256 | Episode Length = 50 | Episode Return = 21.0 | Evaluator Episodes = 3377 | Evaluator Steps = 168850 | Final Dist = 1.176 | Final Dist 10 = 1.378 | Final Dist 100 = 1.730 | Final Dist 1000 = 1.662 | Init Dist = 6.083 | Init Dist 10 = 5.744 | Init Dist 100 = 6.187 | Init Dist 1000 = 5.919 | Learner Steps = 10309 | Learner Walltime = 2008.462 | Min Dist = 0.025 | Min Dist 10 = 0.237 | Min Dist 100 = 0.230 | Min Dist 1000 = 0.245 | Steps Per Second = 83.322 | Success = 1.000 | Success 1000 = 0.983
I0502 15:39:45.508902 139579566835264 terminal.py:91] [Evaluator] Actor Episodes = 13399 | Actor Steps = 669950 | Delta Dist = 11.650 | Delta Dist 10 = 11.638 | Delta Dist 100 = 10.953 | Delta Dist 1000 = 10.897 | Episode Length = 50 | Episode Return = 3.0 | Evaluator Episodes = 3379 | Evaluator Steps = 168950 | Final Dist = 1.156 | Final Dist 10 = 1.168 | Final Dist 100 = 1.853 | Final Dist 1000 = 1.910 | Init Dist = 12.806 | Init Dist 10 = 12.806 | Init Dist 100 = 12.806 | Init Dist 1000 = 12.806 | Learner Steps = 10315 | Learner Walltime = 2009.594 | Min Dist = 0.354 | Min Dist 10 = 0.169 | Min Dist 100 = 1.048 | Min Dist 1000 = 1.174 | Steps Per Second = 88.260 | Success = 1.000 | Success 1000 = 0.855
I0502 15:39:45.811308 139569349502528 terminal.py:91] [Actor] Actor Episodes = 13403 | Actor Steps = 670150 | Delta Dist = 5.677 | Delta Dist 10 = 5.626 | Delta Dist 100 = 4.482 | Delta Dist 1000 = 4.273 | Episode Length = 50 | Episode Return = 44.0 | Evaluator Episodes = 3379 | Evaluator Steps = 168950 | Final Dist = 2.569 | Final Dist 10 = 1.483 | Final Dist 100 = 1.739 | Final Dist 1000 = 1.662 | Init Dist = 8.246 | Init Dist 10 = 7.109 | Init Dist 100 = 6.221 | Init Dist 1000 = 5.935 | Learner Steps = 10315 | Learner Walltime = 2009.594 | Min Dist = 0.053 | Min Dist 10 = 0.183 | Min Dist 100 = 0.227 | Min Dist 1000 = 0.245 | Steps Per Second = 75.739 | Success = 1.000 | Success 1000 = 0.983
I0502 15:39:46.510902 139555860620864 terminal.py:91] [Actor] Actor Episodes = 13405 | Actor Steps = 670250 | Delta Dist = 5.562 | Delta Dist 10 = 6.067 | Delta Dist 100 = 4.513 | Delta Dist 1000 = 4.281 | Episode Length = 50 | Episode Return = 35.0 | Evaluator Episodes = 3379 | Evaluator Steps = 168950 | Final Dist = 0.438 | Final Dist 10 = 0.788 | Final Dist 100 = 1.752 | Final Dist 1000 = 1.661 | Init Dist = 6.000 | Init Dist 10 = 6.855 | Init Dist 100 = 6.265 | Init Dist 1000 = 5.942 | Learner Steps = 10320 | Learner Walltime = 2010.642 | Min Dist = 0.007 | Min Dist 10 = 0.050 | Min Dist 100 = 0.224 | Min Dist 1000 = 0.245 | Steps Per Second = 76.063 | Success = 1.000 | Success 1000 = 0.983
I0502 15:39:46.570364 139557462840896 terminal.py:91] [Actor] Actor Episodes = 13407 | Actor Steps = 670350 | Delta Dist = 2.590 | Delta Dist 10 = 6.108 | Delta Dist 100 = 4.488 | Delta Dist 1000 = 4.277 | Episode Length = 50 | Episode Return = 36.0 | Evaluator Episodes = 3379 | Evaluator Steps = 168950 | Final Dist = 0.573 | Final Dist 10 = 0.739 | Final Dist 100 = 1.746 | Final Dist 1000 = 1.660 | Init Dist = 3.162 | Init Dist 10 = 6.847 | Init Dist 100 = 6.234 | Init Dist 1000 = 5.937 | Learner Steps = 10320 | Learner Walltime = 2010.642 | Min Dist = 0.210 | Min Dist 10 = 0.048 | Min Dist 100 = 0.224 | Min Dist 1000 = 0.245 | Steps Per Second = 79.654 | Success = 1.000 | Success 1000 = 0.983
I0502 15:39:46.766906 139579566835264 terminal.py:91] [Evaluator] Actor Episodes = 13407 | Actor Steps = 670350 | Delta Dist = 12.073 | Delta Dist 10 = 11.792 | Delta Dist 100 = 10.955 | Delta Dist 1000 = 10.901 | Episode Length = 50 | Episode Return = 12.0 | Evaluator Episodes = 3381 | Evaluator Steps = 169050 | Final Dist = 0.733 | Final Dist 10 = 1.015 | Final Dist 100 = 1.851 | Final Dist 1000 = 1.906 | Init Dist = 12.806 | Init Dist 10 = 12.806 | Init Dist 100 = 12.806 | Init Dist 1000 = 12.806 | Learner Steps = 10320 | Learner Walltime = 2010.642 | Min Dist = 0.241 | Min Dist 10 = 0.219 | Min Dist 100 = 1.051 | Min Dist 1000 = 1.169 | Steps Per Second = 80.710 | Success = 1.000 | Success 1000 = 0.857
I0502 15:39:47.873869 139579566835264 terminal.py:91] [Evaluator] Actor Episodes = 13415 | Actor Steps = 670750 | Delta Dist = 11.462 | Delta Dist 10 = 11.841 | Delta Dist 100 = 10.956 | Delta Dist 1000 = 10.900 | Episode Length = 50 | Episode Return = 10.0 | Evaluator Episodes = 3383 | Evaluator Steps = 169150 | Final Dist = 1.344 | Final Dist 10 = 0.965 | Final Dist 100 = 1.851 | Final Dist 1000 = 1.906 | Init Dist = 12.806 | Init Dist 10 = 12.806 | Init Dist 100 = 12.806 | Init Dist 1000 = 12.806 | Learner Steps = 10326 | Learner Walltime = 2011.844 | Min Dist = 0.147 | Min Dist 10 = 0.225 | Min Dist 100 = 1.053 | Min Dist 1000 = 1.169 | Steps Per Second = 89.036 | Success = 1.000 | Success 1000 = 0.857
I0502 15:39:48.240192 139555013154368 terminal.py:91] [Learner] Actor Episodes = 13413 | Actor Loss = 3.6528549194335938 | Actor Steps = 670650 | Binary Accuracy = 0.9959635734558105 | Categorical Accuracy = 0.42510986328125 | Critic Loss = 1.9405299425125122 | Entropy Mean = -21.056438446044922 | Evaluator Episodes = 3381 | Evaluator Steps = 169050 | Learner Steps = 10329 | Learner Walltime = 2012.435 | Logits Neg = -16.1236515045166 | Logits Pos = -1.940224528312683 | Logsumexp = 1.2109661102294922 | Steps Per Second = 135.297
I0502 15:39:48.392731 139584504182336 lp_utils.py:96] StepsLimiter: Reached 670950 recorded steps
I0502 15:39:48.979800 139579566835264 terminal.py:91] [Evaluator] Actor Episodes = 13423 | Actor Steps = 671150 | Delta Dist = 11.593 | Delta Dist 10 = 11.824 | Delta Dist 100 = 10.962 | Delta Dist 1000 = 10.901 | Episode Length = 50 | Episode Return = 15.0 | Evaluator Episodes = 3385 | Evaluator Steps = 169250 | Final Dist = 1.214 | Final Dist 10 = 0.982 | Final Dist 100 = 1.844 | Final Dist 1000 = 1.905 | Init Dist = 12.806 | Init Dist 10 = 12.806 | Init Dist 100 = 12.806 | Init Dist 1000 = 12.806 | Learner Steps = 10333 | Learner Walltime = 2013.034 | Min Dist = 0.148 | Min Dist 10 = 0.232 | Min Dist 100 = 1.053 | Min Dist 1000 = 1.169 | Steps Per Second = 90.634 | Success = 1.000 | Success 1000 = 0.857
I0502 15:39:50.290418 139579566835264 terminal.py:91] [Evaluator] Actor Episodes = 13431 | Actor Steps = 671550 | Delta Dist = 11.403 | Delta Dist 10 = 11.868 | Delta Dist 100 = 10.970 | Delta Dist 1000 = 10.901 | Episode Length = 50 | Episode Return = 10.0 | Evaluator Episodes = 3387 | Evaluator Steps = 169350 | Final Dist = 1.403 | Final Dist 10 = 0.938 | Final Dist 100 = 1.836 | Final Dist 1000 = 1.905 | Init Dist = 12.806 | Init Dist 10 = 12.806 | Init Dist 100 = 12.806 | Init Dist 1000 = 12.806 | Learner Steps = 10338 | Learner Walltime = 2014.126 | Min Dist = 0.165 | Min Dist 10 = 0.209 | Min Dist 100 = 1.047 | Min Dist 1000 = 1.168 | Steps Per Second = 75.246 | Success = 1.000 | Success 1000 = 0.857
I0502 15:39:51.483109 139579566835264 terminal.py:91] [Evaluator] Actor Episodes = 13439 | Actor Steps = 671950 | Delta Dist = 12.162 | Delta Dist 10 = 11.852 | Delta Dist 100 = 10.972 | Delta Dist 1000 = 10.901 | Episode Length = 50 | Episode Return = 11.0 | Evaluator Episodes = 3389 | Evaluator Steps = 169450 | Final Dist = 0.645 | Final Dist 10 = 0.954 | Final Dist 100 = 1.834 | Final Dist 1000 = 1.906 | Init Dist = 12.806 | Init Dist 10 = 12.806 | Init Dist 100 = 12.806 | Init Dist 1000 = 12.806 | Learner Steps = 10344 | Learner Walltime = 2015.128 | Min Dist = 0.333 | Min Dist 10 = 0.237 | Min Dist 100 = 1.051 | Min Dist 1000 = 1.169 | Steps Per Second = 88.261 | Success = 1.000 | Success 1000 = 0.857
I0502 15:39:52.764152 139579566835264 terminal.py:91] [Evaluator] Actor Episodes = 13447 | Actor Steps = 672350 | Delta Dist = 11.340 | Delta Dist 10 = 11.233 | Delta Dist 100 = 10.919 | Delta Dist 1000 = 10.895 | Episode Length = 50 | Episode Return = 12.0 | Evaluator Episodes = 3391 | Evaluator Steps = 169550 | Final Dist = 1.467 | Final Dist 10 = 1.573 | Final Dist 100 = 1.888 | Final Dist 1000 = 1.911 | Init Dist = 12.806 | Init Dist 10 = 12.806 | Init Dist 100 = 12.806 | Init Dist 1000 = 12.806 | Learner Steps = 10350 | Learner Walltime = 2016.390 | Min Dist = 0.043 | Min Dist 10 = 0.912 | Min Dist 100 = 1.123 | Min Dist 1000 = 1.176 | Steps Per Second = 79.503 | Success = 1.000 | Success 1000 = 0.856
I0502 15:39:54.030638 139579566835264 terminal.py:91] [Evaluator] Actor Episodes = 13453 | Actor Steps = 672650 | Delta Dist = 11.439 | Delta Dist 10 = 11.221 | Delta Dist 100 = 11.025 | Delta Dist 1000 = 10.896 | Episode Length = 50 | Episode Return = 15.0 | Evaluator Episodes = 3393 | Evaluator Steps = 169650 | Final Dist = 1.367 | Final Dist 10 = 1.585 | Final Dist 100 = 1.781 | Final Dist 1000 = 1.910 | Init Dist = 12.806 | Init Dist 10 = 12.806 | Init Dist 100 = 12.806 | Init Dist 1000 = 12.806 | Learner Steps = 10355 | Learner Walltime = 2017.427 | Min Dist = 0.052 | Min Dist 10 = 0.894 | Min Dist 100 = 1.020 | Min Dist 1000 = 1.175 | Steps Per Second = 81.186 | Success = 1.000 | Success 1000 = 0.856
I0502 15:39:55.144260 139579566835264 terminal.py:91] [Evaluator] Actor Episodes = 13461 | Actor Steps = 673050 | Delta Dist = 12.393 | Delta Dist 10 = 11.255 | Delta Dist 100 = 11.031 | Delta Dist 1000 = 10.896 | Episode Length = 50 | Episode Return = 18.0 | Evaluator Episodes = 3395 | Evaluator Steps = 169750 | Final Dist = 0.414 | Final Dist 10 = 1.551 | Final Dist 100 = 1.776 | Final Dist 1000 = 1.910 | Init Dist = 12.806 | Init Dist 10 = 12.806 | Init Dist 100 = 12.806 | Init Dist 1000 = 12.806 | Learner Steps = 10360 | Learner Walltime = 2018.538 | Min Dist = 0.103 | Min Dist 10 = 0.867 | Min Dist 100 = 1.018 | Min Dist 1000 = 1.175 | Steps Per Second = 92.057 | Success = 1.000 | Success 1000 = 0.856
I0502 15:39:55.437165 139558059398720 terminal.py:91] [Actor] Actor Episodes = 13467 | Actor Steps = 673350 | Delta Dist = 5.012 | Delta Dist 10 = 2.390 | Delta Dist 100 = 4.147 | Delta Dist 1000 = 4.205 | Episode Length = 50 | Episode Return = 50.0 | Evaluator Episodes = 3395 | Evaluator Steps = 169750 | Final Dist = 5.284 | Final Dist 10 = 1.674 | Final Dist 100 = 1.742 | Final Dist 1000 = 1.676 | Init Dist = 10.296 | Init Dist 10 = 4.064 | Init Dist 100 = 5.888 | Init Dist 1000 = 5.881 | Learner Steps = 10360 | Learner Walltime = 2018.538 | Min Dist = 0.166 | Min Dist 10 = 0.072 | Min Dist 100 = 0.128 | Min Dist 1000 = 0.233 | Steps Per Second = 118.646 | Success = 1.000 | Success 1000 = 0.985
I0502 15:39:55.991035 139569349502528 terminal.py:91] [Actor] Actor Episodes = 13466 | Actor Steps = 673300 | Delta Dist = 4.985 | Delta Dist 10 = 2.793 | Delta Dist 100 = 4.098 | Delta Dist 1000 = 4.202 | Episode Length = 50 | Episode Return = 41.0 | Evaluator Episodes = 3395 | Evaluator Steps = 169750 | Final Dist = 0.846 | Final Dist 10 = 1.783 | Final Dist 100 = 1.777 | Final Dist 1000 = 1.677 | Init Dist = 5.831 | Init Dist 10 = 4.576 | Init Dist 100 = 5.875 | Init Dist 1000 = 5.879 | Learner Steps = 10360 | Learner Walltime = 2018.538 | Min Dist = 0.029 | Min Dist 10 = 0.091 | Min Dist 100 = 0.130 | Min Dist 1000 = 0.232 | Steps Per Second = 88.151 | Success = 1.000 | Success 1000 = 0.985
I0502 15:39:56.633973 139579566835264 terminal.py:91] [Evaluator] Actor Episodes = 13475 | Actor Steps = 673750 | Delta Dist = 11.483 | Delta Dist 10 = 10.185 | Delta Dist 100 = 11.121 | Delta Dist 1000 = 10.888 | Episode Length = 50 | Episode Return = 10.0 | Evaluator Episodes = 3398 | Evaluator Steps = 169900 | Final Dist = 1.323 | Final Dist 10 = 2.621 | Final Dist 100 = 1.686 | Final Dist 1000 = 1.918 | Init Dist = 12.806 | Init Dist 10 = 12.806 | Init Dist 100 = 12.806 | Init Dist 1000 = 12.806 | Learner Steps = 10366 | Learner Walltime = 2019.729 | Min Dist = 0.406 | Min Dist 10 = 1.999 | Min Dist 100 = 0.928 | Min Dist 1000 = 1.184 | Steps Per Second = 90.153 | Success = 1.000 | Success 1000 = 0.856
I0502 15:39:56.786936 139555860620864 terminal.py:91] [Actor] Actor Episodes = 13470 | Actor Steps = 673500 | Delta Dist = 2.690 | Delta Dist 10 = 4.164 | Delta Dist 100 = 4.163 | Delta Dist 1000 = 4.205 | Episode Length = 50 | Episode Return = 49.0 | Evaluator Episodes = 3395 | Evaluator Steps = 169750 | Final Dist = 0.916 | Final Dist 10 = 1.514 | Final Dist 100 = 1.691 | Final Dist 1000 = 1.685 | Init Dist = 3.606 | Init Dist 10 = 5.678 | Init Dist 100 = 5.854 | Init Dist 1000 = 5.890 | Learner Steps = 10366 | Learner Walltime = 2019.729 | Min Dist = 0.103 | Min Dist 10 = 0.938 | Min Dist 100 = 0.216 | Min Dist 1000 = 0.241 | Steps Per Second = 84.095 | Success = 1.000 | Success 1000 = 0.985
I0502 15:39:57.086695 139557462840896 terminal.py:91] [Actor] Actor Episodes = 13472 | Actor Steps = 673600 | Delta Dist = 11.662 | Delta Dist 10 = 3.913 | Delta Dist 100 = 4.124 | Delta Dist 1000 = 4.197 | Episode Length = 50 | Episode Return = 38.0 | Evaluator Episodes = 3395 | Evaluator Steps = 169750 | Final Dist = 0.379 | Final Dist 10 = 1.587 | Final Dist 100 = 1.688 | Final Dist 1000 = 1.686 | Init Dist = 12.042 | Init Dist 10 = 5.500 | Init Dist 100 = 5.812 | Init Dist 1000 = 5.883 | Learner Steps = 10366 | Learner Walltime = 2019.729 | Min Dist = 0.030 | Min Dist 10 = 0.942 | Min Dist 100 = 0.216 | Min Dist 1000 = 0.241 | Steps Per Second = 73.380 | Success = 1.000 | Success 1000 = 0.985
I0502 15:39:57.814718 139579566835264 terminal.py:91] [Evaluator] Actor Episodes = 13479 | Actor Steps = 673950 | Delta Dist = 11.516 | Delta Dist 10 = 10.171 | Delta Dist 100 = 11.204 | Delta Dist 1000 = 10.888 | Episode Length = 50 | Episode Return = 20.0 | Evaluator Episodes = 3400 | Evaluator Steps = 170000 | Final Dist = 1.291 | Final Dist 10 = 2.636 | Final Dist 100 = 1.602 | Final Dist 1000 = 1.918 | Init Dist = 12.806 | Init Dist 10 = 12.806 | Init Dist 100 = 12.806 | Init Dist 1000 = 12.806 | Learner Steps = 10372 | Learner Walltime = 2020.913 | Min Dist = 0.182 | Min Dist 10 = 1.985 | Min Dist 100 = 0.831 | Min Dist 1000 = 1.183 | Steps Per Second = 82.605 | Success = 1.000 | Success 1000 = 0.857
I0502 15:39:58.257224 139555013154368 terminal.py:91] [Learner] Actor Episodes = 13483 | Actor Loss = 3.5947299003601074 | Actor Steps = 674150 | Binary Accuracy = 0.9960422515869141 | Categorical Accuracy = 0.4173583984375 | Critic Loss = 1.9644529819488525 | Entropy Mean = -20.24433135986328 | Evaluator Episodes = 3400 | Evaluator Steps = 170000 | Learner Steps = 10381 | Learner Walltime = 2022.454 | Logits Neg = -15.859904289245605 | Logits Pos = -1.9285441637039185 | Logsumexp = 1.1968512535095215 | Steps Per Second = 772.281
I0502 15:39:58.408173 139584504182336 lp_utils.py:96] StepsLimiter: Reached 674150 recorded steps
I0502 15:39:58.880578 139579566835264 terminal.py:91] [Evaluator] Actor Episodes = 13487 | Actor Steps = 674350 | Delta Dist = 11.776 | Delta Dist 10 = 10.758 | Delta Dist 100 = 11.186 | Delta Dist 1000 = 10.887 | Episode Length = 50 | Episode Return = 6.0 | Evaluator Episodes = 3402 | Evaluator Steps = 170100 | Final Dist = 1.031 | Final Dist 10 = 2.048 | Final Dist 100 = 1.620 | Final Dist 1000 = 1.919 | Init Dist = 12.806 | Init Dist 10 = 12.806 | Init Dist 100 = 12.806 | Init Dist 1000 = 12.806 | Learner Steps = 10379 | Learner Walltime = 2022.199 | Min Dist = 0.099 | Min Dist 10 = 1.309 | Min Dist 100 = 0.831 | Min Dist 1000 = 1.183 | Steps Per Second = 91.737 | Success = 1.000 | Success 1000 = 0.857
I0502 15:39:59.913158 139579566835264 terminal.py:91] [Evaluator] Actor Episodes = 13495 | Actor Steps = 674750 | Delta Dist = 11.232 | Delta Dist 10 = 10.769 | Delta Dist 100 = 11.187 | Delta Dist 1000 = 10.890 | Episode Length = 50 | Episode Return = 8.0 | Evaluator Episodes = 3404 | Evaluator Steps = 170200 | Final Dist = 1.574 | Final Dist 10 = 2.037 | Final Dist 100 = 1.619 | Final Dist 1000 = 1.916 | Init Dist = 12.806 | Init Dist 10 = 12.806 | Init Dist 100 = 12.806 | Init Dist 1000 = 12.806 | Learner Steps = 10385 | Learner Walltime = 2023.425 | Min Dist = 0.313 | Min Dist 10 = 1.309 | Min Dist 100 = 0.827 | Min Dist 1000 = 1.179 | Steps Per Second = 95.354 | Success = 1.000 | Success 1000 = 0.858
I0502 15:40:01.089291 139579566835264 terminal.py:91] [Evaluator] Actor Episodes = 13499 | Actor Steps = 674950 | Delta Dist = 11.421 | Delta Dist 10 = 10.525 | Delta Dist 100 = 11.186 | Delta Dist 1000 = 10.889 | Episode Length = 50 | Episode Return = 4.0 | Evaluator Episodes = 3406 | Evaluator Steps = 170300 | Final Dist = 1.385 | Final Dist 10 = 2.281 | Final Dist 100 = 1.620 | Final Dist 1000 = 1.918 | Init Dist = 12.806 | Init Dist 10 = 12.806 | Init Dist 100 = 12.806 | Init Dist 1000 = 12.806 | Learner Steps = 10392 | Learner Walltime = 2024.516 | Min Dist = 0.248 | Min Dist 10 = 1.346 | Min Dist 100 = 0.828 | Min Dist 1000 = 1.179 | Steps Per Second = 89.385 | Success = 1.000 | Success 1000 = 0.858
I0502 15:40:02.245427 139579566835264 terminal.py:91] [Evaluator] Actor Episodes = 13509 | Actor Steps = 675450 | Delta Dist = 11.675 | Delta Dist 10 = 11.242 | Delta Dist 100 = 11.146 | Delta Dist 1000 = 10.885 | Episode Length = 50 | Episode Return = 21.0 | Evaluator Episodes = 3408 | Evaluator Steps = 170400 | Final Dist = 1.132 | Final Dist 10 = 1.564 | Final Dist 100 = 1.660 | Final Dist 1000 = 1.921 | Init Dist = 12.806 | Init Dist 10 = 12.806 | Init Dist 100 = 12.806 | Init Dist 1000 = 12.806 | Learner Steps = 10398 | Learner Walltime = 2025.699 | Min Dist = 0.152 | Min Dist 10 = 0.667 | Min Dist 100 = 0.873 | Min Dist 1000 = 1.183 | Steps Per Second = 89.121 | Success = 1.000 | Success 1000 = 0.857
I0502 15:40:03.426630 139579566835264 terminal.py:91] [Evaluator] Actor Episodes = 13515 | Actor Steps = 675750 | Delta Dist = 12.220 | Delta Dist 10 = 11.196 | Delta Dist 100 = 11.146 | Delta Dist 1000 = 10.885 | Episode Length = 50 | Episode Return = 8.0 | Evaluator Episodes = 3410 | Evaluator Steps = 170500 | Final Dist = 0.586 | Final Dist 10 = 1.610 | Final Dist 100 = 1.660 | Final Dist 1000 = 1.922 | Init Dist = 12.806 | Init Dist 10 = 12.806 | Init Dist 100 = 12.806 | Init Dist 1000 = 12.806 | Learner Steps = 10404 | Learner Walltime = 2026.897 | Min Dist = 0.301 | Min Dist 10 = 0.629 | Min Dist 100 = 0.875 | Min Dist 1000 = 1.184 | Steps Per Second = 88.150 | Success = 1.000 | Success 1000 = 0.857
I0502 15:40:04.590814 139579566835264 terminal.py:91] [Evaluator] Actor Episodes = 13523 | Actor Steps = 676150 | Delta Dist = 11.562 | Delta Dist 10 = 11.277 | Delta Dist 100 = 11.158 | Delta Dist 1000 = 10.891 | Episode Length = 50 | Episode Return = 6.0 | Evaluator Episodes = 3412 | Evaluator Steps = 170600 | Final Dist = 1.244 | Final Dist 10 = 1.529 | Final Dist 100 = 1.649 | Final Dist 1000 = 1.915 | Init Dist = 12.806 | Init Dist 10 = 12.806 | Init Dist 100 = 12.806 | Init Dist 1000 = 12.806 | Learner Steps = 10410 | Learner Walltime = 2028.160 | Min Dist = 0.433 | Min Dist 10 = 0.633 | Min Dist 100 = 0.872 | Min Dist 1000 = 1.178 | Steps Per Second = 86.357 | Success = 1.000 | Success 1000 = 0.858
I0502 15:40:05.703889 139558059398720 terminal.py:91] [Actor] Actor Episodes = 13530 | Actor Steps = 676500 | Delta Dist = 6.102 | Delta Dist 10 = 6.287 | Delta Dist 100 = 4.532 | Delta Dist 1000 = 4.245 | Episode Length = 50 | Episode Return = 17.0 | Evaluator Episodes = 3412 | Evaluator Steps = 170600 | Final Dist = 0.301 | Final Dist 10 = 0.508 | Final Dist 100 = 1.494 | Final Dist 1000 = 1.658 | Init Dist = 6.403 | Init Dist 10 = 6.796 | Init Dist 100 = 6.026 | Init Dist 1000 = 5.904 | Learner Steps = 10410 | Learner Walltime = 2028.160 | Min Dist = 0.301 | Min Dist 10 = 0.080 | Min Dist 100 = 0.219 | Min Dist 1000 = 0.245 | Steps Per Second = 79.054 | Success = 1.000 | Success 1000 = 0.985
I0502 15:40:05.724616 139579566835264 terminal.py:91] [Evaluator] Actor Episodes = 13531 | Actor Steps = 676550 | Delta Dist = 11.401 | Delta Dist 10 = 11.254 | Delta Dist 100 = 11.145 | Delta Dist 1000 = 10.896 | Episode Length = 50 | Episode Return = 3.0 | Evaluator Episodes = 3414 | Evaluator Steps = 170700 | Final Dist = 1.405 | Final Dist 10 = 1.552 | Final Dist 100 = 1.661 | Final Dist 1000 = 1.910 | Init Dist = 12.806 | Init Dist 10 = 12.806 | Init Dist 100 = 12.806 | Init Dist 1000 = 12.806 | Learner Steps = 10417 | Learner Walltime = 2029.393 | Min Dist = 0.638 | Min Dist 10 = 0.674 | Min Dist 100 = 0.876 | Min Dist 1000 = 1.172 | Steps Per Second = 98.753 | Success = 1.000 | Success 1000 = 0.859
I0502 15:40:06.518995 139569349502528 terminal.py:91] [Actor] Actor Episodes = 13539 | Actor Steps = 676950 | Delta Dist = 2.269 | Delta Dist 10 = 3.557 | Delta Dist 100 = 4.356 | Delta Dist 1000 = 4.223 | Episode Length = 50 | Episode Return = 4.0 | Evaluator Episodes = 3414 | Evaluator Steps = 170700 | Final Dist = 0.893 | Final Dist 10 = 1.871 | Final Dist 100 = 1.484 | Final Dist 1000 = 1.668 | Init Dist = 3.162 | Init Dist 10 = 5.428 | Init Dist 100 = 5.840 | Init Dist 1000 = 5.891 | Learner Steps = 10423 | Learner Walltime = 2030.419 | Min Dist = 0.208 | Min Dist 10 = 0.605 | Min Dist 100 = 0.269 | Min Dist 1000 = 0.250 | Steps Per Second = 84.077 | Success = 1.000 | Success 1000 = 0.983
I0502 15:40:06.828423 139579566835264 terminal.py:91] [Evaluator] Actor Episodes = 13539 | Actor Steps = 676950 | Delta Dist = 12.664 | Delta Dist 10 = 10.945 | Delta Dist 100 = 11.190 | Delta Dist 1000 = 10.893 | Episode Length = 50 | Episode Return = 22.0 | Evaluator Episodes = 3416 | Evaluator Steps = 170800 | Final Dist = 0.142 | Final Dist 10 = 1.861 | Final Dist 100 = 1.617 | Final Dist 1000 = 1.913 | Init Dist = 12.806 | Init Dist 10 = 12.806 | Init Dist 100 = 12.806 | Init Dist 1000 = 12.806 | Learner Steps = 10423 | Learner Walltime = 2030.419 | Min Dist = 0.034 | Min Dist 10 = 1.144 | Min Dist 100 = 0.825 | Min Dist 1000 = 1.175 | Steps Per Second = 88.396 | Success = 1.000 | Success 1000 = 0.859
I0502 15:40:07.078425 139555860620864 terminal.py:91] [Actor] Actor Episodes = 13543 | Actor Steps = 677150 | Delta Dist = 5.881 | Delta Dist 10 = 2.538 | Delta Dist 100 = 4.384 | Delta Dist 1000 = 4.221 | Episode Length = 50 | Episode Return = 43.0 | Evaluator Episodes = 3416 | Evaluator Steps = 170800 | Final Dist = 0.202 | Final Dist 10 = 1.913 | Final Dist 100 = 1.462 | Final Dist 1000 = 1.668 | Init Dist = 6.083 | Init Dist 10 = 4.451 | Init Dist 100 = 5.846 | Init Dist 1000 = 5.889 | Learner Steps = 10423 | Learner Walltime = 2030.419 | Min Dist = 0.123 | Min Dist 10 = 0.596 | Min Dist 100 = 0.272 | Min Dist 1000 = 0.250 | Steps Per Second = 83.648 | Success = 1.000 | Success 1000 = 0.983
I0502 15:40:07.668073 139557462840896 terminal.py:91] [Actor] Actor Episodes = 13542 | Actor Steps = 677100 | Delta Dist = 9.071 | Delta Dist 10 = 3.709 | Delta Dist 100 = 4.264 | Delta Dist 1000 = 4.208 | Episode Length = 50 | Episode Return = 45.0 | Evaluator Episodes = 3416 | Evaluator Steps = 170800 | Final Dist = 0.929 | Final Dist 10 = 0.915 | Final Dist 100 = 1.473 | Final Dist 1000 = 1.668 | Init Dist = 10.000 | Init Dist 10 = 4.624 | Init Dist 100 = 5.737 | Init Dist 1000 = 5.876 | Learner Steps = 10423 | Learner Walltime = 2030.419 | Min Dist = 0.028 | Min Dist 10 = 0.099 | Min Dist 100 = 0.272 | Min Dist 1000 = 0.250 | Steps Per Second = 82.058 | Success = 1.000 | Success 1000 = 0.983
I0502 15:40:07.991816 139579566835264 terminal.py:91] [Evaluator] Actor Episodes = 13547 | Actor Steps = 677350 | Delta Dist = 11.462 | Delta Dist 10 = 11.386 | Delta Dist 100 = 11.193 | Delta Dist 1000 = 10.895 | Episode Length = 50 | Episode Return = 9.0 | Evaluator Episodes = 3418 | Evaluator Steps = 170900 | Final Dist = 1.344 | Final Dist 10 = 1.421 | Final Dist 100 = 1.613 | Final Dist 1000 = 1.912 | Init Dist = 12.806 | Init Dist 10 = 12.806 | Init Dist 100 = 12.806 | Init Dist 1000 = 12.806 | Learner Steps = 10428 | Learner Walltime = 2031.484 | Min Dist = 0.277 | Min Dist 10 = 0.692 | Min Dist 100 = 0.824 | Min Dist 1000 = 1.175 | Steps Per Second = 80.306 | Success = 1.000 | Success 1000 = 0.859
I0502 15:40:08.286618 139555013154368 terminal.py:91] [Learner] Actor Episodes = 13543 | Actor Loss = 3.6860506534576416 | Actor Steps = 677150 | Binary Accuracy = 0.9961144924163818 | Categorical Accuracy = 0.43585205078125 | Critic Loss = 1.8692796230316162 | Entropy Mean = -19.62862777709961 | Evaluator Episodes = 3416 | Evaluator Steps = 170800 | Learner Steps = 10433 | Learner Walltime = 2032.481 | Logits Neg = -16.47036361694336 | Logits Pos = -1.8742305040359497 | Logsumexp = 1.1352670192718506 | Steps Per Second = 331.038
I0502 15:40:08.422565 139584504182336 lp_utils.py:96] StepsLimiter: Reached 677550 recorded steps
I0502 15:40:09.035737 139579566835264 terminal.py:91] [Evaluator] Actor Episodes = 13555 | Actor Steps = 677750 | Delta Dist = 1.101 | Delta Dist 10 = 11.472 | Delta Dist 100 = 11.273 | Delta Dist 1000 = 10.895 | Episode Length = 50 | Episode Return = 0.0 | Evaluator Episodes = 3420 | Evaluator Steps = 171000 | Final Dist = 11.705 | Final Dist 10 = 1.334 | Final Dist 100 = 1.533 | Final Dist 1000 = 1.912 | Init Dist = 12.806 | Init Dist 10 = 12.806 | Init Dist 100 = 12.806 | Init Dist 1000 = 12.806 | Learner Steps = 10434 | Learner Walltime = 2032.560 | Min Dist = 10.893 | Min Dist 10 = 0.683 | Min Dist 100 = 0.748 | Min Dist 1000 = 1.174 | Steps Per Second = 110.944 | Success = 0.000 | Success 1000 = 0.859
I0502 15:40:10.259509 139579566835264 terminal.py:91] [Evaluator] Actor Episodes = 13563 | Actor Steps = 678150 | Delta Dist = 11.662 | Delta Dist 10 = 9.901 | Delta Dist 100 = 11.116 | Delta Dist 1000 = 10.880 | Episode Length = 50 | Episode Return = 6.0 | Evaluator Episodes = 3422 | Evaluator Steps = 171100 | Final Dist = 1.145 | Final Dist 10 = 2.905 | Final Dist 100 = 1.690 | Final Dist 1000 = 1.926 | Init Dist = 12.806 | Init Dist 10 = 12.806 | Init Dist 100 = 12.806 | Init Dist 1000 = 12.806 | Learner Steps = 10440 | Learner Walltime = 2033.733 | Min Dist = 0.261 | Min Dist 10 = 2.318 | Min Dist 100 = 0.905 | Min Dist 1000 = 1.190 | Steps Per Second = 81.210 | Success = 1.000 | Success 1000 = 0.857
I0502 15:40:11.472636 139579566835264 terminal.py:91] [Evaluator] Actor Episodes = 13571 | Actor Steps = 678550 | Delta Dist = 1.160 | Delta Dist 10 = 9.967 | Delta Dist 100 = 11.128 | Delta Dist 1000 = 10.880 | Episode Length = 50 | Episode Return = 0.0 | Evaluator Episodes = 3424 | Evaluator Steps = 171200 | Final Dist = 11.646 | Final Dist 10 = 2.839 | Final Dist 100 = 1.678 | Final Dist 1000 = 1.926 | Init Dist = 12.806 | Init Dist 10 = 12.806 | Init Dist 100 = 12.806 | Init Dist 1000 = 12.806 | Learner Steps = 10445 | Learner Walltime = 2034.855 | Min Dist = 10.964 | Min Dist 10 = 2.308 | Min Dist 100 = 0.905 | Min Dist 1000 = 1.191 | Steps Per Second = 84.852 | Success = 0.000 | Success 1000 = 0.857
I0502 15:40:12.634986 139579566835264 terminal.py:91] [Evaluator] Actor Episodes = 13579 | Actor Steps = 678950 | Delta Dist = 11.422 | Delta Dist 10 = 9.335 | Delta Dist 100 = 11.035 | Delta Dist 1000 = 10.870 | Episode Length = 50 | Episode Return = 20.0 | Evaluator Episodes = 3426 | Evaluator Steps = 171300 | Final Dist = 1.384 | Final Dist 10 = 3.472 | Final Dist 100 = 1.771 | Final Dist 1000 = 1.936 | Init Dist = 12.806 | Init Dist 10 = 12.806 | Init Dist 100 = 12.806 | Init Dist 1000 = 12.806 | Learner Steps = 10451 | Learner Walltime = 2036.180 | Min Dist = 0.190 | Min Dist 10 = 2.947 | Min Dist 100 = 1.017 | Min Dist 1000 = 1.201 | Steps Per Second = 90.595 | Success = 1.000 | Success 1000 = 0.856
I0502 15:40:14.014117 139579566835264 terminal.py:91] [Evaluator] Actor Episodes = 13587 | Actor Steps = 679350 | Delta Dist = 12.573 | Delta Dist 10 = 9.023 | Delta Dist 100 = 11.011 | Delta Dist 1000 = 10.877 | Episode Length = 50 | Episode Return = 16.0 | Evaluator Episodes = 3428 | Evaluator Steps = 171400 | Final Dist = 0.233 | Final Dist 10 = 3.784 | Final Dist 100 = 1.795 | Final Dist 1000 = 1.929 | Init Dist = 12.806 | Init Dist 10 = 12.806 | Init Dist 100 = 12.806 | Init Dist 1000 = 12.806 | Learner Steps = 10457 | Learner Walltime = 2037.368 | Min Dist = 0.159 | Min Dist 10 = 3.265 | Min Dist 100 = 1.047 | Min Dist 1000 = 1.194 | Steps Per Second = 77.439 | Success = 1.000 | Success 1000 = 0.856
I0502 15:40:15.212574 139579566835264 terminal.py:91] [Evaluator] Actor Episodes = 13595 | Actor Steps = 679750 | Delta Dist = 11.749 | Delta Dist 10 = 8.497 | Delta Dist 100 = 10.957 | Delta Dist 1000 = 10.872 | Episode Length = 50 | Episode Return = 12.0 | Evaluator Episodes = 3430 | Evaluator Steps = 171500 | Final Dist = 1.057 | Final Dist 10 = 4.309 | Final Dist 100 = 1.849 | Final Dist 1000 = 1.934 | Init Dist = 12.806 | Init Dist 10 = 12.806 | Init Dist 100 = 12.806 | Init Dist 1000 = 12.806 | Learner Steps = 10464 | Learner Walltime = 2038.694 | Min Dist = 0.016 | Min Dist 10 = 3.925 | Min Dist 100 = 1.115 | Min Dist 1000 = 1.200 | Steps Per Second = 79.435 | Success = 1.000 | Success 1000 = 0.856
I0502 15:40:16.215031 139558059398720 terminal.py:91] [Actor] Actor Episodes = 13601 | Actor Steps = 680050 | Delta Dist = 0.263 | Delta Dist 10 = 2.908 | Delta Dist 100 = 4.639 | Delta Dist 1000 = 4.239 | Episode Length = 50 | Episode Return = 21.0 | Evaluator Episodes = 3430 | Evaluator Steps = 171500 | Final Dist = 1.151 | Final Dist 10 = 2.354 | Final Dist 100 = 1.843 | Final Dist 1000 = 1.682 | Init Dist = 1.414 | Init Dist 10 = 5.261 | Init Dist 100 = 6.481 | Init Dist 1000 = 5.921 | Learner Steps = 10470 | Learner Walltime = 2039.905 | Min Dist = 0.016 | Min Dist 10 = 1.015 | Min Dist 100 = 0.328 | Min Dist 1000 = 0.262 | Steps Per Second = 80.741 | Success = 1.000 | Success 1000 = 0.981
I0502 15:40:16.370310 139579566835264 terminal.py:91] [Evaluator] Actor Episodes = 13603 | Actor Steps = 680150 | Delta Dist = 11.619 | Delta Dist 10 = 10.114 | Delta Dist 100 = 10.960 | Delta Dist 1000 = 10.889 | Episode Length = 50 | Episode Return = 14.0 | Evaluator Episodes = 3432 | Evaluator Steps = 171600 | Final Dist = 1.188 | Final Dist 10 = 2.693 | Final Dist 100 = 1.847 | Final Dist 1000 = 1.917 | Init Dist = 12.806 | Init Dist 10 = 12.806 | Init Dist 100 = 12.806 | Init Dist 1000 = 12.806 | Learner Steps = 10470 | Learner Walltime = 2039.905 | Min Dist = 0.095 | Min Dist 10 = 2.253 | Min Dist 100 = 1.112 | Min Dist 1000 = 1.183 | Steps Per Second = 86.884 | Success = 1.000 | Success 1000 = 0.858
I0502 15:40:16.828262 139569349502528 terminal.py:91] [Actor] Actor Episodes = 13604 | Actor Steps = 680200 | Delta Dist = 0.793 | Delta Dist 10 = 2.790 | Delta Dist 100 = 4.372 | Delta Dist 1000 = 4.219 | Episode Length = 50 | Episode Return = 25.0 | Evaluator Episodes = 3430 | Evaluator Steps = 171500 | Final Dist = 0.207 | Final Dist 10 = 2.400 | Final Dist 100 = 1.835 | Final Dist 1000 = 1.692 | Init Dist = 1.000 | Init Dist 10 = 5.190 | Init Dist 100 = 6.207 | Init Dist 1000 = 5.912 | Learner Steps = 10470 | Learner Walltime = 2039.905 | Min Dist = 0.200 | Min Dist 10 = 1.825 | Min Dist 100 = 0.412 | Min Dist 1000 = 0.270 | Steps Per Second = 87.330 | Success = 1.000 | Success 1000 = 0.980
I0502 15:40:17.387553 139555860620864 terminal.py:91] [Actor] Actor Episodes = 13606 | Actor Steps = 680300 | Delta Dist = 11.545 | Delta Dist 10 = 2.591 | Delta Dist 100 = 4.265 | Delta Dist 1000 = 4.209 | Episode Length = 50 | Episode Return = 39.0 | Evaluator Episodes = 3432 | Evaluator Steps = 171600 | Final Dist = 0.117 | Final Dist 10 = 1.609 | Final Dist 100 = 1.836 | Final Dist 1000 = 1.693 | Init Dist = 11.662 | Init Dist 10 = 4.200 | Init Dist 100 = 6.101 | Init Dist 1000 = 5.902 | Learner Steps = 10470 | Learner Walltime = 2039.905 | Min Dist = 0.117 | Min Dist 10 = 1.086 | Min Dist 100 = 0.409 | Min Dist 1000 = 0.270 | Steps Per Second = 85.887 | Success = 1.000 | Success 1000 = 0.980
I0502 15:40:17.511271 139579566835264 terminal.py:91] [Evaluator] Actor Episodes = 13611 | Actor Steps = 680550 | Delta Dist = 11.750 | Delta Dist 10 = 10.077 | Delta Dist 100 = 10.951 | Delta Dist 1000 = 10.891 | Episode Length = 50 | Episode Return = 16.0 | Evaluator Episodes = 3434 | Evaluator Steps = 171700 | Final Dist = 1.056 | Final Dist 10 = 2.730 | Final Dist 100 = 1.855 | Final Dist 1000 = 1.916 | Init Dist = 12.806 | Init Dist 10 = 12.806 | Init Dist 100 = 12.806 | Init Dist 1000 = 12.806 | Learner Steps = 10476 | Learner Walltime = 2041.104 | Min Dist = 0.183 | Min Dist 10 = 2.236 | Min Dist 100 = 1.113 | Min Dist 1000 = 1.181 | Steps Per Second = 95.363 | Success = 1.000 | Success 1000 = 0.859
I0502 15:40:17.760773 139557462840896 terminal.py:91] [Actor] Actor Episodes = 13609 | Actor Steps = 680450 | Delta Dist = 9.586 | Delta Dist 10 = 3.226 | Delta Dist 100 = 4.267 | Delta Dist 1000 = 4.207 | Episode Length = 50 | Episode Return = 18.0 | Evaluator Episodes = 3432 | Evaluator Steps = 171600 | Final Dist = 1.185 | Final Dist 10 = 1.930 | Final Dist 100 = 1.811 | Final Dist 1000 = 1.696 | Init Dist = 10.770 | Init Dist 10 = 5.156 | Init Dist 100 = 6.078 | Init Dist 1000 = 5.902 | Learner Steps = 10470 | Learner Walltime = 2039.905 | Min Dist = 0.002 | Min Dist 10 = 0.925 | Min Dist 100 = 0.411 | Min Dist 1000 = 0.271 | Steps Per Second = 91.620 | Success = 1.000 | Success 1000 = 0.980
I0502 15:40:18.439894 139584504182336 lp_utils.py:96] StepsLimiter: Reached 680800 recorded steps
I0502 15:40:18.574411 139555013154368 terminal.py:91] [Learner] Actor Episodes = 13613 | Actor Loss = 3.4832401275634766 | Actor Steps = 680650 | Binary Accuracy = 0.996068000793457 | Categorical Accuracy = 0.4298095703125 | Critic Loss = 1.9227535724639893 | Entropy Mean = -18.20595932006836 | Evaluator Episodes = 3434 | Evaluator Steps = 171700 | Learner Steps = 10486 | Learner Walltime = 2042.770 | Logits Neg = -16.1879825592041 | Logits Pos = -1.9045827388763428 | Logsumexp = 1.278397798538208 | Steps Per Second = 195.064
I0502 15:40:18.599599 139579566835264 terminal.py:91] [Evaluator] Actor Episodes = 13620 | Actor Steps = 681000 | Delta Dist = 1.759 | Delta Dist 10 = 10.009 | Delta Dist 100 = 10.837 | Delta Dist 1000 = 10.880 | Episode Length = 50 | Episode Return = 0.0 | Evaluator Episodes = 3436 | Evaluator Steps = 171800 | Final Dist = 11.047 | Final Dist 10 = 2.797 | Final Dist 100 = 1.969 | Final Dist 1000 = 1.926 | Init Dist = 12.806 | Init Dist 10 = 12.806 | Init Dist 100 = 12.806 | Init Dist 1000 = 12.806 | Learner Steps = 10483 | Learner Walltime = 2042.321 | Min Dist = 10.871 | Min Dist 10 = 2.157 | Min Dist 100 = 1.218 | Min Dist 1000 = 1.191 | Steps Per Second = 92.270 | Success = 0.000 | Success 1000 = 0.858
I0502 15:40:19.778306 139579566835264 terminal.py:91] [Evaluator] Actor Episodes = 13626 | Actor Steps = 681300 | Delta Dist = 12.628 | Delta Dist 10 = 8.085 | Delta Dist 100 = 10.617 | Delta Dist 1000 = 10.866 | Episode Length = 50 | Episode Return = 18.0 | Evaluator Episodes = 3438 | Evaluator Steps = 171900 | Final Dist = 0.178 | Final Dist 10 = 4.721 | Final Dist 100 = 2.189 | Final Dist 1000 = 1.941 | Init Dist = 12.806 | Init Dist 10 = 12.806 | Init Dist 100 = 12.806 | Init Dist 1000 = 12.806 | Learner Steps = 10489 | Learner Walltime = 2043.367 | Min Dist = 0.127 | Min Dist 10 = 3.924 | Min Dist 100 = 1.427 | Min Dist 1000 = 1.206 | Steps Per Second = 80.007 | Success = 1.000 | Success 1000 = 0.857
I0502 15:40:21.013753 139579566835264 terminal.py:91] [Evaluator] Actor Episodes = 13634 | Actor Steps = 681700 | Delta Dist = 11.443 | Delta Dist 10 = 8.652 | Delta Dist 100 = 10.624 | Delta Dist 1000 = 10.867 | Episode Length = 50 | Episode Return = 13.0 | Evaluator Episodes = 3440 | Evaluator Steps = 172000 | Final Dist = 1.363 | Final Dist 10 = 4.154 | Final Dist 100 = 2.182 | Final Dist 1000 = 1.940 | Init Dist = 12.806 | Init Dist 10 = 12.806 | Init Dist 100 = 12.806 | Init Dist 1000 = 12.806 | Learner Steps = 10495 | Learner Walltime = 2044.537 | Min Dist = 0.076 | Min Dist 10 = 3.258 | Min Dist 100 = 1.427 | Min Dist 1000 = 1.206 | Steps Per Second = 76.189 | Success = 1.000 | Success 1000 = 0.857
I0502 15:40:22.219165 139579566835264 terminal.py:91] [Evaluator] Actor Episodes = 13642 | Actor Steps = 682100 | Delta Dist = 11.286 | Delta Dist 10 = 8.599 | Delta Dist 100 = 10.626 | Delta Dist 1000 = 10.877 | Episode Length = 50 | Episode Return = 18.0 | Evaluator Episodes = 3442 | Evaluator Steps = 172100 | Final Dist = 1.520 | Final Dist 10 = 4.207 | Final Dist 100 = 2.180 | Final Dist 1000 = 1.929 | Init Dist = 12.806 | Init Dist 10 = 12.806 | Init Dist 100 = 12.806 | Init Dist 1000 = 12.806 | Learner Steps = 10501 | Learner Walltime = 2045.781 | Min Dist = 0.145 | Min Dist 10 = 3.276 | Min Dist 100 = 1.425 | Min Dist 1000 = 1.196 | Steps Per Second = 79.426 | Success = 1.000 | Success 1000 = 0.858
I0502 15:40:23.350678 139579566835264 terminal.py:91] [Evaluator] Actor Episodes = 13652 | Actor Steps = 682600 | Delta Dist = 11.502 | Delta Dist 10 = 8.575 | Delta Dist 100 = 10.625 | Delta Dist 1000 = 10.886 | Episode Length = 50 | Episode Return = 6.0 | Evaluator Episodes = 3444 | Evaluator Steps = 172200 | Final Dist = 1.304 | Final Dist 10 = 4.231 | Final Dist 100 = 2.181 | Final Dist 1000 = 1.920 | Init Dist = 12.806 | Init Dist 10 = 12.806 | Init Dist 100 = 12.806 | Init Dist 1000 = 12.806 | Learner Steps = 10508 | Learner Walltime = 2047.096 | Min Dist = 0.317 | Min Dist 10 = 3.283 | Min Dist 100 = 1.425 | Min Dist 1000 = 1.185 | Steps Per Second = 90.499 | Success = 1.000 | Success 1000 = 0.859
I0502 15:40:24.463531 139579566835264 terminal.py:91] [Evaluator] Actor Episodes = 13656 | Actor Steps = 682800 | Delta Dist = 12.333 | Delta Dist 10 = 9.605 | Delta Dist 100 = 10.613 | Delta Dist 1000 = 10.901 | Episode Length = 50 | Episode Return = 8.0 | Evaluator Episodes = 3446 | Evaluator Steps = 172300 | Final Dist = 0.473 | Final Dist 10 = 3.201 | Final Dist 100 = 2.193 | Final Dist 1000 = 1.906 | Init Dist = 12.806 | Init Dist 10 = 12.806 | Init Dist 100 = 12.806 | Init Dist 1000 = 12.806 | Learner Steps = 10514 | Learner Walltime = 2048.201 | Min Dist = 0.139 | Min Dist 10 = 2.259 | Min Dist 100 = 1.428 | Min Dist 1000 = 1.171 | Steps Per Second = 91.946 | Success = 1.000 | Success 1000 = 0.861
I0502 15:40:25.720315 139579566835264 terminal.py:91] [Evaluator] Actor Episodes = 13666 | Actor Steps = 683300 | Delta Dist = 6.709 | Delta Dist 10 = 11.321 | Delta Dist 100 = 10.553 | Delta Dist 1000 = 10.900 | Episode Length = 50 | Episode Return = 0.0 | Evaluator Episodes = 3448 | Evaluator Steps = 172400 | Final Dist = 6.097 | Final Dist 10 = 1.485 | Final Dist 100 = 2.254 | Final Dist 1000 = 1.906 | Init Dist = 12.806 | Init Dist 10 = 12.806 | Init Dist 100 = 12.806 | Init Dist 1000 = 12.806 | Learner Steps = 10520 | Learner Walltime = 2049.467 | Min Dist = 6.097 | Min Dist 10 = 0.786 | Min Dist 100 = 1.490 | Min Dist 1000 = 1.173 | Steps Per Second = 77.533 | Success = 0.000 | Success 1000 = 0.861
I0502 15:40:26.237293 139558059398720 terminal.py:91] [Actor] Actor Episodes = 13667 | Actor Steps = 683350 | Delta Dist = 10.566 | Delta Dist 10 = 3.800 | Delta Dist 100 = 3.752 | Delta Dist 1000 = 4.204 | Episode Length = 50 | Episode Return = 23.0 | Evaluator Episodes = 3446 | Evaluator Steps = 172300 | Final Dist = 0.064 | Final Dist 10 = 1.240 | Final Dist 100 = 1.968 | Final Dist 1000 = 1.688 | Init Dist = 10.630 | Init Dist 10 = 5.040 | Init Dist 100 = 5.720 | Init Dist 1000 = 5.893 | Learner Steps = 10520 | Learner Walltime = 2049.467 | Min Dist = 0.058 | Min Dist 10 = 0.075 | Min Dist 100 = 0.394 | Min Dist 1000 = 0.270 | Steps Per Second = 85.357 | Success = 1.000 | Success 1000 = 0.981
I0502 15:40:26.959928 139579566835264 terminal.py:91] [Evaluator] Actor Episodes = 13674 | Actor Steps = 683700 | Delta Dist = 12.418 | Delta Dist 10 = 10.795 | Delta Dist 100 = 10.628 | Delta Dist 1000 = 10.902 | Episode Length = 50 | Episode Return = 25.0 | Evaluator Episodes = 3450 | Evaluator Steps = 172500 | Final Dist = 0.388 | Final Dist 10 = 2.012 | Final Dist 100 = 2.179 | Final Dist 1000 = 1.905 | Init Dist = 12.806 | Init Dist 10 = 12.806 | Init Dist 100 = 12.806 | Init Dist 1000 = 12.806 | Learner Steps = 10527 | Learner Walltime = 2050.553 | Min Dist = 0.280 | Min Dist 10 = 1.372 | Min Dist 100 = 1.438 | Min Dist 1000 = 1.172 | Steps Per Second = 78.498 | Success = 1.000 | Success 1000 = 0.861
I0502 15:40:27.062071 139569349502528 terminal.py:91] [Actor] Actor Episodes = 13676 | Actor Steps = 683800 | Delta Dist = 5.821 | Delta Dist 10 = 4.526 | Delta Dist 100 = 3.806 | Delta Dist 1000 = 4.219 | Episode Length = 50 | Episode Return = 37.0 | Evaluator Episodes = 3450 | Evaluator Steps = 172500 | Final Dist = 0.504 | Final Dist 10 = 0.845 | Final Dist 100 = 1.841 | Final Dist 1000 = 1.684 | Init Dist = 6.325 | Init Dist 10 = 5.371 | Init Dist 100 = 5.646 | Init Dist 1000 = 5.904 | Learner Steps = 10527 | Learner Walltime = 2050.553 | Min Dist = 0.070 | Min Dist 10 = 0.046 | Min Dist 100 = 0.393 | Min Dist 1000 = 0.267 | Steps Per Second = 78.069 | Success = 1.000 | Success 1000 = 0.981
I0502 15:40:27.809645 139555860620864 terminal.py:91] [Actor] Actor Episodes = 13678 | Actor Steps = 683900 | Delta Dist = 3.891 | Delta Dist 10 = 6.034 | Delta Dist 100 = 3.937 | Delta Dist 1000 = 4.231 | Episode Length = 50 | Episode Return = 0.0 | Evaluator Episodes = 3450 | Evaluator Steps = 172500 | Final Dist = 2.191 | Final Dist 10 = 1.418 | Final Dist 100 = 1.846 | Final Dist 1000 = 1.688 | Init Dist = 6.083 | Init Dist 10 = 7.452 | Init Dist 100 = 5.784 | Init Dist 1000 = 5.919 | Learner Steps = 10532 | Learner Walltime = 2051.600 | Min Dist = 0.835 | Min Dist 10 = 0.058 | Min Dist 100 = 0.390 | Min Dist 1000 = 0.267 | Steps Per Second = 83.137 | Success = 1.000 | Success 1000 = 0.981
I0502 15:40:28.073086 139557462840896 terminal.py:91] [Actor] Actor Episodes = 13680 | Actor Steps = 684000 | Delta Dist = 2.487 | Delta Dist 10 = 5.334 | Delta Dist 100 = 3.946 | Delta Dist 1000 = 4.235 | Episode Length = 50 | Episode Return = 16.0 | Evaluator Episodes = 3450 | Evaluator Steps = 172500 | Final Dist = 0.341 | Final Dist 10 = 1.663 | Final Dist 100 = 1.869 | Final Dist 1000 = 1.683 | Init Dist = 2.828 | Init Dist 10 = 6.997 | Init Dist 100 = 5.814 | Init Dist 1000 = 5.917 | Learner Steps = 10532 | Learner Walltime = 2051.600 | Min Dist = 0.019 | Min Dist 10 = 0.136 | Min Dist 100 = 0.398 | Min Dist 1000 = 0.260 | Steps Per Second = 72.934 | Success = 1.000 | Success 1000 = 0.981
I0502 15:40:28.248303 139579566835264 terminal.py:91] [Evaluator] Actor Episodes = 13680 | Actor Steps = 684000 | Delta Dist = 9.787 | Delta Dist 10 = 10.789 | Delta Dist 100 = 10.621 | Delta Dist 1000 = 10.902 | Episode Length = 50 | Episode Return = 0.0 | Evaluator Episodes = 3452 | Evaluator Steps = 172600 | Final Dist = 3.019 | Final Dist 10 = 2.017 | Final Dist 100 = 2.185 | Final Dist 1000 = 1.905 | Init Dist = 12.806 | Init Dist 10 = 12.806 | Init Dist 100 = 12.806 | Init Dist 1000 = 12.806 | Learner Steps = 10532 | Learner Walltime = 2051.600 | Min Dist = 2.875 | Min Dist 10 = 1.450 | Min Dist 100 = 1.446 | Min Dist 1000 = 1.172 | Steps Per Second = 78.854 | Success = 0.000 | Success 1000 = 0.861
I0502 15:40:28.459783 139584504182336 lp_utils.py:96] StepsLimiter: Reached 684200 recorded steps
I0502 15:40:28.595687 139555013154368 terminal.py:91] [Learner] Actor Episodes = 13684 | Actor Loss = 3.5569586753845215 | Actor Steps = 684200 | Binary Accuracy = 0.9960386753082275 | Categorical Accuracy = 0.40447998046875 | Critic Loss = 1.9562958478927612 | Entropy Mean = -19.40280532836914 | Evaluator Episodes = 3452 | Evaluator Steps = 172600 | Learner Steps = 10537 | Learner Walltime = 2052.786 | Logits Neg = -16.047760009765625 | Logits Pos = -1.9664322137832642 | Logsumexp = 1.1979848146438599 | Steps Per Second = 290.548
I0502 15:40:29.676751 139579566835264 terminal.py:91] [Evaluator] Actor Episodes = 13690 | Actor Steps = 684500 | Delta Dist = 12.481 | Delta Dist 10 = 10.595 | Delta Dist 100 = 10.598 | Delta Dist 1000 = 10.906 | Episode Length = 50 | Episode Return = 17.0 | Evaluator Episodes = 3454 | Evaluator Steps = 172700 | Final Dist = 0.325 | Final Dist 10 = 2.212 | Final Dist 100 = 2.208 | Final Dist 1000 = 1.901 | Init Dist = 12.806 | Init Dist 10 = 12.806 | Init Dist 100 = 12.806 | Init Dist 1000 = 12.806 | Learner Steps = 10537 | Learner Walltime = 2052.786 | Min Dist = 0.231 | Min Dist 10 = 1.805 | Min Dist 100 = 1.476 | Min Dist 1000 = 1.169 | Steps Per Second = 70.102 | Success = 1.000 | Success 1000 = 0.861
I0502 15:40:30.986623 139579566835264 terminal.py:91] [Evaluator] Actor Episodes = 13698 | Actor Steps = 684900 | Delta Dist = 12.073 | Delta Dist 10 = 10.757 | Delta Dist 100 = 10.718 | Delta Dist 1000 = 10.905 | Episode Length = 50 | Episode Return = 24.0 | Evaluator Episodes = 3456 | Evaluator Steps = 172800 | Final Dist = 0.733 | Final Dist 10 = 2.050 | Final Dist 100 = 2.088 | Final Dist 1000 = 1.901 | Init Dist = 12.806 | Init Dist 10 = 12.806 | Init Dist 100 = 12.806 | Init Dist 1000 = 12.806 | Learner Steps = 10542 | Learner Walltime = 2053.937 | Min Dist = 0.057 | Min Dist 10 = 1.784 | Min Dist 100 = 1.369 | Min Dist 1000 = 1.169 | Steps Per Second = 74.442 | Success = 1.000 | Success 1000 = 0.861
I0502 15:40:32.222774 139579566835264 terminal.py:91] [Evaluator] Actor Episodes = 13706 | Actor Steps = 685300 | Delta Dist = 11.854 | Delta Dist 10 = 10.421 | Delta Dist 100 = 10.648 | Delta Dist 1000 = 10.898 | Episode Length = 50 | Episode Return = 23.0 | Evaluator Episodes = 3458 | Evaluator Steps = 172900 | Final Dist = 0.953 | Final Dist 10 = 2.385 | Final Dist 100 = 2.159 | Final Dist 1000 = 1.909 | Init Dist = 12.806 | Init Dist 10 = 12.806 | Init Dist 100 = 12.806 | Init Dist 1000 = 12.806 | Learner Steps = 10554 | Learner Walltime = 2056.310 | Min Dist = 0.026 | Min Dist 10 = 1.869 | Min Dist 100 = 1.434 | Min Dist 1000 = 1.176 | Steps Per Second = 80.998 | Success = 1.000 | Success 1000 = 0.860
I0502 15:40:33.523394 139579566835264 terminal.py:91] [Evaluator] Actor Episodes = 13714 | Actor Steps = 685700 | Delta Dist = 11.877 | Delta Dist 10 = 10.856 | Delta Dist 100 = 10.641 | Delta Dist 1000 = 10.896 | Episode Length = 50 | Episode Return = 4.0 | Evaluator Episodes = 3460 | Evaluator Steps = 173000 | Final Dist = 0.930 | Final Dist 10 = 1.950 | Final Dist 100 = 2.165 | Final Dist 1000 = 1.910 | Init Dist = 12.806 | Init Dist 10 = 12.806 | Init Dist 100 = 12.806 | Init Dist 1000 = 12.806 | Learner Steps = 10558 | Learner Walltime = 2057.347 | Min Dist = 0.667 | Min Dist 10 = 1.274 | Min Dist 100 = 1.432 | Min Dist 1000 = 1.176 | Steps Per Second = 78.694 | Success = 1.000 | Success 1000 = 0.860
I0502 15:40:34.728054 139579566835264 terminal.py:91] [Evaluator] Actor Episodes = 13722 | Actor Steps = 686100 | Delta Dist = 5.015 | Delta Dist 10 = 10.824 | Delta Dist 100 = 10.645 | Delta Dist 1000 = 10.908 | Episode Length = 50 | Episode Return = 0.0 | Evaluator Episodes = 3462 | Evaluator Steps = 173100 | Final Dist = 7.791 | Final Dist 10 = 1.983 | Final Dist 100 = 2.161 | Final Dist 1000 = 1.899 | Init Dist = 12.806 | Init Dist 10 = 12.806 | Init Dist 100 = 12.806 | Init Dist 1000 = 12.806 | Learner Steps = 10565 | Learner Walltime = 2058.699 | Min Dist = 6.173 | Min Dist 10 = 1.313 | Min Dist 100 = 1.445 | Min Dist 1000 = 1.165 | Steps Per Second = 81.543 | Success = 0.000 | Success 1000 = 0.862
I0502 15:40:36.017486 139579566835264 terminal.py:91] [Evaluator] Actor Episodes = 13730 | Actor Steps = 686500 | Delta Dist = 12.197 | Delta Dist 10 = 10.362 | Delta Dist 100 = 10.582 | Delta Dist 1000 = 10.911 | Episode Length = 50 | Episode Return = 27.0 | Evaluator Episodes = 3464 | Evaluator Steps = 173200 | Final Dist = 0.609 | Final Dist 10 = 2.444 | Final Dist 100 = 2.224 | Final Dist 1000 = 1.895 | Init Dist = 12.806 | Init Dist 10 = 12.806 | Init Dist 100 = 12.806 | Init Dist 1000 = 12.806 | Learner Steps = 10571 | Learner Walltime = 2059.945 | Min Dist = 0.132 | Min Dist 10 = 1.553 | Min Dist 100 = 1.503 | Min Dist 1000 = 1.161 | Steps Per Second = 77.516 | Success = 1.000 | Success 1000 = 0.862
I0502 15:40:36.546092 139558059398720 terminal.py:91] [Actor] Actor Episodes = 13731 | Actor Steps = 686550 | Delta Dist = 10.542 | Delta Dist 10 = 3.579 | Delta Dist 100 = 4.007 | Delta Dist 1000 = 4.252 | Episode Length = 50 | Episode Return = 36.0 | Evaluator Episodes = 3462 | Evaluator Steps = 173100 | Final Dist = 0.275 | Final Dist 10 = 1.555 | Final Dist 100 = 1.646 | Final Dist 1000 = 1.638 | Init Dist = 10.817 | Init Dist 10 = 5.134 | Init Dist 100 = 5.653 | Init Dist 1000 = 5.890 | Learner Steps = 10571 | Learner Walltime = 2059.945 | Min Dist = 0.067 | Min Dist 10 = 0.891 | Min Dist 100 = 0.308 | Min Dist 1000 = 0.244 | Steps Per Second = 82.226 | Success = 1.000 | Success 1000 = 0.984
I0502 15:40:37.174233 139579566835264 terminal.py:91] [Evaluator] Actor Episodes = 13736 | Actor Steps = 686800 | Delta Dist = 11.445 | Delta Dist 10 = 10.214 | Delta Dist 100 = 10.573 | Delta Dist 1000 = 10.912 | Episode Length = 50 | Episode Return = 20.0 | Evaluator Episodes = 3466 | Evaluator Steps = 173300 | Final Dist = 1.362 | Final Dist 10 = 2.592 | Final Dist 100 = 2.233 | Final Dist 1000 = 1.894 | Init Dist = 12.806 | Init Dist 10 = 12.806 | Init Dist 100 = 12.806 | Init Dist 1000 = 12.806 | Learner Steps = 10577 | Learner Walltime = 2061.227 | Min Dist = 0.016 | Min Dist 10 = 1.625 | Min Dist 100 = 1.512 | Min Dist 1000 = 1.160 | Steps Per Second = 88.032 | Success = 1.000 | Success 1000 = 0.863
I0502 15:40:37.504353 139569349502528 terminal.py:91] [Actor] Actor Episodes = 13740 | Actor Steps = 687000 | Delta Dist = 7.048 | Delta Dist 10 = 4.075 | Delta Dist 100 = 4.037 | Delta Dist 1000 = 4.248 | Episode Length = 50 | Episode Return = 15.0 | Evaluator Episodes = 3466 | Evaluator Steps = 173300 | Final Dist = 0.023 | Final Dist 10 = 2.972 | Final Dist 100 = 1.804 | Final Dist 1000 = 1.649 | Init Dist = 7.071 | Init Dist 10 = 7.047 | Init Dist 100 = 5.840 | Init Dist 1000 = 5.897 | Learner Steps = 10577 | Learner Walltime = 2061.227 | Min Dist = 0.011 | Min Dist 10 = 1.691 | Min Dist 100 = 0.388 | Min Dist 1000 = 0.251 | Steps Per Second = 86.040 | Success = 1.000 | Success 1000 = 0.983
I0502 15:40:38.204101 139557462840896 terminal.py:91] [Actor] Actor Episodes = 13742 | Actor Steps = 687100 | Delta Dist = 5.884 | Delta Dist 10 = 4.864 | Delta Dist 100 = 4.132 | Delta Dist 1000 = 4.251 | Episode Length = 50 | Episode Return = 39.0 | Evaluator Episodes = 3466 | Evaluator Steps = 173300 | Final Dist = 1.396 | Final Dist 10 = 2.963 | Final Dist 100 = 1.772 | Final Dist 1000 = 1.656 | Init Dist = 7.280 | Init Dist 10 = 7.827 | Init Dist 100 = 5.904 | Init Dist 1000 = 5.907 | Learner Steps = 10577 | Learner Walltime = 2061.227 | Min Dist = 0.107 | Min Dist 10 = 0.869 | Min Dist 100 = 0.388 | Min Dist 1000 = 0.252 | Steps Per Second = 87.574 | Success = 1.000 | Success 1000 = 0.983
I0502 15:40:38.268913 139555860620864 terminal.py:91] [Actor] Actor Episodes = 13744 | Actor Steps = 687200 | Delta Dist = 2.765 | Delta Dist 10 = 4.429 | Delta Dist 100 = 4.191 | Delta Dist 1000 = 4.251 | Episode Length = 50 | Episode Return = 34.0 | Evaluator Episodes = 3466 | Evaluator Steps = 173300 | Final Dist = 0.397 | Final Dist 10 = 3.044 | Final Dist 100 = 1.732 | Final Dist 1000 = 1.656 | Init Dist = 3.162 | Init Dist 10 = 7.473 | Init Dist 100 = 5.923 | Init Dist 1000 = 5.907 | Learner Steps = 10577 | Learner Walltime = 2061.227 | Min Dist = 0.209 | Min Dist 10 = 0.873 | Min Dist 100 = 0.336 | Min Dist 1000 = 0.252 | Steps Per Second = 74.309 | Success = 1.000 | Success 1000 = 0.983
I0502 15:40:38.412081 139579566835264 terminal.py:91] [Evaluator] Actor Episodes = 13744 | Actor Steps = 687200 | Delta Dist = 11.344 | Delta Dist 10 = 10.990 | Delta Dist 100 = 10.624 | Delta Dist 1000 = 10.921 | Episode Length = 50 | Episode Return = 3.0 | Evaluator Episodes = 3468 | Evaluator Steps = 173400 | Final Dist = 1.462 | Final Dist 10 = 1.816 | Final Dist 100 = 2.182 | Final Dist 1000 = 1.885 | Init Dist = 12.806 | Init Dist 10 = 12.806 | Init Dist 100 = 12.806 | Init Dist 1000 = 12.806 | Learner Steps = 10584 | Learner Walltime = 2062.510 | Min Dist = 0.573 | Min Dist 10 = 0.939 | Min Dist 100 = 1.450 | Min Dist 1000 = 1.150 | Steps Per Second = 78.994 | Success = 1.000 | Success 1000 = 0.864
I0502 15:40:38.475988 139584504182336 lp_utils.py:96] StepsLimiter: Reached 687300 recorded steps
I0502 15:40:38.946101 139555013154368 terminal.py:91] [Learner] Actor Episodes = 13744 | Actor Loss = 3.735764980316162 | Actor Steps = 687200 | Binary Accuracy = 0.9960439205169678 | Categorical Accuracy = 0.42510986328125 | Critic Loss = 1.8976283073425293 | Entropy Mean = -18.7051944732666 | Evaluator Episodes = 3466 | Evaluator Steps = 173300 | Learner Steps = 10587 | Learner Walltime = 2063.137 | Logits Neg = -16.205684661865234 | Logits Pos = -1.878901720046997 | Logsumexp = 1.1232243776321411 | Steps Per Second = 169.086
I0502 15:40:39.490276 139579566835264 terminal.py:91] [Evaluator] Actor Episodes = 13750 | Actor Steps = 687500 | Delta Dist = 11.396 | Delta Dist 10 = 10.945 | Delta Dist 100 = 10.615 | Delta Dist 1000 = 10.921 | Episode Length = 50 | Episode Return = 7.0 | Evaluator Episodes = 3470 | Evaluator Steps = 173500 | Final Dist = 1.410 | Final Dist 10 = 1.861 | Final Dist 100 = 2.191 | Final Dist 1000 = 1.886 | Init Dist = 12.806 | Init Dist 10 = 12.806 | Init Dist 100 = 12.806 | Init Dist 1000 = 12.806 | Learner Steps = 10584 | Learner Walltime = 2062.510 | Min Dist = 0.462 | Min Dist 10 = 0.984 | Min Dist 100 = 1.454 | Min Dist 1000 = 1.150 | Steps Per Second = 111.572 | Success = 1.000 | Success 1000 = 0.864
I0502 15:40:40.219631 139583350109760 savers.py:156] Saving checkpoint: logs/contrastive_cpc_point_FourRooms_64/5dd72662-2788-11f0-b183-d85ed38c5779/checkpoints/learner
I0502 15:40:40.728532 139579566835264 terminal.py:91] [Evaluator] Actor Episodes = 13758 | Actor Steps = 687900 | Delta Dist = 11.810 | Delta Dist 10 = 10.936 | Delta Dist 100 = 10.620 | Delta Dist 1000 = 10.921 | Episode Length = 50 | Episode Return = 3.0 | Evaluator Episodes = 3472 | Evaluator Steps = 173600 | Final Dist = 0.997 | Final Dist 10 = 1.870 | Final Dist 100 = 2.186 | Final Dist 1000 = 1.885 | Init Dist = 12.806 | Init Dist 10 = 12.806 | Init Dist 100 = 12.806 | Init Dist 1000 = 12.806 | Learner Steps = 10596 | Learner Walltime = 2064.899 | Min Dist = 0.692 | Min Dist 10 = 0.908 | Min Dist 100 = 1.458 | Min Dist 1000 = 1.150 | Steps Per Second = 75.263 | Success = 1.000 | Success 1000 = 0.864
I0502 15:40:41.902243 139579566835264 terminal.py:91] [Evaluator] Actor Episodes = 13766 | Actor Steps = 688300 | Delta Dist = 11.788 | Delta Dist 10 = 11.648 | Delta Dist 100 = 10.630 | Delta Dist 1000 = 10.921 | Episode Length = 50 | Episode Return = 3.0 | Evaluator Episodes = 3474 | Evaluator Steps = 173700 | Final Dist = 1.018 | Final Dist 10 = 1.158 | Final Dist 100 = 2.176 | Final Dist 1000 = 1.885 | Init Dist = 12.806 | Init Dist 10 = 12.806 | Init Dist 100 = 12.806 | Init Dist 1000 = 12.806 | Learner Steps = 10596 | Learner Walltime = 2064.899 | Min Dist = 0.866 | Min Dist 10 = 0.355 | Min Dist 100 = 1.463 | Min Dist 1000 = 1.151 | Steps Per Second = 89.678 | Success = 1.000 | Success 1000 = 0.864
I0502 15:40:42.244584 139584635659840 savers.py:156] Saving checkpoint: logs/contrastive_cpc_point_FourRooms_64/5dd72662-2788-11f0-b183-d85ed38c5779/checkpoints/counter
I0502 15:40:43.081626 139579566835264 terminal.py:91] [Evaluator] Actor Episodes = 13772 | Actor Steps = 688600 | Delta Dist = 12.381 | Delta Dist 10 = 11.710 | Delta Dist 100 = 10.626 | Delta Dist 1000 = 10.921 | Episode Length = 50 | Episode Return = 20.0 | Evaluator Episodes = 3476 | Evaluator Steps = 173800 | Final Dist = 0.425 | Final Dist 10 = 1.096 | Final Dist 100 = 2.180 | Final Dist 1000 = 1.885 | Init Dist = 12.806 | Init Dist 10 = 12.806 | Init Dist 100 = 12.806 | Init Dist 1000 = 12.806 | Learner Steps = 10602 | Learner Walltime = 2066.163 | Min Dist = 0.061 | Min Dist 10 = 0.424 | Min Dist 100 = 1.477 | Min Dist 1000 = 1.152 | Steps Per Second = 88.571 | Success = 1.000 | Success 1000 = 0.864
I0502 15:40:44.323132 139579566835264 terminal.py:91] [Evaluator] Actor Episodes = 13782 | Actor Steps = 689100 | Delta Dist = 10.931 | Delta Dist 10 = 11.796 | Delta Dist 100 = 10.634 | Delta Dist 1000 = 10.921 | Episode Length = 50 | Episode Return = 5.0 | Evaluator Episodes = 3478 | Evaluator Steps = 173900 | Final Dist = 1.875 | Final Dist 10 = 1.010 | Final Dist 100 = 2.172 | Final Dist 1000 = 1.885 | Init Dist = 12.806 | Init Dist 10 = 12.806 | Init Dist 100 = 12.806 | Init Dist 1000 = 12.806 | Learner Steps = 10614 | Learner Walltime = 2068.394 | Min Dist = 0.029 | Min Dist 10 = 0.438 | Min Dist 100 = 1.478 | Min Dist 1000 = 1.152 | Steps Per Second = 84.665 | Success = 1.000 | Success 1000 = 0.864
I0502 15:40:45.419613 139579566835264 terminal.py:91] [Evaluator] Actor Episodes = 13788 | Actor Steps = 689400 | Delta Dist = 11.956 | Delta Dist 10 = 11.732 | Delta Dist 100 = 10.622 | Delta Dist 1000 = 10.919 | Episode Length = 50 | Episode Return = 18.0 | Evaluator Episodes = 3480 | Evaluator Steps = 174000 | Final Dist = 0.851 | Final Dist 10 = 1.074 | Final Dist 100 = 2.184 | Final Dist 1000 = 1.887 | Init Dist = 12.806 | Init Dist 10 = 12.806 | Init Dist 100 = 12.806 | Init Dist 1000 = 12.806 | Learner Steps = 10621 | Learner Walltime = 2069.599 | Min Dist = 0.259 | Min Dist 10 = 0.416 | Min Dist 100 = 1.476 | Min Dist 1000 = 1.152 | Steps Per Second = 89.533 | Success = 1.000 | Success 1000 = 0.864
I0502 15:40:46.474229 139579566835264 terminal.py:91] [Evaluator] Actor Episodes = 13796 | Actor Steps = 689800 | Delta Dist = 11.454 | Delta Dist 10 = 11.750 | Delta Dist 100 = 10.611 | Delta Dist 1000 = 10.920 | Episode Length = 50 | Episode Return = 10.0 | Evaluator Episodes = 3482 | Evaluator Steps = 174100 | Final Dist = 1.352 | Final Dist 10 = 1.057 | Final Dist 100 = 2.196 | Final Dist 1000 = 1.886 | Init Dist = 12.806 | Init Dist 10 = 12.806 | Init Dist 100 = 12.806 | Init Dist 1000 = 12.806 | Learner Steps = 10621 | Learner Walltime = 2069.599 | Min Dist = 0.029 | Min Dist 10 = 0.402 | Min Dist 100 = 1.475 | Min Dist 1000 = 1.152 | Steps Per Second = 96.914 | Success = 1.000 | Success 1000 = 0.864
I0502 15:40:46.993602 139558059398720 terminal.py:91] [Actor] Actor Episodes = 13800 | Actor Steps = 690000 | Delta Dist = 3.162 | Delta Dist 10 = 3.673 | Delta Dist 100 = 3.967 | Delta Dist 1000 = 4.218 | Episode Length = 50 | Episode Return = 45.0 | Evaluator Episodes = 3482 | Evaluator Steps = 174100 | Final Dist = 1.838 | Final Dist 10 = 1.663 | Final Dist 100 = 1.733 | Final Dist 1000 = 1.672 | Init Dist = 5.000 | Init Dist 10 = 5.336 | Init Dist 100 = 5.700 | Init Dist 1000 = 5.890 | Learner Steps = 10626 | Learner Walltime = 2070.698 | Min Dist = 0.032 | Min Dist 10 = 0.125 | Min Dist 100 = 0.456 | Min Dist 1000 = 0.270 | Steps Per Second = 83.624 | Success = 1.000 | Success 1000 = 0.981
I0502 15:40:47.743571 139579566835264 terminal.py:91] [Evaluator] Actor Episodes = 13805 | Actor Steps = 690250 | Delta Dist = 11.870 | Delta Dist 10 = 11.754 | Delta Dist 100 = 10.622 | Delta Dist 1000 = 10.920 | Episode Length = 50 | Episode Return = 17.0 | Evaluator Episodes = 3484 | Evaluator Steps = 174200 | Final Dist = 0.936 | Final Dist 10 = 1.052 | Final Dist 100 = 2.184 | Final Dist 1000 = 1.887 | Init Dist = 12.806 | Init Dist 10 = 12.806 | Init Dist 100 = 12.806 | Init Dist 1000 = 12.806 | Learner Steps = 10633 | Learner Walltime = 2071.940 | Min Dist = 0.054 | Min Dist 10 = 0.330 | Min Dist 100 = 1.474 | Min Dist 1000 = 1.151 | Steps Per Second = 82.820 | Success = 1.000 | Success 1000 = 0.864
I0502 15:40:47.781090 139569349502528 terminal.py:91] [Actor] Actor Episodes = 13803 | Actor Steps = 690150 | Delta Dist = 6.677 | Delta Dist 10 = 3.920 | Delta Dist 100 = 3.932 | Delta Dist 1000 = 4.220 | Episode Length = 50 | Episode Return = 46.0 | Evaluator Episodes = 3482 | Evaluator Steps = 174100 | Final Dist = 0.394 | Final Dist 10 = 0.691 | Final Dist 100 = 1.685 | Final Dist 1000 = 1.672 | Init Dist = 7.071 | Init Dist 10 = 4.611 | Init Dist 100 = 5.617 | Init Dist 1000 = 5.891 | Learner Steps = 10626 | Learner Walltime = 2070.698 | Min Dist = 0.063 | Min Dist 10 = 0.040 | Min Dist 100 = 0.422 | Min Dist 1000 = 0.270 | Steps Per Second = 74.400 | Success = 1.000 | Success 1000 = 0.981
I0502 15:40:48.307498 139557462840896 terminal.py:91] [Actor] Actor Episodes = 13811 | Actor Steps = 690550 | Delta Dist = 1.887 | Delta Dist 10 = 4.259 | Delta Dist 100 = 3.952 | Delta Dist 1000 = 4.224 | Episode Length = 50 | Episode Return = 18.0 | Evaluator Episodes = 3484 | Evaluator Steps = 174200 | Final Dist = 5.393 | Final Dist 10 = 0.640 | Final Dist 100 = 1.674 | Final Dist 1000 = 1.667 | Init Dist = 7.280 | Init Dist 10 = 4.899 | Init Dist 100 = 5.627 | Init Dist 1000 = 5.891 | Learner Steps = 10633 | Learner Walltime = 2071.940 | Min Dist = 0.265 | Min Dist 10 = 0.032 | Min Dist 100 = 0.421 | Min Dist 1000 = 0.270 | Steps Per Second = 79.666 | Success = 1.000 | Success 1000 = 0.981
I0502 15:40:48.492791 139584504182336 lp_utils.py:96] StepsLimiter: Reached 690650 recorded steps
I0502 15:40:48.609626 139555860620864 terminal.py:91] [Actor] Actor Episodes = 13808 | Actor Steps = 690400 | Delta Dist = 5.939 | Delta Dist 10 = 4.576 | Delta Dist 100 = 4.029 | Delta Dist 1000 = 4.227 | Episode Length = 50 | Episode Return = 30.0 | Evaluator Episodes = 3484 | Evaluator Steps = 174200 | Final Dist = 0.464 | Final Dist 10 = 0.651 | Final Dist 100 = 1.660 | Final Dist 1000 = 1.664 | Init Dist = 6.403 | Init Dist 10 = 5.227 | Init Dist 100 = 5.689 | Init Dist 1000 = 5.891 | Learner Steps = 10633 | Learner Walltime = 2071.940 | Min Dist = 0.098 | Min Dist 10 = 0.047 | Min Dist 100 = 0.422 | Min Dist 1000 = 0.270 | Steps Per Second = 80.722 | Success = 1.000 | Success 1000 = 0.981
I0502 15:40:49.055398 139555013154368 terminal.py:91] [Learner] Actor Episodes = 13813 | Actor Loss = 3.6424074172973633 | Actor Steps = 690650 | Binary Accuracy = 0.9960243701934814 | Categorical Accuracy = 0.42706298828125 | Critic Loss = 1.8956965208053589 | Entropy Mean = -18.235166549682617 | Evaluator Episodes = 3484 | Evaluator Steps = 174200 | Learner Steps = 10640 | Learner Walltime = 2073.251 | Logits Neg = -16.284622192382812 | Logits Pos = -1.8877387046813965 | Logsumexp = 1.3343466520309448 | Steps Per Second = 224.934
I0502 15:40:49.099324 139579566835264 terminal.py:91] [Evaluator] Actor Episodes = 13813 | Actor Steps = 690650 | Delta Dist = 11.599 | Delta Dist 10 = 11.767 | Delta Dist 100 = 10.620 | Delta Dist 1000 = 10.920 | Episode Length = 50 | Episode Return = 12.0 | Evaluator Episodes = 3486 | Evaluator Steps = 174300 | Final Dist = 1.207 | Final Dist 10 = 1.040 | Final Dist 100 = 2.186 | Final Dist 1000 = 1.886 | Init Dist = 12.806 | Init Dist 10 = 12.806 | Init Dist 100 = 12.806 | Init Dist 1000 = 12.806 | Learner Steps = 10639 | Learner Walltime = 2072.967 | Min Dist = 0.183 | Min Dist 10 = 0.165 | Min Dist 100 = 1.471 | Min Dist 1000 = 1.151 | Steps Per Second = 75.447 | Success = 1.000 | Success 1000 = 0.864
I0502 15:40:50.318628 139579566835264 terminal.py:91] [Evaluator] Actor Episodes = 13821 | Actor Steps = 691050 | Delta Dist = 11.691 | Delta Dist 10 = 11.693 | Delta Dist 100 = 10.614 | Delta Dist 1000 = 10.922 | Episode Length = 50 | Episode Return = 1.0 | Evaluator Episodes = 3488 | Evaluator Steps = 174400 | Final Dist = 1.115 | Final Dist 10 = 1.113 | Final Dist 100 = 2.192 | Final Dist 1000 = 1.884 | Init Dist = 12.806 | Init Dist 10 = 12.806 | Init Dist 100 = 12.806 | Init Dist 1000 = 12.806 | Learner Steps = 10644 | Learner Walltime = 2074.114 | Min Dist = 0.956 | Min Dist 10 = 0.162 | Min Dist 100 = 1.474 | Min Dist 1000 = 1.150 | Steps Per Second = 85.933 | Success = 1.000 | Success 1000 = 0.865
I0502 15:40:51.489927 139579566835264 terminal.py:91] [Evaluator] Actor Episodes = 13829 | Actor Steps = 691450 | Delta Dist = 12.587 | Delta Dist 10 = 11.812 | Delta Dist 100 = 10.613 | Delta Dist 1000 = 10.921 | Episode Length = 50 | Episode Return = 13.0 | Evaluator Episodes = 3490 | Evaluator Steps = 174500 | Final Dist = 0.219 | Final Dist 10 = 0.994 | Final Dist 100 = 2.193 | Final Dist 1000 = 1.885 | Init Dist = 12.806 | Init Dist 10 = 12.806 | Init Dist 100 = 12.806 | Init Dist 1000 = 12.806 | Learner Steps = 10649 | Learner Walltime = 2075.119 | Min Dist = 0.211 | Min Dist 10 = 0.235 | Min Dist 100 = 1.476 | Min Dist 1000 = 1.150 | Steps Per Second = 88.260 | Success = 1.000 | Success 1000 = 0.865
I0502 15:40:52.575206 139579566835264 terminal.py:91] [Evaluator] Actor Episodes = 13837 | Actor Steps = 691850 | Delta Dist = 11.978 | Delta Dist 10 = 11.857 | Delta Dist 100 = 10.680 | Delta Dist 1000 = 10.927 | Episode Length = 50 | Episode Return = 19.0 | Evaluator Episodes = 3492 | Evaluator Steps = 174600 | Final Dist = 0.829 | Final Dist 10 = 0.949 | Final Dist 100 = 2.126 | Final Dist 1000 = 1.879 | Init Dist = 12.806 | Init Dist 10 = 12.806 | Init Dist 100 = 12.806 | Init Dist 1000 = 12.806 | Learner Steps = 10654 | Learner Walltime = 2076.145 | Min Dist = 0.140 | Min Dist 10 = 0.273 | Min Dist 100 = 1.414 | Min Dist 1000 = 1.144 | Steps Per Second = 90.592 | Success = 1.000 | Success 1000 = 0.866
I0502 15:40:53.849522 139579566835264 terminal.py:91] [Evaluator] Actor Episodes = 13845 | Actor Steps = 692250 | Delta Dist = 11.681 | Delta Dist 10 = 11.804 | Delta Dist 100 = 10.681 | Delta Dist 1000 = 10.938 | Episode Length = 50 | Episode Return = 19.0 | Evaluator Episodes = 3494 | Evaluator Steps = 174700 | Final Dist = 1.125 | Final Dist 10 = 1.002 | Final Dist 100 = 2.126 | Final Dist 1000 = 1.869 | Init Dist = 12.806 | Init Dist 10 = 12.806 | Init Dist 100 = 12.806 | Init Dist 1000 = 12.806 | Learner Steps = 10660 | Learner Walltime = 2077.209 | Min Dist = 0.186 | Min Dist 10 = 0.281 | Min Dist 100 = 1.413 | Min Dist 1000 = 1.133 | Steps Per Second = 79.054 | Success = 1.000 | Success 1000 = 0.867
I0502 15:40:55.080855 139579566835264 terminal.py:91] [Evaluator] Actor Episodes = 13853 | Actor Steps = 692650 | Delta Dist = 12.393 | Delta Dist 10 = 11.833 | Delta Dist 100 = 10.670 | Delta Dist 1000 = 10.939 | Episode Length = 50 | Episode Return = 19.0 | Evaluator Episodes = 3496 | Evaluator Steps = 174800 | Final Dist = 0.414 | Final Dist 10 = 0.973 | Final Dist 100 = 2.136 | Final Dist 1000 = 1.868 | Init Dist = 12.806 | Init Dist 10 = 12.806 | Init Dist 100 = 12.806 | Init Dist 1000 = 12.806 | Learner Steps = 10667 | Learner Walltime = 2078.408 | Min Dist = 0.386 | Min Dist 10 = 0.298 | Min Dist 100 = 1.415 | Min Dist 1000 = 1.133 | Steps Per Second = 77.876 | Success = 1.000 | Success 1000 = 0.867
I0502 15:40:56.334538 139579566835264 terminal.py:91] [Evaluator] Actor Episodes = 13861 | Actor Steps = 693050 | Delta Dist = 1.741 | Delta Dist 10 = 11.926 | Delta Dist 100 = 10.788 | Delta Dist 1000 = 10.940 | Episode Length = 50 | Episode Return = 0.0 | Evaluator Episodes = 3498 | Evaluator Steps = 174900 | Final Dist = 11.065 | Final Dist 10 = 0.880 | Final Dist 100 = 2.018 | Final Dist 1000 = 1.866 | Init Dist = 12.806 | Init Dist 10 = 12.806 | Init Dist 100 = 12.806 | Init Dist 1000 = 12.806 | Learner Steps = 10674 | Learner Walltime = 2079.865 | Min Dist = 10.595 | Min Dist 10 = 0.315 | Min Dist 100 = 1.306 | Min Dist 1000 = 1.133 | Steps Per Second = 88.118 | Success = 0.000 | Success 1000 = 0.867
I0502 15:40:57.089000 139558059398720 terminal.py:91] [Actor] Actor Episodes = 13866 | Actor Steps = 693300 | Delta Dist = 6.277 | Delta Dist 10 = 4.933 | Delta Dist 100 = 4.448 | Delta Dist 1000 = 4.266 | Episode Length = 50 | Episode Return = 28.0 | Evaluator Episodes = 3498 | Evaluator Steps = 174900 | Final Dist = 0.048 | Final Dist 10 = 0.983 | Final Dist 100 = 1.130 | Final Dist 1000 = 1.611 | Init Dist = 6.325 | Init Dist 10 = 5.916 | Init Dist 100 = 5.578 | Init Dist 1000 = 5.877 | Learner Steps = 10674 | Learner Walltime = 2079.865 | Min Dist = 0.048 | Min Dist 10 = 0.087 | Min Dist 100 = 0.202 | Min Dist 1000 = 0.270 | Steps Per Second = 86.469 | Success = 1.000 | Success 1000 = 0.981
I0502 15:40:57.474612 139579566835264 terminal.py:91] [Evaluator] Actor Episodes = 13869 | Actor Steps = 693450 | Delta Dist = 11.896 | Delta Dist 10 = 10.950 | Delta Dist 100 = 10.691 | Delta Dist 1000 = 10.930 | Episode Length = 50 | Episode Return = 15.0 | Evaluator Episodes = 3500 | Evaluator Steps = 175000 | Final Dist = 0.910 | Final Dist 10 = 1.856 | Final Dist 100 = 2.115 | Final Dist 1000 = 1.876 | Init Dist = 12.806 | Init Dist 10 = 12.806 | Init Dist 100 = 12.806 | Init Dist 1000 = 12.806 | Learner Steps = 10680 | Learner Walltime = 2081.031 | Min Dist = 0.280 | Min Dist 10 = 1.272 | Min Dist 100 = 1.405 | Min Dist 1000 = 1.143 | Steps Per Second = 90.827 | Success = 1.000 | Success 1000 = 0.866
I0502 15:40:57.999445 139569349502528 terminal.py:91] [Actor] Actor Episodes = 13877 | Actor Steps = 693850 | Delta Dist = 0.785 | Delta Dist 10 = 5.443 | Delta Dist 100 = 4.474 | Delta Dist 1000 = 4.259 | Episode Length = 50 | Episode Return = 18.0 | Evaluator Episodes = 3500 | Evaluator Steps = 175000 | Final Dist = 0.215 | Final Dist 10 = 0.586 | Final Dist 100 = 1.076 | Final Dist 1000 = 1.599 | Init Dist = 1.000 | Init Dist 10 = 6.028 | Init Dist 100 = 5.550 | Init Dist 1000 = 5.858 | Learner Steps = 10680 | Learner Walltime = 2081.031 | Min Dist = 0.172 | Min Dist 10 = 0.085 | Min Dist 100 = 0.200 | Min Dist 1000 = 0.269 | Steps Per Second = 90.088 | Success = 1.000 | Success 1000 = 0.981
I0502 15:40:58.510585 139584504182336 lp_utils.py:96] StepsLimiter: Reached 693850 recorded steps
I0502 15:40:58.602423 139557462840896 terminal.py:91] [Actor] Actor Episodes = 13876 | Actor Steps = 693800 | Delta Dist = 2.426 | Delta Dist 10 = 4.524 | Delta Dist 100 = 4.426 | Delta Dist 1000 = 4.264 | Episode Length = 50 | Episode Return = 47.0 | Evaluator Episodes = 3500 | Evaluator Steps = 175000 | Final Dist = 0.737 | Final Dist 10 = 0.494 | Final Dist 100 = 1.048 | Final Dist 1000 = 1.581 | Init Dist = 3.162 | Init Dist 10 = 5.018 | Init Dist 100 = 5.475 | Init Dist 1000 = 5.844 | Learner Steps = 10680 | Learner Walltime = 2081.031 | Min Dist = 0.022 | Min Dist 10 = 0.059 | Min Dist 100 = 0.201 | Min Dist 1000 = 0.269 | Steps Per Second = 81.228 | Success = 1.000 | Success 1000 = 0.981
I0502 15:40:58.622481 139579566835264 terminal.py:91] [Evaluator] Actor Episodes = 13877 | Actor Steps = 693850 | Delta Dist = 11.567 | Delta Dist 10 = 10.902 | Delta Dist 100 = 10.695 | Delta Dist 1000 = 10.931 | Episode Length = 50 | Episode Return = 9.0 | Evaluator Episodes = 3502 | Evaluator Steps = 175100 | Final Dist = 1.239 | Final Dist 10 = 1.904 | Final Dist 100 = 2.111 | Final Dist 1000 = 1.875 | Init Dist = 12.806 | Init Dist 10 = 12.806 | Init Dist 100 = 12.806 | Init Dist 1000 = 12.806 | Learner Steps = 10686 | Learner Walltime = 2082.265 | Min Dist = 0.339 | Min Dist 10 = 1.229 | Min Dist 100 = 1.405 | Min Dist 1000 = 1.143 | Steps Per Second = 92.291 | Success = 1.000 | Success 1000 = 0.866
I0502 15:40:59.024431 139555860620864 terminal.py:91] [Actor] Actor Episodes = 13881 | Actor Steps = 694050 | Delta Dist = 6.717 | Delta Dist 10 = 3.567 | Delta Dist 100 = 4.384 | Delta Dist 1000 = 4.267 | Episode Length = 50 | Episode Return = 46.0 | Evaluator Episodes = 3502 | Evaluator Steps = 175100 | Final Dist = 0.354 | Final Dist 10 = 0.629 | Final Dist 100 = 1.051 | Final Dist 1000 = 1.571 | Init Dist = 7.071 | Init Dist 10 = 4.196 | Init Dist 100 = 5.435 | Init Dist 1000 = 5.837 | Learner Steps = 10686 | Learner Walltime = 2082.265 | Min Dist = 0.063 | Min Dist 10 = 0.093 | Min Dist 100 = 0.205 | Min Dist 1000 = 0.265 | Steps Per Second = 75.250 | Success = 1.000 | Success 1000 = 0.981
I0502 15:40:59.244010 139555013154368 terminal.py:91] [Learner] Actor Episodes = 13885 | Actor Loss = 3.566101551055908 | Actor Steps = 694250 | Binary Accuracy = 0.9960172176361084 | Categorical Accuracy = 0.441650390625 | Critic Loss = 1.8900763988494873 | Entropy Mean = -18.42803192138672 | Evaluator Episodes = 3502 | Evaluator Steps = 175100 | Learner Steps = 10693 | Learner Walltime = 2083.440 | Logits Neg = -16.063648223876953 | Logits Pos = -1.8631491661071777 | Logsumexp = 1.239490270614624 | Steps Per Second = 232.347
I0502 15:40:59.938349 139579566835264 terminal.py:91] [Evaluator] Actor Episodes = 13885 | Actor Steps = 694250 | Delta Dist = 11.747 | Delta Dist 10 = 10.342 | Delta Dist 100 = 10.638 | Delta Dist 1000 = 10.931 | Episode Length = 50 | Episode Return = 23.0 | Evaluator Episodes = 3504 | Evaluator Steps = 175200 | Final Dist = 1.060 | Final Dist 10 = 2.464 | Final Dist 100 = 2.168 | Final Dist 1000 = 1.875 | Init Dist = 12.806 | Init Dist 10 = 12.806 | Init Dist 100 = 12.806 | Init Dist 1000 = 12.806 | Learner Steps = 10693 | Learner Walltime = 2083.440 | Min Dist = 0.230 | Min Dist 10 = 1.889 | Min Dist 100 = 1.471 | Min Dist 1000 = 1.143 | Steps Per Second = 76.911 | Success = 1.000 | Success 1000 = 0.866
I0502 15:41:01.031649 139579566835264 terminal.py:91] [Evaluator] Actor Episodes = 13893 | Actor Steps = 694650 | Delta Dist = 4.985 | Delta Dist 10 = 10.336 | Delta Dist 100 = 10.651 | Delta Dist 1000 = 10.931 | Episode Length = 50 | Episode Return = 0.0 | Evaluator Episodes = 3506 | Evaluator Steps = 175300 | Final Dist = 7.821 | Final Dist 10 = 2.470 | Final Dist 100 = 2.155 | Final Dist 1000 = 1.876 | Init Dist = 12.806 | Init Dist 10 = 12.806 | Init Dist 100 = 12.806 | Init Dist 1000 = 12.806 | Learner Steps = 10699 | Learner Walltime = 2084.581 | Min Dist = 6.091 | Min Dist 10 = 1.906 | Min Dist 100 = 1.471 | Min Dist 1000 = 1.143 | Steps Per Second = 88.923 | Success = 0.000 | Success 1000 = 0.866
I0502 15:41:02.327387 139579566835264 terminal.py:91] [Evaluator] Actor Episodes = 13901 | Actor Steps = 695050 | Delta Dist = 11.664 | Delta Dist 10 = 9.524 | Delta Dist 100 = 10.616 | Delta Dist 1000 = 10.928 | Episode Length = 50 | Episode Return = 9.0 | Evaluator Episodes = 3508 | Evaluator Steps = 175400 | Final Dist = 1.142 | Final Dist 10 = 3.283 | Final Dist 100 = 2.190 | Final Dist 1000 = 1.878 | Init Dist = 12.806 | Init Dist 10 = 12.806 | Init Dist 100 = 12.806 | Init Dist 1000 = 12.806 | Learner Steps = 10704 | Learner Walltime = 2085.744 | Min Dist = 0.214 | Min Dist 10 = 2.463 | Min Dist 100 = 1.485 | Min Dist 1000 = 1.143 | Steps Per Second = 74.680 | Success = 1.000 | Success 1000 = 0.866
I0502 15:41:03.918869 139579566835264 terminal.py:91] [Evaluator] Actor Episodes = 13913 | Actor Steps = 695650 | Delta Dist = 2.763 | Delta Dist 10 = 9.425 | Delta Dist 100 = 10.510 | Delta Dist 1000 = 10.924 | Episode Length = 50 | Episode Return = 0.0 | Evaluator Episodes = 3511 | Evaluator Steps = 175550 | Final Dist = 10.043 | Final Dist 10 = 3.381 | Final Dist 100 = 2.296 | Final Dist 1000 = 1.882 | Init Dist = 12.806 | Init Dist 10 = 12.806 | Init Dist 100 = 12.806 | Init Dist 1000 = 12.806 | Learner Steps = 10711 | Learner Walltime = 2086.908 | Min Dist = 10.036 | Min Dist 10 = 2.450 | Min Dist 100 = 1.587 | Min Dist 1000 = 1.148 | Steps Per Second = 83.978 | Success = 0.000 | Success 1000 = 0.866
I0502 15:41:05.104496 139579566835264 terminal.py:91] [Evaluator] Actor Episodes = 13921 | Actor Steps = 696050 | Delta Dist = 12.169 | Delta Dist 10 = 8.563 | Delta Dist 100 = 10.423 | Delta Dist 1000 = 10.914 | Episode Length = 50 | Episode Return = 2.0 | Evaluator Episodes = 3513 | Evaluator Steps = 175650 | Final Dist = 0.638 | Final Dist 10 = 4.244 | Final Dist 100 = 2.383 | Final Dist 1000 = 1.892 | Init Dist = 12.806 | Init Dist 10 = 12.806 | Init Dist 100 = 12.806 | Init Dist 1000 = 12.806 | Learner Steps = 10723 | Learner Walltime = 2089.269 | Min Dist = 0.638 | Min Dist 10 = 3.409 | Min Dist 100 = 1.682 | Min Dist 1000 = 1.157 | Steps Per Second = 78.213 | Success = 1.000 | Success 1000 = 0.865
I0502 15:41:06.313360 139579566835264 terminal.py:91] [Evaluator] Actor Episodes = 13929 | Actor Steps = 696450 | Delta Dist = 11.480 | Delta Dist 10 = 9.188 | Delta Dist 100 = 10.435 | Delta Dist 1000 = 10.915 | Episode Length = 50 | Episode Return = 5.0 | Evaluator Episodes = 3515 | Evaluator Steps = 175750 | Final Dist = 1.326 | Final Dist 10 = 3.618 | Final Dist 100 = 2.372 | Final Dist 1000 = 1.892 | Init Dist = 12.806 | Init Dist 10 = 12.806 | Init Dist 100 = 12.806 | Init Dist 1000 = 12.806 | Learner Steps = 10728 | Learner Walltime = 2090.318 | Min Dist = 0.159 | Min Dist 10 = 2.831 | Min Dist 100 = 1.683 | Min Dist 1000 = 1.157 | Steps Per Second = 81.513 | Success = 1.000 | Success 1000 = 0.865
I0502 15:41:07.307923 139558059398720 terminal.py:91] [Actor] Actor Episodes = 13935 | Actor Steps = 696750 | Delta Dist = 5.246 | Delta Dist 10 = 4.260 | Delta Dist 100 = 4.688 | Delta Dist 1000 = 4.278 | Episode Length = 50 | Episode Return = 16.0 | Evaluator Episodes = 3515 | Evaluator Steps = 175750 | Final Dist = 1.462 | Final Dist 10 = 1.945 | Final Dist 100 = 1.041 | Final Dist 1000 = 1.546 | Init Dist = 6.708 | Init Dist 10 = 6.205 | Init Dist 100 = 5.730 | Init Dist 1000 = 5.824 | Learner Steps = 10734 | Learner Walltime = 2091.415 | Min Dist = 0.084 | Min Dist 10 = 0.091 | Min Dist 100 = 0.086 | Min Dist 1000 = 0.253 | Steps Per Second = 74.353 | Success = 1.000 | Success 1000 = 0.983
I0502 15:41:07.461785 139579566835264 terminal.py:91] [Evaluator] Actor Episodes = 13935 | Actor Steps = 696750 | Delta Dist = 12.223 | Delta Dist 10 = 9.732 | Delta Dist 100 = 10.453 | Delta Dist 1000 = 10.914 | Episode Length = 50 | Episode Return = 12.0 | Evaluator Episodes = 3517 | Evaluator Steps = 175850 | Final Dist = 0.583 | Final Dist 10 = 3.074 | Final Dist 100 = 2.353 | Final Dist 1000 = 1.893 | Init Dist = 12.806 | Init Dist 10 = 12.806 | Init Dist 100 = 12.806 | Init Dist 1000 = 12.806 | Learner Steps = 10734 | Learner Walltime = 2091.415 | Min Dist = 0.264 | Min Dist 10 = 2.266 | Min Dist 100 = 1.644 | Min Dist 1000 = 1.157 | Steps Per Second = 78.091 | Success = 1.000 | Success 1000 = 0.865
I0502 15:41:08.135903 139569349502528 terminal.py:91] [Actor] Actor Episodes = 13940 | Actor Steps = 697000 | Delta Dist = 5.657 | Delta Dist 10 = 5.092 | Delta Dist 100 = 4.633 | Delta Dist 1000 = 4.273 | Episode Length = 50 | Episode Return = 27.0 | Evaluator Episodes = 3517 | Evaluator Steps = 175850 | Final Dist = 0.746 | Final Dist 10 = 1.188 | Final Dist 100 = 1.115 | Final Dist 1000 = 1.551 | Init Dist = 6.403 | Init Dist 10 = 6.280 | Init Dist 100 = 5.748 | Init Dist 1000 = 5.823 | Learner Steps = 10734 | Learner Walltime = 2091.415 | Min Dist = 0.018 | Min Dist 10 = 0.092 | Min Dist 100 = 0.085 | Min Dist 1000 = 0.254 | Steps Per Second = 82.514 | Success = 1.000 | Success 1000 = 0.983
I0502 15:41:08.526328 139584504182336 lp_utils.py:96] StepsLimiter: Reached 697150 recorded steps
I0502 15:41:08.634020 139579566835264 terminal.py:91] [Evaluator] Actor Episodes = 13943 | Actor Steps = 697150 | Delta Dist = 11.539 | Delta Dist 10 = 9.791 | Delta Dist 100 = 10.459 | Delta Dist 1000 = 10.915 | Episode Length = 50 | Episode Return = 6.0 | Evaluator Episodes = 3519 | Evaluator Steps = 175950 | Final Dist = 1.268 | Final Dist 10 = 3.015 | Final Dist 100 = 2.347 | Final Dist 1000 = 1.892 | Init Dist = 12.806 | Init Dist 10 = 12.806 | Init Dist 100 = 12.806 | Init Dist 1000 = 12.806 | Learner Steps = 10740 | Learner Walltime = 2092.467 | Min Dist = 0.974 | Min Dist 10 = 2.282 | Min Dist 100 = 1.644 | Min Dist 1000 = 1.156 | Steps Per Second = 86.439 | Success = 1.000 | Success 1000 = 0.866
I0502 15:41:08.839099 139557462840896 terminal.py:91] [Actor] Actor Episodes = 13947 | Actor Steps = 697350 | Delta Dist = 5.720 | Delta Dist 10 = 4.568 | Delta Dist 100 = 4.611 | Delta Dist 1000 = 4.287 | Episode Length = 50 | Episode Return = 38.0 | Evaluator Episodes = 3519 | Evaluator Steps = 175950 | Final Dist = 0.363 | Final Dist 10 = 1.387 | Final Dist 100 = 1.116 | Final Dist 1000 = 1.545 | Init Dist = 6.083 | Init Dist 10 = 5.954 | Init Dist 100 = 5.727 | Init Dist 1000 = 5.831 | Learner Steps = 10740 | Learner Walltime = 2092.467 | Min Dist = 0.001 | Min Dist 10 = 0.071 | Min Dist 100 = 0.083 | Min Dist 1000 = 0.248 | Steps Per Second = 103.543 | Success = 1.000 | Success 1000 = 0.983
I0502 15:41:09.403372 139555013154368 terminal.py:91] [Learner] Actor Episodes = 13949 | Actor Loss = 3.5450825691223145 | Actor Steps = 697450 | Binary Accuracy = 0.9960691928863525 | Categorical Accuracy = 0.40985107421875 | Critic Loss = 1.9840359687805176 | Entropy Mean = -20.738237380981445 | Evaluator Episodes = 3519 | Evaluator Steps = 175950 | Learner Steps = 10744 | Learner Walltime = 2093.596 | Logits Neg = -16.043861389160156 | Logits Pos = -1.9963219165802002 | Logsumexp = 1.155503749847412 | Steps Per Second = 150.214
I0502 15:41:09.437326 139555860620864 terminal.py:91] [Actor] Actor Episodes = 13946 | Actor Steps = 697300 | Delta Dist = 6.104 | Delta Dist 10 = 5.285 | Delta Dist 100 = 4.576 | Delta Dist 1000 = 4.290 | Episode Length = 50 | Episode Return = 24.0 | Evaluator Episodes = 3519 | Evaluator Steps = 175950 | Final Dist = 1.958 | Final Dist 10 = 0.973 | Final Dist 100 = 1.111 | Final Dist 1000 = 1.540 | Init Dist = 8.062 | Init Dist 10 = 6.258 | Init Dist 100 = 5.687 | Init Dist 1000 = 5.829 | Learner Steps = 10740 | Learner Walltime = 2092.467 | Min Dist = 0.016 | Min Dist 10 = 0.078 | Min Dist 100 = 0.084 | Min Dist 1000 = 0.248 | Steps Per Second = 76.287 | Success = 1.000 | Success 1000 = 0.983
I0502 15:41:09.849460 139579566835264 terminal.py:91] [Evaluator] Actor Episodes = 13949 | Actor Steps = 697450 | Delta Dist = 11.780 | Delta Dist 10 = 10.785 | Delta Dist 100 = 10.553 | Delta Dist 1000 = 10.915 | Episode Length = 50 | Episode Return = 5.0 | Evaluator Episodes = 3521 | Evaluator Steps = 176050 | Final Dist = 1.026 | Final Dist 10 = 2.021 | Final Dist 100 = 2.253 | Final Dist 1000 = 1.891 | Init Dist = 12.806 | Init Dist 10 = 12.806 | Init Dist 100 = 12.806 | Init Dist 1000 = 12.806 | Learner Steps = 10744 | Learner Walltime = 2093.596 | Min Dist = 0.433 | Min Dist 10 = 1.387 | Min Dist 100 = 1.551 | Min Dist 1000 = 1.157 | Steps Per Second = 84.750 | Success = 1.000 | Success 1000 = 0.866
I0502 15:41:11.117516 139579566835264 terminal.py:91] [Evaluator] Actor Episodes = 13957 | Actor Steps = 697850 | Delta Dist = 11.207 | Delta Dist 10 = 11.668 | Delta Dist 100 = 10.599 | Delta Dist 1000 = 10.915 | Episode Length = 50 | Episode Return = 12.0 | Evaluator Episodes = 3523 | Evaluator Steps = 176150 | Final Dist = 1.600 | Final Dist 10 = 1.139 | Final Dist 100 = 2.207 | Final Dist 1000 = 1.892 | Init Dist = 12.806 | Init Dist 10 = 12.806 | Init Dist 100 = 12.806 | Init Dist 1000 = 12.806 | Learner Steps = 10751 | Learner Walltime = 2094.884 | Min Dist = 0.082 | Min Dist 10 = 0.438 | Min Dist 100 = 1.496 | Min Dist 1000 = 1.157 | Steps Per Second = 80.729 | Success = 1.000 | Success 1000 = 0.866
I0502 15:41:12.229516 139579566835264 terminal.py:91] [Evaluator] Actor Episodes = 13965 | Actor Steps = 698250 | Delta Dist = 11.530 | Delta Dist 10 = 11.574 | Delta Dist 100 = 10.698 | Delta Dist 1000 = 10.914 | Episode Length = 50 | Episode Return = 19.0 | Evaluator Episodes = 3525 | Evaluator Steps = 176250 | Final Dist = 1.276 | Final Dist 10 = 1.233 | Final Dist 100 = 2.108 | Final Dist 1000 = 1.892 | Init Dist = 12.806 | Init Dist 10 = 12.806 | Init Dist 100 = 12.806 | Init Dist 1000 = 12.806 | Learner Steps = 10758 | Learner Walltime = 2096.230 | Min Dist = 0.076 | Min Dist 10 = 0.373 | Min Dist 100 = 1.386 | Min Dist 1000 = 1.157 | Steps Per Second = 94.549 | Success = 1.000 | Success 1000 = 0.866
I0502 15:41:13.423001 139579566835264 terminal.py:91] [Evaluator] Actor Episodes = 13973 | Actor Steps = 698650 | Delta Dist = 11.536 | Delta Dist 10 = 11.717 | Delta Dist 100 = 10.704 | Delta Dist 1000 = 10.915 | Episode Length = 50 | Episode Return = 19.0 | Evaluator Episodes = 3527 | Evaluator Steps = 176350 | Final Dist = 1.271 | Final Dist 10 = 1.089 | Final Dist 100 = 2.103 | Final Dist 1000 = 1.891 | Init Dist = 12.806 | Init Dist 10 = 12.806 | Init Dist 100 = 12.806 | Init Dist 1000 = 12.806 | Learner Steps = 10764 | Learner Walltime = 2097.254 | Min Dist = 0.413 | Min Dist 10 = 0.329 | Min Dist 100 = 1.380 | Min Dist 1000 = 1.157 | Steps Per Second = 87.626 | Success = 1.000 | Success 1000 = 0.866
I0502 15:41:14.613629 139579566835264 terminal.py:91] [Evaluator] Actor Episodes = 13981 | Actor Steps = 699050 | Delta Dist = 11.956 | Delta Dist 10 = 11.693 | Delta Dist 100 = 10.715 | Delta Dist 1000 = 10.931 | Episode Length = 50 | Episode Return = 16.0 | Evaluator Episodes = 3529 | Evaluator Steps = 176450 | Final Dist = 0.850 | Final Dist 10 = 1.114 | Final Dist 100 = 2.091 | Final Dist 1000 = 1.875 | Init Dist = 12.806 | Init Dist 10 = 12.806 | Init Dist 100 = 12.806 | Init Dist 1000 = 12.806 | Learner Steps = 10768 | Learner Walltime = 2098.310 | Min Dist = 0.089 | Min Dist 10 = 0.336 | Min Dist 100 = 1.352 | Min Dist 1000 = 1.140 | Steps Per Second = 88.263 | Success = 1.000 | Success 1000 = 0.868
I0502 15:41:15.728539 139579566835264 terminal.py:91] [Evaluator] Actor Episodes = 13989 | Actor Steps = 699450 | Delta Dist = 11.422 | Delta Dist 10 = 11.732 | Delta Dist 100 = 10.770 | Delta Dist 1000 = 10.940 | Episode Length = 50 | Episode Return = 1.0 | Evaluator Episodes = 3531 | Evaluator Steps = 176550 | Final Dist = 1.384 | Final Dist 10 = 1.074 | Final Dist 100 = 2.036 | Final Dist 1000 = 1.866 | Init Dist = 12.806 | Init Dist 10 = 12.806 | Init Dist 100 = 12.806 | Init Dist 1000 = 12.806 | Learner Steps = 10775 | Learner Walltime = 2099.328 | Min Dist = 0.418 | Min Dist 10 = 0.204 | Min Dist 100 = 1.288 | Min Dist 1000 = 1.130 | Steps Per Second = 99.654 | Success = 1.000 | Success 1000 = 0.870
I0502 15:41:16.977286 139579566835264 terminal.py:91] [Evaluator] Actor Episodes = 13997 | Actor Steps = 699850 | Delta Dist = 11.457 | Delta Dist 10 = 11.814 | Delta Dist 100 = 10.770 | Delta Dist 1000 = 10.941 | Episode Length = 50 | Episode Return = 22.0 | Evaluator Episodes = 3533 | Evaluator Steps = 176650 | Final Dist = 1.349 | Final Dist 10 = 0.992 | Final Dist 100 = 2.037 | Final Dist 1000 = 1.865 | Init Dist = 12.806 | Init Dist 10 = 12.806 | Init Dist 100 = 12.806 | Init Dist 1000 = 12.806 | Learner Steps = 10780 | Learner Walltime = 2100.452 | Min Dist = 0.024 | Min Dist 10 = 0.204 | Min Dist 100 = 1.293 | Min Dist 1000 = 1.130 | Steps Per Second = 78.667 | Success = 1.000 | Success 1000 = 0.870
I0502 15:41:17.822394 139558059398720 terminal.py:91] [Actor] Actor Episodes = 14002 | Actor Steps = 700100 | Delta Dist = 3.135 | Delta Dist 10 = 4.231 | Delta Dist 100 = 4.539 | Delta Dist 1000 = 4.340 | Episode Length = 50 | Episode Return = 42.0 | Evaluator Episodes = 3533 | Evaluator Steps = 176650 | Final Dist = 0.470 | Final Dist 10 = 2.394 | Final Dist 100 = 1.388 | Final Dist 1000 = 1.524 | Init Dist = 3.606 | Init Dist 10 = 6.624 | Init Dist 100 = 5.926 | Init Dist 1000 = 5.864 | Learner Steps = 10780 | Learner Walltime = 2100.452 | Min Dist = 0.055 | Min Dist 10 = 0.122 | Min Dist 100 = 0.087 | Min Dist 1000 = 0.231 | Steps Per Second = 86.457 | Success = 1.000 | Success 1000 = 0.983
I0502 15:41:18.138233 139579566835264 terminal.py:91] [Evaluator] Actor Episodes = 14007 | Actor Steps = 700350 | Delta Dist = 12.378 | Delta Dist 10 = 11.794 | Delta Dist 100 = 10.764 | Delta Dist 1000 = 10.944 | Episode Length = 50 | Episode Return = 8.0 | Evaluator Episodes = 3535 | Evaluator Steps = 176750 | Final Dist = 0.428 | Final Dist 10 = 1.013 | Final Dist 100 = 2.043 | Final Dist 1000 = 1.862 | Init Dist = 12.806 | Init Dist 10 = 12.806 | Init Dist 100 = 12.806 | Init Dist 1000 = 12.806 | Learner Steps = 10786 | Learner Walltime = 2101.557 | Min Dist = 0.096 | Min Dist 10 = 0.282 | Min Dist 100 = 1.299 | Min Dist 1000 = 1.125 | Steps Per Second = 87.524 | Success = 1.000 | Success 1000 = 0.872
I0502 15:41:18.193259 139569349502528 terminal.py:91] [Actor] Actor Episodes = 14006 | Actor Steps = 700300 | Delta Dist = 3.466 | Delta Dist 10 = 4.242 | Delta Dist 100 = 4.528 | Delta Dist 1000 = 4.332 | Episode Length = 50 | Episode Return = 46.0 | Evaluator Episodes = 3533 | Evaluator Steps = 176650 | Final Dist = 0.140 | Final Dist 10 = 1.930 | Final Dist 100 = 1.396 | Final Dist 1000 = 1.522 | Init Dist = 3.606 | Init Dist 10 = 6.172 | Init Dist 100 = 5.924 | Init Dist 1000 = 5.854 | Learner Steps = 10786 | Learner Walltime = 2101.557 | Min Dist = 0.100 | Min Dist 10 = 0.126 | Min Dist 100 = 0.087 | Min Dist 1000 = 0.231 | Steps Per Second = 84.099 | Success = 1.000 | Success 1000 = 0.983
I0502 15:41:18.542017 139584504182336 lp_utils.py:96] StepsLimiter: Reached 700450 recorded steps
I0502 15:41:19.345930 139579566835264 terminal.py:91] [Evaluator] Actor Episodes = 14013 | Actor Steps = 700650 | Delta Dist = 11.473 | Delta Dist 10 = 11.773 | Delta Dist 100 = 10.977 | Delta Dist 1000 = 10.945 | Episode Length = 50 | Episode Return = 13.0 | Evaluator Episodes = 3537 | Evaluator Steps = 176850 | Final Dist = 1.333 | Final Dist 10 = 1.033 | Final Dist 100 = 1.830 | Final Dist 1000 = 1.862 | Init Dist = 12.806 | Init Dist 10 = 12.806 | Init Dist 100 = 12.806 | Init Dist 1000 = 12.806 | Learner Steps = 10792 | Learner Walltime = 2102.579 | Min Dist = 0.062 | Min Dist 10 = 0.281 | Min Dist 100 = 1.086 | Min Dist 1000 = 1.125 | Steps Per Second = 84.547 | Success = 1.000 | Success 1000 = 0.872
I0502 15:41:19.363773 139557462840896 terminal.py:91] [Actor] Actor Episodes = 14015 | Actor Steps = 700750 | Delta Dist = 7.582 | Delta Dist 10 = 5.220 | Delta Dist 100 = 4.688 | Delta Dist 1000 = 4.335 | Episode Length = 50 | Episode Return = 24.0 | Evaluator Episodes = 3537 | Evaluator Steps = 176850 | Final Dist = 0.418 | Final Dist 10 = 1.426 | Final Dist 100 = 1.419 | Final Dist 1000 = 1.524 | Init Dist = 8.000 | Init Dist 10 = 6.646 | Init Dist 100 = 6.108 | Init Dist 1000 = 5.859 | Learner Steps = 10792 | Learner Walltime = 2102.579 | Min Dist = 0.227 | Min Dist 10 = 0.092 | Min Dist 100 = 0.090 | Min Dist 1000 = 0.230 | Steps Per Second = 83.498 | Success = 1.000 | Success 1000 = 0.983
I0502 15:41:19.451794 139555013154368 terminal.py:91] [Learner] Actor Episodes = 14015 | Actor Loss = 3.46683931350708 | Actor Steps = 700750 | Binary Accuracy = 0.995990514755249 | Categorical Accuracy = 0.41290283203125 | Critic Loss = 1.9952523708343506 | Entropy Mean = -18.9849853515625 | Evaluator Episodes = 3537 | Evaluator Steps = 176850 | Learner Steps = 10797 | Learner Walltime = 2103.648 | Logits Neg = -16.06403923034668 | Logits Pos = -1.9562495946884155 | Logsumexp = 1.222050428390503 | Steps Per Second = 220.626
I0502 15:41:19.882490 139555860620864 terminal.py:91] [Actor] Actor Episodes = 14019 | Actor Steps = 700950 | Delta Dist = 9.121 | Delta Dist 10 = 4.783 | Delta Dist 100 = 4.620 | Delta Dist 1000 = 4.340 | Episode Length = 50 | Episode Return = 23.0 | Evaluator Episodes = 3537 | Evaluator Steps = 176850 | Final Dist = 1.319 | Final Dist 10 = 2.264 | Final Dist 100 = 1.514 | Final Dist 1000 = 1.531 | Init Dist = 10.440 | Init Dist 10 = 7.048 | Init Dist 100 = 6.134 | Init Dist 1000 = 5.872 | Learner Steps = 10797 | Learner Walltime = 2103.648 | Min Dist = 0.071 | Min Dist 10 = 0.135 | Min Dist 100 = 0.094 | Min Dist 1000 = 0.231 | Steps Per Second = 86.993 | Success = 1.000 | Success 1000 = 0.983
I0502 15:41:20.535853 139579566835264 terminal.py:91] [Evaluator] Actor Episodes = 14021 | Actor Steps = 701050 | Delta Dist = 12.196 | Delta Dist 10 = 11.843 | Delta Dist 100 = 11.090 | Delta Dist 1000 = 10.956 | Episode Length = 50 | Episode Return = 11.0 | Evaluator Episodes = 3539 | Evaluator Steps = 176950 | Final Dist = 0.611 | Final Dist 10 = 0.963 | Final Dist 100 = 1.716 | Final Dist 1000 = 1.850 | Init Dist = 12.806 | Init Dist 10 = 12.806 | Init Dist 100 = 12.806 | Init Dist 1000 = 12.806 | Learner Steps = 10797 | Learner Walltime = 2103.648 | Min Dist = 0.163 | Min Dist 10 = 0.262 | Min Dist 100 = 0.986 | Min Dist 1000 = 1.114 | Steps Per Second = 81.416 | Success = 1.000 | Success 1000 = 0.873
I0502 15:41:21.786812 139579566835264 terminal.py:91] [Evaluator] Actor Episodes = 14029 | Actor Steps = 701450 | Delta Dist = 11.440 | Delta Dist 10 = 11.924 | Delta Dist 100 = 11.100 | Delta Dist 1000 = 10.956 | Episode Length = 50 | Episode Return = 9.0 | Evaluator Episodes = 3541 | Evaluator Steps = 177050 | Final Dist = 1.366 | Final Dist 10 = 0.882 | Final Dist 100 = 1.706 | Final Dist 1000 = 1.850 | Init Dist = 12.806 | Init Dist 10 = 12.806 | Init Dist 100 = 12.806 | Init Dist 1000 = 12.806 | Learner Steps = 10803 | Learner Walltime = 2104.867 | Min Dist = 0.224 | Min Dist 10 = 0.257 | Min Dist 100 = 0.987 | Min Dist 1000 = 1.115 | Steps Per Second = 84.093 | Success = 1.000 | Success 1000 = 0.873
I0502 15:41:22.952877 139579566835264 terminal.py:91] [Evaluator] Actor Episodes = 14037 | Actor Steps = 701850 | Delta Dist = 11.539 | Delta Dist 10 = 11.903 | Delta Dist 100 = 11.103 | Delta Dist 1000 = 10.964 | Episode Length = 50 | Episode Return = 11.0 | Evaluator Episodes = 3543 | Evaluator Steps = 177150 | Final Dist = 1.267 | Final Dist 10 = 0.903 | Final Dist 100 = 1.703 | Final Dist 1000 = 1.842 | Init Dist = 12.806 | Init Dist 10 = 12.806 | Init Dist 100 = 12.806 | Init Dist 1000 = 12.806 | Learner Steps = 10809 | Learner Walltime = 2105.994 | Min Dist = 0.489 | Min Dist 10 = 0.220 | Min Dist 100 = 0.987 | Min Dist 1000 = 1.108 | Steps Per Second = 89.124 | Success = 1.000 | Success 1000 = 0.874
I0502 15:41:24.153344 139579566835264 terminal.py:91] [Evaluator] Actor Episodes = 14046 | Actor Steps = 702300 | Delta Dist = 6.190 | Delta Dist 10 = 11.975 | Delta Dist 100 = 11.106 | Delta Dist 1000 = 10.965 | Episode Length = 50 | Episode Return = 0.0 | Evaluator Episodes = 3545 | Evaluator Steps = 177250 | Final Dist = 6.616 | Final Dist 10 = 0.832 | Final Dist 100 = 1.700 | Final Dist 1000 = 1.841 | Init Dist = 12.806 | Init Dist 10 = 12.806 | Init Dist 100 = 12.806 | Init Dist 1000 = 12.806 | Learner Steps = 10815 | Learner Walltime = 2107.286 | Min Dist = 5.897 | Min Dist 10 = 0.207 | Min Dist 100 = 0.990 | Min Dist 1000 = 1.109 | Steps Per Second = 83.032 | Success = 0.000 | Success 1000 = 0.874
I0502 15:41:25.276566 139579566835264 terminal.py:91] [Evaluator] Actor Episodes = 14054 | Actor Steps = 702700 | Delta Dist = 1.533 | Delta Dist 10 = 11.472 | Delta Dist 100 = 11.058 | Delta Dist 1000 = 10.961 | Episode Length = 50 | Episode Return = 0.0 | Evaluator Episodes = 3547 | Evaluator Steps = 177350 | Final Dist = 11.273 | Final Dist 10 = 1.334 | Final Dist 100 = 1.749 | Final Dist 1000 = 1.846 | Init Dist = 12.806 | Init Dist 10 = 12.806 | Init Dist 100 = 12.806 | Init Dist 1000 = 12.806 | Learner Steps = 10822 | Learner Walltime = 2108.644 | Min Dist = 10.593 | Min Dist 10 = 0.781 | Min Dist 100 = 1.045 | Min Dist 1000 = 1.114 | Steps Per Second = 86.125 | Success = 0.000 | Success 1000 = 0.873
I0502 15:41:26.502087 139579566835264 terminal.py:91] [Evaluator] Actor Episodes = 14062 | Actor Steps = 703100 | Delta Dist = 11.461 | Delta Dist 10 = 10.277 | Delta Dist 100 = 11.045 | Delta Dist 1000 = 10.955 | Episode Length = 50 | Episode Return = 15.0 | Evaluator Episodes = 3549 | Evaluator Steps = 177450 | Final Dist = 1.346 | Final Dist 10 = 2.530 | Final Dist 100 = 1.761 | Final Dist 1000 = 1.851 | Init Dist = 12.806 | Init Dist 10 = 12.806 | Init Dist 100 = 12.806 | Init Dist 1000 = 12.806 | Learner Steps = 10828 | Learner Walltime = 2109.781 | Min Dist = 0.581 | Min Dist 10 = 2.036 | Min Dist 100 = 1.051 | Min Dist 1000 = 1.120 | Steps Per Second = 79.618 | Success = 1.000 | Success 1000 = 0.872
I0502 15:41:27.695309 139579566835264 terminal.py:91] [Evaluator] Actor Episodes = 14070 | Actor Steps = 703500 | Delta Dist = 11.437 | Delta Dist 10 = 10.208 | Delta Dist 100 = 11.032 | Delta Dist 1000 = 10.955 | Episode Length = 50 | Episode Return = 19.0 | Evaluator Episodes = 3551 | Evaluator Steps = 177550 | Final Dist = 1.369 | Final Dist 10 = 2.598 | Final Dist 100 = 1.774 | Final Dist 1000 = 1.851 | Init Dist = 12.806 | Init Dist 10 = 12.806 | Init Dist 100 = 12.806 | Init Dist 1000 = 12.806 | Learner Steps = 10834 | Learner Walltime = 2110.945 | Min Dist = 0.287 | Min Dist 10 = 2.106 | Min Dist 100 = 1.058 | Min Dist 1000 = 1.121 | Steps Per Second = 82.832 | Success = 1.000 | Success 1000 = 0.872
I0502 15:41:27.970944 139558059398720 terminal.py:91] [Actor] Actor Episodes = 14074 | Actor Steps = 703700 | Delta Dist = 5.462 | Delta Dist 10 = 2.549 | Delta Dist 100 = 4.166 | Delta Dist 1000 = 4.313 | Episode Length = 50 | Episode Return = 33.0 | Evaluator Episodes = 3551 | Evaluator Steps = 177550 | Final Dist = 0.538 | Final Dist 10 = 2.027 | Final Dist 100 = 1.960 | Final Dist 1000 = 1.580 | Init Dist = 6.000 | Init Dist 10 = 4.576 | Init Dist 100 = 6.126 | Init Dist 1000 = 5.892 | Learner Steps = 10840 | Learner Walltime = 2112.158 | Min Dist = 0.055 | Min Dist 10 = 0.259 | Min Dist 100 = 0.125 | Min Dist 1000 = 0.233 | Steps Per Second = 84.542 | Success = 1.000 | Success 1000 = 0.982
I0502 15:41:28.560213 139584504182336 lp_utils.py:96] StepsLimiter: Reached 703700 recorded steps
I0502 15:41:28.635198 139569349502528 terminal.py:91] [Actor] Actor Episodes = 14078 | Actor Steps = 703900 | Delta Dist = 3.127 | Delta Dist 10 = 3.484 | Delta Dist 100 = 4.251 | Delta Dist 1000 = 4.311 | Episode Length = 50 | Episode Return = 22.0 | Evaluator Episodes = 3551 | Evaluator Steps = 177550 | Final Dist = 0.035 | Final Dist 10 = 1.739 | Final Dist 100 = 1.955 | Final Dist 1000 = 1.588 | Init Dist = 3.162 | Init Dist 10 = 5.223 | Init Dist 100 = 6.206 | Init Dist 1000 = 5.899 | Learner Steps = 10840 | Learner Walltime = 2112.158 | Min Dist = 0.035 | Min Dist 10 = 0.939 | Min Dist 100 = 0.200 | Min Dist 1000 = 0.241 | Steps Per Second = 82.793 | Success = 1.000 | Success 1000 = 0.982
I0502 15:41:28.781856 139579566835264 terminal.py:91] [Evaluator] Actor Episodes = 14078 | Actor Steps = 703900 | Delta Dist = 11.460 | Delta Dist 10 = 10.118 | Delta Dist 100 = 11.051 | Delta Dist 1000 = 10.954 | Episode Length = 50 | Episode Return = 2.0 | Evaluator Episodes = 3553 | Evaluator Steps = 177650 | Final Dist = 1.347 | Final Dist 10 = 2.689 | Final Dist 100 = 1.755 | Final Dist 1000 = 1.852 | Init Dist = 12.806 | Init Dist 10 = 12.806 | Init Dist 100 = 12.806 | Init Dist 1000 = 12.806 | Learner Steps = 10840 | Learner Walltime = 2112.158 | Min Dist = 0.444 | Min Dist 10 = 2.153 | Min Dist 100 = 1.030 | Min Dist 1000 = 1.121 | Steps Per Second = 94.162 | Success = 1.000 | Success 1000 = 0.872
I0502 15:41:29.684097 139557462840896 terminal.py:91] [Actor] Actor Episodes = 14081 | Actor Steps = 704050 | Delta Dist = 5.754 | Delta Dist 10 = 4.678 | Delta Dist 100 = 4.153 | Delta Dist 1000 = 4.317 | Episode Length = 50 | Episode Return = 37.0 | Evaluator Episodes = 3553 | Evaluator Steps = 177650 | Final Dist = 0.329 | Final Dist 10 = 2.004 | Final Dist 100 = 2.019 | Final Dist 1000 = 1.589 | Init Dist = 6.083 | Init Dist 10 = 6.682 | Init Dist 100 = 6.172 | Init Dist 1000 = 5.907 | Learner Steps = 10840 | Learner Walltime = 2112.158 | Min Dist = 0.011 | Min Dist 10 = 0.917 | Min Dist 100 = 0.206 | Min Dist 1000 = 0.241 | Steps Per Second = 85.059 | Success = 1.000 | Success 1000 = 0.982
I0502 15:41:29.931927 139555013154368 terminal.py:91] [Learner] Actor Episodes = 14082 | Actor Loss = 3.6811201572418213 | Actor Steps = 704100 | Binary Accuracy = 0.9960517883300781 | Categorical Accuracy = 0.41387939453125 | Critic Loss = 1.970247745513916 | Entropy Mean = -19.761280059814453 | Evaluator Episodes = 3553 | Evaluator Steps = 177650 | Learner Steps = 10851 | Learner Walltime = 2114.127 | Logits Neg = -16.10763931274414 | Logits Pos = -1.9699476957321167 | Logsumexp = 1.1403474807739258 | Steps Per Second = 127.970
I0502 15:41:30.024141 139579566835264 terminal.py:91] [Evaluator] Actor Episodes = 14086 | Actor Steps = 704300 | Delta Dist = 12.392 | Delta Dist 10 = 10.027 | Delta Dist 100 = 11.039 | Delta Dist 1000 = 10.954 | Episode Length = 50 | Episode Return = 10.0 | Evaluator Episodes = 3555 | Evaluator Steps = 177750 | Final Dist = 0.414 | Final Dist 10 = 2.779 | Final Dist 100 = 1.767 | Final Dist 1000 = 1.852 | Init Dist = 12.806 | Init Dist 10 = 12.806 | Init Dist 100 = 12.806 | Init Dist 1000 = 12.806 | Learner Steps = 10847 | Learner Walltime = 2113.392 | Min Dist = 0.084 | Min Dist 10 = 2.134 | Min Dist 100 = 1.024 | Min Dist 1000 = 1.121 | Steps Per Second = 78.095 | Success = 1.000 | Success 1000 = 0.872
I0502 15:41:30.486525 139555860620864 terminal.py:91] [Actor] Actor Episodes = 14085 | Actor Steps = 704250 | Delta Dist = 3.041 | Delta Dist 10 = 5.353 | Delta Dist 100 = 4.163 | Delta Dist 1000 = 4.319 | Episode Length = 50 | Episode Return = 32.0 | Evaluator Episodes = 3553 | Evaluator Steps = 177650 | Final Dist = 0.122 | Final Dist 10 = 1.660 | Final Dist 100 = 2.091 | Final Dist 1000 = 1.593 | Init Dist = 3.162 | Init Dist 10 = 7.013 | Init Dist 100 = 6.254 | Init Dist 1000 = 5.912 | Learner Steps = 10847 | Learner Walltime = 2113.392 | Min Dist = 0.122 | Min Dist 10 = 0.129 | Min Dist 100 = 0.206 | Min Dist 1000 = 0.241 | Steps Per Second = 76.383 | Success = 1.000 | Success 1000 = 0.982
I0502 15:41:31.120094 139579566835264 terminal.py:91] [Evaluator] Actor Episodes = 14094 | Actor Steps = 704700 | Delta Dist = 11.299 | Delta Dist 10 = 10.524 | Delta Dist 100 = 11.037 | Delta Dist 1000 = 10.959 | Episode Length = 50 | Episode Return = 7.0 | Evaluator Episodes = 3557 | Evaluator Steps = 177850 | Final Dist = 1.507 | Final Dist 10 = 2.282 | Final Dist 100 = 1.769 | Final Dist 1000 = 1.847 | Init Dist = 12.806 | Init Dist 10 = 12.806 | Init Dist 100 = 12.806 | Init Dist 1000 = 12.806 | Learner Steps = 10854 | Learner Walltime = 2114.699 | Min Dist = 0.127 | Min Dist 10 = 1.574 | Min Dist 100 = 1.025 | Min Dist 1000 = 1.116 | Steps Per Second = 94.854 | Success = 1.000 | Success 1000 = 0.873
I0502 15:41:32.240786 139579566835264 terminal.py:91] [Evaluator] Actor Episodes = 14102 | Actor Steps = 705100 | Delta Dist = 12.389 | Delta Dist 10 = 11.609 | Delta Dist 100 = 11.112 | Delta Dist 1000 = 10.958 | Episode Length = 50 | Episode Return = 19.0 | Evaluator Episodes = 3559 | Evaluator Steps = 177950 | Final Dist = 0.418 | Final Dist 10 = 1.197 | Final Dist 100 = 1.694 | Final Dist 1000 = 1.848 | Init Dist = 12.806 | Init Dist 10 = 12.806 | Init Dist 100 = 12.806 | Init Dist 1000 = 12.806 | Learner Steps = 10860 | Learner Walltime = 2115.752 | Min Dist = 0.172 | Min Dist 10 = 0.297 | Min Dist 100 = 0.955 | Min Dist 1000 = 1.115 | Steps Per Second = 87.501 | Success = 1.000 | Success 1000 = 0.873
I0502 15:41:33.431397 139579566835264 terminal.py:91] [Evaluator] Actor Episodes = 14108 | Actor Steps = 705400 | Delta Dist = 12.405 | Delta Dist 10 = 11.652 | Delta Dist 100 = 11.117 | Delta Dist 1000 = 10.958 | Episode Length = 50 | Episode Return = 25.0 | Evaluator Episodes = 3561 | Evaluator Steps = 178050 | Final Dist = 0.401 | Final Dist 10 = 1.154 | Final Dist 100 = 1.689 | Final Dist 1000 = 1.848 | Init Dist = 12.806 | Init Dist 10 = 12.806 | Init Dist 100 = 12.806 | Init Dist 1000 = 12.806 | Learner Steps = 10865 | Learner Walltime = 2116.805 | Min Dist = 0.396 | Min Dist 10 = 0.289 | Min Dist 100 = 0.956 | Min Dist 1000 = 1.116 | Steps Per Second = 84.232 | Success = 1.000 | Success 1000 = 0.873
I0502 15:41:34.513968 139579566835264 terminal.py:91] [Evaluator] Actor Episodes = 14116 | Actor Steps = 705800 | Delta Dist = 5.127 | Delta Dist 10 = 11.745 | Delta Dist 100 = 11.191 | Delta Dist 1000 = 10.957 | Episode Length = 50 | Episode Return = 0.0 | Evaluator Episodes = 3563 | Evaluator Steps = 178150 | Final Dist = 7.679 | Final Dist 10 = 1.061 | Final Dist 100 = 1.615 | Final Dist 1000 = 1.849 | Init Dist = 12.806 | Init Dist 10 = 12.806 | Init Dist 100 = 12.806 | Init Dist 1000 = 12.806 | Learner Steps = 10872 | Learner Walltime = 2118.341 | Min Dist = 6.057 | Min Dist 10 = 0.291 | Min Dist 100 = 0.895 | Min Dist 1000 = 1.116 | Steps Per Second = 90.126 | Success = 0.000 | Success 1000 = 0.873
I0502 15:41:35.764097 139579566835264 terminal.py:91] [Evaluator] Actor Episodes = 14124 | Actor Steps = 706200 | Delta Dist = 11.102 | Delta Dist 10 = 11.136 | Delta Dist 100 = 11.120 | Delta Dist 1000 = 10.958 | Episode Length = 50 | Episode Return = 15.0 | Evaluator Episodes = 3565 | Evaluator Steps = 178250 | Final Dist = 1.704 | Final Dist 10 = 1.670 | Final Dist 100 = 1.687 | Final Dist 1000 = 1.848 | Init Dist = 12.806 | Init Dist 10 = 12.806 | Init Dist 100 = 12.806 | Init Dist 1000 = 12.806 | Learner Steps = 10879 | Learner Walltime = 2119.572 | Min Dist = 0.144 | Min Dist 10 = 0.833 | Min Dist 100 = 0.953 | Min Dist 1000 = 1.114 | Steps Per Second = 83.194 | Success = 1.000 | Success 1000 = 0.873
I0502 15:41:36.953302 139579566835264 terminal.py:91] [Evaluator] Actor Episodes = 14132 | Actor Steps = 706600 | Delta Dist = 11.765 | Delta Dist 10 = 11.039 | Delta Dist 100 = 11.126 | Delta Dist 1000 = 10.957 | Episode Length = 50 | Episode Return = 17.0 | Evaluator Episodes = 3567 | Evaluator Steps = 178350 | Final Dist = 1.042 | Final Dist 10 = 1.768 | Final Dist 100 = 1.680 | Final Dist 1000 = 1.849 | Init Dist = 12.806 | Init Dist 10 = 12.806 | Init Dist 100 = 12.806 | Init Dist 1000 = 12.806 | Learner Steps = 10886 | Learner Walltime = 2120.854 | Min Dist = 0.607 | Min Dist 10 = 0.834 | Min Dist 100 = 0.947 | Min Dist 1000 = 1.114 | Steps Per Second = 80.044 | Success = 1.000 | Success 1000 = 0.873
I0502 15:41:37.973924 139579566835264 terminal.py:91] [Evaluator] Actor Episodes = 14140 | Actor Steps = 707000 | Delta Dist = 11.900 | Delta Dist 10 = 11.101 | Delta Dist 100 = 11.128 | Delta Dist 1000 = 10.956 | Episode Length = 50 | Episode Return = 16.0 | Evaluator Episodes = 3569 | Evaluator Steps = 178450 | Final Dist = 0.906 | Final Dist 10 = 1.705 | Final Dist 100 = 1.678 | Final Dist 1000 = 1.850 | Init Dist = 12.806 | Init Dist 10 = 12.806 | Init Dist 100 = 12.806 | Init Dist 1000 = 12.806 | Learner Steps = 10886 | Learner Walltime = 2120.854 | Min Dist = 0.167 | Min Dist 10 = 0.890 | Min Dist 100 = 0.945 | Min Dist 1000 = 1.114 | Steps Per Second = 97.708 | Success = 1.000 | Success 1000 = 0.873
I0502 15:41:38.345566 139558059398720 terminal.py:91] [Actor] Actor Episodes = 14139 | Actor Steps = 706950 | Delta Dist = 5.621 | Delta Dist 10 = 5.046 | Delta Dist 100 = 4.358 | Delta Dist 1000 = 4.324 | Episode Length = 50 | Episode Return = 43.0 | Evaluator Episodes = 3567 | Evaluator Steps = 178350 | Final Dist = 0.036 | Final Dist 10 = 0.536 | Final Dist 100 = 1.637 | Final Dist 1000 = 1.548 | Init Dist = 5.657 | Init Dist 10 = 5.582 | Init Dist 100 = 5.995 | Init Dist 1000 = 5.872 | Learner Steps = 10886 | Learner Walltime = 2120.854 | Min Dist = 0.036 | Min Dist 10 = 0.060 | Min Dist 100 = 0.193 | Min Dist 1000 = 0.233 | Steps Per Second = 83.033 | Success = 1.000 | Success 1000 = 0.982
I0502 15:41:38.582024 139584504182336 lp_utils.py:96] StepsLimiter: Reached 707200 recorded steps
I0502 15:41:39.172609 139569349502528 terminal.py:91] [Actor] Actor Episodes = 14148 | Actor Steps = 707400 | Delta Dist = 0.828 | Delta Dist 10 = 4.242 | Delta Dist 100 = 4.316 | Delta Dist 1000 = 4.331 | Episode Length = 50 | Episode Return = 23.0 | Evaluator Episodes = 3569 | Evaluator Steps = 178450 | Final Dist = 8.606 | Final Dist 10 = 1.750 | Final Dist 100 = 1.640 | Final Dist 1000 = 1.548 | Init Dist = 9.434 | Init Dist 10 = 5.992 | Init Dist 100 = 5.955 | Init Dist 1000 = 5.879 | Learner Steps = 10900 | Learner Walltime = 2123.370 | Min Dist = 0.185 | Min Dist 10 = 0.087 | Min Dist 100 = 0.193 | Min Dist 1000 = 0.225 | Steps Per Second = 83.588 | Success = 1.000 | Success 1000 = 0.982
I0502 15:41:39.208009 139579566835264 terminal.py:91] [Evaluator] Actor Episodes = 14148 | Actor Steps = 707400 | Delta Dist = 11.204 | Delta Dist 10 = 11.156 | Delta Dist 100 = 11.143 | Delta Dist 1000 = 10.957 | Episode Length = 50 | Episode Return = 3.0 | Evaluator Episodes = 3571 | Evaluator Steps = 178550 | Final Dist = 1.602 | Final Dist 10 = 1.650 | Final Dist 100 = 1.663 | Final Dist 1000 = 1.849 | Init Dist = 12.806 | Init Dist 10 = 12.806 | Init Dist 100 = 12.806 | Init Dist 1000 = 12.806 | Learner Steps = 10900 | Learner Walltime = 2123.370 | Min Dist = 0.654 | Min Dist 10 = 0.844 | Min Dist 100 = 0.944 | Min Dist 1000 = 1.114 | Steps Per Second = 84.076 | Success = 1.000 | Success 1000 = 0.873
I0502 15:41:39.805912 139557462840896 terminal.py:91] [Actor] Actor Episodes = 14152 | Actor Steps = 707600 | Delta Dist = 0.415 | Delta Dist 10 = 3.697 | Delta Dist 100 = 4.302 | Delta Dist 1000 = 4.322 | Episode Length = 50 | Episode Return = 31.0 | Evaluator Episodes = 3571 | Evaluator Steps = 178550 | Final Dist = 1.000 | Final Dist 10 = 2.324 | Final Dist 100 = 1.684 | Final Dist 1000 = 1.553 | Init Dist = 1.414 | Init Dist 10 = 6.021 | Init Dist 100 = 5.986 | Init Dist 1000 = 5.875 | Learner Steps = 10900 | Learner Walltime = 2123.370 | Min Dist = 1.000 | Min Dist 10 = 0.103 | Min Dist 100 = 0.192 | Min Dist 1000 = 0.225 | Steps Per Second = 75.643 | Success = 1.000 | Success 1000 = 0.982
I0502 15:41:39.957808 139555013154368 terminal.py:91] [Learner] Actor Episodes = 14146 | Actor Loss = 3.703756809234619 | Actor Steps = 707300 | Binary Accuracy = 0.9960689544677734 | Categorical Accuracy = 0.42803955078125 | Critic Loss = 1.9306893348693848 | Entropy Mean = -20.185972213745117 | Evaluator Episodes = 3569 | Evaluator Steps = 178450 | Learner Steps = 10904 | Learner Walltime = 2124.157 | Logits Neg = -16.06446075439453 | Logits Pos = -1.8996448516845703 | Logsumexp = 1.123626470565796 | Steps Per Second = 1307.483
I0502 15:41:40.380875 139583350109760 savers.py:156] Saving checkpoint: logs/contrastive_cpc_point_FourRooms_64/5dd72662-2788-11f0-b183-d85ed38c5779/checkpoints/learner
I0502 15:41:40.413449 139579566835264 terminal.py:91] [Evaluator] Actor Episodes = 14156 | Actor Steps = 707800 | Delta Dist = 12.172 | Delta Dist 10 = 11.073 | Delta Dist 100 = 11.137 | Delta Dist 1000 = 10.957 | Episode Length = 50 | Episode Return = 19.0 | Evaluator Episodes = 3573 | Evaluator Steps = 178650 | Final Dist = 0.634 | Final Dist 10 = 1.733 | Final Dist 100 = 1.669 | Final Dist 1000 = 1.850 | Init Dist = 12.806 | Init Dist 10 = 12.806 | Init Dist 100 = 12.806 | Init Dist 1000 = 12.806 | Learner Steps = 10905 | Learner Walltime = 2124.583 | Min Dist = 0.075 | Min Dist 10 = 0.914 | Min Dist 100 = 0.950 | Min Dist 1000 = 1.115 | Steps Per Second = 85.610 | Success = 1.000 | Success 1000 = 0.873
I0502 15:41:40.652775 139555860620864 terminal.py:91] [Actor] Actor Episodes = 14158 | Actor Steps = 707900 | Delta Dist = 3.475 | Delta Dist 10 = 3.039 | Delta Dist 100 = 4.307 | Delta Dist 1000 = 4.304 | Episode Length = 50 | Episode Return = 46.0 | Evaluator Episodes = 3573 | Evaluator Steps = 178650 | Final Dist = 0.130 | Final Dist 10 = 1.535 | Final Dist 100 = 1.445 | Final Dist 1000 = 1.546 | Init Dist = 3.606 | Init Dist 10 = 4.574 | Init Dist 100 = 5.752 | Init Dist 1000 = 5.850 | Learner Steps = 10905 | Learner Walltime = 2124.583 | Min Dist = 0.012 | Min Dist 10 = 0.143 | Min Dist 100 = 0.197 | Min Dist 1000 = 0.225 | Steps Per Second = 75.667 | Success = 1.000 | Success 1000 = 0.982
I0502 15:41:41.653450 139579566835264 terminal.py:91] [Evaluator] Actor Episodes = 14162 | Actor Steps = 708100 | Delta Dist = 11.810 | Delta Dist 10 = 11.765 | Delta Dist 100 = 11.136 | Delta Dist 1000 = 10.958 | Episode Length = 50 | Episode Return = 21.0 | Evaluator Episodes = 3575 | Evaluator Steps = 178750 | Final Dist = 0.996 | Final Dist 10 = 1.041 | Final Dist 100 = 1.671 | Final Dist 1000 = 1.848 | Init Dist = 12.806 | Init Dist 10 = 12.806 | Init Dist 100 = 12.806 | Init Dist 1000 = 12.806 | Learner Steps = 10911 | Learner Walltime = 2125.797 | Min Dist = 0.160 | Min Dist 10 = 0.331 | Min Dist 100 = 0.943 | Min Dist 1000 = 1.115 | Steps Per Second = 82.878 | Success = 1.000 | Success 1000 = 0.873
I0502 15:41:42.419028 139584635659840 savers.py:156] Saving checkpoint: logs/contrastive_cpc_point_FourRooms_64/5dd72662-2788-11f0-b183-d85ed38c5779/checkpoints/counter
I0502 15:41:42.910775 139579566835264 terminal.py:91] [Evaluator] Actor Episodes = 14170 | Actor Steps = 708500 | Delta Dist = 9.414 | Delta Dist 10 = 11.930 | Delta Dist 100 = 11.138 | Delta Dist 1000 = 10.959 | Episode Length = 50 | Episode Return = 0.0 | Evaluator Episodes = 3577 | Evaluator Steps = 178850 | Final Dist = 3.392 | Final Dist 10 = 0.877 | Final Dist 100 = 1.668 | Final Dist 1000 = 1.847 | Init Dist = 12.806 | Init Dist 10 = 12.806 | Init Dist 100 = 12.806 | Init Dist 1000 = 12.806 | Learner Steps = 10911 | Learner Walltime = 2125.797 | Min Dist = 3.392 | Min Dist 10 = 0.314 | Min Dist 100 = 0.935 | Min Dist 1000 = 1.115 | Steps Per Second = 80.228 | Success = 0.000 | Success 1000 = 0.873
I0502 15:41:44.122637 139579566835264 terminal.py:91] [Evaluator] Actor Episodes = 14178 | Actor Steps = 708900 | Delta Dist = 11.287 | Delta Dist 10 = 11.772 | Delta Dist 100 = 11.130 | Delta Dist 1000 = 10.958 | Episode Length = 50 | Episode Return = 21.0 | Evaluator Episodes = 3579 | Evaluator Steps = 178950 | Final Dist = 1.519 | Final Dist 10 = 1.034 | Final Dist 100 = 1.676 | Final Dist 1000 = 1.849 | Init Dist = 12.806 | Init Dist 10 = 12.806 | Init Dist 100 = 12.806 | Init Dist 1000 = 12.806 | Learner Steps = 10918 | Learner Walltime = 2127.314 | Min Dist = 0.086 | Min Dist 10 = 0.613 | Min Dist 100 = 0.968 | Min Dist 1000 = 1.118 | Steps Per Second = 87.116 | Success = 1.000 | Success 1000 = 0.872
I0502 15:41:45.282318 139579566835264 terminal.py:91] [Evaluator] Actor Episodes = 14186 | Actor Steps = 709300 | Delta Dist = 11.507 | Delta Dist 10 = 11.634 | Delta Dist 100 = 11.127 | Delta Dist 1000 = 10.962 | Episode Length = 50 | Episode Return = 10.0 | Evaluator Episodes = 3581 | Evaluator Steps = 179050 | Final Dist = 1.299 | Final Dist 10 = 1.172 | Final Dist 100 = 1.679 | Final Dist 1000 = 1.845 | Init Dist = 12.806 | Init Dist 10 = 12.806 | Init Dist 100 = 12.806 | Init Dist 1000 = 12.806 | Learner Steps = 10926 | Learner Walltime = 2128.570 | Min Dist = 0.362 | Min Dist 10 = 0.599 | Min Dist 100 = 0.964 | Min Dist 1000 = 1.113 | Steps Per Second = 85.014 | Success = 1.000 | Success 1000 = 0.873
I0502 15:41:46.458386 139579566835264 terminal.py:91] [Evaluator] Actor Episodes = 14194 | Actor Steps = 709700 | Delta Dist = 12.363 | Delta Dist 10 = 11.672 | Delta Dist 100 = 11.133 | Delta Dist 1000 = 10.962 | Episode Length = 50 | Episode Return = 13.0 | Evaluator Episodes = 3583 | Evaluator Steps = 179150 | Final Dist = 0.444 | Final Dist 10 = 1.134 | Final Dist 100 = 1.674 | Final Dist 1000 = 1.845 | Init Dist = 12.806 | Init Dist 10 = 12.806 | Init Dist 100 = 12.806 | Init Dist 1000 = 12.806 | Learner Steps = 10932 | Learner Walltime = 2129.823 | Min Dist = 0.062 | Min Dist 10 = 0.514 | Min Dist 100 = 0.968 | Min Dist 1000 = 1.113 | Steps Per Second = 83.147 | Success = 1.000 | Success 1000 = 0.873
I0502 15:41:47.643110 139579566835264 terminal.py:91] [Evaluator] Actor Episodes = 14202 | Actor Steps = 710100 | Delta Dist = 11.381 | Delta Dist 10 = 11.757 | Delta Dist 100 = 11.135 | Delta Dist 1000 = 10.963 | Episode Length = 50 | Episode Return = 18.0 | Evaluator Episodes = 3585 | Evaluator Steps = 179250 | Final Dist = 1.425 | Final Dist 10 = 1.049 | Final Dist 100 = 1.671 | Final Dist 1000 = 1.843 | Init Dist = 12.806 | Init Dist 10 = 12.806 | Init Dist 100 = 12.806 | Init Dist 1000 = 12.806 | Learner Steps = 10937 | Learner Walltime = 2130.898 | Min Dist = 0.244 | Min Dist 10 = 0.519 | Min Dist 100 = 0.970 | Min Dist 1000 = 1.113 | Steps Per Second = 86.284 | Success = 1.000 | Success 1000 = 0.873
I0502 15:41:48.600696 139584504182336 lp_utils.py:96] StepsLimiter: Reached 710400 recorded steps
I0502 15:41:48.707006 139558059398720 terminal.py:91] [Actor] Actor Episodes = 14210 | Actor Steps = 710500 | Delta Dist = 6.518 | Delta Dist 10 = 5.379 | Delta Dist 100 = 4.344 | Delta Dist 1000 = 4.291 | Episode Length = 50 | Episode Return = 42.0 | Evaluator Episodes = 3585 | Evaluator Steps = 179250 | Final Dist = 0.191 | Final Dist 10 = 1.147 | Final Dist 100 = 1.623 | Final Dist 1000 = 1.613 | Init Dist = 6.708 | Init Dist 10 = 6.526 | Init Dist 100 = 5.967 | Init Dist 1000 = 5.904 | Learner Steps = 10944 | Learner Walltime = 2132.101 | Min Dist = 0.038 | Min Dist 10 = 0.099 | Min Dist 100 = 0.246 | Min Dist 1000 = 0.241 | Steps Per Second = 78.956 | Success = 1.000 | Success 1000 = 0.978
I0502 15:41:48.875530 139579566835264 terminal.py:91] [Evaluator] Actor Episodes = 14210 | Actor Steps = 710500 | Delta Dist = 11.869 | Delta Dist 10 = 11.642 | Delta Dist 100 = 11.134 | Delta Dist 1000 = 10.963 | Episode Length = 50 | Episode Return = 12.0 | Evaluator Episodes = 3587 | Evaluator Steps = 179350 | Final Dist = 0.937 | Final Dist 10 = 1.164 | Final Dist 100 = 1.672 | Final Dist 1000 = 1.843 | Init Dist = 12.806 | Init Dist 10 = 12.806 | Init Dist 100 = 12.806 | Init Dist 1000 = 12.806 | Learner Steps = 10944 | Learner Walltime = 2132.101 | Min Dist = 0.233 | Min Dist 10 = 0.524 | Min Dist 100 = 0.970 | Min Dist 1000 = 1.113 | Steps Per Second = 80.092 | Success = 1.000 | Success 1000 = 0.873
I0502 15:41:49.751515 139569349502528 terminal.py:91] [Actor] Actor Episodes = 14215 | Actor Steps = 710750 | Delta Dist = -0.874 | Delta Dist 10 = 5.526 | Delta Dist 100 = 4.334 | Delta Dist 1000 = 4.297 | Episode Length = 50 | Episode Return = 0.0 | Evaluator Episodes = 3587 | Evaluator Steps = 179350 | Final Dist = 5.874 | Final Dist 10 = 1.366 | Final Dist 100 = 1.647 | Final Dist 1000 = 1.619 | Init Dist = 5.000 | Init Dist 10 = 6.893 | Init Dist 100 = 5.982 | Init Dist 1000 = 5.916 | Learner Steps = 10944 | Learner Walltime = 2132.101 | Min Dist = 0.159 | Min Dist 10 = 0.111 | Min Dist 100 = 0.245 | Min Dist 1000 = 0.241 | Steps Per Second = 84.904 | Success = 1.000 | Success 1000 = 0.978
I0502 15:41:50.081234 139579566835264 terminal.py:91] [Evaluator] Actor Episodes = 14218 | Actor Steps = 710900 | Delta Dist = 11.715 | Delta Dist 10 = 11.237 | Delta Dist 100 = 11.077 | Delta Dist 1000 = 10.956 | Episode Length = 50 | Episode Return = 15.0 | Evaluator Episodes = 3589 | Evaluator Steps = 179450 | Final Dist = 1.091 | Final Dist 10 = 1.570 | Final Dist 100 = 1.729 | Final Dist 1000 = 1.850 | Init Dist = 12.806 | Init Dist 10 = 12.806 | Init Dist 100 = 12.806 | Init Dist 1000 = 12.806 | Learner Steps = 10951 | Learner Walltime = 2133.479 | Min Dist = 0.191 | Min Dist 10 = 0.764 | Min Dist 100 = 1.019 | Min Dist 1000 = 1.118 | Steps Per Second = 79.453 | Success = 1.000 | Success 1000 = 0.872
I0502 15:41:50.164628 139557462840896 terminal.py:91] [Actor] Actor Episodes = 14217 | Actor Steps = 710850 | Delta Dist = 8.449 | Delta Dist 10 = 4.908 | Delta Dist 100 = 4.221 | Delta Dist 1000 = 4.292 | Episode Length = 50 | Episode Return = 42.0 | Evaluator Episodes = 3587 | Evaluator Steps = 179350 | Final Dist = 0.771 | Final Dist 10 = 1.807 | Final Dist 100 = 1.701 | Final Dist 1000 = 1.623 | Init Dist = 9.220 | Init Dist 10 = 6.715 | Init Dist 100 = 5.922 | Init Dist 1000 = 5.916 | Learner Steps = 10951 | Learner Walltime = 2133.479 | Min Dist = 0.045 | Min Dist 10 = 0.126 | Min Dist 100 = 0.246 | Min Dist 1000 = 0.241 | Steps Per Second = 81.692 | Success = 1.000 | Success 1000 = 0.978
I0502 15:41:50.442453 139555013154368 terminal.py:91] [Learner] Actor Episodes = 14222 | Actor Loss = 3.619532585144043 | Actor Steps = 711100 | Binary Accuracy = 0.9960110187530518 | Categorical Accuracy = 0.42279052734375 | Critic Loss = 1.9302562475204468 | Entropy Mean = -18.522502899169922 | Evaluator Episodes = 3589 | Evaluator Steps = 179450 | Learner Steps = 10957 | Learner Walltime = 2134.636 | Logits Neg = -16.216732025146484 | Logits Pos = -1.919540286064148 | Logsumexp = 1.276750922203064 | Steps Per Second = 125.374
I0502 15:41:50.952673 139555860620864 terminal.py:91] [Actor] Actor Episodes = 14221 | Actor Steps = 711050 | Delta Dist = 6.864 | Delta Dist 10 = 4.807 | Delta Dist 100 = 4.292 | Delta Dist 1000 = 4.290 | Episode Length = 50 | Episode Return = 24.0 | Evaluator Episodes = 3589 | Evaluator Steps = 179450 | Final Dist = 0.207 | Final Dist 10 = 1.981 | Final Dist 100 = 1.718 | Final Dist 1000 = 1.627 | Init Dist = 7.071 | Init Dist 10 = 6.788 | Init Dist 100 = 6.010 | Init Dist 1000 = 5.917 | Learner Steps = 10951 | Learner Walltime = 2133.479 | Min Dist = 0.037 | Min Dist 10 = 0.084 | Min Dist 100 = 0.241 | Min Dist 1000 = 0.242 | Steps Per Second = 78.155 | Success = 1.000 | Success 1000 = 0.978
I0502 15:41:51.278532 139579566835264 terminal.py:91] [Evaluator] Actor Episodes = 14226 | Actor Steps = 711300 | Delta Dist = 11.942 | Delta Dist 10 = 11.289 | Delta Dist 100 = 11.069 | Delta Dist 1000 = 10.955 | Episode Length = 50 | Episode Return = 15.0 | Evaluator Episodes = 3591 | Evaluator Steps = 179550 | Final Dist = 0.865 | Final Dist 10 = 1.517 | Final Dist 100 = 1.737 | Final Dist 1000 = 1.851 | Init Dist = 12.806 | Init Dist 10 = 12.806 | Init Dist 100 = 12.806 | Init Dist 1000 = 12.806 | Learner Steps = 10957 | Learner Walltime = 2134.636 | Min Dist = 0.189 | Min Dist 10 = 0.804 | Min Dist 100 = 1.022 | Min Dist 1000 = 1.119 | Steps Per Second = 76.335 | Success = 1.000 | Success 1000 = 0.872
I0502 15:41:52.383616 139579566835264 terminal.py:91] [Evaluator] Actor Episodes = 14234 | Actor Steps = 711700 | Delta Dist = 11.535 | Delta Dist 10 = 11.312 | Delta Dist 100 = 11.073 | Delta Dist 1000 = 10.955 | Episode Length = 50 | Episode Return = 18.0 | Evaluator Episodes = 3593 | Evaluator Steps = 179650 | Final Dist = 1.271 | Final Dist 10 = 1.495 | Final Dist 100 = 1.733 | Final Dist 1000 = 1.851 | Init Dist = 12.806 | Init Dist 10 = 12.806 | Init Dist 100 = 12.806 | Init Dist 1000 = 12.806 | Learner Steps = 10963 | Learner Walltime = 2135.880 | Min Dist = 0.090 | Min Dist 10 = 0.771 | Min Dist 100 = 1.016 | Min Dist 1000 = 1.119 | Steps Per Second = 95.880 | Success = 1.000 | Success 1000 = 0.872
I0502 15:41:53.545887 139579566835264 terminal.py:91] [Evaluator] Actor Episodes = 14242 | Actor Steps = 712100 | Delta Dist = 12.546 | Delta Dist 10 = 11.228 | Delta Dist 100 = 11.079 | Delta Dist 1000 = 10.955 | Episode Length = 50 | Episode Return = 7.0 | Evaluator Episodes = 3595 | Evaluator Steps = 179750 | Final Dist = 0.260 | Final Dist 10 = 1.578 | Final Dist 100 = 1.727 | Final Dist 1000 = 1.852 | Init Dist = 12.806 | Init Dist 10 = 12.806 | Init Dist 100 = 12.806 | Init Dist 1000 = 12.806 | Learner Steps = 10970 | Learner Walltime = 2136.976 | Min Dist = 0.260 | Min Dist 10 = 0.760 | Min Dist 100 = 1.016 | Min Dist 1000 = 1.119 | Steps Per Second = 86.913 | Success = 1.000 | Success 1000 = 0.872
I0502 15:41:54.777358 139579566835264 terminal.py:91] [Evaluator] Actor Episodes = 14248 | Actor Steps = 712400 | Delta Dist = 11.459 | Delta Dist 10 = 11.294 | Delta Dist 100 = 11.072 | Delta Dist 1000 = 10.955 | Episode Length = 50 | Episode Return = 19.0 | Evaluator Episodes = 3597 | Evaluator Steps = 179850 | Final Dist = 1.347 | Final Dist 10 = 1.512 | Final Dist 100 = 1.734 | Final Dist 1000 = 1.852 | Init Dist = 12.806 | Init Dist 10 = 12.806 | Init Dist 100 = 12.806 | Init Dist 1000 = 12.806 | Learner Steps = 10975 | Learner Walltime = 2138.053 | Min Dist = 0.157 | Min Dist 10 = 0.767 | Min Dist 100 = 1.015 | Min Dist 1000 = 1.119 | Steps Per Second = 83.441 | Success = 1.000 | Success 1000 = 0.872
I0502 15:41:55.948990 139579566835264 terminal.py:91] [Evaluator] Actor Episodes = 14256 | Actor Steps = 712800 | Delta Dist = 11.535 | Delta Dist 10 = 11.806 | Delta Dist 100 = 11.164 | Delta Dist 1000 = 10.954 | Episode Length = 50 | Episode Return = 17.0 | Evaluator Episodes = 3599 | Evaluator Steps = 179950 | Final Dist = 1.271 | Final Dist 10 = 1.000 | Final Dist 100 = 1.642 | Final Dist 1000 = 1.852 | Init Dist = 12.806 | Init Dist 10 = 12.806 | Init Dist 100 = 12.806 | Init Dist 1000 = 12.806 | Learner Steps = 10981 | Learner Walltime = 2139.279 | Min Dist = 0.035 | Min Dist 10 = 0.237 | Min Dist 100 = 0.914 | Min Dist 1000 = 1.119 | Steps Per Second = 86.582 | Success = 1.000 | Success 1000 = 0.872
I0502 15:41:57.271392 139579566835264 terminal.py:91] [Evaluator] Actor Episodes = 14264 | Actor Steps = 713200 | Delta Dist = 12.691 | Delta Dist 10 = 11.774 | Delta Dist 100 = 11.158 | Delta Dist 1000 = 10.954 | Episode Length = 50 | Episode Return = 22.0 | Evaluator Episodes = 3601 | Evaluator Steps = 180050 | Final Dist = 0.116 | Final Dist 10 = 1.032 | Final Dist 100 = 1.648 | Final Dist 1000 = 1.852 | Init Dist = 12.806 | Init Dist 10 = 12.806 | Init Dist 100 = 12.806 | Init Dist 1000 = 12.806 | Learner Steps = 10987 | Learner Walltime = 2140.507 | Min Dist = 0.116 | Min Dist 10 = 0.183 | Min Dist 100 = 0.912 | Min Dist 1000 = 1.119 | Steps Per Second = 73.046 | Success = 1.000 | Success 1000 = 0.872
I0502 15:41:58.423496 139579566835264 terminal.py:91] [Evaluator] Actor Episodes = 14272 | Actor Steps = 713600 | Delta Dist = 12.643 | Delta Dist 10 = 11.819 | Delta Dist 100 = 11.169 | Delta Dist 1000 = 10.954 | Episode Length = 50 | Episode Return = 18.0 | Evaluator Episodes = 3603 | Evaluator Steps = 180150 | Final Dist = 0.163 | Final Dist 10 = 0.988 | Final Dist 100 = 1.638 | Final Dist 1000 = 1.852 | Init Dist = 12.806 | Init Dist 10 = 12.806 | Init Dist 100 = 12.806 | Init Dist 1000 = 12.806 | Learner Steps = 10993 | Learner Walltime = 2141.785 | Min Dist = 0.115 | Min Dist 10 = 0.206 | Min Dist 100 = 0.912 | Min Dist 1000 = 1.119 | Steps Per Second = 85.579 | Success = 1.000 | Success 1000 = 0.872
I0502 15:41:58.622321 139584504182336 lp_utils.py:96] StepsLimiter: Reached 713600 recorded steps
I0502 15:41:58.977429 139558059398720 terminal.py:91] [Actor] Actor Episodes = 14279 | Actor Steps = 713950 | Delta Dist = 6.510 | Delta Dist 10 = 5.373 | Delta Dist 100 = 4.481 | Delta Dist 1000 = 4.323 | Episode Length = 50 | Episode Return = 25.0 | Evaluator Episodes = 3603 | Evaluator Steps = 180150 | Final Dist = 0.561 | Final Dist 10 = 0.982 | Final Dist 100 = 1.532 | Final Dist 1000 = 1.603 | Init Dist = 7.071 | Init Dist 10 = 6.356 | Init Dist 100 = 6.013 | Init Dist 1000 = 5.926 | Learner Steps = 11000 | Learner Walltime = 2143.021 | Min Dist = 0.088 | Min Dist 10 = 0.052 | Min Dist 100 = 0.154 | Min Dist 1000 = 0.241 | Steps Per Second = 83.193 | Success = 1.000 | Success 1000 = 0.978
I0502 15:41:59.624104 139579566835264 terminal.py:91] [Evaluator] Actor Episodes = 14281 | Actor Steps = 714050 | Delta Dist = 11.925 | Delta Dist 10 = 11.870 | Delta Dist 100 = 11.231 | Delta Dist 1000 = 10.955 | Episode Length = 50 | Episode Return = 24.0 | Evaluator Episodes = 3605 | Evaluator Steps = 180250 | Final Dist = 0.881 | Final Dist 10 = 0.936 | Final Dist 100 = 1.575 | Final Dist 1000 = 1.851 | Init Dist = 12.806 | Init Dist 10 = 12.806 | Init Dist 100 = 12.806 | Init Dist 1000 = 12.806 | Learner Steps = 11000 | Learner Walltime = 2143.021 | Min Dist = 0.236 | Min Dist 10 = 0.247 | Min Dist 100 = 0.852 | Min Dist 1000 = 1.118 | Steps Per Second = 76.762 | Success = 1.000 | Success 1000 = 0.872
I0502 15:41:59.908406 139569349502528 terminal.py:91] [Actor] Actor Episodes = 14285 | Actor Steps = 714250 | Delta Dist = 2.466 | Delta Dist 10 = 6.589 | Delta Dist 100 = 4.674 | Delta Dist 1000 = 4.331 | Episode Length = 50 | Episode Return = 23.0 | Evaluator Episodes = 3605 | Evaluator Steps = 180250 | Final Dist = 1.139 | Final Dist 10 = 1.046 | Final Dist 100 = 1.335 | Final Dist 1000 = 1.604 | Init Dist = 3.606 | Init Dist 10 = 7.635 | Init Dist 100 = 6.009 | Init Dist 1000 = 5.935 | Learner Steps = 11000 | Learner Walltime = 2143.021 | Min Dist = 0.030 | Min Dist 10 = 0.057 | Min Dist 100 = 0.138 | Min Dist 1000 = 0.241 | Steps Per Second = 84.180 | Success = 1.000 | Success 1000 = 0.978
I0502 15:42:00.510006 139557462840896 terminal.py:91] [Actor] Actor Episodes = 14289 | Actor Steps = 714450 | Delta Dist = 1.331 | Delta Dist 10 = 5.689 | Delta Dist 100 = 4.574 | Delta Dist 1000 = 4.334 | Episode Length = 50 | Episode Return = 21.0 | Evaluator Episodes = 3605 | Evaluator Steps = 180250 | Final Dist = 0.905 | Final Dist 10 = 0.856 | Final Dist 100 = 1.301 | Final Dist 1000 = 1.592 | Init Dist = 2.236 | Init Dist 10 = 6.544 | Init Dist 100 = 5.875 | Init Dist 1000 = 5.926 | Learner Steps = 11006 | Learner Walltime = 2144.171 | Min Dist = 0.055 | Min Dist 10 = 0.110 | Min Dist 100 = 0.111 | Min Dist 1000 = 0.232 | Steps Per Second = 87.914 | Success = 1.000 | Success 1000 = 0.978
I0502 15:42:00.522781 139555013154368 terminal.py:91] [Learner] Actor Episodes = 14285 | Actor Loss = 3.540163516998291 | Actor Steps = 714250 | Binary Accuracy = 0.996039628982544 | Categorical Accuracy = 0.424072265625 | Critic Loss = 1.9400354623794556 | Entropy Mean = -18.935527801513672 | Evaluator Episodes = 3605 | Evaluator Steps = 180250 | Learner Steps = 11010 | Learner Walltime = 2144.718 | Logits Neg = -15.817459106445312 | Logits Pos = -1.9185001850128174 | Logsumexp = 1.276423454284668 | Steps Per Second = 184.425
I0502 15:42:00.807236 139579566835264 terminal.py:91] [Evaluator] Actor Episodes = 14289 | Actor Steps = 714450 | Delta Dist = 11.505 | Delta Dist 10 = 11.824 | Delta Dist 100 = 11.295 | Delta Dist 1000 = 10.956 | Episode Length = 50 | Episode Return = 16.0 | Evaluator Episodes = 3607 | Evaluator Steps = 180350 | Final Dist = 1.302 | Final Dist 10 = 0.982 | Final Dist 100 = 1.511 | Final Dist 1000 = 1.850 | Init Dist = 12.806 | Init Dist 10 = 12.806 | Init Dist 100 = 12.806 | Init Dist 1000 = 12.806 | Learner Steps = 11006 | Learner Walltime = 2144.171 | Min Dist = 0.062 | Min Dist 10 = 0.256 | Min Dist 100 = 0.793 | Min Dist 1000 = 1.118 | Steps Per Second = 86.082 | Success = 1.000 | Success 1000 = 0.872
I0502 15:42:01.043011 139555860620864 terminal.py:91] [Actor] Actor Episodes = 14291 | Actor Steps = 714550 | Delta Dist = 7.055 | Delta Dist 10 = 4.140 | Delta Dist 100 = 4.507 | Delta Dist 1000 = 4.329 | Episode Length = 50 | Episode Return = 48.0 | Evaluator Episodes = 3607 | Evaluator Steps = 180350 | Final Dist = 0.156 | Final Dist 10 = 2.819 | Final Dist 100 = 1.482 | Final Dist 1000 = 1.610 | Init Dist = 7.211 | Init Dist 10 = 6.958 | Init Dist 100 = 5.989 | Init Dist 1000 = 5.939 | Learner Steps = 11006 | Learner Walltime = 2144.171 | Min Dist = 0.009 | Min Dist 10 = 0.112 | Min Dist 100 = 0.099 | Min Dist 1000 = 0.232 | Steps Per Second = 78.736 | Success = 1.000 | Success 1000 = 0.978
I0502 15:42:02.061902 139579566835264 terminal.py:91] [Evaluator] Actor Episodes = 14297 | Actor Steps = 714850 | Delta Dist = 12.718 | Delta Dist 10 = 11.886 | Delta Dist 100 = 11.301 | Delta Dist 1000 = 10.956 | Episode Length = 50 | Episode Return = 28.0 | Evaluator Episodes = 3609 | Evaluator Steps = 180450 | Final Dist = 0.088 | Final Dist 10 = 0.920 | Final Dist 100 = 1.505 | Final Dist 1000 = 1.851 | Init Dist = 12.806 | Init Dist 10 = 12.806 | Init Dist 100 = 12.806 | Init Dist 1000 = 12.806 | Learner Steps = 11013 | Learner Walltime = 2145.366 | Min Dist = 0.045 | Min Dist 10 = 0.189 | Min Dist 100 = 0.791 | Min Dist 1000 = 1.118 | Steps Per Second = 78.126 | Success = 1.000 | Success 1000 = 0.872
I0502 15:42:03.157377 139579566835264 terminal.py:91] [Evaluator] Actor Episodes = 14305 | Actor Steps = 715250 | Delta Dist = 11.762 | Delta Dist 10 = 12.006 | Delta Dist 100 = 11.416 | Delta Dist 1000 = 10.956 | Episode Length = 50 | Episode Return = 10.0 | Evaluator Episodes = 3611 | Evaluator Steps = 180550 | Final Dist = 1.045 | Final Dist 10 = 0.800 | Final Dist 100 = 1.390 | Final Dist 1000 = 1.850 | Init Dist = 12.806 | Init Dist 10 = 12.806 | Init Dist 100 = 12.806 | Init Dist 1000 = 12.806 | Learner Steps = 11018 | Learner Walltime = 2146.476 | Min Dist = 0.663 | Min Dist 10 = 0.239 | Min Dist 100 = 0.691 | Min Dist 1000 = 1.118 | Steps Per Second = 87.788 | Success = 1.000 | Success 1000 = 0.872
I0502 15:42:04.347523 139579566835264 terminal.py:91] [Evaluator] Actor Episodes = 14313 | Actor Steps = 715650 | Delta Dist = 11.808 | Delta Dist 10 = 11.920 | Delta Dist 100 = 11.504 | Delta Dist 1000 = 10.957 | Episode Length = 50 | Episode Return = 6.0 | Evaluator Episodes = 3613 | Evaluator Steps = 180650 | Final Dist = 0.998 | Final Dist 10 = 0.887 | Final Dist 100 = 1.302 | Final Dist 1000 = 1.849 | Init Dist = 12.806 | Init Dist 10 = 12.806 | Init Dist 100 = 12.806 | Init Dist 1000 = 12.806 | Learner Steps = 11025 | Learner Walltime = 2147.713 | Min Dist = 0.200 | Min Dist 10 = 0.263 | Min Dist 100 = 0.598 | Min Dist 1000 = 1.117 | Steps Per Second = 77.523 | Success = 1.000 | Success 1000 = 0.873
I0502 15:42:05.526448 139579566835264 terminal.py:91] [Evaluator] Actor Episodes = 14321 | Actor Steps = 716050 | Delta Dist = 11.715 | Delta Dist 10 = 11.867 | Delta Dist 100 = 11.499 | Delta Dist 1000 = 10.957 | Episode Length = 50 | Episode Return = 7.0 | Evaluator Episodes = 3615 | Evaluator Steps = 180750 | Final Dist = 1.091 | Final Dist 10 = 0.939 | Final Dist 100 = 1.307 | Final Dist 1000 = 1.849 | Init Dist = 12.806 | Init Dist 10 = 12.806 | Init Dist 100 = 12.806 | Init Dist 1000 = 12.806 | Learner Steps = 11031 | Learner Walltime = 2148.992 | Min Dist = 0.131 | Min Dist 10 = 0.254 | Min Dist 100 = 0.594 | Min Dist 1000 = 1.117 | Steps Per Second = 91.971 | Success = 1.000 | Success 1000 = 0.873
I0502 15:42:06.702811 139579566835264 terminal.py:91] [Evaluator] Actor Episodes = 14329 | Actor Steps = 716450 | Delta Dist = 11.848 | Delta Dist 10 = 11.850 | Delta Dist 100 = 11.507 | Delta Dist 1000 = 10.964 | Episode Length = 50 | Episode Return = 12.0 | Evaluator Episodes = 3617 | Evaluator Steps = 180850 | Final Dist = 0.958 | Final Dist 10 = 0.956 | Final Dist 100 = 1.300 | Final Dist 1000 = 1.842 | Init Dist = 12.806 | Init Dist 10 = 12.806 | Init Dist 100 = 12.806 | Init Dist 1000 = 12.806 | Learner Steps = 11038 | Learner Walltime = 2150.144 | Min Dist = 0.162 | Min Dist 10 = 0.248 | Min Dist 100 = 0.591 | Min Dist 1000 = 1.112 | Steps Per Second = 91.368 | Success = 1.000 | Success 1000 = 0.874
I0502 15:42:07.849479 139579566835264 terminal.py:91] [Evaluator] Actor Episodes = 14337 | Actor Steps = 716850 | Delta Dist = 11.634 | Delta Dist 10 = 10.730 | Delta Dist 100 = 11.395 | Delta Dist 1000 = 10.953 | Episode Length = 50 | Episode Return = 19.0 | Evaluator Episodes = 3619 | Evaluator Steps = 180950 | Final Dist = 1.172 | Final Dist 10 = 2.077 | Final Dist 100 = 1.411 | Final Dist 1000 = 1.854 | Init Dist = 12.806 | Init Dist 10 = 12.806 | Init Dist 100 = 12.806 | Init Dist 1000 = 12.806 | Learner Steps = 11043 | Learner Walltime = 2151.291 | Min Dist = 0.163 | Min Dist 10 = 1.323 | Min Dist 100 = 0.695 | Min Dist 1000 = 1.122 | Steps Per Second = 91.182 | Success = 1.000 | Success 1000 = 0.873
I0502 15:42:08.642545 139584504182336 lp_utils.py:96] StepsLimiter: Reached 717150 recorded steps
I0502 15:42:09.024928 139558059398720 terminal.py:91] [Actor] Actor Episodes = 14344 | Actor Steps = 717200 | Delta Dist = 7.898 | Delta Dist 10 = 4.041 | Delta Dist 100 = 4.027 | Delta Dist 1000 = 4.252 | Episode Length = 50 | Episode Return = 46.0 | Evaluator Episodes = 3619 | Evaluator Steps = 180950 | Final Dist = 0.164 | Final Dist 10 = 0.760 | Final Dist 100 = 1.614 | Final Dist 1000 = 1.614 | Init Dist = 8.062 | Init Dist 10 = 4.801 | Init Dist 100 = 5.641 | Init Dist 1000 = 5.866 | Learner Steps = 11051 | Learner Walltime = 2152.632 | Min Dist = 0.047 | Min Dist 10 = 0.131 | Min Dist 100 = 0.146 | Min Dist 1000 = 0.228 | Steps Per Second = 95.747 | Success = 1.000 | Success 1000 = 0.978
I0502 15:42:09.118526 139579566835264 terminal.py:91] [Evaluator] Actor Episodes = 14345 | Actor Steps = 717250 | Delta Dist = 10.818 | Delta Dist 10 = 10.629 | Delta Dist 100 = 11.401 | Delta Dist 1000 = 10.952 | Episode Length = 50 | Episode Return = 0.0 | Evaluator Episodes = 3621 | Evaluator Steps = 181050 | Final Dist = 1.988 | Final Dist 10 = 2.177 | Final Dist 100 = 1.406 | Final Dist 1000 = 1.854 | Init Dist = 12.806 | Init Dist 10 = 12.806 | Init Dist 100 = 12.806 | Init Dist 1000 = 12.806 | Learner Steps = 11051 | Learner Walltime = 2152.632 | Min Dist = 1.896 | Min Dist 10 = 1.332 | Min Dist 100 = 0.686 | Min Dist 1000 = 1.122 | Steps Per Second = 76.849 | Success = 0.000 | Success 1000 = 0.874
I0502 15:42:10.108594 139569349502528 terminal.py:91] [Actor] Actor Episodes = 14348 | Actor Steps = 717400 | Delta Dist = 0.835 | Delta Dist 10 = 2.883 | Delta Dist 100 = 4.002 | Delta Dist 1000 = 4.259 | Episode Length = 50 | Episode Return = 37.0 | Evaluator Episodes = 3621 | Evaluator Steps = 181050 | Final Dist = 0.165 | Final Dist 10 = 1.361 | Final Dist 100 = 1.672 | Final Dist 1000 = 1.616 | Init Dist = 1.000 | Init Dist 10 = 4.244 | Init Dist 100 = 5.675 | Init Dist 1000 = 5.875 | Learner Steps = 11051 | Learner Walltime = 2152.632 | Min Dist = 0.034 | Min Dist 10 = 0.070 | Min Dist 100 = 0.144 | Min Dist 1000 = 0.227 | Steps Per Second = 80.677 | Success = 1.000 | Success 1000 = 0.978
I0502 15:42:10.453762 139579566835264 terminal.py:91] [Evaluator] Actor Episodes = 14353 | Actor Steps = 717650 | Delta Dist = 12.456 | Delta Dist 10 = 9.890 | Delta Dist 100 = 11.327 | Delta Dist 1000 = 10.944 | Episode Length = 50 | Episode Return = 8.0 | Evaluator Episodes = 3623 | Evaluator Steps = 181150 | Final Dist = 0.350 | Final Dist 10 = 2.916 | Final Dist 100 = 1.480 | Final Dist 1000 = 1.862 | Init Dist = 12.806 | Init Dist 10 = 12.806 | Init Dist 100 = 12.806 | Init Dist 1000 = 12.806 | Learner Steps = 11057 | Learner Walltime = 2153.827 | Min Dist = 0.350 | Min Dist 10 = 2.073 | Min Dist 100 = 0.761 | Min Dist 1000 = 1.130 | Steps Per Second = 76.501 | Success = 1.000 | Success 1000 = 0.872
I0502 15:42:10.823228 139555013154368 terminal.py:91] [Learner] Actor Episodes = 14355 | Actor Loss = 3.525074005126953 | Actor Steps = 717750 | Binary Accuracy = 0.996051549911499 | Categorical Accuracy = 0.42352294921875 | Critic Loss = 1.916213035583496 | Entropy Mean = -18.627655029296875 | Evaluator Episodes = 3623 | Evaluator Steps = 181150 | Learner Steps = 11063 | Learner Walltime = 2155.017 | Logits Neg = -15.952351570129395 | Logits Pos = -1.9031939506530762 | Logsumexp = 1.2210315465927124 | Steps Per Second = 162.234
I0502 15:42:10.864665 139557462840896 terminal.py:91] [Actor] Actor Episodes = 14354 | Actor Steps = 717700 | Delta Dist = -3.296 | Delta Dist 10 = 2.855 | Delta Dist 100 = 3.926 | Delta Dist 1000 = 4.262 | Episode Length = 50 | Episode Return = 0.0 | Evaluator Episodes = 3621 | Evaluator Steps = 181050 | Final Dist = 10.507 | Final Dist 10 = 4.217 | Final Dist 100 = 1.796 | Final Dist 1000 = 1.621 | Init Dist = 7.211 | Init Dist 10 = 7.072 | Init Dist 100 = 5.722 | Init Dist 1000 = 5.883 | Learner Steps = 11057 | Learner Walltime = 2153.827 | Min Dist = 1.222 | Min Dist 10 = 0.210 | Min Dist 100 = 0.151 | Min Dist 1000 = 0.225 | Steps Per Second = 82.403 | Success = 0.000 | Success 1000 = 0.977
I0502 15:42:11.423994 139555860620864 terminal.py:91] [Actor] Actor Episodes = 14358 | Actor Steps = 717900 | Delta Dist = 7.677 | Delta Dist 10 = 3.407 | Delta Dist 100 = 3.961 | Delta Dist 1000 = 4.281 | Episode Length = 50 | Episode Return = 32.0 | Evaluator Episodes = 3623 | Evaluator Steps = 181150 | Final Dist = 0.385 | Final Dist 10 = 4.462 | Final Dist 100 = 1.889 | Final Dist 1000 = 1.621 | Init Dist = 8.062 | Init Dist 10 = 7.870 | Init Dist 100 = 5.850 | Init Dist 1000 = 5.902 | Learner Steps = 11063 | Learner Walltime = 2155.017 | Min Dist = 0.151 | Min Dist 10 = 0.444 | Min Dist 100 = 0.172 | Min Dist 1000 = 0.227 | Steps Per Second = 83.626 | Success = 1.000 | Success 1000 = 0.976
I0502 15:42:11.637115 139579566835264 terminal.py:91] [Evaluator] Actor Episodes = 14361 | Actor Steps = 718050 | Delta Dist = 11.507 | Delta Dist 10 = 9.244 | Delta Dist 100 = 11.266 | Delta Dist 1000 = 10.937 | Episode Length = 50 | Episode Return = 4.0 | Evaluator Episodes = 3625 | Evaluator Steps = 181250 | Final Dist = 1.300 | Final Dist 10 = 3.562 | Final Dist 100 = 1.540 | Final Dist 1000 = 1.869 | Init Dist = 12.806 | Init Dist 10 = 12.806 | Init Dist 100 = 12.806 | Init Dist 1000 = 12.806 | Learner Steps = 11063 | Learner Walltime = 2155.017 | Min Dist = 0.510 | Min Dist 10 = 2.767 | Min Dist 100 = 0.833 | Min Dist 1000 = 1.137 | Steps Per Second = 84.075 | Success = 1.000 | Success 1000 = 0.871
I0502 15:42:12.894834 139579566835264 terminal.py:91] [Evaluator] Actor Episodes = 14369 | Actor Steps = 718450 | Delta Dist = 12.406 | Delta Dist 10 = 9.189 | Delta Dist 100 = 11.254 | Delta Dist 1000 = 10.937 | Episode Length = 50 | Episode Return = 7.0 | Evaluator Episodes = 3627 | Evaluator Steps = 181350 | Final Dist = 0.401 | Final Dist 10 = 3.617 | Final Dist 100 = 1.553 | Final Dist 1000 = 1.870 | Init Dist = 12.806 | Init Dist 10 = 12.806 | Init Dist 100 = 12.806 | Init Dist 1000 = 12.806 | Learner Steps = 11068 | Learner Walltime = 2156.234 | Min Dist = 0.369 | Min Dist 10 = 2.801 | Min Dist 100 = 0.838 | Min Dist 1000 = 1.137 | Steps Per Second = 82.969 | Success = 1.000 | Success 1000 = 0.871
I0502 15:42:14.128349 139579566835264 terminal.py:91] [Evaluator] Actor Episodes = 14377 | Actor Steps = 718850 | Delta Dist = 11.582 | Delta Dist 10 = 10.388 | Delta Dist 100 = 11.265 | Delta Dist 1000 = 10.945 | Episode Length = 50 | Episode Return = 3.0 | Evaluator Episodes = 3629 | Evaluator Steps = 181450 | Final Dist = 1.225 | Final Dist 10 = 2.418 | Final Dist 100 = 1.541 | Final Dist 1000 = 1.862 | Init Dist = 12.806 | Init Dist 10 = 12.806 | Init Dist 100 = 12.806 | Init Dist 1000 = 12.806 | Learner Steps = 11076 | Learner Walltime = 2157.610 | Min Dist = 0.658 | Min Dist 10 = 1.773 | Min Dist 100 = 0.838 | Min Dist 1000 = 1.128 | Steps Per Second = 80.216 | Success = 1.000 | Success 1000 = 0.873
I0502 15:42:15.370927 139579566835264 terminal.py:91] [Evaluator] Actor Episodes = 14385 | Actor Steps = 719250 | Delta Dist = 11.895 | Delta Dist 10 = 10.327 | Delta Dist 100 = 11.260 | Delta Dist 1000 = 10.943 | Episode Length = 50 | Episode Return = 19.0 | Evaluator Episodes = 3631 | Evaluator Steps = 181550 | Final Dist = 0.912 | Final Dist 10 = 2.480 | Final Dist 100 = 1.546 | Final Dist 1000 = 1.863 | Init Dist = 12.806 | Init Dist 10 = 12.806 | Init Dist 100 = 12.806 | Init Dist 1000 = 12.806 | Learner Steps = 11083 | Learner Walltime = 2158.908 | Min Dist = 0.231 | Min Dist 10 = 1.829 | Min Dist 100 = 0.848 | Min Dist 1000 = 1.129 | Steps Per Second = 78.595 | Success = 1.000 | Success 1000 = 0.873
I0502 15:42:16.462312 139579566835264 terminal.py:91] [Evaluator] Actor Episodes = 14393 | Actor Steps = 719650 | Delta Dist = 11.049 | Delta Dist 10 = 11.152 | Delta Dist 100 = 11.260 | Delta Dist 1000 = 10.942 | Episode Length = 50 | Episode Return = 0.0 | Evaluator Episodes = 3633 | Evaluator Steps = 181650 | Final Dist = 1.757 | Final Dist 10 = 1.654 | Final Dist 100 = 1.546 | Final Dist 1000 = 1.864 | Init Dist = 12.806 | Init Dist 10 = 12.806 | Init Dist 100 = 12.806 | Init Dist 1000 = 12.806 | Learner Steps = 11089 | Learner Walltime = 2160.070 | Min Dist = 1.757 | Min Dist 10 = 1.037 | Min Dist 100 = 0.844 | Min Dist 1000 = 1.129 | Steps Per Second = 86.990 | Success = 0.000 | Success 1000 = 0.873
I0502 15:42:17.640323 139579566835264 terminal.py:91] [Evaluator] Actor Episodes = 14399 | Actor Steps = 719950 | Delta Dist = 12.701 | Delta Dist 10 = 11.656 | Delta Dist 100 = 11.253 | Delta Dist 1000 = 10.941 | Episode Length = 50 | Episode Return = 28.0 | Evaluator Episodes = 3635 | Evaluator Steps = 181750 | Final Dist = 0.106 | Final Dist 10 = 1.150 | Final Dist 100 = 1.554 | Final Dist 1000 = 1.865 | Init Dist = 12.806 | Init Dist 10 = 12.806 | Init Dist 100 = 12.806 | Init Dist 1000 = 12.806 | Learner Steps = 11095 | Learner Walltime = 2161.345 | Min Dist = 0.034 | Min Dist 10 = 0.489 | Min Dist 100 = 0.854 | Min Dist 1000 = 1.131 | Steps Per Second = 86.151 | Success = 1.000 | Success 1000 = 0.872
I0502 15:42:18.658818 139584504182336 lp_utils.py:96] StepsLimiter: Reached 720350 recorded steps
I0502 15:42:18.809252 139579566835264 terminal.py:91] [Evaluator] Actor Episodes = 14409 | Actor Steps = 720450 | Delta Dist = 12.543 | Delta Dist 10 = 11.803 | Delta Dist 100 = 11.257 | Delta Dist 1000 = 10.944 | Episode Length = 50 | Episode Return = 6.0 | Evaluator Episodes = 3637 | Evaluator Steps = 181850 | Final Dist = 0.263 | Final Dist 10 = 1.003 | Final Dist 100 = 1.550 | Final Dist 1000 = 1.862 | Init Dist = 12.806 | Init Dist 10 = 12.806 | Init Dist 100 = 12.806 | Init Dist 1000 = 12.806 | Learner Steps = 11102 | Learner Walltime = 2162.525 | Min Dist = 0.158 | Min Dist 10 = 0.431 | Min Dist 100 = 0.853 | Min Dist 1000 = 1.131 | Steps Per Second = 86.642 | Success = 1.000 | Success 1000 = 0.872
I0502 15:42:19.062279 139558059398720 terminal.py:91] [Actor] Actor Episodes = 14411 | Actor Steps = 720550 | Delta Dist = 10.204 | Delta Dist 10 = 5.035 | Delta Dist 100 = 4.088 | Delta Dist 1000 = 4.272 | Episode Length = 50 | Episode Return = 0.0 | Evaluator Episodes = 3637 | Evaluator Steps = 181850 | Final Dist = 1.458 | Final Dist 10 = 2.000 | Final Dist 100 = 1.679 | Final Dist 1000 = 1.593 | Init Dist = 11.662 | Init Dist 10 = 7.034 | Init Dist 100 = 5.768 | Init Dist 1000 = 5.866 | Learner Steps = 11102 | Learner Walltime = 2162.525 | Min Dist = 0.123 | Min Dist 10 = 0.095 | Min Dist 100 = 0.180 | Min Dist 1000 = 0.226 | Steps Per Second = 81.316 | Success = 1.000 | Success 1000 = 0.978
I0502 15:42:20.047070 139579566835264 terminal.py:91] [Evaluator] Actor Episodes = 14417 | Actor Steps = 720850 | Delta Dist = 12.348 | Delta Dist 10 = 11.854 | Delta Dist 100 = 11.266 | Delta Dist 1000 = 10.945 | Episode Length = 50 | Episode Return = 9.0 | Evaluator Episodes = 3639 | Evaluator Steps = 181950 | Final Dist = 0.458 | Final Dist 10 = 0.952 | Final Dist 100 = 1.540 | Final Dist 1000 = 1.862 | Init Dist = 12.806 | Init Dist 10 = 12.806 | Init Dist 100 = 12.806 | Init Dist 1000 = 12.806 | Learner Steps = 11108 | Learner Walltime = 2163.706 | Min Dist = 0.224 | Min Dist 10 = 0.406 | Min Dist 100 = 0.853 | Min Dist 1000 = 1.131 | Steps Per Second = 84.342 | Success = 1.000 | Success 1000 = 0.872
I0502 15:42:20.329042 139569349502528 terminal.py:91] [Actor] Actor Episodes = 14421 | Actor Steps = 721050 | Delta Dist = 10.969 | Delta Dist 10 = 4.881 | Delta Dist 100 = 4.174 | Delta Dist 1000 = 4.286 | Episode Length = 50 | Episode Return = 45.0 | Evaluator Episodes = 3639 | Evaluator Steps = 181950 | Final Dist = 0.433 | Final Dist 10 = 2.258 | Final Dist 100 = 1.667 | Final Dist 1000 = 1.579 | Init Dist = 11.402 | Init Dist 10 = 7.139 | Init Dist 100 = 5.841 | Init Dist 1000 = 5.865 | Learner Steps = 11108 | Learner Walltime = 2163.706 | Min Dist = 0.106 | Min Dist 10 = 0.125 | Min Dist 100 = 0.183 | Min Dist 1000 = 0.225 | Steps Per Second = 98.582 | Success = 1.000 | Success 1000 = 0.979
I0502 15:42:20.846349 139555013154368 terminal.py:91] [Learner] Actor Episodes = 14423 | Actor Loss = 3.473860263824463 | Actor Steps = 721150 | Binary Accuracy = 0.9959709644317627 | Categorical Accuracy = 0.40802001953125 | Critic Loss = 1.9887666702270508 | Entropy Mean = -20.8753604888916 | Evaluator Episodes = 3639 | Evaluator Steps = 181950 | Learner Steps = 11115 | Learner Walltime = 2165.036 | Logits Neg = -15.935722351074219 | Logits Pos = -1.9616502523422241 | Logsumexp = 1.2651780843734741 | Steps Per Second = 188.350
I0502 15:42:21.131332 139557462840896 terminal.py:91] [Actor] Actor Episodes = 14425 | Actor Steps = 721250 | Delta Dist = 6.930 | Delta Dist 10 = 4.157 | Delta Dist 100 = 4.116 | Delta Dist 1000 = 4.292 | Episode Length = 50 | Episode Return = 34.0 | Evaluator Episodes = 3639 | Evaluator Steps = 181950 | Final Dist = 1.316 | Final Dist 10 = 1.529 | Final Dist 100 = 1.738 | Final Dist 1000 = 1.580 | Init Dist = 8.246 | Init Dist 10 = 5.686 | Init Dist 100 = 5.854 | Init Dist 1000 = 5.872 | Learner Steps = 11115 | Learner Walltime = 2165.036 | Min Dist = 0.189 | Min Dist 10 = 0.118 | Min Dist 100 = 0.184 | Min Dist 1000 = 0.225 | Steps Per Second = 81.382 | Success = 1.000 | Success 1000 = 0.979
I0502 15:42:21.197434 139579566835264 terminal.py:91] [Evaluator] Actor Episodes = 14425 | Actor Steps = 721250 | Delta Dist = 11.476 | Delta Dist 10 = 11.952 | Delta Dist 100 = 11.263 | Delta Dist 1000 = 10.944 | Episode Length = 50 | Episode Return = 18.0 | Evaluator Episodes = 3641 | Evaluator Steps = 182050 | Final Dist = 1.330 | Final Dist 10 = 0.854 | Final Dist 100 = 1.543 | Final Dist 1000 = 1.862 | Init Dist = 12.806 | Init Dist 10 = 12.806 | Init Dist 100 = 12.806 | Init Dist 1000 = 12.806 | Learner Steps = 11115 | Learner Walltime = 2165.036 | Min Dist = 0.050 | Min Dist 10 = 0.308 | Min Dist 100 = 0.853 | Min Dist 1000 = 1.131 | Steps Per Second = 84.376 | Success = 1.000 | Success 1000 = 0.872
I0502 15:42:21.816144 139555860620864 terminal.py:91] [Actor] Actor Episodes = 14431 | Actor Steps = 721550 | Delta Dist = 8.241 | Delta Dist 10 = 2.756 | Delta Dist 100 = 4.083 | Delta Dist 1000 = 4.274 | Episode Length = 50 | Episode Return = 42.0 | Evaluator Episodes = 3641 | Evaluator Steps = 182050 | Final Dist = 0.244 | Final Dist 10 = 2.797 | Final Dist 100 = 1.748 | Final Dist 1000 = 1.585 | Init Dist = 8.485 | Init Dist 10 = 5.552 | Init Dist 100 = 5.831 | Init Dist 1000 = 5.859 | Learner Steps = 11115 | Learner Walltime = 2165.036 | Min Dist = 0.053 | Min Dist 10 = 0.074 | Min Dist 100 = 0.139 | Min Dist 1000 = 0.224 | Steps Per Second = 81.026 | Success = 1.000 | Success 1000 = 0.979
I0502 15:42:22.359506 139579566835264 terminal.py:91] [Evaluator] Actor Episodes = 14433 | Actor Steps = 721650 | Delta Dist = 12.159 | Delta Dist 10 = 11.940 | Delta Dist 100 = 11.264 | Delta Dist 1000 = 10.944 | Episode Length = 50 | Episode Return = 26.0 | Evaluator Episodes = 3643 | Evaluator Steps = 182150 | Final Dist = 0.648 | Final Dist 10 = 0.866 | Final Dist 100 = 1.542 | Final Dist 1000 = 1.862 | Init Dist = 12.806 | Init Dist 10 = 12.806 | Init Dist 100 = 12.806 | Init Dist 1000 = 12.806 | Learner Steps = 11121 | Learner Walltime = 2166.164 | Min Dist = 0.192 | Min Dist 10 = 0.304 | Min Dist 100 = 0.853 | Min Dist 1000 = 1.131 | Steps Per Second = 89.802 | Success = 1.000 | Success 1000 = 0.872
I0502 15:42:23.499152 139579566835264 terminal.py:91] [Evaluator] Actor Episodes = 14441 | Actor Steps = 722050 | Delta Dist = 12.187 | Delta Dist 10 = 12.097 | Delta Dist 100 = 11.265 | Delta Dist 1000 = 10.946 | Episode Length = 50 | Episode Return = 15.0 | Evaluator Episodes = 3645 | Evaluator Steps = 182250 | Final Dist = 0.619 | Final Dist 10 = 0.710 | Final Dist 100 = 1.541 | Final Dist 1000 = 1.861 | Init Dist = 12.806 | Init Dist 10 = 12.806 | Init Dist 100 = 12.806 | Init Dist 1000 = 12.806 | Learner Steps = 11127 | Learner Walltime = 2167.187 | Min Dist = 0.330 | Min Dist 10 = 0.138 | Min Dist 100 = 0.847 | Min Dist 1000 = 1.131 | Steps Per Second = 81.681 | Success = 1.000 | Success 1000 = 0.872
I0502 15:42:24.666129 139579566835264 terminal.py:91] [Evaluator] Actor Episodes = 14447 | Actor Steps = 722350 | Delta Dist = 12.162 | Delta Dist 10 = 12.022 | Delta Dist 100 = 11.312 | Delta Dist 1000 = 10.945 | Episode Length = 50 | Episode Return = 12.0 | Evaluator Episodes = 3647 | Evaluator Steps = 182350 | Final Dist = 0.644 | Final Dist 10 = 0.784 | Final Dist 100 = 1.494 | Final Dist 1000 = 1.861 | Init Dist = 12.806 | Init Dist 10 = 12.806 | Init Dist 100 = 12.806 | Init Dist 1000 = 12.806 | Learner Steps = 11132 | Learner Walltime = 2168.236 | Min Dist = 0.147 | Min Dist 10 = 0.170 | Min Dist 100 = 0.792 | Min Dist 1000 = 1.131 | Steps Per Second = 86.198 | Success = 1.000 | Success 1000 = 0.872
I0502 15:42:25.825374 139579566835264 terminal.py:91] [Evaluator] Actor Episodes = 14456 | Actor Steps = 722800 | Delta Dist = 11.445 | Delta Dist 10 = 11.929 | Delta Dist 100 = 11.431 | Delta Dist 1000 = 10.945 | Episode Length = 50 | Episode Return = 3.0 | Evaluator Episodes = 3649 | Evaluator Steps = 182450 | Final Dist = 1.361 | Final Dist 10 = 0.877 | Final Dist 100 = 1.375 | Final Dist 1000 = 1.862 | Init Dist = 12.806 | Init Dist 10 = 12.806 | Init Dist 100 = 12.806 | Init Dist 1000 = 12.806 | Learner Steps = 11138 | Learner Walltime = 2169.532 | Min Dist = 0.228 | Min Dist 10 = 0.169 | Min Dist 100 = 0.666 | Min Dist 1000 = 1.130 | Steps Per Second = 88.094 | Success = 1.000 | Success 1000 = 0.872
I0502 15:42:27.039375 139579566835264 terminal.py:91] [Evaluator] Actor Episodes = 14464 | Actor Steps = 723200 | Delta Dist = 12.587 | Delta Dist 10 = 11.841 | Delta Dist 100 = 11.426 | Delta Dist 1000 = 10.943 | Episode Length = 50 | Episode Return = 23.0 | Evaluator Episodes = 3651 | Evaluator Steps = 182550 | Final Dist = 0.220 | Final Dist 10 = 0.965 | Final Dist 100 = 1.380 | Final Dist 1000 = 1.863 | Init Dist = 12.806 | Init Dist 10 = 12.806 | Init Dist 100 = 12.806 | Init Dist 1000 = 12.806 | Learner Steps = 11144 | Learner Walltime = 2170.743 | Min Dist = 0.189 | Min Dist 10 = 0.258 | Min Dist 100 = 0.668 | Min Dist 1000 = 1.131 | Steps Per Second = 80.147 | Success = 1.000 | Success 1000 = 0.871
I0502 15:42:28.207579 139579566835264 terminal.py:91] [Evaluator] Actor Episodes = 14472 | Actor Steps = 723600 | Delta Dist = 11.528 | Delta Dist 10 = 11.856 | Delta Dist 100 = 11.438 | Delta Dist 1000 = 10.945 | Episode Length = 50 | Episode Return = 5.0 | Evaluator Episodes = 3653 | Evaluator Steps = 182650 | Final Dist = 1.278 | Final Dist 10 = 0.950 | Final Dist 100 = 1.368 | Final Dist 1000 = 1.862 | Init Dist = 12.806 | Init Dist 10 = 12.806 | Init Dist 100 = 12.806 | Init Dist 1000 = 12.806 | Learner Steps = 11151 | Learner Walltime = 2171.918 | Min Dist = 0.430 | Min Dist 10 = 0.388 | Min Dist 100 = 0.676 | Min Dist 1000 = 1.132 | Steps Per Second = 82.385 | Success = 1.000 | Success 1000 = 0.870
I0502 15:42:28.673610 139584504182336 lp_utils.py:96] StepsLimiter: Reached 723700 recorded steps
I0502 15:42:29.431434 139579566835264 terminal.py:91] [Evaluator] Actor Episodes = 14482 | Actor Steps = 724100 | Delta Dist = 12.572 | Delta Dist 10 = 11.869 | Delta Dist 100 = 11.449 | Delta Dist 1000 = 10.944 | Episode Length = 50 | Episode Return = 12.0 | Evaluator Episodes = 3655 | Evaluator Steps = 182750 | Final Dist = 0.234 | Final Dist 10 = 0.938 | Final Dist 100 = 1.357 | Final Dist 1000 = 1.862 | Init Dist = 12.806 | Init Dist 10 = 12.806 | Init Dist 100 = 12.806 | Init Dist 1000 = 12.806 | Learner Steps = 11157 | Learner Walltime = 2173.056 | Min Dist = 0.100 | Min Dist 10 = 0.416 | Min Dist 100 = 0.675 | Min Dist 1000 = 1.133 | Steps Per Second = 82.425 | Success = 1.000 | Success 1000 = 0.870
I0502 15:42:29.508083 139558059398720 terminal.py:91] [Actor] Actor Episodes = 14481 | Actor Steps = 724050 | Delta Dist = 2.838 | Delta Dist 10 = 3.917 | Delta Dist 100 = 4.622 | Delta Dist 1000 = 4.328 | Episode Length = 50 | Episode Return = 46.0 | Evaluator Episodes = 3653 | Evaluator Steps = 182650 | Final Dist = 0.324 | Final Dist 10 = 1.790 | Final Dist 100 = 1.403 | Final Dist 1000 = 1.565 | Init Dist = 3.162 | Init Dist 10 = 5.708 | Init Dist 100 = 6.026 | Init Dist 1000 = 5.893 | Learner Steps = 11157 | Learner Walltime = 2173.056 | Min Dist = 0.324 | Min Dist 10 = 0.636 | Min Dist 100 = 0.170 | Min Dist 1000 = 0.224 | Steps Per Second = 81.892 | Success = 1.000 | Success 1000 = 0.979
I0502 15:42:30.587484 139579566835264 terminal.py:91] [Evaluator] Actor Episodes = 14490 | Actor Steps = 724500 | Delta Dist = 11.440 | Delta Dist 10 = 11.944 | Delta Dist 100 = 11.454 | Delta Dist 1000 = 10.944 | Episode Length = 50 | Episode Return = 5.0 | Evaluator Episodes = 3657 | Evaluator Steps = 182850 | Final Dist = 1.366 | Final Dist 10 = 0.862 | Final Dist 100 = 1.352 | Final Dist 1000 = 1.862 | Init Dist = 12.806 | Init Dist 10 = 12.806 | Init Dist 100 = 12.806 | Init Dist 1000 = 12.806 | Learner Steps = 11164 | Learner Walltime = 2174.267 | Min Dist = 0.258 | Min Dist 10 = 0.425 | Min Dist 100 = 0.677 | Min Dist 1000 = 1.133 | Steps Per Second = 85.923 | Success = 1.000 | Success 1000 = 0.870
I0502 15:42:30.682531 139569349502528 terminal.py:91] [Actor] Actor Episodes = 14489 | Actor Steps = 724450 | Delta Dist = 4.916 | Delta Dist 10 = 5.305 | Delta Dist 100 = 4.620 | Delta Dist 1000 = 4.339 | Episode Length = 50 | Episode Return = 23.0 | Evaluator Episodes = 3655 | Evaluator Steps = 182750 | Final Dist = 0.915 | Final Dist 10 = 0.389 | Final Dist 100 = 1.350 | Final Dist 1000 = 1.555 | Init Dist = 5.831 | Init Dist 10 = 5.694 | Init Dist 100 = 5.970 | Init Dist 1000 = 5.894 | Learner Steps = 11164 | Learner Walltime = 2174.267 | Min Dist = 0.050 | Min Dist 10 = 0.092 | Min Dist 100 = 0.173 | Min Dist 1000 = 0.220 | Steps Per Second = 89.185 | Success = 1.000 | Success 1000 = 0.979
I0502 15:42:31.202341 139555013154368 terminal.py:91] [Learner] Actor Episodes = 14492 | Actor Loss = 3.6252291202545166 | Actor Steps = 724600 | Binary Accuracy = 0.995955228805542 | Categorical Accuracy = 0.4130859375 | Critic Loss = 1.9949274063110352 | Entropy Mean = -17.12917709350586 | Evaluator Episodes = 3657 | Evaluator Steps = 182850 | Learner Steps = 11169 | Learner Walltime = 2175.398 | Logits Neg = -15.993949890136719 | Logits Pos = -1.9604793787002563 | Logsumexp = 1.3565737009048462 | Steps Per Second = 145.806
I0502 15:42:31.656627 139557462840896 terminal.py:91] [Actor] Actor Episodes = 14498 | Actor Steps = 724900 | Delta Dist = 5.575 | Delta Dist 10 = 4.036 | Delta Dist 100 = 4.655 | Delta Dist 1000 = 4.331 | Episode Length = 50 | Episode Return = 44.0 | Evaluator Episodes = 3657 | Evaluator Steps = 182850 | Final Dist = 0.828 | Final Dist 10 = 1.089 | Final Dist 100 = 1.424 | Final Dist 1000 = 1.562 | Init Dist = 6.403 | Init Dist 10 = 5.125 | Init Dist 100 = 6.079 | Init Dist 1000 = 5.893 | Learner Steps = 11169 | Learner Walltime = 2175.398 | Min Dist = 0.020 | Min Dist 10 = 0.159 | Min Dist 100 = 0.182 | Min Dist 1000 = 0.221 | Steps Per Second = 88.033 | Success = 1.000 | Success 1000 = 0.979
I0502 15:42:31.663016 139579566835264 terminal.py:91] [Evaluator] Actor Episodes = 14498 | Actor Steps = 724900 | Delta Dist = 12.305 | Delta Dist 10 = 11.942 | Delta Dist 100 = 11.464 | Delta Dist 1000 = 10.943 | Episode Length = 50 | Episode Return = 12.0 | Evaluator Episodes = 3659 | Evaluator Steps = 182950 | Final Dist = 0.501 | Final Dist 10 = 0.865 | Final Dist 100 = 1.342 | Final Dist 1000 = 1.863 | Init Dist = 12.806 | Init Dist 10 = 12.806 | Init Dist 100 = 12.806 | Init Dist 1000 = 12.806 | Learner Steps = 11169 | Learner Walltime = 2175.398 | Min Dist = 0.138 | Min Dist 10 = 0.424 | Min Dist 100 = 0.679 | Min Dist 1000 = 1.132 | Steps Per Second = 97.847 | Success = 1.000 | Success 1000 = 0.870
I0502 15:42:32.252943 139555860620864 terminal.py:91] [Actor] Actor Episodes = 14500 | Actor Steps = 725000 | Delta Dist = 5.154 | Delta Dist 10 = 4.429 | Delta Dist 100 = 4.644 | Delta Dist 1000 = 4.328 | Episode Length = 50 | Episode Return = 0.0 | Evaluator Episodes = 3659 | Evaluator Steps = 182950 | Final Dist = 2.126 | Final Dist 10 = 1.185 | Final Dist 100 = 1.424 | Final Dist 1000 = 1.561 | Init Dist = 7.280 | Init Dist 10 = 5.614 | Init Dist 100 = 6.068 | Init Dist 1000 = 5.889 | Learner Steps = 11169 | Learner Walltime = 2175.398 | Min Dist = 0.000 | Min Dist 10 = 0.120 | Min Dist 100 = 0.180 | Min Dist 1000 = 0.220 | Steps Per Second = 86.950 | Success = 1.000 | Success 1000 = 0.979
I0502 15:42:32.901724 139579566835264 terminal.py:91] [Evaluator] Actor Episodes = 14504 | Actor Steps = 725200 | Delta Dist = 11.800 | Delta Dist 10 = 12.056 | Delta Dist 100 = 11.466 | Delta Dist 1000 = 10.943 | Episode Length = 50 | Episode Return = 23.0 | Evaluator Episodes = 3661 | Evaluator Steps = 183050 | Final Dist = 1.006 | Final Dist 10 = 0.751 | Final Dist 100 = 1.340 | Final Dist 1000 = 1.863 | Init Dist = 12.806 | Init Dist 10 = 12.806 | Init Dist 100 = 12.806 | Init Dist 1000 = 12.806 | Learner Steps = 11176 | Learner Walltime = 2176.593 | Min Dist = 0.012 | Min Dist 10 = 0.325 | Min Dist 100 = 0.672 | Min Dist 1000 = 1.132 | Steps Per Second = 91.254 | Success = 1.000 | Success 1000 = 0.870
I0502 15:42:34.220543 139579566835264 terminal.py:91] [Evaluator] Actor Episodes = 14512 | Actor Steps = 725600 | Delta Dist = 12.480 | Delta Dist 10 = 11.967 | Delta Dist 100 = 11.460 | Delta Dist 1000 = 10.942 | Episode Length = 50 | Episode Return = 13.0 | Evaluator Episodes = 3663 | Evaluator Steps = 183150 | Final Dist = 0.327 | Final Dist 10 = 0.839 | Final Dist 100 = 1.346 | Final Dist 1000 = 1.864 | Init Dist = 12.806 | Init Dist 10 = 12.806 | Init Dist 100 = 12.806 | Init Dist 1000 = 12.806 | Learner Steps = 11183 | Learner Walltime = 2177.922 | Min Dist = 0.021 | Min Dist 10 = 0.222 | Min Dist 100 = 0.669 | Min Dist 1000 = 1.132 | Steps Per Second = 71.951 | Success = 1.000 | Success 1000 = 0.870
I0502 15:42:35.527773 139579566835264 terminal.py:91] [Evaluator] Actor Episodes = 14520 | Actor Steps = 726000 | Delta Dist = 5.242 | Delta Dist 10 = 12.032 | Delta Dist 100 = 11.539 | Delta Dist 1000 = 10.943 | Episode Length = 50 | Episode Return = 0.0 | Evaluator Episodes = 3665 | Evaluator Steps = 183250 | Final Dist = 7.564 | Final Dist 10 = 0.775 | Final Dist 100 = 1.268 | Final Dist 1000 = 1.864 | Init Dist = 12.806 | Init Dist 10 = 12.806 | Init Dist 100 = 12.806 | Init Dist 1000 = 12.806 | Learner Steps = 11188 | Learner Walltime = 2179.046 | Min Dist = 7.097 | Min Dist 10 = 0.183 | Min Dist 100 = 0.610 | Min Dist 1000 = 1.132 | Steps Per Second = 71.952 | Success = 0.000 | Success 1000 = 0.870
I0502 15:42:36.733664 139579566835264 terminal.py:91] [Evaluator] Actor Episodes = 14528 | Actor Steps = 726400 | Delta Dist = 1.662 | Delta Dist 10 = 10.703 | Delta Dist 100 = 11.420 | Delta Dist 1000 = 10.930 | Episode Length = 50 | Episode Return = 0.0 | Evaluator Episodes = 3667 | Evaluator Steps = 183350 | Final Dist = 11.145 | Final Dist 10 = 2.104 | Final Dist 100 = 1.386 | Final Dist 1000 = 1.876 | Init Dist = 12.806 | Init Dist 10 = 12.806 | Init Dist 100 = 12.806 | Init Dist 1000 = 12.806 | Learner Steps = 11194 | Learner Walltime = 2180.386 | Min Dist = 10.579 | Min Dist 10 = 1.470 | Min Dist 100 = 0.741 | Min Dist 1000 = 1.145 | Steps Per Second = 83.775 | Success = 0.000 | Success 1000 = 0.868
I0502 15:42:38.024133 139579566835264 terminal.py:91] [Evaluator] Actor Episodes = 14536 | Actor Steps = 726800 | Delta Dist = 1.883 | Delta Dist 10 = 9.131 | Delta Dist 100 = 11.267 | Delta Dist 1000 = 10.914 | Episode Length = 50 | Episode Return = 0.0 | Evaluator Episodes = 3669 | Evaluator Steps = 183450 | Final Dist = 10.923 | Final Dist 10 = 3.676 | Final Dist 100 = 1.539 | Final Dist 1000 = 1.892 | Init Dist = 12.806 | Init Dist 10 = 12.806 | Init Dist 100 = 12.806 | Init Dist 1000 = 12.806 | Learner Steps = 11200 | Learner Walltime = 2181.410 | Min Dist = 10.583 | Min Dist 10 = 3.036 | Min Dist 100 = 0.893 | Min Dist 1000 = 1.160 | Steps Per Second = 78.374 | Success = 0.000 | Success 1000 = 0.866
I0502 15:42:38.690757 139584504182336 lp_utils.py:96] StepsLimiter: Reached 727000 recorded steps
I0502 15:42:39.166871 139579566835264 terminal.py:91] [Evaluator] Actor Episodes = 14544 | Actor Steps = 727200 | Delta Dist = 1.827 | Delta Dist 10 = 8.140 | Delta Dist 100 = 11.165 | Delta Dist 1000 = 10.910 | Episode Length = 50 | Episode Return = 0.0 | Evaluator Episodes = 3671 | Evaluator Steps = 183550 | Final Dist = 10.980 | Final Dist 10 = 4.666 | Final Dist 100 = 1.641 | Final Dist 1000 = 1.896 | Init Dist = 12.806 | Init Dist 10 = 12.806 | Init Dist 100 = 12.806 | Init Dist 1000 = 12.806 | Learner Steps = 11204 | Learner Walltime = 2182.478 | Min Dist = 10.782 | Min Dist 10 = 4.092 | Min Dist 100 = 0.997 | Min Dist 1000 = 1.165 | Steps Per Second = 85.476 | Success = 0.000 | Success 1000 = 0.866
I0502 15:42:39.613665 139558059398720 terminal.py:91] [Actor] Actor Episodes = 14545 | Actor Steps = 727250 | Delta Dist = 1.540 | Delta Dist 10 = 2.133 | Delta Dist 100 = 4.278 | Delta Dist 1000 = 4.288 | Episode Length = 50 | Episode Return = 40.0 | Evaluator Episodes = 3669 | Evaluator Steps = 183450 | Final Dist = 0.460 | Final Dist 10 = 3.132 | Final Dist 100 = 1.268 | Final Dist 1000 = 1.553 | Init Dist = 2.000 | Init Dist 10 = 5.266 | Init Dist 100 = 5.546 | Init Dist 1000 = 5.841 | Learner Steps = 11204 | Learner Walltime = 2182.478 | Min Dist = 0.013 | Min Dist 10 = 0.083 | Min Dist 100 = 0.199 | Min Dist 1000 = 0.217 | Steps Per Second = 76.033 | Success = 1.000 | Success 1000 = 0.977
I0502 15:42:40.761175 139569349502528 terminal.py:91] [Actor] Actor Episodes = 14551 | Actor Steps = 727550 | Delta Dist = 8.023 | Delta Dist 10 = 2.541 | Delta Dist 100 = 4.243 | Delta Dist 1000 = 4.288 | Episode Length = 50 | Episode Return = 40.0 | Evaluator Episodes = 3671 | Evaluator Steps = 183550 | Final Dist = 0.039 | Final Dist 10 = 1.458 | Final Dist 100 = 1.180 | Final Dist 1000 = 1.547 | Init Dist = 8.062 | Init Dist 10 = 3.999 | Init Dist 100 = 5.423 | Init Dist 1000 = 5.835 | Learner Steps = 11211 | Learner Walltime = 2183.861 | Min Dist = 0.017 | Min Dist 10 = 0.087 | Min Dist 100 = 0.202 | Min Dist 1000 = 0.216 | Steps Per Second = 74.006 | Success = 1.000 | Success 1000 = 0.979
I0502 15:42:40.786313 139579566835264 terminal.py:91] [Evaluator] Actor Episodes = 14554 | Actor Steps = 727700 | Delta Dist = 11.973 | Delta Dist 10 = 6.063 | Delta Dist 100 = 10.962 | Delta Dist 1000 = 10.891 | Episode Length = 50 | Episode Return = 10.0 | Evaluator Episodes = 3674 | Evaluator Steps = 183700 | Final Dist = 0.833 | Final Dist 10 = 6.743 | Final Dist 100 = 1.844 | Final Dist 1000 = 1.916 | Init Dist = 12.806 | Init Dist 10 = 12.806 | Init Dist 100 = 12.806 | Init Dist 1000 = 12.806 | Learner Steps = 11211 | Learner Walltime = 2183.861 | Min Dist = 0.150 | Min Dist 10 = 6.283 | Min Dist 100 = 1.206 | Min Dist 1000 = 1.187 | Steps Per Second = 80.175 | Success = 1.000 | Success 1000 = 0.864
I0502 15:42:40.940644 139583350109760 savers.py:156] Saving checkpoint: logs/contrastive_cpc_point_FourRooms_64/5dd72662-2788-11f0-b183-d85ed38c5779/checkpoints/learner
I0502 15:42:41.310938 139555013154368 terminal.py:91] [Learner] Actor Episodes = 14554 | Actor Loss = 3.5915164947509766 | Actor Steps = 727700 | Binary Accuracy = 0.9960737228393555 | Categorical Accuracy = 0.4315185546875 | Critic Loss = 1.8911519050598145 | Entropy Mean = -20.329471588134766 | Evaluator Episodes = 3674 | Evaluator Steps = 183700 | Learner Steps = 11219 | Learner Walltime = 2185.507 | Logits Neg = -15.944938659667969 | Logits Pos = -1.8650989532470703 | Logsumexp = 1.1283681392669678 | Steps Per Second = 176.471
I0502 15:42:42.202295 139579566835264 terminal.py:91] [Evaluator] Actor Episodes = 14560 | Actor Steps = 728000 | Delta Dist = 12.099 | Delta Dist 10 = 6.646 | Delta Dist 100 = 10.961 | Delta Dist 1000 = 10.889 | Episode Length = 50 | Episode Return = 16.0 | Evaluator Episodes = 3676 | Evaluator Steps = 183800 | Final Dist = 0.708 | Final Dist 10 = 6.161 | Final Dist 100 = 1.845 | Final Dist 1000 = 1.917 | Init Dist = 12.806 | Init Dist 10 = 12.806 | Init Dist 100 = 12.806 | Init Dist 1000 = 12.806 | Learner Steps = 11223 | Learner Walltime = 2186.379 | Min Dist = 0.079 | Min Dist 10 = 5.578 | Min Dist 100 = 1.205 | Min Dist 1000 = 1.187 | Steps Per Second = 70.374 | Success = 1.000 | Success 1000 = 0.864
I0502 15:42:42.229550 139557462840896 terminal.py:91] [Actor] Actor Episodes = 14562 | Actor Steps = 728100 | Delta Dist = 7.907 | Delta Dist 10 = 3.075 | Delta Dist 100 = 4.227 | Delta Dist 1000 = 4.269 | Episode Length = 50 | Episode Return = 0.0 | Evaluator Episodes = 3676 | Evaluator Steps = 183800 | Final Dist = 1.093 | Final Dist 10 = 1.732 | Final Dist 100 = 1.260 | Final Dist 1000 = 1.545 | Init Dist = 9.000 | Init Dist 10 = 4.807 | Init Dist 100 = 5.487 | Init Dist 1000 = 5.813 | Learner Steps = 11223 | Learner Walltime = 2186.379 | Min Dist = 0.023 | Min Dist 10 = 0.039 | Min Dist 100 = 0.201 | Min Dist 1000 = 0.208 | Steps Per Second = 70.056 | Success = 1.000 | Success 1000 = 0.979
I0502 15:42:42.686642 139555860620864 terminal.py:91] [Actor] Actor Episodes = 14564 | Actor Steps = 728200 | Delta Dist = 4.910 | Delta Dist 10 = 3.344 | Delta Dist 100 = 4.249 | Delta Dist 1000 = 4.280 | Episode Length = 50 | Episode Return = 46.0 | Evaluator Episodes = 3676 | Evaluator Steps = 183800 | Final Dist = 1.173 | Final Dist 10 = 1.774 | Final Dist 100 = 1.260 | Final Dist 1000 = 1.530 | Init Dist = 6.083 | Init Dist 10 = 5.118 | Init Dist 100 = 5.509 | Init Dist 1000 = 5.810 | Learner Steps = 11223 | Learner Walltime = 2186.379 | Min Dist = 0.031 | Min Dist 10 = 0.041 | Min Dist 100 = 0.197 | Min Dist 1000 = 0.207 | Steps Per Second = 71.717 | Success = 1.000 | Success 1000 = 0.980
I0502 15:42:43.038639 139584635659840 savers.py:156] Saving checkpoint: logs/contrastive_cpc_point_FourRooms_64/5dd72662-2788-11f0-b183-d85ed38c5779/checkpoints/counter
I0502 15:42:43.590218 139579566835264 terminal.py:91] [Evaluator] Actor Episodes = 14570 | Actor Steps = 728500 | Delta Dist = 12.677 | Delta Dist 10 = 8.244 | Delta Dist 100 = 10.974 | Delta Dist 1000 = 10.889 | Episode Length = 50 | Episode Return = 7.0 | Evaluator Episodes = 3678 | Evaluator Steps = 183900 | Final Dist = 0.129 | Final Dist 10 = 4.562 | Final Dist 100 = 1.832 | Final Dist 1000 = 1.917 | Init Dist = 12.806 | Init Dist 10 = 12.806 | Init Dist 100 = 12.806 | Init Dist 1000 = 12.806 | Learner Steps = 11228 | Learner Walltime = 2187.532 | Min Dist = 0.120 | Min Dist 10 = 3.899 | Min Dist 100 = 1.171 | Min Dist 1000 = 1.187 | Steps Per Second = 67.504 | Success = 1.000 | Success 1000 = 0.864
I0502 15:42:44.823289 139579566835264 terminal.py:91] [Evaluator] Actor Episodes = 14578 | Actor Steps = 728900 | Delta Dist = 11.286 | Delta Dist 10 = 9.921 | Delta Dist 100 = 10.988 | Delta Dist 1000 = 10.898 | Episode Length = 50 | Episode Return = 17.0 | Evaluator Episodes = 3680 | Evaluator Steps = 184000 | Final Dist = 1.520 | Final Dist 10 = 2.885 | Final Dist 100 = 1.818 | Final Dist 1000 = 1.908 | Init Dist = 12.806 | Init Dist 10 = 12.806 | Init Dist 100 = 12.806 | Init Dist 1000 = 12.806 | Learner Steps = 11234 | Learner Walltime = 2188.538 | Min Dist = 0.118 | Min Dist 10 = 2.319 | Min Dist 100 = 1.169 | Min Dist 1000 = 1.178 | Steps Per Second = 82.285 | Success = 1.000 | Success 1000 = 0.866
I0502 15:42:46.107079 139579566835264 terminal.py:91] [Evaluator] Actor Episodes = 14586 | Actor Steps = 729300 | Delta Dist = 11.848 | Delta Dist 10 = 10.821 | Delta Dist 100 = 10.987 | Delta Dist 1000 = 10.898 | Episode Length = 50 | Episode Return = 12.0 | Evaluator Episodes = 3682 | Evaluator Steps = 184100 | Final Dist = 0.959 | Final Dist 10 = 1.985 | Final Dist 100 = 1.820 | Final Dist 1000 = 1.908 | Init Dist = 12.806 | Init Dist 10 = 12.806 | Init Dist 100 = 12.806 | Init Dist 1000 = 12.806 | Learner Steps = 11238 | Learner Walltime = 2189.594 | Min Dist = 0.683 | Min Dist 10 = 1.243 | Min Dist 100 = 1.166 | Min Dist 1000 = 1.178 | Steps Per Second = 83.992 | Success = 1.000 | Success 1000 = 0.866
I0502 15:42:47.346590 139579566835264 terminal.py:91] [Evaluator] Actor Episodes = 14594 | Actor Steps = 729700 | Delta Dist = 12.462 | Delta Dist 10 = 11.863 | Delta Dist 100 = 10.979 | Delta Dist 1000 = 10.899 | Episode Length = 50 | Episode Return = 21.0 | Evaluator Episodes = 3684 | Evaluator Steps = 184200 | Final Dist = 0.344 | Final Dist 10 = 0.943 | Final Dist 100 = 1.827 | Final Dist 1000 = 1.907 | Init Dist = 12.806 | Init Dist 10 = 12.806 | Init Dist 100 = 12.806 | Init Dist 1000 = 12.806 | Learner Steps = 11244 | Learner Walltime = 2190.773 | Min Dist = 0.276 | Min Dist 10 = 0.186 | Min Dist 100 = 1.173 | Min Dist 1000 = 1.179 | Steps Per Second = 84.082 | Success = 1.000 | Success 1000 = 0.866
I0502 15:42:48.707425 139584504182336 lp_utils.py:96] StepsLimiter: Reached 730100 recorded steps
I0502 15:42:48.738752 139579566835264 terminal.py:91] [Evaluator] Actor Episodes = 14602 | Actor Steps = 730100 | Delta Dist = 12.547 | Delta Dist 10 = 12.043 | Delta Dist 100 = 10.994 | Delta Dist 1000 = 10.900 | Episode Length = 50 | Episode Return = 20.0 | Evaluator Episodes = 3686 | Evaluator Steps = 184300 | Final Dist = 0.259 | Final Dist 10 = 0.763 | Final Dist 100 = 1.812 | Final Dist 1000 = 1.906 | Init Dist = 12.806 | Init Dist 10 = 12.806 | Init Dist 100 = 12.806 | Init Dist 1000 = 12.806 | Learner Steps = 11251 | Learner Walltime = 2192.198 | Min Dist = 0.259 | Min Dist 10 = 0.194 | Min Dist 100 = 1.171 | Min Dist 1000 = 1.179 | Steps Per Second = 72.843 | Success = 1.000 | Success 1000 = 0.866
I0502 15:42:49.615471 139558059398720 terminal.py:91] [Actor] Actor Episodes = 14608 | Actor Steps = 730400 | Delta Dist = 5.781 | Delta Dist 10 = 5.407 | Delta Dist 100 = 4.183 | Delta Dist 1000 = 4.305 | Episode Length = 50 | Episode Return = 39.0 | Evaluator Episodes = 3686 | Evaluator Steps = 184300 | Final Dist = 0.302 | Final Dist 10 = 0.506 | Final Dist 100 = 1.238 | Final Dist 1000 = 1.496 | Init Dist = 6.083 | Init Dist 10 = 5.913 | Init Dist 100 = 5.421 | Init Dist 1000 = 5.802 | Learner Steps = 11257 | Learner Walltime = 2193.312 | Min Dist = 0.079 | Min Dist 10 = 0.061 | Min Dist 100 = 0.104 | Min Dist 1000 = 0.189 | Steps Per Second = 78.350 | Success = 1.000 | Success 1000 = 0.980
I0502 15:42:49.929497 139579566835264 terminal.py:91] [Evaluator] Actor Episodes = 14610 | Actor Steps = 730500 | Delta Dist = 11.486 | Delta Dist 10 = 12.170 | Delta Dist 100 = 11.002 | Delta Dist 1000 = 10.909 | Episode Length = 50 | Episode Return = 9.0 | Evaluator Episodes = 3688 | Evaluator Steps = 184400 | Final Dist = 1.321 | Final Dist 10 = 0.637 | Final Dist 100 = 1.804 | Final Dist 1000 = 1.897 | Init Dist = 12.806 | Init Dist 10 = 12.806 | Init Dist 100 = 12.806 | Init Dist 1000 = 12.806 | Learner Steps = 11257 | Learner Walltime = 2193.312 | Min Dist = 0.320 | Min Dist 10 = 0.217 | Min Dist 100 = 1.172 | Min Dist 1000 = 1.171 | Steps Per Second = 84.039 | Success = 1.000 | Success 1000 = 0.867
I0502 15:42:51.269300 139579566835264 terminal.py:91] [Evaluator] Actor Episodes = 14618 | Actor Steps = 730900 | Delta Dist = 11.453 | Delta Dist 10 = 11.983 | Delta Dist 100 = 11.059 | Delta Dist 1000 = 10.908 | Episode Length = 50 | Episode Return = 5.0 | Evaluator Episodes = 3690 | Evaluator Steps = 184500 | Final Dist = 1.353 | Final Dist 10 = 0.823 | Final Dist 100 = 1.747 | Final Dist 1000 = 1.898 | Init Dist = 12.806 | Init Dist 10 = 12.806 | Init Dist 100 = 12.806 | Init Dist 1000 = 12.806 | Learner Steps = 11262 | Learner Walltime = 2194.315 | Min Dist = 0.331 | Min Dist 10 = 0.234 | Min Dist 100 = 1.115 | Min Dist 1000 = 1.171 | Steps Per Second = 79.965 | Success = 1.000 | Success 1000 = 0.867
I0502 15:42:51.298117 139569349502528 terminal.py:91] [Actor] Actor Episodes = 14615 | Actor Steps = 730750 | Delta Dist = 1.986 | Delta Dist 10 = 5.346 | Delta Dist 100 = 4.425 | Delta Dist 1000 = 4.321 | Episode Length = 50 | Episode Return = 37.0 | Evaluator Episodes = 3688 | Evaluator Steps = 184400 | Final Dist = 0.843 | Final Dist 10 = 0.967 | Final Dist 100 = 1.237 | Final Dist 1000 = 1.485 | Init Dist = 2.828 | Init Dist 10 = 6.313 | Init Dist 100 = 5.662 | Init Dist 1000 = 5.806 | Learner Steps = 11262 | Learner Walltime = 2194.315 | Min Dist = 0.136 | Min Dist 10 = 0.124 | Min Dist 100 = 0.084 | Min Dist 1000 = 0.190 | Steps Per Second = 78.051 | Success = 1.000 | Success 1000 = 0.982
I0502 15:42:51.426787 139555013154368 terminal.py:91] [Learner] Actor Episodes = 14618 | Actor Loss = 3.506783962249756 | Actor Steps = 730900 | Binary Accuracy = 0.9959869384765625 | Categorical Accuracy = 0.4140625 | Critic Loss = 1.962744951248169 | Entropy Mean = -17.724336624145508 | Evaluator Episodes = 3690 | Evaluator Steps = 184500 | Learner Steps = 11268 | Learner Walltime = 2195.627 | Logits Neg = -15.859960556030273 | Logits Pos = -1.9314137697219849 | Logsumexp = 1.284953236579895 | Steps Per Second = 409.264
I0502 15:42:52.295289 139557462840896 terminal.py:91] [Actor] Actor Episodes = 14626 | Actor Steps = 731300 | Delta Dist = 7.047 | Delta Dist 10 = 4.902 | Delta Dist 100 = 4.353 | Delta Dist 1000 = 4.322 | Episode Length = 50 | Episode Return = 16.0 | Evaluator Episodes = 3690 | Evaluator Steps = 184500 | Final Dist = 0.568 | Final Dist 10 = 1.331 | Final Dist 100 = 1.313 | Final Dist 1000 = 1.488 | Init Dist = 7.616 | Init Dist 10 = 6.233 | Init Dist 100 = 5.665 | Init Dist 1000 = 5.810 | Learner Steps = 11272 | Learner Walltime = 2196.475 | Min Dist = 0.004 | Min Dist 10 = 0.103 | Min Dist 100 = 0.086 | Min Dist 1000 = 0.189 | Steps Per Second = 94.445 | Success = 1.000 | Success 1000 = 0.983
I0502 15:42:52.384656 139579566835264 terminal.py:91] [Evaluator] Actor Episodes = 14626 | Actor Steps = 731300 | Delta Dist = 11.393 | Delta Dist 10 = 12.047 | Delta Dist 100 = 11.058 | Delta Dist 1000 = 10.908 | Episode Length = 50 | Episode Return = 2.0 | Evaluator Episodes = 3692 | Evaluator Steps = 184600 | Final Dist = 1.413 | Final Dist 10 = 0.760 | Final Dist 100 = 1.748 | Final Dist 1000 = 1.898 | Init Dist = 12.806 | Init Dist 10 = 12.806 | Init Dist 100 = 12.806 | Init Dist 1000 = 12.806 | Learner Steps = 11272 | Learner Walltime = 2196.475 | Min Dist = 0.524 | Min Dist 10 = 0.253 | Min Dist 100 = 1.112 | Min Dist 1000 = 1.171 | Steps Per Second = 89.965 | Success = 1.000 | Success 1000 = 0.867
I0502 15:42:52.782508 139555860620864 terminal.py:91] [Actor] Actor Episodes = 14628 | Actor Steps = 731400 | Delta Dist = 3.535 | Delta Dist 10 = 4.694 | Delta Dist 100 = 4.334 | Delta Dist 1000 = 4.328 | Episode Length = 50 | Episode Return = 44.0 | Evaluator Episodes = 3692 | Evaluator Steps = 184600 | Final Dist = 0.465 | Final Dist 10 = 1.118 | Final Dist 100 = 1.313 | Final Dist 1000 = 1.486 | Init Dist = 4.000 | Init Dist 10 = 5.813 | Init Dist 100 = 5.647 | Init Dist 1000 = 5.814 | Learner Steps = 11272 | Learner Walltime = 2196.475 | Min Dist = 0.033 | Min Dist 10 = 0.053 | Min Dist 100 = 0.082 | Min Dist 1000 = 0.189 | Steps Per Second = 82.373 | Success = 1.000 | Success 1000 = 0.983
I0502 15:42:53.676218 139579566835264 terminal.py:91] [Evaluator] Actor Episodes = 14634 | Actor Steps = 731700 | Delta Dist = 11.258 | Delta Dist 10 = 11.971 | Delta Dist 100 = 11.054 | Delta Dist 1000 = 10.907 | Episode Length = 50 | Episode Return = 21.0 | Evaluator Episodes = 3694 | Evaluator Steps = 184700 | Final Dist = 1.548 | Final Dist 10 = 0.835 | Final Dist 100 = 1.753 | Final Dist 1000 = 1.899 | Init Dist = 12.806 | Init Dist 10 = 12.806 | Init Dist 100 = 12.806 | Init Dist 1000 = 12.806 | Learner Steps = 11279 | Learner Walltime = 2197.789 | Min Dist = 0.198 | Min Dist 10 = 0.216 | Min Dist 100 = 1.117 | Min Dist 1000 = 1.171 | Steps Per Second = 76.923 | Success = 1.000 | Success 1000 = 0.867
I0502 15:42:54.970085 139579566835264 terminal.py:91] [Evaluator] Actor Episodes = 14642 | Actor Steps = 732100 | Delta Dist = 11.388 | Delta Dist 10 = 11.799 | Delta Dist 100 = 11.039 | Delta Dist 1000 = 10.907 | Episode Length = 50 | Episode Return = 23.0 | Evaluator Episodes = 3696 | Evaluator Steps = 184800 | Final Dist = 1.419 | Final Dist 10 = 1.007 | Final Dist 100 = 1.767 | Final Dist 1000 = 1.900 | Init Dist = 12.806 | Init Dist 10 = 12.806 | Init Dist 100 = 12.806 | Init Dist 1000 = 12.806 | Learner Steps = 11285 | Learner Walltime = 2198.940 | Min Dist = 0.147 | Min Dist 10 = 0.242 | Min Dist 100 = 1.119 | Min Dist 1000 = 1.171 | Steps Per Second = 71.240 | Success = 1.000 | Success 1000 = 0.867
I0502 15:42:56.208010 139579566835264 terminal.py:91] [Evaluator] Actor Episodes = 14650 | Actor Steps = 732500 | Delta Dist = 11.404 | Delta Dist 10 = 10.969 | Delta Dist 100 = 10.974 | Delta Dist 1000 = 10.906 | Episode Length = 50 | Episode Return = 5.0 | Evaluator Episodes = 3698 | Evaluator Steps = 184900 | Final Dist = 1.402 | Final Dist 10 = 1.837 | Final Dist 100 = 1.832 | Final Dist 1000 = 1.900 | Init Dist = 12.806 | Init Dist 10 = 12.806 | Init Dist 100 = 12.806 | Init Dist 1000 = 12.806 | Learner Steps = 11290 | Learner Walltime = 2200.127 | Min Dist = 0.777 | Min Dist 10 = 0.926 | Min Dist 100 = 1.189 | Min Dist 1000 = 1.171 | Steps Per Second = 79.411 | Success = 1.000 | Success 1000 = 0.867
I0502 15:42:57.559015 139579566835264 terminal.py:91] [Evaluator] Actor Episodes = 14658 | Actor Steps = 732900 | Delta Dist = 12.106 | Delta Dist 10 = 11.026 | Delta Dist 100 = 10.983 | Delta Dist 1000 = 10.913 | Episode Length = 50 | Episode Return = 34.0 | Evaluator Episodes = 3700 | Evaluator Steps = 185000 | Final Dist = 0.700 | Final Dist 10 = 1.781 | Final Dist 100 = 1.824 | Final Dist 1000 = 1.893 | Init Dist = 12.806 | Init Dist 10 = 12.806 | Init Dist 100 = 12.806 | Init Dist 1000 = 12.806 | Learner Steps = 11297 | Learner Walltime = 2201.509 | Min Dist = 0.006 | Min Dist 10 = 0.979 | Min Dist 100 = 1.191 | Min Dist 1000 = 1.165 | Steps Per Second = 77.655 | Success = 1.000 | Success 1000 = 0.868
I0502 15:42:58.724605 139584504182336 lp_utils.py:96] StepsLimiter: Reached 733300 recorded steps
I0502 15:42:58.774567 139579566835264 terminal.py:91] [Evaluator] Actor Episodes = 14666 | Actor Steps = 733300 | Delta Dist = 11.986 | Delta Dist 10 = 11.062 | Delta Dist 100 = 10.979 | Delta Dist 1000 = 10.919 | Episode Length = 50 | Episode Return = 22.0 | Evaluator Episodes = 3702 | Evaluator Steps = 185100 | Final Dist = 0.820 | Final Dist 10 = 1.745 | Final Dist 100 = 1.827 | Final Dist 1000 = 1.887 | Init Dist = 12.806 | Init Dist 10 = 12.806 | Init Dist 100 = 12.806 | Init Dist 1000 = 12.806 | Learner Steps = 11303 | Learner Walltime = 2202.743 | Min Dist = 0.151 | Min Dist 10 = 1.009 | Min Dist 100 = 1.196 | Min Dist 1000 = 1.159 | Steps Per Second = 78.320 | Success = 1.000 | Success 1000 = 0.869
I0502 15:42:59.790761 139558059398720 terminal.py:91] [Actor] Actor Episodes = 14672 | Actor Steps = 733600 | Delta Dist = 2.730 | Delta Dist 10 = 3.235 | Delta Dist 100 = 4.631 | Delta Dist 1000 = 4.361 | Episode Length = 50 | Episode Return = 34.0 | Evaluator Episodes = 3702 | Evaluator Steps = 185100 | Final Dist = 0.433 | Final Dist 10 = 1.363 | Final Dist 100 = 0.992 | Final Dist 1000 = 1.436 | Init Dist = 3.162 | Init Dist 10 = 4.599 | Init Dist 100 = 5.623 | Init Dist 1000 = 5.798 | Learner Steps = 11308 | Learner Walltime = 2203.858 | Min Dist = 0.132 | Min Dist 10 = 0.112 | Min Dist 100 = 0.101 | Min Dist 1000 = 0.178 | Steps Per Second = 74.404 | Success = 1.000 | Success 1000 = 0.985
I0502 15:43:00.083350 139579566835264 terminal.py:91] [Evaluator] Actor Episodes = 14674 | Actor Steps = 733700 | Delta Dist = 11.797 | Delta Dist 10 = 11.131 | Delta Dist 100 = 10.974 | Delta Dist 1000 = 10.918 | Episode Length = 50 | Episode Return = 7.0 | Evaluator Episodes = 3704 | Evaluator Steps = 185200 | Final Dist = 1.009 | Final Dist 10 = 1.676 | Final Dist 100 = 1.833 | Final Dist 1000 = 1.889 | Init Dist = 12.806 | Init Dist 10 = 12.806 | Init Dist 100 = 12.806 | Init Dist 1000 = 12.806 | Learner Steps = 11308 | Learner Walltime = 2203.858 | Min Dist = 0.195 | Min Dist 10 = 0.972 | Min Dist 100 = 1.193 | Min Dist 1000 = 1.159 | Steps Per Second = 73.407 | Success = 1.000 | Success 1000 = 0.869
I0502 15:43:01.424383 139579566835264 terminal.py:91] [Evaluator] Actor Episodes = 14682 | Actor Steps = 734100 | Delta Dist = 12.048 | Delta Dist 10 = 11.200 | Delta Dist 100 = 10.978 | Delta Dist 1000 = 10.919 | Episode Length = 50 | Episode Return = 14.0 | Evaluator Episodes = 3706 | Evaluator Steps = 185300 | Final Dist = 0.759 | Final Dist 10 = 1.606 | Final Dist 100 = 1.828 | Final Dist 1000 = 1.888 | Init Dist = 12.806 | Init Dist 10 = 12.806 | Init Dist 100 = 12.806 | Init Dist 1000 = 12.806 | Learner Steps = 11313 | Learner Walltime = 2204.870 | Min Dist = 0.155 | Min Dist 10 = 0.944 | Min Dist 100 = 1.189 | Min Dist 1000 = 1.159 | Steps Per Second = 82.866 | Success = 1.000 | Success 1000 = 0.869
I0502 15:43:01.510149 139569349502528 terminal.py:91] [Actor] Actor Episodes = 14679 | Actor Steps = 733950 | Delta Dist = 5.564 | Delta Dist 10 = 4.998 | Delta Dist 100 = 4.585 | Delta Dist 1000 = 4.359 | Episode Length = 50 | Episode Return = 27.0 | Evaluator Episodes = 3704 | Evaluator Steps = 185200 | Final Dist = 0.519 | Final Dist 10 = 1.501 | Final Dist 100 = 1.044 | Final Dist 1000 = 1.435 | Init Dist = 6.083 | Init Dist 10 = 6.499 | Init Dist 100 = 5.629 | Init Dist 1000 = 5.795 | Learner Steps = 11313 | Learner Walltime = 2204.870 | Min Dist = 0.010 | Min Dist 10 = 0.078 | Min Dist 100 = 0.102 | Min Dist 1000 = 0.178 | Steps Per Second = 86.782 | Success = 1.000 | Success 1000 = 0.985
I0502 15:43:01.522494 139555013154368 terminal.py:91] [Learner] Actor Episodes = 14674 | Actor Loss = 3.6614513397216797 | Actor Steps = 733700 | Binary Accuracy = 0.9960896968841553 | Categorical Accuracy = 0.4339599609375 | Critic Loss = 1.9120558500289917 | Entropy Mean = -20.371458053588867 | Evaluator Episodes = 3704 | Evaluator Steps = 185200 | Learner Steps = 11317 | Learner Walltime = 2205.719 | Logits Neg = -15.878885269165039 | Logits Pos = -1.9203397035598755 | Logsumexp = 1.2523632049560547 | Steps Per Second = 285.288
I0502 15:43:02.563692 139557462840896 terminal.py:91] [Actor] Actor Episodes = 14690 | Actor Steps = 734500 | Delta Dist = 5.540 | Delta Dist 10 = 5.151 | Delta Dist 100 = 4.608 | Delta Dist 1000 = 4.364 | Episode Length = 50 | Episode Return = 28.0 | Evaluator Episodes = 3706 | Evaluator Steps = 185300 | Final Dist = 0.543 | Final Dist 10 = 1.079 | Final Dist 100 = 0.967 | Final Dist 1000 = 1.431 | Init Dist = 6.083 | Init Dist 10 = 6.230 | Init Dist 100 = 5.575 | Init Dist 1000 = 5.794 | Learner Steps = 11319 | Learner Walltime = 2206.164 | Min Dist = 0.016 | Min Dist 10 = 0.078 | Min Dist 100 = 0.100 | Min Dist 1000 = 0.178 | Steps Per Second = 75.005 | Success = 1.000 | Success 1000 = 0.985
I0502 15:43:02.685076 139579566835264 terminal.py:91] [Evaluator] Actor Episodes = 14690 | Actor Steps = 734500 | Delta Dist = 10.003 | Delta Dist 10 = 12.025 | Delta Dist 100 = 10.994 | Delta Dist 1000 = 10.928 | Episode Length = 50 | Episode Return = 0.0 | Evaluator Episodes = 3708 | Evaluator Steps = 185400 | Final Dist = 2.803 | Final Dist 10 = 0.781 | Final Dist 100 = 1.813 | Final Dist 1000 = 1.878 | Init Dist = 12.806 | Init Dist 10 = 12.806 | Init Dist 100 = 12.806 | Init Dist 1000 = 12.806 | Learner Steps = 11319 | Learner Walltime = 2206.164 | Min Dist = 2.803 | Min Dist 10 = 0.260 | Min Dist 100 = 1.190 | Min Dist 1000 = 1.151 | Steps Per Second = 85.563 | Success = 0.000 | Success 1000 = 0.870
I0502 15:43:03.362840 139555860620864 terminal.py:91] [Actor] Actor Episodes = 14692 | Actor Steps = 734600 | Delta Dist = 2.939 | Delta Dist 10 = 5.471 | Delta Dist 100 = 4.728 | Delta Dist 1000 = 4.377 | Episode Length = 50 | Episode Return = 39.0 | Evaluator Episodes = 3708 | Evaluator Steps = 185400 | Final Dist = 0.666 | Final Dist 10 = 0.583 | Final Dist 100 = 0.903 | Final Dist 1000 = 1.429 | Init Dist = 3.606 | Init Dist 10 = 6.054 | Init Dist 100 = 5.631 | Init Dist 1000 = 5.806 | Learner Steps = 11325 | Learner Walltime = 2207.188 | Min Dist = 0.020 | Min Dist 10 = 0.092 | Min Dist 100 = 0.097 | Min Dist 1000 = 0.178 | Steps Per Second = 75.345 | Success = 1.000 | Success 1000 = 0.985
I0502 15:43:03.984630 139579566835264 terminal.py:91] [Evaluator] Actor Episodes = 14698 | Actor Steps = 734900 | Delta Dist = 12.545 | Delta Dist 10 = 11.822 | Delta Dist 100 = 10.964 | Delta Dist 1000 = 10.932 | Episode Length = 50 | Episode Return = 16.0 | Evaluator Episodes = 3710 | Evaluator Steps = 185500 | Final Dist = 0.261 | Final Dist 10 = 0.984 | Final Dist 100 = 1.842 | Final Dist 1000 = 1.874 | Init Dist = 12.806 | Init Dist 10 = 12.806 | Init Dist 100 = 12.806 | Init Dist 1000 = 12.806 | Learner Steps = 11325 | Learner Walltime = 2207.188 | Min Dist = 0.261 | Min Dist 10 = 0.469 | Min Dist 100 = 1.219 | Min Dist 1000 = 1.148 | Steps Per Second = 78.797 | Success = 1.000 | Success 1000 = 0.870
I0502 15:43:05.223762 139579566835264 terminal.py:91] [Evaluator] Actor Episodes = 14704 | Actor Steps = 735200 | Delta Dist = 12.487 | Delta Dist 10 = 11.916 | Delta Dist 100 = 10.980 | Delta Dist 1000 = 10.934 | Episode Length = 50 | Episode Return = 5.0 | Evaluator Episodes = 3712 | Evaluator Steps = 185600 | Final Dist = 0.319 | Final Dist 10 = 0.890 | Final Dist 100 = 1.827 | Final Dist 1000 = 1.872 | Init Dist = 12.806 | Init Dist 10 = 12.806 | Init Dist 100 = 12.806 | Init Dist 1000 = 12.806 | Learner Steps = 11329 | Learner Walltime = 2208.287 | Min Dist = 0.319 | Min Dist 10 = 0.454 | Min Dist 100 = 1.212 | Min Dist 1000 = 1.148 | Steps Per Second = 77.344 | Success = 1.000 | Success 1000 = 0.870
I0502 15:43:06.565502 139579566835264 terminal.py:91] [Evaluator] Actor Episodes = 14712 | Actor Steps = 735600 | Delta Dist = 12.101 | Delta Dist 10 = 12.059 | Delta Dist 100 = 10.996 | Delta Dist 1000 = 10.941 | Episode Length = 50 | Episode Return = 17.0 | Evaluator Episodes = 3714 | Evaluator Steps = 185700 | Final Dist = 0.705 | Final Dist 10 = 0.747 | Final Dist 100 = 1.810 | Final Dist 1000 = 1.865 | Init Dist = 12.806 | Init Dist 10 = 12.806 | Init Dist 100 = 12.806 | Init Dist 1000 = 12.806 | Learner Steps = 11341 | Learner Walltime = 2210.727 | Min Dist = 0.339 | Min Dist 10 = 0.467 | Min Dist 100 = 1.213 | Min Dist 1000 = 1.141 | Steps Per Second = 80.319 | Success = 1.000 | Success 1000 = 0.871
I0502 15:43:07.579122 139579566835264 terminal.py:91] [Evaluator] Actor Episodes = 14720 | Actor Steps = 736000 | Delta Dist = 11.739 | Delta Dist 10 = 10.940 | Delta Dist 100 = 10.888 | Delta Dist 1000 = 10.930 | Episode Length = 50 | Episode Return = 20.0 | Evaluator Episodes = 3716 | Evaluator Steps = 185800 | Final Dist = 1.067 | Final Dist 10 = 1.867 | Final Dist 100 = 1.918 | Final Dist 1000 = 1.876 | Init Dist = 12.806 | Init Dist 10 = 12.806 | Init Dist 100 = 12.806 | Init Dist 1000 = 12.806 | Learner Steps = 11346 | Learner Walltime = 2211.742 | Min Dist = 0.168 | Min Dist 10 = 1.561 | Min Dist 100 = 1.321 | Min Dist 1000 = 1.152 | Steps Per Second = 95.880 | Success = 1.000 | Success 1000 = 0.870
I0502 15:43:08.740161 139584504182336 lp_utils.py:96] StepsLimiter: Reached 736300 recorded steps
I0502 15:43:08.858157 139579566835264 terminal.py:91] [Evaluator] Actor Episodes = 14728 | Actor Steps = 736400 | Delta Dist = 11.572 | Delta Dist 10 = 10.797 | Delta Dist 100 = 10.885 | Delta Dist 1000 = 10.929 | Episode Length = 50 | Episode Return = 16.0 | Evaluator Episodes = 3718 | Evaluator Steps = 185900 | Final Dist = 1.234 | Final Dist 10 = 2.010 | Final Dist 100 = 1.922 | Final Dist 1000 = 1.877 | Init Dist = 12.806 | Init Dist 10 = 12.806 | Init Dist 100 = 12.806 | Init Dist 1000 = 12.806 | Learner Steps = 11351 | Learner Walltime = 2212.852 | Min Dist = 0.096 | Min Dist 10 = 1.604 | Min Dist 100 = 1.325 | Min Dist 1000 = 1.152 | Steps Per Second = 76.649 | Success = 1.000 | Success 1000 = 0.870
I0502 15:43:10.058048 139558059398720 terminal.py:91] [Actor] Actor Episodes = 14736 | Actor Steps = 736800 | Delta Dist = 4.811 | Delta Dist 10 = 5.372 | Delta Dist 100 = 4.546 | Delta Dist 1000 = 4.377 | Episode Length = 50 | Episode Return = 11.0 | Evaluator Episodes = 3718 | Evaluator Steps = 185900 | Final Dist = 1.272 | Final Dist 10 = 0.927 | Final Dist 100 = 0.899 | Final Dist 1000 = 1.409 | Init Dist = 6.083 | Init Dist 10 = 6.299 | Init Dist 100 = 5.444 | Init Dist 1000 = 5.786 | Learner Steps = 11357 | Learner Walltime = 2214.097 | Min Dist = 0.035 | Min Dist 10 = 0.164 | Min Dist 100 = 0.100 | Min Dist 1000 = 0.167 | Steps Per Second = 76.922 | Success = 1.000 | Success 1000 = 0.985
I0502 15:43:10.146701 139579566835264 terminal.py:91] [Evaluator] Actor Episodes = 14736 | Actor Steps = 736800 | Delta Dist = 11.495 | Delta Dist 10 = 10.915 | Delta Dist 100 = 10.994 | Delta Dist 1000 = 10.928 | Episode Length = 50 | Episode Return = 3.0 | Evaluator Episodes = 3720 | Evaluator Steps = 186000 | Final Dist = 1.311 | Final Dist 10 = 1.891 | Final Dist 100 = 1.813 | Final Dist 1000 = 1.878 | Init Dist = 12.806 | Init Dist 10 = 12.806 | Init Dist 100 = 12.806 | Init Dist 1000 = 12.806 | Learner Steps = 11357 | Learner Walltime = 2214.097 | Min Dist = 0.924 | Min Dist 10 = 1.342 | Min Dist 100 = 1.219 | Min Dist 1000 = 1.152 | Steps Per Second = 81.627 | Success = 1.000 | Success 1000 = 0.870
I0502 15:43:11.325636 139579566835264 terminal.py:91] [Evaluator] Actor Episodes = 14744 | Actor Steps = 737200 | Delta Dist = 11.176 | Delta Dist 10 = 10.721 | Delta Dist 100 = 10.998 | Delta Dist 1000 = 10.928 | Episode Length = 50 | Episode Return = 10.0 | Evaluator Episodes = 3722 | Evaluator Steps = 186100 | Final Dist = 1.630 | Final Dist 10 = 2.085 | Final Dist 100 = 1.808 | Final Dist 1000 = 1.878 | Init Dist = 12.806 | Init Dist 10 = 12.806 | Init Dist 100 = 12.806 | Init Dist 1000 = 12.806 | Learner Steps = 11363 | Learner Walltime = 2215.279 | Min Dist = 0.112 | Min Dist 10 = 1.433 | Min Dist 100 = 1.209 | Min Dist 1000 = 1.153 | Steps Per Second = 84.577 | Success = 1.000 | Success 1000 = 0.870
I0502 15:43:11.647611 139555013154368 terminal.py:91] [Learner] Actor Episodes = 14740 | Actor Loss = 3.590230941772461 | Actor Steps = 737000 | Binary Accuracy = 0.9959330558776855 | Categorical Accuracy = 0.41375732421875 | Critic Loss = 1.9771578311920166 | Entropy Mean = -21.31212615966797 | Evaluator Episodes = 3720 | Evaluator Steps = 186000 | Learner Steps = 11366 | Learner Walltime = 2215.841 | Logits Neg = -15.977038383483887 | Logits Pos = -1.9855414628982544 | Logsumexp = 1.3860297203063965 | Steps Per Second = 202.584
I0502 15:43:11.655734 139569349502528 terminal.py:91] [Actor] Actor Episodes = 14741 | Actor Steps = 737050 | Delta Dist = 6.345 | Delta Dist 10 = 4.329 | Delta Dist 100 = 4.593 | Delta Dist 1000 = 4.381 | Episode Length = 50 | Episode Return = 37.0 | Evaluator Episodes = 3720 | Evaluator Steps = 186000 | Final Dist = 1.270 | Final Dist 10 = 0.909 | Final Dist 100 = 0.950 | Final Dist 1000 = 1.386 | Init Dist = 7.616 | Init Dist 10 = 5.238 | Init Dist 100 = 5.543 | Init Dist 1000 = 5.768 | Learner Steps = 11357 | Learner Walltime = 2214.097 | Min Dist = 0.075 | Min Dist 10 = 0.074 | Min Dist 100 = 0.091 | Min Dist 1000 = 0.159 | Steps Per Second = 80.315 | Success = 1.000 | Success 1000 = 0.986
I0502 15:43:12.457733 139579566835264 terminal.py:91] [Evaluator] Actor Episodes = 14752 | Actor Steps = 737600 | Delta Dist = 11.541 | Delta Dist 10 = 10.507 | Delta Dist 100 = 11.051 | Delta Dist 1000 = 10.927 | Episode Length = 50 | Episode Return = 20.0 | Evaluator Episodes = 3724 | Evaluator Steps = 186200 | Final Dist = 1.265 | Final Dist 10 = 2.300 | Final Dist 100 = 1.755 | Final Dist 1000 = 1.880 | Init Dist = 12.806 | Init Dist 10 = 12.806 | Init Dist 100 = 12.806 | Init Dist 1000 = 12.806 | Learner Steps = 11370 | Learner Walltime = 2216.461 | Min Dist = 0.277 | Min Dist 10 = 1.432 | Min Dist 100 = 1.147 | Min Dist 1000 = 1.153 | Steps Per Second = 89.582 | Success = 1.000 | Success 1000 = 0.870
I0502 15:43:12.772726 139557462840896 terminal.py:91] [Actor] Actor Episodes = 14754 | Actor Steps = 737700 | Delta Dist = 0.837 | Delta Dist 10 = 5.263 | Delta Dist 100 = 4.668 | Delta Dist 1000 = 4.395 | Episode Length = 50 | Episode Return = 34.0 | Evaluator Episodes = 3724 | Evaluator Steps = 186200 | Final Dist = 0.163 | Final Dist 10 = 0.875 | Final Dist 100 = 0.942 | Final Dist 1000 = 1.387 | Init Dist = 1.000 | Init Dist 10 = 6.138 | Init Dist 100 = 5.610 | Init Dist 1000 = 5.783 | Learner Steps = 11370 | Learner Walltime = 2216.461 | Min Dist = 0.045 | Min Dist 10 = 0.091 | Min Dist 100 = 0.088 | Min Dist 1000 = 0.159 | Steps Per Second = 76.513 | Success = 1.000 | Success 1000 = 0.986
I0502 15:43:13.455724 139555860620864 terminal.py:91] [Actor] Actor Episodes = 14756 | Actor Steps = 737800 | Delta Dist = 7.484 | Delta Dist 10 = 5.112 | Delta Dist 100 = 4.646 | Delta Dist 1000 = 4.401 | Episode Length = 50 | Episode Return = 41.0 | Evaluator Episodes = 3724 | Evaluator Steps = 186200 | Final Dist = 0.579 | Final Dist 10 = 1.049 | Final Dist 100 = 0.972 | Final Dist 1000 = 1.390 | Init Dist = 8.062 | Init Dist 10 = 6.161 | Init Dist 100 = 5.618 | Init Dist 1000 = 5.791 | Learner Steps = 11370 | Learner Walltime = 2216.461 | Min Dist = 0.336 | Min Dist 10 = 0.077 | Min Dist 100 = 0.091 | Min Dist 1000 = 0.157 | Steps Per Second = 83.077 | Success = 1.000 | Success 1000 = 0.986
I0502 15:43:13.765847 139579566835264 terminal.py:91] [Evaluator] Actor Episodes = 14760 | Actor Steps = 738000 | Delta Dist = 11.866 | Delta Dist 10 = 11.575 | Delta Dist 100 = 11.123 | Delta Dist 1000 = 10.927 | Episode Length = 50 | Episode Return = 12.0 | Evaluator Episodes = 3726 | Evaluator Steps = 186300 | Final Dist = 0.940 | Final Dist 10 = 1.231 | Final Dist 100 = 1.683 | Final Dist 1000 = 1.879 | Init Dist = 12.806 | Init Dist 10 = 12.806 | Init Dist 100 = 12.806 | Init Dist 1000 = 12.806 | Learner Steps = 11376 | Learner Walltime = 2217.752 | Min Dist = 0.168 | Min Dist 10 = 0.355 | Min Dist 100 = 1.076 | Min Dist 1000 = 1.154 | Steps Per Second = 79.762 | Success = 1.000 | Success 1000 = 0.870
I0502 15:43:14.945858 139579566835264 terminal.py:91] [Evaluator] Actor Episodes = 14766 | Actor Steps = 738300 | Delta Dist = 11.740 | Delta Dist 10 = 10.554 | Delta Dist 100 = 11.016 | Delta Dist 1000 = 10.917 | Episode Length = 50 | Episode Return = 7.0 | Evaluator Episodes = 3728 | Evaluator Steps = 186400 | Final Dist = 1.066 | Final Dist 10 = 2.252 | Final Dist 100 = 1.791 | Final Dist 1000 = 1.890 | Init Dist = 12.806 | Init Dist 10 = 12.806 | Init Dist 100 = 12.806 | Init Dist 1000 = 12.806 | Learner Steps = 11382 | Learner Walltime = 2218.777 | Min Dist = 0.546 | Min Dist 10 = 1.374 | Min Dist 100 = 1.180 | Min Dist 1000 = 1.164 | Steps Per Second = 80.864 | Success = 1.000 | Success 1000 = 0.869
I0502 15:43:16.179201 139579566835264 terminal.py:91] [Evaluator] Actor Episodes = 14774 | Actor Steps = 738700 | Delta Dist = 12.361 | Delta Dist 10 = 9.535 | Delta Dist 100 = 10.909 | Delta Dist 1000 = 10.906 | Episode Length = 50 | Episode Return = 5.0 | Evaluator Episodes = 3730 | Evaluator Steps = 186500 | Final Dist = 0.445 | Final Dist 10 = 3.271 | Final Dist 100 = 1.897 | Final Dist 1000 = 1.900 | Init Dist = 12.806 | Init Dist 10 = 12.806 | Init Dist 100 = 12.806 | Init Dist 1000 = 12.806 | Learner Steps = 11387 | Learner Walltime = 2219.995 | Min Dist = 0.146 | Min Dist 10 = 2.463 | Min Dist 100 = 1.283 | Min Dist 1000 = 1.175 | Steps Per Second = 82.057 | Success = 1.000 | Success 1000 = 0.868
I0502 15:43:17.441945 139579566835264 terminal.py:91] [Evaluator] Actor Episodes = 14782 | Actor Steps = 739100 | Delta Dist = 12.185 | Delta Dist 10 = 9.618 | Delta Dist 100 = 10.917 | Delta Dist 1000 = 10.914 | Episode Length = 50 | Episode Return = 19.0 | Evaluator Episodes = 3732 | Evaluator Steps = 186600 | Final Dist = 0.621 | Final Dist 10 = 3.189 | Final Dist 100 = 1.890 | Final Dist 1000 = 1.892 | Init Dist = 12.806 | Init Dist 10 = 12.806 | Init Dist 100 = 12.806 | Init Dist 1000 = 12.806 | Learner Steps = 11393 | Learner Walltime = 2221.000 | Min Dist = 0.125 | Min Dist 10 = 2.361 | Min Dist 100 = 1.279 | Min Dist 1000 = 1.166 | Steps Per Second = 78.059 | Success = 1.000 | Success 1000 = 0.869
I0502 15:43:18.726788 139579566835264 terminal.py:91] [Evaluator] Actor Episodes = 14790 | Actor Steps = 739500 | Delta Dist = 11.257 | Delta Dist 10 = 9.788 | Delta Dist 100 = 10.929 | Delta Dist 1000 = 10.925 | Episode Length = 50 | Episode Return = 11.0 | Evaluator Episodes = 3734 | Evaluator Steps = 186700 | Final Dist = 1.550 | Final Dist 10 = 3.018 | Final Dist 100 = 1.877 | Final Dist 1000 = 1.881 | Init Dist = 12.806 | Init Dist 10 = 12.806 | Init Dist 100 = 12.806 | Init Dist 1000 = 12.806 | Learner Steps = 11397 | Learner Walltime = 2222.200 | Min Dist = 0.153 | Min Dist 10 = 2.346 | Min Dist 100 = 1.264 | Min Dist 1000 = 1.156 | Steps Per Second = 82.658 | Success = 1.000 | Success 1000 = 0.870
I0502 15:43:18.755960 139584504182336 lp_utils.py:96] StepsLimiter: Reached 739500 recorded steps
I0502 15:43:19.929222 139579566835264 terminal.py:91] [Evaluator] Actor Episodes = 14798 | Actor Steps = 739900 | Delta Dist = 11.476 | Delta Dist 10 = 9.785 | Delta Dist 100 = 10.924 | Delta Dist 1000 = 10.924 | Episode Length = 50 | Episode Return = 3.0 | Evaluator Episodes = 3736 | Evaluator Steps = 186800 | Final Dist = 1.330 | Final Dist 10 = 3.021 | Final Dist 100 = 1.882 | Final Dist 1000 = 1.882 | Init Dist = 12.806 | Init Dist 10 = 12.806 | Init Dist 100 = 12.806 | Init Dist 1000 = 12.806 | Learner Steps = 11405 | Learner Walltime = 2223.628 | Min Dist = 0.178 | Min Dist 10 = 2.339 | Min Dist 100 = 1.266 | Min Dist 1000 = 1.156 | Steps Per Second = 88.782 | Success = 1.000 | Success 1000 = 0.870
I0502 15:43:20.645312 139558059398720 terminal.py:91] [Actor] Actor Episodes = 14801 | Actor Steps = 740050 | Delta Dist = 2.508 | Delta Dist 10 = 4.277 | Delta Dist 100 = 4.370 | Delta Dist 1000 = 4.415 | Episode Length = 50 | Episode Return = 33.0 | Evaluator Episodes = 3736 | Evaluator Steps = 186800 | Final Dist = 0.655 | Final Dist 10 = 1.306 | Final Dist 100 = 1.224 | Final Dist 1000 = 1.380 | Init Dist = 3.162 | Init Dist 10 = 5.583 | Init Dist 100 = 5.594 | Init Dist 1000 = 5.795 | Learner Steps = 11405 | Learner Walltime = 2223.628 | Min Dist = 0.053 | Min Dist 10 = 0.170 | Min Dist 100 = 0.153 | Min Dist 1000 = 0.147 | Steps Per Second = 80.728 | Success = 1.000 | Success 1000 = 0.988
I0502 15:43:21.005086 139579566835264 terminal.py:91] [Evaluator] Actor Episodes = 14804 | Actor Steps = 740200 | Delta Dist = 11.443 | Delta Dist 10 = 10.874 | Delta Dist 100 = 10.921 | Delta Dist 1000 = 10.924 | Episode Length = 50 | Episode Return = 5.0 | Evaluator Episodes = 3738 | Evaluator Steps = 186900 | Final Dist = 1.364 | Final Dist 10 = 1.933 | Final Dist 100 = 1.885 | Final Dist 1000 = 1.882 | Init Dist = 12.806 | Init Dist 10 = 12.806 | Init Dist 100 = 12.806 | Init Dist 1000 = 12.806 | Learner Steps = 11410 | Learner Walltime = 2224.657 | Min Dist = 0.300 | Min Dist 10 = 1.298 | Min Dist 100 = 1.269 | Min Dist 1000 = 1.156 | Steps Per Second = 89.469 | Success = 1.000 | Success 1000 = 0.870
I0502 15:43:21.967878 139555013154368 terminal.py:91] [Learner] Actor Episodes = 14810 | Actor Loss = 3.620509624481201 | Actor Steps = 740500 | Binary Accuracy = 0.996009349822998 | Categorical Accuracy = 0.41229248046875 | Critic Loss = 1.9917700290679932 | Entropy Mean = -20.15406608581543 | Evaluator Episodes = 3738 | Evaluator Steps = 186900 | Learner Steps = 11418 | Learner Walltime = 2226.165 | Logits Neg = -15.678844451904297 | Logits Pos = -1.9657511711120605 | Logsumexp = 1.264054536819458 | Steps Per Second = 195.720
I0502 15:43:22.172103 139579566835264 terminal.py:91] [Evaluator] Actor Episodes = 14810 | Actor Steps = 740500 | Delta Dist = 11.401 | Delta Dist 10 = 11.915 | Delta Dist 100 = 10.907 | Delta Dist 1000 = 10.926 | Episode Length = 50 | Episode Return = 1.0 | Evaluator Episodes = 3740 | Evaluator Steps = 187000 | Final Dist = 1.405 | Final Dist 10 = 0.891 | Final Dist 100 = 1.899 | Final Dist 1000 = 1.880 | Init Dist = 12.806 | Init Dist 10 = 12.806 | Init Dist 100 = 12.806 | Init Dist 1000 = 12.806 | Learner Steps = 11417 | Learner Walltime = 2225.838 | Min Dist = 0.320 | Min Dist 10 = 0.229 | Min Dist 100 = 1.270 | Min Dist 1000 = 1.153 | Steps Per Second = 79.520 | Success = 1.000 | Success 1000 = 0.871
I0502 15:43:22.233621 139569349502528 terminal.py:91] [Actor] Actor Episodes = 14812 | Actor Steps = 740600 | Delta Dist = 7.147 | Delta Dist 10 = 4.793 | Delta Dist 100 = 4.402 | Delta Dist 1000 = 4.414 | Episode Length = 50 | Episode Return = 12.0 | Evaluator Episodes = 3740 | Evaluator Steps = 187000 | Final Dist = 1.338 | Final Dist 10 = 0.696 | Final Dist 100 = 1.208 | Final Dist 1000 = 1.380 | Init Dist = 8.485 | Init Dist 10 = 5.489 | Init Dist 100 = 5.610 | Init Dist 1000 = 5.794 | Learner Steps = 11417 | Learner Walltime = 2225.838 | Min Dist = 0.021 | Min Dist 10 = 0.269 | Min Dist 100 = 0.172 | Min Dist 1000 = 0.150 | Steps Per Second = 74.987 | Success = 1.000 | Success 1000 = 0.988
I0502 15:43:23.419077 139557462840896 terminal.py:91] [Actor] Actor Episodes = 14819 | Actor Steps = 740950 | Delta Dist = 11.166 | Delta Dist 10 = 3.556 | Delta Dist 100 = 4.366 | Delta Dist 1000 = 4.403 | Episode Length = 50 | Episode Return = 44.0 | Evaluator Episodes = 3740 | Evaluator Steps = 187000 | Final Dist = 0.148 | Final Dist 10 = 2.502 | Final Dist 100 = 1.371 | Final Dist 1000 = 1.395 | Init Dist = 11.314 | Init Dist 10 = 6.059 | Init Dist 100 = 5.736 | Init Dist 1000 = 5.797 | Learner Steps = 11417 | Learner Walltime = 2225.838 | Min Dist = 0.079 | Min Dist 10 = 0.115 | Min Dist 100 = 0.179 | Min Dist 1000 = 0.150 | Steps Per Second = 77.623 | Success = 1.000 | Success 1000 = 0.988
I0502 15:43:23.436751 139579566835264 terminal.py:91] [Evaluator] Actor Episodes = 14818 | Actor Steps = 740900 | Delta Dist = 11.861 | Delta Dist 10 = 11.360 | Delta Dist 100 = 10.862 | Delta Dist 1000 = 10.933 | Episode Length = 50 | Episode Return = 19.0 | Evaluator Episodes = 3742 | Evaluator Steps = 187100 | Final Dist = 0.945 | Final Dist 10 = 1.446 | Final Dist 100 = 1.945 | Final Dist 1000 = 1.874 | Init Dist = 12.806 | Init Dist 10 = 12.806 | Init Dist 100 = 12.806 | Init Dist 1000 = 12.806 | Learner Steps = 11423 | Learner Walltime = 2227.080 | Min Dist = 0.079 | Min Dist 10 = 0.799 | Min Dist 100 = 1.330 | Min Dist 1000 = 1.147 | Steps Per Second = 77.498 | Success = 1.000 | Success 1000 = 0.872
I0502 15:43:23.640853 139555860620864 terminal.py:91] [Actor] Actor Episodes = 14822 | Actor Steps = 741100 | Delta Dist = 3.691 | Delta Dist 10 = 4.334 | Delta Dist 100 = 4.474 | Delta Dist 1000 = 4.417 | Episode Length = 50 | Episode Return = 35.0 | Evaluator Episodes = 3742 | Evaluator Steps = 187100 | Final Dist = 1.309 | Final Dist 10 = 2.540 | Final Dist 100 = 1.378 | Final Dist 1000 = 1.395 | Init Dist = 5.000 | Init Dist 10 = 6.873 | Init Dist 100 = 5.852 | Init Dist 1000 = 5.811 | Learner Steps = 11423 | Learner Walltime = 2227.080 | Min Dist = 0.139 | Min Dist 10 = 0.122 | Min Dist 100 = 0.180 | Min Dist 1000 = 0.150 | Steps Per Second = 77.185 | Success = 1.000 | Success 1000 = 0.988
I0502 15:43:24.646968 139579566835264 terminal.py:91] [Evaluator] Actor Episodes = 14826 | Actor Steps = 741300 | Delta Dist = 12.478 | Delta Dist 10 = 11.232 | Delta Dist 100 = 10.847 | Delta Dist 1000 = 10.933 | Episode Length = 50 | Episode Return = 15.0 | Evaluator Episodes = 3744 | Evaluator Steps = 187200 | Final Dist = 0.328 | Final Dist 10 = 1.575 | Final Dist 100 = 1.959 | Final Dist 1000 = 1.873 | Init Dist = 12.806 | Init Dist 10 = 12.806 | Init Dist 100 = 12.806 | Init Dist 1000 = 12.806 | Learner Steps = 11429 | Learner Walltime = 2228.412 | Min Dist = 0.328 | Min Dist 10 = 0.859 | Min Dist 100 = 1.335 | Min Dist 1000 = 1.148 | Steps Per Second = 81.302 | Success = 1.000 | Success 1000 = 0.872
I0502 15:43:25.809758 139579566835264 terminal.py:91] [Evaluator] Actor Episodes = 14834 | Actor Steps = 741700 | Delta Dist = 11.488 | Delta Dist 10 = 11.318 | Delta Dist 100 = 10.851 | Delta Dist 1000 = 10.934 | Episode Length = 50 | Episode Return = 9.0 | Evaluator Episodes = 3746 | Evaluator Steps = 187300 | Final Dist = 1.318 | Final Dist 10 = 1.489 | Final Dist 100 = 1.955 | Final Dist 1000 = 1.872 | Init Dist = 12.806 | Init Dist 10 = 12.806 | Init Dist 100 = 12.806 | Init Dist 1000 = 12.806 | Learner Steps = 11434 | Learner Walltime = 2229.429 | Min Dist = 0.119 | Min Dist 10 = 0.888 | Min Dist 100 = 1.338 | Min Dist 1000 = 1.147 | Steps Per Second = 82.617 | Success = 1.000 | Success 1000 = 0.872
I0502 15:43:27.005329 139579566835264 terminal.py:91] [Evaluator] Actor Episodes = 14842 | Actor Steps = 742100 | Delta Dist = 12.262 | Delta Dist 10 = 11.270 | Delta Dist 100 = 10.850 | Delta Dist 1000 = 10.943 | Episode Length = 50 | Episode Return = 6.0 | Evaluator Episodes = 3748 | Evaluator Steps = 187400 | Final Dist = 0.544 | Final Dist 10 = 1.536 | Final Dist 100 = 1.956 | Final Dist 1000 = 1.863 | Init Dist = 12.806 | Init Dist 10 = 12.806 | Init Dist 100 = 12.806 | Init Dist 1000 = 12.806 | Learner Steps = 11440 | Learner Walltime = 2230.656 | Min Dist = 0.203 | Min Dist 10 = 0.861 | Min Dist 100 = 1.338 | Min Dist 1000 = 1.137 | Steps Per Second = 78.915 | Success = 1.000 | Success 1000 = 0.873
I0502 15:43:28.210233 139579566835264 terminal.py:91] [Evaluator] Actor Episodes = 14850 | Actor Steps = 742500 | Delta Dist = 11.509 | Delta Dist 10 = 11.369 | Delta Dist 100 = 10.860 | Delta Dist 1000 = 10.945 | Episode Length = 50 | Episode Return = 15.0 | Evaluator Episodes = 3750 | Evaluator Steps = 187500 | Final Dist = 1.297 | Final Dist 10 = 1.437 | Final Dist 100 = 1.946 | Final Dist 1000 = 1.861 | Init Dist = 12.806 | Init Dist 10 = 12.806 | Init Dist 100 = 12.806 | Init Dist 1000 = 12.806 | Learner Steps = 11447 | Learner Walltime = 2232.165 | Min Dist = 0.167 | Min Dist 10 = 0.843 | Min Dist 100 = 1.337 | Min Dist 1000 = 1.137 | Steps Per Second = 84.252 | Success = 1.000 | Success 1000 = 0.873
I0502 15:43:28.775566 139584504182336 lp_utils.py:96] StepsLimiter: Reached 742700 recorded steps
I0502 15:43:29.358454 139579566835264 terminal.py:91] [Evaluator] Actor Episodes = 14858 | Actor Steps = 742900 | Delta Dist = 12.276 | Delta Dist 10 = 11.869 | Delta Dist 100 = 10.853 | Delta Dist 1000 = 10.945 | Episode Length = 50 | Episode Return = 21.0 | Evaluator Episodes = 3752 | Evaluator Steps = 187600 | Final Dist = 0.530 | Final Dist 10 = 0.937 | Final Dist 100 = 1.953 | Final Dist 1000 = 1.861 | Init Dist = 12.806 | Init Dist 10 = 12.806 | Init Dist 100 = 12.806 | Init Dist 1000 = 12.806 | Learner Steps = 11454 | Learner Walltime = 2233.372 | Min Dist = 0.020 | Min Dist 10 = 0.254 | Min Dist 100 = 1.328 | Min Dist 1000 = 1.137 | Steps Per Second = 85.461 | Success = 1.000 | Success 1000 = 0.873
I0502 15:43:30.573731 139579566835264 terminal.py:91] [Evaluator] Actor Episodes = 14866 | Actor Steps = 743300 | Delta Dist = 11.842 | Delta Dist 10 = 11.940 | Delta Dist 100 = 10.861 | Delta Dist 1000 = 10.956 | Episode Length = 50 | Episode Return = 17.0 | Evaluator Episodes = 3754 | Evaluator Steps = 187700 | Final Dist = 0.965 | Final Dist 10 = 0.866 | Final Dist 100 = 1.945 | Final Dist 1000 = 1.850 | Init Dist = 12.806 | Init Dist 10 = 12.806 | Init Dist 100 = 12.806 | Init Dist 1000 = 12.806 | Learner Steps = 11459 | Learner Walltime = 2234.401 | Min Dist = 0.216 | Min Dist 10 = 0.193 | Min Dist 100 = 1.314 | Min Dist 1000 = 1.126 | Steps Per Second = 89.662 | Success = 1.000 | Success 1000 = 0.874
I0502 15:43:30.698233 139558059398720 terminal.py:91] [Actor] Actor Episodes = 14865 | Actor Steps = 743250 | Delta Dist = 8.209 | Delta Dist 10 = 4.953 | Delta Dist 100 = 4.429 | Delta Dist 1000 = 4.400 | Episode Length = 50 | Episode Return = 31.0 | Evaluator Episodes = 3752 | Evaluator Steps = 187600 | Final Dist = 0.846 | Final Dist 10 = 0.806 | Final Dist 100 = 1.134 | Final Dist 1000 = 1.394 | Init Dist = 9.055 | Init Dist 10 = 5.758 | Init Dist 100 = 5.563 | Init Dist 1000 = 5.794 | Learner Steps = 11454 | Learner Walltime = 2233.372 | Min Dist = 0.047 | Min Dist 10 = 0.046 | Min Dist 100 = 0.124 | Min Dist 1000 = 0.145 | Steps Per Second = 83.568 | Success = 1.000 | Success 1000 = 0.988
I0502 15:43:31.798553 139579566835264 terminal.py:91] [Evaluator] Actor Episodes = 14874 | Actor Steps = 743700 | Delta Dist = 11.468 | Delta Dist 10 = 11.820 | Delta Dist 100 = 10.842 | Delta Dist 1000 = 10.956 | Episode Length = 50 | Episode Return = 9.0 | Evaluator Episodes = 3756 | Evaluator Steps = 187800 | Final Dist = 1.338 | Final Dist 10 = 0.986 | Final Dist 100 = 1.964 | Final Dist 1000 = 1.850 | Init Dist = 12.806 | Init Dist 10 = 12.806 | Init Dist 100 = 12.806 | Init Dist 1000 = 12.806 | Learner Steps = 11465 | Learner Walltime = 2235.421 | Min Dist = 0.153 | Min Dist 10 = 0.211 | Min Dist 100 = 1.320 | Min Dist 1000 = 1.126 | Steps Per Second = 78.876 | Success = 1.000 | Success 1000 = 0.874
I0502 15:43:32.025623 139555013154368 terminal.py:91] [Learner] Actor Episodes = 14870 | Actor Loss = 3.594402551651001 | Actor Steps = 743500 | Binary Accuracy = 0.9960708618164062 | Categorical Accuracy = 0.42340087890625 | Critic Loss = 1.925370454788208 | Entropy Mean = -18.474414825439453 | Evaluator Episodes = 3754 | Evaluator Steps = 187700 | Learner Steps = 11468 | Learner Walltime = 2236.221 | Logits Neg = -16.006441116333008 | Logits Pos = -1.9383543729782104 | Logsumexp = 1.1217106580734253 | Steps Per Second = 195.557
I0502 15:43:32.729229 139569349502528 terminal.py:91] [Actor] Actor Episodes = 14877 | Actor Steps = 743850 | Delta Dist = 1.600 | Delta Dist 10 = 4.594 | Delta Dist 100 = 4.405 | Delta Dist 1000 = 4.409 | Episode Length = 50 | Episode Return = 38.0 | Evaluator Episodes = 3756 | Evaluator Steps = 187800 | Final Dist = 0.400 | Final Dist 10 = 2.423 | Final Dist 100 = 1.223 | Final Dist 1000 = 1.413 | Init Dist = 2.000 | Init Dist 10 = 7.017 | Init Dist 100 = 5.628 | Init Dist 1000 = 5.822 | Learner Steps = 11465 | Learner Walltime = 2235.421 | Min Dist = 0.089 | Min Dist 10 = 0.066 | Min Dist 100 = 0.126 | Min Dist 1000 = 0.146 | Steps Per Second = 81.324 | Success = 1.000 | Success 1000 = 0.987
I0502 15:43:33.037588 139579566835264 terminal.py:91] [Evaluator] Actor Episodes = 14882 | Actor Steps = 744100 | Delta Dist = 11.357 | Delta Dist 10 = 11.795 | Delta Dist 100 = 10.842 | Delta Dist 1000 = 10.955 | Episode Length = 50 | Episode Return = 21.0 | Evaluator Episodes = 3758 | Evaluator Steps = 187900 | Final Dist = 1.450 | Final Dist 10 = 1.011 | Final Dist 100 = 1.964 | Final Dist 1000 = 1.851 | Init Dist = 12.806 | Init Dist 10 = 12.806 | Init Dist 100 = 12.806 | Init Dist 1000 = 12.806 | Learner Steps = 11469 | Learner Walltime = 2236.430 | Min Dist = 0.111 | Min Dist 10 = 0.205 | Min Dist 100 = 1.315 | Min Dist 1000 = 1.126 | Steps Per Second = 79.636 | Success = 1.000 | Success 1000 = 0.874
I0502 15:43:33.487880 139557462840896 terminal.py:91] [Actor] Actor Episodes = 14883 | Actor Steps = 744150 | Delta Dist = 3.632 | Delta Dist 10 = 2.919 | Delta Dist 100 = 4.329 | Delta Dist 1000 = 4.394 | Episode Length = 50 | Episode Return = 2.0 | Evaluator Episodes = 3756 | Evaluator Steps = 187800 | Final Dist = 0.491 | Final Dist 10 = 3.480 | Final Dist 100 = 1.358 | Final Dist 1000 = 1.425 | Init Dist = 4.123 | Init Dist 10 = 6.399 | Init Dist 100 = 5.687 | Init Dist 1000 = 5.819 | Learner Steps = 11469 | Learner Walltime = 2236.430 | Min Dist = 0.004 | Min Dist 10 = 0.194 | Min Dist 100 = 0.138 | Min Dist 1000 = 0.146 | Steps Per Second = 74.123 | Success = 1.000 | Success 1000 = 0.987
I0502 15:43:34.251039 139555860620864 terminal.py:91] [Actor] Actor Episodes = 14887 | Actor Steps = 744350 | Delta Dist = 3.412 | Delta Dist 10 = 3.673 | Delta Dist 100 = 4.390 | Delta Dist 1000 = 4.387 | Episode Length = 50 | Episode Return = 33.0 | Evaluator Episodes = 3758 | Evaluator Steps = 187900 | Final Dist = 0.588 | Final Dist 10 = 2.026 | Final Dist 100 = 1.373 | Final Dist 1000 = 1.425 | Init Dist = 4.000 | Init Dist 10 = 5.699 | Init Dist 100 = 5.763 | Init Dist 1000 = 5.812 | Learner Steps = 11469 | Learner Walltime = 2236.430 | Min Dist = 0.167 | Min Dist 10 = 0.369 | Min Dist 100 = 0.145 | Min Dist 1000 = 0.148 | Steps Per Second = 76.207 | Success = 1.000 | Success 1000 = 0.987
I0502 15:43:34.304423 139579566835264 terminal.py:91] [Evaluator] Actor Episodes = 14890 | Actor Steps = 744500 | Delta Dist = 11.607 | Delta Dist 10 = 11.737 | Delta Dist 100 = 10.831 | Delta Dist 1000 = 10.955 | Episode Length = 50 | Episode Return = 12.0 | Evaluator Episodes = 3760 | Evaluator Steps = 188000 | Final Dist = 1.199 | Final Dist 10 = 1.070 | Final Dist 100 = 1.975 | Final Dist 1000 = 1.851 | Init Dist = 12.806 | Init Dist 10 = 12.806 | Init Dist 100 = 12.806 | Init Dist 1000 = 12.806 | Learner Steps = 11476 | Learner Walltime = 2237.794 | Min Dist = 0.182 | Min Dist 10 = 0.186 | Min Dist 100 = 1.314 | Min Dist 1000 = 1.126 | Steps Per Second = 86.752 | Success = 1.000 | Success 1000 = 0.874
I0502 15:43:35.497018 139579566835264 terminal.py:91] [Evaluator] Actor Episodes = 14898 | Actor Steps = 744900 | Delta Dist = 11.754 | Delta Dist 10 = 11.694 | Delta Dist 100 = 10.825 | Delta Dist 1000 = 10.963 | Episode Length = 50 | Episode Return = 1.0 | Evaluator Episodes = 3762 | Evaluator Steps = 188100 | Final Dist = 1.053 | Final Dist 10 = 1.112 | Final Dist 100 = 1.981 | Final Dist 1000 = 1.843 | Init Dist = 12.806 | Init Dist 10 = 12.806 | Init Dist 100 = 12.806 | Init Dist 1000 = 12.806 | Learner Steps = 11482 | Learner Walltime = 2238.910 | Min Dist = 0.980 | Min Dist 10 = 0.189 | Min Dist 100 = 1.316 | Min Dist 1000 = 1.116 | Steps Per Second = 86.612 | Success = 1.000 | Success 1000 = 0.875
I0502 15:43:36.752751 139579566835264 terminal.py:91] [Evaluator] Actor Episodes = 14906 | Actor Steps = 745300 | Delta Dist = 12.469 | Delta Dist 10 = 11.682 | Delta Dist 100 = 10.823 | Delta Dist 1000 = 10.982 | Episode Length = 50 | Episode Return = 21.0 | Evaluator Episodes = 3764 | Evaluator Steps = 188200 | Final Dist = 0.338 | Final Dist 10 = 1.125 | Final Dist 100 = 1.983 | Final Dist 1000 = 1.825 | Init Dist = 12.806 | Init Dist 10 = 12.806 | Init Dist 100 = 12.806 | Init Dist 1000 = 12.806 | Learner Steps = 11489 | Learner Walltime = 2240.233 | Min Dist = 0.084 | Min Dist 10 = 0.295 | Min Dist 100 = 1.325 | Min Dist 1000 = 1.097 | Steps Per Second = 79.296 | Success = 1.000 | Success 1000 = 0.877
I0502 15:43:37.944034 139579566835264 terminal.py:91] [Evaluator] Actor Episodes = 14914 | Actor Steps = 745700 | Delta Dist = 12.179 | Delta Dist 10 = 11.818 | Delta Dist 100 = 10.894 | Delta Dist 1000 = 10.983 | Episode Length = 50 | Episode Return = 13.0 | Evaluator Episodes = 3766 | Evaluator Steps = 188300 | Final Dist = 0.627 | Final Dist 10 = 0.989 | Final Dist 100 = 1.912 | Final Dist 1000 = 1.823 | Init Dist = 12.806 | Init Dist 10 = 12.806 | Init Dist 100 = 12.806 | Init Dist 1000 = 12.806 | Learner Steps = 11495 | Learner Walltime = 2241.478 | Min Dist = 0.227 | Min Dist 10 = 0.230 | Min Dist 100 = 1.254 | Min Dist 1000 = 1.096 | Steps Per Second = 84.187 | Success = 1.000 | Success 1000 = 0.878
I0502 15:43:38.791345 139584504182336 lp_utils.py:96] StepsLimiter: Reached 746000 recorded steps
I0502 15:43:39.107258 139579566835264 terminal.py:91] [Evaluator] Actor Episodes = 14922 | Actor Steps = 746100 | Delta Dist = 6.848 | Delta Dist 10 = 11.891 | Delta Dist 100 = 11.059 | Delta Dist 1000 = 10.983 | Episode Length = 50 | Episode Return = 0.0 | Evaluator Episodes = 3768 | Evaluator Steps = 188400 | Final Dist = 5.958 | Final Dist 10 = 0.915 | Final Dist 100 = 1.747 | Final Dist 1000 = 1.823 | Init Dist = 12.806 | Init Dist 10 = 12.806 | Init Dist 100 = 12.806 | Init Dist 1000 = 12.806 | Learner Steps = 11501 | Learner Walltime = 2242.606 | Min Dist = 5.958 | Min Dist 10 = 0.250 | Min Dist 100 = 1.089 | Min Dist 1000 = 1.096 | Steps Per Second = 79.805 | Success = 0.000 | Success 1000 = 0.878
I0502 15:43:40.312933 139579566835264 terminal.py:91] [Evaluator] Actor Episodes = 14930 | Actor Steps = 746500 | Delta Dist = 11.838 | Delta Dist 10 = 11.389 | Delta Dist 100 = 11.161 | Delta Dist 1000 = 10.978 | Episode Length = 50 | Episode Return = 19.0 | Evaluator Episodes = 3770 | Evaluator Steps = 188500 | Final Dist = 0.969 | Final Dist 10 = 1.417 | Final Dist 100 = 1.645 | Final Dist 1000 = 1.829 | Init Dist = 12.806 | Init Dist 10 = 12.806 | Init Dist 100 = 12.806 | Init Dist 1000 = 12.806 | Learner Steps = 11508 | Learner Walltime = 2243.953 | Min Dist = 0.245 | Min Dist 10 = 0.854 | Min Dist 100 = 0.992 | Min Dist 1000 = 1.102 | Steps Per Second = 81.556 | Success = 1.000 | Success 1000 = 0.877
I0502 15:43:40.955766 139558059398720 terminal.py:91] [Actor] Actor Episodes = 14936 | Actor Steps = 746800 | Delta Dist = 5.628 | Delta Dist 10 = 4.481 | Delta Dist 100 = 4.431 | Delta Dist 1000 = 4.398 | Episode Length = 50 | Episode Return = 29.0 | Evaluator Episodes = 3770 | Evaluator Steps = 188500 | Final Dist = 0.203 | Final Dist 10 = 1.297 | Final Dist 100 = 1.497 | Final Dist 1000 = 1.426 | Init Dist = 5.831 | Init Dist 10 = 5.779 | Init Dist 100 = 5.928 | Init Dist 1000 = 5.824 | Learner Steps = 11514 | Learner Walltime = 2245.108 | Min Dist = 0.102 | Min Dist 10 = 0.092 | Min Dist 100 = 0.189 | Min Dist 1000 = 0.155 | Steps Per Second = 78.411 | Success = 1.000 | Success 1000 = 0.987
I0502 15:43:41.457540 139579566835264 terminal.py:91] [Evaluator] Actor Episodes = 14938 | Actor Steps = 746900 | Delta Dist = 12.241 | Delta Dist 10 = 11.429 | Delta Dist 100 = 11.254 | Delta Dist 1000 = 10.984 | Episode Length = 50 | Episode Return = 5.0 | Evaluator Episodes = 3772 | Evaluator Steps = 188600 | Final Dist = 0.565 | Final Dist 10 = 1.377 | Final Dist 100 = 1.553 | Final Dist 1000 = 1.823 | Init Dist = 12.806 | Init Dist 10 = 12.806 | Init Dist 100 = 12.806 | Init Dist 1000 = 12.806 | Learner Steps = 11514 | Learner Walltime = 2245.108 | Min Dist = 0.545 | Min Dist 10 = 0.888 | Min Dist 100 = 0.888 | Min Dist 1000 = 1.095 | Steps Per Second = 85.227 | Success = 1.000 | Success 1000 = 0.878
I0502 15:43:41.608363 139583350109760 savers.py:156] Saving checkpoint: logs/contrastive_cpc_point_FourRooms_64/5dd72662-2788-11f0-b183-d85ed38c5779/checkpoints/learner
I0502 15:43:42.042794 139555013154368 terminal.py:91] [Learner] Actor Episodes = 14940 | Actor Loss = 3.6040282249450684 | Actor Steps = 747000 | Binary Accuracy = 0.9960949420928955 | Categorical Accuracy = 0.41845703125 | Critic Loss = 1.924008846282959 | Entropy Mean = -21.044021606445312 | Evaluator Episodes = 3772 | Evaluator Steps = 188600 | Learner Steps = 11519 | Learner Walltime = 2246.238 | Logits Neg = -16.152246475219727 | Logits Pos = -1.9081807136535645 | Logsumexp = 1.0961461067199707 | Steps Per Second = 1561.261
I0502 15:43:42.717583 139579566835264 terminal.py:91] [Evaluator] Actor Episodes = 14946 | Actor Steps = 747300 | Delta Dist = 12.231 | Delta Dist 10 = 11.452 | Delta Dist 100 = 11.362 | Delta Dist 1000 = 10.984 | Episode Length = 50 | Episode Return = 13.0 | Evaluator Episodes = 3774 | Evaluator Steps = 188700 | Final Dist = 0.576 | Final Dist 10 = 1.354 | Final Dist 100 = 1.444 | Final Dist 1000 = 1.822 | Init Dist = 12.806 | Init Dist 10 = 12.806 | Init Dist 100 = 12.806 | Init Dist 1000 = 12.806 | Learner Steps = 11518 | Learner Walltime = 2246.197 | Min Dist = 0.143 | Min Dist 10 = 0.844 | Min Dist 100 = 0.781 | Min Dist 1000 = 1.096 | Steps Per Second = 90.536 | Success = 1.000 | Success 1000 = 0.878
I0502 15:43:43.345360 139569349502528 terminal.py:91] [Actor] Actor Episodes = 14950 | Actor Steps = 747500 | Delta Dist = 0.315 | Delta Dist 10 = 5.333 | Delta Dist 100 = 4.348 | Delta Dist 1000 = 4.387 | Episode Length = 50 | Episode Return = 0.0 | Evaluator Episodes = 3774 | Evaluator Steps = 188700 | Final Dist = 0.685 | Final Dist 10 = 1.037 | Final Dist 100 = 1.607 | Final Dist 1000 = 1.435 | Init Dist = 1.000 | Init Dist 10 = 6.370 | Init Dist 100 = 5.954 | Init Dist 1000 = 5.822 | Learner Steps = 11525 | Learner Walltime = 2247.232 | Min Dist = 0.161 | Min Dist 10 = 0.144 | Min Dist 100 = 0.210 | Min Dist 1000 = 0.158 | Steps Per Second = 75.776 | Success = 1.000 | Success 1000 = 0.986
I0502 15:43:43.486521 139584635659840 savers.py:156] Saving checkpoint: logs/contrastive_cpc_point_FourRooms_64/5dd72662-2788-11f0-b183-d85ed38c5779/checkpoints/counter
I0502 15:43:43.878223 139579566835264 terminal.py:91] [Evaluator] Actor Episodes = 14952 | Actor Steps = 747600 | Delta Dist = -0.031 | Delta Dist 10 = 11.366 | Delta Dist 100 = 11.366 | Delta Dist 1000 = 10.985 | Episode Length = 50 | Episode Return = 0.0 | Evaluator Episodes = 3776 | Evaluator Steps = 188800 | Final Dist = 12.838 | Final Dist 10 = 1.440 | Final Dist 100 = 1.440 | Final Dist 1000 = 1.821 | Init Dist = 12.806 | Init Dist 10 = 12.806 | Init Dist 100 = 12.806 | Init Dist 1000 = 12.806 | Learner Steps = 11525 | Learner Walltime = 2247.232 | Min Dist = 11.524 | Min Dist 10 = 0.852 | Min Dist 100 = 0.782 | Min Dist 1000 = 1.095 | Steps Per Second = 101.799 | Success = 0.000 | Success 1000 = 0.878
I0502 15:43:43.890818 139557462840896 terminal.py:91] [Actor] Actor Episodes = 14954 | Actor Steps = 747700 | Delta Dist = 3.876 | Delta Dist 10 = 5.502 | Delta Dist 100 = 4.366 | Delta Dist 1000 = 4.390 | Episode Length = 50 | Episode Return = 50.0 | Evaluator Episodes = 3776 | Evaluator Steps = 188800 | Final Dist = 0.124 | Final Dist 10 = 0.880 | Final Dist 100 = 1.572 | Final Dist 1000 = 1.432 | Init Dist = 4.000 | Init Dist 10 = 6.382 | Init Dist 100 = 5.938 | Init Dist 1000 = 5.823 | Learner Steps = 11525 | Learner Walltime = 2247.232 | Min Dist = 0.086 | Min Dist 10 = 0.106 | Min Dist 100 = 0.212 | Min Dist 1000 = 0.158 | Steps Per Second = 84.814 | Success = 1.000 | Success 1000 = 0.986
I0502 15:43:44.419278 139555860620864 terminal.py:91] [Actor] Actor Episodes = 14956 | Actor Steps = 747800 | Delta Dist = 3.495 | Delta Dist 10 = 5.352 | Delta Dist 100 = 4.408 | Delta Dist 1000 = 4.397 | Episode Length = 50 | Episode Return = 17.0 | Evaluator Episodes = 3776 | Evaluator Steps = 188800 | Final Dist = 1.505 | Final Dist 10 = 0.927 | Final Dist 100 = 1.575 | Final Dist 1000 = 1.429 | Init Dist = 5.000 | Init Dist 10 = 6.279 | Init Dist 100 = 5.983 | Init Dist 1000 = 5.826 | Learner Steps = 11530 | Learner Walltime = 2248.235 | Min Dist = 0.031 | Min Dist 10 = 0.098 | Min Dist 100 = 0.214 | Min Dist 1000 = 0.158 | Steps Per Second = 87.544 | Success = 1.000 | Success 1000 = 0.986
I0502 15:43:44.937986 139579566835264 terminal.py:91] [Evaluator] Actor Episodes = 14960 | Actor Steps = 748000 | Delta Dist = 11.881 | Delta Dist 10 = 8.963 | Delta Dist 100 = 11.131 | Delta Dist 1000 = 10.964 | Episode Length = 50 | Episode Return = 20.0 | Evaluator Episodes = 3778 | Evaluator Steps = 188900 | Final Dist = 0.925 | Final Dist 10 = 3.843 | Final Dist 100 = 1.675 | Final Dist 1000 = 1.842 | Init Dist = 12.806 | Init Dist 10 = 12.806 | Init Dist 100 = 12.806 | Init Dist 1000 = 12.806 | Learner Steps = 11530 | Learner Walltime = 2248.235 | Min Dist = 0.040 | Min Dist 10 = 3.072 | Min Dist 100 = 1.007 | Min Dist 1000 = 1.113 | Steps Per Second = 84.626 | Success = 1.000 | Success 1000 = 0.877
I0502 15:43:46.116644 139579566835264 terminal.py:91] [Evaluator] Actor Episodes = 14966 | Actor Steps = 748300 | Delta Dist = 11.532 | Delta Dist 10 = 9.459 | Delta Dist 100 = 11.115 | Delta Dist 1000 = 10.964 | Episode Length = 50 | Episode Return = 16.0 | Evaluator Episodes = 3780 | Evaluator Steps = 189000 | Final Dist = 1.274 | Final Dist 10 = 3.347 | Final Dist 100 = 1.691 | Final Dist 1000 = 1.842 | Init Dist = 12.806 | Init Dist 10 = 12.806 | Init Dist 100 = 12.806 | Init Dist 1000 = 12.806 | Learner Steps = 11535 | Learner Walltime = 2249.362 | Min Dist = 0.118 | Min Dist 10 = 2.497 | Min Dist 100 = 1.010 | Min Dist 1000 = 1.113 | Steps Per Second = 74.709 | Success = 1.000 | Success 1000 = 0.877
I0502 15:43:47.430084 139579566835264 terminal.py:91] [Evaluator] Actor Episodes = 14974 | Actor Steps = 748700 | Delta Dist = 12.407 | Delta Dist 10 = 9.430 | Delta Dist 100 = 11.114 | Delta Dist 1000 = 10.964 | Episode Length = 50 | Episode Return = 17.0 | Evaluator Episodes = 3782 | Evaluator Steps = 189100 | Final Dist = 0.399 | Final Dist 10 = 3.376 | Final Dist 100 = 1.692 | Final Dist 1000 = 1.842 | Init Dist = 12.806 | Init Dist 10 = 12.806 | Init Dist 100 = 12.806 | Init Dist 1000 = 12.806 | Learner Steps = 11546 | Learner Walltime = 2251.503 | Min Dist = 0.202 | Min Dist 10 = 2.469 | Min Dist 100 = 1.011 | Min Dist 1000 = 1.113 | Steps Per Second = 74.795 | Success = 1.000 | Success 1000 = 0.877
I0502 15:43:48.553534 139579566835264 terminal.py:91] [Evaluator] Actor Episodes = 14978 | Actor Steps = 748900 | Delta Dist = 11.468 | Delta Dist 10 = 9.447 | Delta Dist 100 = 11.120 | Delta Dist 1000 = 10.965 | Episode Length = 50 | Episode Return = 7.0 | Evaluator Episodes = 3783 | Evaluator Steps = 189150 | Final Dist = 1.338 | Final Dist 10 = 3.360 | Final Dist 100 = 1.686 | Final Dist 1000 = 1.842 | Init Dist = 12.806 | Init Dist 10 = 12.806 | Init Dist 100 = 12.806 | Init Dist 1000 = 12.806 | Learner Steps = 11549 | Learner Walltime = 2252.543 | Min Dist = 0.221 | Min Dist 10 = 2.435 | Min Dist 100 = 1.006 | Min Dist 1000 = 1.113 | Steps Per Second = 44.887 | Success = 1.000 | Success 1000 = 0.877
I0502 15:43:48.817450 139584504182336 lp_utils.py:96] StepsLimiter: Reached 748950 recorded steps
I0502 15:43:49.631204 139579566835264 terminal.py:91] [Evaluator] Actor Episodes = 14984 | Actor Steps = 749200 | Delta Dist = 3.960 | Delta Dist 10 = 9.420 | Delta Dist 100 = 11.118 | Delta Dist 1000 = 10.964 | Episode Length = 50 | Episode Return = 0.0 | Evaluator Episodes = 3784 | Evaluator Steps = 189200 | Final Dist = 8.846 | Final Dist 10 = 3.386 | Final Dist 100 = 1.688 | Final Dist 1000 = 1.842 | Init Dist = 12.806 | Init Dist 10 = 12.806 | Init Dist 100 = 12.806 | Init Dist 1000 = 12.806 | Learner Steps = 11551 | Learner Walltime = 2253.592 | Min Dist = 6.446 | Min Dist 10 = 2.424 | Min Dist 100 = 1.005 | Min Dist 1000 = 1.113 | Steps Per Second = 46.604 | Success = 0.000 | Success 1000 = 0.877
I0502 15:43:50.711329 139579566835264 terminal.py:91] [Evaluator] Actor Episodes = 14987 | Actor Steps = 749350 | Delta Dist = 11.179 | Delta Dist 10 = 8.593 | Delta Dist 100 = 11.033 | Delta Dist 1000 = 10.956 | Episode Length = 50 | Episode Return = 1.0 | Evaluator Episodes = 3785 | Evaluator Steps = 189250 | Final Dist = 1.627 | Final Dist 10 = 4.213 | Final Dist 100 = 1.773 | Final Dist 1000 = 1.850 | Init Dist = 12.806 | Init Dist 10 = 12.806 | Init Dist 100 = 12.806 | Init Dist 1000 = 12.806 | Learner Steps = 11551 | Learner Walltime = 2253.592 | Min Dist = 0.941 | Min Dist 10 = 3.054 | Min Dist 100 = 1.067 | Min Dist 1000 = 1.119 | Steps Per Second = 46.467 | Success = 1.000 | Success 1000 = 0.876
I0502 15:43:51.691566 139558059398720 terminal.py:91] [Actor] Actor Episodes = 14989 | Actor Steps = 749450 | Delta Dist = 6.969 | Delta Dist 10 = 6.179 | Delta Dist 100 = 4.576 | Delta Dist 1000 = 4.383 | Episode Length = 50 | Episode Return = 41.0 | Evaluator Episodes = 3785 | Evaluator Steps = 189250 | Final Dist = 0.242 | Final Dist 10 = 0.923 | Final Dist 100 = 1.362 | Final Dist 1000 = 1.430 | Init Dist = 7.211 | Init Dist 10 = 7.102 | Init Dist 100 = 5.938 | Init Dist 1000 = 5.813 | Learner Steps = 11551 | Learner Walltime = 2253.592 | Min Dist = 0.002 | Min Dist 10 = 0.110 | Min Dist 100 = 0.233 | Min Dist 1000 = 0.163 | Steps Per Second = 65.840 | Success = 1.000 | Success 1000 = 0.986
I0502 15:43:52.146319 139555013154368 terminal.py:91] [Learner] Actor Episodes = 14993 | Actor Loss = 3.580245018005371 | Actor Steps = 749650 | Binary Accuracy = 0.996039867401123 | Categorical Accuracy = 0.43035888671875 | Critic Loss = 1.953120231628418 | Entropy Mean = -17.510395050048828 | Evaluator Episodes = 3785 | Evaluator Steps = 189250 | Learner Steps = 11561 | Learner Walltime = 2256.340 | Logits Neg = -16.095748901367188 | Logits Pos = -1.9192442893981934 | Logsumexp = 1.277390480041504 | Steps Per Second = 211.727
I0502 15:43:52.319572 139579566835264 terminal.py:91] [Evaluator] Actor Episodes = 14993 | Actor Steps = 749650 | Delta Dist = 11.563 | Delta Dist 10 = 9.700 | Delta Dist 100 = 11.006 | Delta Dist 1000 = 10.955 | Episode Length = 50 | Episode Return = 9.0 | Evaluator Episodes = 3787 | Evaluator Steps = 189350 | Final Dist = 1.243 | Final Dist 10 = 3.106 | Final Dist 100 = 1.800 | Final Dist 1000 = 1.851 | Init Dist = 12.806 | Init Dist 10 = 12.806 | Init Dist 100 = 12.806 | Init Dist 1000 = 12.806 | Learner Steps = 11561 | Learner Walltime = 2256.340 | Min Dist = 0.059 | Min Dist 10 = 2.023 | Min Dist 100 = 1.077 | Min Dist 1000 = 1.120 | Steps Per Second = 55.429 | Success = 1.000 | Success 1000 = 0.876
I0502 15:43:53.540882 139569349502528 terminal.py:91] [Actor] Actor Episodes = 15001 | Actor Steps = 750050 | Delta Dist = 2.131 | Delta Dist 10 = 3.382 | Delta Dist 100 = 4.683 | Delta Dist 1000 = 4.376 | Episode Length = 50 | Episode Return = 30.0 | Evaluator Episodes = 3787 | Evaluator Steps = 189350 | Final Dist = 1.474 | Final Dist 10 = 1.768 | Final Dist 100 = 1.307 | Final Dist 1000 = 1.428 | Init Dist = 3.606 | Init Dist 10 = 5.150 | Init Dist 100 = 5.991 | Init Dist 1000 = 5.804 | Learner Steps = 11566 | Learner Walltime = 2257.550 | Min Dist = 0.027 | Min Dist 10 = 0.700 | Min Dist 100 = 0.295 | Min Dist 1000 = 0.169 | Steps Per Second = 75.384 | Success = 1.000 | Success 1000 = 0.986
I0502 15:43:53.724412 139579566835264 terminal.py:91] [Evaluator] Actor Episodes = 15001 | Actor Steps = 750050 | Delta Dist = 11.874 | Delta Dist 10 = 10.778 | Delta Dist 100 = 10.996 | Delta Dist 1000 = 10.954 | Episode Length = 50 | Episode Return = 12.0 | Evaluator Episodes = 3789 | Evaluator Steps = 189450 | Final Dist = 0.932 | Final Dist 10 = 2.028 | Final Dist 100 = 1.811 | Final Dist 1000 = 1.853 | Init Dist = 12.806 | Init Dist 10 = 12.806 | Init Dist 100 = 12.806 | Init Dist 1000 = 12.806 | Learner Steps = 11566 | Learner Walltime = 2257.550 | Min Dist = 0.368 | Min Dist 10 = 0.933 | Min Dist 100 = 1.076 | Min Dist 1000 = 1.119 | Steps Per Second = 79.355 | Success = 1.000 | Success 1000 = 0.876
I0502 15:43:54.328796 139557462840896 terminal.py:91] [Actor] Actor Episodes = 15007 | Actor Steps = 750350 | Delta Dist = 8.332 | Delta Dist 10 = 4.502 | Delta Dist 100 = 4.661 | Delta Dist 1000 = 4.377 | Episode Length = 50 | Episode Return = 30.0 | Evaluator Episodes = 3789 | Evaluator Steps = 189450 | Final Dist = 0.612 | Final Dist 10 = 1.421 | Final Dist 100 = 1.279 | Final Dist 1000 = 1.419 | Init Dist = 8.944 | Init Dist 10 = 5.924 | Init Dist 100 = 5.940 | Init Dist 1000 = 5.796 | Learner Steps = 11566 | Learner Walltime = 2257.550 | Min Dist = 0.086 | Min Dist 10 = 0.082 | Min Dist 100 = 0.289 | Min Dist 1000 = 0.168 | Steps Per Second = 72.541 | Success = 1.000 | Success 1000 = 0.986
I0502 15:43:54.910837 139555860620864 terminal.py:91] [Actor] Actor Episodes = 15006 | Actor Steps = 750300 | Delta Dist = 12.437 | Delta Dist 10 = 4.544 | Delta Dist 100 = 4.764 | Delta Dist 1000 = 4.380 | Episode Length = 50 | Episode Return = 28.0 | Evaluator Episodes = 3789 | Evaluator Steps = 189450 | Final Dist = 0.369 | Final Dist 10 = 1.375 | Final Dist 100 = 1.210 | Final Dist 1000 = 1.417 | Init Dist = 12.806 | Init Dist 10 = 5.918 | Init Dist 100 = 5.974 | Init Dist 1000 = 5.797 | Learner Steps = 11566 | Learner Walltime = 2257.550 | Min Dist = 0.034 | Min Dist 10 = 0.063 | Min Dist 100 = 0.288 | Min Dist 1000 = 0.168 | Steps Per Second = 67.304 | Success = 1.000 | Success 1000 = 0.986
I0502 15:43:55.086510 139579566835264 terminal.py:91] [Evaluator] Actor Episodes = 15009 | Actor Steps = 750450 | Delta Dist = 12.145 | Delta Dist 10 = 10.820 | Delta Dist 100 = 10.999 | Delta Dist 1000 = 10.954 | Episode Length = 50 | Episode Return = 14.0 | Evaluator Episodes = 3791 | Evaluator Steps = 189550 | Final Dist = 0.662 | Final Dist 10 = 1.986 | Final Dist 100 = 1.807 | Final Dist 1000 = 1.852 | Init Dist = 12.806 | Init Dist 10 = 12.806 | Init Dist 100 = 12.806 | Init Dist 1000 = 12.806 | Learner Steps = 11570 | Learner Walltime = 2258.639 | Min Dist = 0.327 | Min Dist 10 = 0.973 | Min Dist 100 = 1.081 | Min Dist 1000 = 1.120 | Steps Per Second = 69.852 | Success = 1.000 | Success 1000 = 0.876
I0502 15:43:56.462858 139579566835264 terminal.py:91] [Evaluator] Actor Episodes = 15017 | Actor Steps = 750850 | Delta Dist = 11.617 | Delta Dist 10 = 10.847 | Delta Dist 100 = 11.005 | Delta Dist 1000 = 10.953 | Episode Length = 50 | Episode Return = 12.0 | Evaluator Episodes = 3793 | Evaluator Steps = 189650 | Final Dist = 1.189 | Final Dist 10 = 1.959 | Final Dist 100 = 1.802 | Final Dist 1000 = 1.853 | Init Dist = 12.806 | Init Dist 10 = 12.806 | Init Dist 100 = 12.806 | Init Dist 1000 = 12.806 | Learner Steps = 11576 | Learner Walltime = 2259.961 | Min Dist = 0.321 | Min Dist 10 = 1.000 | Min Dist 100 = 1.082 | Min Dist 1000 = 1.121 | Steps Per Second = 73.082 | Success = 1.000 | Success 1000 = 0.876
I0502 15:43:57.883393 139579566835264 terminal.py:91] [Evaluator] Actor Episodes = 15025 | Actor Steps = 751250 | Delta Dist = 11.798 | Delta Dist 10 = 11.047 | Delta Dist 100 = 10.953 | Delta Dist 1000 = 10.947 | Episode Length = 50 | Episode Return = 11.0 | Evaluator Episodes = 3795 | Evaluator Steps = 189750 | Final Dist = 1.008 | Final Dist 10 = 1.759 | Final Dist 100 = 1.853 | Final Dist 1000 = 1.860 | Init Dist = 12.806 | Init Dist 10 = 12.806 | Init Dist 100 = 12.806 | Init Dist 1000 = 12.806 | Learner Steps = 11582 | Learner Walltime = 2261.320 | Min Dist = 0.095 | Min Dist 10 = 1.018 | Min Dist 100 = 1.148 | Min Dist 1000 = 1.127 | Steps Per Second = 70.111 | Success = 1.000 | Success 1000 = 0.875
I0502 15:43:58.834476 139584504182336 lp_utils.py:96] StepsLimiter: Reached 751550 recorded steps
I0502 15:43:59.155821 139579566835264 terminal.py:91] [Evaluator] Actor Episodes = 15033 | Actor Steps = 751650 | Delta Dist = 1.793 | Delta Dist 10 = 11.115 | Delta Dist 100 = 10.950 | Delta Dist 1000 = 10.946 | Episode Length = 50 | Episode Return = 0.0 | Evaluator Episodes = 3797 | Evaluator Steps = 189850 | Final Dist = 11.014 | Final Dist 10 = 1.691 | Final Dist 100 = 1.857 | Final Dist 1000 = 1.860 | Init Dist = 12.806 | Init Dist 10 = 12.806 | Init Dist 100 = 12.806 | Init Dist 1000 = 12.806 | Learner Steps = 11588 | Learner Walltime = 2262.608 | Min Dist = 10.293 | Min Dist 10 = 0.907 | Min Dist 100 = 1.145 | Min Dist 1000 = 1.127 | Steps Per Second = 77.582 | Success = 0.000 | Success 1000 = 0.875
I0502 15:44:00.650340 139579566835264 terminal.py:91] [Evaluator] Actor Episodes = 15043 | Actor Steps = 752150 | Delta Dist = 11.555 | Delta Dist 10 = 10.266 | Delta Dist 100 = 10.926 | Delta Dist 1000 = 10.936 | Episode Length = 50 | Episode Return = 11.0 | Evaluator Episodes = 3799 | Evaluator Steps = 189950 | Final Dist = 1.251 | Final Dist 10 = 2.540 | Final Dist 100 = 1.880 | Final Dist 1000 = 1.870 | Init Dist = 12.806 | Init Dist 10 = 12.806 | Init Dist 100 = 12.806 | Init Dist 1000 = 12.806 | Learner Steps = 11595 | Learner Walltime = 2264.111 | Min Dist = 0.089 | Min Dist 10 = 1.927 | Min Dist 100 = 1.171 | Min Dist 1000 = 1.136 | Steps Per Second = 70.034 | Success = 1.000 | Success 1000 = 0.874
I0502 15:44:02.066736 139558059398720 terminal.py:91] [Actor] Actor Episodes = 15051 | Actor Steps = 752550 | Delta Dist = 1.985 | Delta Dist 10 = 6.284 | Delta Dist 100 = 4.665 | Delta Dist 1000 = 4.397 | Episode Length = 50 | Episode Return = 45.0 | Evaluator Episodes = 3799 | Evaluator Steps = 189950 | Final Dist = 0.843 | Final Dist 10 = 0.409 | Final Dist 100 = 1.096 | Final Dist 1000 = 1.384 | Init Dist = 2.828 | Init Dist 10 = 6.692 | Init Dist 100 = 5.761 | Init Dist 1000 = 5.781 | Learner Steps = 11601 | Learner Walltime = 2265.217 | Min Dist = 0.004 | Min Dist 10 = 0.041 | Min Dist 100 = 0.190 | Min Dist 1000 = 0.166 | Steps Per Second = 73.335 | Success = 1.000 | Success 1000 = 0.986
I0502 15:44:02.172550 139555013154368 terminal.py:91] [Learner] Actor Episodes = 15051 | Actor Loss = 3.622973918914795 | Actor Steps = 752550 | Binary Accuracy = 0.996009349822998 | Categorical Accuracy = 0.41796875 | Critic Loss = 1.9330713748931885 | Entropy Mean = -18.78935432434082 | Evaluator Episodes = 3799 | Evaluator Steps = 189950 | Learner Steps = 11604 | Learner Walltime = 2266.369 | Logits Neg = -16.193254470825195 | Logits Pos = -1.9055838584899902 | Logsumexp = 1.2554175853729248 | Steps Per Second = 107.499
I0502 15:44:02.324237 139579566835264 terminal.py:91] [Evaluator] Actor Episodes = 15051 | Actor Steps = 752550 | Delta Dist = 12.273 | Delta Dist 10 = 10.287 | Delta Dist 100 = 10.919 | Delta Dist 1000 = 10.936 | Episode Length = 50 | Episode Return = 19.0 | Evaluator Episodes = 3801 | Evaluator Steps = 190050 | Final Dist = 0.533 | Final Dist 10 = 2.519 | Final Dist 100 = 1.887 | Final Dist 1000 = 1.871 | Init Dist = 12.806 | Init Dist 10 = 12.806 | Init Dist 100 = 12.806 | Init Dist 1000 = 12.806 | Learner Steps = 11604 | Learner Walltime = 2266.369 | Min Dist = 0.110 | Min Dist 10 = 1.857 | Min Dist 100 = 1.172 | Min Dist 1000 = 1.136 | Steps Per Second = 63.226 | Success = 1.000 | Success 1000 = 0.874
I0502 15:44:03.775322 139579566835264 terminal.py:91] [Evaluator] Actor Episodes = 15059 | Actor Steps = 752950 | Delta Dist = 11.363 | Delta Dist 10 = 9.796 | Delta Dist 100 = 10.872 | Delta Dist 1000 = 10.931 | Episode Length = 50 | Episode Return = 11.0 | Evaluator Episodes = 3803 | Evaluator Steps = 190150 | Final Dist = 1.443 | Final Dist 10 = 3.010 | Final Dist 100 = 1.934 | Final Dist 1000 = 1.876 | Init Dist = 12.806 | Init Dist 10 = 12.806 | Init Dist 100 = 12.806 | Init Dist 1000 = 12.806 | Learner Steps = 11610 | Learner Walltime = 2267.539 | Min Dist = 0.181 | Min Dist 10 = 2.376 | Min Dist 100 = 1.223 | Min Dist 1000 = 1.142 | Steps Per Second = 69.294 | Success = 1.000 | Success 1000 = 0.873
I0502 15:44:04.005082 139569349502528 terminal.py:91] [Actor] Actor Episodes = 15058 | Actor Steps = 752900 | Delta Dist = 2.082 | Delta Dist 10 = 3.169 | Delta Dist 100 = 4.466 | Delta Dist 1000 = 4.393 | Episode Length = 50 | Episode Return = 33.0 | Evaluator Episodes = 3801 | Evaluator Steps = 190050 | Final Dist = 0.746 | Final Dist 10 = 3.402 | Final Dist 100 = 1.372 | Final Dist 1000 = 1.388 | Init Dist = 2.828 | Init Dist 10 = 6.571 | Init Dist 100 = 5.838 | Init Dist 1000 = 5.780 | Learner Steps = 11604 | Learner Walltime = 2266.369 | Min Dist = 0.049 | Min Dist 10 = 0.153 | Min Dist 100 = 0.194 | Min Dist 1000 = 0.167 | Steps Per Second = 63.634 | Success = 1.000 | Success 1000 = 0.986
I0502 15:44:04.545645 139557462840896 terminal.py:91] [Actor] Actor Episodes = 15063 | Actor Steps = 753150 | Delta Dist = 9.719 | Delta Dist 10 = 1.933 | Delta Dist 100 = 4.428 | Delta Dist 1000 = 4.397 | Episode Length = 50 | Episode Return = 36.0 | Evaluator Episodes = 3803 | Evaluator Steps = 190150 | Final Dist = 0.180 | Final Dist 10 = 4.198 | Final Dist 100 = 1.440 | Final Dist 1000 = 1.376 | Init Dist = 9.899 | Init Dist 10 = 6.131 | Init Dist 100 = 5.867 | Init Dist 1000 = 5.773 | Learner Steps = 11614 | Learner Walltime = 2268.698 | Min Dist = 0.180 | Min Dist 10 = 0.148 | Min Dist 100 = 0.192 | Min Dist 1000 = 0.165 | Steps Per Second = 64.508 | Success = 1.000 | Success 1000 = 0.986
I0502 15:44:05.233958 139579566835264 terminal.py:91] [Evaluator] Actor Episodes = 15067 | Actor Steps = 753350 | Delta Dist = 11.254 | Delta Dist 10 = 10.335 | Delta Dist 100 = 10.868 | Delta Dist 1000 = 10.930 | Episode Length = 50 | Episode Return = 18.0 | Evaluator Episodes = 3805 | Evaluator Steps = 190250 | Final Dist = 1.553 | Final Dist 10 = 2.471 | Final Dist 100 = 1.938 | Final Dist 1000 = 1.877 | Init Dist = 12.806 | Init Dist 10 = 12.806 | Init Dist 100 = 12.806 | Init Dist 1000 = 12.806 | Learner Steps = 11614 | Learner Walltime = 2268.698 | Min Dist = 0.157 | Min Dist 10 = 1.725 | Min Dist 100 = 1.223 | Min Dist 1000 = 1.141 | Steps Per Second = 69.153 | Success = 1.000 | Success 1000 = 0.873
I0502 15:44:05.236336 139555860620864 terminal.py:91] [Actor] Actor Episodes = 15062 | Actor Steps = 753100 | Delta Dist = 5.619 | Delta Dist 10 = 2.842 | Delta Dist 100 = 4.363 | Delta Dist 1000 = 4.391 | Episode Length = 50 | Episode Return = 28.0 | Evaluator Episodes = 3803 | Evaluator Steps = 190150 | Final Dist = 1.089 | Final Dist 10 = 4.390 | Final Dist 100 = 1.556 | Final Dist 1000 = 1.384 | Init Dist = 6.708 | Init Dist 10 = 7.232 | Init Dist 100 = 5.919 | Init Dist 1000 = 5.775 | Learner Steps = 11614 | Learner Walltime = 2268.698 | Min Dist = 0.154 | Min Dist 10 = 0.169 | Min Dist 100 = 0.197 | Min Dist 1000 = 0.166 | Steps Per Second = 69.672 | Success = 1.000 | Success 1000 = 0.986
I0502 15:44:06.649025 139579566835264 terminal.py:91] [Evaluator] Actor Episodes = 15075 | Actor Steps = 753750 | Delta Dist = 12.664 | Delta Dist 10 = 10.298 | Delta Dist 100 = 10.853 | Delta Dist 1000 = 10.930 | Episode Length = 50 | Episode Return = 15.0 | Evaluator Episodes = 3807 | Evaluator Steps = 190350 | Final Dist = 0.142 | Final Dist 10 = 2.508 | Final Dist 100 = 1.953 | Final Dist 1000 = 1.877 | Init Dist = 12.806 | Init Dist 10 = 12.806 | Init Dist 100 = 12.806 | Init Dist 1000 = 12.806 | Learner Steps = 11620 | Learner Walltime = 2269.709 | Min Dist = 0.127 | Min Dist 10 = 1.727 | Min Dist 100 = 1.223 | Min Dist 1000 = 1.141 | Steps Per Second = 63.323 | Success = 1.000 | Success 1000 = 0.873
I0502 15:44:08.193754 139579566835264 terminal.py:91] [Evaluator] Actor Episodes = 15083 | Actor Steps = 754150 | Delta Dist = 12.411 | Delta Dist 10 = 11.392 | Delta Dist 100 = 10.877 | Delta Dist 1000 = 10.940 | Episode Length = 50 | Episode Return = 25.0 | Evaluator Episodes = 3809 | Evaluator Steps = 190450 | Final Dist = 0.396 | Final Dist 10 = 1.414 | Final Dist 100 = 1.929 | Final Dist 1000 = 1.867 | Init Dist = 12.806 | Init Dist 10 = 12.806 | Init Dist 100 = 12.806 | Init Dist 1000 = 12.806 | Learner Steps = 11629 | Learner Walltime = 2271.935 | Min Dist = 0.062 | Min Dist 10 = 0.712 | Min Dist 100 = 1.196 | Min Dist 1000 = 1.134 | Steps Per Second = 64.661 | Success = 1.000 | Success 1000 = 0.874
I0502 15:44:08.853986 139584504182336 lp_utils.py:96] StepsLimiter: Reached 754250 recorded steps
I0502 15:44:09.554264 139579566835264 terminal.py:91] [Evaluator] Actor Episodes = 15091 | Actor Steps = 754550 | Delta Dist = 12.386 | Delta Dist 10 = 11.389 | Delta Dist 100 = 10.871 | Delta Dist 1000 = 10.939 | Episode Length = 50 | Episode Return = 18.0 | Evaluator Episodes = 3811 | Evaluator Steps = 190550 | Final Dist = 0.420 | Final Dist 10 = 1.417 | Final Dist 100 = 1.935 | Final Dist 1000 = 1.867 | Init Dist = 12.806 | Init Dist 10 = 12.806 | Init Dist 100 = 12.806 | Init Dist 1000 = 12.806 | Learner Steps = 11634 | Learner Walltime = 2273.267 | Min Dist = 0.107 | Min Dist 10 = 0.775 | Min Dist 100 = 1.200 | Min Dist 1000 = 1.135 | Steps Per Second = 76.465 | Success = 1.000 | Success 1000 = 0.874
I0502 15:44:11.012408 139579566835264 terminal.py:91] [Evaluator] Actor Episodes = 15099 | Actor Steps = 754950 | Delta Dist = 11.389 | Delta Dist 10 = 11.879 | Delta Dist 100 = 10.863 | Delta Dist 1000 = 10.949 | Episode Length = 50 | Episode Return = 12.0 | Evaluator Episodes = 3813 | Evaluator Steps = 190650 | Final Dist = 1.418 | Final Dist 10 = 0.927 | Final Dist 100 = 1.943 | Final Dist 1000 = 1.857 | Init Dist = 12.806 | Init Dist 10 = 12.806 | Init Dist 100 = 12.806 | Init Dist 1000 = 12.806 | Learner Steps = 11639 | Learner Walltime = 2274.467 | Min Dist = 0.274 | Min Dist 10 = 0.265 | Min Dist 100 = 1.202 | Min Dist 1000 = 1.125 | Steps Per Second = 71.980 | Success = 1.000 | Success 1000 = 0.875
I0502 15:44:12.125678 139558059398720 terminal.py:91] [Actor] Actor Episodes = 15107 | Actor Steps = 755350 | Delta Dist = 6.402 | Delta Dist 10 = 4.437 | Delta Dist 100 = 4.420 | Delta Dist 1000 = 4.393 | Episode Length = 50 | Episode Return = 1.0 | Evaluator Episodes = 3813 | Evaluator Steps = 190650 | Final Dist = 0.809 | Final Dist 10 = 1.805 | Final Dist 100 = 1.735 | Final Dist 1000 = 1.403 | Init Dist = 7.211 | Init Dist 10 = 6.242 | Init Dist 100 = 6.155 | Init Dist 1000 = 5.797 | Learner Steps = 11645 | Learner Walltime = 2275.821 | Min Dist = 0.014 | Min Dist 10 = 0.173 | Min Dist 100 = 0.154 | Min Dist 1000 = 0.164 | Steps Per Second = 71.435 | Success = 1.000 | Success 1000 = 0.985
I0502 15:44:12.223107 139555013154368 terminal.py:91] [Learner] Actor Episodes = 15101 | Actor Loss = 3.6471669673919678 | Actor Steps = 755050 | Binary Accuracy = 0.9961211681365967 | Categorical Accuracy = 0.44879150390625 | Critic Loss = 1.876152753829956 | Entropy Mean = -19.133142471313477 | Evaluator Episodes = 3813 | Evaluator Steps = 190650 | Learner Steps = 11648 | Learner Walltime = 2276.422 | Logits Neg = -16.045536041259766 | Logits Pos = -1.8529539108276367 | Logsumexp = 1.2713305950164795 | Steps Per Second = 152.204
I0502 15:44:12.392966 139579566835264 terminal.py:91] [Evaluator] Actor Episodes = 15107 | Actor Steps = 755350 | Delta Dist = 11.040 | Delta Dist 10 = 10.986 | Delta Dist 100 = 10.757 | Delta Dist 1000 = 10.939 | Episode Length = 50 | Episode Return = 0.0 | Evaluator Episodes = 3815 | Evaluator Steps = 190750 | Final Dist = 1.766 | Final Dist 10 = 1.821 | Final Dist 100 = 2.049 | Final Dist 1000 = 1.867 | Init Dist = 12.806 | Init Dist 10 = 12.806 | Init Dist 100 = 12.806 | Init Dist 1000 = 12.806 | Learner Steps = 11645 | Learner Walltime = 2275.821 | Min Dist = 1.548 | Min Dist 10 = 1.286 | Min Dist 100 = 1.303 | Min Dist 1000 = 1.135 | Steps Per Second = 68.397 | Success = 0.000 | Success 1000 = 0.874
I0502 15:44:13.661669 139579566835264 terminal.py:91] [Evaluator] Actor Episodes = 15115 | Actor Steps = 755750 | Delta Dist = 11.495 | Delta Dist 10 = 11.022 | Delta Dist 100 = 10.864 | Delta Dist 1000 = 10.939 | Episode Length = 50 | Episode Return = 10.0 | Evaluator Episodes = 3817 | Evaluator Steps = 190850 | Final Dist = 1.312 | Final Dist 10 = 1.784 | Final Dist 100 = 1.942 | Final Dist 1000 = 1.867 | Init Dist = 12.806 | Init Dist 10 = 12.806 | Init Dist 100 = 12.806 | Init Dist 1000 = 12.806 | Learner Steps = 11652 | Learner Walltime = 2277.076 | Min Dist = 0.711 | Min Dist 10 = 1.429 | Min Dist 100 = 1.210 | Min Dist 1000 = 1.136 | Steps Per Second = 85.929 | Success = 1.000 | Success 1000 = 0.873
I0502 15:44:14.198089 139569349502528 terminal.py:91] [Actor] Actor Episodes = 15119 | Actor Steps = 755950 | Delta Dist = 6.922 | Delta Dist 10 = 3.820 | Delta Dist 100 = 4.380 | Delta Dist 1000 = 4.387 | Episode Length = 50 | Episode Return = 1.0 | Evaluator Episodes = 3817 | Evaluator Steps = 190850 | Final Dist = 1.324 | Final Dist 10 = 1.028 | Final Dist 100 = 1.661 | Final Dist 1000 = 1.395 | Init Dist = 8.246 | Init Dist 10 = 4.848 | Init Dist 100 = 6.041 | Init Dist 1000 = 5.783 | Learner Steps = 11652 | Learner Walltime = 2277.076 | Min Dist = 0.697 | Min Dist 10 = 0.106 | Min Dist 100 = 0.158 | Min Dist 1000 = 0.164 | Steps Per Second = 77.395 | Success = 1.000 | Success 1000 = 0.985
I0502 15:44:14.997789 139557462840896 terminal.py:91] [Actor] Actor Episodes = 15122 | Actor Steps = 756100 | Delta Dist = 2.725 | Delta Dist 10 = 4.877 | Delta Dist 100 = 4.437 | Delta Dist 1000 = 4.392 | Episode Length = 50 | Episode Return = 41.0 | Evaluator Episodes = 3817 | Evaluator Steps = 190850 | Final Dist = 0.881 | Final Dist 10 = 1.167 | Final Dist 100 = 1.630 | Final Dist 1000 = 1.396 | Init Dist = 3.606 | Init Dist 10 = 6.044 | Init Dist 100 = 6.068 | Init Dist 1000 = 5.787 | Learner Steps = 11652 | Learner Walltime = 2277.076 | Min Dist = 0.104 | Min Dist 10 = 0.175 | Min Dist 100 = 0.163 | Min Dist 1000 = 0.164 | Steps Per Second = 71.527 | Success = 1.000 | Success 1000 = 0.985
I0502 15:44:15.053506 139579566835264 terminal.py:91] [Evaluator] Actor Episodes = 15123 | Actor Steps = 756150 | Delta Dist = 11.861 | Delta Dist 10 = 10.817 | Delta Dist 100 = 10.863 | Delta Dist 1000 = 10.947 | Episode Length = 50 | Episode Return = 23.0 | Evaluator Episodes = 3819 | Evaluator Steps = 190950 | Final Dist = 0.945 | Final Dist 10 = 1.989 | Final Dist 100 = 1.943 | Final Dist 1000 = 1.859 | Init Dist = 12.806 | Init Dist 10 = 12.806 | Init Dist 100 = 12.806 | Init Dist 1000 = 12.806 | Learner Steps = 11659 | Learner Walltime = 2278.509 | Min Dist = 0.166 | Min Dist 10 = 1.479 | Min Dist 100 = 1.211 | Min Dist 1000 = 1.126 | Steps Per Second = 70.741 | Success = 1.000 | Success 1000 = 0.874
I0502 15:44:15.452275 139555860620864 terminal.py:91] [Actor] Actor Episodes = 15125 | Actor Steps = 756250 | Delta Dist = 6.702 | Delta Dist 10 = 4.792 | Delta Dist 100 = 4.375 | Delta Dist 1000 = 4.394 | Episode Length = 50 | Episode Return = 38.0 | Evaluator Episodes = 3819 | Evaluator Steps = 190950 | Final Dist = 0.298 | Final Dist 10 = 1.005 | Final Dist 100 = 1.637 | Final Dist 1000 = 1.394 | Init Dist = 7.000 | Init Dist 10 = 5.796 | Init Dist 100 = 6.012 | Init Dist 1000 = 5.788 | Learner Steps = 11659 | Learner Walltime = 2278.509 | Min Dist = 0.008 | Min Dist 10 = 0.180 | Min Dist 100 = 0.164 | Min Dist 1000 = 0.164 | Steps Per Second = 77.190 | Success = 1.000 | Success 1000 = 0.985
I0502 15:44:16.337964 139579566835264 terminal.py:91] [Evaluator] Actor Episodes = 15131 | Actor Steps = 756550 | Delta Dist = 11.364 | Delta Dist 10 = 10.791 | Delta Dist 100 = 10.869 | Delta Dist 1000 = 10.947 | Episode Length = 50 | Episode Return = 18.0 | Evaluator Episodes = 3821 | Evaluator Steps = 191050 | Final Dist = 1.443 | Final Dist 10 = 2.015 | Final Dist 100 = 1.937 | Final Dist 1000 = 1.859 | Init Dist = 12.806 | Init Dist 10 = 12.806 | Init Dist 100 = 12.806 | Init Dist 1000 = 12.806 | Learner Steps = 11664 | Learner Walltime = 2279.802 | Min Dist = 0.379 | Min Dist 10 = 1.412 | Min Dist 100 = 1.201 | Min Dist 1000 = 1.126 | Steps Per Second = 75.297 | Success = 1.000 | Success 1000 = 0.874
I0502 15:44:17.705153 139579566835264 terminal.py:91] [Evaluator] Actor Episodes = 15139 | Actor Steps = 756950 | Delta Dist = 11.336 | Delta Dist 10 = 10.706 | Delta Dist 100 = 10.875 | Delta Dist 1000 = 10.947 | Episode Length = 50 | Episode Return = 21.0 | Evaluator Episodes = 3823 | Evaluator Steps = 191150 | Final Dist = 1.470 | Final Dist 10 = 2.100 | Final Dist 100 = 1.931 | Final Dist 1000 = 1.859 | Init Dist = 12.806 | Init Dist 10 = 12.806 | Init Dist 100 = 12.806 | Init Dist 1000 = 12.806 | Learner Steps = 11671 | Learner Walltime = 2281.205 | Min Dist = 0.107 | Min Dist 10 = 1.370 | Min Dist 100 = 1.198 | Min Dist 1000 = 1.126 | Steps Per Second = 72.123 | Success = 1.000 | Success 1000 = 0.874
I0502 15:44:18.875213 139584504182336 lp_utils.py:96] StepsLimiter: Reached 757250 recorded steps
I0502 15:44:18.965710 139579566835264 terminal.py:91] [Evaluator] Actor Episodes = 15147 | Actor Steps = 757350 | Delta Dist = 11.442 | Delta Dist 10 = 11.596 | Delta Dist 100 = 10.872 | Delta Dist 1000 = 10.947 | Episode Length = 50 | Episode Return = 6.0 | Evaluator Episodes = 3825 | Evaluator Steps = 191250 | Final Dist = 1.364 | Final Dist 10 = 1.210 | Final Dist 100 = 1.934 | Final Dist 1000 = 1.860 | Init Dist = 12.806 | Init Dist 10 = 12.806 | Init Dist 100 = 12.806 | Init Dist 1000 = 12.806 | Learner Steps = 11677 | Learner Walltime = 2282.427 | Min Dist = 0.069 | Min Dist 10 = 0.361 | Min Dist 100 = 1.197 | Min Dist 1000 = 1.126 | Steps Per Second = 81.336 | Success = 1.000 | Success 1000 = 0.874
I0502 15:44:20.252662 139579566835264 terminal.py:91] [Evaluator] Actor Episodes = 15153 | Actor Steps = 757650 | Delta Dist = 12.066 | Delta Dist 10 = 11.622 | Delta Dist 100 = 10.867 | Delta Dist 1000 = 10.947 | Episode Length = 50 | Episode Return = 32.0 | Evaluator Episodes = 3827 | Evaluator Steps = 191350 | Final Dist = 0.740 | Final Dist 10 = 1.185 | Final Dist 100 = 1.939 | Final Dist 1000 = 1.859 | Init Dist = 12.806 | Init Dist 10 = 12.806 | Init Dist 100 = 12.806 | Init Dist 1000 = 12.806 | Learner Steps = 11683 | Learner Walltime = 2283.892 | Min Dist = 0.128 | Min Dist 10 = 0.208 | Min Dist 100 = 1.195 | Min Dist 1000 = 1.124 | Steps Per Second = 79.196 | Success = 1.000 | Success 1000 = 0.875
I0502 15:44:21.621720 139579566835264 terminal.py:91] [Evaluator] Actor Episodes = 15161 | Actor Steps = 758050 | Delta Dist = 11.405 | Delta Dist 10 = 11.687 | Delta Dist 100 = 10.975 | Delta Dist 1000 = 10.947 | Episode Length = 50 | Episode Return = 10.0 | Evaluator Episodes = 3829 | Evaluator Steps = 191450 | Final Dist = 1.401 | Final Dist 10 = 1.119 | Final Dist 100 = 1.831 | Final Dist 1000 = 1.859 | Init Dist = 12.806 | Init Dist 10 = 12.806 | Init Dist 100 = 12.806 | Init Dist 1000 = 12.806 | Learner Steps = 11690 | Learner Walltime = 2285.330 | Min Dist = 0.089 | Min Dist 10 = 0.153 | Min Dist 100 = 1.084 | Min Dist 1000 = 1.124 | Steps Per Second = 74.979 | Success = 1.000 | Success 1000 = 0.875
I0502 15:44:22.442291 139558059398720 terminal.py:91] [Actor] Actor Episodes = 15164 | Actor Steps = 758200 | Delta Dist = 2.116 | Delta Dist 10 = 3.162 | Delta Dist 100 = 4.305 | Delta Dist 1000 = 4.384 | Episode Length = 50 | Episode Return = 17.0 | Evaluator Episodes = 3829 | Evaluator Steps = 191450 | Final Dist = 1.047 | Final Dist 10 = 2.985 | Final Dist 100 = 1.792 | Final Dist 1000 = 1.436 | Init Dist = 3.162 | Init Dist 10 = 6.146 | Init Dist 100 = 6.097 | Init Dist 1000 = 5.820 | Learner Steps = 11690 | Learner Walltime = 2285.330 | Min Dist = 0.090 | Min Dist 10 = 0.623 | Min Dist 100 = 0.221 | Min Dist 1000 = 0.170 | Steps Per Second = 68.127 | Success = 1.000 | Success 1000 = 0.985
I0502 15:44:22.479345 139555013154368 terminal.py:91] [Learner] Actor Episodes = 15169 | Actor Loss = 3.565582275390625 | Actor Steps = 758450 | Binary Accuracy = 0.9960803985595703 | Categorical Accuracy = 0.42919921875 | Critic Loss = 1.8913748264312744 | Entropy Mean = -20.783052444458008 | Evaluator Episodes = 3829 | Evaluator Steps = 191450 | Learner Steps = 11696 | Learner Walltime = 2286.674 | Logits Neg = -16.229320526123047 | Logits Pos = -1.8439728021621704 | Logsumexp = 1.233755350112915 | Steps Per Second = 127.397
I0502 15:44:22.900762 139579566835264 terminal.py:91] [Evaluator] Actor Episodes = 15169 | Actor Steps = 758450 | Delta Dist = 6.512 | Delta Dist 10 = 11.644 | Delta Dist 100 = 11.072 | Delta Dist 1000 = 10.950 | Episode Length = 50 | Episode Return = 0.0 | Evaluator Episodes = 3831 | Evaluator Steps = 191550 | Final Dist = 6.294 | Final Dist 10 = 1.162 | Final Dist 100 = 1.735 | Final Dist 1000 = 1.856 | Init Dist = 12.806 | Init Dist 10 = 12.806 | Init Dist 100 = 12.806 | Init Dist 1000 = 12.806 | Learner Steps = 11696 | Learner Walltime = 2286.674 | Min Dist = 5.722 | Min Dist 10 = 0.215 | Min Dist 100 = 0.984 | Min Dist 1000 = 1.120 | Steps Per Second = 76.455 | Success = 0.000 | Success 1000 = 0.876
I0502 15:44:24.162208 139579566835264 terminal.py:91] [Evaluator] Actor Episodes = 15177 | Actor Steps = 758850 | Delta Dist = 12.455 | Delta Dist 10 = 9.964 | Delta Dist 100 = 10.900 | Delta Dist 1000 = 10.933 | Episode Length = 50 | Episode Return = 25.0 | Evaluator Episodes = 3833 | Evaluator Steps = 191650 | Final Dist = 0.351 | Final Dist 10 = 2.843 | Final Dist 100 = 1.907 | Final Dist 1000 = 1.873 | Init Dist = 12.806 | Init Dist 10 = 12.806 | Init Dist 100 = 12.806 | Init Dist 1000 = 12.806 | Learner Steps = 11702 | Learner Walltime = 2287.997 | Min Dist = 0.082 | Min Dist 10 = 1.834 | Min Dist 100 = 1.145 | Min Dist 1000 = 1.136 | Steps Per Second = 68.547 | Success = 1.000 | Success 1000 = 0.874
I0502 15:44:24.381479 139569349502528 terminal.py:91] [Actor] Actor Episodes = 15174 | Actor Steps = 758700 | Delta Dist = 1.816 | Delta Dist 10 = 3.540 | Delta Dist 100 = 4.064 | Delta Dist 1000 = 4.386 | Episode Length = 50 | Episode Return = 50.0 | Evaluator Episodes = 3831 | Evaluator Steps = 191550 | Final Dist = 0.420 | Final Dist 10 = 2.308 | Final Dist 100 = 1.860 | Final Dist 1000 = 1.427 | Init Dist = 2.236 | Init Dist 10 = 5.848 | Init Dist 100 = 5.925 | Init Dist 1000 = 5.812 | Learner Steps = 11696 | Learner Walltime = 2286.674 | Min Dist = 0.017 | Min Dist 10 = 0.319 | Min Dist 100 = 0.212 | Min Dist 1000 = 0.163 | Steps Per Second = 71.371 | Success = 1.000 | Success 1000 = 0.985
I0502 15:44:25.176563 139557462840896 terminal.py:91] [Actor] Actor Episodes = 15185 | Actor Steps = 759250 | Delta Dist = 6.837 | Delta Dist 10 = 3.865 | Delta Dist 100 = 4.007 | Delta Dist 1000 = 4.389 | Episode Length = 50 | Episode Return = 30.0 | Evaluator Episodes = 3833 | Evaluator Steps = 191650 | Final Dist = 2.163 | Final Dist 10 = 1.392 | Final Dist 100 = 1.805 | Final Dist 1000 = 1.411 | Init Dist = 9.000 | Init Dist 10 = 5.257 | Init Dist 100 = 5.812 | Init Dist 1000 = 5.800 | Learner Steps = 11702 | Learner Walltime = 2287.997 | Min Dist = 0.998 | Min Dist 10 = 0.147 | Min Dist 100 = 0.216 | Min Dist 1000 = 0.162 | Steps Per Second = 66.820 | Success = 1.000 | Success 1000 = 0.986
I0502 15:44:25.456490 139579566835264 terminal.py:91] [Evaluator] Actor Episodes = 15185 | Actor Steps = 759250 | Delta Dist = 1.709 | Delta Dist 10 = 10.059 | Delta Dist 100 = 10.902 | Delta Dist 1000 = 10.940 | Episode Length = 50 | Episode Return = 0.0 | Evaluator Episodes = 3835 | Evaluator Steps = 191750 | Final Dist = 11.097 | Final Dist 10 = 2.747 | Final Dist 100 = 1.904 | Final Dist 1000 = 1.867 | Init Dist = 12.806 | Init Dist 10 = 12.806 | Init Dist 100 = 12.806 | Init Dist 1000 = 12.806 | Learner Steps = 11708 | Learner Walltime = 2289.406 | Min Dist = 10.318 | Min Dist 10 = 1.805 | Min Dist 100 = 1.144 | Min Dist 1000 = 1.130 | Steps Per Second = 79.716 | Success = 0.000 | Success 1000 = 0.875
I0502 15:44:25.775485 139555860620864 terminal.py:91] [Actor] Actor Episodes = 15182 | Actor Steps = 759100 | Delta Dist = 5.153 | Delta Dist 10 = 4.474 | Delta Dist 100 = 4.065 | Delta Dist 1000 = 4.388 | Episode Length = 50 | Episode Return = 34.0 | Evaluator Episodes = 3833 | Evaluator Steps = 191650 | Final Dist = 1.250 | Final Dist 10 = 1.542 | Final Dist 100 = 1.779 | Final Dist 1000 = 1.412 | Init Dist = 6.403 | Init Dist 10 = 6.016 | Init Dist 100 = 5.844 | Init Dist 1000 = 5.800 | Learner Steps = 11702 | Learner Walltime = 2287.997 | Min Dist = 0.052 | Min Dist 10 = 0.234 | Min Dist 100 = 0.224 | Min Dist 1000 = 0.162 | Steps Per Second = 75.761 | Success = 1.000 | Success 1000 = 0.986
I0502 15:44:26.831333 139579566835264 terminal.py:91] [Evaluator] Actor Episodes = 15193 | Actor Steps = 759650 | Delta Dist = 12.345 | Delta Dist 10 = 9.028 | Delta Dist 100 = 10.796 | Delta Dist 1000 = 10.928 | Episode Length = 50 | Episode Return = 14.0 | Evaluator Episodes = 3837 | Evaluator Steps = 191850 | Final Dist = 0.461 | Final Dist 10 = 3.779 | Final Dist 100 = 2.011 | Final Dist 1000 = 1.878 | Init Dist = 12.806 | Init Dist 10 = 12.806 | Init Dist 100 = 12.806 | Init Dist 1000 = 12.806 | Learner Steps = 11715 | Learner Walltime = 2290.861 | Min Dist = 0.142 | Min Dist 10 = 2.855 | Min Dist 100 = 1.246 | Min Dist 1000 = 1.141 | Steps Per Second = 74.496 | Success = 1.000 | Success 1000 = 0.874
I0502 15:44:28.296959 139579566835264 terminal.py:91] [Evaluator] Actor Episodes = 15201 | Actor Steps = 760050 | Delta Dist = 12.149 | Delta Dist 10 = 8.156 | Delta Dist 100 = 10.706 | Delta Dist 1000 = 10.920 | Episode Length = 50 | Episode Return = 17.0 | Evaluator Episodes = 3839 | Evaluator Steps = 191950 | Final Dist = 0.658 | Final Dist 10 = 4.650 | Final Dist 100 = 2.100 | Final Dist 1000 = 1.887 | Init Dist = 12.806 | Init Dist 10 = 12.806 | Init Dist 100 = 12.806 | Init Dist 1000 = 12.806 | Learner Steps = 11722 | Learner Walltime = 2292.319 | Min Dist = 0.033 | Min Dist 10 = 3.868 | Min Dist 100 = 1.343 | Min Dist 1000 = 1.150 | Steps Per Second = 68.296 | Success = 1.000 | Success 1000 = 0.873
I0502 15:44:28.895442 139584504182336 lp_utils.py:96] StepsLimiter: Reached 760150 recorded steps
I0502 15:44:29.722063 139579566835264 terminal.py:91] [Evaluator] Actor Episodes = 15209 | Actor Steps = 760450 | Delta Dist = 11.936 | Delta Dist 10 = 8.298 | Delta Dist 100 = 10.720 | Delta Dist 1000 = 10.921 | Episode Length = 50 | Episode Return = 32.0 | Evaluator Episodes = 3841 | Evaluator Steps = 192050 | Final Dist = 0.870 | Final Dist 10 = 4.508 | Final Dist 100 = 2.087 | Final Dist 1000 = 1.885 | Init Dist = 12.806 | Init Dist 10 = 12.806 | Init Dist 100 = 12.806 | Init Dist 1000 = 12.806 | Learner Steps = 11727 | Learner Walltime = 2293.553 | Min Dist = 0.079 | Min Dist 10 = 3.798 | Min Dist 100 = 1.339 | Min Dist 1000 = 1.150 | Steps Per Second = 68.335 | Success = 1.000 | Success 1000 = 0.873
I0502 15:44:30.811100 139579566835264 terminal.py:91] [Evaluator] Actor Episodes = 15215 | Actor Steps = 760750 | Delta Dist = -0.020 | Delta Dist 10 = 8.850 | Delta Dist 100 = 10.652 | Delta Dist 1000 = 10.918 | Episode Length = 50 | Episode Return = 0.0 | Evaluator Episodes = 3843 | Evaluator Steps = 192150 | Final Dist = 12.826 | Final Dist 10 = 3.956 | Final Dist 100 = 2.154 | Final Dist 1000 = 1.888 | Init Dist = 12.806 | Init Dist 10 = 12.806 | Init Dist 100 = 12.806 | Init Dist 1000 = 12.806 | Learner Steps = 11733 | Learner Walltime = 2294.899 | Min Dist = 10.903 | Min Dist 10 = 3.228 | Min Dist 100 = 1.389 | Min Dist 1000 = 1.150 | Steps Per Second = 99.047 | Success = 0.000 | Success 1000 = 0.873
I0502 15:44:32.084094 139579566835264 terminal.py:91] [Evaluator] Actor Episodes = 15223 | Actor Steps = 761150 | Delta Dist = 11.463 | Delta Dist 10 = 7.627 | Delta Dist 100 = 10.529 | Delta Dist 1000 = 10.905 | Episode Length = 50 | Episode Return = 5.0 | Evaluator Episodes = 3845 | Evaluator Steps = 192250 | Final Dist = 1.343 | Final Dist 10 = 5.179 | Final Dist 100 = 2.277 | Final Dist 1000 = 1.901 | Init Dist = 12.806 | Init Dist 10 = 12.806 | Init Dist 100 = 12.806 | Init Dist 1000 = 12.806 | Learner Steps = 11739 | Learner Walltime = 2295.917 | Min Dist = 0.259 | Min Dist 10 = 4.429 | Min Dist 100 = 1.499 | Min Dist 1000 = 1.162 | Steps Per Second = 74.164 | Success = 1.000 | Success 1000 = 0.871
I0502 15:44:32.840360 139555013154368 terminal.py:91] [Learner] Actor Episodes = 15225 | Actor Loss = 3.6253299713134766 | Actor Steps = 761250 | Binary Accuracy = 0.9960978031158447 | Categorical Accuracy = 0.4281005859375 | Critic Loss = 1.9167075157165527 | Entropy Mean = -20.95948600769043 | Evaluator Episodes = 3845 | Evaluator Steps = 192250 | Learner Steps = 11743 | Learner Walltime = 2297.036 | Logits Neg = -15.958080291748047 | Logits Pos = -1.9205812215805054 | Logsumexp = 1.0955371856689453 | Steps Per Second = 164.052
I0502 15:44:32.974640 139558059398720 terminal.py:91] [Actor] Actor Episodes = 15227 | Actor Steps = 761350 | Delta Dist = 2.027 | Delta Dist 10 = 4.285 | Delta Dist 100 = 3.835 | Delta Dist 1000 = 4.342 | Episode Length = 50 | Episode Return = 44.0 | Evaluator Episodes = 3845 | Evaluator Steps = 192250 | Final Dist = 1.578 | Final Dist 10 = 2.258 | Final Dist 100 = 2.271 | Final Dist 1000 = 1.459 | Init Dist = 3.606 | Init Dist 10 = 6.544 | Init Dist 100 = 6.106 | Init Dist 1000 = 5.801 | Learner Steps = 11743 | Learner Walltime = 2297.036 | Min Dist = 0.062 | Min Dist 10 = 0.135 | Min Dist 100 = 0.443 | Min Dist 1000 = 0.184 | Steps Per Second = 68.382 | Success = 1.000 | Success 1000 = 0.988
I0502 15:44:33.393476 139579566835264 terminal.py:91] [Evaluator] Actor Episodes = 15231 | Actor Steps = 761550 | Delta Dist = 12.468 | Delta Dist 10 = 8.647 | Delta Dist 100 = 10.528 | Delta Dist 1000 = 10.905 | Episode Length = 50 | Episode Return = 21.0 | Evaluator Episodes = 3847 | Evaluator Steps = 192350 | Final Dist = 0.338 | Final Dist 10 = 4.159 | Final Dist 100 = 2.278 | Final Dist 1000 = 1.901 | Init Dist = 12.806 | Init Dist 10 = 12.806 | Init Dist 100 = 12.806 | Init Dist 1000 = 12.806 | Learner Steps = 11743 | Learner Walltime = 2297.036 | Min Dist = 0.186 | Min Dist 10 = 3.402 | Min Dist 100 = 1.498 | Min Dist 1000 = 1.162 | Steps Per Second = 74.784 | Success = 1.000 | Success 1000 = 0.871
I0502 15:44:34.732152 139579566835264 terminal.py:91] [Evaluator] Actor Episodes = 15237 | Actor Steps = 761850 | Delta Dist = 11.528 | Delta Dist 10 = 9.574 | Delta Dist 100 = 10.528 | Delta Dist 1000 = 10.905 | Episode Length = 50 | Episode Return = 2.0 | Evaluator Episodes = 3849 | Evaluator Steps = 192450 | Final Dist = 1.278 | Final Dist 10 = 3.233 | Final Dist 100 = 2.278 | Final Dist 1000 = 1.901 | Init Dist = 12.806 | Init Dist 10 = 12.806 | Init Dist 100 = 12.806 | Init Dist 1000 = 12.806 | Learner Steps = 11749 | Learner Walltime = 2298.335 | Min Dist = 0.471 | Min Dist 10 = 2.399 | Min Dist 100 = 1.498 | Min Dist 1000 = 1.162 | Steps Per Second = 82.609 | Success = 1.000 | Success 1000 = 0.871
I0502 15:44:34.743808 139569349502528 terminal.py:91] [Actor] Actor Episodes = 15239 | Actor Steps = 761950 | Delta Dist = 7.505 | Delta Dist 10 = 4.861 | Delta Dist 100 = 4.005 | Delta Dist 1000 = 4.343 | Episode Length = 50 | Episode Return = 36.0 | Evaluator Episodes = 3849 | Evaluator Steps = 192450 | Final Dist = 0.111 | Final Dist 10 = 1.580 | Final Dist 100 = 2.175 | Final Dist 1000 = 1.467 | Init Dist = 7.616 | Init Dist 10 = 6.441 | Init Dist 100 = 6.180 | Init Dist 1000 = 5.809 | Learner Steps = 11749 | Learner Walltime = 2298.335 | Min Dist = 0.020 | Min Dist 10 = 0.052 | Min Dist 100 = 0.435 | Min Dist 1000 = 0.184 | Steps Per Second = 76.308 | Success = 1.000 | Success 1000 = 0.988
I0502 15:44:35.488478 139557462840896 terminal.py:91] [Actor] Actor Episodes = 15242 | Actor Steps = 762100 | Delta Dist = 1.795 | Delta Dist 10 = 5.112 | Delta Dist 100 = 3.931 | Delta Dist 1000 = 4.345 | Episode Length = 50 | Episode Return = 46.0 | Evaluator Episodes = 3849 | Evaluator Steps = 192450 | Final Dist = 0.205 | Final Dist 10 = 1.179 | Final Dist 100 = 2.206 | Final Dist 1000 = 1.471 | Init Dist = 2.000 | Init Dist 10 = 6.291 | Init Dist 100 = 6.136 | Init Dist 1000 = 5.816 | Learner Steps = 11749 | Learner Walltime = 2298.335 | Min Dist = 0.024 | Min Dist 10 = 0.050 | Min Dist 100 = 0.434 | Min Dist 1000 = 0.184 | Steps Per Second = 70.877 | Success = 1.000 | Success 1000 = 0.988
I0502 15:44:35.854095 139555860620864 terminal.py:91] [Actor] Actor Episodes = 15245 | Actor Steps = 762250 | Delta Dist = 8.638 | Delta Dist 10 = 4.456 | Delta Dist 100 = 3.986 | Delta Dist 1000 = 4.352 | Episode Length = 50 | Episode Return = 45.0 | Evaluator Episodes = 3849 | Evaluator Steps = 192450 | Final Dist = 1.362 | Final Dist 10 = 1.362 | Final Dist 100 = 2.207 | Final Dist 1000 = 1.472 | Init Dist = 10.000 | Init Dist 10 = 5.818 | Init Dist 100 = 6.193 | Init Dist 1000 = 5.824 | Learner Steps = 11756 | Learner Walltime = 2299.809 | Min Dist = 0.084 | Min Dist 10 = 0.048 | Min Dist 100 = 0.434 | Min Dist 1000 = 0.184 | Steps Per Second = 92.062 | Success = 1.000 | Success 1000 = 0.988
I0502 15:44:35.956586 139579566835264 terminal.py:91] [Evaluator] Actor Episodes = 15245 | Actor Steps = 762250 | Delta Dist = 0.553 | Delta Dist 10 = 9.411 | Delta Dist 100 = 10.523 | Delta Dist 1000 = 10.905 | Episode Length = 50 | Episode Return = 0.0 | Evaluator Episodes = 3851 | Evaluator Steps = 192550 | Final Dist = 12.253 | Final Dist 10 = 3.395 | Final Dist 100 = 2.283 | Final Dist 1000 = 1.902 | Init Dist = 12.806 | Init Dist 10 = 12.806 | Init Dist 100 = 12.806 | Init Dist 1000 = 12.806 | Learner Steps = 11756 | Learner Walltime = 2299.809 | Min Dist = 10.729 | Min Dist 10 = 2.503 | Min Dist 100 = 1.507 | Min Dist 1000 = 1.163 | Steps Per Second = 91.500 | Success = 0.000 | Success 1000 = 0.871
I0502 15:44:37.278222 139579566835264 terminal.py:91] [Evaluator] Actor Episodes = 15251 | Actor Steps = 762550 | Delta Dist = 2.062 | Delta Dist 10 = 9.432 | Delta Dist 100 = 10.404 | Delta Dist 1000 = 10.894 | Episode Length = 50 | Episode Return = 0.0 | Evaluator Episodes = 3853 | Evaluator Steps = 192650 | Final Dist = 10.744 | Final Dist 10 = 3.374 | Final Dist 100 = 2.402 | Final Dist 1000 = 1.913 | Init Dist = 12.806 | Init Dist 10 = 12.806 | Init Dist 100 = 12.806 | Init Dist 1000 = 12.806 | Learner Steps = 11761 | Learner Walltime = 2300.874 | Min Dist = 10.603 | Min Dist 10 = 2.504 | Min Dist 100 = 1.614 | Min Dist 1000 = 1.173 | Steps Per Second = 75.758 | Success = 0.000 | Success 1000 = 0.870
I0502 15:44:38.630328 139579566835264 terminal.py:91] [Evaluator] Actor Episodes = 15259 | Actor Steps = 762950 | Delta Dist = 12.169 | Delta Dist 10 = 9.069 | Delta Dist 100 = 10.249 | Delta Dist 1000 = 10.881 | Episode Length = 50 | Episode Return = 2.0 | Evaluator Episodes = 3855 | Evaluator Steps = 192750 | Final Dist = 0.638 | Final Dist 10 = 3.737 | Final Dist 100 = 2.558 | Final Dist 1000 = 1.925 | Init Dist = 12.806 | Init Dist 10 = 12.806 | Init Dist 100 = 12.806 | Init Dist 1000 = 12.806 | Learner Steps = 11766 | Learner Walltime = 2301.886 | Min Dist = 0.599 | Min Dist 10 = 3.045 | Min Dist 100 = 1.786 | Min Dist 1000 = 1.187 | Steps Per Second = 74.684 | Success = 1.000 | Success 1000 = 0.869
I0502 15:44:38.915887 139584504182336 lp_utils.py:96] StepsLimiter: Reached 763050 recorded steps
I0502 15:44:39.771579 139579566835264 terminal.py:91] [Evaluator] Actor Episodes = 15267 | Actor Steps = 763350 | Delta Dist = 11.827 | Delta Dist 10 = 7.941 | Delta Dist 100 = 10.141 | Delta Dist 1000 = 10.869 | Episode Length = 50 | Episode Return = 8.0 | Evaluator Episodes = 3857 | Evaluator Steps = 192850 | Final Dist = 0.980 | Final Dist 10 = 4.865 | Final Dist 100 = 2.666 | Final Dist 1000 = 1.937 | Init Dist = 12.806 | Init Dist 10 = 12.806 | Init Dist 100 = 12.806 | Init Dist 1000 = 12.806 | Learner Steps = 11771 | Learner Walltime = 2303.208 | Min Dist = 0.830 | Min Dist 10 = 4.158 | Min Dist 100 = 1.893 | Min Dist 1000 = 1.198 | Steps Per Second = 77.454 | Success = 1.000 | Success 1000 = 0.868
I0502 15:44:40.969159 139579566835264 terminal.py:91] [Evaluator] Actor Episodes = 15275 | Actor Steps = 763750 | Delta Dist = 1.282 | Delta Dist 10 = 6.829 | Delta Dist 100 = 10.041 | Delta Dist 1000 = 10.858 | Episode Length = 50 | Episode Return = 0.0 | Evaluator Episodes = 3859 | Evaluator Steps = 192950 | Final Dist = 11.525 | Final Dist 10 = 5.978 | Final Dist 100 = 2.766 | Final Dist 1000 = 1.948 | Init Dist = 12.806 | Init Dist 10 = 12.806 | Init Dist 100 = 12.806 | Init Dist 1000 = 12.806 | Learner Steps = 11777 | Learner Walltime = 2304.617 | Min Dist = 10.659 | Min Dist 10 = 5.269 | Min Dist 100 = 2.006 | Min Dist 1000 = 1.209 | Steps Per Second = 82.339 | Success = 0.000 | Success 1000 = 0.867
I0502 15:44:42.316235 139579566835264 terminal.py:91] [Evaluator] Actor Episodes = 15283 | Actor Steps = 764150 | Delta Dist = 11.497 | Delta Dist 10 = 5.817 | Delta Dist 100 = 9.930 | Delta Dist 1000 = 10.847 | Episode Length = 50 | Episode Return = 4.0 | Evaluator Episodes = 3861 | Evaluator Steps = 193050 | Final Dist = 1.309 | Final Dist 10 = 6.990 | Final Dist 100 = 2.876 | Final Dist 1000 = 1.959 | Init Dist = 12.806 | Init Dist 10 = 12.806 | Init Dist 100 = 12.806 | Init Dist 1000 = 12.806 | Learner Steps = 11783 | Learner Walltime = 2305.654 | Min Dist = 0.467 | Min Dist 10 = 6.236 | Min Dist 100 = 2.111 | Min Dist 1000 = 1.219 | Steps Per Second = 74.789 | Success = 1.000 | Success 1000 = 0.866
I0502 15:44:42.330412 139583350109760 savers.py:156] Saving checkpoint: logs/contrastive_cpc_point_FourRooms_64/5dd72662-2788-11f0-b183-d85ed38c5779/checkpoints/learner
I0502 15:44:42.927166 139555013154368 terminal.py:91] [Learner] Actor Episodes = 15283 | Actor Loss = 3.6076409816741943 | Actor Steps = 764150 | Binary Accuracy = 0.9960768222808838 | Categorical Accuracy = 0.43060302734375 | Critic Loss = 1.8872904777526855 | Entropy Mean = -20.127235412597656 | Evaluator Episodes = 3861 | Evaluator Steps = 193050 | Learner Steps = 11789 | Learner Walltime = 2307.126 | Logits Neg = -16.07769775390625 | Logits Pos = -1.8683295249938965 | Logsumexp = 1.1860406398773193 | Steps Per Second = 705.295
I0502 15:44:42.990323 139558059398720 terminal.py:91] [Actor] Actor Episodes = 15284 | Actor Steps = 764200 | Delta Dist = -1.777 | Delta Dist 10 = 5.641 | Delta Dist 100 = 4.067 | Delta Dist 1000 = 4.333 | Episode Length = 50 | Episode Return = 0.0 | Evaluator Episodes = 3859 | Evaluator Steps = 192950 | Final Dist = 4.013 | Final Dist 10 = 0.826 | Final Dist 100 = 2.351 | Final Dist 1000 = 1.514 | Init Dist = 2.236 | Init Dist 10 = 6.467 | Init Dist 100 = 6.417 | Init Dist 1000 = 5.847 | Learner Steps = 11783 | Learner Walltime = 2305.654 | Min Dist = 0.979 | Min Dist 10 = 0.102 | Min Dist 100 = 0.589 | Min Dist 1000 = 0.208 | Steps Per Second = 66.847 | Success = 1.000 | Success 1000 = 0.987
I0502 15:44:43.630591 139579566835264 terminal.py:91] [Evaluator] Actor Episodes = 15289 | Actor Steps = 764450 | Delta Dist = 12.208 | Delta Dist 10 = 6.913 | Delta Dist 100 = 9.931 | Delta Dist 1000 = 10.847 | Episode Length = 50 | Episode Return = 1.0 | Evaluator Episodes = 3863 | Evaluator Steps = 193150 | Final Dist = 0.598 | Final Dist 10 = 5.893 | Final Dist 100 = 2.875 | Final Dist 1000 = 1.959 | Init Dist = 12.806 | Init Dist 10 = 12.806 | Init Dist 100 = 12.806 | Init Dist 1000 = 12.806 | Learner Steps = 11787 | Learner Walltime = 2306.994 | Min Dist = 0.598 | Min Dist 10 = 5.212 | Min Dist 100 = 2.107 | Min Dist 1000 = 1.219 | Steps Per Second = 74.658 | Success = 1.000 | Success 1000 = 0.866
I0502 15:44:44.003294 139584635659840 savers.py:156] Saving checkpoint: logs/contrastive_cpc_point_FourRooms_64/5dd72662-2788-11f0-b183-d85ed38c5779/checkpoints/counter
I0502 15:44:44.896907 139579566835264 terminal.py:91] [Evaluator] Actor Episodes = 15297 | Actor Steps = 764850 | Delta Dist = 5.650 | Delta Dist 10 = 8.486 | Delta Dist 100 = 9.923 | Delta Dist 1000 = 10.848 | Episode Length = 50 | Episode Return = 0.0 | Evaluator Episodes = 3865 | Evaluator Steps = 193250 | Final Dist = 7.157 | Final Dist 10 = 4.320 | Final Dist 100 = 2.883 | Final Dist 1000 = 1.958 | Init Dist = 12.806 | Init Dist 10 = 12.806 | Init Dist 100 = 12.806 | Init Dist 1000 = 12.806 | Learner Steps = 11793 | Learner Walltime = 2308.036 | Min Dist = 6.988 | Min Dist 10 = 3.576 | Min Dist 100 = 2.115 | Min Dist 1000 = 1.220 | Steps Per Second = 80.426 | Success = 0.000 | Success 1000 = 0.866
I0502 15:44:45.053862 139569349502528 terminal.py:91] [Actor] Actor Episodes = 15296 | Actor Steps = 764800 | Delta Dist = 1.802 | Delta Dist 10 = 5.746 | Delta Dist 100 = 4.381 | Delta Dist 1000 = 4.370 | Episode Length = 50 | Episode Return = 9.0 | Evaluator Episodes = 3863 | Evaluator Steps = 193150 | Final Dist = 0.434 | Final Dist 10 = 1.287 | Final Dist 100 = 2.020 | Final Dist 1000 = 1.488 | Init Dist = 2.236 | Init Dist 10 = 7.033 | Init Dist 100 = 6.400 | Init Dist 1000 = 5.858 | Learner Steps = 11793 | Learner Walltime = 2308.036 | Min Dist = 0.065 | Min Dist 10 = 0.096 | Min Dist 100 = 0.429 | Min Dist 1000 = 0.209 | Steps Per Second = 79.405 | Success = 1.000 | Success 1000 = 0.987
I0502 15:44:45.848305 139557462840896 terminal.py:91] [Actor] Actor Episodes = 15305 | Actor Steps = 765250 | Delta Dist = 8.235 | Delta Dist 10 = 4.254 | Delta Dist 100 = 4.315 | Delta Dist 1000 = 4.367 | Episode Length = 50 | Episode Return = 24.0 | Evaluator Episodes = 3865 | Evaluator Steps = 193250 | Final Dist = 0.709 | Final Dist 10 = 1.217 | Final Dist 100 = 1.926 | Final Dist 1000 = 1.486 | Init Dist = 8.944 | Init Dist 10 = 5.471 | Init Dist 100 = 6.241 | Init Dist 1000 = 5.853 | Learner Steps = 11798 | Learner Walltime = 2309.116 | Min Dist = 0.010 | Min Dist 10 = 0.099 | Min Dist 100 = 0.431 | Min Dist 1000 = 0.209 | Steps Per Second = 82.145 | Success = 1.000 | Success 1000 = 0.987
I0502 15:44:46.151239 139555860620864 terminal.py:91] [Actor] Actor Episodes = 15302 | Actor Steps = 765100 | Delta Dist = 1.974 | Delta Dist 10 = 4.806 | Delta Dist 100 = 4.397 | Delta Dist 1000 = 4.370 | Episode Length = 50 | Episode Return = 19.0 | Evaluator Episodes = 3865 | Evaluator Steps = 193250 | Final Dist = 0.026 | Final Dist 10 = 1.277 | Final Dist 100 = 1.866 | Final Dist 1000 = 1.486 | Init Dist = 2.000 | Init Dist 10 = 6.083 | Init Dist 100 = 6.263 | Init Dist 1000 = 5.857 | Learner Steps = 11798 | Learner Walltime = 2309.116 | Min Dist = 0.010 | Min Dist 10 = 0.099 | Min Dist 100 = 0.364 | Min Dist 1000 = 0.209 | Steps Per Second = 74.984 | Success = 1.000 | Success 1000 = 0.987
I0502 15:44:46.267325 139579566835264 terminal.py:91] [Evaluator] Actor Episodes = 15305 | Actor Steps = 765250 | Delta Dist = 12.299 | Delta Dist 10 = 8.988 | Delta Dist 100 = 9.851 | Delta Dist 1000 = 10.852 | Episode Length = 50 | Episode Return = 19.0 | Evaluator Episodes = 3867 | Evaluator Steps = 193350 | Final Dist = 0.507 | Final Dist 10 = 3.818 | Final Dist 100 = 2.956 | Final Dist 1000 = 1.954 | Init Dist = 12.806 | Init Dist 10 = 12.806 | Init Dist 100 = 12.806 | Init Dist 1000 = 12.806 | Learner Steps = 11804 | Learner Walltime = 2310.185 | Min Dist = 0.120 | Min Dist 10 = 3.129 | Min Dist 100 = 2.182 | Min Dist 1000 = 1.217 | Steps Per Second = 74.444 | Success = 1.000 | Success 1000 = 0.866
I0502 15:44:47.526225 139579566835264 terminal.py:91] [Evaluator] Actor Episodes = 15313 | Actor Steps = 765650 | Delta Dist = 11.585 | Delta Dist 10 = 10.064 | Delta Dist 100 = 9.903 | Delta Dist 1000 = 10.858 | Episode Length = 50 | Episode Return = 6.0 | Evaluator Episodes = 3869 | Evaluator Steps = 193450 | Final Dist = 1.222 | Final Dist 10 = 2.743 | Final Dist 100 = 2.903 | Final Dist 1000 = 1.948 | Init Dist = 12.806 | Init Dist 10 = 12.806 | Init Dist 100 = 12.806 | Init Dist 1000 = 12.806 | Learner Steps = 11809 | Learner Walltime = 2311.346 | Min Dist = 0.112 | Min Dist 10 = 2.003 | Min Dist 100 = 2.122 | Min Dist 1000 = 1.209 | Steps Per Second = 82.781 | Success = 1.000 | Success 1000 = 0.867
I0502 15:44:48.871117 139579566835264 terminal.py:91] [Evaluator] Actor Episodes = 15321 | Actor Steps = 766050 | Delta Dist = 11.434 | Delta Dist 10 = 10.764 | Delta Dist 100 = 9.865 | Delta Dist 1000 = 10.869 | Episode Length = 50 | Episode Return = 3.0 | Evaluator Episodes = 3871 | Evaluator Steps = 193550 | Final Dist = 1.372 | Final Dist 10 = 2.042 | Final Dist 100 = 2.941 | Final Dist 1000 = 1.937 | Init Dist = 12.806 | Init Dist 10 = 12.806 | Init Dist 100 = 12.806 | Init Dist 1000 = 12.806 | Learner Steps = 11815 | Learner Walltime = 2312.616 | Min Dist = 0.803 | Min Dist 10 = 1.380 | Min Dist 100 = 2.163 | Min Dist 1000 = 1.198 | Steps Per Second = 76.290 | Success = 1.000 | Success 1000 = 0.868
I0502 15:44:48.931253 139584504182336 lp_utils.py:96] StepsLimiter: Reached 766050 recorded steps
I0502 15:44:50.168015 139579566835264 terminal.py:91] [Evaluator] Actor Episodes = 15329 | Actor Steps = 766450 | Delta Dist = 12.283 | Delta Dist 10 = 10.721 | Delta Dist 100 = 9.855 | Delta Dist 1000 = 10.869 | Episode Length = 50 | Episode Return = 22.0 | Evaluator Episodes = 3873 | Evaluator Steps = 193650 | Final Dist = 0.524 | Final Dist 10 = 2.086 | Final Dist 100 = 2.951 | Final Dist 1000 = 1.937 | Init Dist = 12.806 | Init Dist 10 = 12.806 | Init Dist 100 = 12.806 | Init Dist 1000 = 12.806 | Learner Steps = 11821 | Learner Walltime = 2313.682 | Min Dist = 0.070 | Min Dist 10 = 1.429 | Min Dist 100 = 2.165 | Min Dist 1000 = 1.198 | Steps Per Second = 80.103 | Success = 1.000 | Success 1000 = 0.869
I0502 15:44:51.480245 139579566835264 terminal.py:91] [Evaluator] Actor Episodes = 15337 | Actor Steps = 766850 | Delta Dist = 4.273 | Delta Dist 10 = 10.732 | Delta Dist 100 = 9.853 | Delta Dist 1000 = 10.869 | Episode Length = 50 | Episode Return = 0.0 | Evaluator Episodes = 3875 | Evaluator Steps = 193750 | Final Dist = 8.534 | Final Dist 10 = 2.074 | Final Dist 100 = 2.953 | Final Dist 1000 = 1.937 | Init Dist = 12.806 | Init Dist 10 = 12.806 | Init Dist 100 = 12.806 | Init Dist 1000 = 12.806 | Learner Steps = 11826 | Learner Walltime = 2314.765 | Min Dist = 7.241 | Min Dist 10 = 1.336 | Min Dist 100 = 2.164 | Min Dist 1000 = 1.198 | Steps Per Second = 74.372 | Success = 0.000 | Success 1000 = 0.869
I0502 15:44:52.695200 139579566835264 terminal.py:91] [Evaluator] Actor Episodes = 15345 | Actor Steps = 767250 | Delta Dist = 12.576 | Delta Dist 10 = 9.598 | Delta Dist 100 = 9.796 | Delta Dist 1000 = 10.852 | Episode Length = 50 | Episode Return = 7.0 | Evaluator Episodes = 3877 | Evaluator Steps = 193850 | Final Dist = 0.230 | Final Dist 10 = 3.208 | Final Dist 100 = 3.010 | Final Dist 1000 = 1.955 | Init Dist = 12.806 | Init Dist 10 = 12.806 | Init Dist 100 = 12.806 | Init Dist 1000 = 12.806 | Learner Steps = 11831 | Learner Walltime = 2315.883 | Min Dist = 0.113 | Min Dist 10 = 2.407 | Min Dist 100 = 2.225 | Min Dist 1000 = 1.215 | Steps Per Second = 81.969 | Success = 1.000 | Success 1000 = 0.867
I0502 15:44:52.940138 139555013154368 terminal.py:91] [Learner] Actor Episodes = 15345 | Actor Loss = 3.514036178588867 | Actor Steps = 767250 | Binary Accuracy = 0.9960000514984131 | Categorical Accuracy = 0.40985107421875 | Critic Loss = 2.0002593994140625 | Entropy Mean = -17.868431091308594 | Evaluator Episodes = 3877 | Evaluator Steps = 193850 | Learner Steps = 11837 | Learner Walltime = 2317.135 | Logits Neg = -15.510417938232422 | Logits Pos = -1.9890395402908325 | Logsumexp = 1.2725869417190552 | Steps Per Second = 1415.523
I0502 15:44:53.624448 139558059398720 terminal.py:91] [Actor] Actor Episodes = 15348 | Actor Steps = 767400 | Delta Dist = 4.062 | Delta Dist 10 = 4.179 | Delta Dist 100 = 3.756 | Delta Dist 1000 = 4.332 | Episode Length = 50 | Episode Return = 37.0 | Evaluator Episodes = 3877 | Evaluator Steps = 193850 | Final Dist = 1.324 | Final Dist 10 = 1.019 | Final Dist 100 = 2.330 | Final Dist 1000 = 1.540 | Init Dist = 5.385 | Init Dist 10 = 5.198 | Init Dist 100 = 6.086 | Init Dist 1000 = 5.872 | Learner Steps = 11836 | Learner Walltime = 2317.090 | Min Dist = 0.072 | Min Dist 10 = 0.169 | Min Dist 100 = 0.458 | Min Dist 1000 = 0.215 | Steps Per Second = 69.171 | Success = 1.000 | Success 1000 = 0.987
I0502 15:44:54.087961 139579566835264 terminal.py:91] [Evaluator] Actor Episodes = 15353 | Actor Steps = 767650 | Delta Dist = 4.602 | Delta Dist 10 = 9.706 | Delta Dist 100 = 9.927 | Delta Dist 1000 = 10.853 | Episode Length = 50 | Episode Return = 0.0 | Evaluator Episodes = 3879 | Evaluator Steps = 193950 | Final Dist = 8.204 | Final Dist 10 = 3.100 | Final Dist 100 = 2.879 | Final Dist 1000 = 1.954 | Init Dist = 12.806 | Init Dist 10 = 12.806 | Init Dist 100 = 12.806 | Init Dist 1000 = 12.806 | Learner Steps = 11836 | Learner Walltime = 2317.090 | Min Dist = 7.253 | Min Dist 10 = 2.414 | Min Dist 100 = 2.116 | Min Dist 1000 = 1.214 | Steps Per Second = 72.961 | Success = 0.000 | Success 1000 = 0.867
I0502 15:44:55.378203 139579566835264 terminal.py:91] [Evaluator] Actor Episodes = 15361 | Actor Steps = 768050 | Delta Dist = 4.523 | Delta Dist 10 = 9.393 | Delta Dist 100 = 9.861 | Delta Dist 1000 = 10.845 | Episode Length = 50 | Episode Return = 0.0 | Evaluator Episodes = 3881 | Evaluator Steps = 194050 | Final Dist = 8.283 | Final Dist 10 = 3.414 | Final Dist 100 = 2.945 | Final Dist 1000 = 1.961 | Init Dist = 12.806 | Init Dist 10 = 12.806 | Init Dist 100 = 12.806 | Init Dist 1000 = 12.806 | Learner Steps = 11843 | Learner Walltime = 2318.527 | Min Dist = 6.365 | Min Dist 10 = 2.741 | Min Dist 100 = 2.189 | Min Dist 1000 = 1.222 | Steps Per Second = 81.064 | Success = 0.000 | Success 1000 = 0.866
I0502 15:44:55.578545 139569349502528 terminal.py:91] [Actor] Actor Episodes = 15360 | Actor Steps = 768000 | Delta Dist = -2.380 | Delta Dist 10 = 3.076 | Delta Dist 100 = 3.719 | Delta Dist 1000 = 4.326 | Episode Length = 50 | Episode Return = 21.0 | Evaluator Episodes = 3879 | Evaluator Steps = 193950 | Final Dist = 2.380 | Final Dist 10 = 1.546 | Final Dist 100 = 2.143 | Final Dist 1000 = 1.511 | Init Dist = 0.000 | Init Dist 10 = 4.622 | Init Dist 100 = 5.861 | Init Dist 1000 = 5.836 | Learner Steps = 11843 | Learner Walltime = 2318.527 | Min Dist = 0.000 | Min Dist 10 = 0.028 | Min Dist 100 = 0.345 | Min Dist 1000 = 0.211 | Steps Per Second = 75.570 | Success = 1.000 | Success 1000 = 0.987
I0502 15:44:56.438692 139557462840896 terminal.py:91] [Actor] Actor Episodes = 15369 | Actor Steps = 768450 | Delta Dist = 1.940 | Delta Dist 10 = 3.738 | Delta Dist 100 = 3.914 | Delta Dist 1000 = 4.333 | Episode Length = 50 | Episode Return = 31.0 | Evaluator Episodes = 3881 | Evaluator Steps = 194050 | Final Dist = 1.060 | Final Dist 10 = 1.197 | Final Dist 100 = 1.896 | Final Dist 1000 = 1.508 | Init Dist = 3.000 | Init Dist 10 = 4.935 | Init Dist 100 = 5.810 | Init Dist 1000 = 5.841 | Learner Steps = 11848 | Learner Walltime = 2319.649 | Min Dist = 0.068 | Min Dist 10 = 0.096 | Min Dist 100 = 0.233 | Min Dist 1000 = 0.210 | Steps Per Second = 70.849 | Success = 1.000 | Success 1000 = 0.987
I0502 15:44:56.472864 139555860620864 terminal.py:91] [Actor] Actor Episodes = 15366 | Actor Steps = 768300 | Delta Dist = 1.323 | Delta Dist 10 = 3.815 | Delta Dist 100 = 3.912 | Delta Dist 1000 = 4.335 | Episode Length = 50 | Episode Return = 30.0 | Evaluator Episodes = 3881 | Evaluator Steps = 194050 | Final Dist = 0.091 | Final Dist 10 = 1.196 | Final Dist 100 = 1.874 | Final Dist 1000 = 1.508 | Init Dist = 1.414 | Init Dist 10 = 5.011 | Init Dist 100 = 5.786 | Init Dist 1000 = 5.843 | Learner Steps = 11848 | Learner Walltime = 2319.649 | Min Dist = 0.009 | Min Dist 10 = 0.102 | Min Dist 100 = 0.232 | Min Dist 1000 = 0.210 | Steps Per Second = 72.449 | Success = 1.000 | Success 1000 = 0.987
I0502 15:44:56.546898 139579566835264 terminal.py:91] [Evaluator] Actor Episodes = 15369 | Actor Steps = 768450 | Delta Dist = 11.637 | Delta Dist 10 = 8.728 | Delta Dist 100 = 9.784 | Delta Dist 1000 = 10.838 | Episode Length = 50 | Episode Return = 7.0 | Evaluator Episodes = 3883 | Evaluator Steps = 194150 | Final Dist = 1.169 | Final Dist 10 = 4.078 | Final Dist 100 = 3.023 | Final Dist 1000 = 1.968 | Init Dist = 12.806 | Init Dist 10 = 12.806 | Init Dist 100 = 12.806 | Init Dist 1000 = 12.806 | Learner Steps = 11848 | Learner Walltime = 2319.649 | Min Dist = 0.194 | Min Dist 10 = 3.280 | Min Dist 100 = 2.250 | Min Dist 1000 = 1.228 | Steps Per Second = 77.491 | Success = 1.000 | Success 1000 = 0.865
I0502 15:44:57.914765 139579566835264 terminal.py:91] [Evaluator] Actor Episodes = 15377 | Actor Steps = 768850 | Delta Dist = 11.550 | Delta Dist 10 = 8.656 | Delta Dist 100 = 9.859 | Delta Dist 1000 = 10.844 | Episode Length = 50 | Episode Return = 8.0 | Evaluator Episodes = 3885 | Evaluator Steps = 194250 | Final Dist = 1.256 | Final Dist 10 = 4.150 | Final Dist 100 = 2.947 | Final Dist 1000 = 1.962 | Init Dist = 12.806 | Init Dist 10 = 12.806 | Init Dist 100 = 12.806 | Init Dist 1000 = 12.806 | Learner Steps = 11858 | Learner Walltime = 2321.891 | Min Dist = 0.150 | Min Dist 10 = 3.273 | Min Dist 100 = 2.185 | Min Dist 1000 = 1.221 | Steps Per Second = 74.045 | Success = 1.000 | Success 1000 = 0.866
I0502 15:44:58.951346 139584504182336 lp_utils.py:96] StepsLimiter: Reached 769050 recorded steps
I0502 15:44:59.246828 139579566835264 terminal.py:91] [Evaluator] Actor Episodes = 15385 | Actor Steps = 769250 | Delta Dist = 12.620 | Delta Dist 10 = 10.398 | Delta Dist 100 = 9.866 | Delta Dist 1000 = 10.849 | Episode Length = 50 | Episode Return = 4.0 | Evaluator Episodes = 3887 | Evaluator Steps = 194350 | Final Dist = 0.186 | Final Dist 10 = 2.408 | Final Dist 100 = 2.941 | Final Dist 1000 = 1.957 | Init Dist = 12.806 | Init Dist 10 = 12.806 | Init Dist 100 = 12.806 | Init Dist 1000 = 12.806 | Learner Steps = 11865 | Learner Walltime = 2323.260 | Min Dist = 0.186 | Min Dist 10 = 1.519 | Min Dist 100 = 2.174 | Min Dist 1000 = 1.215 | Steps Per Second = 74.474 | Success = 1.000 | Success 1000 = 0.867
I0502 15:45:00.568216 139579566835264 terminal.py:91] [Evaluator] Actor Episodes = 15393 | Actor Steps = 769650 | Delta Dist = 12.753 | Delta Dist 10 = 10.396 | Delta Dist 100 = 9.889 | Delta Dist 1000 = 10.856 | Episode Length = 50 | Episode Return = 13.0 | Evaluator Episodes = 3889 | Evaluator Steps = 194450 | Final Dist = 0.054 | Final Dist 10 = 2.410 | Final Dist 100 = 2.918 | Final Dist 1000 = 1.951 | Init Dist = 12.806 | Init Dist 10 = 12.806 | Init Dist 100 = 12.806 | Init Dist 1000 = 12.806 | Learner Steps = 11865 | Learner Walltime = 2323.260 | Min Dist = 0.054 | Min Dist 10 = 1.519 | Min Dist 100 = 2.174 | Min Dist 1000 = 1.209 | Steps Per Second = 77.495 | Success = 1.000 | Success 1000 = 0.868
I0502 15:45:01.876660 139579566835264 terminal.py:91] [Evaluator] Actor Episodes = 15401 | Actor Steps = 770050 | Delta Dist = 12.166 | Delta Dist 10 = 10.184 | Delta Dist 100 = 9.798 | Delta Dist 1000 = 10.847 | Episode Length = 50 | Episode Return = 14.0 | Evaluator Episodes = 3891 | Evaluator Steps = 194550 | Final Dist = 0.641 | Final Dist 10 = 2.623 | Final Dist 100 = 3.008 | Final Dist 1000 = 1.960 | Init Dist = 12.806 | Init Dist 10 = 12.806 | Init Dist 100 = 12.806 | Init Dist 1000 = 12.806 | Learner Steps = 11878 | Learner Walltime = 2325.944 | Min Dist = 0.157 | Min Dist 10 = 1.799 | Min Dist 100 = 2.272 | Min Dist 1000 = 1.219 | Steps Per Second = 79.828 | Success = 1.000 | Success 1000 = 0.867
I0502 15:45:03.068357 139555013154368 terminal.py:91] [Learner] Actor Episodes = 15407 | Actor Loss = 3.461872100830078 | Actor Steps = 770350 | Binary Accuracy = 0.996049165725708 | Categorical Accuracy = 0.41619873046875 | Critic Loss = 1.9703187942504883 | Entropy Mean = -19.01325035095215 | Evaluator Episodes = 3891 | Evaluator Steps = 194550 | Learner Steps = 11884 | Learner Walltime = 2327.263 | Logits Neg = -15.84440803527832 | Logits Pos = -1.9759156703948975 | Logsumexp = 1.216996192932129 | Steps Per Second = 160.110
I0502 15:45:03.161196 139579566835264 terminal.py:91] [Evaluator] Actor Episodes = 15407 | Actor Steps = 770350 | Delta Dist = 1.636 | Delta Dist 10 = 10.960 | Delta Dist 100 = 9.795 | Delta Dist 1000 = 10.849 | Episode Length = 50 | Episode Return = 0.0 | Evaluator Episodes = 3893 | Evaluator Steps = 194650 | Final Dist = 11.171 | Final Dist 10 = 1.846 | Final Dist 100 = 3.011 | Final Dist 1000 = 1.957 | Init Dist = 12.806 | Init Dist 10 = 12.806 | Init Dist 100 = 12.806 | Init Dist 1000 = 12.806 | Learner Steps = 11884 | Learner Walltime = 2327.263 | Min Dist = 10.615 | Min Dist 10 = 1.166 | Min Dist 100 = 2.266 | Min Dist 1000 = 1.217 | Steps Per Second = 80.627 | Success = 0.000 | Success 1000 = 0.868
I0502 15:45:03.668506 139558059398720 terminal.py:91] [Actor] Actor Episodes = 15411 | Actor Steps = 770550 | Delta Dist = 6.681 | Delta Dist 10 = 3.154 | Delta Dist 100 = 3.667 | Delta Dist 1000 = 4.334 | Episode Length = 50 | Episode Return = 33.0 | Evaluator Episodes = 3893 | Evaluator Steps = 194650 | Final Dist = 0.390 | Final Dist 10 = 0.846 | Final Dist 100 = 1.988 | Final Dist 1000 = 1.515 | Init Dist = 7.071 | Init Dist 10 = 4.000 | Init Dist 100 = 5.655 | Init Dist 1000 = 5.849 | Learner Steps = 11884 | Learner Walltime = 2327.263 | Min Dist = 0.077 | Min Dist 10 = 0.155 | Min Dist 100 = 0.299 | Min Dist 1000 = 0.220 | Steps Per Second = 68.330 | Success = 1.000 | Success 1000 = 0.990
I0502 15:45:04.532140 139579566835264 terminal.py:91] [Evaluator] Actor Episodes = 15415 | Actor Steps = 770750 | Delta Dist = 11.509 | Delta Dist 10 = 9.293 | Delta Dist 100 = 9.684 | Delta Dist 1000 = 10.833 | Episode Length = 50 | Episode Return = 2.0 | Evaluator Episodes = 3895 | Evaluator Steps = 194750 | Final Dist = 1.297 | Final Dist 10 = 3.513 | Final Dist 100 = 3.122 | Final Dist 1000 = 1.973 | Init Dist = 12.806 | Init Dist 10 = 12.806 | Init Dist 100 = 12.806 | Init Dist 1000 = 12.806 | Learner Steps = 11890 | Learner Walltime = 2328.700 | Min Dist = 0.303 | Min Dist 10 = 2.950 | Min Dist 100 = 2.379 | Min Dist 1000 = 1.235 | Steps Per Second = 70.755 | Success = 1.000 | Success 1000 = 0.866
I0502 15:45:05.828036 139579566835264 terminal.py:91] [Evaluator] Actor Episodes = 15423 | Actor Steps = 771150 | Delta Dist = 11.413 | Delta Dist 10 = 9.314 | Delta Dist 100 = 9.686 | Delta Dist 1000 = 10.833 | Episode Length = 50 | Episode Return = 1.0 | Evaluator Episodes = 3897 | Evaluator Steps = 194850 | Final Dist = 1.393 | Final Dist 10 = 3.493 | Final Dist 100 = 3.121 | Final Dist 1000 = 1.974 | Init Dist = 12.806 | Init Dist 10 = 12.806 | Init Dist 100 = 12.806 | Init Dist 1000 = 12.806 | Learner Steps = 11890 | Learner Walltime = 2328.700 | Min Dist = 0.761 | Min Dist 10 = 2.977 | Min Dist 100 = 2.381 | Min Dist 1000 = 1.235 | Steps Per Second = 80.642 | Success = 1.000 | Success 1000 = 0.866
I0502 15:45:05.855514 139569349502528 terminal.py:91] [Actor] Actor Episodes = 15425 | Actor Steps = 771250 | Delta Dist = 7.066 | Delta Dist 10 = 4.122 | Delta Dist 100 = 3.628 | Delta Dist 1000 = 4.336 | Episode Length = 50 | Episode Return = 39.0 | Evaluator Episodes = 3897 | Evaluator Steps = 194850 | Final Dist = 0.996 | Final Dist 10 = 0.875 | Final Dist 100 = 1.914 | Final Dist 1000 = 1.503 | Init Dist = 8.062 | Init Dist 10 = 4.997 | Init Dist 100 = 5.542 | Init Dist 1000 = 5.839 | Learner Steps = 11890 | Learner Walltime = 2328.700 | Min Dist = 0.322 | Min Dist 10 = 0.039 | Min Dist 100 = 0.287 | Min Dist 1000 = 0.219 | Steps Per Second = 73.813 | Success = 1.000 | Success 1000 = 0.990
I0502 15:45:06.656651 139555860620864 terminal.py:91] [Actor] Actor Episodes = 15429 | Actor Steps = 771450 | Delta Dist = 0.548 | Delta Dist 10 = 3.221 | Delta Dist 100 = 3.688 | Delta Dist 1000 = 4.332 | Episode Length = 50 | Episode Return = 25.0 | Evaluator Episodes = 3897 | Evaluator Steps = 194850 | Final Dist = 0.867 | Final Dist 10 = 1.694 | Final Dist 100 = 1.720 | Final Dist 1000 = 1.504 | Init Dist = 1.414 | Init Dist 10 = 4.916 | Init Dist 100 = 5.409 | Init Dist 1000 = 5.836 | Learner Steps = 11897 | Learner Walltime = 2330.146 | Min Dist = 0.000 | Min Dist 10 = 0.098 | Min Dist 100 = 0.200 | Min Dist 1000 = 0.220 | Steps Per Second = 69.845 | Success = 1.000 | Success 1000 = 0.990
I0502 15:45:07.006159 139557462840896 terminal.py:91] [Actor] Actor Episodes = 15431 | Actor Steps = 771550 | Delta Dist = 4.723 | Delta Dist 10 = 2.555 | Delta Dist 100 = 3.622 | Delta Dist 1000 = 4.332 | Episode Length = 50 | Episode Return = 17.0 | Evaluator Episodes = 3897 | Evaluator Steps = 194850 | Final Dist = 0.376 | Final Dist 10 = 1.721 | Final Dist 100 = 1.722 | Final Dist 1000 = 1.498 | Init Dist = 5.099 | Init Dist 10 = 4.276 | Init Dist 100 = 5.345 | Init Dist 1000 = 5.831 | Learner Steps = 11897 | Learner Walltime = 2330.146 | Min Dist = 0.029 | Min Dist 10 = 0.095 | Min Dist 100 = 0.198 | Min Dist 1000 = 0.220 | Steps Per Second = 76.619 | Success = 1.000 | Success 1000 = 0.990
I0502 15:45:07.049954 139579566835264 terminal.py:91] [Evaluator] Actor Episodes = 15431 | Actor Steps = 771550 | Delta Dist = 11.404 | Delta Dist 10 = 9.108 | Delta Dist 100 = 9.773 | Delta Dist 1000 = 10.831 | Episode Length = 50 | Episode Return = 5.0 | Evaluator Episodes = 3899 | Evaluator Steps = 194950 | Final Dist = 1.402 | Final Dist 10 = 3.699 | Final Dist 100 = 3.033 | Final Dist 1000 = 1.975 | Init Dist = 12.806 | Init Dist 10 = 12.806 | Init Dist 100 = 12.806 | Init Dist 1000 = 12.806 | Learner Steps = 11897 | Learner Walltime = 2330.146 | Min Dist = 0.401 | Min Dist 10 = 3.067 | Min Dist 100 = 2.288 | Min Dist 1000 = 1.236 | Steps Per Second = 92.397 | Success = 1.000 | Success 1000 = 0.866
I0502 15:45:08.402754 139579566835264 terminal.py:91] [Evaluator] Actor Episodes = 15439 | Actor Steps = 771950 | Delta Dist = 2.430 | Delta Dist 10 = 8.925 | Delta Dist 100 = 9.662 | Delta Dist 1000 = 10.831 | Episode Length = 50 | Episode Return = 0.0 | Evaluator Episodes = 3901 | Evaluator Steps = 195050 | Final Dist = 10.377 | Final Dist 10 = 3.881 | Final Dist 100 = 3.145 | Final Dist 1000 = 1.976 | Init Dist = 12.806 | Init Dist 10 = 12.806 | Init Dist 100 = 12.806 | Init Dist 1000 = 12.806 | Learner Steps = 11903 | Learner Walltime = 2331.346 | Min Dist = 10.281 | Min Dist 10 = 3.066 | Min Dist 100 = 2.393 | Min Dist 1000 = 1.235 | Steps Per Second = 72.605 | Success = 0.000 | Success 1000 = 0.866
I0502 15:45:08.967420 139584504182336 lp_utils.py:96] StepsLimiter: Reached 772050 recorded steps
I0502 15:45:09.695687 139579566835264 terminal.py:91] [Evaluator] Actor Episodes = 15447 | Actor Steps = 772350 | Delta Dist = 12.520 | Delta Dist 10 = 7.798 | Delta Dist 100 = 9.595 | Delta Dist 1000 = 10.826 | Episode Length = 50 | Episode Return = 11.0 | Evaluator Episodes = 3903 | Evaluator Steps = 195150 | Final Dist = 0.286 | Final Dist 10 = 5.008 | Final Dist 100 = 3.211 | Final Dist 1000 = 1.980 | Init Dist = 12.806 | Init Dist 10 = 12.806 | Init Dist 100 = 12.806 | Init Dist 1000 = 12.806 | Learner Steps = 11914 | Learner Walltime = 2333.703 | Min Dist = 0.217 | Min Dist 10 = 4.335 | Min Dist 100 = 2.462 | Min Dist 1000 = 1.240 | Steps Per Second = 84.824 | Success = 1.000 | Success 1000 = 0.865
I0502 15:45:11.102566 139579566835264 terminal.py:91] [Evaluator] Actor Episodes = 15455 | Actor Steps = 772750 | Delta Dist = 5.175 | Delta Dist 10 = 9.641 | Delta Dist 100 = 9.615 | Delta Dist 1000 = 10.826 | Episode Length = 50 | Episode Return = 0.0 | Evaluator Episodes = 3905 | Evaluator Steps = 195250 | Final Dist = 7.631 | Final Dist 10 = 3.165 | Final Dist 100 = 3.192 | Final Dist 1000 = 1.980 | Init Dist = 12.806 | Init Dist 10 = 12.806 | Init Dist 100 = 12.806 | Init Dist 1000 = 12.806 | Learner Steps = 11919 | Learner Walltime = 2334.935 | Min Dist = 6.366 | Min Dist 10 = 2.559 | Min Dist 100 = 2.462 | Min Dist 1000 = 1.241 | Steps Per Second = 69.892 | Success = 0.000 | Success 1000 = 0.865
I0502 15:45:12.457251 139579566835264 terminal.py:91] [Evaluator] Actor Episodes = 15463 | Actor Steps = 773150 | Delta Dist = 12.417 | Delta Dist 10 = 8.969 | Delta Dist 100 = 9.553 | Delta Dist 1000 = 10.827 | Episode Length = 50 | Episode Return = 24.0 | Evaluator Episodes = 3907 | Evaluator Steps = 195350 | Final Dist = 0.389 | Final Dist 10 = 3.837 | Final Dist 100 = 3.254 | Final Dist 1000 = 1.979 | Init Dist = 12.806 | Init Dist 10 = 12.806 | Init Dist 100 = 12.806 | Init Dist 1000 = 12.806 | Learner Steps = 11925 | Learner Walltime = 2335.938 | Min Dist = 0.055 | Min Dist 10 = 3.182 | Min Dist 100 = 2.527 | Min Dist 1000 = 1.240 | Steps Per Second = 75.746 | Success = 1.000 | Success 1000 = 0.865
I0502 15:45:13.099047 139555013154368 terminal.py:91] [Learner] Actor Episodes = 15465 | Actor Loss = 3.683868408203125 | Actor Steps = 773250 | Binary Accuracy = 0.9960989952087402 | Categorical Accuracy = 0.42950439453125 | Critic Loss = 1.877648115158081 | Entropy Mean = -19.491655349731445 | Evaluator Episodes = 3907 | Evaluator Steps = 195350 | Learner Steps = 11931 | Learner Walltime = 2337.296 | Logits Neg = -16.174636840820312 | Logits Pos = -1.8719606399536133 | Logsumexp = 1.0538709163665771 | Steps Per Second = 1006.277
I0502 15:45:13.767425 139579566835264 terminal.py:91] [Evaluator] Actor Episodes = 15471 | Actor Steps = 773550 | Delta Dist = 11.924 | Delta Dist 10 = 8.474 | Delta Dist 100 = 9.481 | Delta Dist 1000 = 10.820 | Episode Length = 50 | Episode Return = 32.0 | Evaluator Episodes = 3909 | Evaluator Steps = 195450 | Final Dist = 0.882 | Final Dist 10 = 4.332 | Final Dist 100 = 3.325 | Final Dist 1000 = 1.986 | Init Dist = 12.806 | Init Dist 10 = 12.806 | Init Dist 100 = 12.806 | Init Dist 1000 = 12.806 | Learner Steps = 11929 | Learner Walltime = 2337.137 | Min Dist = 0.146 | Min Dist 10 = 3.700 | Min Dist 100 = 2.587 | Min Dist 1000 = 1.246 | Steps Per Second = 72.806 | Success = 1.000 | Success 1000 = 0.864
I0502 15:45:13.885638 139558059398720 terminal.py:91] [Actor] Actor Episodes = 15468 | Actor Steps = 773400 | Delta Dist = 9.308 | Delta Dist 10 = 3.634 | Delta Dist 100 = 3.930 | Delta Dist 1000 = 4.273 | Episode Length = 50 | Episode Return = 38.0 | Evaluator Episodes = 3907 | Evaluator Steps = 195350 | Final Dist = 0.126 | Final Dist 10 = 0.727 | Final Dist 100 = 1.574 | Final Dist 1000 = 1.531 | Init Dist = 9.434 | Init Dist 10 = 4.361 | Init Dist 100 = 5.504 | Init Dist 1000 = 5.804 | Learner Steps = 11929 | Learner Walltime = 2337.137 | Min Dist = 0.038 | Min Dist 10 = 0.056 | Min Dist 100 = 0.195 | Min Dist 1000 = 0.218 | Steps Per Second = 77.615 | Success = 1.000 | Success 1000 = 0.990
I0502 15:45:15.003620 139579566835264 terminal.py:91] [Evaluator] Actor Episodes = 15477 | Actor Steps = 773850 | Delta Dist = 11.399 | Delta Dist 10 = 8.453 | Delta Dist 100 = 9.368 | Delta Dist 1000 = 10.814 | Episode Length = 50 | Episode Return = 9.0 | Evaluator Episodes = 3911 | Evaluator Steps = 195550 | Final Dist = 1.407 | Final Dist 10 = 4.353 | Final Dist 100 = 3.438 | Final Dist 1000 = 1.993 | Init Dist = 12.806 | Init Dist 10 = 12.806 | Init Dist 100 = 12.806 | Init Dist 1000 = 12.806 | Learner Steps = 11935 | Learner Walltime = 2338.334 | Min Dist = 0.317 | Min Dist 10 = 3.720 | Min Dist 100 = 2.687 | Min Dist 1000 = 1.251 | Steps Per Second = 78.525 | Success = 1.000 | Success 1000 = 0.864
I0502 15:45:16.295473 139569349502528 terminal.py:91] [Actor] Actor Episodes = 15482 | Actor Steps = 774100 | Delta Dist = 0.733 | Delta Dist 10 = 7.066 | Delta Dist 100 = 4.438 | Delta Dist 1000 = 4.301 | Episode Length = 50 | Episode Return = 23.0 | Evaluator Episodes = 3911 | Evaluator Steps = 195550 | Final Dist = 1.503 | Final Dist 10 = 1.667 | Final Dist 100 = 1.427 | Final Dist 1000 = 1.530 | Init Dist = 2.236 | Init Dist 10 = 8.733 | Init Dist 100 = 5.865 | Init Dist 1000 = 5.831 | Learner Steps = 11935 | Learner Walltime = 2338.334 | Min Dist = 0.008 | Min Dist 10 = 0.046 | Min Dist 100 = 0.099 | Min Dist 1000 = 0.211 | Steps Per Second = 64.104 | Success = 1.000 | Success 1000 = 0.990
I0502 15:45:16.404843 139579566835264 terminal.py:91] [Evaluator] Actor Episodes = 15485 | Actor Steps = 774250 | Delta Dist = 1.441 | Delta Dist 10 = 9.542 | Delta Dist 100 = 9.361 | Delta Dist 1000 = 10.812 | Episode Length = 50 | Episode Return = 0.0 | Evaluator Episodes = 3913 | Evaluator Steps = 195650 | Final Dist = 11.365 | Final Dist 10 = 3.264 | Final Dist 100 = 3.445 | Final Dist 1000 = 1.994 | Init Dist = 12.806 | Init Dist 10 = 12.806 | Init Dist 100 = 12.806 | Init Dist 1000 = 12.806 | Learner Steps = 11941 | Learner Walltime = 2339.831 | Min Dist = 10.843 | Min Dist 10 = 2.477 | Min Dist 100 = 2.683 | Min Dist 1000 = 1.252 | Steps Per Second = 80.772 | Success = 0.000 | Success 1000 = 0.864
I0502 15:45:16.978928 139555860620864 terminal.py:91] [Actor] Actor Episodes = 15486 | Actor Steps = 774300 | Delta Dist = 4.326 | Delta Dist 10 = 6.763 | Delta Dist 100 = 4.390 | Delta Dist 1000 = 4.303 | Episode Length = 50 | Episode Return = 37.0 | Evaluator Episodes = 3911 | Evaluator Steps = 195550 | Final Dist = 0.146 | Final Dist 10 = 1.267 | Final Dist 100 = 1.408 | Final Dist 1000 = 1.530 | Init Dist = 4.472 | Init Dist 10 = 8.030 | Init Dist 100 = 5.797 | Init Dist 1000 = 5.832 | Learner Steps = 11941 | Learner Walltime = 2339.831 | Min Dist = 0.146 | Min Dist 10 = 0.054 | Min Dist 100 = 0.102 | Min Dist 1000 = 0.211 | Steps Per Second = 78.022 | Success = 1.000 | Success 1000 = 0.991
I0502 15:45:17.131743 139557462840896 terminal.py:91] [Actor] Actor Episodes = 15488 | Actor Steps = 774400 | Delta Dist = 2.667 | Delta Dist 10 = 6.394 | Delta Dist 100 = 4.413 | Delta Dist 1000 = 4.306 | Episode Length = 50 | Episode Return = 35.0 | Evaluator Episodes = 3913 | Evaluator Steps = 195650 | Final Dist = 0.161 | Final Dist 10 = 1.177 | Final Dist 100 = 1.407 | Final Dist 1000 = 1.530 | Init Dist = 2.828 | Init Dist 10 = 7.572 | Init Dist 100 = 5.820 | Init Dist 1000 = 5.836 | Learner Steps = 11941 | Learner Walltime = 2339.831 | Min Dist = 0.024 | Min Dist 10 = 0.068 | Min Dist 100 = 0.103 | Min Dist 1000 = 0.211 | Steps Per Second = 71.528 | Success = 1.000 | Success 1000 = 0.991
I0502 15:45:17.757399 139579566835264 terminal.py:91] [Evaluator] Actor Episodes = 15493 | Actor Steps = 774650 | Delta Dist = 12.168 | Delta Dist 10 = 8.394 | Delta Dist 100 = 9.355 | Delta Dist 1000 = 10.802 | Episode Length = 50 | Episode Return = 14.0 | Evaluator Episodes = 3915 | Evaluator Steps = 195750 | Final Dist = 0.638 | Final Dist 10 = 4.412 | Final Dist 100 = 3.451 | Final Dist 1000 = 2.005 | Init Dist = 12.806 | Init Dist 10 = 12.806 | Init Dist 100 = 12.806 | Init Dist 1000 = 12.806 | Learner Steps = 11947 | Learner Walltime = 2341.040 | Min Dist = 0.084 | Min Dist 10 = 3.548 | Min Dist 100 = 2.688 | Min Dist 1000 = 1.262 | Steps Per Second = 75.705 | Success = 1.000 | Success 1000 = 0.863
I0502 15:45:18.985072 139584504182336 lp_utils.py:96] StepsLimiter: Reached 774950 recorded steps
I0502 15:45:19.085394 139579566835264 terminal.py:91] [Evaluator] Actor Episodes = 15501 | Actor Steps = 775050 | Delta Dist = 12.398 | Delta Dist 10 = 9.147 | Delta Dist 100 = 9.365 | Delta Dist 1000 = 10.803 | Episode Length = 50 | Episode Return = 11.0 | Evaluator Episodes = 3917 | Evaluator Steps = 195850 | Final Dist = 0.408 | Final Dist 10 = 3.659 | Final Dist 100 = 3.441 | Final Dist 1000 = 2.004 | Init Dist = 12.806 | Init Dist 10 = 12.806 | Init Dist 100 = 12.806 | Init Dist 1000 = 12.806 | Learner Steps = 11952 | Learner Walltime = 2342.058 | Min Dist = 0.216 | Min Dist 10 = 2.888 | Min Dist 100 = 2.673 | Min Dist 1000 = 1.262 | Steps Per Second = 76.427 | Success = 1.000 | Success 1000 = 0.863
I0502 15:45:20.474998 139579566835264 terminal.py:91] [Evaluator] Actor Episodes = 15509 | Actor Steps = 775450 | Delta Dist = 11.115 | Delta Dist 10 = 9.743 | Delta Dist 100 = 9.374 | Delta Dist 1000 = 10.810 | Episode Length = 50 | Episode Return = 7.0 | Evaluator Episodes = 3919 | Evaluator Steps = 195950 | Final Dist = 1.691 | Final Dist 10 = 3.063 | Final Dist 100 = 3.433 | Final Dist 1000 = 1.997 | Init Dist = 12.806 | Init Dist 10 = 12.806 | Init Dist 100 = 12.806 | Init Dist 1000 = 12.806 | Learner Steps = 11962 | Learner Walltime = 2344.465 | Min Dist = 0.014 | Min Dist 10 = 2.281 | Min Dist 100 = 2.668 | Min Dist 1000 = 1.255 | Steps Per Second = 77.766 | Success = 1.000 | Success 1000 = 0.864
I0502 15:45:21.682855 139579566835264 terminal.py:91] [Evaluator] Actor Episodes = 15515 | Actor Steps = 775750 | Delta Dist = 11.502 | Delta Dist 10 = 9.786 | Delta Dist 100 = 9.268 | Delta Dist 1000 = 10.799 | Episode Length = 50 | Episode Return = 15.0 | Evaluator Episodes = 3921 | Evaluator Steps = 196050 | Final Dist = 1.304 | Final Dist 10 = 3.020 | Final Dist 100 = 3.539 | Final Dist 1000 = 2.007 | Init Dist = 12.806 | Init Dist 10 = 12.806 | Init Dist 100 = 12.806 | Init Dist 1000 = 12.806 | Learner Steps = 11968 | Learner Walltime = 2345.495 | Min Dist = 0.172 | Min Dist 10 = 2.273 | Min Dist 100 = 2.773 | Min Dist 1000 = 1.266 | Steps Per Second = 80.771 | Success = 1.000 | Success 1000 = 0.863
I0502 15:45:22.903115 139579566835264 terminal.py:91] [Evaluator] Actor Episodes = 15523 | Actor Steps = 776150 | Delta Dist = 5.072 | Delta Dist 10 = 9.734 | Delta Dist 100 = 9.264 | Delta Dist 1000 = 10.805 | Episode Length = 50 | Episode Return = 0.0 | Evaluator Episodes = 3923 | Evaluator Steps = 196150 | Final Dist = 7.734 | Final Dist 10 = 3.073 | Final Dist 100 = 3.542 | Final Dist 1000 = 2.001 | Init Dist = 12.806 | Init Dist 10 = 12.806 | Init Dist 100 = 12.806 | Init Dist 1000 = 12.806 | Learner Steps = 11973 | Learner Walltime = 2346.722 | Min Dist = 6.823 | Min Dist 10 = 2.259 | Min Dist 100 = 2.772 | Min Dist 1000 = 1.258 | Steps Per Second = 88.132 | Success = 0.000 | Success 1000 = 0.864
I0502 15:45:23.134961 139555013154368 terminal.py:91] [Learner] Actor Episodes = 15521 | Actor Loss = 3.609285831451416 | Actor Steps = 776050 | Binary Accuracy = 0.9961254596710205 | Categorical Accuracy = 0.4521484375 | Critic Loss = 1.8825327157974243 | Entropy Mean = -19.59060287475586 | Evaluator Episodes = 3921 | Evaluator Steps = 196050 | Learner Steps = 11977 | Learner Walltime = 2347.332 | Logits Neg = -16.141204833984375 | Logits Pos = -1.8851425647735596 | Logsumexp = 1.2668871879577637 | Steps Per Second = 1238.599
I0502 15:45:23.959792 139558059398720 terminal.py:91] [Actor] Actor Episodes = 15531 | Actor Steps = 776550 | Delta Dist = 2.700 | Delta Dist 10 = 4.921 | Delta Dist 100 = 4.234 | Delta Dist 1000 = 4.283 | Episode Length = 50 | Episode Return = 0.0 | Evaluator Episodes = 3923 | Evaluator Steps = 196150 | Final Dist = 0.300 | Final Dist 10 = 1.699 | Final Dist 100 = 1.592 | Final Dist 1000 = 1.553 | Init Dist = 3.000 | Init Dist 10 = 6.619 | Init Dist 100 = 5.826 | Init Dist 1000 = 5.835 | Learner Steps = 11979 | Learner Walltime = 2347.971 | Min Dist = 0.067 | Min Dist 10 = 0.171 | Min Dist 100 = 0.196 | Min Dist 1000 = 0.220 | Steps Per Second = 75.202 | Success = 1.000 | Success 1000 = 0.992
I0502 15:45:24.264384 139579566835264 terminal.py:91] [Evaluator] Actor Episodes = 15531 | Actor Steps = 776550 | Delta Dist = 12.485 | Delta Dist 10 = 10.027 | Delta Dist 100 = 9.199 | Delta Dist 1000 = 10.796 | Episode Length = 50 | Episode Return = 20.0 | Evaluator Episodes = 3925 | Evaluator Steps = 196250 | Final Dist = 0.322 | Final Dist 10 = 2.779 | Final Dist 100 = 3.608 | Final Dist 1000 = 2.010 | Init Dist = 12.806 | Init Dist 10 = 12.806 | Init Dist 100 = 12.806 | Init Dist 1000 = 12.806 | Learner Steps = 11979 | Learner Walltime = 2347.971 | Min Dist = 0.322 | Min Dist 10 = 1.918 | Min Dist 100 = 2.844 | Min Dist 1000 = 1.265 | Steps Per Second = 72.709 | Success = 1.000 | Success 1000 = 0.863
I0502 15:45:25.607706 139579566835264 terminal.py:91] [Evaluator] Actor Episodes = 15539 | Actor Steps = 776950 | Delta Dist = 12.348 | Delta Dist 10 = 10.045 | Delta Dist 100 = 9.208 | Delta Dist 1000 = 10.796 | Episode Length = 50 | Episode Return = 12.0 | Evaluator Episodes = 3927 | Evaluator Steps = 196350 | Final Dist = 0.459 | Final Dist 10 = 2.761 | Final Dist 100 = 3.599 | Final Dist 1000 = 2.010 | Init Dist = 12.806 | Init Dist 10 = 12.806 | Init Dist 100 = 12.806 | Init Dist 1000 = 12.806 | Learner Steps = 11986 | Learner Walltime = 2349.351 | Min Dist = 0.223 | Min Dist 10 = 1.959 | Min Dist 100 = 2.848 | Min Dist 1000 = 1.266 | Steps Per Second = 71.457 | Success = 1.000 | Success 1000 = 0.863
I0502 15:45:26.511599 139569349502528 terminal.py:91] [Actor] Actor Episodes = 15545 | Actor Steps = 777250 | Delta Dist = 7.765 | Delta Dist 10 = 4.218 | Delta Dist 100 = 4.369 | Delta Dist 1000 = 4.301 | Episode Length = 50 | Episode Return = 22.0 | Evaluator Episodes = 3927 | Evaluator Steps = 196350 | Final Dist = 1.179 | Final Dist 10 = 1.843 | Final Dist 100 = 1.569 | Final Dist 1000 = 1.545 | Init Dist = 8.944 | Init Dist 10 = 6.061 | Init Dist 100 = 5.938 | Init Dist 1000 = 5.846 | Learner Steps = 11991 | Learner Walltime = 2350.689 | Min Dist = 0.167 | Min Dist 10 = 0.082 | Min Dist 100 = 0.190 | Min Dist 1000 = 0.220 | Steps Per Second = 65.945 | Success = 1.000 | Success 1000 = 0.993
I0502 15:45:26.835748 139579566835264 terminal.py:91] [Evaluator] Actor Episodes = 15547 | Actor Steps = 777350 | Delta Dist = 12.173 | Delta Dist 10 = 8.979 | Delta Dist 100 = 9.103 | Delta Dist 1000 = 10.792 | Episode Length = 50 | Episode Return = 28.0 | Evaluator Episodes = 3929 | Evaluator Steps = 196450 | Final Dist = 0.634 | Final Dist 10 = 3.828 | Final Dist 100 = 3.703 | Final Dist 1000 = 2.014 | Init Dist = 12.806 | Init Dist 10 = 12.806 | Init Dist 100 = 12.806 | Init Dist 1000 = 12.806 | Learner Steps = 11991 | Learner Walltime = 2350.689 | Min Dist = 0.074 | Min Dist 10 = 3.061 | Min Dist 100 = 2.958 | Min Dist 1000 = 1.270 | Steps Per Second = 76.194 | Success = 1.000 | Success 1000 = 0.863
I0502 15:45:27.083578 139555860620864 terminal.py:91] [Actor] Actor Episodes = 15551 | Actor Steps = 777550 | Delta Dist = -12.201 | Delta Dist 10 = 4.230 | Delta Dist 100 = 4.379 | Delta Dist 1000 = 4.307 | Episode Length = 50 | Episode Return = 33.0 | Evaluator Episodes = 3929 | Evaluator Steps = 196450 | Final Dist = 12.201 | Final Dist 10 = 2.784 | Final Dist 100 = 1.672 | Final Dist 1000 = 1.556 | Init Dist = 0.000 | Init Dist 10 = 7.014 | Init Dist 100 = 6.051 | Init Dist 1000 = 5.863 | Learner Steps = 11991 | Learner Walltime = 2350.689 | Min Dist = 0.000 | Min Dist 10 = 0.062 | Min Dist 100 = 0.190 | Min Dist 1000 = 0.220 | Steps Per Second = 72.702 | Success = 1.000 | Success 1000 = 0.993
I0502 15:45:27.622588 139557462840896 terminal.py:91] [Actor] Actor Episodes = 15550 | Actor Steps = 777500 | Delta Dist = 2.739 | Delta Dist 10 = 1.448 | Delta Dist 100 = 4.025 | Delta Dist 1000 = 4.275 | Episode Length = 50 | Episode Return = 50.0 | Evaluator Episodes = 3929 | Evaluator Steps = 196450 | Final Dist = 0.261 | Final Dist 10 = 4.978 | Final Dist 100 = 1.934 | Final Dist 1000 = 1.584 | Init Dist = 3.000 | Init Dist 10 = 6.426 | Init Dist 100 = 5.959 | Init Dist 1000 = 5.859 | Learner Steps = 11991 | Learner Walltime = 2350.689 | Min Dist = 0.008 | Min Dist 10 = 0.107 | Min Dist 100 = 0.191 | Min Dist 1000 = 0.220 | Steps Per Second = 88.826 | Success = 1.000 | Success 1000 = 0.993
I0502 15:45:27.954296 139579566835264 terminal.py:91] [Evaluator] Actor Episodes = 15555 | Actor Steps = 777750 | Delta Dist = 12.471 | Delta Dist 10 = 10.044 | Delta Dist 100 = 9.108 | Delta Dist 1000 = 10.792 | Episode Length = 50 | Episode Return = 15.0 | Evaluator Episodes = 3931 | Evaluator Steps = 196550 | Final Dist = 0.335 | Final Dist 10 = 2.763 | Final Dist 100 = 3.699 | Final Dist 1000 = 2.014 | Init Dist = 12.806 | Init Dist 10 = 12.806 | Init Dist 100 = 12.806 | Init Dist 1000 = 12.806 | Learner Steps = 11998 | Learner Walltime = 2351.939 | Min Dist = 0.289 | Min Dist 10 = 2.033 | Min Dist 100 = 2.955 | Min Dist 1000 = 1.269 | Steps Per Second = 83.205 | Success = 1.000 | Success 1000 = 0.863
I0502 15:45:29.003297 139584504182336 lp_utils.py:96] StepsLimiter: Reached 777950 recorded steps
I0502 15:45:29.184273 139579566835264 terminal.py:91] [Evaluator] Actor Episodes = 15563 | Actor Steps = 778150 | Delta Dist = 11.439 | Delta Dist 10 = 10.255 | Delta Dist 100 = 9.293 | Delta Dist 1000 = 10.794 | Episode Length = 50 | Episode Return = 8.0 | Evaluator Episodes = 3933 | Evaluator Steps = 196650 | Final Dist = 1.367 | Final Dist 10 = 2.552 | Final Dist 100 = 3.513 | Final Dist 1000 = 2.012 | Init Dist = 12.806 | Init Dist 10 = 12.806 | Init Dist 100 = 12.806 | Init Dist 1000 = 12.806 | Learner Steps = 12004 | Learner Walltime = 2353.363 | Min Dist = 0.268 | Min Dist 10 = 2.043 | Min Dist 100 = 2.793 | Min Dist 1000 = 1.269 | Steps Per Second = 79.619 | Success = 1.000 | Success 1000 = 0.863
I0502 15:45:30.481316 139579566835264 terminal.py:91] [Evaluator] Actor Episodes = 15571 | Actor Steps = 778550 | Delta Dist = 11.625 | Delta Dist 10 = 10.929 | Delta Dist 100 = 9.286 | Delta Dist 1000 = 10.799 | Episode Length = 50 | Episode Return = 2.0 | Evaluator Episodes = 3935 | Evaluator Steps = 196750 | Final Dist = 1.181 | Final Dist 10 = 1.877 | Final Dist 100 = 3.521 | Final Dist 1000 = 2.008 | Init Dist = 12.806 | Init Dist 10 = 12.806 | Init Dist 100 = 12.806 | Init Dist 1000 = 12.806 | Learner Steps = 12004 | Learner Walltime = 2353.363 | Min Dist = 0.154 | Min Dist 10 = 1.324 | Min Dist 100 = 2.796 | Min Dist 1000 = 1.264 | Steps Per Second = 73.656 | Success = 1.000 | Success 1000 = 0.864
I0502 15:45:31.593515 139579566835264 terminal.py:91] [Evaluator] Actor Episodes = 15575 | Actor Steps = 778750 | Delta Dist = 11.515 | Delta Dist 10 = 10.794 | Delta Dist 100 = 9.384 | Delta Dist 1000 = 10.799 | Episode Length = 50 | Episode Return = 8.0 | Evaluator Episodes = 3937 | Evaluator Steps = 196850 | Final Dist = 1.291 | Final Dist 10 = 2.012 | Final Dist 100 = 3.422 | Final Dist 1000 = 2.008 | Init Dist = 12.806 | Init Dist 10 = 12.806 | Init Dist 100 = 12.806 | Init Dist 1000 = 12.806 | Learner Steps = 12017 | Learner Walltime = 2355.786 | Min Dist = 0.408 | Min Dist 10 = 1.331 | Min Dist 100 = 2.695 | Min Dist 1000 = 1.264 | Steps Per Second = 87.255 | Success = 1.000 | Success 1000 = 0.864
I0502 15:45:32.685379 139579566835264 terminal.py:91] [Evaluator] Actor Episodes = 15583 | Actor Steps = 779150 | Delta Dist = 6.800 | Delta Dist 10 = 11.744 | Delta Dist 100 = 9.462 | Delta Dist 1000 = 10.797 | Episode Length = 50 | Episode Return = 0.0 | Evaluator Episodes = 3939 | Evaluator Steps = 196950 | Final Dist = 6.006 | Final Dist 10 = 1.062 | Final Dist 100 = 3.345 | Final Dist 1000 = 2.009 | Init Dist = 12.806 | Init Dist 10 = 12.806 | Init Dist 100 = 12.806 | Init Dist 1000 = 12.806 | Learner Steps = 12022 | Learner Walltime = 2356.812 | Min Dist = 6.006 | Min Dist 10 = 0.336 | Min Dist 100 = 2.605 | Min Dist 1000 = 1.264 | Steps Per Second = 95.697 | Success = 0.000 | Success 1000 = 0.864
I0502 15:45:33.180022 139555013154368 terminal.py:91] [Learner] Actor Episodes = 15583 | Actor Loss = 3.5090813636779785 | Actor Steps = 779150 | Binary Accuracy = 0.9959080219268799 | Categorical Accuracy = 0.412353515625 | Critic Loss = 1.967103123664856 | Entropy Mean = -21.315593719482422 | Evaluator Episodes = 3937 | Evaluator Steps = 196850 | Learner Steps = 12024 | Learner Walltime = 2357.375 | Logits Neg = -15.947338104248047 | Logits Pos = -1.935133695602417 | Logsumexp = 1.2762258052825928 | Steps Per Second = 297.252
I0502 15:45:33.906661 139579566835264 terminal.py:91] [Evaluator] Actor Episodes = 15591 | Actor Steps = 779550 | Delta Dist = 11.667 | Delta Dist 10 = 10.573 | Delta Dist 100 = 9.335 | Delta Dist 1000 = 10.784 | Episode Length = 50 | Episode Return = 8.0 | Evaluator Episodes = 3941 | Evaluator Steps = 197050 | Final Dist = 1.140 | Final Dist 10 = 2.233 | Final Dist 100 = 3.471 | Final Dist 1000 = 2.022 | Init Dist = 12.806 | Init Dist 10 = 12.806 | Init Dist 100 = 12.806 | Init Dist 1000 = 12.806 | Learner Steps = 12027 | Learner Walltime = 2358.025 | Min Dist = 0.219 | Min Dist 10 = 1.597 | Min Dist 100 = 2.735 | Min Dist 1000 = 1.277 | Steps Per Second = 92.736 | Success = 1.000 | Success 1000 = 0.862
I0502 15:45:34.369679 139558059398720 terminal.py:91] [Actor] Actor Episodes = 15593 | Actor Steps = 779650 | Delta Dist = -3.924 | Delta Dist 10 = 2.724 | Delta Dist 100 = 3.555 | Delta Dist 1000 = 4.229 | Episode Length = 50 | Episode Return = 0.0 | Evaluator Episodes = 3941 | Evaluator Steps = 197050 | Final Dist = 11.135 | Final Dist 10 = 2.233 | Final Dist 100 = 2.182 | Final Dist 1000 = 1.623 | Init Dist = 7.211 | Init Dist 10 = 4.957 | Init Dist 100 = 5.737 | Init Dist 1000 = 5.852 | Learner Steps = 12027 | Learner Walltime = 2358.025 | Min Dist = 0.003 | Min Dist 10 = 0.209 | Min Dist 100 = 0.306 | Min Dist 1000 = 0.240 | Steps Per Second = 74.964 | Success = 1.000 | Success 1000 = 0.990
I0502 15:45:35.174230 139579566835264 terminal.py:91] [Evaluator] Actor Episodes = 15599 | Actor Steps = 779950 | Delta Dist = 12.325 | Delta Dist 10 = 10.443 | Delta Dist 100 = 9.453 | Delta Dist 1000 = 10.805 | Episode Length = 50 | Episode Return = 16.0 | Evaluator Episodes = 3943 | Evaluator Steps = 197150 | Final Dist = 0.481 | Final Dist 10 = 2.363 | Final Dist 100 = 3.354 | Final Dist 1000 = 2.001 | Init Dist = 12.806 | Init Dist 10 = 12.806 | Init Dist 100 = 12.806 | Init Dist 1000 = 12.806 | Learner Steps = 12033 | Learner Walltime = 2359.275 | Min Dist = 0.234 | Min Dist 10 = 1.620 | Min Dist 100 = 2.632 | Min Dist 1000 = 1.256 | Steps Per Second = 84.206 | Success = 1.000 | Success 1000 = 0.864
I0502 15:45:36.534126 139579566835264 terminal.py:91] [Evaluator] Actor Episodes = 15607 | Actor Steps = 780350 | Delta Dist = 4.318 | Delta Dist 10 = 10.564 | Delta Dist 100 = 9.579 | Delta Dist 1000 = 10.804 | Episode Length = 50 | Episode Return = 0.0 | Evaluator Episodes = 3945 | Evaluator Steps = 197250 | Final Dist = 8.488 | Final Dist 10 = 2.242 | Final Dist 100 = 3.227 | Final Dist 1000 = 2.002 | Init Dist = 12.806 | Init Dist 10 = 12.806 | Init Dist 100 = 12.806 | Init Dist 1000 = 12.806 | Learner Steps = 12039 | Learner Walltime = 2360.458 | Min Dist = 6.271 | Min Dist 10 = 1.615 | Min Dist 100 = 2.514 | Min Dist 1000 = 1.256 | Steps Per Second = 71.239 | Success = 0.000 | Success 1000 = 0.864
I0502 15:45:37.172680 139569349502528 terminal.py:91] [Actor] Actor Episodes = 15611 | Actor Steps = 780550 | Delta Dist = 2.921 | Delta Dist 10 = 5.288 | Delta Dist 100 = 3.709 | Delta Dist 1000 = 4.228 | Episode Length = 50 | Episode Return = 22.0 | Evaluator Episodes = 3945 | Evaluator Steps = 197250 | Final Dist = 1.202 | Final Dist 10 = 0.788 | Final Dist 100 = 2.035 | Final Dist 1000 = 1.622 | Init Dist = 4.123 | Init Dist 10 = 6.076 | Init Dist 100 = 5.744 | Init Dist 1000 = 5.851 | Learner Steps = 12039 | Learner Walltime = 2360.458 | Min Dist = 0.094 | Min Dist 10 = 0.121 | Min Dist 100 = 0.294 | Min Dist 1000 = 0.240 | Steps Per Second = 69.332 | Success = 1.000 | Success 1000 = 0.990
I0502 15:45:37.570707 139555860620864 terminal.py:91] [Actor] Actor Episodes = 15615 | Actor Steps = 780750 | Delta Dist = 3.505 | Delta Dist 10 = 4.944 | Delta Dist 100 = 3.639 | Delta Dist 1000 = 4.227 | Episode Length = 50 | Episode Return = 27.0 | Evaluator Episodes = 3945 | Evaluator Steps = 197250 | Final Dist = 1.495 | Final Dist 10 = 0.837 | Final Dist 100 = 2.024 | Final Dist 1000 = 1.621 | Init Dist = 5.000 | Init Dist 10 = 5.781 | Init Dist 100 = 5.663 | Init Dist 1000 = 5.848 | Learner Steps = 12044 | Learner Walltime = 2361.635 | Min Dist = 0.061 | Min Dist 10 = 0.113 | Min Dist 100 = 0.294 | Min Dist 1000 = 0.240 | Steps Per Second = 68.289 | Success = 1.000 | Success 1000 = 0.990
I0502 15:45:37.726980 139579566835264 terminal.py:91] [Evaluator] Actor Episodes = 15615 | Actor Steps = 780750 | Delta Dist = -0.028 | Delta Dist 10 = 9.843 | Delta Dist 100 = 9.504 | Delta Dist 1000 = 10.796 | Episode Length = 50 | Episode Return = 0.0 | Evaluator Episodes = 3947 | Evaluator Steps = 197350 | Final Dist = 12.834 | Final Dist 10 = 2.963 | Final Dist 100 = 3.302 | Final Dist 1000 = 2.010 | Init Dist = 12.806 | Init Dist 10 = 12.806 | Init Dist 100 = 12.806 | Init Dist 1000 = 12.806 | Learner Steps = 12044 | Learner Walltime = 2361.635 | Min Dist = 12.347 | Min Dist 10 = 2.192 | Min Dist 100 = 2.574 | Min Dist 1000 = 1.262 | Steps Per Second = 112.494 | Success = 0.000 | Success 1000 = 0.863
I0502 15:45:38.005451 139557462840896 terminal.py:91] [Actor] Actor Episodes = 15614 | Actor Steps = 780700 | Delta Dist = 5.725 | Delta Dist 10 = 4.308 | Delta Dist 100 = 3.621 | Delta Dist 1000 = 4.219 | Episode Length = 50 | Episode Return = 35.0 | Evaluator Episodes = 3945 | Evaluator Steps = 197250 | Final Dist = 0.275 | Final Dist 10 = 0.530 | Final Dist 100 = 2.021 | Final Dist 1000 = 1.619 | Init Dist = 6.000 | Init Dist 10 = 4.837 | Init Dist 100 = 5.643 | Init Dist 1000 = 5.838 | Learner Steps = 12039 | Learner Walltime = 2360.458 | Min Dist = 0.210 | Min Dist 10 = 0.083 | Min Dist 100 = 0.292 | Min Dist 1000 = 0.240 | Steps Per Second = 76.301 | Success = 1.000 | Success 1000 = 0.990
I0502 15:45:39.019377 139584504182336 lp_utils.py:96] StepsLimiter: Reached 781050 recorded steps
I0502 15:45:39.166329 139579566835264 terminal.py:91] [Evaluator] Actor Episodes = 15623 | Actor Steps = 781150 | Delta Dist = 12.587 | Delta Dist 10 = 8.822 | Delta Dist 100 = 9.386 | Delta Dist 1000 = 10.785 | Episode Length = 50 | Episode Return = 20.0 | Evaluator Episodes = 3949 | Evaluator Steps = 197450 | Final Dist = 0.219 | Final Dist 10 = 3.984 | Final Dist 100 = 3.420 | Final Dist 1000 = 2.022 | Init Dist = 12.806 | Init Dist 10 = 12.806 | Init Dist 100 = 12.806 | Init Dist 1000 = 12.806 | Learner Steps = 12048 | Learner Walltime = 2362.664 | Min Dist = 0.034 | Min Dist 10 = 3.298 | Min Dist 100 = 2.695 | Min Dist 1000 = 1.275 | Steps Per Second = 68.915 | Success = 1.000 | Success 1000 = 0.862
I0502 15:45:40.560951 139579566835264 terminal.py:91] [Evaluator] Actor Episodes = 15631 | Actor Steps = 781550 | Delta Dist = 11.384 | Delta Dist 10 = 10.133 | Delta Dist 100 = 9.407 | Delta Dist 1000 = 10.787 | Episode Length = 50 | Episode Return = 15.0 | Evaluator Episodes = 3951 | Evaluator Steps = 197550 | Final Dist = 1.423 | Final Dist 10 = 2.673 | Final Dist 100 = 3.399 | Final Dist 1000 = 2.020 | Init Dist = 12.806 | Init Dist 10 = 12.806 | Init Dist 100 = 12.806 | Init Dist 1000 = 12.806 | Learner Steps = 12054 | Learner Walltime = 2363.684 | Min Dist = 0.039 | Min Dist 10 = 2.002 | Min Dist 100 = 2.685 | Min Dist 1000 = 1.274 | Steps Per Second = 76.498 | Success = 1.000 | Success 1000 = 0.862
I0502 15:45:41.916659 139579566835264 terminal.py:91] [Evaluator] Actor Episodes = 15639 | Actor Steps = 781950 | Delta Dist = 11.788 | Delta Dist 10 = 10.098 | Delta Dist 100 = 9.519 | Delta Dist 1000 = 10.786 | Episode Length = 50 | Episode Return = 11.0 | Evaluator Episodes = 3953 | Evaluator Steps = 197650 | Final Dist = 1.019 | Final Dist 10 = 2.709 | Final Dist 100 = 3.287 | Final Dist 1000 = 2.021 | Init Dist = 12.806 | Init Dist 10 = 12.806 | Init Dist 100 = 12.806 | Init Dist 1000 = 12.806 | Learner Steps = 12058 | Learner Walltime = 2364.858 | Min Dist = 0.242 | Min Dist 10 = 1.960 | Min Dist 100 = 2.578 | Min Dist 1000 = 1.274 | Steps Per Second = 76.401 | Success = 1.000 | Success 1000 = 0.862
I0502 15:45:42.774535 139583350109760 savers.py:156] Saving checkpoint: logs/contrastive_cpc_point_FourRooms_64/5dd72662-2788-11f0-b183-d85ed38c5779/checkpoints/learner
I0502 15:45:43.329299 139555013154368 terminal.py:91] [Learner] Actor Episodes = 15645 | Actor Loss = 3.7024667263031006 | Actor Steps = 782250 | Binary Accuracy = 0.9960811138153076 | Categorical Accuracy = 0.4306640625 | Critic Loss = 1.8878055810928345 | Entropy Mean = -19.452619552612305 | Evaluator Episodes = 3953 | Evaluator Steps = 197650 | Learner Steps = 12069 | Learner Walltime = 2367.522 | Logits Neg = -16.240829467773438 | Logits Pos = -1.8781006336212158 | Logsumexp = 1.2267028093338013 | Steps Per Second = 117.836
I0502 15:45:43.352123 139579566835264 terminal.py:91] [Evaluator] Actor Episodes = 15647 | Actor Steps = 782350 | Delta Dist = 12.065 | Delta Dist 10 = 10.015 | Delta Dist 100 = 9.674 | Delta Dist 1000 = 10.785 | Episode Length = 50 | Episode Return = 11.0 | Evaluator Episodes = 3955 | Evaluator Steps = 197750 | Final Dist = 0.741 | Final Dist 10 = 2.791 | Final Dist 100 = 3.132 | Final Dist 1000 = 2.021 | Init Dist = 12.806 | Init Dist 10 = 12.806 | Init Dist 100 = 12.806 | Init Dist 1000 = 12.806 | Learner Steps = 12069 | Learner Walltime = 2367.522 | Min Dist = 0.209 | Min Dist 10 = 2.027 | Min Dist 100 = 2.413 | Min Dist 1000 = 1.275 | Steps Per Second = 68.485 | Success = 1.000 | Success 1000 = 0.862
I0502 15:45:44.671364 139584635659840 savers.py:156] Saving checkpoint: logs/contrastive_cpc_point_FourRooms_64/5dd72662-2788-11f0-b183-d85ed38c5779/checkpoints/counter
I0502 15:45:44.695944 139579566835264 terminal.py:91] [Evaluator] Actor Episodes = 15653 | Actor Steps = 782650 | Delta Dist = 12.261 | Delta Dist 10 = 10.809 | Delta Dist 100 = 9.791 | Delta Dist 1000 = 10.786 | Episode Length = 50 | Episode Return = 16.0 | Evaluator Episodes = 3957 | Evaluator Steps = 197850 | Final Dist = 0.545 | Final Dist 10 = 1.997 | Final Dist 100 = 3.016 | Final Dist 1000 = 2.020 | Init Dist = 12.806 | Init Dist 10 = 12.806 | Init Dist 100 = 12.806 | Init Dist 1000 = 12.806 | Learner Steps = 12069 | Learner Walltime = 2367.522 | Min Dist = 0.171 | Min Dist 10 = 1.425 | Min Dist 100 = 2.301 | Min Dist 1000 = 1.274 | Steps Per Second = 79.502 | Success = 1.000 | Success 1000 = 0.862
I0502 15:45:44.896478 139558059398720 terminal.py:91] [Actor] Actor Episodes = 15652 | Actor Steps = 782600 | Delta Dist = 1.780 | Delta Dist 10 = 3.355 | Delta Dist 100 = 4.061 | Delta Dist 1000 = 4.210 | Episode Length = 50 | Episode Return = 8.0 | Evaluator Episodes = 3955 | Evaluator Steps = 197750 | Final Dist = 1.048 | Final Dist 10 = 0.904 | Final Dist 100 = 1.388 | Final Dist 1000 = 1.625 | Init Dist = 2.828 | Init Dist 10 = 4.259 | Init Dist 100 = 5.449 | Init Dist 1000 = 5.835 | Learner Steps = 12069 | Learner Walltime = 2367.522 | Min Dist = 0.025 | Min Dist 10 = 0.092 | Min Dist 100 = 0.282 | Min Dist 1000 = 0.239 | Steps Per Second = 72.548 | Success = 1.000 | Success 1000 = 0.990
I0502 15:45:46.001324 139579566835264 terminal.py:91] [Evaluator] Actor Episodes = 15661 | Actor Steps = 783050 | Delta Dist = 3.775 | Delta Dist 10 = 11.931 | Delta Dist 100 = 9.897 | Delta Dist 1000 = 10.794 | Episode Length = 50 | Episode Return = 0.0 | Evaluator Episodes = 3959 | Evaluator Steps = 197950 | Final Dist = 9.031 | Final Dist 10 = 0.875 | Final Dist 100 = 2.910 | Final Dist 1000 = 2.013 | Init Dist = 12.806 | Init Dist 10 = 12.806 | Init Dist 100 = 12.806 | Init Dist 1000 = 12.806 | Learner Steps = 12076 | Learner Walltime = 2369.055 | Min Dist = 7.443 | Min Dist 10 = 0.223 | Min Dist 100 = 2.190 | Min Dist 1000 = 1.268 | Steps Per Second = 84.661 | Success = 0.000 | Success 1000 = 0.863
I0502 15:45:47.310157 139569349502528 terminal.py:91] [Actor] Actor Episodes = 15666 | Actor Steps = 783300 | Delta Dist = 10.308 | Delta Dist 10 = 6.243 | Delta Dist 100 = 4.373 | Delta Dist 1000 = 4.241 | Episode Length = 50 | Episode Return = 41.0 | Evaluator Episodes = 3959 | Evaluator Steps = 197950 | Final Dist = 0.463 | Final Dist 10 = 1.368 | Final Dist 100 = 1.179 | Final Dist 1000 = 1.620 | Init Dist = 10.770 | Init Dist 10 = 7.612 | Init Dist 100 = 5.552 | Init Dist 1000 = 5.860 | Learner Steps = 12083 | Learner Walltime = 2370.485 | Min Dist = 0.358 | Min Dist 10 = 0.053 | Min Dist 100 = 0.127 | Min Dist 1000 = 0.238 | Steps Per Second = 67.141 | Success = 1.000 | Success 1000 = 0.990
I0502 15:45:47.455672 139579566835264 terminal.py:91] [Evaluator] Actor Episodes = 15669 | Actor Steps = 783450 | Delta Dist = 11.781 | Delta Dist 10 = 10.956 | Delta Dist 100 = 9.921 | Delta Dist 1000 = 10.786 | Episode Length = 50 | Episode Return = 15.0 | Evaluator Episodes = 3961 | Evaluator Steps = 198050 | Final Dist = 1.026 | Final Dist 10 = 1.850 | Final Dist 100 = 2.885 | Final Dist 1000 = 2.020 | Init Dist = 12.806 | Init Dist 10 = 12.806 | Init Dist 100 = 12.806 | Init Dist 1000 = 12.806 | Learner Steps = 12089 | Learner Walltime = 2371.631 | Min Dist = 0.093 | Min Dist 10 = 0.964 | Min Dist 100 = 2.158 | Min Dist 1000 = 1.275 | Steps Per Second = 65.957 | Success = 1.000 | Success 1000 = 0.862
I0502 15:45:47.665985 139555860620864 terminal.py:91] [Actor] Actor Episodes = 15671 | Actor Steps = 783550 | Delta Dist = 1.059 | Delta Dist 10 = 5.914 | Delta Dist 100 = 4.402 | Delta Dist 1000 = 4.242 | Episode Length = 50 | Episode Return = 0.0 | Evaluator Episodes = 3961 | Evaluator Steps = 198050 | Final Dist = 6.012 | Final Dist 10 = 2.047 | Final Dist 100 = 1.248 | Final Dist 1000 = 1.626 | Init Dist = 7.071 | Init Dist 10 = 7.961 | Init Dist 100 = 5.650 | Init Dist 1000 = 5.868 | Learner Steps = 12089 | Learner Walltime = 2371.631 | Min Dist = 0.244 | Min Dist 10 = 0.084 | Min Dist 100 = 0.130 | Min Dist 1000 = 0.238 | Steps Per Second = 67.145 | Success = 1.000 | Success 1000 = 0.990
I0502 15:45:48.654127 139557462840896 terminal.py:91] [Actor] Actor Episodes = 15677 | Actor Steps = 783850 | Delta Dist = 4.481 | Delta Dist 10 = 3.171 | Delta Dist 100 = 4.332 | Delta Dist 1000 = 4.223 | Episode Length = 50 | Episode Return = 37.0 | Evaluator Episodes = 3961 | Evaluator Steps = 198050 | Final Dist = 0.905 | Final Dist 10 = 3.571 | Final Dist 100 = 1.338 | Final Dist 1000 = 1.646 | Init Dist = 5.385 | Init Dist 10 = 6.741 | Init Dist 100 = 5.671 | Init Dist 1000 = 5.869 | Learner Steps = 12093 | Learner Walltime = 2372.803 | Min Dist = 0.304 | Min Dist 10 = 0.193 | Min Dist 100 = 0.118 | Min Dist 1000 = 0.239 | Steps Per Second = 68.194 | Success = 1.000 | Success 1000 = 0.990
I0502 15:45:48.791314 139579566835264 terminal.py:91] [Evaluator] Actor Episodes = 15677 | Actor Steps = 783850 | Delta Dist = 8.916 | Delta Dist 10 = 10.965 | Delta Dist 100 = 9.924 | Delta Dist 1000 = 10.785 | Episode Length = 50 | Episode Return = 0.0 | Evaluator Episodes = 3963 | Evaluator Steps = 198150 | Final Dist = 3.890 | Final Dist 10 = 1.842 | Final Dist 100 = 2.882 | Final Dist 1000 = 2.021 | Init Dist = 12.806 | Init Dist 10 = 12.806 | Init Dist 100 = 12.806 | Init Dist 1000 = 12.806 | Learner Steps = 12093 | Learner Walltime = 2372.803 | Min Dist = 3.443 | Min Dist 10 = 0.972 | Min Dist 100 = 2.154 | Min Dist 1000 = 1.275 | Steps Per Second = 73.627 | Success = 0.000 | Success 1000 = 0.862
I0502 15:45:49.034278 139584504182336 lp_utils.py:96] StepsLimiter: Reached 783850 recorded steps
I0502 15:45:50.195483 139579566835264 terminal.py:91] [Evaluator] Actor Episodes = 15685 | Actor Steps = 784250 | Delta Dist = 11.358 | Delta Dist 10 = 10.666 | Delta Dist 100 = 9.892 | Delta Dist 1000 = 10.782 | Episode Length = 50 | Episode Return = 5.0 | Evaluator Episodes = 3965 | Evaluator Steps = 198250 | Final Dist = 1.448 | Final Dist 10 = 2.140 | Final Dist 100 = 2.914 | Final Dist 1000 = 2.024 | Init Dist = 12.806 | Init Dist 10 = 12.806 | Init Dist 100 = 12.806 | Init Dist 1000 = 12.806 | Learner Steps = 12099 | Learner Walltime = 2374.151 | Min Dist = 0.059 | Min Dist 10 = 1.238 | Min Dist 100 = 2.179 | Min Dist 1000 = 1.278 | Steps Per Second = 65.820 | Success = 1.000 | Success 1000 = 0.861
I0502 15:45:51.653829 139579566835264 terminal.py:91] [Evaluator] Actor Episodes = 15693 | Actor Steps = 784650 | Delta Dist = 5.545 | Delta Dist 10 = 10.557 | Delta Dist 100 = 9.947 | Delta Dist 1000 = 10.781 | Episode Length = 50 | Episode Return = 0.0 | Evaluator Episodes = 3967 | Evaluator Steps = 198350 | Final Dist = 7.261 | Final Dist 10 = 2.249 | Final Dist 100 = 2.859 | Final Dist 1000 = 2.025 | Init Dist = 12.806 | Init Dist 10 = 12.806 | Init Dist 100 = 12.806 | Init Dist 1000 = 12.806 | Learner Steps = 12105 | Learner Walltime = 2375.165 | Min Dist = 5.905 | Min Dist 10 = 1.220 | Min Dist 100 = 2.110 | Min Dist 1000 = 1.277 | Steps Per Second = 67.587 | Success = 0.000 | Success 1000 = 0.861
I0502 15:45:53.012513 139579566835264 terminal.py:91] [Evaluator] Actor Episodes = 15701 | Actor Steps = 785050 | Delta Dist = 11.832 | Delta Dist 10 = 9.977 | Delta Dist 100 = 9.888 | Delta Dist 1000 = 10.776 | Episode Length = 50 | Episode Return = 19.0 | Evaluator Episodes = 3969 | Evaluator Steps = 198450 | Final Dist = 0.974 | Final Dist 10 = 2.830 | Final Dist 100 = 2.918 | Final Dist 1000 = 2.030 | Init Dist = 12.806 | Init Dist 10 = 12.806 | Init Dist 100 = 12.806 | Init Dist 1000 = 12.806 | Learner Steps = 12110 | Learner Walltime = 2376.463 | Min Dist = 0.094 | Min Dist 10 = 1.818 | Min Dist 100 = 2.172 | Min Dist 1000 = 1.283 | Steps Per Second = 70.611 | Success = 1.000 | Success 1000 = 0.860
I0502 15:45:53.684486 139555013154368 terminal.py:91] [Learner] Actor Episodes = 15703 | Actor Loss = 3.5570507049560547 | Actor Steps = 785150 | Binary Accuracy = 0.9959812164306641 | Categorical Accuracy = 0.408935546875 | Critic Loss = 1.9814668893814087 | Entropy Mean = -17.92898178100586 | Evaluator Episodes = 3969 | Evaluator Steps = 198450 | Learner Steps = 12116 | Learner Walltime = 2377.881 | Logits Neg = -15.717759132385254 | Logits Pos = -1.9646649360656738 | Logsumexp = 1.231856107711792 | Steps Per Second = 148.930
I0502 15:45:54.399466 139579566835264 terminal.py:91] [Evaluator] Actor Episodes = 15709 | Actor Steps = 785450 | Delta Dist = 11.994 | Delta Dist 10 = 10.796 | Delta Dist 100 = 9.924 | Delta Dist 1000 = 10.777 | Episode Length = 50 | Episode Return = 26.0 | Evaluator Episodes = 3971 | Evaluator Steps = 198550 | Final Dist = 0.812 | Final Dist 10 = 2.010 | Final Dist 100 = 2.882 | Final Dist 1000 = 2.030 | Init Dist = 12.806 | Init Dist 10 = 12.806 | Init Dist 100 = 12.806 | Init Dist 1000 = 12.806 | Learner Steps = 12116 | Learner Walltime = 2377.881 | Min Dist = 0.178 | Min Dist 10 = 1.095 | Min Dist 100 = 2.129 | Min Dist 1000 = 1.283 | Steps Per Second = 72.765 | Success = 1.000 | Success 1000 = 0.860
I0502 15:45:55.442484 139558059398720 terminal.py:91] [Actor] Actor Episodes = 15715 | Actor Steps = 785750 | Delta Dist = 5.614 | Delta Dist 10 = 4.960 | Delta Dist 100 = 4.666 | Delta Dist 1000 = 4.219 | Episode Length = 50 | Episode Return = 35.0 | Evaluator Episodes = 3971 | Evaluator Steps = 198550 | Final Dist = 0.710 | Final Dist 10 = 1.054 | Final Dist 100 = 1.255 | Final Dist 1000 = 1.657 | Init Dist = 6.325 | Init Dist 10 = 6.014 | Init Dist 100 = 5.921 | Init Dist 1000 = 5.876 | Learner Steps = 12121 | Learner Walltime = 2378.955 | Min Dist = 0.058 | Min Dist 10 = 0.082 | Min Dist 100 = 0.094 | Min Dist 1000 = 0.240 | Steps Per Second = 82.945 | Success = 1.000 | Success 1000 = 0.990
I0502 15:45:55.591511 139579566835264 terminal.py:91] [Evaluator] Actor Episodes = 15717 | Actor Steps = 785850 | Delta Dist = 1.037 | Delta Dist 10 = 10.831 | Delta Dist 100 = 9.935 | Delta Dist 1000 = 10.777 | Episode Length = 50 | Episode Return = 0.0 | Evaluator Episodes = 3973 | Evaluator Steps = 198650 | Final Dist = 11.770 | Final Dist 10 = 1.975 | Final Dist 100 = 2.871 | Final Dist 1000 = 2.029 | Init Dist = 12.806 | Init Dist 10 = 12.806 | Init Dist 100 = 12.806 | Init Dist 1000 = 12.806 | Learner Steps = 12121 | Learner Walltime = 2378.955 | Min Dist = 10.875 | Min Dist 10 = 1.143 | Min Dist 100 = 2.125 | Min Dist 1000 = 1.283 | Steps Per Second = 83.026 | Success = 0.000 | Success 1000 = 0.860
I0502 15:45:56.854568 139579566835264 terminal.py:91] [Evaluator] Actor Episodes = 15725 | Actor Steps = 786250 | Delta Dist = 10.613 | Delta Dist 10 = 9.447 | Delta Dist 100 = 9.763 | Delta Dist 1000 = 10.760 | Episode Length = 50 | Episode Return = 0.0 | Evaluator Episodes = 3975 | Evaluator Steps = 198750 | Final Dist = 2.193 | Final Dist 10 = 3.359 | Final Dist 100 = 3.043 | Final Dist 1000 = 2.046 | Init Dist = 12.806 | Init Dist 10 = 12.806 | Init Dist 100 = 12.806 | Init Dist 1000 = 12.806 | Learner Steps = 12127 | Learner Walltime = 2380.294 | Min Dist = 2.193 | Min Dist 10 = 2.445 | Min Dist 100 = 2.290 | Min Dist 1000 = 1.299 | Steps Per Second = 78.162 | Success = 0.000 | Success 1000 = 0.858
I0502 15:45:57.527997 139569349502528 terminal.py:91] [Actor] Actor Episodes = 15729 | Actor Steps = 786450 | Delta Dist = 2.719 | Delta Dist 10 = 5.343 | Delta Dist 100 = 4.638 | Delta Dist 1000 = 4.227 | Episode Length = 50 | Episode Return = 31.0 | Evaluator Episodes = 3975 | Evaluator Steps = 198750 | Final Dist = 2.380 | Final Dist 10 = 3.151 | Final Dist 100 = 1.496 | Final Dist 1000 = 1.681 | Init Dist = 5.099 | Init Dist 10 = 8.494 | Init Dist 100 = 6.134 | Init Dist 1000 = 5.908 | Learner Steps = 12133 | Learner Walltime = 2381.716 | Min Dist = 0.475 | Min Dist 10 = 1.196 | Min Dist 100 = 0.202 | Min Dist 1000 = 0.251 | Steps Per Second = 75.538 | Success = 1.000 | Success 1000 = 0.989
I0502 15:45:58.165940 139555860620864 terminal.py:91] [Actor] Actor Episodes = 15728 | Actor Steps = 786400 | Delta Dist = 5.657 | Delta Dist 10 = 4.327 | Delta Dist 100 = 4.612 | Delta Dist 1000 = 4.229 | Episode Length = 50 | Episode Return = 17.0 | Evaluator Episodes = 3975 | Evaluator Steps = 198750 | Final Dist = 0.667 | Final Dist 10 = 3.341 | Final Dist 100 = 1.496 | Final Dist 1000 = 1.682 | Init Dist = 6.325 | Init Dist 10 = 7.668 | Init Dist 100 = 6.108 | Init Dist 1000 = 5.911 | Learner Steps = 12127 | Learner Walltime = 2380.294 | Min Dist = 0.114 | Min Dist 10 = 1.218 | Min Dist 100 = 0.207 | Min Dist 1000 = 0.251 | Steps Per Second = 67.245 | Success = 1.000 | Success 1000 = 0.989
I0502 15:45:58.229098 139579566835264 terminal.py:91] [Evaluator] Actor Episodes = 15733 | Actor Steps = 786650 | Delta Dist = 12.422 | Delta Dist 10 = 9.473 | Delta Dist 100 = 9.935 | Delta Dist 1000 = 10.760 | Episode Length = 50 | Episode Return = 35.0 | Evaluator Episodes = 3977 | Evaluator Steps = 198850 | Final Dist = 0.384 | Final Dist 10 = 3.334 | Final Dist 100 = 2.871 | Final Dist 1000 = 2.047 | Init Dist = 12.806 | Init Dist 10 = 12.806 | Init Dist 100 = 12.806 | Init Dist 1000 = 12.806 | Learner Steps = 12133 | Learner Walltime = 2381.716 | Min Dist = 0.145 | Min Dist 10 = 2.646 | Min Dist 100 = 2.134 | Min Dist 1000 = 1.301 | Steps Per Second = 76.266 | Success = 1.000 | Success 1000 = 0.857
I0502 15:45:58.895137 139557462840896 terminal.py:91] [Actor] Actor Episodes = 15734 | Actor Steps = 786700 | Delta Dist = 2.420 | Delta Dist 10 = 3.976 | Delta Dist 100 = 4.621 | Delta Dist 1000 = 4.224 | Episode Length = 50 | Episode Return = 41.0 | Evaluator Episodes = 3975 | Evaluator Steps = 198750 | Final Dist = 0.408 | Final Dist 10 = 2.162 | Final Dist 100 = 1.542 | Final Dist 1000 = 1.687 | Init Dist = 2.828 | Init Dist 10 = 6.138 | Init Dist 100 = 6.163 | Init Dist 1000 = 5.912 | Learner Steps = 12133 | Learner Walltime = 2381.716 | Min Dist = 0.087 | Min Dist 10 = 0.135 | Min Dist 100 = 0.209 | Min Dist 1000 = 0.251 | Steps Per Second = 72.933 | Success = 1.000 | Success 1000 = 0.989
I0502 15:45:59.048498 139584504182336 lp_utils.py:96] StepsLimiter: Reached 786850 recorded steps
I0502 15:45:59.534647 139579566835264 terminal.py:91] [Evaluator] Actor Episodes = 15739 | Actor Steps = 786950 | Delta Dist = 11.760 | Delta Dist 10 = 10.102 | Delta Dist 100 = 9.928 | Delta Dist 1000 = 10.760 | Episode Length = 50 | Episode Return = 15.0 | Evaluator Episodes = 3979 | Evaluator Steps = 198950 | Final Dist = 1.046 | Final Dist 10 = 2.704 | Final Dist 100 = 2.879 | Final Dist 1000 = 2.046 | Init Dist = 12.806 | Init Dist 10 = 12.806 | Init Dist 100 = 12.806 | Init Dist 1000 = 12.806 | Learner Steps = 12139 | Learner Walltime = 2383.004 | Min Dist = 0.223 | Min Dist 10 = 2.061 | Min Dist 100 = 2.136 | Min Dist 1000 = 1.302 | Steps Per Second = 77.863 | Success = 1.000 | Success 1000 = 0.857
I0502 15:46:00.863196 139579566835264 terminal.py:91] [Evaluator] Actor Episodes = 15747 | Actor Steps = 787350 | Delta Dist = 11.453 | Delta Dist 10 = 10.113 | Delta Dist 100 = 9.996 | Delta Dist 1000 = 10.766 | Episode Length = 50 | Episode Return = 1.0 | Evaluator Episodes = 3981 | Evaluator Steps = 199050 | Final Dist = 1.353 | Final Dist 10 = 2.693 | Final Dist 100 = 2.810 | Final Dist 1000 = 2.040 | Init Dist = 12.806 | Init Dist 10 = 12.806 | Init Dist 100 = 12.806 | Init Dist 1000 = 12.806 | Learner Steps = 12146 | Learner Walltime = 2384.399 | Min Dist = 0.582 | Min Dist 10 = 2.067 | Min Dist 100 = 2.062 | Min Dist 1000 = 1.295 | Steps Per Second = 77.904 | Success = 1.000 | Success 1000 = 0.858
I0502 15:46:02.236204 139579566835264 terminal.py:91] [Evaluator] Actor Episodes = 15755 | Actor Steps = 787750 | Delta Dist = 11.749 | Delta Dist 10 = 9.259 | Delta Dist 100 = 9.988 | Delta Dist 1000 = 10.768 | Episode Length = 50 | Episode Return = 11.0 | Evaluator Episodes = 3983 | Evaluator Steps = 199150 | Final Dist = 1.057 | Final Dist 10 = 3.547 | Final Dist 100 = 2.818 | Final Dist 1000 = 2.038 | Init Dist = 12.806 | Init Dist 10 = 12.806 | Init Dist 100 = 12.806 | Init Dist 1000 = 12.806 | Learner Steps = 12152 | Learner Walltime = 2385.694 | Min Dist = 0.173 | Min Dist 10 = 2.745 | Min Dist 100 = 2.072 | Min Dist 1000 = 1.292 | Steps Per Second = 76.382 | Success = 1.000 | Success 1000 = 0.858
I0502 15:46:03.567348 139579566835264 terminal.py:91] [Evaluator] Actor Episodes = 15761 | Actor Steps = 788050 | Delta Dist = 12.639 | Delta Dist 10 = 10.993 | Delta Dist 100 = 9.997 | Delta Dist 1000 = 10.767 | Episode Length = 50 | Episode Return = 36.0 | Evaluator Episodes = 3985 | Evaluator Steps = 199250 | Final Dist = 0.167 | Final Dist 10 = 1.813 | Final Dist 100 = 2.809 | Final Dist 1000 = 2.039 | Init Dist = 12.806 | Init Dist 10 = 12.806 | Init Dist 100 = 12.806 | Init Dist 1000 = 12.806 | Learner Steps = 12158 | Learner Walltime = 2387.075 | Min Dist = 0.122 | Min Dist 10 = 1.100 | Min Dist 100 = 2.072 | Min Dist 1000 = 1.293 | Steps Per Second = 68.970 | Success = 1.000 | Success 1000 = 0.858
I0502 15:46:03.734342 139555013154368 terminal.py:91] [Learner] Actor Episodes = 15761 | Actor Loss = 3.6482763290405273 | Actor Steps = 788050 | Binary Accuracy = 0.9960808753967285 | Categorical Accuracy = 0.4202880859375 | Critic Loss = 1.9228938817977905 | Entropy Mean = -19.124370574951172 | Evaluator Episodes = 3983 | Evaluator Steps = 199150 | Learner Steps = 12163 | Learner Walltime = 2387.929 | Logits Neg = -16.120601654052734 | Logits Pos = -1.9275768995285034 | Logsumexp = 1.1602128744125366 | Steps Per Second = 698.663
I0502 15:46:05.024991 139579566835264 terminal.py:91] [Evaluator] Actor Episodes = 15769 | Actor Steps = 788450 | Delta Dist = 5.326 | Delta Dist 10 = 11.111 | Delta Dist 100 = 10.006 | Delta Dist 1000 = 10.767 | Episode Length = 50 | Episode Return = 0.0 | Evaluator Episodes = 3987 | Evaluator Steps = 199350 | Final Dist = 7.481 | Final Dist 10 = 1.695 | Final Dist 100 = 2.800 | Final Dist 1000 = 2.039 | Init Dist = 12.806 | Init Dist 10 = 12.806 | Init Dist 100 = 12.806 | Init Dist 1000 = 12.806 | Learner Steps = 12165 | Learner Walltime = 2388.642 | Min Dist = 6.277 | Min Dist 10 = 1.020 | Min Dist 100 = 2.084 | Min Dist 1000 = 1.294 | Steps Per Second = 65.220 | Success = 0.000 | Success 1000 = 0.857
I0502 15:46:05.771545 139558059398720 terminal.py:91] [Actor] Actor Episodes = 15774 | Actor Steps = 788700 | Delta Dist = 1.572 | Delta Dist 10 = 4.473 | Delta Dist 100 = 4.617 | Delta Dist 1000 = 4.202 | Episode Length = 50 | Episode Return = 28.0 | Evaluator Episodes = 3987 | Evaluator Steps = 199350 | Final Dist = 0.428 | Final Dist 10 = 0.836 | Final Dist 100 = 1.703 | Final Dist 1000 = 1.698 | Init Dist = 2.000 | Init Dist 10 = 5.309 | Init Dist 100 = 6.319 | Init Dist 1000 = 5.900 | Learner Steps = 12165 | Learner Walltime = 2388.642 | Min Dist = 0.428 | Min Dist 10 = 0.163 | Min Dist 100 = 0.435 | Min Dist 1000 = 0.270 | Steps Per Second = 79.945 | Success = 1.000 | Success 1000 = 0.988
I0502 15:46:06.402731 139579566835264 terminal.py:91] [Evaluator] Actor Episodes = 15777 | Actor Steps = 788850 | Delta Dist = 5.249 | Delta Dist 10 = 10.364 | Delta Dist 100 = 9.924 | Delta Dist 1000 = 10.772 | Episode Length = 50 | Episode Return = 0.0 | Evaluator Episodes = 3989 | Evaluator Steps = 199450 | Final Dist = 7.557 | Final Dist 10 = 2.442 | Final Dist 100 = 2.882 | Final Dist 1000 = 2.034 | Init Dist = 12.806 | Init Dist 10 = 12.806 | Init Dist 100 = 12.806 | Init Dist 1000 = 12.806 | Learner Steps = 12171 | Learner Walltime = 2389.967 | Min Dist = 6.370 | Min Dist 10 = 1.615 | Min Dist 100 = 2.146 | Min Dist 1000 = 1.289 | Steps Per Second = 77.756 | Success = 0.000 | Success 1000 = 0.857
I0502 15:46:07.690230 139569349502528 terminal.py:91] [Actor] Actor Episodes = 15786 | Actor Steps = 789300 | Delta Dist = 0.981 | Delta Dist 10 = 3.699 | Delta Dist 100 = 4.504 | Delta Dist 1000 = 4.213 | Episode Length = 50 | Episode Return = 26.0 | Evaluator Episodes = 3989 | Evaluator Steps = 199450 | Final Dist = 1.255 | Final Dist 10 = 1.410 | Final Dist 100 = 1.663 | Final Dist 1000 = 1.702 | Init Dist = 2.236 | Init Dist 10 = 5.109 | Init Dist 100 = 6.167 | Init Dist 1000 = 5.916 | Learner Steps = 12171 | Learner Walltime = 2389.967 | Min Dist = 0.064 | Min Dist 10 = 0.635 | Min Dist 100 = 0.491 | Min Dist 1000 = 0.274 | Steps Per Second = 68.446 | Success = 1.000 | Success 1000 = 0.988
I0502 15:46:07.833691 139579566835264 terminal.py:91] [Evaluator] Actor Episodes = 15789 | Actor Steps = 789450 | Delta Dist = 6.963 | Delta Dist 10 = 9.671 | Delta Dist 100 = 9.945 | Delta Dist 1000 = 10.763 | Episode Length = 50 | Episode Return = 0.0 | Evaluator Episodes = 3991 | Evaluator Steps = 199550 | Final Dist = 5.843 | Final Dist 10 = 3.135 | Final Dist 100 = 2.861 | Final Dist 1000 = 2.043 | Init Dist = 12.806 | Init Dist 10 = 12.806 | Init Dist 100 = 12.806 | Init Dist 1000 = 12.806 | Learner Steps = 12178 | Learner Walltime = 2391.290 | Min Dist = 3.635 | Min Dist 10 = 2.237 | Min Dist 100 = 2.105 | Min Dist 1000 = 1.296 | Steps Per Second = 64.023 | Success = 0.000 | Success 1000 = 0.856
I0502 15:46:08.632068 139555860620864 terminal.py:91] [Actor] Actor Episodes = 15792 | Actor Steps = 789600 | Delta Dist = -0.966 | Delta Dist 10 = 5.061 | Delta Dist 100 = 4.297 | Delta Dist 1000 = 4.214 | Episode Length = 50 | Episode Return = 2.0 | Evaluator Episodes = 3991 | Evaluator Steps = 199550 | Final Dist = 2.381 | Final Dist 10 = 1.052 | Final Dist 100 = 1.720 | Final Dist 1000 = 1.707 | Init Dist = 1.414 | Init Dist 10 = 6.114 | Init Dist 100 = 6.017 | Init Dist 1000 = 5.922 | Learner Steps = 12178 | Learner Walltime = 2391.290 | Min Dist = 0.117 | Min Dist 10 = 0.178 | Min Dist 100 = 0.493 | Min Dist 1000 = 0.275 | Steps Per Second = 103.335 | Success = 1.000 | Success 1000 = 0.988
I0502 15:46:09.065295 139579566835264 terminal.py:91] [Evaluator] Actor Episodes = 15795 | Actor Steps = 789750 | Delta Dist = 11.434 | Delta Dist 10 = 9.984 | Delta Dist 100 = 9.891 | Delta Dist 1000 = 10.758 | Episode Length = 50 | Episode Return = 1.0 | Evaluator Episodes = 3993 | Evaluator Steps = 199650 | Final Dist = 1.372 | Final Dist 10 = 2.822 | Final Dist 100 = 2.915 | Final Dist 1000 = 2.049 | Init Dist = 12.806 | Init Dist 10 = 12.806 | Init Dist 100 = 12.806 | Init Dist 1000 = 12.806 | Learner Steps = 12184 | Learner Walltime = 2392.628 | Min Dist = 0.996 | Min Dist 10 = 1.866 | Min Dist 100 = 2.142 | Min Dist 1000 = 1.299 | Steps Per Second = 88.056 | Success = 1.000 | Success 1000 = 0.855
I0502 15:46:09.067040 139584504182336 lp_utils.py:96] StepsLimiter: Reached 789750 recorded steps
I0502 15:46:09.166200 139557462840896 terminal.py:91] [Actor] Actor Episodes = 15797 | Actor Steps = 789850 | Delta Dist = 10.381 | Delta Dist 10 = 3.880 | Delta Dist 100 = 4.265 | Delta Dist 1000 = 4.214 | Episode Length = 50 | Episode Return = 43.0 | Evaluator Episodes = 3993 | Evaluator Steps = 199650 | Final Dist = 0.389 | Final Dist 10 = 1.011 | Final Dist 100 = 1.691 | Final Dist 1000 = 1.701 | Init Dist = 10.770 | Init Dist 10 = 4.891 | Init Dist 100 = 5.956 | Init Dist 1000 = 5.915 | Learner Steps = 12184 | Learner Walltime = 2392.628 | Min Dist = 0.030 | Min Dist 10 = 0.148 | Min Dist 100 = 0.494 | Min Dist 1000 = 0.274 | Steps Per Second = 79.335 | Success = 1.000 | Success 1000 = 0.988
I0502 15:46:10.408924 139579566835264 terminal.py:91] [Evaluator] Actor Episodes = 15801 | Actor Steps = 790050 | Delta Dist = 11.456 | Delta Dist 10 = 9.886 | Delta Dist 100 = 10.056 | Delta Dist 1000 = 10.757 | Episode Length = 50 | Episode Return = 19.0 | Evaluator Episodes = 3995 | Evaluator Steps = 199750 | Final Dist = 1.350 | Final Dist 10 = 2.921 | Final Dist 100 = 2.750 | Final Dist 1000 = 2.049 | Init Dist = 12.806 | Init Dist 10 = 12.806 | Init Dist 100 = 12.806 | Init Dist 1000 = 12.806 | Learner Steps = 12190 | Learner Walltime = 2394.014 | Min Dist = 0.264 | Min Dist 10 = 1.987 | Min Dist 100 = 1.976 | Min Dist 1000 = 1.300 | Steps Per Second = 71.738 | Success = 1.000 | Success 1000 = 0.855
I0502 15:46:11.796840 139579566835264 terminal.py:91] [Evaluator] Actor Episodes = 15809 | Actor Steps = 790450 | Delta Dist = 11.437 | Delta Dist 10 = 9.748 | Delta Dist 100 = 10.050 | Delta Dist 1000 = 10.756 | Episode Length = 50 | Episode Return = 16.0 | Evaluator Episodes = 3997 | Evaluator Steps = 199850 | Final Dist = 1.369 | Final Dist 10 = 3.059 | Final Dist 100 = 2.757 | Final Dist 1000 = 2.050 | Init Dist = 12.806 | Init Dist 10 = 12.806 | Init Dist 100 = 12.806 | Init Dist 1000 = 12.806 | Learner Steps = 12197 | Learner Walltime = 2395.292 | Min Dist = 0.092 | Min Dist 10 = 1.889 | Min Dist 100 = 1.975 | Min Dist 1000 = 1.300 | Steps Per Second = 71.623 | Success = 1.000 | Success 1000 = 0.855
I0502 15:46:13.121763 139579566835264 terminal.py:91] [Evaluator] Actor Episodes = 15817 | Actor Steps = 790850 | Delta Dist = 12.403 | Delta Dist 10 = 10.444 | Delta Dist 100 = 10.058 | Delta Dist 1000 = 10.757 | Episode Length = 50 | Episode Return = 23.0 | Evaluator Episodes = 3999 | Evaluator Steps = 199950 | Final Dist = 0.403 | Final Dist 10 = 2.363 | Final Dist 100 = 2.748 | Final Dist 1000 = 2.049 | Init Dist = 12.806 | Init Dist 10 = 12.806 | Init Dist 100 = 12.806 | Init Dist 1000 = 12.806 | Learner Steps = 12203 | Learner Walltime = 2396.761 | Min Dist = 0.207 | Min Dist 10 = 1.265 | Min Dist 100 = 1.966 | Min Dist 1000 = 1.300 | Steps Per Second = 72.608 | Success = 1.000 | Success 1000 = 0.855
I0502 15:46:13.951466 139555013154368 terminal.py:91] [Learner] Actor Episodes = 15825 | Actor Loss = 3.6444363594055176 | Actor Steps = 791250 | Binary Accuracy = 0.9959976673126221 | Categorical Accuracy = 0.4171142578125 | Critic Loss = 1.9500987529754639 | Entropy Mean = -20.00775146484375 | Evaluator Episodes = 3999 | Evaluator Steps = 199950 | Learner Steps = 12209 | Learner Walltime = 2398.145 | Logits Neg = -15.954447746276855 | Logits Pos = -1.9753683805465698 | Logsumexp = 1.3431668281555176 | Steps Per Second = 111.673
I0502 15:46:14.511300 139579566835264 terminal.py:91] [Evaluator] Actor Episodes = 15825 | Actor Steps = 791250 | Delta Dist = 11.471 | Delta Dist 10 = 11.219 | Delta Dist 100 = 10.174 | Delta Dist 1000 = 10.756 | Episode Length = 50 | Episode Return = 17.0 | Evaluator Episodes = 4001 | Evaluator Steps = 200050 | Final Dist = 1.335 | Final Dist 10 = 1.587 | Final Dist 100 = 2.632 | Final Dist 1000 = 2.050 | Init Dist = 12.806 | Init Dist 10 = 12.806 | Init Dist 100 = 12.806 | Init Dist 1000 = 12.806 | Learner Steps = 12209 | Learner Walltime = 2398.145 | Min Dist = 0.212 | Min Dist 10 = 0.635 | Min Dist 100 = 1.862 | Min Dist 1000 = 1.300 | Steps Per Second = 70.250 | Success = 1.000 | Success 1000 = 0.855
I0502 15:46:15.973337 139579566835264 terminal.py:91] [Evaluator] Actor Episodes = 15835 | Actor Steps = 791750 | Delta Dist = 4.532 | Delta Dist 10 = 11.693 | Delta Dist 100 = 10.280 | Delta Dist 1000 = 10.755 | Episode Length = 50 | Episode Return = 0.0 | Evaluator Episodes = 4003 | Evaluator Steps = 200150 | Final Dist = 8.274 | Final Dist 10 = 1.113 | Final Dist 100 = 2.526 | Final Dist 1000 = 2.051 | Init Dist = 12.806 | Init Dist 10 = 12.806 | Init Dist 100 = 12.806 | Init Dist 1000 = 12.806 | Learner Steps = 12215 | Learner Walltime = 2399.367 | Min Dist = 6.299 | Min Dist 10 = 0.296 | Min Dist 100 = 1.738 | Min Dist 1000 = 1.300 | Steps Per Second = 69.895 | Success = 0.000 | Success 1000 = 0.855
I0502 15:46:16.000802 139558059398720 terminal.py:91] [Actor] Actor Episodes = 15839 | Actor Steps = 791950 | Delta Dist = 6.902 | Delta Dist 10 = 2.149 | Delta Dist 100 = 3.711 | Delta Dist 1000 = 4.154 | Episode Length = 50 | Episode Return = 39.0 | Evaluator Episodes = 4003 | Evaluator Steps = 200150 | Final Dist = 0.378 | Final Dist 10 = 3.275 | Final Dist 100 = 1.893 | Final Dist 1000 = 1.739 | Init Dist = 7.280 | Init Dist 10 = 5.424 | Init Dist 100 = 5.604 | Init Dist 1000 = 5.892 | Learner Steps = 12215 | Learner Walltime = 2399.367 | Min Dist = 0.378 | Min Dist 10 = 0.066 | Min Dist 100 = 0.545 | Min Dist 1000 = 0.288 | Steps Per Second = 72.787 | Success = 1.000 | Success 1000 = 0.987
I0502 15:46:17.322758 139579566835264 terminal.py:91] [Evaluator] Actor Episodes = 15845 | Actor Steps = 792250 | Delta Dist = 11.416 | Delta Dist 10 = 11.122 | Delta Dist 100 = 10.204 | Delta Dist 1000 = 10.760 | Episode Length = 50 | Episode Return = 14.0 | Evaluator Episodes = 4005 | Evaluator Steps = 200250 | Final Dist = 1.391 | Final Dist 10 = 1.684 | Final Dist 100 = 2.602 | Final Dist 1000 = 2.046 | Init Dist = 12.806 | Init Dist 10 = 12.806 | Init Dist 100 = 12.806 | Init Dist 1000 = 12.806 | Learner Steps = 12222 | Learner Walltime = 2400.670 | Min Dist = 0.316 | Min Dist 10 = 0.785 | Min Dist 100 = 1.799 | Min Dist 1000 = 1.295 | Steps Per Second = 74.820 | Success = 1.000 | Success 1000 = 0.856
I0502 15:46:17.751923 139569349502528 terminal.py:91] [Actor] Actor Episodes = 15849 | Actor Steps = 792450 | Delta Dist = 10.811 | Delta Dist 10 = 3.396 | Delta Dist 100 = 3.703 | Delta Dist 1000 = 4.143 | Episode Length = 50 | Episode Return = 45.0 | Evaluator Episodes = 4005 | Evaluator Steps = 200250 | Final Dist = 0.591 | Final Dist 10 = 2.335 | Final Dist 100 = 1.846 | Final Dist 1000 = 1.744 | Init Dist = 11.402 | Init Dist 10 = 5.731 | Init Dist 100 = 5.549 | Init Dist 1000 = 5.888 | Learner Steps = 12228 | Learner Walltime = 2401.728 | Min Dist = 0.040 | Min Dist 10 = 0.111 | Min Dist 100 = 0.522 | Min Dist 1000 = 0.288 | Steps Per Second = 71.499 | Success = 1.000 | Success 1000 = 0.987
I0502 15:46:18.724742 139579566835264 terminal.py:91] [Evaluator] Actor Episodes = 15851 | Actor Steps = 792550 | Delta Dist = 11.719 | Delta Dist 10 = 11.256 | Delta Dist 100 = 10.278 | Delta Dist 1000 = 10.760 | Episode Length = 50 | Episode Return = 25.0 | Evaluator Episodes = 4007 | Evaluator Steps = 200350 | Final Dist = 1.087 | Final Dist 10 = 1.550 | Final Dist 100 = 2.528 | Final Dist 1000 = 2.046 | Init Dist = 12.806 | Init Dist 10 = 12.806 | Init Dist 100 = 12.806 | Init Dist 1000 = 12.806 | Learner Steps = 12231 | Learner Walltime = 2402.786 | Min Dist = 0.181 | Min Dist 10 = 0.784 | Min Dist 100 = 1.735 | Min Dist 1000 = 1.295 | Steps Per Second = 70.012 | Success = 1.000 | Success 1000 = 0.856
I0502 15:46:18.828889 139555860620864 terminal.py:91] [Actor] Actor Episodes = 15855 | Actor Steps = 792750 | Delta Dist = 4.861 | Delta Dist 10 = 4.964 | Delta Dist 100 = 3.835 | Delta Dist 1000 = 4.156 | Episode Length = 50 | Episode Return = 42.0 | Evaluator Episodes = 4007 | Evaluator Steps = 200350 | Final Dist = 0.238 | Final Dist 10 = 0.471 | Final Dist 100 = 1.626 | Final Dist 1000 = 1.741 | Init Dist = 5.099 | Init Dist 10 = 5.435 | Init Dist 100 = 5.461 | Init Dist 1000 = 5.897 | Learner Steps = 12231 | Learner Walltime = 2402.786 | Min Dist = 0.106 | Min Dist 10 = 0.084 | Min Dist 100 = 0.401 | Min Dist 1000 = 0.288 | Steps Per Second = 67.241 | Success = 1.000 | Success 1000 = 0.987
I0502 15:46:19.087992 139584504182336 lp_utils.py:96] StepsLimiter: Reached 792750 recorded steps
I0502 15:46:19.337189 139557462840896 terminal.py:91] [Actor] Actor Episodes = 15852 | Actor Steps = 792600 | Delta Dist = 5.471 | Delta Dist 10 = 5.084 | Delta Dist 100 = 3.950 | Delta Dist 1000 = 4.158 | Episode Length = 50 | Episode Return = 34.0 | Evaluator Episodes = 4005 | Evaluator Steps = 200250 | Final Dist = 0.360 | Final Dist 10 = 0.473 | Final Dist 100 = 1.552 | Final Dist 1000 = 1.741 | Init Dist = 5.831 | Init Dist 10 = 5.557 | Init Dist 100 = 5.502 | Init Dist 1000 = 5.899 | Learner Steps = 12231 | Learner Walltime = 2402.786 | Min Dist = 0.117 | Min Dist 10 = 0.065 | Min Dist 100 = 0.402 | Min Dist 1000 = 0.288 | Steps Per Second = 70.986 | Success = 1.000 | Success 1000 = 0.987
I0502 15:46:20.060084 139579566835264 terminal.py:91] [Evaluator] Actor Episodes = 15859 | Actor Steps = 792950 | Delta Dist = 12.405 | Delta Dist 10 = 11.194 | Delta Dist 100 = 10.330 | Delta Dist 1000 = 10.760 | Episode Length = 50 | Episode Return = 10.0 | Evaluator Episodes = 4009 | Evaluator Steps = 200450 | Final Dist = 0.402 | Final Dist 10 = 1.613 | Final Dist 100 = 2.476 | Final Dist 1000 = 2.046 | Init Dist = 12.806 | Init Dist 10 = 12.806 | Init Dist 100 = 12.806 | Init Dist 1000 = 12.806 | Learner Steps = 12236 | Learner Walltime = 2403.796 | Min Dist = 0.028 | Min Dist 10 = 0.797 | Min Dist 100 = 1.675 | Min Dist 1000 = 1.294 | Steps Per Second = 70.575 | Success = 1.000 | Success 1000 = 0.856
I0502 15:46:21.560091 139579566835264 terminal.py:91] [Evaluator] Actor Episodes = 15867 | Actor Steps = 793350 | Delta Dist = 11.529 | Delta Dist 10 = 11.202 | Delta Dist 100 = 10.449 | Delta Dist 1000 = 10.762 | Episode Length = 50 | Episode Return = 5.0 | Evaluator Episodes = 4011 | Evaluator Steps = 200550 | Final Dist = 1.277 | Final Dist 10 = 1.604 | Final Dist 100 = 2.357 | Final Dist 1000 = 2.045 | Init Dist = 12.806 | Init Dist 10 = 12.806 | Init Dist 100 = 12.806 | Init Dist 1000 = 12.806 | Learner Steps = 12241 | Learner Walltime = 2404.860 | Min Dist = 0.272 | Min Dist 10 = 0.777 | Min Dist 100 = 1.568 | Min Dist 1000 = 1.294 | Steps Per Second = 65.859 | Success = 1.000 | Success 1000 = 0.856
I0502 15:46:22.866606 139579566835264 terminal.py:91] [Evaluator] Actor Episodes = 15875 | Actor Steps = 793750 | Delta Dist = 11.431 | Delta Dist 10 = 11.303 | Delta Dist 100 = 10.456 | Delta Dist 1000 = 10.762 | Episode Length = 50 | Episode Return = 14.0 | Evaluator Episodes = 4013 | Evaluator Steps = 200650 | Final Dist = 1.375 | Final Dist 10 = 1.503 | Final Dist 100 = 2.350 | Final Dist 1000 = 2.044 | Init Dist = 12.806 | Init Dist 10 = 12.806 | Init Dist 100 = 12.806 | Init Dist 1000 = 12.806 | Learner Steps = 12245 | Learner Walltime = 2405.928 | Min Dist = 0.296 | Min Dist 10 = 0.770 | Min Dist 100 = 1.567 | Min Dist 1000 = 1.294 | Steps Per Second = 75.300 | Success = 1.000 | Success 1000 = 0.856
I0502 15:46:24.248096 139579566835264 terminal.py:91] [Evaluator] Actor Episodes = 15881 | Actor Steps = 794050 | Delta Dist = 12.274 | Delta Dist 10 = 11.875 | Delta Dist 100 = 10.552 | Delta Dist 1000 = 10.761 | Episode Length = 50 | Episode Return = 22.0 | Evaluator Episodes = 4015 | Evaluator Steps = 200750 | Final Dist = 0.533 | Final Dist 10 = 0.931 | Final Dist 100 = 2.254 | Final Dist 1000 = 2.045 | Init Dist = 12.806 | Init Dist 10 = 12.806 | Init Dist 100 = 12.806 | Init Dist 1000 = 12.806 | Learner Steps = 12251 | Learner Walltime = 2407.270 | Min Dist = 0.274 | Min Dist 10 = 0.226 | Min Dist 100 = 1.466 | Min Dist 1000 = 1.295 | Steps Per Second = 64.150 | Success = 1.000 | Success 1000 = 0.856
I0502 15:46:24.419130 139555013154368 terminal.py:91] [Learner] Actor Episodes = 15885 | Actor Loss = 3.5388975143432617 | Actor Steps = 794250 | Binary Accuracy = 0.9960613250732422 | Categorical Accuracy = 0.417236328125 | Critic Loss = 1.9178359508514404 | Entropy Mean = -18.89783477783203 | Evaluator Episodes = 4015 | Evaluator Steps = 200750 | Learner Steps = 12257 | Learner Walltime = 2408.614 | Logits Neg = -16.306682586669922 | Logits Pos = -1.9073761701583862 | Logsumexp = 1.0558109283447266 | Steps Per Second = 114.934
I0502 15:46:25.584527 139579566835264 terminal.py:91] [Evaluator] Actor Episodes = 15889 | Actor Steps = 794450 | Delta Dist = 11.466 | Delta Dist 10 = 11.835 | Delta Dist 100 = 10.547 | Delta Dist 1000 = 10.761 | Episode Length = 50 | Episode Return = 17.0 | Evaluator Episodes = 4017 | Evaluator Steps = 200850 | Final Dist = 1.340 | Final Dist 10 = 0.971 | Final Dist 100 = 2.259 | Final Dist 1000 = 2.045 | Init Dist = 12.806 | Init Dist 10 = 12.806 | Init Dist 100 = 12.806 | Init Dist 1000 = 12.806 | Learner Steps = 12257 | Learner Walltime = 2408.614 | Min Dist = 0.482 | Min Dist 10 = 0.221 | Min Dist 100 = 1.469 | Min Dist 1000 = 1.294 | Steps Per Second = 80.653 | Success = 1.000 | Success 1000 = 0.856
I0502 15:46:26.452640 139558059398720 terminal.py:91] [Actor] Actor Episodes = 15894 | Actor Steps = 794700 | Delta Dist = 3.537 | Delta Dist 10 = 3.345 | Delta Dist 100 = 4.136 | Delta Dist 1000 = 4.193 | Episode Length = 50 | Episode Return = 41.0 | Evaluator Episodes = 4017 | Evaluator Steps = 200850 | Final Dist = 0.586 | Final Dist 10 = 1.733 | Final Dist 100 = 1.568 | Final Dist 1000 = 1.715 | Init Dist = 4.123 | Init Dist 10 = 5.078 | Init Dist 100 = 5.704 | Init Dist 1000 = 5.908 | Learner Steps = 12257 | Learner Walltime = 2408.614 | Min Dist = 0.095 | Min Dist 10 = 0.088 | Min Dist 100 = 0.249 | Min Dist 1000 = 0.285 | Steps Per Second = 81.351 | Success = 1.000 | Success 1000 = 0.988
I0502 15:46:26.878846 139579566835264 terminal.py:91] [Evaluator] Actor Episodes = 15897 | Actor Steps = 794850 | Delta Dist = 12.262 | Delta Dist 10 = 11.151 | Delta Dist 100 = 10.471 | Delta Dist 1000 = 10.754 | Episode Length = 50 | Episode Return = 10.0 | Evaluator Episodes = 4019 | Evaluator Steps = 200950 | Final Dist = 0.544 | Final Dist 10 = 1.655 | Final Dist 100 = 2.336 | Final Dist 1000 = 2.052 | Init Dist = 12.806 | Init Dist 10 = 12.806 | Init Dist 100 = 12.806 | Init Dist 1000 = 12.806 | Learner Steps = 12263 | Learner Walltime = 2410.099 | Min Dist = 0.102 | Min Dist 10 = 0.976 | Min Dist 100 = 1.545 | Min Dist 1000 = 1.302 | Steps Per Second = 78.189 | Success = 1.000 | Success 1000 = 0.855
I0502 15:46:28.230992 139579566835264 terminal.py:91] [Evaluator] Actor Episodes = 15905 | Actor Steps = 795250 | Delta Dist = 12.075 | Delta Dist 10 = 11.107 | Delta Dist 100 = 10.581 | Delta Dist 1000 = 10.755 | Episode Length = 50 | Episode Return = 16.0 | Evaluator Episodes = 4021 | Evaluator Steps = 201050 | Final Dist = 0.731 | Final Dist 10 = 1.699 | Final Dist 100 = 2.225 | Final Dist 1000 = 2.051 | Init Dist = 12.806 | Init Dist 10 = 12.806 | Init Dist 100 = 12.806 | Init Dist 1000 = 12.806 | Learner Steps = 12275 | Learner Walltime = 2412.269 | Min Dist = 0.102 | Min Dist 10 = 1.000 | Min Dist 100 = 1.441 | Min Dist 1000 = 1.302 | Steps Per Second = 76.387 | Success = 1.000 | Success 1000 = 0.855
I0502 15:46:28.243489 139569349502528 terminal.py:91] [Actor] Actor Episodes = 15906 | Actor Steps = 795300 | Delta Dist = 0.300 | Delta Dist 10 = 3.845 | Delta Dist 100 = 4.149 | Delta Dist 1000 = 4.197 | Episode Length = 50 | Episode Return = 0.0 | Evaluator Episodes = 4019 | Evaluator Steps = 200950 | Final Dist = 3.700 | Final Dist 10 = 1.550 | Final Dist 100 = 1.673 | Final Dist 1000 = 1.710 | Init Dist = 4.000 | Init Dist 10 = 5.395 | Init Dist 100 = 5.821 | Init Dist 1000 = 5.907 | Learner Steps = 12268 | Learner Walltime = 2411.257 | Min Dist = 0.063 | Min Dist 10 = 0.105 | Min Dist 100 = 0.253 | Min Dist 1000 = 0.285 | Steps Per Second = 83.098 | Success = 1.000 | Success 1000 = 0.988
I0502 15:46:29.104614 139584504182336 lp_utils.py:96] StepsLimiter: Reached 795650 recorded steps
I0502 15:46:29.200073 139555860620864 terminal.py:91] [Actor] Actor Episodes = 15912 | Actor Steps = 795600 | Delta Dist = 3.893 | Delta Dist 10 = 3.404 | Delta Dist 100 = 4.100 | Delta Dist 1000 = 4.180 | Episode Length = 50 | Episode Return = 31.0 | Evaluator Episodes = 4021 | Evaluator Steps = 201050 | Final Dist = 0.230 | Final Dist 10 = 3.120 | Final Dist 100 = 1.805 | Final Dist 1000 = 1.721 | Init Dist = 4.123 | Init Dist 10 = 6.524 | Init Dist 100 = 5.905 | Init Dist 1000 = 5.902 | Learner Steps = 12275 | Learner Walltime = 2412.269 | Min Dist = 0.230 | Min Dist 10 = 0.295 | Min Dist 100 = 0.269 | Min Dist 1000 = 0.280 | Steps Per Second = 81.951 | Success = 1.000 | Success 1000 = 0.988
I0502 15:46:29.662902 139579566835264 terminal.py:91] [Evaluator] Actor Episodes = 15913 | Actor Steps = 795650 | Delta Dist = 12.090 | Delta Dist 10 = 11.070 | Delta Dist 100 = 10.590 | Delta Dist 1000 = 10.762 | Episode Length = 50 | Episode Return = 26.0 | Evaluator Episodes = 4023 | Evaluator Steps = 201150 | Final Dist = 0.716 | Final Dist 10 = 1.737 | Final Dist 100 = 2.216 | Final Dist 1000 = 2.044 | Init Dist = 12.806 | Init Dist 10 = 12.806 | Init Dist 100 = 12.806 | Init Dist 1000 = 12.806 | Learner Steps = 12279 | Learner Walltime = 2413.468 | Min Dist = 0.199 | Min Dist 10 = 1.025 | Min Dist 100 = 1.444 | Min Dist 1000 = 1.297 | Steps Per Second = 67.532 | Success = 1.000 | Success 1000 = 0.856
I0502 15:46:29.895134 139557462840896 terminal.py:91] [Actor] Actor Episodes = 15917 | Actor Steps = 795850 | Delta Dist = 2.358 | Delta Dist 10 = 2.404 | Delta Dist 100 = 4.014 | Delta Dist 1000 = 4.166 | Episode Length = 50 | Episode Return = 31.0 | Evaluator Episodes = 4023 | Evaluator Steps = 201150 | Final Dist = 1.642 | Final Dist 10 = 2.993 | Final Dist 100 = 1.841 | Final Dist 1000 = 1.726 | Init Dist = 4.000 | Init Dist 10 = 5.397 | Init Dist 100 = 5.855 | Init Dist 1000 = 5.892 | Learner Steps = 12279 | Learner Walltime = 2413.468 | Min Dist = 0.085 | Min Dist 10 = 0.272 | Min Dist 100 = 0.270 | Min Dist 1000 = 0.281 | Steps Per Second = 68.448 | Success = 1.000 | Success 1000 = 0.988
I0502 15:46:31.014033 139579566835264 terminal.py:91] [Evaluator] Actor Episodes = 15921 | Actor Steps = 796050 | Delta Dist = 11.392 | Delta Dist 10 = 11.131 | Delta Dist 100 = 10.663 | Delta Dist 1000 = 10.762 | Episode Length = 50 | Episode Return = 1.0 | Evaluator Episodes = 4025 | Evaluator Steps = 201250 | Final Dist = 1.414 | Final Dist 10 = 1.675 | Final Dist 100 = 2.143 | Final Dist 1000 = 2.045 | Init Dist = 12.806 | Init Dist 10 = 12.806 | Init Dist 100 = 12.806 | Init Dist 1000 = 12.806 | Learner Steps = 12284 | Learner Walltime = 2414.660 | Min Dist = 0.523 | Min Dist 10 = 0.974 | Min Dist 100 = 1.372 | Min Dist 1000 = 1.297 | Steps Per Second = 71.312 | Success = 1.000 | Success 1000 = 0.856
I0502 15:46:32.471130 139579566835264 terminal.py:91] [Evaluator] Actor Episodes = 15929 | Actor Steps = 796450 | Delta Dist = 12.144 | Delta Dist 10 = 11.120 | Delta Dist 100 = 10.655 | Delta Dist 1000 = 10.761 | Episode Length = 50 | Episode Return = 24.0 | Evaluator Episodes = 4027 | Evaluator Steps = 201350 | Final Dist = 0.662 | Final Dist 10 = 1.686 | Final Dist 100 = 2.152 | Final Dist 1000 = 2.045 | Init Dist = 12.806 | Init Dist 10 = 12.806 | Init Dist 100 = 12.806 | Init Dist 1000 = 12.806 | Learner Steps = 12290 | Learner Walltime = 2416.113 | Min Dist = 0.129 | Min Dist 10 = 1.007 | Min Dist 100 = 1.374 | Min Dist 1000 = 1.297 | Steps Per Second = 74.615 | Success = 1.000 | Success 1000 = 0.856
I0502 15:46:33.792038 139579566835264 terminal.py:91] [Evaluator] Actor Episodes = 15937 | Actor Steps = 796850 | Delta Dist = 11.808 | Delta Dist 10 = 11.310 | Delta Dist 100 = 10.704 | Delta Dist 1000 = 10.755 | Episode Length = 50 | Episode Return = 16.0 | Evaluator Episodes = 4029 | Evaluator Steps = 201450 | Final Dist = 0.999 | Final Dist 10 = 1.497 | Final Dist 100 = 2.102 | Final Dist 1000 = 2.051 | Init Dist = 12.806 | Init Dist 10 = 12.806 | Init Dist 100 = 12.806 | Init Dist 1000 = 12.806 | Learner Steps = 12297 | Learner Walltime = 2417.434 | Min Dist = 0.528 | Min Dist 10 = 0.867 | Min Dist 100 = 1.326 | Min Dist 1000 = 1.303 | Steps Per Second = 75.871 | Success = 1.000 | Success 1000 = 0.855
I0502 15:46:34.616419 139555013154368 terminal.py:91] [Learner] Actor Episodes = 15945 | Actor Loss = 3.506103515625 | Actor Steps = 797250 | Binary Accuracy = 0.9960362911224365 | Categorical Accuracy = 0.42633056640625 | Critic Loss = 1.9042465686798096 | Entropy Mean = -18.81815528869629 | Evaluator Episodes = 4029 | Evaluator Steps = 201450 | Learner Steps = 12304 | Learner Walltime = 2418.811 | Logits Neg = -16.211200714111328 | Logits Pos = -1.8844525814056396 | Logsumexp = 1.279750943183899 | Steps Per Second = 148.190
I0502 15:46:35.023979 139579566835264 terminal.py:91] [Evaluator] Actor Episodes = 15945 | Actor Steps = 797250 | Delta Dist = 12.336 | Delta Dist 10 = 11.220 | Delta Dist 100 = 10.699 | Delta Dist 1000 = 10.761 | Episode Length = 50 | Episode Return = 17.0 | Evaluator Episodes = 4031 | Evaluator Steps = 201550 | Final Dist = 0.470 | Final Dist 10 = 1.587 | Final Dist 100 = 2.107 | Final Dist 1000 = 2.045 | Init Dist = 12.806 | Init Dist 10 = 12.806 | Init Dist 100 = 12.806 | Init Dist 1000 = 12.806 | Learner Steps = 12304 | Learner Walltime = 2418.811 | Min Dist = 0.265 | Min Dist 10 = 0.914 | Min Dist 100 = 1.329 | Min Dist 1000 = 1.298 | Steps Per Second = 79.422 | Success = 1.000 | Success 1000 = 0.856
I0502 15:46:36.299849 139579566835264 terminal.py:91] [Evaluator] Actor Episodes = 15953 | Actor Steps = 797650 | Delta Dist = 11.483 | Delta Dist 10 = 11.288 | Delta Dist 100 = 10.693 | Delta Dist 1000 = 10.761 | Episode Length = 50 | Episode Return = 23.0 | Evaluator Episodes = 4033 | Evaluator Steps = 201650 | Final Dist = 1.324 | Final Dist 10 = 1.518 | Final Dist 100 = 2.113 | Final Dist 1000 = 2.045 | Init Dist = 12.806 | Init Dist 10 = 12.806 | Init Dist 100 = 12.806 | Init Dist 1000 = 12.806 | Learner Steps = 12310 | Learner Walltime = 2420.031 | Min Dist = 0.129 | Min Dist 10 = 0.886 | Min Dist 100 = 1.328 | Min Dist 1000 = 1.298 | Steps Per Second = 76.634 | Success = 1.000 | Success 1000 = 0.856
I0502 15:46:36.994280 139558059398720 terminal.py:91] [Actor] Actor Episodes = 15956 | Actor Steps = 797800 | Delta Dist = 4.720 | Delta Dist 10 = 4.593 | Delta Dist 100 = 4.132 | Delta Dist 1000 = 4.136 | Episode Length = 50 | Episode Return = 33.0 | Evaluator Episodes = 4033 | Evaluator Steps = 201650 | Final Dist = 0.280 | Final Dist 10 = 1.691 | Final Dist 100 = 1.639 | Final Dist 1000 = 1.749 | Init Dist = 5.000 | Init Dist 10 = 6.284 | Init Dist 100 = 5.770 | Init Dist 1000 = 5.885 | Learner Steps = 12310 | Learner Walltime = 2420.031 | Min Dist = 0.111 | Min Dist 10 = 0.167 | Min Dist 100 = 0.127 | Min Dist 1000 = 0.280 | Steps Per Second = 76.779 | Success = 1.000 | Success 1000 = 0.988
I0502 15:46:37.635414 139579566835264 terminal.py:91] [Evaluator] Actor Episodes = 15961 | Actor Steps = 798050 | Delta Dist = 12.358 | Delta Dist 10 = 11.354 | Delta Dist 100 = 10.705 | Delta Dist 1000 = 10.762 | Episode Length = 50 | Episode Return = 4.0 | Evaluator Episodes = 4035 | Evaluator Steps = 201750 | Final Dist = 0.449 | Final Dist 10 = 1.452 | Final Dist 100 = 2.101 | Final Dist 1000 = 2.045 | Init Dist = 12.806 | Init Dist 10 = 12.806 | Init Dist 100 = 12.806 | Init Dist 1000 = 12.806 | Learner Steps = 12316 | Learner Walltime = 2421.311 | Min Dist = 0.432 | Min Dist 10 = 0.869 | Min Dist 100 = 1.327 | Min Dist 1000 = 1.298 | Steps Per Second = 72.819 | Success = 1.000 | Success 1000 = 0.856
I0502 15:46:38.444665 139569349502528 terminal.py:91] [Actor] Actor Episodes = 15969 | Actor Steps = 798450 | Delta Dist = 6.662 | Delta Dist 10 = 3.733 | Delta Dist 100 = 4.005 | Delta Dist 1000 = 4.129 | Episode Length = 50 | Episode Return = 11.0 | Evaluator Episodes = 4035 | Evaluator Steps = 201750 | Final Dist = 0.549 | Final Dist 10 = 1.727 | Final Dist 100 = 1.721 | Final Dist 1000 = 1.761 | Init Dist = 7.211 | Init Dist 10 = 5.460 | Init Dist 100 = 5.725 | Init Dist 1000 = 5.890 | Learner Steps = 12316 | Learner Walltime = 2421.311 | Min Dist = 0.073 | Min Dist 10 = 0.133 | Min Dist 100 = 0.131 | Min Dist 1000 = 0.280 | Steps Per Second = 73.659 | Success = 1.000 | Success 1000 = 0.989
I0502 15:46:39.046556 139579566835264 terminal.py:91] [Evaluator] Actor Episodes = 15971 | Actor Steps = 798550 | Delta Dist = 11.417 | Delta Dist 10 = 11.470 | Delta Dist 100 = 10.722 | Delta Dist 1000 = 10.762 | Episode Length = 50 | Episode Return = 13.0 | Evaluator Episodes = 4037 | Evaluator Steps = 201850 | Final Dist = 1.390 | Final Dist 10 = 1.336 | Final Dist 100 = 2.084 | Final Dist 1000 = 2.045 | Init Dist = 12.806 | Init Dist 10 = 12.806 | Init Dist 100 = 12.806 | Init Dist 1000 = 12.806 | Learner Steps = 12322 | Learner Walltime = 2422.680 | Min Dist = 0.139 | Min Dist 10 = 0.851 | Min Dist 100 = 1.326 | Min Dist 1000 = 1.298 | Steps Per Second = 71.821 | Success = 1.000 | Success 1000 = 0.856
I0502 15:46:39.121087 139584504182336 lp_utils.py:96] StepsLimiter: Reached 798650 recorded steps
I0502 15:46:39.803813 139555860620864 terminal.py:91] [Actor] Actor Episodes = 15974 | Actor Steps = 798700 | Delta Dist = 2.347 | Delta Dist 10 = 5.324 | Delta Dist 100 = 4.140 | Delta Dist 1000 = 4.161 | Episode Length = 50 | Episode Return = 25.0 | Evaluator Episodes = 4037 | Evaluator Steps = 201850 | Final Dist = 0.653 | Final Dist 10 = 0.999 | Final Dist 100 = 1.700 | Final Dist 1000 = 1.746 | Init Dist = 3.000 | Init Dist 10 = 6.323 | Init Dist 100 = 5.840 | Init Dist 1000 = 5.907 | Learner Steps = 12322 | Learner Walltime = 2422.680 | Min Dist = 0.004 | Min Dist 10 = 0.070 | Min Dist 100 = 0.133 | Min Dist 1000 = 0.275 | Steps Per Second = 68.408 | Success = 1.000 | Success 1000 = 0.989
I0502 15:46:40.342630 139579566835264 terminal.py:91] [Evaluator] Actor Episodes = 15979 | Actor Steps = 798950 | Delta Dist = 11.740 | Delta Dist 10 = 11.957 | Delta Dist 100 = 10.725 | Delta Dist 1000 = 10.767 | Episode Length = 50 | Episode Return = 7.0 | Evaluator Episodes = 4039 | Evaluator Steps = 201950 | Final Dist = 1.066 | Final Dist 10 = 0.849 | Final Dist 100 = 2.081 | Final Dist 1000 = 2.039 | Init Dist = 12.806 | Init Dist 10 = 12.806 | Init Dist 100 = 12.806 | Init Dist 1000 = 12.806 | Learner Steps = 12329 | Learner Walltime = 2424.181 | Min Dist = 0.225 | Min Dist 10 = 0.263 | Min Dist 100 = 1.318 | Min Dist 1000 = 1.293 | Steps Per Second = 79.780 | Success = 1.000 | Success 1000 = 0.857
I0502 15:46:40.434038 139557462840896 terminal.py:91] [Actor] Actor Episodes = 15981 | Actor Steps = 799050 | Delta Dist = 5.912 | Delta Dist 10 = 4.360 | Delta Dist 100 = 3.917 | Delta Dist 1000 = 4.145 | Episode Length = 50 | Episode Return = 30.0 | Evaluator Episodes = 4039 | Evaluator Steps = 201950 | Final Dist = 0.796 | Final Dist 10 = 0.912 | Final Dist 100 = 1.706 | Final Dist 1000 = 1.747 | Init Dist = 6.708 | Init Dist 10 = 5.272 | Init Dist 100 = 5.624 | Init Dist 1000 = 5.891 | Learner Steps = 12329 | Learner Walltime = 2424.181 | Min Dist = 0.147 | Min Dist 10 = 0.050 | Min Dist 100 = 0.129 | Min Dist 1000 = 0.275 | Steps Per Second = 88.294 | Success = 1.000 | Success 1000 = 0.989
I0502 15:46:41.631938 139579566835264 terminal.py:91] [Evaluator] Actor Episodes = 15987 | Actor Steps = 799350 | Delta Dist = 11.866 | Delta Dist 10 = 12.054 | Delta Dist 100 = 10.847 | Delta Dist 1000 = 10.769 | Episode Length = 50 | Episode Return = 33.0 | Evaluator Episodes = 4041 | Evaluator Steps = 202050 | Final Dist = 0.940 | Final Dist 10 = 0.752 | Final Dist 100 = 1.959 | Final Dist 1000 = 2.037 | Init Dist = 12.806 | Init Dist 10 = 12.806 | Init Dist 100 = 12.806 | Init Dist 1000 = 12.806 | Learner Steps = 12335 | Learner Walltime = 2425.237 | Min Dist = 0.040 | Min Dist 10 = 0.220 | Min Dist 100 = 1.191 | Min Dist 1000 = 1.293 | Steps Per Second = 83.161 | Success = 1.000 | Success 1000 = 0.857
I0502 15:46:42.807135 139579566835264 terminal.py:91] [Evaluator] Actor Episodes = 15995 | Actor Steps = 799750 | Delta Dist = 12.575 | Delta Dist 10 = 11.974 | Delta Dist 100 = 10.846 | Delta Dist 1000 = 10.780 | Episode Length = 50 | Episode Return = 21.0 | Evaluator Episodes = 4043 | Evaluator Steps = 202150 | Final Dist = 0.231 | Final Dist 10 = 0.832 | Final Dist 100 = 1.960 | Final Dist 1000 = 2.026 | Init Dist = 12.806 | Init Dist 10 = 12.806 | Init Dist 100 = 12.806 | Init Dist 1000 = 12.806 | Learner Steps = 12341 | Learner Walltime = 2426.652 | Min Dist = 0.083 | Min Dist 10 = 0.205 | Min Dist 100 = 1.187 | Min Dist 1000 = 1.282 | Steps Per Second = 84.200 | Success = 1.000 | Success 1000 = 0.858
I0502 15:46:43.687805 139583350109760 savers.py:156] Saving checkpoint: logs/contrastive_cpc_point_FourRooms_64/5dd72662-2788-11f0-b183-d85ed38c5779/checkpoints/learner
I0502 15:46:44.137712 139579566835264 terminal.py:91] [Evaluator] Actor Episodes = 16003 | Actor Steps = 800150 | Delta Dist = 12.009 | Delta Dist 10 = 12.082 | Delta Dist 100 = 10.857 | Delta Dist 1000 = 10.781 | Episode Length = 50 | Episode Return = 34.0 | Evaluator Episodes = 4045 | Evaluator Steps = 202250 | Final Dist = 0.797 | Final Dist 10 = 0.724 | Final Dist 100 = 1.949 | Final Dist 1000 = 2.025 | Init Dist = 12.806 | Init Dist 10 = 12.806 | Init Dist 100 = 12.806 | Init Dist 1000 = 12.806 | Learner Steps = 12347 | Learner Walltime = 2427.891 | Min Dist = 0.135 | Min Dist 10 = 0.201 | Min Dist 100 = 1.185 | Min Dist 1000 = 1.282 | Steps Per Second = 72.896 | Success = 1.000 | Success 1000 = 0.858
I0502 15:46:44.649041 139555013154368 terminal.py:91] [Learner] Actor Episodes = 15999 | Actor Loss = 3.487109661102295 | Actor Steps = 799950 | Binary Accuracy = 0.9960627555847168 | Categorical Accuracy = 0.411865234375 | Critic Loss = 1.9776438474655151 | Entropy Mean = -19.79357147216797 | Evaluator Episodes = 4043 | Evaluator Steps = 202150 | Learner Steps = 12352 | Learner Walltime = 2428.845 | Logits Neg = -15.82193660736084 | Logits Pos = -1.9329557418823242 | Logsumexp = 1.193203330039978 | Steps Per Second = 434.401
I0502 15:46:45.273087 139584635659840 savers.py:156] Saving checkpoint: logs/contrastive_cpc_point_FourRooms_64/5dd72662-2788-11f0-b183-d85ed38c5779/checkpoints/counter
I0502 15:46:45.474508 139579566835264 terminal.py:91] [Evaluator] Actor Episodes = 16011 | Actor Steps = 800550 | Delta Dist = 11.685 | Delta Dist 10 = 11.974 | Delta Dist 100 = 10.935 | Delta Dist 1000 = 10.781 | Episode Length = 50 | Episode Return = 5.0 | Evaluator Episodes = 4047 | Evaluator Steps = 202350 | Final Dist = 1.121 | Final Dist 10 = 0.833 | Final Dist 100 = 1.871 | Final Dist 1000 = 2.025 | Init Dist = 12.806 | Init Dist 10 = 12.806 | Init Dist 100 = 12.806 | Init Dist 1000 = 12.806 | Learner Steps = 12353 | Learner Walltime = 2428.906 | Min Dist = 0.041 | Min Dist 10 = 0.169 | Min Dist 100 = 1.123 | Min Dist 1000 = 1.282 | Steps Per Second = 75.592 | Success = 1.000 | Success 1000 = 0.858
I0502 15:46:46.704746 139579566835264 terminal.py:91] [Evaluator] Actor Episodes = 16019 | Actor Steps = 800950 | Delta Dist = 11.271 | Delta Dist 10 = 11.997 | Delta Dist 100 = 11.043 | Delta Dist 1000 = 10.786 | Episode Length = 50 | Episode Return = 11.0 | Evaluator Episodes = 4049 | Evaluator Steps = 202450 | Final Dist = 1.535 | Final Dist 10 = 0.810 | Final Dist 100 = 1.764 | Final Dist 1000 = 2.020 | Init Dist = 12.806 | Init Dist 10 = 12.806 | Init Dist 100 = 12.806 | Init Dist 1000 = 12.806 | Learner Steps = 12357 | Learner Walltime = 2430.147 | Min Dist = 0.212 | Min Dist 10 = 0.133 | Min Dist 100 = 1.002 | Min Dist 1000 = 1.276 | Steps Per Second = 83.407 | Success = 1.000 | Success 1000 = 0.859
I0502 15:46:47.322430 139558059398720 terminal.py:91] [Actor] Actor Episodes = 16020 | Actor Steps = 801000 | Delta Dist = -3.641 | Delta Dist 10 = 2.646 | Delta Dist 100 = 4.363 | Delta Dist 1000 = 4.131 | Episode Length = 50 | Episode Return = 0.0 | Evaluator Episodes = 4047 | Evaluator Steps = 202350 | Final Dist = 9.723 | Final Dist 10 = 4.386 | Final Dist 100 = 1.908 | Final Dist 1000 = 1.792 | Init Dist = 6.083 | Init Dist 10 = 7.032 | Init Dist 100 = 6.271 | Init Dist 1000 = 5.923 | Learner Steps = 12357 | Learner Walltime = 2430.147 | Min Dist = 0.018 | Min Dist 10 = 0.116 | Min Dist 100 = 0.290 | Min Dist 1000 = 0.287 | Steps Per Second = 78.379 | Success = 1.000 | Success 1000 = 0.988
I0502 15:46:47.992526 139579566835264 terminal.py:91] [Evaluator] Actor Episodes = 16025 | Actor Steps = 801250 | Delta Dist = 1.291 | Delta Dist 10 = 11.870 | Delta Dist 100 = 11.021 | Delta Dist 1000 = 10.785 | Episode Length = 50 | Episode Return = 0.0 | Evaluator Episodes = 4051 | Evaluator Steps = 202550 | Final Dist = 11.515 | Final Dist 10 = 0.936 | Final Dist 100 = 1.785 | Final Dist 1000 = 2.021 | Init Dist = 12.806 | Init Dist 10 = 12.806 | Init Dist 100 = 12.806 | Init Dist 1000 = 12.806 | Learner Steps = 12364 | Learner Walltime = 2431.423 | Min Dist = 10.333 | Min Dist 10 = 0.148 | Min Dist 100 = 1.006 | Min Dist 1000 = 1.276 | Steps Per Second = 75.660 | Success = 0.000 | Success 1000 = 0.859
I0502 15:46:48.585645 139569349502528 terminal.py:91] [Actor] Actor Episodes = 16026 | Actor Steps = 801300 | Delta Dist = 5.643 | Delta Dist 10 = 2.891 | Delta Dist 100 = 4.315 | Delta Dist 1000 = 4.123 | Episode Length = 50 | Episode Return = 19.0 | Evaluator Episodes = 4049 | Evaluator Steps = 202450 | Final Dist = 1.065 | Final Dist 10 = 3.610 | Final Dist 100 = 1.988 | Final Dist 1000 = 1.797 | Init Dist = 6.708 | Init Dist 10 = 6.501 | Init Dist 100 = 6.303 | Init Dist 1000 = 5.920 | Learner Steps = 12364 | Learner Walltime = 2431.423 | Min Dist = 0.011 | Min Dist 10 = 0.095 | Min Dist 100 = 0.284 | Min Dist 1000 = 0.287 | Steps Per Second = 77.718 | Success = 1.000 | Success 1000 = 0.988
I0502 15:46:49.138412 139584504182336 lp_utils.py:96] StepsLimiter: Reached 801550 recorded steps
I0502 15:46:49.166546 139579566835264 terminal.py:91] [Evaluator] Actor Episodes = 16031 | Actor Steps = 801550 | Delta Dist = 11.552 | Delta Dist 10 = 10.796 | Delta Dist 100 = 10.916 | Delta Dist 1000 = 10.775 | Episode Length = 50 | Episode Return = 14.0 | Evaluator Episodes = 4053 | Evaluator Steps = 202650 | Final Dist = 1.254 | Final Dist 10 = 2.010 | Final Dist 100 = 1.890 | Final Dist 1000 = 2.032 | Init Dist = 12.806 | Init Dist 10 = 12.806 | Init Dist 100 = 12.806 | Init Dist 1000 = 12.806 | Learner Steps = 12369 | Learner Walltime = 2432.490 | Min Dist = 0.068 | Min Dist 10 = 1.179 | Min Dist 100 = 1.109 | Min Dist 1000 = 1.287 | Steps Per Second = 85.074 | Success = 1.000 | Success 1000 = 0.858
I0502 15:46:50.005342 139555860620864 terminal.py:91] [Actor] Actor Episodes = 16038 | Actor Steps = 801900 | Delta Dist = 3.547 | Delta Dist 10 = 3.730 | Delta Dist 100 = 4.367 | Delta Dist 1000 = 4.127 | Episode Length = 50 | Episode Return = 36.0 | Evaluator Episodes = 4053 | Evaluator Steps = 202650 | Final Dist = 0.453 | Final Dist 10 = 3.313 | Final Dist 100 = 1.990 | Final Dist 1000 = 1.823 | Init Dist = 4.000 | Init Dist 10 = 7.043 | Init Dist 100 = 6.357 | Init Dist 1000 = 5.951 | Learner Steps = 12369 | Learner Walltime = 2432.490 | Min Dist = 0.044 | Min Dist 10 = 0.079 | Min Dist 100 = 0.274 | Min Dist 1000 = 0.287 | Steps Per Second = 82.081 | Success = 1.000 | Success 1000 = 0.988
I0502 15:46:50.414334 139579566835264 terminal.py:91] [Evaluator] Actor Episodes = 16039 | Actor Steps = 801950 | Delta Dist = 12.641 | Delta Dist 10 = 10.635 | Delta Dist 100 = 10.919 | Delta Dist 1000 = 10.775 | Episode Length = 50 | Episode Return = 7.0 | Evaluator Episodes = 4055 | Evaluator Steps = 202750 | Final Dist = 0.165 | Final Dist 10 = 2.171 | Final Dist 100 = 1.887 | Final Dist 1000 = 2.032 | Init Dist = 12.806 | Init Dist 10 = 12.806 | Init Dist 100 = 12.806 | Init Dist 1000 = 12.806 | Learner Steps = 12376 | Learner Walltime = 2433.959 | Min Dist = 0.164 | Min Dist 10 = 1.182 | Min Dist 100 = 1.101 | Min Dist 1000 = 1.286 | Steps Per Second = 79.714 | Success = 1.000 | Success 1000 = 0.858
I0502 15:46:50.952970 139557462840896 terminal.py:91] [Actor] Actor Episodes = 16047 | Actor Steps = 802350 | Delta Dist = 6.981 | Delta Dist 10 = 4.105 | Delta Dist 100 = 4.350 | Delta Dist 1000 = 4.110 | Episode Length = 50 | Episode Return = 42.0 | Evaluator Episodes = 4055 | Evaluator Steps = 202750 | Final Dist = 1.622 | Final Dist 10 = 2.018 | Final Dist 100 = 2.005 | Final Dist 1000 = 1.825 | Init Dist = 8.602 | Init Dist 10 = 6.123 | Init Dist 100 = 6.354 | Init Dist 1000 = 5.935 | Learner Steps = 12376 | Learner Walltime = 2433.959 | Min Dist = 0.070 | Min Dist 10 = 0.052 | Min Dist 100 = 0.274 | Min Dist 1000 = 0.287 | Steps Per Second = 78.067 | Success = 1.000 | Success 1000 = 0.988
I0502 15:46:51.662315 139579566835264 terminal.py:91] [Evaluator] Actor Episodes = 16047 | Actor Steps = 802350 | Delta Dist = 11.864 | Delta Dist 10 = 10.729 | Delta Dist 100 = 10.927 | Delta Dist 1000 = 10.781 | Episode Length = 50 | Episode Return = 24.0 | Evaluator Episodes = 4057 | Evaluator Steps = 202850 | Final Dist = 0.943 | Final Dist 10 = 2.077 | Final Dist 100 = 1.879 | Final Dist 1000 = 2.026 | Init Dist = 12.806 | Init Dist 10 = 12.806 | Init Dist 100 = 12.806 | Init Dist 1000 = 12.806 | Learner Steps = 12383 | Learner Walltime = 2435.281 | Min Dist = 0.241 | Min Dist 10 = 1.198 | Min Dist 100 = 1.101 | Min Dist 1000 = 1.281 | Steps Per Second = 82.808 | Success = 1.000 | Success 1000 = 0.859
I0502 15:46:53.039317 139579566835264 terminal.py:91] [Evaluator] Actor Episodes = 16055 | Actor Steps = 802750 | Delta Dist = 12.253 | Delta Dist 10 = 10.722 | Delta Dist 100 = 10.922 | Delta Dist 1000 = 10.779 | Episode Length = 50 | Episode Return = 6.0 | Evaluator Episodes = 4059 | Evaluator Steps = 202950 | Final Dist = 0.553 | Final Dist 10 = 2.084 | Final Dist 100 = 1.885 | Final Dist 1000 = 2.027 | Init Dist = 12.806 | Init Dist 10 = 12.806 | Init Dist 100 = 12.806 | Init Dist 1000 = 12.806 | Learner Steps = 12389 | Learner Walltime = 2436.350 | Min Dist = 0.270 | Min Dist 10 = 1.209 | Min Dist 100 = 1.100 | Min Dist 1000 = 1.281 | Steps Per Second = 74.144 | Success = 1.000 | Success 1000 = 0.859
I0502 15:46:54.339400 139579566835264 terminal.py:91] [Evaluator] Actor Episodes = 16065 | Actor Steps = 803250 | Delta Dist = 11.338 | Delta Dist 10 = 10.849 | Delta Dist 100 = 11.010 | Delta Dist 1000 = 10.779 | Episode Length = 50 | Episode Return = 15.0 | Evaluator Episodes = 4061 | Evaluator Steps = 203050 | Final Dist = 1.468 | Final Dist 10 = 1.958 | Final Dist 100 = 1.796 | Final Dist 1000 = 2.027 | Init Dist = 12.806 | Init Dist 10 = 12.806 | Init Dist 100 = 12.806 | Init Dist 1000 = 12.806 | Learner Steps = 12393 | Learner Walltime = 2437.381 | Min Dist = 0.192 | Min Dist 10 = 1.198 | Min Dist 100 = 1.029 | Min Dist 1000 = 1.281 | Steps Per Second = 78.448 | Success = 1.000 | Success 1000 = 0.859
I0502 15:46:54.754149 139555013154368 terminal.py:91] [Learner] Actor Episodes = 16065 | Actor Loss = 3.5340075492858887 | Actor Steps = 803250 | Binary Accuracy = 0.9960010051727295 | Categorical Accuracy = 0.419921875 | Critic Loss = 1.9122874736785889 | Entropy Mean = -20.91640853881836 | Evaluator Episodes = 4061 | Evaluator Steps = 203050 | Learner Steps = 12400 | Learner Walltime = 2438.950 | Logits Neg = -16.164569854736328 | Logits Pos = -1.8786518573760986 | Logsumexp = 1.2568683624267578 | Steps Per Second = 186.674
I0502 15:46:55.679201 139579566835264 terminal.py:91] [Evaluator] Actor Episodes = 16073 | Actor Steps = 803650 | Delta Dist = 11.805 | Delta Dist 10 = 11.856 | Delta Dist 100 = 11.005 | Delta Dist 1000 = 10.779 | Episode Length = 50 | Episode Return = 0.0 | Evaluator Episodes = 4063 | Evaluator Steps = 203150 | Final Dist = 1.001 | Final Dist 10 = 0.950 | Final Dist 100 = 1.801 | Final Dist 1000 = 2.027 | Init Dist = 12.806 | Init Dist 10 = 12.806 | Init Dist 100 = 12.806 | Init Dist 1000 = 12.806 | Learner Steps = 12399 | Learner Walltime = 2438.607 | Min Dist = 1.001 | Min Dist 10 = 0.241 | Min Dist 100 = 1.036 | Min Dist 1000 = 1.282 | Steps Per Second = 76.039 | Success = 0.000 | Success 1000 = 0.859
I0502 15:46:56.911155 139579566835264 terminal.py:91] [Evaluator] Actor Episodes = 16081 | Actor Steps = 804050 | Delta Dist = 11.450 | Delta Dist 10 = 11.823 | Delta Dist 100 = 11.035 | Delta Dist 1000 = 10.787 | Episode Length = 50 | Episode Return = 9.0 | Evaluator Episodes = 4065 | Evaluator Steps = 203250 | Final Dist = 1.357 | Final Dist 10 = 0.983 | Final Dist 100 = 1.771 | Final Dist 1000 = 2.019 | Init Dist = 12.806 | Init Dist 10 = 12.806 | Init Dist 100 = 12.806 | Init Dist 1000 = 12.806 | Learner Steps = 12405 | Learner Walltime = 2439.904 | Min Dist = 0.226 | Min Dist 10 = 0.382 | Min Dist 100 = 1.015 | Min Dist 1000 = 1.275 | Steps Per Second = 77.712 | Success = 1.000 | Success 1000 = 0.860
I0502 15:46:57.852415 139558059398720 terminal.py:91] [Actor] Actor Episodes = 16084 | Actor Steps = 804200 | Delta Dist = 1.493 | Delta Dist 10 = 2.663 | Delta Dist 100 = 4.355 | Delta Dist 1000 = 4.116 | Episode Length = 50 | Episode Return = 0.0 | Evaluator Episodes = 4065 | Evaluator Steps = 203250 | Final Dist = 3.507 | Final Dist 10 = 2.035 | Final Dist 100 = 2.148 | Final Dist 1000 = 1.805 | Init Dist = 5.000 | Init Dist 10 = 4.698 | Init Dist 100 = 6.502 | Init Dist 1000 = 5.921 | Learner Steps = 12411 | Learner Walltime = 2441.147 | Min Dist = 0.027 | Min Dist 10 = 1.001 | Min Dist 100 = 0.243 | Min Dist 1000 = 0.293 | Steps Per Second = 78.790 | Success = 1.000 | Success 1000 = 0.988
I0502 15:46:58.258096 139579566835264 terminal.py:91] [Evaluator] Actor Episodes = 16089 | Actor Steps = 804450 | Delta Dist = 12.019 | Delta Dist 10 = 11.648 | Delta Dist 100 = 11.036 | Delta Dist 1000 = 10.785 | Episode Length = 50 | Episode Return = 26.0 | Evaluator Episodes = 4067 | Evaluator Steps = 203350 | Final Dist = 0.788 | Final Dist 10 = 1.158 | Final Dist 100 = 1.770 | Final Dist 1000 = 2.021 | Init Dist = 12.806 | Init Dist 10 = 12.806 | Init Dist 100 = 12.806 | Init Dist 1000 = 12.806 | Learner Steps = 12417 | Learner Walltime = 2442.410 | Min Dist = 0.042 | Min Dist 10 = 0.379 | Min Dist 100 = 1.016 | Min Dist 1000 = 1.274 | Steps Per Second = 71.313 | Success = 1.000 | Success 1000 = 0.860
I0502 15:46:58.832321 139569349502528 terminal.py:91] [Actor] Actor Episodes = 16090 | Actor Steps = 804500 | Delta Dist = 2.580 | Delta Dist 10 = 3.229 | Delta Dist 100 = 4.160 | Delta Dist 1000 = 4.116 | Episode Length = 50 | Episode Return = 34.0 | Evaluator Episodes = 4065 | Evaluator Steps = 203250 | Final Dist = 0.248 | Final Dist 10 = 2.022 | Final Dist 100 = 2.120 | Final Dist 1000 = 1.797 | Init Dist = 2.828 | Init Dist 10 = 5.251 | Init Dist 100 = 6.280 | Init Dist 1000 = 5.913 | Learner Steps = 12411 | Learner Walltime = 2441.147 | Min Dist = 0.034 | Min Dist 10 = 0.981 | Min Dist 100 = 0.244 | Min Dist 1000 = 0.293 | Steps Per Second = 71.355 | Success = 1.000 | Success 1000 = 0.988
I0502 15:46:59.159667 139584504182336 lp_utils.py:96] StepsLimiter: Reached 804750 recorded steps
I0502 15:46:59.471268 139579566835264 terminal.py:91] [Evaluator] Actor Episodes = 16095 | Actor Steps = 804750 | Delta Dist = 12.154 | Delta Dist 10 = 10.617 | Delta Dist 100 = 10.986 | Delta Dist 1000 = 10.775 | Episode Length = 50 | Episode Return = 16.0 | Evaluator Episodes = 4069 | Evaluator Steps = 203450 | Final Dist = 0.652 | Final Dist 10 = 2.189 | Final Dist 100 = 1.820 | Final Dist 1000 = 2.031 | Init Dist = 12.806 | Init Dist 10 = 12.806 | Init Dist 100 = 12.806 | Init Dist 1000 = 12.806 | Learner Steps = 12423 | Learner Walltime = 2443.567 | Min Dist = 0.190 | Min Dist 10 = 1.455 | Min Dist 100 = 1.064 | Min Dist 1000 = 1.285 | Steps Per Second = 78.139 | Success = 1.000 | Success 1000 = 0.859
I0502 15:47:00.452913 139555860620864 terminal.py:91] [Actor] Actor Episodes = 16102 | Actor Steps = 805100 | Delta Dist = 5.345 | Delta Dist 10 = 3.848 | Delta Dist 100 = 4.114 | Delta Dist 1000 = 4.109 | Episode Length = 50 | Episode Return = 12.0 | Evaluator Episodes = 4069 | Evaluator Steps = 203450 | Final Dist = 0.040 | Final Dist 10 = 1.283 | Final Dist 100 = 2.092 | Final Dist 1000 = 1.792 | Init Dist = 5.385 | Init Dist 10 = 5.131 | Init Dist 100 = 6.205 | Init Dist 1000 = 5.901 | Learner Steps = 12423 | Learner Walltime = 2443.567 | Min Dist = 0.040 | Min Dist 10 = 0.070 | Min Dist 100 = 0.189 | Min Dist 1000 = 0.291 | Steps Per Second = 80.764 | Success = 1.000 | Success 1000 = 0.989
I0502 15:47:00.804467 139579566835264 terminal.py:91] [Evaluator] Actor Episodes = 16103 | Actor Steps = 805150 | Delta Dist = 5.291 | Delta Dist 10 = 10.609 | Delta Dist 100 = 10.991 | Delta Dist 1000 = 10.774 | Episode Length = 50 | Episode Return = 0.0 | Evaluator Episodes = 4071 | Evaluator Steps = 203550 | Final Dist = 7.515 | Final Dist 10 = 2.197 | Final Dist 100 = 1.815 | Final Dist 1000 = 2.032 | Init Dist = 12.806 | Init Dist 10 = 12.806 | Init Dist 100 = 12.806 | Init Dist 1000 = 12.806 | Learner Steps = 12428 | Learner Walltime = 2444.756 | Min Dist = 7.039 | Min Dist 10 = 1.483 | Min Dist 100 = 1.068 | Min Dist 1000 = 1.285 | Steps Per Second = 78.474 | Success = 0.000 | Success 1000 = 0.859
I0502 15:47:01.557645 139557462840896 terminal.py:91] [Actor] Actor Episodes = 16111 | Actor Steps = 805550 | Delta Dist = 9.118 | Delta Dist 10 = 4.043 | Delta Dist 100 = 4.007 | Delta Dist 1000 = 4.104 | Episode Length = 50 | Episode Return = 32.0 | Evaluator Episodes = 4071 | Evaluator Steps = 203550 | Final Dist = 0.102 | Final Dist 10 = 1.088 | Final Dist 100 = 2.101 | Final Dist 1000 = 1.793 | Init Dist = 9.220 | Init Dist 10 = 5.131 | Init Dist 100 = 6.108 | Init Dist 1000 = 5.897 | Learner Steps = 12428 | Learner Walltime = 2444.756 | Min Dist = 0.017 | Min Dist 10 = 0.094 | Min Dist 100 = 0.189 | Min Dist 1000 = 0.290 | Steps Per Second = 65.303 | Success = 1.000 | Success 1000 = 0.989
I0502 15:47:02.179759 139579566835264 terminal.py:91] [Evaluator] Actor Episodes = 16113 | Actor Steps = 805650 | Delta Dist = 12.506 | Delta Dist 10 = 10.000 | Delta Dist 100 = 10.922 | Delta Dist 1000 = 10.767 | Episode Length = 50 | Episode Return = 15.0 | Evaluator Episodes = 4073 | Evaluator Steps = 203650 | Final Dist = 0.301 | Final Dist 10 = 2.807 | Final Dist 100 = 1.884 | Final Dist 1000 = 2.039 | Init Dist = 12.806 | Init Dist 10 = 12.806 | Init Dist 100 = 12.806 | Init Dist 1000 = 12.806 | Learner Steps = 12433 | Learner Walltime = 2445.865 | Min Dist = 0.301 | Min Dist 10 = 2.092 | Min Dist 100 = 1.131 | Min Dist 1000 = 1.292 | Steps Per Second = 71.882 | Success = 1.000 | Success 1000 = 0.858
I0502 15:47:03.531533 139579566835264 terminal.py:91] [Evaluator] Actor Episodes = 16121 | Actor Steps = 806050 | Delta Dist = 12.445 | Delta Dist 10 = 10.070 | Delta Dist 100 = 11.097 | Delta Dist 1000 = 10.768 | Episode Length = 50 | Episode Return = 4.0 | Evaluator Episodes = 4075 | Evaluator Steps = 203750 | Final Dist = 0.361 | Final Dist 10 = 2.736 | Final Dist 100 = 1.709 | Final Dist 1000 = 2.038 | Init Dist = 12.806 | Init Dist 10 = 12.806 | Init Dist 100 = 12.806 | Init Dist 1000 = 12.806 | Learner Steps = 12439 | Learner Walltime = 2447.136 | Min Dist = 0.042 | Min Dist 10 = 1.968 | Min Dist 100 = 0.968 | Min Dist 1000 = 1.292 | Steps Per Second = 73.346 | Success = 1.000 | Success 1000 = 0.858
I0502 15:47:04.881802 139579566835264 terminal.py:91] [Evaluator] Actor Episodes = 16129 | Actor Steps = 806450 | Delta Dist = 11.367 | Delta Dist 10 = 10.174 | Delta Dist 100 = 11.107 | Delta Dist 1000 = 10.779 | Episode Length = 50 | Episode Return = 8.0 | Evaluator Episodes = 4077 | Evaluator Steps = 203850 | Final Dist = 1.439 | Final Dist 10 = 2.633 | Final Dist 100 = 1.700 | Final Dist 1000 = 2.027 | Init Dist = 12.806 | Init Dist 10 = 12.806 | Init Dist 100 = 12.806 | Init Dist 1000 = 12.806 | Learner Steps = 12444 | Learner Walltime = 2448.185 | Min Dist = 0.239 | Min Dist 10 = 1.971 | Min Dist 100 = 0.949 | Min Dist 1000 = 1.282 | Steps Per Second = 73.737 | Success = 1.000 | Success 1000 = 0.859
I0502 15:47:04.937070 139555013154368 terminal.py:91] [Learner] Actor Episodes = 16125 | Actor Loss = 3.5638427734375 | Actor Steps = 806250 | Binary Accuracy = 0.995974063873291 | Categorical Accuracy = 0.40191650390625 | Critic Loss = 1.9807149171829224 | Entropy Mean = -19.97429847717285 | Evaluator Episodes = 4075 | Evaluator Steps = 203750 | Learner Steps = 12448 | Learner Walltime = 2449.129 | Logits Neg = -15.996562004089355 | Logits Pos = -1.9575492143630981 | Logsumexp = 1.3335734605789185 | Steps Per Second = 176.355
I0502 15:47:06.261225 139579566835264 terminal.py:91] [Evaluator] Actor Episodes = 16137 | Actor Steps = 806850 | Delta Dist = 12.214 | Delta Dist 10 = 10.527 | Delta Dist 100 = 11.028 | Delta Dist 1000 = 10.777 | Episode Length = 50 | Episode Return = 24.0 | Evaluator Episodes = 4079 | Evaluator Steps = 203950 | Final Dist = 0.592 | Final Dist 10 = 2.279 | Final Dist 100 = 1.778 | Final Dist 1000 = 2.029 | Init Dist = 12.806 | Init Dist 10 = 12.806 | Init Dist 100 = 12.806 | Init Dist 1000 = 12.806 | Learner Steps = 12454 | Learner Walltime = 2450.384 | Min Dist = 0.207 | Min Dist 10 = 1.589 | Min Dist 100 = 1.017 | Min Dist 1000 = 1.283 | Steps Per Second = 75.872 | Success = 1.000 | Success 1000 = 0.859
I0502 15:47:07.530291 139579566835264 terminal.py:91] [Evaluator] Actor Episodes = 16145 | Actor Steps = 807250 | Delta Dist = 11.883 | Delta Dist 10 = 10.485 | Delta Dist 100 = 11.029 | Delta Dist 1000 = 10.777 | Episode Length = 50 | Episode Return = 12.0 | Evaluator Episodes = 4081 | Evaluator Steps = 204050 | Final Dist = 0.924 | Final Dist 10 = 2.321 | Final Dist 100 = 1.778 | Final Dist 1000 = 2.029 | Init Dist = 12.806 | Init Dist 10 = 12.806 | Init Dist 100 = 12.806 | Init Dist 1000 = 12.806 | Learner Steps = 12460 | Learner Walltime = 2451.681 | Min Dist = 0.150 | Min Dist 10 = 1.574 | Min Dist 100 = 1.018 | Min Dist 1000 = 1.284 | Steps Per Second = 82.869 | Success = 1.000 | Success 1000 = 0.859
I0502 15:47:07.975335 139558059398720 terminal.py:91] [Actor] Actor Episodes = 16149 | Actor Steps = 807450 | Delta Dist = -0.740 | Delta Dist 10 = 4.583 | Delta Dist 100 = 4.160 | Delta Dist 1000 = 4.116 | Episode Length = 50 | Episode Return = 0.0 | Evaluator Episodes = 4081 | Evaluator Steps = 204050 | Final Dist = 5.839 | Final Dist 10 = 1.534 | Final Dist 100 = 1.706 | Final Dist 1000 = 1.803 | Init Dist = 5.099 | Init Dist 10 = 6.117 | Init Dist 100 = 5.866 | Init Dist 1000 = 5.919 | Learner Steps = 12460 | Learner Walltime = 2451.681 | Min Dist = 0.185 | Min Dist 10 = 0.074 | Min Dist 100 = 0.269 | Min Dist 1000 = 0.297 | Steps Per Second = 70.637 | Success = 1.000 | Success 1000 = 0.990
I0502 15:47:08.855189 139579566835264 terminal.py:91] [Evaluator] Actor Episodes = 16153 | Actor Steps = 807650 | Delta Dist = 12.529 | Delta Dist 10 = 10.510 | Delta Dist 100 = 11.047 | Delta Dist 1000 = 10.771 | Episode Length = 50 | Episode Return = 14.0 | Evaluator Episodes = 4083 | Evaluator Steps = 204150 | Final Dist = 0.277 | Final Dist 10 = 2.296 | Final Dist 100 = 1.759 | Final Dist 1000 = 2.035 | Init Dist = 12.806 | Init Dist 10 = 12.806 | Init Dist 100 = 12.806 | Init Dist 1000 = 12.806 | Learner Steps = 12466 | Learner Walltime = 2452.929 | Min Dist = 0.224 | Min Dist 10 = 1.503 | Min Dist 100 = 1.006 | Min Dist 1000 = 1.290 | Steps Per Second = 78.448 | Success = 1.000 | Success 1000 = 0.858
I0502 15:47:09.173146 139584504182336 lp_utils.py:96] StepsLimiter: Reached 807650 recorded steps
I0502 15:47:09.201635 139569349502528 terminal.py:91] [Actor] Actor Episodes = 16154 | Actor Steps = 807700 | Delta Dist = 2.625 | Delta Dist 10 = 3.311 | Delta Dist 100 = 4.120 | Delta Dist 1000 = 4.098 | Episode Length = 50 | Episode Return = 41.0 | Evaluator Episodes = 4081 | Evaluator Steps = 204050 | Final Dist = 0.538 | Final Dist 10 = 2.329 | Final Dist 100 = 1.710 | Final Dist 1000 = 1.813 | Init Dist = 3.162 | Init Dist 10 = 5.641 | Init Dist 100 = 5.831 | Init Dist 1000 = 5.910 | Learner Steps = 12460 | Learner Walltime = 2451.681 | Min Dist = 0.538 | Min Dist 10 = 1.053 | Min Dist 100 = 0.366 | Min Dist 1000 = 0.306 | Steps Per Second = 84.873 | Success = 1.000 | Success 1000 = 0.989
I0502 15:47:10.107261 139579566835264 terminal.py:91] [Evaluator] Actor Episodes = 16161 | Actor Steps = 808050 | Delta Dist = 4.949 | Delta Dist 10 = 10.603 | Delta Dist 100 = 11.058 | Delta Dist 1000 = 10.779 | Episode Length = 50 | Episode Return = 0.0 | Evaluator Episodes = 4085 | Evaluator Steps = 204250 | Final Dist = 7.858 | Final Dist 10 = 2.203 | Final Dist 100 = 1.748 | Final Dist 1000 = 2.027 | Init Dist = 12.806 | Init Dist 10 = 12.806 | Init Dist 100 = 12.806 | Init Dist 1000 = 12.806 | Learner Steps = 12472 | Learner Walltime = 2454.170 | Min Dist = 6.244 | Min Dist 10 = 1.487 | Min Dist 100 = 1.006 | Min Dist 1000 = 1.284 | Steps Per Second = 79.470 | Success = 0.000 | Success 1000 = 0.859
I0502 15:47:10.529977 139555860620864 terminal.py:91] [Actor] Actor Episodes = 16163 | Actor Steps = 808150 | Delta Dist = 7.894 | Delta Dist 10 = 3.962 | Delta Dist 100 = 4.014 | Delta Dist 1000 = 4.108 | Episode Length = 50 | Episode Return = 36.0 | Evaluator Episodes = 4085 | Evaluator Steps = 204250 | Final Dist = 0.168 | Final Dist 10 = 1.544 | Final Dist 100 = 1.610 | Final Dist 1000 = 1.802 | Init Dist = 8.062 | Init Dist 10 = 5.506 | Init Dist 100 = 5.624 | Init Dist 1000 = 5.910 | Learner Steps = 12472 | Learner Walltime = 2454.170 | Min Dist = 0.168 | Min Dist 10 = 0.161 | Min Dist 100 = 0.364 | Min Dist 1000 = 0.301 | Steps Per Second = 76.024 | Success = 1.000 | Success 1000 = 0.989
I0502 15:47:11.397721 139579566835264 terminal.py:91] [Evaluator] Actor Episodes = 16169 | Actor Steps = 808450 | Delta Dist = 6.360 | Delta Dist 10 = 9.856 | Delta Dist 100 = 10.981 | Delta Dist 1000 = 10.773 | Episode Length = 50 | Episode Return = 0.0 | Evaluator Episodes = 4087 | Evaluator Steps = 204350 | Final Dist = 6.446 | Final Dist 10 = 2.951 | Final Dist 100 = 1.825 | Final Dist 1000 = 2.034 | Init Dist = 12.806 | Init Dist 10 = 12.806 | Init Dist 100 = 12.806 | Init Dist 1000 = 12.806 | Learner Steps = 12478 | Learner Walltime = 2455.429 | Min Dist = 6.324 | Min Dist 10 = 2.088 | Min Dist 100 = 1.056 | Min Dist 1000 = 1.290 | Steps Per Second = 75.656 | Success = 0.000 | Success 1000 = 0.858
I0502 15:47:12.055629 139557462840896 terminal.py:91] [Actor] Actor Episodes = 16175 | Actor Steps = 808750 | Delta Dist = 2.068 | Delta Dist 10 = 4.814 | Delta Dist 100 = 3.903 | Delta Dist 1000 = 4.116 | Episode Length = 50 | Episode Return = 39.0 | Evaluator Episodes = 4087 | Evaluator Steps = 204350 | Final Dist = 0.932 | Final Dist 10 = 0.859 | Final Dist 100 = 1.596 | Final Dist 1000 = 1.782 | Init Dist = 3.000 | Init Dist 10 = 5.673 | Init Dist 100 = 5.499 | Init Dist 1000 = 5.899 | Learner Steps = 12478 | Learner Walltime = 2455.429 | Min Dist = 0.066 | Min Dist 10 = 0.165 | Min Dist 100 = 0.372 | Min Dist 1000 = 0.300 | Steps Per Second = 70.652 | Success = 1.000 | Success 1000 = 0.988
I0502 15:47:12.789372 139579566835264 terminal.py:91] [Evaluator] Actor Episodes = 16177 | Actor Steps = 808850 | Delta Dist = 11.489 | Delta Dist 10 = 9.355 | Delta Dist 100 = 10.927 | Delta Dist 1000 = 10.761 | Episode Length = 50 | Episode Return = 4.0 | Evaluator Episodes = 4089 | Evaluator Steps = 204450 | Final Dist = 1.317 | Final Dist 10 = 3.452 | Final Dist 100 = 1.879 | Final Dist 1000 = 2.046 | Init Dist = 12.806 | Init Dist 10 = 12.806 | Init Dist 100 = 12.806 | Init Dist 1000 = 12.806 | Learner Steps = 12484 | Learner Walltime = 2456.733 | Min Dist = 0.293 | Min Dist 10 = 2.605 | Min Dist 100 = 1.116 | Min Dist 1000 = 1.302 | Steps Per Second = 68.814 | Success = 1.000 | Success 1000 = 0.856
I0502 15:47:14.050242 139579566835264 terminal.py:91] [Evaluator] Actor Episodes = 16185 | Actor Steps = 809250 | Delta Dist = 12.268 | Delta Dist 10 = 9.378 | Delta Dist 100 = 10.999 | Delta Dist 1000 = 10.761 | Episode Length = 50 | Episode Return = 23.0 | Evaluator Episodes = 4091 | Evaluator Steps = 204550 | Final Dist = 0.539 | Final Dist 10 = 3.428 | Final Dist 100 = 1.807 | Final Dist 1000 = 2.045 | Init Dist = 12.806 | Init Dist 10 = 12.806 | Init Dist 100 = 12.806 | Init Dist 1000 = 12.806 | Learner Steps = 12491 | Learner Walltime = 2458.081 | Min Dist = 0.068 | Min Dist 10 = 2.593 | Min Dist 100 = 1.054 | Min Dist 1000 = 1.302 | Steps Per Second = 75.446 | Success = 1.000 | Success 1000 = 0.856
I0502 15:47:15.227642 139555013154368 terminal.py:91] [Learner] Actor Episodes = 16193 | Actor Loss = 3.60507869720459 | Actor Steps = 809650 | Binary Accuracy = 0.9960081577301025 | Categorical Accuracy = 0.4158935546875 | Critic Loss = 1.946943998336792 | Entropy Mean = -18.39893341064453 | Evaluator Episodes = 4091 | Evaluator Steps = 204550 | Learner Steps = 12497 | Learner Walltime = 2459.425 | Logits Neg = -15.894427299499512 | Logits Pos = -1.9513049125671387 | Logsumexp = 1.2192528247833252 | Steps Per Second = 121.323
I0502 15:47:15.389029 139579566835264 terminal.py:91] [Evaluator] Actor Episodes = 16193 | Actor Steps = 809650 | Delta Dist = 11.864 | Delta Dist 10 = 10.046 | Delta Dist 100 = 11.054 | Delta Dist 1000 = 10.761 | Episode Length = 50 | Episode Return = 33.0 | Evaluator Episodes = 4093 | Evaluator Steps = 204650 | Final Dist = 0.942 | Final Dist 10 = 2.760 | Final Dist 100 = 1.753 | Final Dist 1000 = 2.045 | Init Dist = 12.806 | Init Dist 10 = 12.806 | Init Dist 100 = 12.806 | Init Dist 1000 = 12.806 | Learner Steps = 12497 | Learner Walltime = 2459.425 | Min Dist = 0.911 | Min Dist 10 = 1.970 | Min Dist 100 = 1.017 | Min Dist 1000 = 1.302 | Steps Per Second = 86.879 | Success = 1.000 | Success 1000 = 0.856
I0502 15:47:16.747162 139579566835264 terminal.py:91] [Evaluator] Actor Episodes = 16201 | Actor Steps = 810050 | Delta Dist = 12.023 | Delta Dist 10 = 9.993 | Delta Dist 100 = 11.069 | Delta Dist 1000 = 10.763 | Episode Length = 50 | Episode Return = 15.0 | Evaluator Episodes = 4095 | Evaluator Steps = 204750 | Final Dist = 0.783 | Final Dist 10 = 2.813 | Final Dist 100 = 1.737 | Final Dist 1000 = 2.044 | Init Dist = 12.806 | Init Dist 10 = 12.806 | Init Dist 100 = 12.806 | Init Dist 1000 = 12.806 | Learner Steps = 12503 | Learner Walltime = 2460.819 | Min Dist = 0.186 | Min Dist 10 = 2.054 | Min Dist 100 = 1.013 | Min Dist 1000 = 1.302 | Steps Per Second = 76.053 | Success = 1.000 | Success 1000 = 0.856
I0502 15:47:17.902666 139579566835264 terminal.py:91] [Evaluator] Actor Episodes = 16209 | Actor Steps = 810450 | Delta Dist = 6.961 | Delta Dist 10 = 10.809 | Delta Dist 100 = 11.087 | Delta Dist 1000 = 10.763 | Episode Length = 50 | Episode Return = 0.0 | Evaluator Episodes = 4097 | Evaluator Steps = 204850 | Final Dist = 5.845 | Final Dist 10 = 1.997 | Final Dist 100 = 1.719 | Final Dist 1000 = 2.043 | Init Dist = 12.806 | Init Dist 10 = 12.806 | Init Dist 100 = 12.806 | Init Dist 1000 = 12.806 | Learner Steps = 12508 | Learner Walltime = 2462.027 | Min Dist = 5.845 | Min Dist 10 = 1.457 | Min Dist 100 = 1.013 | Min Dist 1000 = 1.302 | Steps Per Second = 83.825 | Success = 0.000 | Success 1000 = 0.856
I0502 15:47:18.310340 139558059398720 terminal.py:91] [Actor] Actor Episodes = 16213 | Actor Steps = 810650 | Delta Dist = 4.550 | Delta Dist 10 = 4.312 | Delta Dist 100 = 4.194 | Delta Dist 1000 = 4.146 | Episode Length = 50 | Episode Return = 30.0 | Evaluator Episodes = 4097 | Evaluator Steps = 204850 | Final Dist = 0.549 | Final Dist 10 = 1.598 | Final Dist 100 = 1.608 | Final Dist 1000 = 1.737 | Init Dist = 5.099 | Init Dist 10 = 5.909 | Init Dist 100 = 5.803 | Init Dist 1000 = 5.882 | Learner Steps = 12508 | Learner Walltime = 2462.027 | Min Dist = 0.549 | Min Dist 10 = 0.230 | Min Dist 100 = 0.352 | Min Dist 1000 = 0.281 | Steps Per Second = 86.789 | Success = 1.000 | Success 1000 = 0.988
I0502 15:47:19.119925 139579566835264 terminal.py:91] [Evaluator] Actor Episodes = 16217 | Actor Steps = 810850 | Delta Dist = 12.546 | Delta Dist 10 = 11.646 | Delta Dist 100 = 11.048 | Delta Dist 1000 = 10.759 | Episode Length = 50 | Episode Return = 16.0 | Evaluator Episodes = 4099 | Evaluator Steps = 204950 | Final Dist = 0.260 | Final Dist 10 = 1.160 | Final Dist 100 = 1.759 | Final Dist 1000 = 2.047 | Init Dist = 12.806 | Init Dist 10 = 12.806 | Init Dist 100 = 12.806 | Init Dist 1000 = 12.806 | Learner Steps = 12515 | Learner Walltime = 2463.198 | Min Dist = 0.248 | Min Dist 10 = 0.799 | Min Dist 100 = 1.069 | Min Dist 1000 = 1.308 | Steps Per Second = 80.468 | Success = 1.000 | Success 1000 = 0.855
I0502 15:47:19.192928 139584504182336 lp_utils.py:96] StepsLimiter: Reached 810850 recorded steps
I0502 15:47:19.783860 139569349502528 terminal.py:91] [Actor] Actor Episodes = 16218 | Actor Steps = 810900 | Delta Dist = 7.343 | Delta Dist 10 = 5.008 | Delta Dist 100 = 4.379 | Delta Dist 1000 = 4.156 | Episode Length = 50 | Episode Return = 37.0 | Evaluator Episodes = 4097 | Evaluator Steps = 204850 | Final Dist = 0.273 | Final Dist 10 = 0.746 | Final Dist 100 = 1.479 | Final Dist 1000 = 1.722 | Init Dist = 7.616 | Init Dist 10 = 5.754 | Init Dist 100 = 5.858 | Init Dist 1000 = 5.878 | Learner Steps = 12515 | Learner Walltime = 2463.198 | Min Dist = 0.079 | Min Dist 10 = 0.126 | Min Dist 100 = 0.268 | Min Dist 1000 = 0.280 | Steps Per Second = 69.200 | Success = 1.000 | Success 1000 = 0.988
I0502 15:47:20.434701 139579566835264 terminal.py:91] [Evaluator] Actor Episodes = 16225 | Actor Steps = 811250 | Delta Dist = 11.389 | Delta Dist 10 = 11.658 | Delta Dist 100 = 11.043 | Delta Dist 1000 = 10.759 | Episode Length = 50 | Episode Return = 24.0 | Evaluator Episodes = 4101 | Evaluator Steps = 205050 | Final Dist = 1.418 | Final Dist 10 = 1.148 | Final Dist 100 = 1.763 | Final Dist 1000 = 2.047 | Init Dist = 12.806 | Init Dist 10 = 12.806 | Init Dist 100 = 12.806 | Init Dist 1000 = 12.806 | Learner Steps = 12521 | Learner Walltime = 2464.229 | Min Dist = 0.130 | Min Dist 10 = 0.848 | Min Dist 100 = 1.075 | Min Dist 1000 = 1.308 | Steps Per Second = 79.734 | Success = 1.000 | Success 1000 = 0.855
I0502 15:47:20.870889 139555860620864 terminal.py:91] [Actor] Actor Episodes = 16227 | Actor Steps = 811350 | Delta Dist = 5.452 | Delta Dist 10 = 5.227 | Delta Dist 100 = 4.335 | Delta Dist 1000 = 4.159 | Episode Length = 50 | Episode Return = 49.0 | Evaluator Episodes = 4101 | Evaluator Steps = 205050 | Final Dist = 0.205 | Final Dist 10 = 1.207 | Final Dist 100 = 1.471 | Final Dist 1000 = 1.719 | Init Dist = 5.657 | Init Dist 10 = 6.434 | Init Dist 100 = 5.806 | Init Dist 1000 = 5.879 | Learner Steps = 12521 | Learner Walltime = 2464.229 | Min Dist = 0.132 | Min Dist 10 = 0.114 | Min Dist 100 = 0.268 | Min Dist 1000 = 0.280 | Steps Per Second = 65.309 | Success = 1.000 | Success 1000 = 0.988
I0502 15:47:21.759572 139579566835264 terminal.py:91] [Evaluator] Actor Episodes = 16233 | Actor Steps = 811650 | Delta Dist = 1.731 | Delta Dist 10 = 11.569 | Delta Dist 100 = 11.041 | Delta Dist 1000 = 10.759 | Episode Length = 50 | Episode Return = 0.0 | Evaluator Episodes = 4103 | Evaluator Steps = 205150 | Final Dist = 11.075 | Final Dist 10 = 1.237 | Final Dist 100 = 1.765 | Final Dist 1000 = 2.047 | Init Dist = 12.806 | Init Dist 10 = 12.806 | Init Dist 100 = 12.806 | Init Dist 1000 = 12.806 | Learner Steps = 12526 | Learner Walltime = 2465.260 | Min Dist = 10.512 | Min Dist 10 = 0.850 | Min Dist 100 = 1.072 | Min Dist 1000 = 1.308 | Steps Per Second = 86.193 | Success = 0.000 | Success 1000 = 0.855
I0502 15:47:22.768726 139557462840896 terminal.py:91] [Actor] Actor Episodes = 16239 | Actor Steps = 811950 | Delta Dist = 6.273 | Delta Dist 10 = 3.283 | Delta Dist 100 = 4.341 | Delta Dist 1000 = 4.146 | Episode Length = 50 | Episode Return = 35.0 | Evaluator Episodes = 4103 | Evaluator Steps = 205150 | Final Dist = 1.007 | Final Dist 10 = 2.273 | Final Dist 100 = 1.448 | Final Dist 1000 = 1.726 | Init Dist = 7.280 | Init Dist 10 = 5.556 | Init Dist 100 = 5.789 | Init Dist 1000 = 5.872 | Learner Steps = 12531 | Learner Walltime = 2466.566 | Min Dist = 0.016 | Min Dist 10 = 0.097 | Min Dist 100 = 0.271 | Min Dist 1000 = 0.280 | Steps Per Second = 69.786 | Success = 1.000 | Success 1000 = 0.989
I0502 15:47:23.132511 139579566835264 terminal.py:91] [Evaluator] Actor Episodes = 16241 | Actor Steps = 812050 | Delta Dist = 11.468 | Delta Dist 10 = 10.468 | Delta Dist 100 = 11.003 | Delta Dist 1000 = 10.766 | Episode Length = 50 | Episode Return = 20.0 | Evaluator Episodes = 4105 | Evaluator Steps = 205250 | Final Dist = 1.338 | Final Dist 10 = 2.339 | Final Dist 100 = 1.803 | Final Dist 1000 = 2.040 | Init Dist = 12.806 | Init Dist 10 = 12.806 | Init Dist 100 = 12.806 | Init Dist 1000 = 12.806 | Learner Steps = 12531 | Learner Walltime = 2466.566 | Min Dist = 0.166 | Min Dist 10 = 1.809 | Min Dist 100 = 1.115 | Min Dist 1000 = 1.301 | Steps Per Second = 72.799 | Success = 1.000 | Success 1000 = 0.856
I0502 15:47:24.329819 139579566835264 terminal.py:91] [Evaluator] Actor Episodes = 16249 | Actor Steps = 812450 | Delta Dist = 12.671 | Delta Dist 10 = 10.308 | Delta Dist 100 = 10.992 | Delta Dist 1000 = 10.768 | Episode Length = 50 | Episode Return = 23.0 | Evaluator Episodes = 4107 | Evaluator Steps = 205350 | Final Dist = 0.135 | Final Dist 10 = 2.498 | Final Dist 100 = 1.814 | Final Dist 1000 = 2.038 | Init Dist = 12.806 | Init Dist 10 = 12.806 | Init Dist 100 = 12.806 | Init Dist 1000 = 12.806 | Learner Steps = 12536 | Learner Walltime = 2467.693 | Min Dist = 0.080 | Min Dist 10 = 1.834 | Min Dist 100 = 1.118 | Min Dist 1000 = 1.298 | Steps Per Second = 80.410 | Success = 1.000 | Success 1000 = 0.857
I0502 15:47:25.510611 139555013154368 terminal.py:91] [Learner] Actor Episodes = 16249 | Actor Loss = 3.65472674369812 | Actor Steps = 812450 | Binary Accuracy = 0.9959604740142822 | Categorical Accuracy = 0.416259765625 | Critic Loss = 1.9726457595825195 | Entropy Mean = -18.39295196533203 | Evaluator Episodes = 4107 | Evaluator Steps = 205350 | Learner Steps = 12546 | Learner Walltime = 2469.707 | Logits Neg = -15.781416893005371 | Logits Pos = -1.9262183904647827 | Logsumexp = 1.2630505561828613 | Steps Per Second = 160.932
I0502 15:47:25.568231 139579566835264 terminal.py:91] [Evaluator] Actor Episodes = 16255 | Actor Steps = 812750 | Delta Dist = 12.371 | Delta Dist 10 = 10.769 | Delta Dist 100 = 11.005 | Delta Dist 1000 = 10.770 | Episode Length = 50 | Episode Return = 3.0 | Evaluator Episodes = 4109 | Evaluator Steps = 205450 | Final Dist = 0.435 | Final Dist 10 = 2.037 | Final Dist 100 = 1.801 | Final Dist 1000 = 2.037 | Init Dist = 12.806 | Init Dist 10 = 12.806 | Init Dist 100 = 12.806 | Init Dist 1000 = 12.806 | Learner Steps = 12542 | Learner Walltime = 2468.738 | Min Dist = 0.435 | Min Dist 10 = 1.342 | Min Dist 100 = 1.124 | Min Dist 1000 = 1.298 | Steps Per Second = 80.910 | Success = 1.000 | Success 1000 = 0.857
I0502 15:47:26.838913 139579566835264 terminal.py:91] [Evaluator] Actor Episodes = 16265 | Actor Steps = 813250 | Delta Dist = 12.076 | Delta Dist 10 = 10.756 | Delta Dist 100 = 10.999 | Delta Dist 1000 = 10.770 | Episode Length = 50 | Episode Return = 9.0 | Evaluator Episodes = 4111 | Evaluator Steps = 205550 | Final Dist = 0.730 | Final Dist 10 = 2.051 | Final Dist 100 = 1.808 | Final Dist 1000 = 2.037 | Init Dist = 12.806 | Init Dist 10 = 12.806 | Init Dist 100 = 12.806 | Init Dist 1000 = 12.806 | Learner Steps = 12552 | Learner Walltime = 2470.983 | Min Dist = 0.211 | Min Dist 10 = 1.313 | Min Dist 100 = 1.129 | Min Dist 1000 = 1.298 | Steps Per Second = 82.942 | Success = 1.000 | Success 1000 = 0.857
I0502 15:47:28.173972 139579566835264 terminal.py:91] [Evaluator] Actor Episodes = 16273 | Actor Steps = 813650 | Delta Dist = 12.227 | Delta Dist 10 = 10.805 | Delta Dist 100 = 10.991 | Delta Dist 1000 = 10.769 | Episode Length = 50 | Episode Return = 13.0 | Evaluator Episodes = 4113 | Evaluator Steps = 205650 | Final Dist = 0.579 | Final Dist 10 = 2.001 | Final Dist 100 = 1.815 | Final Dist 1000 = 2.037 | Init Dist = 12.806 | Init Dist 10 = 12.806 | Init Dist 100 = 12.806 | Init Dist 1000 = 12.806 | Learner Steps = 12558 | Learner Walltime = 2472.212 | Min Dist = 0.171 | Min Dist 10 = 1.342 | Min Dist 100 = 1.129 | Min Dist 1000 = 1.299 | Steps Per Second = 76.935 | Success = 1.000 | Success 1000 = 0.857
I0502 15:47:28.818132 139558059398720 terminal.py:91] [Actor] Actor Episodes = 16277 | Actor Steps = 813850 | Delta Dist = 0.043 | Delta Dist 10 = 3.842 | Delta Dist 100 = 4.621 | Delta Dist 1000 = 4.188 | Episode Length = 50 | Episode Return = 6.0 | Evaluator Episodes = 4113 | Evaluator Steps = 205650 | Final Dist = 1.371 | Final Dist 10 = 1.612 | Final Dist 100 = 1.309 | Final Dist 1000 = 1.671 | Init Dist = 1.414 | Init Dist 10 = 5.454 | Init Dist 100 = 5.930 | Init Dist 1000 = 5.859 | Learner Steps = 12558 | Learner Walltime = 2472.212 | Min Dist = 0.000 | Min Dist 10 = 0.255 | Min Dist 100 = 0.215 | Min Dist 1000 = 0.261 | Steps Per Second = 79.606 | Success = 1.000 | Success 1000 = 0.987
I0502 15:47:29.211832 139584504182336 lp_utils.py:96] StepsLimiter: Reached 813950 recorded steps
I0502 15:47:29.357209 139579566835264 terminal.py:91] [Evaluator] Actor Episodes = 16279 | Actor Steps = 813950 | Delta Dist = 11.627 | Delta Dist 10 = 11.870 | Delta Dist 100 = 11.003 | Delta Dist 1000 = 10.770 | Episode Length = 50 | Episode Return = 1.0 | Evaluator Episodes = 4115 | Evaluator Steps = 205750 | Final Dist = 1.179 | Final Dist 10 = 0.936 | Final Dist 100 = 1.803 | Final Dist 1000 = 2.037 | Init Dist = 12.806 | Init Dist 10 = 12.806 | Init Dist 100 = 12.806 | Init Dist 1000 = 12.806 | Learner Steps = 12565 | Learner Walltime = 2473.468 | Min Dist = 0.264 | Min Dist 10 = 0.370 | Min Dist 100 = 1.130 | Min Dist 1000 = 1.299 | Steps Per Second = 86.405 | Success = 1.000 | Success 1000 = 0.857
I0502 15:47:30.077256 139569349502528 terminal.py:91] [Actor] Actor Episodes = 16282 | Actor Steps = 814100 | Delta Dist = 5.488 | Delta Dist 10 = 4.364 | Delta Dist 100 = 4.612 | Delta Dist 1000 = 4.178 | Episode Length = 50 | Episode Return = 36.0 | Evaluator Episodes = 4115 | Evaluator Steps = 205750 | Final Dist = 0.343 | Final Dist 10 = 1.728 | Final Dist 100 = 1.300 | Final Dist 1000 = 1.676 | Init Dist = 5.831 | Init Dist 10 = 6.092 | Init Dist 100 = 5.912 | Init Dist 1000 = 5.854 | Learner Steps = 12565 | Learner Walltime = 2473.468 | Min Dist = 0.032 | Min Dist 10 = 0.250 | Min Dist 100 = 0.217 | Min Dist 1000 = 0.262 | Steps Per Second = 75.545 | Success = 1.000 | Success 1000 = 0.988
I0502 15:47:30.764158 139579566835264 terminal.py:91] [Evaluator] Actor Episodes = 16289 | Actor Steps = 814450 | Delta Dist = 4.838 | Delta Dist 10 = 11.959 | Delta Dist 100 = 11.005 | Delta Dist 1000 = 10.769 | Episode Length = 50 | Episode Return = 0.0 | Evaluator Episodes = 4117 | Evaluator Steps = 205850 | Final Dist = 7.968 | Final Dist 10 = 0.848 | Final Dist 100 = 1.802 | Final Dist 1000 = 2.037 | Init Dist = 12.806 | Init Dist 10 = 12.806 | Init Dist 100 = 12.806 | Init Dist 1000 = 12.806 | Learner Steps = 12570 | Learner Walltime = 2474.494 | Min Dist = 6.963 | Min Dist 10 = 0.344 | Min Dist 100 = 1.130 | Min Dist 1000 = 1.299 | Steps Per Second = 76.037 | Success = 0.000 | Success 1000 = 0.857
I0502 15:47:31.279453 139555860620864 terminal.py:91] [Actor] Actor Episodes = 16291 | Actor Steps = 814550 | Delta Dist = 4.780 | Delta Dist 10 = 5.213 | Delta Dist 100 = 4.620 | Delta Dist 1000 = 4.174 | Episode Length = 50 | Episode Return = 43.0 | Evaluator Episodes = 4117 | Evaluator Steps = 205850 | Final Dist = 1.302 | Final Dist 10 = 1.014 | Final Dist 100 = 1.350 | Final Dist 1000 = 1.678 | Init Dist = 6.083 | Init Dist 10 = 6.228 | Init Dist 100 = 5.970 | Init Dist 1000 = 5.852 | Learner Steps = 12570 | Learner Walltime = 2474.494 | Min Dist = 0.076 | Min Dist 10 = 0.126 | Min Dist 100 = 0.217 | Min Dist 1000 = 0.260 | Steps Per Second = 75.539 | Success = 1.000 | Success 1000 = 0.988
I0502 15:47:31.957751 139579566835264 terminal.py:91] [Evaluator] Actor Episodes = 16295 | Actor Steps = 814750 | Delta Dist = 12.096 | Delta Dist 10 = 11.269 | Delta Dist 100 = 11.017 | Delta Dist 1000 = 10.763 | Episode Length = 50 | Episode Return = 20.0 | Evaluator Episodes = 4119 | Evaluator Steps = 205950 | Final Dist = 0.710 | Final Dist 10 = 1.537 | Final Dist 100 = 1.789 | Final Dist 1000 = 2.043 | Init Dist = 12.806 | Init Dist 10 = 12.806 | Init Dist 100 = 12.806 | Init Dist 1000 = 12.806 | Learner Steps = 12575 | Learner Walltime = 2475.614 | Min Dist = 0.124 | Min Dist 10 = 0.948 | Min Dist 100 = 1.121 | Min Dist 1000 = 1.305 | Steps Per Second = 80.216 | Success = 1.000 | Success 1000 = 0.856
I0502 15:47:32.997531 139557462840896 terminal.py:91] [Actor] Actor Episodes = 16303 | Actor Steps = 815150 | Delta Dist = 4.167 | Delta Dist 10 = 4.060 | Delta Dist 100 = 4.588 | Delta Dist 1000 = 4.170 | Episode Length = 50 | Episode Return = 21.0 | Evaluator Episodes = 4119 | Evaluator Steps = 205950 | Final Dist = 0.932 | Final Dist 10 = 1.849 | Final Dist 100 = 1.373 | Final Dist 1000 = 1.687 | Init Dist = 5.099 | Init Dist 10 = 5.908 | Init Dist 100 = 5.961 | Init Dist 1000 = 5.857 | Learner Steps = 12581 | Learner Walltime = 2476.864 | Min Dist = 0.104 | Min Dist 10 = 0.082 | Min Dist 100 = 0.164 | Min Dist 1000 = 0.260 | Steps Per Second = 79.067 | Success = 1.000 | Success 1000 = 0.988
I0502 15:47:33.177081 139579566835264 terminal.py:91] [Evaluator] Actor Episodes = 16303 | Actor Steps = 815150 | Delta Dist = 11.494 | Delta Dist 10 = 11.336 | Delta Dist 100 = 11.021 | Delta Dist 1000 = 10.765 | Episode Length = 50 | Episode Return = 10.0 | Evaluator Episodes = 4121 | Evaluator Steps = 206050 | Final Dist = 1.312 | Final Dist 10 = 1.470 | Final Dist 100 = 1.785 | Final Dist 1000 = 2.041 | Init Dist = 12.806 | Init Dist 10 = 12.806 | Init Dist 100 = 12.806 | Init Dist 1000 = 12.806 | Learner Steps = 12581 | Learner Walltime = 2476.864 | Min Dist = 0.094 | Min Dist 10 = 0.912 | Min Dist 100 = 1.120 | Min Dist 1000 = 1.305 | Steps Per Second = 83.277 | Success = 1.000 | Success 1000 = 0.856
I0502 15:47:34.423578 139579566835264 terminal.py:91] [Evaluator] Actor Episodes = 16311 | Actor Steps = 815550 | Delta Dist = 12.715 | Delta Dist 10 = 11.386 | Delta Dist 100 = 11.023 | Delta Dist 1000 = 10.765 | Episode Length = 50 | Episode Return = 16.0 | Evaluator Episodes = 4123 | Evaluator Steps = 206150 | Final Dist = 0.091 | Final Dist 10 = 1.421 | Final Dist 100 = 1.783 | Final Dist 1000 = 2.041 | Init Dist = 12.806 | Init Dist 10 = 12.806 | Init Dist 100 = 12.806 | Init Dist 1000 = 12.806 | Learner Steps = 12586 | Learner Walltime = 2477.951 | Min Dist = 0.091 | Min Dist 10 = 0.893 | Min Dist 100 = 1.116 | Min Dist 1000 = 1.305 | Steps Per Second = 82.882 | Success = 1.000 | Success 1000 = 0.856
I0502 15:47:35.528545 139555013154368 terminal.py:91] [Learner] Actor Episodes = 16313 | Actor Loss = 3.632603168487549 | Actor Steps = 815650 | Binary Accuracy = 0.9960169792175293 | Categorical Accuracy = 0.4185791015625 | Critic Loss = 1.9839454889297485 | Entropy Mean = -18.6693115234375 | Evaluator Episodes = 4123 | Evaluator Steps = 206150 | Learner Steps = 12596 | Learner Walltime = 2479.728 | Logits Neg = -15.985305786132812 | Logits Pos = -1.9790306091308594 | Logsumexp = 1.206054925918579 | Steps Per Second = 1249.926
I0502 15:47:35.633328 139579566835264 terminal.py:91] [Evaluator] Actor Episodes = 16319 | Actor Steps = 815950 | Delta Dist = 11.412 | Delta Dist 10 = 11.402 | Delta Dist 100 = 11.030 | Delta Dist 1000 = 10.766 | Episode Length = 50 | Episode Return = 17.0 | Evaluator Episodes = 4125 | Evaluator Steps = 206250 | Final Dist = 1.394 | Final Dist 10 = 1.404 | Final Dist 100 = 1.776 | Final Dist 1000 = 2.041 | Init Dist = 12.806 | Init Dist 10 = 12.806 | Init Dist 100 = 12.806 | Init Dist 1000 = 12.806 | Learner Steps = 12592 | Learner Walltime = 2479.092 | Min Dist = 0.091 | Min Dist 10 = 0.859 | Min Dist 100 = 1.118 | Min Dist 1000 = 1.306 | Steps Per Second = 82.812 | Success = 1.000 | Success 1000 = 0.856
I0502 15:47:36.779869 139579566835264 terminal.py:91] [Evaluator] Actor Episodes = 16325 | Actor Steps = 816250 | Delta Dist = 12.427 | Delta Dist 10 = 11.303 | Delta Dist 100 = 11.023 | Delta Dist 1000 = 10.765 | Episode Length = 50 | Episode Return = 25.0 | Evaluator Episodes = 4127 | Evaluator Steps = 206350 | Final Dist = 0.379 | Final Dist 10 = 1.503 | Final Dist 100 = 1.783 | Final Dist 1000 = 2.041 | Init Dist = 12.806 | Init Dist 10 = 12.806 | Init Dist 100 = 12.806 | Init Dist 1000 = 12.806 | Learner Steps = 12598 | Learner Walltime = 2480.168 | Min Dist = 0.154 | Min Dist 10 = 0.878 | Min Dist 100 = 1.117 | Min Dist 1000 = 1.306 | Steps Per Second = 90.591 | Success = 1.000 | Success 1000 = 0.856
I0502 15:47:37.965069 139579566835264 terminal.py:91] [Evaluator] Actor Episodes = 16333 | Actor Steps = 816650 | Delta Dist = 11.395 | Delta Dist 10 = 11.955 | Delta Dist 100 = 11.081 | Delta Dist 1000 = 10.766 | Episode Length = 50 | Episode Return = 8.0 | Evaluator Episodes = 4129 | Evaluator Steps = 206450 | Final Dist = 1.411 | Final Dist 10 = 0.851 | Final Dist 100 = 1.725 | Final Dist 1000 = 2.040 | Init Dist = 12.806 | Init Dist 10 = 12.806 | Init Dist 100 = 12.806 | Init Dist 1000 = 12.806 | Learner Steps = 12603 | Learner Walltime = 2481.203 | Min Dist = 0.363 | Min Dist 10 = 0.223 | Min Dist 100 = 1.057 | Min Dist 1000 = 1.306 | Steps Per Second = 83.290 | Success = 1.000 | Success 1000 = 0.856
I0502 15:47:39.173873 139579566835264 terminal.py:91] [Evaluator] Actor Episodes = 16339 | Actor Steps = 816950 | Delta Dist = 12.011 | Delta Dist 10 = 10.709 | Delta Dist 100 = 10.970 | Delta Dist 1000 = 10.754 | Episode Length = 50 | Episode Return = 25.0 | Evaluator Episodes = 4131 | Evaluator Steps = 206550 | Final Dist = 0.795 | Final Dist 10 = 2.097 | Final Dist 100 = 1.836 | Final Dist 1000 = 2.052 | Init Dist = 12.806 | Init Dist 10 = 12.806 | Init Dist 100 = 12.806 | Init Dist 1000 = 12.806 | Learner Steps = 12609 | Learner Walltime = 2482.469 | Min Dist = 0.077 | Min Dist 10 = 1.445 | Min Dist 100 = 1.173 | Min Dist 1000 = 1.318 | Steps Per Second = 69.836 | Success = 1.000 | Success 1000 = 0.855
I0502 15:47:39.231632 139584504182336 lp_utils.py:96] StepsLimiter: Reached 816950 recorded steps
I0502 15:47:39.279463 139558059398720 terminal.py:91] [Actor] Actor Episodes = 16341 | Actor Steps = 817050 | Delta Dist = 8.929 | Delta Dist 10 = 4.425 | Delta Dist 100 = 4.680 | Delta Dist 1000 = 4.231 | Episode Length = 50 | Episode Return = 31.0 | Evaluator Episodes = 4131 | Evaluator Steps = 206550 | Final Dist = 0.015 | Final Dist 10 = 2.159 | Final Dist 100 = 1.422 | Final Dist 1000 = 1.632 | Init Dist = 8.944 | Init Dist 10 = 6.585 | Init Dist 100 = 6.102 | Init Dist 1000 = 5.863 | Learner Steps = 12609 | Learner Walltime = 2482.469 | Min Dist = 0.015 | Min Dist 10 = 0.071 | Min Dist 100 = 0.141 | Min Dist 1000 = 0.250 | Steps Per Second = 69.601 | Success = 1.000 | Success 1000 = 0.988
I0502 15:47:40.260498 139569349502528 terminal.py:91] [Actor] Actor Episodes = 16344 | Actor Steps = 817200 | Delta Dist = 6.555 | Delta Dist 10 = 4.870 | Delta Dist 100 = 4.789 | Delta Dist 1000 = 4.247 | Episode Length = 50 | Episode Return = 38.0 | Evaluator Episodes = 4131 | Evaluator Steps = 206550 | Final Dist = 0.516 | Final Dist 10 = 1.793 | Final Dist 100 = 1.342 | Final Dist 1000 = 1.632 | Init Dist = 7.071 | Init Dist 10 = 6.664 | Init Dist 100 = 6.130 | Init Dist 1000 = 5.879 | Learner Steps = 12614 | Learner Walltime = 2483.603 | Min Dist = 0.138 | Min Dist 10 = 0.055 | Min Dist 100 = 0.132 | Min Dist 1000 = 0.250 | Steps Per Second = 73.339 | Success = 1.000 | Success 1000 = 0.988
I0502 15:47:40.614545 139579566835264 terminal.py:91] [Evaluator] Actor Episodes = 16347 | Actor Steps = 817350 | Delta Dist = 11.459 | Delta Dist 10 = 10.672 | Delta Dist 100 = 10.961 | Delta Dist 1000 = 10.753 | Episode Length = 50 | Episode Return = 1.0 | Evaluator Episodes = 4133 | Evaluator Steps = 206650 | Final Dist = 1.347 | Final Dist 10 = 2.134 | Final Dist 100 = 1.845 | Final Dist 1000 = 2.053 | Init Dist = 12.806 | Init Dist 10 = 12.806 | Init Dist 100 = 12.806 | Init Dist 1000 = 12.806 | Learner Steps = 12620 | Learner Walltime = 2484.654 | Min Dist = 0.492 | Min Dist 10 = 1.453 | Min Dist 100 = 1.173 | Min Dist 1000 = 1.318 | Steps Per Second = 73.551 | Success = 1.000 | Success 1000 = 0.855
I0502 15:47:41.592338 139555860620864 terminal.py:91] [Actor] Actor Episodes = 16355 | Actor Steps = 817750 | Delta Dist = 6.869 | Delta Dist 10 = 5.235 | Delta Dist 100 = 4.812 | Delta Dist 1000 = 4.246 | Episode Length = 50 | Episode Return = 44.0 | Evaluator Episodes = 4133 | Evaluator Steps = 206650 | Final Dist = 0.131 | Final Dist 10 = 1.390 | Final Dist 100 = 1.413 | Final Dist 1000 = 1.632 | Init Dist = 7.000 | Init Dist 10 = 6.625 | Init Dist 100 = 6.225 | Init Dist 1000 = 5.879 | Learner Steps = 12620 | Learner Walltime = 2484.654 | Min Dist = 0.131 | Min Dist 10 = 0.231 | Min Dist 100 = 0.149 | Min Dist 1000 = 0.251 | Steps Per Second = 66.594 | Success = 1.000 | Success 1000 = 0.987
I0502 15:47:41.999927 139579566835264 terminal.py:91] [Evaluator] Actor Episodes = 16357 | Actor Steps = 817850 | Delta Dist = 11.824 | Delta Dist 10 = 10.623 | Delta Dist 100 = 10.957 | Delta Dist 1000 = 10.754 | Episode Length = 50 | Episode Return = 12.0 | Evaluator Episodes = 4135 | Evaluator Steps = 206750 | Final Dist = 0.983 | Final Dist 10 = 2.183 | Final Dist 100 = 1.849 | Final Dist 1000 = 2.052 | Init Dist = 12.806 | Init Dist 10 = 12.806 | Init Dist 100 = 12.806 | Init Dist 1000 = 12.806 | Learner Steps = 12625 | Learner Walltime = 2485.935 | Min Dist = 0.074 | Min Dist 10 = 1.473 | Min Dist 100 = 1.179 | Min Dist 1000 = 1.319 | Steps Per Second = 70.904 | Success = 1.000 | Success 1000 = 0.855
I0502 15:47:43.238278 139579566835264 terminal.py:91] [Evaluator] Actor Episodes = 16365 | Actor Steps = 818250 | Delta Dist = 11.869 | Delta Dist 10 = 10.470 | Delta Dist 100 = 10.923 | Delta Dist 1000 = 10.751 | Episode Length = 50 | Episode Return = 28.0 | Evaluator Episodes = 4137 | Evaluator Steps = 206850 | Final Dist = 0.937 | Final Dist 10 = 2.336 | Final Dist 100 = 1.883 | Final Dist 1000 = 2.055 | Init Dist = 12.806 | Init Dist 10 = 12.806 | Init Dist 100 = 12.806 | Init Dist 1000 = 12.806 | Learner Steps = 12631 | Learner Walltime = 2487.166 | Min Dist = 0.027 | Min Dist 10 = 1.749 | Min Dist 100 = 1.207 | Min Dist 1000 = 1.321 | Steps Per Second = 75.421 | Success = 1.000 | Success 1000 = 0.854
I0502 15:47:43.446636 139557462840896 terminal.py:91] [Actor] Actor Episodes = 16367 | Actor Steps = 818350 | Delta Dist = 7.921 | Delta Dist 10 = 6.046 | Delta Dist 100 = 4.716 | Delta Dist 1000 = 4.271 | Episode Length = 50 | Episode Return = 0.0 | Evaluator Episodes = 4137 | Evaluator Steps = 206850 | Final Dist = 1.023 | Final Dist 10 = 0.972 | Final Dist 100 = 1.456 | Final Dist 1000 = 1.631 | Init Dist = 8.944 | Init Dist 10 = 7.018 | Init Dist 100 = 6.172 | Init Dist 1000 = 5.902 | Learner Steps = 12631 | Learner Walltime = 2487.166 | Min Dist = 0.007 | Min Dist 10 = 0.057 | Min Dist 100 = 0.112 | Min Dist 1000 = 0.250 | Steps Per Second = 87.871 | Success = 1.000 | Success 1000 = 0.987
I0502 15:47:44.191289 139583350109760 savers.py:156] Saving checkpoint: logs/contrastive_cpc_point_FourRooms_64/5dd72662-2788-11f0-b183-d85ed38c5779/checkpoints/learner
I0502 15:47:44.390795 139579566835264 terminal.py:91] [Evaluator] Actor Episodes = 16373 | Actor Steps = 818650 | Delta Dist = 11.467 | Delta Dist 10 = 10.465 | Delta Dist 100 = 10.932 | Delta Dist 1000 = 10.751 | Episode Length = 50 | Episode Return = 16.0 | Evaluator Episodes = 4139 | Evaluator Steps = 206950 | Final Dist = 1.339 | Final Dist 10 = 2.341 | Final Dist 100 = 1.874 | Final Dist 1000 = 2.055 | Init Dist = 12.806 | Init Dist 10 = 12.806 | Init Dist 100 = 12.806 | Init Dist 1000 = 12.806 | Learner Steps = 12637 | Learner Walltime = 2488.393 | Min Dist = 0.265 | Min Dist 10 = 1.727 | Min Dist 100 = 1.203 | Min Dist 1000 = 1.321 | Steps Per Second = 85.870 | Success = 1.000 | Success 1000 = 0.854
I0502 15:47:45.596967 139579566835264 terminal.py:91] [Evaluator] Actor Episodes = 16381 | Actor Steps = 819050 | Delta Dist = 12.279 | Delta Dist 10 = 11.577 | Delta Dist 100 = 10.923 | Delta Dist 1000 = 10.757 | Episode Length = 50 | Episode Return = 18.0 | Evaluator Episodes = 4141 | Evaluator Steps = 207050 | Final Dist = 0.527 | Final Dist 10 = 1.229 | Final Dist 100 = 1.884 | Final Dist 1000 = 2.050 | Init Dist = 12.806 | Init Dist 10 = 12.806 | Init Dist 100 = 12.806 | Init Dist 1000 = 12.806 | Learner Steps = 12643 | Learner Walltime = 2489.626 | Min Dist = 0.044 | Min Dist 10 = 0.533 | Min Dist 100 = 1.205 | Min Dist 1000 = 1.315 | Steps Per Second = 88.427 | Success = 1.000 | Success 1000 = 0.855
I0502 15:47:45.701280 139555013154368 terminal.py:91] [Learner] Actor Episodes = 16379 | Actor Loss = 3.6029694080352783 | Actor Steps = 818950 | Binary Accuracy = 0.9960217475891113 | Categorical Accuracy = 0.41180419921875 | Critic Loss = 1.946619987487793 | Entropy Mean = -21.879825592041016 | Evaluator Episodes = 4139 | Evaluator Steps = 206950 | Learner Steps = 12645 | Learner Walltime = 2489.900 | Logits Neg = -15.98173999786377 | Logits Pos = -1.9252042770385742 | Logsumexp = 1.1938271522521973 | Steps Per Second = 354.919
I0502 15:47:45.971302 139584635659840 savers.py:156] Saving checkpoint: logs/contrastive_cpc_point_FourRooms_64/5dd72662-2788-11f0-b183-d85ed38c5779/checkpoints/counter
I0502 15:47:46.825628 139579566835264 terminal.py:91] [Evaluator] Actor Episodes = 16389 | Actor Steps = 819450 | Delta Dist = 12.307 | Delta Dist 10 = 11.626 | Delta Dist 100 = 10.927 | Delta Dist 1000 = 10.758 | Episode Length = 50 | Episode Return = 17.0 | Evaluator Episodes = 4143 | Evaluator Steps = 207150 | Final Dist = 0.500 | Final Dist 10 = 1.181 | Final Dist 100 = 1.880 | Final Dist 1000 = 2.049 | Init Dist = 12.806 | Init Dist 10 = 12.806 | Init Dist 100 = 12.806 | Init Dist 1000 = 12.806 | Learner Steps = 12649 | Learner Walltime = 2490.762 | Min Dist = 0.179 | Min Dist 10 = 0.515 | Min Dist 100 = 1.204 | Min Dist 1000 = 1.315 | Steps Per Second = 80.409 | Success = 1.000 | Success 1000 = 0.855
I0502 15:47:48.161111 139579566835264 terminal.py:91] [Evaluator] Actor Episodes = 16397 | Actor Steps = 819850 | Delta Dist = 12.118 | Delta Dist 10 = 11.704 | Delta Dist 100 = 10.919 | Delta Dist 1000 = 10.759 | Episode Length = 50 | Episode Return = 21.0 | Evaluator Episodes = 4145 | Evaluator Steps = 207250 | Final Dist = 0.688 | Final Dist 10 = 1.102 | Final Dist 100 = 1.887 | Final Dist 1000 = 2.047 | Init Dist = 12.806 | Init Dist 10 = 12.806 | Init Dist 100 = 12.806 | Init Dist 1000 = 12.806 | Learner Steps = 12656 | Learner Walltime = 2492.062 | Min Dist = 0.135 | Min Dist 10 = 0.468 | Min Dist 100 = 1.205 | Min Dist 1000 = 1.315 | Steps Per Second = 76.496 | Success = 1.000 | Success 1000 = 0.855
I0502 15:47:49.249111 139584504182336 lp_utils.py:96] StepsLimiter: Reached 820250 recorded steps
I0502 15:47:49.445935 139579566835264 terminal.py:91] [Evaluator] Actor Episodes = 16405 | Actor Steps = 820250 | Delta Dist = 11.964 | Delta Dist 10 = 11.985 | Delta Dist 100 = 10.924 | Delta Dist 1000 = 10.771 | Episode Length = 50 | Episode Return = 19.0 | Evaluator Episodes = 4147 | Evaluator Steps = 207350 | Final Dist = 0.842 | Final Dist 10 = 0.821 | Final Dist 100 = 1.882 | Final Dist 1000 = 2.035 | Init Dist = 12.806 | Init Dist 10 = 12.806 | Init Dist 100 = 12.806 | Init Dist 1000 = 12.806 | Learner Steps = 12663 | Learner Walltime = 2493.527 | Min Dist = 0.156 | Min Dist 10 = 0.173 | Min Dist 100 = 1.207 | Min Dist 1000 = 1.304 | Steps Per Second = 82.143 | Success = 1.000 | Success 1000 = 0.856
I0502 15:47:49.830632 139558059398720 terminal.py:91] [Actor] Actor Episodes = 16406 | Actor Steps = 820300 | Delta Dist = 3.802 | Delta Dist 10 = 3.004 | Delta Dist 100 = 4.757 | Delta Dist 1000 = 4.275 | Episode Length = 50 | Episode Return = 35.0 | Evaluator Episodes = 4145 | Evaluator Steps = 207250 | Final Dist = 0.441 | Final Dist 10 = 2.672 | Final Dist 100 = 1.415 | Final Dist 1000 = 1.632 | Init Dist = 4.243 | Init Dist 10 = 5.676 | Init Dist 100 = 6.171 | Init Dist 1000 = 5.907 | Learner Steps = 12656 | Learner Walltime = 2492.062 | Min Dist = 0.034 | Min Dist 10 = 0.100 | Min Dist 100 = 0.092 | Min Dist 1000 = 0.240 | Steps Per Second = 82.361 | Success = 1.000 | Success 1000 = 0.987
I0502 15:47:50.447485 139569349502528 terminal.py:91] [Actor] Actor Episodes = 16410 | Actor Steps = 820500 | Delta Dist = 4.679 | Delta Dist 10 = 4.413 | Delta Dist 100 = 4.718 | Delta Dist 1000 = 4.272 | Episode Length = 50 | Episode Return = 26.0 | Evaluator Episodes = 4147 | Evaluator Steps = 207350 | Final Dist = 2.392 | Final Dist 10 = 1.144 | Final Dist 100 = 1.470 | Final Dist 1000 = 1.639 | Init Dist = 7.071 | Init Dist 10 = 5.557 | Init Dist 100 = 6.189 | Init Dist 1000 = 5.911 | Learner Steps = 12663 | Learner Walltime = 2493.527 | Min Dist = 1.609 | Min Dist 10 = 0.671 | Min Dist 100 = 0.152 | Min Dist 1000 = 0.245 | Steps Per Second = 81.657 | Success = 0.000 | Success 1000 = 0.987
I0502 15:47:50.643828 139579566835264 terminal.py:91] [Evaluator] Actor Episodes = 16413 | Actor Steps = 820650 | Delta Dist = 11.402 | Delta Dist 10 = 11.946 | Delta Dist 100 = 10.927 | Delta Dist 1000 = 10.771 | Episode Length = 50 | Episode Return = 2.0 | Evaluator Episodes = 4149 | Evaluator Steps = 207450 | Final Dist = 1.405 | Final Dist 10 = 0.860 | Final Dist 100 = 1.879 | Final Dist 1000 = 2.035 | Init Dist = 12.806 | Init Dist 10 = 12.806 | Init Dist 100 = 12.806 | Init Dist 1000 = 12.806 | Learner Steps = 12668 | Learner Walltime = 2494.576 | Min Dist = 0.271 | Min Dist 10 = 0.196 | Min Dist 100 = 1.209 | Min Dist 1000 = 1.304 | Steps Per Second = 88.557 | Success = 1.000 | Success 1000 = 0.856
I0502 15:47:51.675121 139555860620864 terminal.py:91] [Actor] Actor Episodes = 16421 | Actor Steps = 821050 | Delta Dist = 0.708 | Delta Dist 10 = 4.449 | Delta Dist 100 = 4.705 | Delta Dist 1000 = 4.263 | Episode Length = 50 | Episode Return = 20.0 | Evaluator Episodes = 4149 | Evaluator Steps = 207450 | Final Dist = 0.292 | Final Dist 10 = 0.909 | Final Dist 100 = 1.388 | Final Dist 1000 = 1.640 | Init Dist = 1.000 | Init Dist 10 = 5.358 | Init Dist 100 = 6.093 | Init Dist 1000 = 5.903 | Learner Steps = 12675 | Learner Walltime = 2495.864 | Min Dist = 0.110 | Min Dist 10 = 0.205 | Min Dist 100 = 0.162 | Min Dist 1000 = 0.247 | Steps Per Second = 74.197 | Success = 1.000 | Success 1000 = 0.986
I0502 15:47:51.942021 139579566835264 terminal.py:91] [Evaluator] Actor Episodes = 16421 | Actor Steps = 821050 | Delta Dist = 11.781 | Delta Dist 10 = 11.974 | Delta Dist 100 = 10.933 | Delta Dist 1000 = 10.771 | Episode Length = 50 | Episode Return = 30.0 | Evaluator Episodes = 4151 | Evaluator Steps = 207550 | Final Dist = 1.025 | Final Dist 10 = 0.833 | Final Dist 100 = 1.873 | Final Dist 1000 = 2.036 | Init Dist = 12.806 | Init Dist 10 = 12.806 | Init Dist 100 = 12.806 | Init Dist 1000 = 12.806 | Learner Steps = 12675 | Learner Walltime = 2495.864 | Min Dist = 0.015 | Min Dist 10 = 0.188 | Min Dist 100 = 1.209 | Min Dist 1000 = 1.304 | Steps Per Second = 83.052 | Success = 1.000 | Success 1000 = 0.856
I0502 15:47:53.224633 139579566835264 terminal.py:91] [Evaluator] Actor Episodes = 16429 | Actor Steps = 821450 | Delta Dist = 12.512 | Delta Dist 10 = 11.959 | Delta Dist 100 = 11.043 | Delta Dist 1000 = 10.772 | Episode Length = 50 | Episode Return = 12.0 | Evaluator Episodes = 4153 | Evaluator Steps = 207650 | Final Dist = 0.294 | Final Dist 10 = 0.847 | Final Dist 100 = 1.763 | Final Dist 1000 = 2.035 | Init Dist = 12.806 | Init Dist 10 = 12.806 | Init Dist 100 = 12.806 | Init Dist 1000 = 12.806 | Learner Steps = 12680 | Learner Walltime = 2497.091 | Min Dist = 0.181 | Min Dist 10 = 0.197 | Min Dist 100 = 1.106 | Min Dist 1000 = 1.304 | Steps Per Second = 75.303 | Success = 1.000 | Success 1000 = 0.856
I0502 15:47:53.461886 139557462840896 terminal.py:91] [Actor] Actor Episodes = 16431 | Actor Steps = 821550 | Delta Dist = 3.249 | Delta Dist 10 = 2.416 | Delta Dist 100 = 4.400 | Delta Dist 1000 = 4.262 | Episode Length = 50 | Episode Return = 35.0 | Evaluator Episodes = 4153 | Evaluator Steps = 207650 | Final Dist = 0.751 | Final Dist 10 = 3.400 | Final Dist 100 = 1.641 | Final Dist 1000 = 1.657 | Init Dist = 4.000 | Init Dist 10 = 5.816 | Init Dist 100 = 6.040 | Init Dist 1000 = 5.919 | Learner Steps = 12680 | Learner Walltime = 2497.091 | Min Dist = 0.020 | Min Dist 10 = 0.124 | Min Dist 100 = 0.166 | Min Dist 1000 = 0.247 | Steps Per Second = 75.144 | Success = 1.000 | Success 1000 = 0.986
I0502 15:47:54.361094 139579566835264 terminal.py:91] [Evaluator] Actor Episodes = 16437 | Actor Steps = 821850 | Delta Dist = 11.846 | Delta Dist 10 = 11.941 | Delta Dist 100 = 11.050 | Delta Dist 1000 = 10.779 | Episode Length = 50 | Episode Return = 14.0 | Evaluator Episodes = 4155 | Evaluator Steps = 207750 | Final Dist = 0.960 | Final Dist 10 = 0.866 | Final Dist 100 = 1.757 | Final Dist 1000 = 2.027 | Init Dist = 12.806 | Init Dist 10 = 12.806 | Init Dist 100 = 12.806 | Init Dist 1000 = 12.806 | Learner Steps = 12686 | Learner Walltime = 2498.352 | Min Dist = 0.275 | Min Dist 10 = 0.190 | Min Dist 100 = 1.106 | Min Dist 1000 = 1.298 | Steps Per Second = 88.634 | Success = 1.000 | Success 1000 = 0.857
I0502 15:47:55.651418 139579566835264 terminal.py:91] [Evaluator] Actor Episodes = 16445 | Actor Steps = 822250 | Delta Dist = 12.660 | Delta Dist 10 = 11.925 | Delta Dist 100 = 11.044 | Delta Dist 1000 = 10.780 | Episode Length = 50 | Episode Return = 24.0 | Evaluator Episodes = 4157 | Evaluator Steps = 207850 | Final Dist = 0.146 | Final Dist 10 = 0.881 | Final Dist 100 = 1.763 | Final Dist 1000 = 2.026 | Init Dist = 12.806 | Init Dist 10 = 12.806 | Init Dist 100 = 12.806 | Init Dist 1000 = 12.806 | Learner Steps = 12693 | Learner Walltime = 2499.706 | Min Dist = 0.136 | Min Dist 10 = 0.193 | Min Dist 100 = 1.107 | Min Dist 1000 = 1.298 | Steps Per Second = 78.756 | Success = 1.000 | Success 1000 = 0.857
I0502 15:47:56.149898 139555013154368 terminal.py:91] [Learner] Actor Episodes = 16443 | Actor Loss = 3.4840426445007324 | Actor Steps = 822150 | Binary Accuracy = 0.996013879776001 | Categorical Accuracy = 0.41192626953125 | Critic Loss = 1.9973855018615723 | Entropy Mean = -19.96355628967285 | Evaluator Episodes = 4155 | Evaluator Steps = 207750 | Learner Steps = 12696 | Learner Walltime = 2500.345 | Logits Neg = -15.888080596923828 | Logits Pos = -1.9707260131835938 | Logsumexp = 1.267561912536621 | Steps Per Second = 118.084
I0502 15:47:56.807988 139579566835264 terminal.py:91] [Evaluator] Actor Episodes = 16453 | Actor Steps = 822650 | Delta Dist = 11.851 | Delta Dist 10 = 12.028 | Delta Dist 100 = 11.058 | Delta Dist 1000 = 10.781 | Episode Length = 50 | Episode Return = 4.0 | Evaluator Episodes = 4159 | Evaluator Steps = 207950 | Final Dist = 0.955 | Final Dist 10 = 0.779 | Final Dist 100 = 1.748 | Final Dist 1000 = 2.025 | Init Dist = 12.806 | Init Dist 10 = 12.806 | Init Dist 100 = 12.806 | Init Dist 1000 = 12.806 | Learner Steps = 12699 | Learner Walltime = 2500.916 | Min Dist = 0.442 | Min Dist 10 = 0.172 | Min Dist 100 = 1.106 | Min Dist 1000 = 1.298 | Steps Per Second = 82.026 | Success = 1.000 | Success 1000 = 0.857
I0502 15:47:58.043895 139579566835264 terminal.py:91] [Evaluator] Actor Episodes = 16459 | Actor Steps = 822950 | Delta Dist = 11.456 | Delta Dist 10 = 12.092 | Delta Dist 100 = 11.057 | Delta Dist 1000 = 10.780 | Episode Length = 50 | Episode Return = 2.0 | Evaluator Episodes = 4161 | Evaluator Steps = 208050 | Final Dist = 1.350 | Final Dist 10 = 0.714 | Final Dist 100 = 1.749 | Final Dist 1000 = 2.026 | Init Dist = 12.806 | Init Dist 10 = 12.806 | Init Dist 100 = 12.806 | Init Dist 1000 = 12.806 | Learner Steps = 12705 | Learner Walltime = 2502.186 | Min Dist = 0.452 | Min Dist 10 = 0.182 | Min Dist 100 = 1.107 | Min Dist 1000 = 1.298 | Steps Per Second = 81.428 | Success = 1.000 | Success 1000 = 0.857
I0502 15:47:59.264407 139584504182336 lp_utils.py:96] StepsLimiter: Reached 823450 recorded steps
I0502 15:47:59.310720 139579566835264 terminal.py:91] [Evaluator] Actor Episodes = 16469 | Actor Steps = 823450 | Delta Dist = 12.465 | Delta Dist 10 = 12.118 | Delta Dist 100 = 11.069 | Delta Dist 1000 = 10.782 | Episode Length = 50 | Episode Return = 15.0 | Evaluator Episodes = 4163 | Evaluator Steps = 208150 | Final Dist = 0.342 | Final Dist 10 = 0.688 | Final Dist 100 = 1.737 | Final Dist 1000 = 2.024 | Init Dist = 12.806 | Init Dist 10 = 12.806 | Init Dist 100 = 12.806 | Init Dist 1000 = 12.806 | Learner Steps = 12712 | Learner Walltime = 2503.467 | Min Dist = 0.236 | Min Dist 10 = 0.206 | Min Dist 100 = 1.102 | Min Dist 1000 = 1.298 | Steps Per Second = 78.459 | Success = 1.000 | Success 1000 = 0.857
I0502 15:47:59.859663 139558059398720 terminal.py:91] [Actor] Actor Episodes = 16470 | Actor Steps = 823500 | Delta Dist = 1.975 | Delta Dist 10 = 2.716 | Delta Dist 100 = 3.868 | Delta Dist 1000 = 4.273 | Episode Length = 50 | Episode Return = 30.0 | Evaluator Episodes = 4161 | Evaluator Steps = 208050 | Final Dist = 1.025 | Final Dist 10 = 3.929 | Final Dist 100 = 1.874 | Final Dist 1000 = 1.664 | Init Dist = 3.000 | Init Dist 10 = 6.645 | Init Dist 100 = 5.742 | Init Dist 1000 = 5.938 | Learner Steps = 12705 | Learner Walltime = 2502.186 | Min Dist = 0.065 | Min Dist 10 = 1.390 | Min Dist 100 = 0.351 | Min Dist 1000 = 0.266 | Steps Per Second = 71.133 | Success = 1.000 | Success 1000 = 0.985
I0502 15:48:00.557893 139579566835264 terminal.py:91] [Evaluator] Actor Episodes = 16477 | Actor Steps = 823850 | Delta Dist = 11.394 | Delta Dist 10 = 12.097 | Delta Dist 100 = 11.077 | Delta Dist 1000 = 10.783 | Episode Length = 50 | Episode Return = 11.0 | Evaluator Episodes = 4165 | Evaluator Steps = 208250 | Final Dist = 1.412 | Final Dist 10 = 0.709 | Final Dist 100 = 1.729 | Final Dist 1000 = 2.023 | Init Dist = 12.806 | Init Dist 10 = 12.806 | Init Dist 100 = 12.806 | Init Dist 1000 = 12.806 | Learner Steps = 12718 | Learner Walltime = 2504.701 | Min Dist = 0.155 | Min Dist 10 = 0.244 | Min Dist 100 = 1.092 | Min Dist 1000 = 1.298 | Steps Per Second = 88.869 | Success = 1.000 | Success 1000 = 0.857
I0502 15:48:00.941321 139569349502528 terminal.py:91] [Actor] Actor Episodes = 16479 | Actor Steps = 823950 | Delta Dist = 5.524 | Delta Dist 10 = 2.370 | Delta Dist 100 = 3.859 | Delta Dist 1000 = 4.271 | Episode Length = 50 | Episode Return = 36.0 | Evaluator Episodes = 4165 | Evaluator Steps = 208250 | Final Dist = 0.307 | Final Dist 10 = 2.791 | Final Dist 100 = 1.874 | Final Dist 1000 = 1.663 | Init Dist = 5.831 | Init Dist 10 = 5.161 | Init Dist 100 = 5.733 | Init Dist 1000 = 5.935 | Learner Steps = 12718 | Learner Walltime = 2504.701 | Min Dist = 0.021 | Min Dist 10 = 1.105 | Min Dist 100 = 0.359 | Min Dist 1000 = 0.267 | Steps Per Second = 88.566 | Success = 1.000 | Success 1000 = 0.985
I0502 15:48:01.808953 139579566835264 terminal.py:91] [Evaluator] Actor Episodes = 16485 | Actor Steps = 824250 | Delta Dist = 12.175 | Delta Dist 10 = 12.004 | Delta Dist 100 = 11.079 | Delta Dist 1000 = 10.781 | Episode Length = 50 | Episode Return = 28.0 | Evaluator Episodes = 4167 | Evaluator Steps = 208350 | Final Dist = 0.631 | Final Dist 10 = 0.802 | Final Dist 100 = 1.727 | Final Dist 1000 = 2.025 | Init Dist = 12.806 | Init Dist 10 = 12.806 | Init Dist 100 = 12.806 | Init Dist 1000 = 12.806 | Learner Steps = 12725 | Learner Walltime = 2505.915 | Min Dist = 0.127 | Min Dist 10 = 0.233 | Min Dist 100 = 1.092 | Min Dist 1000 = 1.298 | Steps Per Second = 79.614 | Success = 1.000 | Success 1000 = 0.857
I0502 15:48:02.327111 139555860620864 terminal.py:91] [Actor] Actor Episodes = 16484 | Actor Steps = 824200 | Delta Dist = 8.598 | Delta Dist 10 = 1.986 | Delta Dist 100 = 3.549 | Delta Dist 1000 = 4.225 | Episode Length = 50 | Episode Return = 20.0 | Evaluator Episodes = 4165 | Evaluator Steps = 208250 | Final Dist = 0.622 | Final Dist 10 = 3.466 | Final Dist 100 = 2.139 | Final Dist 1000 = 1.685 | Init Dist = 9.220 | Init Dist 10 = 5.452 | Init Dist 100 = 5.688 | Init Dist 1000 = 5.910 | Learner Steps = 12718 | Learner Walltime = 2504.701 | Min Dist = 0.034 | Min Dist 10 = 1.032 | Min Dist 100 = 0.456 | Min Dist 1000 = 0.277 | Steps Per Second = 74.116 | Success = 1.000 | Success 1000 = 0.984
I0502 15:48:02.968736 139579566835264 terminal.py:91] [Evaluator] Actor Episodes = 16493 | Actor Steps = 824650 | Delta Dist = 12.482 | Delta Dist 10 = 11.921 | Delta Dist 100 = 11.188 | Delta Dist 1000 = 10.781 | Episode Length = 50 | Episode Return = 14.0 | Evaluator Episodes = 4169 | Evaluator Steps = 208450 | Final Dist = 0.324 | Final Dist 10 = 0.885 | Final Dist 100 = 1.618 | Final Dist 1000 = 2.025 | Init Dist = 12.806 | Init Dist 10 = 12.806 | Init Dist 100 = 12.806 | Init Dist 1000 = 12.806 | Learner Steps = 12730 | Learner Walltime = 2507.104 | Min Dist = 0.165 | Min Dist 10 = 0.228 | Min Dist 100 = 0.983 | Min Dist 1000 = 1.298 | Steps Per Second = 94.967 | Success = 1.000 | Success 1000 = 0.857
I0502 15:48:04.042263 139557462840896 terminal.py:91] [Actor] Actor Episodes = 16498 | Actor Steps = 824900 | Delta Dist = 0.561 | Delta Dist 10 = 3.328 | Delta Dist 100 = 3.569 | Delta Dist 1000 = 4.220 | Episode Length = 50 | Episode Return = 42.0 | Evaluator Episodes = 4169 | Evaluator Steps = 208450 | Final Dist = 0.853 | Final Dist 10 = 2.585 | Final Dist 100 = 2.203 | Final Dist 1000 = 1.695 | Init Dist = 1.414 | Init Dist 10 = 5.912 | Init Dist 100 = 5.772 | Init Dist 1000 = 5.915 | Learner Steps = 12730 | Learner Walltime = 2507.104 | Min Dist = 0.003 | Min Dist 10 = 0.139 | Min Dist 100 = 0.467 | Min Dist 1000 = 0.269 | Steps Per Second = 83.812 | Success = 1.000 | Success 1000 = 0.984
I0502 15:48:04.126217 139579566835264 terminal.py:91] [Evaluator] Actor Episodes = 16499 | Actor Steps = 824950 | Delta Dist = 12.074 | Delta Dist 10 = 11.654 | Delta Dist 100 = 11.162 | Delta Dist 1000 = 10.779 | Episode Length = 50 | Episode Return = 24.0 | Evaluator Episodes = 4171 | Evaluator Steps = 208550 | Final Dist = 0.732 | Final Dist 10 = 1.152 | Final Dist 100 = 1.644 | Final Dist 1000 = 2.027 | Init Dist = 12.806 | Init Dist 10 = 12.806 | Init Dist 100 = 12.806 | Init Dist 1000 = 12.806 | Learner Steps = 12736 | Learner Walltime = 2508.221 | Min Dist = 0.050 | Min Dist 10 = 0.572 | Min Dist 100 = 1.016 | Min Dist 1000 = 1.301 | Steps Per Second = 83.427 | Success = 1.000 | Success 1000 = 0.856
I0502 15:48:05.344883 139579566835264 terminal.py:91] [Evaluator] Actor Episodes = 16509 | Actor Steps = 825450 | Delta Dist = 11.643 | Delta Dist 10 = 11.618 | Delta Dist 100 = 11.231 | Delta Dist 1000 = 10.779 | Episode Length = 50 | Episode Return = 20.0 | Evaluator Episodes = 4173 | Evaluator Steps = 208650 | Final Dist = 1.163 | Final Dist 10 = 1.188 | Final Dist 100 = 1.575 | Final Dist 1000 = 2.027 | Init Dist = 12.806 | Init Dist 10 = 12.806 | Init Dist 100 = 12.806 | Init Dist 1000 = 12.806 | Learner Steps = 12743 | Learner Walltime = 2509.530 | Min Dist = 0.072 | Min Dist 10 = 0.538 | Min Dist 100 = 0.947 | Min Dist 1000 = 1.301 | Steps Per Second = 77.694 | Success = 1.000 | Success 1000 = 0.856
I0502 15:48:06.469681 139579566835264 terminal.py:91] [Evaluator] Actor Episodes = 16515 | Actor Steps = 825750 | Delta Dist = 11.555 | Delta Dist 10 = 11.629 | Delta Dist 100 = 11.233 | Delta Dist 1000 = 10.779 | Episode Length = 50 | Episode Return = 20.0 | Evaluator Episodes = 4175 | Evaluator Steps = 208750 | Final Dist = 1.252 | Final Dist 10 = 1.177 | Final Dist 100 = 1.573 | Final Dist 1000 = 2.027 | Init Dist = 12.806 | Init Dist 10 = 12.806 | Init Dist 100 = 12.806 | Init Dist 1000 = 12.806 | Learner Steps = 12743 | Learner Walltime = 2509.530 | Min Dist = 0.071 | Min Dist 10 = 0.495 | Min Dist 100 = 0.945 | Min Dist 1000 = 1.301 | Steps Per Second = 91.183 | Success = 1.000 | Success 1000 = 0.856
I0502 15:48:06.484802 139555013154368 terminal.py:91] [Learner] Actor Episodes = 16515 | Actor Loss = 3.642451763153076 | Actor Steps = 825750 | Binary Accuracy = 0.9960308074951172 | Categorical Accuracy = 0.42840576171875 | Critic Loss = 1.9034563302993774 | Entropy Mean = -18.437421798706055 | Evaluator Episodes = 4175 | Evaluator Steps = 208750 | Learner Steps = 12750 | Learner Walltime = 2510.680 | Logits Neg = -16.080097198486328 | Logits Pos = -1.910840392112732 | Logsumexp = 1.2230576276779175 | Steps Per Second = 160.755
I0502 15:48:07.611594 139579566835264 terminal.py:91] [Evaluator] Actor Episodes = 16521 | Actor Steps = 826050 | Delta Dist = 11.486 | Delta Dist 10 = 11.656 | Delta Dist 100 = 11.228 | Delta Dist 1000 = 10.779 | Episode Length = 50 | Episode Return = 4.0 | Evaluator Episodes = 4177 | Evaluator Steps = 208850 | Final Dist = 1.320 | Final Dist 10 = 1.150 | Final Dist 100 = 1.579 | Final Dist 1000 = 2.027 | Init Dist = 12.806 | Init Dist 10 = 12.806 | Init Dist 100 = 12.806 | Init Dist 1000 = 12.806 | Learner Steps = 12755 | Learner Walltime = 2511.770 | Min Dist = 0.113 | Min Dist 10 = 0.560 | Min Dist 100 = 0.951 | Min Dist 1000 = 1.302 | Steps Per Second = 85.508 | Success = 1.000 | Success 1000 = 0.856
I0502 15:48:08.949633 139579566835264 terminal.py:91] [Evaluator] Actor Episodes = 16529 | Actor Steps = 826450 | Delta Dist = 11.530 | Delta Dist 10 = 11.545 | Delta Dist 100 = 11.290 | Delta Dist 1000 = 10.779 | Episode Length = 50 | Episode Return = 11.0 | Evaluator Episodes = 4179 | Evaluator Steps = 208950 | Final Dist = 1.277 | Final Dist 10 = 1.262 | Final Dist 100 = 1.516 | Final Dist 1000 = 2.028 | Init Dist = 12.806 | Init Dist 10 = 12.806 | Init Dist 100 = 12.806 | Init Dist 1000 = 12.806 | Learner Steps = 12761 | Learner Walltime = 2513.091 | Min Dist = 0.259 | Min Dist 10 = 0.604 | Min Dist 100 = 0.884 | Min Dist 1000 = 1.301 | Steps Per Second = 73.716 | Success = 1.000 | Success 1000 = 0.856
I0502 15:48:09.279570 139584504182336 lp_utils.py:96] StepsLimiter: Reached 826650 recorded steps
I0502 15:48:10.191384 139579566835264 terminal.py:91] [Evaluator] Actor Episodes = 16537 | Actor Steps = 826850 | Delta Dist = 12.124 | Delta Dist 10 = 11.723 | Delta Dist 100 = 11.286 | Delta Dist 1000 = 10.779 | Episode Length = 50 | Episode Return = 6.0 | Evaluator Episodes = 4181 | Evaluator Steps = 209050 | Final Dist = 0.682 | Final Dist 10 = 1.083 | Final Dist 100 = 1.521 | Final Dist 1000 = 2.028 | Init Dist = 12.806 | Init Dist 10 = 12.806 | Init Dist 100 = 12.806 | Init Dist 1000 = 12.806 | Learner Steps = 12767 | Learner Walltime = 2514.098 | Min Dist = 0.117 | Min Dist 10 = 0.237 | Min Dist 100 = 0.882 | Min Dist 1000 = 1.301 | Steps Per Second = 80.617 | Success = 1.000 | Success 1000 = 0.856
I0502 15:48:10.382393 139558059398720 terminal.py:91] [Actor] Actor Episodes = 16541 | Actor Steps = 827050 | Delta Dist = 5.279 | Delta Dist 10 = 4.390 | Delta Dist 100 = 3.928 | Delta Dist 1000 = 4.223 | Episode Length = 50 | Episode Return = 25.0 | Evaluator Episodes = 4181 | Evaluator Steps = 209050 | Final Dist = 2.001 | Final Dist 10 = 1.890 | Final Dist 100 = 1.900 | Final Dist 1000 = 1.698 | Init Dist = 7.280 | Init Dist 10 = 6.281 | Init Dist 100 = 5.828 | Init Dist 1000 = 5.921 | Learner Steps = 12767 | Learner Walltime = 2514.098 | Min Dist = 0.083 | Min Dist 10 = 0.128 | Min Dist 100 = 0.353 | Min Dist 1000 = 0.268 | Steps Per Second = 84.209 | Success = 1.000 | Success 1000 = 0.984
I0502 15:48:11.307493 139569349502528 terminal.py:91] [Actor] Actor Episodes = 16544 | Actor Steps = 827200 | Delta Dist = 3.641 | Delta Dist 10 = 5.588 | Delta Dist 100 = 3.992 | Delta Dist 1000 = 4.234 | Episode Length = 50 | Episode Return = 0.0 | Evaluator Episodes = 4181 | Evaluator Steps = 209050 | Final Dist = 1.458 | Final Dist 10 = 1.251 | Final Dist 100 = 1.950 | Final Dist 1000 = 1.693 | Init Dist = 5.099 | Init Dist 10 = 6.839 | Init Dist 100 = 5.942 | Init Dist 1000 = 5.928 | Learner Steps = 12767 | Learner Walltime = 2514.098 | Min Dist = 0.043 | Min Dist 10 = 0.064 | Min Dist 100 = 0.351 | Min Dist 1000 = 0.268 | Steps Per Second = 88.560 | Success = 1.000 | Success 1000 = 0.984
I0502 15:48:11.438917 139579566835264 terminal.py:91] [Evaluator] Actor Episodes = 16545 | Actor Steps = 827250 | Delta Dist = 12.060 | Delta Dist 10 = 11.786 | Delta Dist 100 = 11.358 | Delta Dist 1000 = 10.780 | Episode Length = 50 | Episode Return = 26.0 | Evaluator Episodes = 4183 | Evaluator Steps = 209150 | Final Dist = 0.746 | Final Dist 10 = 1.021 | Final Dist 100 = 1.448 | Final Dist 1000 = 2.026 | Init Dist = 12.806 | Init Dist 10 = 12.806 | Init Dist 100 = 12.806 | Init Dist 1000 = 12.806 | Learner Steps = 12772 | Learner Walltime = 2515.186 | Min Dist = 0.638 | Min Dist 10 = 0.236 | Min Dist 100 = 0.820 | Min Dist 1000 = 1.301 | Steps Per Second = 81.269 | Success = 1.000 | Success 1000 = 0.856
I0502 15:48:12.593104 139579566835264 terminal.py:91] [Evaluator] Actor Episodes = 16553 | Actor Steps = 827650 | Delta Dist = 11.722 | Delta Dist 10 = 11.794 | Delta Dist 100 = 11.352 | Delta Dist 1000 = 10.781 | Episode Length = 50 | Episode Return = 2.0 | Evaluator Episodes = 4185 | Evaluator Steps = 209250 | Final Dist = 1.085 | Final Dist 10 = 1.012 | Final Dist 100 = 1.454 | Final Dist 1000 = 2.025 | Init Dist = 12.806 | Init Dist 10 = 12.806 | Init Dist 100 = 12.806 | Init Dist 1000 = 12.806 | Learner Steps = 12778 | Learner Walltime = 2516.266 | Min Dist = 0.632 | Min Dist 10 = 0.277 | Min Dist 100 = 0.824 | Min Dist 1000 = 1.301 | Steps Per Second = 96.156 | Success = 1.000 | Success 1000 = 0.856
I0502 15:48:12.769273 139555860620864 terminal.py:91] [Actor] Actor Episodes = 16555 | Actor Steps = 827750 | Delta Dist = 10.081 | Delta Dist 10 = 4.923 | Delta Dist 100 = 4.009 | Delta Dist 1000 = 4.276 | Episode Length = 50 | Episode Return = 41.0 | Evaluator Episodes = 4185 | Evaluator Steps = 209250 | Final Dist = 0.736 | Final Dist 10 = 0.734 | Final Dist 100 = 1.923 | Final Dist 1000 = 1.645 | Init Dist = 10.817 | Init Dist 10 = 5.657 | Init Dist 100 = 5.932 | Init Dist 1000 = 5.922 | Learner Steps = 12778 | Learner Walltime = 2516.266 | Min Dist = 0.042 | Min Dist 10 = 0.147 | Min Dist 100 = 0.347 | Min Dist 1000 = 0.265 | Steps Per Second = 76.822 | Success = 1.000 | Success 1000 = 0.984
I0502 15:48:13.812998 139579566835264 terminal.py:91] [Evaluator] Actor Episodes = 16561 | Actor Steps = 828050 | Delta Dist = 11.663 | Delta Dist 10 = 11.740 | Delta Dist 100 = 11.416 | Delta Dist 1000 = 10.779 | Episode Length = 50 | Episode Return = 15.0 | Evaluator Episodes = 4187 | Evaluator Steps = 209350 | Final Dist = 1.143 | Final Dist 10 = 1.066 | Final Dist 100 = 1.390 | Final Dist 1000 = 2.027 | Init Dist = 12.806 | Init Dist 10 = 12.806 | Init Dist 100 = 12.806 | Init Dist 1000 = 12.806 | Learner Steps = 12784 | Learner Walltime = 2517.488 | Min Dist = 0.159 | Min Dist 10 = 0.257 | Min Dist 100 = 0.768 | Min Dist 1000 = 1.302 | Steps Per Second = 78.212 | Success = 1.000 | Success 1000 = 0.856
I0502 15:48:14.547852 139557462840896 terminal.py:91] [Actor] Actor Episodes = 16569 | Actor Steps = 828450 | Delta Dist = 2.516 | Delta Dist 10 = 5.069 | Delta Dist 100 = 4.076 | Delta Dist 1000 = 4.288 | Episode Length = 50 | Episode Return = 35.0 | Evaluator Episodes = 4187 | Evaluator Steps = 209350 | Final Dist = 0.313 | Final Dist 10 = 0.510 | Final Dist 100 = 1.753 | Final Dist 1000 = 1.625 | Init Dist = 2.828 | Init Dist 10 = 5.579 | Init Dist 100 = 5.830 | Init Dist 1000 = 5.913 | Learner Steps = 12784 | Learner Walltime = 2517.488 | Min Dist = 0.254 | Min Dist 10 = 0.055 | Min Dist 100 = 0.307 | Min Dist 1000 = 0.253 | Steps Per Second = 83.788 | Success = 1.000 | Success 1000 = 0.984
I0502 15:48:15.016166 139579566835264 terminal.py:91] [Evaluator] Actor Episodes = 16569 | Actor Steps = 828450 | Delta Dist = 11.466 | Delta Dist 10 = 11.126 | Delta Dist 100 = 11.467 | Delta Dist 1000 = 10.772 | Episode Length = 50 | Episode Return = 8.0 | Evaluator Episodes = 4189 | Evaluator Steps = 209450 | Final Dist = 1.340 | Final Dist 10 = 1.680 | Final Dist 100 = 1.339 | Final Dist 1000 = 2.034 | Init Dist = 12.806 | Init Dist 10 = 12.806 | Init Dist 100 = 12.806 | Init Dist 1000 = 12.806 | Learner Steps = 12790 | Learner Walltime = 2518.824 | Min Dist = 0.361 | Min Dist 10 = 0.823 | Min Dist 100 = 0.706 | Min Dist 1000 = 1.307 | Steps Per Second = 83.566 | Success = 1.000 | Success 1000 = 0.855
I0502 15:48:16.143750 139579566835264 terminal.py:91] [Evaluator] Actor Episodes = 16577 | Actor Steps = 828850 | Delta Dist = 11.419 | Delta Dist 10 = 11.099 | Delta Dist 100 = 11.458 | Delta Dist 1000 = 10.772 | Episode Length = 50 | Episode Return = 12.0 | Evaluator Episodes = 4191 | Evaluator Steps = 209550 | Final Dist = 1.387 | Final Dist 10 = 1.707 | Final Dist 100 = 1.348 | Final Dist 1000 = 2.035 | Init Dist = 12.806 | Init Dist 10 = 12.806 | Init Dist 100 = 12.806 | Init Dist 1000 = 12.806 | Learner Steps = 12797 | Learner Walltime = 2520.068 | Min Dist = 0.109 | Min Dist 10 = 0.872 | Min Dist 100 = 0.710 | Min Dist 1000 = 1.307 | Steps Per Second = 81.549 | Success = 1.000 | Success 1000 = 0.855
I0502 15:48:16.652442 139555013154368 terminal.py:91] [Learner] Actor Episodes = 16577 | Actor Loss = 3.590968132019043 | Actor Steps = 828850 | Binary Accuracy = 0.9960141181945801 | Categorical Accuracy = 0.41156005859375 | Critic Loss = 1.9934625625610352 | Entropy Mean = -20.869770050048828 | Evaluator Episodes = 4189 | Evaluator Steps = 209450 | Learner Steps = 12801 | Learner Walltime = 2520.852 | Logits Neg = -15.558014869689941 | Logits Pos = -1.9542869329452515 | Logsumexp = 1.2093827724456787 | Steps Per Second = 127.158
I0502 15:48:17.399850 139579566835264 terminal.py:91] [Evaluator] Actor Episodes = 16585 | Actor Steps = 829250 | Delta Dist = 11.525 | Delta Dist 10 = 10.936 | Delta Dist 100 = 11.447 | Delta Dist 1000 = 10.783 | Episode Length = 50 | Episode Return = 4.0 | Evaluator Episodes = 4193 | Evaluator Steps = 209650 | Final Dist = 1.281 | Final Dist 10 = 1.870 | Final Dist 100 = 1.359 | Final Dist 1000 = 2.023 | Init Dist = 12.806 | Init Dist 10 = 12.806 | Init Dist 100 = 12.806 | Init Dist 1000 = 12.806 | Learner Steps = 12804 | Learner Walltime = 2521.507 | Min Dist = 0.246 | Min Dist 10 = 0.924 | Min Dist 100 = 0.715 | Min Dist 1000 = 1.295 | Steps Per Second = 77.986 | Success = 1.000 | Success 1000 = 0.856
I0502 15:48:18.541516 139579566835264 terminal.py:91] [Evaluator] Actor Episodes = 16593 | Actor Steps = 829650 | Delta Dist = 12.605 | Delta Dist 10 = 10.878 | Delta Dist 100 = 11.441 | Delta Dist 1000 = 10.783 | Episode Length = 50 | Episode Return = 20.0 | Evaluator Episodes = 4195 | Evaluator Steps = 209750 | Final Dist = 0.202 | Final Dist 10 = 1.928 | Final Dist 100 = 1.366 | Final Dist 1000 = 2.023 | Init Dist = 12.806 | Init Dist 10 = 12.806 | Init Dist 100 = 12.806 | Init Dist 1000 = 12.806 | Learner Steps = 12811 | Learner Walltime = 2522.675 | Min Dist = 0.192 | Min Dist 10 = 0.890 | Min Dist 100 = 0.708 | Min Dist 1000 = 1.295 | Steps Per Second = 84.809 | Success = 1.000 | Success 1000 = 0.856
I0502 15:48:19.297975 139584504182336 lp_utils.py:96] StepsLimiter: Reached 829950 recorded steps
I0502 15:48:19.679024 139579566835264 terminal.py:91] [Evaluator] Actor Episodes = 16601 | Actor Steps = 830050 | Delta Dist = 12.210 | Delta Dist 10 = 11.033 | Delta Dist 100 = 11.438 | Delta Dist 1000 = 10.784 | Episode Length = 50 | Episode Return = 5.0 | Evaluator Episodes = 4197 | Evaluator Steps = 209850 | Final Dist = 0.596 | Final Dist 10 = 1.773 | Final Dist 100 = 1.368 | Final Dist 1000 = 2.022 | Init Dist = 12.806 | Init Dist 10 = 12.806 | Init Dist 100 = 12.806 | Init Dist 1000 = 12.806 | Learner Steps = 12816 | Learner Walltime = 2523.697 | Min Dist = 0.429 | Min Dist 10 = 0.930 | Min Dist 100 = 0.715 | Min Dist 1000 = 1.296 | Steps Per Second = 81.892 | Success = 1.000 | Success 1000 = 0.856
I0502 15:48:20.785078 139558059398720 terminal.py:91] [Actor] Actor Episodes = 16608 | Actor Steps = 830400 | Delta Dist = 6.355 | Delta Dist 10 = 4.518 | Delta Dist 100 = 4.628 | Delta Dist 1000 = 4.309 | Episode Length = 50 | Episode Return = 2.0 | Evaluator Episodes = 4197 | Evaluator Steps = 209850 | Final Dist = 0.925 | Final Dist 10 = 1.695 | Final Dist 100 = 1.231 | Final Dist 1000 = 1.612 | Init Dist = 7.280 | Init Dist 10 = 6.213 | Init Dist 100 = 5.860 | Init Dist 1000 = 5.921 | Learner Steps = 12816 | Learner Walltime = 2523.697 | Min Dist = 0.456 | Min Dist 10 = 0.269 | Min Dist 100 = 0.232 | Min Dist 1000 = 0.262 | Steps Per Second = 89.193 | Success = 1.000 | Success 1000 = 0.985
I0502 15:48:20.931380 139579566835264 terminal.py:91] [Evaluator] Actor Episodes = 16609 | Actor Steps = 830450 | Delta Dist = 11.833 | Delta Dist 10 = 11.741 | Delta Dist 100 = 11.476 | Delta Dist 1000 = 10.793 | Episode Length = 50 | Episode Return = 12.0 | Evaluator Episodes = 4199 | Evaluator Steps = 209950 | Final Dist = 0.973 | Final Dist 10 = 1.065 | Final Dist 100 = 1.330 | Final Dist 1000 = 2.013 | Init Dist = 12.806 | Init Dist 10 = 12.806 | Init Dist 100 = 12.806 | Init Dist 1000 = 12.806 | Learner Steps = 12822 | Learner Walltime = 2524.962 | Min Dist = 0.140 | Min Dist 10 = 0.415 | Min Dist 100 = 0.668 | Min Dist 1000 = 1.290 | Steps Per Second = 73.464 | Success = 1.000 | Success 1000 = 0.857
I0502 15:48:21.946519 139569349502528 terminal.py:91] [Actor] Actor Episodes = 16612 | Actor Steps = 830600 | Delta Dist = 4.311 | Delta Dist 10 = 3.240 | Delta Dist 100 = 4.516 | Delta Dist 1000 = 4.306 | Episode Length = 50 | Episode Return = 42.0 | Evaluator Episodes = 4199 | Evaluator Steps = 209950 | Final Dist = 0.788 | Final Dist 10 = 3.095 | Final Dist 100 = 1.346 | Final Dist 1000 = 1.627 | Init Dist = 5.099 | Init Dist 10 = 6.335 | Init Dist 100 = 5.861 | Init Dist 1000 = 5.933 | Learner Steps = 12822 | Learner Walltime = 2524.962 | Min Dist = 0.140 | Min Dist 10 = 0.685 | Min Dist 100 = 0.277 | Min Dist 1000 = 0.267 | Steps Per Second = 72.865 | Success = 1.000 | Success 1000 = 0.985
I0502 15:48:22.050616 139579566835264 terminal.py:91] [Evaluator] Actor Episodes = 16617 | Actor Steps = 830850 | Delta Dist = 12.125 | Delta Dist 10 = 10.629 | Delta Dist 100 = 11.355 | Delta Dist 1000 = 10.781 | Episode Length = 50 | Episode Return = 13.0 | Evaluator Episodes = 4201 | Evaluator Steps = 210050 | Final Dist = 0.681 | Final Dist 10 = 2.177 | Final Dist 100 = 1.451 | Final Dist 1000 = 2.025 | Init Dist = 12.806 | Init Dist 10 = 12.806 | Init Dist 100 = 12.806 | Init Dist 1000 = 12.806 | Learner Steps = 12828 | Learner Walltime = 2526.210 | Min Dist = 0.301 | Min Dist 10 = 1.374 | Min Dist 100 = 0.763 | Min Dist 1000 = 1.300 | Steps Per Second = 81.099 | Success = 1.000 | Success 1000 = 0.856
I0502 15:48:23.210256 139579566835264 terminal.py:91] [Evaluator] Actor Episodes = 16623 | Actor Steps = 831150 | Delta Dist = -0.025 | Delta Dist 10 = 10.719 | Delta Dist 100 = 11.362 | Delta Dist 1000 = 10.791 | Episode Length = 50 | Episode Return = 0.0 | Evaluator Episodes = 4203 | Evaluator Steps = 210150 | Final Dist = 12.832 | Final Dist 10 = 2.087 | Final Dist 100 = 1.444 | Final Dist 1000 = 2.015 | Init Dist = 12.806 | Init Dist 10 = 12.806 | Init Dist 100 = 12.806 | Init Dist 1000 = 12.806 | Learner Steps = 12828 | Learner Walltime = 2526.210 | Min Dist = 10.313 | Min Dist 10 = 1.351 | Min Dist 100 = 0.765 | Min Dist 1000 = 1.289 | Steps Per Second = 107.116 | Success = 0.000 | Success 1000 = 0.857
I0502 15:48:23.348306 139555860620864 terminal.py:91] [Actor] Actor Episodes = 16622 | Actor Steps = 831100 | Delta Dist = 5.553 | Delta Dist 10 = 4.331 | Delta Dist 100 = 4.499 | Delta Dist 1000 = 4.290 | Episode Length = 50 | Episode Return = 45.0 | Evaluator Episodes = 4201 | Evaluator Steps = 210050 | Final Dist = 0.278 | Final Dist 10 = 1.332 | Final Dist 100 = 1.384 | Final Dist 1000 = 1.633 | Init Dist = 5.831 | Init Dist 10 = 5.663 | Init Dist 100 = 5.883 | Init Dist 1000 = 5.922 | Learner Steps = 12828 | Learner Walltime = 2526.210 | Min Dist = 0.086 | Min Dist 10 = 0.536 | Min Dist 100 = 0.318 | Min Dist 1000 = 0.271 | Steps Per Second = 70.618 | Success = 1.000 | Success 1000 = 0.985
I0502 15:48:24.434786 139579566835264 terminal.py:91] [Evaluator] Actor Episodes = 16631 | Actor Steps = 831550 | Delta Dist = 11.843 | Delta Dist 10 = 9.060 | Delta Dist 100 = 11.300 | Delta Dist 1000 = 10.774 | Episode Length = 50 | Episode Return = 15.0 | Evaluator Episodes = 4205 | Evaluator Steps = 210250 | Final Dist = 0.963 | Final Dist 10 = 3.747 | Final Dist 100 = 1.507 | Final Dist 1000 = 2.032 | Init Dist = 12.806 | Init Dist 10 = 12.806 | Init Dist 100 = 12.806 | Init Dist 1000 = 12.806 | Learner Steps = 12834 | Learner Walltime = 2527.518 | Min Dist = 0.070 | Min Dist 10 = 2.919 | Min Dist 100 = 0.818 | Min Dist 1000 = 1.305 | Steps Per Second = 90.819 | Success = 1.000 | Success 1000 = 0.855
I0502 15:48:25.106364 139557462840896 terminal.py:91] [Actor] Actor Episodes = 16634 | Actor Steps = 831700 | Delta Dist = 6.459 | Delta Dist 10 = 5.506 | Delta Dist 100 = 4.623 | Delta Dist 1000 = 4.303 | Episode Length = 50 | Episode Return = 30.0 | Evaluator Episodes = 4205 | Evaluator Steps = 210250 | Final Dist = 0.613 | Final Dist 10 = 1.559 | Final Dist 100 = 1.279 | Final Dist 1000 = 1.636 | Init Dist = 7.071 | Init Dist 10 = 7.065 | Init Dist 100 = 5.902 | Init Dist 1000 = 5.939 | Learner Steps = 12841 | Learner Walltime = 2528.711 | Min Dist = 0.043 | Min Dist 10 = 0.465 | Min Dist 100 = 0.350 | Min Dist 1000 = 0.275 | Steps Per Second = 85.927 | Success = 1.000 | Success 1000 = 0.985
I0502 15:48:25.615344 139579566835264 terminal.py:91] [Evaluator] Actor Episodes = 16639 | Actor Steps = 831950 | Delta Dist = 11.480 | Delta Dist 10 = 9.047 | Delta Dist 100 = 11.312 | Delta Dist 1000 = 10.784 | Episode Length = 50 | Episode Return = 8.0 | Evaluator Episodes = 4207 | Evaluator Steps = 210350 | Final Dist = 1.326 | Final Dist 10 = 3.759 | Final Dist 100 = 1.494 | Final Dist 1000 = 2.022 | Init Dist = 12.806 | Init Dist 10 = 12.806 | Init Dist 100 = 12.806 | Init Dist 1000 = 12.806 | Learner Steps = 12846 | Learner Walltime = 2529.755 | Min Dist = 0.369 | Min Dist 10 = 2.820 | Min Dist 100 = 0.814 | Min Dist 1000 = 1.294 | Steps Per Second = 97.203 | Success = 1.000 | Success 1000 = 0.856
I0502 15:48:26.720591 139555013154368 terminal.py:91] [Learner] Actor Episodes = 16645 | Actor Loss = 3.5881154537200928 | Actor Steps = 832250 | Binary Accuracy = 0.9960403442382812 | Categorical Accuracy = 0.4163818359375 | Critic Loss = 1.971545934677124 | Entropy Mean = -20.428585052490234 | Evaluator Episodes = 4207 | Evaluator Steps = 210350 | Learner Steps = 12852 | Learner Walltime = 2530.912 | Logits Neg = -16.091320037841797 | Logits Pos = -1.9479438066482544 | Logsumexp = 1.28952157497406 | Steps Per Second = 470.638
I0502 15:48:26.887943 139579566835264 terminal.py:91] [Evaluator] Actor Episodes = 16647 | Actor Steps = 832350 | Delta Dist = 1.945 | Delta Dist 10 = 8.391 | Delta Dist 100 = 11.239 | Delta Dist 1000 = 10.783 | Episode Length = 50 | Episode Return = 0.0 | Evaluator Episodes = 4209 | Evaluator Steps = 210450 | Final Dist = 10.861 | Final Dist 10 = 4.415 | Final Dist 100 = 1.568 | Final Dist 1000 = 2.023 | Init Dist = 12.806 | Init Dist 10 = 12.806 | Init Dist 100 = 12.806 | Init Dist 1000 = 12.806 | Learner Steps = 12851 | Learner Walltime = 2530.776 | Min Dist = 10.663 | Min Dist 10 = 3.201 | Min Dist 100 = 0.854 | Min Dist 1000 = 1.292 | Steps Per Second = 85.178 | Success = 0.000 | Success 1000 = 0.856
I0502 15:48:28.004642 139579566835264 terminal.py:91] [Evaluator] Actor Episodes = 16655 | Actor Steps = 832750 | Delta Dist = 11.727 | Delta Dist 10 = 8.621 | Delta Dist 100 = 11.141 | Delta Dist 1000 = 10.773 | Episode Length = 50 | Episode Return = 23.0 | Evaluator Episodes = 4211 | Evaluator Steps = 210550 | Final Dist = 1.080 | Final Dist 10 = 4.185 | Final Dist 100 = 1.665 | Final Dist 1000 = 2.033 | Init Dist = 12.806 | Init Dist 10 = 12.806 | Init Dist 100 = 12.806 | Init Dist 1000 = 12.806 | Learner Steps = 12857 | Learner Walltime = 2531.851 | Min Dist = 0.064 | Min Dist 10 = 3.247 | Min Dist 100 = 0.956 | Min Dist 1000 = 1.303 | Steps Per Second = 91.011 | Success = 1.000 | Success 1000 = 0.855
I0502 15:48:29.207935 139579566835264 terminal.py:91] [Evaluator] Actor Episodes = 16663 | Actor Steps = 833150 | Delta Dist = 11.697 | Delta Dist 10 = 8.564 | Delta Dist 100 = 11.138 | Delta Dist 1000 = 10.774 | Episode Length = 50 | Episode Return = 12.0 | Evaluator Episodes = 4213 | Evaluator Steps = 210650 | Final Dist = 1.109 | Final Dist 10 = 4.242 | Final Dist 100 = 1.668 | Final Dist 1000 = 2.032 | Init Dist = 12.806 | Init Dist 10 = 12.806 | Init Dist 100 = 12.806 | Init Dist 1000 = 12.806 | Learner Steps = 12863 | Learner Walltime = 2532.999 | Min Dist = 0.190 | Min Dist 10 = 3.234 | Min Dist 100 = 0.955 | Min Dist 1000 = 1.303 | Steps Per Second = 79.090 | Success = 1.000 | Success 1000 = 0.855
I0502 15:48:29.314965 139584504182336 lp_utils.py:96] StepsLimiter: Reached 833150 recorded steps
I0502 15:48:30.366340 139579566835264 terminal.py:91] [Evaluator] Actor Episodes = 16671 | Actor Steps = 833550 | Delta Dist = 11.189 | Delta Dist 10 = 10.211 | Delta Dist 100 = 11.134 | Delta Dist 1000 = 10.786 | Episode Length = 50 | Episode Return = 2.0 | Evaluator Episodes = 4215 | Evaluator Steps = 210750 | Final Dist = 1.617 | Final Dist 10 = 2.595 | Final Dist 100 = 1.672 | Final Dist 1000 = 2.020 | Init Dist = 12.806 | Init Dist 10 = 12.806 | Init Dist 100 = 12.806 | Init Dist 1000 = 12.806 | Learner Steps = 12869 | Learner Walltime = 2534.354 | Min Dist = 0.423 | Min Dist 10 = 1.684 | Min Dist 100 = 0.950 | Min Dist 1000 = 1.292 | Steps Per Second = 87.317 | Success = 1.000 | Success 1000 = 0.856
I0502 15:48:30.923837 139558059398720 terminal.py:91] [Actor] Actor Episodes = 16672 | Actor Steps = 833600 | Delta Dist = 1.206 | Delta Dist 10 = 5.798 | Delta Dist 100 = 4.469 | Delta Dist 1000 = 4.318 | Episode Length = 50 | Episode Return = 32.0 | Evaluator Episodes = 4213 | Evaluator Steps = 210650 | Final Dist = 0.209 | Final Dist 10 = 0.954 | Final Dist 100 = 1.317 | Final Dist 1000 = 1.614 | Init Dist = 1.414 | Init Dist 10 = 6.752 | Init Dist 100 = 5.786 | Init Dist 1000 = 5.932 | Learner Steps = 12869 | Learner Walltime = 2534.354 | Min Dist = 0.043 | Min Dist 10 = 0.097 | Min Dist 100 = 0.352 | Min Dist 1000 = 0.275 | Steps Per Second = 80.037 | Success = 1.000 | Success 1000 = 0.985
I0502 15:48:31.595298 139579566835264 terminal.py:91] [Evaluator] Actor Episodes = 16679 | Actor Steps = 833950 | Delta Dist = 11.421 | Delta Dist 10 = 10.128 | Delta Dist 100 = 11.129 | Delta Dist 1000 = 10.786 | Episode Length = 50 | Episode Return = 6.0 | Evaluator Episodes = 4217 | Evaluator Steps = 210850 | Final Dist = 1.386 | Final Dist 10 = 2.678 | Final Dist 100 = 1.677 | Final Dist 1000 = 2.020 | Init Dist = 12.806 | Init Dist 10 = 12.806 | Init Dist 100 = 12.806 | Init Dist 1000 = 12.806 | Learner Steps = 12875 | Learner Walltime = 2535.499 | Min Dist = 0.325 | Min Dist 10 = 1.720 | Min Dist 100 = 0.951 | Min Dist 1000 = 1.292 | Steps Per Second = 85.667 | Success = 1.000 | Success 1000 = 0.856
I0502 15:48:31.980461 139569349502528 terminal.py:91] [Actor] Actor Episodes = 16678 | Actor Steps = 833900 | Delta Dist = 5.841 | Delta Dist 10 = 3.461 | Delta Dist 100 = 4.337 | Delta Dist 1000 = 4.303 | Episode Length = 50 | Episode Return = 35.0 | Evaluator Episodes = 4215 | Evaluator Steps = 210750 | Final Dist = 1.370 | Final Dist 10 = 2.374 | Final Dist 100 = 1.464 | Final Dist 1000 = 1.616 | Init Dist = 7.211 | Init Dist 10 = 5.835 | Init Dist 100 = 5.801 | Init Dist 1000 = 5.919 | Learner Steps = 12875 | Learner Walltime = 2535.499 | Min Dist = 0.103 | Min Dist 10 = 0.102 | Min Dist 100 = 0.351 | Min Dist 1000 = 0.274 | Steps Per Second = 88.090 | Success = 1.000 | Success 1000 = 0.985
I0502 15:48:32.622154 139579566835264 terminal.py:91] [Evaluator] Actor Episodes = 16685 | Actor Steps = 834250 | Delta Dist = 5.369 | Delta Dist 10 = 10.749 | Delta Dist 100 = 11.187 | Delta Dist 1000 = 10.786 | Episode Length = 50 | Episode Return = 0.0 | Evaluator Episodes = 4219 | Evaluator Steps = 210950 | Final Dist = 7.438 | Final Dist 10 = 2.057 | Final Dist 100 = 1.620 | Final Dist 1000 = 2.021 | Init Dist = 12.806 | Init Dist 10 = 12.806 | Init Dist 100 = 12.806 | Init Dist 1000 = 12.806 | Learner Steps = 12881 | Learner Walltime = 2536.673 | Min Dist = 7.376 | Min Dist 10 = 1.273 | Min Dist 100 = 0.886 | Min Dist 1000 = 1.292 | Steps Per Second = 109.532 | Success = 0.000 | Success 1000 = 0.856
I0502 15:48:33.641435 139555860620864 terminal.py:91] [Actor] Actor Episodes = 16691 | Actor Steps = 834550 | Delta Dist = 6.907 | Delta Dist 10 = 3.926 | Delta Dist 100 = 4.299 | Delta Dist 1000 = 4.283 | Episode Length = 50 | Episode Return = 48.0 | Evaluator Episodes = 4219 | Evaluator Steps = 210950 | Final Dist = 0.164 | Final Dist 10 = 0.804 | Final Dist 100 = 1.437 | Final Dist 1000 = 1.618 | Init Dist = 7.071 | Init Dist 10 = 4.730 | Init Dist 100 = 5.736 | Init Dist 1000 = 5.901 | Learner Steps = 12887 | Learner Walltime = 2537.737 | Min Dist = 0.048 | Min Dist 10 = 0.048 | Min Dist 100 = 0.315 | Min Dist 1000 = 0.274 | Steps Per Second = 77.360 | Success = 1.000 | Success 1000 = 0.985
I0502 15:48:33.829087 139579566835264 terminal.py:91] [Evaluator] Actor Episodes = 16691 | Actor Steps = 834550 | Delta Dist = 11.891 | Delta Dist 10 = 10.993 | Delta Dist 100 = 11.107 | Delta Dist 1000 = 10.780 | Episode Length = 50 | Episode Return = 23.0 | Evaluator Episodes = 4221 | Evaluator Steps = 211050 | Final Dist = 0.915 | Final Dist 10 = 1.813 | Final Dist 100 = 1.699 | Final Dist 1000 = 2.027 | Init Dist = 12.806 | Init Dist 10 = 12.806 | Init Dist 100 = 12.806 | Init Dist 1000 = 12.806 | Learner Steps = 12887 | Learner Walltime = 2537.737 | Min Dist = 0.166 | Min Dist 10 = 0.957 | Min Dist 100 = 0.961 | Min Dist 1000 = 1.299 | Steps Per Second = 83.277 | Success = 1.000 | Success 1000 = 0.855
I0502 15:48:35.026191 139579566835264 terminal.py:91] [Evaluator] Actor Episodes = 16699 | Actor Steps = 834950 | Delta Dist = 12.457 | Delta Dist 10 = 11.012 | Delta Dist 100 = 11.101 | Delta Dist 1000 = 10.780 | Episode Length = 50 | Episode Return = 21.0 | Evaluator Episodes = 4223 | Evaluator Steps = 211150 | Final Dist = 0.349 | Final Dist 10 = 1.795 | Final Dist 100 = 1.705 | Final Dist 1000 = 2.026 | Init Dist = 12.806 | Init Dist 10 = 12.806 | Init Dist 100 = 12.806 | Init Dist 1000 = 12.806 | Learner Steps = 12892 | Learner Walltime = 2538.764 | Min Dist = 0.262 | Min Dist 10 = 0.989 | Min Dist 100 = 0.964 | Min Dist 1000 = 1.299 | Steps Per Second = 80.284 | Success = 1.000 | Success 1000 = 0.855
I0502 15:48:35.570800 139557462840896 terminal.py:91] [Actor] Actor Episodes = 16705 | Actor Steps = 835250 | Delta Dist = 8.214 | Delta Dist 10 = 4.982 | Delta Dist 100 = 4.433 | Delta Dist 1000 = 4.288 | Episode Length = 50 | Episode Return = 32.0 | Evaluator Episodes = 4223 | Evaluator Steps = 211150 | Final Dist = 0.032 | Final Dist 10 = 2.071 | Final Dist 100 = 1.482 | Final Dist 1000 = 1.627 | Init Dist = 8.246 | Init Dist 10 = 7.053 | Init Dist 100 = 5.914 | Init Dist 1000 = 5.915 | Learner Steps = 12892 | Learner Walltime = 2538.764 | Min Dist = 0.032 | Min Dist 10 = 0.472 | Min Dist 100 = 0.267 | Min Dist 1000 = 0.278 | Steps Per Second = 75.735 | Success = 1.000 | Success 1000 = 0.984
I0502 15:48:36.293767 139579566835264 terminal.py:91] [Evaluator] Actor Episodes = 16709 | Actor Steps = 835450 | Delta Dist = 11.957 | Delta Dist 10 = 11.136 | Delta Dist 100 = 11.107 | Delta Dist 1000 = 10.780 | Episode Length = 50 | Episode Return = 16.0 | Evaluator Episodes = 4225 | Evaluator Steps = 211250 | Final Dist = 0.849 | Final Dist 10 = 1.670 | Final Dist 100 = 1.699 | Final Dist 1000 = 2.026 | Init Dist = 12.806 | Init Dist 10 = 12.806 | Init Dist 100 = 12.806 | Init Dist 1000 = 12.806 | Learner Steps = 12897 | Learner Walltime = 2539.859 | Min Dist = 0.390 | Min Dist 10 = 0.983 | Min Dist 100 = 0.962 | Min Dist 1000 = 1.299 | Steps Per Second = 72.769 | Success = 1.000 | Success 1000 = 0.855
I0502 15:48:37.011579 139555013154368 terminal.py:91] [Learner] Actor Episodes = 16713 | Actor Loss = 3.6518709659576416 | Actor Steps = 835650 | Binary Accuracy = 0.9960620403289795 | Categorical Accuracy = 0.4246826171875 | Critic Loss = 1.9353199005126953 | Entropy Mean = -20.228595733642578 | Evaluator Episodes = 4225 | Evaluator Steps = 211250 | Learner Steps = 12904 | Learner Walltime = 2541.208 | Logits Neg = -16.019601821899414 | Logits Pos = -1.916371464729309 | Logsumexp = 1.2242597341537476 | Steps Per Second = 181.591
I0502 15:48:37.593899 139579566835264 terminal.py:91] [Evaluator] Actor Episodes = 16719 | Actor Steps = 835950 | Delta Dist = 12.597 | Delta Dist 10 = 11.247 | Delta Dist 100 = 11.124 | Delta Dist 1000 = 10.781 | Episode Length = 50 | Episode Return = 27.0 | Evaluator Episodes = 4227 | Evaluator Steps = 211350 | Final Dist = 0.210 | Final Dist 10 = 1.560 | Final Dist 100 = 1.683 | Final Dist 1000 = 2.025 | Init Dist = 12.806 | Init Dist 10 = 12.806 | Init Dist 100 = 12.806 | Init Dist 1000 = 12.806 | Learner Steps = 12904 | Learner Walltime = 2541.208 | Min Dist = 0.093 | Min Dist 10 = 0.991 | Min Dist 100 = 0.963 | Min Dist 1000 = 1.299 | Steps Per Second = 72.065 | Success = 1.000 | Success 1000 = 0.855
I0502 15:48:38.884398 139579566835264 terminal.py:91] [Evaluator] Actor Episodes = 16727 | Actor Steps = 836350 | Delta Dist = 5.283 | Delta Dist 10 = 11.401 | Delta Dist 100 = 11.131 | Delta Dist 1000 = 10.782 | Episode Length = 50 | Episode Return = 0.0 | Evaluator Episodes = 4229 | Evaluator Steps = 211450 | Final Dist = 7.523 | Final Dist 10 = 1.405 | Final Dist 100 = 1.675 | Final Dist 1000 = 2.024 | Init Dist = 12.806 | Init Dist 10 = 12.806 | Init Dist 100 = 12.806 | Init Dist 1000 = 12.806 | Learner Steps = 12909 | Learner Walltime = 2542.323 | Min Dist = 6.158 | Min Dist 10 = 1.004 | Min Dist 100 = 0.964 | Min Dist 1000 = 1.299 | Steps Per Second = 77.826 | Success = 0.000 | Success 1000 = 0.855
I0502 15:48:39.332822 139584504182336 lp_utils.py:96] StepsLimiter: Reached 836350 recorded steps
I0502 15:48:40.121796 139579566835264 terminal.py:91] [Evaluator] Actor Episodes = 16735 | Actor Steps = 836750 | Delta Dist = 12.595 | Delta Dist 10 = 11.440 | Delta Dist 100 = 11.180 | Delta Dist 1000 = 10.774 | Episode Length = 50 | Episode Return = 16.0 | Evaluator Episodes = 4231 | Evaluator Steps = 211550 | Final Dist = 0.211 | Final Dist 10 = 1.366 | Final Dist 100 = 1.626 | Final Dist 1000 = 2.032 | Init Dist = 12.806 | Init Dist 10 = 12.806 | Init Dist 100 = 12.806 | Init Dist 1000 = 12.806 | Learner Steps = 12916 | Learner Walltime = 2543.607 | Min Dist = 0.211 | Min Dist 10 = 0.898 | Min Dist 100 = 0.906 | Min Dist 1000 = 1.306 | Steps Per Second = 78.378 | Success = 1.000 | Success 1000 = 0.854
I0502 15:48:41.184144 139558059398720 terminal.py:91] [Actor] Actor Episodes = 16739 | Actor Steps = 836950 | Delta Dist = 5.383 | Delta Dist 10 = 4.198 | Delta Dist 100 = 4.162 | Delta Dist 1000 = 4.253 | Episode Length = 50 | Episode Return = 44.0 | Evaluator Episodes = 4231 | Evaluator Steps = 211550 | Final Dist = 0.617 | Final Dist 10 = 1.340 | Final Dist 100 = 1.501 | Final Dist 1000 = 1.629 | Init Dist = 6.000 | Init Dist 10 = 5.537 | Init Dist 100 = 5.663 | Init Dist 1000 = 5.883 | Learner Steps = 12922 | Learner Walltime = 2544.840 | Min Dist = 0.134 | Min Dist 10 = 0.184 | Min Dist 100 = 0.254 | Min Dist 1000 = 0.279 | Steps Per Second = 86.236 | Success = 1.000 | Success 1000 = 0.981
I0502 15:48:41.341219 139579566835264 terminal.py:91] [Evaluator] Actor Episodes = 16741 | Actor Steps = 837050 | Delta Dist = 11.732 | Delta Dist 10 = 11.571 | Delta Dist 100 = 11.191 | Delta Dist 1000 = 10.774 | Episode Length = 50 | Episode Return = 8.0 | Evaluator Episodes = 4233 | Evaluator Steps = 211650 | Final Dist = 1.075 | Final Dist 10 = 1.236 | Final Dist 100 = 1.615 | Final Dist 1000 = 2.032 | Init Dist = 12.806 | Init Dist 10 = 12.806 | Init Dist 100 = 12.806 | Init Dist 1000 = 12.806 | Learner Steps = 12922 | Learner Walltime = 2544.840 | Min Dist = 0.156 | Min Dist 10 = 0.861 | Min Dist 100 = 0.905 | Min Dist 1000 = 1.306 | Steps Per Second = 80.988 | Success = 1.000 | Success 1000 = 0.854
I0502 15:48:42.067824 139569349502528 terminal.py:91] [Actor] Actor Episodes = 16744 | Actor Steps = 837200 | Delta Dist = -0.311 | Delta Dist 10 = 3.767 | Delta Dist 100 = 4.008 | Delta Dist 1000 = 4.251 | Episode Length = 50 | Episode Return = 0.0 | Evaluator Episodes = 4233 | Evaluator Steps = 211650 | Final Dist = 10.160 | Final Dist 10 = 2.097 | Final Dist 100 = 1.667 | Final Dist 1000 = 1.636 | Init Dist = 9.849 | Init Dist 10 = 5.864 | Init Dist 100 = 5.674 | Init Dist 1000 = 5.887 | Learner Steps = 12922 | Learner Walltime = 2544.840 | Min Dist = 0.164 | Min Dist 10 = 0.174 | Min Dist 100 = 0.261 | Min Dist 1000 = 0.277 | Steps Per Second = 76.320 | Success = 1.000 | Success 1000 = 0.982
I0502 15:48:42.573475 139579566835264 terminal.py:91] [Evaluator] Actor Episodes = 16749 | Actor Steps = 837450 | Delta Dist = 11.417 | Delta Dist 10 = 11.436 | Delta Dist 100 = 11.188 | Delta Dist 1000 = 10.772 | Episode Length = 50 | Episode Return = 8.0 | Evaluator Episodes = 4235 | Evaluator Steps = 211750 | Final Dist = 1.389 | Final Dist 10 = 1.371 | Final Dist 100 = 1.618 | Final Dist 1000 = 2.034 | Init Dist = 12.806 | Init Dist 10 = 12.806 | Init Dist 100 = 12.806 | Init Dist 1000 = 12.806 | Learner Steps = 12929 | Learner Walltime = 2546.195 | Min Dist = 0.307 | Min Dist 10 = 0.927 | Min Dist 100 = 0.908 | Min Dist 1000 = 1.307 | Steps Per Second = 79.525 | Success = 1.000 | Success 1000 = 0.854
I0502 15:48:43.756792 139555860620864 terminal.py:91] [Actor] Actor Episodes = 16757 | Actor Steps = 837850 | Delta Dist = 10.110 | Delta Dist 10 = 2.990 | Delta Dist 100 = 3.972 | Delta Dist 1000 = 4.256 | Episode Length = 50 | Episode Return = 32.0 | Evaluator Episodes = 4235 | Evaluator Steps = 211750 | Final Dist = 0.520 | Final Dist 10 = 2.522 | Final Dist 100 = 1.796 | Final Dist 1000 = 1.624 | Init Dist = 10.630 | Init Dist 10 = 5.512 | Init Dist 100 = 5.768 | Init Dist 1000 = 5.879 | Learner Steps = 12935 | Learner Walltime = 2547.441 | Min Dist = 0.384 | Min Dist 10 = 0.179 | Min Dist 100 = 0.269 | Min Dist 1000 = 0.261 | Steps Per Second = 78.789 | Success = 1.000 | Success 1000 = 0.982
I0502 15:48:43.837008 139579566835264 terminal.py:91] [Evaluator] Actor Episodes = 16757 | Actor Steps = 837850 | Delta Dist = 12.058 | Delta Dist 10 = 11.328 | Delta Dist 100 = 11.209 | Delta Dist 1000 = 10.771 | Episode Length = 50 | Episode Return = 23.0 | Evaluator Episodes = 4237 | Evaluator Steps = 211850 | Final Dist = 0.748 | Final Dist 10 = 1.478 | Final Dist 100 = 1.597 | Final Dist 1000 = 2.035 | Init Dist = 12.806 | Init Dist 10 = 12.806 | Init Dist 100 = 12.806 | Init Dist 1000 = 12.806 | Learner Steps = 12935 | Learner Walltime = 2547.441 | Min Dist = 0.120 | Min Dist 10 = 0.912 | Min Dist 100 = 0.879 | Min Dist 1000 = 1.307 | Steps Per Second = 77.693 | Success = 1.000 | Success 1000 = 0.854
I0502 15:48:44.985592 139583350109760 savers.py:156] Saving checkpoint: logs/contrastive_cpc_point_FourRooms_64/5dd72662-2788-11f0-b183-d85ed38c5779/checkpoints/learner
I0502 15:48:45.197205 139579566835264 terminal.py:91] [Evaluator] Actor Episodes = 16765 | Actor Steps = 838250 | Delta Dist = 8.204 | Delta Dist 10 = 11.203 | Delta Dist 100 = 11.205 | Delta Dist 1000 = 10.770 | Episode Length = 50 | Episode Return = 0.0 | Evaluator Episodes = 4239 | Evaluator Steps = 211950 | Final Dist = 4.603 | Final Dist 10 = 1.603 | Final Dist 100 = 1.601 | Final Dist 1000 = 2.036 | Init Dist = 12.806 | Init Dist 10 = 12.806 | Init Dist 100 = 12.806 | Init Dist 1000 = 12.806 | Learner Steps = 12941 | Learner Walltime = 2548.678 | Min Dist = 4.422 | Min Dist 10 = 0.889 | Min Dist 100 = 0.881 | Min Dist 1000 = 1.307 | Steps Per Second = 69.237 | Success = 0.000 | Success 1000 = 0.854
I0502 15:48:45.633261 139557462840896 terminal.py:91] [Actor] Actor Episodes = 16769 | Actor Steps = 838450 | Delta Dist = 8.132 | Delta Dist 10 = 3.421 | Delta Dist 100 = 3.830 | Delta Dist 1000 = 4.235 | Episode Length = 50 | Episode Return = 17.0 | Evaluator Episodes = 4239 | Evaluator Steps = 211950 | Final Dist = 1.088 | Final Dist 10 = 2.042 | Final Dist 100 = 1.976 | Final Dist 1000 = 1.636 | Init Dist = 9.220 | Init Dist 10 = 5.463 | Init Dist 100 = 5.806 | Init Dist 1000 = 5.872 | Learner Steps = 12945 | Learner Walltime = 2549.733 | Min Dist = 0.266 | Min Dist 10 = 0.096 | Min Dist 100 = 0.271 | Min Dist 1000 = 0.258 | Steps Per Second = 75.408 | Success = 1.000 | Success 1000 = 0.982
I0502 15:48:46.331558 139579566835264 terminal.py:91] [Evaluator] Actor Episodes = 16773 | Actor Steps = 838650 | Delta Dist = 11.487 | Delta Dist 10 = 11.567 | Delta Dist 100 = 11.179 | Delta Dist 1000 = 10.769 | Episode Length = 50 | Episode Return = 2.0 | Evaluator Episodes = 4241 | Evaluator Steps = 212050 | Final Dist = 1.319 | Final Dist 10 = 1.239 | Final Dist 100 = 1.627 | Final Dist 1000 = 2.037 | Init Dist = 12.806 | Init Dist 10 = 12.806 | Init Dist 100 = 12.806 | Init Dist 1000 = 12.806 | Learner Steps = 12945 | Learner Walltime = 2549.733 | Min Dist = 0.297 | Min Dist 10 = 0.681 | Min Dist 100 = 0.921 | Min Dist 1000 = 1.309 | Steps Per Second = 88.792 | Success = 1.000 | Success 1000 = 0.854
I0502 15:48:46.575764 139584635659840 savers.py:156] Saving checkpoint: logs/contrastive_cpc_point_FourRooms_64/5dd72662-2788-11f0-b183-d85ed38c5779/checkpoints/counter
I0502 15:48:47.017803 139555013154368 terminal.py:91] [Learner] Actor Episodes = 16777 | Actor Loss = 3.6661930084228516 | Actor Steps = 838850 | Binary Accuracy = 0.9960613250732422 | Categorical Accuracy = 0.4427490234375 | Critic Loss = 1.84541916847229 | Entropy Mean = -19.514202117919922 | Evaluator Episodes = 4241 | Evaluator Steps = 212050 | Learner Steps = 12955 | Learner Walltime = 2551.213 | Logits Neg = -16.405704498291016 | Logits Pos = -1.8542919158935547 | Logsumexp = 1.1393415927886963 | Steps Per Second = 975.281
I0502 15:48:47.497907 139579566835264 terminal.py:91] [Evaluator] Actor Episodes = 16781 | Actor Steps = 839050 | Delta Dist = 11.554 | Delta Dist 10 = 11.434 | Delta Dist 100 = 11.172 | Delta Dist 1000 = 10.770 | Episode Length = 50 | Episode Return = 10.0 | Evaluator Episodes = 4243 | Evaluator Steps = 212150 | Final Dist = 1.252 | Final Dist 10 = 1.372 | Final Dist 100 = 1.635 | Final Dist 1000 = 2.036 | Init Dist = 12.806 | Init Dist 10 = 12.806 | Init Dist 100 = 12.806 | Init Dist 1000 = 12.806 | Learner Steps = 12953 | Learner Walltime = 2551.079 | Min Dist = 0.336 | Min Dist 10 = 0.690 | Min Dist 100 = 0.923 | Min Dist 1000 = 1.308 | Steps Per Second = 83.625 | Success = 1.000 | Success 1000 = 0.854
I0502 15:48:48.756574 139579566835264 terminal.py:91] [Evaluator] Actor Episodes = 16787 | Actor Steps = 839350 | Delta Dist = 11.574 | Delta Dist 10 = 11.406 | Delta Dist 100 = 11.159 | Delta Dist 1000 = 10.769 | Episode Length = 50 | Episode Return = 11.0 | Evaluator Episodes = 4245 | Evaluator Steps = 212250 | Final Dist = 1.232 | Final Dist 10 = 1.400 | Final Dist 100 = 1.648 | Final Dist 1000 = 2.037 | Init Dist = 12.806 | Init Dist 10 = 12.806 | Init Dist 100 = 12.806 | Init Dist 1000 = 12.806 | Learner Steps = 12958 | Learner Walltime = 2552.157 | Min Dist = 0.313 | Min Dist 10 = 0.637 | Min Dist 100 = 0.924 | Min Dist 1000 = 1.308 | Steps Per Second = 80.753 | Success = 1.000 | Success 1000 = 0.854
I0502 15:48:49.353540 139584504182336 lp_utils.py:96] StepsLimiter: Reached 839550 recorded steps
I0502 15:48:50.094505 139579566835264 terminal.py:91] [Evaluator] Actor Episodes = 16795 | Actor Steps = 839750 | Delta Dist = 12.524 | Delta Dist 10 = 11.395 | Delta Dist 100 = 11.150 | Delta Dist 1000 = 10.769 | Episode Length = 50 | Episode Return = 15.0 | Evaluator Episodes = 4247 | Evaluator Steps = 212350 | Final Dist = 0.282 | Final Dist 10 = 1.412 | Final Dist 100 = 1.656 | Final Dist 1000 = 2.038 | Init Dist = 12.806 | Init Dist 10 = 12.806 | Init Dist 100 = 12.806 | Init Dist 1000 = 12.806 | Learner Steps = 12965 | Learner Walltime = 2553.535 | Min Dist = 0.088 | Min Dist 10 = 0.630 | Min Dist 100 = 0.925 | Min Dist 1000 = 1.308 | Steps Per Second = 73.347 | Success = 1.000 | Success 1000 = 0.854
I0502 15:48:51.310528 139579566835264 terminal.py:91] [Evaluator] Actor Episodes = 16805 | Actor Steps = 840250 | Delta Dist = 2.469 | Delta Dist 10 = 11.507 | Delta Dist 100 = 11.161 | Delta Dist 1000 = 10.770 | Episode Length = 50 | Episode Return = 0.0 | Evaluator Episodes = 4249 | Evaluator Steps = 212450 | Final Dist = 10.337 | Final Dist 10 = 1.299 | Final Dist 100 = 1.645 | Final Dist 1000 = 2.036 | Init Dist = 12.806 | Init Dist 10 = 12.806 | Init Dist 100 = 12.806 | Init Dist 1000 = 12.806 | Learner Steps = 12972 | Learner Walltime = 2554.985 | Min Dist = 10.295 | Min Dist 10 = 0.617 | Min Dist 100 = 0.923 | Min Dist 1000 = 1.308 | Steps Per Second = 79.416 | Success = 0.000 | Success 1000 = 0.854
I0502 15:48:51.632907 139558059398720 terminal.py:91] [Actor] Actor Episodes = 16804 | Actor Steps = 840200 | Delta Dist = 4.873 | Delta Dist 10 = 3.907 | Delta Dist 100 = 3.916 | Delta Dist 1000 = 4.251 | Episode Length = 50 | Episode Return = 42.0 | Evaluator Episodes = 4247 | Evaluator Steps = 212350 | Final Dist = 0.127 | Final Dist 10 = 0.589 | Final Dist 100 = 1.788 | Final Dist 1000 = 1.639 | Init Dist = 5.000 | Init Dist 10 = 4.496 | Init Dist 100 = 5.705 | Init Dist 1000 = 5.891 | Learner Steps = 12972 | Learner Walltime = 2554.985 | Min Dist = 0.107 | Min Dist 10 = 0.069 | Min Dist 100 = 0.236 | Min Dist 1000 = 0.252 | Steps Per Second = 88.354 | Success = 1.000 | Success 1000 = 0.983
I0502 15:48:52.253771 139569349502528 terminal.py:91] [Actor] Actor Episodes = 16808 | Actor Steps = 840400 | Delta Dist = 1.953 | Delta Dist 10 = 3.840 | Delta Dist 100 = 3.888 | Delta Dist 1000 = 4.252 | Episode Length = 50 | Episode Return = 46.0 | Evaluator Episodes = 4249 | Evaluator Steps = 212450 | Final Dist = 0.283 | Final Dist 10 = 1.699 | Final Dist 100 = 1.875 | Final Dist 1000 = 1.643 | Init Dist = 2.236 | Init Dist 10 = 5.539 | Init Dist 100 = 5.764 | Init Dist 1000 = 5.895 | Learner Steps = 12972 | Learner Walltime = 2554.985 | Min Dist = 0.027 | Min Dist 10 = 0.069 | Min Dist 100 = 0.235 | Min Dist 1000 = 0.251 | Steps Per Second = 104.428 | Success = 1.000 | Success 1000 = 0.983
I0502 15:48:52.460685 139579566835264 terminal.py:91] [Evaluator] Actor Episodes = 16811 | Actor Steps = 840550 | Delta Dist = 12.067 | Delta Dist 10 = 10.885 | Delta Dist 100 = 11.070 | Delta Dist 1000 = 10.761 | Episode Length = 50 | Episode Return = 16.0 | Evaluator Episodes = 4251 | Evaluator Steps = 212550 | Final Dist = 0.739 | Final Dist 10 = 1.921 | Final Dist 100 = 1.736 | Final Dist 1000 = 2.045 | Init Dist = 12.806 | Init Dist 10 = 12.806 | Init Dist 100 = 12.806 | Init Dist 1000 = 12.806 | Learner Steps = 12978 | Learner Walltime = 2556.111 | Min Dist = 0.210 | Min Dist 10 = 1.198 | Min Dist 100 = 1.022 | Min Dist 1000 = 1.318 | Steps Per Second = 83.975 | Success = 1.000 | Success 1000 = 0.853
I0502 15:48:53.649796 139579566835264 terminal.py:91] [Evaluator] Actor Episodes = 16819 | Actor Steps = 840950 | Delta Dist = 11.192 | Delta Dist 10 = 9.906 | Delta Dist 100 = 10.966 | Delta Dist 1000 = 10.752 | Episode Length = 50 | Episode Return = 0.0 | Evaluator Episodes = 4253 | Evaluator Steps = 212650 | Final Dist = 1.614 | Final Dist 10 = 2.900 | Final Dist 100 = 1.840 | Final Dist 1000 = 2.055 | Init Dist = 12.806 | Init Dist 10 = 12.806 | Init Dist 100 = 12.806 | Init Dist 1000 = 12.806 | Learner Steps = 12984 | Learner Walltime = 2557.168 | Min Dist = 1.614 | Min Dist 10 = 2.215 | Min Dist 100 = 1.124 | Min Dist 1000 = 1.328 | Steps Per Second = 79.789 | Success = 0.000 | Success 1000 = 0.852
I0502 15:48:54.342043 139555860620864 terminal.py:91] [Actor] Actor Episodes = 16822 | Actor Steps = 841100 | Delta Dist = 9.160 | Delta Dist 10 = 4.725 | Delta Dist 100 = 3.891 | Delta Dist 1000 = 4.254 | Episode Length = 50 | Episode Return = 33.0 | Evaluator Episodes = 4253 | Evaluator Steps = 212650 | Final Dist = 0.060 | Final Dist 10 = 1.277 | Final Dist 100 = 1.739 | Final Dist 1000 = 1.631 | Init Dist = 9.220 | Init Dist 10 = 6.002 | Init Dist 100 = 5.630 | Init Dist 1000 = 5.885 | Learner Steps = 12984 | Learner Walltime = 2557.168 | Min Dist = 0.014 | Min Dist 10 = 0.103 | Min Dist 100 = 0.191 | Min Dist 1000 = 0.235 | Steps Per Second = 80.225 | Success = 1.000 | Success 1000 = 0.983
I0502 15:48:54.923252 139579566835264 terminal.py:91] [Evaluator] Actor Episodes = 16827 | Actor Steps = 841350 | Delta Dist = 11.419 | Delta Dist 10 = 9.956 | Delta Dist 100 = 10.960 | Delta Dist 1000 = 10.753 | Episode Length = 50 | Episode Return = 0.0 | Evaluator Episodes = 4255 | Evaluator Steps = 212750 | Final Dist = 1.387 | Final Dist 10 = 2.850 | Final Dist 100 = 1.846 | Final Dist 1000 = 2.054 | Init Dist = 12.806 | Init Dist 10 = 12.806 | Init Dist 100 = 12.806 | Init Dist 1000 = 12.806 | Learner Steps = 12990 | Learner Walltime = 2558.485 | Min Dist = 1.056 | Min Dist 10 = 2.334 | Min Dist 100 = 1.139 | Min Dist 1000 = 1.329 | Steps Per Second = 83.427 | Success = 0.000 | Success 1000 = 0.851
I0502 15:48:55.744767 139557462840896 terminal.py:91] [Actor] Actor Episodes = 16833 | Actor Steps = 841650 | Delta Dist = 5.639 | Delta Dist 10 = 5.143 | Delta Dist 100 = 4.113 | Delta Dist 1000 = 4.288 | Episode Length = 50 | Episode Return = 29.0 | Evaluator Episodes = 4255 | Evaluator Steps = 212750 | Final Dist = 1.361 | Final Dist 10 = 1.813 | Final Dist 100 = 1.649 | Final Dist 1000 = 1.625 | Init Dist = 7.000 | Init Dist 10 = 6.956 | Init Dist 100 = 5.762 | Init Dist 1000 = 5.913 | Learner Steps = 12997 | Learner Walltime = 2559.684 | Min Dist = 0.107 | Min Dist 10 = 0.108 | Min Dist 100 = 0.106 | Min Dist 1000 = 0.235 | Steps Per Second = 78.624 | Success = 1.000 | Success 1000 = 0.983
I0502 15:48:56.226422 139579566835264 terminal.py:91] [Evaluator] Actor Episodes = 16837 | Actor Steps = 841850 | Delta Dist = 11.442 | Delta Dist 10 = 10.028 | Delta Dist 100 = 10.961 | Delta Dist 1000 = 10.760 | Episode Length = 50 | Episode Return = 3.0 | Evaluator Episodes = 4257 | Evaluator Steps = 212850 | Final Dist = 1.364 | Final Dist 10 = 2.778 | Final Dist 100 = 1.846 | Final Dist 1000 = 2.046 | Init Dist = 12.806 | Init Dist 10 = 12.806 | Init Dist 100 = 12.806 | Init Dist 1000 = 12.806 | Learner Steps = 12997 | Learner Walltime = 2559.684 | Min Dist = 0.230 | Min Dist 10 = 2.416 | Min Dist 100 = 1.147 | Min Dist 1000 = 1.324 | Steps Per Second = 76.271 | Success = 1.000 | Success 1000 = 0.851
I0502 15:48:57.405469 139555013154368 terminal.py:91] [Learner] Actor Episodes = 16839 | Actor Loss = 3.548900604248047 | Actor Steps = 841950 | Binary Accuracy = 0.9961516857147217 | Categorical Accuracy = 0.427978515625 | Critic Loss = 1.9248679876327515 | Entropy Mean = -20.105985641479492 | Evaluator Episodes = 4257 | Evaluator Steps = 212850 | Learner Steps = 13005 | Learner Walltime = 2561.605 | Logits Neg = -16.214632034301758 | Logits Pos = -1.9176900386810303 | Logsumexp = 1.1582375764846802 | Steps Per Second = 156.575
I0502 15:48:57.438178 139579566835264 terminal.py:91] [Evaluator] Actor Episodes = 16845 | Actor Steps = 842250 | Delta Dist = 12.169 | Delta Dist 10 = 9.856 | Delta Dist 100 = 10.944 | Delta Dist 1000 = 10.760 | Episode Length = 50 | Episode Return = 8.0 | Evaluator Episodes = 4259 | Evaluator Steps = 212950 | Final Dist = 0.638 | Final Dist 10 = 2.951 | Final Dist 100 = 1.862 | Final Dist 1000 = 2.046 | Init Dist = 12.806 | Init Dist 10 = 12.806 | Init Dist 100 = 12.806 | Init Dist 1000 = 12.806 | Learner Steps = 13002 | Learner Walltime = 2560.969 | Min Dist = 0.483 | Min Dist 10 = 2.423 | Min Dist 100 = 1.148 | Min Dist 1000 = 1.324 | Steps Per Second = 85.551 | Success = 1.000 | Success 1000 = 0.851
I0502 15:48:58.700103 139579566835264 terminal.py:91] [Evaluator] Actor Episodes = 16853 | Actor Steps = 842650 | Delta Dist = 9.883 | Delta Dist 10 = 10.839 | Delta Dist 100 = 10.945 | Delta Dist 1000 = 10.761 | Episode Length = 50 | Episode Return = 0.0 | Evaluator Episodes = 4261 | Evaluator Steps = 213050 | Final Dist = 2.923 | Final Dist 10 = 1.968 | Final Dist 100 = 1.861 | Final Dist 1000 = 2.046 | Init Dist = 12.806 | Init Dist 10 = 12.806 | Init Dist 100 = 12.806 | Init Dist 1000 = 12.806 | Learner Steps = 13008 | Learner Walltime = 2562.211 | Min Dist = 2.923 | Min Dist 10 = 1.442 | Min Dist 100 = 1.148 | Min Dist 1000 = 1.324 | Steps Per Second = 81.910 | Success = 0.000 | Success 1000 = 0.851
I0502 15:48:59.371970 139584504182336 lp_utils.py:96] StepsLimiter: Reached 842850 recorded steps
I0502 15:48:59.926806 139579566835264 terminal.py:91] [Evaluator] Actor Episodes = 16861 | Actor Steps = 843050 | Delta Dist = 12.631 | Delta Dist 10 = 11.639 | Delta Dist 100 = 10.918 | Delta Dist 1000 = 10.759 | Episode Length = 50 | Episode Return = 12.0 | Evaluator Episodes = 4263 | Evaluator Steps = 213150 | Final Dist = 0.175 | Final Dist 10 = 1.167 | Final Dist 100 = 1.888 | Final Dist 1000 = 2.047 | Init Dist = 12.806 | Init Dist 10 = 12.806 | Init Dist 100 = 12.806 | Init Dist 1000 = 12.806 | Learner Steps = 13015 | Learner Walltime = 2563.446 | Min Dist = 0.175 | Min Dist 10 = 0.706 | Min Dist 100 = 1.174 | Min Dist 1000 = 1.327 | Steps Per Second = 85.516 | Success = 1.000 | Success 1000 = 0.850
I0502 15:49:01.286293 139579566835264 terminal.py:91] [Evaluator] Actor Episodes = 16869 | Actor Steps = 843450 | Delta Dist = 11.546 | Delta Dist 10 = 11.760 | Delta Dist 100 = 10.927 | Delta Dist 1000 = 10.761 | Episode Length = 50 | Episode Return = 5.0 | Evaluator Episodes = 4265 | Evaluator Steps = 213250 | Final Dist = 1.260 | Final Dist 10 = 1.046 | Final Dist 100 = 1.880 | Final Dist 1000 = 2.045 | Init Dist = 12.806 | Init Dist 10 = 12.806 | Init Dist 100 = 12.806 | Init Dist 1000 = 12.806 | Learner Steps = 13021 | Learner Walltime = 2564.680 | Min Dist = 0.055 | Min Dist 10 = 0.554 | Min Dist 100 = 1.170 | Min Dist 1000 = 1.327 | Steps Per Second = 75.874 | Success = 1.000 | Success 1000 = 0.850
I0502 15:49:02.268604 139558059398720 terminal.py:91] [Actor] Actor Episodes = 16875 | Actor Steps = 843750 | Delta Dist = 6.228 | Delta Dist 10 = 5.412 | Delta Dist 100 = 4.518 | Delta Dist 1000 = 4.293 | Episode Length = 50 | Episode Return = 33.0 | Evaluator Episodes = 4265 | Evaluator Steps = 213250 | Final Dist = 0.096 | Final Dist 10 = 1.122 | Final Dist 100 = 1.327 | Final Dist 1000 = 1.623 | Init Dist = 6.325 | Init Dist 10 = 6.534 | Init Dist 100 = 5.845 | Init Dist 1000 = 5.916 | Learner Steps = 13028 | Learner Walltime = 2565.949 | Min Dist = 0.044 | Min Dist 10 = 0.115 | Min Dist 100 = 0.093 | Min Dist 1000 = 0.236 | Steps Per Second = 76.789 | Success = 1.000 | Success 1000 = 0.984
I0502 15:49:02.389436 139569349502528 terminal.py:91] [Actor] Actor Episodes = 16872 | Actor Steps = 843600 | Delta Dist = 5.617 | Delta Dist 10 = 5.245 | Delta Dist 100 = 4.537 | Delta Dist 1000 = 4.294 | Episode Length = 50 | Episode Return = 40.0 | Evaluator Episodes = 4265 | Evaluator Steps = 213250 | Final Dist = 0.214 | Final Dist 10 = 1.097 | Final Dist 100 = 1.321 | Final Dist 1000 = 1.622 | Init Dist = 5.831 | Init Dist 10 = 6.342 | Init Dist 100 = 5.858 | Init Dist 1000 = 5.916 | Learner Steps = 13021 | Learner Walltime = 2564.680 | Min Dist = 0.201 | Min Dist 10 = 0.114 | Min Dist 100 = 0.094 | Min Dist 1000 = 0.236 | Steps Per Second = 76.102 | Success = 1.000 | Success 1000 = 0.984
I0502 15:49:02.586399 139579566835264 terminal.py:91] [Evaluator] Actor Episodes = 16877 | Actor Steps = 843850 | Delta Dist = 12.242 | Delta Dist 10 = 11.676 | Delta Dist 100 = 10.928 | Delta Dist 1000 = 10.761 | Episode Length = 50 | Episode Return = 19.0 | Evaluator Episodes = 4267 | Evaluator Steps = 213350 | Final Dist = 0.564 | Final Dist 10 = 1.130 | Final Dist 100 = 1.878 | Final Dist 1000 = 2.045 | Init Dist = 12.806 | Init Dist 10 = 12.806 | Init Dist 100 = 12.806 | Init Dist 1000 = 12.806 | Learner Steps = 13028 | Learner Walltime = 2565.949 | Min Dist = 0.194 | Min Dist 10 = 0.453 | Min Dist 100 = 1.169 | Min Dist 1000 = 1.325 | Steps Per Second = 76.873 | Success = 1.000 | Success 1000 = 0.850
I0502 15:49:03.726446 139579566835264 terminal.py:91] [Evaluator] Actor Episodes = 16885 | Actor Steps = 844250 | Delta Dist = 11.875 | Delta Dist 10 = 11.843 | Delta Dist 100 = 10.936 | Delta Dist 1000 = 10.772 | Episode Length = 50 | Episode Return = 15.0 | Evaluator Episodes = 4269 | Evaluator Steps = 213450 | Final Dist = 0.931 | Final Dist 10 = 0.963 | Final Dist 100 = 1.870 | Final Dist 1000 = 2.034 | Init Dist = 12.806 | Init Dist 10 = 12.806 | Init Dist 100 = 12.806 | Init Dist 1000 = 12.806 | Learner Steps = 13035 | Learner Walltime = 2567.335 | Min Dist = 0.376 | Min Dist 10 = 0.441 | Min Dist 100 = 1.169 | Min Dist 1000 = 1.315 | Steps Per Second = 86.898 | Success = 1.000 | Success 1000 = 0.851
I0502 15:49:04.890280 139555860620864 terminal.py:91] [Actor] Actor Episodes = 16893 | Actor Steps = 844650 | Delta Dist = 3.287 | Delta Dist 10 = 5.714 | Delta Dist 100 = 4.518 | Delta Dist 1000 = 4.288 | Episode Length = 50 | Episode Return = 49.0 | Evaluator Episodes = 4269 | Evaluator Steps = 213450 | Final Dist = 0.319 | Final Dist 10 = 0.716 | Final Dist 100 = 1.285 | Final Dist 1000 = 1.616 | Init Dist = 3.606 | Init Dist 10 = 6.430 | Init Dist 100 = 5.804 | Init Dist 1000 = 5.904 | Learner Steps = 13040 | Learner Walltime = 2568.469 | Min Dist = 0.059 | Min Dist 10 = 0.141 | Min Dist 100 = 0.101 | Min Dist 1000 = 0.237 | Steps Per Second = 78.100 | Success = 1.000 | Success 1000 = 0.984
I0502 15:49:04.925525 139579566835264 terminal.py:91] [Evaluator] Actor Episodes = 16893 | Actor Steps = 844650 | Delta Dist = 12.465 | Delta Dist 10 = 11.855 | Delta Dist 100 = 10.965 | Delta Dist 1000 = 10.774 | Episode Length = 50 | Episode Return = 11.0 | Evaluator Episodes = 4271 | Evaluator Steps = 213550 | Final Dist = 0.341 | Final Dist 10 = 0.951 | Final Dist 100 = 1.841 | Final Dist 1000 = 2.032 | Init Dist = 12.806 | Init Dist 10 = 12.806 | Init Dist 100 = 12.806 | Init Dist 1000 = 12.806 | Learner Steps = 13040 | Learner Walltime = 2568.469 | Min Dist = 0.063 | Min Dist 10 = 0.427 | Min Dist 100 = 1.133 | Min Dist 1000 = 1.315 | Steps Per Second = 85.081 | Success = 1.000 | Success 1000 = 0.851
I0502 15:49:06.151079 139557462840896 terminal.py:91] [Actor] Actor Episodes = 16898 | Actor Steps = 844900 | Delta Dist = 1.147 | Delta Dist 10 = 4.750 | Delta Dist 100 = 4.603 | Delta Dist 1000 = 4.302 | Episode Length = 50 | Episode Return = 30.0 | Evaluator Episodes = 4271 | Evaluator Steps = 213550 | Final Dist = 1.089 | Final Dist 10 = 2.002 | Final Dist 100 = 1.390 | Final Dist 1000 = 1.617 | Init Dist = 2.236 | Init Dist 10 = 6.752 | Init Dist 100 = 5.993 | Init Dist 1000 = 5.918 | Learner Steps = 13046 | Learner Walltime = 2569.619 | Min Dist = 0.253 | Min Dist 10 = 0.074 | Min Dist 100 = 0.104 | Min Dist 1000 = 0.237 | Steps Per Second = 74.216 | Success = 1.000 | Success 1000 = 0.984
I0502 15:49:06.190579 139579566835264 terminal.py:91] [Evaluator] Actor Episodes = 16901 | Actor Steps = 845050 | Delta Dist = 4.126 | Delta Dist 10 = 12.098 | Delta Dist 100 = 10.966 | Delta Dist 1000 = 10.774 | Episode Length = 50 | Episode Return = 0.0 | Evaluator Episodes = 4273 | Evaluator Steps = 213650 | Final Dist = 8.680 | Final Dist 10 = 0.708 | Final Dist 100 = 1.840 | Final Dist 1000 = 2.032 | Init Dist = 12.806 | Init Dist 10 = 12.806 | Init Dist 100 = 12.806 | Init Dist 1000 = 12.806 | Learner Steps = 13046 | Learner Walltime = 2569.619 | Min Dist = 6.911 | Min Dist 10 = 0.124 | Min Dist 100 = 1.133 | Min Dist 1000 = 1.315 | Steps Per Second = 68.513 | Success = 0.000 | Success 1000 = 0.851
I0502 15:49:07.426198 139555013154368 terminal.py:91] [Learner] Actor Episodes = 16903 | Actor Loss = 3.627830982208252 | Actor Steps = 845150 | Binary Accuracy = 0.99609375 | Categorical Accuracy = 0.4381103515625 | Critic Loss = 1.86431086063385 | Entropy Mean = -19.233901977539062 | Evaluator Episodes = 4273 | Evaluator Steps = 213650 | Learner Steps = 13057 | Learner Walltime = 2571.620 | Logits Neg = -16.375049591064453 | Logits Pos = -1.853766679763794 | Logsumexp = 1.1079463958740234 | Steps Per Second = 1347.540
I0502 15:49:07.458094 139579566835264 terminal.py:91] [Evaluator] Actor Episodes = 16909 | Actor Steps = 845450 | Delta Dist = 11.861 | Delta Dist 10 = 11.215 | Delta Dist 100 = 10.885 | Delta Dist 1000 = 10.774 | Episode Length = 50 | Episode Return = 32.0 | Evaluator Episodes = 4275 | Evaluator Steps = 213750 | Final Dist = 0.945 | Final Dist 10 = 1.592 | Final Dist 100 = 1.921 | Final Dist 1000 = 2.032 | Init Dist = 12.806 | Init Dist 10 = 12.806 | Init Dist 100 = 12.806 | Init Dist 1000 = 12.806 | Learner Steps = 13052 | Learner Walltime = 2570.866 | Min Dist = 0.125 | Min Dist 10 = 0.809 | Min Dist 100 = 1.201 | Min Dist 1000 = 1.314 | Steps Per Second = 76.501 | Success = 1.000 | Success 1000 = 0.851
I0502 15:49:08.731070 139579566835264 terminal.py:91] [Evaluator] Actor Episodes = 16917 | Actor Steps = 845850 | Delta Dist = 5.332 | Delta Dist 10 = 11.230 | Delta Dist 100 = 10.885 | Delta Dist 1000 = 10.786 | Episode Length = 50 | Episode Return = 0.0 | Evaluator Episodes = 4277 | Evaluator Steps = 213850 | Final Dist = 7.474 | Final Dist 10 = 1.576 | Final Dist 100 = 1.921 | Final Dist 1000 = 2.020 | Init Dist = 12.806 | Init Dist 10 = 12.806 | Init Dist 100 = 12.806 | Init Dist 1000 = 12.806 | Learner Steps = 13058 | Learner Walltime = 2572.128 | Min Dist = 7.237 | Min Dist 10 = 0.812 | Min Dist 100 = 1.194 | Min Dist 1000 = 1.301 | Steps Per Second = 80.697 | Success = 0.000 | Success 1000 = 0.853
I0502 15:49:09.387189 139584504182336 lp_utils.py:96] StepsLimiter: Reached 846050 recorded steps
I0502 15:49:09.875082 139579566835264 terminal.py:91] [Evaluator] Actor Episodes = 16925 | Actor Steps = 846250 | Delta Dist = 10.705 | Delta Dist 10 = 10.509 | Delta Dist 100 = 10.833 | Delta Dist 1000 = 10.781 | Episode Length = 50 | Episode Return = 0.0 | Evaluator Episodes = 4279 | Evaluator Steps = 213950 | Final Dist = 2.102 | Final Dist 10 = 2.297 | Final Dist 100 = 1.974 | Final Dist 1000 = 2.025 | Init Dist = 12.806 | Init Dist 10 = 12.806 | Init Dist 100 = 12.806 | Init Dist 1000 = 12.806 | Learner Steps = 13065 | Learner Walltime = 2573.344 | Min Dist = 2.102 | Min Dist 10 = 1.527 | Min Dist 100 = 1.261 | Min Dist 1000 = 1.308 | Steps Per Second = 85.748 | Success = 0.000 | Success 1000 = 0.852
I0502 15:49:11.112805 139579566835264 terminal.py:91] [Evaluator] Actor Episodes = 16933 | Actor Steps = 846650 | Delta Dist = 6.899 | Delta Dist 10 = 10.345 | Delta Dist 100 = 10.827 | Delta Dist 1000 = 10.780 | Episode Length = 50 | Episode Return = 0.0 | Evaluator Episodes = 4281 | Evaluator Steps = 214050 | Final Dist = 5.908 | Final Dist 10 = 2.461 | Final Dist 100 = 1.979 | Final Dist 1000 = 2.026 | Init Dist = 12.806 | Init Dist 10 = 12.806 | Init Dist 100 = 12.806 | Init Dist 1000 = 12.806 | Learner Steps = 13072 | Learner Walltime = 2574.612 | Min Dist = 5.908 | Min Dist 10 = 1.700 | Min Dist 100 = 1.280 | Min Dist 1000 = 1.310 | Steps Per Second = 82.458 | Success = 0.000 | Success 1000 = 0.851
I0502 15:49:12.297749 139579566835264 terminal.py:91] [Evaluator] Actor Episodes = 16941 | Actor Steps = 847050 | Delta Dist = 11.414 | Delta Dist 10 = 9.518 | Delta Dist 100 = 10.740 | Delta Dist 1000 = 10.772 | Episode Length = 50 | Episode Return = 3.0 | Evaluator Episodes = 4283 | Evaluator Steps = 214150 | Final Dist = 1.393 | Final Dist 10 = 3.288 | Final Dist 100 = 2.067 | Final Dist 1000 = 2.034 | Init Dist = 12.806 | Init Dist 10 = 12.806 | Init Dist 100 = 12.806 | Init Dist 1000 = 12.806 | Learner Steps = 13078 | Learner Walltime = 2575.773 | Min Dist = 0.104 | Min Dist 10 = 2.677 | Min Dist 100 = 1.377 | Min Dist 1000 = 1.320 | Steps Per Second = 87.447 | Success = 1.000 | Success 1000 = 0.849
I0502 15:49:12.483006 139569349502528 terminal.py:91] [Actor] Actor Episodes = 16943 | Actor Steps = 847150 | Delta Dist = 9.173 | Delta Dist 10 = 6.122 | Delta Dist 100 = 4.695 | Delta Dist 1000 = 4.347 | Episode Length = 50 | Episode Return = 32.0 | Evaluator Episodes = 4283 | Evaluator Steps = 214150 | Final Dist = 0.046 | Final Dist 10 = 0.828 | Final Dist 100 = 1.280 | Final Dist 1000 = 1.586 | Init Dist = 9.220 | Init Dist 10 = 6.950 | Init Dist 100 = 5.975 | Init Dist 1000 = 5.933 | Learner Steps = 13078 | Learner Walltime = 2575.773 | Min Dist = 0.046 | Min Dist 10 = 0.065 | Min Dist 100 = 0.091 | Min Dist 1000 = 0.233 | Steps Per Second = 82.231 | Success = 1.000 | Success 1000 = 0.984
I0502 15:49:12.646551 139558059398720 terminal.py:91] [Actor] Actor Episodes = 16940 | Actor Steps = 847000 | Delta Dist = 2.603 | Delta Dist 10 = 6.166 | Delta Dist 100 = 4.750 | Delta Dist 1000 = 4.350 | Episode Length = 50 | Episode Return = 36.0 | Evaluator Episodes = 4281 | Evaluator Steps = 214050 | Final Dist = 0.226 | Final Dist 10 = 0.784 | Final Dist 100 = 1.281 | Final Dist 1000 = 1.586 | Init Dist = 2.828 | Init Dist 10 = 6.950 | Init Dist 100 = 6.031 | Init Dist 1000 = 5.936 | Learner Steps = 13078 | Learner Walltime = 2575.773 | Min Dist = 0.187 | Min Dist 10 = 0.068 | Min Dist 100 = 0.091 | Min Dist 1000 = 0.233 | Steps Per Second = 82.391 | Success = 1.000 | Success 1000 = 0.984
I0502 15:49:13.496049 139579566835264 terminal.py:91] [Evaluator] Actor Episodes = 16949 | Actor Steps = 847450 | Delta Dist = 11.351 | Delta Dist 10 = 10.234 | Delta Dist 100 = 10.729 | Delta Dist 1000 = 10.772 | Episode Length = 50 | Episode Return = 2.0 | Evaluator Episodes = 4285 | Evaluator Steps = 214250 | Final Dist = 1.455 | Final Dist 10 = 2.573 | Final Dist 100 = 2.077 | Final Dist 1000 = 2.034 | Init Dist = 12.806 | Init Dist 10 = 12.806 | Init Dist 100 = 12.806 | Init Dist 1000 = 12.806 | Learner Steps = 13083 | Learner Walltime = 2576.776 | Min Dist = 0.612 | Min Dist 10 = 2.003 | Min Dist 100 = 1.374 | Min Dist 1000 = 1.320 | Steps Per Second = 87.370 | Success = 1.000 | Success 1000 = 0.849
I0502 15:49:14.701622 139579566835264 terminal.py:91] [Evaluator] Actor Episodes = 16957 | Actor Steps = 847850 | Delta Dist = 11.829 | Delta Dist 10 = 10.179 | Delta Dist 100 = 10.729 | Delta Dist 1000 = 10.772 | Episode Length = 50 | Episode Return = 10.0 | Evaluator Episodes = 4287 | Evaluator Steps = 214350 | Final Dist = 0.977 | Final Dist 10 = 2.627 | Final Dist 100 = 2.077 | Final Dist 1000 = 2.035 | Init Dist = 12.806 | Init Dist 10 = 12.806 | Init Dist 100 = 12.806 | Init Dist 1000 = 12.806 | Learner Steps = 13090 | Learner Walltime = 2578.015 | Min Dist = 0.277 | Min Dist 10 = 2.070 | Min Dist 100 = 1.375 | Min Dist 1000 = 1.320 | Steps Per Second = 76.457 | Success = 1.000 | Success 1000 = 0.849
I0502 15:49:15.270794 139555860620864 terminal.py:91] [Actor] Actor Episodes = 16958 | Actor Steps = 847900 | Delta Dist = 2.720 | Delta Dist 10 = 4.720 | Delta Dist 100 = 4.636 | Delta Dist 1000 = 4.344 | Episode Length = 50 | Episode Return = 26.0 | Evaluator Episodes = 4285 | Evaluator Steps = 214250 | Final Dist = 0.280 | Final Dist 10 = 2.146 | Final Dist 100 = 1.368 | Final Dist 1000 = 1.587 | Init Dist = 3.000 | Init Dist 10 = 6.866 | Init Dist 100 = 6.004 | Init Dist 1000 = 5.931 | Learner Steps = 13090 | Learner Walltime = 2578.015 | Min Dist = 0.018 | Min Dist 10 = 0.095 | Min Dist 100 = 0.096 | Min Dist 1000 = 0.232 | Steps Per Second = 78.351 | Success = 1.000 | Success 1000 = 0.984
I0502 15:49:15.909787 139579566835264 terminal.py:91] [Evaluator] Actor Episodes = 16965 | Actor Steps = 848250 | Delta Dist = 11.756 | Delta Dist 10 = 10.867 | Delta Dist 100 = 10.807 | Delta Dist 1000 = 10.773 | Episode Length = 50 | Episode Return = 10.0 | Evaluator Episodes = 4289 | Evaluator Steps = 214450 | Final Dist = 1.050 | Final Dist 10 = 1.939 | Final Dist 100 = 2.000 | Final Dist 1000 = 2.033 | Init Dist = 12.806 | Init Dist 10 = 12.806 | Init Dist 100 = 12.806 | Init Dist 1000 = 12.806 | Learner Steps = 13095 | Learner Walltime = 2579.185 | Min Dist = 0.411 | Min Dist 10 = 1.368 | Min Dist 100 = 1.316 | Min Dist 1000 = 1.320 | Steps Per Second = 88.727 | Success = 1.000 | Success 1000 = 0.849
I0502 15:49:16.709623 139557462840896 terminal.py:91] [Actor] Actor Episodes = 16969 | Actor Steps = 848450 | Delta Dist = 3.386 | Delta Dist 10 = 3.651 | Delta Dist 100 = 4.506 | Delta Dist 1000 = 4.340 | Episode Length = 50 | Episode Return = 0.0 | Evaluator Episodes = 4289 | Evaluator Steps = 214450 | Final Dist = 5.100 | Final Dist 10 = 1.843 | Final Dist 100 = 1.407 | Final Dist 1000 = 1.588 | Init Dist = 8.485 | Init Dist 10 = 5.494 | Init Dist 100 = 5.912 | Init Dist 1000 = 5.928 | Learner Steps = 13101 | Learner Walltime = 2580.408 | Min Dist = 1.072 | Min Dist 10 = 0.112 | Min Dist 100 = 0.096 | Min Dist 1000 = 0.232 | Steps Per Second = 83.909 | Success = 0.000 | Success 1000 = 0.985
I0502 15:49:17.076221 139579566835264 terminal.py:91] [Evaluator] Actor Episodes = 16971 | Actor Steps = 848550 | Delta Dist = 12.686 | Delta Dist 10 = 10.937 | Delta Dist 100 = 10.811 | Delta Dist 1000 = 10.773 | Episode Length = 50 | Episode Return = 16.0 | Evaluator Episodes = 4291 | Evaluator Steps = 214550 | Final Dist = 0.121 | Final Dist 10 = 1.869 | Final Dist 100 = 1.995 | Final Dist 1000 = 2.033 | Init Dist = 12.806 | Init Dist 10 = 12.806 | Init Dist 100 = 12.806 | Init Dist 1000 = 12.806 | Learner Steps = 13101 | Learner Walltime = 2580.408 | Min Dist = 0.066 | Min Dist 10 = 1.209 | Min Dist 100 = 1.313 | Min Dist 1000 = 1.320 | Steps Per Second = 88.981 | Success = 1.000 | Success 1000 = 0.849
I0502 15:49:17.430060 139555013154368 terminal.py:91] [Learner] Actor Episodes = 16975 | Actor Loss = 3.6613378524780273 | Actor Steps = 848750 | Binary Accuracy = 0.996027946472168 | Categorical Accuracy = 0.4149169921875 | Critic Loss = 1.951722264289856 | Entropy Mean = -17.322052001953125 | Evaluator Episodes = 4291 | Evaluator Steps = 214550 | Learner Steps = 13108 | Learner Walltime = 2581.623 | Logits Neg = -16.221961975097656 | Logits Pos = -1.9465677738189697 | Logsumexp = 1.277329921722412 | Steps Per Second = 277.512
I0502 15:49:18.313129 139579566835264 terminal.py:91] [Evaluator] Actor Episodes = 16979 | Actor Steps = 848950 | Delta Dist = 4.090 | Delta Dist 10 = 11.773 | Delta Dist 100 = 10.823 | Delta Dist 1000 = 10.785 | Episode Length = 50 | Episode Return = 0.0 | Evaluator Episodes = 4293 | Evaluator Steps = 214650 | Final Dist = 8.717 | Final Dist 10 = 1.034 | Final Dist 100 = 1.983 | Final Dist 1000 = 2.022 | Init Dist = 12.806 | Init Dist 10 = 12.806 | Init Dist 100 = 12.806 | Init Dist 1000 = 12.806 | Learner Steps = 13108 | Learner Walltime = 2581.623 | Min Dist = 7.506 | Min Dist 10 = 0.368 | Min Dist 100 = 1.321 | Min Dist 1000 = 1.311 | Steps Per Second = 84.022 | Success = 0.000 | Success 1000 = 0.849
I0502 15:49:19.403985 139584504182336 lp_utils.py:96] StepsLimiter: Reached 849350 recorded steps
I0502 15:49:19.439754 139579566835264 terminal.py:91] [Evaluator] Actor Episodes = 16987 | Actor Steps = 849350 | Delta Dist = 11.960 | Delta Dist 10 = 11.022 | Delta Dist 100 = 10.743 | Delta Dist 1000 = 10.777 | Episode Length = 50 | Episode Return = 12.0 | Evaluator Episodes = 4295 | Evaluator Steps = 214750 | Final Dist = 0.847 | Final Dist 10 = 1.784 | Final Dist 100 = 2.063 | Final Dist 1000 = 2.029 | Init Dist = 12.806 | Init Dist 10 = 12.806 | Init Dist 100 = 12.806 | Init Dist 1000 = 12.806 | Learner Steps = 13113 | Learner Walltime = 2582.683 | Min Dist = 0.161 | Min Dist 10 = 1.111 | Min Dist 100 = 1.396 | Min Dist 1000 = 1.319 | Steps Per Second = 91.844 | Success = 1.000 | Success 1000 = 0.848
I0502 15:49:20.654180 139579566835264 terminal.py:91] [Evaluator] Actor Episodes = 16997 | Actor Steps = 849850 | Delta Dist = 11.376 | Delta Dist 10 = 11.154 | Delta Dist 100 = 10.741 | Delta Dist 1000 = 10.787 | Episode Length = 50 | Episode Return = 7.0 | Evaluator Episodes = 4297 | Evaluator Steps = 214850 | Final Dist = 1.430 | Final Dist 10 = 1.653 | Final Dist 100 = 2.065 | Final Dist 1000 = 2.019 | Init Dist = 12.806 | Init Dist 10 = 12.806 | Init Dist 100 = 12.806 | Init Dist 1000 = 12.806 | Learner Steps = 13119 | Learner Walltime = 2583.751 | Min Dist = 0.284 | Min Dist 10 = 1.053 | Min Dist 100 = 1.388 | Min Dist 1000 = 1.309 | Steps Per Second = 85.534 | Success = 1.000 | Success 1000 = 0.849
I0502 15:49:21.765849 139579566835264 terminal.py:91] [Evaluator] Actor Episodes = 17003 | Actor Steps = 850150 | Delta Dist = 11.214 | Delta Dist 10 = 10.986 | Delta Dist 100 = 10.731 | Delta Dist 1000 = 10.795 | Episode Length = 50 | Episode Return = 18.0 | Evaluator Episodes = 4299 | Evaluator Steps = 214950 | Final Dist = 1.592 | Final Dist 10 = 1.820 | Final Dist 100 = 2.075 | Final Dist 1000 = 2.011 | Init Dist = 12.806 | Init Dist 10 = 12.806 | Init Dist 100 = 12.806 | Init Dist 1000 = 12.806 | Learner Steps = 13126 | Learner Walltime = 2585.161 | Min Dist = 0.022 | Min Dist 10 = 1.135 | Min Dist 100 = 1.388 | Min Dist 1000 = 1.299 | Steps Per Second = 80.594 | Success = 1.000 | Success 1000 = 0.850
I0502 15:49:22.819089 139569349502528 terminal.py:91] [Actor] Actor Episodes = 17008 | Actor Steps = 850400 | Delta Dist = 1.085 | Delta Dist 10 = 3.388 | Delta Dist 100 = 4.870 | Delta Dist 1000 = 4.340 | Episode Length = 50 | Episode Return = 38.0 | Evaluator Episodes = 4299 | Evaluator Steps = 214950 | Final Dist = 0.915 | Final Dist 10 = 2.010 | Final Dist 100 = 1.320 | Final Dist 1000 = 1.586 | Init Dist = 2.000 | Init Dist 10 = 5.397 | Init Dist 100 = 6.190 | Init Dist 1000 = 5.926 | Learner Steps = 13131 | Learner Walltime = 2586.188 | Min Dist = 0.017 | Min Dist 10 = 0.097 | Min Dist 100 = 0.097 | Min Dist 1000 = 0.217 | Steps Per Second = 86.292 | Success = 1.000 | Success 1000 = 0.985
I0502 15:49:22.879755 139579566835264 terminal.py:91] [Evaluator] Actor Episodes = 17009 | Actor Steps = 850450 | Delta Dist = 11.084 | Delta Dist 10 = 10.954 | Delta Dist 100 = 10.844 | Delta Dist 1000 = 10.803 | Episode Length = 50 | Episode Return = 8.0 | Evaluator Episodes = 4301 | Evaluator Steps = 215050 | Final Dist = 1.723 | Final Dist 10 = 1.852 | Final Dist 100 = 1.963 | Final Dist 1000 = 2.003 | Init Dist = 12.806 | Init Dist 10 = 12.806 | Init Dist 100 = 12.806 | Init Dist 1000 = 12.806 | Learner Steps = 13131 | Learner Walltime = 2586.188 | Min Dist = 0.415 | Min Dist 10 = 1.083 | Min Dist 100 = 1.284 | Min Dist 1000 = 1.289 | Steps Per Second = 96.335 | Success = 1.000 | Success 1000 = 0.851
I0502 15:49:22.961557 139558059398720 terminal.py:91] [Actor] Actor Episodes = 17011 | Actor Steps = 850550 | Delta Dist = -0.047 | Delta Dist 10 = 3.027 | Delta Dist 100 = 4.800 | Delta Dist 1000 = 4.341 | Episode Length = 50 | Episode Return = 39.0 | Evaluator Episodes = 4301 | Evaluator Steps = 215050 | Final Dist = 1.047 | Final Dist 10 = 2.061 | Final Dist 100 = 1.318 | Final Dist 1000 = 1.578 | Init Dist = 1.000 | Init Dist 10 = 5.087 | Init Dist 100 = 6.118 | Init Dist 1000 = 5.919 | Learner Steps = 13131 | Learner Walltime = 2586.188 | Min Dist = 0.076 | Min Dist 10 = 0.097 | Min Dist 100 = 0.097 | Min Dist 1000 = 0.216 | Steps Per Second = 80.726 | Success = 1.000 | Success 1000 = 0.985
I0502 15:49:24.046250 139579566835264 terminal.py:91] [Evaluator] Actor Episodes = 17017 | Actor Steps = 850850 | Delta Dist = 11.591 | Delta Dist 10 = 10.815 | Delta Dist 100 = 10.833 | Delta Dist 1000 = 10.802 | Episode Length = 50 | Episode Return = 20.0 | Evaluator Episodes = 4303 | Evaluator Steps = 215150 | Final Dist = 1.215 | Final Dist 10 = 1.991 | Final Dist 100 = 1.973 | Final Dist 1000 = 2.004 | Init Dist = 12.806 | Init Dist 10 = 12.806 | Init Dist 100 = 12.806 | Init Dist 1000 = 12.806 | Learner Steps = 13137 | Learner Walltime = 2587.291 | Min Dist = 0.062 | Min Dist 10 = 0.987 | Min Dist 100 = 1.285 | Min Dist 1000 = 1.289 | Steps Per Second = 87.624 | Success = 1.000 | Success 1000 = 0.851
I0502 15:49:25.230918 139579566835264 terminal.py:91] [Evaluator] Actor Episodes = 17025 | Actor Steps = 851250 | Delta Dist = 12.262 | Delta Dist 10 = 10.963 | Delta Dist 100 = 10.934 | Delta Dist 1000 = 10.796 | Episode Length = 50 | Episode Return = 7.0 | Evaluator Episodes = 4305 | Evaluator Steps = 215250 | Final Dist = 0.545 | Final Dist 10 = 1.843 | Final Dist 100 = 1.872 | Final Dist 1000 = 2.011 | Init Dist = 12.806 | Init Dist 10 = 12.806 | Init Dist 100 = 12.806 | Init Dist 1000 = 12.806 | Learner Steps = 13143 | Learner Walltime = 2588.471 | Min Dist = 0.207 | Min Dist 10 = 0.845 | Min Dist 100 = 1.189 | Min Dist 1000 = 1.295 | Steps Per Second = 82.744 | Success = 1.000 | Success 1000 = 0.850
I0502 15:49:25.379009 139555860620864 terminal.py:91] [Actor] Actor Episodes = 17027 | Actor Steps = 851350 | Delta Dist = 6.737 | Delta Dist 10 = 5.572 | Delta Dist 100 = 4.982 | Delta Dist 1000 = 4.373 | Episode Length = 50 | Episode Return = 20.0 | Evaluator Episodes = 4305 | Evaluator Steps = 215250 | Final Dist = 0.475 | Final Dist 10 = 0.549 | Final Dist 100 = 1.195 | Final Dist 1000 = 1.532 | Init Dist = 7.211 | Init Dist 10 = 6.121 | Init Dist 100 = 6.177 | Init Dist 1000 = 5.905 | Learner Steps = 13150 | Learner Walltime = 2589.513 | Min Dist = 0.039 | Min Dist 10 = 0.138 | Min Dist 100 = 0.104 | Min Dist 1000 = 0.217 | Steps Per Second = 82.238 | Success = 1.000 | Success 1000 = 0.985
I0502 15:49:26.526254 139579566835264 terminal.py:91] [Evaluator] Actor Episodes = 17033 | Actor Steps = 851650 | Delta Dist = 11.532 | Delta Dist 10 = 10.912 | Delta Dist 100 = 10.928 | Delta Dist 1000 = 10.796 | Episode Length = 50 | Episode Return = 21.0 | Evaluator Episodes = 4307 | Evaluator Steps = 215350 | Final Dist = 1.274 | Final Dist 10 = 1.894 | Final Dist 100 = 1.879 | Final Dist 1000 = 2.010 | Init Dist = 12.806 | Init Dist 10 = 12.806 | Init Dist 100 = 12.806 | Init Dist 1000 = 12.806 | Learner Steps = 13155 | Learner Walltime = 2590.618 | Min Dist = 0.026 | Min Dist 10 = 0.837 | Min Dist 100 = 1.189 | Min Dist 1000 = 1.294 | Steps Per Second = 76.251 | Success = 1.000 | Success 1000 = 0.850
I0502 15:49:27.016522 139557462840896 terminal.py:91] [Actor] Actor Episodes = 17034 | Actor Steps = 851700 | Delta Dist = 1.628 | Delta Dist 10 = 3.996 | Delta Dist 100 = 4.762 | Delta Dist 1000 = 4.384 | Episode Length = 50 | Episode Return = 38.0 | Evaluator Episodes = 4305 | Evaluator Steps = 215250 | Final Dist = 1.534 | Final Dist 10 = 0.312 | Final Dist 100 = 1.141 | Final Dist 1000 = 1.499 | Init Dist = 3.162 | Init Dist 10 = 4.307 | Init Dist 100 = 5.904 | Init Dist 1000 = 5.883 | Learner Steps = 13150 | Learner Walltime = 2589.513 | Min Dist = 0.047 | Min Dist 10 = 0.067 | Min Dist 100 = 0.106 | Min Dist 1000 = 0.216 | Steps Per Second = 72.522 | Success = 1.000 | Success 1000 = 0.985
I0502 15:49:27.471858 139555013154368 terminal.py:91] [Learner] Actor Episodes = 17039 | Actor Loss = 3.551346778869629 | Actor Steps = 851950 | Binary Accuracy = 0.9960415363311768 | Categorical Accuracy = 0.40496826171875 | Critic Loss = 1.9675331115722656 | Entropy Mean = -18.754573822021484 | Evaluator Episodes = 4307 | Evaluator Steps = 215350 | Learner Steps = 13160 | Learner Walltime = 2591.669 | Logits Neg = -15.681743621826172 | Logits Pos = -1.9511252641677856 | Logsumexp = 1.1773440837860107 | Steps Per Second = 316.194
I0502 15:49:27.692874 139579566835264 terminal.py:91] [Evaluator] Actor Episodes = 17041 | Actor Steps = 852050 | Delta Dist = 11.754 | Delta Dist 10 = 11.008 | Delta Dist 100 = 10.993 | Delta Dist 1000 = 10.796 | Episode Length = 50 | Episode Return = 17.0 | Evaluator Episodes = 4309 | Evaluator Steps = 215450 | Final Dist = 1.052 | Final Dist 10 = 1.798 | Final Dist 100 = 1.813 | Final Dist 1000 = 2.010 | Init Dist = 12.806 | Init Dist 10 = 12.806 | Init Dist 100 = 12.806 | Init Dist 1000 = 12.806 | Learner Steps = 13160 | Learner Walltime = 2591.669 | Min Dist = 0.258 | Min Dist 10 = 0.737 | Min Dist 100 = 1.141 | Min Dist 1000 = 1.295 | Steps Per Second = 96.547 | Success = 1.000 | Success 1000 = 0.850
I0502 15:49:28.865358 139579566835264 terminal.py:91] [Evaluator] Actor Episodes = 17049 | Actor Steps = 852450 | Delta Dist = 12.251 | Delta Dist 10 = 11.122 | Delta Dist 100 = 11.094 | Delta Dist 1000 = 10.798 | Episode Length = 50 | Episode Return = 22.0 | Evaluator Episodes = 4311 | Evaluator Steps = 215550 | Final Dist = 0.555 | Final Dist 10 = 1.684 | Final Dist 100 = 1.713 | Final Dist 1000 = 2.008 | Init Dist = 12.806 | Init Dist 10 = 12.806 | Init Dist 100 = 12.806 | Init Dist 1000 = 12.806 | Learner Steps = 13166 | Learner Walltime = 2592.892 | Min Dist = 0.228 | Min Dist 10 = 0.778 | Min Dist 100 = 1.037 | Min Dist 1000 = 1.294 | Steps Per Second = 80.922 | Success = 1.000 | Success 1000 = 0.850
I0502 15:49:29.426580 139584504182336 lp_utils.py:96] StepsLimiter: Reached 852650 recorded steps
I0502 15:49:29.919487 139579566835264 terminal.py:91] [Evaluator] Actor Episodes = 17055 | Actor Steps = 852750 | Delta Dist = 11.752 | Delta Dist 10 = 11.261 | Delta Dist 100 = 11.103 | Delta Dist 1000 = 10.799 | Episode Length = 50 | Episode Return = 16.0 | Evaluator Episodes = 4313 | Evaluator Steps = 215650 | Final Dist = 1.055 | Final Dist 10 = 1.545 | Final Dist 100 = 1.704 | Final Dist 1000 = 2.008 | Init Dist = 12.806 | Init Dist 10 = 12.806 | Init Dist 100 = 12.806 | Init Dist 1000 = 12.806 | Learner Steps = 13172 | Learner Walltime = 2593.941 | Min Dist = 0.217 | Min Dist 10 = 0.785 | Min Dist 100 = 1.040 | Min Dist 1000 = 1.295 | Steps Per Second = 101.865 | Success = 1.000 | Success 1000 = 0.850
I0502 15:49:31.053648 139579566835264 terminal.py:91] [Evaluator] Actor Episodes = 17063 | Actor Steps = 853150 | Delta Dist = 11.421 | Delta Dist 10 = 11.902 | Delta Dist 100 = 11.103 | Delta Dist 1000 = 10.807 | Episode Length = 50 | Episode Return = 12.0 | Evaluator Episodes = 4315 | Evaluator Steps = 215750 | Final Dist = 1.386 | Final Dist 10 = 0.905 | Final Dist 100 = 1.703 | Final Dist 1000 = 1.999 | Init Dist = 12.806 | Init Dist 10 = 12.806 | Init Dist 100 = 12.806 | Init Dist 1000 = 12.806 | Learner Steps = 13177 | Learner Walltime = 2594.967 | Min Dist = 0.161 | Min Dist 10 = 0.222 | Min Dist 100 = 1.042 | Min Dist 1000 = 1.285 | Steps Per Second = 82.983 | Success = 1.000 | Success 1000 = 0.851
I0502 15:49:32.262996 139579566835264 terminal.py:91] [Evaluator] Actor Episodes = 17071 | Actor Steps = 853550 | Delta Dist = 11.440 | Delta Dist 10 = 11.207 | Delta Dist 100 = 11.035 | Delta Dist 1000 = 10.799 | Episode Length = 50 | Episode Return = 1.0 | Evaluator Episodes = 4317 | Evaluator Steps = 215850 | Final Dist = 1.366 | Final Dist 10 = 1.600 | Final Dist 100 = 1.771 | Final Dist 1000 = 2.008 | Init Dist = 12.806 | Init Dist 10 = 12.806 | Init Dist 100 = 12.806 | Init Dist 1000 = 12.806 | Learner Steps = 13183 | Learner Walltime = 2596.123 | Min Dist = 0.195 | Min Dist 10 = 0.968 | Min Dist 100 = 1.114 | Min Dist 1000 = 1.292 | Steps Per Second = 87.481 | Success = 1.000 | Success 1000 = 0.850
I0502 15:49:33.186290 139558059398720 terminal.py:91] [Actor] Actor Episodes = 17078 | Actor Steps = 853900 | Delta Dist = 4.628 | Delta Dist 10 = 4.140 | Delta Dist 100 = 4.417 | Delta Dist 1000 = 4.357 | Episode Length = 50 | Episode Return = 35.0 | Evaluator Episodes = 4317 | Evaluator Steps = 215850 | Final Dist = 0.372 | Final Dist 10 = 2.140 | Final Dist 100 = 1.155 | Final Dist 1000 = 1.497 | Init Dist = 5.000 | Init Dist 10 = 6.280 | Init Dist 100 = 5.572 | Init Dist 1000 = 5.854 | Learner Steps = 13183 | Learner Walltime = 2596.123 | Min Dist = 0.140 | Min Dist 10 = 0.073 | Min Dist 100 = 0.093 | Min Dist 1000 = 0.216 | Steps Per Second = 88.973 | Success = 1.000 | Success 1000 = 0.985
I0502 15:49:33.250160 139569349502528 terminal.py:91] [Actor] Actor Episodes = 17079 | Actor Steps = 853950 | Delta Dist = -3.123 | Delta Dist 10 = 4.111 | Delta Dist 100 = 4.395 | Delta Dist 1000 = 4.363 | Episode Length = 50 | Episode Return = 0.0 | Evaluator Episodes = 4317 | Evaluator Steps = 215850 | Final Dist = 6.729 | Final Dist 10 = 2.159 | Final Dist 100 = 1.147 | Final Dist 1000 = 1.495 | Init Dist = 3.606 | Init Dist 10 = 6.270 | Init Dist 100 = 5.542 | Init Dist 1000 = 5.858 | Learner Steps = 13183 | Learner Walltime = 2596.123 | Min Dist = 0.060 | Min Dist 10 = 0.085 | Min Dist 100 = 0.095 | Min Dist 1000 = 0.216 | Steps Per Second = 78.438 | Success = 1.000 | Success 1000 = 0.985
I0502 15:49:33.551274 139579566835264 terminal.py:91] [Evaluator] Actor Episodes = 17079 | Actor Steps = 853950 | Delta Dist = 4.811 | Delta Dist 10 = 10.546 | Delta Dist 100 = 10.973 | Delta Dist 1000 = 10.793 | Episode Length = 50 | Episode Return = 0.0 | Evaluator Episodes = 4319 | Evaluator Steps = 215950 | Final Dist = 7.995 | Final Dist 10 = 2.260 | Final Dist 100 = 1.834 | Final Dist 1000 = 2.013 | Init Dist = 12.806 | Init Dist 10 = 12.806 | Init Dist 100 = 12.806 | Init Dist 1000 = 12.806 | Learner Steps = 13190 | Learner Walltime = 2597.471 | Min Dist = 7.124 | Min Dist 10 = 1.596 | Min Dist 100 = 1.174 | Min Dist 1000 = 1.298 | Steps Per Second = 73.981 | Success = 0.000 | Success 1000 = 0.849
I0502 15:49:34.864389 139579566835264 terminal.py:91] [Evaluator] Actor Episodes = 17089 | Actor Steps = 854450 | Delta Dist = 11.523 | Delta Dist 10 = 9.126 | Delta Dist 100 = 10.907 | Delta Dist 1000 = 10.786 | Episode Length = 50 | Episode Return = 12.0 | Evaluator Episodes = 4321 | Evaluator Steps = 216050 | Final Dist = 1.283 | Final Dist 10 = 3.680 | Final Dist 100 = 1.899 | Final Dist 1000 = 2.020 | Init Dist = 12.806 | Init Dist 10 = 12.806 | Init Dist 100 = 12.806 | Init Dist 1000 = 12.806 | Learner Steps = 13196 | Learner Walltime = 2598.743 | Min Dist = 0.057 | Min Dist 10 = 2.960 | Min Dist 100 = 1.238 | Min Dist 1000 = 1.305 | Steps Per Second = 77.113 | Success = 1.000 | Success 1000 = 0.848
I0502 15:49:35.801607 139555860620864 terminal.py:91] [Actor] Actor Episodes = 17092 | Actor Steps = 854600 | Delta Dist = 7.633 | Delta Dist 10 = 4.879 | Delta Dist 100 = 4.472 | Delta Dist 1000 = 4.380 | Episode Length = 50 | Episode Return = 30.0 | Evaluator Episodes = 4321 | Evaluator Steps = 216050 | Final Dist = 0.177 | Final Dist 10 = 0.581 | Final Dist 100 = 1.093 | Final Dist 1000 = 1.482 | Init Dist = 7.810 | Init Dist 10 = 5.460 | Init Dist 100 = 5.565 | Init Dist 1000 = 5.861 | Learner Steps = 13196 | Learner Walltime = 2598.743 | Min Dist = 0.177 | Min Dist 10 = 0.080 | Min Dist 100 = 0.095 | Min Dist 1000 = 0.206 | Steps Per Second = 70.922 | Success = 1.000 | Success 1000 = 0.985
I0502 15:49:36.308726 139579566835264 terminal.py:91] [Evaluator] Actor Episodes = 17097 | Actor Steps = 854850 | Delta Dist = 2.427 | Delta Dist 10 = 9.009 | Delta Dist 100 = 10.902 | Delta Dist 1000 = 10.786 | Episode Length = 50 | Episode Return = 0.0 | Evaluator Episodes = 4323 | Evaluator Steps = 216150 | Final Dist = 10.379 | Final Dist 10 = 3.797 | Final Dist 100 = 1.904 | Final Dist 1000 = 2.020 | Init Dist = 12.806 | Init Dist 10 = 12.806 | Init Dist 100 = 12.806 | Init Dist 1000 = 12.806 | Learner Steps = 13201 | Learner Walltime = 2599.859 | Min Dist = 10.226 | Min Dist 10 = 2.913 | Min Dist 100 = 1.233 | Min Dist 1000 = 1.304 | Steps Per Second = 66.885 | Success = 0.000 | Success 1000 = 0.848
I0502 15:49:37.492331 139555013154368 terminal.py:91] [Learner] Actor Episodes = 17101 | Actor Loss = 3.591348648071289 | Actor Steps = 855050 | Binary Accuracy = 0.9959554672241211 | Categorical Accuracy = 0.4090576171875 | Critic Loss = 1.973409652709961 | Entropy Mean = -19.73149299621582 | Evaluator Episodes = 4323 | Evaluator Steps = 216150 | Learner Steps = 13210 | Learner Walltime = 2601.692 | Logits Neg = -15.895790100097656 | Logits Pos = -1.9589048624038696 | Logsumexp = 1.2624626159667969 | Steps Per Second = 378.397
I0502 15:49:37.571542 139579566835264 terminal.py:91] [Evaluator] Actor Episodes = 17103 | Actor Steps = 855150 | Delta Dist = 11.775 | Delta Dist 10 = 7.063 | Delta Dist 100 = 10.696 | Delta Dist 1000 = 10.768 | Episode Length = 50 | Episode Return = 10.0 | Evaluator Episodes = 4325 | Evaluator Steps = 216250 | Final Dist = 1.031 | Final Dist 10 = 5.743 | Final Dist 100 = 2.111 | Final Dist 1000 = 2.039 | Init Dist = 12.806 | Init Dist 10 = 12.806 | Init Dist 100 = 12.806 | Init Dist 1000 = 12.806 | Learner Steps = 13207 | Learner Walltime = 2600.965 | Min Dist = 0.301 | Min Dist 10 = 4.911 | Min Dist 100 = 1.435 | Min Dist 1000 = 1.324 | Steps Per Second = 78.041 | Success = 1.000 | Success 1000 = 0.846
I0502 15:49:37.626896 139557462840896 terminal.py:91] [Actor] Actor Episodes = 17105 | Actor Steps = 855250 | Delta Dist = 7.029 | Delta Dist 10 = 3.025 | Delta Dist 100 = 4.230 | Delta Dist 1000 = 4.370 | Episode Length = 50 | Episode Return = 40.0 | Evaluator Episodes = 4325 | Evaluator Steps = 216250 | Final Dist = 0.042 | Final Dist 10 = 2.179 | Final Dist 100 = 1.174 | Final Dist 1000 = 1.489 | Init Dist = 7.071 | Init Dist 10 = 5.204 | Init Dist 100 = 5.404 | Init Dist 1000 = 5.859 | Learner Steps = 13207 | Learner Walltime = 2600.965 | Min Dist = 0.037 | Min Dist 10 = 0.067 | Min Dist 100 = 0.084 | Min Dist 1000 = 0.206 | Steps Per Second = 80.759 | Success = 1.000 | Success 1000 = 0.985
I0502 15:49:38.934543 139579566835264 terminal.py:91] [Evaluator] Actor Episodes = 17111 | Actor Steps = 855550 | Delta Dist = 11.714 | Delta Dist 10 = 7.723 | Delta Dist 100 = 10.683 | Delta Dist 1000 = 10.767 | Episode Length = 50 | Episode Return = 4.0 | Evaluator Episodes = 4327 | Evaluator Steps = 216350 | Final Dist = 1.092 | Final Dist 10 = 5.083 | Final Dist 100 = 2.123 | Final Dist 1000 = 2.039 | Init Dist = 12.806 | Init Dist 10 = 12.806 | Init Dist 100 = 12.806 | Init Dist 1000 = 12.806 | Learner Steps = 13212 | Learner Walltime = 2602.139 | Min Dist = 0.295 | Min Dist 10 = 4.182 | Min Dist 100 = 1.433 | Min Dist 1000 = 1.324 | Steps Per Second = 74.556 | Success = 1.000 | Success 1000 = 0.846
I0502 15:49:39.445422 139584504182336 lp_utils.py:96] StepsLimiter: Reached 855850 recorded steps
I0502 15:49:40.210014 139579566835264 terminal.py:91] [Evaluator] Actor Episodes = 17119 | Actor Steps = 855950 | Delta Dist = 11.977 | Delta Dist 10 = 8.461 | Delta Dist 100 = 10.679 | Delta Dist 1000 = 10.768 | Episode Length = 50 | Episode Return = 13.0 | Evaluator Episodes = 4329 | Evaluator Steps = 216450 | Final Dist = 0.829 | Final Dist 10 = 4.345 | Final Dist 100 = 2.128 | Final Dist 1000 = 2.039 | Init Dist = 12.806 | Init Dist 10 = 12.806 | Init Dist 100 = 12.806 | Init Dist 1000 = 12.806 | Learner Steps = 13218 | Learner Walltime = 2603.475 | Min Dist = 0.087 | Min Dist 10 = 3.572 | Min Dist 100 = 1.430 | Min Dist 1000 = 1.324 | Steps Per Second = 71.549 | Success = 1.000 | Success 1000 = 0.846
I0502 15:49:41.580762 139579566835264 terminal.py:91] [Evaluator] Actor Episodes = 17127 | Actor Steps = 856350 | Delta Dist = 12.135 | Delta Dist 10 = 9.256 | Delta Dist 100 = 10.689 | Delta Dist 1000 = 10.763 | Episode Length = 50 | Episode Return = 19.0 | Evaluator Episodes = 4331 | Evaluator Steps = 216550 | Final Dist = 0.671 | Final Dist 10 = 3.550 | Final Dist 100 = 2.118 | Final Dist 1000 = 2.043 | Init Dist = 12.806 | Init Dist 10 = 12.806 | Init Dist 100 = 12.806 | Init Dist 1000 = 12.806 | Learner Steps = 13228 | Learner Walltime = 2605.603 | Min Dist = 0.316 | Min Dist 10 = 2.757 | Min Dist 100 = 1.423 | Min Dist 1000 = 1.330 | Steps Per Second = 77.626 | Success = 1.000 | Success 1000 = 0.845
I0502 15:49:42.910636 139579566835264 terminal.py:91] [Evaluator] Actor Episodes = 17137 | Actor Steps = 856850 | Delta Dist = 11.958 | Delta Dist 10 = 9.393 | Delta Dist 100 = 10.685 | Delta Dist 1000 = 10.762 | Episode Length = 50 | Episode Return = 1.0 | Evaluator Episodes = 4333 | Evaluator Steps = 216650 | Final Dist = 0.849 | Final Dist 10 = 3.413 | Final Dist 100 = 2.122 | Final Dist 1000 = 2.044 | Init Dist = 12.806 | Init Dist 10 = 12.806 | Init Dist 100 = 12.806 | Init Dist 1000 = 12.806 | Learner Steps = 13234 | Learner Walltime = 2607.092 | Min Dist = 0.849 | Min Dist 10 = 2.843 | Min Dist 100 = 1.431 | Min Dist 1000 = 1.331 | Steps Per Second = 79.075 | Success = 1.000 | Success 1000 = 0.845
I0502 15:49:43.427312 139558059398720 terminal.py:91] [Actor] Actor Episodes = 17141 | Actor Steps = 857050 | Delta Dist = 6.220 | Delta Dist 10 = 4.282 | Delta Dist 100 = 4.350 | Delta Dist 1000 = 4.396 | Episode Length = 50 | Episode Return = 4.0 | Evaluator Episodes = 4333 | Evaluator Steps = 216650 | Final Dist = 0.991 | Final Dist 10 = 1.320 | Final Dist 100 = 1.272 | Final Dist 1000 = 1.457 | Init Dist = 7.211 | Init Dist 10 = 5.602 | Init Dist 100 = 5.622 | Init Dist 1000 = 5.852 | Learner Steps = 13234 | Learner Walltime = 2607.092 | Min Dist = 0.190 | Min Dist 10 = 0.874 | Min Dist 100 = 0.173 | Min Dist 1000 = 0.207 | Steps Per Second = 78.903 | Success = 1.000 | Success 1000 = 0.984
I0502 15:49:43.712508 139569349502528 terminal.py:91] [Actor] Actor Episodes = 17143 | Actor Steps = 857150 | Delta Dist = 4.779 | Delta Dist 10 = 4.750 | Delta Dist 100 = 4.529 | Delta Dist 1000 = 4.405 | Episode Length = 50 | Episode Return = 27.0 | Evaluator Episodes = 4333 | Evaluator Steps = 216650 | Final Dist = 4.165 | Final Dist 10 = 1.397 | Final Dist 100 = 1.181 | Final Dist 1000 = 1.458 | Init Dist = 8.944 | Init Dist 10 = 6.147 | Init Dist 100 = 5.711 | Init Dist 1000 = 5.863 | Learner Steps = 13234 | Learner Walltime = 2607.092 | Min Dist = 0.003 | Min Dist 10 = 0.934 | Min Dist 100 = 0.179 | Min Dist 1000 = 0.208 | Steps Per Second = 91.071 | Success = 1.000 | Success 1000 = 0.984
I0502 15:49:44.125549 139579566835264 terminal.py:91] [Evaluator] Actor Episodes = 17143 | Actor Steps = 857150 | Delta Dist = 11.689 | Delta Dist 10 = 11.338 | Delta Dist 100 = 10.686 | Delta Dist 1000 = 10.762 | Episode Length = 50 | Episode Return = 20.0 | Evaluator Episodes = 4335 | Evaluator Steps = 216750 | Final Dist = 1.118 | Final Dist 10 = 1.469 | Final Dist 100 = 2.120 | Final Dist 1000 = 2.045 | Init Dist = 12.806 | Init Dist 10 = 12.806 | Init Dist 100 = 12.806 | Init Dist 1000 = 12.806 | Learner Steps = 13241 | Learner Walltime = 2608.103 | Min Dist = 0.095 | Min Dist 10 = 0.892 | Min Dist 100 = 1.432 | Min Dist 1000 = 1.331 | Steps Per Second = 81.946 | Success = 1.000 | Success 1000 = 0.845
I0502 15:49:45.417234 139579566835264 terminal.py:91] [Evaluator] Actor Episodes = 17151 | Actor Steps = 857550 | Delta Dist = 11.497 | Delta Dist 10 = 11.413 | Delta Dist 100 = 10.692 | Delta Dist 1000 = 10.762 | Episode Length = 50 | Episode Return = 15.0 | Evaluator Episodes = 4337 | Evaluator Steps = 216850 | Final Dist = 1.309 | Final Dist 10 = 1.394 | Final Dist 100 = 2.115 | Final Dist 1000 = 2.045 | Init Dist = 12.806 | Init Dist 10 = 12.806 | Init Dist 100 = 12.806 | Init Dist 1000 = 12.806 | Learner Steps = 13246 | Learner Walltime = 2609.205 | Min Dist = 0.263 | Min Dist 10 = 0.878 | Min Dist 100 = 1.430 | Min Dist 1000 = 1.332 | Steps Per Second = 83.268 | Success = 1.000 | Success 1000 = 0.845
I0502 15:49:45.594509 139583350109760 savers.py:156] Saving checkpoint: logs/contrastive_cpc_point_FourRooms_64/5dd72662-2788-11f0-b183-d85ed38c5779/checkpoints/learner
I0502 15:49:46.393559 139555860620864 terminal.py:91] [Actor] Actor Episodes = 17156 | Actor Steps = 857800 | Delta Dist = 5.297 | Delta Dist 10 = 4.589 | Delta Dist 100 = 4.654 | Delta Dist 1000 = 4.429 | Episode Length = 50 | Episode Return = 30.0 | Evaluator Episodes = 4337 | Evaluator Steps = 216850 | Final Dist = 0.785 | Final Dist 10 = 2.215 | Final Dist 100 = 1.283 | Final Dist 1000 = 1.456 | Init Dist = 6.083 | Init Dist 10 = 6.805 | Init Dist 100 = 5.937 | Init Dist 1000 = 5.885 | Learner Steps = 13246 | Learner Walltime = 2609.205 | Min Dist = 0.061 | Min Dist 10 = 0.077 | Min Dist 100 = 0.178 | Min Dist 1000 = 0.198 | Steps Per Second = 77.893 | Success = 1.000 | Success 1000 = 0.984
I0502 15:49:46.686593 139579566835264 terminal.py:91] [Evaluator] Actor Episodes = 17159 | Actor Steps = 857950 | Delta Dist = 11.668 | Delta Dist 10 = 10.568 | Delta Dist 100 = 10.615 | Delta Dist 1000 = 10.754 | Episode Length = 50 | Episode Return = 19.0 | Evaluator Episodes = 4339 | Evaluator Steps = 216950 | Final Dist = 1.138 | Final Dist 10 = 2.238 | Final Dist 100 = 2.191 | Final Dist 1000 = 2.052 | Init Dist = 12.806 | Init Dist 10 = 12.806 | Init Dist 100 = 12.806 | Init Dist 1000 = 12.806 | Learner Steps = 13250 | Learner Walltime = 2610.344 | Min Dist = 0.221 | Min Dist 10 = 1.555 | Min Dist 100 = 1.497 | Min Dist 1000 = 1.338 | Steps Per Second = 78.688 | Success = 1.000 | Success 1000 = 0.844
I0502 15:49:46.974502 139584635659840 savers.py:156] Saving checkpoint: logs/contrastive_cpc_point_FourRooms_64/5dd72662-2788-11f0-b183-d85ed38c5779/checkpoints/counter
I0502 15:49:47.559651 139555013154368 terminal.py:91] [Learner] Actor Episodes = 17163 | Actor Loss = 3.6445226669311523 | Actor Steps = 858150 | Binary Accuracy = 0.996021032333374 | Categorical Accuracy = 0.4256591796875 | Critic Loss = 1.8771867752075195 | Entropy Mean = -19.241641998291016 | Evaluator Episodes = 4339 | Evaluator Steps = 216950 | Learner Steps = 13258 | Learner Walltime = 2611.758 | Logits Neg = -16.457225799560547 | Logits Pos = -1.8876763582229614 | Logsumexp = 1.2965165376663208 | Steps Per Second = 325.041
I0502 15:49:48.019991 139579566835264 terminal.py:91] [Evaluator] Actor Episodes = 17167 | Actor Steps = 858350 | Delta Dist = 12.089 | Delta Dist 10 = 11.164 | Delta Dist 100 = 10.648 | Delta Dist 1000 = 10.754 | Episode Length = 50 | Episode Return = 31.0 | Evaluator Episodes = 4341 | Evaluator Steps = 217050 | Final Dist = 0.718 | Final Dist 10 = 1.643 | Final Dist 100 = 2.158 | Final Dist 1000 = 2.052 | Init Dist = 12.806 | Init Dist 10 = 12.806 | Init Dist 100 = 12.806 | Init Dist 1000 = 12.806 | Learner Steps = 13256 | Learner Walltime = 2611.499 | Min Dist = 0.036 | Min Dist 10 = 0.988 | Min Dist 100 = 1.454 | Min Dist 1000 = 1.338 | Steps Per Second = 80.011 | Success = 1.000 | Success 1000 = 0.844
I0502 15:49:48.035888 139557462840896 terminal.py:91] [Actor] Actor Episodes = 17169 | Actor Steps = 858450 | Delta Dist = 1.262 | Delta Dist 10 = 4.308 | Delta Dist 100 = 4.652 | Delta Dist 1000 = 4.423 | Episode Length = 50 | Episode Return = 38.0 | Evaluator Episodes = 4341 | Evaluator Steps = 217050 | Final Dist = 0.152 | Final Dist 10 = 0.823 | Final Dist 100 = 1.255 | Final Dist 1000 = 1.451 | Init Dist = 1.414 | Init Dist 10 = 5.132 | Init Dist 100 = 5.907 | Init Dist 1000 = 5.874 | Learner Steps = 13256 | Learner Walltime = 2611.499 | Min Dist = 0.031 | Min Dist 10 = 0.068 | Min Dist 100 = 0.179 | Min Dist 1000 = 0.196 | Steps Per Second = 82.317 | Success = 1.000 | Success 1000 = 0.985
I0502 15:49:49.240774 139579566835264 terminal.py:91] [Evaluator] Actor Episodes = 17175 | Actor Steps = 858750 | Delta Dist = 11.031 | Delta Dist 10 = 11.181 | Delta Dist 100 = 10.659 | Delta Dist 1000 = 10.755 | Episode Length = 50 | Episode Return = 16.0 | Evaluator Episodes = 4343 | Evaluator Steps = 217150 | Final Dist = 1.775 | Final Dist 10 = 1.625 | Final Dist 100 = 2.147 | Final Dist 1000 = 2.051 | Init Dist = 12.806 | Init Dist 10 = 12.806 | Init Dist 100 = 12.806 | Init Dist 1000 = 12.806 | Learner Steps = 13262 | Learner Walltime = 2612.669 | Min Dist = 0.151 | Min Dist 10 = 0.901 | Min Dist 100 = 1.452 | Min Dist 1000 = 1.338 | Steps Per Second = 77.109 | Success = 1.000 | Success 1000 = 0.844
I0502 15:49:49.465664 139584504182336 lp_utils.py:96] StepsLimiter: Reached 858850 recorded steps
I0502 15:49:50.486650 139579566835264 terminal.py:91] [Evaluator] Actor Episodes = 17185 | Actor Steps = 859250 | Delta Dist = 11.624 | Delta Dist 10 = 10.416 | Delta Dist 100 = 10.587 | Delta Dist 1000 = 10.748 | Episode Length = 50 | Episode Return = 23.0 | Evaluator Episodes = 4345 | Evaluator Steps = 217250 | Final Dist = 1.182 | Final Dist 10 = 2.391 | Final Dist 100 = 2.219 | Final Dist 1000 = 2.058 | Init Dist = 12.806 | Init Dist 10 = 12.806 | Init Dist 100 = 12.806 | Init Dist 1000 = 12.806 | Learner Steps = 13268 | Learner Walltime = 2613.877 | Min Dist = 0.007 | Min Dist 10 = 1.480 | Min Dist 100 = 1.516 | Min Dist 1000 = 1.345 | Steps Per Second = 74.831 | Success = 1.000 | Success 1000 = 0.843
I0502 15:49:51.831382 139579566835264 terminal.py:91] [Evaluator] Actor Episodes = 17193 | Actor Steps = 859650 | Delta Dist = 11.652 | Delta Dist 10 = 10.386 | Delta Dist 100 = 10.591 | Delta Dist 1000 = 10.747 | Episode Length = 50 | Episode Return = 2.0 | Evaluator Episodes = 4347 | Evaluator Steps = 217350 | Final Dist = 1.154 | Final Dist 10 = 2.420 | Final Dist 100 = 2.216 | Final Dist 1000 = 2.060 | Init Dist = 12.806 | Init Dist 10 = 12.806 | Init Dist 100 = 12.806 | Init Dist 1000 = 12.806 | Learner Steps = 13274 | Learner Walltime = 2615.204 | Min Dist = 0.165 | Min Dist 10 = 1.469 | Min Dist 100 = 1.514 | Min Dist 1000 = 1.344 | Steps Per Second = 84.235 | Success = 1.000 | Success 1000 = 0.843
I0502 15:49:53.115239 139579566835264 terminal.py:91] [Evaluator] Actor Episodes = 17201 | Actor Steps = 860050 | Delta Dist = 11.668 | Delta Dist 10 = 11.130 | Delta Dist 100 = 10.577 | Delta Dist 1000 = 10.757 | Episode Length = 50 | Episode Return = 4.0 | Evaluator Episodes = 4349 | Evaluator Steps = 217450 | Final Dist = 1.138 | Final Dist 10 = 1.676 | Final Dist 100 = 2.229 | Final Dist 1000 = 2.049 | Init Dist = 12.806 | Init Dist 10 = 12.806 | Init Dist 100 = 12.806 | Init Dist 1000 = 12.806 | Learner Steps = 13281 | Learner Walltime = 2616.444 | Min Dist = 0.142 | Min Dist 10 = 0.783 | Min Dist 100 = 1.514 | Min Dist 1000 = 1.334 | Steps Per Second = 73.389 | Success = 1.000 | Success 1000 = 0.844
I0502 15:49:53.962826 139558059398720 terminal.py:91] [Actor] Actor Episodes = 17204 | Actor Steps = 860200 | Delta Dist = 0.550 | Delta Dist 10 = 2.754 | Delta Dist 100 = 4.397 | Delta Dist 1000 = 4.377 | Episode Length = 50 | Episode Return = 27.0 | Evaluator Episodes = 4349 | Evaluator Steps = 217450 | Final Dist = 0.450 | Final Dist 10 = 2.997 | Final Dist 100 = 1.553 | Final Dist 1000 = 1.491 | Init Dist = 1.000 | Init Dist 10 = 5.751 | Init Dist 100 = 5.949 | Init Dist 1000 = 5.868 | Learner Steps = 13281 | Learner Walltime = 2616.444 | Min Dist = 0.013 | Min Dist 10 = 0.822 | Min Dist 100 = 0.289 | Min Dist 1000 = 0.201 | Steps Per Second = 91.836 | Success = 1.000 | Success 1000 = 0.985
I0502 15:49:54.096395 139569349502528 terminal.py:91] [Actor] Actor Episodes = 17209 | Actor Steps = 860450 | Delta Dist = 0.879 | Delta Dist 10 = 2.134 | Delta Dist 100 = 4.213 | Delta Dist 1000 = 4.377 | Episode Length = 50 | Episode Return = 50.0 | Evaluator Episodes = 4349 | Evaluator Steps = 217450 | Final Dist = 3.244 | Final Dist 10 = 2.432 | Final Dist 100 = 1.543 | Final Dist 1000 = 1.482 | Init Dist = 4.123 | Init Dist 10 = 4.566 | Init Dist 100 = 5.756 | Init Dist 1000 = 5.859 | Learner Steps = 13286 | Learner Walltime = 2617.703 | Min Dist = 0.041 | Min Dist 10 = 0.155 | Min Dist 100 = 0.269 | Min Dist 1000 = 0.200 | Steps Per Second = 77.116 | Success = 1.000 | Success 1000 = 0.985
I0502 15:49:54.386104 139579566835264 terminal.py:91] [Evaluator] Actor Episodes = 17209 | Actor Steps = 860450 | Delta Dist = 12.710 | Delta Dist 10 = 10.321 | Delta Dist 100 = 10.592 | Delta Dist 1000 = 10.750 | Episode Length = 50 | Episode Return = 3.0 | Evaluator Episodes = 4351 | Evaluator Steps = 217550 | Final Dist = 0.097 | Final Dist 10 = 2.486 | Final Dist 100 = 2.214 | Final Dist 1000 = 2.056 | Init Dist = 12.806 | Init Dist 10 = 12.806 | Init Dist 100 = 12.806 | Init Dist 1000 = 12.806 | Learner Steps = 13286 | Learner Walltime = 2617.703 | Min Dist = 0.097 | Min Dist 10 = 1.476 | Min Dist 100 = 1.482 | Min Dist 1000 = 1.340 | Steps Per Second = 78.087 | Success = 1.000 | Success 1000 = 0.843
I0502 15:49:55.510864 139579566835264 terminal.py:91] [Evaluator] Actor Episodes = 17217 | Actor Steps = 860850 | Delta Dist = 11.769 | Delta Dist 10 = 10.372 | Delta Dist 100 = 10.706 | Delta Dist 1000 = 10.750 | Episode Length = 50 | Episode Return = 16.0 | Evaluator Episodes = 4353 | Evaluator Steps = 217650 | Final Dist = 1.037 | Final Dist 10 = 2.434 | Final Dist 100 = 2.100 | Final Dist 1000 = 2.056 | Init Dist = 12.806 | Init Dist 10 = 12.806 | Init Dist 100 = 12.806 | Init Dist 1000 = 12.806 | Learner Steps = 13293 | Learner Walltime = 2618.876 | Min Dist = 0.438 | Min Dist 10 = 1.494 | Min Dist 100 = 1.380 | Min Dist 1000 = 1.340 | Steps Per Second = 82.304 | Success = 1.000 | Success 1000 = 0.843
I0502 15:49:56.477529 139555860620864 terminal.py:91] [Actor] Actor Episodes = 17222 | Actor Steps = 861100 | Delta Dist = 2.227 | Delta Dist 10 = 4.274 | Delta Dist 100 = 4.133 | Delta Dist 1000 = 4.366 | Episode Length = 50 | Episode Return = 23.0 | Evaluator Episodes = 4353 | Evaluator Steps = 217650 | Final Dist = 0.009 | Final Dist 10 = 2.510 | Final Dist 100 = 1.743 | Final Dist 1000 = 1.504 | Init Dist = 2.236 | Init Dist 10 = 6.784 | Init Dist 100 = 5.877 | Init Dist 1000 = 5.870 | Learner Steps = 13293 | Learner Walltime = 2618.876 | Min Dist = 0.009 | Min Dist 10 = 0.329 | Min Dist 100 = 0.301 | Min Dist 1000 = 0.202 | Steps Per Second = 79.280 | Success = 1.000 | Success 1000 = 0.984
I0502 15:49:56.718443 139579566835264 terminal.py:91] [Evaluator] Actor Episodes = 17225 | Actor Steps = 861250 | Delta Dist = 12.110 | Delta Dist 10 = 11.121 | Delta Dist 100 = 10.703 | Delta Dist 1000 = 10.761 | Episode Length = 50 | Episode Return = 4.0 | Evaluator Episodes = 4355 | Evaluator Steps = 217750 | Final Dist = 0.696 | Final Dist 10 = 1.685 | Final Dist 100 = 2.103 | Final Dist 1000 = 2.045 | Init Dist = 12.806 | Init Dist 10 = 12.806 | Init Dist 100 = 12.806 | Init Dist 1000 = 12.806 | Learner Steps = 13300 | Learner Walltime = 2620.145 | Min Dist = 0.220 | Min Dist 10 = 0.852 | Min Dist 100 = 1.368 | Min Dist 1000 = 1.329 | Steps Per Second = 80.357 | Success = 1.000 | Success 1000 = 0.844
I0502 15:49:57.585463 139555013154368 terminal.py:91] [Learner] Actor Episodes = 17229 | Actor Loss = 3.673534870147705 | Actor Steps = 861450 | Binary Accuracy = 0.9960305690765381 | Categorical Accuracy = 0.4144287109375 | Critic Loss = 1.9303563833236694 | Entropy Mean = -19.12843132019043 | Evaluator Episodes = 4355 | Evaluator Steps = 217750 | Learner Steps = 13308 | Learner Walltime = 2621.783 | Logits Neg = -16.053964614868164 | Logits Pos = -1.9131907224655151 | Logsumexp = 1.191545009613037 | Steps Per Second = 167.439
I0502 15:49:57.922661 139579566835264 terminal.py:91] [Evaluator] Actor Episodes = 17233 | Actor Steps = 861650 | Delta Dist = 12.414 | Delta Dist 10 = 11.195 | Delta Dist 100 = 10.707 | Delta Dist 1000 = 10.763 | Episode Length = 50 | Episode Return = 23.0 | Evaluator Episodes = 4357 | Evaluator Steps = 217850 | Final Dist = 0.392 | Final Dist 10 = 1.612 | Final Dist 100 = 2.099 | Final Dist 1000 = 2.044 | Init Dist = 12.806 | Init Dist 10 = 12.806 | Init Dist 100 = 12.806 | Init Dist 1000 = 12.806 | Learner Steps = 13306 | Learner Walltime = 2621.354 | Min Dist = 0.077 | Min Dist 10 = 0.873 | Min Dist 100 = 1.359 | Min Dist 1000 = 1.329 | Steps Per Second = 88.580 | Success = 1.000 | Success 1000 = 0.844
I0502 15:49:58.317594 139557462840896 terminal.py:91] [Actor] Actor Episodes = 17232 | Actor Steps = 861600 | Delta Dist = 2.788 | Delta Dist 10 = 3.251 | Delta Dist 100 = 3.987 | Delta Dist 1000 = 4.355 | Episode Length = 50 | Episode Return = 19.0 | Evaluator Episodes = 4355 | Evaluator Steps = 217750 | Final Dist = 0.375 | Final Dist 10 = 2.328 | Final Dist 100 = 1.938 | Final Dist 1000 = 1.505 | Init Dist = 3.162 | Init Dist 10 = 5.580 | Init Dist 100 = 5.925 | Init Dist 1000 = 5.860 | Learner Steps = 13306 | Learner Walltime = 2621.354 | Min Dist = 0.058 | Min Dist 10 = 1.535 | Min Dist 100 = 0.437 | Min Dist 1000 = 0.216 | Steps Per Second = 76.283 | Success = 1.000 | Success 1000 = 0.984
I0502 15:49:59.059390 139579566835264 terminal.py:91] [Evaluator] Actor Episodes = 17241 | Actor Steps = 862050 | Delta Dist = 11.701 | Delta Dist 10 = 11.252 | Delta Dist 100 = 10.717 | Delta Dist 1000 = 10.763 | Episode Length = 50 | Episode Return = 3.0 | Evaluator Episodes = 4359 | Evaluator Steps = 217950 | Final Dist = 1.105 | Final Dist 10 = 1.554 | Final Dist 100 = 2.089 | Final Dist 1000 = 2.043 | Init Dist = 12.806 | Init Dist 10 = 12.806 | Init Dist 100 = 12.806 | Init Dist 1000 = 12.806 | Learner Steps = 13311 | Learner Walltime = 2622.360 | Min Dist = 0.172 | Min Dist 10 = 0.893 | Min Dist 100 = 1.361 | Min Dist 1000 = 1.329 | Steps Per Second = 84.952 | Success = 1.000 | Success 1000 = 0.844
I0502 15:49:59.488327 139584504182336 lp_utils.py:96] StepsLimiter: Reached 862150 recorded steps
I0502 15:50:00.201405 139579566835264 terminal.py:91] [Evaluator] Actor Episodes = 17249 | Actor Steps = 862450 | Delta Dist = 11.566 | Delta Dist 10 = 11.781 | Delta Dist 100 = 10.686 | Delta Dist 1000 = 10.761 | Episode Length = 50 | Episode Return = 19.0 | Evaluator Episodes = 4361 | Evaluator Steps = 218050 | Final Dist = 1.241 | Final Dist 10 = 1.026 | Final Dist 100 = 2.120 | Final Dist 1000 = 2.045 | Init Dist = 12.806 | Init Dist 10 = 12.806 | Init Dist 100 = 12.806 | Init Dist 1000 = 12.806 | Learner Steps = 13318 | Learner Walltime = 2623.597 | Min Dist = 0.322 | Min Dist 10 = 0.529 | Min Dist 100 = 1.391 | Min Dist 1000 = 1.332 | Steps Per Second = 85.637 | Success = 1.000 | Success 1000 = 0.843
I0502 15:50:01.403273 139579566835264 terminal.py:91] [Evaluator] Actor Episodes = 17257 | Actor Steps = 862850 | Delta Dist = 5.653 | Delta Dist 10 = 11.659 | Delta Dist 100 = 10.708 | Delta Dist 1000 = 10.761 | Episode Length = 50 | Episode Return = 0.0 | Evaluator Episodes = 4363 | Evaluator Steps = 218150 | Final Dist = 7.153 | Final Dist 10 = 1.147 | Final Dist 100 = 2.098 | Final Dist 1000 = 2.045 | Init Dist = 12.806 | Init Dist 10 = 12.806 | Init Dist 100 = 12.806 | Init Dist 1000 = 12.806 | Learner Steps = 13325 | Learner Walltime = 2624.833 | Min Dist = 6.159 | Min Dist 10 = 0.548 | Min Dist 100 = 1.364 | Min Dist 1000 = 1.332 | Steps Per Second = 82.819 | Success = 0.000 | Success 1000 = 0.843
I0502 15:50:02.604599 139579566835264 terminal.py:91] [Evaluator] Actor Episodes = 17265 | Actor Steps = 863250 | Delta Dist = 12.232 | Delta Dist 10 = 11.015 | Delta Dist 100 = 10.629 | Delta Dist 1000 = 10.754 | Episode Length = 50 | Episode Return = 28.0 | Evaluator Episodes = 4365 | Evaluator Steps = 218250 | Final Dist = 0.574 | Final Dist 10 = 1.791 | Final Dist 100 = 2.177 | Final Dist 1000 = 2.052 | Init Dist = 12.806 | Init Dist 10 = 12.806 | Init Dist 100 = 12.806 | Init Dist 1000 = 12.806 | Learner Steps = 13331 | Learner Walltime = 2626.065 | Min Dist = 0.214 | Min Dist 10 = 1.170 | Min Dist 100 = 1.430 | Min Dist 1000 = 1.339 | Steps Per Second = 83.301 | Success = 1.000 | Success 1000 = 0.842
I0502 15:50:03.822681 139579566835264 terminal.py:91] [Evaluator] Actor Episodes = 17273 | Actor Steps = 863650 | Delta Dist = 11.948 | Delta Dist 10 = 11.028 | Delta Dist 100 = 10.643 | Delta Dist 1000 = 10.761 | Episode Length = 50 | Episode Return = 17.0 | Evaluator Episodes = 4367 | Evaluator Steps = 218350 | Final Dist = 0.858 | Final Dist 10 = 1.778 | Final Dist 100 = 2.164 | Final Dist 1000 = 2.045 | Init Dist = 12.806 | Init Dist 10 = 12.806 | Init Dist 100 = 12.806 | Init Dist 1000 = 12.806 | Learner Steps = 13336 | Learner Walltime = 2627.069 | Min Dist = 0.013 | Min Dist 10 = 1.198 | Min Dist 100 = 1.434 | Min Dist 1000 = 1.334 | Steps Per Second = 87.708 | Success = 1.000 | Success 1000 = 0.843
I0502 15:50:04.029152 139558059398720 terminal.py:91] [Actor] Actor Episodes = 17275 | Actor Steps = 863750 | Delta Dist = 2.307 | Delta Dist 10 = 2.859 | Delta Dist 100 = 3.718 | Delta Dist 1000 = 4.321 | Episode Length = 50 | Episode Return = 0.0 | Evaluator Episodes = 4367 | Evaluator Steps = 218350 | Final Dist = 5.939 | Final Dist 10 = 2.632 | Final Dist 100 = 1.967 | Final Dist 1000 = 1.525 | Init Dist = 8.246 | Init Dist 10 = 5.491 | Init Dist 100 = 5.685 | Init Dist 1000 = 5.846 | Learner Steps = 13336 | Learner Walltime = 2627.069 | Min Dist = 0.035 | Min Dist 10 = 0.059 | Min Dist 100 = 0.421 | Min Dist 1000 = 0.219 | Steps Per Second = 78.182 | Success = 1.000 | Success 1000 = 0.983
I0502 15:50:04.228744 139569349502528 terminal.py:91] [Actor] Actor Episodes = 17274 | Actor Steps = 863700 | Delta Dist = 2.590 | Delta Dist 10 = 1.784 | Delta Dist 100 = 3.514 | Delta Dist 1000 = 4.302 | Episode Length = 50 | Episode Return = 0.0 | Evaluator Episodes = 4365 | Evaluator Steps = 218250 | Final Dist = 5.472 | Final Dist 10 = 3.367 | Final Dist 100 = 2.105 | Final Dist 1000 = 1.538 | Init Dist = 8.062 | Init Dist 10 = 5.151 | Init Dist 100 = 5.618 | Init Dist 1000 = 5.840 | Learner Steps = 13336 | Learner Walltime = 2627.069 | Min Dist = 0.387 | Min Dist 10 = 0.038 | Min Dist 100 = 0.418 | Min Dist 1000 = 0.218 | Steps Per Second = 79.911 | Success = 1.000 | Success 1000 = 0.984
I0502 15:50:05.044832 139579566835264 terminal.py:91] [Evaluator] Actor Episodes = 17281 | Actor Steps = 864050 | Delta Dist = 11.981 | Delta Dist 10 = 10.435 | Delta Dist 100 = 10.576 | Delta Dist 1000 = 10.755 | Episode Length = 50 | Episode Return = 8.0 | Evaluator Episodes = 4369 | Evaluator Steps = 218450 | Final Dist = 0.825 | Final Dist 10 = 2.371 | Final Dist 100 = 2.230 | Final Dist 1000 = 2.051 | Init Dist = 12.806 | Init Dist 10 = 12.806 | Init Dist 100 = 12.806 | Init Dist 1000 = 12.806 | Learner Steps = 13343 | Learner Walltime = 2628.502 | Min Dist = 0.318 | Min Dist 10 = 1.773 | Min Dist 100 = 1.494 | Min Dist 1000 = 1.339 | Steps Per Second = 84.224 | Success = 1.000 | Success 1000 = 0.842
I0502 15:50:06.158788 139579566835264 terminal.py:91] [Evaluator] Actor Episodes = 17289 | Actor Steps = 864450 | Delta Dist = 12.548 | Delta Dist 10 = 10.710 | Delta Dist 100 = 10.571 | Delta Dist 1000 = 10.756 | Episode Length = 50 | Episode Return = 16.0 | Evaluator Episodes = 4371 | Evaluator Steps = 218550 | Final Dist = 0.258 | Final Dist 10 = 2.097 | Final Dist 100 = 2.235 | Final Dist 1000 = 2.050 | Init Dist = 12.806 | Init Dist 10 = 12.806 | Init Dist 100 = 12.806 | Init Dist 1000 = 12.806 | Learner Steps = 13349 | Learner Walltime = 2629.525 | Min Dist = 0.228 | Min Dist 10 = 1.488 | Min Dist 100 = 1.497 | Min Dist 1000 = 1.340 | Steps Per Second = 84.132 | Success = 1.000 | Success 1000 = 0.842
I0502 15:50:06.702975 139555860620864 terminal.py:91] [Actor] Actor Episodes = 17293 | Actor Steps = 864650 | Delta Dist = 6.502 | Delta Dist 10 = 5.374 | Delta Dist 100 = 3.676 | Delta Dist 1000 = 4.309 | Episode Length = 50 | Episode Return = 28.0 | Evaluator Episodes = 4371 | Evaluator Steps = 218550 | Final Dist = 0.778 | Final Dist 10 = 0.869 | Final Dist 100 = 1.927 | Final Dist 1000 = 1.534 | Init Dist = 7.280 | Init Dist 10 = 6.243 | Init Dist 100 = 5.602 | Init Dist 1000 = 5.842 | Learner Steps = 13355 | Learner Walltime = 2630.656 | Min Dist = 0.254 | Min Dist 10 = 0.076 | Min Dist 100 = 0.402 | Min Dist 1000 = 0.217 | Steps Per Second = 78.513 | Success = 1.000 | Success 1000 = 0.985
I0502 15:50:07.393412 139579566835264 terminal.py:91] [Evaluator] Actor Episodes = 17297 | Actor Steps = 864850 | Delta Dist = 10.987 | Delta Dist 10 = 10.032 | Delta Dist 100 = 10.501 | Delta Dist 1000 = 10.750 | Episode Length = 50 | Episode Return = 3.0 | Evaluator Episodes = 4373 | Evaluator Steps = 218650 | Final Dist = 1.819 | Final Dist 10 = 2.774 | Final Dist 100 = 2.305 | Final Dist 1000 = 2.056 | Init Dist = 12.806 | Init Dist 10 = 12.806 | Init Dist 100 = 12.806 | Init Dist 1000 = 12.806 | Learner Steps = 13355 | Learner Walltime = 2630.656 | Min Dist = 0.344 | Min Dist 10 = 2.105 | Min Dist 100 = 1.562 | Min Dist 1000 = 1.346 | Steps Per Second = 88.466 | Success = 1.000 | Success 1000 = 0.841
I0502 15:50:07.772672 139555013154368 terminal.py:91] [Learner] Actor Episodes = 17297 | Actor Loss = 3.6508729457855225 | Actor Steps = 864850 | Binary Accuracy = 0.9960682392120361 | Categorical Accuracy = 0.4166259765625 | Critic Loss = 1.9009860754013062 | Entropy Mean = -19.21710777282715 | Evaluator Episodes = 4373 | Evaluator Steps = 218650 | Learner Steps = 13362 | Learner Walltime = 2631.966 | Logits Neg = -16.26648712158203 | Logits Pos = -1.8911025524139404 | Logsumexp = 1.171020269393921 | Steps Per Second = 223.408
I0502 15:50:08.381037 139557462840896 terminal.py:91] [Actor] Actor Episodes = 17305 | Actor Steps = 865250 | Delta Dist = 6.843 | Delta Dist 10 = 6.682 | Delta Dist 100 = 4.068 | Delta Dist 1000 = 4.336 | Episode Length = 50 | Episode Return = 30.0 | Evaluator Episodes = 4373 | Evaluator Steps = 218650 | Final Dist = 0.368 | Final Dist 10 = 0.997 | Final Dist 100 = 1.743 | Final Dist 1000 = 1.527 | Init Dist = 7.211 | Init Dist 10 = 7.679 | Init Dist 100 = 5.810 | Init Dist 1000 = 5.862 | Learner Steps = 13361 | Learner Walltime = 2631.680 | Min Dist = 0.230 | Min Dist 10 = 0.117 | Min Dist 100 = 0.319 | Min Dist 1000 = 0.217 | Steps Per Second = 76.047 | Success = 1.000 | Success 1000 = 0.985
I0502 15:50:08.584537 139579566835264 terminal.py:91] [Evaluator] Actor Episodes = 17305 | Actor Steps = 865250 | Delta Dist = 9.520 | Delta Dist 10 = 10.670 | Delta Dist 100 = 10.574 | Delta Dist 1000 = 10.749 | Episode Length = 50 | Episode Return = 0.0 | Evaluator Episodes = 4375 | Evaluator Steps = 218750 | Final Dist = 3.286 | Final Dist 10 = 2.136 | Final Dist 100 = 2.232 | Final Dist 1000 = 2.057 | Init Dist = 12.806 | Init Dist 10 = 12.806 | Init Dist 100 = 12.806 | Init Dist 1000 = 12.806 | Learner Steps = 13366 | Learner Walltime = 2632.697 | Min Dist = 3.286 | Min Dist 10 = 1.469 | Min Dist 100 = 1.495 | Min Dist 1000 = 1.346 | Steps Per Second = 83.454 | Success = 0.000 | Success 1000 = 0.841
I0502 15:50:09.505168 139584504182336 lp_utils.py:96] StepsLimiter: Reached 865550 recorded steps
I0502 15:50:09.816523 139579566835264 terminal.py:91] [Evaluator] Actor Episodes = 17313 | Actor Steps = 865650 | Delta Dist = 11.388 | Delta Dist 10 = 10.315 | Delta Dist 100 = 10.551 | Delta Dist 1000 = 10.747 | Episode Length = 50 | Episode Return = 22.0 | Evaluator Episodes = 4377 | Evaluator Steps = 218850 | Final Dist = 1.419 | Final Dist 10 = 2.492 | Final Dist 100 = 2.255 | Final Dist 1000 = 2.060 | Init Dist = 12.806 | Init Dist 10 = 12.806 | Init Dist 100 = 12.806 | Init Dist 1000 = 12.806 | Learner Steps = 13372 | Learner Walltime = 2633.749 | Min Dist = 0.184 | Min Dist 10 = 1.754 | Min Dist 100 = 1.528 | Min Dist 1000 = 1.349 | Steps Per Second = 78.573 | Success = 1.000 | Success 1000 = 0.840
I0502 15:50:10.986913 139579566835264 terminal.py:91] [Evaluator] Actor Episodes = 17322 | Actor Steps = 866100 | Delta Dist = 12.493 | Delta Dist 10 = 10.874 | Delta Dist 100 = 10.613 | Delta Dist 1000 = 10.747 | Episode Length = 50 | Episode Return = 26.0 | Evaluator Episodes = 4379 | Evaluator Steps = 218950 | Final Dist = 0.314 | Final Dist 10 = 1.932 | Final Dist 100 = 2.193 | Final Dist 1000 = 2.059 | Init Dist = 12.806 | Init Dist 10 = 12.806 | Init Dist 100 = 12.806 | Init Dist 1000 = 12.806 | Learner Steps = 13379 | Learner Walltime = 2635.076 | Min Dist = 0.080 | Min Dist 10 = 1.166 | Min Dist 100 = 1.458 | Min Dist 1000 = 1.349 | Steps Per Second = 91.781 | Success = 1.000 | Success 1000 = 0.840
I0502 15:50:12.074448 139579566835264 terminal.py:91] [Evaluator] Actor Episodes = 17330 | Actor Steps = 866500 | Delta Dist = 11.120 | Delta Dist 10 = 10.240 | Delta Dist 100 = 10.561 | Delta Dist 1000 = 10.741 | Episode Length = 50 | Episode Return = 4.0 | Evaluator Episodes = 4381 | Evaluator Steps = 219050 | Final Dist = 1.686 | Final Dist 10 = 2.567 | Final Dist 100 = 2.245 | Final Dist 1000 = 2.066 | Init Dist = 12.806 | Init Dist 10 = 12.806 | Init Dist 100 = 12.806 | Init Dist 1000 = 12.806 | Learner Steps = 13384 | Learner Walltime = 2636.106 | Min Dist = 0.082 | Min Dist 10 = 1.730 | Min Dist 100 = 1.500 | Min Dist 1000 = 1.355 | Steps Per Second = 97.159 | Success = 1.000 | Success 1000 = 0.839
I0502 15:50:13.254316 139579566835264 terminal.py:91] [Evaluator] Actor Episodes = 17338 | Actor Steps = 866900 | Delta Dist = 11.287 | Delta Dist 10 = 10.865 | Delta Dist 100 = 10.636 | Delta Dist 1000 = 10.740 | Episode Length = 50 | Episode Return = 16.0 | Evaluator Episodes = 4383 | Evaluator Steps = 219150 | Final Dist = 1.520 | Final Dist 10 = 1.941 | Final Dist 100 = 2.170 | Final Dist 1000 = 2.066 | Init Dist = 12.806 | Init Dist 10 = 12.806 | Init Dist 100 = 12.806 | Init Dist 1000 = 12.806 | Learner Steps = 13390 | Learner Walltime = 2637.274 | Min Dist = 0.372 | Min Dist 10 = 1.090 | Min Dist 100 = 1.403 | Min Dist 1000 = 1.355 | Steps Per Second = 87.486 | Success = 1.000 | Success 1000 = 0.839
I0502 15:50:14.234556 139569349502528 terminal.py:91] [Actor] Actor Episodes = 17344 | Actor Steps = 867200 | Delta Dist = 4.182 | Delta Dist 10 = 4.310 | Delta Dist 100 = 4.563 | Delta Dist 1000 = 4.333 | Episode Length = 50 | Episode Return = 24.0 | Evaluator Episodes = 4383 | Evaluator Steps = 219150 | Final Dist = 0.290 | Final Dist 10 = 1.153 | Final Dist 100 = 1.503 | Final Dist 1000 = 1.522 | Init Dist = 4.472 | Init Dist 10 = 5.463 | Init Dist 100 = 6.066 | Init Dist 1000 = 5.855 | Learner Steps = 13390 | Learner Walltime = 2637.274 | Min Dist = 0.012 | Min Dist 10 = 0.047 | Min Dist 100 = 0.143 | Min Dist 1000 = 0.217 | Steps Per Second = 79.299 | Success = 1.000 | Success 1000 = 0.985
I0502 15:50:14.350331 139558059398720 terminal.py:91] [Actor] Actor Episodes = 17341 | Actor Steps = 867050 | Delta Dist = 10.520 | Delta Dist 10 = 3.528 | Delta Dist 100 = 4.445 | Delta Dist 1000 = 4.313 | Episode Length = 50 | Episode Return = 37.0 | Evaluator Episodes = 4383 | Evaluator Steps = 219150 | Final Dist = 0.110 | Final Dist 10 = 1.653 | Final Dist 100 = 1.523 | Final Dist 1000 = 1.531 | Init Dist = 10.630 | Init Dist 10 = 5.181 | Init Dist 100 = 5.968 | Init Dist 1000 = 5.844 | Learner Steps = 13390 | Learner Walltime = 2637.274 | Min Dist = 0.110 | Min Dist 10 = 0.041 | Min Dist 100 = 0.072 | Min Dist 1000 = 0.217 | Steps Per Second = 79.793 | Success = 1.000 | Success 1000 = 0.985
I0502 15:50:14.437997 139579566835264 terminal.py:91] [Evaluator] Actor Episodes = 17346 | Actor Steps = 867300 | Delta Dist = 11.412 | Delta Dist 10 = 10.808 | Delta Dist 100 = 10.632 | Delta Dist 1000 = 10.739 | Episode Length = 50 | Episode Return = 23.0 | Evaluator Episodes = 4385 | Evaluator Steps = 219250 | Final Dist = 1.394 | Final Dist 10 = 1.998 | Final Dist 100 = 2.175 | Final Dist 1000 = 2.067 | Init Dist = 12.806 | Init Dist 10 = 12.806 | Init Dist 100 = 12.806 | Init Dist 1000 = 12.806 | Learner Steps = 13397 | Learner Walltime = 2638.618 | Min Dist = 0.336 | Min Dist 10 = 1.117 | Min Dist 100 = 1.407 | Min Dist 1000 = 1.355 | Steps Per Second = 86.783 | Success = 1.000 | Success 1000 = 0.839
I0502 15:50:15.575467 139579566835264 terminal.py:91] [Evaluator] Actor Episodes = 17352 | Actor Steps = 867600 | Delta Dist = 11.447 | Delta Dist 10 = 11.012 | Delta Dist 100 = 10.634 | Delta Dist 1000 = 10.738 | Episode Length = 50 | Episode Return = 21.0 | Evaluator Episodes = 4387 | Evaluator Steps = 219350 | Final Dist = 1.360 | Final Dist 10 = 1.794 | Final Dist 100 = 2.172 | Final Dist 1000 = 2.068 | Init Dist = 12.806 | Init Dist 10 = 12.806 | Init Dist 100 = 12.806 | Init Dist 1000 = 12.806 | Learner Steps = 13397 | Learner Walltime = 2638.618 | Min Dist = 0.175 | Min Dist 10 = 0.850 | Min Dist 100 = 1.406 | Min Dist 1000 = 1.356 | Steps Per Second = 94.437 | Success = 1.000 | Success 1000 = 0.839
I0502 15:50:16.594187 139579566835264 terminal.py:91] [Evaluator] Actor Episodes = 17358 | Actor Steps = 867900 | Delta Dist = 4.832 | Delta Dist 10 = 11.072 | Delta Dist 100 = 10.633 | Delta Dist 1000 = 10.739 | Episode Length = 50 | Episode Return = 0.0 | Evaluator Episodes = 4389 | Evaluator Steps = 219450 | Final Dist = 7.975 | Final Dist 10 = 1.734 | Final Dist 100 = 2.173 | Final Dist 1000 = 2.067 | Init Dist = 12.806 | Init Dist 10 = 12.806 | Init Dist 100 = 12.806 | Init Dist 1000 = 12.806 | Learner Steps = 13404 | Learner Walltime = 2639.879 | Min Dist = 7.244 | Min Dist 10 = 0.847 | Min Dist 100 = 1.406 | Min Dist 1000 = 1.355 | Steps Per Second = 118.651 | Success = 0.000 | Success 1000 = 0.839
I0502 15:50:16.726836 139555860620864 terminal.py:91] [Actor] Actor Episodes = 17357 | Actor Steps = 867850 | Delta Dist = 2.643 | Delta Dist 10 = 2.204 | Delta Dist 100 = 4.229 | Delta Dist 1000 = 4.281 | Episode Length = 50 | Episode Return = 27.0 | Evaluator Episodes = 4387 | Evaluator Steps = 219350 | Final Dist = 0.185 | Final Dist 10 = 3.083 | Final Dist 100 = 1.833 | Final Dist 1000 = 1.551 | Init Dist = 2.828 | Init Dist 10 = 5.287 | Init Dist 100 = 6.062 | Init Dist 1000 = 5.831 | Learner Steps = 13404 | Learner Walltime = 2639.879 | Min Dist = 0.063 | Min Dist 10 = 1.051 | Min Dist 100 = 0.175 | Min Dist 1000 = 0.225 | Steps Per Second = 72.992 | Success = 1.000 | Success 1000 = 0.985
I0502 15:50:17.807474 139579566835264 terminal.py:91] [Evaluator] Actor Episodes = 17366 | Actor Steps = 868300 | Delta Dist = 12.147 | Delta Dist 10 = 11.074 | Delta Dist 100 = 10.575 | Delta Dist 1000 = 10.739 | Episode Length = 50 | Episode Return = 19.0 | Evaluator Episodes = 4391 | Evaluator Steps = 219550 | Final Dist = 0.659 | Final Dist 10 = 1.732 | Final Dist 100 = 2.232 | Final Dist 1000 = 2.067 | Init Dist = 12.806 | Init Dist 10 = 12.806 | Init Dist 100 = 12.806 | Init Dist 1000 = 12.806 | Learner Steps = 13410 | Learner Walltime = 2640.953 | Min Dist = 0.133 | Min Dist 10 = 0.940 | Min Dist 100 = 1.473 | Min Dist 1000 = 1.355 | Steps Per Second = 81.984 | Success = 1.000 | Success 1000 = 0.839
I0502 15:50:17.996191 139555013154368 terminal.py:91] [Learner] Actor Episodes = 17368 | Actor Loss = 3.7012102603912354 | Actor Steps = 868400 | Binary Accuracy = 0.995997428894043 | Categorical Accuracy = 0.41827392578125 | Critic Loss = 1.9190213680267334 | Entropy Mean = -18.930065155029297 | Evaluator Episodes = 4391 | Evaluator Steps = 219550 | Learner Steps = 13415 | Learner Walltime = 2642.193 | Logits Neg = -15.899009704589844 | Logits Pos = -1.8940634727478027 | Logsumexp = 1.3306660652160645 | Steps Per Second = 128.313
I0502 15:50:18.631168 139557462840896 terminal.py:91] [Actor] Actor Episodes = 17371 | Actor Steps = 868550 | Delta Dist = 1.058 | Delta Dist 10 = 4.677 | Delta Dist 100 = 4.258 | Delta Dist 1000 = 4.262 | Episode Length = 50 | Episode Return = 35.0 | Evaluator Episodes = 4391 | Evaluator Steps = 219550 | Final Dist = 0.356 | Final Dist 10 = 1.829 | Final Dist 100 = 1.750 | Final Dist 1000 = 1.552 | Init Dist = 1.414 | Init Dist 10 = 6.506 | Init Dist 100 = 6.008 | Init Dist 1000 = 5.814 | Learner Steps = 13415 | Learner Walltime = 2642.193 | Min Dist = 0.356 | Min Dist 10 = 0.091 | Min Dist 100 = 0.181 | Min Dist 1000 = 0.226 | Steps Per Second = 84.851 | Success = 1.000 | Success 1000 = 0.986
I0502 15:50:18.907588 139579566835264 terminal.py:91] [Evaluator] Actor Episodes = 17374 | Actor Steps = 868700 | Delta Dist = 11.584 | Delta Dist 10 = 11.136 | Delta Dist 100 = 10.572 | Delta Dist 1000 = 10.739 | Episode Length = 50 | Episode Return = 2.0 | Evaluator Episodes = 4393 | Evaluator Steps = 219650 | Final Dist = 1.222 | Final Dist 10 = 1.671 | Final Dist 100 = 2.234 | Final Dist 1000 = 2.067 | Init Dist = 12.806 | Init Dist 10 = 12.806 | Init Dist 100 = 12.806 | Init Dist 1000 = 12.806 | Learner Steps = 13415 | Learner Walltime = 2642.193 | Min Dist = 0.820 | Min Dist 10 = 0.942 | Min Dist 100 = 1.461 | Min Dist 1000 = 1.355 | Steps Per Second = 100.868 | Success = 1.000 | Success 1000 = 0.839
I0502 15:50:19.523473 139584504182336 lp_utils.py:96] StepsLimiter: Reached 868900 recorded steps
I0502 15:50:20.131922 139579566835264 terminal.py:91] [Evaluator] Actor Episodes = 17382 | Actor Steps = 869100 | Delta Dist = 11.531 | Delta Dist 10 = 11.201 | Delta Dist 100 = 10.650 | Delta Dist 1000 = 10.739 | Episode Length = 50 | Episode Return = 14.0 | Evaluator Episodes = 4395 | Evaluator Steps = 219750 | Final Dist = 1.275 | Final Dist 10 = 1.605 | Final Dist 100 = 2.157 | Final Dist 1000 = 2.068 | Init Dist = 12.806 | Init Dist 10 = 12.806 | Init Dist 100 = 12.806 | Init Dist 1000 = 12.806 | Learner Steps = 13422 | Learner Walltime = 2643.441 | Min Dist = 0.486 | Min Dist 10 = 0.970 | Min Dist 100 = 1.393 | Min Dist 1000 = 1.356 | Steps Per Second = 84.588 | Success = 1.000 | Success 1000 = 0.839
I0502 15:50:21.181830 139579566835264 terminal.py:91] [Evaluator] Actor Episodes = 17390 | Actor Steps = 869500 | Delta Dist = 11.134 | Delta Dist 10 = 11.196 | Delta Dist 100 = 10.639 | Delta Dist 1000 = 10.749 | Episode Length = 50 | Episode Return = 22.0 | Evaluator Episodes = 4397 | Evaluator Steps = 219850 | Final Dist = 1.672 | Final Dist 10 = 1.610 | Final Dist 100 = 2.168 | Final Dist 1000 = 2.057 | Init Dist = 12.806 | Init Dist 10 = 12.806 | Init Dist 100 = 12.806 | Init Dist 1000 = 12.806 | Learner Steps = 13428 | Learner Walltime = 2644.532 | Min Dist = 0.120 | Min Dist 10 = 0.961 | Min Dist 100 = 1.397 | Min Dist 1000 = 1.345 | Steps Per Second = 88.264 | Success = 1.000 | Success 1000 = 0.840
I0502 15:50:22.309862 139579566835264 terminal.py:91] [Evaluator] Actor Episodes = 17398 | Actor Steps = 869900 | Delta Dist = 10.997 | Delta Dist 10 = 11.039 | Delta Dist 100 = 10.639 | Delta Dist 1000 = 10.748 | Episode Length = 50 | Episode Return = 7.0 | Evaluator Episodes = 4399 | Evaluator Steps = 219950 | Final Dist = 1.809 | Final Dist 10 = 1.767 | Final Dist 100 = 2.168 | Final Dist 1000 = 2.058 | Init Dist = 12.806 | Init Dist 10 = 12.806 | Init Dist 100 = 12.806 | Init Dist 1000 = 12.806 | Learner Steps = 13435 | Learner Walltime = 2645.712 | Min Dist = 0.262 | Min Dist 10 = 0.975 | Min Dist 100 = 1.390 | Min Dist 1000 = 1.345 | Steps Per Second = 88.093 | Success = 1.000 | Success 1000 = 0.840
I0502 15:50:23.439286 139579566835264 terminal.py:91] [Evaluator] Actor Episodes = 17406 | Actor Steps = 870300 | Delta Dist = 12.073 | Delta Dist 10 = 11.519 | Delta Dist 100 = 10.631 | Delta Dist 1000 = 10.747 | Episode Length = 50 | Episode Return = 16.0 | Evaluator Episodes = 4401 | Evaluator Steps = 220050 | Final Dist = 0.734 | Final Dist 10 = 1.288 | Final Dist 100 = 2.175 | Final Dist 1000 = 2.060 | Init Dist = 12.806 | Init Dist 10 = 12.806 | Init Dist 100 = 12.806 | Init Dist 1000 = 12.806 | Learner Steps = 13441 | Learner Walltime = 2646.892 | Min Dist = 0.168 | Min Dist 10 = 0.288 | Min Dist 100 = 1.393 | Min Dist 1000 = 1.345 | Steps Per Second = 87.499 | Success = 1.000 | Success 1000 = 0.840
I0502 15:50:24.292320 139569349502528 terminal.py:91] [Actor] Actor Episodes = 17409 | Actor Steps = 870450 | Delta Dist = -7.988 | Delta Dist 10 = 4.013 | Delta Dist 100 = 3.957 | Delta Dist 1000 = 4.264 | Episode Length = 50 | Episode Return = 0.0 | Evaluator Episodes = 4401 | Evaluator Steps = 220050 | Final Dist = 8.988 | Final Dist 10 = 1.647 | Final Dist 100 = 1.765 | Final Dist 1000 = 1.556 | Init Dist = 1.000 | Init Dist 10 = 5.660 | Init Dist 100 = 5.722 | Init Dist 1000 = 5.821 | Learner Steps = 13441 | Learner Walltime = 2646.892 | Min Dist = 0.033 | Min Dist 10 = 0.548 | Min Dist 100 = 0.241 | Min Dist 1000 = 0.226 | Steps Per Second = 82.453 | Success = 1.000 | Success 1000 = 0.985
I0502 15:50:24.350435 139558059398720 terminal.py:91] [Actor] Actor Episodes = 17414 | Actor Steps = 870700 | Delta Dist = 2.664 | Delta Dist 10 = 4.325 | Delta Dist 100 = 3.927 | Delta Dist 1000 = 4.260 | Episode Length = 50 | Episode Return = 45.0 | Evaluator Episodes = 4401 | Evaluator Steps = 220050 | Final Dist = 0.498 | Final Dist 10 = 1.185 | Final Dist 100 = 1.760 | Final Dist 1000 = 1.556 | Init Dist = 3.162 | Init Dist 10 = 5.510 | Init Dist 100 = 5.687 | Init Dist 1000 = 5.815 | Learner Steps = 13447 | Learner Walltime = 2648.022 | Min Dist = 0.106 | Min Dist 10 = 0.121 | Min Dist 100 = 0.242 | Min Dist 1000 = 0.226 | Steps Per Second = 83.891 | Success = 1.000 | Success 1000 = 0.985
I0502 15:50:24.534004 139579566835264 terminal.py:91] [Evaluator] Actor Episodes = 17414 | Actor Steps = 870700 | Delta Dist = 12.664 | Delta Dist 10 = 11.608 | Delta Dist 100 = 10.652 | Delta Dist 1000 = 10.748 | Episode Length = 50 | Episode Return = 22.0 | Evaluator Episodes = 4403 | Evaluator Steps = 220150 | Final Dist = 0.142 | Final Dist 10 = 1.198 | Final Dist 100 = 2.155 | Final Dist 1000 = 2.058 | Init Dist = 12.806 | Init Dist 10 = 12.806 | Init Dist 100 = 12.806 | Init Dist 1000 = 12.806 | Learner Steps = 13447 | Learner Walltime = 2648.022 | Min Dist = 0.142 | Min Dist 10 = 0.290 | Min Dist 100 = 1.391 | Min Dist 1000 = 1.345 | Steps Per Second = 90.393 | Success = 1.000 | Success 1000 = 0.840
I0502 15:50:25.754538 139579566835264 terminal.py:91] [Evaluator] Actor Episodes = 17422 | Actor Steps = 871100 | Delta Dist = 11.472 | Delta Dist 10 = 11.678 | Delta Dist 100 = 10.721 | Delta Dist 1000 = 10.749 | Episode Length = 50 | Episode Return = 1.0 | Evaluator Episodes = 4405 | Evaluator Steps = 220250 | Final Dist = 1.334 | Final Dist 10 = 1.128 | Final Dist 100 = 2.085 | Final Dist 1000 = 2.057 | Init Dist = 12.806 | Init Dist 10 = 12.806 | Init Dist 100 = 12.806 | Init Dist 1000 = 12.806 | Learner Steps = 13454 | Learner Walltime = 2649.255 | Min Dist = 0.283 | Min Dist 10 = 0.216 | Min Dist 100 = 1.330 | Min Dist 1000 = 1.345 | Steps Per Second = 88.834 | Success = 1.000 | Success 1000 = 0.840
I0502 15:50:26.765261 139555860620864 terminal.py:91] [Actor] Actor Episodes = 17428 | Actor Steps = 871400 | Delta Dist = 4.830 | Delta Dist 10 = 5.860 | Delta Dist 100 = 3.857 | Delta Dist 1000 = 4.281 | Episode Length = 50 | Episode Return = 18.0 | Evaluator Episodes = 4405 | Evaluator Steps = 220250 | Final Dist = 3.232 | Final Dist 10 = 0.532 | Final Dist 100 = 1.762 | Final Dist 1000 = 1.546 | Init Dist = 8.062 | Init Dist 10 = 6.392 | Init Dist 100 = 5.619 | Init Dist 1000 = 5.827 | Learner Steps = 13460 | Learner Walltime = 2650.491 | Min Dist = 0.002 | Min Dist 10 = 0.086 | Min Dist 100 = 0.272 | Min Dist 1000 = 0.228 | Steps Per Second = 83.952 | Success = 1.000 | Success 1000 = 0.985
I0502 15:50:26.998573 139579566835264 terminal.py:91] [Evaluator] Actor Episodes = 17430 | Actor Steps = 871500 | Delta Dist = 11.647 | Delta Dist 10 = 11.699 | Delta Dist 100 = 10.717 | Delta Dist 1000 = 10.750 | Episode Length = 50 | Episode Return = 15.0 | Evaluator Episodes = 4407 | Evaluator Steps = 220350 | Final Dist = 1.159 | Final Dist 10 = 1.108 | Final Dist 100 = 2.089 | Final Dist 1000 = 2.057 | Init Dist = 12.806 | Init Dist 10 = 12.806 | Init Dist 100 = 12.806 | Init Dist 1000 = 12.806 | Learner Steps = 13460 | Learner Walltime = 2650.491 | Min Dist = 0.156 | Min Dist 10 = 0.179 | Min Dist 100 = 1.331 | Min Dist 1000 = 1.345 | Steps Per Second = 78.084 | Success = 1.000 | Success 1000 = 0.840
I0502 15:50:28.055340 139555013154368 terminal.py:91] [Learner] Actor Episodes = 17434 | Actor Loss = 3.549473285675049 | Actor Steps = 871700 | Binary Accuracy = 0.9960854053497314 | Categorical Accuracy = 0.425048828125 | Critic Loss = 1.8971292972564697 | Entropy Mean = -17.981033325195312 | Evaluator Episodes = 4407 | Evaluator Steps = 220350 | Learner Steps = 13468 | Learner Walltime = 2652.252 | Logits Neg = -15.966422080993652 | Logits Pos = -1.8712148666381836 | Logsumexp = 1.2050979137420654 | Steps Per Second = 147.783
I0502 15:50:28.388982 139579566835264 terminal.py:91] [Evaluator] Actor Episodes = 17438 | Actor Steps = 871900 | Delta Dist = 11.649 | Delta Dist 10 = 11.755 | Delta Dist 100 = 10.713 | Delta Dist 1000 = 10.753 | Episode Length = 50 | Episode Return = 19.0 | Evaluator Episodes = 4409 | Evaluator Steps = 220450 | Final Dist = 1.157 | Final Dist 10 = 1.051 | Final Dist 100 = 2.093 | Final Dist 1000 = 2.053 | Init Dist = 12.806 | Init Dist 10 = 12.806 | Init Dist 100 = 12.806 | Init Dist 1000 = 12.806 | Learner Steps = 13466 | Learner Walltime = 2651.746 | Min Dist = 0.243 | Min Dist 10 = 0.205 | Min Dist 100 = 1.336 | Min Dist 1000 = 1.341 | Steps Per Second = 70.264 | Success = 1.000 | Success 1000 = 0.841
I0502 15:50:28.823803 139557462840896 terminal.py:91] [Actor] Actor Episodes = 17440 | Actor Steps = 872000 | Delta Dist = 2.363 | Delta Dist 10 = 3.354 | Delta Dist 100 = 3.882 | Delta Dist 1000 = 4.291 | Episode Length = 50 | Episode Return = 44.0 | Evaluator Episodes = 4409 | Evaluator Steps = 220450 | Final Dist = 0.637 | Final Dist 10 = 0.985 | Final Dist 100 = 1.704 | Final Dist 1000 = 1.522 | Init Dist = 3.000 | Init Dist 10 = 4.339 | Init Dist 100 = 5.586 | Init Dist 1000 = 5.813 | Learner Steps = 13466 | Learner Walltime = 2651.746 | Min Dist = 0.021 | Min Dist 10 = 0.165 | Min Dist 100 = 0.285 | Min Dist 1000 = 0.224 | Steps Per Second = 60.617 | Success = 1.000 | Success 1000 = 0.985
I0502 15:50:29.537499 139584504182336 lp_utils.py:96] StepsLimiter: Reached 872300 recorded steps
I0502 15:50:29.791519 139579566835264 terminal.py:91] [Evaluator] Actor Episodes = 17446 | Actor Steps = 872300 | Delta Dist = 11.435 | Delta Dist 10 = 11.881 | Delta Dist 100 = 10.707 | Delta Dist 1000 = 10.753 | Episode Length = 50 | Episode Return = 2.0 | Evaluator Episodes = 4411 | Evaluator Steps = 220550 | Final Dist = 1.371 | Final Dist 10 = 0.926 | Final Dist 100 = 2.099 | Final Dist 1000 = 2.053 | Init Dist = 12.806 | Init Dist 10 = 12.806 | Init Dist 100 = 12.806 | Init Dist 1000 = 12.806 | Learner Steps = 13472 | Learner Walltime = 2653.073 | Min Dist = 0.660 | Min Dist 10 = 0.198 | Min Dist 100 = 1.335 | Min Dist 1000 = 1.341 | Steps Per Second = 75.656 | Success = 1.000 | Success 1000 = 0.841
I0502 15:50:31.076850 139579566835264 terminal.py:91] [Evaluator] Actor Episodes = 17454 | Actor Steps = 872700 | Delta Dist = 11.458 | Delta Dist 10 = 11.737 | Delta Dist 100 = 10.699 | Delta Dist 1000 = 10.753 | Episode Length = 50 | Episode Return = 15.0 | Evaluator Episodes = 4413 | Evaluator Steps = 220650 | Final Dist = 1.348 | Final Dist 10 = 1.070 | Final Dist 100 = 2.107 | Final Dist 1000 = 2.053 | Init Dist = 12.806 | Init Dist 10 = 12.806 | Init Dist 100 = 12.806 | Init Dist 1000 = 12.806 | Learner Steps = 13478 | Learner Walltime = 2654.422 | Min Dist = 0.528 | Min Dist 10 = 0.259 | Min Dist 100 = 1.338 | Min Dist 1000 = 1.341 | Steps Per Second = 81.636 | Success = 1.000 | Success 1000 = 0.841
I0502 15:50:32.320844 139579566835264 terminal.py:91] [Evaluator] Actor Episodes = 17462 | Actor Steps = 873100 | Delta Dist = 11.945 | Delta Dist 10 = 11.663 | Delta Dist 100 = 10.697 | Delta Dist 1000 = 10.753 | Episode Length = 50 | Episode Return = 21.0 | Evaluator Episodes = 4415 | Evaluator Steps = 220750 | Final Dist = 0.861 | Final Dist 10 = 1.143 | Final Dist 100 = 2.109 | Final Dist 1000 = 2.053 | Init Dist = 12.806 | Init Dist 10 = 12.806 | Init Dist 100 = 12.806 | Init Dist 1000 = 12.806 | Learner Steps = 13489 | Learner Walltime = 2656.436 | Min Dist = 0.058 | Min Dist 10 = 0.319 | Min Dist 100 = 1.339 | Min Dist 1000 = 1.341 | Steps Per Second = 70.852 | Success = 1.000 | Success 1000 = 0.841
I0502 15:50:33.604355 139579566835264 terminal.py:91] [Evaluator] Actor Episodes = 17470 | Actor Steps = 873500 | Delta Dist = 12.583 | Delta Dist 10 = 11.773 | Delta Dist 100 = 10.774 | Delta Dist 1000 = 10.757 | Episode Length = 50 | Episode Return = 12.0 | Evaluator Episodes = 4417 | Evaluator Steps = 220850 | Final Dist = 0.223 | Final Dist 10 = 1.033 | Final Dist 100 = 2.032 | Final Dist 1000 = 2.050 | Init Dist = 12.806 | Init Dist 10 = 12.806 | Init Dist 100 = 12.806 | Init Dist 1000 = 12.806 | Learner Steps = 13494 | Learner Walltime = 2657.461 | Min Dist = 0.129 | Min Dist 10 = 0.302 | Min Dist 100 = 1.264 | Min Dist 1000 = 1.337 | Steps Per Second = 76.833 | Success = 1.000 | Success 1000 = 0.842
I0502 15:50:34.629502 139558059398720 terminal.py:91] [Actor] Actor Episodes = 17478 | Actor Steps = 873900 | Delta Dist = 1.802 | Delta Dist 10 = 3.886 | Delta Dist 100 = 4.072 | Delta Dist 1000 = 4.274 | Episode Length = 50 | Episode Return = 39.0 | Evaluator Episodes = 4417 | Evaluator Steps = 220850 | Final Dist = 0.198 | Final Dist 10 = 0.929 | Final Dist 100 = 1.425 | Final Dist 1000 = 1.510 | Init Dist = 2.000 | Init Dist 10 = 4.815 | Init Dist 100 = 5.497 | Init Dist 1000 = 5.784 | Learner Steps = 13499 | Learner Walltime = 2658.587 | Min Dist = 0.090 | Min Dist 10 = 0.060 | Min Dist 100 = 0.272 | Min Dist 1000 = 0.217 | Steps Per Second = 78.255 | Success = 1.000 | Success 1000 = 0.985
I0502 15:50:34.759197 139579566835264 terminal.py:91] [Evaluator] Actor Episodes = 17478 | Actor Steps = 873900 | Delta Dist = 11.726 | Delta Dist 10 = 11.870 | Delta Dist 100 = 10.846 | Delta Dist 1000 = 10.758 | Episode Length = 50 | Episode Return = 8.0 | Evaluator Episodes = 4419 | Evaluator Steps = 220950 | Final Dist = 1.081 | Final Dist 10 = 0.936 | Final Dist 100 = 1.961 | Final Dist 1000 = 2.048 | Init Dist = 12.806 | Init Dist 10 = 12.806 | Init Dist 100 = 12.806 | Init Dist 1000 = 12.806 | Learner Steps = 13499 | Learner Walltime = 2658.587 | Min Dist = 0.073 | Min Dist 10 = 0.252 | Min Dist 100 = 1.202 | Min Dist 1000 = 1.336 | Steps Per Second = 89.204 | Success = 1.000 | Success 1000 = 0.842
I0502 15:50:34.898890 139569349502528 terminal.py:91] [Actor] Actor Episodes = 17475 | Actor Steps = 873750 | Delta Dist = 10.405 | Delta Dist 10 = 3.518 | Delta Dist 100 = 4.044 | Delta Dist 1000 = 4.269 | Episode Length = 50 | Episode Return = 39.0 | Evaluator Episodes = 4417 | Evaluator Steps = 220850 | Final Dist = 0.365 | Final Dist 10 = 0.987 | Final Dist 100 = 1.370 | Final Dist 1000 = 1.510 | Init Dist = 10.770 | Init Dist 10 = 4.505 | Init Dist 100 = 5.414 | Init Dist 1000 = 5.779 | Learner Steps = 13494 | Learner Walltime = 2657.461 | Min Dist = 0.040 | Min Dist 10 = 0.064 | Min Dist 100 = 0.272 | Min Dist 1000 = 0.217 | Steps Per Second = 80.503 | Success = 1.000 | Success 1000 = 0.985
I0502 15:50:35.858182 139579566835264 terminal.py:91] [Evaluator] Actor Episodes = 17486 | Actor Steps = 874300 | Delta Dist = 11.676 | Delta Dist 10 = 11.816 | Delta Dist 100 = 10.976 | Delta Dist 1000 = 10.767 | Episode Length = 50 | Episode Return = 2.0 | Evaluator Episodes = 4421 | Evaluator Steps = 221050 | Final Dist = 1.130 | Final Dist 10 = 0.990 | Final Dist 100 = 1.830 | Final Dist 1000 = 2.039 | Init Dist = 12.806 | Init Dist 10 = 12.806 | Init Dist 100 = 12.806 | Init Dist 1000 = 12.806 | Learner Steps = 13505 | Learner Walltime = 2659.826 | Min Dist = 0.606 | Min Dist 10 = 0.300 | Min Dist 100 = 1.069 | Min Dist 1000 = 1.326 | Steps Per Second = 91.396 | Success = 1.000 | Success 1000 = 0.843
I0502 15:50:36.985412 139555860620864 terminal.py:91] [Actor] Actor Episodes = 17494 | Actor Steps = 874700 | Delta Dist = 7.544 | Delta Dist 10 = 4.950 | Delta Dist 100 = 4.085 | Delta Dist 1000 = 4.299 | Episode Length = 50 | Episode Return = 39.0 | Evaluator Episodes = 4421 | Evaluator Steps = 221050 | Final Dist = 1.000 | Final Dist 10 = 2.037 | Final Dist 100 = 1.424 | Final Dist 1000 = 1.492 | Init Dist = 8.544 | Init Dist 10 = 6.987 | Init Dist 100 = 5.509 | Init Dist 1000 = 5.791 | Learner Steps = 13511 | Learner Walltime = 2660.997 | Min Dist = 0.094 | Min Dist 10 = 0.085 | Min Dist 100 = 0.288 | Min Dist 1000 = 0.210 | Steps Per Second = 85.646 | Success = 1.000 | Success 1000 = 0.986
I0502 15:50:37.059077 139579566835264 terminal.py:91] [Evaluator] Actor Episodes = 17494 | Actor Steps = 874700 | Delta Dist = 11.404 | Delta Dist 10 = 11.803 | Delta Dist 100 = 10.979 | Delta Dist 1000 = 10.772 | Episode Length = 50 | Episode Return = 19.0 | Evaluator Episodes = 4423 | Evaluator Steps = 221150 | Final Dist = 1.403 | Final Dist 10 = 1.003 | Final Dist 100 = 1.828 | Final Dist 1000 = 2.034 | Init Dist = 12.806 | Init Dist 10 = 12.806 | Init Dist 100 = 12.806 | Init Dist 1000 = 12.806 | Learner Steps = 13511 | Learner Walltime = 2660.997 | Min Dist = 0.125 | Min Dist 10 = 0.311 | Min Dist 100 = 1.078 | Min Dist 1000 = 1.321 | Steps Per Second = 86.399 | Success = 1.000 | Success 1000 = 0.844
I0502 15:50:38.123883 139555013154368 terminal.py:91] [Learner] Actor Episodes = 17502 | Actor Loss = 3.5403342247009277 | Actor Steps = 875100 | Binary Accuracy = 0.9960286617279053 | Categorical Accuracy = 0.4285888671875 | Critic Loss = 1.8917598724365234 | Entropy Mean = -19.566076278686523 | Evaluator Episodes = 4423 | Evaluator Steps = 221150 | Learner Steps = 13518 | Learner Walltime = 2662.310 | Logits Neg = -16.010391235351562 | Logits Pos = -1.8649603128433228 | Logsumexp = 1.3114349842071533 | Steps Per Second = 147.969
I0502 15:50:38.272168 139579566835264 terminal.py:91] [Evaluator] Actor Episodes = 17502 | Actor Steps = 875100 | Delta Dist = 12.001 | Delta Dist 10 = 11.833 | Delta Dist 100 = 11.174 | Delta Dist 1000 = 10.782 | Episode Length = 50 | Episode Return = 15.0 | Evaluator Episodes = 4425 | Evaluator Steps = 221250 | Final Dist = 0.806 | Final Dist 10 = 0.973 | Final Dist 100 = 1.632 | Final Dist 1000 = 2.024 | Init Dist = 12.806 | Init Dist 10 = 12.806 | Init Dist 100 = 12.806 | Init Dist 1000 = 12.806 | Learner Steps = 13518 | Learner Walltime = 2662.310 | Min Dist = 0.231 | Min Dist 10 = 0.259 | Min Dist 100 = 0.874 | Min Dist 1000 = 1.310 | Steps Per Second = 79.855 | Success = 1.000 | Success 1000 = 0.845
I0502 15:50:39.359029 139557462840896 terminal.py:91] [Actor] Actor Episodes = 17505 | Actor Steps = 875250 | Delta Dist = 8.655 | Delta Dist 10 = 3.100 | Delta Dist 100 = 3.917 | Delta Dist 1000 = 4.305 | Episode Length = 50 | Episode Return = 16.0 | Evaluator Episodes = 4425 | Evaluator Steps = 221250 | Final Dist = 0.401 | Final Dist 10 = 2.419 | Final Dist 100 = 1.454 | Final Dist 1000 = 1.488 | Init Dist = 9.055 | Init Dist 10 = 5.519 | Init Dist 100 = 5.371 | Init Dist 1000 = 5.793 | Learner Steps = 13518 | Learner Walltime = 2662.310 | Min Dist = 0.401 | Min Dist 10 = 0.962 | Min Dist 100 = 0.334 | Min Dist 1000 = 0.219 | Steps Per Second = 79.178 | Success = 1.000 | Success 1000 = 0.987
I0502 15:50:39.367058 139579566835264 terminal.py:91] [Evaluator] Actor Episodes = 17510 | Actor Steps = 875500 | Delta Dist = 11.475 | Delta Dist 10 = 11.734 | Delta Dist 100 = 11.175 | Delta Dist 1000 = 10.782 | Episode Length = 50 | Episode Return = 7.0 | Evaluator Episodes = 4427 | Evaluator Steps = 221350 | Final Dist = 1.332 | Final Dist 10 = 1.072 | Final Dist 100 = 1.631 | Final Dist 1000 = 2.024 | Init Dist = 12.806 | Init Dist 10 = 12.806 | Init Dist 100 = 12.806 | Init Dist 1000 = 12.806 | Learner Steps = 13525 | Learner Walltime = 2663.534 | Min Dist = 0.355 | Min Dist 10 = 0.286 | Min Dist 100 = 0.875 | Min Dist 1000 = 1.310 | Steps Per Second = 95.440 | Success = 1.000 | Success 1000 = 0.845
I0502 15:50:39.554970 139584504182336 lp_utils.py:96] StepsLimiter: Reached 875500 recorded steps
I0502 15:50:40.541249 139579566835264 terminal.py:91] [Evaluator] Actor Episodes = 17514 | Actor Steps = 875700 | Delta Dist = 11.881 | Delta Dist 10 = 11.626 | Delta Dist 100 = 11.162 | Delta Dist 1000 = 10.783 | Episode Length = 50 | Episode Return = 16.0 | Evaluator Episodes = 4429 | Evaluator Steps = 221450 | Final Dist = 0.925 | Final Dist 10 = 1.181 | Final Dist 100 = 1.644 | Final Dist 1000 = 2.023 | Init Dist = 12.806 | Init Dist 10 = 12.806 | Init Dist 100 = 12.806 | Init Dist 1000 = 12.806 | Learner Steps = 13525 | Learner Walltime = 2663.534 | Min Dist = 0.146 | Min Dist 10 = 0.310 | Min Dist 100 = 0.876 | Min Dist 1000 = 1.307 | Steps Per Second = 86.071 | Success = 1.000 | Success 1000 = 0.846
I0502 15:50:41.820158 139579566835264 terminal.py:91] [Evaluator] Actor Episodes = 17520 | Actor Steps = 876000 | Delta Dist = 11.664 | Delta Dist 10 = 11.656 | Delta Dist 100 = 11.216 | Delta Dist 1000 = 10.788 | Episode Length = 50 | Episode Return = 8.0 | Evaluator Episodes = 4431 | Evaluator Steps = 221550 | Final Dist = 1.142 | Final Dist 10 = 1.150 | Final Dist 100 = 1.590 | Final Dist 1000 = 2.018 | Init Dist = 12.806 | Init Dist 10 = 12.806 | Init Dist 100 = 12.806 | Init Dist 1000 = 12.806 | Learner Steps = 13531 | Learner Walltime = 2664.921 | Min Dist = 0.340 | Min Dist 10 = 0.246 | Min Dist 100 = 0.818 | Min Dist 1000 = 1.300 | Steps Per Second = 80.102 | Success = 1.000 | Success 1000 = 0.847
I0502 15:50:43.054050 139579566835264 terminal.py:91] [Evaluator] Actor Episodes = 17528 | Actor Steps = 876400 | Delta Dist = 11.741 | Delta Dist 10 = 11.761 | Delta Dist 100 = 11.215 | Delta Dist 1000 = 10.789 | Episode Length = 50 | Episode Return = 7.0 | Evaluator Episodes = 4433 | Evaluator Steps = 221650 | Final Dist = 1.066 | Final Dist 10 = 1.045 | Final Dist 100 = 1.591 | Final Dist 1000 = 2.018 | Init Dist = 12.806 | Init Dist 10 = 12.806 | Init Dist 100 = 12.806 | Init Dist 1000 = 12.806 | Learner Steps = 13536 | Learner Walltime = 2666.223 | Min Dist = 0.042 | Min Dist 10 = 0.185 | Min Dist 100 = 0.812 | Min Dist 1000 = 1.301 | Steps Per Second = 88.089 | Success = 1.000 | Success 1000 = 0.847
I0502 15:50:44.295058 139579566835264 terminal.py:91] [Evaluator] Actor Episodes = 17536 | Actor Steps = 876800 | Delta Dist = 12.299 | Delta Dist 10 = 11.767 | Delta Dist 100 = 11.217 | Delta Dist 1000 = 10.788 | Episode Length = 50 | Episode Return = 23.0 | Evaluator Episodes = 4435 | Evaluator Steps = 221750 | Final Dist = 0.507 | Final Dist 10 = 1.039 | Final Dist 100 = 1.589 | Final Dist 1000 = 2.018 | Init Dist = 12.806 | Init Dist 10 = 12.806 | Init Dist 100 = 12.806 | Init Dist 1000 = 12.806 | Learner Steps = 13543 | Learner Walltime = 2667.470 | Min Dist = 0.241 | Min Dist 10 = 0.173 | Min Dist 100 = 0.802 | Min Dist 1000 = 1.300 | Steps Per Second = 81.573 | Success = 1.000 | Success 1000 = 0.847
I0502 15:50:45.087537 139569349502528 terminal.py:91] [Actor] Actor Episodes = 17539 | Actor Steps = 876950 | Delta Dist = 9.767 | Delta Dist 10 = 3.434 | Delta Dist 100 = 3.639 | Delta Dist 1000 = 4.251 | Episode Length = 50 | Episode Return = 40.0 | Evaluator Episodes = 4435 | Evaluator Steps = 221750 | Final Dist = 0.082 | Final Dist 10 = 1.859 | Final Dist 100 = 2.146 | Final Dist 1000 = 1.549 | Init Dist = 9.849 | Init Dist 10 = 5.293 | Init Dist 100 = 5.784 | Init Dist 1000 = 5.800 | Learner Steps = 13543 | Learner Walltime = 2667.470 | Min Dist = 0.008 | Min Dist 10 = 0.151 | Min Dist 100 = 0.517 | Min Dist 1000 = 0.240 | Steps Per Second = 79.899 | Success = 1.000 | Success 1000 = 0.985
I0502 15:50:45.175967 139558059398720 terminal.py:91] [Actor] Actor Episodes = 17541 | Actor Steps = 877050 | Delta Dist = 8.533 | Delta Dist 10 = 3.667 | Delta Dist 100 = 3.710 | Delta Dist 1000 = 4.250 | Episode Length = 50 | Episode Return = 43.0 | Evaluator Episodes = 4435 | Evaluator Steps = 221750 | Final Dist = 0.687 | Final Dist 10 = 1.495 | Final Dist 100 = 2.144 | Final Dist 1000 = 1.549 | Init Dist = 9.220 | Init Dist 10 = 5.162 | Init Dist 100 = 5.853 | Init Dist 1000 = 5.799 | Learner Steps = 13543 | Learner Walltime = 2667.470 | Min Dist = 0.687 | Min Dist 10 = 0.108 | Min Dist 100 = 0.516 | Min Dist 1000 = 0.240 | Steps Per Second = 75.627 | Success = 1.000 | Success 1000 = 0.985
I0502 15:50:45.557659 139579566835264 terminal.py:91] [Evaluator] Actor Episodes = 17544 | Actor Steps = 877200 | Delta Dist = 11.246 | Delta Dist 10 = 11.868 | Delta Dist 100 = 11.221 | Delta Dist 1000 = 10.810 | Episode Length = 50 | Episode Return = 1.0 | Evaluator Episodes = 4437 | Evaluator Steps = 221850 | Final Dist = 1.560 | Final Dist 10 = 0.939 | Final Dist 100 = 1.586 | Final Dist 1000 = 1.996 | Init Dist = 12.806 | Init Dist 10 = 12.806 | Init Dist 100 = 12.806 | Init Dist 1000 = 12.806 | Learner Steps = 13550 | Learner Walltime = 2668.793 | Min Dist = 0.603 | Min Dist 10 = 0.161 | Min Dist 100 = 0.803 | Min Dist 1000 = 1.279 | Steps Per Second = 74.876 | Success = 1.000 | Success 1000 = 0.849
I0502 15:50:46.493289 139583350109760 savers.py:156] Saving checkpoint: logs/contrastive_cpc_point_FourRooms_64/5dd72662-2788-11f0-b183-d85ed38c5779/checkpoints/learner
I0502 15:50:46.807498 139579566835264 terminal.py:91] [Evaluator] Actor Episodes = 17552 | Actor Steps = 877600 | Delta Dist = 12.181 | Delta Dist 10 = 11.877 | Delta Dist 100 = 11.293 | Delta Dist 1000 = 10.821 | Episode Length = 50 | Episode Return = 21.0 | Evaluator Episodes = 4439 | Evaluator Steps = 221950 | Final Dist = 0.625 | Final Dist 10 = 0.929 | Final Dist 100 = 1.513 | Final Dist 1000 = 1.986 | Init Dist = 12.806 | Init Dist 10 = 12.806 | Init Dist 100 = 12.806 | Init Dist 1000 = 12.806 | Learner Steps = 13555 | Learner Walltime = 2670.087 | Min Dist = 0.060 | Min Dist 10 = 0.259 | Min Dist 100 = 0.746 | Min Dist 1000 = 1.270 | Steps Per Second = 80.982 | Success = 1.000 | Success 1000 = 0.850
I0502 15:50:47.146520 139555860620864 terminal.py:91] [Actor] Actor Episodes = 17558 | Actor Steps = 877900 | Delta Dist = 7.442 | Delta Dist 10 = 4.212 | Delta Dist 100 = 3.763 | Delta Dist 1000 = 4.241 | Episode Length = 50 | Episode Return = 33.0 | Evaluator Episodes = 4439 | Evaluator Steps = 221950 | Final Dist = 0.558 | Final Dist 10 = 1.344 | Final Dist 100 = 2.098 | Final Dist 1000 = 1.549 | Init Dist = 8.000 | Init Dist 10 = 5.556 | Init Dist 100 = 5.861 | Init Dist 1000 = 5.790 | Learner Steps = 13555 | Learner Walltime = 2670.087 | Min Dist = 0.078 | Min Dist 10 = 0.184 | Min Dist 100 = 0.531 | Min Dist 1000 = 0.241 | Steps Per Second = 76.918 | Success = 1.000 | Success 1000 = 0.985
I0502 15:50:47.178690 139584635659840 savers.py:156] Saving checkpoint: logs/contrastive_cpc_point_FourRooms_64/5dd72662-2788-11f0-b183-d85ed38c5779/checkpoints/counter
I0502 15:50:48.015081 139579566835264 terminal.py:91] [Evaluator] Actor Episodes = 17560 | Actor Steps = 878000 | Delta Dist = 11.687 | Delta Dist 10 = 11.961 | Delta Dist 100 = 11.296 | Delta Dist 1000 = 10.822 | Episode Length = 50 | Episode Return = 14.0 | Evaluator Episodes = 4441 | Evaluator Steps = 222050 | Final Dist = 1.120 | Final Dist 10 = 0.845 | Final Dist 100 = 1.511 | Final Dist 1000 = 1.984 | Init Dist = 12.806 | Init Dist 10 = 12.806 | Init Dist 100 = 12.806 | Init Dist 1000 = 12.806 | Learner Steps = 13559 | Learner Walltime = 2671.605 | Min Dist = 0.167 | Min Dist 10 = 0.322 | Min Dist 100 = 0.752 | Min Dist 1000 = 1.271 | Steps Per Second = 84.430 | Success = 1.000 | Success 1000 = 0.850
I0502 15:50:48.443352 139555013154368 terminal.py:91] [Learner] Actor Episodes = 17564 | Actor Loss = 3.5025634765625 | Actor Steps = 878200 | Binary Accuracy = 0.9960575103759766 | Categorical Accuracy = 0.42901611328125 | Critic Loss = 1.894073486328125 | Entropy Mean = -18.78470802307129 | Evaluator Episodes = 4441 | Evaluator Steps = 222050 | Learner Steps = 13568 | Learner Walltime = 2672.638 | Logits Neg = -15.890885353088379 | Logits Pos = -1.9031931161880493 | Logsumexp = 1.2181671857833862 | Steps Per Second = 165.181
I0502 15:50:49.210058 139579566835264 terminal.py:91] [Evaluator] Actor Episodes = 17568 | Actor Steps = 878400 | Delta Dist = 5.236 | Delta Dist 10 = 11.865 | Delta Dist 100 = 11.284 | Delta Dist 1000 = 10.822 | Episode Length = 50 | Episode Return = 0.0 | Evaluator Episodes = 4443 | Evaluator Steps = 222150 | Final Dist = 7.570 | Final Dist 10 = 0.941 | Final Dist 100 = 1.522 | Final Dist 1000 = 1.985 | Init Dist = 12.806 | Init Dist 10 = 12.806 | Init Dist 100 = 12.806 | Init Dist 1000 = 12.806 | Learner Steps = 13568 | Learner Walltime = 2672.638 | Min Dist = 6.162 | Min Dist 10 = 0.312 | Min Dist 100 = 0.754 | Min Dist 1000 = 1.271 | Steps Per Second = 80.129 | Success = 0.000 | Success 1000 = 0.850
I0502 15:50:49.579308 139584504182336 lp_utils.py:96] StepsLimiter: Reached 878600 recorded steps
I0502 15:50:49.706491 139557462840896 terminal.py:91] [Actor] Actor Episodes = 17569 | Actor Steps = 878450 | Delta Dist = 6.275 | Delta Dist 10 = 4.672 | Delta Dist 100 = 3.826 | Delta Dist 1000 = 4.226 | Episode Length = 50 | Episode Return = 29.0 | Evaluator Episodes = 4441 | Evaluator Steps = 222050 | Final Dist = 0.433 | Final Dist 10 = 1.583 | Final Dist 100 = 2.153 | Final Dist 1000 = 1.569 | Init Dist = 6.708 | Init Dist 10 = 6.254 | Init Dist 100 = 5.979 | Init Dist 1000 = 5.794 | Learner Steps = 13568 | Learner Walltime = 2672.638 | Min Dist = 0.417 | Min Dist 10 = 0.185 | Min Dist 100 = 0.452 | Min Dist 1000 = 0.242 | Steps Per Second = 81.487 | Success = 1.000 | Success 1000 = 0.985
I0502 15:50:50.413683 139579566835264 terminal.py:91] [Evaluator] Actor Episodes = 17576 | Actor Steps = 878800 | Delta Dist = 11.485 | Delta Dist 10 = 11.237 | Delta Dist 100 = 11.299 | Delta Dist 1000 = 10.815 | Episode Length = 50 | Episode Return = 13.0 | Evaluator Episodes = 4445 | Evaluator Steps = 222250 | Final Dist = 1.321 | Final Dist 10 = 1.569 | Final Dist 100 = 1.507 | Final Dist 1000 = 1.991 | Init Dist = 12.806 | Init Dist 10 = 12.806 | Init Dist 100 = 12.806 | Init Dist 1000 = 12.806 | Learner Steps = 13575 | Learner Walltime = 2673.856 | Min Dist = 0.153 | Min Dist 10 = 0.930 | Min Dist 100 = 0.747 | Min Dist 1000 = 1.277 | Steps Per Second = 80.957 | Success = 1.000 | Success 1000 = 0.849
I0502 15:50:51.594683 139579566835264 terminal.py:91] [Evaluator] Actor Episodes = 17584 | Actor Steps = 879200 | Delta Dist = 11.536 | Delta Dist 10 = 11.099 | Delta Dist 100 = 11.292 | Delta Dist 1000 = 10.815 | Episode Length = 50 | Episode Return = 15.0 | Evaluator Episodes = 4447 | Evaluator Steps = 222350 | Final Dist = 1.270 | Final Dist 10 = 1.707 | Final Dist 100 = 1.514 | Final Dist 1000 = 1.992 | Init Dist = 12.806 | Init Dist 10 = 12.806 | Init Dist 100 = 12.806 | Init Dist 1000 = 12.806 | Learner Steps = 13581 | Learner Walltime = 2674.976 | Min Dist = 0.063 | Min Dist 10 = 0.932 | Min Dist 100 = 0.750 | Min Dist 1000 = 1.277 | Steps Per Second = 88.207 | Success = 1.000 | Success 1000 = 0.849
I0502 15:50:52.781985 139579566835264 terminal.py:91] [Evaluator] Actor Episodes = 17590 | Actor Steps = 879500 | Delta Dist = 12.546 | Delta Dist 10 = 11.086 | Delta Dist 100 = 11.289 | Delta Dist 1000 = 10.824 | Episode Length = 50 | Episode Return = 10.0 | Evaluator Episodes = 4449 | Evaluator Steps = 222450 | Final Dist = 0.261 | Final Dist 10 = 1.721 | Final Dist 100 = 1.518 | Final Dist 1000 = 1.982 | Init Dist = 12.806 | Init Dist 10 = 12.806 | Init Dist 100 = 12.806 | Init Dist 1000 = 12.806 | Learner Steps = 13587 | Learner Walltime = 2676.108 | Min Dist = 0.250 | Min Dist 10 = 0.885 | Min Dist 100 = 0.757 | Min Dist 1000 = 1.265 | Steps Per Second = 90.468 | Success = 1.000 | Success 1000 = 0.851
I0502 15:50:54.027290 139579566835264 terminal.py:91] [Evaluator] Actor Episodes = 17600 | Actor Steps = 880000 | Delta Dist = 11.419 | Delta Dist 10 = 11.028 | Delta Dist 100 = 11.366 | Delta Dist 1000 = 10.823 | Episode Length = 50 | Episode Return = 12.0 | Evaluator Episodes = 4451 | Evaluator Steps = 222550 | Final Dist = 1.387 | Final Dist 10 = 1.778 | Final Dist 100 = 1.440 | Final Dist 1000 = 1.983 | Init Dist = 12.806 | Init Dist 10 = 12.806 | Init Dist 100 = 12.806 | Init Dist 1000 = 12.806 | Learner Steps = 13592 | Learner Walltime = 2677.120 | Min Dist = 0.110 | Min Dist 10 = 0.936 | Min Dist 100 = 0.698 | Min Dist 1000 = 1.266 | Steps Per Second = 74.962 | Success = 1.000 | Success 1000 = 0.850
I0502 15:50:55.209413 139579566835264 terminal.py:91] [Evaluator] Actor Episodes = 17608 | Actor Steps = 880400 | Delta Dist = 5.333 | Delta Dist 10 = 11.018 | Delta Dist 100 = 11.348 | Delta Dist 1000 = 10.825 | Episode Length = 50 | Episode Return = 0.0 | Evaluator Episodes = 4453 | Evaluator Steps = 222650 | Final Dist = 7.473 | Final Dist 10 = 1.788 | Final Dist 100 = 1.458 | Final Dist 1000 = 1.981 | Init Dist = 12.806 | Init Dist 10 = 12.806 | Init Dist 100 = 12.806 | Init Dist 1000 = 12.806 | Learner Steps = 13603 | Learner Walltime = 2679.305 | Min Dist = 6.988 | Min Dist 10 = 0.927 | Min Dist 100 = 0.697 | Min Dist 1000 = 1.263 | Steps Per Second = 79.899 | Success = 0.000 | Success 1000 = 0.851
I0502 15:50:55.622746 139569349502528 terminal.py:91] [Actor] Actor Episodes = 17610 | Actor Steps = 880500 | Delta Dist = 8.827 | Delta Dist 10 = 2.847 | Delta Dist 100 = 3.694 | Delta Dist 1000 = 4.210 | Episode Length = 50 | Episode Return = 25.0 | Evaluator Episodes = 4453 | Evaluator Steps = 222650 | Final Dist = 0.393 | Final Dist 10 = 1.554 | Final Dist 100 = 2.142 | Final Dist 1000 = 1.587 | Init Dist = 9.220 | Init Dist 10 = 4.401 | Init Dist 100 = 5.837 | Init Dist 1000 = 5.797 | Learner Steps = 13603 | Learner Walltime = 2679.305 | Min Dist = 0.100 | Min Dist 10 = 0.449 | Min Dist 100 = 0.406 | Min Dist 1000 = 0.236 | Steps Per Second = 77.943 | Success = 1.000 | Success 1000 = 0.985
I0502 15:50:55.641321 139558059398720 terminal.py:91] [Actor] Actor Episodes = 17612 | Actor Steps = 880600 | Delta Dist = 5.974 | Delta Dist 10 = 3.971 | Delta Dist 100 = 3.783 | Delta Dist 1000 = 4.221 | Episode Length = 50 | Episode Return = 25.0 | Evaluator Episodes = 4453 | Evaluator Steps = 222650 | Final Dist = 1.237 | Final Dist 10 = 1.069 | Final Dist 100 = 2.018 | Final Dist 1000 = 1.578 | Init Dist = 7.211 | Init Dist 10 = 5.040 | Init Dist 100 = 5.801 | Init Dist 1000 = 5.799 | Learner Steps = 13603 | Learner Walltime = 2679.305 | Min Dist = 0.731 | Min Dist 10 = 0.455 | Min Dist 100 = 0.407 | Min Dist 1000 = 0.236 | Steps Per Second = 76.082 | Success = 1.000 | Success 1000 = 0.985
I0502 15:50:56.558190 139579566835264 terminal.py:91] [Evaluator] Actor Episodes = 17616 | Actor Steps = 880800 | Delta Dist = 11.780 | Delta Dist 10 = 10.950 | Delta Dist 100 = 11.282 | Delta Dist 1000 = 10.818 | Episode Length = 50 | Episode Return = 5.0 | Evaluator Episodes = 4455 | Evaluator Steps = 222750 | Final Dist = 1.026 | Final Dist 10 = 1.856 | Final Dist 100 = 1.524 | Final Dist 1000 = 1.988 | Init Dist = 12.806 | Init Dist 10 = 12.806 | Init Dist 100 = 12.806 | Init Dist 1000 = 12.806 | Learner Steps = 13609 | Learner Walltime = 2680.620 | Min Dist = 0.146 | Min Dist 10 = 1.066 | Min Dist 100 = 0.769 | Min Dist 1000 = 1.269 | Steps Per Second = 79.525 | Success = 1.000 | Success 1000 = 0.851
I0502 15:50:57.603507 139555860620864 terminal.py:91] [Actor] Actor Episodes = 17623 | Actor Steps = 881150 | Delta Dist = 3.740 | Delta Dist 10 = 3.829 | Delta Dist 100 = 3.901 | Delta Dist 1000 = 4.215 | Episode Length = 50 | Episode Return = 24.0 | Evaluator Episodes = 4455 | Evaluator Steps = 222750 | Final Dist = 1.645 | Final Dist 10 = 2.748 | Final Dist 100 = 1.826 | Final Dist 1000 = 1.589 | Init Dist = 5.385 | Init Dist 10 = 6.577 | Init Dist 100 = 5.728 | Init Dist 1000 = 5.803 | Learner Steps = 13609 | Learner Walltime = 2680.620 | Min Dist = 1.006 | Min Dist 10 = 0.131 | Min Dist 100 = 0.217 | Min Dist 1000 = 0.228 | Steps Per Second = 87.374 | Success = 0.000 | Success 1000 = 0.986
I0502 15:50:57.707907 139579566835264 terminal.py:91] [Evaluator] Actor Episodes = 17624 | Actor Steps = 881200 | Delta Dist = 11.738 | Delta Dist 10 = 11.074 | Delta Dist 100 = 11.280 | Delta Dist 1000 = 10.818 | Episode Length = 50 | Episode Return = 3.0 | Evaluator Episodes = 4457 | Evaluator Steps = 222850 | Final Dist = 1.068 | Final Dist 10 = 1.732 | Final Dist 100 = 1.526 | Final Dist 1000 = 1.988 | Init Dist = 12.806 | Init Dist 10 = 12.806 | Init Dist 100 = 12.806 | Init Dist 1000 = 12.806 | Learner Steps = 13616 | Learner Walltime = 2681.852 | Min Dist = 0.313 | Min Dist 10 = 1.062 | Min Dist 100 = 0.769 | Min Dist 1000 = 1.269 | Steps Per Second = 89.457 | Success = 1.000 | Success 1000 = 0.851
I0502 15:50:58.809217 139555013154368 terminal.py:91] [Learner] Actor Episodes = 17632 | Actor Loss = 3.666081190109253 | Actor Steps = 881600 | Binary Accuracy = 0.9960165023803711 | Categorical Accuracy = 0.4185791015625 | Critic Loss = 1.9444164037704468 | Entropy Mean = -18.1036376953125 | Evaluator Episodes = 4457 | Evaluator Steps = 222850 | Learner Steps = 13622 | Learner Walltime = 2683.000 | Logits Neg = -15.83639907836914 | Logits Pos = -1.9348541498184204 | Logsumexp = 1.1934497356414795 | Steps Per Second = 141.877
I0502 15:50:58.887441 139579566835264 terminal.py:91] [Evaluator] Actor Episodes = 17632 | Actor Steps = 881600 | Delta Dist = 11.567 | Delta Dist 10 = 11.133 | Delta Dist 100 = 11.277 | Delta Dist 1000 = 10.826 | Episode Length = 50 | Episode Return = 7.0 | Evaluator Episodes = 4459 | Evaluator Steps = 222950 | Final Dist = 1.239 | Final Dist 10 = 1.673 | Final Dist 100 = 1.530 | Final Dist 1000 = 1.980 | Init Dist = 12.806 | Init Dist 10 = 12.806 | Init Dist 100 = 12.806 | Init Dist 1000 = 12.806 | Learner Steps = 13622 | Learner Walltime = 2683.000 | Min Dist = 0.297 | Min Dist 10 = 1.052 | Min Dist 100 = 0.772 | Min Dist 1000 = 1.263 | Steps Per Second = 91.095 | Success = 1.000 | Success 1000 = 0.852
I0502 15:50:59.600072 139584504182336 lp_utils.py:96] StepsLimiter: Reached 881900 recorded steps
I0502 15:50:59.903362 139557462840896 terminal.py:91] [Actor] Actor Episodes = 17640 | Actor Steps = 882000 | Delta Dist = 0.641 | Delta Dist 10 = 4.239 | Delta Dist 100 = 3.917 | Delta Dist 1000 = 4.193 | Episode Length = 50 | Episode Return = 32.0 | Evaluator Episodes = 4459 | Evaluator Steps = 222950 | Final Dist = 0.359 | Final Dist 10 = 2.444 | Final Dist 100 = 1.923 | Final Dist 1000 = 1.602 | Init Dist = 1.000 | Init Dist 10 = 6.683 | Init Dist 100 = 5.840 | Init Dist 1000 = 5.795 | Learner Steps = 13622 | Learner Walltime = 2683.000 | Min Dist = 0.001 | Min Dist 10 = 1.176 | Min Dist 100 = 0.313 | Min Dist 1000 = 0.236 | Steps Per Second = 75.919 | Success = 1.000 | Success 1000 = 0.985
I0502 15:51:00.196691 139579566835264 terminal.py:91] [Evaluator] Actor Episodes = 17640 | Actor Steps = 882000 | Delta Dist = 11.302 | Delta Dist 10 = 11.075 | Delta Dist 100 = 11.296 | Delta Dist 1000 = 10.826 | Episode Length = 50 | Episode Return = 0.0 | Evaluator Episodes = 4461 | Evaluator Steps = 223050 | Final Dist = 1.504 | Final Dist 10 = 1.731 | Final Dist 100 = 1.510 | Final Dist 1000 = 1.980 | Init Dist = 12.806 | Init Dist 10 = 12.806 | Init Dist 100 = 12.806 | Init Dist 1000 = 12.806 | Learner Steps = 13627 | Learner Walltime = 2684.199 | Min Dist = 1.084 | Min Dist 10 = 0.952 | Min Dist 100 = 0.740 | Min Dist 1000 = 1.263 | Steps Per Second = 68.638 | Success = 0.000 | Success 1000 = 0.852
I0502 15:51:01.402889 139579566835264 terminal.py:91] [Evaluator] Actor Episodes = 17648 | Actor Steps = 882400 | Delta Dist = 4.932 | Delta Dist 10 = 11.143 | Delta Dist 100 = 11.297 | Delta Dist 1000 = 10.833 | Episode Length = 50 | Episode Return = 0.0 | Evaluator Episodes = 4463 | Evaluator Steps = 223150 | Final Dist = 7.875 | Final Dist 10 = 1.664 | Final Dist 100 = 1.509 | Final Dist 1000 = 1.973 | Init Dist = 12.806 | Init Dist 10 = 12.806 | Init Dist 100 = 12.806 | Init Dist 1000 = 12.806 | Learner Steps = 13634 | Learner Walltime = 2685.499 | Min Dist = 7.035 | Min Dist 10 = 1.050 | Min Dist 100 = 0.747 | Min Dist 1000 = 1.257 | Steps Per Second = 86.381 | Success = 0.000 | Success 1000 = 0.852
I0502 15:51:02.487319 139579566835264 terminal.py:91] [Evaluator] Actor Episodes = 17656 | Actor Steps = 882800 | Delta Dist = 12.041 | Delta Dist 10 = 11.127 | Delta Dist 100 = 11.294 | Delta Dist 1000 = 10.826 | Episode Length = 50 | Episode Return = 28.0 | Evaluator Episodes = 4465 | Evaluator Steps = 223250 | Final Dist = 0.766 | Final Dist 10 = 1.679 | Final Dist 100 = 1.513 | Final Dist 1000 = 1.980 | Init Dist = 12.806 | Init Dist 10 = 12.806 | Init Dist 100 = 12.806 | Init Dist 1000 = 12.806 | Learner Steps = 13640 | Learner Walltime = 2686.670 | Min Dist = 0.153 | Min Dist 10 = 0.982 | Min Dist 100 = 0.750 | Min Dist 1000 = 1.264 | Steps Per Second = 93.356 | Success = 1.000 | Success 1000 = 0.851
I0502 15:51:03.665922 139579566835264 terminal.py:91] [Evaluator] Actor Episodes = 17665 | Actor Steps = 883250 | Delta Dist = 12.380 | Delta Dist 10 = 10.379 | Delta Dist 100 = 11.215 | Delta Dist 1000 = 10.820 | Episode Length = 50 | Episode Return = 23.0 | Evaluator Episodes = 4467 | Evaluator Steps = 223350 | Final Dist = 0.426 | Final Dist 10 = 2.427 | Final Dist 100 = 1.591 | Final Dist 1000 = 1.986 | Init Dist = 12.806 | Init Dist 10 = 12.806 | Init Dist 100 = 12.806 | Init Dist 1000 = 12.806 | Learner Steps = 13646 | Learner Walltime = 2687.828 | Min Dist = 0.215 | Min Dist 10 = 1.636 | Min Dist 100 = 0.812 | Min Dist 1000 = 1.270 | Steps Per Second = 82.811 | Success = 1.000 | Success 1000 = 0.850
I0502 15:51:04.959293 139579566835264 terminal.py:91] [Evaluator] Actor Episodes = 17673 | Actor Steps = 883650 | Delta Dist = 12.408 | Delta Dist 10 = 10.417 | Delta Dist 100 = 11.275 | Delta Dist 1000 = 10.821 | Episode Length = 50 | Episode Return = 16.0 | Evaluator Episodes = 4469 | Evaluator Steps = 223450 | Final Dist = 0.398 | Final Dist 10 = 2.389 | Final Dist 100 = 1.531 | Final Dist 1000 = 1.985 | Init Dist = 12.806 | Init Dist 10 = 12.806 | Init Dist 100 = 12.806 | Init Dist 1000 = 12.806 | Learner Steps = 13653 | Learner Walltime = 2689.082 | Min Dist = 0.083 | Min Dist 10 = 1.606 | Min Dist 100 = 0.756 | Min Dist 1000 = 1.269 | Steps Per Second = 85.666 | Success = 1.000 | Success 1000 = 0.850
I0502 15:51:05.983557 139558059398720 terminal.py:91] [Actor] Actor Episodes = 17676 | Actor Steps = 883800 | Delta Dist = 5.352 | Delta Dist 10 = 3.181 | Delta Dist 100 = 3.840 | Delta Dist 1000 = 4.166 | Episode Length = 50 | Episode Return = 31.0 | Evaluator Episodes = 4469 | Evaluator Steps = 223450 | Final Dist = 0.973 | Final Dist 10 = 1.315 | Final Dist 100 = 1.952 | Final Dist 1000 = 1.638 | Init Dist = 6.325 | Init Dist 10 = 4.496 | Init Dist 100 = 5.792 | Init Dist 1000 = 5.805 | Learner Steps = 13653 | Learner Walltime = 2689.082 | Min Dist = 0.113 | Min Dist 10 = 0.057 | Min Dist 100 = 0.296 | Min Dist 1000 = 0.237 | Steps Per Second = 86.945 | Success = 1.000 | Success 1000 = 0.985
I0502 15:51:06.155728 139579566835264 terminal.py:91] [Evaluator] Actor Episodes = 17681 | Actor Steps = 884050 | Delta Dist = 12.525 | Delta Dist 10 = 10.586 | Delta Dist 100 = 11.284 | Delta Dist 1000 = 10.823 | Episode Length = 50 | Episode Return = 24.0 | Evaluator Episodes = 4471 | Evaluator Steps = 223550 | Final Dist = 0.281 | Final Dist 10 = 2.220 | Final Dist 100 = 1.523 | Final Dist 1000 = 1.983 | Init Dist = 12.806 | Init Dist 10 = 12.806 | Init Dist 100 = 12.806 | Init Dist 1000 = 12.806 | Learner Steps = 13658 | Learner Walltime = 2690.215 | Min Dist = 0.069 | Min Dist 10 = 1.597 | Min Dist 100 = 0.751 | Min Dist 1000 = 1.269 | Steps Per Second = 77.539 | Success = 1.000 | Success 1000 = 0.850
I0502 15:51:06.254442 139569349502528 terminal.py:91] [Actor] Actor Episodes = 17678 | Actor Steps = 883900 | Delta Dist = 3.274 | Delta Dist 10 = 2.324 | Delta Dist 100 = 3.804 | Delta Dist 1000 = 4.161 | Episode Length = 50 | Episode Return = 48.0 | Evaluator Episodes = 4469 | Evaluator Steps = 223450 | Final Dist = 0.331 | Final Dist 10 = 2.392 | Final Dist 100 = 1.963 | Final Dist 1000 = 1.648 | Init Dist = 3.606 | Init Dist 10 = 4.716 | Init Dist 100 = 5.766 | Init Dist 1000 = 5.809 | Learner Steps = 13653 | Learner Walltime = 2689.082 | Min Dist = 0.042 | Min Dist 10 = 0.081 | Min Dist 100 = 0.298 | Min Dist 1000 = 0.237 | Steps Per Second = 78.297 | Success = 1.000 | Success 1000 = 0.985
I0502 15:51:07.333846 139579566835264 terminal.py:91] [Evaluator] Actor Episodes = 17689 | Actor Steps = 884450 | Delta Dist = 11.632 | Delta Dist 10 = 10.723 | Delta Dist 100 = 11.366 | Delta Dist 1000 = 10.824 | Episode Length = 50 | Episode Return = 10.0 | Evaluator Episodes = 4473 | Evaluator Steps = 223650 | Final Dist = 1.174 | Final Dist 10 = 2.083 | Final Dist 100 = 1.440 | Final Dist 1000 = 1.982 | Init Dist = 12.806 | Init Dist 10 = 12.806 | Init Dist 100 = 12.806 | Init Dist 1000 = 12.806 | Learner Steps = 13664 | Learner Walltime = 2691.468 | Min Dist = 0.067 | Min Dist 10 = 1.496 | Min Dist 100 = 0.686 | Min Dist 1000 = 1.268 | Steps Per Second = 83.006 | Success = 1.000 | Success 1000 = 0.850
I0502 15:51:07.876881 139555860620864 terminal.py:91] [Actor] Actor Episodes = 17688 | Actor Steps = 884400 | Delta Dist = 8.735 | Delta Dist 10 = 3.894 | Delta Dist 100 = 3.742 | Delta Dist 1000 = 4.161 | Episode Length = 50 | Episode Return = 32.0 | Evaluator Episodes = 4471 | Evaluator Steps = 223550 | Final Dist = 0.321 | Final Dist 10 = 2.435 | Final Dist 100 = 2.134 | Final Dist 1000 = 1.664 | Init Dist = 9.055 | Init Dist 10 = 6.329 | Init Dist 100 = 5.875 | Init Dist 1000 = 5.825 | Learner Steps = 13658 | Learner Walltime = 2690.215 | Min Dist = 0.053 | Min Dist 10 = 0.119 | Min Dist 100 = 0.301 | Min Dist 1000 = 0.238 | Steps Per Second = 75.438 | Success = 1.000 | Success 1000 = 0.985
I0502 15:51:08.634428 139579566835264 terminal.py:91] [Evaluator] Actor Episodes = 17697 | Actor Steps = 884850 | Delta Dist = 11.712 | Delta Dist 10 = 11.363 | Delta Dist 100 = 11.363 | Delta Dist 1000 = 10.823 | Episode Length = 50 | Episode Return = 16.0 | Evaluator Episodes = 4475 | Evaluator Steps = 223750 | Final Dist = 1.095 | Final Dist 10 = 1.443 | Final Dist 100 = 1.443 | Final Dist 1000 = 1.983 | Init Dist = 12.806 | Init Dist 10 = 12.806 | Init Dist 100 = 12.806 | Init Dist 1000 = 12.806 | Learner Steps = 13670 | Learner Walltime = 2692.706 | Min Dist = 0.064 | Min Dist 10 = 0.803 | Min Dist 100 = 0.683 | Min Dist 1000 = 1.267 | Steps Per Second = 78.405 | Success = 1.000 | Success 1000 = 0.850
I0502 15:51:09.129992 139555013154368 terminal.py:91] [Learner] Actor Episodes = 17693 | Actor Loss = 3.4803714752197266 | Actor Steps = 884650 | Binary Accuracy = 0.9959847927093506 | Categorical Accuracy = 0.4307861328125 | Critic Loss = 1.8867623805999756 | Entropy Mean = -19.43082618713379 | Evaluator Episodes = 4473 | Evaluator Steps = 223650 | Learner Steps = 13674 | Learner Walltime = 2693.326 | Logits Neg = -16.140880584716797 | Logits Pos = -1.8560280799865723 | Logsumexp = 1.25181245803833 | Steps Per Second = 189.883
I0502 15:51:09.616369 139584504182336 lp_utils.py:96] StepsLimiter: Reached 885050 recorded steps
I0502 15:51:09.883935 139579566835264 terminal.py:91] [Evaluator] Actor Episodes = 17705 | Actor Steps = 885250 | Delta Dist = 11.468 | Delta Dist 10 = 12.082 | Delta Dist 100 = 11.392 | Delta Dist 1000 = 10.823 | Episode Length = 50 | Episode Return = 8.0 | Evaluator Episodes = 4477 | Evaluator Steps = 223850 | Final Dist = 1.338 | Final Dist 10 = 0.724 | Final Dist 100 = 1.415 | Final Dist 1000 = 1.983 | Init Dist = 12.806 | Init Dist 10 = 12.806 | Init Dist 100 = 12.806 | Init Dist 1000 = 12.806 | Learner Steps = 13670 | Learner Walltime = 2692.706 | Min Dist = 0.345 | Min Dist 10 = 0.129 | Min Dist 100 = 0.650 | Min Dist 1000 = 1.267 | Steps Per Second = 84.819 | Success = 1.000 | Success 1000 = 0.850
I0502 15:51:10.173344 139557462840896 terminal.py:91] [Actor] Actor Episodes = 17704 | Actor Steps = 885200 | Delta Dist = -4.147 | Delta Dist 10 = 4.340 | Delta Dist 100 = 3.875 | Delta Dist 1000 = 4.154 | Episode Length = 50 | Episode Return = 0.0 | Evaluator Episodes = 4475 | Evaluator Steps = 223750 | Final Dist = 6.147 | Final Dist 10 = 1.039 | Final Dist 100 = 2.127 | Final Dist 1000 = 1.662 | Init Dist = 2.000 | Init Dist 10 = 5.379 | Init Dist 100 = 6.002 | Init Dist 1000 = 5.816 | Learner Steps = 13670 | Learner Walltime = 2692.706 | Min Dist = 0.029 | Min Dist 10 = 0.088 | Min Dist 100 = 0.268 | Min Dist 1000 = 0.234 | Steps Per Second = 102.063 | Success = 1.000 | Success 1000 = 0.985
I0502 15:51:11.030356 139579566835264 terminal.py:91] [Evaluator] Actor Episodes = 17711 | Actor Steps = 885550 | Delta Dist = 11.503 | Delta Dist 10 = 12.088 | Delta Dist 100 = 11.396 | Delta Dist 1000 = 10.824 | Episode Length = 50 | Episode Return = 4.0 | Evaluator Episodes = 4479 | Evaluator Steps = 223950 | Final Dist = 1.303 | Final Dist 10 = 0.718 | Final Dist 100 = 1.410 | Final Dist 1000 = 1.982 | Init Dist = 12.806 | Init Dist 10 = 12.806 | Init Dist 100 = 12.806 | Init Dist 1000 = 12.806 | Learner Steps = 13678 | Learner Walltime = 2694.152 | Min Dist = 0.655 | Min Dist 10 = 0.136 | Min Dist 100 = 0.653 | Min Dist 1000 = 1.267 | Steps Per Second = 98.936 | Success = 1.000 | Success 1000 = 0.850
I0502 15:51:12.318639 139579566835264 terminal.py:91] [Evaluator] Actor Episodes = 17719 | Actor Steps = 885950 | Delta Dist = 11.547 | Delta Dist 10 = 11.201 | Delta Dist 100 = 11.380 | Delta Dist 1000 = 10.817 | Episode Length = 50 | Episode Return = 2.0 | Evaluator Episodes = 4481 | Evaluator Steps = 224050 | Final Dist = 1.259 | Final Dist 10 = 1.606 | Final Dist 100 = 1.427 | Final Dist 1000 = 1.989 | Init Dist = 12.806 | Init Dist 10 = 12.806 | Init Dist 100 = 12.806 | Init Dist 1000 = 12.806 | Learner Steps = 13690 | Learner Walltime = 2696.429 | Min Dist = 0.358 | Min Dist 10 = 0.889 | Min Dist 100 = 0.667 | Min Dist 1000 = 1.274 | Steps Per Second = 74.774 | Success = 1.000 | Success 1000 = 0.849
I0502 15:51:13.537687 139579566835264 terminal.py:91] [Evaluator] Actor Episodes = 17727 | Actor Steps = 886350 | Delta Dist = 11.459 | Delta Dist 10 = 10.977 | Delta Dist 100 = 11.377 | Delta Dist 1000 = 10.817 | Episode Length = 50 | Episode Return = 26.0 | Evaluator Episodes = 4483 | Evaluator Steps = 224150 | Final Dist = 1.348 | Final Dist 10 = 1.829 | Final Dist 100 = 1.429 | Final Dist 1000 = 1.989 | Init Dist = 12.806 | Init Dist 10 = 12.806 | Init Dist 100 = 12.806 | Init Dist 1000 = 12.806 | Learner Steps = 13696 | Learner Walltime = 2697.631 | Min Dist = 0.199 | Min Dist 10 = 0.961 | Min Dist 100 = 0.673 | Min Dist 1000 = 1.275 | Steps Per Second = 80.537 | Success = 1.000 | Success 1000 = 0.849
I0502 15:51:14.796115 139579566835264 terminal.py:91] [Evaluator] Actor Episodes = 17737 | Actor Steps = 886850 | Delta Dist = 12.730 | Delta Dist 10 = 10.917 | Delta Dist 100 = 11.374 | Delta Dist 1000 = 10.815 | Episode Length = 50 | Episode Return = 22.0 | Evaluator Episodes = 4485 | Evaluator Steps = 224250 | Final Dist = 0.076 | Final Dist 10 = 1.890 | Final Dist 100 = 1.433 | Final Dist 1000 = 1.991 | Init Dist = 12.806 | Init Dist 10 = 12.806 | Init Dist 100 = 12.806 | Init Dist 1000 = 12.806 | Learner Steps = 13702 | Learner Walltime = 2698.912 | Min Dist = 0.076 | Min Dist 10 = 0.987 | Min Dist 100 = 0.670 | Min Dist 1000 = 1.275 | Steps Per Second = 85.062 | Success = 1.000 | Success 1000 = 0.849
I0502 15:51:15.934492 139579566835264 terminal.py:91] [Evaluator] Actor Episodes = 17743 | Actor Steps = 887150 | Delta Dist = 11.068 | Delta Dist 10 = 10.980 | Delta Dist 100 = 11.388 | Delta Dist 1000 = 10.816 | Episode Length = 50 | Episode Return = 13.0 | Evaluator Episodes = 4487 | Evaluator Steps = 224350 | Final Dist = 1.738 | Final Dist 10 = 1.826 | Final Dist 100 = 1.418 | Final Dist 1000 = 1.990 | Init Dist = 12.806 | Init Dist 10 = 12.806 | Init Dist 100 = 12.806 | Init Dist 1000 = 12.806 | Learner Steps = 13708 | Learner Walltime = 2699.987 | Min Dist = 0.116 | Min Dist 10 = 0.988 | Min Dist 100 = 0.664 | Min Dist 1000 = 1.275 | Steps Per Second = 89.269 | Success = 1.000 | Success 1000 = 0.849
I0502 15:51:16.437413 139558059398720 terminal.py:91] [Actor] Actor Episodes = 17747 | Actor Steps = 887350 | Delta Dist = 4.656 | Delta Dist 10 = 4.880 | Delta Dist 100 = 4.265 | Delta Dist 1000 = 4.202 | Episode Length = 50 | Episode Return = 8.0 | Evaluator Episodes = 4487 | Evaluator Steps = 224350 | Final Dist = 0.344 | Final Dist 10 = 2.650 | Final Dist 100 = 1.693 | Final Dist 1000 = 1.625 | Init Dist = 5.000 | Init Dist 10 = 7.530 | Init Dist 100 = 5.958 | Init Dist 1000 = 5.827 | Learner Steps = 13708 | Learner Walltime = 2699.987 | Min Dist = 0.033 | Min Dist 10 = 0.093 | Min Dist 100 = 0.103 | Min Dist 1000 = 0.220 | Steps Per Second = 91.314 | Success = 1.000 | Success 1000 = 0.989
I0502 15:51:16.537912 139569349502528 terminal.py:91] [Actor] Actor Episodes = 17749 | Actor Steps = 887450 | Delta Dist = 2.605 | Delta Dist 10 = 4.743 | Delta Dist 100 = 4.278 | Delta Dist 1000 = 4.201 | Episode Length = 50 | Episode Return = 43.0 | Evaluator Episodes = 4487 | Evaluator Steps = 224350 | Final Dist = 1.395 | Final Dist 10 = 2.427 | Final Dist 100 = 1.680 | Final Dist 1000 = 1.625 | Init Dist = 4.000 | Init Dist 10 = 7.170 | Init Dist 100 = 5.958 | Init Dist 1000 = 5.826 | Learner Steps = 13708 | Learner Walltime = 2699.987 | Min Dist = 0.011 | Min Dist 10 = 0.094 | Min Dist 100 = 0.103 | Min Dist 1000 = 0.220 | Steps Per Second = 95.627 | Success = 1.000 | Success 1000 = 0.989
I0502 15:51:16.965683 139579566835264 terminal.py:91] [Evaluator] Actor Episodes = 17751 | Actor Steps = 887550 | Delta Dist = 11.694 | Delta Dist 10 = 10.801 | Delta Dist 100 = 11.369 | Delta Dist 1000 = 10.815 | Episode Length = 50 | Episode Return = 26.0 | Evaluator Episodes = 4489 | Evaluator Steps = 224450 | Final Dist = 1.112 | Final Dist 10 = 2.005 | Final Dist 100 = 1.437 | Final Dist 1000 = 1.992 | Init Dist = 12.806 | Init Dist 10 = 12.806 | Init Dist 100 = 12.806 | Init Dist 1000 = 12.806 | Learner Steps = 13715 | Learner Walltime = 2701.135 | Min Dist = 0.284 | Min Dist 10 = 0.972 | Min Dist 100 = 0.665 | Min Dist 1000 = 1.274 | Steps Per Second = 97.794 | Success = 1.000 | Success 1000 = 0.849
I0502 15:51:18.145387 139579566835264 terminal.py:91] [Evaluator] Actor Episodes = 17759 | Actor Steps = 887950 | Delta Dist = 11.438 | Delta Dist 10 = 11.532 | Delta Dist 100 = 11.425 | Delta Dist 1000 = 10.813 | Episode Length = 50 | Episode Return = 3.0 | Evaluator Episodes = 4491 | Evaluator Steps = 224550 | Final Dist = 1.368 | Final Dist 10 = 1.275 | Final Dist 100 = 1.381 | Final Dist 1000 = 1.993 | Init Dist = 12.806 | Init Dist 10 = 12.806 | Init Dist 100 = 12.806 | Init Dist 1000 = 12.806 | Learner Steps = 13715 | Learner Walltime = 2701.135 | Min Dist = 0.750 | Min Dist 10 = 0.237 | Min Dist 100 = 0.596 | Min Dist 1000 = 1.274 | Steps Per Second = 92.337 | Success = 1.000 | Success 1000 = 0.849
I0502 15:51:18.311705 139555860620864 terminal.py:91] [Actor] Actor Episodes = 17761 | Actor Steps = 888050 | Delta Dist = 2.880 | Delta Dist 10 = 1.503 | Delta Dist 100 = 4.011 | Delta Dist 1000 = 4.183 | Episode Length = 50 | Episode Return = 12.0 | Evaluator Episodes = 4491 | Evaluator Steps = 224550 | Final Dist = 0.120 | Final Dist 10 = 5.036 | Final Dist 100 = 1.853 | Final Dist 1000 = 1.645 | Init Dist = 3.000 | Init Dist 10 = 6.539 | Init Dist 100 = 5.864 | Init Dist 1000 = 5.829 | Learner Steps = 13721 | Learner Walltime = 2702.422 | Min Dist = 0.120 | Min Dist 10 = 0.149 | Min Dist 100 = 0.108 | Min Dist 1000 = 0.220 | Steps Per Second = 85.214 | Success = 1.000 | Success 1000 = 0.989
I0502 15:51:19.184264 139555013154368 terminal.py:91] [Learner] Actor Episodes = 17759 | Actor Loss = 3.5883376598358154 | Actor Steps = 887950 | Binary Accuracy = 0.996084451675415 | Categorical Accuracy = 0.420654296875 | Critic Loss = 1.9456312656402588 | Entropy Mean = -18.832355499267578 | Evaluator Episodes = 4491 | Evaluator Steps = 224550 | Learner Steps = 13726 | Learner Walltime = 2703.379 | Logits Neg = -15.85713005065918 | Logits Pos = -1.922178030014038 | Logsumexp = 1.2472267150878906 | Steps Per Second = 235.295
I0502 15:51:19.334867 139579566835264 terminal.py:91] [Evaluator] Actor Episodes = 17765 | Actor Steps = 888250 | Delta Dist = 11.760 | Delta Dist 10 = 11.512 | Delta Dist 100 = 11.415 | Delta Dist 1000 = 10.813 | Episode Length = 50 | Episode Return = 8.0 | Evaluator Episodes = 4493 | Evaluator Steps = 224650 | Final Dist = 1.047 | Final Dist 10 = 1.294 | Final Dist 100 = 1.392 | Final Dist 1000 = 1.993 | Init Dist = 12.806 | Init Dist 10 = 12.806 | Init Dist 100 = 12.806 | Init Dist 1000 = 12.806 | Learner Steps = 13727 | Learner Walltime = 2703.443 | Min Dist = 0.525 | Min Dist 10 = 0.248 | Min Dist 100 = 0.604 | Min Dist 1000 = 1.274 | Steps Per Second = 82.125 | Success = 1.000 | Success 1000 = 0.849
I0502 15:51:19.637568 139584504182336 lp_utils.py:96] StepsLimiter: Reached 888450 recorded steps
I0502 15:51:20.458199 139579566835264 terminal.py:91] [Evaluator] Actor Episodes = 17773 | Actor Steps = 888650 | Delta Dist = 12.607 | Delta Dist 10 = 11.581 | Delta Dist 100 = 11.412 | Delta Dist 1000 = 10.813 | Episode Length = 50 | Episode Return = 11.0 | Evaluator Episodes = 4495 | Evaluator Steps = 224750 | Final Dist = 0.199 | Final Dist 10 = 1.225 | Final Dist 100 = 1.395 | Final Dist 1000 = 1.993 | Init Dist = 12.806 | Init Dist 10 = 12.806 | Init Dist 100 = 12.806 | Init Dist 1000 = 12.806 | Learner Steps = 13732 | Learner Walltime = 2704.642 | Min Dist = 0.183 | Min Dist 10 = 0.360 | Min Dist 100 = 0.609 | Min Dist 1000 = 1.276 | Steps Per Second = 89.216 | Success = 1.000 | Success 1000 = 0.849
I0502 15:51:20.590414 139557462840896 terminal.py:91] [Actor] Actor Episodes = 17775 | Actor Steps = 888750 | Delta Dist = 2.628 | Delta Dist 10 = 3.857 | Delta Dist 100 = 4.050 | Delta Dist 1000 = 4.188 | Episode Length = 50 | Episode Return = 23.0 | Evaluator Episodes = 4495 | Evaluator Steps = 224750 | Final Dist = 1.495 | Final Dist 10 = 1.103 | Final Dist 100 = 1.898 | Final Dist 1000 = 1.637 | Init Dist = 4.123 | Init Dist 10 = 4.961 | Init Dist 100 = 5.948 | Init Dist 1000 = 5.825 | Learner Steps = 13732 | Learner Walltime = 2704.642 | Min Dist = 0.016 | Min Dist 10 = 0.699 | Min Dist 100 = 0.154 | Min Dist 1000 = 0.226 | Steps Per Second = 86.209 | Success = 1.000 | Success 1000 = 0.989
I0502 15:51:21.494011 139579566835264 terminal.py:91] [Evaluator] Actor Episodes = 17779 | Actor Steps = 888950 | Delta Dist = 11.739 | Delta Dist 10 = 11.530 | Delta Dist 100 = 11.422 | Delta Dist 1000 = 10.812 | Episode Length = 50 | Episode Return = 7.0 | Evaluator Episodes = 4497 | Evaluator Steps = 224850 | Final Dist = 1.067 | Final Dist 10 = 1.277 | Final Dist 100 = 1.385 | Final Dist 1000 = 1.994 | Init Dist = 12.806 | Init Dist 10 = 12.806 | Init Dist 100 = 12.806 | Init Dist 1000 = 12.806 | Learner Steps = 13732 | Learner Walltime = 2704.642 | Min Dist = 0.027 | Min Dist 10 = 0.404 | Min Dist 100 = 0.608 | Min Dist 1000 = 1.276 | Steps Per Second = 87.651 | Success = 1.000 | Success 1000 = 0.849
I0502 15:51:22.763988 139579566835264 terminal.py:91] [Evaluator] Actor Episodes = 17785 | Actor Steps = 889250 | Delta Dist = 12.364 | Delta Dist 10 = 11.628 | Delta Dist 100 = 11.428 | Delta Dist 1000 = 10.822 | Episode Length = 50 | Episode Return = 26.0 | Evaluator Episodes = 4499 | Evaluator Steps = 224950 | Final Dist = 0.443 | Final Dist 10 = 1.178 | Final Dist 100 = 1.378 | Final Dist 1000 = 1.985 | Init Dist = 12.806 | Init Dist 10 = 12.806 | Init Dist 100 = 12.806 | Init Dist 1000 = 12.806 | Learner Steps = 13738 | Learner Walltime = 2705.762 | Min Dist = 0.256 | Min Dist 10 = 0.372 | Min Dist 100 = 0.605 | Min Dist 1000 = 1.265 | Steps Per Second = 74.284 | Success = 1.000 | Success 1000 = 0.850
I0502 15:51:24.010099 139579566835264 terminal.py:91] [Evaluator] Actor Episodes = 17796 | Actor Steps = 889800 | Delta Dist = 11.448 | Delta Dist 10 = 11.711 | Delta Dist 100 = 11.445 | Delta Dist 1000 = 10.822 | Episode Length = 50 | Episode Return = 4.0 | Evaluator Episodes = 4501 | Evaluator Steps = 225050 | Final Dist = 1.358 | Final Dist 10 = 1.095 | Final Dist 100 = 1.362 | Final Dist 1000 = 1.984 | Init Dist = 12.806 | Init Dist 10 = 12.806 | Init Dist 100 = 12.806 | Init Dist 1000 = 12.806 | Learner Steps = 13745 | Learner Walltime = 2707.109 | Min Dist = 0.616 | Min Dist 10 = 0.371 | Min Dist 100 = 0.605 | Min Dist 1000 = 1.265 | Steps Per Second = 80.940 | Success = 1.000 | Success 1000 = 0.850
I0502 15:51:25.255424 139579566835264 terminal.py:91] [Evaluator] Actor Episodes = 17804 | Actor Steps = 890200 | Delta Dist = 11.788 | Delta Dist 10 = 11.835 | Delta Dist 100 = 11.437 | Delta Dist 1000 = 10.823 | Episode Length = 50 | Episode Return = 9.0 | Evaluator Episodes = 4503 | Evaluator Steps = 225150 | Final Dist = 1.019 | Final Dist 10 = 0.971 | Final Dist 100 = 1.369 | Final Dist 1000 = 1.984 | Init Dist = 12.806 | Init Dist 10 = 12.806 | Init Dist 100 = 12.806 | Init Dist 1000 = 12.806 | Learner Steps = 13757 | Learner Walltime = 2709.293 | Min Dist = 0.236 | Min Dist 10 = 0.334 | Min Dist 100 = 0.608 | Min Dist 1000 = 1.265 | Steps Per Second = 74.682 | Success = 1.000 | Success 1000 = 0.850
I0502 15:51:26.523329 139579566835264 terminal.py:91] [Evaluator] Actor Episodes = 17812 | Actor Steps = 890600 | Delta Dist = 12.285 | Delta Dist 10 = 11.649 | Delta Dist 100 = 11.409 | Delta Dist 1000 = 10.826 | Episode Length = 50 | Episode Return = 11.0 | Evaluator Episodes = 4505 | Evaluator Steps = 225250 | Final Dist = 0.521 | Final Dist 10 = 1.157 | Final Dist 100 = 1.397 | Final Dist 1000 = 1.980 | Init Dist = 12.806 | Init Dist 10 = 12.806 | Init Dist 100 = 12.806 | Init Dist 1000 = 12.806 | Learner Steps = 13762 | Learner Walltime = 2710.474 | Min Dist = 0.163 | Min Dist 10 = 0.537 | Min Dist 100 = 0.641 | Min Dist 1000 = 1.262 | Steps Per Second = 81.116 | Success = 1.000 | Success 1000 = 0.850
I0502 15:51:26.620054 139558059398720 terminal.py:91] [Actor] Actor Episodes = 17814 | Actor Steps = 890700 | Delta Dist = 3.884 | Delta Dist 10 = 4.750 | Delta Dist 100 = 4.705 | Delta Dist 1000 = 4.247 | Episode Length = 50 | Episode Return = 40.0 | Evaluator Episodes = 4505 | Evaluator Steps = 225250 | Final Dist = 0.358 | Final Dist 10 = 1.468 | Final Dist 100 = 1.643 | Final Dist 1000 = 1.639 | Init Dist = 4.243 | Init Dist 10 = 6.218 | Init Dist 100 = 6.347 | Init Dist 1000 = 5.886 | Learner Steps = 13762 | Learner Walltime = 2710.474 | Min Dist = 0.042 | Min Dist 10 = 0.124 | Min Dist 100 = 0.152 | Min Dist 1000 = 0.227 | Steps Per Second = 82.272 | Success = 1.000 | Success 1000 = 0.989
I0502 15:51:27.010029 139569349502528 terminal.py:91] [Actor] Actor Episodes = 17813 | Actor Steps = 890650 | Delta Dist = 1.263 | Delta Dist 10 = 5.816 | Delta Dist 100 = 4.804 | Delta Dist 1000 = 4.253 | Episode Length = 50 | Episode Return = 35.0 | Evaluator Episodes = 4503 | Evaluator Steps = 225150 | Final Dist = 1.566 | Final Dist 10 = 1.006 | Final Dist 100 = 1.601 | Final Dist 1000 = 1.639 | Init Dist = 2.828 | Init Dist 10 = 6.822 | Init Dist 100 = 6.404 | Init Dist 1000 = 5.892 | Learner Steps = 13762 | Learner Walltime = 2710.474 | Min Dist = 0.220 | Min Dist 10 = 0.103 | Min Dist 100 = 0.151 | Min Dist 1000 = 0.227 | Steps Per Second = 77.834 | Success = 1.000 | Success 1000 = 0.989
I0502 15:51:27.747003 139579566835264 terminal.py:91] [Evaluator] Actor Episodes = 17820 | Actor Steps = 891000 | Delta Dist = 11.987 | Delta Dist 10 = 11.018 | Delta Dist 100 = 11.354 | Delta Dist 1000 = 10.826 | Episode Length = 50 | Episode Return = 10.0 | Evaluator Episodes = 4507 | Evaluator Steps = 225350 | Final Dist = 0.820 | Final Dist 10 = 1.788 | Final Dist 100 = 1.453 | Final Dist 1000 = 1.980 | Init Dist = 12.806 | Init Dist 10 = 12.806 | Init Dist 100 = 12.806 | Init Dist 1000 = 12.806 | Learner Steps = 13768 | Learner Walltime = 2711.573 | Min Dist = 0.085 | Min Dist 10 = 1.182 | Min Dist 100 = 0.708 | Min Dist 1000 = 1.263 | Steps Per Second = 84.208 | Success = 1.000 | Success 1000 = 0.850
I0502 15:51:28.533674 139555860620864 terminal.py:91] [Actor] Actor Episodes = 17825 | Actor Steps = 891250 | Delta Dist = 8.347 | Delta Dist 10 = 1.513 | Delta Dist 100 = 4.474 | Delta Dist 1000 = 4.221 | Episode Length = 50 | Episode Return = 29.0 | Evaluator Episodes = 4507 | Evaluator Steps = 225350 | Final Dist = 0.197 | Final Dist 10 = 2.959 | Final Dist 100 = 1.846 | Final Dist 1000 = 1.654 | Init Dist = 8.544 | Init Dist 10 = 4.472 | Init Dist 100 = 6.320 | Init Dist 1000 = 5.875 | Learner Steps = 13768 | Learner Walltime = 2711.573 | Min Dist = 0.024 | Min Dist 10 = 0.115 | Min Dist 100 = 0.156 | Min Dist 1000 = 0.227 | Steps Per Second = 80.719 | Success = 1.000 | Success 1000 = 0.989
I0502 15:51:29.003582 139579566835264 terminal.py:91] [Evaluator] Actor Episodes = 17828 | Actor Steps = 891400 | Delta Dist = 12.648 | Delta Dist 10 = 11.002 | Delta Dist 100 = 11.353 | Delta Dist 1000 = 10.826 | Episode Length = 50 | Episode Return = 3.0 | Evaluator Episodes = 4509 | Evaluator Steps = 225450 | Final Dist = 0.159 | Final Dist 10 = 1.804 | Final Dist 100 = 1.453 | Final Dist 1000 = 1.980 | Init Dist = 12.806 | Init Dist 10 = 12.806 | Init Dist 100 = 12.806 | Init Dist 1000 = 12.806 | Learner Steps = 13774 | Learner Walltime = 2712.608 | Min Dist = 0.159 | Min Dist 10 = 1.193 | Min Dist 100 = 0.704 | Min Dist 1000 = 1.263 | Steps Per Second = 80.292 | Success = 1.000 | Success 1000 = 0.850
I0502 15:51:29.596839 139555013154368 terminal.py:91] [Learner] Actor Episodes = 17834 | Actor Loss = 3.588301420211792 | Actor Steps = 891700 | Binary Accuracy = 0.9959807395935059 | Categorical Accuracy = 0.41748046875 | Critic Loss = 1.9448914527893066 | Entropy Mean = -16.827362060546875 | Evaluator Episodes = 4509 | Evaluator Steps = 225450 | Learner Steps = 13779 | Learner Walltime = 2713.793 | Logits Neg = -15.838132858276367 | Logits Pos = -1.9105124473571777 | Logsumexp = 1.3166866302490234 | Steps Per Second = 152.723
I0502 15:51:29.652467 139584504182336 lp_utils.py:96] StepsLimiter: Reached 891700 recorded steps
I0502 15:51:30.282030 139579566835264 terminal.py:91] [Evaluator] Actor Episodes = 17838 | Actor Steps = 891900 | Delta Dist = 11.881 | Delta Dist 10 = 10.965 | Delta Dist 100 = 11.353 | Delta Dist 1000 = 10.837 | Episode Length = 50 | Episode Return = 14.0 | Evaluator Episodes = 4511 | Evaluator Steps = 225550 | Final Dist = 0.925 | Final Dist 10 = 1.842 | Final Dist 100 = 1.453 | Final Dist 1000 = 1.969 | Init Dist = 12.806 | Init Dist 10 = 12.806 | Init Dist 100 = 12.806 | Init Dist 1000 = 12.806 | Learner Steps = 13779 | Learner Walltime = 2713.793 | Min Dist = 0.076 | Min Dist 10 = 1.193 | Min Dist 100 = 0.704 | Min Dist 1000 = 1.252 | Steps Per Second = 75.778 | Success = 1.000 | Success 1000 = 0.851
I0502 15:51:31.064332 139557462840896 terminal.py:91] [Actor] Actor Episodes = 17843 | Actor Steps = 892150 | Delta Dist = 2.010 | Delta Dist 10 = 3.747 | Delta Dist 100 = 4.149 | Delta Dist 1000 = 4.204 | Episode Length = 50 | Episode Return = 39.0 | Evaluator Episodes = 4511 | Evaluator Steps = 225550 | Final Dist = 0.226 | Final Dist 10 = 0.954 | Final Dist 100 = 1.781 | Final Dist 1000 = 1.641 | Init Dist = 2.236 | Init Dist 10 = 4.701 | Init Dist 100 = 5.930 | Init Dist 1000 = 5.845 | Learner Steps = 13779 | Learner Walltime = 2713.793 | Min Dist = 0.031 | Min Dist 10 = 0.093 | Min Dist 100 = 0.162 | Min Dist 1000 = 0.226 | Steps Per Second = 86.761 | Success = 1.000 | Success 1000 = 0.989
I0502 15:51:31.471653 139579566835264 terminal.py:91] [Evaluator] Actor Episodes = 17844 | Actor Steps = 892200 | Delta Dist = 11.397 | Delta Dist 10 = 10.961 | Delta Dist 100 = 11.360 | Delta Dist 1000 = 10.847 | Episode Length = 50 | Episode Return = 11.0 | Evaluator Episodes = 4513 | Evaluator Steps = 225650 | Final Dist = 1.409 | Final Dist 10 = 1.846 | Final Dist 100 = 1.446 | Final Dist 1000 = 1.960 | Init Dist = 12.806 | Init Dist 10 = 12.806 | Init Dist 100 = 12.806 | Init Dist 1000 = 12.806 | Learner Steps = 13785 | Learner Walltime = 2714.797 | Min Dist = 0.351 | Min Dist 10 = 1.141 | Min Dist 100 = 0.696 | Min Dist 1000 = 1.242 | Steps Per Second = 86.585 | Success = 1.000 | Success 1000 = 0.852
I0502 15:51:32.750011 139579566835264 terminal.py:91] [Evaluator] Actor Episodes = 17852 | Actor Steps = 892600 | Delta Dist = 12.488 | Delta Dist 10 = 11.126 | Delta Dist 100 = 11.355 | Delta Dist 1000 = 10.845 | Episode Length = 50 | Episode Return = 9.0 | Evaluator Episodes = 4515 | Evaluator Steps = 225750 | Final Dist = 0.318 | Final Dist 10 = 1.681 | Final Dist 100 = 1.451 | Final Dist 1000 = 1.961 | Init Dist = 12.806 | Init Dist 10 = 12.806 | Init Dist 100 = 12.806 | Init Dist 1000 = 12.806 | Learner Steps = 13790 | Learner Walltime = 2715.869 | Min Dist = 0.179 | Min Dist 10 = 0.846 | Min Dist 100 = 0.694 | Min Dist 1000 = 1.242 | Steps Per Second = 79.242 | Success = 1.000 | Success 1000 = 0.852
I0502 15:51:33.870981 139579566835264 terminal.py:91] [Evaluator] Actor Episodes = 17860 | Actor Steps = 893000 | Delta Dist = 11.454 | Delta Dist 10 = 11.047 | Delta Dist 100 = 11.281 | Delta Dist 1000 = 10.840 | Episode Length = 50 | Episode Return = 17.0 | Evaluator Episodes = 4517 | Evaluator Steps = 225850 | Final Dist = 1.353 | Final Dist 10 = 1.759 | Final Dist 100 = 1.525 | Final Dist 1000 = 1.967 | Init Dist = 12.806 | Init Dist 10 = 12.806 | Init Dist 100 = 12.806 | Init Dist 1000 = 12.806 | Learner Steps = 13797 | Learner Walltime = 2717.210 | Min Dist = 0.213 | Min Dist 10 = 0.870 | Min Dist 100 = 0.765 | Min Dist 1000 = 1.249 | Steps Per Second = 85.350 | Success = 1.000 | Success 1000 = 0.851
I0502 15:51:35.123095 139579566835264 terminal.py:91] [Evaluator] Actor Episodes = 17868 | Actor Steps = 893400 | Delta Dist = 11.900 | Delta Dist 10 = 10.485 | Delta Dist 100 = 11.214 | Delta Dist 1000 = 10.833 | Episode Length = 50 | Episode Return = 7.0 | Evaluator Episodes = 4519 | Evaluator Steps = 225950 | Final Dist = 0.906 | Final Dist 10 = 2.321 | Final Dist 100 = 1.592 | Final Dist 1000 = 1.973 | Init Dist = 12.806 | Init Dist 10 = 12.806 | Init Dist 100 = 12.806 | Init Dist 1000 = 12.806 | Learner Steps = 13802 | Learner Walltime = 2718.319 | Min Dist = 0.141 | Min Dist 10 = 1.455 | Min Dist 100 = 0.824 | Min Dist 1000 = 1.254 | Steps Per Second = 76.531 | Success = 1.000 | Success 1000 = 0.850
I0502 15:51:36.270713 139579566835264 terminal.py:91] [Evaluator] Actor Episodes = 17876 | Actor Steps = 893800 | Delta Dist = 5.899 | Delta Dist 10 = 10.532 | Delta Dist 100 = 11.225 | Delta Dist 1000 = 10.835 | Episode Length = 50 | Episode Return = 0.0 | Evaluator Episodes = 4521 | Evaluator Steps = 226050 | Final Dist = 6.908 | Final Dist 10 = 2.275 | Final Dist 100 = 1.582 | Final Dist 1000 = 1.972 | Init Dist = 12.806 | Init Dist 10 = 12.806 | Init Dist 100 = 12.806 | Init Dist 1000 = 12.806 | Learner Steps = 13809 | Learner Walltime = 2719.482 | Min Dist = 6.223 | Min Dist 10 = 1.442 | Min Dist 100 = 0.818 | Min Dist 1000 = 1.253 | Steps Per Second = 86.540 | Success = 0.000 | Success 1000 = 0.850
I0502 15:51:37.048539 139558059398720 terminal.py:91] [Actor] Actor Episodes = 17883 | Actor Steps = 894150 | Delta Dist = 1.882 | Delta Dist 10 = 4.424 | Delta Dist 100 = 4.204 | Delta Dist 1000 = 4.167 | Episode Length = 50 | Episode Return = 41.0 | Evaluator Episodes = 4521 | Evaluator Steps = 226050 | Final Dist = 0.354 | Final Dist 10 = 1.138 | Final Dist 100 = 1.499 | Final Dist 1000 = 1.660 | Init Dist = 2.236 | Init Dist 10 = 5.563 | Init Dist 100 = 5.703 | Init Dist 1000 = 5.827 | Learner Steps = 13809 | Learner Walltime = 2719.482 | Min Dist = 0.000 | Min Dist 10 = 0.061 | Min Dist 100 = 0.171 | Min Dist 1000 = 0.233 | Steps Per Second = 86.084 | Success = 1.000 | Success 1000 = 0.988
I0502 15:51:37.282930 139569349502528 terminal.py:91] [Actor] Actor Episodes = 17884 | Actor Steps = 894200 | Delta Dist = 2.741 | Delta Dist 10 = 3.664 | Delta Dist 100 = 4.160 | Delta Dist 1000 = 4.160 | Episode Length = 50 | Episode Return = 0.0 | Evaluator Episodes = 4521 | Evaluator Steps = 226050 | Final Dist = 0.259 | Final Dist 10 = 1.117 | Final Dist 100 = 1.502 | Final Dist 1000 = 1.660 | Init Dist = 3.000 | Init Dist 10 = 4.781 | Init Dist 100 = 5.661 | Init Dist 1000 = 5.820 | Learner Steps = 13815 | Learner Walltime = 2720.692 | Min Dist = 0.061 | Min Dist 10 = 0.060 | Min Dist 100 = 0.170 | Min Dist 1000 = 0.233 | Steps Per Second = 83.830 | Success = 1.000 | Success 1000 = 0.988
I0502 15:51:37.390927 139579566835264 terminal.py:91] [Evaluator] Actor Episodes = 17886 | Actor Steps = 894300 | Delta Dist = 12.235 | Delta Dist 10 = 9.933 | Delta Dist 100 = 11.173 | Delta Dist 1000 = 10.829 | Episode Length = 50 | Episode Return = 12.0 | Evaluator Episodes = 4523 | Evaluator Steps = 226150 | Final Dist = 0.572 | Final Dist 10 = 2.873 | Final Dist 100 = 1.633 | Final Dist 1000 = 1.977 | Init Dist = 12.806 | Init Dist 10 = 12.806 | Init Dist 100 = 12.806 | Init Dist 1000 = 12.806 | Learner Steps = 13815 | Learner Walltime = 2720.692 | Min Dist = 0.203 | Min Dist 10 = 2.058 | Min Dist 100 = 0.871 | Min Dist 1000 = 1.259 | Steps Per Second = 86.834 | Success = 1.000 | Success 1000 = 0.849
I0502 15:51:38.532757 139579566835264 terminal.py:91] [Evaluator] Actor Episodes = 17892 | Actor Steps = 894600 | Delta Dist = 12.436 | Delta Dist 10 = 10.073 | Delta Dist 100 = 11.179 | Delta Dist 1000 = 10.830 | Episode Length = 50 | Episode Return = 12.0 | Evaluator Episodes = 4525 | Evaluator Steps = 226250 | Final Dist = 0.370 | Final Dist 10 = 2.733 | Final Dist 100 = 1.627 | Final Dist 1000 = 1.976 | Init Dist = 12.806 | Init Dist 10 = 12.806 | Init Dist 100 = 12.806 | Init Dist 1000 = 12.806 | Learner Steps = 13821 | Learner Walltime = 2721.697 | Min Dist = 0.212 | Min Dist 10 = 2.034 | Min Dist 100 = 0.872 | Min Dist 1000 = 1.259 | Steps Per Second = 90.717 | Success = 1.000 | Success 1000 = 0.849
I0502 15:51:38.609557 139555860620864 terminal.py:91] [Actor] Actor Episodes = 17894 | Actor Steps = 894700 | Delta Dist = 3.356 | Delta Dist 10 = 3.149 | Delta Dist 100 = 3.758 | Delta Dist 1000 = 4.151 | Episode Length = 50 | Episode Return = 41.0 | Evaluator Episodes = 4525 | Evaluator Steps = 226250 | Final Dist = 0.250 | Final Dist 10 = 1.284 | Final Dist 100 = 1.530 | Final Dist 1000 = 1.654 | Init Dist = 3.606 | Init Dist 10 = 4.433 | Init Dist 100 = 5.288 | Init Dist 1000 = 5.805 | Learner Steps = 13821 | Learner Walltime = 2721.697 | Min Dist = 0.123 | Min Dist 10 = 0.067 | Min Dist 100 = 0.171 | Min Dist 1000 = 0.233 | Steps Per Second = 108.748 | Success = 1.000 | Success 1000 = 0.988
I0502 15:51:39.610842 139555013154368 terminal.py:91] [Learner] Actor Episodes = 17894 | Actor Loss = 3.6204819679260254 | Actor Steps = 894700 | Binary Accuracy = 0.9959783554077148 | Categorical Accuracy = 0.42010498046875 | Critic Loss = 1.9043545722961426 | Entropy Mean = -20.82025146484375 | Evaluator Episodes = 4525 | Evaluator Steps = 226250 | Learner Steps = 13833 | Learner Walltime = 2723.806 | Logits Neg = -15.982234001159668 | Logits Pos = -1.9109830856323242 | Logsumexp = 1.2705475091934204 | Steps Per Second = 251.170
I0502 15:51:39.670137 139584504182336 lp_utils.py:96] StepsLimiter: Reached 894950 recorded steps
I0502 15:51:39.706345 139579566835264 terminal.py:91] [Evaluator] Actor Episodes = 17899 | Actor Steps = 894950 | Delta Dist = 10.958 | Delta Dist 10 = 10.765 | Delta Dist 100 = 11.184 | Delta Dist 1000 = 10.830 | Episode Length = 50 | Episode Return = 12.0 | Evaluator Episodes = 4527 | Evaluator Steps = 226350 | Final Dist = 1.849 | Final Dist 10 = 2.042 | Final Dist 100 = 1.622 | Final Dist 1000 = 1.976 | Init Dist = 12.806 | Init Dist 10 = 12.806 | Init Dist 100 = 12.806 | Init Dist 1000 = 12.806 | Learner Steps = 13828 | Learner Walltime = 2722.866 | Min Dist = 0.204 | Min Dist 10 = 1.332 | Min Dist 100 = 0.870 | Min Dist 1000 = 1.259 | Steps Per Second = 89.999 | Success = 1.000 | Success 1000 = 0.849
I0502 15:51:40.802845 139579566835264 terminal.py:91] [Evaluator] Actor Episodes = 17907 | Actor Steps = 895350 | Delta Dist = 3.851 | Delta Dist 10 = 11.255 | Delta Dist 100 = 11.177 | Delta Dist 1000 = 10.829 | Episode Length = 50 | Episode Return = 0.0 | Evaluator Episodes = 4529 | Evaluator Steps = 226450 | Final Dist = 8.956 | Final Dist 10 = 1.552 | Final Dist 100 = 1.629 | Final Dist 1000 = 1.977 | Init Dist = 12.806 | Init Dist 10 = 12.806 | Init Dist 100 = 12.806 | Init Dist 1000 = 12.806 | Learner Steps = 13834 | Learner Walltime = 2724.118 | Min Dist = 7.083 | Min Dist 10 = 0.752 | Min Dist 100 = 0.868 | Min Dist 1000 = 1.258 | Steps Per Second = 91.152 | Success = 0.000 | Success 1000 = 0.849
I0502 15:51:41.540486 139557462840896 terminal.py:91] [Actor] Actor Episodes = 17910 | Actor Steps = 895500 | Delta Dist = 1.108 | Delta Dist 10 = 5.251 | Delta Dist 100 = 3.690 | Delta Dist 1000 = 4.155 | Episode Length = 50 | Episode Return = 25.0 | Evaluator Episodes = 4529 | Evaluator Steps = 226450 | Final Dist = 1.128 | Final Dist 10 = 2.087 | Final Dist 100 = 1.808 | Final Dist 1000 = 1.678 | Init Dist = 2.236 | Init Dist 10 = 7.338 | Init Dist 100 = 5.498 | Init Dist 1000 = 5.833 | Learner Steps = 13834 | Learner Walltime = 2724.118 | Min Dist = 0.319 | Min Dist 10 = 0.115 | Min Dist 100 = 0.175 | Min Dist 1000 = 0.233 | Steps Per Second = 81.022 | Success = 1.000 | Success 1000 = 0.988
I0502 15:51:41.927969 139579566835264 terminal.py:91] [Evaluator] Actor Episodes = 17915 | Actor Steps = 895750 | Delta Dist = 4.148 | Delta Dist 10 = 10.491 | Delta Dist 100 = 11.108 | Delta Dist 1000 = 10.822 | Episode Length = 50 | Episode Return = 0.0 | Evaluator Episodes = 4531 | Evaluator Steps = 226550 | Final Dist = 8.658 | Final Dist 10 = 2.315 | Final Dist 100 = 1.698 | Final Dist 1000 = 1.984 | Init Dist = 12.806 | Init Dist 10 = 12.806 | Init Dist 100 = 12.806 | Init Dist 1000 = 12.806 | Learner Steps = 13840 | Learner Walltime = 2725.293 | Min Dist = 7.677 | Min Dist 10 = 1.449 | Min Dist 100 = 0.939 | Min Dist 1000 = 1.265 | Steps Per Second = 90.215 | Success = 0.000 | Success 1000 = 0.848
I0502 15:51:43.126596 139579566835264 terminal.py:91] [Evaluator] Actor Episodes = 17923 | Actor Steps = 896150 | Delta Dist = 12.408 | Delta Dist 10 = 10.342 | Delta Dist 100 = 11.031 | Delta Dist 1000 = 10.815 | Episode Length = 50 | Episode Return = 11.0 | Evaluator Episodes = 4533 | Evaluator Steps = 226650 | Final Dist = 0.398 | Final Dist 10 = 2.464 | Final Dist 100 = 1.775 | Final Dist 1000 = 1.992 | Init Dist = 12.806 | Init Dist 10 = 12.806 | Init Dist 100 = 12.806 | Init Dist 1000 = 12.806 | Learner Steps = 13846 | Learner Walltime = 2726.397 | Min Dist = 0.068 | Min Dist 10 = 1.604 | Min Dist 100 = 1.013 | Min Dist 1000 = 1.273 | Steps Per Second = 81.361 | Success = 1.000 | Success 1000 = 0.847
I0502 15:51:44.353688 139579566835264 terminal.py:91] [Evaluator] Actor Episodes = 17931 | Actor Steps = 896550 | Delta Dist = 6.906 | Delta Dist 10 = 9.815 | Delta Dist 100 = 10.984 | Delta Dist 1000 = 10.810 | Episode Length = 50 | Episode Return = 0.0 | Evaluator Episodes = 4535 | Evaluator Steps = 226750 | Final Dist = 5.900 | Final Dist 10 = 2.991 | Final Dist 100 = 1.822 | Final Dist 1000 = 1.996 | Init Dist = 12.806 | Init Dist 10 = 12.806 | Init Dist 100 = 12.806 | Init Dist 1000 = 12.806 | Learner Steps = 13853 | Learner Walltime = 2727.596 | Min Dist = 5.890 | Min Dist 10 = 2.168 | Min Dist 100 = 1.071 | Min Dist 1000 = 1.278 | Steps Per Second = 85.896 | Success = 0.000 | Success 1000 = 0.846
I0502 15:51:45.465746 139579566835264 terminal.py:91] [Evaluator] Actor Episodes = 17939 | Actor Steps = 896950 | Delta Dist = 11.393 | Delta Dist 10 = 9.389 | Delta Dist 100 = 10.936 | Delta Dist 1000 = 10.806 | Episode Length = 50 | Episode Return = 8.0 | Evaluator Episodes = 4537 | Evaluator Steps = 226850 | Final Dist = 1.413 | Final Dist 10 = 3.417 | Final Dist 100 = 1.870 | Final Dist 1000 = 2.000 | Init Dist = 12.806 | Init Dist 10 = 12.806 | Init Dist 100 = 12.806 | Init Dist 1000 = 12.806 | Learner Steps = 13858 | Learner Walltime = 2728.757 | Min Dist = 0.096 | Min Dist 10 = 2.739 | Min Dist 100 = 1.127 | Min Dist 1000 = 1.283 | Steps Per Second = 86.088 | Success = 1.000 | Success 1000 = 0.845
I0502 15:51:46.703111 139579566835264 terminal.py:91] [Evaluator] Actor Episodes = 17947 | Actor Steps = 897350 | Delta Dist = 12.387 | Delta Dist 10 = 8.889 | Delta Dist 100 = 10.878 | Delta Dist 1000 = 10.800 | Episode Length = 50 | Episode Return = 8.0 | Evaluator Episodes = 4539 | Evaluator Steps = 226950 | Final Dist = 0.419 | Final Dist 10 = 3.917 | Final Dist 100 = 1.928 | Final Dist 1000 = 2.007 | Init Dist = 12.806 | Init Dist 10 = 12.806 | Init Dist 100 = 12.806 | Init Dist 1000 = 12.806 | Learner Steps = 13864 | Learner Walltime = 2729.965 | Min Dist = 0.240 | Min Dist 10 = 3.303 | Min Dist 100 = 1.173 | Min Dist 1000 = 1.289 | Steps Per Second = 89.192 | Success = 1.000 | Success 1000 = 0.844
I0502 15:51:47.141583 139558059398720 terminal.py:91] [Actor] Actor Episodes = 17953 | Actor Steps = 897650 | Delta Dist = 4.017 | Delta Dist 10 = 3.748 | Delta Dist 100 = 4.048 | Delta Dist 1000 = 4.130 | Episode Length = 50 | Episode Return = 33.0 | Evaluator Episodes = 4539 | Evaluator Steps = 226950 | Final Dist = 0.455 | Final Dist 10 = 1.078 | Final Dist 100 = 1.707 | Final Dist 1000 = 1.685 | Init Dist = 4.472 | Init Dist 10 = 4.826 | Init Dist 100 = 5.755 | Init Dist 1000 = 5.815 | Learner Steps = 13871 | Learner Walltime = 2731.215 | Min Dist = 0.188 | Min Dist 10 = 0.178 | Min Dist 100 = 0.213 | Min Dist 1000 = 0.238 | Steps Per Second = 73.311 | Success = 1.000 | Success 1000 = 0.986
I0502 15:51:47.442229 139584635659840 savers.py:156] Saving checkpoint: logs/contrastive_cpc_point_FourRooms_64/5dd72662-2788-11f0-b183-d85ed38c5779/checkpoints/counter
I0502 15:51:48.229116 139583350109760 savers.py:156] Saving checkpoint: logs/contrastive_cpc_point_FourRooms_64/5dd72662-2788-11f0-b183-d85ed38c5779/checkpoints/learner
I0502 15:51:48.448594 139569349502528 terminal.py:91] [Actor] Actor Episodes = 17959 | Actor Steps = 897950 | Delta Dist = 4.730 | Delta Dist 10 = 3.787 | Delta Dist 100 = 4.099 | Delta Dist 1000 = 4.133 | Episode Length = 50 | Episode Return = 29.0 | Evaluator Episodes = 4539 | Evaluator Steps = 226950 | Final Dist = 0.369 | Final Dist 10 = 0.944 | Final Dist 100 = 1.675 | Final Dist 1000 = 1.675 | Init Dist = 5.099 | Init Dist 10 = 4.731 | Init Dist 100 = 5.774 | Init Dist 1000 = 5.808 | Learner Steps = 13874 | Learner Walltime = 2732.431 | Min Dist = 0.322 | Min Dist 10 = 0.089 | Min Dist 100 = 0.215 | Min Dist 1000 = 0.238 | Steps Per Second = 39.275 | Success = 1.000 | Success 1000 = 0.986
I0502 15:51:48.529584 139579566835264 terminal.py:91] [Evaluator] Actor Episodes = 17959 | Actor Steps = 897950 | Delta Dist = 11.454 | Delta Dist 10 = 9.670 | Delta Dist 100 = 10.879 | Delta Dist 1000 = 10.800 | Episode Length = 50 | Episode Return = 4.0 | Evaluator Episodes = 4541 | Evaluator Steps = 227050 | Final Dist = 1.352 | Final Dist 10 = 3.137 | Final Dist 100 = 1.927 | Final Dist 1000 = 2.007 | Init Dist = 12.806 | Init Dist 10 = 12.806 | Init Dist 100 = 12.806 | Init Dist 1000 = 12.806 | Learner Steps = 13874 | Learner Walltime = 2732.431 | Min Dist = 0.394 | Min Dist 10 = 2.630 | Min Dist 100 = 1.169 | Min Dist 1000 = 1.289 | Steps Per Second = 42.299 | Success = 1.000 | Success 1000 = 0.844
I0502 15:51:49.038096 139555860620864 terminal.py:91] [Actor] Actor Episodes = 17958 | Actor Steps = 897900 | Delta Dist = 6.937 | Delta Dist 10 = 4.123 | Delta Dist 100 = 4.096 | Delta Dist 1000 = 4.128 | Episode Length = 50 | Episode Return = 43.0 | Evaluator Episodes = 4539 | Evaluator Steps = 226950 | Final Dist = 0.063 | Final Dist 10 = 0.874 | Final Dist 100 = 1.678 | Final Dist 1000 = 1.675 | Init Dist = 7.000 | Init Dist 10 = 4.997 | Init Dist 100 = 5.774 | Init Dist 1000 = 5.802 | Learner Steps = 13874 | Learner Walltime = 2732.431 | Min Dist = 0.063 | Min Dist 10 = 0.113 | Min Dist 100 = 0.218 | Min Dist 1000 = 0.239 | Steps Per Second = 63.315 | Success = 1.000 | Success 1000 = 0.986
I0502 15:51:49.648835 139555013154368 terminal.py:91] [Learner] Actor Episodes = 17959 | Actor Loss = 3.4713573455810547 | Actor Steps = 897950 | Binary Accuracy = 0.9960758686065674 | Categorical Accuracy = 0.4296875 | Critic Loss = 1.918290615081787 | Entropy Mean = -17.564910888671875 | Evaluator Episodes = 4541 | Evaluator Steps = 227050 | Learner Steps = 13880 | Learner Walltime = 2733.846 | Logits Neg = -15.653831481933594 | Logits Pos = -1.9011240005493164 | Logsumexp = 1.15535569190979 | Steps Per Second = 159.245
I0502 15:51:49.885484 139579566835264 terminal.py:91] [Evaluator] Actor Episodes = 17967 | Actor Steps = 898350 | Delta Dist = 5.340 | Delta Dist 10 = 10.312 | Delta Dist 100 = 10.876 | Delta Dist 1000 = 10.799 | Episode Length = 50 | Episode Return = 0.0 | Evaluator Episodes = 4543 | Evaluator Steps = 227150 | Final Dist = 7.467 | Final Dist 10 = 2.494 | Final Dist 100 = 1.931 | Final Dist 1000 = 2.008 | Init Dist = 12.806 | Init Dist 10 = 12.806 | Init Dist 100 = 12.806 | Init Dist 1000 = 12.806 | Learner Steps = 13879 | Learner Walltime = 2733.444 | Min Dist = 6.986 | Min Dist 10 = 1.938 | Min Dist 100 = 1.176 | Min Dist 1000 = 1.290 | Steps Per Second = 69.632 | Success = 0.000 | Success 1000 = 0.844
I0502 15:51:49.963710 139584504182336 lp_utils.py:96] StepsLimiter: Reached 898350 recorded steps
I0502 15:51:51.244529 139579566835264 terminal.py:91] [Evaluator] Actor Episodes = 17973 | Actor Steps = 898650 | Delta Dist = 12.676 | Delta Dist 10 = 10.084 | Delta Dist 100 = 10.869 | Delta Dist 1000 = 10.792 | Episode Length = 50 | Episode Return = 9.0 | Evaluator Episodes = 4545 | Evaluator Steps = 227250 | Final Dist = 0.131 | Final Dist 10 = 2.722 | Final Dist 100 = 1.938 | Final Dist 1000 = 2.015 | Init Dist = 12.806 | Init Dist 10 = 12.806 | Init Dist 100 = 12.806 | Init Dist 1000 = 12.806 | Learner Steps = 13884 | Learner Walltime = 2734.523 | Min Dist = 0.127 | Min Dist 10 = 2.045 | Min Dist 100 = 1.183 | Min Dist 1000 = 1.296 | Steps Per Second = 71.300 | Success = 1.000 | Success 1000 = 0.843
I0502 15:51:51.645821 139557462840896 terminal.py:91] [Actor] Actor Episodes = 17970 | Actor Steps = 898500 | Delta Dist = 3.064 | Delta Dist 10 = 3.900 | Delta Dist 100 = 4.185 | Delta Dist 1000 = 4.140 | Episode Length = 50 | Episode Return = 41.0 | Evaluator Episodes = 4543 | Evaluator Steps = 227150 | Final Dist = 1.060 | Final Dist 10 = 0.760 | Final Dist 100 = 1.410 | Final Dist 1000 = 1.654 | Init Dist = 4.123 | Init Dist 10 = 4.659 | Init Dist 100 = 5.595 | Init Dist 1000 = 5.794 | Learner Steps = 13884 | Learner Walltime = 2734.523 | Min Dist = 0.012 | Min Dist 10 = 0.131 | Min Dist 100 = 0.143 | Min Dist 1000 = 0.238 | Steps Per Second = 71.540 | Success = 1.000 | Success 1000 = 0.986
I0502 15:51:52.515148 139579566835264 terminal.py:91] [Evaluator] Actor Episodes = 17981 | Actor Steps = 899050 | Delta Dist = 11.152 | Delta Dist 10 = 9.942 | Delta Dist 100 = 10.821 | Delta Dist 1000 = 10.791 | Episode Length = 50 | Episode Return = 13.0 | Evaluator Episodes = 4547 | Evaluator Steps = 227350 | Final Dist = 1.654 | Final Dist 10 = 2.865 | Final Dist 100 = 1.986 | Final Dist 1000 = 2.015 | Init Dist = 12.806 | Init Dist 10 = 12.806 | Init Dist 100 = 12.806 | Init Dist 1000 = 12.806 | Learner Steps = 13894 | Learner Walltime = 2736.698 | Min Dist = 0.155 | Min Dist 10 = 2.048 | Min Dist 100 = 1.239 | Min Dist 1000 = 1.296 | Steps Per Second = 78.895 | Success = 1.000 | Success 1000 = 0.843
I0502 15:51:53.697682 139579566835264 terminal.py:91] [Evaluator] Actor Episodes = 17989 | Actor Steps = 899450 | Delta Dist = 11.882 | Delta Dist 10 = 10.591 | Delta Dist 100 = 10.829 | Delta Dist 1000 = 10.803 | Episode Length = 50 | Episode Return = 1.0 | Evaluator Episodes = 4549 | Evaluator Steps = 227450 | Final Dist = 0.924 | Final Dist 10 = 2.215 | Final Dist 100 = 1.977 | Final Dist 1000 = 2.004 | Init Dist = 12.806 | Init Dist 10 = 12.806 | Init Dist 100 = 12.806 | Init Dist 1000 = 12.806 | Learner Steps = 13900 | Learner Walltime = 2737.815 | Min Dist = 0.924 | Min Dist 10 = 1.475 | Min Dist 100 = 1.232 | Min Dist 1000 = 1.283 | Steps Per Second = 92.048 | Success = 1.000 | Success 1000 = 0.845
I0502 15:51:54.827877 139579566835264 terminal.py:91] [Evaluator] Actor Episodes = 17993 | Actor Steps = 899650 | Delta Dist = 11.797 | Delta Dist 10 = 10.502 | Delta Dist 100 = 10.826 | Delta Dist 1000 = 10.803 | Episode Length = 50 | Episode Return = 23.0 | Evaluator Episodes = 4551 | Evaluator Steps = 227550 | Final Dist = 1.010 | Final Dist 10 = 2.304 | Final Dist 100 = 1.980 | Final Dist 1000 = 2.004 | Init Dist = 12.806 | Init Dist 10 = 12.806 | Init Dist 100 = 12.806 | Init Dist 1000 = 12.806 | Learner Steps = 13900 | Learner Walltime = 2737.815 | Min Dist = 0.080 | Min Dist 10 = 1.537 | Min Dist 100 = 1.229 | Min Dist 1000 = 1.283 | Steps Per Second = 98.788 | Success = 1.000 | Success 1000 = 0.845
I0502 15:51:56.122974 139579566835264 terminal.py:91] [Evaluator] Actor Episodes = 18001 | Actor Steps = 900050 | Delta Dist = 12.098 | Delta Dist 10 = 10.619 | Delta Dist 100 = 10.836 | Delta Dist 1000 = 10.804 | Episode Length = 50 | Episode Return = 19.0 | Evaluator Episodes = 4553 | Evaluator Steps = 227650 | Final Dist = 0.708 | Final Dist 10 = 2.187 | Final Dist 100 = 1.971 | Final Dist 1000 = 2.002 | Init Dist = 12.806 | Init Dist 10 = 12.806 | Init Dist 100 = 12.806 | Init Dist 1000 = 12.806 | Learner Steps = 13911 | Learner Walltime = 2740.266 | Min Dist = 0.188 | Min Dist 10 = 1.458 | Min Dist 100 = 1.229 | Min Dist 1000 = 1.283 | Steps Per Second = 76.414 | Success = 1.000 | Success 1000 = 0.845
I0502 15:51:57.313500 139579566835264 terminal.py:91] [Evaluator] Actor Episodes = 18009 | Actor Steps = 900450 | Delta Dist = 11.579 | Delta Dist 10 = 11.310 | Delta Dist 100 = 10.904 | Delta Dist 1000 = 10.804 | Episode Length = 50 | Episode Return = 6.0 | Evaluator Episodes = 4555 | Evaluator Steps = 227750 | Final Dist = 1.227 | Final Dist 10 = 1.497 | Final Dist 100 = 1.902 | Final Dist 1000 = 2.002 | Init Dist = 12.806 | Init Dist 10 = 12.806 | Init Dist 100 = 12.806 | Init Dist 1000 = 12.806 | Learner Steps = 13911 | Learner Walltime = 2740.266 | Min Dist = 0.231 | Min Dist 10 = 0.821 | Min Dist 100 = 1.158 | Min Dist 1000 = 1.283 | Steps Per Second = 84.259 | Success = 1.000 | Success 1000 = 0.845
I0502 15:51:57.531437 139558059398720 terminal.py:91] [Actor] Actor Episodes = 18013 | Actor Steps = 900650 | Delta Dist = 2.863 | Delta Dist 10 = 5.723 | Delta Dist 100 = 4.494 | Delta Dist 1000 = 4.125 | Episode Length = 50 | Episode Return = 37.0 | Evaluator Episodes = 4555 | Evaluator Steps = 227750 | Final Dist = 0.299 | Final Dist 10 = 0.598 | Final Dist 100 = 1.115 | Final Dist 1000 = 1.657 | Init Dist = 3.162 | Init Dist 10 = 6.321 | Init Dist 100 = 5.608 | Init Dist 1000 = 5.782 | Learner Steps = 13918 | Learner Walltime = 2741.703 | Min Dist = 0.138 | Min Dist 10 = 0.167 | Min Dist 100 = 0.149 | Min Dist 1000 = 0.239 | Steps Per Second = 82.664 | Success = 1.000 | Success 1000 = 0.987
I0502 15:51:58.565172 139579566835264 terminal.py:91] [Evaluator] Actor Episodes = 18017 | Actor Steps = 900850 | Delta Dist = 11.058 | Delta Dist 10 = 11.867 | Delta Dist 100 = 10.900 | Delta Dist 1000 = 10.804 | Episode Length = 50 | Episode Return = 13.0 | Evaluator Episodes = 4557 | Evaluator Steps = 227850 | Final Dist = 1.748 | Final Dist 10 = 0.939 | Final Dist 100 = 1.906 | Final Dist 1000 = 2.002 | Init Dist = 12.806 | Init Dist 10 = 12.806 | Init Dist 100 = 12.806 | Init Dist 1000 = 12.806 | Learner Steps = 13918 | Learner Walltime = 2741.703 | Min Dist = 0.335 | Min Dist 10 = 0.260 | Min Dist 100 = 1.159 | Min Dist 1000 = 1.283 | Steps Per Second = 81.717 | Success = 1.000 | Success 1000 = 0.845
I0502 15:51:58.775406 139569349502528 terminal.py:91] [Actor] Actor Episodes = 18021 | Actor Steps = 901050 | Delta Dist = 6.133 | Delta Dist 10 = 4.191 | Delta Dist 100 = 4.392 | Delta Dist 1000 = 4.099 | Episode Length = 50 | Episode Return = 7.0 | Evaluator Episodes = 4557 | Evaluator Steps = 227850 | Final Dist = 0.575 | Final Dist 10 = 1.603 | Final Dist 100 = 1.215 | Final Dist 1000 = 1.666 | Init Dist = 6.708 | Init Dist 10 = 5.793 | Init Dist 100 = 5.607 | Init Dist 1000 = 5.766 | Learner Steps = 13918 | Learner Walltime = 2741.703 | Min Dist = 0.197 | Min Dist 10 = 0.555 | Min Dist 100 = 0.196 | Min Dist 1000 = 0.243 | Steps Per Second = 83.917 | Success = 1.000 | Success 1000 = 0.987
I0502 15:51:59.319721 139555860620864 terminal.py:91] [Actor] Actor Episodes = 18020 | Actor Steps = 901000 | Delta Dist = 1.994 | Delta Dist 10 = 3.896 | Delta Dist 100 = 4.379 | Delta Dist 1000 = 4.091 | Episode Length = 50 | Episode Return = 32.0 | Evaluator Episodes = 4557 | Evaluator Steps = 227850 | Final Dist = 0.242 | Final Dist 10 = 1.663 | Final Dist 100 = 1.201 | Final Dist 1000 = 1.667 | Init Dist = 2.236 | Init Dist 10 = 5.559 | Init Dist 100 = 5.580 | Init Dist 1000 = 5.758 | Learner Steps = 13918 | Learner Walltime = 2741.703 | Min Dist = 0.096 | Min Dist 10 = 0.594 | Min Dist 100 = 0.201 | Min Dist 1000 = 0.243 | Steps Per Second = 78.734 | Success = 1.000 | Success 1000 = 0.987
I0502 15:51:59.815391 139579566835264 terminal.py:91] [Evaluator] Actor Episodes = 18025 | Actor Steps = 901250 | Delta Dist = 11.495 | Delta Dist 10 = 11.858 | Delta Dist 100 = 10.901 | Delta Dist 1000 = 10.805 | Episode Length = 50 | Episode Return = 18.0 | Evaluator Episodes = 4559 | Evaluator Steps = 227950 | Final Dist = 1.311 | Final Dist 10 = 0.949 | Final Dist 100 = 1.905 | Final Dist 1000 = 2.001 | Init Dist = 12.806 | Init Dist 10 = 12.806 | Init Dist 100 = 12.806 | Init Dist 1000 = 12.806 | Learner Steps = 13925 | Learner Walltime = 2743.007 | Min Dist = 0.097 | Min Dist 10 = 0.286 | Min Dist 100 = 1.155 | Min Dist 1000 = 1.283 | Steps Per Second = 85.323 | Success = 1.000 | Success 1000 = 0.845
I0502 15:51:59.986634 139584504182336 lp_utils.py:96] StepsLimiter: Reached 901350 recorded steps
I0502 15:52:00.032395 139555013154368 terminal.py:91] [Learner] Actor Episodes = 18031 | Actor Loss = 3.546205520629883 | Actor Steps = 901550 | Binary Accuracy = 0.9959867000579834 | Categorical Accuracy = 0.43072509765625 | Critic Loss = 1.877517819404602 | Entropy Mean = -19.531780242919922 | Evaluator Episodes = 4559 | Evaluator Steps = 227950 | Learner Steps = 13931 | Learner Walltime = 2744.220 | Logits Neg = -16.16939353942871 | Logits Pos = -1.86918306350708 | Logsumexp = 1.2145434617996216 | Steps Per Second = 151.787
I0502 15:52:01.173957 139579566835264 terminal.py:91] [Evaluator] Actor Episodes = 18035 | Actor Steps = 901750 | Delta Dist = 11.745 | Delta Dist 10 = 11.902 | Delta Dist 100 = 10.909 | Delta Dist 1000 = 10.805 | Episode Length = 50 | Episode Return = 13.0 | Evaluator Episodes = 4561 | Evaluator Steps = 228050 | Final Dist = 1.061 | Final Dist 10 = 0.904 | Final Dist 100 = 1.897 | Final Dist 1000 = 2.001 | Init Dist = 12.806 | Init Dist 10 = 12.806 | Init Dist 100 = 12.806 | Init Dist 1000 = 12.806 | Learner Steps = 13937 | Learner Walltime = 2745.328 | Min Dist = 0.153 | Min Dist 10 = 0.194 | Min Dist 100 = 1.154 | Min Dist 1000 = 1.282 | Steps Per Second = 72.666 | Success = 1.000 | Success 1000 = 0.845
I0502 15:52:01.646213 139557462840896 terminal.py:91] [Actor] Actor Episodes = 18034 | Actor Steps = 901700 | Delta Dist = 2.651 | Delta Dist 10 = 5.158 | Delta Dist 100 = 4.415 | Delta Dist 1000 = 4.100 | Episode Length = 50 | Episode Return = 3.0 | Evaluator Episodes = 4559 | Evaluator Steps = 227950 | Final Dist = 0.954 | Final Dist 10 = 0.963 | Final Dist 100 = 1.081 | Final Dist 1000 = 1.678 | Init Dist = 3.606 | Init Dist 10 = 6.121 | Init Dist 100 = 5.496 | Init Dist 1000 = 5.778 | Learner Steps = 13931 | Learner Walltime = 2744.220 | Min Dist = 0.020 | Min Dist 10 = 0.132 | Min Dist 100 = 0.173 | Min Dist 1000 = 0.244 | Steps Per Second = 80.388 | Success = 1.000 | Success 1000 = 0.987
I0502 15:52:02.352492 139579566835264 terminal.py:91] [Evaluator] Actor Episodes = 18041 | Actor Steps = 902050 | Delta Dist = 11.726 | Delta Dist 10 = 11.818 | Delta Dist 100 = 10.903 | Delta Dist 1000 = 10.804 | Episode Length = 50 | Episode Return = 12.0 | Evaluator Episodes = 4563 | Evaluator Steps = 228150 | Final Dist = 1.081 | Final Dist 10 = 0.988 | Final Dist 100 = 1.903 | Final Dist 1000 = 2.002 | Init Dist = 12.806 | Init Dist 10 = 12.806 | Init Dist 100 = 12.806 | Init Dist 1000 = 12.806 | Learner Steps = 13942 | Learner Walltime = 2746.349 | Min Dist = 0.059 | Min Dist 10 = 0.260 | Min Dist 100 = 1.150 | Min Dist 1000 = 1.282 | Steps Per Second = 81.567 | Success = 1.000 | Success 1000 = 0.845
I0502 15:52:03.495131 139579566835264 terminal.py:91] [Evaluator] Actor Episodes = 18047 | Actor Steps = 902350 | Delta Dist = 12.497 | Delta Dist 10 = 11.780 | Delta Dist 100 = 10.970 | Delta Dist 1000 = 10.811 | Episode Length = 50 | Episode Return = 15.0 | Evaluator Episodes = 4565 | Evaluator Steps = 228250 | Final Dist = 0.309 | Final Dist 10 = 1.026 | Final Dist 100 = 1.836 | Final Dist 1000 = 1.995 | Init Dist = 12.806 | Init Dist 10 = 12.806 | Init Dist 100 = 12.806 | Init Dist 1000 = 12.806 | Learner Steps = 13948 | Learner Walltime = 2747.439 | Min Dist = 0.309 | Min Dist 10 = 0.204 | Min Dist 100 = 1.080 | Min Dist 1000 = 1.277 | Steps Per Second = 84.892 | Success = 1.000 | Success 1000 = 0.846
I0502 15:52:04.703855 139579566835264 terminal.py:91] [Evaluator] Actor Episodes = 18055 | Actor Steps = 902750 | Delta Dist = 11.849 | Delta Dist 10 = 11.251 | Delta Dist 100 = 10.987 | Delta Dist 1000 = 10.806 | Episode Length = 50 | Episode Return = 11.0 | Evaluator Episodes = 4567 | Evaluator Steps = 228350 | Final Dist = 0.957 | Final Dist 10 = 1.555 | Final Dist 100 = 1.819 | Final Dist 1000 = 2.000 | Init Dist = 12.806 | Init Dist 10 = 12.806 | Init Dist 100 = 12.806 | Init Dist 1000 = 12.806 | Learner Steps = 13953 | Learner Walltime = 2748.478 | Min Dist = 0.307 | Min Dist 10 = 0.814 | Min Dist 100 = 1.077 | Min Dist 1000 = 1.283 | Steps Per Second = 85.899 | Success = 1.000 | Success 1000 = 0.845
I0502 15:52:05.991612 139579566835264 terminal.py:91] [Evaluator] Actor Episodes = 18063 | Actor Steps = 903150 | Delta Dist = 6.332 | Delta Dist 10 = 11.328 | Delta Dist 100 = 10.993 | Delta Dist 1000 = 10.807 | Episode Length = 50 | Episode Return = 0.0 | Evaluator Episodes = 4569 | Evaluator Steps = 228450 | Final Dist = 6.475 | Final Dist 10 = 1.478 | Final Dist 100 = 1.814 | Final Dist 1000 = 1.999 | Init Dist = 12.806 | Init Dist 10 = 12.806 | Init Dist 100 = 12.806 | Init Dist 1000 = 12.806 | Learner Steps = 13959 | Learner Walltime = 2749.756 | Min Dist = 5.909 | Min Dist 10 = 0.801 | Min Dist 100 = 1.075 | Min Dist 1000 = 1.282 | Steps Per Second = 84.173 | Success = 0.000 | Success 1000 = 0.845
I0502 15:52:07.205844 139579566835264 terminal.py:91] [Evaluator] Actor Episodes = 18071 | Actor Steps = 903550 | Delta Dist = 4.206 | Delta Dist 10 = 10.743 | Delta Dist 100 = 10.925 | Delta Dist 1000 = 10.801 | Episode Length = 50 | Episode Return = 0.0 | Evaluator Episodes = 4571 | Evaluator Steps = 228550 | Final Dist = 8.600 | Final Dist 10 = 2.063 | Final Dist 100 = 1.881 | Final Dist 1000 = 2.005 | Init Dist = 12.806 | Init Dist 10 = 12.806 | Init Dist 100 = 12.806 | Init Dist 1000 = 12.806 | Learner Steps = 13965 | Learner Walltime = 2750.980 | Min Dist = 7.338 | Min Dist 10 = 1.409 | Min Dist 100 = 1.135 | Min Dist 1000 = 1.288 | Steps Per Second = 81.588 | Success = 0.000 | Success 1000 = 0.844
I0502 15:52:07.920631 139558059398720 terminal.py:91] [Actor] Actor Episodes = 18074 | Actor Steps = 903700 | Delta Dist = 3.781 | Delta Dist 10 = 2.784 | Delta Dist 100 = 4.445 | Delta Dist 1000 = 4.109 | Episode Length = 50 | Episode Return = 27.0 | Evaluator Episodes = 4571 | Evaluator Steps = 228550 | Final Dist = 0.692 | Final Dist 10 = 0.879 | Final Dist 100 = 1.204 | Final Dist 1000 = 1.672 | Init Dist = 4.472 | Init Dist 10 = 3.663 | Init Dist 100 = 5.649 | Init Dist 1000 = 5.781 | Learner Steps = 13965 | Learner Walltime = 2750.980 | Min Dist = 0.026 | Min Dist 10 = 0.125 | Min Dist 100 = 0.161 | Min Dist 1000 = 0.245 | Steps Per Second = 76.146 | Success = 1.000 | Success 1000 = 0.986
I0502 15:52:08.432490 139579566835264 terminal.py:91] [Evaluator] Actor Episodes = 18079 | Actor Steps = 903950 | Delta Dist = 11.758 | Delta Dist 10 = 9.992 | Delta Dist 100 = 10.830 | Delta Dist 1000 = 10.794 | Episode Length = 50 | Episode Return = 7.0 | Evaluator Episodes = 4573 | Evaluator Steps = 228650 | Final Dist = 1.048 | Final Dist 10 = 2.815 | Final Dist 100 = 1.976 | Final Dist 1000 = 2.013 | Init Dist = 12.806 | Init Dist 10 = 12.806 | Init Dist 100 = 12.806 | Init Dist 1000 = 12.806 | Learner Steps = 13971 | Learner Walltime = 2752.243 | Min Dist = 0.229 | Min Dist 10 = 2.085 | Min Dist 100 = 1.209 | Min Dist 1000 = 1.294 | Steps Per Second = 85.922 | Success = 1.000 | Success 1000 = 0.843
I0502 15:52:08.785598 139569349502528 terminal.py:91] [Actor] Actor Episodes = 18087 | Actor Steps = 904350 | Delta Dist = 0.000 | Delta Dist 10 = 3.305 | Delta Dist 100 = 4.284 | Delta Dist 1000 = 4.108 | Episode Length = 50 | Episode Return = 24.0 | Evaluator Episodes = 4573 | Evaluator Steps = 228650 | Final Dist = 12.728 | Final Dist 10 = 1.085 | Final Dist 100 = 1.228 | Final Dist 1000 = 1.669 | Init Dist = 12.728 | Init Dist 10 = 4.390 | Init Dist 100 = 5.512 | Init Dist 1000 = 5.777 | Learner Steps = 13971 | Learner Walltime = 2752.243 | Min Dist = 12.728 | Min Dist 10 = 0.113 | Min Dist 100 = 0.154 | Min Dist 1000 = 0.245 | Steps Per Second = 80.120 | Success = 0.000 | Success 1000 = 0.986
I0502 15:52:09.693598 139579566835264 terminal.py:91] [Evaluator] Actor Episodes = 18087 | Actor Steps = 904350 | Delta Dist = 11.849 | Delta Dist 10 = 9.508 | Delta Dist 100 = 10.784 | Delta Dist 1000 = 10.788 | Episode Length = 50 | Episode Return = 21.0 | Evaluator Episodes = 4575 | Evaluator Steps = 228750 | Final Dist = 0.957 | Final Dist 10 = 3.298 | Final Dist 100 = 2.022 | Final Dist 1000 = 2.018 | Init Dist = 12.806 | Init Dist 10 = 12.806 | Init Dist 100 = 12.806 | Init Dist 1000 = 12.806 | Learner Steps = 13977 | Learner Walltime = 2753.507 | Min Dist = 0.175 | Min Dist 10 = 2.701 | Min Dist 100 = 1.270 | Min Dist 1000 = 1.300 | Steps Per Second = 82.022 | Success = 1.000 | Success 1000 = 0.842
I0502 15:52:09.873808 139555860620864 terminal.py:91] [Actor] Actor Episodes = 18091 | Actor Steps = 904550 | Delta Dist = 3.156 | Delta Dist 10 = 2.647 | Delta Dist 100 = 4.219 | Delta Dist 1000 = 4.101 | Episode Length = 50 | Episode Return = 25.0 | Evaluator Episodes = 4575 | Evaluator Steps = 228750 | Final Dist = 0.450 | Final Dist 10 = 2.353 | Final Dist 100 = 1.343 | Final Dist 1000 = 1.684 | Init Dist = 3.606 | Init Dist 10 = 5.000 | Init Dist 100 = 5.562 | Init Dist 1000 = 5.785 | Learner Steps = 13977 | Learner Walltime = 2753.507 | Min Dist = 0.094 | Min Dist 10 = 1.372 | Min Dist 100 = 0.285 | Min Dist 1000 = 0.258 | Steps Per Second = 84.848 | Success = 1.000 | Success 1000 = 0.986
I0502 15:52:10.006491 139584504182336 lp_utils.py:96] StepsLimiter: Reached 904750 recorded steps
I0502 15:52:10.119665 139555013154368 terminal.py:91] [Learner] Actor Episodes = 18087 | Actor Loss = 3.582674264907837 | Actor Steps = 904350 | Binary Accuracy = 0.9960842132568359 | Categorical Accuracy = 0.4205322265625 | Critic Loss = 1.9236054420471191 | Entropy Mean = -18.484407424926758 | Evaluator Episodes = 4573 | Evaluator Steps = 228650 | Learner Steps = 13982 | Learner Walltime = 2754.314 | Logits Neg = -16.166873931884766 | Logits Pos = -1.9122684001922607 | Logsumexp = 1.1849441528320312 | Steps Per Second = 490.759
I0502 15:52:10.819568 139579566835264 terminal.py:91] [Evaluator] Actor Episodes = 18095 | Actor Steps = 904750 | Delta Dist = 12.355 | Delta Dist 10 = 10.023 | Delta Dist 100 = 10.781 | Delta Dist 1000 = 10.787 | Episode Length = 50 | Episode Return = 28.0 | Evaluator Episodes = 4577 | Evaluator Steps = 228850 | Final Dist = 0.451 | Final Dist 10 = 2.783 | Final Dist 100 = 2.025 | Final Dist 1000 = 2.019 | Init Dist = 12.806 | Init Dist 10 = 12.806 | Init Dist 100 = 12.806 | Init Dist 1000 = 12.806 | Learner Steps = 13983 | Learner Walltime = 2754.793 | Min Dist = 0.149 | Min Dist 10 = 2.148 | Min Dist 100 = 1.278 | Min Dist 1000 = 1.301 | Steps Per Second = 88.044 | Success = 1.000 | Success 1000 = 0.842
I0502 15:52:11.904346 139557462840896 terminal.py:91] [Actor] Actor Episodes = 18102 | Actor Steps = 905100 | Delta Dist = 6.541 | Delta Dist 10 = 4.214 | Delta Dist 100 = 4.297 | Delta Dist 1000 = 4.100 | Episode Length = 50 | Episode Return = 31.0 | Evaluator Episodes = 4577 | Evaluator Steps = 228850 | Final Dist = 0.459 | Final Dist 10 = 2.023 | Final Dist 100 = 1.386 | Final Dist 1000 = 1.684 | Init Dist = 7.000 | Init Dist 10 = 6.237 | Init Dist 100 = 5.683 | Init Dist 1000 = 5.784 | Learner Steps = 13983 | Learner Walltime = 2754.793 | Min Dist = 0.011 | Min Dist 10 = 1.063 | Min Dist 100 = 0.385 | Min Dist 1000 = 0.267 | Steps Per Second = 77.176 | Success = 1.000 | Success 1000 = 0.986
I0502 15:52:12.039285 139579566835264 terminal.py:91] [Evaluator] Actor Episodes = 18103 | Actor Steps = 905150 | Delta Dist = 11.444 | Delta Dist 10 = 9.992 | Delta Dist 100 = 10.783 | Delta Dist 1000 = 10.790 | Episode Length = 50 | Episode Return = 25.0 | Evaluator Episodes = 4579 | Evaluator Steps = 228950 | Final Dist = 1.362 | Final Dist 10 = 2.814 | Final Dist 100 = 2.023 | Final Dist 1000 = 2.017 | Init Dist = 12.806 | Init Dist 10 = 12.806 | Init Dist 100 = 12.806 | Init Dist 1000 = 12.806 | Learner Steps = 13990 | Learner Walltime = 2755.998 | Min Dist = 0.223 | Min Dist 10 = 2.138 | Min Dist 100 = 1.275 | Min Dist 1000 = 1.298 | Steps Per Second = 86.636 | Success = 1.000 | Success 1000 = 0.843
I0502 15:52:13.263653 139579566835264 terminal.py:91] [Evaluator] Actor Episodes = 18111 | Actor Steps = 905550 | Delta Dist = 6.307 | Delta Dist 10 = 10.491 | Delta Dist 100 = 10.854 | Delta Dist 1000 = 10.790 | Episode Length = 50 | Episode Return = 0.0 | Evaluator Episodes = 4581 | Evaluator Steps = 229050 | Final Dist = 6.499 | Final Dist 10 = 2.315 | Final Dist 100 = 1.952 | Final Dist 1000 = 2.017 | Init Dist = 12.806 | Init Dist 10 = 12.806 | Init Dist 100 = 12.806 | Init Dist 1000 = 12.806 | Learner Steps = 13996 | Learner Walltime = 2757.079 | Min Dist = 6.091 | Min Dist 10 = 1.558 | Min Dist 100 = 1.202 | Min Dist 1000 = 1.298 | Steps Per Second = 74.917 | Success = 0.000 | Success 1000 = 0.843
I0502 15:52:14.473225 139579566835264 terminal.py:91] [Evaluator] Actor Episodes = 18119 | Actor Steps = 905950 | Delta Dist = 11.444 | Delta Dist 10 = 10.721 | Delta Dist 100 = 10.805 | Delta Dist 1000 = 10.784 | Episode Length = 50 | Episode Return = 2.0 | Evaluator Episodes = 4583 | Evaluator Steps = 229150 | Final Dist = 1.363 | Final Dist 10 = 2.085 | Final Dist 100 = 2.002 | Final Dist 1000 = 2.022 | Init Dist = 12.806 | Init Dist 10 = 12.806 | Init Dist 100 = 12.806 | Init Dist 1000 = 12.806 | Learner Steps = 14002 | Learner Walltime = 2758.291 | Min Dist = 0.301 | Min Dist 10 = 1.433 | Min Dist 100 = 1.256 | Min Dist 1000 = 1.303 | Steps Per Second = 76.589 | Success = 1.000 | Success 1000 = 0.842
I0502 15:52:15.901223 139579566835264 terminal.py:91] [Evaluator] Actor Episodes = 18127 | Actor Steps = 906350 | Delta Dist = 11.763 | Delta Dist 10 = 11.225 | Delta Dist 100 = 10.815 | Delta Dist 1000 = 10.783 | Episode Length = 50 | Episode Return = 3.0 | Evaluator Episodes = 4585 | Evaluator Steps = 229250 | Final Dist = 1.044 | Final Dist 10 = 1.581 | Final Dist 100 = 1.991 | Final Dist 1000 = 2.023 | Init Dist = 12.806 | Init Dist 10 = 12.806 | Init Dist 100 = 12.806 | Init Dist 1000 = 12.806 | Learner Steps = 14008 | Learner Walltime = 2759.333 | Min Dist = 0.331 | Min Dist 10 = 0.842 | Min Dist 100 = 1.256 | Min Dist 1000 = 1.303 | Steps Per Second = 67.173 | Success = 1.000 | Success 1000 = 0.842
I0502 15:52:17.325042 139579566835264 terminal.py:91] [Evaluator] Actor Episodes = 18135 | Actor Steps = 906750 | Delta Dist = 11.465 | Delta Dist 10 = 11.294 | Delta Dist 100 = 10.813 | Delta Dist 1000 = 10.784 | Episode Length = 50 | Episode Return = 5.0 | Evaluator Episodes = 4587 | Evaluator Steps = 229350 | Final Dist = 1.341 | Final Dist 10 = 1.512 | Final Dist 100 = 1.994 | Final Dist 1000 = 2.022 | Init Dist = 12.806 | Init Dist 10 = 12.806 | Init Dist 100 = 12.806 | Init Dist 1000 = 12.806 | Learner Steps = 14012 | Learner Walltime = 2760.490 | Min Dist = 0.378 | Min Dist 10 = 0.793 | Min Dist 100 = 1.259 | Min Dist 1000 = 1.304 | Steps Per Second = 74.462 | Success = 1.000 | Success 1000 = 0.842
I0502 15:52:18.070394 139558059398720 terminal.py:91] [Actor] Actor Episodes = 18138 | Actor Steps = 906900 | Delta Dist = 5.432 | Delta Dist 10 = 5.368 | Delta Dist 100 = 4.161 | Delta Dist 1000 = 4.078 | Episode Length = 50 | Episode Return = 20.0 | Evaluator Episodes = 4587 | Evaluator Steps = 229350 | Final Dist = 1.779 | Final Dist 10 = 1.218 | Final Dist 100 = 1.658 | Final Dist 1000 = 1.718 | Init Dist = 7.211 | Init Dist 10 = 6.586 | Init Dist 100 = 5.819 | Init Dist 1000 = 5.796 | Learner Steps = 14012 | Learner Walltime = 2760.490 | Min Dist = 0.178 | Min Dist 10 = 0.074 | Min Dist 100 = 0.344 | Min Dist 1000 = 0.260 | Steps Per Second = 88.705 | Success = 1.000 | Success 1000 = 0.985
I0502 15:52:18.649586 139579566835264 terminal.py:91] [Evaluator] Actor Episodes = 18143 | Actor Steps = 907150 | Delta Dist = 11.854 | Delta Dist 10 = 10.512 | Delta Dist 100 = 10.754 | Delta Dist 1000 = 10.782 | Episode Length = 50 | Episode Return = 9.0 | Evaluator Episodes = 4589 | Evaluator Steps = 229450 | Final Dist = 0.953 | Final Dist 10 = 2.294 | Final Dist 100 = 2.052 | Final Dist 1000 = 2.024 | Init Dist = 12.806 | Init Dist 10 = 12.806 | Init Dist 100 = 12.806 | Init Dist 1000 = 12.806 | Learner Steps = 14023 | Learner Walltime = 2762.845 | Min Dist = 0.155 | Min Dist 10 = 1.453 | Min Dist 100 = 1.323 | Min Dist 1000 = 1.304 | Steps Per Second = 71.560 | Success = 1.000 | Success 1000 = 0.842
I0502 15:52:19.183481 139569349502528 terminal.py:91] [Actor] Actor Episodes = 18151 | Actor Steps = 907550 | Delta Dist = 3.060 | Delta Dist 10 = 3.908 | Delta Dist 100 = 3.996 | Delta Dist 1000 = 4.058 | Episode Length = 50 | Episode Return = 31.0 | Evaluator Episodes = 4589 | Evaluator Steps = 229450 | Final Dist = 3.940 | Final Dist 10 = 2.567 | Final Dist 100 = 1.603 | Final Dist 1000 = 1.729 | Init Dist = 7.000 | Init Dist 10 = 6.475 | Init Dist 100 = 5.598 | Init Dist 1000 = 5.786 | Learner Steps = 14023 | Learner Walltime = 2762.845 | Min Dist = 0.103 | Min Dist 10 = 0.171 | Min Dist 100 = 0.356 | Min Dist 1000 = 0.261 | Steps Per Second = 78.380 | Success = 1.000 | Success 1000 = 0.985
I0502 15:52:19.862856 139579566835264 terminal.py:91] [Evaluator] Actor Episodes = 18151 | Actor Steps = 907550 | Delta Dist = 11.490 | Delta Dist 10 = 10.549 | Delta Dist 100 = 10.756 | Delta Dist 1000 = 10.782 | Episode Length = 50 | Episode Return = 10.0 | Evaluator Episodes = 4591 | Evaluator Steps = 229550 | Final Dist = 1.316 | Final Dist 10 = 2.258 | Final Dist 100 = 2.051 | Final Dist 1000 = 2.024 | Init Dist = 12.806 | Init Dist 10 = 12.806 | Init Dist 100 = 12.806 | Init Dist 1000 = 12.806 | Learner Steps = 14028 | Learner Walltime = 2763.871 | Min Dist = 0.169 | Min Dist 10 = 1.481 | Min Dist 100 = 1.326 | Min Dist 1000 = 1.304 | Steps Per Second = 91.488 | Success = 1.000 | Success 1000 = 0.842
I0502 15:52:20.024168 139584504182336 lp_utils.py:96] StepsLimiter: Reached 907550 recorded steps
I0502 15:52:20.180758 139555860620864 terminal.py:91] [Actor] Actor Episodes = 18155 | Actor Steps = 907750 | Delta Dist = 8.909 | Delta Dist 10 = 3.687 | Delta Dist 100 = 3.977 | Delta Dist 1000 = 4.069 | Episode Length = 50 | Episode Return = 22.0 | Evaluator Episodes = 4591 | Evaluator Steps = 229550 | Final Dist = 0.091 | Final Dist 10 = 1.973 | Final Dist 100 = 1.609 | Final Dist 1000 = 1.714 | Init Dist = 9.000 | Init Dist 10 = 5.660 | Init Dist 100 = 5.586 | Init Dist 1000 = 5.783 | Learner Steps = 14028 | Learner Walltime = 2763.871 | Min Dist = 0.091 | Min Dist 10 = 0.155 | Min Dist 100 = 0.361 | Min Dist 1000 = 0.261 | Steps Per Second = 76.127 | Success = 1.000 | Success 1000 = 0.985
I0502 15:52:20.195400 139555013154368 terminal.py:91] [Learner] Actor Episodes = 18151 | Actor Loss = 3.508391857147217 | Actor Steps = 907550 | Binary Accuracy = 0.9961276054382324 | Categorical Accuracy = 0.42718505859375 | Critic Loss = 1.9361286163330078 | Entropy Mean = -18.56926155090332 | Evaluator Episodes = 4589 | Evaluator Steps = 229450 | Learner Steps = 14030 | Learner Walltime = 2764.382 | Logits Neg = -16.135513305664062 | Logits Pos = -1.9123642444610596 | Logsumexp = 1.256799578666687 | Steps Per Second = 159.985
I0502 15:52:21.089646 139579566835264 terminal.py:91] [Evaluator] Actor Episodes = 18159 | Actor Steps = 907950 | Delta Dist = 12.698 | Delta Dist 10 = 11.056 | Delta Dist 100 = 10.759 | Delta Dist 1000 = 10.782 | Episode Length = 50 | Episode Return = 22.0 | Evaluator Episodes = 4593 | Evaluator Steps = 229650 | Final Dist = 0.109 | Final Dist 10 = 1.750 | Final Dist 100 = 2.047 | Final Dist 1000 = 2.025 | Init Dist = 12.806 | Init Dist 10 = 12.806 | Init Dist 100 = 12.806 | Init Dist 1000 = 12.806 | Learner Steps = 14033 | Learner Walltime = 2764.988 | Min Dist = 0.006 | Min Dist 10 = 0.886 | Min Dist 100 = 1.320 | Min Dist 1000 = 1.305 | Steps Per Second = 82.120 | Success = 1.000 | Success 1000 = 0.842
I0502 15:52:22.269773 139557462840896 terminal.py:91] [Actor] Actor Episodes = 18166 | Actor Steps = 908300 | Delta Dist = 3.098 | Delta Dist 10 = 4.433 | Delta Dist 100 = 3.993 | Delta Dist 1000 = 4.062 | Episode Length = 50 | Episode Return = 47.0 | Evaluator Episodes = 4593 | Evaluator Steps = 229650 | Final Dist = 0.064 | Final Dist 10 = 1.531 | Final Dist 100 = 1.737 | Final Dist 1000 = 1.727 | Init Dist = 3.162 | Init Dist 10 = 5.964 | Init Dist 100 = 5.730 | Init Dist 1000 = 5.789 | Learner Steps = 14033 | Learner Walltime = 2764.988 | Min Dist = 0.064 | Min Dist 10 = 0.081 | Min Dist 100 = 0.360 | Min Dist 1000 = 0.262 | Steps Per Second = 70.917 | Success = 1.000 | Success 1000 = 0.985
I0502 15:52:22.511386 139579566835264 terminal.py:91] [Evaluator] Actor Episodes = 18167 | Actor Steps = 908350 | Delta Dist = 5.497 | Delta Dist 10 = 11.128 | Delta Dist 100 = 10.770 | Delta Dist 1000 = 10.782 | Episode Length = 50 | Episode Return = 0.0 | Evaluator Episodes = 4595 | Evaluator Steps = 229750 | Final Dist = 7.310 | Final Dist 10 = 1.678 | Final Dist 100 = 2.036 | Final Dist 1000 = 2.024 | Init Dist = 12.806 | Init Dist 10 = 12.806 | Init Dist 100 = 12.806 | Init Dist 1000 = 12.806 | Learner Steps = 14040 | Learner Walltime = 2766.244 | Min Dist = 6.862 | Min Dist 10 = 0.858 | Min Dist 100 = 1.306 | Min Dist 1000 = 1.304 | Steps Per Second = 66.935 | Success = 0.000 | Success 1000 = 0.842
I0502 15:52:23.796999 139579566835264 terminal.py:91] [Evaluator] Actor Episodes = 18175 | Actor Steps = 908750 | Delta Dist = 11.845 | Delta Dist 10 = 10.424 | Delta Dist 100 = 10.702 | Delta Dist 1000 = 10.775 | Episode Length = 50 | Episode Return = 20.0 | Evaluator Episodes = 4597 | Evaluator Steps = 229850 | Final Dist = 0.961 | Final Dist 10 = 2.382 | Final Dist 100 = 2.104 | Final Dist 1000 = 2.031 | Init Dist = 12.806 | Init Dist 10 = 12.806 | Init Dist 100 = 12.806 | Init Dist 1000 = 12.806 | Learner Steps = 14045 | Learner Walltime = 2767.289 | Min Dist = 0.125 | Min Dist 10 = 1.580 | Min Dist 100 = 1.376 | Min Dist 1000 = 1.312 | Steps Per Second = 75.533 | Success = 1.000 | Success 1000 = 0.841
I0502 15:52:25.079936 139579566835264 terminal.py:91] [Evaluator] Actor Episodes = 18183 | Actor Steps = 909150 | Delta Dist = 4.478 | Delta Dist 10 = 11.115 | Delta Dist 100 = 10.703 | Delta Dist 1000 = 10.775 | Episode Length = 50 | Episode Return = 0.0 | Evaluator Episodes = 4599 | Evaluator Steps = 229950 | Final Dist = 8.328 | Final Dist 10 = 1.691 | Final Dist 100 = 2.104 | Final Dist 1000 = 2.031 | Init Dist = 12.806 | Init Dist 10 = 12.806 | Init Dist 100 = 12.806 | Init Dist 1000 = 12.806 | Learner Steps = 14049 | Learner Walltime = 2768.350 | Min Dist = 5.893 | Min Dist 10 = 0.931 | Min Dist 100 = 1.379 | Min Dist 1000 = 1.311 | Steps Per Second = 73.053 | Success = 0.000 | Success 1000 = 0.841
I0502 15:52:26.388784 139579566835264 terminal.py:91] [Evaluator] Actor Episodes = 18191 | Actor Steps = 909550 | Delta Dist = 5.967 | Delta Dist 10 = 10.395 | Delta Dist 100 = 10.624 | Delta Dist 1000 = 10.768 | Episode Length = 50 | Episode Return = 0.0 | Evaluator Episodes = 4601 | Evaluator Steps = 230050 | Final Dist = 6.840 | Final Dist 10 = 2.411 | Final Dist 100 = 2.182 | Final Dist 1000 = 2.038 | Init Dist = 12.806 | Init Dist 10 = 12.806 | Init Dist 100 = 12.806 | Init Dist 1000 = 12.806 | Learner Steps = 14055 | Learner Walltime = 2769.687 | Min Dist = 6.152 | Min Dist 10 = 1.465 | Min Dist 100 = 1.436 | Min Dist 1000 = 1.317 | Steps Per Second = 74.869 | Success = 0.000 | Success 1000 = 0.840
I0502 15:52:27.502545 139579566835264 terminal.py:91] [Evaluator] Actor Episodes = 18199 | Actor Steps = 909950 | Delta Dist = 11.669 | Delta Dist 10 = 8.692 | Delta Dist 100 = 10.445 | Delta Dist 1000 = 10.750 | Episode Length = 50 | Episode Return = 14.0 | Evaluator Episodes = 4603 | Evaluator Steps = 230150 | Final Dist = 1.137 | Final Dist 10 = 4.114 | Final Dist 100 = 2.362 | Final Dist 1000 = 2.056 | Init Dist = 12.806 | Init Dist 10 = 12.806 | Init Dist 100 = 12.806 | Init Dist 1000 = 12.806 | Learner Steps = 14062 | Learner Walltime = 2770.704 | Min Dist = 0.132 | Min Dist 10 = 3.308 | Min Dist 100 = 1.617 | Min Dist 1000 = 1.336 | Steps Per Second = 80.137 | Success = 1.000 | Success 1000 = 0.838
I0502 15:52:28.440043 139558059398720 terminal.py:91] [Actor] Actor Episodes = 18202 | Actor Steps = 910100 | Delta Dist = 3.945 | Delta Dist 10 = 3.983 | Delta Dist 100 = 4.359 | Delta Dist 1000 = 4.101 | Episode Length = 50 | Episode Return = 45.0 | Evaluator Episodes = 4603 | Evaluator Steps = 230150 | Final Dist = 0.055 | Final Dist 10 = 2.289 | Final Dist 100 = 1.969 | Final Dist 1000 = 1.724 | Init Dist = 4.000 | Init Dist 10 = 6.272 | Init Dist 100 = 6.327 | Init Dist 1000 = 5.825 | Learner Steps = 14066 | Learner Walltime = 2771.714 | Min Dist = 0.010 | Min Dist 10 = 0.144 | Min Dist 100 = 0.258 | Min Dist 1000 = 0.264 | Steps Per Second = 76.330 | Success = 1.000 | Success 1000 = 0.985
I0502 15:52:28.784283 139579566835264 terminal.py:91] [Evaluator] Actor Episodes = 18207 | Actor Steps = 910350 | Delta Dist = 12.142 | Delta Dist 10 = 8.578 | Delta Dist 100 = 10.463 | Delta Dist 1000 = 10.749 | Episode Length = 50 | Episode Return = 12.0 | Evaluator Episodes = 4605 | Evaluator Steps = 230250 | Final Dist = 0.665 | Final Dist 10 = 4.229 | Final Dist 100 = 2.343 | Final Dist 1000 = 2.057 | Init Dist = 12.806 | Init Dist 10 = 12.806 | Init Dist 100 = 12.806 | Init Dist 1000 = 12.806 | Learner Steps = 14066 | Learner Walltime = 2771.714 | Min Dist = 0.229 | Min Dist 10 = 3.319 | Min Dist 100 = 1.584 | Min Dist 1000 = 1.335 | Steps Per Second = 71.664 | Success = 1.000 | Success 1000 = 0.838
I0502 15:52:29.353450 139569349502528 terminal.py:91] [Actor] Actor Episodes = 18211 | Actor Steps = 910550 | Delta Dist = 10.722 | Delta Dist 10 = 5.110 | Delta Dist 100 = 4.404 | Delta Dist 1000 = 4.113 | Episode Length = 50 | Episode Return = 22.0 | Evaluator Episodes = 4605 | Evaluator Steps = 230250 | Final Dist = 1.320 | Final Dist 10 = 2.600 | Final Dist 100 = 1.822 | Final Dist 1000 = 1.732 | Init Dist = 12.042 | Init Dist 10 = 7.710 | Init Dist 100 = 6.225 | Init Dist 1000 = 5.845 | Learner Steps = 14072 | Learner Walltime = 2772.999 | Min Dist = 0.082 | Min Dist 10 = 0.112 | Min Dist 100 = 0.265 | Min Dist 1000 = 0.265 | Steps Per Second = 76.243 | Success = 1.000 | Success 1000 = 0.985
I0502 15:52:30.044803 139584504182336 lp_utils.py:96] StepsLimiter: Reached 910750 recorded steps
I0502 15:52:30.109898 139579566835264 terminal.py:91] [Evaluator] Actor Episodes = 18215 | Actor Steps = 910750 | Delta Dist = 12.248 | Delta Dist 10 = 9.322 | Delta Dist 100 = 10.532 | Delta Dist 1000 = 10.750 | Episode Length = 50 | Episode Return = 23.0 | Evaluator Episodes = 4607 | Evaluator Steps = 230350 | Final Dist = 0.558 | Final Dist 10 = 3.484 | Final Dist 100 = 2.274 | Final Dist 1000 = 2.056 | Init Dist = 12.806 | Init Dist 10 = 12.806 | Init Dist 100 = 12.806 | Init Dist 1000 = 12.806 | Learner Steps = 14077 | Learner Walltime = 2774.104 | Min Dist = 0.277 | Min Dist 10 = 2.578 | Min Dist 100 = 1.516 | Min Dist 1000 = 1.335 | Steps Per Second = 82.268 | Success = 1.000 | Success 1000 = 0.838
I0502 15:52:30.539911 139555013154368 terminal.py:91] [Learner] Actor Episodes = 18215 | Actor Loss = 3.6358604431152344 | Actor Steps = 910750 | Binary Accuracy = 0.9960038661956787 | Categorical Accuracy = 0.4268798828125 | Critic Loss = 1.9317677021026611 | Entropy Mean = -18.625274658203125 | Evaluator Episodes = 4605 | Evaluator Steps = 230250 | Learner Steps = 14080 | Learner Walltime = 2774.737 | Logits Neg = -16.204891204833984 | Logits Pos = -1.913314938545227 | Logsumexp = 1.3527109622955322 | Steps Per Second = 169.773
I0502 15:52:30.707189 139555860620864 terminal.py:91] [Actor] Actor Episodes = 18223 | Actor Steps = 911150 | Delta Dist = 4.609 | Delta Dist 10 = 6.309 | Delta Dist 100 = 4.750 | Delta Dist 1000 = 4.127 | Episode Length = 50 | Episode Return = 28.0 | Evaluator Episodes = 4607 | Evaluator Steps = 230350 | Final Dist = 0.391 | Final Dist 10 = 0.883 | Final Dist 100 = 1.681 | Final Dist 1000 = 1.719 | Init Dist = 5.000 | Init Dist 10 = 7.192 | Init Dist 100 = 6.431 | Init Dist 1000 = 5.846 | Learner Steps = 14077 | Learner Walltime = 2774.104 | Min Dist = 0.356 | Min Dist 10 = 0.521 | Min Dist 100 = 0.281 | Min Dist 1000 = 0.268 | Steps Per Second = 78.548 | Success = 1.000 | Success 1000 = 0.985
I0502 15:52:31.414474 139579566835264 terminal.py:91] [Evaluator] Actor Episodes = 18223 | Actor Steps = 911150 | Delta Dist = 11.904 | Delta Dist 10 = 9.364 | Delta Dist 100 = 10.539 | Delta Dist 1000 = 10.750 | Episode Length = 50 | Episode Return = 31.0 | Evaluator Episodes = 4609 | Evaluator Steps = 230450 | Final Dist = 0.903 | Final Dist 10 = 3.443 | Final Dist 100 = 2.267 | Final Dist 1000 = 2.056 | Init Dist = 12.806 | Init Dist 10 = 12.806 | Init Dist 100 = 12.806 | Init Dist 1000 = 12.806 | Learner Steps = 14083 | Learner Walltime = 2775.346 | Min Dist = 0.128 | Min Dist 10 = 2.577 | Min Dist 100 = 1.517 | Min Dist 1000 = 1.335 | Steps Per Second = 73.388 | Success = 1.000 | Success 1000 = 0.838
I0502 15:52:32.495001 139557462840896 terminal.py:91] [Actor] Actor Episodes = 18228 | Actor Steps = 911400 | Delta Dist = 1.571 | Delta Dist 10 = 3.365 | Delta Dist 100 = 4.602 | Delta Dist 1000 = 4.122 | Episode Length = 50 | Episode Return = 43.0 | Evaluator Episodes = 4609 | Evaluator Steps = 230450 | Final Dist = 0.665 | Final Dist 10 = 2.106 | Final Dist 100 = 1.814 | Final Dist 1000 = 1.719 | Init Dist = 2.236 | Init Dist 10 = 5.471 | Init Dist 100 = 6.416 | Init Dist 1000 = 5.841 | Learner Steps = 14083 | Learner Walltime = 2775.346 | Min Dist = 0.039 | Min Dist 10 = 0.427 | Min Dist 100 = 0.316 | Min Dist 1000 = 0.267 | Steps Per Second = 84.218 | Success = 1.000 | Success 1000 = 0.984
I0502 15:52:32.661415 139579566835264 terminal.py:91] [Evaluator] Actor Episodes = 18231 | Actor Steps = 911550 | Delta Dist = 11.956 | Delta Dist 10 = 10.169 | Delta Dist 100 = 10.544 | Delta Dist 1000 = 10.750 | Episode Length = 50 | Episode Return = 5.0 | Evaluator Episodes = 4611 | Evaluator Steps = 230550 | Final Dist = 0.850 | Final Dist 10 = 2.638 | Final Dist 100 = 2.262 | Final Dist 1000 = 2.056 | Init Dist = 12.806 | Init Dist 10 = 12.806 | Init Dist 100 = 12.806 | Init Dist 1000 = 12.806 | Learner Steps = 14089 | Learner Walltime = 2776.629 | Min Dist = 0.257 | Min Dist 10 = 2.036 | Min Dist 100 = 1.520 | Min Dist 1000 = 1.335 | Steps Per Second = 81.139 | Success = 1.000 | Success 1000 = 0.838
I0502 15:52:33.892713 139579566835264 terminal.py:91] [Evaluator] Actor Episodes = 18239 | Actor Steps = 911950 | Delta Dist = 11.486 | Delta Dist 10 = 11.975 | Delta Dist 100 = 10.546 | Delta Dist 1000 = 10.751 | Episode Length = 50 | Episode Return = 21.0 | Evaluator Episodes = 4613 | Evaluator Steps = 230650 | Final Dist = 1.320 | Final Dist 10 = 0.831 | Final Dist 100 = 2.260 | Final Dist 1000 = 2.055 | Init Dist = 12.806 | Init Dist 10 = 12.806 | Init Dist 100 = 12.806 | Init Dist 1000 = 12.806 | Learner Steps = 14089 | Learner Walltime = 2776.629 | Min Dist = 0.269 | Min Dist 10 = 0.190 | Min Dist 100 = 1.522 | Min Dist 1000 = 1.335 | Steps Per Second = 79.710 | Success = 1.000 | Success 1000 = 0.838
I0502 15:52:35.126005 139579566835264 terminal.py:91] [Evaluator] Actor Episodes = 18247 | Actor Steps = 912350 | Delta Dist = 11.923 | Delta Dist 10 = 11.958 | Delta Dist 100 = 10.546 | Delta Dist 1000 = 10.750 | Episode Length = 50 | Episode Return = 12.0 | Evaluator Episodes = 4615 | Evaluator Steps = 230750 | Final Dist = 0.883 | Final Dist 10 = 0.848 | Final Dist 100 = 2.260 | Final Dist 1000 = 2.056 | Init Dist = 12.806 | Init Dist 10 = 12.806 | Init Dist 100 = 12.806 | Init Dist 1000 = 12.806 | Learner Steps = 14097 | Learner Walltime = 2778.208 | Min Dist = 0.168 | Min Dist 10 = 0.212 | Min Dist 100 = 1.521 | Min Dist 1000 = 1.335 | Steps Per Second = 86.957 | Success = 1.000 | Success 1000 = 0.838
I0502 15:52:36.387216 139579566835264 terminal.py:91] [Evaluator] Actor Episodes = 18255 | Actor Steps = 912750 | Delta Dist = 11.596 | Delta Dist 10 = 11.822 | Delta Dist 100 = 10.610 | Delta Dist 1000 = 10.750 | Episode Length = 50 | Episode Return = 18.0 | Evaluator Episodes = 4617 | Evaluator Steps = 230850 | Final Dist = 1.210 | Final Dist 10 = 0.985 | Final Dist 100 = 2.196 | Final Dist 1000 = 2.056 | Init Dist = 12.806 | Init Dist 10 = 12.806 | Init Dist 100 = 12.806 | Init Dist 1000 = 12.806 | Learner Steps = 14103 | Learner Walltime = 2779.433 | Min Dist = 0.044 | Min Dist 10 = 0.240 | Min Dist 100 = 1.453 | Min Dist 1000 = 1.335 | Steps Per Second = 75.944 | Success = 1.000 | Success 1000 = 0.838
I0502 15:52:37.625564 139579566835264 terminal.py:91] [Evaluator] Actor Episodes = 18263 | Actor Steps = 913150 | Delta Dist = 11.210 | Delta Dist 10 = 11.744 | Delta Dist 100 = 10.665 | Delta Dist 1000 = 10.760 | Episode Length = 50 | Episode Return = 10.0 | Evaluator Episodes = 4619 | Evaluator Steps = 230950 | Final Dist = 1.596 | Final Dist 10 = 1.062 | Final Dist 100 = 2.141 | Final Dist 1000 = 2.046 | Init Dist = 12.806 | Init Dist 10 = 12.806 | Init Dist 100 = 12.806 | Init Dist 1000 = 12.806 | Learner Steps = 14109 | Learner Walltime = 2780.614 | Min Dist = 0.261 | Min Dist 10 = 0.212 | Min Dist 100 = 1.393 | Min Dist 1000 = 1.324 | Steps Per Second = 77.037 | Success = 1.000 | Success 1000 = 0.839
I0502 15:52:38.462646 139558059398720 terminal.py:91] [Actor] Actor Episodes = 18266 | Actor Steps = 913300 | Delta Dist = 4.172 | Delta Dist 10 = 2.532 | Delta Dist 100 = 4.031 | Delta Dist 1000 = 4.095 | Episode Length = 50 | Episode Return = 24.0 | Evaluator Episodes = 4619 | Evaluator Steps = 230950 | Final Dist = 0.927 | Final Dist 10 = 2.170 | Final Dist 100 = 1.917 | Final Dist 1000 = 1.731 | Init Dist = 5.099 | Init Dist 10 = 4.703 | Init Dist 100 = 5.948 | Init Dist 1000 = 5.826 | Learner Steps = 14116 | Learner Walltime = 2781.857 | Min Dist = 0.151 | Min Dist 10 = 0.055 | Min Dist 100 = 0.307 | Min Dist 1000 = 0.251 | Steps Per Second = 86.218 | Success = 1.000 | Success 1000 = 0.986
I0502 15:52:38.915408 139579566835264 terminal.py:91] [Evaluator] Actor Episodes = 18271 | Actor Steps = 913550 | Delta Dist = 11.924 | Delta Dist 10 = 11.634 | Delta Dist 100 = 10.655 | Delta Dist 1000 = 10.760 | Episode Length = 50 | Episode Return = 16.0 | Evaluator Episodes = 4621 | Evaluator Steps = 231050 | Final Dist = 0.882 | Final Dist 10 = 1.172 | Final Dist 100 = 2.152 | Final Dist 1000 = 2.046 | Init Dist = 12.806 | Init Dist 10 = 12.806 | Init Dist 100 = 12.806 | Init Dist 1000 = 12.806 | Learner Steps = 14116 | Learner Walltime = 2781.857 | Min Dist = 0.243 | Min Dist 10 = 0.180 | Min Dist 100 = 1.394 | Min Dist 1000 = 1.324 | Steps Per Second = 76.577 | Success = 1.000 | Success 1000 = 0.839
I0502 15:52:39.788959 139569349502528 terminal.py:91] [Actor] Actor Episodes = 18279 | Actor Steps = 913950 | Delta Dist = 1.005 | Delta Dist 10 = 4.398 | Delta Dist 100 = 4.191 | Delta Dist 1000 = 4.127 | Episode Length = 50 | Episode Return = 34.0 | Evaluator Episodes = 4621 | Evaluator Steps = 231050 | Final Dist = 0.409 | Final Dist 10 = 2.350 | Final Dist 100 = 1.723 | Final Dist 1000 = 1.706 | Init Dist = 1.414 | Init Dist 10 = 6.748 | Init Dist 100 = 5.914 | Init Dist 1000 = 5.833 | Learner Steps = 14122 | Learner Walltime = 2783.286 | Min Dist = 0.072 | Min Dist 10 = 0.102 | Min Dist 100 = 0.300 | Min Dist 1000 = 0.251 | Steps Per Second = 83.934 | Success = 1.000 | Success 1000 = 0.986
I0502 15:52:40.064671 139584504182336 lp_utils.py:96] StepsLimiter: Reached 913950 recorded steps
I0502 15:52:40.066942 139579566835264 terminal.py:91] [Evaluator] Actor Episodes = 18279 | Actor Steps = 913950 | Delta Dist = 11.237 | Delta Dist 10 = 11.647 | Delta Dist 100 = 10.717 | Delta Dist 1000 = 10.768 | Episode Length = 50 | Episode Return = 12.0 | Evaluator Episodes = 4623 | Evaluator Steps = 231150 | Final Dist = 1.570 | Final Dist 10 = 1.159 | Final Dist 100 = 2.089 | Final Dist 1000 = 2.038 | Init Dist = 12.806 | Init Dist 10 = 12.806 | Init Dist 100 = 12.806 | Init Dist 1000 = 12.806 | Learner Steps = 14122 | Learner Walltime = 2783.286 | Min Dist = 0.347 | Min Dist 10 = 0.187 | Min Dist 100 = 1.335 | Min Dist 1000 = 1.316 | Steps Per Second = 83.602 | Success = 1.000 | Success 1000 = 0.841
I0502 15:52:40.922874 139555013154368 terminal.py:91] [Learner] Actor Episodes = 18279 | Actor Loss = 3.5548012256622314 | Actor Steps = 913950 | Binary Accuracy = 0.9961588382720947 | Categorical Accuracy = 0.4332275390625 | Critic Loss = 1.8803004026412964 | Entropy Mean = -18.546947479248047 | Evaluator Episodes = 4623 | Evaluator Steps = 231150 | Learner Steps = 14131 | Learner Walltime = 2785.112 | Logits Neg = -15.946243286132812 | Logits Pos = -1.9029496908187866 | Logsumexp = 1.0878441333770752 | Steps Per Second = 144.027
I0502 15:52:40.962940 139555860620864 terminal.py:91] [Actor] Actor Episodes = 18285 | Actor Steps = 914250 | Delta Dist = 1.523 | Delta Dist 10 = 3.480 | Delta Dist 100 = 4.027 | Delta Dist 1000 = 4.111 | Episode Length = 50 | Episode Return = 28.0 | Evaluator Episodes = 4623 | Evaluator Steps = 231150 | Final Dist = 1.306 | Final Dist 10 = 0.668 | Final Dist 100 = 1.686 | Final Dist 1000 = 1.704 | Init Dist = 2.828 | Init Dist 10 = 4.148 | Init Dist 100 = 5.713 | Init Dist 1000 = 5.815 | Learner Steps = 14128 | Learner Walltime = 2784.464 | Min Dist = 0.054 | Min Dist 10 = 0.049 | Min Dist 100 = 0.268 | Min Dist 1000 = 0.251 | Steps Per Second = 72.312 | Success = 1.000 | Success 1000 = 0.986
I0502 15:52:41.326074 139579566835264 terminal.py:91] [Evaluator] Actor Episodes = 18287 | Actor Steps = 914350 | Delta Dist = 11.438 | Delta Dist 10 = 11.659 | Delta Dist 100 = 10.705 | Delta Dist 1000 = 10.774 | Episode Length = 50 | Episode Return = 21.0 | Evaluator Episodes = 4625 | Evaluator Steps = 231250 | Final Dist = 1.369 | Final Dist 10 = 1.147 | Final Dist 100 = 2.102 | Final Dist 1000 = 2.032 | Init Dist = 12.806 | Init Dist 10 = 12.806 | Init Dist 100 = 12.806 | Init Dist 1000 = 12.806 | Learner Steps = 14128 | Learner Walltime = 2784.464 | Min Dist = 0.338 | Min Dist 10 = 0.187 | Min Dist 100 = 1.336 | Min Dist 1000 = 1.309 | Steps Per Second = 80.250 | Success = 1.000 | Success 1000 = 0.842
I0502 15:52:42.514987 139579566835264 terminal.py:91] [Evaluator] Actor Episodes = 18295 | Actor Steps = 914750 | Delta Dist = 11.055 | Delta Dist 10 = 11.598 | Delta Dist 100 = 10.693 | Delta Dist 1000 = 10.774 | Episode Length = 50 | Episode Return = 6.0 | Evaluator Episodes = 4627 | Evaluator Steps = 231350 | Final Dist = 1.751 | Final Dist 10 = 1.208 | Final Dist 100 = 2.113 | Final Dist 1000 = 2.032 | Init Dist = 12.806 | Init Dist 10 = 12.806 | Init Dist 100 = 12.806 | Init Dist 1000 = 12.806 | Learner Steps = 14134 | Learner Walltime = 2785.623 | Min Dist = 0.206 | Min Dist 10 = 0.175 | Min Dist 100 = 1.337 | Min Dist 1000 = 1.309 | Steps Per Second = 83.601 | Success = 1.000 | Success 1000 = 0.842
I0502 15:52:42.532434 139557462840896 terminal.py:91] [Actor] Actor Episodes = 18292 | Actor Steps = 914600 | Delta Dist = 4.612 | Delta Dist 10 = 3.900 | Delta Dist 100 = 3.828 | Delta Dist 1000 = 4.097 | Episode Length = 50 | Episode Return = 36.0 | Evaluator Episodes = 4625 | Evaluator Steps = 231250 | Final Dist = 0.773 | Final Dist 10 = 0.695 | Final Dist 100 = 1.622 | Final Dist 1000 = 1.702 | Init Dist = 5.385 | Init Dist 10 = 4.595 | Init Dist 100 = 5.450 | Init Dist 1000 = 5.798 | Learner Steps = 14134 | Learner Walltime = 2785.623 | Min Dist = 0.163 | Min Dist 10 = 0.073 | Min Dist 100 = 0.187 | Min Dist 1000 = 0.251 | Steps Per Second = 80.109 | Success = 1.000 | Success 1000 = 0.986
I0502 15:52:43.744780 139579566835264 terminal.py:91] [Evaluator] Actor Episodes = 18303 | Actor Steps = 915150 | Delta Dist = 11.818 | Delta Dist 10 = 11.628 | Delta Dist 100 = 10.702 | Delta Dist 1000 = 10.773 | Episode Length = 50 | Episode Return = 33.0 | Evaluator Episodes = 4629 | Evaluator Steps = 231450 | Final Dist = 0.988 | Final Dist 10 = 1.178 | Final Dist 100 = 2.104 | Final Dist 1000 = 2.033 | Init Dist = 12.806 | Init Dist 10 = 12.806 | Init Dist 100 = 12.806 | Init Dist 1000 = 12.806 | Learner Steps = 14141 | Learner Walltime = 2787.087 | Min Dist = 0.153 | Min Dist 10 = 0.193 | Min Dist 100 = 1.337 | Min Dist 1000 = 1.308 | Steps Per Second = 79.625 | Success = 1.000 | Success 1000 = 0.842
I0502 15:52:45.085278 139579566835264 terminal.py:91] [Evaluator] Actor Episodes = 18311 | Actor Steps = 915550 | Delta Dist = 11.041 | Delta Dist 10 = 11.694 | Delta Dist 100 = 10.775 | Delta Dist 1000 = 10.774 | Episode Length = 50 | Episode Return = 14.0 | Evaluator Episodes = 4631 | Evaluator Steps = 231550 | Final Dist = 1.765 | Final Dist 10 = 1.112 | Final Dist 100 = 2.031 | Final Dist 1000 = 2.033 | Init Dist = 12.806 | Init Dist 10 = 12.806 | Init Dist 100 = 12.806 | Init Dist 1000 = 12.806 | Learner Steps = 14148 | Learner Walltime = 2788.340 | Min Dist = 0.175 | Min Dist 10 = 0.179 | Min Dist 100 = 1.267 | Min Dist 1000 = 1.307 | Steps Per Second = 78.292 | Success = 1.000 | Success 1000 = 0.842
I0502 15:52:46.381322 139579566835264 terminal.py:91] [Evaluator] Actor Episodes = 18319 | Actor Steps = 915950 | Delta Dist = 11.813 | Delta Dist 10 = 11.540 | Delta Dist 100 = 10.837 | Delta Dist 1000 = 10.772 | Episode Length = 50 | Episode Return = 4.0 | Evaluator Episodes = 4633 | Evaluator Steps = 231650 | Final Dist = 0.993 | Final Dist 10 = 1.267 | Final Dist 100 = 1.969 | Final Dist 1000 = 2.034 | Init Dist = 12.806 | Init Dist 10 = 12.806 | Init Dist 100 = 12.806 | Init Dist 1000 = 12.806 | Learner Steps = 14154 | Learner Walltime = 2789.695 | Min Dist = 0.910 | Min Dist 10 = 0.166 | Min Dist 100 = 1.191 | Min Dist 1000 = 1.307 | Steps Per Second = 78.368 | Success = 1.000 | Success 1000 = 0.842
I0502 15:52:47.740475 139579566835264 terminal.py:91] [Evaluator] Actor Episodes = 18327 | Actor Steps = 916350 | Delta Dist = 11.812 | Delta Dist 10 = 11.635 | Delta Dist 100 = 10.887 | Delta Dist 1000 = 10.774 | Episode Length = 50 | Episode Return = 2.0 | Evaluator Episodes = 4635 | Evaluator Steps = 231750 | Final Dist = 0.994 | Final Dist 10 = 1.171 | Final Dist 100 = 1.920 | Final Dist 1000 = 2.032 | Init Dist = 12.806 | Init Dist 10 = 12.806 | Init Dist 100 = 12.806 | Init Dist 1000 = 12.806 | Learner Steps = 14161 | Learner Walltime = 2791.116 | Min Dist = 0.352 | Min Dist 10 = 0.221 | Min Dist 100 = 1.141 | Min Dist 1000 = 1.306 | Steps Per Second = 71.813 | Success = 1.000 | Success 1000 = 0.843
I0502 15:52:48.599948 139584635659840 savers.py:156] Saving checkpoint: logs/contrastive_cpc_point_FourRooms_64/5dd72662-2788-11f0-b183-d85ed38c5779/checkpoints/counter
I0502 15:52:48.668793 139558059398720 terminal.py:91] [Actor] Actor Episodes = 18332 | Actor Steps = 916600 | Delta Dist = 7.541 | Delta Dist 10 = 3.089 | Delta Dist 100 = 3.479 | Delta Dist 1000 = 4.031 | Episode Length = 50 | Episode Return = 24.0 | Evaluator Episodes = 4635 | Evaluator Steps = 231750 | Final Dist = 0.075 | Final Dist 10 = 3.688 | Final Dist 100 = 1.751 | Final Dist 1000 = 1.731 | Init Dist = 7.616 | Init Dist 10 = 6.777 | Init Dist 100 = 5.230 | Init Dist 1000 = 5.763 | Learner Steps = 14161 | Learner Walltime = 2791.116 | Min Dist = 0.075 | Min Dist 10 = 0.268 | Min Dist 100 = 0.124 | Min Dist 1000 = 0.254 | Steps Per Second = 77.215 | Success = 1.000 | Success 1000 = 0.986
I0502 15:52:48.986961 139579566835264 terminal.py:91] [Evaluator] Actor Episodes = 18335 | Actor Steps = 916750 | Delta Dist = 12.723 | Delta Dist 10 = 11.695 | Delta Dist 100 = 10.924 | Delta Dist 1000 = 10.773 | Episode Length = 50 | Episode Return = 24.0 | Evaluator Episodes = 4637 | Evaluator Steps = 231850 | Final Dist = 0.083 | Final Dist 10 = 1.112 | Final Dist 100 = 1.882 | Final Dist 1000 = 2.033 | Init Dist = 12.806 | Init Dist 10 = 12.806 | Init Dist 100 = 12.806 | Init Dist 1000 = 12.806 | Learner Steps = 14167 | Learner Walltime = 2792.217 | Min Dist = 0.077 | Min Dist 10 = 0.228 | Min Dist 100 = 1.086 | Min Dist 1000 = 1.307 | Steps Per Second = 76.701 | Success = 1.000 | Success 1000 = 0.843
I0502 15:52:49.209769 139583350109760 savers.py:156] Saving checkpoint: logs/contrastive_cpc_point_FourRooms_64/5dd72662-2788-11f0-b183-d85ed38c5779/checkpoints/learner
I0502 15:52:49.833424 139569349502528 terminal.py:91] [Actor] Actor Episodes = 18341 | Actor Steps = 917050 | Delta Dist = 10.195 | Delta Dist 10 = 2.587 | Delta Dist 100 = 3.373 | Delta Dist 1000 = 4.026 | Episode Length = 50 | Episode Return = 40.0 | Evaluator Episodes = 4637 | Evaluator Steps = 231850 | Final Dist = 1.206 | Final Dist 10 = 2.847 | Final Dist 100 = 1.786 | Final Dist 1000 = 1.736 | Init Dist = 11.402 | Init Dist 10 = 5.435 | Init Dist 100 = 5.159 | Init Dist 1000 = 5.762 | Learner Steps = 14172 | Learner Walltime = 2793.411 | Min Dist = 0.024 | Min Dist 10 = 0.184 | Min Dist 100 = 0.121 | Min Dist 1000 = 0.254 | Steps Per Second = 74.850 | Success = 1.000 | Success 1000 = 0.986
I0502 15:52:50.085398 139584504182336 lp_utils.py:96] StepsLimiter: Reached 917150 recorded steps
I0502 15:52:50.244102 139579566835264 terminal.py:91] [Evaluator] Actor Episodes = 18343 | Actor Steps = 917150 | Delta Dist = 11.493 | Delta Dist 10 = 11.228 | Delta Dist 100 = 10.936 | Delta Dist 1000 = 10.767 | Episode Length = 50 | Episode Return = 25.0 | Evaluator Episodes = 4639 | Evaluator Steps = 231950 | Final Dist = 1.313 | Final Dist 10 = 1.578 | Final Dist 100 = 1.870 | Final Dist 1000 = 2.040 | Init Dist = 12.806 | Init Dist 10 = 12.806 | Init Dist 100 = 12.806 | Init Dist 1000 = 12.806 | Learner Steps = 14172 | Learner Walltime = 2793.411 | Min Dist = 0.094 | Min Dist 10 = 0.827 | Min Dist 100 = 1.089 | Min Dist 1000 = 1.313 | Steps Per Second = 84.098 | Success = 1.000 | Success 1000 = 0.842
I0502 15:52:51.092330 139555860620864 terminal.py:91] [Actor] Actor Episodes = 18349 | Actor Steps = 917450 | Delta Dist = 7.245 | Delta Dist 10 = 2.980 | Delta Dist 100 = 3.355 | Delta Dist 1000 = 4.026 | Episode Length = 50 | Episode Return = 42.0 | Evaluator Episodes = 4639 | Evaluator Steps = 231950 | Final Dist = 0.817 | Final Dist 10 = 2.495 | Final Dist 100 = 1.825 | Final Dist 1000 = 1.735 | Init Dist = 8.062 | Init Dist 10 = 5.475 | Init Dist 100 = 5.180 | Init Dist 1000 = 5.760 | Learner Steps = 14179 | Learner Walltime = 2794.779 | Min Dist = 0.059 | Min Dist 10 = 0.168 | Min Dist 100 = 0.118 | Min Dist 1000 = 0.255 | Steps Per Second = 80.224 | Success = 1.000 | Success 1000 = 0.986
I0502 15:52:51.207347 139555013154368 terminal.py:91] [Learner] Actor Episodes = 18347 | Actor Loss = 3.6741158962249756 | Actor Steps = 917350 | Binary Accuracy = 0.9960479736328125 | Categorical Accuracy = 0.43377685546875 | Critic Loss = 1.907486915588379 | Entropy Mean = -19.576072692871094 | Evaluator Episodes = 4639 | Evaluator Steps = 231950 | Learner Steps = 14182 | Learner Walltime = 2795.406 | Logits Neg = -16.211246490478516 | Logits Pos = -1.892756700515747 | Logsumexp = 1.2807540893554688 | Steps Per Second = 126.816
I0502 15:52:51.493349 139579566835264 terminal.py:91] [Evaluator] Actor Episodes = 18351 | Actor Steps = 917550 | Delta Dist = 11.443 | Delta Dist 10 = 11.191 | Delta Dist 100 = 10.927 | Delta Dist 1000 = 10.766 | Episode Length = 50 | Episode Return = 2.0 | Evaluator Episodes = 4641 | Evaluator Steps = 232050 | Final Dist = 1.363 | Final Dist 10 = 1.615 | Final Dist 100 = 1.879 | Final Dist 1000 = 2.040 | Init Dist = 12.806 | Init Dist 10 = 12.806 | Init Dist 100 = 12.806 | Init Dist 1000 = 12.806 | Learner Steps = 14179 | Learner Walltime = 2794.779 | Min Dist = 0.497 | Min Dist 10 = 0.890 | Min Dist 100 = 1.093 | Min Dist 1000 = 1.313 | Steps Per Second = 75.101 | Success = 1.000 | Success 1000 = 0.842
I0502 15:52:52.584537 139579566835264 terminal.py:91] [Evaluator] Actor Episodes = 18359 | Actor Steps = 917950 | Delta Dist = 11.465 | Delta Dist 10 = 11.213 | Delta Dist 100 = 10.927 | Delta Dist 1000 = 10.765 | Episode Length = 50 | Episode Return = 20.0 | Evaluator Episodes = 4643 | Evaluator Steps = 232150 | Final Dist = 1.341 | Final Dist 10 = 1.593 | Final Dist 100 = 1.879 | Final Dist 1000 = 2.041 | Init Dist = 12.806 | Init Dist 10 = 12.806 | Init Dist 100 = 12.806 | Init Dist 1000 = 12.806 | Learner Steps = 14185 | Learner Walltime = 2796.047 | Min Dist = 0.072 | Min Dist 10 = 0.957 | Min Dist 100 = 1.093 | Min Dist 1000 = 1.314 | Steps Per Second = 84.286 | Success = 1.000 | Success 1000 = 0.842
I0502 15:52:52.927632 139557462840896 terminal.py:91] [Actor] Actor Episodes = 18361 | Actor Steps = 918050 | Delta Dist = 2.224 | Delta Dist 10 = 1.251 | Delta Dist 100 = 3.340 | Delta Dist 1000 = 4.019 | Episode Length = 50 | Episode Return = 48.0 | Evaluator Episodes = 4643 | Evaluator Steps = 232150 | Final Dist = 0.012 | Final Dist 10 = 3.596 | Final Dist 100 = 1.969 | Final Dist 1000 = 1.741 | Init Dist = 2.236 | Init Dist 10 = 4.847 | Init Dist 100 = 5.309 | Init Dist 1000 = 5.760 | Learner Steps = 14185 | Learner Walltime = 2796.047 | Min Dist = 0.008 | Min Dist 10 = 1.880 | Min Dist 100 = 0.303 | Min Dist 1000 = 0.264 | Steps Per Second = 81.792 | Success = 1.000 | Success 1000 = 0.986
I0502 15:52:53.723159 139579566835264 terminal.py:91] [Evaluator] Actor Episodes = 18365 | Actor Steps = 918250 | Delta Dist = 12.669 | Delta Dist 10 = 11.103 | Delta Dist 100 = 10.988 | Delta Dist 1000 = 10.764 | Episode Length = 50 | Episode Return = 13.0 | Evaluator Episodes = 4645 | Evaluator Steps = 232250 | Final Dist = 0.137 | Final Dist 10 = 1.703 | Final Dist 100 = 1.818 | Final Dist 1000 = 2.042 | Init Dist = 12.806 | Init Dist 10 = 12.806 | Init Dist 100 = 12.806 | Init Dist 1000 = 12.806 | Learner Steps = 14191 | Learner Walltime = 2797.239 | Min Dist = 0.092 | Min Dist 10 = 0.954 | Min Dist 100 = 1.032 | Min Dist 1000 = 1.314 | Steps Per Second = 84.100 | Success = 1.000 | Success 1000 = 0.842
I0502 15:52:55.031344 139579566835264 terminal.py:91] [Evaluator] Actor Episodes = 18373 | Actor Steps = 918650 | Delta Dist = 11.542 | Delta Dist 10 = 11.275 | Delta Dist 100 = 11.057 | Delta Dist 1000 = 10.765 | Episode Length = 50 | Episode Return = 9.0 | Evaluator Episodes = 4647 | Evaluator Steps = 232350 | Final Dist = 1.264 | Final Dist 10 = 1.531 | Final Dist 100 = 1.749 | Final Dist 1000 = 2.041 | Init Dist = 12.806 | Init Dist 10 = 12.806 | Init Dist 100 = 12.806 | Init Dist 1000 = 12.806 | Learner Steps = 14197 | Learner Walltime = 2798.480 | Min Dist = 0.157 | Min Dist 10 = 0.929 | Min Dist 100 = 0.974 | Min Dist 1000 = 1.314 | Steps Per Second = 78.907 | Success = 1.000 | Success 1000 = 0.842
I0502 15:52:56.281847 139579566835264 terminal.py:91] [Evaluator] Actor Episodes = 18381 | Actor Steps = 919050 | Delta Dist = 11.443 | Delta Dist 10 = 11.839 | Delta Dist 100 = 11.061 | Delta Dist 1000 = 10.766 | Episode Length = 50 | Episode Return = 25.0 | Evaluator Episodes = 4649 | Evaluator Steps = 232450 | Final Dist = 1.363 | Final Dist 10 = 0.967 | Final Dist 100 = 1.745 | Final Dist 1000 = 2.041 | Init Dist = 12.806 | Init Dist 10 = 12.806 | Init Dist 100 = 12.806 | Init Dist 1000 = 12.806 | Learner Steps = 14204 | Learner Walltime = 2799.687 | Min Dist = 0.181 | Min Dist 10 = 0.329 | Min Dist 100 = 0.975 | Min Dist 1000 = 1.314 | Steps Per Second = 79.978 | Success = 1.000 | Success 1000 = 0.842
I0502 15:52:57.555836 139579566835264 terminal.py:91] [Evaluator] Actor Episodes = 18389 | Actor Steps = 919450 | Delta Dist = 11.744 | Delta Dist 10 = 11.181 | Delta Dist 100 = 10.995 | Delta Dist 1000 = 10.759 | Episode Length = 50 | Episode Return = 25.0 | Evaluator Episodes = 4651 | Evaluator Steps = 232550 | Final Dist = 1.063 | Final Dist 10 = 1.625 | Final Dist 100 = 1.811 | Final Dist 1000 = 2.047 | Init Dist = 12.806 | Init Dist 10 = 12.806 | Init Dist 100 = 12.806 | Init Dist 1000 = 12.806 | Learner Steps = 14210 | Learner Walltime = 2801.008 | Min Dist = 0.112 | Min Dist 10 = 0.984 | Min Dist 100 = 1.038 | Min Dist 1000 = 1.320 | Steps Per Second = 78.130 | Success = 1.000 | Success 1000 = 0.842
I0502 15:52:58.735126 139558059398720 terminal.py:91] [Actor] Actor Episodes = 18396 | Actor Steps = 919800 | Delta Dist = 5.685 | Delta Dist 10 = 5.673 | Delta Dist 100 = 3.902 | Delta Dist 1000 = 4.058 | Episode Length = 50 | Episode Return = 40.0 | Evaluator Episodes = 4651 | Evaluator Steps = 232550 | Final Dist = 0.315 | Final Dist 10 = 0.952 | Final Dist 100 = 2.044 | Final Dist 1000 = 1.731 | Init Dist = 6.000 | Init Dist 10 = 6.625 | Init Dist 100 = 5.946 | Init Dist 1000 = 5.789 | Learner Steps = 14216 | Learner Walltime = 2802.202 | Min Dist = 0.035 | Min Dist 10 = 0.290 | Min Dist 100 = 0.335 | Min Dist 1000 = 0.264 | Steps Per Second = 82.026 | Success = 1.000 | Success 1000 = 0.986
I0502 15:52:58.745560 139579566835264 terminal.py:91] [Evaluator] Actor Episodes = 18397 | Actor Steps = 919850 | Delta Dist = 11.954 | Delta Dist 10 = 11.242 | Delta Dist 100 = 10.990 | Delta Dist 1000 = 10.759 | Episode Length = 50 | Episode Return = 22.0 | Evaluator Episodes = 4653 | Evaluator Steps = 232650 | Final Dist = 0.852 | Final Dist 10 = 1.564 | Final Dist 100 = 1.817 | Final Dist 1000 = 2.047 | Init Dist = 12.806 | Init Dist 10 = 12.806 | Init Dist 100 = 12.806 | Init Dist 1000 = 12.806 | Learner Steps = 14216 | Learner Walltime = 2802.202 | Min Dist = 0.163 | Min Dist 10 = 0.920 | Min Dist 100 = 1.039 | Min Dist 1000 = 1.319 | Steps Per Second = 83.934 | Success = 1.000 | Success 1000 = 0.843
I0502 15:53:00.003944 139579566835264 terminal.py:91] [Evaluator] Actor Episodes = 18405 | Actor Steps = 920250 | Delta Dist = 12.453 | Delta Dist 10 = 11.367 | Delta Dist 100 = 10.994 | Delta Dist 1000 = 10.759 | Episode Length = 50 | Episode Return = 16.0 | Evaluator Episodes = 4655 | Evaluator Steps = 232750 | Final Dist = 0.353 | Final Dist 10 = 1.439 | Final Dist 100 = 1.812 | Final Dist 1000 = 2.047 | Init Dist = 12.806 | Init Dist 10 = 12.806 | Init Dist 100 = 12.806 | Init Dist 1000 = 12.806 | Learner Steps = 14223 | Learner Walltime = 2803.385 | Min Dist = 0.147 | Min Dist 10 = 0.839 | Min Dist 100 = 1.034 | Min Dist 1000 = 1.319 | Steps Per Second = 76.386 | Success = 1.000 | Success 1000 = 0.843
I0502 15:53:00.102477 139584504182336 lp_utils.py:96] StepsLimiter: Reached 920350 recorded steps
I0502 15:53:00.250353 139569349502528 terminal.py:91] [Actor] Actor Episodes = 18406 | Actor Steps = 920300 | Delta Dist = 6.652 | Delta Dist 10 = 5.228 | Delta Dist 100 = 3.910 | Delta Dist 1000 = 4.068 | Episode Length = 50 | Episode Return = 21.0 | Evaluator Episodes = 4653 | Evaluator Steps = 232650 | Final Dist = 0.964 | Final Dist 10 = 1.116 | Final Dist 100 = 2.087 | Final Dist 1000 = 1.724 | Init Dist = 7.616 | Init Dist 10 = 6.345 | Init Dist 100 = 5.997 | Init Dist 1000 = 5.792 | Learner Steps = 14223 | Learner Walltime = 2803.385 | Min Dist = 0.031 | Min Dist 10 = 0.203 | Min Dist 100 = 0.349 | Min Dist 1000 = 0.261 | Steps Per Second = 80.029 | Success = 1.000 | Success 1000 = 0.986
I0502 15:53:01.151839 139579566835264 terminal.py:91] [Evaluator] Actor Episodes = 18413 | Actor Steps = 920650 | Delta Dist = 11.503 | Delta Dist 10 = 11.255 | Delta Dist 100 = 10.996 | Delta Dist 1000 = 10.758 | Episode Length = 50 | Episode Return = 13.0 | Evaluator Episodes = 4657 | Evaluator Steps = 232850 | Final Dist = 1.303 | Final Dist 10 = 1.551 | Final Dist 100 = 1.810 | Final Dist 1000 = 2.048 | Init Dist = 12.806 | Init Dist 10 = 12.806 | Init Dist 100 = 12.806 | Init Dist 1000 = 12.806 | Learner Steps = 14228 | Learner Walltime = 2804.409 | Min Dist = 0.102 | Min Dist 10 = 0.837 | Min Dist 100 = 1.032 | Min Dist 1000 = 1.318 | Steps Per Second = 90.969 | Success = 1.000 | Success 1000 = 0.843
I0502 15:53:01.257971 139555013154368 terminal.py:91] [Learner] Actor Episodes = 18413 | Actor Loss = 3.6202874183654785 | Actor Steps = 920650 | Binary Accuracy = 0.996079683303833 | Categorical Accuracy = 0.42742919921875 | Critic Loss = 1.875254511833191 | Entropy Mean = -17.649038314819336 | Evaluator Episodes = 4657 | Evaluator Steps = 232850 | Learner Steps = 14233 | Learner Walltime = 2805.452 | Logits Neg = -16.50751304626465 | Logits Pos = -1.8480254411697388 | Logsumexp = 1.172081470489502 | Steps Per Second = 261.110
I0502 15:53:01.312098 139555860620864 terminal.py:91] [Actor] Actor Episodes = 18415 | Actor Steps = 920750 | Delta Dist = 0.593 | Delta Dist 10 = 6.230 | Delta Dist 100 = 4.016 | Delta Dist 1000 = 4.085 | Episode Length = 50 | Episode Return = 47.0 | Evaluator Episodes = 4657 | Evaluator Steps = 232850 | Final Dist = 1.407 | Final Dist 10 = 0.893 | Final Dist 100 = 1.939 | Final Dist 1000 = 1.719 | Init Dist = 2.000 | Init Dist 10 = 7.123 | Init Dist 100 = 5.955 | Init Dist 1000 = 5.804 | Learner Steps = 14233 | Learner Walltime = 2805.452 | Min Dist = 0.008 | Min Dist 10 = 0.088 | Min Dist 100 = 0.341 | Min Dist 1000 = 0.261 | Steps Per Second = 74.292 | Success = 1.000 | Success 1000 = 0.987
I0502 15:53:02.419511 139579566835264 terminal.py:91] [Evaluator] Actor Episodes = 18421 | Actor Steps = 921050 | Delta Dist = 11.972 | Delta Dist 10 = 11.166 | Delta Dist 100 = 10.992 | Delta Dist 1000 = 10.758 | Episode Length = 50 | Episode Return = 16.0 | Evaluator Episodes = 4659 | Evaluator Steps = 232950 | Final Dist = 0.835 | Final Dist 10 = 1.641 | Final Dist 100 = 1.815 | Final Dist 1000 = 2.048 | Init Dist = 12.806 | Init Dist 10 = 12.806 | Init Dist 100 = 12.806 | Init Dist 1000 = 12.806 | Learner Steps = 14233 | Learner Walltime = 2805.452 | Min Dist = 0.086 | Min Dist 10 = 0.840 | Min Dist 100 = 1.030 | Min Dist 1000 = 1.318 | Steps Per Second = 71.666 | Success = 1.000 | Success 1000 = 0.843
I0502 15:53:03.128723 139557462840896 terminal.py:91] [Actor] Actor Episodes = 18427 | Actor Steps = 921350 | Delta Dist = 0.659 | Delta Dist 10 = 3.902 | Delta Dist 100 = 4.182 | Delta Dist 1000 = 4.071 | Episode Length = 50 | Episode Return = 8.0 | Evaluator Episodes = 4659 | Evaluator Steps = 232950 | Final Dist = 0.341 | Final Dist 10 = 2.315 | Final Dist 100 = 1.920 | Final Dist 1000 = 1.732 | Init Dist = 1.000 | Init Dist 10 = 6.217 | Init Dist 100 = 6.102 | Init Dist 1000 = 5.803 | Learner Steps = 14240 | Learner Walltime = 2806.867 | Min Dist = 0.341 | Min Dist 10 = 0.084 | Min Dist 100 = 0.370 | Min Dist 1000 = 0.262 | Steps Per Second = 83.508 | Success = 1.000 | Success 1000 = 0.987
I0502 15:53:03.593337 139579566835264 terminal.py:91] [Evaluator] Actor Episodes = 18429 | Actor Steps = 921450 | Delta Dist = 12.179 | Delta Dist 10 = 11.926 | Delta Dist 100 = 10.997 | Delta Dist 1000 = 10.758 | Episode Length = 50 | Episode Return = 3.0 | Evaluator Episodes = 4661 | Evaluator Steps = 233050 | Final Dist = 0.628 | Final Dist 10 = 0.880 | Final Dist 100 = 1.809 | Final Dist 1000 = 2.048 | Init Dist = 12.806 | Init Dist 10 = 12.806 | Init Dist 100 = 12.806 | Init Dist 1000 = 12.806 | Learner Steps = 14240 | Learner Walltime = 2806.867 | Min Dist = 0.545 | Min Dist 10 = 0.115 | Min Dist 100 = 1.030 | Min Dist 1000 = 1.318 | Steps Per Second = 84.829 | Success = 1.000 | Success 1000 = 0.843
I0502 15:53:04.869558 139579566835264 terminal.py:91] [Evaluator] Actor Episodes = 18437 | Actor Steps = 921850 | Delta Dist = 12.505 | Delta Dist 10 = 12.038 | Delta Dist 100 = 11.012 | Delta Dist 1000 = 10.760 | Episode Length = 50 | Episode Return = 16.0 | Evaluator Episodes = 4663 | Evaluator Steps = 233150 | Final Dist = 0.301 | Final Dist 10 = 0.768 | Final Dist 100 = 1.795 | Final Dist 1000 = 2.047 | Init Dist = 12.806 | Init Dist 10 = 12.806 | Init Dist 100 = 12.806 | Init Dist 1000 = 12.806 | Learner Steps = 14245 | Learner Walltime = 2808.056 | Min Dist = 0.195 | Min Dist 10 = 0.149 | Min Dist 100 = 1.028 | Min Dist 1000 = 1.318 | Steps Per Second = 84.494 | Success = 1.000 | Success 1000 = 0.843
I0502 15:53:06.067703 139579566835264 terminal.py:91] [Evaluator] Actor Episodes = 18445 | Actor Steps = 922250 | Delta Dist = 11.152 | Delta Dist 10 = 12.132 | Delta Dist 100 = 11.029 | Delta Dist 1000 = 10.760 | Episode Length = 50 | Episode Return = 14.0 | Evaluator Episodes = 4665 | Evaluator Steps = 233250 | Final Dist = 1.654 | Final Dist 10 = 0.674 | Final Dist 100 = 1.777 | Final Dist 1000 = 2.046 | Init Dist = 12.806 | Init Dist 10 = 12.806 | Init Dist 100 = 12.806 | Init Dist 1000 = 12.806 | Learner Steps = 14252 | Learner Walltime = 2809.398 | Min Dist = 0.799 | Min Dist 10 = 0.167 | Min Dist 100 = 1.030 | Min Dist 1000 = 1.318 | Steps Per Second = 92.460 | Success = 1.000 | Success 1000 = 0.843
I0502 15:53:07.279795 139579566835264 terminal.py:91] [Evaluator] Actor Episodes = 18453 | Actor Steps = 922650 | Delta Dist = 11.425 | Delta Dist 10 = 11.968 | Delta Dist 100 = 11.068 | Delta Dist 1000 = 10.771 | Episode Length = 50 | Episode Return = 26.0 | Evaluator Episodes = 4667 | Evaluator Steps = 233350 | Final Dist = 1.381 | Final Dist 10 = 0.838 | Final Dist 100 = 1.739 | Final Dist 1000 = 2.035 | Init Dist = 12.806 | Init Dist 10 = 12.806 | Init Dist 100 = 12.806 | Init Dist 1000 = 12.806 | Learner Steps = 14258 | Learner Walltime = 2810.531 | Min Dist = 0.112 | Min Dist 10 = 0.265 | Min Dist 100 = 0.977 | Min Dist 1000 = 1.306 | Steps Per Second = 77.693 | Success = 1.000 | Success 1000 = 0.845
I0502 15:53:08.449091 139579566835264 terminal.py:91] [Evaluator] Actor Episodes = 18461 | Actor Steps = 923050 | Delta Dist = 12.424 | Delta Dist 10 = 11.987 | Delta Dist 100 = 11.057 | Delta Dist 1000 = 10.786 | Episode Length = 50 | Episode Return = 11.0 | Evaluator Episodes = 4669 | Evaluator Steps = 233450 | Final Dist = 0.382 | Final Dist 10 = 0.819 | Final Dist 100 = 1.749 | Final Dist 1000 = 2.020 | Init Dist = 12.806 | Init Dist 10 = 12.806 | Init Dist 100 = 12.806 | Init Dist 1000 = 12.806 | Learner Steps = 14264 | Learner Walltime = 2811.664 | Min Dist = 0.198 | Min Dist 10 = 0.269 | Min Dist 100 = 0.977 | Min Dist 1000 = 1.291 | Steps Per Second = 83.481 | Success = 1.000 | Success 1000 = 0.847
I0502 15:53:08.840776 139558059398720 terminal.py:91] [Actor] Actor Episodes = 18460 | Actor Steps = 923000 | Delta Dist = 9.172 | Delta Dist 10 = 5.061 | Delta Dist 100 = 4.469 | Delta Dist 1000 = 4.059 | Episode Length = 50 | Episode Return = 50.0 | Evaluator Episodes = 4667 | Evaluator Steps = 233350 | Final Dist = 0.047 | Final Dist 10 = 0.492 | Final Dist 100 = 1.551 | Final Dist 1000 = 1.747 | Init Dist = 9.220 | Init Dist 10 = 5.552 | Init Dist 100 = 6.020 | Init Dist 1000 = 5.806 | Learner Steps = 14264 | Learner Walltime = 2811.664 | Min Dist = 0.036 | Min Dist 10 = 0.052 | Min Dist 100 = 0.176 | Min Dist 1000 = 0.253 | Steps Per Second = 77.668 | Success = 1.000 | Success 1000 = 0.988
I0502 15:53:09.756387 139579566835264 terminal.py:91] [Evaluator] Actor Episodes = 18469 | Actor Steps = 923450 | Delta Dist = 11.997 | Delta Dist 10 = 11.932 | Delta Dist 100 = 11.116 | Delta Dist 1000 = 10.796 | Episode Length = 50 | Episode Return = 17.0 | Evaluator Episodes = 4671 | Evaluator Steps = 233550 | Final Dist = 0.809 | Final Dist 10 = 0.874 | Final Dist 100 = 1.690 | Final Dist 1000 = 2.010 | Init Dist = 12.806 | Init Dist 10 = 12.806 | Init Dist 100 = 12.806 | Init Dist 1000 = 12.806 | Learner Steps = 14270 | Learner Walltime = 2812.868 | Min Dist = 0.119 | Min Dist 10 = 0.285 | Min Dist 100 = 0.917 | Min Dist 1000 = 1.280 | Steps Per Second = 75.936 | Success = 1.000 | Success 1000 = 0.848
I0502 15:53:10.128108 139584504182336 lp_utils.py:96] StepsLimiter: Reached 923550 recorded steps
I0502 15:53:10.337686 139569349502528 terminal.py:91] [Actor] Actor Episodes = 18470 | Actor Steps = 923500 | Delta Dist = 1.423 | Delta Dist 10 = 4.957 | Delta Dist 100 = 4.447 | Delta Dist 1000 = 4.078 | Episode Length = 50 | Episode Return = 26.0 | Evaluator Episodes = 4669 | Evaluator Steps = 233450 | Final Dist = 0.813 | Final Dist 10 = 1.618 | Final Dist 100 = 1.648 | Final Dist 1000 = 1.756 | Init Dist = 2.236 | Init Dist 10 = 6.575 | Init Dist 100 = 6.095 | Init Dist 1000 = 5.834 | Learner Steps = 14270 | Learner Walltime = 2812.868 | Min Dist = 0.048 | Min Dist 10 = 0.076 | Min Dist 100 = 0.174 | Min Dist 1000 = 0.253 | Steps Per Second = 78.440 | Success = 1.000 | Success 1000 = 0.988
I0502 15:53:11.018468 139579566835264 terminal.py:91] [Evaluator] Actor Episodes = 18477 | Actor Steps = 923850 | Delta Dist = 12.084 | Delta Dist 10 = 11.822 | Delta Dist 100 = 11.195 | Delta Dist 1000 = 10.816 | Episode Length = 50 | Episode Return = 14.0 | Evaluator Episodes = 4673 | Evaluator Steps = 233650 | Final Dist = 0.722 | Final Dist 10 = 0.984 | Final Dist 100 = 1.612 | Final Dist 1000 = 1.990 | Init Dist = 12.806 | Init Dist 10 = 12.806 | Init Dist 100 = 12.806 | Init Dist 1000 = 12.806 | Learner Steps = 14276 | Learner Walltime = 2814.100 | Min Dist = 0.344 | Min Dist 10 = 0.252 | Min Dist 100 = 0.845 | Min Dist 1000 = 1.259 | Steps Per Second = 78.490 | Success = 1.000 | Success 1000 = 0.850
I0502 15:53:11.314423 139555860620864 terminal.py:91] [Actor] Actor Episodes = 18479 | Actor Steps = 923950 | Delta Dist = 5.400 | Delta Dist 10 = 5.368 | Delta Dist 100 = 4.521 | Delta Dist 1000 = 4.087 | Episode Length = 50 | Episode Return = 10.0 | Evaluator Episodes = 4673 | Evaluator Steps = 233650 | Final Dist = 1.003 | Final Dist 10 = 1.237 | Final Dist 100 = 1.619 | Final Dist 1000 = 1.755 | Init Dist = 6.403 | Init Dist 10 = 6.605 | Init Dist 100 = 6.140 | Init Dist 1000 = 5.841 | Learner Steps = 14282 | Learner Walltime = 2815.344 | Min Dist = 0.020 | Min Dist 10 = 0.095 | Min Dist 100 = 0.174 | Min Dist 1000 = 0.254 | Steps Per Second = 76.524 | Success = 1.000 | Success 1000 = 0.988
I0502 15:53:11.471490 139555013154368 terminal.py:91] [Learner] Actor Episodes = 18477 | Actor Loss = 3.520761013031006 | Actor Steps = 923850 | Binary Accuracy = 0.9960274696350098 | Categorical Accuracy = 0.43212890625 | Critic Loss = 1.8734153509140015 | Entropy Mean = -19.385093688964844 | Evaluator Episodes = 4673 | Evaluator Steps = 233650 | Learner Steps = 14284 | Learner Walltime = 2815.670 | Logits Neg = -16.22769546508789 | Logits Pos = -1.8313747644424438 | Logsumexp = 1.347607135772705 | Steps Per Second = 277.702
I0502 15:53:12.186172 139579566835264 terminal.py:91] [Evaluator] Actor Episodes = 18483 | Actor Steps = 924150 | Delta Dist = 11.857 | Delta Dist 10 = 11.673 | Delta Dist 100 = 11.246 | Delta Dist 1000 = 10.816 | Episode Length = 50 | Episode Return = 13.0 | Evaluator Episodes = 4675 | Evaluator Steps = 233750 | Final Dist = 0.950 | Final Dist 10 = 1.133 | Final Dist 100 = 1.560 | Final Dist 1000 = 1.990 | Init Dist = 12.806 | Init Dist 10 = 12.806 | Init Dist 100 = 12.806 | Init Dist 1000 = 12.806 | Learner Steps = 14282 | Learner Walltime = 2815.344 | Min Dist = 0.950 | Min Dist 10 = 0.274 | Min Dist 100 = 0.787 | Min Dist 1000 = 1.258 | Steps Per Second = 84.750 | Success = 1.000 | Success 1000 = 0.850
I0502 15:53:13.494647 139579566835264 terminal.py:91] [Evaluator] Actor Episodes = 18491 | Actor Steps = 924550 | Delta Dist = 11.633 | Delta Dist 10 = 11.788 | Delta Dist 100 = 11.244 | Delta Dist 1000 = 10.816 | Episode Length = 50 | Episode Return = 6.0 | Evaluator Episodes = 4677 | Evaluator Steps = 233850 | Final Dist = 1.174 | Final Dist 10 = 1.018 | Final Dist 100 = 1.562 | Final Dist 1000 = 1.990 | Init Dist = 12.806 | Init Dist 10 = 12.806 | Init Dist 100 = 12.806 | Init Dist 1000 = 12.806 | Learner Steps = 14289 | Learner Walltime = 2816.701 | Min Dist = 0.229 | Min Dist 10 = 0.257 | Min Dist 100 = 0.788 | Min Dist 1000 = 1.259 | Steps Per Second = 80.626 | Success = 1.000 | Success 1000 = 0.850
I0502 15:53:13.727881 139557462840896 terminal.py:91] [Actor] Actor Episodes = 18490 | Actor Steps = 924500 | Delta Dist = -0.320 | Delta Dist 10 = 4.444 | Delta Dist 100 = 4.368 | Delta Dist 1000 = 4.089 | Episode Length = 50 | Episode Return = 32.0 | Evaluator Episodes = 4675 | Evaluator Steps = 233750 | Final Dist = 1.734 | Final Dist 10 = 1.696 | Final Dist 100 = 1.554 | Final Dist 1000 = 1.746 | Init Dist = 1.414 | Init Dist 10 = 6.140 | Init Dist 100 = 5.922 | Init Dist 1000 = 5.836 | Learner Steps = 14289 | Learner Walltime = 2816.701 | Min Dist = 0.000 | Min Dist 10 = 0.090 | Min Dist 100 = 0.166 | Min Dist 1000 = 0.250 | Steps Per Second = 77.467 | Success = 1.000 | Success 1000 = 0.988
I0502 15:53:14.731141 139579566835264 terminal.py:91] [Evaluator] Actor Episodes = 18499 | Actor Steps = 924950 | Delta Dist = 11.940 | Delta Dist 10 = 11.749 | Delta Dist 100 = 11.233 | Delta Dist 1000 = 10.815 | Episode Length = 50 | Episode Return = 12.0 | Evaluator Episodes = 4679 | Evaluator Steps = 233950 | Final Dist = 0.867 | Final Dist 10 = 1.057 | Final Dist 100 = 1.573 | Final Dist 1000 = 1.991 | Init Dist = 12.806 | Init Dist 10 = 12.806 | Init Dist 100 = 12.806 | Init Dist 1000 = 12.806 | Learner Steps = 14295 | Learner Walltime = 2817.995 | Min Dist = 0.454 | Min Dist 10 = 0.249 | Min Dist 100 = 0.788 | Min Dist 1000 = 1.259 | Steps Per Second = 81.964 | Success = 1.000 | Success 1000 = 0.850
I0502 15:53:15.999857 139579566835264 terminal.py:91] [Evaluator] Actor Episodes = 18507 | Actor Steps = 925350 | Delta Dist = 11.513 | Delta Dist 10 = 11.786 | Delta Dist 100 = 11.246 | Delta Dist 1000 = 10.816 | Episode Length = 50 | Episode Return = 18.0 | Evaluator Episodes = 4681 | Evaluator Steps = 234050 | Final Dist = 1.294 | Final Dist 10 = 1.020 | Final Dist 100 = 1.561 | Final Dist 1000 = 1.991 | Init Dist = 12.806 | Init Dist 10 = 12.806 | Init Dist 100 = 12.806 | Init Dist 1000 = 12.806 | Learner Steps = 14301 | Learner Walltime = 2819.235 | Min Dist = 0.095 | Min Dist 10 = 0.288 | Min Dist 100 = 0.790 | Min Dist 1000 = 1.260 | Steps Per Second = 90.104 | Success = 1.000 | Success 1000 = 0.850
I0502 15:53:17.150791 139579566835264 terminal.py:91] [Evaluator] Actor Episodes = 18515 | Actor Steps = 925750 | Delta Dist = 12.284 | Delta Dist 10 = 11.800 | Delta Dist 100 = 11.303 | Delta Dist 1000 = 10.816 | Episode Length = 50 | Episode Return = 9.0 | Evaluator Episodes = 4683 | Evaluator Steps = 234150 | Final Dist = 0.522 | Final Dist 10 = 1.006 | Final Dist 100 = 1.504 | Final Dist 1000 = 1.990 | Init Dist = 12.806 | Init Dist 10 = 12.806 | Init Dist 100 = 12.806 | Init Dist 1000 = 12.806 | Learner Steps = 14308 | Learner Walltime = 2820.509 | Min Dist = 0.079 | Min Dist 10 = 0.298 | Min Dist 100 = 0.731 | Min Dist 1000 = 1.259 | Steps Per Second = 93.519 | Success = 1.000 | Success 1000 = 0.850
I0502 15:53:18.294018 139579566835264 terminal.py:91] [Evaluator] Actor Episodes = 18523 | Actor Steps = 926150 | Delta Dist = 11.445 | Delta Dist 10 = 11.814 | Delta Dist 100 = 11.305 | Delta Dist 1000 = 10.815 | Episode Length = 50 | Episode Return = 1.0 | Evaluator Episodes = 4685 | Evaluator Steps = 234250 | Final Dist = 1.361 | Final Dist 10 = 0.993 | Final Dist 100 = 1.502 | Final Dist 1000 = 1.991 | Init Dist = 12.806 | Init Dist 10 = 12.806 | Init Dist 100 = 12.806 | Init Dist 1000 = 12.806 | Learner Steps = 14314 | Learner Walltime = 2821.795 | Min Dist = 0.461 | Min Dist 10 = 0.279 | Min Dist 100 = 0.731 | Min Dist 1000 = 1.259 | Steps Per Second = 86.025 | Success = 1.000 | Success 1000 = 0.850
I0502 15:53:18.841969 139558059398720 terminal.py:91] [Actor] Actor Episodes = 18524 | Actor Steps = 926200 | Delta Dist = 8.282 | Delta Dist 10 = 3.282 | Delta Dist 100 = 3.873 | Delta Dist 1000 = 4.095 | Episode Length = 50 | Episode Return = 33.0 | Evaluator Episodes = 4683 | Evaluator Steps = 234150 | Final Dist = 0.773 | Final Dist 10 = 1.795 | Final Dist 100 = 1.841 | Final Dist 1000 = 1.715 | Init Dist = 9.055 | Init Dist 10 = 5.077 | Init Dist 100 = 5.714 | Init Dist 1000 = 5.810 | Learner Steps = 14314 | Learner Walltime = 2821.795 | Min Dist = 0.128 | Min Dist 10 = 0.831 | Min Dist 100 = 0.209 | Min Dist 1000 = 0.232 | Steps Per Second = 78.985 | Success = 1.000 | Success 1000 = 0.987
I0502 15:53:19.562582 139579566835264 terminal.py:91] [Evaluator] Actor Episodes = 18531 | Actor Steps = 926550 | Delta Dist = 11.835 | Delta Dist 10 = 11.804 | Delta Dist 100 = 11.295 | Delta Dist 1000 = 10.813 | Episode Length = 50 | Episode Return = 23.0 | Evaluator Episodes = 4687 | Evaluator Steps = 234350 | Final Dist = 0.971 | Final Dist 10 = 1.002 | Final Dist 100 = 1.511 | Final Dist 1000 = 1.993 | Init Dist = 12.806 | Init Dist 10 = 12.806 | Init Dist 100 = 12.806 | Init Dist 1000 = 12.806 | Learner Steps = 14321 | Learner Walltime = 2823.088 | Min Dist = 0.368 | Min Dist 10 = 0.254 | Min Dist 100 = 0.734 | Min Dist 1000 = 1.260 | Steps Per Second = 83.136 | Success = 1.000 | Success 1000 = 0.850
I0502 15:53:20.150999 139584504182336 lp_utils.py:96] StepsLimiter: Reached 926750 recorded steps
I0502 15:53:20.615957 139569349502528 terminal.py:91] [Actor] Actor Episodes = 18534 | Actor Steps = 926700 | Delta Dist = 6.275 | Delta Dist 10 = 5.086 | Delta Dist 100 = 4.112 | Delta Dist 1000 = 4.107 | Episode Length = 50 | Episode Return = 22.0 | Evaluator Episodes = 4687 | Evaluator Steps = 234350 | Final Dist = 1.340 | Final Dist 10 = 1.645 | Final Dist 100 = 1.822 | Final Dist 1000 = 1.715 | Init Dist = 7.616 | Init Dist 10 = 6.732 | Init Dist 100 = 5.934 | Init Dist 1000 = 5.822 | Learner Steps = 14321 | Learner Walltime = 2823.088 | Min Dist = 0.104 | Min Dist 10 = 0.551 | Min Dist 100 = 0.248 | Min Dist 1000 = 0.236 | Steps Per Second = 77.834 | Success = 1.000 | Success 1000 = 0.987
I0502 15:53:20.724777 139579566835264 terminal.py:91] [Evaluator] Actor Episodes = 18539 | Actor Steps = 926950 | Delta Dist = 11.468 | Delta Dist 10 = 11.861 | Delta Dist 100 = 11.368 | Delta Dist 1000 = 10.813 | Episode Length = 50 | Episode Return = 1.0 | Evaluator Episodes = 4689 | Evaluator Steps = 234450 | Final Dist = 1.338 | Final Dist 10 = 0.946 | Final Dist 100 = 1.438 | Final Dist 1000 = 1.993 | Init Dist = 12.806 | Init Dist 10 = 12.806 | Init Dist 100 = 12.806 | Init Dist 1000 = 12.806 | Learner Steps = 14326 | Learner Walltime = 2824.263 | Min Dist = 0.285 | Min Dist 10 = 0.279 | Min Dist 100 = 0.671 | Min Dist 1000 = 1.260 | Steps Per Second = 91.927 | Success = 1.000 | Success 1000 = 0.850
I0502 15:53:21.484248 139555013154368 terminal.py:91] [Learner] Actor Episodes = 18543 | Actor Loss = 3.6715025901794434 | Actor Steps = 927150 | Binary Accuracy = 0.9960274696350098 | Categorical Accuracy = 0.4134521484375 | Critic Loss = 1.924560308456421 | Entropy Mean = -17.02811050415039 | Evaluator Episodes = 4689 | Evaluator Steps = 234450 | Learner Steps = 14335 | Learner Walltime = 2825.682 | Logits Neg = -16.051067352294922 | Logits Pos = -1.9104880094528198 | Logsumexp = 1.218747854232788 | Steps Per Second = 1197.715
I0502 15:53:21.881171 139579566835264 terminal.py:91] [Evaluator] Actor Episodes = 18545 | Actor Steps = 927250 | Delta Dist = 12.763 | Delta Dist 10 = 11.786 | Delta Dist 100 = 11.369 | Delta Dist 1000 = 10.814 | Episode Length = 50 | Episode Return = 25.0 | Evaluator Episodes = 4691 | Evaluator Steps = 234550 | Final Dist = 0.043 | Final Dist 10 = 1.020 | Final Dist 100 = 1.437 | Final Dist 1000 = 1.993 | Init Dist = 12.806 | Init Dist 10 = 12.806 | Init Dist 100 = 12.806 | Init Dist 1000 = 12.806 | Learner Steps = 14333 | Learner Walltime = 2825.577 | Min Dist = 0.028 | Min Dist 10 = 0.271 | Min Dist 100 = 0.669 | Min Dist 1000 = 1.260 | Steps Per Second = 86.564 | Success = 1.000 | Success 1000 = 0.850
I0502 15:53:21.935629 139555860620864 terminal.py:91] [Actor] Actor Episodes = 18544 | Actor Steps = 927200 | Delta Dist = 6.012 | Delta Dist 10 = 2.209 | Delta Dist 100 = 4.151 | Delta Dist 1000 = 4.091 | Episode Length = 50 | Episode Return = 41.0 | Evaluator Episodes = 4689 | Evaluator Steps = 234450 | Final Dist = 1.059 | Final Dist 10 = 4.068 | Final Dist 100 = 1.812 | Final Dist 1000 = 1.733 | Init Dist = 7.071 | Init Dist 10 = 6.277 | Init Dist 100 = 5.962 | Init Dist 1000 = 5.825 | Learner Steps = 14326 | Learner Walltime = 2824.263 | Min Dist = 0.012 | Min Dist 10 = 1.923 | Min Dist 100 = 0.436 | Min Dist 1000 = 0.253 | Steps Per Second = 76.173 | Success = 1.000 | Success 1000 = 0.987
I0502 15:53:22.993418 139579566835264 terminal.py:91] [Evaluator] Actor Episodes = 18553 | Actor Steps = 927650 | Delta Dist = 11.399 | Delta Dist 10 = 11.838 | Delta Dist 100 = 11.381 | Delta Dist 1000 = 10.814 | Episode Length = 50 | Episode Return = 26.0 | Evaluator Episodes = 4693 | Evaluator Steps = 234650 | Final Dist = 1.407 | Final Dist 10 = 0.968 | Final Dist 100 = 1.426 | Final Dist 1000 = 1.992 | Init Dist = 12.806 | Init Dist 10 = 12.806 | Init Dist 100 = 12.806 | Init Dist 1000 = 12.806 | Learner Steps = 14339 | Learner Walltime = 2826.714 | Min Dist = 0.027 | Min Dist 10 = 0.235 | Min Dist 100 = 0.666 | Min Dist 1000 = 1.259 | Steps Per Second = 97.431 | Success = 1.000 | Success 1000 = 0.850
I0502 15:53:24.012432 139557462840896 terminal.py:91] [Actor] Actor Episodes = 18561 | Actor Steps = 928050 | Delta Dist = 4.899 | Delta Dist 10 = 4.454 | Delta Dist 100 = 4.058 | Delta Dist 1000 = 4.101 | Episode Length = 50 | Episode Return = 40.0 | Evaluator Episodes = 4693 | Evaluator Steps = 234650 | Final Dist = 0.486 | Final Dist 10 = 1.313 | Final Dist 100 = 1.890 | Final Dist 1000 = 1.732 | Init Dist = 5.385 | Init Dist 10 = 5.767 | Init Dist 100 = 5.948 | Init Dist 1000 = 5.833 | Learner Steps = 14345 | Learner Walltime = 2827.796 | Min Dist = 0.073 | Min Dist 10 = 0.050 | Min Dist 100 = 0.425 | Min Dist 1000 = 0.252 | Steps Per Second = 76.793 | Success = 1.000 | Success 1000 = 0.987
I0502 15:53:24.160526 139579566835264 terminal.py:91] [Evaluator] Actor Episodes = 18561 | Actor Steps = 928050 | Delta Dist = 11.482 | Delta Dist 10 = 11.763 | Delta Dist 100 = 11.368 | Delta Dist 1000 = 10.815 | Episode Length = 50 | Episode Return = 1.0 | Evaluator Episodes = 4695 | Evaluator Steps = 234750 | Final Dist = 1.325 | Final Dist 10 = 1.043 | Final Dist 100 = 1.438 | Final Dist 1000 = 1.992 | Init Dist = 12.806 | Init Dist 10 = 12.806 | Init Dist 100 = 12.806 | Init Dist 1000 = 12.806 | Learner Steps = 14345 | Learner Walltime = 2827.796 | Min Dist = 0.406 | Min Dist 10 = 0.204 | Min Dist 100 = 0.666 | Min Dist 1000 = 1.259 | Steps Per Second = 82.414 | Success = 1.000 | Success 1000 = 0.850
I0502 15:53:25.421952 139579566835264 terminal.py:91] [Evaluator] Actor Episodes = 18571 | Actor Steps = 928550 | Delta Dist = 11.534 | Delta Dist 10 = 11.751 | Delta Dist 100 = 11.428 | Delta Dist 1000 = 10.814 | Episode Length = 50 | Episode Return = 2.0 | Evaluator Episodes = 4697 | Evaluator Steps = 234850 | Final Dist = 1.272 | Final Dist 10 = 1.055 | Final Dist 100 = 1.379 | Final Dist 1000 = 1.992 | Init Dist = 12.806 | Init Dist 10 = 12.806 | Init Dist 100 = 12.806 | Init Dist 1000 = 12.806 | Learner Steps = 14351 | Learner Walltime = 2828.915 | Min Dist = 0.511 | Min Dist 10 = 0.173 | Min Dist 100 = 0.594 | Min Dist 1000 = 1.259 | Steps Per Second = 75.781 | Success = 1.000 | Success 1000 = 0.850
I0502 15:53:26.773368 139579566835264 terminal.py:91] [Evaluator] Actor Episodes = 18579 | Actor Steps = 928950 | Delta Dist = 12.489 | Delta Dist 10 = 11.752 | Delta Dist 100 = 11.432 | Delta Dist 1000 = 10.821 | Episode Length = 50 | Episode Return = 22.0 | Evaluator Episodes = 4699 | Evaluator Steps = 234950 | Final Dist = 0.318 | Final Dist 10 = 1.054 | Final Dist 100 = 1.375 | Final Dist 1000 = 1.985 | Init Dist = 12.806 | Init Dist 10 = 12.806 | Init Dist 100 = 12.806 | Init Dist 1000 = 12.806 | Learner Steps = 14357 | Learner Walltime = 2830.026 | Min Dist = 0.178 | Min Dist 10 = 0.178 | Min Dist 100 = 0.595 | Min Dist 1000 = 1.252 | Steps Per Second = 72.968 | Success = 1.000 | Success 1000 = 0.851
I0502 15:53:27.978947 139579566835264 terminal.py:91] [Evaluator] Actor Episodes = 18587 | Actor Steps = 929350 | Delta Dist = 12.362 | Delta Dist 10 = 11.837 | Delta Dist 100 = 11.514 | Delta Dist 1000 = 10.821 | Episode Length = 50 | Episode Return = 24.0 | Evaluator Episodes = 4701 | Evaluator Steps = 235050 | Final Dist = 0.445 | Final Dist 10 = 0.970 | Final Dist 100 = 1.293 | Final Dist 1000 = 1.985 | Init Dist = 12.806 | Init Dist 10 = 12.806 | Init Dist 100 = 12.806 | Init Dist 1000 = 12.806 | Learner Steps = 14362 | Learner Walltime = 2831.197 | Min Dist = 0.176 | Min Dist 10 = 0.169 | Min Dist 100 = 0.540 | Min Dist 1000 = 1.252 | Steps Per Second = 78.536 | Success = 1.000 | Success 1000 = 0.851
I0502 15:53:28.879933 139558059398720 terminal.py:91] [Actor] Actor Episodes = 18593 | Actor Steps = 929650 | Delta Dist = 4.040 | Delta Dist 10 = 5.332 | Delta Dist 100 = 3.929 | Delta Dist 1000 = 4.109 | Episode Length = 50 | Episode Return = 27.0 | Evaluator Episodes = 4701 | Evaluator Steps = 235050 | Final Dist = 0.083 | Final Dist 10 = 0.657 | Final Dist 100 = 1.950 | Final Dist 1000 = 1.714 | Init Dist = 4.123 | Init Dist 10 = 5.989 | Init Dist 100 = 5.878 | Init Dist 1000 = 5.823 | Learner Steps = 14368 | Learner Walltime = 2832.214 | Min Dist = 0.059 | Min Dist 10 = 0.079 | Min Dist 100 = 0.529 | Min Dist 1000 = 0.260 | Steps Per Second = 93.023 | Success = 1.000 | Success 1000 = 0.987
I0502 15:53:29.186899 139579566835264 terminal.py:91] [Evaluator] Actor Episodes = 18595 | Actor Steps = 929750 | Delta Dist = 12.136 | Delta Dist 10 = 11.881 | Delta Dist 100 = 11.700 | Delta Dist 1000 = 10.822 | Episode Length = 50 | Episode Return = 31.0 | Evaluator Episodes = 4703 | Evaluator Steps = 235150 | Final Dist = 0.670 | Final Dist 10 = 0.925 | Final Dist 100 = 1.107 | Final Dist 1000 = 1.984 | Init Dist = 12.806 | Init Dist 10 = 12.806 | Init Dist 100 = 12.806 | Init Dist 1000 = 12.806 | Learner Steps = 14373 | Learner Walltime = 2833.237 | Min Dist = 0.099 | Min Dist 10 = 0.193 | Min Dist 100 = 0.355 | Min Dist 1000 = 1.252 | Steps Per Second = 80.556 | Success = 1.000 | Success 1000 = 0.851
I0502 15:53:30.172169 139584504182336 lp_utils.py:96] StepsLimiter: Reached 930150 recorded steps
I0502 15:53:30.436347 139579566835264 terminal.py:91] [Evaluator] Actor Episodes = 18603 | Actor Steps = 930150 | Delta Dist = 12.172 | Delta Dist 10 = 11.976 | Delta Dist 100 = 11.708 | Delta Dist 1000 = 10.822 | Episode Length = 50 | Episode Return = 24.0 | Evaluator Episodes = 4705 | Evaluator Steps = 235250 | Final Dist = 0.634 | Final Dist 10 = 0.830 | Final Dist 100 = 1.098 | Final Dist 1000 = 1.984 | Init Dist = 12.806 | Init Dist 10 = 12.806 | Init Dist 100 = 12.806 | Init Dist 1000 = 12.806 | Learner Steps = 14378 | Learner Walltime = 2834.472 | Min Dist = 0.063 | Min Dist 10 = 0.212 | Min Dist 100 = 0.355 | Min Dist 1000 = 1.252 | Steps Per Second = 78.388 | Success = 1.000 | Success 1000 = 0.851
I0502 15:53:31.084310 139569349502528 terminal.py:91] [Actor] Actor Episodes = 18605 | Actor Steps = 930250 | Delta Dist = 5.611 | Delta Dist 10 = 1.048 | Delta Dist 100 = 3.697 | Delta Dist 1000 = 4.086 | Episode Length = 50 | Episode Return = 45.0 | Evaluator Episodes = 4705 | Evaluator Steps = 235250 | Final Dist = 0.220 | Final Dist 10 = 5.253 | Final Dist 100 = 2.366 | Final Dist 1000 = 1.761 | Init Dist = 5.831 | Init Dist 10 = 6.301 | Init Dist 100 = 6.063 | Init Dist 1000 = 5.848 | Learner Steps = 14378 | Learner Walltime = 2834.472 | Min Dist = 0.050 | Min Dist 10 = 1.416 | Min Dist 100 = 0.635 | Min Dist 1000 = 0.271 | Steps Per Second = 85.191 | Success = 1.000 | Success 1000 = 0.987
I0502 15:53:31.581808 139555013154368 terminal.py:91] [Learner] Actor Episodes = 18611 | Actor Loss = 3.6486988067626953 | Actor Steps = 930550 | Binary Accuracy = 0.9960169792175293 | Categorical Accuracy = 0.40997314453125 | Critic Loss = 1.956398844718933 | Entropy Mean = -18.838516235351562 | Evaluator Episodes = 4705 | Evaluator Steps = 235250 | Learner Steps = 14384 | Learner Walltime = 2835.776 | Logits Neg = -16.06258773803711 | Logits Pos = -1.9363322257995605 | Logsumexp = 1.1568530797958374 | Steps Per Second = 120.053
I0502 15:53:31.785344 139579566835264 terminal.py:91] [Evaluator] Actor Episodes = 18611 | Actor Steps = 930550 | Delta Dist = 12.246 | Delta Dist 10 = 12.045 | Delta Dist 100 = 11.700 | Delta Dist 1000 = 10.822 | Episode Length = 50 | Episode Return = 4.0 | Evaluator Episodes = 4707 | Evaluator Steps = 235350 | Final Dist = 0.561 | Final Dist 10 = 0.761 | Final Dist 100 = 1.106 | Final Dist 1000 = 1.984 | Init Dist = 12.806 | Init Dist 10 = 12.806 | Init Dist 100 = 12.806 | Init Dist 1000 = 12.806 | Learner Steps = 14384 | Learner Walltime = 2835.776 | Min Dist = 0.247 | Min Dist 10 = 0.207 | Min Dist 100 = 0.356 | Min Dist 1000 = 1.252 | Steps Per Second = 76.212 | Success = 1.000 | Success 1000 = 0.851
I0502 15:53:32.521183 139555860620864 terminal.py:91] [Actor] Actor Episodes = 18615 | Actor Steps = 930750 | Delta Dist = 1.142 | Delta Dist 10 = 3.765 | Delta Dist 100 = 3.805 | Delta Dist 1000 = 4.082 | Episode Length = 50 | Episode Return = 40.0 | Evaluator Episodes = 4707 | Evaluator Steps = 235350 | Final Dist = 0.858 | Final Dist 10 = 2.419 | Final Dist 100 = 2.210 | Final Dist 1000 = 1.767 | Init Dist = 2.000 | Init Dist 10 = 6.183 | Init Dist 100 = 6.016 | Init Dist 1000 = 5.849 | Learner Steps = 14384 | Learner Walltime = 2835.776 | Min Dist = 0.028 | Min Dist 10 = 1.006 | Min Dist 100 = 0.628 | Min Dist 1000 = 0.267 | Steps Per Second = 76.406 | Success = 1.000 | Success 1000 = 0.987
I0502 15:53:32.980038 139579566835264 terminal.py:91] [Evaluator] Actor Episodes = 18619 | Actor Steps = 930950 | Delta Dist = 10.844 | Delta Dist 10 = 12.080 | Delta Dist 100 = 11.703 | Delta Dist 1000 = 10.823 | Episode Length = 50 | Episode Return = 18.0 | Evaluator Episodes = 4709 | Evaluator Steps = 235450 | Final Dist = 1.962 | Final Dist 10 = 0.726 | Final Dist 100 = 1.103 | Final Dist 1000 = 1.983 | Init Dist = 12.806 | Init Dist 10 = 12.806 | Init Dist 100 = 12.806 | Init Dist 1000 = 12.806 | Learner Steps = 14391 | Learner Walltime = 2837.034 | Min Dist = 0.065 | Min Dist 10 = 0.211 | Min Dist 100 = 0.359 | Min Dist 1000 = 1.249 | Steps Per Second = 73.873 | Success = 1.000 | Success 1000 = 0.852
I0502 15:53:34.027494 139557462840896 terminal.py:91] [Actor] Actor Episodes = 18625 | Actor Steps = 931250 | Delta Dist = 2.635 | Delta Dist 10 = 5.483 | Delta Dist 100 = 3.891 | Delta Dist 1000 = 4.095 | Episode Length = 50 | Episode Return = 24.0 | Evaluator Episodes = 4709 | Evaluator Steps = 235450 | Final Dist = 0.365 | Final Dist 10 = 1.216 | Final Dist 100 = 2.198 | Final Dist 1000 = 1.751 | Init Dist = 3.000 | Init Dist 10 = 6.699 | Init Dist 100 = 6.089 | Init Dist 1000 = 5.846 | Learner Steps = 14396 | Learner Walltime = 2838.158 | Min Dist = 0.032 | Min Dist 10 = 0.039 | Min Dist 100 = 0.621 | Min Dist 1000 = 0.266 | Steps Per Second = 81.640 | Success = 1.000 | Success 1000 = 0.988
I0502 15:53:34.188072 139579566835264 terminal.py:91] [Evaluator] Actor Episodes = 18627 | Actor Steps = 931350 | Delta Dist = 12.588 | Delta Dist 10 = 11.877 | Delta Dist 100 = 11.684 | Delta Dist 1000 = 10.821 | Episode Length = 50 | Episode Return = 23.0 | Evaluator Episodes = 4711 | Evaluator Steps = 235550 | Final Dist = 0.218 | Final Dist 10 = 0.929 | Final Dist 100 = 1.122 | Final Dist 1000 = 1.985 | Init Dist = 12.806 | Init Dist 10 = 12.806 | Init Dist 100 = 12.806 | Init Dist 1000 = 12.806 | Learner Steps = 14396 | Learner Walltime = 2838.158 | Min Dist = 0.143 | Min Dist 10 = 0.182 | Min Dist 100 = 0.354 | Min Dist 1000 = 1.249 | Steps Per Second = 83.955 | Success = 1.000 | Success 1000 = 0.852
I0502 15:53:35.466390 139579566835264 terminal.py:91] [Evaluator] Actor Episodes = 18635 | Actor Steps = 931750 | Delta Dist = 11.981 | Delta Dist 10 = 11.244 | Delta Dist 100 = 11.626 | Delta Dist 1000 = 10.815 | Episode Length = 50 | Episode Return = 17.0 | Evaluator Episodes = 4713 | Evaluator Steps = 235650 | Final Dist = 0.825 | Final Dist 10 = 1.563 | Final Dist 100 = 1.180 | Final Dist 1000 = 1.992 | Init Dist = 12.806 | Init Dist 10 = 12.806 | Init Dist 100 = 12.806 | Init Dist 1000 = 12.806 | Learner Steps = 14402 | Learner Walltime = 2839.466 | Min Dist = 0.490 | Min Dist 10 = 0.755 | Min Dist 100 = 0.411 | Min Dist 1000 = 1.255 | Steps Per Second = 80.662 | Success = 1.000 | Success 1000 = 0.851
I0502 15:53:36.754571 139579566835264 terminal.py:91] [Evaluator] Actor Episodes = 18643 | Actor Steps = 932150 | Delta Dist = 12.043 | Delta Dist 10 = 11.193 | Delta Dist 100 = 11.631 | Delta Dist 1000 = 10.813 | Episode Length = 50 | Episode Return = 22.0 | Evaluator Episodes = 4715 | Evaluator Steps = 235750 | Final Dist = 0.763 | Final Dist 10 = 1.613 | Final Dist 100 = 1.175 | Final Dist 1000 = 1.993 | Init Dist = 12.806 | Init Dist 10 = 12.806 | Init Dist 100 = 12.806 | Init Dist 1000 = 12.806 | Learner Steps = 14409 | Learner Walltime = 2840.760 | Min Dist = 0.110 | Min Dist 10 = 0.807 | Min Dist 100 = 0.414 | Min Dist 1000 = 1.255 | Steps Per Second = 75.369 | Success = 1.000 | Success 1000 = 0.851
I0502 15:53:37.953648 139579566835264 terminal.py:91] [Evaluator] Actor Episodes = 18649 | Actor Steps = 932450 | Delta Dist = 12.395 | Delta Dist 10 = 11.166 | Delta Dist 100 = 11.634 | Delta Dist 1000 = 10.825 | Episode Length = 50 | Episode Return = 3.0 | Evaluator Episodes = 4717 | Evaluator Steps = 235850 | Final Dist = 0.412 | Final Dist 10 = 1.640 | Final Dist 100 = 1.172 | Final Dist 1000 = 1.982 | Init Dist = 12.806 | Init Dist 10 = 12.806 | Init Dist 100 = 12.806 | Init Dist 1000 = 12.806 | Learner Steps = 14415 | Learner Walltime = 2841.968 | Min Dist = 0.177 | Min Dist 10 = 0.816 | Min Dist 100 = 0.414 | Min Dist 1000 = 1.244 | Steps Per Second = 80.778 | Success = 1.000 | Success 1000 = 0.852
I0502 15:53:39.043951 139558059398720 terminal.py:91] [Actor] Actor Episodes = 18657 | Actor Steps = 932850 | Delta Dist = 0.548 | Delta Dist 10 = 2.896 | Delta Dist 100 = 3.831 | Delta Dist 1000 = 4.090 | Episode Length = 50 | Episode Return = 45.0 | Evaluator Episodes = 4717 | Evaluator Steps = 235850 | Final Dist = 0.867 | Final Dist 10 = 2.692 | Final Dist 100 = 2.160 | Final Dist 1000 = 1.740 | Init Dist = 1.414 | Init Dist 10 = 5.588 | Init Dist 100 = 5.991 | Init Dist 1000 = 5.829 | Learner Steps = 14415 | Learner Walltime = 2841.968 | Min Dist = 0.082 | Min Dist 10 = 0.175 | Min Dist 100 = 0.368 | Min Dist 1000 = 0.259 | Steps Per Second = 68.463 | Success = 1.000 | Success 1000 = 0.988
I0502 15:53:39.267330 139579566835264 terminal.py:91] [Evaluator] Actor Episodes = 18657 | Actor Steps = 932850 | Delta Dist = 12.680 | Delta Dist 10 = 11.205 | Delta Dist 100 = 11.649 | Delta Dist 1000 = 10.826 | Episode Length = 50 | Episode Return = 25.0 | Evaluator Episodes = 4719 | Evaluator Steps = 235950 | Final Dist = 0.127 | Final Dist 10 = 1.601 | Final Dist 100 = 1.157 | Final Dist 1000 = 1.980 | Init Dist = 12.806 | Init Dist 10 = 12.806 | Init Dist 100 = 12.806 | Init Dist 1000 = 12.806 | Learner Steps = 14422 | Learner Walltime = 2843.284 | Min Dist = 0.127 | Min Dist 10 = 0.855 | Min Dist 100 = 0.423 | Min Dist 1000 = 1.245 | Steps Per Second = 73.542 | Success = 1.000 | Success 1000 = 0.852
I0502 15:53:40.188893 139584504182336 lp_utils.py:96] StepsLimiter: Reached 933050 recorded steps
I0502 15:53:40.504108 139579566835264 terminal.py:91] [Evaluator] Actor Episodes = 18665 | Actor Steps = 933250 | Delta Dist = 11.853 | Delta Dist 10 = 11.389 | Delta Dist 100 = 11.660 | Delta Dist 1000 = 10.827 | Episode Length = 50 | Episode Return = 33.0 | Evaluator Episodes = 4721 | Evaluator Steps = 236050 | Final Dist = 0.953 | Final Dist 10 = 1.417 | Final Dist 100 = 1.146 | Final Dist 1000 = 1.979 | Init Dist = 12.806 | Init Dist 10 = 12.806 | Init Dist 100 = 12.806 | Init Dist 1000 = 12.806 | Learner Steps = 14427 | Learner Walltime = 2844.369 | Min Dist = 0.246 | Min Dist 10 = 0.863 | Min Dist 100 = 0.423 | Min Dist 1000 = 1.244 | Steps Per Second = 95.545 | Success = 1.000 | Success 1000 = 0.852
I0502 15:53:41.667961 139569349502528 terminal.py:91] [Actor] Actor Episodes = 18670 | Actor Steps = 933500 | Delta Dist = 9.843 | Delta Dist 10 = 6.245 | Delta Dist 100 = 4.010 | Delta Dist 1000 = 4.111 | Episode Length = 50 | Episode Return = 16.0 | Evaluator Episodes = 4721 | Evaluator Steps = 236050 | Final Dist = 0.157 | Final Dist 10 = 1.664 | Final Dist 100 = 2.097 | Final Dist 1000 = 1.738 | Init Dist = 10.000 | Init Dist 10 = 7.909 | Init Dist 100 = 6.107 | Init Dist 1000 = 5.849 | Learner Steps = 14427 | Learner Walltime = 2844.369 | Min Dist = 0.143 | Min Dist 10 = 0.075 | Min Dist 100 = 0.364 | Min Dist 1000 = 0.257 | Steps Per Second = 80.969 | Success = 1.000 | Success 1000 = 0.988
I0502 15:53:41.758384 139579566835264 terminal.py:91] [Evaluator] Actor Episodes = 18673 | Actor Steps = 933650 | Delta Dist = 11.493 | Delta Dist 10 = 11.262 | Delta Dist 100 = 11.588 | Delta Dist 1000 = 10.821 | Episode Length = 50 | Episode Return = 19.0 | Evaluator Episodes = 4723 | Evaluator Steps = 236150 | Final Dist = 1.313 | Final Dist 10 = 1.544 | Final Dist 100 = 1.218 | Final Dist 1000 = 1.985 | Init Dist = 12.806 | Init Dist 10 = 12.806 | Init Dist 100 = 12.806 | Init Dist 1000 = 12.806 | Learner Steps = 14433 | Learner Walltime = 2845.385 | Min Dist = 0.493 | Min Dist 10 = 0.897 | Min Dist 100 = 0.482 | Min Dist 1000 = 1.249 | Steps Per Second = 83.791 | Success = 1.000 | Success 1000 = 0.851
I0502 15:53:41.784215 139555013154368 terminal.py:91] [Learner] Actor Episodes = 18669 | Actor Loss = 3.5794503688812256 | Actor Steps = 933450 | Binary Accuracy = 0.9960098266601562 | Categorical Accuracy = 0.41192626953125 | Critic Loss = 1.9379725456237793 | Entropy Mean = -19.595550537109375 | Evaluator Episodes = 4721 | Evaluator Steps = 236050 | Learner Steps = 14435 | Learner Walltime = 2845.981 | Logits Neg = -15.940492630004883 | Logits Pos = -1.8966255187988281 | Logsumexp = 1.2807306051254272 | Steps Per Second = 219.283
I0502 15:53:42.900541 139555860620864 terminal.py:91] [Actor] Actor Episodes = 18681 | Actor Steps = 934050 | Delta Dist = 8.961 | Delta Dist 10 = 5.620 | Delta Dist 100 = 4.096 | Delta Dist 1000 = 4.135 | Episode Length = 50 | Episode Return = 12.0 | Evaluator Episodes = 4723 | Evaluator Steps = 236150 | Final Dist = 1.856 | Final Dist 10 = 0.858 | Final Dist 100 = 2.029 | Final Dist 1000 = 1.731 | Init Dist = 10.817 | Init Dist 10 = 6.477 | Init Dist 100 = 6.125 | Init Dist 1000 = 5.866 | Learner Steps = 14438 | Learner Walltime = 2846.416 | Min Dist = 0.354 | Min Dist 10 = 0.113 | Min Dist 100 = 0.272 | Min Dist 1000 = 0.258 | Steps Per Second = 73.309 | Success = 1.000 | Success 1000 = 0.988
I0502 15:53:42.956355 139579566835264 terminal.py:91] [Evaluator] Actor Episodes = 18681 | Actor Steps = 934050 | Delta Dist = 8.312 | Delta Dist 10 = 11.211 | Delta Dist 100 = 11.587 | Delta Dist 1000 = 10.821 | Episode Length = 50 | Episode Return = 0.0 | Evaluator Episodes = 4725 | Evaluator Steps = 236250 | Final Dist = 4.494 | Final Dist 10 = 1.595 | Final Dist 100 = 1.220 | Final Dist 1000 = 1.985 | Init Dist = 12.806 | Init Dist 10 = 12.806 | Init Dist 100 = 12.806 | Init Dist 1000 = 12.806 | Learner Steps = 14438 | Learner Walltime = 2846.416 | Min Dist = 4.257 | Min Dist 10 = 0.919 | Min Dist 100 = 0.488 | Min Dist 1000 = 1.250 | Steps Per Second = 73.579 | Success = 0.000 | Success 1000 = 0.851
I0502 15:53:44.142213 139579566835264 terminal.py:91] [Evaluator] Actor Episodes = 18687 | Actor Steps = 934350 | Delta Dist = 11.881 | Delta Dist 10 = 10.823 | Delta Dist 100 = 11.557 | Delta Dist 1000 = 10.817 | Episode Length = 50 | Episode Return = 4.0 | Evaluator Episodes = 4727 | Evaluator Steps = 236350 | Final Dist = 0.925 | Final Dist 10 = 1.983 | Final Dist 100 = 1.249 | Final Dist 1000 = 1.989 | Init Dist = 12.806 | Init Dist 10 = 12.806 | Init Dist 100 = 12.806 | Init Dist 1000 = 12.806 | Learner Steps = 14443 | Learner Walltime = 2847.507 | Min Dist = 0.534 | Min Dist 10 = 1.375 | Min Dist 100 = 0.534 | Min Dist 1000 = 1.254 | Steps Per Second = 81.993 | Success = 1.000 | Success 1000 = 0.850
I0502 15:53:44.572605 139557462840896 terminal.py:91] [Actor] Actor Episodes = 18691 | Actor Steps = 934550 | Delta Dist = 6.007 | Delta Dist 10 = 5.935 | Delta Dist 100 = 4.279 | Delta Dist 1000 = 4.163 | Episode Length = 50 | Episode Return = 43.0 | Evaluator Episodes = 4727 | Evaluator Steps = 236350 | Final Dist = 0.076 | Final Dist 10 = 1.916 | Final Dist 100 = 2.161 | Final Dist 1000 = 1.718 | Init Dist = 6.083 | Init Dist 10 = 7.851 | Init Dist 100 = 6.440 | Init Dist 1000 = 5.881 | Learner Steps = 14449 | Learner Walltime = 2848.562 | Min Dist = 0.076 | Min Dist 10 = 0.087 | Min Dist 100 = 0.273 | Min Dist 1000 = 0.258 | Steps Per Second = 77.493 | Success = 1.000 | Success 1000 = 0.988
I0502 15:53:45.384138 139579566835264 terminal.py:91] [Evaluator] Actor Episodes = 18695 | Actor Steps = 934750 | Delta Dist = 11.656 | Delta Dist 10 = 10.702 | Delta Dist 100 = 11.557 | Delta Dist 1000 = 10.827 | Episode Length = 50 | Episode Return = 22.0 | Evaluator Episodes = 4729 | Evaluator Steps = 236450 | Final Dist = 1.150 | Final Dist 10 = 2.104 | Final Dist 100 = 1.249 | Final Dist 1000 = 1.979 | Init Dist = 12.806 | Init Dist 10 = 12.806 | Init Dist 100 = 12.806 | Init Dist 1000 = 12.806 | Learner Steps = 14449 | Learner Walltime = 2848.562 | Min Dist = 0.139 | Min Dist 10 = 1.333 | Min Dist 100 = 0.537 | Min Dist 1000 = 1.244 | Steps Per Second = 77.497 | Success = 1.000 | Success 1000 = 0.851
I0502 15:53:46.660076 139579566835264 terminal.py:91] [Evaluator] Actor Episodes = 18705 | Actor Steps = 935250 | Delta Dist = 12.391 | Delta Dist 10 = 10.653 | Delta Dist 100 = 11.556 | Delta Dist 1000 = 10.837 | Episode Length = 50 | Episode Return = 24.0 | Evaluator Episodes = 4731 | Evaluator Steps = 236550 | Final Dist = 0.415 | Final Dist 10 = 2.153 | Final Dist 100 = 1.250 | Final Dist 1000 = 1.969 | Init Dist = 12.806 | Init Dist 10 = 12.806 | Init Dist 100 = 12.806 | Init Dist 1000 = 12.806 | Learner Steps = 14454 | Learner Walltime = 2849.770 | Min Dist = 0.335 | Min Dist 10 = 1.320 | Min Dist 100 = 0.537 | Min Dist 1000 = 1.233 | Steps Per Second = 80.459 | Success = 1.000 | Success 1000 = 0.852
I0502 15:53:47.937702 139579566835264 terminal.py:91] [Evaluator] Actor Episodes = 18711 | Actor Steps = 935550 | Delta Dist = 11.846 | Delta Dist 10 = 11.324 | Delta Dist 100 = 11.566 | Delta Dist 1000 = 10.837 | Episode Length = 50 | Episode Return = 21.0 | Evaluator Episodes = 4733 | Evaluator Steps = 236650 | Final Dist = 0.960 | Final Dist 10 = 1.482 | Final Dist 100 = 1.240 | Final Dist 1000 = 1.969 | Init Dist = 12.806 | Init Dist 10 = 12.806 | Init Dist 100 = 12.806 | Init Dist 1000 = 12.806 | Learner Steps = 14460 | Learner Walltime = 2851.002 | Min Dist = 0.046 | Min Dist 10 = 0.768 | Min Dist 100 = 0.542 | Min Dist 1000 = 1.233 | Steps Per Second = 75.505 | Success = 1.000 | Success 1000 = 0.852
I0502 15:53:49.095457 139584635659840 savers.py:156] Saving checkpoint: logs/contrastive_cpc_point_FourRooms_64/5dd72662-2788-11f0-b183-d85ed38c5779/checkpoints/counter
I0502 15:53:49.271268 139579566835264 terminal.py:91] [Evaluator] Actor Episodes = 18721 | Actor Steps = 936050 | Delta Dist = 12.426 | Delta Dist 10 = 11.318 | Delta Dist 100 = 11.555 | Delta Dist 1000 = 10.837 | Episode Length = 50 | Episode Return = 28.0 | Evaluator Episodes = 4735 | Evaluator Steps = 236750 | Final Dist = 0.380 | Final Dist 10 = 1.489 | Final Dist 100 = 1.251 | Final Dist 1000 = 1.970 | Init Dist = 12.806 | Init Dist 10 = 12.806 | Init Dist 100 = 12.806 | Init Dist 1000 = 12.806 | Learner Steps = 14466 | Learner Walltime = 2852.345 | Min Dist = 0.213 | Min Dist 10 = 0.853 | Min Dist 100 = 0.551 | Min Dist 1000 = 1.235 | Steps Per Second = 74.698 | Success = 1.000 | Success 1000 = 0.851
I0502 15:53:49.517157 139583350109760 savers.py:156] Saving checkpoint: logs/contrastive_cpc_point_FourRooms_64/5dd72662-2788-11f0-b183-d85ed38c5779/checkpoints/learner
I0502 15:53:49.731091 139558059398720 terminal.py:91] [Actor] Actor Episodes = 18720 | Actor Steps = 936000 | Delta Dist = 7.248 | Delta Dist 10 = 5.323 | Delta Dist 100 = 4.731 | Delta Dist 1000 = 4.175 | Episode Length = 50 | Episode Return = 40.0 | Evaluator Episodes = 4733 | Evaluator Steps = 236650 | Final Dist = 0.367 | Final Dist 10 = 1.027 | Final Dist 100 = 1.602 | Final Dist 1000 = 1.716 | Init Dist = 7.616 | Init Dist 10 = 6.350 | Init Dist 100 = 6.333 | Init Dist 1000 = 5.891 | Learner Steps = 14466 | Learner Walltime = 2852.345 | Min Dist = 0.088 | Min Dist 10 = 0.081 | Min Dist 100 = 0.136 | Min Dist 1000 = 0.257 | Steps Per Second = 67.734 | Success = 1.000 | Success 1000 = 0.988
I0502 15:53:50.207975 139584504182336 lp_utils.py:96] StepsLimiter: Reached 936250 recorded steps
I0502 15:53:50.652796 139579566835264 terminal.py:91] [Evaluator] Actor Episodes = 18729 | Actor Steps = 936450 | Delta Dist = 8.328 | Delta Dist 10 = 11.736 | Delta Dist 100 = 11.561 | Delta Dist 1000 = 10.837 | Episode Length = 50 | Episode Return = 0.0 | Evaluator Episodes = 4737 | Evaluator Steps = 236850 | Final Dist = 4.478 | Final Dist 10 = 1.070 | Final Dist 100 = 1.245 | Final Dist 1000 = 1.969 | Init Dist = 12.806 | Init Dist 10 = 12.806 | Init Dist 100 = 12.806 | Init Dist 1000 = 12.806 | Learner Steps = 14477 | Learner Walltime = 2854.525 | Min Dist = 4.360 | Min Dist 10 = 0.391 | Min Dist 100 = 0.550 | Min Dist 1000 = 1.235 | Steps Per Second = 73.884 | Success = 0.000 | Success 1000 = 0.851
I0502 15:53:51.858967 139555013154368 terminal.py:91] [Learner] Actor Episodes = 18731 | Actor Loss = 3.6133458614349365 | Actor Steps = 936550 | Binary Accuracy = 0.9960403442382812 | Categorical Accuracy = 0.4151611328125 | Critic Loss = 1.925654411315918 | Entropy Mean = -18.610197067260742 | Evaluator Episodes = 4737 | Evaluator Steps = 236850 | Learner Steps = 14483 | Learner Walltime = 2856.055 | Logits Neg = -15.904417991638184 | Logits Pos = -1.9076606035232544 | Logsumexp = 1.1249521970748901 | Steps Per Second = 136.725
I0502 15:53:52.078074 139579566835264 terminal.py:91] [Evaluator] Actor Episodes = 18737 | Actor Steps = 936850 | Delta Dist = 11.594 | Delta Dist 10 = 11.463 | Delta Dist 100 = 11.580 | Delta Dist 1000 = 10.833 | Episode Length = 50 | Episode Return = 5.0 | Evaluator Episodes = 4739 | Evaluator Steps = 236950 | Final Dist = 1.212 | Final Dist 10 = 1.343 | Final Dist 100 = 1.226 | Final Dist 1000 = 1.973 | Init Dist = 12.806 | Init Dist 10 = 12.806 | Init Dist 100 = 12.806 | Init Dist 1000 = 12.806 | Learner Steps = 14482 | Learner Walltime = 2855.587 | Min Dist = 0.250 | Min Dist 10 = 0.772 | Min Dist 100 = 0.531 | Min Dist 1000 = 1.239 | Steps Per Second = 65.508 | Success = 1.000 | Success 1000 = 0.850
I0502 15:53:52.171946 139569349502528 terminal.py:91] [Actor] Actor Episodes = 18734 | Actor Steps = 936700 | Delta Dist = 4.643 | Delta Dist 10 = 4.996 | Delta Dist 100 = 4.949 | Delta Dist 1000 = 4.166 | Episode Length = 50 | Episode Return = 27.0 | Evaluator Episodes = 4737 | Evaluator Steps = 236850 | Final Dist = 0.742 | Final Dist 10 = 1.154 | Final Dist 100 = 1.491 | Final Dist 1000 = 1.726 | Init Dist = 5.385 | Init Dist 10 = 6.150 | Init Dist 100 = 6.440 | Init Dist 1000 = 5.892 | Learner Steps = 14482 | Learner Walltime = 2855.587 | Min Dist = 0.063 | Min Dist 10 = 0.030 | Min Dist 100 = 0.093 | Min Dist 1000 = 0.257 | Steps Per Second = 78.731 | Success = 1.000 | Success 1000 = 0.988
I0502 15:53:53.152791 139555860620864 terminal.py:91] [Actor] Actor Episodes = 18745 | Actor Steps = 937250 | Delta Dist = 2.458 | Delta Dist 10 = 3.092 | Delta Dist 100 = 4.739 | Delta Dist 1000 = 4.148 | Episode Length = 50 | Episode Return = 33.0 | Evaluator Episodes = 4739 | Evaluator Steps = 236950 | Final Dist = 0.371 | Final Dist 10 = 2.942 | Final Dist 100 = 1.570 | Final Dist 1000 = 1.724 | Init Dist = 2.828 | Init Dist 10 = 6.034 | Init Dist 100 = 6.308 | Init Dist 1000 = 5.872 | Learner Steps = 14487 | Learner Walltime = 2856.901 | Min Dist = 0.049 | Min Dist 10 = 0.065 | Min Dist 100 = 0.093 | Min Dist 1000 = 0.257 | Steps Per Second = 86.583 | Success = 1.000 | Success 1000 = 0.988
I0502 15:53:53.306720 139579566835264 terminal.py:91] [Evaluator] Actor Episodes = 18745 | Actor Steps = 937250 | Delta Dist = 6.482 | Delta Dist 10 = 11.481 | Delta Dist 100 = 11.585 | Delta Dist 1000 = 10.834 | Episode Length = 50 | Episode Return = 0.0 | Evaluator Episodes = 4741 | Evaluator Steps = 237050 | Final Dist = 6.324 | Final Dist 10 = 1.325 | Final Dist 100 = 1.221 | Final Dist 1000 = 1.972 | Init Dist = 12.806 | Init Dist 10 = 12.806 | Init Dist 100 = 12.806 | Init Dist 1000 = 12.806 | Learner Steps = 14487 | Learner Walltime = 2856.901 | Min Dist = 6.324 | Min Dist 10 = 0.793 | Min Dist 100 = 0.527 | Min Dist 1000 = 1.239 | Steps Per Second = 80.391 | Success = 0.000 | Success 1000 = 0.850
I0502 15:53:54.456919 139579566835264 terminal.py:91] [Evaluator] Actor Episodes = 18753 | Actor Steps = 937650 | Delta Dist = 11.437 | Delta Dist 10 = 10.968 | Delta Dist 100 = 11.542 | Delta Dist 1000 = 10.834 | Episode Length = 50 | Episode Return = 3.0 | Evaluator Episodes = 4743 | Evaluator Steps = 237150 | Final Dist = 1.369 | Final Dist 10 = 1.838 | Final Dist 100 = 1.264 | Final Dist 1000 = 1.973 | Init Dist = 12.806 | Init Dist 10 = 12.806 | Init Dist 100 = 12.806 | Init Dist 1000 = 12.806 | Learner Steps = 14493 | Learner Walltime = 2858.051 | Min Dist = 0.792 | Min Dist 10 = 1.364 | Min Dist 100 = 0.583 | Min Dist 1000 = 1.239 | Steps Per Second = 93.669 | Success = 1.000 | Success 1000 = 0.850
I0502 15:53:55.222334 139557462840896 terminal.py:91] [Actor] Actor Episodes = 18755 | Actor Steps = 937750 | Delta Dist = 2.636 | Delta Dist 10 = 5.026 | Delta Dist 100 = 4.910 | Delta Dist 1000 = 4.175 | Episode Length = 50 | Episode Return = 43.0 | Evaluator Episodes = 4743 | Evaluator Steps = 237150 | Final Dist = 0.192 | Final Dist 10 = 0.802 | Final Dist 100 = 1.384 | Final Dist 1000 = 1.692 | Init Dist = 2.828 | Init Dist 10 = 5.829 | Init Dist 100 = 6.294 | Init Dist 1000 = 5.867 | Learner Steps = 14500 | Learner Walltime = 2859.364 | Min Dist = 0.024 | Min Dist 10 = 0.086 | Min Dist 100 = 0.087 | Min Dist 1000 = 0.257 | Steps Per Second = 73.010 | Success = 1.000 | Success 1000 = 0.988
I0502 15:53:55.702560 139579566835264 terminal.py:91] [Evaluator] Actor Episodes = 18759 | Actor Steps = 937950 | Delta Dist = 12.224 | Delta Dist 10 = 10.983 | Delta Dist 100 = 11.543 | Delta Dist 1000 = 10.833 | Episode Length = 50 | Episode Return = 17.0 | Evaluator Episodes = 4745 | Evaluator Steps = 237250 | Final Dist = 0.582 | Final Dist 10 = 1.823 | Final Dist 100 = 1.263 | Final Dist 1000 = 1.973 | Init Dist = 12.806 | Init Dist 10 = 12.806 | Init Dist 100 = 12.806 | Init Dist 1000 = 12.806 | Learner Steps = 14500 | Learner Walltime = 2859.364 | Min Dist = 0.204 | Min Dist 10 = 1.282 | Min Dist 100 = 0.584 | Min Dist 1000 = 1.239 | Steps Per Second = 76.479 | Success = 1.000 | Success 1000 = 0.850
I0502 15:53:56.986956 139579566835264 terminal.py:91] [Evaluator] Actor Episodes = 18767 | Actor Steps = 938350 | Delta Dist = 11.568 | Delta Dist 10 = 11.020 | Delta Dist 100 = 11.536 | Delta Dist 1000 = 10.834 | Episode Length = 50 | Episode Return = 20.0 | Evaluator Episodes = 4747 | Evaluator Steps = 237350 | Final Dist = 1.239 | Final Dist 10 = 1.787 | Final Dist 100 = 1.271 | Final Dist 1000 = 1.972 | Init Dist = 12.806 | Init Dist 10 = 12.806 | Init Dist 100 = 12.806 | Init Dist 1000 = 12.806 | Learner Steps = 14506 | Learner Walltime = 2860.660 | Min Dist = 0.029 | Min Dist 10 = 1.267 | Min Dist 100 = 0.584 | Min Dist 1000 = 1.239 | Steps Per Second = 73.517 | Success = 1.000 | Success 1000 = 0.850
I0502 15:53:58.217094 139579566835264 terminal.py:91] [Evaluator] Actor Episodes = 18775 | Actor Steps = 938750 | Delta Dist = 11.534 | Delta Dist 10 = 11.306 | Delta Dist 100 = 11.527 | Delta Dist 1000 = 10.833 | Episode Length = 50 | Episode Return = 28.0 | Evaluator Episodes = 4749 | Evaluator Steps = 237450 | Final Dist = 1.273 | Final Dist 10 = 1.500 | Final Dist 100 = 1.279 | Final Dist 1000 = 1.973 | Init Dist = 12.806 | Init Dist 10 = 12.806 | Init Dist 100 = 12.806 | Init Dist 1000 = 12.806 | Learner Steps = 14511 | Learner Walltime = 2861.661 | Min Dist = 0.104 | Min Dist 10 = 0.840 | Min Dist 100 = 0.583 | Min Dist 1000 = 1.239 | Steps Per Second = 86.233 | Success = 1.000 | Success 1000 = 0.850
I0502 15:53:59.389209 139579566835264 terminal.py:91] [Evaluator] Actor Episodes = 18783 | Actor Steps = 939150 | Delta Dist = 11.350 | Delta Dist 10 = 11.231 | Delta Dist 100 = 11.590 | Delta Dist 1000 = 10.832 | Episode Length = 50 | Episode Return = 3.0 | Evaluator Episodes = 4751 | Evaluator Steps = 237550 | Final Dist = 1.456 | Final Dist 10 = 1.575 | Final Dist 100 = 1.216 | Final Dist 1000 = 1.974 | Init Dist = 12.806 | Init Dist 10 = 12.806 | Init Dist 100 = 12.806 | Init Dist 1000 = 12.806 | Learner Steps = 14516 | Learner Walltime = 2862.742 | Min Dist = 0.317 | Min Dist 10 = 0.814 | Min Dist 100 = 0.510 | Min Dist 1000 = 1.238 | Steps Per Second = 84.120 | Success = 1.000 | Success 1000 = 0.850
I0502 15:53:59.754485 139558059398720 terminal.py:91] [Actor] Actor Episodes = 18782 | Actor Steps = 939100 | Delta Dist = 8.886 | Delta Dist 10 = 2.931 | Delta Dist 100 = 4.637 | Delta Dist 1000 = 4.178 | Episode Length = 50 | Episode Return = 35.0 | Evaluator Episodes = 4749 | Evaluator Steps = 237450 | Final Dist = 0.333 | Final Dist 10 = 1.676 | Final Dist 100 = 1.149 | Final Dist 1000 = 1.669 | Init Dist = 9.220 | Init Dist 10 = 4.607 | Init Dist 100 = 5.786 | Init Dist 1000 = 5.847 | Learner Steps = 14516 | Learner Walltime = 2862.742 | Min Dist = 0.231 | Min Dist 10 = 0.030 | Min Dist 100 = 0.078 | Min Dist 1000 = 0.250 | Steps Per Second = 80.514 | Success = 1.000 | Success 1000 = 0.988
I0502 15:54:00.225699 139584504182336 lp_utils.py:96] StepsLimiter: Reached 939350 recorded steps
I0502 15:54:00.576575 139579566835264 terminal.py:91] [Evaluator] Actor Episodes = 18791 | Actor Steps = 939550 | Delta Dist = 12.401 | Delta Dist 10 = 11.669 | Delta Dist 100 = 11.585 | Delta Dist 1000 = 10.831 | Episode Length = 50 | Episode Return = 20.0 | Evaluator Episodes = 4753 | Evaluator Steps = 237650 | Final Dist = 0.405 | Final Dist 10 = 1.137 | Final Dist 100 = 1.222 | Final Dist 1000 = 1.975 | Init Dist = 12.806 | Init Dist 10 = 12.806 | Init Dist 100 = 12.806 | Init Dist 1000 = 12.806 | Learner Steps = 14522 | Learner Walltime = 2863.865 | Min Dist = 0.081 | Min Dist 10 = 0.242 | Min Dist 100 = 0.515 | Min Dist 1000 = 1.239 | Steps Per Second = 84.193 | Success = 1.000 | Success 1000 = 0.850
I0502 15:54:01.737333 139579566835264 terminal.py:91] [Evaluator] Actor Episodes = 18799 | Actor Steps = 939950 | Delta Dist = 12.548 | Delta Dist 10 = 11.736 | Delta Dist 100 = 11.580 | Delta Dist 1000 = 10.832 | Episode Length = 50 | Episode Return = 4.0 | Evaluator Episodes = 4755 | Evaluator Steps = 237750 | Final Dist = 0.259 | Final Dist 10 = 1.070 | Final Dist 100 = 1.226 | Final Dist 1000 = 1.975 | Init Dist = 12.806 | Init Dist 10 = 12.806 | Init Dist 100 = 12.806 | Init Dist 1000 = 12.806 | Learner Steps = 14528 | Learner Walltime = 2865.028 | Min Dist = 0.259 | Min Dist 10 = 0.180 | Min Dist 100 = 0.518 | Min Dist 1000 = 1.239 | Steps Per Second = 88.565 | Success = 1.000 | Success 1000 = 0.850
I0502 15:54:02.037171 139555013154368 terminal.py:91] [Learner] Actor Episodes = 18801 | Actor Loss = 3.5380663871765137 | Actor Steps = 940050 | Binary Accuracy = 0.9960110187530518 | Categorical Accuracy = 0.42413330078125 | Critic Loss = 1.9578763246536255 | Entropy Mean = -18.848342895507812 | Evaluator Episodes = 4755 | Evaluator Steps = 237750 | Learner Steps = 14534 | Learner Walltime = 2866.233 | Logits Neg = -15.736372947692871 | Logits Pos = -1.9441395998001099 | Logsumexp = 1.2544703483581543 | Steps Per Second = 168.493
I0502 15:54:02.244878 139569349502528 terminal.py:91] [Actor] Actor Episodes = 18800 | Actor Steps = 940000 | Delta Dist = 0.742 | Delta Dist 10 = 5.495 | Delta Dist 100 = 4.763 | Delta Dist 1000 = 4.160 | Episode Length = 50 | Episode Return = 33.0 | Evaluator Episodes = 4753 | Evaluator Steps = 237650 | Final Dist = 0.258 | Final Dist 10 = 0.331 | Final Dist 100 = 1.123 | Final Dist 1000 = 1.666 | Init Dist = 1.000 | Init Dist 10 = 5.825 | Init Dist 100 = 5.886 | Init Dist 1000 = 5.827 | Learner Steps = 14528 | Learner Walltime = 2865.028 | Min Dist = 0.043 | Min Dist 10 = 0.047 | Min Dist 100 = 0.073 | Min Dist 1000 = 0.250 | Steps Per Second = 82.200 | Success = 1.000 | Success 1000 = 0.988
I0502 15:54:02.909633 139579566835264 terminal.py:91] [Evaluator] Actor Episodes = 18807 | Actor Steps = 940350 | Delta Dist = 11.775 | Delta Dist 10 = 11.712 | Delta Dist 100 = 11.581 | Delta Dist 1000 = 10.833 | Episode Length = 50 | Episode Return = 20.0 | Evaluator Episodes = 4757 | Evaluator Steps = 237850 | Final Dist = 1.031 | Final Dist 10 = 1.095 | Final Dist 100 = 1.225 | Final Dist 1000 = 1.974 | Init Dist = 12.806 | Init Dist 10 = 12.806 | Init Dist 100 = 12.806 | Init Dist 1000 = 12.806 | Learner Steps = 14534 | Learner Walltime = 2866.233 | Min Dist = 0.147 | Min Dist 10 = 0.192 | Min Dist 100 = 0.520 | Min Dist 1000 = 1.239 | Steps Per Second = 86.198 | Success = 1.000 | Success 1000 = 0.850
I0502 15:54:03.715883 139555860620864 terminal.py:91] [Actor] Actor Episodes = 18810 | Actor Steps = 940500 | Delta Dist = 2.087 | Delta Dist 10 = 2.749 | Delta Dist 100 = 4.486 | Delta Dist 1000 = 4.147 | Episode Length = 50 | Episode Return = 3.0 | Evaluator Episodes = 4757 | Evaluator Steps = 237850 | Final Dist = 0.149 | Final Dist 10 = 2.632 | Final Dist 100 = 1.253 | Final Dist 1000 = 1.676 | Init Dist = 2.236 | Init Dist 10 = 5.381 | Init Dist 100 = 5.739 | Init Dist 1000 = 5.823 | Learner Steps = 14534 | Learner Walltime = 2866.233 | Min Dist = 0.149 | Min Dist 10 = 0.119 | Min Dist 100 = 0.080 | Min Dist 1000 = 0.250 | Steps Per Second = 88.039 | Success = 1.000 | Success 1000 = 0.988
I0502 15:54:04.022675 139579566835264 terminal.py:91] [Evaluator] Actor Episodes = 18815 | Actor Steps = 940750 | Delta Dist = 6.923 | Delta Dist 10 = 11.708 | Delta Dist 100 = 11.581 | Delta Dist 1000 = 10.833 | Episode Length = 50 | Episode Return = 0.0 | Evaluator Episodes = 4759 | Evaluator Steps = 237950 | Final Dist = 5.883 | Final Dist 10 = 1.098 | Final Dist 100 = 1.225 | Final Dist 1000 = 1.973 | Init Dist = 12.806 | Init Dist 10 = 12.806 | Init Dist 100 = 12.806 | Init Dist 1000 = 12.806 | Learner Steps = 14540 | Learner Walltime = 2867.413 | Min Dist = 5.866 | Min Dist 10 = 0.201 | Min Dist 100 = 0.519 | Min Dist 1000 = 1.239 | Steps Per Second = 91.646 | Success = 0.000 | Success 1000 = 0.850
I0502 15:54:05.221614 139579566835264 terminal.py:91] [Evaluator] Actor Episodes = 18823 | Actor Steps = 941150 | Delta Dist = 11.906 | Delta Dist 10 = 11.363 | Delta Dist 100 = 11.534 | Delta Dist 1000 = 10.829 | Episode Length = 50 | Episode Return = 11.0 | Evaluator Episodes = 4761 | Evaluator Steps = 238050 | Final Dist = 0.901 | Final Dist 10 = 1.443 | Final Dist 100 = 1.273 | Final Dist 1000 = 1.978 | Init Dist = 12.806 | Init Dist 10 = 12.806 | Init Dist 100 = 12.806 | Init Dist 1000 = 12.806 | Learner Steps = 14547 | Learner Walltime = 2868.607 | Min Dist = 0.123 | Min Dist 10 = 0.790 | Min Dist 100 = 0.578 | Min Dist 1000 = 1.244 | Steps Per Second = 79.350 | Success = 1.000 | Success 1000 = 0.849
I0502 15:54:05.467931 139557462840896 terminal.py:91] [Actor] Actor Episodes = 18820 | Actor Steps = 941000 | Delta Dist = 4.600 | Delta Dist 10 = 4.139 | Delta Dist 100 = 4.314 | Delta Dist 1000 = 4.153 | Episode Length = 50 | Episode Return = 25.0 | Evaluator Episodes = 4759 | Evaluator Steps = 237950 | Final Dist = 1.057 | Final Dist 10 = 0.659 | Final Dist 100 = 1.216 | Final Dist 1000 = 1.659 | Init Dist = 5.657 | Init Dist 10 = 4.797 | Init Dist 100 = 5.530 | Init Dist 1000 = 5.812 | Learner Steps = 14547 | Learner Walltime = 2868.607 | Min Dist = 0.071 | Min Dist 10 = 0.067 | Min Dist 100 = 0.079 | Min Dist 1000 = 0.250 | Steps Per Second = 81.754 | Success = 1.000 | Success 1000 = 0.988
I0502 15:54:06.441536 139579566835264 terminal.py:91] [Evaluator] Actor Episodes = 18831 | Actor Steps = 941550 | Delta Dist = 11.522 | Delta Dist 10 = 11.494 | Delta Dist 100 = 11.530 | Delta Dist 1000 = 10.830 | Episode Length = 50 | Episode Return = 19.0 | Evaluator Episodes = 4763 | Evaluator Steps = 238150 | Final Dist = 1.285 | Final Dist 10 = 1.312 | Final Dist 100 = 1.276 | Final Dist 1000 = 1.976 | Init Dist = 12.806 | Init Dist 10 = 12.806 | Init Dist 100 = 12.806 | Init Dist 1000 = 12.806 | Learner Steps = 14553 | Learner Walltime = 2869.788 | Min Dist = 0.068 | Min Dist 10 = 0.723 | Min Dist 100 = 0.573 | Min Dist 1000 = 1.243 | Steps Per Second = 78.376 | Success = 1.000 | Success 1000 = 0.849
I0502 15:54:07.608246 139579566835264 terminal.py:91] [Evaluator] Actor Episodes = 18837 | Actor Steps = 941850 | Delta Dist = 11.494 | Delta Dist 10 = 11.532 | Delta Dist 100 = 11.520 | Delta Dist 1000 = 10.829 | Episode Length = 50 | Episode Return = 6.0 | Evaluator Episodes = 4765 | Evaluator Steps = 238250 | Final Dist = 1.312 | Final Dist 10 = 1.274 | Final Dist 100 = 1.286 | Final Dist 1000 = 1.977 | Init Dist = 12.806 | Init Dist 10 = 12.806 | Init Dist 100 = 12.806 | Init Dist 1000 = 12.806 | Learner Steps = 14559 | Learner Walltime = 2871.043 | Min Dist = 0.642 | Min Dist 10 = 0.703 | Min Dist 100 = 0.571 | Min Dist 1000 = 1.243 | Steps Per Second = 92.319 | Success = 1.000 | Success 1000 = 0.849
I0502 15:54:08.704193 139579566835264 terminal.py:91] [Evaluator] Actor Episodes = 18845 | Actor Steps = 942250 | Delta Dist = 11.811 | Delta Dist 10 = 11.424 | Delta Dist 100 = 11.527 | Delta Dist 1000 = 10.828 | Episode Length = 50 | Episode Return = 11.0 | Evaluator Episodes = 4767 | Evaluator Steps = 238350 | Final Dist = 0.995 | Final Dist 10 = 1.382 | Final Dist 100 = 1.279 | Final Dist 1000 = 1.978 | Init Dist = 12.806 | Init Dist 10 = 12.806 | Init Dist 100 = 12.806 | Init Dist 1000 = 12.806 | Learner Steps = 14566 | Learner Walltime = 2872.230 | Min Dist = 0.435 | Min Dist 10 = 0.741 | Min Dist 100 = 0.567 | Min Dist 1000 = 1.244 | Steps Per Second = 89.887 | Success = 1.000 | Success 1000 = 0.849
I0502 15:54:09.843594 139558059398720 terminal.py:91] [Actor] Actor Episodes = 18853 | Actor Steps = 942650 | Delta Dist = 4.968 | Delta Dist 10 = 4.130 | Delta Dist 100 = 4.552 | Delta Dist 1000 = 4.184 | Episode Length = 50 | Episode Return = 26.0 | Evaluator Episodes = 4767 | Evaluator Steps = 238350 | Final Dist = 0.131 | Final Dist 10 = 1.025 | Final Dist 100 = 1.098 | Final Dist 1000 = 1.655 | Init Dist = 5.099 | Init Dist 10 = 5.155 | Init Dist 100 = 5.650 | Init Dist 1000 = 5.840 | Learner Steps = 14572 | Learner Walltime = 2873.414 | Min Dist = 0.057 | Min Dist 10 = 0.178 | Min Dist 100 = 0.140 | Min Dist 1000 = 0.255 | Steps Per Second = 79.188 | Success = 1.000 | Success 1000 = 0.987
I0502 15:54:09.931712 139579566835264 terminal.py:91] [Evaluator] Actor Episodes = 18853 | Actor Steps = 942650 | Delta Dist = 11.453 | Delta Dist 10 = 11.432 | Delta Dist 100 = 11.526 | Delta Dist 1000 = 10.833 | Episode Length = 50 | Episode Return = 5.0 | Evaluator Episodes = 4769 | Evaluator Steps = 238450 | Final Dist = 1.353 | Final Dist 10 = 1.374 | Final Dist 100 = 1.280 | Final Dist 1000 = 1.973 | Init Dist = 12.806 | Init Dist 10 = 12.806 | Init Dist 100 = 12.806 | Init Dist 1000 = 12.806 | Learner Steps = 14572 | Learner Walltime = 2873.414 | Min Dist = 0.069 | Min Dist 10 = 0.768 | Min Dist 100 = 0.569 | Min Dist 1000 = 1.238 | Steps Per Second = 83.174 | Success = 1.000 | Success 1000 = 0.850
I0502 15:54:10.242147 139584504182336 lp_utils.py:96] StepsLimiter: Reached 942750 recorded steps
I0502 15:54:11.071924 139579566835264 terminal.py:91] [Evaluator] Actor Episodes = 18861 | Actor Steps = 943050 | Delta Dist = 11.760 | Delta Dist 10 = 11.769 | Delta Dist 100 = 11.517 | Delta Dist 1000 = 10.832 | Episode Length = 50 | Episode Return = 22.0 | Evaluator Episodes = 4771 | Evaluator Steps = 238550 | Final Dist = 1.047 | Final Dist 10 = 1.037 | Final Dist 100 = 1.289 | Final Dist 1000 = 1.974 | Init Dist = 12.806 | Init Dist 10 = 12.806 | Init Dist 100 = 12.806 | Init Dist 1000 = 12.806 | Learner Steps = 14579 | Learner Walltime = 2874.767 | Min Dist = 0.128 | Min Dist 10 = 0.260 | Min Dist 100 = 0.575 | Min Dist 1000 = 1.238 | Steps Per Second = 88.492 | Success = 1.000 | Success 1000 = 0.850
I0502 15:54:12.218732 139579566835264 terminal.py:91] [Evaluator] Actor Episodes = 18867 | Actor Steps = 943350 | Delta Dist = 12.436 | Delta Dist 10 = 11.649 | Delta Dist 100 = 11.513 | Delta Dist 1000 = 10.832 | Episode Length = 50 | Episode Return = 16.0 | Evaluator Episodes = 4773 | Evaluator Steps = 238650 | Final Dist = 0.371 | Final Dist 10 = 1.157 | Final Dist 100 = 1.293 | Final Dist 1000 = 1.975 | Init Dist = 12.806 | Init Dist 10 = 12.806 | Init Dist 100 = 12.806 | Init Dist 1000 = 12.806 | Learner Steps = 14584 | Learner Walltime = 2875.877 | Min Dist = 0.295 | Min Dist 10 = 0.333 | Min Dist 100 = 0.581 | Min Dist 1000 = 1.238 | Steps Per Second = 97.984 | Success = 1.000 | Success 1000 = 0.850
I0502 15:54:12.237231 139555013154368 terminal.py:91] [Learner] Actor Episodes = 18863 | Actor Loss = 3.7002217769622803 | Actor Steps = 943150 | Binary Accuracy = 0.996103048324585 | Categorical Accuracy = 0.4385986328125 | Critic Loss = 1.8451365232467651 | Entropy Mean = -17.322120666503906 | Evaluator Episodes = 4771 | Evaluator Steps = 238550 | Learner Steps = 14588 | Learner Walltime = 2876.436 | Logits Neg = -16.571266174316406 | Logits Pos = -1.8611116409301758 | Logsumexp = 1.2160899639129639 | Steps Per Second = 214.656
I0502 15:54:12.358051 139569349502528 terminal.py:91] [Actor] Actor Episodes = 18871 | Actor Steps = 943550 | Delta Dist = 6.558 | Delta Dist 10 = 4.316 | Delta Dist 100 = 4.283 | Delta Dist 1000 = 4.198 | Episode Length = 50 | Episode Return = 43.0 | Evaluator Episodes = 4773 | Evaluator Steps = 238650 | Final Dist = 0.150 | Final Dist 10 = 1.544 | Final Dist 100 = 1.204 | Final Dist 1000 = 1.640 | Init Dist = 6.708 | Init Dist 10 = 5.859 | Init Dist 100 = 5.486 | Init Dist 1000 = 5.838 | Learner Steps = 14584 | Learner Walltime = 2875.877 | Min Dist = 0.021 | Min Dist 10 = 0.088 | Min Dist 100 = 0.147 | Min Dist 1000 = 0.247 | Steps Per Second = 88.143 | Success = 1.000 | Success 1000 = 0.987
I0502 15:54:13.446039 139579566835264 terminal.py:91] [Evaluator] Actor Episodes = 18875 | Actor Steps = 943750 | Delta Dist = 11.422 | Delta Dist 10 = 11.607 | Delta Dist 100 = 11.513 | Delta Dist 1000 = 10.831 | Episode Length = 50 | Episode Return = 14.0 | Evaluator Episodes = 4775 | Evaluator Steps = 238750 | Final Dist = 1.384 | Final Dist 10 = 1.199 | Final Dist 100 = 1.293 | Final Dist 1000 = 1.975 | Init Dist = 12.806 | Init Dist 10 = 12.806 | Init Dist 100 = 12.806 | Init Dist 1000 = 12.806 | Learner Steps = 14591 | Learner Walltime = 2877.006 | Min Dist = 0.133 | Min Dist 10 = 0.362 | Min Dist 100 = 0.580 | Min Dist 1000 = 1.238 | Steps Per Second = 77.774 | Success = 1.000 | Success 1000 = 0.850
I0502 15:54:14.068017 139555860620864 terminal.py:91] [Actor] Actor Episodes = 18881 | Actor Steps = 944050 | Delta Dist = 5.244 | Delta Dist 10 = 2.969 | Delta Dist 100 = 4.152 | Delta Dist 1000 = 4.176 | Episode Length = 50 | Episode Return = 42.0 | Evaluator Episodes = 4775 | Evaluator Steps = 238750 | Final Dist = 0.839 | Final Dist 10 = 2.845 | Final Dist 100 = 1.401 | Final Dist 1000 = 1.652 | Init Dist = 6.083 | Init Dist 10 = 5.814 | Init Dist 100 = 5.554 | Init Dist 1000 = 5.829 | Learner Steps = 14597 | Learner Walltime = 2878.187 | Min Dist = 0.101 | Min Dist 10 = 0.253 | Min Dist 100 = 0.162 | Min Dist 1000 = 0.249 | Steps Per Second = 82.616 | Success = 1.000 | Success 1000 = 0.987
I0502 15:54:14.616668 139579566835264 terminal.py:91] [Evaluator] Actor Episodes = 18883 | Actor Steps = 944150 | Delta Dist = 11.992 | Delta Dist 10 = 11.614 | Delta Dist 100 = 11.509 | Delta Dist 1000 = 10.843 | Episode Length = 50 | Episode Return = 19.0 | Evaluator Episodes = 4777 | Evaluator Steps = 238850 | Final Dist = 0.815 | Final Dist 10 = 1.192 | Final Dist 100 = 1.297 | Final Dist 1000 = 1.963 | Init Dist = 12.806 | Init Dist 10 = 12.806 | Init Dist 100 = 12.806 | Init Dist 1000 = 12.806 | Learner Steps = 14597 | Learner Walltime = 2878.187 | Min Dist = 0.131 | Min Dist 10 = 0.314 | Min Dist 100 = 0.573 | Min Dist 1000 = 1.227 | Steps Per Second = 81.277 | Success = 1.000 | Success 1000 = 0.851
I0502 15:54:15.698830 139557462840896 terminal.py:91] [Actor] Actor Episodes = 18891 | Actor Steps = 944550 | Delta Dist = 6.512 | Delta Dist 10 = 5.854 | Delta Dist 100 = 4.346 | Delta Dist 1000 = 4.202 | Episode Length = 50 | Episode Return = 36.0 | Evaluator Episodes = 4777 | Evaluator Steps = 238850 | Final Dist = 1.299 | Final Dist 10 = 1.362 | Final Dist 100 = 1.350 | Final Dist 1000 = 1.659 | Init Dist = 7.810 | Init Dist 10 = 7.216 | Init Dist 100 = 5.696 | Init Dist 1000 = 5.861 | Learner Steps = 14603 | Learner Walltime = 2879.514 | Min Dist = 0.024 | Min Dist 10 = 0.834 | Min Dist 100 = 0.238 | Min Dist 1000 = 0.257 | Steps Per Second = 96.574 | Success = 1.000 | Success 1000 = 0.987
I0502 15:54:15.804477 139579566835264 terminal.py:91] [Evaluator] Actor Episodes = 18891 | Actor Steps = 944550 | Delta Dist = 12.046 | Delta Dist 10 = 11.603 | Delta Dist 100 = 11.511 | Delta Dist 1000 = 10.854 | Episode Length = 50 | Episode Return = 2.0 | Evaluator Episodes = 4779 | Evaluator Steps = 238950 | Final Dist = 0.760 | Final Dist 10 = 1.203 | Final Dist 100 = 1.295 | Final Dist 1000 = 1.952 | Init Dist = 12.806 | Init Dist 10 = 12.806 | Init Dist 100 = 12.806 | Init Dist 1000 = 12.806 | Learner Steps = 14603 | Learner Walltime = 2879.514 | Min Dist = 0.760 | Min Dist 10 = 0.287 | Min Dist 100 = 0.572 | Min Dist 1000 = 1.216 | Steps Per Second = 83.780 | Success = 1.000 | Success 1000 = 0.852
I0502 15:54:17.006999 139579566835264 terminal.py:91] [Evaluator] Actor Episodes = 18899 | Actor Steps = 944950 | Delta Dist = 11.196 | Delta Dist 10 = 11.689 | Delta Dist 100 = 11.507 | Delta Dist 1000 = 10.855 | Episode Length = 50 | Episode Return = 0.0 | Evaluator Episodes = 4781 | Evaluator Steps = 239050 | Final Dist = 1.610 | Final Dist 10 = 1.118 | Final Dist 100 = 1.299 | Final Dist 1000 = 1.952 | Init Dist = 12.806 | Init Dist 10 = 12.806 | Init Dist 100 = 12.806 | Init Dist 1000 = 12.806 | Learner Steps = 14609 | Learner Walltime = 2880.592 | Min Dist = 1.610 | Min Dist 10 = 0.308 | Min Dist 100 = 0.577 | Min Dist 1000 = 1.217 | Steps Per Second = 82.057 | Success = 0.000 | Success 1000 = 0.852
I0502 15:54:18.287752 139579566835264 terminal.py:91] [Evaluator] Actor Episodes = 18909 | Actor Steps = 945450 | Delta Dist = 12.749 | Delta Dist 10 = 11.667 | Delta Dist 100 = 11.500 | Delta Dist 1000 = 10.854 | Episode Length = 50 | Episode Return = 18.0 | Evaluator Episodes = 4783 | Evaluator Steps = 239150 | Final Dist = 0.058 | Final Dist 10 = 1.139 | Final Dist 100 = 1.307 | Final Dist 1000 = 1.953 | Init Dist = 12.806 | Init Dist 10 = 12.806 | Init Dist 100 = 12.806 | Init Dist 1000 = 12.806 | Learner Steps = 14616 | Learner Walltime = 2881.962 | Min Dist = 0.058 | Min Dist 10 = 0.462 | Min Dist 100 = 0.597 | Min Dist 1000 = 1.219 | Steps Per Second = 73.243 | Success = 1.000 | Success 1000 = 0.851
I0502 15:54:19.489354 139579566835264 terminal.py:91] [Evaluator] Actor Episodes = 18917 | Actor Steps = 945850 | Delta Dist = 11.297 | Delta Dist 10 = 11.746 | Delta Dist 100 = 11.507 | Delta Dist 1000 = 10.863 | Episode Length = 50 | Episode Return = 17.0 | Evaluator Episodes = 4785 | Evaluator Steps = 239250 | Final Dist = 1.509 | Final Dist 10 = 1.060 | Final Dist 100 = 1.300 | Final Dist 1000 = 1.944 | Init Dist = 12.806 | Init Dist 10 = 12.806 | Init Dist 100 = 12.806 | Init Dist 1000 = 12.806 | Learner Steps = 14622 | Learner Walltime = 2882.994 | Min Dist = 0.090 | Min Dist 10 = 0.432 | Min Dist 100 = 0.595 | Min Dist 1000 = 1.212 | Steps Per Second = 84.312 | Success = 1.000 | Success 1000 = 0.852
I0502 15:54:20.084698 139558059398720 terminal.py:91] [Actor] Actor Episodes = 18918 | Actor Steps = 945900 | Delta Dist = 1.559 | Delta Dist 10 = 4.478 | Delta Dist 100 = 4.330 | Delta Dist 1000 = 4.208 | Episode Length = 50 | Episode Return = 46.0 | Evaluator Episodes = 4783 | Evaluator Steps = 239150 | Final Dist = 0.441 | Final Dist 10 = 1.289 | Final Dist 100 = 1.435 | Final Dist 1000 = 1.640 | Init Dist = 2.000 | Init Dist 10 = 5.767 | Init Dist 100 = 5.765 | Init Dist 1000 = 5.847 | Learner Steps = 14622 | Learner Walltime = 2882.994 | Min Dist = 0.114 | Min Dist 10 = 0.060 | Min Dist 100 = 0.244 | Min Dist 1000 = 0.257 | Steps Per Second = 82.171 | Success = 1.000 | Success 1000 = 0.987
I0502 15:54:20.256340 139584504182336 lp_utils.py:96] StepsLimiter: Reached 945950 recorded steps
I0502 15:54:20.640008 139579566835264 terminal.py:91] [Evaluator] Actor Episodes = 18923 | Actor Steps = 946150 | Delta Dist = 12.387 | Delta Dist 10 = 11.734 | Delta Dist 100 = 11.502 | Delta Dist 1000 = 10.863 | Episode Length = 50 | Episode Return = 26.0 | Evaluator Episodes = 4787 | Evaluator Steps = 239350 | Final Dist = 0.420 | Final Dist 10 = 1.073 | Final Dist 100 = 1.304 | Final Dist 1000 = 1.943 | Init Dist = 12.806 | Init Dist 10 = 12.806 | Init Dist 100 = 12.806 | Init Dist 1000 = 12.806 | Learner Steps = 14628 | Learner Walltime = 2884.023 | Min Dist = 0.129 | Min Dist 10 = 0.421 | Min Dist 100 = 0.590 | Min Dist 1000 = 1.211 | Steps Per Second = 86.188 | Success = 1.000 | Success 1000 = 0.852
I0502 15:54:21.895381 139579566835264 terminal.py:91] [Evaluator] Actor Episodes = 18931 | Actor Steps = 946550 | Delta Dist = 11.865 | Delta Dist 10 = 10.784 | Delta Dist 100 = 11.404 | Delta Dist 1000 = 10.854 | Episode Length = 50 | Episode Return = 13.0 | Evaluator Episodes = 4789 | Evaluator Steps = 239450 | Final Dist = 0.941 | Final Dist 10 = 2.022 | Final Dist 100 = 1.403 | Final Dist 1000 = 1.952 | Init Dist = 12.806 | Init Dist 10 = 12.806 | Init Dist 100 = 12.806 | Init Dist 1000 = 12.806 | Learner Steps = 14633 | Learner Walltime = 2885.215 | Min Dist = 0.254 | Min Dist 10 = 1.459 | Min Dist 100 = 0.691 | Min Dist 1000 = 1.221 | Steps Per Second = 79.818 | Success = 1.000 | Success 1000 = 0.851
I0502 15:54:22.287071 139555013154368 terminal.py:91] [Learner] Actor Episodes = 18935 | Actor Loss = 3.5726125240325928 | Actor Steps = 946750 | Binary Accuracy = 0.9960167407989502 | Categorical Accuracy = 0.4346923828125 | Critic Loss = 1.8766685724258423 | Entropy Mean = -18.219646453857422 | Evaluator Episodes = 4789 | Evaluator Steps = 239450 | Learner Steps = 14640 | Learner Walltime = 2886.486 | Logits Neg = -15.935447692871094 | Logits Pos = -1.8348307609558105 | Logsumexp = 1.2240221500396729 | Steps Per Second = 359.333
I0502 15:54:22.612995 139569349502528 terminal.py:91] [Actor] Actor Episodes = 18934 | Actor Steps = 946700 | Delta Dist = 3.824 | Delta Dist 10 = 4.283 | Delta Dist 100 = 4.125 | Delta Dist 1000 = 4.199 | Episode Length = 50 | Episode Return = 29.0 | Evaluator Episodes = 4789 | Evaluator Steps = 239450 | Final Dist = 1.176 | Final Dist 10 = 1.019 | Final Dist 100 = 1.465 | Final Dist 1000 = 1.627 | Init Dist = 5.000 | Init Dist 10 = 5.301 | Init Dist 100 = 5.589 | Init Dist 1000 = 5.826 | Learner Steps = 14633 | Learner Walltime = 2885.215 | Min Dist = 0.021 | Min Dist 10 = 0.057 | Min Dist 100 = 0.242 | Min Dist 1000 = 0.253 | Steps Per Second = 74.543 | Success = 1.000 | Success 1000 = 0.987
I0502 15:54:23.259779 139579566835264 terminal.py:91] [Evaluator] Actor Episodes = 18939 | Actor Steps = 946950 | Delta Dist = 4.840 | Delta Dist 10 = 10.765 | Delta Dist 100 = 11.405 | Delta Dist 1000 = 10.854 | Episode Length = 50 | Episode Return = 0.0 | Evaluator Episodes = 4791 | Evaluator Steps = 239550 | Final Dist = 7.966 | Final Dist 10 = 2.041 | Final Dist 100 = 1.401 | Final Dist 1000 = 1.952 | Init Dist = 12.806 | Init Dist 10 = 12.806 | Init Dist 100 = 12.806 | Init Dist 1000 = 12.806 | Learner Steps = 14638 | Learner Walltime = 2886.255 | Min Dist = 6.818 | Min Dist 10 = 1.450 | Min Dist 100 = 0.695 | Min Dist 1000 = 1.221 | Steps Per Second = 71.256 | Success = 0.000 | Success 1000 = 0.851
I0502 15:54:24.192984 139555860620864 terminal.py:91] [Actor] Actor Episodes = 18945 | Actor Steps = 947250 | Delta Dist = 2.414 | Delta Dist 10 = 4.277 | Delta Dist 100 = 4.085 | Delta Dist 1000 = 4.190 | Episode Length = 50 | Episode Return = 15.0 | Evaluator Episodes = 4791 | Evaluator Steps = 239550 | Final Dist = 1.192 | Final Dist 10 = 1.226 | Final Dist 100 = 1.403 | Final Dist 1000 = 1.623 | Init Dist = 3.606 | Init Dist 10 = 5.503 | Init Dist 100 = 5.488 | Init Dist 1000 = 5.813 | Learner Steps = 14644 | Learner Walltime = 2887.586 | Min Dist = 0.018 | Min Dist 10 = 0.052 | Min Dist 100 = 0.172 | Min Dist 1000 = 0.251 | Steps Per Second = 75.863 | Success = 1.000 | Success 1000 = 0.988
I0502 15:54:24.540283 139579566835264 terminal.py:91] [Evaluator] Actor Episodes = 18947 | Actor Steps = 947350 | Delta Dist = 11.852 | Delta Dist 10 = 10.104 | Delta Dist 100 = 11.326 | Delta Dist 1000 = 10.846 | Episode Length = 50 | Episode Return = 16.0 | Evaluator Episodes = 4793 | Evaluator Steps = 239650 | Final Dist = 0.954 | Final Dist 10 = 2.702 | Final Dist 100 = 1.480 | Final Dist 1000 = 1.960 | Init Dist = 12.806 | Init Dist 10 = 12.806 | Init Dist 100 = 12.806 | Init Dist 1000 = 12.806 | Learner Steps = 14644 | Learner Walltime = 2887.586 | Min Dist = 0.459 | Min Dist 10 = 1.922 | Min Dist 100 = 0.766 | Min Dist 1000 = 1.228 | Steps Per Second = 90.763 | Success = 1.000 | Success 1000 = 0.850
I0502 15:54:25.613160 139579566835264 terminal.py:91] [Evaluator] Actor Episodes = 18955 | Actor Steps = 947750 | Delta Dist = 12.000 | Delta Dist 10 = 10.000 | Delta Dist 100 = 11.330 | Delta Dist 1000 = 10.852 | Episode Length = 50 | Episode Return = 26.0 | Evaluator Episodes = 4795 | Evaluator Steps = 239750 | Final Dist = 0.806 | Final Dist 10 = 2.806 | Final Dist 100 = 1.476 | Final Dist 1000 = 1.954 | Init Dist = 12.806 | Init Dist 10 = 12.806 | Init Dist 100 = 12.806 | Init Dist 1000 = 12.806 | Learner Steps = 14651 | Learner Walltime = 2889.017 | Min Dist = 0.043 | Min Dist 10 = 2.005 | Min Dist 100 = 0.775 | Min Dist 1000 = 1.222 | Steps Per Second = 83.196 | Success = 1.000 | Success 1000 = 0.851
I0502 15:54:26.104704 139557462840896 terminal.py:91] [Actor] Actor Episodes = 18956 | Actor Steps = 947800 | Delta Dist = 8.463 | Delta Dist 10 = 4.760 | Delta Dist 100 = 4.310 | Delta Dist 1000 = 4.211 | Episode Length = 50 | Episode Return = 48.0 | Evaluator Episodes = 4793 | Evaluator Steps = 239650 | Final Dist = 0.022 | Final Dist 10 = 1.183 | Final Dist 100 = 1.403 | Final Dist 1000 = 1.627 | Init Dist = 8.485 | Init Dist 10 = 5.942 | Init Dist 100 = 5.713 | Init Dist 1000 = 5.838 | Learner Steps = 14651 | Learner Walltime = 2889.017 | Min Dist = 0.022 | Min Dist 10 = 0.071 | Min Dist 100 = 0.171 | Min Dist 1000 = 0.251 | Steps Per Second = 75.733 | Success = 1.000 | Success 1000 = 0.988
I0502 15:54:26.804873 139579566835264 terminal.py:91] [Evaluator] Actor Episodes = 18963 | Actor Steps = 948150 | Delta Dist = 11.782 | Delta Dist 10 = 10.130 | Delta Dist 100 = 11.340 | Delta Dist 1000 = 10.853 | Episode Length = 50 | Episode Return = 12.0 | Evaluator Episodes = 4797 | Evaluator Steps = 239850 | Final Dist = 1.024 | Final Dist 10 = 2.676 | Final Dist 100 = 1.466 | Final Dist 1000 = 1.953 | Init Dist = 12.806 | Init Dist 10 = 12.806 | Init Dist 100 = 12.806 | Init Dist 1000 = 12.806 | Learner Steps = 14658 | Learner Walltime = 2890.269 | Min Dist = 0.219 | Min Dist 10 = 2.007 | Min Dist 100 = 0.773 | Min Dist 1000 = 1.222 | Steps Per Second = 91.577 | Success = 1.000 | Success 1000 = 0.851
I0502 15:54:28.073664 139579566835264 terminal.py:91] [Evaluator] Actor Episodes = 18971 | Actor Steps = 948550 | Delta Dist = 12.111 | Delta Dist 10 = 11.076 | Delta Dist 100 = 11.336 | Delta Dist 1000 = 10.862 | Episode Length = 50 | Episode Return = 8.0 | Evaluator Episodes = 4799 | Evaluator Steps = 239950 | Final Dist = 0.695 | Final Dist 10 = 1.731 | Final Dist 100 = 1.470 | Final Dist 1000 = 1.944 | Init Dist = 12.806 | Init Dist 10 = 12.806 | Init Dist 100 = 12.806 | Init Dist 1000 = 12.806 | Learner Steps = 14664 | Learner Walltime = 2891.453 | Min Dist = 0.305 | Min Dist 10 = 1.020 | Min Dist 100 = 0.775 | Min Dist 1000 = 1.212 | Steps Per Second = 79.879 | Success = 1.000 | Success 1000 = 0.852
I0502 15:54:29.224317 139579566835264 terminal.py:91] [Evaluator] Actor Episodes = 18979 | Actor Steps = 948950 | Delta Dist = 12.129 | Delta Dist 10 = 11.080 | Delta Dist 100 = 11.330 | Delta Dist 1000 = 10.862 | Episode Length = 50 | Episode Return = 12.0 | Evaluator Episodes = 4801 | Evaluator Steps = 240050 | Final Dist = 0.677 | Final Dist 10 = 1.726 | Final Dist 100 = 1.477 | Final Dist 1000 = 1.944 | Init Dist = 12.806 | Init Dist 10 = 12.806 | Init Dist 100 = 12.806 | Init Dist 1000 = 12.806 | Learner Steps = 14670 | Learner Walltime = 2892.695 | Min Dist = 0.269 | Min Dist 10 = 0.946 | Min Dist 100 = 0.773 | Min Dist 1000 = 1.212 | Steps Per Second = 84.845 | Success = 1.000 | Success 1000 = 0.852
I0502 15:54:30.221334 139558059398720 terminal.py:91] [Actor] Actor Episodes = 18984 | Actor Steps = 949200 | Delta Dist = 3.864 | Delta Dist 10 = 6.320 | Delta Dist 100 = 4.639 | Delta Dist 1000 = 4.229 | Episode Length = 50 | Episode Return = 41.0 | Evaluator Episodes = 4801 | Evaluator Steps = 240050 | Final Dist = 0.259 | Final Dist 10 = 0.842 | Final Dist 100 = 1.266 | Final Dist 1000 = 1.637 | Init Dist = 4.123 | Init Dist 10 = 7.162 | Init Dist 100 = 5.905 | Init Dist 1000 = 5.866 | Learner Steps = 14670 | Learner Walltime = 2892.695 | Min Dist = 0.077 | Min Dist 10 = 0.223 | Min Dist 100 = 0.186 | Min Dist 1000 = 0.253 | Steps Per Second = 76.641 | Success = 1.000 | Success 1000 = 0.988
I0502 15:54:30.273746 139584504182336 lp_utils.py:96] StepsLimiter: Reached 949250 recorded steps
I0502 15:54:30.485577 139579566835264 terminal.py:91] [Evaluator] Actor Episodes = 18987 | Actor Steps = 949350 | Delta Dist = 12.188 | Delta Dist 10 = 11.804 | Delta Dist 100 = 11.319 | Delta Dist 1000 = 10.866 | Episode Length = 50 | Episode Return = 23.0 | Evaluator Episodes = 4803 | Evaluator Steps = 240150 | Final Dist = 0.618 | Final Dist 10 = 1.002 | Final Dist 100 = 1.488 | Final Dist 1000 = 1.940 | Init Dist = 12.806 | Init Dist 10 = 12.806 | Init Dist 100 = 12.806 | Init Dist 1000 = 12.806 | Learner Steps = 14676 | Learner Walltime = 2893.851 | Min Dist = 0.341 | Min Dist 10 = 0.270 | Min Dist 100 = 0.774 | Min Dist 1000 = 1.207 | Steps Per Second = 84.792 | Success = 1.000 | Success 1000 = 0.853
I0502 15:54:31.611276 139579566835264 terminal.py:91] [Evaluator] Actor Episodes = 18995 | Actor Steps = 949750 | Delta Dist = 12.448 | Delta Dist 10 = 11.804 | Delta Dist 100 = 11.313 | Delta Dist 1000 = 10.867 | Episode Length = 50 | Episode Return = 11.0 | Evaluator Episodes = 4805 | Evaluator Steps = 240250 | Final Dist = 0.359 | Final Dist 10 = 1.002 | Final Dist 100 = 1.493 | Final Dist 1000 = 1.939 | Init Dist = 12.806 | Init Dist 10 = 12.806 | Init Dist 100 = 12.806 | Init Dist 1000 = 12.806 | Learner Steps = 14682 | Learner Walltime = 2895.009 | Min Dist = 0.305 | Min Dist 10 = 0.269 | Min Dist 100 = 0.781 | Min Dist 1000 = 1.207 | Steps Per Second = 82.223 | Success = 1.000 | Success 1000 = 0.853
I0502 15:54:32.559793 139555013154368 terminal.py:91] [Learner] Actor Episodes = 18997 | Actor Loss = 3.703237533569336 | Actor Steps = 949850 | Binary Accuracy = 0.9960618019104004 | Categorical Accuracy = 0.41717529296875 | Critic Loss = 1.9213709831237793 | Entropy Mean = -20.338184356689453 | Evaluator Episodes = 4805 | Evaluator Steps = 240250 | Learner Steps = 14692 | Learner Walltime = 2896.759 | Logits Neg = -16.109844207763672 | Logits Pos = -1.939744234085083 | Logsumexp = 1.248616099357605 | Steps Per Second = 215.854
I0502 15:54:32.854302 139579566835264 terminal.py:91] [Evaluator] Actor Episodes = 19003 | Actor Steps = 950150 | Delta Dist = 12.267 | Delta Dist 10 = 11.788 | Delta Dist 100 = 11.315 | Delta Dist 1000 = 10.868 | Episode Length = 50 | Episode Return = 6.0 | Evaluator Episodes = 4807 | Evaluator Steps = 240350 | Final Dist = 0.540 | Final Dist 10 = 1.018 | Final Dist 100 = 1.492 | Final Dist 1000 = 1.938 | Init Dist = 12.806 | Init Dist 10 = 12.806 | Init Dist 100 = 12.806 | Init Dist 1000 = 12.806 | Learner Steps = 14689 | Learner Walltime = 2896.127 | Min Dist = 0.222 | Min Dist 10 = 0.295 | Min Dist 100 = 0.782 | Min Dist 1000 = 1.208 | Steps Per Second = 85.405 | Success = 1.000 | Success 1000 = 0.853
I0502 15:54:33.038383 139569349502528 terminal.py:91] [Actor] Actor Episodes = 19005 | Actor Steps = 950250 | Delta Dist = 8.064 | Delta Dist 10 = 5.715 | Delta Dist 100 = 4.741 | Delta Dist 1000 = 4.260 | Episode Length = 50 | Episode Return = 29.0 | Evaluator Episodes = 4807 | Evaluator Steps = 240350 | Final Dist = 0.539 | Final Dist 10 = 0.795 | Final Dist 100 = 1.133 | Final Dist 1000 = 1.634 | Init Dist = 8.602 | Init Dist 10 = 6.509 | Init Dist 100 = 5.874 | Init Dist 1000 = 5.895 | Learner Steps = 14689 | Learner Walltime = 2896.127 | Min Dist = 0.018 | Min Dist 10 = 0.112 | Min Dist 100 = 0.180 | Min Dist 1000 = 0.261 | Steps Per Second = 84.040 | Success = 1.000 | Success 1000 = 0.987
I0502 15:54:34.022212 139579566835264 terminal.py:91] [Evaluator] Actor Episodes = 19011 | Actor Steps = 950550 | Delta Dist = 12.161 | Delta Dist 10 = 11.925 | Delta Dist 100 = 11.320 | Delta Dist 1000 = 10.868 | Episode Length = 50 | Episode Return = 26.0 | Evaluator Episodes = 4809 | Evaluator Steps = 240450 | Final Dist = 0.645 | Final Dist 10 = 0.881 | Final Dist 100 = 1.486 | Final Dist 1000 = 1.939 | Init Dist = 12.806 | Init Dist 10 = 12.806 | Init Dist 100 = 12.806 | Init Dist 1000 = 12.806 | Learner Steps = 14694 | Learner Walltime = 2897.336 | Min Dist = 0.201 | Min Dist 10 = 0.266 | Min Dist 100 = 0.780 | Min Dist 1000 = 1.208 | Steps Per Second = 86.085 | Success = 1.000 | Success 1000 = 0.853
I0502 15:54:34.522913 139555860620864 terminal.py:91] [Actor] Actor Episodes = 19012 | Actor Steps = 950600 | Delta Dist = 8.107 | Delta Dist 10 = 3.495 | Delta Dist 100 = 4.759 | Delta Dist 1000 = 4.240 | Episode Length = 50 | Episode Return = 42.0 | Evaluator Episodes = 4807 | Evaluator Steps = 240350 | Final Dist = 0.495 | Final Dist 10 = 2.809 | Final Dist 100 = 1.279 | Final Dist 1000 = 1.652 | Init Dist = 8.602 | Init Dist 10 = 6.305 | Init Dist 100 = 6.038 | Init Dist 1000 = 5.891 | Learner Steps = 14694 | Learner Walltime = 2897.336 | Min Dist = 0.252 | Min Dist 10 = 0.167 | Min Dist 100 = 0.189 | Min Dist 1000 = 0.261 | Steps Per Second = 81.726 | Success = 1.000 | Success 1000 = 0.987
I0502 15:54:35.247209 139579566835264 terminal.py:91] [Evaluator] Actor Episodes = 19019 | Actor Steps = 950950 | Delta Dist = 12.495 | Delta Dist 10 = 11.804 | Delta Dist 100 = 11.322 | Delta Dist 1000 = 10.866 | Episode Length = 50 | Episode Return = 11.0 | Evaluator Episodes = 4811 | Evaluator Steps = 240550 | Final Dist = 0.311 | Final Dist 10 = 1.002 | Final Dist 100 = 1.484 | Final Dist 1000 = 1.940 | Init Dist = 12.806 | Init Dist 10 = 12.806 | Init Dist 100 = 12.806 | Init Dist 1000 = 12.806 | Learner Steps = 14701 | Learner Walltime = 2898.566 | Min Dist = 0.184 | Min Dist 10 = 0.506 | Min Dist 100 = 0.805 | Min Dist 1000 = 1.210 | Steps Per Second = 79.881 | Success = 1.000 | Success 1000 = 0.852
I0502 15:54:36.344076 139557462840896 terminal.py:91] [Actor] Actor Episodes = 19025 | Actor Steps = 951250 | Delta Dist = 6.030 | Delta Dist 10 = 3.838 | Delta Dist 100 = 4.768 | Delta Dist 1000 = 4.244 | Episode Length = 50 | Episode Return = 18.0 | Evaluator Episodes = 4811 | Evaluator Steps = 240550 | Final Dist = 1.181 | Final Dist 10 = 1.628 | Final Dist 100 = 1.396 | Final Dist 1000 = 1.654 | Init Dist = 7.211 | Init Dist 10 = 5.466 | Init Dist 100 = 6.164 | Init Dist 1000 = 5.898 | Learner Steps = 14707 | Learner Walltime = 2899.827 | Min Dist = 0.046 | Min Dist 10 = 0.519 | Min Dist 100 = 0.236 | Min Dist 1000 = 0.260 | Steps Per Second = 85.337 | Success = 1.000 | Success 1000 = 0.987
I0502 15:54:36.450231 139579566835264 terminal.py:91] [Evaluator] Actor Episodes = 19027 | Actor Steps = 951350 | Delta Dist = 12.422 | Delta Dist 10 = 11.175 | Delta Dist 100 = 11.312 | Delta Dist 1000 = 10.859 | Episode Length = 50 | Episode Return = 12.0 | Evaluator Episodes = 4813 | Evaluator Steps = 240650 | Final Dist = 0.384 | Final Dist 10 = 1.631 | Final Dist 100 = 1.494 | Final Dist 1000 = 1.947 | Init Dist = 12.806 | Init Dist 10 = 12.806 | Init Dist 100 = 12.806 | Init Dist 1000 = 12.806 | Learner Steps = 14707 | Learner Walltime = 2899.827 | Min Dist = 0.254 | Min Dist 10 = 1.215 | Min Dist 100 = 0.820 | Min Dist 1000 = 1.216 | Steps Per Second = 90.733 | Success = 1.000 | Success 1000 = 0.851
I0502 15:54:37.613294 139579566835264 terminal.py:91] [Evaluator] Actor Episodes = 19033 | Actor Steps = 951650 | Delta Dist = 11.605 | Delta Dist 10 = 11.261 | Delta Dist 100 = 11.320 | Delta Dist 1000 = 10.870 | Episode Length = 50 | Episode Return = 7.0 | Evaluator Episodes = 4815 | Evaluator Steps = 240750 | Final Dist = 1.201 | Final Dist 10 = 1.545 | Final Dist 100 = 1.486 | Final Dist 1000 = 1.937 | Init Dist = 12.806 | Init Dist 10 = 12.806 | Init Dist 100 = 12.806 | Init Dist 1000 = 12.806 | Learner Steps = 14714 | Learner Walltime = 2901.026 | Min Dist = 0.068 | Min Dist 10 = 1.166 | Min Dist 100 = 0.817 | Min Dist 1000 = 1.206 | Steps Per Second = 80.738 | Success = 1.000 | Success 1000 = 0.852
I0502 15:54:38.727445 139579566835264 terminal.py:91] [Evaluator] Actor Episodes = 19041 | Actor Steps = 952050 | Delta Dist = 11.622 | Delta Dist 10 = 11.202 | Delta Dist 100 = 11.318 | Delta Dist 1000 = 10.870 | Episode Length = 50 | Episode Return = 13.0 | Evaluator Episodes = 4817 | Evaluator Steps = 240850 | Final Dist = 1.184 | Final Dist 10 = 1.604 | Final Dist 100 = 1.488 | Final Dist 1000 = 1.936 | Init Dist = 12.806 | Init Dist 10 = 12.806 | Init Dist 100 = 12.806 | Init Dist 1000 = 12.806 | Learner Steps = 14720 | Learner Walltime = 2902.341 | Min Dist = 0.270 | Min Dist 10 = 1.131 | Min Dist 100 = 0.813 | Min Dist 1000 = 1.205 | Steps Per Second = 97.676 | Success = 1.000 | Success 1000 = 0.853
I0502 15:54:39.987817 139579566835264 terminal.py:91] [Evaluator] Actor Episodes = 19047 | Actor Steps = 952350 | Delta Dist = 11.718 | Delta Dist 10 = 11.164 | Delta Dist 100 = 11.316 | Delta Dist 1000 = 10.871 | Episode Length = 50 | Episode Return = 3.0 | Evaluator Episodes = 4819 | Evaluator Steps = 240950 | Final Dist = 1.088 | Final Dist 10 = 1.642 | Final Dist 100 = 1.490 | Final Dist 1000 = 1.935 | Init Dist = 12.806 | Init Dist 10 = 12.806 | Init Dist 100 = 12.806 | Init Dist 1000 = 12.806 | Learner Steps = 14726 | Learner Walltime = 2903.447 | Min Dist = 0.315 | Min Dist 10 = 1.136 | Min Dist 100 = 0.808 | Min Dist 1000 = 1.204 | Steps Per Second = 78.543 | Success = 1.000 | Success 1000 = 0.853
I0502 15:54:40.291047 139584504182336 lp_utils.py:96] StepsLimiter: Reached 952550 recorded steps
I0502 15:54:40.363839 139558059398720 terminal.py:91] [Actor] Actor Episodes = 19053 | Actor Steps = 952650 | Delta Dist = 3.612 | Delta Dist 10 = 2.542 | Delta Dist 100 = 4.493 | Delta Dist 1000 = 4.201 | Episode Length = 50 | Episode Return = 0.0 | Evaluator Episodes = 4819 | Evaluator Steps = 240950 | Final Dist = 1.388 | Final Dist 10 = 3.325 | Final Dist 100 = 1.556 | Final Dist 1000 = 1.657 | Init Dist = 5.000 | Init Dist 10 = 5.867 | Init Dist 100 = 6.049 | Init Dist 1000 = 5.858 | Learner Steps = 14726 | Learner Walltime = 2903.447 | Min Dist = 0.011 | Min Dist 10 = 0.082 | Min Dist 100 = 0.238 | Min Dist 1000 = 0.260 | Steps Per Second = 93.977 | Success = 1.000 | Success 1000 = 0.987
I0502 15:54:41.118226 139579566835264 terminal.py:91] [Evaluator] Actor Episodes = 19055 | Actor Steps = 952750 | Delta Dist = 11.715 | Delta Dist 10 = 11.289 | Delta Dist 100 = 11.312 | Delta Dist 1000 = 10.871 | Episode Length = 50 | Episode Return = 12.0 | Evaluator Episodes = 4821 | Evaluator Steps = 241050 | Final Dist = 1.091 | Final Dist 10 = 1.517 | Final Dist 100 = 1.494 | Final Dist 1000 = 1.935 | Init Dist = 12.806 | Init Dist 10 = 12.806 | Init Dist 100 = 12.806 | Init Dist 1000 = 12.806 | Learner Steps = 14733 | Learner Walltime = 2904.917 | Min Dist = 0.174 | Min Dist 10 = 0.897 | Min Dist 100 = 0.808 | Min Dist 1000 = 1.204 | Steps Per Second = 84.836 | Success = 1.000 | Success 1000 = 0.853
I0502 15:54:42.284612 139579566835264 terminal.py:91] [Evaluator] Actor Episodes = 19065 | Actor Steps = 953250 | Delta Dist = 11.383 | Delta Dist 10 = 11.920 | Delta Dist 100 = 11.377 | Delta Dist 1000 = 10.871 | Episode Length = 50 | Episode Return = 12.0 | Evaluator Episodes = 4823 | Evaluator Steps = 241150 | Final Dist = 1.423 | Final Dist 10 = 0.887 | Final Dist 100 = 1.429 | Final Dist 1000 = 1.935 | Init Dist = 12.806 | Init Dist 10 = 12.806 | Init Dist 100 = 12.806 | Init Dist 1000 = 12.806 | Learner Steps = 14739 | Learner Walltime = 2906.080 | Min Dist = 0.166 | Min Dist 10 = 0.216 | Min Dist 100 = 0.752 | Min Dist 1000 = 1.205 | Steps Per Second = 84.746 | Success = 1.000 | Success 1000 = 0.853
I0502 15:54:42.771300 139555013154368 terminal.py:91] [Learner] Actor Episodes = 19063 | Actor Loss = 3.6022353172302246 | Actor Steps = 953150 | Binary Accuracy = 0.9960558414459229 | Categorical Accuracy = 0.435546875 | Critic Loss = 1.8443548679351807 | Entropy Mean = -20.129364013671875 | Evaluator Episodes = 4821 | Evaluator Steps = 241050 | Learner Steps = 14743 | Learner Walltime = 2906.969 | Logits Neg = -16.35112953186035 | Logits Pos = -1.8285887241363525 | Logsumexp = 1.2302742004394531 | Steps Per Second = 159.179
I0502 15:54:43.553728 139579566835264 terminal.py:91] [Evaluator] Actor Episodes = 19071 | Actor Steps = 953550 | Delta Dist = 11.576 | Delta Dist 10 = 11.774 | Delta Dist 100 = 11.376 | Delta Dist 1000 = 10.871 | Episode Length = 50 | Episode Return = 2.0 | Evaluator Episodes = 4825 | Evaluator Steps = 241250 | Final Dist = 1.230 | Final Dist 10 = 1.032 | Final Dist 100 = 1.430 | Final Dist 1000 = 1.935 | Init Dist = 12.806 | Init Dist 10 = 12.806 | Init Dist 100 = 12.806 | Init Dist 1000 = 12.806 | Learner Steps = 14745 | Learner Walltime = 2907.096 | Min Dist = 0.412 | Min Dist 10 = 0.199 | Min Dist 100 = 0.745 | Min Dist 1000 = 1.205 | Steps Per Second = 78.789 | Success = 1.000 | Success 1000 = 0.853
I0502 15:54:43.604114 139569349502528 terminal.py:91] [Actor] Actor Episodes = 19072 | Actor Steps = 953600 | Delta Dist = 10.115 | Delta Dist 10 = 3.368 | Delta Dist 100 = 4.475 | Delta Dist 1000 = 4.212 | Episode Length = 50 | Episode Return = 17.0 | Evaluator Episodes = 4823 | Evaluator Steps = 241150 | Final Dist = 0.655 | Final Dist 10 = 0.741 | Final Dist 100 = 1.400 | Final Dist 1000 = 1.656 | Init Dist = 10.770 | Init Dist 10 = 4.109 | Init Dist 100 = 5.875 | Init Dist 1000 = 5.868 | Learner Steps = 14745 | Learner Walltime = 2907.096 | Min Dist = 0.655 | Min Dist 10 = 0.115 | Min Dist 100 = 0.222 | Min Dist 1000 = 0.259 | Steps Per Second = 77.399 | Success = 1.000 | Success 1000 = 0.987
I0502 15:54:44.659398 139555860620864 terminal.py:91] [Actor] Actor Episodes = 19076 | Actor Steps = 953800 | Delta Dist = 6.142 | Delta Dist 10 = 3.890 | Delta Dist 100 = 4.343 | Delta Dist 1000 = 4.221 | Episode Length = 50 | Episode Return = 5.0 | Evaluator Episodes = 4825 | Evaluator Steps = 241250 | Final Dist = 1.070 | Final Dist 10 = 1.343 | Final Dist 100 = 1.459 | Final Dist 1000 = 1.659 | Init Dist = 7.211 | Init Dist 10 = 5.233 | Init Dist 100 = 5.802 | Init Dist 1000 = 5.880 | Learner Steps = 14745 | Learner Walltime = 2907.096 | Min Dist = 0.116 | Min Dist 10 = 0.318 | Min Dist 100 = 0.240 | Min Dist 1000 = 0.260 | Steps Per Second = 78.305 | Success = 1.000 | Success 1000 = 0.987
I0502 15:54:44.821988 139579566835264 terminal.py:91] [Evaluator] Actor Episodes = 19079 | Actor Steps = 953950 | Delta Dist = 12.602 | Delta Dist 10 = 11.732 | Delta Dist 100 = 11.409 | Delta Dist 1000 = 10.871 | Episode Length = 50 | Episode Return = 9.0 | Evaluator Episodes = 4827 | Evaluator Steps = 241350 | Final Dist = 0.204 | Final Dist 10 = 1.075 | Final Dist 100 = 1.397 | Final Dist 1000 = 1.935 | Init Dist = 12.806 | Init Dist 10 = 12.806 | Init Dist 100 = 12.806 | Init Dist 1000 = 12.806 | Learner Steps = 14751 | Learner Walltime = 2908.416 | Min Dist = 0.192 | Min Dist 10 = 0.249 | Min Dist 100 = 0.701 | Min Dist 1000 = 1.205 | Steps Per Second = 79.253 | Success = 1.000 | Success 1000 = 0.853
I0502 15:54:46.070569 139579566835264 terminal.py:91] [Evaluator] Actor Episodes = 19087 | Actor Steps = 954350 | Delta Dist = 11.620 | Delta Dist 10 = 11.799 | Delta Dist 100 = 11.426 | Delta Dist 1000 = 10.872 | Episode Length = 50 | Episode Return = 3.0 | Evaluator Episodes = 4829 | Evaluator Steps = 241450 | Final Dist = 1.186 | Final Dist 10 = 1.008 | Final Dist 100 = 1.380 | Final Dist 1000 = 1.934 | Init Dist = 12.806 | Init Dist 10 = 12.806 | Init Dist 100 = 12.806 | Init Dist 1000 = 12.806 | Learner Steps = 14757 | Learner Walltime = 2909.612 | Min Dist = 0.086 | Min Dist 10 = 0.222 | Min Dist 100 = 0.697 | Min Dist 1000 = 1.205 | Steps Per Second = 82.249 | Success = 1.000 | Success 1000 = 0.853
I0502 15:54:46.685103 139557462840896 terminal.py:91] [Actor] Actor Episodes = 19090 | Actor Steps = 954500 | Delta Dist = 2.628 | Delta Dist 10 = 3.428 | Delta Dist 100 = 4.165 | Delta Dist 1000 = 4.236 | Episode Length = 50 | Episode Return = 36.0 | Evaluator Episodes = 4829 | Evaluator Steps = 241450 | Final Dist = 1.844 | Final Dist 10 = 1.425 | Final Dist 100 = 1.503 | Final Dist 1000 = 1.657 | Init Dist = 4.472 | Init Dist 10 = 4.853 | Init Dist 100 = 5.667 | Init Dist 1000 = 5.894 | Learner Steps = 14757 | Learner Walltime = 2909.612 | Min Dist = 0.032 | Min Dist 10 = 0.083 | Min Dist 100 = 0.161 | Min Dist 1000 = 0.248 | Steps Per Second = 83.716 | Success = 1.000 | Success 1000 = 0.987
I0502 15:54:47.284605 139579566835264 terminal.py:91] [Evaluator] Actor Episodes = 19095 | Actor Steps = 954750 | Delta Dist = 11.369 | Delta Dist 10 = 11.770 | Delta Dist 100 = 11.424 | Delta Dist 1000 = 10.872 | Episode Length = 50 | Episode Return = 18.0 | Evaluator Episodes = 4831 | Evaluator Steps = 241550 | Final Dist = 1.438 | Final Dist 10 = 1.036 | Final Dist 100 = 1.382 | Final Dist 1000 = 1.934 | Init Dist = 12.806 | Init Dist 10 = 12.806 | Init Dist 100 = 12.806 | Init Dist 1000 = 12.806 | Learner Steps = 14763 | Learner Walltime = 2910.834 | Min Dist = 0.180 | Min Dist 10 = 0.244 | Min Dist 100 = 0.701 | Min Dist 1000 = 1.205 | Steps Per Second = 75.436 | Success = 1.000 | Success 1000 = 0.853
I0502 15:54:48.460838 139579566835264 terminal.py:91] [Evaluator] Actor Episodes = 19103 | Actor Steps = 955150 | Delta Dist = 11.535 | Delta Dist 10 = 11.729 | Delta Dist 100 = 11.418 | Delta Dist 1000 = 10.889 | Episode Length = 50 | Episode Return = 10.0 | Evaluator Episodes = 4833 | Evaluator Steps = 241650 | Final Dist = 1.272 | Final Dist 10 = 1.077 | Final Dist 100 = 1.388 | Final Dist 1000 = 1.917 | Init Dist = 12.806 | Init Dist 10 = 12.806 | Init Dist 100 = 12.806 | Init Dist 1000 = 12.806 | Learner Steps = 14769 | Learner Walltime = 2912.052 | Min Dist = 0.257 | Min Dist 10 = 0.218 | Min Dist 100 = 0.697 | Min Dist 1000 = 1.189 | Steps Per Second = 92.744 | Success = 1.000 | Success 1000 = 0.855
I0502 15:54:49.843456 139579566835264 terminal.py:91] [Evaluator] Actor Episodes = 19111 | Actor Steps = 955550 | Delta Dist = 12.324 | Delta Dist 10 = 11.816 | Delta Dist 100 = 11.426 | Delta Dist 1000 = 10.889 | Episode Length = 50 | Episode Return = 12.0 | Evaluator Episodes = 4835 | Evaluator Steps = 241750 | Final Dist = 0.482 | Final Dist 10 = 0.990 | Final Dist 100 = 1.380 | Final Dist 1000 = 1.917 | Init Dist = 12.806 | Init Dist 10 = 12.806 | Init Dist 100 = 12.806 | Init Dist 1000 = 12.806 | Learner Steps = 14775 | Learner Walltime = 2913.178 | Min Dist = 0.290 | Min Dist 10 = 0.220 | Min Dist 100 = 0.682 | Min Dist 1000 = 1.189 | Steps Per Second = 71.032 | Success = 1.000 | Success 1000 = 0.855
I0502 15:54:49.919724 139584635659840 savers.py:156] Saving checkpoint: logs/contrastive_cpc_point_FourRooms_64/5dd72662-2788-11f0-b183-d85ed38c5779/checkpoints/counter
I0502 15:54:50.095075 139583350109760 savers.py:156] Saving checkpoint: logs/contrastive_cpc_point_FourRooms_64/5dd72662-2788-11f0-b183-d85ed38c5779/checkpoints/learner
I0502 15:54:50.311149 139584504182336 lp_utils.py:96] StepsLimiter: Reached 955750 recorded steps
I0502 15:54:50.584529 139558059398720 terminal.py:91] [Actor] Actor Episodes = 19114 | Actor Steps = 955700 | Delta Dist = 4.710 | Delta Dist 10 = 2.015 | Delta Dist 100 = 3.833 | Delta Dist 1000 = 4.210 | Episode Length = 50 | Episode Return = 33.0 | Evaluator Episodes = 4835 | Evaluator Steps = 241750 | Final Dist = 1.121 | Final Dist 10 = 2.287 | Final Dist 100 = 1.380 | Final Dist 1000 = 1.627 | Init Dist = 5.831 | Init Dist 10 = 4.302 | Init Dist 100 = 5.213 | Init Dist 1000 = 5.837 | Learner Steps = 14775 | Learner Walltime = 2913.178 | Min Dist = 0.082 | Min Dist 10 = 0.594 | Min Dist 100 = 0.197 | Min Dist 1000 = 0.242 | Steps Per Second = 79.447 | Success = 1.000 | Success 1000 = 0.986
I0502 15:54:51.026374 139579566835264 terminal.py:91] [Evaluator] Actor Episodes = 19119 | Actor Steps = 955950 | Delta Dist = 12.673 | Delta Dist 10 = 11.916 | Delta Dist 100 = 11.427 | Delta Dist 1000 = 10.900 | Episode Length = 50 | Episode Return = 2.0 | Evaluator Episodes = 4837 | Evaluator Steps = 241850 | Final Dist = 0.133 | Final Dist 10 = 0.891 | Final Dist 100 = 1.379 | Final Dist 1000 = 1.906 | Init Dist = 12.806 | Init Dist 10 = 12.806 | Init Dist 100 = 12.806 | Init Dist 1000 = 12.806 | Learner Steps = 14779 | Learner Walltime = 2914.241 | Min Dist = 0.133 | Min Dist 10 = 0.189 | Min Dist 100 = 0.680 | Min Dist 1000 = 1.178 | Steps Per Second = 86.174 | Success = 1.000 | Success 1000 = 0.856
I0502 15:54:52.239404 139579566835264 terminal.py:91] [Evaluator] Actor Episodes = 19127 | Actor Steps = 956350 | Delta Dist = 11.440 | Delta Dist 10 = 11.849 | Delta Dist 100 = 11.465 | Delta Dist 1000 = 10.909 | Episode Length = 50 | Episode Return = 12.0 | Evaluator Episodes = 4839 | Evaluator Steps = 241950 | Final Dist = 1.366 | Final Dist 10 = 0.957 | Final Dist 100 = 1.342 | Final Dist 1000 = 1.897 | Init Dist = 12.806 | Init Dist 10 = 12.806 | Init Dist 100 = 12.806 | Init Dist 1000 = 12.806 | Learner Steps = 14786 | Learner Walltime = 2915.479 | Min Dist = 0.298 | Min Dist 10 = 0.187 | Min Dist 100 = 0.639 | Min Dist 1000 = 1.168 | Steps Per Second = 88.782 | Success = 1.000 | Success 1000 = 0.857
I0502 15:54:52.931023 139555013154368 terminal.py:91] [Learner] Actor Episodes = 19129 | Actor Loss = 3.7007360458374023 | Actor Steps = 956450 | Binary Accuracy = 0.9961128234863281 | Categorical Accuracy = 0.4281005859375 | Critic Loss = 1.90660560131073 | Entropy Mean = -19.942129135131836 | Evaluator Episodes = 4839 | Evaluator Steps = 241950 | Learner Steps = 14795 | Learner Walltime = 2917.124 | Logits Neg = -16.210838317871094 | Logits Pos = -1.9103323221206665 | Logsumexp = 1.1541870832443237 | Steps Per Second = 223.188
I0502 15:54:53.418594 139579566835264 terminal.py:91] [Evaluator] Actor Episodes = 19135 | Actor Steps = 956750 | Delta Dist = 12.628 | Delta Dist 10 = 11.804 | Delta Dist 100 = 11.456 | Delta Dist 1000 = 10.908 | Episode Length = 50 | Episode Return = 23.0 | Evaluator Episodes = 4841 | Evaluator Steps = 242050 | Final Dist = 0.178 | Final Dist 10 = 1.002 | Final Dist 100 = 1.350 | Final Dist 1000 = 1.899 | Init Dist = 12.806 | Init Dist 10 = 12.806 | Init Dist 100 = 12.806 | Init Dist 1000 = 12.806 | Learner Steps = 14792 | Learner Walltime = 2916.548 | Min Dist = 0.063 | Min Dist 10 = 0.210 | Min Dist 100 = 0.643 | Min Dist 1000 = 1.169 | Steps Per Second = 80.169 | Success = 1.000 | Success 1000 = 0.857
I0502 15:54:53.689892 139569349502528 terminal.py:91] [Actor] Actor Episodes = 19136 | Actor Steps = 956800 | Delta Dist = 4.458 | Delta Dist 10 = 4.199 | Delta Dist 100 = 3.902 | Delta Dist 1000 = 4.203 | Episode Length = 50 | Episode Return = 24.0 | Evaluator Episodes = 4839 | Evaluator Steps = 241950 | Final Dist = 0.641 | Final Dist 10 = 2.026 | Final Dist 100 = 1.504 | Final Dist 1000 = 1.638 | Init Dist = 5.099 | Init Dist 10 = 6.225 | Init Dist 100 = 5.406 | Init Dist 1000 = 5.841 | Learner Steps = 14792 | Learner Walltime = 2916.548 | Min Dist = 0.228 | Min Dist 10 = 0.720 | Min Dist 100 = 0.274 | Min Dist 1000 = 0.253 | Steps Per Second = 79.794 | Success = 1.000 | Success 1000 = 0.987
I0502 15:54:54.557126 139579566835264 terminal.py:91] [Evaluator] Actor Episodes = 19143 | Actor Steps = 957150 | Delta Dist = 11.455 | Delta Dist 10 = 11.886 | Delta Dist 100 = 11.510 | Delta Dist 1000 = 10.920 | Episode Length = 50 | Episode Return = 2.0 | Evaluator Episodes = 4843 | Evaluator Steps = 242150 | Final Dist = 1.352 | Final Dist 10 = 0.920 | Final Dist 100 = 1.297 | Final Dist 1000 = 1.887 | Init Dist = 12.806 | Init Dist 10 = 12.806 | Init Dist 100 = 12.806 | Init Dist 1000 = 12.806 | Learner Steps = 14798 | Learner Walltime = 2917.791 | Min Dist = 0.614 | Min Dist 10 = 0.208 | Min Dist 100 = 0.581 | Min Dist 1000 = 1.158 | Steps Per Second = 92.400 | Success = 1.000 | Success 1000 = 0.858
I0502 15:54:54.727632 139555860620864 terminal.py:91] [Actor] Actor Episodes = 19142 | Actor Steps = 957100 | Delta Dist = 5.637 | Delta Dist 10 = 5.031 | Delta Dist 100 = 3.916 | Delta Dist 1000 = 4.203 | Episode Length = 50 | Episode Return = 25.0 | Evaluator Episodes = 4841 | Evaluator Steps = 242050 | Final Dist = 0.766 | Final Dist 10 = 0.817 | Final Dist 100 = 1.486 | Final Dist 1000 = 1.631 | Init Dist = 6.403 | Init Dist 10 = 5.848 | Init Dist 100 = 5.402 | Init Dist 1000 = 5.833 | Learner Steps = 14798 | Learner Walltime = 2917.791 | Min Dist = 0.052 | Min Dist 10 = 0.105 | Min Dist 100 = 0.278 | Min Dist 1000 = 0.253 | Steps Per Second = 79.719 | Success = 1.000 | Success 1000 = 0.987
I0502 15:54:55.770092 139579566835264 terminal.py:91] [Evaluator] Actor Episodes = 19151 | Actor Steps = 957550 | Delta Dist = 11.563 | Delta Dist 10 = 11.828 | Delta Dist 100 = 11.510 | Delta Dist 1000 = 10.931 | Episode Length = 50 | Episode Return = 1.0 | Evaluator Episodes = 4845 | Evaluator Steps = 242250 | Final Dist = 1.243 | Final Dist 10 = 0.978 | Final Dist 100 = 1.296 | Final Dist 1000 = 1.875 | Init Dist = 12.806 | Init Dist 10 = 12.806 | Init Dist 100 = 12.806 | Init Dist 1000 = 12.806 | Learner Steps = 14804 | Learner Walltime = 2919.079 | Min Dist = 0.493 | Min Dist 10 = 0.252 | Min Dist 100 = 0.579 | Min Dist 1000 = 1.147 | Steps Per Second = 79.506 | Success = 1.000 | Success 1000 = 0.860
I0502 15:54:56.918426 139579566835264 terminal.py:91] [Evaluator] Actor Episodes = 19159 | Actor Steps = 957950 | Delta Dist = 4.902 | Delta Dist 10 = 10.997 | Delta Dist 100 = 11.425 | Delta Dist 1000 = 10.923 | Episode Length = 50 | Episode Return = 0.0 | Evaluator Episodes = 4847 | Evaluator Steps = 242350 | Final Dist = 7.904 | Final Dist 10 = 1.809 | Final Dist 100 = 1.381 | Final Dist 1000 = 1.883 | Init Dist = 12.806 | Init Dist 10 = 12.806 | Init Dist 100 = 12.806 | Init Dist 1000 = 12.806 | Learner Steps = 14810 | Learner Walltime = 2920.291 | Min Dist = 6.333 | Min Dist 10 = 1.125 | Min Dist 100 = 0.666 | Min Dist 1000 = 1.156 | Steps Per Second = 86.535 | Success = 0.000 | Success 1000 = 0.859
I0502 15:54:57.220525 139557462840896 terminal.py:91] [Actor] Actor Episodes = 19163 | Actor Steps = 958150 | Delta Dist = 5.345 | Delta Dist 10 = 5.321 | Delta Dist 100 = 3.958 | Delta Dist 1000 = 4.211 | Episode Length = 50 | Episode Return = 11.0 | Evaluator Episodes = 4847 | Evaluator Steps = 242350 | Final Dist = 0.040 | Final Dist 10 = 1.125 | Final Dist 100 = 1.333 | Final Dist 1000 = 1.625 | Init Dist = 5.385 | Init Dist 10 = 5.986 | Init Dist 100 = 5.323 | Init Dist 1000 = 5.829 | Learner Steps = 14817 | Learner Walltime = 2921.397 | Min Dist = 0.035 | Min Dist 10 = 0.174 | Min Dist 100 = 0.292 | Min Dist 1000 = 0.252 | Steps Per Second = 78.682 | Success = 1.000 | Success 1000 = 0.987
I0502 15:54:58.173686 139579566835264 terminal.py:91] [Evaluator] Actor Episodes = 19167 | Actor Steps = 958350 | Delta Dist = 12.398 | Delta Dist 10 = 10.283 | Delta Dist 100 = 11.362 | Delta Dist 1000 = 10.916 | Episode Length = 50 | Episode Return = 21.0 | Evaluator Episodes = 4849 | Evaluator Steps = 242450 | Final Dist = 0.408 | Final Dist 10 = 2.523 | Final Dist 100 = 1.444 | Final Dist 1000 = 1.890 | Init Dist = 12.806 | Init Dist 10 = 12.806 | Init Dist 100 = 12.806 | Init Dist 1000 = 12.806 | Learner Steps = 14817 | Learner Walltime = 2921.397 | Min Dist = 0.226 | Min Dist 10 = 1.755 | Min Dist 100 = 0.730 | Min Dist 1000 = 1.162 | Steps Per Second = 85.973 | Success = 1.000 | Success 1000 = 0.858
I0502 15:54:59.270632 139579566835264 terminal.py:91] [Evaluator] Actor Episodes = 19175 | Actor Steps = 958750 | Delta Dist = 1.633 | Delta Dist 10 = 10.388 | Delta Dist 100 = 11.372 | Delta Dist 1000 = 10.917 | Episode Length = 50 | Episode Return = 0.0 | Evaluator Episodes = 4851 | Evaluator Steps = 242550 | Final Dist = 11.174 | Final Dist 10 = 2.418 | Final Dist 100 = 1.434 | Final Dist 1000 = 1.889 | Init Dist = 12.806 | Init Dist 10 = 12.806 | Init Dist 100 = 12.806 | Init Dist 1000 = 12.806 | Learner Steps = 14822 | Learner Walltime = 2922.657 | Min Dist = 10.310 | Min Dist 10 = 1.714 | Min Dist 100 = 0.733 | Min Dist 1000 = 1.161 | Steps Per Second = 102.380 | Success = 0.000 | Success 1000 = 0.858
I0502 15:55:00.328899 139584504182336 lp_utils.py:96] StepsLimiter: Reached 959050 recorded steps
I0502 15:55:00.418790 139579566835264 terminal.py:91] [Evaluator] Actor Episodes = 19181 | Actor Steps = 959050 | Delta Dist = 11.422 | Delta Dist 10 = 9.325 | Delta Dist 100 = 11.275 | Delta Dist 1000 = 10.918 | Episode Length = 50 | Episode Return = 18.0 | Evaluator Episodes = 4853 | Evaluator Steps = 242650 | Final Dist = 1.385 | Final Dist 10 = 3.482 | Final Dist 100 = 1.531 | Final Dist 1000 = 1.888 | Init Dist = 12.806 | Init Dist 10 = 12.806 | Init Dist 100 = 12.806 | Init Dist 1000 = 12.806 | Learner Steps = 14829 | Learner Walltime = 2923.896 | Min Dist = 0.140 | Min Dist 10 = 2.711 | Min Dist 100 = 0.828 | Min Dist 1000 = 1.160 | Steps Per Second = 88.922 | Success = 1.000 | Success 1000 = 0.858
I0502 15:55:00.663114 139558059398720 terminal.py:91] [Actor] Actor Episodes = 19185 | Actor Steps = 959250 | Delta Dist = 9.188 | Delta Dist 10 = 3.631 | Delta Dist 100 = 3.723 | Delta Dist 1000 = 4.188 | Episode Length = 50 | Episode Return = 45.0 | Evaluator Episodes = 4853 | Evaluator Steps = 242650 | Final Dist = 0.298 | Final Dist 10 = 1.450 | Final Dist 100 = 1.571 | Final Dist 1000 = 1.620 | Init Dist = 9.487 | Init Dist 10 = 5.081 | Init Dist 100 = 5.294 | Init Dist 1000 = 5.807 | Learner Steps = 14829 | Learner Walltime = 2923.896 | Min Dist = 0.089 | Min Dist 10 = 0.050 | Min Dist 100 = 0.272 | Min Dist 1000 = 0.249 | Steps Per Second = 80.157 | Success = 1.000 | Success 1000 = 0.987
I0502 15:55:01.607388 139579566835264 terminal.py:91] [Evaluator] Actor Episodes = 19191 | Actor Steps = 959550 | Delta Dist = 12.433 | Delta Dist 10 = 9.306 | Delta Dist 100 = 11.267 | Delta Dist 1000 = 10.933 | Episode Length = 50 | Episode Return = 14.0 | Evaluator Episodes = 4855 | Evaluator Steps = 242750 | Final Dist = 0.373 | Final Dist 10 = 3.500 | Final Dist 100 = 1.539 | Final Dist 1000 = 1.873 | Init Dist = 12.806 | Init Dist 10 = 12.806 | Init Dist 100 = 12.806 | Init Dist 1000 = 12.806 | Learner Steps = 14835 | Learner Walltime = 2924.985 | Min Dist = 0.166 | Min Dist 10 = 2.661 | Min Dist 100 = 0.827 | Min Dist 1000 = 1.143 | Steps Per Second = 83.151 | Success = 1.000 | Success 1000 = 0.860
I0502 15:55:02.849063 139579566835264 terminal.py:91] [Evaluator] Actor Episodes = 19199 | Actor Steps = 959950 | Delta Dist = 12.445 | Delta Dist 10 = 10.123 | Delta Dist 100 = 11.266 | Delta Dist 1000 = 10.945 | Episode Length = 50 | Episode Return = 29.0 | Evaluator Episodes = 4857 | Evaluator Steps = 242850 | Final Dist = 0.361 | Final Dist 10 = 2.683 | Final Dist 100 = 1.540 | Final Dist 1000 = 1.861 | Init Dist = 12.806 | Init Dist 10 = 12.806 | Init Dist 100 = 12.806 | Init Dist 1000 = 12.806 | Learner Steps = 14842 | Learner Walltime = 2926.193 | Min Dist = 0.051 | Min Dist 10 = 1.785 | Min Dist 100 = 0.826 | Min Dist 1000 = 1.132 | Steps Per Second = 80.919 | Success = 1.000 | Success 1000 = 0.861
I0502 15:55:02.955687 139555013154368 terminal.py:91] [Learner] Actor Episodes = 19193 | Actor Loss = 3.580078125 | Actor Steps = 959650 | Binary Accuracy = 0.9959988594055176 | Categorical Accuracy = 0.43304443359375 | Critic Loss = 1.877339482307434 | Entropy Mean = -19.686771392822266 | Evaluator Episodes = 4855 | Evaluator Steps = 242750 | Learner Steps = 14847 | Learner Walltime = 2927.155 | Logits Neg = -16.1683349609375 | Logits Pos = -1.8283699750900269 | Logsumexp = 1.2827012538909912 | Steps Per Second = 846.028
I0502 15:55:03.990827 139569349502528 terminal.py:91] [Actor] Actor Episodes = 19207 | Actor Steps = 960350 | Delta Dist = 7.474 | Delta Dist 10 = 4.393 | Delta Dist 100 = 3.989 | Delta Dist 1000 = 4.186 | Episode Length = 50 | Episode Return = 25.0 | Evaluator Episodes = 4857 | Evaluator Steps = 242850 | Final Dist = 0.142 | Final Dist 10 = 2.490 | Final Dist 100 = 1.744 | Final Dist 1000 = 1.620 | Init Dist = 7.616 | Init Dist 10 = 6.883 | Init Dist 100 = 5.733 | Init Dist 1000 = 5.807 | Learner Steps = 14848 | Learner Walltime = 2927.501 | Min Dist = 0.125 | Min Dist 10 = 0.697 | Min Dist 100 = 0.351 | Min Dist 1000 = 0.247 | Steps Per Second = 84.026 | Success = 1.000 | Success 1000 = 0.986
I0502 15:55:04.021031 139579566835264 terminal.py:91] [Evaluator] Actor Episodes = 19207 | Actor Steps = 960350 | Delta Dist = 11.937 | Delta Dist 10 = 10.832 | Delta Dist 100 = 11.275 | Delta Dist 1000 = 10.956 | Episode Length = 50 | Episode Return = 12.0 | Evaluator Episodes = 4859 | Evaluator Steps = 242950 | Final Dist = 0.869 | Final Dist 10 = 1.974 | Final Dist 100 = 1.532 | Final Dist 1000 = 1.850 | Init Dist = 12.806 | Init Dist 10 = 12.806 | Init Dist 100 = 12.806 | Init Dist 1000 = 12.806 | Learner Steps = 14848 | Learner Walltime = 2927.501 | Min Dist = 0.103 | Min Dist 10 = 1.157 | Min Dist 100 = 0.826 | Min Dist 1000 = 1.121 | Steps Per Second = 81.668 | Success = 1.000 | Success 1000 = 0.862
I0502 15:55:05.017126 139555860620864 terminal.py:91] [Actor] Actor Episodes = 19213 | Actor Steps = 960650 | Delta Dist = 3.063 | Delta Dist 10 = 5.381 | Delta Dist 100 = 4.109 | Delta Dist 1000 = 4.176 | Episode Length = 50 | Episode Return = 5.0 | Evaluator Episodes = 4859 | Evaluator Steps = 242950 | Final Dist = 1.179 | Final Dist 10 = 0.974 | Final Dist 100 = 1.721 | Final Dist 1000 = 1.615 | Init Dist = 4.243 | Init Dist 10 = 6.355 | Init Dist 100 = 5.829 | Init Dist 1000 = 5.791 | Learner Steps = 14854 | Learner Walltime = 2928.777 | Min Dist = 0.034 | Min Dist 10 = 0.486 | Min Dist 100 = 0.393 | Min Dist 1000 = 0.251 | Steps Per Second = 93.762 | Success = 1.000 | Success 1000 = 0.984
I0502 15:55:05.148685 139579566835264 terminal.py:91] [Evaluator] Actor Episodes = 19213 | Actor Steps = 960650 | Delta Dist = 11.769 | Delta Dist 10 = 10.795 | Delta Dist 100 = 11.315 | Delta Dist 1000 = 10.967 | Episode Length = 50 | Episode Return = 18.0 | Evaluator Episodes = 4861 | Evaluator Steps = 243050 | Final Dist = 1.038 | Final Dist 10 = 2.011 | Final Dist 100 = 1.491 | Final Dist 1000 = 1.839 | Init Dist = 12.806 | Init Dist 10 = 12.806 | Init Dist 100 = 12.806 | Init Dist 1000 = 12.806 | Learner Steps = 14854 | Learner Walltime = 2928.777 | Min Dist = 0.193 | Min Dist 10 = 1.161 | Min Dist 100 = 0.770 | Min Dist 1000 = 1.110 | Steps Per Second = 88.014 | Success = 1.000 | Success 1000 = 0.863
I0502 15:55:06.372406 139579566835264 terminal.py:91] [Evaluator] Actor Episodes = 19221 | Actor Steps = 961050 | Delta Dist = 11.451 | Delta Dist 10 = 11.780 | Delta Dist 100 = 11.304 | Delta Dist 1000 = 10.967 | Episode Length = 50 | Episode Return = 11.0 | Evaluator Episodes = 4863 | Evaluator Steps = 243150 | Final Dist = 1.355 | Final Dist 10 = 1.027 | Final Dist 100 = 1.502 | Final Dist 1000 = 1.839 | Init Dist = 12.806 | Init Dist 10 = 12.806 | Init Dist 100 = 12.806 | Init Dist 1000 = 12.806 | Learner Steps = 14860 | Learner Walltime = 2929.783 | Min Dist = 0.219 | Min Dist 10 = 0.168 | Min Dist 100 = 0.772 | Min Dist 1000 = 1.110 | Steps Per Second = 82.779 | Success = 1.000 | Success 1000 = 0.863
I0502 15:55:07.532747 139579566835264 terminal.py:91] [Evaluator] Actor Episodes = 19229 | Actor Steps = 961450 | Delta Dist = 11.457 | Delta Dist 10 = 11.553 | Delta Dist 100 = 11.270 | Delta Dist 1000 = 10.964 | Episode Length = 50 | Episode Return = 1.0 | Evaluator Episodes = 4865 | Evaluator Steps = 243250 | Final Dist = 1.350 | Final Dist 10 = 1.253 | Final Dist 100 = 1.537 | Final Dist 1000 = 1.842 | Init Dist = 12.806 | Init Dist 10 = 12.806 | Init Dist 100 = 12.806 | Init Dist 1000 = 12.806 | Learner Steps = 14866 | Learner Walltime = 2930.998 | Min Dist = 0.275 | Min Dist 10 = 0.525 | Min Dist 100 = 0.809 | Min Dist 1000 = 1.113 | Steps Per Second = 89.780 | Success = 1.000 | Success 1000 = 0.862
I0502 15:55:07.679452 139557462840896 terminal.py:91] [Actor] Actor Episodes = 19228 | Actor Steps = 961400 | Delta Dist = 2.741 | Delta Dist 10 = 2.849 | Delta Dist 100 = 4.103 | Delta Dist 1000 = 4.166 | Episode Length = 50 | Episode Return = 28.0 | Evaluator Episodes = 4863 | Evaluator Steps = 243150 | Final Dist = 2.259 | Final Dist 10 = 1.115 | Final Dist 100 = 1.660 | Final Dist 1000 = 1.607 | Init Dist = 5.000 | Init Dist 10 = 3.965 | Init Dist 100 = 5.763 | Init Dist 1000 = 5.773 | Learner Steps = 14866 | Learner Walltime = 2930.998 | Min Dist = 0.018 | Min Dist 10 = 0.651 | Min Dist 100 = 0.339 | Min Dist 1000 = 0.249 | Steps Per Second = 85.376 | Success = 1.000 | Success 1000 = 0.984
I0502 15:55:08.612579 139579566835264 terminal.py:91] [Evaluator] Actor Episodes = 19235 | Actor Steps = 961750 | Delta Dist = 11.138 | Delta Dist 10 = 11.438 | Delta Dist 100 = 11.267 | Delta Dist 1000 = 10.970 | Episode Length = 50 | Episode Return = 18.0 | Evaluator Episodes = 4867 | Evaluator Steps = 243350 | Final Dist = 1.668 | Final Dist 10 = 1.369 | Final Dist 100 = 1.539 | Final Dist 1000 = 1.837 | Init Dist = 12.806 | Init Dist 10 = 12.806 | Init Dist 100 = 12.806 | Init Dist 1000 = 12.806 | Learner Steps = 14872 | Learner Walltime = 2932.235 | Min Dist = 0.117 | Min Dist 10 = 0.569 | Min Dist 100 = 0.808 | Min Dist 1000 = 1.106 | Steps Per Second = 93.836 | Success = 1.000 | Success 1000 = 0.863
I0502 15:55:09.803639 139579566835264 terminal.py:91] [Evaluator] Actor Episodes = 19243 | Actor Steps = 962150 | Delta Dist = 11.795 | Delta Dist 10 = 11.351 | Delta Dist 100 = 11.267 | Delta Dist 1000 = 10.969 | Episode Length = 50 | Episode Return = 2.0 | Evaluator Episodes = 4869 | Evaluator Steps = 243450 | Final Dist = 1.011 | Final Dist 10 = 1.456 | Final Dist 100 = 1.540 | Final Dist 1000 = 1.837 | Init Dist = 12.806 | Init Dist 10 = 12.806 | Init Dist 100 = 12.806 | Init Dist 1000 = 12.806 | Learner Steps = 14879 | Learner Walltime = 2933.431 | Min Dist = 0.246 | Min Dist 10 = 0.573 | Min Dist 100 = 0.806 | Min Dist 1000 = 1.106 | Steps Per Second = 87.293 | Success = 1.000 | Success 1000 = 0.863
I0502 15:55:10.348596 139584504182336 lp_utils.py:96] StepsLimiter: Reached 962350 recorded steps
I0502 15:55:10.947117 139579566835264 terminal.py:91] [Evaluator] Actor Episodes = 19251 | Actor Steps = 962550 | Delta Dist = 11.467 | Delta Dist 10 = 11.311 | Delta Dist 100 = 11.270 | Delta Dist 1000 = 10.973 | Episode Length = 50 | Episode Return = 2.0 | Evaluator Episodes = 4871 | Evaluator Steps = 243550 | Final Dist = 1.340 | Final Dist 10 = 1.495 | Final Dist 100 = 1.537 | Final Dist 1000 = 1.834 | Init Dist = 12.806 | Init Dist 10 = 12.806 | Init Dist 100 = 12.806 | Init Dist 1000 = 12.806 | Learner Steps = 14883 | Learner Walltime = 2934.439 | Min Dist = 0.077 | Min Dist 10 = 0.567 | Min Dist 100 = 0.800 | Min Dist 1000 = 1.102 | Steps Per Second = 95.877 | Success = 1.000 | Success 1000 = 0.864
I0502 15:55:10.977754 139558059398720 terminal.py:91] [Actor] Actor Episodes = 19250 | Actor Steps = 962500 | Delta Dist = 10.407 | Delta Dist 10 = 4.839 | Delta Dist 100 = 4.271 | Delta Dist 1000 = 4.193 | Episode Length = 50 | Episode Return = 23.0 | Evaluator Episodes = 4869 | Evaluator Steps = 243450 | Final Dist = 0.223 | Final Dist 10 = 2.020 | Final Dist 100 = 1.648 | Final Dist 1000 = 1.608 | Init Dist = 10.630 | Init Dist 10 = 6.858 | Init Dist 100 = 5.919 | Init Dist 1000 = 5.801 | Learner Steps = 14883 | Learner Walltime = 2934.439 | Min Dist = 0.136 | Min Dist 10 = 1.709 | Min Dist 100 = 0.443 | Min Dist 1000 = 0.264 | Steps Per Second = 82.805 | Success = 1.000 | Success 1000 = 0.985
I0502 15:55:12.035970 139579566835264 terminal.py:91] [Evaluator] Actor Episodes = 19259 | Actor Steps = 962950 | Delta Dist = 11.442 | Delta Dist 10 = 11.308 | Delta Dist 100 = 11.270 | Delta Dist 1000 = 10.973 | Episode Length = 50 | Episode Return = 14.0 | Evaluator Episodes = 4873 | Evaluator Steps = 243650 | Final Dist = 1.364 | Final Dist 10 = 1.499 | Final Dist 100 = 1.537 | Final Dist 1000 = 1.833 | Init Dist = 12.806 | Init Dist 10 = 12.806 | Init Dist 100 = 12.806 | Init Dist 1000 = 12.806 | Learner Steps = 14890 | Learner Walltime = 2935.601 | Min Dist = 0.424 | Min Dist 10 = 0.599 | Min Dist 100 = 0.799 | Min Dist 1000 = 1.102 | Steps Per Second = 89.848 | Success = 1.000 | Success 1000 = 0.864
I0502 15:55:13.289109 139555013154368 terminal.py:91] [Learner] Actor Episodes = 19263 | Actor Loss = 3.532069683074951 | Actor Steps = 963150 | Binary Accuracy = 0.9959783554077148 | Categorical Accuracy = 0.43292236328125 | Critic Loss = 1.8669335842132568 | Entropy Mean = -18.426467895507812 | Evaluator Episodes = 4873 | Evaluator Steps = 243650 | Learner Steps = 14899 | Learner Walltime = 2937.485 | Logits Neg = -16.18195343017578 | Logits Pos = -1.846387505531311 | Logsumexp = 1.3329969644546509 | Steps Per Second = 170.796
I0502 15:55:13.309238 139579566835264 terminal.py:91] [Evaluator] Actor Episodes = 19267 | Actor Steps = 963350 | Delta Dist = 11.432 | Delta Dist 10 = 11.082 | Delta Dist 100 = 11.217 | Delta Dist 1000 = 10.968 | Episode Length = 50 | Episode Return = 9.0 | Evaluator Episodes = 4875 | Evaluator Steps = 243750 | Final Dist = 1.375 | Final Dist 10 = 1.724 | Final Dist 100 = 1.589 | Final Dist 1000 = 1.839 | Init Dist = 12.806 | Init Dist 10 = 12.806 | Init Dist 100 = 12.806 | Init Dist 1000 = 12.806 | Learner Steps = 14896 | Learner Walltime = 2936.896 | Min Dist = 0.225 | Min Dist 10 = 0.844 | Min Dist 100 = 0.857 | Min Dist 1000 = 1.108 | Steps Per Second = 74.790 | Success = 1.000 | Success 1000 = 0.863
I0502 15:55:14.431829 139569349502528 terminal.py:91] [Actor] Actor Episodes = 19272 | Actor Steps = 963600 | Delta Dist = 6.424 | Delta Dist 10 = 4.281 | Delta Dist 100 = 4.566 | Delta Dist 1000 = 4.232 | Episode Length = 50 | Episode Return = 21.0 | Evaluator Episodes = 4875 | Evaluator Steps = 243750 | Final Dist = 0.647 | Final Dist 10 = 1.651 | Final Dist 100 = 1.397 | Final Dist 1000 = 1.583 | Init Dist = 7.071 | Init Dist 10 = 5.932 | Init Dist 100 = 5.963 | Init Dist 1000 = 5.815 | Learner Steps = 14896 | Learner Walltime = 2936.896 | Min Dist = 0.146 | Min Dist 10 = 0.092 | Min Dist 100 = 0.423 | Min Dist 1000 = 0.264 | Steps Per Second = 84.956 | Success = 1.000 | Success 1000 = 0.986
I0502 15:55:14.511362 139579566835264 terminal.py:91] [Evaluator] Actor Episodes = 19275 | Actor Steps = 963750 | Delta Dist = 12.143 | Delta Dist 10 = 11.132 | Delta Dist 100 = 11.219 | Delta Dist 1000 = 10.985 | Episode Length = 50 | Episode Return = 12.0 | Evaluator Episodes = 4877 | Evaluator Steps = 243850 | Final Dist = 0.663 | Final Dist 10 = 1.674 | Final Dist 100 = 1.587 | Final Dist 1000 = 1.821 | Init Dist = 12.806 | Init Dist 10 = 12.806 | Init Dist 100 = 12.806 | Init Dist 1000 = 12.806 | Learner Steps = 14903 | Learner Walltime = 2938.103 | Min Dist = 0.135 | Min Dist 10 = 0.810 | Min Dist 100 = 0.858 | Min Dist 1000 = 1.090 | Steps Per Second = 81.712 | Success = 1.000 | Success 1000 = 0.865
I0502 15:55:15.242423 139555860620864 terminal.py:91] [Actor] Actor Episodes = 19278 | Actor Steps = 963900 | Delta Dist = 7.819 | Delta Dist 10 = 4.109 | Delta Dist 100 = 4.537 | Delta Dist 1000 = 4.239 | Episode Length = 50 | Episode Return = 49.0 | Evaluator Episodes = 4877 | Evaluator Steps = 243850 | Final Dist = 0.244 | Final Dist 10 = 1.096 | Final Dist 100 = 1.331 | Final Dist 1000 = 1.584 | Init Dist = 8.062 | Init Dist 10 = 5.204 | Init Dist 100 = 5.868 | Init Dist 1000 = 5.823 | Learner Steps = 14903 | Learner Walltime = 2938.103 | Min Dist = 0.132 | Min Dist 10 = 0.088 | Min Dist 100 = 0.426 | Min Dist 1000 = 0.264 | Steps Per Second = 85.432 | Success = 1.000 | Success 1000 = 0.986
I0502 15:55:15.758592 139579566835264 terminal.py:91] [Evaluator] Actor Episodes = 19283 | Actor Steps = 964150 | Delta Dist = 12.024 | Delta Dist 10 = 11.260 | Delta Dist 100 = 11.232 | Delta Dist 1000 = 10.985 | Episode Length = 50 | Episode Return = 17.0 | Evaluator Episodes = 4879 | Evaluator Steps = 243950 | Final Dist = 0.782 | Final Dist 10 = 1.546 | Final Dist 100 = 1.574 | Final Dist 1000 = 1.822 | Init Dist = 12.806 | Init Dist 10 = 12.806 | Init Dist 100 = 12.806 | Init Dist 1000 = 12.806 | Learner Steps = 14908 | Learner Walltime = 2939.336 | Min Dist = 0.159 | Min Dist 10 = 0.834 | Min Dist 100 = 0.861 | Min Dist 1000 = 1.091 | Steps Per Second = 80.866 | Success = 1.000 | Success 1000 = 0.865
I0502 15:55:16.902173 139579566835264 terminal.py:91] [Evaluator] Actor Episodes = 19291 | Actor Steps = 964550 | Delta Dist = 11.435 | Delta Dist 10 = 11.312 | Delta Dist 100 = 11.232 | Delta Dist 1000 = 10.992 | Episode Length = 50 | Episode Return = 8.0 | Evaluator Episodes = 4881 | Evaluator Steps = 244050 | Final Dist = 1.371 | Final Dist 10 = 1.494 | Final Dist 100 = 1.574 | Final Dist 1000 = 1.815 | Init Dist = 12.806 | Init Dist 10 = 12.806 | Init Dist 100 = 12.806 | Init Dist 1000 = 12.806 | Learner Steps = 14915 | Learner Walltime = 2940.543 | Min Dist = 0.018 | Min Dist 10 = 0.892 | Min Dist 100 = 0.859 | Min Dist 1000 = 1.084 | Steps Per Second = 88.989 | Success = 1.000 | Success 1000 = 0.866
I0502 15:55:17.915219 139557462840896 terminal.py:91] [Actor] Actor Episodes = 19299 | Actor Steps = 964950 | Delta Dist = 2.905 | Delta Dist 10 = 4.328 | Delta Dist 100 = 4.289 | Delta Dist 1000 = 4.234 | Episode Length = 50 | Episode Return = 38.0 | Evaluator Episodes = 4881 | Evaluator Steps = 244050 | Final Dist = 1.218 | Final Dist 10 = 1.625 | Final Dist 100 = 1.429 | Final Dist 1000 = 1.603 | Init Dist = 4.123 | Init Dist 10 = 5.953 | Init Dist 100 = 5.718 | Init Dist 1000 = 5.837 | Learner Steps = 14921 | Learner Walltime = 2941.636 | Min Dist = 0.042 | Min Dist 10 = 0.084 | Min Dist 100 = 0.469 | Min Dist 1000 = 0.270 | Steps Per Second = 85.387 | Success = 1.000 | Success 1000 = 0.986
I0502 15:55:18.074171 139579566835264 terminal.py:91] [Evaluator] Actor Episodes = 19299 | Actor Steps = 964950 | Delta Dist = 12.230 | Delta Dist 10 = 11.320 | Delta Dist 100 = 11.235 | Delta Dist 1000 = 10.999 | Episode Length = 50 | Episode Return = 20.0 | Evaluator Episodes = 4883 | Evaluator Steps = 244150 | Final Dist = 0.577 | Final Dist 10 = 1.486 | Final Dist 100 = 1.571 | Final Dist 1000 = 1.807 | Init Dist = 12.806 | Init Dist 10 = 12.806 | Init Dist 100 = 12.806 | Init Dist 1000 = 12.806 | Learner Steps = 14921 | Learner Walltime = 2941.636 | Min Dist = 0.143 | Min Dist 10 = 0.836 | Min Dist 100 = 0.836 | Min Dist 1000 = 1.077 | Steps Per Second = 82.876 | Success = 1.000 | Success 1000 = 0.867
I0502 15:55:19.131247 139579566835264 terminal.py:91] [Evaluator] Actor Episodes = 19307 | Actor Steps = 965350 | Delta Dist = 11.492 | Delta Dist 10 = 11.895 | Delta Dist 100 = 11.232 | Delta Dist 1000 = 11.000 | Episode Length = 50 | Episode Return = 24.0 | Evaluator Episodes = 4885 | Evaluator Steps = 244250 | Final Dist = 1.314 | Final Dist 10 = 0.911 | Final Dist 100 = 1.574 | Final Dist 1000 = 1.806 | Init Dist = 12.806 | Init Dist 10 = 12.806 | Init Dist 100 = 12.806 | Init Dist 1000 = 12.806 | Learner Steps = 14928 | Learner Walltime = 2942.869 | Min Dist = 0.148 | Min Dist 10 = 0.262 | Min Dist 100 = 0.840 | Min Dist 1000 = 1.078 | Steps Per Second = 92.171 | Success = 1.000 | Success 1000 = 0.867
I0502 15:55:20.367083 139584504182336 lp_utils.py:96] StepsLimiter: Reached 965750 recorded steps
I0502 15:55:20.374223 139579566835264 terminal.py:91] [Evaluator] Actor Episodes = 19315 | Actor Steps = 965750 | Delta Dist = 11.585 | Delta Dist 10 = 11.967 | Delta Dist 100 = 11.243 | Delta Dist 1000 = 11.001 | Episode Length = 50 | Episode Return = 25.0 | Evaluator Episodes = 4887 | Evaluator Steps = 244350 | Final Dist = 1.221 | Final Dist 10 = 0.839 | Final Dist 100 = 1.564 | Final Dist 1000 = 1.805 | Init Dist = 12.806 | Init Dist 10 = 12.806 | Init Dist 100 = 12.806 | Init Dist 1000 = 12.806 | Learner Steps = 14934 | Learner Walltime = 2943.971 | Min Dist = 0.176 | Min Dist 10 = 0.268 | Min Dist 100 = 0.843 | Min Dist 1000 = 1.078 | Steps Per Second = 84.500 | Success = 1.000 | Success 1000 = 0.867
I0502 15:55:21.329478 139558059398720 terminal.py:91] [Actor] Actor Episodes = 19320 | Actor Steps = 966000 | Delta Dist = 0.983 | Delta Dist 10 = 4.354 | Delta Dist 100 = 4.105 | Delta Dist 1000 = 4.218 | Episode Length = 50 | Episode Return = 30.0 | Evaluator Episodes = 4887 | Evaluator Steps = 244350 | Final Dist = 0.017 | Final Dist 10 = 1.485 | Final Dist 100 = 1.408 | Final Dist 1000 = 1.598 | Init Dist = 1.000 | Init Dist 10 = 5.838 | Init Dist 100 = 5.513 | Init Dist 1000 = 5.816 | Learner Steps = 14934 | Learner Walltime = 2943.971 | Min Dist = 0.017 | Min Dist 10 = 0.173 | Min Dist 100 = 0.392 | Min Dist 1000 = 0.272 | Steps Per Second = 100.643 | Success = 1.000 | Success 1000 = 0.986
I0502 15:55:21.486144 139579566835264 terminal.py:91] [Evaluator] Actor Episodes = 19323 | Actor Steps = 966150 | Delta Dist = 12.279 | Delta Dist 10 = 11.924 | Delta Dist 100 = 11.346 | Delta Dist 1000 = 11.000 | Episode Length = 50 | Episode Return = 14.0 | Evaluator Episodes = 4889 | Evaluator Steps = 244450 | Final Dist = 0.528 | Final Dist 10 = 0.882 | Final Dist 100 = 1.460 | Final Dist 1000 = 1.806 | Init Dist = 12.806 | Init Dist 10 = 12.806 | Init Dist 100 = 12.806 | Init Dist 1000 = 12.806 | Learner Steps = 14940 | Learner Walltime = 2945.134 | Min Dist = 0.193 | Min Dist 10 = 0.249 | Min Dist 100 = 0.740 | Min Dist 1000 = 1.078 | Steps Per Second = 91.412 | Success = 1.000 | Success 1000 = 0.867
I0502 15:55:22.680092 139579566835264 terminal.py:91] [Evaluator] Actor Episodes = 19331 | Actor Steps = 966550 | Delta Dist = 11.541 | Delta Dist 10 = 11.187 | Delta Dist 100 = 11.274 | Delta Dist 1000 = 11.002 | Episode Length = 50 | Episode Return = 1.0 | Evaluator Episodes = 4891 | Evaluator Steps = 244550 | Final Dist = 1.266 | Final Dist 10 = 1.619 | Final Dist 100 = 1.532 | Final Dist 1000 = 1.804 | Init Dist = 12.806 | Init Dist 10 = 12.806 | Init Dist 100 = 12.806 | Init Dist 1000 = 12.806 | Learner Steps = 14946 | Learner Walltime = 2946.181 | Min Dist = 0.315 | Min Dist 10 = 0.792 | Min Dist 100 = 0.793 | Min Dist 1000 = 1.074 | Steps Per Second = 84.566 | Success = 1.000 | Success 1000 = 0.867
I0502 15:55:23.564034 139555013154368 terminal.py:91] [Learner] Actor Episodes = 19333 | Actor Loss = 3.616718053817749 | Actor Steps = 966650 | Binary Accuracy = 0.9959850311279297 | Categorical Accuracy = 0.41558837890625 | Critic Loss = 1.9553344249725342 | Entropy Mean = -19.63922119140625 | Evaluator Episodes = 4891 | Evaluator Steps = 244550 | Learner Steps = 14954 | Learner Walltime = 2947.762 | Logits Neg = -16.101613998413086 | Logits Pos = -1.9334638118743896 | Logsumexp = 1.2423503398895264 | Steps Per Second = 171.325
I0502 15:55:23.732296 139579566835264 terminal.py:91] [Evaluator] Actor Episodes = 19339 | Actor Steps = 966950 | Delta Dist = 4.086 | Delta Dist 10 = 11.189 | Delta Dist 100 = 11.344 | Delta Dist 1000 = 11.001 | Episode Length = 50 | Episode Return = 0.0 | Evaluator Episodes = 4893 | Evaluator Steps = 244650 | Final Dist = 8.721 | Final Dist 10 = 1.617 | Final Dist 100 = 1.463 | Final Dist 1000 = 1.805 | Init Dist = 12.806 | Init Dist 10 = 12.806 | Init Dist 100 = 12.806 | Init Dist 1000 = 12.806 | Learner Steps = 14952 | Learner Walltime = 2947.203 | Min Dist = 7.043 | Min Dist 10 = 0.900 | Min Dist 100 = 0.734 | Min Dist 1000 = 1.075 | Steps Per Second = 92.531 | Success = 0.000 | Success 1000 = 0.867
I0502 15:55:24.576191 139569349502528 terminal.py:91] [Actor] Actor Episodes = 19345 | Actor Steps = 967250 | Delta Dist = 0.000 | Delta Dist 10 = 3.997 | Delta Dist 100 = 4.220 | Delta Dist 1000 = 4.258 | Episode Length = 50 | Episode Return = 8.0 | Evaluator Episodes = 4893 | Evaluator Steps = 244650 | Final Dist = 4.123 | Final Dist 10 = 0.995 | Final Dist 100 = 1.247 | Final Dist 1000 = 1.552 | Init Dist = 4.123 | Init Dist 10 = 4.992 | Init Dist 100 = 5.467 | Init Dist 1000 = 5.809 | Learner Steps = 14957 | Learner Walltime = 2948.277 | Min Dist = 4.123 | Min Dist 10 = 0.052 | Min Dist 100 = 0.252 | Min Dist 1000 = 0.269 | Steps Per Second = 78.208 | Success = 0.000 | Success 1000 = 0.986
I0502 15:55:24.888952 139579566835264 terminal.py:91] [Evaluator] Actor Episodes = 19345 | Actor Steps = 967250 | Delta Dist = 12.036 | Delta Dist 10 = 10.353 | Delta Dist 100 = 11.267 | Delta Dist 1000 = 11.011 | Episode Length = 50 | Episode Return = 32.0 | Evaluator Episodes = 4895 | Evaluator Steps = 244750 | Final Dist = 0.770 | Final Dist 10 = 2.453 | Final Dist 100 = 1.539 | Final Dist 1000 = 1.796 | Init Dist = 12.806 | Init Dist 10 = 12.806 | Init Dist 100 = 12.806 | Init Dist 1000 = 12.806 | Learner Steps = 14957 | Learner Walltime = 2948.277 | Min Dist = 0.109 | Min Dist 10 = 1.585 | Min Dist 100 = 0.798 | Min Dist 1000 = 1.064 | Steps Per Second = 82.566 | Success = 1.000 | Success 1000 = 0.868
I0502 15:55:25.717071 139555860620864 terminal.py:91] [Actor] Actor Episodes = 19350 | Actor Steps = 967500 | Delta Dist = 9.487 | Delta Dist 10 = 5.812 | Delta Dist 100 = 4.307 | Delta Dist 1000 = 4.286 | Episode Length = 50 | Episode Return = 25.0 | Evaluator Episodes = 4895 | Evaluator Steps = 244750 | Final Dist = 1.329 | Final Dist 10 = 1.104 | Final Dist 100 = 1.186 | Final Dist 1000 = 1.541 | Init Dist = 10.817 | Init Dist 10 = 6.916 | Init Dist 100 = 5.493 | Init Dist 1000 = 5.828 | Learner Steps = 14963 | Learner Walltime = 2949.315 | Min Dist = 0.039 | Min Dist 10 = 0.189 | Min Dist 100 = 0.171 | Min Dist 1000 = 0.269 | Steps Per Second = 88.688 | Success = 1.000 | Success 1000 = 0.985
I0502 15:55:26.049332 139579566835264 terminal.py:91] [Evaluator] Actor Episodes = 19353 | Actor Steps = 967650 | Delta Dist = 11.520 | Delta Dist 10 = 10.345 | Delta Dist 100 = 11.264 | Delta Dist 1000 = 11.011 | Episode Length = 50 | Episode Return = 17.0 | Evaluator Episodes = 4897 | Evaluator Steps = 244850 | Final Dist = 1.286 | Final Dist 10 = 2.461 | Final Dist 100 = 1.542 | Final Dist 1000 = 1.795 | Init Dist = 12.806 | Init Dist 10 = 12.806 | Init Dist 100 = 12.806 | Init Dist 1000 = 12.806 | Learner Steps = 14963 | Learner Walltime = 2949.315 | Min Dist = 0.179 | Min Dist 10 = 1.572 | Min Dist 100 = 0.799 | Min Dist 1000 = 1.064 | Steps Per Second = 88.135 | Success = 1.000 | Success 1000 = 0.868
I0502 15:55:27.249089 139579566835264 terminal.py:91] [Evaluator] Actor Episodes = 19361 | Actor Steps = 968050 | Delta Dist = 12.227 | Delta Dist 10 = 9.772 | Delta Dist 100 = 11.216 | Delta Dist 1000 = 11.007 | Episode Length = 50 | Episode Return = 13.0 | Evaluator Episodes = 4899 | Evaluator Steps = 244950 | Final Dist = 0.579 | Final Dist 10 = 3.035 | Final Dist 100 = 1.590 | Final Dist 1000 = 1.800 | Init Dist = 12.806 | Init Dist 10 = 12.806 | Init Dist 100 = 12.806 | Init Dist 1000 = 12.806 | Learner Steps = 14968 | Learner Walltime = 2950.451 | Min Dist = 0.175 | Min Dist 10 = 2.150 | Min Dist 100 = 0.853 | Min Dist 1000 = 1.069 | Steps Per Second = 77.954 | Success = 1.000 | Success 1000 = 0.867
I0502 15:55:27.958451 139557462840896 terminal.py:91] [Actor] Actor Episodes = 19364 | Actor Steps = 968200 | Delta Dist = 5.237 | Delta Dist 10 = 2.718 | Delta Dist 100 = 4.002 | Delta Dist 1000 = 4.299 | Episode Length = 50 | Episode Return = 40.0 | Evaluator Episodes = 4899 | Evaluator Steps = 244950 | Final Dist = 1.471 | Final Dist 10 = 1.450 | Final Dist 100 = 1.261 | Final Dist 1000 = 1.518 | Init Dist = 6.708 | Init Dist 10 = 4.168 | Init Dist 100 = 5.263 | Init Dist 1000 = 5.817 | Learner Steps = 14968 | Learner Walltime = 2950.451 | Min Dist = 0.059 | Min Dist 10 = 0.588 | Min Dist 100 = 0.223 | Min Dist 1000 = 0.256 | Steps Per Second = 82.467 | Success = 1.000 | Success 1000 = 0.985
I0502 15:55:28.453534 139579566835264 terminal.py:91] [Evaluator] Actor Episodes = 19369 | Actor Steps = 968450 | Delta Dist = 11.554 | Delta Dist 10 = 10.604 | Delta Dist 100 = 11.227 | Delta Dist 1000 = 11.019 | Episode Length = 50 | Episode Return = 28.0 | Evaluator Episodes = 4901 | Evaluator Steps = 245050 | Final Dist = 1.252 | Final Dist 10 = 2.202 | Final Dist 100 = 1.580 | Final Dist 1000 = 1.788 | Init Dist = 12.806 | Init Dist 10 = 12.806 | Init Dist 100 = 12.806 | Init Dist 1000 = 12.806 | Learner Steps = 14975 | Learner Walltime = 2951.720 | Min Dist = 0.128 | Min Dist 10 = 1.563 | Min Dist 100 = 0.855 | Min Dist 1000 = 1.059 | Steps Per Second = 86.455 | Success = 1.000 | Success 1000 = 0.868
I0502 15:55:29.597494 139579566835264 terminal.py:91] [Evaluator] Actor Episodes = 19377 | Actor Steps = 968850 | Delta Dist = 11.811 | Delta Dist 10 = 10.583 | Delta Dist 100 = 11.221 | Delta Dist 1000 = 11.029 | Episode Length = 50 | Episode Return = 26.0 | Evaluator Episodes = 4903 | Evaluator Steps = 245150 | Final Dist = 0.995 | Final Dist 10 = 2.223 | Final Dist 100 = 1.585 | Final Dist 1000 = 1.777 | Init Dist = 12.806 | Init Dist 10 = 12.806 | Init Dist 100 = 12.806 | Init Dist 1000 = 12.806 | Learner Steps = 14981 | Learner Walltime = 2952.991 | Min Dist = 0.124 | Min Dist 10 = 1.464 | Min Dist 100 = 0.854 | Min Dist 1000 = 1.046 | Steps Per Second = 87.904 | Success = 1.000 | Success 1000 = 0.870
I0502 15:55:30.382125 139584504182336 lp_utils.py:96] StepsLimiter: Reached 969050 recorded steps
I0502 15:55:30.812063 139579566835264 terminal.py:91] [Evaluator] Actor Episodes = 19385 | Actor Steps = 969250 | Delta Dist = 11.418 | Delta Dist 10 = 11.336 | Delta Dist 100 = 11.220 | Delta Dist 1000 = 11.028 | Episode Length = 50 | Episode Return = 9.0 | Evaluator Episodes = 4905 | Evaluator Steps = 245250 | Final Dist = 1.388 | Final Dist 10 = 1.471 | Final Dist 100 = 1.586 | Final Dist 1000 = 1.779 | Init Dist = 12.806 | Init Dist 10 = 12.806 | Init Dist 100 = 12.806 | Init Dist 1000 = 12.806 | Learner Steps = 14986 | Learner Walltime = 2954.068 | Min Dist = 0.319 | Min Dist 10 = 0.756 | Min Dist 100 = 0.847 | Min Dist 1000 = 1.046 | Steps Per Second = 82.073 | Success = 1.000 | Success 1000 = 0.870
I0502 15:55:31.634826 139558059398720 terminal.py:91] [Actor] Actor Episodes = 19391 | Actor Steps = 969550 | Delta Dist = 3.694 | Delta Dist 10 = 5.267 | Delta Dist 100 = 4.139 | Delta Dist 1000 = 4.266 | Episode Length = 50 | Episode Return = 17.0 | Evaluator Episodes = 4905 | Evaluator Steps = 245250 | Final Dist = 0.430 | Final Dist 10 = 2.528 | Final Dist 100 = 1.330 | Final Dist 1000 = 1.528 | Init Dist = 4.123 | Init Dist 10 = 7.795 | Init Dist 100 = 5.468 | Init Dist 1000 = 5.793 | Learner Steps = 14993 | Learner Walltime = 2955.349 | Min Dist = 0.049 | Min Dist 10 = 0.073 | Min Dist 100 = 0.162 | Min Dist 1000 = 0.255 | Steps Per Second = 81.098 | Success = 1.000 | Success 1000 = 0.985
I0502 15:55:32.019099 139579566835264 terminal.py:91] [Evaluator] Actor Episodes = 19393 | Actor Steps = 969650 | Delta Dist = 3.968 | Delta Dist 10 = 11.231 | Delta Dist 100 = 11.208 | Delta Dist 1000 = 11.034 | Episode Length = 50 | Episode Return = 0.0 | Evaluator Episodes = 4907 | Evaluator Steps = 245350 | Final Dist = 8.838 | Final Dist 10 = 1.575 | Final Dist 100 = 1.598 | Final Dist 1000 = 1.773 | Init Dist = 12.806 | Init Dist 10 = 12.806 | Init Dist 100 = 12.806 | Init Dist 1000 = 12.806 | Learner Steps = 14993 | Learner Walltime = 2955.349 | Min Dist = 6.843 | Min Dist 10 = 0.892 | Min Dist 100 = 0.859 | Min Dist 1000 = 1.041 | Steps Per Second = 86.828 | Success = 0.000 | Success 1000 = 0.870
I0502 15:55:33.176894 139579566835264 terminal.py:91] [Evaluator] Actor Episodes = 19402 | Actor Steps = 970100 | Delta Dist = 11.631 | Delta Dist 10 = 10.208 | Delta Dist 100 = 11.044 | Delta Dist 1000 = 11.024 | Episode Length = 50 | Episode Return = 26.0 | Evaluator Episodes = 4909 | Evaluator Steps = 245450 | Final Dist = 1.175 | Final Dist 10 = 2.598 | Final Dist 100 = 1.762 | Final Dist 1000 = 1.782 | Init Dist = 12.806 | Init Dist 10 = 12.806 | Init Dist 100 = 12.806 | Init Dist 1000 = 12.806 | Learner Steps = 15000 | Learner Walltime = 2956.492 | Min Dist = 0.083 | Min Dist 10 = 1.650 | Min Dist 100 = 0.991 | Min Dist 1000 = 1.048 | Steps Per Second = 81.122 | Success = 1.000 | Success 1000 = 0.869
I0502 15:55:33.679768 139555013154368 terminal.py:91] [Learner] Actor Episodes = 19402 | Actor Loss = 3.5508487224578857 | Actor Steps = 970100 | Binary Accuracy = 0.9959900379180908 | Categorical Accuracy = 0.4227294921875 | Critic Loss = 1.958536148071289 | Entropy Mean = -19.411373138427734 | Evaluator Episodes = 4909 | Evaluator Steps = 245450 | Learner Steps = 15007 | Learner Walltime = 2957.872 | Logits Neg = -15.94314956665039 | Logits Pos = -1.9259796142578125 | Logsumexp = 1.3375380039215088 | Steps Per Second = 559.095
I0502 15:55:34.501783 139579566835264 terminal.py:91] [Evaluator] Actor Episodes = 19410 | Actor Steps = 970500 | Delta Dist = 12.586 | Delta Dist 10 = 10.111 | Delta Dist 100 = 11.057 | Delta Dist 1000 = 11.035 | Episode Length = 50 | Episode Return = 22.0 | Evaluator Episodes = 4911 | Evaluator Steps = 245550 | Final Dist = 0.220 | Final Dist 10 = 2.696 | Final Dist 100 = 1.749 | Final Dist 1000 = 1.771 | Init Dist = 12.806 | Init Dist 10 = 12.806 | Init Dist 100 = 12.806 | Init Dist 1000 = 12.806 | Learner Steps = 15006 | Learner Walltime = 2957.758 | Min Dist = 0.054 | Min Dist 10 = 1.629 | Min Dist 100 = 0.967 | Min Dist 1000 = 1.038 | Steps Per Second = 70.309 | Success = 1.000 | Success 1000 = 0.870
I0502 15:55:34.973687 139569349502528 terminal.py:91] [Actor] Actor Episodes = 19411 | Actor Steps = 970550 | Delta Dist = 3.167 | Delta Dist 10 = 3.570 | Delta Dist 100 = 4.207 | Delta Dist 1000 = 4.223 | Episode Length = 50 | Episode Return = 31.0 | Evaluator Episodes = 4909 | Evaluator Steps = 245450 | Final Dist = 1.076 | Final Dist 10 = 1.218 | Final Dist 100 = 1.204 | Final Dist 1000 = 1.528 | Init Dist = 4.243 | Init Dist 10 = 4.788 | Init Dist 100 = 5.411 | Init Dist 1000 = 5.752 | Learner Steps = 15006 | Learner Walltime = 2957.758 | Min Dist = 0.016 | Min Dist 10 = 0.102 | Min Dist 100 = 0.142 | Min Dist 1000 = 0.251 | Steps Per Second = 68.983 | Success = 1.000 | Success 1000 = 0.985
I0502 15:55:35.624829 139579566835264 terminal.py:91] [Evaluator] Actor Episodes = 19418 | Actor Steps = 970900 | Delta Dist = 11.868 | Delta Dist 10 = 10.211 | Delta Dist 100 = 11.125 | Delta Dist 1000 = 11.036 | Episode Length = 50 | Episode Return = 33.0 | Evaluator Episodes = 4913 | Evaluator Steps = 245650 | Final Dist = 0.939 | Final Dist 10 = 2.596 | Final Dist 100 = 1.681 | Final Dist 1000 = 1.771 | Init Dist = 12.806 | Init Dist 10 = 12.806 | Init Dist 100 = 12.806 | Init Dist 1000 = 12.806 | Learner Steps = 15011 | Learner Walltime = 2958.994 | Min Dist = 0.158 | Min Dist 10 = 1.685 | Min Dist 100 = 0.901 | Min Dist 1000 = 1.038 | Steps Per Second = 92.230 | Success = 1.000 | Success 1000 = 0.870
I0502 15:55:35.865743 139555860620864 terminal.py:91] [Actor] Actor Episodes = 19415 | Actor Steps = 970750 | Delta Dist = 1.534 | Delta Dist 10 = 2.463 | Delta Dist 100 = 4.041 | Delta Dist 1000 = 4.214 | Episode Length = 50 | Episode Return = 37.0 | Evaluator Episodes = 4911 | Evaluator Steps = 245550 | Final Dist = 1.294 | Final Dist 10 = 1.976 | Final Dist 100 = 1.185 | Final Dist 1000 = 1.530 | Init Dist = 2.828 | Init Dist 10 = 4.439 | Init Dist 100 = 5.227 | Init Dist 1000 = 5.744 | Learner Steps = 15011 | Learner Walltime = 2958.994 | Min Dist = 0.012 | Min Dist 10 = 0.110 | Min Dist 100 = 0.139 | Min Dist 1000 = 0.247 | Steps Per Second = 89.161 | Success = 1.000 | Success 1000 = 0.985
I0502 15:55:36.772747 139579566835264 terminal.py:91] [Evaluator] Actor Episodes = 19426 | Actor Steps = 971300 | Delta Dist = 11.503 | Delta Dist 10 = 10.303 | Delta Dist 100 = 11.125 | Delta Dist 1000 = 11.047 | Episode Length = 50 | Episode Return = 15.0 | Evaluator Episodes = 4915 | Evaluator Steps = 245750 | Final Dist = 1.304 | Final Dist 10 = 2.503 | Final Dist 100 = 1.682 | Final Dist 1000 = 1.760 | Init Dist = 12.806 | Init Dist 10 = 12.806 | Init Dist 100 = 12.806 | Init Dist 1000 = 12.806 | Learner Steps = 15018 | Learner Walltime = 2960.166 | Min Dist = 0.083 | Min Dist 10 = 1.705 | Min Dist 100 = 0.901 | Min Dist 1000 = 1.027 | Steps Per Second = 87.762 | Success = 1.000 | Success 1000 = 0.871
I0502 15:55:37.940979 139579566835264 terminal.py:91] [Evaluator] Actor Episodes = 19434 | Actor Steps = 971700 | Delta Dist = 11.233 | Delta Dist 10 = 10.299 | Delta Dist 100 = 11.118 | Delta Dist 1000 = 11.045 | Episode Length = 50 | Episode Return = 5.0 | Evaluator Episodes = 4917 | Evaluator Steps = 245850 | Final Dist = 1.574 | Final Dist 10 = 2.507 | Final Dist 100 = 1.688 | Final Dist 1000 = 1.761 | Init Dist = 12.806 | Init Dist 10 = 12.806 | Init Dist 100 = 12.806 | Init Dist 1000 = 12.806 | Learner Steps = 15025 | Learner Walltime = 2961.452 | Min Dist = 0.939 | Min Dist 10 = 1.565 | Min Dist 100 = 0.902 | Min Dist 1000 = 1.028 | Steps Per Second = 90.315 | Success = 1.000 | Success 1000 = 0.871
I0502 15:55:38.271170 139557462840896 terminal.py:91] [Actor] Actor Episodes = 19436 | Actor Steps = 971800 | Delta Dist = 4.264 | Delta Dist 10 = 4.804 | Delta Dist 100 = 3.972 | Delta Dist 1000 = 4.226 | Episode Length = 50 | Episode Return = 10.0 | Evaluator Episodes = 4917 | Evaluator Steps = 245850 | Final Dist = 0.736 | Final Dist 10 = 1.417 | Final Dist 100 = 1.326 | Final Dist 1000 = 1.523 | Init Dist = 5.000 | Init Dist 10 = 6.221 | Init Dist 100 = 5.298 | Init Dist 1000 = 5.748 | Learner Steps = 15025 | Learner Walltime = 2961.452 | Min Dist = 0.017 | Min Dist 10 = 0.488 | Min Dist 100 = 0.183 | Min Dist 1000 = 0.251 | Steps Per Second = 96.225 | Success = 1.000 | Success 1000 = 0.984
I0502 15:55:39.079825 139579566835264 terminal.py:91] [Evaluator] Actor Episodes = 19440 | Actor Steps = 972000 | Delta Dist = 11.497 | Delta Dist 10 = 11.790 | Delta Dist 100 = 11.107 | Delta Dist 1000 = 11.044 | Episode Length = 50 | Episode Return = 21.0 | Evaluator Episodes = 4919 | Evaluator Steps = 245950 | Final Dist = 1.310 | Final Dist 10 = 1.016 | Final Dist 100 = 1.699 | Final Dist 1000 = 1.762 | Init Dist = 12.806 | Init Dist 10 = 12.806 | Init Dist 100 = 12.806 | Init Dist 1000 = 12.806 | Learner Steps = 15031 | Learner Walltime = 2962.592 | Min Dist = 0.204 | Min Dist 10 = 0.317 | Min Dist 100 = 0.909 | Min Dist 1000 = 1.029 | Steps Per Second = 91.104 | Success = 1.000 | Success 1000 = 0.871
I0502 15:55:40.261022 139579566835264 terminal.py:91] [Evaluator] Actor Episodes = 19448 | Actor Steps = 972400 | Delta Dist = 12.489 | Delta Dist 10 = 11.762 | Delta Dist 100 = 11.104 | Delta Dist 1000 = 11.055 | Episode Length = 50 | Episode Return = 5.0 | Evaluator Episodes = 4921 | Evaluator Steps = 246050 | Final Dist = 0.317 | Final Dist 10 = 1.044 | Final Dist 100 = 1.702 | Final Dist 1000 = 1.751 | Init Dist = 12.806 | Init Dist 10 = 12.806 | Init Dist 100 = 12.806 | Init Dist 1000 = 12.806 | Learner Steps = 15037 | Learner Walltime = 2963.722 | Min Dist = 0.317 | Min Dist 10 = 0.332 | Min Dist 100 = 0.910 | Min Dist 1000 = 1.018 | Steps Per Second = 91.855 | Success = 1.000 | Success 1000 = 0.872
I0502 15:55:40.400461 139584504182336 lp_utils.py:96] StepsLimiter: Reached 972500 recorded steps
I0502 15:55:41.359353 139579566835264 terminal.py:91] [Evaluator] Actor Episodes = 19456 | Actor Steps = 972800 | Delta Dist = 12.286 | Delta Dist 10 = 11.722 | Delta Dist 100 = 11.105 | Delta Dist 1000 = 11.056 | Episode Length = 50 | Episode Return = 17.0 | Evaluator Episodes = 4923 | Evaluator Steps = 246150 | Final Dist = 0.520 | Final Dist 10 = 1.084 | Final Dist 100 = 1.701 | Final Dist 1000 = 1.751 | Init Dist = 12.806 | Init Dist 10 = 12.806 | Init Dist 100 = 12.806 | Init Dist 1000 = 12.806 | Learner Steps = 15043 | Learner Walltime = 2964.893 | Min Dist = 0.297 | Min Dist 10 = 0.301 | Min Dist 100 = 0.909 | Min Dist 1000 = 1.018 | Steps Per Second = 89.452 | Success = 1.000 | Success 1000 = 0.872
I0502 15:55:41.913263 139558059398720 terminal.py:91] [Actor] Actor Episodes = 19457 | Actor Steps = 972850 | Delta Dist = 3.226 | Delta Dist 10 = 5.001 | Delta Dist 100 = 3.906 | Delta Dist 1000 = 4.241 | Episode Length = 50 | Episode Return = 0.0 | Evaluator Episodes = 4921 | Evaluator Steps = 246050 | Final Dist = 5.774 | Final Dist 10 = 1.021 | Final Dist 100 = 1.453 | Final Dist 1000 = 1.503 | Init Dist = 9.000 | Init Dist 10 = 6.022 | Init Dist 100 = 5.359 | Init Dist 1000 = 5.743 | Learner Steps = 15043 | Learner Walltime = 2964.893 | Min Dist = 0.024 | Min Dist 10 = 0.099 | Min Dist 100 = 0.138 | Min Dist 1000 = 0.252 | Steps Per Second = 85.118 | Success = 1.000 | Success 1000 = 0.983
I0502 15:55:42.515268 139579566835264 terminal.py:91] [Evaluator] Actor Episodes = 19464 | Actor Steps = 973200 | Delta Dist = 5.167 | Delta Dist 10 = 11.711 | Delta Dist 100 = 11.118 | Delta Dist 1000 = 11.063 | Episode Length = 50 | Episode Return = 0.0 | Evaluator Episodes = 4925 | Evaluator Steps = 246250 | Final Dist = 7.639 | Final Dist 10 = 1.095 | Final Dist 100 = 1.688 | Final Dist 1000 = 1.743 | Init Dist = 12.806 | Init Dist 10 = 12.806 | Init Dist 100 = 12.806 | Init Dist 1000 = 12.806 | Learner Steps = 15050 | Learner Walltime = 2965.959 | Min Dist = 6.253 | Min Dist 10 = 0.298 | Min Dist 100 = 0.911 | Min Dist 1000 = 1.011 | Steps Per Second = 82.503 | Success = 0.000 | Success 1000 = 0.873
I0502 15:55:43.718078 139555013154368 terminal.py:91] [Learner] Actor Episodes = 19468 | Actor Loss = 3.533280372619629 | Actor Steps = 973400 | Binary Accuracy = 0.9959657192230225 | Categorical Accuracy = 0.4073486328125 | Critic Loss = 1.9450719356536865 | Entropy Mean = -18.58557891845703 | Evaluator Episodes = 4925 | Evaluator Steps = 246250 | Learner Steps = 15059 | Learner Walltime = 2967.908 | Logits Neg = -15.9774169921875 | Logits Pos = -1.9180927276611328 | Logsumexp = 1.2254149913787842 | Steps Per Second = 223.694
I0502 15:55:43.821571 139579566835264 terminal.py:91] [Evaluator] Actor Episodes = 19470 | Actor Steps = 973500 | Delta Dist = 12.607 | Delta Dist 10 = 10.395 | Delta Dist 100 = 10.984 | Delta Dist 1000 = 11.049 | Episode Length = 50 | Episode Return = 2.0 | Evaluator Episodes = 4927 | Evaluator Steps = 246350 | Final Dist = 0.199 | Final Dist 10 = 2.412 | Final Dist 100 = 1.822 | Final Dist 1000 = 1.758 | Init Dist = 12.806 | Init Dist 10 = 12.806 | Init Dist 100 = 12.806 | Init Dist 1000 = 12.806 | Learner Steps = 15055 | Learner Walltime = 2967.024 | Min Dist = 0.199 | Min Dist 10 = 1.630 | Min Dist 100 = 1.040 | Min Dist 1000 = 1.024 | Steps Per Second = 69.245 | Success = 1.000 | Success 1000 = 0.871
I0502 15:55:44.987541 139579566835264 terminal.py:91] [Evaluator] Actor Episodes = 19478 | Actor Steps = 973900 | Delta Dist = 12.019 | Delta Dist 10 = 10.597 | Delta Dist 100 = 10.987 | Delta Dist 1000 = 11.061 | Episode Length = 50 | Episode Return = 4.0 | Evaluator Episodes = 4929 | Evaluator Steps = 246450 | Final Dist = 0.787 | Final Dist 10 = 2.209 | Final Dist 100 = 1.820 | Final Dist 1000 = 1.746 | Init Dist = 12.806 | Init Dist 10 = 12.806 | Init Dist 100 = 12.806 | Init Dist 1000 = 12.806 | Learner Steps = 15060 | Learner Walltime = 2968.135 | Min Dist = 0.378 | Min Dist 10 = 1.552 | Min Dist 100 = 1.042 | Min Dist 1000 = 1.013 | Steps Per Second = 87.944 | Success = 1.000 | Success 1000 = 0.872
I0502 15:55:45.082181 139569349502528 terminal.py:91] [Actor] Actor Episodes = 19482 | Actor Steps = 974100 | Delta Dist = 8.968 | Delta Dist 10 = 5.122 | Delta Dist 100 = 4.245 | Delta Dist 1000 = 4.241 | Episode Length = 50 | Episode Return = 35.0 | Evaluator Episodes = 4929 | Evaluator Steps = 246450 | Final Dist = 0.087 | Final Dist 10 = 1.437 | Final Dist 100 = 1.425 | Final Dist 1000 = 1.506 | Init Dist = 9.055 | Init Dist 10 = 6.559 | Init Dist 100 = 5.670 | Init Dist 1000 = 5.747 | Learner Steps = 15065 | Learner Walltime = 2969.212 | Min Dist = 0.087 | Min Dist 10 = 0.066 | Min Dist 100 = 0.134 | Min Dist 1000 = 0.252 | Steps Per Second = 103.482 | Success = 1.000 | Success 1000 = 0.983
I0502 15:55:46.164629 139555860620864 terminal.py:91] [Actor] Actor Episodes = 19488 | Actor Steps = 974400 | Delta Dist = 4.319 | Delta Dist 10 = 2.809 | Delta Dist 100 = 4.068 | Delta Dist 1000 = 4.228 | Episode Length = 50 | Episode Return = 20.0 | Evaluator Episodes = 4929 | Evaluator Steps = 246450 | Final Dist = 0.681 | Final Dist 10 = 2.854 | Final Dist 100 = 1.555 | Final Dist 1000 = 1.521 | Init Dist = 5.000 | Init Dist 10 = 5.663 | Init Dist 100 = 5.623 | Init Dist 1000 = 5.748 | Learner Steps = 15065 | Learner Walltime = 2969.212 | Min Dist = 0.366 | Min Dist 10 = 0.143 | Min Dist 100 = 0.141 | Min Dist 1000 = 0.252 | Steps Per Second = 81.090 | Success = 1.000 | Success 1000 = 0.983
I0502 15:55:46.180966 139579566835264 terminal.py:91] [Evaluator] Actor Episodes = 19488 | Actor Steps = 974400 | Delta Dist = 12.488 | Delta Dist 10 = 10.701 | Delta Dist 100 = 10.998 | Delta Dist 1000 = 11.061 | Episode Length = 50 | Episode Return = 13.0 | Evaluator Episodes = 4931 | Evaluator Steps = 246550 | Final Dist = 0.318 | Final Dist 10 = 2.105 | Final Dist 100 = 1.809 | Final Dist 1000 = 1.745 | Init Dist = 12.806 | Init Dist 10 = 12.806 | Init Dist 100 = 12.806 | Init Dist 1000 = 12.806 | Learner Steps = 15065 | Learner Walltime = 2969.212 | Min Dist = 0.258 | Min Dist 10 = 1.578 | Min Dist 100 = 1.044 | Min Dist 1000 = 1.014 | Steps Per Second = 80.981 | Success = 1.000 | Success 1000 = 0.872
I0502 15:55:47.289935 139579566835264 terminal.py:91] [Evaluator] Actor Episodes = 19492 | Actor Steps = 974600 | Delta Dist = 12.156 | Delta Dist 10 = 10.730 | Delta Dist 100 = 11.005 | Delta Dist 1000 = 11.060 | Episode Length = 50 | Episode Return = 3.0 | Evaluator Episodes = 4933 | Evaluator Steps = 246650 | Final Dist = 0.650 | Final Dist 10 = 2.077 | Final Dist 100 = 1.801 | Final Dist 1000 = 1.746 | Init Dist = 12.806 | Init Dist 10 = 12.806 | Init Dist 100 = 12.806 | Init Dist 1000 = 12.806 | Learner Steps = 15072 | Learner Walltime = 2970.451 | Min Dist = 0.564 | Min Dist 10 = 1.583 | Min Dist 100 = 1.046 | Min Dist 1000 = 1.014 | Steps Per Second = 91.281 | Success = 1.000 | Success 1000 = 0.872
I0502 15:55:48.419383 139579566835264 terminal.py:91] [Evaluator] Actor Episodes = 19500 | Actor Steps = 975000 | Delta Dist = 12.049 | Delta Dist 10 = 10.680 | Delta Dist 100 = 11.005 | Delta Dist 1000 = 11.061 | Episode Length = 50 | Episode Return = 7.0 | Evaluator Episodes = 4935 | Evaluator Steps = 246750 | Final Dist = 0.757 | Final Dist 10 = 2.126 | Final Dist 100 = 1.801 | Final Dist 1000 = 1.745 | Init Dist = 12.806 | Init Dist 10 = 12.806 | Init Dist 100 = 12.806 | Init Dist 1000 = 12.806 | Learner Steps = 15078 | Learner Walltime = 2971.643 | Min Dist = 0.129 | Min Dist 10 = 1.608 | Min Dist 100 = 1.050 | Min Dist 1000 = 1.014 | Steps Per Second = 89.354 | Success = 1.000 | Success 1000 = 0.872
I0502 15:55:48.553188 139557462840896 terminal.py:91] [Actor] Actor Episodes = 19504 | Actor Steps = 975200 | Delta Dist = 1.294 | Delta Dist 10 = 3.085 | Delta Dist 100 = 4.084 | Delta Dist 1000 = 4.236 | Episode Length = 50 | Episode Return = 41.0 | Evaluator Episodes = 4935 | Evaluator Steps = 246750 | Final Dist = 3.179 | Final Dist 10 = 1.550 | Final Dist 100 = 1.538 | Final Dist 1000 = 1.509 | Init Dist = 4.472 | Init Dist 10 = 4.635 | Init Dist 100 = 5.622 | Init Dist 1000 = 5.746 | Learner Steps = 15078 | Learner Walltime = 2971.643 | Min Dist = 0.732 | Min Dist 10 = 0.204 | Min Dist 100 = 0.161 | Min Dist 1000 = 0.250 | Steps Per Second = 81.264 | Success = 1.000 | Success 1000 = 0.982
I0502 15:55:49.516494 139579566835264 terminal.py:91] [Evaluator] Actor Episodes = 19508 | Actor Steps = 975400 | Delta Dist = 12.356 | Delta Dist 10 = 12.108 | Delta Dist 100 = 11.004 | Delta Dist 1000 = 11.062 | Episode Length = 50 | Episode Return = 20.0 | Evaluator Episodes = 4937 | Evaluator Steps = 246850 | Final Dist = 0.450 | Final Dist 10 = 0.698 | Final Dist 100 = 1.803 | Final Dist 1000 = 1.744 | Init Dist = 12.806 | Init Dist 10 = 12.806 | Init Dist 100 = 12.806 | Init Dist 1000 = 12.806 | Learner Steps = 15084 | Learner Walltime = 2972.848 | Min Dist = 0.450 | Min Dist 10 = 0.289 | Min Dist 100 = 1.050 | Min Dist 1000 = 1.014 | Steps Per Second = 95.559 | Success = 1.000 | Success 1000 = 0.872
I0502 15:55:50.413494 139584504182336 lp_utils.py:96] StepsLimiter: Reached 975800 recorded steps
I0502 15:55:50.425016 139584635659840 savers.py:156] Saving checkpoint: logs/contrastive_cpc_point_FourRooms_64/5dd72662-2788-11f0-b183-d85ed38c5779/checkpoints/counter
I0502 15:55:50.494440 139583350109760 savers.py:156] Saving checkpoint: logs/contrastive_cpc_point_FourRooms_64/5dd72662-2788-11f0-b183-d85ed38c5779/checkpoints/learner
I0502 15:55:50.793289 139579566835264 terminal.py:91] [Evaluator] Actor Episodes = 19516 | Actor Steps = 975800 | Delta Dist = 12.199 | Delta Dist 10 = 12.087 | Delta Dist 100 = 11.011 | Delta Dist 1000 = 11.064 | Episode Length = 50 | Episode Return = 19.0 | Evaluator Episodes = 4939 | Evaluator Steps = 246950 | Final Dist = 0.607 | Final Dist 10 = 0.719 | Final Dist 100 = 1.796 | Final Dist 1000 = 1.742 | Init Dist = 12.806 | Init Dist 10 = 12.806 | Init Dist 100 = 12.806 | Init Dist 1000 = 12.806 | Learner Steps = 15091 | Learner Walltime = 2974.081 | Min Dist = 0.165 | Min Dist 10 = 0.309 | Min Dist 100 = 1.054 | Min Dist 1000 = 1.013 | Steps Per Second = 75.948 | Success = 1.000 | Success 1000 = 0.872
I0502 15:55:52.076256 139579566835264 terminal.py:91] [Evaluator] Actor Episodes = 19524 | Actor Steps = 976200 | Delta Dist = 11.263 | Delta Dist 10 = 11.991 | Delta Dist 100 = 11.016 | Delta Dist 1000 = 11.076 | Episode Length = 50 | Episode Return = 7.0 | Evaluator Episodes = 4941 | Evaluator Steps = 247050 | Final Dist = 1.543 | Final Dist 10 = 0.815 | Final Dist 100 = 1.790 | Final Dist 1000 = 1.731 | Init Dist = 12.806 | Init Dist 10 = 12.806 | Init Dist 100 = 12.806 | Init Dist 1000 = 12.806 | Learner Steps = 15094 | Learner Walltime = 2975.189 | Min Dist = 0.044 | Min Dist 10 = 0.384 | Min Dist 100 = 1.061 | Min Dist 1000 = 1.002 | Steps Per Second = 76.175 | Success = 1.000 | Success 1000 = 0.873
I0502 15:55:52.422715 139558059398720 terminal.py:91] [Actor] Actor Episodes = 19532 | Actor Steps = 976600 | Delta Dist = 0.495 | Delta Dist 10 = 4.186 | Delta Dist 100 = 3.994 | Delta Dist 1000 = 4.223 | Episode Length = 50 | Episode Return = 47.0 | Evaluator Episodes = 4941 | Evaluator Steps = 247050 | Final Dist = 0.919 | Final Dist 10 = 1.018 | Final Dist 100 = 1.735 | Final Dist 1000 = 1.515 | Init Dist = 1.414 | Init Dist 10 = 5.204 | Init Dist 100 = 5.729 | Init Dist 1000 = 5.738 | Learner Steps = 15103 | Learner Walltime = 2976.549 | Min Dist = 0.454 | Min Dist 10 = 0.155 | Min Dist 100 = 0.345 | Min Dist 1000 = 0.263 | Steps Per Second = 82.484 | Success = 1.000 | Success 1000 = 0.980
I0502 15:55:53.305186 139579566835264 terminal.py:91] [Evaluator] Actor Episodes = 19532 | Actor Steps = 976600 | Delta Dist = 11.694 | Delta Dist 10 = 11.947 | Delta Dist 100 = 11.011 | Delta Dist 1000 = 11.075 | Episode Length = 50 | Episode Return = 25.0 | Evaluator Episodes = 4943 | Evaluator Steps = 247150 | Final Dist = 1.113 | Final Dist 10 = 0.860 | Final Dist 100 = 1.795 | Final Dist 1000 = 1.731 | Init Dist = 12.806 | Init Dist 10 = 12.806 | Init Dist 100 = 12.806 | Init Dist 1000 = 12.806 | Learner Steps = 15103 | Learner Walltime = 2976.549 | Min Dist = 0.157 | Min Dist 10 = 0.347 | Min Dist 100 = 1.060 | Min Dist 1000 = 1.001 | Steps Per Second = 84.765 | Success = 1.000 | Success 1000 = 0.873
I0502 15:55:54.217523 139555013154368 terminal.py:91] [Learner] Actor Episodes = 19536 | Actor Loss = 3.4641411304473877 | Actor Steps = 976800 | Binary Accuracy = 0.9960460662841797 | Categorical Accuracy = 0.4217529296875 | Critic Loss = 1.971083402633667 | Entropy Mean = -17.546363830566406 | Evaluator Episodes = 4943 | Evaluator Steps = 247150 | Learner Steps = 15111 | Learner Walltime = 2978.406 | Logits Neg = -15.98376178741455 | Logits Pos = -1.9432909488677979 | Logsumexp = 1.2369105815887451 | Steps Per Second = 122.651
I0502 15:55:54.384309 139579566835264 terminal.py:91] [Evaluator] Actor Episodes = 19540 | Actor Steps = 977000 | Delta Dist = 11.527 | Delta Dist 10 = 11.892 | Delta Dist 100 = 11.011 | Delta Dist 1000 = 11.074 | Episode Length = 50 | Episode Return = 10.0 | Evaluator Episodes = 4945 | Evaluator Steps = 247250 | Final Dist = 1.279 | Final Dist 10 = 0.914 | Final Dist 100 = 1.795 | Final Dist 1000 = 1.732 | Init Dist = 12.806 | Init Dist 10 = 12.806 | Init Dist 100 = 12.806 | Init Dist 1000 = 12.806 | Learner Steps = 15109 | Learner Walltime = 2977.824 | Min Dist = 0.222 | Min Dist 10 = 0.379 | Min Dist 100 = 1.062 | Min Dist 1000 = 1.002 | Steps Per Second = 87.439 | Success = 1.000 | Success 1000 = 0.873
I0502 15:55:55.370778 139569349502528 terminal.py:91] [Actor] Actor Episodes = 19545 | Actor Steps = 977250 | Delta Dist = 4.083 | Delta Dist 10 = 3.520 | Delta Dist 100 = 3.970 | Delta Dist 1000 = 4.227 | Episode Length = 50 | Episode Return = 40.0 | Evaluator Episodes = 4945 | Evaluator Steps = 247250 | Final Dist = 0.159 | Final Dist 10 = 1.208 | Final Dist 100 = 1.718 | Final Dist 1000 = 1.495 | Init Dist = 4.243 | Init Dist 10 = 4.728 | Init Dist 100 = 5.688 | Init Dist 1000 = 5.722 | Learner Steps = 15109 | Learner Walltime = 2977.824 | Min Dist = 0.024 | Min Dist 10 = 0.217 | Min Dist 100 = 0.399 | Min Dist 1000 = 0.249 | Steps Per Second = 74.719 | Success = 1.000 | Success 1000 = 0.980
I0502 15:55:55.586885 139579566835264 terminal.py:91] [Evaluator] Actor Episodes = 19548 | Actor Steps = 977400 | Delta Dist = 11.365 | Delta Dist 10 = 11.856 | Delta Dist 100 = 11.090 | Delta Dist 1000 = 11.082 | Episode Length = 50 | Episode Return = 10.0 | Evaluator Episodes = 4947 | Evaluator Steps = 247350 | Final Dist = 1.441 | Final Dist 10 = 0.950 | Final Dist 100 = 1.717 | Final Dist 1000 = 1.724 | Init Dist = 12.806 | Init Dist 10 = 12.806 | Init Dist 100 = 12.806 | Init Dist 1000 = 12.806 | Learner Steps = 15115 | Learner Walltime = 2978.905 | Min Dist = 0.363 | Min Dist 10 = 0.381 | Min Dist 100 = 0.976 | Min Dist 1000 = 0.996 | Steps Per Second = 79.757 | Success = 1.000 | Success 1000 = 0.874
I0502 15:55:56.649178 139555860620864 terminal.py:91] [Actor] Actor Episodes = 19557 | Actor Steps = 977850 | Delta Dist = 5.964 | Delta Dist 10 = 3.676 | Delta Dist 100 = 3.961 | Delta Dist 1000 = 4.222 | Episode Length = 50 | Episode Return = 22.0 | Evaluator Episodes = 4947 | Evaluator Steps = 247350 | Final Dist = 0.119 | Final Dist 10 = 2.492 | Final Dist 100 = 1.823 | Final Dist 1000 = 1.504 | Init Dist = 6.083 | Init Dist 10 = 6.168 | Init Dist 100 = 5.784 | Init Dist 1000 = 5.726 | Learner Steps = 15122 | Learner Walltime = 2980.182 | Min Dist = 0.119 | Min Dist 10 = 0.051 | Min Dist 100 = 0.393 | Min Dist 1000 = 0.249 | Steps Per Second = 83.010 | Success = 1.000 | Success 1000 = 0.980
I0502 15:55:56.792726 139579566835264 terminal.py:91] [Evaluator] Actor Episodes = 19556 | Actor Steps = 977800 | Delta Dist = 12.636 | Delta Dist 10 = 11.724 | Delta Dist 100 = 11.155 | Delta Dist 1000 = 11.093 | Episode Length = 50 | Episode Return = 24.0 | Evaluator Episodes = 4949 | Evaluator Steps = 247450 | Final Dist = 0.171 | Final Dist 10 = 1.082 | Final Dist 100 = 1.652 | Final Dist 1000 = 1.713 | Init Dist = 12.806 | Init Dist 10 = 12.806 | Init Dist 100 = 12.806 | Init Dist 1000 = 12.806 | Learner Steps = 15122 | Learner Walltime = 2980.182 | Min Dist = 0.048 | Min Dist 10 = 0.368 | Min Dist 100 = 0.916 | Min Dist 1000 = 0.984 | Steps Per Second = 82.887 | Success = 1.000 | Success 1000 = 0.875
I0502 15:55:58.155279 139579566835264 terminal.py:91] [Evaluator] Actor Episodes = 19564 | Actor Steps = 978200 | Delta Dist = 4.955 | Delta Dist 10 = 11.780 | Delta Dist 100 = 11.155 | Delta Dist 1000 = 11.092 | Episode Length = 50 | Episode Return = 0.0 | Evaluator Episodes = 4951 | Evaluator Steps = 247550 | Final Dist = 7.851 | Final Dist 10 = 1.026 | Final Dist 100 = 1.651 | Final Dist 1000 = 1.714 | Init Dist = 12.806 | Init Dist 10 = 12.806 | Init Dist 100 = 12.806 | Init Dist 1000 = 12.806 | Learner Steps = 15128 | Learner Walltime = 2981.449 | Min Dist = 5.879 | Min Dist 10 = 0.233 | Min Dist 100 = 0.913 | Min Dist 1000 = 0.984 | Steps Per Second = 70.664 | Success = 0.000 | Success 1000 = 0.875
I0502 15:55:58.932624 139557462840896 terminal.py:91] [Actor] Actor Episodes = 19569 | Actor Steps = 978450 | Delta Dist = 5.012 | Delta Dist 10 = 4.242 | Delta Dist 100 = 3.774 | Delta Dist 1000 = 4.222 | Episode Length = 50 | Episode Return = 40.0 | Evaluator Episodes = 4951 | Evaluator Steps = 247550 | Final Dist = 0.087 | Final Dist 10 = 1.111 | Final Dist 100 = 1.887 | Final Dist 1000 = 1.490 | Init Dist = 5.099 | Init Dist 10 = 5.353 | Init Dist 100 = 5.662 | Init Dist 1000 = 5.712 | Learner Steps = 15128 | Learner Walltime = 2981.449 | Min Dist = 0.087 | Min Dist 10 = 0.557 | Min Dist 100 = 0.449 | Min Dist 1000 = 0.253 | Steps Per Second = 103.243 | Success = 1.000 | Success 1000 = 0.982
I0502 15:55:59.412528 139579566835264 terminal.py:91] [Evaluator] Actor Episodes = 19572 | Actor Steps = 978600 | Delta Dist = 12.352 | Delta Dist 10 = 11.137 | Delta Dist 100 = 11.193 | Delta Dist 1000 = 11.086 | Episode Length = 50 | Episode Return = 24.0 | Evaluator Episodes = 4953 | Evaluator Steps = 247650 | Final Dist = 0.454 | Final Dist 10 = 1.670 | Final Dist 100 = 1.614 | Final Dist 1000 = 1.720 | Init Dist = 12.806 | Init Dist 10 = 12.806 | Init Dist 100 = 12.806 | Init Dist 1000 = 12.806 | Learner Steps = 15134 | Learner Walltime = 2982.655 | Min Dist = 0.231 | Min Dist 10 = 0.812 | Min Dist 100 = 0.870 | Min Dist 1000 = 0.990 | Steps Per Second = 75.413 | Success = 1.000 | Success 1000 = 0.874
I0502 15:56:00.430005 139584504182336 lp_utils.py:96] StepsLimiter: Reached 979000 recorded steps
I0502 15:56:00.705228 139579566835264 terminal.py:91] [Evaluator] Actor Episodes = 19580 | Actor Steps = 979000 | Delta Dist = 11.270 | Delta Dist 10 = 11.236 | Delta Dist 100 = 11.204 | Delta Dist 1000 = 11.086 | Episode Length = 50 | Episode Return = 22.0 | Evaluator Episodes = 4955 | Evaluator Steps = 247750 | Final Dist = 1.536 | Final Dist 10 = 1.570 | Final Dist 100 = 1.602 | Final Dist 1000 = 1.720 | Init Dist = 12.806 | Init Dist 10 = 12.806 | Init Dist 100 = 12.806 | Init Dist 1000 = 12.806 | Learner Steps = 15141 | Learner Walltime = 2983.953 | Min Dist = 0.224 | Min Dist 10 = 0.740 | Min Dist 100 = 0.870 | Min Dist 1000 = 0.989 | Steps Per Second = 81.369 | Success = 1.000 | Success 1000 = 0.874
I0502 15:56:01.960554 139579566835264 terminal.py:91] [Evaluator] Actor Episodes = 19588 | Actor Steps = 979400 | Delta Dist = 12.246 | Delta Dist 10 = 11.235 | Delta Dist 100 = 11.201 | Delta Dist 1000 = 11.086 | Episode Length = 50 | Episode Return = 16.0 | Evaluator Episodes = 4957 | Evaluator Steps = 247850 | Final Dist = 0.560 | Final Dist 10 = 1.571 | Final Dist 100 = 1.606 | Final Dist 1000 = 1.720 | Init Dist = 12.806 | Init Dist 10 = 12.806 | Init Dist 100 = 12.806 | Init Dist 1000 = 12.806 | Learner Steps = 15147 | Learner Walltime = 2985.191 | Min Dist = 0.087 | Min Dist 10 = 0.749 | Min Dist 100 = 0.872 | Min Dist 1000 = 0.989 | Steps Per Second = 83.289 | Success = 1.000 | Success 1000 = 0.874
I0502 15:56:02.999052 139558059398720 terminal.py:91] [Actor] Actor Episodes = 19597 | Actor Steps = 979850 | Delta Dist = 7.712 | Delta Dist 10 = 3.724 | Delta Dist 100 = 3.706 | Delta Dist 1000 = 4.219 | Episode Length = 50 | Episode Return = 27.0 | Evaluator Episodes = 4957 | Evaluator Steps = 247850 | Final Dist = 1.507 | Final Dist 10 = 3.665 | Final Dist 100 = 2.007 | Final Dist 1000 = 1.510 | Init Dist = 9.220 | Init Dist 10 = 7.388 | Init Dist 100 = 5.712 | Init Dist 1000 = 5.728 | Learner Steps = 15153 | Learner Walltime = 2986.400 | Min Dist = 0.063 | Min Dist 10 = 0.086 | Min Dist 100 = 0.481 | Min Dist 1000 = 0.248 | Steps Per Second = 77.547 | Success = 1.000 | Success 1000 = 0.982
I0502 15:56:03.193701 139579566835264 terminal.py:91] [Evaluator] Actor Episodes = 19596 | Actor Steps = 979800 | Delta Dist = 11.577 | Delta Dist 10 = 11.294 | Delta Dist 100 = 11.201 | Delta Dist 1000 = 11.087 | Episode Length = 50 | Episode Return = 11.0 | Evaluator Episodes = 4959 | Evaluator Steps = 247950 | Final Dist = 1.229 | Final Dist 10 = 1.512 | Final Dist 100 = 1.606 | Final Dist 1000 = 1.720 | Init Dist = 12.806 | Init Dist 10 = 12.806 | Init Dist 100 = 12.806 | Init Dist 1000 = 12.806 | Learner Steps = 15153 | Learner Walltime = 2986.400 | Min Dist = 0.164 | Min Dist 10 = 0.731 | Min Dist 100 = 0.873 | Min Dist 1000 = 0.989 | Steps Per Second = 83.328 | Success = 1.000 | Success 1000 = 0.874
I0502 15:56:04.458053 139579566835264 terminal.py:91] [Evaluator] Actor Episodes = 19604 | Actor Steps = 980200 | Delta Dist = 11.145 | Delta Dist 10 = 11.311 | Delta Dist 100 = 11.207 | Delta Dist 1000 = 11.096 | Episode Length = 50 | Episode Return = 9.0 | Evaluator Episodes = 4961 | Evaluator Steps = 248050 | Final Dist = 1.661 | Final Dist 10 = 1.495 | Final Dist 100 = 1.599 | Final Dist 1000 = 1.711 | Init Dist = 12.806 | Init Dist 10 = 12.806 | Init Dist 100 = 12.806 | Init Dist 1000 = 12.806 | Learner Steps = 15159 | Learner Walltime = 2987.503 | Min Dist = 0.203 | Min Dist 10 = 0.747 | Min Dist 100 = 0.872 | Min Dist 1000 = 0.982 | Steps Per Second = 78.695 | Success = 1.000 | Success 1000 = 0.875
I0502 15:56:04.588174 139555013154368 terminal.py:91] [Learner] Actor Episodes = 19606 | Actor Loss = 3.628002643585205 | Actor Steps = 980300 | Binary Accuracy = 0.996044397354126 | Categorical Accuracy = 0.4267578125 | Critic Loss = 1.918999195098877 | Entropy Mean = -19.54617691040039 | Evaluator Episodes = 4961 | Evaluator Steps = 248050 | Learner Steps = 15165 | Learner Walltime = 2988.779 | Logits Neg = -15.734611511230469 | Logits Pos = -1.9079712629318237 | Logsumexp = 1.261386513710022 | Steps Per Second = 119.848
I0502 15:56:05.684005 139579566835264 terminal.py:91] [Evaluator] Actor Episodes = 19612 | Actor Steps = 980600 | Delta Dist = 11.891 | Delta Dist 10 = 11.860 | Delta Dist 100 = 11.201 | Delta Dist 1000 = 11.095 | Episode Length = 50 | Episode Return = 11.0 | Evaluator Episodes = 4963 | Evaluator Steps = 248150 | Final Dist = 0.915 | Final Dist 10 = 0.947 | Final Dist 100 = 1.606 | Final Dist 1000 = 1.712 | Init Dist = 12.806 | Init Dist 10 = 12.806 | Init Dist 100 = 12.806 | Init Dist 1000 = 12.806 | Learner Steps = 15170 | Learner Walltime = 2989.844 | Min Dist = 0.146 | Min Dist 10 = 0.187 | Min Dist 100 = 0.872 | Min Dist 1000 = 0.982 | Steps Per Second = 78.567 | Success = 1.000 | Success 1000 = 0.875
I0502 15:56:05.785732 139569349502528 terminal.py:91] [Actor] Actor Episodes = 19614 | Actor Steps = 980700 | Delta Dist = 1.032 | Delta Dist 10 = 4.986 | Delta Dist 100 = 4.279 | Delta Dist 1000 = 4.262 | Episode Length = 50 | Episode Return = 41.0 | Evaluator Episodes = 4963 | Evaluator Steps = 248150 | Final Dist = 0.968 | Final Dist 10 = 1.414 | Final Dist 100 = 1.823 | Final Dist 1000 = 1.468 | Init Dist = 2.000 | Init Dist 10 = 6.400 | Init Dist 100 = 6.102 | Init Dist 1000 = 5.730 | Learner Steps = 15170 | Learner Walltime = 2989.844 | Min Dist = 0.036 | Min Dist 10 = 0.051 | Min Dist 100 = 0.363 | Min Dist 1000 = 0.234 | Steps Per Second = 77.598 | Success = 1.000 | Success 1000 = 0.982
I0502 15:56:06.751603 139555860620864 terminal.py:91] [Actor] Actor Episodes = 19621 | Actor Steps = 981050 | Delta Dist = 0.833 | Delta Dist 10 = 4.246 | Delta Dist 100 = 4.160 | Delta Dist 1000 = 4.252 | Episode Length = 50 | Episode Return = 9.0 | Evaluator Episodes = 4963 | Evaluator Steps = 248150 | Final Dist = 1.995 | Final Dist 10 = 1.538 | Final Dist 100 = 1.749 | Final Dist 1000 = 1.473 | Init Dist = 2.828 | Init Dist 10 = 5.784 | Init Dist 100 = 5.909 | Init Dist 1000 = 5.725 | Learner Steps = 15170 | Learner Walltime = 2989.844 | Min Dist = 0.096 | Min Dist 10 = 0.057 | Min Dist 100 = 0.276 | Min Dist 1000 = 0.234 | Steps Per Second = 83.112 | Success = 1.000 | Success 1000 = 0.982
I0502 15:56:06.896016 139579566835264 terminal.py:91] [Evaluator] Actor Episodes = 19620 | Actor Steps = 981000 | Delta Dist = 11.437 | Delta Dist 10 = 11.824 | Delta Dist 100 = 11.231 | Delta Dist 1000 = 11.098 | Episode Length = 50 | Episode Return = 12.0 | Evaluator Episodes = 4965 | Evaluator Steps = 248250 | Final Dist = 1.369 | Final Dist 10 = 0.982 | Final Dist 100 = 1.575 | Final Dist 1000 = 1.708 | Init Dist = 12.806 | Init Dist 10 = 12.806 | Init Dist 100 = 12.806 | Init Dist 1000 = 12.806 | Learner Steps = 15176 | Learner Walltime = 2991.049 | Min Dist = 0.140 | Min Dist 10 = 0.180 | Min Dist 100 = 0.836 | Min Dist 1000 = 0.978 | Steps Per Second = 82.812 | Success = 1.000 | Success 1000 = 0.876
I0502 15:56:08.161115 139579566835264 terminal.py:91] [Evaluator] Actor Episodes = 19628 | Actor Steps = 981400 | Delta Dist = 11.504 | Delta Dist 10 = 11.853 | Delta Dist 100 = 11.242 | Delta Dist 1000 = 11.099 | Episode Length = 50 | Episode Return = 19.0 | Evaluator Episodes = 4967 | Evaluator Steps = 248350 | Final Dist = 1.302 | Final Dist 10 = 0.954 | Final Dist 100 = 1.564 | Final Dist 1000 = 1.707 | Init Dist = 12.806 | Init Dist 10 = 12.806 | Init Dist 100 = 12.806 | Init Dist 1000 = 12.806 | Learner Steps = 15183 | Learner Walltime = 2992.302 | Min Dist = 0.098 | Min Dist 10 = 0.168 | Min Dist 100 = 0.832 | Min Dist 1000 = 0.979 | Steps Per Second = 79.197 | Success = 1.000 | Success 1000 = 0.876
I0502 15:56:09.292530 139579566835264 terminal.py:91] [Evaluator] Actor Episodes = 19636 | Actor Steps = 981800 | Delta Dist = 11.953 | Delta Dist 10 = 11.834 | Delta Dist 100 = 11.249 | Delta Dist 1000 = 11.105 | Episode Length = 50 | Episode Return = 18.0 | Evaluator Episodes = 4969 | Evaluator Steps = 248450 | Final Dist = 0.853 | Final Dist 10 = 0.972 | Final Dist 100 = 1.557 | Final Dist 1000 = 1.701 | Init Dist = 12.806 | Init Dist 10 = 12.806 | Init Dist 100 = 12.806 | Init Dist 1000 = 12.806 | Learner Steps = 15189 | Learner Walltime = 2993.422 | Min Dist = 0.091 | Min Dist 10 = 0.158 | Min Dist 100 = 0.832 | Min Dist 1000 = 0.972 | Steps Per Second = 83.709 | Success = 1.000 | Success 1000 = 0.877
I0502 15:56:09.465740 139557462840896 terminal.py:91] [Actor] Actor Episodes = 19638 | Actor Steps = 981900 | Delta Dist = 6.973 | Delta Dist 10 = 4.881 | Delta Dist 100 = 4.197 | Delta Dist 1000 = 4.264 | Episode Length = 50 | Episode Return = 22.0 | Evaluator Episodes = 4969 | Evaluator Steps = 248450 | Final Dist = 1.089 | Final Dist 10 = 1.164 | Final Dist 100 = 1.973 | Final Dist 1000 = 1.483 | Init Dist = 8.062 | Init Dist 10 = 6.045 | Init Dist 100 = 6.170 | Init Dist 1000 = 5.748 | Learner Steps = 15189 | Learner Walltime = 2993.422 | Min Dist = 0.095 | Min Dist 10 = 0.104 | Min Dist 100 = 0.279 | Min Dist 1000 = 0.240 | Steps Per Second = 84.871 | Success = 1.000 | Success 1000 = 0.982
I0502 15:56:10.445263 139584504182336 lp_utils.py:96] StepsLimiter: Reached 982200 recorded steps
I0502 15:56:10.494321 139579566835264 terminal.py:91] [Evaluator] Actor Episodes = 19644 | Actor Steps = 982200 | Delta Dist = 4.598 | Delta Dist 10 = 11.750 | Delta Dist 100 = 11.251 | Delta Dist 1000 = 11.105 | Episode Length = 50 | Episode Return = 0.0 | Evaluator Episodes = 4971 | Evaluator Steps = 248550 | Final Dist = 8.208 | Final Dist 10 = 1.056 | Final Dist 100 = 1.555 | Final Dist 1000 = 1.701 | Init Dist = 12.806 | Init Dist 10 = 12.806 | Init Dist 100 = 12.806 | Init Dist 1000 = 12.806 | Learner Steps = 15195 | Learner Walltime = 2994.595 | Min Dist = 7.079 | Min Dist 10 = 0.203 | Min Dist 100 = 0.835 | Min Dist 1000 = 0.973 | Steps Per Second = 76.784 | Success = 0.000 | Success 1000 = 0.877
I0502 15:56:11.733883 139579566835264 terminal.py:91] [Evaluator] Actor Episodes = 19652 | Actor Steps = 982600 | Delta Dist = 11.753 | Delta Dist 10 = 11.065 | Delta Dist 100 = 11.176 | Delta Dist 1000 = 11.097 | Episode Length = 50 | Episode Return = 22.0 | Evaluator Episodes = 4973 | Evaluator Steps = 248650 | Final Dist = 1.053 | Final Dist 10 = 1.742 | Final Dist 100 = 1.630 | Final Dist 1000 = 1.709 | Init Dist = 12.806 | Init Dist 10 = 12.806 | Init Dist 100 = 12.806 | Init Dist 1000 = 12.806 | Learner Steps = 15201 | Learner Walltime = 2995.916 | Min Dist = 0.165 | Min Dist 10 = 0.931 | Min Dist 100 = 0.905 | Min Dist 1000 = 0.980 | Steps Per Second = 79.701 | Success = 1.000 | Success 1000 = 0.876
I0502 15:56:12.971323 139579566835264 terminal.py:91] [Evaluator] Actor Episodes = 19660 | Actor Steps = 983000 | Delta Dist = 12.348 | Delta Dist 10 = 11.045 | Delta Dist 100 = 11.228 | Delta Dist 1000 = 11.114 | Episode Length = 50 | Episode Return = 20.0 | Evaluator Episodes = 4975 | Evaluator Steps = 248750 | Final Dist = 0.458 | Final Dist 10 = 1.761 | Final Dist 100 = 1.579 | Final Dist 1000 = 1.692 | Init Dist = 12.806 | Init Dist 10 = 12.806 | Init Dist 100 = 12.806 | Init Dist 1000 = 12.806 | Learner Steps = 15207 | Learner Walltime = 2996.921 | Min Dist = 0.228 | Min Dist 10 = 0.938 | Min Dist 100 = 0.845 | Min Dist 1000 = 0.963 | Steps Per Second = 75.111 | Success = 1.000 | Success 1000 = 0.878
I0502 15:56:13.653807 139558059398720 terminal.py:91] [Actor] Actor Episodes = 19668 | Actor Steps = 983400 | Delta Dist = 3.015 | Delta Dist 10 = 5.594 | Delta Dist 100 = 4.579 | Delta Dist 1000 = 4.291 | Episode Length = 50 | Episode Return = 41.0 | Evaluator Episodes = 4975 | Evaluator Steps = 248750 | Final Dist = 0.147 | Final Dist 10 = 1.373 | Final Dist 100 = 1.841 | Final Dist 1000 = 1.466 | Init Dist = 3.162 | Init Dist 10 = 6.967 | Init Dist 100 = 6.420 | Init Dist 1000 = 5.757 | Learner Steps = 15207 | Learner Walltime = 2996.921 | Min Dist = 0.147 | Min Dist 10 = 0.090 | Min Dist 100 = 0.264 | Min Dist 1000 = 0.239 | Steps Per Second = 74.923 | Success = 1.000 | Success 1000 = 0.982
I0502 15:56:14.309300 139579566835264 terminal.py:91] [Evaluator] Actor Episodes = 19668 | Actor Steps = 983400 | Delta Dist = 11.330 | Delta Dist 10 = 11.135 | Delta Dist 100 = 11.242 | Delta Dist 1000 = 11.116 | Episode Length = 50 | Episode Return = 15.0 | Evaluator Episodes = 4977 | Evaluator Steps = 248850 | Final Dist = 1.476 | Final Dist 10 = 1.672 | Final Dist 100 = 1.564 | Final Dist 1000 = 1.690 | Init Dist = 12.806 | Init Dist 10 = 12.806 | Init Dist 100 = 12.806 | Init Dist 1000 = 12.806 | Learner Steps = 15211 | Learner Walltime = 2997.925 | Min Dist = 0.151 | Min Dist 10 = 0.940 | Min Dist 100 = 0.845 | Min Dist 1000 = 0.961 | Steps Per Second = 78.893 | Success = 1.000 | Success 1000 = 0.879
I0502 15:56:14.634783 139555013154368 terminal.py:91] [Learner] Actor Episodes = 19668 | Actor Loss = 3.55588698387146 | Actor Steps = 983400 | Binary Accuracy = 0.9960432052612305 | Categorical Accuracy = 0.41748046875 | Critic Loss = 1.92621910572052 | Entropy Mean = -18.993131637573242 | Evaluator Episodes = 4975 | Evaluator Steps = 248750 | Learner Steps = 15216 | Learner Walltime = 2998.834 | Logits Neg = -15.828614234924316 | Logits Pos = -1.933030366897583 | Logsumexp = 1.2253732681274414 | Steps Per Second = 1143.992
I0502 15:56:15.553794 139579566835264 terminal.py:91] [Evaluator] Actor Episodes = 19676 | Actor Steps = 983800 | Delta Dist = 11.510 | Delta Dist 10 = 11.105 | Delta Dist 100 = 11.234 | Delta Dist 1000 = 11.115 | Episode Length = 50 | Episode Return = 16.0 | Evaluator Episodes = 4979 | Evaluator Steps = 248950 | Final Dist = 1.296 | Final Dist 10 = 1.701 | Final Dist 100 = 1.573 | Final Dist 1000 = 1.691 | Init Dist = 12.806 | Init Dist 10 = 12.806 | Init Dist 100 = 12.806 | Init Dist 1000 = 12.806 | Learner Steps = 15217 | Learner Walltime = 2999.168 | Min Dist = 0.033 | Min Dist 10 = 0.961 | Min Dist 100 = 0.844 | Min Dist 1000 = 0.961 | Steps Per Second = 83.793 | Success = 1.000 | Success 1000 = 0.879
I0502 15:56:16.510934 139569349502528 terminal.py:91] [Actor] Actor Episodes = 19681 | Actor Steps = 984050 | Delta Dist = 5.136 | Delta Dist 10 = 5.949 | Delta Dist 100 = 4.777 | Delta Dist 1000 = 4.284 | Episode Length = 50 | Episode Return = 44.0 | Evaluator Episodes = 4979 | Evaluator Steps = 248950 | Final Dist = 0.946 | Final Dist 10 = 0.736 | Final Dist 100 = 1.736 | Final Dist 1000 = 1.447 | Init Dist = 6.083 | Init Dist 10 = 6.685 | Init Dist 100 = 6.513 | Init Dist 1000 = 5.731 | Learner Steps = 15217 | Learner Walltime = 2999.168 | Min Dist = 0.132 | Min Dist 10 = 0.036 | Min Dist 100 = 0.159 | Min Dist 1000 = 0.237 | Steps Per Second = 68.137 | Success = 1.000 | Success 1000 = 0.983
I0502 15:56:16.865068 139579566835264 terminal.py:91] [Evaluator] Actor Episodes = 19684 | Actor Steps = 984200 | Delta Dist = 11.697 | Delta Dist 10 = 11.059 | Delta Dist 100 = 11.226 | Delta Dist 1000 = 11.115 | Episode Length = 50 | Episode Return = 21.0 | Evaluator Episodes = 4981 | Evaluator Steps = 249050 | Final Dist = 1.110 | Final Dist 10 = 1.747 | Final Dist 100 = 1.581 | Final Dist 1000 = 1.692 | Init Dist = 12.806 | Init Dist 10 = 12.806 | Init Dist 100 = 12.806 | Init Dist 1000 = 12.806 | Learner Steps = 15223 | Learner Walltime = 3000.313 | Min Dist = 0.192 | Min Dist 10 = 0.902 | Min Dist 100 = 0.836 | Min Dist 1000 = 0.961 | Steps Per Second = 85.447 | Success = 1.000 | Success 1000 = 0.879
I0502 15:56:17.336518 139555860620864 terminal.py:91] [Actor] Actor Episodes = 19690 | Actor Steps = 984500 | Delta Dist = 1.071 | Delta Dist 10 = 4.530 | Delta Dist 100 = 4.783 | Delta Dist 1000 = 4.271 | Episode Length = 50 | Episode Return = 37.0 | Evaluator Episodes = 4981 | Evaluator Steps = 249050 | Final Dist = 0.929 | Final Dist 10 = 0.647 | Final Dist 100 = 1.581 | Final Dist 1000 = 1.445 | Init Dist = 2.000 | Init Dist 10 = 5.177 | Init Dist 100 = 6.364 | Init Dist 1000 = 5.716 | Learner Steps = 15228 | Learner Walltime = 3001.351 | Min Dist = 0.074 | Min Dist 10 = 0.072 | Min Dist 100 = 0.161 | Min Dist 1000 = 0.238 | Steps Per Second = 80.992 | Success = 1.000 | Success 1000 = 0.983
I0502 15:56:18.219607 139579566835264 terminal.py:91] [Evaluator] Actor Episodes = 19692 | Actor Steps = 984600 | Delta Dist = 11.444 | Delta Dist 10 = 11.835 | Delta Dist 100 = 11.228 | Delta Dist 1000 = 11.123 | Episode Length = 50 | Episode Return = 8.0 | Evaluator Episodes = 4983 | Evaluator Steps = 249150 | Final Dist = 1.362 | Final Dist 10 = 0.971 | Final Dist 100 = 1.579 | Final Dist 1000 = 1.683 | Init Dist = 12.806 | Init Dist 10 = 12.806 | Init Dist 100 = 12.806 | Init Dist 1000 = 12.806 | Learner Steps = 15228 | Learner Walltime = 3001.351 | Min Dist = 0.540 | Min Dist 10 = 0.155 | Min Dist 100 = 0.837 | Min Dist 1000 = 0.954 | Steps Per Second = 71.866 | Success = 1.000 | Success 1000 = 0.880
I0502 15:56:19.479436 139579566835264 terminal.py:91] [Evaluator] Actor Episodes = 19700 | Actor Steps = 985000 | Delta Dist = 11.443 | Delta Dist 10 = 11.882 | Delta Dist 100 = 11.226 | Delta Dist 1000 = 11.123 | Episode Length = 50 | Episode Return = 30.0 | Evaluator Episodes = 4985 | Evaluator Steps = 249250 | Final Dist = 1.363 | Final Dist 10 = 0.925 | Final Dist 100 = 1.580 | Final Dist 1000 = 1.683 | Init Dist = 12.806 | Init Dist 10 = 12.806 | Init Dist 100 = 12.806 | Init Dist 1000 = 12.806 | Learner Steps = 15233 | Learner Walltime = 3002.586 | Min Dist = 0.169 | Min Dist 10 = 0.189 | Min Dist 100 = 0.838 | Min Dist 1000 = 0.954 | Steps Per Second = 75.740 | Success = 1.000 | Success 1000 = 0.880
I0502 15:56:19.682817 139557462840896 terminal.py:91] [Actor] Actor Episodes = 19702 | Actor Steps = 985100 | Delta Dist = 7.451 | Delta Dist 10 = 4.591 | Delta Dist 100 = 4.806 | Delta Dist 1000 = 4.272 | Episode Length = 50 | Episode Return = 48.0 | Evaluator Episodes = 4985 | Evaluator Steps = 249250 | Final Dist = 0.165 | Final Dist 10 = 0.914 | Final Dist 100 = 1.385 | Final Dist 1000 = 1.446 | Init Dist = 7.616 | Init Dist 10 = 5.505 | Init Dist 100 = 6.190 | Init Dist 1000 = 5.718 | Learner Steps = 15233 | Learner Walltime = 3002.586 | Min Dist = 0.006 | Min Dist 10 = 0.083 | Min Dist 100 = 0.167 | Min Dist 1000 = 0.238 | Steps Per Second = 76.551 | Success = 1.000 | Success 1000 = 0.983
I0502 15:56:20.459566 139584504182336 lp_utils.py:96] StepsLimiter: Reached 985400 recorded steps
I0502 15:56:20.738410 139579566835264 terminal.py:91] [Evaluator] Actor Episodes = 19708 | Actor Steps = 985400 | Delta Dist = 12.608 | Delta Dist 10 = 11.698 | Delta Dist 100 = 11.216 | Delta Dist 1000 = 11.122 | Episode Length = 50 | Episode Return = 13.0 | Evaluator Episodes = 4987 | Evaluator Steps = 249350 | Final Dist = 0.198 | Final Dist 10 = 1.108 | Final Dist 100 = 1.591 | Final Dist 1000 = 1.685 | Init Dist = 12.806 | Init Dist 10 = 12.806 | Init Dist 100 = 12.806 | Init Dist 1000 = 12.806 | Learner Steps = 15240 | Learner Walltime = 3003.983 | Min Dist = 0.124 | Min Dist 10 = 0.210 | Min Dist 100 = 0.840 | Min Dist 1000 = 0.953 | Steps Per Second = 76.048 | Success = 1.000 | Success 1000 = 0.881
I0502 15:56:22.039487 139579566835264 terminal.py:91] [Evaluator] Actor Episodes = 19716 | Actor Steps = 985800 | Delta Dist = 11.890 | Delta Dist 10 = 11.770 | Delta Dist 100 = 11.218 | Delta Dist 1000 = 11.129 | Episode Length = 50 | Episode Return = 25.0 | Evaluator Episodes = 4989 | Evaluator Steps = 249450 | Final Dist = 0.917 | Final Dist 10 = 1.036 | Final Dist 100 = 1.588 | Final Dist 1000 = 1.677 | Init Dist = 12.806 | Init Dist 10 = 12.806 | Init Dist 100 = 12.806 | Init Dist 1000 = 12.806 | Learner Steps = 15246 | Learner Walltime = 3005.229 | Min Dist = 0.108 | Min Dist 10 = 0.200 | Min Dist 100 = 0.840 | Min Dist 1000 = 0.947 | Steps Per Second = 78.283 | Success = 1.000 | Success 1000 = 0.882
I0502 15:56:23.199935 139579566835264 terminal.py:91] [Evaluator] Actor Episodes = 19724 | Actor Steps = 986200 | Delta Dist = 12.224 | Delta Dist 10 = 11.804 | Delta Dist 100 = 11.287 | Delta Dist 1000 = 11.136 | Episode Length = 50 | Episode Return = 7.0 | Evaluator Episodes = 4991 | Evaluator Steps = 249550 | Final Dist = 0.583 | Final Dist 10 = 1.002 | Final Dist 100 = 1.519 | Final Dist 1000 = 1.670 | Init Dist = 12.806 | Init Dist 10 = 12.806 | Init Dist 100 = 12.806 | Init Dist 1000 = 12.806 | Learner Steps = 15252 | Learner Walltime = 3006.442 | Min Dist = 0.299 | Min Dist 10 = 0.230 | Min Dist 100 = 0.780 | Min Dist 1000 = 0.941 | Steps Per Second = 82.282 | Success = 1.000 | Success 1000 = 0.883
I0502 15:56:23.956697 139558059398720 terminal.py:91] [Actor] Actor Episodes = 19732 | Actor Steps = 986600 | Delta Dist = 8.649 | Delta Dist 10 = 4.261 | Delta Dist 100 = 4.524 | Delta Dist 1000 = 4.224 | Episode Length = 50 | Episode Return = 27.0 | Evaluator Episodes = 4991 | Evaluator Steps = 249550 | Final Dist = 0.407 | Final Dist 10 = 0.556 | Final Dist 100 = 1.185 | Final Dist 1000 = 1.463 | Init Dist = 9.055 | Init Dist 10 = 4.817 | Init Dist 100 = 5.708 | Init Dist 1000 = 5.687 | Learner Steps = 15259 | Learner Walltime = 3007.636 | Min Dist = 0.031 | Min Dist 10 = 0.041 | Min Dist 100 = 0.194 | Min Dist 1000 = 0.249 | Steps Per Second = 84.434 | Success = 1.000 | Success 1000 = 0.983
I0502 15:56:24.326117 139579566835264 terminal.py:91] [Evaluator] Actor Episodes = 19732 | Actor Steps = 986600 | Delta Dist = 11.788 | Delta Dist 10 = 11.945 | Delta Dist 100 = 11.303 | Delta Dist 1000 = 11.142 | Episode Length = 50 | Episode Return = 2.0 | Evaluator Episodes = 4993 | Evaluator Steps = 249650 | Final Dist = 1.018 | Final Dist 10 = 0.861 | Final Dist 100 = 1.503 | Final Dist 1000 = 1.664 | Init Dist = 12.806 | Init Dist 10 = 12.806 | Init Dist 100 = 12.806 | Init Dist 1000 = 12.806 | Learner Steps = 15259 | Learner Walltime = 3007.636 | Min Dist = 0.317 | Min Dist 10 = 0.252 | Min Dist 100 = 0.772 | Min Dist 1000 = 0.938 | Steps Per Second = 96.202 | Success = 1.000 | Success 1000 = 0.884
I0502 15:56:24.697838 139555013154368 terminal.py:91] [Learner] Actor Episodes = 19732 | Actor Loss = 3.639857053756714 | Actor Steps = 986600 | Binary Accuracy = 0.995995283126831 | Categorical Accuracy = 0.4178466796875 | Critic Loss = 1.930368185043335 | Entropy Mean = -19.415733337402344 | Evaluator Episodes = 4993 | Evaluator Steps = 249650 | Learner Steps = 15265 | Learner Walltime = 3008.897 | Logits Neg = -16.20633888244629 | Logits Pos = -1.9348467588424683 | Logsumexp = 1.2570855617523193 | Steps Per Second = 281.522
I0502 15:56:25.476063 139579566835264 terminal.py:91] [Evaluator] Actor Episodes = 19740 | Actor Steps = 987000 | Delta Dist = 12.070 | Delta Dist 10 = 11.887 | Delta Dist 100 = 11.380 | Delta Dist 1000 = 11.143 | Episode Length = 50 | Episode Return = 16.0 | Evaluator Episodes = 4995 | Evaluator Steps = 249750 | Final Dist = 0.736 | Final Dist 10 = 0.919 | Final Dist 100 = 1.427 | Final Dist 1000 = 1.663 | Init Dist = 12.806 | Init Dist 10 = 12.806 | Init Dist 100 = 12.806 | Init Dist 1000 = 12.806 | Learner Steps = 15264 | Learner Walltime = 3008.670 | Min Dist = 0.060 | Min Dist 10 = 0.221 | Min Dist 100 = 0.701 | Min Dist 1000 = 0.936 | Steps Per Second = 94.539 | Success = 1.000 | Success 1000 = 0.884
I0502 15:56:26.764610 139579566835264 terminal.py:91] [Evaluator] Actor Episodes = 19748 | Actor Steps = 987400 | Delta Dist = 11.836 | Delta Dist 10 = 11.946 | Delta Dist 100 = 11.376 | Delta Dist 1000 = 11.144 | Episode Length = 50 | Episode Return = 20.0 | Evaluator Episodes = 4997 | Evaluator Steps = 249850 | Final Dist = 0.970 | Final Dist 10 = 0.860 | Final Dist 100 = 1.431 | Final Dist 1000 = 1.663 | Init Dist = 12.806 | Init Dist 10 = 12.806 | Init Dist 100 = 12.806 | Init Dist 1000 = 12.806 | Learner Steps = 15271 | Learner Walltime = 3009.818 | Min Dist = 0.026 | Min Dist 10 = 0.179 | Min Dist 100 = 0.700 | Min Dist 1000 = 0.936 | Steps Per Second = 74.486 | Success = 1.000 | Success 1000 = 0.884
I0502 15:56:26.910463 139569349502528 terminal.py:91] [Actor] Actor Episodes = 19750 | Actor Steps = 987500 | Delta Dist = 2.672 | Delta Dist 10 = 2.520 | Delta Dist 100 = 4.302 | Delta Dist 1000 = 4.218 | Episode Length = 50 | Episode Return = 43.0 | Evaluator Episodes = 4997 | Evaluator Steps = 249850 | Final Dist = 1.451 | Final Dist 10 = 2.214 | Final Dist 100 = 1.340 | Final Dist 1000 = 1.467 | Init Dist = 4.123 | Init Dist 10 = 4.734 | Init Dist 100 = 5.642 | Init Dist 1000 = 5.685 | Learner Steps = 15277 | Learner Walltime = 3011.074 | Min Dist = 0.064 | Min Dist 10 = 0.065 | Min Dist 100 = 0.224 | Min Dist 1000 = 0.252 | Steps Per Second = 74.527 | Success = 1.000 | Success 1000 = 0.982
I0502 15:56:27.390990 139555860620864 terminal.py:91] [Actor] Actor Episodes = 19754 | Actor Steps = 987700 | Delta Dist = 3.841 | Delta Dist 10 = 3.733 | Delta Dist 100 = 4.292 | Delta Dist 1000 = 4.228 | Episode Length = 50 | Episode Return = 29.0 | Evaluator Episodes = 4997 | Evaluator Steps = 249850 | Final Dist = 0.282 | Final Dist 10 = 1.097 | Final Dist 100 = 1.342 | Final Dist 1000 = 1.467 | Init Dist = 4.123 | Init Dist 10 = 4.830 | Init Dist 100 = 5.634 | Init Dist 1000 = 5.695 | Learner Steps = 15277 | Learner Walltime = 3011.074 | Min Dist = 0.027 | Min Dist 10 = 0.071 | Min Dist 100 = 0.224 | Min Dist 1000 = 0.252 | Steps Per Second = 80.055 | Success = 1.000 | Success 1000 = 0.982
I0502 15:56:28.043498 139579566835264 terminal.py:91] [Evaluator] Actor Episodes = 19756 | Actor Steps = 987800 | Delta Dist = 11.826 | Delta Dist 10 = 11.861 | Delta Dist 100 = 11.427 | Delta Dist 1000 = 11.144 | Episode Length = 50 | Episode Return = 20.0 | Evaluator Episodes = 4999 | Evaluator Steps = 249950 | Final Dist = 0.980 | Final Dist 10 = 0.945 | Final Dist 100 = 1.379 | Final Dist 1000 = 1.663 | Init Dist = 12.806 | Init Dist 10 = 12.806 | Init Dist 100 = 12.806 | Init Dist 1000 = 12.806 | Learner Steps = 15277 | Learner Walltime = 3011.074 | Min Dist = 0.146 | Min Dist 10 = 0.162 | Min Dist 100 = 0.641 | Min Dist 1000 = 0.936 | Steps Per Second = 78.369 | Success = 1.000 | Success 1000 = 0.884
I0502 15:56:29.219503 139579566835264 terminal.py:91] [Evaluator] Actor Episodes = 19764 | Actor Steps = 988200 | Delta Dist = 11.847 | Delta Dist 10 = 11.882 | Delta Dist 100 = 11.415 | Delta Dist 1000 = 11.143 | Episode Length = 50 | Episode Return = 22.0 | Evaluator Episodes = 5001 | Evaluator Steps = 250050 | Final Dist = 0.959 | Final Dist 10 = 0.925 | Final Dist 100 = 1.391 | Final Dist 1000 = 1.664 | Init Dist = 12.806 | Init Dist 10 = 12.806 | Init Dist 100 = 12.806 | Init Dist 1000 = 12.806 | Learner Steps = 15283 | Learner Walltime = 3012.249 | Min Dist = 0.239 | Min Dist 10 = 0.203 | Min Dist 100 = 0.644 | Min Dist 1000 = 0.937 | Steps Per Second = 84.858 | Success = 1.000 | Success 1000 = 0.884
I0502 15:56:30.163297 139557462840896 terminal.py:91] [Actor] Actor Episodes = 19769 | Actor Steps = 988450 | Delta Dist = 2.990 | Delta Dist 10 = 6.137 | Delta Dist 100 = 4.253 | Delta Dist 1000 = 4.210 | Episode Length = 50 | Episode Return = 22.0 | Evaluator Episodes = 5001 | Evaluator Steps = 250050 | Final Dist = 0.172 | Final Dist 10 = 0.655 | Final Dist 100 = 1.356 | Final Dist 1000 = 1.477 | Init Dist = 3.162 | Init Dist 10 = 6.792 | Init Dist 100 = 5.610 | Init Dist 1000 = 5.687 | Learner Steps = 15289 | Learner Walltime = 3013.543 | Min Dist = 0.053 | Min Dist 10 = 0.079 | Min Dist 100 = 0.221 | Min Dist 1000 = 0.252 | Steps Per Second = 81.787 | Success = 1.000 | Success 1000 = 0.982
I0502 15:56:30.484202 139584504182336 lp_utils.py:96] StepsLimiter: Reached 988600 recorded steps
I0502 15:56:30.533881 139579566835264 terminal.py:91] [Evaluator] Actor Episodes = 19772 | Actor Steps = 988600 | Delta Dist = 11.518 | Delta Dist 10 = 11.451 | Delta Dist 100 = 11.390 | Delta Dist 1000 = 11.140 | Episode Length = 50 | Episode Return = 6.0 | Evaluator Episodes = 5003 | Evaluator Steps = 250150 | Final Dist = 1.288 | Final Dist 10 = 1.355 | Final Dist 100 = 1.416 | Final Dist 1000 = 1.666 | Init Dist = 12.806 | Init Dist 10 = 12.806 | Init Dist 100 = 12.806 | Init Dist 1000 = 12.806 | Learner Steps = 15289 | Learner Walltime = 3013.543 | Min Dist = 0.282 | Min Dist 10 = 0.585 | Min Dist 100 = 0.684 | Min Dist 1000 = 0.941 | Steps Per Second = 73.149 | Success = 1.000 | Success 1000 = 0.883
I0502 15:56:31.659050 139579566835264 terminal.py:91] [Evaluator] Actor Episodes = 19780 | Actor Steps = 989000 | Delta Dist = 11.809 | Delta Dist 10 = 11.448 | Delta Dist 100 = 11.391 | Delta Dist 1000 = 11.146 | Episode Length = 50 | Episode Return = 5.0 | Evaluator Episodes = 5005 | Evaluator Steps = 250250 | Final Dist = 0.997 | Final Dist 10 = 1.358 | Final Dist 100 = 1.415 | Final Dist 1000 = 1.660 | Init Dist = 12.806 | Init Dist 10 = 12.806 | Init Dist 100 = 12.806 | Init Dist 1000 = 12.806 | Learner Steps = 15295 | Learner Walltime = 3014.813 | Min Dist = 0.258 | Min Dist 10 = 0.626 | Min Dist 100 = 0.688 | Min Dist 1000 = 0.935 | Steps Per Second = 91.978 | Success = 1.000 | Success 1000 = 0.884
I0502 15:56:32.724121 139579566835264 terminal.py:91] [Evaluator] Actor Episodes = 19788 | Actor Steps = 989400 | Delta Dist = 11.540 | Delta Dist 10 = 11.543 | Delta Dist 100 = 11.407 | Delta Dist 1000 = 11.147 | Episode Length = 50 | Episode Return = 8.0 | Evaluator Episodes = 5007 | Evaluator Steps = 250350 | Final Dist = 1.267 | Final Dist 10 = 1.263 | Final Dist 100 = 1.399 | Final Dist 1000 = 1.660 | Init Dist = 12.806 | Init Dist 10 = 12.806 | Init Dist 100 = 12.806 | Init Dist 1000 = 12.806 | Learner Steps = 15301 | Learner Walltime = 3015.979 | Min Dist = 0.108 | Min Dist 10 = 0.647 | Min Dist 100 = 0.676 | Min Dist 1000 = 0.935 | Steps Per Second = 102.251 | Success = 1.000 | Success 1000 = 0.884
I0502 15:56:33.881756 139579566835264 terminal.py:91] [Evaluator] Actor Episodes = 19796 | Actor Steps = 989800 | Delta Dist = 12.483 | Delta Dist 10 = 11.467 | Delta Dist 100 = 11.553 | Delta Dist 1000 = 11.146 | Episode Length = 50 | Episode Return = 29.0 | Evaluator Episodes = 5009 | Evaluator Steps = 250450 | Final Dist = 0.323 | Final Dist 10 = 1.340 | Final Dist 100 = 1.253 | Final Dist 1000 = 1.660 | Init Dist = 12.806 | Init Dist 10 = 12.806 | Init Dist 100 = 12.806 | Init Dist 1000 = 12.806 | Learner Steps = 15308 | Learner Walltime = 3017.346 | Min Dist = 0.153 | Min Dist 10 = 0.662 | Min Dist 100 = 0.542 | Min Dist 1000 = 0.935 | Steps Per Second = 88.266 | Success = 1.000 | Success 1000 = 0.884
I0502 15:56:34.319937 139558059398720 terminal.py:91] [Actor] Actor Episodes = 19797 | Actor Steps = 989850 | Delta Dist = 6.623 | Delta Dist 10 = 4.766 | Delta Dist 100 = 3.872 | Delta Dist 1000 = 4.198 | Episode Length = 50 | Episode Return = 31.0 | Evaluator Episodes = 5007 | Evaluator Steps = 250350 | Final Dist = 0.448 | Final Dist 10 = 1.650 | Final Dist 100 = 1.773 | Final Dist 1000 = 1.508 | Init Dist = 7.071 | Init Dist 10 = 6.416 | Init Dist 100 = 5.645 | Init Dist 1000 = 5.706 | Learner Steps = 15308 | Learner Walltime = 3017.346 | Min Dist = 0.119 | Min Dist 10 = 0.337 | Min Dist 100 = 0.249 | Min Dist 1000 = 0.255 | Steps Per Second = 81.263 | Success = 1.000 | Success 1000 = 0.981
I0502 15:56:34.929985 139555013154368 terminal.py:91] [Learner] Actor Episodes = 19798 | Actor Loss = 3.6061604022979736 | Actor Steps = 989900 | Binary Accuracy = 0.9960510730743408 | Categorical Accuracy = 0.41937255859375 | Critic Loss = 1.9327824115753174 | Entropy Mean = -18.86899185180664 | Evaluator Episodes = 5009 | Evaluator Steps = 250450 | Learner Steps = 15317 | Learner Walltime = 3019.128 | Logits Neg = -16.007694244384766 | Logits Pos = -1.9131563901901245 | Logsumexp = 1.1442556381225586 | Steps Per Second = 127.049
I0502 15:56:35.034729 139579566835264 terminal.py:91] [Evaluator] Actor Episodes = 19804 | Actor Steps = 990200 | Delta Dist = 12.765 | Delta Dist 10 = 11.570 | Delta Dist 100 = 11.561 | Delta Dist 1000 = 11.146 | Episode Length = 50 | Episode Return = 21.0 | Evaluator Episodes = 5011 | Evaluator Steps = 250550 | Final Dist = 0.041 | Final Dist 10 = 1.236 | Final Dist 100 = 1.245 | Final Dist 1000 = 1.660 | Init Dist = 12.806 | Init Dist 10 = 12.806 | Init Dist 100 = 12.806 | Init Dist 1000 = 12.806 | Learner Steps = 15314 | Learner Walltime = 3018.506 | Min Dist = 0.041 | Min Dist 10 = 0.666 | Min Dist 100 = 0.548 | Min Dist 1000 = 0.936 | Steps Per Second = 84.599 | Success = 1.000 | Success 1000 = 0.884
I0502 15:56:36.205720 139579566835264 terminal.py:91] [Evaluator] Actor Episodes = 19812 | Actor Steps = 990600 | Delta Dist = 11.386 | Delta Dist 10 = 11.921 | Delta Dist 100 = 11.561 | Delta Dist 1000 = 11.146 | Episode Length = 50 | Episode Return = 18.0 | Evaluator Episodes = 5013 | Evaluator Steps = 250650 | Final Dist = 1.420 | Final Dist 10 = 0.885 | Final Dist 100 = 1.245 | Final Dist 1000 = 1.660 | Init Dist = 12.806 | Init Dist 10 = 12.806 | Init Dist 100 = 12.806 | Init Dist 1000 = 12.806 | Learner Steps = 15320 | Learner Walltime = 3019.726 | Min Dist = 0.209 | Min Dist 10 = 0.302 | Min Dist 100 = 0.546 | Min Dist 1000 = 0.936 | Steps Per Second = 86.088 | Success = 1.000 | Success 1000 = 0.884
I0502 15:56:37.468530 139579566835264 terminal.py:91] [Evaluator] Actor Episodes = 19820 | Actor Steps = 991000 | Delta Dist = 11.861 | Delta Dist 10 = 11.959 | Delta Dist 100 = 11.557 | Delta Dist 1000 = 11.147 | Episode Length = 50 | Episode Return = 26.0 | Evaluator Episodes = 5015 | Evaluator Steps = 250750 | Final Dist = 0.945 | Final Dist 10 = 0.847 | Final Dist 100 = 1.250 | Final Dist 1000 = 1.659 | Init Dist = 12.806 | Init Dist 10 = 12.806 | Init Dist 100 = 12.806 | Init Dist 1000 = 12.806 | Learner Steps = 15326 | Learner Walltime = 3020.887 | Min Dist = 0.014 | Min Dist 10 = 0.268 | Min Dist 100 = 0.545 | Min Dist 1000 = 0.935 | Steps Per Second = 78.182 | Success = 1.000 | Success 1000 = 0.884
I0502 15:56:37.510919 139569349502528 terminal.py:91] [Actor] Actor Episodes = 19817 | Actor Steps = 990850 | Delta Dist = 1.192 | Delta Dist 10 = 4.267 | Delta Dist 100 = 4.124 | Delta Dist 1000 = 4.206 | Episode Length = 50 | Episode Return = 0.0 | Evaluator Episodes = 5013 | Evaluator Steps = 250650 | Final Dist = 1.044 | Final Dist 10 = 0.623 | Final Dist 100 = 1.629 | Final Dist 1000 = 1.508 | Init Dist = 2.236 | Init Dist 10 = 4.889 | Init Dist 100 = 5.753 | Init Dist 1000 = 5.714 | Learner Steps = 15326 | Learner Walltime = 3020.887 | Min Dist = 0.068 | Min Dist 10 = 0.098 | Min Dist 100 = 0.210 | Min Dist 1000 = 0.263 | Steps Per Second = 74.162 | Success = 1.000 | Success 1000 = 0.981
I0502 15:56:37.814598 139555860620864 terminal.py:91] [Actor] Actor Episodes = 19819 | Actor Steps = 990950 | Delta Dist = 4.837 | Delta Dist 10 = 3.959 | Delta Dist 100 = 4.117 | Delta Dist 1000 = 4.200 | Episode Length = 50 | Episode Return = 48.0 | Evaluator Episodes = 5013 | Evaluator Steps = 250650 | Final Dist = 0.262 | Final Dist 10 = 0.588 | Final Dist 100 = 1.598 | Final Dist 1000 = 1.507 | Init Dist = 5.099 | Init Dist 10 = 4.547 | Init Dist 100 = 5.715 | Init Dist 1000 = 5.707 | Learner Steps = 15326 | Learner Walltime = 3020.887 | Min Dist = 0.007 | Min Dist 10 = 0.099 | Min Dist 100 = 0.209 | Min Dist 1000 = 0.263 | Steps Per Second = 86.367 | Success = 1.000 | Success 1000 = 0.981
I0502 15:56:38.599890 139579566835264 terminal.py:91] [Evaluator] Actor Episodes = 19828 | Actor Steps = 991400 | Delta Dist = 11.763 | Delta Dist 10 = 11.904 | Delta Dist 100 = 11.567 | Delta Dist 1000 = 11.147 | Episode Length = 50 | Episode Return = 21.0 | Evaluator Episodes = 5017 | Evaluator Steps = 250850 | Final Dist = 1.044 | Final Dist 10 = 0.903 | Final Dist 100 = 1.239 | Final Dist 1000 = 1.659 | Init Dist = 12.806 | Init Dist 10 = 12.806 | Init Dist 100 = 12.806 | Init Dist 1000 = 12.806 | Learner Steps = 15333 | Learner Walltime = 3022.122 | Min Dist = 0.265 | Min Dist 10 = 0.246 | Min Dist 100 = 0.544 | Min Dist 1000 = 0.935 | Steps Per Second = 87.657 | Success = 1.000 | Success 1000 = 0.884
I0502 15:56:39.678692 139579566835264 terminal.py:91] [Evaluator] Actor Episodes = 19836 | Actor Steps = 991800 | Delta Dist = 11.625 | Delta Dist 10 = 11.946 | Delta Dist 100 = 11.569 | Delta Dist 1000 = 11.154 | Episode Length = 50 | Episode Return = 21.0 | Evaluator Episodes = 5019 | Evaluator Steps = 250950 | Final Dist = 1.182 | Final Dist 10 = 0.860 | Final Dist 100 = 1.238 | Final Dist 1000 = 1.652 | Init Dist = 12.806 | Init Dist 10 = 12.806 | Init Dist 100 = 12.806 | Init Dist 1000 = 12.806 | Learner Steps = 15340 | Learner Walltime = 3023.337 | Min Dist = 0.187 | Min Dist 10 = 0.276 | Min Dist 100 = 0.538 | Min Dist 1000 = 0.928 | Steps Per Second = 95.873 | Success = 1.000 | Success 1000 = 0.885
I0502 15:56:40.282526 139557462840896 terminal.py:91] [Actor] Actor Episodes = 19838 | Actor Steps = 991900 | Delta Dist = 1.218 | Delta Dist 10 = 5.201 | Delta Dist 100 = 4.237 | Delta Dist 1000 = 4.202 | Episode Length = 50 | Episode Return = 27.0 | Evaluator Episodes = 5019 | Evaluator Steps = 250950 | Final Dist = 0.782 | Final Dist 10 = 1.523 | Final Dist 100 = 1.645 | Final Dist 1000 = 1.522 | Init Dist = 2.000 | Init Dist 10 = 6.724 | Init Dist 100 = 5.882 | Init Dist 1000 = 5.724 | Learner Steps = 15340 | Learner Walltime = 3023.337 | Min Dist = 0.078 | Min Dist 10 = 0.117 | Min Dist 100 = 0.188 | Min Dist 1000 = 0.264 | Steps Per Second = 84.764 | Success = 1.000 | Success 1000 = 0.981
I0502 15:56:40.499886 139584504182336 lp_utils.py:96] StepsLimiter: Reached 992000 recorded steps
I0502 15:56:40.851969 139579566835264 terminal.py:91] [Evaluator] Actor Episodes = 19842 | Actor Steps = 992100 | Delta Dist = 11.421 | Delta Dist 10 = 11.103 | Delta Dist 100 = 11.495 | Delta Dist 1000 = 11.146 | Episode Length = 50 | Episode Return = 9.0 | Evaluator Episodes = 5021 | Evaluator Steps = 251050 | Final Dist = 1.386 | Final Dist 10 = 1.703 | Final Dist 100 = 1.311 | Final Dist 1000 = 1.660 | Init Dist = 12.806 | Init Dist 10 = 12.806 | Init Dist 100 = 12.806 | Init Dist 1000 = 12.806 | Learner Steps = 15345 | Learner Walltime = 3024.520 | Min Dist = 0.259 | Min Dist 10 = 0.927 | Min Dist 100 = 0.607 | Min Dist 1000 = 0.935 | Steps Per Second = 84.686 | Success = 1.000 | Success 1000 = 0.884
I0502 15:56:42.036624 139579566835264 terminal.py:91] [Evaluator] Actor Episodes = 19851 | Actor Steps = 992550 | Delta Dist = 12.168 | Delta Dist 10 = 10.990 | Delta Dist 100 = 11.488 | Delta Dist 1000 = 11.145 | Episode Length = 50 | Episode Return = 20.0 | Evaluator Episodes = 5023 | Evaluator Steps = 251150 | Final Dist = 0.638 | Final Dist 10 = 1.816 | Final Dist 100 = 1.318 | Final Dist 1000 = 1.661 | Init Dist = 12.806 | Init Dist 10 = 12.806 | Init Dist 100 = 12.806 | Init Dist 1000 = 12.806 | Learner Steps = 15353 | Learner Walltime = 3025.767 | Min Dist = 0.130 | Min Dist 10 = 0.892 | Min Dist 100 = 0.605 | Min Dist 1000 = 0.935 | Steps Per Second = 83.222 | Success = 1.000 | Success 1000 = 0.884
I0502 15:56:43.292785 139579566835264 terminal.py:91] [Evaluator] Actor Episodes = 19857 | Actor Steps = 992850 | Delta Dist = 11.320 | Delta Dist 10 = 11.074 | Delta Dist 100 = 11.493 | Delta Dist 1000 = 11.146 | Episode Length = 50 | Episode Return = 23.0 | Evaluator Episodes = 5025 | Evaluator Steps = 251250 | Final Dist = 1.486 | Final Dist 10 = 1.732 | Final Dist 100 = 1.313 | Final Dist 1000 = 1.660 | Init Dist = 12.806 | Init Dist 10 = 12.806 | Init Dist 100 = 12.806 | Init Dist 1000 = 12.806 | Learner Steps = 15358 | Learner Walltime = 3027.010 | Min Dist = 0.124 | Min Dist 10 = 0.895 | Min Dist 100 = 0.605 | Min Dist 1000 = 0.935 | Steps Per Second = 80.901 | Success = 1.000 | Success 1000 = 0.884
I0502 15:56:44.704537 139558059398720 terminal.py:91] [Actor] Actor Episodes = 19867 | Actor Steps = 993350 | Delta Dist = 3.604 | Delta Dist 10 = 4.846 | Delta Dist 100 = 4.701 | Delta Dist 1000 = 4.248 | Episode Length = 50 | Episode Return = 34.0 | Evaluator Episodes = 5025 | Evaluator Steps = 251250 | Final Dist = 1.495 | Final Dist 10 = 1.803 | Final Dist 100 = 1.575 | Final Dist 1000 = 1.520 | Init Dist = 5.099 | Init Dist 10 = 6.650 | Init Dist 100 = 6.276 | Init Dist 1000 = 5.768 | Learner Steps = 15365 | Learner Walltime = 3028.362 | Min Dist = 0.068 | Min Dist 10 = 0.180 | Min Dist 100 = 0.201 | Min Dist 1000 = 0.258 | Steps Per Second = 63.932 | Success = 1.000 | Success 1000 = 0.981
I0502 15:56:44.753687 139579566835264 terminal.py:91] [Evaluator] Actor Episodes = 19867 | Actor Steps = 993350 | Delta Dist = 11.930 | Delta Dist 10 = 10.969 | Delta Dist 100 = 11.625 | Delta Dist 1000 = 11.146 | Episode Length = 50 | Episode Return = 26.0 | Evaluator Episodes = 5027 | Evaluator Steps = 251350 | Final Dist = 0.877 | Final Dist 10 = 1.837 | Final Dist 100 = 1.181 | Final Dist 1000 = 1.661 | Init Dist = 12.806 | Init Dist 10 = 12.806 | Init Dist 100 = 12.806 | Init Dist 1000 = 12.806 | Learner Steps = 15365 | Learner Walltime = 3028.362 | Min Dist = 0.127 | Min Dist 10 = 0.900 | Min Dist 100 = 0.471 | Min Dist 1000 = 0.934 | Steps Per Second = 66.956 | Success = 1.000 | Success 1000 = 0.884
I0502 15:56:44.948471 139555013154368 terminal.py:91] [Learner] Actor Episodes = 19865 | Actor Loss = 3.5834927558898926 | Actor Steps = 993250 | Binary Accuracy = 0.9960970878601074 | Categorical Accuracy = 0.41986083984375 | Critic Loss = 1.9021371603012085 | Entropy Mean = -19.17801284790039 | Evaluator Episodes = 5025 | Evaluator Steps = 251250 | Learner Steps = 15369 | Learner Walltime = 3029.145 | Logits Neg = -16.34492301940918 | Logits Pos = -1.8965227603912354 | Logsumexp = 1.1210603713989258 | Steps Per Second = 1193.428
I0502 15:56:45.943446 139579566835264 terminal.py:91] [Evaluator] Actor Episodes = 19875 | Actor Steps = 993750 | Delta Dist = 12.450 | Delta Dist 10 = 10.999 | Delta Dist 100 = 11.609 | Delta Dist 1000 = 11.151 | Episode Length = 50 | Episode Return = 11.0 | Evaluator Episodes = 5029 | Evaluator Steps = 251450 | Final Dist = 0.356 | Final Dist 10 = 1.808 | Final Dist 100 = 1.198 | Final Dist 1000 = 1.655 | Init Dist = 12.806 | Init Dist 10 = 12.806 | Init Dist 100 = 12.806 | Init Dist 1000 = 12.806 | Learner Steps = 15371 | Learner Walltime = 3029.628 | Min Dist = 0.203 | Min Dist 10 = 0.865 | Min Dist 100 = 0.469 | Min Dist 1000 = 0.928 | Steps Per Second = 88.874 | Success = 1.000 | Success 1000 = 0.885
I0502 15:56:47.196761 139579566835264 terminal.py:91] [Evaluator] Actor Episodes = 19883 | Actor Steps = 994150 | Delta Dist = 11.603 | Delta Dist 10 = 11.818 | Delta Dist 100 = 11.607 | Delta Dist 1000 = 11.152 | Episode Length = 50 | Episode Return = 15.0 | Evaluator Episodes = 5031 | Evaluator Steps = 251550 | Final Dist = 1.204 | Final Dist 10 = 0.988 | Final Dist 100 = 1.199 | Final Dist 1000 = 1.654 | Init Dist = 12.806 | Init Dist 10 = 12.806 | Init Dist 100 = 12.806 | Init Dist 1000 = 12.806 | Learner Steps = 15377 | Learner Walltime = 3030.754 | Min Dist = 0.007 | Min Dist 10 = 0.166 | Min Dist 100 = 0.466 | Min Dist 1000 = 0.927 | Steps Per Second = 73.053 | Success = 1.000 | Success 1000 = 0.885
I0502 15:56:47.907452 139555860620864 terminal.py:91] [Actor] Actor Episodes = 19886 | Actor Steps = 994300 | Delta Dist = 5.981 | Delta Dist 10 = 4.490 | Delta Dist 100 = 4.781 | Delta Dist 1000 = 4.247 | Episode Length = 50 | Episode Return = 50.0 | Evaluator Episodes = 5031 | Evaluator Steps = 251550 | Final Dist = 0.102 | Final Dist 10 = 0.529 | Final Dist 100 = 1.345 | Final Dist 1000 = 1.495 | Init Dist = 6.083 | Init Dist 10 = 5.018 | Init Dist 100 = 6.126 | Init Dist 1000 = 5.742 | Learner Steps = 15377 | Learner Walltime = 3030.754 | Min Dist = 0.102 | Min Dist 10 = 0.086 | Min Dist 100 = 0.202 | Min Dist 1000 = 0.248 | Steps Per Second = 85.225 | Success = 1.000 | Success 1000 = 0.982
I0502 15:56:47.994402 139569349502528 terminal.py:91] [Actor] Actor Episodes = 19889 | Actor Steps = 994450 | Delta Dist = 4.978 | Delta Dist 10 = 4.484 | Delta Dist 100 = 4.747 | Delta Dist 1000 = 4.245 | Episode Length = 50 | Episode Return = 0.0 | Evaluator Episodes = 5031 | Evaluator Steps = 251550 | Final Dist = 1.105 | Final Dist 10 = 0.730 | Final Dist 100 = 1.359 | Final Dist 1000 = 1.497 | Init Dist = 6.083 | Init Dist 10 = 5.214 | Init Dist 100 = 6.106 | Init Dist 1000 = 5.742 | Learner Steps = 15383 | Learner Walltime = 3031.768 | Min Dist = 0.052 | Min Dist 10 = 0.095 | Min Dist 100 = 0.202 | Min Dist 1000 = 0.248 | Steps Per Second = 91.183 | Success = 1.000 | Success 1000 = 0.982
I0502 15:56:48.359261 139579566835264 terminal.py:91] [Evaluator] Actor Episodes = 19891 | Actor Steps = 994550 | Delta Dist = 12.347 | Delta Dist 10 = 11.934 | Delta Dist 100 = 11.608 | Delta Dist 1000 = 11.152 | Episode Length = 50 | Episode Return = 29.0 | Evaluator Episodes = 5033 | Evaluator Steps = 251650 | Final Dist = 0.459 | Final Dist 10 = 0.872 | Final Dist 100 = 1.198 | Final Dist 1000 = 1.654 | Init Dist = 12.806 | Init Dist 10 = 12.806 | Init Dist 100 = 12.806 | Init Dist 1000 = 12.806 | Learner Steps = 15383 | Learner Walltime = 3031.768 | Min Dist = 0.032 | Min Dist 10 = 0.168 | Min Dist 100 = 0.463 | Min Dist 1000 = 0.927 | Steps Per Second = 84.476 | Success = 1.000 | Success 1000 = 0.885
I0502 15:56:49.552273 139579566835264 terminal.py:91] [Evaluator] Actor Episodes = 19897 | Actor Steps = 994850 | Delta Dist = 12.063 | Delta Dist 10 = 11.864 | Delta Dist 100 = 11.611 | Delta Dist 1000 = 11.152 | Episode Length = 50 | Episode Return = 16.0 | Evaluator Episodes = 5035 | Evaluator Steps = 251750 | Final Dist = 0.743 | Final Dist 10 = 0.942 | Final Dist 100 = 1.195 | Final Dist 1000 = 1.655 | Init Dist = 12.806 | Init Dist 10 = 12.806 | Init Dist 100 = 12.806 | Init Dist 1000 = 12.806 | Learner Steps = 15389 | Learner Walltime = 3032.895 | Min Dist = 0.133 | Min Dist 10 = 0.150 | Min Dist 100 = 0.459 | Min Dist 1000 = 0.927 | Steps Per Second = 87.714 | Success = 1.000 | Success 1000 = 0.885
I0502 15:56:50.517874 139584504182336 lp_utils.py:96] StepsLimiter: Reached 995250 recorded steps
I0502 15:56:50.741880 139579566835264 terminal.py:91] [Evaluator] Actor Episodes = 19907 | Actor Steps = 995350 | Delta Dist = 11.775 | Delta Dist 10 = 11.970 | Delta Dist 100 = 11.611 | Delta Dist 1000 = 11.151 | Episode Length = 50 | Episode Return = 11.0 | Evaluator Episodes = 5037 | Evaluator Steps = 251850 | Final Dist = 1.032 | Final Dist 10 = 0.836 | Final Dist 100 = 1.195 | Final Dist 1000 = 1.656 | Init Dist = 12.806 | Init Dist 10 = 12.806 | Init Dist 100 = 12.806 | Init Dist 1000 = 12.806 | Learner Steps = 15393 | Learner Walltime = 3033.948 | Min Dist = 0.183 | Min Dist 10 = 0.163 | Min Dist 100 = 0.458 | Min Dist 1000 = 0.927 | Steps Per Second = 85.777 | Success = 1.000 | Success 1000 = 0.885
I0502 15:56:50.799030 139557462840896 terminal.py:91] [Actor] Actor Episodes = 19906 | Actor Steps = 995300 | Delta Dist = 0.946 | Delta Dist 10 = 4.123 | Delta Dist 100 = 4.745 | Delta Dist 1000 = 4.253 | Episode Length = 50 | Episode Return = 33.0 | Evaluator Episodes = 5035 | Evaluator Steps = 251750 | Final Dist = 0.468 | Final Dist 10 = 0.684 | Final Dist 100 = 1.182 | Final Dist 1000 = 1.489 | Init Dist = 1.414 | Init Dist 10 = 4.807 | Init Dist 100 = 5.928 | Init Dist 1000 = 5.742 | Learner Steps = 15393 | Learner Walltime = 3033.948 | Min Dist = 0.385 | Min Dist 10 = 0.090 | Min Dist 100 = 0.105 | Min Dist 1000 = 0.249 | Steps Per Second = 93.914 | Success = 1.000 | Success 1000 = 0.983
I0502 15:56:51.003765 139584635659840 savers.py:156] Saving checkpoint: logs/contrastive_cpc_point_FourRooms_64/5dd72662-2788-11f0-b183-d85ed38c5779/checkpoints/counter
I0502 15:56:51.381746 139583350109760 savers.py:156] Saving checkpoint: logs/contrastive_cpc_point_FourRooms_64/5dd72662-2788-11f0-b183-d85ed38c5779/checkpoints/learner
I0502 15:56:51.955666 139579566835264 terminal.py:91] [Evaluator] Actor Episodes = 19915 | Actor Steps = 995750 | Delta Dist = 11.782 | Delta Dist 10 = 11.786 | Delta Dist 100 = 11.579 | Delta Dist 1000 = 11.149 | Episode Length = 50 | Episode Return = 4.0 | Evaluator Episodes = 5039 | Evaluator Steps = 251950 | Final Dist = 1.024 | Final Dist 10 = 1.020 | Final Dist 100 = 1.228 | Final Dist 1000 = 1.657 | Init Dist = 12.806 | Init Dist 10 = 12.806 | Init Dist 100 = 12.806 | Init Dist 1000 = 12.806 | Learner Steps = 15403 | Learner Walltime = 3036.094 | Min Dist = 0.563 | Min Dist 10 = 0.448 | Min Dist 100 = 0.483 | Min Dist 1000 = 0.930 | Steps Per Second = 83.510 | Success = 1.000 | Success 1000 = 0.884
I0502 15:56:53.114516 139579566835264 terminal.py:91] [Evaluator] Actor Episodes = 19921 | Actor Steps = 996050 | Delta Dist = 11.359 | Delta Dist 10 = 11.706 | Delta Dist 100 = 11.578 | Delta Dist 1000 = 11.149 | Episode Length = 50 | Episode Return = 24.0 | Evaluator Episodes = 5041 | Evaluator Steps = 252050 | Final Dist = 1.447 | Final Dist 10 = 1.100 | Final Dist 100 = 1.228 | Final Dist 1000 = 1.657 | Init Dist = 12.806 | Init Dist 10 = 12.806 | Init Dist 100 = 12.806 | Init Dist 1000 = 12.806 | Learner Steps = 15403 | Learner Walltime = 3036.094 | Min Dist = 0.155 | Min Dist 10 = 0.485 | Min Dist 100 = 0.476 | Min Dist 1000 = 0.930 | Steps Per Second = 84.760 | Success = 1.000 | Success 1000 = 0.884
I0502 15:56:54.340193 139579566835264 terminal.py:91] [Evaluator] Actor Episodes = 19929 | Actor Steps = 996450 | Delta Dist = 11.393 | Delta Dist 10 = 11.620 | Delta Dist 100 = 11.576 | Delta Dist 1000 = 11.148 | Episode Length = 50 | Episode Return = 22.0 | Evaluator Episodes = 5043 | Evaluator Steps = 252150 | Final Dist = 1.414 | Final Dist 10 = 1.186 | Final Dist 100 = 1.231 | Final Dist 1000 = 1.658 | Init Dist = 12.806 | Init Dist 10 = 12.806 | Init Dist 100 = 12.806 | Init Dist 1000 = 12.806 | Learner Steps = 15411 | Learner Walltime = 3037.409 | Min Dist = 0.097 | Min Dist 10 = 0.472 | Min Dist 100 = 0.476 | Min Dist 1000 = 0.930 | Steps Per Second = 82.942 | Success = 1.000 | Success 1000 = 0.884
I0502 15:56:54.982026 139558059398720 terminal.py:91] [Actor] Actor Episodes = 19932 | Actor Steps = 996600 | Delta Dist = 4.030 | Delta Dist 10 = 5.921 | Delta Dist 100 = 4.907 | Delta Dist 1000 = 4.284 | Episode Length = 50 | Episode Return = 25.0 | Evaluator Episodes = 5043 | Evaluator Steps = 252150 | Final Dist = 2.678 | Final Dist 10 = 0.829 | Final Dist 100 = 1.307 | Final Dist 1000 = 1.497 | Init Dist = 6.708 | Init Dist 10 = 6.750 | Init Dist 100 = 6.214 | Init Dist 1000 = 5.781 | Learner Steps = 15411 | Learner Walltime = 3037.409 | Min Dist = 0.070 | Min Dist 10 = 0.075 | Min Dist 100 = 0.114 | Min Dist 1000 = 0.250 | Steps Per Second = 84.933 | Success = 1.000 | Success 1000 = 0.983
I0502 15:56:55.116935 139555013154368 terminal.py:91] [Learner] Actor Episodes = 19931 | Actor Loss = 3.6079187393188477 | Actor Steps = 996550 | Binary Accuracy = 0.9960529804229736 | Categorical Accuracy = 0.4237060546875 | Critic Loss = 1.8904529809951782 | Entropy Mean = -17.620819091796875 | Evaluator Episodes = 5043 | Evaluator Steps = 252150 | Learner Steps = 15421 | Learner Walltime = 3039.312 | Logits Neg = -16.361370086669922 | Logits Pos = -1.8580036163330078 | Logsumexp = 1.1789207458496094 | Steps Per Second = 154.128
I0502 15:56:55.516941 139579566835264 terminal.py:91] [Evaluator] Actor Episodes = 19937 | Actor Steps = 996850 | Delta Dist = 11.937 | Delta Dist 10 = 10.889 | Delta Dist 100 = 11.511 | Delta Dist 1000 = 11.140 | Episode Length = 50 | Episode Return = 8.0 | Evaluator Episodes = 5045 | Evaluator Steps = 252250 | Final Dist = 0.869 | Final Dist 10 = 1.917 | Final Dist 100 = 1.295 | Final Dist 1000 = 1.667 | Init Dist = 12.806 | Init Dist 10 = 12.806 | Init Dist 100 = 12.806 | Init Dist 1000 = 12.806 | Learner Steps = 15418 | Learner Walltime = 3038.693 | Min Dist = 0.093 | Min Dist 10 = 1.153 | Min Dist 100 = 0.536 | Min Dist 1000 = 0.937 | Steps Per Second = 82.879 | Success = 1.000 | Success 1000 = 0.883
I0502 15:56:56.735076 139579566835264 terminal.py:91] [Evaluator] Actor Episodes = 19945 | Actor Steps = 997250 | Delta Dist = 11.639 | Delta Dist 10 = 10.234 | Delta Dist 100 = 11.449 | Delta Dist 1000 = 11.133 | Episode Length = 50 | Episode Return = 19.0 | Evaluator Episodes = 5047 | Evaluator Steps = 252350 | Final Dist = 1.167 | Final Dist 10 = 2.572 | Final Dist 100 = 1.358 | Final Dist 1000 = 1.673 | Init Dist = 12.806 | Init Dist 10 = 12.806 | Init Dist 100 = 12.806 | Init Dist 1000 = 12.806 | Learner Steps = 15425 | Learner Walltime = 3039.966 | Min Dist = 0.093 | Min Dist 10 = 1.825 | Min Dist 100 = 0.603 | Min Dist 1000 = 0.944 | Steps Per Second = 88.969 | Success = 1.000 | Success 1000 = 0.882
I0502 15:56:57.815789 139579566835264 terminal.py:91] [Evaluator] Actor Episodes = 19953 | Actor Steps = 997650 | Delta Dist = 11.829 | Delta Dist 10 = 10.416 | Delta Dist 100 = 11.448 | Delta Dist 1000 = 11.134 | Episode Length = 50 | Episode Return = 9.0 | Evaluator Episodes = 5049 | Evaluator Steps = 252450 | Final Dist = 0.978 | Final Dist 10 = 2.390 | Final Dist 100 = 1.358 | Final Dist 1000 = 1.673 | Init Dist = 12.806 | Init Dist 10 = 12.806 | Init Dist 100 = 12.806 | Init Dist 1000 = 12.806 | Learner Steps = 15431 | Learner Walltime = 3041.224 | Min Dist = 0.236 | Min Dist 10 = 1.542 | Min Dist 100 = 0.601 | Min Dist 1000 = 0.944 | Steps Per Second = 94.363 | Success = 1.000 | Success 1000 = 0.882
I0502 15:56:58.327775 139569349502528 terminal.py:91] [Actor] Actor Episodes = 19954 | Actor Steps = 997700 | Delta Dist = 0.721 | Delta Dist 10 = 4.810 | Delta Dist 100 = 4.592 | Delta Dist 1000 = 4.260 | Episode Length = 50 | Episode Return = 35.0 | Evaluator Episodes = 5047 | Evaluator Steps = 252350 | Final Dist = 0.279 | Final Dist 10 = 1.654 | Final Dist 100 = 1.489 | Final Dist 1000 = 1.518 | Init Dist = 1.000 | Init Dist 10 = 6.464 | Init Dist 100 = 6.082 | Init Dist 1000 = 5.778 | Learner Steps = 15431 | Learner Walltime = 3041.224 | Min Dist = 0.025 | Min Dist 10 = 0.088 | Min Dist 100 = 0.119 | Min Dist 1000 = 0.251 | Steps Per Second = 83.844 | Success = 1.000 | Success 1000 = 0.983
I0502 15:56:58.424003 139555860620864 terminal.py:91] [Actor] Actor Episodes = 19957 | Actor Steps = 997850 | Delta Dist = 2.114 | Delta Dist 10 = 4.456 | Delta Dist 100 = 4.574 | Delta Dist 1000 = 4.258 | Episode Length = 50 | Episode Return = 48.0 | Evaluator Episodes = 5049 | Evaluator Steps = 252450 | Final Dist = 0.122 | Final Dist 10 = 1.598 | Final Dist 100 = 1.476 | Final Dist 1000 = 1.518 | Init Dist = 2.236 | Init Dist 10 = 6.054 | Init Dist 100 = 6.050 | Init Dist 1000 = 5.777 | Learner Steps = 15436 | Learner Walltime = 3042.454 | Min Dist = 0.008 | Min Dist 10 = 0.087 | Min Dist 100 = 0.117 | Min Dist 1000 = 0.251 | Steps Per Second = 74.824 | Success = 1.000 | Success 1000 = 0.983
I0502 15:56:58.996499 139579566835264 terminal.py:91] [Evaluator] Actor Episodes = 19961 | Actor Steps = 998050 | Delta Dist = 11.896 | Delta Dist 10 = 10.520 | Delta Dist 100 = 11.452 | Delta Dist 1000 = 11.135 | Episode Length = 50 | Episode Return = 30.0 | Evaluator Episodes = 5051 | Evaluator Steps = 252550 | Final Dist = 0.910 | Final Dist 10 = 2.286 | Final Dist 100 = 1.354 | Final Dist 1000 = 1.671 | Init Dist = 12.806 | Init Dist 10 = 12.806 | Init Dist 100 = 12.806 | Init Dist 1000 = 12.806 | Learner Steps = 15436 | Learner Walltime = 3042.454 | Min Dist = 0.088 | Min Dist 10 = 1.490 | Min Dist 100 = 0.602 | Min Dist 1000 = 0.943 | Steps Per Second = 83.142 | Success = 1.000 | Success 1000 = 0.882
I0502 15:57:00.160697 139579566835264 terminal.py:91] [Evaluator] Actor Episodes = 19969 | Actor Steps = 998450 | Delta Dist = 11.510 | Delta Dist 10 = 10.573 | Delta Dist 100 = 11.519 | Delta Dist 1000 = 11.146 | Episode Length = 50 | Episode Return = 29.0 | Evaluator Episodes = 5053 | Evaluator Steps = 252650 | Final Dist = 1.296 | Final Dist 10 = 2.234 | Final Dist 100 = 1.287 | Final Dist 1000 = 1.660 | Init Dist = 12.806 | Init Dist 10 = 12.806 | Init Dist 100 = 12.806 | Init Dist 1000 = 12.806 | Learner Steps = 15443 | Learner Walltime = 3043.645 | Min Dist = 0.178 | Min Dist 10 = 1.499 | Min Dist 100 = 0.544 | Min Dist 1000 = 0.933 | Steps Per Second = 83.988 | Success = 1.000 | Success 1000 = 0.883
I0502 15:57:00.534236 139584504182336 lp_utils.py:96] StepsLimiter: Reached 998450 recorded steps
I0502 15:57:01.302832 139557462840896 terminal.py:91] [Actor] Actor Episodes = 19977 | Actor Steps = 998850 | Delta Dist = 0.000 | Delta Dist 10 = 3.486 | Delta Dist 100 = 4.251 | Delta Dist 1000 = 4.232 | Episode Length = 50 | Episode Return = 39.0 | Evaluator Episodes = 5053 | Evaluator Steps = 252650 | Final Dist = 5.000 | Final Dist 10 = 1.149 | Final Dist 100 = 1.437 | Final Dist 1000 = 1.520 | Init Dist = 5.000 | Init Dist 10 = 4.635 | Init Dist 100 = 5.688 | Init Dist 1000 = 5.753 | Learner Steps = 15451 | Learner Walltime = 3045.012 | Min Dist = 5.000 | Min Dist 10 = 0.502 | Min Dist 100 = 0.242 | Min Dist 1000 = 0.263 | Steps Per Second = 78.328 | Success = 0.000 | Success 1000 = 0.983
I0502 15:57:01.368292 139579566835264 terminal.py:91] [Evaluator] Actor Episodes = 19977 | Actor Steps = 998850 | Delta Dist = 11.681 | Delta Dist 10 = 11.255 | Delta Dist 100 = 11.513 | Delta Dist 1000 = 11.146 | Episode Length = 50 | Episode Return = 30.0 | Evaluator Episodes = 5055 | Evaluator Steps = 252750 | Final Dist = 1.125 | Final Dist 10 = 1.551 | Final Dist 100 = 1.293 | Final Dist 1000 = 1.660 | Init Dist = 12.806 | Init Dist 10 = 12.806 | Init Dist 100 = 12.806 | Init Dist 1000 = 12.806 | Learner Steps = 15451 | Learner Walltime = 3045.012 | Min Dist = 0.201 | Min Dist 10 = 0.828 | Min Dist 100 = 0.545 | Min Dist 1000 = 0.933 | Steps Per Second = 75.098 | Success = 1.000 | Success 1000 = 0.883
I0502 15:57:02.491943 139579566835264 terminal.py:91] [Evaluator] Actor Episodes = 19983 | Actor Steps = 999150 | Delta Dist = 11.220 | Delta Dist 10 = 11.899 | Delta Dist 100 = 11.515 | Delta Dist 1000 = 11.145 | Episode Length = 50 | Episode Return = 4.0 | Evaluator Episodes = 5057 | Evaluator Steps = 252850 | Final Dist = 1.586 | Final Dist 10 = 0.907 | Final Dist 100 = 1.291 | Final Dist 1000 = 1.661 | Init Dist = 12.806 | Init Dist 10 = 12.806 | Init Dist 100 = 12.806 | Init Dist 1000 = 12.806 | Learner Steps = 15456 | Learner Walltime = 3046.140 | Min Dist = 0.191 | Min Dist 10 = 0.154 | Min Dist 100 = 0.543 | Min Dist 1000 = 0.933 | Steps Per Second = 87.965 | Success = 1.000 | Success 1000 = 0.883
I0502 15:57:03.646041 139579566835264 terminal.py:91] [Evaluator] Actor Episodes = 19991 | Actor Steps = 999550 | Delta Dist = 11.811 | Delta Dist 10 = 11.899 | Delta Dist 100 = 11.508 | Delta Dist 1000 = 11.145 | Episode Length = 50 | Episode Return = 12.0 | Evaluator Episodes = 5059 | Evaluator Steps = 252950 | Final Dist = 0.996 | Final Dist 10 = 0.907 | Final Dist 100 = 1.298 | Final Dist 1000 = 1.661 | Init Dist = 12.806 | Init Dist 10 = 12.806 | Init Dist 100 = 12.806 | Init Dist 1000 = 12.806 | Learner Steps = 15463 | Learner Walltime = 3047.334 | Min Dist = 0.235 | Min Dist 10 = 0.182 | Min Dist 100 = 0.546 | Min Dist 1000 = 0.934 | Steps Per Second = 86.609 | Success = 1.000 | Success 1000 = 0.883
I0502 15:57:04.831524 139579566835264 terminal.py:91] [Evaluator] Actor Episodes = 19999 | Actor Steps = 999950 | Delta Dist = 11.654 | Delta Dist 10 = 11.826 | Delta Dist 100 = 11.504 | Delta Dist 1000 = 11.145 | Episode Length = 50 | Episode Return = 3.0 | Evaluator Episodes = 5061 | Evaluator Steps = 253050 | Final Dist = 1.152 | Final Dist 10 = 0.980 | Final Dist 100 = 1.302 | Final Dist 1000 = 1.661 | Init Dist = 12.806 | Init Dist 10 = 12.806 | Init Dist 100 = 12.806 | Init Dist 1000 = 12.806 | Learner Steps = 15468 | Learner Walltime = 3048.375 | Min Dist = 0.238 | Min Dist 10 = 0.190 | Min Dist 100 = 0.546 | Min Dist 1000 = 0.933 | Steps Per Second = 89.464 | Success = 1.000 | Success 1000 = 0.883
I0502 15:57:05.339654 139555013154368 terminal.py:91] [Learner] Actor Episodes = 20001 | Actor Loss = 3.5550222396850586 | Actor Steps = 1000050 | Binary Accuracy = 0.9960572719573975 | Categorical Accuracy = 0.41925048828125 | Critic Loss = 1.9201223850250244 | Entropy Mean = -17.50966453552246 | Evaluator Episodes = 5061 | Evaluator Steps = 253050 | Learner Steps = 15473 | Learner Walltime = 3049.533 | Logits Neg = -15.903451919555664 | Logits Pos = -1.9080249071121216 | Logsumexp = 1.149732232093811 | Steps Per Second = 135.581
I0502 15:57:05.387070 139558059398720 terminal.py:91] [Actor] Actor Episodes = 20003 | Actor Steps = 1000150 | Delta Dist = 9.310 | Delta Dist 10 = 4.777 | Delta Dist 100 = 4.374 | Delta Dist 1000 = 4.219 | Episode Length = 50 | Episode Return = 14.0 | Evaluator Episodes = 5061 | Evaluator Steps = 253050 | Final Dist = 0.986 | Final Dist 10 = 1.602 | Final Dist 100 = 1.521 | Final Dist 1000 = 1.528 | Init Dist = 10.296 | Init Dist 10 = 6.379 | Init Dist 100 = 5.895 | Init Dist 1000 = 5.747 | Learner Steps = 15473 | Learner Walltime = 3049.533 | Min Dist = 0.986 | Min Dist 10 = 0.223 | Min Dist 100 = 0.268 | Min Dist 1000 = 0.257 | Steps Per Second = 78.999 | Success = 1.000 | Success 1000 = 0.982
I0502 15:57:05.951615 139579566835264 terminal.py:91] [Evaluator] Actor Episodes = 20005 | Actor Steps = 1000250 | Delta Dist = 12.200 | Delta Dist 10 = 11.793 | Delta Dist 100 = 11.513 | Delta Dist 1000 = 11.145 | Episode Length = 50 | Episode Return = 13.0 | Evaluator Episodes = 5063 | Evaluator Steps = 253150 | Final Dist = 0.606 | Final Dist 10 = 1.013 | Final Dist 100 = 1.294 | Final Dist 1000 = 1.661 | Init Dist = 12.806 | Init Dist 10 = 12.806 | Init Dist 100 = 12.806 | Init Dist 1000 = 12.806 | Learner Steps = 15473 | Learner Walltime = 3049.533 | Min Dist = 0.143 | Min Dist 10 = 0.200 | Min Dist 100 = 0.546 | Min Dist 1000 = 0.933 | Steps Per Second = 94.175 | Success = 1.000 | Success 1000 = 0.883
I0502 15:57:07.227373 139579566835264 terminal.py:91] [Evaluator] Actor Episodes = 20015 | Actor Steps = 1000750 | Delta Dist = 11.790 | Delta Dist 10 = 11.921 | Delta Dist 100 = 11.522 | Delta Dist 1000 = 11.147 | Episode Length = 50 | Episode Return = 15.0 | Evaluator Episodes = 5065 | Evaluator Steps = 253250 | Final Dist = 1.017 | Final Dist 10 = 0.885 | Final Dist 100 = 1.284 | Final Dist 1000 = 1.659 | Init Dist = 12.806 | Init Dist 10 = 12.806 | Init Dist 100 = 12.806 | Init Dist 1000 = 12.806 | Learner Steps = 15479 | Learner Walltime = 3050.675 | Min Dist = 0.331 | Min Dist 10 = 0.194 | Min Dist 100 = 0.546 | Min Dist 1000 = 0.931 | Steps Per Second = 82.803 | Success = 1.000 | Success 1000 = 0.884
I0502 15:57:08.336534 139579566835264 terminal.py:91] [Evaluator] Actor Episodes = 20021 | Actor Steps = 1001050 | Delta Dist = 11.775 | Delta Dist 10 = 11.872 | Delta Dist 100 = 11.517 | Delta Dist 1000 = 11.147 | Episode Length = 50 | Episode Return = 12.0 | Evaluator Episodes = 5067 | Evaluator Steps = 253350 | Final Dist = 1.031 | Final Dist 10 = 0.934 | Final Dist 100 = 1.289 | Final Dist 1000 = 1.659 | Init Dist = 12.806 | Init Dist 10 = 12.806 | Init Dist 100 = 12.806 | Init Dist 1000 = 12.806 | Learner Steps = 15485 | Learner Walltime = 3051.832 | Min Dist = 0.082 | Min Dist 10 = 0.202 | Min Dist 100 = 0.547 | Min Dist 1000 = 0.932 | Steps Per Second = 87.856 | Success = 1.000 | Success 1000 = 0.884
I0502 15:57:08.770782 139569349502528 terminal.py:91] [Actor] Actor Episodes = 20025 | Actor Steps = 1001250 | Delta Dist = 8.897 | Delta Dist 10 = 4.074 | Delta Dist 100 = 4.262 | Delta Dist 1000 = 4.216 | Episode Length = 50 | Episode Return = 0.0 | Evaluator Episodes = 5067 | Evaluator Steps = 253350 | Final Dist = 0.322 | Final Dist 10 = 1.391 | Final Dist 100 = 1.605 | Final Dist 1000 = 1.518 | Init Dist = 9.220 | Init Dist 10 = 5.465 | Init Dist 100 = 5.867 | Init Dist 1000 = 5.735 | Learner Steps = 15485 | Learner Walltime = 3051.832 | Min Dist = 0.070 | Min Dist 10 = 0.091 | Min Dist 100 = 0.287 | Min Dist 1000 = 0.255 | Steps Per Second = 77.518 | Success = 1.000 | Success 1000 = 0.984
I0502 15:57:08.950069 139555860620864 terminal.py:91] [Actor] Actor Episodes = 20022 | Actor Steps = 1001100 | Delta Dist = 6.916 | Delta Dist 10 = 4.761 | Delta Dist 100 = 4.330 | Delta Dist 1000 = 4.218 | Episode Length = 50 | Episode Return = 35.0 | Evaluator Episodes = 5065 | Evaluator Steps = 253250 | Final Dist = 0.295 | Final Dist 10 = 1.403 | Final Dist 100 = 1.562 | Final Dist 1000 = 1.518 | Init Dist = 7.211 | Init Dist 10 = 6.164 | Init Dist 100 = 5.892 | Init Dist 1000 = 5.736 | Learner Steps = 15485 | Learner Walltime = 3051.832 | Min Dist = 0.070 | Min Dist 10 = 0.096 | Min Dist 100 = 0.286 | Min Dist 1000 = 0.255 | Steps Per Second = 80.627 | Success = 1.000 | Success 1000 = 0.984
I0502 15:57:09.508025 139579566835264 terminal.py:91] [Evaluator] Actor Episodes = 20027 | Actor Steps = 1001350 | Delta Dist = 12.463 | Delta Dist 10 = 11.853 | Delta Dist 100 = 11.510 | Delta Dist 1000 = 11.158 | Episode Length = 50 | Episode Return = 10.0 | Evaluator Episodes = 5069 | Evaluator Steps = 253450 | Final Dist = 0.343 | Final Dist 10 = 0.953 | Final Dist 100 = 1.296 | Final Dist 1000 = 1.649 | Init Dist = 12.806 | Init Dist 10 = 12.806 | Init Dist 100 = 12.806 | Init Dist 1000 = 12.806 | Learner Steps = 15491 | Learner Walltime = 3053.098 | Min Dist = 0.115 | Min Dist 10 = 0.194 | Min Dist 100 = 0.549 | Min Dist 1000 = 0.921 | Steps Per Second = 86.161 | Success = 1.000 | Success 1000 = 0.885
I0502 15:57:10.551403 139584504182336 lp_utils.py:96] StepsLimiter: Reached 1001750 recorded steps
I0502 15:57:10.701087 139579566835264 terminal.py:91] [Evaluator] Actor Episodes = 20037 | Actor Steps = 1001850 | Delta Dist = 11.334 | Delta Dist 10 = 11.862 | Delta Dist 100 = 11.515 | Delta Dist 1000 = 11.158 | Episode Length = 50 | Episode Return = 28.0 | Evaluator Episodes = 5071 | Evaluator Steps = 253550 | Final Dist = 1.472 | Final Dist 10 = 0.944 | Final Dist 100 = 1.291 | Final Dist 1000 = 1.649 | Init Dist = 12.806 | Init Dist 10 = 12.806 | Init Dist 100 = 12.806 | Init Dist 1000 = 12.806 | Learner Steps = 15497 | Learner Walltime = 3054.161 | Min Dist = 0.011 | Min Dist 10 = 0.191 | Min Dist 100 = 0.545 | Min Dist 1000 = 0.920 | Steps Per Second = 83.733 | Success = 1.000 | Success 1000 = 0.885
I0502 15:57:11.512828 139557462840896 terminal.py:91] [Actor] Actor Episodes = 20040 | Actor Steps = 1002000 | Delta Dist = 4.135 | Delta Dist 10 = 2.243 | Delta Dist 100 = 4.122 | Delta Dist 1000 = 4.206 | Episode Length = 50 | Episode Return = 35.0 | Evaluator Episodes = 5071 | Evaluator Steps = 253550 | Final Dist = 1.250 | Final Dist 10 = 1.347 | Final Dist 100 = 1.461 | Final Dist 1000 = 1.525 | Init Dist = 5.385 | Init Dist 10 = 3.590 | Init Dist 100 = 5.583 | Init Dist 1000 = 5.731 | Learner Steps = 15497 | Learner Walltime = 3054.161 | Min Dist = 0.046 | Min Dist 10 = 0.066 | Min Dist 100 = 0.279 | Min Dist 1000 = 0.255 | Steps Per Second = 85.898 | Success = 1.000 | Success 1000 = 0.984
I0502 15:57:11.813891 139579566835264 terminal.py:91] [Evaluator] Actor Episodes = 20045 | Actor Steps = 1002250 | Delta Dist = 12.323 | Delta Dist 10 = 11.799 | Delta Dist 100 = 11.586 | Delta Dist 1000 = 11.163 | Episode Length = 50 | Episode Return = 24.0 | Evaluator Episodes = 5073 | Evaluator Steps = 253650 | Final Dist = 0.484 | Final Dist 10 = 1.007 | Final Dist 100 = 1.220 | Final Dist 1000 = 1.643 | Init Dist = 12.806 | Init Dist 10 = 12.806 | Init Dist 100 = 12.806 | Init Dist 1000 = 12.806 | Learner Steps = 15502 | Learner Walltime = 3055.179 | Min Dist = 0.128 | Min Dist 10 = 0.232 | Min Dist 100 = 0.476 | Min Dist 1000 = 0.914 | Steps Per Second = 84.707 | Success = 1.000 | Success 1000 = 0.886
I0502 15:57:13.069336 139579566835264 terminal.py:91] [Evaluator] Actor Episodes = 20053 | Actor Steps = 1002650 | Delta Dist = 11.472 | Delta Dist 10 = 11.816 | Delta Dist 100 = 11.600 | Delta Dist 1000 = 11.164 | Episode Length = 50 | Episode Return = 23.0 | Evaluator Episodes = 5075 | Evaluator Steps = 253750 | Final Dist = 1.334 | Final Dist 10 = 0.990 | Final Dist 100 = 1.207 | Final Dist 1000 = 1.642 | Init Dist = 12.806 | Init Dist 10 = 12.806 | Init Dist 100 = 12.806 | Init Dist 1000 = 12.806 | Learner Steps = 15508 | Learner Walltime = 3056.387 | Min Dist = 0.019 | Min Dist 10 = 0.221 | Min Dist 100 = 0.475 | Min Dist 1000 = 0.914 | Steps Per Second = 80.576 | Success = 1.000 | Success 1000 = 0.886
I0502 15:57:14.271745 139579566835264 terminal.py:91] [Evaluator] Actor Episodes = 20061 | Actor Steps = 1003050 | Delta Dist = 12.234 | Delta Dist 10 = 11.077 | Delta Dist 100 = 11.511 | Delta Dist 1000 = 11.156 | Episode Length = 50 | Episode Return = 7.0 | Evaluator Episodes = 5077 | Evaluator Steps = 253850 | Final Dist = 0.572 | Final Dist 10 = 1.729 | Final Dist 100 = 1.295 | Final Dist 1000 = 1.650 | Init Dist = 12.806 | Init Dist 10 = 12.806 | Init Dist 100 = 12.806 | Init Dist 1000 = 12.806 | Learner Steps = 15514 | Learner Walltime = 3057.651 | Min Dist = 0.255 | Min Dist 10 = 0.866 | Min Dist 100 = 0.539 | Min Dist 1000 = 0.920 | Steps Per Second = 82.142 | Success = 1.000 | Success 1000 = 0.885
I0502 15:57:15.350513 139555013154368 terminal.py:91] [Learner] Actor Episodes = 20065 | Actor Loss = 3.653534412384033 | Actor Steps = 1003250 | Binary Accuracy = 0.9960289001464844 | Categorical Accuracy = 0.41339111328125 | Critic Loss = 1.9107799530029297 | Entropy Mean = -18.528409957885742 | Evaluator Episodes = 5077 | Evaluator Steps = 253850 | Learner Steps = 15525 | Learner Walltime = 3059.547 | Logits Neg = -16.31969451904297 | Logits Pos = -1.8809311389923096 | Logsumexp = 1.1281092166900635 | Steps Per Second = 150.804
I0502 15:57:15.552012 139579566835264 terminal.py:91] [Evaluator] Actor Episodes = 20069 | Actor Steps = 1003450 | Delta Dist = 12.355 | Delta Dist 10 = 11.208 | Delta Dist 100 = 11.521 | Delta Dist 1000 = 11.165 | Episode Length = 50 | Episode Return = 20.0 | Evaluator Episodes = 5079 | Evaluator Steps = 253950 | Final Dist = 0.452 | Final Dist 10 = 1.598 | Final Dist 100 = 1.286 | Final Dist 1000 = 1.642 | Init Dist = 12.806 | Init Dist 10 = 12.806 | Init Dist 100 = 12.806 | Init Dist 1000 = 12.806 | Learner Steps = 15522 | Learner Walltime = 3059.006 | Min Dist = 0.261 | Min Dist 10 = 0.850 | Min Dist 100 = 0.538 | Min Dist 1000 = 0.914 | Steps Per Second = 75.315 | Success = 1.000 | Success 1000 = 0.886
I0502 15:57:15.820192 139558059398720 terminal.py:91] [Actor] Actor Episodes = 20068 | Actor Steps = 1003400 | Delta Dist = 5.878 | Delta Dist 10 = 4.754 | Delta Dist 100 = 4.182 | Delta Dist 1000 = 4.203 | Episode Length = 50 | Episode Return = 42.0 | Evaluator Episodes = 5077 | Evaluator Steps = 253850 | Final Dist = 0.122 | Final Dist 10 = 1.278 | Final Dist 100 = 1.447 | Final Dist 1000 = 1.523 | Init Dist = 6.000 | Init Dist 10 = 6.032 | Init Dist 100 = 5.629 | Init Dist 1000 = 5.726 | Learner Steps = 15522 | Learner Walltime = 3059.006 | Min Dist = 0.122 | Min Dist 10 = 0.170 | Min Dist 100 = 0.304 | Min Dist 1000 = 0.267 | Steps Per Second = 82.412 | Success = 1.000 | Success 1000 = 0.984
I0502 15:57:16.782847 139579566835264 terminal.py:91] [Evaluator] Actor Episodes = 20077 | Actor Steps = 1003850 | Delta Dist = 12.167 | Delta Dist 10 = 11.215 | Delta Dist 100 = 11.531 | Delta Dist 1000 = 11.165 | Episode Length = 50 | Episode Return = 1.0 | Evaluator Episodes = 5081 | Evaluator Steps = 254050 | Final Dist = 0.640 | Final Dist 10 = 1.591 | Final Dist 100 = 1.276 | Final Dist 1000 = 1.641 | Init Dist = 12.806 | Init Dist 10 = 12.806 | Init Dist 100 = 12.806 | Init Dist 1000 = 12.806 | Learner Steps = 15528 | Learner Walltime = 3060.127 | Min Dist = 0.640 | Min Dist 10 = 0.861 | Min Dist 100 = 0.541 | Min Dist 1000 = 0.913 | Steps Per Second = 82.424 | Success = 1.000 | Success 1000 = 0.886
I0502 15:57:18.055899 139579566835264 terminal.py:91] [Evaluator] Actor Episodes = 20085 | Actor Steps = 1004250 | Delta Dist = 12.407 | Delta Dist 10 = 11.375 | Delta Dist 100 = 11.540 | Delta Dist 1000 = 11.172 | Episode Length = 50 | Episode Return = 21.0 | Evaluator Episodes = 5083 | Evaluator Steps = 254150 | Final Dist = 0.399 | Final Dist 10 = 1.431 | Final Dist 100 = 1.266 | Final Dist 1000 = 1.634 | Init Dist = 12.806 | Init Dist 10 = 12.806 | Init Dist 100 = 12.806 | Init Dist 1000 = 12.806 | Learner Steps = 15534 | Learner Walltime = 3061.257 | Min Dist = 0.076 | Min Dist 10 = 0.902 | Min Dist 100 = 0.551 | Min Dist 1000 = 0.908 | Steps Per Second = 77.772 | Success = 1.000 | Success 1000 = 0.887
I0502 15:57:18.796872 139569349502528 terminal.py:91] [Actor] Actor Episodes = 20090 | Actor Steps = 1004500 | Delta Dist = 5.530 | Delta Dist 10 = 4.879 | Delta Dist 100 = 4.022 | Delta Dist 1000 = 4.204 | Episode Length = 50 | Episode Return = 46.0 | Evaluator Episodes = 5083 | Evaluator Steps = 254150 | Final Dist = 0.127 | Final Dist 10 = 1.222 | Final Dist 100 = 1.561 | Final Dist 1000 = 1.528 | Init Dist = 5.657 | Init Dist 10 = 6.101 | Init Dist 100 = 5.583 | Init Dist 1000 = 5.732 | Learner Steps = 15534 | Learner Walltime = 3061.257 | Min Dist = 0.127 | Min Dist 10 = 0.102 | Min Dist 100 = 0.244 | Min Dist 1000 = 0.265 | Steps Per Second = 91.936 | Success = 1.000 | Success 1000 = 0.984
I0502 15:57:19.052512 139555860620864 terminal.py:91] [Actor] Actor Episodes = 20093 | Actor Steps = 1004650 | Delta Dist = 5.463 | Delta Dist 10 = 5.376 | Delta Dist 100 = 4.054 | Delta Dist 1000 = 4.212 | Episode Length = 50 | Episode Return = 42.0 | Evaluator Episodes = 5083 | Evaluator Steps = 254150 | Final Dist = 0.862 | Final Dist 10 = 1.214 | Final Dist 100 = 1.542 | Final Dist 1000 = 1.525 | Init Dist = 6.325 | Init Dist 10 = 6.590 | Init Dist 100 = 5.596 | Init Dist 1000 = 5.737 | Learner Steps = 15540 | Learner Walltime = 3062.485 | Min Dist = 0.042 | Min Dist 10 = 0.100 | Min Dist 100 = 0.245 | Min Dist 1000 = 0.265 | Steps Per Second = 83.553 | Success = 1.000 | Success 1000 = 0.984
I0502 15:57:19.186344 139579566835264 terminal.py:91] [Evaluator] Actor Episodes = 20093 | Actor Steps = 1004650 | Delta Dist = 12.490 | Delta Dist 10 = 11.397 | Delta Dist 100 = 11.551 | Delta Dist 1000 = 11.172 | Episode Length = 50 | Episode Return = 28.0 | Evaluator Episodes = 5085 | Evaluator Steps = 254250 | Final Dist = 0.316 | Final Dist 10 = 1.409 | Final Dist 100 = 1.255 | Final Dist 1000 = 1.634 | Init Dist = 12.806 | Init Dist 10 = 12.806 | Init Dist 100 = 12.806 | Init Dist 1000 = 12.806 | Learner Steps = 15540 | Learner Walltime = 3062.485 | Min Dist = 0.087 | Min Dist 10 = 0.897 | Min Dist 100 = 0.545 | Min Dist 1000 = 0.908 | Steps Per Second = 88.715 | Success = 1.000 | Success 1000 = 0.887
I0502 15:57:20.300915 139579566835264 terminal.py:91] [Evaluator] Actor Episodes = 20101 | Actor Steps = 1005050 | Delta Dist = 11.824 | Delta Dist 10 = 12.179 | Delta Dist 100 = 11.559 | Delta Dist 1000 = 11.180 | Episode Length = 50 | Episode Return = 23.0 | Evaluator Episodes = 5087 | Evaluator Steps = 254350 | Final Dist = 0.982 | Final Dist 10 = 0.628 | Final Dist 100 = 1.247 | Final Dist 1000 = 1.627 | Init Dist = 12.806 | Init Dist 10 = 12.806 | Init Dist 100 = 12.806 | Init Dist 1000 = 12.806 | Learner Steps = 15547 | Learner Walltime = 3063.718 | Min Dist = 0.153 | Min Dist 10 = 0.238 | Min Dist 100 = 0.542 | Min Dist 1000 = 0.902 | Steps Per Second = 90.053 | Success = 1.000 | Success 1000 = 0.888
I0502 15:57:20.567216 139584504182336 lp_utils.py:96] StepsLimiter: Reached 1005150 recorded steps
I0502 15:57:21.531035 139579566835264 terminal.py:91] [Evaluator] Actor Episodes = 20109 | Actor Steps = 1005450 | Delta Dist = 12.600 | Delta Dist 10 = 12.055 | Delta Dist 100 = 11.549 | Delta Dist 1000 = 11.192 | Episode Length = 50 | Episode Return = 26.0 | Evaluator Episodes = 5089 | Evaluator Steps = 254450 | Final Dist = 0.206 | Final Dist 10 = 0.752 | Final Dist 100 = 1.257 | Final Dist 1000 = 1.615 | Init Dist = 12.806 | Init Dist 10 = 12.806 | Init Dist 100 = 12.806 | Init Dist 1000 = 12.806 | Learner Steps = 15553 | Learner Walltime = 3064.770 | Min Dist = 0.030 | Min Dist 10 = 0.233 | Min Dist 100 = 0.541 | Min Dist 1000 = 0.890 | Steps Per Second = 82.023 | Success = 1.000 | Success 1000 = 0.890
I0502 15:57:21.667726 139557462840896 terminal.py:91] [Actor] Actor Episodes = 20111 | Actor Steps = 1005550 | Delta Dist = 1.796 | Delta Dist 10 = 5.568 | Delta Dist 100 = 4.060 | Delta Dist 1000 = 4.227 | Episode Length = 50 | Episode Return = 43.0 | Evaluator Episodes = 5089 | Evaluator Steps = 254450 | Final Dist = 0.204 | Final Dist 10 = 0.527 | Final Dist 100 = 1.348 | Final Dist 1000 = 1.532 | Init Dist = 2.000 | Init Dist 10 = 6.096 | Init Dist 100 = 5.409 | Init Dist 1000 = 5.758 | Learner Steps = 15553 | Learner Walltime = 3064.770 | Min Dist = 0.172 | Min Dist 10 = 0.090 | Min Dist 100 = 0.221 | Min Dist 1000 = 0.265 | Steps Per Second = 77.953 | Success = 1.000 | Success 1000 = 0.985
I0502 15:57:22.741479 139579566835264 terminal.py:91] [Evaluator] Actor Episodes = 20117 | Actor Steps = 1005850 | Delta Dist = 12.500 | Delta Dist 10 = 12.100 | Delta Dist 100 = 11.560 | Delta Dist 1000 = 11.192 | Episode Length = 50 | Episode Return = 12.0 | Evaluator Episodes = 5091 | Evaluator Steps = 254550 | Final Dist = 0.306 | Final Dist 10 = 0.706 | Final Dist 100 = 1.246 | Final Dist 1000 = 1.614 | Init Dist = 12.806 | Init Dist 10 = 12.806 | Init Dist 100 = 12.806 | Init Dist 1000 = 12.806 | Learner Steps = 15559 | Learner Walltime = 3065.978 | Min Dist = 0.143 | Min Dist 10 = 0.203 | Min Dist 100 = 0.538 | Min Dist 1000 = 0.889 | Steps Per Second = 79.751 | Success = 1.000 | Success 1000 = 0.890
I0502 15:57:24.071168 139579566835264 terminal.py:91] [Evaluator] Actor Episodes = 20125 | Actor Steps = 1006250 | Delta Dist = 11.354 | Delta Dist 10 = 12.157 | Delta Dist 100 = 11.561 | Delta Dist 1000 = 11.193 | Episode Length = 50 | Episode Return = 27.0 | Evaluator Episodes = 5093 | Evaluator Steps = 254650 | Final Dist = 1.452 | Final Dist 10 = 0.650 | Final Dist 100 = 1.245 | Final Dist 1000 = 1.613 | Init Dist = 12.806 | Init Dist 10 = 12.806 | Init Dist 100 = 12.806 | Init Dist 1000 = 12.806 | Learner Steps = 15570 | Learner Walltime = 3068.203 | Min Dist = 0.068 | Min Dist 10 = 0.104 | Min Dist 100 = 0.536 | Min Dist 1000 = 0.890 | Steps Per Second = 75.055 | Success = 1.000 | Success 1000 = 0.890
I0502 15:57:25.391044 139579566835264 terminal.py:91] [Evaluator] Actor Episodes = 20133 | Actor Steps = 1006650 | Delta Dist = 11.053 | Delta Dist 10 = 12.011 | Delta Dist 100 = 11.563 | Delta Dist 1000 = 11.192 | Episode Length = 50 | Episode Return = 13.0 | Evaluator Episodes = 5095 | Evaluator Steps = 254750 | Final Dist = 1.754 | Final Dist 10 = 0.795 | Final Dist 100 = 1.243 | Final Dist 1000 = 1.614 | Init Dist = 12.806 | Init Dist 10 = 12.806 | Init Dist 100 = 12.806 | Init Dist 1000 = 12.806 | Learner Steps = 15575 | Learner Walltime = 3069.223 | Min Dist = 0.084 | Min Dist 10 = 0.110 | Min Dist 100 = 0.534 | Min Dist 1000 = 0.889 | Steps Per Second = 79.595 | Success = 1.000 | Success 1000 = 0.890
I0502 15:57:25.558028 139555013154368 terminal.py:91] [Learner] Actor Episodes = 20131 | Actor Loss = 3.5197367668151855 | Actor Steps = 1006550 | Binary Accuracy = 0.9960250854492188 | Categorical Accuracy = 0.4312744140625 | Critic Loss = 1.8758351802825928 | Entropy Mean = -18.502450942993164 | Evaluator Episodes = 5093 | Evaluator Steps = 254650 | Learner Steps = 15577 | Learner Walltime = 3069.752 | Logits Neg = -16.551965713500977 | Logits Pos = -1.8295748233795166 | Logsumexp = 1.1554324626922607 | Steps Per Second = 132.850
I0502 15:57:26.138793 139558059398720 terminal.py:91] [Actor] Actor Episodes = 20139 | Actor Steps = 1006950 | Delta Dist = 8.258 | Delta Dist 10 = 4.502 | Delta Dist 100 = 4.397 | Delta Dist 1000 = 4.270 | Episode Length = 50 | Episode Return = 17.0 | Evaluator Episodes = 5095 | Evaluator Steps = 254750 | Final Dist = 0.227 | Final Dist 10 = 1.189 | Final Dist 100 = 1.404 | Final Dist 1000 = 1.513 | Init Dist = 8.485 | Init Dist 10 = 5.691 | Init Dist 100 = 5.801 | Init Dist 1000 = 5.783 | Learner Steps = 15575 | Learner Walltime = 3069.223 | Min Dist = 0.095 | Min Dist 10 = 0.128 | Min Dist 100 = 0.270 | Min Dist 1000 = 0.254 | Steps Per Second = 74.408 | Success = 1.000 | Success 1000 = 0.985
I0502 15:57:26.669325 139579566835264 terminal.py:91] [Evaluator] Actor Episodes = 20141 | Actor Steps = 1007050 | Delta Dist = 11.651 | Delta Dist 10 = 11.958 | Delta Dist 100 = 11.561 | Delta Dist 1000 = 11.191 | Episode Length = 50 | Episode Return = 21.0 | Evaluator Episodes = 5097 | Evaluator Steps = 254850 | Final Dist = 1.155 | Final Dist 10 = 0.848 | Final Dist 100 = 1.246 | Final Dist 1000 = 1.615 | Init Dist = 12.806 | Init Dist 10 = 12.806 | Init Dist 100 = 12.806 | Init Dist 1000 = 12.806 | Learner Steps = 15581 | Learner Walltime = 3070.385 | Min Dist = 0.093 | Min Dist 10 = 0.106 | Min Dist 100 = 0.535 | Min Dist 1000 = 0.888 | Steps Per Second = 75.484 | Success = 1.000 | Success 1000 = 0.890
I0502 15:57:27.822092 139579566835264 terminal.py:91] [Evaluator] Actor Episodes = 20149 | Actor Steps = 1007450 | Delta Dist = 12.604 | Delta Dist 10 = 12.031 | Delta Dist 100 = 11.566 | Delta Dist 1000 = 11.195 | Episode Length = 50 | Episode Return = 21.0 | Evaluator Episodes = 5099 | Evaluator Steps = 254950 | Final Dist = 0.202 | Final Dist 10 = 0.775 | Final Dist 100 = 1.240 | Final Dist 1000 = 1.611 | Init Dist = 12.806 | Init Dist 10 = 12.806 | Init Dist 100 = 12.806 | Init Dist 1000 = 12.806 | Learner Steps = 15586 | Learner Walltime = 3071.565 | Min Dist = 0.141 | Min Dist 10 = 0.128 | Min Dist 100 = 0.538 | Min Dist 1000 = 0.883 | Steps Per Second = 85.321 | Success = 1.000 | Success 1000 = 0.891
I0502 15:57:29.080139 139579566835264 terminal.py:91] [Evaluator] Actor Episodes = 20159 | Actor Steps = 1007950 | Delta Dist = 12.364 | Delta Dist 10 = 11.994 | Delta Dist 100 = 11.571 | Delta Dist 1000 = 11.195 | Episode Length = 50 | Episode Return = 17.0 | Evaluator Episodes = 5101 | Evaluator Steps = 255050 | Final Dist = 0.442 | Final Dist 10 = 0.812 | Final Dist 100 = 1.235 | Final Dist 1000 = 1.611 | Init Dist = 12.806 | Init Dist 10 = 12.806 | Init Dist 100 = 12.806 | Init Dist 1000 = 12.806 | Learner Steps = 15592 | Learner Walltime = 3072.736 | Min Dist = 0.094 | Min Dist 10 = 0.194 | Min Dist 100 = 0.537 | Min Dist 1000 = 0.883 | Steps Per Second = 81.441 | Success = 1.000 | Success 1000 = 0.891
I0502 15:57:29.115823 139569349502528 terminal.py:91] [Actor] Actor Episodes = 20154 | Actor Steps = 1007700 | Delta Dist = 9.929 | Delta Dist 10 = 4.850 | Delta Dist 100 = 4.713 | Delta Dist 1000 = 4.270 | Episode Length = 50 | Episode Return = 32.0 | Evaluator Episodes = 5099 | Evaluator Steps = 254950 | Final Dist = 0.121 | Final Dist 10 = 2.197 | Final Dist 100 = 1.352 | Final Dist 1000 = 1.517 | Init Dist = 10.050 | Init Dist 10 = 7.047 | Init Dist 100 = 6.066 | Init Dist 1000 = 5.787 | Learner Steps = 15586 | Learner Walltime = 3071.565 | Min Dist = 0.055 | Min Dist 10 = 0.076 | Min Dist 100 = 0.160 | Min Dist 1000 = 0.254 | Steps Per Second = 73.053 | Success = 1.000 | Success 1000 = 0.987
I0502 15:57:29.532473 139555860620864 terminal.py:91] [Actor] Actor Episodes = 20158 | Actor Steps = 1007900 | Delta Dist = -0.200 | Delta Dist 10 = 4.863 | Delta Dist 100 = 4.770 | Delta Dist 1000 = 4.275 | Episode Length = 50 | Episode Return = 22.0 | Evaluator Episodes = 5099 | Evaluator Steps = 254950 | Final Dist = 0.200 | Final Dist 10 = 2.240 | Final Dist 100 = 1.328 | Final Dist 1000 = 1.516 | Init Dist = 0.000 | Init Dist 10 = 7.103 | Init Dist 100 = 6.098 | Init Dist 1000 = 5.791 | Learner Steps = 15592 | Learner Walltime = 3072.736 | Min Dist = 0.000 | Min Dist 10 = 0.069 | Min Dist 100 = 0.158 | Min Dist 1000 = 0.253 | Steps Per Second = 77.504 | Success = 1.000 | Success 1000 = 0.987
I0502 15:57:30.275785 139579566835264 terminal.py:91] [Evaluator] Actor Episodes = 20167 | Actor Steps = 1008350 | Delta Dist = 12.007 | Delta Dist 10 = 11.632 | Delta Dist 100 = 11.579 | Delta Dist 1000 = 11.194 | Episode Length = 50 | Episode Return = 11.0 | Evaluator Episodes = 5103 | Evaluator Steps = 255150 | Final Dist = 0.799 | Final Dist 10 = 1.174 | Final Dist 100 = 1.227 | Final Dist 1000 = 1.612 | Init Dist = 12.806 | Init Dist 10 = 12.806 | Init Dist 100 = 12.806 | Init Dist 1000 = 12.806 | Learner Steps = 15598 | Learner Walltime = 3073.838 | Min Dist = 0.352 | Min Dist 10 = 0.565 | Min Dist 100 = 0.534 | Min Dist 1000 = 0.887 | Steps Per Second = 74.687 | Success = 1.000 | Success 1000 = 0.890
I0502 15:57:30.588614 139584504182336 lp_utils.py:96] StepsLimiter: Reached 1008350 recorded steps
I0502 15:57:31.461338 139579566835264 terminal.py:91] [Evaluator] Actor Episodes = 20173 | Actor Steps = 1008650 | Delta Dist = 12.593 | Delta Dist 10 = 11.635 | Delta Dist 100 = 11.582 | Delta Dist 1000 = 11.204 | Episode Length = 50 | Episode Return = 14.0 | Evaluator Episodes = 5105 | Evaluator Steps = 255250 | Final Dist = 0.214 | Final Dist 10 = 1.171 | Final Dist 100 = 1.224 | Final Dist 1000 = 1.602 | Init Dist = 12.806 | Init Dist 10 = 12.806 | Init Dist 100 = 12.806 | Init Dist 1000 = 12.806 | Learner Steps = 15603 | Learner Walltime = 3074.896 | Min Dist = 0.214 | Min Dist 10 = 0.597 | Min Dist 100 = 0.531 | Min Dist 1000 = 0.876 | Steps Per Second = 86.479 | Success = 1.000 | Success 1000 = 0.891
I0502 15:57:32.056105 139557462840896 terminal.py:91] [Actor] Actor Episodes = 20174 | Actor Steps = 1008700 | Delta Dist = 2.263 | Delta Dist 10 = 4.467 | Delta Dist 100 = 4.622 | Delta Dist 1000 = 4.289 | Episode Length = 50 | Episode Return = 18.0 | Evaluator Episodes = 5103 | Evaluator Steps = 255150 | Final Dist = 1.343 | Final Dist 10 = 2.219 | Final Dist 100 = 1.644 | Final Dist 1000 = 1.530 | Init Dist = 3.606 | Init Dist 10 = 6.686 | Init Dist 100 = 6.265 | Init Dist 1000 = 5.820 | Learner Steps = 15603 | Learner Walltime = 3074.896 | Min Dist = 0.044 | Min Dist 10 = 1.128 | Min Dist 100 = 0.255 | Min Dist 1000 = 0.262 | Steps Per Second = 83.545 | Success = 1.000 | Success 1000 = 0.987
I0502 15:57:32.584567 139579566835264 terminal.py:91] [Evaluator] Actor Episodes = 20179 | Actor Steps = 1008950 | Delta Dist = 11.761 | Delta Dist 10 = 11.788 | Delta Dist 100 = 11.585 | Delta Dist 1000 = 11.206 | Episode Length = 50 | Episode Return = 23.0 | Evaluator Episodes = 5107 | Evaluator Steps = 255350 | Final Dist = 1.045 | Final Dist 10 = 1.018 | Final Dist 100 = 1.221 | Final Dist 1000 = 1.600 | Init Dist = 12.806 | Init Dist 10 = 12.806 | Init Dist 100 = 12.806 | Init Dist 1000 = 12.806 | Learner Steps = 15609 | Learner Walltime = 3076.052 | Min Dist = 0.052 | Min Dist 10 = 0.640 | Min Dist 100 = 0.534 | Min Dist 1000 = 0.877 | Steps Per Second = 93.615 | Success = 1.000 | Success 1000 = 0.891
I0502 15:57:33.749654 139579566835264 terminal.py:91] [Evaluator] Actor Episodes = 20187 | Actor Steps = 1009350 | Delta Dist = 11.544 | Delta Dist 10 = 11.668 | Delta Dist 100 = 11.586 | Delta Dist 1000 = 11.204 | Episode Length = 50 | Episode Return = 5.0 | Evaluator Episodes = 5109 | Evaluator Steps = 255450 | Final Dist = 1.262 | Final Dist 10 = 1.138 | Final Dist 100 = 1.220 | Final Dist 1000 = 1.602 | Init Dist = 12.806 | Init Dist 10 = 12.806 | Init Dist 100 = 12.806 | Init Dist 1000 = 12.806 | Learner Steps = 15615 | Learner Walltime = 3077.085 | Min Dist = 0.330 | Min Dist 10 = 0.609 | Min Dist 100 = 0.533 | Min Dist 1000 = 0.876 | Steps Per Second = 79.856 | Success = 1.000 | Success 1000 = 0.891
I0502 15:57:34.841170 139579566835264 terminal.py:91] [Evaluator] Actor Episodes = 20195 | Actor Steps = 1009750 | Delta Dist = 11.436 | Delta Dist 10 = 11.537 | Delta Dist 100 = 11.568 | Delta Dist 1000 = 11.203 | Episode Length = 50 | Episode Return = 0.0 | Evaluator Episodes = 5111 | Evaluator Steps = 255550 | Final Dist = 1.371 | Final Dist 10 = 1.269 | Final Dist 100 = 1.238 | Final Dist 1000 = 1.603 | Init Dist = 12.806 | Init Dist 10 = 12.806 | Init Dist 100 = 12.806 | Init Dist 1000 = 12.806 | Learner Steps = 15620 | Learner Walltime = 3078.156 | Min Dist = 1.007 | Min Dist 10 = 0.590 | Min Dist 100 = 0.530 | Min Dist 1000 = 0.876 | Steps Per Second = 93.738 | Success = 0.000 | Success 1000 = 0.891
I0502 15:57:35.709481 139555013154368 terminal.py:91] [Learner] Actor Episodes = 20199 | Actor Loss = 3.597496747970581 | Actor Steps = 1009950 | Binary Accuracy = 0.9960393905639648 | Categorical Accuracy = 0.40716552734375 | Critic Loss = 1.9302635192871094 | Entropy Mean = -18.418323516845703 | Evaluator Episodes = 5111 | Evaluator Steps = 255550 | Learner Steps = 15629 | Learner Walltime = 3079.907 | Logits Neg = -16.346336364746094 | Logits Pos = -1.908057689666748 | Logsumexp = 1.060962438583374 | Steps Per Second = 256.129
I0502 15:57:35.949789 139579566835264 terminal.py:91] [Evaluator] Actor Episodes = 20203 | Actor Steps = 1010150 | Delta Dist = 12.554 | Delta Dist 10 = 11.772 | Delta Dist 100 = 11.565 | Delta Dist 1000 = 11.203 | Episode Length = 50 | Episode Return = 12.0 | Evaluator Episodes = 5113 | Evaluator Steps = 255650 | Final Dist = 0.252 | Final Dist 10 = 1.034 | Final Dist 100 = 1.242 | Final Dist 1000 = 1.603 | Init Dist = 12.806 | Init Dist 10 = 12.806 | Init Dist 100 = 12.806 | Init Dist 1000 = 12.806 | Learner Steps = 15626 | Learner Walltime = 3079.308 | Min Dist = 0.252 | Min Dist 10 = 0.307 | Min Dist 100 = 0.534 | Min Dist 1000 = 0.876 | Steps Per Second = 88.764 | Success = 1.000 | Success 1000 = 0.890
I0502 15:57:36.357824 139558059398720 terminal.py:91] [Actor] Actor Episodes = 20204 | Actor Steps = 1010200 | Delta Dist = 11.419 | Delta Dist 10 = 4.564 | Delta Dist 100 = 4.597 | Delta Dist 1000 = 4.272 | Episode Length = 50 | Episode Return = 30.0 | Evaluator Episodes = 5111 | Evaluator Steps = 255550 | Final Dist = 0.623 | Final Dist 10 = 0.714 | Final Dist 100 = 1.548 | Final Dist 1000 = 1.512 | Init Dist = 12.042 | Init Dist 10 = 5.277 | Init Dist 100 = 6.145 | Init Dist 1000 = 5.785 | Learner Steps = 15626 | Learner Walltime = 3079.308 | Min Dist = 0.119 | Min Dist 10 = 0.204 | Min Dist 100 = 0.306 | Min Dist 1000 = 0.261 | Steps Per Second = 88.608 | Success = 1.000 | Success 1000 = 0.987
I0502 15:57:37.087765 139579566835264 terminal.py:91] [Evaluator] Actor Episodes = 20211 | Actor Steps = 1010550 | Delta Dist = 12.150 | Delta Dist 10 = 11.915 | Delta Dist 100 = 11.578 | Delta Dist 1000 = 11.205 | Episode Length = 50 | Episode Return = 16.0 | Evaluator Episodes = 5115 | Evaluator Steps = 255750 | Final Dist = 0.657 | Final Dist 10 = 0.892 | Final Dist 100 = 1.229 | Final Dist 1000 = 1.602 | Init Dist = 12.806 | Init Dist 10 = 12.806 | Init Dist 100 = 12.806 | Init Dist 1000 = 12.806 | Learner Steps = 15632 | Learner Walltime = 3080.450 | Min Dist = 0.297 | Min Dist 10 = 0.298 | Min Dist 100 = 0.534 | Min Dist 1000 = 0.876 | Steps Per Second = 91.665 | Success = 1.000 | Success 1000 = 0.890
I0502 15:57:38.245220 139579566835264 terminal.py:91] [Evaluator] Actor Episodes = 20219 | Actor Steps = 1010950 | Delta Dist = 11.911 | Delta Dist 10 = 11.887 | Delta Dist 100 = 11.583 | Delta Dist 1000 = 11.205 | Episode Length = 50 | Episode Return = 24.0 | Evaluator Episodes = 5117 | Evaluator Steps = 255850 | Final Dist = 0.895 | Final Dist 10 = 0.919 | Final Dist 100 = 1.223 | Final Dist 1000 = 1.601 | Init Dist = 12.806 | Init Dist 10 = 12.806 | Init Dist 100 = 12.806 | Init Dist 1000 = 12.806 | Learner Steps = 15640 | Learner Walltime = 3081.728 | Min Dist = 0.152 | Min Dist 10 = 0.284 | Min Dist 100 = 0.538 | Min Dist 1000 = 0.876 | Steps Per Second = 81.266 | Success = 1.000 | Success 1000 = 0.890
I0502 15:57:39.242298 139569349502528 terminal.py:91] [Actor] Actor Episodes = 20228 | Actor Steps = 1011400 | Delta Dist = 9.582 | Delta Dist 10 = 4.223 | Delta Dist 100 = 4.283 | Delta Dist 1000 = 4.273 | Episode Length = 50 | Episode Return = 45.0 | Evaluator Episodes = 5117 | Evaluator Steps = 255850 | Final Dist = 0.267 | Final Dist 10 = 1.794 | Final Dist 100 = 1.690 | Final Dist 1000 = 1.524 | Init Dist = 9.849 | Init Dist 10 = 6.018 | Init Dist 100 = 5.973 | Init Dist 1000 = 5.797 | Learner Steps = 15646 | Learner Walltime = 3082.920 | Min Dist = 0.267 | Min Dist 10 = 0.073 | Min Dist 100 = 0.252 | Min Dist 1000 = 0.257 | Steps Per Second = 78.140 | Success = 1.000 | Success 1000 = 0.988
I0502 15:57:39.412122 139579566835264 terminal.py:91] [Evaluator] Actor Episodes = 20228 | Actor Steps = 1011400 | Delta Dist = 5.682 | Delta Dist 10 = 11.936 | Delta Dist 100 = 11.585 | Delta Dist 1000 = 11.211 | Episode Length = 50 | Episode Return = 0.0 | Evaluator Episodes = 5119 | Evaluator Steps = 255950 | Final Dist = 7.124 | Final Dist 10 = 0.870 | Final Dist 100 = 1.221 | Final Dist 1000 = 1.595 | Init Dist = 12.806 | Init Dist 10 = 12.806 | Init Dist 100 = 12.806 | Init Dist 1000 = 12.806 | Learner Steps = 15646 | Learner Walltime = 3082.920 | Min Dist = 6.090 | Min Dist 10 = 0.308 | Min Dist 100 = 0.536 | Min Dist 1000 = 0.869 | Steps Per Second = 88.411 | Success = 0.000 | Success 1000 = 0.891
I0502 15:57:39.728888 139555860620864 terminal.py:91] [Actor] Actor Episodes = 20230 | Actor Steps = 1011500 | Delta Dist = 4.946 | Delta Dist 10 = 4.221 | Delta Dist 100 = 4.303 | Delta Dist 1000 = 4.282 | Episode Length = 50 | Episode Return = 39.0 | Evaluator Episodes = 5119 | Evaluator Steps = 255950 | Final Dist = 0.054 | Final Dist 10 = 1.297 | Final Dist 100 = 1.621 | Final Dist 1000 = 1.517 | Init Dist = 5.000 | Init Dist 10 = 5.517 | Init Dist 100 = 5.923 | Init Dist 1000 = 5.800 | Learner Steps = 15646 | Learner Walltime = 3082.920 | Min Dist = 0.051 | Min Dist 10 = 0.081 | Min Dist 100 = 0.253 | Min Dist 1000 = 0.252 | Steps Per Second = 85.714 | Success = 1.000 | Success 1000 = 0.988
I0502 15:57:40.608773 139579566835264 terminal.py:91] [Evaluator] Actor Episodes = 20236 | Actor Steps = 1011800 | Delta Dist = 11.473 | Delta Dist 10 = 11.090 | Delta Dist 100 = 11.567 | Delta Dist 1000 = 11.201 | Episode Length = 50 | Episode Return = 1.0 | Evaluator Episodes = 5121 | Evaluator Steps = 256050 | Final Dist = 1.333 | Final Dist 10 = 1.716 | Final Dist 100 = 1.239 | Final Dist 1000 = 1.605 | Init Dist = 12.806 | Init Dist 10 = 12.806 | Init Dist 100 = 12.806 | Init Dist 1000 = 12.806 | Learner Steps = 15652 | Learner Walltime = 3084.058 | Min Dist = 0.790 | Min Dist 10 = 1.273 | Min Dist 100 = 0.564 | Min Dist 1000 = 0.879 | Steps Per Second = 86.515 | Success = 1.000 | Success 1000 = 0.889
I0502 15:57:40.609033 139584504182336 lp_utils.py:96] StepsLimiter: Reached 1011800 recorded steps
I0502 15:57:41.863141 139579566835264 terminal.py:91] [Evaluator] Actor Episodes = 20244 | Actor Steps = 1012200 | Delta Dist = 11.470 | Delta Dist 10 = 11.063 | Delta Dist 100 = 11.572 | Delta Dist 1000 = 11.200 | Episode Length = 50 | Episode Return = 3.0 | Evaluator Episodes = 5123 | Evaluator Steps = 256150 | Final Dist = 1.336 | Final Dist 10 = 1.743 | Final Dist 100 = 1.234 | Final Dist 1000 = 1.606 | Init Dist = 12.806 | Init Dist 10 = 12.806 | Init Dist 100 = 12.806 | Init Dist 1000 = 12.806 | Learner Steps = 15658 | Learner Walltime = 3085.338 | Min Dist = 0.638 | Min Dist 10 = 1.251 | Min Dist 100 = 0.570 | Min Dist 1000 = 0.880 | Steps Per Second = 83.143 | Success = 1.000 | Success 1000 = 0.889
I0502 15:57:42.498656 139557462840896 terminal.py:91] [Actor] Actor Episodes = 20248 | Actor Steps = 1012400 | Delta Dist = 4.031 | Delta Dist 10 = 5.247 | Delta Dist 100 = 4.248 | Delta Dist 1000 = 4.278 | Episode Length = 50 | Episode Return = 23.0 | Evaluator Episodes = 5123 | Evaluator Steps = 256150 | Final Dist = 0.211 | Final Dist 10 = 1.506 | Final Dist 100 = 1.791 | Final Dist 1000 = 1.528 | Init Dist = 4.243 | Init Dist 10 = 6.753 | Init Dist 100 = 6.039 | Init Dist 1000 = 5.805 | Learner Steps = 15665 | Learner Walltime = 3086.673 | Min Dist = 0.211 | Min Dist 10 = 0.057 | Min Dist 100 = 0.249 | Min Dist 1000 = 0.243 | Steps Per Second = 77.097 | Success = 1.000 | Success 1000 = 0.990
I0502 15:57:43.156345 139579566835264 terminal.py:91] [Evaluator] Actor Episodes = 20252 | Actor Steps = 1012600 | Delta Dist = 12.375 | Delta Dist 10 = 10.853 | Delta Dist 100 = 11.556 | Delta Dist 1000 = 11.199 | Episode Length = 50 | Episode Return = 11.0 | Evaluator Episodes = 5125 | Evaluator Steps = 256250 | Final Dist = 0.431 | Final Dist 10 = 1.953 | Final Dist 100 = 1.251 | Final Dist 1000 = 1.607 | Init Dist = 12.806 | Init Dist 10 = 12.806 | Init Dist 100 = 12.806 | Init Dist 1000 = 12.806 | Learner Steps = 15665 | Learner Walltime = 3086.673 | Min Dist = 0.419 | Min Dist 10 = 1.300 | Min Dist 100 = 0.575 | Min Dist 1000 = 0.880 | Steps Per Second = 72.567 | Success = 1.000 | Success 1000 = 0.889
I0502 15:57:44.388461 139579566835264 terminal.py:91] [Evaluator] Actor Episodes = 20258 | Actor Steps = 1012900 | Delta Dist = 12.233 | Delta Dist 10 = 10.878 | Delta Dist 100 = 11.574 | Delta Dist 1000 = 11.201 | Episode Length = 50 | Episode Return = 17.0 | Evaluator Episodes = 5127 | Evaluator Steps = 256350 | Final Dist = 0.574 | Final Dist 10 = 1.929 | Final Dist 100 = 1.232 | Final Dist 1000 = 1.605 | Init Dist = 12.806 | Init Dist 10 = 12.806 | Init Dist 100 = 12.806 | Init Dist 1000 = 12.806 | Learner Steps = 15671 | Learner Walltime = 3087.746 | Min Dist = 0.178 | Min Dist 10 = 1.295 | Min Dist 100 = 0.577 | Min Dist 1000 = 0.880 | Steps Per Second = 79.503 | Success = 1.000 | Success 1000 = 0.889
I0502 15:57:45.609355 139579566835264 terminal.py:91] [Evaluator] Actor Episodes = 20266 | Actor Steps = 1013300 | Delta Dist = 11.838 | Delta Dist 10 = 10.906 | Delta Dist 100 = 11.576 | Delta Dist 1000 = 11.201 | Episode Length = 50 | Episode Return = 19.0 | Evaluator Episodes = 5129 | Evaluator Steps = 256450 | Final Dist = 0.968 | Final Dist 10 = 1.900 | Final Dist 100 = 1.230 | Final Dist 1000 = 1.606 | Init Dist = 12.806 | Init Dist 10 = 12.806 | Init Dist 100 = 12.806 | Init Dist 1000 = 12.806 | Learner Steps = 15676 | Learner Walltime = 3088.777 | Min Dist = 0.129 | Min Dist 10 = 1.306 | Min Dist 100 = 0.580 | Min Dist 1000 = 0.880 | Steps Per Second = 84.572 | Success = 1.000 | Success 1000 = 0.889
I0502 15:57:45.762045 139555013154368 terminal.py:91] [Learner] Actor Episodes = 20266 | Actor Loss = 3.674556255340576 | Actor Steps = 1013300 | Binary Accuracy = 0.9960637092590332 | Categorical Accuracy = 0.4185791015625 | Critic Loss = 1.919159173965454 | Entropy Mean = -17.714885711669922 | Evaluator Episodes = 5129 | Evaluator Steps = 256450 | Learner Steps = 15681 | Learner Walltime = 3089.956 | Logits Neg = -16.393653869628906 | Logits Pos = -1.9039208889007568 | Logsumexp = 1.1269840002059937 | Steps Per Second = 518.786
I0502 15:57:46.806788 139558059398720 terminal.py:91] [Actor] Actor Episodes = 20276 | Actor Steps = 1013800 | Delta Dist = 7.544 | Delta Dist 10 = 4.642 | Delta Dist 100 = 4.100 | Delta Dist 1000 = 4.250 | Episode Length = 50 | Episode Return = 7.0 | Evaluator Episodes = 5129 | Evaluator Steps = 256450 | Final Dist = 1.000 | Final Dist 10 = 2.135 | Final Dist 100 = 1.618 | Final Dist 1000 = 1.552 | Init Dist = 8.544 | Init Dist 10 = 6.777 | Init Dist 100 = 5.718 | Init Dist 1000 = 5.802 | Learner Steps = 15680 | Learner Walltime = 3089.833 | Min Dist = 0.036 | Min Dist 10 = 0.140 | Min Dist 100 = 0.147 | Min Dist 1000 = 0.235 | Steps Per Second = 98.607 | Success = 1.000 | Success 1000 = 0.990
I0502 15:57:46.871102 139579566835264 terminal.py:91] [Evaluator] Actor Episodes = 20276 | Actor Steps = 1013800 | Delta Dist = 12.146 | Delta Dist 10 = 11.792 | Delta Dist 100 = 11.564 | Delta Dist 1000 = 11.212 | Episode Length = 50 | Episode Return = 18.0 | Evaluator Episodes = 5131 | Evaluator Steps = 256550 | Final Dist = 0.661 | Final Dist 10 = 1.014 | Final Dist 100 = 1.242 | Final Dist 1000 = 1.595 | Init Dist = 12.806 | Init Dist 10 = 12.806 | Init Dist 100 = 12.806 | Init Dist 1000 = 12.806 | Learner Steps = 15680 | Learner Walltime = 3089.833 | Min Dist = 0.088 | Min Dist 10 = 0.315 | Min Dist 100 = 0.579 | Min Dist 1000 = 0.868 | Steps Per Second = 82.226 | Success = 1.000 | Success 1000 = 0.890
I0502 15:57:48.068980 139579566835264 terminal.py:91] [Evaluator] Actor Episodes = 20284 | Actor Steps = 1014200 | Delta Dist = 11.659 | Delta Dist 10 = 11.902 | Delta Dist 100 = 11.569 | Delta Dist 1000 = 11.213 | Episode Length = 50 | Episode Return = 1.0 | Evaluator Episodes = 5133 | Evaluator Steps = 256650 | Final Dist = 1.148 | Final Dist 10 = 0.904 | Final Dist 100 = 1.238 | Final Dist 1000 = 1.594 | Init Dist = 12.806 | Init Dist 10 = 12.806 | Init Dist 100 = 12.806 | Init Dist 1000 = 12.806 | Learner Steps = 15693 | Learner Walltime = 3092.167 | Min Dist = 0.801 | Min Dist 10 = 0.247 | Min Dist 100 = 0.578 | Min Dist 1000 = 0.868 | Steps Per Second = 82.188 | Success = 1.000 | Success 1000 = 0.890
I0502 15:57:49.224360 139579566835264 terminal.py:91] [Evaluator] Actor Episodes = 20292 | Actor Steps = 1014600 | Delta Dist = 5.004 | Delta Dist 10 = 11.969 | Delta Dist 100 = 11.566 | Delta Dist 1000 = 11.212 | Episode Length = 50 | Episode Return = 0.0 | Evaluator Episodes = 5135 | Evaluator Steps = 256750 | Final Dist = 7.802 | Final Dist 10 = 0.837 | Final Dist 100 = 1.240 | Final Dist 1000 = 1.594 | Init Dist = 12.806 | Init Dist 10 = 12.806 | Init Dist 100 = 12.806 | Init Dist 1000 = 12.806 | Learner Steps = 15698 | Learner Walltime = 3093.201 | Min Dist = 6.207 | Min Dist 10 = 0.260 | Min Dist 100 = 0.586 | Min Dist 1000 = 0.868 | Steps Per Second = 88.855 | Success = 0.000 | Success 1000 = 0.890
I0502 15:57:49.675070 139569349502528 terminal.py:91] [Actor] Actor Episodes = 20291 | Actor Steps = 1014550 | Delta Dist = 10.359 | Delta Dist 10 = 6.340 | Delta Dist 100 = 4.686 | Delta Dist 1000 = 4.309 | Episode Length = 50 | Episode Return = 4.0 | Evaluator Episodes = 5133 | Evaluator Steps = 256650 | Final Dist = 0.412 | Final Dist 10 = 0.829 | Final Dist 100 = 1.483 | Final Dist 1000 = 1.531 | Init Dist = 10.770 | Init Dist 10 = 7.169 | Init Dist 100 = 6.168 | Init Dist 1000 = 5.841 | Learner Steps = 15698 | Learner Walltime = 3093.201 | Min Dist = 0.074 | Min Dist 10 = 0.132 | Min Dist 100 = 0.104 | Min Dist 1000 = 0.230 | Steps Per Second = 80.148 | Success = 1.000 | Success 1000 = 0.990
I0502 15:57:50.076722 139555860620864 terminal.py:91] [Actor] Actor Episodes = 20295 | Actor Steps = 1014750 | Delta Dist = 6.566 | Delta Dist 10 = 5.763 | Delta Dist 100 = 4.687 | Delta Dist 1000 = 4.310 | Episode Length = 50 | Episode Return = 5.0 | Evaluator Episodes = 5135 | Evaluator Steps = 256750 | Final Dist = 0.142 | Final Dist 10 = 0.756 | Final Dist 100 = 1.492 | Final Dist 1000 = 1.532 | Init Dist = 6.708 | Init Dist 10 = 6.519 | Init Dist 100 = 6.179 | Init Dist 1000 = 5.842 | Learner Steps = 15698 | Learner Walltime = 3093.201 | Min Dist = 0.048 | Min Dist 10 = 0.144 | Min Dist 100 = 0.107 | Min Dist 1000 = 0.230 | Steps Per Second = 83.613 | Success = 1.000 | Success 1000 = 0.990
I0502 15:57:50.403576 139579566835264 terminal.py:91] [Evaluator] Actor Episodes = 20300 | Actor Steps = 1015000 | Delta Dist = 12.566 | Delta Dist 10 = 11.184 | Delta Dist 100 = 11.496 | Delta Dist 1000 = 11.208 | Episode Length = 50 | Episode Return = 24.0 | Evaluator Episodes = 5137 | Evaluator Steps = 256850 | Final Dist = 0.240 | Final Dist 10 = 1.622 | Final Dist 100 = 1.311 | Final Dist 1000 = 1.598 | Init Dist = 12.806 | Init Dist 10 = 12.806 | Init Dist 100 = 12.806 | Init Dist 1000 = 12.806 | Learner Steps = 15704 | Learner Walltime = 3094.393 | Min Dist = 0.232 | Min Dist 10 = 0.866 | Min Dist 100 = 0.648 | Min Dist 1000 = 0.871 | Steps Per Second = 84.396 | Success = 1.000 | Success 1000 = 0.890
I0502 15:57:50.630817 139584504182336 lp_utils.py:96] StepsLimiter: Reached 1015000 recorded steps
I0502 15:57:51.621978 139579566835264 terminal.py:91] [Evaluator] Actor Episodes = 20308 | Actor Steps = 1015400 | Delta Dist = 11.929 | Delta Dist 10 = 11.337 | Delta Dist 100 = 11.531 | Delta Dist 1000 = 11.209 | Episode Length = 50 | Episode Return = 5.0 | Evaluator Episodes = 5139 | Evaluator Steps = 256950 | Final Dist = 0.877 | Final Dist 10 = 1.470 | Final Dist 100 = 1.275 | Final Dist 1000 = 1.597 | Init Dist = 12.806 | Init Dist 10 = 12.806 | Init Dist 100 = 12.806 | Init Dist 1000 = 12.806 | Learner Steps = 15711 | Learner Walltime = 3095.730 | Min Dist = 0.292 | Min Dist 10 = 0.849 | Min Dist 100 = 0.620 | Min Dist 1000 = 0.871 | Steps Per Second = 80.701 | Success = 1.000 | Success 1000 = 0.890
I0502 15:57:51.792880 139584635659840 savers.py:156] Saving checkpoint: logs/contrastive_cpc_point_FourRooms_64/5dd72662-2788-11f0-b183-d85ed38c5779/checkpoints/counter
I0502 15:57:51.911947 139583350109760 savers.py:156] Saving checkpoint: logs/contrastive_cpc_point_FourRooms_64/5dd72662-2788-11f0-b183-d85ed38c5779/checkpoints/learner
I0502 15:57:52.784901 139557462840896 terminal.py:91] [Actor] Actor Episodes = 20313 | Actor Steps = 1015650 | Delta Dist = 4.722 | Delta Dist 10 = 3.049 | Delta Dist 100 = 4.723 | Delta Dist 1000 = 4.340 | Episode Length = 50 | Episode Return = 23.0 | Evaluator Episodes = 5139 | Evaluator Steps = 256950 | Final Dist = 0.278 | Final Dist 10 = 1.760 | Final Dist 100 = 1.520 | Final Dist 1000 = 1.525 | Init Dist = 5.000 | Init Dist 10 = 4.809 | Init Dist 100 = 6.243 | Init Dist 1000 = 5.865 | Learner Steps = 15711 | Learner Walltime = 3095.730 | Min Dist = 0.260 | Min Dist 10 = 1.035 | Min Dist 100 = 0.194 | Min Dist 1000 = 0.238 | Steps Per Second = 79.769 | Success = 1.000 | Success 1000 = 0.989
I0502 15:57:52.900954 139579566835264 terminal.py:91] [Evaluator] Actor Episodes = 20316 | Actor Steps = 1015800 | Delta Dist = 11.880 | Delta Dist 10 = 11.427 | Delta Dist 100 = 11.536 | Delta Dist 1000 = 11.210 | Episode Length = 50 | Episode Return = 11.0 | Evaluator Episodes = 5141 | Evaluator Steps = 257050 | Final Dist = 0.926 | Final Dist 10 = 1.379 | Final Dist 100 = 1.270 | Final Dist 1000 = 1.596 | Init Dist = 12.806 | Init Dist 10 = 12.806 | Init Dist 100 = 12.806 | Init Dist 1000 = 12.806 | Learner Steps = 15717 | Learner Walltime = 3096.776 | Min Dist = 0.139 | Min Dist 10 = 0.912 | Min Dist 100 = 0.622 | Min Dist 1000 = 0.872 | Steps Per Second = 79.575 | Success = 1.000 | Success 1000 = 0.890
I0502 15:57:54.102891 139579566835264 terminal.py:91] [Evaluator] Actor Episodes = 20324 | Actor Steps = 1016200 | Delta Dist = 12.406 | Delta Dist 10 = 10.560 | Delta Dist 100 = 11.463 | Delta Dist 1000 = 11.202 | Episode Length = 50 | Episode Return = 4.0 | Evaluator Episodes = 5143 | Evaluator Steps = 257150 | Final Dist = 0.400 | Final Dist 10 = 2.246 | Final Dist 100 = 1.344 | Final Dist 1000 = 1.604 | Init Dist = 12.806 | Init Dist 10 = 12.806 | Init Dist 100 = 12.806 | Init Dist 1000 = 12.806 | Learner Steps = 15723 | Learner Walltime = 3097.988 | Min Dist = 0.400 | Min Dist 10 = 1.604 | Min Dist 100 = 0.691 | Min Dist 1000 = 0.879 | Steps Per Second = 85.134 | Success = 1.000 | Success 1000 = 0.889
I0502 15:57:55.211125 139579566835264 terminal.py:91] [Evaluator] Actor Episodes = 20328 | Actor Steps = 1016400 | Delta Dist = 11.809 | Delta Dist 10 = 10.536 | Delta Dist 100 = 11.531 | Delta Dist 1000 = 11.201 | Episode Length = 50 | Episode Return = 6.0 | Evaluator Episodes = 5145 | Evaluator Steps = 257250 | Final Dist = 0.997 | Final Dist 10 = 2.270 | Final Dist 100 = 1.275 | Final Dist 1000 = 1.605 | Init Dist = 12.806 | Init Dist 10 = 12.806 | Init Dist 100 = 12.806 | Init Dist 1000 = 12.806 | Learner Steps = 15729 | Learner Walltime = 3098.994 | Min Dist = 0.182 | Min Dist 10 = 1.541 | Min Dist 100 = 0.624 | Min Dist 1000 = 0.879 | Steps Per Second = 95.306 | Success = 1.000 | Success 1000 = 0.889
I0502 15:57:55.774556 139555013154368 terminal.py:91] [Learner] Actor Episodes = 20328 | Actor Loss = 3.6567440032958984 | Actor Steps = 1016400 | Binary Accuracy = 0.9960639476776123 | Categorical Accuracy = 0.43072509765625 | Critic Loss = 1.8367455005645752 | Entropy Mean = -18.298391342163086 | Evaluator Episodes = 5143 | Evaluator Steps = 257150 | Learner Steps = 15733 | Learner Walltime = 3099.971 | Logits Neg = -16.947208404541016 | Logits Pos = -1.8673231601715088 | Logsumexp = 1.1497399806976318 | Steps Per Second = 170.660
I0502 15:57:56.407499 139579566835264 terminal.py:91] [Evaluator] Actor Episodes = 20338 | Actor Steps = 1016900 | Delta Dist = 11.618 | Delta Dist 10 = 11.283 | Delta Dist 100 = 11.601 | Delta Dist 1000 = 11.201 | Episode Length = 50 | Episode Return = 15.0 | Evaluator Episodes = 5147 | Evaluator Steps = 257350 | Final Dist = 1.188 | Final Dist 10 = 1.523 | Final Dist 100 = 1.206 | Final Dist 1000 = 1.605 | Init Dist = 12.806 | Init Dist 10 = 12.806 | Init Dist 100 = 12.806 | Init Dist 1000 = 12.806 | Learner Steps = 15734 | Learner Walltime = 3100.072 | Min Dist = 0.116 | Min Dist 10 = 0.919 | Min Dist 100 = 0.557 | Min Dist 1000 = 0.879 | Steps Per Second = 91.193 | Success = 1.000 | Success 1000 = 0.889
I0502 15:57:57.033492 139558059398720 terminal.py:91] [Actor] Actor Episodes = 20341 | Actor Steps = 1017050 | Delta Dist = 8.650 | Delta Dist 10 = 4.324 | Delta Dist 100 = 4.801 | Delta Dist 1000 = 4.327 | Episode Length = 50 | Episode Return = 33.0 | Evaluator Episodes = 5147 | Evaluator Steps = 257350 | Final Dist = 0.294 | Final Dist 10 = 1.606 | Final Dist 100 = 1.434 | Final Dist 1000 = 1.544 | Init Dist = 8.944 | Init Dist 10 = 5.930 | Init Dist 100 = 6.236 | Init Dist 1000 = 5.871 | Learner Steps = 15734 | Learner Walltime = 3100.072 | Min Dist = 0.218 | Min Dist 10 = 0.086 | Min Dist 100 = 0.201 | Min Dist 1000 = 0.238 | Steps Per Second = 84.476 | Success = 1.000 | Success 1000 = 0.989
I0502 15:57:57.591103 139579566835264 terminal.py:91] [Evaluator] Actor Episodes = 20346 | Actor Steps = 1017300 | Delta Dist = 11.990 | Delta Dist 10 = 11.122 | Delta Dist 100 = 11.601 | Delta Dist 1000 = 11.201 | Episode Length = 50 | Episode Return = 13.0 | Evaluator Episodes = 5149 | Evaluator Steps = 257450 | Final Dist = 0.816 | Final Dist 10 = 1.684 | Final Dist 100 = 1.205 | Final Dist 1000 = 1.605 | Init Dist = 12.806 | Init Dist 10 = 12.806 | Init Dist 100 = 12.806 | Init Dist 1000 = 12.806 | Learner Steps = 15740 | Learner Walltime = 3101.199 | Min Dist = 0.140 | Min Dist 10 = 0.919 | Min Dist 100 = 0.558 | Min Dist 1000 = 0.879 | Steps Per Second = 87.112 | Success = 1.000 | Success 1000 = 0.889
I0502 15:57:58.776743 139579566835264 terminal.py:91] [Evaluator] Actor Episodes = 20352 | Actor Steps = 1017600 | Delta Dist = 11.669 | Delta Dist 10 = 11.090 | Delta Dist 100 = 11.593 | Delta Dist 1000 = 11.201 | Episode Length = 50 | Episode Return = 10.0 | Evaluator Episodes = 5151 | Evaluator Steps = 257550 | Final Dist = 1.138 | Final Dist 10 = 1.716 | Final Dist 100 = 1.213 | Final Dist 1000 = 1.605 | Init Dist = 12.806 | Init Dist 10 = 12.806 | Init Dist 100 = 12.806 | Init Dist 1000 = 12.806 | Learner Steps = 15746 | Learner Walltime = 3102.392 | Min Dist = 0.387 | Min Dist 10 = 0.856 | Min Dist 100 = 0.559 | Min Dist 1000 = 0.878 | Steps Per Second = 88.062 | Success = 1.000 | Success 1000 = 0.889
I0502 15:57:59.983543 139569349502528 terminal.py:91] [Actor] Actor Episodes = 20362 | Actor Steps = 1018100 | Delta Dist = 4.875 | Delta Dist 10 = 4.612 | Delta Dist 100 = 4.883 | Delta Dist 1000 = 4.331 | Episode Length = 50 | Episode Return = 46.0 | Evaluator Episodes = 5151 | Evaluator Steps = 257550 | Final Dist = 0.125 | Final Dist 10 = 1.297 | Final Dist 100 = 1.320 | Final Dist 1000 = 1.556 | Init Dist = 5.000 | Init Dist 10 = 5.909 | Init Dist 100 = 6.204 | Init Dist 1000 = 5.886 | Learner Steps = 15752 | Learner Walltime = 3103.557 | Min Dist = 0.095 | Min Dist 10 = 0.173 | Min Dist 100 = 0.217 | Min Dist 1000 = 0.234 | Steps Per Second = 86.237 | Success = 1.000 | Success 1000 = 0.989
I0502 15:58:00.051354 139579566835264 terminal.py:91] [Evaluator] Actor Episodes = 20364 | Actor Steps = 1018200 | Delta Dist = 11.716 | Delta Dist 10 = 11.942 | Delta Dist 100 = 11.600 | Delta Dist 1000 = 11.202 | Episode Length = 50 | Episode Return = 27.0 | Evaluator Episodes = 5153 | Evaluator Steps = 257650 | Final Dist = 1.090 | Final Dist 10 = 0.864 | Final Dist 100 = 1.207 | Final Dist 1000 = 1.605 | Init Dist = 12.806 | Init Dist 10 = 12.806 | Init Dist 100 = 12.806 | Init Dist 1000 = 12.806 | Learner Steps = 15752 | Learner Walltime = 3103.557 | Min Dist = 0.053 | Min Dist 10 = 0.194 | Min Dist 100 = 0.561 | Min Dist 1000 = 0.879 | Steps Per Second = 73.969 | Success = 1.000 | Success 1000 = 0.889
I0502 15:58:00.623159 139555860620864 terminal.py:91] [Actor] Actor Episodes = 20365 | Actor Steps = 1018250 | Delta Dist = 7.429 | Delta Dist 10 = 4.151 | Delta Dist 100 = 4.885 | Delta Dist 1000 = 4.327 | Episode Length = 50 | Episode Return = 41.0 | Evaluator Episodes = 5151 | Evaluator Steps = 257550 | Final Dist = 0.818 | Final Dist 10 = 1.239 | Final Dist 100 = 1.388 | Final Dist 1000 = 1.558 | Init Dist = 8.246 | Init Dist 10 = 5.391 | Init Dist 100 = 6.273 | Init Dist 1000 = 5.886 | Learner Steps = 15752 | Learner Walltime = 3103.557 | Min Dist = 0.033 | Min Dist 10 = 0.237 | Min Dist 100 = 0.224 | Min Dist 1000 = 0.235 | Steps Per Second = 82.393 | Success = 1.000 | Success 1000 = 0.990
I0502 15:58:00.652800 139584504182336 lp_utils.py:96] StepsLimiter: Reached 1018400 recorded steps
I0502 15:58:01.216042 139579566835264 terminal.py:91] [Evaluator] Actor Episodes = 20368 | Actor Steps = 1018400 | Delta Dist = 11.680 | Delta Dist 10 = 11.459 | Delta Dist 100 = 11.551 | Delta Dist 1000 = 11.196 | Episode Length = 50 | Episode Return = 10.0 | Evaluator Episodes = 5155 | Evaluator Steps = 257750 | Final Dist = 1.127 | Final Dist 10 = 1.347 | Final Dist 100 = 1.255 | Final Dist 1000 = 1.610 | Init Dist = 12.806 | Init Dist 10 = 12.806 | Init Dist 100 = 12.806 | Init Dist 1000 = 12.806 | Learner Steps = 15759 | Learner Walltime = 3104.824 | Min Dist = 0.407 | Min Dist 10 = 0.677 | Min Dist 100 = 0.609 | Min Dist 1000 = 0.884 | Steps Per Second = 92.085 | Success = 1.000 | Success 1000 = 0.888
I0502 15:58:02.368970 139579566835264 terminal.py:91] [Evaluator] Actor Episodes = 20377 | Actor Steps = 1018850 | Delta Dist = 12.088 | Delta Dist 10 = 11.325 | Delta Dist 100 = 11.543 | Delta Dist 1000 = 11.195 | Episode Length = 50 | Episode Return = 11.0 | Evaluator Episodes = 5157 | Evaluator Steps = 257850 | Final Dist = 0.718 | Final Dist 10 = 1.481 | Final Dist 100 = 1.263 | Final Dist 1000 = 1.611 | Init Dist = 12.806 | Init Dist 10 = 12.806 | Init Dist 100 = 12.806 | Init Dist 1000 = 12.806 | Learner Steps = 15765 | Learner Walltime = 3106.089 | Min Dist = 0.172 | Min Dist 10 = 0.717 | Min Dist 100 = 0.613 | Min Dist 1000 = 0.884 | Steps Per Second = 87.523 | Success = 1.000 | Success 1000 = 0.888
I0502 15:58:03.276438 139557462840896 terminal.py:91] [Actor] Actor Episodes = 20385 | Actor Steps = 1019250 | Delta Dist = 0.110 | Delta Dist 10 = 3.548 | Delta Dist 100 = 4.320 | Delta Dist 1000 = 4.311 | Episode Length = 50 | Episode Return = 27.0 | Evaluator Episodes = 5157 | Evaluator Steps = 257850 | Final Dist = 8.136 | Final Dist 10 = 2.355 | Final Dist 100 = 1.699 | Final Dist 1000 = 1.589 | Init Dist = 8.246 | Init Dist 10 = 5.903 | Init Dist 100 = 6.019 | Init Dist 1000 = 5.900 | Learner Steps = 15772 | Learner Walltime = 3107.320 | Min Dist = 0.045 | Min Dist 10 = 0.203 | Min Dist 100 = 0.307 | Min Dist 1000 = 0.243 | Steps Per Second = 89.781 | Success = 1.000 | Success 1000 = 0.989
I0502 15:58:03.491314 139579566835264 terminal.py:91] [Evaluator] Actor Episodes = 20387 | Actor Steps = 1019350 | Delta Dist = 11.563 | Delta Dist 10 = 11.318 | Delta Dist 100 = 11.543 | Delta Dist 1000 = 11.194 | Episode Length = 50 | Episode Return = 10.0 | Evaluator Episodes = 5159 | Evaluator Steps = 257950 | Final Dist = 1.243 | Final Dist 10 = 1.488 | Final Dist 100 = 1.263 | Final Dist 1000 = 1.612 | Init Dist = 12.806 | Init Dist 10 = 12.806 | Init Dist 100 = 12.806 | Init Dist 1000 = 12.806 | Learner Steps = 15772 | Learner Walltime = 3107.320 | Min Dist = 0.212 | Min Dist 10 = 0.710 | Min Dist 100 = 0.611 | Min Dist 1000 = 0.884 | Steps Per Second = 100.323 | Success = 1.000 | Success 1000 = 0.888
I0502 15:58:04.620801 139579566835264 terminal.py:91] [Evaluator] Actor Episodes = 20393 | Actor Steps = 1019650 | Delta Dist = 11.927 | Delta Dist 10 = 11.252 | Delta Dist 100 = 11.536 | Delta Dist 1000 = 11.193 | Episode Length = 50 | Episode Return = 12.0 | Evaluator Episodes = 5161 | Evaluator Steps = 258050 | Final Dist = 0.880 | Final Dist 10 = 1.554 | Final Dist 100 = 1.270 | Final Dist 1000 = 1.613 | Init Dist = 12.806 | Init Dist 10 = 12.806 | Init Dist 100 = 12.806 | Init Dist 1000 = 12.806 | Learner Steps = 15779 | Learner Walltime = 3108.490 | Min Dist = 0.084 | Min Dist 10 = 0.704 | Min Dist 100 = 0.610 | Min Dist 1000 = 0.884 | Steps Per Second = 96.428 | Success = 1.000 | Success 1000 = 0.888
I0502 15:58:05.720318 139579566835264 terminal.py:91] [Evaluator] Actor Episodes = 20401 | Actor Steps = 1020050 | Delta Dist = 4.370 | Delta Dist 10 = 11.004 | Delta Dist 100 = 11.521 | Delta Dist 1000 = 11.191 | Episode Length = 50 | Episode Return = 0.0 | Evaluator Episodes = 5163 | Evaluator Steps = 258150 | Final Dist = 8.436 | Final Dist 10 = 1.802 | Final Dist 100 = 1.286 | Final Dist 1000 = 1.616 | Init Dist = 12.806 | Init Dist 10 = 12.806 | Init Dist 100 = 12.806 | Init Dist 1000 = 12.806 | Learner Steps = 15784 | Learner Walltime = 3109.517 | Min Dist = 6.406 | Min Dist 10 = 0.948 | Min Dist 100 = 0.635 | Min Dist 1000 = 0.886 | Steps Per Second = 92.526 | Success = 0.000 | Success 1000 = 0.887
I0502 15:58:05.952485 139555013154368 terminal.py:91] [Learner] Actor Episodes = 20399 | Actor Loss = 3.6373085975646973 | Actor Steps = 1019950 | Binary Accuracy = 0.9960358142852783 | Categorical Accuracy = 0.41534423828125 | Critic Loss = 1.9276373386383057 | Entropy Mean = -20.05295181274414 | Evaluator Episodes = 5161 | Evaluator Steps = 258050 | Learner Steps = 15788 | Learner Walltime = 3110.148 | Logits Neg = -16.18107032775879 | Logits Pos = -1.922011375427246 | Logsumexp = 1.1724491119384766 | Steps Per Second = 171.857
I0502 15:58:06.836314 139579566835264 terminal.py:91] [Evaluator] Actor Episodes = 20409 | Actor Steps = 1020450 | Delta Dist = 12.616 | Delta Dist 10 = 10.791 | Delta Dist 100 = 11.438 | Delta Dist 1000 = 11.183 | Episode Length = 50 | Episode Return = 8.0 | Evaluator Episodes = 5165 | Evaluator Steps = 258250 | Final Dist = 0.191 | Final Dist 10 = 2.015 | Final Dist 100 = 1.368 | Final Dist 1000 = 1.623 | Init Dist = 12.806 | Init Dist 10 = 12.806 | Init Dist 100 = 12.806 | Init Dist 1000 = 12.806 | Learner Steps = 15791 | Learner Walltime = 3110.653 | Min Dist = 0.191 | Min Dist 10 = 1.080 | Min Dist 100 = 0.698 | Min Dist 1000 = 0.892 | Steps Per Second = 81.008 | Success = 1.000 | Success 1000 = 0.886
I0502 15:58:07.660779 139558059398720 terminal.py:91] [Actor] Actor Episodes = 20416 | Actor Steps = 1020800 | Delta Dist = 4.918 | Delta Dist 10 = 4.612 | Delta Dist 100 = 4.054 | Delta Dist 1000 = 4.341 | Episode Length = 50 | Episode Return = 29.0 | Evaluator Episodes = 5165 | Evaluator Steps = 258250 | Final Dist = 0.082 | Final Dist 10 = 1.271 | Final Dist 100 = 1.794 | Final Dist 1000 = 1.586 | Init Dist = 5.000 | Init Dist 10 = 5.882 | Init Dist 100 = 5.849 | Init Dist 1000 = 5.926 | Learner Steps = 15791 | Learner Walltime = 3110.653 | Min Dist = 0.061 | Min Dist 10 = 0.146 | Min Dist 100 = 0.207 | Min Dist 1000 = 0.245 | Steps Per Second = 75.463 | Success = 1.000 | Success 1000 = 0.989
I0502 15:58:08.051472 139579566835264 terminal.py:91] [Evaluator] Actor Episodes = 20417 | Actor Steps = 1020850 | Delta Dist = 12.220 | Delta Dist 10 = 10.169 | Delta Dist 100 = 11.373 | Delta Dist 1000 = 11.177 | Episode Length = 50 | Episode Return = 13.0 | Evaluator Episodes = 5167 | Evaluator Steps = 258350 | Final Dist = 0.587 | Final Dist 10 = 2.637 | Final Dist 100 = 1.433 | Final Dist 1000 = 1.630 | Init Dist = 12.806 | Init Dist 10 = 12.806 | Init Dist 100 = 12.806 | Init Dist 1000 = 12.806 | Learner Steps = 15797 | Learner Walltime = 3111.914 | Min Dist = 0.234 | Min Dist 10 = 1.697 | Min Dist 100 = 0.763 | Min Dist 1000 = 0.899 | Steps Per Second = 87.379 | Success = 1.000 | Success 1000 = 0.885
I0502 15:58:09.233928 139579566835264 terminal.py:91] [Evaluator] Actor Episodes = 20425 | Actor Steps = 1021250 | Delta Dist = 11.702 | Delta Dist 10 = 9.882 | Delta Dist 100 = 11.346 | Delta Dist 1000 = 11.174 | Episode Length = 50 | Episode Return = 5.0 | Evaluator Episodes = 5169 | Evaluator Steps = 258450 | Final Dist = 1.104 | Final Dist 10 = 2.925 | Final Dist 100 = 1.460 | Final Dist 1000 = 1.633 | Init Dist = 12.806 | Init Dist 10 = 12.806 | Init Dist 100 = 12.806 | Init Dist 1000 = 12.806 | Learner Steps = 15804 | Learner Walltime = 3113.100 | Min Dist = 0.754 | Min Dist 10 = 2.115 | Min Dist 100 = 0.803 | Min Dist 1000 = 0.903 | Steps Per Second = 88.266 | Success = 1.000 | Success 1000 = 0.884
I0502 15:58:10.379324 139579566835264 terminal.py:91] [Evaluator] Actor Episodes = 20433 | Actor Steps = 1021650 | Delta Dist = 11.704 | Delta Dist 10 = 9.776 | Delta Dist 100 = 11.327 | Delta Dist 1000 = 11.174 | Episode Length = 50 | Episode Return = 12.0 | Evaluator Episodes = 5171 | Evaluator Steps = 258550 | Final Dist = 1.103 | Final Dist 10 = 3.031 | Final Dist 100 = 1.479 | Final Dist 1000 = 1.632 | Init Dist = 12.806 | Init Dist 10 = 12.806 | Init Dist 100 = 12.806 | Init Dist 1000 = 12.806 | Learner Steps = 15810 | Learner Walltime = 3114.392 | Min Dist = 0.221 | Min Dist 10 = 2.410 | Min Dist 100 = 0.832 | Min Dist 1000 = 0.902 | Steps Per Second = 83.584 | Success = 1.000 | Success 1000 = 0.884
I0502 15:58:10.506381 139569349502528 terminal.py:91] [Actor] Actor Episodes = 20437 | Actor Steps = 1021850 | Delta Dist = 6.341 | Delta Dist 10 = 3.800 | Delta Dist 100 = 3.946 | Delta Dist 1000 = 4.332 | Episode Length = 50 | Episode Return = 37.0 | Evaluator Episodes = 5171 | Evaluator Steps = 258550 | Final Dist = 0.367 | Final Dist 10 = 0.652 | Final Dist 100 = 1.769 | Final Dist 1000 = 1.584 | Init Dist = 6.708 | Init Dist 10 = 4.452 | Init Dist 100 = 5.715 | Init Dist 1000 = 5.916 | Learner Steps = 15810 | Learner Walltime = 3114.392 | Min Dist = 0.023 | Min Dist 10 = 0.105 | Min Dist 100 = 0.274 | Min Dist 1000 = 0.247 | Steps Per Second = 84.238 | Success = 1.000 | Success 1000 = 0.989
I0502 15:58:10.672690 139584504182336 lp_utils.py:96] StepsLimiter: Reached 1021950 recorded steps
I0502 15:58:11.074023 139555860620864 terminal.py:91] [Actor] Actor Episodes = 20436 | Actor Steps = 1021800 | Delta Dist = -2.266 | Delta Dist 10 = 4.202 | Delta Dist 100 = 3.982 | Delta Dist 1000 = 4.347 | Episode Length = 50 | Episode Return = 0.0 | Evaluator Episodes = 5171 | Evaluator Steps = 258550 | Final Dist = 4.502 | Final Dist 10 = 1.780 | Final Dist 100 = 1.847 | Final Dist 1000 = 1.582 | Init Dist = 2.236 | Init Dist 10 = 5.982 | Init Dist 100 = 5.829 | Init Dist 1000 = 5.929 | Learner Steps = 15810 | Learner Walltime = 3114.392 | Min Dist = 0.240 | Min Dist 10 = 1.249 | Min Dist 100 = 0.390 | Min Dist 1000 = 0.259 | Steps Per Second = 88.002 | Success = 1.000 | Success 1000 = 0.989
I0502 15:58:11.552444 139579566835264 terminal.py:91] [Evaluator] Actor Episodes = 20441 | Actor Steps = 1022050 | Delta Dist = 11.511 | Delta Dist 10 = 10.021 | Delta Dist 100 = 11.343 | Delta Dist 1000 = 11.175 | Episode Length = 50 | Episode Return = 21.0 | Evaluator Episodes = 5173 | Evaluator Steps = 258650 | Final Dist = 1.295 | Final Dist 10 = 2.785 | Final Dist 100 = 1.463 | Final Dist 1000 = 1.632 | Init Dist = 12.806 | Init Dist 10 = 12.806 | Init Dist 100 = 12.806 | Init Dist 1000 = 12.806 | Learner Steps = 15817 | Learner Walltime = 3115.580 | Min Dist = 0.189 | Min Dist 10 = 2.156 | Min Dist 100 = 0.828 | Min Dist 1000 = 0.902 | Steps Per Second = 81.917 | Success = 1.000 | Success 1000 = 0.884
I0502 15:58:12.784491 139579566835264 terminal.py:91] [Evaluator] Actor Episodes = 20449 | Actor Steps = 1022450 | Delta Dist = 11.999 | Delta Dist 10 = 10.769 | Delta Dist 100 = 11.334 | Delta Dist 1000 = 11.174 | Episode Length = 50 | Episode Return = 26.0 | Evaluator Episodes = 5175 | Evaluator Steps = 258750 | Final Dist = 0.807 | Final Dist 10 = 2.037 | Final Dist 100 = 1.473 | Final Dist 1000 = 1.632 | Init Dist = 12.806 | Init Dist 10 = 12.806 | Init Dist 100 = 12.806 | Init Dist 1000 = 12.806 | Learner Steps = 15822 | Learner Walltime = 3116.624 | Min Dist = 0.184 | Min Dist 10 = 1.524 | Min Dist 100 = 0.828 | Min Dist 1000 = 0.902 | Steps Per Second = 82.526 | Success = 1.000 | Success 1000 = 0.884
I0502 15:58:13.297706 139557462840896 terminal.py:91] [Actor] Actor Episodes = 20450 | Actor Steps = 1022500 | Delta Dist = 4.282 | Delta Dist 10 = 4.793 | Delta Dist 100 = 3.985 | Delta Dist 1000 = 4.342 | Episode Length = 50 | Episode Return = 6.0 | Evaluator Episodes = 5173 | Evaluator Steps = 258650 | Final Dist = 1.549 | Final Dist 10 = 1.551 | Final Dist 100 = 1.843 | Final Dist 1000 = 1.593 | Init Dist = 5.831 | Init Dist 10 = 6.345 | Init Dist 100 = 5.827 | Init Dist 1000 = 5.935 | Learner Steps = 15822 | Learner Walltime = 3116.624 | Min Dist = 0.045 | Min Dist 10 = 0.721 | Min Dist 100 = 0.447 | Min Dist 1000 = 0.264 | Steps Per Second = 89.481 | Success = 1.000 | Success 1000 = 0.990
I0502 15:58:13.953398 139579566835264 terminal.py:91] [Evaluator] Actor Episodes = 20457 | Actor Steps = 1022850 | Delta Dist = 12.388 | Delta Dist 10 = 11.445 | Delta Dist 100 = 11.410 | Delta Dist 1000 = 11.175 | Episode Length = 50 | Episode Return = 27.0 | Evaluator Episodes = 5177 | Evaluator Steps = 258850 | Final Dist = 0.418 | Final Dist 10 = 1.361 | Final Dist 100 = 1.397 | Final Dist 1000 = 1.632 | Init Dist = 12.806 | Init Dist 10 = 12.806 | Init Dist 100 = 12.806 | Init Dist 1000 = 12.806 | Learner Steps = 15828 | Learner Walltime = 3117.795 | Min Dist = 0.039 | Min Dist 10 = 0.913 | Min Dist 100 = 0.767 | Min Dist 1000 = 0.902 | Steps Per Second = 80.562 | Success = 1.000 | Success 1000 = 0.884
I0502 15:58:15.176709 139579566835264 terminal.py:91] [Evaluator] Actor Episodes = 20465 | Actor Steps = 1023250 | Delta Dist = 11.823 | Delta Dist 10 = 11.800 | Delta Dist 100 = 11.405 | Delta Dist 1000 = 11.176 | Episode Length = 50 | Episode Return = 15.0 | Evaluator Episodes = 5179 | Evaluator Steps = 258950 | Final Dist = 0.983 | Final Dist 10 = 1.006 | Final Dist 100 = 1.401 | Final Dist 1000 = 1.630 | Init Dist = 12.806 | Init Dist 10 = 12.806 | Init Dist 100 = 12.806 | Init Dist 1000 = 12.806 | Learner Steps = 15833 | Learner Walltime = 3118.854 | Min Dist = 0.283 | Min Dist 10 = 0.502 | Min Dist 100 = 0.768 | Min Dist 1000 = 0.902 | Steps Per Second = 85.875 | Success = 1.000 | Success 1000 = 0.884
I0502 15:58:15.954335 139555013154368 terminal.py:91] [Learner] Actor Episodes = 20471 | Actor Loss = 3.6208972930908203 | Actor Steps = 1023550 | Binary Accuracy = 0.9960927963256836 | Categorical Accuracy = 0.41815185546875 | Critic Loss = 1.8889391422271729 | Entropy Mean = -18.18178367614746 | Evaluator Episodes = 5179 | Evaluator Steps = 258950 | Learner Steps = 15841 | Learner Walltime = 3120.149 | Logits Neg = -16.626693725585938 | Logits Pos = -1.8863914012908936 | Logsumexp = 1.1290462017059326 | Steps Per Second = 453.505
I0502 15:58:16.365030 139579566835264 terminal.py:91] [Evaluator] Actor Episodes = 20473 | Actor Steps = 1023650 | Delta Dist = 11.929 | Delta Dist 10 = 11.932 | Delta Dist 100 = 11.399 | Delta Dist 1000 = 11.176 | Episode Length = 50 | Episode Return = 14.0 | Evaluator Episodes = 5181 | Evaluator Steps = 259050 | Final Dist = 0.877 | Final Dist 10 = 0.874 | Final Dist 100 = 1.407 | Final Dist 1000 = 1.630 | Init Dist = 12.806 | Init Dist 10 = 12.806 | Init Dist 100 = 12.806 | Init Dist 1000 = 12.806 | Learner Steps = 15840 | Learner Walltime = 3120.008 | Min Dist = 0.184 | Min Dist 10 = 0.265 | Min Dist 100 = 0.772 | Min Dist 1000 = 0.902 | Steps Per Second = 78.684 | Success = 1.000 | Success 1000 = 0.884
I0502 15:58:17.622014 139579566835264 terminal.py:91] [Evaluator] Actor Episodes = 20479 | Actor Steps = 1023950 | Delta Dist = 11.974 | Delta Dist 10 = 11.833 | Delta Dist 100 = 11.389 | Delta Dist 1000 = 11.175 | Episode Length = 50 | Episode Return = 16.0 | Evaluator Episodes = 5183 | Evaluator Steps = 259150 | Final Dist = 0.832 | Final Dist 10 = 0.973 | Final Dist 100 = 1.418 | Final Dist 1000 = 1.631 | Init Dist = 12.806 | Init Dist 10 = 12.806 | Init Dist 100 = 12.806 | Init Dist 1000 = 12.806 | Learner Steps = 15846 | Learner Walltime = 3121.281 | Min Dist = 0.201 | Min Dist 10 = 0.255 | Min Dist 100 = 0.763 | Min Dist 1000 = 0.902 | Steps Per Second = 80.502 | Success = 1.000 | Success 1000 = 0.884
I0502 15:58:17.974803 139558059398720 terminal.py:91] [Actor] Actor Episodes = 20487 | Actor Steps = 1024350 | Delta Dist = 6.680 | Delta Dist 10 = 3.365 | Delta Dist 100 = 4.386 | Delta Dist 1000 = 4.332 | Episode Length = 50 | Episode Return = 40.0 | Evaluator Episodes = 5183 | Evaluator Steps = 259150 | Final Dist = 0.531 | Final Dist 10 = 1.730 | Final Dist 100 = 1.405 | Final Dist 1000 = 1.576 | Init Dist = 7.211 | Init Dist 10 = 5.095 | Init Dist 100 = 5.791 | Init Dist 1000 = 5.908 | Learner Steps = 15846 | Learner Walltime = 3121.281 | Min Dist = 0.013 | Min Dist 10 = 0.188 | Min Dist 100 = 0.356 | Min Dist 1000 = 0.265 | Steps Per Second = 84.925 | Success = 1.000 | Success 1000 = 0.991
I0502 15:58:18.789994 139579566835264 terminal.py:91] [Evaluator] Actor Episodes = 20487 | Actor Steps = 1024350 | Delta Dist = 11.462 | Delta Dist 10 = 11.798 | Delta Dist 100 = 11.374 | Delta Dist 1000 = 11.174 | Episode Length = 50 | Episode Return = 21.0 | Evaluator Episodes = 5185 | Evaluator Steps = 259250 | Final Dist = 1.345 | Final Dist 10 = 1.008 | Final Dist 100 = 1.432 | Final Dist 1000 = 1.632 | Init Dist = 12.806 | Init Dist 10 = 12.806 | Init Dist 100 = 12.806 | Init Dist 1000 = 12.806 | Learner Steps = 15851 | Learner Walltime = 3122.286 | Min Dist = 0.188 | Min Dist 10 = 0.257 | Min Dist 100 = 0.764 | Min Dist 1000 = 0.902 | Steps Per Second = 84.349 | Success = 1.000 | Success 1000 = 0.884
I0502 15:58:19.920758 139579566835264 terminal.py:91] [Evaluator] Actor Episodes = 20495 | Actor Steps = 1024750 | Delta Dist = 5.317 | Delta Dist 10 = 11.738 | Delta Dist 100 = 11.366 | Delta Dist 1000 = 11.175 | Episode Length = 50 | Episode Return = 0.0 | Evaluator Episodes = 5187 | Evaluator Steps = 259350 | Final Dist = 7.489 | Final Dist 10 = 1.068 | Final Dist 100 = 1.441 | Final Dist 1000 = 1.632 | Init Dist = 12.806 | Init Dist 10 = 12.806 | Init Dist 100 = 12.806 | Init Dist 1000 = 12.806 | Learner Steps = 15857 | Learner Walltime = 3123.298 | Min Dist = 6.880 | Min Dist 10 = 0.225 | Min Dist 100 = 0.766 | Min Dist 1000 = 0.902 | Steps Per Second = 89.529 | Success = 0.000 | Success 1000 = 0.884
I0502 15:58:20.689388 139584504182336 lp_utils.py:96] StepsLimiter: Reached 1025150 recorded steps
I0502 15:58:20.768178 139569349502528 terminal.py:91] [Actor] Actor Episodes = 20502 | Actor Steps = 1025100 | Delta Dist = -0.072 | Delta Dist 10 = 5.311 | Delta Dist 100 = 4.614 | Delta Dist 1000 = 4.371 | Episode Length = 50 | Episode Return = 41.0 | Evaluator Episodes = 5187 | Evaluator Steps = 259350 | Final Dist = 0.072 | Final Dist 10 = 0.821 | Final Dist 100 = 1.313 | Final Dist 1000 = 1.563 | Init Dist = 0.000 | Init Dist 10 = 6.133 | Init Dist 100 = 5.928 | Init Dist 1000 = 5.934 | Learner Steps = 15861 | Learner Walltime = 3124.343 | Min Dist = 0.000 | Min Dist 10 = 0.182 | Min Dist 100 = 0.356 | Min Dist 1000 = 0.264 | Steps Per Second = 81.153 | Success = 1.000 | Success 1000 = 0.991
I0502 15:58:21.091526 139579566835264 terminal.py:91] [Evaluator] Actor Episodes = 20503 | Actor Steps = 1025150 | Delta Dist = 11.977 | Delta Dist 10 = 10.998 | Delta Dist 100 = 11.300 | Delta Dist 1000 = 11.175 | Episode Length = 50 | Episode Return = 19.0 | Evaluator Episodes = 5189 | Evaluator Steps = 259450 | Final Dist = 0.829 | Final Dist 10 = 1.808 | Final Dist 100 = 1.506 | Final Dist 1000 = 1.631 | Init Dist = 12.806 | Init Dist 10 = 12.806 | Init Dist 100 = 12.806 | Init Dist 1000 = 12.806 | Learner Steps = 15861 | Learner Walltime = 3124.343 | Min Dist = 0.150 | Min Dist 10 = 0.922 | Min Dist 100 = 0.837 | Min Dist 1000 = 0.903 | Steps Per Second = 89.381 | Success = 1.000 | Success 1000 = 0.884
I0502 15:58:21.209080 139555860620864 terminal.py:91] [Actor] Actor Episodes = 20505 | Actor Steps = 1025250 | Delta Dist = 8.000 | Delta Dist 10 = 4.967 | Delta Dist 100 = 4.570 | Delta Dist 1000 = 4.374 | Episode Length = 50 | Episode Return = 13.0 | Evaluator Episodes = 5189 | Evaluator Steps = 259450 | Final Dist = 1.000 | Final Dist 10 = 0.743 | Final Dist 100 = 1.244 | Final Dist 1000 = 1.555 | Init Dist = 9.000 | Init Dist 10 = 5.711 | Init Dist 100 = 5.814 | Init Dist 1000 = 5.929 | Learner Steps = 15861 | Learner Walltime = 3124.343 | Min Dist = 0.103 | Min Dist 10 = 0.176 | Min Dist 100 = 0.355 | Min Dist 1000 = 0.255 | Steps Per Second = 92.561 | Success = 1.000 | Success 1000 = 0.991
I0502 15:58:22.274376 139579566835264 terminal.py:91] [Evaluator] Actor Episodes = 20511 | Actor Steps = 1025550 | Delta Dist = 11.684 | Delta Dist 10 = 11.010 | Delta Dist 100 = 11.290 | Delta Dist 1000 = 11.175 | Episode Length = 50 | Episode Return = 5.0 | Evaluator Episodes = 5191 | Evaluator Steps = 259550 | Final Dist = 1.123 | Final Dist 10 = 1.796 | Final Dist 100 = 1.516 | Final Dist 1000 = 1.631 | Init Dist = 12.806 | Init Dist 10 = 12.806 | Init Dist 100 = 12.806 | Init Dist 1000 = 12.806 | Learner Steps = 15868 | Learner Walltime = 3125.535 | Min Dist = 0.099 | Min Dist 10 = 0.880 | Min Dist 100 = 0.840 | Min Dist 1000 = 0.902 | Steps Per Second = 89.006 | Success = 1.000 | Success 1000 = 0.884
I0502 15:58:23.499855 139579566835264 terminal.py:91] [Evaluator] Actor Episodes = 20519 | Actor Steps = 1025950 | Delta Dist = 11.390 | Delta Dist 10 = 10.995 | Delta Dist 100 = 11.272 | Delta Dist 1000 = 11.176 | Episode Length = 50 | Episode Return = 10.0 | Evaluator Episodes = 5193 | Evaluator Steps = 259650 | Final Dist = 1.416 | Final Dist 10 = 1.811 | Final Dist 100 = 1.534 | Final Dist 1000 = 1.631 | Init Dist = 12.806 | Init Dist 10 = 12.806 | Init Dist 100 = 12.806 | Init Dist 1000 = 12.806 | Learner Steps = 15873 | Learner Walltime = 3126.595 | Min Dist = 0.160 | Min Dist 10 = 0.895 | Min Dist 100 = 0.842 | Min Dist 1000 = 0.902 | Steps Per Second = 84.678 | Success = 1.000 | Success 1000 = 0.884
I0502 15:58:23.825338 139557462840896 terminal.py:91] [Actor] Actor Episodes = 20523 | Actor Steps = 1026150 | Delta Dist = 6.279 | Delta Dist 10 = 3.154 | Delta Dist 100 = 4.469 | Delta Dist 1000 = 4.387 | Episode Length = 50 | Episode Return = 16.0 | Evaluator Episodes = 5193 | Evaluator Steps = 259650 | Final Dist = 1.001 | Final Dist 10 = 1.966 | Final Dist 100 = 1.249 | Final Dist 1000 = 1.536 | Init Dist = 7.280 | Init Dist 10 = 5.120 | Init Dist 100 = 5.718 | Init Dist 1000 = 5.922 | Learner Steps = 15879 | Learner Walltime = 3127.748 | Min Dist = 0.011 | Min Dist 10 = 0.065 | Min Dist 100 = 0.340 | Min Dist 1000 = 0.244 | Steps Per Second = 83.707 | Success = 1.000 | Success 1000 = 0.992
I0502 15:58:24.741332 139579566835264 terminal.py:91] [Evaluator] Actor Episodes = 20527 | Actor Steps = 1026350 | Delta Dist = 5.881 | Delta Dist 10 = 10.989 | Delta Dist 100 = 11.272 | Delta Dist 1000 = 11.176 | Episode Length = 50 | Episode Return = 0.0 | Evaluator Episodes = 5195 | Evaluator Steps = 259750 | Final Dist = 6.925 | Final Dist 10 = 1.817 | Final Dist 100 = 1.535 | Final Dist 1000 = 1.631 | Init Dist = 12.806 | Init Dist 10 = 12.806 | Init Dist 100 = 12.806 | Init Dist 1000 = 12.806 | Learner Steps = 15879 | Learner Walltime = 3127.748 | Min Dist = 6.925 | Min Dist 10 = 0.915 | Min Dist 100 = 0.845 | Min Dist 1000 = 0.902 | Steps Per Second = 77.666 | Success = 0.000 | Success 1000 = 0.884
I0502 15:58:25.836839 139579566835264 terminal.py:91] [Evaluator] Actor Episodes = 20535 | Actor Steps = 1026750 | Delta Dist = 11.870 | Delta Dist 10 = 10.396 | Delta Dist 100 = 11.209 | Delta Dist 1000 = 11.168 | Episode Length = 50 | Episode Return = 11.0 | Evaluator Episodes = 5197 | Evaluator Steps = 259850 | Final Dist = 0.936 | Final Dist 10 = 2.410 | Final Dist 100 = 1.597 | Final Dist 1000 = 1.638 | Init Dist = 12.806 | Init Dist 10 = 12.806 | Init Dist 100 = 12.806 | Init Dist 1000 = 12.806 | Learner Steps = 15886 | Learner Walltime = 3129.226 | Min Dist = 0.724 | Min Dist 10 = 1.571 | Min Dist 100 = 0.913 | Min Dist 1000 = 0.908 | Steps Per Second = 91.281 | Success = 1.000 | Success 1000 = 0.883
I0502 15:58:26.228194 139555013154368 terminal.py:91] [Learner] Actor Episodes = 20537 | Actor Loss = 3.6592705249786377 | Actor Steps = 1026850 | Binary Accuracy = 0.9960792064666748 | Categorical Accuracy = 0.431884765625 | Critic Loss = 1.8697905540466309 | Entropy Mean = -18.819089889526367 | Evaluator Episodes = 5197 | Evaluator Steps = 259850 | Learner Steps = 15893 | Learner Walltime = 3130.417 | Logits Neg = -16.371335983276367 | Logits Pos = -1.8516900539398193 | Logsumexp = 1.1282436847686768 | Steps Per Second = 195.523
I0502 15:58:27.009626 139579566835264 terminal.py:91] [Evaluator] Actor Episodes = 20543 | Actor Steps = 1027150 | Delta Dist = 12.546 | Delta Dist 10 = 10.455 | Delta Dist 100 = 11.142 | Delta Dist 1000 = 11.162 | Episode Length = 50 | Episode Return = 27.0 | Evaluator Episodes = 5199 | Evaluator Steps = 259950 | Final Dist = 0.260 | Final Dist 10 = 2.352 | Final Dist 100 = 1.664 | Final Dist 1000 = 1.644 | Init Dist = 12.806 | Init Dist 10 = 12.806 | Init Dist 100 = 12.806 | Init Dist 1000 = 12.806 | Learner Steps = 15893 | Learner Walltime = 3130.417 | Min Dist = 0.211 | Min Dist 10 = 1.596 | Min Dist 100 = 0.984 | Min Dist 1000 = 0.915 | Steps Per Second = 87.774 | Success = 1.000 | Success 1000 = 0.882
I0502 15:58:28.163703 139579566835264 terminal.py:91] [Evaluator] Actor Episodes = 20551 | Actor Steps = 1027550 | Delta Dist = 12.694 | Delta Dist 10 = 10.507 | Delta Dist 100 = 11.141 | Delta Dist 1000 = 11.174 | Episode Length = 50 | Episode Return = 19.0 | Evaluator Episodes = 5201 | Evaluator Steps = 260050 | Final Dist = 0.112 | Final Dist 10 = 2.299 | Final Dist 100 = 1.665 | Final Dist 1000 = 1.632 | Init Dist = 12.806 | Init Dist 10 = 12.806 | Init Dist 100 = 12.806 | Init Dist 1000 = 12.806 | Learner Steps = 15899 | Learner Walltime = 3131.691 | Min Dist = 0.112 | Min Dist 10 = 1.621 | Min Dist 100 = 0.983 | Min Dist 1000 = 0.905 | Steps Per Second = 90.610 | Success = 1.000 | Success 1000 = 0.883
I0502 15:58:28.238111 139558059398720 terminal.py:91] [Actor] Actor Episodes = 20552 | Actor Steps = 1027600 | Delta Dist = 0.785 | Delta Dist 10 = 4.793 | Delta Dist 100 = 4.647 | Delta Dist 1000 = 4.407 | Episode Length = 50 | Episode Return = 40.0 | Evaluator Episodes = 5199 | Evaluator Steps = 259950 | Final Dist = 1.215 | Final Dist 10 = 1.014 | Final Dist 100 = 1.161 | Final Dist 1000 = 1.537 | Init Dist = 2.000 | Init Dist 10 = 5.807 | Init Dist 100 = 5.808 | Init Dist 1000 = 5.945 | Learner Steps = 15899 | Learner Walltime = 3131.691 | Min Dist = 0.099 | Min Dist 10 = 0.144 | Min Dist 100 = 0.127 | Min Dist 1000 = 0.237 | Steps Per Second = 85.278 | Success = 1.000 | Success 1000 = 0.994
I0502 15:58:29.308213 139579566835264 terminal.py:91] [Evaluator] Actor Episodes = 20559 | Actor Steps = 1027950 | Delta Dist = 11.470 | Delta Dist 10 = 10.630 | Delta Dist 100 = 11.172 | Delta Dist 1000 = 11.175 | Episode Length = 50 | Episode Return = 2.0 | Evaluator Episodes = 5203 | Evaluator Steps = 260150 | Final Dist = 1.336 | Final Dist 10 = 2.176 | Final Dist 100 = 1.634 | Final Dist 1000 = 1.631 | Init Dist = 12.806 | Init Dist 10 = 12.806 | Init Dist 100 = 12.806 | Init Dist 1000 = 12.806 | Learner Steps = 15905 | Learner Walltime = 3132.835 | Min Dist = 0.627 | Min Dist 10 = 1.597 | Min Dist 100 = 0.945 | Min Dist 1000 = 0.905 | Steps Per Second = 94.448 | Success = 1.000 | Success 1000 = 0.883
I0502 15:58:30.442853 139579566835264 terminal.py:91] [Evaluator] Actor Episodes = 20567 | Actor Steps = 1028350 | Delta Dist = 11.434 | Delta Dist 10 = 10.660 | Delta Dist 100 = 11.174 | Delta Dist 1000 = 11.192 | Episode Length = 50 | Episode Return = 11.0 | Evaluator Episodes = 5205 | Evaluator Steps = 260250 | Final Dist = 1.372 | Final Dist 10 = 2.146 | Final Dist 100 = 1.632 | Final Dist 1000 = 1.615 | Init Dist = 12.806 | Init Dist 10 = 12.806 | Init Dist 100 = 12.806 | Init Dist 1000 = 12.806 | Learner Steps = 15912 | Learner Walltime = 3134.115 | Min Dist = 0.136 | Min Dist 10 = 1.641 | Min Dist 100 = 0.949 | Min Dist 1000 = 0.890 | Steps Per Second = 98.944 | Success = 1.000 | Success 1000 = 0.885
I0502 15:58:30.704662 139584504182336 lp_utils.py:96] StepsLimiter: Reached 1028350 recorded steps
I0502 15:58:31.147362 139569349502528 terminal.py:91] [Actor] Actor Episodes = 20575 | Actor Steps = 1028750 | Delta Dist = 8.811 | Delta Dist 10 = 5.188 | Delta Dist 100 = 4.687 | Delta Dist 1000 = 4.427 | Episode Length = 50 | Episode Return = 40.0 | Evaluator Episodes = 5205 | Evaluator Steps = 260250 | Final Dist = 0.134 | Final Dist 10 = 1.387 | Final Dist 100 = 1.220 | Final Dist 1000 = 1.518 | Init Dist = 8.944 | Init Dist 10 = 6.575 | Init Dist 100 = 5.906 | Init Dist 1000 = 5.945 | Learner Steps = 15918 | Learner Walltime = 3135.181 | Min Dist = 0.026 | Min Dist 10 = 0.119 | Min Dist 100 = 0.134 | Min Dist 1000 = 0.233 | Steps Per Second = 75.340 | Success = 1.000 | Success 1000 = 0.994
I0502 15:58:31.577461 139555860620864 terminal.py:91] [Actor] Actor Episodes = 20572 | Actor Steps = 1028600 | Delta Dist = 6.986 | Delta Dist 10 = 6.054 | Delta Dist 100 = 4.564 | Delta Dist 1000 = 4.431 | Episode Length = 50 | Episode Return = 38.0 | Evaluator Episodes = 5205 | Evaluator Steps = 260250 | Final Dist = 0.630 | Final Dist 10 = 1.628 | Final Dist 100 = 1.225 | Final Dist 1000 = 1.520 | Init Dist = 7.616 | Init Dist 10 = 7.682 | Init Dist 100 = 5.789 | Init Dist 1000 = 5.951 | Learner Steps = 15918 | Learner Walltime = 3135.181 | Min Dist = 0.051 | Min Dist 10 = 0.070 | Min Dist 100 = 0.132 | Min Dist 1000 = 0.233 | Steps Per Second = 88.991 | Success = 1.000 | Success 1000 = 0.994
I0502 15:58:31.685356 139579566835264 terminal.py:91] [Evaluator] Actor Episodes = 20575 | Actor Steps = 1028750 | Delta Dist = 12.187 | Delta Dist 10 = 11.279 | Delta Dist 100 = 11.159 | Delta Dist 1000 = 11.190 | Episode Length = 50 | Episode Return = 22.0 | Evaluator Episodes = 5207 | Evaluator Steps = 260350 | Final Dist = 0.619 | Final Dist 10 = 1.527 | Final Dist 100 = 1.648 | Final Dist 1000 = 1.616 | Init Dist = 12.806 | Init Dist 10 = 12.806 | Init Dist 100 = 12.806 | Init Dist 1000 = 12.806 | Learner Steps = 15918 | Learner Walltime = 3135.181 | Min Dist = 0.119 | Min Dist 10 = 1.051 | Min Dist 100 = 0.954 | Min Dist 1000 = 0.891 | Steps Per Second = 82.561 | Success = 1.000 | Success 1000 = 0.884
I0502 15:58:32.909742 139579566835264 terminal.py:91] [Evaluator] Actor Episodes = 20583 | Actor Steps = 1029150 | Delta Dist = 11.696 | Delta Dist 10 = 11.929 | Delta Dist 100 = 11.168 | Delta Dist 1000 = 11.197 | Episode Length = 50 | Episode Return = 5.0 | Evaluator Episodes = 5209 | Evaluator Steps = 260450 | Final Dist = 1.110 | Final Dist 10 = 0.877 | Final Dist 100 = 1.638 | Final Dist 1000 = 1.609 | Init Dist = 12.806 | Init Dist 10 = 12.806 | Init Dist 100 = 12.806 | Init Dist 1000 = 12.806 | Learner Steps = 15924 | Learner Walltime = 3136.395 | Min Dist = 0.178 | Min Dist 10 = 0.309 | Min Dist 100 = 0.954 | Min Dist 1000 = 0.886 | Steps Per Second = 78.111 | Success = 1.000 | Success 1000 = 0.885
I0502 15:58:33.976135 139557462840896 terminal.py:91] [Actor] Actor Episodes = 20588 | Actor Steps = 1029400 | Delta Dist = 1.340 | Delta Dist 10 = 2.542 | Delta Dist 100 = 4.372 | Delta Dist 1000 = 4.409 | Episode Length = 50 | Episode Return = 20.0 | Evaluator Episodes = 5209 | Evaluator Steps = 260450 | Final Dist = 0.075 | Final Dist 10 = 3.445 | Final Dist 100 = 1.451 | Final Dist 1000 = 1.530 | Init Dist = 1.414 | Init Dist 10 = 5.987 | Init Dist 100 = 5.823 | Init Dist 1000 = 5.940 | Learner Steps = 15924 | Learner Walltime = 3136.395 | Min Dist = 0.004 | Min Dist 10 = 0.193 | Min Dist 100 = 0.141 | Min Dist 1000 = 0.229 | Steps Per Second = 90.328 | Success = 1.000 | Success 1000 = 0.993
I0502 15:58:34.190424 139579566835264 terminal.py:91] [Evaluator] Actor Episodes = 20591 | Actor Steps = 1029550 | Delta Dist = 11.542 | Delta Dist 10 = 11.854 | Delta Dist 100 = 11.173 | Delta Dist 1000 = 11.206 | Episode Length = 50 | Episode Return = 7.0 | Evaluator Episodes = 5211 | Evaluator Steps = 260550 | Final Dist = 1.264 | Final Dist 10 = 0.953 | Final Dist 100 = 1.633 | Final Dist 1000 = 1.600 | Init Dist = 12.806 | Init Dist 10 = 12.806 | Init Dist 100 = 12.806 | Init Dist 1000 = 12.806 | Learner Steps = 15931 | Learner Walltime = 3137.735 | Min Dist = 0.275 | Min Dist 10 = 0.285 | Min Dist 100 = 0.952 | Min Dist 1000 = 0.875 | Steps Per Second = 84.029 | Success = 1.000 | Success 1000 = 0.886
I0502 15:58:35.355699 139579566835264 terminal.py:91] [Evaluator] Actor Episodes = 20599 | Actor Steps = 1029950 | Delta Dist = 11.403 | Delta Dist 10 = 11.744 | Delta Dist 100 = 11.169 | Delta Dist 1000 = 11.207 | Episode Length = 50 | Episode Return = 4.0 | Evaluator Episodes = 5213 | Evaluator Steps = 260650 | Final Dist = 1.403 | Final Dist 10 = 1.063 | Final Dist 100 = 1.637 | Final Dist 1000 = 1.600 | Init Dist = 12.806 | Init Dist 10 = 12.806 | Init Dist 100 = 12.806 | Init Dist 1000 = 12.806 | Learner Steps = 15937 | Learner Walltime = 3138.869 | Min Dist = 0.383 | Min Dist 10 = 0.337 | Min Dist 100 = 0.948 | Min Dist 1000 = 0.876 | Steps Per Second = 92.289 | Success = 1.000 | Success 1000 = 0.886
I0502 15:58:36.435286 139555013154368 terminal.py:91] [Learner] Actor Episodes = 20603 | Actor Loss = 3.571162462234497 | Actor Steps = 1030150 | Binary Accuracy = 0.9960618019104004 | Categorical Accuracy = 0.41790771484375 | Critic Loss = 1.9047104120254517 | Entropy Mean = -17.952960968017578 | Evaluator Episodes = 5213 | Evaluator Steps = 260650 | Learner Steps = 15946 | Learner Walltime = 3140.633 | Logits Neg = -16.299274444580078 | Logits Pos = -1.8988062143325806 | Logsumexp = 1.2212207317352295 | Steps Per Second = 151.946
I0502 15:58:36.493849 139579566835264 terminal.py:91] [Evaluator] Actor Episodes = 20607 | Actor Steps = 1030350 | Delta Dist = 12.402 | Delta Dist 10 = 11.683 | Delta Dist 100 = 11.151 | Delta Dist 1000 = 11.206 | Episode Length = 50 | Episode Return = 8.0 | Evaluator Episodes = 5215 | Evaluator Steps = 260750 | Final Dist = 0.404 | Final Dist 10 = 1.124 | Final Dist 100 = 1.655 | Final Dist 1000 = 1.600 | Init Dist = 12.806 | Init Dist 10 = 12.806 | Init Dist 100 = 12.806 | Init Dist 1000 = 12.806 | Learner Steps = 15943 | Learner Walltime = 3140.006 | Min Dist = 0.101 | Min Dist 10 = 0.316 | Min Dist 100 = 0.951 | Min Dist 1000 = 0.876 | Steps Per Second = 83.452 | Success = 1.000 | Success 1000 = 0.886
I0502 15:58:37.711234 139579566835264 terminal.py:91] [Evaluator] Actor Episodes = 20615 | Actor Steps = 1030750 | Delta Dist = 12.077 | Delta Dist 10 = 11.742 | Delta Dist 100 = 11.144 | Delta Dist 1000 = 11.207 | Episode Length = 50 | Episode Return = 17.0 | Evaluator Episodes = 5217 | Evaluator Steps = 260850 | Final Dist = 0.729 | Final Dist 10 = 1.064 | Final Dist 100 = 1.662 | Final Dist 1000 = 1.600 | Init Dist = 12.806 | Init Dist 10 = 12.806 | Init Dist 100 = 12.806 | Init Dist 1000 = 12.806 | Learner Steps = 15949 | Learner Walltime = 3141.186 | Min Dist = 0.167 | Min Dist 10 = 0.243 | Min Dist 100 = 0.950 | Min Dist 1000 = 0.876 | Steps Per Second = 85.165 | Success = 1.000 | Success 1000 = 0.886
I0502 15:58:38.747472 139558059398720 terminal.py:91] [Actor] Actor Episodes = 20622 | Actor Steps = 1031100 | Delta Dist = 1.414 | Delta Dist 10 = 3.681 | Delta Dist 100 = 4.201 | Delta Dist 1000 = 4.396 | Episode Length = 50 | Episode Return = 35.0 | Evaluator Episodes = 5217 | Evaluator Steps = 260850 | Final Dist = 0.586 | Final Dist 10 = 1.753 | Final Dist 100 = 1.645 | Final Dist 1000 = 1.515 | Init Dist = 2.000 | Init Dist 10 = 5.434 | Init Dist 100 = 5.845 | Init Dist 1000 = 5.911 | Learner Steps = 15955 | Learner Walltime = 3142.365 | Min Dist = 0.130 | Min Dist 10 = 0.107 | Min Dist 100 = 0.226 | Min Dist 1000 = 0.230 | Steps Per Second = 96.914 | Success = 1.000 | Success 1000 = 0.993
I0502 15:58:38.926053 139579566835264 terminal.py:91] [Evaluator] Actor Episodes = 20623 | Actor Steps = 1031150 | Delta Dist = 11.832 | Delta Dist 10 = 11.721 | Delta Dist 100 = 11.147 | Delta Dist 1000 = 11.207 | Episode Length = 50 | Episode Return = 29.0 | Evaluator Episodes = 5219 | Evaluator Steps = 260950 | Final Dist = 0.974 | Final Dist 10 = 1.086 | Final Dist 100 = 1.660 | Final Dist 1000 = 1.599 | Init Dist = 12.806 | Init Dist 10 = 12.806 | Init Dist 100 = 12.806 | Init Dist 1000 = 12.806 | Learner Steps = 15955 | Learner Walltime = 3142.365 | Min Dist = 0.116 | Min Dist 10 = 0.276 | Min Dist 100 = 0.950 | Min Dist 1000 = 0.876 | Steps Per Second = 83.699 | Success = 1.000 | Success 1000 = 0.886
I0502 15:58:40.154303 139579566835264 terminal.py:91] [Evaluator] Actor Episodes = 20631 | Actor Steps = 1031550 | Delta Dist = 12.779 | Delta Dist 10 = 11.714 | Delta Dist 100 = 11.235 | Delta Dist 1000 = 11.214 | Episode Length = 50 | Episode Return = 9.0 | Evaluator Episodes = 5221 | Evaluator Steps = 261050 | Final Dist = 0.028 | Final Dist 10 = 1.092 | Final Dist 100 = 1.571 | Final Dist 1000 = 1.593 | Init Dist = 12.806 | Init Dist 10 = 12.806 | Init Dist 100 = 12.806 | Init Dist 1000 = 12.806 | Learner Steps = 15961 | Learner Walltime = 3143.627 | Min Dist = 0.018 | Min Dist 10 = 0.267 | Min Dist 100 = 0.852 | Min Dist 1000 = 0.868 | Steps Per Second = 81.087 | Success = 1.000 | Success 1000 = 0.887
I0502 15:58:40.721140 139584504182336 lp_utils.py:96] StepsLimiter: Reached 1031850 recorded steps
I0502 15:58:41.229053 139579566835264 terminal.py:91] [Evaluator] Actor Episodes = 20639 | Actor Steps = 1031950 | Delta Dist = 11.892 | Delta Dist 10 = 11.867 | Delta Dist 100 = 11.250 | Delta Dist 1000 = 11.215 | Episode Length = 50 | Episode Return = 19.0 | Evaluator Episodes = 5223 | Evaluator Steps = 261150 | Final Dist = 0.915 | Final Dist 10 = 0.939 | Final Dist 100 = 1.556 | Final Dist 1000 = 1.591 | Init Dist = 12.806 | Init Dist 10 = 12.806 | Init Dist 100 = 12.806 | Init Dist 1000 = 12.806 | Learner Steps = 15968 | Learner Walltime = 3144.827 | Min Dist = 0.246 | Min Dist 10 = 0.208 | Min Dist 100 = 0.844 | Min Dist 1000 = 0.868 | Steps Per Second = 92.076 | Success = 1.000 | Success 1000 = 0.887
I0502 15:58:41.348468 139569349502528 terminal.py:91] [Actor] Actor Episodes = 20640 | Actor Steps = 1032000 | Delta Dist = -0.883 | Delta Dist 10 = 3.427 | Delta Dist 100 = 4.151 | Delta Dist 1000 = 4.389 | Episode Length = 50 | Episode Return = 0.0 | Evaluator Episodes = 5221 | Evaluator Steps = 261050 | Final Dist = 7.207 | Final Dist 10 = 2.840 | Final Dist 100 = 1.777 | Final Dist 1000 = 1.517 | Init Dist = 6.325 | Init Dist 10 = 6.267 | Init Dist 100 = 5.928 | Init Dist 1000 = 5.906 | Learner Steps = 15968 | Learner Walltime = 3144.827 | Min Dist = 0.067 | Min Dist 10 = 0.862 | Min Dist 100 = 0.284 | Min Dist 1000 = 0.238 | Steps Per Second = 88.826 | Success = 1.000 | Success 1000 = 0.992
I0502 15:58:41.673747 139555860620864 terminal.py:91] [Actor] Actor Episodes = 20643 | Actor Steps = 1032150 | Delta Dist = 0.943 | Delta Dist 10 = 3.586 | Delta Dist 100 = 4.142 | Delta Dist 1000 = 4.389 | Episode Length = 50 | Episode Return = 30.0 | Evaluator Episodes = 5223 | Evaluator Steps = 261150 | Final Dist = 1.057 | Final Dist 10 = 2.339 | Final Dist 100 = 1.762 | Final Dist 1000 = 1.510 | Init Dist = 2.000 | Init Dist 10 = 5.924 | Init Dist 100 = 5.904 | Init Dist 1000 = 5.899 | Learner Steps = 15968 | Learner Walltime = 3144.827 | Min Dist = 0.311 | Min Dist 10 = 0.836 | Min Dist 100 = 0.282 | Min Dist 1000 = 0.238 | Steps Per Second = 85.527 | Success = 1.000 | Success 1000 = 0.992
I0502 15:58:42.369770 139579566835264 terminal.py:91] [Evaluator] Actor Episodes = 20647 | Actor Steps = 1032350 | Delta Dist = 11.405 | Delta Dist 10 = 11.886 | Delta Dist 100 = 11.254 | Delta Dist 1000 = 11.214 | Episode Length = 50 | Episode Return = 21.0 | Evaluator Episodes = 5225 | Evaluator Steps = 261250 | Final Dist = 1.402 | Final Dist 10 = 0.921 | Final Dist 100 = 1.552 | Final Dist 1000 = 1.593 | Init Dist = 12.806 | Init Dist 10 = 12.806 | Init Dist 100 = 12.806 | Init Dist 1000 = 12.806 | Learner Steps = 15974 | Learner Walltime = 3145.979 | Min Dist = 0.114 | Min Dist 10 = 0.170 | Min Dist 100 = 0.838 | Min Dist 1000 = 0.868 | Steps Per Second = 93.713 | Success = 1.000 | Success 1000 = 0.887
I0502 15:58:43.525923 139579566835264 terminal.py:91] [Evaluator] Actor Episodes = 20655 | Actor Steps = 1032750 | Delta Dist = 11.508 | Delta Dist 10 = 11.843 | Delta Dist 100 = 11.241 | Delta Dist 1000 = 11.213 | Episode Length = 50 | Episode Return = 15.0 | Evaluator Episodes = 5227 | Evaluator Steps = 261350 | Final Dist = 1.298 | Final Dist 10 = 0.963 | Final Dist 100 = 1.566 | Final Dist 1000 = 1.594 | Init Dist = 12.806 | Init Dist 10 = 12.806 | Init Dist 100 = 12.806 | Init Dist 1000 = 12.806 | Learner Steps = 15980 | Learner Walltime = 3147.099 | Min Dist = 0.373 | Min Dist 10 = 0.159 | Min Dist 100 = 0.836 | Min Dist 1000 = 0.867 | Steps Per Second = 83.661 | Success = 1.000 | Success 1000 = 0.887
I0502 15:58:44.114804 139557462840896 terminal.py:91] [Actor] Actor Episodes = 20661 | Actor Steps = 1033050 | Delta Dist = 0.950 | Delta Dist 10 = 4.499 | Delta Dist 100 = 4.090 | Delta Dist 1000 = 4.379 | Episode Length = 50 | Episode Return = 31.0 | Evaluator Episodes = 5227 | Evaluator Steps = 261350 | Final Dist = 0.050 | Final Dist 10 = 2.169 | Final Dist 100 = 1.915 | Final Dist 1000 = 1.527 | Init Dist = 1.000 | Init Dist 10 = 6.668 | Init Dist 100 = 6.006 | Init Dist 1000 = 5.906 | Learner Steps = 15980 | Learner Walltime = 3147.099 | Min Dist = 0.050 | Min Dist 10 = 0.162 | Min Dist 100 = 0.282 | Min Dist 1000 = 0.239 | Steps Per Second = 88.937 | Success = 1.000 | Success 1000 = 0.991
I0502 15:58:44.709371 139579566835264 terminal.py:91] [Evaluator] Actor Episodes = 20663 | Actor Steps = 1033150 | Delta Dist = 11.526 | Delta Dist 10 = 11.860 | Delta Dist 100 = 11.242 | Delta Dist 1000 = 11.212 | Episode Length = 50 | Episode Return = 28.0 | Evaluator Episodes = 5229 | Evaluator Steps = 261450 | Final Dist = 1.281 | Final Dist 10 = 0.947 | Final Dist 100 = 1.564 | Final Dist 1000 = 1.595 | Init Dist = 12.806 | Init Dist 10 = 12.806 | Init Dist 100 = 12.806 | Init Dist 1000 = 12.806 | Learner Steps = 15987 | Learner Walltime = 3148.410 | Min Dist = 0.065 | Min Dist 10 = 0.160 | Min Dist 100 = 0.836 | Min Dist 1000 = 0.867 | Steps Per Second = 80.649 | Success = 1.000 | Success 1000 = 0.887
I0502 15:58:45.895696 139579566835264 terminal.py:91] [Evaluator] Actor Episodes = 20671 | Actor Steps = 1033550 | Delta Dist = 11.538 | Delta Dist 10 = 11.887 | Delta Dist 100 = 11.245 | Delta Dist 1000 = 11.218 | Episode Length = 50 | Episode Return = 22.0 | Evaluator Episodes = 5231 | Evaluator Steps = 261550 | Final Dist = 1.269 | Final Dist 10 = 0.919 | Final Dist 100 = 1.561 | Final Dist 1000 = 1.588 | Init Dist = 12.806 | Init Dist 10 = 12.806 | Init Dist 100 = 12.806 | Init Dist 1000 = 12.806 | Learner Steps = 15993 | Learner Walltime = 3149.580 | Min Dist = 0.222 | Min Dist 10 = 0.175 | Min Dist 100 = 0.838 | Min Dist 1000 = 0.861 | Steps Per Second = 87.121 | Success = 1.000 | Success 1000 = 0.888
I0502 15:58:46.622919 139555013154368 terminal.py:91] [Learner] Actor Episodes = 20677 | Actor Loss = 3.5403003692626953 | Actor Steps = 1033850 | Binary Accuracy = 0.996096134185791 | Categorical Accuracy = 0.42266845703125 | Critic Loss = 1.8513572216033936 | Entropy Mean = -19.917274475097656 | Evaluator Episodes = 5231 | Evaluator Steps = 261550 | Learner Steps = 16000 | Learner Walltime = 3150.820 | Logits Neg = -16.98346710205078 | Logits Pos = -1.8424580097198486 | Logsumexp = 1.1213829517364502 | Steps Per Second = 166.697
I0502 15:58:47.012158 139579566835264 terminal.py:91] [Evaluator] Actor Episodes = 20679 | Actor Steps = 1033950 | Delta Dist = 11.751 | Delta Dist 10 = 11.723 | Delta Dist 100 = 11.232 | Delta Dist 1000 = 11.217 | Episode Length = 50 | Episode Return = 21.0 | Evaluator Episodes = 5233 | Evaluator Steps = 261650 | Final Dist = 1.055 | Final Dist 10 = 1.083 | Final Dist 100 = 1.574 | Final Dist 1000 = 1.590 | Init Dist = 12.806 | Init Dist 10 = 12.806 | Init Dist 100 = 12.806 | Init Dist 1000 = 12.806 | Learner Steps = 16000 | Learner Walltime = 3150.820 | Min Dist = 0.113 | Min Dist 10 = 0.188 | Min Dist 100 = 0.838 | Min Dist 1000 = 0.861 | Steps Per Second = 89.966 | Success = 1.000 | Success 1000 = 0.888
I0502 15:58:48.221340 139579566835264 terminal.py:91] [Evaluator] Actor Episodes = 20687 | Actor Steps = 1034350 | Delta Dist = 11.470 | Delta Dist 10 = 11.707 | Delta Dist 100 = 11.228 | Delta Dist 1000 = 11.216 | Episode Length = 50 | Episode Return = 18.0 | Evaluator Episodes = 5235 | Evaluator Steps = 261750 | Final Dist = 1.336 | Final Dist 10 = 1.099 | Final Dist 100 = 1.578 | Final Dist 1000 = 1.590 | Init Dist = 12.806 | Init Dist 10 = 12.806 | Init Dist 100 = 12.806 | Init Dist 1000 = 12.806 | Learner Steps = 16007 | Learner Walltime = 3152.036 | Min Dist = 0.010 | Min Dist 10 = 0.229 | Min Dist 100 = 0.835 | Min Dist 1000 = 0.861 | Steps Per Second = 78.143 | Success = 1.000 | Success 1000 = 0.888
I0502 15:58:49.270166 139558059398720 terminal.py:91] [Actor] Actor Episodes = 20690 | Actor Steps = 1034500 | Delta Dist = 4.323 | Delta Dist 10 = 2.904 | Delta Dist 100 = 4.091 | Delta Dist 1000 = 4.347 | Episode Length = 50 | Episode Return = 4.0 | Evaluator Episodes = 5235 | Evaluator Steps = 261750 | Final Dist = 1.062 | Final Dist 10 = 2.476 | Final Dist 100 = 1.794 | Final Dist 1000 = 1.554 | Init Dist = 5.385 | Init Dist 10 = 5.380 | Init Dist 100 = 5.885 | Init Dist 1000 = 5.900 | Learner Steps = 16007 | Learner Walltime = 3152.036 | Min Dist = 0.007 | Min Dist 10 = 0.531 | Min Dist 100 = 0.309 | Min Dist 1000 = 0.244 | Steps Per Second = 79.869 | Success = 1.000 | Success 1000 = 0.991
I0502 15:58:49.420152 139579566835264 terminal.py:91] [Evaluator] Actor Episodes = 20695 | Actor Steps = 1034750 | Delta Dist = 11.493 | Delta Dist 10 = 11.663 | Delta Dist 100 = 11.288 | Delta Dist 1000 = 11.216 | Episode Length = 50 | Episode Return = 12.0 | Evaluator Episodes = 5237 | Evaluator Steps = 261850 | Final Dist = 1.314 | Final Dist 10 = 1.143 | Final Dist 100 = 1.518 | Final Dist 1000 = 1.590 | Init Dist = 12.806 | Init Dist 10 = 12.806 | Init Dist 100 = 12.806 | Init Dist 1000 = 12.806 | Learner Steps = 16014 | Learner Walltime = 3153.293 | Min Dist = 0.084 | Min Dist 10 = 0.263 | Min Dist 100 = 0.776 | Min Dist 1000 = 0.861 | Steps Per Second = 82.712 | Success = 1.000 | Success 1000 = 0.888
I0502 15:58:50.664089 139579566835264 terminal.py:91] [Evaluator] Actor Episodes = 20703 | Actor Steps = 1035150 | Delta Dist = 11.770 | Delta Dist 10 = 11.586 | Delta Dist 100 = 11.267 | Delta Dist 1000 = 11.215 | Episode Length = 50 | Episode Return = 13.0 | Evaluator Episodes = 5239 | Evaluator Steps = 261950 | Final Dist = 1.036 | Final Dist 10 = 1.220 | Final Dist 100 = 1.539 | Final Dist 1000 = 1.591 | Init Dist = 12.806 | Init Dist 10 = 12.806 | Init Dist 100 = 12.806 | Init Dist 1000 = 12.806 | Learner Steps = 16019 | Learner Walltime = 3154.599 | Min Dist = 0.255 | Min Dist 10 = 0.254 | Min Dist 100 = 0.776 | Min Dist 1000 = 0.861 | Steps Per Second = 78.504 | Success = 1.000 | Success 1000 = 0.888
I0502 15:58:50.746857 139584504182336 lp_utils.py:96] StepsLimiter: Reached 1035150 recorded steps
I0502 15:58:51.414829 139569349502528 terminal.py:91] [Actor] Actor Episodes = 20707 | Actor Steps = 1035350 | Delta Dist = 1.126 | Delta Dist 10 = 4.245 | Delta Dist 100 = 4.109 | Delta Dist 1000 = 4.334 | Episode Length = 50 | Episode Return = 39.0 | Evaluator Episodes = 5239 | Evaluator Steps = 261950 | Final Dist = 1.110 | Final Dist 10 = 1.953 | Final Dist 100 = 1.825 | Final Dist 1000 = 1.563 | Init Dist = 2.236 | Init Dist 10 = 6.198 | Init Dist 100 = 5.934 | Init Dist 1000 = 5.897 | Learner Steps = 16019 | Learner Walltime = 3154.599 | Min Dist = 0.008 | Min Dist 10 = 1.049 | Min Dist 100 = 0.359 | Min Dist 1000 = 0.254 | Steps Per Second = 90.376 | Success = 1.000 | Success 1000 = 0.991
I0502 15:58:51.754826 139579566835264 terminal.py:91] [Evaluator] Actor Episodes = 20711 | Actor Steps = 1035550 | Delta Dist = 11.404 | Delta Dist 10 = 11.568 | Delta Dist 100 = 11.259 | Delta Dist 1000 = 11.218 | Episode Length = 50 | Episode Return = 4.0 | Evaluator Episodes = 5241 | Evaluator Steps = 262050 | Final Dist = 1.403 | Final Dist 10 = 1.238 | Final Dist 100 = 1.547 | Final Dist 1000 = 1.588 | Init Dist = 12.806 | Init Dist 10 = 12.806 | Init Dist 100 = 12.806 | Init Dist 1000 = 12.806 | Learner Steps = 16026 | Learner Walltime = 3155.788 | Min Dist = 0.315 | Min Dist 10 = 0.244 | Min Dist 100 = 0.771 | Min Dist 1000 = 0.857 | Steps Per Second = 86.201 | Success = 1.000 | Success 1000 = 0.889
I0502 15:58:52.063657 139555860620864 terminal.py:91] [Actor] Actor Episodes = 20712 | Actor Steps = 1035600 | Delta Dist = 0.773 | Delta Dist 10 = 4.806 | Delta Dist 100 = 4.083 | Delta Dist 1000 = 4.335 | Episode Length = 50 | Episode Return = 37.0 | Evaluator Episodes = 5239 | Evaluator Steps = 261950 | Final Dist = 0.227 | Final Dist 10 = 1.358 | Final Dist 100 = 1.798 | Final Dist 1000 = 1.559 | Init Dist = 1.000 | Init Dist 10 = 6.164 | Init Dist 100 = 5.881 | Init Dist 1000 = 5.893 | Learner Steps = 16019 | Learner Walltime = 3154.599 | Min Dist = 0.227 | Min Dist 10 = 0.095 | Min Dist 100 = 0.318 | Min Dist 1000 = 0.242 | Steps Per Second = 87.034 | Success = 1.000 | Success 1000 = 0.991
I0502 15:58:52.367059 139584635659840 savers.py:156] Saving checkpoint: logs/contrastive_cpc_point_FourRooms_64/5dd72662-2788-11f0-b183-d85ed38c5779/checkpoints/counter
I0502 15:58:52.803557 139583350109760 savers.py:156] Saving checkpoint: logs/contrastive_cpc_point_FourRooms_64/5dd72662-2788-11f0-b183-d85ed38c5779/checkpoints/learner
I0502 15:58:52.967872 139579566835264 terminal.py:91] [Evaluator] Actor Episodes = 20719 | Actor Steps = 1035950 | Delta Dist = 10.418 | Delta Dist 10 = 11.636 | Delta Dist 100 = 11.340 | Delta Dist 1000 = 11.219 | Episode Length = 50 | Episode Return = 0.0 | Evaluator Episodes = 5243 | Evaluator Steps = 262150 | Final Dist = 2.388 | Final Dist 10 = 1.170 | Final Dist 100 = 1.467 | Final Dist 1000 = 1.588 | Init Dist = 12.806 | Init Dist 10 = 12.806 | Init Dist 100 = 12.806 | Init Dist 1000 = 12.806 | Learner Steps = 16032 | Learner Walltime = 3157.006 | Min Dist = 2.388 | Min Dist 10 = 0.272 | Min Dist 100 = 0.705 | Min Dist 1000 = 0.857 | Steps Per Second = 78.742 | Success = 0.000 | Success 1000 = 0.889
I0502 15:58:54.143085 139579566835264 terminal.py:91] [Evaluator] Actor Episodes = 20727 | Actor Steps = 1036350 | Delta Dist = 11.691 | Delta Dist 10 = 11.543 | Delta Dist 100 = 11.329 | Delta Dist 1000 = 11.218 | Episode Length = 50 | Episode Return = 3.0 | Evaluator Episodes = 5245 | Evaluator Steps = 262250 | Final Dist = 1.115 | Final Dist 10 = 1.263 | Final Dist 100 = 1.478 | Final Dist 1000 = 1.588 | Init Dist = 12.806 | Init Dist 10 = 12.806 | Init Dist 100 = 12.806 | Init Dist 1000 = 12.806 | Learner Steps = 16037 | Learner Walltime = 3158.279 | Min Dist = 0.985 | Min Dist 10 = 0.459 | Min Dist 100 = 0.727 | Min Dist 1000 = 0.859 | Steps Per Second = 82.529 | Success = 1.000 | Success 1000 = 0.888
I0502 15:58:54.575486 139557462840896 terminal.py:91] [Actor] Actor Episodes = 20726 | Actor Steps = 1036300 | Delta Dist = 5.129 | Delta Dist 10 = 5.979 | Delta Dist 100 = 4.365 | Delta Dist 1000 = 4.372 | Episode Length = 50 | Episode Return = 20.0 | Evaluator Episodes = 5243 | Evaluator Steps = 262150 | Final Dist = 1.942 | Final Dist 10 = 1.078 | Final Dist 100 = 1.666 | Final Dist 1000 = 1.550 | Init Dist = 7.071 | Init Dist 10 = 7.057 | Init Dist 100 = 6.032 | Init Dist 1000 = 5.922 | Learner Steps = 16032 | Learner Walltime = 3157.006 | Min Dist = 0.169 | Min Dist 10 = 0.116 | Min Dist 100 = 0.322 | Min Dist 1000 = 0.243 | Steps Per Second = 85.658 | Success = 1.000 | Success 1000 = 0.991
I0502 15:58:55.266900 139579566835264 terminal.py:91] [Evaluator] Actor Episodes = 20735 | Actor Steps = 1036750 | Delta Dist = 11.682 | Delta Dist 10 = 11.600 | Delta Dist 100 = 11.320 | Delta Dist 1000 = 11.218 | Episode Length = 50 | Episode Return = 15.0 | Evaluator Episodes = 5247 | Evaluator Steps = 262350 | Final Dist = 1.125 | Final Dist 10 = 1.206 | Final Dist 100 = 1.486 | Final Dist 1000 = 1.588 | Init Dist = 12.806 | Init Dist 10 = 12.806 | Init Dist 100 = 12.806 | Init Dist 1000 = 12.806 | Learner Steps = 16043 | Learner Walltime = 3159.447 | Min Dist = 0.266 | Min Dist 10 = 0.506 | Min Dist 100 = 0.734 | Min Dist 1000 = 0.860 | Steps Per Second = 91.068 | Success = 1.000 | Success 1000 = 0.888
I0502 15:58:56.414916 139579566835264 terminal.py:91] [Evaluator] Actor Episodes = 20743 | Actor Steps = 1037150 | Delta Dist = 11.827 | Delta Dist 10 = 11.703 | Delta Dist 100 = 11.325 | Delta Dist 1000 = 11.217 | Episode Length = 50 | Episode Return = 26.0 | Evaluator Episodes = 5249 | Evaluator Steps = 262450 | Final Dist = 0.979 | Final Dist 10 = 1.103 | Final Dist 100 = 1.481 | Final Dist 1000 = 1.589 | Init Dist = 12.806 | Init Dist 10 = 12.806 | Init Dist 100 = 12.806 | Init Dist 1000 = 12.806 | Learner Steps = 16051 | Learner Walltime = 3160.599 | Min Dist = 0.108 | Min Dist 10 = 0.509 | Min Dist 100 = 0.735 | Min Dist 1000 = 0.860 | Steps Per Second = 82.581 | Success = 1.000 | Success 1000 = 0.888
I0502 15:58:56.681316 139555013154368 terminal.py:91] [Learner] Actor Episodes = 20743 | Actor Loss = 3.613079071044922 | Actor Steps = 1037150 | Binary Accuracy = 0.9960424900054932 | Categorical Accuracy = 0.4263916015625 | Critic Loss = 1.8441540002822876 | Entropy Mean = -16.998414993286133 | Evaluator Episodes = 5247 | Evaluator Steps = 262350 | Learner Steps = 16052 | Learner Walltime = 3160.873 | Logits Neg = -16.607589721679688 | Logits Pos = -1.824904441833496 | Logsumexp = 1.1534651517868042 | Steps Per Second = 233.849
I0502 15:58:57.555917 139579566835264 terminal.py:91] [Evaluator] Actor Episodes = 20749 | Actor Steps = 1037450 | Delta Dist = 11.520 | Delta Dist 10 = 11.820 | Delta Dist 100 = 11.332 | Delta Dist 1000 = 11.227 | Episode Length = 50 | Episode Return = 9.0 | Evaluator Episodes = 5251 | Evaluator Steps = 262550 | Final Dist = 1.286 | Final Dist 10 = 0.986 | Final Dist 100 = 1.474 | Final Dist 1000 = 1.579 | Init Dist = 12.806 | Init Dist 10 = 12.806 | Init Dist 100 = 12.806 | Init Dist 1000 = 12.806 | Learner Steps = 16056 | Learner Walltime = 3161.675 | Min Dist = 0.143 | Min Dist 10 = 0.483 | Min Dist 100 = 0.733 | Min Dist 1000 = 0.850 | Steps Per Second = 88.693 | Success = 1.000 | Success 1000 = 0.889
I0502 15:58:58.682299 139579566835264 terminal.py:91] [Evaluator] Actor Episodes = 20755 | Actor Steps = 1037750 | Delta Dist = 11.487 | Delta Dist 10 = 11.755 | Delta Dist 100 = 11.321 | Delta Dist 1000 = 11.237 | Episode Length = 50 | Episode Return = 8.0 | Evaluator Episodes = 5253 | Evaluator Steps = 262650 | Final Dist = 1.319 | Final Dist 10 = 1.051 | Final Dist 100 = 1.485 | Final Dist 1000 = 1.569 | Init Dist = 12.806 | Init Dist 10 = 12.806 | Init Dist 100 = 12.806 | Init Dist 1000 = 12.806 | Learner Steps = 16062 | Learner Walltime = 3162.851 | Min Dist = 0.206 | Min Dist 10 = 0.460 | Min Dist 100 = 0.732 | Min Dist 1000 = 0.839 | Steps Per Second = 86.511 | Success = 1.000 | Success 1000 = 0.890
I0502 15:58:59.379481 139558059398720 terminal.py:91] [Actor] Actor Episodes = 20761 | Actor Steps = 1038050 | Delta Dist = 3.933 | Delta Dist 10 = 3.480 | Delta Dist 100 = 4.350 | Delta Dist 1000 = 4.393 | Episode Length = 50 | Episode Return = 46.0 | Evaluator Episodes = 5253 | Evaluator Steps = 262650 | Final Dist = 0.190 | Final Dist 10 = 0.564 | Final Dist 100 = 1.557 | Final Dist 1000 = 1.543 | Init Dist = 4.123 | Init Dist 10 = 4.044 | Init Dist 100 = 5.907 | Init Dist 1000 = 5.936 | Learner Steps = 16062 | Learner Walltime = 3162.851 | Min Dist = 0.082 | Min Dist 10 = 0.090 | Min Dist 100 = 0.323 | Min Dist 1000 = 0.249 | Steps Per Second = 88.668 | Success = 1.000 | Success 1000 = 0.992
I0502 15:58:59.777128 139579566835264 terminal.py:91] [Evaluator] Actor Episodes = 20763 | Actor Steps = 1038150 | Delta Dist = 12.440 | Delta Dist 10 = 11.861 | Delta Dist 100 = 11.369 | Delta Dist 1000 = 11.237 | Episode Length = 50 | Episode Return = 22.0 | Evaluator Episodes = 5255 | Evaluator Steps = 262750 | Final Dist = 0.366 | Final Dist 10 = 0.946 | Final Dist 100 = 1.437 | Final Dist 1000 = 1.569 | Init Dist = 12.806 | Init Dist 10 = 12.806 | Init Dist 100 = 12.806 | Init Dist 1000 = 12.806 | Learner Steps = 16062 | Learner Walltime = 3162.851 | Min Dist = 0.226 | Min Dist 10 = 0.241 | Min Dist 100 = 0.683 | Min Dist 1000 = 0.838 | Steps Per Second = 97.045 | Success = 1.000 | Success 1000 = 0.891
I0502 15:59:00.766765 139584504182336 lp_utils.py:96] StepsLimiter: Reached 1038450 recorded steps
I0502 15:59:01.074798 139579566835264 terminal.py:91] [Evaluator] Actor Episodes = 20769 | Actor Steps = 1038450 | Delta Dist = 11.522 | Delta Dist 10 = 12.019 | Delta Dist 100 = 11.390 | Delta Dist 1000 = 11.238 | Episode Length = 50 | Episode Return = 25.0 | Evaluator Episodes = 5257 | Evaluator Steps = 262850 | Final Dist = 1.284 | Final Dist 10 = 0.788 | Final Dist 100 = 1.417 | Final Dist 1000 = 1.568 | Init Dist = 12.806 | Init Dist 10 = 12.806 | Init Dist 100 = 12.806 | Init Dist 1000 = 12.806 | Learner Steps = 16075 | Learner Walltime = 3165.060 | Min Dist = 0.118 | Min Dist 10 = 0.169 | Min Dist 100 = 0.680 | Min Dist 1000 = 0.837 | Steps Per Second = 83.188 | Success = 1.000 | Success 1000 = 0.892
I0502 15:59:01.882372 139569349502528 terminal.py:91] [Actor] Actor Episodes = 20776 | Actor Steps = 1038800 | Delta Dist = 3.825 | Delta Dist 10 = 3.213 | Delta Dist 100 = 4.153 | Delta Dist 1000 = 4.377 | Episode Length = 50 | Episode Return = 11.0 | Evaluator Episodes = 5257 | Evaluator Steps = 262850 | Final Dist = 0.647 | Final Dist 10 = 1.257 | Final Dist 100 = 1.509 | Final Dist 1000 = 1.543 | Init Dist = 4.472 | Init Dist 10 = 4.470 | Init Dist 100 = 5.662 | Init Dist 1000 = 5.920 | Learner Steps = 16075 | Learner Walltime = 3165.060 | Min Dist = 0.299 | Min Dist 10 = 0.214 | Min Dist 100 = 0.341 | Min Dist 1000 = 0.251 | Steps Per Second = 80.360 | Success = 1.000 | Success 1000 = 0.991
I0502 15:59:02.187323 139555860620864 terminal.py:91] [Actor] Actor Episodes = 20779 | Actor Steps = 1038950 | Delta Dist = 4.913 | Delta Dist 10 = 2.699 | Delta Dist 100 = 4.109 | Delta Dist 1000 = 4.373 | Episode Length = 50 | Episode Return = 13.0 | Evaluator Episodes = 5257 | Evaluator Steps = 262850 | Final Dist = 1.170 | Final Dist 10 = 1.497 | Final Dist 100 = 1.534 | Final Dist 1000 = 1.544 | Init Dist = 6.083 | Init Dist 10 = 4.196 | Init Dist 100 = 5.644 | Init Dist 1000 = 5.917 | Learner Steps = 16079 | Learner Walltime = 3166.091 | Min Dist = 0.014 | Min Dist 10 = 0.231 | Min Dist 100 = 0.343 | Min Dist 1000 = 0.251 | Steps Per Second = 98.296 | Success = 1.000 | Success 1000 = 0.991
I0502 15:59:02.238869 139579566835264 terminal.py:91] [Evaluator] Actor Episodes = 20779 | Actor Steps = 1038950 | Delta Dist = 11.849 | Delta Dist 10 = 11.932 | Delta Dist 100 = 11.387 | Delta Dist 1000 = 11.238 | Episode Length = 50 | Episode Return = 24.0 | Evaluator Episodes = 5259 | Evaluator Steps = 262950 | Final Dist = 0.957 | Final Dist 10 = 0.874 | Final Dist 100 = 1.420 | Final Dist 1000 = 1.568 | Init Dist = 12.806 | Init Dist 10 = 12.806 | Init Dist 100 = 12.806 | Init Dist 1000 = 12.806 | Learner Steps = 16079 | Learner Walltime = 3166.091 | Min Dist = 0.100 | Min Dist 10 = 0.182 | Min Dist 100 = 0.682 | Min Dist 1000 = 0.837 | Steps Per Second = 85.704 | Success = 1.000 | Success 1000 = 0.892
I0502 15:59:03.297037 139579566835264 terminal.py:91] [Evaluator] Actor Episodes = 20785 | Actor Steps = 1039250 | Delta Dist = 11.433 | Delta Dist 10 = 11.875 | Delta Dist 100 = 11.394 | Delta Dist 1000 = 11.238 | Episode Length = 50 | Episode Return = 16.0 | Evaluator Episodes = 5261 | Evaluator Steps = 263050 | Final Dist = 1.373 | Final Dist 10 = 0.932 | Final Dist 100 = 1.412 | Final Dist 1000 = 1.568 | Init Dist = 12.806 | Init Dist 10 = 12.806 | Init Dist 100 = 12.806 | Init Dist 1000 = 12.806 | Learner Steps = 16085 | Learner Walltime = 3167.127 | Min Dist = 0.468 | Min Dist 10 = 0.187 | Min Dist 100 = 0.682 | Min Dist 1000 = 0.837 | Steps Per Second = 93.104 | Success = 1.000 | Success 1000 = 0.892
I0502 15:59:04.473939 139579566835264 terminal.py:91] [Evaluator] Actor Episodes = 20793 | Actor Steps = 1039650 | Delta Dist = 11.725 | Delta Dist 10 = 11.838 | Delta Dist 100 = 11.404 | Delta Dist 1000 = 11.239 | Episode Length = 50 | Episode Return = 28.0 | Evaluator Episodes = 5263 | Evaluator Steps = 263150 | Final Dist = 1.081 | Final Dist 10 = 0.969 | Final Dist 100 = 1.402 | Final Dist 1000 = 1.567 | Init Dist = 12.806 | Init Dist 10 = 12.806 | Init Dist 100 = 12.806 | Init Dist 1000 = 12.806 | Learner Steps = 16090 | Learner Walltime = 3168.301 | Min Dist = 0.126 | Min Dist 10 = 0.220 | Min Dist 100 = 0.659 | Min Dist 1000 = 0.835 | Steps Per Second = 82.644 | Success = 1.000 | Success 1000 = 0.893
I0502 15:59:04.807336 139557462840896 terminal.py:91] [Actor] Actor Episodes = 20797 | Actor Steps = 1039850 | Delta Dist = 8.533 | Delta Dist 10 = 3.581 | Delta Dist 100 = 4.293 | Delta Dist 1000 = 4.375 | Episode Length = 50 | Episode Return = 13.0 | Evaluator Episodes = 5263 | Evaluator Steps = 263150 | Final Dist = 0.069 | Final Dist 10 = 1.790 | Final Dist 100 = 1.492 | Final Dist 1000 = 1.525 | Init Dist = 8.602 | Init Dist 10 = 5.371 | Init Dist 100 = 5.784 | Init Dist 1000 = 5.900 | Learner Steps = 16090 | Learner Walltime = 3168.301 | Min Dist = 0.069 | Min Dist 10 = 0.112 | Min Dist 100 = 0.306 | Min Dist 1000 = 0.250 | Steps Per Second = 75.792 | Success = 1.000 | Success 1000 = 0.991
I0502 15:59:05.725811 139579566835264 terminal.py:91] [Evaluator] Actor Episodes = 20801 | Actor Steps = 1040050 | Delta Dist = 11.061 | Delta Dist 10 = 11.836 | Delta Dist 100 = 11.473 | Delta Dist 1000 = 11.238 | Episode Length = 50 | Episode Return = 17.0 | Evaluator Episodes = 5265 | Evaluator Steps = 263250 | Final Dist = 1.745 | Final Dist 10 = 0.970 | Final Dist 100 = 1.333 | Final Dist 1000 = 1.569 | Init Dist = 12.806 | Init Dist 10 = 12.806 | Init Dist 100 = 12.806 | Init Dist 1000 = 12.806 | Learner Steps = 16097 | Learner Walltime = 3169.815 | Min Dist = 0.222 | Min Dist 10 = 0.225 | Min Dist 100 = 0.598 | Min Dist 1000 = 0.835 | Steps Per Second = 75.216 | Success = 1.000 | Success 1000 = 0.893
I0502 15:59:06.705267 139555013154368 terminal.py:91] [Learner] Actor Episodes = 20807 | Actor Loss = 3.5809617042541504 | Actor Steps = 1040350 | Binary Accuracy = 0.9960098266601562 | Categorical Accuracy = 0.419921875 | Critic Loss = 1.893096685409546 | Entropy Mean = -18.188451766967773 | Evaluator Episodes = 5265 | Evaluator Steps = 263250 | Learner Steps = 16104 | Learner Walltime = 3170.903 | Logits Neg = -16.217815399169922 | Logits Pos = -1.8404386043548584 | Logsumexp = 1.14457368850708 | Steps Per Second = 910.380
I0502 15:59:06.860570 139579566835264 terminal.py:91] [Evaluator] Actor Episodes = 20809 | Actor Steps = 1040450 | Delta Dist = 12.289 | Delta Dist 10 = 11.676 | Delta Dist 100 = 11.540 | Delta Dist 1000 = 11.238 | Episode Length = 50 | Episode Return = 4.0 | Evaluator Episodes = 5267 | Evaluator Steps = 263350 | Final Dist = 0.517 | Final Dist 10 = 1.130 | Final Dist 100 = 1.266 | Final Dist 1000 = 1.568 | Init Dist = 12.806 | Init Dist 10 = 12.806 | Init Dist 100 = 12.806 | Init Dist 1000 = 12.806 | Learner Steps = 16103 | Learner Walltime = 3170.833 | Min Dist = 0.517 | Min Dist 10 = 0.228 | Min Dist 100 = 0.533 | Min Dist 1000 = 0.835 | Steps Per Second = 88.901 | Success = 1.000 | Success 1000 = 0.893
I0502 15:59:08.106210 139579566835264 terminal.py:91] [Evaluator] Actor Episodes = 20818 | Actor Steps = 1040900 | Delta Dist = 11.445 | Delta Dist 10 = 11.733 | Delta Dist 100 = 11.572 | Delta Dist 1000 = 11.237 | Episode Length = 50 | Episode Return = 11.0 | Evaluator Episodes = 5269 | Evaluator Steps = 263450 | Final Dist = 1.362 | Final Dist 10 = 1.073 | Final Dist 100 = 1.234 | Final Dist 1000 = 1.569 | Init Dist = 12.806 | Init Dist 10 = 12.806 | Init Dist 100 = 12.806 | Init Dist 1000 = 12.806 | Learner Steps = 16110 | Learner Walltime = 3171.950 | Min Dist = 0.180 | Min Dist 10 = 0.275 | Min Dist 100 = 0.498 | Min Dist 1000 = 0.836 | Steps Per Second = 76.515 | Success = 1.000 | Success 1000 = 0.893
I0502 15:59:09.222674 139579566835264 terminal.py:91] [Evaluator] Actor Episodes = 20826 | Actor Steps = 1041300 | Delta Dist = 12.082 | Delta Dist 10 = 11.647 | Delta Dist 100 = 11.581 | Delta Dist 1000 = 11.236 | Episode Length = 50 | Episode Return = 32.0 | Evaluator Episodes = 5271 | Evaluator Steps = 263550 | Final Dist = 0.724 | Final Dist 10 = 1.159 | Final Dist 100 = 1.225 | Final Dist 1000 = 1.571 | Init Dist = 12.806 | Init Dist 10 = 12.806 | Init Dist 100 = 12.806 | Init Dist 1000 = 12.806 | Learner Steps = 16115 | Learner Walltime = 3173.067 | Min Dist = 0.208 | Min Dist 10 = 0.290 | Min Dist 100 = 0.470 | Min Dist 1000 = 0.836 | Steps Per Second = 90.019 | Success = 1.000 | Success 1000 = 0.893
I0502 15:59:09.707905 139558059398720 terminal.py:91] [Actor] Actor Episodes = 20827 | Actor Steps = 1041350 | Delta Dist = 9.345 | Delta Dist 10 = 4.257 | Delta Dist 100 = 4.346 | Delta Dist 1000 = 4.395 | Episode Length = 50 | Episode Return = 41.0 | Evaluator Episodes = 5269 | Evaluator Steps = 263450 | Final Dist = 0.089 | Final Dist 10 = 1.331 | Final Dist 100 = 1.549 | Final Dist 1000 = 1.538 | Init Dist = 9.434 | Init Dist 10 = 5.588 | Init Dist 100 = 5.895 | Init Dist 1000 = 5.933 | Learner Steps = 16115 | Learner Walltime = 3173.067 | Min Dist = 0.027 | Min Dist 10 = 0.069 | Min Dist 100 = 0.207 | Min Dist 1000 = 0.243 | Steps Per Second = 83.278 | Success = 1.000 | Success 1000 = 0.991
I0502 15:59:10.293384 139579566835264 terminal.py:91] [Evaluator] Actor Episodes = 20832 | Actor Steps = 1041600 | Delta Dist = 11.630 | Delta Dist 10 = 11.743 | Delta Dist 100 = 11.576 | Delta Dist 1000 = 11.236 | Episode Length = 50 | Episode Return = 3.0 | Evaluator Episodes = 5273 | Evaluator Steps = 263650 | Final Dist = 1.177 | Final Dist 10 = 1.063 | Final Dist 100 = 1.230 | Final Dist 1000 = 1.571 | Init Dist = 12.806 | Init Dist 10 = 12.806 | Init Dist 100 = 12.806 | Init Dist 1000 = 12.806 | Learner Steps = 16122 | Learner Walltime = 3174.282 | Min Dist = 0.353 | Min Dist 10 = 0.324 | Min Dist 100 = 0.476 | Min Dist 1000 = 0.837 | Steps Per Second = 86.134 | Success = 1.000 | Success 1000 = 0.893
I0502 15:59:10.785430 139584504182336 lp_utils.py:96] StepsLimiter: Reached 1041800 recorded steps
I0502 15:59:11.465609 139579566835264 terminal.py:91] [Evaluator] Actor Episodes = 20840 | Actor Steps = 1042000 | Delta Dist = 11.147 | Delta Dist 10 = 11.705 | Delta Dist 100 = 11.567 | Delta Dist 1000 = 11.243 | Episode Length = 50 | Episode Return = 0.0 | Evaluator Episodes = 5275 | Evaluator Steps = 263750 | Final Dist = 1.659 | Final Dist 10 = 1.102 | Final Dist 100 = 1.239 | Final Dist 1000 = 1.564 | Init Dist = 12.806 | Init Dist 10 = 12.806 | Init Dist 100 = 12.806 | Init Dist 1000 = 12.806 | Learner Steps = 16128 | Learner Walltime = 3175.306 | Min Dist = 1.009 | Min Dist 10 = 0.344 | Min Dist 100 = 0.480 | Min Dist 1000 = 0.830 | Steps Per Second = 83.575 | Success = 0.000 | Success 1000 = 0.894
I0502 15:59:12.081165 139569349502528 terminal.py:91] [Actor] Actor Episodes = 20846 | Actor Steps = 1042300 | Delta Dist = 0.981 | Delta Dist 10 = 3.620 | Delta Dist 100 = 4.361 | Delta Dist 1000 = 4.377 | Episode Length = 50 | Episode Return = 20.0 | Evaluator Episodes = 5275 | Evaluator Steps = 263750 | Final Dist = 0.019 | Final Dist 10 = 3.548 | Final Dist 100 = 1.665 | Final Dist 1000 = 1.561 | Init Dist = 1.000 | Init Dist 10 = 7.168 | Init Dist 100 = 6.025 | Init Dist 1000 = 5.938 | Learner Steps = 16128 | Learner Walltime = 3175.306 | Min Dist = 0.019 | Min Dist 10 = 1.261 | Min Dist 100 = 0.238 | Min Dist 1000 = 0.254 | Steps Per Second = 88.609 | Success = 1.000 | Success 1000 = 0.991
I0502 15:59:12.491405 139555860620864 terminal.py:91] [Actor] Actor Episodes = 20845 | Actor Steps = 1042250 | Delta Dist = 5.537 | Delta Dist 10 = 2.343 | Delta Dist 100 = 4.176 | Delta Dist 1000 = 4.361 | Episode Length = 50 | Episode Return = 24.0 | Evaluator Episodes = 5275 | Evaluator Steps = 263750 | Final Dist = 1.534 | Final Dist 10 = 4.412 | Final Dist 100 = 1.730 | Final Dist 1000 = 1.571 | Init Dist = 7.071 | Init Dist 10 = 6.755 | Init Dist 100 = 5.906 | Init Dist 1000 = 5.932 | Learner Steps = 16128 | Learner Walltime = 3175.306 | Min Dist = 0.097 | Min Dist 10 = 1.169 | Min Dist 100 = 0.238 | Min Dist 1000 = 0.254 | Steps Per Second = 79.791 | Success = 1.000 | Success 1000 = 0.991
I0502 15:59:12.612971 139579566835264 terminal.py:91] [Evaluator] Actor Episodes = 20848 | Actor Steps = 1042400 | Delta Dist = 12.373 | Delta Dist 10 = 11.712 | Delta Dist 100 = 11.567 | Delta Dist 1000 = 11.243 | Episode Length = 50 | Episode Return = 21.0 | Evaluator Episodes = 5277 | Evaluator Steps = 263850 | Final Dist = 0.433 | Final Dist 10 = 1.095 | Final Dist 100 = 1.239 | Final Dist 1000 = 1.564 | Init Dist = 12.806 | Init Dist 10 = 12.806 | Init Dist 100 = 12.806 | Init Dist 1000 = 12.806 | Learner Steps = 16133 | Learner Walltime = 3176.422 | Min Dist = 0.168 | Min Dist 10 = 0.411 | Min Dist 100 = 0.483 | Min Dist 1000 = 0.831 | Steps Per Second = 80.138 | Success = 1.000 | Success 1000 = 0.893
I0502 15:59:13.707724 139579566835264 terminal.py:91] [Evaluator] Actor Episodes = 20856 | Actor Steps = 1042800 | Delta Dist = 11.176 | Delta Dist 10 = 11.729 | Delta Dist 100 = 11.565 | Delta Dist 1000 = 11.249 | Episode Length = 50 | Episode Return = 4.0 | Evaluator Episodes = 5279 | Evaluator Steps = 263950 | Final Dist = 1.631 | Final Dist 10 = 1.077 | Final Dist 100 = 1.242 | Final Dist 1000 = 1.557 | Init Dist = 12.806 | Init Dist 10 = 12.806 | Init Dist 100 = 12.806 | Init Dist 1000 = 12.806 | Learner Steps = 16138 | Learner Walltime = 3177.443 | Min Dist = 0.268 | Min Dist 10 = 0.327 | Min Dist 100 = 0.481 | Min Dist 1000 = 0.824 | Steps Per Second = 101.516 | Success = 1.000 | Success 1000 = 0.894
I0502 15:59:14.887608 139579566835264 terminal.py:91] [Evaluator] Actor Episodes = 20864 | Actor Steps = 1043200 | Delta Dist = 11.997 | Delta Dist 10 = 11.764 | Delta Dist 100 = 11.565 | Delta Dist 1000 = 11.250 | Episode Length = 50 | Episode Return = 28.0 | Evaluator Episodes = 5281 | Evaluator Steps = 264050 | Final Dist = 0.809 | Final Dist 10 = 1.042 | Final Dist 100 = 1.242 | Final Dist 1000 = 1.556 | Init Dist = 12.806 | Init Dist 10 = 12.806 | Init Dist 100 = 12.806 | Init Dist 1000 = 12.806 | Learner Steps = 16143 | Learner Walltime = 3178.469 | Min Dist = 0.048 | Min Dist 10 = 0.334 | Min Dist 100 = 0.477 | Min Dist 1000 = 0.822 | Steps Per Second = 78.199 | Success = 1.000 | Success 1000 = 0.895
I0502 15:59:15.326880 139557462840896 terminal.py:91] [Actor] Actor Episodes = 20865 | Actor Steps = 1043250 | Delta Dist = 6.025 | Delta Dist 10 = 5.206 | Delta Dist 100 = 4.515 | Delta Dist 1000 = 4.362 | Episode Length = 50 | Episode Return = 14.0 | Evaluator Episodes = 5279 | Evaluator Steps = 263950 | Final Dist = 1.255 | Final Dist 10 = 1.540 | Final Dist 100 = 1.759 | Final Dist 1000 = 1.566 | Init Dist = 7.280 | Init Dist 10 = 6.746 | Init Dist 100 = 6.274 | Init Dist 1000 = 5.927 | Learner Steps = 16143 | Learner Walltime = 3178.469 | Min Dist = 0.387 | Min Dist 10 = 0.098 | Min Dist 100 = 0.234 | Min Dist 1000 = 0.253 | Steps Per Second = 92.834 | Success = 1.000 | Success 1000 = 0.991
I0502 15:59:16.058274 139579566835264 terminal.py:91] [Evaluator] Actor Episodes = 20872 | Actor Steps = 1043600 | Delta Dist = 11.656 | Delta Dist 10 = 11.723 | Delta Dist 100 = 11.565 | Delta Dist 1000 = 11.258 | Episode Length = 50 | Episode Return = 25.0 | Evaluator Episodes = 5283 | Evaluator Steps = 264150 | Final Dist = 1.150 | Final Dist 10 = 1.084 | Final Dist 100 = 1.241 | Final Dist 1000 = 1.549 | Init Dist = 12.806 | Init Dist 10 = 12.806 | Init Dist 100 = 12.806 | Init Dist 1000 = 12.806 | Learner Steps = 16149 | Learner Walltime = 3179.489 | Min Dist = 0.152 | Min Dist 10 = 0.246 | Min Dist 100 = 0.475 | Min Dist 1000 = 0.812 | Steps Per Second = 84.230 | Success = 1.000 | Success 1000 = 0.897
I0502 15:59:16.822358 139555013154368 terminal.py:91] [Learner] Actor Episodes = 20874 | Actor Loss = 3.4933853149414062 | Actor Steps = 1043700 | Binary Accuracy = 0.995966911315918 | Categorical Accuracy = 0.4307861328125 | Critic Loss = 1.8417160511016846 | Entropy Mean = -18.859512329101562 | Evaluator Episodes = 5283 | Evaluator Steps = 264150 | Learner Steps = 16157 | Learner Walltime = 3181.023 | Logits Neg = -16.424266815185547 | Logits Pos = -1.8434832096099854 | Logsumexp = 1.198742151260376 | Steps Per Second = 337.699
I0502 15:59:17.193720 139579566835264 terminal.py:91] [Evaluator] Actor Episodes = 20880 | Actor Steps = 1044000 | Delta Dist = 11.448 | Delta Dist 10 = 11.745 | Delta Dist 100 = 11.561 | Delta Dist 1000 = 11.258 | Episode Length = 50 | Episode Return = 2.0 | Evaluator Episodes = 5285 | Evaluator Steps = 264250 | Final Dist = 1.358 | Final Dist 10 = 1.061 | Final Dist 100 = 1.245 | Final Dist 1000 = 1.549 | Init Dist = 12.806 | Init Dist 10 = 12.806 | Init Dist 100 = 12.806 | Init Dist 1000 = 12.806 | Learner Steps = 16155 | Learner Walltime = 3180.682 | Min Dist = 0.515 | Min Dist 10 = 0.213 | Min Dist 100 = 0.475 | Min Dist 1000 = 0.812 | Steps Per Second = 93.462 | Success = 1.000 | Success 1000 = 0.897
I0502 15:59:18.305619 139579566835264 terminal.py:91] [Evaluator] Actor Episodes = 20888 | Actor Steps = 1044400 | Delta Dist = 12.435 | Delta Dist 10 = 11.787 | Delta Dist 100 = 11.572 | Delta Dist 1000 = 11.259 | Episode Length = 50 | Episode Return = 15.0 | Evaluator Episodes = 5287 | Evaluator Steps = 264350 | Final Dist = 0.372 | Final Dist 10 = 1.019 | Final Dist 100 = 1.234 | Final Dist 1000 = 1.547 | Init Dist = 12.806 | Init Dist 10 = 12.806 | Init Dist 100 = 12.806 | Init Dist 1000 = 12.806 | Learner Steps = 16161 | Learner Walltime = 3181.801 | Min Dist = 0.327 | Min Dist 10 = 0.180 | Min Dist 100 = 0.478 | Min Dist 1000 = 0.812 | Steps Per Second = 95.873 | Success = 1.000 | Success 1000 = 0.897
I0502 15:59:19.546915 139579566835264 terminal.py:91] [Evaluator] Actor Episodes = 20896 | Actor Steps = 1044800 | Delta Dist = 11.803 | Delta Dist 10 = 11.885 | Delta Dist 100 = 11.653 | Delta Dist 1000 = 11.259 | Episode Length = 50 | Episode Return = 20.0 | Evaluator Episodes = 5289 | Evaluator Steps = 264450 | Final Dist = 1.003 | Final Dist 10 = 0.921 | Final Dist 100 = 1.153 | Final Dist 1000 = 1.547 | Init Dist = 12.806 | Init Dist 10 = 12.806 | Init Dist 100 = 12.806 | Init Dist 1000 = 12.806 | Learner Steps = 16168 | Learner Walltime = 3183.159 | Min Dist = 0.199 | Min Dist 10 = 0.225 | Min Dist 100 = 0.411 | Min Dist 1000 = 0.812 | Steps Per Second = 80.264 | Success = 1.000 | Success 1000 = 0.897
I0502 15:59:19.809794 139558059398720 terminal.py:91] [Actor] Actor Episodes = 20898 | Actor Steps = 1044900 | Delta Dist = 5.208 | Delta Dist 10 = 4.483 | Delta Dist 100 = 4.578 | Delta Dist 1000 = 4.354 | Episode Length = 50 | Episode Return = 15.0 | Evaluator Episodes = 5289 | Evaluator Steps = 264450 | Final Dist = 1.500 | Final Dist 10 = 0.705 | Final Dist 100 = 1.615 | Final Dist 1000 = 1.558 | Init Dist = 6.708 | Init Dist 10 = 5.188 | Init Dist 100 = 6.193 | Init Dist 1000 = 5.912 | Learner Steps = 16168 | Learner Walltime = 3183.159 | Min Dist = 0.107 | Min Dist 10 = 0.111 | Min Dist 100 = 0.232 | Min Dist 1000 = 0.255 | Steps Per Second = 86.625 | Success = 1.000 | Success 1000 = 0.990
I0502 15:59:20.645784 139579566835264 terminal.py:91] [Evaluator] Actor Episodes = 20904 | Actor Steps = 1045200 | Delta Dist = 11.816 | Delta Dist 10 = 11.877 | Delta Dist 100 = 11.651 | Delta Dist 1000 = 11.259 | Episode Length = 50 | Episode Return = 4.0 | Evaluator Episodes = 5291 | Evaluator Steps = 264550 | Final Dist = 0.990 | Final Dist 10 = 0.929 | Final Dist 100 = 1.155 | Final Dist 1000 = 1.547 | Init Dist = 12.806 | Init Dist 10 = 12.806 | Init Dist 100 = 12.806 | Init Dist 1000 = 12.806 | Learner Steps = 16175 | Learner Walltime = 3184.270 | Min Dist = 0.404 | Min Dist 10 = 0.213 | Min Dist 100 = 0.410 | Min Dist 1000 = 0.812 | Steps Per Second = 89.219 | Success = 1.000 | Success 1000 = 0.897
I0502 15:59:20.799098 139584504182336 lp_utils.py:96] StepsLimiter: Reached 1045200 recorded steps
I0502 15:59:21.711512 139579566835264 terminal.py:91] [Evaluator] Actor Episodes = 20908 | Actor Steps = 1045400 | Delta Dist = 11.417 | Delta Dist 10 = 11.945 | Delta Dist 100 = 11.660 | Delta Dist 1000 = 11.259 | Episode Length = 50 | Episode Return = 0.0 | Evaluator Episodes = 5293 | Evaluator Steps = 264650 | Final Dist = 1.389 | Final Dist 10 = 0.862 | Final Dist 100 = 1.146 | Final Dist 1000 = 1.547 | Init Dist = 12.806 | Init Dist 10 = 12.806 | Init Dist 100 = 12.806 | Init Dist 1000 = 12.806 | Learner Steps = 16180 | Learner Walltime = 3185.284 | Min Dist = 1.053 | Min Dist 10 = 0.245 | Min Dist 100 = 0.410 | Min Dist 1000 = 0.811 | Steps Per Second = 100.589 | Success = 0.000 | Success 1000 = 0.898
I0502 15:59:22.438973 139569349502528 terminal.py:91] [Actor] Actor Episodes = 20911 | Actor Steps = 1045550 | Delta Dist = 10.131 | Delta Dist 10 = 5.361 | Delta Dist 100 = 4.503 | Delta Dist 1000 = 4.357 | Episode Length = 50 | Episode Return = 35.0 | Evaluator Episodes = 5293 | Evaluator Steps = 264650 | Final Dist = 0.164 | Final Dist 10 = 1.527 | Final Dist 100 = 1.567 | Final Dist 1000 = 1.560 | Init Dist = 10.296 | Init Dist 10 = 6.888 | Init Dist 100 = 6.070 | Init Dist 1000 = 5.917 | Learner Steps = 16180 | Learner Walltime = 3185.284 | Min Dist = 0.018 | Min Dist 10 = 0.820 | Min Dist 100 = 0.294 | Min Dist 1000 = 0.261 | Steps Per Second = 71.860 | Success = 1.000 | Success 1000 = 0.990
I0502 15:59:22.820313 139555860620864 terminal.py:91] [Actor] Actor Episodes = 20917 | Actor Steps = 1045850 | Delta Dist = 2.895 | Delta Dist 10 = 4.806 | Delta Dist 100 = 4.437 | Delta Dist 1000 = 4.355 | Episode Length = 50 | Episode Return = 0.0 | Evaluator Episodes = 5293 | Evaluator Steps = 264650 | Final Dist = 4.105 | Final Dist 10 = 2.543 | Final Dist 100 = 1.652 | Final Dist 1000 = 1.566 | Init Dist = 7.000 | Init Dist 10 = 7.350 | Init Dist 100 = 6.089 | Init Dist 1000 = 5.921 | Learner Steps = 16180 | Learner Walltime = 3185.284 | Min Dist = 0.137 | Min Dist 10 = 0.785 | Min Dist 100 = 0.293 | Min Dist 1000 = 0.260 | Steps Per Second = 110.980 | Success = 1.000 | Success 1000 = 0.990
I0502 15:59:22.855030 139579566835264 terminal.py:91] [Evaluator] Actor Episodes = 20916 | Actor Steps = 1045800 | Delta Dist = 11.747 | Delta Dist 10 = 11.940 | Delta Dist 100 = 11.657 | Delta Dist 1000 = 11.267 | Episode Length = 50 | Episode Return = 3.0 | Evaluator Episodes = 5295 | Evaluator Steps = 264750 | Final Dist = 1.060 | Final Dist 10 = 0.866 | Final Dist 100 = 1.150 | Final Dist 1000 = 1.539 | Init Dist = 12.806 | Init Dist 10 = 12.806 | Init Dist 100 = 12.806 | Init Dist 1000 = 12.806 | Learner Steps = 16186 | Learner Walltime = 3186.673 | Min Dist = 0.997 | Min Dist 10 = 0.344 | Min Dist 100 = 0.418 | Min Dist 1000 = 0.805 | Steps Per Second = 93.391 | Success = 1.000 | Success 1000 = 0.898
I0502 15:59:24.066672 139579566835264 terminal.py:91] [Evaluator] Actor Episodes = 20924 | Actor Steps = 1046200 | Delta Dist = 11.629 | Delta Dist 10 = 11.868 | Delta Dist 100 = 11.719 | Delta Dist 1000 = 11.266 | Episode Length = 50 | Episode Return = 15.0 | Evaluator Episodes = 5297 | Evaluator Steps = 264850 | Final Dist = 1.177 | Final Dist 10 = 0.938 | Final Dist 100 = 1.087 | Final Dist 1000 = 1.540 | Init Dist = 12.806 | Init Dist 10 = 12.806 | Init Dist 100 = 12.806 | Init Dist 1000 = 12.806 | Learner Steps = 16193 | Learner Walltime = 3187.874 | Min Dist = 0.326 | Min Dist 10 = 0.386 | Min Dist 100 = 0.360 | Min Dist 1000 = 0.805 | Steps Per Second = 83.606 | Success = 1.000 | Success 1000 = 0.898
I0502 15:59:25.288059 139579566835264 terminal.py:91] [Evaluator] Actor Episodes = 20932 | Actor Steps = 1046600 | Delta Dist = 11.957 | Delta Dist 10 = 11.696 | Delta Dist 100 = 11.777 | Delta Dist 1000 = 11.267 | Episode Length = 50 | Episode Return = 16.0 | Evaluator Episodes = 5299 | Evaluator Steps = 264950 | Final Dist = 0.849 | Final Dist 10 = 1.111 | Final Dist 100 = 1.029 | Final Dist 1000 = 1.540 | Init Dist = 12.806 | Init Dist 10 = 12.806 | Init Dist 100 = 12.806 | Init Dist 1000 = 12.806 | Learner Steps = 16198 | Learner Walltime = 3188.915 | Min Dist = 0.218 | Min Dist 10 = 0.374 | Min Dist 100 = 0.289 | Min Dist 1000 = 0.805 | Steps Per Second = 86.375 | Success = 1.000 | Success 1000 = 0.898
I0502 15:59:25.563287 139557462840896 terminal.py:91] [Actor] Actor Episodes = 20936 | Actor Steps = 1046800 | Delta Dist = 6.424 | Delta Dist 10 = 3.666 | Delta Dist 100 = 4.562 | Delta Dist 1000 = 4.364 | Episode Length = 50 | Episode Return = 36.0 | Evaluator Episodes = 5299 | Evaluator Steps = 264950 | Final Dist = 0.284 | Final Dist 10 = 1.111 | Final Dist 100 = 1.565 | Final Dist 1000 = 1.559 | Init Dist = 6.708 | Init Dist 10 = 4.776 | Init Dist 100 = 6.127 | Init Dist 1000 = 5.924 | Learner Steps = 16198 | Learner Walltime = 3188.915 | Min Dist = 0.127 | Min Dist 10 = 0.523 | Min Dist 100 = 0.337 | Min Dist 1000 = 0.264 | Steps Per Second = 78.352 | Success = 1.000 | Success 1000 = 0.990
I0502 15:59:26.478137 139579566835264 terminal.py:91] [Evaluator] Actor Episodes = 20940 | Actor Steps = 1047000 | Delta Dist = 11.365 | Delta Dist 10 = 11.801 | Delta Dist 100 = 11.781 | Delta Dist 1000 = 11.268 | Episode Length = 50 | Episode Return = 16.0 | Evaluator Episodes = 5301 | Evaluator Steps = 265050 | Final Dist = 1.442 | Final Dist 10 = 1.005 | Final Dist 100 = 1.026 | Final Dist 1000 = 1.538 | Init Dist = 12.806 | Init Dist 10 = 12.806 | Init Dist 100 = 12.806 | Init Dist 1000 = 12.806 | Learner Steps = 16205 | Learner Walltime = 3190.110 | Min Dist = 0.100 | Min Dist 10 = 0.386 | Min Dist 100 = 0.286 | Min Dist 1000 = 0.805 | Steps Per Second = 81.021 | Success = 1.000 | Success 1000 = 0.898
I0502 15:59:27.112530 139555013154368 terminal.py:91] [Learner] Actor Episodes = 20948 | Actor Loss = 3.739532470703125 | Actor Steps = 1047400 | Binary Accuracy = 0.9960501194000244 | Categorical Accuracy = 0.43310546875 | Critic Loss = 1.8340950012207031 | Entropy Mean = -19.21554183959961 | Evaluator Episodes = 5301 | Evaluator Steps = 265050 | Learner Steps = 16211 | Learner Walltime = 3191.307 | Logits Neg = -16.905607223510742 | Logits Pos = -1.8446366786956787 | Logsumexp = 1.2327907085418701 | Steps Per Second = 141.469
I0502 15:59:27.665719 139579566835264 terminal.py:91] [Evaluator] Actor Episodes = 20948 | Actor Steps = 1047400 | Delta Dist = 11.158 | Delta Dist 10 = 11.765 | Delta Dist 100 = 11.774 | Delta Dist 1000 = 11.269 | Episode Length = 50 | Episode Return = 22.0 | Evaluator Episodes = 5303 | Evaluator Steps = 265150 | Final Dist = 1.648 | Final Dist 10 = 1.041 | Final Dist 100 = 1.032 | Final Dist 1000 = 1.537 | Init Dist = 12.806 | Init Dist 10 = 12.806 | Init Dist 100 = 12.806 | Init Dist 1000 = 12.806 | Learner Steps = 16211 | Learner Walltime = 3191.307 | Min Dist = 0.122 | Min Dist 10 = 0.395 | Min Dist 100 = 0.290 | Min Dist 1000 = 0.805 | Steps Per Second = 84.195 | Success = 1.000 | Success 1000 = 0.898
I0502 15:59:28.785602 139579566835264 terminal.py:91] [Evaluator] Actor Episodes = 20956 | Actor Steps = 1047800 | Delta Dist = 11.395 | Delta Dist 10 = 11.800 | Delta Dist 100 = 11.771 | Delta Dist 1000 = 11.275 | Episode Length = 50 | Episode Return = 1.0 | Evaluator Episodes = 5305 | Evaluator Steps = 265250 | Final Dist = 1.411 | Final Dist 10 = 1.006 | Final Dist 100 = 1.036 | Final Dist 1000 = 1.531 | Init Dist = 12.806 | Init Dist 10 = 12.806 | Init Dist 100 = 12.806 | Init Dist 1000 = 12.806 | Learner Steps = 16215 | Learner Walltime = 3192.323 | Min Dist = 0.855 | Min Dist 10 = 0.292 | Min Dist 100 = 0.283 | Min Dist 1000 = 0.799 | Steps Per Second = 87.436 | Success = 1.000 | Success 1000 = 0.899
I0502 15:59:29.845393 139558059398720 terminal.py:91] [Actor] Actor Episodes = 20961 | Actor Steps = 1048050 | Delta Dist = 10.374 | Delta Dist 10 = 4.271 | Delta Dist 100 = 4.590 | Delta Dist 1000 = 4.375 | Episode Length = 50 | Episode Return = 33.0 | Evaluator Episodes = 5305 | Evaluator Steps = 265250 | Final Dist = 0.806 | Final Dist 10 = 1.994 | Final Dist 100 = 1.451 | Final Dist 1000 = 1.561 | Init Dist = 11.180 | Init Dist 10 = 6.265 | Init Dist 100 = 6.042 | Init Dist 1000 = 5.936 | Learner Steps = 16215 | Learner Walltime = 3192.323 | Min Dist = 0.806 | Min Dist 10 = 0.136 | Min Dist 100 = 0.371 | Min Dist 1000 = 0.270 | Steps Per Second = 79.324 | Success = 1.000 | Success 1000 = 0.988
I0502 15:59:29.937436 139579566835264 terminal.py:91] [Evaluator] Actor Episodes = 20964 | Actor Steps = 1048200 | Delta Dist = 12.608 | Delta Dist 10 = 11.768 | Delta Dist 100 = 11.768 | Delta Dist 1000 = 11.274 | Episode Length = 50 | Episode Return = 28.0 | Evaluator Episodes = 5307 | Evaluator Steps = 265350 | Final Dist = 0.198 | Final Dist 10 = 1.038 | Final Dist 100 = 1.038 | Final Dist 1000 = 1.532 | Init Dist = 12.806 | Init Dist 10 = 12.806 | Init Dist 100 = 12.806 | Init Dist 1000 = 12.806 | Learner Steps = 16222 | Learner Walltime = 3193.477 | Min Dist = 0.173 | Min Dist 10 = 0.272 | Min Dist 100 = 0.282 | Min Dist 1000 = 0.800 | Steps Per Second = 91.513 | Success = 1.000 | Success 1000 = 0.899
I0502 15:59:30.816156 139584504182336 lp_utils.py:96] StepsLimiter: Reached 1048600 recorded steps
I0502 15:59:31.075857 139579566835264 terminal.py:91] [Evaluator] Actor Episodes = 20972 | Actor Steps = 1048600 | Delta Dist = 12.206 | Delta Dist 10 = 11.924 | Delta Dist 100 = 11.777 | Delta Dist 1000 = 11.276 | Episode Length = 50 | Episode Return = 10.0 | Evaluator Episodes = 5309 | Evaluator Steps = 265450 | Final Dist = 0.600 | Final Dist 10 = 0.882 | Final Dist 100 = 1.029 | Final Dist 1000 = 1.531 | Init Dist = 12.806 | Init Dist 10 = 12.806 | Init Dist 100 = 12.806 | Init Dist 1000 = 12.806 | Learner Steps = 16228 | Learner Walltime = 3194.694 | Min Dist = 0.065 | Min Dist 10 = 0.267 | Min Dist 100 = 0.285 | Min Dist 1000 = 0.800 | Steps Per Second = 85.106 | Success = 1.000 | Success 1000 = 0.899
I0502 15:59:32.237287 139579566835264 terminal.py:91] [Evaluator] Actor Episodes = 20980 | Actor Steps = 1049000 | Delta Dist = 12.183 | Delta Dist 10 = 11.892 | Delta Dist 100 = 11.785 | Delta Dist 1000 = 11.276 | Episode Length = 50 | Episode Return = 28.0 | Evaluator Episodes = 5311 | Evaluator Steps = 265550 | Final Dist = 0.623 | Final Dist 10 = 0.914 | Final Dist 100 = 1.022 | Final Dist 1000 = 1.531 | Init Dist = 12.806 | Init Dist 10 = 12.806 | Init Dist 100 = 12.806 | Init Dist 1000 = 12.806 | Learner Steps = 16234 | Learner Walltime = 3195.879 | Min Dist = 0.223 | Min Dist 10 = 0.242 | Min Dist 100 = 0.282 | Min Dist 1000 = 0.800 | Steps Per Second = 85.772 | Success = 1.000 | Success 1000 = 0.899
I0502 15:59:32.853850 139555860620864 terminal.py:91] [Actor] Actor Episodes = 20986 | Actor Steps = 1049300 | Delta Dist = 3.900 | Delta Dist 10 = 4.896 | Delta Dist 100 = 4.473 | Delta Dist 1000 = 4.362 | Episode Length = 50 | Episode Return = 29.0 | Evaluator Episodes = 5311 | Evaluator Steps = 265550 | Final Dist = 1.100 | Final Dist 10 = 1.029 | Final Dist 100 = 1.646 | Final Dist 1000 = 1.589 | Init Dist = 5.000 | Init Dist 10 = 5.925 | Init Dist 100 = 6.118 | Init Dist 1000 = 5.951 | Learner Steps = 16241 | Learner Walltime = 3196.973 | Min Dist = 0.025 | Min Dist 10 = 0.084 | Min Dist 100 = 0.476 | Min Dist 1000 = 0.276 | Steps Per Second = 86.660 | Success = 1.000 | Success 1000 = 0.988
I0502 15:59:32.920848 139569349502528 terminal.py:91] [Actor] Actor Episodes = 20988 | Actor Steps = 1049400 | Delta Dist = 3.257 | Delta Dist 10 = 5.039 | Delta Dist 100 = 4.484 | Delta Dist 1000 = 4.364 | Episode Length = 50 | Episode Return = 43.0 | Evaluator Episodes = 5311 | Evaluator Steps = 265550 | Final Dist = 0.348 | Final Dist 10 = 1.086 | Final Dist 100 = 1.648 | Final Dist 1000 = 1.584 | Init Dist = 3.606 | Init Dist 10 = 6.125 | Init Dist 100 = 6.132 | Init Dist 1000 = 5.948 | Learner Steps = 16241 | Learner Walltime = 3196.973 | Min Dist = 0.033 | Min Dist 10 = 0.082 | Min Dist 100 = 0.476 | Min Dist 1000 = 0.276 | Steps Per Second = 83.041 | Success = 1.000 | Success 1000 = 0.988
I0502 15:59:33.307487 139579566835264 terminal.py:91] [Evaluator] Actor Episodes = 20988 | Actor Steps = 1049400 | Delta Dist = 11.804 | Delta Dist 10 = 11.985 | Delta Dist 100 = 11.798 | Delta Dist 1000 = 11.276 | Episode Length = 50 | Episode Return = 6.0 | Evaluator Episodes = 5313 | Evaluator Steps = 265650 | Final Dist = 1.002 | Final Dist 10 = 0.821 | Final Dist 100 = 1.008 | Final Dist 1000 = 1.530 | Init Dist = 12.806 | Init Dist 10 = 12.806 | Init Dist 100 = 12.806 | Init Dist 1000 = 12.806 | Learner Steps = 16241 | Learner Walltime = 3196.973 | Min Dist = 0.266 | Min Dist 10 = 0.226 | Min Dist 100 = 0.279 | Min Dist 1000 = 0.800 | Steps Per Second = 93.734 | Success = 1.000 | Success 1000 = 0.899
I0502 15:59:34.534785 139579566835264 terminal.py:91] [Evaluator] Actor Episodes = 20997 | Actor Steps = 1049850 | Delta Dist = 11.238 | Delta Dist 10 = 12.056 | Delta Dist 100 = 11.808 | Delta Dist 1000 = 11.277 | Episode Length = 50 | Episode Return = 11.0 | Evaluator Episodes = 5315 | Evaluator Steps = 265750 | Final Dist = 1.569 | Final Dist 10 = 0.750 | Final Dist 100 = 0.998 | Final Dist 1000 = 1.530 | Init Dist = 12.806 | Init Dist 10 = 12.806 | Init Dist 100 = 12.806 | Init Dist 1000 = 12.806 | Learner Steps = 16247 | Learner Walltime = 3198.128 | Min Dist = 0.124 | Min Dist 10 = 0.234 | Min Dist 100 = 0.275 | Min Dist 1000 = 0.799 | Steps Per Second = 92.260 | Success = 1.000 | Success 1000 = 0.899
I0502 15:59:35.614244 139579566835264 terminal.py:91] [Evaluator] Actor Episodes = 21003 | Actor Steps = 1050150 | Delta Dist = 11.478 | Delta Dist 10 = 12.118 | Delta Dist 100 = 11.805 | Delta Dist 1000 = 11.284 | Episode Length = 50 | Episode Return = 27.0 | Evaluator Episodes = 5317 | Evaluator Steps = 265850 | Final Dist = 1.328 | Final Dist 10 = 0.689 | Final Dist 100 = 1.001 | Final Dist 1000 = 1.523 | Init Dist = 12.806 | Init Dist 10 = 12.806 | Init Dist 100 = 12.806 | Init Dist 1000 = 12.806 | Learner Steps = 16254 | Learner Walltime = 3199.389 | Min Dist = 0.056 | Min Dist 10 = 0.171 | Min Dist 100 = 0.274 | Min Dist 1000 = 0.792 | Steps Per Second = 88.968 | Success = 1.000 | Success 1000 = 0.900
I0502 15:59:35.757875 139557462840896 terminal.py:91] [Actor] Actor Episodes = 21002 | Actor Steps = 1050100 | Delta Dist = 3.679 | Delta Dist 10 = 4.659 | Delta Dist 100 = 4.484 | Delta Dist 1000 = 4.351 | Episode Length = 50 | Episode Return = 42.0 | Evaluator Episodes = 5315 | Evaluator Steps = 265750 | Final Dist = 0.793 | Final Dist 10 = 0.453 | Final Dist 100 = 1.568 | Final Dist 1000 = 1.565 | Init Dist = 4.472 | Init Dist 10 = 5.112 | Init Dist 100 = 6.052 | Init Dist 1000 = 5.917 | Learner Steps = 16247 | Learner Walltime = 3198.128 | Min Dist = 0.008 | Min Dist 10 = 0.051 | Min Dist 100 = 0.466 | Min Dist 1000 = 0.273 | Steps Per Second = 82.727 | Success = 1.000 | Success 1000 = 0.989
I0502 15:59:36.802712 139579566835264 terminal.py:91] [Evaluator] Actor Episodes = 21011 | Actor Steps = 1050550 | Delta Dist = 11.415 | Delta Dist 10 = 11.944 | Delta Dist 100 = 11.799 | Delta Dist 1000 = 11.290 | Episode Length = 50 | Episode Return = 1.0 | Evaluator Episodes = 5319 | Evaluator Steps = 265950 | Final Dist = 1.391 | Final Dist 10 = 0.862 | Final Dist 100 = 1.007 | Final Dist 1000 = 1.517 | Init Dist = 12.806 | Init Dist 10 = 12.806 | Init Dist 100 = 12.806 | Init Dist 1000 = 12.806 | Learner Steps = 16259 | Learner Walltime = 3200.446 | Min Dist = 0.652 | Min Dist 10 = 0.145 | Min Dist 100 = 0.272 | Min Dist 1000 = 0.786 | Steps Per Second = 89.194 | Success = 1.000 | Success 1000 = 0.901
I0502 15:59:37.300170 139555013154368 terminal.py:91] [Learner] Actor Episodes = 21013 | Actor Loss = 3.646040916442871 | Actor Steps = 1050650 | Binary Accuracy = 0.9960896968841553 | Categorical Accuracy = 0.43341064453125 | Critic Loss = 1.824053168296814 | Entropy Mean = -19.150596618652344 | Evaluator Episodes = 5319 | Evaluator Steps = 265950 | Learner Steps = 16265 | Learner Walltime = 3201.494 | Logits Neg = -16.584819793701172 | Logits Pos = -1.8280870914459229 | Logsumexp = 1.14923095703125 | Steps Per Second = 342.681
I0502 15:59:38.038830 139579566835264 terminal.py:91] [Evaluator] Actor Episodes = 21019 | Actor Steps = 1050950 | Delta Dist = 11.851 | Delta Dist 10 = 11.899 | Delta Dist 100 = 11.803 | Delta Dist 1000 = 11.303 | Episode Length = 50 | Episode Return = 10.0 | Evaluator Episodes = 5321 | Evaluator Steps = 266050 | Final Dist = 0.955 | Final Dist 10 = 0.907 | Final Dist 100 = 1.003 | Final Dist 1000 = 1.503 | Init Dist = 12.806 | Init Dist 10 = 12.806 | Init Dist 100 = 12.806 | Init Dist 1000 = 12.806 | Learner Steps = 16265 | Learner Walltime = 3201.494 | Min Dist = 0.058 | Min Dist 10 = 0.194 | Min Dist 100 = 0.275 | Min Dist 1000 = 0.772 | Steps Per Second = 77.694 | Success = 1.000 | Success 1000 = 0.903
I0502 15:59:39.247327 139579566835264 terminal.py:91] [Evaluator] Actor Episodes = 21027 | Actor Steps = 1051350 | Delta Dist = 11.993 | Delta Dist 10 = 11.854 | Delta Dist 100 = 11.797 | Delta Dist 1000 = 11.305 | Episode Length = 50 | Episode Return = 8.0 | Evaluator Episodes = 5323 | Evaluator Steps = 266150 | Final Dist = 0.813 | Final Dist 10 = 0.953 | Final Dist 100 = 1.010 | Final Dist 1000 = 1.502 | Init Dist = 12.806 | Init Dist 10 = 12.806 | Init Dist 100 = 12.806 | Init Dist 1000 = 12.806 | Learner Steps = 16271 | Learner Walltime = 3202.572 | Min Dist = 0.128 | Min Dist 10 = 0.174 | Min Dist 100 = 0.275 | Min Dist 1000 = 0.772 | Steps Per Second = 84.481 | Success = 1.000 | Success 1000 = 0.903
I0502 15:59:39.945758 139558059398720 terminal.py:91] [Actor] Actor Episodes = 21031 | Actor Steps = 1051550 | Delta Dist = 5.116 | Delta Dist 10 = 5.120 | Delta Dist 100 = 4.151 | Delta Dist 1000 = 4.355 | Episode Length = 50 | Episode Return = 22.0 | Evaluator Episodes = 5323 | Evaluator Steps = 266150 | Final Dist = 0.269 | Final Dist 10 = 0.932 | Final Dist 100 = 1.452 | Final Dist 1000 = 1.551 | Init Dist = 5.385 | Init Dist 10 = 6.052 | Init Dist 100 = 5.604 | Init Dist 1000 = 5.907 | Learner Steps = 16276 | Learner Walltime = 3203.681 | Min Dist = 0.055 | Min Dist 10 = 0.061 | Min Dist 100 = 0.389 | Min Dist 1000 = 0.270 | Steps Per Second = 83.615 | Success = 1.000 | Success 1000 = 0.989
I0502 15:59:40.460824 139579566835264 terminal.py:91] [Evaluator] Actor Episodes = 21035 | Actor Steps = 1051750 | Delta Dist = 11.421 | Delta Dist 10 = 11.774 | Delta Dist 100 = 11.797 | Delta Dist 1000 = 11.324 | Episode Length = 50 | Episode Return = 14.0 | Evaluator Episodes = 5325 | Evaluator Steps = 266250 | Final Dist = 1.385 | Final Dist 10 = 1.032 | Final Dist 100 = 1.009 | Final Dist 1000 = 1.482 | Init Dist = 12.806 | Init Dist 10 = 12.806 | Init Dist 100 = 12.806 | Init Dist 1000 = 12.806 | Learner Steps = 16276 | Learner Walltime = 3203.681 | Min Dist = 0.196 | Min Dist 10 = 0.168 | Min Dist 100 = 0.275 | Min Dist 1000 = 0.752 | Steps Per Second = 82.501 | Success = 1.000 | Success 1000 = 0.905
I0502 15:59:40.831984 139584504182336 lp_utils.py:96] StepsLimiter: Reached 1051850 recorded steps
I0502 15:59:41.639701 139579566835264 terminal.py:91] [Evaluator] Actor Episodes = 21043 | Actor Steps = 1052150 | Delta Dist = 11.504 | Delta Dist 10 = 11.764 | Delta Dist 100 = 11.797 | Delta Dist 1000 = 11.324 | Episode Length = 50 | Episode Return = 14.0 | Evaluator Episodes = 5327 | Evaluator Steps = 266350 | Final Dist = 1.302 | Final Dist 10 = 1.043 | Final Dist 100 = 1.009 | Final Dist 1000 = 1.482 | Init Dist = 12.806 | Init Dist 10 = 12.806 | Init Dist 100 = 12.806 | Init Dist 1000 = 12.806 | Learner Steps = 16282 | Learner Walltime = 3204.892 | Min Dist = 0.222 | Min Dist 10 = 0.163 | Min Dist 100 = 0.275 | Min Dist 1000 = 0.752 | Steps Per Second = 85.586 | Success = 1.000 | Success 1000 = 0.905
I0502 15:59:42.855151 139579566835264 terminal.py:91] [Evaluator] Actor Episodes = 21051 | Actor Steps = 1052550 | Delta Dist = 6.559 | Delta Dist 10 = 11.813 | Delta Dist 100 = 11.795 | Delta Dist 1000 = 11.323 | Episode Length = 50 | Episode Return = 0.0 | Evaluator Episodes = 5329 | Evaluator Steps = 266450 | Final Dist = 6.247 | Final Dist 10 = 0.994 | Final Dist 100 = 1.012 | Final Dist 1000 = 1.483 | Init Dist = 12.806 | Init Dist 10 = 12.806 | Init Dist 100 = 12.806 | Init Dist 1000 = 12.806 | Learner Steps = 16286 | Learner Walltime = 3206.005 | Min Dist = 5.337 | Min Dist 10 = 0.180 | Min Dist 100 = 0.274 | Min Dist 1000 = 0.752 | Steps Per Second = 80.613 | Success = 0.000 | Success 1000 = 0.905
I0502 15:59:43.073500 139555860620864 terminal.py:91] [Actor] Actor Episodes = 21053 | Actor Steps = 1052650 | Delta Dist = 10.638 | Delta Dist 10 = 4.991 | Delta Dist 100 = 4.250 | Delta Dist 1000 = 4.395 | Episode Length = 50 | Episode Return = 44.0 | Evaluator Episodes = 5329 | Evaluator Steps = 266450 | Final Dist = 0.676 | Final Dist 10 = 0.603 | Final Dist 100 = 1.192 | Final Dist 1000 = 1.541 | Init Dist = 11.314 | Init Dist 10 = 5.594 | Init Dist 100 = 5.443 | Init Dist 1000 = 5.936 | Learner Steps = 16293 | Learner Walltime = 3207.208 | Min Dist = 0.081 | Min Dist 10 = 0.083 | Min Dist 100 = 0.202 | Min Dist 1000 = 0.270 | Steps Per Second = 77.910 | Success = 1.000 | Success 1000 = 0.989
I0502 15:59:43.438781 139569349502528 terminal.py:91] [Actor] Actor Episodes = 21052 | Actor Steps = 1052600 | Delta Dist = 3.086 | Delta Dist 10 = 5.800 | Delta Dist 100 = 4.372 | Delta Dist 1000 = 4.396 | Episode Length = 50 | Episode Return = 36.0 | Evaluator Episodes = 5327 | Evaluator Steps = 266350 | Final Dist = 0.077 | Final Dist 10 = 0.660 | Final Dist 100 = 1.179 | Final Dist 1000 = 1.542 | Init Dist = 3.162 | Init Dist 10 = 6.460 | Init Dist 100 = 5.552 | Init Dist 1000 = 5.937 | Learner Steps = 16286 | Learner Walltime = 3206.005 | Min Dist = 0.026 | Min Dist 10 = 0.089 | Min Dist 100 = 0.193 | Min Dist 1000 = 0.269 | Steps Per Second = 75.514 | Success = 1.000 | Success 1000 = 0.989
I0502 15:59:44.164839 139579566835264 terminal.py:91] [Evaluator] Actor Episodes = 21059 | Actor Steps = 1052950 | Delta Dist = 11.621 | Delta Dist 10 = 11.320 | Delta Dist 100 = 11.746 | Delta Dist 1000 = 11.324 | Episode Length = 50 | Episode Return = 11.0 | Evaluator Episodes = 5331 | Evaluator Steps = 266550 | Final Dist = 1.185 | Final Dist 10 = 1.486 | Final Dist 100 = 1.060 | Final Dist 1000 = 1.482 | Init Dist = 12.806 | Init Dist 10 = 12.806 | Init Dist 100 = 12.806 | Init Dist 1000 = 12.806 | Learner Steps = 16293 | Learner Walltime = 3207.208 | Min Dist = 0.231 | Min Dist 10 = 0.655 | Min Dist 100 = 0.323 | Min Dist 1000 = 0.751 | Steps Per Second = 73.334 | Success = 1.000 | Success 1000 = 0.905
I0502 15:59:45.382982 139579566835264 terminal.py:91] [Evaluator] Actor Episodes = 21067 | Actor Steps = 1053350 | Delta Dist = 11.750 | Delta Dist 10 = 11.210 | Delta Dist 100 = 11.745 | Delta Dist 1000 = 11.323 | Episode Length = 50 | Episode Return = 10.0 | Evaluator Episodes = 5333 | Evaluator Steps = 266650 | Final Dist = 1.056 | Final Dist 10 = 1.597 | Final Dist 100 = 1.061 | Final Dist 1000 = 1.484 | Init Dist = 12.806 | Init Dist 10 = 12.806 | Init Dist 100 = 12.806 | Init Dist 1000 = 12.806 | Learner Steps = 16304 | Learner Walltime = 3209.461 | Min Dist = 0.136 | Min Dist 10 = 0.679 | Min Dist 100 = 0.324 | Min Dist 1000 = 0.750 | Steps Per Second = 88.258 | Success = 1.000 | Success 1000 = 0.905
I0502 15:59:45.804684 139557462840896 terminal.py:91] [Actor] Actor Episodes = 21066 | Actor Steps = 1053300 | Delta Dist = 3.646 | Delta Dist 10 = 6.264 | Delta Dist 100 = 4.711 | Delta Dist 1000 = 4.422 | Episode Length = 50 | Episode Return = 21.0 | Evaluator Episodes = 5331 | Evaluator Steps = 266550 | Final Dist = 0.477 | Final Dist 10 = 0.671 | Final Dist 100 = 0.946 | Final Dist 1000 = 1.520 | Init Dist = 4.123 | Init Dist 10 = 6.935 | Init Dist 100 = 5.657 | Init Dist 1000 = 5.942 | Learner Steps = 16299 | Learner Walltime = 3208.376 | Min Dist = 0.119 | Min Dist 10 = 0.088 | Min Dist 100 = 0.182 | Min Dist 1000 = 0.258 | Steps Per Second = 76.572 | Success = 1.000 | Success 1000 = 0.989
I0502 15:59:46.562730 139579566835264 terminal.py:91] [Evaluator] Actor Episodes = 21073 | Actor Steps = 1053650 | Delta Dist = 12.304 | Delta Dist 10 = 11.255 | Delta Dist 100 = 11.752 | Delta Dist 1000 = 11.323 | Episode Length = 50 | Episode Return = 19.0 | Evaluator Episodes = 5335 | Evaluator Steps = 266750 | Final Dist = 0.503 | Final Dist 10 = 1.552 | Final Dist 100 = 1.055 | Final Dist 1000 = 1.483 | Init Dist = 12.806 | Init Dist 10 = 12.806 | Init Dist 100 = 12.806 | Init Dist 1000 = 12.806 | Learner Steps = 16310 | Learner Walltime = 3210.542 | Min Dist = 0.341 | Min Dist 10 = 0.684 | Min Dist 100 = 0.320 | Min Dist 1000 = 0.750 | Steps Per Second = 94.893 | Success = 1.000 | Success 1000 = 0.905
I0502 15:59:47.328630 139555013154368 terminal.py:91] [Learner] Actor Episodes = 21071 | Actor Loss = 3.6756696701049805 | Actor Steps = 1053550 | Binary Accuracy = 0.996037483215332 | Categorical Accuracy = 0.41558837890625 | Critic Loss = 1.8937771320343018 | Entropy Mean = -18.64287757873535 | Evaluator Episodes = 5333 | Evaluator Steps = 266650 | Learner Steps = 16316 | Learner Walltime = 3211.526 | Logits Neg = -16.549137115478516 | Logits Pos = -1.8819613456726074 | Logsumexp = 1.172429084777832 | Steps Per Second = 951.450
I0502 15:59:47.810707 139579566835264 terminal.py:91] [Evaluator] Actor Episodes = 21083 | Actor Steps = 1054150 | Delta Dist = 12.545 | Delta Dist 10 = 11.338 | Delta Dist 100 = 11.765 | Delta Dist 1000 = 11.323 | Episode Length = 50 | Episode Return = 12.0 | Evaluator Episodes = 5337 | Evaluator Steps = 266850 | Final Dist = 0.262 | Final Dist 10 = 1.469 | Final Dist 100 = 1.041 | Final Dist 1000 = 1.483 | Init Dist = 12.806 | Init Dist 10 = 12.806 | Init Dist 100 = 12.806 | Init Dist 1000 = 12.806 | Learner Steps = 16317 | Learner Walltime = 3211.761 | Min Dist = 0.189 | Min Dist 10 = 0.716 | Min Dist 100 = 0.320 | Min Dist 1000 = 0.750 | Steps Per Second = 77.352 | Success = 1.000 | Success 1000 = 0.905
I0502 15:59:49.179447 139579566835264 terminal.py:91] [Evaluator] Actor Episodes = 21091 | Actor Steps = 1054550 | Delta Dist = 12.120 | Delta Dist 10 = 11.406 | Delta Dist 100 = 11.777 | Delta Dist 1000 = 11.332 | Episode Length = 50 | Episode Return = 14.0 | Evaluator Episodes = 5339 | Evaluator Steps = 266950 | Final Dist = 0.686 | Final Dist 10 = 1.400 | Final Dist 100 = 1.030 | Final Dist 1000 = 1.475 | Init Dist = 12.806 | Init Dist 10 = 12.806 | Init Dist 100 = 12.806 | Init Dist 1000 = 12.806 | Learner Steps = 16322 | Learner Walltime = 3213.139 | Min Dist = 0.254 | Min Dist 10 = 0.718 | Min Dist 100 = 0.320 | Min Dist 1000 = 0.743 | Steps Per Second = 76.690 | Success = 1.000 | Success 1000 = 0.906
I0502 15:59:50.434213 139558059398720 terminal.py:91] [Actor] Actor Episodes = 21096 | Actor Steps = 1054800 | Delta Dist = 6.573 | Delta Dist 10 = 3.072 | Delta Dist 100 = 4.503 | Delta Dist 1000 = 4.410 | Episode Length = 50 | Episode Return = 38.0 | Evaluator Episodes = 5339 | Evaluator Steps = 266950 | Final Dist = 0.638 | Final Dist 10 = 2.517 | Final Dist 100 = 1.137 | Final Dist 1000 = 1.532 | Init Dist = 7.211 | Init Dist 10 = 5.589 | Init Dist 100 = 5.640 | Init Dist 1000 = 5.942 | Learner Steps = 16322 | Learner Walltime = 3213.139 | Min Dist = 0.044 | Min Dist 10 = 0.138 | Min Dist 100 = 0.169 | Min Dist 1000 = 0.268 | Steps Per Second = 75.448 | Success = 1.000 | Success 1000 = 0.989
I0502 15:59:50.502469 139579566835264 terminal.py:91] [Evaluator] Actor Episodes = 21099 | Actor Steps = 1054950 | Delta Dist = 11.793 | Delta Dist 10 = 11.997 | Delta Dist 100 = 11.789 | Delta Dist 1000 = 11.332 | Episode Length = 50 | Episode Return = 7.0 | Evaluator Episodes = 5341 | Evaluator Steps = 267050 | Final Dist = 1.013 | Final Dist 10 = 0.809 | Final Dist 100 = 1.017 | Final Dist 1000 = 1.474 | Init Dist = 12.806 | Init Dist 10 = 12.806 | Init Dist 100 = 12.806 | Init Dist 1000 = 12.806 | Learner Steps = 16329 | Learner Walltime = 3214.510 | Min Dist = 0.239 | Min Dist 10 = 0.221 | Min Dist 100 = 0.320 | Min Dist 1000 = 0.743 | Steps Per Second = 80.454 | Success = 1.000 | Success 1000 = 0.906
I0502 15:59:50.846962 139584504182336 lp_utils.py:96] StepsLimiter: Reached 1054950 recorded steps
I0502 15:59:51.782203 139579566835264 terminal.py:91] [Evaluator] Actor Episodes = 21105 | Actor Steps = 1055250 | Delta Dist = 10.949 | Delta Dist 10 = 12.001 | Delta Dist 100 = 11.782 | Delta Dist 1000 = 11.331 | Episode Length = 50 | Episode Return = 0.0 | Evaluator Episodes = 5343 | Evaluator Steps = 267150 | Final Dist = 1.857 | Final Dist 10 = 0.805 | Final Dist 100 = 1.024 | Final Dist 1000 = 1.475 | Init Dist = 12.806 | Init Dist 10 = 12.806 | Init Dist 100 = 12.806 | Init Dist 1000 = 12.806 | Learner Steps = 16335 | Learner Walltime = 3215.941 | Min Dist = 1.857 | Min Dist 10 = 0.255 | Min Dist 100 = 0.323 | Min Dist 1000 = 0.744 | Steps Per Second = 78.573 | Success = 0.000 | Success 1000 = 0.906
I0502 15:59:52.977277 139579566835264 terminal.py:91] [Evaluator] Actor Episodes = 21113 | Actor Steps = 1055650 | Delta Dist = 12.044 | Delta Dist 10 = 11.881 | Delta Dist 100 = 11.785 | Delta Dist 1000 = 11.338 | Episode Length = 50 | Episode Return = 13.0 | Evaluator Episodes = 5345 | Evaluator Steps = 267250 | Final Dist = 0.762 | Final Dist 10 = 0.925 | Final Dist 100 = 1.021 | Final Dist 1000 = 1.469 | Init Dist = 12.806 | Init Dist 10 = 12.806 | Init Dist 100 = 12.806 | Init Dist 1000 = 12.806 | Learner Steps = 16341 | Learner Walltime = 3217.073 | Min Dist = 0.318 | Min Dist 10 = 0.437 | Min Dist 100 = 0.318 | Min Dist 1000 = 0.739 | Steps Per Second = 75.513 | Success = 1.000 | Success 1000 = 0.906
I0502 15:59:53.189101 139583350109760 savers.py:156] Saving checkpoint: logs/contrastive_cpc_point_FourRooms_64/5dd72662-2788-11f0-b183-d85ed38c5779/checkpoints/learner
I0502 15:59:53.226937 139584635659840 savers.py:156] Saving checkpoint: logs/contrastive_cpc_point_FourRooms_64/5dd72662-2788-11f0-b183-d85ed38c5779/checkpoints/counter
I0502 15:59:53.463436 139555860620864 terminal.py:91] [Actor] Actor Episodes = 21117 | Actor Steps = 1055850 | Delta Dist = 5.123 | Delta Dist 10 = 5.309 | Delta Dist 100 = 4.677 | Delta Dist 1000 = 4.412 | Episode Length = 50 | Episode Return = 38.0 | Evaluator Episodes = 5345 | Evaluator Steps = 267250 | Final Dist = 1.585 | Final Dist 10 = 0.900 | Final Dist 100 = 1.207 | Final Dist 1000 = 1.536 | Init Dist = 6.708 | Init Dist 10 = 6.209 | Init Dist 100 = 5.885 | Init Dist 1000 = 5.947 | Learner Steps = 16341 | Learner Walltime = 3217.073 | Min Dist = 0.035 | Min Dist 10 = 0.161 | Min Dist 100 = 0.182 | Min Dist 1000 = 0.263 | Steps Per Second = 74.011 | Success = 1.000 | Success 1000 = 0.989
I0502 15:59:53.714169 139569349502528 terminal.py:91] [Actor] Actor Episodes = 21116 | Actor Steps = 1055800 | Delta Dist = 0.082 | Delta Dist 10 = 5.158 | Delta Dist 100 = 4.725 | Delta Dist 1000 = 4.410 | Episode Length = 50 | Episode Return = 5.0 | Evaluator Episodes = 5345 | Evaluator Steps = 267250 | Final Dist = 1.332 | Final Dist 10 = 0.928 | Final Dist 100 = 1.213 | Final Dist 1000 = 1.537 | Init Dist = 1.414 | Init Dist 10 = 6.085 | Init Dist 100 = 5.938 | Init Dist 1000 = 5.946 | Learner Steps = 16341 | Learner Walltime = 3217.073 | Min Dist = 0.029 | Min Dist 10 = 0.115 | Min Dist 100 = 0.182 | Min Dist 1000 = 0.263 | Steps Per Second = 80.148 | Success = 1.000 | Success 1000 = 0.989
I0502 15:59:54.244802 139579566835264 terminal.py:91] [Evaluator] Actor Episodes = 21123 | Actor Steps = 1056150 | Delta Dist = 11.479 | Delta Dist 10 = 11.904 | Delta Dist 100 = 11.795 | Delta Dist 1000 = 11.338 | Episode Length = 50 | Episode Return = 18.0 | Evaluator Episodes = 5347 | Evaluator Steps = 267350 | Final Dist = 1.327 | Final Dist 10 = 0.902 | Final Dist 100 = 1.011 | Final Dist 1000 = 1.468 | Init Dist = 12.806 | Init Dist 10 = 12.806 | Init Dist 100 = 12.806 | Init Dist 1000 = 12.806 | Learner Steps = 16341 | Learner Walltime = 3217.073 | Min Dist = 0.207 | Min Dist 10 = 0.409 | Min Dist 100 = 0.310 | Min Dist 1000 = 0.739 | Steps Per Second = 82.424 | Success = 1.000 | Success 1000 = 0.906
I0502 15:59:55.419080 139579566835264 terminal.py:91] [Evaluator] Actor Episodes = 21129 | Actor Steps = 1056450 | Delta Dist = 11.374 | Delta Dist 10 = 11.842 | Delta Dist 100 = 11.791 | Delta Dist 1000 = 11.339 | Episode Length = 50 | Episode Return = 8.0 | Evaluator Episodes = 5349 | Evaluator Steps = 267450 | Final Dist = 1.433 | Final Dist 10 = 0.964 | Final Dist 100 = 1.016 | Final Dist 1000 = 1.468 | Init Dist = 12.806 | Init Dist 10 = 12.806 | Init Dist 100 = 12.806 | Init Dist 1000 = 12.806 | Learner Steps = 16348 | Learner Walltime = 3218.445 | Min Dist = 0.195 | Min Dist 10 = 0.410 | Min Dist 100 = 0.310 | Min Dist 1000 = 0.740 | Steps Per Second = 79.677 | Success = 1.000 | Success 1000 = 0.906
I0502 15:59:56.036208 139557462840896 terminal.py:91] [Actor] Actor Episodes = 21130 | Actor Steps = 1056500 | Delta Dist = 9.921 | Delta Dist 10 = 4.867 | Delta Dist 100 = 4.675 | Delta Dist 1000 = 4.399 | Episode Length = 50 | Episode Return = 37.0 | Evaluator Episodes = 5347 | Evaluator Steps = 267350 | Final Dist = 0.277 | Final Dist 10 = 0.723 | Final Dist 100 = 1.198 | Final Dist 1000 = 1.529 | Init Dist = 10.198 | Init Dist 10 = 5.590 | Init Dist 100 = 5.874 | Init Dist 1000 = 5.928 | Learner Steps = 16348 | Learner Walltime = 3218.445 | Min Dist = 0.006 | Min Dist 10 = 0.105 | Min Dist 100 = 0.187 | Min Dist 1000 = 0.262 | Steps Per Second = 74.629 | Success = 1.000 | Success 1000 = 0.989
I0502 15:59:56.625849 139579566835264 terminal.py:91] [Evaluator] Actor Episodes = 21135 | Actor Steps = 1056750 | Delta Dist = 12.610 | Delta Dist 10 = 11.559 | Delta Dist 100 = 11.763 | Delta Dist 1000 = 11.345 | Episode Length = 50 | Episode Return = 27.0 | Evaluator Episodes = 5351 | Evaluator Steps = 267550 | Final Dist = 0.196 | Final Dist 10 = 1.247 | Final Dist 100 = 1.043 | Final Dist 1000 = 1.462 | Init Dist = 12.806 | Init Dist 10 = 12.806 | Init Dist 100 = 12.806 | Init Dist 1000 = 12.806 | Learner Steps = 16354 | Learner Walltime = 3219.745 | Min Dist = 0.196 | Min Dist 10 = 0.633 | Min Dist 100 = 0.336 | Min Dist 1000 = 0.735 | Steps Per Second = 84.162 | Success = 1.000 | Success 1000 = 0.906
I0502 15:59:57.542213 139555013154368 terminal.py:91] [Learner] Actor Episodes = 21139 | Actor Loss = 3.6644644737243652 | Actor Steps = 1056950 | Binary Accuracy = 0.9959921836853027 | Categorical Accuracy = 0.41796875 | Critic Loss = 1.8992748260498047 | Entropy Mean = -19.569000244140625 | Evaluator Episodes = 5351 | Evaluator Steps = 267550 | Learner Steps = 16364 | Learner Walltime = 3221.740 | Logits Neg = -16.438695907592773 | Logits Pos = -1.8950221538543701 | Logsumexp = 1.1646616458892822 | Steps Per Second = 122.320
I0502 15:59:57.778104 139579566835264 terminal.py:91] [Evaluator] Actor Episodes = 21143 | Actor Steps = 1057150 | Delta Dist = 11.377 | Delta Dist 10 = 11.689 | Delta Dist 100 = 11.775 | Delta Dist 1000 = 11.344 | Episode Length = 50 | Episode Return = 7.0 | Evaluator Episodes = 5353 | Evaluator Steps = 267650 | Final Dist = 1.429 | Final Dist 10 = 1.118 | Final Dist 100 = 1.031 | Final Dist 1000 = 1.462 | Init Dist = 12.806 | Init Dist 10 = 12.806 | Init Dist 100 = 12.806 | Init Dist 1000 = 12.806 | Learner Steps = 16361 | Learner Walltime = 3221.114 | Min Dist = 0.125 | Min Dist 10 = 0.615 | Min Dist 100 = 0.338 | Min Dist 1000 = 0.735 | Steps Per Second = 92.314 | Success = 1.000 | Success 1000 = 0.906
I0502 15:59:59.092535 139579566835264 terminal.py:91] [Evaluator] Actor Episodes = 21151 | Actor Steps = 1057550 | Delta Dist = 12.519 | Delta Dist 10 = 11.746 | Delta Dist 100 = 11.774 | Delta Dist 1000 = 11.344 | Episode Length = 50 | Episode Return = 17.0 | Evaluator Episodes = 5355 | Evaluator Steps = 267750 | Final Dist = 0.287 | Final Dist 10 = 1.061 | Final Dist 100 = 1.032 | Final Dist 1000 = 1.462 | Init Dist = 12.806 | Init Dist 10 = 12.806 | Init Dist 100 = 12.806 | Init Dist 1000 = 12.806 | Learner Steps = 16373 | Learner Walltime = 3223.200 | Min Dist = 0.147 | Min Dist 10 = 0.447 | Min Dist 100 = 0.339 | Min Dist 1000 = 0.735 | Steps Per Second = 78.754 | Success = 1.000 | Success 1000 = 0.906
I0502 16:00:00.263402 139579566835264 terminal.py:91] [Evaluator] Actor Episodes = 21159 | Actor Steps = 1057950 | Delta Dist = 11.497 | Delta Dist 10 = 11.685 | Delta Dist 100 = 11.762 | Delta Dist 1000 = 11.343 | Episode Length = 50 | Episode Return = 6.0 | Evaluator Episodes = 5357 | Evaluator Steps = 267850 | Final Dist = 1.309 | Final Dist 10 = 1.121 | Final Dist 100 = 1.044 | Final Dist 1000 = 1.463 | Init Dist = 12.806 | Init Dist 10 = 12.806 | Init Dist 100 = 12.806 | Init Dist 1000 = 12.806 | Learner Steps = 16377 | Learner Walltime = 3224.373 | Min Dist = 0.179 | Min Dist 10 = 0.458 | Min Dist 100 = 0.339 | Min Dist 1000 = 0.735 | Steps Per Second = 84.406 | Success = 1.000 | Success 1000 = 0.906
I0502 16:00:00.679225 139558059398720 terminal.py:91] [Actor] Actor Episodes = 21160 | Actor Steps = 1058000 | Delta Dist = 2.885 | Delta Dist 10 = 4.752 | Delta Dist 100 = 4.447 | Delta Dist 1000 = 4.398 | Episode Length = 50 | Episode Return = 34.0 | Evaluator Episodes = 5355 | Evaluator Steps = 267750 | Final Dist = 0.277 | Final Dist 10 = 1.280 | Final Dist 100 = 1.374 | Final Dist 1000 = 1.529 | Init Dist = 3.162 | Init Dist 10 = 6.867 | Init Dist 100 = 5.871 | Init Dist 1000 = 5.928 | Learner Steps = 16373 | Learner Walltime = 3223.200 | Min Dist = 0.056 | Min Dist 10 = 0.644 | Min Dist 100 = 0.265 | Min Dist 1000 = 0.270 | Steps Per Second = 81.494 | Success = 1.000 | Success 1000 = 0.987
I0502 16:00:00.865391 139584504182336 lp_utils.py:96] StepsLimiter: Reached 1058150 recorded steps
I0502 16:00:01.470222 139579566835264 terminal.py:91] [Evaluator] Actor Episodes = 21167 | Actor Steps = 1058350 | Delta Dist = 12.572 | Delta Dist 10 = 11.710 | Delta Dist 100 = 11.768 | Delta Dist 1000 = 11.343 | Episode Length = 50 | Episode Return = 15.0 | Evaluator Episodes = 5359 | Evaluator Steps = 267950 | Final Dist = 0.234 | Final Dist 10 = 1.096 | Final Dist 100 = 1.038 | Final Dist 1000 = 1.463 | Init Dist = 12.806 | Init Dist 10 = 12.806 | Init Dist 100 = 12.806 | Init Dist 1000 = 12.806 | Learner Steps = 16383 | Learner Walltime = 3225.593 | Min Dist = 0.100 | Min Dist 10 = 0.441 | Min Dist 100 = 0.336 | Min Dist 1000 = 0.735 | Steps Per Second = 84.672 | Success = 1.000 | Success 1000 = 0.906
I0502 16:00:02.543756 139579566835264 terminal.py:91] [Evaluator] Actor Episodes = 21175 | Actor Steps = 1058750 | Delta Dist = 10.923 | Delta Dist 10 = 11.924 | Delta Dist 100 = 11.768 | Delta Dist 1000 = 11.346 | Episode Length = 50 | Episode Return = 18.0 | Evaluator Episodes = 5361 | Evaluator Steps = 268050 | Final Dist = 1.883 | Final Dist 10 = 0.882 | Final Dist 100 = 1.038 | Final Dist 1000 = 1.460 | Init Dist = 12.806 | Init Dist 10 = 12.806 | Init Dist 100 = 12.806 | Init Dist 1000 = 12.806 | Learner Steps = 16389 | Learner Walltime = 3226.717 | Min Dist = 0.159 | Min Dist 10 = 0.254 | Min Dist 100 = 0.342 | Min Dist 1000 = 0.732 | Steps Per Second = 98.647 | Success = 1.000 | Success 1000 = 0.907
I0502 16:00:03.485761 139555860620864 terminal.py:91] [Actor] Actor Episodes = 21181 | Actor Steps = 1059050 | Delta Dist = 8.056 | Delta Dist 10 = 4.527 | Delta Dist 100 = 4.392 | Delta Dist 1000 = 4.401 | Episode Length = 50 | Episode Return = 47.0 | Evaluator Episodes = 5361 | Evaluator Steps = 268050 | Final Dist = 0.944 | Final Dist 10 = 1.508 | Final Dist 100 = 1.477 | Final Dist 1000 = 1.501 | Init Dist = 9.000 | Init Dist 10 = 6.035 | Init Dist 100 = 5.868 | Init Dist 1000 = 5.901 | Learner Steps = 16389 | Learner Walltime = 3226.717 | Min Dist = 0.013 | Min Dist 10 = 0.181 | Min Dist 100 = 0.402 | Min Dist 1000 = 0.268 | Steps Per Second = 103.675 | Success = 1.000 | Success 1000 = 0.986
I0502 16:00:03.755058 139579566835264 terminal.py:91] [Evaluator] Actor Episodes = 21183 | Actor Steps = 1059150 | Delta Dist = 11.177 | Delta Dist 10 = 11.506 | Delta Dist 100 = 11.742 | Delta Dist 1000 = 11.343 | Episode Length = 50 | Episode Return = 2.0 | Evaluator Episodes = 5363 | Evaluator Steps = 268150 | Final Dist = 1.629 | Final Dist 10 = 1.301 | Final Dist 100 = 1.064 | Final Dist 1000 = 1.464 | Init Dist = 12.806 | Init Dist 10 = 12.806 | Init Dist 100 = 12.806 | Init Dist 1000 = 12.806 | Learner Steps = 16394 | Learner Walltime = 3227.787 | Min Dist = 0.242 | Min Dist 10 = 0.558 | Min Dist 100 = 0.372 | Min Dist 1000 = 0.735 | Steps Per Second = 83.233 | Success = 1.000 | Success 1000 = 0.906
I0502 16:00:04.131880 139569349502528 terminal.py:91] [Actor] Actor Episodes = 21181 | Actor Steps = 1059050 | Delta Dist = 5.901 | Delta Dist 10 = 3.126 | Delta Dist 100 = 4.309 | Delta Dist 1000 = 4.394 | Episode Length = 50 | Episode Return = 39.0 | Evaluator Episodes = 5361 | Evaluator Steps = 268050 | Final Dist = 0.099 | Final Dist 10 = 1.860 | Final Dist 100 = 1.500 | Final Dist 1000 = 1.503 | Init Dist = 6.000 | Init Dist 10 = 4.986 | Init Dist 100 = 5.809 | Init Dist 1000 = 5.897 | Learner Steps = 16389 | Learner Walltime = 3226.717 | Min Dist = 0.099 | Min Dist 10 = 0.071 | Min Dist 100 = 0.400 | Min Dist 1000 = 0.268 | Steps Per Second = 103.813 | Success = 1.000 | Success 1000 = 0.986
I0502 16:00:05.033684 139579566835264 terminal.py:91] [Evaluator] Actor Episodes = 21192 | Actor Steps = 1059600 | Delta Dist = 11.937 | Delta Dist 10 = 11.559 | Delta Dist 100 = 11.746 | Delta Dist 1000 = 11.349 | Episode Length = 50 | Episode Return = 10.0 | Evaluator Episodes = 5365 | Evaluator Steps = 268250 | Final Dist = 0.870 | Final Dist 10 = 1.247 | Final Dist 100 = 1.060 | Final Dist 1000 = 1.457 | Init Dist = 12.806 | Init Dist 10 = 12.806 | Init Dist 100 = 12.806 | Init Dist 1000 = 12.806 | Learner Steps = 16401 | Learner Walltime = 3229.070 | Min Dist = 0.164 | Min Dist 10 = 0.557 | Min Dist 100 = 0.372 | Min Dist 1000 = 0.729 | Steps Per Second = 75.845 | Success = 1.000 | Success 1000 = 0.907
I0502 16:00:06.157670 139557462840896 terminal.py:91] [Actor] Actor Episodes = 21195 | Actor Steps = 1059750 | Delta Dist = 6.262 | Delta Dist 10 = 3.194 | Delta Dist 100 = 4.288 | Delta Dist 1000 = 4.379 | Episode Length = 50 | Episode Return = 12.0 | Evaluator Episodes = 5365 | Evaluator Steps = 268250 | Final Dist = 2.340 | Final Dist 10 = 2.532 | Final Dist 100 = 1.456 | Final Dist 1000 = 1.523 | Init Dist = 8.602 | Init Dist 10 = 5.726 | Init Dist 100 = 5.744 | Init Dist 1000 = 5.903 | Learner Steps = 16401 | Learner Walltime = 3229.070 | Min Dist = 1.524 | Min Dist 10 = 0.225 | Min Dist 100 = 0.317 | Min Dist 1000 = 0.270 | Steps Per Second = 82.117 | Success = 0.000 | Success 1000 = 0.985
I0502 16:00:06.195793 139579566835264 terminal.py:91] [Evaluator] Actor Episodes = 21200 | Actor Steps = 1060000 | Delta Dist = 11.118 | Delta Dist 10 = 11.506 | Delta Dist 100 = 11.745 | Delta Dist 1000 = 11.348 | Episode Length = 50 | Episode Return = 10.0 | Evaluator Episodes = 5367 | Evaluator Steps = 268350 | Final Dist = 1.689 | Final Dist 10 = 1.300 | Final Dist 100 = 1.061 | Final Dist 1000 = 1.458 | Init Dist = 12.806 | Init Dist 10 = 12.806 | Init Dist 100 = 12.806 | Init Dist 1000 = 12.806 | Learner Steps = 16401 | Learner Walltime = 3229.070 | Min Dist = 0.132 | Min Dist 10 = 0.537 | Min Dist 100 = 0.370 | Min Dist 1000 = 0.729 | Steps Per Second = 82.266 | Success = 1.000 | Success 1000 = 0.907
I0502 16:00:07.355631 139579566835264 terminal.py:91] [Evaluator] Actor Episodes = 21206 | Actor Steps = 1060300 | Delta Dist = 11.778 | Delta Dist 10 = 11.420 | Delta Dist 100 = 11.737 | Delta Dist 1000 = 11.353 | Episode Length = 50 | Episode Return = 24.0 | Evaluator Episodes = 5369 | Evaluator Steps = 268450 | Final Dist = 1.028 | Final Dist 10 = 1.386 | Final Dist 100 = 1.069 | Final Dist 1000 = 1.453 | Init Dist = 12.806 | Init Dist 10 = 12.806 | Init Dist 100 = 12.806 | Init Dist 1000 = 12.806 | Learner Steps = 16407 | Learner Walltime = 3230.411 | Min Dist = 0.125 | Min Dist 10 = 0.551 | Min Dist 100 = 0.364 | Min Dist 1000 = 0.723 | Steps Per Second = 83.206 | Success = 1.000 | Success 1000 = 0.908
I0502 16:00:07.606915 139555013154368 terminal.py:91] [Learner] Actor Episodes = 21206 | Actor Loss = 3.6595752239227295 | Actor Steps = 1060300 | Binary Accuracy = 0.9961056709289551 | Categorical Accuracy = 0.43743896484375 | Critic Loss = 1.8091669082641602 | Entropy Mean = -18.47286605834961 | Evaluator Episodes = 5369 | Evaluator Steps = 268450 | Learner Steps = 16416 | Learner Walltime = 3231.805 | Logits Neg = -16.73493194580078 | Logits Pos = -1.8078479766845703 | Logsumexp = 1.135569453239441 | Steps Per Second = 978.010
I0502 16:00:08.477805 139579566835264 terminal.py:91] [Evaluator] Actor Episodes = 21210 | Actor Steps = 1060500 | Delta Dist = 5.317 | Delta Dist 10 = 11.354 | Delta Dist 100 = 11.739 | Delta Dist 1000 = 11.352 | Episode Length = 50 | Episode Return = 0.0 | Evaluator Episodes = 5371 | Evaluator Steps = 268550 | Final Dist = 7.490 | Final Dist 10 = 1.453 | Final Dist 100 = 1.068 | Final Dist 1000 = 1.454 | Init Dist = 12.806 | Init Dist 10 = 12.806 | Init Dist 100 = 12.806 | Init Dist 1000 = 12.806 | Learner Steps = 16414 | Learner Walltime = 3231.582 | Min Dist = 6.110 | Min Dist 10 = 0.504 | Min Dist 100 = 0.364 | Min Dist 1000 = 0.722 | Steps Per Second = 77.956 | Success = 0.000 | Success 1000 = 0.908
I0502 16:00:09.705228 139579566835264 terminal.py:91] [Evaluator] Actor Episodes = 21220 | Actor Steps = 1061000 | Delta Dist = 12.529 | Delta Dist 10 = 11.076 | Delta Dist 100 = 11.675 | Delta Dist 1000 = 11.353 | Episode Length = 50 | Episode Return = 12.0 | Evaluator Episodes = 5373 | Evaluator Steps = 268650 | Final Dist = 0.277 | Final Dist 10 = 1.731 | Final Dist 100 = 1.131 | Final Dist 1000 = 1.453 | Init Dist = 12.806 | Init Dist 10 = 12.806 | Init Dist 100 = 12.806 | Init Dist 1000 = 12.806 | Learner Steps = 16420 | Learner Walltime = 3232.835 | Min Dist = 0.277 | Min Dist 10 = 0.763 | Min Dist 100 = 0.416 | Min Dist 1000 = 0.722 | Steps Per Second = 79.966 | Success = 1.000 | Success 1000 = 0.908
I0502 16:00:10.887336 139584504182336 lp_utils.py:96] StepsLimiter: Reached 1061300 recorded steps
I0502 16:00:10.941581 139579566835264 terminal.py:91] [Evaluator] Actor Episodes = 21226 | Actor Steps = 1061300 | Delta Dist = 11.727 | Delta Dist 10 = 11.084 | Delta Dist 100 = 11.684 | Delta Dist 1000 = 11.353 | Episode Length = 50 | Episode Return = 9.0 | Evaluator Episodes = 5375 | Evaluator Steps = 268750 | Final Dist = 1.079 | Final Dist 10 = 1.722 | Final Dist 100 = 1.122 | Final Dist 1000 = 1.453 | Init Dist = 12.806 | Init Dist 10 = 12.806 | Init Dist 100 = 12.806 | Init Dist 1000 = 12.806 | Learner Steps = 16426 | Learner Walltime = 3234.118 | Min Dist = 0.115 | Min Dist 10 = 0.773 | Min Dist 100 = 0.415 | Min Dist 1000 = 0.722 | Steps Per Second = 79.644 | Success = 1.000 | Success 1000 = 0.908
I0502 16:00:11.189609 139558059398720 terminal.py:91] [Actor] Actor Episodes = 21232 | Actor Steps = 1061600 | Delta Dist = 2.821 | Delta Dist 10 = 2.508 | Delta Dist 100 = 3.925 | Delta Dist 1000 = 4.357 | Episode Length = 50 | Episode Return = 16.0 | Evaluator Episodes = 5375 | Evaluator Steps = 268750 | Final Dist = 0.341 | Final Dist 10 = 1.484 | Final Dist 100 = 1.587 | Final Dist 1000 = 1.528 | Init Dist = 3.162 | Init Dist 10 = 3.992 | Init Dist 100 = 5.513 | Init Dist 1000 = 5.886 | Learner Steps = 16426 | Learner Walltime = 3234.118 | Min Dist = 0.076 | Min Dist 10 = 0.037 | Min Dist 100 = 0.349 | Min Dist 1000 = 0.272 | Steps Per Second = 77.520 | Success = 1.000 | Success 1000 = 0.982
I0502 16:00:12.094103 139579566835264 terminal.py:91] [Evaluator] Actor Episodes = 21234 | Actor Steps = 1061700 | Delta Dist = 12.461 | Delta Dist 10 = 11.075 | Delta Dist 100 = 11.681 | Delta Dist 1000 = 11.356 | Episode Length = 50 | Episode Return = 19.0 | Evaluator Episodes = 5377 | Evaluator Steps = 268850 | Final Dist = 0.346 | Final Dist 10 = 1.731 | Final Dist 100 = 1.125 | Final Dist 1000 = 1.451 | Init Dist = 12.806 | Init Dist 10 = 12.806 | Init Dist 100 = 12.806 | Init Dist 1000 = 12.806 | Learner Steps = 16432 | Learner Walltime = 3235.452 | Min Dist = 0.097 | Min Dist 10 = 0.856 | Min Dist 100 = 0.415 | Min Dist 1000 = 0.720 | Steps Per Second = 87.584 | Success = 1.000 | Success 1000 = 0.909
I0502 16:00:13.327386 139579566835264 terminal.py:91] [Evaluator] Actor Episodes = 21242 | Actor Steps = 1062100 | Delta Dist = 11.886 | Delta Dist 10 = 11.288 | Delta Dist 100 = 11.693 | Delta Dist 1000 = 11.357 | Episode Length = 50 | Episode Return = 20.0 | Evaluator Episodes = 5379 | Evaluator Steps = 268950 | Final Dist = 0.920 | Final Dist 10 = 1.518 | Final Dist 100 = 1.113 | Final Dist 1000 = 1.449 | Init Dist = 12.806 | Init Dist 10 = 12.806 | Init Dist 100 = 12.806 | Init Dist 1000 = 12.806 | Learner Steps = 16438 | Learner Walltime = 3236.460 | Min Dist = 0.476 | Min Dist 10 = 0.841 | Min Dist 100 = 0.415 | Min Dist 1000 = 0.720 | Steps Per Second = 83.047 | Success = 1.000 | Success 1000 = 0.909
I0502 16:00:13.569283 139555860620864 terminal.py:91] [Actor] Actor Episodes = 21246 | Actor Steps = 1062300 | Delta Dist = 7.600 | Delta Dist 10 = 4.517 | Delta Dist 100 = 3.873 | Delta Dist 1000 = 4.369 | Episode Length = 50 | Episode Return = 25.0 | Evaluator Episodes = 5379 | Evaluator Steps = 268950 | Final Dist = 0.016 | Final Dist 10 = 1.968 | Final Dist 100 = 1.571 | Final Dist 1000 = 1.517 | Init Dist = 7.616 | Init Dist 10 = 6.485 | Init Dist 100 = 5.445 | Init Dist 1000 = 5.886 | Learner Steps = 16444 | Learner Walltime = 3237.705 | Min Dist = 0.001 | Min Dist 10 = 0.082 | Min Dist 100 = 0.339 | Min Dist 1000 = 0.272 | Steps Per Second = 83.816 | Success = 1.000 | Success 1000 = 0.982
I0502 16:00:14.600948 139579566835264 terminal.py:91] [Evaluator] Actor Episodes = 21250 | Actor Steps = 1062500 | Delta Dist = 11.470 | Delta Dist 10 = 11.303 | Delta Dist 100 = 11.693 | Delta Dist 1000 = 11.363 | Episode Length = 50 | Episode Return = 10.0 | Evaluator Episodes = 5381 | Evaluator Steps = 269050 | Final Dist = 1.336 | Final Dist 10 = 1.503 | Final Dist 100 = 1.114 | Final Dist 1000 = 1.443 | Init Dist = 12.806 | Init Dist 10 = 12.806 | Init Dist 100 = 12.806 | Init Dist 1000 = 12.806 | Learner Steps = 16444 | Learner Walltime = 3237.705 | Min Dist = 0.292 | Min Dist 10 = 0.863 | Min Dist 100 = 0.416 | Min Dist 1000 = 0.714 | Steps Per Second = 79.637 | Success = 1.000 | Success 1000 = 0.910
I0502 16:00:14.632431 139569349502528 terminal.py:91] [Actor] Actor Episodes = 21252 | Actor Steps = 1062600 | Delta Dist = 5.637 | Delta Dist 10 = 5.078 | Delta Dist 100 = 3.972 | Delta Dist 1000 = 4.361 | Episode Length = 50 | Episode Return = 32.0 | Evaluator Episodes = 5381 | Evaluator Steps = 269050 | Final Dist = 0.446 | Final Dist 10 = 1.848 | Final Dist 100 = 1.675 | Final Dist 1000 = 1.524 | Init Dist = 6.083 | Init Dist 10 = 6.925 | Init Dist 100 = 5.647 | Init Dist 1000 = 5.884 | Learner Steps = 16444 | Learner Walltime = 3237.705 | Min Dist = 0.041 | Min Dist 10 = 0.100 | Min Dist 100 = 0.329 | Min Dist 1000 = 0.272 | Steps Per Second = 83.035 | Success = 1.000 | Success 1000 = 0.982
I0502 16:00:15.745741 139579566835264 terminal.py:91] [Evaluator] Actor Episodes = 21260 | Actor Steps = 1063000 | Delta Dist = 12.661 | Delta Dist 10 = 11.888 | Delta Dist 100 = 11.692 | Delta Dist 1000 = 11.363 | Episode Length = 50 | Episode Return = 25.0 | Evaluator Episodes = 5383 | Evaluator Steps = 269150 | Final Dist = 0.145 | Final Dist 10 = 0.918 | Final Dist 100 = 1.115 | Final Dist 1000 = 1.443 | Init Dist = 12.806 | Init Dist 10 = 12.806 | Init Dist 100 = 12.806 | Init Dist 1000 = 12.806 | Learner Steps = 16451 | Learner Walltime = 3238.968 | Min Dist = 0.126 | Min Dist 10 = 0.304 | Min Dist 100 = 0.421 | Min Dist 1000 = 0.714 | Steps Per Second = 79.100 | Success = 1.000 | Success 1000 = 0.910
I0502 16:00:16.186261 139557462840896 terminal.py:91] [Actor] Actor Episodes = 21259 | Actor Steps = 1062950 | Delta Dist = 5.000 | Delta Dist 10 = 3.970 | Delta Dist 100 = 3.868 | Delta Dist 1000 = 4.375 | Episode Length = 50 | Episode Return = 21.0 | Evaluator Episodes = 5381 | Evaluator Steps = 269050 | Final Dist = 0.657 | Final Dist 10 = 1.874 | Final Dist 100 = 1.706 | Final Dist 1000 = 1.514 | Init Dist = 5.657 | Init Dist 10 = 5.843 | Init Dist 100 = 5.574 | Init Dist 1000 = 5.889 | Learner Steps = 16451 | Learner Walltime = 3238.968 | Min Dist = 0.011 | Min Dist 10 = 0.089 | Min Dist 100 = 0.273 | Min Dist 1000 = 0.272 | Steps Per Second = 79.914 | Success = 1.000 | Success 1000 = 0.982
I0502 16:00:17.024247 139579566835264 terminal.py:91] [Evaluator] Actor Episodes = 21268 | Actor Steps = 1063400 | Delta Dist = 11.808 | Delta Dist 10 = 12.003 | Delta Dist 100 = 11.710 | Delta Dist 1000 = 11.365 | Episode Length = 50 | Episode Return = 27.0 | Evaluator Episodes = 5385 | Evaluator Steps = 269250 | Final Dist = 0.998 | Final Dist 10 = 0.803 | Final Dist 100 = 1.096 | Final Dist 1000 = 1.441 | Init Dist = 12.806 | Init Dist 10 = 12.806 | Init Dist 100 = 12.806 | Init Dist 1000 = 12.806 | Learner Steps = 16462 | Learner Walltime = 3241.086 | Min Dist = 0.288 | Min Dist 10 = 0.291 | Min Dist 100 = 0.423 | Min Dist 1000 = 0.714 | Steps Per Second = 83.954 | Success = 1.000 | Success 1000 = 0.910
I0502 16:00:17.618585 139555013154368 terminal.py:91] [Learner] Actor Episodes = 21268 | Actor Loss = 3.655841112136841 | Actor Steps = 1063400 | Binary Accuracy = 0.99609375 | Categorical Accuracy = 0.42486572265625 | Critic Loss = 1.8749274015426636 | Entropy Mean = -18.0294189453125 | Evaluator Episodes = 5383 | Evaluator Steps = 269150 | Learner Steps = 16467 | Learner Walltime = 3241.818 | Logits Neg = -16.700008392333984 | Logits Pos = -1.872535228729248 | Logsumexp = 1.0622520446777344 | Steps Per Second = 1052.610
I0502 16:00:18.246120 139579566835264 terminal.py:91] [Evaluator] Actor Episodes = 21277 | Actor Steps = 1063850 | Delta Dist = 11.580 | Delta Dist 10 = 12.035 | Delta Dist 100 = 11.706 | Delta Dist 1000 = 11.366 | Episode Length = 50 | Episode Return = 12.0 | Evaluator Episodes = 5387 | Evaluator Steps = 269350 | Final Dist = 1.226 | Final Dist 10 = 0.772 | Final Dist 100 = 1.100 | Final Dist 1000 = 1.440 | Init Dist = 12.806 | Init Dist 10 = 12.806 | Init Dist 100 = 12.806 | Init Dist 1000 = 12.806 | Learner Steps = 16468 | Learner Walltime = 3242.353 | Min Dist = 0.123 | Min Dist 10 = 0.246 | Min Dist 100 = 0.421 | Min Dist 1000 = 0.714 | Steps Per Second = 84.149 | Success = 1.000 | Success 1000 = 0.910
I0502 16:00:19.410296 139579566835264 terminal.py:91] [Evaluator] Actor Episodes = 21285 | Actor Steps = 1064250 | Delta Dist = 11.785 | Delta Dist 10 = 11.910 | Delta Dist 100 = 11.695 | Delta Dist 1000 = 11.366 | Episode Length = 50 | Episode Return = 11.0 | Evaluator Episodes = 5389 | Evaluator Steps = 269450 | Final Dist = 1.021 | Final Dist 10 = 0.896 | Final Dist 100 = 1.111 | Final Dist 1000 = 1.441 | Init Dist = 12.806 | Init Dist 10 = 12.806 | Init Dist 100 = 12.806 | Init Dist 1000 = 12.806 | Learner Steps = 16475 | Learner Walltime = 3243.529 | Min Dist = 0.161 | Min Dist 10 = 0.245 | Min Dist 100 = 0.417 | Min Dist 1000 = 0.714 | Steps Per Second = 81.982 | Success = 1.000 | Success 1000 = 0.910
I0502 16:00:20.594534 139579566835264 terminal.py:91] [Evaluator] Actor Episodes = 21293 | Actor Steps = 1064650 | Delta Dist = 10.609 | Delta Dist 10 = 11.879 | Delta Dist 100 = 11.693 | Delta Dist 1000 = 11.371 | Episode Length = 50 | Episode Return = 19.0 | Evaluator Episodes = 5391 | Evaluator Steps = 269550 | Final Dist = 2.197 | Final Dist 10 = 0.927 | Final Dist 100 = 1.113 | Final Dist 1000 = 1.435 | Init Dist = 12.806 | Init Dist 10 = 12.806 | Init Dist 100 = 12.806 | Init Dist 1000 = 12.806 | Learner Steps = 16481 | Learner Walltime = 3244.656 | Min Dist = 0.169 | Min Dist 10 = 0.225 | Min Dist 100 = 0.418 | Min Dist 1000 = 0.707 | Steps Per Second = 83.925 | Success = 1.000 | Success 1000 = 0.911
I0502 16:00:20.901540 139584504182336 lp_utils.py:96] StepsLimiter: Reached 1064650 recorded steps
I0502 16:00:21.246154 139558059398720 terminal.py:91] [Actor] Actor Episodes = 21297 | Actor Steps = 1064850 | Delta Dist = 5.926 | Delta Dist 10 = 5.141 | Delta Dist 100 = 4.252 | Delta Dist 1000 = 4.335 | Episode Length = 50 | Episode Return = 26.0 | Evaluator Episodes = 5391 | Evaluator Steps = 269550 | Final Dist = 0.157 | Final Dist 10 = 1.946 | Final Dist 100 = 1.663 | Final Dist 1000 = 1.538 | Init Dist = 6.083 | Init Dist 10 = 7.087 | Init Dist 100 = 5.915 | Init Dist 1000 = 5.873 | Learner Steps = 16481 | Learner Walltime = 3244.656 | Min Dist = 0.157 | Min Dist 10 = 0.416 | Min Dist 100 = 0.162 | Min Dist 1000 = 0.276 | Steps Per Second = 82.306 | Success = 1.000 | Success 1000 = 0.982
I0502 16:00:21.807497 139579566835264 terminal.py:91] [Evaluator] Actor Episodes = 21299 | Actor Steps = 1064950 | Delta Dist = 11.649 | Delta Dist 10 = 11.787 | Delta Dist 100 = 11.676 | Delta Dist 1000 = 11.370 | Episode Length = 50 | Episode Return = 20.0 | Evaluator Episodes = 5393 | Evaluator Steps = 269650 | Final Dist = 1.157 | Final Dist 10 = 1.019 | Final Dist 100 = 1.130 | Final Dist 1000 = 1.437 | Init Dist = 12.806 | Init Dist 10 = 12.806 | Init Dist 100 = 12.806 | Init Dist 1000 = 12.806 | Learner Steps = 16487 | Learner Walltime = 3245.927 | Min Dist = 0.332 | Min Dist 10 = 0.200 | Min Dist 100 = 0.417 | Min Dist 1000 = 0.707 | Steps Per Second = 83.319 | Success = 1.000 | Success 1000 = 0.911
I0502 16:00:22.938524 139579566835264 terminal.py:91] [Evaluator] Actor Episodes = 21307 | Actor Steps = 1065350 | Delta Dist = 11.160 | Delta Dist 10 = 11.639 | Delta Dist 100 = 11.680 | Delta Dist 1000 = 11.370 | Episode Length = 50 | Episode Return = 23.0 | Evaluator Episodes = 5395 | Evaluator Steps = 269750 | Final Dist = 1.646 | Final Dist 10 = 1.167 | Final Dist 100 = 1.127 | Final Dist 1000 = 1.436 | Init Dist = 12.806 | Init Dist 10 = 12.806 | Init Dist 100 = 12.806 | Init Dist 1000 = 12.806 | Learner Steps = 16493 | Learner Walltime = 3247.120 | Min Dist = 0.066 | Min Dist 10 = 0.195 | Min Dist 100 = 0.408 | Min Dist 1000 = 0.706 | Steps Per Second = 93.117 | Success = 1.000 | Success 1000 = 0.911
I0502 16:00:24.079438 139555860620864 terminal.py:91] [Actor] Actor Episodes = 21312 | Actor Steps = 1065600 | Delta Dist = 7.144 | Delta Dist 10 = 5.546 | Delta Dist 100 = 4.401 | Delta Dist 1000 = 4.336 | Episode Length = 50 | Episode Return = 43.0 | Evaluator Episodes = 5395 | Evaluator Steps = 269750 | Final Dist = 0.136 | Final Dist 10 = 1.202 | Final Dist 100 = 1.673 | Final Dist 1000 = 1.541 | Init Dist = 7.280 | Init Dist 10 = 6.748 | Init Dist 100 = 6.074 | Init Dist 1000 = 5.877 | Learner Steps = 16493 | Learner Walltime = 3247.120 | Min Dist = 0.080 | Min Dist 10 = 0.168 | Min Dist 100 = 0.152 | Min Dist 1000 = 0.267 | Steps Per Second = 79.367 | Success = 1.000 | Success 1000 = 0.981
I0502 16:00:24.168843 139579566835264 terminal.py:91] [Evaluator] Actor Episodes = 21317 | Actor Steps = 1065850 | Delta Dist = 12.035 | Delta Dist 10 = 11.639 | Delta Dist 100 = 11.683 | Delta Dist 1000 = 11.370 | Episode Length = 50 | Episode Return = 21.0 | Evaluator Episodes = 5397 | Evaluator Steps = 269850 | Final Dist = 0.771 | Final Dist 10 = 1.168 | Final Dist 100 = 1.123 | Final Dist 1000 = 1.436 | Init Dist = 12.806 | Init Dist 10 = 12.806 | Init Dist 100 = 12.806 | Init Dist 1000 = 12.806 | Learner Steps = 16499 | Learner Walltime = 3248.332 | Min Dist = 0.105 | Min Dist 10 = 0.150 | Min Dist 100 = 0.398 | Min Dist 1000 = 0.705 | Steps Per Second = 73.452 | Success = 1.000 | Success 1000 = 0.911
I0502 16:00:25.148271 139569349502528 terminal.py:91] [Actor] Actor Episodes = 21323 | Actor Steps = 1066150 | Delta Dist = 4.010 | Delta Dist 10 = 4.596 | Delta Dist 100 = 4.327 | Delta Dist 1000 = 4.336 | Episode Length = 50 | Episode Return = 49.0 | Evaluator Episodes = 5397 | Evaluator Steps = 269850 | Final Dist = 0.114 | Final Dist 10 = 0.644 | Final Dist 100 = 1.615 | Final Dist 1000 = 1.534 | Init Dist = 4.123 | Init Dist 10 = 5.240 | Init Dist 100 = 5.943 | Init Dist 1000 = 5.869 | Learner Steps = 16499 | Learner Walltime = 3248.332 | Min Dist = 0.044 | Min Dist 10 = 0.116 | Min Dist 100 = 0.143 | Min Dist 1000 = 0.267 | Steps Per Second = 79.490 | Success = 1.000 | Success 1000 = 0.981
I0502 16:00:25.338060 139579566835264 terminal.py:91] [Evaluator] Actor Episodes = 21323 | Actor Steps = 1066150 | Delta Dist = 12.405 | Delta Dist 10 = 11.643 | Delta Dist 100 = 11.690 | Delta Dist 1000 = 11.372 | Episode Length = 50 | Episode Return = 21.0 | Evaluator Episodes = 5399 | Evaluator Steps = 269950 | Final Dist = 0.401 | Final Dist 10 = 1.163 | Final Dist 100 = 1.116 | Final Dist 1000 = 1.435 | Init Dist = 12.806 | Init Dist 10 = 12.806 | Init Dist 100 = 12.806 | Init Dist 1000 = 12.806 | Learner Steps = 16505 | Learner Walltime = 3249.456 | Min Dist = 0.344 | Min Dist 10 = 0.196 | Min Dist 100 = 0.399 | Min Dist 1000 = 0.706 | Steps Per Second = 80.119 | Success = 1.000 | Success 1000 = 0.911
I0502 16:00:26.513943 139579566835264 terminal.py:91] [Evaluator] Actor Episodes = 21331 | Actor Steps = 1066550 | Delta Dist = 12.446 | Delta Dist 10 = 11.768 | Delta Dist 100 = 11.690 | Delta Dist 1000 = 11.374 | Episode Length = 50 | Episode Return = 21.0 | Evaluator Episodes = 5401 | Evaluator Steps = 270050 | Final Dist = 0.360 | Final Dist 10 = 1.038 | Final Dist 100 = 1.117 | Final Dist 1000 = 1.433 | Init Dist = 12.806 | Init Dist 10 = 12.806 | Init Dist 100 = 12.806 | Init Dist 1000 = 12.806 | Learner Steps = 16505 | Learner Walltime = 3249.456 | Min Dist = 0.075 | Min Dist 10 = 0.235 | Min Dist 100 = 0.403 | Min Dist 1000 = 0.706 | Steps Per Second = 89.705 | Success = 1.000 | Success 1000 = 0.911
I0502 16:00:26.591104 139557462840896 terminal.py:91] [Actor] Actor Episodes = 21333 | Actor Steps = 1066650 | Delta Dist = 3.960 | Delta Dist 10 = 5.002 | Delta Dist 100 = 4.582 | Delta Dist 1000 = 4.349 | Episode Length = 50 | Episode Return = 31.0 | Evaluator Episodes = 5401 | Evaluator Steps = 270050 | Final Dist = 0.512 | Final Dist 10 = 0.888 | Final Dist 100 = 1.567 | Final Dist 1000 = 1.527 | Init Dist = 4.472 | Init Dist 10 = 5.889 | Init Dist 100 = 6.149 | Init Dist 1000 = 5.876 | Learner Steps = 16505 | Learner Walltime = 3249.456 | Min Dist = 0.166 | Min Dist 10 = 0.081 | Min Dist 100 = 0.147 | Min Dist 1000 = 0.267 | Steps Per Second = 82.346 | Success = 1.000 | Success 1000 = 0.982
I0502 16:00:27.734030 139579566835264 terminal.py:91] [Evaluator] Actor Episodes = 21339 | Actor Steps = 1066950 | Delta Dist = 11.840 | Delta Dist 10 = 11.954 | Delta Dist 100 = 11.695 | Delta Dist 1000 = 11.373 | Episode Length = 50 | Episode Return = 20.0 | Evaluator Episodes = 5403 | Evaluator Steps = 270150 | Final Dist = 0.966 | Final Dist 10 = 0.852 | Final Dist 100 = 1.111 | Final Dist 1000 = 1.433 | Init Dist = 12.806 | Init Dist 10 = 12.806 | Init Dist 100 = 12.806 | Init Dist 1000 = 12.806 | Learner Steps = 16512 | Learner Walltime = 3250.814 | Min Dist = 0.107 | Min Dist 10 = 0.216 | Min Dist 100 = 0.399 | Min Dist 1000 = 0.706 | Steps Per Second = 92.633 | Success = 1.000 | Success 1000 = 0.911
I0502 16:00:27.783668 139555013154368 terminal.py:91] [Learner] Actor Episodes = 21339 | Actor Loss = 3.669727325439453 | Actor Steps = 1066950 | Binary Accuracy = 0.9960157871246338 | Categorical Accuracy = 0.416259765625 | Critic Loss = 1.9074348211288452 | Entropy Mean = -19.58013153076172 | Evaluator Episodes = 5403 | Evaluator Steps = 270150 | Learner Steps = 16518 | Learner Walltime = 3251.971 | Logits Neg = -16.40028190612793 | Logits Pos = -1.8770157098770142 | Logsumexp = 1.2409441471099854 | Steps Per Second = 151.951
I0502 16:00:28.933983 139579566835264 terminal.py:91] [Evaluator] Actor Episodes = 21347 | Actor Steps = 1067350 | Delta Dist = 11.717 | Delta Dist 10 = 11.944 | Delta Dist 100 = 11.694 | Delta Dist 1000 = 11.372 | Episode Length = 50 | Episode Return = 10.0 | Evaluator Episodes = 5405 | Evaluator Steps = 270250 | Final Dist = 1.089 | Final Dist 10 = 0.862 | Final Dist 100 = 1.112 | Final Dist 1000 = 1.434 | Init Dist = 12.806 | Init Dist 10 = 12.806 | Init Dist 100 = 12.806 | Init Dist 1000 = 12.806 | Learner Steps = 16518 | Learner Walltime = 3251.971 | Min Dist = 0.032 | Min Dist 10 = 0.194 | Min Dist 100 = 0.398 | Min Dist 1000 = 0.706 | Steps Per Second = 79.464 | Success = 1.000 | Success 1000 = 0.911
I0502 16:00:30.130001 139579566835264 terminal.py:91] [Evaluator] Actor Episodes = 21355 | Actor Steps = 1067750 | Delta Dist = 11.173 | Delta Dist 10 = 11.989 | Delta Dist 100 = 11.705 | Delta Dist 1000 = 11.373 | Episode Length = 50 | Episode Return = 3.0 | Evaluator Episodes = 5407 | Evaluator Steps = 270350 | Final Dist = 1.633 | Final Dist 10 = 0.817 | Final Dist 100 = 1.101 | Final Dist 1000 = 1.433 | Init Dist = 12.806 | Init Dist 10 = 12.806 | Init Dist 100 = 12.806 | Init Dist 1000 = 12.806 | Learner Steps = 16525 | Learner Walltime = 3253.197 | Min Dist = 0.664 | Min Dist 10 = 0.202 | Min Dist 100 = 0.391 | Min Dist 1000 = 0.706 | Steps Per Second = 82.056 | Success = 1.000 | Success 1000 = 0.911
I0502 16:00:30.922113 139584504182336 lp_utils.py:96] StepsLimiter: Reached 1068050 recorded steps
I0502 16:00:31.280181 139579566835264 terminal.py:91] [Evaluator] Actor Episodes = 21363 | Actor Steps = 1068150 | Delta Dist = 11.834 | Delta Dist 10 = 11.894 | Delta Dist 100 = 11.687 | Delta Dist 1000 = 11.373 | Episode Length = 50 | Episode Return = 18.0 | Evaluator Episodes = 5409 | Evaluator Steps = 270450 | Final Dist = 0.973 | Final Dist 10 = 0.913 | Final Dist 100 = 1.119 | Final Dist 1000 = 1.433 | Init Dist = 12.806 | Init Dist 10 = 12.806 | Init Dist 100 = 12.806 | Init Dist 1000 = 12.806 | Learner Steps = 16530 | Learner Walltime = 3254.422 | Min Dist = 0.541 | Min Dist 10 = 0.225 | Min Dist 100 = 0.395 | Min Dist 1000 = 0.706 | Steps Per Second = 103.325 | Success = 1.000 | Success 1000 = 0.911
I0502 16:00:31.404293 139558059398720 terminal.py:91] [Actor] Actor Episodes = 21360 | Actor Steps = 1068000 | Delta Dist = 6.083 | Delta Dist 10 = 3.414 | Delta Dist 100 = 4.507 | Delta Dist 1000 = 4.338 | Episode Length = 50 | Episode Return = 49.0 | Evaluator Episodes = 5407 | Evaluator Steps = 270350 | Final Dist = 0.241 | Final Dist 10 = 0.554 | Final Dist 100 = 1.398 | Final Dist 1000 = 1.522 | Init Dist = 6.325 | Init Dist 10 = 3.968 | Init Dist 100 = 5.905 | Init Dist 1000 = 5.860 | Learner Steps = 16530 | Learner Walltime = 3254.422 | Min Dist = 0.241 | Min Dist 10 = 0.129 | Min Dist 100 = 0.166 | Min Dist 1000 = 0.267 | Steps Per Second = 86.565 | Success = 1.000 | Success 1000 = 0.982
I0502 16:00:32.459380 139579566835264 terminal.py:91] [Evaluator] Actor Episodes = 21369 | Actor Steps = 1068450 | Delta Dist = 11.819 | Delta Dist 10 = 11.774 | Delta Dist 100 = 11.678 | Delta Dist 1000 = 11.373 | Episode Length = 50 | Episode Return = 16.0 | Evaluator Episodes = 5411 | Evaluator Steps = 270550 | Final Dist = 0.987 | Final Dist 10 = 1.032 | Final Dist 100 = 1.128 | Final Dist 1000 = 1.434 | Init Dist = 12.806 | Init Dist 10 = 12.806 | Init Dist 100 = 12.806 | Init Dist 1000 = 12.806 | Learner Steps = 16536 | Learner Walltime = 3255.549 | Min Dist = 0.267 | Min Dist 10 = 0.234 | Min Dist 100 = 0.402 | Min Dist 1000 = 0.706 | Steps Per Second = 88.236 | Success = 1.000 | Success 1000 = 0.911
I0502 16:00:33.705307 139579566835264 terminal.py:91] [Evaluator] Actor Episodes = 21377 | Actor Steps = 1068850 | Delta Dist = 11.301 | Delta Dist 10 = 11.715 | Delta Dist 100 = 11.668 | Delta Dist 1000 = 11.373 | Episode Length = 50 | Episode Return = 18.0 | Evaluator Episodes = 5413 | Evaluator Steps = 270650 | Final Dist = 1.505 | Final Dist 10 = 1.092 | Final Dist 100 = 1.138 | Final Dist 1000 = 1.433 | Init Dist = 12.806 | Init Dist 10 = 12.806 | Init Dist 100 = 12.806 | Init Dist 1000 = 12.806 | Learner Steps = 16543 | Learner Walltime = 3256.774 | Min Dist = 0.184 | Min Dist 10 = 0.260 | Min Dist 100 = 0.402 | Min Dist 1000 = 0.706 | Steps Per Second = 76.862 | Success = 1.000 | Success 1000 = 0.911
I0502 16:00:34.485140 139555860620864 terminal.py:91] [Actor] Actor Episodes = 21385 | Actor Steps = 1069250 | Delta Dist = 5.056 | Delta Dist 10 = 4.713 | Delta Dist 100 = 4.554 | Delta Dist 1000 = 4.374 | Episode Length = 50 | Episode Return = 4.0 | Evaluator Episodes = 5413 | Evaluator Steps = 270650 | Final Dist = 0.329 | Final Dist 10 = 1.609 | Final Dist 100 = 1.206 | Final Dist 1000 = 1.477 | Init Dist = 5.385 | Init Dist 10 = 6.322 | Init Dist 100 = 5.760 | Init Dist 1000 = 5.851 | Learner Steps = 16549 | Learner Walltime = 3258.052 | Min Dist = 0.329 | Min Dist 10 = 0.127 | Min Dist 100 = 0.156 | Min Dist 1000 = 0.258 | Steps Per Second = 90.221 | Success = 1.000 | Success 1000 = 0.982
I0502 16:00:34.894546 139579566835264 terminal.py:91] [Evaluator] Actor Episodes = 21385 | Actor Steps = 1069250 | Delta Dist = 11.442 | Delta Dist 10 = 10.971 | Delta Dist 100 = 11.586 | Delta Dist 1000 = 11.366 | Episode Length = 50 | Episode Return = 13.0 | Evaluator Episodes = 5415 | Evaluator Steps = 270750 | Final Dist = 1.364 | Final Dist 10 = 1.835 | Final Dist 100 = 1.221 | Final Dist 1000 = 1.441 | Init Dist = 12.806 | Init Dist 10 = 12.806 | Init Dist 100 = 12.806 | Init Dist 1000 = 12.806 | Learner Steps = 16549 | Learner Walltime = 3258.052 | Min Dist = 0.135 | Min Dist 10 = 0.896 | Min Dist 100 = 0.464 | Min Dist 1000 = 0.712 | Steps Per Second = 83.315 | Success = 1.000 | Success 1000 = 0.910
I0502 16:00:35.563858 139569349502528 terminal.py:91] [Actor] Actor Episodes = 21388 | Actor Steps = 1069400 | Delta Dist = -2.046 | Delta Dist 10 = 5.653 | Delta Dist 100 = 4.684 | Delta Dist 1000 = 4.383 | Episode Length = 50 | Episode Return = 0.0 | Evaluator Episodes = 5415 | Evaluator Steps = 270750 | Final Dist = 5.208 | Final Dist 10 = 1.860 | Final Dist 100 = 1.243 | Final Dist 1000 = 1.481 | Init Dist = 3.162 | Init Dist 10 = 7.513 | Init Dist 100 = 5.927 | Init Dist 1000 = 5.864 | Learner Steps = 16549 | Learner Walltime = 3258.052 | Min Dist = 0.056 | Min Dist 10 = 0.179 | Min Dist 100 = 0.128 | Min Dist 1000 = 0.258 | Steps Per Second = 80.783 | Success = 1.000 | Success 1000 = 0.983
I0502 16:00:36.071051 139579566835264 terminal.py:91] [Evaluator] Actor Episodes = 21393 | Actor Steps = 1069650 | Delta Dist = 12.097 | Delta Dist 10 = 10.929 | Delta Dist 100 = 11.586 | Delta Dist 1000 = 11.365 | Episode Length = 50 | Episode Return = 19.0 | Evaluator Episodes = 5417 | Evaluator Steps = 270850 | Final Dist = 0.709 | Final Dist 10 = 1.878 | Final Dist 100 = 1.220 | Final Dist 1000 = 1.441 | Init Dist = 12.806 | Init Dist 10 = 12.806 | Init Dist 100 = 12.806 | Init Dist 1000 = 12.806 | Learner Steps = 16557 | Learner Walltime = 3259.487 | Min Dist = 0.245 | Min Dist 10 = 0.901 | Min Dist 100 = 0.464 | Min Dist 1000 = 0.712 | Steps Per Second = 85.140 | Success = 1.000 | Success 1000 = 0.910
I0502 16:00:37.171863 139557462840896 terminal.py:91] [Actor] Actor Episodes = 21398 | Actor Steps = 1069900 | Delta Dist = 9.375 | Delta Dist 10 = 6.043 | Delta Dist 100 = 4.638 | Delta Dist 1000 = 4.394 | Episode Length = 50 | Episode Return = 0.0 | Evaluator Episodes = 5417 | Evaluator Steps = 270850 | Final Dist = 1.065 | Final Dist 10 = 1.444 | Final Dist 100 = 1.309 | Final Dist 1000 = 1.489 | Init Dist = 10.440 | Init Dist 10 = 7.487 | Init Dist 100 = 5.947 | Init Dist 1000 = 5.883 | Learner Steps = 16562 | Learner Walltime = 3260.500 | Min Dist = 0.039 | Min Dist 10 = 0.129 | Min Dist 100 = 0.133 | Min Dist 1000 = 0.259 | Steps Per Second = 67.190 | Success = 1.000 | Success 1000 = 0.983
I0502 16:00:37.349522 139579566835264 terminal.py:91] [Evaluator] Actor Episodes = 21401 | Actor Steps = 1070050 | Delta Dist = 12.712 | Delta Dist 10 = 11.031 | Delta Dist 100 = 11.596 | Delta Dist 1000 = 11.365 | Episode Length = 50 | Episode Return = 9.0 | Evaluator Episodes = 5419 | Evaluator Steps = 270950 | Final Dist = 0.094 | Final Dist 10 = 1.776 | Final Dist 100 = 1.211 | Final Dist 1000 = 1.442 | Init Dist = 12.806 | Init Dist 10 = 12.806 | Init Dist 100 = 12.806 | Init Dist 1000 = 12.806 | Learner Steps = 16562 | Learner Walltime = 3260.500 | Min Dist = 0.094 | Min Dist 10 = 0.844 | Min Dist 100 = 0.465 | Min Dist 1000 = 0.712 | Steps Per Second = 72.285 | Success = 1.000 | Success 1000 = 0.910
I0502 16:00:38.003475 139555013154368 terminal.py:91] [Learner] Actor Episodes = 21403 | Actor Loss = 3.709486722946167 | Actor Steps = 1070150 | Binary Accuracy = 0.9960298538208008 | Categorical Accuracy = 0.42254638671875 | Critic Loss = 1.8893499374389648 | Entropy Mean = -18.34801483154297 | Evaluator Episodes = 5419 | Evaluator Steps = 270950 | Learner Steps = 16570 | Learner Walltime = 3262.197 | Logits Neg = -16.506101608276367 | Logits Pos = -1.8913294076919556 | Logsumexp = 1.15015709400177 | Steps Per Second = 205.496
I0502 16:00:38.493328 139579566835264 terminal.py:91] [Evaluator] Actor Episodes = 21409 | Actor Steps = 1070450 | Delta Dist = 11.832 | Delta Dist 10 = 11.173 | Delta Dist 100 = 11.605 | Delta Dist 1000 = 11.366 | Episode Length = 50 | Episode Return = 19.0 | Evaluator Episodes = 5421 | Evaluator Steps = 271050 | Final Dist = 0.974 | Final Dist 10 = 1.633 | Final Dist 100 = 1.201 | Final Dist 1000 = 1.440 | Init Dist = 12.806 | Init Dist 10 = 12.806 | Init Dist 100 = 12.806 | Init Dist 1000 = 12.806 | Learner Steps = 16568 | Learner Walltime = 3261.844 | Min Dist = 0.058 | Min Dist 10 = 0.849 | Min Dist 100 = 0.467 | Min Dist 1000 = 0.712 | Steps Per Second = 94.369 | Success = 1.000 | Success 1000 = 0.910
I0502 16:00:39.724420 139579566835264 terminal.py:91] [Evaluator] Actor Episodes = 21417 | Actor Steps = 1070850 | Delta Dist = 11.717 | Delta Dist 10 = 11.047 | Delta Dist 100 = 11.587 | Delta Dist 1000 = 11.365 | Episode Length = 50 | Episode Return = 6.0 | Evaluator Episodes = 5423 | Evaluator Steps = 271150 | Final Dist = 1.089 | Final Dist 10 = 1.759 | Final Dist 100 = 1.219 | Final Dist 1000 = 1.441 | Init Dist = 12.806 | Init Dist 10 = 12.806 | Init Dist 100 = 12.806 | Init Dist 1000 = 12.806 | Learner Steps = 16575 | Learner Walltime = 3263.051 | Min Dist = 0.429 | Min Dist 10 = 1.030 | Min Dist 100 = 0.488 | Min Dist 1000 = 0.713 | Steps Per Second = 82.121 | Success = 1.000 | Success 1000 = 0.909
I0502 16:00:40.876559 139579566835264 terminal.py:91] [Evaluator] Actor Episodes = 21425 | Actor Steps = 1071250 | Delta Dist = 11.779 | Delta Dist 10 = 11.757 | Delta Dist 100 = 11.584 | Delta Dist 1000 = 11.365 | Episode Length = 50 | Episode Return = 16.0 | Evaluator Episodes = 5425 | Evaluator Steps = 271250 | Final Dist = 1.027 | Final Dist 10 = 1.049 | Final Dist 100 = 1.222 | Final Dist 1000 = 1.441 | Init Dist = 12.806 | Init Dist 10 = 12.806 | Init Dist 100 = 12.806 | Init Dist 1000 = 12.806 | Learner Steps = 16580 | Learner Walltime = 3264.275 | Min Dist = 0.219 | Min Dist 10 = 0.427 | Min Dist 100 = 0.490 | Min Dist 1000 = 0.713 | Steps Per Second = 90.076 | Success = 1.000 | Success 1000 = 0.909
I0502 16:00:40.941620 139584504182336 lp_utils.py:96] StepsLimiter: Reached 1071250 recorded steps
I0502 16:00:41.783774 139558059398720 terminal.py:91] [Actor] Actor Episodes = 21433 | Actor Steps = 1071650 | Delta Dist = 8.842 | Delta Dist 10 = 6.354 | Delta Dist 100 = 4.870 | Delta Dist 1000 = 4.436 | Episode Length = 50 | Episode Return = 32.0 | Evaluator Episodes = 5425 | Evaluator Steps = 271250 | Final Dist = 0.102 | Final Dist 10 = 0.376 | Final Dist 100 = 1.262 | Final Dist 1000 = 1.477 | Init Dist = 8.944 | Init Dist 10 = 6.730 | Init Dist 100 = 6.132 | Init Dist 1000 = 5.913 | Learner Steps = 16587 | Learner Walltime = 3265.488 | Min Dist = 0.035 | Min Dist 10 = 0.105 | Min Dist 100 = 0.111 | Min Dist 1000 = 0.251 | Steps Per Second = 85.423 | Success = 1.000 | Success 1000 = 0.983
I0502 16:00:41.996527 139579566835264 terminal.py:91] [Evaluator] Actor Episodes = 21433 | Actor Steps = 1071650 | Delta Dist = 11.742 | Delta Dist 10 = 11.721 | Delta Dist 100 = 11.582 | Delta Dist 1000 = 11.365 | Episode Length = 50 | Episode Return = 19.0 | Evaluator Episodes = 5427 | Evaluator Steps = 271350 | Final Dist = 1.065 | Final Dist 10 = 1.085 | Final Dist 100 = 1.224 | Final Dist 1000 = 1.442 | Init Dist = 12.806 | Init Dist 10 = 12.806 | Init Dist 100 = 12.806 | Init Dist 1000 = 12.806 | Learner Steps = 16587 | Learner Walltime = 3265.488 | Min Dist = 0.092 | Min Dist 10 = 0.431 | Min Dist 100 = 0.491 | Min Dist 1000 = 0.713 | Steps Per Second = 85.218 | Success = 1.000 | Success 1000 = 0.909
I0502 16:00:43.124938 139579566835264 terminal.py:91] [Evaluator] Actor Episodes = 21441 | Actor Steps = 1072050 | Delta Dist = 11.600 | Delta Dist 10 = 11.708 | Delta Dist 100 = 11.585 | Delta Dist 1000 = 11.366 | Episode Length = 50 | Episode Return = 7.0 | Evaluator Episodes = 5429 | Evaluator Steps = 271450 | Final Dist = 1.206 | Final Dist 10 = 1.098 | Final Dist 100 = 1.221 | Final Dist 1000 = 1.441 | Init Dist = 12.806 | Init Dist 10 = 12.806 | Init Dist 100 = 12.806 | Init Dist 1000 = 12.806 | Learner Steps = 16594 | Learner Walltime = 3266.654 | Min Dist = 0.279 | Min Dist 10 = 0.411 | Min Dist 100 = 0.488 | Min Dist 1000 = 0.713 | Steps Per Second = 88.521 | Success = 1.000 | Success 1000 = 0.909
I0502 16:00:44.263896 139579566835264 terminal.py:91] [Evaluator] Actor Episodes = 21449 | Actor Steps = 1072450 | Delta Dist = 12.226 | Delta Dist 10 = 11.516 | Delta Dist 100 = 11.625 | Delta Dist 1000 = 11.365 | Episode Length = 50 | Episode Return = 33.0 | Evaluator Episodes = 5431 | Evaluator Steps = 271550 | Final Dist = 0.581 | Final Dist 10 = 1.290 | Final Dist 100 = 1.181 | Final Dist 1000 = 1.441 | Init Dist = 12.806 | Init Dist 10 = 12.806 | Init Dist 100 = 12.806 | Init Dist 1000 = 12.806 | Learner Steps = 16600 | Learner Walltime = 3267.679 | Min Dist = 0.481 | Min Dist 10 = 0.367 | Min Dist 100 = 0.439 | Min Dist 1000 = 0.713 | Steps Per Second = 88.718 | Success = 1.000 | Success 1000 = 0.909
I0502 16:00:44.697807 139555860620864 terminal.py:91] [Actor] Actor Episodes = 21448 | Actor Steps = 1072400 | Delta Dist = 3.461 | Delta Dist 10 = 3.769 | Delta Dist 100 = 4.986 | Delta Dist 1000 = 4.438 | Episode Length = 50 | Episode Return = 45.0 | Evaluator Episodes = 5429 | Evaluator Steps = 271450 | Final Dist = 0.662 | Final Dist 10 = 2.130 | Final Dist 100 = 1.310 | Final Dist 1000 = 1.481 | Init Dist = 4.123 | Init Dist 10 = 5.900 | Init Dist 100 = 6.297 | Init Dist 1000 = 5.919 | Learner Steps = 16600 | Learner Walltime = 3267.679 | Min Dist = 0.009 | Min Dist 10 = 0.073 | Min Dist 100 = 0.096 | Min Dist 1000 = 0.239 | Steps Per Second = 90.818 | Success = 1.000 | Success 1000 = 0.983
I0502 16:00:45.443613 139579566835264 terminal.py:91] [Evaluator] Actor Episodes = 21457 | Actor Steps = 1072850 | Delta Dist = 12.221 | Delta Dist 10 = 11.641 | Delta Dist 100 = 11.630 | Delta Dist 1000 = 11.364 | Episode Length = 50 | Episode Return = 27.0 | Evaluator Episodes = 5433 | Evaluator Steps = 271650 | Final Dist = 0.586 | Final Dist 10 = 1.165 | Final Dist 100 = 1.176 | Final Dist 1000 = 1.442 | Init Dist = 12.806 | Init Dist 10 = 12.806 | Init Dist 100 = 12.806 | Init Dist 1000 = 12.806 | Learner Steps = 16606 | Learner Walltime = 3269.023 | Min Dist = 0.061 | Min Dist 10 = 0.196 | Min Dist 100 = 0.440 | Min Dist 1000 = 0.713 | Steps Per Second = 85.016 | Success = 1.000 | Success 1000 = 0.909
I0502 16:00:45.783365 139569349502528 terminal.py:91] [Actor] Actor Episodes = 21459 | Actor Steps = 1072950 | Delta Dist = 6.952 | Delta Dist 10 = 4.656 | Delta Dist 100 = 5.000 | Delta Dist 1000 = 4.451 | Episode Length = 50 | Episode Return = 0.0 | Evaluator Episodes = 5433 | Evaluator Steps = 271650 | Final Dist = 0.328 | Final Dist 10 = 1.313 | Final Dist 100 = 1.282 | Final Dist 1000 = 1.474 | Init Dist = 7.280 | Init Dist 10 = 5.970 | Init Dist 100 = 6.282 | Init Dist 1000 = 5.925 | Learner Steps = 16606 | Learner Walltime = 3269.023 | Min Dist = 0.103 | Min Dist 10 = 0.070 | Min Dist 100 = 0.089 | Min Dist 1000 = 0.232 | Steps Per Second = 80.610 | Success = 1.000 | Success 1000 = 0.983
I0502 16:00:46.509705 139579566835264 terminal.py:91] [Evaluator] Actor Episodes = 21463 | Actor Steps = 1073150 | Delta Dist = 11.880 | Delta Dist 10 = 11.766 | Delta Dist 100 = 11.635 | Delta Dist 1000 = 11.365 | Episode Length = 50 | Episode Return = 10.0 | Evaluator Episodes = 5435 | Evaluator Steps = 271750 | Final Dist = 0.926 | Final Dist 10 = 1.040 | Final Dist 100 = 1.171 | Final Dist 1000 = 1.441 | Init Dist = 12.806 | Init Dist 10 = 12.806 | Init Dist 100 = 12.806 | Init Dist 1000 = 12.806 | Learner Steps = 16612 | Learner Walltime = 3270.196 | Min Dist = 0.175 | Min Dist 10 = 0.156 | Min Dist 100 = 0.437 | Min Dist 1000 = 0.713 | Steps Per Second = 95.009 | Success = 1.000 | Success 1000 = 0.909
I0502 16:00:47.303512 139557462840896 terminal.py:91] [Actor] Actor Episodes = 21469 | Actor Steps = 1073450 | Delta Dist = 0.584 | Delta Dist 10 = 4.734 | Delta Dist 100 = 5.029 | Delta Dist 1000 = 4.448 | Episode Length = 50 | Episode Return = 44.0 | Evaluator Episodes = 5435 | Evaluator Steps = 271750 | Final Dist = 0.830 | Final Dist 10 = 0.988 | Final Dist 100 = 1.336 | Final Dist 1000 = 1.475 | Init Dist = 1.414 | Init Dist 10 = 5.722 | Init Dist 100 = 6.365 | Init Dist 1000 = 5.923 | Learner Steps = 16618 | Learner Walltime = 3271.227 | Min Dist = 0.167 | Min Dist 10 = 0.084 | Min Dist 100 = 0.089 | Min Dist 1000 = 0.232 | Steps Per Second = 79.266 | Success = 1.000 | Success 1000 = 0.983
I0502 16:00:47.663826 139579566835264 terminal.py:91] [Evaluator] Actor Episodes = 21469 | Actor Steps = 1073450 | Delta Dist = 12.537 | Delta Dist 10 = 11.745 | Delta Dist 100 = 11.623 | Delta Dist 1000 = 11.363 | Episode Length = 50 | Episode Return = 22.0 | Evaluator Episodes = 5437 | Evaluator Steps = 271850 | Final Dist = 0.269 | Final Dist 10 = 1.061 | Final Dist 100 = 1.183 | Final Dist 1000 = 1.443 | Init Dist = 12.806 | Init Dist 10 = 12.806 | Init Dist 100 = 12.806 | Init Dist 1000 = 12.806 | Learner Steps = 16618 | Learner Walltime = 3271.227 | Min Dist = 0.183 | Min Dist 10 = 0.238 | Min Dist 100 = 0.443 | Min Dist 1000 = 0.714 | Steps Per Second = 85.626 | Success = 1.000 | Success 1000 = 0.909
I0502 16:00:48.076721 139555013154368 terminal.py:91] [Learner] Actor Episodes = 21473 | Actor Loss = 3.6186752319335938 | Actor Steps = 1073650 | Binary Accuracy = 0.9960799217224121 | Categorical Accuracy = 0.43231201171875 | Critic Loss = 1.8278851509094238 | Entropy Mean = -21.074230194091797 | Evaluator Episodes = 5437 | Evaluator Steps = 271850 | Learner Steps = 16624 | Learner Walltime = 3272.273 | Logits Neg = -17.008943557739258 | Logits Pos = -1.8350088596343994 | Logsumexp = 1.0508174896240234 | Steps Per Second = 785.253
I0502 16:00:48.877911 139579566835264 terminal.py:91] [Evaluator] Actor Episodes = 21477 | Actor Steps = 1073850 | Delta Dist = 12.220 | Delta Dist 10 = 11.847 | Delta Dist 100 = 11.629 | Delta Dist 1000 = 11.365 | Episode Length = 50 | Episode Return = 14.0 | Evaluator Episodes = 5439 | Evaluator Steps = 271950 | Final Dist = 0.586 | Final Dist 10 = 0.959 | Final Dist 100 = 1.177 | Final Dist 1000 = 1.441 | Init Dist = 12.806 | Init Dist 10 = 12.806 | Init Dist 100 = 12.806 | Init Dist 1000 = 12.806 | Learner Steps = 16624 | Learner Walltime = 3272.273 | Min Dist = 0.128 | Min Dist 10 = 0.246 | Min Dist 100 = 0.441 | Min Dist 1000 = 0.713 | Steps Per Second = 80.894 | Success = 1.000 | Success 1000 = 0.909
I0502 16:00:50.098597 139579566835264 terminal.py:91] [Evaluator] Actor Episodes = 21487 | Actor Steps = 1074350 | Delta Dist = 11.520 | Delta Dist 10 = 12.068 | Delta Dist 100 = 11.632 | Delta Dist 1000 = 11.366 | Episode Length = 50 | Episode Return = 8.0 | Evaluator Episodes = 5441 | Evaluator Steps = 272050 | Final Dist = 1.286 | Final Dist 10 = 0.739 | Final Dist 100 = 1.174 | Final Dist 1000 = 1.440 | Init Dist = 12.806 | Init Dist 10 = 12.806 | Init Dist 100 = 12.806 | Init Dist 1000 = 12.806 | Learner Steps = 16629 | Learner Walltime = 3273.391 | Min Dist = 0.213 | Min Dist 10 = 0.232 | Min Dist 100 = 0.440 | Min Dist 1000 = 0.712 | Steps Per Second = 81.189 | Success = 1.000 | Success 1000 = 0.909
I0502 16:00:50.958791 139584504182336 lp_utils.py:96] StepsLimiter: Reached 1074650 recorded steps
I0502 16:00:51.255882 139579566835264 terminal.py:91] [Evaluator] Actor Episodes = 21495 | Actor Steps = 1074750 | Delta Dist = 11.339 | Delta Dist 10 = 12.107 | Delta Dist 100 = 11.641 | Delta Dist 1000 = 11.367 | Episode Length = 50 | Episode Return = 18.0 | Evaluator Episodes = 5443 | Evaluator Steps = 272150 | Final Dist = 1.467 | Final Dist 10 = 0.699 | Final Dist 100 = 1.165 | Final Dist 1000 = 1.440 | Init Dist = 12.806 | Init Dist 10 = 12.806 | Init Dist 100 = 12.806 | Init Dist 1000 = 12.806 | Learner Steps = 16635 | Learner Walltime = 3274.548 | Min Dist = 0.059 | Min Dist 10 = 0.212 | Min Dist 100 = 0.435 | Min Dist 1000 = 0.712 | Steps Per Second = 91.235 | Success = 1.000 | Success 1000 = 0.909
I0502 16:00:52.316096 139558059398720 terminal.py:91] [Actor] Actor Episodes = 21503 | Actor Steps = 1075150 | Delta Dist = 7.829 | Delta Dist 10 = 6.007 | Delta Dist 100 = 4.945 | Delta Dist 1000 = 4.436 | Episode Length = 50 | Episode Return = 33.0 | Evaluator Episodes = 5443 | Evaluator Steps = 272150 | Final Dist = 0.233 | Final Dist 10 = 0.802 | Final Dist 100 = 1.368 | Final Dist 1000 = 1.492 | Init Dist = 8.062 | Init Dist 10 = 6.809 | Init Dist 100 = 6.313 | Init Dist 1000 = 5.928 | Learner Steps = 16640 | Learner Walltime = 3275.582 | Min Dist = 0.067 | Min Dist 10 = 0.100 | Min Dist 100 = 0.122 | Min Dist 1000 = 0.235 | Steps Per Second = 82.489 | Success = 1.000 | Success 1000 = 0.983
I0502 16:00:52.397217 139579566835264 terminal.py:91] [Evaluator] Actor Episodes = 21503 | Actor Steps = 1075150 | Delta Dist = 11.427 | Delta Dist 10 = 12.036 | Delta Dist 100 = 11.651 | Delta Dist 1000 = 11.373 | Episode Length = 50 | Episode Return = 17.0 | Evaluator Episodes = 5445 | Evaluator Steps = 272250 | Final Dist = 1.379 | Final Dist 10 = 0.770 | Final Dist 100 = 1.156 | Final Dist 1000 = 1.433 | Init Dist = 12.806 | Init Dist 10 = 12.806 | Init Dist 100 = 12.806 | Init Dist 1000 = 12.806 | Learner Steps = 16640 | Learner Walltime = 3275.582 | Min Dist = 0.368 | Min Dist 10 = 0.236 | Min Dist 100 = 0.417 | Min Dist 1000 = 0.706 | Steps Per Second = 91.134 | Success = 1.000 | Success 1000 = 0.910
I0502 16:00:53.675275 139584635659840 savers.py:156] Saving checkpoint: logs/contrastive_cpc_point_FourRooms_64/5dd72662-2788-11f0-b183-d85ed38c5779/checkpoints/counter
I0502 16:00:53.696346 139579566835264 terminal.py:91] [Evaluator] Actor Episodes = 21511 | Actor Steps = 1075550 | Delta Dist = 11.804 | Delta Dist 10 = 11.367 | Delta Dist 100 = 11.569 | Delta Dist 1000 = 11.366 | Episode Length = 50 | Episode Return = 27.0 | Evaluator Episodes = 5447 | Evaluator Steps = 272350 | Final Dist = 1.002 | Final Dist 10 = 1.439 | Final Dist 100 = 1.237 | Final Dist 1000 = 1.440 | Init Dist = 12.806 | Init Dist 10 = 12.806 | Init Dist 100 = 12.806 | Init Dist 1000 = 12.806 | Learner Steps = 16652 | Learner Walltime = 3277.694 | Min Dist = 0.010 | Min Dist 10 = 0.854 | Min Dist 100 = 0.487 | Min Dist 1000 = 0.713 | Steps Per Second = 82.527 | Success = 1.000 | Success 1000 = 0.909
I0502 16:00:53.773822 139583350109760 savers.py:156] Saving checkpoint: logs/contrastive_cpc_point_FourRooms_64/5dd72662-2788-11f0-b183-d85ed38c5779/checkpoints/learner
I0502 16:00:54.959704 139579566835264 terminal.py:91] [Evaluator] Actor Episodes = 21519 | Actor Steps = 1075950 | Delta Dist = 11.570 | Delta Dist 10 = 11.253 | Delta Dist 100 = 11.570 | Delta Dist 1000 = 11.367 | Episode Length = 50 | Episode Return = 3.0 | Evaluator Episodes = 5449 | Evaluator Steps = 272450 | Final Dist = 1.236 | Final Dist 10 = 1.553 | Final Dist 100 = 1.236 | Final Dist 1000 = 1.439 | Init Dist = 12.806 | Init Dist 10 = 12.806 | Init Dist 100 = 12.806 | Init Dist 1000 = 12.806 | Learner Steps = 16657 | Learner Walltime = 3278.944 | Min Dist = 0.463 | Min Dist 10 = 0.844 | Min Dist 100 = 0.484 | Min Dist 1000 = 0.712 | Steps Per Second = 83.782 | Success = 1.000 | Success 1000 = 0.909
I0502 16:00:55.303725 139555860620864 terminal.py:91] [Actor] Actor Episodes = 21521 | Actor Steps = 1076050 | Delta Dist = 5.931 | Delta Dist 10 = 5.759 | Delta Dist 100 = 5.126 | Delta Dist 1000 = 4.461 | Episode Length = 50 | Episode Return = 45.0 | Evaluator Episodes = 5449 | Evaluator Steps = 272450 | Final Dist = 0.778 | Final Dist 10 = 1.104 | Final Dist 100 = 1.249 | Final Dist 1000 = 1.486 | Init Dist = 6.708 | Init Dist 10 = 6.863 | Init Dist 100 = 6.375 | Init Dist 1000 = 5.947 | Learner Steps = 16657 | Learner Walltime = 3278.944 | Min Dist = 0.778 | Min Dist 10 = 0.055 | Min Dist 100 = 0.120 | Min Dist 1000 = 0.235 | Steps Per Second = 81.393 | Success = 1.000 | Success 1000 = 0.983
I0502 16:00:56.144971 139579566835264 terminal.py:91] [Evaluator] Actor Episodes = 21527 | Actor Steps = 1076350 | Delta Dist = 11.823 | Delta Dist 10 = 11.109 | Delta Dist 100 = 11.587 | Delta Dist 1000 = 11.367 | Episode Length = 50 | Episode Return = 10.0 | Evaluator Episodes = 5451 | Evaluator Steps = 272550 | Final Dist = 0.983 | Final Dist 10 = 1.698 | Final Dist 100 = 1.219 | Final Dist 1000 = 1.440 | Init Dist = 12.806 | Init Dist 10 = 12.806 | Init Dist 100 = 12.806 | Init Dist 1000 = 12.806 | Learner Steps = 16664 | Learner Walltime = 3280.249 | Min Dist = 0.492 | Min Dist 10 = 0.873 | Min Dist 100 = 0.464 | Min Dist 1000 = 0.712 | Steps Per Second = 83.010 | Success = 1.000 | Success 1000 = 0.910
I0502 16:00:56.261606 139569349502528 terminal.py:91] [Actor] Actor Episodes = 21524 | Actor Steps = 1076200 | Delta Dist = 4.963 | Delta Dist 10 = 5.206 | Delta Dist 100 = 4.901 | Delta Dist 1000 = 4.466 | Episode Length = 50 | Episode Return = 33.0 | Evaluator Episodes = 5449 | Evaluator Steps = 272450 | Final Dist = 0.694 | Final Dist 10 = 0.956 | Final Dist 100 = 1.301 | Final Dist 1000 = 1.489 | Init Dist = 5.657 | Init Dist 10 = 6.162 | Init Dist 100 = 6.202 | Init Dist 1000 = 5.955 | Learner Steps = 16657 | Learner Walltime = 3278.944 | Min Dist = 0.037 | Min Dist 10 = 0.105 | Min Dist 100 = 0.121 | Min Dist 1000 = 0.235 | Steps Per Second = 75.549 | Success = 1.000 | Success 1000 = 0.983
I0502 16:00:57.421498 139579566835264 terminal.py:91] [Evaluator] Actor Episodes = 21533 | Actor Steps = 1076650 | Delta Dist = 12.466 | Delta Dist 10 = 11.143 | Delta Dist 100 = 11.586 | Delta Dist 1000 = 11.368 | Episode Length = 50 | Episode Return = 8.0 | Evaluator Episodes = 5453 | Evaluator Steps = 272650 | Final Dist = 0.340 | Final Dist 10 = 1.663 | Final Dist 100 = 1.220 | Final Dist 1000 = 1.438 | Init Dist = 12.806 | Init Dist 10 = 12.806 | Init Dist 100 = 12.806 | Init Dist 1000 = 12.806 | Learner Steps = 16670 | Learner Walltime = 3281.514 | Min Dist = 0.246 | Min Dist 10 = 0.913 | Min Dist 100 = 0.465 | Min Dist 1000 = 0.712 | Steps Per Second = 79.734 | Success = 1.000 | Success 1000 = 0.910
I0502 16:00:57.782907 139557462840896 terminal.py:91] [Actor] Actor Episodes = 21534 | Actor Steps = 1076700 | Delta Dist = 0.935 | Delta Dist 10 = 3.986 | Delta Dist 100 = 4.760 | Delta Dist 1000 = 4.456 | Episode Length = 50 | Episode Return = 30.0 | Evaluator Episodes = 5451 | Evaluator Steps = 272550 | Final Dist = 1.065 | Final Dist 10 = 0.710 | Final Dist 100 = 1.276 | Final Dist 1000 = 1.479 | Init Dist = 2.000 | Init Dist 10 = 4.696 | Init Dist 100 = 6.036 | Init Dist 1000 = 5.935 | Learner Steps = 16664 | Learner Walltime = 3280.249 | Min Dist = 0.008 | Min Dist 10 = 0.080 | Min Dist 100 = 0.123 | Min Dist 1000 = 0.234 | Steps Per Second = 81.101 | Success = 1.000 | Success 1000 = 0.983
I0502 16:00:58.170507 139555013154368 terminal.py:91] [Learner] Actor Episodes = 21533 | Actor Loss = 3.577496290206909 | Actor Steps = 1076650 | Binary Accuracy = 0.9960339069366455 | Categorical Accuracy = 0.4359130859375 | Critic Loss = 1.8340988159179688 | Entropy Mean = -17.366405487060547 | Evaluator Episodes = 5451 | Evaluator Steps = 272550 | Learner Steps = 16675 | Learner Walltime = 3282.369 | Logits Neg = -16.505977630615234 | Logits Pos = -1.786514401435852 | Logsumexp = 1.1376020908355713 | Steps Per Second = 349.496
I0502 16:00:58.714836 139579566835264 terminal.py:91] [Evaluator] Actor Episodes = 21543 | Actor Steps = 1077150 | Delta Dist = 11.874 | Delta Dist 10 = 11.247 | Delta Dist 100 = 11.601 | Delta Dist 1000 = 11.376 | Episode Length = 50 | Episode Return = 15.0 | Evaluator Episodes = 5455 | Evaluator Steps = 272750 | Final Dist = 0.933 | Final Dist 10 = 1.560 | Final Dist 100 = 1.206 | Final Dist 1000 = 1.430 | Init Dist = 12.806 | Init Dist 10 = 12.806 | Init Dist 100 = 12.806 | Init Dist 1000 = 12.806 | Learner Steps = 16676 | Learner Walltime = 3282.817 | Min Dist = 0.122 | Min Dist 10 = 0.916 | Min Dist 100 = 0.464 | Min Dist 1000 = 0.705 | Steps Per Second = 76.004 | Success = 1.000 | Success 1000 = 0.911
I0502 16:00:59.989452 139579566835264 terminal.py:91] [Evaluator] Actor Episodes = 21551 | Actor Steps = 1077550 | Delta Dist = 11.386 | Delta Dist 10 = 11.947 | Delta Dist 100 = 11.595 | Delta Dist 1000 = 11.375 | Episode Length = 50 | Episode Return = 23.0 | Evaluator Episodes = 5457 | Evaluator Steps = 272850 | Final Dist = 1.420 | Final Dist 10 = 0.859 | Final Dist 100 = 1.211 | Final Dist 1000 = 1.431 | Init Dist = 12.806 | Init Dist 10 = 12.806 | Init Dist 100 = 12.806 | Init Dist 1000 = 12.806 | Learner Steps = 16682 | Learner Walltime = 3284.055 | Min Dist = 0.137 | Min Dist 10 = 0.221 | Min Dist 100 = 0.464 | Min Dist 1000 = 0.705 | Steps Per Second = 77.137 | Success = 1.000 | Success 1000 = 0.911
I0502 16:01:00.974954 139584504182336 lp_utils.py:96] StepsLimiter: Reached 1077850 recorded steps
I0502 16:01:01.078050 139579566835264 terminal.py:91] [Evaluator] Actor Episodes = 21559 | Actor Steps = 1077950 | Delta Dist = 12.131 | Delta Dist 10 = 11.857 | Delta Dist 100 = 11.585 | Delta Dist 1000 = 11.374 | Episode Length = 50 | Episode Return = 27.0 | Evaluator Episodes = 5459 | Evaluator Steps = 272950 | Final Dist = 0.675 | Final Dist 10 = 0.949 | Final Dist 100 = 1.221 | Final Dist 1000 = 1.432 | Init Dist = 12.806 | Init Dist 10 = 12.806 | Init Dist 100 = 12.806 | Init Dist 1000 = 12.806 | Learner Steps = 16688 | Learner Walltime = 3285.097 | Min Dist = 0.077 | Min Dist 10 = 0.225 | Min Dist 100 = 0.463 | Min Dist 1000 = 0.704 | Steps Per Second = 93.214 | Success = 1.000 | Success 1000 = 0.911
I0502 16:01:02.194085 139579566835264 terminal.py:91] [Evaluator] Actor Episodes = 21565 | Actor Steps = 1078250 | Delta Dist = 11.782 | Delta Dist 10 = 11.921 | Delta Dist 100 = 11.587 | Delta Dist 1000 = 11.375 | Episode Length = 50 | Episode Return = 4.0 | Evaluator Episodes = 5461 | Evaluator Steps = 273050 | Final Dist = 1.024 | Final Dist 10 = 0.885 | Final Dist 100 = 1.220 | Final Dist 1000 = 1.431 | Init Dist = 12.806 | Init Dist 10 = 12.806 | Init Dist 100 = 12.806 | Init Dist 1000 = 12.806 | Learner Steps = 16693 | Learner Walltime = 3286.251 | Min Dist = 0.308 | Min Dist 10 = 0.212 | Min Dist 100 = 0.459 | Min Dist 1000 = 0.704 | Steps Per Second = 91.578 | Success = 1.000 | Success 1000 = 0.911
I0502 16:01:02.879868 139558059398720 terminal.py:91] [Actor] Actor Episodes = 21568 | Actor Steps = 1078400 | Delta Dist = 1.817 | Delta Dist 10 = 2.746 | Delta Dist 100 = 4.690 | Delta Dist 1000 = 4.440 | Episode Length = 50 | Episode Return = 48.0 | Evaluator Episodes = 5461 | Evaluator Steps = 273050 | Final Dist = 0.183 | Final Dist 10 = 2.230 | Final Dist 100 = 1.211 | Final Dist 1000 = 1.485 | Init Dist = 2.000 | Init Dist 10 = 4.977 | Init Dist 100 = 5.901 | Init Dist 1000 = 5.925 | Learner Steps = 16693 | Learner Walltime = 3286.251 | Min Dist = 0.182 | Min Dist 10 = 0.043 | Min Dist 100 = 0.123 | Min Dist 1000 = 0.231 | Steps Per Second = 82.491 | Success = 1.000 | Success 1000 = 0.984
I0502 16:01:03.403704 139579566835264 terminal.py:91] [Evaluator] Actor Episodes = 21573 | Actor Steps = 1078650 | Delta Dist = 11.820 | Delta Dist 10 = 11.903 | Delta Dist 100 = 11.626 | Delta Dist 1000 = 11.375 | Episode Length = 50 | Episode Return = 22.0 | Evaluator Episodes = 5463 | Evaluator Steps = 273150 | Final Dist = 0.986 | Final Dist 10 = 0.904 | Final Dist 100 = 1.180 | Final Dist 1000 = 1.431 | Init Dist = 12.806 | Init Dist 10 = 12.806 | Init Dist 100 = 12.806 | Init Dist 1000 = 12.806 | Learner Steps = 16693 | Learner Walltime = 3286.251 | Min Dist = 0.129 | Min Dist 10 = 0.185 | Min Dist 100 = 0.428 | Min Dist 1000 = 0.703 | Steps Per Second = 84.491 | Success = 1.000 | Success 1000 = 0.912
I0502 16:01:04.633567 139579566835264 terminal.py:91] [Evaluator] Actor Episodes = 21581 | Actor Steps = 1079050 | Delta Dist = 11.723 | Delta Dist 10 = 11.822 | Delta Dist 100 = 11.627 | Delta Dist 1000 = 11.383 | Episode Length = 50 | Episode Return = 13.0 | Evaluator Episodes = 5465 | Evaluator Steps = 273250 | Final Dist = 1.083 | Final Dist 10 = 0.985 | Final Dist 100 = 1.179 | Final Dist 1000 = 1.424 | Init Dist = 12.806 | Init Dist 10 = 12.806 | Init Dist 100 = 12.806 | Init Dist 1000 = 12.806 | Learner Steps = 16701 | Learner Walltime = 3287.736 | Min Dist = 0.642 | Min Dist 10 = 0.179 | Min Dist 100 = 0.426 | Min Dist 1000 = 0.697 | Steps Per Second = 88.425 | Success = 1.000 | Success 1000 = 0.913
I0502 16:01:05.734408 139555860620864 terminal.py:91] [Actor] Actor Episodes = 21586 | Actor Steps = 1079300 | Delta Dist = 7.886 | Delta Dist 10 = 4.674 | Delta Dist 100 = 4.577 | Delta Dist 1000 = 4.450 | Episode Length = 50 | Episode Return = 42.0 | Evaluator Episodes = 5465 | Evaluator Steps = 273250 | Final Dist = 0.658 | Final Dist 10 = 0.591 | Final Dist 100 = 1.109 | Final Dist 1000 = 1.459 | Init Dist = 8.544 | Init Dist 10 = 5.266 | Init Dist 100 = 5.686 | Init Dist 1000 = 5.910 | Learner Steps = 16707 | Learner Walltime = 3288.866 | Min Dist = 0.245 | Min Dist 10 = 0.012 | Min Dist 100 = 0.075 | Min Dist 1000 = 0.230 | Steps Per Second = 107.006 | Success = 1.000 | Success 1000 = 0.984
I0502 16:01:05.781088 139579566835264 terminal.py:91] [Evaluator] Actor Episodes = 21587 | Actor Steps = 1079350 | Delta Dist = 11.624 | Delta Dist 10 = 11.804 | Delta Dist 100 = 11.625 | Delta Dist 1000 = 11.389 | Episode Length = 50 | Episode Return = 8.0 | Evaluator Episodes = 5467 | Evaluator Steps = 273350 | Final Dist = 1.182 | Final Dist 10 = 1.002 | Final Dist 100 = 1.181 | Final Dist 1000 = 1.417 | Init Dist = 12.806 | Init Dist 10 = 12.806 | Init Dist 100 = 12.806 | Init Dist 1000 = 12.806 | Learner Steps = 16707 | Learner Walltime = 3288.866 | Min Dist = 0.150 | Min Dist 10 = 0.248 | Min Dist 100 = 0.435 | Min Dist 1000 = 0.691 | Steps Per Second = 85.297 | Success = 1.000 | Success 1000 = 0.914
I0502 16:01:06.319243 139569349502528 terminal.py:91] [Actor] Actor Episodes = 21588 | Actor Steps = 1079400 | Delta Dist = 6.093 | Delta Dist 10 = 5.985 | Delta Dist 100 = 4.605 | Delta Dist 1000 = 4.455 | Episode Length = 50 | Episode Return = 24.0 | Evaluator Episodes = 5465 | Evaluator Steps = 273250 | Final Dist = 0.310 | Final Dist 10 = 0.681 | Final Dist 100 = 1.125 | Final Dist 1000 = 1.460 | Init Dist = 6.403 | Init Dist 10 = 6.667 | Init Dist 100 = 5.730 | Init Dist 1000 = 5.915 | Learner Steps = 16707 | Learner Walltime = 3288.866 | Min Dist = 0.068 | Min Dist 10 = 0.057 | Min Dist 100 = 0.075 | Min Dist 1000 = 0.229 | Steps Per Second = 84.713 | Success = 1.000 | Success 1000 = 0.984
I0502 16:01:06.970039 139579566835264 terminal.py:91] [Evaluator] Actor Episodes = 21596 | Actor Steps = 1079800 | Delta Dist = 4.376 | Delta Dist 10 = 11.155 | Delta Dist 100 = 11.559 | Delta Dist 1000 = 11.382 | Episode Length = 50 | Episode Return = 0.0 | Evaluator Episodes = 5469 | Evaluator Steps = 273450 | Final Dist = 8.430 | Final Dist 10 = 1.651 | Final Dist 100 = 1.248 | Final Dist 1000 = 1.425 | Init Dist = 12.806 | Init Dist 10 = 12.806 | Init Dist 100 = 12.806 | Init Dist 1000 = 12.806 | Learner Steps = 16718 | Learner Walltime = 3291.070 | Min Dist = 7.129 | Min Dist 10 = 0.984 | Min Dist 100 = 0.506 | Min Dist 1000 = 0.698 | Steps Per Second = 80.970 | Success = 0.000 | Success 1000 = 0.913
I0502 16:01:08.159902 139579566835264 terminal.py:91] [Evaluator] Actor Episodes = 21604 | Actor Steps = 1080200 | Delta Dist = 11.880 | Delta Dist 10 = 10.390 | Delta Dist 100 = 11.490 | Delta Dist 1000 = 11.373 | Episode Length = 50 | Episode Return = 12.0 | Evaluator Episodes = 5471 | Evaluator Steps = 273550 | Final Dist = 0.926 | Final Dist 10 = 2.416 | Final Dist 100 = 1.316 | Final Dist 1000 = 1.433 | Init Dist = 12.806 | Init Dist 10 = 12.806 | Init Dist 100 = 12.806 | Init Dist 1000 = 12.806 | Learner Steps = 16718 | Learner Walltime = 3291.070 | Min Dist = 0.077 | Min Dist 10 = 1.682 | Min Dist 100 = 0.577 | Min Dist 1000 = 0.705 | Steps Per Second = 82.692 | Success = 1.000 | Success 1000 = 0.912
I0502 16:01:08.205413 139557462840896 terminal.py:91] [Actor] Actor Episodes = 21608 | Actor Steps = 1080400 | Delta Dist = 7.577 | Delta Dist 10 = 3.470 | Delta Dist 100 = 4.262 | Delta Dist 1000 = 4.443 | Episode Length = 50 | Episode Return = 36.0 | Evaluator Episodes = 5471 | Evaluator Steps = 273550 | Final Dist = 0.967 | Final Dist 10 = 1.263 | Final Dist 100 = 1.197 | Final Dist 1000 = 1.457 | Init Dist = 8.544 | Init Dist 10 = 4.732 | Init Dist 100 = 5.459 | Init Dist 1000 = 5.901 | Learner Steps = 16718 | Learner Walltime = 3291.070 | Min Dist = 0.967 | Min Dist 10 = 0.054 | Min Dist 100 = 0.070 | Min Dist 1000 = 0.223 | Steps Per Second = 99.040 | Success = 1.000 | Success 1000 = 0.985
I0502 16:01:08.297223 139555013154368 terminal.py:91] [Learner] Actor Episodes = 21608 | Actor Loss = 3.702444553375244 | Actor Steps = 1080400 | Binary Accuracy = 0.9959495067596436 | Categorical Accuracy = 0.42303466796875 | Critic Loss = 1.899413824081421 | Entropy Mean = -18.888809204101562 | Evaluator Episodes = 5471 | Evaluator Steps = 273550 | Learner Steps = 16726 | Learner Walltime = 3292.492 | Logits Neg = -16.585020065307617 | Logits Pos = -1.889538288116455 | Logsumexp = 1.2906379699707031 | Steps Per Second = 145.077
I0502 16:01:09.399776 139579566835264 terminal.py:91] [Evaluator] Actor Episodes = 21614 | Actor Steps = 1080700 | Delta Dist = 12.221 | Delta Dist 10 = 10.404 | Delta Dist 100 = 11.559 | Delta Dist 1000 = 11.372 | Episode Length = 50 | Episode Return = 30.0 | Evaluator Episodes = 5473 | Evaluator Steps = 273650 | Final Dist = 0.585 | Final Dist 10 = 2.402 | Final Dist 100 = 1.247 | Final Dist 1000 = 1.434 | Init Dist = 12.806 | Init Dist 10 = 12.806 | Init Dist 100 = 12.806 | Init Dist 1000 = 12.806 | Learner Steps = 16726 | Learner Walltime = 3292.492 | Min Dist = 0.021 | Min Dist 10 = 1.651 | Min Dist 100 = 0.517 | Min Dist 1000 = 0.705 | Steps Per Second = 83.418 | Success = 1.000 | Success 1000 = 0.912
I0502 16:01:10.601364 139579566835264 terminal.py:91] [Evaluator] Actor Episodes = 21620 | Actor Steps = 1081000 | Delta Dist = 11.220 | Delta Dist 10 = 10.429 | Delta Dist 100 = 11.561 | Delta Dist 1000 = 11.373 | Episode Length = 50 | Episode Return = 10.0 | Evaluator Episodes = 5475 | Evaluator Steps = 273750 | Final Dist = 1.587 | Final Dist 10 = 2.377 | Final Dist 100 = 1.245 | Final Dist 1000 = 1.433 | Init Dist = 12.806 | Init Dist 10 = 12.806 | Init Dist 100 = 12.806 | Init Dist 1000 = 12.806 | Learner Steps = 16738 | Learner Walltime = 3294.710 | Min Dist = 0.207 | Min Dist 10 = 1.638 | Min Dist 100 = 0.513 | Min Dist 1000 = 0.705 | Steps Per Second = 83.147 | Success = 1.000 | Success 1000 = 0.912
I0502 16:01:10.994719 139584504182336 lp_utils.py:96] StepsLimiter: Reached 1081200 recorded steps
I0502 16:01:11.773934 139579566835264 terminal.py:91] [Evaluator] Actor Episodes = 21628 | Actor Steps = 1081400 | Delta Dist = 11.613 | Delta Dist 10 = 10.372 | Delta Dist 100 = 11.555 | Delta Dist 1000 = 11.372 | Episode Length = 50 | Episode Return = 9.0 | Evaluator Episodes = 5477 | Evaluator Steps = 273850 | Final Dist = 1.193 | Final Dist 10 = 2.434 | Final Dist 100 = 1.252 | Final Dist 1000 = 1.434 | Init Dist = 12.806 | Init Dist 10 = 12.806 | Init Dist 100 = 12.806 | Init Dist 1000 = 12.806 | Learner Steps = 16744 | Learner Walltime = 3295.814 | Min Dist = 0.134 | Min Dist 10 = 1.558 | Min Dist 100 = 0.505 | Min Dist 1000 = 0.705 | Steps Per Second = 89.369 | Success = 1.000 | Success 1000 = 0.912
I0502 16:01:12.979483 139579566835264 terminal.py:91] [Evaluator] Actor Episodes = 21636 | Actor Steps = 1081800 | Delta Dist = 11.354 | Delta Dist 10 = 11.076 | Delta Dist 100 = 11.537 | Delta Dist 1000 = 11.371 | Episode Length = 50 | Episode Return = 15.0 | Evaluator Episodes = 5479 | Evaluator Steps = 273950 | Final Dist = 1.452 | Final Dist 10 = 1.730 | Final Dist 100 = 1.269 | Final Dist 1000 = 1.435 | Init Dist = 12.806 | Init Dist 10 = 12.806 | Init Dist 100 = 12.806 | Init Dist 1000 = 12.806 | Learner Steps = 16748 | Learner Walltime = 3296.912 | Min Dist = 0.218 | Min Dist 10 = 0.828 | Min Dist 100 = 0.505 | Min Dist 1000 = 0.705 | Steps Per Second = 85.572 | Success = 1.000 | Success 1000 = 0.912
I0502 16:01:13.243259 139558059398720 terminal.py:91] [Actor] Actor Episodes = 21638 | Actor Steps = 1081900 | Delta Dist = 3.751 | Delta Dist 10 = 4.599 | Delta Dist 100 = 4.161 | Delta Dist 1000 = 4.442 | Episode Length = 50 | Episode Return = 39.0 | Evaluator Episodes = 5479 | Evaluator Steps = 273950 | Final Dist = 0.372 | Final Dist 10 = 2.507 | Final Dist 100 = 1.479 | Final Dist 1000 = 1.461 | Init Dist = 4.123 | Init Dist 10 = 7.106 | Init Dist 100 = 5.640 | Init Dist 1000 = 5.904 | Learner Steps = 16748 | Learner Walltime = 3296.912 | Min Dist = 0.089 | Min Dist 10 = 0.125 | Min Dist 100 = 0.072 | Min Dist 1000 = 0.219 | Steps Per Second = 78.328 | Success = 1.000 | Success 1000 = 0.985
I0502 16:01:14.150446 139579566835264 terminal.py:91] [Evaluator] Actor Episodes = 21644 | Actor Steps = 1082200 | Delta Dist = 11.539 | Delta Dist 10 = 11.753 | Delta Dist 100 = 11.535 | Delta Dist 1000 = 11.379 | Episode Length = 50 | Episode Return = 21.0 | Evaluator Episodes = 5481 | Evaluator Steps = 274050 | Final Dist = 1.268 | Final Dist 10 = 1.054 | Final Dist 100 = 1.271 | Final Dist 1000 = 1.428 | Init Dist = 12.806 | Init Dist 10 = 12.806 | Init Dist 100 = 12.806 | Init Dist 1000 = 12.806 | Learner Steps = 16754 | Learner Walltime = 3298.144 | Min Dist = 0.270 | Min Dist 10 = 0.120 | Min Dist 100 = 0.503 | Min Dist 1000 = 0.697 | Steps Per Second = 91.515 | Success = 1.000 | Success 1000 = 0.913
I0502 16:01:15.316989 139579566835264 terminal.py:91] [Evaluator] Actor Episodes = 21652 | Actor Steps = 1082600 | Delta Dist = 11.515 | Delta Dist 10 = 11.664 | Delta Dist 100 = 11.536 | Delta Dist 1000 = 11.379 | Episode Length = 50 | Episode Return = 4.0 | Evaluator Episodes = 5483 | Evaluator Steps = 274150 | Final Dist = 1.292 | Final Dist 10 = 1.142 | Final Dist 100 = 1.270 | Final Dist 1000 = 1.427 | Init Dist = 12.806 | Init Dist 10 = 12.806 | Init Dist 100 = 12.806 | Init Dist 1000 = 12.806 | Learner Steps = 16761 | Learner Walltime = 3299.381 | Min Dist = 0.291 | Min Dist 10 = 0.139 | Min Dist 100 = 0.500 | Min Dist 1000 = 0.697 | Steps Per Second = 83.125 | Success = 1.000 | Success 1000 = 0.913
I0502 16:01:15.833363 139555860620864 terminal.py:91] [Actor] Actor Episodes = 21653 | Actor Steps = 1082650 | Delta Dist = 7.259 | Delta Dist 10 = 3.338 | Delta Dist 100 = 3.878 | Delta Dist 1000 = 4.432 | Episode Length = 50 | Episode Return = 50.0 | Evaluator Episodes = 5481 | Evaluator Steps = 274050 | Final Dist = 0.357 | Final Dist 10 = 2.373 | Final Dist 100 = 1.626 | Final Dist 1000 = 1.452 | Init Dist = 7.616 | Init Dist 10 = 5.711 | Init Dist 100 = 5.504 | Init Dist 1000 = 5.884 | Learner Steps = 16761 | Learner Walltime = 3299.381 | Min Dist = 0.041 | Min Dist 10 = 0.148 | Min Dist 100 = 0.087 | Min Dist 1000 = 0.214 | Steps Per Second = 86.529 | Success = 1.000 | Success 1000 = 0.986
I0502 16:01:16.569497 139579566835264 terminal.py:91] [Evaluator] Actor Episodes = 21660 | Actor Steps = 1083000 | Delta Dist = 11.487 | Delta Dist 10 = 10.956 | Delta Dist 100 = 11.457 | Delta Dist 1000 = 11.374 | Episode Length = 50 | Episode Return = 6.0 | Evaluator Episodes = 5485 | Evaluator Steps = 274250 | Final Dist = 1.320 | Final Dist 10 = 1.850 | Final Dist 100 = 1.350 | Final Dist 1000 = 1.432 | Init Dist = 12.806 | Init Dist 10 = 12.806 | Init Dist 100 = 12.806 | Init Dist 1000 = 12.806 | Learner Steps = 16768 | Learner Walltime = 3300.647 | Min Dist = 0.160 | Min Dist 10 = 0.855 | Min Dist 100 = 0.569 | Min Dist 1000 = 0.704 | Steps Per Second = 75.646 | Success = 1.000 | Success 1000 = 0.912
I0502 16:01:16.936951 139569349502528 terminal.py:91] [Actor] Actor Episodes = 21659 | Actor Steps = 1082950 | Delta Dist = 2.387 | Delta Dist 10 = 2.218 | Delta Dist 100 = 3.837 | Delta Dist 1000 = 4.431 | Episode Length = 50 | Episode Return = 22.0 | Evaluator Episodes = 5483 | Evaluator Steps = 274150 | Final Dist = 1.219 | Final Dist 10 = 3.802 | Final Dist 100 = 1.755 | Final Dist 1000 = 1.459 | Init Dist = 3.606 | Init Dist 10 = 6.020 | Init Dist 100 = 5.592 | Init Dist 1000 = 5.890 | Learner Steps = 16761 | Learner Walltime = 3299.381 | Min Dist = 0.077 | Min Dist 10 = 0.146 | Min Dist 100 = 0.093 | Min Dist 1000 = 0.213 | Steps Per Second = 76.960 | Success = 1.000 | Success 1000 = 0.986
I0502 16:01:17.738217 139579566835264 terminal.py:91] [Evaluator] Actor Episodes = 21666 | Actor Steps = 1083300 | Delta Dist = 11.901 | Delta Dist 10 = 11.063 | Delta Dist 100 = 11.458 | Delta Dist 1000 = 11.373 | Episode Length = 50 | Episode Return = 19.0 | Evaluator Episodes = 5487 | Evaluator Steps = 274350 | Final Dist = 0.905 | Final Dist 10 = 1.743 | Final Dist 100 = 1.349 | Final Dist 1000 = 1.433 | Init Dist = 12.806 | Init Dist 10 = 12.806 | Init Dist 100 = 12.806 | Init Dist 1000 = 12.806 | Learner Steps = 16774 | Learner Walltime = 3301.774 | Min Dist = 0.319 | Min Dist 10 = 0.860 | Min Dist 100 = 0.566 | Min Dist 1000 = 0.704 | Steps Per Second = 83.289 | Success = 1.000 | Success 1000 = 0.912
I0502 16:01:18.222804 139557462840896 terminal.py:91] [Actor] Actor Episodes = 21672 | Actor Steps = 1083600 | Delta Dist = 6.813 | Delta Dist 10 = 3.110 | Delta Dist 100 = 3.877 | Delta Dist 1000 = 4.421 | Episode Length = 50 | Episode Return = 28.0 | Evaluator Episodes = 5487 | Evaluator Steps = 274350 | Final Dist = 0.187 | Final Dist 10 = 2.217 | Final Dist 100 = 1.711 | Final Dist 1000 = 1.460 | Init Dist = 7.000 | Init Dist 10 = 5.327 | Init Dist 100 = 5.588 | Init Dist 1000 = 5.881 | Learner Steps = 16774 | Learner Walltime = 3301.774 | Min Dist = 0.150 | Min Dist 10 = 1.229 | Min Dist 100 = 0.209 | Min Dist 1000 = 0.224 | Steps Per Second = 78.008 | Success = 1.000 | Success 1000 = 0.986
I0502 16:01:18.714859 139555013154368 terminal.py:91] [Learner] Actor Episodes = 21674 | Actor Loss = 3.629101037979126 | Actor Steps = 1083700 | Binary Accuracy = 0.9960730075836182 | Categorical Accuracy = 0.4150390625 | Critic Loss = 1.8927305936813354 | Entropy Mean = -19.651430130004883 | Evaluator Episodes = 5487 | Evaluator Steps = 274350 | Learner Steps = 16779 | Learner Walltime = 3302.910 | Logits Neg = -16.598657608032227 | Logits Pos = -1.8767577409744263 | Logsumexp = 1.1794450283050537 | Steps Per Second = 148.238
I0502 16:01:18.887746 139579566835264 terminal.py:91] [Evaluator] Actor Episodes = 21674 | Actor Steps = 1083700 | Delta Dist = 11.613 | Delta Dist 10 = 11.083 | Delta Dist 100 = 11.455 | Delta Dist 1000 = 11.374 | Episode Length = 50 | Episode Return = 14.0 | Evaluator Episodes = 5489 | Evaluator Steps = 274450 | Final Dist = 1.193 | Final Dist 10 = 1.723 | Final Dist 100 = 1.351 | Final Dist 1000 = 1.432 | Init Dist = 12.806 | Init Dist 10 = 12.806 | Init Dist 100 = 12.806 | Init Dist 1000 = 12.806 | Learner Steps = 16779 | Learner Walltime = 3302.910 | Min Dist = 0.337 | Min Dist 10 = 0.889 | Min Dist 100 = 0.569 | Min Dist 1000 = 0.704 | Steps Per Second = 90.495 | Success = 1.000 | Success 1000 = 0.912
I0502 16:01:20.084281 139579566835264 terminal.py:91] [Evaluator] Actor Episodes = 21682 | Actor Steps = 1084100 | Delta Dist = 11.711 | Delta Dist 10 = 11.075 | Delta Dist 100 = 11.455 | Delta Dist 1000 = 11.374 | Episode Length = 50 | Episode Return = 4.0 | Evaluator Episodes = 5491 | Evaluator Steps = 274550 | Final Dist = 1.095 | Final Dist 10 = 1.731 | Final Dist 100 = 1.352 | Final Dist 1000 = 1.432 | Init Dist = 12.806 | Init Dist 10 = 12.806 | Init Dist 100 = 12.806 | Init Dist 1000 = 12.806 | Learner Steps = 16785 | Learner Walltime = 3303.945 | Min Dist = 0.262 | Min Dist 10 = 0.897 | Min Dist 100 = 0.570 | Min Dist 1000 = 0.704 | Steps Per Second = 87.187 | Success = 1.000 | Success 1000 = 0.912
I0502 16:01:21.011652 139584504182336 lp_utils.py:96] StepsLimiter: Reached 1084400 recorded steps
I0502 16:01:21.267045 139579566835264 terminal.py:91] [Evaluator] Actor Episodes = 21690 | Actor Steps = 1084500 | Delta Dist = 11.465 | Delta Dist 10 = 11.139 | Delta Dist 100 = 11.472 | Delta Dist 1000 = 11.375 | Episode Length = 50 | Episode Return = 16.0 | Evaluator Episodes = 5493 | Evaluator Steps = 274650 | Final Dist = 1.342 | Final Dist 10 = 1.667 | Final Dist 100 = 1.335 | Final Dist 1000 = 1.431 | Init Dist = 12.806 | Init Dist 10 = 12.806 | Init Dist 100 = 12.806 | Init Dist 1000 = 12.806 | Learner Steps = 16792 | Learner Walltime = 3305.383 | Min Dist = 0.180 | Min Dist 10 = 0.910 | Min Dist 100 = 0.571 | Min Dist 1000 = 0.703 | Steps Per Second = 90.046 | Success = 1.000 | Success 1000 = 0.912
I0502 16:01:22.464642 139579566835264 terminal.py:91] [Evaluator] Actor Episodes = 21698 | Actor Steps = 1084900 | Delta Dist = 11.418 | Delta Dist 10 = 11.768 | Delta Dist 100 = 11.470 | Delta Dist 1000 = 11.376 | Episode Length = 50 | Episode Return = 6.0 | Evaluator Episodes = 5495 | Evaluator Steps = 274750 | Final Dist = 1.388 | Final Dist 10 = 1.038 | Final Dist 100 = 1.337 | Final Dist 1000 = 1.431 | Init Dist = 12.806 | Init Dist 10 = 12.806 | Init Dist 100 = 12.806 | Init Dist 1000 = 12.806 | Learner Steps = 16798 | Learner Walltime = 3306.504 | Min Dist = 0.306 | Min Dist 10 = 0.203 | Min Dist 100 = 0.570 | Min Dist 1000 = 0.702 | Steps Per Second = 87.784 | Success = 1.000 | Success 1000 = 0.912
I0502 16:01:23.513051 139558059398720 terminal.py:91] [Actor] Actor Episodes = 21703 | Actor Steps = 1085150 | Delta Dist = 8.085 | Delta Dist 10 = 1.905 | Delta Dist 100 = 3.607 | Delta Dist 1000 = 4.408 | Episode Length = 50 | Episode Return = 28.0 | Evaluator Episodes = 5495 | Evaluator Steps = 274750 | Final Dist = 0.161 | Final Dist 10 = 3.107 | Final Dist 100 = 1.868 | Final Dist 1000 = 1.462 | Init Dist = 8.246 | Init Dist 10 = 5.012 | Init Dist 100 = 5.475 | Init Dist 1000 = 5.870 | Learner Steps = 16798 | Learner Walltime = 3306.504 | Min Dist = 0.032 | Min Dist 10 = 0.061 | Min Dist 100 = 0.261 | Min Dist 1000 = 0.214 | Steps Per Second = 79.136 | Success = 1.000 | Success 1000 = 0.987
I0502 16:01:23.689706 139579566835264 terminal.py:91] [Evaluator] Actor Episodes = 21706 | Actor Steps = 1085300 | Delta Dist = 12.354 | Delta Dist 10 = 11.683 | Delta Dist 100 = 11.462 | Delta Dist 1000 = 11.374 | Episode Length = 50 | Episode Return = 27.0 | Evaluator Episodes = 5497 | Evaluator Steps = 274850 | Final Dist = 0.453 | Final Dist 10 = 1.124 | Final Dist 100 = 1.344 | Final Dist 1000 = 1.432 | Init Dist = 12.806 | Init Dist 10 = 12.806 | Init Dist 100 = 12.806 | Init Dist 1000 = 12.806 | Learner Steps = 16804 | Learner Walltime = 3307.811 | Min Dist = 0.127 | Min Dist 10 = 0.255 | Min Dist 100 = 0.577 | Min Dist 1000 = 0.702 | Steps Per Second = 83.684 | Success = 1.000 | Success 1000 = 0.912
I0502 16:01:24.932147 139579566835264 terminal.py:91] [Evaluator] Actor Episodes = 21714 | Actor Steps = 1085700 | Delta Dist = 12.020 | Delta Dist 10 = 11.702 | Delta Dist 100 = 11.461 | Delta Dist 1000 = 11.375 | Episode Length = 50 | Episode Return = 22.0 | Evaluator Episodes = 5499 | Evaluator Steps = 274950 | Final Dist = 0.786 | Final Dist 10 = 1.104 | Final Dist 100 = 1.346 | Final Dist 1000 = 1.431 | Init Dist = 12.806 | Init Dist 10 = 12.806 | Init Dist 100 = 12.806 | Init Dist 1000 = 12.806 | Learner Steps = 16804 | Learner Walltime = 3307.811 | Min Dist = 0.320 | Min Dist 10 = 0.246 | Min Dist 100 = 0.574 | Min Dist 1000 = 0.703 | Steps Per Second = 81.623 | Success = 1.000 | Success 1000 = 0.912
I0502 16:01:25.846638 139555860620864 terminal.py:91] [Actor] Actor Episodes = 21717 | Actor Steps = 1085850 | Delta Dist = 6.250 | Delta Dist 10 = 3.195 | Delta Dist 100 = 3.681 | Delta Dist 1000 = 4.385 | Episode Length = 50 | Episode Return = 7.0 | Evaluator Episodes = 5499 | Evaluator Steps = 274950 | Final Dist = 1.030 | Final Dist 10 = 3.190 | Final Dist 100 = 1.966 | Final Dist 1000 = 1.476 | Init Dist = 7.280 | Init Dist 10 = 6.385 | Init Dist 100 = 5.647 | Init Dist 1000 = 5.861 | Learner Steps = 16811 | Learner Walltime = 3309.165 | Min Dist = 0.066 | Min Dist 10 = 0.074 | Min Dist 100 = 0.263 | Min Dist 1000 = 0.213 | Steps Per Second = 85.255 | Success = 1.000 | Success 1000 = 0.987
I0502 16:01:26.215624 139579566835264 terminal.py:91] [Evaluator] Actor Episodes = 21722 | Actor Steps = 1086100 | Delta Dist = 11.759 | Delta Dist 10 = 11.749 | Delta Dist 100 = 11.453 | Delta Dist 1000 = 11.374 | Episode Length = 50 | Episode Return = 5.0 | Evaluator Episodes = 5501 | Evaluator Steps = 275050 | Final Dist = 1.047 | Final Dist 10 = 1.057 | Final Dist 100 = 1.353 | Final Dist 1000 = 1.432 | Init Dist = 12.806 | Init Dist 10 = 12.806 | Init Dist 100 = 12.806 | Init Dist 1000 = 12.806 | Learner Steps = 16811 | Learner Walltime = 3309.165 | Min Dist = 0.798 | Min Dist 10 = 0.260 | Min Dist 100 = 0.573 | Min Dist 1000 = 0.703 | Steps Per Second = 81.691 | Success = 1.000 | Success 1000 = 0.912
I0502 16:01:27.322928 139579566835264 terminal.py:91] [Evaluator] Actor Episodes = 21728 | Actor Steps = 1086400 | Delta Dist = 11.442 | Delta Dist 10 = 11.735 | Delta Dist 100 = 11.450 | Delta Dist 1000 = 11.374 | Episode Length = 50 | Episode Return = 2.0 | Evaluator Episodes = 5503 | Evaluator Steps = 275150 | Final Dist = 1.364 | Final Dist 10 = 1.072 | Final Dist 100 = 1.356 | Final Dist 1000 = 1.432 | Init Dist = 12.806 | Init Dist 10 = 12.806 | Init Dist 100 = 12.806 | Init Dist 1000 = 12.806 | Learner Steps = 16817 | Learner Walltime = 3310.462 | Min Dist = 0.589 | Min Dist 10 = 0.335 | Min Dist 100 = 0.583 | Min Dist 1000 = 0.703 | Steps Per Second = 88.397 | Success = 1.000 | Success 1000 = 0.912
I0502 16:01:27.331532 139569349502528 terminal.py:91] [Actor] Actor Episodes = 21730 | Actor Steps = 1086500 | Delta Dist = 6.192 | Delta Dist 10 = 5.055 | Delta Dist 100 = 3.645 | Delta Dist 1000 = 4.385 | Episode Length = 50 | Episode Return = 34.0 | Evaluator Episodes = 5503 | Evaluator Steps = 275150 | Final Dist = 0.133 | Final Dist 10 = 1.847 | Final Dist 100 = 1.956 | Final Dist 1000 = 1.474 | Init Dist = 6.325 | Init Dist 10 = 6.902 | Init Dist 100 = 5.601 | Init Dist 1000 = 5.859 | Learner Steps = 16817 | Learner Walltime = 3310.462 | Min Dist = 0.036 | Min Dist 10 = 0.059 | Min Dist 100 = 0.261 | Min Dist 1000 = 0.213 | Steps Per Second = 75.894 | Success = 1.000 | Success 1000 = 0.987
I0502 16:01:28.562104 139579566835264 terminal.py:91] [Evaluator] Actor Episodes = 21736 | Actor Steps = 1086800 | Delta Dist = 11.874 | Delta Dist 10 = 11.691 | Delta Dist 100 = 11.444 | Delta Dist 1000 = 11.376 | Episode Length = 50 | Episode Return = 12.0 | Evaluator Episodes = 5505 | Evaluator Steps = 275250 | Final Dist = 0.932 | Final Dist 10 = 1.115 | Final Dist 100 = 1.362 | Final Dist 1000 = 1.430 | Init Dist = 12.806 | Init Dist 10 = 12.806 | Init Dist 100 = 12.806 | Init Dist 1000 = 12.806 | Learner Steps = 16829 | Learner Walltime = 3312.703 | Min Dist = 0.020 | Min Dist 10 = 0.381 | Min Dist 100 = 0.589 | Min Dist 1000 = 0.701 | Steps Per Second = 78.742 | Success = 1.000 | Success 1000 = 0.913
I0502 16:01:28.846795 139555013154368 terminal.py:91] [Learner] Actor Episodes = 21736 | Actor Loss = 3.6639013290405273 | Actor Steps = 1086800 | Binary Accuracy = 0.9960267543792725 | Categorical Accuracy = 0.43353271484375 | Critic Loss = 1.8759841918945312 | Entropy Mean = -17.044979095458984 | Evaluator Episodes = 5503 | Evaluator Steps = 275150 | Learner Steps = 16831 | Learner Walltime = 3313.045 | Logits Neg = -16.52724838256836 | Logits Pos = -1.8672099113464355 | Logsumexp = 1.3532276153564453 | Steps Per Second = 456.106
I0502 16:01:28.874207 139557462840896 terminal.py:91] [Actor] Actor Episodes = 21737 | Actor Steps = 1086850 | Delta Dist = 6.566 | Delta Dist 10 = 3.908 | Delta Dist 100 = 3.639 | Delta Dist 1000 = 4.377 | Episode Length = 50 | Episode Return = 23.0 | Evaluator Episodes = 5503 | Evaluator Steps = 275150 | Final Dist = 0.505 | Final Dist 10 = 1.643 | Final Dist 100 = 1.867 | Final Dist 1000 = 1.477 | Init Dist = 7.071 | Init Dist 10 = 5.551 | Init Dist 100 = 5.506 | Init Dist 1000 = 5.854 | Learner Steps = 16823 | Learner Walltime = 3311.632 | Min Dist = 0.022 | Min Dist 10 = 0.118 | Min Dist 100 = 0.255 | Min Dist 1000 = 0.213 | Steps Per Second = 75.762 | Success = 1.000 | Success 1000 = 0.987
I0502 16:01:29.759889 139579566835264 terminal.py:91] [Evaluator] Actor Episodes = 21744 | Actor Steps = 1087200 | Delta Dist = 12.468 | Delta Dist 10 = 11.717 | Delta Dist 100 = 11.435 | Delta Dist 1000 = 11.381 | Episode Length = 50 | Episode Return = 25.0 | Evaluator Episodes = 5507 | Evaluator Steps = 275350 | Final Dist = 0.339 | Final Dist 10 = 1.090 | Final Dist 100 = 1.372 | Final Dist 1000 = 1.425 | Init Dist = 12.806 | Init Dist 10 = 12.806 | Init Dist 100 = 12.806 | Init Dist 1000 = 12.806 | Learner Steps = 16834 | Learner Walltime = 3313.714 | Min Dist = 0.339 | Min Dist 10 = 0.327 | Min Dist 100 = 0.589 | Min Dist 1000 = 0.694 | Steps Per Second = 83.914 | Success = 1.000 | Success 1000 = 0.914
I0502 16:01:30.930618 139579566835264 terminal.py:91] [Evaluator] Actor Episodes = 21752 | Actor Steps = 1087600 | Delta Dist = 12.073 | Delta Dist 10 = 11.636 | Delta Dist 100 = 11.435 | Delta Dist 1000 = 11.381 | Episode Length = 50 | Episode Return = 11.0 | Evaluator Episodes = 5509 | Evaluator Steps = 275450 | Final Dist = 0.733 | Final Dist 10 = 1.171 | Final Dist 100 = 1.371 | Final Dist 1000 = 1.425 | Init Dist = 12.806 | Init Dist 10 = 12.806 | Init Dist 100 = 12.806 | Init Dist 1000 = 12.806 | Learner Steps = 16840 | Learner Walltime = 3314.856 | Min Dist = 0.035 | Min Dist 10 = 0.554 | Min Dist 100 = 0.607 | Min Dist 1000 = 0.696 | Steps Per Second = 91.200 | Success = 1.000 | Success 1000 = 0.913
I0502 16:01:31.028377 139584504182336 lp_utils.py:96] StepsLimiter: Reached 1087700 recorded steps
I0502 16:01:32.171389 139579566835264 terminal.py:91] [Evaluator] Actor Episodes = 21760 | Actor Steps = 1088000 | Delta Dist = 12.342 | Delta Dist 10 = 11.635 | Delta Dist 100 = 11.439 | Delta Dist 1000 = 11.381 | Episode Length = 50 | Episode Return = 20.0 | Evaluator Episodes = 5511 | Evaluator Steps = 275550 | Final Dist = 0.464 | Final Dist 10 = 1.171 | Final Dist 100 = 1.367 | Final Dist 1000 = 1.425 | Init Dist = 12.806 | Init Dist 10 = 12.806 | Init Dist 100 = 12.806 | Init Dist 1000 = 12.806 | Learner Steps = 16845 | Learner Walltime = 3315.878 | Min Dist = 0.200 | Min Dist 10 = 0.506 | Min Dist 100 = 0.600 | Min Dist 1000 = 0.696 | Steps Per Second = 78.641 | Success = 1.000 | Success 1000 = 0.913
I0502 16:01:33.349616 139579566835264 terminal.py:91] [Evaluator] Actor Episodes = 21770 | Actor Steps = 1088500 | Delta Dist = 11.295 | Delta Dist 10 = 11.732 | Delta Dist 100 = 11.451 | Delta Dist 1000 = 11.382 | Episode Length = 50 | Episode Return = 6.0 | Evaluator Episodes = 5513 | Evaluator Steps = 275650 | Final Dist = 1.512 | Final Dist 10 = 1.075 | Final Dist 100 = 1.355 | Final Dist 1000 = 1.424 | Init Dist = 12.806 | Init Dist 10 = 12.806 | Init Dist 100 = 12.806 | Init Dist 1000 = 12.806 | Learner Steps = 16851 | Learner Walltime = 3317.087 | Min Dist = 0.245 | Min Dist 10 = 0.427 | Min Dist 100 = 0.600 | Min Dist 1000 = 0.696 | Steps Per Second = 84.627 | Success = 1.000 | Success 1000 = 0.913
I0502 16:01:33.533531 139558059398720 terminal.py:91] [Actor] Actor Episodes = 21767 | Actor Steps = 1088350 | Delta Dist = 10.194 | Delta Dist 10 = 4.108 | Delta Dist 100 = 4.039 | Delta Dist 1000 = 4.387 | Episode Length = 50 | Episode Return = 27.0 | Evaluator Episodes = 5511 | Evaluator Steps = 275550 | Final Dist = 1.848 | Final Dist 10 = 2.093 | Final Dist 100 = 1.477 | Final Dist 1000 = 1.461 | Init Dist = 12.042 | Init Dist 10 = 6.200 | Init Dist 100 = 5.516 | Init Dist 1000 = 5.848 | Learner Steps = 16851 | Learner Walltime = 3317.087 | Min Dist = 0.207 | Min Dist 10 = 0.059 | Min Dist 100 = 0.116 | Min Dist 1000 = 0.203 | Steps Per Second = 85.613 | Success = 1.000 | Success 1000 = 0.987
I0502 16:01:34.454024 139579566835264 terminal.py:91] [Evaluator] Actor Episodes = 21776 | Actor Steps = 1088800 | Delta Dist = 11.956 | Delta Dist 10 = 11.741 | Delta Dist 100 = 11.521 | Delta Dist 1000 = 11.382 | Episode Length = 50 | Episode Return = 12.0 | Evaluator Episodes = 5515 | Evaluator Steps = 275750 | Final Dist = 0.850 | Final Dist 10 = 1.066 | Final Dist 100 = 1.285 | Final Dist 1000 = 1.424 | Init Dist = 12.806 | Init Dist 10 = 12.806 | Init Dist 100 = 12.806 | Init Dist 1000 = 12.806 | Learner Steps = 16857 | Learner Walltime = 3318.123 | Min Dist = 0.297 | Min Dist 10 = 0.395 | Min Dist 100 = 0.539 | Min Dist 1000 = 0.696 | Steps Per Second = 89.411 | Success = 1.000 | Success 1000 = 0.913
I0502 16:01:35.655905 139579566835264 terminal.py:91] [Evaluator] Actor Episodes = 21784 | Actor Steps = 1089200 | Delta Dist = 12.299 | Delta Dist 10 = 11.728 | Delta Dist 100 = 11.515 | Delta Dist 1000 = 11.388 | Episode Length = 50 | Episode Return = 18.0 | Evaluator Episodes = 5517 | Evaluator Steps = 275850 | Final Dist = 0.508 | Final Dist 10 = 1.079 | Final Dist 100 = 1.292 | Final Dist 1000 = 1.418 | Init Dist = 12.806 | Init Dist 10 = 12.806 | Init Dist 100 = 12.806 | Init Dist 1000 = 12.806 | Learner Steps = 16862 | Learner Walltime = 3319.327 | Min Dist = 0.339 | Min Dist 10 = 0.413 | Min Dist 100 = 0.541 | Min Dist 1000 = 0.689 | Steps Per Second = 89.405 | Success = 1.000 | Success 1000 = 0.914
I0502 16:01:36.296434 139555860620864 terminal.py:91] [Actor] Actor Episodes = 21788 | Actor Steps = 1089400 | Delta Dist = 7.023 | Delta Dist 10 = 4.208 | Delta Dist 100 = 4.047 | Delta Dist 1000 = 4.405 | Episode Length = 50 | Episode Return = 22.0 | Evaluator Episodes = 5517 | Evaluator Steps = 275850 | Final Dist = 0.257 | Final Dist 10 = 2.544 | Final Dist 100 = 1.660 | Final Dist 1000 = 1.474 | Init Dist = 7.280 | Init Dist 10 = 6.752 | Init Dist 100 = 5.707 | Init Dist 1000 = 5.879 | Learner Steps = 16862 | Learner Walltime = 3319.327 | Min Dist = 0.257 | Min Dist 10 = 0.964 | Min Dist 100 = 0.162 | Min Dist 1000 = 0.210 | Steps Per Second = 74.407 | Success = 1.000 | Success 1000 = 0.988
I0502 16:01:36.921786 139579566835264 terminal.py:91] [Evaluator] Actor Episodes = 21794 | Actor Steps = 1089700 | Delta Dist = 11.706 | Delta Dist 10 = 11.851 | Delta Dist 100 = 11.517 | Delta Dist 1000 = 11.395 | Episode Length = 50 | Episode Return = 16.0 | Evaluator Episodes = 5519 | Evaluator Steps = 275950 | Final Dist = 1.101 | Final Dist 10 = 0.955 | Final Dist 100 = 1.289 | Final Dist 1000 = 1.411 | Init Dist = 12.806 | Init Dist 10 = 12.806 | Init Dist 100 = 12.806 | Init Dist 1000 = 12.806 | Learner Steps = 16868 | Learner Walltime = 3320.545 | Min Dist = 0.150 | Min Dist 10 = 0.217 | Min Dist 100 = 0.544 | Min Dist 1000 = 0.684 | Steps Per Second = 83.832 | Success = 1.000 | Success 1000 = 0.915
I0502 16:01:37.484783 139569349502528 terminal.py:91] [Actor] Actor Episodes = 21793 | Actor Steps = 1089650 | Delta Dist = 7.714 | Delta Dist 10 = 4.444 | Delta Dist 100 = 4.116 | Delta Dist 1000 = 4.401 | Episode Length = 50 | Episode Return = 33.0 | Evaluator Episodes = 5517 | Evaluator Steps = 275850 | Final Dist = 0.348 | Final Dist 10 = 1.881 | Final Dist 100 = 1.743 | Final Dist 1000 = 1.475 | Init Dist = 8.062 | Init Dist 10 = 6.325 | Init Dist 100 = 5.858 | Init Dist 1000 = 5.876 | Learner Steps = 16868 | Learner Walltime = 3320.545 | Min Dist = 0.147 | Min Dist 10 = 0.745 | Min Dist 100 = 0.228 | Min Dist 1000 = 0.217 | Steps Per Second = 77.224 | Success = 1.000 | Success 1000 = 0.988
I0502 16:01:38.146236 139579566835264 terminal.py:91] [Evaluator] Actor Episodes = 21800 | Actor Steps = 1090000 | Delta Dist = 11.443 | Delta Dist 10 = 11.817 | Delta Dist 100 = 11.503 | Delta Dist 1000 = 11.394 | Episode Length = 50 | Episode Return = 2.0 | Evaluator Episodes = 5521 | Evaluator Steps = 276050 | Final Dist = 1.363 | Final Dist 10 = 0.989 | Final Dist 100 = 1.303 | Final Dist 1000 = 1.412 | Init Dist = 12.806 | Init Dist 10 = 12.806 | Init Dist 100 = 12.806 | Init Dist 1000 = 12.806 | Learner Steps = 16874 | Learner Walltime = 3321.632 | Min Dist = 0.807 | Min Dist 10 = 0.258 | Min Dist 100 = 0.541 | Min Dist 1000 = 0.684 | Steps Per Second = 77.888 | Success = 1.000 | Success 1000 = 0.915
I0502 16:01:38.915077 139555013154368 terminal.py:91] [Learner] Actor Episodes = 21804 | Actor Loss = 3.682137966156006 | Actor Steps = 1090200 | Binary Accuracy = 0.996063232421875 | Categorical Accuracy = 0.423828125 | Critic Loss = 1.8919330835342407 | Entropy Mean = -19.109710693359375 | Evaluator Episodes = 5521 | Evaluator Steps = 276050 | Learner Steps = 16883 | Learner Walltime = 3323.112 | Logits Neg = -16.42745590209961 | Logits Pos = -1.8682472705841064 | Logsumexp = 1.1271021366119385 | Steps Per Second = 883.276
I0502 16:01:39.265930 139579566835264 terminal.py:91] [Evaluator] Actor Episodes = 21806 | Actor Steps = 1090300 | Delta Dist = 11.398 | Delta Dist 10 = 11.637 | Delta Dist 100 = 11.510 | Delta Dist 1000 = 11.399 | Episode Length = 50 | Episode Return = 13.0 | Evaluator Episodes = 5523 | Evaluator Steps = 276150 | Final Dist = 1.409 | Final Dist 10 = 1.169 | Final Dist 100 = 1.296 | Final Dist 1000 = 1.407 | Init Dist = 12.806 | Init Dist 10 = 12.806 | Init Dist 100 = 12.806 | Init Dist 1000 = 12.806 | Learner Steps = 16881 | Learner Walltime = 3322.981 | Min Dist = 0.182 | Min Dist 10 = 0.338 | Min Dist 100 = 0.531 | Min Dist 1000 = 0.679 | Steps Per Second = 90.469 | Success = 1.000 | Success 1000 = 0.916
I0502 16:01:39.276015 139557462840896 terminal.py:91] [Actor] Actor Episodes = 21808 | Actor Steps = 1090400 | Delta Dist = 0.666 | Delta Dist 10 = 3.099 | Delta Dist 100 = 4.180 | Delta Dist 1000 = 4.391 | Episode Length = 50 | Episode Return = 25.0 | Evaluator Episodes = 5523 | Evaluator Steps = 276150 | Final Dist = 0.334 | Final Dist 10 = 2.698 | Final Dist 100 = 1.702 | Final Dist 1000 = 1.472 | Init Dist = 1.000 | Init Dist 10 = 5.797 | Init Dist 100 = 5.882 | Init Dist 1000 = 5.863 | Learner Steps = 16881 | Learner Walltime = 3322.981 | Min Dist = 0.024 | Min Dist 10 = 0.741 | Min Dist 100 = 0.298 | Min Dist 1000 = 0.222 | Steps Per Second = 82.215 | Success = 1.000 | Success 1000 = 0.987
I0502 16:01:40.488385 139579566835264 terminal.py:91] [Evaluator] Actor Episodes = 21816 | Actor Steps = 1090800 | Delta Dist = 12.132 | Delta Dist 10 = 11.679 | Delta Dist 100 = 11.513 | Delta Dist 1000 = 11.398 | Episode Length = 50 | Episode Return = 27.0 | Evaluator Episodes = 5525 | Evaluator Steps = 276250 | Final Dist = 0.675 | Final Dist 10 = 1.127 | Final Dist 100 = 1.293 | Final Dist 1000 = 1.408 | Init Dist = 12.806 | Init Dist 10 = 12.806 | Init Dist 100 = 12.806 | Init Dist 1000 = 12.806 | Learner Steps = 16887 | Learner Walltime = 3324.088 | Min Dist = 0.117 | Min Dist 10 = 0.323 | Min Dist 100 = 0.528 | Min Dist 1000 = 0.679 | Steps Per Second = 79.973 | Success = 1.000 | Success 1000 = 0.916
I0502 16:01:41.045845 139584504182336 lp_utils.py:96] StepsLimiter: Reached 1090900 recorded steps
I0502 16:01:41.651489 139579566835264 terminal.py:91] [Evaluator] Actor Episodes = 21822 | Actor Steps = 1091100 | Delta Dist = 11.278 | Delta Dist 10 = 11.823 | Delta Dist 100 = 11.525 | Delta Dist 1000 = 11.399 | Episode Length = 50 | Episode Return = 11.0 | Evaluator Episodes = 5527 | Evaluator Steps = 276350 | Final Dist = 1.528 | Final Dist 10 = 0.983 | Final Dist 100 = 1.281 | Final Dist 1000 = 1.407 | Init Dist = 12.806 | Init Dist 10 = 12.806 | Init Dist 100 = 12.806 | Init Dist 1000 = 12.806 | Learner Steps = 16893 | Learner Walltime = 3325.320 | Min Dist = 0.235 | Min Dist 10 = 0.321 | Min Dist 100 = 0.530 | Min Dist 1000 = 0.679 | Steps Per Second = 90.074 | Success = 1.000 | Success 1000 = 0.916
I0502 16:01:42.786298 139579566835264 terminal.py:91] [Evaluator] Actor Episodes = 21832 | Actor Steps = 1091600 | Delta Dist = 11.507 | Delta Dist 10 = 11.717 | Delta Dist 100 = 11.518 | Delta Dist 1000 = 11.400 | Episode Length = 50 | Episode Return = 14.0 | Evaluator Episodes = 5529 | Evaluator Steps = 276450 | Final Dist = 1.300 | Final Dist 10 = 1.089 | Final Dist 100 = 1.288 | Final Dist 1000 = 1.407 | Init Dist = 12.806 | Init Dist 10 = 12.806 | Init Dist 100 = 12.806 | Init Dist 1000 = 12.806 | Learner Steps = 16900 | Learner Walltime = 3326.544 | Min Dist = 0.166 | Min Dist 10 = 0.275 | Min Dist 100 = 0.531 | Min Dist 1000 = 0.679 | Steps Per Second = 96.404 | Success = 1.000 | Success 1000 = 0.916
I0502 16:01:43.934189 139558059398720 terminal.py:91] [Actor] Actor Episodes = 21838 | Actor Steps = 1091900 | Delta Dist = 5.877 | Delta Dist 10 = 5.373 | Delta Dist 100 = 4.416 | Delta Dist 1000 = 4.385 | Episode Length = 50 | Episode Return = 21.0 | Evaluator Episodes = 5529 | Evaluator Steps = 276450 | Final Dist = 1.194 | Final Dist 10 = 1.475 | Final Dist 100 = 1.580 | Final Dist 1000 = 1.481 | Init Dist = 7.071 | Init Dist 10 = 6.848 | Init Dist 100 = 5.996 | Init Dist 1000 = 5.866 | Learner Steps = 16905 | Learner Walltime = 3327.633 | Min Dist = 0.017 | Min Dist 10 = 0.296 | Min Dist 100 = 0.337 | Min Dist 1000 = 0.225 | Steps Per Second = 83.634 | Success = 1.000 | Success 1000 = 0.986
I0502 16:01:43.995447 139579566835264 terminal.py:91] [Evaluator] Actor Episodes = 21840 | Actor Steps = 1092000 | Delta Dist = 11.924 | Delta Dist 10 = 11.796 | Delta Dist 100 = 11.531 | Delta Dist 1000 = 11.407 | Episode Length = 50 | Episode Return = 11.0 | Evaluator Episodes = 5531 | Evaluator Steps = 276550 | Final Dist = 0.882 | Final Dist 10 = 1.010 | Final Dist 100 = 1.275 | Final Dist 1000 = 1.399 | Init Dist = 12.806 | Init Dist 10 = 12.806 | Init Dist 100 = 12.806 | Init Dist 1000 = 12.806 | Learner Steps = 16905 | Learner Walltime = 3327.633 | Min Dist = 0.123 | Min Dist 10 = 0.270 | Min Dist 100 = 0.531 | Min Dist 1000 = 0.672 | Steps Per Second = 87.745 | Success = 1.000 | Success 1000 = 0.917
I0502 16:01:45.120762 139579566835264 terminal.py:91] [Evaluator] Actor Episodes = 21848 | Actor Steps = 1092400 | Delta Dist = 12.749 | Delta Dist 10 = 11.798 | Delta Dist 100 = 11.526 | Delta Dist 1000 = 11.414 | Episode Length = 50 | Episode Return = 14.0 | Evaluator Episodes = 5533 | Evaluator Steps = 276650 | Final Dist = 0.057 | Final Dist 10 = 1.008 | Final Dist 100 = 1.280 | Final Dist 1000 = 1.392 | Init Dist = 12.806 | Init Dist 10 = 12.806 | Init Dist 100 = 12.806 | Init Dist 1000 = 12.806 | Learner Steps = 16912 | Learner Walltime = 3328.834 | Min Dist = 0.057 | Min Dist 10 = 0.180 | Min Dist 100 = 0.529 | Min Dist 1000 = 0.665 | Steps Per Second = 84.387 | Success = 1.000 | Success 1000 = 0.918
I0502 16:01:46.315941 139579566835264 terminal.py:91] [Evaluator] Actor Episodes = 21854 | Actor Steps = 1092700 | Delta Dist = 11.577 | Delta Dist 10 = 11.884 | Delta Dist 100 = 11.525 | Delta Dist 1000 = 11.419 | Episode Length = 50 | Episode Return = 26.0 | Evaluator Episodes = 5535 | Evaluator Steps = 276750 | Final Dist = 1.230 | Final Dist 10 = 0.923 | Final Dist 100 = 1.281 | Final Dist 1000 = 1.387 | Init Dist = 12.806 | Init Dist 10 = 12.806 | Init Dist 100 = 12.806 | Init Dist 1000 = 12.806 | Learner Steps = 16918 | Learner Walltime = 3329.966 | Min Dist = 0.053 | Min Dist 10 = 0.170 | Min Dist 100 = 0.530 | Min Dist 1000 = 0.659 | Steps Per Second = 81.824 | Success = 1.000 | Success 1000 = 0.919
I0502 16:01:46.854148 139555860620864 terminal.py:91] [Actor] Actor Episodes = 21861 | Actor Steps = 1093050 | Delta Dist = 2.204 | Delta Dist 10 = 4.491 | Delta Dist 100 = 4.437 | Delta Dist 1000 = 4.393 | Episode Length = 50 | Episode Return = 44.0 | Evaluator Episodes = 5535 | Evaluator Steps = 276750 | Final Dist = 5.858 | Final Dist 10 = 1.430 | Final Dist 100 = 1.785 | Final Dist 1000 = 1.450 | Init Dist = 8.062 | Init Dist 10 = 5.921 | Init Dist 100 = 6.222 | Init Dist 1000 = 5.842 | Learner Steps = 16918 | Learner Walltime = 3329.966 | Min Dist = 0.096 | Min Dist 10 = 0.043 | Min Dist 100 = 0.366 | Min Dist 1000 = 0.217 | Steps Per Second = 83.660 | Success = 1.000 | Success 1000 = 0.984
I0502 16:01:47.460896 139579566835264 terminal.py:91] [Evaluator] Actor Episodes = 21863 | Actor Steps = 1093150 | Delta Dist = 11.974 | Delta Dist 10 = 11.744 | Delta Dist 100 = 11.525 | Delta Dist 1000 = 11.422 | Episode Length = 50 | Episode Return = 18.0 | Evaluator Episodes = 5537 | Evaluator Steps = 276850 | Final Dist = 0.832 | Final Dist 10 = 1.063 | Final Dist 100 = 1.282 | Final Dist 1000 = 1.384 | Init Dist = 12.806 | Init Dist 10 = 12.806 | Init Dist 100 = 12.806 | Init Dist 1000 = 12.806 | Learner Steps = 16925 | Learner Walltime = 3331.064 | Min Dist = 0.130 | Min Dist 10 = 0.132 | Min Dist 100 = 0.519 | Min Dist 1000 = 0.653 | Steps Per Second = 86.111 | Success = 1.000 | Success 1000 = 0.920
I0502 16:01:47.711295 139569349502528 terminal.py:91] [Actor] Actor Episodes = 21865 | Actor Steps = 1093250 | Delta Dist = 2.764 | Delta Dist 10 = 2.686 | Delta Dist 100 = 4.362 | Delta Dist 1000 = 4.384 | Episode Length = 50 | Episode Return = 46.0 | Evaluator Episodes = 5537 | Evaluator Steps = 276850 | Final Dist = 0.841 | Final Dist 10 = 2.361 | Final Dist 100 = 1.837 | Final Dist 1000 = 1.462 | Init Dist = 3.606 | Init Dist 10 = 5.047 | Init Dist 100 = 6.199 | Init Dist 1000 = 5.846 | Learner Steps = 16925 | Learner Walltime = 3331.064 | Min Dist = 0.007 | Min Dist 10 = 0.058 | Min Dist 100 = 0.367 | Min Dist 1000 = 0.217 | Steps Per Second = 80.342 | Success = 1.000 | Success 1000 = 0.984
I0502 16:01:48.704708 139579566835264 terminal.py:91] [Evaluator] Actor Episodes = 21871 | Actor Steps = 1093550 | Delta Dist = 11.857 | Delta Dist 10 = 11.855 | Delta Dist 100 = 11.519 | Delta Dist 1000 = 11.429 | Episode Length = 50 | Episode Return = 9.0 | Evaluator Episodes = 5539 | Evaluator Steps = 276950 | Final Dist = 0.950 | Final Dist 10 = 0.951 | Final Dist 100 = 1.288 | Final Dist 1000 = 1.377 | Init Dist = 12.806 | Init Dist 10 = 12.806 | Init Dist 100 = 12.806 | Init Dist 1000 = 12.806 | Learner Steps = 16930 | Learner Walltime = 3332.188 | Min Dist = 0.824 | Min Dist 10 = 0.124 | Min Dist 100 = 0.519 | Min Dist 1000 = 0.647 | Steps Per Second = 81.920 | Success = 1.000 | Success 1000 = 0.921
I0502 16:01:49.293149 139555013154368 terminal.py:91] [Learner] Actor Episodes = 21877 | Actor Loss = 3.6307473182678223 | Actor Steps = 1093850 | Binary Accuracy = 0.9959986209869385 | Categorical Accuracy = 0.42877197265625 | Critic Loss = 1.8465547561645508 | Entropy Mean = -20.87153434753418 | Evaluator Episodes = 5539 | Evaluator Steps = 276950 | Learner Steps = 16936 | Learner Walltime = 3333.483 | Logits Neg = -16.875450134277344 | Logits Pos = -1.8515589237213135 | Logsumexp = 1.332055926322937 | Steps Per Second = 146.316
I0502 16:01:49.692808 139557462840896 terminal.py:91] [Actor] Actor Episodes = 21879 | Actor Steps = 1093950 | Delta Dist = 3.977 | Delta Dist 10 = 5.079 | Delta Dist 100 = 4.373 | Delta Dist 1000 = 4.384 | Episode Length = 50 | Episode Return = 35.0 | Evaluator Episodes = 5539 | Evaluator Steps = 276950 | Final Dist = 0.146 | Final Dist 10 = 0.984 | Final Dist 100 = 1.774 | Final Dist 1000 = 1.462 | Init Dist = 4.123 | Init Dist 10 = 6.063 | Init Dist 100 = 6.147 | Init Dist 1000 = 5.846 | Learner Steps = 16936 | Learner Walltime = 3333.483 | Min Dist = 0.113 | Min Dist 10 = 0.108 | Min Dist 100 = 0.369 | Min Dist 1000 = 0.217 | Steps Per Second = 98.433 | Success = 1.000 | Success 1000 = 0.984
I0502 16:01:49.907439 139579566835264 terminal.py:91] [Evaluator] Actor Episodes = 21879 | Actor Steps = 1093950 | Delta Dist = 11.395 | Delta Dist 10 = 11.793 | Delta Dist 100 = 11.504 | Delta Dist 1000 = 11.428 | Episode Length = 50 | Episode Return = 4.0 | Evaluator Episodes = 5541 | Evaluator Steps = 277050 | Final Dist = 1.412 | Final Dist 10 = 1.013 | Final Dist 100 = 1.302 | Final Dist 1000 = 1.378 | Init Dist = 12.806 | Init Dist 10 = 12.806 | Init Dist 100 = 12.806 | Init Dist 1000 = 12.806 | Learner Steps = 16936 | Learner Walltime = 3333.483 | Min Dist = 0.268 | Min Dist 10 = 0.176 | Min Dist 100 = 0.525 | Min Dist 1000 = 0.648 | Steps Per Second = 84.648 | Success = 1.000 | Success 1000 = 0.921
I0502 16:01:51.063594 139584504182336 lp_utils.py:96] StepsLimiter: Reached 1094350 recorded steps
I0502 16:01:51.090596 139579566835264 terminal.py:91] [Evaluator] Actor Episodes = 21887 | Actor Steps = 1094350 | Delta Dist = 12.504 | Delta Dist 10 = 11.815 | Delta Dist 100 = 11.497 | Delta Dist 1000 = 11.429 | Episode Length = 50 | Episode Return = 3.0 | Evaluator Episodes = 5543 | Evaluator Steps = 277150 | Final Dist = 0.302 | Final Dist 10 = 0.991 | Final Dist 100 = 1.309 | Final Dist 1000 = 1.377 | Init Dist = 12.806 | Init Dist 10 = 12.806 | Init Dist 100 = 12.806 | Init Dist 1000 = 12.806 | Learner Steps = 16942 | Learner Walltime = 3334.501 | Min Dist = 0.302 | Min Dist 10 = 0.198 | Min Dist 100 = 0.528 | Min Dist 1000 = 0.647 | Steps Per Second = 85.585 | Success = 1.000 | Success 1000 = 0.921
I0502 16:01:52.234088 139579566835264 terminal.py:91] [Evaluator] Actor Episodes = 21895 | Actor Steps = 1094750 | Delta Dist = 11.593 | Delta Dist 10 = 11.820 | Delta Dist 100 = 11.504 | Delta Dist 1000 = 11.436 | Episode Length = 50 | Episode Return = 0.0 | Evaluator Episodes = 5545 | Evaluator Steps = 277250 | Final Dist = 1.213 | Final Dist 10 = 0.987 | Final Dist 100 = 1.303 | Final Dist 1000 = 1.370 | Init Dist = 12.806 | Init Dist 10 = 12.806 | Init Dist 100 = 12.806 | Init Dist 1000 = 12.806 | Learner Steps = 16948 | Learner Walltime = 3335.583 | Min Dist = 1.149 | Min Dist 10 = 0.214 | Min Dist 100 = 0.527 | Min Dist 1000 = 0.641 | Steps Per Second = 92.591 | Success = 0.000 | Success 1000 = 0.922
I0502 16:01:53.372766 139579566835264 terminal.py:91] [Evaluator] Actor Episodes = 21903 | Actor Steps = 1095150 | Delta Dist = 12.457 | Delta Dist 10 = 11.810 | Delta Dist 100 = 11.569 | Delta Dist 1000 = 11.441 | Episode Length = 50 | Episode Return = 21.0 | Evaluator Episodes = 5547 | Evaluator Steps = 277350 | Final Dist = 0.349 | Final Dist 10 = 0.996 | Final Dist 100 = 1.237 | Final Dist 1000 = 1.365 | Init Dist = 12.806 | Init Dist 10 = 12.806 | Init Dist 100 = 12.806 | Init Dist 1000 = 12.806 | Learner Steps = 16954 | Learner Walltime = 3336.897 | Min Dist = 0.130 | Min Dist 10 = 0.387 | Min Dist 100 = 0.472 | Min Dist 1000 = 0.636 | Steps Per Second = 81.359 | Success = 1.000 | Success 1000 = 0.922
I0502 16:01:53.883137 139584635659840 savers.py:156] Saving checkpoint: logs/contrastive_cpc_point_FourRooms_64/5dd72662-2788-11f0-b183-d85ed38c5779/checkpoints/counter
I0502 16:01:53.949398 139558059398720 terminal.py:91] [Actor] Actor Episodes = 21907 | Actor Steps = 1095350 | Delta Dist = 5.796 | Delta Dist 10 = 4.682 | Delta Dist 100 = 4.598 | Delta Dist 1000 = 4.393 | Episode Length = 50 | Episode Return = 8.0 | Evaluator Episodes = 5547 | Evaluator Steps = 277350 | Final Dist = 0.035 | Final Dist 10 = 0.865 | Final Dist 100 = 1.400 | Final Dist 1000 = 1.464 | Init Dist = 5.831 | Init Dist 10 = 5.548 | Init Dist 100 = 5.997 | Init Dist 1000 = 5.857 | Learner Steps = 16961 | Learner Walltime = 3338.124 | Min Dist = 0.035 | Min Dist 10 = 0.057 | Min Dist 100 = 0.141 | Min Dist 1000 = 0.214 | Steps Per Second = 87.752 | Success = 1.000 | Success 1000 = 0.985
I0502 16:01:54.491683 139583350109760 savers.py:156] Saving checkpoint: logs/contrastive_cpc_point_FourRooms_64/5dd72662-2788-11f0-b183-d85ed38c5779/checkpoints/learner
I0502 16:01:54.544369 139579566835264 terminal.py:91] [Evaluator] Actor Episodes = 21911 | Actor Steps = 1095550 | Delta Dist = 11.638 | Delta Dist 10 = 11.822 | Delta Dist 100 = 11.576 | Delta Dist 1000 = 11.442 | Episode Length = 50 | Episode Return = 7.0 | Evaluator Episodes = 5549 | Evaluator Steps = 277450 | Final Dist = 1.169 | Final Dist 10 = 0.984 | Final Dist 100 = 1.231 | Final Dist 1000 = 1.365 | Init Dist = 12.806 | Init Dist 10 = 12.806 | Init Dist 100 = 12.806 | Init Dist 1000 = 12.806 | Learner Steps = 16961 | Learner Walltime = 3338.124 | Min Dist = 0.324 | Min Dist 10 = 0.427 | Min Dist 100 = 0.477 | Min Dist 1000 = 0.637 | Steps Per Second = 82.435 | Success = 1.000 | Success 1000 = 0.922
I0502 16:01:55.665442 139579566835264 terminal.py:91] [Evaluator] Actor Episodes = 21919 | Actor Steps = 1095950 | Delta Dist = 12.627 | Delta Dist 10 = 11.796 | Delta Dist 100 = 11.573 | Delta Dist 1000 = 11.441 | Episode Length = 50 | Episode Return = 18.0 | Evaluator Episodes = 5551 | Evaluator Steps = 277550 | Final Dist = 0.179 | Final Dist 10 = 1.011 | Final Dist 100 = 1.234 | Final Dist 1000 = 1.365 | Init Dist = 12.806 | Init Dist 10 = 12.806 | Init Dist 100 = 12.806 | Init Dist 1000 = 12.806 | Learner Steps = 16966 | Learner Walltime = 3339.284 | Min Dist = 0.162 | Min Dist 10 = 0.382 | Min Dist 100 = 0.476 | Min Dist 1000 = 0.636 | Steps Per Second = 83.525 | Success = 1.000 | Success 1000 = 0.922
I0502 16:01:56.865070 139579566835264 terminal.py:91] [Evaluator] Actor Episodes = 21925 | Actor Steps = 1096250 | Delta Dist = 11.785 | Delta Dist 10 = 11.905 | Delta Dist 100 = 11.573 | Delta Dist 1000 = 11.442 | Episode Length = 50 | Episode Return = 20.0 | Evaluator Episodes = 5553 | Evaluator Steps = 277650 | Final Dist = 1.021 | Final Dist 10 = 0.902 | Final Dist 100 = 1.233 | Final Dist 1000 = 1.365 | Init Dist = 12.806 | Init Dist 10 = 12.806 | Init Dist 100 = 12.806 | Init Dist 1000 = 12.806 | Learner Steps = 16972 | Learner Walltime = 3340.313 | Min Dist = 0.191 | Min Dist 10 = 0.388 | Min Dist 100 = 0.475 | Min Dist 1000 = 0.637 | Steps Per Second = 84.259 | Success = 1.000 | Success 1000 = 0.922
I0502 16:01:57.325904 139555860620864 terminal.py:91] [Actor] Actor Episodes = 21926 | Actor Steps = 1096300 | Delta Dist = 4.880 | Delta Dist 10 = 3.668 | Delta Dist 100 = 4.409 | Delta Dist 1000 = 4.352 | Episode Length = 50 | Episode Return = 23.0 | Evaluator Episodes = 5551 | Evaluator Steps = 277550 | Final Dist = 1.523 | Final Dist 10 = 2.580 | Final Dist 100 = 1.415 | Final Dist 1000 = 1.463 | Init Dist = 6.403 | Init Dist 10 = 6.248 | Init Dist 100 = 5.824 | Init Dist 1000 = 5.815 | Learner Steps = 16972 | Learner Walltime = 3340.313 | Min Dist = 0.052 | Min Dist 10 = 0.098 | Min Dist 100 = 0.126 | Min Dist 1000 = 0.207 | Steps Per Second = 74.571 | Success = 1.000 | Success 1000 = 0.985
I0502 16:01:57.990510 139569349502528 terminal.py:91] [Actor] Actor Episodes = 21930 | Actor Steps = 1096500 | Delta Dist = 3.232 | Delta Dist 10 = 4.968 | Delta Dist 100 = 4.397 | Delta Dist 1000 = 4.354 | Episode Length = 50 | Episode Return = 43.0 | Evaluator Episodes = 5553 | Evaluator Steps = 277650 | Final Dist = 0.374 | Final Dist 10 = 1.022 | Final Dist 100 = 1.350 | Final Dist 1000 = 1.461 | Init Dist = 3.606 | Init Dist 10 = 5.991 | Init Dist 100 = 5.747 | Init Dist 1000 = 5.815 | Learner Steps = 16978 | Learner Walltime = 3341.453 | Min Dist = 0.020 | Min Dist 10 = 0.053 | Min Dist 100 = 0.124 | Min Dist 1000 = 0.207 | Steps Per Second = 104.527 | Success = 1.000 | Success 1000 = 0.985
I0502 16:01:58.105829 139579566835264 terminal.py:91] [Evaluator] Actor Episodes = 21933 | Actor Steps = 1096650 | Delta Dist = 11.391 | Delta Dist 10 = 11.886 | Delta Dist 100 = 11.568 | Delta Dist 1000 = 11.442 | Episode Length = 50 | Episode Return = 7.0 | Evaluator Episodes = 5555 | Evaluator Steps = 277750 | Final Dist = 1.415 | Final Dist 10 = 0.920 | Final Dist 100 = 1.239 | Final Dist 1000 = 1.364 | Init Dist = 12.806 | Init Dist 10 = 12.806 | Init Dist 100 = 12.806 | Init Dist 1000 = 12.806 | Learner Steps = 16978 | Learner Walltime = 3341.453 | Min Dist = 0.024 | Min Dist 10 = 0.397 | Min Dist 100 = 0.475 | Min Dist 1000 = 0.636 | Steps Per Second = 81.496 | Success = 1.000 | Success 1000 = 0.922
I0502 16:01:59.305555 139579566835264 terminal.py:91] [Evaluator] Actor Episodes = 21941 | Actor Steps = 1097050 | Delta Dist = 12.286 | Delta Dist 10 = 11.911 | Delta Dist 100 = 11.565 | Delta Dist 1000 = 11.441 | Episode Length = 50 | Episode Return = 14.0 | Evaluator Episodes = 5557 | Evaluator Steps = 277850 | Final Dist = 0.520 | Final Dist 10 = 0.896 | Final Dist 100 = 1.241 | Final Dist 1000 = 1.365 | Init Dist = 12.806 | Init Dist 10 = 12.806 | Init Dist 100 = 12.806 | Init Dist 1000 = 12.806 | Learner Steps = 16984 | Learner Walltime = 3342.556 | Min Dist = 0.189 | Min Dist 10 = 0.236 | Min Dist 100 = 0.474 | Min Dist 1000 = 0.636 | Steps Per Second = 76.681 | Success = 1.000 | Success 1000 = 0.922
I0502 16:01:59.347075 139555013154368 terminal.py:91] [Learner] Actor Episodes = 21935 | Actor Loss = 3.614596128463745 | Actor Steps = 1096750 | Binary Accuracy = 0.9960651397705078 | Categorical Accuracy = 0.4197998046875 | Critic Loss = 1.8946515321731567 | Entropy Mean = -19.18585777282715 | Evaluator Episodes = 5555 | Evaluator Steps = 277750 | Learner Steps = 16988 | Learner Walltime = 3343.536 | Logits Neg = -16.41667938232422 | Logits Pos = -1.8887763023376465 | Logsumexp = 1.1628668308258057 | Steps Per Second = 333.793
I0502 16:02:00.222885 139557462840896 terminal.py:91] [Actor] Actor Episodes = 21944 | Actor Steps = 1097200 | Delta Dist = 4.422 | Delta Dist 10 = 4.036 | Delta Dist 100 = 4.299 | Delta Dist 1000 = 4.358 | Episode Length = 50 | Episode Return = 7.0 | Evaluator Episodes = 5557 | Evaluator Steps = 277850 | Final Dist = 1.903 | Final Dist 10 = 1.513 | Final Dist 100 = 1.376 | Final Dist 1000 = 1.449 | Init Dist = 6.325 | Init Dist 10 = 5.549 | Init Dist 100 = 5.675 | Init Dist 1000 = 5.807 | Learner Steps = 16989 | Learner Walltime = 3343.602 | Min Dist = 0.044 | Min Dist 10 = 0.060 | Min Dist 100 = 0.069 | Min Dist 1000 = 0.191 | Steps Per Second = 88.097 | Success = 1.000 | Success 1000 = 0.985
I0502 16:02:00.562991 139579566835264 terminal.py:91] [Evaluator] Actor Episodes = 21949 | Actor Steps = 1097450 | Delta Dist = 12.045 | Delta Dist 10 = 11.887 | Delta Dist 100 = 11.579 | Delta Dist 1000 = 11.442 | Episode Length = 50 | Episode Return = 20.0 | Evaluator Episodes = 5559 | Evaluator Steps = 277950 | Final Dist = 0.761 | Final Dist 10 = 0.919 | Final Dist 100 = 1.228 | Final Dist 1000 = 1.364 | Init Dist = 12.806 | Init Dist 10 = 12.806 | Init Dist 100 = 12.806 | Init Dist 1000 = 12.806 | Learner Steps = 16993 | Learner Walltime = 3344.682 | Min Dist = 0.179 | Min Dist 10 = 0.216 | Min Dist 100 = 0.476 | Min Dist 1000 = 0.636 | Steps Per Second = 80.071 | Success = 1.000 | Success 1000 = 0.922
I0502 16:02:01.084406 139584504182336 lp_utils.py:96] StepsLimiter: Reached 1097550 recorded steps
I0502 16:02:01.745124 139579566835264 terminal.py:91] [Evaluator] Actor Episodes = 21957 | Actor Steps = 1097850 | Delta Dist = 11.785 | Delta Dist 10 = 11.958 | Delta Dist 100 = 11.576 | Delta Dist 1000 = 11.442 | Episode Length = 50 | Episode Return = 22.0 | Evaluator Episodes = 5561 | Evaluator Steps = 278050 | Final Dist = 1.021 | Final Dist 10 = 0.848 | Final Dist 100 = 1.230 | Final Dist 1000 = 1.364 | Init Dist = 12.806 | Init Dist 10 = 12.806 | Init Dist 100 = 12.806 | Init Dist 1000 = 12.806 | Learner Steps = 17000 | Learner Walltime = 3345.732 | Min Dist = 0.094 | Min Dist 10 = 0.193 | Min Dist 100 = 0.474 | Min Dist 1000 = 0.636 | Steps Per Second = 84.124 | Success = 1.000 | Success 1000 = 0.922
I0502 16:02:02.887090 139579566835264 terminal.py:91] [Evaluator] Actor Episodes = 21965 | Actor Steps = 1098250 | Delta Dist = 11.446 | Delta Dist 10 = 11.961 | Delta Dist 100 = 11.579 | Delta Dist 1000 = 11.443 | Episode Length = 50 | Episode Return = 18.0 | Evaluator Episodes = 5563 | Evaluator Steps = 278150 | Final Dist = 1.360 | Final Dist 10 = 0.845 | Final Dist 100 = 1.227 | Final Dist 1000 = 1.363 | Init Dist = 12.806 | Init Dist 10 = 12.806 | Init Dist 100 = 12.806 | Init Dist 1000 = 12.806 | Learner Steps = 17005 | Learner Walltime = 3346.832 | Min Dist = 0.058 | Min Dist 10 = 0.154 | Min Dist 100 = 0.472 | Min Dist 1000 = 0.636 | Steps Per Second = 90.113 | Success = 1.000 | Success 1000 = 0.922
I0502 16:02:03.951050 139558059398720 terminal.py:91] [Actor] Actor Episodes = 21971 | Actor Steps = 1098550 | Delta Dist = 7.912 | Delta Dist 10 = 3.864 | Delta Dist 100 = 4.647 | Delta Dist 1000 = 4.401 | Episode Length = 50 | Episode Return = 36.0 | Evaluator Episodes = 5563 | Evaluator Steps = 278150 | Final Dist = 1.575 | Final Dist 10 = 0.817 | Final Dist 100 = 1.134 | Final Dist 1000 = 1.417 | Init Dist = 9.487 | Init Dist 10 = 4.681 | Init Dist 100 = 5.780 | Init Dist 1000 = 5.818 | Learner Steps = 17011 | Learner Walltime = 3348.059 | Min Dist = 0.027 | Min Dist 10 = 0.078 | Min Dist 100 = 0.073 | Min Dist 1000 = 0.185 | Steps Per Second = 84.176 | Success = 1.000 | Success 1000 = 0.987
I0502 16:02:03.969197 139579566835264 terminal.py:91] [Evaluator] Actor Episodes = 21973 | Actor Steps = 1098650 | Delta Dist = 12.696 | Delta Dist 10 = 11.871 | Delta Dist 100 = 11.572 | Delta Dist 1000 = 11.443 | Episode Length = 50 | Episode Return = 15.0 | Evaluator Episodes = 5565 | Evaluator Steps = 278250 | Final Dist = 0.110 | Final Dist 10 = 0.935 | Final Dist 100 = 1.234 | Final Dist 1000 = 1.363 | Init Dist = 12.806 | Init Dist 10 = 12.806 | Init Dist 100 = 12.806 | Init Dist 1000 = 12.806 | Learner Steps = 17011 | Learner Walltime = 3348.059 | Min Dist = 0.110 | Min Dist 10 = 0.143 | Min Dist 100 = 0.472 | Min Dist 1000 = 0.636 | Steps Per Second = 89.647 | Success = 1.000 | Success 1000 = 0.922
I0502 16:02:05.168050 139579566835264 terminal.py:91] [Evaluator] Actor Episodes = 21977 | Actor Steps = 1098850 | Delta Dist = 12.233 | Delta Dist 10 = 11.953 | Delta Dist 100 = 11.580 | Delta Dist 1000 = 11.448 | Episode Length = 50 | Episode Return = 5.0 | Evaluator Episodes = 5567 | Evaluator Steps = 278350 | Final Dist = 0.573 | Final Dist 10 = 0.853 | Final Dist 100 = 1.226 | Final Dist 1000 = 1.358 | Init Dist = 12.806 | Init Dist 10 = 12.806 | Init Dist 100 = 12.806 | Init Dist 1000 = 12.806 | Learner Steps = 17018 | Learner Walltime = 3349.292 | Min Dist = 0.282 | Min Dist 10 = 0.157 | Min Dist 100 = 0.465 | Min Dist 1000 = 0.630 | Steps Per Second = 91.899 | Success = 1.000 | Success 1000 = 0.923
I0502 16:02:06.288609 139579566835264 terminal.py:91] [Evaluator] Actor Episodes = 21985 | Actor Steps = 1099250 | Delta Dist = 11.559 | Delta Dist 10 = 11.923 | Delta Dist 100 = 11.655 | Delta Dist 1000 = 11.448 | Episode Length = 50 | Episode Return = 15.0 | Evaluator Episodes = 5569 | Evaluator Steps = 278450 | Final Dist = 1.248 | Final Dist 10 = 0.883 | Final Dist 100 = 1.151 | Final Dist 1000 = 1.358 | Init Dist = 12.806 | Init Dist 10 = 12.806 | Init Dist 100 = 12.806 | Init Dist 1000 = 12.806 | Learner Steps = 17024 | Learner Walltime = 3350.471 | Min Dist = 0.219 | Min Dist 10 = 0.174 | Min Dist 100 = 0.395 | Min Dist 1000 = 0.630 | Steps Per Second = 87.610 | Success = 1.000 | Success 1000 = 0.923
I0502 16:02:07.479493 139579566835264 terminal.py:91] [Evaluator] Actor Episodes = 21993 | Actor Steps = 1099650 | Delta Dist = 12.238 | Delta Dist 10 = 11.358 | Delta Dist 100 = 11.673 | Delta Dist 1000 = 11.448 | Episode Length = 50 | Episode Return = 25.0 | Evaluator Episodes = 5571 | Evaluator Steps = 278550 | Final Dist = 0.568 | Final Dist 10 = 1.448 | Final Dist 100 = 1.133 | Final Dist 1000 = 1.358 | Init Dist = 12.806 | Init Dist 10 = 12.806 | Init Dist 100 = 12.806 | Init Dist 1000 = 12.806 | Learner Steps = 17024 | Learner Walltime = 3350.471 | Min Dist = 0.324 | Min Dist 10 = 0.761 | Min Dist 100 = 0.382 | Min Dist 1000 = 0.630 | Steps Per Second = 84.055 | Success = 1.000 | Success 1000 = 0.923
I0502 16:02:07.616426 139555860620864 terminal.py:91] [Actor] Actor Episodes = 21997 | Actor Steps = 1099850 | Delta Dist = 0.000 | Delta Dist 10 = 5.785 | Delta Dist 100 = 4.968 | Delta Dist 1000 = 4.443 | Episode Length = 50 | Episode Return = 33.0 | Evaluator Episodes = 5571 | Evaluator Steps = 278550 | Final Dist = 4.000 | Final Dist 10 = 1.511 | Final Dist 100 = 1.108 | Final Dist 1000 = 1.414 | Init Dist = 4.000 | Init Dist 10 = 7.296 | Init Dist 100 = 6.076 | Init Dist 1000 = 5.857 | Learner Steps = 17030 | Learner Walltime = 3351.726 | Min Dist = 4.000 | Min Dist 10 = 0.201 | Min Dist 100 = 0.112 | Min Dist 1000 = 0.179 | Steps Per Second = 86.146 | Success = 0.000 | Success 1000 = 0.986
I0502 16:02:08.219566 139569349502528 terminal.py:91] [Actor] Actor Episodes = 22001 | Actor Steps = 1100050 | Delta Dist = 0.340 | Delta Dist 10 = 5.263 | Delta Dist 100 = 4.926 | Delta Dist 1000 = 4.435 | Episode Length = 50 | Episode Return = 37.0 | Evaluator Episodes = 5571 | Evaluator Steps = 278550 | Final Dist = 0.660 | Final Dist 10 = 1.576 | Final Dist 100 = 1.140 | Final Dist 1000 = 1.418 | Init Dist = 1.000 | Init Dist 10 = 6.839 | Init Dist 100 = 6.066 | Init Dist 1000 = 5.853 | Learner Steps = 17030 | Learner Walltime = 3351.726 | Min Dist = 0.025 | Min Dist 10 = 0.522 | Min Dist 100 = 0.146 | Min Dist 1000 = 0.182 | Steps Per Second = 74.245 | Success = 1.000 | Success 1000 = 0.985
I0502 16:02:08.684823 139579566835264 terminal.py:91] [Evaluator] Actor Episodes = 22001 | Actor Steps = 1100050 | Delta Dist = 5.595 | Delta Dist 10 = 11.345 | Delta Dist 100 = 11.673 | Delta Dist 1000 = 11.457 | Episode Length = 50 | Episode Return = 0.0 | Evaluator Episodes = 5573 | Evaluator Steps = 278650 | Final Dist = 7.212 | Final Dist 10 = 1.461 | Final Dist 100 = 1.133 | Final Dist 1000 = 1.350 | Init Dist = 12.806 | Init Dist 10 = 12.806 | Init Dist 100 = 12.806 | Init Dist 1000 = 12.806 | Learner Steps = 17030 | Learner Walltime = 3351.726 | Min Dist = 5.803 | Min Dist 10 = 0.786 | Min Dist 100 = 0.385 | Min Dist 1000 = 0.623 | Steps Per Second = 87.626 | Success = 0.000 | Success 1000 = 0.924
I0502 16:02:09.515458 139555013154368 terminal.py:91] [Learner] Actor Episodes = 22001 | Actor Loss = 3.7119669914245605 | Actor Steps = 1100050 | Binary Accuracy = 0.995995283126831 | Categorical Accuracy = 0.4425048828125 | Critic Loss = 1.8016301393508911 | Entropy Mean = -17.316736221313477 | Evaluator Episodes = 5573 | Evaluator Steps = 278650 | Learner Steps = 17040 | Learner Walltime = 3353.714 | Logits Neg = -17.093204498291016 | Logits Pos = -1.7850722074508667 | Logsumexp = 1.1782792806625366 | Steps Per Second = 128.422
I0502 16:02:09.810939 139579566835264 terminal.py:91] [Evaluator] Actor Episodes = 22009 | Actor Steps = 1100450 | Delta Dist = 11.168 | Delta Dist 10 = 10.762 | Delta Dist 100 = 11.606 | Delta Dist 1000 = 11.455 | Episode Length = 50 | Episode Return = 1.0 | Evaluator Episodes = 5575 | Evaluator Steps = 278750 | Final Dist = 1.638 | Final Dist 10 = 2.045 | Final Dist 100 = 1.201 | Final Dist 1000 = 1.351 | Init Dist = 12.806 | Init Dist 10 = 12.806 | Init Dist 100 = 12.806 | Init Dist 1000 = 12.806 | Learner Steps = 17036 | Learner Walltime = 3352.993 | Min Dist = 0.489 | Min Dist 10 = 1.432 | Min Dist 100 = 0.451 | Min Dist 1000 = 0.623 | Steps Per Second = 93.813 | Success = 1.000 | Success 1000 = 0.924
I0502 16:02:10.518845 139557462840896 terminal.py:91] [Actor] Actor Episodes = 22015 | Actor Steps = 1100750 | Delta Dist = 7.287 | Delta Dist 10 = 4.438 | Delta Dist 100 = 5.011 | Delta Dist 1000 = 4.450 | Episode Length = 50 | Episode Return = 18.0 | Evaluator Episodes = 5575 | Evaluator Steps = 278750 | Final Dist = 1.315 | Final Dist 10 = 0.970 | Final Dist 100 = 1.149 | Final Dist 1000 = 1.417 | Init Dist = 8.602 | Init Dist 10 = 5.409 | Init Dist 100 = 6.160 | Init Dist 1000 = 5.867 | Learner Steps = 17043 | Learner Walltime = 3354.320 | Min Dist = 0.089 | Min Dist 10 = 0.116 | Min Dist 100 = 0.148 | Min Dist 1000 = 0.183 | Steps Per Second = 88.817 | Success = 1.000 | Success 1000 = 0.985
I0502 16:02:10.919790 139579566835264 terminal.py:91] [Evaluator] Actor Episodes = 22017 | Actor Steps = 1100850 | Delta Dist = 11.722 | Delta Dist 10 = 10.159 | Delta Dist 100 = 11.559 | Delta Dist 1000 = 11.450 | Episode Length = 50 | Episode Return = 2.0 | Evaluator Episodes = 5577 | Evaluator Steps = 278850 | Final Dist = 1.084 | Final Dist 10 = 2.648 | Final Dist 100 = 1.247 | Final Dist 1000 = 1.356 | Init Dist = 12.806 | Init Dist 10 = 12.806 | Init Dist 100 = 12.806 | Init Dist 1000 = 12.806 | Learner Steps = 17043 | Learner Walltime = 3354.320 | Min Dist = 0.721 | Min Dist 10 = 2.047 | Min Dist 100 = 0.513 | Min Dist 1000 = 0.629 | Steps Per Second = 93.351 | Success = 1.000 | Success 1000 = 0.923
I0502 16:02:11.100476 139584504182336 lp_utils.py:96] StepsLimiter: Reached 1100850 recorded steps
I0502 16:02:12.075368 139579566835264 terminal.py:91] [Evaluator] Actor Episodes = 22025 | Actor Steps = 1101250 | Delta Dist = 11.884 | Delta Dist 10 = 10.081 | Delta Dist 100 = 11.556 | Delta Dist 1000 = 11.449 | Episode Length = 50 | Episode Return = 16.0 | Evaluator Episodes = 5579 | Evaluator Steps = 278950 | Final Dist = 0.922 | Final Dist 10 = 2.725 | Final Dist 100 = 1.250 | Final Dist 1000 = 1.358 | Init Dist = 12.806 | Init Dist 10 = 12.806 | Init Dist 100 = 12.806 | Init Dist 1000 = 12.806 | Learner Steps = 17050 | Learner Walltime = 3355.460 | Min Dist = 0.151 | Min Dist 10 = 2.082 | Min Dist 100 = 0.520 | Min Dist 1000 = 0.629 | Steps Per Second = 86.950 | Success = 1.000 | Success 1000 = 0.923
I0502 16:02:13.179386 139579566835264 terminal.py:91] [Evaluator] Actor Episodes = 22033 | Actor Steps = 1101650 | Delta Dist = 11.252 | Delta Dist 10 = 10.662 | Delta Dist 100 = 11.564 | Delta Dist 1000 = 11.450 | Episode Length = 50 | Episode Return = 16.0 | Evaluator Episodes = 5581 | Evaluator Steps = 279050 | Final Dist = 1.554 | Final Dist 10 = 2.144 | Final Dist 100 = 1.242 | Final Dist 1000 = 1.357 | Init Dist = 12.806 | Init Dist 10 = 12.806 | Init Dist 100 = 12.806 | Init Dist 1000 = 12.806 | Learner Steps = 17056 | Learner Walltime = 3356.607 | Min Dist = 0.367 | Min Dist 10 = 1.484 | Min Dist 100 = 0.519 | Min Dist 1000 = 0.629 | Steps Per Second = 91.281 | Success = 1.000 | Success 1000 = 0.923
I0502 16:02:14.216031 139558059398720 terminal.py:91] [Actor] Actor Episodes = 22038 | Actor Steps = 1101900 | Delta Dist = 3.683 | Delta Dist 10 = 3.823 | Delta Dist 100 = 4.770 | Delta Dist 1000 = 4.425 | Episode Length = 50 | Episode Return = 46.0 | Evaluator Episodes = 5581 | Evaluator Steps = 279050 | Final Dist = 0.441 | Final Dist 10 = 1.533 | Final Dist 100 = 1.392 | Final Dist 1000 = 1.456 | Init Dist = 4.123 | Init Dist 10 = 5.355 | Init Dist 100 = 6.162 | Init Dist 1000 = 5.881 | Learner Steps = 17061 | Learner Walltime = 3357.787 | Min Dist = 0.188 | Min Dist 10 = 0.401 | Min Dist 100 = 0.461 | Min Dist 1000 = 0.214 | Steps Per Second = 83.040 | Success = 1.000 | Success 1000 = 0.980
I0502 16:02:14.371147 139579566835264 terminal.py:91] [Evaluator] Actor Episodes = 22041 | Actor Steps = 1102050 | Delta Dist = 11.428 | Delta Dist 10 = 10.522 | Delta Dist 100 = 11.559 | Delta Dist 1000 = 11.455 | Episode Length = 50 | Episode Return = 8.0 | Evaluator Episodes = 5583 | Evaluator Steps = 279150 | Final Dist = 1.378 | Final Dist 10 = 2.285 | Final Dist 100 = 1.247 | Final Dist 1000 = 1.352 | Init Dist = 12.806 | Init Dist 10 = 12.806 | Init Dist 100 = 12.806 | Init Dist 1000 = 12.806 | Learner Steps = 17061 | Learner Walltime = 3357.787 | Min Dist = 0.546 | Min Dist 10 = 1.507 | Min Dist 100 = 0.522 | Min Dist 1000 = 0.623 | Steps Per Second = 89.100 | Success = 1.000 | Success 1000 = 0.924
I0502 16:02:15.521561 139579566835264 terminal.py:91] [Evaluator] Actor Episodes = 22049 | Actor Steps = 1102450 | Delta Dist = 12.496 | Delta Dist 10 = 11.120 | Delta Dist 100 = 11.622 | Delta Dist 1000 = 11.454 | Episode Length = 50 | Episode Return = 26.0 | Evaluator Episodes = 5585 | Evaluator Steps = 279250 | Final Dist = 0.310 | Final Dist 10 = 1.686 | Final Dist 100 = 1.184 | Final Dist 1000 = 1.352 | Init Dist = 12.806 | Init Dist 10 = 12.806 | Init Dist 100 = 12.806 | Init Dist 1000 = 12.806 | Learner Steps = 17068 | Learner Walltime = 3359.173 | Min Dist = 0.053 | Min Dist 10 = 0.899 | Min Dist 100 = 0.456 | Min Dist 1000 = 0.624 | Steps Per Second = 97.999 | Success = 1.000 | Success 1000 = 0.924
I0502 16:02:16.708129 139579566835264 terminal.py:91] [Evaluator] Actor Episodes = 22057 | Actor Steps = 1102850 | Delta Dist = 11.492 | Delta Dist 10 = 11.760 | Delta Dist 100 = 11.629 | Delta Dist 1000 = 11.454 | Episode Length = 50 | Episode Return = 23.0 | Evaluator Episodes = 5587 | Evaluator Steps = 279350 | Final Dist = 1.314 | Final Dist 10 = 1.046 | Final Dist 100 = 1.178 | Final Dist 1000 = 1.352 | Init Dist = 12.806 | Init Dist 10 = 12.806 | Init Dist 100 = 12.806 | Init Dist 1000 = 12.806 | Learner Steps = 17075 | Learner Walltime = 3360.457 | Min Dist = 0.022 | Min Dist 10 = 0.286 | Min Dist 100 = 0.456 | Min Dist 1000 = 0.624 | Steps Per Second = 93.236 | Success = 1.000 | Success 1000 = 0.924
I0502 16:02:17.822155 139555860620864 terminal.py:91] [Actor] Actor Episodes = 22062 | Actor Steps = 1103100 | Delta Dist = 3.704 | Delta Dist 10 = 4.396 | Delta Dist 100 = 4.579 | Delta Dist 1000 = 4.391 | Episode Length = 50 | Episode Return = 1.0 | Evaluator Episodes = 5587 | Evaluator Steps = 279350 | Final Dist = 1.681 | Final Dist 10 = 1.802 | Final Dist 100 = 1.603 | Final Dist 1000 = 1.493 | Init Dist = 5.385 | Init Dist 10 = 6.198 | Init Dist 100 = 6.182 | Init Dist 1000 = 5.883 | Learner Steps = 17075 | Learner Walltime = 3360.457 | Min Dist = 0.105 | Min Dist 10 = 1.180 | Min Dist 100 = 0.736 | Min Dist 1000 = 0.242 | Steps Per Second = 92.231 | Success = 1.000 | Success 1000 = 0.979
I0502 16:02:17.941097 139579566835264 terminal.py:91] [Evaluator] Actor Episodes = 22063 | Actor Steps = 1103150 | Delta Dist = 11.891 | Delta Dist 10 = 11.817 | Delta Dist 100 = 11.629 | Delta Dist 1000 = 11.462 | Episode Length = 50 | Episode Return = 20.0 | Evaluator Episodes = 5589 | Evaluator Steps = 279450 | Final Dist = 0.916 | Final Dist 10 = 0.990 | Final Dist 100 = 1.177 | Final Dist 1000 = 1.345 | Init Dist = 12.806 | Init Dist 10 = 12.806 | Init Dist 100 = 12.806 | Init Dist 1000 = 12.806 | Learner Steps = 17081 | Learner Walltime = 3361.539 | Min Dist = 0.218 | Min Dist 10 = 0.210 | Min Dist 100 = 0.453 | Min Dist 1000 = 0.617 | Steps Per Second = 81.342 | Success = 1.000 | Success 1000 = 0.925
I0502 16:02:18.548835 139569349502528 terminal.py:91] [Actor] Actor Episodes = 22066 | Actor Steps = 1103300 | Delta Dist = -1.023 | Delta Dist 10 = 5.415 | Delta Dist 100 = 4.634 | Delta Dist 1000 = 4.389 | Episode Length = 50 | Episode Return = 16.0 | Evaluator Episodes = 5589 | Evaluator Steps = 279450 | Final Dist = 2.023 | Final Dist 10 = 0.710 | Final Dist 100 = 1.624 | Final Dist 1000 = 1.492 | Init Dist = 1.000 | Init Dist 10 = 6.126 | Init Dist 100 = 6.258 | Init Dist 1000 = 5.881 | Learner Steps = 17081 | Learner Walltime = 3361.539 | Min Dist = 0.001 | Min Dist 10 = 0.057 | Min Dist 100 = 0.732 | Min Dist 1000 = 0.241 | Steps Per Second = 87.797 | Success = 1.000 | Success 1000 = 0.979
I0502 16:02:19.129548 139579566835264 terminal.py:91] [Evaluator] Actor Episodes = 22071 | Actor Steps = 1103550 | Delta Dist = 8.185 | Delta Dist 10 = 11.693 | Delta Dist 100 = 11.626 | Delta Dist 1000 = 11.461 | Episode Length = 50 | Episode Return = 0.0 | Evaluator Episodes = 5591 | Evaluator Steps = 279550 | Final Dist = 4.621 | Final Dist 10 = 1.113 | Final Dist 100 = 1.180 | Final Dist 1000 = 1.345 | Init Dist = 12.806 | Init Dist 10 = 12.806 | Init Dist 100 = 12.806 | Init Dist 1000 = 12.806 | Learner Steps = 17088 | Learner Walltime = 3362.658 | Min Dist = 4.621 | Min Dist 10 = 0.228 | Min Dist 100 = 0.452 | Min Dist 1000 = 0.617 | Steps Per Second = 84.452 | Success = 0.000 | Success 1000 = 0.925
I0502 16:02:19.641270 139555013154368 terminal.py:91] [Learner] Actor Episodes = 22075 | Actor Loss = 3.5514283180236816 | Actor Steps = 1103750 | Binary Accuracy = 0.9961051940917969 | Categorical Accuracy = 0.427734375 | Critic Loss = 1.8327138423919678 | Entropy Mean = -19.751529693603516 | Evaluator Episodes = 5591 | Evaluator Steps = 279550 | Learner Steps = 17093 | Learner Walltime = 3363.834 | Logits Neg = -16.741046905517578 | Logits Pos = -1.8379572629928589 | Logsumexp = 1.0849833488464355 | Steps Per Second = 130.461
I0502 16:02:20.335907 139579566835264 terminal.py:91] [Evaluator] Actor Episodes = 22079 | Actor Steps = 1103950 | Delta Dist = 12.176 | Delta Dist 10 = 11.381 | Delta Dist 100 = 11.583 | Delta Dist 1000 = 11.458 | Episode Length = 50 | Episode Return = 34.0 | Evaluator Episodes = 5593 | Evaluator Steps = 279650 | Final Dist = 0.630 | Final Dist 10 = 1.425 | Final Dist 100 = 1.223 | Final Dist 1000 = 1.348 | Init Dist = 12.806 | Init Dist 10 = 12.806 | Init Dist 100 = 12.806 | Init Dist 1000 = 12.806 | Learner Steps = 17093 | Learner Walltime = 3363.834 | Min Dist = 0.058 | Min Dist 10 = 0.627 | Min Dist 100 = 0.494 | Min Dist 1000 = 0.621 | Steps Per Second = 84.972 | Success = 1.000 | Success 1000 = 0.924
I0502 16:02:21.094951 139557462840896 terminal.py:91] [Actor] Actor Episodes = 22087 | Actor Steps = 1104350 | Delta Dist = 9.030 | Delta Dist 10 = 3.790 | Delta Dist 100 = 4.286 | Delta Dist 1000 = 4.386 | Episode Length = 50 | Episode Return = 27.0 | Evaluator Episodes = 5593 | Evaluator Steps = 279650 | Final Dist = 0.189 | Final Dist 10 = 2.372 | Final Dist 100 = 1.798 | Final Dist 1000 = 1.498 | Init Dist = 9.220 | Init Dist 10 = 6.162 | Init Dist 100 = 6.084 | Init Dist 1000 = 5.884 | Learner Steps = 17100 | Learner Walltime = 3364.844 | Min Dist = 0.189 | Min Dist 10 = 0.270 | Min Dist 100 = 0.722 | Min Dist 1000 = 0.243 | Steps Per Second = 82.722 | Success = 1.000 | Success 1000 = 0.978
I0502 16:02:21.116996 139584504182336 lp_utils.py:96] StepsLimiter: Reached 1104350 recorded steps
I0502 16:02:21.533584 139579566835264 terminal.py:91] [Evaluator] Actor Episodes = 22087 | Actor Steps = 1104350 | Delta Dist = 12.287 | Delta Dist 10 = 11.501 | Delta Dist 100 = 11.595 | Delta Dist 1000 = 11.458 | Episode Length = 50 | Episode Return = 31.0 | Evaluator Episodes = 5595 | Evaluator Steps = 279750 | Final Dist = 0.519 | Final Dist 10 = 1.306 | Final Dist 100 = 1.211 | Final Dist 1000 = 1.348 | Init Dist = 12.806 | Init Dist 10 = 12.806 | Init Dist 100 = 12.806 | Init Dist 1000 = 12.806 | Learner Steps = 17100 | Learner Walltime = 3364.844 | Min Dist = 0.152 | Min Dist 10 = 0.575 | Min Dist 100 = 0.493 | Min Dist 1000 = 0.621 | Steps Per Second = 82.750 | Success = 1.000 | Success 1000 = 0.924
I0502 16:02:22.751406 139579566835264 terminal.py:91] [Evaluator] Actor Episodes = 22095 | Actor Steps = 1104750 | Delta Dist = 12.599 | Delta Dist 10 = 11.525 | Delta Dist 100 = 11.613 | Delta Dist 1000 = 11.465 | Episode Length = 50 | Episode Return = 11.0 | Evaluator Episodes = 5597 | Evaluator Steps = 279850 | Final Dist = 0.207 | Final Dist 10 = 1.281 | Final Dist 100 = 1.193 | Final Dist 1000 = 1.341 | Init Dist = 12.806 | Init Dist 10 = 12.806 | Init Dist 100 = 12.806 | Init Dist 1000 = 12.806 | Learner Steps = 17105 | Learner Walltime = 3366.001 | Min Dist = 0.207 | Min Dist 10 = 0.558 | Min Dist 100 = 0.486 | Min Dist 1000 = 0.613 | Steps Per Second = 80.947 | Success = 1.000 | Success 1000 = 0.925
I0502 16:02:23.875443 139579566835264 terminal.py:91] [Evaluator] Actor Episodes = 22103 | Actor Steps = 1105150 | Delta Dist = 11.674 | Delta Dist 10 = 11.678 | Delta Dist 100 = 11.627 | Delta Dist 1000 = 11.467 | Episode Length = 50 | Episode Return = 20.0 | Evaluator Episodes = 5599 | Evaluator Steps = 279950 | Final Dist = 1.132 | Final Dist 10 = 1.128 | Final Dist 100 = 1.179 | Final Dist 1000 = 1.339 | Init Dist = 12.806 | Init Dist 10 = 12.806 | Init Dist 100 = 12.806 | Init Dist 1000 = 12.806 | Learner Steps = 17111 | Learner Walltime = 3367.246 | Min Dist = 0.086 | Min Dist 10 = 0.569 | Min Dist 100 = 0.485 | Min Dist 1000 = 0.613 | Steps Per Second = 82.552 | Success = 1.000 | Success 1000 = 0.925
I0502 16:02:24.446244 139558059398720 terminal.py:91] [Actor] Actor Episodes = 22109 | Actor Steps = 1105450 | Delta Dist = 3.829 | Delta Dist 10 = 5.992 | Delta Dist 100 = 4.472 | Delta Dist 1000 = 4.433 | Episode Length = 50 | Episode Return = 35.0 | Evaluator Episodes = 5599 | Evaluator Steps = 279950 | Final Dist = 0.294 | Final Dist 10 = 1.146 | Final Dist 100 = 1.773 | Final Dist 1000 = 1.473 | Init Dist = 4.123 | Init Dist 10 = 7.137 | Init Dist 100 = 6.245 | Init Dist 1000 = 5.906 | Learner Steps = 17118 | Learner Walltime = 3368.469 | Min Dist = 0.068 | Min Dist 10 = 0.178 | Min Dist 100 = 0.691 | Min Dist 1000 = 0.234 | Steps Per Second = 80.108 | Success = 1.000 | Success 1000 = 0.977
I0502 16:02:24.993678 139579566835264 terminal.py:91] [Evaluator] Actor Episodes = 22111 | Actor Steps = 1105550 | Delta Dist = 11.400 | Delta Dist 10 = 11.739 | Delta Dist 100 = 11.625 | Delta Dist 1000 = 11.475 | Episode Length = 50 | Episode Return = 23.0 | Evaluator Episodes = 5601 | Evaluator Steps = 280050 | Final Dist = 1.406 | Final Dist 10 = 1.067 | Final Dist 100 = 1.181 | Final Dist 1000 = 1.332 | Init Dist = 12.806 | Init Dist 10 = 12.806 | Init Dist 100 = 12.806 | Init Dist 1000 = 12.806 | Learner Steps = 17118 | Learner Walltime = 3368.469 | Min Dist = 0.169 | Min Dist 10 = 0.545 | Min Dist 100 = 0.480 | Min Dist 1000 = 0.607 | Steps Per Second = 96.507 | Success = 1.000 | Success 1000 = 0.926
I0502 16:02:26.137109 139579566835264 terminal.py:91] [Evaluator] Actor Episodes = 22119 | Actor Steps = 1105950 | Delta Dist = 12.403 | Delta Dist 10 = 12.160 | Delta Dist 100 = 11.626 | Delta Dist 1000 = 11.493 | Episode Length = 50 | Episode Return = 10.0 | Evaluator Episodes = 5603 | Evaluator Steps = 280150 | Final Dist = 0.403 | Final Dist 10 = 0.646 | Final Dist 100 = 1.181 | Final Dist 1000 = 1.314 | Init Dist = 12.806 | Init Dist 10 = 12.806 | Init Dist 100 = 12.806 | Init Dist 1000 = 12.806 | Learner Steps = 17123 | Learner Walltime = 3369.606 | Min Dist = 0.028 | Min Dist 10 = 0.111 | Min Dist 100 = 0.472 | Min Dist 1000 = 0.589 | Steps Per Second = 90.389 | Success = 1.000 | Success 1000 = 0.928
I0502 16:02:27.327115 139579566835264 terminal.py:91] [Evaluator] Actor Episodes = 22127 | Actor Steps = 1106350 | Delta Dist = 12.441 | Delta Dist 10 = 12.125 | Delta Dist 100 = 11.639 | Delta Dist 1000 = 11.494 | Episode Length = 50 | Episode Return = 24.0 | Evaluator Episodes = 5605 | Evaluator Steps = 280250 | Final Dist = 0.365 | Final Dist 10 = 0.682 | Final Dist 100 = 1.168 | Final Dist 1000 = 1.313 | Init Dist = 12.806 | Init Dist 10 = 12.806 | Init Dist 100 = 12.806 | Init Dist 1000 = 12.806 | Learner Steps = 17129 | Learner Walltime = 3370.607 | Min Dist = 0.028 | Min Dist 10 = 0.115 | Min Dist 100 = 0.466 | Min Dist 1000 = 0.589 | Steps Per Second = 85.355 | Success = 1.000 | Success 1000 = 0.928
I0502 16:02:28.165307 139555860620864 terminal.py:91] [Actor] Actor Episodes = 22133 | Actor Steps = 1106650 | Delta Dist = 1.792 | Delta Dist 10 = 3.752 | Delta Dist 100 = 4.585 | Delta Dist 1000 = 4.421 | Episode Length = 50 | Episode Return = 36.0 | Evaluator Episodes = 5605 | Evaluator Steps = 280250 | Final Dist = 2.331 | Final Dist 10 = 1.736 | Final Dist 100 = 1.514 | Final Dist 1000 = 1.482 | Init Dist = 4.123 | Init Dist 10 = 5.489 | Init Dist 100 = 6.098 | Init Dist 1000 = 5.903 | Learner Steps = 17135 | Learner Walltime = 3371.831 | Min Dist = 0.388 | Min Dist 10 = 0.183 | Min Dist 100 = 0.421 | Min Dist 1000 = 0.234 | Steps Per Second = 74.068 | Success = 1.000 | Success 1000 = 0.977
I0502 16:02:28.518430 139579566835264 terminal.py:91] [Evaluator] Actor Episodes = 22135 | Actor Steps = 1106750 | Delta Dist = 11.549 | Delta Dist 10 = 12.164 | Delta Dist 100 = 11.658 | Delta Dist 1000 = 11.494 | Episode Length = 50 | Episode Return = 2.0 | Evaluator Episodes = 5607 | Evaluator Steps = 280350 | Final Dist = 1.257 | Final Dist 10 = 0.642 | Final Dist 100 = 1.149 | Final Dist 1000 = 1.312 | Init Dist = 12.806 | Init Dist 10 = 12.806 | Init Dist 100 = 12.806 | Init Dist 1000 = 12.806 | Learner Steps = 17135 | Learner Walltime = 3371.831 | Min Dist = 0.843 | Min Dist 10 = 0.106 | Min Dist 100 = 0.464 | Min Dist 1000 = 0.589 | Steps Per Second = 103.206 | Success = 1.000 | Success 1000 = 0.928
I0502 16:02:29.046296 139569349502528 terminal.py:91] [Actor] Actor Episodes = 22137 | Actor Steps = 1106850 | Delta Dist = 5.848 | Delta Dist 10 = 4.514 | Delta Dist 100 = 4.586 | Delta Dist 1000 = 4.410 | Episode Length = 50 | Episode Return = 24.0 | Evaluator Episodes = 5607 | Evaluator Steps = 280350 | Final Dist = 0.152 | Final Dist 10 = 1.799 | Final Dist 100 = 1.498 | Final Dist 1000 = 1.489 | Init Dist = 6.000 | Init Dist 10 = 6.312 | Init Dist 100 = 6.085 | Init Dist 1000 = 5.900 | Learner Steps = 17140 | Learner Walltime = 3373.049 | Min Dist = 0.043 | Min Dist 10 = 0.084 | Min Dist 100 = 0.399 | Min Dist 1000 = 0.234 | Steps Per Second = 78.476 | Success = 1.000 | Success 1000 = 0.977
I0502 16:02:29.686882 139579566835264 terminal.py:91] [Evaluator] Actor Episodes = 22141 | Actor Steps = 1107050 | Delta Dist = 12.295 | Delta Dist 10 = 11.939 | Delta Dist 100 = 11.657 | Delta Dist 1000 = 11.493 | Episode Length = 50 | Episode Return = 20.0 | Evaluator Episodes = 5609 | Evaluator Steps = 280450 | Final Dist = 0.511 | Final Dist 10 = 0.867 | Final Dist 100 = 1.149 | Final Dist 1000 = 1.313 | Init Dist = 12.806 | Init Dist 10 = 12.806 | Init Dist 100 = 12.806 | Init Dist 1000 = 12.806 | Learner Steps = 17140 | Learner Walltime = 3373.049 | Min Dist = 0.063 | Min Dist 10 = 0.221 | Min Dist 100 = 0.452 | Min Dist 1000 = 0.590 | Steps Per Second = 79.288 | Success = 1.000 | Success 1000 = 0.928
I0502 16:02:29.865454 139555013154368 terminal.py:91] [Learner] Actor Episodes = 22143 | Actor Loss = 3.6037678718566895 | Actor Steps = 1107150 | Binary Accuracy = 0.9960753917694092 | Categorical Accuracy = 0.42236328125 | Critic Loss = 1.8733747005462646 | Entropy Mean = -18.80190086364746 | Evaluator Episodes = 5609 | Evaluator Steps = 280450 | Learner Steps = 17146 | Learner Walltime = 3374.059 | Logits Neg = -16.589696884155273 | Logits Pos = -1.8645837306976318 | Logsumexp = 1.1185388565063477 | Steps Per Second = 232.250
I0502 16:02:30.792994 139579566835264 terminal.py:91] [Evaluator] Actor Episodes = 22149 | Actor Steps = 1107450 | Delta Dist = 11.642 | Delta Dist 10 = 12.088 | Delta Dist 100 = 11.670 | Delta Dist 1000 = 11.494 | Episode Length = 50 | Episode Return = 11.0 | Evaluator Episodes = 5611 | Evaluator Steps = 280550 | Final Dist = 1.164 | Final Dist 10 = 0.719 | Final Dist 100 = 1.136 | Final Dist 1000 = 1.313 | Init Dist = 12.806 | Init Dist 10 = 12.806 | Init Dist 100 = 12.806 | Init Dist 1000 = 12.806 | Learner Steps = 17146 | Learner Walltime = 3374.059 | Min Dist = 0.136 | Min Dist 10 = 0.233 | Min Dist 100 = 0.453 | Min Dist 1000 = 0.589 | Steps Per Second = 96.811 | Success = 1.000 | Success 1000 = 0.928
I0502 16:02:31.136358 139584504182336 lp_utils.py:96] StepsLimiter: Reached 1107550 recorded steps
I0502 16:02:31.392897 139557462840896 terminal.py:91] [Actor] Actor Episodes = 22152 | Actor Steps = 1107600 | Delta Dist = 4.648 | Delta Dist 10 = 4.729 | Delta Dist 100 = 4.722 | Delta Dist 1000 = 4.431 | Episode Length = 50 | Episode Return = 0.0 | Evaluator Episodes = 5611 | Evaluator Steps = 280550 | Final Dist = 3.162 | Final Dist 10 = 1.472 | Final Dist 100 = 1.513 | Final Dist 1000 = 1.493 | Init Dist = 7.810 | Init Dist 10 = 6.201 | Init Dist 100 = 6.234 | Init Dist 1000 = 5.924 | Learner Steps = 17146 | Learner Walltime = 3374.059 | Min Dist = 0.052 | Min Dist 10 = 0.628 | Min Dist 100 = 0.289 | Min Dist 1000 = 0.239 | Steps Per Second = 94.576 | Success = 1.000 | Success 1000 = 0.977
I0502 16:02:32.031188 139579566835264 terminal.py:91] [Evaluator] Actor Episodes = 22159 | Actor Steps = 1107950 | Delta Dist = 11.881 | Delta Dist 10 = 12.113 | Delta Dist 100 = 11.664 | Delta Dist 1000 = 11.494 | Episode Length = 50 | Episode Return = 11.0 | Evaluator Episodes = 5613 | Evaluator Steps = 280650 | Final Dist = 0.926 | Final Dist 10 = 0.693 | Final Dist 100 = 1.143 | Final Dist 1000 = 1.312 | Init Dist = 12.806 | Init Dist 10 = 12.806 | Init Dist 100 = 12.806 | Init Dist 1000 = 12.806 | Learner Steps = 17152 | Learner Walltime = 3375.198 | Min Dist = 0.228 | Min Dist 10 = 0.227 | Min Dist 100 = 0.452 | Min Dist 1000 = 0.589 | Steps Per Second = 84.581 | Success = 1.000 | Success 1000 = 0.928
I0502 16:02:33.175269 139579566835264 terminal.py:91] [Evaluator] Actor Episodes = 22167 | Actor Steps = 1108350 | Delta Dist = 11.565 | Delta Dist 10 = 12.029 | Delta Dist 100 = 11.668 | Delta Dist 1000 = 11.494 | Episode Length = 50 | Episode Return = 14.0 | Evaluator Episodes = 5615 | Evaluator Steps = 280750 | Final Dist = 1.241 | Final Dist 10 = 0.778 | Final Dist 100 = 1.139 | Final Dist 1000 = 1.312 | Init Dist = 12.806 | Init Dist 10 = 12.806 | Init Dist 100 = 12.806 | Init Dist 1000 = 12.806 | Learner Steps = 17159 | Learner Walltime = 3376.597 | Min Dist = 0.329 | Min Dist 10 = 0.240 | Min Dist 100 = 0.451 | Min Dist 1000 = 0.589 | Steps Per Second = 95.765 | Success = 1.000 | Success 1000 = 0.928
I0502 16:02:34.459120 139579566835264 terminal.py:91] [Evaluator] Actor Episodes = 22175 | Actor Steps = 1108750 | Delta Dist = 11.797 | Delta Dist 10 = 11.873 | Delta Dist 100 = 11.672 | Delta Dist 1000 = 11.494 | Episode Length = 50 | Episode Return = 4.0 | Evaluator Episodes = 5617 | Evaluator Steps = 280850 | Final Dist = 1.009 | Final Dist 10 = 0.933 | Final Dist 100 = 1.134 | Final Dist 1000 = 1.312 | Init Dist = 12.806 | Init Dist 10 = 12.806 | Init Dist 100 = 12.806 | Init Dist 1000 = 12.806 | Learner Steps = 17165 | Learner Walltime = 3377.840 | Min Dist = 0.242 | Min Dist 10 = 0.291 | Min Dist 100 = 0.452 | Min Dist 1000 = 0.589 | Steps Per Second = 75.821 | Success = 1.000 | Success 1000 = 0.928
I0502 16:02:34.829821 139558059398720 terminal.py:91] [Actor] Actor Episodes = 22172 | Actor Steps = 1108600 | Delta Dist = -0.313 | Delta Dist 10 = 5.474 | Delta Dist 100 = 5.049 | Delta Dist 1000 = 4.452 | Episode Length = 50 | Episode Return = 21.0 | Evaluator Episodes = 5615 | Evaluator Steps = 280750 | Final Dist = 1.313 | Final Dist 10 = 0.859 | Final Dist 100 = 1.351 | Final Dist 1000 = 1.478 | Init Dist = 1.000 | Init Dist 10 = 6.333 | Init Dist 100 = 6.400 | Init Dist 1000 = 5.929 | Learner Steps = 17165 | Learner Walltime = 3377.840 | Min Dist = 0.058 | Min Dist 10 = 0.081 | Min Dist 100 = 0.180 | Min Dist 1000 = 0.219 | Steps Per Second = 72.083 | Success = 1.000 | Success 1000 = 0.978
I0502 16:02:35.791483 139579566835264 terminal.py:91] [Evaluator] Actor Episodes = 22183 | Actor Steps = 1109150 | Delta Dist = 12.390 | Delta Dist 10 = 11.913 | Delta Dist 100 = 11.663 | Delta Dist 1000 = 11.495 | Episode Length = 50 | Episode Return = 25.0 | Evaluator Episodes = 5619 | Evaluator Steps = 280950 | Final Dist = 0.417 | Final Dist 10 = 0.893 | Final Dist 100 = 1.143 | Final Dist 1000 = 1.311 | Init Dist = 12.806 | Init Dist 10 = 12.806 | Init Dist 100 = 12.806 | Init Dist 1000 = 12.806 | Learner Steps = 17171 | Learner Walltime = 3378.985 | Min Dist = 0.384 | Min Dist 10 = 0.189 | Min Dist 100 = 0.449 | Min Dist 1000 = 0.589 | Steps Per Second = 67.959 | Success = 1.000 | Success 1000 = 0.928
I0502 16:02:36.989967 139579566835264 terminal.py:91] [Evaluator] Actor Episodes = 22189 | Actor Steps = 1109450 | Delta Dist = 3.839 | Delta Dist 10 = 11.845 | Delta Dist 100 = 11.673 | Delta Dist 1000 = 11.496 | Episode Length = 50 | Episode Return = 0.0 | Evaluator Episodes = 5621 | Evaluator Steps = 281050 | Final Dist = 8.967 | Final Dist 10 = 0.961 | Final Dist 100 = 1.133 | Final Dist 1000 = 1.310 | Init Dist = 12.806 | Init Dist 10 = 12.806 | Init Dist 100 = 12.806 | Init Dist 1000 = 12.806 | Learner Steps = 17181 | Learner Walltime = 3381.082 | Min Dist = 7.154 | Min Dist 10 = 0.210 | Min Dist 100 = 0.448 | Min Dist 1000 = 0.590 | Steps Per Second = 92.178 | Success = 0.000 | Success 1000 = 0.928
I0502 16:02:38.181586 139579566835264 terminal.py:91] [Evaluator] Actor Episodes = 22197 | Actor Steps = 1109850 | Delta Dist = 12.605 | Delta Dist 10 = 10.947 | Delta Dist 100 = 11.595 | Delta Dist 1000 = 11.487 | Episode Length = 50 | Episode Return = 18.0 | Evaluator Episodes = 5623 | Evaluator Steps = 281150 | Final Dist = 0.201 | Final Dist 10 = 1.860 | Final Dist 100 = 1.212 | Final Dist 1000 = 1.319 | Init Dist = 12.806 | Init Dist 10 = 12.806 | Init Dist 100 = 12.806 | Init Dist 1000 = 12.806 | Learner Steps = 17187 | Learner Walltime = 3382.247 | Min Dist = 0.194 | Min Dist 10 = 0.938 | Min Dist 100 = 0.512 | Min Dist 1000 = 0.597 | Steps Per Second = 80.443 | Success = 1.000 | Success 1000 = 0.927
I0502 16:02:38.282821 139555860620864 terminal.py:91] [Actor] Actor Episodes = 22199 | Actor Steps = 1109950 | Delta Dist = 2.449 | Delta Dist 10 = 4.358 | Delta Dist 100 = 4.948 | Delta Dist 1000 = 4.487 | Episode Length = 50 | Episode Return = 26.0 | Evaluator Episodes = 5623 | Evaluator Steps = 281150 | Final Dist = 0.551 | Final Dist 10 = 0.884 | Final Dist 100 = 1.170 | Final Dist 1000 = 1.451 | Init Dist = 3.000 | Init Dist 10 = 5.243 | Init Dist 100 = 6.118 | Init Dist 1000 = 5.938 | Learner Steps = 17187 | Learner Walltime = 3382.247 | Min Dist = 0.046 | Min Dist 10 = 0.069 | Min Dist 100 = 0.155 | Min Dist 1000 = 0.217 | Steps Per Second = 76.110 | Success = 1.000 | Success 1000 = 0.980
I0502 16:02:39.070525 139569349502528 terminal.py:91] [Actor] Actor Episodes = 22201 | Actor Steps = 1110050 | Delta Dist = 5.605 | Delta Dist 10 = 3.330 | Delta Dist 100 = 4.900 | Delta Dist 1000 = 4.475 | Episode Length = 50 | Episode Return = 40.0 | Evaluator Episodes = 5623 | Evaluator Steps = 281150 | Final Dist = 1.675 | Final Dist 10 = 1.119 | Final Dist 100 = 1.158 | Final Dist 1000 = 1.450 | Init Dist = 7.280 | Init Dist 10 = 4.449 | Init Dist 100 = 6.058 | Init Dist 1000 = 5.925 | Learner Steps = 17187 | Learner Walltime = 3382.247 | Min Dist = 0.028 | Min Dist 10 = 0.075 | Min Dist 100 = 0.146 | Min Dist 1000 = 0.215 | Steps Per Second = 97.725 | Success = 1.000 | Success 1000 = 0.980
I0502 16:02:39.475847 139579566835264 terminal.py:91] [Evaluator] Actor Episodes = 22203 | Actor Steps = 1110150 | Delta Dist = 11.866 | Delta Dist 10 = 11.013 | Delta Dist 100 = 11.601 | Delta Dist 1000 = 11.488 | Episode Length = 50 | Episode Return = 22.0 | Evaluator Episodes = 5625 | Evaluator Steps = 281250 | Final Dist = 0.940 | Final Dist 10 = 1.793 | Final Dist 100 = 1.205 | Final Dist 1000 = 1.318 | Init Dist = 12.806 | Init Dist 10 = 12.806 | Init Dist 100 = 12.806 | Init Dist 1000 = 12.806 | Learner Steps = 17193 | Learner Walltime = 3383.485 | Min Dist = 0.168 | Min Dist 10 = 0.974 | Min Dist 100 = 0.516 | Min Dist 1000 = 0.597 | Steps Per Second = 68.452 | Success = 1.000 | Success 1000 = 0.927
I0502 16:02:39.925923 139555013154368 terminal.py:91] [Learner] Actor Episodes = 22203 | Actor Loss = 3.671112060546875 | Actor Steps = 1110150 | Binary Accuracy = 0.9960780143737793 | Categorical Accuracy = 0.43359375 | Critic Loss = 1.8403676748275757 | Entropy Mean = -17.455718994140625 | Evaluator Episodes = 5623 | Evaluator Steps = 281150 | Learner Steps = 17196 | Learner Walltime = 3384.119 | Logits Neg = -17.110097885131836 | Logits Pos = -1.830423355102539 | Logsumexp = 1.1995213031768799 | Steps Per Second = 236.795
I0502 16:02:40.800097 139579566835264 terminal.py:91] [Evaluator] Actor Episodes = 22211 | Actor Steps = 1110550 | Delta Dist = 11.820 | Delta Dist 10 = 10.978 | Delta Dist 100 = 11.588 | Delta Dist 1000 = 11.488 | Episode Length = 50 | Episode Return = 21.0 | Evaluator Episodes = 5627 | Evaluator Steps = 281350 | Final Dist = 0.987 | Final Dist 10 = 1.828 | Final Dist 100 = 1.219 | Final Dist 1000 = 1.318 | Init Dist = 12.806 | Init Dist 10 = 12.806 | Init Dist 100 = 12.806 | Init Dist 1000 = 12.806 | Learner Steps = 17198 | Learner Walltime = 3384.522 | Min Dist = 0.192 | Min Dist 10 = 0.950 | Min Dist 100 = 0.515 | Min Dist 1000 = 0.597 | Steps Per Second = 74.637 | Success = 1.000 | Success 1000 = 0.927
I0502 16:02:41.152759 139584504182336 lp_utils.py:96] StepsLimiter: Reached 1110750 recorded steps
I0502 16:02:41.515567 139557462840896 terminal.py:91] [Actor] Actor Episodes = 22214 | Actor Steps = 1110700 | Delta Dist = 5.511 | Delta Dist 10 = 4.875 | Delta Dist 100 = 4.778 | Delta Dist 1000 = 4.500 | Episode Length = 50 | Episode Return = 28.0 | Evaluator Episodes = 5627 | Evaluator Steps = 281350 | Final Dist = 0.320 | Final Dist 10 = 0.801 | Final Dist 100 = 1.157 | Final Dist 1000 = 1.437 | Init Dist = 5.831 | Init Dist 10 = 5.676 | Init Dist 100 = 5.935 | Init Dist 1000 = 5.937 | Learner Steps = 17198 | Learner Walltime = 3384.522 | Min Dist = 0.037 | Min Dist 10 = 0.067 | Min Dist 100 = 0.141 | Min Dist 1000 = 0.214 | Steps Per Second = 78.991 | Success = 1.000 | Success 1000 = 0.982
I0502 16:02:41.966827 139579566835264 terminal.py:91] [Evaluator] Actor Episodes = 22219 | Actor Steps = 1110950 | Delta Dist = 12.412 | Delta Dist 10 = 10.982 | Delta Dist 100 = 11.590 | Delta Dist 1000 = 11.488 | Episode Length = 50 | Episode Return = 19.0 | Evaluator Episodes = 5629 | Evaluator Steps = 281450 | Final Dist = 0.395 | Final Dist 10 = 1.824 | Final Dist 100 = 1.216 | Final Dist 1000 = 1.318 | Init Dist = 12.806 | Init Dist 10 = 12.806 | Init Dist 100 = 12.806 | Init Dist 1000 = 12.806 | Learner Steps = 17204 | Learner Walltime = 3385.835 | Min Dist = 0.272 | Min Dist 10 = 0.961 | Min Dist 100 = 0.517 | Min Dist 1000 = 0.597 | Steps Per Second = 85.660 | Success = 1.000 | Success 1000 = 0.927
I0502 16:02:43.152247 139579566835264 terminal.py:91] [Evaluator] Actor Episodes = 22227 | Actor Steps = 1111350 | Delta Dist = 11.063 | Delta Dist 10 = 11.044 | Delta Dist 100 = 11.598 | Delta Dist 1000 = 11.489 | Episode Length = 50 | Episode Return = 3.0 | Evaluator Episodes = 5631 | Evaluator Steps = 281550 | Final Dist = 1.743 | Final Dist 10 = 1.762 | Final Dist 100 = 1.209 | Final Dist 1000 = 1.317 | Init Dist = 12.806 | Init Dist 10 = 12.806 | Init Dist 100 = 12.806 | Init Dist 1000 = 12.806 | Learner Steps = 17209 | Learner Walltime = 3386.838 | Min Dist = 0.179 | Min Dist 10 = 0.944 | Min Dist 100 = 0.516 | Min Dist 1000 = 0.597 | Steps Per Second = 97.199 | Success = 1.000 | Success 1000 = 0.927
I0502 16:02:44.433050 139579566835264 terminal.py:91] [Evaluator] Actor Episodes = 22233 | Actor Steps = 1111650 | Delta Dist = 12.170 | Delta Dist 10 = 11.780 | Delta Dist 100 = 11.593 | Delta Dist 1000 = 11.489 | Episode Length = 50 | Episode Return = 31.0 | Evaluator Episodes = 5633 | Evaluator Steps = 281650 | Final Dist = 0.636 | Final Dist 10 = 1.027 | Final Dist 100 = 1.213 | Final Dist 1000 = 1.317 | Init Dist = 12.806 | Init Dist 10 = 12.806 | Init Dist 100 = 12.806 | Init Dist 1000 = 12.806 | Learner Steps = 17213 | Learner Walltime = 3387.856 | Min Dist = 0.155 | Min Dist 10 = 0.232 | Min Dist 100 = 0.517 | Min Dist 1000 = 0.597 | Steps Per Second = 90.357 | Success = 1.000 | Success 1000 = 0.927
I0502 16:02:44.984978 139558059398720 terminal.py:91] [Actor] Actor Episodes = 22236 | Actor Steps = 1111800 | Delta Dist = 7.384 | Delta Dist 10 = 3.972 | Delta Dist 100 = 4.783 | Delta Dist 1000 = 4.517 | Episode Length = 50 | Episode Return = 42.0 | Evaluator Episodes = 5633 | Evaluator Steps = 281650 | Final Dist = 0.616 | Final Dist 10 = 0.824 | Final Dist 100 = 0.944 | Final Dist 1000 = 1.429 | Init Dist = 8.000 | Init Dist 10 = 4.796 | Init Dist 100 = 5.727 | Init Dist 1000 = 5.947 | Learner Steps = 17213 | Learner Walltime = 3387.856 | Min Dist = 0.280 | Min Dist 10 = 0.128 | Min Dist 100 = 0.131 | Min Dist 1000 = 0.213 | Steps Per Second = 93.105 | Success = 1.000 | Success 1000 = 0.984
I0502 16:02:45.644995 139579566835264 terminal.py:91] [Evaluator] Actor Episodes = 22243 | Actor Steps = 1112150 | Delta Dist = 11.862 | Delta Dist 10 = 11.736 | Delta Dist 100 = 11.586 | Delta Dist 1000 = 11.489 | Episode Length = 50 | Episode Return = 20.0 | Evaluator Episodes = 5635 | Evaluator Steps = 281750 | Final Dist = 0.944 | Final Dist 10 = 1.070 | Final Dist 100 = 1.220 | Final Dist 1000 = 1.317 | Init Dist = 12.806 | Init Dist 10 = 12.806 | Init Dist 100 = 12.806 | Init Dist 1000 = 12.806 | Learner Steps = 17221 | Learner Walltime = 3389.228 | Min Dist = 0.396 | Min Dist 10 = 0.207 | Min Dist 100 = 0.520 | Min Dist 1000 = 0.597 | Steps Per Second = 79.193 | Success = 1.000 | Success 1000 = 0.927
I0502 16:02:46.836943 139579566835264 terminal.py:91] [Evaluator] Actor Episodes = 22251 | Actor Steps = 1112550 | Delta Dist = 12.251 | Delta Dist 10 = 11.882 | Delta Dist 100 = 11.601 | Delta Dist 1000 = 11.490 | Episode Length = 50 | Episode Return = 31.0 | Evaluator Episodes = 5637 | Evaluator Steps = 281850 | Final Dist = 0.555 | Final Dist 10 = 0.924 | Final Dist 100 = 1.205 | Final Dist 1000 = 1.316 | Init Dist = 12.806 | Init Dist 10 = 12.806 | Init Dist 100 = 12.806 | Init Dist 1000 = 12.806 | Learner Steps = 17227 | Learner Walltime = 3390.405 | Min Dist = 0.057 | Min Dist 10 = 0.221 | Min Dist 100 = 0.524 | Min Dist 1000 = 0.597 | Steps Per Second = 84.686 | Success = 1.000 | Success 1000 = 0.927
I0502 16:02:47.889349 139579566835264 terminal.py:91] [Evaluator] Actor Episodes = 22255 | Actor Steps = 1112750 | Delta Dist = 11.411 | Delta Dist 10 = 11.918 | Delta Dist 100 = 11.596 | Delta Dist 1000 = 11.495 | Episode Length = 50 | Episode Return = 18.0 | Evaluator Episodes = 5639 | Evaluator Steps = 281950 | Final Dist = 1.396 | Final Dist 10 = 0.888 | Final Dist 100 = 1.210 | Final Dist 1000 = 1.311 | Init Dist = 12.806 | Init Dist 10 = 12.806 | Init Dist 100 = 12.806 | Init Dist 1000 = 12.806 | Learner Steps = 17233 | Learner Walltime = 3391.704 | Min Dist = 0.933 | Min Dist 10 = 0.191 | Min Dist 100 = 0.524 | Min Dist 1000 = 0.591 | Steps Per Second = 99.367 | Success = 1.000 | Success 1000 = 0.928
I0502 16:02:48.387729 139555860620864 terminal.py:91] [Actor] Actor Episodes = 22261 | Actor Steps = 1113050 | Delta Dist = 4.275 | Delta Dist 10 = 3.681 | Delta Dist 100 = 4.520 | Delta Dist 1000 = 4.493 | Episode Length = 50 | Episode Return = 36.0 | Evaluator Episodes = 5639 | Evaluator Steps = 281950 | Final Dist = 0.197 | Final Dist 10 = 1.660 | Final Dist 100 = 1.003 | Final Dist 1000 = 1.429 | Init Dist = 4.472 | Init Dist 10 = 5.342 | Init Dist 100 = 5.522 | Init Dist 1000 = 5.922 | Learner Steps = 17233 | Learner Walltime = 3391.704 | Min Dist = 0.009 | Min Dist 10 = 0.120 | Min Dist 100 = 0.172 | Min Dist 1000 = 0.223 | Steps Per Second = 84.580 | Success = 1.000 | Success 1000 = 0.984
I0502 16:02:49.172862 139579566835264 terminal.py:91] [Evaluator] Actor Episodes = 22263 | Actor Steps = 1113150 | Delta Dist = 11.433 | Delta Dist 10 = 11.808 | Delta Dist 100 = 11.599 | Delta Dist 1000 = 11.496 | Episode Length = 50 | Episode Return = 3.0 | Evaluator Episodes = 5641 | Evaluator Steps = 282050 | Final Dist = 1.373 | Final Dist 10 = 0.998 | Final Dist 100 = 1.207 | Final Dist 1000 = 1.311 | Init Dist = 12.806 | Init Dist 10 = 12.806 | Init Dist 100 = 12.806 | Init Dist 1000 = 12.806 | Learner Steps = 17239 | Learner Walltime = 3392.723 | Min Dist = 0.957 | Min Dist 10 = 0.272 | Min Dist 100 = 0.525 | Min Dist 1000 = 0.591 | Steps Per Second = 79.848 | Success = 1.000 | Success 1000 = 0.928
I0502 16:02:49.273526 139569349502528 terminal.py:91] [Actor] Actor Episodes = 22267 | Actor Steps = 1113350 | Delta Dist = 2.197 | Delta Dist 10 = 4.528 | Delta Dist 100 = 4.451 | Delta Dist 1000 = 4.501 | Episode Length = 50 | Episode Return = 34.0 | Evaluator Episodes = 5641 | Evaluator Steps = 282050 | Final Dist = 1.409 | Final Dist 10 = 1.323 | Final Dist 100 = 1.058 | Final Dist 1000 = 1.424 | Init Dist = 3.606 | Init Dist 10 = 5.851 | Init Dist 100 = 5.509 | Init Dist 1000 = 5.925 | Learner Steps = 17239 | Learner Walltime = 3392.723 | Min Dist = 0.014 | Min Dist 10 = 0.142 | Min Dist 100 = 0.176 | Min Dist 1000 = 0.223 | Steps Per Second = 79.547 | Success = 1.000 | Success 1000 = 0.984
I0502 16:02:50.403038 139555013154368 terminal.py:91] [Learner] Actor Episodes = 22269 | Actor Loss = 3.6450273990631104 | Actor Steps = 1113450 | Binary Accuracy = 0.9961063861846924 | Categorical Accuracy = 0.43646240234375 | Critic Loss = 1.8393259048461914 | Entropy Mean = -17.74930191040039 | Evaluator Episodes = 5641 | Evaluator Steps = 282050 | Learner Steps = 17247 | Learner Walltime = 3394.596 | Logits Neg = -16.91451072692871 | Logits Pos = -1.8233792781829834 | Logsumexp = 1.1568859815597534 | Steps Per Second = 129.981
I0502 16:02:50.440976 139579566835264 terminal.py:91] [Evaluator] Actor Episodes = 22273 | Actor Steps = 1113650 | Delta Dist = 12.616 | Delta Dist 10 = 11.831 | Delta Dist 100 = 11.594 | Delta Dist 1000 = 11.495 | Episode Length = 50 | Episode Return = 25.0 | Evaluator Episodes = 5643 | Evaluator Steps = 282150 | Final Dist = 0.190 | Final Dist 10 = 0.975 | Final Dist 100 = 1.212 | Final Dist 1000 = 1.311 | Init Dist = 12.806 | Init Dist 10 = 12.806 | Init Dist 100 = 12.806 | Init Dist 1000 = 12.806 | Learner Steps = 17244 | Learner Walltime = 3393.931 | Min Dist = 0.150 | Min Dist 10 = 0.343 | Min Dist 100 = 0.531 | Min Dist 1000 = 0.591 | Steps Per Second = 81.924 | Success = 1.000 | Success 1000 = 0.928
I0502 16:02:51.172731 139584504182336 lp_utils.py:96] StepsLimiter: Reached 1113950 recorded steps
I0502 16:02:51.715091 139557462840896 terminal.py:91] [Actor] Actor Episodes = 22280 | Actor Steps = 1114000 | Delta Dist = 0.916 | Delta Dist 10 = 4.916 | Delta Dist 100 = 4.397 | Delta Dist 1000 = 4.494 | Episode Length = 50 | Episode Return = 26.0 | Evaluator Episodes = 5643 | Evaluator Steps = 282150 | Final Dist = 0.084 | Final Dist 10 = 0.314 | Final Dist 100 = 1.018 | Final Dist 1000 = 1.399 | Init Dist = 1.000 | Init Dist 10 = 5.230 | Init Dist 100 = 5.416 | Init Dist 1000 = 5.893 | Learner Steps = 17244 | Learner Walltime = 3393.931 | Min Dist = 0.084 | Min Dist 10 = 0.049 | Min Dist 100 = 0.172 | Min Dist 1000 = 0.221 | Steps Per Second = 80.504 | Success = 1.000 | Success 1000 = 0.984
I0502 16:02:51.733779 139579566835264 terminal.py:91] [Evaluator] Actor Episodes = 22281 | Actor Steps = 1114050 | Delta Dist = 12.491 | Delta Dist 10 = 11.868 | Delta Dist 100 = 11.591 | Delta Dist 1000 = 11.497 | Episode Length = 50 | Episode Return = 21.0 | Evaluator Episodes = 5645 | Evaluator Steps = 282250 | Final Dist = 0.315 | Final Dist 10 = 0.938 | Final Dist 100 = 1.215 | Final Dist 1000 = 1.310 | Init Dist = 12.806 | Init Dist 10 = 12.806 | Init Dist 100 = 12.806 | Init Dist 1000 = 12.806 | Learner Steps = 17251 | Learner Walltime = 3395.398 | Min Dist = 0.078 | Min Dist 10 = 0.351 | Min Dist 100 = 0.533 | Min Dist 1000 = 0.591 | Steps Per Second = 83.731 | Success = 1.000 | Success 1000 = 0.928
I0502 16:02:52.973873 139579566835264 terminal.py:91] [Evaluator] Actor Episodes = 22287 | Actor Steps = 1114350 | Delta Dist = 11.465 | Delta Dist 10 = 11.844 | Delta Dist 100 = 11.605 | Delta Dist 1000 = 11.496 | Episode Length = 50 | Episode Return = 14.0 | Evaluator Episodes = 5647 | Evaluator Steps = 282350 | Final Dist = 1.342 | Final Dist 10 = 0.962 | Final Dist 100 = 1.201 | Final Dist 1000 = 1.310 | Init Dist = 12.806 | Init Dist 10 = 12.806 | Init Dist 100 = 12.806 | Init Dist 1000 = 12.806 | Learner Steps = 17257 | Learner Walltime = 3396.550 | Min Dist = 0.146 | Min Dist 10 = 0.325 | Min Dist 100 = 0.518 | Min Dist 1000 = 0.591 | Steps Per Second = 81.071 | Success = 1.000 | Success 1000 = 0.928
I0502 16:02:54.139535 139584635659840 savers.py:156] Saving checkpoint: logs/contrastive_cpc_point_FourRooms_64/5dd72662-2788-11f0-b183-d85ed38c5779/checkpoints/counter
I0502 16:02:54.260081 139579566835264 terminal.py:91] [Evaluator] Actor Episodes = 22297 | Actor Steps = 1114850 | Delta Dist = 11.060 | Delta Dist 10 = 11.869 | Delta Dist 100 = 11.601 | Delta Dist 1000 = 11.496 | Episode Length = 50 | Episode Return = 11.0 | Evaluator Episodes = 5649 | Evaluator Steps = 282450 | Final Dist = 1.746 | Final Dist 10 = 0.937 | Final Dist 100 = 1.205 | Final Dist 1000 = 1.311 | Init Dist = 12.806 | Init Dist 10 = 12.806 | Init Dist 100 = 12.806 | Init Dist 1000 = 12.806 | Learner Steps = 17263 | Learner Walltime = 3397.792 | Min Dist = 0.152 | Min Dist 10 = 0.335 | Min Dist 100 = 0.515 | Min Dist 1000 = 0.591 | Steps Per Second = 80.983 | Success = 1.000 | Success 1000 = 0.928
I0502 16:02:55.047026 139583350109760 savers.py:156] Saving checkpoint: logs/contrastive_cpc_point_FourRooms_64/5dd72662-2788-11f0-b183-d85ed38c5779/checkpoints/learner
I0502 16:02:55.512194 139558059398720 terminal.py:91] [Actor] Actor Episodes = 22305 | Actor Steps = 1115250 | Delta Dist = 6.616 | Delta Dist 10 = 5.314 | Delta Dist 100 = 4.357 | Delta Dist 1000 = 4.502 | Episode Length = 50 | Episode Return = 30.0 | Evaluator Episodes = 5649 | Evaluator Steps = 282450 | Final Dist = 0.092 | Final Dist 10 = 1.148 | Final Dist 100 = 1.192 | Final Dist 1000 = 1.397 | Init Dist = 6.708 | Init Dist 10 = 6.462 | Init Dist 100 = 5.549 | Init Dist 1000 = 5.899 | Learner Steps = 17269 | Learner Walltime = 3398.898 | Min Dist = 0.023 | Min Dist 10 = 0.100 | Min Dist 100 = 0.208 | Min Dist 1000 = 0.220 | Steps Per Second = 84.480 | Success = 1.000 | Success 1000 = 0.983
I0502 16:02:55.527345 139579566835264 terminal.py:91] [Evaluator] Actor Episodes = 22305 | Actor Steps = 1115250 | Delta Dist = 12.298 | Delta Dist 10 = 11.890 | Delta Dist 100 = 11.609 | Delta Dist 1000 = 11.503 | Episode Length = 50 | Episode Return = 20.0 | Evaluator Episodes = 5651 | Evaluator Steps = 282550 | Final Dist = 0.508 | Final Dist 10 = 0.916 | Final Dist 100 = 1.198 | Final Dist 1000 = 1.304 | Init Dist = 12.806 | Init Dist 10 = 12.806 | Init Dist 100 = 12.806 | Init Dist 1000 = 12.806 | Learner Steps = 17269 | Learner Walltime = 3398.898 | Min Dist = 0.227 | Min Dist 10 = 0.243 | Min Dist 100 = 0.511 | Min Dist 1000 = 0.584 | Steps Per Second = 74.514 | Success = 1.000 | Success 1000 = 0.929
I0502 16:02:56.737355 139579566835264 terminal.py:91] [Evaluator] Actor Episodes = 22313 | Actor Steps = 1115650 | Delta Dist = 11.410 | Delta Dist 10 = 11.835 | Delta Dist 100 = 11.587 | Delta Dist 1000 = 11.501 | Episode Length = 50 | Episode Return = 13.0 | Evaluator Episodes = 5653 | Evaluator Steps = 282650 | Final Dist = 1.396 | Final Dist 10 = 0.972 | Final Dist 100 = 1.219 | Final Dist 1000 = 1.305 | Init Dist = 12.806 | Init Dist 10 = 12.806 | Init Dist 100 = 12.806 | Init Dist 1000 = 12.806 | Learner Steps = 17274 | Learner Walltime = 3399.930 | Min Dist = 0.280 | Min Dist 10 = 0.427 | Min Dist 100 = 0.535 | Min Dist 1000 = 0.586 | Steps Per Second = 83.395 | Success = 1.000 | Success 1000 = 0.928
I0502 16:02:58.002676 139579566835264 terminal.py:91] [Evaluator] Actor Episodes = 22323 | Actor Steps = 1116150 | Delta Dist = 12.603 | Delta Dist 10 = 11.812 | Delta Dist 100 = 11.584 | Delta Dist 1000 = 11.501 | Episode Length = 50 | Episode Return = 19.0 | Evaluator Episodes = 5655 | Evaluator Steps = 282750 | Final Dist = 0.204 | Final Dist 10 = 0.994 | Final Dist 100 = 1.223 | Final Dist 1000 = 1.305 | Init Dist = 12.806 | Init Dist 10 = 12.806 | Init Dist 100 = 12.806 | Init Dist 1000 = 12.806 | Learner Steps = 17279 | Learner Walltime = 3400.939 | Min Dist = 0.169 | Min Dist 10 = 0.449 | Min Dist 100 = 0.539 | Min Dist 1000 = 0.587 | Steps Per Second = 74.253 | Success = 1.000 | Success 1000 = 0.928
I0502 16:02:58.473713 139555860620864 terminal.py:91] [Actor] Actor Episodes = 22325 | Actor Steps = 1116250 | Delta Dist = 5.108 | Delta Dist 10 = 2.069 | Delta Dist 100 = 3.794 | Delta Dist 1000 = 4.454 | Episode Length = 50 | Episode Return = 36.0 | Evaluator Episodes = 5655 | Evaluator Steps = 282750 | Final Dist = 0.975 | Final Dist 10 = 3.764 | Final Dist 100 = 1.682 | Final Dist 1000 = 1.446 | Init Dist = 6.083 | Init Dist 10 = 5.832 | Init Dist 100 = 5.476 | Init Dist 1000 = 5.900 | Learner Steps = 17286 | Learner Walltime = 3402.222 | Min Dist = 0.030 | Min Dist 10 = 0.222 | Min Dist 100 = 0.231 | Min Dist 1000 = 0.221 | Steps Per Second = 79.991 | Success = 1.000 | Success 1000 = 0.983
I0502 16:02:59.224974 139579566835264 terminal.py:91] [Evaluator] Actor Episodes = 22331 | Actor Steps = 1116550 | Delta Dist = 11.978 | Delta Dist 10 = 11.821 | Delta Dist 100 = 11.596 | Delta Dist 1000 = 11.501 | Episode Length = 50 | Episode Return = 21.0 | Evaluator Episodes = 5657 | Evaluator Steps = 282850 | Final Dist = 0.829 | Final Dist 10 = 0.986 | Final Dist 100 = 1.210 | Final Dist 1000 = 1.305 | Init Dist = 12.806 | Init Dist 10 = 12.806 | Init Dist 100 = 12.806 | Init Dist 1000 = 12.806 | Learner Steps = 17286 | Learner Walltime = 3402.222 | Min Dist = 0.203 | Min Dist 10 = 0.467 | Min Dist 100 = 0.541 | Min Dist 1000 = 0.587 | Steps Per Second = 82.470 | Success = 1.000 | Success 1000 = 0.928
I0502 16:02:59.807911 139569349502528 terminal.py:91] [Actor] Actor Episodes = 22330 | Actor Steps = 1116500 | Delta Dist = 3.739 | Delta Dist 10 = 3.987 | Delta Dist 100 = 3.989 | Delta Dist 1000 = 4.448 | Episode Length = 50 | Episode Return = 40.0 | Evaluator Episodes = 5655 | Evaluator Steps = 282750 | Final Dist = 1.261 | Final Dist 10 = 2.479 | Final Dist 100 = 1.793 | Final Dist 1000 = 1.454 | Init Dist = 5.000 | Init Dist 10 = 6.466 | Init Dist 100 = 5.782 | Init Dist 1000 = 5.901 | Learner Steps = 17286 | Learner Walltime = 3402.222 | Min Dist = 0.861 | Min Dist 10 = 0.081 | Min Dist 100 = 0.235 | Min Dist 1000 = 0.221 | Steps Per Second = 82.057 | Success = 1.000 | Success 1000 = 0.983
I0502 16:03:00.428096 139579566835264 terminal.py:91] [Evaluator] Actor Episodes = 22339 | Actor Steps = 1116950 | Delta Dist = 11.873 | Delta Dist 10 = 11.782 | Delta Dist 100 = 11.590 | Delta Dist 1000 = 11.502 | Episode Length = 50 | Episode Return = 4.0 | Evaluator Episodes = 5659 | Evaluator Steps = 282950 | Final Dist = 0.933 | Final Dist 10 = 1.024 | Final Dist 100 = 1.216 | Final Dist 1000 = 1.305 | Init Dist = 12.806 | Init Dist 10 = 12.806 | Init Dist 100 = 12.806 | Init Dist 1000 = 12.806 | Learner Steps = 17292 | Learner Walltime = 3403.513 | Min Dist = 0.355 | Min Dist 10 = 0.496 | Min Dist 100 = 0.543 | Min Dist 1000 = 0.587 | Steps Per Second = 84.717 | Success = 1.000 | Success 1000 = 0.928
I0502 16:03:00.480310 139555013154368 terminal.py:91] [Learner] Actor Episodes = 22339 | Actor Loss = 3.7069873809814453 | Actor Steps = 1116950 | Binary Accuracy = 0.9961130619049072 | Categorical Accuracy = 0.4251708984375 | Critic Loss = 1.8407843112945557 | Entropy Mean = -17.63372039794922 | Evaluator Episodes = 5659 | Evaluator Steps = 282950 | Learner Steps = 17298 | Learner Walltime = 3404.675 | Logits Neg = -16.836467742919922 | Logits Pos = -1.8375251293182373 | Logsumexp = 1.1307401657104492 | Steps Per Second = 164.889
I0502 16:03:01.190788 139584504182336 lp_utils.py:96] StepsLimiter: Reached 1117150 recorded steps
I0502 16:03:01.639751 139579566835264 terminal.py:91] [Evaluator] Actor Episodes = 22345 | Actor Steps = 1117250 | Delta Dist = 11.377 | Delta Dist 10 = 11.831 | Delta Dist 100 = 11.596 | Delta Dist 1000 = 11.502 | Episode Length = 50 | Episode Return = 18.0 | Evaluator Episodes = 5661 | Evaluator Steps = 283050 | Final Dist = 1.429 | Final Dist 10 = 0.976 | Final Dist 100 = 1.210 | Final Dist 1000 = 1.305 | Init Dist = 12.806 | Init Dist 10 = 12.806 | Init Dist 100 = 12.806 | Init Dist 1000 = 12.806 | Learner Steps = 17304 | Learner Walltime = 3405.782 | Min Dist = 0.124 | Min Dist 10 = 0.539 | Min Dist 100 = 0.546 | Min Dist 1000 = 0.588 | Steps Per Second = 85.599 | Success = 1.000 | Success 1000 = 0.928
I0502 16:03:02.183001 139557462840896 terminal.py:91] [Actor] Actor Episodes = 22351 | Actor Steps = 1117550 | Delta Dist = 4.675 | Delta Dist 10 = 4.200 | Delta Dist 100 = 3.799 | Delta Dist 1000 = 4.437 | Episode Length = 50 | Episode Return = 31.0 | Evaluator Episodes = 5661 | Evaluator Steps = 283050 | Final Dist = 0.424 | Final Dist 10 = 2.253 | Final Dist 100 = 1.998 | Final Dist 1000 = 1.470 | Init Dist = 5.099 | Init Dist 10 = 6.453 | Init Dist 100 = 5.797 | Init Dist 1000 = 5.907 | Learner Steps = 17304 | Learner Walltime = 3405.782 | Min Dist = 0.085 | Min Dist 10 = 0.133 | Min Dist 100 = 0.148 | Min Dist 1000 = 0.221 | Steps Per Second = 93.261 | Success = 1.000 | Success 1000 = 0.983
I0502 16:03:02.810421 139579566835264 terminal.py:91] [Evaluator] Actor Episodes = 22353 | Actor Steps = 1117650 | Delta Dist = 12.184 | Delta Dist 10 = 11.909 | Delta Dist 100 = 11.582 | Delta Dist 1000 = 11.500 | Episode Length = 50 | Episode Return = 23.0 | Evaluator Episodes = 5663 | Evaluator Steps = 283150 | Final Dist = 0.622 | Final Dist 10 = 0.897 | Final Dist 100 = 1.224 | Final Dist 1000 = 1.306 | Init Dist = 12.806 | Init Dist 10 = 12.806 | Init Dist 100 = 12.806 | Init Dist 1000 = 12.806 | Learner Steps = 17311 | Learner Walltime = 3407.003 | Min Dist = 0.200 | Min Dist 10 = 0.329 | Min Dist 100 = 0.553 | Min Dist 1000 = 0.588 | Steps Per Second = 79.557 | Success = 1.000 | Success 1000 = 0.928
I0502 16:03:03.959602 139579566835264 terminal.py:91] [Evaluator] Actor Episodes = 22361 | Actor Steps = 1118050 | Delta Dist = 11.997 | Delta Dist 10 = 11.897 | Delta Dist 100 = 11.586 | Delta Dist 1000 = 11.499 | Episode Length = 50 | Episode Return = 16.0 | Evaluator Episodes = 5665 | Evaluator Steps = 283250 | Final Dist = 0.809 | Final Dist 10 = 0.909 | Final Dist 100 = 1.220 | Final Dist 1000 = 1.308 | Init Dist = 12.806 | Init Dist 10 = 12.806 | Init Dist 100 = 12.806 | Init Dist 1000 = 12.806 | Learner Steps = 17316 | Learner Walltime = 3408.034 | Min Dist = 0.094 | Min Dist 10 = 0.279 | Min Dist 100 = 0.552 | Min Dist 1000 = 0.588 | Steps Per Second = 91.529 | Success = 1.000 | Success 1000 = 0.928
I0502 16:03:05.177921 139579566835264 terminal.py:91] [Evaluator] Actor Episodes = 22369 | Actor Steps = 1118450 | Delta Dist = 11.769 | Delta Dist 10 = 11.898 | Delta Dist 100 = 11.590 | Delta Dist 1000 = 11.501 | Episode Length = 50 | Episode Return = 8.0 | Evaluator Episodes = 5667 | Evaluator Steps = 283350 | Final Dist = 1.037 | Final Dist 10 = 0.908 | Final Dist 100 = 1.216 | Final Dist 1000 = 1.306 | Init Dist = 12.806 | Init Dist 10 = 12.806 | Init Dist 100 = 12.806 | Init Dist 1000 = 12.806 | Learner Steps = 17322 | Learner Walltime = 3409.182 | Min Dist = 0.423 | Min Dist 10 = 0.268 | Min Dist 100 = 0.552 | Min Dist 1000 = 0.587 | Steps Per Second = 82.078 | Success = 1.000 | Success 1000 = 0.928
I0502 16:03:05.557947 139558059398720 terminal.py:91] [Actor] Actor Episodes = 22370 | Actor Steps = 1118500 | Delta Dist = 10.470 | Delta Dist 10 = 4.178 | Delta Dist 100 = 3.761 | Delta Dist 1000 = 4.420 | Episode Length = 50 | Episode Return = 28.0 | Evaluator Episodes = 5665 | Evaluator Steps = 283250 | Final Dist = 1.571 | Final Dist 10 = 1.045 | Final Dist 100 = 2.196 | Final Dist 1000 = 1.506 | Init Dist = 12.042 | Init Dist 10 = 5.223 | Init Dist 100 = 5.957 | Init Dist 1000 = 5.927 | Learner Steps = 17322 | Learner Walltime = 3409.182 | Min Dist = 0.034 | Min Dist 10 = 0.077 | Min Dist 100 = 0.154 | Min Dist 1000 = 0.222 | Steps Per Second = 90.199 | Success = 1.000 | Success 1000 = 0.982
I0502 16:03:06.246058 139579566835264 terminal.py:91] [Evaluator] Actor Episodes = 22378 | Actor Steps = 1118900 | Delta Dist = 11.379 | Delta Dist 10 = 11.926 | Delta Dist 100 = 11.591 | Delta Dist 1000 = 11.501 | Episode Length = 50 | Episode Return = 12.0 | Evaluator Episodes = 5669 | Evaluator Steps = 283450 | Final Dist = 1.427 | Final Dist 10 = 0.880 | Final Dist 100 = 1.216 | Final Dist 1000 = 1.305 | Init Dist = 12.806 | Init Dist 10 = 12.806 | Init Dist 100 = 12.806 | Init Dist 1000 = 12.806 | Learner Steps = 17329 | Learner Walltime = 3410.360 | Min Dist = 0.228 | Min Dist 10 = 0.322 | Min Dist 100 = 0.558 | Min Dist 1000 = 0.588 | Steps Per Second = 103.991 | Success = 1.000 | Success 1000 = 0.928
I0502 16:03:07.464843 139579566835264 terminal.py:91] [Evaluator] Actor Episodes = 22386 | Actor Steps = 1119300 | Delta Dist = 11.437 | Delta Dist 10 = 11.851 | Delta Dist 100 = 11.645 | Delta Dist 1000 = 11.501 | Episode Length = 50 | Episode Return = 1.0 | Evaluator Episodes = 5671 | Evaluator Steps = 283550 | Final Dist = 1.370 | Final Dist 10 = 0.955 | Final Dist 100 = 1.161 | Final Dist 1000 = 1.305 | Init Dist = 12.806 | Init Dist 10 = 12.806 | Init Dist 100 = 12.806 | Init Dist 1000 = 12.806 | Learner Steps = 17336 | Learner Walltime = 3411.582 | Min Dist = 0.549 | Min Dist 10 = 0.291 | Min Dist 100 = 0.499 | Min Dist 1000 = 0.588 | Steps Per Second = 80.620 | Success = 1.000 | Success 1000 = 0.928
I0502 16:03:08.693413 139579566835264 terminal.py:91] [Evaluator] Actor Episodes = 22394 | Actor Steps = 1119700 | Delta Dist = 11.571 | Delta Dist 10 = 11.898 | Delta Dist 100 = 11.638 | Delta Dist 1000 = 11.501 | Episode Length = 50 | Episode Return = 20.0 | Evaluator Episodes = 5673 | Evaluator Steps = 283650 | Final Dist = 1.235 | Final Dist 10 = 0.908 | Final Dist 100 = 1.169 | Final Dist 1000 = 1.305 | Init Dist = 12.806 | Init Dist 10 = 12.806 | Init Dist 100 = 12.806 | Init Dist 1000 = 12.806 | Learner Steps = 17341 | Learner Walltime = 3412.729 | Min Dist = 0.193 | Min Dist 10 = 0.264 | Min Dist 100 = 0.501 | Min Dist 1000 = 0.588 | Steps Per Second = 79.201 | Success = 1.000 | Success 1000 = 0.928
I0502 16:03:08.793723 139555860620864 terminal.py:91] [Actor] Actor Episodes = 22393 | Actor Steps = 1119650 | Delta Dist = 9.122 | Delta Dist 10 = 3.820 | Delta Dist 100 = 3.867 | Delta Dist 1000 = 4.418 | Episode Length = 50 | Episode Return = 41.0 | Evaluator Episodes = 5671 | Evaluator Steps = 283550 | Final Dist = 0.098 | Final Dist 10 = 1.548 | Final Dist 100 = 2.238 | Final Dist 1000 = 1.503 | Init Dist = 9.220 | Init Dist 10 = 5.368 | Init Dist 100 = 6.105 | Init Dist 1000 = 5.921 | Learner Steps = 17336 | Learner Walltime = 3411.582 | Min Dist = 0.001 | Min Dist 10 = 0.392 | Min Dist 100 = 0.161 | Min Dist 1000 = 0.224 | Steps Per Second = 80.720 | Success = 1.000 | Success 1000 = 0.982
I0502 16:03:09.836520 139579566835264 terminal.py:91] [Evaluator] Actor Episodes = 22402 | Actor Steps = 1120100 | Delta Dist = 11.396 | Delta Dist 10 = 11.852 | Delta Dist 100 = 11.695 | Delta Dist 1000 = 11.500 | Episode Length = 50 | Episode Return = 27.0 | Evaluator Episodes = 5675 | Evaluator Steps = 283750 | Final Dist = 1.410 | Final Dist 10 = 0.954 | Final Dist 100 = 1.111 | Final Dist 1000 = 1.306 | Init Dist = 12.806 | Init Dist 10 = 12.806 | Init Dist 100 = 12.806 | Init Dist 1000 = 12.806 | Learner Steps = 17348 | Learner Walltime = 3413.936 | Min Dist = 0.043 | Min Dist 10 = 0.264 | Min Dist 100 = 0.435 | Min Dist 1000 = 0.588 | Steps Per Second = 90.872 | Success = 1.000 | Success 1000 = 0.928
I0502 16:03:10.249068 139569349502528 terminal.py:91] [Actor] Actor Episodes = 22406 | Actor Steps = 1120300 | Delta Dist = 1.019 | Delta Dist 10 = 3.239 | Delta Dist 100 = 3.659 | Delta Dist 1000 = 4.387 | Episode Length = 50 | Episode Return = 37.0 | Evaluator Episodes = 5675 | Evaluator Steps = 283750 | Final Dist = 0.395 | Final Dist 10 = 2.604 | Final Dist 100 = 2.384 | Final Dist 1000 = 1.516 | Init Dist = 1.414 | Init Dist 10 = 5.843 | Init Dist 100 = 6.043 | Init Dist 1000 = 5.903 | Learner Steps = 17348 | Learner Walltime = 3413.936 | Min Dist = 0.037 | Min Dist 10 = 0.033 | Min Dist 100 = 0.154 | Min Dist 1000 = 0.223 | Steps Per Second = 85.049 | Success = 1.000 | Success 1000 = 0.982
I0502 16:03:10.959977 139555013154368 terminal.py:91] [Learner] Actor Episodes = 22410 | Actor Loss = 3.58404803276062 | Actor Steps = 1120500 | Binary Accuracy = 0.9960756301879883 | Categorical Accuracy = 0.42108154296875 | Critic Loss = 1.8583457469940186 | Entropy Mean = -19.999849319458008 | Evaluator Episodes = 5675 | Evaluator Steps = 283750 | Learner Steps = 17354 | Learner Walltime = 3415.154 | Logits Neg = -16.684551239013672 | Logits Pos = -1.8484699726104736 | Logsumexp = 1.1975950002670288 | Steps Per Second = 124.408
I0502 16:03:11.007144 139579566835264 terminal.py:91] [Evaluator] Actor Episodes = 22410 | Actor Steps = 1120500 | Delta Dist = 11.892 | Delta Dist 10 = 11.724 | Delta Dist 100 = 11.747 | Delta Dist 1000 = 11.500 | Episode Length = 50 | Episode Return = 21.0 | Evaluator Episodes = 5677 | Evaluator Steps = 283850 | Final Dist = 0.914 | Final Dist 10 = 1.083 | Final Dist 100 = 1.059 | Final Dist 1000 = 1.306 | Init Dist = 12.806 | Init Dist 10 = 12.806 | Init Dist 100 = 12.806 | Init Dist 1000 = 12.806 | Learner Steps = 17354 | Learner Walltime = 3415.154 | Min Dist = 0.076 | Min Dist 10 = 0.264 | Min Dist 100 = 0.373 | Min Dist 1000 = 0.587 | Steps Per Second = 86.823 | Success = 1.000 | Success 1000 = 0.928
I0502 16:03:11.213133 139584504182336 lp_utils.py:96] StepsLimiter: Reached 1120500 recorded steps
I0502 16:03:12.051082 139579566835264 terminal.py:91] [Evaluator] Actor Episodes = 22418 | Actor Steps = 1120900 | Delta Dist = 10.847 | Delta Dist 10 = 11.682 | Delta Dist 100 = 11.751 | Delta Dist 1000 = 11.500 | Episode Length = 50 | Episode Return = 7.0 | Evaluator Episodes = 5679 | Evaluator Steps = 283950 | Final Dist = 1.959 | Final Dist 10 = 1.124 | Final Dist 100 = 1.056 | Final Dist 1000 = 1.306 | Init Dist = 12.806 | Init Dist 10 = 12.806 | Init Dist 100 = 12.806 | Init Dist 1000 = 12.806 | Learner Steps = 17354 | Learner Walltime = 3415.154 | Min Dist = 0.240 | Min Dist 10 = 0.175 | Min Dist 100 = 0.367 | Min Dist 1000 = 0.587 | Steps Per Second = 108.175 | Success = 1.000 | Success 1000 = 0.928
I0502 16:03:12.629024 139557462840896 terminal.py:91] [Actor] Actor Episodes = 22420 | Actor Steps = 1121000 | Delta Dist = 1.031 | Delta Dist 10 = 2.447 | Delta Dist 100 = 3.799 | Delta Dist 1000 = 4.370 | Episode Length = 50 | Episode Return = 31.0 | Evaluator Episodes = 5679 | Evaluator Steps = 283950 | Final Dist = 0.383 | Final Dist 10 = 2.860 | Final Dist 100 = 2.114 | Final Dist 1000 = 1.524 | Init Dist = 1.414 | Init Dist 10 = 5.306 | Init Dist 100 = 5.913 | Init Dist 1000 = 5.895 | Learner Steps = 17361 | Learner Walltime = 3416.416 | Min Dist = 0.010 | Min Dist 10 = 0.263 | Min Dist 100 = 0.152 | Min Dist 1000 = 0.225 | Steps Per Second = 82.318 | Success = 1.000 | Success 1000 = 0.981
I0502 16:03:13.248627 139579566835264 terminal.py:91] [Evaluator] Actor Episodes = 22424 | Actor Steps = 1121200 | Delta Dist = 11.405 | Delta Dist 10 = 11.589 | Delta Dist 100 = 11.738 | Delta Dist 1000 = 11.499 | Episode Length = 50 | Episode Return = 26.0 | Evaluator Episodes = 5681 | Evaluator Steps = 284050 | Final Dist = 1.402 | Final Dist 10 = 1.217 | Final Dist 100 = 1.068 | Final Dist 1000 = 1.307 | Init Dist = 12.806 | Init Dist 10 = 12.806 | Init Dist 100 = 12.806 | Init Dist 1000 = 12.806 | Learner Steps = 17361 | Learner Walltime = 3416.416 | Min Dist = 0.113 | Min Dist 10 = 0.191 | Min Dist 100 = 0.370 | Min Dist 1000 = 0.587 | Steps Per Second = 77.162 | Success = 1.000 | Success 1000 = 0.928
I0502 16:03:14.479821 139579566835264 terminal.py:91] [Evaluator] Actor Episodes = 22432 | Actor Steps = 1121600 | Delta Dist = 11.891 | Delta Dist 10 = 11.602 | Delta Dist 100 = 11.746 | Delta Dist 1000 = 11.499 | Episode Length = 50 | Episode Return = 28.0 | Evaluator Episodes = 5683 | Evaluator Steps = 284150 | Final Dist = 0.915 | Final Dist 10 = 1.204 | Final Dist 100 = 1.061 | Final Dist 1000 = 1.307 | Init Dist = 12.806 | Init Dist 10 = 12.806 | Init Dist 100 = 12.806 | Init Dist 1000 = 12.806 | Learner Steps = 17366 | Learner Walltime = 3417.581 | Min Dist = 0.095 | Min Dist 10 = 0.155 | Min Dist 100 = 0.365 | Min Dist 1000 = 0.587 | Steps Per Second = 76.962 | Success = 1.000 | Success 1000 = 0.928
I0502 16:03:15.582570 139579566835264 terminal.py:91] [Evaluator] Actor Episodes = 22440 | Actor Steps = 1122000 | Delta Dist = 12.155 | Delta Dist 10 = 11.649 | Delta Dist 100 = 11.748 | Delta Dist 1000 = 11.499 | Episode Length = 50 | Episode Return = 28.0 | Evaluator Episodes = 5685 | Evaluator Steps = 284250 | Final Dist = 0.652 | Final Dist 10 = 1.158 | Final Dist 100 = 1.058 | Final Dist 1000 = 1.307 | Init Dist = 12.806 | Init Dist 10 = 12.806 | Init Dist 100 = 12.806 | Init Dist 1000 = 12.806 | Learner Steps = 17372 | Learner Walltime = 3418.737 | Min Dist = 0.213 | Min Dist 10 = 0.159 | Min Dist 100 = 0.361 | Min Dist 1000 = 0.587 | Steps Per Second = 80.383 | Success = 1.000 | Success 1000 = 0.928
I0502 16:03:15.666535 139558059398720 terminal.py:91] [Actor] Actor Episodes = 22442 | Actor Steps = 1122100 | Delta Dist = 8.927 | Delta Dist 10 = 5.299 | Delta Dist 100 = 3.842 | Delta Dist 1000 = 4.318 | Episode Length = 50 | Episode Return = 34.0 | Evaluator Episodes = 5685 | Evaluator Steps = 284250 | Final Dist = 1.073 | Final Dist 10 = 1.483 | Final Dist 100 = 1.991 | Final Dist 1000 = 1.537 | Init Dist = 10.000 | Init Dist 10 = 6.782 | Init Dist 100 = 5.833 | Init Dist 1000 = 5.855 | Learner Steps = 17372 | Learner Walltime = 3418.737 | Min Dist = 0.027 | Min Dist 10 = 0.479 | Min Dist 100 = 0.187 | Min Dist 1000 = 0.230 | Steps Per Second = 84.863 | Success = 1.000 | Success 1000 = 0.980
I0502 16:03:16.746232 139579566835264 terminal.py:91] [Evaluator] Actor Episodes = 22448 | Actor Steps = 1122400 | Delta Dist = 11.511 | Delta Dist 10 = 11.736 | Delta Dist 100 = 11.745 | Delta Dist 1000 = 11.499 | Episode Length = 50 | Episode Return = 22.0 | Evaluator Episodes = 5687 | Evaluator Steps = 284350 | Final Dist = 1.295 | Final Dist 10 = 1.070 | Final Dist 100 = 1.062 | Final Dist 1000 = 1.307 | Init Dist = 12.806 | Init Dist 10 = 12.806 | Init Dist 100 = 12.806 | Init Dist 1000 = 12.806 | Learner Steps = 17379 | Learner Walltime = 3419.954 | Min Dist = 0.286 | Min Dist 10 = 0.168 | Min Dist 100 = 0.362 | Min Dist 1000 = 0.586 | Steps Per Second = 83.570 | Success = 1.000 | Success 1000 = 0.928
I0502 16:03:17.890998 139579566835264 terminal.py:91] [Evaluator] Actor Episodes = 22457 | Actor Steps = 1122850 | Delta Dist = 11.778 | Delta Dist 10 = 11.741 | Delta Dist 100 = 11.743 | Delta Dist 1000 = 11.499 | Episode Length = 50 | Episode Return = 7.0 | Evaluator Episodes = 5689 | Evaluator Steps = 284450 | Final Dist = 1.028 | Final Dist 10 = 1.065 | Final Dist 100 = 1.063 | Final Dist 1000 = 1.307 | Init Dist = 12.806 | Init Dist 10 = 12.806 | Init Dist 100 = 12.806 | Init Dist 1000 = 12.806 | Learner Steps = 17386 | Learner Walltime = 3420.986 | Min Dist = 0.186 | Min Dist 10 = 0.183 | Min Dist 100 = 0.364 | Min Dist 1000 = 0.586 | Steps Per Second = 90.603 | Success = 1.000 | Success 1000 = 0.928
I0502 16:03:19.058659 139579566835264 terminal.py:91] [Evaluator] Actor Episodes = 22465 | Actor Steps = 1123250 | Delta Dist = 12.484 | Delta Dist 10 = 11.866 | Delta Dist 100 = 11.755 | Delta Dist 1000 = 11.500 | Episode Length = 50 | Episode Return = 15.0 | Evaluator Episodes = 5691 | Evaluator Steps = 284550 | Final Dist = 0.322 | Final Dist 10 = 0.941 | Final Dist 100 = 1.051 | Final Dist 1000 = 1.307 | Init Dist = 12.806 | Init Dist 10 = 12.806 | Init Dist 100 = 12.806 | Init Dist 1000 = 12.806 | Learner Steps = 17392 | Learner Walltime = 3422.180 | Min Dist = 0.099 | Min Dist 10 = 0.161 | Min Dist 100 = 0.363 | Min Dist 1000 = 0.586 | Steps Per Second = 97.290 | Success = 1.000 | Success 1000 = 0.928
I0502 16:03:19.285661 139555860620864 terminal.py:91] [Actor] Actor Episodes = 22464 | Actor Steps = 1123200 | Delta Dist = 4.523 | Delta Dist 10 = 4.286 | Delta Dist 100 = 4.178 | Delta Dist 1000 = 4.333 | Episode Length = 50 | Episode Return = 28.0 | Evaluator Episodes = 5689 | Evaluator Steps = 284450 | Final Dist = 0.477 | Final Dist 10 = 1.007 | Final Dist 100 = 1.748 | Final Dist 1000 = 1.544 | Init Dist = 5.000 | Init Dist 10 = 5.293 | Init Dist 100 = 5.926 | Init Dist 1000 = 5.876 | Learner Steps = 17392 | Learner Walltime = 3422.180 | Min Dist = 0.098 | Min Dist 10 = 0.098 | Min Dist 100 = 0.242 | Min Dist 1000 = 0.237 | Steps Per Second = 82.566 | Success = 1.000 | Success 1000 = 0.980
I0502 16:03:20.235228 139579566835264 terminal.py:91] [Evaluator] Actor Episodes = 22473 | Actor Steps = 1123650 | Delta Dist = 11.278 | Delta Dist 10 = 11.924 | Delta Dist 100 = 11.800 | Delta Dist 1000 = 11.500 | Episode Length = 50 | Episode Return = 20.0 | Evaluator Episodes = 5693 | Evaluator Steps = 284650 | Final Dist = 1.529 | Final Dist 10 = 0.882 | Final Dist 100 = 1.006 | Final Dist 1000 = 1.306 | Init Dist = 12.806 | Init Dist 10 = 12.806 | Init Dist 100 = 12.806 | Init Dist 1000 = 12.806 | Learner Steps = 17397 | Learner Walltime = 3423.350 | Min Dist = 0.147 | Min Dist 10 = 0.187 | Min Dist 100 = 0.321 | Min Dist 1000 = 0.586 | Steps Per Second = 91.218 | Success = 1.000 | Success 1000 = 0.928
I0502 16:03:20.473952 139569349502528 terminal.py:91] [Actor] Actor Episodes = 22474 | Actor Steps = 1123700 | Delta Dist = 9.520 | Delta Dist 10 = 4.125 | Delta Dist 100 = 4.136 | Delta Dist 1000 = 4.347 | Episode Length = 50 | Episode Return = 49.0 | Evaluator Episodes = 5691 | Evaluator Steps = 284550 | Final Dist = 0.329 | Final Dist 10 = 1.325 | Final Dist 100 = 1.686 | Final Dist 1000 = 1.521 | Init Dist = 9.849 | Init Dist 10 = 5.450 | Init Dist 100 = 5.823 | Init Dist 1000 = 5.869 | Learner Steps = 17397 | Learner Walltime = 3423.350 | Min Dist = 0.140 | Min Dist 10 = 0.102 | Min Dist 100 = 0.246 | Min Dist 1000 = 0.237 | Steps Per Second = 85.440 | Success = 1.000 | Success 1000 = 0.980
I0502 16:03:21.046801 139555013154368 terminal.py:91] [Learner] Actor Episodes = 22473 | Actor Loss = 3.5857419967651367 | Actor Steps = 1123650 | Binary Accuracy = 0.996035099029541 | Categorical Accuracy = 0.4129638671875 | Critic Loss = 1.8966314792633057 | Entropy Mean = -19.64828872680664 | Evaluator Episodes = 5693 | Evaluator Steps = 284650 | Learner Steps = 17408 | Learner Walltime = 3425.243 | Logits Neg = -16.821372985839844 | Logits Pos = -1.8748533725738525 | Logsumexp = 1.1318130493164062 | Steps Per Second = 157.820
I0502 16:03:21.230934 139584504182336 lp_utils.py:96] StepsLimiter: Reached 1124050 recorded steps
I0502 16:03:21.313123 139579566835264 terminal.py:91] [Evaluator] Actor Episodes = 22481 | Actor Steps = 1124050 | Delta Dist = 12.458 | Delta Dist 10 = 11.879 | Delta Dist 100 = 11.786 | Delta Dist 1000 = 11.500 | Episode Length = 50 | Episode Return = 23.0 | Evaluator Episodes = 5695 | Evaluator Steps = 284750 | Final Dist = 0.349 | Final Dist 10 = 0.927 | Final Dist 100 = 1.020 | Final Dist 1000 = 1.306 | Init Dist = 12.806 | Init Dist 10 = 12.806 | Init Dist 100 = 12.806 | Init Dist 1000 = 12.806 | Learner Steps = 17404 | Learner Walltime = 3424.526 | Min Dist = 0.150 | Min Dist 10 = 0.195 | Min Dist 100 = 0.323 | Min Dist 1000 = 0.587 | Steps Per Second = 87.693 | Success = 1.000 | Success 1000 = 0.928
I0502 16:03:22.445243 139579566835264 terminal.py:91] [Evaluator] Actor Episodes = 22489 | Actor Steps = 1124450 | Delta Dist = 11.868 | Delta Dist 10 = 11.973 | Delta Dist 100 = 11.789 | Delta Dist 1000 = 11.502 | Episode Length = 50 | Episode Return = 11.0 | Evaluator Episodes = 5697 | Evaluator Steps = 284850 | Final Dist = 0.938 | Final Dist 10 = 0.834 | Final Dist 100 = 1.017 | Final Dist 1000 = 1.305 | Init Dist = 12.806 | Init Dist 10 = 12.806 | Init Dist 100 = 12.806 | Init Dist 1000 = 12.806 | Learner Steps = 17411 | Learner Walltime = 3425.735 | Min Dist = 0.811 | Min Dist 10 = 0.173 | Min Dist 100 = 0.323 | Min Dist 1000 = 0.586 | Steps Per Second = 90.302 | Success = 1.000 | Success 1000 = 0.928
I0502 16:03:23.237022 139557462840896 terminal.py:91] [Actor] Actor Episodes = 22491 | Actor Steps = 1124550 | Delta Dist = 4.920 | Delta Dist 10 = 4.741 | Delta Dist 100 = 4.065 | Delta Dist 1000 = 4.342 | Episode Length = 50 | Episode Return = 14.0 | Evaluator Episodes = 5697 | Evaluator Steps = 284850 | Final Dist = 0.179 | Final Dist 10 = 1.150 | Final Dist 100 = 1.764 | Final Dist 1000 = 1.534 | Init Dist = 5.099 | Init Dist 10 = 5.892 | Init Dist 100 = 5.828 | Init Dist 1000 = 5.876 | Learner Steps = 17416 | Learner Walltime = 3426.890 | Min Dist = 0.057 | Min Dist 10 = 0.469 | Min Dist 100 = 0.281 | Min Dist 1000 = 0.237 | Steps Per Second = 77.090 | Success = 1.000 | Success 1000 = 0.980
I0502 16:03:23.656488 139579566835264 terminal.py:91] [Evaluator] Actor Episodes = 22497 | Actor Steps = 1124850 | Delta Dist = 12.252 | Delta Dist 10 = 12.050 | Delta Dist 100 = 11.780 | Delta Dist 1000 = 11.502 | Episode Length = 50 | Episode Return = 16.0 | Evaluator Episodes = 5699 | Evaluator Steps = 284950 | Final Dist = 0.554 | Final Dist 10 = 0.757 | Final Dist 100 = 1.026 | Final Dist 1000 = 1.304 | Init Dist = 12.806 | Init Dist 10 = 12.806 | Init Dist 100 = 12.806 | Init Dist 1000 = 12.806 | Learner Steps = 17416 | Learner Walltime = 3426.890 | Min Dist = 0.151 | Min Dist 10 = 0.231 | Min Dist 100 = 0.331 | Min Dist 1000 = 0.587 | Steps Per Second = 78.409 | Success = 1.000 | Success 1000 = 0.928
I0502 16:03:24.785450 139579566835264 terminal.py:91] [Evaluator] Actor Episodes = 22505 | Actor Steps = 1125250 | Delta Dist = 12.445 | Delta Dist 10 = 12.124 | Delta Dist 100 = 11.794 | Delta Dist 1000 = 11.503 | Episode Length = 50 | Episode Return = 13.0 | Evaluator Episodes = 5701 | Evaluator Steps = 285050 | Final Dist = 0.361 | Final Dist 10 = 0.682 | Final Dist 100 = 1.013 | Final Dist 1000 = 1.304 | Init Dist = 12.806 | Init Dist 10 = 12.806 | Init Dist 100 = 12.806 | Init Dist 1000 = 12.806 | Learner Steps = 17423 | Learner Walltime = 3428.131 | Min Dist = 0.217 | Min Dist 10 = 0.229 | Min Dist 100 = 0.331 | Min Dist 1000 = 0.586 | Steps Per Second = 89.648 | Success = 1.000 | Success 1000 = 0.928
I0502 16:03:25.936681 139579566835264 terminal.py:91] [Evaluator] Actor Episodes = 22513 | Actor Steps = 1125650 | Delta Dist = 11.787 | Delta Dist 10 = 12.101 | Delta Dist 100 = 11.794 | Delta Dist 1000 = 11.502 | Episode Length = 50 | Episode Return = 2.0 | Evaluator Episodes = 5703 | Evaluator Steps = 285150 | Final Dist = 1.019 | Final Dist 10 = 0.705 | Final Dist 100 = 1.012 | Final Dist 1000 = 1.304 | Init Dist = 12.806 | Init Dist 10 = 12.806 | Init Dist 100 = 12.806 | Init Dist 1000 = 12.806 | Learner Steps = 17429 | Learner Walltime = 3429.332 | Min Dist = 0.826 | Min Dist 10 = 0.280 | Min Dist 100 = 0.338 | Min Dist 1000 = 0.587 | Steps Per Second = 90.962 | Success = 1.000 | Success 1000 = 0.928
I0502 16:03:26.180070 139558059398720 terminal.py:91] [Actor] Actor Episodes = 22508 | Actor Steps = 1125400 | Delta Dist = 3.906 | Delta Dist 10 = 3.342 | Delta Dist 100 = 4.302 | Delta Dist 1000 = 4.317 | Episode Length = 50 | Episode Return = 47.0 | Evaluator Episodes = 5701 | Evaluator Steps = 285050 | Final Dist = 0.218 | Final Dist 10 = 1.403 | Final Dist 100 = 1.583 | Final Dist 1000 = 1.540 | Init Dist = 4.123 | Init Dist 10 = 4.745 | Init Dist 100 = 5.885 | Init Dist 1000 = 5.856 | Learner Steps = 17429 | Learner Walltime = 3429.332 | Min Dist = 0.029 | Min Dist 10 = 0.144 | Min Dist 100 = 0.235 | Min Dist 1000 = 0.237 | Steps Per Second = 86.745 | Success = 1.000 | Success 1000 = 0.980
I0502 16:03:27.172037 139579566835264 terminal.py:91] [Evaluator] Actor Episodes = 22519 | Actor Steps = 1125950 | Delta Dist = 11.247 | Delta Dist 10 = 12.219 | Delta Dist 100 = 11.795 | Delta Dist 1000 = 11.502 | Episode Length = 50 | Episode Return = 33.0 | Evaluator Episodes = 5705 | Evaluator Steps = 285250 | Final Dist = 1.559 | Final Dist 10 = 0.587 | Final Dist 100 = 1.011 | Final Dist 1000 = 1.304 | Init Dist = 12.806 | Init Dist 10 = 12.806 | Init Dist 100 = 12.806 | Init Dist 1000 = 12.806 | Learner Steps = 17436 | Learner Walltime = 3430.525 | Min Dist = 0.333 | Min Dist 10 = 0.344 | Min Dist 100 = 0.346 | Min Dist 1000 = 0.588 | Steps Per Second = 78.437 | Success = 1.000 | Success 1000 = 0.928
I0502 16:03:28.246327 139579566835264 terminal.py:91] [Evaluator] Actor Episodes = 22527 | Actor Steps = 1126350 | Delta Dist = 12.470 | Delta Dist 10 = 11.984 | Delta Dist 100 = 11.771 | Delta Dist 1000 = 11.501 | Episode Length = 50 | Episode Return = 8.0 | Evaluator Episodes = 5707 | Evaluator Steps = 285350 | Final Dist = 0.336 | Final Dist 10 = 0.822 | Final Dist 100 = 1.035 | Final Dist 1000 = 1.305 | Init Dist = 12.806 | Init Dist 10 = 12.806 | Init Dist 100 = 12.806 | Init Dist 1000 = 12.806 | Learner Steps = 17441 | Learner Walltime = 3431.710 | Min Dist = 0.224 | Min Dist 10 = 0.377 | Min Dist 100 = 0.350 | Min Dist 1000 = 0.588 | Steps Per Second = 91.789 | Success = 1.000 | Success 1000 = 0.928
I0502 16:03:29.355703 139579566835264 terminal.py:91] [Evaluator] Actor Episodes = 22535 | Actor Steps = 1126750 | Delta Dist = 12.469 | Delta Dist 10 = 11.975 | Delta Dist 100 = 11.784 | Delta Dist 1000 = 11.501 | Episode Length = 50 | Episode Return = 17.0 | Evaluator Episodes = 5709 | Evaluator Steps = 285450 | Final Dist = 0.337 | Final Dist 10 = 0.831 | Final Dist 100 = 1.022 | Final Dist 1000 = 1.305 | Init Dist = 12.806 | Init Dist 10 = 12.806 | Init Dist 100 = 12.806 | Init Dist 1000 = 12.806 | Learner Steps = 17447 | Learner Walltime = 3432.752 | Min Dist = 0.337 | Min Dist 10 = 0.336 | Min Dist 100 = 0.342 | Min Dist 1000 = 0.588 | Steps Per Second = 101.160 | Success = 1.000 | Success 1000 = 0.928
I0502 16:03:29.815798 139555860620864 terminal.py:91] [Actor] Actor Episodes = 22534 | Actor Steps = 1126700 | Delta Dist = 3.128 | Delta Dist 10 = 4.703 | Delta Dist 100 = 4.796 | Delta Dist 1000 = 4.335 | Episode Length = 50 | Episode Return = 38.0 | Evaluator Episodes = 5707 | Evaluator Steps = 285350 | Final Dist = 0.478 | Final Dist 10 = 1.572 | Final Dist 100 = 1.322 | Final Dist 1000 = 1.540 | Init Dist = 3.606 | Init Dist 10 = 6.274 | Init Dist 100 = 6.118 | Init Dist 1000 = 5.875 | Learner Steps = 17447 | Learner Walltime = 3432.752 | Min Dist = 0.103 | Min Dist 10 = 0.106 | Min Dist 100 = 0.206 | Min Dist 1000 = 0.237 | Steps Per Second = 82.011 | Success = 1.000 | Success 1000 = 0.980
I0502 16:03:30.362673 139579566835264 terminal.py:91] [Evaluator] Actor Episodes = 22541 | Actor Steps = 1127050 | Delta Dist = 12.336 | Delta Dist 10 = 11.907 | Delta Dist 100 = 11.776 | Delta Dist 1000 = 11.503 | Episode Length = 50 | Episode Return = 22.0 | Evaluator Episodes = 5711 | Evaluator Steps = 285550 | Final Dist = 0.470 | Final Dist 10 = 0.899 | Final Dist 100 = 1.031 | Final Dist 1000 = 1.303 | Init Dist = 12.806 | Init Dist 10 = 12.806 | Init Dist 100 = 12.806 | Init Dist 1000 = 12.806 | Learner Steps = 17454 | Learner Walltime = 3434.058 | Min Dist = 0.158 | Min Dist 10 = 0.418 | Min Dist 100 = 0.350 | Min Dist 1000 = 0.589 | Steps Per Second = 101.046 | Success = 1.000 | Success 1000 = 0.928
I0502 16:03:30.677105 139569349502528 terminal.py:91] [Actor] Actor Episodes = 22545 | Actor Steps = 1127250 | Delta Dist = 3.386 | Delta Dist 10 = 3.871 | Delta Dist 100 = 4.703 | Delta Dist 1000 = 4.339 | Episode Length = 50 | Episode Return = 33.0 | Evaluator Episodes = 5711 | Evaluator Steps = 285550 | Final Dist = 0.614 | Final Dist 10 = 1.399 | Final Dist 100 = 1.286 | Final Dist 1000 = 1.547 | Init Dist = 4.000 | Init Dist 10 = 5.270 | Init Dist 100 = 5.989 | Init Dist 1000 = 5.886 | Learner Steps = 17454 | Learner Walltime = 3434.058 | Min Dist = 0.023 | Min Dist 10 = 0.101 | Min Dist 100 = 0.132 | Min Dist 1000 = 0.237 | Steps Per Second = 84.015 | Success = 1.000 | Success 1000 = 0.980
I0502 16:03:31.094036 139555013154368 terminal.py:91] [Learner] Actor Episodes = 22545 | Actor Loss = 3.6594481468200684 | Actor Steps = 1127250 | Binary Accuracy = 0.9960155487060547 | Categorical Accuracy = 0.43426513671875 | Critic Loss = 1.8537428379058838 | Entropy Mean = -19.843196868896484 | Evaluator Episodes = 5711 | Evaluator Steps = 285550 | Learner Steps = 17461 | Learner Walltime = 3435.295 | Logits Neg = -17.03441619873047 | Logits Pos = -1.8411803245544434 | Logsumexp = 1.2676976919174194 | Steps Per Second = 856.349
I0502 16:03:31.248086 139584504182336 lp_utils.py:96] StepsLimiter: Reached 1127250 recorded steps
I0502 16:03:31.485057 139579566835264 terminal.py:91] [Evaluator] Actor Episodes = 22545 | Actor Steps = 1127250 | Delta Dist = 12.317 | Delta Dist 10 = 11.899 | Delta Dist 100 = 11.773 | Delta Dist 1000 = 11.509 | Episode Length = 50 | Episode Return = 24.0 | Evaluator Episodes = 5713 | Evaluator Steps = 285650 | Final Dist = 0.489 | Final Dist 10 = 0.907 | Final Dist 100 = 1.034 | Final Dist 1000 = 1.298 | Init Dist = 12.806 | Init Dist 10 = 12.806 | Init Dist 100 = 12.806 | Init Dist 1000 = 12.806 | Learner Steps = 17460 | Learner Walltime = 3435.220 | Min Dist = 0.486 | Min Dist 10 = 0.348 | Min Dist 100 = 0.350 | Min Dist 1000 = 0.583 | Steps Per Second = 85.115 | Success = 1.000 | Success 1000 = 0.929
I0502 16:03:32.663404 139579566835264 terminal.py:91] [Evaluator] Actor Episodes = 22553 | Actor Steps = 1127650 | Delta Dist = 12.140 | Delta Dist 10 = 11.937 | Delta Dist 100 = 11.786 | Delta Dist 1000 = 11.510 | Episode Length = 50 | Episode Return = 17.0 | Evaluator Episodes = 5715 | Evaluator Steps = 285750 | Final Dist = 0.666 | Final Dist 10 = 0.869 | Final Dist 100 = 1.020 | Final Dist 1000 = 1.296 | Init Dist = 12.806 | Init Dist 10 = 12.806 | Init Dist 100 = 12.806 | Init Dist 1000 = 12.806 | Learner Steps = 17466 | Learner Walltime = 3436.392 | Min Dist = 0.506 | Min Dist 10 = 0.319 | Min Dist 100 = 0.354 | Min Dist 1000 = 0.583 | Steps Per Second = 81.101 | Success = 1.000 | Success 1000 = 0.929
I0502 16:03:33.302302 139557462840896 terminal.py:91] [Actor] Actor Episodes = 22556 | Actor Steps = 1127800 | Delta Dist = 0.802 | Delta Dist 10 = 3.540 | Delta Dist 100 = 4.476 | Delta Dist 1000 = 4.309 | Episode Length = 50 | Episode Return = 44.0 | Evaluator Episodes = 5715 | Evaluator Steps = 285750 | Final Dist = 0.198 | Final Dist 10 = 1.530 | Final Dist 100 = 1.290 | Final Dist 1000 = 1.555 | Init Dist = 1.000 | Init Dist 10 = 5.070 | Init Dist 100 = 5.766 | Init Dist 1000 = 5.864 | Learner Steps = 17466 | Learner Walltime = 3436.392 | Min Dist = 0.070 | Min Dist 10 = 0.820 | Min Dist 100 = 0.204 | Min Dist 1000 = 0.244 | Steps Per Second = 83.938 | Success = 1.000 | Success 1000 = 0.979
I0502 16:03:33.782523 139579566835264 terminal.py:91] [Evaluator] Actor Episodes = 22561 | Actor Steps = 1128050 | Delta Dist = 12.250 | Delta Dist 10 = 12.034 | Delta Dist 100 = 11.787 | Delta Dist 1000 = 11.510 | Episode Length = 50 | Episode Return = 30.0 | Evaluator Episodes = 5717 | Evaluator Steps = 285850 | Final Dist = 0.556 | Final Dist 10 = 0.773 | Final Dist 100 = 1.019 | Final Dist 1000 = 1.297 | Init Dist = 12.806 | Init Dist 10 = 12.806 | Init Dist 100 = 12.806 | Init Dist 1000 = 12.806 | Learner Steps = 17472 | Learner Walltime = 3437.608 | Min Dist = 0.192 | Min Dist 10 = 0.326 | Min Dist 100 = 0.354 | Min Dist 1000 = 0.583 | Steps Per Second = 86.416 | Success = 1.000 | Success 1000 = 0.929
I0502 16:03:34.961975 139579566835264 terminal.py:91] [Evaluator] Actor Episodes = 22569 | Actor Steps = 1128450 | Delta Dist = 11.551 | Delta Dist 10 = 12.062 | Delta Dist 100 = 11.799 | Delta Dist 1000 = 11.510 | Episode Length = 50 | Episode Return = 20.0 | Evaluator Episodes = 5719 | Evaluator Steps = 285950 | Final Dist = 1.255 | Final Dist 10 = 0.744 | Final Dist 100 = 1.007 | Final Dist 1000 = 1.296 | Init Dist = 12.806 | Init Dist 10 = 12.806 | Init Dist 100 = 12.806 | Init Dist 1000 = 12.806 | Learner Steps = 17479 | Learner Walltime = 3438.936 | Min Dist = 0.213 | Min Dist 10 = 0.312 | Min Dist 100 = 0.354 | Min Dist 1000 = 0.583 | Steps Per Second = 85.175 | Success = 1.000 | Success 1000 = 0.929
I0502 16:03:36.114844 139579566835264 terminal.py:91] [Evaluator] Actor Episodes = 22577 | Actor Steps = 1128850 | Delta Dist = 11.858 | Delta Dist 10 = 11.942 | Delta Dist 100 = 11.785 | Delta Dist 1000 = 11.508 | Episode Length = 50 | Episode Return = 18.0 | Evaluator Episodes = 5721 | Evaluator Steps = 286050 | Final Dist = 0.948 | Final Dist 10 = 0.864 | Final Dist 100 = 1.021 | Final Dist 1000 = 1.298 | Init Dist = 12.806 | Init Dist 10 = 12.806 | Init Dist 100 = 12.806 | Init Dist 1000 = 12.806 | Learner Steps = 17486 | Learner Walltime = 3440.156 | Min Dist = 0.114 | Min Dist 10 = 0.251 | Min Dist 100 = 0.354 | Min Dist 1000 = 0.583 | Steps Per Second = 92.096 | Success = 1.000 | Success 1000 = 0.929
I0502 16:03:36.280189 139558059398720 terminal.py:91] [Actor] Actor Episodes = 22579 | Actor Steps = 1128950 | Delta Dist = 2.672 | Delta Dist 10 = 4.383 | Delta Dist 100 = 4.427 | Delta Dist 1000 = 4.330 | Episode Length = 50 | Episode Return = 44.0 | Evaluator Episodes = 5721 | Evaluator Steps = 286050 | Final Dist = 0.328 | Final Dist 10 = 1.440 | Final Dist 100 = 1.370 | Final Dist 1000 = 1.554 | Init Dist = 3.000 | Init Dist 10 = 5.823 | Init Dist 100 = 5.797 | Init Dist 1000 = 5.884 | Learner Steps = 17486 | Learner Walltime = 3440.156 | Min Dist = 0.001 | Min Dist 10 = 0.105 | Min Dist 100 = 0.199 | Min Dist 1000 = 0.245 | Steps Per Second = 100.155 | Success = 1.000 | Success 1000 = 0.979
I0502 16:03:37.332305 139579566835264 terminal.py:91] [Evaluator] Actor Episodes = 22585 | Actor Steps = 1129250 | Delta Dist = 11.394 | Delta Dist 10 = 11.925 | Delta Dist 100 = 11.870 | Delta Dist 1000 = 11.515 | Episode Length = 50 | Episode Return = 4.0 | Evaluator Episodes = 5723 | Evaluator Steps = 286150 | Final Dist = 1.413 | Final Dist 10 = 0.882 | Final Dist 100 = 0.936 | Final Dist 1000 = 1.291 | Init Dist = 12.806 | Init Dist 10 = 12.806 | Init Dist 100 = 12.806 | Init Dist 1000 = 12.806 | Learner Steps = 17492 | Learner Walltime = 3441.447 | Min Dist = 0.666 | Min Dist 10 = 0.244 | Min Dist 100 = 0.281 | Min Dist 1000 = 0.577 | Steps Per Second = 85.305 | Success = 1.000 | Success 1000 = 0.930
I0502 16:03:38.472660 139579566835264 terminal.py:91] [Evaluator] Actor Episodes = 22593 | Actor Steps = 1129650 | Delta Dist = 11.543 | Delta Dist 10 = 11.744 | Delta Dist 100 = 11.859 | Delta Dist 1000 = 11.515 | Episode Length = 50 | Episode Return = 28.0 | Evaluator Episodes = 5725 | Evaluator Steps = 286250 | Final Dist = 1.263 | Final Dist 10 = 1.062 | Final Dist 100 = 0.947 | Final Dist 1000 = 1.291 | Init Dist = 12.806 | Init Dist 10 = 12.806 | Init Dist 100 = 12.806 | Init Dist 1000 = 12.806 | Learner Steps = 17499 | Learner Walltime = 3442.662 | Min Dist = 0.090 | Min Dist 10 = 0.278 | Min Dist 100 = 0.285 | Min Dist 1000 = 0.577 | Steps Per Second = 84.766 | Success = 1.000 | Success 1000 = 0.930
I0502 16:03:39.652250 139579566835264 terminal.py:91] [Evaluator] Actor Episodes = 22601 | Actor Steps = 1130050 | Delta Dist = 11.590 | Delta Dist 10 = 11.729 | Delta Dist 100 = 11.862 | Delta Dist 1000 = 11.519 | Episode Length = 50 | Episode Return = 27.0 | Evaluator Episodes = 5727 | Evaluator Steps = 286350 | Final Dist = 1.216 | Final Dist 10 = 1.077 | Final Dist 100 = 0.944 | Final Dist 1000 = 1.288 | Init Dist = 12.806 | Init Dist 10 = 12.806 | Init Dist 100 = 12.806 | Init Dist 1000 = 12.806 | Learner Steps = 17505 | Learner Walltime = 3443.790 | Min Dist = 0.181 | Min Dist 10 = 0.266 | Min Dist 100 = 0.286 | Min Dist 1000 = 0.572 | Steps Per Second = 82.767 | Success = 1.000 | Success 1000 = 0.931
I0502 16:03:40.057982 139555860620864 terminal.py:91] [Actor] Actor Episodes = 22607 | Actor Steps = 1130350 | Delta Dist = 5.954 | Delta Dist 10 = 3.426 | Delta Dist 100 = 4.301 | Delta Dist 1000 = 4.329 | Episode Length = 50 | Episode Return = 16.0 | Evaluator Episodes = 5727 | Evaluator Steps = 286350 | Final Dist = 1.117 | Final Dist 10 = 1.668 | Final Dist 100 = 1.435 | Final Dist 1000 = 1.555 | Init Dist = 7.071 | Init Dist 10 = 5.094 | Init Dist 100 = 5.735 | Init Dist 1000 = 5.884 | Learner Steps = 17505 | Learner Walltime = 3443.790 | Min Dist = 0.017 | Min Dist 10 = 0.110 | Min Dist 100 = 0.165 | Min Dist 1000 = 0.246 | Steps Per Second = 86.559 | Success = 1.000 | Success 1000 = 0.979
I0502 16:03:40.856991 139579566835264 terminal.py:91] [Evaluator] Actor Episodes = 22609 | Actor Steps = 1130450 | Delta Dist = 11.355 | Delta Dist 10 = 11.619 | Delta Dist 100 = 11.863 | Delta Dist 1000 = 11.519 | Episode Length = 50 | Episode Return = 24.0 | Evaluator Episodes = 5729 | Evaluator Steps = 286450 | Final Dist = 1.451 | Final Dist 10 = 1.187 | Final Dist 100 = 0.944 | Final Dist 1000 = 1.287 | Init Dist = 12.806 | Init Dist 10 = 12.806 | Init Dist 100 = 12.806 | Init Dist 1000 = 12.806 | Learner Steps = 17510 | Learner Walltime = 3444.819 | Min Dist = 0.128 | Min Dist 10 = 0.274 | Min Dist 100 = 0.286 | Min Dist 1000 = 0.572 | Steps Per Second = 74.419 | Success = 1.000 | Success 1000 = 0.931
I0502 16:03:40.941431 139569349502528 terminal.py:91] [Actor] Actor Episodes = 22610 | Actor Steps = 1130500 | Delta Dist = 5.564 | Delta Dist 10 = 2.910 | Delta Dist 100 = 4.377 | Delta Dist 1000 = 4.326 | Episode Length = 50 | Episode Return = 47.0 | Evaluator Episodes = 5727 | Evaluator Steps = 286350 | Final Dist = 0.760 | Final Dist 10 = 0.989 | Final Dist 100 = 1.338 | Final Dist 1000 = 1.540 | Init Dist = 6.325 | Init Dist 10 = 3.899 | Init Dist 100 = 5.715 | Init Dist 1000 = 5.866 | Learner Steps = 17505 | Learner Walltime = 3443.790 | Min Dist = 0.094 | Min Dist 10 = 0.074 | Min Dist 100 = 0.156 | Min Dist 1000 = 0.246 | Steps Per Second = 71.822 | Success = 1.000 | Success 1000 = 0.979
I0502 16:03:41.267273 139584504182336 lp_utils.py:96] StepsLimiter: Reached 1130650 recorded steps
I0502 16:03:41.294535 139555013154368 terminal.py:91] [Learner] Actor Episodes = 22609 | Actor Loss = 3.6733720302581787 | Actor Steps = 1130450 | Binary Accuracy = 0.9960727691650391 | Categorical Accuracy = 0.42303466796875 | Critic Loss = 1.9149590730667114 | Entropy Mean = -19.521635055541992 | Evaluator Episodes = 5727 | Evaluator Steps = 286350 | Learner Steps = 17513 | Learner Walltime = 3445.493 | Logits Neg = -16.54240608215332 | Logits Pos = -1.8922040462493896 | Logsumexp = 1.1930358409881592 | Steps Per Second = 132.880
I0502 16:03:42.150472 139579566835264 terminal.py:91] [Evaluator] Actor Episodes = 22617 | Actor Steps = 1130850 | Delta Dist = 11.691 | Delta Dist 10 = 11.248 | Delta Dist 100 = 11.806 | Delta Dist 1000 = 11.514 | Episode Length = 50 | Episode Return = 25.0 | Evaluator Episodes = 5731 | Evaluator Steps = 286550 | Final Dist = 1.115 | Final Dist 10 = 1.558 | Final Dist 100 = 1.001 | Final Dist 1000 = 1.292 | Init Dist = 12.806 | Init Dist 10 = 12.806 | Init Dist 100 = 12.806 | Init Dist 1000 = 12.806 | Learner Steps = 17516 | Learner Walltime = 3446.082 | Min Dist = 0.075 | Min Dist 10 = 0.755 | Min Dist 100 = 0.335 | Min Dist 1000 = 0.577 | Steps Per Second = 83.840 | Success = 1.000 | Success 1000 = 0.930
I0502 16:03:43.313684 139579566835264 terminal.py:91] [Evaluator] Actor Episodes = 22625 | Actor Steps = 1131250 | Delta Dist = 8.235 | Delta Dist 10 = 11.270 | Delta Dist 100 = 11.819 | Delta Dist 1000 = 11.515 | Episode Length = 50 | Episode Return = 0.0 | Evaluator Episodes = 5733 | Evaluator Steps = 286650 | Final Dist = 4.571 | Final Dist 10 = 1.536 | Final Dist 100 = 0.987 | Final Dist 1000 = 1.292 | Init Dist = 12.806 | Init Dist 10 = 12.806 | Init Dist 100 = 12.806 | Init Dist 1000 = 12.806 | Learner Steps = 17522 | Learner Walltime = 3447.326 | Min Dist = 4.571 | Min Dist 10 = 0.752 | Min Dist 100 = 0.333 | Min Dist 1000 = 0.576 | Steps Per Second = 89.255 | Success = 0.000 | Success 1000 = 0.930
I0502 16:03:43.524335 139557462840896 terminal.py:91] [Actor] Actor Episodes = 22627 | Actor Steps = 1131350 | Delta Dist = 5.694 | Delta Dist 10 = 4.096 | Delta Dist 100 = 4.180 | Delta Dist 1000 = 4.332 | Episode Length = 50 | Episode Return = 39.0 | Evaluator Episodes = 5733 | Evaluator Steps = 286650 | Final Dist = 0.389 | Final Dist 10 = 1.369 | Final Dist 100 = 1.393 | Final Dist 1000 = 1.541 | Init Dist = 6.083 | Init Dist 10 = 5.465 | Init Dist 100 = 5.573 | Init Dist 1000 = 5.873 | Learner Steps = 17522 | Learner Walltime = 3447.326 | Min Dist = 0.389 | Min Dist 10 = 0.115 | Min Dist 100 = 0.158 | Min Dist 1000 = 0.246 | Steps Per Second = 104.378 | Success = 1.000 | Success 1000 = 0.979
I0502 16:03:44.489379 139579566835264 terminal.py:91] [Evaluator] Actor Episodes = 22633 | Actor Steps = 1131650 | Delta Dist = 11.099 | Delta Dist 10 = 11.020 | Delta Dist 100 = 11.788 | Delta Dist 1000 = 11.512 | Episode Length = 50 | Episode Return = 12.0 | Evaluator Episodes = 5735 | Evaluator Steps = 286750 | Final Dist = 1.707 | Final Dist 10 = 1.786 | Final Dist 100 = 1.018 | Final Dist 1000 = 1.294 | Init Dist = 12.806 | Init Dist 10 = 12.806 | Init Dist 100 = 12.806 | Init Dist 1000 = 12.806 | Learner Steps = 17528 | Learner Walltime = 3448.447 | Min Dist = 0.569 | Min Dist 10 = 1.140 | Min Dist 100 = 0.378 | Min Dist 1000 = 0.580 | Steps Per Second = 91.038 | Success = 1.000 | Success 1000 = 0.930
I0502 16:03:45.604670 139579566835264 terminal.py:91] [Evaluator] Actor Episodes = 22641 | Actor Steps = 1132050 | Delta Dist = 11.506 | Delta Dist 10 = 11.004 | Delta Dist 100 = 11.775 | Delta Dist 1000 = 11.511 | Episode Length = 50 | Episode Return = 13.0 | Evaluator Episodes = 5737 | Evaluator Steps = 286850 | Final Dist = 1.300 | Final Dist 10 = 1.802 | Final Dist 100 = 1.032 | Final Dist 1000 = 1.295 | Init Dist = 12.806 | Init Dist 10 = 12.806 | Init Dist 100 = 12.806 | Init Dist 1000 = 12.806 | Learner Steps = 17534 | Learner Walltime = 3449.633 | Min Dist = 0.463 | Min Dist 10 = 1.205 | Min Dist 100 = 0.384 | Min Dist 1000 = 0.580 | Steps Per Second = 92.766 | Success = 1.000 | Success 1000 = 0.930
I0502 16:03:46.616468 139558059398720 terminal.py:91] [Actor] Actor Episodes = 22644 | Actor Steps = 1132200 | Delta Dist = 3.487 | Delta Dist 10 = 2.201 | Delta Dist 100 = 3.972 | Delta Dist 1000 = 4.305 | Episode Length = 50 | Episode Return = 0.0 | Evaluator Episodes = 5737 | Evaluator Steps = 286850 | Final Dist = 1.898 | Final Dist 10 = 2.994 | Final Dist 100 = 1.625 | Final Dist 1000 = 1.559 | Init Dist = 5.385 | Init Dist 10 = 5.195 | Init Dist 100 = 5.597 | Init Dist 1000 = 5.865 | Learner Steps = 17534 | Learner Walltime = 3449.633 | Min Dist = 0.100 | Min Dist 10 = 1.171 | Min Dist 100 = 0.285 | Min Dist 1000 = 0.257 | Steps Per Second = 82.719 | Success = 1.000 | Success 1000 = 0.978
I0502 16:03:46.741222 139579566835264 terminal.py:91] [Evaluator] Actor Episodes = 22649 | Actor Steps = 1132450 | Delta Dist = 11.862 | Delta Dist 10 = 10.947 | Delta Dist 100 = 11.765 | Delta Dist 1000 = 11.514 | Episode Length = 50 | Episode Return = 13.0 | Evaluator Episodes = 5739 | Evaluator Steps = 286950 | Final Dist = 0.945 | Final Dist 10 = 1.859 | Final Dist 100 = 1.041 | Final Dist 1000 = 1.292 | Init Dist = 12.806 | Init Dist 10 = 12.806 | Init Dist 100 = 12.806 | Init Dist 1000 = 12.806 | Learner Steps = 17540 | Learner Walltime = 3450.767 | Min Dist = 0.139 | Min Dist 10 = 1.222 | Min Dist 100 = 0.389 | Min Dist 1000 = 0.576 | Steps Per Second = 90.342 | Success = 1.000 | Success 1000 = 0.931
I0502 16:03:48.004417 139579566835264 terminal.py:91] [Evaluator] Actor Episodes = 22657 | Actor Steps = 1132850 | Delta Dist = 12.614 | Delta Dist 10 = 11.390 | Delta Dist 100 = 11.764 | Delta Dist 1000 = 11.513 | Episode Length = 50 | Episode Return = 25.0 | Evaluator Episodes = 5741 | Evaluator Steps = 287050 | Final Dist = 0.193 | Final Dist 10 = 1.416 | Final Dist 100 = 1.042 | Final Dist 1000 = 1.293 | Init Dist = 12.806 | Init Dist 10 = 12.806 | Init Dist 100 = 12.806 | Init Dist 1000 = 12.806 | Learner Steps = 17547 | Learner Walltime = 3452.090 | Min Dist = 0.139 | Min Dist 10 = 0.726 | Min Dist 100 = 0.380 | Min Dist 1000 = 0.576 | Steps Per Second = 80.234 | Success = 1.000 | Success 1000 = 0.931
I0502 16:03:49.168336 139579566835264 terminal.py:91] [Evaluator] Actor Episodes = 22665 | Actor Steps = 1133250 | Delta Dist = 11.738 | Delta Dist 10 = 11.479 | Delta Dist 100 = 11.784 | Delta Dist 1000 = 11.520 | Episode Length = 50 | Episode Return = 2.0 | Evaluator Episodes = 5743 | Evaluator Steps = 287150 | Final Dist = 1.068 | Final Dist 10 = 1.327 | Final Dist 100 = 1.022 | Final Dist 1000 = 1.287 | Init Dist = 12.806 | Init Dist 10 = 12.806 | Init Dist 100 = 12.806 | Init Dist 1000 = 12.806 | Learner Steps = 17553 | Learner Walltime = 3453.231 | Min Dist = 0.411 | Min Dist 10 = 0.727 | Min Dist 100 = 0.371 | Min Dist 1000 = 0.570 | Steps Per Second = 96.809 | Success = 1.000 | Success 1000 = 0.932
I0502 16:03:50.295275 139579566835264 terminal.py:91] [Evaluator] Actor Episodes = 22673 | Actor Steps = 1133650 | Delta Dist = 11.826 | Delta Dist 10 = 11.810 | Delta Dist 100 = 11.782 | Delta Dist 1000 = 11.520 | Episode Length = 50 | Episode Return = 21.0 | Evaluator Episodes = 5745 | Evaluator Steps = 287250 | Final Dist = 0.980 | Final Dist 10 = 0.996 | Final Dist 100 = 1.024 | Final Dist 1000 = 1.286 | Init Dist = 12.806 | Init Dist 10 = 12.806 | Init Dist 100 = 12.806 | Init Dist 1000 = 12.806 | Learner Steps = 17560 | Learner Walltime = 3454.412 | Min Dist = 0.145 | Min Dist 10 = 0.292 | Min Dist 100 = 0.372 | Min Dist 1000 = 0.570 | Steps Per Second = 85.519 | Success = 1.000 | Success 1000 = 0.932
I0502 16:03:50.330164 139555860620864 terminal.py:91] [Actor] Actor Episodes = 22672 | Actor Steps = 1133600 | Delta Dist = 3.936 | Delta Dist 10 = 5.809 | Delta Dist 100 = 4.074 | Delta Dist 1000 = 4.345 | Episode Length = 50 | Episode Return = 36.0 | Evaluator Episodes = 5743 | Evaluator Steps = 287150 | Final Dist = 0.064 | Final Dist 10 = 0.583 | Final Dist 100 = 1.484 | Final Dist 1000 = 1.534 | Init Dist = 4.000 | Init Dist 10 = 6.392 | Init Dist 100 = 5.558 | Init Dist 1000 = 5.879 | Learner Steps = 17553 | Learner Walltime = 3453.231 | Min Dist = 0.031 | Min Dist 10 = 0.043 | Min Dist 100 = 0.408 | Min Dist 1000 = 0.264 | Steps Per Second = 105.945 | Success = 1.000 | Success 1000 = 0.978
I0502 16:03:51.286850 139584504182336 lp_utils.py:96] StepsLimiter: Reached 1133950 recorded steps
I0502 16:03:51.313624 139569349502528 terminal.py:91] [Actor] Actor Episodes = 22681 | Actor Steps = 1134050 | Delta Dist = 3.833 | Delta Dist 10 = 4.855 | Delta Dist 100 = 4.041 | Delta Dist 1000 = 4.346 | Episode Length = 50 | Episode Return = 22.0 | Evaluator Episodes = 5745 | Evaluator Steps = 287250 | Final Dist = 0.639 | Final Dist 10 = 1.710 | Final Dist 100 = 1.543 | Final Dist 1000 = 1.544 | Init Dist = 4.472 | Init Dist 10 = 6.565 | Init Dist 100 = 5.584 | Init Dist 1000 = 5.889 | Learner Steps = 17560 | Learner Walltime = 3454.412 | Min Dist = 0.058 | Min Dist 10 = 0.710 | Min Dist 100 = 0.467 | Min Dist 1000 = 0.271 | Steps Per Second = 81.189 | Success = 1.000 | Success 1000 = 0.978
I0502 16:03:51.413123 139555013154368 terminal.py:91] [Learner] Actor Episodes = 22681 | Actor Loss = 3.64990234375 | Actor Steps = 1134050 | Binary Accuracy = 0.9960598945617676 | Categorical Accuracy = 0.432861328125 | Critic Loss = 1.8322927951812744 | Entropy Mean = -19.33694839477539 | Evaluator Episodes = 5745 | Evaluator Steps = 287250 | Learner Steps = 17565 | Learner Walltime = 3455.608 | Logits Neg = -16.550188064575195 | Logits Pos = -1.819560170173645 | Logsumexp = 1.2224887609481812 | Steps Per Second = 190.466
I0502 16:03:51.530276 139579566835264 terminal.py:91] [Evaluator] Actor Episodes = 22681 | Actor Steps = 1134050 | Delta Dist = 11.558 | Delta Dist 10 = 11.517 | Delta Dist 100 = 11.742 | Delta Dist 1000 = 11.516 | Episode Length = 50 | Episode Return = 7.0 | Evaluator Episodes = 5747 | Evaluator Steps = 287350 | Final Dist = 1.248 | Final Dist 10 = 1.289 | Final Dist 100 = 1.064 | Final Dist 1000 = 1.290 | Init Dist = 12.806 | Init Dist 10 = 12.806 | Init Dist 100 = 12.806 | Init Dist 1000 = 12.806 | Learner Steps = 17565 | Learner Walltime = 3455.608 | Min Dist = 0.424 | Min Dist 10 = 0.635 | Min Dist 100 = 0.415 | Min Dist 1000 = 0.574 | Steps Per Second = 83.496 | Success = 1.000 | Success 1000 = 0.931
I0502 16:03:52.830082 139579566835264 terminal.py:91] [Evaluator] Actor Episodes = 22689 | Actor Steps = 1134450 | Delta Dist = 11.493 | Delta Dist 10 = 11.656 | Delta Dist 100 = 11.744 | Delta Dist 1000 = 11.517 | Episode Length = 50 | Episode Return = 2.0 | Evaluator Episodes = 5749 | Evaluator Steps = 287450 | Final Dist = 1.314 | Final Dist 10 = 1.150 | Final Dist 100 = 1.062 | Final Dist 1000 = 1.289 | Init Dist = 12.806 | Init Dist 10 = 12.806 | Init Dist 100 = 12.806 | Init Dist 1000 = 12.806 | Learner Steps = 17571 | Learner Walltime = 3456.638 | Min Dist = 0.406 | Min Dist 10 = 0.629 | Min Dist 100 = 0.418 | Min Dist 1000 = 0.574 | Steps Per Second = 75.808 | Success = 1.000 | Success 1000 = 0.931
I0502 16:03:53.981032 139579566835264 terminal.py:91] [Evaluator] Actor Episodes = 22697 | Actor Steps = 1134850 | Delta Dist = 11.909 | Delta Dist 10 = 11.691 | Delta Dist 100 = 11.744 | Delta Dist 1000 = 11.518 | Episode Length = 50 | Episode Return = 17.0 | Evaluator Episodes = 5751 | Evaluator Steps = 287550 | Final Dist = 0.897 | Final Dist 10 = 1.116 | Final Dist 100 = 1.062 | Final Dist 1000 = 1.288 | Init Dist = 12.806 | Init Dist 10 = 12.806 | Init Dist 100 = 12.806 | Init Dist 1000 = 12.806 | Learner Steps = 17576 | Learner Walltime = 3457.772 | Min Dist = 0.141 | Min Dist 10 = 0.663 | Min Dist 100 = 0.423 | Min Dist 1000 = 0.575 | Steps Per Second = 87.098 | Success = 1.000 | Success 1000 = 0.931
I0502 16:03:54.001713 139557462840896 terminal.py:91] [Actor] Actor Episodes = 22692 | Actor Steps = 1134600 | Delta Dist = 1.986 | Delta Dist 10 = 4.266 | Delta Dist 100 = 3.923 | Delta Dist 1000 = 4.345 | Episode Length = 50 | Episode Return = 43.0 | Evaluator Episodes = 5749 | Evaluator Steps = 287450 | Final Dist = 0.251 | Final Dist 10 = 1.216 | Final Dist 100 = 1.621 | Final Dist 1000 = 1.545 | Init Dist = 2.236 | Init Dist 10 = 5.482 | Init Dist 100 = 5.544 | Init Dist 1000 = 5.890 | Learner Steps = 17571 | Learner Walltime = 3456.638 | Min Dist = 0.084 | Min Dist 10 = 0.114 | Min Dist 100 = 0.473 | Min Dist 1000 = 0.266 | Steps Per Second = 82.639 | Success = 1.000 | Success 1000 = 0.978
I0502 16:03:54.717454 139584635659840 savers.py:156] Saving checkpoint: logs/contrastive_cpc_point_FourRooms_64/5dd72662-2788-11f0-b183-d85ed38c5779/checkpoints/counter
I0502 16:03:55.263774 139579566835264 terminal.py:91] [Evaluator] Actor Episodes = 22705 | Actor Steps = 1135250 | Delta Dist = 11.457 | Delta Dist 10 = 11.631 | Delta Dist 100 = 11.764 | Delta Dist 1000 = 11.519 | Episode Length = 50 | Episode Return = 26.0 | Evaluator Episodes = 5753 | Evaluator Steps = 287650 | Final Dist = 1.349 | Final Dist 10 = 1.175 | Final Dist 100 = 1.042 | Final Dist 1000 = 1.287 | Init Dist = 12.806 | Init Dist 10 = 12.806 | Init Dist 100 = 12.806 | Init Dist 1000 = 12.806 | Learner Steps = 17582 | Learner Walltime = 3458.966 | Min Dist = 0.050 | Min Dist 10 = 0.669 | Min Dist 100 = 0.395 | Min Dist 1000 = 0.574 | Steps Per Second = 78.815 | Success = 1.000 | Success 1000 = 0.931
I0502 16:03:55.731129 139583350109760 savers.py:156] Saving checkpoint: logs/contrastive_cpc_point_FourRooms_64/5dd72662-2788-11f0-b183-d85ed38c5779/checkpoints/learner
I0502 16:03:56.380496 139579566835264 terminal.py:91] [Evaluator] Actor Episodes = 22713 | Actor Steps = 1135650 | Delta Dist = 12.118 | Delta Dist 10 = 11.638 | Delta Dist 100 = 11.765 | Delta Dist 1000 = 11.519 | Episode Length = 50 | Episode Return = 5.0 | Evaluator Episodes = 5755 | Evaluator Steps = 287750 | Final Dist = 0.688 | Final Dist 10 = 1.168 | Final Dist 100 = 1.042 | Final Dist 1000 = 1.287 | Init Dist = 12.806 | Init Dist 10 = 12.806 | Init Dist 100 = 12.806 | Init Dist 1000 = 12.806 | Learner Steps = 17588 | Learner Walltime = 3460.374 | Min Dist = 0.622 | Min Dist 10 = 0.638 | Min Dist 100 = 0.391 | Min Dist 1000 = 0.574 | Steps Per Second = 90.928 | Success = 1.000 | Success 1000 = 0.931
I0502 16:03:56.625795 139558059398720 terminal.py:91] [Actor] Actor Episodes = 22710 | Actor Steps = 1135500 | Delta Dist = 5.566 | Delta Dist 10 = 4.099 | Delta Dist 100 = 3.967 | Delta Dist 1000 = 4.364 | Episode Length = 50 | Episode Return = 28.0 | Evaluator Episodes = 5753 | Evaluator Steps = 287650 | Final Dist = 1.714 | Final Dist 10 = 1.352 | Final Dist 100 = 1.661 | Final Dist 1000 = 1.529 | Init Dist = 7.280 | Init Dist 10 = 5.451 | Init Dist 100 = 5.628 | Init Dist 1000 = 5.892 | Learner Steps = 17582 | Learner Walltime = 3458.966 | Min Dist = 0.058 | Min Dist 10 = 0.084 | Min Dist 100 = 0.525 | Min Dist 1000 = 0.272 | Steps Per Second = 76.137 | Success = 1.000 | Success 1000 = 0.978
I0502 16:03:57.663094 139579566835264 terminal.py:91] [Evaluator] Actor Episodes = 22721 | Actor Steps = 1136050 | Delta Dist = 11.726 | Delta Dist 10 = 12.063 | Delta Dist 100 = 11.766 | Delta Dist 1000 = 11.520 | Episode Length = 50 | Episode Return = 26.0 | Evaluator Episodes = 5757 | Evaluator Steps = 287850 | Final Dist = 1.080 | Final Dist 10 = 0.743 | Final Dist 100 = 1.040 | Final Dist 1000 = 1.286 | Init Dist = 12.806 | Init Dist 10 = 12.806 | Init Dist 100 = 12.806 | Init Dist 1000 = 12.806 | Learner Steps = 17594 | Learner Walltime = 3461.407 | Min Dist = 0.006 | Min Dist 10 = 0.258 | Min Dist 100 = 0.394 | Min Dist 1000 = 0.575 | Steps Per Second = 77.528 | Success = 1.000 | Success 1000 = 0.931
I0502 16:03:58.831950 139579566835264 terminal.py:91] [Evaluator] Actor Episodes = 22729 | Actor Steps = 1136450 | Delta Dist = 11.400 | Delta Dist 10 = 12.090 | Delta Dist 100 = 11.775 | Delta Dist 1000 = 11.521 | Episode Length = 50 | Episode Return = 8.0 | Evaluator Episodes = 5759 | Evaluator Steps = 287950 | Final Dist = 1.407 | Final Dist 10 = 0.717 | Final Dist 100 = 1.031 | Final Dist 1000 = 1.285 | Init Dist = 12.806 | Init Dist 10 = 12.806 | Init Dist 100 = 12.806 | Init Dist 1000 = 12.806 | Learner Steps = 17601 | Learner Walltime = 3462.583 | Min Dist = 0.316 | Min Dist 10 = 0.206 | Min Dist 100 = 0.389 | Min Dist 1000 = 0.574 | Steps Per Second = 90.087 | Success = 1.000 | Success 1000 = 0.931
I0502 16:04:00.018663 139579566835264 terminal.py:91] [Evaluator] Actor Episodes = 22737 | Actor Steps = 1136850 | Delta Dist = 11.800 | Delta Dist 10 = 12.079 | Delta Dist 100 = 11.769 | Delta Dist 1000 = 11.525 | Episode Length = 50 | Episode Return = 18.0 | Evaluator Episodes = 5761 | Evaluator Steps = 288050 | Final Dist = 1.007 | Final Dist 10 = 0.727 | Final Dist 100 = 1.037 | Final Dist 1000 = 1.281 | Init Dist = 12.806 | Init Dist 10 = 12.806 | Init Dist 100 = 12.806 | Init Dist 1000 = 12.806 | Learner Steps = 17606 | Learner Walltime = 3463.584 | Min Dist = 0.131 | Min Dist 10 = 0.179 | Min Dist 100 = 0.386 | Min Dist 1000 = 0.569 | Steps Per Second = 86.700 | Success = 1.000 | Success 1000 = 0.932
I0502 16:04:00.445102 139555860620864 terminal.py:91] [Actor] Actor Episodes = 22736 | Actor Steps = 1136800 | Delta Dist = 5.027 | Delta Dist 10 = 5.142 | Delta Dist 100 = 3.988 | Delta Dist 1000 = 4.361 | Episode Length = 50 | Episode Return = 44.0 | Evaluator Episodes = 5759 | Evaluator Steps = 287950 | Final Dist = 0.072 | Final Dist 10 = 0.846 | Final Dist 100 = 1.624 | Final Dist 1000 = 1.514 | Init Dist = 5.099 | Init Dist 10 = 5.988 | Init Dist 100 = 5.612 | Init Dist 1000 = 5.875 | Learner Steps = 17606 | Learner Walltime = 3463.584 | Min Dist = 0.063 | Min Dist 10 = 0.069 | Min Dist 100 = 0.498 | Min Dist 1000 = 0.272 | Steps Per Second = 79.230 | Success = 1.000 | Success 1000 = 0.978
I0502 16:04:01.204560 139579566835264 terminal.py:91] [Evaluator] Actor Episodes = 22745 | Actor Steps = 1137250 | Delta Dist = 11.886 | Delta Dist 10 = 12.049 | Delta Dist 100 = 11.778 | Delta Dist 1000 = 11.525 | Episode Length = 50 | Episode Return = 24.0 | Evaluator Episodes = 5763 | Evaluator Steps = 288150 | Final Dist = 0.920 | Final Dist 10 = 0.758 | Final Dist 100 = 1.028 | Final Dist 1000 = 1.281 | Init Dist = 12.806 | Init Dist 10 = 12.806 | Init Dist 100 = 12.806 | Init Dist 1000 = 12.806 | Learner Steps = 17611 | Learner Walltime = 3464.598 | Min Dist = 0.224 | Min Dist 10 = 0.179 | Min Dist 100 = 0.381 | Min Dist 1000 = 0.569 | Steps Per Second = 86.281 | Success = 1.000 | Success 1000 = 0.932
I0502 16:04:01.305443 139584504182336 lp_utils.py:96] StepsLimiter: Reached 1137250 recorded steps
I0502 16:04:01.461688 139555013154368 terminal.py:91] [Learner] Actor Episodes = 22745 | Actor Loss = 3.6060397624969482 | Actor Steps = 1137250 | Binary Accuracy = 0.99607253074646 | Categorical Accuracy = 0.41229248046875 | Critic Loss = 1.8777966499328613 | Entropy Mean = -21.19613265991211 | Evaluator Episodes = 5763 | Evaluator Steps = 288150 | Learner Steps = 17617 | Learner Walltime = 3465.659 | Logits Neg = -16.450836181640625 | Logits Pos = -1.8834656476974487 | Logsumexp = 1.0147862434387207 | Steps Per Second = 1104.859
I0502 16:04:01.631061 139569349502528 terminal.py:91] [Actor] Actor Episodes = 22744 | Actor Steps = 1137200 | Delta Dist = 4.036 | Delta Dist 10 = 4.225 | Delta Dist 100 = 4.124 | Delta Dist 1000 = 4.354 | Episode Length = 50 | Episode Return = 26.0 | Evaluator Episodes = 5761 | Evaluator Steps = 288050 | Final Dist = 0.087 | Final Dist 10 = 1.751 | Final Dist 100 = 1.536 | Final Dist 1000 = 1.523 | Init Dist = 4.123 | Init Dist 10 = 5.976 | Init Dist 100 = 5.660 | Init Dist 1000 = 5.877 | Learner Steps = 17611 | Learner Walltime = 3464.598 | Min Dist = 0.061 | Min Dist 10 = 1.054 | Min Dist 100 = 0.487 | Min Dist 1000 = 0.281 | Steps Per Second = 88.978 | Success = 1.000 | Success 1000 = 0.978
I0502 16:04:02.327821 139579566835264 terminal.py:91] [Evaluator] Actor Episodes = 22753 | Actor Steps = 1137650 | Delta Dist = 11.657 | Delta Dist 10 = 12.003 | Delta Dist 100 = 11.775 | Delta Dist 1000 = 11.524 | Episode Length = 50 | Episode Return = 15.0 | Evaluator Episodes = 5765 | Evaluator Steps = 288250 | Final Dist = 1.149 | Final Dist 10 = 0.803 | Final Dist 100 = 1.031 | Final Dist 1000 = 1.282 | Init Dist = 12.806 | Init Dist 10 = 12.806 | Init Dist 100 = 12.806 | Init Dist 1000 = 12.806 | Learner Steps = 17616 | Learner Walltime = 3465.601 | Min Dist = 0.463 | Min Dist 10 = 0.181 | Min Dist 100 = 0.381 | Min Dist 1000 = 0.569 | Steps Per Second = 85.474 | Success = 1.000 | Success 1000 = 0.932
I0502 16:04:03.497834 139579566835264 terminal.py:91] [Evaluator] Actor Episodes = 22761 | Actor Steps = 1138050 | Delta Dist = 11.402 | Delta Dist 10 = 11.877 | Delta Dist 100 = 11.764 | Delta Dist 1000 = 11.524 | Episode Length = 50 | Episode Return = 4.0 | Evaluator Episodes = 5767 | Evaluator Steps = 288350 | Final Dist = 1.404 | Final Dist 10 = 0.929 | Final Dist 100 = 1.042 | Final Dist 1000 = 1.282 | Init Dist = 12.806 | Init Dist 10 = 12.806 | Init Dist 100 = 12.806 | Init Dist 1000 = 12.806 | Learner Steps = 17622 | Learner Walltime = 3466.768 | Min Dist = 0.301 | Min Dist 10 = 0.175 | Min Dist 100 = 0.385 | Min Dist 1000 = 0.569 | Steps Per Second = 88.127 | Success = 1.000 | Success 1000 = 0.932
I0502 16:04:04.280136 139557462840896 terminal.py:91] [Actor] Actor Episodes = 22763 | Actor Steps = 1138150 | Delta Dist = 8.428 | Delta Dist 10 = 4.719 | Delta Dist 100 = 4.379 | Delta Dist 1000 = 4.366 | Episode Length = 50 | Episode Return = 39.0 | Evaluator Episodes = 5767 | Evaluator Steps = 288350 | Final Dist = 0.572 | Final Dist 10 = 1.611 | Final Dist 100 = 1.355 | Final Dist 1000 = 1.531 | Init Dist = 9.000 | Init Dist 10 = 6.329 | Init Dist 100 = 5.734 | Init Dist 1000 = 5.897 | Learner Steps = 17627 | Learner Walltime = 3467.800 | Min Dist = 0.061 | Min Dist 10 = 0.393 | Min Dist 100 = 0.321 | Min Dist 1000 = 0.285 | Steps Per Second = 85.258 | Success = 1.000 | Success 1000 = 0.978
I0502 16:04:04.718727 139579566835264 terminal.py:91] [Evaluator] Actor Episodes = 22769 | Actor Steps = 1138450 | Delta Dist = 11.226 | Delta Dist 10 = 11.812 | Delta Dist 100 = 11.763 | Delta Dist 1000 = 11.525 | Episode Length = 50 | Episode Return = 23.0 | Evaluator Episodes = 5769 | Evaluator Steps = 288450 | Final Dist = 1.580 | Final Dist 10 = 0.994 | Final Dist 100 = 1.043 | Final Dist 1000 = 1.281 | Init Dist = 12.806 | Init Dist 10 = 12.806 | Init Dist 100 = 12.806 | Init Dist 1000 = 12.806 | Learner Steps = 17627 | Learner Walltime = 3467.800 | Min Dist = 0.090 | Min Dist 10 = 0.203 | Min Dist 100 = 0.377 | Min Dist 1000 = 0.569 | Steps Per Second = 84.598 | Success = 1.000 | Success 1000 = 0.932
I0502 16:04:05.944436 139579566835264 terminal.py:91] [Evaluator] Actor Episodes = 22777 | Actor Steps = 1138850 | Delta Dist = 12.097 | Delta Dist 10 = 11.805 | Delta Dist 100 = 11.764 | Delta Dist 1000 = 11.526 | Episode Length = 50 | Episode Return = 25.0 | Evaluator Episodes = 5771 | Evaluator Steps = 288550 | Final Dist = 0.709 | Final Dist 10 = 1.001 | Final Dist 100 = 1.042 | Final Dist 1000 = 1.281 | Init Dist = 12.806 | Init Dist 10 = 12.806 | Init Dist 100 = 12.806 | Init Dist 1000 = 12.806 | Learner Steps = 17639 | Learner Walltime = 3470.097 | Min Dist = 0.197 | Min Dist 10 = 0.184 | Min Dist 100 = 0.376 | Min Dist 1000 = 0.568 | Steps Per Second = 79.913 | Success = 1.000 | Success 1000 = 0.932
I0502 16:04:06.870605 139558059398720 terminal.py:91] [Actor] Actor Episodes = 22781 | Actor Steps = 1139050 | Delta Dist = 1.846 | Delta Dist 10 = 5.345 | Delta Dist 100 = 4.402 | Delta Dist 1000 = 4.373 | Episode Length = 50 | Episode Return = 34.0 | Evaluator Episodes = 5771 | Evaluator Steps = 288550 | Final Dist = 0.390 | Final Dist 10 = 0.630 | Final Dist 100 = 1.264 | Final Dist 1000 = 1.521 | Init Dist = 2.236 | Init Dist 10 = 5.975 | Init Dist 100 = 5.665 | Init Dist 1000 = 5.894 | Learner Steps = 17639 | Learner Walltime = 3470.097 | Min Dist = 0.095 | Min Dist 10 = 0.054 | Min Dist 100 = 0.258 | Min Dist 1000 = 0.285 | Steps Per Second = 95.225 | Success = 1.000 | Success 1000 = 0.978
I0502 16:04:07.121916 139579566835264 terminal.py:91] [Evaluator] Actor Episodes = 22783 | Actor Steps = 1139150 | Delta Dist = 12.338 | Delta Dist 10 = 11.821 | Delta Dist 100 = 11.770 | Delta Dist 1000 = 11.527 | Episode Length = 50 | Episode Return = 11.0 | Evaluator Episodes = 5773 | Evaluator Steps = 288650 | Final Dist = 0.468 | Final Dist 10 = 0.985 | Final Dist 100 = 1.036 | Final Dist 1000 = 1.280 | Init Dist = 12.806 | Init Dist 10 = 12.806 | Init Dist 100 = 12.806 | Init Dist 1000 = 12.806 | Learner Steps = 17646 | Learner Walltime = 3471.208 | Min Dist = 0.210 | Min Dist 10 = 0.230 | Min Dist 100 = 0.377 | Min Dist 1000 = 0.568 | Steps Per Second = 87.036 | Success = 1.000 | Success 1000 = 0.932
I0502 16:04:08.244475 139579566835264 terminal.py:91] [Evaluator] Actor Episodes = 22789 | Actor Steps = 1139450 | Delta Dist = 11.414 | Delta Dist 10 = 11.959 | Delta Dist 100 = 11.786 | Delta Dist 1000 = 11.528 | Episode Length = 50 | Episode Return = 7.0 | Evaluator Episodes = 5775 | Evaluator Steps = 288750 | Final Dist = 1.392 | Final Dist 10 = 0.847 | Final Dist 100 = 1.020 | Final Dist 1000 = 1.279 | Init Dist = 12.806 | Init Dist 10 = 12.806 | Init Dist 100 = 12.806 | Init Dist 1000 = 12.806 | Learner Steps = 17651 | Learner Walltime = 3472.394 | Min Dist = 0.818 | Min Dist 10 = 0.225 | Min Dist 100 = 0.377 | Min Dist 1000 = 0.568 | Steps Per Second = 95.518 | Success = 1.000 | Success 1000 = 0.932
I0502 16:04:09.393041 139579566835264 terminal.py:91] [Evaluator] Actor Episodes = 22797 | Actor Steps = 1139850 | Delta Dist = 11.958 | Delta Dist 10 = 12.029 | Delta Dist 100 = 11.795 | Delta Dist 1000 = 11.529 | Episode Length = 50 | Episode Return = 14.0 | Evaluator Episodes = 5777 | Evaluator Steps = 288850 | Final Dist = 0.848 | Final Dist 10 = 0.778 | Final Dist 100 = 1.012 | Final Dist 1000 = 1.278 | Init Dist = 12.806 | Init Dist 10 = 12.806 | Init Dist 100 = 12.806 | Init Dist 1000 = 12.806 | Learner Steps = 17657 | Learner Walltime = 3473.551 | Min Dist = 0.161 | Min Dist 10 = 0.250 | Min Dist 100 = 0.383 | Min Dist 1000 = 0.568 | Steps Per Second = 84.625 | Success = 1.000 | Success 1000 = 0.932
I0502 16:04:10.542134 139579566835264 terminal.py:91] [Evaluator] Actor Episodes = 22805 | Actor Steps = 1140250 | Delta Dist = 12.094 | Delta Dist 10 = 11.945 | Delta Dist 100 = 11.790 | Delta Dist 1000 = 11.528 | Episode Length = 50 | Episode Return = 19.0 | Evaluator Episodes = 5779 | Evaluator Steps = 288950 | Final Dist = 0.713 | Final Dist 10 = 0.861 | Final Dist 100 = 1.017 | Final Dist 1000 = 1.278 | Init Dist = 12.806 | Init Dist 10 = 12.806 | Init Dist 100 = 12.806 | Init Dist 1000 = 12.806 | Learner Steps = 17657 | Learner Walltime = 3473.551 | Min Dist = 0.127 | Min Dist 10 = 0.256 | Min Dist 100 = 0.385 | Min Dist 1000 = 0.568 | Steps Per Second = 92.212 | Success = 1.000 | Success 1000 = 0.932
I0502 16:04:10.662851 139555860620864 terminal.py:91] [Actor] Actor Episodes = 22809 | Actor Steps = 1140450 | Delta Dist = 8.389 | Delta Dist 10 = 3.792 | Delta Dist 100 = 4.466 | Delta Dist 1000 = 4.388 | Episode Length = 50 | Episode Return = 45.0 | Evaluator Episodes = 5779 | Evaluator Steps = 288950 | Final Dist = 0.096 | Final Dist 10 = 0.656 | Final Dist 100 = 1.199 | Final Dist 1000 = 1.479 | Init Dist = 8.485 | Init Dist 10 = 4.448 | Init Dist 100 = 5.665 | Init Dist 1000 = 5.867 | Learner Steps = 17664 | Learner Walltime = 3474.832 | Min Dist = 0.096 | Min Dist 10 = 0.067 | Min Dist 100 = 0.262 | Min Dist 1000 = 0.268 | Steps Per Second = 96.174 | Success = 1.000 | Success 1000 = 0.978
I0502 16:04:11.321342 139584504182336 lp_utils.py:96] StepsLimiter: Reached 1140450 recorded steps
I0502 16:04:11.518018 139555013154368 terminal.py:91] [Learner] Actor Episodes = 22805 | Actor Loss = 3.6904563903808594 | Actor Steps = 1140250 | Binary Accuracy = 0.9960789680480957 | Categorical Accuracy = 0.43487548828125 | Critic Loss = 1.8225224018096924 | Entropy Mean = -18.761943817138672 | Evaluator Episodes = 5779 | Evaluator Steps = 288950 | Learner Steps = 17670 | Learner Walltime = 3475.715 | Logits Neg = -16.939516067504883 | Logits Pos = -1.8104513883590698 | Logsumexp = 1.0113182067871094 | Steps Per Second = 1135.744
I0502 16:04:11.700544 139579566835264 terminal.py:91] [Evaluator] Actor Episodes = 22811 | Actor Steps = 1140550 | Delta Dist = 11.682 | Delta Dist 10 = 12.065 | Delta Dist 100 = 11.812 | Delta Dist 1000 = 11.529 | Episode Length = 50 | Episode Return = 12.0 | Evaluator Episodes = 5781 | Evaluator Steps = 289050 | Final Dist = 1.124 | Final Dist 10 = 0.742 | Final Dist 100 = 0.994 | Final Dist 1000 = 1.277 | Init Dist = 12.806 | Init Dist 10 = 12.806 | Init Dist 100 = 12.806 | Init Dist 1000 = 12.806 | Learner Steps = 17664 | Learner Walltime = 3474.832 | Min Dist = 0.187 | Min Dist 10 = 0.257 | Min Dist 100 = 0.382 | Min Dist 1000 = 0.568 | Steps Per Second = 84.746 | Success = 1.000 | Success 1000 = 0.932
I0502 16:04:11.797349 139569349502528 terminal.py:91] [Actor] Actor Episodes = 22815 | Actor Steps = 1140750 | Delta Dist = 10.327 | Delta Dist 10 = 4.965 | Delta Dist 100 = 4.509 | Delta Dist 1000 = 4.387 | Episode Length = 50 | Episode Return = 21.0 | Evaluator Episodes = 5781 | Evaluator Steps = 289050 | Final Dist = 0.113 | Final Dist 10 = 2.235 | Final Dist 100 = 1.323 | Final Dist 1000 = 1.490 | Init Dist = 10.440 | Init Dist 10 = 7.200 | Init Dist 100 = 5.832 | Init Dist 1000 = 5.877 | Learner Steps = 17664 | Learner Walltime = 3474.832 | Min Dist = 0.113 | Min Dist 10 = 0.048 | Min Dist 100 = 0.259 | Min Dist 1000 = 0.267 | Steps Per Second = 87.589 | Success = 1.000 | Success 1000 = 0.978
I0502 16:04:12.831146 139579566835264 terminal.py:91] [Evaluator] Actor Episodes = 22819 | Actor Steps = 1140950 | Delta Dist = 11.614 | Delta Dist 10 = 11.994 | Delta Dist 100 = 11.809 | Delta Dist 1000 = 11.530 | Episode Length = 50 | Episode Return = 0.0 | Evaluator Episodes = 5783 | Evaluator Steps = 289150 | Final Dist = 1.192 | Final Dist 10 = 0.812 | Final Dist 100 = 0.997 | Final Dist 1000 = 1.276 | Init Dist = 12.806 | Init Dist 10 = 12.806 | Init Dist 100 = 12.806 | Init Dist 1000 = 12.806 | Learner Steps = 17671 | Learner Walltime = 3476.137 | Min Dist = 1.012 | Min Dist 10 = 0.221 | Min Dist 100 = 0.384 | Min Dist 1000 = 0.565 | Steps Per Second = 97.932 | Success = 0.000 | Success 1000 = 0.933
I0502 16:04:13.988391 139579566835264 terminal.py:91] [Evaluator] Actor Episodes = 22827 | Actor Steps = 1141350 | Delta Dist = 11.732 | Delta Dist 10 = 11.815 | Delta Dist 100 = 11.802 | Delta Dist 1000 = 11.528 | Episode Length = 50 | Episode Return = 4.0 | Evaluator Episodes = 5785 | Evaluator Steps = 289250 | Final Dist = 1.074 | Final Dist 10 = 0.991 | Final Dist 100 = 1.004 | Final Dist 1000 = 1.278 | Init Dist = 12.806 | Init Dist 10 = 12.806 | Init Dist 100 = 12.806 | Init Dist 1000 = 12.806 | Learner Steps = 17677 | Learner Walltime = 3477.271 | Min Dist = 0.355 | Min Dist 10 = 0.373 | Min Dist 100 = 0.399 | Min Dist 1000 = 0.567 | Steps Per Second = 88.788 | Success = 1.000 | Success 1000 = 0.932
I0502 16:04:14.447825 139557462840896 terminal.py:91] [Actor] Actor Episodes = 22828 | Actor Steps = 1141400 | Delta Dist = 3.646 | Delta Dist 10 = 3.865 | Delta Dist 100 = 4.597 | Delta Dist 1000 = 4.383 | Episode Length = 50 | Episode Return = 21.0 | Evaluator Episodes = 5783 | Evaluator Steps = 289150 | Final Dist = 1.453 | Final Dist 10 = 1.756 | Final Dist 100 = 1.318 | Final Dist 1000 = 1.489 | Init Dist = 5.099 | Init Dist 10 = 5.621 | Init Dist 100 = 5.915 | Init Dist 1000 = 5.872 | Learner Steps = 17677 | Learner Walltime = 3477.271 | Min Dist = 0.111 | Min Dist 10 = 0.775 | Min Dist 100 = 0.329 | Min Dist 1000 = 0.273 | Steps Per Second = 78.824 | Success = 1.000 | Success 1000 = 0.979
I0502 16:04:15.249670 139579566835264 terminal.py:91] [Evaluator] Actor Episodes = 22835 | Actor Steps = 1141750 | Delta Dist = 11.887 | Delta Dist 10 = 11.830 | Delta Dist 100 = 11.804 | Delta Dist 1000 = 11.530 | Episode Length = 50 | Episode Return = 20.0 | Evaluator Episodes = 5787 | Evaluator Steps = 289350 | Final Dist = 0.919 | Final Dist 10 = 0.976 | Final Dist 100 = 1.002 | Final Dist 1000 = 1.277 | Init Dist = 12.806 | Init Dist 10 = 12.806 | Init Dist 100 = 12.806 | Init Dist 1000 = 12.806 | Learner Steps = 17683 | Learner Walltime = 3478.567 | Min Dist = 0.216 | Min Dist 10 = 0.356 | Min Dist 100 = 0.402 | Min Dist 1000 = 0.568 | Steps Per Second = 77.596 | Success = 1.000 | Success 1000 = 0.932
I0502 16:04:16.493274 139579566835264 terminal.py:91] [Evaluator] Actor Episodes = 22843 | Actor Steps = 1142150 | Delta Dist = 12.747 | Delta Dist 10 = 11.971 | Delta Dist 100 = 11.813 | Delta Dist 1000 = 11.540 | Episode Length = 50 | Episode Return = 33.0 | Evaluator Episodes = 5789 | Evaluator Steps = 289450 | Final Dist = 0.059 | Final Dist 10 = 0.835 | Final Dist 100 = 0.994 | Final Dist 1000 = 1.266 | Init Dist = 12.806 | Init Dist 10 = 12.806 | Init Dist 100 = 12.806 | Init Dist 1000 = 12.806 | Learner Steps = 17689 | Learner Walltime = 3479.802 | Min Dist = 0.050 | Min Dist 10 = 0.345 | Min Dist 100 = 0.401 | Min Dist 1000 = 0.557 | Steps Per Second = 81.396 | Success = 1.000 | Success 1000 = 0.933
I0502 16:04:17.433789 139558059398720 terminal.py:91] [Actor] Actor Episodes = 22850 | Actor Steps = 1142500 | Delta Dist = 3.852 | Delta Dist 10 = 4.896 | Delta Dist 100 = 4.759 | Delta Dist 1000 = 4.390 | Episode Length = 50 | Episode Return = 41.0 | Evaluator Episodes = 5789 | Evaluator Steps = 289450 | Final Dist = 0.391 | Final Dist 10 = 1.543 | Final Dist 100 = 1.277 | Final Dist 1000 = 1.485 | Init Dist = 4.243 | Init Dist 10 = 6.439 | Init Dist 100 = 6.036 | Init Dist 1000 = 5.875 | Learner Steps = 17696 | Learner Walltime = 3481.005 | Min Dist = 0.017 | Min Dist 10 = 0.753 | Min Dist 100 = 0.298 | Min Dist 1000 = 0.275 | Steps Per Second = 82.760 | Success = 1.000 | Success 1000 = 0.979
I0502 16:04:17.700472 139579566835264 terminal.py:91] [Evaluator] Actor Episodes = 22849 | Actor Steps = 1142450 | Delta Dist = 12.240 | Delta Dist 10 = 11.949 | Delta Dist 100 = 11.820 | Delta Dist 1000 = 11.541 | Episode Length = 50 | Episode Return = 21.0 | Evaluator Episodes = 5791 | Evaluator Steps = 289550 | Final Dist = 0.566 | Final Dist 10 = 0.857 | Final Dist 100 = 0.986 | Final Dist 1000 = 1.265 | Init Dist = 12.806 | Init Dist 10 = 12.806 | Init Dist 100 = 12.806 | Init Dist 1000 = 12.806 | Learner Steps = 17696 | Learner Walltime = 3481.005 | Min Dist = 0.013 | Min Dist 10 = 0.334 | Min Dist 100 = 0.400 | Min Dist 1000 = 0.556 | Steps Per Second = 80.550 | Success = 1.000 | Success 1000 = 0.933
I0502 16:04:19.024608 139579566835264 terminal.py:91] [Evaluator] Actor Episodes = 22859 | Actor Steps = 1142950 | Delta Dist = 11.739 | Delta Dist 10 = 12.025 | Delta Dist 100 = 11.819 | Delta Dist 1000 = 11.549 | Episode Length = 50 | Episode Return = 13.0 | Evaluator Episodes = 5793 | Evaluator Steps = 289650 | Final Dist = 1.067 | Final Dist 10 = 0.781 | Final Dist 100 = 0.987 | Final Dist 1000 = 1.257 | Init Dist = 12.806 | Init Dist 10 = 12.806 | Init Dist 100 = 12.806 | Init Dist 1000 = 12.806 | Learner Steps = 17701 | Learner Walltime = 3482.193 | Min Dist = 0.444 | Min Dist 10 = 0.321 | Min Dist 100 = 0.397 | Min Dist 1000 = 0.549 | Steps Per Second = 76.604 | Success = 1.000 | Success 1000 = 0.934
I0502 16:04:20.211782 139579566835264 terminal.py:91] [Evaluator] Actor Episodes = 22867 | Actor Steps = 1143350 | Delta Dist = 12.468 | Delta Dist 10 = 12.103 | Delta Dist 100 = 11.825 | Delta Dist 1000 = 11.549 | Episode Length = 50 | Episode Return = 23.0 | Evaluator Episodes = 5795 | Evaluator Steps = 289750 | Final Dist = 0.338 | Final Dist 10 = 0.704 | Final Dist 100 = 0.981 | Final Dist 1000 = 1.257 | Init Dist = 12.806 | Init Dist 10 = 12.806 | Init Dist 100 = 12.806 | Init Dist 1000 = 12.806 | Learner Steps = 17707 | Learner Walltime = 3483.299 | Min Dist = 0.300 | Min Dist 10 = 0.188 | Min Dist 100 = 0.398 | Min Dist 1000 = 0.549 | Steps Per Second = 78.833 | Success = 1.000 | Success 1000 = 0.934
I0502 16:04:21.163459 139555860620864 terminal.py:91] [Actor] Actor Episodes = 22870 | Actor Steps = 1143500 | Delta Dist = 7.389 | Delta Dist 10 = 5.032 | Delta Dist 100 = 4.780 | Delta Dist 1000 = 4.408 | Episode Length = 50 | Episode Return = 44.0 | Evaluator Episodes = 5795 | Evaluator Steps = 289750 | Final Dist = 0.673 | Final Dist 10 = 1.256 | Final Dist 100 = 1.272 | Final Dist 1000 = 1.473 | Init Dist = 8.062 | Init Dist 10 = 6.288 | Init Dist 100 = 6.051 | Init Dist 1000 = 5.881 | Learner Steps = 17713 | Learner Walltime = 3484.447 | Min Dist = 0.048 | Min Dist 10 = 0.113 | Min Dist 100 = 0.277 | Min Dist 1000 = 0.276 | Steps Per Second = 71.728 | Success = 1.000 | Success 1000 = 0.983
I0502 16:04:21.342616 139584504182336 lp_utils.py:96] StepsLimiter: Reached 1143650 recorded steps
I0502 16:04:21.383223 139579566835264 terminal.py:91] [Evaluator] Actor Episodes = 22873 | Actor Steps = 1143650 | Delta Dist = 11.783 | Delta Dist 10 = 12.202 | Delta Dist 100 = 11.827 | Delta Dist 1000 = 11.550 | Episode Length = 50 | Episode Return = 5.0 | Evaluator Episodes = 5797 | Evaluator Steps = 289850 | Final Dist = 1.023 | Final Dist 10 = 0.604 | Final Dist 100 = 0.979 | Final Dist 1000 = 1.256 | Init Dist = 12.806 | Init Dist 10 = 12.806 | Init Dist 100 = 12.806 | Init Dist 1000 = 12.806 | Learner Steps = 17713 | Learner Walltime = 3484.447 | Min Dist = 0.221 | Min Dist 10 = 0.161 | Min Dist 100 = 0.401 | Min Dist 1000 = 0.549 | Steps Per Second = 84.738 | Success = 1.000 | Success 1000 = 0.934
I0502 16:04:21.535859 139555013154368 terminal.py:91] [Learner] Actor Episodes = 22873 | Actor Loss = 3.662168025970459 | Actor Steps = 1143650 | Binary Accuracy = 0.9960250854492188 | Categorical Accuracy = 0.43505859375 | Critic Loss = 1.853379487991333 | Entropy Mean = -19.142986297607422 | Evaluator Episodes = 5797 | Evaluator Steps = 289850 | Learner Steps = 17719 | Learner Walltime = 3485.732 | Logits Neg = -16.914630889892578 | Logits Pos = -1.8417367935180664 | Logsumexp = 1.274947166442871 | Steps Per Second = 565.858
I0502 16:04:22.022092 139569349502528 terminal.py:91] [Actor] Actor Episodes = 22879 | Actor Steps = 1143950 | Delta Dist = 9.756 | Delta Dist 10 = 3.520 | Delta Dist 100 = 4.682 | Delta Dist 1000 = 4.397 | Episode Length = 50 | Episode Return = 34.0 | Evaluator Episodes = 5797 | Evaluator Steps = 289850 | Final Dist = 0.244 | Final Dist 10 = 1.812 | Final Dist 100 = 1.361 | Final Dist 1000 = 1.482 | Init Dist = 10.000 | Init Dist 10 = 5.331 | Init Dist 100 = 6.044 | Init Dist 1000 = 5.879 | Learner Steps = 17718 | Learner Walltime = 3485.619 | Min Dist = 0.230 | Min Dist 10 = 0.440 | Min Dist 100 = 0.315 | Min Dist 1000 = 0.279 | Steps Per Second = 71.327 | Success = 1.000 | Success 1000 = 0.983
I0502 16:04:22.589828 139579566835264 terminal.py:91] [Evaluator] Actor Episodes = 22881 | Actor Steps = 1144050 | Delta Dist = 11.660 | Delta Dist 10 = 12.121 | Delta Dist 100 = 11.820 | Delta Dist 1000 = 11.551 | Episode Length = 50 | Episode Return = 29.0 | Evaluator Episodes = 5799 | Evaluator Steps = 289950 | Final Dist = 1.147 | Final Dist 10 = 0.685 | Final Dist 100 = 0.986 | Final Dist 1000 = 1.256 | Init Dist = 12.806 | Init Dist 10 = 12.806 | Init Dist 100 = 12.806 | Init Dist 1000 = 12.806 | Learner Steps = 17718 | Learner Walltime = 3485.619 | Min Dist = 0.352 | Min Dist 10 = 0.182 | Min Dist 100 = 0.397 | Min Dist 1000 = 0.549 | Steps Per Second = 79.603 | Success = 1.000 | Success 1000 = 0.934
I0502 16:04:23.818413 139579566835264 terminal.py:91] [Evaluator] Actor Episodes = 22889 | Actor Steps = 1144450 | Delta Dist = 11.512 | Delta Dist 10 = 12.058 | Delta Dist 100 = 11.814 | Delta Dist 1000 = 11.551 | Episode Length = 50 | Episode Return = 12.0 | Evaluator Episodes = 5801 | Evaluator Steps = 290050 | Final Dist = 1.294 | Final Dist 10 = 0.748 | Final Dist 100 = 0.993 | Final Dist 1000 = 1.255 | Init Dist = 12.806 | Init Dist 10 = 12.806 | Init Dist 100 = 12.806 | Init Dist 1000 = 12.806 | Learner Steps = 17723 | Learner Walltime = 3486.810 | Min Dist = 0.163 | Min Dist 10 = 0.218 | Min Dist 100 = 0.399 | Min Dist 1000 = 0.549 | Steps Per Second = 86.225 | Success = 1.000 | Success 1000 = 0.934
I0502 16:04:24.509512 139557462840896 terminal.py:91] [Actor] Actor Episodes = 22892 | Actor Steps = 1144600 | Delta Dist = 0.553 | Delta Dist 10 = 4.940 | Delta Dist 100 = 4.526 | Delta Dist 1000 = 4.390 | Episode Length = 50 | Episode Return = 25.0 | Evaluator Episodes = 5801 | Evaluator Steps = 290050 | Final Dist = 1.683 | Final Dist 10 = 1.255 | Final Dist 100 = 1.415 | Final Dist 1000 = 1.482 | Init Dist = 2.236 | Init Dist 10 = 6.195 | Init Dist 100 = 5.941 | Init Dist 1000 = 5.873 | Learner Steps = 17729 | Learner Walltime = 3488.026 | Min Dist = 0.557 | Min Dist 10 = 0.209 | Min Dist 100 = 0.293 | Min Dist 1000 = 0.283 | Steps Per Second = 84.810 | Success = 1.000 | Success 1000 = 0.982
I0502 16:04:25.011593 139579566835264 terminal.py:91] [Evaluator] Actor Episodes = 22897 | Actor Steps = 1144850 | Delta Dist = 11.190 | Delta Dist 10 = 11.963 | Delta Dist 100 = 11.806 | Delta Dist 1000 = 11.551 | Episode Length = 50 | Episode Return = 7.0 | Evaluator Episodes = 5803 | Evaluator Steps = 290150 | Final Dist = 1.616 | Final Dist 10 = 0.843 | Final Dist 100 = 1.001 | Final Dist 1000 = 1.256 | Init Dist = 12.806 | Init Dist 10 = 12.806 | Init Dist 100 = 12.806 | Init Dist 1000 = 12.806 | Learner Steps = 17729 | Learner Walltime = 3488.026 | Min Dist = 0.368 | Min Dist 10 = 0.222 | Min Dist 100 = 0.391 | Min Dist 1000 = 0.549 | Steps Per Second = 79.251 | Success = 1.000 | Success 1000 = 0.934
I0502 16:04:26.556914 139579566835264 terminal.py:91] [Evaluator] Actor Episodes = 22906 | Actor Steps = 1145300 | Delta Dist = 12.244 | Delta Dist 10 = 11.768 | Delta Dist 100 = 11.780 | Delta Dist 1000 = 11.549 | Episode Length = 50 | Episode Return = 21.0 | Evaluator Episodes = 5805 | Evaluator Steps = 290250 | Final Dist = 0.563 | Final Dist 10 = 1.038 | Final Dist 100 = 1.027 | Final Dist 1000 = 1.257 | Init Dist = 12.806 | Init Dist 10 = 12.806 | Init Dist 100 = 12.806 | Init Dist 1000 = 12.806 | Learner Steps = 17739 | Learner Walltime = 3490.250 | Min Dist = 0.041 | Min Dist 10 = 0.255 | Min Dist 100 = 0.389 | Min Dist 1000 = 0.549 | Steps Per Second = 47.968 | Success = 1.000 | Success 1000 = 0.934
I0502 16:04:27.792695 139579566835264 terminal.py:91] [Evaluator] Actor Episodes = 22913 | Actor Steps = 1145650 | Delta Dist = 11.268 | Delta Dist 10 = 11.671 | Delta Dist 100 = 11.796 | Delta Dist 1000 = 11.549 | Episode Length = 50 | Episode Return = 17.0 | Evaluator Episodes = 5807 | Evaluator Steps = 290350 | Final Dist = 1.538 | Final Dist 10 = 1.135 | Final Dist 100 = 1.011 | Final Dist 1000 = 1.257 | Init Dist = 12.806 | Init Dist 10 = 12.806 | Init Dist 100 = 12.806 | Init Dist 1000 = 12.806 | Learner Steps = 17745 | Learner Walltime = 3491.498 | Min Dist = 0.050 | Min Dist 10 = 0.217 | Min Dist 100 = 0.385 | Min Dist 1000 = 0.548 | Steps Per Second = 81.222 | Success = 1.000 | Success 1000 = 0.934
I0502 16:04:27.847094 139558059398720 terminal.py:91] [Actor] Actor Episodes = 22910 | Actor Steps = 1145500 | Delta Dist = -0.231 | Delta Dist 10 = 5.558 | Delta Dist 100 = 4.578 | Delta Dist 1000 = 4.394 | Episode Length = 50 | Episode Return = 0.0 | Evaluator Episodes = 5805 | Evaluator Steps = 290250 | Final Dist = 1.646 | Final Dist 10 = 1.630 | Final Dist 100 = 1.603 | Final Dist 1000 = 1.513 | Init Dist = 1.414 | Init Dist 10 = 7.188 | Init Dist 100 = 6.182 | Init Dist 1000 = 5.907 | Learner Steps = 17739 | Learner Walltime = 3490.250 | Min Dist = 0.015 | Min Dist 10 = 0.942 | Min Dist 100 = 0.387 | Min Dist 1000 = 0.292 | Steps Per Second = 77.733 | Success = 1.000 | Success 1000 = 0.981
I0502 16:04:28.999567 139579566835264 terminal.py:91] [Evaluator] Actor Episodes = 22923 | Actor Steps = 1146150 | Delta Dist = 11.757 | Delta Dist 10 = 11.297 | Delta Dist 100 = 11.752 | Delta Dist 1000 = 11.544 | Episode Length = 50 | Episode Return = 16.0 | Evaluator Episodes = 5809 | Evaluator Steps = 290450 | Final Dist = 1.049 | Final Dist 10 = 1.509 | Final Dist 100 = 1.054 | Final Dist 1000 = 1.262 | Init Dist = 12.806 | Init Dist 10 = 12.806 | Init Dist 100 = 12.806 | Init Dist 1000 = 12.806 | Learner Steps = 17751 | Learner Walltime = 3492.622 | Min Dist = 0.073 | Min Dist 10 = 0.569 | Min Dist 100 = 0.420 | Min Dist 1000 = 0.552 | Steps Per Second = 84.488 | Success = 1.000 | Success 1000 = 0.933
I0502 16:04:30.017434 139579566835264 terminal.py:91] [Evaluator] Actor Episodes = 22929 | Actor Steps = 1146450 | Delta Dist = 11.485 | Delta Dist 10 = 11.222 | Delta Dist 100 = 11.745 | Delta Dist 1000 = 11.545 | Episode Length = 50 | Episode Return = 17.0 | Evaluator Episodes = 5811 | Evaluator Steps = 290550 | Final Dist = 1.322 | Final Dist 10 = 1.585 | Final Dist 100 = 1.061 | Final Dist 1000 = 1.261 | Init Dist = 12.806 | Init Dist 10 = 12.806 | Init Dist 100 = 12.806 | Init Dist 1000 = 12.806 | Learner Steps = 17758 | Learner Walltime = 3493.870 | Min Dist = 0.346 | Min Dist 10 = 0.564 | Min Dist 100 = 0.413 | Min Dist 1000 = 0.550 | Steps Per Second = 98.572 | Success = 1.000 | Success 1000 = 0.934
I0502 16:04:31.180001 139579566835264 terminal.py:91] [Evaluator] Actor Episodes = 22937 | Actor Steps = 1146850 | Delta Dist = 11.490 | Delta Dist 10 = 11.217 | Delta Dist 100 = 11.737 | Delta Dist 1000 = 11.551 | Episode Length = 50 | Episode Return = 28.0 | Evaluator Episodes = 5813 | Evaluator Steps = 290650 | Final Dist = 1.316 | Final Dist 10 = 1.590 | Final Dist 100 = 1.069 | Final Dist 1000 = 1.255 | Init Dist = 12.806 | Init Dist 10 = 12.806 | Init Dist 100 = 12.806 | Init Dist 1000 = 12.806 | Learner Steps = 17765 | Learner Walltime = 3495.251 | Min Dist = 0.063 | Min Dist 10 = 0.634 | Min Dist 100 = 0.420 | Min Dist 1000 = 0.543 | Steps Per Second = 80.597 | Success = 1.000 | Success 1000 = 0.935
I0502 16:04:31.354462 139555860620864 terminal.py:91] [Actor] Actor Episodes = 22939 | Actor Steps = 1146950 | Delta Dist = 0.881 | Delta Dist 10 = 4.285 | Delta Dist 100 = 4.478 | Delta Dist 1000 = 4.395 | Episode Length = 50 | Episode Return = 39.0 | Evaluator Episodes = 5813 | Evaluator Steps = 290650 | Final Dist = 0.533 | Final Dist 10 = 1.949 | Final Dist 100 = 1.676 | Final Dist 1000 = 1.520 | Init Dist = 1.414 | Init Dist 10 = 6.233 | Init Dist 100 = 6.154 | Init Dist 1000 = 5.915 | Learner Steps = 17765 | Learner Walltime = 3495.251 | Min Dist = 0.017 | Min Dist 10 = 0.257 | Min Dist 100 = 0.396 | Min Dist 1000 = 0.300 | Steps Per Second = 84.090 | Success = 1.000 | Success 1000 = 0.981
I0502 16:04:31.359533 139584504182336 lp_utils.py:96] StepsLimiter: Reached 1146950 recorded steps
I0502 16:04:31.692645 139555013154368 terminal.py:91] [Learner] Actor Episodes = 22937 | Actor Loss = 3.652587652206421 | Actor Steps = 1146850 | Binary Accuracy = 0.9960389137268066 | Categorical Accuracy = 0.3983154296875 | Critic Loss = 1.9711012840270996 | Entropy Mean = -19.837806701660156 | Evaluator Episodes = 5811 | Evaluator Steps = 290550 | Learner Steps = 17768 | Learner Walltime = 3495.885 | Logits Neg = -16.37116241455078 | Logits Pos = -1.9551329612731934 | Logsumexp = 1.2114177942276 | Steps Per Second = 124.462
I0502 16:04:32.255717 139569349502528 terminal.py:91] [Actor] Actor Episodes = 22945 | Actor Steps = 1147250 | Delta Dist = 0.830 | Delta Dist 10 = 3.366 | Delta Dist 100 = 4.353 | Delta Dist 1000 = 4.382 | Episode Length = 50 | Episode Return = 41.0 | Evaluator Episodes = 5813 | Evaluator Steps = 290650 | Final Dist = 8.389 | Final Dist 10 = 0.900 | Final Dist 100 = 1.666 | Final Dist 1000 = 1.512 | Init Dist = 9.220 | Init Dist 10 = 4.266 | Init Dist 100 = 6.019 | Init Dist 1000 = 5.894 | Learner Steps = 17771 | Learner Walltime = 3496.338 | Min Dist = 0.049 | Min Dist 10 = 0.193 | Min Dist 100 = 0.392 | Min Dist 1000 = 0.301 | Steps Per Second = 74.619 | Success = 1.000 | Success 1000 = 0.981
I0502 16:04:32.371674 139579566835264 terminal.py:91] [Evaluator] Actor Episodes = 22945 | Actor Steps = 1147250 | Delta Dist = 12.597 | Delta Dist 10 = 11.312 | Delta Dist 100 = 11.717 | Delta Dist 1000 = 11.550 | Episode Length = 50 | Episode Return = 22.0 | Evaluator Episodes = 5815 | Evaluator Steps = 290750 | Final Dist = 0.209 | Final Dist 10 = 1.494 | Final Dist 100 = 1.089 | Final Dist 1000 = 1.257 | Init Dist = 12.806 | Init Dist 10 = 12.806 | Init Dist 100 = 12.806 | Init Dist 1000 = 12.806 | Learner Steps = 17771 | Learner Walltime = 3496.338 | Min Dist = 0.145 | Min Dist 10 = 0.570 | Min Dist 100 = 0.414 | Min Dist 1000 = 0.543 | Steps Per Second = 78.890 | Success = 1.000 | Success 1000 = 0.935
I0502 16:04:33.560449 139579566835264 terminal.py:91] [Evaluator] Actor Episodes = 22951 | Actor Steps = 1147550 | Delta Dist = 11.461 | Delta Dist 10 = 11.329 | Delta Dist 100 = 11.725 | Delta Dist 1000 = 11.550 | Episode Length = 50 | Episode Return = 18.0 | Evaluator Episodes = 5817 | Evaluator Steps = 290850 | Final Dist = 1.345 | Final Dist 10 = 1.478 | Final Dist 100 = 1.081 | Final Dist 1000 = 1.256 | Init Dist = 12.806 | Init Dist 10 = 12.806 | Init Dist 100 = 12.806 | Init Dist 1000 = 12.806 | Learner Steps = 17777 | Learner Walltime = 3497.583 | Min Dist = 0.141 | Min Dist 10 = 0.587 | Min Dist 100 = 0.411 | Min Dist 1000 = 0.543 | Steps Per Second = 84.009 | Success = 1.000 | Success 1000 = 0.935
I0502 16:04:34.650956 139557462840896 terminal.py:91] [Actor] Actor Episodes = 22959 | Actor Steps = 1147950 | Delta Dist = 3.838 | Delta Dist 10 = 4.115 | Delta Dist 100 = 4.406 | Delta Dist 1000 = 4.378 | Episode Length = 50 | Episode Return = 34.0 | Evaluator Episodes = 5817 | Evaluator Steps = 290850 | Final Dist = 0.285 | Final Dist 10 = 0.982 | Final Dist 100 = 1.552 | Final Dist 1000 = 1.513 | Init Dist = 4.123 | Init Dist 10 = 5.097 | Init Dist 100 = 5.958 | Init Dist 1000 = 5.891 | Learner Steps = 17777 | Learner Walltime = 3497.583 | Min Dist = 0.103 | Min Dist 10 = 0.109 | Min Dist 100 = 0.331 | Min Dist 1000 = 0.301 | Steps Per Second = 94.275 | Success = 1.000 | Success 1000 = 0.981
I0502 16:04:34.834993 139579566835264 terminal.py:91] [Evaluator] Actor Episodes = 22959 | Actor Steps = 1147950 | Delta Dist = 8.073 | Delta Dist 10 = 11.622 | Delta Dist 100 = 11.708 | Delta Dist 1000 = 11.549 | Episode Length = 50 | Episode Return = 0.0 | Evaluator Episodes = 5819 | Evaluator Steps = 290950 | Final Dist = 4.733 | Final Dist 10 = 1.184 | Final Dist 100 = 1.098 | Final Dist 1000 = 1.257 | Init Dist = 12.806 | Init Dist 10 = 12.806 | Init Dist 100 = 12.806 | Init Dist 1000 = 12.806 | Learner Steps = 17783 | Learner Walltime = 3498.902 | Min Dist = 4.733 | Min Dist 10 = 0.209 | Min Dist 100 = 0.410 | Min Dist 1000 = 0.543 | Steps Per Second = 74.777 | Success = 0.000 | Success 1000 = 0.935
I0502 16:04:36.032094 139579566835264 terminal.py:91] [Evaluator] Actor Episodes = 22967 | Actor Steps = 1148350 | Delta Dist = 11.436 | Delta Dist 10 = 11.250 | Delta Dist 100 = 11.676 | Delta Dist 1000 = 11.545 | Episode Length = 50 | Episode Return = 3.0 | Evaluator Episodes = 5821 | Evaluator Steps = 291050 | Final Dist = 1.370 | Final Dist 10 = 1.557 | Final Dist 100 = 1.131 | Final Dist 1000 = 1.262 | Init Dist = 12.806 | Init Dist 10 = 12.806 | Init Dist 100 = 12.806 | Init Dist 1000 = 12.806 | Learner Steps = 17789 | Learner Walltime = 3500.054 | Min Dist = 0.324 | Min Dist 10 = 0.709 | Min Dist 100 = 0.459 | Min Dist 1000 = 0.548 | Steps Per Second = 78.996 | Success = 1.000 | Success 1000 = 0.934
I0502 16:04:37.284090 139579566835264 terminal.py:91] [Evaluator] Actor Episodes = 22975 | Actor Steps = 1148750 | Delta Dist = 12.423 | Delta Dist 10 = 11.251 | Delta Dist 100 = 11.670 | Delta Dist 1000 = 11.544 | Episode Length = 50 | Episode Return = 28.0 | Evaluator Episodes = 5823 | Evaluator Steps = 291150 | Final Dist = 0.383 | Final Dist 10 = 1.556 | Final Dist 100 = 1.136 | Final Dist 1000 = 1.262 | Init Dist = 12.806 | Init Dist 10 = 12.806 | Init Dist 100 = 12.806 | Init Dist 1000 = 12.806 | Learner Steps = 17795 | Learner Walltime = 3501.085 | Min Dist = 0.108 | Min Dist 10 = 0.641 | Min Dist 100 = 0.460 | Min Dist 1000 = 0.547 | Steps Per Second = 78.422 | Success = 1.000 | Success 1000 = 0.934
I0502 16:04:38.299533 139558059398720 terminal.py:91] [Actor] Actor Episodes = 22983 | Actor Steps = 1149150 | Delta Dist = 7.254 | Delta Dist 10 = 6.187 | Delta Dist 100 = 4.692 | Delta Dist 1000 = 4.378 | Episode Length = 50 | Episode Return = 25.0 | Evaluator Episodes = 5823 | Evaluator Steps = 291150 | Final Dist = 0.992 | Final Dist 10 = 0.794 | Final Dist 100 = 1.426 | Final Dist 1000 = 1.512 | Init Dist = 8.246 | Init Dist 10 = 6.981 | Init Dist 100 = 6.118 | Init Dist 1000 = 5.890 | Learner Steps = 17801 | Learner Walltime = 3502.285 | Min Dist = 0.047 | Min Dist 10 = 0.085 | Min Dist 100 = 0.273 | Min Dist 1000 = 0.298 | Steps Per Second = 86.861 | Success = 1.000 | Success 1000 = 0.981
I0502 16:04:38.486861 139579566835264 terminal.py:91] [Evaluator] Actor Episodes = 22985 | Actor Steps = 1149250 | Delta Dist = 11.612 | Delta Dist 10 = 11.380 | Delta Dist 100 = 11.681 | Delta Dist 1000 = 11.546 | Episode Length = 50 | Episode Return = 20.0 | Evaluator Episodes = 5825 | Evaluator Steps = 291250 | Final Dist = 1.194 | Final Dist 10 = 1.426 | Final Dist 100 = 1.125 | Final Dist 1000 = 1.261 | Init Dist = 12.806 | Init Dist 10 = 12.806 | Init Dist 100 = 12.806 | Init Dist 1000 = 12.806 | Learner Steps = 17801 | Learner Walltime = 3502.285 | Min Dist = 0.173 | Min Dist 10 = 0.670 | Min Dist 100 = 0.453 | Min Dist 1000 = 0.548 | Steps Per Second = 85.751 | Success = 1.000 | Success 1000 = 0.934
I0502 16:04:39.740310 139579566835264 terminal.py:91] [Evaluator] Actor Episodes = 22991 | Actor Steps = 1149550 | Delta Dist = 12.018 | Delta Dist 10 = 11.248 | Delta Dist 100 = 11.677 | Delta Dist 1000 = 11.546 | Episode Length = 50 | Episode Return = 16.0 | Evaluator Episodes = 5827 | Evaluator Steps = 291350 | Final Dist = 0.788 | Final Dist 10 = 1.558 | Final Dist 100 = 1.129 | Final Dist 1000 = 1.261 | Init Dist = 12.806 | Init Dist 10 = 12.806 | Init Dist 100 = 12.806 | Init Dist 1000 = 12.806 | Learner Steps = 17806 | Learner Walltime = 3503.285 | Min Dist = 0.363 | Min Dist 10 = 0.688 | Min Dist 100 = 0.453 | Min Dist 1000 = 0.547 | Steps Per Second = 86.295 | Success = 1.000 | Success 1000 = 0.934
I0502 16:04:40.994371 139579566835264 terminal.py:91] [Evaluator] Actor Episodes = 22999 | Actor Steps = 1149950 | Delta Dist = 12.476 | Delta Dist 10 = 11.355 | Delta Dist 100 = 11.682 | Delta Dist 1000 = 11.544 | Episode Length = 50 | Episode Return = 24.0 | Evaluator Episodes = 5829 | Evaluator Steps = 291450 | Final Dist = 0.330 | Final Dist 10 = 1.451 | Final Dist 100 = 1.125 | Final Dist 1000 = 1.262 | Init Dist = 12.806 | Init Dist 10 = 12.806 | Init Dist 100 = 12.806 | Init Dist 1000 = 12.806 | Learner Steps = 17812 | Learner Walltime = 3504.329 | Min Dist = 0.173 | Min Dist 10 = 0.698 | Min Dist 100 = 0.452 | Min Dist 1000 = 0.547 | Steps Per Second = 82.718 | Success = 1.000 | Success 1000 = 0.934
I0502 16:04:41.374877 139584504182336 lp_utils.py:96] StepsLimiter: Reached 1150050 recorded steps
I0502 16:04:41.418279 139555860620864 terminal.py:91] [Actor] Actor Episodes = 23003 | Actor Steps = 1150150 | Delta Dist = 3.300 | Delta Dist 10 = 4.174 | Delta Dist 100 = 4.689 | Delta Dist 1000 = 4.355 | Episode Length = 50 | Episode Return = 20.0 | Evaluator Episodes = 5829 | Evaluator Steps = 291450 | Final Dist = 0.700 | Final Dist 10 = 1.122 | Final Dist 100 = 1.194 | Final Dist 1000 = 1.512 | Init Dist = 4.000 | Init Dist 10 = 5.295 | Init Dist 100 = 5.882 | Init Dist 1000 = 5.867 | Learner Steps = 17817 | Learner Walltime = 3505.343 | Min Dist = 0.122 | Min Dist 10 = 0.052 | Min Dist 100 = 0.248 | Min Dist 1000 = 0.294 | Steps Per Second = 81.494 | Success = 1.000 | Success 1000 = 0.981
I0502 16:04:41.837065 139555013154368 terminal.py:91] [Learner] Actor Episodes = 23001 | Actor Loss = 3.5837626457214355 | Actor Steps = 1150050 | Binary Accuracy = 0.9960665702819824 | Categorical Accuracy = 0.429931640625 | Critic Loss = 1.7990702390670776 | Entropy Mean = -19.70323944091797 | Evaluator Episodes = 5829 | Evaluator Steps = 291450 | Learner Steps = 17820 | Learner Walltime = 3506.036 | Logits Neg = -16.907485961914062 | Logits Pos = -1.7839000225067139 | Logsumexp = 1.1234194040298462 | Steps Per Second = 207.259
I0502 16:04:42.221731 139579566835264 terminal.py:91] [Evaluator] Actor Episodes = 23007 | Actor Steps = 1150350 | Delta Dist = 11.546 | Delta Dist 10 = 11.803 | Delta Dist 100 = 11.731 | Delta Dist 1000 = 11.545 | Episode Length = 50 | Episode Return = 30.0 | Evaluator Episodes = 5831 | Evaluator Steps = 291550 | Final Dist = 1.260 | Final Dist 10 = 1.004 | Final Dist 100 = 1.075 | Final Dist 1000 = 1.261 | Init Dist = 12.806 | Init Dist 10 = 12.806 | Init Dist 100 = 12.806 | Init Dist 1000 = 12.806 | Learner Steps = 17817 | Learner Walltime = 3505.343 | Min Dist = 0.171 | Min Dist 10 = 0.215 | Min Dist 100 = 0.405 | Min Dist 1000 = 0.547 | Steps Per Second = 81.934 | Success = 1.000 | Success 1000 = 0.934
I0502 16:04:42.370934 139569349502528 terminal.py:91] [Actor] Actor Episodes = 23009 | Actor Steps = 1150450 | Delta Dist = 5.744 | Delta Dist 10 = 4.340 | Delta Dist 100 = 4.651 | Delta Dist 1000 = 4.353 | Episode Length = 50 | Episode Return = 30.0 | Evaluator Episodes = 5831 | Evaluator Steps = 291550 | Final Dist = 0.256 | Final Dist 10 = 0.938 | Final Dist 100 = 1.116 | Final Dist 1000 = 1.511 | Init Dist = 6.000 | Init Dist 10 = 5.278 | Init Dist 100 = 5.768 | Init Dist 1000 = 5.864 | Learner Steps = 17817 | Learner Walltime = 3505.343 | Min Dist = 0.222 | Min Dist 10 = 0.072 | Min Dist 100 = 0.160 | Min Dist 1000 = 0.294 | Steps Per Second = 74.015 | Success = 1.000 | Success 1000 = 0.981
I0502 16:04:43.433997 139579566835264 terminal.py:91] [Evaluator] Actor Episodes = 23015 | Actor Steps = 1150750 | Delta Dist = 11.450 | Delta Dist 10 = 11.828 | Delta Dist 100 = 11.726 | Delta Dist 1000 = 11.545 | Episode Length = 50 | Episode Return = 8.0 | Evaluator Episodes = 5833 | Evaluator Steps = 291650 | Final Dist = 1.356 | Final Dist 10 = 0.979 | Final Dist 100 = 1.081 | Final Dist 1000 = 1.261 | Init Dist = 12.806 | Init Dist 10 = 12.806 | Init Dist 100 = 12.806 | Init Dist 1000 = 12.806 | Learner Steps = 17823 | Learner Walltime = 3506.667 | Min Dist = 0.306 | Min Dist 10 = 0.204 | Min Dist 100 = 0.405 | Min Dist 1000 = 0.547 | Steps Per Second = 82.387 | Success = 1.000 | Success 1000 = 0.934
I0502 16:04:44.605986 139579566835264 terminal.py:91] [Evaluator] Actor Episodes = 23023 | Actor Steps = 1151150 | Delta Dist = 12.087 | Delta Dist 10 = 11.787 | Delta Dist 100 = 11.758 | Delta Dist 1000 = 11.545 | Episode Length = 50 | Episode Return = 28.0 | Evaluator Episodes = 5835 | Evaluator Steps = 291750 | Final Dist = 0.719 | Final Dist 10 = 1.019 | Final Dist 100 = 1.049 | Final Dist 1000 = 1.261 | Init Dist = 12.806 | Init Dist 10 = 12.806 | Init Dist 100 = 12.806 | Init Dist 1000 = 12.806 | Learner Steps = 17829 | Learner Walltime = 3507.900 | Min Dist = 0.066 | Min Dist 10 = 0.238 | Min Dist 100 = 0.363 | Min Dist 1000 = 0.548 | Steps Per Second = 90.458 | Success = 1.000 | Success 1000 = 0.934
I0502 16:04:44.712640 139557462840896 terminal.py:91] [Actor] Actor Episodes = 23022 | Actor Steps = 1151100 | Delta Dist = 5.976 | Delta Dist 10 = 5.756 | Delta Dist 100 = 4.687 | Delta Dist 1000 = 4.377 | Episode Length = 50 | Episode Return = 40.0 | Evaluator Episodes = 5833 | Evaluator Steps = 291650 | Final Dist = 0.106 | Final Dist 10 = 1.374 | Final Dist 100 = 1.118 | Final Dist 1000 = 1.490 | Init Dist = 6.083 | Init Dist 10 = 7.130 | Init Dist 100 = 5.805 | Init Dist 1000 = 5.867 | Learner Steps = 17829 | Learner Walltime = 3507.900 | Min Dist = 0.068 | Min Dist 10 = 0.114 | Min Dist 100 = 0.162 | Min Dist 1000 = 0.270 | Steps Per Second = 91.415 | Success = 1.000 | Success 1000 = 0.983
I0502 16:04:45.777152 139579566835264 terminal.py:91] [Evaluator] Actor Episodes = 23031 | Actor Steps = 1151550 | Delta Dist = 12.180 | Delta Dist 10 = 11.891 | Delta Dist 100 = 11.766 | Delta Dist 1000 = 11.545 | Episode Length = 50 | Episode Return = 24.0 | Evaluator Episodes = 5837 | Evaluator Steps = 291850 | Final Dist = 0.627 | Final Dist 10 = 0.915 | Final Dist 100 = 1.041 | Final Dist 1000 = 1.261 | Init Dist = 12.806 | Init Dist 10 = 12.806 | Init Dist 100 = 12.806 | Init Dist 1000 = 12.806 | Learner Steps = 17836 | Learner Walltime = 3509.311 | Min Dist = 0.145 | Min Dist 10 = 0.208 | Min Dist 100 = 0.353 | Min Dist 1000 = 0.547 | Steps Per Second = 86.917 | Success = 1.000 | Success 1000 = 0.934
I0502 16:04:46.977346 139579566835264 terminal.py:91] [Evaluator] Actor Episodes = 23039 | Actor Steps = 1151950 | Delta Dist = 11.952 | Delta Dist 10 = 11.984 | Delta Dist 100 = 11.785 | Delta Dist 1000 = 11.546 | Episode Length = 50 | Episode Return = 23.0 | Evaluator Episodes = 5839 | Evaluator Steps = 291950 | Final Dist = 0.854 | Final Dist 10 = 0.822 | Final Dist 100 = 1.021 | Final Dist 1000 = 1.260 | Init Dist = 12.806 | Init Dist 10 = 12.806 | Init Dist 100 = 12.806 | Init Dist 1000 = 12.806 | Learner Steps = 17843 | Learner Walltime = 3510.532 | Min Dist = 0.056 | Min Dist 10 = 0.186 | Min Dist 100 = 0.348 | Min Dist 1000 = 0.547 | Steps Per Second = 86.173 | Success = 1.000 | Success 1000 = 0.934
I0502 16:04:48.252142 139579566835264 terminal.py:91] [Evaluator] Actor Episodes = 23047 | Actor Steps = 1152350 | Delta Dist = 12.750 | Delta Dist 10 = 11.945 | Delta Dist 100 = 11.787 | Delta Dist 1000 = 11.546 | Episode Length = 50 | Episode Return = 18.0 | Evaluator Episodes = 5841 | Evaluator Steps = 292050 | Final Dist = 0.056 | Final Dist 10 = 0.861 | Final Dist 100 = 1.020 | Final Dist 1000 = 1.260 | Init Dist = 12.806 | Init Dist 10 = 12.806 | Init Dist 100 = 12.806 | Init Dist 1000 = 12.806 | Learner Steps = 17849 | Learner Walltime = 3511.673 | Min Dist = 0.007 | Min Dist 10 = 0.168 | Min Dist 100 = 0.349 | Min Dist 1000 = 0.547 | Steps Per Second = 77.391 | Success = 1.000 | Success 1000 = 0.934
I0502 16:04:48.601763 139558059398720 terminal.py:91] [Actor] Actor Episodes = 23048 | Actor Steps = 1152400 | Delta Dist = 7.111 | Delta Dist 10 = 5.412 | Delta Dist 100 = 4.695 | Delta Dist 1000 = 4.395 | Episode Length = 50 | Episode Return = 9.0 | Evaluator Episodes = 5839 | Evaluator Steps = 291950 | Final Dist = 0.951 | Final Dist 10 = 2.127 | Final Dist 100 = 1.161 | Final Dist 1000 = 1.483 | Init Dist = 8.062 | Init Dist 10 = 7.539 | Init Dist 100 = 5.856 | Init Dist 1000 = 5.878 | Learner Steps = 17849 | Learner Walltime = 3511.673 | Min Dist = 0.025 | Min Dist 10 = 0.076 | Min Dist 100 = 0.091 | Min Dist 1000 = 0.248 | Steps Per Second = 86.975 | Success = 1.000 | Success 1000 = 0.983
I0502 16:04:49.392764 139579566835264 terminal.py:91] [Evaluator] Actor Episodes = 23055 | Actor Steps = 1152750 | Delta Dist = 12.179 | Delta Dist 10 = 11.534 | Delta Dist 100 = 11.731 | Delta Dist 1000 = 11.542 | Episode Length = 50 | Episode Return = 16.0 | Evaluator Episodes = 5843 | Evaluator Steps = 292150 | Final Dist = 0.628 | Final Dist 10 = 1.272 | Final Dist 100 = 1.075 | Final Dist 1000 = 1.264 | Init Dist = 12.806 | Init Dist 10 = 12.806 | Init Dist 100 = 12.806 | Init Dist 1000 = 12.806 | Learner Steps = 17856 | Learner Walltime = 3512.932 | Min Dist = 0.166 | Min Dist 10 = 0.737 | Min Dist 100 = 0.406 | Min Dist 1000 = 0.553 | Steps Per Second = 84.780 | Success = 1.000 | Success 1000 = 0.933
I0502 16:04:50.532024 139579566835264 terminal.py:91] [Evaluator] Actor Episodes = 23063 | Actor Steps = 1153150 | Delta Dist = 12.395 | Delta Dist 10 = 11.579 | Delta Dist 100 = 11.734 | Delta Dist 1000 = 11.543 | Episode Length = 50 | Episode Return = 12.0 | Evaluator Episodes = 5845 | Evaluator Steps = 292250 | Final Dist = 0.411 | Final Dist 10 = 1.228 | Final Dist 100 = 1.072 | Final Dist 1000 = 1.263 | Init Dist = 12.806 | Init Dist 10 = 12.806 | Init Dist 100 = 12.806 | Init Dist 1000 = 12.806 | Learner Steps = 17862 | Learner Walltime = 3514.281 | Min Dist = 0.237 | Min Dist 10 = 0.690 | Min Dist 100 = 0.403 | Min Dist 1000 = 0.552 | Steps Per Second = 89.490 | Success = 1.000 | Success 1000 = 0.933
I0502 16:04:51.405119 139584504182336 lp_utils.py:96] StepsLimiter: Reached 1153450 recorded steps
I0502 16:04:51.774993 139579566835264 terminal.py:91] [Evaluator] Actor Episodes = 23071 | Actor Steps = 1153550 | Delta Dist = 11.854 | Delta Dist 10 = 11.682 | Delta Dist 100 = 11.782 | Delta Dist 1000 = 11.552 | Episode Length = 50 | Episode Return = 23.0 | Evaluator Episodes = 5847 | Evaluator Steps = 292350 | Final Dist = 0.952 | Final Dist 10 = 1.124 | Final Dist 100 = 1.024 | Final Dist 1000 = 1.254 | Init Dist = 12.806 | Init Dist 10 = 12.806 | Init Dist 100 = 12.806 | Init Dist 1000 = 12.806 | Learner Steps = 17868 | Learner Walltime = 3515.572 | Min Dist = 0.081 | Min Dist 10 = 0.715 | Min Dist 100 = 0.361 | Min Dist 1000 = 0.543 | Steps Per Second = 87.303 | Success = 1.000 | Success 1000 = 0.934
I0502 16:04:51.904203 139555013154368 terminal.py:91] [Learner] Actor Episodes = 23067 | Actor Loss = 3.5546529293060303 | Actor Steps = 1153350 | Binary Accuracy = 0.9961528778076172 | Categorical Accuracy = 0.4268798828125 | Critic Loss = 1.827475905418396 | Entropy Mean = -17.984981536865234 | Evaluator Episodes = 5845 | Evaluator Steps = 292250 | Learner Steps = 17871 | Learner Walltime = 3516.100 | Logits Neg = -17.161521911621094 | Logits Pos = -1.8265857696533203 | Logsumexp = 1.0751816034317017 | Steps Per Second = 150.987
I0502 16:04:51.909080 139555860620864 terminal.py:91] [Actor] Actor Episodes = 23068 | Actor Steps = 1153400 | Delta Dist = 5.899 | Delta Dist 10 = 3.819 | Delta Dist 100 = 4.539 | Delta Dist 1000 = 4.379 | Episode Length = 50 | Episode Return = 8.0 | Evaluator Episodes = 5845 | Evaluator Steps = 292250 | Final Dist = 1.312 | Final Dist 10 = 2.090 | Final Dist 100 = 1.292 | Final Dist 1000 = 1.479 | Init Dist = 7.211 | Init Dist 10 = 5.909 | Init Dist 100 = 5.831 | Init Dist 1000 = 5.858 | Learner Steps = 17862 | Learner Walltime = 3514.281 | Min Dist = 0.020 | Min Dist 10 = 0.692 | Min Dist 100 = 0.158 | Min Dist 1000 = 0.244 | Steps Per Second = 79.601 | Success = 1.000 | Success 1000 = 0.988
I0502 16:04:52.468599 139569349502528 terminal.py:91] [Actor] Actor Episodes = 23074 | Actor Steps = 1153700 | Delta Dist = 6.625 | Delta Dist 10 = 4.767 | Delta Dist 100 = 4.492 | Delta Dist 1000 = 4.389 | Episode Length = 50 | Episode Return = 21.0 | Evaluator Episodes = 5847 | Evaluator Steps = 292350 | Final Dist = 0.991 | Final Dist 10 = 2.061 | Final Dist 100 = 1.291 | Final Dist 1000 = 1.476 | Init Dist = 7.616 | Init Dist 10 = 6.827 | Init Dist 100 = 5.784 | Init Dist 1000 = 5.866 | Learner Steps = 17868 | Learner Walltime = 3515.572 | Min Dist = 0.125 | Min Dist 10 = 0.685 | Min Dist 100 = 0.157 | Min Dist 1000 = 0.244 | Steps Per Second = 83.020 | Success = 1.000 | Success 1000 = 0.988
I0502 16:04:53.123796 139579566835264 terminal.py:91] [Evaluator] Actor Episodes = 23081 | Actor Steps = 1154050 | Delta Dist = 12.641 | Delta Dist 10 = 11.256 | Delta Dist 100 = 11.745 | Delta Dist 1000 = 11.556 | Episode Length = 50 | Episode Return = 12.0 | Evaluator Episodes = 5849 | Evaluator Steps = 292450 | Final Dist = 0.166 | Final Dist 10 = 1.550 | Final Dist 100 = 1.061 | Final Dist 1000 = 1.251 | Init Dist = 12.806 | Init Dist 10 = 12.806 | Init Dist 100 = 12.806 | Init Dist 1000 = 12.806 | Learner Steps = 17874 | Learner Walltime = 3516.727 | Min Dist = 0.045 | Min Dist 10 = 1.115 | Min Dist 100 = 0.397 | Min Dist 1000 = 0.541 | Steps Per Second = 75.476 | Success = 1.000 | Success 1000 = 0.934
I0502 16:04:54.352763 139579566835264 terminal.py:91] [Evaluator] Actor Episodes = 23089 | Actor Steps = 1154450 | Delta Dist = 11.680 | Delta Dist 10 = 11.376 | Delta Dist 100 = 11.755 | Delta Dist 1000 = 11.556 | Episode Length = 50 | Episode Return = 14.0 | Evaluator Episodes = 5851 | Evaluator Steps = 292550 | Final Dist = 1.126 | Final Dist 10 = 1.431 | Final Dist 100 = 1.051 | Final Dist 1000 = 1.250 | Init Dist = 12.806 | Init Dist 10 = 12.806 | Init Dist 100 = 12.806 | Init Dist 1000 = 12.806 | Learner Steps = 17880 | Learner Walltime = 3517.973 | Min Dist = 0.118 | Min Dist 10 = 1.105 | Min Dist 100 = 0.393 | Min Dist 1000 = 0.541 | Steps Per Second = 82.558 | Success = 1.000 | Success 1000 = 0.934
I0502 16:04:54.964924 139557462840896 terminal.py:91] [Actor] Actor Episodes = 23091 | Actor Steps = 1154550 | Delta Dist = 0.000 | Delta Dist 10 = 4.512 | Delta Dist 100 = 4.539 | Delta Dist 1000 = 4.393 | Episode Length = 50 | Episode Return = 33.0 | Evaluator Episodes = 5851 | Evaluator Steps = 292550 | Final Dist = 10.296 | Final Dist 10 = 1.693 | Final Dist 100 = 1.294 | Final Dist 1000 = 1.461 | Init Dist = 10.296 | Init Dist 10 = 6.205 | Init Dist 100 = 5.833 | Init Dist 1000 = 5.854 | Learner Steps = 17880 | Learner Walltime = 3517.973 | Min Dist = 10.296 | Min Dist 10 = 0.132 | Min Dist 100 = 0.157 | Min Dist 1000 = 0.242 | Steps Per Second = 98.522 | Success = 0.000 | Success 1000 = 0.988
I0502 16:04:55.274813 139584635659840 savers.py:156] Saving checkpoint: logs/contrastive_cpc_point_FourRooms_64/5dd72662-2788-11f0-b183-d85ed38c5779/checkpoints/counter
I0502 16:04:55.605381 139579566835264 terminal.py:91] [Evaluator] Actor Episodes = 23095 | Actor Steps = 1154750 | Delta Dist = 12.331 | Delta Dist 10 = 11.748 | Delta Dist 100 = 11.743 | Delta Dist 1000 = 11.566 | Episode Length = 50 | Episode Return = 5.0 | Evaluator Episodes = 5853 | Evaluator Steps = 292650 | Final Dist = 0.475 | Final Dist 10 = 1.058 | Final Dist 100 = 1.063 | Final Dist 1000 = 1.240 | Init Dist = 12.806 | Init Dist 10 = 12.806 | Init Dist 100 = 12.806 | Init Dist 1000 = 12.806 | Learner Steps = 17886 | Learner Walltime = 3519.243 | Min Dist = 0.289 | Min Dist 10 = 0.542 | Min Dist 100 = 0.393 | Min Dist 1000 = 0.531 | Steps Per Second = 85.367 | Success = 1.000 | Success 1000 = 0.935
I0502 16:04:56.330986 139583350109760 savers.py:156] Saving checkpoint: logs/contrastive_cpc_point_FourRooms_64/5dd72662-2788-11f0-b183-d85ed38c5779/checkpoints/learner
I0502 16:04:56.800498 139579566835264 terminal.py:91] [Evaluator] Actor Episodes = 23101 | Actor Steps = 1155050 | Delta Dist = 12.387 | Delta Dist 10 = 11.735 | Delta Dist 100 = 11.744 | Delta Dist 1000 = 11.567 | Episode Length = 50 | Episode Return = 21.0 | Evaluator Episodes = 5855 | Evaluator Steps = 292750 | Final Dist = 0.420 | Final Dist 10 = 1.072 | Final Dist 100 = 1.062 | Final Dist 1000 = 1.239 | Init Dist = 12.806 | Init Dist 10 = 12.806 | Init Dist 100 = 12.806 | Init Dist 1000 = 12.806 | Learner Steps = 17893 | Learner Walltime = 3520.531 | Min Dist = 0.083 | Min Dist 10 = 0.541 | Min Dist 100 = 0.393 | Min Dist 1000 = 0.531 | Steps Per Second = 77.940 | Success = 1.000 | Success 1000 = 0.935
I0502 16:04:58.216205 139579566835264 terminal.py:91] [Evaluator] Actor Episodes = 23109 | Actor Steps = 1155450 | Delta Dist = 11.792 | Delta Dist 10 = 11.710 | Delta Dist 100 = 11.747 | Delta Dist 1000 = 11.568 | Episode Length = 50 | Episode Return = 14.0 | Evaluator Episodes = 5857 | Evaluator Steps = 292850 | Final Dist = 1.014 | Final Dist 10 = 1.097 | Final Dist 100 = 1.059 | Final Dist 1000 = 1.238 | Init Dist = 12.806 | Init Dist 10 = 12.806 | Init Dist 100 = 12.806 | Init Dist 1000 = 12.806 | Learner Steps = 17898 | Learner Walltime = 3521.536 | Min Dist = 0.127 | Min Dist 10 = 0.522 | Min Dist 100 = 0.388 | Min Dist 1000 = 0.531 | Steps Per Second = 73.767 | Success = 1.000 | Success 1000 = 0.935
I0502 16:04:59.205708 139558059398720 terminal.py:91] [Actor] Actor Episodes = 23114 | Actor Steps = 1155700 | Delta Dist = 5.047 | Delta Dist 10 = 4.993 | Delta Dist 100 = 4.525 | Delta Dist 1000 = 4.357 | Episode Length = 50 | Episode Return = 43.0 | Evaluator Episodes = 5857 | Evaluator Steps = 292850 | Final Dist = 1.278 | Final Dist 10 = 1.038 | Final Dist 100 = 1.377 | Final Dist 1000 = 1.471 | Init Dist = 6.325 | Init Dist 10 = 6.031 | Init Dist 100 = 5.902 | Init Dist 1000 = 5.828 | Learner Steps = 17898 | Learner Walltime = 3521.536 | Min Dist = 0.019 | Min Dist 10 = 0.082 | Min Dist 100 = 0.259 | Min Dist 1000 = 0.251 | Steps Per Second = 72.842 | Success = 1.000 | Success 1000 = 0.989
I0502 16:04:59.556014 139579566835264 terminal.py:91] [Evaluator] Actor Episodes = 23117 | Actor Steps = 1155850 | Delta Dist = 12.564 | Delta Dist 10 = 12.073 | Delta Dist 100 = 11.744 | Delta Dist 1000 = 11.568 | Episode Length = 50 | Episode Return = 26.0 | Evaluator Episodes = 5859 | Evaluator Steps = 292950 | Final Dist = 0.242 | Final Dist 10 = 0.734 | Final Dist 100 = 1.063 | Final Dist 1000 = 1.238 | Init Dist = 12.806 | Init Dist 10 = 12.806 | Init Dist 100 = 12.806 | Init Dist 1000 = 12.806 | Learner Steps = 17902 | Learner Walltime = 3522.720 | Min Dist = 0.178 | Min Dist 10 = 0.136 | Min Dist 100 = 0.390 | Min Dist 1000 = 0.531 | Steps Per Second = 75.418 | Success = 1.000 | Success 1000 = 0.935
I0502 16:05:00.892747 139579566835264 terminal.py:91] [Evaluator] Actor Episodes = 23125 | Actor Steps = 1156250 | Delta Dist = 7.079 | Delta Dist 10 = 12.004 | Delta Dist 100 = 11.748 | Delta Dist 1000 = 11.568 | Episode Length = 50 | Episode Return = 0.0 | Evaluator Episodes = 5861 | Evaluator Steps = 293050 | Final Dist = 5.727 | Final Dist 10 = 0.802 | Final Dist 100 = 1.059 | Final Dist 1000 = 1.238 | Init Dist = 12.806 | Init Dist 10 = 12.806 | Init Dist 100 = 12.806 | Init Dist 1000 = 12.806 | Learner Steps = 17914 | Learner Walltime = 3525.077 | Min Dist = 5.036 | Min Dist 10 = 0.178 | Min Dist 100 = 0.393 | Min Dist 1000 = 0.531 | Steps Per Second = 73.239 | Success = 0.000 | Success 1000 = 0.935
I0502 16:05:01.427671 139584504182336 lp_utils.py:96] StepsLimiter: Reached 1156450 recorded steps
I0502 16:05:01.957281 139555013154368 terminal.py:91] [Learner] Actor Episodes = 23131 | Actor Loss = 3.622493267059326 | Actor Steps = 1156550 | Binary Accuracy = 0.9960305690765381 | Categorical Accuracy = 0.4158935546875 | Critic Loss = 1.8771412372589111 | Entropy Mean = -17.85279083251953 | Evaluator Episodes = 5861 | Evaluator Steps = 293050 | Learner Steps = 17919 | Learner Walltime = 3526.149 | Logits Neg = -16.467470169067383 | Logits Pos = -1.8663980960845947 | Logsumexp = 1.1921977996826172 | Steps Per Second = 451.391
I0502 16:05:01.959518 139555860620864 terminal.py:91] [Actor] Actor Episodes = 23133 | Actor Steps = 1156650 | Delta Dist = 3.319 | Delta Dist 10 = 5.570 | Delta Dist 100 = 4.449 | Delta Dist 1000 = 4.381 | Episode Length = 50 | Episode Return = 38.0 | Evaluator Episodes = 5861 | Evaluator Steps = 293050 | Final Dist = 0.804 | Final Dist 10 = 0.793 | Final Dist 100 = 1.360 | Final Dist 1000 = 1.463 | Init Dist = 4.123 | Init Dist 10 = 6.364 | Init Dist 100 = 5.809 | Init Dist 1000 = 5.844 | Learner Steps = 17919 | Learner Walltime = 3526.149 | Min Dist = 0.021 | Min Dist 10 = 0.134 | Min Dist 100 = 0.309 | Min Dist 1000 = 0.255 | Steps Per Second = 84.409 | Success = 1.000 | Success 1000 = 0.990
I0502 16:05:02.169905 139579566835264 terminal.py:91] [Evaluator] Actor Episodes = 23133 | Actor Steps = 1156650 | Delta Dist = 11.489 | Delta Dist 10 = 11.544 | Delta Dist 100 = 11.693 | Delta Dist 1000 = 11.564 | Episode Length = 50 | Episode Return = 22.0 | Evaluator Episodes = 5863 | Evaluator Steps = 293150 | Final Dist = 1.317 | Final Dist 10 = 1.262 | Final Dist 100 = 1.114 | Final Dist 1000 = 1.243 | Init Dist = 12.806 | Init Dist 10 = 12.806 | Init Dist 100 = 12.806 | Init Dist 1000 = 12.806 | Learner Steps = 17919 | Learner Walltime = 3526.149 | Min Dist = 0.172 | Min Dist 10 = 0.748 | Min Dist 100 = 0.450 | Min Dist 1000 = 0.537 | Steps Per Second = 75.083 | Success = 1.000 | Success 1000 = 0.934
I0502 16:05:02.998285 139569349502528 terminal.py:91] [Actor] Actor Episodes = 23136 | Actor Steps = 1156800 | Delta Dist = 2.893 | Delta Dist 10 = 5.420 | Delta Dist 100 = 4.684 | Delta Dist 1000 = 4.383 | Episode Length = 50 | Episode Return = 37.0 | Evaluator Episodes = 5863 | Evaluator Steps = 293150 | Final Dist = 0.107 | Final Dist 10 = 0.754 | Final Dist 100 = 1.248 | Final Dist 1000 = 1.452 | Init Dist = 3.000 | Init Dist 10 = 6.174 | Init Dist 100 = 5.932 | Init Dist 1000 = 5.834 | Learner Steps = 17919 | Learner Walltime = 3526.149 | Min Dist = 0.047 | Min Dist 10 = 0.042 | Min Dist 100 = 0.308 | Min Dist 1000 = 0.255 | Steps Per Second = 76.918 | Success = 1.000 | Success 1000 = 0.990
I0502 16:05:03.366806 139579566835264 terminal.py:91] [Evaluator] Actor Episodes = 23141 | Actor Steps = 1157050 | Delta Dist = 12.170 | Delta Dist 10 = 10.886 | Delta Dist 100 = 11.632 | Delta Dist 1000 = 11.560 | Episode Length = 50 | Episode Return = 14.0 | Evaluator Episodes = 5865 | Evaluator Steps = 293250 | Final Dist = 0.636 | Final Dist 10 = 1.920 | Final Dist 100 = 1.174 | Final Dist 1000 = 1.246 | Init Dist = 12.806 | Init Dist 10 = 12.806 | Init Dist 100 = 12.806 | Init Dist 1000 = 12.806 | Learner Steps = 17925 | Learner Walltime = 3527.323 | Min Dist = 0.161 | Min Dist 10 = 1.402 | Min Dist 100 = 0.515 | Min Dist 1000 = 0.540 | Steps Per Second = 77.409 | Success = 1.000 | Success 1000 = 0.934
I0502 16:05:04.522038 139579566835264 terminal.py:91] [Evaluator] Actor Episodes = 23149 | Actor Steps = 1157450 | Delta Dist = 11.490 | Delta Dist 10 = 10.840 | Delta Dist 100 = 11.643 | Delta Dist 1000 = 11.562 | Episode Length = 50 | Episode Return = 9.0 | Evaluator Episodes = 5867 | Evaluator Steps = 293350 | Final Dist = 1.316 | Final Dist 10 = 1.966 | Final Dist 100 = 1.163 | Final Dist 1000 = 1.244 | Init Dist = 12.806 | Init Dist 10 = 12.806 | Init Dist 100 = 12.806 | Init Dist 1000 = 12.806 | Learner Steps = 17931 | Learner Walltime = 3528.490 | Min Dist = 0.245 | Min Dist 10 = 1.403 | Min Dist 100 = 0.511 | Min Dist 1000 = 0.539 | Steps Per Second = 88.995 | Success = 1.000 | Success 1000 = 0.934
I0502 16:05:05.301696 139557462840896 terminal.py:91] [Actor] Actor Episodes = 23155 | Actor Steps = 1157750 | Delta Dist = 6.134 | Delta Dist 10 = 5.033 | Delta Dist 100 = 4.710 | Delta Dist 1000 = 4.380 | Episode Length = 50 | Episode Return = 30.0 | Evaluator Episodes = 5867 | Evaluator Steps = 293350 | Final Dist = 0.269 | Final Dist 10 = 0.881 | Final Dist 100 = 1.137 | Final Dist 1000 = 1.446 | Init Dist = 6.403 | Init Dist 10 = 5.914 | Init Dist 100 = 5.847 | Init Dist 1000 = 5.827 | Learner Steps = 17931 | Learner Walltime = 3528.490 | Min Dist = 0.005 | Min Dist 10 = 0.158 | Min Dist 100 = 0.305 | Min Dist 1000 = 0.250 | Steps Per Second = 84.369 | Success = 1.000 | Success 1000 = 0.990
I0502 16:05:05.729575 139579566835264 terminal.py:91] [Evaluator] Actor Episodes = 23157 | Actor Steps = 1157850 | Delta Dist = 11.809 | Delta Dist 10 = 10.819 | Delta Dist 100 = 11.644 | Delta Dist 1000 = 11.563 | Episode Length = 50 | Episode Return = 29.0 | Evaluator Episodes = 5869 | Evaluator Steps = 293450 | Final Dist = 0.997 | Final Dist 10 = 1.987 | Final Dist 100 = 1.162 | Final Dist 1000 = 1.244 | Init Dist = 12.806 | Init Dist 10 = 12.806 | Init Dist 100 = 12.806 | Init Dist 1000 = 12.806 | Learner Steps = 17937 | Learner Walltime = 3529.606 | Min Dist = 0.253 | Min Dist 10 = 1.402 | Min Dist 100 = 0.510 | Min Dist 1000 = 0.539 | Steps Per Second = 87.524 | Success = 1.000 | Success 1000 = 0.934
I0502 16:05:06.964610 139579566835264 terminal.py:91] [Evaluator] Actor Episodes = 23165 | Actor Steps = 1158250 | Delta Dist = 5.648 | Delta Dist 10 = 10.838 | Delta Dist 100 = 11.651 | Delta Dist 1000 = 11.564 | Episode Length = 50 | Episode Return = 0.0 | Evaluator Episodes = 5871 | Evaluator Steps = 293550 | Final Dist = 7.158 | Final Dist 10 = 1.969 | Final Dist 100 = 1.155 | Final Dist 1000 = 1.243 | Init Dist = 12.806 | Init Dist 10 = 12.806 | Init Dist 100 = 12.806 | Init Dist 1000 = 12.806 | Learner Steps = 17943 | Learner Walltime = 3531.107 | Min Dist = 7.158 | Min Dist 10 = 1.380 | Min Dist 100 = 0.513 | Min Dist 1000 = 0.539 | Steps Per Second = 78.911 | Success = 0.000 | Success 1000 = 0.934
I0502 16:05:08.254009 139579566835264 terminal.py:91] [Evaluator] Actor Episodes = 23173 | Actor Steps = 1158650 | Delta Dist = 12.175 | Delta Dist 10 = 10.715 | Delta Dist 100 = 11.582 | Delta Dist 1000 = 11.558 | Episode Length = 50 | Episode Return = 23.0 | Evaluator Episodes = 5873 | Evaluator Steps = 293650 | Final Dist = 0.631 | Final Dist 10 = 2.091 | Final Dist 100 = 1.224 | Final Dist 1000 = 1.248 | Init Dist = 12.806 | Init Dist 10 = 12.806 | Init Dist 100 = 12.806 | Init Dist 1000 = 12.806 | Learner Steps = 17943 | Learner Walltime = 3531.107 | Min Dist = 0.124 | Min Dist 10 = 1.537 | Min Dist 100 = 0.581 | Min Dist 1000 = 0.546 | Steps Per Second = 72.304 | Success = 1.000 | Success 1000 = 0.933
I0502 16:05:09.439935 139558059398720 terminal.py:91] [Actor] Actor Episodes = 23178 | Actor Steps = 1158900 | Delta Dist = 1.941 | Delta Dist 10 = 5.213 | Delta Dist 100 = 4.579 | Delta Dist 1000 = 4.357 | Episode Length = 50 | Episode Return = 0.0 | Evaluator Episodes = 5873 | Evaluator Steps = 293650 | Final Dist = 3.158 | Final Dist 10 = 1.307 | Final Dist 100 = 1.259 | Final Dist 1000 = 1.466 | Init Dist = 5.099 | Init Dist 10 = 6.520 | Init Dist 100 = 5.838 | Init Dist 1000 = 5.823 | Learner Steps = 17951 | Learner Walltime = 3532.470 | Min Dist = 0.003 | Min Dist 10 = 0.079 | Min Dist 100 = 0.409 | Min Dist 1000 = 0.267 | Steps Per Second = 77.715 | Success = 1.000 | Success 1000 = 0.990
I0502 16:05:09.467707 139579566835264 terminal.py:91] [Evaluator] Actor Episodes = 23181 | Actor Steps = 1159050 | Delta Dist = 11.776 | Delta Dist 10 = 11.326 | Delta Dist 100 = 11.569 | Delta Dist 1000 = 11.563 | Episode Length = 50 | Episode Return = 0.0 | Evaluator Episodes = 5875 | Evaluator Steps = 293750 | Final Dist = 1.030 | Final Dist 10 = 1.480 | Final Dist 100 = 1.237 | Final Dist 1000 = 1.243 | Init Dist = 12.806 | Init Dist 10 = 12.806 | Init Dist 100 = 12.806 | Init Dist 1000 = 12.806 | Learner Steps = 17951 | Learner Walltime = 3532.470 | Min Dist = 1.030 | Min Dist 10 = 0.880 | Min Dist 100 = 0.581 | Min Dist 1000 = 0.540 | Steps Per Second = 82.711 | Success = 0.000 | Success 1000 = 0.934
I0502 16:05:10.657546 139579566835264 terminal.py:91] [Evaluator] Actor Episodes = 23187 | Actor Steps = 1159350 | Delta Dist = 12.369 | Delta Dist 10 = 11.193 | Delta Dist 100 = 11.560 | Delta Dist 1000 = 11.563 | Episode Length = 50 | Episode Return = 31.0 | Evaluator Episodes = 5877 | Evaluator Steps = 293850 | Final Dist = 0.437 | Final Dist 10 = 1.614 | Final Dist 100 = 1.247 | Final Dist 1000 = 1.244 | Init Dist = 12.806 | Init Dist 10 = 12.806 | Init Dist 100 = 12.806 | Init Dist 1000 = 12.806 | Learner Steps = 17958 | Learner Walltime = 3533.772 | Min Dist = 0.143 | Min Dist 10 = 0.974 | Min Dist 100 = 0.583 | Min Dist 1000 = 0.541 | Steps Per Second = 88.172 | Success = 1.000 | Success 1000 = 0.933
I0502 16:05:11.444846 139584504182336 lp_utils.py:96] StepsLimiter: Reached 1159650 recorded steps
I0502 16:05:11.959794 139579566835264 terminal.py:91] [Evaluator] Actor Episodes = 23195 | Actor Steps = 1159750 | Delta Dist = 11.803 | Delta Dist 10 = 11.286 | Delta Dist 100 = 11.578 | Delta Dist 1000 = 11.563 | Episode Length = 50 | Episode Return = 16.0 | Evaluator Episodes = 5879 | Evaluator Steps = 293950 | Final Dist = 1.003 | Final Dist 10 = 1.521 | Final Dist 100 = 1.228 | Final Dist 1000 = 1.243 | Init Dist = 12.806 | Init Dist 10 = 12.806 | Init Dist 100 = 12.806 | Init Dist 1000 = 12.806 | Learner Steps = 17964 | Learner Walltime = 3534.975 | Min Dist = 0.164 | Min Dist 10 = 0.977 | Min Dist 100 = 0.582 | Min Dist 1000 = 0.541 | Steps Per Second = 75.180 | Success = 1.000 | Success 1000 = 0.933
I0502 16:05:12.036845 139555860620864 terminal.py:91] [Actor] Actor Episodes = 23197 | Actor Steps = 1159850 | Delta Dist = 3.380 | Delta Dist 10 = 3.986 | Delta Dist 100 = 4.567 | Delta Dist 1000 = 4.341 | Episode Length = 50 | Episode Return = 0.0 | Evaluator Episodes = 5879 | Evaluator Steps = 293950 | Final Dist = 4.236 | Final Dist 10 = 0.587 | Final Dist 100 = 1.212 | Final Dist 1000 = 1.476 | Init Dist = 7.616 | Init Dist 10 = 4.572 | Init Dist 100 = 5.779 | Init Dist 1000 = 5.817 | Learner Steps = 17964 | Learner Walltime = 3534.975 | Min Dist = 0.462 | Min Dist 10 = 0.051 | Min Dist 100 = 0.306 | Min Dist 1000 = 0.267 | Steps Per Second = 73.725 | Success = 1.000 | Success 1000 = 0.990
I0502 16:05:12.135915 139555013154368 terminal.py:91] [Learner] Actor Episodes = 23197 | Actor Loss = 3.579859733581543 | Actor Steps = 1159850 | Binary Accuracy = 0.9960184097290039 | Categorical Accuracy = 0.4344482421875 | Critic Loss = 1.815218448638916 | Entropy Mean = -19.62864875793457 | Evaluator Episodes = 5879 | Evaluator Steps = 293950 | Learner Steps = 17970 | Learner Walltime = 3536.333 | Logits Neg = -16.727840423583984 | Logits Pos = -1.7825560569763184 | Logsumexp = 1.2391958236694336 | Steps Per Second = 170.832
I0502 16:05:13.338485 139579566835264 terminal.py:91] [Evaluator] Actor Episodes = 23205 | Actor Steps = 1160250 | Delta Dist = 12.488 | Delta Dist 10 = 11.202 | Delta Dist 100 = 11.565 | Delta Dist 1000 = 11.563 | Episode Length = 50 | Episode Return = 27.0 | Evaluator Episodes = 5881 | Evaluator Steps = 294050 | Final Dist = 0.318 | Final Dist 10 = 1.604 | Final Dist 100 = 1.242 | Final Dist 1000 = 1.244 | Init Dist = 12.806 | Init Dist 10 = 12.806 | Init Dist 100 = 12.806 | Init Dist 1000 = 12.806 | Learner Steps = 17970 | Learner Walltime = 3536.333 | Min Dist = 0.125 | Min Dist 10 = 0.967 | Min Dist 100 = 0.584 | Min Dist 1000 = 0.540 | Steps Per Second = 77.356 | Success = 1.000 | Success 1000 = 0.933
I0502 16:05:13.533033 139569349502528 terminal.py:91] [Actor] Actor Episodes = 23207 | Actor Steps = 1160350 | Delta Dist = 3.566 | Delta Dist 10 = 4.464 | Delta Dist 100 = 4.597 | Delta Dist 1000 = 4.337 | Episode Length = 50 | Episode Return = 36.0 | Evaluator Episodes = 5881 | Evaluator Steps = 294050 | Final Dist = 0.039 | Final Dist 10 = 1.749 | Final Dist 100 = 1.314 | Final Dist 1000 = 1.485 | Init Dist = 3.606 | Init Dist 10 = 6.213 | Init Dist 100 = 5.911 | Init Dist 1000 = 5.822 | Learner Steps = 17976 | Learner Walltime = 3537.682 | Min Dist = 0.022 | Min Dist 10 = 0.078 | Min Dist 100 = 0.305 | Min Dist 1000 = 0.268 | Steps Per Second = 77.146 | Success = 1.000 | Success 1000 = 0.990
I0502 16:05:14.503867 139579566835264 terminal.py:91] [Evaluator] Actor Episodes = 23211 | Actor Steps = 1160550 | Delta Dist = 11.792 | Delta Dist 10 = 11.983 | Delta Dist 100 = 11.581 | Delta Dist 1000 = 11.564 | Episode Length = 50 | Episode Return = 30.0 | Evaluator Episodes = 5883 | Evaluator Steps = 294150 | Final Dist = 1.014 | Final Dist 10 = 0.823 | Final Dist 100 = 1.225 | Final Dist 1000 = 1.242 | Init Dist = 12.806 | Init Dist 10 = 12.806 | Init Dist 100 = 12.806 | Init Dist 1000 = 12.806 | Learner Steps = 17976 | Learner Walltime = 3537.682 | Min Dist = 0.108 | Min Dist 10 = 0.243 | Min Dist 100 = 0.583 | Min Dist 1000 = 0.540 | Steps Per Second = 84.088 | Success = 1.000 | Success 1000 = 0.933
I0502 16:05:15.431919 139557462840896 terminal.py:91] [Actor] Actor Episodes = 23219 | Actor Steps = 1160950 | Delta Dist = 3.911 | Delta Dist 10 = 3.122 | Delta Dist 100 = 4.438 | Delta Dist 1000 = 4.315 | Episode Length = 50 | Episode Return = 16.0 | Evaluator Episodes = 5883 | Evaluator Steps = 294150 | Final Dist = 0.561 | Final Dist 10 = 2.356 | Final Dist 100 = 1.430 | Final Dist 1000 = 1.501 | Init Dist = 4.472 | Init Dist 10 = 5.478 | Init Dist 100 = 5.868 | Init Dist 1000 = 5.816 | Learner Steps = 17983 | Learner Walltime = 3538.889 | Min Dist = 0.047 | Min Dist 10 = 0.247 | Min Dist 100 = 0.323 | Min Dist 1000 = 0.270 | Steps Per Second = 81.530 | Success = 1.000 | Success 1000 = 0.989
I0502 16:05:15.697673 139579566835264 terminal.py:91] [Evaluator] Actor Episodes = 23219 | Actor Steps = 1160950 | Delta Dist = 12.198 | Delta Dist 10 = 11.997 | Delta Dist 100 = 11.587 | Delta Dist 1000 = 11.564 | Episode Length = 50 | Episode Return = 10.0 | Evaluator Episodes = 5885 | Evaluator Steps = 294250 | Final Dist = 0.608 | Final Dist 10 = 0.809 | Final Dist 100 = 1.219 | Final Dist 1000 = 1.242 | Init Dist = 12.806 | Init Dist 10 = 12.806 | Init Dist 100 = 12.806 | Init Dist 1000 = 12.806 | Learner Steps = 17983 | Learner Walltime = 3538.889 | Min Dist = 0.608 | Min Dist 10 = 0.244 | Min Dist 100 = 0.568 | Min Dist 1000 = 0.540 | Steps Per Second = 89.835 | Success = 1.000 | Success 1000 = 0.933
I0502 16:05:16.963730 139579566835264 terminal.py:91] [Evaluator] Actor Episodes = 23227 | Actor Steps = 1161350 | Delta Dist = 11.323 | Delta Dist 10 = 12.075 | Delta Dist 100 = 11.584 | Delta Dist 1000 = 11.564 | Episode Length = 50 | Episode Return = 15.0 | Evaluator Episodes = 5887 | Evaluator Steps = 294350 | Final Dist = 1.483 | Final Dist 10 = 0.731 | Final Dist 100 = 1.222 | Final Dist 1000 = 1.243 | Init Dist = 12.806 | Init Dist 10 = 12.806 | Init Dist 100 = 12.806 | Init Dist 1000 = 12.806 | Learner Steps = 17989 | Learner Walltime = 3540.115 | Min Dist = 0.221 | Min Dist 10 = 0.205 | Min Dist 100 = 0.568 | Min Dist 1000 = 0.540 | Steps Per Second = 86.100 | Success = 1.000 | Success 1000 = 0.933
I0502 16:05:18.182166 139579566835264 terminal.py:91] [Evaluator] Actor Episodes = 23235 | Actor Steps = 1161750 | Delta Dist = 11.863 | Delta Dist 10 = 11.895 | Delta Dist 100 = 11.571 | Delta Dist 1000 = 11.563 | Episode Length = 50 | Episode Return = 17.0 | Evaluator Episodes = 5889 | Evaluator Steps = 294450 | Final Dist = 0.943 | Final Dist 10 = 0.912 | Final Dist 100 = 1.236 | Final Dist 1000 = 1.244 | Init Dist = 12.806 | Init Dist 10 = 12.806 | Init Dist 100 = 12.806 | Init Dist 1000 = 12.806 | Learner Steps = 17995 | Learner Walltime = 3541.378 | Min Dist = 0.054 | Min Dist 10 = 0.192 | Min Dist 100 = 0.567 | Min Dist 1000 = 0.540 | Steps Per Second = 90.243 | Success = 1.000 | Success 1000 = 0.933
I0502 16:05:19.423774 139579566835264 terminal.py:91] [Evaluator] Actor Episodes = 23245 | Actor Steps = 1162250 | Delta Dist = 12.188 | Delta Dist 10 = 11.884 | Delta Dist 100 = 11.558 | Delta Dist 1000 = 11.570 | Episode Length = 50 | Episode Return = 13.0 | Evaluator Episodes = 5891 | Evaluator Steps = 294550 | Final Dist = 0.618 | Final Dist 10 = 0.922 | Final Dist 100 = 1.248 | Final Dist 1000 = 1.237 | Init Dist = 12.806 | Init Dist 10 = 12.806 | Init Dist 100 = 12.806 | Init Dist 1000 = 12.806 | Learner Steps = 18001 | Learner Walltime = 3542.515 | Min Dist = 0.107 | Min Dist 10 = 0.229 | Min Dist 100 = 0.573 | Min Dist 1000 = 0.534 | Steps Per Second = 80.057 | Success = 1.000 | Success 1000 = 0.934
I0502 16:05:19.500767 139558059398720 terminal.py:91] [Actor] Actor Episodes = 23242 | Actor Steps = 1162100 | Delta Dist = 2.847 | Delta Dist 10 = 4.335 | Delta Dist 100 = 4.094 | Delta Dist 1000 = 4.311 | Episode Length = 50 | Episode Return = 37.0 | Evaluator Episodes = 5889 | Evaluator Steps = 294450 | Final Dist = 0.153 | Final Dist 10 = 2.157 | Final Dist 100 = 1.804 | Final Dist 1000 = 1.541 | Init Dist = 3.000 | Init Dist 10 = 6.492 | Init Dist 100 = 5.899 | Init Dist 1000 = 5.851 | Learner Steps = 18001 | Learner Walltime = 3542.515 | Min Dist = 0.076 | Min Dist 10 = 0.122 | Min Dist 100 = 0.364 | Min Dist 1000 = 0.278 | Steps Per Second = 83.724 | Success = 1.000 | Success 1000 = 0.988
I0502 16:05:20.591416 139579566835264 terminal.py:91] [Evaluator] Actor Episodes = 23251 | Actor Steps = 1162550 | Delta Dist = 11.826 | Delta Dist 10 = 11.766 | Delta Dist 100 = 11.555 | Delta Dist 1000 = 11.570 | Episode Length = 50 | Episode Return = 28.0 | Evaluator Episodes = 5893 | Evaluator Steps = 294650 | Final Dist = 0.981 | Final Dist 10 = 1.040 | Final Dist 100 = 1.251 | Final Dist 1000 = 1.236 | Init Dist = 12.806 | Init Dist 10 = 12.806 | Init Dist 100 = 12.806 | Init Dist 1000 = 12.806 | Learner Steps = 18007 | Learner Walltime = 3543.701 | Min Dist = 0.056 | Min Dist 10 = 0.264 | Min Dist 100 = 0.577 | Min Dist 1000 = 0.534 | Steps Per Second = 78.580 | Success = 1.000 | Success 1000 = 0.934
I0502 16:05:21.462338 139584504182336 lp_utils.py:96] StepsLimiter: Reached 1162850 recorded steps
I0502 16:05:21.764797 139579566835264 terminal.py:91] [Evaluator] Actor Episodes = 23259 | Actor Steps = 1162950 | Delta Dist = 11.436 | Delta Dist 10 = 11.864 | Delta Dist 100 = 11.563 | Delta Dist 1000 = 11.579 | Episode Length = 50 | Episode Return = 9.0 | Evaluator Episodes = 5895 | Evaluator Steps = 294750 | Final Dist = 1.371 | Final Dist 10 = 0.942 | Final Dist 100 = 1.243 | Final Dist 1000 = 1.227 | Init Dist = 12.806 | Init Dist 10 = 12.806 | Init Dist 100 = 12.806 | Init Dist 1000 = 12.806 | Learner Steps = 18013 | Learner Walltime = 3545.040 | Min Dist = 0.187 | Min Dist 10 = 0.245 | Min Dist 100 = 0.574 | Min Dist 1000 = 0.526 | Steps Per Second = 78.877 | Success = 1.000 | Success 1000 = 0.935
I0502 16:05:22.223410 139555013154368 terminal.py:91] [Learner] Actor Episodes = 23261 | Actor Loss = 3.5664262771606445 | Actor Steps = 1163050 | Binary Accuracy = 0.9960062503814697 | Categorical Accuracy = 0.4219970703125 | Critic Loss = 1.8362871408462524 | Entropy Mean = -17.775775909423828 | Evaluator Episodes = 5895 | Evaluator Steps = 294750 | Learner Steps = 18021 | Learner Walltime = 3546.421 | Logits Neg = -16.994997024536133 | Logits Pos = -1.8537744283676147 | Logsumexp = 1.1911677122116089 | Steps Per Second = 476.574
I0502 16:05:22.610781 139555860620864 terminal.py:91] [Actor] Actor Episodes = 23262 | Actor Steps = 1163100 | Delta Dist = 6.980 | Delta Dist 10 = 4.239 | Delta Dist 100 = 3.974 | Delta Dist 1000 = 4.315 | Episode Length = 50 | Episode Return = 21.0 | Evaluator Episodes = 5895 | Evaluator Steps = 294750 | Final Dist = 1.082 | Final Dist 10 = 1.316 | Final Dist 100 = 1.900 | Final Dist 1000 = 1.537 | Init Dist = 8.062 | Init Dist 10 = 5.556 | Init Dist 100 = 5.874 | Init Dist 1000 = 5.852 | Learner Steps = 18013 | Learner Walltime = 3545.040 | Min Dist = 0.070 | Min Dist 10 = 0.097 | Min Dist 100 = 0.286 | Min Dist 1000 = 0.269 | Steps Per Second = 79.118 | Success = 1.000 | Success 1000 = 0.988
I0502 16:05:22.924963 139579566835264 terminal.py:91] [Evaluator] Actor Episodes = 23265 | Actor Steps = 1163250 | Delta Dist = 11.804 | Delta Dist 10 = 11.760 | Delta Dist 100 = 11.540 | Delta Dist 1000 = 11.578 | Episode Length = 50 | Episode Return = 2.0 | Evaluator Episodes = 5897 | Evaluator Steps = 294850 | Final Dist = 1.002 | Final Dist 10 = 1.046 | Final Dist 100 = 1.266 | Final Dist 1000 = 1.228 | Init Dist = 12.806 | Init Dist 10 = 12.806 | Init Dist 100 = 12.806 | Init Dist 1000 = 12.806 | Learner Steps = 18020 | Learner Walltime = 3546.286 | Min Dist = 0.378 | Min Dist 10 = 0.204 | Min Dist 100 = 0.572 | Min Dist 1000 = 0.526 | Steps Per Second = 92.119 | Success = 1.000 | Success 1000 = 0.935
I0502 16:05:23.541348 139569349502528 terminal.py:91] [Actor] Actor Episodes = 23271 | Actor Steps = 1163550 | Delta Dist = 2.217 | Delta Dist 10 = 4.607 | Delta Dist 100 = 4.091 | Delta Dist 1000 = 4.318 | Episode Length = 50 | Episode Return = 40.0 | Evaluator Episodes = 5897 | Evaluator Steps = 294850 | Final Dist = 0.019 | Final Dist 10 = 0.752 | Final Dist 100 = 1.808 | Final Dist 1000 = 1.535 | Init Dist = 2.236 | Init Dist 10 = 5.359 | Init Dist 100 = 5.899 | Init Dist 1000 = 5.853 | Learner Steps = 18025 | Learner Walltime = 3547.290 | Min Dist = 0.019 | Min Dist 10 = 0.097 | Min Dist 100 = 0.193 | Min Dist 1000 = 0.268 | Steps Per Second = 78.080 | Success = 1.000 | Success 1000 = 0.988
I0502 16:05:24.096830 139579566835264 terminal.py:91] [Evaluator] Actor Episodes = 23273 | Actor Steps = 1163650 | Delta Dist = 11.784 | Delta Dist 10 = 11.783 | Delta Dist 100 = 11.537 | Delta Dist 1000 = 11.583 | Episode Length = 50 | Episode Return = 5.0 | Evaluator Episodes = 5899 | Evaluator Steps = 294950 | Final Dist = 1.023 | Final Dist 10 = 1.023 | Final Dist 100 = 1.269 | Final Dist 1000 = 1.224 | Init Dist = 12.806 | Init Dist 10 = 12.806 | Init Dist 100 = 12.806 | Init Dist 1000 = 12.806 | Learner Steps = 18025 | Learner Walltime = 3547.290 | Min Dist = 0.326 | Min Dist 10 = 0.229 | Min Dist 100 = 0.571 | Min Dist 1000 = 0.521 | Steps Per Second = 80.521 | Success = 1.000 | Success 1000 = 0.936
I0502 16:05:25.210988 139579566835264 terminal.py:91] [Evaluator] Actor Episodes = 23279 | Actor Steps = 1163950 | Delta Dist = 12.139 | Delta Dist 10 = 11.788 | Delta Dist 100 = 11.531 | Delta Dist 1000 = 11.581 | Episode Length = 50 | Episode Return = 16.0 | Evaluator Episodes = 5901 | Evaluator Steps = 295050 | Final Dist = 0.667 | Final Dist 10 = 1.019 | Final Dist 100 = 1.275 | Final Dist 1000 = 1.225 | Init Dist = 12.806 | Init Dist 10 = 12.806 | Init Dist 100 = 12.806 | Init Dist 1000 = 12.806 | Learner Steps = 18030 | Learner Walltime = 3548.484 | Min Dist = 0.026 | Min Dist 10 = 0.272 | Min Dist 100 = 0.579 | Min Dist 1000 = 0.521 | Steps Per Second = 85.107 | Success = 1.000 | Success 1000 = 0.936
I0502 16:05:25.494330 139557462840896 terminal.py:91] [Actor] Actor Episodes = 23283 | Actor Steps = 1164150 | Delta Dist = 4.503 | Delta Dist 10 = 2.751 | Delta Dist 100 = 3.857 | Delta Dist 1000 = 4.299 | Episode Length = 50 | Episode Return = 38.0 | Evaluator Episodes = 5901 | Evaluator Steps = 295050 | Final Dist = 0.497 | Final Dist 10 = 2.500 | Final Dist 100 = 1.906 | Final Dist 1000 = 1.557 | Init Dist = 5.000 | Init Dist 10 = 5.251 | Init Dist 100 = 5.763 | Init Dist 1000 = 5.856 | Learner Steps = 18030 | Learner Walltime = 3548.484 | Min Dist = 0.130 | Min Dist 10 = 0.125 | Min Dist 100 = 0.188 | Min Dist 1000 = 0.269 | Steps Per Second = 73.679 | Success = 1.000 | Success 1000 = 0.988
I0502 16:05:26.509900 139579566835264 terminal.py:91] [Evaluator] Actor Episodes = 23289 | Actor Steps = 1164450 | Delta Dist = 11.888 | Delta Dist 10 = 11.762 | Delta Dist 100 = 11.535 | Delta Dist 1000 = 11.582 | Episode Length = 50 | Episode Return = 24.0 | Evaluator Episodes = 5903 | Evaluator Steps = 295150 | Final Dist = 0.918 | Final Dist 10 = 1.045 | Final Dist 100 = 1.271 | Final Dist 1000 = 1.224 | Init Dist = 12.806 | Init Dist 10 = 12.806 | Init Dist 100 = 12.806 | Init Dist 1000 = 12.806 | Learner Steps = 18036 | Learner Walltime = 3549.773 | Min Dist = 0.268 | Min Dist 10 = 0.236 | Min Dist 100 = 0.579 | Min Dist 1000 = 0.521 | Steps Per Second = 80.977 | Success = 1.000 | Success 1000 = 0.936
I0502 16:05:27.596959 139579566835264 terminal.py:91] [Evaluator] Actor Episodes = 23295 | Actor Steps = 1164750 | Delta Dist = 11.285 | Delta Dist 10 = 11.667 | Delta Dist 100 = 11.553 | Delta Dist 1000 = 11.582 | Episode Length = 50 | Episode Return = 18.0 | Evaluator Episodes = 5905 | Evaluator Steps = 295250 | Final Dist = 1.521 | Final Dist 10 = 1.139 | Final Dist 100 = 1.253 | Final Dist 1000 = 1.224 | Init Dist = 12.806 | Init Dist 10 = 12.806 | Init Dist 100 = 12.806 | Init Dist 1000 = 12.806 | Learner Steps = 18043 | Learner Walltime = 3550.891 | Min Dist = 0.090 | Min Dist 10 = 0.272 | Min Dist 100 = 0.575 | Min Dist 1000 = 0.522 | Steps Per Second = 85.633 | Success = 1.000 | Success 1000 = 0.936
I0502 16:05:28.716613 139579566835264 terminal.py:91] [Evaluator] Actor Episodes = 23303 | Actor Steps = 1165150 | Delta Dist = 11.428 | Delta Dist 10 = 11.661 | Delta Dist 100 = 11.539 | Delta Dist 1000 = 11.582 | Episode Length = 50 | Episode Return = 14.0 | Evaluator Episodes = 5907 | Evaluator Steps = 295350 | Final Dist = 1.378 | Final Dist 10 = 1.145 | Final Dist 100 = 1.267 | Final Dist 1000 = 1.224 | Init Dist = 12.806 | Init Dist 10 = 12.806 | Init Dist 100 = 12.806 | Init Dist 1000 = 12.806 | Learner Steps = 18048 | Learner Walltime = 3552.063 | Min Dist = 0.250 | Min Dist 10 = 0.251 | Min Dist 100 = 0.576 | Min Dist 1000 = 0.520 | Steps Per Second = 88.027 | Success = 1.000 | Success 1000 = 0.937
I0502 16:05:29.664289 139558059398720 terminal.py:91] [Actor] Actor Episodes = 23306 | Actor Steps = 1165300 | Delta Dist = 1.807 | Delta Dist 10 = 4.043 | Delta Dist 100 = 3.725 | Delta Dist 1000 = 4.282 | Episode Length = 50 | Episode Return = 0.0 | Evaluator Episodes = 5907 | Evaluator Steps = 295350 | Final Dist = 5.265 | Final Dist 10 = 1.814 | Final Dist 100 = 1.962 | Final Dist 1000 = 1.543 | Init Dist = 7.071 | Init Dist 10 = 5.857 | Init Dist 100 = 5.687 | Init Dist 1000 = 5.825 | Learner Steps = 18048 | Learner Walltime = 3552.063 | Min Dist = 0.059 | Min Dist 10 = 0.047 | Min Dist 100 = 0.185 | Min Dist 1000 = 0.265 | Steps Per Second = 79.142 | Success = 1.000 | Success 1000 = 0.988
I0502 16:05:29.851242 139579566835264 terminal.py:91] [Evaluator] Actor Episodes = 23311 | Actor Steps = 1165550 | Delta Dist = 11.122 | Delta Dist 10 = 11.660 | Delta Dist 100 = 11.573 | Delta Dist 1000 = 11.597 | Episode Length = 50 | Episode Return = 8.0 | Evaluator Episodes = 5909 | Evaluator Steps = 295450 | Final Dist = 1.684 | Final Dist 10 = 1.146 | Final Dist 100 = 1.233 | Final Dist 1000 = 1.209 | Init Dist = 12.806 | Init Dist 10 = 12.806 | Init Dist 100 = 12.806 | Init Dist 1000 = 12.806 | Learner Steps = 18055 | Learner Walltime = 3553.420 | Min Dist = 0.359 | Min Dist 10 = 0.260 | Min Dist 100 = 0.540 | Min Dist 1000 = 0.507 | Steps Per Second = 94.943 | Success = 1.000 | Success 1000 = 0.939
I0502 16:05:30.984318 139579566835264 terminal.py:91] [Evaluator] Actor Episodes = 23319 | Actor Steps = 1165950 | Delta Dist = 12.015 | Delta Dist 10 = 10.854 | Delta Dist 100 = 11.494 | Delta Dist 1000 = 11.589 | Episode Length = 50 | Episode Return = 13.0 | Evaluator Episodes = 5911 | Evaluator Steps = 295550 | Final Dist = 0.792 | Final Dist 10 = 1.953 | Final Dist 100 = 1.312 | Final Dist 1000 = 1.217 | Init Dist = 12.806 | Init Dist 10 = 12.806 | Init Dist 100 = 12.806 | Init Dist 1000 = 12.806 | Learner Steps = 18061 | Learner Walltime = 3554.532 | Min Dist = 0.137 | Min Dist 10 = 0.877 | Min Dist 100 = 0.610 | Min Dist 1000 = 0.514 | Steps Per Second = 80.473 | Success = 1.000 | Success 1000 = 0.938
I0502 16:05:31.483004 139584504182336 lp_utils.py:96] StepsLimiter: Reached 1166050 recorded steps
I0502 16:05:32.153588 139579566835264 terminal.py:91] [Evaluator] Actor Episodes = 23325 | Actor Steps = 1166250 | Delta Dist = 11.803 | Delta Dist 10 = 10.870 | Delta Dist 100 = 11.500 | Delta Dist 1000 = 11.589 | Episode Length = 50 | Episode Return = 1.0 | Evaluator Episodes = 5913 | Evaluator Steps = 295650 | Final Dist = 1.003 | Final Dist 10 = 1.937 | Final Dist 100 = 1.306 | Final Dist 1000 = 1.218 | Init Dist = 12.806 | Init Dist 10 = 12.806 | Init Dist 100 = 12.806 | Init Dist 1000 = 12.806 | Learner Steps = 18067 | Learner Walltime = 3555.691 | Min Dist = 0.453 | Min Dist 10 = 0.873 | Min Dist 100 = 0.602 | Min Dist 1000 = 0.513 | Steps Per Second = 89.817 | Success = 1.000 | Success 1000 = 0.938
I0502 16:05:32.295826 139555013154368 terminal.py:91] [Learner] Actor Episodes = 23321 | Actor Loss = 3.5671114921569824 | Actor Steps = 1166050 | Binary Accuracy = 0.996112585067749 | Categorical Accuracy = 0.42108154296875 | Critic Loss = 1.8722758293151855 | Entropy Mean = -18.560321807861328 | Evaluator Episodes = 5911 | Evaluator Steps = 295550 | Learner Steps = 18071 | Learner Walltime = 3556.486 | Logits Neg = -16.7237548828125 | Logits Pos = -1.8594894409179688 | Logsumexp = 1.1697678565979004 | Steps Per Second = 236.030
I0502 16:05:32.874011 139555860620864 terminal.py:91] [Actor] Actor Episodes = 23333 | Actor Steps = 1166650 | Delta Dist = 8.338 | Delta Dist 10 = 4.332 | Delta Dist 100 = 3.998 | Delta Dist 1000 = 4.331 | Episode Length = 50 | Episode Return = 26.0 | Evaluator Episodes = 5913 | Evaluator Steps = 295650 | Final Dist = 0.206 | Final Dist 10 = 1.007 | Final Dist 100 = 1.771 | Final Dist 1000 = 1.515 | Init Dist = 8.544 | Init Dist 10 = 5.339 | Init Dist 100 = 5.769 | Init Dist 1000 = 5.846 | Learner Steps = 18074 | Learner Walltime = 3556.754 | Min Dist = 0.206 | Min Dist 10 = 0.132 | Min Dist 100 = 0.099 | Min Dist 1000 = 0.265 | Steps Per Second = 77.065 | Success = 1.000 | Success 1000 = 0.988
I0502 16:05:33.454563 139579566835264 terminal.py:91] [Evaluator] Actor Episodes = 23333 | Actor Steps = 1166650 | Delta Dist = 11.994 | Delta Dist 10 = 10.895 | Delta Dist 100 = 11.512 | Delta Dist 1000 = 11.588 | Episode Length = 50 | Episode Return = 10.0 | Evaluator Episodes = 5915 | Evaluator Steps = 295750 | Final Dist = 0.812 | Final Dist 10 = 1.911 | Final Dist 100 = 1.295 | Final Dist 1000 = 1.218 | Init Dist = 12.806 | Init Dist 10 = 12.806 | Init Dist 100 = 12.806 | Init Dist 1000 = 12.806 | Learner Steps = 18074 | Learner Walltime = 3556.754 | Min Dist = 0.246 | Min Dist 10 = 0.878 | Min Dist 100 = 0.606 | Min Dist 1000 = 0.513 | Steps Per Second = 76.637 | Success = 1.000 | Success 1000 = 0.938
I0502 16:05:34.037089 139569349502528 terminal.py:91] [Actor] Actor Episodes = 23336 | Actor Steps = 1166800 | Delta Dist = 6.853 | Delta Dist 10 = 5.725 | Delta Dist 100 = 4.237 | Delta Dist 1000 = 4.344 | Episode Length = 50 | Episode Return = 19.0 | Evaluator Episodes = 5915 | Evaluator Steps = 295750 | Final Dist = 0.218 | Final Dist 10 = 1.643 | Final Dist 100 = 1.636 | Final Dist 1000 = 1.523 | Init Dist = 7.071 | Init Dist 10 = 7.368 | Init Dist 100 = 5.872 | Init Dist 1000 = 5.867 | Learner Steps = 18074 | Learner Walltime = 3556.754 | Min Dist = 0.027 | Min Dist 10 = 0.688 | Min Dist 100 = 0.154 | Min Dist 1000 = 0.270 | Steps Per Second = 90.793 | Success = 1.000 | Success 1000 = 0.988
I0502 16:05:34.684996 139579566835264 terminal.py:91] [Evaluator] Actor Episodes = 23341 | Actor Steps = 1167050 | Delta Dist = 11.395 | Delta Dist 10 = 11.082 | Delta Dist 100 = 11.514 | Delta Dist 1000 = 11.590 | Episode Length = 50 | Episode Return = 7.0 | Evaluator Episodes = 5917 | Evaluator Steps = 295850 | Final Dist = 1.411 | Final Dist 10 = 1.724 | Final Dist 100 = 1.292 | Final Dist 1000 = 1.216 | Init Dist = 12.806 | Init Dist 10 = 12.806 | Init Dist 100 = 12.806 | Init Dist 1000 = 12.806 | Learner Steps = 18078 | Learner Walltime = 3557.839 | Min Dist = 0.396 | Min Dist 10 = 0.905 | Min Dist 100 = 0.607 | Min Dist 1000 = 0.513 | Steps Per Second = 81.993 | Success = 1.000 | Success 1000 = 0.938
I0502 16:05:35.886542 139579566835264 terminal.py:91] [Evaluator] Actor Episodes = 23350 | Actor Steps = 1167500 | Delta Dist = 11.638 | Delta Dist 10 = 11.074 | Delta Dist 100 = 11.518 | Delta Dist 1000 = 11.590 | Episode Length = 50 | Episode Return = 2.0 | Evaluator Episodes = 5919 | Evaluator Steps = 295950 | Final Dist = 1.168 | Final Dist 10 = 1.732 | Final Dist 100 = 1.288 | Final Dist 1000 = 1.216 | Init Dist = 12.806 | Init Dist 10 = 12.806 | Init Dist 100 = 12.806 | Init Dist 1000 = 12.806 | Learner Steps = 18090 | Learner Walltime = 3559.999 | Min Dist = 0.062 | Min Dist 10 = 0.920 | Min Dist 100 = 0.612 | Min Dist 1000 = 0.513 | Steps Per Second = 84.130 | Success = 1.000 | Success 1000 = 0.938
I0502 16:05:36.116922 139557462840896 terminal.py:91] [Actor] Actor Episodes = 23352 | Actor Steps = 1167600 | Delta Dist = 0.979 | Delta Dist 10 = 3.851 | Delta Dist 100 = 4.192 | Delta Dist 1000 = 4.356 | Episode Length = 50 | Episode Return = 0.0 | Evaluator Episodes = 5919 | Evaluator Steps = 295950 | Final Dist = 8.076 | Final Dist 10 = 2.135 | Final Dist 100 = 1.728 | Final Dist 1000 = 1.506 | Init Dist = 9.055 | Init Dist 10 = 5.986 | Init Dist 100 = 5.921 | Init Dist 1000 = 5.862 | Learner Steps = 18090 | Learner Walltime = 3559.999 | Min Dist = 0.093 | Min Dist 10 = 0.039 | Min Dist 100 = 0.146 | Min Dist 1000 = 0.269 | Steps Per Second = 78.317 | Success = 1.000 | Success 1000 = 0.989
I0502 16:05:37.079029 139579566835264 terminal.py:91] [Evaluator] Actor Episodes = 23358 | Actor Steps = 1167900 | Delta Dist = 11.396 | Delta Dist 10 = 11.851 | Delta Dist 100 = 11.554 | Delta Dist 1000 = 11.590 | Episode Length = 50 | Episode Return = 3.0 | Evaluator Episodes = 5921 | Evaluator Steps = 296050 | Final Dist = 1.410 | Final Dist 10 = 0.956 | Final Dist 100 = 1.252 | Final Dist 1000 = 1.217 | Init Dist = 12.806 | Init Dist 10 = 12.806 | Init Dist 100 = 12.806 | Init Dist 1000 = 12.806 | Learner Steps = 18095 | Learner Walltime = 3561.057 | Min Dist = 0.471 | Min Dist 10 = 0.213 | Min Dist 100 = 0.560 | Min Dist 1000 = 0.513 | Steps Per Second = 82.728 | Success = 1.000 | Success 1000 = 0.938
I0502 16:05:38.333710 139579566835264 terminal.py:91] [Evaluator] Actor Episodes = 23366 | Actor Steps = 1168300 | Delta Dist = 11.549 | Delta Dist 10 = 11.528 | Delta Dist 100 = 11.528 | Delta Dist 1000 = 11.587 | Episode Length = 50 | Episode Return = 6.0 | Evaluator Episodes = 5923 | Evaluator Steps = 296150 | Final Dist = 1.257 | Final Dist 10 = 1.278 | Final Dist 100 = 1.278 | Final Dist 1000 = 1.220 | Init Dist = 12.806 | Init Dist 10 = 12.806 | Init Dist 100 = 12.806 | Init Dist 1000 = 12.806 | Learner Steps = 18101 | Learner Walltime = 3562.328 | Min Dist = 0.147 | Min Dist 10 = 0.552 | Min Dist 100 = 0.593 | Min Dist 1000 = 0.516 | Steps Per Second = 83.979 | Success = 1.000 | Success 1000 = 0.937
I0502 16:05:39.665668 139579566835264 terminal.py:91] [Evaluator] Actor Episodes = 23374 | Actor Steps = 1168700 | Delta Dist = 11.411 | Delta Dist 10 = 11.455 | Delta Dist 100 = 11.519 | Delta Dist 1000 = 11.586 | Episode Length = 50 | Episode Return = 1.0 | Evaluator Episodes = 5925 | Evaluator Steps = 296250 | Final Dist = 1.395 | Final Dist 10 = 1.351 | Final Dist 100 = 1.287 | Final Dist 1000 = 1.221 | Init Dist = 12.806 | Init Dist 10 = 12.806 | Init Dist 100 = 12.806 | Init Dist 1000 = 12.806 | Learner Steps = 18105 | Learner Walltime = 3563.336 | Min Dist = 0.953 | Min Dist 10 = 0.535 | Min Dist 100 = 0.593 | Min Dist 1000 = 0.516 | Steps Per Second = 81.826 | Success = 1.000 | Success 1000 = 0.937
I0502 16:05:39.977675 139558059398720 terminal.py:91] [Actor] Actor Episodes = 23375 | Actor Steps = 1168750 | Delta Dist = 5.026 | Delta Dist 10 = 4.866 | Delta Dist 100 = 4.639 | Delta Dist 1000 = 4.390 | Episode Length = 50 | Episode Return = 20.0 | Evaluator Episodes = 5923 | Evaluator Steps = 296150 | Final Dist = 0.805 | Final Dist 10 = 0.784 | Final Dist 100 = 1.548 | Final Dist 1000 = 1.468 | Init Dist = 5.831 | Init Dist 10 = 5.649 | Init Dist 100 = 6.187 | Init Dist 1000 = 5.859 | Learner Steps = 18105 | Learner Walltime = 3563.336 | Min Dist = 0.084 | Min Dist 10 = 0.034 | Min Dist 100 = 0.144 | Min Dist 1000 = 0.268 | Steps Per Second = 75.674 | Success = 1.000 | Success 1000 = 0.989
I0502 16:05:40.966128 139579566835264 terminal.py:91] [Evaluator] Actor Episodes = 23382 | Actor Steps = 1169100 | Delta Dist = 12.724 | Delta Dist 10 = 11.294 | Delta Dist 100 = 11.519 | Delta Dist 1000 = 11.599 | Episode Length = 50 | Episode Return = 12.0 | Evaluator Episodes = 5927 | Evaluator Steps = 296350 | Final Dist = 0.082 | Final Dist 10 = 1.512 | Final Dist 100 = 1.287 | Final Dist 1000 = 1.207 | Init Dist = 12.806 | Init Dist 10 = 12.806 | Init Dist 100 = 12.806 | Init Dist 1000 = 12.806 | Learner Steps = 18112 | Learner Walltime = 3564.517 | Min Dist = 0.082 | Min Dist 10 = 0.632 | Min Dist 100 = 0.602 | Min Dist 1000 = 0.503 | Steps Per Second = 71.128 | Success = 1.000 | Success 1000 = 0.939
I0502 16:05:41.500397 139584504182336 lp_utils.py:96] StepsLimiter: Reached 1169200 recorded steps
I0502 16:05:42.283680 139579566835264 terminal.py:91] [Evaluator] Actor Episodes = 23390 | Actor Steps = 1169500 | Delta Dist = 5.439 | Delta Dist 10 = 10.667 | Delta Dist 100 = 11.450 | Delta Dist 1000 = 11.591 | Episode Length = 50 | Episode Return = 0.0 | Evaluator Episodes = 5929 | Evaluator Steps = 296450 | Final Dist = 7.367 | Final Dist 10 = 2.139 | Final Dist 100 = 1.357 | Final Dist 1000 = 1.215 | Init Dist = 12.806 | Init Dist 10 = 12.806 | Init Dist 100 = 12.806 | Init Dist 1000 = 12.806 | Learner Steps = 18118 | Learner Walltime = 3565.835 | Min Dist = 7.207 | Min Dist 10 = 1.238 | Min Dist 100 = 0.665 | Min Dist 1000 = 0.510 | Steps Per Second = 76.903 | Success = 0.000 | Success 1000 = 0.938
I0502 16:05:42.465264 139555013154368 terminal.py:91] [Learner] Actor Episodes = 23388 | Actor Loss = 3.665466547012329 | Actor Steps = 1169400 | Binary Accuracy = 0.9959938526153564 | Categorical Accuracy = 0.40740966796875 | Critic Loss = 1.8703645467758179 | Entropy Mean = -20.574655532836914 | Evaluator Episodes = 5927 | Evaluator Steps = 296350 | Learner Steps = 18122 | Learner Walltime = 3566.664 | Logits Neg = -16.72536277770996 | Logits Pos = -1.8404425382614136 | Logsumexp = 1.226192593574524 | Steps Per Second = 128.171
I0502 16:05:43.377505 139555860620864 terminal.py:91] [Actor] Actor Episodes = 23395 | Actor Steps = 1169750 | Delta Dist = 0.897 | Delta Dist 10 = 2.911 | Delta Dist 100 = 4.785 | Delta Dist 1000 = 4.380 | Episode Length = 50 | Episode Return = 0.0 | Evaluator Episodes = 5929 | Evaluator Steps = 296450 | Final Dist = 1.339 | Final Dist 10 = 1.105 | Final Dist 100 = 1.426 | Final Dist 1000 = 1.467 | Init Dist = 2.236 | Init Dist 10 = 4.016 | Init Dist 100 = 6.211 | Init Dist 1000 = 5.847 | Learner Steps = 18118 | Learner Walltime = 3565.835 | Min Dist = 0.011 | Min Dist 10 = 0.282 | Min Dist 100 = 0.166 | Min Dist 1000 = 0.267 | Steps Per Second = 91.379 | Success = 1.000 | Success 1000 = 0.990
I0502 16:05:43.537859 139579566835264 terminal.py:91] [Evaluator] Actor Episodes = 23398 | Actor Steps = 1169900 | Delta Dist = 12.467 | Delta Dist 10 = 10.157 | Delta Dist 100 = 11.390 | Delta Dist 1000 = 11.584 | Episode Length = 50 | Episode Return = 12.0 | Evaluator Episodes = 5931 | Evaluator Steps = 296550 | Final Dist = 0.339 | Final Dist 10 = 2.649 | Final Dist 100 = 1.417 | Final Dist 1000 = 1.222 | Init Dist = 12.806 | Init Dist 10 = 12.806 | Init Dist 100 = 12.806 | Init Dist 1000 = 12.806 | Learner Steps = 18125 | Learner Walltime = 3567.175 | Min Dist = 0.050 | Min Dist 10 = 1.950 | Min Dist 100 = 0.734 | Min Dist 1000 = 0.516 | Steps Per Second = 75.608 | Success = 1.000 | Success 1000 = 0.937
I0502 16:05:44.137115 139569349502528 terminal.py:91] [Actor] Actor Episodes = 23404 | Actor Steps = 1170200 | Delta Dist = 0.933 | Delta Dist 10 = 2.712 | Delta Dist 100 = 4.685 | Delta Dist 1000 = 4.380 | Episode Length = 50 | Episode Return = 45.0 | Evaluator Episodes = 5931 | Evaluator Steps = 296550 | Final Dist = 0.067 | Final Dist 10 = 1.278 | Final Dist 100 = 1.410 | Final Dist 1000 = 1.462 | Init Dist = 1.000 | Init Dist 10 = 3.989 | Init Dist 100 = 6.094 | Init Dist 1000 = 5.842 | Learner Steps = 18130 | Learner Walltime = 3568.232 | Min Dist = 0.038 | Min Dist 10 = 0.276 | Min Dist 100 = 0.166 | Min Dist 1000 = 0.267 | Steps Per Second = 81.953 | Success = 1.000 | Success 1000 = 0.990
I0502 16:05:44.741045 139579566835264 terminal.py:91] [Evaluator] Actor Episodes = 23406 | Actor Steps = 1170300 | Delta Dist = 11.480 | Delta Dist 10 = 10.547 | Delta Dist 100 = 11.400 | Delta Dist 1000 = 11.585 | Episode Length = 50 | Episode Return = 14.0 | Evaluator Episodes = 5933 | Evaluator Steps = 296650 | Final Dist = 1.326 | Final Dist 10 = 2.259 | Final Dist 100 = 1.406 | Final Dist 1000 = 1.221 | Init Dist = 12.806 | Init Dist 10 = 12.806 | Init Dist 100 = 12.806 | Init Dist 1000 = 12.806 | Learner Steps = 18130 | Learner Walltime = 3568.232 | Min Dist = 0.498 | Min Dist 10 = 1.607 | Min Dist 100 = 0.734 | Min Dist 1000 = 0.516 | Steps Per Second = 82.249 | Success = 1.000 | Success 1000 = 0.937
I0502 16:05:46.046089 139579566835264 terminal.py:91] [Evaluator] Actor Episodes = 23414 | Actor Steps = 1170700 | Delta Dist = 11.742 | Delta Dist 10 = 10.494 | Delta Dist 100 = 11.390 | Delta Dist 1000 = 11.584 | Episode Length = 50 | Episode Return = 16.0 | Evaluator Episodes = 5935 | Evaluator Steps = 296750 | Final Dist = 1.064 | Final Dist 10 = 2.313 | Final Dist 100 = 1.417 | Final Dist 1000 = 1.222 | Init Dist = 12.806 | Init Dist 10 = 12.806 | Init Dist 100 = 12.806 | Init Dist 1000 = 12.806 | Learner Steps = 18137 | Learner Walltime = 3569.658 | Min Dist = 0.075 | Min Dist 10 = 1.649 | Min Dist 100 = 0.734 | Min Dist 1000 = 0.516 | Steps Per Second = 74.214 | Success = 1.000 | Success 1000 = 0.937
I0502 16:05:46.160795 139557462840896 terminal.py:91] [Actor] Actor Episodes = 23416 | Actor Steps = 1170800 | Delta Dist = 6.503 | Delta Dist 10 = 4.067 | Delta Dist 100 = 4.603 | Delta Dist 1000 = 4.397 | Episode Length = 50 | Episode Return = 33.0 | Evaluator Episodes = 5935 | Evaluator Steps = 296750 | Final Dist = 0.205 | Final Dist 10 = 3.004 | Final Dist 100 = 1.462 | Final Dist 1000 = 1.463 | Init Dist = 6.708 | Init Dist 10 = 7.071 | Init Dist 100 = 6.065 | Init Dist 1000 = 5.860 | Learner Steps = 18137 | Learner Walltime = 3569.658 | Min Dist = 0.205 | Min Dist 10 = 0.128 | Min Dist 100 = 0.161 | Min Dist 1000 = 0.265 | Steps Per Second = 70.518 | Success = 1.000 | Success 1000 = 0.990
I0502 16:05:47.219095 139579566835264 terminal.py:91] [Evaluator] Actor Episodes = 23422 | Actor Steps = 1171100 | Delta Dist = 12.689 | Delta Dist 10 = 10.589 | Delta Dist 100 = 11.389 | Delta Dist 1000 = 11.584 | Episode Length = 50 | Episode Return = 14.0 | Evaluator Episodes = 5937 | Evaluator Steps = 296850 | Final Dist = 0.117 | Final Dist 10 = 2.218 | Final Dist 100 = 1.418 | Final Dist 1000 = 1.222 | Init Dist = 12.806 | Init Dist 10 = 12.806 | Init Dist 100 = 12.806 | Init Dist 1000 = 12.806 | Learner Steps = 18144 | Learner Walltime = 3570.972 | Min Dist = 0.117 | Min Dist 10 = 1.523 | Min Dist 100 = 0.733 | Min Dist 1000 = 0.516 | Steps Per Second = 89.679 | Success = 1.000 | Success 1000 = 0.937
I0502 16:05:48.446017 139579566835264 terminal.py:91] [Evaluator] Actor Episodes = 23430 | Actor Steps = 1171500 | Delta Dist = 11.618 | Delta Dist 10 = 11.321 | Delta Dist 100 = 11.383 | Delta Dist 1000 = 11.583 | Episode Length = 50 | Episode Return = 13.0 | Evaluator Episodes = 5939 | Evaluator Steps = 296950 | Final Dist = 1.188 | Final Dist 10 = 1.486 | Final Dist 100 = 1.423 | Final Dist 1000 = 1.223 | Init Dist = 12.806 | Init Dist 10 = 12.806 | Init Dist 100 = 12.806 | Init Dist 1000 = 12.806 | Learner Steps = 18151 | Learner Walltime = 3572.327 | Min Dist = 0.242 | Min Dist 10 = 0.882 | Min Dist 100 = 0.735 | Min Dist 1000 = 0.516 | Steps Per Second = 77.649 | Success = 1.000 | Success 1000 = 0.937
I0502 16:05:49.667202 139579566835264 terminal.py:91] [Evaluator] Actor Episodes = 23438 | Actor Steps = 1171900 | Delta Dist = 4.526 | Delta Dist 10 = 11.911 | Delta Dist 100 = 11.386 | Delta Dist 1000 = 11.583 | Episode Length = 50 | Episode Return = 0.0 | Evaluator Episodes = 5941 | Evaluator Steps = 297050 | Final Dist = 8.280 | Final Dist 10 = 0.896 | Final Dist 100 = 1.420 | Final Dist 1000 = 1.223 | Init Dist = 12.806 | Init Dist 10 = 12.806 | Init Dist 100 = 12.806 | Init Dist 1000 = 12.806 | Learner Steps = 18157 | Learner Walltime = 3573.335 | Min Dist = 7.017 | Min Dist 10 = 0.194 | Min Dist 100 = 0.737 | Min Dist 1000 = 0.515 | Steps Per Second = 81.727 | Success = 0.000 | Success 1000 = 0.938
I0502 16:05:50.492054 139558059398720 terminal.py:91] [Actor] Actor Episodes = 23446 | Actor Steps = 1172300 | Delta Dist = 8.514 | Delta Dist 10 = 3.261 | Delta Dist 100 = 4.501 | Delta Dist 1000 = 4.414 | Episode Length = 50 | Episode Return = 48.0 | Evaluator Episodes = 5941 | Evaluator Steps = 297050 | Final Dist = 0.973 | Final Dist 10 = 1.450 | Final Dist 100 = 1.407 | Final Dist 1000 = 1.448 | Init Dist = 9.487 | Init Dist 10 = 4.711 | Init Dist 100 = 5.908 | Init Dist 1000 = 5.862 | Learner Steps = 18162 | Learner Walltime = 3574.512 | Min Dist = 0.051 | Min Dist 10 = 0.035 | Min Dist 100 = 0.123 | Min Dist 1000 = 0.256 | Steps Per Second = 79.216 | Success = 1.000 | Success 1000 = 0.990
I0502 16:05:50.914593 139579566835264 terminal.py:91] [Evaluator] Actor Episodes = 23446 | Actor Steps = 1172300 | Delta Dist = 11.678 | Delta Dist 10 = 11.135 | Delta Dist 100 = 11.360 | Delta Dist 1000 = 11.577 | Episode Length = 50 | Episode Return = 4.0 | Evaluator Episodes = 5943 | Evaluator Steps = 297150 | Final Dist = 1.128 | Final Dist 10 = 1.672 | Final Dist 100 = 1.446 | Final Dist 1000 = 1.230 | Init Dist = 12.806 | Init Dist 10 = 12.806 | Init Dist 100 = 12.806 | Init Dist 1000 = 12.806 | Learner Steps = 18162 | Learner Walltime = 3574.512 | Min Dist = 0.238 | Min Dist 10 = 0.882 | Min Dist 100 = 0.748 | Min Dist 1000 = 0.521 | Steps Per Second = 83.938 | Success = 1.000 | Success 1000 = 0.937
I0502 16:05:51.521116 139584504182336 lp_utils.py:96] StepsLimiter: Reached 1172600 recorded steps
I0502 16:05:52.086627 139579566835264 terminal.py:91] [Evaluator] Actor Episodes = 23454 | Actor Steps = 1172700 | Delta Dist = 11.812 | Delta Dist 10 = 11.265 | Delta Dist 100 = 11.358 | Delta Dist 1000 = 11.578 | Episode Length = 50 | Episode Return = 15.0 | Evaluator Episodes = 5945 | Evaluator Steps = 297250 | Final Dist = 0.994 | Final Dist 10 = 1.541 | Final Dist 100 = 1.448 | Final Dist 1000 = 1.229 | Init Dist = 12.806 | Init Dist 10 = 12.806 | Init Dist 100 = 12.806 | Init Dist 1000 = 12.806 | Learner Steps = 18168 | Learner Walltime = 3575.518 | Min Dist = 0.095 | Min Dist 10 = 0.836 | Min Dist 100 = 0.748 | Min Dist 1000 = 0.521 | Steps Per Second = 87.611 | Success = 1.000 | Success 1000 = 0.937
I0502 16:05:52.546726 139555013154368 terminal.py:91] [Learner] Actor Episodes = 23456 | Actor Loss = 3.597890615463257 | Actor Steps = 1172800 | Binary Accuracy = 0.9960312843322754 | Categorical Accuracy = 0.41943359375 | Critic Loss = 1.8853377103805542 | Entropy Mean = -20.360828399658203 | Evaluator Episodes = 5945 | Evaluator Steps = 297250 | Learner Steps = 18174 | Learner Walltime = 3576.741 | Logits Neg = -16.60342025756836 | Logits Pos = -1.8812780380249023 | Logsumexp = 1.129650592803955 | Steps Per Second = 374.218
I0502 16:05:53.232473 139579566835264 terminal.py:91] [Evaluator] Actor Episodes = 23462 | Actor Steps = 1173100 | Delta Dist = 12.079 | Delta Dist 10 = 11.168 | Delta Dist 100 = 11.337 | Delta Dist 1000 = 11.577 | Episode Length = 50 | Episode Return = 30.0 | Evaluator Episodes = 5947 | Evaluator Steps = 297350 | Final Dist = 0.727 | Final Dist 10 = 1.639 | Final Dist 100 = 1.469 | Final Dist 1000 = 1.229 | Init Dist = 12.806 | Init Dist 10 = 12.806 | Init Dist 100 = 12.806 | Init Dist 1000 = 12.806 | Learner Steps = 18173 | Learner Walltime = 3576.570 | Min Dist = 0.079 | Min Dist 10 = 0.849 | Min Dist 100 = 0.747 | Min Dist 1000 = 0.520 | Steps Per Second = 85.658 | Success = 1.000 | Success 1000 = 0.937
I0502 16:05:53.431438 139555860620864 terminal.py:91] [Actor] Actor Episodes = 23464 | Actor Steps = 1173200 | Delta Dist = 8.712 | Delta Dist 10 = 4.625 | Delta Dist 100 = 4.534 | Delta Dist 1000 = 4.420 | Episode Length = 50 | Episode Return = 20.0 | Evaluator Episodes = 5947 | Evaluator Steps = 297350 | Final Dist = 1.918 | Final Dist 10 = 1.009 | Final Dist 100 = 1.337 | Final Dist 1000 = 1.439 | Init Dist = 10.630 | Init Dist 10 = 5.635 | Init Dist 100 = 5.871 | Init Dist 1000 = 5.860 | Learner Steps = 18173 | Learner Walltime = 3576.570 | Min Dist = 0.091 | Min Dist 10 = 0.066 | Min Dist 100 = 0.122 | Min Dist 1000 = 0.256 | Steps Per Second = 91.065 | Success = 1.000 | Success 1000 = 0.991
I0502 16:05:54.402538 139579566835264 terminal.py:91] [Evaluator] Actor Episodes = 23470 | Actor Steps = 1173500 | Delta Dist = 11.918 | Delta Dist 10 = 11.149 | Delta Dist 100 = 11.373 | Delta Dist 1000 = 11.577 | Episode Length = 50 | Episode Return = 25.0 | Evaluator Episodes = 5949 | Evaluator Steps = 297450 | Final Dist = 0.889 | Final Dist 10 = 1.657 | Final Dist 100 = 1.434 | Final Dist 1000 = 1.229 | Init Dist = 12.806 | Init Dist 10 = 12.806 | Init Dist 100 = 12.806 | Init Dist 1000 = 12.806 | Learner Steps = 18179 | Learner Walltime = 3577.897 | Min Dist = 0.048 | Min Dist 10 = 0.834 | Min Dist 100 = 0.707 | Min Dist 1000 = 0.520 | Steps Per Second = 85.780 | Success = 1.000 | Success 1000 = 0.937
I0502 16:05:54.467962 139569349502528 terminal.py:91] [Actor] Actor Episodes = 23469 | Actor Steps = 1173450 | Delta Dist = 8.157 | Delta Dist 10 = 6.739 | Delta Dist 100 = 4.736 | Delta Dist 1000 = 4.442 | Episode Length = 50 | Episode Return = 31.0 | Evaluator Episodes = 5947 | Evaluator Steps = 297350 | Final Dist = 0.089 | Final Dist 10 = 0.427 | Final Dist 100 = 1.323 | Final Dist 1000 = 1.439 | Init Dist = 8.246 | Init Dist 10 = 7.166 | Init Dist 100 = 6.059 | Init Dist 1000 = 5.881 | Learner Steps = 18179 | Learner Walltime = 3577.897 | Min Dist = 0.067 | Min Dist 10 = 0.074 | Min Dist 100 = 0.123 | Min Dist 1000 = 0.256 | Steps Per Second = 78.133 | Success = 1.000 | Success 1000 = 0.991
I0502 16:05:55.712485 139579566835264 terminal.py:91] [Evaluator] Actor Episodes = 23478 | Actor Steps = 1173900 | Delta Dist = 12.619 | Delta Dist 10 = 11.169 | Delta Dist 100 = 11.366 | Delta Dist 1000 = 11.577 | Episode Length = 50 | Episode Return = 26.0 | Evaluator Episodes = 5951 | Evaluator Steps = 297550 | Final Dist = 0.187 | Final Dist 10 = 1.637 | Final Dist 100 = 1.441 | Final Dist 1000 = 1.229 | Init Dist = 12.806 | Init Dist 10 = 12.806 | Init Dist 100 = 12.806 | Init Dist 1000 = 12.806 | Learner Steps = 18186 | Learner Walltime = 3579.183 | Min Dist = 0.130 | Min Dist 10 = 0.800 | Min Dist 100 = 0.706 | Min Dist 1000 = 0.520 | Steps Per Second = 71.916 | Success = 1.000 | Success 1000 = 0.937
I0502 16:05:55.736074 139584635659840 savers.py:156] Saving checkpoint: logs/contrastive_cpc_point_FourRooms_64/5dd72662-2788-11f0-b183-d85ed38c5779/checkpoints/counter
I0502 16:05:56.667333 139583350109760 savers.py:156] Saving checkpoint: logs/contrastive_cpc_point_FourRooms_64/5dd72662-2788-11f0-b183-d85ed38c5779/checkpoints/learner
I0502 16:05:56.802347 139557462840896 terminal.py:91] [Actor] Actor Episodes = 23483 | Actor Steps = 1174150 | Delta Dist = 2.644 | Delta Dist 10 = 4.389 | Delta Dist 100 = 4.543 | Delta Dist 1000 = 4.448 | Episode Length = 50 | Episode Return = 33.0 | Evaluator Episodes = 5951 | Evaluator Steps = 297550 | Final Dist = 0.519 | Final Dist 10 = 1.055 | Final Dist 100 = 1.398 | Final Dist 1000 = 1.425 | Init Dist = 3.162 | Init Dist 10 = 5.444 | Init Dist 100 = 5.941 | Init Dist 1000 = 5.873 | Learner Steps = 18186 | Learner Walltime = 3579.183 | Min Dist = 0.053 | Min Dist 10 = 0.082 | Min Dist 100 = 0.127 | Min Dist 1000 = 0.253 | Steps Per Second = 77.641 | Success = 1.000 | Success 1000 = 0.991
I0502 16:05:56.944425 139579566835264 terminal.py:91] [Evaluator] Actor Episodes = 23486 | Actor Steps = 1174300 | Delta Dist = 11.953 | Delta Dist 10 = 11.953 | Delta Dist 100 = 11.380 | Delta Dist 1000 = 11.585 | Episode Length = 50 | Episode Return = 29.0 | Evaluator Episodes = 5953 | Evaluator Steps = 297650 | Final Dist = 0.853 | Final Dist 10 = 0.853 | Final Dist 100 = 1.426 | Final Dist 1000 = 1.221 | Init Dist = 12.806 | Init Dist 10 = 12.806 | Init Dist 100 = 12.806 | Init Dist 1000 = 12.806 | Learner Steps = 18192 | Learner Walltime = 3580.376 | Min Dist = 0.036 | Min Dist 10 = 0.116 | Min Dist 100 = 0.706 | Min Dist 1000 = 0.514 | Steps Per Second = 77.178 | Success = 1.000 | Success 1000 = 0.938
I0502 16:05:58.188400 139579566835264 terminal.py:91] [Evaluator] Actor Episodes = 23494 | Actor Steps = 1174700 | Delta Dist = 12.237 | Delta Dist 10 = 11.902 | Delta Dist 100 = 11.375 | Delta Dist 1000 = 11.584 | Episode Length = 50 | Episode Return = 3.0 | Evaluator Episodes = 5955 | Evaluator Steps = 297750 | Final Dist = 0.569 | Final Dist 10 = 0.905 | Final Dist 100 = 1.431 | Final Dist 1000 = 1.222 | Init Dist = 12.806 | Init Dist 10 = 12.806 | Init Dist 100 = 12.806 | Init Dist 1000 = 12.806 | Learner Steps = 18196 | Learner Walltime = 3581.799 | Min Dist = 0.569 | Min Dist 10 = 0.108 | Min Dist 100 = 0.705 | Min Dist 1000 = 0.514 | Steps Per Second = 78.734 | Success = 1.000 | Success 1000 = 0.938
I0502 16:05:59.352540 139579566835264 terminal.py:91] [Evaluator] Actor Episodes = 23502 | Actor Steps = 1175100 | Delta Dist = 11.472 | Delta Dist 10 = 11.980 | Delta Dist 100 = 11.364 | Delta Dist 1000 = 11.584 | Episode Length = 50 | Episode Return = 19.0 | Evaluator Episodes = 5957 | Evaluator Steps = 297850 | Final Dist = 1.334 | Final Dist 10 = 0.826 | Final Dist 100 = 1.442 | Final Dist 1000 = 1.222 | Init Dist = 12.806 | Init Dist 10 = 12.806 | Init Dist 100 = 12.806 | Init Dist 1000 = 12.806 | Learner Steps = 18204 | Learner Walltime = 3582.839 | Min Dist = 0.115 | Min Dist 10 = 0.191 | Min Dist 100 = 0.714 | Min Dist 1000 = 0.515 | Steps Per Second = 77.877 | Success = 1.000 | Success 1000 = 0.938
I0502 16:06:00.483441 139579566835264 terminal.py:91] [Evaluator] Actor Episodes = 23510 | Actor Steps = 1175500 | Delta Dist = 11.846 | Delta Dist 10 = 11.866 | Delta Dist 100 = 11.352 | Delta Dist 1000 = 11.583 | Episode Length = 50 | Episode Return = 11.0 | Evaluator Episodes = 5959 | Evaluator Steps = 297950 | Final Dist = 0.961 | Final Dist 10 = 0.940 | Final Dist 100 = 1.454 | Final Dist 1000 = 1.223 | Init Dist = 12.806 | Init Dist 10 = 12.806 | Init Dist 100 = 12.806 | Init Dist 1000 = 12.806 | Learner Steps = 18211 | Learner Walltime = 3584.182 | Min Dist = 0.451 | Min Dist 10 = 0.199 | Min Dist 100 = 0.713 | Min Dist 1000 = 0.515 | Steps Per Second = 91.489 | Success = 1.000 | Success 1000 = 0.938
I0502 16:06:01.098943 139558059398720 terminal.py:91] [Actor] Actor Episodes = 23511 | Actor Steps = 1175550 | Delta Dist = 7.014 | Delta Dist 10 = 5.972 | Delta Dist 100 = 5.238 | Delta Dist 1000 = 4.477 | Episode Length = 50 | Episode Return = 19.0 | Evaluator Episodes = 5957 | Evaluator Steps = 297850 | Final Dist = 0.057 | Final Dist 10 = 0.985 | Final Dist 100 = 1.263 | Final Dist 1000 = 1.436 | Init Dist = 7.071 | Init Dist 10 = 6.957 | Init Dist 100 = 6.501 | Init Dist 1000 = 5.913 | Learner Steps = 18211 | Learner Walltime = 3584.182 | Min Dist = 0.057 | Min Dist 10 = 0.065 | Min Dist 100 = 0.100 | Min Dist 1000 = 0.252 | Steps Per Second = 81.905 | Success = 1.000 | Success 1000 = 0.991
I0502 16:06:01.542464 139584504182336 lp_utils.py:96] StepsLimiter: Reached 1175800 recorded steps
I0502 16:06:01.795468 139579566835264 terminal.py:91] [Evaluator] Actor Episodes = 23518 | Actor Steps = 1175900 | Delta Dist = 12.317 | Delta Dist 10 = 11.808 | Delta Dist 100 = 11.346 | Delta Dist 1000 = 11.582 | Episode Length = 50 | Episode Return = 14.0 | Evaluator Episodes = 5961 | Evaluator Steps = 298050 | Final Dist = 0.489 | Final Dist 10 = 0.998 | Final Dist 100 = 1.460 | Final Dist 1000 = 1.224 | Init Dist = 12.806 | Init Dist 10 = 12.806 | Init Dist 100 = 12.806 | Init Dist 1000 = 12.806 | Learner Steps = 18216 | Learner Walltime = 3585.291 | Min Dist = 0.055 | Min Dist 10 = 0.250 | Min Dist 100 = 0.713 | Min Dist 1000 = 0.515 | Steps Per Second = 70.218 | Success = 1.000 | Success 1000 = 0.938
I0502 16:06:02.612916 139555013154368 terminal.py:91] [Learner] Actor Episodes = 23522 | Actor Loss = 3.6717331409454346 | Actor Steps = 1176100 | Binary Accuracy = 0.9960987567901611 | Categorical Accuracy = 0.43792724609375 | Critic Loss = 1.7886992692947388 | Entropy Mean = -19.666614532470703 | Evaluator Episodes = 5961 | Evaluator Steps = 298050 | Learner Steps = 18225 | Learner Walltime = 3586.811 | Logits Neg = -17.16005516052246 | Logits Pos = -1.7887537479400635 | Logsumexp = 1.087004542350769 | Steps Per Second = 836.112
I0502 16:06:02.997647 139579566835264 terminal.py:91] [Evaluator] Actor Episodes = 23526 | Actor Steps = 1176300 | Delta Dist = 11.550 | Delta Dist 10 = 11.731 | Delta Dist 100 = 11.399 | Delta Dist 1000 = 11.584 | Episode Length = 50 | Episode Return = 1.0 | Evaluator Episodes = 5963 | Evaluator Steps = 298150 | Final Dist = 1.257 | Final Dist 10 = 1.075 | Final Dist 100 = 1.407 | Final Dist 1000 = 1.223 | Init Dist = 12.806 | Init Dist 10 = 12.806 | Init Dist 100 = 12.806 | Init Dist 1000 = 12.806 | Learner Steps = 18223 | Learner Walltime = 3586.629 | Min Dist = 0.486 | Min Dist 10 = 0.234 | Min Dist 100 = 0.654 | Min Dist 1000 = 0.515 | Steps Per Second = 97.365 | Success = 1.000 | Success 1000 = 0.938
I0502 16:06:03.586621 139555860620864 terminal.py:91] [Actor] Actor Episodes = 23528 | Actor Steps = 1176400 | Delta Dist = 3.433 | Delta Dist 10 = 5.317 | Delta Dist 100 = 5.099 | Delta Dist 1000 = 4.475 | Episode Length = 50 | Episode Return = 26.0 | Evaluator Episodes = 5963 | Evaluator Steps = 298150 | Final Dist = 2.398 | Final Dist 10 = 1.567 | Final Dist 100 = 1.353 | Final Dist 1000 = 1.455 | Init Dist = 5.831 | Init Dist 10 = 6.884 | Init Dist 100 = 6.452 | Init Dist 1000 = 5.930 | Learner Steps = 18223 | Learner Walltime = 3586.629 | Min Dist = 0.075 | Min Dist 10 = 0.115 | Min Dist 100 = 0.095 | Min Dist 1000 = 0.252 | Steps Per Second = 78.859 | Success = 1.000 | Success 1000 = 0.991
I0502 16:06:04.161916 139579566835264 terminal.py:91] [Evaluator] Actor Episodes = 23534 | Actor Steps = 1176700 | Delta Dist = 7.055 | Delta Dist 10 = 11.756 | Delta Dist 100 = 11.462 | Delta Dist 1000 = 11.584 | Episode Length = 50 | Episode Return = 0.0 | Evaluator Episodes = 5965 | Evaluator Steps = 298250 | Final Dist = 5.752 | Final Dist 10 = 1.050 | Final Dist 100 = 1.344 | Final Dist 1000 = 1.223 | Init Dist = 12.806 | Init Dist 10 = 12.806 | Init Dist 100 = 12.806 | Init Dist 1000 = 12.806 | Learner Steps = 18229 | Learner Walltime = 3587.796 | Min Dist = 5.078 | Min Dist 10 = 0.277 | Min Dist 100 = 0.592 | Min Dist 1000 = 0.515 | Steps Per Second = 84.768 | Success = 0.000 | Success 1000 = 0.938
I0502 16:06:04.859645 139569349502528 terminal.py:91] [Actor] Actor Episodes = 23538 | Actor Steps = 1176900 | Delta Dist = 6.876 | Delta Dist 10 = 3.933 | Delta Dist 100 = 5.118 | Delta Dist 1000 = 4.463 | Episode Length = 50 | Episode Return = 28.0 | Evaluator Episodes = 5965 | Evaluator Steps = 298250 | Final Dist = 0.124 | Final Dist 10 = 1.621 | Final Dist 100 = 1.412 | Final Dist 1000 = 1.456 | Init Dist = 7.000 | Init Dist 10 = 5.554 | Init Dist 100 = 6.530 | Init Dist 1000 = 5.919 | Learner Steps = 18229 | Learner Walltime = 3587.796 | Min Dist = 0.120 | Min Dist 10 = 1.166 | Min Dist 100 = 0.188 | Min Dist 1000 = 0.262 | Steps Per Second = 74.045 | Success = 1.000 | Success 1000 = 0.991
I0502 16:06:05.451096 139579566835264 terminal.py:91] [Evaluator] Actor Episodes = 23542 | Actor Steps = 1177100 | Delta Dist = 11.432 | Delta Dist 10 = 11.247 | Delta Dist 100 = 11.405 | Delta Dist 1000 = 11.578 | Episode Length = 50 | Episode Return = 23.0 | Evaluator Episodes = 5967 | Evaluator Steps = 298350 | Final Dist = 1.375 | Final Dist 10 = 1.560 | Final Dist 100 = 1.401 | Final Dist 1000 = 1.228 | Init Dist = 12.806 | Init Dist 10 = 12.806 | Init Dist 100 = 12.806 | Init Dist 1000 = 12.806 | Learner Steps = 18236 | Learner Walltime = 3589.131 | Min Dist = 0.086 | Min Dist 10 = 0.688 | Min Dist 100 = 0.642 | Min Dist 1000 = 0.520 | Steps Per Second = 83.034 | Success = 1.000 | Success 1000 = 0.937
I0502 16:06:06.737123 139579566835264 terminal.py:91] [Evaluator] Actor Episodes = 23550 | Actor Steps = 1177500 | Delta Dist = 11.600 | Delta Dist 10 = 11.341 | Delta Dist 100 = 11.404 | Delta Dist 1000 = 11.578 | Episode Length = 50 | Episode Return = 28.0 | Evaluator Episodes = 5969 | Evaluator Steps = 298450 | Final Dist = 1.207 | Final Dist 10 = 1.465 | Final Dist 100 = 1.402 | Final Dist 1000 = 1.228 | Init Dist = 12.806 | Init Dist 10 = 12.806 | Init Dist 100 = 12.806 | Init Dist 1000 = 12.806 | Learner Steps = 18241 | Learner Walltime = 3590.180 | Min Dist = 0.099 | Min Dist 10 = 0.680 | Min Dist 100 = 0.641 | Min Dist 1000 = 0.520 | Steps Per Second = 80.380 | Success = 1.000 | Success 1000 = 0.937
I0502 16:06:06.855384 139557462840896 terminal.py:91] [Actor] Actor Episodes = 23549 | Actor Steps = 1177450 | Delta Dist = 6.782 | Delta Dist 10 = 5.172 | Delta Dist 100 = 5.161 | Delta Dist 1000 = 4.475 | Episode Length = 50 | Episode Return = 46.0 | Evaluator Episodes = 5967 | Evaluator Steps = 298350 | Final Dist = 0.289 | Final Dist 10 = 0.704 | Final Dist 100 = 1.351 | Final Dist 1000 = 1.446 | Init Dist = 7.071 | Init Dist 10 = 5.876 | Init Dist 100 = 6.511 | Init Dist 1000 = 5.921 | Learner Steps = 18241 | Learner Walltime = 3590.180 | Min Dist = 0.026 | Min Dist 10 = 0.045 | Min Dist 100 = 0.188 | Min Dist 1000 = 0.262 | Steps Per Second = 73.464 | Success = 1.000 | Success 1000 = 0.991
I0502 16:06:08.046970 139579566835264 terminal.py:91] [Evaluator] Actor Episodes = 23558 | Actor Steps = 1177900 | Delta Dist = 11.893 | Delta Dist 10 = 11.335 | Delta Dist 100 = 11.396 | Delta Dist 1000 = 11.578 | Episode Length = 50 | Episode Return = 15.0 | Evaluator Episodes = 5971 | Evaluator Steps = 298550 | Final Dist = 0.914 | Final Dist 10 = 1.471 | Final Dist 100 = 1.410 | Final Dist 1000 = 1.228 | Init Dist = 12.806 | Init Dist 10 = 12.806 | Init Dist 100 = 12.806 | Init Dist 1000 = 12.806 | Learner Steps = 18247 | Learner Walltime = 3591.186 | Min Dist = 0.131 | Min Dist 10 = 0.676 | Min Dist 100 = 0.643 | Min Dist 1000 = 0.520 | Steps Per Second = 78.666 | Success = 1.000 | Success 1000 = 0.937
I0502 16:06:09.267577 139579566835264 terminal.py:91] [Evaluator] Actor Episodes = 23566 | Actor Steps = 1178300 | Delta Dist = 11.715 | Delta Dist 10 = 11.301 | Delta Dist 100 = 11.458 | Delta Dist 1000 = 11.586 | Episode Length = 50 | Episode Return = 23.0 | Evaluator Episodes = 5973 | Evaluator Steps = 298650 | Final Dist = 1.092 | Final Dist 10 = 1.505 | Final Dist 100 = 1.349 | Final Dist 1000 = 1.220 | Init Dist = 12.806 | Init Dist 10 = 12.806 | Init Dist 100 = 12.806 | Init Dist 1000 = 12.806 | Learner Steps = 18258 | Learner Walltime = 3593.327 | Min Dist = 0.027 | Min Dist 10 = 0.697 | Min Dist 100 = 0.570 | Min Dist 1000 = 0.513 | Steps Per Second = 76.035 | Success = 1.000 | Success 1000 = 0.938
I0502 16:06:10.465614 139579566835264 terminal.py:91] [Evaluator] Actor Episodes = 23575 | Actor Steps = 1178750 | Delta Dist = 11.489 | Delta Dist 10 = 11.270 | Delta Dist 100 = 11.457 | Delta Dist 1000 = 11.586 | Episode Length = 50 | Episode Return = 14.0 | Evaluator Episodes = 5975 | Evaluator Steps = 298750 | Final Dist = 1.317 | Final Dist 10 = 1.536 | Final Dist 100 = 1.350 | Final Dist 1000 = 1.220 | Init Dist = 12.806 | Init Dist 10 = 12.806 | Init Dist 100 = 12.806 | Init Dist 1000 = 12.806 | Learner Steps = 18263 | Learner Walltime = 3594.517 | Min Dist = 0.025 | Min Dist 10 = 0.640 | Min Dist 100 = 0.568 | Min Dist 1000 = 0.512 | Steps Per Second = 93.305 | Success = 1.000 | Success 1000 = 0.938
I0502 16:06:11.542896 139558059398720 terminal.py:91] [Actor] Actor Episodes = 23583 | Actor Steps = 1179150 | Delta Dist = 7.519 | Delta Dist 10 = 3.199 | Delta Dist 100 = 4.596 | Delta Dist 1000 = 4.465 | Episode Length = 50 | Episode Return = 41.0 | Evaluator Episodes = 5975 | Evaluator Steps = 298750 | Final Dist = 0.728 | Final Dist 10 = 1.558 | Final Dist 100 = 1.658 | Final Dist 1000 = 1.454 | Init Dist = 8.246 | Init Dist 10 = 4.757 | Init Dist 100 = 6.254 | Init Dist 1000 = 5.919 | Learner Steps = 18263 | Learner Walltime = 3594.517 | Min Dist = 0.073 | Min Dist 10 = 0.073 | Min Dist 100 = 0.181 | Min Dist 1000 = 0.254 | Steps Per Second = 76.115 | Success = 1.000 | Success 1000 = 0.992
I0502 16:06:11.558253 139584504182336 lp_utils.py:96] StepsLimiter: Reached 1179150 recorded steps
I0502 16:06:11.678489 139579566835264 terminal.py:91] [Evaluator] Actor Episodes = 23583 | Actor Steps = 1179150 | Delta Dist = 5.586 | Delta Dist 10 = 11.013 | Delta Dist 100 = 11.387 | Delta Dist 1000 = 11.577 | Episode Length = 50 | Episode Return = 0.0 | Evaluator Episodes = 5977 | Evaluator Steps = 298850 | Final Dist = 7.221 | Final Dist 10 = 1.793 | Final Dist 100 = 1.419 | Final Dist 1000 = 1.229 | Init Dist = 12.806 | Init Dist 10 = 12.806 | Init Dist 100 = 12.806 | Init Dist 1000 = 12.806 | Learner Steps = 18270 | Learner Walltime = 3595.842 | Min Dist = 6.194 | Min Dist 10 = 0.806 | Min Dist 100 = 0.625 | Min Dist 1000 = 0.519 | Steps Per Second = 84.822 | Success = 0.000 | Success 1000 = 0.937
I0502 16:06:12.758092 139555013154368 terminal.py:91] [Learner] Actor Episodes = 23589 | Actor Loss = 3.6195120811462402 | Actor Steps = 1179450 | Binary Accuracy = 0.9959897994995117 | Categorical Accuracy = 0.41058349609375 | Critic Loss = 1.91929292678833 | Entropy Mean = -18.324199676513672 | Evaluator Episodes = 5977 | Evaluator Steps = 298850 | Learner Steps = 18276 | Learner Walltime = 3596.954 | Logits Neg = -16.3975830078125 | Logits Pos = -1.864271879196167 | Logsumexp = 1.1880439519882202 | Steps Per Second = 189.948
I0502 16:06:12.901766 139579566835264 terminal.py:91] [Evaluator] Actor Episodes = 23591 | Actor Steps = 1179550 | Delta Dist = 11.496 | Delta Dist 10 = 10.343 | Delta Dist 100 = 11.310 | Delta Dist 1000 = 11.571 | Episode Length = 50 | Episode Return = 10.0 | Evaluator Episodes = 5979 | Evaluator Steps = 298950 | Final Dist = 1.311 | Final Dist 10 = 2.463 | Final Dist 100 = 1.496 | Final Dist 1000 = 1.236 | Init Dist = 12.806 | Init Dist 10 = 12.806 | Init Dist 100 = 12.806 | Init Dist 1000 = 12.806 | Learner Steps = 18276 | Learner Walltime = 3596.954 | Min Dist = 0.166 | Min Dist 10 = 1.422 | Min Dist 100 = 0.686 | Min Dist 1000 = 0.525 | Steps Per Second = 78.757 | Success = 1.000 | Success 1000 = 0.936
I0502 16:06:13.874413 139555860620864 terminal.py:91] [Actor] Actor Episodes = 23594 | Actor Steps = 1179700 | Delta Dist = 7.384 | Delta Dist 10 = 6.013 | Delta Dist 100 = 4.678 | Delta Dist 1000 = 4.465 | Episode Length = 50 | Episode Return = 14.0 | Evaluator Episodes = 5979 | Evaluator Steps = 298950 | Final Dist = 0.616 | Final Dist 10 = 0.751 | Final Dist 100 = 1.523 | Final Dist 1000 = 1.455 | Init Dist = 8.000 | Init Dist 10 = 6.763 | Init Dist 100 = 6.201 | Init Dist 1000 = 5.920 | Learner Steps = 18276 | Learner Walltime = 3596.954 | Min Dist = 0.179 | Min Dist 10 = 0.055 | Min Dist 100 = 0.176 | Min Dist 1000 = 0.254 | Steps Per Second = 77.821 | Success = 1.000 | Success 1000 = 0.992
I0502 16:06:14.140697 139579566835264 terminal.py:91] [Evaluator] Actor Episodes = 23597 | Actor Steps = 1179850 | Delta Dist = 12.158 | Delta Dist 10 = 10.300 | Delta Dist 100 = 11.306 | Delta Dist 1000 = 11.571 | Episode Length = 50 | Episode Return = 15.0 | Evaluator Episodes = 5981 | Evaluator Steps = 299050 | Final Dist = 0.648 | Final Dist 10 = 2.506 | Final Dist 100 = 1.501 | Final Dist 1000 = 1.236 | Init Dist = 12.806 | Init Dist 10 = 12.806 | Init Dist 100 = 12.806 | Init Dist 1000 = 12.806 | Learner Steps = 18282 | Learner Walltime = 3597.972 | Min Dist = 0.211 | Min Dist 10 = 1.420 | Min Dist 100 = 0.688 | Min Dist 1000 = 0.525 | Steps Per Second = 85.286 | Success = 1.000 | Success 1000 = 0.936
I0502 16:06:15.371081 139579566835264 terminal.py:91] [Evaluator] Actor Episodes = 23605 | Actor Steps = 1180250 | Delta Dist = 11.528 | Delta Dist 10 = 10.403 | Delta Dist 100 = 11.300 | Delta Dist 1000 = 11.572 | Episode Length = 50 | Episode Return = 25.0 | Evaluator Episodes = 5983 | Evaluator Steps = 299150 | Final Dist = 1.278 | Final Dist 10 = 2.403 | Final Dist 100 = 1.507 | Final Dist 1000 = 1.235 | Init Dist = 12.806 | Init Dist 10 = 12.806 | Init Dist 100 = 12.806 | Init Dist 1000 = 12.806 | Learner Steps = 18287 | Learner Walltime = 3599.172 | Min Dist = 0.072 | Min Dist 10 = 1.422 | Min Dist 100 = 0.688 | Min Dist 1000 = 0.525 | Steps Per Second = 88.700 | Success = 1.000 | Success 1000 = 0.936
I0502 16:06:15.453271 139569349502528 terminal.py:91] [Actor] Actor Episodes = 23604 | Actor Steps = 1180200 | Delta Dist = 6.551 | Delta Dist 10 = 3.429 | Delta Dist 100 = 4.410 | Delta Dist 1000 = 4.465 | Episode Length = 50 | Episode Return = 35.0 | Evaluator Episodes = 5981 | Evaluator Steps = 299050 | Final Dist = 0.449 | Final Dist 10 = 1.851 | Final Dist 100 = 1.553 | Final Dist 1000 = 1.455 | Init Dist = 7.000 | Init Dist 10 = 5.279 | Init Dist 100 = 5.962 | Init Dist 1000 = 5.921 | Learner Steps = 18282 | Learner Walltime = 3597.972 | Min Dist = 0.084 | Min Dist 10 = 1.218 | Min Dist 100 = 0.293 | Min Dist 1000 = 0.265 | Steps Per Second = 83.297 | Success = 1.000 | Success 1000 = 0.991
I0502 16:06:16.684216 139579566835264 terminal.py:91] [Evaluator] Actor Episodes = 23613 | Actor Steps = 1180650 | Delta Dist = 11.900 | Delta Dist 10 = 10.366 | Delta Dist 100 = 11.293 | Delta Dist 1000 = 11.571 | Episode Length = 50 | Episode Return = 6.0 | Evaluator Episodes = 5985 | Evaluator Steps = 299250 | Final Dist = 0.906 | Final Dist 10 = 2.441 | Final Dist 100 = 1.513 | Final Dist 1000 = 1.236 | Init Dist = 12.806 | Init Dist 10 = 12.806 | Init Dist 100 = 12.806 | Init Dist 1000 = 12.806 | Learner Steps = 18293 | Learner Walltime = 3600.446 | Min Dist = 0.177 | Min Dist 10 = 1.443 | Min Dist 100 = 0.688 | Min Dist 1000 = 0.525 | Steps Per Second = 73.397 | Success = 1.000 | Success 1000 = 0.936
I0502 16:06:16.954664 139557462840896 terminal.py:91] [Actor] Actor Episodes = 23614 | Actor Steps = 1180700 | Delta Dist = 5.911 | Delta Dist 10 = 2.830 | Delta Dist 100 = 4.106 | Delta Dist 1000 = 4.448 | Episode Length = 50 | Episode Return = 18.0 | Evaluator Episodes = 5983 | Evaluator Steps = 299150 | Final Dist = 1.160 | Final Dist 10 = 2.577 | Final Dist 100 = 1.723 | Final Dist 1000 = 1.478 | Init Dist = 7.071 | Init Dist 10 = 5.408 | Init Dist 100 = 5.829 | Init Dist 1000 = 5.925 | Learner Steps = 18287 | Learner Walltime = 3599.172 | Min Dist = 0.129 | Min Dist 10 = 0.177 | Min Dist 100 = 0.304 | Min Dist 1000 = 0.266 | Steps Per Second = 70.295 | Success = 1.000 | Success 1000 = 0.991
I0502 16:06:17.920419 139579566835264 terminal.py:91] [Evaluator] Actor Episodes = 23621 | Actor Steps = 1181050 | Delta Dist = 11.894 | Delta Dist 10 = 11.143 | Delta Dist 100 = 11.294 | Delta Dist 1000 = 11.572 | Episode Length = 50 | Episode Return = 18.0 | Evaluator Episodes = 5987 | Evaluator Steps = 299350 | Final Dist = 0.912 | Final Dist 10 = 1.663 | Final Dist 100 = 1.513 | Final Dist 1000 = 1.235 | Init Dist = 12.806 | Init Dist 10 = 12.806 | Init Dist 100 = 12.806 | Init Dist 1000 = 12.806 | Learner Steps = 18299 | Learner Walltime = 3601.753 | Min Dist = 0.359 | Min Dist 10 = 0.790 | Min Dist 100 = 0.684 | Min Dist 1000 = 0.525 | Steps Per Second = 86.236 | Success = 1.000 | Success 1000 = 0.936
I0502 16:06:19.158301 139579566835264 terminal.py:91] [Evaluator] Actor Episodes = 23629 | Actor Steps = 1181450 | Delta Dist = 5.049 | Delta Dist 10 = 11.807 | Delta Dist 100 = 11.301 | Delta Dist 1000 = 11.571 | Episode Length = 50 | Episode Return = 0.0 | Evaluator Episodes = 5989 | Evaluator Steps = 299450 | Final Dist = 7.757 | Final Dist 10 = 0.999 | Final Dist 100 = 1.505 | Final Dist 1000 = 1.235 | Init Dist = 12.806 | Init Dist 10 = 12.806 | Init Dist 100 = 12.806 | Init Dist 1000 = 12.806 | Learner Steps = 18306 | Learner Walltime = 3603.057 | Min Dist = 6.773 | Min Dist 10 = 0.218 | Min Dist 100 = 0.688 | Min Dist 1000 = 0.525 | Steps Per Second = 76.633 | Success = 0.000 | Success 1000 = 0.936
I0502 16:06:20.471142 139579566835264 terminal.py:91] [Evaluator] Actor Episodes = 23637 | Actor Steps = 1181850 | Delta Dist = 12.346 | Delta Dist 10 = 11.191 | Delta Dist 100 = 11.236 | Delta Dist 1000 = 11.564 | Episode Length = 50 | Episode Return = 34.0 | Evaluator Episodes = 5991 | Evaluator Steps = 299550 | Final Dist = 0.460 | Final Dist 10 = 1.616 | Final Dist 100 = 1.570 | Final Dist 1000 = 1.242 | Init Dist = 12.806 | Init Dist 10 = 12.806 | Init Dist 100 = 12.806 | Init Dist 1000 = 12.806 | Learner Steps = 18311 | Learner Walltime = 3604.348 | Min Dist = 0.257 | Min Dist 10 = 0.876 | Min Dist 100 = 0.753 | Min Dist 1000 = 0.532 | Steps Per Second = 72.090 | Success = 1.000 | Success 1000 = 0.935
I0502 16:06:21.576367 139584504182336 lp_utils.py:96] StepsLimiter: Reached 1182150 recorded steps
I0502 16:06:21.733563 139579566835264 terminal.py:91] [Evaluator] Actor Episodes = 23645 | Actor Steps = 1182250 | Delta Dist = 11.455 | Delta Dist 10 = 11.122 | Delta Dist 100 = 11.235 | Delta Dist 1000 = 11.563 | Episode Length = 50 | Episode Return = 27.0 | Evaluator Episodes = 5993 | Evaluator Steps = 299650 | Final Dist = 1.351 | Final Dist 10 = 1.684 | Final Dist 100 = 1.571 | Final Dist 1000 = 1.243 | Init Dist = 12.806 | Init Dist 10 = 12.806 | Init Dist 100 = 12.806 | Init Dist 1000 = 12.806 | Learner Steps = 18318 | Learner Walltime = 3605.651 | Min Dist = 0.313 | Min Dist 10 = 0.879 | Min Dist 100 = 0.750 | Min Dist 1000 = 0.532 | Steps Per Second = 83.519 | Success = 1.000 | Success 1000 = 0.935
I0502 16:06:22.112441 139558059398720 terminal.py:91] [Actor] Actor Episodes = 23647 | Actor Steps = 1182350 | Delta Dist = 11.094 | Delta Dist 10 = 3.490 | Delta Dist 100 = 3.985 | Delta Dist 1000 = 4.466 | Episode Length = 50 | Episode Return = 34.0 | Evaluator Episodes = 5993 | Evaluator Steps = 299650 | Final Dist = 0.086 | Final Dist 10 = 1.629 | Final Dist 100 = 1.669 | Final Dist 1000 = 1.460 | Init Dist = 11.180 | Init Dist 10 = 5.120 | Init Dist 100 = 5.654 | Init Dist 1000 = 5.926 | Learner Steps = 18318 | Learner Walltime = 3605.651 | Min Dist = 0.072 | Min Dist 10 = 0.138 | Min Dist 100 = 0.204 | Min Dist 1000 = 0.254 | Steps Per Second = 64.722 | Success = 1.000 | Success 1000 = 0.991
I0502 16:06:23.009986 139579566835264 terminal.py:91] [Evaluator] Actor Episodes = 23653 | Actor Steps = 1182650 | Delta Dist = 11.808 | Delta Dist 10 = 11.103 | Delta Dist 100 = 11.217 | Delta Dist 1000 = 11.563 | Episode Length = 50 | Episode Return = 2.0 | Evaluator Episodes = 5995 | Evaluator Steps = 299750 | Final Dist = 0.998 | Final Dist 10 = 1.703 | Final Dist 100 = 1.589 | Final Dist 1000 = 1.243 | Init Dist = 12.806 | Init Dist 10 = 12.806 | Init Dist 100 = 12.806 | Init Dist 1000 = 12.806 | Learner Steps = 18318 | Learner Walltime = 3605.651 | Min Dist = 0.639 | Min Dist 10 = 0.899 | Min Dist 100 = 0.754 | Min Dist 1000 = 0.532 | Steps Per Second = 85.774 | Success = 1.000 | Success 1000 = 0.935
I0502 16:06:23.021968 139555013154368 terminal.py:91] [Learner] Actor Episodes = 23653 | Actor Loss = 3.642000675201416 | Actor Steps = 1182650 | Binary Accuracy = 0.9960105419158936 | Categorical Accuracy = 0.42138671875 | Critic Loss = 1.8428547382354736 | Entropy Mean = -19.75079345703125 | Evaluator Episodes = 5995 | Evaluator Steps = 299750 | Learner Steps = 18325 | Learner Walltime = 3607.215 | Logits Neg = -17.183547973632812 | Logits Pos = -1.8387314081192017 | Logsumexp = 1.205986738204956 | Steps Per Second = 106.770
I0502 16:06:24.024422 139555860620864 terminal.py:91] [Actor] Actor Episodes = 23656 | Actor Steps = 1182800 | Delta Dist = 7.268 | Delta Dist 10 = 5.284 | Delta Dist 100 = 4.210 | Delta Dist 1000 = 4.485 | Episode Length = 50 | Episode Return = 32.0 | Evaluator Episodes = 5995 | Evaluator Steps = 299750 | Final Dist = 1.276 | Final Dist 10 = 1.509 | Final Dist 100 = 1.476 | Final Dist 1000 = 1.451 | Init Dist = 8.544 | Init Dist 10 = 6.793 | Init Dist 100 = 5.686 | Init Dist 1000 = 5.936 | Learner Steps = 18325 | Learner Walltime = 3607.215 | Min Dist = 0.025 | Min Dist 10 = 0.118 | Min Dist 100 = 0.212 | Min Dist 1000 = 0.241 | Steps Per Second = 87.114 | Success = 1.000 | Success 1000 = 0.992
I0502 16:06:24.317549 139579566835264 terminal.py:91] [Evaluator] Actor Episodes = 23661 | Actor Steps = 1183050 | Delta Dist = 12.544 | Delta Dist 10 = 11.138 | Delta Dist 100 = 11.231 | Delta Dist 1000 = 11.563 | Episode Length = 50 | Episode Return = 26.0 | Evaluator Episodes = 5997 | Evaluator Steps = 299850 | Final Dist = 0.263 | Final Dist 10 = 1.669 | Final Dist 100 = 1.575 | Final Dist 1000 = 1.243 | Init Dist = 12.806 | Init Dist 10 = 12.806 | Init Dist 100 = 12.806 | Init Dist 1000 = 12.806 | Learner Steps = 18331 | Learner Walltime = 3608.356 | Min Dist = 0.084 | Min Dist 10 = 0.951 | Min Dist 100 = 0.759 | Min Dist 1000 = 0.532 | Steps Per Second = 80.749 | Success = 1.000 | Success 1000 = 0.935
I0502 16:06:25.536193 139569349502528 terminal.py:91] [Actor] Actor Episodes = 23669 | Actor Steps = 1183450 | Delta Dist = 5.756 | Delta Dist 10 = 6.046 | Delta Dist 100 = 4.429 | Delta Dist 1000 = 4.510 | Episode Length = 50 | Episode Return = 46.0 | Evaluator Episodes = 5997 | Evaluator Steps = 299850 | Final Dist = 0.244 | Final Dist 10 = 0.896 | Final Dist 100 = 1.453 | Final Dist 1000 = 1.442 | Init Dist = 6.000 | Init Dist 10 = 6.942 | Init Dist 100 = 5.882 | Init Dist 1000 = 5.952 | Learner Steps = 18336 | Learner Walltime = 3609.648 | Min Dist = 0.066 | Min Dist 10 = 0.121 | Min Dist 100 = 0.215 | Min Dist 1000 = 0.236 | Steps Per Second = 76.641 | Success = 1.000 | Success 1000 = 0.992
I0502 16:06:25.622566 139579566835264 terminal.py:91] [Evaluator] Actor Episodes = 23669 | Actor Steps = 1183450 | Delta Dist = 11.705 | Delta Dist 10 = 11.244 | Delta Dist 100 = 11.247 | Delta Dist 1000 = 11.565 | Episode Length = 50 | Episode Return = 22.0 | Evaluator Episodes = 5999 | Evaluator Steps = 299950 | Final Dist = 1.102 | Final Dist 10 = 1.562 | Final Dist 100 = 1.559 | Final Dist 1000 = 1.242 | Init Dist = 12.806 | Init Dist 10 = 12.806 | Init Dist 100 = 12.806 | Init Dist 1000 = 12.806 | Learner Steps = 18336 | Learner Walltime = 3609.648 | Min Dist = 0.236 | Min Dist 10 = 0.909 | Min Dist 100 = 0.756 | Min Dist 1000 = 0.532 | Steps Per Second = 74.628 | Success = 1.000 | Success 1000 = 0.935
I0502 16:06:26.858265 139579566835264 terminal.py:91] [Evaluator] Actor Episodes = 23677 | Actor Steps = 1183850 | Delta Dist = 11.860 | Delta Dist 10 = 11.956 | Delta Dist 100 = 11.253 | Delta Dist 1000 = 11.565 | Episode Length = 50 | Episode Return = 23.0 | Evaluator Episodes = 6001 | Evaluator Steps = 300050 | Final Dist = 0.946 | Final Dist 10 = 0.850 | Final Dist 100 = 1.553 | Final Dist 1000 = 1.241 | Init Dist = 12.806 | Init Dist 10 = 12.806 | Init Dist 100 = 12.806 | Init Dist 1000 = 12.806 | Learner Steps = 18343 | Learner Walltime = 3610.890 | Min Dist = 0.359 | Min Dist 10 = 0.243 | Min Dist 100 = 0.750 | Min Dist 1000 = 0.532 | Steps Per Second = 80.159 | Success = 1.000 | Success 1000 = 0.935
I0502 16:06:27.232385 139557462840896 terminal.py:91] [Actor] Actor Episodes = 23676 | Actor Steps = 1183800 | Delta Dist = 6.768 | Delta Dist 10 = 5.696 | Delta Dist 100 = 4.628 | Delta Dist 1000 = 4.518 | Episode Length = 50 | Episode Return = 2.0 | Evaluator Episodes = 5999 | Evaluator Steps = 299950 | Final Dist = 4.048 | Final Dist 10 = 1.290 | Final Dist 100 = 1.385 | Final Dist 1000 = 1.438 | Init Dist = 10.817 | Init Dist 10 = 6.985 | Init Dist 100 = 6.013 | Init Dist 1000 = 5.956 | Learner Steps = 18343 | Learner Walltime = 3610.890 | Min Dist = 0.128 | Min Dist 10 = 0.233 | Min Dist 100 = 0.231 | Min Dist 1000 = 0.231 | Steps Per Second = 96.372 | Success = 1.000 | Success 1000 = 0.991
I0502 16:06:28.040403 139579566835264 terminal.py:91] [Evaluator] Actor Episodes = 23685 | Actor Steps = 1184250 | Delta Dist = 3.857 | Delta Dist 10 = 12.012 | Delta Dist 100 = 11.260 | Delta Dist 1000 = 11.569 | Episode Length = 50 | Episode Return = 0.0 | Evaluator Episodes = 6003 | Evaluator Steps = 300150 | Final Dist = 8.949 | Final Dist 10 = 0.794 | Final Dist 100 = 1.546 | Final Dist 1000 = 1.237 | Init Dist = 12.806 | Init Dist 10 = 12.806 | Init Dist 100 = 12.806 | Init Dist 1000 = 12.806 | Learner Steps = 18348 | Learner Walltime = 3612.071 | Min Dist = 6.054 | Min Dist 10 = 0.254 | Min Dist 100 = 0.752 | Min Dist 1000 = 0.528 | Steps Per Second = 81.347 | Success = 0.000 | Success 1000 = 0.936
I0502 16:06:29.169932 139579566835264 terminal.py:91] [Evaluator] Actor Episodes = 23693 | Actor Steps = 1184650 | Delta Dist = 11.819 | Delta Dist 10 = 11.293 | Delta Dist 100 = 11.180 | Delta Dist 1000 = 11.561 | Episode Length = 50 | Episode Return = 27.0 | Evaluator Episodes = 6005 | Evaluator Steps = 300250 | Final Dist = 0.988 | Final Dist 10 = 1.513 | Final Dist 100 = 1.626 | Final Dist 1000 = 1.245 | Init Dist = 12.806 | Init Dist 10 = 12.806 | Init Dist 100 = 12.806 | Init Dist 1000 = 12.806 | Learner Steps = 18356 | Learner Walltime = 3613.209 | Min Dist = 0.543 | Min Dist 10 = 0.833 | Min Dist 100 = 0.810 | Min Dist 1000 = 0.534 | Steps Per Second = 90.668 | Success = 1.000 | Success 1000 = 0.935
I0502 16:06:30.456134 139579566835264 terminal.py:91] [Evaluator] Actor Episodes = 23701 | Actor Steps = 1185050 | Delta Dist = 4.534 | Delta Dist 10 = 11.280 | Delta Dist 100 = 11.193 | Delta Dist 1000 = 11.561 | Episode Length = 50 | Episode Return = 0.0 | Evaluator Episodes = 6007 | Evaluator Steps = 300350 | Final Dist = 8.272 | Final Dist 10 = 1.526 | Final Dist 100 = 1.613 | Final Dist 1000 = 1.245 | Init Dist = 12.806 | Init Dist 10 = 12.806 | Init Dist 100 = 12.806 | Init Dist 1000 = 12.806 | Learner Steps = 18361 | Learner Walltime = 3614.387 | Min Dist = 7.113 | Min Dist 10 = 0.844 | Min Dist 100 = 0.818 | Min Dist 1000 = 0.534 | Steps Per Second = 81.189 | Success = 0.000 | Success 1000 = 0.935
I0502 16:06:31.595527 139584504182336 lp_utils.py:96] StepsLimiter: Reached 1185450 recorded steps
I0502 16:06:31.692106 139579566835264 terminal.py:91] [Evaluator] Actor Episodes = 23709 | Actor Steps = 1185450 | Delta Dist = 12.318 | Delta Dist 10 = 10.375 | Delta Dist 100 = 11.119 | Delta Dist 1000 = 11.554 | Episode Length = 50 | Episode Return = 12.0 | Evaluator Episodes = 6009 | Evaluator Steps = 300450 | Final Dist = 0.488 | Final Dist 10 = 2.431 | Final Dist 100 = 1.687 | Final Dist 1000 = 1.252 | Init Dist = 12.806 | Init Dist 10 = 12.806 | Init Dist 100 = 12.806 | Init Dist 1000 = 12.806 | Learner Steps = 18368 | Learner Walltime = 3615.695 | Min Dist = 0.450 | Min Dist 10 = 1.534 | Min Dist 100 = 0.883 | Min Dist 1000 = 0.541 | Steps Per Second = 85.018 | Success = 1.000 | Success 1000 = 0.934
I0502 16:06:32.606248 139558059398720 terminal.py:91] [Actor] Actor Episodes = 23714 | Actor Steps = 1185700 | Delta Dist = 4.822 | Delta Dist 10 = 5.508 | Delta Dist 100 = 4.878 | Delta Dist 1000 = 4.540 | Episode Length = 50 | Episode Return = 0.0 | Evaluator Episodes = 6009 | Evaluator Steps = 300450 | Final Dist = 3.424 | Final Dist 10 = 1.124 | Final Dist 100 = 1.433 | Final Dist 1000 = 1.453 | Init Dist = 8.246 | Init Dist 10 = 6.631 | Init Dist 100 = 6.312 | Init Dist 1000 = 5.993 | Learner Steps = 18368 | Learner Walltime = 3615.695 | Min Dist = 0.010 | Min Dist 10 = 0.080 | Min Dist 100 = 0.230 | Min Dist 1000 = 0.237 | Steps Per Second = 96.430 | Success = 1.000 | Success 1000 = 0.990
I0502 16:06:32.912566 139579566835264 terminal.py:91] [Evaluator] Actor Episodes = 23717 | Actor Steps = 1185850 | Delta Dist = 11.786 | Delta Dist 10 = 10.413 | Delta Dist 100 = 11.209 | Delta Dist 1000 = 11.554 | Episode Length = 50 | Episode Return = 3.0 | Evaluator Episodes = 6011 | Evaluator Steps = 300550 | Final Dist = 1.020 | Final Dist 10 = 2.394 | Final Dist 100 = 1.597 | Final Dist 1000 = 1.253 | Init Dist = 12.806 | Init Dist 10 = 12.806 | Init Dist 100 = 12.806 | Init Dist 1000 = 12.806 | Learner Steps = 18374 | Learner Walltime = 3616.916 | Min Dist = 0.406 | Min Dist 10 = 1.551 | Min Dist 100 = 0.817 | Min Dist 1000 = 0.541 | Steps Per Second = 78.005 | Success = 1.000 | Success 1000 = 0.934
I0502 16:06:33.377777 139555013154368 terminal.py:91] [Learner] Actor Episodes = 23715 | Actor Loss = 3.6635382175445557 | Actor Steps = 1185750 | Binary Accuracy = 0.9960243701934814 | Categorical Accuracy = 0.4359130859375 | Critic Loss = 1.786986231803894 | Entropy Mean = -18.710004806518555 | Evaluator Episodes = 6009 | Evaluator Steps = 300450 | Learner Steps = 18377 | Learner Walltime = 3617.571 | Logits Neg = -17.04810333251953 | Logits Pos = -1.7623831033706665 | Logsumexp = 1.20280921459198 | Steps Per Second = 156.015
I0502 16:06:34.144162 139579566835264 terminal.py:91] [Evaluator] Actor Episodes = 23725 | Actor Steps = 1186250 | Delta Dist = 12.673 | Delta Dist 10 = 10.331 | Delta Dist 100 = 11.206 | Delta Dist 1000 = 11.553 | Episode Length = 50 | Episode Return = 26.0 | Evaluator Episodes = 6013 | Evaluator Steps = 300650 | Final Dist = 0.133 | Final Dist 10 = 2.475 | Final Dist 100 = 1.600 | Final Dist 1000 = 1.253 | Init Dist = 12.806 | Init Dist 10 = 12.806 | Init Dist 100 = 12.806 | Init Dist 1000 = 12.806 | Learner Steps = 18381 | Learner Walltime = 3618.258 | Min Dist = 0.087 | Min Dist 10 = 1.554 | Min Dist 100 = 0.820 | Min Dist 1000 = 0.541 | Steps Per Second = 75.032 | Success = 1.000 | Success 1000 = 0.934
I0502 16:06:34.540290 139555860620864 terminal.py:91] [Actor] Actor Episodes = 23727 | Actor Steps = 1186350 | Delta Dist = 1.859 | Delta Dist 10 = 2.766 | Delta Dist 100 = 4.676 | Delta Dist 1000 = 4.534 | Episode Length = 50 | Episode Return = 46.0 | Evaluator Episodes = 6013 | Evaluator Steps = 300650 | Final Dist = 0.141 | Final Dist 10 = 2.236 | Final Dist 100 = 1.535 | Final Dist 1000 = 1.460 | Init Dist = 2.000 | Init Dist 10 = 5.708 | Init Dist 100 = 6.211 | Init Dist 1000 = 5.995 | Learner Steps = 18381 | Learner Walltime = 3618.258 | Min Dist = 0.030 | Min Dist 10 = 0.134 | Min Dist 100 = 0.238 | Min Dist 1000 = 0.238 | Steps Per Second = 83.839 | Success = 1.000 | Success 1000 = 0.990
I0502 16:06:35.319761 139579566835264 terminal.py:91] [Evaluator] Actor Episodes = 23731 | Actor Steps = 1186550 | Delta Dist = 11.567 | Delta Dist 10 = 11.255 | Delta Dist 100 = 11.216 | Delta Dist 1000 = 11.554 | Episode Length = 50 | Episode Return = 6.0 | Evaluator Episodes = 6015 | Evaluator Steps = 300750 | Final Dist = 1.240 | Final Dist 10 = 1.551 | Final Dist 100 = 1.590 | Final Dist 1000 = 1.252 | Init Dist = 12.806 | Init Dist 10 = 12.806 | Init Dist 100 = 12.806 | Init Dist 1000 = 12.806 | Learner Steps = 18386 | Learner Walltime = 3619.460 | Min Dist = 0.431 | Min Dist 10 = 0.986 | Min Dist 100 = 0.821 | Min Dist 1000 = 0.541 | Steps Per Second = 93.951 | Success = 1.000 | Success 1000 = 0.934
I0502 16:06:35.744151 139569349502528 terminal.py:91] [Actor] Actor Episodes = 23732 | Actor Steps = 1186600 | Delta Dist = 8.303 | Delta Dist 10 = 3.574 | Delta Dist 100 = 4.660 | Delta Dist 1000 = 4.532 | Episode Length = 50 | Episode Return = 27.0 | Evaluator Episodes = 6013 | Evaluator Steps = 300650 | Final Dist = 0.241 | Final Dist 10 = 2.112 | Final Dist 100 = 1.620 | Final Dist 1000 = 1.470 | Init Dist = 8.544 | Init Dist 10 = 5.687 | Init Dist 100 = 6.280 | Init Dist 1000 = 6.002 | Learner Steps = 18381 | Learner Walltime = 3618.258 | Min Dist = 0.006 | Min Dist 10 = 0.606 | Min Dist 100 = 0.287 | Min Dist 1000 = 0.243 | Steps Per Second = 91.993 | Success = 1.000 | Success 1000 = 0.990
I0502 16:06:36.486654 139579566835264 terminal.py:91] [Evaluator] Actor Episodes = 23739 | Actor Steps = 1186950 | Delta Dist = 12.285 | Delta Dist 10 = 11.207 | Delta Dist 100 = 11.206 | Delta Dist 1000 = 11.554 | Episode Length = 50 | Episode Return = 17.0 | Evaluator Episodes = 6017 | Evaluator Steps = 300850 | Final Dist = 0.522 | Final Dist 10 = 1.599 | Final Dist 100 = 1.600 | Final Dist 1000 = 1.252 | Init Dist = 12.806 | Init Dist 10 = 12.806 | Init Dist 100 = 12.806 | Init Dist 1000 = 12.806 | Learner Steps = 18393 | Learner Walltime = 3620.683 | Min Dist = 0.238 | Min Dist 10 = 0.948 | Min Dist 100 = 0.822 | Min Dist 1000 = 0.541 | Steps Per Second = 91.187 | Success = 1.000 | Success 1000 = 0.934
I0502 16:06:37.743121 139579566835264 terminal.py:91] [Evaluator] Actor Episodes = 23747 | Actor Steps = 1187350 | Delta Dist = 11.398 | Delta Dist 10 = 12.000 | Delta Dist 100 = 11.211 | Delta Dist 1000 = 11.554 | Episode Length = 50 | Episode Return = 3.0 | Evaluator Episodes = 6019 | Evaluator Steps = 300950 | Final Dist = 1.409 | Final Dist 10 = 0.807 | Final Dist 100 = 1.595 | Final Dist 1000 = 1.252 | Init Dist = 12.806 | Init Dist 10 = 12.806 | Init Dist 100 = 12.806 | Init Dist 1000 = 12.806 | Learner Steps = 18393 | Learner Walltime = 3620.683 | Min Dist = 0.319 | Min Dist 10 = 0.279 | Min Dist 100 = 0.819 | Min Dist 1000 = 0.541 | Steps Per Second = 83.956 | Success = 1.000 | Success 1000 = 0.934
I0502 16:06:37.843869 139557462840896 terminal.py:91] [Actor] Actor Episodes = 23749 | Actor Steps = 1187450 | Delta Dist = 8.564 | Delta Dist 10 = 3.880 | Delta Dist 100 = 4.650 | Delta Dist 1000 = 4.521 | Episode Length = 50 | Episode Return = 42.0 | Evaluator Episodes = 6019 | Evaluator Steps = 300950 | Final Dist = 0.656 | Final Dist 10 = 1.137 | Final Dist 100 = 1.560 | Final Dist 1000 = 1.463 | Init Dist = 9.220 | Init Dist 10 = 5.018 | Init Dist 100 = 6.210 | Init Dist 1000 = 5.984 | Learner Steps = 18400 | Learner Walltime = 3622.026 | Min Dist = 0.022 | Min Dist 10 = 0.141 | Min Dist 100 = 0.286 | Min Dist 1000 = 0.234 | Steps Per Second = 77.441 | Success = 1.000 | Success 1000 = 0.990
I0502 16:06:39.032155 139579566835264 terminal.py:91] [Evaluator] Actor Episodes = 23757 | Actor Steps = 1187850 | Delta Dist = 6.566 | Delta Dist 10 = 11.879 | Delta Dist 100 = 11.212 | Delta Dist 1000 = 11.561 | Episode Length = 50 | Episode Return = 0.0 | Evaluator Episodes = 6021 | Evaluator Steps = 301050 | Final Dist = 6.240 | Final Dist 10 = 0.927 | Final Dist 100 = 1.594 | Final Dist 1000 = 1.245 | Init Dist = 12.806 | Init Dist 10 = 12.806 | Init Dist 100 = 12.806 | Init Dist 1000 = 12.806 | Learner Steps = 18400 | Learner Walltime = 3622.026 | Min Dist = 5.160 | Min Dist 10 = 0.271 | Min Dist 100 = 0.823 | Min Dist 1000 = 0.534 | Steps Per Second = 85.200 | Success = 0.000 | Success 1000 = 0.935
I0502 16:06:40.190224 139579566835264 terminal.py:91] [Evaluator] Actor Episodes = 23763 | Actor Steps = 1188150 | Delta Dist = 11.583 | Delta Dist 10 = 11.415 | Delta Dist 100 = 11.195 | Delta Dist 1000 = 11.557 | Episode Length = 50 | Episode Return = 9.0 | Evaluator Episodes = 6023 | Evaluator Steps = 301150 | Final Dist = 1.223 | Final Dist 10 = 1.391 | Final Dist 100 = 1.611 | Final Dist 1000 = 1.249 | Init Dist = 12.806 | Init Dist 10 = 12.806 | Init Dist 100 = 12.806 | Init Dist 1000 = 12.806 | Learner Steps = 18406 | Learner Walltime = 3623.320 | Min Dist = 0.041 | Min Dist 10 = 0.757 | Min Dist 100 = 0.840 | Min Dist 1000 = 0.539 | Steps Per Second = 88.249 | Success = 1.000 | Success 1000 = 0.934
I0502 16:06:41.374399 139579566835264 terminal.py:91] [Evaluator] Actor Episodes = 23769 | Actor Steps = 1188450 | Delta Dist = 12.580 | Delta Dist 10 = 11.236 | Delta Dist 100 = 11.194 | Delta Dist 1000 = 11.556 | Episode Length = 50 | Episode Return = 9.0 | Evaluator Episodes = 6025 | Evaluator Steps = 301250 | Final Dist = 0.226 | Final Dist 10 = 1.570 | Final Dist 100 = 1.612 | Final Dist 1000 = 1.250 | Init Dist = 12.806 | Init Dist 10 = 12.806 | Init Dist 100 = 12.806 | Init Dist 1000 = 12.806 | Learner Steps = 18412 | Learner Walltime = 3624.523 | Min Dist = 0.226 | Min Dist 10 = 0.723 | Min Dist 100 = 0.839 | Min Dist 1000 = 0.539 | Steps Per Second = 88.373 | Success = 1.000 | Success 1000 = 0.934
I0502 16:06:41.614346 139584504182336 lp_utils.py:96] StepsLimiter: Reached 1188650 recorded steps
I0502 16:06:42.686811 139579566835264 terminal.py:91] [Evaluator] Actor Episodes = 23777 | Actor Steps = 1188850 | Delta Dist = 11.790 | Delta Dist 10 = 11.285 | Delta Dist 100 = 11.205 | Delta Dist 1000 = 11.557 | Episode Length = 50 | Episode Return = 11.0 | Evaluator Episodes = 6027 | Evaluator Steps = 301350 | Final Dist = 1.017 | Final Dist 10 = 1.521 | Final Dist 100 = 1.601 | Final Dist 1000 = 1.249 | Init Dist = 12.806 | Init Dist 10 = 12.806 | Init Dist 100 = 12.806 | Init Dist 1000 = 12.806 | Learner Steps = 18418 | Learner Walltime = 3625.694 | Min Dist = 0.203 | Min Dist 10 = 0.709 | Min Dist 100 = 0.830 | Min Dist 1000 = 0.539 | Steps Per Second = 76.117 | Success = 1.000 | Success 1000 = 0.934
I0502 16:06:42.866741 139558059398720 terminal.py:91] [Actor] Actor Episodes = 23778 | Actor Steps = 1188900 | Delta Dist = 1.677 | Delta Dist 10 = 3.671 | Delta Dist 100 = 4.071 | Delta Dist 1000 = 4.483 | Episode Length = 50 | Episode Return = 47.0 | Evaluator Episodes = 6025 | Evaluator Steps = 301250 | Final Dist = 0.559 | Final Dist 10 = 1.010 | Final Dist 100 = 1.599 | Final Dist 1000 = 1.476 | Init Dist = 2.236 | Init Dist 10 = 4.682 | Init Dist 100 = 5.670 | Init Dist 1000 = 5.960 | Learner Steps = 18418 | Learner Walltime = 3625.694 | Min Dist = 0.337 | Min Dist 10 = 0.473 | Min Dist 100 = 0.395 | Min Dist 1000 = 0.245 | Steps Per Second = 73.342 | Success = 1.000 | Success 1000 = 0.990
I0502 16:06:43.498154 139555013154368 terminal.py:91] [Learner] Actor Episodes = 23781 | Actor Loss = 3.4842538833618164 | Actor Steps = 1189050 | Binary Accuracy = 0.9960422515869141 | Categorical Accuracy = 0.421630859375 | Critic Loss = 1.8619197607040405 | Entropy Mean = -19.14092254638672 | Evaluator Episodes = 6027 | Evaluator Steps = 301350 | Learner Steps = 18428 | Learner Walltime = 3627.691 | Logits Neg = -16.70852279663086 | Logits Pos = -1.8524575233459473 | Logsumexp = 1.148438572883606 | Steps Per Second = 158.551
I0502 16:06:43.836879 139579566835264 terminal.py:91] [Evaluator] Actor Episodes = 23785 | Actor Steps = 1189250 | Delta Dist = 11.651 | Delta Dist 10 = 11.271 | Delta Dist 100 = 11.272 | Delta Dist 1000 = 11.557 | Episode Length = 50 | Episode Return = 9.0 | Evaluator Episodes = 6029 | Evaluator Steps = 301450 | Final Dist = 1.155 | Final Dist 10 = 1.535 | Final Dist 100 = 1.534 | Final Dist 1000 = 1.249 | Init Dist = 12.806 | Init Dist 10 = 12.806 | Init Dist 100 = 12.806 | Init Dist 1000 = 12.806 | Learner Steps = 18425 | Learner Walltime = 3627.132 | Min Dist = 0.282 | Min Dist 10 = 0.703 | Min Dist 100 = 0.766 | Min Dist 1000 = 0.539 | Steps Per Second = 81.505 | Success = 1.000 | Success 1000 = 0.934
I0502 16:06:44.647531 139555860620864 terminal.py:91] [Actor] Actor Episodes = 23791 | Actor Steps = 1189550 | Delta Dist = 2.885 | Delta Dist 10 = 4.407 | Delta Dist 100 = 3.963 | Delta Dist 1000 = 4.484 | Episode Length = 50 | Episode Return = 29.0 | Evaluator Episodes = 6029 | Evaluator Steps = 301450 | Final Dist = 2.115 | Final Dist 10 = 2.011 | Final Dist 100 = 1.687 | Final Dist 1000 = 1.485 | Init Dist = 5.000 | Init Dist 10 = 6.418 | Init Dist 100 = 5.650 | Init Dist 1000 = 5.969 | Learner Steps = 18430 | Learner Walltime = 3628.267 | Min Dist = 0.586 | Min Dist 10 = 0.081 | Min Dist 100 = 0.341 | Min Dist 1000 = 0.239 | Steps Per Second = 79.050 | Success = 1.000 | Success 1000 = 0.990
I0502 16:06:45.180644 139579566835264 terminal.py:91] [Evaluator] Actor Episodes = 23793 | Actor Steps = 1189650 | Delta Dist = 11.756 | Delta Dist 10 = 11.346 | Delta Dist 100 = 11.331 | Delta Dist 1000 = 11.557 | Episode Length = 50 | Episode Return = 32.0 | Evaluator Episodes = 6031 | Evaluator Steps = 301550 | Final Dist = 1.050 | Final Dist 10 = 1.460 | Final Dist 100 = 1.475 | Final Dist 1000 = 1.250 | Init Dist = 12.806 | Init Dist 10 = 12.806 | Init Dist 100 = 12.806 | Init Dist 1000 = 12.806 | Learner Steps = 18430 | Learner Walltime = 3628.267 | Min Dist = 0.107 | Min Dist 10 = 0.676 | Min Dist 100 = 0.696 | Min Dist 1000 = 0.539 | Steps Per Second = 77.525 | Success = 1.000 | Success 1000 = 0.934
I0502 16:06:46.109725 139569349502528 terminal.py:91] [Actor] Actor Episodes = 23798 | Actor Steps = 1189900 | Delta Dist = 2.902 | Delta Dist 10 = 4.093 | Delta Dist 100 = 4.027 | Delta Dist 1000 = 4.484 | Episode Length = 50 | Episode Return = 31.0 | Evaluator Episodes = 6031 | Evaluator Steps = 301550 | Final Dist = 0.260 | Final Dist 10 = 2.246 | Final Dist 100 = 1.625 | Final Dist 1000 = 1.491 | Init Dist = 3.162 | Init Dist 10 = 6.340 | Init Dist 100 = 5.652 | Init Dist 1000 = 5.975 | Learner Steps = 18436 | Learner Walltime = 3629.536 | Min Dist = 0.090 | Min Dist 10 = 0.095 | Min Dist 100 = 0.341 | Min Dist 1000 = 0.239 | Steps Per Second = 76.955 | Success = 1.000 | Success 1000 = 0.990
I0502 16:06:46.439087 139579566835264 terminal.py:91] [Evaluator] Actor Episodes = 23801 | Actor Steps = 1190050 | Delta Dist = 11.300 | Delta Dist 10 = 11.734 | Delta Dist 100 = 11.314 | Delta Dist 1000 = 11.555 | Episode Length = 50 | Episode Return = 17.0 | Evaluator Episodes = 6033 | Evaluator Steps = 301650 | Final Dist = 1.507 | Final Dist 10 = 1.072 | Final Dist 100 = 1.492 | Final Dist 1000 = 1.251 | Init Dist = 12.806 | Init Dist 10 = 12.806 | Init Dist 100 = 12.806 | Init Dist 1000 = 12.806 | Learner Steps = 18436 | Learner Walltime = 3629.536 | Min Dist = 0.247 | Min Dist 10 = 0.169 | Min Dist 100 = 0.696 | Min Dist 1000 = 0.539 | Steps Per Second = 81.699 | Success = 1.000 | Success 1000 = 0.934
I0502 16:06:47.791625 139579566835264 terminal.py:91] [Evaluator] Actor Episodes = 23809 | Actor Steps = 1190450 | Delta Dist = 12.465 | Delta Dist 10 = 11.659 | Delta Dist 100 = 11.310 | Delta Dist 1000 = 11.554 | Episode Length = 50 | Episode Return = 30.0 | Evaluator Episodes = 6035 | Evaluator Steps = 301750 | Final Dist = 0.342 | Final Dist 10 = 1.148 | Final Dist 100 = 1.496 | Final Dist 1000 = 1.252 | Init Dist = 12.806 | Init Dist 10 = 12.806 | Init Dist 100 = 12.806 | Init Dist 1000 = 12.806 | Learner Steps = 18443 | Learner Walltime = 3630.863 | Min Dist = 0.091 | Min Dist 10 = 0.185 | Min Dist 100 = 0.693 | Min Dist 1000 = 0.540 | Steps Per Second = 71.139 | Success = 1.000 | Success 1000 = 0.934
I0502 16:06:48.472040 139557462840896 terminal.py:91] [Actor] Actor Episodes = 23812 | Actor Steps = 1190600 | Delta Dist = 8.075 | Delta Dist 10 = 4.850 | Delta Dist 100 = 3.948 | Delta Dist 1000 = 4.484 | Episode Length = 50 | Episode Return = 42.0 | Evaluator Episodes = 6035 | Evaluator Steps = 301750 | Final Dist = 0.469 | Final Dist 10 = 0.695 | Final Dist 100 = 1.573 | Final Dist 1000 = 1.478 | Init Dist = 8.544 | Init Dist 10 = 5.545 | Init Dist 100 = 5.521 | Init Dist 1000 = 5.962 | Learner Steps = 18443 | Learner Walltime = 3630.863 | Min Dist = 0.032 | Min Dist 10 = 0.078 | Min Dist 100 = 0.282 | Min Dist 1000 = 0.239 | Steps Per Second = 78.319 | Success = 1.000 | Success 1000 = 0.990
I0502 16:06:49.082093 139579566835264 terminal.py:91] [Evaluator] Actor Episodes = 23817 | Actor Steps = 1190850 | Delta Dist = 5.213 | Delta Dist 10 = 11.721 | Delta Dist 100 = 11.318 | Delta Dist 1000 = 11.555 | Episode Length = 50 | Episode Return = 0.0 | Evaluator Episodes = 6037 | Evaluator Steps = 301850 | Final Dist = 7.593 | Final Dist 10 = 1.085 | Final Dist 100 = 1.488 | Final Dist 1000 = 1.252 | Init Dist = 12.806 | Init Dist 10 = 12.806 | Init Dist 100 = 12.806 | Init Dist 1000 = 12.806 | Learner Steps = 18455 | Learner Walltime = 3633.149 | Min Dist = 7.128 | Min Dist 10 = 0.167 | Min Dist 100 = 0.694 | Min Dist 1000 = 0.539 | Steps Per Second = 81.362 | Success = 0.000 | Success 1000 = 0.934
I0502 16:06:50.309700 139579566835264 terminal.py:91] [Evaluator] Actor Episodes = 23825 | Actor Steps = 1191250 | Delta Dist = 12.414 | Delta Dist 10 = 10.303 | Delta Dist 100 = 11.170 | Delta Dist 1000 = 11.542 | Episode Length = 50 | Episode Return = 26.0 | Evaluator Episodes = 6039 | Evaluator Steps = 301950 | Final Dist = 0.392 | Final Dist 10 = 2.503 | Final Dist 100 = 1.636 | Final Dist 1000 = 1.264 | Init Dist = 12.806 | Init Dist 10 = 12.806 | Init Dist 100 = 12.806 | Init Dist 1000 = 12.806 | Learner Steps = 18460 | Learner Walltime = 3634.373 | Min Dist = 0.083 | Min Dist 10 = 1.531 | Min Dist 100 = 0.831 | Min Dist 1000 = 0.550 | Steps Per Second = 79.487 | Success = 1.000 | Success 1000 = 0.933
I0502 16:06:51.500185 139579566835264 terminal.py:91] [Evaluator] Actor Episodes = 23833 | Actor Steps = 1191650 | Delta Dist = 12.672 | Delta Dist 10 = 10.311 | Delta Dist 100 = 11.171 | Delta Dist 1000 = 11.543 | Episode Length = 50 | Episode Return = 32.0 | Evaluator Episodes = 6041 | Evaluator Steps = 302050 | Final Dist = 0.134 | Final Dist 10 = 2.495 | Final Dist 100 = 1.635 | Final Dist 1000 = 1.264 | Init Dist = 12.806 | Init Dist 10 = 12.806 | Init Dist 100 = 12.806 | Init Dist 1000 = 12.806 | Learner Steps = 18465 | Learner Walltime = 3635.376 | Min Dist = 0.108 | Min Dist 10 = 1.592 | Min Dist 100 = 0.836 | Min Dist 1000 = 0.551 | Steps Per Second = 88.833 | Success = 1.000 | Success 1000 = 0.933
I0502 16:06:51.633120 139584504182336 lp_utils.py:96] StepsLimiter: Reached 1191750 recorded steps
I0502 16:06:52.708118 139579566835264 terminal.py:91] [Evaluator] Actor Episodes = 23841 | Actor Steps = 1192050 | Delta Dist = 12.475 | Delta Dist 10 = 10.526 | Delta Dist 100 = 11.253 | Delta Dist 1000 = 11.544 | Episode Length = 50 | Episode Return = 18.0 | Evaluator Episodes = 6043 | Evaluator Steps = 302150 | Final Dist = 0.331 | Final Dist 10 = 2.280 | Final Dist 100 = 1.553 | Final Dist 1000 = 1.262 | Init Dist = 12.806 | Init Dist 10 = 12.806 | Init Dist 100 = 12.806 | Init Dist 1000 = 12.806 | Learner Steps = 18471 | Learner Walltime = 3636.447 | Min Dist = 0.181 | Min Dist 10 = 1.597 | Min Dist 100 = 0.768 | Min Dist 1000 = 0.551 | Steps Per Second = 88.168 | Success = 1.000 | Success 1000 = 0.933
I0502 16:06:53.213841 139558059398720 terminal.py:91] [Actor] Actor Episodes = 23842 | Actor Steps = 1192100 | Delta Dist = 8.062 | Delta Dist 10 = 4.166 | Delta Dist 100 = 4.313 | Delta Dist 1000 = 4.487 | Episode Length = 50 | Episode Return = 30.0 | Evaluator Episodes = 6041 | Evaluator Steps = 302050 | Final Dist = 0.482 | Final Dist 10 = 2.293 | Final Dist 100 = 1.439 | Final Dist 1000 = 1.484 | Init Dist = 8.544 | Init Dist 10 = 6.460 | Init Dist 100 = 5.753 | Init Dist 1000 = 5.971 | Learner Steps = 18471 | Learner Walltime = 3636.447 | Min Dist = 0.072 | Min Dist 10 = 0.069 | Min Dist 100 = 0.223 | Min Dist 1000 = 0.232 | Steps Per Second = 78.310 | Success = 1.000 | Success 1000 = 0.990
I0502 16:06:53.597600 139555013154368 terminal.py:91] [Learner] Actor Episodes = 23847 | Actor Loss = 3.679128885269165 | Actor Steps = 1192350 | Binary Accuracy = 0.9960746765136719 | Categorical Accuracy = 0.4329833984375 | Critic Loss = 1.8210639953613281 | Entropy Mean = -19.46297836303711 | Evaluator Episodes = 6043 | Evaluator Steps = 302150 | Learner Steps = 18478 | Learner Walltime = 3637.791 | Logits Neg = -17.059953689575195 | Logits Pos = -1.8177151679992676 | Logsumexp = 1.2204371690750122 | Steps Per Second = 235.386
I0502 16:06:54.010432 139579566835264 terminal.py:91] [Evaluator] Actor Episodes = 23849 | Actor Steps = 1192450 | Delta Dist = 12.672 | Delta Dist 10 = 10.788 | Delta Dist 100 = 11.263 | Delta Dist 1000 = 11.553 | Episode Length = 50 | Episode Return = 34.0 | Evaluator Episodes = 6045 | Evaluator Steps = 302250 | Final Dist = 0.134 | Final Dist 10 = 2.018 | Final Dist 100 = 1.543 | Final Dist 1000 = 1.253 | Init Dist = 12.806 | Init Dist 10 = 12.806 | Init Dist 100 = 12.806 | Init Dist 1000 = 12.806 | Learner Steps = 18476 | Learner Walltime = 3637.463 | Min Dist = 0.044 | Min Dist 10 = 1.581 | Min Dist 100 = 0.768 | Min Dist 1000 = 0.544 | Steps Per Second = 76.351 | Success = 1.000 | Success 1000 = 0.934
I0502 16:06:55.279006 139555860620864 terminal.py:91] [Actor] Actor Episodes = 23856 | Actor Steps = 1192800 | Delta Dist = 7.903 | Delta Dist 10 = 4.639 | Delta Dist 100 = 4.620 | Delta Dist 1000 = 4.486 | Episode Length = 50 | Episode Return = 50.0 | Evaluator Episodes = 6045 | Evaluator Steps = 302250 | Final Dist = 0.159 | Final Dist 10 = 0.761 | Final Dist 100 = 1.214 | Final Dist 1000 = 1.471 | Init Dist = 8.062 | Init Dist 10 = 5.400 | Init Dist 100 = 5.835 | Init Dist 1000 = 5.957 | Learner Steps = 18482 | Learner Walltime = 3638.507 | Min Dist = 0.086 | Min Dist 10 = 0.056 | Min Dist 100 = 0.138 | Min Dist 1000 = 0.226 | Steps Per Second = 72.697 | Success = 1.000 | Success 1000 = 0.990
I0502 16:06:55.338568 139579566835264 terminal.py:91] [Evaluator] Actor Episodes = 23857 | Actor Steps = 1192850 | Delta Dist = 11.458 | Delta Dist 10 = 10.788 | Delta Dist 100 = 11.280 | Delta Dist 1000 = 11.560 | Episode Length = 50 | Episode Return = 23.0 | Evaluator Episodes = 6047 | Evaluator Steps = 302350 | Final Dist = 1.349 | Final Dist 10 = 2.018 | Final Dist 100 = 1.526 | Final Dist 1000 = 1.246 | Init Dist = 12.806 | Init Dist 10 = 12.806 | Init Dist 100 = 12.806 | Init Dist 1000 = 12.806 | Learner Steps = 18482 | Learner Walltime = 3638.507 | Min Dist = 0.125 | Min Dist 10 = 1.579 | Min Dist 100 = 0.767 | Min Dist 1000 = 0.537 | Steps Per Second = 80.602 | Success = 1.000 | Success 1000 = 0.935
I0502 16:06:56.404925 139569349502528 terminal.py:91] [Actor] Actor Episodes = 23862 | Actor Steps = 1193100 | Delta Dist = 5.718 | Delta Dist 10 = 4.927 | Delta Dist 100 = 4.753 | Delta Dist 1000 = 4.497 | Episode Length = 50 | Episode Return = 46.0 | Evaluator Episodes = 6047 | Evaluator Steps = 302350 | Final Dist = 0.282 | Final Dist 10 = 1.179 | Final Dist 100 = 1.226 | Final Dist 1000 = 1.471 | Init Dist = 6.000 | Init Dist 10 = 6.106 | Init Dist 100 = 5.979 | Init Dist 1000 = 5.968 | Learner Steps = 18486 | Learner Walltime = 3639.581 | Min Dist = 0.046 | Min Dist 10 = 0.177 | Min Dist 100 = 0.141 | Min Dist 1000 = 0.227 | Steps Per Second = 72.701 | Success = 1.000 | Success 1000 = 0.990
I0502 16:06:56.553354 139584635659840 savers.py:156] Saving checkpoint: logs/contrastive_cpc_point_FourRooms_64/5dd72662-2788-11f0-b183-d85ed38c5779/checkpoints/counter
I0502 16:06:56.623014 139579566835264 terminal.py:91] [Evaluator] Actor Episodes = 23865 | Actor Steps = 1193250 | Delta Dist = 12.394 | Delta Dist 10 = 12.178 | Delta Dist 100 = 11.273 | Delta Dist 1000 = 11.560 | Episode Length = 50 | Episode Return = 29.0 | Evaluator Episodes = 6049 | Evaluator Steps = 302450 | Final Dist = 0.412 | Final Dist 10 = 0.628 | Final Dist 100 = 1.533 | Final Dist 1000 = 1.246 | Init Dist = 12.806 | Init Dist 10 = 12.806 | Init Dist 100 = 12.806 | Init Dist 1000 = 12.806 | Learner Steps = 18492 | Learner Walltime = 3640.714 | Min Dist = 0.129 | Min Dist 10 = 0.219 | Min Dist 100 = 0.769 | Min Dist 1000 = 0.537 | Steps Per Second = 73.348 | Success = 1.000 | Success 1000 = 0.935
I0502 16:06:57.605237 139583350109760 savers.py:156] Saving checkpoint: logs/contrastive_cpc_point_FourRooms_64/5dd72662-2788-11f0-b183-d85ed38c5779/checkpoints/learner
I0502 16:06:57.935341 139579566835264 terminal.py:91] [Evaluator] Actor Episodes = 23873 | Actor Steps = 1193650 | Delta Dist = 11.791 | Delta Dist 10 = 12.202 | Delta Dist 100 = 11.274 | Delta Dist 1000 = 11.560 | Episode Length = 50 | Episode Return = 9.0 | Evaluator Episodes = 6051 | Evaluator Steps = 302550 | Final Dist = 1.016 | Final Dist 10 = 0.605 | Final Dist 100 = 1.532 | Final Dist 1000 = 1.247 | Init Dist = 12.806 | Init Dist 10 = 12.806 | Init Dist 100 = 12.806 | Init Dist 1000 = 12.806 | Learner Steps = 18497 | Learner Walltime = 3641.757 | Min Dist = 0.195 | Min Dist 10 = 0.176 | Min Dist 100 = 0.773 | Min Dist 1000 = 0.537 | Steps Per Second = 73.999 | Success = 1.000 | Success 1000 = 0.935
I0502 16:06:58.680865 139557462840896 terminal.py:91] [Actor] Actor Episodes = 23876 | Actor Steps = 1193800 | Delta Dist = 8.153 | Delta Dist 10 = 4.710 | Delta Dist 100 = 4.773 | Delta Dist 1000 = 4.499 | Episode Length = 50 | Episode Return = 48.0 | Evaluator Episodes = 6051 | Evaluator Steps = 302550 | Final Dist = 0.333 | Final Dist 10 = 0.656 | Final Dist 100 = 1.249 | Final Dist 1000 = 1.461 | Init Dist = 8.485 | Init Dist 10 = 5.365 | Init Dist 100 = 6.022 | Init Dist 1000 = 5.959 | Learner Steps = 18497 | Learner Walltime = 3641.757 | Min Dist = 0.022 | Min Dist 10 = 0.136 | Min Dist 100 = 0.144 | Min Dist 1000 = 0.223 | Steps Per Second = 77.783 | Success = 1.000 | Success 1000 = 0.990
I0502 16:06:59.058157 139579566835264 terminal.py:91] [Evaluator] Actor Episodes = 23881 | Actor Steps = 1194050 | Delta Dist = 11.489 | Delta Dist 10 = 12.120 | Delta Dist 100 = 11.270 | Delta Dist 1000 = 11.560 | Episode Length = 50 | Episode Return = 9.0 | Evaluator Episodes = 6053 | Evaluator Steps = 302650 | Final Dist = 1.317 | Final Dist 10 = 0.686 | Final Dist 100 = 1.537 | Final Dist 1000 = 1.246 | Init Dist = 12.806 | Init Dist 10 = 12.806 | Init Dist 100 = 12.806 | Init Dist 1000 = 12.806 | Learner Steps = 18502 | Learner Walltime = 3642.836 | Min Dist = 0.358 | Min Dist 10 = 0.194 | Min Dist 100 = 0.776 | Min Dist 1000 = 0.538 | Steps Per Second = 86.093 | Success = 1.000 | Success 1000 = 0.935
I0502 16:07:00.307805 139579566835264 terminal.py:91] [Evaluator] Actor Episodes = 23889 | Actor Steps = 1194450 | Delta Dist = 11.414 | Delta Dist 10 = 12.023 | Delta Dist 100 = 11.275 | Delta Dist 1000 = 11.560 | Episode Length = 50 | Episode Return = 5.0 | Evaluator Episodes = 6055 | Evaluator Steps = 302750 | Final Dist = 1.392 | Final Dist 10 = 0.783 | Final Dist 100 = 1.531 | Final Dist 1000 = 1.246 | Init Dist = 12.806 | Init Dist 10 = 12.806 | Init Dist 100 = 12.806 | Init Dist 1000 = 12.806 | Learner Steps = 18508 | Learner Walltime = 3644.116 | Min Dist = 0.115 | Min Dist 10 = 0.236 | Min Dist 100 = 0.780 | Min Dist 1000 = 0.538 | Steps Per Second = 91.300 | Success = 1.000 | Success 1000 = 0.935
I0502 16:07:01.433140 139579566835264 terminal.py:91] [Evaluator] Actor Episodes = 23897 | Actor Steps = 1194850 | Delta Dist = 11.626 | Delta Dist 10 = 11.836 | Delta Dist 100 = 11.266 | Delta Dist 1000 = 11.559 | Episode Length = 50 | Episode Return = 1.0 | Evaluator Episodes = 6057 | Evaluator Steps = 302850 | Final Dist = 1.180 | Final Dist 10 = 0.970 | Final Dist 100 = 1.540 | Final Dist 1000 = 1.247 | Init Dist = 12.806 | Init Dist 10 = 12.806 | Init Dist 100 = 12.806 | Init Dist 1000 = 12.806 | Learner Steps = 18515 | Learner Walltime = 3645.477 | Min Dist = 0.038 | Min Dist 10 = 0.272 | Min Dist 100 = 0.775 | Min Dist 1000 = 0.538 | Steps Per Second = 97.098 | Success = 1.000 | Success 1000 = 0.935
I0502 16:07:01.654752 139584504182336 lp_utils.py:96] StepsLimiter: Reached 1194850 recorded steps
I0502 16:07:02.487915 139579566835264 terminal.py:91] [Evaluator] Actor Episodes = 23905 | Actor Steps = 1195250 | Delta Dist = 11.392 | Delta Dist 10 = 11.750 | Delta Dist 100 = 11.261 | Delta Dist 1000 = 11.558 | Episode Length = 50 | Episode Return = 3.0 | Evaluator Episodes = 6059 | Evaluator Steps = 302950 | Final Dist = 1.414 | Final Dist 10 = 1.056 | Final Dist 100 = 1.545 | Final Dist 1000 = 1.248 | Init Dist = 12.806 | Init Dist 10 = 12.806 | Init Dist 100 = 12.806 | Init Dist 1000 = 12.806 | Learner Steps = 18515 | Learner Walltime = 3645.477 | Min Dist = 0.549 | Min Dist 10 = 0.310 | Min Dist 100 = 0.780 | Min Dist 1000 = 0.538 | Steps Per Second = 96.603 | Success = 1.000 | Success 1000 = 0.935
I0502 16:07:03.711825 139579566835264 terminal.py:91] [Evaluator] Actor Episodes = 23911 | Actor Steps = 1195550 | Delta Dist = 12.368 | Delta Dist 10 = 11.701 | Delta Dist 100 = 11.263 | Delta Dist 1000 = 11.558 | Episode Length = 50 | Episode Return = 17.0 | Evaluator Episodes = 6061 | Evaluator Steps = 303050 | Final Dist = 0.438 | Final Dist 10 = 1.105 | Final Dist 100 = 1.543 | Final Dist 1000 = 1.248 | Init Dist = 12.806 | Init Dist 10 = 12.806 | Init Dist 100 = 12.806 | Init Dist 1000 = 12.806 | Learner Steps = 18522 | Learner Walltime = 3646.756 | Min Dist = 0.268 | Min Dist 10 = 0.355 | Min Dist 100 = 0.784 | Min Dist 1000 = 0.539 | Steps Per Second = 89.328 | Success = 1.000 | Success 1000 = 0.935
I0502 16:07:03.766123 139558059398720 terminal.py:91] [Actor] Actor Episodes = 23913 | Actor Steps = 1195650 | Delta Dist = 7.358 | Delta Dist 10 = 5.349 | Delta Dist 100 = 4.762 | Delta Dist 1000 = 4.512 | Episode Length = 50 | Episode Return = 34.0 | Evaluator Episodes = 6061 | Evaluator Steps = 303050 | Final Dist = 0.258 | Final Dist 10 = 0.702 | Final Dist 100 = 1.025 | Final Dist 1000 = 1.425 | Init Dist = 7.616 | Init Dist 10 = 6.051 | Init Dist 100 = 5.787 | Init Dist 1000 = 5.937 | Learner Steps = 18522 | Learner Walltime = 3646.756 | Min Dist = 0.071 | Min Dist 10 = 0.062 | Min Dist 100 = 0.091 | Min Dist 1000 = 0.209 | Steps Per Second = 77.522 | Success = 1.000 | Success 1000 = 0.991
I0502 16:07:03.789715 139555013154368 terminal.py:91] [Learner] Actor Episodes = 23913 | Actor Loss = 3.7001099586486816 | Actor Steps = 1195650 | Binary Accuracy = 0.9960110187530518 | Categorical Accuracy = 0.4249267578125 | Critic Loss = 1.826692819595337 | Entropy Mean = -20.460956573486328 | Evaluator Episodes = 6061 | Evaluator Steps = 303050 | Learner Steps = 18528 | Learner Walltime = 3647.981 | Logits Neg = -17.153823852539062 | Logits Pos = -1.8147034645080566 | Logsumexp = 1.2155840396881104 | Steps Per Second = 204.780
I0502 16:07:04.968495 139579566835264 terminal.py:91] [Evaluator] Actor Episodes = 23919 | Actor Steps = 1195950 | Delta Dist = 12.162 | Delta Dist 10 = 11.648 | Delta Dist 100 = 11.261 | Delta Dist 1000 = 11.558 | Episode Length = 50 | Episode Return = 8.0 | Evaluator Episodes = 6063 | Evaluator Steps = 303150 | Final Dist = 0.644 | Final Dist 10 = 1.158 | Final Dist 100 = 1.545 | Final Dist 1000 = 1.248 | Init Dist = 12.806 | Init Dist 10 = 12.806 | Init Dist 100 = 12.806 | Init Dist 1000 = 12.806 | Learner Steps = 18528 | Learner Walltime = 3647.981 | Min Dist = 0.132 | Min Dist 10 = 0.349 | Min Dist 100 = 0.787 | Min Dist 1000 = 0.539 | Steps Per Second = 77.331 | Success = 1.000 | Success 1000 = 0.935
I0502 16:07:05.565107 139555860620864 terminal.py:91] [Actor] Actor Episodes = 23920 | Actor Steps = 1196000 | Delta Dist = 5.581 | Delta Dist 10 = 4.762 | Delta Dist 100 = 4.759 | Delta Dist 1000 = 4.507 | Episode Length = 50 | Episode Return = 31.0 | Evaluator Episodes = 6061 | Evaluator Steps = 303050 | Final Dist = 0.076 | Final Dist 10 = 0.746 | Final Dist 100 = 0.985 | Final Dist 1000 = 1.417 | Init Dist = 5.657 | Init Dist 10 = 5.508 | Init Dist 100 = 5.744 | Init Dist 1000 = 5.924 | Learner Steps = 18528 | Learner Walltime = 3647.981 | Min Dist = 0.015 | Min Dist 10 = 0.089 | Min Dist 100 = 0.087 | Min Dist 1000 = 0.209 | Steps Per Second = 81.092 | Success = 1.000 | Success 1000 = 0.991
I0502 16:07:06.232485 139579566835264 terminal.py:91] [Evaluator] Actor Episodes = 23925 | Actor Steps = 1196250 | Delta Dist = 11.884 | Delta Dist 10 = 11.717 | Delta Dist 100 = 11.271 | Delta Dist 1000 = 11.558 | Episode Length = 50 | Episode Return = 20.0 | Evaluator Episodes = 6065 | Evaluator Steps = 303250 | Final Dist = 0.922 | Final Dist 10 = 1.090 | Final Dist 100 = 1.535 | Final Dist 1000 = 1.248 | Init Dist = 12.806 | Init Dist 10 = 12.806 | Init Dist 100 = 12.806 | Init Dist 1000 = 12.806 | Learner Steps = 18534 | Learner Walltime = 3649.251 | Min Dist = 0.042 | Min Dist 10 = 0.308 | Min Dist 100 = 0.784 | Min Dist 1000 = 0.539 | Steps Per Second = 75.875 | Success = 1.000 | Success 1000 = 0.935
I0502 16:07:06.437430 139569349502528 terminal.py:91] [Actor] Actor Episodes = 23926 | Actor Steps = 1196300 | Delta Dist = 1.274 | Delta Dist 10 = 4.612 | Delta Dist 100 = 4.709 | Delta Dist 1000 = 4.511 | Episode Length = 50 | Episode Return = 34.0 | Evaluator Episodes = 6063 | Evaluator Steps = 303150 | Final Dist = 0.141 | Final Dist 10 = 1.986 | Final Dist 100 = 1.089 | Final Dist 1000 = 1.422 | Init Dist = 1.414 | Init Dist 10 = 6.598 | Init Dist 100 = 5.799 | Init Dist 1000 = 5.934 | Learner Steps = 18534 | Learner Walltime = 3649.251 | Min Dist = 0.000 | Min Dist 10 = 0.969 | Min Dist 100 = 0.173 | Min Dist 1000 = 0.212 | Steps Per Second = 77.539 | Success = 1.000 | Success 1000 = 0.991
I0502 16:07:07.430568 139579566835264 terminal.py:91] [Evaluator] Actor Episodes = 23935 | Actor Steps = 1196750 | Delta Dist = 12.539 | Delta Dist 10 = 11.864 | Delta Dist 100 = 11.327 | Delta Dist 1000 = 11.559 | Episode Length = 50 | Episode Return = 19.0 | Evaluator Episodes = 6067 | Evaluator Steps = 303350 | Final Dist = 0.268 | Final Dist 10 = 0.943 | Final Dist 100 = 1.479 | Final Dist 1000 = 1.247 | Init Dist = 12.806 | Init Dist 10 = 12.806 | Init Dist 100 = 12.806 | Init Dist 1000 = 12.806 | Learner Steps = 18540 | Learner Walltime = 3650.535 | Min Dist = 0.268 | Min Dist 10 = 0.300 | Min Dist 100 = 0.736 | Min Dist 1000 = 0.539 | Steps Per Second = 85.241 | Success = 1.000 | Success 1000 = 0.935
I0502 16:07:08.688748 139579566835264 terminal.py:91] [Evaluator] Actor Episodes = 23941 | Actor Steps = 1197050 | Delta Dist = 11.747 | Delta Dist 10 = 12.027 | Delta Dist 100 = 11.330 | Delta Dist 1000 = 11.560 | Episode Length = 50 | Episode Return = 4.0 | Evaluator Episodes = 6069 | Evaluator Steps = 303450 | Final Dist = 1.059 | Final Dist 10 = 0.779 | Final Dist 100 = 1.476 | Final Dist 1000 = 1.246 | Init Dist = 12.806 | Init Dist 10 = 12.806 | Init Dist 100 = 12.806 | Init Dist 1000 = 12.806 | Learner Steps = 18546 | Learner Walltime = 3651.720 | Min Dist = 0.577 | Min Dist 10 = 0.278 | Min Dist 100 = 0.740 | Min Dist 1000 = 0.539 | Steps Per Second = 73.744 | Success = 1.000 | Success 1000 = 0.935
I0502 16:07:08.855251 139557462840896 terminal.py:91] [Actor] Actor Episodes = 23940 | Actor Steps = 1197000 | Delta Dist = 9.231 | Delta Dist 10 = 3.796 | Delta Dist 100 = 4.675 | Delta Dist 1000 = 4.518 | Episode Length = 50 | Episode Return = 34.0 | Evaluator Episodes = 6067 | Evaluator Steps = 303350 | Final Dist = 0.255 | Final Dist 10 = 1.355 | Final Dist 100 = 1.061 | Final Dist 1000 = 1.423 | Init Dist = 9.487 | Init Dist 10 = 5.151 | Init Dist 100 = 5.736 | Init Dist 1000 = 5.940 | Learner Steps = 18546 | Learner Walltime = 3651.720 | Min Dist = 0.012 | Min Dist 10 = 0.043 | Min Dist 100 = 0.176 | Min Dist 1000 = 0.211 | Steps Per Second = 69.064 | Success = 1.000 | Success 1000 = 0.991
I0502 16:07:09.886198 139579566835264 terminal.py:91] [Evaluator] Actor Episodes = 23949 | Actor Steps = 1197450 | Delta Dist = 11.907 | Delta Dist 10 = 11.980 | Delta Dist 100 = 11.328 | Delta Dist 1000 = 11.559 | Episode Length = 50 | Episode Return = 13.0 | Evaluator Episodes = 6071 | Evaluator Steps = 303550 | Final Dist = 0.899 | Final Dist 10 = 0.826 | Final Dist 100 = 1.478 | Final Dist 1000 = 1.247 | Init Dist = 12.806 | Init Dist 10 = 12.806 | Init Dist 100 = 12.806 | Init Dist 1000 = 12.806 | Learner Steps = 18553 | Learner Walltime = 3653.070 | Min Dist = 0.240 | Min Dist 10 = 0.252 | Min Dist 100 = 0.741 | Min Dist 1000 = 0.540 | Steps Per Second = 83.264 | Success = 1.000 | Success 1000 = 0.935
I0502 16:07:11.139866 139579566835264 terminal.py:91] [Evaluator] Actor Episodes = 23957 | Actor Steps = 1197850 | Delta Dist = 12.167 | Delta Dist 10 = 11.414 | Delta Dist 100 = 11.273 | Delta Dist 1000 = 11.555 | Episode Length = 50 | Episode Return = 36.0 | Evaluator Episodes = 6073 | Evaluator Steps = 303650 | Final Dist = 0.639 | Final Dist 10 = 1.392 | Final Dist 100 = 1.533 | Final Dist 1000 = 1.252 | Init Dist = 12.806 | Init Dist 10 = 12.806 | Init Dist 100 = 12.806 | Init Dist 1000 = 12.806 | Learner Steps = 18559 | Learner Walltime = 3654.332 | Min Dist = 0.423 | Min Dist 10 = 0.909 | Min Dist 100 = 0.808 | Min Dist 1000 = 0.546 | Steps Per Second = 74.715 | Success = 1.000 | Success 1000 = 0.934
I0502 16:07:11.674532 139584504182336 lp_utils.py:96] StepsLimiter: Reached 1198050 recorded steps
I0502 16:07:12.359087 139579566835264 terminal.py:91] [Evaluator] Actor Episodes = 23965 | Actor Steps = 1198250 | Delta Dist = 11.414 | Delta Dist 10 = 11.372 | Delta Dist 100 = 11.281 | Delta Dist 1000 = 11.554 | Episode Length = 50 | Episode Return = 24.0 | Evaluator Episodes = 6075 | Evaluator Steps = 303750 | Final Dist = 1.393 | Final Dist 10 = 1.434 | Final Dist 100 = 1.525 | Final Dist 1000 = 1.252 | Init Dist = 12.806 | Init Dist 10 = 12.806 | Init Dist 100 = 12.806 | Init Dist 1000 = 12.806 | Learner Steps = 18565 | Learner Walltime = 3655.608 | Min Dist = 0.165 | Min Dist 10 = 0.942 | Min Dist 100 = 0.814 | Min Dist 1000 = 0.546 | Steps Per Second = 84.508 | Success = 1.000 | Success 1000 = 0.934
I0502 16:07:13.599742 139579566835264 terminal.py:91] [Evaluator] Actor Episodes = 23971 | Actor Steps = 1198550 | Delta Dist = 12.037 | Delta Dist 10 = 11.275 | Delta Dist 100 = 11.354 | Delta Dist 1000 = 11.561 | Episode Length = 50 | Episode Return = 2.0 | Evaluator Episodes = 6077 | Evaluator Steps = 303850 | Final Dist = 0.769 | Final Dist 10 = 1.531 | Final Dist 100 = 1.453 | Final Dist 1000 = 1.245 | Init Dist = 12.806 | Init Dist 10 = 12.806 | Init Dist 100 = 12.806 | Init Dist 1000 = 12.806 | Learner Steps = 18571 | Learner Walltime = 3656.882 | Min Dist = 0.533 | Min Dist 10 = 0.971 | Min Dist 100 = 0.753 | Min Dist 1000 = 0.540 | Steps Per Second = 81.627 | Success = 1.000 | Success 1000 = 0.935
I0502 16:07:13.924893 139558059398720 terminal.py:91] [Actor] Actor Episodes = 23977 | Actor Steps = 1198850 | Delta Dist = 0.999 | Delta Dist 10 = 4.850 | Delta Dist 100 = 4.390 | Delta Dist 1000 = 4.482 | Episode Length = 50 | Episode Return = 24.0 | Evaluator Episodes = 6077 | Evaluator Steps = 303850 | Final Dist = 1.237 | Final Dist 10 = 1.131 | Final Dist 100 = 1.125 | Final Dist 1000 = 1.432 | Init Dist = 2.236 | Init Dist 10 = 5.981 | Init Dist 100 = 5.514 | Init Dist 1000 = 5.914 | Learner Steps = 18577 | Learner Walltime = 3657.945 | Min Dist = 0.023 | Min Dist 10 = 0.093 | Min Dist 100 = 0.167 | Min Dist 1000 = 0.211 | Steps Per Second = 75.820 | Success = 1.000 | Success 1000 = 0.991
I0502 16:07:14.049604 139555013154368 terminal.py:91] [Learner] Actor Episodes = 23973 | Actor Loss = 3.6404218673706055 | Actor Steps = 1198650 | Binary Accuracy = 0.9959805011749268 | Categorical Accuracy = 0.42169189453125 | Critic Loss = 1.8568254709243774 | Entropy Mean = -17.921613693237305 | Evaluator Episodes = 6077 | Evaluator Steps = 303850 | Learner Steps = 18578 | Learner Walltime = 3658.244 | Logits Neg = -16.689516067504883 | Logits Pos = -1.8238054513931274 | Logsumexp = 1.164459466934204 | Steps Per Second = 214.531
I0502 16:07:14.724006 139579566835264 terminal.py:91] [Evaluator] Actor Episodes = 23979 | Actor Steps = 1198950 | Delta Dist = 11.931 | Delta Dist 10 = 11.307 | Delta Dist 100 = 11.426 | Delta Dist 1000 = 11.561 | Episode Length = 50 | Episode Return = 12.0 | Evaluator Episodes = 6079 | Evaluator Steps = 303950 | Final Dist = 0.876 | Final Dist 10 = 1.499 | Final Dist 100 = 1.380 | Final Dist 1000 = 1.245 | Init Dist = 12.806 | Init Dist 10 = 12.806 | Init Dist 100 = 12.806 | Init Dist 1000 = 12.806 | Learner Steps = 18577 | Learner Walltime = 3657.945 | Min Dist = 0.007 | Min Dist 10 = 0.982 | Min Dist 100 = 0.696 | Min Dist 1000 = 0.541 | Steps Per Second = 94.641 | Success = 1.000 | Success 1000 = 0.935
I0502 16:07:15.595779 139555860620864 terminal.py:91] [Actor] Actor Episodes = 23984 | Actor Steps = 1199200 | Delta Dist = 3.757 | Delta Dist 10 = 1.985 | Delta Dist 100 = 4.041 | Delta Dist 1000 = 4.444 | Episode Length = 50 | Episode Return = 24.0 | Evaluator Episodes = 6079 | Evaluator Steps = 303950 | Final Dist = 0.715 | Final Dist 10 = 3.668 | Final Dist 100 = 1.349 | Final Dist 1000 = 1.461 | Init Dist = 4.472 | Init Dist 10 = 5.653 | Init Dist 100 = 5.390 | Init Dist 1000 = 5.905 | Learner Steps = 18577 | Learner Walltime = 3657.945 | Min Dist = 0.031 | Min Dist 10 = 0.078 | Min Dist 100 = 0.169 | Min Dist 1000 = 0.211 | Steps Per Second = 97.013 | Success = 1.000 | Success 1000 = 0.991
I0502 16:07:16.016085 139579566835264 terminal.py:91] [Evaluator] Actor Episodes = 23987 | Actor Steps = 1199350 | Delta Dist = 11.415 | Delta Dist 10 = 11.401 | Delta Dist 100 = 11.438 | Delta Dist 1000 = 11.561 | Episode Length = 50 | Episode Return = 23.0 | Evaluator Episodes = 6081 | Evaluator Steps = 304050 | Final Dist = 1.391 | Final Dist 10 = 1.405 | Final Dist 100 = 1.368 | Final Dist 1000 = 1.245 | Init Dist = 12.806 | Init Dist 10 = 12.806 | Init Dist 100 = 12.806 | Init Dist 1000 = 12.806 | Learner Steps = 18583 | Learner Walltime = 3659.370 | Min Dist = 0.150 | Min Dist 10 = 0.937 | Min Dist 100 = 0.693 | Min Dist 1000 = 0.540 | Steps Per Second = 83.447 | Success = 1.000 | Success 1000 = 0.935
I0502 16:07:16.612535 139569349502528 terminal.py:91] [Actor] Actor Episodes = 23990 | Actor Steps = 1199500 | Delta Dist = 6.820 | Delta Dist 10 = 1.953 | Delta Dist 100 = 4.046 | Delta Dist 1000 = 4.444 | Episode Length = 50 | Episode Return = 38.0 | Evaluator Episodes = 6081 | Evaluator Steps = 304050 | Final Dist = 0.251 | Final Dist 10 = 3.570 | Final Dist 100 = 1.526 | Final Dist 1000 = 1.470 | Init Dist = 7.071 | Init Dist 10 = 5.523 | Init Dist 100 = 5.572 | Init Dist 1000 = 5.914 | Learner Steps = 18583 | Learner Walltime = 3659.370 | Min Dist = 0.230 | Min Dist 10 = 0.104 | Min Dist 100 = 0.172 | Min Dist 1000 = 0.211 | Steps Per Second = 98.504 | Success = 1.000 | Success 1000 = 0.991
I0502 16:07:17.255288 139579566835264 terminal.py:91] [Evaluator] Actor Episodes = 23995 | Actor Steps = 1199750 | Delta Dist = 11.405 | Delta Dist 10 = 11.922 | Delta Dist 100 = 11.425 | Delta Dist 1000 = 11.560 | Episode Length = 50 | Episode Return = 2.0 | Evaluator Episodes = 6083 | Evaluator Steps = 304150 | Final Dist = 1.401 | Final Dist 10 = 0.885 | Final Dist 100 = 1.382 | Final Dist 1000 = 1.246 | Init Dist = 12.806 | Init Dist 10 = 12.806 | Init Dist 100 = 12.806 | Init Dist 1000 = 12.806 | Learner Steps = 18590 | Learner Walltime = 3660.582 | Min Dist = 0.826 | Min Dist 10 = 0.356 | Min Dist 100 = 0.702 | Min Dist 1000 = 0.540 | Steps Per Second = 78.026 | Success = 1.000 | Success 1000 = 0.934
I0502 16:07:18.465551 139579566835264 terminal.py:91] [Evaluator] Actor Episodes = 24001 | Actor Steps = 1200050 | Delta Dist = 12.340 | Delta Dist 10 = 11.821 | Delta Dist 100 = 11.427 | Delta Dist 1000 = 11.558 | Episode Length = 50 | Episode Return = 13.0 | Evaluator Episodes = 6085 | Evaluator Steps = 304250 | Final Dist = 0.466 | Final Dist 10 = 0.985 | Final Dist 100 = 1.380 | Final Dist 1000 = 1.248 | Init Dist = 12.806 | Init Dist 10 = 12.806 | Init Dist 100 = 12.806 | Init Dist 1000 = 12.806 | Learner Steps = 18595 | Learner Walltime = 3661.583 | Min Dist = 0.461 | Min Dist 10 = 0.393 | Min Dist 100 = 0.709 | Min Dist 1000 = 0.541 | Steps Per Second = 85.760 | Success = 1.000 | Success 1000 = 0.934
I0502 16:07:19.152753 139557462840896 terminal.py:91] [Actor] Actor Episodes = 24004 | Actor Steps = 1200200 | Delta Dist = 6.232 | Delta Dist 10 = 3.633 | Delta Dist 100 = 3.922 | Delta Dist 1000 = 4.447 | Episode Length = 50 | Episode Return = 23.0 | Evaluator Episodes = 6085 | Evaluator Steps = 304250 | Final Dist = 0.171 | Final Dist 10 = 1.286 | Final Dist 100 = 1.652 | Final Dist 1000 = 1.476 | Init Dist = 6.403 | Init Dist 10 = 4.920 | Init Dist 100 = 5.574 | Init Dist 1000 = 5.923 | Learner Steps = 18595 | Learner Walltime = 3661.583 | Min Dist = 0.030 | Min Dist 10 = 0.069 | Min Dist 100 = 0.175 | Min Dist 1000 = 0.211 | Steps Per Second = 79.239 | Success = 1.000 | Success 1000 = 0.991
I0502 16:07:19.760458 139579566835264 terminal.py:91] [Evaluator] Actor Episodes = 24009 | Actor Steps = 1200450 | Delta Dist = 11.687 | Delta Dist 10 = 11.967 | Delta Dist 100 = 11.436 | Delta Dist 1000 = 11.559 | Episode Length = 50 | Episode Return = 22.0 | Evaluator Episodes = 6087 | Evaluator Steps = 304350 | Final Dist = 1.119 | Final Dist 10 = 0.839 | Final Dist 100 = 1.370 | Final Dist 1000 = 1.247 | Init Dist = 12.806 | Init Dist 10 = 12.806 | Init Dist 100 = 12.806 | Init Dist 1000 = 12.806 | Learner Steps = 18606 | Learner Walltime = 3663.858 | Min Dist = 0.187 | Min Dist 10 = 0.381 | Min Dist 100 = 0.712 | Min Dist 1000 = 0.542 | Steps Per Second = 79.036 | Success = 1.000 | Success 1000 = 0.934
I0502 16:07:20.928394 139579566835264 terminal.py:91] [Evaluator] Actor Episodes = 24017 | Actor Steps = 1200850 | Delta Dist = 11.446 | Delta Dist 10 = 11.881 | Delta Dist 100 = 11.434 | Delta Dist 1000 = 11.559 | Episode Length = 50 | Episode Return = 2.0 | Evaluator Episodes = 6089 | Evaluator Steps = 304450 | Final Dist = 1.360 | Final Dist 10 = 0.925 | Final Dist 100 = 1.372 | Final Dist 1000 = 1.247 | Init Dist = 12.806 | Init Dist 10 = 12.806 | Init Dist 100 = 12.806 | Init Dist 1000 = 12.806 | Learner Steps = 18611 | Learner Walltime = 3664.914 | Min Dist = 0.435 | Min Dist 10 = 0.339 | Min Dist 100 = 0.708 | Min Dist 1000 = 0.542 | Steps Per Second = 89.608 | Success = 1.000 | Success 1000 = 0.934
I0502 16:07:21.693523 139584504182336 lp_utils.py:96] StepsLimiter: Reached 1201250 recorded steps
I0502 16:07:22.120415 139579566835264 terminal.py:91] [Evaluator] Actor Episodes = 24025 | Actor Steps = 1201250 | Delta Dist = 11.730 | Delta Dist 10 = 11.795 | Delta Dist 100 = 11.499 | Delta Dist 1000 = 11.558 | Episode Length = 50 | Episode Return = 5.0 | Evaluator Episodes = 6091 | Evaluator Steps = 304550 | Final Dist = 1.076 | Final Dist 10 = 1.011 | Final Dist 100 = 1.308 | Final Dist 1000 = 1.248 | Init Dist = 12.806 | Init Dist 10 = 12.806 | Init Dist 100 = 12.806 | Init Dist 1000 = 12.806 | Learner Steps = 18617 | Learner Walltime = 3666.149 | Min Dist = 0.580 | Min Dist 10 = 0.365 | Min Dist 100 = 0.642 | Min Dist 1000 = 0.542 | Steps Per Second = 89.868 | Success = 1.000 | Success 1000 = 0.934
I0502 16:07:23.383993 139579566835264 terminal.py:91] [Evaluator] Actor Episodes = 24033 | Actor Steps = 1201650 | Delta Dist = 11.866 | Delta Dist 10 = 11.831 | Delta Dist 100 = 11.495 | Delta Dist 1000 = 11.557 | Episode Length = 50 | Episode Return = 10.0 | Evaluator Episodes = 6093 | Evaluator Steps = 304650 | Final Dist = 0.940 | Final Dist 10 = 0.975 | Final Dist 100 = 1.311 | Final Dist 1000 = 1.249 | Init Dist = 12.806 | Init Dist 10 = 12.806 | Init Dist 100 = 12.806 | Init Dist 1000 = 12.806 | Learner Steps = 18623 | Learner Walltime = 3667.432 | Min Dist = 0.270 | Min Dist 10 = 0.367 | Min Dist 100 = 0.651 | Min Dist 1000 = 0.543 | Steps Per Second = 70.702 | Success = 1.000 | Success 1000 = 0.934
I0502 16:07:24.207814 139555013154368 terminal.py:91] [Learner] Actor Episodes = 24033 | Actor Loss = 3.5923924446105957 | Actor Steps = 1201650 | Binary Accuracy = 0.9959537982940674 | Categorical Accuracy = 0.42144775390625 | Critic Loss = 1.8797664642333984 | Entropy Mean = -19.601665496826172 | Evaluator Episodes = 6091 | Evaluator Steps = 304550 | Learner Steps = 18629 | Learner Walltime = 3668.401 | Logits Neg = -16.94818115234375 | Logits Pos = -1.8696613311767578 | Logsumexp = 1.1889278888702393 | Steps Per Second = 211.540
I0502 16:07:24.378317 139558059398720 terminal.py:91] [Actor] Actor Episodes = 24038 | Actor Steps = 1201900 | Delta Dist = 4.687 | Delta Dist 10 = 3.831 | Delta Dist 100 = 3.944 | Delta Dist 1000 = 4.441 | Episode Length = 50 | Episode Return = 33.0 | Evaluator Episodes = 6093 | Evaluator Steps = 304650 | Final Dist = 0.698 | Final Dist 10 = 1.990 | Final Dist 100 = 1.591 | Final Dist 1000 = 1.476 | Init Dist = 5.385 | Init Dist 10 = 5.821 | Init Dist 100 = 5.535 | Init Dist 1000 = 5.916 | Learner Steps = 18623 | Learner Walltime = 3667.432 | Min Dist = 0.022 | Min Dist 10 = 0.760 | Min Dist 100 = 0.153 | Min Dist 1000 = 0.217 | Steps Per Second = 74.196 | Success = 1.000 | Success 1000 = 0.991
I0502 16:07:24.661486 139579566835264 terminal.py:91] [Evaluator] Actor Episodes = 24041 | Actor Steps = 1202050 | Delta Dist = 12.366 | Delta Dist 10 = 11.962 | Delta Dist 100 = 11.513 | Delta Dist 1000 = 11.558 | Episode Length = 50 | Episode Return = 8.0 | Evaluator Episodes = 6095 | Evaluator Steps = 304750 | Final Dist = 0.440 | Final Dist 10 = 0.844 | Final Dist 100 = 1.294 | Final Dist 1000 = 1.249 | Init Dist = 12.806 | Init Dist 10 = 12.806 | Init Dist 100 = 12.806 | Init Dist 1000 = 12.806 | Learner Steps = 18630 | Learner Walltime = 3668.722 | Min Dist = 0.440 | Min Dist 10 = 0.304 | Min Dist 100 = 0.649 | Min Dist 1000 = 0.543 | Steps Per Second = 83.382 | Success = 1.000 | Success 1000 = 0.934
I0502 16:07:25.855422 139579566835264 terminal.py:91] [Evaluator] Actor Episodes = 24049 | Actor Steps = 1202450 | Delta Dist = 11.990 | Delta Dist 10 = 11.954 | Delta Dist 100 = 11.518 | Delta Dist 1000 = 11.559 | Episode Length = 50 | Episode Return = 12.0 | Evaluator Episodes = 6097 | Evaluator Steps = 304850 | Final Dist = 0.816 | Final Dist 10 = 0.853 | Final Dist 100 = 1.289 | Final Dist 1000 = 1.247 | Init Dist = 12.806 | Init Dist 10 = 12.806 | Init Dist 100 = 12.806 | Init Dist 1000 = 12.806 | Learner Steps = 18636 | Learner Walltime = 3669.982 | Min Dist = 0.346 | Min Dist 10 = 0.313 | Min Dist 100 = 0.648 | Min Dist 1000 = 0.544 | Steps Per Second = 86.690 | Success = 1.000 | Success 1000 = 0.934
I0502 16:07:25.951828 139555860620864 terminal.py:91] [Actor] Actor Episodes = 24050 | Actor Steps = 1202500 | Delta Dist = 11.556 | Delta Dist 10 = 3.672 | Delta Dist 100 = 3.881 | Delta Dist 1000 = 4.421 | Episode Length = 50 | Episode Return = 27.0 | Evaluator Episodes = 6095 | Evaluator Steps = 304750 | Final Dist = 0.106 | Final Dist 10 = 2.169 | Final Dist 100 = 1.718 | Final Dist 1000 = 1.477 | Init Dist = 11.662 | Init Dist 10 = 5.841 | Init Dist 100 = 5.600 | Init Dist 1000 = 5.898 | Learner Steps = 18630 | Learner Walltime = 3668.722 | Min Dist = 0.106 | Min Dist 10 = 1.565 | Min Dist 100 = 0.295 | Min Dist 1000 = 0.232 | Steps Per Second = 78.839 | Success = 1.000 | Success 1000 = 0.991
I0502 16:07:27.120755 139579566835264 terminal.py:91] [Evaluator] Actor Episodes = 24057 | Actor Steps = 1202850 | Delta Dist = 12.194 | Delta Dist 10 = 11.942 | Delta Dist 100 = 11.504 | Delta Dist 1000 = 11.559 | Episode Length = 50 | Episode Return = 34.0 | Evaluator Episodes = 6099 | Evaluator Steps = 304950 | Final Dist = 0.612 | Final Dist 10 = 0.865 | Final Dist 100 = 1.303 | Final Dist 1000 = 1.248 | Init Dist = 12.806 | Init Dist 10 = 12.806 | Init Dist 100 = 12.806 | Init Dist 1000 = 12.806 | Learner Steps = 18636 | Learner Walltime = 3669.982 | Min Dist = 0.103 | Min Dist 10 = 0.337 | Min Dist 100 = 0.651 | Min Dist 1000 = 0.544 | Steps Per Second = 73.892 | Success = 1.000 | Success 1000 = 0.934
I0502 16:07:27.121101 139569349502528 terminal.py:91] [Actor] Actor Episodes = 24056 | Actor Steps = 1202800 | Delta Dist = 8.103 | Delta Dist 10 = 6.276 | Delta Dist 100 = 4.134 | Delta Dist 1000 = 4.448 | Episode Length = 50 | Episode Return = 5.0 | Evaluator Episodes = 6097 | Evaluator Steps = 304850 | Final Dist = 0.841 | Final Dist 10 = 1.887 | Final Dist 100 = 1.665 | Final Dist 1000 = 1.477 | Init Dist = 8.944 | Init Dist 10 = 8.163 | Init Dist 100 = 5.798 | Init Dist 1000 = 5.925 | Learner Steps = 18636 | Learner Walltime = 3669.982 | Min Dist = 0.053 | Min Dist 10 = 1.151 | Min Dist 100 = 0.304 | Min Dist 1000 = 0.232 | Steps Per Second = 68.847 | Success = 1.000 | Success 1000 = 0.990
I0502 16:07:28.484167 139579566835264 terminal.py:91] [Evaluator] Actor Episodes = 24065 | Actor Steps = 1203250 | Delta Dist = 12.202 | Delta Dist 10 = 11.978 | Delta Dist 100 = 11.501 | Delta Dist 1000 = 11.558 | Episode Length = 50 | Episode Return = 25.0 | Evaluator Episodes = 6101 | Evaluator Steps = 305050 | Final Dist = 0.604 | Final Dist 10 = 0.828 | Final Dist 100 = 1.306 | Final Dist 1000 = 1.248 | Init Dist = 12.806 | Init Dist 10 = 12.806 | Init Dist 100 = 12.806 | Init Dist 1000 = 12.806 | Learner Steps = 18643 | Learner Walltime = 3671.525 | Min Dist = 0.147 | Min Dist 10 = 0.298 | Min Dist 100 = 0.647 | Min Dist 1000 = 0.543 | Steps Per Second = 76.067 | Success = 1.000 | Success 1000 = 0.934
I0502 16:07:29.202705 139557462840896 terminal.py:91] [Actor] Actor Episodes = 24068 | Actor Steps = 1203400 | Delta Dist = 4.077 | Delta Dist 10 = 3.389 | Delta Dist 100 = 4.026 | Delta Dist 1000 = 4.446 | Episode Length = 50 | Episode Return = 23.0 | Evaluator Episodes = 6101 | Evaluator Steps = 305050 | Final Dist = 1.923 | Final Dist 10 = 2.062 | Final Dist 100 = 1.856 | Final Dist 1000 = 1.486 | Init Dist = 6.000 | Init Dist 10 = 5.451 | Init Dist 100 = 5.882 | Init Dist 1000 = 5.931 | Learner Steps = 18649 | Learner Walltime = 3672.713 | Min Dist = 0.082 | Min Dist 10 = 0.398 | Min Dist 100 = 0.339 | Min Dist 1000 = 0.229 | Steps Per Second = 84.836 | Success = 1.000 | Success 1000 = 0.990
I0502 16:07:29.721811 139579566835264 terminal.py:91] [Evaluator] Actor Episodes = 24073 | Actor Steps = 1203650 | Delta Dist = 11.732 | Delta Dist 10 = 11.535 | Delta Dist 100 = 11.448 | Delta Dist 1000 = 11.556 | Episode Length = 50 | Episode Return = 20.0 | Evaluator Episodes = 6103 | Evaluator Steps = 305150 | Final Dist = 1.075 | Final Dist 10 = 1.271 | Final Dist 100 = 1.359 | Final Dist 1000 = 1.250 | Init Dist = 12.806 | Init Dist 10 = 12.806 | Init Dist 100 = 12.806 | Init Dist 1000 = 12.806 | Learner Steps = 18649 | Learner Walltime = 3672.713 | Min Dist = 0.209 | Min Dist 10 = 0.783 | Min Dist 100 = 0.704 | Min Dist 1000 = 0.545 | Steps Per Second = 84.370 | Success = 1.000 | Success 1000 = 0.934
I0502 16:07:31.150938 139579566835264 terminal.py:91] [Evaluator] Actor Episodes = 24081 | Actor Steps = 1204050 | Delta Dist = 11.537 | Delta Dist 10 = 11.458 | Delta Dist 100 = 11.529 | Delta Dist 1000 = 11.556 | Episode Length = 50 | Episode Return = 4.0 | Evaluator Episodes = 6105 | Evaluator Steps = 305250 | Final Dist = 1.269 | Final Dist 10 = 1.348 | Final Dist 100 = 1.277 | Final Dist 1000 = 1.250 | Init Dist = 12.806 | Init Dist 10 = 12.806 | Init Dist 100 = 12.806 | Init Dist 1000 = 12.806 | Learner Steps = 18660 | Learner Walltime = 3675.278 | Min Dist = 0.329 | Min Dist 10 = 0.789 | Min Dist 100 = 0.645 | Min Dist 1000 = 0.545 | Steps Per Second = 67.479 | Success = 1.000 | Success 1000 = 0.934
I0502 16:07:31.708648 139584504182336 lp_utils.py:96] StepsLimiter: Reached 1204250 recorded steps
I0502 16:07:32.422996 139579566835264 terminal.py:91] [Evaluator] Actor Episodes = 24089 | Actor Steps = 1204450 | Delta Dist = 6.527 | Delta Dist 10 = 10.811 | Delta Dist 100 = 11.471 | Delta Dist 1000 = 11.549 | Episode Length = 50 | Episode Return = 0.0 | Evaluator Episodes = 6107 | Evaluator Steps = 305350 | Final Dist = 6.279 | Final Dist 10 = 1.995 | Final Dist 100 = 1.335 | Final Dist 1000 = 1.257 | Init Dist = 12.806 | Init Dist 10 = 12.806 | Init Dist 100 = 12.806 | Init Dist 1000 = 12.806 | Learner Steps = 18666 | Learner Walltime = 3676.599 | Min Dist = 6.279 | Min Dist 10 = 1.279 | Min Dist 100 = 0.692 | Min Dist 1000 = 0.550 | Steps Per Second = 77.271 | Success = 0.000 | Success 1000 = 0.933
I0502 16:07:33.788227 139579566835264 terminal.py:91] [Evaluator] Actor Episodes = 24097 | Actor Steps = 1204850 | Delta Dist = 12.373 | Delta Dist 10 = 10.373 | Delta Dist 100 = 11.503 | Delta Dist 1000 = 11.546 | Episode Length = 50 | Episode Return = 18.0 | Evaluator Episodes = 6109 | Evaluator Steps = 305450 | Final Dist = 0.433 | Final Dist 10 = 2.434 | Final Dist 100 = 1.303 | Final Dist 1000 = 1.261 | Init Dist = 12.806 | Init Dist 10 = 12.806 | Init Dist 100 = 12.806 | Init Dist 1000 = 12.806 | Learner Steps = 18673 | Learner Walltime = 3677.639 | Min Dist = 0.111 | Min Dist 10 = 1.876 | Min Dist 100 = 0.685 | Min Dist 1000 = 0.556 | Steps Per Second = 71.834 | Success = 1.000 | Success 1000 = 0.932
I0502 16:07:34.354934 139555013154368 terminal.py:91] [Learner] Actor Episodes = 24097 | Actor Loss = 3.586200714111328 | Actor Steps = 1204850 | Binary Accuracy = 0.9961223602294922 | Categorical Accuracy = 0.42767333984375 | Critic Loss = 1.8385802507400513 | Entropy Mean = -19.503700256347656 | Evaluator Episodes = 6107 | Evaluator Steps = 305350 | Learner Steps = 18677 | Learner Walltime = 3678.551 | Logits Neg = -17.13726043701172 | Logits Pos = -1.8136109113693237 | Logsumexp = 1.0771043300628662 | Steps Per Second = 166.147
I0502 16:07:34.930567 139558059398720 terminal.py:91] [Actor] Actor Episodes = 24102 | Actor Steps = 1205100 | Delta Dist = 9.900 | Delta Dist 10 = 3.935 | Delta Dist 100 = 4.610 | Delta Dist 1000 = 4.455 | Episode Length = 50 | Episode Return = 36.0 | Evaluator Episodes = 6109 | Evaluator Steps = 305450 | Final Dist = 0.100 | Final Dist 10 = 1.102 | Final Dist 100 = 1.451 | Final Dist 1000 = 1.487 | Init Dist = 10.000 | Init Dist 10 = 5.037 | Init Dist 100 = 6.061 | Init Dist 1000 = 5.941 | Learner Steps = 18673 | Learner Walltime = 3677.639 | Min Dist = 0.063 | Min Dist 10 = 0.126 | Min Dist 100 = 0.340 | Min Dist 1000 = 0.219 | Steps Per Second = 71.459 | Success = 1.000 | Success 1000 = 0.991
I0502 16:07:35.121214 139579566835264 terminal.py:91] [Evaluator] Actor Episodes = 24105 | Actor Steps = 1205250 | Delta Dist = 11.886 | Delta Dist 10 = 10.489 | Delta Dist 100 = 11.508 | Delta Dist 1000 = 11.548 | Episode Length = 50 | Episode Return = 10.0 | Evaluator Episodes = 6111 | Evaluator Steps = 305550 | Final Dist = 0.920 | Final Dist 10 = 2.318 | Final Dist 100 = 1.298 | Final Dist 1000 = 1.259 | Init Dist = 12.806 | Init Dist 10 = 12.806 | Init Dist 100 = 12.806 | Init Dist 1000 = 12.806 | Learner Steps = 18679 | Learner Walltime = 3678.774 | Min Dist = 0.257 | Min Dist 10 = 1.877 | Min Dist 100 = 0.680 | Min Dist 1000 = 0.556 | Steps Per Second = 70.858 | Success = 1.000 | Success 1000 = 0.932
I0502 16:07:36.390671 139555860620864 terminal.py:91] [Actor] Actor Episodes = 24114 | Actor Steps = 1205700 | Delta Dist = 6.285 | Delta Dist 10 = 5.397 | Delta Dist 100 = 4.661 | Delta Dist 1000 = 4.458 | Episode Length = 50 | Episode Return = 25.0 | Evaluator Episodes = 6111 | Evaluator Steps = 305550 | Final Dist = 0.423 | Final Dist 10 = 1.516 | Final Dist 100 = 1.535 | Final Dist 1000 = 1.492 | Init Dist = 6.708 | Init Dist 10 = 6.914 | Init Dist 100 = 6.197 | Init Dist 1000 = 5.950 | Learner Steps = 18683 | Learner Walltime = 3679.906 | Min Dist = 0.022 | Min Dist 10 = 0.139 | Min Dist 100 = 0.347 | Min Dist 1000 = 0.219 | Steps Per Second = 74.163 | Success = 1.000 | Success 1000 = 0.991
I0502 16:07:36.481710 139579566835264 terminal.py:91] [Evaluator] Actor Episodes = 24115 | Actor Steps = 1205750 | Delta Dist = 12.396 | Delta Dist 10 = 10.960 | Delta Dist 100 = 11.511 | Delta Dist 1000 = 11.548 | Episode Length = 50 | Episode Return = 30.0 | Evaluator Episodes = 6113 | Evaluator Steps = 305650 | Final Dist = 0.410 | Final Dist 10 = 1.846 | Final Dist 100 = 1.296 | Final Dist 1000 = 1.259 | Init Dist = 12.806 | Init Dist 10 = 12.806 | Init Dist 100 = 12.806 | Init Dist 1000 = 12.806 | Learner Steps = 18683 | Learner Walltime = 3679.906 | Min Dist = 0.072 | Min Dist 10 = 1.324 | Min Dist 100 = 0.681 | Min Dist 1000 = 0.555 | Steps Per Second = 71.409 | Success = 1.000 | Success 1000 = 0.933
I0502 16:07:37.701700 139569349502528 terminal.py:91] [Actor] Actor Episodes = 24120 | Actor Steps = 1206000 | Delta Dist = 7.589 | Delta Dist 10 = 4.253 | Delta Dist 100 = 4.531 | Delta Dist 1000 = 4.453 | Episode Length = 50 | Episode Return = 30.0 | Evaluator Episodes = 6113 | Evaluator Steps = 305650 | Final Dist = 1.631 | Final Dist 10 = 1.358 | Final Dist 100 = 1.551 | Final Dist 1000 = 1.492 | Init Dist = 9.220 | Init Dist 10 = 5.611 | Init Dist 100 = 6.082 | Init Dist 1000 = 5.946 | Learner Steps = 18683 | Learner Walltime = 3679.906 | Min Dist = 0.421 | Min Dist 10 = 0.136 | Min Dist 100 = 0.350 | Min Dist 1000 = 0.215 | Steps Per Second = 72.773 | Success = 1.000 | Success 1000 = 0.991
I0502 16:07:37.819534 139579566835264 terminal.py:91] [Evaluator] Actor Episodes = 24121 | Actor Steps = 1206050 | Delta Dist = 12.508 | Delta Dist 10 = 11.031 | Delta Dist 100 = 11.507 | Delta Dist 1000 = 11.547 | Episode Length = 50 | Episode Return = 16.0 | Evaluator Episodes = 6115 | Evaluator Steps = 305750 | Final Dist = 0.298 | Final Dist 10 = 1.776 | Final Dist 100 = 1.300 | Final Dist 1000 = 1.259 | Init Dist = 12.806 | Init Dist 10 = 12.806 | Init Dist 100 = 12.806 | Init Dist 1000 = 12.806 | Learner Steps = 18689 | Learner Walltime = 3681.268 | Min Dist = 0.072 | Min Dist 10 = 1.297 | Min Dist 100 = 0.676 | Min Dist 1000 = 0.555 | Steps Per Second = 70.562 | Success = 1.000 | Success 1000 = 0.933
I0502 16:07:39.192945 139579566835264 terminal.py:91] [Evaluator] Actor Episodes = 24131 | Actor Steps = 1206550 | Delta Dist = 11.926 | Delta Dist 10 = 11.600 | Delta Dist 100 = 11.510 | Delta Dist 1000 = 11.547 | Episode Length = 50 | Episode Return = 2.0 | Evaluator Episodes = 6117 | Evaluator Steps = 305850 | Final Dist = 0.880 | Final Dist 10 = 1.206 | Final Dist 100 = 1.296 | Final Dist 1000 = 1.260 | Init Dist = 12.806 | Init Dist 10 = 12.806 | Init Dist 100 = 12.806 | Init Dist 1000 = 12.806 | Learner Steps = 18695 | Learner Walltime = 3682.570 | Min Dist = 0.432 | Min Dist 10 = 0.757 | Min Dist 100 = 0.673 | Min Dist 1000 = 0.555 | Steps Per Second = 69.125 | Success = 1.000 | Success 1000 = 0.933
I0502 16:07:39.751620 139557462840896 terminal.py:91] [Actor] Actor Episodes = 24132 | Actor Steps = 1206600 | Delta Dist = 2.133 | Delta Dist 10 = 4.546 | Delta Dist 100 = 4.540 | Delta Dist 1000 = 4.433 | Episode Length = 50 | Episode Return = 31.0 | Evaluator Episodes = 6115 | Evaluator Steps = 305750 | Final Dist = 0.696 | Final Dist 10 = 0.547 | Final Dist 100 = 1.580 | Final Dist 1000 = 1.496 | Init Dist = 2.828 | Init Dist 10 = 5.093 | Init Dist 100 = 6.120 | Init Dist 1000 = 5.929 | Learner Steps = 18695 | Learner Walltime = 3682.570 | Min Dist = 0.026 | Min Dist 10 = 0.115 | Min Dist 100 = 0.362 | Min Dist 1000 = 0.216 | Steps Per Second = 76.996 | Success = 1.000 | Success 1000 = 0.991
I0502 16:07:40.476204 139579566835264 terminal.py:91] [Evaluator] Actor Episodes = 24139 | Actor Steps = 1206950 | Delta Dist = 11.920 | Delta Dist 10 = 12.017 | Delta Dist 100 = 11.505 | Delta Dist 1000 = 11.546 | Episode Length = 50 | Episode Return = 19.0 | Evaluator Episodes = 6119 | Evaluator Steps = 305950 | Final Dist = 0.886 | Final Dist 10 = 0.789 | Final Dist 100 = 1.301 | Final Dist 1000 = 1.260 | Init Dist = 12.806 | Init Dist 10 = 12.806 | Init Dist 100 = 12.806 | Init Dist 1000 = 12.806 | Learner Steps = 18701 | Learner Walltime = 3683.690 | Min Dist = 0.093 | Min Dist 10 = 0.200 | Min Dist 100 = 0.678 | Min Dist 1000 = 0.555 | Steps Per Second = 73.470 | Success = 1.000 | Success 1000 = 0.933
I0502 16:07:41.725214 139584504182336 lp_utils.py:96] StepsLimiter: Reached 1207350 recorded steps
I0502 16:07:41.849196 139579566835264 terminal.py:91] [Evaluator] Actor Episodes = 24147 | Actor Steps = 1207350 | Delta Dist = 12.430 | Delta Dist 10 = 11.866 | Delta Dist 100 = 11.507 | Delta Dist 1000 = 11.555 | Episode Length = 50 | Episode Return = 26.0 | Evaluator Episodes = 6121 | Evaluator Steps = 306050 | Final Dist = 0.376 | Final Dist 10 = 0.940 | Final Dist 100 = 1.299 | Final Dist 1000 = 1.251 | Init Dist = 12.806 | Init Dist 10 = 12.806 | Init Dist 100 = 12.806 | Init Dist 1000 = 12.806 | Learner Steps = 18708 | Learner Walltime = 3685.084 | Min Dist = 0.108 | Min Dist 10 = 0.221 | Min Dist 100 = 0.675 | Min Dist 1000 = 0.545 | Steps Per Second = 66.616 | Success = 1.000 | Success 1000 = 0.935
I0502 16:07:43.253929 139579566835264 terminal.py:91] [Evaluator] Actor Episodes = 24155 | Actor Steps = 1207750 | Delta Dist = 12.427 | Delta Dist 10 = 11.965 | Delta Dist 100 = 11.566 | Delta Dist 1000 = 11.557 | Episode Length = 50 | Episode Return = 24.0 | Evaluator Episodes = 6123 | Evaluator Steps = 306150 | Final Dist = 0.379 | Final Dist 10 = 0.842 | Final Dist 100 = 1.241 | Final Dist 1000 = 1.249 | Init Dist = 12.806 | Init Dist 10 = 12.806 | Init Dist 100 = 12.806 | Init Dist 1000 = 12.806 | Learner Steps = 18714 | Learner Walltime = 3686.458 | Min Dist = 0.200 | Min Dist 10 = 0.193 | Min Dist 100 = 0.624 | Min Dist 1000 = 0.545 | Steps Per Second = 72.008 | Success = 1.000 | Success 1000 = 0.935
I0502 16:07:44.618433 139555013154368 terminal.py:91] [Learner] Actor Episodes = 24161 | Actor Loss = 3.6663401126861572 | Actor Steps = 1208050 | Binary Accuracy = 0.9960625171661377 | Categorical Accuracy = 0.42291259765625 | Critic Loss = 1.8491499423980713 | Entropy Mean = -19.754552841186523 | Evaluator Episodes = 6123 | Evaluator Steps = 306150 | Learner Steps = 18725 | Learner Walltime = 3688.814 | Logits Neg = -16.60192108154297 | Logits Pos = -1.8576843738555908 | Logsumexp = 1.1361548900604248 | Steps Per Second = 211.243
I0502 16:07:44.625133 139579566835264 terminal.py:91] [Evaluator] Actor Episodes = 24163 | Actor Steps = 1208150 | Delta Dist = 6.601 | Delta Dist 10 = 11.933 | Delta Dist 100 = 11.576 | Delta Dist 1000 = 11.558 | Episode Length = 50 | Episode Return = 0.0 | Evaluator Episodes = 6125 | Evaluator Steps = 306250 | Final Dist = 6.205 | Final Dist 10 = 0.873 | Final Dist 100 = 1.230 | Final Dist 1000 = 1.248 | Init Dist = 12.806 | Init Dist 10 = 12.806 | Init Dist 100 = 12.806 | Init Dist 1000 = 12.806 | Learner Steps = 18721 | Learner Walltime = 3687.976 | Min Dist = 5.168 | Min Dist 10 = 0.225 | Min Dist 100 = 0.626 | Min Dist 1000 = 0.544 | Steps Per Second = 73.336 | Success = 0.000 | Success 1000 = 0.935
I0502 16:07:45.032718 139558059398720 terminal.py:91] [Actor] Actor Episodes = 24167 | Actor Steps = 1208350 | Delta Dist = 4.932 | Delta Dist 10 = 4.639 | Delta Dist 100 = 4.543 | Delta Dist 1000 = 4.437 | Episode Length = 50 | Episode Return = 28.0 | Evaluator Episodes = 6125 | Evaluator Steps = 306250 | Final Dist = 1.068 | Final Dist 10 = 0.749 | Final Dist 100 = 1.331 | Final Dist 1000 = 1.500 | Init Dist = 6.000 | Init Dist 10 = 5.387 | Init Dist 100 = 5.874 | Init Dist 1000 = 5.937 | Learner Steps = 18727 | Learner Walltime = 3689.218 | Min Dist = 0.072 | Min Dist 10 = 0.114 | Min Dist 100 = 0.152 | Min Dist 1000 = 0.204 | Steps Per Second = 77.423 | Success = 1.000 | Success 1000 = 0.991
I0502 16:07:46.097851 139579566835264 terminal.py:91] [Evaluator] Actor Episodes = 24171 | Actor Steps = 1208550 | Delta Dist = 12.380 | Delta Dist 10 = 11.341 | Delta Dist 100 = 11.516 | Delta Dist 1000 = 11.551 | Episode Length = 50 | Episode Return = 25.0 | Evaluator Episodes = 6127 | Evaluator Steps = 306350 | Final Dist = 0.426 | Final Dist 10 = 1.466 | Final Dist 100 = 1.291 | Final Dist 1000 = 1.255 | Init Dist = 12.806 | Init Dist 10 = 12.806 | Init Dist 100 = 12.806 | Init Dist 1000 = 12.806 | Learner Steps = 18727 | Learner Walltime = 3689.218 | Min Dist = 0.156 | Min Dist 10 = 0.735 | Min Dist 100 = 0.675 | Min Dist 1000 = 0.549 | Steps Per Second = 74.106 | Success = 1.000 | Success 1000 = 0.934
I0502 16:07:46.926057 139555860620864 terminal.py:91] [Actor] Actor Episodes = 24174 | Actor Steps = 1208700 | Delta Dist = 8.879 | Delta Dist 10 = 5.962 | Delta Dist 100 = 4.793 | Delta Dist 1000 = 4.462 | Episode Length = 50 | Episode Return = 28.0 | Evaluator Episodes = 6127 | Evaluator Steps = 306350 | Final Dist = 0.121 | Final Dist 10 = 1.374 | Final Dist 100 = 1.291 | Final Dist 1000 = 1.499 | Init Dist = 9.000 | Init Dist 10 = 7.337 | Init Dist 100 = 6.084 | Init Dist 1000 = 5.961 | Learner Steps = 18727 | Learner Walltime = 3689.218 | Min Dist = 0.009 | Min Dist 10 = 0.084 | Min Dist 100 = 0.123 | Min Dist 1000 = 0.201 | Steps Per Second = 76.920 | Success = 1.000 | Success 1000 = 0.991
I0502 16:07:47.322804 139579566835264 terminal.py:91] [Evaluator] Actor Episodes = 24179 | Actor Steps = 1208950 | Delta Dist = 11.384 | Delta Dist 10 = 11.439 | Delta Dist 100 = 11.522 | Delta Dist 1000 = 11.552 | Episode Length = 50 | Episode Return = 1.0 | Evaluator Episodes = 6129 | Evaluator Steps = 306450 | Final Dist = 1.422 | Final Dist 10 = 1.367 | Final Dist 100 = 1.284 | Final Dist 1000 = 1.255 | Init Dist = 12.806 | Init Dist 10 = 12.806 | Init Dist 100 = 12.806 | Init Dist 1000 = 12.806 | Learner Steps = 18733 | Learner Walltime = 3690.659 | Min Dist = 0.086 | Min Dist 10 = 0.680 | Min Dist 100 = 0.675 | Min Dist 1000 = 0.549 | Steps Per Second = 75.508 | Success = 1.000 | Success 1000 = 0.934
I0502 16:07:48.311869 139569349502528 terminal.py:91] [Actor] Actor Episodes = 24186 | Actor Steps = 1209300 | Delta Dist = 4.060 | Delta Dist 10 = 5.028 | Delta Dist 100 = 4.676 | Delta Dist 1000 = 4.466 | Episode Length = 50 | Episode Return = 34.0 | Evaluator Episodes = 6129 | Evaluator Steps = 306450 | Final Dist = 0.412 | Final Dist 10 = 2.025 | Final Dist 100 = 1.431 | Final Dist 1000 = 1.495 | Init Dist = 4.472 | Init Dist 10 = 7.053 | Init Dist 100 = 6.106 | Init Dist 1000 = 5.961 | Learner Steps = 18733 | Learner Walltime = 3690.659 | Min Dist = 0.047 | Min Dist 10 = 0.115 | Min Dist 100 = 0.128 | Min Dist 1000 = 0.200 | Steps Per Second = 76.184 | Success = 1.000 | Success 1000 = 0.991
I0502 16:07:48.634131 139579566835264 terminal.py:91] [Evaluator] Actor Episodes = 24187 | Actor Steps = 1209350 | Delta Dist = 11.797 | Delta Dist 10 = 11.401 | Delta Dist 100 = 11.512 | Delta Dist 1000 = 11.551 | Episode Length = 50 | Episode Return = 2.0 | Evaluator Episodes = 6131 | Evaluator Steps = 306550 | Final Dist = 1.009 | Final Dist 10 = 1.406 | Final Dist 100 = 1.294 | Final Dist 1000 = 1.255 | Init Dist = 12.806 | Init Dist 10 = 12.806 | Init Dist 100 = 12.806 | Init Dist 1000 = 12.806 | Learner Steps = 18740 | Learner Walltime = 3691.948 | Min Dist = 0.421 | Min Dist 10 = 0.684 | Min Dist 100 = 0.676 | Min Dist 1000 = 0.549 | Steps Per Second = 77.937 | Success = 1.000 | Success 1000 = 0.934
I0502 16:07:49.865284 139557462840896 terminal.py:91] [Actor] Actor Episodes = 24195 | Actor Steps = 1209750 | Delta Dist = 3.330 | Delta Dist 10 = 4.588 | Delta Dist 100 = 4.648 | Delta Dist 1000 = 4.471 | Episode Length = 50 | Episode Return = 13.0 | Evaluator Episodes = 6131 | Evaluator Steps = 306550 | Final Dist = 1.142 | Final Dist 10 = 1.704 | Final Dist 100 = 1.435 | Final Dist 1000 = 1.506 | Init Dist = 4.472 | Init Dist 10 = 6.292 | Init Dist 100 = 6.082 | Init Dist 1000 = 5.976 | Learner Steps = 18745 | Learner Walltime = 3693.187 | Min Dist = 0.016 | Min Dist 10 = 0.093 | Min Dist 100 = 0.132 | Min Dist 1000 = 0.201 | Steps Per Second = 71.810 | Success = 1.000 | Success 1000 = 0.991
I0502 16:07:50.042440 139579566835264 terminal.py:91] [Evaluator] Actor Episodes = 24195 | Actor Steps = 1209750 | Delta Dist = 5.036 | Delta Dist 10 = 10.758 | Delta Dist 100 = 11.468 | Delta Dist 1000 = 11.545 | Episode Length = 50 | Episode Return = 0.0 | Evaluator Episodes = 6133 | Evaluator Steps = 306650 | Final Dist = 7.770 | Final Dist 10 = 2.048 | Final Dist 100 = 1.338 | Final Dist 1000 = 1.261 | Init Dist = 12.806 | Init Dist 10 = 12.806 | Init Dist 100 = 12.806 | Init Dist 1000 = 12.806 | Learner Steps = 18745 | Learner Walltime = 3693.187 | Min Dist = 6.670 | Min Dist 10 = 1.286 | Min Dist 100 = 0.736 | Min Dist 1000 = 0.555 | Steps Per Second = 73.116 | Success = 0.000 | Success 1000 = 0.933
I0502 16:07:51.441439 139579566835264 terminal.py:91] [Evaluator] Actor Episodes = 24203 | Actor Steps = 1210150 | Delta Dist = 12.541 | Delta Dist 10 = 9.998 | Delta Dist 100 = 11.410 | Delta Dist 1000 = 11.538 | Episode Length = 50 | Episode Return = 27.0 | Evaluator Episodes = 6135 | Evaluator Steps = 306750 | Final Dist = 0.265 | Final Dist 10 = 2.808 | Final Dist 100 = 1.396 | Final Dist 1000 = 1.268 | Init Dist = 12.806 | Init Dist 10 = 12.806 | Init Dist 100 = 12.806 | Init Dist 1000 = 12.806 | Learner Steps = 18752 | Learner Walltime = 3694.545 | Min Dist = 0.073 | Min Dist 10 = 1.911 | Min Dist 100 = 0.799 | Min Dist 1000 = 0.561 | Steps Per Second = 69.900 | Success = 1.000 | Success 1000 = 0.932
I0502 16:07:51.749959 139584504182336 lp_utils.py:96] StepsLimiter: Reached 1210350 recorded steps
I0502 16:07:52.725543 139579566835264 terminal.py:91] [Evaluator] Actor Episodes = 24211 | Actor Steps = 1210550 | Delta Dist = 12.278 | Delta Dist 10 = 10.638 | Delta Dist 100 = 11.407 | Delta Dist 1000 = 11.546 | Episode Length = 50 | Episode Return = 27.0 | Evaluator Episodes = 6137 | Evaluator Steps = 306850 | Final Dist = 0.528 | Final Dist 10 = 2.168 | Final Dist 100 = 1.399 | Final Dist 1000 = 1.261 | Init Dist = 12.806 | Init Dist 10 = 12.806 | Init Dist 100 = 12.806 | Init Dist 1000 = 12.806 | Learner Steps = 18758 | Learner Walltime = 3695.987 | Min Dist = 0.066 | Min Dist 10 = 1.439 | Min Dist 100 = 0.802 | Min Dist 1000 = 0.555 | Steps Per Second = 78.331 | Success = 1.000 | Success 1000 = 0.933
I0502 16:07:54.029630 139579566835264 terminal.py:91] [Evaluator] Actor Episodes = 24219 | Actor Steps = 1210950 | Delta Dist = 12.139 | Delta Dist 10 = 10.623 | Delta Dist 100 = 11.554 | Delta Dist 1000 = 11.545 | Episode Length = 50 | Episode Return = 24.0 | Evaluator Episodes = 6139 | Evaluator Steps = 306950 | Final Dist = 0.667 | Final Dist 10 = 2.184 | Final Dist 100 = 1.253 | Final Dist 1000 = 1.262 | Init Dist = 12.806 | Init Dist 10 = 12.806 | Init Dist 100 = 12.806 | Init Dist 1000 = 12.806 | Learner Steps = 18764 | Learner Walltime = 3697.256 | Min Dist = 0.067 | Min Dist 10 = 1.410 | Min Dist 100 = 0.663 | Min Dist 1000 = 0.555 | Steps Per Second = 80.104 | Success = 1.000 | Success 1000 = 0.933
I0502 16:07:54.651759 139555013154368 terminal.py:91] [Learner] Actor Episodes = 24223 | Actor Loss = 3.653391122817993 | Actor Steps = 1211150 | Binary Accuracy = 0.996070146560669 | Categorical Accuracy = 0.4393310546875 | Critic Loss = 1.789636492729187 | Entropy Mean = -19.847026824951172 | Evaluator Episodes = 6139 | Evaluator Steps = 306950 | Learner Steps = 18772 | Learner Walltime = 3698.847 | Logits Neg = -17.20647430419922 | Logits Pos = -1.7740659713745117 | Logsumexp = 1.1632649898529053 | Steps Per Second = 216.575
I0502 16:07:55.323000 139579566835264 terminal.py:91] [Evaluator] Actor Episodes = 24227 | Actor Steps = 1211350 | Delta Dist = 12.437 | Delta Dist 10 = 10.719 | Delta Dist 100 = 11.553 | Delta Dist 1000 = 11.544 | Episode Length = 50 | Episode Return = 22.0 | Evaluator Episodes = 6141 | Evaluator Steps = 307050 | Final Dist = 0.369 | Final Dist 10 = 2.087 | Final Dist 100 = 1.253 | Final Dist 1000 = 1.262 | Init Dist = 12.806 | Init Dist 10 = 12.806 | Init Dist 100 = 12.806 | Init Dist 1000 = 12.806 | Learner Steps = 18770 | Learner Walltime = 3698.476 | Min Dist = 0.240 | Min Dist 10 = 1.388 | Min Dist 100 = 0.655 | Min Dist 1000 = 0.554 | Steps Per Second = 78.825 | Success = 1.000 | Success 1000 = 0.933
I0502 16:07:55.424170 139558059398720 terminal.py:91] [Actor] Actor Episodes = 24229 | Actor Steps = 1211450 | Delta Dist = 0.622 | Delta Dist 10 = 4.439 | Delta Dist 100 = 4.665 | Delta Dist 1000 = 4.471 | Episode Length = 50 | Episode Return = 30.0 | Evaluator Episodes = 6141 | Evaluator Steps = 307050 | Final Dist = 1.614 | Final Dist 10 = 1.569 | Final Dist 100 = 1.438 | Final Dist 1000 = 1.490 | Init Dist = 2.236 | Init Dist 10 = 6.009 | Init Dist 100 = 6.103 | Init Dist 1000 = 5.962 | Learner Steps = 18770 | Learner Walltime = 3698.476 | Min Dist = 0.049 | Min Dist 10 = 0.085 | Min Dist 100 = 0.128 | Min Dist 1000 = 0.193 | Steps Per Second = 75.891 | Success = 1.000 | Success 1000 = 0.991
I0502 16:07:56.611607 139579566835264 terminal.py:91] [Evaluator] Actor Episodes = 24235 | Actor Steps = 1211750 | Delta Dist = 11.415 | Delta Dist 10 = 11.275 | Delta Dist 100 = 11.543 | Delta Dist 1000 = 11.552 | Episode Length = 50 | Episode Return = 1.0 | Evaluator Episodes = 6143 | Evaluator Steps = 307150 | Final Dist = 1.391 | Final Dist 10 = 1.531 | Final Dist 100 = 1.263 | Final Dist 1000 = 1.254 | Init Dist = 12.806 | Init Dist 10 = 12.806 | Init Dist 100 = 12.806 | Init Dist 1000 = 12.806 | Learner Steps = 18776 | Learner Walltime = 3699.727 | Min Dist = 0.864 | Min Dist 10 = 0.799 | Min Dist 100 = 0.656 | Min Dist 1000 = 0.547 | Steps Per Second = 77.369 | Success = 1.000 | Success 1000 = 0.934
I0502 16:07:57.323437 139584635659840 savers.py:156] Saving checkpoint: logs/contrastive_cpc_point_FourRooms_64/5dd72662-2788-11f0-b183-d85ed38c5779/checkpoints/counter
I0502 16:07:57.432209 139555860620864 terminal.py:91] [Actor] Actor Episodes = 24238 | Actor Steps = 1211900 | Delta Dist = 1.918 | Delta Dist 10 = 2.953 | Delta Dist 100 = 4.436 | Delta Dist 1000 = 4.469 | Episode Length = 50 | Episode Return = 38.0 | Evaluator Episodes = 6143 | Evaluator Steps = 307150 | Final Dist = 0.082 | Final Dist 10 = 1.011 | Final Dist 100 = 1.456 | Final Dist 1000 = 1.459 | Init Dist = 2.000 | Init Dist 10 = 3.964 | Init Dist 100 = 5.893 | Init Dist 1000 = 5.928 | Learner Steps = 18776 | Learner Walltime = 3699.727 | Min Dist = 0.019 | Min Dist 10 = 0.099 | Min Dist 100 = 0.133 | Min Dist 1000 = 0.193 | Steps Per Second = 75.640 | Success = 1.000 | Success 1000 = 0.993
I0502 16:07:57.938270 139579566835264 terminal.py:91] [Evaluator] Actor Episodes = 24243 | Actor Steps = 1212150 | Delta Dist = 11.561 | Delta Dist 10 = 11.989 | Delta Dist 100 = 11.530 | Delta Dist 1000 = 11.553 | Episode Length = 50 | Episode Return = 4.0 | Evaluator Episodes = 6145 | Evaluator Steps = 307250 | Final Dist = 1.246 | Final Dist 10 = 0.817 | Final Dist 100 = 1.276 | Final Dist 1000 = 1.254 | Init Dist = 12.806 | Init Dist 10 = 12.806 | Init Dist 100 = 12.806 | Init Dist 1000 = 12.806 | Learner Steps = 18783 | Learner Walltime = 3701.084 | Min Dist = 0.268 | Min Dist 10 = 0.223 | Min Dist 100 = 0.663 | Min Dist 1000 = 0.548 | Steps Per Second = 72.048 | Success = 1.000 | Success 1000 = 0.934
I0502 16:07:58.388880 139583350109760 savers.py:156] Saving checkpoint: logs/contrastive_cpc_point_FourRooms_64/5dd72662-2788-11f0-b183-d85ed38c5779/checkpoints/learner
I0502 16:07:59.043474 139569349502528 terminal.py:91] [Actor] Actor Episodes = 24250 | Actor Steps = 1212500 | Delta Dist = 5.666 | Delta Dist 10 = 3.921 | Delta Dist 100 = 4.384 | Delta Dist 1000 = 4.473 | Episode Length = 50 | Episode Return = 35.0 | Evaluator Episodes = 6145 | Evaluator Steps = 307250 | Final Dist = 1.043 | Final Dist 10 = 1.066 | Final Dist 100 = 1.422 | Final Dist 1000 = 1.459 | Init Dist = 6.708 | Init Dist 10 = 4.988 | Init Dist 100 = 5.806 | Init Dist 1000 = 5.932 | Learner Steps = 18783 | Learner Walltime = 3701.084 | Min Dist = 0.300 | Min Dist 10 = 0.080 | Min Dist 100 = 0.128 | Min Dist 1000 = 0.193 | Steps Per Second = 65.373 | Success = 1.000 | Success 1000 = 0.993
I0502 16:07:59.362055 139579566835264 terminal.py:91] [Evaluator] Actor Episodes = 24251 | Actor Steps = 1212550 | Delta Dist = 11.957 | Delta Dist 10 = 11.917 | Delta Dist 100 = 11.520 | Delta Dist 1000 = 11.552 | Episode Length = 50 | Episode Return = 13.0 | Evaluator Episodes = 6147 | Evaluator Steps = 307350 | Final Dist = 0.849 | Final Dist 10 = 0.889 | Final Dist 100 = 1.286 | Final Dist 1000 = 1.254 | Init Dist = 12.806 | Init Dist 10 = 12.806 | Init Dist 100 = 12.806 | Init Dist 1000 = 12.806 | Learner Steps = 18789 | Learner Walltime = 3702.503 | Min Dist = 0.206 | Min Dist 10 = 0.210 | Min Dist 100 = 0.666 | Min Dist 1000 = 0.548 | Steps Per Second = 73.488 | Success = 1.000 | Success 1000 = 0.934
I0502 16:08:00.043803 139557462840896 terminal.py:91] [Actor] Actor Episodes = 24252 | Actor Steps = 1212600 | Delta Dist = 6.543 | Delta Dist 10 = 2.620 | Delta Dist 100 = 4.290 | Delta Dist 1000 = 4.459 | Episode Length = 50 | Episode Return = 23.0 | Evaluator Episodes = 6145 | Evaluator Steps = 307250 | Final Dist = 0.737 | Final Dist 10 = 1.939 | Final Dist 100 = 1.418 | Final Dist 1000 = 1.463 | Init Dist = 7.280 | Init Dist 10 = 4.559 | Init Dist 100 = 5.708 | Init Dist 1000 = 5.922 | Learner Steps = 18789 | Learner Walltime = 3702.503 | Min Dist = 0.048 | Min Dist 10 = 0.091 | Min Dist 100 = 0.118 | Min Dist 1000 = 0.193 | Steps Per Second = 70.592 | Success = 1.000 | Success 1000 = 0.993
I0502 16:08:00.643993 139579566835264 terminal.py:91] [Evaluator] Actor Episodes = 24257 | Actor Steps = 1212850 | Delta Dist = 11.819 | Delta Dist 10 = 11.832 | Delta Dist 100 = 11.519 | Delta Dist 1000 = 11.552 | Episode Length = 50 | Episode Return = 23.0 | Evaluator Episodes = 6149 | Evaluator Steps = 307450 | Final Dist = 0.988 | Final Dist 10 = 0.974 | Final Dist 100 = 1.287 | Final Dist 1000 = 1.255 | Init Dist = 12.806 | Init Dist 10 = 12.806 | Init Dist 100 = 12.806 | Init Dist 1000 = 12.806 | Learner Steps = 18794 | Learner Walltime = 3703.878 | Min Dist = 0.090 | Min Dist 10 = 0.242 | Min Dist 100 = 0.666 | Min Dist 1000 = 0.548 | Steps Per Second = 81.552 | Success = 1.000 | Success 1000 = 0.934
I0502 16:08:01.770621 139584504182336 lp_utils.py:96] StepsLimiter: Reached 1213250 recorded steps
I0502 16:08:01.998039 139579566835264 terminal.py:91] [Evaluator] Actor Episodes = 24265 | Actor Steps = 1213250 | Delta Dist = 11.818 | Delta Dist 10 = 11.891 | Delta Dist 100 = 11.522 | Delta Dist 1000 = 11.552 | Episode Length = 50 | Episode Return = 16.0 | Evaluator Episodes = 6151 | Evaluator Steps = 307550 | Final Dist = 0.988 | Final Dist 10 = 0.915 | Final Dist 100 = 1.284 | Final Dist 1000 = 1.254 | Init Dist = 12.806 | Init Dist 10 = 12.806 | Init Dist 100 = 12.806 | Init Dist 1000 = 12.806 | Learner Steps = 18801 | Learner Walltime = 3705.299 | Min Dist = 0.093 | Min Dist 10 = 0.240 | Min Dist 100 = 0.662 | Min Dist 1000 = 0.548 | Steps Per Second = 70.704 | Success = 1.000 | Success 1000 = 0.934
I0502 16:08:03.307871 139579566835264 terminal.py:91] [Evaluator] Actor Episodes = 24273 | Actor Steps = 1213650 | Delta Dist = 11.305 | Delta Dist 10 = 11.838 | Delta Dist 100 = 11.515 | Delta Dist 1000 = 11.551 | Episode Length = 50 | Episode Return = 16.0 | Evaluator Episodes = 6153 | Evaluator Steps = 307650 | Final Dist = 1.501 | Final Dist 10 = 0.968 | Final Dist 100 = 1.292 | Final Dist 1000 = 1.255 | Init Dist = 12.806 | Init Dist 10 = 12.806 | Init Dist 100 = 12.806 | Init Dist 1000 = 12.806 | Learner Steps = 18807 | Learner Walltime = 3706.433 | Min Dist = 0.224 | Min Dist 10 = 0.254 | Min Dist 100 = 0.662 | Min Dist 1000 = 0.548 | Steps Per Second = 77.212 | Success = 1.000 | Success 1000 = 0.934
I0502 16:08:04.657958 139579566835264 terminal.py:91] [Evaluator] Actor Episodes = 24283 | Actor Steps = 1214150 | Delta Dist = 11.746 | Delta Dist 10 = 11.805 | Delta Dist 100 = 11.509 | Delta Dist 1000 = 11.556 | Episode Length = 50 | Episode Return = 7.0 | Evaluator Episodes = 6155 | Evaluator Steps = 307750 | Final Dist = 1.060 | Final Dist 10 = 1.001 | Final Dist 100 = 1.298 | Final Dist 1000 = 1.250 | Init Dist = 12.806 | Init Dist 10 = 12.806 | Init Dist 100 = 12.806 | Init Dist 1000 = 12.806 | Learner Steps = 18820 | Learner Walltime = 3708.814 | Min Dist = 0.137 | Min Dist 10 = 0.209 | Min Dist 100 = 0.660 | Min Dist 1000 = 0.543 | Steps Per Second = 71.411 | Success = 1.000 | Success 1000 = 0.935
I0502 16:08:04.986736 139555013154368 terminal.py:91] [Learner] Actor Episodes = 24283 | Actor Loss = 3.6249120235443115 | Actor Steps = 1214150 | Binary Accuracy = 0.9959568977355957 | Categorical Accuracy = 0.421630859375 | Critic Loss = 1.8617863655090332 | Entropy Mean = -20.48340606689453 | Evaluator Episodes = 6153 | Evaluator Steps = 307650 | Learner Steps = 18821 | Learner Walltime = 3709.178 | Logits Neg = -16.801673889160156 | Logits Pos = -1.8426836729049683 | Logsumexp = 1.1869447231292725 | Steps Per Second = 175.936
I0502 16:08:05.572560 139558059398720 terminal.py:91] [Actor] Actor Episodes = 24290 | Actor Steps = 1214500 | Delta Dist = 3.493 | Delta Dist 10 = 3.420 | Delta Dist 100 = 3.956 | Delta Dist 1000 = 4.480 | Episode Length = 50 | Episode Return = 39.0 | Evaluator Episodes = 6155 | Evaluator Steps = 307750 | Final Dist = 0.507 | Final Dist 10 = 2.106 | Final Dist 100 = 1.593 | Final Dist 1000 = 1.472 | Init Dist = 4.000 | Init Dist 10 = 5.526 | Init Dist 100 = 5.549 | Init Dist 1000 = 5.952 | Learner Steps = 18820 | Learner Walltime = 3708.814 | Min Dist = 0.100 | Min Dist 10 = 0.178 | Min Dist 100 = 0.221 | Min Dist 1000 = 0.204 | Steps Per Second = 74.447 | Success = 1.000 | Success 1000 = 0.993
I0502 16:08:05.779666 139579566835264 terminal.py:91] [Evaluator] Actor Episodes = 24291 | Actor Steps = 1214550 | Delta Dist = 10.932 | Delta Dist 10 = 11.751 | Delta Dist 100 = 11.512 | Delta Dist 1000 = 11.556 | Episode Length = 50 | Episode Return = 12.0 | Evaluator Episodes = 6157 | Evaluator Steps = 307850 | Final Dist = 1.874 | Final Dist 10 = 1.055 | Final Dist 100 = 1.294 | Final Dist 1000 = 1.250 | Init Dist = 12.806 | Init Dist 10 = 12.806 | Init Dist 100 = 12.806 | Init Dist 1000 = 12.806 | Learner Steps = 18824 | Learner Walltime = 3709.838 | Min Dist = 0.327 | Min Dist 10 = 0.190 | Min Dist 100 = 0.657 | Min Dist 1000 = 0.543 | Steps Per Second = 89.125 | Success = 1.000 | Success 1000 = 0.935
I0502 16:08:07.055704 139579566835264 terminal.py:91] [Evaluator] Actor Episodes = 24297 | Actor Steps = 1214850 | Delta Dist = 2.055 | Delta Dist 10 = 11.787 | Delta Dist 100 = 11.523 | Delta Dist 1000 = 11.556 | Episode Length = 50 | Episode Return = 0.0 | Evaluator Episodes = 6159 | Evaluator Steps = 307950 | Final Dist = 10.751 | Final Dist 10 = 1.019 | Final Dist 100 = 1.283 | Final Dist 1000 = 1.250 | Init Dist = 12.806 | Init Dist 10 = 12.806 | Init Dist 100 = 12.806 | Init Dist 1000 = 12.806 | Learner Steps = 18829 | Learner Walltime = 3711.144 | Min Dist = 10.194 | Min Dist 10 = 0.203 | Min Dist 100 = 0.655 | Min Dist 1000 = 0.543 | Steps Per Second = 75.954 | Success = 0.000 | Success 1000 = 0.935
I0502 16:08:07.601500 139555860620864 terminal.py:91] [Actor] Actor Episodes = 24305 | Actor Steps = 1215250 | Delta Dist = 4.646 | Delta Dist 10 = 4.505 | Delta Dist 100 = 4.027 | Delta Dist 1000 = 4.485 | Episode Length = 50 | Episode Return = 37.0 | Evaluator Episodes = 6159 | Evaluator Steps = 307950 | Final Dist = 1.185 | Final Dist 10 = 1.503 | Final Dist 100 = 1.480 | Final Dist 1000 = 1.467 | Init Dist = 5.831 | Init Dist 10 = 6.008 | Init Dist 100 = 5.506 | Init Dist 1000 = 5.952 | Learner Steps = 18829 | Learner Walltime = 3711.144 | Min Dist = 0.285 | Min Dist 10 = 0.170 | Min Dist 100 = 0.227 | Min Dist 1000 = 0.205 | Steps Per Second = 66.125 | Success = 1.000 | Success 1000 = 0.993
I0502 16:08:08.459352 139579566835264 terminal.py:91] [Evaluator] Actor Episodes = 24305 | Actor Steps = 1215250 | Delta Dist = 12.449 | Delta Dist 10 = 10.750 | Delta Dist 100 = 11.427 | Delta Dist 1000 = 11.547 | Episode Length = 50 | Episode Return = 21.0 | Evaluator Episodes = 6161 | Evaluator Steps = 308050 | Final Dist = 0.358 | Final Dist 10 = 2.057 | Final Dist 100 = 1.379 | Final Dist 1000 = 1.259 | Init Dist = 12.806 | Init Dist 10 = 12.806 | Init Dist 100 = 12.806 | Init Dist 1000 = 12.806 | Learner Steps = 18835 | Learner Walltime = 3712.167 | Min Dist = 0.064 | Min Dist 10 = 1.236 | Min Dist 100 = 0.750 | Min Dist 1000 = 0.553 | Steps Per Second = 68.580 | Success = 1.000 | Success 1000 = 0.934
I0502 16:08:09.540623 139569349502528 terminal.py:91] [Actor] Actor Episodes = 24310 | Actor Steps = 1215500 | Delta Dist = 10.481 | Delta Dist 10 = 5.141 | Delta Dist 100 = 4.101 | Delta Dist 1000 = 4.485 | Episode Length = 50 | Episode Return = 30.0 | Evaluator Episodes = 6161 | Evaluator Steps = 308050 | Final Dist = 0.149 | Final Dist 10 = 1.194 | Final Dist 100 = 1.484 | Final Dist 1000 = 1.463 | Init Dist = 10.630 | Init Dist 10 = 6.335 | Init Dist 100 = 5.585 | Init Dist 1000 = 5.948 | Learner Steps = 18835 | Learner Walltime = 3712.167 | Min Dist = 0.077 | Min Dist 10 = 0.258 | Min Dist 100 = 0.219 | Min Dist 1000 = 0.206 | Steps Per Second = 79.238 | Success = 1.000 | Success 1000 = 0.992
I0502 16:08:09.754102 139579566835264 terminal.py:91] [Evaluator] Actor Episodes = 24315 | Actor Steps = 1215750 | Delta Dist = 11.915 | Delta Dist 10 = 10.897 | Delta Dist 100 = 11.439 | Delta Dist 1000 = 11.550 | Episode Length = 50 | Episode Return = 23.0 | Evaluator Episodes = 6163 | Evaluator Steps = 308150 | Final Dist = 0.891 | Final Dist 10 = 1.909 | Final Dist 100 = 1.367 | Final Dist 1000 = 1.256 | Init Dist = 12.806 | Init Dist 10 = 12.806 | Init Dist 100 = 12.806 | Init Dist 1000 = 12.806 | Learner Steps = 18839 | Learner Walltime = 3713.227 | Min Dist = 0.097 | Min Dist 10 = 1.205 | Min Dist 100 = 0.748 | Min Dist 1000 = 0.550 | Steps Per Second = 74.123 | Success = 1.000 | Success 1000 = 0.935
I0502 16:08:10.404684 139557462840896 terminal.py:91] [Actor] Actor Episodes = 24316 | Actor Steps = 1215800 | Delta Dist = 7.541 | Delta Dist 10 = 4.115 | Delta Dist 100 = 4.130 | Delta Dist 1000 = 4.482 | Episode Length = 50 | Episode Return = 32.0 | Evaluator Episodes = 6161 | Evaluator Steps = 308050 | Final Dist = 0.269 | Final Dist 10 = 1.967 | Final Dist 100 = 1.497 | Final Dist 1000 = 1.459 | Init Dist = 7.810 | Init Dist 10 = 6.082 | Init Dist 100 = 5.627 | Init Dist 1000 = 5.941 | Learner Steps = 18839 | Learner Walltime = 3713.227 | Min Dist = 0.117 | Min Dist 10 = 0.339 | Min Dist 100 = 0.239 | Min Dist 1000 = 0.208 | Steps Per Second = 76.012 | Success = 1.000 | Success 1000 = 0.992
I0502 16:08:10.988059 139579566835264 terminal.py:91] [Evaluator] Actor Episodes = 24321 | Actor Steps = 1216050 | Delta Dist = 11.639 | Delta Dist 10 = 10.937 | Delta Dist 100 = 11.431 | Delta Dist 1000 = 11.558 | Episode Length = 50 | Episode Return = 26.0 | Evaluator Episodes = 6165 | Evaluator Steps = 308250 | Final Dist = 1.167 | Final Dist 10 = 1.869 | Final Dist 100 = 1.376 | Final Dist 1000 = 1.249 | Init Dist = 12.806 | Init Dist 10 = 12.806 | Init Dist 100 = 12.806 | Init Dist 1000 = 12.806 | Learner Steps = 18846 | Learner Walltime = 3714.496 | Min Dist = 0.108 | Min Dist 10 = 1.175 | Min Dist 100 = 0.747 | Min Dist 1000 = 0.544 | Steps Per Second = 80.542 | Success = 1.000 | Success 1000 = 0.936
I0502 16:08:11.787554 139584504182336 lp_utils.py:96] StepsLimiter: Reached 1216450 recorded steps
I0502 16:08:12.174579 139579566835264 terminal.py:91] [Evaluator] Actor Episodes = 24329 | Actor Steps = 1216450 | Delta Dist = 12.216 | Delta Dist 10 = 10.985 | Delta Dist 100 = 11.424 | Delta Dist 1000 = 11.564 | Episode Length = 50 | Episode Return = 26.0 | Evaluator Episodes = 6167 | Evaluator Steps = 308350 | Final Dist = 0.590 | Final Dist 10 = 1.821 | Final Dist 100 = 1.382 | Final Dist 1000 = 1.242 | Init Dist = 12.806 | Init Dist 10 = 12.806 | Init Dist 100 = 12.806 | Init Dist 1000 = 12.806 | Learner Steps = 18852 | Learner Walltime = 3715.685 | Min Dist = 0.023 | Min Dist 10 = 1.169 | Min Dist 100 = 0.744 | Min Dist 1000 = 0.537 | Steps Per Second = 84.480 | Success = 1.000 | Success 1000 = 0.937
I0502 16:08:13.534128 139579566835264 terminal.py:91] [Evaluator] Actor Episodes = 24337 | Actor Steps = 1216850 | Delta Dist = 11.690 | Delta Dist 10 = 11.032 | Delta Dist 100 = 11.423 | Delta Dist 1000 = 11.568 | Episode Length = 50 | Episode Return = 26.0 | Evaluator Episodes = 6169 | Evaluator Steps = 308450 | Final Dist = 1.116 | Final Dist 10 = 1.774 | Final Dist 100 = 1.383 | Final Dist 1000 = 1.238 | Init Dist = 12.806 | Init Dist 10 = 12.806 | Init Dist 100 = 12.806 | Init Dist 1000 = 12.806 | Learner Steps = 18858 | Learner Walltime = 3716.955 | Min Dist = 0.084 | Min Dist 10 = 1.151 | Min Dist 100 = 0.742 | Min Dist 1000 = 0.533 | Steps Per Second = 69.463 | Success = 1.000 | Success 1000 = 0.938
I0502 16:08:14.769713 139579566835264 terminal.py:91] [Evaluator] Actor Episodes = 24345 | Actor Steps = 1217250 | Delta Dist = 11.479 | Delta Dist 10 = 11.933 | Delta Dist 100 = 11.422 | Delta Dist 1000 = 11.569 | Episode Length = 50 | Episode Return = 11.0 | Evaluator Episodes = 6171 | Evaluator Steps = 308550 | Final Dist = 1.327 | Final Dist 10 = 0.873 | Final Dist 100 = 1.384 | Final Dist 1000 = 1.237 | Init Dist = 12.806 | Init Dist 10 = 12.806 | Init Dist 100 = 12.806 | Init Dist 1000 = 12.806 | Learner Steps = 18863 | Learner Walltime = 3718.016 | Min Dist = 0.060 | Min Dist 10 = 0.126 | Min Dist 100 = 0.737 | Min Dist 1000 = 0.530 | Steps Per Second = 80.308 | Success = 1.000 | Success 1000 = 0.939
I0502 16:08:15.005852 139555013154368 terminal.py:91] [Learner] Actor Episodes = 24347 | Actor Loss = 3.7190937995910645 | Actor Steps = 1217350 | Binary Accuracy = 0.9959964752197266 | Categorical Accuracy = 0.427734375 | Critic Loss = 1.7991060018539429 | Entropy Mean = -17.66107940673828 | Evaluator Episodes = 6171 | Evaluator Steps = 308550 | Learner Steps = 18868 | Learner Walltime = 3719.200 | Logits Neg = -16.8692569732666 | Logits Pos = -1.7535954713821411 | Logsumexp = 1.238893747329712 | Steps Per Second = 115.924
I0502 16:08:16.115729 139579566835264 terminal.py:91] [Evaluator] Actor Episodes = 24353 | Actor Steps = 1217650 | Delta Dist = 12.140 | Delta Dist 10 = 11.850 | Delta Dist 100 = 11.483 | Delta Dist 1000 = 11.569 | Episode Length = 50 | Episode Return = 10.0 | Evaluator Episodes = 6173 | Evaluator Steps = 308650 | Final Dist = 0.667 | Final Dist 10 = 0.957 | Final Dist 100 = 1.323 | Final Dist 1000 = 1.238 | Init Dist = 12.806 | Init Dist 10 = 12.806 | Init Dist 100 = 12.806 | Init Dist 1000 = 12.806 | Learner Steps = 18868 | Learner Walltime = 3719.200 | Min Dist = 0.083 | Min Dist 10 = 0.116 | Min Dist 100 = 0.668 | Min Dist 1000 = 0.530 | Steps Per Second = 72.828 | Success = 1.000 | Success 1000 = 0.939
I0502 16:08:16.230752 139558059398720 terminal.py:91] [Actor] Actor Episodes = 24352 | Actor Steps = 1217600 | Delta Dist = 6.890 | Delta Dist 10 = 4.359 | Delta Dist 100 = 4.332 | Delta Dist 1000 = 4.479 | Episode Length = 50 | Episode Return = 28.0 | Evaluator Episodes = 6171 | Evaluator Steps = 308550 | Final Dist = 0.181 | Final Dist 10 = 0.511 | Final Dist 100 = 1.431 | Final Dist 1000 = 1.432 | Init Dist = 7.071 | Init Dist 10 = 4.870 | Init Dist 100 = 5.763 | Init Dist 1000 = 5.910 | Learner Steps = 18868 | Learner Walltime = 3719.200 | Min Dist = 0.026 | Min Dist 10 = 0.081 | Min Dist 100 = 0.250 | Min Dist 1000 = 0.203 | Steps Per Second = 66.547 | Success = 1.000 | Success 1000 = 0.993
I0502 16:08:17.423911 139579566835264 terminal.py:91] [Evaluator] Actor Episodes = 24361 | Actor Steps = 1218050 | Delta Dist = 12.451 | Delta Dist 10 = 11.964 | Delta Dist 100 = 11.490 | Delta Dist 1000 = 11.570 | Episode Length = 50 | Episode Return = 29.0 | Evaluator Episodes = 6175 | Evaluator Steps = 308750 | Final Dist = 0.355 | Final Dist 10 = 0.842 | Final Dist 100 = 1.316 | Final Dist 1000 = 1.237 | Init Dist = 12.806 | Init Dist 10 = 12.806 | Init Dist 100 = 12.806 | Init Dist 1000 = 12.806 | Learner Steps = 18874 | Learner Walltime = 3720.554 | Min Dist = 0.109 | Min Dist 10 = 0.111 | Min Dist 100 = 0.664 | Min Dist 1000 = 0.530 | Steps Per Second = 72.895 | Success = 1.000 | Success 1000 = 0.939
I0502 16:08:17.669781 139555860620864 terminal.py:91] [Actor] Actor Episodes = 24362 | Actor Steps = 1218100 | Delta Dist = 9.244 | Delta Dist 10 = 4.173 | Delta Dist 100 = 4.436 | Delta Dist 1000 = 4.456 | Episode Length = 50 | Episode Return = 44.0 | Evaluator Episodes = 6173 | Evaluator Steps = 308650 | Final Dist = 0.190 | Final Dist 10 = 0.912 | Final Dist 100 = 1.258 | Final Dist 1000 = 1.434 | Init Dist = 9.434 | Init Dist 10 = 5.085 | Init Dist 100 = 5.694 | Init Dist 1000 = 5.890 | Learner Steps = 18874 | Learner Walltime = 3720.554 | Min Dist = 0.021 | Min Dist 10 = 0.107 | Min Dist 100 = 0.160 | Min Dist 1000 = 0.203 | Steps Per Second = 69.930 | Success = 1.000 | Success 1000 = 0.993
I0502 16:08:18.713821 139579566835264 terminal.py:91] [Evaluator] Actor Episodes = 24369 | Actor Steps = 1218450 | Delta Dist = 11.379 | Delta Dist 10 = 11.993 | Delta Dist 100 = 11.496 | Delta Dist 1000 = 11.570 | Episode Length = 50 | Episode Return = 8.0 | Evaluator Episodes = 6177 | Evaluator Steps = 308850 | Final Dist = 1.428 | Final Dist 10 = 0.813 | Final Dist 100 = 1.310 | Final Dist 1000 = 1.236 | Init Dist = 12.806 | Init Dist 10 = 12.806 | Init Dist 100 = 12.806 | Init Dist 1000 = 12.806 | Learner Steps = 18879 | Learner Walltime = 3721.755 | Min Dist = 0.045 | Min Dist 10 = 0.122 | Min Dist 100 = 0.660 | Min Dist 1000 = 0.529 | Steps Per Second = 75.878 | Success = 1.000 | Success 1000 = 0.939
I0502 16:08:20.037862 139579566835264 terminal.py:91] [Evaluator] Actor Episodes = 24377 | Actor Steps = 1218850 | Delta Dist = 12.730 | Delta Dist 10 = 11.950 | Delta Dist 100 = 11.488 | Delta Dist 1000 = 11.569 | Episode Length = 50 | Episode Return = 22.0 | Evaluator Episodes = 6179 | Evaluator Steps = 308950 | Final Dist = 0.076 | Final Dist 10 = 0.856 | Final Dist 100 = 1.319 | Final Dist 1000 = 1.237 | Init Dist = 12.806 | Init Dist 10 = 12.806 | Init Dist 100 = 12.806 | Init Dist 1000 = 12.806 | Learner Steps = 18886 | Learner Walltime = 3723.093 | Min Dist = 0.076 | Min Dist 10 = 0.113 | Min Dist 100 = 0.655 | Min Dist 1000 = 0.529 | Steps Per Second = 74.326 | Success = 1.000 | Success 1000 = 0.939
I0502 16:08:20.224644 139569349502528 terminal.py:91] [Actor] Actor Episodes = 24376 | Actor Steps = 1218800 | Delta Dist = 4.718 | Delta Dist 10 = 3.759 | Delta Dist 100 = 4.363 | Delta Dist 1000 = 4.442 | Episode Length = 50 | Episode Return = 42.0 | Evaluator Episodes = 6177 | Evaluator Steps = 308850 | Final Dist = 0.282 | Final Dist 10 = 2.880 | Final Dist 100 = 1.470 | Final Dist 1000 = 1.465 | Init Dist = 5.000 | Init Dist 10 = 6.639 | Init Dist 100 = 5.833 | Init Dist 1000 = 5.907 | Learner Steps = 18886 | Learner Walltime = 3723.093 | Min Dist = 0.125 | Min Dist 10 = 0.193 | Min Dist 100 = 0.171 | Min Dist 1000 = 0.205 | Steps Per Second = 72.143 | Success = 1.000 | Success 1000 = 0.993
I0502 16:08:20.949462 139557462840896 terminal.py:91] [Actor] Actor Episodes = 24380 | Actor Steps = 1219000 | Delta Dist = -0.002 | Delta Dist 10 = 4.153 | Delta Dist 100 = 4.293 | Delta Dist 1000 = 4.426 | Episode Length = 50 | Episode Return = 0.0 | Evaluator Episodes = 6179 | Evaluator Steps = 308950 | Final Dist = 5.002 | Final Dist 10 = 1.861 | Final Dist 100 = 1.402 | Final Dist 1000 = 1.467 | Init Dist = 5.000 | Init Dist 10 = 6.014 | Init Dist 100 = 5.695 | Init Dist 1000 = 5.893 | Learner Steps = 18886 | Learner Walltime = 3723.093 | Min Dist = 0.102 | Min Dist 10 = 0.196 | Min Dist 100 = 0.165 | Min Dist 1000 = 0.205 | Steps Per Second = 79.656 | Success = 1.000 | Success 1000 = 0.993
I0502 16:08:21.389788 139579566835264 terminal.py:91] [Evaluator] Actor Episodes = 24385 | Actor Steps = 1219250 | Delta Dist = 12.274 | Delta Dist 10 = 12.128 | Delta Dist 100 = 11.495 | Delta Dist 1000 = 11.571 | Episode Length = 50 | Episode Return = 21.0 | Evaluator Episodes = 6181 | Evaluator Steps = 309050 | Final Dist = 0.532 | Final Dist 10 = 0.679 | Final Dist 100 = 1.311 | Final Dist 1000 = 1.235 | Init Dist = 12.806 | Init Dist 10 = 12.806 | Init Dist 100 = 12.806 | Init Dist 1000 = 12.806 | Learner Steps = 18893 | Learner Walltime = 3724.672 | Min Dist = 0.523 | Min Dist 10 = 0.111 | Min Dist 100 = 0.655 | Min Dist 1000 = 0.529 | Steps Per Second = 72.662 | Success = 1.000 | Success 1000 = 0.939
I0502 16:08:21.805229 139584504182336 lp_utils.py:96] StepsLimiter: Reached 1219350 recorded steps
I0502 16:08:22.821519 139579566835264 terminal.py:91] [Evaluator] Actor Episodes = 24393 | Actor Steps = 1219650 | Delta Dist = 11.276 | Delta Dist 10 = 12.080 | Delta Dist 100 = 11.499 | Delta Dist 1000 = 11.571 | Episode Length = 50 | Episode Return = 12.0 | Evaluator Episodes = 6183 | Evaluator Steps = 309150 | Final Dist = 1.530 | Final Dist 10 = 0.726 | Final Dist 100 = 1.307 | Final Dist 1000 = 1.235 | Init Dist = 12.806 | Init Dist 10 = 12.806 | Init Dist 100 = 12.806 | Init Dist 1000 = 12.806 | Learner Steps = 18899 | Learner Walltime = 3725.799 | Min Dist = 0.058 | Min Dist 10 = 0.174 | Min Dist 100 = 0.650 | Min Dist 1000 = 0.529 | Steps Per Second = 74.575 | Success = 1.000 | Success 1000 = 0.939
I0502 16:08:24.101019 139579566835264 terminal.py:91] [Evaluator] Actor Episodes = 24401 | Actor Steps = 1220050 | Delta Dist = 11.256 | Delta Dist 10 = 11.823 | Delta Dist 100 = 11.490 | Delta Dist 1000 = 11.570 | Episode Length = 50 | Episode Return = 17.0 | Evaluator Episodes = 6185 | Evaluator Steps = 309250 | Final Dist = 1.550 | Final Dist 10 = 0.983 | Final Dist 100 = 1.316 | Final Dist 1000 = 1.236 | Init Dist = 12.806 | Init Dist 10 = 12.806 | Init Dist 100 = 12.806 | Init Dist 1000 = 12.806 | Learner Steps = 18905 | Learner Walltime = 3727.197 | Min Dist = 0.025 | Min Dist 10 = 0.266 | Min Dist 100 = 0.651 | Min Dist 1000 = 0.530 | Steps Per Second = 77.590 | Success = 1.000 | Success 1000 = 0.938
I0502 16:08:25.085832 139555013154368 terminal.py:91] [Learner] Actor Episodes = 24403 | Actor Loss = 3.635756731033325 | Actor Steps = 1220150 | Binary Accuracy = 0.9960184097290039 | Categorical Accuracy = 0.4267578125 | Critic Loss = 1.8208026885986328 | Entropy Mean = -20.749588012695312 | Evaluator Episodes = 6185 | Evaluator Steps = 309250 | Learner Steps = 18915 | Learner Walltime = 3729.275 | Logits Neg = -16.856887817382812 | Logits Pos = -1.807706356048584 | Logsumexp = 1.217238426208496 | Steps Per Second = 141.814
I0502 16:08:25.431240 139579566835264 terminal.py:91] [Evaluator] Actor Episodes = 24409 | Actor Steps = 1220450 | Delta Dist = 12.020 | Delta Dist 10 = 11.823 | Delta Dist 100 = 11.481 | Delta Dist 1000 = 11.571 | Episode Length = 50 | Episode Return = 37.0 | Evaluator Episodes = 6187 | Evaluator Steps = 309350 | Final Dist = 0.787 | Final Dist 10 = 0.983 | Final Dist 100 = 1.325 | Final Dist 1000 = 1.235 | Init Dist = 12.806 | Init Dist 10 = 12.806 | Init Dist 100 = 12.806 | Init Dist 1000 = 12.806 | Learner Steps = 18911 | Learner Walltime = 3728.618 | Min Dist = 0.200 | Min Dist 10 = 0.242 | Min Dist 100 = 0.646 | Min Dist 1000 = 0.530 | Steps Per Second = 74.349 | Success = 1.000 | Success 1000 = 0.938
I0502 16:08:26.258716 139558059398720 terminal.py:91] [Actor] Actor Episodes = 24413 | Actor Steps = 1220650 | Delta Dist = 2.705 | Delta Dist 10 = 4.658 | Delta Dist 100 = 4.541 | Delta Dist 1000 = 4.482 | Episode Length = 50 | Episode Return = 26.0 | Evaluator Episodes = 6187 | Evaluator Steps = 309350 | Final Dist = 0.295 | Final Dist 10 = 1.433 | Final Dist 100 = 1.412 | Final Dist 1000 = 1.458 | Init Dist = 3.000 | Init Dist 10 = 6.091 | Init Dist 100 = 5.953 | Init Dist 1000 = 5.940 | Learner Steps = 18918 | Learner Walltime = 3729.935 | Min Dist = 0.021 | Min Dist 10 = 0.131 | Min Dist 100 = 0.178 | Min Dist 1000 = 0.208 | Steps Per Second = 74.696 | Success = 1.000 | Success 1000 = 0.993
I0502 16:08:26.686278 139579566835264 terminal.py:91] [Evaluator] Actor Episodes = 24417 | Actor Steps = 1220850 | Delta Dist = 12.571 | Delta Dist 10 = 11.865 | Delta Dist 100 = 11.486 | Delta Dist 1000 = 11.578 | Episode Length = 50 | Episode Return = 16.0 | Evaluator Episodes = 6189 | Evaluator Steps = 309450 | Final Dist = 0.235 | Final Dist 10 = 0.942 | Final Dist 100 = 1.320 | Final Dist 1000 = 1.228 | Init Dist = 12.806 | Init Dist 10 = 12.806 | Init Dist 100 = 12.806 | Init Dist 1000 = 12.806 | Learner Steps = 18918 | Learner Walltime = 3729.935 | Min Dist = 0.089 | Min Dist 10 = 0.266 | Min Dist 100 = 0.648 | Min Dist 1000 = 0.523 | Steps Per Second = 84.271 | Success = 1.000 | Success 1000 = 0.939
I0502 16:08:27.795080 139555860620864 terminal.py:91] [Actor] Actor Episodes = 24425 | Actor Steps = 1221250 | Delta Dist = 5.191 | Delta Dist 10 = 3.566 | Delta Dist 100 = 4.481 | Delta Dist 1000 = 4.462 | Episode Length = 50 | Episode Return = 32.0 | Evaluator Episodes = 6189 | Evaluator Steps = 309450 | Final Dist = 0.892 | Final Dist 10 = 2.068 | Final Dist 100 = 1.459 | Final Dist 1000 = 1.467 | Init Dist = 6.083 | Init Dist 10 = 5.634 | Init Dist 100 = 5.940 | Init Dist 1000 = 5.929 | Learner Steps = 18924 | Learner Walltime = 3731.254 | Min Dist = 0.038 | Min Dist 10 = 0.066 | Min Dist 100 = 0.156 | Min Dist 1000 = 0.207 | Steps Per Second = 84.008 | Success = 1.000 | Success 1000 = 0.993
I0502 16:08:27.927488 139579566835264 terminal.py:91] [Evaluator] Actor Episodes = 24425 | Actor Steps = 1221250 | Delta Dist = 12.447 | Delta Dist 10 = 11.882 | Delta Dist 100 = 11.504 | Delta Dist 1000 = 11.580 | Episode Length = 50 | Episode Return = 23.0 | Evaluator Episodes = 6191 | Evaluator Steps = 309550 | Final Dist = 0.359 | Final Dist 10 = 0.924 | Final Dist 100 = 1.303 | Final Dist 1000 = 1.227 | Init Dist = 12.806 | Init Dist 10 = 12.806 | Init Dist 100 = 12.806 | Init Dist 1000 = 12.806 | Learner Steps = 18924 | Learner Walltime = 3731.254 | Min Dist = 0.038 | Min Dist 10 = 0.257 | Min Dist 100 = 0.644 | Min Dist 1000 = 0.522 | Steps Per Second = 82.894 | Success = 1.000 | Success 1000 = 0.939
I0502 16:08:29.325257 139579566835264 terminal.py:91] [Evaluator] Actor Episodes = 24433 | Actor Steps = 1221650 | Delta Dist = 12.094 | Delta Dist 10 = 11.957 | Delta Dist 100 = 11.511 | Delta Dist 1000 = 11.581 | Episode Length = 50 | Episode Return = 15.0 | Evaluator Episodes = 6193 | Evaluator Steps = 309650 | Final Dist = 0.713 | Final Dist 10 = 0.849 | Final Dist 100 = 1.295 | Final Dist 1000 = 1.226 | Init Dist = 12.806 | Init Dist 10 = 12.806 | Init Dist 100 = 12.806 | Init Dist 1000 = 12.806 | Learner Steps = 18935 | Learner Walltime = 3733.361 | Min Dist = 0.356 | Min Dist 10 = 0.203 | Min Dist 100 = 0.634 | Min Dist 1000 = 0.522 | Steps Per Second = 72.545 | Success = 1.000 | Success 1000 = 0.939
I0502 16:08:30.687405 139579566835264 terminal.py:91] [Evaluator] Actor Episodes = 24441 | Actor Steps = 1222050 | Delta Dist = 11.449 | Delta Dist 10 = 12.113 | Delta Dist 100 = 11.505 | Delta Dist 1000 = 11.581 | Episode Length = 50 | Episode Return = 3.0 | Evaluator Episodes = 6195 | Evaluator Steps = 309750 | Final Dist = 1.357 | Final Dist 10 = 0.693 | Final Dist 100 = 1.301 | Final Dist 1000 = 1.225 | Init Dist = 12.806 | Init Dist 10 = 12.806 | Init Dist 100 = 12.806 | Init Dist 1000 = 12.806 | Learner Steps = 18940 | Learner Walltime = 3734.686 | Min Dist = 0.092 | Min Dist 10 = 0.151 | Min Dist 100 = 0.636 | Min Dist 1000 = 0.522 | Steps Per Second = 82.714 | Success = 1.000 | Success 1000 = 0.939
I0502 16:08:30.838005 139569349502528 terminal.py:91] [Actor] Actor Episodes = 24438 | Actor Steps = 1221900 | Delta Dist = 5.561 | Delta Dist 10 = 4.178 | Delta Dist 100 = 4.325 | Delta Dist 1000 = 4.440 | Episode Length = 50 | Episode Return = 37.0 | Evaluator Episodes = 6193 | Evaluator Steps = 309650 | Final Dist = 0.270 | Final Dist 10 = 1.569 | Final Dist 100 = 1.596 | Final Dist 1000 = 1.473 | Init Dist = 5.831 | Init Dist 10 = 5.747 | Init Dist 100 = 5.921 | Init Dist 1000 = 5.913 | Learner Steps = 18935 | Learner Walltime = 3733.361 | Min Dist = 0.007 | Min Dist 10 = 0.109 | Min Dist 100 = 0.144 | Min Dist 1000 = 0.205 | Steps Per Second = 78.491 | Success = 1.000 | Success 1000 = 0.993
I0502 16:08:31.022480 139557462840896 terminal.py:91] [Actor] Actor Episodes = 24443 | Actor Steps = 1222150 | Delta Dist = 0.893 | Delta Dist 10 = 4.884 | Delta Dist 100 = 4.279 | Delta Dist 1000 = 4.448 | Episode Length = 50 | Episode Return = 44.0 | Evaluator Episodes = 6195 | Evaluator Steps = 309750 | Final Dist = 0.107 | Final Dist 10 = 1.466 | Final Dist 100 = 1.601 | Final Dist 1000 = 1.471 | Init Dist = 1.000 | Init Dist 10 = 6.350 | Init Dist 100 = 5.880 | Init Dist 1000 = 5.919 | Learner Steps = 18940 | Learner Walltime = 3734.686 | Min Dist = 0.105 | Min Dist 10 = 0.094 | Min Dist 100 = 0.145 | Min Dist 1000 = 0.205 | Steps Per Second = 78.607 | Success = 1.000 | Success 1000 = 0.993
I0502 16:08:31.821084 139584504182336 lp_utils.py:96] StepsLimiter: Reached 1222450 recorded steps
I0502 16:08:31.982485 139579566835264 terminal.py:91] [Evaluator] Actor Episodes = 24449 | Actor Steps = 1222450 | Delta Dist = 11.446 | Delta Dist 10 = 12.090 | Delta Dist 100 = 11.495 | Delta Dist 1000 = 11.588 | Episode Length = 50 | Episode Return = 1.0 | Evaluator Episodes = 6197 | Evaluator Steps = 309850 | Final Dist = 1.360 | Final Dist 10 = 0.716 | Final Dist 100 = 1.311 | Final Dist 1000 = 1.219 | Init Dist = 12.806 | Init Dist 10 = 12.806 | Init Dist 100 = 12.806 | Init Dist 1000 = 12.806 | Learner Steps = 18946 | Learner Walltime = 3735.965 | Min Dist = 0.233 | Min Dist 10 = 0.165 | Min Dist 100 = 0.631 | Min Dist 1000 = 0.515 | Steps Per Second = 76.376 | Success = 1.000 | Success 1000 = 0.940
I0502 16:08:33.385900 139579566835264 terminal.py:91] [Evaluator] Actor Episodes = 24457 | Actor Steps = 1222850 | Delta Dist = 12.232 | Delta Dist 10 = 11.970 | Delta Dist 100 = 11.489 | Delta Dist 1000 = 11.593 | Episode Length = 50 | Episode Return = 19.0 | Evaluator Episodes = 6199 | Evaluator Steps = 309950 | Final Dist = 0.574 | Final Dist 10 = 0.836 | Final Dist 100 = 1.318 | Final Dist 1000 = 1.213 | Init Dist = 12.806 | Init Dist 10 = 12.806 | Init Dist 100 = 12.806 | Init Dist 1000 = 12.806 | Learner Steps = 18951 | Learner Walltime = 3737.198 | Min Dist = 0.017 | Min Dist 10 = 0.145 | Min Dist 100 = 0.629 | Min Dist 1000 = 0.508 | Steps Per Second = 73.630 | Success = 1.000 | Success 1000 = 0.941
I0502 16:08:34.640478 139579566835264 terminal.py:91] [Evaluator] Actor Episodes = 24465 | Actor Steps = 1223250 | Delta Dist = 11.845 | Delta Dist 10 = 11.865 | Delta Dist 100 = 11.492 | Delta Dist 1000 = 11.593 | Episode Length = 50 | Episode Return = 15.0 | Evaluator Episodes = 6201 | Evaluator Steps = 310050 | Final Dist = 0.962 | Final Dist 10 = 0.942 | Final Dist 100 = 1.314 | Final Dist 1000 = 1.213 | Init Dist = 12.806 | Init Dist 10 = 12.806 | Init Dist 100 = 12.806 | Init Dist 1000 = 12.806 | Learner Steps = 18958 | Learner Walltime = 3738.369 | Min Dist = 0.233 | Min Dist 10 = 0.177 | Min Dist 100 = 0.632 | Min Dist 1000 = 0.508 | Steps Per Second = 78.175 | Success = 1.000 | Success 1000 = 0.941
I0502 16:08:35.118959 139555013154368 terminal.py:91] [Learner] Actor Episodes = 24461 | Actor Loss = 3.713014602661133 | Actor Steps = 1223050 | Binary Accuracy = 0.9960799217224121 | Categorical Accuracy = 0.4287109375 | Critic Loss = 1.8075731992721558 | Entropy Mean = -18.87200164794922 | Evaluator Episodes = 6199 | Evaluator Steps = 309950 | Learner Steps = 18963 | Learner Walltime = 3739.314 | Logits Neg = -17.436870574951172 | Logits Pos = -1.8129792213439941 | Logsumexp = 1.0175769329071045 | Steps Per Second = 1078.067
I0502 16:08:35.983391 139579566835264 terminal.py:91] [Evaluator] Actor Episodes = 24473 | Actor Steps = 1223650 | Delta Dist = 11.887 | Delta Dist 10 = 11.271 | Delta Dist 100 = 11.485 | Delta Dist 1000 = 11.587 | Episode Length = 50 | Episode Return = 21.0 | Evaluator Episodes = 6203 | Evaluator Steps = 310150 | Final Dist = 0.919 | Final Dist 10 = 1.535 | Final Dist 100 = 1.321 | Final Dist 1000 = 1.219 | Init Dist = 12.806 | Init Dist 10 = 12.806 | Init Dist 100 = 12.806 | Init Dist 1000 = 12.806 | Learner Steps = 18964 | Learner Walltime = 3739.628 | Min Dist = 0.148 | Min Dist 10 = 0.752 | Min Dist 100 = 0.631 | Min Dist 1000 = 0.514 | Steps Per Second = 70.590 | Success = 1.000 | Success 1000 = 0.940
I0502 16:08:36.332070 139558059398720 terminal.py:91] [Actor] Actor Episodes = 24474 | Actor Steps = 1223700 | Delta Dist = 1.755 | Delta Dist 10 = 4.193 | Delta Dist 100 = 4.455 | Delta Dist 1000 = 4.415 | Episode Length = 50 | Episode Return = 35.0 | Evaluator Episodes = 6201 | Evaluator Steps = 310050 | Final Dist = 0.482 | Final Dist 10 = 1.643 | Final Dist 100 = 1.685 | Final Dist 1000 = 1.493 | Init Dist = 2.236 | Init Dist 10 = 5.836 | Init Dist 100 = 6.140 | Init Dist 1000 = 5.908 | Learner Steps = 18964 | Learner Walltime = 3739.628 | Min Dist = 0.097 | Min Dist 10 = 1.263 | Min Dist 100 = 0.357 | Min Dist 1000 = 0.227 | Steps Per Second = 68.798 | Success = 1.000 | Success 1000 = 0.994
I0502 16:08:37.296077 139579566835264 terminal.py:91] [Evaluator] Actor Episodes = 24481 | Actor Steps = 1224050 | Delta Dist = 11.916 | Delta Dist 10 = 11.294 | Delta Dist 100 = 11.489 | Delta Dist 1000 = 11.587 | Episode Length = 50 | Episode Return = 18.0 | Evaluator Episodes = 6205 | Evaluator Steps = 310250 | Final Dist = 0.891 | Final Dist 10 = 1.512 | Final Dist 100 = 1.318 | Final Dist 1000 = 1.219 | Init Dist = 12.806 | Init Dist 10 = 12.806 | Init Dist 100 = 12.806 | Init Dist 1000 = 12.806 | Learner Steps = 18970 | Learner Walltime = 3740.964 | Min Dist = 0.152 | Min Dist 10 = 0.773 | Min Dist 100 = 0.634 | Min Dist 1000 = 0.514 | Steps Per Second = 74.605 | Success = 1.000 | Success 1000 = 0.940
I0502 16:08:37.952197 139555860620864 terminal.py:91] [Actor] Actor Episodes = 24485 | Actor Steps = 1224250 | Delta Dist = 4.805 | Delta Dist 10 = 3.524 | Delta Dist 100 = 4.490 | Delta Dist 1000 = 4.405 | Episode Length = 50 | Episode Return = 50.0 | Evaluator Episodes = 6205 | Evaluator Steps = 310250 | Final Dist = 0.294 | Final Dist 10 = 1.307 | Final Dist 100 = 1.613 | Final Dist 1000 = 1.496 | Init Dist = 5.099 | Init Dist 10 = 4.831 | Init Dist 100 = 6.103 | Init Dist 1000 = 5.902 | Learner Steps = 18970 | Learner Walltime = 3740.964 | Min Dist = 0.002 | Min Dist 10 = 0.619 | Min Dist 100 = 0.367 | Min Dist 1000 = 0.233 | Steps Per Second = 97.244 | Success = 1.000 | Success 1000 = 0.993
I0502 16:08:38.660716 139579566835264 terminal.py:91] [Evaluator] Actor Episodes = 24489 | Actor Steps = 1224450 | Delta Dist = 12.672 | Delta Dist 10 = 11.251 | Delta Dist 100 = 11.539 | Delta Dist 1000 = 11.587 | Episode Length = 50 | Episode Return = 10.0 | Evaluator Episodes = 6207 | Evaluator Steps = 310350 | Final Dist = 0.134 | Final Dist 10 = 1.556 | Final Dist 100 = 1.267 | Final Dist 1000 = 1.219 | Init Dist = 12.806 | Init Dist 10 = 12.806 | Init Dist 100 = 12.806 | Init Dist 1000 = 12.806 | Learner Steps = 18977 | Learner Walltime = 3742.334 | Min Dist = 0.134 | Min Dist 10 = 0.773 | Min Dist 100 = 0.580 | Min Dist 1000 = 0.513 | Steps Per Second = 67.471 | Success = 1.000 | Success 1000 = 0.941
I0502 16:08:39.887487 139579566835264 terminal.py:91] [Evaluator] Actor Episodes = 24499 | Actor Steps = 1224950 | Delta Dist = 11.645 | Delta Dist 10 = 11.491 | Delta Dist 100 = 11.601 | Delta Dist 1000 = 11.589 | Episode Length = 50 | Episode Return = 20.0 | Evaluator Episodes = 6209 | Evaluator Steps = 310450 | Final Dist = 1.161 | Final Dist 10 = 1.315 | Final Dist 100 = 1.206 | Final Dist 1000 = 1.217 | Init Dist = 12.806 | Init Dist 10 = 12.806 | Init Dist 100 = 12.806 | Init Dist 1000 = 12.806 | Learner Steps = 18983 | Learner Walltime = 3743.635 | Min Dist = 0.182 | Min Dist 10 = 0.765 | Min Dist 100 = 0.518 | Min Dist 1000 = 0.513 | Steps Per Second = 90.498 | Success = 1.000 | Success 1000 = 0.941
I0502 16:08:41.188255 139579566835264 terminal.py:91] [Evaluator] Actor Episodes = 24505 | Actor Steps = 1225250 | Delta Dist = 11.465 | Delta Dist 10 = 11.428 | Delta Dist 100 = 11.586 | Delta Dist 1000 = 11.589 | Episode Length = 50 | Episode Return = 8.0 | Evaluator Episodes = 6211 | Evaluator Steps = 310550 | Final Dist = 1.341 | Final Dist 10 = 1.378 | Final Dist 100 = 1.220 | Final Dist 1000 = 1.217 | Init Dist = 12.806 | Init Dist 10 = 12.806 | Init Dist 100 = 12.806 | Init Dist 1000 = 12.806 | Learner Steps = 18990 | Learner Walltime = 3744.973 | Min Dist = 0.163 | Min Dist 10 = 0.753 | Min Dist 100 = 0.519 | Min Dist 1000 = 0.513 | Steps Per Second = 80.439 | Success = 1.000 | Success 1000 = 0.941
I0502 16:08:41.237370 139569349502528 terminal.py:91] [Actor] Actor Episodes = 24502 | Actor Steps = 1225100 | Delta Dist = 8.606 | Delta Dist 10 = 4.443 | Delta Dist 100 = 4.152 | Delta Dist 1000 = 4.392 | Episode Length = 50 | Episode Return = 16.0 | Evaluator Episodes = 6209 | Evaluator Steps = 310450 | Final Dist = 0.881 | Final Dist 10 = 1.604 | Final Dist 100 = 1.824 | Final Dist 1000 = 1.508 | Init Dist = 9.487 | Init Dist 10 = 6.047 | Init Dist 100 = 5.976 | Init Dist 1000 = 5.899 | Learner Steps = 18983 | Learner Walltime = 3743.635 | Min Dist = 0.026 | Min Dist 10 = 0.860 | Min Dist 100 = 0.452 | Min Dist 1000 = 0.242 | Steps Per Second = 71.363 | Success = 1.000 | Success 1000 = 0.992
I0502 16:08:41.328043 139557462840896 terminal.py:91] [Actor] Actor Episodes = 24507 | Actor Steps = 1225350 | Delta Dist = -2.982 | Delta Dist 10 = 4.038 | Delta Dist 100 = 4.280 | Delta Dist 1000 = 4.393 | Episode Length = 50 | Episode Return = 0.0 | Evaluator Episodes = 6211 | Evaluator Steps = 310550 | Final Dist = 5.218 | Final Dist 10 = 2.088 | Final Dist 100 = 1.860 | Final Dist 1000 = 1.511 | Init Dist = 2.236 | Init Dist 10 = 6.126 | Init Dist 100 = 6.140 | Init Dist 1000 = 5.904 | Learner Steps = 18990 | Learner Walltime = 3744.973 | Min Dist = 0.606 | Min Dist 10 = 0.861 | Min Dist 100 = 0.448 | Min Dist 1000 = 0.242 | Steps Per Second = 79.249 | Success = 1.000 | Success 1000 = 0.992
I0502 16:08:41.842279 139584504182336 lp_utils.py:96] StepsLimiter: Reached 1225350 recorded steps
I0502 16:08:42.474748 139579566835264 terminal.py:91] [Evaluator] Actor Episodes = 24513 | Actor Steps = 1225650 | Delta Dist = 12.342 | Delta Dist 10 = 11.925 | Delta Dist 100 = 11.581 | Delta Dist 1000 = 11.589 | Episode Length = 50 | Episode Return = 29.0 | Evaluator Episodes = 6213 | Evaluator Steps = 310650 | Final Dist = 0.465 | Final Dist 10 = 0.882 | Final Dist 100 = 1.225 | Final Dist 1000 = 1.217 | Init Dist = 12.806 | Init Dist 10 = 12.806 | Init Dist 100 = 12.806 | Init Dist 1000 = 12.806 | Learner Steps = 18996 | Learner Walltime = 3746.343 | Min Dist = 0.085 | Min Dist 10 = 0.184 | Min Dist 100 = 0.517 | Min Dist 1000 = 0.512 | Steps Per Second = 75.316 | Success = 1.000 | Success 1000 = 0.941
I0502 16:08:43.762375 139579566835264 terminal.py:91] [Evaluator] Actor Episodes = 24521 | Actor Steps = 1226050 | Delta Dist = 11.590 | Delta Dist 10 = 11.963 | Delta Dist 100 = 11.582 | Delta Dist 1000 = 11.590 | Episode Length = 50 | Episode Return = 14.0 | Evaluator Episodes = 6215 | Evaluator Steps = 310750 | Final Dist = 1.216 | Final Dist 10 = 0.843 | Final Dist 100 = 1.224 | Final Dist 1000 = 1.216 | Init Dist = 12.806 | Init Dist 10 = 12.806 | Init Dist 100 = 12.806 | Init Dist 1000 = 12.806 | Learner Steps = 19001 | Learner Walltime = 3747.383 | Min Dist = 0.062 | Min Dist 10 = 0.126 | Min Dist 100 = 0.517 | Min Dist 1000 = 0.512 | Steps Per Second = 80.601 | Success = 1.000 | Success 1000 = 0.941
I0502 16:08:45.063958 139579566835264 terminal.py:91] [Evaluator] Actor Episodes = 24529 | Actor Steps = 1226450 | Delta Dist = 12.369 | Delta Dist 10 = 11.977 | Delta Dist 100 = 11.577 | Delta Dist 1000 = 11.590 | Episode Length = 50 | Episode Return = 25.0 | Evaluator Episodes = 6217 | Evaluator Steps = 310850 | Final Dist = 0.437 | Final Dist 10 = 0.829 | Final Dist 100 = 1.230 | Final Dist 1000 = 1.216 | Init Dist = 12.806 | Init Dist 10 = 12.806 | Init Dist 100 = 12.806 | Init Dist 1000 = 12.806 | Learner Steps = 19008 | Learner Walltime = 3748.781 | Min Dist = 0.107 | Min Dist 10 = 0.123 | Min Dist 100 = 0.517 | Min Dist 1000 = 0.511 | Steps Per Second = 74.508 | Success = 1.000 | Success 1000 = 0.941
I0502 16:08:45.257575 139555013154368 terminal.py:91] [Learner] Actor Episodes = 24525 | Actor Loss = 3.6676576137542725 | Actor Steps = 1226250 | Binary Accuracy = 0.9960334300994873 | Categorical Accuracy = 0.40716552734375 | Critic Loss = 1.8914830684661865 | Entropy Mean = -19.607898712158203 | Evaluator Episodes = 6215 | Evaluator Steps = 310750 | Learner Steps = 19011 | Learner Walltime = 3749.449 | Logits Neg = -16.995243072509766 | Logits Pos = -1.8777084350585938 | Logsumexp = 1.1459629535675049 | Steps Per Second = 129.380
I0502 16:08:46.395735 139579566835264 terminal.py:91] [Evaluator] Actor Episodes = 24537 | Actor Steps = 1226850 | Delta Dist = 11.351 | Delta Dist 10 = 11.884 | Delta Dist 100 = 11.587 | Delta Dist 1000 = 11.590 | Episode Length = 50 | Episode Return = 5.0 | Evaluator Episodes = 6219 | Evaluator Steps = 310950 | Final Dist = 1.455 | Final Dist 10 = 0.922 | Final Dist 100 = 1.219 | Final Dist 1000 = 1.216 | Init Dist = 12.806 | Init Dist 10 = 12.806 | Init Dist 100 = 12.806 | Init Dist 1000 = 12.806 | Learner Steps = 19014 | Learner Walltime = 3749.884 | Min Dist = 0.259 | Min Dist 10 = 0.116 | Min Dist 100 = 0.509 | Min Dist 1000 = 0.511 | Steps Per Second = 75.816 | Success = 1.000 | Success 1000 = 0.941
I0502 16:08:46.760526 139558059398720 terminal.py:91] [Actor] Actor Episodes = 24538 | Actor Steps = 1226900 | Delta Dist = 7.443 | Delta Dist 10 = 4.775 | Delta Dist 100 = 4.458 | Delta Dist 1000 = 4.378 | Episode Length = 50 | Episode Return = 12.0 | Evaluator Episodes = 6217 | Evaluator Steps = 310850 | Final Dist = 0.619 | Final Dist 10 = 1.574 | Final Dist 100 = 1.819 | Final Dist 1000 = 1.516 | Init Dist = 8.062 | Init Dist 10 = 6.349 | Init Dist 100 = 6.277 | Init Dist 1000 = 5.895 | Learner Steps = 19014 | Learner Walltime = 3749.884 | Min Dist = 0.020 | Min Dist 10 = 0.075 | Min Dist 100 = 0.447 | Min Dist 1000 = 0.231 | Steps Per Second = 82.590 | Success = 1.000 | Success 1000 = 0.992
I0502 16:08:47.574012 139579566835264 terminal.py:91] [Evaluator] Actor Episodes = 24545 | Actor Steps = 1227250 | Delta Dist = 11.806 | Delta Dist 10 = 11.820 | Delta Dist 100 = 11.582 | Delta Dist 1000 = 11.590 | Episode Length = 50 | Episode Return = 15.0 | Evaluator Episodes = 6221 | Evaluator Steps = 311050 | Final Dist = 1.000 | Final Dist 10 = 0.986 | Final Dist 100 = 1.225 | Final Dist 1000 = 1.216 | Init Dist = 12.806 | Init Dist 10 = 12.806 | Init Dist 100 = 12.806 | Init Dist 1000 = 12.806 | Learner Steps = 19020 | Learner Walltime = 3751.116 | Min Dist = 0.324 | Min Dist 10 = 0.124 | Min Dist 100 = 0.509 | Min Dist 1000 = 0.511 | Steps Per Second = 80.220 | Success = 1.000 | Success 1000 = 0.941
I0502 16:08:48.126605 139555860620864 terminal.py:91] [Actor] Actor Episodes = 24545 | Actor Steps = 1227250 | Delta Dist = 6.998 | Delta Dist 10 = 4.452 | Delta Dist 100 = 4.459 | Delta Dist 1000 = 4.381 | Episode Length = 50 | Episode Return = 25.0 | Evaluator Episodes = 6219 | Evaluator Steps = 310950 | Final Dist = 0.282 | Final Dist 10 = 1.186 | Final Dist 100 = 1.820 | Final Dist 1000 = 1.522 | Init Dist = 7.280 | Init Dist 10 = 5.638 | Init Dist 100 = 6.279 | Init Dist 1000 = 5.903 | Learner Steps = 19020 | Learner Walltime = 3751.116 | Min Dist = 0.231 | Min Dist 10 = 0.030 | Min Dist 100 = 0.410 | Min Dist 1000 = 0.231 | Steps Per Second = 94.420 | Success = 1.000 | Success 1000 = 0.992
I0502 16:08:48.774402 139579566835264 terminal.py:91] [Evaluator] Actor Episodes = 24556 | Actor Steps = 1227800 | Delta Dist = 11.275 | Delta Dist 10 = 11.848 | Delta Dist 100 = 11.570 | Delta Dist 1000 = 11.589 | Episode Length = 50 | Episode Return = 26.0 | Evaluator Episodes = 6223 | Evaluator Steps = 311150 | Final Dist = 1.531 | Final Dist 10 = 0.958 | Final Dist 100 = 1.236 | Final Dist 1000 = 1.218 | Init Dist = 12.806 | Init Dist 10 = 12.806 | Init Dist 100 = 12.806 | Init Dist 1000 = 12.806 | Learner Steps = 19027 | Learner Walltime = 3752.469 | Min Dist = 0.011 | Min Dist 10 = 0.144 | Min Dist 100 = 0.512 | Min Dist 1000 = 0.512 | Steps Per Second = 81.781 | Success = 1.000 | Success 1000 = 0.941
I0502 16:08:50.030817 139579566835264 terminal.py:91] [Evaluator] Actor Episodes = 24564 | Actor Steps = 1228200 | Delta Dist = 12.426 | Delta Dist 10 = 11.682 | Delta Dist 100 = 11.557 | Delta Dist 1000 = 11.588 | Episode Length = 50 | Episode Return = 13.0 | Evaluator Episodes = 6225 | Evaluator Steps = 311250 | Final Dist = 0.380 | Final Dist 10 = 1.124 | Final Dist 100 = 1.249 | Final Dist 1000 = 1.218 | Init Dist = 12.806 | Init Dist 10 = 12.806 | Init Dist 100 = 12.806 | Init Dist 1000 = 12.806 | Learner Steps = 19033 | Learner Walltime = 3753.679 | Min Dist = 0.240 | Min Dist 10 = 0.158 | Min Dist 100 = 0.510 | Min Dist 1000 = 0.512 | Steps Per Second = 76.266 | Success = 1.000 | Success 1000 = 0.941
I0502 16:08:51.338183 139579566835264 terminal.py:91] [Evaluator] Actor Episodes = 24572 | Actor Steps = 1228600 | Delta Dist = 11.788 | Delta Dist 10 = 11.726 | Delta Dist 100 = 11.615 | Delta Dist 1000 = 11.589 | Episode Length = 50 | Episode Return = 25.0 | Evaluator Episodes = 6227 | Evaluator Steps = 311350 | Final Dist = 1.018 | Final Dist 10 = 1.080 | Final Dist 100 = 1.191 | Final Dist 1000 = 1.218 | Init Dist = 12.806 | Init Dist 10 = 12.806 | Init Dist 100 = 12.806 | Init Dist 1000 = 12.806 | Learner Steps = 19038 | Learner Walltime = 3754.808 | Min Dist = 0.368 | Min Dist 10 = 0.188 | Min Dist 100 = 0.462 | Min Dist 1000 = 0.512 | Steps Per Second = 73.084 | Success = 1.000 | Success 1000 = 0.941
I0502 16:08:51.388794 139569349502528 terminal.py:91] [Actor] Actor Episodes = 24567 | Actor Steps = 1228350 | Delta Dist = 1.256 | Delta Dist 10 = 2.585 | Delta Dist 100 = 4.150 | Delta Dist 1000 = 4.362 | Episode Length = 50 | Episode Return = 38.0 | Evaluator Episodes = 6225 | Evaluator Steps = 311250 | Final Dist = 0.158 | Final Dist 10 = 3.363 | Final Dist 100 = 1.904 | Final Dist 1000 = 1.527 | Init Dist = 1.414 | Init Dist 10 = 5.947 | Init Dist 100 = 6.053 | Init Dist 1000 = 5.890 | Learner Steps = 19038 | Learner Walltime = 3754.808 | Min Dist = 0.124 | Min Dist 10 = 0.765 | Min Dist 100 = 0.316 | Min Dist 1000 = 0.241 | Steps Per Second = 72.956 | Success = 1.000 | Success 1000 = 0.992
I0502 16:08:51.863372 139584504182336 lp_utils.py:96] StepsLimiter: Reached 1228600 recorded steps
I0502 16:08:51.934574 139557462840896 terminal.py:91] [Actor] Actor Episodes = 24571 | Actor Steps = 1228550 | Delta Dist = 1.797 | Delta Dist 10 = 2.884 | Delta Dist 100 = 4.167 | Delta Dist 1000 = 4.363 | Episode Length = 50 | Episode Return = 38.0 | Evaluator Episodes = 6225 | Evaluator Steps = 311250 | Final Dist = 0.439 | Final Dist 10 = 2.282 | Final Dist 100 = 1.909 | Final Dist 1000 = 1.528 | Init Dist = 2.236 | Init Dist 10 = 5.166 | Init Dist 100 = 6.076 | Init Dist 1000 = 5.891 | Learner Steps = 19038 | Learner Walltime = 3754.808 | Min Dist = 0.039 | Min Dist 10 = 0.763 | Min Dist 100 = 0.317 | Min Dist 1000 = 0.241 | Steps Per Second = 80.630 | Success = 1.000 | Success 1000 = 0.992
I0502 16:08:52.634443 139579566835264 terminal.py:91] [Evaluator] Actor Episodes = 24580 | Actor Steps = 1229000 | Delta Dist = 12.609 | Delta Dist 10 = 11.663 | Delta Dist 100 = 11.610 | Delta Dist 1000 = 11.588 | Episode Length = 50 | Episode Return = 28.0 | Evaluator Episodes = 6229 | Evaluator Steps = 311450 | Final Dist = 0.197 | Final Dist 10 = 1.143 | Final Dist 100 = 1.197 | Final Dist 1000 = 1.218 | Init Dist = 12.806 | Init Dist 10 = 12.806 | Init Dist 100 = 12.806 | Init Dist 1000 = 12.806 | Learner Steps = 19044 | Learner Walltime = 3756.051 | Min Dist = 0.141 | Min Dist 10 = 0.235 | Min Dist 100 = 0.465 | Min Dist 1000 = 0.512 | Steps Per Second = 74.047 | Success = 1.000 | Success 1000 = 0.941
I0502 16:08:54.019017 139579566835264 terminal.py:91] [Evaluator] Actor Episodes = 24588 | Actor Steps = 1229400 | Delta Dist = 11.601 | Delta Dist 10 = 11.871 | Delta Dist 100 = 11.629 | Delta Dist 1000 = 11.590 | Episode Length = 50 | Episode Return = 30.0 | Evaluator Episodes = 6231 | Evaluator Steps = 311550 | Final Dist = 1.205 | Final Dist 10 = 0.935 | Final Dist 100 = 1.178 | Final Dist 1000 = 1.216 | Init Dist = 12.806 | Init Dist 10 = 12.806 | Init Dist 100 = 12.806 | Init Dist 1000 = 12.806 | Learner Steps = 19051 | Learner Walltime = 3757.202 | Min Dist = 0.185 | Min Dist 10 = 0.226 | Min Dist 100 = 0.464 | Min Dist 1000 = 0.512 | Steps Per Second = 71.607 | Success = 1.000 | Success 1000 = 0.941
I0502 16:08:55.263095 139555013154368 terminal.py:91] [Learner] Actor Episodes = 24594 | Actor Loss = 3.527214288711548 | Actor Steps = 1229700 | Binary Accuracy = 0.996051549911499 | Categorical Accuracy = 0.4263916015625 | Critic Loss = 1.8325008153915405 | Entropy Mean = -18.549152374267578 | Evaluator Episodes = 6231 | Evaluator Steps = 311550 | Learner Steps = 19061 | Learner Walltime = 3759.459 | Logits Neg = -16.81960105895996 | Logits Pos = -1.8044042587280273 | Logsumexp = 1.1485798358917236 | Steps Per Second = 154.576
I0502 16:08:55.335601 139579566835264 terminal.py:91] [Evaluator] Actor Episodes = 24594 | Actor Steps = 1229700 | Delta Dist = 11.417 | Delta Dist 10 = 11.923 | Delta Dist 100 = 11.686 | Delta Dist 1000 = 11.591 | Episode Length = 50 | Episode Return = 15.0 | Evaluator Episodes = 6233 | Evaluator Steps = 311650 | Final Dist = 1.389 | Final Dist 10 = 0.884 | Final Dist 100 = 1.120 | Final Dist 1000 = 1.216 | Init Dist = 12.806 | Init Dist 10 = 12.806 | Init Dist 100 = 12.806 | Init Dist 1000 = 12.806 | Learner Steps = 19061 | Learner Walltime = 3759.459 | Min Dist = 0.045 | Min Dist 10 = 0.202 | Min Dist 100 = 0.403 | Min Dist 1000 = 0.512 | Steps Per Second = 79.710 | Success = 1.000 | Success 1000 = 0.941
I0502 16:08:56.540524 139579566835264 terminal.py:91] [Evaluator] Actor Episodes = 24602 | Actor Steps = 1230100 | Delta Dist = 11.796 | Delta Dist 10 = 11.337 | Delta Dist 100 = 11.691 | Delta Dist 1000 = 11.584 | Episode Length = 50 | Episode Return = 21.0 | Evaluator Episodes = 6235 | Evaluator Steps = 311750 | Final Dist = 1.010 | Final Dist 10 = 1.469 | Final Dist 100 = 1.115 | Final Dist 1000 = 1.222 | Init Dist = 12.806 | Init Dist 10 = 12.806 | Init Dist 100 = 12.806 | Init Dist 1000 = 12.806 | Learner Steps = 19061 | Learner Walltime = 3759.459 | Min Dist = 0.221 | Min Dist 10 = 0.854 | Min Dist 100 = 0.405 | Min Dist 1000 = 0.518 | Steps Per Second = 86.437 | Success = 1.000 | Success 1000 = 0.940
I0502 16:08:57.392102 139558059398720 terminal.py:91] [Actor] Actor Episodes = 24608 | Actor Steps = 1230400 | Delta Dist = 9.331 | Delta Dist 10 = 4.704 | Delta Dist 100 = 4.222 | Delta Dist 1000 = 4.372 | Episode Length = 50 | Episode Return = 42.0 | Evaluator Episodes = 6235 | Evaluator Steps = 311750 | Final Dist = 2.070 | Final Dist 10 = 0.448 | Final Dist 100 = 1.630 | Final Dist 1000 = 1.518 | Init Dist = 11.402 | Init Dist 10 = 5.153 | Init Dist 100 = 5.852 | Init Dist 1000 = 5.890 | Learner Steps = 19068 | Learner Walltime = 3760.864 | Min Dist = 0.101 | Min Dist 10 = 0.106 | Min Dist 100 = 0.185 | Min Dist 1000 = 0.232 | Steps Per Second = 78.078 | Success = 1.000 | Success 1000 = 0.991
I0502 16:08:57.655134 139579566835264 terminal.py:91] [Evaluator] Actor Episodes = 24608 | Actor Steps = 1230400 | Delta Dist = 11.841 | Delta Dist 10 = 11.352 | Delta Dist 100 = 11.687 | Delta Dist 1000 = 11.585 | Episode Length = 50 | Episode Return = 15.0 | Evaluator Episodes = 6237 | Evaluator Steps = 311850 | Final Dist = 0.965 | Final Dist 10 = 1.454 | Final Dist 100 = 1.120 | Final Dist 1000 = 1.221 | Init Dist = 12.806 | Init Dist 10 = 12.806 | Init Dist 100 = 12.806 | Init Dist 1000 = 12.806 | Learner Steps = 19068 | Learner Walltime = 3760.864 | Min Dist = 0.466 | Min Dist 10 = 0.890 | Min Dist 100 = 0.407 | Min Dist 1000 = 0.518 | Steps Per Second = 83.358 | Success = 1.000 | Success 1000 = 0.940
I0502 16:08:57.973886 139584635659840 savers.py:156] Saving checkpoint: logs/contrastive_cpc_point_FourRooms_64/5dd72662-2788-11f0-b183-d85ed38c5779/checkpoints/counter
I0502 16:08:58.616769 139555860620864 terminal.py:91] [Actor] Actor Episodes = 24613 | Actor Steps = 1230650 | Delta Dist = 5.444 | Delta Dist 10 = 5.561 | Delta Dist 100 = 4.271 | Delta Dist 1000 = 4.399 | Episode Length = 50 | Episode Return = 37.0 | Evaluator Episodes = 6237 | Evaluator Steps = 311850 | Final Dist = 0.387 | Final Dist 10 = 0.963 | Final Dist 100 = 1.619 | Final Dist 1000 = 1.506 | Init Dist = 5.831 | Init Dist 10 = 6.524 | Init Dist 100 = 5.890 | Init Dist 1000 = 5.905 | Learner Steps = 19073 | Learner Walltime = 3762.055 | Min Dist = 0.101 | Min Dist 10 = 0.132 | Min Dist 100 = 0.191 | Min Dist 1000 = 0.231 | Steps Per Second = 66.021 | Success = 1.000 | Success 1000 = 0.991
I0502 16:08:58.931418 139579566835264 terminal.py:91] [Evaluator] Actor Episodes = 24616 | Actor Steps = 1230800 | Delta Dist = 11.278 | Delta Dist 10 = 11.315 | Delta Dist 100 = 11.679 | Delta Dist 1000 = 11.586 | Episode Length = 50 | Episode Return = 21.0 | Evaluator Episodes = 6239 | Evaluator Steps = 311950 | Final Dist = 1.528 | Final Dist 10 = 1.491 | Final Dist 100 = 1.127 | Final Dist 1000 = 1.221 | Init Dist = 12.806 | Init Dist 10 = 12.806 | Init Dist 100 = 12.806 | Init Dist 1000 = 12.806 | Learner Steps = 19073 | Learner Walltime = 3762.055 | Min Dist = 0.261 | Min Dist 10 = 0.931 | Min Dist 100 = 0.417 | Min Dist 1000 = 0.519 | Steps Per Second = 82.605 | Success = 1.000 | Success 1000 = 0.940
I0502 16:08:59.233809 139583350109760 savers.py:156] Saving checkpoint: logs/contrastive_cpc_point_FourRooms_64/5dd72662-2788-11f0-b183-d85ed38c5779/checkpoints/learner
I0502 16:09:00.172606 139579566835264 terminal.py:91] [Evaluator] Actor Episodes = 24624 | Actor Steps = 1231200 | Delta Dist = 12.480 | Delta Dist 10 = 11.125 | Delta Dist 100 = 11.669 | Delta Dist 1000 = 11.585 | Episode Length = 50 | Episode Return = 20.0 | Evaluator Episodes = 6241 | Evaluator Steps = 312050 | Final Dist = 0.326 | Final Dist 10 = 1.681 | Final Dist 100 = 1.137 | Final Dist 1000 = 1.221 | Init Dist = 12.806 | Init Dist 10 = 12.806 | Init Dist 100 = 12.806 | Init Dist 1000 = 12.806 | Learner Steps = 19079 | Learner Walltime = 3763.344 | Min Dist = 0.158 | Min Dist 10 = 0.948 | Min Dist 100 = 0.420 | Min Dist 1000 = 0.519 | Steps Per Second = 78.804 | Success = 1.000 | Success 1000 = 0.940
I0502 16:09:01.442810 139579566835264 terminal.py:91] [Evaluator] Actor Episodes = 24632 | Actor Steps = 1231600 | Delta Dist = 11.853 | Delta Dist 10 = 11.221 | Delta Dist 100 = 11.681 | Delta Dist 1000 = 11.587 | Episode Length = 50 | Episode Return = 23.0 | Evaluator Episodes = 6243 | Evaluator Steps = 312150 | Final Dist = 0.953 | Final Dist 10 = 1.586 | Final Dist 100 = 1.125 | Final Dist 1000 = 1.220 | Init Dist = 12.806 | Init Dist 10 = 12.806 | Init Dist 100 = 12.806 | Init Dist 1000 = 12.806 | Learner Steps = 19090 | Learner Walltime = 3765.491 | Min Dist = 0.130 | Min Dist 10 = 0.958 | Min Dist 100 = 0.419 | Min Dist 1000 = 0.519 | Steps Per Second = 77.254 | Success = 1.000 | Success 1000 = 0.940
I0502 16:09:01.620103 139569349502528 terminal.py:91] [Actor] Actor Episodes = 24631 | Actor Steps = 1231550 | Delta Dist = -2.497 | Delta Dist 10 = 5.162 | Delta Dist 100 = 4.400 | Delta Dist 1000 = 4.411 | Episode Length = 50 | Episode Return = 0.0 | Evaluator Episodes = 6241 | Evaluator Steps = 312050 | Final Dist = 6.103 | Final Dist 10 = 1.553 | Final Dist 100 = 1.507 | Final Dist 1000 = 1.511 | Init Dist = 3.606 | Init Dist 10 = 6.715 | Init Dist 100 = 5.907 | Init Dist 1000 = 5.922 | Learner Steps = 19083 | Learner Walltime = 3764.380 | Min Dist = 0.172 | Min Dist 10 = 0.123 | Min Dist 100 = 0.193 | Min Dist 1000 = 0.231 | Steps Per Second = 80.411 | Success = 1.000 | Success 1000 = 0.992
I0502 16:09:01.883416 139584504182336 lp_utils.py:96] StepsLimiter: Reached 1231800 recorded steps
I0502 16:09:02.442743 139557462840896 terminal.py:91] [Actor] Actor Episodes = 24635 | Actor Steps = 1231750 | Delta Dist = 8.998 | Delta Dist 10 = 5.054 | Delta Dist 100 = 4.422 | Delta Dist 1000 = 4.419 | Episode Length = 50 | Episode Return = 38.0 | Evaluator Episodes = 6243 | Evaluator Steps = 312150 | Final Dist = 0.221 | Final Dist 10 = 1.644 | Final Dist 100 = 1.530 | Final Dist 1000 = 1.513 | Init Dist = 9.220 | Init Dist 10 = 6.699 | Init Dist 100 = 5.952 | Init Dist 1000 = 5.931 | Learner Steps = 19090 | Learner Walltime = 3765.491 | Min Dist = 0.050 | Min Dist 10 = 0.400 | Min Dist 100 = 0.226 | Min Dist 1000 = 0.234 | Steps Per Second = 77.379 | Success = 1.000 | Success 1000 = 0.992
I0502 16:09:02.615578 139579566835264 terminal.py:91] [Evaluator] Actor Episodes = 24638 | Actor Steps = 1231900 | Delta Dist = 11.440 | Delta Dist 10 = 11.897 | Delta Dist 100 = 11.682 | Delta Dist 1000 = 11.588 | Episode Length = 50 | Episode Return = 15.0 | Evaluator Episodes = 6245 | Evaluator Steps = 312250 | Final Dist = 1.367 | Final Dist 10 = 0.909 | Final Dist 100 = 1.125 | Final Dist 1000 = 1.218 | Init Dist = 12.806 | Init Dist 10 = 12.806 | Init Dist 100 = 12.806 | Init Dist 1000 = 12.806 | Learner Steps = 19095 | Learner Walltime = 3766.750 | Min Dist = 0.287 | Min Dist 10 = 0.321 | Min Dist 100 = 0.414 | Min Dist 1000 = 0.516 | Steps Per Second = 81.593 | Success = 1.000 | Success 1000 = 0.941
I0502 16:09:03.738699 139579566835264 terminal.py:91] [Evaluator] Actor Episodes = 24646 | Actor Steps = 1232300 | Delta Dist = 11.509 | Delta Dist 10 = 11.787 | Delta Dist 100 = 11.674 | Delta Dist 1000 = 11.587 | Episode Length = 50 | Episode Return = 2.0 | Evaluator Episodes = 6247 | Evaluator Steps = 312350 | Final Dist = 1.297 | Final Dist 10 = 1.019 | Final Dist 100 = 1.133 | Final Dist 1000 = 1.219 | Init Dist = 12.806 | Init Dist 10 = 12.806 | Init Dist 100 = 12.806 | Init Dist 1000 = 12.806 | Learner Steps = 19101 | Learner Walltime = 3767.836 | Min Dist = 0.855 | Min Dist 10 = 0.299 | Min Dist 100 = 0.416 | Min Dist 1000 = 0.516 | Steps Per Second = 101.876 | Success = 1.000 | Success 1000 = 0.941
I0502 16:09:04.943918 139579566835264 terminal.py:91] [Evaluator] Actor Episodes = 24656 | Actor Steps = 1232800 | Delta Dist = 11.878 | Delta Dist 10 = 11.796 | Delta Dist 100 = 11.675 | Delta Dist 1000 = 11.587 | Episode Length = 50 | Episode Return = 16.0 | Evaluator Episodes = 6249 | Evaluator Steps = 312450 | Final Dist = 0.928 | Final Dist 10 = 1.011 | Final Dist 100 = 1.131 | Final Dist 1000 = 1.220 | Init Dist = 12.806 | Init Dist 10 = 12.806 | Init Dist 100 = 12.806 | Init Dist 1000 = 12.806 | Learner Steps = 19101 | Learner Walltime = 3767.836 | Min Dist = 0.260 | Min Dist 10 = 0.282 | Min Dist 100 = 0.421 | Min Dist 1000 = 0.516 | Steps Per Second = 89.331 | Success = 1.000 | Success 1000 = 0.941
I0502 16:09:05.544642 139555013154368 terminal.py:91] [Learner] Actor Episodes = 24656 | Actor Loss = 3.7585971355438232 | Actor Steps = 1232800 | Binary Accuracy = 0.9960293769836426 | Categorical Accuracy = 0.4205322265625 | Critic Loss = 1.842193365097046 | Entropy Mean = -20.290302276611328 | Evaluator Episodes = 6249 | Evaluator Steps = 312450 | Learner Steps = 19111 | Learner Walltime = 3769.743 | Logits Neg = -17.258411407470703 | Logits Pos = -1.8532699346542358 | Logsumexp = 1.182857871055603 | Steps Per Second = 163.494
I0502 16:09:06.239434 139579566835264 terminal.py:91] [Evaluator] Actor Episodes = 24662 | Actor Steps = 1233100 | Delta Dist = 12.186 | Delta Dist 10 = 11.869 | Delta Dist 100 = 11.667 | Delta Dist 1000 = 11.586 | Episode Length = 50 | Episode Return = 30.0 | Evaluator Episodes = 6251 | Evaluator Steps = 312550 | Final Dist = 0.620 | Final Dist 10 = 0.937 | Final Dist 100 = 1.139 | Final Dist 1000 = 1.220 | Init Dist = 12.806 | Init Dist 10 = 12.806 | Init Dist 100 = 12.806 | Init Dist 1000 = 12.806 | Learner Steps = 19114 | Learner Walltime = 3770.242 | Min Dist = 0.066 | Min Dist 10 = 0.285 | Min Dist 100 = 0.424 | Min Dist 1000 = 0.517 | Steps Per Second = 76.192 | Success = 1.000 | Success 1000 = 0.941
I0502 16:09:07.466399 139579566835264 terminal.py:91] [Evaluator] Actor Episodes = 24670 | Actor Steps = 1233500 | Delta Dist = 12.568 | Delta Dist 10 = 11.735 | Delta Dist 100 = 11.671 | Delta Dist 1000 = 11.586 | Episode Length = 50 | Episode Return = 16.0 | Evaluator Episodes = 6253 | Evaluator Steps = 312650 | Final Dist = 0.238 | Final Dist 10 = 1.071 | Final Dist 100 = 1.136 | Final Dist 1000 = 1.220 | Init Dist = 12.806 | Init Dist 10 = 12.806 | Init Dist 100 = 12.806 | Init Dist 1000 = 12.806 | Learner Steps = 19120 | Learner Walltime = 3771.282 | Min Dist = 0.161 | Min Dist 10 = 0.272 | Min Dist 100 = 0.421 | Min Dist 1000 = 0.517 | Steps Per Second = 79.211 | Success = 1.000 | Success 1000 = 0.941
I0502 16:09:07.557732 139558059398720 terminal.py:91] [Actor] Actor Episodes = 24672 | Actor Steps = 1233600 | Delta Dist = 2.662 | Delta Dist 10 = 3.080 | Delta Dist 100 = 4.445 | Delta Dist 1000 = 4.360 | Episode Length = 50 | Episode Return = 24.0 | Evaluator Episodes = 6253 | Evaluator Steps = 312650 | Final Dist = 1.338 | Final Dist 10 = 2.500 | Final Dist 100 = 1.848 | Final Dist 1000 = 1.569 | Init Dist = 4.000 | Init Dist 10 = 5.579 | Init Dist 100 = 6.293 | Init Dist 1000 = 5.929 | Learner Steps = 19120 | Learner Walltime = 3771.282 | Min Dist = 0.152 | Min Dist 10 = 0.966 | Min Dist 100 = 0.293 | Min Dist 1000 = 0.249 | Steps Per Second = 78.613 | Success = 1.000 | Success 1000 = 0.990
I0502 16:09:08.761802 139555860620864 terminal.py:91] [Actor] Actor Episodes = 24675 | Actor Steps = 1233750 | Delta Dist = 6.953 | Delta Dist 10 = 4.681 | Delta Dist 100 = 4.591 | Delta Dist 1000 = 4.363 | Episode Length = 50 | Episode Return = 32.0 | Evaluator Episodes = 6253 | Evaluator Steps = 312650 | Final Dist = 0.047 | Final Dist 10 = 1.241 | Final Dist 100 = 1.802 | Final Dist 1000 = 1.563 | Init Dist = 7.000 | Init Dist 10 = 5.922 | Init Dist 100 = 6.392 | Init Dist 1000 = 5.926 | Learner Steps = 19120 | Learner Walltime = 3771.282 | Min Dist = 0.019 | Min Dist 10 = 0.949 | Min Dist 100 = 0.294 | Min Dist 1000 = 0.247 | Steps Per Second = 74.908 | Success = 1.000 | Success 1000 = 0.990
I0502 16:09:08.770458 139579566835264 terminal.py:91] [Evaluator] Actor Episodes = 24678 | Actor Steps = 1233900 | Delta Dist = 11.427 | Delta Dist 10 = 11.883 | Delta Dist 100 = 11.689 | Delta Dist 1000 = 11.588 | Episode Length = 50 | Episode Return = 13.0 | Evaluator Episodes = 6255 | Evaluator Steps = 312750 | Final Dist = 1.379 | Final Dist 10 = 0.923 | Final Dist 100 = 1.117 | Final Dist 1000 = 1.218 | Init Dist = 12.806 | Init Dist 10 = 12.806 | Init Dist 100 = 12.806 | Init Dist 1000 = 12.806 | Learner Steps = 19124 | Learner Walltime = 3772.407 | Min Dist = 0.217 | Min Dist 10 = 0.244 | Min Dist 100 = 0.418 | Min Dist 1000 = 0.516 | Steps Per Second = 80.344 | Success = 1.000 | Success 1000 = 0.941
I0502 16:09:10.116634 139579566835264 terminal.py:91] [Evaluator] Actor Episodes = 24686 | Actor Steps = 1234300 | Delta Dist = 12.184 | Delta Dist 10 = 11.964 | Delta Dist 100 = 11.695 | Delta Dist 1000 = 11.587 | Episode Length = 50 | Episode Return = 36.0 | Evaluator Episodes = 6257 | Evaluator Steps = 312850 | Final Dist = 0.622 | Final Dist 10 = 0.842 | Final Dist 100 = 1.111 | Final Dist 1000 = 1.219 | Init Dist = 12.806 | Init Dist 10 = 12.806 | Init Dist 100 = 12.806 | Init Dist 1000 = 12.806 | Learner Steps = 19131 | Learner Walltime = 3773.674 | Min Dist = 0.085 | Min Dist 10 = 0.214 | Min Dist 100 = 0.418 | Min Dist 1000 = 0.516 | Steps Per Second = 72.169 | Success = 1.000 | Success 1000 = 0.941
I0502 16:09:11.429952 139579566835264 terminal.py:91] [Evaluator] Actor Episodes = 24694 | Actor Steps = 1234700 | Delta Dist = 11.723 | Delta Dist 10 = 12.069 | Delta Dist 100 = 11.703 | Delta Dist 1000 = 11.588 | Episode Length = 50 | Episode Return = 19.0 | Evaluator Episodes = 6259 | Evaluator Steps = 312950 | Final Dist = 1.083 | Final Dist 10 = 0.737 | Final Dist 100 = 1.103 | Final Dist 1000 = 1.218 | Init Dist = 12.806 | Init Dist 10 = 12.806 | Init Dist 100 = 12.806 | Init Dist 1000 = 12.806 | Learner Steps = 19136 | Learner Walltime = 3775.088 | Min Dist = 0.105 | Min Dist 10 = 0.145 | Min Dist 100 = 0.415 | Min Dist 1000 = 0.516 | Steps Per Second = 77.385 | Success = 1.000 | Success 1000 = 0.941
I0502 16:09:11.900842 139584504182336 lp_utils.py:96] StepsLimiter: Reached 1234800 recorded steps
I0502 16:09:12.332638 139569349502528 terminal.py:91] [Actor] Actor Episodes = 24700 | Actor Steps = 1235000 | Delta Dist = 9.761 | Delta Dist 10 = 5.077 | Delta Dist 100 = 4.593 | Delta Dist 1000 = 4.360 | Episode Length = 50 | Episode Return = 30.0 | Evaluator Episodes = 6259 | Evaluator Steps = 312950 | Final Dist = 0.289 | Final Dist 10 = 0.745 | Final Dist 100 = 1.730 | Final Dist 1000 = 1.544 | Init Dist = 10.050 | Init Dist 10 = 5.822 | Init Dist 100 = 6.322 | Init Dist 1000 = 5.904 | Learner Steps = 19136 | Learner Walltime = 3775.088 | Min Dist = 0.113 | Min Dist 10 = 0.095 | Min Dist 100 = 0.285 | Min Dist 1000 = 0.242 | Steps Per Second = 64.099 | Success = 1.000 | Success 1000 = 0.991
I0502 16:09:12.720215 139579566835264 terminal.py:91] [Evaluator] Actor Episodes = 24702 | Actor Steps = 1235100 | Delta Dist = 12.680 | Delta Dist 10 = 12.093 | Delta Dist 100 = 11.801 | Delta Dist 1000 = 11.588 | Episode Length = 50 | Episode Return = 21.0 | Evaluator Episodes = 6261 | Evaluator Steps = 313050 | Final Dist = 0.126 | Final Dist 10 = 0.713 | Final Dist 100 = 1.005 | Final Dist 1000 = 1.218 | Init Dist = 12.806 | Init Dist 10 = 12.806 | Init Dist 100 = 12.806 | Init Dist 1000 = 12.806 | Learner Steps = 19143 | Learner Walltime = 3776.628 | Min Dist = 0.065 | Min Dist 10 = 0.126 | Min Dist 100 = 0.313 | Min Dist 1000 = 0.516 | Steps Per Second = 87.011 | Success = 1.000 | Success 1000 = 0.941
I0502 16:09:12.894183 139557462840896 terminal.py:91] [Actor] Actor Episodes = 24703 | Actor Steps = 1235150 | Delta Dist = 9.626 | Delta Dist 10 = 4.969 | Delta Dist 100 = 4.585 | Delta Dist 1000 = 4.365 | Episode Length = 50 | Episode Return = 48.0 | Evaluator Episodes = 6259 | Evaluator Steps = 312950 | Final Dist = 0.374 | Final Dist 10 = 0.893 | Final Dist 100 = 1.740 | Final Dist 1000 = 1.539 | Init Dist = 10.000 | Init Dist 10 = 5.862 | Init Dist 100 = 6.325 | Init Dist 1000 = 5.903 | Learner Steps = 19136 | Learner Walltime = 3775.088 | Min Dist = 0.203 | Min Dist 10 = 0.282 | Min Dist 100 = 0.308 | Min Dist 1000 = 0.238 | Steps Per Second = 89.679 | Success = 1.000 | Success 1000 = 0.991
I0502 16:09:13.943998 139579566835264 terminal.py:91] [Evaluator] Actor Episodes = 24710 | Actor Steps = 1235500 | Delta Dist = 12.687 | Delta Dist 10 = 12.229 | Delta Dist 100 = 11.804 | Delta Dist 1000 = 11.590 | Episode Length = 50 | Episode Return = 20.0 | Evaluator Episodes = 6263 | Evaluator Steps = 313150 | Final Dist = 0.120 | Final Dist 10 = 0.577 | Final Dist 100 = 1.002 | Final Dist 1000 = 1.216 | Init Dist = 12.806 | Init Dist 10 = 12.806 | Init Dist 100 = 12.806 | Init Dist 1000 = 12.806 | Learner Steps = 19149 | Learner Walltime = 3777.754 | Min Dist = 0.120 | Min Dist 10 = 0.127 | Min Dist 100 = 0.313 | Min Dist 1000 = 0.516 | Steps Per Second = 77.390 | Success = 1.000 | Success 1000 = 0.941
I0502 16:09:15.200657 139579566835264 terminal.py:91] [Evaluator] Actor Episodes = 24718 | Actor Steps = 1235900 | Delta Dist = 11.541 | Delta Dist 10 = 12.202 | Delta Dist 100 = 11.816 | Delta Dist 1000 = 11.592 | Episode Length = 50 | Episode Return = 28.0 | Evaluator Episodes = 6265 | Evaluator Steps = 313250 | Final Dist = 1.265 | Final Dist 10 = 0.605 | Final Dist 100 = 0.991 | Final Dist 1000 = 1.214 | Init Dist = 12.806 | Init Dist 10 = 12.806 | Init Dist 100 = 12.806 | Init Dist 1000 = 12.806 | Learner Steps = 19156 | Learner Walltime = 3779.102 | Min Dist = 0.185 | Min Dist 10 = 0.124 | Min Dist 100 = 0.313 | Min Dist 1000 = 0.515 | Steps Per Second = 78.929 | Success = 1.000 | Success 1000 = 0.941
I0502 16:09:16.101571 139555013154368 terminal.py:91] [Learner] Actor Episodes = 24726 | Actor Loss = 3.678555727005005 | Actor Steps = 1236300 | Binary Accuracy = 0.9959900379180908 | Categorical Accuracy = 0.41766357421875 | Critic Loss = 1.883609652519226 | Entropy Mean = -19.523483276367188 | Evaluator Episodes = 6265 | Evaluator Steps = 313250 | Learner Steps = 19161 | Learner Walltime = 3780.299 | Logits Neg = -16.83815574645996 | Logits Pos = -1.8828177452087402 | Logsumexp = 1.2040222883224487 | Steps Per Second = 114.771
I0502 16:09:16.538376 139579566835264 terminal.py:91] [Evaluator] Actor Episodes = 24726 | Actor Steps = 1236300 | Delta Dist = 11.487 | Delta Dist 10 = 12.247 | Delta Dist 100 = 11.821 | Delta Dist 1000 = 11.593 | Episode Length = 50 | Episode Return = 12.0 | Evaluator Episodes = 6267 | Evaluator Steps = 313350 | Final Dist = 1.319 | Final Dist 10 = 0.559 | Final Dist 100 = 0.985 | Final Dist 1000 = 1.214 | Init Dist = 12.806 | Init Dist 10 = 12.806 | Init Dist 100 = 12.806 | Init Dist 1000 = 12.806 | Learner Steps = 19161 | Learner Walltime = 3780.299 | Min Dist = 0.071 | Min Dist 10 = 0.127 | Min Dist 100 = 0.314 | Min Dist 1000 = 0.515 | Steps Per Second = 74.124 | Success = 1.000 | Success 1000 = 0.941
I0502 16:09:17.874912 139579566835264 terminal.py:91] [Evaluator] Actor Episodes = 24734 | Actor Steps = 1236700 | Delta Dist = 11.723 | Delta Dist 10 = 12.159 | Delta Dist 100 = 11.816 | Delta Dist 1000 = 11.592 | Episode Length = 50 | Episode Return = 8.0 | Evaluator Episodes = 6269 | Evaluator Steps = 313450 | Final Dist = 1.083 | Final Dist 10 = 0.647 | Final Dist 100 = 0.990 | Final Dist 1000 = 1.214 | Init Dist = 12.806 | Init Dist 10 = 12.806 | Init Dist 100 = 12.806 | Init Dist 1000 = 12.806 | Learner Steps = 19168 | Learner Walltime = 3781.708 | Min Dist = 0.216 | Min Dist 10 = 0.130 | Min Dist 100 = 0.313 | Min Dist 1000 = 0.515 | Steps Per Second = 73.301 | Success = 1.000 | Success 1000 = 0.941
I0502 16:09:18.108386 139558059398720 terminal.py:91] [Actor] Actor Episodes = 24736 | Actor Steps = 1236800 | Delta Dist = 2.000 | Delta Dist 10 = 4.178 | Delta Dist 100 = 3.990 | Delta Dist 1000 = 4.345 | Episode Length = 50 | Episode Return = 28.0 | Evaluator Episodes = 6269 | Evaluator Steps = 313450 | Final Dist = 0.236 | Final Dist 10 = 2.241 | Final Dist 100 = 2.185 | Final Dist 1000 = 1.568 | Init Dist = 2.236 | Init Dist 10 = 6.419 | Init Dist 100 = 6.175 | Init Dist 1000 = 5.912 | Learner Steps = 19168 | Learner Walltime = 3781.708 | Min Dist = 0.236 | Min Dist 10 = 0.165 | Min Dist 100 = 0.446 | Min Dist 1000 = 0.250 | Steps Per Second = 75.779 | Success = 1.000 | Success 1000 = 0.992
I0502 16:09:19.171086 139579566835264 terminal.py:91] [Evaluator] Actor Episodes = 24742 | Actor Steps = 1237100 | Delta Dist = 11.209 | Delta Dist 10 = 12.175 | Delta Dist 100 = 11.826 | Delta Dist 1000 = 11.593 | Episode Length = 50 | Episode Return = 7.0 | Evaluator Episodes = 6271 | Evaluator Steps = 313550 | Final Dist = 1.597 | Final Dist 10 = 0.631 | Final Dist 100 = 0.981 | Final Dist 1000 = 1.213 | Init Dist = 12.806 | Init Dist 10 = 12.806 | Init Dist 100 = 12.806 | Init Dist 1000 = 12.806 | Learner Steps = 19174 | Learner Walltime = 3782.912 | Min Dist = 0.238 | Min Dist 10 = 0.129 | Min Dist 100 = 0.313 | Min Dist 1000 = 0.515 | Steps Per Second = 76.991 | Success = 1.000 | Success 1000 = 0.941
I0502 16:09:19.266840 139555860620864 terminal.py:91] [Actor] Actor Episodes = 24739 | Actor Steps = 1236950 | Delta Dist = 3.752 | Delta Dist 10 = 3.659 | Delta Dist 100 = 3.767 | Delta Dist 1000 = 4.337 | Episode Length = 50 | Episode Return = 29.0 | Evaluator Episodes = 6269 | Evaluator Steps = 313450 | Final Dist = 0.720 | Final Dist 10 = 2.053 | Final Dist 100 = 2.292 | Final Dist 1000 = 1.578 | Init Dist = 4.472 | Init Dist 10 = 5.713 | Init Dist 100 = 6.059 | Init Dist 1000 = 5.915 | Learner Steps = 19168 | Learner Walltime = 3781.708 | Min Dist = 0.050 | Min Dist 10 = 0.909 | Min Dist 100 = 0.524 | Min Dist 1000 = 0.258 | Steps Per Second = 75.381 | Success = 1.000 | Success 1000 = 0.992
I0502 16:09:20.393509 139579566835264 terminal.py:91] [Evaluator] Actor Episodes = 24750 | Actor Steps = 1237500 | Delta Dist = 11.542 | Delta Dist 10 = 11.893 | Delta Dist 100 = 11.808 | Delta Dist 1000 = 11.592 | Episode Length = 50 | Episode Return = 21.0 | Evaluator Episodes = 6273 | Evaluator Steps = 313650 | Final Dist = 1.265 | Final Dist 10 = 0.913 | Final Dist 100 = 0.998 | Final Dist 1000 = 1.214 | Init Dist = 12.806 | Init Dist 10 = 12.806 | Init Dist 100 = 12.806 | Init Dist 1000 = 12.806 | Learner Steps = 19180 | Learner Walltime = 3784.186 | Min Dist = 0.119 | Min Dist 10 = 0.192 | Min Dist 100 = 0.321 | Min Dist 1000 = 0.514 | Steps Per Second = 78.737 | Success = 1.000 | Success 1000 = 0.941
I0502 16:09:21.633599 139579566835264 terminal.py:91] [Evaluator] Actor Episodes = 24758 | Actor Steps = 1237900 | Delta Dist = 12.673 | Delta Dist 10 = 11.792 | Delta Dist 100 = 11.798 | Delta Dist 1000 = 11.593 | Episode Length = 50 | Episode Return = 25.0 | Evaluator Episodes = 6275 | Evaluator Steps = 313750 | Final Dist = 0.133 | Final Dist 10 = 1.014 | Final Dist 100 = 1.008 | Final Dist 1000 = 1.214 | Init Dist = 12.806 | Init Dist 10 = 12.806 | Init Dist 100 = 12.806 | Init Dist 1000 = 12.806 | Learner Steps = 19187 | Learner Walltime = 3785.383 | Min Dist = 0.099 | Min Dist 10 = 0.209 | Min Dist 100 = 0.323 | Min Dist 1000 = 0.514 | Steps Per Second = 77.260 | Success = 1.000 | Success 1000 = 0.941
I0502 16:09:21.918638 139584504182336 lp_utils.py:96] StepsLimiter: Reached 1238000 recorded steps
I0502 16:09:22.964638 139557462840896 terminal.py:91] [Actor] Actor Episodes = 24765 | Actor Steps = 1238250 | Delta Dist = 3.053 | Delta Dist 10 = 1.868 | Delta Dist 100 = 3.777 | Delta Dist 1000 = 4.331 | Episode Length = 50 | Episode Return = 39.0 | Evaluator Episodes = 6275 | Evaluator Steps = 313750 | Final Dist = 0.553 | Final Dist 10 = 2.578 | Final Dist 100 = 1.913 | Final Dist 1000 = 1.585 | Init Dist = 3.606 | Init Dist 10 = 4.446 | Init Dist 100 = 5.690 | Init Dist 1000 = 5.915 | Learner Steps = 19187 | Learner Walltime = 3785.383 | Min Dist = 0.075 | Min Dist 10 = 1.331 | Min Dist 100 = 0.683 | Min Dist 1000 = 0.271 | Steps Per Second = 75.656 | Success = 1.000 | Success 1000 = 0.991
I0502 16:09:22.988446 139579566835264 terminal.py:91] [Evaluator] Actor Episodes = 24766 | Actor Steps = 1238300 | Delta Dist = 12.557 | Delta Dist 10 = 11.800 | Delta Dist 100 = 11.802 | Delta Dist 1000 = 11.593 | Episode Length = 50 | Episode Return = 14.0 | Evaluator Episodes = 6277 | Evaluator Steps = 313850 | Final Dist = 0.249 | Final Dist 10 = 1.007 | Final Dist 100 = 1.005 | Final Dist 1000 = 1.213 | Init Dist = 12.806 | Init Dist 10 = 12.806 | Init Dist 100 = 12.806 | Init Dist 1000 = 12.806 | Learner Steps = 19192 | Learner Walltime = 3786.607 | Min Dist = 0.131 | Min Dist 10 = 0.210 | Min Dist 100 = 0.323 | Min Dist 1000 = 0.513 | Steps Per Second = 76.432 | Success = 1.000 | Success 1000 = 0.942
I0502 16:09:22.995086 139569349502528 terminal.py:91] [Actor] Actor Episodes = 24767 | Actor Steps = 1238350 | Delta Dist = 3.649 | Delta Dist 10 = 2.348 | Delta Dist 100 = 3.786 | Delta Dist 1000 = 4.336 | Episode Length = 50 | Episode Return = 22.0 | Evaluator Episodes = 6275 | Evaluator Steps = 313750 | Final Dist = 0.823 | Final Dist 10 = 2.212 | Final Dist 100 = 1.904 | Final Dist 1000 = 1.585 | Init Dist = 4.472 | Init Dist 10 = 4.560 | Init Dist 100 = 5.690 | Init Dist 1000 = 5.921 | Learner Steps = 19187 | Learner Walltime = 3785.383 | Min Dist = 0.823 | Min Dist 10 = 0.933 | Min Dist 100 = 0.685 | Min Dist 1000 = 0.272 | Steps Per Second = 75.411 | Success = 1.000 | Success 1000 = 0.991
I0502 16:09:24.178513 139579566835264 terminal.py:91] [Evaluator] Actor Episodes = 24774 | Actor Steps = 1238700 | Delta Dist = 12.612 | Delta Dist 10 = 11.887 | Delta Dist 100 = 11.810 | Delta Dist 1000 = 11.594 | Episode Length = 50 | Episode Return = 25.0 | Evaluator Episodes = 6279 | Evaluator Steps = 313950 | Final Dist = 0.194 | Final Dist 10 = 0.920 | Final Dist 100 = 0.997 | Final Dist 1000 = 1.212 | Init Dist = 12.806 | Init Dist 10 = 12.806 | Init Dist 100 = 12.806 | Init Dist 1000 = 12.806 | Learner Steps = 19199 | Learner Walltime = 3787.860 | Min Dist = 0.055 | Min Dist 10 = 0.214 | Min Dist 100 = 0.323 | Min Dist 1000 = 0.513 | Steps Per Second = 90.540 | Success = 1.000 | Success 1000 = 0.942
I0502 16:09:25.437043 139579566835264 terminal.py:91] [Evaluator] Actor Episodes = 24782 | Actor Steps = 1239100 | Delta Dist = 11.501 | Delta Dist 10 = 11.880 | Delta Dist 100 = 11.801 | Delta Dist 1000 = 11.595 | Episode Length = 50 | Episode Return = 2.0 | Evaluator Episodes = 6281 | Evaluator Steps = 314050 | Final Dist = 1.306 | Final Dist 10 = 0.926 | Final Dist 100 = 1.005 | Final Dist 1000 = 1.212 | Init Dist = 12.806 | Init Dist 10 = 12.806 | Init Dist 100 = 12.806 | Init Dist 1000 = 12.806 | Learner Steps = 19206 | Learner Walltime = 3789.117 | Min Dist = 0.609 | Min Dist 10 = 0.197 | Min Dist 100 = 0.322 | Min Dist 1000 = 0.513 | Steps Per Second = 78.346 | Success = 1.000 | Success 1000 = 0.942
I0502 16:09:26.270554 139555013154368 terminal.py:91] [Learner] Actor Episodes = 24790 | Actor Loss = 3.6100306510925293 | Actor Steps = 1239500 | Binary Accuracy = 0.9959878921508789 | Categorical Accuracy = 0.41424560546875 | Critic Loss = 1.8366315364837646 | Entropy Mean = -21.221439361572266 | Evaluator Episodes = 6281 | Evaluator Steps = 314050 | Learner Steps = 19212 | Learner Walltime = 3790.467 | Logits Neg = -17.002544403076172 | Logits Pos = -1.8367648124694824 | Logsumexp = 1.2226142883300781 | Steps Per Second = 132.628
I0502 16:09:26.719836 139579566835264 terminal.py:91] [Evaluator] Actor Episodes = 24790 | Actor Steps = 1239500 | Delta Dist = 11.954 | Delta Dist 10 = 12.025 | Delta Dist 100 = 11.803 | Delta Dist 1000 = 11.595 | Episode Length = 50 | Episode Return = 33.0 | Evaluator Episodes = 6283 | Evaluator Steps = 314150 | Final Dist = 0.852 | Final Dist 10 = 0.781 | Final Dist 100 = 1.004 | Final Dist 1000 = 1.211 | Init Dist = 12.806 | Init Dist 10 = 12.806 | Init Dist 100 = 12.806 | Init Dist 1000 = 12.806 | Learner Steps = 19212 | Learner Walltime = 3790.467 | Min Dist = 0.110 | Min Dist 10 = 0.177 | Min Dist 100 = 0.321 | Min Dist 1000 = 0.514 | Steps Per Second = 74.556 | Success = 1.000 | Success 1000 = 0.942
I0502 16:09:27.978196 139579566835264 terminal.py:91] [Evaluator] Actor Episodes = 24798 | Actor Steps = 1239900 | Delta Dist = 11.433 | Delta Dist 10 = 11.945 | Delta Dist 100 = 11.811 | Delta Dist 1000 = 11.595 | Episode Length = 50 | Episode Return = 13.0 | Evaluator Episodes = 6285 | Evaluator Steps = 314250 | Final Dist = 1.374 | Final Dist 10 = 0.861 | Final Dist 100 = 0.996 | Final Dist 1000 = 1.212 | Init Dist = 12.806 | Init Dist 10 = 12.806 | Init Dist 100 = 12.806 | Init Dist 1000 = 12.806 | Learner Steps = 19218 | Learner Walltime = 3791.761 | Min Dist = 0.129 | Min Dist 10 = 0.177 | Min Dist 100 = 0.314 | Min Dist 1000 = 0.514 | Steps Per Second = 82.431 | Success = 1.000 | Success 1000 = 0.942
I0502 16:09:28.238409 139558059398720 terminal.py:91] [Actor] Actor Episodes = 24800 | Actor Steps = 1240000 | Delta Dist = 2.648 | Delta Dist 10 = 4.076 | Delta Dist 100 = 3.516 | Delta Dist 1000 = 4.311 | Episode Length = 50 | Episode Return = 44.0 | Evaluator Episodes = 6285 | Evaluator Steps = 314250 | Final Dist = 1.594 | Final Dist 10 = 1.011 | Final Dist 100 = 1.944 | Final Dist 1000 = 1.577 | Init Dist = 4.243 | Init Dist 10 = 5.087 | Init Dist 100 = 5.460 | Init Dist 1000 = 5.888 | Learner Steps = 19218 | Learner Walltime = 3791.761 | Min Dist = 0.192 | Min Dist 10 = 0.128 | Min Dist 100 = 0.584 | Min Dist 1000 = 0.268 | Steps Per Second = 78.281 | Success = 1.000 | Success 1000 = 0.991
I0502 16:09:29.228077 139579566835264 terminal.py:91] [Evaluator] Actor Episodes = 24806 | Actor Steps = 1240300 | Delta Dist = 12.595 | Delta Dist 10 = 11.898 | Delta Dist 100 = 11.809 | Delta Dist 1000 = 11.595 | Episode Length = 50 | Episode Return = 35.0 | Evaluator Episodes = 6287 | Evaluator Steps = 314350 | Final Dist = 0.211 | Final Dist 10 = 0.909 | Final Dist 100 = 0.997 | Final Dist 1000 = 1.212 | Init Dist = 12.806 | Init Dist 10 = 12.806 | Init Dist 100 = 12.806 | Init Dist 1000 = 12.806 | Learner Steps = 19224 | Learner Walltime = 3793.015 | Min Dist = 0.211 | Min Dist 10 = 0.166 | Min Dist 100 = 0.315 | Min Dist 1000 = 0.513 | Steps Per Second = 77.124 | Success = 1.000 | Success 1000 = 0.942
I0502 16:09:29.500406 139555860620864 terminal.py:91] [Actor] Actor Episodes = 24807 | Actor Steps = 1240350 | Delta Dist = 3.231 | Delta Dist 10 = 4.433 | Delta Dist 100 = 3.562 | Delta Dist 1000 = 4.303 | Episode Length = 50 | Episode Return = 35.0 | Evaluator Episodes = 6285 | Evaluator Steps = 314250 | Final Dist = 0.769 | Final Dist 10 = 1.091 | Final Dist 100 = 1.834 | Final Dist 1000 = 1.576 | Init Dist = 4.000 | Init Dist 10 = 5.524 | Init Dist 100 = 5.396 | Init Dist 1000 = 5.879 | Learner Steps = 19224 | Learner Walltime = 3793.015 | Min Dist = 0.223 | Min Dist 10 = 0.110 | Min Dist 100 = 0.503 | Min Dist 1000 = 0.269 | Steps Per Second = 82.299 | Success = 1.000 | Success 1000 = 0.991
I0502 16:09:30.516142 139579566835264 terminal.py:91] [Evaluator] Actor Episodes = 24814 | Actor Steps = 1240700 | Delta Dist = 12.455 | Delta Dist 10 = 11.182 | Delta Dist 100 = 11.741 | Delta Dist 1000 = 11.587 | Episode Length = 50 | Episode Return = 22.0 | Evaluator Episodes = 6289 | Evaluator Steps = 314450 | Final Dist = 0.351 | Final Dist 10 = 1.625 | Final Dist 100 = 1.065 | Final Dist 1000 = 1.219 | Init Dist = 12.806 | Init Dist 10 = 12.806 | Init Dist 100 = 12.806 | Init Dist 1000 = 12.806 | Learner Steps = 19230 | Learner Walltime = 3794.261 | Min Dist = 0.058 | Min Dist 10 = 0.859 | Min Dist 100 = 0.382 | Min Dist 1000 = 0.520 | Steps Per Second = 72.491 | Success = 1.000 | Success 1000 = 0.941
I0502 16:09:31.691538 139579566835264 terminal.py:91] [Evaluator] Actor Episodes = 24822 | Actor Steps = 1241100 | Delta Dist = 11.434 | Delta Dist 10 = 11.223 | Delta Dist 100 = 11.735 | Delta Dist 1000 = 11.588 | Episode Length = 50 | Episode Return = 2.0 | Evaluator Episodes = 6291 | Evaluator Steps = 314550 | Final Dist = 1.372 | Final Dist 10 = 1.584 | Final Dist 100 = 1.071 | Final Dist 1000 = 1.218 | Init Dist = 12.806 | Init Dist 10 = 12.806 | Init Dist 100 = 12.806 | Init Dist 1000 = 12.806 | Learner Steps = 19236 | Learner Walltime = 3795.572 | Min Dist = 0.617 | Min Dist 10 = 0.880 | Min Dist 100 = 0.384 | Min Dist 1000 = 0.520 | Steps Per Second = 93.938 | Success = 1.000 | Success 1000 = 0.941
I0502 16:09:31.935987 139584504182336 lp_utils.py:96] StepsLimiter: Reached 1241100 recorded steps
I0502 16:09:33.036605 139579566835264 terminal.py:91] [Evaluator] Actor Episodes = 24830 | Actor Steps = 1241500 | Delta Dist = 11.424 | Delta Dist 10 = 11.234 | Delta Dist 100 = 11.730 | Delta Dist 1000 = 11.588 | Episode Length = 50 | Episode Return = 5.0 | Evaluator Episodes = 6293 | Evaluator Steps = 314650 | Final Dist = 1.382 | Final Dist 10 = 1.572 | Final Dist 100 = 1.076 | Final Dist 1000 = 1.219 | Init Dist = 12.806 | Init Dist 10 = 12.806 | Init Dist 100 = 12.806 | Init Dist 1000 = 12.806 | Learner Steps = 19243 | Learner Walltime = 3796.837 | Min Dist = 0.262 | Min Dist 10 = 0.885 | Min Dist 100 = 0.389 | Min Dist 1000 = 0.520 | Steps Per Second = 75.813 | Success = 1.000 | Success 1000 = 0.941
I0502 16:09:33.195663 139557462840896 terminal.py:91] [Actor] Actor Episodes = 24827 | Actor Steps = 1241350 | Delta Dist = 9.213 | Delta Dist 10 = 4.178 | Delta Dist 100 = 3.515 | Delta Dist 1000 = 4.269 | Episode Length = 50 | Episode Return = 19.0 | Evaluator Episodes = 6291 | Evaluator Steps = 314550 | Final Dist = 0.221 | Final Dist 10 = 1.945 | Final Dist 100 = 1.841 | Final Dist 1000 = 1.616 | Init Dist = 9.434 | Init Dist 10 = 6.123 | Init Dist 100 = 5.357 | Init Dist 1000 = 5.886 | Learner Steps = 19236 | Learner Walltime = 3795.572 | Min Dist = 0.208 | Min Dist 10 = 0.282 | Min Dist 100 = 0.435 | Min Dist 1000 = 0.271 | Steps Per Second = 72.663 | Success = 1.000 | Success 1000 = 0.990
I0502 16:09:33.348489 139569349502528 terminal.py:91] [Actor] Actor Episodes = 24831 | Actor Steps = 1241550 | Delta Dist = 7.794 | Delta Dist 10 = 3.728 | Delta Dist 100 = 3.415 | Delta Dist 1000 = 4.258 | Episode Length = 50 | Episode Return = 17.0 | Evaluator Episodes = 6291 | Evaluator Steps = 314550 | Final Dist = 2.501 | Final Dist 10 = 2.608 | Final Dist 100 = 1.916 | Final Dist 1000 = 1.627 | Init Dist = 10.296 | Init Dist 10 = 6.336 | Init Dist 100 = 5.331 | Init Dist 1000 = 5.886 | Learner Steps = 19243 | Learner Walltime = 3796.837 | Min Dist = 2.177 | Min Dist 10 = 0.206 | Min Dist 100 = 0.440 | Min Dist 1000 = 0.271 | Steps Per Second = 74.684 | Success = 0.000 | Success 1000 = 0.990
I0502 16:09:34.345013 139579566835264 terminal.py:91] [Evaluator] Actor Episodes = 24838 | Actor Steps = 1241900 | Delta Dist = 12.096 | Delta Dist 10 = 11.237 | Delta Dist 100 = 11.723 | Delta Dist 1000 = 11.588 | Episode Length = 50 | Episode Return = 2.0 | Evaluator Episodes = 6295 | Evaluator Steps = 314750 | Final Dist = 0.710 | Final Dist 10 = 1.569 | Final Dist 100 = 1.083 | Final Dist 1000 = 1.219 | Init Dist = 12.806 | Init Dist 10 = 12.806 | Init Dist 100 = 12.806 | Init Dist 1000 = 12.806 | Learner Steps = 19250 | Learner Walltime = 3798.153 | Min Dist = 0.159 | Min Dist 10 = 0.911 | Min Dist 100 = 0.390 | Min Dist 1000 = 0.519 | Steps Per Second = 75.826 | Success = 1.000 | Success 1000 = 0.942
I0502 16:09:35.559633 139579566835264 terminal.py:91] [Evaluator] Actor Episodes = 24846 | Actor Steps = 1242300 | Delta Dist = 12.344 | Delta Dist 10 = 11.250 | Delta Dist 100 = 11.725 | Delta Dist 1000 = 11.588 | Episode Length = 50 | Episode Return = 29.0 | Evaluator Episodes = 6297 | Evaluator Steps = 314850 | Final Dist = 0.462 | Final Dist 10 = 1.556 | Final Dist 100 = 1.081 | Final Dist 1000 = 1.218 | Init Dist = 12.806 | Init Dist 10 = 12.806 | Init Dist 100 = 12.806 | Init Dist 1000 = 12.806 | Learner Steps = 19255 | Learner Walltime = 3799.274 | Min Dist = 0.114 | Min Dist 10 = 0.908 | Min Dist 100 = 0.390 | Min Dist 1000 = 0.518 | Steps Per Second = 76.274 | Success = 1.000 | Success 1000 = 0.942
I0502 16:09:36.326423 139555013154368 terminal.py:91] [Learner] Actor Episodes = 24852 | Actor Loss = 3.5819573402404785 | Actor Steps = 1242600 | Binary Accuracy = 0.996009349822998 | Categorical Accuracy = 0.42095947265625 | Critic Loss = 1.8432354927062988 | Entropy Mean = -20.774024963378906 | Evaluator Episodes = 6297 | Evaluator Steps = 314850 | Learner Steps = 19262 | Learner Walltime = 3800.525 | Logits Neg = -17.13167381286621 | Logits Pos = -1.8138471841812134 | Logsumexp = 1.1502890586853027 | Steps Per Second = 185.676
I0502 16:09:36.712613 139579566835264 terminal.py:91] [Evaluator] Actor Episodes = 24852 | Actor Steps = 1242600 | Delta Dist = 11.836 | Delta Dist 10 = 12.010 | Delta Dist 100 = 11.745 | Delta Dist 1000 = 11.590 | Episode Length = 50 | Episode Return = 24.0 | Evaluator Episodes = 6299 | Evaluator Steps = 314950 | Final Dist = 0.970 | Final Dist 10 = 0.796 | Final Dist 100 = 1.061 | Final Dist 1000 = 1.216 | Init Dist = 12.806 | Init Dist 10 = 12.806 | Init Dist 100 = 12.806 | Init Dist 1000 = 12.806 | Learner Steps = 19262 | Learner Walltime = 3800.525 | Min Dist = 0.349 | Min Dist 10 = 0.203 | Min Dist 100 = 0.388 | Min Dist 1000 = 0.518 | Steps Per Second = 89.950 | Success = 1.000 | Success 1000 = 0.942
I0502 16:09:37.948745 139579566835264 terminal.py:91] [Evaluator] Actor Episodes = 24861 | Actor Steps = 1243050 | Delta Dist = 11.772 | Delta Dist 10 = 11.975 | Delta Dist 100 = 11.746 | Delta Dist 1000 = 11.590 | Episode Length = 50 | Episode Return = 18.0 | Evaluator Episodes = 6301 | Evaluator Steps = 315050 | Final Dist = 1.035 | Final Dist 10 = 0.831 | Final Dist 100 = 1.060 | Final Dist 1000 = 1.217 | Init Dist = 12.806 | Init Dist 10 = 12.806 | Init Dist 100 = 12.806 | Init Dist 1000 = 12.806 | Learner Steps = 19268 | Learner Walltime = 3801.665 | Min Dist = 0.563 | Min Dist 10 = 0.216 | Min Dist 100 = 0.388 | Min Dist 1000 = 0.518 | Steps Per Second = 77.899 | Success = 1.000 | Success 1000 = 0.942
I0502 16:09:38.909919 139558059398720 terminal.py:91] [Actor] Actor Episodes = 24866 | Actor Steps = 1243300 | Delta Dist = 6.306 | Delta Dist 10 = 4.748 | Delta Dist 100 = 3.838 | Delta Dist 1000 = 4.236 | Episode Length = 50 | Episode Return = 30.0 | Evaluator Episodes = 6301 | Evaluator Steps = 315050 | Final Dist = 0.019 | Final Dist 10 = 1.346 | Final Dist 100 = 1.823 | Final Dist 1000 = 1.645 | Init Dist = 6.325 | Init Dist 10 = 6.093 | Init Dist 100 = 5.661 | Init Dist 1000 = 5.880 | Learner Steps = 19268 | Learner Walltime = 3801.665 | Min Dist = 0.017 | Min Dist 10 = 0.079 | Min Dist 100 = 0.175 | Min Dist 1000 = 0.276 | Steps Per Second = 74.954 | Success = 1.000 | Success 1000 = 0.989
I0502 16:09:39.226244 139579566835264 terminal.py:91] [Evaluator] Actor Episodes = 24869 | Actor Steps = 1243450 | Delta Dist = 11.812 | Delta Dist 10 = 12.029 | Delta Dist 100 = 11.806 | Delta Dist 1000 = 11.590 | Episode Length = 50 | Episode Return = 21.0 | Evaluator Episodes = 6303 | Evaluator Steps = 315150 | Final Dist = 0.994 | Final Dist 10 = 0.777 | Final Dist 100 = 1.000 | Final Dist 1000 = 1.216 | Init Dist = 12.806 | Init Dist 10 = 12.806 | Init Dist 100 = 12.806 | Init Dist 1000 = 12.806 | Learner Steps = 19275 | Learner Walltime = 3803.018 | Min Dist = 0.242 | Min Dist 10 = 0.219 | Min Dist 100 = 0.336 | Min Dist 1000 = 0.518 | Steps Per Second = 79.184 | Success = 1.000 | Success 1000 = 0.942
I0502 16:09:39.947680 139555860620864 terminal.py:91] [Actor] Actor Episodes = 24875 | Actor Steps = 1243750 | Delta Dist = 6.807 | Delta Dist 10 = 5.415 | Delta Dist 100 = 3.976 | Delta Dist 1000 = 4.248 | Episode Length = 50 | Episode Return = 41.0 | Evaluator Episodes = 6303 | Evaluator Steps = 315150 | Final Dist = 0.264 | Final Dist 10 = 0.619 | Final Dist 100 = 1.803 | Final Dist 1000 = 1.645 | Init Dist = 7.071 | Init Dist 10 = 6.034 | Init Dist 100 = 5.779 | Init Dist 1000 = 5.893 | Learner Steps = 19275 | Learner Walltime = 3803.018 | Min Dist = 0.005 | Min Dist 10 = 0.054 | Min Dist 100 = 0.171 | Min Dist 1000 = 0.275 | Steps Per Second = 75.870 | Success = 1.000 | Success 1000 = 0.989
I0502 16:09:40.487780 139579566835264 terminal.py:91] [Evaluator] Actor Episodes = 24877 | Actor Steps = 1243850 | Delta Dist = 12.561 | Delta Dist 10 = 12.053 | Delta Dist 100 = 11.799 | Delta Dist 1000 = 11.590 | Episode Length = 50 | Episode Return = 14.0 | Evaluator Episodes = 6305 | Evaluator Steps = 315250 | Final Dist = 0.245 | Final Dist 10 = 0.754 | Final Dist 100 = 1.007 | Final Dist 1000 = 1.216 | Init Dist = 12.806 | Init Dist 10 = 12.806 | Init Dist 100 = 12.806 | Init Dist 1000 = 12.806 | Learner Steps = 19280 | Learner Walltime = 3804.258 | Min Dist = 0.153 | Min Dist 10 = 0.193 | Min Dist 100 = 0.332 | Min Dist 1000 = 0.518 | Steps Per Second = 82.107 | Success = 1.000 | Success 1000 = 0.942
I0502 16:09:41.717695 139579566835264 terminal.py:91] [Evaluator] Actor Episodes = 24885 | Actor Steps = 1244250 | Delta Dist = 12.479 | Delta Dist 10 = 12.190 | Delta Dist 100 = 11.819 | Delta Dist 1000 = 11.593 | Episode Length = 50 | Episode Return = 28.0 | Evaluator Episodes = 6307 | Evaluator Steps = 315350 | Final Dist = 0.327 | Final Dist 10 = 0.616 | Final Dist 100 = 0.987 | Final Dist 1000 = 1.214 | Init Dist = 12.806 | Init Dist 10 = 12.806 | Init Dist 100 = 12.806 | Init Dist 1000 = 12.806 | Learner Steps = 19286 | Learner Walltime = 3805.468 | Min Dist = 0.209 | Min Dist 10 = 0.198 | Min Dist 100 = 0.332 | Min Dist 1000 = 0.518 | Steps Per Second = 76.103 | Success = 1.000 | Success 1000 = 0.942
I0502 16:09:41.952634 139584504182336 lp_utils.py:96] StepsLimiter: Reached 1244350 recorded steps
I0502 16:09:42.972045 139579566835264 terminal.py:91] [Evaluator] Actor Episodes = 24893 | Actor Steps = 1244650 | Delta Dist = 11.972 | Delta Dist 10 = 12.155 | Delta Dist 100 = 11.812 | Delta Dist 1000 = 11.592 | Episode Length = 50 | Episode Return = 34.0 | Evaluator Episodes = 6309 | Evaluator Steps = 315450 | Final Dist = 0.835 | Final Dist 10 = 0.652 | Final Dist 100 = 0.994 | Final Dist 1000 = 1.214 | Init Dist = 12.806 | Init Dist 10 = 12.806 | Init Dist 100 = 12.806 | Init Dist 1000 = 12.806 | Learner Steps = 19293 | Learner Walltime = 3806.760 | Min Dist = 0.059 | Min Dist 10 = 0.224 | Min Dist 100 = 0.334 | Min Dist 1000 = 0.518 | Steps Per Second = 83.194 | Success = 1.000 | Success 1000 = 0.942
I0502 16:09:43.638416 139569349502528 terminal.py:91] [Actor] Actor Episodes = 24896 | Actor Steps = 1244800 | Delta Dist = 7.786 | Delta Dist 10 = 3.713 | Delta Dist 100 = 4.154 | Delta Dist 1000 = 4.257 | Episode Length = 50 | Episode Return = 39.0 | Evaluator Episodes = 6309 | Evaluator Steps = 315450 | Final Dist = 1.434 | Final Dist 10 = 1.451 | Final Dist 100 = 1.872 | Final Dist 1000 = 1.659 | Init Dist = 9.220 | Init Dist 10 = 5.165 | Init Dist 100 = 6.027 | Init Dist 1000 = 5.915 | Learner Steps = 19293 | Learner Walltime = 3806.760 | Min Dist = 0.074 | Min Dist 10 = 0.100 | Min Dist 100 = 0.187 | Min Dist 1000 = 0.278 | Steps Per Second = 88.366 | Success = 1.000 | Success 1000 = 0.989
I0502 16:09:43.652220 139557462840896 terminal.py:91] [Actor] Actor Episodes = 24901 | Actor Steps = 1245050 | Delta Dist = 3.778 | Delta Dist 10 = 4.299 | Delta Dist 100 = 4.175 | Delta Dist 1000 = 4.260 | Episode Length = 50 | Episode Return = 41.0 | Evaluator Episodes = 6309 | Evaluator Steps = 315450 | Final Dist = 1.321 | Final Dist 10 = 1.487 | Final Dist 100 = 1.873 | Final Dist 1000 = 1.658 | Init Dist = 5.099 | Init Dist 10 = 5.787 | Init Dist 100 = 6.048 | Init Dist 1000 = 5.917 | Learner Steps = 19293 | Learner Walltime = 3806.760 | Min Dist = 1.321 | Min Dist 10 = 0.104 | Min Dist 100 = 0.187 | Min Dist 1000 = 0.278 | Steps Per Second = 82.782 | Success = 0.000 | Success 1000 = 0.989
I0502 16:09:44.093462 139579566835264 terminal.py:91] [Evaluator] Actor Episodes = 24901 | Actor Steps = 1245050 | Delta Dist = 12.188 | Delta Dist 10 = 12.165 | Delta Dist 100 = 11.820 | Delta Dist 1000 = 11.592 | Episode Length = 50 | Episode Return = 31.0 | Evaluator Episodes = 6311 | Evaluator Steps = 315550 | Final Dist = 0.618 | Final Dist 10 = 0.642 | Final Dist 100 = 0.987 | Final Dist 1000 = 1.214 | Init Dist = 12.806 | Init Dist 10 = 12.806 | Init Dist 100 = 12.806 | Init Dist 1000 = 12.806 | Learner Steps = 19299 | Learner Walltime = 3807.879 | Min Dist = 0.154 | Min Dist 10 = 0.201 | Min Dist 100 = 0.333 | Min Dist 1000 = 0.518 | Steps Per Second = 84.498 | Success = 1.000 | Success 1000 = 0.942
I0502 16:09:45.354188 139579566835264 terminal.py:91] [Evaluator] Actor Episodes = 24909 | Actor Steps = 1245450 | Delta Dist = 12.138 | Delta Dist 10 = 12.107 | Delta Dist 100 = 11.824 | Delta Dist 1000 = 11.592 | Episode Length = 50 | Episode Return = 18.0 | Evaluator Episodes = 6313 | Evaluator Steps = 315650 | Final Dist = 0.668 | Final Dist 10 = 0.699 | Final Dist 100 = 0.982 | Final Dist 1000 = 1.215 | Init Dist = 12.806 | Init Dist 10 = 12.806 | Init Dist 100 = 12.806 | Init Dist 1000 = 12.806 | Learner Steps = 19307 | Learner Walltime = 3809.242 | Min Dist = 0.021 | Min Dist 10 = 0.147 | Min Dist 100 = 0.332 | Min Dist 1000 = 0.518 | Steps Per Second = 84.822 | Success = 1.000 | Success 1000 = 0.942
I0502 16:09:46.604199 139579566835264 terminal.py:91] [Evaluator] Actor Episodes = 24917 | Actor Steps = 1245850 | Delta Dist = 12.478 | Delta Dist 10 = 12.234 | Delta Dist 100 = 11.826 | Delta Dist 1000 = 11.592 | Episode Length = 50 | Episode Return = 24.0 | Evaluator Episodes = 6315 | Evaluator Steps = 315750 | Final Dist = 0.328 | Final Dist 10 = 0.572 | Final Dist 100 = 0.980 | Final Dist 1000 = 1.214 | Init Dist = 12.806 | Init Dist 10 = 12.806 | Init Dist 100 = 12.806 | Init Dist 1000 = 12.806 | Learner Steps = 19312 | Learner Walltime = 3810.402 | Min Dist = 0.201 | Min Dist 10 = 0.119 | Min Dist 100 = 0.331 | Min Dist 1000 = 0.517 | Steps Per Second = 84.867 | Success = 1.000 | Success 1000 = 0.942
I0502 16:09:46.815195 139555013154368 terminal.py:91] [Learner] Actor Episodes = 24917 | Actor Loss = 3.5290660858154297 | Actor Steps = 1245850 | Binary Accuracy = 0.9959361553192139 | Categorical Accuracy = 0.41015625 | Critic Loss = 1.8744041919708252 | Entropy Mean = -21.83489418029785 | Evaluator Episodes = 6313 | Evaluator Steps = 315650 | Learner Steps = 19315 | Learner Walltime = 3811.012 | Logits Neg = -16.960596084594727 | Logits Pos = -1.8539806604385376 | Logsumexp = 1.1663261651992798 | Steps Per Second = 128.695
I0502 16:09:47.799084 139579566835264 terminal.py:91] [Evaluator] Actor Episodes = 24925 | Actor Steps = 1246250 | Delta Dist = 12.498 | Delta Dist 10 = 12.194 | Delta Dist 100 = 11.841 | Delta Dist 1000 = 11.593 | Episode Length = 50 | Episode Return = 9.0 | Evaluator Episodes = 6317 | Evaluator Steps = 315850 | Final Dist = 0.308 | Final Dist 10 = 0.613 | Final Dist 100 = 0.965 | Final Dist 1000 = 1.213 | Init Dist = 12.806 | Init Dist 10 = 12.806 | Init Dist 100 = 12.806 | Init Dist 1000 = 12.806 | Learner Steps = 19318 | Learner Walltime = 3811.730 | Min Dist = 0.209 | Min Dist 10 = 0.137 | Min Dist 100 = 0.334 | Min Dist 1000 = 0.517 | Steps Per Second = 85.510 | Success = 1.000 | Success 1000 = 0.942
I0502 16:09:49.066511 139579566835264 terminal.py:91] [Evaluator] Actor Episodes = 24933 | Actor Steps = 1246650 | Delta Dist = 12.399 | Delta Dist 10 = 12.183 | Delta Dist 100 = 11.842 | Delta Dist 1000 = 11.595 | Episode Length = 50 | Episode Return = 28.0 | Evaluator Episodes = 6319 | Evaluator Steps = 315950 | Final Dist = 0.407 | Final Dist 10 = 0.623 | Final Dist 100 = 0.964 | Final Dist 1000 = 1.212 | Init Dist = 12.806 | Init Dist 10 = 12.806 | Init Dist 100 = 12.806 | Init Dist 1000 = 12.806 | Learner Steps = 19324 | Learner Walltime = 3812.915 | Min Dist = 0.155 | Min Dist 10 = 0.148 | Min Dist 100 = 0.337 | Min Dist 1000 = 0.518 | Steps Per Second = 83.134 | Success = 1.000 | Success 1000 = 0.942
I0502 16:09:49.425527 139558059398720 terminal.py:91] [Actor] Actor Episodes = 24937 | Actor Steps = 1246850 | Delta Dist = 7.790 | Delta Dist 10 = 3.984 | Delta Dist 100 = 4.638 | Delta Dist 1000 = 4.258 | Episode Length = 50 | Episode Return = 24.0 | Evaluator Episodes = 6319 | Evaluator Steps = 315950 | Final Dist = 0.020 | Final Dist 10 = 2.335 | Final Dist 100 = 1.529 | Final Dist 1000 = 1.667 | Init Dist = 7.810 | Init Dist 10 = 6.319 | Init Dist 100 = 6.167 | Init Dist 1000 = 5.925 | Learner Steps = 19324 | Learner Walltime = 3812.915 | Min Dist = 0.017 | Min Dist 10 = 1.163 | Min Dist 100 = 0.330 | Min Dist 1000 = 0.289 | Steps Per Second = 86.860 | Success = 1.000 | Success 1000 = 0.989
I0502 16:09:50.181853 139579566835264 terminal.py:91] [Evaluator] Actor Episodes = 24941 | Actor Steps = 1247050 | Delta Dist = 12.285 | Delta Dist 10 = 12.204 | Delta Dist 100 = 11.858 | Delta Dist 1000 = 11.596 | Episode Length = 50 | Episode Return = 30.0 | Evaluator Episodes = 6321 | Evaluator Steps = 316050 | Final Dist = 0.521 | Final Dist 10 = 0.602 | Final Dist 100 = 0.948 | Final Dist 1000 = 1.211 | Init Dist = 12.806 | Init Dist 10 = 12.806 | Init Dist 100 = 12.806 | Init Dist 1000 = 12.806 | Learner Steps = 19330 | Learner Walltime = 3814.097 | Min Dist = 0.165 | Min Dist 10 = 0.144 | Min Dist 100 = 0.335 | Min Dist 1000 = 0.517 | Steps Per Second = 88.957 | Success = 1.000 | Success 1000 = 0.942
I0502 16:09:50.378265 139555860620864 terminal.py:91] [Actor] Actor Episodes = 24940 | Actor Steps = 1247000 | Delta Dist = 10.336 | Delta Dist 10 = 4.232 | Delta Dist 100 = 4.959 | Delta Dist 1000 = 4.260 | Episode Length = 50 | Episode Return = 29.0 | Evaluator Episodes = 6319 | Evaluator Steps = 315950 | Final Dist = 0.294 | Final Dist 10 = 2.276 | Final Dist 100 = 1.347 | Final Dist 1000 = 1.673 | Init Dist = 10.630 | Init Dist 10 = 6.508 | Init Dist 100 = 6.306 | Init Dist 1000 = 5.933 | Learner Steps = 19324 | Learner Walltime = 3812.915 | Min Dist = 0.019 | Min Dist 10 = 0.091 | Min Dist 100 = 0.305 | Min Dist 1000 = 0.289 | Steps Per Second = 87.041 | Success = 1.000 | Success 1000 = 0.989
I0502 16:09:51.314390 139579566835264 terminal.py:91] [Evaluator] Actor Episodes = 24949 | Actor Steps = 1247450 | Delta Dist = 12.286 | Delta Dist 10 = 12.304 | Delta Dist 100 = 11.870 | Delta Dist 1000 = 11.596 | Episode Length = 50 | Episode Return = 15.0 | Evaluator Episodes = 6323 | Evaluator Steps = 316150 | Final Dist = 0.520 | Final Dist 10 = 0.502 | Final Dist 100 = 0.936 | Final Dist 1000 = 1.210 | Init Dist = 12.806 | Init Dist 10 = 12.806 | Init Dist 100 = 12.806 | Init Dist 1000 = 12.806 | Learner Steps = 19336 | Learner Walltime = 3815.278 | Min Dist = 0.133 | Min Dist 10 = 0.157 | Min Dist 100 = 0.334 | Min Dist 1000 = 0.517 | Steps Per Second = 82.020 | Success = 1.000 | Success 1000 = 0.942
I0502 16:09:51.970906 139584504182336 lp_utils.py:96] StepsLimiter: Reached 1247650 recorded steps
I0502 16:09:52.465312 139579566835264 terminal.py:91] [Evaluator] Actor Episodes = 24957 | Actor Steps = 1247850 | Delta Dist = 12.117 | Delta Dist 10 = 12.286 | Delta Dist 100 = 11.886 | Delta Dist 1000 = 11.597 | Episode Length = 50 | Episode Return = 28.0 | Evaluator Episodes = 6325 | Evaluator Steps = 316250 | Final Dist = 0.690 | Final Dist 10 = 0.520 | Final Dist 100 = 0.920 | Final Dist 1000 = 1.209 | Init Dist = 12.806 | Init Dist 10 = 12.806 | Init Dist 100 = 12.806 | Init Dist 1000 = 12.806 | Learner Steps = 19343 | Learner Walltime = 3816.447 | Min Dist = 0.025 | Min Dist 10 = 0.194 | Min Dist 100 = 0.335 | Min Dist 1000 = 0.518 | Steps Per Second = 83.255 | Success = 1.000 | Success 1000 = 0.942
I0502 16:09:53.702798 139579566835264 terminal.py:91] [Evaluator] Actor Episodes = 24965 | Actor Steps = 1248250 | Delta Dist = 11.621 | Delta Dist 10 = 12.221 | Delta Dist 100 = 11.890 | Delta Dist 1000 = 11.598 | Episode Length = 50 | Episode Return = 16.0 | Evaluator Episodes = 6327 | Evaluator Steps = 316350 | Final Dist = 1.185 | Final Dist 10 = 0.585 | Final Dist 100 = 0.916 | Final Dist 1000 = 1.208 | Init Dist = 12.806 | Init Dist 10 = 12.806 | Init Dist 100 = 12.806 | Init Dist 1000 = 12.806 | Learner Steps = 19349 | Learner Walltime = 3817.653 | Min Dist = 0.091 | Min Dist 10 = 0.165 | Min Dist 100 = 0.331 | Min Dist 1000 = 0.517 | Steps Per Second = 80.338 | Success = 1.000 | Success 1000 = 0.942
I0502 16:09:53.994863 139569349502528 terminal.py:91] [Actor] Actor Episodes = 24967 | Actor Steps = 1248350 | Delta Dist = 4.245 | Delta Dist 10 = 3.967 | Delta Dist 100 = 4.754 | Delta Dist 1000 = 4.277 | Episode Length = 50 | Episode Return = 44.0 | Evaluator Episodes = 6327 | Evaluator Steps = 316350 | Final Dist = 0.755 | Final Dist 10 = 0.613 | Final Dist 100 = 1.409 | Final Dist 1000 = 1.678 | Init Dist = 5.000 | Init Dist 10 = 4.580 | Init Dist 100 = 6.163 | Init Dist 1000 = 5.956 | Learner Steps = 19349 | Learner Walltime = 3817.653 | Min Dist = 0.041 | Min Dist 10 = 0.063 | Min Dist 100 = 0.299 | Min Dist 1000 = 0.289 | Steps Per Second = 76.318 | Success = 1.000 | Success 1000 = 0.990
I0502 16:09:54.036792 139557462840896 terminal.py:91] [Actor] Actor Episodes = 24966 | Actor Steps = 1248300 | Delta Dist = -0.193 | Delta Dist 10 = 4.468 | Delta Dist 100 = 4.772 | Delta Dist 1000 = 4.280 | Episode Length = 50 | Episode Return = 29.0 | Evaluator Episodes = 6325 | Evaluator Steps = 316250 | Final Dist = 0.193 | Final Dist 10 = 0.652 | Final Dist 100 = 1.414 | Final Dist 1000 = 1.679 | Init Dist = 0.000 | Init Dist 10 = 5.120 | Init Dist 100 = 6.186 | Init Dist 1000 = 5.959 | Learner Steps = 19343 | Learner Walltime = 3816.447 | Min Dist = 0.000 | Min Dist 10 = 0.059 | Min Dist 100 = 0.300 | Min Dist 1000 = 0.289 | Steps Per Second = 78.146 | Success = 1.000 | Success 1000 = 0.990
I0502 16:09:54.852762 139579566835264 terminal.py:91] [Evaluator] Actor Episodes = 24973 | Actor Steps = 1248650 | Delta Dist = 12.342 | Delta Dist 10 = 12.077 | Delta Dist 100 = 11.883 | Delta Dist 1000 = 11.597 | Episode Length = 50 | Episode Return = 25.0 | Evaluator Episodes = 6329 | Evaluator Steps = 316450 | Final Dist = 0.464 | Final Dist 10 = 0.729 | Final Dist 100 = 0.923 | Final Dist 1000 = 1.209 | Init Dist = 12.806 | Init Dist 10 = 12.806 | Init Dist 100 = 12.806 | Init Dist 1000 = 12.806 | Learner Steps = 19356 | Learner Walltime = 3818.971 | Min Dist = 0.037 | Min Dist 10 = 0.187 | Min Dist 100 = 0.332 | Min Dist 1000 = 0.518 | Steps Per Second = 89.502 | Success = 1.000 | Success 1000 = 0.942
I0502 16:09:56.075727 139579566835264 terminal.py:91] [Evaluator] Actor Episodes = 24981 | Actor Steps = 1249050 | Delta Dist = 12.002 | Delta Dist 10 = 12.046 | Delta Dist 100 = 11.876 | Delta Dist 1000 = 11.603 | Episode Length = 50 | Episode Return = 24.0 | Evaluator Episodes = 6331 | Evaluator Steps = 316550 | Final Dist = 0.804 | Final Dist 10 = 0.760 | Final Dist 100 = 0.931 | Final Dist 1000 = 1.203 | Init Dist = 12.806 | Init Dist 10 = 12.806 | Init Dist 100 = 12.806 | Init Dist 1000 = 12.806 | Learner Steps = 19362 | Learner Walltime = 3820.275 | Min Dist = 0.087 | Min Dist 10 = 0.173 | Min Dist 100 = 0.330 | Min Dist 1000 = 0.512 | Steps Per Second = 79.537 | Success = 1.000 | Success 1000 = 0.943
I0502 16:09:56.859818 139555013154368 terminal.py:91] [Learner] Actor Episodes = 24981 | Actor Loss = 3.753387928009033 | Actor Steps = 1249050 | Binary Accuracy = 0.9960439205169678 | Categorical Accuracy = 0.4249267578125 | Critic Loss = 1.8506553173065186 | Entropy Mean = -19.432205200195312 | Evaluator Episodes = 6329 | Evaluator Steps = 316450 | Learner Steps = 19367 | Learner Walltime = 3821.054 | Logits Neg = -16.820236206054688 | Logits Pos = -1.8361493349075317 | Logsumexp = 1.0435763597488403 | Steps Per Second = 1078.006
I0502 16:09:57.343758 139579566835264 terminal.py:91] [Evaluator] Actor Episodes = 24989 | Actor Steps = 1249450 | Delta Dist = 12.551 | Delta Dist 10 = 11.988 | Delta Dist 100 = 11.877 | Delta Dist 1000 = 11.604 | Episode Length = 50 | Episode Return = 28.0 | Evaluator Episodes = 6333 | Evaluator Steps = 316650 | Final Dist = 0.255 | Final Dist 10 = 0.818 | Final Dist 100 = 0.930 | Final Dist 1000 = 1.202 | Init Dist = 12.806 | Init Dist 10 = 12.806 | Init Dist 100 = 12.806 | Init Dist 1000 = 12.806 | Learner Steps = 19368 | Learner Walltime = 3821.502 | Min Dist = 0.129 | Min Dist 10 = 0.156 | Min Dist 100 = 0.329 | Min Dist 1000 = 0.512 | Steps Per Second = 79.534 | Success = 1.000 | Success 1000 = 0.943
I0502 16:09:58.257049 139584635659840 savers.py:156] Saving checkpoint: logs/contrastive_cpc_point_FourRooms_64/5dd72662-2788-11f0-b183-d85ed38c5779/checkpoints/counter
I0502 16:09:58.511515 139579566835264 terminal.py:91] [Evaluator] Actor Episodes = 24997 | Actor Steps = 1249850 | Delta Dist = 11.738 | Delta Dist 10 = 12.047 | Delta Dist 100 = 11.958 | Delta Dist 1000 = 11.605 | Episode Length = 50 | Episode Return = 30.0 | Evaluator Episodes = 6335 | Evaluator Steps = 316750 | Final Dist = 1.068 | Final Dist 10 = 0.759 | Final Dist 100 = 0.849 | Final Dist 1000 = 1.201 | Init Dist = 12.806 | Init Dist 10 = 12.806 | Init Dist 100 = 12.806 | Init Dist 1000 = 12.806 | Learner Steps = 19368 | Learner Walltime = 3821.502 | Min Dist = 0.154 | Min Dist 10 = 0.145 | Min Dist 100 = 0.264 | Min Dist 1000 = 0.512 | Steps Per Second = 85.181 | Success = 1.000 | Success 1000 = 0.943
I0502 16:09:59.763250 139558059398720 terminal.py:91] [Actor] Actor Episodes = 25002 | Actor Steps = 1250100 | Delta Dist = 6.776 | Delta Dist 10 = 4.996 | Delta Dist 100 = 4.360 | Delta Dist 1000 = 4.291 | Episode Length = 50 | Episode Return = 31.0 | Evaluator Episodes = 6335 | Evaluator Steps = 316750 | Final Dist = 0.504 | Final Dist 10 = 1.272 | Final Dist 100 = 1.540 | Final Dist 1000 = 1.653 | Init Dist = 7.280 | Init Dist 10 = 6.268 | Init Dist 100 = 5.899 | Init Dist 1000 = 5.944 | Learner Steps = 19375 | Learner Walltime = 3822.719 | Min Dist = 0.061 | Min Dist 10 = 0.106 | Min Dist 100 = 0.459 | Min Dist 1000 = 0.307 | Steps Per Second = 86.857 | Success = 1.000 | Success 1000 = 0.990
I0502 16:09:59.777069 139579566835264 terminal.py:91] [Evaluator] Actor Episodes = 25005 | Actor Steps = 1250250 | Delta Dist = 5.118 | Delta Dist 10 = 11.923 | Delta Dist 100 = 11.947 | Delta Dist 1000 = 11.604 | Episode Length = 50 | Episode Return = 0.0 | Evaluator Episodes = 6337 | Evaluator Steps = 316850 | Final Dist = 7.688 | Final Dist 10 = 0.883 | Final Dist 100 = 0.859 | Final Dist 1000 = 1.203 | Init Dist = 12.806 | Init Dist 10 = 12.806 | Init Dist 100 = 12.806 | Init Dist 1000 = 12.806 | Learner Steps = 19380 | Learner Walltime = 3823.897 | Min Dist = 6.718 | Min Dist 10 = 0.159 | Min Dist 100 = 0.258 | Min Dist 1000 = 0.512 | Steps Per Second = 77.798 | Success = 0.000 | Success 1000 = 0.943
I0502 16:10:00.262213 139583350109760 savers.py:156] Saving checkpoint: logs/contrastive_cpc_point_FourRooms_64/5dd72662-2788-11f0-b183-d85ed38c5779/checkpoints/learner
I0502 16:10:00.874051 139555860620864 terminal.py:91] [Actor] Actor Episodes = 25011 | Actor Steps = 1250550 | Delta Dist = 6.327 | Delta Dist 10 = 5.161 | Delta Dist 100 = 4.345 | Delta Dist 1000 = 4.290 | Episode Length = 50 | Episode Return = 24.0 | Evaluator Episodes = 6337 | Evaluator Steps = 316850 | Final Dist = 1.483 | Final Dist 10 = 2.006 | Final Dist 100 = 1.578 | Final Dist 1000 = 1.659 | Init Dist = 7.810 | Init Dist 10 = 7.167 | Init Dist 100 = 5.923 | Init Dist 1000 = 5.950 | Learner Steps = 19380 | Learner Walltime = 3823.897 | Min Dist = 0.064 | Min Dist 10 = 0.122 | Min Dist 100 = 0.462 | Min Dist 1000 = 0.307 | Steps Per Second = 71.751 | Success = 1.000 | Success 1000 = 0.990
I0502 16:10:01.059443 139579566835264 terminal.py:91] [Evaluator] Actor Episodes = 25013 | Actor Steps = 1250650 | Delta Dist = 11.548 | Delta Dist 10 = 11.378 | Delta Dist 100 = 11.889 | Delta Dist 1000 = 11.597 | Episode Length = 50 | Episode Return = 16.0 | Evaluator Episodes = 6339 | Evaluator Steps = 316950 | Final Dist = 1.258 | Final Dist 10 = 1.428 | Final Dist 100 = 0.917 | Final Dist 1000 = 1.209 | Init Dist = 12.806 | Init Dist 10 = 12.806 | Init Dist 100 = 12.806 | Init Dist 1000 = 12.806 | Learner Steps = 19384 | Learner Walltime = 3825.254 | Min Dist = 0.164 | Min Dist 10 = 0.774 | Min Dist 100 = 0.317 | Min Dist 1000 = 0.518 | Steps Per Second = 73.063 | Success = 1.000 | Success 1000 = 0.942
I0502 16:10:01.991523 139584504182336 lp_utils.py:96] StepsLimiter: Reached 1250850 recorded steps
I0502 16:10:02.320283 139579566835264 terminal.py:91] [Evaluator] Actor Episodes = 25019 | Actor Steps = 1250950 | Delta Dist = 12.369 | Delta Dist 10 = 11.261 | Delta Dist 100 = 11.889 | Delta Dist 1000 = 11.595 | Episode Length = 50 | Episode Return = 22.0 | Evaluator Episodes = 6341 | Evaluator Steps = 317050 | Final Dist = 0.437 | Final Dist 10 = 1.545 | Final Dist 100 = 0.917 | Final Dist 1000 = 1.211 | Init Dist = 12.806 | Init Dist 10 = 12.806 | Init Dist 100 = 12.806 | Init Dist 1000 = 12.806 | Learner Steps = 19393 | Learner Walltime = 3826.461 | Min Dist = 0.200 | Min Dist 10 = 0.805 | Min Dist 100 = 0.316 | Min Dist 1000 = 0.518 | Steps Per Second = 72.755 | Success = 1.000 | Success 1000 = 0.942
I0502 16:10:03.608018 139579566835264 terminal.py:91] [Evaluator] Actor Episodes = 25029 | Actor Steps = 1251450 | Delta Dist = 12.301 | Delta Dist 10 = 11.312 | Delta Dist 100 = 11.886 | Delta Dist 1000 = 11.597 | Episode Length = 50 | Episode Return = 27.0 | Evaluator Episodes = 6343 | Evaluator Steps = 317150 | Final Dist = 0.506 | Final Dist 10 = 1.494 | Final Dist 100 = 0.920 | Final Dist 1000 = 1.209 | Init Dist = 12.806 | Init Dist 10 = 12.806 | Init Dist 100 = 12.806 | Init Dist 1000 = 12.806 | Learner Steps = 19400 | Learner Walltime = 3827.744 | Min Dist = 0.186 | Min Dist 10 = 0.809 | Min Dist 100 = 0.314 | Min Dist 1000 = 0.518 | Steps Per Second = 77.076 | Success = 1.000 | Success 1000 = 0.942
I0502 16:10:04.112526 139557462840896 terminal.py:91] [Actor] Actor Episodes = 25028 | Actor Steps = 1251400 | Delta Dist = 7.986 | Delta Dist 10 = 3.976 | Delta Dist 100 = 4.164 | Delta Dist 1000 = 4.278 | Episode Length = 50 | Episode Return = 39.0 | Evaluator Episodes = 6341 | Evaluator Steps = 317050 | Final Dist = 0.261 | Final Dist 10 = 1.401 | Final Dist 100 = 1.636 | Final Dist 1000 = 1.674 | Init Dist = 8.246 | Init Dist 10 = 5.377 | Init Dist 100 = 5.800 | Init Dist 1000 = 5.953 | Learner Steps = 19393 | Learner Walltime = 3826.461 | Min Dist = 0.063 | Min Dist 10 = 0.814 | Min Dist 100 = 0.398 | Min Dist 1000 = 0.320 | Steps Per Second = 83.383 | Success = 1.000 | Success 1000 = 0.990
I0502 16:10:04.578601 139569349502528 terminal.py:91] [Actor] Actor Episodes = 25032 | Actor Steps = 1251600 | Delta Dist = -2.020 | Delta Dist 10 = 3.523 | Delta Dist 100 = 4.193 | Delta Dist 1000 = 4.273 | Episode Length = 50 | Episode Return = 0.0 | Evaluator Episodes = 6343 | Evaluator Steps = 317150 | Final Dist = 8.345 | Final Dist 10 = 2.224 | Final Dist 100 = 1.649 | Final Dist 1000 = 1.681 | Init Dist = 6.325 | Init Dist 10 = 5.747 | Init Dist 100 = 5.842 | Init Dist 1000 = 5.954 | Learner Steps = 19400 | Learner Walltime = 3827.744 | Min Dist = 0.079 | Min Dist 10 = 0.849 | Min Dist 100 = 0.401 | Min Dist 1000 = 0.320 | Steps Per Second = 85.727 | Success = 1.000 | Success 1000 = 0.990
I0502 16:10:04.809435 139579566835264 terminal.py:91] [Evaluator] Actor Episodes = 25037 | Actor Steps = 1251850 | Delta Dist = 11.957 | Delta Dist 10 = 11.205 | Delta Dist 100 = 11.888 | Delta Dist 1000 = 11.598 | Episode Length = 50 | Episode Return = 10.0 | Evaluator Episodes = 6345 | Evaluator Steps = 317250 | Final Dist = 0.849 | Final Dist 10 = 1.601 | Final Dist 100 = 0.918 | Final Dist 1000 = 1.208 | Init Dist = 12.806 | Init Dist 10 = 12.806 | Init Dist 100 = 12.806 | Init Dist 1000 = 12.806 | Learner Steps = 19406 | Learner Walltime = 3828.995 | Min Dist = 0.051 | Min Dist 10 = 0.828 | Min Dist 100 = 0.314 | Min Dist 1000 = 0.516 | Steps Per Second = 78.904 | Success = 1.000 | Success 1000 = 0.943
I0502 16:10:05.968035 139579566835264 terminal.py:91] [Evaluator] Actor Episodes = 25043 | Actor Steps = 1252150 | Delta Dist = 11.131 | Delta Dist 10 = 11.262 | Delta Dist 100 = 11.895 | Delta Dist 1000 = 11.597 | Episode Length = 50 | Episode Return = 5.0 | Evaluator Episodes = 6347 | Evaluator Steps = 317350 | Final Dist = 1.676 | Final Dist 10 = 1.544 | Final Dist 100 = 0.911 | Final Dist 1000 = 1.209 | Init Dist = 12.806 | Init Dist 10 = 12.806 | Init Dist 100 = 12.806 | Init Dist 1000 = 12.806 | Learner Steps = 19411 | Learner Walltime = 3830.104 | Min Dist = 0.823 | Min Dist 10 = 0.810 | Min Dist 100 = 0.309 | Min Dist 1000 = 0.516 | Steps Per Second = 97.236 | Success = 1.000 | Success 1000 = 0.943
I0502 16:10:07.156233 139579566835264 terminal.py:91] [Evaluator] Actor Episodes = 25051 | Actor Steps = 1252550 | Delta Dist = 11.230 | Delta Dist 10 = 11.824 | Delta Dist 100 = 11.892 | Delta Dist 1000 = 11.597 | Episode Length = 50 | Episode Return = 24.0 | Evaluator Episodes = 6349 | Evaluator Steps = 317450 | Final Dist = 1.576 | Final Dist 10 = 0.983 | Final Dist 100 = 0.914 | Final Dist 1000 = 1.209 | Init Dist = 12.806 | Init Dist 10 = 12.806 | Init Dist 100 = 12.806 | Init Dist 1000 = 12.806 | Learner Steps = 19411 | Learner Walltime = 3830.104 | Min Dist = 0.139 | Min Dist 10 = 0.217 | Min Dist 100 = 0.310 | Min Dist 1000 = 0.516 | Steps Per Second = 85.828 | Success = 1.000 | Success 1000 = 0.943
I0502 16:10:07.234189 139555013154368 terminal.py:91] [Learner] Actor Episodes = 25051 | Actor Loss = 3.6912717819213867 | Actor Steps = 1252550 | Binary Accuracy = 0.9960277080535889 | Categorical Accuracy = 0.42950439453125 | Critic Loss = 1.821934700012207 | Entropy Mean = -20.168987274169922 | Evaluator Episodes = 6349 | Evaluator Steps = 317450 | Learner Steps = 19418 | Learner Walltime = 3831.426 | Logits Neg = -16.87877655029297 | Logits Pos = -1.7958331108093262 | Logsumexp = 1.1994354724884033 | Steps Per Second = 145.977
I0502 16:10:08.365432 139579566835264 terminal.py:91] [Evaluator] Actor Episodes = 25059 | Actor Steps = 1252950 | Delta Dist = 12.434 | Delta Dist 10 = 11.829 | Delta Dist 100 = 11.885 | Delta Dist 1000 = 11.598 | Episode Length = 50 | Episode Return = 24.0 | Evaluator Episodes = 6351 | Evaluator Steps = 317550 | Final Dist = 0.372 | Final Dist 10 = 0.977 | Final Dist 100 = 0.921 | Final Dist 1000 = 1.208 | Init Dist = 12.806 | Init Dist 10 = 12.806 | Init Dist 100 = 12.806 | Init Dist 1000 = 12.806 | Learner Steps = 19418 | Learner Walltime = 3831.426 | Min Dist = 0.165 | Min Dist 10 = 0.196 | Min Dist 100 = 0.307 | Min Dist 1000 = 0.514 | Steps Per Second = 79.631 | Success = 1.000 | Success 1000 = 0.944
I0502 16:10:09.496640 139579566835264 terminal.py:91] [Evaluator] Actor Episodes = 25067 | Actor Steps = 1253350 | Delta Dist = 12.483 | Delta Dist 10 = 11.726 | Delta Dist 100 = 11.885 | Delta Dist 1000 = 11.597 | Episode Length = 50 | Episode Return = 9.0 | Evaluator Episodes = 6353 | Evaluator Steps = 317650 | Final Dist = 0.323 | Final Dist 10 = 1.080 | Final Dist 100 = 0.921 | Final Dist 1000 = 1.209 | Init Dist = 12.806 | Init Dist 10 = 12.806 | Init Dist 100 = 12.806 | Init Dist 1000 = 12.806 | Learner Steps = 19424 | Learner Walltime = 3832.584 | Min Dist = 0.064 | Min Dist 10 = 0.202 | Min Dist 100 = 0.307 | Min Dist 1000 = 0.514 | Steps Per Second = 90.782 | Success = 1.000 | Success 1000 = 0.944
I0502 16:10:10.003769 139558059398720 terminal.py:91] [Actor] Actor Episodes = 25071 | Actor Steps = 1253550 | Delta Dist = 2.706 | Delta Dist 10 = 5.521 | Delta Dist 100 = 4.344 | Delta Dist 1000 = 4.289 | Episode Length = 50 | Episode Return = 16.0 | Evaluator Episodes = 6353 | Evaluator Steps = 317650 | Final Dist = 0.899 | Final Dist 10 = 1.096 | Final Dist 100 = 1.488 | Final Dist 1000 = 1.645 | Init Dist = 3.606 | Init Dist 10 = 6.617 | Init Dist 100 = 5.833 | Init Dist 1000 = 5.935 | Learner Steps = 19430 | Learner Walltime = 3833.717 | Min Dist = 0.034 | Min Dist 10 = 0.169 | Min Dist 100 = 0.471 | Min Dist 1000 = 0.302 | Steps Per Second = 91.088 | Success = 1.000 | Success 1000 = 0.989
I0502 16:10:10.754230 139579566835264 terminal.py:91] [Evaluator] Actor Episodes = 25075 | Actor Steps = 1253750 | Delta Dist = 11.266 | Delta Dist 10 = 11.767 | Delta Dist 100 = 11.877 | Delta Dist 1000 = 11.599 | Episode Length = 50 | Episode Return = 18.0 | Evaluator Episodes = 6355 | Evaluator Steps = 317750 | Final Dist = 1.540 | Final Dist 10 = 1.040 | Final Dist 100 = 0.930 | Final Dist 1000 = 1.208 | Init Dist = 12.806 | Init Dist 10 = 12.806 | Init Dist 100 = 12.806 | Init Dist 1000 = 12.806 | Learner Steps = 19430 | Learner Walltime = 3833.717 | Min Dist = 0.109 | Min Dist 10 = 0.185 | Min Dist 100 = 0.308 | Min Dist 1000 = 0.513 | Steps Per Second = 73.663 | Success = 1.000 | Success 1000 = 0.944
I0502 16:10:11.356766 139555860620864 terminal.py:91] [Actor] Actor Episodes = 25076 | Actor Steps = 1253800 | Delta Dist = 0.865 | Delta Dist 10 = 4.898 | Delta Dist 100 = 4.448 | Delta Dist 1000 = 4.291 | Episode Length = 50 | Episode Return = 50.0 | Evaluator Episodes = 6353 | Evaluator Steps = 317650 | Final Dist = 0.550 | Final Dist 10 = 0.670 | Final Dist 100 = 1.319 | Final Dist 1000 = 1.636 | Init Dist = 1.414 | Init Dist 10 = 5.569 | Init Dist 100 = 5.767 | Init Dist 1000 = 5.927 | Learner Steps = 19430 | Learner Walltime = 3833.717 | Min Dist = 0.190 | Min Dist 10 = 0.045 | Min Dist 100 = 0.387 | Min Dist 1000 = 0.302 | Steps Per Second = 79.283 | Success = 1.000 | Success 1000 = 0.989
I0502 16:10:12.004249 139579566835264 terminal.py:91] [Evaluator] Actor Episodes = 25081 | Actor Steps = 1254050 | Delta Dist = 12.372 | Delta Dist 10 = 11.692 | Delta Dist 100 = 11.868 | Delta Dist 1000 = 11.597 | Episode Length = 50 | Episode Return = 14.0 | Evaluator Episodes = 6357 | Evaluator Steps = 317850 | Final Dist = 0.434 | Final Dist 10 = 1.115 | Final Dist 100 = 0.939 | Final Dist 1000 = 1.209 | Init Dist = 12.806 | Init Dist 10 = 12.806 | Init Dist 100 = 12.806 | Init Dist 1000 = 12.806 | Learner Steps = 19436 | Learner Walltime = 3834.990 | Min Dist = 0.248 | Min Dist 10 = 0.211 | Min Dist 100 = 0.309 | Min Dist 1000 = 0.513 | Steps Per Second = 80.696 | Success = 1.000 | Success 1000 = 0.944
I0502 16:10:12.013813 139584504182336 lp_utils.py:96] StepsLimiter: Reached 1254150 recorded steps
I0502 16:10:13.236918 139579566835264 terminal.py:91] [Evaluator] Actor Episodes = 25089 | Actor Steps = 1254450 | Delta Dist = 12.602 | Delta Dist 10 = 11.757 | Delta Dist 100 = 11.861 | Delta Dist 1000 = 11.597 | Episode Length = 50 | Episode Return = 35.0 | Evaluator Episodes = 6359 | Evaluator Steps = 317950 | Final Dist = 0.204 | Final Dist 10 = 1.049 | Final Dist 100 = 0.945 | Final Dist 1000 = 1.209 | Init Dist = 12.806 | Init Dist 10 = 12.806 | Init Dist 100 = 12.806 | Init Dist 1000 = 12.806 | Learner Steps = 19449 | Learner Walltime = 3837.350 | Min Dist = 0.050 | Min Dist 10 = 0.145 | Min Dist 100 = 0.310 | Min Dist 1000 = 0.513 | Steps Per Second = 81.909 | Success = 1.000 | Success 1000 = 0.944
I0502 16:10:14.289816 139557462840896 terminal.py:91] [Actor] Actor Episodes = 25094 | Actor Steps = 1254700 | Delta Dist = -1.271 | Delta Dist 10 = 4.152 | Delta Dist 100 = 4.668 | Delta Dist 1000 = 4.279 | Episode Length = 50 | Episode Return = 24.0 | Evaluator Episodes = 6359 | Evaluator Steps = 317950 | Final Dist = 1.271 | Final Dist 10 = 1.200 | Final Dist 100 = 1.276 | Final Dist 1000 = 1.633 | Init Dist = 0.000 | Init Dist 10 = 5.352 | Init Dist 100 = 5.943 | Init Dist 1000 = 5.912 | Learner Steps = 19449 | Learner Walltime = 3837.350 | Min Dist = 0.000 | Min Dist 10 = 0.780 | Min Dist 100 = 0.366 | Min Dist 1000 = 0.310 | Steps Per Second = 82.950 | Success = 1.000 | Success 1000 = 0.990
I0502 16:10:14.567746 139579566835264 terminal.py:91] [Evaluator] Actor Episodes = 25097 | Actor Steps = 1254850 | Delta Dist = 12.078 | Delta Dist 10 = 11.833 | Delta Dist 100 = 11.859 | Delta Dist 1000 = 11.597 | Episode Length = 50 | Episode Return = 30.0 | Evaluator Episodes = 6361 | Evaluator Steps = 318050 | Final Dist = 0.728 | Final Dist 10 = 0.973 | Final Dist 100 = 0.947 | Final Dist 1000 = 1.209 | Init Dist = 12.806 | Init Dist 10 = 12.806 | Init Dist 100 = 12.806 | Init Dist 1000 = 12.806 | Learner Steps = 19454 | Learner Walltime = 3838.579 | Min Dist = 0.065 | Min Dist 10 = 0.154 | Min Dist 100 = 0.310 | Min Dist 1000 = 0.513 | Steps Per Second = 73.063 | Success = 1.000 | Success 1000 = 0.944
I0502 16:10:14.872880 139569349502528 terminal.py:91] [Actor] Actor Episodes = 25098 | Actor Steps = 1254900 | Delta Dist = 2.381 | Delta Dist 10 = 3.649 | Delta Dist 100 = 4.592 | Delta Dist 1000 = 4.282 | Episode Length = 50 | Episode Return = 40.0 | Evaluator Episodes = 6359 | Evaluator Steps = 317950 | Final Dist = 0.447 | Final Dist 10 = 1.233 | Final Dist 100 = 1.298 | Final Dist 1000 = 1.631 | Init Dist = 2.828 | Init Dist 10 = 4.882 | Init Dist 100 = 5.890 | Init Dist 1000 = 5.913 | Learner Steps = 19449 | Learner Walltime = 3837.350 | Min Dist = 0.002 | Min Dist 10 = 0.750 | Min Dist 100 = 0.367 | Min Dist 1000 = 0.310 | Steps Per Second = 80.451 | Success = 1.000 | Success 1000 = 0.990
I0502 16:10:15.722877 139579566835264 terminal.py:91] [Evaluator] Actor Episodes = 25105 | Actor Steps = 1255250 | Delta Dist = 12.004 | Delta Dist 10 = 11.179 | Delta Dist 100 = 11.780 | Delta Dist 1000 = 11.594 | Episode Length = 50 | Episode Return = 8.0 | Evaluator Episodes = 6363 | Evaluator Steps = 318150 | Final Dist = 0.803 | Final Dist 10 = 1.627 | Final Dist 100 = 1.026 | Final Dist 1000 = 1.212 | Init Dist = 12.806 | Init Dist 10 = 12.806 | Init Dist 100 = 12.806 | Init Dist 1000 = 12.806 | Learner Steps = 19459 | Learner Walltime = 3839.646 | Min Dist = 0.253 | Min Dist 10 = 0.813 | Min Dist 100 = 0.376 | Min Dist 1000 = 0.516 | Steps Per Second = 89.692 | Success = 1.000 | Success 1000 = 0.944
I0502 16:10:16.887843 139579566835264 terminal.py:91] [Evaluator] Actor Episodes = 25113 | Actor Steps = 1255650 | Delta Dist = 11.833 | Delta Dist 10 = 11.056 | Delta Dist 100 = 11.762 | Delta Dist 1000 = 11.593 | Episode Length = 50 | Episode Return = 19.0 | Evaluator Episodes = 6365 | Evaluator Steps = 318250 | Final Dist = 0.974 | Final Dist 10 = 1.750 | Final Dist 100 = 1.044 | Final Dist 1000 = 1.213 | Init Dist = 12.806 | Init Dist 10 = 12.806 | Init Dist 100 = 12.806 | Init Dist 1000 = 12.806 | Learner Steps = 19465 | Learner Walltime = 3840.752 | Min Dist = 0.211 | Min Dist 10 = 0.834 | Min Dist 100 = 0.379 | Min Dist 1000 = 0.516 | Steps Per Second = 82.383 | Success = 1.000 | Success 1000 = 0.944
I0502 16:10:17.252206 139555013154368 terminal.py:91] [Learner] Actor Episodes = 25109 | Actor Loss = 3.816094398498535 | Actor Steps = 1255450 | Binary Accuracy = 0.9960470199584961 | Categorical Accuracy = 0.43524169921875 | Critic Loss = 1.7762882709503174 | Entropy Mean = -20.585168838500977 | Evaluator Episodes = 6363 | Evaluator Steps = 318150 | Learner Steps = 19468 | Learner Walltime = 3841.448 | Logits Neg = -17.02618408203125 | Logits Pos = -1.782466173171997 | Logsumexp = 1.112496018409729 | Steps Per Second = 215.811
I0502 16:10:18.133932 139579566835264 terminal.py:91] [Evaluator] Actor Episodes = 25121 | Actor Steps = 1256050 | Delta Dist = 11.430 | Delta Dist 10 = 11.205 | Delta Dist 100 = 11.763 | Delta Dist 1000 = 11.594 | Episode Length = 50 | Episode Return = 9.0 | Evaluator Episodes = 6367 | Evaluator Steps = 318350 | Final Dist = 1.377 | Final Dist 10 = 1.602 | Final Dist 100 = 1.043 | Final Dist 1000 = 1.212 | Init Dist = 12.806 | Init Dist 10 = 12.806 | Init Dist 100 = 12.806 | Init Dist 1000 = 12.806 | Learner Steps = 19471 | Learner Walltime = 3841.759 | Min Dist = 0.086 | Min Dist 10 = 0.841 | Min Dist 100 = 0.381 | Min Dist 1000 = 0.516 | Steps Per Second = 81.591 | Success = 1.000 | Success 1000 = 0.944
I0502 16:10:19.472889 139579566835264 terminal.py:91] [Evaluator] Actor Episodes = 25129 | Actor Steps = 1256450 | Delta Dist = 12.674 | Delta Dist 10 = 10.405 | Delta Dist 100 = 11.686 | Delta Dist 1000 = 11.587 | Episode Length = 50 | Episode Return = 7.0 | Evaluator Episodes = 6369 | Evaluator Steps = 318450 | Final Dist = 0.133 | Final Dist 10 = 2.402 | Final Dist 100 = 1.121 | Final Dist 1000 = 1.219 | Init Dist = 12.806 | Init Dist 10 = 12.806 | Init Dist 100 = 12.806 | Init Dist 1000 = 12.806 | Learner Steps = 19476 | Learner Walltime = 3842.957 | Min Dist = 0.133 | Min Dist 10 = 1.483 | Min Dist 100 = 0.445 | Min Dist 1000 = 0.523 | Steps Per Second = 74.316 | Success = 1.000 | Success 1000 = 0.943
I0502 16:10:20.234570 139558059398720 terminal.py:91] [Actor] Actor Episodes = 25135 | Actor Steps = 1256750 | Delta Dist = 7.669 | Delta Dist 10 = 5.038 | Delta Dist 100 = 5.029 | Delta Dist 1000 = 4.318 | Episode Length = 50 | Episode Return = 41.0 | Evaluator Episodes = 6369 | Evaluator Steps = 318450 | Final Dist = 0.816 | Final Dist 10 = 1.507 | Final Dist 100 = 0.942 | Final Dist 1000 = 1.618 | Init Dist = 8.485 | Init Dist 10 = 6.545 | Init Dist 100 = 5.972 | Init Dist 1000 = 5.936 | Learner Steps = 19481 | Learner Walltime = 3844.080 | Min Dist = 0.017 | Min Dist 10 = 0.102 | Min Dist 100 = 0.229 | Min Dist 1000 = 0.307 | Steps Per Second = 79.365 | Success = 1.000 | Success 1000 = 0.990
I0502 16:10:20.736774 139579566835264 terminal.py:91] [Evaluator] Actor Episodes = 25137 | Actor Steps = 1256850 | Delta Dist = 12.259 | Delta Dist 10 = 10.472 | Delta Dist 100 = 11.689 | Delta Dist 1000 = 11.588 | Episode Length = 50 | Episode Return = 24.0 | Evaluator Episodes = 6371 | Evaluator Steps = 318550 | Final Dist = 0.547 | Final Dist 10 = 2.334 | Final Dist 100 = 1.117 | Final Dist 1000 = 1.218 | Init Dist = 12.806 | Init Dist 10 = 12.806 | Init Dist 100 = 12.806 | Init Dist 1000 = 12.806 | Learner Steps = 19481 | Learner Walltime = 3844.080 | Min Dist = 0.010 | Min Dist 10 = 1.498 | Min Dist 100 = 0.446 | Min Dist 1000 = 0.523 | Steps Per Second = 77.150 | Success = 1.000 | Success 1000 = 0.943
I0502 16:10:21.661277 139555860620864 terminal.py:91] [Actor] Actor Episodes = 25140 | Actor Steps = 1257000 | Delta Dist = 5.187 | Delta Dist 10 = 4.891 | Delta Dist 100 = 5.074 | Delta Dist 1000 = 4.323 | Episode Length = 50 | Episode Return = 20.0 | Evaluator Episodes = 6371 | Evaluator Steps = 318550 | Final Dist = 1.521 | Final Dist 10 = 1.750 | Final Dist 100 = 1.016 | Final Dist 1000 = 1.627 | Init Dist = 6.708 | Init Dist 10 = 6.640 | Init Dist 100 = 6.090 | Init Dist 1000 = 5.950 | Learner Steps = 19487 | Learner Walltime = 3845.097 | Min Dist = 0.102 | Min Dist 10 = 0.094 | Min Dist 100 = 0.218 | Min Dist 1000 = 0.307 | Steps Per Second = 79.577 | Success = 1.000 | Success 1000 = 0.990
I0502 16:10:22.015756 139579566835264 terminal.py:91] [Evaluator] Actor Episodes = 25143 | Actor Steps = 1257150 | Delta Dist = 11.794 | Delta Dist 10 = 11.221 | Delta Dist 100 = 11.713 | Delta Dist 1000 = 11.596 | Episode Length = 50 | Episode Return = 20.0 | Evaluator Episodes = 6373 | Evaluator Steps = 318650 | Final Dist = 1.012 | Final Dist 10 = 1.585 | Final Dist 100 = 1.094 | Final Dist 1000 = 1.211 | Init Dist = 12.806 | Init Dist 10 = 12.806 | Init Dist 100 = 12.806 | Init Dist 1000 = 12.806 | Learner Steps = 19487 | Learner Walltime = 3845.097 | Min Dist = 0.136 | Min Dist 10 = 0.852 | Min Dist 100 = 0.442 | Min Dist 1000 = 0.517 | Steps Per Second = 85.887 | Success = 1.000 | Success 1000 = 0.944
I0502 16:10:22.033115 139584504182336 lp_utils.py:96] StepsLimiter: Reached 1257150 recorded steps
I0502 16:10:23.277956 139579566835264 terminal.py:91] [Evaluator] Actor Episodes = 25153 | Actor Steps = 1257650 | Delta Dist = 12.545 | Delta Dist 10 = 11.314 | Delta Dist 100 = 11.714 | Delta Dist 1000 = 11.596 | Episode Length = 50 | Episode Return = 21.0 | Evaluator Episodes = 6375 | Evaluator Steps = 318750 | Final Dist = 0.262 | Final Dist 10 = 1.492 | Final Dist 100 = 1.092 | Final Dist 1000 = 1.210 | Init Dist = 12.806 | Init Dist 10 = 12.806 | Init Dist 100 = 12.806 | Init Dist 1000 = 12.806 | Learner Steps = 19497 | Learner Walltime = 3847.383 | Min Dist = 0.094 | Min Dist 10 = 0.817 | Min Dist 100 = 0.440 | Min Dist 1000 = 0.517 | Steps Per Second = 73.938 | Success = 1.000 | Success 1000 = 0.944
I0502 16:10:24.381629 139557462840896 terminal.py:91] [Actor] Actor Episodes = 25158 | Actor Steps = 1257900 | Delta Dist = 11.764 | Delta Dist 10 = 4.174 | Delta Dist 100 = 5.174 | Delta Dist 1000 = 4.339 | Episode Length = 50 | Episode Return = 33.0 | Evaluator Episodes = 6375 | Evaluator Steps = 318750 | Final Dist = 0.443 | Final Dist 10 = 1.532 | Final Dist 100 = 1.031 | Final Dist 1000 = 1.616 | Init Dist = 12.207 | Init Dist 10 = 5.706 | Init Dist 100 = 6.204 | Init Dist 1000 = 5.956 | Learner Steps = 19497 | Learner Walltime = 3847.383 | Min Dist = 0.021 | Min Dist 10 = 0.090 | Min Dist 100 = 0.162 | Min Dist 1000 = 0.305 | Steps Per Second = 82.030 | Success = 1.000 | Success 1000 = 0.990
I0502 16:10:24.426605 139579566835264 terminal.py:91] [Evaluator] Actor Episodes = 25159 | Actor Steps = 1257950 | Delta Dist = 11.817 | Delta Dist 10 = 11.396 | Delta Dist 100 = 11.723 | Delta Dist 1000 = 11.598 | Episode Length = 50 | Episode Return = 24.0 | Evaluator Episodes = 6377 | Evaluator Steps = 318850 | Final Dist = 0.989 | Final Dist 10 = 1.410 | Final Dist 100 = 1.083 | Final Dist 1000 = 1.209 | Init Dist = 12.806 | Init Dist 10 = 12.806 | Init Dist 100 = 12.806 | Init Dist 1000 = 12.806 | Learner Steps = 19497 | Learner Walltime = 3847.383 | Min Dist = 0.009 | Min Dist 10 = 0.791 | Min Dist 100 = 0.439 | Min Dist 1000 = 0.516 | Steps Per Second = 90.470 | Success = 1.000 | Success 1000 = 0.944
I0502 16:10:25.044753 139569349502528 terminal.py:91] [Actor] Actor Episodes = 25162 | Actor Steps = 1258100 | Delta Dist = 4.825 | Delta Dist 10 = 6.115 | Delta Dist 100 = 5.285 | Delta Dist 1000 = 4.349 | Episode Length = 50 | Episode Return = 25.0 | Evaluator Episodes = 6377 | Evaluator Steps = 318850 | Final Dist = 1.257 | Final Dist 10 = 1.090 | Final Dist 100 = 1.041 | Final Dist 1000 = 1.618 | Init Dist = 6.083 | Init Dist 10 = 7.205 | Init Dist 100 = 6.326 | Init Dist 1000 = 5.967 | Learner Steps = 19497 | Learner Walltime = 3847.383 | Min Dist = 0.076 | Min Dist 10 = 0.108 | Min Dist 100 = 0.155 | Min Dist 1000 = 0.305 | Steps Per Second = 85.874 | Success = 1.000 | Success 1000 = 0.990
I0502 16:10:25.594256 139579566835264 terminal.py:91] [Evaluator] Actor Episodes = 25167 | Actor Steps = 1258350 | Delta Dist = 12.397 | Delta Dist 10 = 12.166 | Delta Dist 100 = 11.713 | Delta Dist 1000 = 11.596 | Episode Length = 50 | Episode Return = 19.0 | Evaluator Episodes = 6379 | Evaluator Steps = 318950 | Final Dist = 0.410 | Final Dist 10 = 0.641 | Final Dist 100 = 1.093 | Final Dist 1000 = 1.210 | Init Dist = 12.806 | Init Dist 10 = 12.806 | Init Dist 100 = 12.806 | Init Dist 1000 = 12.806 | Learner Steps = 19504 | Learner Walltime = 3848.750 | Min Dist = 0.210 | Min Dist 10 = 0.130 | Min Dist 100 = 0.437 | Min Dist 1000 = 0.516 | Steps Per Second = 87.781 | Success = 1.000 | Success 1000 = 0.944
I0502 16:10:26.766369 139579566835264 terminal.py:91] [Evaluator] Actor Episodes = 25175 | Actor Steps = 1258750 | Delta Dist = 12.221 | Delta Dist 10 = 12.181 | Delta Dist 100 = 11.719 | Delta Dist 1000 = 11.597 | Episode Length = 50 | Episode Return = 8.0 | Evaluator Episodes = 6381 | Evaluator Steps = 319050 | Final Dist = 0.585 | Final Dist 10 = 0.625 | Final Dist 100 = 1.087 | Final Dist 1000 = 1.209 | Init Dist = 12.806 | Init Dist 10 = 12.806 | Init Dist 100 = 12.806 | Init Dist 1000 = 12.806 | Learner Steps = 19516 | Learner Walltime = 3850.933 | Min Dist = 0.543 | Min Dist 10 = 0.148 | Min Dist 100 = 0.442 | Min Dist 1000 = 0.516 | Steps Per Second = 80.843 | Success = 1.000 | Success 1000 = 0.944
I0502 16:10:27.370658 139555013154368 terminal.py:91] [Learner] Actor Episodes = 25175 | Actor Loss = 3.5739212036132812 | Actor Steps = 1258750 | Binary Accuracy = 0.9959959983825684 | Categorical Accuracy = 0.41973876953125 | Critic Loss = 1.8356494903564453 | Entropy Mean = -19.305160522460938 | Evaluator Episodes = 6379 | Evaluator Steps = 318950 | Learner Steps = 19519 | Learner Walltime = 3851.568 | Logits Neg = -16.710163116455078 | Logits Pos = -1.8040629625320435 | Logsumexp = 1.2363289594650269 | Steps Per Second = 230.664
I0502 16:10:28.002097 139579566835264 terminal.py:91] [Evaluator] Actor Episodes = 25183 | Actor Steps = 1259150 | Delta Dist = 11.540 | Delta Dist 10 = 12.105 | Delta Dist 100 = 11.721 | Delta Dist 1000 = 11.598 | Episode Length = 50 | Episode Return = 4.0 | Evaluator Episodes = 6383 | Evaluator Steps = 319150 | Final Dist = 1.267 | Final Dist 10 = 0.701 | Final Dist 100 = 1.086 | Final Dist 1000 = 1.209 | Init Dist = 12.806 | Init Dist 10 = 12.806 | Init Dist 100 = 12.806 | Init Dist 1000 = 12.806 | Learner Steps = 19516 | Learner Walltime = 3850.933 | Min Dist = 0.245 | Min Dist 10 = 0.190 | Min Dist 100 = 0.443 | Min Dist 1000 = 0.516 | Steps Per Second = 78.286 | Success = 1.000 | Success 1000 = 0.944
I0502 16:10:29.206391 139579566835264 terminal.py:91] [Evaluator] Actor Episodes = 25191 | Actor Steps = 1259550 | Delta Dist = 12.696 | Delta Dist 10 = 11.973 | Delta Dist 100 = 11.717 | Delta Dist 1000 = 11.595 | Episode Length = 50 | Episode Return = 31.0 | Evaluator Episodes = 6385 | Evaluator Steps = 319250 | Final Dist = 0.110 | Final Dist 10 = 0.834 | Final Dist 100 = 1.089 | Final Dist 1000 = 1.211 | Init Dist = 12.806 | Init Dist 10 = 12.806 | Init Dist 100 = 12.806 | Init Dist 1000 = 12.806 | Learner Steps = 19522 | Learner Walltime = 3852.376 | Min Dist = 0.040 | Min Dist 10 = 0.206 | Min Dist 100 = 0.443 | Min Dist 1000 = 0.516 | Steps Per Second = 84.918 | Success = 1.000 | Success 1000 = 0.944
I0502 16:10:30.381705 139579566835264 terminal.py:91] [Evaluator] Actor Episodes = 25199 | Actor Steps = 1259950 | Delta Dist = 11.414 | Delta Dist 10 = 11.921 | Delta Dist 100 = 11.725 | Delta Dist 1000 = 11.596 | Episode Length = 50 | Episode Return = 14.0 | Evaluator Episodes = 6387 | Evaluator Steps = 319350 | Final Dist = 1.392 | Final Dist 10 = 0.886 | Final Dist 100 = 1.081 | Final Dist 1000 = 1.210 | Init Dist = 12.806 | Init Dist 10 = 12.806 | Init Dist 100 = 12.806 | Init Dist 1000 = 12.806 | Learner Steps = 19533 | Learner Walltime = 3854.533 | Min Dist = 0.034 | Min Dist 10 = 0.220 | Min Dist 100 = 0.444 | Min Dist 1000 = 0.516 | Steps Per Second = 92.857 | Success = 1.000 | Success 1000 = 0.944
I0502 16:10:30.832343 139558059398720 terminal.py:91] [Actor] Actor Episodes = 25200 | Actor Steps = 1260000 | Delta Dist = 7.024 | Delta Dist 10 = 3.882 | Delta Dist 100 = 5.266 | Delta Dist 1000 = 4.340 | Episode Length = 50 | Episode Return = 23.0 | Evaluator Episodes = 6385 | Evaluator Steps = 319250 | Final Dist = 0.256 | Final Dist 10 = 0.777 | Final Dist 100 = 1.048 | Final Dist 1000 = 1.586 | Init Dist = 7.280 | Init Dist 10 = 4.659 | Init Dist 100 = 6.314 | Init Dist 1000 = 5.926 | Learner Steps = 19528 | Learner Walltime = 3853.411 | Min Dist = 0.058 | Min Dist 10 = 0.048 | Min Dist 100 = 0.081 | Min Dist 1000 = 0.305 | Steps Per Second = 80.273 | Success = 1.000 | Success 1000 = 0.990
I0502 16:10:31.521420 139579566835264 terminal.py:91] [Evaluator] Actor Episodes = 25207 | Actor Steps = 1260350 | Delta Dist = 12.082 | Delta Dist 10 = 11.868 | Delta Dist 100 = 11.782 | Delta Dist 1000 = 11.595 | Episode Length = 50 | Episode Return = 18.0 | Evaluator Episodes = 6389 | Evaluator Steps = 319450 | Final Dist = 0.725 | Final Dist 10 = 0.938 | Final Dist 100 = 1.024 | Final Dist 1000 = 1.211 | Init Dist = 12.806 | Init Dist 10 = 12.806 | Init Dist 100 = 12.806 | Init Dist 1000 = 12.806 | Learner Steps = 19533 | Learner Walltime = 3854.533 | Min Dist = 0.083 | Min Dist 10 = 0.241 | Min Dist 100 = 0.375 | Min Dist 1000 = 0.516 | Steps Per Second = 88.938 | Success = 1.000 | Success 1000 = 0.944
I0502 16:10:32.048911 139584504182336 lp_utils.py:96] StepsLimiter: Reached 1260450 recorded steps
I0502 16:10:32.153502 139555860620864 terminal.py:91] [Actor] Actor Episodes = 25211 | Actor Steps = 1260550 | Delta Dist = 3.346 | Delta Dist 10 = 4.494 | Delta Dist 100 = 5.027 | Delta Dist 1000 = 4.337 | Episode Length = 50 | Episode Return = 44.0 | Evaluator Episodes = 6389 | Evaluator Steps = 319450 | Final Dist = 0.777 | Final Dist 10 = 0.713 | Final Dist 100 = 1.066 | Final Dist 1000 = 1.583 | Init Dist = 4.123 | Init Dist 10 = 5.207 | Init Dist 100 = 6.093 | Init Dist 1000 = 5.921 | Learner Steps = 19540 | Learner Walltime = 3855.871 | Min Dist = 0.058 | Min Dist 10 = 0.040 | Min Dist 100 = 0.077 | Min Dist 1000 = 0.301 | Steps Per Second = 87.158 | Success = 1.000 | Success 1000 = 0.990
I0502 16:10:32.733556 139579566835264 terminal.py:91] [Evaluator] Actor Episodes = 25215 | Actor Steps = 1260750 | Delta Dist = 11.812 | Delta Dist 10 = 11.221 | Delta Dist 100 = 11.719 | Delta Dist 1000 = 11.591 | Episode Length = 50 | Episode Return = 17.0 | Evaluator Episodes = 6391 | Evaluator Steps = 319550 | Final Dist = 0.995 | Final Dist 10 = 1.585 | Final Dist 100 = 1.087 | Final Dist 1000 = 1.216 | Init Dist = 12.806 | Init Dist 10 = 12.806 | Init Dist 100 = 12.806 | Init Dist 1000 = 12.806 | Learner Steps = 19540 | Learner Walltime = 3855.871 | Min Dist = 0.073 | Min Dist 10 = 0.701 | Min Dist 100 = 0.424 | Min Dist 1000 = 0.520 | Steps Per Second = 90.111 | Success = 1.000 | Success 1000 = 0.943
I0502 16:10:33.961722 139579566835264 terminal.py:91] [Evaluator] Actor Episodes = 25223 | Actor Steps = 1261150 | Delta Dist = 11.323 | Delta Dist 10 = 11.194 | Delta Dist 100 = 11.717 | Delta Dist 1000 = 11.592 | Episode Length = 50 | Episode Return = 18.0 | Evaluator Episodes = 6393 | Evaluator Steps = 319650 | Final Dist = 1.483 | Final Dist 10 = 1.613 | Final Dist 100 = 1.090 | Final Dist 1000 = 1.214 | Init Dist = 12.806 | Init Dist 10 = 12.806 | Init Dist 100 = 12.806 | Init Dist 1000 = 12.806 | Learner Steps = 19552 | Learner Walltime = 3858.004 | Min Dist = 0.004 | Min Dist 10 = 0.664 | Min Dist 100 = 0.421 | Min Dist 1000 = 0.521 | Steps Per Second = 84.694 | Success = 1.000 | Success 1000 = 0.943
I0502 16:10:34.908449 139557462840896 terminal.py:91] [Actor] Actor Episodes = 25229 | Actor Steps = 1261450 | Delta Dist = 5.890 | Delta Dist 10 = 6.391 | Delta Dist 100 = 5.002 | Delta Dist 1000 = 4.358 | Episode Length = 50 | Episode Return = 31.0 | Evaluator Episodes = 6393 | Evaluator Steps = 319650 | Final Dist = 0.192 | Final Dist 10 = 1.207 | Final Dist 100 = 1.146 | Final Dist 1000 = 1.585 | Init Dist = 6.083 | Init Dist 10 = 7.598 | Init Dist 100 = 6.148 | Init Dist 1000 = 5.943 | Learner Steps = 19552 | Learner Walltime = 3858.004 | Min Dist = 0.094 | Min Dist 10 = 0.067 | Min Dist 100 = 0.073 | Min Dist 1000 = 0.301 | Steps Per Second = 80.895 | Success = 1.000 | Success 1000 = 0.990
I0502 16:10:35.168066 139579566835264 terminal.py:91] [Evaluator] Actor Episodes = 25231 | Actor Steps = 1261550 | Delta Dist = 11.410 | Delta Dist 10 = 11.224 | Delta Dist 100 = 11.716 | Delta Dist 1000 = 11.591 | Episode Length = 50 | Episode Return = 13.0 | Evaluator Episodes = 6395 | Evaluator Steps = 319750 | Final Dist = 1.396 | Final Dist 10 = 1.583 | Final Dist 100 = 1.090 | Final Dist 1000 = 1.215 | Init Dist = 12.806 | Init Dist 10 = 12.806 | Init Dist 100 = 12.806 | Init Dist 1000 = 12.806 | Learner Steps = 19558 | Learner Walltime = 3859.309 | Min Dist = 0.167 | Min Dist 10 = 0.690 | Min Dist 100 = 0.421 | Min Dist 1000 = 0.521 | Steps Per Second = 76.322 | Success = 1.000 | Success 1000 = 0.943
I0502 16:10:35.208262 139569349502528 terminal.py:91] [Actor] Actor Episodes = 25233 | Actor Steps = 1261650 | Delta Dist = 6.522 | Delta Dist 10 = 6.941 | Delta Dist 100 = 5.158 | Delta Dist 1000 = 4.373 | Episode Length = 50 | Episode Return = 31.0 | Evaluator Episodes = 6395 | Evaluator Steps = 319750 | Final Dist = 0.549 | Final Dist 10 = 0.689 | Final Dist 100 = 1.135 | Final Dist 1000 = 1.584 | Init Dist = 7.071 | Init Dist 10 = 7.630 | Init Dist 100 = 6.293 | Init Dist 1000 = 5.957 | Learner Steps = 19558 | Learner Walltime = 3859.309 | Min Dist = 0.322 | Min Dist 10 = 0.088 | Min Dist 100 = 0.073 | Min Dist 1000 = 0.301 | Steps Per Second = 79.663 | Success = 1.000 | Success 1000 = 0.990
I0502 16:10:36.418421 139579566835264 terminal.py:91] [Evaluator] Actor Episodes = 25239 | Actor Steps = 1261950 | Delta Dist = 11.331 | Delta Dist 10 = 11.065 | Delta Dist 100 = 11.707 | Delta Dist 1000 = 11.591 | Episode Length = 50 | Episode Return = 10.0 | Evaluator Episodes = 6397 | Evaluator Steps = 319850 | Final Dist = 1.476 | Final Dist 10 = 1.741 | Final Dist 100 = 1.099 | Final Dist 1000 = 1.216 | Init Dist = 12.806 | Init Dist 10 = 12.806 | Init Dist 100 = 12.806 | Init Dist 1000 = 12.806 | Learner Steps = 19564 | Learner Walltime = 3860.417 | Min Dist = 0.308 | Min Dist 10 = 0.692 | Min Dist 100 = 0.422 | Min Dist 1000 = 0.521 | Steps Per Second = 76.207 | Success = 1.000 | Success 1000 = 0.943
I0502 16:10:37.548028 139555013154368 terminal.py:91] [Learner] Actor Episodes = 25243 | Actor Loss = 3.4859814643859863 | Actor Steps = 1262150 | Binary Accuracy = 0.9960346221923828 | Categorical Accuracy = 0.41192626953125 | Critic Loss = 1.8795864582061768 | Entropy Mean = -20.938310623168945 | Evaluator Episodes = 6397 | Evaluator Steps = 319850 | Learner Steps = 19571 | Learner Walltime = 3861.741 | Logits Neg = -17.068567276000977 | Logits Pos = -1.8311684131622314 | Logsumexp = 1.1700479984283447 | Steps Per Second = 200.842
I0502 16:10:37.719409 139579566835264 terminal.py:91] [Evaluator] Actor Episodes = 25247 | Actor Steps = 1262350 | Delta Dist = 12.242 | Delta Dist 10 = 11.080 | Delta Dist 100 = 11.689 | Delta Dist 1000 = 11.590 | Episode Length = 50 | Episode Return = 24.0 | Evaluator Episodes = 6399 | Evaluator Steps = 319950 | Final Dist = 0.564 | Final Dist 10 = 1.727 | Final Dist 100 = 1.117 | Final Dist 1000 = 1.216 | Init Dist = 12.806 | Init Dist 10 = 12.806 | Init Dist 100 = 12.806 | Init Dist 1000 = 12.806 | Learner Steps = 19570 | Learner Walltime = 3861.423 | Min Dist = 0.005 | Min Dist 10 = 0.706 | Min Dist 100 = 0.426 | Min Dist 1000 = 0.521 | Steps Per Second = 78.808 | Success = 1.000 | Success 1000 = 0.943
I0502 16:10:38.931441 139579566835264 terminal.py:91] [Evaluator] Actor Episodes = 25255 | Actor Steps = 1262750 | Delta Dist = 11.363 | Delta Dist 10 = 11.699 | Delta Dist 100 = 11.691 | Delta Dist 1000 = 11.590 | Episode Length = 50 | Episode Return = 21.0 | Evaluator Episodes = 6401 | Evaluator Steps = 320050 | Final Dist = 1.443 | Final Dist 10 = 1.107 | Final Dist 100 = 1.115 | Final Dist 1000 = 1.216 | Init Dist = 12.806 | Init Dist 10 = 12.806 | Init Dist 100 = 12.806 | Init Dist 1000 = 12.806 | Learner Steps = 19575 | Learner Walltime = 3862.575 | Min Dist = 0.248 | Min Dist 10 = 0.212 | Min Dist 100 = 0.423 | Min Dist 1000 = 0.520 | Steps Per Second = 81.240 | Success = 1.000 | Success 1000 = 0.943
I0502 16:10:40.174300 139579566835264 terminal.py:91] [Evaluator] Actor Episodes = 25263 | Actor Steps = 1263150 | Delta Dist = 12.381 | Delta Dist 10 = 11.706 | Delta Dist 100 = 11.684 | Delta Dist 1000 = 11.589 | Episode Length = 50 | Episode Return = 20.0 | Evaluator Episodes = 6403 | Evaluator Steps = 320150 | Final Dist = 0.425 | Final Dist 10 = 1.100 | Final Dist 100 = 1.122 | Final Dist 1000 = 1.217 | Init Dist = 12.806 | Init Dist 10 = 12.806 | Init Dist 100 = 12.806 | Init Dist 1000 = 12.806 | Learner Steps = 19579 | Learner Walltime = 3863.599 | Min Dist = 0.066 | Min Dist 10 = 0.227 | Min Dist 100 = 0.422 | Min Dist 1000 = 0.521 | Steps Per Second = 86.452 | Success = 1.000 | Success 1000 = 0.943
I0502 16:10:41.361000 139558059398720 terminal.py:91] [Actor] Actor Episodes = 25271 | Actor Steps = 1263550 | Delta Dist = 10.825 | Delta Dist 10 = 4.771 | Delta Dist 100 = 5.100 | Delta Dist 1000 = 4.434 | Episode Length = 50 | Episode Return = 24.0 | Evaluator Episodes = 6403 | Evaluator Steps = 320150 | Final Dist = 1.382 | Final Dist 10 = 1.954 | Final Dist 100 = 1.248 | Final Dist 1000 = 1.588 | Init Dist = 12.207 | Init Dist 10 = 6.725 | Init Dist 100 = 6.348 | Init Dist 1000 = 6.023 | Learner Steps = 19585 | Learner Walltime = 3864.654 | Min Dist = 0.112 | Min Dist 10 = 0.138 | Min Dist 100 = 0.090 | Min Dist 1000 = 0.293 | Steps Per Second = 71.095 | Success = 1.000 | Success 1000 = 0.990
I0502 16:10:41.511226 139579566835264 terminal.py:91] [Evaluator] Actor Episodes = 25271 | Actor Steps = 1263550 | Delta Dist = 11.384 | Delta Dist 10 = 11.858 | Delta Dist 100 = 11.696 | Delta Dist 1000 = 11.590 | Episode Length = 50 | Episode Return = 26.0 | Evaluator Episodes = 6405 | Evaluator Steps = 320250 | Final Dist = 1.422 | Final Dist 10 = 0.948 | Final Dist 100 = 1.110 | Final Dist 1000 = 1.216 | Init Dist = 12.806 | Init Dist 10 = 12.806 | Init Dist 100 = 12.806 | Init Dist 1000 = 12.806 | Learner Steps = 19585 | Learner Walltime = 3864.654 | Min Dist = 0.161 | Min Dist 10 = 0.176 | Min Dist 100 = 0.419 | Min Dist 1000 = 0.521 | Steps Per Second = 71.304 | Success = 1.000 | Success 1000 = 0.943
I0502 16:10:42.070163 139584504182336 lp_utils.py:96] StepsLimiter: Reached 1263650 recorded steps
I0502 16:10:42.732106 139555860620864 terminal.py:91] [Actor] Actor Episodes = 25276 | Actor Steps = 1263800 | Delta Dist = 4.877 | Delta Dist 10 = 7.088 | Delta Dist 100 = 5.324 | Delta Dist 1000 = 4.462 | Episode Length = 50 | Episode Return = 4.0 | Evaluator Episodes = 6405 | Evaluator Steps = 320250 | Final Dist = 0.508 | Final Dist 10 = 1.250 | Final Dist 100 = 1.292 | Final Dist 1000 = 1.585 | Init Dist = 5.385 | Init Dist 10 = 8.337 | Init Dist 100 = 6.616 | Init Dist 1000 = 6.047 | Learner Steps = 19590 | Learner Walltime = 3865.879 | Min Dist = 0.021 | Min Dist 10 = 0.125 | Min Dist 100 = 0.094 | Min Dist 1000 = 0.293 | Steps Per Second = 79.286 | Success = 1.000 | Success 1000 = 0.990
I0502 16:10:42.742402 139579566835264 terminal.py:91] [Evaluator] Actor Episodes = 25279 | Actor Steps = 1263950 | Delta Dist = 12.435 | Delta Dist 10 = 11.875 | Delta Dist 100 = 11.675 | Delta Dist 1000 = 11.590 | Episode Length = 50 | Episode Return = 10.0 | Evaluator Episodes = 6407 | Evaluator Steps = 320350 | Final Dist = 0.371 | Final Dist 10 = 0.932 | Final Dist 100 = 1.131 | Final Dist 1000 = 1.217 | Init Dist = 12.806 | Init Dist 10 = 12.806 | Init Dist 100 = 12.806 | Init Dist 1000 = 12.806 | Learner Steps = 19596 | Learner Walltime = 3866.908 | Min Dist = 0.173 | Min Dist 10 = 0.174 | Min Dist 100 = 0.420 | Min Dist 1000 = 0.521 | Steps Per Second = 75.536 | Success = 1.000 | Success 1000 = 0.943
I0502 16:10:43.943046 139579566835264 terminal.py:91] [Evaluator] Actor Episodes = 25287 | Actor Steps = 1264350 | Delta Dist = 12.345 | Delta Dist 10 = 12.015 | Delta Dist 100 = 11.675 | Delta Dist 1000 = 11.591 | Episode Length = 50 | Episode Return = 27.0 | Evaluator Episodes = 6409 | Evaluator Steps = 320450 | Final Dist = 0.461 | Final Dist 10 = 0.791 | Final Dist 100 = 1.131 | Final Dist 1000 = 1.215 | Init Dist = 12.806 | Init Dist 10 = 12.806 | Init Dist 100 = 12.806 | Init Dist 1000 = 12.806 | Learner Steps = 19601 | Learner Walltime = 3868.020 | Min Dist = 0.059 | Min Dist 10 = 0.156 | Min Dist 100 = 0.419 | Min Dist 1000 = 0.520 | Steps Per Second = 83.385 | Success = 1.000 | Success 1000 = 0.943
I0502 16:10:44.992223 139557462840896 terminal.py:91] [Actor] Actor Episodes = 25293 | Actor Steps = 1264650 | Delta Dist = 4.230 | Delta Dist 10 = 4.756 | Delta Dist 100 = 5.318 | Delta Dist 1000 = 4.475 | Episode Length = 50 | Episode Return = 20.0 | Evaluator Episodes = 6409 | Evaluator Steps = 320450 | Final Dist = 0.242 | Final Dist 10 = 1.229 | Final Dist 100 = 1.290 | Final Dist 1000 = 1.574 | Init Dist = 4.472 | Init Dist 10 = 5.985 | Init Dist 100 = 6.608 | Init Dist 1000 = 6.049 | Learner Steps = 19601 | Learner Walltime = 3868.020 | Min Dist = 0.050 | Min Dist 10 = 0.090 | Min Dist 100 = 0.093 | Min Dist 1000 = 0.292 | Steps Per Second = 78.786 | Success = 1.000 | Success 1000 = 0.990
I0502 16:10:45.177603 139579566835264 terminal.py:91] [Evaluator] Actor Episodes = 25295 | Actor Steps = 1264750 | Delta Dist = 11.899 | Delta Dist 10 = 11.448 | Delta Dist 100 = 11.620 | Delta Dist 1000 = 11.587 | Episode Length = 50 | Episode Return = 11.0 | Evaluator Episodes = 6411 | Evaluator Steps = 320550 | Final Dist = 0.907 | Final Dist 10 = 1.358 | Final Dist 100 = 1.187 | Final Dist 1000 = 1.220 | Init Dist = 12.806 | Init Dist 10 = 12.806 | Init Dist 100 = 12.806 | Init Dist 1000 = 12.806 | Learner Steps = 19608 | Learner Walltime = 3869.350 | Min Dist = 0.299 | Min Dist 10 = 0.766 | Min Dist 100 = 0.480 | Min Dist 1000 = 0.526 | Steps Per Second = 84.764 | Success = 1.000 | Success 1000 = 0.942
I0502 16:10:45.273026 139569349502528 terminal.py:91] [Actor] Actor Episodes = 25297 | Actor Steps = 1264850 | Delta Dist = 7.727 | Delta Dist 10 = 3.557 | Delta Dist 100 = 5.263 | Delta Dist 1000 = 4.460 | Episode Length = 50 | Episode Return = 0.0 | Evaluator Episodes = 6411 | Evaluator Steps = 320550 | Final Dist = 2.273 | Final Dist 10 = 1.818 | Final Dist 100 = 1.334 | Final Dist 1000 = 1.579 | Init Dist = 10.000 | Init Dist 10 = 5.375 | Init Dist 100 = 6.598 | Init Dist 1000 = 6.039 | Learner Steps = 19608 | Learner Walltime = 3869.350 | Min Dist = 0.140 | Min Dist 10 = 0.068 | Min Dist 100 = 0.093 | Min Dist 1000 = 0.292 | Steps Per Second = 88.446 | Success = 1.000 | Success 1000 = 0.990
I0502 16:10:46.454638 139579566835264 terminal.py:91] [Evaluator] Actor Episodes = 25303 | Actor Steps = 1265150 | Delta Dist = 12.447 | Delta Dist 10 = 11.484 | Delta Dist 100 = 11.622 | Delta Dist 1000 = 11.587 | Episode Length = 50 | Episode Return = 29.0 | Evaluator Episodes = 6413 | Evaluator Steps = 320650 | Final Dist = 0.359 | Final Dist 10 = 1.322 | Final Dist 100 = 1.184 | Final Dist 1000 = 1.219 | Init Dist = 12.806 | Init Dist 10 = 12.806 | Init Dist 100 = 12.806 | Init Dist 1000 = 12.806 | Learner Steps = 19608 | Learner Walltime = 3869.350 | Min Dist = 0.032 | Min Dist 10 = 0.758 | Min Dist 100 = 0.483 | Min Dist 1000 = 0.526 | Steps Per Second = 82.451 | Success = 1.000 | Success 1000 = 0.942
I0502 16:10:47.553088 139555013154368 terminal.py:91] [Learner] Actor Episodes = 25311 | Actor Loss = 3.5771443843841553 | Actor Steps = 1265550 | Binary Accuracy = 0.9960341453552246 | Categorical Accuracy = 0.41876220703125 | Critic Loss = 1.8381460905075073 | Entropy Mean = -20.409549713134766 | Evaluator Episodes = 6413 | Evaluator Steps = 320650 | Learner Steps = 19620 | Learner Walltime = 3871.746 | Logits Neg = -16.881385803222656 | Logits Pos = -1.8142338991165161 | Logsumexp = 1.1008000373840332 | Steps Per Second = 178.274
I0502 16:10:47.655103 139579566835264 terminal.py:91] [Evaluator] Actor Episodes = 25311 | Actor Steps = 1265550 | Delta Dist = 11.391 | Delta Dist 10 = 11.418 | Delta Dist 100 = 11.615 | Delta Dist 1000 = 11.595 | Episode Length = 50 | Episode Return = 24.0 | Evaluator Episodes = 6415 | Evaluator Steps = 320750 | Final Dist = 1.415 | Final Dist 10 = 1.388 | Final Dist 100 = 1.191 | Final Dist 1000 = 1.211 | Init Dist = 12.806 | Init Dist 10 = 12.806 | Init Dist 100 = 12.806 | Init Dist 1000 = 12.806 | Learner Steps = 19620 | Learner Walltime = 3871.746 | Min Dist = 0.085 | Min Dist 10 = 0.773 | Min Dist 100 = 0.485 | Min Dist 1000 = 0.519 | Steps Per Second = 95.133 | Success = 1.000 | Success 1000 = 0.943
I0502 16:10:48.865580 139579566835264 terminal.py:91] [Evaluator] Actor Episodes = 25319 | Actor Steps = 1265950 | Delta Dist = 4.829 | Delta Dist 10 = 10.852 | Delta Dist 100 = 11.541 | Delta Dist 1000 = 11.589 | Episode Length = 50 | Episode Return = 0.0 | Evaluator Episodes = 6417 | Evaluator Steps = 320850 | Final Dist = 7.977 | Final Dist 10 = 1.955 | Final Dist 100 = 1.265 | Final Dist 1000 = 1.217 | Init Dist = 12.806 | Init Dist 10 = 12.806 | Init Dist 100 = 12.806 | Init Dist 1000 = 12.806 | Learner Steps = 19626 | Learner Walltime = 3872.862 | Min Dist = 6.834 | Min Dist 10 = 1.417 | Min Dist 100 = 0.548 | Min Dist 1000 = 0.526 | Steps Per Second = 86.639 | Success = 0.000 | Success 1000 = 0.942
I0502 16:10:49.985311 139579566835264 terminal.py:91] [Evaluator] Actor Episodes = 25327 | Actor Steps = 1266350 | Delta Dist = 11.311 | Delta Dist 10 = 10.044 | Delta Dist 100 = 11.461 | Delta Dist 1000 = 11.581 | Episode Length = 50 | Episode Return = 16.0 | Evaluator Episodes = 6419 | Evaluator Steps = 320950 | Final Dist = 1.495 | Final Dist 10 = 2.762 | Final Dist 100 = 1.345 | Final Dist 1000 = 1.225 | Init Dist = 12.806 | Init Dist 10 = 12.806 | Init Dist 100 = 12.806 | Init Dist 1000 = 12.806 | Learner Steps = 19632 | Learner Walltime = 3874.145 | Min Dist = 0.163 | Min Dist 10 = 2.097 | Min Dist 100 = 0.614 | Min Dist 1000 = 0.533 | Steps Per Second = 84.354 | Success = 1.000 | Success 1000 = 0.941
I0502 16:10:51.265804 139579566835264 terminal.py:91] [Evaluator] Actor Episodes = 25335 | Actor Steps = 1266750 | Delta Dist = 12.325 | Delta Dist 10 = 10.522 | Delta Dist 100 = 11.451 | Delta Dist 1000 = 11.580 | Episode Length = 50 | Episode Return = 30.0 | Evaluator Episodes = 6421 | Evaluator Steps = 321050 | Final Dist = 0.481 | Final Dist 10 = 2.284 | Final Dist 100 = 1.355 | Final Dist 1000 = 1.226 | Init Dist = 12.806 | Init Dist 10 = 12.806 | Init Dist 100 = 12.806 | Init Dist 1000 = 12.806 | Learner Steps = 19638 | Learner Walltime = 3875.413 | Min Dist = 0.147 | Min Dist 10 = 1.503 | Min Dist 100 = 0.616 | Min Dist 1000 = 0.532 | Steps Per Second = 77.396 | Success = 1.000 | Success 1000 = 0.941
I0502 16:10:51.928133 139558059398720 terminal.py:91] [Actor] Actor Episodes = 25336 | Actor Steps = 1266800 | Delta Dist = 8.949 | Delta Dist 10 = 5.521 | Delta Dist 100 = 5.058 | Delta Dist 1000 = 4.484 | Episode Length = 50 | Episode Return = 31.0 | Evaluator Episodes = 6419 | Evaluator Steps = 320950 | Final Dist = 1.051 | Final Dist 10 = 1.200 | Final Dist 100 = 1.482 | Final Dist 1000 = 1.585 | Init Dist = 10.000 | Init Dist 10 = 6.721 | Init Dist 100 = 6.540 | Init Dist 1000 = 6.070 | Learner Steps = 19638 | Learner Walltime = 3875.413 | Min Dist = 0.062 | Min Dist 10 = 0.100 | Min Dist 100 = 0.178 | Min Dist 1000 = 0.294 | Steps Per Second = 74.236 | Success = 1.000 | Success 1000 = 0.991
I0502 16:10:52.086266 139584504182336 lp_utils.py:96] StepsLimiter: Reached 1266850 recorded steps
I0502 16:10:52.487665 139579566835264 terminal.py:91] [Evaluator] Actor Episodes = 25343 | Actor Steps = 1267150 | Delta Dist = 12.308 | Delta Dist 10 = 10.505 | Delta Dist 100 = 11.442 | Delta Dist 1000 = 11.582 | Episode Length = 50 | Episode Return = 26.0 | Evaluator Episodes = 6423 | Evaluator Steps = 321150 | Final Dist = 0.498 | Final Dist 10 = 2.301 | Final Dist 100 = 1.364 | Final Dist 1000 = 1.225 | Init Dist = 12.806 | Init Dist 10 = 12.806 | Init Dist 100 = 12.806 | Init Dist 1000 = 12.806 | Learner Steps = 19644 | Learner Walltime = 3876.602 | Min Dist = 0.232 | Min Dist 10 = 1.479 | Min Dist 100 = 0.615 | Min Dist 1000 = 0.530 | Steps Per Second = 87.005 | Success = 1.000 | Success 1000 = 0.942
I0502 16:10:53.298770 139555860620864 terminal.py:91] [Actor] Actor Episodes = 25347 | Actor Steps = 1267350 | Delta Dist = 12.025 | Delta Dist 10 = 6.295 | Delta Dist 100 = 5.344 | Delta Dist 1000 = 4.498 | Episode Length = 50 | Episode Return = 50.0 | Evaluator Episodes = 6423 | Evaluator Steps = 321150 | Final Dist = 0.181 | Final Dist 10 = 0.403 | Final Dist 100 = 1.419 | Final Dist 1000 = 1.585 | Init Dist = 12.207 | Init Dist 10 = 6.697 | Init Dist 100 = 6.763 | Init Dist 1000 = 6.083 | Learner Steps = 19644 | Learner Walltime = 3876.602 | Min Dist = 0.085 | Min Dist 10 = 0.051 | Min Dist 100 = 0.172 | Min Dist 1000 = 0.294 | Steps Per Second = 85.779 | Success = 1.000 | Success 1000 = 0.991
I0502 16:10:53.709966 139579566835264 terminal.py:91] [Evaluator] Actor Episodes = 25351 | Actor Steps = 1267550 | Delta Dist = 12.120 | Delta Dist 10 = 10.517 | Delta Dist 100 = 11.438 | Delta Dist 1000 = 11.583 | Episode Length = 50 | Episode Return = 32.0 | Evaluator Episodes = 6425 | Evaluator Steps = 321250 | Final Dist = 0.686 | Final Dist 10 = 2.289 | Final Dist 100 = 1.368 | Final Dist 1000 = 1.224 | Init Dist = 12.806 | Init Dist 10 = 12.806 | Init Dist 100 = 12.806 | Init Dist 1000 = 12.806 | Learner Steps = 19651 | Learner Walltime = 3877.872 | Min Dist = 0.102 | Min Dist 10 = 1.510 | Min Dist 100 = 0.616 | Min Dist 1000 = 0.530 | Steps Per Second = 72.739 | Success = 1.000 | Success 1000 = 0.942
I0502 16:10:54.933038 139579566835264 terminal.py:91] [Evaluator] Actor Episodes = 25359 | Actor Steps = 1267950 | Delta Dist = 12.395 | Delta Dist 10 = 11.247 | Delta Dist 100 = 11.444 | Delta Dist 1000 = 11.584 | Episode Length = 50 | Episode Return = 20.0 | Evaluator Episodes = 6427 | Evaluator Steps = 321350 | Final Dist = 0.411 | Final Dist 10 = 1.559 | Final Dist 100 = 1.363 | Final Dist 1000 = 1.222 | Init Dist = 12.806 | Init Dist 10 = 12.806 | Init Dist 100 = 12.806 | Init Dist 1000 = 12.806 | Learner Steps = 19657 | Learner Walltime = 3879.131 | Min Dist = 0.146 | Min Dist 10 = 0.853 | Min Dist 100 = 0.617 | Min Dist 1000 = 0.530 | Steps Per Second = 85.162 | Success = 1.000 | Success 1000 = 0.942
I0502 16:10:55.476116 139569349502528 terminal.py:91] [Actor] Actor Episodes = 25361 | Actor Steps = 1268050 | Delta Dist = 5.547 | Delta Dist 10 = 4.735 | Delta Dist 100 = 5.140 | Delta Dist 1000 = 4.508 | Episode Length = 50 | Episode Return = 45.0 | Evaluator Episodes = 6427 | Evaluator Steps = 321350 | Final Dist = 0.284 | Final Dist 10 = 1.886 | Final Dist 100 = 1.460 | Final Dist 1000 = 1.598 | Init Dist = 5.831 | Init Dist 10 = 6.621 | Init Dist 100 = 6.600 | Init Dist 1000 = 6.107 | Learner Steps = 19657 | Learner Walltime = 3879.131 | Min Dist = 0.048 | Min Dist 10 = 0.077 | Min Dist 100 = 0.167 | Min Dist 1000 = 0.294 | Steps Per Second = 70.169 | Success = 1.000 | Success 1000 = 0.991
I0502 16:10:55.626653 139557462840896 terminal.py:91] [Actor] Actor Episodes = 25360 | Actor Steps = 1268000 | Delta Dist = 3.896 | Delta Dist 10 = 5.083 | Delta Dist 100 = 5.161 | Delta Dist 1000 = 4.512 | Episode Length = 50 | Episode Return = 38.0 | Evaluator Episodes = 6425 | Evaluator Steps = 321250 | Final Dist = 0.227 | Final Dist 10 = 1.838 | Final Dist 100 = 1.456 | Final Dist 1000 = 1.596 | Init Dist = 4.123 | Init Dist 10 = 6.921 | Init Dist 100 = 6.618 | Init Dist 1000 = 6.107 | Learner Steps = 19651 | Learner Walltime = 3877.872 | Min Dist = 0.052 | Min Dist 10 = 0.078 | Min Dist 100 = 0.166 | Min Dist 1000 = 0.294 | Steps Per Second = 64.128 | Success = 1.000 | Success 1000 = 0.991
I0502 16:10:56.274853 139579566835264 terminal.py:91] [Evaluator] Actor Episodes = 25367 | Actor Steps = 1268350 | Delta Dist = 11.815 | Delta Dist 10 = 12.026 | Delta Dist 100 = 11.456 | Delta Dist 1000 = 11.584 | Episode Length = 50 | Episode Return = 13.0 | Evaluator Episodes = 6429 | Evaluator Steps = 321450 | Final Dist = 0.991 | Final Dist 10 = 0.780 | Final Dist 100 = 1.350 | Final Dist 1000 = 1.222 | Init Dist = 12.806 | Init Dist 10 = 12.806 | Init Dist 100 = 12.806 | Init Dist 1000 = 12.806 | Learner Steps = 19663 | Learner Walltime = 3880.353 | Min Dist = 0.198 | Min Dist 10 = 0.165 | Min Dist 100 = 0.612 | Min Dist 1000 = 0.530 | Steps Per Second = 86.345 | Success = 1.000 | Success 1000 = 0.942
I0502 16:10:57.613742 139555013154368 terminal.py:91] [Learner] Actor Episodes = 25373 | Actor Loss = 3.6464431285858154 | Actor Steps = 1268650 | Binary Accuracy = 0.9960019588470459 | Categorical Accuracy = 0.4195556640625 | Critic Loss = 1.892981767654419 | Entropy Mean = -20.157215118408203 | Evaluator Episodes = 6429 | Evaluator Steps = 321450 | Learner Steps = 19670 | Learner Walltime = 3881.810 | Logits Neg = -16.91633415222168 | Logits Pos = -1.8448184728622437 | Logsumexp = 1.1707680225372314 | Steps Per Second = 572.710
I0502 16:10:57.697819 139579566835264 terminal.py:91] [Evaluator] Actor Episodes = 25375 | Actor Steps = 1268750 | Delta Dist = 11.873 | Delta Dist 10 = 12.041 | Delta Dist 100 = 11.451 | Delta Dist 1000 = 11.585 | Episode Length = 50 | Episode Return = 8.0 | Evaluator Episodes = 6431 | Evaluator Steps = 321550 | Final Dist = 0.933 | Final Dist 10 = 0.765 | Final Dist 100 = 1.355 | Final Dist 1000 = 1.221 | Init Dist = 12.806 | Init Dist 10 = 12.806 | Init Dist 100 = 12.806 | Init Dist 1000 = 12.806 | Learner Steps = 19669 | Learner Walltime = 3881.698 | Min Dist = 0.197 | Min Dist 10 = 0.175 | Min Dist 100 = 0.616 | Min Dist 1000 = 0.530 | Steps Per Second = 72.245 | Success = 1.000 | Success 1000 = 0.942
I0502 16:10:58.453920 139584635659840 savers.py:156] Saving checkpoint: logs/contrastive_cpc_point_FourRooms_64/5dd72662-2788-11f0-b183-d85ed38c5779/checkpoints/counter
I0502 16:10:58.949324 139579566835264 terminal.py:91] [Evaluator] Actor Episodes = 25383 | Actor Steps = 1269150 | Delta Dist = 11.411 | Delta Dist 10 = 11.994 | Delta Dist 100 = 11.443 | Delta Dist 1000 = 11.585 | Episode Length = 50 | Episode Return = 7.0 | Evaluator Episodes = 6433 | Evaluator Steps = 321650 | Final Dist = 1.395 | Final Dist 10 = 0.813 | Final Dist 100 = 1.364 | Final Dist 1000 = 1.221 | Init Dist = 12.806 | Init Dist 10 = 12.806 | Init Dist 100 = 12.806 | Init Dist 1000 = 12.806 | Learner Steps = 19675 | Learner Walltime = 3882.994 | Min Dist = 0.124 | Min Dist 10 = 0.199 | Min Dist 100 = 0.619 | Min Dist 1000 = 0.530 | Steps Per Second = 85.279 | Success = 1.000 | Success 1000 = 0.942
I0502 16:11:00.221707 139579566835264 terminal.py:91] [Evaluator] Actor Episodes = 25391 | Actor Steps = 1269550 | Delta Dist = 12.618 | Delta Dist 10 = 11.994 | Delta Dist 100 = 11.433 | Delta Dist 1000 = 11.585 | Episode Length = 50 | Episode Return = 18.0 | Evaluator Episodes = 6435 | Evaluator Steps = 321750 | Final Dist = 0.189 | Final Dist 10 = 0.812 | Final Dist 100 = 1.374 | Final Dist 1000 = 1.221 | Init Dist = 12.806 | Init Dist 10 = 12.806 | Init Dist 100 = 12.806 | Init Dist 1000 = 12.806 | Learner Steps = 19682 | Learner Walltime = 3884.328 | Min Dist = 0.186 | Min Dist 10 = 0.171 | Min Dist 100 = 0.619 | Min Dist 1000 = 0.530 | Steps Per Second = 81.903 | Success = 1.000 | Success 1000 = 0.942
I0502 16:11:01.325348 139583350109760 savers.py:156] Saving checkpoint: logs/contrastive_cpc_point_FourRooms_64/5dd72662-2788-11f0-b183-d85ed38c5779/checkpoints/learner
I0502 16:11:01.387975 139579566835264 terminal.py:91] [Evaluator] Actor Episodes = 25399 | Actor Steps = 1269950 | Delta Dist = 12.659 | Delta Dist 10 = 12.004 | Delta Dist 100 = 11.452 | Delta Dist 1000 = 11.587 | Episode Length = 50 | Episode Return = 27.0 | Evaluator Episodes = 6437 | Evaluator Steps = 321850 | Final Dist = 0.147 | Final Dist 10 = 0.802 | Final Dist 100 = 1.354 | Final Dist 1000 = 1.220 | Init Dist = 12.806 | Init Dist 10 = 12.806 | Init Dist 100 = 12.806 | Init Dist 1000 = 12.806 | Learner Steps = 19688 | Learner Walltime = 3885.528 | Min Dist = 0.136 | Min Dist 10 = 0.198 | Min Dist 100 = 0.621 | Min Dist 1000 = 0.530 | Steps Per Second = 85.471 | Success = 1.000 | Success 1000 = 0.942
I0502 16:11:02.106070 139584504182336 lp_utils.py:96] StepsLimiter: Reached 1270050 recorded steps
I0502 16:11:02.384829 139558059398720 terminal.py:91] [Actor] Actor Episodes = 25405 | Actor Steps = 1270250 | Delta Dist = 10.064 | Delta Dist 10 = 4.119 | Delta Dist 100 = 5.054 | Delta Dist 1000 = 4.512 | Episode Length = 50 | Episode Return = 46.0 | Evaluator Episodes = 6437 | Evaluator Steps = 321850 | Final Dist = 0.752 | Final Dist 10 = 2.769 | Final Dist 100 = 1.454 | Final Dist 1000 = 1.578 | Init Dist = 10.817 | Init Dist 10 = 6.888 | Init Dist 100 = 6.508 | Init Dist 1000 = 6.090 | Learner Steps = 19692 | Learner Walltime = 3886.542 | Min Dist = 0.752 | Min Dist 10 = 0.146 | Min Dist 100 = 0.184 | Min Dist 1000 = 0.290 | Steps Per Second = 79.712 | Success = 1.000 | Success 1000 = 0.991
I0502 16:11:02.612875 139579566835264 terminal.py:91] [Evaluator] Actor Episodes = 25407 | Actor Steps = 1270350 | Delta Dist = 12.531 | Delta Dist 10 = 12.031 | Delta Dist 100 = 11.522 | Delta Dist 1000 = 11.586 | Episode Length = 50 | Episode Return = 13.0 | Evaluator Episodes = 6439 | Evaluator Steps = 321950 | Final Dist = 0.275 | Final Dist 10 = 0.775 | Final Dist 100 = 1.285 | Final Dist 1000 = 1.220 | Init Dist = 12.806 | Init Dist 10 = 12.806 | Init Dist 100 = 12.806 | Init Dist 1000 = 12.806 | Learner Steps = 19692 | Learner Walltime = 3886.542 | Min Dist = 0.222 | Min Dist 10 = 0.221 | Min Dist 100 = 0.556 | Min Dist 1000 = 0.530 | Steps Per Second = 77.670 | Success = 1.000 | Success 1000 = 0.942
I0502 16:11:03.629729 139555860620864 terminal.py:91] [Actor] Actor Episodes = 25411 | Actor Steps = 1270550 | Delta Dist = 2.123 | Delta Dist 10 = 5.629 | Delta Dist 100 = 5.041 | Delta Dist 1000 = 4.522 | Episode Length = 50 | Episode Return = 25.0 | Evaluator Episodes = 6439 | Evaluator Steps = 321950 | Final Dist = 0.877 | Final Dist 10 = 2.597 | Final Dist 100 = 1.518 | Final Dist 1000 = 1.578 | Init Dist = 3.000 | Init Dist 10 = 8.226 | Init Dist 100 = 6.558 | Init Dist 1000 = 6.101 | Learner Steps = 19692 | Learner Walltime = 3886.542 | Min Dist = 0.011 | Min Dist 10 = 0.094 | Min Dist 100 = 0.186 | Min Dist 1000 = 0.290 | Steps Per Second = 78.741 | Success = 1.000 | Success 1000 = 0.991
I0502 16:11:03.836339 139579566835264 terminal.py:91] [Evaluator] Actor Episodes = 25415 | Actor Steps = 1270750 | Delta Dist = 11.869 | Delta Dist 10 = 12.073 | Delta Dist 100 = 11.532 | Delta Dist 1000 = 11.585 | Episode Length = 50 | Episode Return = 8.0 | Evaluator Episodes = 6441 | Evaluator Steps = 322050 | Final Dist = 0.937 | Final Dist 10 = 0.733 | Final Dist 100 = 1.274 | Final Dist 1000 = 1.221 | Init Dist = 12.806 | Init Dist 10 = 12.806 | Init Dist 100 = 12.806 | Init Dist 1000 = 12.806 | Learner Steps = 19701 | Learner Walltime = 3887.983 | Min Dist = 0.458 | Min Dist 10 = 0.198 | Min Dist 100 = 0.555 | Min Dist 1000 = 0.530 | Steps Per Second = 83.401 | Success = 1.000 | Success 1000 = 0.942
I0502 16:11:05.137997 139579566835264 terminal.py:91] [Evaluator] Actor Episodes = 25423 | Actor Steps = 1271150 | Delta Dist = 11.773 | Delta Dist 10 = 12.159 | Delta Dist 100 = 11.527 | Delta Dist 1000 = 11.586 | Episode Length = 50 | Episode Return = 19.0 | Evaluator Episodes = 6443 | Evaluator Steps = 322150 | Final Dist = 1.033 | Final Dist 10 = 0.647 | Final Dist 100 = 1.279 | Final Dist 1000 = 1.221 | Init Dist = 12.806 | Init Dist 10 = 12.806 | Init Dist 100 = 12.806 | Init Dist 1000 = 12.806 | Learner Steps = 19706 | Learner Walltime = 3889.206 | Min Dist = 0.335 | Min Dist 10 = 0.222 | Min Dist 100 = 0.560 | Min Dist 1000 = 0.530 | Steps Per Second = 77.361 | Success = 1.000 | Success 1000 = 0.942
I0502 16:11:05.665074 139557462840896 terminal.py:91] [Actor] Actor Episodes = 25422 | Actor Steps = 1271100 | Delta Dist = 2.576 | Delta Dist 10 = 4.155 | Delta Dist 100 = 5.191 | Delta Dist 1000 = 4.541 | Episode Length = 50 | Episode Return = 33.0 | Evaluator Episodes = 6441 | Evaluator Steps = 322050 | Final Dist = 0.424 | Final Dist 10 = 1.441 | Final Dist 100 = 1.296 | Final Dist 1000 = 1.571 | Init Dist = 3.000 | Init Dist 10 = 5.597 | Init Dist 100 = 6.487 | Init Dist 1000 = 6.112 | Learner Steps = 19701 | Learner Walltime = 3887.983 | Min Dist = 0.178 | Min Dist 10 = 0.239 | Min Dist 100 = 0.120 | Min Dist 1000 = 0.292 | Steps Per Second = 76.282 | Success = 1.000 | Success 1000 = 0.990
I0502 16:11:05.799867 139569349502528 terminal.py:91] [Actor] Actor Episodes = 25425 | Actor Steps = 1271250 | Delta Dist = 5.589 | Delta Dist 10 = 4.303 | Delta Dist 100 = 5.147 | Delta Dist 1000 = 4.544 | Episode Length = 50 | Episode Return = 34.0 | Evaluator Episodes = 6443 | Evaluator Steps = 322150 | Final Dist = 0.242 | Final Dist 10 = 1.370 | Final Dist 100 = 1.298 | Final Dist 1000 = 1.569 | Init Dist = 5.831 | Init Dist 10 = 5.673 | Init Dist 100 = 6.444 | Init Dist 1000 = 6.113 | Learner Steps = 19706 | Learner Walltime = 3889.206 | Min Dist = 0.048 | Min Dist 10 = 0.257 | Min Dist 100 = 0.119 | Min Dist 1000 = 0.292 | Steps Per Second = 78.584 | Success = 1.000 | Success 1000 = 0.990
I0502 16:11:06.262879 139579566835264 terminal.py:91] [Evaluator] Actor Episodes = 25431 | Actor Steps = 1271550 | Delta Dist = 12.565 | Delta Dist 10 = 12.116 | Delta Dist 100 = 11.524 | Delta Dist 1000 = 11.586 | Episode Length = 50 | Episode Return = 29.0 | Evaluator Episodes = 6445 | Evaluator Steps = 322250 | Final Dist = 0.242 | Final Dist 10 = 0.691 | Final Dist 100 = 1.283 | Final Dist 1000 = 1.221 | Init Dist = 12.806 | Init Dist 10 = 12.806 | Init Dist 100 = 12.806 | Init Dist 1000 = 12.806 | Learner Steps = 19712 | Learner Walltime = 3890.439 | Min Dist = 0.225 | Min Dist 10 = 0.264 | Min Dist 100 = 0.563 | Min Dist 1000 = 0.531 | Steps Per Second = 91.710 | Success = 1.000 | Success 1000 = 0.942
I0502 16:11:07.375117 139579566835264 terminal.py:91] [Evaluator] Actor Episodes = 25435 | Actor Steps = 1271750 | Delta Dist = 11.583 | Delta Dist 10 = 12.034 | Delta Dist 100 = 11.529 | Delta Dist 1000 = 11.593 | Episode Length = 50 | Episode Return = 7.0 | Evaluator Episodes = 6447 | Evaluator Steps = 322350 | Final Dist = 1.223 | Final Dist 10 = 0.772 | Final Dist 100 = 1.277 | Final Dist 1000 = 1.213 | Init Dist = 12.806 | Init Dist 10 = 12.806 | Init Dist 100 = 12.806 | Init Dist 1000 = 12.806 | Learner Steps = 19712 | Learner Walltime = 3890.439 | Min Dist = 0.115 | Min Dist 10 = 0.248 | Min Dist 100 = 0.565 | Min Dist 1000 = 0.524 | Steps Per Second = 87.376 | Success = 1.000 | Success 1000 = 0.943
I0502 16:11:07.743429 139555013154368 terminal.py:91] [Learner] Actor Episodes = 25435 | Actor Loss = 3.7921457290649414 | Actor Steps = 1271750 | Binary Accuracy = 0.9959883689880371 | Categorical Accuracy = 0.40814208984375 | Critic Loss = 1.9293212890625 | Entropy Mean = -19.6190242767334 | Evaluator Episodes = 6447 | Evaluator Steps = 322350 | Learner Steps = 19721 | Learner Walltime = 3891.941 | Logits Neg = -16.59430503845215 | Logits Pos = -1.9431736469268799 | Logsumexp = 1.2380366325378418 | Steps Per Second = 310.548
I0502 16:11:08.631219 139579566835264 terminal.py:91] [Evaluator] Actor Episodes = 25445 | Actor Steps = 1272250 | Delta Dist = 11.403 | Delta Dist 10 = 11.892 | Delta Dist 100 = 11.528 | Delta Dist 1000 = 11.593 | Episode Length = 50 | Episode Return = 17.0 | Evaluator Episodes = 6449 | Evaluator Steps = 322450 | Final Dist = 1.403 | Final Dist 10 = 0.914 | Final Dist 100 = 1.278 | Final Dist 1000 = 1.214 | Init Dist = 12.806 | Init Dist 10 = 12.806 | Init Dist 100 = 12.806 | Init Dist 1000 = 12.806 | Learner Steps = 19724 | Learner Walltime = 3892.617 | Min Dist = 0.176 | Min Dist 10 = 0.251 | Min Dist 100 = 0.560 | Min Dist 1000 = 0.524 | Steps Per Second = 81.393 | Success = 1.000 | Success 1000 = 0.943
I0502 16:11:09.815463 139579566835264 terminal.py:91] [Evaluator] Actor Episodes = 25453 | Actor Steps = 1272650 | Delta Dist = 12.697 | Delta Dist 10 = 11.806 | Delta Dist 100 = 11.530 | Delta Dist 1000 = 11.592 | Episode Length = 50 | Episode Return = 32.0 | Evaluator Episodes = 6451 | Evaluator Steps = 322550 | Final Dist = 0.110 | Final Dist 10 = 1.000 | Final Dist 100 = 1.276 | Final Dist 1000 = 1.214 | Init Dist = 12.806 | Init Dist 10 = 12.806 | Init Dist 100 = 12.806 | Init Dist 1000 = 12.806 | Learner Steps = 19724 | Learner Walltime = 3892.617 | Min Dist = 0.110 | Min Dist 10 = 0.259 | Min Dist 100 = 0.561 | Min Dist 1000 = 0.524 | Steps Per Second = 83.451 | Success = 1.000 | Success 1000 = 0.943
I0502 16:11:11.178498 139579566835264 terminal.py:91] [Evaluator] Actor Episodes = 25461 | Actor Steps = 1273050 | Delta Dist = 12.496 | Delta Dist 10 = 11.891 | Delta Dist 100 = 11.544 | Delta Dist 1000 = 11.593 | Episode Length = 50 | Episode Return = 25.0 | Evaluator Episodes = 6453 | Evaluator Steps = 322650 | Final Dist = 0.310 | Final Dist 10 = 0.916 | Final Dist 100 = 1.263 | Final Dist 1000 = 1.213 | Init Dist = 12.806 | Init Dist 10 = 12.806 | Init Dist 100 = 12.806 | Init Dist 1000 = 12.806 | Learner Steps = 19737 | Learner Walltime = 3895.280 | Min Dist = 0.310 | Min Dist 10 = 0.233 | Min Dist 100 = 0.564 | Min Dist 1000 = 0.523 | Steps Per Second = 73.729 | Success = 1.000 | Success 1000 = 0.943
I0502 16:11:12.119276 139584504182336 lp_utils.py:96] StepsLimiter: Reached 1273250 recorded steps
I0502 16:11:12.417964 139579566835264 terminal.py:91] [Evaluator] Actor Episodes = 25469 | Actor Steps = 1273450 | Delta Dist = 12.154 | Delta Dist 10 = 11.952 | Delta Dist 100 = 11.542 | Delta Dist 1000 = 11.593 | Episode Length = 50 | Episode Return = 21.0 | Evaluator Episodes = 6455 | Evaluator Steps = 322750 | Final Dist = 0.652 | Final Dist 10 = 0.854 | Final Dist 100 = 1.264 | Final Dist 1000 = 1.214 | Init Dist = 12.806 | Init Dist 10 = 12.806 | Init Dist 100 = 12.806 | Init Dist 1000 = 12.806 | Learner Steps = 19743 | Learner Walltime = 3896.417 | Min Dist = 0.493 | Min Dist 10 = 0.197 | Min Dist 100 = 0.564 | Min Dist 1000 = 0.523 | Steps Per Second = 79.602 | Success = 1.000 | Success 1000 = 0.943
I0502 16:11:12.839253 139558059398720 terminal.py:91] [Actor] Actor Episodes = 25468 | Actor Steps = 1273400 | Delta Dist = 3.620 | Delta Dist 10 = 4.003 | Delta Dist 100 = 4.736 | Delta Dist 1000 = 4.549 | Episode Length = 50 | Episode Return = 39.0 | Evaluator Episodes = 6453 | Evaluator Steps = 322650 | Final Dist = 0.852 | Final Dist 10 = 0.564 | Final Dist 100 = 1.388 | Final Dist 1000 = 1.540 | Init Dist = 4.472 | Init Dist 10 = 4.567 | Init Dist 100 = 6.124 | Init Dist 1000 = 6.088 | Learner Steps = 19737 | Learner Walltime = 3895.280 | Min Dist = 0.026 | Min Dist 10 = 0.064 | Min Dist 100 = 0.111 | Min Dist 1000 = 0.268 | Steps Per Second = 76.692 | Success = 1.000 | Success 1000 = 0.990
I0502 16:11:13.581083 139579566835264 terminal.py:91] [Evaluator] Actor Episodes = 25477 | Actor Steps = 1273850 | Delta Dist = 11.541 | Delta Dist 10 = 11.897 | Delta Dist 100 = 11.550 | Delta Dist 1000 = 11.593 | Episode Length = 50 | Episode Return = 33.0 | Evaluator Episodes = 6457 | Evaluator Steps = 322850 | Final Dist = 1.265 | Final Dist 10 = 0.910 | Final Dist 100 = 1.257 | Final Dist 1000 = 1.213 | Init Dist = 12.806 | Init Dist 10 = 12.806 | Init Dist 100 = 12.806 | Init Dist 1000 = 12.806 | Learner Steps = 19749 | Learner Walltime = 3897.445 | Min Dist = 0.040 | Min Dist 10 = 0.247 | Min Dist 100 = 0.568 | Min Dist 1000 = 0.524 | Steps Per Second = 83.515 | Success = 1.000 | Success 1000 = 0.943
I0502 16:11:14.145404 139555860620864 terminal.py:91] [Actor] Actor Episodes = 25478 | Actor Steps = 1273900 | Delta Dist = 7.813 | Delta Dist 10 = 4.216 | Delta Dist 100 = 4.704 | Delta Dist 1000 = 4.546 | Episode Length = 50 | Episode Return = 13.0 | Evaluator Episodes = 6455 | Evaluator Steps = 322750 | Final Dist = 0.789 | Final Dist 10 = 1.792 | Final Dist 100 = 1.433 | Final Dist 1000 = 1.549 | Init Dist = 8.602 | Init Dist 10 = 6.008 | Init Dist 100 = 6.136 | Init Dist 1000 = 6.095 | Learner Steps = 19749 | Learner Walltime = 3897.445 | Min Dist = 0.001 | Min Dist 10 = 0.037 | Min Dist 100 = 0.099 | Min Dist 1000 = 0.264 | Steps Per Second = 73.246 | Success = 1.000 | Success 1000 = 0.990
I0502 16:11:14.787014 139579566835264 terminal.py:91] [Evaluator] Actor Episodes = 25487 | Actor Steps = 1274350 | Delta Dist = 12.435 | Delta Dist 10 = 11.984 | Delta Dist 100 = 11.551 | Delta Dist 1000 = 11.594 | Episode Length = 50 | Episode Return = 21.0 | Evaluator Episodes = 6459 | Evaluator Steps = 322950 | Final Dist = 0.371 | Final Dist 10 = 0.822 | Final Dist 100 = 1.255 | Final Dist 1000 = 1.212 | Init Dist = 12.806 | Init Dist 10 = 12.806 | Init Dist 100 = 12.806 | Init Dist 1000 = 12.806 | Learner Steps = 19754 | Learner Walltime = 3898.463 | Min Dist = 0.118 | Min Dist 10 = 0.212 | Min Dist 100 = 0.566 | Min Dist 1000 = 0.524 | Steps Per Second = 83.909 | Success = 1.000 | Success 1000 = 0.943
I0502 16:11:15.814517 139579566835264 terminal.py:91] [Evaluator] Actor Episodes = 25489 | Actor Steps = 1274450 | Delta Dist = 12.114 | Delta Dist 10 = 12.101 | Delta Dist 100 = 11.557 | Delta Dist 1000 = 11.594 | Episode Length = 50 | Episode Return = 10.0 | Evaluator Episodes = 6461 | Evaluator Steps = 323050 | Final Dist = 0.692 | Final Dist 10 = 0.705 | Final Dist 100 = 1.250 | Final Dist 1000 = 1.212 | Init Dist = 12.806 | Init Dist 10 = 12.806 | Init Dist 100 = 12.806 | Init Dist 1000 = 12.806 | Learner Steps = 19759 | Learner Walltime = 3899.518 | Min Dist = 0.540 | Min Dist 10 = 0.233 | Min Dist 100 = 0.569 | Min Dist 1000 = 0.524 | Steps Per Second = 93.805 | Success = 1.000 | Success 1000 = 0.943
I0502 16:11:15.922717 139557462840896 terminal.py:91] [Actor] Actor Episodes = 25495 | Actor Steps = 1274750 | Delta Dist = 8.415 | Delta Dist 10 = 5.006 | Delta Dist 100 = 4.529 | Delta Dist 1000 = 4.540 | Episode Length = 50 | Episode Return = 22.0 | Evaluator Episodes = 6461 | Evaluator Steps = 323050 | Final Dist = 0.187 | Final Dist 10 = 1.180 | Final Dist 100 = 1.509 | Final Dist 1000 = 1.548 | Init Dist = 8.602 | Init Dist 10 = 6.187 | Init Dist 100 = 6.037 | Init Dist 1000 = 6.089 | Learner Steps = 19759 | Learner Walltime = 3899.518 | Min Dist = 0.115 | Min Dist 10 = 0.036 | Min Dist 100 = 0.087 | Min Dist 1000 = 0.262 | Steps Per Second = 80.788 | Success = 1.000 | Success 1000 = 0.990
I0502 16:11:16.132232 139569349502528 terminal.py:91] [Actor] Actor Episodes = 25490 | Actor Steps = 1274500 | Delta Dist = 5.816 | Delta Dist 10 = 5.583 | Delta Dist 100 = 4.555 | Delta Dist 1000 = 4.561 | Episode Length = 50 | Episode Return = 37.0 | Evaluator Episodes = 6459 | Evaluator Steps = 322950 | Final Dist = 0.509 | Final Dist 10 = 1.264 | Final Dist 100 = 1.512 | Final Dist 1000 = 1.535 | Init Dist = 6.325 | Init Dist 10 = 6.847 | Init Dist 100 = 6.067 | Init Dist 1000 = 6.096 | Learner Steps = 19759 | Learner Walltime = 3899.518 | Min Dist = 0.076 | Min Dist 10 = 0.045 | Min Dist 100 = 0.087 | Min Dist 1000 = 0.262 | Steps Per Second = 93.490 | Success = 1.000 | Success 1000 = 0.990
I0502 16:11:17.025049 139579566835264 terminal.py:91] [Evaluator] Actor Episodes = 25499 | Actor Steps = 1274950 | Delta Dist = 12.140 | Delta Dist 10 = 12.063 | Delta Dist 100 = 11.632 | Delta Dist 1000 = 11.595 | Episode Length = 50 | Episode Return = 19.0 | Evaluator Episodes = 6463 | Evaluator Steps = 323150 | Final Dist = 0.666 | Final Dist 10 = 0.744 | Final Dist 100 = 1.174 | Final Dist 1000 = 1.212 | Init Dist = 12.806 | Init Dist 10 = 12.806 | Init Dist 100 = 12.806 | Init Dist 1000 = 12.806 | Learner Steps = 19766 | Learner Walltime = 3900.800 | Min Dist = 0.090 | Min Dist 10 = 0.249 | Min Dist 100 = 0.507 | Min Dist 1000 = 0.524 | Steps Per Second = 79.621 | Success = 1.000 | Success 1000 = 0.943
I0502 16:11:17.781756 139555013154368 terminal.py:91] [Learner] Actor Episodes = 25503 | Actor Loss = 3.6874749660491943 | Actor Steps = 1275150 | Binary Accuracy = 0.9960277080535889 | Categorical Accuracy = 0.427978515625 | Critic Loss = 1.8068585395812988 | Entropy Mean = -19.673080444335938 | Evaluator Episodes = 6463 | Evaluator Steps = 323150 | Learner Steps = 19773 | Learner Walltime = 3901.976 | Logits Neg = -16.760982513427734 | Logits Pos = -1.7832825183868408 | Logsumexp = 1.0857021808624268 | Steps Per Second = 402.063
I0502 16:11:18.234356 139579566835264 terminal.py:91] [Evaluator] Actor Episodes = 25507 | Actor Steps = 1275350 | Delta Dist = 11.400 | Delta Dist 10 = 12.006 | Delta Dist 100 = 11.637 | Delta Dist 1000 = 11.595 | Episode Length = 50 | Episode Return = 20.0 | Evaluator Episodes = 6465 | Evaluator Steps = 323250 | Final Dist = 1.407 | Final Dist 10 = 0.801 | Final Dist 100 = 1.169 | Final Dist 1000 = 1.212 | Init Dist = 12.806 | Init Dist 10 = 12.806 | Init Dist 100 = 12.806 | Init Dist 1000 = 12.806 | Learner Steps = 19772 | Learner Walltime = 3901.817 | Min Dist = 0.127 | Min Dist 10 = 0.230 | Min Dist 100 = 0.503 | Min Dist 1000 = 0.524 | Steps Per Second = 80.985 | Success = 1.000 | Success 1000 = 0.943
I0502 16:11:19.390788 139579566835264 terminal.py:91] [Evaluator] Actor Episodes = 25513 | Actor Steps = 1275650 | Delta Dist = 11.964 | Delta Dist 10 = 11.948 | Delta Dist 100 = 11.624 | Delta Dist 1000 = 11.594 | Episode Length = 50 | Episode Return = 6.0 | Evaluator Episodes = 6467 | Evaluator Steps = 323350 | Final Dist = 0.842 | Final Dist 10 = 0.858 | Final Dist 100 = 1.182 | Final Dist 1000 = 1.212 | Init Dist = 12.806 | Init Dist 10 = 12.806 | Init Dist 100 = 12.806 | Init Dist 1000 = 12.806 | Learner Steps = 19777 | Learner Walltime = 3903.034 | Min Dist = 0.842 | Min Dist 10 = 0.202 | Min Dist 100 = 0.504 | Min Dist 1000 = 0.523 | Steps Per Second = 89.512 | Success = 1.000 | Success 1000 = 0.943
I0502 16:11:20.547434 139579566835264 terminal.py:91] [Evaluator] Actor Episodes = 25523 | Actor Steps = 1276150 | Delta Dist = 11.716 | Delta Dist 10 = 11.335 | Delta Dist 100 = 11.644 | Delta Dist 1000 = 11.596 | Episode Length = 50 | Episode Return = 1.0 | Evaluator Episodes = 6469 | Evaluator Steps = 323450 | Final Dist = 1.091 | Final Dist 10 = 1.471 | Final Dist 100 = 1.162 | Final Dist 1000 = 1.211 | Init Dist = 12.806 | Init Dist 10 = 12.806 | Init Dist 100 = 12.806 | Init Dist 1000 = 12.806 | Learner Steps = 19783 | Learner Walltime = 3904.206 | Min Dist = 0.790 | Min Dist 10 = 0.977 | Min Dist 100 = 0.516 | Min Dist 1000 = 0.524 | Steps Per Second = 89.179 | Success = 1.000 | Success 1000 = 0.943
I0502 16:11:21.693801 139579566835264 terminal.py:91] [Evaluator] Actor Episodes = 25529 | Actor Steps = 1276450 | Delta Dist = 11.836 | Delta Dist 10 = 11.261 | Delta Dist 100 = 11.636 | Delta Dist 1000 = 11.603 | Episode Length = 50 | Episode Return = 16.0 | Evaluator Episodes = 6471 | Evaluator Steps = 323550 | Final Dist = 0.970 | Final Dist 10 = 1.545 | Final Dist 100 = 1.171 | Final Dist 1000 = 1.203 | Init Dist = 12.806 | Init Dist 10 = 12.806 | Init Dist 100 = 12.806 | Init Dist 1000 = 12.806 | Learner Steps = 19790 | Learner Walltime = 3905.394 | Min Dist = 0.500 | Min Dist 10 = 1.030 | Min Dist 100 = 0.523 | Min Dist 1000 = 0.517 | Steps Per Second = 92.467 | Success = 1.000 | Success 1000 = 0.944
I0502 16:11:22.134370 139584504182336 lp_utils.py:96] StepsLimiter: Reached 1276750 recorded steps
I0502 16:11:22.879912 139579566835264 terminal.py:91] [Evaluator] Actor Episodes = 25537 | Actor Steps = 1276850 | Delta Dist = 11.656 | Delta Dist 10 = 11.216 | Delta Dist 100 = 11.632 | Delta Dist 1000 = 11.603 | Episode Length = 50 | Episode Return = 4.0 | Evaluator Episodes = 6473 | Evaluator Steps = 323650 | Final Dist = 1.151 | Final Dist 10 = 1.590 | Final Dist 100 = 1.175 | Final Dist 1000 = 1.203 | Init Dist = 12.806 | Init Dist 10 = 12.806 | Init Dist 100 = 12.806 | Init Dist 1000 = 12.806 | Learner Steps = 19796 | Learner Walltime = 3906.476 | Min Dist = 0.110 | Min Dist 10 = 1.031 | Min Dist 100 = 0.525 | Min Dist 1000 = 0.518 | Steps Per Second = 89.159 | Success = 1.000 | Success 1000 = 0.944
I0502 16:11:22.904655 139558059398720 terminal.py:91] [Actor] Actor Episodes = 25539 | Actor Steps = 1276950 | Delta Dist = 4.910 | Delta Dist 10 = 6.831 | Delta Dist 100 = 4.634 | Delta Dist 1000 = 4.577 | Episode Length = 50 | Episode Return = 35.0 | Evaluator Episodes = 6473 | Evaluator Steps = 323650 | Final Dist = 0.090 | Final Dist 10 = 0.748 | Final Dist 100 = 1.348 | Final Dist 1000 = 1.515 | Init Dist = 5.000 | Init Dist 10 = 7.580 | Init Dist 100 = 5.982 | Init Dist 1000 = 6.092 | Learner Steps = 19796 | Learner Walltime = 3906.476 | Min Dist = 0.082 | Min Dist 10 = 0.285 | Min Dist 100 = 0.123 | Min Dist 1000 = 0.259 | Steps Per Second = 84.026 | Success = 1.000 | Success 1000 = 0.991
I0502 16:11:24.058266 139579566835264 terminal.py:91] [Evaluator] Actor Episodes = 25547 | Actor Steps = 1277350 | Delta Dist = 11.719 | Delta Dist 10 = 11.247 | Delta Dist 100 = 11.630 | Delta Dist 1000 = 11.603 | Episode Length = 50 | Episode Return = 17.0 | Evaluator Episodes = 6475 | Evaluator Steps = 323750 | Final Dist = 1.087 | Final Dist 10 = 1.560 | Final Dist 100 = 1.176 | Final Dist 1000 = 1.204 | Init Dist = 12.806 | Init Dist 10 = 12.806 | Init Dist 100 = 12.806 | Init Dist 1000 = 12.806 | Learner Steps = 19803 | Learner Walltime = 3907.756 | Min Dist = 0.181 | Min Dist 10 = 1.077 | Min Dist 100 = 0.529 | Min Dist 1000 = 0.518 | Steps Per Second = 78.467 | Success = 1.000 | Success 1000 = 0.944
I0502 16:11:24.669104 139555860620864 terminal.py:91] [Actor] Actor Episodes = 25546 | Actor Steps = 1277300 | Delta Dist = 7.947 | Delta Dist 10 = 5.268 | Delta Dist 100 = 4.709 | Delta Dist 1000 = 4.584 | Episode Length = 50 | Episode Return = 38.0 | Evaluator Episodes = 6473 | Evaluator Steps = 323650 | Final Dist = 0.656 | Final Dist 10 = 2.030 | Final Dist 100 = 1.359 | Final Dist 1000 = 1.521 | Init Dist = 8.602 | Init Dist 10 = 7.299 | Init Dist 100 = 6.068 | Init Dist 1000 = 6.105 | Learner Steps = 19803 | Learner Walltime = 3907.756 | Min Dist = 0.306 | Min Dist 10 = 0.220 | Min Dist 100 = 0.154 | Min Dist 1000 = 0.262 | Steps Per Second = 78.019 | Success = 1.000 | Success 1000 = 0.990
I0502 16:11:25.164250 139579566835264 terminal.py:91] [Evaluator] Actor Episodes = 25551 | Actor Steps = 1277550 | Delta Dist = 12.283 | Delta Dist 10 = 11.301 | Delta Dist 100 = 11.614 | Delta Dist 1000 = 11.604 | Episode Length = 50 | Episode Return = 3.0 | Evaluator Episodes = 6477 | Evaluator Steps = 323850 | Final Dist = 0.524 | Final Dist 10 = 1.506 | Final Dist 100 = 1.192 | Final Dist 1000 = 1.203 | Init Dist = 12.806 | Init Dist 10 = 12.806 | Init Dist 100 = 12.806 | Init Dist 1000 = 12.806 | Learner Steps = 19809 | Learner Walltime = 3908.984 | Min Dist = 0.181 | Min Dist 10 = 1.045 | Min Dist 100 = 0.530 | Min Dist 1000 = 0.518 | Steps Per Second = 91.109 | Success = 1.000 | Success 1000 = 0.944
I0502 16:11:26.030398 139557462840896 terminal.py:91] [Actor] Actor Episodes = 25560 | Actor Steps = 1278000 | Delta Dist = 5.167 | Delta Dist 10 = 3.042 | Delta Dist 100 = 4.573 | Delta Dist 1000 = 4.577 | Episode Length = 50 | Episode Return = 29.0 | Evaluator Episodes = 6477 | Evaluator Steps = 323850 | Final Dist = 0.663 | Final Dist 10 = 1.935 | Final Dist 100 = 1.475 | Final Dist 1000 = 1.525 | Init Dist = 5.831 | Init Dist 10 = 4.977 | Init Dist 100 = 6.048 | Init Dist 1000 = 6.101 | Learner Steps = 19809 | Learner Walltime = 3908.984 | Min Dist = 0.055 | Min Dist 10 = 0.761 | Min Dist 100 = 0.223 | Min Dist 1000 = 0.266 | Steps Per Second = 87.769 | Success = 1.000 | Success 1000 = 0.989
I0502 16:11:26.386850 139579566835264 terminal.py:91] [Evaluator] Actor Episodes = 25559 | Actor Steps = 1277950 | Delta Dist = 11.846 | Delta Dist 10 = 12.015 | Delta Dist 100 = 11.629 | Delta Dist 1000 = 11.605 | Episode Length = 50 | Episode Return = 20.0 | Evaluator Episodes = 6479 | Evaluator Steps = 323950 | Final Dist = 0.960 | Final Dist 10 = 0.791 | Final Dist 100 = 1.177 | Final Dist 1000 = 1.201 | Init Dist = 12.806 | Init Dist 10 = 12.806 | Init Dist 100 = 12.806 | Init Dist 1000 = 12.806 | Learner Steps = 19815 | Learner Walltime = 3910.194 | Min Dist = 0.408 | Min Dist 10 = 0.296 | Min Dist 100 = 0.532 | Min Dist 1000 = 0.518 | Steps Per Second = 84.635 | Success = 1.000 | Success 1000 = 0.944
I0502 16:11:26.537364 139569349502528 terminal.py:91] [Actor] Actor Episodes = 25563 | Actor Steps = 1278150 | Delta Dist = 5.648 | Delta Dist 10 = 3.340 | Delta Dist 100 = 4.555 | Delta Dist 1000 = 4.582 | Episode Length = 50 | Episode Return = 44.0 | Evaluator Episodes = 6479 | Evaluator Steps = 323950 | Final Dist = 0.352 | Final Dist 10 = 1.268 | Final Dist 100 = 1.481 | Final Dist 1000 = 1.514 | Init Dist = 6.000 | Init Dist 10 = 4.608 | Init Dist 100 = 6.036 | Init Dist 1000 = 6.096 | Learner Steps = 19815 | Learner Walltime = 3910.194 | Min Dist = 0.024 | Min Dist 10 = 0.045 | Min Dist 100 = 0.223 | Min Dist 1000 = 0.266 | Steps Per Second = 81.026 | Success = 1.000 | Success 1000 = 0.989
I0502 16:11:27.438460 139579566835264 terminal.py:91] [Evaluator] Actor Episodes = 25567 | Actor Steps = 1278350 | Delta Dist = 11.747 | Delta Dist 10 = 12.032 | Delta Dist 100 = 11.621 | Delta Dist 1000 = 11.606 | Episode Length = 50 | Episode Return = 3.0 | Evaluator Episodes = 6481 | Evaluator Steps = 324050 | Final Dist = 1.059 | Final Dist 10 = 0.774 | Final Dist 100 = 1.186 | Final Dist 1000 = 1.201 | Init Dist = 12.806 | Init Dist 10 = 12.806 | Init Dist 100 = 12.806 | Init Dist 1000 = 12.806 | Learner Steps = 19822 | Learner Walltime = 3911.468 | Min Dist = 0.705 | Min Dist 10 = 0.270 | Min Dist 100 = 0.535 | Min Dist 1000 = 0.519 | Steps Per Second = 95.417 | Success = 1.000 | Success 1000 = 0.944
I0502 16:11:27.892420 139555013154368 terminal.py:91] [Learner] Actor Episodes = 25567 | Actor Loss = 3.606140375137329 | Actor Steps = 1278350 | Binary Accuracy = 0.9960329532623291 | Categorical Accuracy = 0.43182373046875 | Critic Loss = 1.8150832653045654 | Entropy Mean = -21.402732849121094 | Evaluator Episodes = 6479 | Evaluator Steps = 323950 | Learner Steps = 19825 | Learner Walltime = 3912.087 | Logits Neg = -16.814380645751953 | Logits Pos = -1.7881779670715332 | Logsumexp = 1.168666958808899 | Steps Per Second = 127.339
I0502 16:11:28.631617 139579566835264 terminal.py:91] [Evaluator] Actor Episodes = 25575 | Actor Steps = 1278750 | Delta Dist = 11.303 | Delta Dist 10 = 11.967 | Delta Dist 100 = 11.618 | Delta Dist 1000 = 11.606 | Episode Length = 50 | Episode Return = 2.0 | Evaluator Episodes = 6483 | Evaluator Steps = 324150 | Final Dist = 1.504 | Final Dist 10 = 0.840 | Final Dist 100 = 1.188 | Final Dist 1000 = 1.200 | Init Dist = 12.806 | Init Dist 10 = 12.806 | Init Dist 100 = 12.806 | Init Dist 1000 = 12.806 | Learner Steps = 19828 | Learner Walltime = 3912.608 | Min Dist = 0.364 | Min Dist 10 = 0.304 | Min Dist 100 = 0.537 | Min Dist 1000 = 0.520 | Steps Per Second = 77.408 | Success = 1.000 | Success 1000 = 0.944
I0502 16:11:29.888277 139579566835264 terminal.py:91] [Evaluator] Actor Episodes = 25583 | Actor Steps = 1279150 | Delta Dist = 11.800 | Delta Dist 10 = 11.950 | Delta Dist 100 = 11.628 | Delta Dist 1000 = 11.613 | Episode Length = 50 | Episode Return = 7.0 | Evaluator Episodes = 6485 | Evaluator Steps = 324250 | Final Dist = 1.007 | Final Dist 10 = 0.856 | Final Dist 100 = 1.178 | Final Dist 1000 = 1.194 | Init Dist = 12.806 | Init Dist 10 = 12.806 | Init Dist 100 = 12.806 | Init Dist 1000 = 12.806 | Learner Steps = 19834 | Learner Walltime = 3913.895 | Min Dist = 0.250 | Min Dist 10 = 0.290 | Min Dist 100 = 0.538 | Min Dist 1000 = 0.513 | Steps Per Second = 84.304 | Success = 1.000 | Success 1000 = 0.945
I0502 16:11:31.042324 139579566835264 terminal.py:91] [Evaluator] Actor Episodes = 25591 | Actor Steps = 1279550 | Delta Dist = 12.708 | Delta Dist 10 = 12.010 | Delta Dist 100 = 11.623 | Delta Dist 1000 = 11.613 | Episode Length = 50 | Episode Return = 21.0 | Evaluator Episodes = 6487 | Evaluator Steps = 324350 | Final Dist = 0.098 | Final Dist 10 = 0.796 | Final Dist 100 = 1.183 | Final Dist 1000 = 1.193 | Init Dist = 12.806 | Init Dist 10 = 12.806 | Init Dist 100 = 12.806 | Init Dist 1000 = 12.806 | Learner Steps = 19840 | Learner Walltime = 3915.150 | Min Dist = 0.064 | Min Dist 10 = 0.312 | Min Dist 100 = 0.539 | Min Dist 1000 = 0.513 | Steps Per Second = 88.532 | Success = 1.000 | Success 1000 = 0.945
I0502 16:11:32.150827 139584504182336 lp_utils.py:96] StepsLimiter: Reached 1279950 recorded steps
I0502 16:11:32.262159 139579566835264 terminal.py:91] [Evaluator] Actor Episodes = 25599 | Actor Steps = 1279950 | Delta Dist = 11.023 | Delta Dist 10 = 12.037 | Delta Dist 100 = 11.646 | Delta Dist 1000 = 11.615 | Episode Length = 50 | Episode Return = 12.0 | Evaluator Episodes = 6489 | Evaluator Steps = 324450 | Final Dist = 1.783 | Final Dist 10 = 0.770 | Final Dist 100 = 1.160 | Final Dist 1000 = 1.192 | Init Dist = 12.806 | Init Dist 10 = 12.806 | Init Dist 100 = 12.806 | Init Dist 1000 = 12.806 | Learner Steps = 19846 | Learner Walltime = 3916.235 | Min Dist = 0.265 | Min Dist 10 = 0.303 | Min Dist 100 = 0.539 | Min Dist 1000 = 0.513 | Steps Per Second = 89.767 | Success = 1.000 | Success 1000 = 0.945
I0502 16:11:33.384727 139579566835264 terminal.py:91] [Evaluator] Actor Episodes = 25607 | Actor Steps = 1280350 | Delta Dist = 12.093 | Delta Dist 10 = 11.910 | Delta Dist 100 = 11.690 | Delta Dist 1000 = 11.614 | Episode Length = 50 | Episode Return = 21.0 | Evaluator Episodes = 6491 | Evaluator Steps = 324550 | Final Dist = 0.713 | Final Dist 10 = 0.896 | Final Dist 100 = 1.117 | Final Dist 1000 = 1.192 | Init Dist = 12.806 | Init Dist 10 = 12.806 | Init Dist 100 = 12.806 | Init Dist 1000 = 12.806 | Learner Steps = 19853 | Learner Walltime = 3917.447 | Min Dist = 0.027 | Min Dist 10 = 0.280 | Min Dist 100 = 0.493 | Min Dist 1000 = 0.513 | Steps Per Second = 91.119 | Success = 1.000 | Success 1000 = 0.945
I0502 16:11:33.425990 139558059398720 terminal.py:91] [Actor] Actor Episodes = 25608 | Actor Steps = 1280400 | Delta Dist = 6.519 | Delta Dist 10 = 4.067 | Delta Dist 100 = 4.438 | Delta Dist 1000 = 4.591 | Episode Length = 50 | Episode Return = 32.0 | Evaluator Episodes = 6489 | Evaluator Steps = 324450 | Final Dist = 0.481 | Final Dist 10 = 1.641 | Final Dist 100 = 1.443 | Final Dist 1000 = 1.513 | Init Dist = 7.000 | Init Dist 10 = 5.708 | Init Dist 100 = 5.881 | Init Dist 1000 = 6.104 | Learner Steps = 19846 | Learner Walltime = 3916.235 | Min Dist = 0.021 | Min Dist 10 = 1.276 | Min Dist 100 = 0.366 | Min Dist 1000 = 0.272 | Steps Per Second = 82.803 | Success = 1.000 | Success 1000 = 0.989
I0502 16:11:34.605874 139579566835264 terminal.py:91] [Evaluator] Actor Episodes = 25615 | Actor Steps = 1280750 | Delta Dist = 11.473 | Delta Dist 10 = 11.925 | Delta Dist 100 = 11.691 | Delta Dist 1000 = 11.614 | Episode Length = 50 | Episode Return = 15.0 | Evaluator Episodes = 6493 | Evaluator Steps = 324650 | Final Dist = 1.333 | Final Dist 10 = 0.881 | Final Dist 100 = 1.115 | Final Dist 1000 = 1.193 | Init Dist = 12.806 | Init Dist 10 = 12.806 | Init Dist 100 = 12.806 | Init Dist 1000 = 12.806 | Learner Steps = 19858 | Learner Walltime = 3918.456 | Min Dist = 0.167 | Min Dist 10 = 0.194 | Min Dist 100 = 0.490 | Min Dist 1000 = 0.512 | Steps Per Second = 81.877 | Success = 1.000 | Success 1000 = 0.945
I0502 16:11:35.083254 139555860620864 terminal.py:91] [Actor] Actor Episodes = 25617 | Actor Steps = 1280850 | Delta Dist = 6.288 | Delta Dist 10 = 4.262 | Delta Dist 100 = 4.523 | Delta Dist 1000 = 4.585 | Episode Length = 50 | Episode Return = 23.0 | Evaluator Episodes = 6493 | Evaluator Steps = 324650 | Final Dist = 1.327 | Final Dist 10 = 3.868 | Final Dist 100 = 1.639 | Final Dist 1000 = 1.530 | Init Dist = 7.616 | Init Dist 10 = 8.130 | Init Dist 100 = 6.162 | Init Dist 1000 = 6.115 | Learner Steps = 19858 | Learner Walltime = 3918.456 | Min Dist = 0.006 | Min Dist 10 = 2.121 | Min Dist 100 = 0.467 | Min Dist 1000 = 0.281 | Steps Per Second = 74.435 | Success = 1.000 | Success 1000 = 0.988
I0502 16:11:35.727274 139579566835264 terminal.py:91] [Evaluator] Actor Episodes = 25623 | Actor Steps = 1281150 | Delta Dist = 11.411 | Delta Dist 10 = 11.832 | Delta Dist 100 = 11.689 | Delta Dist 1000 = 11.613 | Episode Length = 50 | Episode Return = 9.0 | Evaluator Episodes = 6495 | Evaluator Steps = 324750 | Final Dist = 1.395 | Final Dist 10 = 0.974 | Final Dist 100 = 1.117 | Final Dist 1000 = 1.193 | Init Dist = 12.806 | Init Dist 10 = 12.806 | Init Dist 100 = 12.806 | Init Dist 1000 = 12.806 | Learner Steps = 19863 | Learner Walltime = 3919.562 | Min Dist = 0.291 | Min Dist 10 = 0.261 | Min Dist 100 = 0.495 | Min Dist 1000 = 0.513 | Steps Per Second = 101.515 | Success = 1.000 | Success 1000 = 0.945
I0502 16:11:36.414391 139557462840896 terminal.py:91] [Actor] Actor Episodes = 25627 | Actor Steps = 1281350 | Delta Dist = 4.338 | Delta Dist 10 = 4.999 | Delta Dist 100 = 4.553 | Delta Dist 1000 = 4.574 | Episode Length = 50 | Episode Return = 27.0 | Evaluator Episodes = 6495 | Evaluator Steps = 324750 | Final Dist = 1.745 | Final Dist 10 = 1.445 | Final Dist 100 = 1.622 | Final Dist 1000 = 1.527 | Init Dist = 6.083 | Init Dist 10 = 6.443 | Init Dist 100 = 6.175 | Init Dist 1000 = 6.101 | Learner Steps = 19863 | Learner Walltime = 3919.562 | Min Dist = 0.124 | Min Dist 10 = 0.110 | Min Dist 100 = 0.441 | Min Dist 1000 = 0.282 | Steps Per Second = 78.392 | Success = 1.000 | Success 1000 = 0.988
I0502 16:11:36.887520 139579566835264 terminal.py:91] [Evaluator] Actor Episodes = 25631 | Actor Steps = 1281550 | Delta Dist = 12.142 | Delta Dist 10 = 11.695 | Delta Dist 100 = 11.686 | Delta Dist 1000 = 11.613 | Episode Length = 50 | Episode Return = 21.0 | Evaluator Episodes = 6497 | Evaluator Steps = 324850 | Final Dist = 0.664 | Final Dist 10 = 1.111 | Final Dist 100 = 1.120 | Final Dist 1000 = 1.193 | Init Dist = 12.806 | Init Dist 10 = 12.806 | Init Dist 100 = 12.806 | Init Dist 1000 = 12.806 | Learner Steps = 19869 | Learner Walltime = 3920.784 | Min Dist = 0.243 | Min Dist 10 = 0.252 | Min Dist 100 = 0.495 | Min Dist 1000 = 0.513 | Steps Per Second = 86.455 | Success = 1.000 | Success 1000 = 0.945
I0502 16:11:37.109328 139569349502528 terminal.py:91] [Actor] Actor Episodes = 25632 | Actor Steps = 1281600 | Delta Dist = 5.826 | Delta Dist 10 = 3.461 | Delta Dist 100 = 4.442 | Delta Dist 1000 = 4.572 | Episode Length = 50 | Episode Return = 42.0 | Evaluator Episodes = 6495 | Evaluator Steps = 324750 | Final Dist = 0.498 | Final Dist 10 = 1.964 | Final Dist 100 = 1.624 | Final Dist 1000 = 1.529 | Init Dist = 6.325 | Init Dist 10 = 5.425 | Init Dist 100 = 6.066 | Init Dist 1000 = 6.101 | Learner Steps = 19863 | Learner Walltime = 3919.562 | Min Dist = 0.121 | Min Dist 10 = 0.158 | Min Dist 100 = 0.426 | Min Dist 1000 = 0.282 | Steps Per Second = 83.981 | Success = 1.000 | Success 1000 = 0.988
I0502 16:11:38.140552 139579566835264 terminal.py:91] [Evaluator] Actor Episodes = 25639 | Actor Steps = 1281950 | Delta Dist = 12.608 | Delta Dist 10 = 11.665 | Delta Dist 100 = 11.705 | Delta Dist 1000 = 11.614 | Episode Length = 50 | Episode Return = 9.0 | Evaluator Episodes = 6499 | Evaluator Steps = 324950 | Final Dist = 0.198 | Final Dist 10 = 1.142 | Final Dist 100 = 1.102 | Final Dist 1000 = 1.192 | Init Dist = 12.806 | Init Dist 10 = 12.806 | Init Dist 100 = 12.806 | Init Dist 1000 = 12.806 | Learner Steps = 19875 | Learner Walltime = 3921.789 | Min Dist = 0.109 | Min Dist 10 = 0.257 | Min Dist 100 = 0.494 | Min Dist 1000 = 0.513 | Steps Per Second = 82.626 | Success = 1.000 | Success 1000 = 0.945
I0502 16:11:38.278861 139555013154368 terminal.py:91] [Learner] Actor Episodes = 25635 | Actor Loss = 3.601804733276367 | Actor Steps = 1281750 | Binary Accuracy = 0.9959931373596191 | Categorical Accuracy = 0.41668701171875 | Critic Loss = 1.8267438411712646 | Entropy Mean = -19.481834411621094 | Evaluator Episodes = 6497 | Evaluator Steps = 324850 | Learner Steps = 19878 | Learner Walltime = 3922.477 | Logits Neg = -17.08856964111328 | Logits Pos = -1.8123911619186401 | Logsumexp = 1.1210169792175293 | Steps Per Second = 161.700
I0502 16:11:39.393845 139579566835264 terminal.py:91] [Evaluator] Actor Episodes = 25647 | Actor Steps = 1282350 | Delta Dist = 12.354 | Delta Dist 10 = 11.854 | Delta Dist 100 = 11.705 | Delta Dist 1000 = 11.615 | Episode Length = 50 | Episode Return = 24.0 | Evaluator Episodes = 6501 | Evaluator Steps = 325050 | Final Dist = 0.453 | Final Dist 10 = 0.952 | Final Dist 100 = 1.101 | Final Dist 1000 = 1.191 | Init Dist = 12.806 | Init Dist 10 = 12.806 | Init Dist 100 = 12.806 | Init Dist 1000 = 12.806 | Learner Steps = 19880 | Learner Walltime = 3922.880 | Min Dist = 0.114 | Min Dist 10 = 0.227 | Min Dist 100 = 0.494 | Min Dist 1000 = 0.512 | Steps Per Second = 79.027 | Success = 1.000 | Success 1000 = 0.945
I0502 16:11:40.623579 139579566835264 terminal.py:91] [Evaluator] Actor Episodes = 25655 | Actor Steps = 1282750 | Delta Dist = 11.756 | Delta Dist 10 = 11.863 | Delta Dist 100 = 11.707 | Delta Dist 1000 = 11.615 | Episode Length = 50 | Episode Return = 13.0 | Evaluator Episodes = 6503 | Evaluator Steps = 325150 | Final Dist = 1.050 | Final Dist 10 = 0.943 | Final Dist 100 = 1.100 | Final Dist 1000 = 1.191 | Init Dist = 12.806 | Init Dist 10 = 12.806 | Init Dist 100 = 12.806 | Init Dist 1000 = 12.806 | Learner Steps = 19886 | Learner Walltime = 3923.949 | Min Dist = 0.440 | Min Dist 10 = 0.231 | Min Dist 100 = 0.490 | Min Dist 1000 = 0.511 | Steps Per Second = 77.882 | Success = 1.000 | Success 1000 = 0.945
I0502 16:11:41.837809 139579566835264 terminal.py:91] [Evaluator] Actor Episodes = 25663 | Actor Steps = 1283150 | Delta Dist = 11.577 | Delta Dist 10 = 12.016 | Delta Dist 100 = 11.705 | Delta Dist 1000 = 11.617 | Episode Length = 50 | Episode Return = 17.0 | Evaluator Episodes = 6505 | Evaluator Steps = 325250 | Final Dist = 1.229 | Final Dist 10 = 0.791 | Final Dist 100 = 1.101 | Final Dist 1000 = 1.190 | Init Dist = 12.806 | Init Dist 10 = 12.806 | Init Dist 100 = 12.806 | Init Dist 1000 = 12.806 | Learner Steps = 19891 | Learner Walltime = 3925.058 | Min Dist = 0.037 | Min Dist 10 = 0.178 | Min Dist 100 = 0.495 | Min Dist 1000 = 0.511 | Steps Per Second = 84.198 | Success = 1.000 | Success 1000 = 0.945
I0502 16:11:42.174097 139584504182336 lp_utils.py:96] StepsLimiter: Reached 1283150 recorded steps
I0502 16:11:43.008981 139579566835264 terminal.py:91] [Evaluator] Actor Episodes = 25671 | Actor Steps = 1283550 | Delta Dist = 12.294 | Delta Dist 10 = 12.072 | Delta Dist 100 = 11.706 | Delta Dist 1000 = 11.617 | Episode Length = 50 | Episode Return = 28.0 | Evaluator Episodes = 6507 | Evaluator Steps = 325350 | Final Dist = 0.512 | Final Dist 10 = 0.734 | Final Dist 100 = 1.100 | Final Dist 1000 = 1.190 | Init Dist = 12.806 | Init Dist 10 = 12.806 | Init Dist 100 = 12.806 | Init Dist 1000 = 12.806 | Learner Steps = 19897 | Learner Walltime = 3926.259 | Min Dist = 0.126 | Min Dist 10 = 0.230 | Min Dist 100 = 0.500 | Min Dist 1000 = 0.512 | Steps Per Second = 78.687 | Success = 1.000 | Success 1000 = 0.945
I0502 16:11:43.937098 139558059398720 terminal.py:91] [Actor] Actor Episodes = 25679 | Actor Steps = 1283950 | Delta Dist = -0.310 | Delta Dist 10 = 5.509 | Delta Dist 100 = 4.199 | Delta Dist 1000 = 4.590 | Episode Length = 50 | Episode Return = 43.0 | Evaluator Episodes = 6507 | Evaluator Steps = 325350 | Final Dist = 0.310 | Final Dist 10 = 1.623 | Final Dist 100 = 1.847 | Final Dist 1000 = 1.500 | Init Dist = 0.000 | Init Dist 10 = 7.132 | Init Dist 100 = 6.046 | Init Dist 1000 = 6.090 | Learner Steps = 19902 | Learner Walltime = 3927.509 | Min Dist = 0.000 | Min Dist 10 = 0.136 | Min Dist 100 = 0.329 | Min Dist 1000 = 0.264 | Steps Per Second = 79.153 | Success = 1.000 | Success 1000 = 0.988
I0502 16:11:44.297555 139579566835264 terminal.py:91] [Evaluator] Actor Episodes = 25679 | Actor Steps = 1283950 | Delta Dist = 11.530 | Delta Dist 10 = 12.047 | Delta Dist 100 = 11.708 | Delta Dist 1000 = 11.618 | Episode Length = 50 | Episode Return = 22.0 | Evaluator Episodes = 6509 | Evaluator Steps = 325450 | Final Dist = 1.276 | Final Dist 10 = 0.760 | Final Dist 100 = 1.099 | Final Dist 1000 = 1.188 | Init Dist = 12.806 | Init Dist 10 = 12.806 | Init Dist 100 = 12.806 | Init Dist 1000 = 12.806 | Learner Steps = 19902 | Learner Walltime = 3927.509 | Min Dist = 0.107 | Min Dist 10 = 0.224 | Min Dist 100 = 0.500 | Min Dist 1000 = 0.509 | Steps Per Second = 79.785 | Success = 1.000 | Success 1000 = 0.946
I0502 16:11:45.537819 139579566835264 terminal.py:91] [Evaluator] Actor Episodes = 25687 | Actor Steps = 1284350 | Delta Dist = 12.684 | Delta Dist 10 = 11.953 | Delta Dist 100 = 11.755 | Delta Dist 1000 = 11.618 | Episode Length = 50 | Episode Return = 21.0 | Evaluator Episodes = 6511 | Evaluator Steps = 325550 | Final Dist = 0.122 | Final Dist 10 = 0.853 | Final Dist 100 = 1.051 | Final Dist 1000 = 1.188 | Init Dist = 12.806 | Init Dist 10 = 12.806 | Init Dist 100 = 12.806 | Init Dist 1000 = 12.806 | Learner Steps = 19909 | Learner Walltime = 3928.683 | Min Dist = 0.122 | Min Dist 10 = 0.228 | Min Dist 100 = 0.440 | Min Dist 1000 = 0.510 | Steps Per Second = 85.984 | Success = 1.000 | Success 1000 = 0.946
I0502 16:11:45.675232 139555860620864 terminal.py:91] [Actor] Actor Episodes = 25682 | Actor Steps = 1284100 | Delta Dist = 2.331 | Delta Dist 10 = 4.430 | Delta Dist 100 = 4.186 | Delta Dist 1000 = 4.588 | Episode Length = 50 | Episode Return = 27.0 | Evaluator Episodes = 6509 | Evaluator Steps = 325450 | Final Dist = 0.669 | Final Dist 10 = 2.035 | Final Dist 100 = 1.920 | Final Dist 1000 = 1.509 | Init Dist = 3.000 | Init Dist 10 = 6.465 | Init Dist 100 = 6.106 | Init Dist 1000 = 6.097 | Learner Steps = 19909 | Learner Walltime = 3928.683 | Min Dist = 0.041 | Min Dist 10 = 0.061 | Min Dist 100 = 0.330 | Min Dist 1000 = 0.263 | Steps Per Second = 79.548 | Success = 1.000 | Success 1000 = 0.990
I0502 16:11:46.542336 139557462840896 terminal.py:91] [Actor] Actor Episodes = 25693 | Actor Steps = 1284650 | Delta Dist = 6.325 | Delta Dist 10 = 3.671 | Delta Dist 100 = 4.181 | Delta Dist 1000 = 4.575 | Episode Length = 50 | Episode Return = 39.0 | Evaluator Episodes = 6511 | Evaluator Steps = 325550 | Final Dist = 0.000 | Final Dist 10 = 2.339 | Final Dist 100 = 1.933 | Final Dist 1000 = 1.517 | Init Dist = 6.325 | Init Dist 10 = 6.010 | Init Dist 100 = 6.114 | Init Dist 1000 = 6.092 | Learner Steps = 19915 | Learner Walltime = 3929.992 | Min Dist = 0.000 | Min Dist 10 = 0.080 | Min Dist 100 = 0.323 | Min Dist 1000 = 0.263 | Steps Per Second = 76.757 | Success = 1.000 | Success 1000 = 0.990
I0502 16:11:46.799624 139579566835264 terminal.py:91] [Evaluator] Actor Episodes = 25695 | Actor Steps = 1284750 | Delta Dist = 11.767 | Delta Dist 10 = 12.058 | Delta Dist 100 = 11.764 | Delta Dist 1000 = 11.618 | Episode Length = 50 | Episode Return = 3.0 | Evaluator Episodes = 6513 | Evaluator Steps = 325650 | Final Dist = 1.039 | Final Dist 10 = 0.748 | Final Dist 100 = 1.042 | Final Dist 1000 = 1.188 | Init Dist = 12.806 | Init Dist 10 = 12.806 | Init Dist 100 = 12.806 | Init Dist 1000 = 12.806 | Learner Steps = 19915 | Learner Walltime = 3929.992 | Min Dist = 0.380 | Min Dist 10 = 0.238 | Min Dist 100 = 0.438 | Min Dist 1000 = 0.509 | Steps Per Second = 86.763 | Success = 1.000 | Success 1000 = 0.946
I0502 16:11:47.652196 139569349502528 terminal.py:91] [Actor] Actor Episodes = 25697 | Actor Steps = 1284850 | Delta Dist = 8.690 | Delta Dist 10 = 4.626 | Delta Dist 100 = 4.374 | Delta Dist 1000 = 4.583 | Episode Length = 50 | Episode Return = 30.0 | Evaluator Episodes = 6513 | Evaluator Steps = 325650 | Final Dist = 0.254 | Final Dist 10 = 1.355 | Final Dist 100 = 1.866 | Final Dist 1000 = 1.516 | Init Dist = 8.944 | Init Dist 10 = 5.981 | Init Dist 100 = 6.240 | Init Dist 1000 = 6.099 | Learner Steps = 19921 | Learner Walltime = 3931.037 | Min Dist = 0.019 | Min Dist 10 = 0.043 | Min Dist 100 = 0.312 | Min Dist 1000 = 0.263 | Steps Per Second = 83.659 | Success = 1.000 | Success 1000 = 0.990
I0502 16:11:48.039623 139579566835264 terminal.py:91] [Evaluator] Actor Episodes = 25704 | Actor Steps = 1285200 | Delta Dist = 12.693 | Delta Dist 10 = 11.983 | Delta Dist 100 = 11.761 | Delta Dist 1000 = 11.619 | Episode Length = 50 | Episode Return = 18.0 | Evaluator Episodes = 6515 | Evaluator Steps = 325750 | Final Dist = 0.113 | Final Dist 10 = 0.823 | Final Dist 100 = 1.045 | Final Dist 1000 = 1.187 | Init Dist = 12.806 | Init Dist 10 = 12.806 | Init Dist 100 = 12.806 | Init Dist 1000 = 12.806 | Learner Steps = 19926 | Learner Walltime = 3932.205 | Min Dist = 0.113 | Min Dist 10 = 0.249 | Min Dist 100 = 0.443 | Min Dist 1000 = 0.510 | Steps Per Second = 77.041 | Success = 1.000 | Success 1000 = 0.946
I0502 16:11:48.459693 139555013154368 terminal.py:91] [Learner] Actor Episodes = 25704 | Actor Loss = 3.768247604370117 | Actor Steps = 1285200 | Binary Accuracy = 0.9960157871246338 | Categorical Accuracy = 0.4222412109375 | Critic Loss = 1.7967486381530762 | Entropy Mean = -19.22157859802246 | Evaluator Episodes = 6513 | Evaluator Steps = 325650 | Learner Steps = 19928 | Learner Walltime = 3932.650 | Logits Neg = -17.36043357849121 | Logits Pos = -1.8034420013427734 | Logsumexp = 1.1939806938171387 | Steps Per Second = 168.325
I0502 16:11:49.308049 139579566835264 terminal.py:91] [Evaluator] Actor Episodes = 25712 | Actor Steps = 1285600 | Delta Dist = 12.452 | Delta Dist 10 = 12.127 | Delta Dist 100 = 11.834 | Delta Dist 1000 = 11.621 | Episode Length = 50 | Episode Return = 21.0 | Evaluator Episodes = 6517 | Evaluator Steps = 325850 | Final Dist = 0.354 | Final Dist 10 = 0.679 | Final Dist 100 = 0.973 | Final Dist 1000 = 1.186 | Init Dist = 12.806 | Init Dist 10 = 12.806 | Init Dist 100 = 12.806 | Init Dist 1000 = 12.806 | Learner Steps = 19931 | Learner Walltime = 3933.273 | Min Dist = 0.034 | Min Dist 10 = 0.195 | Min Dist 100 = 0.378 | Min Dist 1000 = 0.510 | Steps Per Second = 76.230 | Success = 1.000 | Success 1000 = 0.946
I0502 16:11:50.544897 139579566835264 terminal.py:91] [Evaluator] Actor Episodes = 25720 | Actor Steps = 1286000 | Delta Dist = 12.643 | Delta Dist 10 = 12.151 | Delta Dist 100 = 11.918 | Delta Dist 1000 = 11.621 | Episode Length = 50 | Episode Return = 16.0 | Evaluator Episodes = 6519 | Evaluator Steps = 325950 | Final Dist = 0.163 | Final Dist 10 = 0.655 | Final Dist 100 = 0.888 | Final Dist 1000 = 1.185 | Init Dist = 12.806 | Init Dist 10 = 12.806 | Init Dist 100 = 12.806 | Init Dist 1000 = 12.806 | Learner Steps = 19937 | Learner Walltime = 3934.543 | Min Dist = 0.108 | Min Dist 10 = 0.187 | Min Dist 100 = 0.309 | Min Dist 1000 = 0.509 | Steps Per Second = 76.114 | Success = 1.000 | Success 1000 = 0.946
I0502 16:11:51.800602 139579566835264 terminal.py:91] [Evaluator] Actor Episodes = 25728 | Actor Steps = 1286400 | Delta Dist = 11.495 | Delta Dist 10 = 12.270 | Delta Dist 100 = 11.930 | Delta Dist 1000 = 11.623 | Episode Length = 50 | Episode Return = 20.0 | Evaluator Episodes = 6521 | Evaluator Steps = 326050 | Final Dist = 1.311 | Final Dist 10 = 0.536 | Final Dist 100 = 0.876 | Final Dist 1000 = 1.183 | Init Dist = 12.806 | Init Dist 10 = 12.806 | Init Dist 100 = 12.806 | Init Dist 1000 = 12.806 | Learner Steps = 19943 | Learner Walltime = 3935.774 | Min Dist = 0.145 | Min Dist 10 = 0.184 | Min Dist 100 = 0.308 | Min Dist 1000 = 0.509 | Steps Per Second = 73.636 | Success = 1.000 | Success 1000 = 0.946
I0502 16:11:52.195502 139584504182336 lp_utils.py:96] StepsLimiter: Reached 1286400 recorded steps
I0502 16:11:53.002264 139579566835264 terminal.py:91] [Evaluator] Actor Episodes = 25736 | Actor Steps = 1286800 | Delta Dist = 11.478 | Delta Dist 10 = 12.085 | Delta Dist 100 = 11.922 | Delta Dist 1000 = 11.623 | Episode Length = 50 | Episode Return = 2.0 | Evaluator Episodes = 6523 | Evaluator Steps = 326150 | Final Dist = 1.328 | Final Dist 10 = 0.721 | Final Dist 100 = 0.884 | Final Dist 1000 = 1.184 | Init Dist = 12.806 | Init Dist 10 = 12.806 | Init Dist 100 = 12.806 | Init Dist 1000 = 12.806 | Learner Steps = 19950 | Learner Walltime = 3937.005 | Min Dist = 0.140 | Min Dist 10 = 0.190 | Min Dist 100 = 0.309 | Min Dist 1000 = 0.508 | Steps Per Second = 83.306 | Success = 1.000 | Success 1000 = 0.946
I0502 16:11:53.989570 139558059398720 terminal.py:91] [Actor] Actor Episodes = 25742 | Actor Steps = 1287100 | Delta Dist = 2.719 | Delta Dist 10 = 3.471 | Delta Dist 100 = 4.240 | Delta Dist 1000 = 4.602 | Episode Length = 50 | Episode Return = 24.0 | Evaluator Episodes = 6523 | Evaluator Steps = 326150 | Final Dist = 0.110 | Final Dist 10 = 2.785 | Final Dist 100 = 1.972 | Final Dist 1000 = 1.501 | Init Dist = 2.828 | Init Dist 10 = 6.256 | Init Dist 100 = 6.212 | Init Dist 1000 = 6.103 | Learner Steps = 19950 | Learner Walltime = 3937.005 | Min Dist = 0.012 | Min Dist 10 = 0.435 | Min Dist 100 = 0.136 | Min Dist 1000 = 0.247 | Steps Per Second = 78.647 | Success = 1.000 | Success 1000 = 0.988
I0502 16:11:54.296194 139579566835264 terminal.py:91] [Evaluator] Actor Episodes = 25744 | Actor Steps = 1287200 | Delta Dist = 11.714 | Delta Dist 10 = 12.005 | Delta Dist 100 = 11.910 | Delta Dist 1000 = 11.622 | Episode Length = 50 | Episode Return = 1.0 | Evaluator Episodes = 6525 | Evaluator Steps = 326250 | Final Dist = 1.092 | Final Dist 10 = 0.802 | Final Dist 100 = 0.896 | Final Dist 1000 = 1.184 | Init Dist = 12.806 | Init Dist 10 = 12.806 | Init Dist 100 = 12.806 | Init Dist 1000 = 12.806 | Learner Steps = 19956 | Learner Walltime = 3938.249 | Min Dist = 0.064 | Min Dist 10 = 0.166 | Min Dist 100 = 0.308 | Min Dist 1000 = 0.508 | Steps Per Second = 82.394 | Success = 1.000 | Success 1000 = 0.946
I0502 16:11:55.621727 139579566835264 terminal.py:91] [Evaluator] Actor Episodes = 25752 | Actor Steps = 1287600 | Delta Dist = 12.434 | Delta Dist 10 = 11.903 | Delta Dist 100 = 11.899 | Delta Dist 1000 = 11.621 | Episode Length = 50 | Episode Return = 1.0 | Evaluator Episodes = 6527 | Evaluator Steps = 326350 | Final Dist = 0.372 | Final Dist 10 = 0.903 | Final Dist 100 = 0.907 | Final Dist 1000 = 1.185 | Init Dist = 12.806 | Init Dist 10 = 12.806 | Init Dist 100 = 12.806 | Init Dist 1000 = 12.806 | Learner Steps = 19962 | Learner Walltime = 3939.558 | Min Dist = 0.372 | Min Dist 10 = 0.154 | Min Dist 100 = 0.308 | Min Dist 1000 = 0.508 | Steps Per Second = 81.714 | Success = 1.000 | Success 1000 = 0.946
I0502 16:11:55.865714 139555860620864 terminal.py:91] [Actor] Actor Episodes = 25747 | Actor Steps = 1287350 | Delta Dist = 8.620 | Delta Dist 10 = 3.940 | Delta Dist 100 = 4.130 | Delta Dist 1000 = 4.611 | Episode Length = 50 | Episode Return = 23.0 | Evaluator Episodes = 6525 | Evaluator Steps = 326250 | Final Dist = 0.600 | Final Dist 10 = 2.053 | Final Dist 100 = 2.080 | Final Dist 1000 = 1.499 | Init Dist = 9.220 | Init Dist 10 = 5.993 | Init Dist 100 = 6.209 | Init Dist 1000 = 6.110 | Learner Steps = 19956 | Learner Walltime = 3938.249 | Min Dist = 0.053 | Min Dist 10 = 0.186 | Min Dist 100 = 0.148 | Min Dist 1000 = 0.238 | Steps Per Second = 82.361 | Success = 1.000 | Success 1000 = 0.988
I0502 16:11:56.576643 139557462840896 terminal.py:91] [Actor] Actor Episodes = 25758 | Actor Steps = 1287900 | Delta Dist = 4.463 | Delta Dist 10 = 5.235 | Delta Dist 100 = 4.290 | Delta Dist 1000 = 4.617 | Episode Length = 50 | Episode Return = 22.0 | Evaluator Episodes = 6527 | Evaluator Steps = 326350 | Final Dist = 0.537 | Final Dist 10 = 1.422 | Final Dist 100 = 1.816 | Final Dist 1000 = 1.493 | Init Dist = 5.000 | Init Dist 10 = 6.657 | Init Dist 100 = 6.106 | Init Dist 1000 = 6.110 | Learner Steps = 19962 | Learner Walltime = 3939.558 | Min Dist = 0.537 | Min Dist 10 = 0.160 | Min Dist 100 = 0.143 | Min Dist 1000 = 0.230 | Steps Per Second = 83.686 | Success = 1.000 | Success 1000 = 0.988
I0502 16:11:56.875386 139579566835264 terminal.py:91] [Evaluator] Actor Episodes = 25760 | Actor Steps = 1288000 | Delta Dist = 12.294 | Delta Dist 10 = 11.883 | Delta Dist 100 = 11.904 | Delta Dist 1000 = 11.623 | Episode Length = 50 | Episode Return = 22.0 | Evaluator Episodes = 6529 | Evaluator Steps = 326450 | Final Dist = 0.513 | Final Dist 10 = 0.924 | Final Dist 100 = 0.902 | Final Dist 1000 = 1.183 | Init Dist = 12.806 | Init Dist 10 = 12.806 | Init Dist 100 = 12.806 | Init Dist 1000 = 12.806 | Learner Steps = 19969 | Learner Walltime = 3940.842 | Min Dist = 0.285 | Min Dist 10 = 0.198 | Min Dist 100 = 0.313 | Min Dist 1000 = 0.508 | Steps Per Second = 81.455 | Success = 1.000 | Success 1000 = 0.946
I0502 16:11:57.858379 139569349502528 terminal.py:91] [Actor] Actor Episodes = 25768 | Actor Steps = 1288400 | Delta Dist = 6.769 | Delta Dist 10 = 3.855 | Delta Dist 100 = 4.335 | Delta Dist 1000 = 4.634 | Episode Length = 50 | Episode Return = 23.0 | Evaluator Episodes = 6529 | Evaluator Steps = 326450 | Final Dist = 1.293 | Final Dist 10 = 2.336 | Final Dist 100 = 1.842 | Final Dist 1000 = 1.490 | Init Dist = 8.062 | Init Dist 10 = 6.191 | Init Dist 100 = 6.176 | Init Dist 1000 = 6.123 | Learner Steps = 19975 | Learner Walltime = 3941.945 | Min Dist = 0.119 | Min Dist 10 = 0.313 | Min Dist 100 = 0.161 | Min Dist 1000 = 0.220 | Steps Per Second = 85.212 | Success = 1.000 | Success 1000 = 0.989
I0502 16:11:58.050200 139579566835264 terminal.py:91] [Evaluator] Actor Episodes = 25768 | Actor Steps = 1288400 | Delta Dist = 12.616 | Delta Dist 10 = 11.862 | Delta Dist 100 = 11.912 | Delta Dist 1000 = 11.623 | Episode Length = 50 | Episode Return = 20.0 | Evaluator Episodes = 6531 | Evaluator Steps = 326550 | Final Dist = 0.190 | Final Dist 10 = 0.944 | Final Dist 100 = 0.894 | Final Dist 1000 = 1.183 | Init Dist = 12.806 | Init Dist 10 = 12.806 | Init Dist 100 = 12.806 | Init Dist 1000 = 12.806 | Learner Steps = 19975 | Learner Walltime = 3941.945 | Min Dist = 0.154 | Min Dist 10 = 0.212 | Min Dist 100 = 0.312 | Min Dist 1000 = 0.508 | Steps Per Second = 82.115 | Success = 1.000 | Success 1000 = 0.946
I0502 16:11:58.502924 139555013154368 terminal.py:91] [Learner] Actor Episodes = 25766 | Actor Loss = 3.608081340789795 | Actor Steps = 1288300 | Binary Accuracy = 0.9960243701934814 | Categorical Accuracy = 0.40496826171875 | Critic Loss = 1.895544171333313 | Entropy Mean = -20.737565994262695 | Evaluator Episodes = 6529 | Evaluator Steps = 326450 | Learner Steps = 19980 | Learner Walltime = 3942.703 | Logits Neg = -16.737998962402344 | Logits Pos = -1.8784723281860352 | Logsumexp = 1.0690455436706543 | Steps Per Second = 762.490
I0502 16:11:59.239459 139584635659840 savers.py:156] Saving checkpoint: logs/contrastive_cpc_point_FourRooms_64/5dd72662-2788-11f0-b183-d85ed38c5779/checkpoints/counter
I0502 16:11:59.298059 139579566835264 terminal.py:91] [Evaluator] Actor Episodes = 25776 | Actor Steps = 1288800 | Delta Dist = 12.413 | Delta Dist 10 = 11.982 | Delta Dist 100 = 11.921 | Delta Dist 1000 = 11.625 | Episode Length = 50 | Episode Return = 26.0 | Evaluator Episodes = 6533 | Evaluator Steps = 326650 | Final Dist = 0.393 | Final Dist 10 = 0.824 | Final Dist 100 = 0.885 | Final Dist 1000 = 1.182 | Init Dist = 12.806 | Init Dist 10 = 12.806 | Init Dist 100 = 12.806 | Init Dist 1000 = 12.806 | Learner Steps = 19981 | Learner Walltime = 3943.241 | Min Dist = 0.070 | Min Dist 10 = 0.218 | Min Dist 100 = 0.311 | Min Dist 1000 = 0.508 | Steps Per Second = 80.898 | Success = 1.000 | Success 1000 = 0.946
I0502 16:12:00.500331 139579566835264 terminal.py:91] [Evaluator] Actor Episodes = 25784 | Actor Steps = 1289200 | Delta Dist = 11.547 | Delta Dist 10 = 12.111 | Delta Dist 100 = 11.922 | Delta Dist 1000 = 11.624 | Episode Length = 50 | Episode Return = 21.0 | Evaluator Episodes = 6535 | Evaluator Steps = 326750 | Final Dist = 1.259 | Final Dist 10 = 0.695 | Final Dist 100 = 0.885 | Final Dist 1000 = 1.182 | Init Dist = 12.806 | Init Dist 10 = 12.806 | Init Dist 100 = 12.806 | Init Dist 1000 = 12.806 | Learner Steps = 19987 | Learner Walltime = 3944.449 | Min Dist = 0.168 | Min Dist 10 = 0.188 | Min Dist 100 = 0.310 | Min Dist 1000 = 0.508 | Steps Per Second = 82.819 | Success = 1.000 | Success 1000 = 0.946
I0502 16:12:01.625842 139579566835264 terminal.py:91] [Evaluator] Actor Episodes = 25790 | Actor Steps = 1289500 | Delta Dist = 11.219 | Delta Dist 10 = 12.140 | Delta Dist 100 = 11.913 | Delta Dist 1000 = 11.625 | Episode Length = 50 | Episode Return = 19.0 | Evaluator Episodes = 6537 | Evaluator Steps = 326850 | Final Dist = 1.587 | Final Dist 10 = 0.666 | Final Dist 100 = 0.893 | Final Dist 1000 = 1.181 | Init Dist = 12.806 | Init Dist 10 = 12.806 | Init Dist 100 = 12.806 | Init Dist 1000 = 12.806 | Learner Steps = 19994 | Learner Walltime = 3945.602 | Min Dist = 0.168 | Min Dist 10 = 0.202 | Min Dist 100 = 0.309 | Min Dist 1000 = 0.509 | Steps Per Second = 89.270 | Success = 1.000 | Success 1000 = 0.946
I0502 16:12:02.214303 139584504182336 lp_utils.py:96] StepsLimiter: Reached 1289600 recorded steps
I0502 16:12:02.347126 139583350109760 savers.py:156] Saving checkpoint: logs/contrastive_cpc_point_FourRooms_64/5dd72662-2788-11f0-b183-d85ed38c5779/checkpoints/learner
I0502 16:12:02.839405 139579566835264 terminal.py:91] [Evaluator] Actor Episodes = 25798 | Actor Steps = 1289900 | Delta Dist = 11.658 | Delta Dist 10 = 12.047 | Delta Dist 100 = 11.906 | Delta Dist 1000 = 11.625 | Episode Length = 50 | Episode Return = 20.0 | Evaluator Episodes = 6539 | Evaluator Steps = 326950 | Final Dist = 1.148 | Final Dist 10 = 0.759 | Final Dist 100 = 0.901 | Final Dist 1000 = 1.181 | Init Dist = 12.806 | Init Dist 10 = 12.806 | Init Dist 100 = 12.806 | Init Dist 1000 = 12.806 | Learner Steps = 19994 | Learner Walltime = 3945.602 | Min Dist = 0.056 | Min Dist 10 = 0.161 | Min Dist 100 = 0.307 | Min Dist 1000 = 0.509 | Steps Per Second = 79.053 | Success = 1.000 | Success 1000 = 0.946
I0502 16:12:04.049592 139579566835264 terminal.py:91] [Evaluator] Actor Episodes = 25806 | Actor Steps = 1290300 | Delta Dist = 11.903 | Delta Dist 10 = 11.996 | Delta Dist 100 = 11.905 | Delta Dist 1000 = 11.626 | Episode Length = 50 | Episode Return = 20.0 | Evaluator Episodes = 6541 | Evaluator Steps = 327050 | Final Dist = 0.904 | Final Dist 10 = 0.810 | Final Dist 100 = 0.902 | Final Dist 1000 = 1.181 | Init Dist = 12.806 | Init Dist 10 = 12.806 | Init Dist 100 = 12.806 | Init Dist 1000 = 12.806 | Learner Steps = 20000 | Learner Walltime = 3947.305 | Min Dist = 0.164 | Min Dist 10 = 0.151 | Min Dist 100 = 0.307 | Min Dist 1000 = 0.508 | Steps Per Second = 83.693 | Success = 1.000 | Success 1000 = 0.946
I0502 16:12:04.281652 139558059398720 terminal.py:91] [Actor] Actor Episodes = 25803 | Actor Steps = 1290150 | Delta Dist = 5.704 | Delta Dist 10 = 5.406 | Delta Dist 100 = 4.309 | Delta Dist 1000 = 4.666 | Episode Length = 50 | Episode Return = 41.0 | Evaluator Episodes = 6539 | Evaluator Steps = 326950 | Final Dist = 0.379 | Final Dist 10 = 0.481 | Final Dist 100 = 1.642 | Final Dist 1000 = 1.491 | Init Dist = 6.083 | Init Dist 10 = 5.887 | Init Dist 100 = 5.951 | Init Dist 1000 = 6.157 | Learner Steps = 20000 | Learner Walltime = 3947.305 | Min Dist = 0.049 | Min Dist 10 = 0.054 | Min Dist 100 = 0.295 | Min Dist 1000 = 0.231 | Steps Per Second = 80.848 | Success = 1.000 | Success 1000 = 0.989
I0502 16:12:05.212755 139579566835264 terminal.py:91] [Evaluator] Actor Episodes = 25814 | Actor Steps = 1290700 | Delta Dist = 11.467 | Delta Dist 10 = 12.003 | Delta Dist 100 = 11.905 | Delta Dist 1000 = 11.626 | Episode Length = 50 | Episode Return = 26.0 | Evaluator Episodes = 6543 | Evaluator Steps = 327150 | Final Dist = 1.339 | Final Dist 10 = 0.803 | Final Dist 100 = 0.901 | Final Dist 1000 = 1.180 | Init Dist = 12.806 | Init Dist 10 = 12.806 | Init Dist 100 = 12.806 | Init Dist 1000 = 12.806 | Learner Steps = 20008 | Learner Walltime = 3948.592 | Min Dist = 0.039 | Min Dist 10 = 0.166 | Min Dist 100 = 0.305 | Min Dist 1000 = 0.508 | Steps Per Second = 83.348 | Success = 1.000 | Success 1000 = 0.946
I0502 16:12:06.149920 139555860620864 terminal.py:91] [Actor] Actor Episodes = 25820 | Actor Steps = 1291000 | Delta Dist = 5.786 | Delta Dist 10 = 4.793 | Delta Dist 100 = 4.401 | Delta Dist 1000 = 4.692 | Episode Length = 50 | Episode Return = 0.0 | Evaluator Episodes = 6543 | Evaluator Steps = 327150 | Final Dist = 0.617 | Final Dist 10 = 1.689 | Final Dist 100 = 1.641 | Final Dist 1000 = 1.482 | Init Dist = 6.403 | Init Dist 10 = 6.482 | Init Dist 100 = 6.041 | Init Dist 1000 = 6.173 | Learner Steps = 20015 | Learner Walltime = 3949.753 | Min Dist = 0.373 | Min Dist 10 = 0.065 | Min Dist 100 = 0.287 | Min Dist 1000 = 0.230 | Steps Per Second = 74.701 | Success = 1.000 | Success 1000 = 0.989
I0502 16:12:06.380656 139579566835264 terminal.py:91] [Evaluator] Actor Episodes = 25822 | Actor Steps = 1291100 | Delta Dist = 5.179 | Delta Dist 10 = 11.884 | Delta Dist 100 = 11.898 | Delta Dist 1000 = 11.625 | Episode Length = 50 | Episode Return = 0.0 | Evaluator Episodes = 6545 | Evaluator Steps = 327250 | Final Dist = 7.628 | Final Dist 10 = 0.923 | Final Dist 100 = 0.908 | Final Dist 1000 = 1.181 | Init Dist = 12.806 | Init Dist 10 = 12.806 | Init Dist 100 = 12.806 | Init Dist 1000 = 12.806 | Learner Steps = 20015 | Learner Walltime = 3949.753 | Min Dist = 6.622 | Min Dist 10 = 0.196 | Min Dist 100 = 0.303 | Min Dist 1000 = 0.508 | Steps Per Second = 82.948 | Success = 0.000 | Success 1000 = 0.946
I0502 16:12:06.892125 139557462840896 terminal.py:91] [Actor] Actor Episodes = 25823 | Actor Steps = 1291150 | Delta Dist = 2.614 | Delta Dist 10 = 4.541 | Delta Dist 100 = 4.355 | Delta Dist 1000 = 4.695 | Episode Length = 50 | Episode Return = 33.0 | Evaluator Episodes = 6543 | Evaluator Steps = 327150 | Final Dist = 0.215 | Final Dist 10 = 2.210 | Final Dist 100 = 1.704 | Final Dist 1000 = 1.481 | Init Dist = 2.828 | Init Dist 10 = 6.751 | Init Dist 100 = 6.059 | Init Dist 1000 = 6.176 | Learner Steps = 20015 | Learner Walltime = 3949.753 | Min Dist = 0.043 | Min Dist 10 = 0.114 | Min Dist 100 = 0.287 | Min Dist 1000 = 0.230 | Steps Per Second = 82.391 | Success = 1.000 | Success 1000 = 0.989
I0502 16:12:07.523544 139579566835264 terminal.py:91] [Evaluator] Actor Episodes = 25830 | Actor Steps = 1291500 | Delta Dist = 11.195 | Delta Dist 10 = 11.188 | Delta Dist 100 = 11.828 | Delta Dist 1000 = 11.619 | Episode Length = 50 | Episode Return = 2.0 | Evaluator Episodes = 6547 | Evaluator Steps = 327350 | Final Dist = 1.611 | Final Dist 10 = 1.618 | Final Dist 100 = 0.978 | Final Dist 1000 = 1.187 | Init Dist = 12.806 | Init Dist 10 = 12.806 | Init Dist 100 = 12.806 | Init Dist 1000 = 12.806 | Learner Steps = 20022 | Learner Walltime = 3951.053 | Min Dist = 0.749 | Min Dist 10 = 0.838 | Min Dist 100 = 0.368 | Min Dist 1000 = 0.513 | Steps Per Second = 92.608 | Success = 1.000 | Success 1000 = 0.946
I0502 16:12:07.961919 139569349502528 terminal.py:91] [Actor] Actor Episodes = 25832 | Actor Steps = 1291600 | Delta Dist = 9.647 | Delta Dist 10 = 3.582 | Delta Dist 100 = 4.278 | Delta Dist 1000 = 4.683 | Episode Length = 50 | Episode Return = 24.0 | Evaluator Episodes = 6547 | Evaluator Steps = 327350 | Final Dist = 0.202 | Final Dist 10 = 2.893 | Final Dist 100 = 1.858 | Final Dist 1000 = 1.492 | Init Dist = 9.849 | Init Dist 10 = 6.476 | Init Dist 100 = 6.136 | Init Dist 1000 = 6.174 | Learner Steps = 20022 | Learner Walltime = 3951.053 | Min Dist = 0.032 | Min Dist 10 = 0.124 | Min Dist 100 = 0.290 | Min Dist 1000 = 0.229 | Steps Per Second = 79.413 | Success = 1.000 | Success 1000 = 0.989
I0502 16:12:08.574725 139579566835264 terminal.py:91] [Evaluator] Actor Episodes = 25836 | Actor Steps = 1291800 | Delta Dist = 12.443 | Delta Dist 10 = 11.061 | Delta Dist 100 = 11.822 | Delta Dist 1000 = 11.617 | Episode Length = 50 | Episode Return = 9.0 | Evaluator Episodes = 6549 | Evaluator Steps = 327450 | Final Dist = 0.364 | Final Dist 10 = 1.745 | Final Dist 100 = 0.984 | Final Dist 1000 = 1.189 | Init Dist = 12.806 | Init Dist 10 = 12.806 | Init Dist 100 = 12.806 | Init Dist 1000 = 12.806 | Learner Steps = 20028 | Learner Walltime = 3952.195 | Min Dist = 0.364 | Min Dist 10 = 0.951 | Min Dist 100 = 0.377 | Min Dist 1000 = 0.514 | Steps Per Second = 91.381 | Success = 1.000 | Success 1000 = 0.946
I0502 16:12:08.622602 139555013154368 terminal.py:91] [Learner] Actor Episodes = 25832 | Actor Loss = 3.6322824954986572 | Actor Steps = 1291600 | Binary Accuracy = 0.9960389137268066 | Categorical Accuracy = 0.4151611328125 | Critic Loss = 1.8404929637908936 | Entropy Mean = -19.769235610961914 | Evaluator Episodes = 6547 | Evaluator Steps = 327350 | Learner Steps = 20031 | Learner Walltime = 3952.822 | Logits Neg = -16.856029510498047 | Logits Pos = -1.8050272464752197 | Logsumexp = 1.177850604057312 | Steps Per Second = 338.728
I0502 16:12:09.753963 139579566835264 terminal.py:91] [Evaluator] Actor Episodes = 25842 | Actor Steps = 1292100 | Delta Dist = 12.421 | Delta Dist 10 = 11.099 | Delta Dist 100 = 11.834 | Delta Dist 1000 = 11.619 | Episode Length = 50 | Episode Return = 30.0 | Evaluator Episodes = 6551 | Evaluator Steps = 327550 | Final Dist = 0.385 | Final Dist 10 = 1.707 | Final Dist 100 = 0.972 | Final Dist 1000 = 1.188 | Init Dist = 12.806 | Init Dist 10 = 12.806 | Init Dist 100 = 12.806 | Init Dist 1000 = 12.806 | Learner Steps = 20033 | Learner Walltime = 3953.258 | Min Dist = 0.068 | Min Dist 10 = 0.984 | Min Dist 100 = 0.380 | Min Dist 1000 = 0.514 | Steps Per Second = 84.639 | Success = 1.000 | Success 1000 = 0.946
I0502 16:12:10.810646 139579566835264 terminal.py:91] [Evaluator] Actor Episodes = 25850 | Actor Steps = 1292500 | Delta Dist = 11.844 | Delta Dist 10 = 11.155 | Delta Dist 100 = 11.832 | Delta Dist 1000 = 11.619 | Episode Length = 50 | Episode Return = 14.0 | Evaluator Episodes = 6553 | Evaluator Steps = 327650 | Final Dist = 0.962 | Final Dist 10 = 1.651 | Final Dist 100 = 0.975 | Final Dist 1000 = 1.187 | Init Dist = 12.806 | Init Dist 10 = 12.806 | Init Dist 100 = 12.806 | Init Dist 1000 = 12.806 | Learner Steps = 20040 | Learner Walltime = 3954.498 | Min Dist = 0.450 | Min Dist 10 = 0.948 | Min Dist 100 = 0.377 | Min Dist 1000 = 0.514 | Steps Per Second = 101.765 | Success = 1.000 | Success 1000 = 0.946
I0502 16:12:11.918010 139579566835264 terminal.py:91] [Evaluator] Actor Episodes = 25856 | Actor Steps = 1292800 | Delta Dist = 11.743 | Delta Dist 10 = 11.187 | Delta Dist 100 = 11.822 | Delta Dist 1000 = 11.618 | Episode Length = 50 | Episode Return = 10.0 | Evaluator Episodes = 6555 | Evaluator Steps = 327750 | Final Dist = 1.063 | Final Dist 10 = 1.619 | Final Dist 100 = 0.984 | Final Dist 1000 = 1.188 | Init Dist = 12.806 | Init Dist 10 = 12.806 | Init Dist 100 = 12.806 | Init Dist 1000 = 12.806 | Learner Steps = 20047 | Learner Walltime = 3955.717 | Min Dist = 0.386 | Min Dist 10 = 0.975 | Min Dist 100 = 0.381 | Min Dist 1000 = 0.514 | Steps Per Second = 91.579 | Success = 1.000 | Success 1000 = 0.946
I0502 16:12:12.238833 139584504182336 lp_utils.py:96] StepsLimiter: Reached 1293100 recorded steps
I0502 16:12:13.157629 139579566835264 terminal.py:91] [Evaluator] Actor Episodes = 25864 | Actor Steps = 1293200 | Delta Dist = 11.919 | Delta Dist 10 = 11.801 | Delta Dist 100 = 11.819 | Delta Dist 1000 = 11.618 | Episode Length = 50 | Episode Return = 33.0 | Evaluator Episodes = 6557 | Evaluator Steps = 327850 | Final Dist = 0.887 | Final Dist 10 = 1.006 | Final Dist 100 = 0.988 | Final Dist 1000 = 1.188 | Init Dist = 12.806 | Init Dist 10 = 12.806 | Init Dist 100 = 12.806 | Init Dist 1000 = 12.806 | Learner Steps = 20053 | Learner Walltime = 3956.935 | Min Dist = 0.377 | Min Dist 10 = 0.353 | Min Dist 100 = 0.378 | Min Dist 1000 = 0.514 | Steps Per Second = 78.410 | Success = 1.000 | Success 1000 = 0.946
I0502 16:12:14.283070 139579566835264 terminal.py:91] [Evaluator] Actor Episodes = 25872 | Actor Steps = 1293600 | Delta Dist = 11.938 | Delta Dist 10 = 11.933 | Delta Dist 100 = 11.817 | Delta Dist 1000 = 11.618 | Episode Length = 50 | Episode Return = 33.0 | Evaluator Episodes = 6559 | Evaluator Steps = 327950 | Final Dist = 0.869 | Final Dist 10 = 0.874 | Final Dist 100 = 0.989 | Final Dist 1000 = 1.188 | Init Dist = 12.806 | Init Dist 10 = 12.806 | Init Dist 100 = 12.806 | Init Dist 1000 = 12.806 | Learner Steps = 20058 | Learner Walltime = 3958.113 | Min Dist = 0.180 | Min Dist 10 = 0.277 | Min Dist 100 = 0.383 | Min Dist 1000 = 0.515 | Steps Per Second = 90.542 | Success = 1.000 | Success 1000 = 0.946
I0502 16:12:14.522995 139558059398720 terminal.py:91] [Actor] Actor Episodes = 25876 | Actor Steps = 1293800 | Delta Dist = 5.753 | Delta Dist 10 = 4.004 | Delta Dist 100 = 4.440 | Delta Dist 1000 = 4.669 | Episode Length = 50 | Episode Return = 22.0 | Evaluator Episodes = 6559 | Evaluator Steps = 327950 | Final Dist = 1.247 | Final Dist 10 = 1.625 | Final Dist 100 = 1.501 | Final Dist 1000 = 1.471 | Init Dist = 7.000 | Init Dist 10 = 5.628 | Init Dist 100 = 5.941 | Init Dist 1000 = 6.140 | Learner Steps = 20058 | Learner Walltime = 3958.113 | Min Dist = 0.270 | Min Dist 10 = 0.051 | Min Dist 100 = 0.184 | Min Dist 1000 = 0.226 | Steps Per Second = 88.148 | Success = 1.000 | Success 1000 = 0.989
I0502 16:12:15.468944 139579566835264 terminal.py:91] [Evaluator] Actor Episodes = 25880 | Actor Steps = 1294000 | Delta Dist = 12.460 | Delta Dist 10 = 11.864 | Delta Dist 100 = 11.810 | Delta Dist 1000 = 11.618 | Episode Length = 50 | Episode Return = 12.0 | Evaluator Episodes = 6561 | Evaluator Steps = 328050 | Final Dist = 0.347 | Final Dist 10 = 0.942 | Final Dist 100 = 0.996 | Final Dist 1000 = 1.189 | Init Dist = 12.806 | Init Dist 10 = 12.806 | Init Dist 100 = 12.806 | Init Dist 1000 = 12.806 | Learner Steps = 20065 | Learner Walltime = 3959.369 | Min Dist = 0.048 | Min Dist 10 = 0.270 | Min Dist 100 = 0.383 | Min Dist 1000 = 0.515 | Steps Per Second = 94.599 | Success = 1.000 | Success 1000 = 0.946
I0502 16:12:16.253737 139555860620864 terminal.py:91] [Actor] Actor Episodes = 25883 | Actor Steps = 1294150 | Delta Dist = 7.966 | Delta Dist 10 = 5.924 | Delta Dist 100 = 4.603 | Delta Dist 1000 = 4.678 | Episode Length = 50 | Episode Return = 27.0 | Evaluator Episodes = 6561 | Evaluator Steps = 328050 | Final Dist = 0.097 | Final Dist 10 = 1.228 | Final Dist 100 = 1.514 | Final Dist 1000 = 1.466 | Init Dist = 8.062 | Init Dist 10 = 7.152 | Init Dist 100 = 6.117 | Init Dist 1000 = 6.143 | Learner Steps = 20065 | Learner Walltime = 3959.369 | Min Dist = 0.054 | Min Dist 10 = 0.140 | Min Dist 100 = 0.124 | Min Dist 1000 = 0.225 | Steps Per Second = 84.423 | Success = 1.000 | Success 1000 = 0.989
I0502 16:12:16.684582 139579566835264 terminal.py:91] [Evaluator] Actor Episodes = 25888 | Actor Steps = 1294400 | Delta Dist = 11.959 | Delta Dist 10 = 11.848 | Delta Dist 100 = 11.810 | Delta Dist 1000 = 11.618 | Episode Length = 50 | Episode Return = 24.0 | Evaluator Episodes = 6563 | Evaluator Steps = 328150 | Final Dist = 0.847 | Final Dist 10 = 0.958 | Final Dist 100 = 0.996 | Final Dist 1000 = 1.188 | Init Dist = 12.806 | Init Dist 10 = 12.806 | Init Dist 100 = 12.806 | Init Dist 1000 = 12.806 | Learner Steps = 20072 | Learner Walltime = 3960.635 | Min Dist = 0.189 | Min Dist 10 = 0.274 | Min Dist 100 = 0.379 | Min Dist 1000 = 0.515 | Steps Per Second = 81.323 | Success = 1.000 | Success 1000 = 0.946
I0502 16:12:17.109204 139557462840896 terminal.py:91] [Actor] Actor Episodes = 25894 | Actor Steps = 1294700 | Delta Dist = 1.237 | Delta Dist 10 = 5.901 | Delta Dist 100 = 4.573 | Delta Dist 1000 = 4.687 | Episode Length = 50 | Episode Return = 29.0 | Evaluator Episodes = 6563 | Evaluator Steps = 328150 | Final Dist = 0.177 | Final Dist 10 = 1.126 | Final Dist 100 = 1.544 | Final Dist 1000 = 1.463 | Init Dist = 1.414 | Init Dist 10 = 7.027 | Init Dist 100 = 6.117 | Init Dist 1000 = 6.149 | Learner Steps = 20072 | Learner Walltime = 3960.635 | Min Dist = 0.000 | Min Dist 10 = 0.128 | Min Dist 100 = 0.113 | Min Dist 1000 = 0.225 | Steps Per Second = 86.176 | Success = 1.000 | Success 1000 = 0.989
I0502 16:12:17.965242 139579566835264 terminal.py:91] [Evaluator] Actor Episodes = 25896 | Actor Steps = 1294800 | Delta Dist = 12.015 | Delta Dist 10 = 11.930 | Delta Dist 100 = 11.814 | Delta Dist 1000 = 11.619 | Episode Length = 50 | Episode Return = 22.0 | Evaluator Episodes = 6565 | Evaluator Steps = 328250 | Final Dist = 0.792 | Final Dist 10 = 0.876 | Final Dist 100 = 0.992 | Final Dist 1000 = 1.188 | Init Dist = 12.806 | Init Dist 10 = 12.806 | Init Dist 100 = 12.806 | Init Dist 1000 = 12.806 | Learner Steps = 20078 | Learner Walltime = 3961.736 | Min Dist = 0.067 | Min Dist 10 = 0.220 | Min Dist 100 = 0.380 | Min Dist 1000 = 0.515 | Steps Per Second = 77.089 | Success = 1.000 | Success 1000 = 0.946
I0502 16:12:18.321115 139569349502528 terminal.py:91] [Actor] Actor Episodes = 25897 | Actor Steps = 1294850 | Delta Dist = 0.772 | Delta Dist 10 = 5.661 | Delta Dist 100 = 4.602 | Delta Dist 1000 = 4.697 | Episode Length = 50 | Episode Return = 8.0 | Evaluator Episodes = 6563 | Evaluator Steps = 328150 | Final Dist = 1.228 | Final Dist 10 = 1.363 | Final Dist 100 = 1.562 | Final Dist 1000 = 1.466 | Init Dist = 2.000 | Init Dist 10 = 7.024 | Init Dist 100 = 6.163 | Init Dist 1000 = 6.163 | Learner Steps = 20078 | Learner Walltime = 3961.736 | Min Dist = 0.009 | Min Dist 10 = 0.105 | Min Dist 100 = 0.116 | Min Dist 1000 = 0.225 | Steps Per Second = 83.122 | Success = 1.000 | Success 1000 = 0.989
I0502 16:12:18.730226 139555013154368 terminal.py:91] [Learner] Actor Episodes = 25902 | Actor Loss = 3.64626407623291 | Actor Steps = 1295100 | Binary Accuracy = 0.9959919452667236 | Categorical Accuracy = 0.40679931640625 | Critic Loss = 1.9113426208496094 | Entropy Mean = -18.55252456665039 | Evaluator Episodes = 6565 | Evaluator Steps = 328250 | Learner Steps = 20084 | Learner Walltime = 3962.922 | Logits Neg = -16.821699142456055 | Logits Pos = -1.8730093240737915 | Logsumexp = 1.157789707183838 | Steps Per Second = 310.600
I0502 16:12:19.178647 139579566835264 terminal.py:91] [Evaluator] Actor Episodes = 25904 | Actor Steps = 1295200 | Delta Dist = 12.479 | Delta Dist 10 = 11.946 | Delta Dist 100 = 11.818 | Delta Dist 1000 = 11.618 | Episode Length = 50 | Episode Return = 22.0 | Evaluator Episodes = 6567 | Evaluator Steps = 328350 | Final Dist = 0.328 | Final Dist 10 = 0.861 | Final Dist 100 = 0.988 | Final Dist 1000 = 1.188 | Init Dist = 12.806 | Init Dist 10 = 12.806 | Init Dist 100 = 12.806 | Init Dist 1000 = 12.806 | Learner Steps = 20084 | Learner Walltime = 3962.922 | Min Dist = 0.181 | Min Dist 10 = 0.198 | Min Dist 100 = 0.378 | Min Dist 1000 = 0.515 | Steps Per Second = 80.890 | Success = 1.000 | Success 1000 = 0.946
I0502 16:12:20.425386 139579566835264 terminal.py:91] [Evaluator] Actor Episodes = 25912 | Actor Steps = 1295600 | Delta Dist = 11.395 | Delta Dist 10 = 12.088 | Delta Dist 100 = 11.893 | Delta Dist 1000 = 11.619 | Episode Length = 50 | Episode Return = 3.0 | Evaluator Episodes = 6569 | Evaluator Steps = 328450 | Final Dist = 1.412 | Final Dist 10 = 0.718 | Final Dist 100 = 0.914 | Final Dist 1000 = 1.187 | Init Dist = 12.806 | Init Dist 10 = 12.806 | Init Dist 100 = 12.806 | Init Dist 1000 = 12.806 | Learner Steps = 20089 | Learner Walltime = 3964.073 | Min Dist = 0.930 | Min Dist 10 = 0.164 | Min Dist 100 = 0.302 | Min Dist 1000 = 0.514 | Steps Per Second = 86.086 | Success = 1.000 | Success 1000 = 0.946
I0502 16:12:21.689649 139579566835264 terminal.py:91] [Evaluator] Actor Episodes = 25920 | Actor Steps = 1296000 | Delta Dist = 11.857 | Delta Dist 10 = 12.034 | Delta Dist 100 = 11.888 | Delta Dist 1000 = 11.624 | Episode Length = 50 | Episode Return = 24.0 | Evaluator Episodes = 6571 | Evaluator Steps = 328550 | Final Dist = 0.949 | Final Dist 10 = 0.772 | Final Dist 100 = 0.919 | Final Dist 1000 = 1.182 | Init Dist = 12.806 | Init Dist 10 = 12.806 | Init Dist 100 = 12.806 | Init Dist 1000 = 12.806 | Learner Steps = 20096 | Learner Walltime = 3965.101 | Min Dist = 0.158 | Min Dist 10 = 0.216 | Min Dist 100 = 0.302 | Min Dist 1000 = 0.509 | Steps Per Second = 79.197 | Success = 1.000 | Success 1000 = 0.947
I0502 16:12:22.255084 139584504182336 lp_utils.py:96] StepsLimiter: Reached 1296300 recorded steps
I0502 16:12:22.878297 139579566835264 terminal.py:91] [Evaluator] Actor Episodes = 25928 | Actor Steps = 1296400 | Delta Dist = 11.716 | Delta Dist 10 = 11.959 | Delta Dist 100 = 11.885 | Delta Dist 1000 = 11.624 | Episode Length = 50 | Episode Return = 14.0 | Evaluator Episodes = 6573 | Evaluator Steps = 328650 | Final Dist = 1.090 | Final Dist 10 = 0.847 | Final Dist 100 = 0.922 | Final Dist 1000 = 1.182 | Init Dist = 12.806 | Init Dist 10 = 12.806 | Init Dist 100 = 12.806 | Init Dist 1000 = 12.806 | Learner Steps = 20101 | Learner Walltime = 3966.324 | Min Dist = 0.167 | Min Dist 10 = 0.240 | Min Dist 100 = 0.300 | Min Dist 1000 = 0.509 | Steps Per Second = 79.639 | Success = 1.000 | Success 1000 = 0.947
I0502 16:12:24.070404 139579566835264 terminal.py:91] [Evaluator] Actor Episodes = 25936 | Actor Steps = 1296800 | Delta Dist = 11.166 | Delta Dist 10 = 11.954 | Delta Dist 100 = 11.885 | Delta Dist 1000 = 11.631 | Episode Length = 50 | Episode Return = 16.0 | Evaluator Episodes = 6575 | Evaluator Steps = 328750 | Final Dist = 1.640 | Final Dist 10 = 0.852 | Final Dist 100 = 0.921 | Final Dist 1000 = 1.176 | Init Dist = 12.806 | Init Dist 10 = 12.806 | Init Dist 100 = 12.806 | Init Dist 1000 = 12.806 | Learner Steps = 20107 | Learner Walltime = 3967.522 | Min Dist = 0.156 | Min Dist 10 = 0.261 | Min Dist 100 = 0.298 | Min Dist 1000 = 0.503 | Steps Per Second = 85.589 | Success = 1.000 | Success 1000 = 0.948
I0502 16:12:24.714797 139558059398720 terminal.py:91] [Actor] Actor Episodes = 25939 | Actor Steps = 1296950 | Delta Dist = 2.747 | Delta Dist 10 = 5.246 | Delta Dist 100 = 4.614 | Delta Dist 1000 = 4.677 | Episode Length = 50 | Episode Return = 38.0 | Evaluator Episodes = 6575 | Evaluator Steps = 328750 | Final Dist = 0.081 | Final Dist 10 = 1.628 | Final Dist 100 = 1.496 | Final Dist 1000 = 1.472 | Init Dist = 2.828 | Init Dist 10 = 6.874 | Init Dist 100 = 6.111 | Init Dist 1000 = 6.148 | Learner Steps = 20107 | Learner Walltime = 3967.522 | Min Dist = 0.007 | Min Dist 10 = 0.145 | Min Dist 100 = 0.099 | Min Dist 1000 = 0.205 | Steps Per Second = 82.566 | Success = 1.000 | Success 1000 = 0.989
I0502 16:12:25.301338 139579566835264 terminal.py:91] [Evaluator] Actor Episodes = 25944 | Actor Steps = 1297200 | Delta Dist = 12.641 | Delta Dist 10 = 11.852 | Delta Dist 100 = 11.873 | Delta Dist 1000 = 11.635 | Episode Length = 50 | Episode Return = 23.0 | Evaluator Episodes = 6577 | Evaluator Steps = 328850 | Final Dist = 0.165 | Final Dist 10 = 0.954 | Final Dist 100 = 0.933 | Final Dist 1000 = 1.171 | Init Dist = 12.806 | Init Dist 10 = 12.806 | Init Dist 100 = 12.806 | Init Dist 1000 = 12.806 | Learner Steps = 20112 | Learner Walltime = 3968.668 | Min Dist = 0.071 | Min Dist 10 = 0.264 | Min Dist 100 = 0.300 | Min Dist 1000 = 0.497 | Steps Per Second = 76.373 | Success = 1.000 | Success 1000 = 0.949
I0502 16:12:26.524507 139579566835264 terminal.py:91] [Evaluator] Actor Episodes = 25954 | Actor Steps = 1297700 | Delta Dist = 12.487 | Delta Dist 10 = 11.784 | Delta Dist 100 = 11.870 | Delta Dist 1000 = 11.636 | Episode Length = 50 | Episode Return = 27.0 | Evaluator Episodes = 6579 | Evaluator Steps = 328950 | Final Dist = 0.320 | Final Dist 10 = 1.022 | Final Dist 100 = 0.937 | Final Dist 1000 = 1.170 | Init Dist = 12.806 | Init Dist 10 = 12.806 | Init Dist 100 = 12.806 | Init Dist 1000 = 12.806 | Learner Steps = 20118 | Learner Walltime = 3969.708 | Min Dist = 0.224 | Min Dist 10 = 0.256 | Min Dist 100 = 0.298 | Min Dist 1000 = 0.496 | Steps Per Second = 82.321 | Success = 1.000 | Success 1000 = 0.949
I0502 16:12:26.706225 139555860620864 terminal.py:91] [Actor] Actor Episodes = 25956 | Actor Steps = 1297800 | Delta Dist = 2.937 | Delta Dist 10 = 5.342 | Delta Dist 100 = 4.689 | Delta Dist 1000 = 4.678 | Episode Length = 50 | Episode Return = 36.0 | Evaluator Episodes = 6579 | Evaluator Steps = 328950 | Final Dist = 0.225 | Final Dist 10 = 0.661 | Final Dist 100 = 1.380 | Final Dist 1000 = 1.454 | Init Dist = 3.162 | Init Dist 10 = 6.003 | Init Dist 100 = 6.069 | Init Dist 1000 = 6.133 | Learner Steps = 20118 | Learner Walltime = 3969.708 | Min Dist = 0.047 | Min Dist 10 = 0.068 | Min Dist 100 = 0.083 | Min Dist 1000 = 0.204 | Steps Per Second = 77.200 | Success = 1.000 | Success 1000 = 0.989
I0502 16:12:27.534892 139557462840896 terminal.py:91] [Actor] Actor Episodes = 25959 | Actor Steps = 1297950 | Delta Dist = 7.190 | Delta Dist 10 = 4.547 | Delta Dist 100 = 4.779 | Delta Dist 1000 = 4.686 | Episode Length = 50 | Episode Return = 7.0 | Evaluator Episodes = 6579 | Evaluator Steps = 328950 | Final Dist = 0.426 | Final Dist 10 = 1.354 | Final Dist 100 = 1.439 | Final Dist 1000 = 1.460 | Init Dist = 7.616 | Init Dist 10 = 5.901 | Init Dist 100 = 6.219 | Init Dist 1000 = 6.146 | Learner Steps = 20125 | Learner Walltime = 3971.027 | Min Dist = 0.032 | Min Dist 10 = 0.050 | Min Dist 100 = 0.082 | Min Dist 1000 = 0.204 | Steps Per Second = 80.415 | Success = 1.000 | Success 1000 = 0.989
I0502 16:12:27.650791 139579566835264 terminal.py:91] [Evaluator] Actor Episodes = 25962 | Actor Steps = 1298100 | Delta Dist = 11.909 | Delta Dist 10 = 11.890 | Delta Dist 100 = 11.873 | Delta Dist 1000 = 11.637 | Episode Length = 50 | Episode Return = 22.0 | Evaluator Episodes = 6581 | Evaluator Steps = 329050 | Final Dist = 0.897 | Final Dist 10 = 0.917 | Final Dist 100 = 0.933 | Final Dist 1000 = 1.170 | Init Dist = 12.806 | Init Dist 10 = 12.806 | Init Dist 100 = 12.806 | Init Dist 1000 = 12.806 | Learner Steps = 20125 | Learner Walltime = 3971.027 | Min Dist = 0.028 | Min Dist 10 = 0.205 | Min Dist 100 = 0.296 | Min Dist 1000 = 0.497 | Steps Per Second = 94.986 | Success = 1.000 | Success 1000 = 0.949
I0502 16:12:28.570091 139569349502528 terminal.py:91] [Actor] Actor Episodes = 25968 | Actor Steps = 1298400 | Delta Dist = 4.887 | Delta Dist 10 = 4.344 | Delta Dist 100 = 4.871 | Delta Dist 1000 = 4.687 | Episode Length = 50 | Episode Return = 32.0 | Evaluator Episodes = 6581 | Evaluator Steps = 329050 | Final Dist = 1.113 | Final Dist 10 = 1.621 | Final Dist 100 = 1.321 | Final Dist 1000 = 1.463 | Init Dist = 6.000 | Init Dist 10 = 5.965 | Init Dist 100 = 6.192 | Init Dist 1000 = 6.150 | Learner Steps = 20131 | Learner Walltime = 3972.207 | Min Dist = 0.100 | Min Dist 10 = 0.069 | Min Dist 100 = 0.083 | Min Dist 1000 = 0.204 | Steps Per Second = 83.562 | Success = 1.000 | Success 1000 = 0.989
I0502 16:12:28.862251 139555013154368 terminal.py:91] [Learner] Actor Episodes = 25964 | Actor Loss = 3.539801597595215 | Actor Steps = 1298200 | Binary Accuracy = 0.9960851669311523 | Categorical Accuracy = 0.42578125 | Critic Loss = 1.83955979347229 | Entropy Mean = -20.45241928100586 | Evaluator Episodes = 6581 | Evaluator Steps = 329050 | Learner Steps = 20136 | Learner Walltime = 3973.056 | Logits Neg = -16.763511657714844 | Logits Pos = -1.8173882961273193 | Logsumexp = 1.1014758348464966 | Steps Per Second = 342.101
I0502 16:12:28.945598 139579566835264 terminal.py:91] [Evaluator] Actor Episodes = 25970 | Actor Steps = 1298500 | Delta Dist = 12.562 | Delta Dist 10 = 11.930 | Delta Dist 100 = 11.881 | Delta Dist 1000 = 11.638 | Episode Length = 50 | Episode Return = 31.0 | Evaluator Episodes = 6583 | Evaluator Steps = 329150 | Final Dist = 0.244 | Final Dist 10 = 0.876 | Final Dist 100 = 0.925 | Final Dist 1000 = 1.168 | Init Dist = 12.806 | Init Dist 10 = 12.806 | Init Dist 100 = 12.806 | Init Dist 1000 = 12.806 | Learner Steps = 20131 | Learner Walltime = 3972.207 | Min Dist = 0.086 | Min Dist 10 = 0.166 | Min Dist 100 = 0.287 | Min Dist 1000 = 0.496 | Steps Per Second = 72.446 | Success = 1.000 | Success 1000 = 0.949
I0502 16:12:30.014226 139579566835264 terminal.py:91] [Evaluator] Actor Episodes = 25976 | Actor Steps = 1298800 | Delta Dist = 11.714 | Delta Dist 10 = 11.932 | Delta Dist 100 = 11.883 | Delta Dist 1000 = 11.639 | Episode Length = 50 | Episode Return = 1.0 | Evaluator Episodes = 6585 | Evaluator Steps = 329250 | Final Dist = 1.092 | Final Dist 10 = 0.874 | Final Dist 100 = 0.923 | Final Dist 1000 = 1.168 | Init Dist = 12.806 | Init Dist 10 = 12.806 | Init Dist 100 = 12.806 | Init Dist 1000 = 12.806 | Learner Steps = 20138 | Learner Walltime = 3973.518 | Min Dist = 0.773 | Min Dist 10 = 0.147 | Min Dist 100 = 0.284 | Min Dist 1000 = 0.495 | Steps Per Second = 110.161 | Success = 1.000 | Success 1000 = 0.949
I0502 16:12:31.015946 139579566835264 terminal.py:91] [Evaluator] Actor Episodes = 25984 | Actor Steps = 1299200 | Delta Dist = 11.830 | Delta Dist 10 = 12.028 | Delta Dist 100 = 11.875 | Delta Dist 1000 = 11.638 | Episode Length = 50 | Episode Return = 18.0 | Evaluator Episodes = 6587 | Evaluator Steps = 329350 | Final Dist = 0.977 | Final Dist 10 = 0.778 | Final Dist 100 = 0.931 | Final Dist 1000 = 1.169 | Init Dist = 12.806 | Init Dist 10 = 12.806 | Init Dist 100 = 12.806 | Init Dist 1000 = 12.806 | Learner Steps = 20143 | Learner Walltime = 3974.598 | Min Dist = 0.303 | Min Dist 10 = 0.226 | Min Dist 100 = 0.291 | Min Dist 1000 = 0.496 | Steps Per Second = 95.720 | Success = 1.000 | Success 1000 = 0.949
I0502 16:12:32.167740 139579566835264 terminal.py:91] [Evaluator] Actor Episodes = 25990 | Actor Steps = 1299500 | Delta Dist = 11.829 | Delta Dist 10 = 12.015 | Delta Dist 100 = 11.867 | Delta Dist 1000 = 11.638 | Episode Length = 50 | Episode Return = 17.0 | Evaluator Episodes = 6589 | Evaluator Steps = 329450 | Final Dist = 0.977 | Final Dist 10 = 0.791 | Final Dist 100 = 0.939 | Final Dist 1000 = 1.168 | Init Dist = 12.806 | Init Dist 10 = 12.806 | Init Dist 100 = 12.806 | Init Dist 1000 = 12.806 | Learner Steps = 20150 | Learner Walltime = 3975.885 | Min Dist = 0.432 | Min Dist 10 = 0.253 | Min Dist 100 = 0.293 | Min Dist 1000 = 0.497 | Steps Per Second = 93.929 | Success = 1.000 | Success 1000 = 0.949
I0502 16:12:32.275515 139584504182336 lp_utils.py:96] StepsLimiter: Reached 1299700 recorded steps
I0502 16:12:33.405686 139579566835264 terminal.py:91] [Evaluator] Actor Episodes = 25998 | Actor Steps = 1299900 | Delta Dist = 12.408 | Delta Dist 10 = 11.962 | Delta Dist 100 = 11.879 | Delta Dist 1000 = 11.639 | Episode Length = 50 | Episode Return = 31.0 | Evaluator Episodes = 6591 | Evaluator Steps = 329550 | Final Dist = 0.398 | Final Dist 10 = 0.844 | Final Dist 100 = 0.928 | Final Dist 1000 = 1.167 | Init Dist = 12.806 | Init Dist 10 = 12.806 | Init Dist 100 = 12.806 | Init Dist 1000 = 12.806 | Learner Steps = 20156 | Learner Walltime = 3977.106 | Min Dist = 0.326 | Min Dist 10 = 0.257 | Min Dist 100 = 0.293 | Min Dist 1000 = 0.497 | Steps Per Second = 81.341 | Success = 1.000 | Success 1000 = 0.949
I0502 16:12:34.560897 139579566835264 terminal.py:91] [Evaluator] Actor Episodes = 26006 | Actor Steps = 1300300 | Delta Dist = 12.436 | Delta Dist 10 = 11.956 | Delta Dist 100 = 11.884 | Delta Dist 1000 = 11.644 | Episode Length = 50 | Episode Return = 19.0 | Evaluator Episodes = 6593 | Evaluator Steps = 329650 | Final Dist = 0.370 | Final Dist 10 = 0.850 | Final Dist 100 = 0.922 | Final Dist 1000 = 1.162 | Init Dist = 12.806 | Init Dist 10 = 12.806 | Init Dist 100 = 12.806 | Init Dist 1000 = 12.806 | Learner Steps = 20163 | Learner Walltime = 3978.223 | Min Dist = 0.138 | Min Dist 10 = 0.294 | Min Dist 100 = 0.296 | Min Dist 1000 = 0.493 | Steps Per Second = 90.588 | Success = 1.000 | Success 1000 = 0.950
I0502 16:12:35.228650 139558059398720 terminal.py:91] [Actor] Actor Episodes = 26009 | Actor Steps = 1300450 | Delta Dist = 5.982 | Delta Dist 10 = 5.883 | Delta Dist 100 = 4.773 | Delta Dist 1000 = 4.724 | Episode Length = 50 | Episode Return = 35.0 | Evaluator Episodes = 6593 | Evaluator Steps = 329650 | Final Dist = 0.421 | Final Dist 10 = 0.799 | Final Dist 100 = 1.402 | Final Dist 1000 = 1.445 | Init Dist = 6.403 | Init Dist 10 = 6.683 | Init Dist 100 = 6.175 | Init Dist 1000 = 6.169 | Learner Steps = 20163 | Learner Walltime = 3978.223 | Min Dist = 0.029 | Min Dist 10 = 0.075 | Min Dist 100 = 0.078 | Min Dist 1000 = 0.186 | Steps Per Second = 85.875 | Success = 1.000 | Success 1000 = 0.989
I0502 16:12:35.704404 139579566835264 terminal.py:91] [Evaluator] Actor Episodes = 26014 | Actor Steps = 1300700 | Delta Dist = 11.577 | Delta Dist 10 = 11.982 | Delta Dist 100 = 11.898 | Delta Dist 1000 = 11.644 | Episode Length = 50 | Episode Return = 17.0 | Evaluator Episodes = 6595 | Evaluator Steps = 329750 | Final Dist = 1.229 | Final Dist 10 = 0.824 | Final Dist 100 = 0.908 | Final Dist 1000 = 1.163 | Init Dist = 12.806 | Init Dist 10 = 12.806 | Init Dist 100 = 12.806 | Init Dist 1000 = 12.806 | Learner Steps = 20169 | Learner Walltime = 3979.343 | Min Dist = 0.076 | Min Dist 10 = 0.301 | Min Dist 100 = 0.288 | Min Dist 1000 = 0.493 | Steps Per Second = 88.433 | Success = 1.000 | Success 1000 = 0.950
I0502 16:12:36.937323 139555860620864 terminal.py:91] [Actor] Actor Episodes = 26021 | Actor Steps = 1301050 | Delta Dist = 4.604 | Delta Dist 10 = 3.133 | Delta Dist 100 = 4.668 | Delta Dist 1000 = 4.717 | Episode Length = 50 | Episode Return = 22.0 | Evaluator Episodes = 6595 | Evaluator Steps = 329750 | Final Dist = 1.721 | Final Dist 10 = 1.621 | Final Dist 100 = 1.362 | Final Dist 1000 = 1.442 | Init Dist = 6.325 | Init Dist 10 = 4.754 | Init Dist 100 = 6.030 | Init Dist 1000 = 6.158 | Learner Steps = 20174 | Learner Walltime = 3980.404 | Min Dist = 0.123 | Min Dist 10 = 0.303 | Min Dist 100 = 0.105 | Min Dist 1000 = 0.182 | Steps Per Second = 77.887 | Success = 1.000 | Success 1000 = 0.989
I0502 16:12:36.974827 139579566835264 terminal.py:91] [Evaluator] Actor Episodes = 26022 | Actor Steps = 1301100 | Delta Dist = 11.946 | Delta Dist 10 = 12.036 | Delta Dist 100 = 11.909 | Delta Dist 1000 = 11.643 | Episode Length = 50 | Episode Return = 11.0 | Evaluator Episodes = 6597 | Evaluator Steps = 329850 | Final Dist = 0.860 | Final Dist 10 = 0.770 | Final Dist 100 = 0.897 | Final Dist 1000 = 1.163 | Init Dist = 12.806 | Init Dist 10 = 12.806 | Init Dist 100 = 12.806 | Init Dist 1000 = 12.806 | Learner Steps = 20174 | Learner Walltime = 3980.404 | Min Dist = 0.341 | Min Dist 10 = 0.197 | Min Dist 100 = 0.286 | Min Dist 1000 = 0.493 | Steps Per Second = 75.502 | Success = 1.000 | Success 1000 = 0.950
I0502 16:12:38.055342 139557462840896 terminal.py:91] [Actor] Actor Episodes = 26030 | Actor Steps = 1301500 | Delta Dist = 8.555 | Delta Dist 10 = 4.849 | Delta Dist 100 = 4.748 | Delta Dist 1000 = 4.736 | Episode Length = 50 | Episode Return = 17.0 | Evaluator Episodes = 6597 | Evaluator Steps = 329850 | Final Dist = 0.664 | Final Dist 10 = 1.452 | Final Dist 100 = 1.306 | Final Dist 1000 = 1.439 | Init Dist = 9.220 | Init Dist 10 = 6.301 | Init Dist 100 = 6.054 | Init Dist 1000 = 6.175 | Learner Steps = 20179 | Learner Walltime = 3981.504 | Min Dist = 0.233 | Min Dist 10 = 0.126 | Min Dist 100 = 0.106 | Min Dist 1000 = 0.175 | Steps Per Second = 79.396 | Success = 1.000 | Success 1000 = 0.989
I0502 16:12:38.198037 139579566835264 terminal.py:91] [Evaluator] Actor Episodes = 26030 | Actor Steps = 1301500 | Delta Dist = 12.319 | Delta Dist 10 = 12.036 | Delta Dist 100 = 11.904 | Delta Dist 1000 = 11.642 | Episode Length = 50 | Episode Return = 24.0 | Evaluator Episodes = 6599 | Evaluator Steps = 329950 | Final Dist = 0.487 | Final Dist 10 = 0.771 | Final Dist 100 = 0.902 | Final Dist 1000 = 1.164 | Init Dist = 12.806 | Init Dist 10 = 12.806 | Init Dist 100 = 12.806 | Init Dist 1000 = 12.806 | Learner Steps = 20179 | Learner Walltime = 3981.504 | Min Dist = 0.055 | Min Dist 10 = 0.224 | Min Dist 100 = 0.290 | Min Dist 1000 = 0.493 | Steps Per Second = 78.770 | Success = 1.000 | Success 1000 = 0.950
I0502 16:12:38.995164 139555013154368 terminal.py:91] [Learner] Actor Episodes = 26030 | Actor Loss = 3.657193422317505 | Actor Steps = 1301500 | Binary Accuracy = 0.9959886074066162 | Categorical Accuracy = 0.4219970703125 | Critic Loss = 1.8383393287658691 | Entropy Mean = -19.156681060791016 | Evaluator Episodes = 6599 | Evaluator Steps = 329950 | Learner Steps = 20187 | Learner Walltime = 3983.193 | Logits Neg = -17.0428466796875 | Logits Pos = -1.825339913368225 | Logsumexp = 1.1213512420654297 | Steps Per Second = 186.188
I0502 16:12:39.183631 139569349502528 terminal.py:91] [Actor] Actor Episodes = 26033 | Actor Steps = 1301650 | Delta Dist = 8.211 | Delta Dist 10 = 4.694 | Delta Dist 100 = 4.795 | Delta Dist 1000 = 4.735 | Episode Length = 50 | Episode Return = 16.0 | Evaluator Episodes = 6599 | Evaluator Steps = 329950 | Final Dist = 1.008 | Final Dist 10 = 1.273 | Final Dist 100 = 1.264 | Final Dist 1000 = 1.432 | Init Dist = 9.220 | Init Dist 10 = 5.967 | Init Dist 100 = 6.059 | Init Dist 1000 = 6.168 | Learner Steps = 20184 | Learner Walltime = 3982.531 | Min Dist = 0.059 | Min Dist 10 = 0.091 | Min Dist 100 = 0.100 | Min Dist 1000 = 0.175 | Steps Per Second = 72.769 | Success = 1.000 | Success 1000 = 0.989
I0502 16:12:39.474345 139579566835264 terminal.py:91] [Evaluator] Actor Episodes = 26038 | Actor Steps = 1301900 | Delta Dist = 11.971 | Delta Dist 10 = 12.119 | Delta Dist 100 = 11.905 | Delta Dist 1000 = 11.643 | Episode Length = 50 | Episode Return = 30.0 | Evaluator Episodes = 6601 | Evaluator Steps = 330050 | Final Dist = 0.835 | Final Dist 10 = 0.687 | Final Dist 100 = 0.901 | Final Dist 1000 = 1.163 | Init Dist = 12.806 | Init Dist 10 = 12.806 | Init Dist 100 = 12.806 | Init Dist 1000 = 12.806 | Learner Steps = 20184 | Learner Walltime = 3982.531 | Min Dist = 0.157 | Min Dist 10 = 0.174 | Min Dist 100 = 0.288 | Min Dist 1000 = 0.493 | Steps Per Second = 77.986 | Success = 1.000 | Success 1000 = 0.950
I0502 16:12:40.628111 139579566835264 terminal.py:91] [Evaluator] Actor Episodes = 26046 | Actor Steps = 1302300 | Delta Dist = 11.849 | Delta Dist 10 = 12.099 | Delta Dist 100 = 11.908 | Delta Dist 1000 = 11.643 | Episode Length = 50 | Episode Return = 23.0 | Evaluator Episodes = 6603 | Evaluator Steps = 330150 | Final Dist = 0.957 | Final Dist 10 = 0.707 | Final Dist 100 = 0.899 | Final Dist 1000 = 1.163 | Init Dist = 12.806 | Init Dist 10 = 12.806 | Init Dist 100 = 12.806 | Init Dist 1000 = 12.806 | Learner Steps = 20190 | Learner Walltime = 3983.817 | Min Dist = 0.287 | Min Dist 10 = 0.151 | Min Dist 100 = 0.288 | Min Dist 1000 = 0.493 | Steps Per Second = 84.167 | Success = 1.000 | Success 1000 = 0.950
I0502 16:12:41.919386 139579566835264 terminal.py:91] [Evaluator] Actor Episodes = 26054 | Actor Steps = 1302700 | Delta Dist = 12.355 | Delta Dist 10 = 12.044 | Delta Dist 100 = 11.901 | Delta Dist 1000 = 11.643 | Episode Length = 50 | Episode Return = 14.0 | Evaluator Episodes = 6605 | Evaluator Steps = 330250 | Final Dist = 0.451 | Final Dist 10 = 0.762 | Final Dist 100 = 0.905 | Final Dist 1000 = 1.164 | Init Dist = 12.806 | Init Dist 10 = 12.806 | Init Dist 100 = 12.806 | Init Dist 1000 = 12.806 | Learner Steps = 20201 | Learner Walltime = 3985.934 | Min Dist = 0.368 | Min Dist 10 = 0.220 | Min Dist 100 = 0.292 | Min Dist 1000 = 0.494 | Steps Per Second = 82.694 | Success = 1.000 | Success 1000 = 0.950
I0502 16:12:42.294542 139584504182336 lp_utils.py:96] StepsLimiter: Reached 1302800 recorded steps
I0502 16:12:43.095160 139579566835264 terminal.py:91] [Evaluator] Actor Episodes = 26060 | Actor Steps = 1303000 | Delta Dist = 11.884 | Delta Dist 10 = 11.993 | Delta Dist 100 = 11.901 | Delta Dist 1000 = 11.641 | Episode Length = 50 | Episode Return = 17.0 | Evaluator Episodes = 6607 | Evaluator Steps = 330350 | Final Dist = 0.922 | Final Dist 10 = 0.813 | Final Dist 100 = 0.905 | Final Dist 1000 = 1.165 | Init Dist = 12.806 | Init Dist 10 = 12.806 | Init Dist 100 = 12.806 | Init Dist 1000 = 12.806 | Learner Steps = 20207 | Learner Walltime = 3987.004 | Min Dist = 0.095 | Min Dist 10 = 0.252 | Min Dist 100 = 0.288 | Min Dist 1000 = 0.494 | Steps Per Second = 90.176 | Success = 1.000 | Success 1000 = 0.950
I0502 16:12:44.282337 139579566835264 terminal.py:91] [Evaluator] Actor Episodes = 26068 | Actor Steps = 1303400 | Delta Dist = 12.356 | Delta Dist 10 = 11.930 | Delta Dist 100 = 11.893 | Delta Dist 1000 = 11.642 | Episode Length = 50 | Episode Return = 1.0 | Evaluator Episodes = 6609 | Evaluator Steps = 330450 | Final Dist = 0.450 | Final Dist 10 = 0.877 | Final Dist 100 = 0.913 | Final Dist 1000 = 1.164 | Init Dist = 12.806 | Init Dist 10 = 12.806 | Init Dist 100 = 12.806 | Init Dist 1000 = 12.806 | Learner Steps = 20211 | Learner Walltime = 3988.014 | Min Dist = 0.450 | Min Dist 10 = 0.198 | Min Dist 100 = 0.287 | Min Dist 1000 = 0.493 | Steps Per Second = 84.883 | Success = 1.000 | Success 1000 = 0.950
I0502 16:12:45.416019 139579566835264 terminal.py:91] [Evaluator] Actor Episodes = 26076 | Actor Steps = 1303800 | Delta Dist = 11.305 | Delta Dist 10 = 11.953 | Delta Dist 100 = 11.905 | Delta Dist 1000 = 11.642 | Episode Length = 50 | Episode Return = 21.0 | Evaluator Episodes = 6611 | Evaluator Steps = 330550 | Final Dist = 1.501 | Final Dist 10 = 0.853 | Final Dist 100 = 0.901 | Final Dist 1000 = 1.164 | Init Dist = 12.806 | Init Dist 10 = 12.806 | Init Dist 100 = 12.806 | Init Dist 1000 = 12.806 | Learner Steps = 20218 | Learner Walltime = 3989.248 | Min Dist = 0.111 | Min Dist 10 = 0.234 | Min Dist 100 = 0.289 | Min Dist 1000 = 0.493 | Steps Per Second = 85.231 | Success = 1.000 | Success 1000 = 0.950
I0502 16:12:45.482482 139558059398720 terminal.py:91] [Actor] Actor Episodes = 26075 | Actor Steps = 1303750 | Delta Dist = 10.048 | Delta Dist 10 = 3.858 | Delta Dist 100 = 4.886 | Delta Dist 1000 = 4.744 | Episode Length = 50 | Episode Return = 13.0 | Evaluator Episodes = 6609 | Evaluator Steps = 330450 | Final Dist = 0.723 | Final Dist 10 = 1.986 | Final Dist 100 = 1.336 | Final Dist 1000 = 1.447 | Init Dist = 10.770 | Init Dist 10 = 5.844 | Init Dist 100 = 6.222 | Init Dist 1000 = 6.191 | Learner Steps = 20211 | Learner Walltime = 3988.014 | Min Dist = 0.018 | Min Dist 10 = 0.080 | Min Dist 100 = 0.104 | Min Dist 1000 = 0.167 | Steps Per Second = 85.413 | Success = 1.000 | Success 1000 = 0.990
I0502 16:12:46.733311 139579566835264 terminal.py:91] [Evaluator] Actor Episodes = 26084 | Actor Steps = 1304200 | Delta Dist = 11.928 | Delta Dist 10 = 11.811 | Delta Dist 100 = 11.883 | Delta Dist 1000 = 11.640 | Episode Length = 50 | Episode Return = 31.0 | Evaluator Episodes = 6613 | Evaluator Steps = 330650 | Final Dist = 0.878 | Final Dist 10 = 0.995 | Final Dist 100 = 0.923 | Final Dist 1000 = 1.166 | Init Dist = 12.806 | Init Dist 10 = 12.806 | Init Dist 100 = 12.806 | Init Dist 1000 = 12.806 | Learner Steps = 20223 | Learner Walltime = 3990.404 | Min Dist = 0.057 | Min Dist 10 = 0.234 | Min Dist 100 = 0.288 | Min Dist 1000 = 0.493 | Steps Per Second = 69.296 | Success = 1.000 | Success 1000 = 0.950
I0502 16:12:47.446492 139555860620864 terminal.py:91] [Actor] Actor Episodes = 26090 | Actor Steps = 1304500 | Delta Dist = 8.380 | Delta Dist 10 = 4.035 | Delta Dist 100 = 4.936 | Delta Dist 1000 = 4.735 | Episode Length = 50 | Episode Return = 37.0 | Evaluator Episodes = 6613 | Evaluator Steps = 330650 | Final Dist = 0.675 | Final Dist 10 = 1.452 | Final Dist 100 = 1.270 | Final Dist 1000 = 1.453 | Init Dist = 9.055 | Init Dist 10 = 5.487 | Init Dist 100 = 6.206 | Init Dist 1000 = 6.188 | Learner Steps = 20223 | Learner Walltime = 3990.404 | Min Dist = 0.101 | Min Dist 10 = 0.041 | Min Dist 100 = 0.102 | Min Dist 1000 = 0.166 | Steps Per Second = 96.617 | Success = 1.000 | Success 1000 = 0.990
I0502 16:12:47.988437 139579566835264 terminal.py:91] [Evaluator] Actor Episodes = 26092 | Actor Steps = 1304600 | Delta Dist = 12.280 | Delta Dist 10 = 11.859 | Delta Dist 100 = 11.889 | Delta Dist 1000 = 11.641 | Episode Length = 50 | Episode Return = 30.0 | Evaluator Episodes = 6615 | Evaluator Steps = 330750 | Final Dist = 0.526 | Final Dist 10 = 0.947 | Final Dist 100 = 0.918 | Final Dist 1000 = 1.165 | Init Dist = 12.806 | Init Dist 10 = 12.806 | Init Dist 100 = 12.806 | Init Dist 1000 = 12.806 | Learner Steps = 20229 | Learner Walltime = 3991.739 | Min Dist = 0.143 | Min Dist 10 = 0.148 | Min Dist 100 = 0.282 | Min Dist 1000 = 0.493 | Steps Per Second = 81.426 | Success = 1.000 | Success 1000 = 0.950
I0502 16:12:48.080265 139557462840896 terminal.py:91] [Actor] Actor Episodes = 26096 | Actor Steps = 1304800 | Delta Dist = 0.597 | Delta Dist 10 = 3.293 | Delta Dist 100 = 4.885 | Delta Dist 1000 = 4.731 | Episode Length = 50 | Episode Return = 40.0 | Evaluator Episodes = 6615 | Evaluator Steps = 330750 | Final Dist = 5.486 | Final Dist 10 = 2.855 | Final Dist 100 = 1.440 | Final Dist 1000 = 1.470 | Init Dist = 6.083 | Init Dist 10 = 6.147 | Init Dist 100 = 6.325 | Init Dist 1000 = 6.202 | Learner Steps = 20229 | Learner Walltime = 3991.739 | Min Dist = 0.163 | Min Dist 10 = 1.580 | Min Dist 100 = 0.255 | Min Dist 1000 = 0.181 | Steps Per Second = 76.144 | Success = 1.000 | Success 1000 = 0.989
I0502 16:12:49.191097 139579566835264 terminal.py:91] [Evaluator] Actor Episodes = 26100 | Actor Steps = 1305000 | Delta Dist = 12.243 | Delta Dist 10 = 11.947 | Delta Dist 100 = 11.883 | Delta Dist 1000 = 11.642 | Episode Length = 50 | Episode Return = 16.0 | Evaluator Episodes = 6617 | Evaluator Steps = 330850 | Final Dist = 0.563 | Final Dist 10 = 0.859 | Final Dist 100 = 0.923 | Final Dist 1000 = 1.164 | Init Dist = 12.806 | Init Dist 10 = 12.806 | Init Dist 100 = 12.806 | Init Dist 1000 = 12.806 | Learner Steps = 20236 | Learner Walltime = 3992.880 | Min Dist = 0.496 | Min Dist 10 = 0.125 | Min Dist 100 = 0.281 | Min Dist 1000 = 0.492 | Steps Per Second = 80.708 | Success = 1.000 | Success 1000 = 0.950
I0502 16:12:49.224641 139569349502528 terminal.py:91] [Actor] Actor Episodes = 26102 | Actor Steps = 1305100 | Delta Dist = 4.688 | Delta Dist 10 = 3.698 | Delta Dist 100 = 4.735 | Delta Dist 1000 = 4.739 | Episode Length = 50 | Episode Return = 31.0 | Evaluator Episodes = 6617 | Evaluator Steps = 330850 | Final Dist = 0.312 | Final Dist 10 = 2.457 | Final Dist 100 = 1.453 | Final Dist 1000 = 1.473 | Init Dist = 5.000 | Init Dist 10 = 6.154 | Init Dist 100 = 6.188 | Init Dist 1000 = 6.212 | Learner Steps = 20236 | Learner Walltime = 3992.880 | Min Dist = 0.170 | Min Dist 10 = 1.717 | Min Dist 100 = 0.346 | Min Dist 1000 = 0.184 | Steps Per Second = 78.453 | Success = 1.000 | Success 1000 = 0.989
I0502 16:12:49.426171 139555013154368 terminal.py:91] [Learner] Actor Episodes = 26098 | Actor Loss = 3.5609076023101807 | Actor Steps = 1304900 | Binary Accuracy = 0.9960758686065674 | Categorical Accuracy = 0.42816162109375 | Critic Loss = 1.7893657684326172 | Entropy Mean = -20.667003631591797 | Evaluator Episodes = 6615 | Evaluator Steps = 330750 | Learner Steps = 20240 | Learner Walltime = 3993.623 | Logits Neg = -17.301509857177734 | Logits Pos = -1.7637724876403809 | Logsumexp = 1.1584880352020264 | Steps Per Second = 123.190
I0502 16:12:50.384039 139579566835264 terminal.py:91] [Evaluator] Actor Episodes = 26110 | Actor Steps = 1305500 | Delta Dist = 11.478 | Delta Dist 10 = 12.054 | Delta Dist 100 = 11.883 | Delta Dist 1000 = 11.643 | Episode Length = 50 | Episode Return = 22.0 | Evaluator Episodes = 6619 | Evaluator Steps = 330950 | Final Dist = 1.328 | Final Dist 10 = 0.752 | Final Dist 100 = 0.923 | Final Dist 1000 = 1.163 | Init Dist = 12.806 | Init Dist 10 = 12.806 | Init Dist 100 = 12.806 | Init Dist 1000 = 12.806 | Learner Steps = 20243 | Learner Walltime = 3994.252 | Min Dist = 0.103 | Min Dist 10 = 0.166 | Min Dist 100 = 0.285 | Min Dist 1000 = 0.493 | Steps Per Second = 88.655 | Success = 1.000 | Success 1000 = 0.950
I0502 16:12:51.541967 139579566835264 terminal.py:91] [Evaluator] Actor Episodes = 26116 | Actor Steps = 1305800 | Delta Dist = 11.802 | Delta Dist 10 = 11.873 | Delta Dist 100 = 11.865 | Delta Dist 1000 = 11.642 | Episode Length = 50 | Episode Return = 28.0 | Evaluator Episodes = 6621 | Evaluator Steps = 331050 | Final Dist = 1.004 | Final Dist 10 = 0.934 | Final Dist 100 = 0.941 | Final Dist 1000 = 1.164 | Init Dist = 12.806 | Init Dist 10 = 12.806 | Init Dist 100 = 12.806 | Init Dist 1000 = 12.806 | Learner Steps = 20249 | Learner Walltime = 3995.330 | Min Dist = 0.227 | Min Dist 10 = 0.157 | Min Dist 100 = 0.286 | Min Dist 1000 = 0.493 | Steps Per Second = 90.067 | Success = 1.000 | Success 1000 = 0.950
I0502 16:12:52.316285 139584504182336 lp_utils.py:96] StepsLimiter: Reached 1306200 recorded steps
I0502 16:12:52.659615 139579566835264 terminal.py:91] [Evaluator] Actor Episodes = 26124 | Actor Steps = 1306200 | Delta Dist = 11.871 | Delta Dist 10 = 12.054 | Delta Dist 100 = 11.880 | Delta Dist 1000 = 11.651 | Episode Length = 50 | Episode Return = 22.0 | Evaluator Episodes = 6623 | Evaluator Steps = 331150 | Final Dist = 0.935 | Final Dist 10 = 0.752 | Final Dist 100 = 0.926 | Final Dist 1000 = 1.155 | Init Dist = 12.806 | Init Dist 10 = 12.806 | Init Dist 100 = 12.806 | Init Dist 1000 = 12.806 | Learner Steps = 20255 | Learner Walltime = 3996.469 | Min Dist = 0.145 | Min Dist 10 = 0.169 | Min Dist 100 = 0.286 | Min Dist 1000 = 0.485 | Steps Per Second = 88.126 | Success = 1.000 | Success 1000 = 0.951
I0502 16:12:54.088473 139579566835264 terminal.py:91] [Evaluator] Actor Episodes = 26132 | Actor Steps = 1306600 | Delta Dist = 12.689 | Delta Dist 10 = 12.088 | Delta Dist 100 = 11.897 | Delta Dist 1000 = 11.652 | Episode Length = 50 | Episode Return = 22.0 | Evaluator Episodes = 6625 | Evaluator Steps = 331250 | Final Dist = 0.117 | Final Dist 10 = 0.718 | Final Dist 100 = 0.909 | Final Dist 1000 = 1.154 | Init Dist = 12.806 | Init Dist 10 = 12.806 | Init Dist 100 = 12.806 | Init Dist 1000 = 12.806 | Learner Steps = 20261 | Learner Walltime = 3997.831 | Min Dist = 0.018 | Min Dist 10 = 0.178 | Min Dist 100 = 0.284 | Min Dist 1000 = 0.485 | Steps Per Second = 68.156 | Success = 1.000 | Success 1000 = 0.951
I0502 16:12:55.345660 139579566835264 terminal.py:91] [Evaluator] Actor Episodes = 26140 | Actor Steps = 1307000 | Delta Dist = 12.364 | Delta Dist 10 = 12.154 | Delta Dist 100 = 11.908 | Delta Dist 1000 = 11.654 | Episode Length = 50 | Episode Return = 34.0 | Evaluator Episodes = 6627 | Evaluator Steps = 331350 | Final Dist = 0.442 | Final Dist 10 = 0.653 | Final Dist 100 = 0.898 | Final Dist 1000 = 1.153 | Init Dist = 12.806 | Init Dist 10 = 12.806 | Init Dist 100 = 12.806 | Init Dist 1000 = 12.806 | Learner Steps = 20268 | Learner Walltime = 3999.361 | Min Dist = 0.442 | Min Dist 10 = 0.189 | Min Dist 100 = 0.284 | Min Dist 1000 = 0.485 | Steps Per Second = 83.958 | Success = 1.000 | Success 1000 = 0.951
I0502 16:12:56.002758 139558059398720 terminal.py:91] [Actor] Actor Episodes = 26146 | Actor Steps = 1307300 | Delta Dist = 8.186 | Delta Dist 10 = 2.578 | Delta Dist 100 = 4.268 | Delta Dist 1000 = 4.669 | Episode Length = 50 | Episode Return = 42.0 | Evaluator Episodes = 6627 | Evaluator Steps = 331350 | Final Dist = 0.870 | Final Dist 10 = 1.343 | Final Dist 100 = 1.370 | Final Dist 1000 = 1.468 | Init Dist = 9.055 | Init Dist 10 = 3.920 | Init Dist 100 = 5.637 | Init Dist 1000 = 6.137 | Learner Steps = 20268 | Learner Walltime = 3999.361 | Min Dist = 0.055 | Min Dist 10 = 0.070 | Min Dist 100 = 0.311 | Min Dist 1000 = 0.183 | Steps Per Second = 87.797 | Success = 1.000 | Success 1000 = 0.989
I0502 16:12:56.519469 139579566835264 terminal.py:91] [Evaluator] Actor Episodes = 26148 | Actor Steps = 1307400 | Delta Dist = 11.785 | Delta Dist 10 = 12.057 | Delta Dist 100 = 11.901 | Delta Dist 1000 = 11.654 | Episode Length = 50 | Episode Return = 33.0 | Evaluator Episodes = 6629 | Evaluator Steps = 331450 | Final Dist = 1.022 | Final Dist 10 = 0.749 | Final Dist 100 = 0.906 | Final Dist 1000 = 1.152 | Init Dist = 12.806 | Init Dist 10 = 12.806 | Init Dist 100 = 12.806 | Init Dist 1000 = 12.806 | Learner Steps = 20274 | Learner Walltime = 4000.428 | Min Dist = 0.369 | Min Dist 10 = 0.211 | Min Dist 100 = 0.286 | Min Dist 1000 = 0.485 | Steps Per Second = 80.784 | Success = 1.000 | Success 1000 = 0.951
I0502 16:12:57.657548 139555860620864 terminal.py:91] [Actor] Actor Episodes = 26156 | Actor Steps = 1307800 | Delta Dist = 6.831 | Delta Dist 10 = 5.534 | Delta Dist 100 = 4.281 | Delta Dist 1000 = 4.667 | Episode Length = 50 | Episode Return = 45.0 | Evaluator Episodes = 6629 | Evaluator Steps = 331450 | Final Dist = 0.169 | Final Dist 10 = 1.814 | Final Dist 100 = 1.416 | Final Dist 1000 = 1.473 | Init Dist = 7.000 | Init Dist 10 = 7.347 | Init Dist 100 = 5.697 | Init Dist 1000 = 6.141 | Learner Steps = 20280 | Learner Walltime = 4001.621 | Min Dist = 0.018 | Min Dist 10 = 0.095 | Min Dist 100 = 0.315 | Min Dist 1000 = 0.183 | Steps Per Second = 75.756 | Success = 1.000 | Success 1000 = 0.989
I0502 16:12:57.758505 139579566835264 terminal.py:91] [Evaluator] Actor Episodes = 26156 | Actor Steps = 1307800 | Delta Dist = 12.256 | Delta Dist 10 = 12.153 | Delta Dist 100 = 11.894 | Delta Dist 1000 = 11.653 | Episode Length = 50 | Episode Return = 27.0 | Evaluator Episodes = 6631 | Evaluator Steps = 331550 | Final Dist = 0.551 | Final Dist 10 = 0.654 | Final Dist 100 = 0.912 | Final Dist 1000 = 1.153 | Init Dist = 12.806 | Init Dist 10 = 12.806 | Init Dist 100 = 12.806 | Init Dist 1000 = 12.806 | Learner Steps = 20280 | Learner Walltime = 4001.621 | Min Dist = 0.024 | Min Dist 10 = 0.250 | Min Dist 100 = 0.290 | Min Dist 1000 = 0.486 | Steps Per Second = 84.280 | Success = 1.000 | Success 1000 = 0.951
I0502 16:12:58.714864 139557462840896 terminal.py:91] [Actor] Actor Episodes = 26161 | Actor Steps = 1308050 | Delta Dist = 3.495 | Delta Dist 10 = 5.944 | Delta Dist 100 = 4.350 | Delta Dist 1000 = 4.671 | Episode Length = 50 | Episode Return = 35.0 | Evaluator Episodes = 6631 | Evaluator Steps = 331550 | Final Dist = 0.110 | Final Dist 10 = 1.334 | Final Dist 100 = 1.426 | Final Dist 1000 = 1.474 | Init Dist = 3.606 | Init Dist 10 = 7.278 | Init Dist 100 = 5.776 | Init Dist 1000 = 6.146 | Learner Steps = 20280 | Learner Walltime = 4001.621 | Min Dist = 0.023 | Min Dist 10 = 0.056 | Min Dist 100 = 0.316 | Min Dist 1000 = 0.183 | Steps Per Second = 75.533 | Success = 1.000 | Success 1000 = 0.989
I0502 16:12:59.085357 139579566835264 terminal.py:91] [Evaluator] Actor Episodes = 26164 | Actor Steps = 1308200 | Delta Dist = 11.187 | Delta Dist 10 = 12.136 | Delta Dist 100 = 11.895 | Delta Dist 1000 = 11.655 | Episode Length = 50 | Episode Return = 16.0 | Evaluator Episodes = 6633 | Evaluator Steps = 331650 | Final Dist = 1.619 | Final Dist 10 = 0.671 | Final Dist 100 = 0.911 | Final Dist 1000 = 1.151 | Init Dist = 12.806 | Init Dist 10 = 12.806 | Init Dist 100 = 12.806 | Init Dist 1000 = 12.806 | Learner Steps = 20286 | Learner Walltime = 4002.975 | Min Dist = 0.223 | Min Dist 10 = 0.231 | Min Dist 100 = 0.287 | Min Dist 1000 = 0.485 | Steps Per Second = 79.420 | Success = 1.000 | Success 1000 = 0.951
I0502 16:12:59.319716 139569349502528 terminal.py:91] [Actor] Actor Episodes = 26166 | Actor Steps = 1308300 | Delta Dist = 5.034 | Delta Dist 10 = 4.229 | Delta Dist 100 = 4.211 | Delta Dist 1000 = 4.652 | Episode Length = 50 | Episode Return = 46.0 | Evaluator Episodes = 6633 | Evaluator Steps = 331650 | Final Dist = 1.370 | Final Dist 10 = 2.756 | Final Dist 100 = 1.596 | Final Dist 1000 = 1.491 | Init Dist = 6.403 | Init Dist 10 = 6.985 | Init Dist 100 = 5.807 | Init Dist 1000 = 6.142 | Learner Steps = 20286 | Learner Walltime = 4002.975 | Min Dist = 0.089 | Min Dist 10 = 0.097 | Min Dist 100 = 0.319 | Min Dist 1000 = 0.183 | Steps Per Second = 78.040 | Success = 1.000 | Success 1000 = 0.989
I0502 16:12:59.424536 139555013154368 terminal.py:91] [Learner] Actor Episodes = 26162 | Actor Loss = 3.7327957153320312 | Actor Steps = 1308100 | Binary Accuracy = 0.9960861206054688 | Categorical Accuracy = 0.41436767578125 | Critic Loss = 1.8670731782913208 | Entropy Mean = -21.169055938720703 | Evaluator Episodes = 6631 | Evaluator Steps = 331550 | Learner Steps = 20290 | Learner Walltime = 4003.624 | Logits Neg = -16.822471618652344 | Logits Pos = -1.8747880458831787 | Logsumexp = 1.051793098449707 | Steps Per Second = 263.235
I0502 16:12:59.709322 139584635659840 savers.py:156] Saving checkpoint: logs/contrastive_cpc_point_FourRooms_64/5dd72662-2788-11f0-b183-d85ed38c5779/checkpoints/counter
I0502 16:13:00.308857 139579566835264 terminal.py:91] [Evaluator] Actor Episodes = 26172 | Actor Steps = 1308600 | Delta Dist = 11.808 | Delta Dist 10 = 12.014 | Delta Dist 100 = 11.887 | Delta Dist 1000 = 11.655 | Episode Length = 50 | Episode Return = 28.0 | Evaluator Episodes = 6635 | Evaluator Steps = 331750 | Final Dist = 0.998 | Final Dist 10 = 0.793 | Final Dist 100 = 0.919 | Final Dist 1000 = 1.152 | Init Dist = 12.806 | Init Dist 10 = 12.806 | Init Dist 100 = 12.806 | Init Dist 1000 = 12.806 | Learner Steps = 20293 | Learner Walltime = 4004.258 | Min Dist = 0.094 | Min Dist 10 = 0.245 | Min Dist 100 = 0.289 | Min Dist 1000 = 0.485 | Steps Per Second = 77.178 | Success = 1.000 | Success 1000 = 0.951
I0502 16:13:01.498242 139579566835264 terminal.py:91] [Evaluator] Actor Episodes = 26180 | Actor Steps = 1309000 | Delta Dist = 12.559 | Delta Dist 10 = 11.969 | Delta Dist 100 = 11.891 | Delta Dist 1000 = 11.654 | Episode Length = 50 | Episode Return = 37.0 | Evaluator Episodes = 6637 | Evaluator Steps = 331850 | Final Dist = 0.247 | Final Dist 10 = 0.837 | Final Dist 100 = 0.915 | Final Dist 1000 = 1.152 | Init Dist = 12.806 | Init Dist 10 = 12.806 | Init Dist 100 = 12.806 | Init Dist 1000 = 12.806 | Learner Steps = 20299 | Learner Walltime = 4005.422 | Min Dist = 0.025 | Min Dist 10 = 0.231 | Min Dist 100 = 0.287 | Min Dist 1000 = 0.485 | Steps Per Second = 83.439 | Success = 1.000 | Success 1000 = 0.951
I0502 16:13:02.335424 139584504182336 lp_utils.py:96] StepsLimiter: Reached 1309300 recorded steps
I0502 16:13:02.672862 139579566835264 terminal.py:91] [Evaluator] Actor Episodes = 26188 | Actor Steps = 1309400 | Delta Dist = 11.713 | Delta Dist 10 = 11.982 | Delta Dist 100 = 11.894 | Delta Dist 1000 = 11.655 | Episode Length = 50 | Episode Return = 1.0 | Evaluator Episodes = 6639 | Evaluator Steps = 331950 | Final Dist = 1.093 | Final Dist 10 = 0.824 | Final Dist 100 = 0.912 | Final Dist 1000 = 1.152 | Init Dist = 12.806 | Init Dist 10 = 12.806 | Init Dist 100 = 12.806 | Init Dist 1000 = 12.806 | Learner Steps = 20306 | Learner Walltime = 4006.578 | Min Dist = 0.028 | Min Dist 10 = 0.166 | Min Dist 100 = 0.287 | Min Dist 1000 = 0.485 | Steps Per Second = 91.949 | Success = 1.000 | Success 1000 = 0.951
I0502 16:13:03.154197 139583350109760 savers.py:156] Saving checkpoint: logs/contrastive_cpc_point_FourRooms_64/5dd72662-2788-11f0-b183-d85ed38c5779/checkpoints/learner
I0502 16:13:03.907458 139579566835264 terminal.py:91] [Evaluator] Actor Episodes = 26196 | Actor Steps = 1309800 | Delta Dist = 12.650 | Delta Dist 10 = 12.040 | Delta Dist 100 = 11.899 | Delta Dist 1000 = 11.655 | Episode Length = 50 | Episode Return = 26.0 | Evaluator Episodes = 6641 | Evaluator Steps = 332050 | Final Dist = 0.156 | Final Dist 10 = 0.766 | Final Dist 100 = 0.908 | Final Dist 1000 = 1.151 | Init Dist = 12.806 | Init Dist 10 = 12.806 | Init Dist 100 = 12.806 | Init Dist 1000 = 12.806 | Learner Steps = 20306 | Learner Walltime = 4006.578 | Min Dist = 0.088 | Min Dist 10 = 0.094 | Min Dist 100 = 0.284 | Min Dist 1000 = 0.484 | Steps Per Second = 85.182 | Success = 1.000 | Success 1000 = 0.951
I0502 16:13:05.142048 139579566835264 terminal.py:91] [Evaluator] Actor Episodes = 26204 | Actor Steps = 1310200 | Delta Dist = 11.811 | Delta Dist 10 = 12.026 | Delta Dist 100 = 11.897 | Delta Dist 1000 = 11.657 | Episode Length = 50 | Episode Return = 22.0 | Evaluator Episodes = 6643 | Evaluator Steps = 332150 | Final Dist = 0.996 | Final Dist 10 = 0.780 | Final Dist 100 = 0.909 | Final Dist 1000 = 1.149 | Init Dist = 12.806 | Init Dist 10 = 12.806 | Init Dist 100 = 12.806 | Init Dist 1000 = 12.806 | Learner Steps = 20311 | Learner Walltime = 4008.224 | Min Dist = 0.357 | Min Dist 10 = 0.090 | Min Dist 100 = 0.280 | Min Dist 1000 = 0.483 | Steps Per Second = 82.755 | Success = 1.000 | Success 1000 = 0.951
I0502 16:13:06.310358 139558059398720 terminal.py:91] [Actor] Actor Episodes = 26211 | Actor Steps = 1310550 | Delta Dist = 6.180 | Delta Dist 10 = 3.986 | Delta Dist 100 = 4.053 | Delta Dist 1000 = 4.613 | Episode Length = 50 | Episode Return = 27.0 | Evaluator Episodes = 6643 | Evaluator Steps = 332150 | Final Dist = 0.144 | Final Dist 10 = 1.793 | Final Dist 100 = 1.722 | Final Dist 1000 = 1.536 | Init Dist = 6.325 | Init Dist 10 = 5.779 | Init Dist 100 = 5.775 | Init Dist 1000 = 6.149 | Learner Steps = 20321 | Learner Walltime = 4009.711 | Min Dist = 0.051 | Min Dist 10 = 0.150 | Min Dist 100 = 0.232 | Min Dist 1000 = 0.200 | Steps Per Second = 82.599 | Success = 1.000 | Success 1000 = 0.989
I0502 16:13:06.332329 139579566835264 terminal.py:91] [Evaluator] Actor Episodes = 26212 | Actor Steps = 1310600 | Delta Dist = 11.853 | Delta Dist 10 = 12.077 | Delta Dist 100 = 11.907 | Delta Dist 1000 = 11.657 | Episode Length = 50 | Episode Return = 27.0 | Evaluator Episodes = 6645 | Evaluator Steps = 332250 | Final Dist = 0.953 | Final Dist 10 = 0.730 | Final Dist 100 = 0.900 | Final Dist 1000 = 1.150 | Init Dist = 12.806 | Init Dist 10 = 12.806 | Init Dist 100 = 12.806 | Init Dist 1000 = 12.806 | Learner Steps = 20321 | Learner Walltime = 4009.711 | Min Dist = 0.159 | Min Dist 10 = 0.110 | Min Dist 100 = 0.281 | Min Dist 1000 = 0.483 | Steps Per Second = 83.843 | Success = 1.000 | Success 1000 = 0.951
I0502 16:13:07.576622 139579566835264 terminal.py:91] [Evaluator] Actor Episodes = 26220 | Actor Steps = 1311000 | Delta Dist = 12.303 | Delta Dist 10 = 12.076 | Delta Dist 100 = 11.980 | Delta Dist 1000 = 11.657 | Episode Length = 50 | Episode Return = 30.0 | Evaluator Episodes = 6647 | Evaluator Steps = 332350 | Final Dist = 0.504 | Final Dist 10 = 0.731 | Final Dist 100 = 0.826 | Final Dist 1000 = 1.149 | Init Dist = 12.806 | Init Dist 10 = 12.806 | Init Dist 100 = 12.806 | Init Dist 1000 = 12.806 | Learner Steps = 20327 | Learner Walltime = 4010.816 | Min Dist = 0.232 | Min Dist 10 = 0.124 | Min Dist 100 = 0.216 | Min Dist 1000 = 0.483 | Steps Per Second = 84.891 | Success = 1.000 | Success 1000 = 0.951
I0502 16:13:08.310226 139555860620864 terminal.py:91] [Actor] Actor Episodes = 26228 | Actor Steps = 1311400 | Delta Dist = 7.724 | Delta Dist 10 = 5.585 | Delta Dist 100 = 4.170 | Delta Dist 1000 = 4.602 | Episode Length = 50 | Episode Return = 1.0 | Evaluator Episodes = 6647 | Evaluator Steps = 332350 | Final Dist = 1.276 | Final Dist 10 = 1.022 | Final Dist 100 = 1.793 | Final Dist 1000 = 1.530 | Init Dist = 9.000 | Init Dist 10 = 6.607 | Init Dist 100 = 5.963 | Init Dist 1000 = 6.132 | Learner Steps = 20334 | Learner Walltime = 4011.958 | Min Dist = 0.097 | Min Dist 10 = 0.098 | Min Dist 100 = 0.276 | Min Dist 1000 = 0.204 | Steps Per Second = 73.882 | Success = 1.000 | Success 1000 = 0.989
I0502 16:13:08.933659 139579566835264 terminal.py:91] [Evaluator] Actor Episodes = 26228 | Actor Steps = 1311400 | Delta Dist = 5.119 | Delta Dist 10 = 12.121 | Delta Dist 100 = 12.000 | Delta Dist 1000 = 11.657 | Episode Length = 50 | Episode Return = 0.0 | Evaluator Episodes = 6649 | Evaluator Steps = 332450 | Final Dist = 7.688 | Final Dist 10 = 0.685 | Final Dist 100 = 0.806 | Final Dist 1000 = 1.149 | Init Dist = 12.806 | Init Dist 10 = 12.806 | Init Dist 100 = 12.806 | Init Dist 1000 = 12.806 | Learner Steps = 20339 | Learner Walltime = 4012.989 | Min Dist = 6.565 | Min Dist 10 = 0.147 | Min Dist 100 = 0.206 | Min Dist 1000 = 0.483 | Steps Per Second = 72.914 | Success = 0.000 | Success 1000 = 0.951
I0502 16:13:09.072785 139557462840896 terminal.py:91] [Actor] Actor Episodes = 26232 | Actor Steps = 1311600 | Delta Dist = 7.391 | Delta Dist 10 = 5.893 | Delta Dist 100 = 4.191 | Delta Dist 1000 = 4.592 | Episode Length = 50 | Episode Return = 34.0 | Evaluator Episodes = 6649 | Evaluator Steps = 332450 | Final Dist = 1.095 | Final Dist 10 = 0.910 | Final Dist 100 = 1.728 | Final Dist 1000 = 1.532 | Init Dist = 8.485 | Init Dist 10 = 6.804 | Init Dist 100 = 5.919 | Init Dist 1000 = 6.124 | Learner Steps = 20339 | Learner Walltime = 4012.989 | Min Dist = 0.485 | Min Dist 10 = 0.066 | Min Dist 100 = 0.274 | Min Dist 1000 = 0.203 | Steps Per Second = 76.633 | Success = 1.000 | Success 1000 = 0.989
I0502 16:13:09.655645 139569349502528 terminal.py:91] [Actor] Actor Episodes = 26231 | Actor Steps = 1311550 | Delta Dist = 5.532 | Delta Dist 10 = 5.301 | Delta Dist 100 = 4.159 | Delta Dist 1000 = 4.581 | Episode Length = 50 | Episode Return = 34.0 | Evaluator Episodes = 6649 | Evaluator Steps = 332450 | Final Dist = 0.871 | Final Dist 10 = 1.467 | Final Dist 100 = 1.745 | Final Dist 1000 = 1.536 | Init Dist = 6.403 | Init Dist 10 = 6.768 | Init Dist 100 = 5.904 | Init Dist 1000 = 6.117 | Learner Steps = 20339 | Learner Walltime = 4012.989 | Min Dist = 0.003 | Min Dist 10 = 0.090 | Min Dist 100 = 0.278 | Min Dist 1000 = 0.204 | Steps Per Second = 82.178 | Success = 1.000 | Success 1000 = 0.989
I0502 16:13:09.747000 139555013154368 terminal.py:91] [Learner] Actor Episodes = 26228 | Actor Loss = 3.578202486038208 | Actor Steps = 1311400 | Binary Accuracy = 0.996135950088501 | Categorical Accuracy = 0.439453125 | Critic Loss = 1.7686468362808228 | Entropy Mean = -18.522459030151367 | Evaluator Episodes = 6647 | Evaluator Steps = 332350 | Learner Steps = 20343 | Learner Walltime = 4013.945 | Logits Neg = -17.474544525146484 | Logits Pos = -1.7744823694229126 | Logsumexp = 1.0365452766418457 | Steps Per Second = 144.007
I0502 16:13:10.219644 139579566835264 terminal.py:91] [Evaluator] Actor Episodes = 26236 | Actor Steps = 1311800 | Delta Dist = 11.708 | Delta Dist 10 = 11.389 | Delta Dist 100 = 11.928 | Delta Dist 1000 = 11.650 | Episode Length = 50 | Episode Return = 28.0 | Evaluator Episodes = 6651 | Evaluator Steps = 332550 | Final Dist = 1.099 | Final Dist 10 = 1.417 | Final Dist 100 = 0.879 | Final Dist 1000 = 1.156 | Init Dist = 12.806 | Init Dist 10 = 12.806 | Init Dist 100 = 12.806 | Init Dist 1000 = 12.806 | Learner Steps = 20344 | Learner Walltime = 4014.030 | Min Dist = 0.026 | Min Dist 10 = 0.813 | Min Dist 100 = 0.267 | Min Dist 1000 = 0.490 | Steps Per Second = 77.575 | Success = 1.000 | Success 1000 = 0.950
I0502 16:13:11.467262 139579566835264 terminal.py:91] [Evaluator] Actor Episodes = 26244 | Actor Steps = 1312200 | Delta Dist = 12.275 | Delta Dist 10 = 11.331 | Delta Dist 100 = 11.915 | Delta Dist 1000 = 11.652 | Episode Length = 50 | Episode Return = 20.0 | Evaluator Episodes = 6653 | Evaluator Steps = 332650 | Final Dist = 0.531 | Final Dist 10 = 1.475 | Final Dist 100 = 0.891 | Final Dist 1000 = 1.155 | Init Dist = 12.806 | Init Dist 10 = 12.806 | Init Dist 100 = 12.806 | Init Dist 1000 = 12.806 | Learner Steps = 20350 | Learner Walltime = 4015.238 | Min Dist = 0.181 | Min Dist 10 = 0.819 | Min Dist 100 = 0.267 | Min Dist 1000 = 0.487 | Steps Per Second = 77.874 | Success = 1.000 | Success 1000 = 0.951
I0502 16:13:12.356833 139584504182336 lp_utils.py:96] StepsLimiter: Reached 1312600 recorded steps
I0502 16:13:12.688661 139579566835264 terminal.py:91] [Evaluator] Actor Episodes = 26252 | Actor Steps = 1312600 | Delta Dist = 11.642 | Delta Dist 10 = 11.327 | Delta Dist 100 = 11.921 | Delta Dist 1000 = 11.652 | Episode Length = 50 | Episode Return = 19.0 | Evaluator Episodes = 6655 | Evaluator Steps = 332750 | Final Dist = 1.164 | Final Dist 10 = 1.479 | Final Dist 100 = 0.886 | Final Dist 1000 = 1.154 | Init Dist = 12.806 | Init Dist 10 = 12.806 | Init Dist 100 = 12.806 | Init Dist 1000 = 12.806 | Learner Steps = 20356 | Learner Walltime = 4016.440 | Min Dist = 0.141 | Min Dist 10 = 0.793 | Min Dist 100 = 0.262 | Min Dist 1000 = 0.486 | Steps Per Second = 80.348 | Success = 1.000 | Success 1000 = 0.951
I0502 16:13:13.952907 139579566835264 terminal.py:91] [Evaluator] Actor Episodes = 26260 | Actor Steps = 1313000 | Delta Dist = 12.554 | Delta Dist 10 = 11.273 | Delta Dist 100 = 11.927 | Delta Dist 1000 = 11.651 | Episode Length = 50 | Episode Return = 22.0 | Evaluator Episodes = 6657 | Evaluator Steps = 332850 | Final Dist = 0.252 | Final Dist 10 = 1.533 | Final Dist 100 = 0.879 | Final Dist 1000 = 1.155 | Init Dist = 12.806 | Init Dist 10 = 12.806 | Init Dist 100 = 12.806 | Init Dist 1000 = 12.806 | Learner Steps = 20361 | Learner Walltime = 4017.644 | Min Dist = 0.096 | Min Dist 10 = 0.779 | Min Dist 100 = 0.259 | Min Dist 1000 = 0.486 | Steps Per Second = 80.154 | Success = 1.000 | Success 1000 = 0.951
I0502 16:13:15.074107 139579566835264 terminal.py:91] [Evaluator] Actor Episodes = 26268 | Actor Steps = 1313400 | Delta Dist = 11.974 | Delta Dist 10 = 11.234 | Delta Dist 100 = 11.930 | Delta Dist 1000 = 11.652 | Episode Length = 50 | Episode Return = 24.0 | Evaluator Episodes = 6659 | Evaluator Steps = 332950 | Final Dist = 0.833 | Final Dist 10 = 1.572 | Final Dist 100 = 0.876 | Final Dist 1000 = 1.154 | Init Dist = 12.806 | Init Dist 10 = 12.806 | Init Dist 100 = 12.806 | Init Dist 1000 = 12.806 | Learner Steps = 20368 | Learner Walltime = 4018.767 | Min Dist = 0.096 | Min Dist 10 = 0.766 | Min Dist 100 = 0.255 | Min Dist 1000 = 0.486 | Steps Per Second = 76.957 | Success = 1.000 | Success 1000 = 0.951
I0502 16:13:16.218329 139579566835264 terminal.py:91] [Evaluator] Actor Episodes = 26276 | Actor Steps = 1313800 | Delta Dist = 11.746 | Delta Dist 10 = 11.936 | Delta Dist 100 = 11.935 | Delta Dist 1000 = 11.652 | Episode Length = 50 | Episode Return = 14.0 | Evaluator Episodes = 6661 | Evaluator Steps = 333050 | Final Dist = 1.060 | Final Dist 10 = 0.870 | Final Dist 100 = 0.871 | Final Dist 1000 = 1.155 | Init Dist = 12.806 | Init Dist 10 = 12.806 | Init Dist 100 = 12.806 | Init Dist 1000 = 12.806 | Learner Steps = 20375 | Learner Walltime = 4020.092 | Min Dist = 0.134 | Min Dist 10 = 0.132 | Min Dist 100 = 0.253 | Min Dist 1000 = 0.485 | Steps Per Second = 89.665 | Success = 1.000 | Success 1000 = 0.951
I0502 16:13:16.854084 139558059398720 terminal.py:91] [Actor] Actor Episodes = 26279 | Actor Steps = 1313950 | Delta Dist = 5.151 | Delta Dist 10 = 2.791 | Delta Dist 100 = 4.229 | Delta Dist 1000 = 4.516 | Episode Length = 50 | Episode Return = 18.0 | Evaluator Episodes = 6661 | Evaluator Steps = 333050 | Final Dist = 1.173 | Final Dist 10 = 3.117 | Final Dist 100 = 1.661 | Final Dist 1000 = 1.549 | Init Dist = 6.325 | Init Dist 10 = 5.908 | Init Dist 100 = 5.890 | Init Dist 1000 = 6.065 | Learner Steps = 20375 | Learner Walltime = 4020.092 | Min Dist = 0.004 | Min Dist 10 = 0.373 | Min Dist 100 = 0.275 | Min Dist 1000 = 0.217 | Steps Per Second = 79.897 | Success = 1.000 | Success 1000 = 0.986
I0502 16:13:17.420463 139579566835264 terminal.py:91] [Evaluator] Actor Episodes = 26284 | Actor Steps = 1314200 | Delta Dist = 11.808 | Delta Dist 10 = 11.928 | Delta Dist 100 = 11.923 | Delta Dist 1000 = 11.652 | Episode Length = 50 | Episode Return = 19.0 | Evaluator Episodes = 6663 | Evaluator Steps = 333150 | Final Dist = 0.999 | Final Dist 10 = 0.879 | Final Dist 100 = 0.883 | Final Dist 1000 = 1.154 | Init Dist = 12.806 | Init Dist 10 = 12.806 | Init Dist 100 = 12.806 | Init Dist 1000 = 12.806 | Learner Steps = 20381 | Learner Walltime = 4021.196 | Min Dist = 0.152 | Min Dist 10 = 0.136 | Min Dist 100 = 0.253 | Min Dist 1000 = 0.485 | Steps Per Second = 80.934 | Success = 1.000 | Success 1000 = 0.951
I0502 16:13:18.565495 139579566835264 terminal.py:91] [Evaluator] Actor Episodes = 26292 | Actor Steps = 1314600 | Delta Dist = 11.444 | Delta Dist 10 = 11.865 | Delta Dist 100 = 11.914 | Delta Dist 1000 = 11.651 | Episode Length = 50 | Episode Return = 6.0 | Evaluator Episodes = 6665 | Evaluator Steps = 333250 | Final Dist = 1.362 | Final Dist 10 = 0.941 | Final Dist 100 = 0.892 | Final Dist 1000 = 1.155 | Init Dist = 12.806 | Init Dist 10 = 12.806 | Init Dist 100 = 12.806 | Init Dist 1000 = 12.806 | Learner Steps = 20387 | Learner Walltime = 4022.394 | Min Dist = 0.342 | Min Dist 10 = 0.160 | Min Dist 100 = 0.256 | Min Dist 1000 = 0.485 | Steps Per Second = 89.470 | Success = 1.000 | Success 1000 = 0.951
I0502 16:13:18.720303 139555860620864 terminal.py:91] [Actor] Actor Episodes = 26293 | Actor Steps = 1314650 | Delta Dist = 0.246 | Delta Dist 10 = 3.887 | Delta Dist 100 = 4.296 | Delta Dist 1000 = 4.511 | Episode Length = 50 | Episode Return = 16.0 | Evaluator Episodes = 6663 | Evaluator Steps = 333150 | Final Dist = 1.990 | Final Dist 10 = 2.703 | Final Dist 100 = 1.762 | Final Dist 1000 = 1.564 | Init Dist = 2.236 | Init Dist 10 = 6.590 | Init Dist 100 = 6.057 | Init Dist 1000 = 6.076 | Learner Steps = 20381 | Learner Walltime = 4021.196 | Min Dist = 0.027 | Min Dist 10 = 0.745 | Min Dist 100 = 0.340 | Min Dist 1000 = 0.223 | Steps Per Second = 84.566 | Success = 1.000 | Success 1000 = 0.985
I0502 16:13:19.445874 139557462840896 terminal.py:91] [Actor] Actor Episodes = 26297 | Actor Steps = 1314850 | Delta Dist = 7.606 | Delta Dist 10 = 3.784 | Delta Dist 100 = 4.366 | Delta Dist 1000 = 4.513 | Episode Length = 50 | Episode Return = 21.0 | Evaluator Episodes = 6665 | Evaluator Steps = 333250 | Final Dist = 0.204 | Final Dist 10 = 2.990 | Final Dist 100 = 1.776 | Final Dist 1000 = 1.569 | Init Dist = 7.810 | Init Dist 10 = 6.774 | Init Dist 100 = 6.141 | Init Dist 1000 = 6.082 | Learner Steps = 20387 | Learner Walltime = 4022.394 | Min Dist = 0.034 | Min Dist 10 = 0.060 | Min Dist 100 = 0.340 | Min Dist 1000 = 0.223 | Steps Per Second = 80.614 | Success = 1.000 | Success 1000 = 0.985
I0502 16:13:19.769818 139579566835264 terminal.py:91] [Evaluator] Actor Episodes = 26300 | Actor Steps = 1315000 | Delta Dist = 12.332 | Delta Dist 10 = 11.829 | Delta Dist 100 = 11.916 | Delta Dist 1000 = 11.651 | Episode Length = 50 | Episode Return = 30.0 | Evaluator Episodes = 6667 | Evaluator Steps = 333350 | Final Dist = 0.474 | Final Dist 10 = 0.977 | Final Dist 100 = 0.891 | Final Dist 1000 = 1.156 | Init Dist = 12.806 | Init Dist 10 = 12.806 | Init Dist 100 = 12.806 | Init Dist 1000 = 12.806 | Learner Steps = 20393 | Learner Walltime = 4023.598 | Min Dist = 0.134 | Min Dist 10 = 0.213 | Min Dist 100 = 0.260 | Min Dist 1000 = 0.486 | Steps Per Second = 86.521 | Success = 1.000 | Success 1000 = 0.951
I0502 16:13:19.979798 139569349502528 terminal.py:91] [Actor] Actor Episodes = 26304 | Actor Steps = 1315200 | Delta Dist = -0.090 | Delta Dist 10 = 4.161 | Delta Dist 100 = 4.289 | Delta Dist 1000 = 4.508 | Episode Length = 50 | Episode Return = 47.0 | Evaluator Episodes = 6667 | Evaluator Steps = 333350 | Final Dist = 0.090 | Final Dist 10 = 1.657 | Final Dist 100 = 1.764 | Final Dist 1000 = 1.569 | Init Dist = 0.000 | Init Dist 10 = 5.818 | Init Dist 100 = 6.053 | Init Dist 1000 = 6.078 | Learner Steps = 20393 | Learner Walltime = 4023.598 | Min Dist = 0.000 | Min Dist 10 = 0.034 | Min Dist 100 = 0.337 | Min Dist 1000 = 0.223 | Steps Per Second = 99.799 | Success = 1.000 | Success 1000 = 0.985
I0502 16:13:20.076263 139555013154368 terminal.py:91] [Learner] Actor Episodes = 26300 | Actor Loss = 3.6226887702941895 | Actor Steps = 1315000 | Binary Accuracy = 0.9960837364196777 | Categorical Accuracy = 0.42205810546875 | Critic Loss = 1.8141820430755615 | Entropy Mean = -17.484554290771484 | Evaluator Episodes = 6665 | Evaluator Steps = 333250 | Learner Steps = 20397 | Learner Walltime = 4024.263 | Logits Neg = -16.67544174194336 | Logits Pos = -1.8056550025939941 | Logsumexp = 1.0856677293777466 | Steps Per Second = 151.980
I0502 16:13:20.975974 139579566835264 terminal.py:91] [Evaluator] Actor Episodes = 26308 | Actor Steps = 1315400 | Delta Dist = 11.530 | Delta Dist 10 = 11.889 | Delta Dist 100 = 11.910 | Delta Dist 1000 = 11.651 | Episode Length = 50 | Episode Return = 3.0 | Evaluator Episodes = 6669 | Evaluator Steps = 333450 | Final Dist = 1.276 | Final Dist 10 = 0.918 | Final Dist 100 = 0.896 | Final Dist 1000 = 1.155 | Init Dist = 12.806 | Init Dist 10 = 12.806 | Init Dist 100 = 12.806 | Init Dist 1000 = 12.806 | Learner Steps = 20399 | Learner Walltime = 4024.650 | Min Dist = 0.063 | Min Dist 10 = 0.222 | Min Dist 100 = 0.261 | Min Dist 1000 = 0.485 | Steps Per Second = 79.949 | Success = 1.000 | Success 1000 = 0.951
I0502 16:13:22.090318 139579566835264 terminal.py:91] [Evaluator] Actor Episodes = 26316 | Actor Steps = 1315800 | Delta Dist = 11.971 | Delta Dist 10 = 11.878 | Delta Dist 100 = 11.919 | Delta Dist 1000 = 11.652 | Episode Length = 50 | Episode Return = 19.0 | Evaluator Episodes = 6671 | Evaluator Steps = 333550 | Final Dist = 0.835 | Final Dist 10 = 0.929 | Final Dist 100 = 0.887 | Final Dist 1000 = 1.154 | Init Dist = 12.806 | Init Dist 10 = 12.806 | Init Dist 100 = 12.806 | Init Dist 1000 = 12.806 | Learner Steps = 20405 | Learner Walltime = 4025.845 | Min Dist = 0.053 | Min Dist 10 = 0.202 | Min Dist 100 = 0.252 | Min Dist 1000 = 0.485 | Steps Per Second = 87.849 | Success = 1.000 | Success 1000 = 0.951
I0502 16:13:22.379557 139584504182336 lp_utils.py:96] StepsLimiter: Reached 1315800 recorded steps
I0502 16:13:23.268296 139579566835264 terminal.py:91] [Evaluator] Actor Episodes = 26324 | Actor Steps = 1316200 | Delta Dist = 11.815 | Delta Dist 10 = 11.901 | Delta Dist 100 = 11.917 | Delta Dist 1000 = 11.652 | Episode Length = 50 | Episode Return = 16.0 | Evaluator Episodes = 6673 | Evaluator Steps = 333650 | Final Dist = 0.991 | Final Dist 10 = 0.905 | Final Dist 100 = 0.889 | Final Dist 1000 = 1.154 | Init Dist = 12.806 | Init Dist 10 = 12.806 | Init Dist 100 = 12.806 | Init Dist 1000 = 12.806 | Learner Steps = 20411 | Learner Walltime = 4026.846 | Min Dist = 0.064 | Min Dist 10 = 0.219 | Min Dist 100 = 0.251 | Min Dist 1000 = 0.484 | Steps Per Second = 83.804 | Success = 1.000 | Success 1000 = 0.951
I0502 16:13:24.401250 139579566835264 terminal.py:91] [Evaluator] Actor Episodes = 26332 | Actor Steps = 1316600 | Delta Dist = 11.969 | Delta Dist 10 = 11.941 | Delta Dist 100 = 11.913 | Delta Dist 1000 = 11.652 | Episode Length = 50 | Episode Return = 13.0 | Evaluator Episodes = 6675 | Evaluator Steps = 333750 | Final Dist = 0.837 | Final Dist 10 = 0.865 | Final Dist 100 = 0.893 | Final Dist 1000 = 1.154 | Init Dist = 12.806 | Init Dist 10 = 12.806 | Init Dist 100 = 12.806 | Init Dist 1000 = 12.806 | Learner Steps = 20416 | Learner Walltime = 4027.979 | Min Dist = 0.042 | Min Dist 10 = 0.177 | Min Dist 100 = 0.248 | Min Dist 1000 = 0.484 | Steps Per Second = 91.238 | Success = 1.000 | Success 1000 = 0.951
I0502 16:13:25.494693 139579566835264 terminal.py:91] [Evaluator] Actor Episodes = 26340 | Actor Steps = 1317000 | Delta Dist = 12.743 | Delta Dist 10 = 11.967 | Delta Dist 100 = 11.927 | Delta Dist 1000 = 11.653 | Episode Length = 50 | Episode Return = 23.0 | Evaluator Episodes = 6677 | Evaluator Steps = 333850 | Final Dist = 0.063 | Final Dist 10 = 0.839 | Final Dist 100 = 0.879 | Final Dist 1000 = 1.153 | Init Dist = 12.806 | Init Dist 10 = 12.806 | Init Dist 100 = 12.806 | Init Dist 1000 = 12.806 | Learner Steps = 20422 | Learner Walltime = 4029.221 | Min Dist = 0.045 | Min Dist 10 = 0.156 | Min Dist 100 = 0.249 | Min Dist 1000 = 0.484 | Steps Per Second = 90.919 | Success = 1.000 | Success 1000 = 0.951
I0502 16:13:26.677493 139579566835264 terminal.py:91] [Evaluator] Actor Episodes = 26348 | Actor Steps = 1317400 | Delta Dist = 11.699 | Delta Dist 10 = 11.949 | Delta Dist 100 = 11.927 | Delta Dist 1000 = 11.654 | Episode Length = 50 | Episode Return = 21.0 | Evaluator Episodes = 6679 | Evaluator Steps = 333950 | Final Dist = 1.108 | Final Dist 10 = 0.857 | Final Dist 100 = 0.880 | Final Dist 1000 = 1.152 | Init Dist = 12.806 | Init Dist 10 = 12.806 | Init Dist 100 = 12.806 | Init Dist 1000 = 12.806 | Learner Steps = 20428 | Learner Walltime = 4030.249 | Min Dist = 0.315 | Min Dist 10 = 0.203 | Min Dist 100 = 0.255 | Min Dist 1000 = 0.485 | Steps Per Second = 88.419 | Success = 1.000 | Success 1000 = 0.951
I0502 16:13:27.380815 139558059398720 terminal.py:91] [Actor] Actor Episodes = 26350 | Actor Steps = 1317500 | Delta Dist = 5.011 | Delta Dist 10 = 4.937 | Delta Dist 100 = 4.264 | Delta Dist 1000 = 4.467 | Episode Length = 50 | Episode Return = 19.0 | Evaluator Episodes = 6679 | Evaluator Steps = 333950 | Final Dist = 1.072 | Final Dist 10 = 1.700 | Final Dist 100 = 1.781 | Final Dist 1000 = 1.572 | Init Dist = 6.083 | Init Dist 10 = 6.637 | Init Dist 100 = 6.045 | Init Dist 1000 = 6.040 | Learner Steps = 20433 | Learner Walltime = 4031.431 | Min Dist = 0.045 | Min Dist 10 = 0.213 | Min Dist 100 = 0.345 | Min Dist 1000 = 0.231 | Steps Per Second = 89.408 | Success = 1.000 | Success 1000 = 0.984
I0502 16:13:27.754220 139579566835264 terminal.py:91] [Evaluator] Actor Episodes = 26356 | Actor Steps = 1317800 | Delta Dist = 12.381 | Delta Dist 10 = 11.982 | Delta Dist 100 = 11.928 | Delta Dist 1000 = 11.656 | Episode Length = 50 | Episode Return = 16.0 | Evaluator Episodes = 6681 | Evaluator Steps = 334050 | Final Dist = 0.425 | Final Dist 10 = 0.824 | Final Dist 100 = 0.878 | Final Dist 1000 = 1.151 | Init Dist = 12.806 | Init Dist 10 = 12.806 | Init Dist 100 = 12.806 | Init Dist 1000 = 12.806 | Learner Steps = 20433 | Learner Walltime = 4031.431 | Min Dist = 0.080 | Min Dist 10 = 0.220 | Min Dist 100 = 0.253 | Min Dist 1000 = 0.485 | Steps Per Second = 95.795 | Success = 1.000 | Success 1000 = 0.951
I0502 16:13:28.951014 139579566835264 terminal.py:91] [Evaluator] Actor Episodes = 26362 | Actor Steps = 1318100 | Delta Dist = 11.741 | Delta Dist 10 = 12.070 | Delta Dist 100 = 11.931 | Delta Dist 1000 = 11.657 | Episode Length = 50 | Episode Return = 4.0 | Evaluator Episodes = 6683 | Evaluator Steps = 334150 | Final Dist = 1.066 | Final Dist 10 = 0.736 | Final Dist 100 = 0.875 | Final Dist 1000 = 1.150 | Init Dist = 12.806 | Init Dist 10 = 12.806 | Init Dist 100 = 12.806 | Init Dist 1000 = 12.806 | Learner Steps = 20440 | Learner Walltime = 4032.671 | Min Dist = 0.572 | Min Dist 10 = 0.195 | Min Dist 100 = 0.254 | Min Dist 1000 = 0.485 | Steps Per Second = 86.654 | Success = 1.000 | Success 1000 = 0.951
I0502 16:13:29.001549 139555860620864 terminal.py:91] [Actor] Actor Episodes = 26364 | Actor Steps = 1318200 | Delta Dist = 7.442 | Delta Dist 10 = 3.121 | Delta Dist 100 = 4.062 | Delta Dist 1000 = 4.451 | Episode Length = 50 | Episode Return = 44.0 | Evaluator Episodes = 6683 | Evaluator Steps = 334150 | Final Dist = 0.621 | Final Dist 10 = 2.250 | Final Dist 100 = 1.781 | Final Dist 1000 = 1.577 | Init Dist = 8.062 | Init Dist 10 = 5.370 | Init Dist 100 = 5.843 | Init Dist 1000 = 6.028 | Learner Steps = 20440 | Learner Walltime = 4032.671 | Min Dist = 0.102 | Min Dist 10 = 0.981 | Min Dist 100 = 0.423 | Min Dist 1000 = 0.240 | Steps Per Second = 77.124 | Success = 1.000 | Success 1000 = 0.984
I0502 16:13:29.786217 139557462840896 terminal.py:91] [Actor] Actor Episodes = 26366 | Actor Steps = 1318300 | Delta Dist = 5.106 | Delta Dist 10 = 5.931 | Delta Dist 100 = 4.173 | Delta Dist 1000 = 4.453 | Episode Length = 50 | Episode Return = 42.0 | Evaluator Episodes = 6683 | Evaluator Steps = 334150 | Final Dist = 0.280 | Final Dist 10 = 1.866 | Final Dist 100 = 1.846 | Final Dist 1000 = 1.583 | Init Dist = 5.385 | Init Dist 10 = 7.796 | Init Dist 100 = 6.019 | Init Dist 1000 = 6.036 | Learner Steps = 20446 | Learner Walltime = 4033.893 | Min Dist = 0.063 | Min Dist 10 = 0.202 | Min Dist 100 = 0.434 | Min Dist 1000 = 0.241 | Steps Per Second = 89.095 | Success = 1.000 | Success 1000 = 0.984
I0502 16:13:30.087260 139579566835264 terminal.py:91] [Evaluator] Actor Episodes = 26370 | Actor Steps = 1318500 | Delta Dist = 12.463 | Delta Dist 10 = 12.082 | Delta Dist 100 = 11.928 | Delta Dist 1000 = 11.657 | Episode Length = 50 | Episode Return = 21.0 | Evaluator Episodes = 6685 | Evaluator Steps = 334250 | Final Dist = 0.343 | Final Dist 10 = 0.725 | Final Dist 100 = 0.878 | Final Dist 1000 = 1.150 | Init Dist = 12.806 | Init Dist 10 = 12.806 | Init Dist 100 = 12.806 | Init Dist 1000 = 12.806 | Learner Steps = 20446 | Learner Walltime = 4033.893 | Min Dist = 0.065 | Min Dist 10 = 0.242 | Min Dist 100 = 0.258 | Min Dist 1000 = 0.485 | Steps Per Second = 91.306 | Success = 1.000 | Success 1000 = 0.951
I0502 16:13:30.269672 139555013154368 terminal.py:91] [Learner] Actor Episodes = 26364 | Actor Loss = 3.6594860553741455 | Actor Steps = 1318200 | Binary Accuracy = 0.9960801601409912 | Categorical Accuracy = 0.43341064453125 | Critic Loss = 1.8418774604797363 | Entropy Mean = -21.323810577392578 | Evaluator Episodes = 6683 | Evaluator Steps = 334150 | Learner Steps = 20450 | Learner Walltime = 4034.461 | Logits Neg = -16.53473663330078 | Logits Pos = -1.7859835624694824 | Logsumexp = 1.1796684265136719 | Steps Per Second = 235.163
I0502 16:13:30.547096 139569349502528 terminal.py:91] [Actor] Actor Episodes = 26371 | Actor Steps = 1318550 | Delta Dist = 4.024 | Delta Dist 10 = 5.419 | Delta Dist 100 = 4.227 | Delta Dist 1000 = 4.452 | Episode Length = 50 | Episode Return = 12.0 | Evaluator Episodes = 6683 | Evaluator Steps = 334150 | Final Dist = 1.075 | Final Dist 10 = 3.030 | Final Dist 100 = 2.031 | Final Dist 1000 = 1.599 | Init Dist = 5.099 | Init Dist 10 = 8.449 | Init Dist 100 = 6.258 | Init Dist 1000 = 6.050 | Learner Steps = 20446 | Learner Walltime = 4033.893 | Min Dist = 0.137 | Min Dist 10 = 0.337 | Min Dist 100 = 0.447 | Min Dist 1000 = 0.243 | Steps Per Second = 73.346 | Success = 1.000 | Success 1000 = 0.984
I0502 16:13:31.385109 139579566835264 terminal.py:91] [Evaluator] Actor Episodes = 26378 | Actor Steps = 1318900 | Delta Dist = 11.825 | Delta Dist 10 = 12.132 | Delta Dist 100 = 11.937 | Delta Dist 1000 = 11.657 | Episode Length = 50 | Episode Return = 18.0 | Evaluator Episodes = 6687 | Evaluator Steps = 334350 | Final Dist = 0.981 | Final Dist 10 = 0.674 | Final Dist 100 = 0.869 | Final Dist 1000 = 1.149 | Init Dist = 12.806 | Init Dist 10 = 12.806 | Init Dist 100 = 12.806 | Init Dist 1000 = 12.806 | Learner Steps = 20452 | Learner Walltime = 4035.050 | Min Dist = 0.270 | Min Dist 10 = 0.231 | Min Dist 100 = 0.250 | Min Dist 1000 = 0.485 | Steps Per Second = 82.883 | Success = 1.000 | Success 1000 = 0.951
I0502 16:13:32.397601 139584504182336 lp_utils.py:96] StepsLimiter: Reached 1319300 recorded steps
I0502 16:13:32.669875 139579566835264 terminal.py:91] [Evaluator] Actor Episodes = 26386 | Actor Steps = 1319300 | Delta Dist = 12.268 | Delta Dist 10 = 12.139 | Delta Dist 100 = 11.939 | Delta Dist 1000 = 11.658 | Episode Length = 50 | Episode Return = 22.0 | Evaluator Episodes = 6689 | Evaluator Steps = 334450 | Final Dist = 0.538 | Final Dist 10 = 0.667 | Final Dist 100 = 0.867 | Final Dist 1000 = 1.148 | Init Dist = 12.806 | Init Dist 10 = 12.806 | Init Dist 100 = 12.806 | Init Dist 1000 = 12.806 | Learner Steps = 20458 | Learner Walltime = 4036.362 | Min Dist = 0.286 | Min Dist 10 = 0.183 | Min Dist 100 = 0.248 | Min Dist 1000 = 0.485 | Steps Per Second = 75.488 | Success = 1.000 | Success 1000 = 0.951
I0502 16:13:33.811286 139579566835264 terminal.py:91] [Evaluator] Actor Episodes = 26396 | Actor Steps = 1319800 | Delta Dist = 11.393 | Delta Dist 10 = 12.086 | Delta Dist 100 = 11.941 | Delta Dist 1000 = 11.658 | Episode Length = 50 | Episode Return = 16.0 | Evaluator Episodes = 6691 | Evaluator Steps = 334550 | Final Dist = 1.413 | Final Dist 10 = 0.721 | Final Dist 100 = 0.865 | Final Dist 1000 = 1.148 | Init Dist = 12.806 | Init Dist 10 = 12.806 | Init Dist 100 = 12.806 | Init Dist 1000 = 12.806 | Learner Steps = 20465 | Learner Walltime = 4037.537 | Min Dist = 0.244 | Min Dist 10 = 0.211 | Min Dist 100 = 0.249 | Min Dist 1000 = 0.485 | Steps Per Second = 85.941 | Success = 1.000 | Success 1000 = 0.951
I0502 16:13:35.028678 139579566835264 terminal.py:91] [Evaluator] Actor Episodes = 26402 | Actor Steps = 1320100 | Delta Dist = 11.467 | Delta Dist 10 = 12.036 | Delta Dist 100 = 11.939 | Delta Dist 1000 = 11.658 | Episode Length = 50 | Episode Return = 2.0 | Evaluator Episodes = 6693 | Evaluator Steps = 334650 | Final Dist = 1.339 | Final Dist 10 = 0.770 | Final Dist 100 = 0.867 | Final Dist 1000 = 1.149 | Init Dist = 12.806 | Init Dist 10 = 12.806 | Init Dist 100 = 12.806 | Init Dist 1000 = 12.806 | Learner Steps = 20470 | Learner Walltime = 4038.567 | Min Dist = 0.442 | Min Dist 10 = 0.228 | Min Dist 100 = 0.247 | Min Dist 1000 = 0.485 | Steps Per Second = 78.727 | Success = 1.000 | Success 1000 = 0.951
I0502 16:13:36.203619 139579566835264 terminal.py:91] [Evaluator] Actor Episodes = 26410 | Actor Steps = 1320500 | Delta Dist = 12.293 | Delta Dist 10 = 11.921 | Delta Dist 100 = 11.922 | Delta Dist 1000 = 11.657 | Episode Length = 50 | Episode Return = 11.0 | Evaluator Episodes = 6695 | Evaluator Steps = 334750 | Final Dist = 0.513 | Final Dist 10 = 0.885 | Final Dist 100 = 0.884 | Final Dist 1000 = 1.149 | Init Dist = 12.806 | Init Dist 10 = 12.806 | Init Dist 100 = 12.806 | Init Dist 1000 = 12.806 | Learner Steps = 20476 | Learner Walltime = 4039.779 | Min Dist = 0.297 | Min Dist 10 = 0.233 | Min Dist 100 = 0.251 | Min Dist 1000 = 0.485 | Steps Per Second = 80.031 | Success = 1.000 | Success 1000 = 0.951
I0502 16:13:37.367702 139579566835264 terminal.py:91] [Evaluator] Actor Episodes = 26418 | Actor Steps = 1320900 | Delta Dist = 11.411 | Delta Dist 10 = 11.876 | Delta Dist 100 = 11.922 | Delta Dist 1000 = 11.656 | Episode Length = 50 | Episode Return = 14.0 | Evaluator Episodes = 6697 | Evaluator Steps = 334850 | Final Dist = 1.395 | Final Dist 10 = 0.930 | Final Dist 100 = 0.885 | Final Dist 1000 = 1.150 | Init Dist = 12.806 | Init Dist 10 = 12.806 | Init Dist 100 = 12.806 | Init Dist 1000 = 12.806 | Learner Steps = 20481 | Learner Walltime = 4040.873 | Min Dist = 0.177 | Min Dist 10 = 0.239 | Min Dist 100 = 0.254 | Min Dist 1000 = 0.486 | Steps Per Second = 86.644 | Success = 1.000 | Success 1000 = 0.951
I0502 16:13:37.685933 139558059398720 terminal.py:91] [Actor] Actor Episodes = 26419 | Actor Steps = 1320950 | Delta Dist = 3.819 | Delta Dist 10 = 5.318 | Delta Dist 100 = 4.394 | Delta Dist 1000 = 4.425 | Episode Length = 50 | Episode Return = 6.0 | Evaluator Episodes = 6695 | Evaluator Steps = 334750 | Final Dist = 3.181 | Final Dist 10 = 1.528 | Final Dist 100 = 1.650 | Final Dist 1000 = 1.594 | Init Dist = 7.000 | Init Dist 10 = 6.847 | Init Dist 100 = 6.044 | Init Dist 1000 = 6.019 | Learner Steps = 20481 | Learner Walltime = 4040.873 | Min Dist = 0.841 | Min Dist 10 = 0.111 | Min Dist 100 = 0.279 | Min Dist 1000 = 0.241 | Steps Per Second = 99.071 | Success = 1.000 | Success 1000 = 0.984
I0502 16:13:38.567378 139579566835264 terminal.py:91] [Evaluator] Actor Episodes = 26426 | Actor Steps = 1321300 | Delta Dist = 12.068 | Delta Dist 10 = 11.748 | Delta Dist 100 = 11.910 | Delta Dist 1000 = 11.655 | Episode Length = 50 | Episode Return = 20.0 | Evaluator Episodes = 6699 | Evaluator Steps = 334950 | Final Dist = 0.738 | Final Dist 10 = 1.058 | Final Dist 100 = 0.896 | Final Dist 1000 = 1.151 | Init Dist = 12.806 | Init Dist 10 = 12.806 | Init Dist 100 = 12.806 | Init Dist 1000 = 12.806 | Learner Steps = 20487 | Learner Walltime = 4041.964 | Min Dist = 0.218 | Min Dist 10 = 0.229 | Min Dist 100 = 0.249 | Min Dist 1000 = 0.485 | Steps Per Second = 80.156 | Success = 1.000 | Success 1000 = 0.951
I0502 16:13:39.301132 139555860620864 terminal.py:91] [Actor] Actor Episodes = 26429 | Actor Steps = 1321450 | Delta Dist = 7.018 | Delta Dist 10 = 3.495 | Delta Dist 100 = 4.218 | Delta Dist 1000 = 4.414 | Episode Length = 50 | Episode Return = 5.0 | Evaluator Episodes = 6699 | Evaluator Steps = 334950 | Final Dist = 1.044 | Final Dist 10 = 1.930 | Final Dist 100 = 1.703 | Final Dist 1000 = 1.600 | Init Dist = 8.062 | Init Dist 10 = 5.425 | Init Dist 100 = 5.921 | Init Dist 1000 = 6.014 | Learner Steps = 20487 | Learner Walltime = 4041.964 | Min Dist = 0.058 | Min Dist 10 = 0.439 | Min Dist 100 = 0.285 | Min Dist 1000 = 0.243 | Steps Per Second = 80.920 | Success = 1.000 | Success 1000 = 0.983
I0502 16:13:39.882199 139579566835264 terminal.py:91] [Evaluator] Actor Episodes = 26434 | Actor Steps = 1321700 | Delta Dist = 12.042 | Delta Dist 10 = 11.807 | Delta Dist 100 = 11.910 | Delta Dist 1000 = 11.655 | Episode Length = 50 | Episode Return = 28.0 | Evaluator Episodes = 6701 | Evaluator Steps = 335050 | Final Dist = 0.765 | Final Dist 10 = 0.999 | Final Dist 100 = 0.897 | Final Dist 1000 = 1.152 | Init Dist = 12.806 | Init Dist 10 = 12.806 | Init Dist 100 = 12.806 | Init Dist 1000 = 12.806 | Learner Steps = 20493 | Learner Walltime = 4043.003 | Min Dist = 0.145 | Min Dist 10 = 0.188 | Min Dist 100 = 0.250 | Min Dist 1000 = 0.485 | Steps Per Second = 75.181 | Success = 1.000 | Success 1000 = 0.951
I0502 16:13:40.258218 139557462840896 terminal.py:91] [Actor] Actor Episodes = 26431 | Actor Steps = 1321550 | Delta Dist = 5.073 | Delta Dist 10 = 3.730 | Delta Dist 100 = 4.261 | Delta Dist 1000 = 4.413 | Episode Length = 50 | Episode Return = 28.0 | Evaluator Episodes = 6699 | Evaluator Steps = 334950 | Final Dist = 1.010 | Final Dist 10 = 1.357 | Final Dist 100 = 1.696 | Final Dist 1000 = 1.589 | Init Dist = 6.083 | Init Dist 10 = 5.087 | Init Dist 100 = 5.958 | Init Dist 1000 = 6.003 | Learner Steps = 20493 | Learner Walltime = 4043.003 | Min Dist = 0.096 | Min Dist 10 = 0.289 | Min Dist 100 = 0.288 | Min Dist 1000 = 0.244 | Steps Per Second = 73.085 | Success = 1.000 | Success 1000 = 0.983
I0502 16:13:40.433100 139555013154368 terminal.py:91] [Learner] Actor Episodes = 26436 | Actor Loss = 3.630836248397827 | Actor Steps = 1321800 | Binary Accuracy = 0.995978593826294 | Categorical Accuracy = 0.40771484375 | Critic Loss = 1.8953602313995361 | Entropy Mean = -19.62847900390625 | Evaluator Episodes = 6701 | Evaluator Steps = 335050 | Learner Steps = 20501 | Learner Walltime = 4044.631 | Logits Neg = -16.86418342590332 | Logits Pos = -1.8605477809906006 | Logsumexp = 1.179686427116394 | Steps Per Second = 225.491
I0502 16:13:40.985696 139569349502528 terminal.py:91] [Actor] Actor Episodes = 26442 | Actor Steps = 1322100 | Delta Dist = -0.645 | Delta Dist 10 = 3.271 | Delta Dist 100 = 4.263 | Delta Dist 1000 = 4.402 | Episode Length = 50 | Episode Return = 11.0 | Evaluator Episodes = 6701 | Evaluator Steps = 335050 | Final Dist = 1.645 | Final Dist 10 = 1.246 | Final Dist 100 = 1.707 | Final Dist 1000 = 1.588 | Init Dist = 1.000 | Init Dist 10 = 4.517 | Init Dist 100 = 5.969 | Init Dist 1000 = 5.990 | Learner Steps = 20499 | Learner Walltime = 4044.288 | Min Dist = 0.127 | Min Dist 10 = 0.104 | Min Dist 100 = 0.256 | Min Dist 1000 = 0.244 | Steps Per Second = 74.320 | Success = 1.000 | Success 1000 = 0.983
I0502 16:13:41.235083 139579566835264 terminal.py:91] [Evaluator] Actor Episodes = 26444 | Actor Steps = 1322200 | Delta Dist = 11.895 | Delta Dist 10 = 11.838 | Delta Dist 100 = 11.913 | Delta Dist 1000 = 11.655 | Episode Length = 50 | Episode Return = 16.0 | Evaluator Episodes = 6703 | Evaluator Steps = 335150 | Final Dist = 0.912 | Final Dist 10 = 0.968 | Final Dist 100 = 0.893 | Final Dist 1000 = 1.151 | Init Dist = 12.806 | Init Dist 10 = 12.806 | Init Dist 100 = 12.806 | Init Dist 1000 = 12.806 | Learner Steps = 20504 | Learner Walltime = 4045.289 | Min Dist = 0.144 | Min Dist 10 = 0.194 | Min Dist 100 = 0.251 | Min Dist 1000 = 0.484 | Steps Per Second = 80.694 | Success = 1.000 | Success 1000 = 0.951
I0502 16:13:42.414071 139584504182336 lp_utils.py:96] StepsLimiter: Reached 1322500 recorded steps
I0502 16:13:42.439064 139579566835264 terminal.py:91] [Evaluator] Actor Episodes = 26450 | Actor Steps = 1322500 | Delta Dist = 11.937 | Delta Dist 10 = 11.940 | Delta Dist 100 = 11.911 | Delta Dist 1000 = 11.654 | Episode Length = 50 | Episode Return = 31.0 | Evaluator Episodes = 6705 | Evaluator Steps = 335250 | Final Dist = 0.869 | Final Dist 10 = 0.866 | Final Dist 100 = 0.895 | Final Dist 1000 = 1.152 | Init Dist = 12.806 | Init Dist 10 = 12.806 | Init Dist 100 = 12.806 | Init Dist 1000 = 12.806 | Learner Steps = 20509 | Learner Walltime = 4046.407 | Min Dist = 0.146 | Min Dist 10 = 0.143 | Min Dist 100 = 0.243 | Min Dist 1000 = 0.483 | Steps Per Second = 81.313 | Success = 1.000 | Success 1000 = 0.951
I0502 16:13:43.596659 139579566835264 terminal.py:91] [Evaluator] Actor Episodes = 26458 | Actor Steps = 1322900 | Delta Dist = 11.327 | Delta Dist 10 = 11.940 | Delta Dist 100 = 11.916 | Delta Dist 1000 = 11.656 | Episode Length = 50 | Episode Return = 14.0 | Evaluator Episodes = 6707 | Evaluator Steps = 335350 | Final Dist = 1.479 | Final Dist 10 = 0.866 | Final Dist 100 = 0.890 | Final Dist 1000 = 1.151 | Init Dist = 12.806 | Init Dist 10 = 12.806 | Init Dist 100 = 12.806 | Init Dist 1000 = 12.806 | Learner Steps = 20515 | Learner Walltime = 4047.614 | Min Dist = 0.232 | Min Dist 10 = 0.158 | Min Dist 100 = 0.244 | Min Dist 1000 = 0.484 | Steps Per Second = 88.350 | Success = 1.000 | Success 1000 = 0.951
I0502 16:13:44.933853 139579566835264 terminal.py:91] [Evaluator] Actor Episodes = 26466 | Actor Steps = 1323300 | Delta Dist = 12.221 | Delta Dist 10 = 12.001 | Delta Dist 100 = 11.917 | Delta Dist 1000 = 11.655 | Episode Length = 50 | Episode Return = 26.0 | Evaluator Episodes = 6709 | Evaluator Steps = 335450 | Final Dist = 0.585 | Final Dist 10 = 0.805 | Final Dist 100 = 0.889 | Final Dist 1000 = 1.151 | Init Dist = 12.806 | Init Dist 10 = 12.806 | Init Dist 100 = 12.806 | Init Dist 1000 = 12.806 | Learner Steps = 20521 | Learner Walltime = 4048.727 | Min Dist = 0.181 | Min Dist 10 = 0.174 | Min Dist 100 = 0.247 | Min Dist 1000 = 0.483 | Steps Per Second = 79.723 | Success = 1.000 | Success 1000 = 0.951
I0502 16:13:46.217720 139579566835264 terminal.py:91] [Evaluator] Actor Episodes = 26474 | Actor Steps = 1323700 | Delta Dist = 12.401 | Delta Dist 10 = 12.027 | Delta Dist 100 = 11.917 | Delta Dist 1000 = 11.656 | Episode Length = 50 | Episode Return = 29.0 | Evaluator Episodes = 6711 | Evaluator Steps = 335550 | Final Dist = 0.405 | Final Dist 10 = 0.779 | Final Dist 100 = 0.889 | Final Dist 1000 = 1.150 | Init Dist = 12.806 | Init Dist 10 = 12.806 | Init Dist 100 = 12.806 | Init Dist 1000 = 12.806 | Learner Steps = 20527 | Learner Walltime = 4049.969 | Min Dist = 0.014 | Min Dist 10 = 0.199 | Min Dist 100 = 0.247 | Min Dist 1000 = 0.483 | Steps Per Second = 74.851 | Success = 1.000 | Success 1000 = 0.951
I0502 16:13:47.542964 139579566835264 terminal.py:91] [Evaluator] Actor Episodes = 26482 | Actor Steps = 1324100 | Delta Dist = 12.165 | Delta Dist 10 = 12.004 | Delta Dist 100 = 11.932 | Delta Dist 1000 = 11.656 | Episode Length = 50 | Episode Return = 29.0 | Evaluator Episodes = 6713 | Evaluator Steps = 335650 | Final Dist = 0.641 | Final Dist 10 = 0.802 | Final Dist 100 = 0.874 | Final Dist 1000 = 1.150 | Init Dist = 12.806 | Init Dist 10 = 12.806 | Init Dist 100 = 12.806 | Init Dist 1000 = 12.806 | Learner Steps = 20533 | Learner Walltime = 4051.331 | Min Dist = 0.024 | Min Dist 10 = 0.165 | Min Dist 100 = 0.245 | Min Dist 1000 = 0.482 | Steps Per Second = 76.697 | Success = 1.000 | Success 1000 = 0.951
I0502 16:13:47.856083 139558059398720 terminal.py:91] [Actor] Actor Episodes = 26479 | Actor Steps = 1323950 | Delta Dist = 5.913 | Delta Dist 10 = 4.399 | Delta Dist 100 = 4.303 | Delta Dist 1000 = 4.407 | Episode Length = 50 | Episode Return = 38.0 | Evaluator Episodes = 6711 | Evaluator Steps = 335550 | Final Dist = 0.795 | Final Dist 10 = 1.904 | Final Dist 100 = 1.363 | Final Dist 1000 = 1.601 | Init Dist = 6.708 | Init Dist 10 = 6.303 | Init Dist 100 = 5.666 | Init Dist 1000 = 6.009 | Learner Steps = 20533 | Learner Walltime = 4051.331 | Min Dist = 0.009 | Min Dist 10 = 0.067 | Min Dist 100 = 0.186 | Min Dist 1000 = 0.251 | Steps Per Second = 84.539 | Success = 1.000 | Success 1000 = 0.984
I0502 16:13:48.807713 139579566835264 terminal.py:91] [Evaluator] Actor Episodes = 26492 | Actor Steps = 1324600 | Delta Dist = 11.790 | Delta Dist 10 = 12.042 | Delta Dist 100 = 11.930 | Delta Dist 1000 = 11.655 | Episode Length = 50 | Episode Return = 24.0 | Evaluator Episodes = 6715 | Evaluator Steps = 335750 | Final Dist = 1.017 | Final Dist 10 = 0.764 | Final Dist 100 = 0.877 | Final Dist 1000 = 1.151 | Init Dist = 12.806 | Init Dist 10 = 12.806 | Init Dist 100 = 12.806 | Init Dist 1000 = 12.806 | Learner Steps = 20539 | Learner Walltime = 4052.344 | Min Dist = 0.077 | Min Dist 10 = 0.170 | Min Dist 100 = 0.245 | Min Dist 1000 = 0.482 | Steps Per Second = 76.197 | Success = 1.000 | Success 1000 = 0.951
I0502 16:13:49.338935 139555860620864 terminal.py:91] [Actor] Actor Episodes = 26491 | Actor Steps = 1324550 | Delta Dist = 5.763 | Delta Dist 10 = 4.459 | Delta Dist 100 = 4.334 | Delta Dist 1000 = 4.402 | Episode Length = 50 | Episode Return = 20.0 | Evaluator Episodes = 6713 | Evaluator Steps = 335650 | Final Dist = 0.320 | Final Dist 10 = 1.137 | Final Dist 100 = 1.382 | Final Dist 1000 = 1.601 | Init Dist = 6.083 | Init Dist 10 = 5.596 | Init Dist 100 = 5.716 | Init Dist 1000 = 6.003 | Learner Steps = 20539 | Learner Walltime = 4052.344 | Min Dist = 0.067 | Min Dist 10 = 0.038 | Min Dist 100 = 0.172 | Min Dist 1000 = 0.251 | Steps Per Second = 74.735 | Success = 1.000 | Success 1000 = 0.984
I0502 16:13:50.095670 139579566835264 terminal.py:91] [Evaluator] Actor Episodes = 26500 | Actor Steps = 1325000 | Delta Dist = 5.880 | Delta Dist 10 = 12.117 | Delta Dist 100 = 11.933 | Delta Dist 1000 = 11.656 | Episode Length = 50 | Episode Return = 0.0 | Evaluator Episodes = 6717 | Evaluator Steps = 335850 | Final Dist = 6.926 | Final Dist 10 = 0.689 | Final Dist 100 = 0.873 | Final Dist 1000 = 1.150 | Init Dist = 12.806 | Init Dist 10 = 12.806 | Init Dist 100 = 12.806 | Init Dist 1000 = 12.806 | Learner Steps = 20545 | Learner Walltime = 4053.507 | Min Dist = 5.351 | Min Dist 10 = 0.126 | Min Dist 100 = 0.245 | Min Dist 1000 = 0.482 | Steps Per Second = 80.691 | Success = 0.000 | Success 1000 = 0.951
I0502 16:13:50.496129 139557462840896 terminal.py:91] [Actor] Actor Episodes = 26497 | Actor Steps = 1324850 | Delta Dist = 4.422 | Delta Dist 10 = 4.071 | Delta Dist 100 = 4.345 | Delta Dist 1000 = 4.402 | Episode Length = 50 | Episode Return = 33.0 | Evaluator Episodes = 6715 | Evaluator Steps = 335750 | Final Dist = 0.578 | Final Dist 10 = 2.233 | Final Dist 100 = 1.426 | Final Dist 1000 = 1.591 | Init Dist = 5.000 | Init Dist 10 = 6.304 | Init Dist 100 = 5.771 | Init Dist 1000 = 5.993 | Learner Steps = 20545 | Learner Walltime = 4053.507 | Min Dist = 0.092 | Min Dist 10 = 0.089 | Min Dist 100 = 0.175 | Min Dist 1000 = 0.251 | Steps Per Second = 67.320 | Success = 1.000 | Success 1000 = 0.984
I0502 16:13:50.760266 139555013154368 terminal.py:91] [Learner] Actor Episodes = 26500 | Actor Loss = 3.5846877098083496 | Actor Steps = 1325000 | Binary Accuracy = 0.9960453510284424 | Categorical Accuracy = 0.41546630859375 | Critic Loss = 1.840847134590149 | Entropy Mean = -20.896259307861328 | Evaluator Episodes = 6717 | Evaluator Steps = 335850 | Learner Steps = 20551 | Learner Walltime = 4054.953 | Logits Neg = -16.93212127685547 | Logits Pos = -1.8121628761291504 | Logsumexp = 1.0865087509155273 | Steps Per Second = 195.490
I0502 16:13:51.289855 139579566835264 terminal.py:91] [Evaluator] Actor Episodes = 26506 | Actor Steps = 1325300 | Delta Dist = 11.730 | Delta Dist 10 = 11.555 | Delta Dist 100 = 11.868 | Delta Dist 1000 = 11.650 | Episode Length = 50 | Episode Return = 11.0 | Evaluator Episodes = 6719 | Evaluator Steps = 335950 | Final Dist = 1.076 | Final Dist 10 = 1.251 | Final Dist 100 = 0.939 | Final Dist 1000 = 1.156 | Init Dist = 12.806 | Init Dist 10 = 12.806 | Init Dist 100 = 12.806 | Init Dist 1000 = 12.806 | Learner Steps = 20550 | Learner Walltime = 4054.625 | Min Dist = 0.169 | Min Dist 10 = 0.629 | Min Dist 100 = 0.293 | Min Dist 1000 = 0.487 | Steps Per Second = 97.062 | Success = 1.000 | Success 1000 = 0.950
I0502 16:13:51.325742 139569349502528 terminal.py:91] [Actor] Actor Episodes = 26508 | Actor Steps = 1325400 | Delta Dist = 1.592 | Delta Dist 10 = 4.381 | Delta Dist 100 = 4.226 | Delta Dist 1000 = 4.378 | Episode Length = 50 | Episode Return = 42.0 | Evaluator Episodes = 6719 | Evaluator Steps = 335950 | Final Dist = 0.408 | Final Dist 10 = 1.133 | Final Dist 100 = 1.437 | Final Dist 1000 = 1.595 | Init Dist = 2.000 | Init Dist 10 = 5.514 | Init Dist 100 = 5.662 | Init Dist 1000 = 5.973 | Learner Steps = 20550 | Learner Walltime = 4054.625 | Min Dist = 0.117 | Min Dist 10 = 0.099 | Min Dist 100 = 0.176 | Min Dist 1000 = 0.250 | Steps Per Second = 78.848 | Success = 1.000 | Success 1000 = 0.984
I0502 16:13:52.431616 139584504182336 lp_utils.py:96] StepsLimiter: Reached 1325600 recorded steps
I0502 16:13:52.569503 139579566835264 terminal.py:91] [Evaluator] Actor Episodes = 26512 | Actor Steps = 1325600 | Delta Dist = 12.533 | Delta Dist 10 = 10.941 | Delta Dist 100 = 11.824 | Delta Dist 1000 = 11.646 | Episode Length = 50 | Episode Return = 16.0 | Evaluator Episodes = 6721 | Evaluator Steps = 336050 | Final Dist = 0.274 | Final Dist 10 = 1.866 | Final Dist 100 = 0.982 | Final Dist 1000 = 1.160 | Init Dist = 12.806 | Init Dist 10 = 12.806 | Init Dist 100 = 12.806 | Init Dist 1000 = 12.806 | Learner Steps = 20556 | Learner Walltime = 4055.925 | Min Dist = 0.260 | Min Dist 10 = 1.108 | Min Dist 100 = 0.342 | Min Dist 1000 = 0.491 | Steps Per Second = 78.339 | Success = 1.000 | Success 1000 = 0.949
I0502 16:13:53.839360 139579566835264 terminal.py:91] [Evaluator] Actor Episodes = 26520 | Actor Steps = 1326000 | Delta Dist = 11.853 | Delta Dist 10 = 11.008 | Delta Dist 100 = 11.828 | Delta Dist 1000 = 11.647 | Episode Length = 50 | Episode Return = 4.0 | Evaluator Episodes = 6723 | Evaluator Steps = 336150 | Final Dist = 0.953 | Final Dist 10 = 1.798 | Final Dist 100 = 0.978 | Final Dist 1000 = 1.159 | Init Dist = 12.806 | Init Dist 10 = 12.806 | Init Dist 100 = 12.806 | Init Dist 1000 = 12.806 | Learner Steps = 20562 | Learner Walltime = 4057.225 | Min Dist = 0.409 | Min Dist 10 = 1.148 | Min Dist 100 = 0.342 | Min Dist 1000 = 0.492 | Steps Per Second = 78.638 | Success = 1.000 | Success 1000 = 0.949
I0502 16:13:55.100287 139579566835264 terminal.py:91] [Evaluator] Actor Episodes = 26530 | Actor Steps = 1326500 | Delta Dist = 12.291 | Delta Dist 10 = 10.957 | Delta Dist 100 = 11.817 | Delta Dist 1000 = 11.648 | Episode Length = 50 | Episode Return = 28.0 | Evaluator Episodes = 6725 | Evaluator Steps = 336250 | Final Dist = 0.515 | Final Dist 10 = 1.849 | Final Dist 100 = 0.990 | Final Dist 1000 = 1.159 | Init Dist = 12.806 | Init Dist 10 = 12.806 | Init Dist 100 = 12.806 | Init Dist 1000 = 12.806 | Learner Steps = 20568 | Learner Walltime = 4058.417 | Min Dist = 0.161 | Min Dist 10 = 1.174 | Min Dist 100 = 0.345 | Min Dist 1000 = 0.491 | Steps Per Second = 79.924 | Success = 1.000 | Success 1000 = 0.949
I0502 16:13:56.229724 139579566835264 terminal.py:91] [Evaluator] Actor Episodes = 26536 | Actor Steps = 1326800 | Delta Dist = 12.452 | Delta Dist 10 = 10.963 | Delta Dist 100 = 11.814 | Delta Dist 1000 = 11.649 | Episode Length = 50 | Episode Return = 13.0 | Evaluator Episodes = 6727 | Evaluator Steps = 336350 | Final Dist = 0.354 | Final Dist 10 = 1.843 | Final Dist 100 = 0.992 | Final Dist 1000 = 1.157 | Init Dist = 12.806 | Init Dist 10 = 12.806 | Init Dist 100 = 12.806 | Init Dist 1000 = 12.806 | Learner Steps = 20574 | Learner Walltime = 4059.473 | Min Dist = 0.040 | Min Dist 10 = 1.201 | Min Dist 100 = 0.346 | Min Dist 1000 = 0.491 | Steps Per Second = 92.956 | Success = 1.000 | Success 1000 = 0.949
I0502 16:13:57.361803 139579566835264 terminal.py:91] [Evaluator] Actor Episodes = 26544 | Actor Steps = 1327200 | Delta Dist = 11.487 | Delta Dist 10 = 11.500 | Delta Dist 100 = 11.812 | Delta Dist 1000 = 11.649 | Episode Length = 50 | Episode Return = 1.0 | Evaluator Episodes = 6729 | Evaluator Steps = 336450 | Final Dist = 1.319 | Final Dist 10 = 1.306 | Final Dist 100 = 0.994 | Final Dist 1000 = 1.157 | Init Dist = 12.806 | Init Dist 10 = 12.806 | Init Dist 100 = 12.806 | Init Dist 1000 = 12.806 | Learner Steps = 20579 | Learner Walltime = 4060.587 | Min Dist = 0.888 | Min Dist 10 = 0.681 | Min Dist 100 = 0.340 | Min Dist 1000 = 0.491 | Steps Per Second = 97.600 | Success = 1.000 | Success 1000 = 0.949
I0502 16:13:58.353942 139558059398720 terminal.py:91] [Actor] Actor Episodes = 26552 | Actor Steps = 1327600 | Delta Dist = 5.686 | Delta Dist 10 = 4.030 | Delta Dist 100 = 4.522 | Delta Dist 1000 = 4.372 | Episode Length = 50 | Episode Return = 49.0 | Evaluator Episodes = 6729 | Evaluator Steps = 336450 | Final Dist = 0.314 | Final Dist 10 = 0.524 | Final Dist 100 = 1.166 | Final Dist 1000 = 1.575 | Init Dist = 6.000 | Init Dist 10 = 4.554 | Init Dist 100 = 5.688 | Init Dist 1000 = 5.947 | Learner Steps = 20586 | Learner Walltime = 4061.798 | Min Dist = 0.157 | Min Dist 10 = 0.097 | Min Dist 100 = 0.097 | Min Dist 1000 = 0.243 | Steps Per Second = 79.635 | Success = 1.000 | Success 1000 = 0.984
I0502 16:13:58.616781 139579566835264 terminal.py:91] [Evaluator] Actor Episodes = 26552 | Actor Steps = 1327600 | Delta Dist = 11.901 | Delta Dist 10 = 12.029 | Delta Dist 100 = 11.811 | Delta Dist 1000 = 11.654 | Episode Length = 50 | Episode Return = 5.0 | Evaluator Episodes = 6731 | Evaluator Steps = 336550 | Final Dist = 0.905 | Final Dist 10 = 0.777 | Final Dist 100 = 0.995 | Final Dist 1000 = 1.153 | Init Dist = 12.806 | Init Dist 10 = 12.806 | Init Dist 100 = 12.806 | Init Dist 1000 = 12.806 | Learner Steps = 20586 | Learner Walltime = 4061.798 | Min Dist = 0.087 | Min Dist 10 = 0.255 | Min Dist 100 = 0.342 | Min Dist 1000 = 0.486 | Steps Per Second = 80.493 | Success = 1.000 | Success 1000 = 0.950
I0502 16:13:59.855852 139579566835264 terminal.py:91] [Evaluator] Actor Episodes = 26560 | Actor Steps = 1328000 | Delta Dist = 11.501 | Delta Dist 10 = 12.009 | Delta Dist 100 = 11.815 | Delta Dist 1000 = 11.654 | Episode Length = 50 | Episode Return = 4.0 | Evaluator Episodes = 6733 | Evaluator Steps = 336650 | Final Dist = 1.305 | Final Dist 10 = 0.797 | Final Dist 100 = 0.991 | Final Dist 1000 = 1.152 | Init Dist = 12.806 | Init Dist 10 = 12.806 | Init Dist 100 = 12.806 | Init Dist 1000 = 12.806 | Learner Steps = 20592 | Learner Walltime = 4063.092 | Min Dist = 0.304 | Min Dist 10 = 0.224 | Min Dist 100 = 0.342 | Min Dist 1000 = 0.486 | Steps Per Second = 80.466 | Success = 1.000 | Success 1000 = 0.950
I0502 16:13:59.898523 139555860620864 terminal.py:91] [Actor] Actor Episodes = 26562 | Actor Steps = 1328100 | Delta Dist = 0.800 | Delta Dist 10 = 5.756 | Delta Dist 100 = 4.744 | Delta Dist 1000 = 4.404 | Episode Length = 50 | Episode Return = 44.0 | Evaluator Episodes = 6733 | Evaluator Steps = 336650 | Final Dist = 0.200 | Final Dist 10 = 1.485 | Final Dist 100 = 1.196 | Final Dist 1000 = 1.570 | Init Dist = 1.000 | Init Dist 10 = 7.242 | Init Dist 100 = 5.940 | Init Dist 1000 = 5.974 | Learner Steps = 20592 | Learner Walltime = 4063.092 | Min Dist = 0.049 | Min Dist 10 = 0.183 | Min Dist 100 = 0.092 | Min Dist 1000 = 0.237 | Steps Per Second = 81.944 | Success = 1.000 | Success 1000 = 0.986
I0502 16:13:59.967334 139584635659840 savers.py:156] Saving checkpoint: logs/contrastive_cpc_point_FourRooms_64/5dd72662-2788-11f0-b183-d85ed38c5779/checkpoints/counter
I0502 16:14:00.696518 139557462840896 terminal.py:91] [Actor] Actor Episodes = 26568 | Actor Steps = 1328400 | Delta Dist = 1.706 | Delta Dist 10 = 4.049 | Delta Dist 100 = 4.574 | Delta Dist 1000 = 4.376 | Episode Length = 50 | Episode Return = 45.0 | Evaluator Episodes = 6733 | Evaluator Steps = 336650 | Final Dist = 4.376 | Final Dist 10 = 1.623 | Final Dist 100 = 1.318 | Final Dist 1000 = 1.581 | Init Dist = 6.083 | Init Dist 10 = 5.672 | Init Dist 100 = 5.892 | Init Dist 1000 = 5.957 | Learner Steps = 20598 | Learner Walltime = 4064.197 | Min Dist = 0.037 | Min Dist 10 = 0.242 | Min Dist 100 = 0.103 | Min Dist 1000 = 0.238 | Steps Per Second = 82.855 | Success = 1.000 | Success 1000 = 0.985
I0502 16:14:00.762701 139555013154368 terminal.py:91] [Learner] Actor Episodes = 26564 | Actor Loss = 3.6134114265441895 | Actor Steps = 1328200 | Binary Accuracy = 0.9960916042327881 | Categorical Accuracy = 0.4339599609375 | Critic Loss = 1.7732207775115967 | Entropy Mean = -20.235679626464844 | Evaluator Episodes = 6733 | Evaluator Steps = 336650 | Learner Steps = 20603 | Learner Walltime = 4064.959 | Logits Neg = -17.185794830322266 | Logits Pos = -1.7301712036132812 | Logsumexp = 1.0789246559143066 | Steps Per Second = 1143.826
I0502 16:14:01.009969 139579566835264 terminal.py:91] [Evaluator] Actor Episodes = 26568 | Actor Steps = 1328400 | Delta Dist = 12.375 | Delta Dist 10 = 11.964 | Delta Dist 100 = 11.812 | Delta Dist 1000 = 11.657 | Episode Length = 50 | Episode Return = 18.0 | Evaluator Episodes = 6735 | Evaluator Steps = 336750 | Final Dist = 0.431 | Final Dist 10 = 0.843 | Final Dist 100 = 0.995 | Final Dist 1000 = 1.149 | Init Dist = 12.806 | Init Dist 10 = 12.806 | Init Dist 100 = 12.806 | Init Dist 1000 = 12.806 | Learner Steps = 20598 | Learner Walltime = 4064.197 | Min Dist = 0.188 | Min Dist 10 = 0.217 | Min Dist 100 = 0.342 | Min Dist 1000 = 0.482 | Steps Per Second = 90.272 | Success = 1.000 | Success 1000 = 0.951
I0502 16:14:01.781517 139569349502528 terminal.py:91] [Actor] Actor Episodes = 26573 | Actor Steps = 1328650 | Delta Dist = 1.583 | Delta Dist 10 = 4.011 | Delta Dist 100 = 4.539 | Delta Dist 1000 = 4.370 | Episode Length = 50 | Episode Return = 39.0 | Evaluator Episodes = 6735 | Evaluator Steps = 336750 | Final Dist = 1.246 | Final Dist 10 = 0.948 | Final Dist 100 = 1.253 | Final Dist 1000 = 1.581 | Init Dist = 2.828 | Init Dist 10 = 4.959 | Init Dist 100 = 5.792 | Init Dist 1000 = 5.951 | Learner Steps = 20604 | Learner Walltime = 4065.364 | Min Dist = 0.091 | Min Dist 10 = 0.197 | Min Dist 100 = 0.107 | Min Dist 1000 = 0.238 | Steps Per Second = 87.264 | Success = 1.000 | Success 1000 = 0.986
I0502 16:14:02.185983 139579566835264 terminal.py:91] [Evaluator] Actor Episodes = 26576 | Actor Steps = 1328800 | Delta Dist = 12.535 | Delta Dist 10 = 11.981 | Delta Dist 100 = 11.815 | Delta Dist 1000 = 11.659 | Episode Length = 50 | Episode Return = 37.0 | Evaluator Episodes = 6737 | Evaluator Steps = 336850 | Final Dist = 0.271 | Final Dist 10 = 0.825 | Final Dist 100 = 0.991 | Final Dist 1000 = 1.148 | Init Dist = 12.806 | Init Dist 10 = 12.806 | Init Dist 100 = 12.806 | Init Dist 1000 = 12.806 | Learner Steps = 20604 | Learner Walltime = 4065.364 | Min Dist = 0.005 | Min Dist 10 = 0.202 | Min Dist 100 = 0.343 | Min Dist 1000 = 0.481 | Steps Per Second = 90.513 | Success = 1.000 | Success 1000 = 0.951
I0502 16:14:02.450613 139584504182336 lp_utils.py:96] StepsLimiter: Reached 1329000 recorded steps
I0502 16:14:03.363260 139579566835264 terminal.py:91] [Evaluator] Actor Episodes = 26584 | Actor Steps = 1329200 | Delta Dist = 5.188 | Delta Dist 10 = 12.145 | Delta Dist 100 = 11.828 | Delta Dist 1000 = 11.661 | Episode Length = 50 | Episode Return = 0.0 | Evaluator Episodes = 6739 | Evaluator Steps = 336950 | Final Dist = 7.618 | Final Dist 10 = 0.662 | Final Dist 100 = 0.978 | Final Dist 1000 = 1.145 | Init Dist = 12.806 | Init Dist 10 = 12.806 | Init Dist 100 = 12.806 | Init Dist 1000 = 12.806 | Learner Steps = 20611 | Learner Walltime = 4066.593 | Min Dist = 6.648 | Min Dist 10 = 0.190 | Min Dist 100 = 0.342 | Min Dist 1000 = 0.480 | Steps Per Second = 81.005 | Success = 0.000 | Success 1000 = 0.951
I0502 16:14:04.304091 139583350109760 savers.py:156] Saving checkpoint: logs/contrastive_cpc_point_FourRooms_64/5dd72662-2788-11f0-b183-d85ed38c5779/checkpoints/learner
I0502 16:14:04.648443 139579566835264 terminal.py:91] [Evaluator] Actor Episodes = 26592 | Actor Steps = 1329600 | Delta Dist = 12.566 | Delta Dist 10 = 11.506 | Delta Dist 100 = 11.758 | Delta Dist 1000 = 11.655 | Episode Length = 50 | Episode Return = 24.0 | Evaluator Episodes = 6741 | Evaluator Steps = 337050 | Final Dist = 0.240 | Final Dist 10 = 1.300 | Final Dist 100 = 1.048 | Final Dist 1000 = 1.151 | Init Dist = 12.806 | Init Dist 10 = 12.806 | Init Dist 100 = 12.806 | Init Dist 1000 = 12.806 | Learner Steps = 20622 | Learner Walltime = 4068.786 | Min Dist = 0.089 | Min Dist 10 = 0.780 | Min Dist 100 = 0.411 | Min Dist 1000 = 0.487 | Steps Per Second = 75.677 | Success = 1.000 | Success 1000 = 0.950
I0502 16:14:05.916910 139579566835264 terminal.py:91] [Evaluator] Actor Episodes = 26600 | Actor Steps = 1330000 | Delta Dist = 12.657 | Delta Dist 10 = 11.509 | Delta Dist 100 = 11.763 | Delta Dist 1000 = 11.655 | Episode Length = 50 | Episode Return = 23.0 | Evaluator Episodes = 6743 | Evaluator Steps = 337150 | Final Dist = 0.149 | Final Dist 10 = 1.298 | Final Dist 100 = 1.043 | Final Dist 1000 = 1.152 | Init Dist = 12.806 | Init Dist 10 = 12.806 | Init Dist 100 = 12.806 | Init Dist 1000 = 12.806 | Learner Steps = 20627 | Learner Walltime = 4069.887 | Min Dist = 0.111 | Min Dist 10 = 0.796 | Min Dist 100 = 0.412 | Min Dist 1000 = 0.487 | Steps Per Second = 77.166 | Success = 1.000 | Success 1000 = 0.950
I0502 16:14:07.261124 139579566835264 terminal.py:91] [Evaluator] Actor Episodes = 26608 | Actor Steps = 1330400 | Delta Dist = 6.824 | Delta Dist 10 = 11.702 | Delta Dist 100 = 11.774 | Delta Dist 1000 = 11.656 | Episode Length = 50 | Episode Return = 0.0 | Evaluator Episodes = 6745 | Evaluator Steps = 337250 | Final Dist = 5.982 | Final Dist 10 = 1.104 | Final Dist 100 = 1.032 | Final Dist 1000 = 1.150 | Init Dist = 12.806 | Init Dist 10 = 12.806 | Init Dist 100 = 12.806 | Init Dist 1000 = 12.806 | Learner Steps = 20633 | Learner Walltime = 4070.976 | Min Dist = 3.417 | Min Dist 10 = 0.797 | Min Dist 100 = 0.411 | Min Dist 1000 = 0.487 | Steps Per Second = 72.866 | Success = 0.000 | Success 1000 = 0.950
I0502 16:14:08.545890 139579566835264 terminal.py:91] [Evaluator] Actor Episodes = 26616 | Actor Steps = 1330800 | Delta Dist = 11.490 | Delta Dist 10 = 11.035 | Delta Dist 100 = 11.711 | Delta Dist 1000 = 11.654 | Episode Length = 50 | Episode Return = 8.0 | Evaluator Episodes = 6747 | Evaluator Steps = 337350 | Final Dist = 1.316 | Final Dist 10 = 1.771 | Final Dist 100 = 1.095 | Final Dist 1000 = 1.153 | Init Dist = 12.806 | Init Dist 10 = 12.806 | Init Dist 100 = 12.806 | Init Dist 1000 = 12.806 | Learner Steps = 20640 | Learner Walltime = 4072.332 | Min Dist = 0.149 | Min Dist 10 = 1.131 | Min Dist 100 = 0.444 | Min Dist 1000 = 0.486 | Steps Per Second = 80.141 | Success = 1.000 | Success 1000 = 0.950
I0502 16:14:08.734059 139558059398720 terminal.py:91] [Actor] Actor Episodes = 26615 | Actor Steps = 1330750 | Delta Dist = 7.228 | Delta Dist 10 = 5.608 | Delta Dist 100 = 4.741 | Delta Dist 1000 = 4.396 | Episode Length = 50 | Episode Return = 40.0 | Evaluator Episodes = 6745 | Evaluator Steps = 337250 | Final Dist = 0.582 | Final Dist 10 = 0.422 | Final Dist 100 = 1.446 | Final Dist 1000 = 1.570 | Init Dist = 7.810 | Init Dist 10 = 6.030 | Init Dist 100 = 6.187 | Init Dist 1000 = 5.967 | Learner Steps = 20640 | Learner Walltime = 4072.332 | Min Dist = 0.582 | Min Dist 10 = 0.101 | Min Dist 100 = 0.119 | Min Dist 1000 = 0.216 | Steps Per Second = 89.846 | Success = 1.000 | Success 1000 = 0.986
I0502 16:14:09.727563 139579566835264 terminal.py:91] [Evaluator] Actor Episodes = 26624 | Actor Steps = 1331200 | Delta Dist = 11.427 | Delta Dist 10 = 10.813 | Delta Dist 100 = 11.697 | Delta Dist 1000 = 11.653 | Episode Length = 50 | Episode Return = 29.0 | Evaluator Episodes = 6749 | Evaluator Steps = 337450 | Final Dist = 1.379 | Final Dist 10 = 1.993 | Final Dist 100 = 1.109 | Final Dist 1000 = 1.154 | Init Dist = 12.806 | Init Dist 10 = 12.806 | Init Dist 100 = 12.806 | Init Dist 1000 = 12.806 | Learner Steps = 20645 | Learner Walltime = 4073.484 | Min Dist = 0.106 | Min Dist 10 = 1.156 | Min Dist 100 = 0.443 | Min Dist 1000 = 0.486 | Steps Per Second = 84.502 | Success = 1.000 | Success 1000 = 0.950
I0502 16:14:10.360722 139555860620864 terminal.py:91] [Actor] Actor Episodes = 26627 | Actor Steps = 1331350 | Delta Dist = 2.387 | Delta Dist 10 = 5.121 | Delta Dist 100 = 4.748 | Delta Dist 1000 = 4.396 | Episode Length = 50 | Episode Return = 0.0 | Evaluator Episodes = 6749 | Evaluator Steps = 337450 | Final Dist = 5.423 | Final Dist 10 = 1.794 | Final Dist 100 = 1.560 | Final Dist 1000 = 1.577 | Init Dist = 7.810 | Init Dist 10 = 6.915 | Init Dist 100 = 6.308 | Init Dist 1000 = 5.972 | Learner Steps = 20645 | Learner Walltime = 4073.484 | Min Dist = 0.089 | Min Dist 10 = 0.130 | Min Dist 100 = 0.119 | Min Dist 1000 = 0.216 | Steps Per Second = 79.569 | Success = 1.000 | Success 1000 = 0.987
I0502 16:14:10.961380 139579566835264 terminal.py:91] [Evaluator] Actor Episodes = 26634 | Actor Steps = 1331700 | Delta Dist = 12.069 | Delta Dist 10 = 10.771 | Delta Dist 100 = 11.696 | Delta Dist 1000 = 11.646 | Episode Length = 50 | Episode Return = 27.0 | Evaluator Episodes = 6751 | Evaluator Steps = 337550 | Final Dist = 0.737 | Final Dist 10 = 2.036 | Final Dist 100 = 1.110 | Final Dist 1000 = 1.161 | Init Dist = 12.806 | Init Dist 10 = 12.806 | Init Dist 100 = 12.806 | Init Dist 1000 = 12.806 | Learner Steps = 20651 | Learner Walltime = 4074.668 | Min Dist = 0.224 | Min Dist 10 = 1.108 | Min Dist 100 = 0.440 | Min Dist 1000 = 0.491 | Steps Per Second = 89.303 | Success = 1.000 | Success 1000 = 0.949
I0502 16:14:11.054905 139555013154368 terminal.py:91] [Learner] Actor Episodes = 26628 | Actor Loss = 3.6078877449035645 | Actor Steps = 1331400 | Binary Accuracy = 0.99605393409729 | Categorical Accuracy = 0.42059326171875 | Critic Loss = 1.8812066316604614 | Entropy Mean = -20.27008819580078 | Evaluator Episodes = 6749 | Evaluator Steps = 337450 | Learner Steps = 20654 | Learner Walltime = 4075.251 | Logits Neg = -16.70543670654297 | Logits Pos = -1.8402432203292847 | Logsumexp = 1.0745872259140015 | Steps Per Second = 143.831
I0502 16:14:11.110707 139557462840896 terminal.py:91] [Actor] Actor Episodes = 26631 | Actor Steps = 1331550 | Delta Dist = 6.931 | Delta Dist 10 = 4.454 | Delta Dist 100 = 4.660 | Delta Dist 1000 = 4.402 | Episode Length = 50 | Episode Return = 40.0 | Evaluator Episodes = 6749 | Evaluator Steps = 337450 | Final Dist = 0.349 | Final Dist 10 = 2.344 | Final Dist 100 = 1.487 | Final Dist 1000 = 1.576 | Init Dist = 7.280 | Init Dist 10 = 6.798 | Init Dist 100 = 6.148 | Init Dist 1000 = 5.978 | Learner Steps = 20651 | Learner Walltime = 4074.668 | Min Dist = 0.135 | Min Dist 10 = 0.099 | Min Dist 100 = 0.124 | Min Dist 1000 = 0.216 | Steps Per Second = 83.900 | Success = 1.000 | Success 1000 = 0.988
I0502 16:14:12.273032 139569349502528 terminal.py:91] [Actor] Actor Episodes = 26644 | Actor Steps = 1332200 | Delta Dist = 7.500 | Delta Dist 10 = 3.779 | Delta Dist 100 = 4.495 | Delta Dist 1000 = 4.394 | Episode Length = 50 | Episode Return = 38.0 | Evaluator Episodes = 6751 | Evaluator Steps = 337550 | Final Dist = 0.311 | Final Dist 10 = 0.589 | Final Dist 100 = 1.456 | Final Dist 1000 = 1.576 | Init Dist = 7.810 | Init Dist 10 = 4.369 | Init Dist 100 = 5.950 | Init Dist 1000 = 5.970 | Learner Steps = 20658 | Learner Walltime = 4075.896 | Min Dist = 0.311 | Min Dist 10 = 0.079 | Min Dist 100 = 0.123 | Min Dist 1000 = 0.216 | Steps Per Second = 79.212 | Success = 1.000 | Success 1000 = 0.988
I0502 16:14:12.286597 139579566835264 terminal.py:91] [Evaluator] Actor Episodes = 26644 | Actor Steps = 1332200 | Delta Dist = 12.564 | Delta Dist 10 = 10.724 | Delta Dist 100 = 11.703 | Delta Dist 1000 = 11.646 | Episode Length = 50 | Episode Return = 24.0 | Evaluator Episodes = 6753 | Evaluator Steps = 337650 | Final Dist = 0.242 | Final Dist 10 = 2.082 | Final Dist 100 = 1.104 | Final Dist 1000 = 1.161 | Init Dist = 12.806 | Init Dist 10 = 12.806 | Init Dist 100 = 12.806 | Init Dist 1000 = 12.806 | Learner Steps = 20658 | Learner Walltime = 4075.896 | Min Dist = 0.078 | Min Dist 10 = 1.109 | Min Dist 100 = 0.441 | Min Dist 1000 = 0.491 | Steps Per Second = 75.920 | Success = 1.000 | Success 1000 = 0.949
I0502 16:14:12.470350 139584504182336 lp_utils.py:96] StepsLimiter: Reached 1332200 recorded steps
I0502 16:14:13.434268 139579566835264 terminal.py:91] [Evaluator] Actor Episodes = 26648 | Actor Steps = 1332400 | Delta Dist = 12.224 | Delta Dist 10 = 10.747 | Delta Dist 100 = 11.716 | Delta Dist 1000 = 11.647 | Episode Length = 50 | Episode Return = 16.0 | Evaluator Episodes = 6755 | Evaluator Steps = 337750 | Final Dist = 0.582 | Final Dist 10 = 2.059 | Final Dist 100 = 1.090 | Final Dist 1000 = 1.159 | Init Dist = 12.806 | Init Dist 10 = 12.806 | Init Dist 100 = 12.806 | Init Dist 1000 = 12.806 | Learner Steps = 20665 | Learner Walltime = 4077.179 | Min Dist = 0.162 | Min Dist 10 = 1.093 | Min Dist 100 = 0.441 | Min Dist 1000 = 0.491 | Steps Per Second = 84.641 | Success = 1.000 | Success 1000 = 0.949
I0502 16:14:14.565470 139579566835264 terminal.py:91] [Evaluator] Actor Episodes = 26656 | Actor Steps = 1332800 | Delta Dist = 11.547 | Delta Dist 10 = 11.306 | Delta Dist 100 = 11.715 | Delta Dist 1000 = 11.646 | Episode Length = 50 | Episode Return = 8.0 | Evaluator Episodes = 6757 | Evaluator Steps = 337850 | Final Dist = 1.259 | Final Dist 10 = 1.500 | Final Dist 100 = 1.092 | Final Dist 1000 = 1.160 | Init Dist = 12.806 | Init Dist 10 = 12.806 | Init Dist 100 = 12.806 | Init Dist 1000 = 12.806 | Learner Steps = 20671 | Learner Walltime = 4078.432 | Min Dist = 0.448 | Min Dist 10 = 0.762 | Min Dist 100 = 0.442 | Min Dist 1000 = 0.491 | Steps Per Second = 91.936 | Success = 1.000 | Success 1000 = 0.949
I0502 16:14:15.729802 139579566835264 terminal.py:91] [Evaluator] Actor Episodes = 26664 | Actor Steps = 1333200 | Delta Dist = 11.844 | Delta Dist 10 = 11.381 | Delta Dist 100 = 11.712 | Delta Dist 1000 = 11.645 | Episode Length = 50 | Episode Return = 9.0 | Evaluator Episodes = 6759 | Evaluator Steps = 337950 | Final Dist = 0.963 | Final Dist 10 = 1.425 | Final Dist 100 = 1.094 | Final Dist 1000 = 1.161 | Init Dist = 12.806 | Init Dist 10 = 12.806 | Init Dist 100 = 12.806 | Init Dist 1000 = 12.806 | Learner Steps = 20677 | Learner Walltime = 4079.652 | Min Dist = 0.107 | Min Dist 10 = 0.785 | Min Dist 100 = 0.445 | Min Dist 1000 = 0.491 | Steps Per Second = 88.814 | Success = 1.000 | Success 1000 = 0.949
I0502 16:14:16.942183 139579566835264 terminal.py:91] [Evaluator] Actor Episodes = 26672 | Actor Steps = 1333600 | Delta Dist = 12.356 | Delta Dist 10 = 11.988 | Delta Dist 100 = 11.701 | Delta Dist 1000 = 11.645 | Episode Length = 50 | Episode Return = 13.0 | Evaluator Episodes = 6761 | Evaluator Steps = 338050 | Final Dist = 0.450 | Final Dist 10 = 0.818 | Final Dist 100 = 1.105 | Final Dist 1000 = 1.161 | Init Dist = 12.806 | Init Dist 10 = 12.806 | Init Dist 100 = 12.806 | Init Dist 1000 = 12.806 | Learner Steps = 20683 | Learner Walltime = 4080.704 | Min Dist = 0.133 | Min Dist 10 = 0.167 | Min Dist 100 = 0.444 | Min Dist 1000 = 0.491 | Steps Per Second = 81.076 | Success = 1.000 | Success 1000 = 0.949
I0502 16:14:18.142104 139579566835264 terminal.py:91] [Evaluator] Actor Episodes = 26680 | Actor Steps = 1334000 | Delta Dist = 11.660 | Delta Dist 10 = 11.969 | Delta Dist 100 = 11.707 | Delta Dist 1000 = 11.645 | Episode Length = 50 | Episode Return = 19.0 | Evaluator Episodes = 6763 | Evaluator Steps = 338150 | Final Dist = 1.146 | Final Dist 10 = 0.838 | Final Dist 100 = 1.099 | Final Dist 1000 = 1.161 | Init Dist = 12.806 | Init Dist 10 = 12.806 | Init Dist 100 = 12.806 | Init Dist 1000 = 12.806 | Learner Steps = 20689 | Learner Walltime = 4081.864 | Min Dist = 0.166 | Min Dist 10 = 0.170 | Min Dist 100 = 0.445 | Min Dist 1000 = 0.491 | Steps Per Second = 78.015 | Success = 1.000 | Success 1000 = 0.949
I0502 16:14:19.278120 139558059398720 terminal.py:91] [Actor] Actor Episodes = 26687 | Actor Steps = 1334350 | Delta Dist = 3.724 | Delta Dist 10 = 4.102 | Delta Dist 100 = 4.380 | Delta Dist 1000 = 4.381 | Episode Length = 50 | Episode Return = 47.0 | Evaluator Episodes = 6763 | Evaluator Steps = 338150 | Final Dist = 0.399 | Final Dist 10 = 0.823 | Final Dist 100 = 1.519 | Final Dist 1000 = 1.556 | Init Dist = 4.123 | Init Dist 10 = 4.925 | Init Dist 100 = 5.900 | Init Dist 1000 = 5.937 | Learner Steps = 20689 | Learner Walltime = 4081.864 | Min Dist = 0.024 | Min Dist 10 = 0.052 | Min Dist 100 = 0.112 | Min Dist 1000 = 0.217 | Steps Per Second = 86.038 | Success = 1.000 | Success 1000 = 0.988
I0502 16:14:19.301105 139579566835264 terminal.py:91] [Evaluator] Actor Episodes = 26688 | Actor Steps = 1334400 | Delta Dist = 11.524 | Delta Dist 10 = 11.748 | Delta Dist 100 = 11.704 | Delta Dist 1000 = 11.644 | Episode Length = 50 | Episode Return = 3.0 | Evaluator Episodes = 6765 | Evaluator Steps = 338250 | Final Dist = 1.282 | Final Dist 10 = 1.058 | Final Dist 100 = 1.102 | Final Dist 1000 = 1.162 | Init Dist = 12.806 | Init Dist 10 = 12.806 | Init Dist 100 = 12.806 | Init Dist 1000 = 12.806 | Learner Steps = 20695 | Learner Walltime = 4082.910 | Min Dist = 0.308 | Min Dist 10 = 0.182 | Min Dist 100 = 0.443 | Min Dist 1000 = 0.491 | Steps Per Second = 91.498 | Success = 1.000 | Success 1000 = 0.949
I0502 16:14:20.530312 139579566835264 terminal.py:91] [Evaluator] Actor Episodes = 26696 | Actor Steps = 1334800 | Delta Dist = 12.342 | Delta Dist 10 = 11.747 | Delta Dist 100 = 11.707 | Delta Dist 1000 = 11.645 | Episode Length = 50 | Episode Return = 20.0 | Evaluator Episodes = 6767 | Evaluator Steps = 338350 | Final Dist = 0.464 | Final Dist 10 = 1.059 | Final Dist 100 = 1.100 | Final Dist 1000 = 1.161 | Init Dist = 12.806 | Init Dist 10 = 12.806 | Init Dist 100 = 12.806 | Init Dist 1000 = 12.806 | Learner Steps = 20701 | Learner Walltime = 4084.147 | Min Dist = 0.123 | Min Dist 10 = 0.205 | Min Dist 100 = 0.441 | Min Dist 1000 = 0.491 | Steps Per Second = 80.560 | Success = 1.000 | Success 1000 = 0.949
I0502 16:14:20.803447 139555860620864 terminal.py:91] [Actor] Actor Episodes = 26698 | Actor Steps = 1334900 | Delta Dist = 4.511 | Delta Dist 10 = 4.447 | Delta Dist 100 = 4.332 | Delta Dist 1000 = 4.379 | Episode Length = 50 | Episode Return = 25.0 | Evaluator Episodes = 6767 | Evaluator Steps = 338350 | Final Dist = 0.874 | Final Dist 10 = 1.056 | Final Dist 100 = 1.532 | Final Dist 1000 = 1.553 | Init Dist = 5.385 | Init Dist 10 = 5.502 | Init Dist 100 = 5.864 | Init Dist 1000 = 5.933 | Learner Steps = 20701 | Learner Walltime = 4084.147 | Min Dist = 0.038 | Min Dist 10 = 0.048 | Min Dist 100 = 0.111 | Min Dist 1000 = 0.217 | Steps Per Second = 75.706 | Success = 1.000 | Success 1000 = 0.988
I0502 16:14:21.263148 139557462840896 terminal.py:91] [Actor] Actor Episodes = 26704 | Actor Steps = 1335200 | Delta Dist = 4.958 | Delta Dist 10 = 3.462 | Delta Dist 100 = 4.255 | Delta Dist 1000 = 4.370 | Episode Length = 50 | Episode Return = 42.0 | Evaluator Episodes = 6767 | Evaluator Steps = 338350 | Final Dist = 0.042 | Final Dist 10 = 1.242 | Final Dist 100 = 1.511 | Final Dist 1000 = 1.546 | Init Dist = 5.000 | Init Dist 10 = 4.704 | Init Dist 100 = 5.765 | Init Dist 1000 = 5.916 | Learner Steps = 20706 | Learner Walltime = 4085.163 | Min Dist = 0.038 | Min Dist 10 = 0.251 | Min Dist 100 = 0.132 | Min Dist 1000 = 0.219 | Steps Per Second = 80.401 | Success = 1.000 | Success 1000 = 0.988
I0502 16:14:21.367070 139555013154368 terminal.py:91] [Learner] Actor Episodes = 26698 | Actor Loss = 3.632843255996704 | Actor Steps = 1334900 | Binary Accuracy = 0.9960067272186279 | Categorical Accuracy = 0.413330078125 | Critic Loss = 1.8429710865020752 | Entropy Mean = -18.236814498901367 | Evaluator Episodes = 6767 | Evaluator Steps = 338350 | Learner Steps = 20708 | Learner Walltime = 4085.566 | Logits Neg = -17.065542221069336 | Logits Pos = -1.8380892276763916 | Logsumexp = 1.114937424659729 | Steps Per Second = 187.713
I0502 16:14:21.743971 139579566835264 terminal.py:91] [Evaluator] Actor Episodes = 26704 | Actor Steps = 1335200 | Delta Dist = 12.669 | Delta Dist 10 = 11.798 | Delta Dist 100 = 11.703 | Delta Dist 1000 = 11.645 | Episode Length = 50 | Episode Return = 18.0 | Evaluator Episodes = 6769 | Evaluator Steps = 338450 | Final Dist = 0.138 | Final Dist 10 = 1.009 | Final Dist 100 = 1.103 | Final Dist 1000 = 1.161 | Init Dist = 12.806 | Init Dist 10 = 12.806 | Init Dist 100 = 12.806 | Init Dist 1000 = 12.806 | Learner Steps = 20706 | Learner Walltime = 4085.163 | Min Dist = 0.076 | Min Dist 10 = 0.180 | Min Dist 100 = 0.441 | Min Dist 1000 = 0.491 | Steps Per Second = 92.043 | Success = 1.000 | Success 1000 = 0.949
I0502 16:14:22.296771 139569349502528 terminal.py:91] [Actor] Actor Episodes = 26710 | Actor Steps = 1335500 | Delta Dist = 4.516 | Delta Dist 10 = 3.985 | Delta Dist 100 = 4.253 | Delta Dist 1000 = 4.368 | Episode Length = 50 | Episode Return = 35.0 | Evaluator Episodes = 6769 | Evaluator Steps = 338450 | Final Dist = 0.583 | Final Dist 10 = 0.718 | Final Dist 100 = 1.345 | Final Dist 1000 = 1.542 | Init Dist = 5.099 | Init Dist 10 = 4.703 | Init Dist 100 = 5.597 | Init Dist 1000 = 5.910 | Learner Steps = 20712 | Learner Walltime = 4086.234 | Min Dist = 0.074 | Min Dist 10 = 0.293 | Min Dist 100 = 0.129 | Min Dist 1000 = 0.219 | Steps Per Second = 83.354 | Success = 1.000 | Success 1000 = 0.988
I0502 16:14:22.489754 139584504182336 lp_utils.py:96] StepsLimiter: Reached 1335600 recorded steps
I0502 16:14:22.953904 139579566835264 terminal.py:91] [Evaluator] Actor Episodes = 26712 | Actor Steps = 1335600 | Delta Dist = 11.873 | Delta Dist 10 = 11.902 | Delta Dist 100 = 11.704 | Delta Dist 1000 = 11.646 | Episode Length = 50 | Episode Return = 33.0 | Evaluator Episodes = 6771 | Evaluator Steps = 338550 | Final Dist = 0.933 | Final Dist 10 = 0.904 | Final Dist 100 = 1.102 | Final Dist 1000 = 1.160 | Init Dist = 12.806 | Init Dist 10 = 12.806 | Init Dist 100 = 12.806 | Init Dist 1000 = 12.806 | Learner Steps = 20712 | Learner Walltime = 4086.234 | Min Dist = 0.301 | Min Dist 10 = 0.255 | Min Dist 100 = 0.449 | Min Dist 1000 = 0.492 | Steps Per Second = 82.346 | Success = 1.000 | Success 1000 = 0.949
I0502 16:14:24.176227 139579566835264 terminal.py:91] [Evaluator] Actor Episodes = 26720 | Actor Steps = 1336000 | Delta Dist = 11.999 | Delta Dist 10 = 11.930 | Delta Dist 100 = 11.710 | Delta Dist 1000 = 11.646 | Episode Length = 50 | Episode Return = 26.0 | Evaluator Episodes = 6773 | Evaluator Steps = 338650 | Final Dist = 0.807 | Final Dist 10 = 0.876 | Final Dist 100 = 1.097 | Final Dist 1000 = 1.160 | Init Dist = 12.806 | Init Dist 10 = 12.806 | Init Dist 100 = 12.806 | Init Dist 1000 = 12.806 | Learner Steps = 20718 | Learner Walltime = 4087.423 | Min Dist = 0.090 | Min Dist 10 = 0.279 | Min Dist 100 = 0.451 | Min Dist 1000 = 0.492 | Steps Per Second = 84.055 | Success = 1.000 | Success 1000 = 0.949
I0502 16:14:25.453264 139579566835264 terminal.py:91] [Evaluator] Actor Episodes = 26728 | Actor Steps = 1336400 | Delta Dist = 12.247 | Delta Dist 10 = 12.091 | Delta Dist 100 = 11.719 | Delta Dist 1000 = 11.646 | Episode Length = 50 | Episode Return = 21.0 | Evaluator Episodes = 6775 | Evaluator Steps = 338750 | Final Dist = 0.559 | Final Dist 10 = 0.716 | Final Dist 100 = 1.087 | Final Dist 1000 = 1.161 | Init Dist = 12.806 | Init Dist 10 = 12.806 | Init Dist 100 = 12.806 | Init Dist 1000 = 12.806 | Learner Steps = 20724 | Learner Walltime = 4088.461 | Min Dist = 0.024 | Min Dist 10 = 0.259 | Min Dist 100 = 0.451 | Min Dist 1000 = 0.492 | Steps Per Second = 79.078 | Success = 1.000 | Success 1000 = 0.949
I0502 16:14:26.763920 139579566835264 terminal.py:91] [Evaluator] Actor Episodes = 26738 | Actor Steps = 1336900 | Delta Dist = 11.961 | Delta Dist 10 = 12.221 | Delta Dist 100 = 11.732 | Delta Dist 1000 = 11.647 | Episode Length = 50 | Episode Return = 26.0 | Evaluator Episodes = 6777 | Evaluator Steps = 338850 | Final Dist = 0.845 | Final Dist 10 = 0.585 | Final Dist 100 = 1.074 | Final Dist 1000 = 1.159 | Init Dist = 12.806 | Init Dist 10 = 12.806 | Init Dist 100 = 12.806 | Init Dist 1000 = 12.806 | Learner Steps = 20730 | Learner Walltime = 4089.756 | Min Dist = 0.129 | Min Dist 10 = 0.218 | Min Dist 100 = 0.447 | Min Dist 1000 = 0.491 | Steps Per Second = 77.117 | Success = 1.000 | Success 1000 = 0.949
I0502 16:14:28.021263 139579566835264 terminal.py:91] [Evaluator] Actor Episodes = 26746 | Actor Steps = 1337300 | Delta Dist = 12.047 | Delta Dist 10 = 12.216 | Delta Dist 100 = 11.730 | Delta Dist 1000 = 11.648 | Episode Length = 50 | Episode Return = 13.0 | Evaluator Episodes = 6779 | Evaluator Steps = 338950 | Final Dist = 0.759 | Final Dist 10 = 0.590 | Final Dist 100 = 1.077 | Final Dist 1000 = 1.158 | Init Dist = 12.806 | Init Dist 10 = 12.806 | Init Dist 100 = 12.806 | Init Dist 1000 = 12.806 | Learner Steps = 20741 | Learner Walltime = 4092.208 | Min Dist = 0.268 | Min Dist 10 = 0.203 | Min Dist 100 = 0.441 | Min Dist 1000 = 0.491 | Steps Per Second = 86.203 | Success = 1.000 | Success 1000 = 0.949
I0502 16:14:29.213376 139579566835264 terminal.py:91] [Evaluator] Actor Episodes = 26754 | Actor Steps = 1337700 | Delta Dist = 11.253 | Delta Dist 10 = 12.193 | Delta Dist 100 = 11.725 | Delta Dist 1000 = 11.647 | Episode Length = 50 | Episode Return = 25.0 | Evaluator Episodes = 6781 | Evaluator Steps = 339050 | Final Dist = 1.553 | Final Dist 10 = 0.614 | Final Dist 100 = 1.081 | Final Dist 1000 = 1.159 | Init Dist = 12.806 | Init Dist 10 = 12.806 | Init Dist 100 = 12.806 | Init Dist 1000 = 12.806 | Learner Steps = 20741 | Learner Walltime = 4092.208 | Min Dist = 0.038 | Min Dist 10 = 0.177 | Min Dist 100 = 0.445 | Min Dist 1000 = 0.491 | Steps Per Second = 81.254 | Success = 1.000 | Success 1000 = 0.949
I0502 16:14:29.809782 139558059398720 terminal.py:91] [Actor] Actor Episodes = 26756 | Actor Steps = 1337800 | Delta Dist = 6.424 | Delta Dist 10 = 5.030 | Delta Dist 100 = 3.978 | Delta Dist 1000 = 4.370 | Episode Length = 50 | Episode Return = 32.0 | Evaluator Episodes = 6781 | Evaluator Steps = 339050 | Final Dist = 0.856 | Final Dist 10 = 0.623 | Final Dist 100 = 1.525 | Final Dist 1000 = 1.524 | Init Dist = 7.280 | Init Dist 10 = 5.652 | Init Dist 100 = 5.503 | Init Dist 1000 = 5.894 | Learner Steps = 20748 | Learner Walltime = 4093.510 | Min Dist = 0.114 | Min Dist 10 = 0.109 | Min Dist 100 = 0.138 | Min Dist 1000 = 0.216 | Steps Per Second = 83.957 | Success = 1.000 | Success 1000 = 0.989
I0502 16:14:30.340016 139579566835264 terminal.py:91] [Evaluator] Actor Episodes = 26762 | Actor Steps = 1338100 | Delta Dist = 11.565 | Delta Dist 10 = 12.120 | Delta Dist 100 = 11.715 | Delta Dist 1000 = 11.647 | Episode Length = 50 | Episode Return = 19.0 | Evaluator Episodes = 6783 | Evaluator Steps = 339150 | Final Dist = 1.241 | Final Dist 10 = 0.686 | Final Dist 100 = 1.092 | Final Dist 1000 = 1.159 | Init Dist = 12.806 | Init Dist 10 = 12.806 | Init Dist 100 = 12.806 | Init Dist 1000 = 12.806 | Learner Steps = 20748 | Learner Walltime = 4093.510 | Min Dist = 0.227 | Min Dist 10 = 0.143 | Min Dist 100 = 0.446 | Min Dist 1000 = 0.491 | Steps Per Second = 91.636 | Success = 1.000 | Success 1000 = 0.949
I0502 16:14:30.888963 139555860620864 terminal.py:91] [Actor] Actor Episodes = 26763 | Actor Steps = 1338150 | Delta Dist = 4.086 | Delta Dist 10 = 5.202 | Delta Dist 100 = 4.158 | Delta Dist 1000 = 4.392 | Episode Length = 50 | Episode Return = 34.0 | Evaluator Episodes = 6781 | Evaluator Steps = 339050 | Final Dist = 0.037 | Final Dist 10 = 1.831 | Final Dist 100 = 1.428 | Final Dist 1000 = 1.519 | Init Dist = 4.123 | Init Dist 10 = 7.033 | Init Dist 100 = 5.586 | Init Dist 1000 = 5.911 | Learner Steps = 20748 | Learner Walltime = 4093.510 | Min Dist = 0.037 | Min Dist 10 = 0.093 | Min Dist 100 = 0.130 | Min Dist 1000 = 0.213 | Steps Per Second = 88.790 | Success = 1.000 | Success 1000 = 0.990
I0502 16:14:31.467970 139579566835264 terminal.py:91] [Evaluator] Actor Episodes = 26770 | Actor Steps = 1338500 | Delta Dist = 11.438 | Delta Dist 10 = 11.961 | Delta Dist 100 = 11.707 | Delta Dist 1000 = 11.647 | Episode Length = 50 | Episode Return = 15.0 | Evaluator Episodes = 6785 | Evaluator Steps = 339250 | Final Dist = 1.369 | Final Dist 10 = 0.845 | Final Dist 100 = 1.099 | Final Dist 1000 = 1.159 | Init Dist = 12.806 | Init Dist 10 = 12.806 | Init Dist 100 = 12.806 | Init Dist 1000 = 12.806 | Learner Steps = 20754 | Learner Walltime = 4094.616 | Min Dist = 0.200 | Min Dist 10 = 0.184 | Min Dist 100 = 0.445 | Min Dist 1000 = 0.490 | Steps Per Second = 85.560 | Success = 1.000 | Success 1000 = 0.950
I0502 16:14:31.474993 139555013154368 terminal.py:91] [Learner] Actor Episodes = 26770 | Actor Loss = 3.5421011447906494 | Actor Steps = 1338500 | Binary Accuracy = 0.9959604740142822 | Categorical Accuracy = 0.39794921875 | Critic Loss = 1.8778116703033447 | Entropy Mean = -19.273082733154297 | Evaluator Episodes = 6785 | Evaluator Steps = 339250 | Learner Steps = 20760 | Learner Walltime = 4095.669 | Logits Neg = -17.19291877746582 | Logits Pos = -1.832439661026001 | Logsumexp = 1.1650893688201904 | Steps Per Second = 200.411
I0502 16:14:31.728471 139557462840896 terminal.py:91] [Actor] Actor Episodes = 26769 | Actor Steps = 1338450 | Delta Dist = 7.858 | Delta Dist 10 = 5.413 | Delta Dist 100 = 4.228 | Delta Dist 1000 = 4.402 | Episode Length = 50 | Episode Return = 20.0 | Evaluator Episodes = 6783 | Evaluator Steps = 339150 | Final Dist = 1.362 | Final Dist 10 = 0.944 | Final Dist 100 = 1.436 | Final Dist 1000 = 1.511 | Init Dist = 9.220 | Init Dist 10 = 6.357 | Init Dist 100 = 5.665 | Init Dist 1000 = 5.913 | Learner Steps = 20754 | Learner Walltime = 4094.616 | Min Dist = 0.033 | Min Dist 10 = 0.021 | Min Dist 100 = 0.122 | Min Dist 1000 = 0.207 | Steps Per Second = 72.809 | Success = 1.000 | Success 1000 = 0.990
I0502 16:14:32.307866 139569349502528 terminal.py:91] [Actor] Actor Episodes = 26774 | Actor Steps = 1338700 | Delta Dist = -3.110 | Delta Dist 10 = 4.880 | Delta Dist 100 = 4.250 | Delta Dist 1000 = 4.403 | Episode Length = 50 | Episode Return = 0.0 | Evaluator Episodes = 6785 | Evaluator Steps = 339250 | Final Dist = 8.209 | Final Dist 10 = 1.682 | Final Dist 100 = 1.447 | Final Dist 1000 = 1.513 | Init Dist = 5.099 | Init Dist 10 = 6.562 | Init Dist 100 = 5.697 | Init Dist 1000 = 5.916 | Learner Steps = 20760 | Learner Walltime = 4095.669 | Min Dist = 0.029 | Min Dist 10 = 0.046 | Min Dist 100 = 0.124 | Min Dist 1000 = 0.207 | Steps Per Second = 78.318 | Success = 1.000 | Success 1000 = 0.990
I0502 16:14:32.508339 139584504182336 lp_utils.py:96] StepsLimiter: Reached 1338900 recorded steps
I0502 16:14:32.631808 139579566835264 terminal.py:91] [Evaluator] Actor Episodes = 26778 | Actor Steps = 1338900 | Delta Dist = 12.110 | Delta Dist 10 = 11.748 | Delta Dist 100 = 11.694 | Delta Dist 1000 = 11.646 | Episode Length = 50 | Episode Return = 32.0 | Evaluator Episodes = 6787 | Evaluator Steps = 339350 | Final Dist = 0.696 | Final Dist 10 = 1.059 | Final Dist 100 = 1.113 | Final Dist 1000 = 1.160 | Init Dist = 12.806 | Init Dist 10 = 12.806 | Init Dist 100 = 12.806 | Init Dist 1000 = 12.806 | Learner Steps = 20766 | Learner Walltime = 4096.687 | Min Dist = 0.046 | Min Dist 10 = 0.225 | Min Dist 100 = 0.447 | Min Dist 1000 = 0.490 | Steps Per Second = 86.268 | Success = 1.000 | Success 1000 = 0.950
I0502 16:14:33.740851 139579566835264 terminal.py:91] [Evaluator] Actor Episodes = 26786 | Actor Steps = 1339300 | Delta Dist = 11.415 | Delta Dist 10 = 11.810 | Delta Dist 100 = 11.697 | Delta Dist 1000 = 11.646 | Episode Length = 50 | Episode Return = 12.0 | Evaluator Episodes = 6789 | Evaluator Steps = 339450 | Final Dist = 1.391 | Final Dist 10 = 0.996 | Final Dist 100 = 1.110 | Final Dist 1000 = 1.160 | Init Dist = 12.806 | Init Dist 10 = 12.806 | Init Dist 100 = 12.806 | Init Dist 1000 = 12.806 | Learner Steps = 20771 | Learner Walltime = 4097.734 | Min Dist = 0.172 | Min Dist 10 = 0.217 | Min Dist 100 = 0.444 | Min Dist 1000 = 0.489 | Steps Per Second = 97.187 | Success = 1.000 | Success 1000 = 0.950
I0502 16:14:34.831379 139579566835264 terminal.py:91] [Evaluator] Actor Episodes = 26792 | Actor Steps = 1339600 | Delta Dist = 11.833 | Delta Dist 10 = 11.718 | Delta Dist 100 = 11.688 | Delta Dist 1000 = 11.645 | Episode Length = 50 | Episode Return = 19.0 | Evaluator Episodes = 6791 | Evaluator Steps = 339550 | Final Dist = 0.974 | Final Dist 10 = 1.089 | Final Dist 100 = 1.118 | Final Dist 1000 = 1.162 | Init Dist = 12.806 | Init Dist 10 = 12.806 | Init Dist 100 = 12.806 | Init Dist 1000 = 12.806 | Learner Steps = 20778 | Learner Walltime = 4098.979 | Min Dist = 0.265 | Min Dist 10 = 0.181 | Min Dist 100 = 0.442 | Min Dist 1000 = 0.490 | Steps Per Second = 87.216 | Success = 1.000 | Success 1000 = 0.950
I0502 16:14:36.005650 139579566835264 terminal.py:91] [Evaluator] Actor Episodes = 26802 | Actor Steps = 1340100 | Delta Dist = 12.619 | Delta Dist 10 = 11.789 | Delta Dist 100 = 11.690 | Delta Dist 1000 = 11.645 | Episode Length = 50 | Episode Return = 25.0 | Evaluator Episodes = 6793 | Evaluator Steps = 339650 | Final Dist = 0.188 | Final Dist 10 = 1.017 | Final Dist 100 = 1.116 | Final Dist 1000 = 1.161 | Init Dist = 12.806 | Init Dist 10 = 12.806 | Init Dist 100 = 12.806 | Init Dist 1000 = 12.806 | Learner Steps = 20778 | Learner Walltime = 4098.979 | Min Dist = 0.154 | Min Dist 10 = 0.196 | Min Dist 100 = 0.442 | Min Dist 1000 = 0.490 | Steps Per Second = 87.009 | Success = 1.000 | Success 1000 = 0.950
I0502 16:14:37.208651 139579566835264 terminal.py:91] [Evaluator] Actor Episodes = 26810 | Actor Steps = 1340500 | Delta Dist = 11.725 | Delta Dist 10 = 11.897 | Delta Dist 100 = 11.705 | Delta Dist 1000 = 11.645 | Episode Length = 50 | Episode Return = 28.0 | Evaluator Episodes = 6795 | Evaluator Steps = 339750 | Final Dist = 1.081 | Final Dist 10 = 0.909 | Final Dist 100 = 1.101 | Final Dist 1000 = 1.161 | Init Dist = 12.806 | Init Dist 10 = 12.806 | Init Dist 100 = 12.806 | Init Dist 1000 = 12.806 | Learner Steps = 20785 | Learner Walltime = 4100.305 | Min Dist = 0.047 | Min Dist 10 = 0.173 | Min Dist 100 = 0.439 | Min Dist 1000 = 0.490 | Steps Per Second = 82.819 | Success = 1.000 | Success 1000 = 0.950
I0502 16:14:38.549710 139579566835264 terminal.py:91] [Evaluator] Actor Episodes = 26816 | Actor Steps = 1340800 | Delta Dist = 12.250 | Delta Dist 10 = 11.936 | Delta Dist 100 = 11.699 | Delta Dist 1000 = 11.643 | Episode Length = 50 | Episode Return = 19.0 | Evaluator Episodes = 6797 | Evaluator Steps = 339850 | Final Dist = 0.556 | Final Dist 10 = 0.871 | Final Dist 100 = 1.107 | Final Dist 1000 = 1.163 | Init Dist = 12.806 | Init Dist 10 = 12.806 | Init Dist 100 = 12.806 | Init Dist 1000 = 12.806 | Learner Steps = 20796 | Learner Walltime = 4102.622 | Min Dist = 0.165 | Min Dist 10 = 0.144 | Min Dist 100 = 0.437 | Min Dist 1000 = 0.489 | Steps Per Second = 72.275 | Success = 1.000 | Success 1000 = 0.950
I0502 16:14:39.739669 139579566835264 terminal.py:91] [Evaluator] Actor Episodes = 26824 | Actor Steps = 1341200 | Delta Dist = 11.555 | Delta Dist 10 = 11.800 | Delta Dist 100 = 11.702 | Delta Dist 1000 = 11.643 | Episode Length = 50 | Episode Return = 6.0 | Evaluator Episodes = 6799 | Evaluator Steps = 339950 | Final Dist = 1.251 | Final Dist 10 = 1.006 | Final Dist 100 = 1.104 | Final Dist 1000 = 1.163 | Init Dist = 12.806 | Init Dist 10 = 12.806 | Init Dist 100 = 12.806 | Init Dist 1000 = 12.806 | Learner Steps = 20802 | Learner Walltime = 4103.899 | Min Dist = 0.192 | Min Dist 10 = 0.173 | Min Dist 100 = 0.439 | Min Dist 1000 = 0.489 | Steps Per Second = 76.456 | Success = 1.000 | Success 1000 = 0.950
I0502 16:14:39.907462 139558059398720 terminal.py:91] [Actor] Actor Episodes = 26821 | Actor Steps = 1341050 | Delta Dist = -0.018 | Delta Dist 10 = 3.555 | Delta Dist 100 = 4.660 | Delta Dist 1000 = 4.405 | Episode Length = 50 | Episode Return = 19.0 | Evaluator Episodes = 6797 | Evaluator Steps = 339850 | Final Dist = 1.433 | Final Dist 10 = 0.317 | Final Dist 100 = 1.454 | Final Dist 1000 = 1.505 | Init Dist = 1.414 | Init Dist 10 = 3.873 | Init Dist 100 = 6.114 | Init Dist 1000 = 5.910 | Learner Steps = 20796 | Learner Walltime = 4102.622 | Min Dist = 0.013 | Min Dist 10 = 0.061 | Min Dist 100 = 0.095 | Min Dist 1000 = 0.199 | Steps Per Second = 78.776 | Success = 1.000 | Success 1000 = 0.990
I0502 16:14:40.957859 139579566835264 terminal.py:91] [Evaluator] Actor Episodes = 26832 | Actor Steps = 1341600 | Delta Dist = 12.605 | Delta Dist 10 = 11.873 | Delta Dist 100 = 11.695 | Delta Dist 1000 = 11.643 | Episode Length = 50 | Episode Return = 25.0 | Evaluator Episodes = 6801 | Evaluator Steps = 340050 | Final Dist = 0.201 | Final Dist 10 = 0.934 | Final Dist 100 = 1.112 | Final Dist 1000 = 1.163 | Init Dist = 12.806 | Init Dist 10 = 12.806 | Init Dist 100 = 12.806 | Init Dist 1000 = 12.806 | Learner Steps = 20808 | Learner Walltime = 4105.082 | Min Dist = 0.044 | Min Dist 10 = 0.168 | Min Dist 100 = 0.440 | Min Dist 1000 = 0.489 | Steps Per Second = 86.311 | Success = 1.000 | Success 1000 = 0.950
I0502 16:14:40.988292 139555860620864 terminal.py:91] [Actor] Actor Episodes = 26834 | Actor Steps = 1341700 | Delta Dist = 4.538 | Delta Dist 10 = 3.977 | Delta Dist 100 = 4.701 | Delta Dist 1000 = 4.410 | Episode Length = 50 | Episode Return = 34.0 | Evaluator Episodes = 6801 | Evaluator Steps = 340050 | Final Dist = 0.462 | Final Dist 10 = 0.573 | Final Dist 100 = 1.376 | Final Dist 1000 = 1.484 | Init Dist = 5.000 | Init Dist 10 = 4.550 | Init Dist 100 = 6.077 | Init Dist 1000 = 5.894 | Learner Steps = 20808 | Learner Walltime = 4105.082 | Min Dist = 0.135 | Min Dist 10 = 0.095 | Min Dist 100 = 0.094 | Min Dist 1000 = 0.199 | Steps Per Second = 82.024 | Success = 1.000 | Success 1000 = 0.990
I0502 16:14:41.551806 139555013154368 terminal.py:91] [Learner] Actor Episodes = 26832 | Actor Loss = 3.6111948490142822 | Actor Steps = 1341600 | Binary Accuracy = 0.9960711002349854 | Categorical Accuracy = 0.41552734375 | Critic Loss = 1.8033506870269775 | Entropy Mean = -18.215194702148438 | Evaluator Episodes = 6799 | Evaluator Steps = 339950 | Learner Steps = 20812 | Learner Walltime = 4105.750 | Logits Neg = -17.25505828857422 | Logits Pos = -1.7795288562774658 | Logsumexp = 1.1140618324279785 | Steps Per Second = 454.659
I0502 16:14:41.852254 139557462840896 terminal.py:91] [Actor] Actor Episodes = 26838 | Actor Steps = 1341900 | Delta Dist = 3.050 | Delta Dist 10 = 4.566 | Delta Dist 100 = 4.825 | Delta Dist 1000 = 4.424 | Episode Length = 50 | Episode Return = 20.0 | Evaluator Episodes = 6801 | Evaluator Steps = 340050 | Final Dist = 0.556 | Final Dist 10 = 1.266 | Final Dist 100 = 1.309 | Final Dist 1000 = 1.484 | Init Dist = 3.606 | Init Dist 10 = 5.831 | Init Dist 100 = 6.134 | Init Dist 1000 = 5.908 | Learner Steps = 20808 | Learner Walltime = 4105.082 | Min Dist = 0.017 | Min Dist 10 = 0.125 | Min Dist 100 = 0.085 | Min Dist 1000 = 0.197 | Steps Per Second = 94.502 | Success = 1.000 | Success 1000 = 0.990
I0502 16:14:42.029504 139579566835264 terminal.py:91] [Evaluator] Actor Episodes = 26840 | Actor Steps = 1342000 | Delta Dist = 11.399 | Delta Dist 10 = 11.849 | Delta Dist 100 = 11.691 | Delta Dist 1000 = 11.644 | Episode Length = 50 | Episode Return = 17.0 | Evaluator Episodes = 6803 | Evaluator Steps = 340150 | Final Dist = 1.407 | Final Dist 10 = 0.957 | Final Dist 100 = 1.115 | Final Dist 1000 = 1.163 | Init Dist = 12.806 | Init Dist 10 = 12.806 | Init Dist 100 = 12.806 | Init Dist 1000 = 12.806 | Learner Steps = 20808 | Learner Walltime = 4105.082 | Min Dist = 0.145 | Min Dist 10 = 0.160 | Min Dist 100 = 0.439 | Min Dist 1000 = 0.489 | Steps Per Second = 97.539 | Success = 1.000 | Success 1000 = 0.950
I0502 16:14:42.441618 139569349502528 terminal.py:91] [Actor] Actor Episodes = 26841 | Actor Steps = 1342050 | Delta Dist = 11.166 | Delta Dist 10 = 4.478 | Delta Dist 100 = 4.869 | Delta Dist 1000 = 4.419 | Episode Length = 50 | Episode Return = 38.0 | Evaluator Episodes = 6801 | Evaluator Steps = 340050 | Final Dist = 1.640 | Final Dist 10 = 1.388 | Final Dist 100 = 1.243 | Final Dist 1000 = 1.484 | Init Dist = 12.806 | Init Dist 10 = 5.866 | Init Dist 100 = 6.112 | Init Dist 1000 = 5.903 | Learner Steps = 20808 | Learner Walltime = 4105.082 | Min Dist = 0.034 | Min Dist 10 = 0.066 | Min Dist 100 = 0.072 | Min Dist 1000 = 0.197 | Steps Per Second = 102.370 | Success = 1.000 | Success 1000 = 0.990
I0502 16:14:42.527117 139584504182336 lp_utils.py:96] StepsLimiter: Reached 1342100 recorded steps
I0502 16:14:43.185165 139579566835264 terminal.py:91] [Evaluator] Actor Episodes = 26848 | Actor Steps = 1342400 | Delta Dist = 11.792 | Delta Dist 10 = 11.724 | Delta Dist 100 = 11.683 | Delta Dist 1000 = 11.645 | Episode Length = 50 | Episode Return = 21.0 | Evaluator Episodes = 6805 | Evaluator Steps = 340250 | Final Dist = 1.014 | Final Dist 10 = 1.083 | Final Dist 100 = 1.123 | Final Dist 1000 = 1.162 | Init Dist = 12.806 | Init Dist 10 = 12.806 | Init Dist 100 = 12.806 | Init Dist 1000 = 12.806 | Learner Steps = 20815 | Learner Walltime = 4106.379 | Min Dist = 0.202 | Min Dist 10 = 0.219 | Min Dist 100 = 0.447 | Min Dist 1000 = 0.489 | Steps Per Second = 88.381 | Success = 1.000 | Success 1000 = 0.950
I0502 16:14:44.373335 139579566835264 terminal.py:91] [Evaluator] Actor Episodes = 26856 | Actor Steps = 1342800 | Delta Dist = 11.581 | Delta Dist 10 = 11.819 | Delta Dist 100 = 11.687 | Delta Dist 1000 = 11.645 | Episode Length = 50 | Episode Return = 22.0 | Evaluator Episodes = 6807 | Evaluator Steps = 340350 | Final Dist = 1.225 | Final Dist 10 = 0.987 | Final Dist 100 = 1.119 | Final Dist 1000 = 1.161 | Init Dist = 12.806 | Init Dist 10 = 12.806 | Init Dist 100 = 12.806 | Init Dist 1000 = 12.806 | Learner Steps = 20827 | Learner Walltime = 4108.500 | Min Dist = 0.276 | Min Dist 10 = 0.227 | Min Dist 100 = 0.444 | Min Dist 1000 = 0.489 | Steps Per Second = 82.472 | Success = 1.000 | Success 1000 = 0.950
I0502 16:14:45.591824 139579566835264 terminal.py:91] [Evaluator] Actor Episodes = 26864 | Actor Steps = 1343200 | Delta Dist = 11.298 | Delta Dist 10 = 11.810 | Delta Dist 100 = 11.683 | Delta Dist 1000 = 11.648 | Episode Length = 50 | Episode Return = 7.0 | Evaluator Episodes = 6809 | Evaluator Steps = 340450 | Final Dist = 1.508 | Final Dist 10 = 0.996 | Final Dist 100 = 1.123 | Final Dist 1000 = 1.158 | Init Dist = 12.806 | Init Dist 10 = 12.806 | Init Dist 100 = 12.806 | Init Dist 1000 = 12.806 | Learner Steps = 20833 | Learner Walltime = 4109.551 | Min Dist = 0.209 | Min Dist 10 = 0.242 | Min Dist 100 = 0.446 | Min Dist 1000 = 0.486 | Steps Per Second = 79.901 | Success = 1.000 | Success 1000 = 0.951
I0502 16:14:46.674093 139579566835264 terminal.py:91] [Evaluator] Actor Episodes = 26872 | Actor Steps = 1343600 | Delta Dist = 11.249 | Delta Dist 10 = 11.815 | Delta Dist 100 = 11.674 | Delta Dist 1000 = 11.649 | Episode Length = 50 | Episode Return = 16.0 | Evaluator Episodes = 6811 | Evaluator Steps = 340550 | Final Dist = 1.557 | Final Dist 10 = 0.991 | Final Dist 100 = 1.133 | Final Dist 1000 = 1.157 | Init Dist = 12.806 | Init Dist 10 = 12.806 | Init Dist 100 = 12.806 | Init Dist 1000 = 12.806 | Learner Steps = 20839 | Learner Walltime = 4110.560 | Min Dist = 0.348 | Min Dist 10 = 0.272 | Min Dist 100 = 0.447 | Min Dist 1000 = 0.486 | Steps Per Second = 94.066 | Success = 1.000 | Success 1000 = 0.951
I0502 16:14:47.817673 139579566835264 terminal.py:91] [Evaluator] Actor Episodes = 26880 | Actor Steps = 1344000 | Delta Dist = 11.318 | Delta Dist 10 = 11.792 | Delta Dist 100 = 11.670 | Delta Dist 1000 = 11.649 | Episode Length = 50 | Episode Return = 3.0 | Evaluator Episodes = 6813 | Evaluator Steps = 340650 | Final Dist = 1.489 | Final Dist 10 = 1.014 | Final Dist 100 = 1.136 | Final Dist 1000 = 1.157 | Init Dist = 12.806 | Init Dist 10 = 12.806 | Init Dist 100 = 12.806 | Init Dist 1000 = 12.806 | Learner Steps = 20844 | Learner Walltime = 4111.780 | Min Dist = 0.697 | Min Dist 10 = 0.300 | Min Dist 100 = 0.452 | Min Dist 1000 = 0.486 | Steps Per Second = 91.825 | Success = 1.000 | Success 1000 = 0.951
I0502 16:14:49.026233 139579566835264 terminal.py:91] [Evaluator] Actor Episodes = 26888 | Actor Steps = 1344400 | Delta Dist = 11.466 | Delta Dist 10 = 11.891 | Delta Dist 100 = 11.668 | Delta Dist 1000 = 11.650 | Episode Length = 50 | Episode Return = 0.0 | Evaluator Episodes = 6815 | Evaluator Steps = 340750 | Final Dist = 1.340 | Final Dist 10 = 0.915 | Final Dist 100 = 1.138 | Final Dist 1000 = 1.156 | Init Dist = 12.806 | Init Dist 10 = 12.806 | Init Dist 100 = 12.806 | Init Dist 1000 = 12.806 | Learner Steps = 20851 | Learner Walltime = 4113.059 | Min Dist = 1.187 | Min Dist 10 = 0.290 | Min Dist 100 = 0.459 | Min Dist 1000 = 0.486 | Steps Per Second = 87.824 | Success = 0.000 | Success 1000 = 0.951
I0502 16:14:49.980970 139558059398720 terminal.py:91] [Actor] Actor Episodes = 26892 | Actor Steps = 1344600 | Delta Dist = 7.709 | Delta Dist 10 = 3.652 | Delta Dist 100 = 3.964 | Delta Dist 1000 = 4.376 | Episode Length = 50 | Episode Return = 26.0 | Evaluator Episodes = 6815 | Evaluator Steps = 340750 | Final Dist = 1.725 | Final Dist 10 = 1.156 | Final Dist 100 = 1.453 | Final Dist 1000 = 1.503 | Init Dist = 9.434 | Init Dist 10 = 4.808 | Init Dist 100 = 5.417 | Init Dist 1000 = 5.879 | Learner Steps = 20851 | Learner Walltime = 4113.059 | Min Dist = 0.405 | Min Dist 10 = 0.128 | Min Dist 100 = 0.188 | Min Dist 1000 = 0.206 | Steps Per Second = 81.691 | Success = 1.000 | Success 1000 = 0.992
I0502 16:14:50.151821 139579566835264 terminal.py:91] [Evaluator] Actor Episodes = 26896 | Actor Steps = 1344800 | Delta Dist = 11.567 | Delta Dist 10 = 11.734 | Delta Dist 100 = 11.649 | Delta Dist 1000 = 11.649 | Episode Length = 50 | Episode Return = 5.0 | Evaluator Episodes = 6817 | Evaluator Steps = 340850 | Final Dist = 1.240 | Final Dist 10 = 1.072 | Final Dist 100 = 1.157 | Final Dist 1000 = 1.157 | Init Dist = 12.806 | Init Dist 10 = 12.806 | Init Dist 100 = 12.806 | Init Dist 1000 = 12.806 | Learner Steps = 20858 | Learner Walltime = 4114.316 | Min Dist = 0.320 | Min Dist 10 = 0.392 | Min Dist 100 = 0.471 | Min Dist 1000 = 0.488 | Steps Per Second = 88.469 | Success = 1.000 | Success 1000 = 0.950
I0502 16:14:51.196726 139555860620864 terminal.py:91] [Actor] Actor Episodes = 26899 | Actor Steps = 1344950 | Delta Dist = 3.475 | Delta Dist 10 = 3.303 | Delta Dist 100 = 3.839 | Delta Dist 1000 = 4.353 | Episode Length = 50 | Episode Return = 0.0 | Evaluator Episodes = 6817 | Evaluator Steps = 340850 | Final Dist = 1.624 | Final Dist 10 = 3.185 | Final Dist 100 = 1.623 | Final Dist 1000 = 1.526 | Init Dist = 5.099 | Init Dist 10 = 6.488 | Init Dist 100 = 5.463 | Init Dist 1000 = 5.879 | Learner Steps = 20858 | Learner Walltime = 4114.316 | Min Dist = 0.006 | Min Dist 10 = 0.461 | Min Dist 100 = 0.226 | Min Dist 1000 = 0.210 | Steps Per Second = 74.523 | Success = 1.000 | Success 1000 = 0.990
I0502 16:14:51.315862 139579566835264 terminal.py:91] [Evaluator] Actor Episodes = 26902 | Actor Steps = 1345100 | Delta Dist = 12.304 | Delta Dist 10 = 11.703 | Delta Dist 100 = 11.698 | Delta Dist 1000 = 11.649 | Episode Length = 50 | Episode Return = 31.0 | Evaluator Episodes = 6819 | Evaluator Steps = 340950 | Final Dist = 0.503 | Final Dist 10 = 1.104 | Final Dist 100 = 1.109 | Final Dist 1000 = 1.157 | Init Dist = 12.806 | Init Dist 10 = 12.806 | Init Dist 100 = 12.806 | Init Dist 1000 = 12.806 | Learner Steps = 20864 | Learner Walltime = 4115.503 | Min Dist = 0.134 | Min Dist 10 = 0.414 | Min Dist 100 = 0.424 | Min Dist 1000 = 0.488 | Steps Per Second = 80.361 | Success = 1.000 | Success 1000 = 0.950
I0502 16:14:51.735616 139555013154368 terminal.py:91] [Learner] Actor Episodes = 26902 | Actor Loss = 3.691962480545044 | Actor Steps = 1345100 | Binary Accuracy = 0.9960579872131348 | Categorical Accuracy = 0.40789794921875 | Critic Loss = 1.880047082901001 | Entropy Mean = -20.548419952392578 | Evaluator Episodes = 6817 | Evaluator Steps = 340850 | Learner Steps = 20866 | Learner Walltime = 4115.932 | Logits Neg = -16.804180145263672 | Logits Pos = -1.892616868019104 | Logsumexp = 1.1030442714691162 | Steps Per Second = 180.414
I0502 16:14:52.351946 139557462840896 terminal.py:91] [Actor] Actor Episodes = 26906 | Actor Steps = 1345300 | Delta Dist = -3.586 | Delta Dist 10 = 4.119 | Delta Dist 100 = 3.893 | Delta Dist 1000 = 4.352 | Episode Length = 50 | Episode Return = 0.0 | Evaluator Episodes = 6819 | Evaluator Steps = 340950 | Final Dist = 4.586 | Final Dist 10 = 3.359 | Final Dist 100 = 1.718 | Final Dist 1000 = 1.543 | Init Dist = 1.000 | Init Dist 10 = 7.478 | Init Dist 100 = 5.611 | Init Dist 1000 = 5.896 | Learner Steps = 20864 | Learner Walltime = 4115.503 | Min Dist = 0.055 | Min Dist 10 = 1.363 | Min Dist 100 = 0.354 | Min Dist 1000 = 0.223 | Steps Per Second = 68.192 | Success = 1.000 | Success 1000 = 0.989
I0502 16:14:52.549159 139584504182336 lp_utils.py:96] StepsLimiter: Reached 1345450 recorded steps
I0502 16:14:52.579811 139579566835264 terminal.py:91] [Evaluator] Actor Episodes = 26909 | Actor Steps = 1345450 | Delta Dist = 11.417 | Delta Dist 10 = 11.712 | Delta Dist 100 = 11.751 | Delta Dist 1000 = 11.653 | Episode Length = 50 | Episode Return = 6.0 | Evaluator Episodes = 6821 | Evaluator Steps = 341050 | Final Dist = 1.389 | Final Dist 10 = 1.094 | Final Dist 100 = 1.056 | Final Dist 1000 = 1.153 | Init Dist = 12.806 | Init Dist 10 = 12.806 | Init Dist 100 = 12.806 | Init Dist 1000 = 12.806 | Learner Steps = 20869 | Learner Walltime = 4116.653 | Min Dist = 0.224 | Min Dist 10 = 0.430 | Min Dist 100 = 0.379 | Min Dist 1000 = 0.483 | Steps Per Second = 78.611 | Success = 1.000 | Success 1000 = 0.951
I0502 16:14:52.640584 139569349502528 terminal.py:91] [Actor] Actor Episodes = 26911 | Actor Steps = 1345550 | Delta Dist = 4.347 | Delta Dist 10 = 4.188 | Delta Dist 100 = 3.830 | Delta Dist 1000 = 4.353 | Episode Length = 50 | Episode Return = 48.0 | Evaluator Episodes = 6821 | Evaluator Steps = 341050 | Final Dist = 0.752 | Final Dist 10 = 2.741 | Final Dist 100 = 1.724 | Final Dist 1000 = 1.541 | Init Dist = 5.099 | Init Dist 10 = 6.929 | Init Dist 100 = 5.553 | Init Dist 1000 = 5.894 | Learner Steps = 20869 | Learner Walltime = 4116.653 | Min Dist = 0.534 | Min Dist 10 = 1.356 | Min Dist 100 = 0.354 | Min Dist 1000 = 0.223 | Steps Per Second = 65.903 | Success = 1.000 | Success 1000 = 0.989
I0502 16:14:53.756618 139579566835264 terminal.py:91] [Evaluator] Actor Episodes = 26917 | Actor Steps = 1345850 | Delta Dist = 11.167 | Delta Dist 10 = 11.695 | Delta Dist 100 = 11.739 | Delta Dist 1000 = 11.654 | Episode Length = 50 | Episode Return = 17.0 | Evaluator Episodes = 6823 | Evaluator Steps = 341150 | Final Dist = 1.639 | Final Dist 10 = 1.111 | Final Dist 100 = 1.068 | Final Dist 1000 = 1.152 | Init Dist = 12.806 | Init Dist 10 = 12.806 | Init Dist 100 = 12.806 | Init Dist 1000 = 12.806 | Learner Steps = 20869 | Learner Walltime = 4116.653 | Min Dist = 0.178 | Min Dist 10 = 0.450 | Min Dist 100 = 0.383 | Min Dist 1000 = 0.484 | Steps Per Second = 92.034 | Success = 1.000 | Success 1000 = 0.951
I0502 16:14:55.052765 139579566835264 terminal.py:91] [Evaluator] Actor Episodes = 26923 | Actor Steps = 1346150 | Delta Dist = 11.962 | Delta Dist 10 = 11.645 | Delta Dist 100 = 11.737 | Delta Dist 1000 = 11.653 | Episode Length = 50 | Episode Return = 17.0 | Evaluator Episodes = 6825 | Evaluator Steps = 341250 | Final Dist = 0.845 | Final Dist 10 = 1.161 | Final Dist 100 = 1.069 | Final Dist 1000 = 1.153 | Init Dist = 12.806 | Init Dist 10 = 12.806 | Init Dist 100 = 12.806 | Init Dist 1000 = 12.806 | Learner Steps = 20876 | Learner Walltime = 4118.033 | Min Dist = 0.152 | Min Dist 10 = 0.404 | Min Dist 100 = 0.382 | Min Dist 1000 = 0.484 | Steps Per Second = 76.879 | Success = 1.000 | Success 1000 = 0.951
I0502 16:14:56.269855 139579566835264 terminal.py:91] [Evaluator] Actor Episodes = 26931 | Actor Steps = 1346550 | Delta Dist = 11.774 | Delta Dist 10 = 11.734 | Delta Dist 100 = 11.726 | Delta Dist 1000 = 11.654 | Episode Length = 50 | Episode Return = 20.0 | Evaluator Episodes = 6827 | Evaluator Steps = 341350 | Final Dist = 1.032 | Final Dist 10 = 1.072 | Final Dist 100 = 1.080 | Final Dist 1000 = 1.153 | Init Dist = 12.806 | Init Dist 10 = 12.806 | Init Dist 100 = 12.806 | Init Dist 1000 = 12.806 | Learner Steps = 20883 | Learner Walltime = 4119.493 | Min Dist = 0.194 | Min Dist 10 = 0.295 | Min Dist 100 = 0.380 | Min Dist 1000 = 0.484 | Steps Per Second = 85.490 | Success = 1.000 | Success 1000 = 0.951
I0502 16:14:57.541545 139579566835264 terminal.py:91] [Evaluator] Actor Episodes = 26941 | Actor Steps = 1347050 | Delta Dist = 12.248 | Delta Dist 10 = 11.853 | Delta Dist 100 = 11.733 | Delta Dist 1000 = 11.654 | Episode Length = 50 | Episode Return = 37.0 | Evaluator Episodes = 6829 | Evaluator Steps = 341450 | Final Dist = 0.558 | Final Dist 10 = 0.953 | Final Dist 100 = 1.073 | Final Dist 1000 = 1.152 | Init Dist = 12.806 | Init Dist 10 = 12.806 | Init Dist 100 = 12.806 | Init Dist 1000 = 12.806 | Learner Steps = 20889 | Learner Walltime = 4120.618 | Min Dist = 0.234 | Min Dist 10 = 0.261 | Min Dist 100 = 0.382 | Min Dist 1000 = 0.484 | Steps Per Second = 79.243 | Success = 1.000 | Success 1000 = 0.951
I0502 16:14:58.744837 139579566835264 terminal.py:91] [Evaluator] Actor Episodes = 26949 | Actor Steps = 1347450 | Delta Dist = 11.466 | Delta Dist 10 = 11.924 | Delta Dist 100 = 11.740 | Delta Dist 1000 = 11.655 | Episode Length = 50 | Episode Return = 16.0 | Evaluator Episodes = 6831 | Evaluator Steps = 341550 | Final Dist = 1.340 | Final Dist 10 = 0.882 | Final Dist 100 = 1.066 | Final Dist 1000 = 1.152 | Init Dist = 12.806 | Init Dist 10 = 12.806 | Init Dist 100 = 12.806 | Init Dist 1000 = 12.806 | Learner Steps = 20894 | Learner Walltime = 4121.763 | Min Dist = 0.460 | Min Dist 10 = 0.228 | Min Dist 100 = 0.377 | Min Dist 1000 = 0.484 | Steps Per Second = 87.625 | Success = 1.000 | Success 1000 = 0.951
I0502 16:15:00.004535 139579566835264 terminal.py:91] [Evaluator] Actor Episodes = 26957 | Actor Steps = 1347850 | Delta Dist = 11.505 | Delta Dist 10 = 11.890 | Delta Dist 100 = 11.727 | Delta Dist 1000 = 11.654 | Episode Length = 50 | Episode Return = 21.0 | Evaluator Episodes = 6833 | Evaluator Steps = 341650 | Final Dist = 1.301 | Final Dist 10 = 0.916 | Final Dist 100 = 1.080 | Final Dist 1000 = 1.152 | Init Dist = 12.806 | Init Dist 10 = 12.806 | Init Dist 100 = 12.806 | Init Dist 1000 = 12.806 | Learner Steps = 20901 | Learner Walltime = 4123.050 | Min Dist = 0.240 | Min Dist 10 = 0.218 | Min Dist 100 = 0.382 | Min Dist 1000 = 0.484 | Steps Per Second = 86.960 | Success = 1.000 | Success 1000 = 0.951
I0502 16:15:00.471230 139584635659840 savers.py:156] Saving checkpoint: logs/contrastive_cpc_point_FourRooms_64/5dd72662-2788-11f0-b183-d85ed38c5779/checkpoints/counter
I0502 16:15:00.580136 139558059398720 terminal.py:91] [Actor] Actor Episodes = 26958 | Actor Steps = 1347900 | Delta Dist = 1.193 | Delta Dist 10 = 2.844 | Delta Dist 100 = 3.731 | Delta Dist 1000 = 4.308 | Episode Length = 50 | Episode Return = 37.0 | Evaluator Episodes = 6831 | Evaluator Steps = 341550 | Final Dist = 0.221 | Final Dist 10 = 2.004 | Final Dist 100 = 1.756 | Final Dist 1000 = 1.524 | Init Dist = 1.414 | Init Dist 10 = 4.849 | Init Dist 100 = 5.487 | Init Dist 1000 = 5.833 | Learner Steps = 20901 | Learner Walltime = 4123.050 | Min Dist = 0.014 | Min Dist 10 = 0.307 | Min Dist 100 = 0.407 | Min Dist 1000 = 0.228 | Steps Per Second = 81.418 | Success = 1.000 | Success 1000 = 0.989
I0502 16:15:01.146917 139579566835264 terminal.py:91] [Evaluator] Actor Episodes = 26965 | Actor Steps = 1348250 | Delta Dist = 11.621 | Delta Dist 10 = 11.976 | Delta Dist 100 = 11.738 | Delta Dist 1000 = 11.655 | Episode Length = 50 | Episode Return = 4.0 | Evaluator Episodes = 6835 | Evaluator Steps = 341750 | Final Dist = 1.185 | Final Dist 10 = 0.830 | Final Dist 100 = 1.068 | Final Dist 1000 = 1.151 | Init Dist = 12.806 | Init Dist 10 = 12.806 | Init Dist 100 = 12.806 | Init Dist 1000 = 12.806 | Learner Steps = 20908 | Learner Walltime = 4124.355 | Min Dist = 0.735 | Min Dist 10 = 0.214 | Min Dist 100 = 0.381 | Min Dist 1000 = 0.484 | Steps Per Second = 90.329 | Success = 1.000 | Success 1000 = 0.951
I0502 16:15:01.261159 139555860620864 terminal.py:91] [Actor] Actor Episodes = 26964 | Actor Steps = 1348200 | Delta Dist = 0.451 | Delta Dist 10 = 4.220 | Delta Dist 100 = 3.824 | Delta Dist 1000 = 4.300 | Episode Length = 50 | Episode Return = 49.0 | Evaluator Episodes = 6833 | Evaluator Steps = 341650 | Final Dist = 0.963 | Final Dist 10 = 1.352 | Final Dist 100 = 1.637 | Final Dist 1000 = 1.525 | Init Dist = 1.414 | Init Dist 10 = 5.572 | Init Dist 100 = 5.462 | Init Dist 1000 = 5.825 | Learner Steps = 20908 | Learner Walltime = 4124.355 | Min Dist = 0.033 | Min Dist 10 = 0.264 | Min Dist 100 = 0.402 | Min Dist 1000 = 0.228 | Steps Per Second = 87.950 | Success = 1.000 | Success 1000 = 0.989
I0502 16:15:01.866287 139555013154368 terminal.py:91] [Learner] Actor Episodes = 26965 | Actor Loss = 3.6322274208068848 | Actor Steps = 1348250 | Binary Accuracy = 0.9960207939147949 | Categorical Accuracy = 0.4091796875 | Critic Loss = 1.8894517421722412 | Entropy Mean = -19.371997833251953 | Evaluator Episodes = 6835 | Evaluator Steps = 341750 | Learner Steps = 20917 | Learner Walltime = 4126.064 | Logits Neg = -17.049144744873047 | Logits Pos = -1.881589412689209 | Logsumexp = 1.2043819427490234 | Steps Per Second = 235.164
I0502 16:15:02.427207 139579566835264 terminal.py:91] [Evaluator] Actor Episodes = 26973 | Actor Steps = 1348650 | Delta Dist = 12.247 | Delta Dist 10 = 11.925 | Delta Dist 100 = 11.721 | Delta Dist 1000 = 11.654 | Episode Length = 50 | Episode Return = 6.0 | Evaluator Episodes = 6837 | Evaluator Steps = 341850 | Final Dist = 0.560 | Final Dist 10 = 0.881 | Final Dist 100 = 1.086 | Final Dist 1000 = 1.152 | Init Dist = 12.806 | Init Dist 10 = 12.806 | Init Dist 100 = 12.806 | Init Dist 1000 = 12.806 | Learner Steps = 20919 | Learner Walltime = 4126.452 | Min Dist = 0.237 | Min Dist 10 = 0.284 | Min Dist 100 = 0.388 | Min Dist 1000 = 0.484 | Steps Per Second = 80.638 | Success = 1.000 | Success 1000 = 0.951
I0502 16:15:02.570839 139584504182336 lp_utils.py:96] StepsLimiter: Reached 1348750 recorded steps
I0502 16:15:02.762302 139557462840896 terminal.py:91] [Actor] Actor Episodes = 26977 | Actor Steps = 1348850 | Delta Dist = 3.092 | Delta Dist 10 = 3.646 | Delta Dist 100 = 3.731 | Delta Dist 1000 = 4.296 | Episode Length = 50 | Episode Return = 26.0 | Evaluator Episodes = 6837 | Evaluator Steps = 341850 | Final Dist = 0.514 | Final Dist 10 = 0.961 | Final Dist 100 = 1.536 | Final Dist 1000 = 1.525 | Init Dist = 3.606 | Init Dist 10 = 4.388 | Init Dist 100 = 5.282 | Init Dist 1000 = 5.821 | Learner Steps = 20919 | Learner Walltime = 4126.452 | Min Dist = 0.030 | Min Dist 10 = 0.090 | Min Dist 100 = 0.304 | Min Dist 1000 = 0.228 | Steps Per Second = 81.257 | Success = 1.000 | Success 1000 = 0.989
I0502 16:15:02.980926 139569349502528 terminal.py:91] [Actor] Actor Episodes = 26976 | Actor Steps = 1348800 | Delta Dist = 1.979 | Delta Dist 10 = 3.776 | Delta Dist 100 = 3.703 | Delta Dist 1000 = 4.302 | Episode Length = 50 | Episode Return = 47.0 | Evaluator Episodes = 6837 | Evaluator Steps = 341850 | Final Dist = 0.257 | Final Dist 10 = 0.814 | Final Dist 100 = 1.538 | Final Dist 1000 = 1.518 | Init Dist = 2.236 | Init Dist 10 = 4.590 | Init Dist 100 = 5.241 | Init Dist 1000 = 5.819 | Learner Steps = 20919 | Learner Walltime = 4126.452 | Min Dist = 0.036 | Min Dist 10 = 0.096 | Min Dist 100 = 0.303 | Min Dist 1000 = 0.228 | Steps Per Second = 90.759 | Success = 1.000 | Success 1000 = 0.989
I0502 16:15:03.552198 139579566835264 terminal.py:91] [Evaluator] Actor Episodes = 26981 | Actor Steps = 1349050 | Delta Dist = 11.719 | Delta Dist 10 = 11.899 | Delta Dist 100 = 11.708 | Delta Dist 1000 = 11.653 | Episode Length = 50 | Episode Return = 11.0 | Evaluator Episodes = 6839 | Evaluator Steps = 341950 | Final Dist = 1.087 | Final Dist 10 = 0.907 | Final Dist 100 = 1.098 | Final Dist 1000 = 1.153 | Init Dist = 12.806 | Init Dist 10 = 12.806 | Init Dist 100 = 12.806 | Init Dist 1000 = 12.806 | Learner Steps = 20925 | Learner Walltime = 4127.484 | Min Dist = 0.039 | Min Dist 10 = 0.309 | Min Dist 100 = 0.394 | Min Dist 1000 = 0.485 | Steps Per Second = 90.811 | Success = 1.000 | Success 1000 = 0.951
I0502 16:15:04.718990 139583350109760 savers.py:156] Saving checkpoint: logs/contrastive_cpc_point_FourRooms_64/5dd72662-2788-11f0-b183-d85ed38c5779/checkpoints/learner
I0502 16:15:04.733997 139579566835264 terminal.py:91] [Evaluator] Actor Episodes = 26989 | Actor Steps = 1349450 | Delta Dist = 11.416 | Delta Dist 10 = 11.770 | Delta Dist 100 = 11.767 | Delta Dist 1000 = 11.653 | Episode Length = 50 | Episode Return = 2.0 | Evaluator Episodes = 6841 | Evaluator Steps = 342050 | Final Dist = 1.391 | Final Dist 10 = 1.036 | Final Dist 100 = 1.040 | Final Dist 1000 = 1.153 | Init Dist = 12.806 | Init Dist 10 = 12.806 | Init Dist 100 = 12.806 | Init Dist 1000 = 12.806 | Learner Steps = 20930 | Learner Walltime = 4128.526 | Min Dist = 0.069 | Min Dist 10 = 0.327 | Min Dist 100 = 0.331 | Min Dist 1000 = 0.485 | Steps Per Second = 80.141 | Success = 1.000 | Success 1000 = 0.951
I0502 16:15:05.956415 139579566835264 terminal.py:91] [Evaluator] Actor Episodes = 26997 | Actor Steps = 1349850 | Delta Dist = 11.869 | Delta Dist 10 = 11.761 | Delta Dist 100 = 11.752 | Delta Dist 1000 = 11.657 | Episode Length = 50 | Episode Return = 14.0 | Evaluator Episodes = 6843 | Evaluator Steps = 342150 | Final Dist = 0.937 | Final Dist 10 = 1.046 | Final Dist 100 = 1.054 | Final Dist 1000 = 1.149 | Init Dist = 12.806 | Init Dist 10 = 12.806 | Init Dist 100 = 12.806 | Init Dist 1000 = 12.806 | Learner Steps = 20936 | Learner Walltime = 4129.601 | Min Dist = 0.327 | Min Dist 10 = 0.295 | Min Dist 100 = 0.332 | Min Dist 1000 = 0.480 | Steps Per Second = 80.203 | Success = 1.000 | Success 1000 = 0.952
I0502 16:15:07.193622 139579566835264 terminal.py:91] [Evaluator] Actor Episodes = 27005 | Actor Steps = 1350250 | Delta Dist = 12.108 | Delta Dist 10 = 11.714 | Delta Dist 100 = 11.739 | Delta Dist 1000 = 11.656 | Episode Length = 50 | Episode Return = 22.0 | Evaluator Episodes = 6845 | Evaluator Steps = 342250 | Final Dist = 0.698 | Final Dist 10 = 1.092 | Final Dist 100 = 1.067 | Final Dist 1000 = 1.150 | Init Dist = 12.806 | Init Dist 10 = 12.806 | Init Dist 100 = 12.806 | Init Dist 1000 = 12.806 | Learner Steps = 20941 | Learner Walltime = 4130.728 | Min Dist = 0.044 | Min Dist 10 = 0.298 | Min Dist 100 = 0.332 | Min Dist 1000 = 0.480 | Steps Per Second = 78.971 | Success = 1.000 | Success 1000 = 0.952
I0502 16:15:08.498452 139579566835264 terminal.py:91] [Evaluator] Actor Episodes = 27013 | Actor Steps = 1350650 | Delta Dist = 11.448 | Delta Dist 10 = 11.776 | Delta Dist 100 = 11.795 | Delta Dist 1000 = 11.655 | Episode Length = 50 | Episode Return = 18.0 | Evaluator Episodes = 6847 | Evaluator Steps = 342350 | Final Dist = 1.358 | Final Dist 10 = 1.030 | Final Dist 100 = 1.012 | Final Dist 1000 = 1.151 | Init Dist = 12.806 | Init Dist 10 = 12.806 | Init Dist 100 = 12.806 | Init Dist 1000 = 12.806 | Learner Steps = 20947 | Learner Walltime = 4132.006 | Min Dist = 0.275 | Min Dist 10 = 0.214 | Min Dist 100 = 0.297 | Min Dist 1000 = 0.479 | Steps Per Second = 76.854 | Success = 1.000 | Success 1000 = 0.952
I0502 16:15:09.661213 139579566835264 terminal.py:91] [Evaluator] Actor Episodes = 27019 | Actor Steps = 1350950 | Delta Dist = 12.171 | Delta Dist 10 = 11.758 | Delta Dist 100 = 11.803 | Delta Dist 1000 = 11.658 | Episode Length = 50 | Episode Return = 15.0 | Evaluator Episodes = 6849 | Evaluator Steps = 342450 | Final Dist = 0.636 | Final Dist 10 = 1.048 | Final Dist 100 = 1.003 | Final Dist 1000 = 1.148 | Init Dist = 12.806 | Init Dist 10 = 12.806 | Init Dist 100 = 12.806 | Init Dist 1000 = 12.806 | Learner Steps = 20953 | Learner Walltime = 4133.052 | Min Dist = 0.114 | Min Dist 10 = 0.216 | Min Dist 100 = 0.300 | Min Dist 1000 = 0.476 | Steps Per Second = 81.634 | Success = 1.000 | Success 1000 = 0.953
I0502 16:15:10.985897 139579566835264 terminal.py:91] [Evaluator] Actor Episodes = 27027 | Actor Steps = 1351350 | Delta Dist = 12.378 | Delta Dist 10 = 11.924 | Delta Dist 100 = 11.882 | Delta Dist 1000 = 11.658 | Episode Length = 50 | Episode Return = 21.0 | Evaluator Episodes = 6851 | Evaluator Steps = 342550 | Final Dist = 0.428 | Final Dist 10 = 0.882 | Final Dist 100 = 0.924 | Final Dist 1000 = 1.148 | Init Dist = 12.806 | Init Dist 10 = 12.806 | Init Dist 100 = 12.806 | Init Dist 1000 = 12.806 | Learner Steps = 20963 | Learner Walltime = 4135.141 | Min Dist = 0.111 | Min Dist 10 = 0.175 | Min Dist 100 = 0.238 | Min Dist 1000 = 0.476 | Steps Per Second = 79.633 | Success = 1.000 | Success 1000 = 0.953
I0502 16:15:11.003736 139558059398720 terminal.py:91] [Actor] Actor Episodes = 27029 | Actor Steps = 1351450 | Delta Dist = 6.244 | Delta Dist 10 = 3.929 | Delta Dist 100 = 4.061 | Delta Dist 1000 = 4.286 | Episode Length = 50 | Episode Return = 37.0 | Evaluator Episodes = 6851 | Evaluator Steps = 342550 | Final Dist = 0.159 | Final Dist 10 = 1.240 | Final Dist 100 = 1.322 | Final Dist 1000 = 1.533 | Init Dist = 6.403 | Init Dist 10 = 5.169 | Init Dist 100 = 5.384 | Init Dist 1000 = 5.819 | Learner Steps = 20963 | Learner Walltime = 4135.141 | Min Dist = 0.041 | Min Dist 10 = 0.063 | Min Dist 100 = 0.191 | Min Dist 1000 = 0.233 | Steps Per Second = 76.936 | Success = 1.000 | Success 1000 = 0.988
I0502 16:15:11.843689 139555860620864 terminal.py:91] [Actor] Actor Episodes = 27035 | Actor Steps = 1351750 | Delta Dist = 10.671 | Delta Dist 10 = 4.882 | Delta Dist 100 = 4.231 | Delta Dist 1000 = 4.288 | Episode Length = 50 | Episode Return = 40.0 | Evaluator Episodes = 6851 | Evaluator Steps = 342550 | Final Dist = 0.731 | Final Dist 10 = 1.014 | Final Dist 100 = 1.337 | Final Dist 1000 = 1.531 | Init Dist = 11.402 | Init Dist 10 = 5.896 | Init Dist 100 = 5.568 | Init Dist 1000 = 5.819 | Learner Steps = 20963 | Learner Walltime = 4135.141 | Min Dist = 0.108 | Min Dist 10 = 0.048 | Min Dist 100 = 0.189 | Min Dist 1000 = 0.233 | Steps Per Second = 78.302 | Success = 1.000 | Success 1000 = 0.988
I0502 16:15:12.194148 139555013154368 terminal.py:91] [Learner] Actor Episodes = 27035 | Actor Loss = 3.73850679397583 | Actor Steps = 1351750 | Binary Accuracy = 0.996110200881958 | Categorical Accuracy = 0.42889404296875 | Critic Loss = 1.8102211952209473 | Entropy Mean = -19.014297485351562 | Evaluator Episodes = 6851 | Evaluator Steps = 342550 | Learner Steps = 20969 | Learner Walltime = 4136.382 | Logits Neg = -17.169696807861328 | Logits Pos = -1.823324203491211 | Logsumexp = 1.0974080562591553 | Steps Per Second = 171.212
I0502 16:15:12.238750 139579566835264 terminal.py:91] [Evaluator] Actor Episodes = 27035 | Actor Steps = 1351750 | Delta Dist = 12.566 | Delta Dist 10 = 12.072 | Delta Dist 100 = 11.887 | Delta Dist 1000 = 11.660 | Episode Length = 50 | Episode Return = 26.0 | Evaluator Episodes = 6853 | Evaluator Steps = 342650 | Final Dist = 0.240 | Final Dist 10 = 0.735 | Final Dist 100 = 0.920 | Final Dist 1000 = 1.146 | Init Dist = 12.806 | Init Dist 10 = 12.806 | Init Dist 100 = 12.806 | Init Dist 1000 = 12.806 | Learner Steps = 20969 | Learner Walltime = 4136.382 | Min Dist = 0.082 | Min Dist 10 = 0.175 | Min Dist 100 = 0.239 | Min Dist 1000 = 0.476 | Steps Per Second = 78.248 | Success = 1.000 | Success 1000 = 0.953
I0502 16:15:12.593762 139584504182336 lp_utils.py:96] StepsLimiter: Reached 1351950 recorded steps
I0502 16:15:13.477757 139557462840896 terminal.py:91] [Actor] Actor Episodes = 27042 | Actor Steps = 1352100 | Delta Dist = 5.562 | Delta Dist 10 = 5.663 | Delta Dist 100 = 4.433 | Delta Dist 1000 = 4.295 | Episode Length = 50 | Episode Return = 44.0 | Evaluator Episodes = 6853 | Evaluator Steps = 342650 | Final Dist = 0.438 | Final Dist 10 = 0.802 | Final Dist 100 = 1.330 | Final Dist 1000 = 1.526 | Init Dist = 6.000 | Init Dist 10 = 6.465 | Init Dist 100 = 5.763 | Init Dist 1000 = 5.820 | Learner Steps = 20969 | Learner Walltime = 4136.382 | Min Dist = 0.023 | Min Dist 10 = 0.049 | Min Dist 100 = 0.169 | Min Dist 1000 = 0.232 | Steps Per Second = 69.757 | Success = 1.000 | Success 1000 = 0.988
I0502 16:15:13.516154 139579566835264 terminal.py:91] [Evaluator] Actor Episodes = 27043 | Actor Steps = 1352150 | Delta Dist = 12.423 | Delta Dist 10 = 12.139 | Delta Dist 100 = 11.879 | Delta Dist 1000 = 11.660 | Episode Length = 50 | Episode Return = 31.0 | Evaluator Episodes = 6855 | Evaluator Steps = 342750 | Final Dist = 0.383 | Final Dist 10 = 0.667 | Final Dist 100 = 0.928 | Final Dist 1000 = 1.146 | Init Dist = 12.806 | Init Dist 10 = 12.806 | Init Dist 100 = 12.806 | Init Dist 1000 = 12.806 | Learner Steps = 20975 | Learner Walltime = 4137.397 | Min Dist = 0.079 | Min Dist 10 = 0.150 | Min Dist 100 = 0.237 | Min Dist 1000 = 0.476 | Steps Per Second = 70.805 | Success = 1.000 | Success 1000 = 0.953
I0502 16:15:13.672476 139569349502528 terminal.py:91] [Actor] Actor Episodes = 27047 | Actor Steps = 1352350 | Delta Dist = 8.159 | Delta Dist 10 = 5.452 | Delta Dist 100 = 4.477 | Delta Dist 1000 = 4.297 | Episode Length = 50 | Episode Return = 29.0 | Evaluator Episodes = 6855 | Evaluator Steps = 342750 | Final Dist = 0.087 | Final Dist 10 = 0.897 | Final Dist 100 = 1.342 | Final Dist 1000 = 1.527 | Init Dist = 8.246 | Init Dist 10 = 6.349 | Init Dist 100 = 5.820 | Init Dist 1000 = 5.824 | Learner Steps = 20975 | Learner Walltime = 4137.397 | Min Dist = 0.037 | Min Dist 10 = 0.037 | Min Dist 100 = 0.169 | Min Dist 1000 = 0.232 | Steps Per Second = 71.719 | Success = 1.000 | Success 1000 = 0.988
I0502 16:15:14.799526 139579566835264 terminal.py:91] [Evaluator] Actor Episodes = 27051 | Actor Steps = 1352550 | Delta Dist = 11.800 | Delta Dist 10 = 12.208 | Delta Dist 100 = 11.885 | Delta Dist 1000 = 11.660 | Episode Length = 50 | Episode Return = 22.0 | Evaluator Episodes = 6857 | Evaluator Steps = 342850 | Final Dist = 1.006 | Final Dist 10 = 0.599 | Final Dist 100 = 0.921 | Final Dist 1000 = 1.146 | Init Dist = 12.806 | Init Dist 10 = 12.806 | Init Dist 100 = 12.806 | Init Dist 1000 = 12.806 | Learner Steps = 20979 | Learner Walltime = 4138.443 | Min Dist = 0.163 | Min Dist 10 = 0.164 | Min Dist 100 = 0.237 | Min Dist 1000 = 0.476 | Steps Per Second = 78.534 | Success = 1.000 | Success 1000 = 0.953
I0502 16:15:16.009630 139579566835264 terminal.py:91] [Evaluator] Actor Episodes = 27059 | Actor Steps = 1352950 | Delta Dist = 11.506 | Delta Dist 10 = 12.144 | Delta Dist 100 = 11.879 | Delta Dist 1000 = 11.659 | Episode Length = 50 | Episode Return = 8.0 | Evaluator Episodes = 6859 | Evaluator Steps = 342950 | Final Dist = 1.300 | Final Dist 10 = 0.662 | Final Dist 100 = 0.927 | Final Dist 1000 = 1.147 | Init Dist = 12.806 | Init Dist 10 = 12.806 | Init Dist 100 = 12.806 | Init Dist 1000 = 12.806 | Learner Steps = 20983 | Learner Walltime = 4139.564 | Min Dist = 0.083 | Min Dist 10 = 0.124 | Min Dist 100 = 0.234 | Min Dist 1000 = 0.476 | Steps Per Second = 82.511 | Success = 1.000 | Success 1000 = 0.953
I0502 16:15:17.259441 139579566835264 terminal.py:91] [Evaluator] Actor Episodes = 27067 | Actor Steps = 1353350 | Delta Dist = 12.253 | Delta Dist 10 = 12.054 | Delta Dist 100 = 11.889 | Delta Dist 1000 = 11.659 | Episode Length = 50 | Episode Return = 13.0 | Evaluator Episodes = 6861 | Evaluator Steps = 343050 | Final Dist = 0.553 | Final Dist 10 = 0.752 | Final Dist 100 = 0.918 | Final Dist 1000 = 1.147 | Init Dist = 12.806 | Init Dist 10 = 12.806 | Init Dist 100 = 12.806 | Init Dist 1000 = 12.806 | Learner Steps = 20990 | Learner Walltime = 4140.738 | Min Dist = 0.083 | Min Dist 10 = 0.123 | Min Dist 100 = 0.234 | Min Dist 1000 = 0.475 | Steps Per Second = 83.484 | Success = 1.000 | Success 1000 = 0.953
I0502 16:15:18.539274 139579566835264 terminal.py:91] [Evaluator] Actor Episodes = 27075 | Actor Steps = 1353750 | Delta Dist = 11.204 | Delta Dist 10 = 12.085 | Delta Dist 100 = 11.898 | Delta Dist 1000 = 11.665 | Episode Length = 50 | Episode Return = 19.0 | Evaluator Episodes = 6863 | Evaluator Steps = 343150 | Final Dist = 1.602 | Final Dist 10 = 0.721 | Final Dist 100 = 0.908 | Final Dist 1000 = 1.141 | Init Dist = 12.806 | Init Dist 10 = 12.806 | Init Dist 100 = 12.806 | Init Dist 1000 = 12.806 | Learner Steps = 20996 | Learner Walltime = 4141.814 | Min Dist = 0.157 | Min Dist 10 = 0.100 | Min Dist 100 = 0.232 | Min Dist 1000 = 0.469 | Steps Per Second = 79.321 | Success = 1.000 | Success 1000 = 0.954
I0502 16:15:19.769659 139579566835264 terminal.py:91] [Evaluator] Actor Episodes = 27083 | Actor Steps = 1354150 | Delta Dist = 11.840 | Delta Dist 10 = 12.009 | Delta Dist 100 = 11.905 | Delta Dist 1000 = 11.672 | Episode Length = 50 | Episode Return = 17.0 | Evaluator Episodes = 6865 | Evaluator Steps = 343250 | Final Dist = 0.967 | Final Dist 10 = 0.798 | Final Dist 100 = 0.902 | Final Dist 1000 = 1.135 | Init Dist = 12.806 | Init Dist 10 = 12.806 | Init Dist 100 = 12.806 | Init Dist 1000 = 12.806 | Learner Steps = 21002 | Learner Walltime = 4143.079 | Min Dist = 0.087 | Min Dist 10 = 0.117 | Min Dist 100 = 0.231 | Min Dist 1000 = 0.463 | Steps Per Second = 80.007 | Success = 1.000 | Success 1000 = 0.955
I0502 16:15:21.016801 139579566835264 terminal.py:91] [Evaluator] Actor Episodes = 27091 | Actor Steps = 1354550 | Delta Dist = 12.258 | Delta Dist 10 = 12.000 | Delta Dist 100 = 11.910 | Delta Dist 1000 = 11.672 | Episode Length = 50 | Episode Return = 2.0 | Evaluator Episodes = 6867 | Evaluator Steps = 343350 | Final Dist = 0.549 | Final Dist 10 = 0.806 | Final Dist 100 = 0.896 | Final Dist 1000 = 1.135 | Init Dist = 12.806 | Init Dist 10 = 12.806 | Init Dist 100 = 12.806 | Init Dist 1000 = 12.806 | Learner Steps = 21008 | Learner Walltime = 4144.361 | Min Dist = 0.199 | Min Dist 10 = 0.108 | Min Dist 100 = 0.227 | Min Dist 1000 = 0.463 | Steps Per Second = 86.231 | Success = 1.000 | Success 1000 = 0.955
I0502 16:15:21.204261 139558059398720 terminal.py:91] [Actor] Actor Episodes = 27095 | Actor Steps = 1354750 | Delta Dist = 4.978 | Delta Dist 10 = 3.885 | Delta Dist 100 = 4.780 | Delta Dist 1000 = 4.281 | Episode Length = 50 | Episode Return = 50.0 | Evaluator Episodes = 6867 | Evaluator Steps = 343350 | Final Dist = 0.852 | Final Dist 10 = 1.109 | Final Dist 100 = 1.393 | Final Dist 1000 = 1.521 | Init Dist = 5.831 | Init Dist 10 = 4.994 | Init Dist 100 = 6.173 | Init Dist 1000 = 5.802 | Learner Steps = 21008 | Learner Walltime = 4144.361 | Min Dist = 0.031 | Min Dist 10 = 0.036 | Min Dist 100 = 0.153 | Min Dist 1000 = 0.218 | Steps Per Second = 90.757 | Success = 1.000 | Success 1000 = 0.988
I0502 16:15:22.143839 139579566835264 terminal.py:91] [Evaluator] Actor Episodes = 27099 | Actor Steps = 1354950 | Delta Dist = 11.747 | Delta Dist 10 = 12.097 | Delta Dist 100 = 11.909 | Delta Dist 1000 = 11.672 | Episode Length = 50 | Episode Return = 25.0 | Evaluator Episodes = 6869 | Evaluator Steps = 343450 | Final Dist = 1.059 | Final Dist 10 = 0.709 | Final Dist 100 = 0.897 | Final Dist 1000 = 1.134 | Init Dist = 12.806 | Init Dist 10 = 12.806 | Init Dist 100 = 12.806 | Init Dist 1000 = 12.806 | Learner Steps = 21015 | Learner Walltime = 4145.504 | Min Dist = 0.112 | Min Dist 10 = 0.167 | Min Dist 100 = 0.233 | Min Dist 1000 = 0.463 | Steps Per Second = 96.292 | Success = 1.000 | Success 1000 = 0.955
I0502 16:15:22.294839 139555860620864 terminal.py:91] [Actor] Actor Episodes = 27100 | Actor Steps = 1355000 | Delta Dist = 0.804 | Delta Dist 10 = 3.841 | Delta Dist 100 = 4.660 | Delta Dist 1000 = 4.284 | Episode Length = 50 | Episode Return = 31.0 | Evaluator Episodes = 6867 | Evaluator Steps = 343350 | Final Dist = 1.196 | Final Dist 10 = 0.339 | Final Dist 100 = 1.252 | Final Dist 1000 = 1.507 | Init Dist = 2.000 | Init Dist 10 = 4.180 | Init Dist 100 = 5.912 | Init Dist 1000 = 5.791 | Learner Steps = 21015 | Learner Walltime = 4145.504 | Min Dist = 0.124 | Min Dist 10 = 0.060 | Min Dist 100 = 0.112 | Min Dist 1000 = 0.208 | Steps Per Second = 97.330 | Success = 1.000 | Success 1000 = 0.988
I0502 16:15:22.299624 139555013154368 terminal.py:91] [Learner] Actor Episodes = 27095 | Actor Loss = 3.714029550552368 | Actor Steps = 1354750 | Binary Accuracy = 0.9960193634033203 | Categorical Accuracy = 0.4229736328125 | Critic Loss = 1.8415732383728027 | Entropy Mean = -18.742706298828125 | Evaluator Episodes = 6867 | Evaluator Steps = 343350 | Learner Steps = 21020 | Learner Walltime = 4146.493 | Logits Neg = -16.79248046875 | Logits Pos = -1.8089892864227295 | Logsumexp = 1.0677289962768555 | Steps Per Second = 230.799
I0502 16:15:22.613876 139584504182336 lp_utils.py:96] StepsLimiter: Reached 1355150 recorded steps
I0502 16:15:23.424674 139579566835264 terminal.py:91] [Evaluator] Actor Episodes = 27107 | Actor Steps = 1355350 | Delta Dist = 12.511 | Delta Dist 10 = 12.051 | Delta Dist 100 = 11.903 | Delta Dist 1000 = 11.671 | Episode Length = 50 | Episode Return = 21.0 | Evaluator Episodes = 6871 | Evaluator Steps = 343550 | Final Dist = 0.295 | Final Dist 10 = 0.756 | Final Dist 100 = 0.903 | Final Dist 1000 = 1.135 | Init Dist = 12.806 | Init Dist 10 = 12.806 | Init Dist 100 = 12.806 | Init Dist 1000 = 12.806 | Learner Steps = 21021 | Learner Walltime = 4146.558 | Min Dist = 0.295 | Min Dist 10 = 0.172 | Min Dist 100 = 0.225 | Min Dist 1000 = 0.463 | Steps Per Second = 83.655 | Success = 1.000 | Success 1000 = 0.955
I0502 16:15:23.933290 139557462840896 terminal.py:91] [Actor] Actor Episodes = 27113 | Actor Steps = 1355650 | Delta Dist = 10.916 | Delta Dist 10 = 5.166 | Delta Dist 100 = 4.644 | Delta Dist 1000 = 4.299 | Episode Length = 50 | Episode Return = 49.0 | Evaluator Episodes = 6871 | Evaluator Steps = 343550 | Final Dist = 0.486 | Final Dist 10 = 0.415 | Final Dist 100 = 1.136 | Final Dist 1000 = 1.506 | Init Dist = 11.402 | Init Dist 10 = 5.581 | Init Dist 100 = 5.780 | Init Dist 1000 = 5.805 | Learner Steps = 21026 | Learner Walltime = 4147.665 | Min Dist = 0.033 | Min Dist 10 = 0.106 | Min Dist 100 = 0.077 | Min Dist 1000 = 0.208 | Steps Per Second = 83.759 | Success = 1.000 | Success 1000 = 0.989
I0502 16:15:23.999804 139569349502528 terminal.py:91] [Actor] Actor Episodes = 27110 | Actor Steps = 1355500 | Delta Dist = 5.865 | Delta Dist 10 = 6.077 | Delta Dist 100 = 4.740 | Delta Dist 1000 = 4.309 | Episode Length = 50 | Episode Return = 38.0 | Evaluator Episodes = 6871 | Evaluator Steps = 343550 | Final Dist = 1.346 | Final Dist 10 = 0.444 | Final Dist 100 = 1.131 | Final Dist 1000 = 1.506 | Init Dist = 7.211 | Init Dist 10 = 6.521 | Init Dist 100 = 5.871 | Init Dist 1000 = 5.816 | Learner Steps = 21021 | Learner Walltime = 4146.558 | Min Dist = 0.045 | Min Dist 10 = 0.096 | Min Dist 100 = 0.077 | Min Dist 1000 = 0.208 | Steps Per Second = 92.336 | Success = 1.000 | Success 1000 = 0.989
I0502 16:15:24.521584 139579566835264 terminal.py:91] [Evaluator] Actor Episodes = 27115 | Actor Steps = 1355750 | Delta Dist = 12.635 | Delta Dist 10 = 11.980 | Delta Dist 100 = 11.903 | Delta Dist 1000 = 11.678 | Episode Length = 50 | Episode Return = 24.0 | Evaluator Episodes = 6873 | Evaluator Steps = 343650 | Final Dist = 0.171 | Final Dist 10 = 0.826 | Final Dist 100 = 0.903 | Final Dist 1000 = 1.128 | Init Dist = 12.806 | Init Dist 10 = 12.806 | Init Dist 100 = 12.806 | Init Dist 1000 = 12.806 | Learner Steps = 21032 | Learner Walltime = 4148.718 | Min Dist = 0.171 | Min Dist 10 = 0.193 | Min Dist 100 = 0.223 | Min Dist 1000 = 0.456 | Steps Per Second = 91.707 | Success = 1.000 | Success 1000 = 0.956
I0502 16:15:25.810868 139579566835264 terminal.py:91] [Evaluator] Actor Episodes = 27125 | Actor Steps = 1356250 | Delta Dist = 12.493 | Delta Dist 10 = 12.132 | Delta Dist 100 = 11.909 | Delta Dist 1000 = 11.680 | Episode Length = 50 | Episode Return = 26.0 | Evaluator Episodes = 6875 | Evaluator Steps = 343750 | Final Dist = 0.314 | Final Dist 10 = 0.674 | Final Dist 100 = 0.897 | Final Dist 1000 = 1.127 | Init Dist = 12.806 | Init Dist 10 = 12.806 | Init Dist 100 = 12.806 | Init Dist 1000 = 12.806 | Learner Steps = 21037 | Learner Walltime = 4149.813 | Min Dist = 0.022 | Min Dist 10 = 0.195 | Min Dist 100 = 0.224 | Min Dist 1000 = 0.456 | Steps Per Second = 79.441 | Success = 1.000 | Success 1000 = 0.956
I0502 16:15:26.948980 139579566835264 terminal.py:91] [Evaluator] Actor Episodes = 27133 | Actor Steps = 1356650 | Delta Dist = 12.356 | Delta Dist 10 = 12.112 | Delta Dist 100 = 11.899 | Delta Dist 1000 = 11.681 | Episode Length = 50 | Episode Return = 33.0 | Evaluator Episodes = 6877 | Evaluator Steps = 343850 | Final Dist = 0.451 | Final Dist 10 = 0.694 | Final Dist 100 = 0.907 | Final Dist 1000 = 1.126 | Init Dist = 12.806 | Init Dist 10 = 12.806 | Init Dist 100 = 12.806 | Init Dist 1000 = 12.806 | Learner Steps = 21043 | Learner Walltime = 4150.901 | Min Dist = 0.135 | Min Dist 10 = 0.214 | Min Dist 100 = 0.227 | Min Dist 1000 = 0.455 | Steps Per Second = 82.341 | Success = 1.000 | Success 1000 = 0.957
I0502 16:15:28.055848 139579566835264 terminal.py:91] [Evaluator] Actor Episodes = 27140 | Actor Steps = 1357000 | Delta Dist = 11.610 | Delta Dist 10 = 12.082 | Delta Dist 100 = 11.896 | Delta Dist 1000 = 11.680 | Episode Length = 50 | Episode Return = 20.0 | Evaluator Episodes = 6879 | Evaluator Steps = 343950 | Final Dist = 1.196 | Final Dist 10 = 0.724 | Final Dist 100 = 0.911 | Final Dist 1000 = 1.126 | Init Dist = 12.806 | Init Dist 10 = 12.806 | Init Dist 100 = 12.806 | Init Dist 1000 = 12.806 | Learner Steps = 21049 | Learner Walltime = 4152.042 | Min Dist = 0.134 | Min Dist 10 = 0.196 | Min Dist 100 = 0.232 | Min Dist 1000 = 0.456 | Steps Per Second = 98.220 | Success = 1.000 | Success 1000 = 0.957
I0502 16:15:29.228096 139579566835264 terminal.py:91] [Evaluator] Actor Episodes = 27148 | Actor Steps = 1357400 | Delta Dist = 12.665 | Delta Dist 10 = 12.104 | Delta Dist 100 = 11.895 | Delta Dist 1000 = 11.680 | Episode Length = 50 | Episode Return = 35.0 | Evaluator Episodes = 6881 | Evaluator Steps = 344050 | Final Dist = 0.142 | Final Dist 10 = 0.702 | Final Dist 100 = 0.912 | Final Dist 1000 = 1.126 | Init Dist = 12.806 | Init Dist 10 = 12.806 | Init Dist 100 = 12.806 | Init Dist 1000 = 12.806 | Learner Steps = 21055 | Learner Walltime = 4153.068 | Min Dist = 0.043 | Min Dist 10 = 0.213 | Min Dist 100 = 0.229 | Min Dist 1000 = 0.456 | Steps Per Second = 82.613 | Success = 1.000 | Success 1000 = 0.957
I0502 16:15:30.358800 139579566835264 terminal.py:91] [Evaluator] Actor Episodes = 27156 | Actor Steps = 1357800 | Delta Dist = 12.559 | Delta Dist 10 = 12.158 | Delta Dist 100 = 11.907 | Delta Dist 1000 = 11.680 | Episode Length = 50 | Episode Return = 36.0 | Evaluator Episodes = 6883 | Evaluator Steps = 344150 | Final Dist = 0.247 | Final Dist 10 = 0.648 | Final Dist 100 = 0.899 | Final Dist 1000 = 1.126 | Init Dist = 12.806 | Init Dist 10 = 12.806 | Init Dist 100 = 12.806 | Init Dist 1000 = 12.806 | Learner Steps = 21061 | Learner Walltime = 4154.223 | Min Dist = 0.089 | Min Dist 10 = 0.202 | Min Dist 100 = 0.229 | Min Dist 1000 = 0.456 | Steps Per Second = 82.783 | Success = 1.000 | Success 1000 = 0.957
I0502 16:15:31.633637 139579566835264 terminal.py:91] [Evaluator] Actor Episodes = 27164 | Actor Steps = 1358200 | Delta Dist = 11.964 | Delta Dist 10 = 12.107 | Delta Dist 100 = 11.923 | Delta Dist 1000 = 11.681 | Episode Length = 50 | Episode Return = 31.0 | Evaluator Episodes = 6885 | Evaluator Steps = 344250 | Final Dist = 0.842 | Final Dist 10 = 0.700 | Final Dist 100 = 0.883 | Final Dist 1000 = 1.125 | Init Dist = 12.806 | Init Dist 10 = 12.806 | Init Dist 100 = 12.806 | Init Dist 1000 = 12.806 | Learner Steps = 21068 | Learner Walltime = 4155.639 | Min Dist = 0.128 | Min Dist 10 = 0.189 | Min Dist 100 = 0.225 | Min Dist 1000 = 0.455 | Steps Per Second = 83.172 | Success = 1.000 | Success 1000 = 0.957
I0502 16:15:31.740709 139558059398720 terminal.py:91] [Actor] Actor Episodes = 27168 | Actor Steps = 1358400 | Delta Dist = 4.309 | Delta Dist 10 = 3.327 | Delta Dist 100 = 4.664 | Delta Dist 1000 = 4.330 | Episode Length = 50 | Episode Return = 7.0 | Evaluator Episodes = 6885 | Evaluator Steps = 344250 | Final Dist = 0.790 | Final Dist 10 = 0.861 | Final Dist 100 = 1.000 | Final Dist 1000 = 1.463 | Init Dist = 5.099 | Init Dist 10 = 4.188 | Init Dist 100 = 5.664 | Init Dist 1000 = 5.793 | Learner Steps = 21068 | Learner Walltime = 4155.639 | Min Dist = 0.166 | Min Dist 10 = 0.123 | Min Dist 100 = 0.135 | Min Dist 1000 = 0.214 | Steps Per Second = 79.001 | Success = 1.000 | Success 1000 = 0.989
I0502 16:15:32.397599 139555013154368 terminal.py:91] [Learner] Actor Episodes = 27164 | Actor Loss = 3.759462356567383 | Actor Steps = 1358200 | Binary Accuracy = 0.9960503578186035 | Categorical Accuracy = 0.431640625 | Critic Loss = 1.7999122142791748 | Entropy Mean = -18.123384475708008 | Evaluator Episodes = 6883 | Evaluator Steps = 344150 | Learner Steps = 21074 | Learner Walltime = 4156.591 | Logits Neg = -16.956382751464844 | Logits Pos = -1.7860442399978638 | Logsumexp = 1.076883316040039 | Steps Per Second = 241.141
I0502 16:15:32.632316 139584504182336 lp_utils.py:96] StepsLimiter: Reached 1358500 recorded steps
I0502 16:15:32.648560 139555860620864 terminal.py:91] [Actor] Actor Episodes = 27172 | Actor Steps = 1358600 | Delta Dist = 4.409 | Delta Dist 10 = 4.587 | Delta Dist 100 = 4.756 | Delta Dist 1000 = 4.351 | Episode Length = 50 | Episode Return = 31.0 | Evaluator Episodes = 6885 | Evaluator Steps = 344250 | Final Dist = 0.690 | Final Dist 10 = 0.797 | Final Dist 100 = 0.879 | Final Dist 1000 = 1.447 | Init Dist = 5.099 | Init Dist 10 = 5.384 | Init Dist 100 = 5.635 | Init Dist 1000 = 5.798 | Learner Steps = 21075 | Learner Walltime = 4156.673 | Min Dist = 0.110 | Min Dist 10 = 0.130 | Min Dist 100 = 0.134 | Min Dist 1000 = 0.199 | Steps Per Second = 73.832 | Success = 1.000 | Success 1000 = 0.989
I0502 16:15:32.822989 139579566835264 terminal.py:91] [Evaluator] Actor Episodes = 27172 | Actor Steps = 1358600 | Delta Dist = 11.592 | Delta Dist 10 = 12.170 | Delta Dist 100 = 11.941 | Delta Dist 1000 = 11.682 | Episode Length = 50 | Episode Return = 7.0 | Evaluator Episodes = 6887 | Evaluator Steps = 344350 | Final Dist = 1.214 | Final Dist 10 = 0.636 | Final Dist 100 = 0.865 | Final Dist 1000 = 1.125 | Init Dist = 12.806 | Init Dist 10 = 12.806 | Init Dist 100 = 12.806 | Init Dist 1000 = 12.806 | Learner Steps = 21075 | Learner Walltime = 4156.673 | Min Dist = 0.148 | Min Dist 10 = 0.180 | Min Dist 100 = 0.222 | Min Dist 1000 = 0.455 | Steps Per Second = 82.290 | Success = 1.000 | Success 1000 = 0.957
I0502 16:15:34.003567 139579566835264 terminal.py:91] [Evaluator] Actor Episodes = 27180 | Actor Steps = 1359000 | Delta Dist = 11.624 | Delta Dist 10 = 12.129 | Delta Dist 100 = 11.928 | Delta Dist 1000 = 11.682 | Episode Length = 50 | Episode Return = 18.0 | Evaluator Episodes = 6889 | Evaluator Steps = 344450 | Final Dist = 1.182 | Final Dist 10 = 0.678 | Final Dist 100 = 0.879 | Final Dist 1000 = 1.124 | Init Dist = 12.806 | Init Dist 10 = 12.806 | Init Dist 100 = 12.806 | Init Dist 1000 = 12.806 | Learner Steps = 21079 | Learner Walltime = 4157.830 | Min Dist = 0.048 | Min Dist 10 = 0.144 | Min Dist 100 = 0.225 | Min Dist 1000 = 0.455 | Steps Per Second = 84.661 | Success = 1.000 | Success 1000 = 0.957
I0502 16:15:34.135620 139569349502528 terminal.py:91] [Actor] Actor Episodes = 27182 | Actor Steps = 1359100 | Delta Dist = 0.332 | Delta Dist 10 = 5.019 | Delta Dist 100 = 4.890 | Delta Dist 1000 = 4.367 | Episode Length = 50 | Episode Return = 0.0 | Evaluator Episodes = 6889 | Evaluator Steps = 344450 | Final Dist = 0.668 | Final Dist 10 = 1.202 | Final Dist 100 = 0.843 | Final Dist 1000 = 1.447 | Init Dist = 1.000 | Init Dist 10 = 6.221 | Init Dist 100 = 5.733 | Init Dist 1000 = 5.813 | Learner Steps = 21079 | Learner Walltime = 4157.830 | Min Dist = 0.017 | Min Dist 10 = 0.071 | Min Dist 100 = 0.131 | Min Dist 1000 = 0.199 | Steps Per Second = 84.263 | Success = 1.000 | Success 1000 = 0.989
I0502 16:15:34.416262 139557462840896 terminal.py:91] [Actor] Actor Episodes = 27179 | Actor Steps = 1358950 | Delta Dist = 5.263 | Delta Dist 10 = 4.269 | Delta Dist 100 = 4.795 | Delta Dist 1000 = 4.363 | Episode Length = 50 | Episode Return = 28.0 | Evaluator Episodes = 6887 | Evaluator Steps = 344350 | Final Dist = 0.568 | Final Dist 10 = 1.095 | Final Dist 100 = 0.833 | Final Dist 1000 = 1.445 | Init Dist = 5.831 | Init Dist 10 = 5.364 | Init Dist 100 = 5.628 | Init Dist 1000 = 5.808 | Learner Steps = 21079 | Learner Walltime = 4157.830 | Min Dist = 0.059 | Min Dist 10 = 0.064 | Min Dist 100 = 0.131 | Min Dist 1000 = 0.199 | Steps Per Second = 88.190 | Success = 1.000 | Success 1000 = 0.989
I0502 16:15:35.158837 139579566835264 terminal.py:91] [Evaluator] Actor Episodes = 27188 | Actor Steps = 1359400 | Delta Dist = 11.761 | Delta Dist 10 = 12.140 | Delta Dist 100 = 11.937 | Delta Dist 1000 = 11.683 | Episode Length = 50 | Episode Return = 6.0 | Evaluator Episodes = 6891 | Evaluator Steps = 344550 | Final Dist = 1.046 | Final Dist 10 = 0.666 | Final Dist 100 = 0.869 | Final Dist 1000 = 1.124 | Init Dist = 12.806 | Init Dist 10 = 12.806 | Init Dist 100 = 12.806 | Init Dist 1000 = 12.806 | Learner Steps = 21085 | Learner Walltime = 4158.885 | Min Dist = 0.143 | Min Dist 10 = 0.108 | Min Dist 100 = 0.222 | Min Dist 1000 = 0.454 | Steps Per Second = 88.200 | Success = 1.000 | Success 1000 = 0.957
I0502 16:15:36.263126 139579566835264 terminal.py:91] [Evaluator] Actor Episodes = 27194 | Actor Steps = 1359700 | Delta Dist = 12.308 | Delta Dist 10 = 12.062 | Delta Dist 100 = 11.934 | Delta Dist 1000 = 11.683 | Episode Length = 50 | Episode Return = 27.0 | Evaluator Episodes = 6893 | Evaluator Steps = 344650 | Final Dist = 0.498 | Final Dist 10 = 0.744 | Final Dist 100 = 0.872 | Final Dist 1000 = 1.123 | Init Dist = 12.806 | Init Dist 10 = 12.806 | Init Dist 100 = 12.806 | Init Dist 1000 = 12.806 | Learner Steps = 21090 | Learner Walltime = 4159.942 | Min Dist = 0.012 | Min Dist 10 = 0.115 | Min Dist 100 = 0.221 | Min Dist 1000 = 0.454 | Steps Per Second = 97.199 | Success = 1.000 | Success 1000 = 0.957
I0502 16:15:37.409558 139579566835264 terminal.py:91] [Evaluator] Actor Episodes = 27202 | Actor Steps = 1360100 | Delta Dist = 11.425 | Delta Dist 10 = 12.004 | Delta Dist 100 = 11.934 | Delta Dist 1000 = 11.682 | Episode Length = 50 | Episode Return = 10.0 | Evaluator Episodes = 6895 | Evaluator Steps = 344750 | Final Dist = 1.381 | Final Dist 10 = 0.802 | Final Dist 100 = 0.872 | Final Dist 1000 = 1.124 | Init Dist = 12.806 | Init Dist 10 = 12.806 | Init Dist 100 = 12.806 | Init Dist 1000 = 12.806 | Learner Steps = 21097 | Learner Walltime = 4161.035 | Min Dist = 0.138 | Min Dist 10 = 0.108 | Min Dist 100 = 0.218 | Min Dist 1000 = 0.454 | Steps Per Second = 81.963 | Success = 1.000 | Success 1000 = 0.957
I0502 16:15:38.503384 139579566835264 terminal.py:91] [Evaluator] Actor Episodes = 27208 | Actor Steps = 1360400 | Delta Dist = 12.015 | Delta Dist 10 = 11.903 | Delta Dist 100 = 11.938 | Delta Dist 1000 = 11.683 | Episode Length = 50 | Episode Return = 11.0 | Evaluator Episodes = 6897 | Evaluator Steps = 344850 | Final Dist = 0.792 | Final Dist 10 = 0.903 | Final Dist 100 = 0.868 | Final Dist 1000 = 1.123 | Init Dist = 12.806 | Init Dist 10 = 12.806 | Init Dist 100 = 12.806 | Init Dist 1000 = 12.806 | Learner Steps = 21103 | Learner Walltime = 4162.249 | Min Dist = 0.118 | Min Dist 10 = 0.101 | Min Dist 100 = 0.218 | Min Dist 1000 = 0.454 | Steps Per Second = 92.869 | Success = 1.000 | Success 1000 = 0.957
I0502 16:15:39.654820 139579566835264 terminal.py:91] [Evaluator] Actor Episodes = 27216 | Actor Steps = 1360800 | Delta Dist = 11.786 | Delta Dist 10 = 11.899 | Delta Dist 100 = 11.937 | Delta Dist 1000 = 11.683 | Episode Length = 50 | Episode Return = 1.0 | Evaluator Episodes = 6899 | Evaluator Steps = 344950 | Final Dist = 1.020 | Final Dist 10 = 0.907 | Final Dist 100 = 0.869 | Final Dist 1000 = 1.123 | Init Dist = 12.806 | Init Dist 10 = 12.806 | Init Dist 100 = 12.806 | Init Dist 1000 = 12.806 | Learner Steps = 21109 | Learner Walltime = 4163.440 | Min Dist = 0.534 | Min Dist 10 = 0.132 | Min Dist 100 = 0.220 | Min Dist 1000 = 0.454 | Steps Per Second = 84.093 | Success = 1.000 | Success 1000 = 0.957
I0502 16:15:40.824538 139579566835264 terminal.py:91] [Evaluator] Actor Episodes = 27224 | Actor Steps = 1361200 | Delta Dist = 11.884 | Delta Dist 10 = 11.856 | Delta Dist 100 = 11.935 | Delta Dist 1000 = 11.683 | Episode Length = 50 | Episode Return = 22.0 | Evaluator Episodes = 6901 | Evaluator Steps = 345050 | Final Dist = 0.922 | Final Dist 10 = 0.950 | Final Dist 100 = 0.871 | Final Dist 1000 = 1.123 | Init Dist = 12.806 | Init Dist 10 = 12.806 | Init Dist 100 = 12.806 | Init Dist 1000 = 12.806 | Learner Steps = 21115 | Learner Walltime = 4164.574 | Min Dist = 0.203 | Min Dist 10 = 0.183 | Min Dist 100 = 0.223 | Min Dist 1000 = 0.454 | Steps Per Second = 81.559 | Success = 1.000 | Success 1000 = 0.957
I0502 16:15:41.921143 139558059398720 terminal.py:91] [Actor] Actor Episodes = 27233 | Actor Steps = 1361650 | Delta Dist = 4.261 | Delta Dist 10 = 3.995 | Delta Dist 100 = 4.506 | Delta Dist 1000 = 4.345 | Episode Length = 50 | Episode Return = 23.0 | Evaluator Episodes = 6901 | Evaluator Steps = 345050 | Final Dist = 0.211 | Final Dist 10 = 0.773 | Final Dist 100 = 0.875 | Final Dist 1000 = 1.416 | Init Dist = 4.472 | Init Dist 10 = 4.769 | Init Dist 100 = 5.381 | Init Dist 1000 = 5.761 | Learner Steps = 21115 | Learner Walltime = 4164.574 | Min Dist = 0.051 | Min Dist 10 = 0.097 | Min Dist 100 = 0.086 | Min Dist 1000 = 0.195 | Steps Per Second = 80.297 | Success = 1.000 | Success 1000 = 0.989
I0502 16:15:41.976175 139579566835264 terminal.py:91] [Evaluator] Actor Episodes = 27232 | Actor Steps = 1361600 | Delta Dist = 11.299 | Delta Dist 10 = 11.858 | Delta Dist 100 = 11.935 | Delta Dist 1000 = 11.684 | Episode Length = 50 | Episode Return = 28.0 | Evaluator Episodes = 6903 | Evaluator Steps = 345150 | Final Dist = 1.507 | Final Dist 10 = 0.948 | Final Dist 100 = 0.871 | Final Dist 1000 = 1.123 | Init Dist = 12.806 | Init Dist 10 = 12.806 | Init Dist 100 = 12.806 | Init Dist 1000 = 12.806 | Learner Steps = 21120 | Learner Walltime = 4165.598 | Min Dist = 0.081 | Min Dist 10 = 0.187 | Min Dist 100 = 0.224 | Min Dist 1000 = 0.454 | Steps Per Second = 85.575 | Success = 1.000 | Success 1000 = 0.957
I0502 16:15:42.645706 139555013154368 terminal.py:91] [Learner] Actor Episodes = 27240 | Actor Loss = 3.6496219635009766 | Actor Steps = 1362000 | Binary Accuracy = 0.9960472583770752 | Categorical Accuracy = 0.42791748046875 | Critic Loss = 1.8143444061279297 | Entropy Mean = -19.501277923583984 | Evaluator Episodes = 6903 | Evaluator Steps = 345150 | Learner Steps = 21127 | Learner Walltime = 4166.839 | Logits Neg = -17.132089614868164 | Logits Pos = -1.7890419960021973 | Logsumexp = 1.092620611190796 | Steps Per Second = 248.366
I0502 16:15:42.652919 139584504182336 lp_utils.py:96] StepsLimiter: Reached 1362000 recorded steps
I0502 16:15:42.816138 139555860620864 terminal.py:91] [Actor] Actor Episodes = 27237 | Actor Steps = 1361850 | Delta Dist = 0.838 | Delta Dist 10 = 4.502 | Delta Dist 100 = 4.414 | Delta Dist 1000 = 4.344 | Episode Length = 50 | Episode Return = 27.0 | Evaluator Episodes = 6903 | Evaluator Steps = 345150 | Final Dist = 0.162 | Final Dist 10 = 1.154 | Final Dist 100 = 0.923 | Final Dist 1000 = 1.414 | Init Dist = 1.000 | Init Dist 10 = 5.656 | Init Dist 100 = 5.336 | Init Dist 1000 = 5.758 | Learner Steps = 21120 | Learner Walltime = 4165.598 | Min Dist = 0.067 | Min Dist 10 = 0.121 | Min Dist 100 = 0.086 | Min Dist 1000 = 0.188 | Steps Per Second = 87.827 | Success = 1.000 | Success 1000 = 0.989
I0502 16:15:43.108596 139579566835264 terminal.py:91] [Evaluator] Actor Episodes = 27240 | Actor Steps = 1362000 | Delta Dist = 11.665 | Delta Dist 10 = 11.808 | Delta Dist 100 = 11.943 | Delta Dist 1000 = 11.684 | Episode Length = 50 | Episode Return = 7.0 | Evaluator Episodes = 6905 | Evaluator Steps = 345250 | Final Dist = 1.142 | Final Dist 10 = 0.999 | Final Dist 100 = 0.864 | Final Dist 1000 = 1.123 | Init Dist = 12.806 | Init Dist 10 = 12.806 | Init Dist 100 = 12.806 | Init Dist 1000 = 12.806 | Learner Steps = 21127 | Learner Walltime = 4166.839 | Min Dist = 0.242 | Min Dist 10 = 0.207 | Min Dist 100 = 0.217 | Min Dist 1000 = 0.453 | Steps Per Second = 94.275 | Success = 1.000 | Success 1000 = 0.957
I0502 16:15:44.344990 139579566835264 terminal.py:91] [Evaluator] Actor Episodes = 27248 | Actor Steps = 1362400 | Delta Dist = 11.848 | Delta Dist 10 = 11.789 | Delta Dist 100 = 11.935 | Delta Dist 1000 = 11.684 | Episode Length = 50 | Episode Return = 14.0 | Evaluator Episodes = 6907 | Evaluator Steps = 345350 | Final Dist = 0.958 | Final Dist 10 = 1.018 | Final Dist 100 = 0.871 | Final Dist 1000 = 1.122 | Init Dist = 12.806 | Init Dist 10 = 12.806 | Init Dist 100 = 12.806 | Init Dist 1000 = 12.806 | Learner Steps = 21133 | Learner Walltime = 4167.890 | Min Dist = 0.306 | Min Dist 10 = 0.234 | Min Dist 100 = 0.219 | Min Dist 1000 = 0.454 | Steps Per Second = 79.168 | Success = 1.000 | Success 1000 = 0.957
I0502 16:15:44.360857 139569349502528 terminal.py:91] [Actor] Actor Episodes = 27249 | Actor Steps = 1362450 | Delta Dist = 9.709 | Delta Dist 10 = 5.241 | Delta Dist 100 = 4.452 | Delta Dist 1000 = 4.364 | Episode Length = 50 | Episode Return = 20.0 | Evaluator Episodes = 6905 | Evaluator Steps = 345250 | Final Dist = 0.291 | Final Dist 10 = 1.802 | Final Dist 100 = 1.048 | Final Dist 1000 = 1.418 | Init Dist = 10.000 | Init Dist 10 = 7.043 | Init Dist 100 = 5.500 | Init Dist 1000 = 5.782 | Learner Steps = 21133 | Learner Walltime = 4167.890 | Min Dist = 0.024 | Min Dist 10 = 0.099 | Min Dist 100 = 0.092 | Min Dist 1000 = 0.184 | Steps Per Second = 81.376 | Success = 1.000 | Success 1000 = 0.989
I0502 16:15:44.579670 139557462840896 terminal.py:91] [Actor] Actor Episodes = 27252 | Actor Steps = 1362600 | Delta Dist = 0.000 | Delta Dist 10 = 6.092 | Delta Dist 100 = 4.502 | Delta Dist 1000 = 4.365 | Episode Length = 50 | Episode Return = 23.0 | Evaluator Episodes = 6907 | Evaluator Steps = 345350 | Final Dist = 10.000 | Final Dist 10 = 1.751 | Final Dist 100 = 1.059 | Final Dist 1000 = 1.420 | Init Dist = 10.000 | Init Dist 10 = 7.843 | Init Dist 100 = 5.561 | Init Dist 1000 = 5.785 | Learner Steps = 21133 | Learner Walltime = 4167.890 | Min Dist = 10.000 | Min Dist 10 = 0.095 | Min Dist 100 = 0.092 | Min Dist 1000 = 0.184 | Steps Per Second = 75.127 | Success = 0.000 | Success 1000 = 0.989
I0502 16:15:45.564496 139579566835264 terminal.py:91] [Evaluator] Actor Episodes = 27256 | Actor Steps = 1362800 | Delta Dist = 11.390 | Delta Dist 10 = 11.889 | Delta Dist 100 = 11.945 | Delta Dist 1000 = 11.686 | Episode Length = 50 | Episode Return = 18.0 | Evaluator Episodes = 6909 | Evaluator Steps = 345450 | Final Dist = 1.416 | Final Dist 10 = 0.917 | Final Dist 100 = 0.861 | Final Dist 1000 = 1.121 | Init Dist = 12.806 | Init Dist 10 = 12.806 | Init Dist 100 = 12.806 | Init Dist 1000 = 12.806 | Learner Steps = 21138 | Learner Walltime = 4168.904 | Min Dist = 0.297 | Min Dist 10 = 0.205 | Min Dist 100 = 0.217 | Min Dist 1000 = 0.454 | Steps Per Second = 84.290 | Success = 1.000 | Success 1000 = 0.957
I0502 16:15:46.788144 139579566835264 terminal.py:91] [Evaluator] Actor Episodes = 27264 | Actor Steps = 1363200 | Delta Dist = 11.824 | Delta Dist 10 = 11.840 | Delta Dist 100 = 11.938 | Delta Dist 1000 = 11.693 | Episode Length = 50 | Episode Return = 17.0 | Evaluator Episodes = 6911 | Evaluator Steps = 345550 | Final Dist = 0.982 | Final Dist 10 = 0.966 | Final Dist 100 = 0.869 | Final Dist 1000 = 1.113 | Init Dist = 12.806 | Init Dist 10 = 12.806 | Init Dist 100 = 12.806 | Init Dist 1000 = 12.806 | Learner Steps = 21143 | Learner Walltime = 4169.952 | Min Dist = 0.234 | Min Dist 10 = 0.195 | Min Dist 100 = 0.215 | Min Dist 1000 = 0.447 | Steps Per Second = 82.335 | Success = 1.000 | Success 1000 = 0.958
I0502 16:15:47.960976 139579566835264 terminal.py:91] [Evaluator] Actor Episodes = 27272 | Actor Steps = 1363600 | Delta Dist = 11.733 | Delta Dist 10 = 11.785 | Delta Dist 100 = 11.935 | Delta Dist 1000 = 11.693 | Episode Length = 50 | Episode Return = 14.0 | Evaluator Episodes = 6913 | Evaluator Steps = 345650 | Final Dist = 1.073 | Final Dist 10 = 1.021 | Final Dist 100 = 0.872 | Final Dist 1000 = 1.113 | Init Dist = 12.806 | Init Dist 10 = 12.806 | Init Dist 100 = 12.806 | Init Dist 1000 = 12.806 | Learner Steps = 21148 | Learner Walltime = 4171.103 | Min Dist = 0.289 | Min Dist 10 = 0.204 | Min Dist 100 = 0.214 | Min Dist 1000 = 0.447 | Steps Per Second = 81.468 | Success = 1.000 | Success 1000 = 0.958
I0502 16:15:49.132375 139579566835264 terminal.py:91] [Evaluator] Actor Episodes = 27280 | Actor Steps = 1364000 | Delta Dist = 12.607 | Delta Dist 10 = 11.748 | Delta Dist 100 = 11.928 | Delta Dist 1000 = 11.692 | Episode Length = 50 | Episode Return = 25.0 | Evaluator Episodes = 6915 | Evaluator Steps = 345750 | Final Dist = 0.199 | Final Dist 10 = 1.058 | Final Dist 100 = 0.878 | Final Dist 1000 = 1.114 | Init Dist = 12.806 | Init Dist 10 = 12.806 | Init Dist 100 = 12.806 | Init Dist 1000 = 12.806 | Learner Steps = 21155 | Learner Walltime = 4172.318 | Min Dist = 0.199 | Min Dist 10 = 0.257 | Min Dist 100 = 0.214 | Min Dist 1000 = 0.447 | Steps Per Second = 79.715 | Success = 1.000 | Success 1000 = 0.958
I0502 16:15:50.306354 139579566835264 terminal.py:91] [Evaluator] Actor Episodes = 27288 | Actor Steps = 1364400 | Delta Dist = 11.815 | Delta Dist 10 = 11.761 | Delta Dist 100 = 11.938 | Delta Dist 1000 = 11.691 | Episode Length = 50 | Episode Return = 17.0 | Evaluator Episodes = 6917 | Evaluator Steps = 345850 | Final Dist = 0.992 | Final Dist 10 = 1.045 | Final Dist 100 = 0.868 | Final Dist 1000 = 1.115 | Init Dist = 12.806 | Init Dist 10 = 12.806 | Init Dist 100 = 12.806 | Init Dist 1000 = 12.806 | Learner Steps = 21167 | Learner Walltime = 4174.382 | Min Dist = 0.033 | Min Dist 10 = 0.260 | Min Dist 100 = 0.206 | Min Dist 1000 = 0.447 | Steps Per Second = 88.547 | Success = 1.000 | Success 1000 = 0.958
I0502 16:15:51.509852 139579566835264 terminal.py:91] [Evaluator] Actor Episodes = 27296 | Actor Steps = 1364800 | Delta Dist = 12.400 | Delta Dist 10 = 11.726 | Delta Dist 100 = 11.948 | Delta Dist 1000 = 11.692 | Episode Length = 50 | Episode Return = 19.0 | Evaluator Episodes = 6919 | Evaluator Steps = 345950 | Final Dist = 0.407 | Final Dist 10 = 1.080 | Final Dist 100 = 0.859 | Final Dist 1000 = 1.114 | Init Dist = 12.806 | Init Dist 10 = 12.806 | Init Dist 100 = 12.806 | Init Dist 1000 = 12.806 | Learner Steps = 21172 | Learner Walltime = 4175.542 | Min Dist = 0.076 | Min Dist 10 = 0.246 | Min Dist 100 = 0.200 | Min Dist 1000 = 0.447 | Steps Per Second = 85.623 | Success = 1.000 | Success 1000 = 0.958
I0502 16:15:52.176386 139558059398720 terminal.py:91] [Actor] Actor Episodes = 27304 | Actor Steps = 1365200 | Delta Dist = 6.586 | Delta Dist 10 = 4.329 | Delta Dist 100 = 4.796 | Delta Dist 1000 = 4.400 | Episode Length = 50 | Episode Return = 34.0 | Evaluator Episodes = 6919 | Evaluator Steps = 345950 | Final Dist = 0.486 | Final Dist 10 = 1.323 | Final Dist 100 = 1.049 | Final Dist 1000 = 1.369 | Init Dist = 7.071 | Init Dist 10 = 5.652 | Init Dist 100 = 5.846 | Init Dist 1000 = 5.769 | Learner Steps = 21172 | Learner Walltime = 4175.542 | Min Dist = 0.027 | Min Dist 10 = 0.107 | Min Dist 100 = 0.093 | Min Dist 1000 = 0.175 | Steps Per Second = 78.825 | Success = 1.000 | Success 1000 = 0.992
I0502 16:15:52.676441 139584504182336 lp_utils.py:96] StepsLimiter: Reached 1365200 recorded steps
I0502 16:15:52.686379 139555013154368 terminal.py:91] [Learner] Actor Episodes = 27304 | Actor Loss = 3.486922264099121 | Actor Steps = 1365200 | Binary Accuracy = 0.996056318283081 | Categorical Accuracy = 0.4359130859375 | Critic Loss = 1.8117163181304932 | Entropy Mean = -19.30970001220703 | Evaluator Episodes = 6919 | Evaluator Steps = 345950 | Learner Steps = 21179 | Learner Walltime = 4176.878 | Logits Neg = -16.766490936279297 | Logits Pos = -1.7712842226028442 | Logsumexp = 1.1636011600494385 | Steps Per Second = 166.913
I0502 16:15:52.739849 139579566835264 terminal.py:91] [Evaluator] Actor Episodes = 27304 | Actor Steps = 1365200 | Delta Dist = 12.340 | Delta Dist 10 = 11.858 | Delta Dist 100 = 11.952 | Delta Dist 1000 = 11.693 | Episode Length = 50 | Episode Return = 21.0 | Evaluator Episodes = 6921 | Evaluator Steps = 346050 | Final Dist = 0.466 | Final Dist 10 = 0.948 | Final Dist 100 = 0.854 | Final Dist 1000 = 1.113 | Init Dist = 12.806 | Init Dist 10 = 12.806 | Init Dist 100 = 12.806 | Init Dist 1000 = 12.806 | Learner Steps = 21179 | Learner Walltime = 4176.878 | Min Dist = 0.150 | Min Dist 10 = 0.235 | Min Dist 100 = 0.196 | Min Dist 1000 = 0.447 | Steps Per Second = 74.193 | Success = 1.000 | Success 1000 = 0.958
I0502 16:15:53.210154 139555860620864 terminal.py:91] [Actor] Actor Episodes = 27308 | Actor Steps = 1365400 | Delta Dist = 7.243 | Delta Dist 10 = 4.399 | Delta Dist 100 = 4.820 | Delta Dist 1000 = 4.416 | Episode Length = 50 | Episode Return = 11.0 | Evaluator Episodes = 6921 | Evaluator Steps = 346050 | Final Dist = 0.037 | Final Dist 10 = 1.193 | Final Dist 100 = 1.035 | Final Dist 1000 = 1.366 | Init Dist = 7.280 | Init Dist 10 = 5.592 | Init Dist 100 = 5.856 | Init Dist 1000 = 5.782 | Learner Steps = 21179 | Learner Walltime = 4176.878 | Min Dist = 0.037 | Min Dist 10 = 0.098 | Min Dist 100 = 0.093 | Min Dist 1000 = 0.175 | Steps Per Second = 77.598 | Success = 1.000 | Success 1000 = 0.993
I0502 16:15:53.966118 139579566835264 terminal.py:91] [Evaluator] Actor Episodes = 27312 | Actor Steps = 1365600 | Delta Dist = 12.562 | Delta Dist 10 = 11.883 | Delta Dist 100 = 11.953 | Delta Dist 1000 = 11.696 | Episode Length = 50 | Episode Return = 28.0 | Evaluator Episodes = 6923 | Evaluator Steps = 346150 | Final Dist = 0.244 | Final Dist 10 = 0.924 | Final Dist 100 = 0.853 | Final Dist 1000 = 1.110 | Init Dist = 12.806 | Init Dist 10 = 12.806 | Init Dist 100 = 12.806 | Init Dist 1000 = 12.806 | Learner Steps = 21185 | Learner Walltime = 4177.912 | Min Dist = 0.057 | Min Dist 10 = 0.243 | Min Dist 100 = 0.193 | Min Dist 1000 = 0.444 | Steps Per Second = 87.290 | Success = 1.000 | Success 1000 = 0.959
I0502 16:15:54.562776 139569349502528 terminal.py:91] [Actor] Actor Episodes = 27318 | Actor Steps = 1365900 | Delta Dist = 2.482 | Delta Dist 10 = 5.802 | Delta Dist 100 = 4.835 | Delta Dist 1000 = 4.417 | Episode Length = 50 | Episode Return = 33.0 | Evaluator Episodes = 6923 | Evaluator Steps = 346150 | Final Dist = 4.226 | Final Dist 10 = 0.694 | Final Dist 100 = 1.057 | Final Dist 1000 = 1.357 | Init Dist = 6.708 | Init Dist 10 = 6.496 | Init Dist 100 = 5.892 | Init Dist 1000 = 5.774 | Learner Steps = 21185 | Learner Walltime = 4177.912 | Min Dist = 0.005 | Min Dist 10 = 0.108 | Min Dist 100 = 0.098 | Min Dist 1000 = 0.175 | Steps Per Second = 83.404 | Success = 1.000 | Success 1000 = 0.993
I0502 16:15:54.775563 139557462840896 terminal.py:91] [Actor] Actor Episodes = 27315 | Actor Steps = 1365750 | Delta Dist = 8.991 | Delta Dist 10 = 4.757 | Delta Dist 100 = 4.827 | Delta Dist 1000 = 4.422 | Episode Length = 50 | Episode Return = 29.0 | Evaluator Episodes = 6923 | Evaluator Steps = 346150 | Final Dist = 0.009 | Final Dist 10 = 0.925 | Final Dist 100 = 1.086 | Final Dist 1000 = 1.353 | Init Dist = 9.000 | Init Dist 10 = 5.682 | Init Dist 100 = 5.913 | Init Dist 1000 = 5.774 | Learner Steps = 21185 | Learner Walltime = 4177.912 | Min Dist = 0.009 | Min Dist 10 = 0.104 | Min Dist 100 = 0.096 | Min Dist 1000 = 0.166 | Steps Per Second = 82.665 | Success = 1.000 | Success 1000 = 0.993
I0502 16:15:55.244149 139579566835264 terminal.py:91] [Evaluator] Actor Episodes = 27320 | Actor Steps = 1366000 | Delta Dist = 11.641 | Delta Dist 10 = 12.083 | Delta Dist 100 = 11.972 | Delta Dist 1000 = 11.698 | Episode Length = 50 | Episode Return = 33.0 | Evaluator Episodes = 6925 | Evaluator Steps = 346250 | Final Dist = 1.165 | Final Dist 10 = 0.723 | Final Dist 100 = 0.834 | Final Dist 1000 = 1.108 | Init Dist = 12.806 | Init Dist 10 = 12.806 | Init Dist 100 = 12.806 | Init Dist 1000 = 12.806 | Learner Steps = 21190 | Learner Walltime = 4178.917 | Min Dist = 0.073 | Min Dist 10 = 0.178 | Min Dist 100 = 0.191 | Min Dist 1000 = 0.444 | Steps Per Second = 75.194 | Success = 1.000 | Success 1000 = 0.959
I0502 16:15:56.445871 139579566835264 terminal.py:91] [Evaluator] Actor Episodes = 27328 | Actor Steps = 1366400 | Delta Dist = 12.502 | Delta Dist 10 = 12.102 | Delta Dist 100 = 11.975 | Delta Dist 1000 = 11.699 | Episode Length = 50 | Episode Return = 2.0 | Evaluator Episodes = 6927 | Evaluator Steps = 346350 | Final Dist = 0.304 | Final Dist 10 = 0.704 | Final Dist 100 = 0.832 | Final Dist 1000 = 1.107 | Init Dist = 12.806 | Init Dist 10 = 12.806 | Init Dist 100 = 12.806 | Init Dist 1000 = 12.806 | Learner Steps = 21195 | Learner Walltime = 4180.197 | Min Dist = 0.304 | Min Dist 10 = 0.147 | Min Dist 100 = 0.191 | Min Dist 1000 = 0.442 | Steps Per Second = 82.533 | Success = 1.000 | Success 1000 = 0.959
I0502 16:15:57.647201 139579566835264 terminal.py:91] [Evaluator] Actor Episodes = 27336 | Actor Steps = 1366800 | Delta Dist = 11.939 | Delta Dist 10 = 12.115 | Delta Dist 100 = 11.974 | Delta Dist 1000 = 11.707 | Episode Length = 50 | Episode Return = 15.0 | Evaluator Episodes = 6929 | Evaluator Steps = 346450 | Final Dist = 0.867 | Final Dist 10 = 0.691 | Final Dist 100 = 0.832 | Final Dist 1000 = 1.100 | Init Dist = 12.806 | Init Dist 10 = 12.806 | Init Dist 100 = 12.806 | Init Dist 1000 = 12.806 | Learner Steps = 21201 | Learner Walltime = 4181.414 | Min Dist = 0.236 | Min Dist 10 = 0.185 | Min Dist 100 = 0.192 | Min Dist 1000 = 0.436 | Steps Per Second = 84.574 | Success = 1.000 | Success 1000 = 0.960
I0502 16:15:58.790882 139579566835264 terminal.py:91] [Evaluator] Actor Episodes = 27344 | Actor Steps = 1367200 | Delta Dist = 11.456 | Delta Dist 10 = 12.104 | Delta Dist 100 = 11.970 | Delta Dist 1000 = 11.713 | Episode Length = 50 | Episode Return = 7.0 | Evaluator Episodes = 6931 | Evaluator Steps = 346550 | Final Dist = 1.351 | Final Dist 10 = 0.702 | Final Dist 100 = 0.836 | Final Dist 1000 = 1.094 | Init Dist = 12.806 | Init Dist 10 = 12.806 | Init Dist 100 = 12.806 | Init Dist 1000 = 12.806 | Learner Steps = 21208 | Learner Walltime = 4182.706 | Min Dist = 0.059 | Min Dist 10 = 0.177 | Min Dist 100 = 0.191 | Min Dist 1000 = 0.429 | Steps Per Second = 90.372 | Success = 1.000 | Success 1000 = 0.961
I0502 16:16:00.098536 139579566835264 terminal.py:91] [Evaluator] Actor Episodes = 27352 | Actor Steps = 1367600 | Delta Dist = 11.841 | Delta Dist 10 = 12.147 | Delta Dist 100 = 11.979 | Delta Dist 1000 = 11.712 | Episode Length = 50 | Episode Return = 25.0 | Evaluator Episodes = 6933 | Evaluator Steps = 346650 | Final Dist = 0.965 | Final Dist 10 = 0.659 | Final Dist 100 = 0.827 | Final Dist 1000 = 1.094 | Init Dist = 12.806 | Init Dist 10 = 12.806 | Init Dist 100 = 12.806 | Init Dist 1000 = 12.806 | Learner Steps = 21214 | Learner Walltime = 4183.861 | Min Dist = 0.120 | Min Dist 10 = 0.138 | Min Dist 100 = 0.185 | Min Dist 1000 = 0.429 | Steps Per Second = 79.652 | Success = 1.000 | Success 1000 = 0.961
I0502 16:16:00.921895 139584635659840 savers.py:156] Saving checkpoint: logs/contrastive_cpc_point_FourRooms_64/5dd72662-2788-11f0-b183-d85ed38c5779/checkpoints/counter
I0502 16:16:01.254844 139579566835264 terminal.py:91] [Evaluator] Actor Episodes = 27360 | Actor Steps = 1368000 | Delta Dist = 12.120 | Delta Dist 10 = 11.956 | Delta Dist 100 = 11.970 | Delta Dist 1000 = 11.713 | Episode Length = 50 | Episode Return = 14.0 | Evaluator Episodes = 6935 | Evaluator Steps = 346750 | Final Dist = 0.686 | Final Dist 10 = 0.850 | Final Dist 100 = 0.836 | Final Dist 1000 = 1.093 | Init Dist = 12.806 | Init Dist 10 = 12.806 | Init Dist 100 = 12.806 | Init Dist 1000 = 12.806 | Learner Steps = 21220 | Learner Walltime = 4185.046 | Min Dist = 0.154 | Min Dist 10 = 0.242 | Min Dist 100 = 0.194 | Min Dist 1000 = 0.430 | Steps Per Second = 81.927 | Success = 1.000 | Success 1000 = 0.960
I0502 16:16:02.478292 139579566835264 terminal.py:91] [Evaluator] Actor Episodes = 27368 | Actor Steps = 1368400 | Delta Dist = 11.794 | Delta Dist 10 = 12.029 | Delta Dist 100 = 11.985 | Delta Dist 1000 = 11.714 | Episode Length = 50 | Episode Return = 17.0 | Evaluator Episodes = 6937 | Evaluator Steps = 346850 | Final Dist = 1.013 | Final Dist 10 = 0.777 | Final Dist 100 = 0.821 | Final Dist 1000 = 1.093 | Init Dist = 12.806 | Init Dist 10 = 12.806 | Init Dist 100 = 12.806 | Init Dist 1000 = 12.806 | Learner Steps = 21226 | Learner Walltime = 4186.333 | Min Dist = 0.188 | Min Dist 10 = 0.270 | Min Dist 100 = 0.189 | Min Dist 1000 = 0.430 | Steps Per Second = 82.457 | Success = 1.000 | Success 1000 = 0.960
I0502 16:16:02.702028 139584504182336 lp_utils.py:96] StepsLimiter: Reached 1368400 recorded steps
I0502 16:16:02.703912 139558059398720 terminal.py:91] [Actor] Actor Episodes = 27369 | Actor Steps = 1368450 | Delta Dist = -0.499 | Delta Dist 10 = 5.968 | Delta Dist 100 = 4.680 | Delta Dist 1000 = 4.427 | Episode Length = 50 | Episode Return = 0.0 | Evaluator Episodes = 6935 | Evaluator Steps = 346750 | Final Dist = 7.710 | Final Dist 10 = 2.239 | Final Dist 100 = 1.464 | Final Dist 1000 = 1.361 | Init Dist = 7.211 | Init Dist 10 = 8.207 | Init Dist 100 = 6.143 | Init Dist 1000 = 5.788 | Learner Steps = 21220 | Learner Walltime = 4185.046 | Min Dist = 0.079 | Min Dist 10 = 0.062 | Min Dist 100 = 0.092 | Min Dist 1000 = 0.149 | Steps Per Second = 83.924 | Success = 1.000 | Success 1000 = 0.994
I0502 16:16:02.761910 139555013154368 terminal.py:91] [Learner] Actor Episodes = 27368 | Actor Loss = 3.691762685775757 | Actor Steps = 1368400 | Binary Accuracy = 0.9960241317749023 | Categorical Accuracy = 0.41619873046875 | Critic Loss = 1.835848331451416 | Entropy Mean = -21.215974807739258 | Evaluator Episodes = 6935 | Evaluator Steps = 346750 | Learner Steps = 21230 | Learner Walltime = 4186.959 | Logits Neg = -17.039608001708984 | Logits Pos = -1.8527398109436035 | Logsumexp = 1.1613633632659912 | Steps Per Second = 305.520
I0502 16:16:03.686261 139579566835264 terminal.py:91] [Evaluator] Actor Episodes = 27376 | Actor Steps = 1368800 | Delta Dist = 11.795 | Delta Dist 10 = 12.008 | Delta Dist 100 = 11.985 | Delta Dist 1000 = 11.713 | Episode Length = 50 | Episode Return = 26.0 | Evaluator Episodes = 6939 | Evaluator Steps = 346950 | Final Dist = 1.011 | Final Dist 10 = 0.798 | Final Dist 100 = 0.822 | Final Dist 1000 = 1.093 | Init Dist = 12.806 | Init Dist 10 = 12.806 | Init Dist 100 = 12.806 | Init Dist 1000 = 12.806 | Learner Steps = 21233 | Learner Walltime = 4187.588 | Min Dist = 0.333 | Min Dist 10 = 0.256 | Min Dist 100 = 0.187 | Min Dist 1000 = 0.430 | Steps Per Second = 87.171 | Success = 1.000 | Success 1000 = 0.960
I0502 16:16:03.692709 139555860620864 terminal.py:91] [Actor] Actor Episodes = 27373 | Actor Steps = 1368650 | Delta Dist = 7.357 | Delta Dist 10 = 5.840 | Delta Dist 100 = 4.829 | Delta Dist 1000 = 4.446 | Episode Length = 50 | Episode Return = 23.0 | Evaluator Episodes = 6937 | Evaluator Steps = 346850 | Final Dist = 0.706 | Final Dist 10 = 1.746 | Final Dist 100 = 1.410 | Final Dist 1000 = 1.346 | Init Dist = 8.062 | Init Dist 10 = 7.586 | Init Dist 100 = 6.239 | Init Dist 1000 = 5.791 | Learner Steps = 21226 | Learner Walltime = 4186.333 | Min Dist = 0.116 | Min Dist 10 = 0.216 | Min Dist 100 = 0.107 | Min Dist 1000 = 0.149 | Steps Per Second = 79.577 | Success = 1.000 | Success 1000 = 0.993
I0502 16:16:04.899134 139579566835264 terminal.py:91] [Evaluator] Actor Episodes = 27384 | Actor Steps = 1369200 | Delta Dist = 12.398 | Delta Dist 10 = 11.952 | Delta Dist 100 = 11.989 | Delta Dist 1000 = 11.713 | Episode Length = 50 | Episode Return = 11.0 | Evaluator Episodes = 6941 | Evaluator Steps = 347050 | Final Dist = 0.408 | Final Dist 10 = 0.854 | Final Dist 100 = 0.818 | Final Dist 1000 = 1.093 | Init Dist = 12.806 | Init Dist 10 = 12.806 | Init Dist 100 = 12.806 | Init Dist 1000 = 12.806 | Learner Steps = 21238 | Learner Walltime = 4188.631 | Min Dist = 0.227 | Min Dist 10 = 0.266 | Min Dist 100 = 0.185 | Min Dist 1000 = 0.430 | Steps Per Second = 81.215 | Success = 1.000 | Success 1000 = 0.960
I0502 16:16:05.057728 139569349502528 terminal.py:91] [Actor] Actor Episodes = 27383 | Actor Steps = 1369150 | Delta Dist = 8.602 | Delta Dist 10 = 4.057 | Delta Dist 100 = 4.772 | Delta Dist 1000 = 4.456 | Episode Length = 50 | Episode Return = 39.0 | Evaluator Episodes = 6939 | Evaluator Steps = 346950 | Final Dist = 0.832 | Final Dist 10 = 0.883 | Final Dist 100 = 1.391 | Final Dist 1000 = 1.334 | Init Dist = 9.434 | Init Dist 10 = 4.940 | Init Dist 100 = 6.163 | Init Dist 1000 = 5.790 | Learner Steps = 21238 | Learner Walltime = 4188.631 | Min Dist = 0.048 | Min Dist 10 = 0.117 | Min Dist 100 = 0.107 | Min Dist 1000 = 0.150 | Steps Per Second = 82.428 | Success = 1.000 | Success 1000 = 0.993
I0502 16:16:05.066000 139583350109760 savers.py:156] Saving checkpoint: logs/contrastive_cpc_point_FourRooms_64/5dd72662-2788-11f0-b183-d85ed38c5779/checkpoints/learner
I0502 16:16:05.199420 139557462840896 terminal.py:91] [Actor] Actor Episodes = 27386 | Actor Steps = 1369300 | Delta Dist = 6.960 | Delta Dist 10 = 3.876 | Delta Dist 100 = 4.756 | Delta Dist 1000 = 4.451 | Episode Length = 50 | Episode Return = 35.0 | Evaluator Episodes = 6941 | Evaluator Steps = 347050 | Final Dist = 0.111 | Final Dist 10 = 0.659 | Final Dist 100 = 1.384 | Final Dist 1000 = 1.333 | Init Dist = 7.071 | Init Dist 10 = 4.535 | Init Dist 100 = 6.139 | Init Dist 1000 = 5.784 | Learner Steps = 21238 | Learner Walltime = 4188.631 | Min Dist = 0.111 | Min Dist 10 = 0.110 | Min Dist 100 = 0.108 | Min Dist 1000 = 0.150 | Steps Per Second = 78.499 | Success = 1.000 | Success 1000 = 0.993
I0502 16:16:06.026220 139579566835264 terminal.py:91] [Evaluator] Actor Episodes = 27392 | Actor Steps = 1369600 | Delta Dist = 11.569 | Delta Dist 10 = 11.915 | Delta Dist 100 = 11.995 | Delta Dist 1000 = 11.720 | Episode Length = 50 | Episode Return = 1.0 | Evaluator Episodes = 6943 | Evaluator Steps = 347150 | Final Dist = 1.238 | Final Dist 10 = 0.891 | Final Dist 100 = 0.812 | Final Dist 1000 = 1.086 | Init Dist = 12.806 | Init Dist 10 = 12.806 | Init Dist 100 = 12.806 | Init Dist 1000 = 12.806 | Learner Steps = 21238 | Learner Walltime = 4188.631 | Min Dist = 0.948 | Min Dist 10 = 0.280 | Min Dist 100 = 0.184 | Min Dist 1000 = 0.423 | Steps Per Second = 97.131 | Success = 1.000 | Success 1000 = 0.961
I0502 16:16:07.161117 139579566835264 terminal.py:91] [Evaluator] Actor Episodes = 27400 | Actor Steps = 1370000 | Delta Dist = 11.686 | Delta Dist 10 = 11.984 | Delta Dist 100 = 11.997 | Delta Dist 1000 = 11.720 | Episode Length = 50 | Episode Return = 7.0 | Evaluator Episodes = 6945 | Evaluator Steps = 347250 | Final Dist = 1.120 | Final Dist 10 = 0.822 | Final Dist 100 = 0.809 | Final Dist 1000 = 1.086 | Init Dist = 12.806 | Init Dist 10 = 12.806 | Init Dist 100 = 12.806 | Init Dist 1000 = 12.806 | Learner Steps = 21242 | Learner Walltime = 4190.347 | Min Dist = 0.275 | Min Dist 10 = 0.258 | Min Dist 100 = 0.190 | Min Dist 1000 = 0.424 | Steps Per Second = 90.006 | Success = 1.000 | Success 1000 = 0.961
I0502 16:16:08.233088 139579566835264 terminal.py:91] [Evaluator] Actor Episodes = 27408 | Actor Steps = 1370400 | Delta Dist = 11.441 | Delta Dist 10 = 11.911 | Delta Dist 100 = 11.998 | Delta Dist 1000 = 11.721 | Episode Length = 50 | Episode Return = 30.0 | Evaluator Episodes = 6947 | Evaluator Steps = 347350 | Final Dist = 1.366 | Final Dist 10 = 0.896 | Final Dist 100 = 0.808 | Final Dist 1000 = 1.085 | Init Dist = 12.806 | Init Dist 10 = 12.806 | Init Dist 100 = 12.806 | Init Dist 1000 = 12.806 | Learner Steps = 21254 | Learner Walltime = 4191.687 | Min Dist = 0.097 | Min Dist 10 = 0.277 | Min Dist 100 = 0.196 | Min Dist 1000 = 0.424 | Steps Per Second = 96.189 | Success = 1.000 | Success 1000 = 0.961
I0502 16:16:09.500223 139579566835264 terminal.py:91] [Evaluator] Actor Episodes = 27414 | Actor Steps = 1370700 | Delta Dist = 11.881 | Delta Dist 10 = 11.784 | Delta Dist 100 = 11.987 | Delta Dist 1000 = 11.720 | Episode Length = 50 | Episode Return = 9.0 | Evaluator Episodes = 6949 | Evaluator Steps = 347450 | Final Dist = 0.925 | Final Dist 10 = 1.022 | Final Dist 100 = 0.819 | Final Dist 1000 = 1.086 | Init Dist = 12.806 | Init Dist 10 = 12.806 | Init Dist 100 = 12.806 | Init Dist 1000 = 12.806 | Learner Steps = 21261 | Learner Walltime = 4192.977 | Min Dist = 0.013 | Min Dist 10 = 0.250 | Min Dist 100 = 0.190 | Min Dist 1000 = 0.424 | Steps Per Second = 83.543 | Success = 1.000 | Success 1000 = 0.961
I0502 16:16:10.649352 139579566835264 terminal.py:91] [Evaluator] Actor Episodes = 27424 | Actor Steps = 1371200 | Delta Dist = 12.395 | Delta Dist 10 = 11.803 | Delta Dist 100 = 11.976 | Delta Dist 1000 = 11.719 | Episode Length = 50 | Episode Return = 24.0 | Evaluator Episodes = 6951 | Evaluator Steps = 347550 | Final Dist = 0.411 | Final Dist 10 = 1.004 | Final Dist 100 = 0.830 | Final Dist 1000 = 1.087 | Init Dist = 12.806 | Init Dist 10 = 12.806 | Init Dist 100 = 12.806 | Init Dist 1000 = 12.806 | Learner Steps = 21266 | Learner Walltime = 4194.030 | Min Dist = 0.048 | Min Dist 10 = 0.246 | Min Dist 100 = 0.192 | Min Dist 1000 = 0.424 | Steps Per Second = 94.204 | Success = 1.000 | Success 1000 = 0.961
I0502 16:16:11.819748 139579566835264 terminal.py:91] [Evaluator] Actor Episodes = 27430 | Actor Steps = 1371500 | Delta Dist = 11.814 | Delta Dist 10 = 11.806 | Delta Dist 100 = 11.968 | Delta Dist 1000 = 11.719 | Episode Length = 50 | Episode Return = 11.0 | Evaluator Episodes = 6953 | Evaluator Steps = 347650 | Final Dist = 0.992 | Final Dist 10 = 1.000 | Final Dist 100 = 0.838 | Final Dist 1000 = 1.087 | Init Dist = 12.806 | Init Dist 10 = 12.806 | Init Dist 100 = 12.806 | Init Dist 1000 = 12.806 | Learner Steps = 21273 | Learner Walltime = 4195.208 | Min Dist = 0.271 | Min Dist 10 = 0.231 | Min Dist 100 = 0.189 | Min Dist 1000 = 0.424 | Steps Per Second = 83.803 | Success = 1.000 | Success 1000 = 0.961
I0502 16:16:12.720116 139584504182336 lp_utils.py:96] StepsLimiter: Reached 1371700 recorded steps
I0502 16:16:12.822785 139555013154368 terminal.py:91] [Learner] Actor Episodes = 27434 | Actor Loss = 3.6933741569519043 | Actor Steps = 1371700 | Binary Accuracy = 0.996063232421875 | Categorical Accuracy = 0.417724609375 | Critic Loss = 1.8356587886810303 | Entropy Mean = -19.079042434692383 | Evaluator Episodes = 6953 | Evaluator Steps = 347650 | Learner Steps = 21282 | Learner Walltime = 4197.021 | Logits Neg = -16.981159210205078 | Logits Pos = -1.8206168413162231 | Logsumexp = 1.0983688831329346 | Steps Per Second = 287.938
I0502 16:16:13.044443 139558059398720 terminal.py:91] [Actor] Actor Episodes = 27438 | Actor Steps = 1371900 | Delta Dist = 3.944 | Delta Dist 10 = 3.619 | Delta Dist 100 = 4.146 | Delta Dist 1000 = 4.415 | Episode Length = 50 | Episode Return = 16.0 | Evaluator Episodes = 6953 | Evaluator Steps = 347650 | Final Dist = 1.056 | Final Dist 10 = 0.956 | Final Dist 100 = 1.706 | Final Dist 1000 = 1.358 | Init Dist = 5.000 | Init Dist 10 = 4.575 | Init Dist 100 = 5.852 | Init Dist 1000 = 5.773 | Learner Steps = 21279 | Learner Walltime = 4196.485 | Min Dist = 0.085 | Min Dist 10 = 0.149 | Min Dist 100 = 0.126 | Min Dist 1000 = 0.148 | Steps Per Second = 83.270 | Success = 1.000 | Success 1000 = 0.993
I0502 16:16:13.047042 139579566835264 terminal.py:91] [Evaluator] Actor Episodes = 27438 | Actor Steps = 1371900 | Delta Dist = 11.837 | Delta Dist 10 = 11.778 | Delta Dist 100 = 11.961 | Delta Dist 1000 = 11.719 | Episode Length = 50 | Episode Return = 22.0 | Evaluator Episodes = 6955 | Evaluator Steps = 347750 | Final Dist = 0.969 | Final Dist 10 = 1.028 | Final Dist 100 = 0.845 | Final Dist 1000 = 1.087 | Init Dist = 12.806 | Init Dist 10 = 12.806 | Init Dist 100 = 12.806 | Init Dist 1000 = 12.806 | Learner Steps = 21279 | Learner Walltime = 4196.485 | Min Dist = 0.115 | Min Dist 10 = 0.193 | Min Dist 100 = 0.195 | Min Dist 1000 = 0.425 | Steps Per Second = 77.971 | Success = 1.000 | Success 1000 = 0.961
I0502 16:16:14.016794 139555860620864 terminal.py:91] [Actor] Actor Episodes = 27444 | Actor Steps = 1372200 | Delta Dist = 7.076 | Delta Dist 10 = 5.535 | Delta Dist 100 = 4.350 | Delta Dist 1000 = 4.433 | Episode Length = 50 | Episode Return = 37.0 | Evaluator Episodes = 6955 | Evaluator Steps = 347750 | Final Dist = 0.135 | Final Dist 10 = 0.920 | Final Dist 100 = 1.611 | Final Dist 1000 = 1.353 | Init Dist = 7.211 | Init Dist 10 = 6.455 | Init Dist 100 = 5.961 | Init Dist 1000 = 5.786 | Learner Steps = 21285 | Learner Walltime = 4197.580 | Min Dist = 0.087 | Min Dist 10 = 0.086 | Min Dist 100 = 0.128 | Min Dist 1000 = 0.148 | Steps Per Second = 85.762 | Success = 1.000 | Success 1000 = 0.993
I0502 16:16:14.214080 139579566835264 terminal.py:91] [Evaluator] Actor Episodes = 27444 | Actor Steps = 1372200 | Delta Dist = 12.327 | Delta Dist 10 = 11.737 | Delta Dist 100 = 11.951 | Delta Dist 1000 = 11.719 | Episode Length = 50 | Episode Return = 29.0 | Evaluator Episodes = 6957 | Evaluator Steps = 347850 | Final Dist = 0.480 | Final Dist 10 = 1.069 | Final Dist 100 = 0.855 | Final Dist 1000 = 1.088 | Init Dist = 12.806 | Init Dist 10 = 12.806 | Init Dist 100 = 12.806 | Init Dist 1000 = 12.806 | Learner Steps = 21285 | Learner Walltime = 4197.580 | Min Dist = 0.265 | Min Dist 10 = 0.162 | Min Dist 100 = 0.195 | Min Dist 1000 = 0.424 | Steps Per Second = 83.256 | Success = 1.000 | Success 1000 = 0.961
I0502 16:16:15.118283 139569349502528 terminal.py:91] [Actor] Actor Episodes = 27449 | Actor Steps = 1372450 | Delta Dist = 7.386 | Delta Dist 10 = 6.027 | Delta Dist 100 = 4.449 | Delta Dist 1000 = 4.457 | Episode Length = 50 | Episode Return = 21.0 | Evaluator Episodes = 6957 | Evaluator Steps = 347850 | Final Dist = 1.158 | Final Dist 10 = 1.034 | Final Dist 100 = 1.580 | Final Dist 1000 = 1.343 | Init Dist = 8.544 | Init Dist 10 = 7.062 | Init Dist 100 = 6.029 | Init Dist 1000 = 5.800 | Learner Steps = 21285 | Learner Walltime = 4197.580 | Min Dist = 0.017 | Min Dist 10 = 0.033 | Min Dist 100 = 0.127 | Min Dist 1000 = 0.143 | Steps Per Second = 71.014 | Success = 1.000 | Success 1000 = 0.993
I0502 16:16:15.218531 139557462840896 terminal.py:91] [Actor] Actor Episodes = 27451 | Actor Steps = 1372550 | Delta Dist = 6.708 | Delta Dist 10 = 5.967 | Delta Dist 100 = 4.433 | Delta Dist 1000 = 4.452 | Episode Length = 50 | Episode Return = 25.0 | Evaluator Episodes = 6957 | Evaluator Steps = 347850 | Final Dist = 1.538 | Final Dist 10 = 1.439 | Final Dist 100 = 1.621 | Final Dist 1000 = 1.348 | Init Dist = 8.246 | Init Dist 10 = 7.406 | Init Dist 100 = 6.054 | Init Dist 1000 = 5.800 | Learner Steps = 21290 | Learner Walltime = 4198.709 | Min Dist = 0.470 | Min Dist 10 = 0.026 | Min Dist 100 = 0.126 | Min Dist 1000 = 0.143 | Steps Per Second = 74.582 | Success = 1.000 | Success 1000 = 0.993
I0502 16:16:15.540515 139579566835264 terminal.py:91] [Evaluator] Actor Episodes = 27452 | Actor Steps = 1372600 | Delta Dist = 11.792 | Delta Dist 10 = 11.882 | Delta Dist 100 = 11.961 | Delta Dist 1000 = 11.720 | Episode Length = 50 | Episode Return = 15.0 | Evaluator Episodes = 6959 | Evaluator Steps = 347950 | Final Dist = 1.015 | Final Dist 10 = 0.924 | Final Dist 100 = 0.845 | Final Dist 1000 = 1.086 | Init Dist = 12.806 | Init Dist 10 = 12.806 | Init Dist 100 = 12.806 | Init Dist 1000 = 12.806 | Learner Steps = 21296 | Learner Walltime = 4199.714 | Min Dist = 0.275 | Min Dist 10 = 0.195 | Min Dist 100 = 0.198 | Min Dist 1000 = 0.424 | Steps Per Second = 83.019 | Success = 1.000 | Success 1000 = 0.961
I0502 16:16:16.740247 139579566835264 terminal.py:91] [Evaluator] Actor Episodes = 27460 | Actor Steps = 1373000 | Delta Dist = 11.611 | Delta Dist 10 = 11.905 | Delta Dist 100 = 11.961 | Delta Dist 1000 = 11.720 | Episode Length = 50 | Episode Return = 20.0 | Evaluator Episodes = 6961 | Evaluator Steps = 348050 | Final Dist = 1.196 | Final Dist 10 = 0.901 | Final Dist 100 = 0.845 | Final Dist 1000 = 1.086 | Init Dist = 12.806 | Init Dist 10 = 12.806 | Init Dist 100 = 12.806 | Init Dist 1000 = 12.806 | Learner Steps = 21296 | Learner Walltime = 4199.714 | Min Dist = 0.034 | Min Dist 10 = 0.196 | Min Dist 100 = 0.199 | Min Dist 1000 = 0.424 | Steps Per Second = 90.398 | Success = 1.000 | Success 1000 = 0.961
I0502 16:16:18.012265 139579566835264 terminal.py:91] [Evaluator] Actor Episodes = 27470 | Actor Steps = 1373500 | Delta Dist = 12.449 | Delta Dist 10 = 11.818 | Delta Dist 100 = 11.941 | Delta Dist 1000 = 11.720 | Episode Length = 50 | Episode Return = 16.0 | Evaluator Episodes = 6963 | Evaluator Steps = 348150 | Final Dist = 0.358 | Final Dist 10 = 0.988 | Final Dist 100 = 0.865 | Final Dist 1000 = 1.087 | Init Dist = 12.806 | Init Dist 10 = 12.806 | Init Dist 100 = 12.806 | Init Dist 1000 = 12.806 | Learner Steps = 21302 | Learner Walltime = 4201.127 | Min Dist = 0.182 | Min Dist 10 = 0.200 | Min Dist 100 = 0.199 | Min Dist 1000 = 0.424 | Steps Per Second = 81.640 | Success = 1.000 | Success 1000 = 0.961
I0502 16:16:19.153126 139579566835264 terminal.py:91] [Evaluator] Actor Episodes = 27478 | Actor Steps = 1373900 | Delta Dist = 12.331 | Delta Dist 10 = 11.839 | Delta Dist 100 = 11.944 | Delta Dist 1000 = 11.720 | Episode Length = 50 | Episode Return = 27.0 | Evaluator Episodes = 6965 | Evaluator Steps = 348250 | Final Dist = 0.476 | Final Dist 10 = 0.968 | Final Dist 100 = 0.863 | Final Dist 1000 = 1.086 | Init Dist = 12.806 | Init Dist 10 = 12.806 | Init Dist 100 = 12.806 | Init Dist 1000 = 12.806 | Learner Steps = 21309 | Learner Walltime = 4202.429 | Min Dist = 0.426 | Min Dist 10 = 0.183 | Min Dist 100 = 0.201 | Min Dist 1000 = 0.424 | Steps Per Second = 87.832 | Success = 1.000 | Success 1000 = 0.961
I0502 16:16:20.379198 139579566835264 terminal.py:91] [Evaluator] Actor Episodes = 27486 | Actor Steps = 1374300 | Delta Dist = 11.670 | Delta Dist 10 = 11.942 | Delta Dist 100 = 11.946 | Delta Dist 1000 = 11.726 | Episode Length = 50 | Episode Return = 28.0 | Evaluator Episodes = 6967 | Evaluator Steps = 348350 | Final Dist = 1.136 | Final Dist 10 = 0.864 | Final Dist 100 = 0.861 | Final Dist 1000 = 1.081 | Init Dist = 12.806 | Init Dist 10 = 12.806 | Init Dist 100 = 12.806 | Init Dist 1000 = 12.806 | Learner Steps = 21315 | Learner Walltime = 4203.473 | Min Dist = 0.449 | Min Dist 10 = 0.207 | Min Dist 100 = 0.205 | Min Dist 1000 = 0.419 | Steps Per Second = 89.727 | Success = 1.000 | Success 1000 = 0.962
I0502 16:16:21.658441 139579566835264 terminal.py:91] [Evaluator] Actor Episodes = 27492 | Actor Steps = 1374600 | Delta Dist = 11.557 | Delta Dist 10 = 11.870 | Delta Dist 100 = 11.938 | Delta Dist 1000 = 11.725 | Episode Length = 50 | Episode Return = 1.0 | Evaluator Episodes = 6969 | Evaluator Steps = 348450 | Final Dist = 1.250 | Final Dist 10 = 0.937 | Final Dist 100 = 0.868 | Final Dist 1000 = 1.081 | Init Dist = 12.806 | Init Dist 10 = 12.806 | Init Dist 100 = 12.806 | Init Dist 1000 = 12.806 | Learner Steps = 21321 | Learner Walltime = 4204.682 | Min Dist = 0.741 | Min Dist 10 = 0.210 | Min Dist 100 = 0.202 | Min Dist 1000 = 0.419 | Steps Per Second = 77.700 | Success = 1.000 | Success 1000 = 0.962
I0502 16:16:22.737170 139584504182336 lp_utils.py:96] StepsLimiter: Reached 1374900 recorded steps
I0502 16:16:23.014191 139579566835264 terminal.py:91] [Evaluator] Actor Episodes = 27500 | Actor Steps = 1375000 | Delta Dist = 12.518 | Delta Dist 10 = 11.901 | Delta Dist 100 = 11.946 | Delta Dist 1000 = 11.726 | Episode Length = 50 | Episode Return = 20.0 | Evaluator Episodes = 6971 | Evaluator Steps = 348550 | Final Dist = 0.289 | Final Dist 10 = 0.905 | Final Dist 100 = 0.860 | Final Dist 1000 = 1.080 | Init Dist = 12.806 | Init Dist 10 = 12.806 | Init Dist 100 = 12.806 | Init Dist 1000 = 12.806 | Learner Steps = 21327 | Learner Walltime = 4206.036 | Min Dist = 0.044 | Min Dist 10 = 0.252 | Min Dist 100 = 0.207 | Min Dist 1000 = 0.420 | Steps Per Second = 72.323 | Success = 1.000 | Success 1000 = 0.962
I0502 16:16:23.086837 139558059398720 terminal.py:91] [Actor] Actor Episodes = 27506 | Actor Steps = 1375300 | Delta Dist = 3.421 | Delta Dist 10 = 4.650 | Delta Dist 100 = 4.512 | Delta Dist 1000 = 4.464 | Episode Length = 50 | Episode Return = 24.0 | Evaluator Episodes = 6971 | Evaluator Steps = 348550 | Final Dist = 1.051 | Final Dist 10 = 1.023 | Final Dist 100 = 1.456 | Final Dist 1000 = 1.358 | Init Dist = 4.472 | Init Dist 10 = 5.672 | Init Dist 100 = 5.969 | Init Dist 1000 = 5.822 | Learner Steps = 21327 | Learner Walltime = 4206.036 | Min Dist = 1.051 | Min Dist 10 = 0.066 | Min Dist 100 = 0.085 | Min Dist 1000 = 0.143 | Steps Per Second = 75.010 | Success = 0.000 | Success 1000 = 0.993
I0502 16:16:23.158533 139555013154368 terminal.py:91] [Learner] Actor Episodes = 27506 | Actor Loss = 3.79465913772583 | Actor Steps = 1375300 | Binary Accuracy = 0.9960436820983887 | Categorical Accuracy = 0.42474365234375 | Critic Loss = 1.8161344528198242 | Entropy Mean = -19.782760620117188 | Evaluator Episodes = 6971 | Evaluator Steps = 348550 | Learner Steps = 21333 | Learner Walltime = 4207.352 | Logits Neg = -17.349536895751953 | Logits Pos = -1.8292417526245117 | Logsumexp = 1.0578066110610962 | Steps Per Second = 116.142
I0502 16:16:24.254568 139579566835264 terminal.py:91] [Evaluator] Actor Episodes = 27510 | Actor Steps = 1375500 | Delta Dist = 11.456 | Delta Dist 10 = 12.050 | Delta Dist 100 = 11.948 | Delta Dist 1000 = 11.727 | Episode Length = 50 | Episode Return = 21.0 | Evaluator Episodes = 6973 | Evaluator Steps = 348650 | Final Dist = 1.350 | Final Dist 10 = 0.756 | Final Dist 100 = 0.858 | Final Dist 1000 = 1.079 | Init Dist = 12.806 | Init Dist 10 = 12.806 | Init Dist 100 = 12.806 | Init Dist 1000 = 12.806 | Learner Steps = 21333 | Learner Walltime = 4207.352 | Min Dist = 0.043 | Min Dist 10 = 0.251 | Min Dist 100 = 0.205 | Min Dist 1000 = 0.419 | Steps Per Second = 86.141 | Success = 1.000 | Success 1000 = 0.962
I0502 16:16:24.545358 139555860620864 terminal.py:91] [Actor] Actor Episodes = 27509 | Actor Steps = 1375450 | Delta Dist = 6.024 | Delta Dist 10 = 4.231 | Delta Dist 100 = 4.383 | Delta Dist 1000 = 4.481 | Episode Length = 50 | Episode Return = 32.0 | Evaluator Episodes = 6971 | Evaluator Steps = 348550 | Final Dist = 0.300 | Final Dist 10 = 1.748 | Final Dist 100 = 1.572 | Final Dist 1000 = 1.371 | Init Dist = 6.325 | Init Dist 10 = 5.979 | Init Dist 100 = 5.955 | Init Dist 1000 = 5.852 | Learner Steps = 21333 | Learner Walltime = 4207.352 | Min Dist = 0.038 | Min Dist 10 = 0.124 | Min Dist 100 = 0.093 | Min Dist 1000 = 0.144 | Steps Per Second = 94.641 | Success = 1.000 | Success 1000 = 0.993
I0502 16:16:25.321933 139557462840896 terminal.py:91] [Actor] Actor Episodes = 27518 | Actor Steps = 1375900 | Delta Dist = 0.552 | Delta Dist 10 = 4.627 | Delta Dist 100 = 4.462 | Delta Dist 1000 = 4.473 | Episode Length = 50 | Episode Return = 48.0 | Evaluator Episodes = 6973 | Evaluator Steps = 348650 | Final Dist = 0.862 | Final Dist 10 = 1.469 | Final Dist 100 = 1.520 | Final Dist 1000 = 1.372 | Init Dist = 1.414 | Init Dist 10 = 6.097 | Init Dist 100 = 5.983 | Init Dist 1000 = 5.845 | Learner Steps = 21340 | Learner Walltime = 4208.537 | Min Dist = 0.051 | Min Dist 10 = 0.101 | Min Dist 100 = 0.091 | Min Dist 1000 = 0.143 | Steps Per Second = 85.073 | Success = 1.000 | Success 1000 = 0.993
I0502 16:16:25.361864 139579566835264 terminal.py:91] [Evaluator] Actor Episodes = 27518 | Actor Steps = 1375900 | Delta Dist = 12.165 | Delta Dist 10 = 12.039 | Delta Dist 100 = 11.934 | Delta Dist 1000 = 11.727 | Episode Length = 50 | Episode Return = 17.0 | Evaluator Episodes = 6975 | Evaluator Steps = 348750 | Final Dist = 0.641 | Final Dist 10 = 0.767 | Final Dist 100 = 0.872 | Final Dist 1000 = 1.079 | Init Dist = 12.806 | Init Dist 10 = 12.806 | Init Dist 100 = 12.806 | Init Dist 1000 = 12.806 | Learner Steps = 21340 | Learner Walltime = 4208.537 | Min Dist = 0.190 | Min Dist 10 = 0.259 | Min Dist 100 = 0.208 | Min Dist 1000 = 0.420 | Steps Per Second = 87.255 | Success = 1.000 | Success 1000 = 0.962
I0502 16:16:25.404137 139569349502528 terminal.py:91] [Actor] Actor Episodes = 27520 | Actor Steps = 1376000 | Delta Dist = 5.647 | Delta Dist 10 = 4.646 | Delta Dist 100 = 4.419 | Delta Dist 1000 = 4.467 | Episode Length = 50 | Episode Return = 36.0 | Evaluator Episodes = 6975 | Evaluator Steps = 348750 | Final Dist = 0.436 | Final Dist 10 = 0.871 | Final Dist 100 = 1.495 | Final Dist 1000 = 1.372 | Init Dist = 6.083 | Init Dist 10 = 5.517 | Init Dist 100 = 5.914 | Init Dist 1000 = 5.839 | Learner Steps = 21340 | Learner Walltime = 4208.537 | Min Dist = 0.027 | Min Dist 10 = 0.043 | Min Dist 100 = 0.091 | Min Dist 1000 = 0.143 | Steps Per Second = 84.315 | Success = 1.000 | Success 1000 = 0.993
I0502 16:16:26.562186 139579566835264 terminal.py:91] [Evaluator] Actor Episodes = 27526 | Actor Steps = 1376300 | Delta Dist = 12.242 | Delta Dist 10 = 11.989 | Delta Dist 100 = 11.933 | Delta Dist 1000 = 11.735 | Episode Length = 50 | Episode Return = 27.0 | Evaluator Episodes = 6977 | Evaluator Steps = 348850 | Final Dist = 0.564 | Final Dist 10 = 0.817 | Final Dist 100 = 0.873 | Final Dist 1000 = 1.071 | Init Dist = 12.806 | Init Dist 10 = 12.806 | Init Dist 100 = 12.806 | Init Dist 1000 = 12.806 | Learner Steps = 21347 | Learner Walltime = 4209.832 | Min Dist = 0.127 | Min Dist 10 = 0.236 | Min Dist 100 = 0.207 | Min Dist 1000 = 0.413 | Steps Per Second = 82.924 | Success = 1.000 | Success 1000 = 0.963
I0502 16:16:27.728294 139579566835264 terminal.py:91] [Evaluator] Actor Episodes = 27534 | Actor Steps = 1376700 | Delta Dist = 11.533 | Delta Dist 10 = 12.069 | Delta Dist 100 = 11.937 | Delta Dist 1000 = 11.742 | Episode Length = 50 | Episode Return = 7.0 | Evaluator Episodes = 6979 | Evaluator Steps = 348950 | Final Dist = 1.273 | Final Dist 10 = 0.737 | Final Dist 100 = 0.869 | Final Dist 1000 = 1.064 | Init Dist = 12.806 | Init Dist 10 = 12.806 | Init Dist 100 = 12.806 | Init Dist 1000 = 12.806 | Learner Steps = 21353 | Learner Walltime = 4210.924 | Min Dist = 0.099 | Min Dist 10 = 0.208 | Min Dist 100 = 0.203 | Min Dist 1000 = 0.407 | Steps Per Second = 83.045 | Success = 1.000 | Success 1000 = 0.964
I0502 16:16:28.900061 139579566835264 terminal.py:91] [Evaluator] Actor Episodes = 27542 | Actor Steps = 1377100 | Delta Dist = 12.307 | Delta Dist 10 = 11.940 | Delta Dist 100 = 11.930 | Delta Dist 1000 = 11.742 | Episode Length = 50 | Episode Return = 11.0 | Evaluator Episodes = 6981 | Evaluator Steps = 349050 | Final Dist = 0.499 | Final Dist 10 = 0.866 | Final Dist 100 = 0.876 | Final Dist 1000 = 1.064 | Init Dist = 12.806 | Init Dist 10 = 12.806 | Init Dist 100 = 12.806 | Init Dist 1000 = 12.806 | Learner Steps = 21364 | Learner Walltime = 4213.063 | Min Dist = 0.226 | Min Dist 10 = 0.144 | Min Dist 100 = 0.200 | Min Dist 1000 = 0.407 | Steps Per Second = 83.354 | Success = 1.000 | Success 1000 = 0.964
I0502 16:16:30.133815 139579566835264 terminal.py:91] [Evaluator] Actor Episodes = 27548 | Actor Steps = 1377400 | Delta Dist = 11.522 | Delta Dist 10 = 11.961 | Delta Dist 100 = 11.929 | Delta Dist 1000 = 11.743 | Episode Length = 50 | Episode Return = 15.0 | Evaluator Episodes = 6983 | Evaluator Steps = 349150 | Final Dist = 1.284 | Final Dist 10 = 0.845 | Final Dist 100 = 0.878 | Final Dist 1000 = 1.064 | Init Dist = 12.806 | Init Dist 10 = 12.806 | Init Dist 100 = 12.806 | Init Dist 1000 = 12.806 | Learner Steps = 21364 | Learner Walltime = 4213.063 | Min Dist = 0.480 | Min Dist 10 = 0.168 | Min Dist 100 = 0.202 | Min Dist 1000 = 0.407 | Steps Per Second = 81.604 | Success = 1.000 | Success 1000 = 0.964
I0502 16:16:31.336050 139579566835264 terminal.py:91] [Evaluator] Actor Episodes = 27560 | Actor Steps = 1378000 | Delta Dist = 11.222 | Delta Dist 10 = 11.881 | Delta Dist 100 = 11.912 | Delta Dist 1000 = 11.743 | Episode Length = 50 | Episode Return = 9.0 | Evaluator Episodes = 6985 | Evaluator Steps = 349250 | Final Dist = 1.584 | Final Dist 10 = 0.925 | Final Dist 100 = 0.894 | Final Dist 1000 = 1.064 | Init Dist = 12.806 | Init Dist 10 = 12.806 | Init Dist 100 = 12.806 | Init Dist 1000 = 12.806 | Learner Steps = 21371 | Learner Walltime = 4214.490 | Min Dist = 0.020 | Min Dist 10 = 0.201 | Min Dist 100 = 0.209 | Min Dist 1000 = 0.408 | Steps Per Second = 81.090 | Success = 1.000 | Success 1000 = 0.964
I0502 16:16:32.488145 139579566835264 terminal.py:91] [Evaluator] Actor Episodes = 27564 | Actor Steps = 1378200 | Delta Dist = 11.501 | Delta Dist 10 = 11.869 | Delta Dist 100 = 11.903 | Delta Dist 1000 = 11.743 | Episode Length = 50 | Episode Return = 19.0 | Evaluator Episodes = 6987 | Evaluator Steps = 349350 | Final Dist = 1.305 | Final Dist 10 = 0.938 | Final Dist 100 = 0.903 | Final Dist 1000 = 1.064 | Init Dist = 12.806 | Init Dist 10 = 12.806 | Init Dist 100 = 12.806 | Init Dist 1000 = 12.806 | Learner Steps = 21377 | Learner Walltime = 4215.536 | Min Dist = 0.234 | Min Dist 10 = 0.192 | Min Dist 100 = 0.209 | Min Dist 1000 = 0.407 | Steps Per Second = 94.398 | Success = 1.000 | Success 1000 = 0.964
I0502 16:16:32.753767 139584504182336 lp_utils.py:96] StepsLimiter: Reached 1378500 recorded steps
I0502 16:16:33.242907 139555013154368 terminal.py:91] [Learner] Actor Episodes = 27568 | Actor Loss = 3.740255355834961 | Actor Steps = 1378400 | Binary Accuracy = 0.9960019588470459 | Categorical Accuracy = 0.4249267578125 | Critic Loss = 1.8095729351043701 | Entropy Mean = -20.389957427978516 | Evaluator Episodes = 6987 | Evaluator Steps = 349350 | Learner Steps = 21388 | Learner Walltime = 4217.442 | Logits Neg = -17.18822479248047 | Logits Pos = -1.7897891998291016 | Logsumexp = 1.1740128993988037 | Steps Per Second = 731.356
I0502 16:16:33.481247 139558059398720 terminal.py:91] [Actor] Actor Episodes = 27570 | Actor Steps = 1378500 | Delta Dist = 5.646 | Delta Dist 10 = 5.018 | Delta Dist 100 = 4.648 | Delta Dist 1000 = 4.476 | Episode Length = 50 | Episode Return = 42.0 | Evaluator Episodes = 6987 | Evaluator Steps = 349350 | Final Dist = 0.757 | Final Dist 10 = 1.428 | Final Dist 100 = 1.408 | Final Dist 1000 = 1.367 | Init Dist = 6.403 | Init Dist 10 = 6.446 | Init Dist 100 = 6.056 | Init Dist 1000 = 5.843 | Learner Steps = 21377 | Learner Walltime = 4215.536 | Min Dist = 0.009 | Min Dist 10 = 0.231 | Min Dist 100 = 0.092 | Min Dist 1000 = 0.141 | Steps Per Second = 110.414 | Success = 1.000 | Success 1000 = 0.994
I0502 16:16:33.625708 139579566835264 terminal.py:91] [Evaluator] Actor Episodes = 27572 | Actor Steps = 1378600 | Delta Dist = 12.228 | Delta Dist 10 = 11.800 | Delta Dist 100 = 11.904 | Delta Dist 1000 = 11.742 | Episode Length = 50 | Episode Return = 25.0 | Evaluator Episodes = 6989 | Evaluator Steps = 349450 | Final Dist = 0.578 | Final Dist 10 = 1.006 | Final Dist 100 = 0.902 | Final Dist 1000 = 1.064 | Init Dist = 12.806 | Init Dist 10 = 12.806 | Init Dist 100 = 12.806 | Init Dist 1000 = 12.806 | Learner Steps = 21389 | Learner Walltime = 4217.810 | Min Dist = 0.144 | Min Dist 10 = 0.209 | Min Dist 100 = 0.210 | Min Dist 1000 = 0.407 | Steps Per Second = 85.267 | Success = 1.000 | Success 1000 = 0.964
I0502 16:16:34.743470 139579566835264 terminal.py:91] [Evaluator] Actor Episodes = 27579 | Actor Steps = 1378950 | Delta Dist = 12.251 | Delta Dist 10 = 11.903 | Delta Dist 100 = 11.906 | Delta Dist 1000 = 11.750 | Episode Length = 50 | Episode Return = 10.0 | Evaluator Episodes = 6991 | Evaluator Steps = 349550 | Final Dist = 0.555 | Final Dist 10 = 0.903 | Final Dist 100 = 0.900 | Final Dist 1000 = 1.057 | Init Dist = 12.806 | Init Dist 10 = 12.806 | Init Dist 100 = 12.806 | Init Dist 1000 = 12.806 | Learner Steps = 21389 | Learner Walltime = 4217.810 | Min Dist = 0.059 | Min Dist 10 = 0.234 | Min Dist 100 = 0.213 | Min Dist 1000 = 0.400 | Steps Per Second = 92.313 | Success = 1.000 | Success 1000 = 0.965
I0502 16:16:34.767661 139555860620864 terminal.py:91] [Actor] Actor Episodes = 27581 | Actor Steps = 1379050 | Delta Dist = 2.339 | Delta Dist 10 = 4.640 | Delta Dist 100 = 4.654 | Delta Dist 1000 = 4.489 | Episode Length = 50 | Episode Return = 0.0 | Evaluator Episodes = 6991 | Evaluator Steps = 349550 | Final Dist = 2.661 | Final Dist 10 = 1.937 | Final Dist 100 = 1.332 | Final Dist 1000 = 1.367 | Init Dist = 5.000 | Init Dist 10 = 6.578 | Init Dist 100 = 5.986 | Init Dist 1000 = 5.856 | Learner Steps = 21389 | Learner Walltime = 4217.810 | Min Dist = 0.083 | Min Dist 10 = 0.244 | Min Dist 100 = 0.106 | Min Dist 1000 = 0.142 | Steps Per Second = 82.704 | Success = 1.000 | Success 1000 = 0.994
I0502 16:16:35.432771 139557462840896 terminal.py:91] [Actor] Actor Episodes = 27584 | Actor Steps = 1379200 | Delta Dist = 5.701 | Delta Dist 10 = 4.405 | Delta Dist 100 = 4.706 | Delta Dist 1000 = 4.474 | Episode Length = 50 | Episode Return = 48.0 | Evaluator Episodes = 6991 | Evaluator Steps = 349550 | Final Dist = 0.299 | Final Dist 10 = 1.194 | Final Dist 100 = 1.202 | Final Dist 1000 = 1.361 | Init Dist = 6.000 | Init Dist 10 = 5.598 | Init Dist 100 = 5.908 | Init Dist 1000 = 5.835 | Learner Steps = 21389 | Learner Walltime = 4217.810 | Min Dist = 0.062 | Min Dist 10 = 0.255 | Min Dist 100 = 0.117 | Min Dist 1000 = 0.142 | Steps Per Second = 87.752 | Success = 1.000 | Success 1000 = 0.994
I0502 16:16:35.483593 139569349502528 terminal.py:91] [Actor] Actor Episodes = 27586 | Actor Steps = 1379300 | Delta Dist = 13.364 | Delta Dist 10 = 4.088 | Delta Dist 100 = 4.738 | Delta Dist 1000 = 4.480 | Episode Length = 50 | Episode Return = 47.0 | Evaluator Episodes = 6991 | Evaluator Steps = 349550 | Final Dist = 0.090 | Final Dist 10 = 1.189 | Final Dist 100 = 1.160 | Final Dist 1000 = 1.351 | Init Dist = 13.454 | Init Dist 10 = 5.277 | Init Dist 100 = 5.898 | Init Dist 1000 = 5.831 | Learner Steps = 21389 | Learner Walltime = 4217.810 | Min Dist = 0.048 | Min Dist 10 = 0.260 | Min Dist 100 = 0.116 | Min Dist 1000 = 0.142 | Steps Per Second = 81.078 | Success = 1.000 | Success 1000 = 0.994
I0502 16:16:35.936928 139579566835264 terminal.py:91] [Evaluator] Actor Episodes = 27589 | Actor Steps = 1379450 | Delta Dist = 12.033 | Delta Dist 10 = 11.914 | Delta Dist 100 = 11.914 | Delta Dist 1000 = 11.751 | Episode Length = 50 | Episode Return = 29.0 | Evaluator Episodes = 6993 | Evaluator Steps = 349650 | Final Dist = 0.773 | Final Dist 10 = 0.892 | Final Dist 100 = 0.892 | Final Dist 1000 = 1.056 | Init Dist = 12.806 | Init Dist 10 = 12.806 | Init Dist 100 = 12.806 | Init Dist 1000 = 12.806 | Learner Steps = 21396 | Learner Walltime = 4219.118 | Min Dist = 0.003 | Min Dist 10 = 0.226 | Min Dist 100 = 0.213 | Min Dist 1000 = 0.400 | Steps Per Second = 81.428 | Success = 1.000 | Success 1000 = 0.965
I0502 16:16:37.058497 139579566835264 terminal.py:91] [Evaluator] Actor Episodes = 27595 | Actor Steps = 1379750 | Delta Dist = 12.417 | Delta Dist 10 = 12.011 | Delta Dist 100 = 11.913 | Delta Dist 1000 = 11.752 | Episode Length = 50 | Episode Return = 12.0 | Evaluator Episodes = 6995 | Evaluator Steps = 349750 | Final Dist = 0.389 | Final Dist 10 = 0.795 | Final Dist 100 = 0.894 | Final Dist 1000 = 1.055 | Init Dist = 12.806 | Init Dist 10 = 12.806 | Init Dist 100 = 12.806 | Init Dist 1000 = 12.806 | Learner Steps = 21402 | Learner Walltime = 4220.223 | Min Dist = 0.278 | Min Dist 10 = 0.154 | Min Dist 100 = 0.213 | Min Dist 1000 = 0.400 | Steps Per Second = 87.015 | Success = 1.000 | Success 1000 = 0.965
I0502 16:16:38.204078 139579566835264 terminal.py:91] [Evaluator] Actor Episodes = 27603 | Actor Steps = 1380150 | Delta Dist = 11.668 | Delta Dist 10 = 12.075 | Delta Dist 100 = 11.920 | Delta Dist 1000 = 11.752 | Episode Length = 50 | Episode Return = 8.0 | Evaluator Episodes = 6997 | Evaluator Steps = 349850 | Final Dist = 1.139 | Final Dist 10 = 0.731 | Final Dist 100 = 0.886 | Final Dist 1000 = 1.054 | Init Dist = 12.806 | Init Dist 10 = 12.806 | Init Dist 100 = 12.806 | Init Dist 1000 = 12.806 | Learner Steps = 21408 | Learner Walltime = 4221.371 | Min Dist = 0.031 | Min Dist 10 = 0.166 | Min Dist 100 = 0.215 | Min Dist 1000 = 0.400 | Steps Per Second = 89.505 | Success = 1.000 | Success 1000 = 0.965
I0502 16:16:39.388969 139579566835264 terminal.py:91] [Evaluator] Actor Episodes = 27611 | Actor Steps = 1380550 | Delta Dist = 11.327 | Delta Dist 10 = 12.132 | Delta Dist 100 = 11.928 | Delta Dist 1000 = 11.751 | Episode Length = 50 | Episode Return = 11.0 | Evaluator Episodes = 6999 | Evaluator Steps = 349950 | Final Dist = 1.480 | Final Dist 10 = 0.674 | Final Dist 100 = 0.879 | Final Dist 1000 = 1.055 | Init Dist = 12.806 | Init Dist 10 = 12.806 | Init Dist 100 = 12.806 | Init Dist 1000 = 12.806 | Learner Steps = 21415 | Learner Walltime = 4222.626 | Min Dist = 0.198 | Min Dist 10 = 0.132 | Min Dist 100 = 0.210 | Min Dist 1000 = 0.399 | Steps Per Second = 97.982 | Success = 1.000 | Success 1000 = 0.965
I0502 16:16:40.522604 139579566835264 terminal.py:91] [Evaluator] Actor Episodes = 27619 | Actor Steps = 1380950 | Delta Dist = 11.274 | Delta Dist 10 = 12.015 | Delta Dist 100 = 11.922 | Delta Dist 1000 = 11.750 | Episode Length = 50 | Episode Return = 15.0 | Evaluator Episodes = 7001 | Evaluator Steps = 350050 | Final Dist = 1.532 | Final Dist 10 = 0.791 | Final Dist 100 = 0.884 | Final Dist 1000 = 1.056 | Init Dist = 12.806 | Init Dist 10 = 12.806 | Init Dist 100 = 12.806 | Init Dist 1000 = 12.806 | Learner Steps = 21421 | Learner Walltime = 4223.861 | Min Dist = 0.454 | Min Dist 10 = 0.126 | Min Dist 100 = 0.207 | Min Dist 1000 = 0.399 | Steps Per Second = 91.614 | Success = 1.000 | Success 1000 = 0.965
I0502 16:16:41.768481 139579566835264 terminal.py:91] [Evaluator] Actor Episodes = 27627 | Actor Steps = 1381350 | Delta Dist = 11.789 | Delta Dist 10 = 11.891 | Delta Dist 100 = 11.917 | Delta Dist 1000 = 11.749 | Episode Length = 50 | Episode Return = 28.0 | Evaluator Episodes = 7003 | Evaluator Steps = 350150 | Final Dist = 1.017 | Final Dist 10 = 0.915 | Final Dist 100 = 0.889 | Final Dist 1000 = 1.057 | Init Dist = 12.806 | Init Dist 10 = 12.806 | Init Dist 100 = 12.806 | Init Dist 1000 = 12.806 | Learner Steps = 21426 | Learner Walltime = 4225.054 | Min Dist = 0.206 | Min Dist 10 = 0.154 | Min Dist 100 = 0.209 | Min Dist 1000 = 0.399 | Steps Per Second = 81.916 | Success = 1.000 | Success 1000 = 0.965
I0502 16:16:42.770009 139584504182336 lp_utils.py:96] StepsLimiter: Reached 1381750 recorded steps
I0502 16:16:42.863260 139579566835264 terminal.py:91] [Evaluator] Actor Episodes = 27635 | Actor Steps = 1381750 | Delta Dist = 11.833 | Delta Dist 10 = 11.881 | Delta Dist 100 = 11.920 | Delta Dist 1000 = 11.758 | Episode Length = 50 | Episode Return = 15.0 | Evaluator Episodes = 7005 | Evaluator Steps = 350250 | Final Dist = 0.973 | Final Dist 10 = 0.925 | Final Dist 100 = 0.886 | Final Dist 1000 = 1.049 | Init Dist = 12.806 | Init Dist 10 = 12.806 | Init Dist 100 = 12.806 | Init Dist 1000 = 12.806 | Learner Steps = 21433 | Learner Walltime = 4226.294 | Min Dist = 0.061 | Min Dist 10 = 0.178 | Min Dist 100 = 0.211 | Min Dist 1000 = 0.394 | Steps Per Second = 90.271 | Success = 1.000 | Success 1000 = 0.966
I0502 16:16:43.376783 139555013154368 terminal.py:91] [Learner] Actor Episodes = 27639 | Actor Loss = 3.7518653869628906 | Actor Steps = 1381950 | Binary Accuracy = 0.9959869384765625 | Categorical Accuracy = 0.417724609375 | Critic Loss = 1.868518352508545 | Entropy Mean = -19.66023826599121 | Evaluator Episodes = 7005 | Evaluator Steps = 350250 | Learner Steps = 21440 | Learner Walltime = 4227.574 | Logits Neg = -17.176054000854492 | Logits Pos = -1.868835687637329 | Logsumexp = 1.199655532836914 | Steps Per Second = 155.850
I0502 16:16:43.806339 139558059398720 terminal.py:91] [Actor] Actor Episodes = 27643 | Actor Steps = 1382150 | Delta Dist = 2.632 | Delta Dist 10 = 6.774 | Delta Dist 100 = 4.959 | Delta Dist 1000 = 4.508 | Episode Length = 50 | Episode Return = 33.0 | Evaluator Episodes = 7005 | Evaluator Steps = 350250 | Final Dist = 0.368 | Final Dist 10 = 0.480 | Final Dist 100 = 1.395 | Final Dist 1000 = 1.353 | Init Dist = 3.000 | Init Dist 10 = 7.254 | Init Dist 100 = 6.354 | Init Dist 1000 = 5.861 | Learner Steps = 21440 | Learner Walltime = 4227.574 | Min Dist = 0.135 | Min Dist 10 = 0.070 | Min Dist 100 = 0.150 | Min Dist 1000 = 0.145 | Steps Per Second = 87.231 | Success = 1.000 | Success 1000 = 0.994
I0502 16:16:44.026712 139579566835264 terminal.py:91] [Evaluator] Actor Episodes = 27643 | Actor Steps = 1382150 | Delta Dist = 11.956 | Delta Dist 10 = 11.825 | Delta Dist 100 = 11.924 | Delta Dist 1000 = 11.757 | Episode Length = 50 | Episode Return = 31.0 | Evaluator Episodes = 7007 | Evaluator Steps = 350350 | Final Dist = 0.851 | Final Dist 10 = 0.981 | Final Dist 100 = 0.882 | Final Dist 1000 = 1.049 | Init Dist = 12.806 | Init Dist 10 = 12.806 | Init Dist 100 = 12.806 | Init Dist 1000 = 12.806 | Learner Steps = 21440 | Learner Walltime = 4227.574 | Min Dist = 0.077 | Min Dist 10 = 0.174 | Min Dist 100 = 0.209 | Min Dist 1000 = 0.393 | Steps Per Second = 86.086 | Success = 1.000 | Success 1000 = 0.966
I0502 16:16:45.109019 139555860620864 terminal.py:91] [Actor] Actor Episodes = 27648 | Actor Steps = 1382400 | Delta Dist = 6.952 | Delta Dist 10 = 2.707 | Delta Dist 100 = 4.789 | Delta Dist 1000 = 4.494 | Episode Length = 50 | Episode Return = 18.0 | Evaluator Episodes = 7007 | Evaluator Steps = 350350 | Final Dist = 0.119 | Final Dist 10 = 2.323 | Final Dist 100 = 1.443 | Final Dist 1000 = 1.365 | Init Dist = 7.071 | Init Dist 10 = 5.029 | Init Dist 100 = 6.232 | Init Dist 1000 = 5.859 | Learner Steps = 21445 | Learner Walltime = 4228.600 | Min Dist = 0.100 | Min Dist 10 = 0.109 | Min Dist 100 = 0.155 | Min Dist 1000 = 0.145 | Steps Per Second = 81.511 | Success = 1.000 | Success 1000 = 0.994
I0502 16:16:45.269096 139579566835264 terminal.py:91] [Evaluator] Actor Episodes = 27651 | Actor Steps = 1382550 | Delta Dist = 11.976 | Delta Dist 10 = 11.818 | Delta Dist 100 = 11.920 | Delta Dist 1000 = 11.766 | Episode Length = 50 | Episode Return = 30.0 | Evaluator Episodes = 7009 | Evaluator Steps = 350450 | Final Dist = 0.830 | Final Dist 10 = 0.989 | Final Dist 100 = 0.886 | Final Dist 1000 = 1.041 | Init Dist = 12.806 | Init Dist 10 = 12.806 | Init Dist 100 = 12.806 | Init Dist 1000 = 12.806 | Learner Steps = 21445 | Learner Walltime = 4228.600 | Min Dist = 0.443 | Min Dist 10 = 0.178 | Min Dist 100 = 0.207 | Min Dist 1000 = 0.386 | Steps Per Second = 82.902 | Success = 1.000 | Success 1000 = 0.967
I0502 16:16:45.573341 139557462840896 terminal.py:91] [Actor] Actor Episodes = 27653 | Actor Steps = 1382650 | Delta Dist = 7.553 | Delta Dist 10 = 4.058 | Delta Dist 100 = 4.842 | Delta Dist 1000 = 4.502 | Episode Length = 50 | Episode Return = 22.0 | Evaluator Episodes = 7009 | Evaluator Steps = 350450 | Final Dist = 1.881 | Final Dist 10 = 1.706 | Final Dist 100 = 1.437 | Final Dist 1000 = 1.360 | Init Dist = 9.434 | Init Dist 10 = 5.764 | Init Dist 100 = 6.279 | Init Dist 1000 = 5.862 | Learner Steps = 21445 | Learner Walltime = 4228.600 | Min Dist = 0.082 | Min Dist 10 = 0.084 | Min Dist 100 = 0.154 | Min Dist 1000 = 0.145 | Steps Per Second = 88.843 | Success = 1.000 | Success 1000 = 0.994
I0502 16:16:45.908327 139569349502528 terminal.py:91] [Actor] Actor Episodes = 27657 | Actor Steps = 1382850 | Delta Dist = 4.390 | Delta Dist 10 = 3.710 | Delta Dist 100 = 4.859 | Delta Dist 1000 = 4.494 | Episode Length = 50 | Episode Return = 30.0 | Evaluator Episodes = 7009 | Evaluator Steps = 350450 | Final Dist = 0.082 | Final Dist 10 = 1.816 | Final Dist 100 = 1.449 | Final Dist 1000 = 1.362 | Init Dist = 4.472 | Init Dist 10 = 5.526 | Init Dist 100 = 6.308 | Init Dist 1000 = 5.855 | Learner Steps = 21451 | Learner Walltime = 4229.826 | Min Dist = 0.006 | Min Dist 10 = 0.084 | Min Dist 100 = 0.154 | Min Dist 1000 = 0.145 | Steps Per Second = 83.148 | Success = 1.000 | Success 1000 = 0.994
I0502 16:16:46.462703 139579566835264 terminal.py:91] [Evaluator] Actor Episodes = 27659 | Actor Steps = 1382950 | Delta Dist = 12.030 | Delta Dist 10 = 11.846 | Delta Dist 100 = 11.923 | Delta Dist 1000 = 11.765 | Episode Length = 50 | Episode Return = 19.0 | Evaluator Episodes = 7011 | Evaluator Steps = 350550 | Final Dist = 0.776 | Final Dist 10 = 0.960 | Final Dist 100 = 0.883 | Final Dist 1000 = 1.042 | Init Dist = 12.806 | Init Dist 10 = 12.806 | Init Dist 100 = 12.806 | Init Dist 1000 = 12.806 | Learner Steps = 21451 | Learner Walltime = 4229.826 | Min Dist = 0.081 | Min Dist 10 = 0.241 | Min Dist 100 = 0.212 | Min Dist 1000 = 0.386 | Steps Per Second = 77.568 | Success = 1.000 | Success 1000 = 0.967
I0502 16:16:47.679869 139579566835264 terminal.py:91] [Evaluator] Actor Episodes = 27667 | Actor Steps = 1383350 | Delta Dist = 11.537 | Delta Dist 10 = 11.849 | Delta Dist 100 = 11.924 | Delta Dist 1000 = 11.765 | Episode Length = 50 | Episode Return = 17.0 | Evaluator Episodes = 7013 | Evaluator Steps = 350650 | Final Dist = 1.269 | Final Dist 10 = 0.957 | Final Dist 100 = 0.883 | Final Dist 1000 = 1.042 | Init Dist = 12.806 | Init Dist 10 = 12.806 | Init Dist 100 = 12.806 | Init Dist 1000 = 12.806 | Learner Steps = 21458 | Learner Walltime = 4231.044 | Min Dist = 0.035 | Min Dist 10 = 0.198 | Min Dist 100 = 0.209 | Min Dist 1000 = 0.386 | Steps Per Second = 82.505 | Success = 1.000 | Success 1000 = 0.967
I0502 16:16:48.882843 139579566835264 terminal.py:91] [Evaluator] Actor Episodes = 27675 | Actor Steps = 1383750 | Delta Dist = 11.808 | Delta Dist 10 = 11.789 | Delta Dist 100 = 11.924 | Delta Dist 1000 = 11.763 | Episode Length = 50 | Episode Return = 21.0 | Evaluator Episodes = 7015 | Evaluator Steps = 350750 | Final Dist = 0.998 | Final Dist 10 = 1.017 | Final Dist 100 = 0.882 | Final Dist 1000 = 1.043 | Init Dist = 12.806 | Init Dist 10 = 12.806 | Init Dist 100 = 12.806 | Init Dist 1000 = 12.806 | Learner Steps = 21464 | Learner Walltime = 4232.071 | Min Dist = 0.167 | Min Dist 10 = 0.162 | Min Dist 100 = 0.201 | Min Dist 1000 = 0.385 | Steps Per Second = 84.553 | Success = 1.000 | Success 1000 = 0.967
I0502 16:16:50.023145 139579566835264 terminal.py:91] [Evaluator] Actor Episodes = 27683 | Actor Steps = 1384150 | Delta Dist = 11.490 | Delta Dist 10 = 11.727 | Delta Dist 100 = 11.921 | Delta Dist 1000 = 11.763 | Episode Length = 50 | Episode Return = 1.0 | Evaluator Episodes = 7017 | Evaluator Steps = 350850 | Final Dist = 1.316 | Final Dist 10 = 1.080 | Final Dist 100 = 0.886 | Final Dist 1000 = 1.044 | Init Dist = 12.806 | Init Dist 10 = 12.806 | Init Dist 100 = 12.806 | Init Dist 1000 = 12.806 | Learner Steps = 21473 | Learner Walltime = 4234.162 | Min Dist = 0.341 | Min Dist 10 = 0.207 | Min Dist 100 = 0.204 | Min Dist 1000 = 0.385 | Steps Per Second = 87.319 | Success = 1.000 | Success 1000 = 0.967
I0502 16:16:51.189606 139579566835264 terminal.py:91] [Evaluator] Actor Episodes = 27691 | Actor Steps = 1384550 | Delta Dist = 10.798 | Delta Dist 10 = 11.655 | Delta Dist 100 = 11.913 | Delta Dist 1000 = 11.762 | Episode Length = 50 | Episode Return = 0.0 | Evaluator Episodes = 7019 | Evaluator Steps = 350950 | Final Dist = 2.008 | Final Dist 10 = 1.151 | Final Dist 100 = 0.893 | Final Dist 1000 = 1.044 | Init Dist = 12.806 | Init Dist 10 = 12.806 | Init Dist 100 = 12.806 | Init Dist 1000 = 12.806 | Learner Steps = 21473 | Learner Walltime = 4234.162 | Min Dist = 2.008 | Min Dist 10 = 0.244 | Min Dist 100 = 0.207 | Min Dist 1000 = 0.386 | Steps Per Second = 90.473 | Success = 0.000 | Success 1000 = 0.967
I0502 16:16:52.440138 139579566835264 terminal.py:91] [Evaluator] Actor Episodes = 27699 | Actor Steps = 1384950 | Delta Dist = 12.495 | Delta Dist 10 = 11.577 | Delta Dist 100 = 11.895 | Delta Dist 1000 = 11.761 | Episode Length = 50 | Episode Return = 10.0 | Evaluator Episodes = 7021 | Evaluator Steps = 351050 | Final Dist = 0.311 | Final Dist 10 = 1.229 | Final Dist 100 = 0.912 | Final Dist 1000 = 1.045 | Init Dist = 12.806 | Init Dist 10 = 12.806 | Init Dist 100 = 12.806 | Init Dist 1000 = 12.806 | Learner Steps = 21480 | Learner Walltime = 4235.447 | Min Dist = 0.152 | Min Dist 10 = 0.390 | Min Dist 100 = 0.227 | Min Dist 1000 = 0.387 | Steps Per Second = 73.291 | Success = 1.000 | Success 1000 = 0.966
I0502 16:16:52.789172 139584504182336 lp_utils.py:96] StepsLimiter: Reached 1384950 recorded steps
I0502 16:16:53.634942 139579566835264 terminal.py:91] [Evaluator] Actor Episodes = 27707 | Actor Steps = 1385350 | Delta Dist = 11.420 | Delta Dist 10 = 11.700 | Delta Dist 100 = 11.905 | Delta Dist 1000 = 11.767 | Episode Length = 50 | Episode Return = 1.0 | Evaluator Episodes = 7023 | Evaluator Steps = 351150 | Final Dist = 1.386 | Final Dist 10 = 1.107 | Final Dist 100 = 0.901 | Final Dist 1000 = 1.039 | Init Dist = 12.806 | Init Dist 10 = 12.806 | Init Dist 100 = 12.806 | Init Dist 1000 = 12.806 | Learner Steps = 21486 | Learner Walltime = 4236.782 | Min Dist = 0.613 | Min Dist 10 = 0.405 | Min Dist 100 = 0.225 | Min Dist 1000 = 0.382 | Steps Per Second = 86.145 | Success = 1.000 | Success 1000 = 0.967
I0502 16:16:53.708506 139555013154368 terminal.py:91] [Learner] Actor Episodes = 27707 | Actor Loss = 3.569704294204712 | Actor Steps = 1385350 | Binary Accuracy = 0.9960582256317139 | Categorical Accuracy = 0.427734375 | Critic Loss = 1.814569354057312 | Entropy Mean = -18.622806549072266 | Evaluator Episodes = 7023 | Evaluator Steps = 351150 | Learner Steps = 21493 | Learner Walltime = 4237.903 | Logits Neg = -16.973737716674805 | Logits Pos = -1.7512826919555664 | Logsumexp = 1.1277012825012207 | Steps Per Second = 173.555
I0502 16:16:54.083292 139558059398720 terminal.py:91] [Actor] Actor Episodes = 27708 | Actor Steps = 1385400 | Delta Dist = 7.365 | Delta Dist 10 = 4.450 | Delta Dist 100 = 4.887 | Delta Dist 1000 = 4.542 | Episode Length = 50 | Episode Return = 31.0 | Evaluator Episodes = 7021 | Evaluator Steps = 351050 | Final Dist = 1.179 | Final Dist 10 = 1.629 | Final Dist 100 = 1.328 | Final Dist 1000 = 1.344 | Init Dist = 8.544 | Init Dist 10 = 6.078 | Init Dist 100 = 6.214 | Init Dist 1000 = 5.886 | Learner Steps = 21486 | Learner Walltime = 4236.782 | Min Dist = 0.017 | Min Dist 10 = 0.084 | Min Dist 100 = 0.126 | Min Dist 1000 = 0.142 | Steps Per Second = 79.930 | Success = 1.000 | Success 1000 = 0.994
I0502 16:16:54.919333 139579566835264 terminal.py:91] [Evaluator] Actor Episodes = 27715 | Actor Steps = 1385750 | Delta Dist = 12.005 | Delta Dist 10 = 11.069 | Delta Dist 100 = 11.823 | Delta Dist 1000 = 11.761 | Episode Length = 50 | Episode Return = 11.0 | Evaluator Episodes = 7025 | Evaluator Steps = 351250 | Final Dist = 0.801 | Final Dist 10 = 1.737 | Final Dist 100 = 0.983 | Final Dist 1000 = 1.045 | Init Dist = 12.806 | Init Dist 10 = 12.806 | Init Dist 100 = 12.806 | Init Dist 1000 = 12.806 | Learner Steps = 21499 | Learner Walltime = 4239.110 | Min Dist = 0.204 | Min Dist 10 = 1.156 | Min Dist 100 = 0.299 | Min Dist 1000 = 0.390 | Steps Per Second = 80.160 | Success = 1.000 | Success 1000 = 0.966
I0502 16:16:55.389854 139555860620864 terminal.py:91] [Actor] Actor Episodes = 27717 | Actor Steps = 1385850 | Delta Dist = 9.249 | Delta Dist 10 = 4.905 | Delta Dist 100 = 4.924 | Delta Dist 1000 = 4.543 | Episode Length = 50 | Episode Return = 43.0 | Evaluator Episodes = 7025 | Evaluator Steps = 351250 | Final Dist = 0.238 | Final Dist 10 = 1.044 | Final Dist 100 = 1.169 | Final Dist 1000 = 1.341 | Init Dist = 9.487 | Init Dist 10 = 5.949 | Init Dist 100 = 6.093 | Init Dist 1000 = 5.884 | Learner Steps = 21499 | Learner Walltime = 4239.110 | Min Dist = 0.127 | Min Dist 10 = 0.075 | Min Dist 100 = 0.119 | Min Dist 1000 = 0.142 | Steps Per Second = 83.740 | Success = 1.000 | Success 1000 = 0.994
I0502 16:16:56.129741 139579566835264 terminal.py:91] [Evaluator] Actor Episodes = 27723 | Actor Steps = 1386150 | Delta Dist = 12.414 | Delta Dist 10 = 10.441 | Delta Dist 100 = 11.754 | Delta Dist 1000 = 11.754 | Episode Length = 50 | Episode Return = 26.0 | Evaluator Episodes = 7027 | Evaluator Steps = 351350 | Final Dist = 0.392 | Final Dist 10 = 2.365 | Final Dist 100 = 1.052 | Final Dist 1000 = 1.052 | Init Dist = 12.806 | Init Dist 10 = 12.806 | Init Dist 100 = 12.806 | Init Dist 1000 = 12.806 | Learner Steps = 21504 | Learner Walltime = 4240.218 | Min Dist = 0.180 | Min Dist 10 = 1.771 | Min Dist 100 = 0.366 | Min Dist 1000 = 0.396 | Steps Per Second = 80.016 | Success = 1.000 | Success 1000 = 0.965
I0502 16:16:56.154111 139557462840896 terminal.py:91] [Actor] Actor Episodes = 27720 | Actor Steps = 1386000 | Delta Dist = 1.304 | Delta Dist 10 = 5.292 | Delta Dist 100 = 4.954 | Delta Dist 1000 = 4.554 | Episode Length = 50 | Episode Return = 37.0 | Evaluator Episodes = 7025 | Evaluator Steps = 351250 | Final Dist = 0.110 | Final Dist 10 = 0.666 | Final Dist 100 = 1.084 | Final Dist 1000 = 1.338 | Init Dist = 1.414 | Init Dist 10 = 5.958 | Init Dist 100 = 6.038 | Init Dist 1000 = 5.891 | Learner Steps = 21499 | Learner Walltime = 4239.110 | Min Dist = 0.085 | Min Dist 10 = 0.083 | Min Dist 100 = 0.090 | Min Dist 1000 = 0.142 | Steps Per Second = 78.583 | Success = 1.000 | Success 1000 = 0.994
I0502 16:16:56.159802 139569349502528 terminal.py:91] [Actor] Actor Episodes = 27722 | Actor Steps = 1386100 | Delta Dist = 0.084 | Delta Dist 10 = 4.919 | Delta Dist 100 = 4.917 | Delta Dist 1000 = 4.551 | Episode Length = 50 | Episode Return = 7.0 | Evaluator Episodes = 7025 | Evaluator Steps = 351250 | Final Dist = 1.330 | Final Dist 10 = 0.666 | Final Dist 100 = 1.084 | Final Dist 1000 = 1.338 | Init Dist = 1.414 | Init Dist 10 = 5.958 | Init Dist 100 = 6.038 | Init Dist 1000 = 5.891 | Learner Steps = 21499 | Learner Walltime = 4239.110 | Min Dist = 0.085 | Min Dist 10 = 0.085 | Min Dist 100 = 0.090 | Min Dist 1000 = 0.142 | Steps Per Second = 95.609 | Success = 1.000 | Success 1000 = 0.994
I0502 16:16:57.313807 139579566835264 terminal.py:91] [Evaluator] Actor Episodes = 27731 | Actor Steps = 1386550 | Delta Dist = 12.281 | Delta Dist 10 = 10.441 | Delta Dist 100 = 11.746 | Delta Dist 1000 = 11.754 | Episode Length = 50 | Episode Return = 27.0 | Evaluator Episodes = 7029 | Evaluator Steps = 351450 | Final Dist = 0.525 | Final Dist 10 = 2.366 | Final Dist 100 = 1.060 | Final Dist 1000 = 1.052 | Init Dist = 12.806 | Init Dist 10 = 12.806 | Init Dist 100 = 12.806 | Init Dist 1000 = 12.806 | Learner Steps = 21511 | Learner Walltime = 4241.427 | Min Dist = 0.315 | Min Dist 10 = 1.768 | Min Dist 100 = 0.365 | Min Dist 1000 = 0.396 | Steps Per Second = 83.421 | Success = 1.000 | Success 1000 = 0.965
I0502 16:16:58.626597 139579566835264 terminal.py:91] [Evaluator] Actor Episodes = 27739 | Actor Steps = 1386950 | Delta Dist = 11.647 | Delta Dist 10 = 10.644 | Delta Dist 100 = 11.749 | Delta Dist 1000 = 11.754 | Episode Length = 50 | Episode Return = 9.0 | Evaluator Episodes = 7031 | Evaluator Steps = 351550 | Final Dist = 1.159 | Final Dist 10 = 2.162 | Final Dist 100 = 1.058 | Final Dist 1000 = 1.052 | Init Dist = 12.806 | Init Dist 10 = 12.806 | Init Dist 100 = 12.806 | Init Dist 1000 = 12.806 | Learner Steps = 21517 | Learner Walltime = 4242.665 | Min Dist = 0.166 | Min Dist 10 = 1.567 | Min Dist 100 = 0.366 | Min Dist 1000 = 0.396 | Steps Per Second = 74.101 | Success = 1.000 | Success 1000 = 0.965
I0502 16:16:59.723120 139579566835264 terminal.py:91] [Evaluator] Actor Episodes = 27747 | Actor Steps = 1387350 | Delta Dist = 11.806 | Delta Dist 10 = 10.510 | Delta Dist 100 = 11.742 | Delta Dist 1000 = 11.755 | Episode Length = 50 | Episode Return = 12.0 | Evaluator Episodes = 7033 | Evaluator Steps = 351650 | Final Dist = 1.000 | Final Dist 10 = 2.296 | Final Dist 100 = 1.065 | Final Dist 1000 = 1.051 | Init Dist = 12.806 | Init Dist 10 = 12.806 | Init Dist 100 = 12.806 | Init Dist 1000 = 12.806 | Learner Steps = 21523 | Learner Walltime = 4243.892 | Min Dist = 0.058 | Min Dist 10 = 1.577 | Min Dist 100 = 0.369 | Min Dist 1000 = 0.396 | Steps Per Second = 98.092 | Success = 1.000 | Success 1000 = 0.965
I0502 16:17:00.899236 139579566835264 terminal.py:91] [Evaluator] Actor Episodes = 27755 | Actor Steps = 1387750 | Delta Dist = 11.448 | Delta Dist 10 = 11.245 | Delta Dist 100 = 11.752 | Delta Dist 1000 = 11.757 | Episode Length = 50 | Episode Return = 10.0 | Evaluator Episodes = 7035 | Evaluator Steps = 351750 | Final Dist = 1.358 | Final Dist 10 = 1.561 | Final Dist 100 = 1.055 | Final Dist 1000 = 1.049 | Init Dist = 12.806 | Init Dist 10 = 12.806 | Init Dist 100 = 12.806 | Init Dist 1000 = 12.806 | Learner Steps = 21530 | Learner Walltime = 4244.990 | Min Dist = 0.337 | Min Dist 10 = 0.862 | Min Dist 100 = 0.361 | Min Dist 1000 = 0.396 | Steps Per Second = 85.833 | Success = 1.000 | Success 1000 = 0.965
I0502 16:17:01.149282 139584635659840 savers.py:156] Saving checkpoint: logs/contrastive_cpc_point_FourRooms_64/5dd72662-2788-11f0-b183-d85ed38c5779/checkpoints/counter
I0502 16:17:02.072127 139579566835264 terminal.py:91] [Evaluator] Actor Episodes = 27763 | Actor Steps = 1388150 | Delta Dist = 12.248 | Delta Dist 10 = 11.909 | Delta Dist 100 = 11.742 | Delta Dist 1000 = 11.756 | Episode Length = 50 | Episode Return = 8.0 | Evaluator Episodes = 7037 | Evaluator Steps = 351850 | Final Dist = 0.558 | Final Dist 10 = 0.898 | Final Dist 100 = 1.064 | Final Dist 1000 = 1.050 | Init Dist = 12.806 | Init Dist 10 = 12.806 | Init Dist 100 = 12.806 | Init Dist 1000 = 12.806 | Learner Steps = 21535 | Learner Walltime = 4246.016 | Min Dist = 0.034 | Min Dist 10 = 0.217 | Min Dist 100 = 0.361 | Min Dist 1000 = 0.397 | Steps Per Second = 91.822 | Success = 1.000 | Success 1000 = 0.965
I0502 16:17:02.804772 139584504182336 lp_utils.py:96] StepsLimiter: Reached 1388250 recorded steps
I0502 16:17:03.251948 139579566835264 terminal.py:91] [Evaluator] Actor Episodes = 27771 | Actor Steps = 1388550 | Delta Dist = 12.015 | Delta Dist 10 = 12.017 | Delta Dist 100 = 11.747 | Delta Dist 1000 = 11.771 | Episode Length = 50 | Episode Return = 13.0 | Evaluator Episodes = 7039 | Evaluator Steps = 351950 | Final Dist = 0.791 | Final Dist 10 = 0.790 | Final Dist 100 = 1.059 | Final Dist 1000 = 1.035 | Init Dist = 12.806 | Init Dist 10 = 12.806 | Init Dist 100 = 12.806 | Init Dist 1000 = 12.806 | Learner Steps = 21540 | Learner Walltime = 4247.034 | Min Dist = 0.090 | Min Dist 10 = 0.176 | Min Dist 100 = 0.357 | Min Dist 1000 = 0.383 | Steps Per Second = 91.252 | Success = 1.000 | Success 1000 = 0.967
I0502 16:17:03.794825 139555013154368 terminal.py:91] [Learner] Actor Episodes = 27767 | Actor Loss = 3.6435821056365967 | Actor Steps = 1388350 | Binary Accuracy = 0.9960641860961914 | Categorical Accuracy = 0.42138671875 | Critic Loss = 1.8261897563934326 | Entropy Mean = -21.20964813232422 | Evaluator Episodes = 7037 | Evaluator Steps = 351850 | Learner Steps = 21546 | Learner Walltime = 4247.994 | Logits Neg = -16.940425872802734 | Logits Pos = -1.8064613342285156 | Logsumexp = 1.1498303413391113 | Steps Per Second = 303.299
I0502 16:17:04.342064 139558059398720 terminal.py:91] [Actor] Actor Episodes = 27779 | Actor Steps = 1388950 | Delta Dist = 9.776 | Delta Dist 10 = 5.685 | Delta Dist 100 = 4.529 | Delta Dist 1000 = 4.567 | Episode Length = 50 | Episode Return = 38.0 | Evaluator Episodes = 7039 | Evaluator Steps = 351950 | Final Dist = 0.123 | Final Dist 10 = 0.796 | Final Dist 100 = 1.097 | Final Dist 1000 = 1.295 | Init Dist = 9.899 | Init Dist 10 = 6.481 | Init Dist 100 = 5.626 | Init Dist 1000 = 5.862 | Learner Steps = 21547 | Learner Walltime = 4248.360 | Min Dist = 0.018 | Min Dist 10 = 0.109 | Min Dist 100 = 0.096 | Min Dist 1000 = 0.141 | Steps Per Second = 75.092 | Success = 1.000 | Success 1000 = 0.994
I0502 16:17:04.462965 139579566835264 terminal.py:91] [Evaluator] Actor Episodes = 27779 | Actor Steps = 1388950 | Delta Dist = 12.122 | Delta Dist 10 = 11.968 | Delta Dist 100 = 11.750 | Delta Dist 1000 = 11.771 | Episode Length = 50 | Episode Return = 11.0 | Evaluator Episodes = 7041 | Evaluator Steps = 352050 | Final Dist = 0.684 | Final Dist 10 = 0.838 | Final Dist 100 = 1.056 | Final Dist 1000 = 1.035 | Init Dist = 12.806 | Init Dist 10 = 12.806 | Init Dist 100 = 12.806 | Init Dist 1000 = 12.806 | Learner Steps = 21547 | Learner Walltime = 4248.360 | Min Dist = 0.073 | Min Dist 10 = 0.173 | Min Dist 100 = 0.357 | Min Dist 1000 = 0.382 | Steps Per Second = 78.626 | Success = 1.000 | Success 1000 = 0.967
I0502 16:17:05.669137 139579566835264 terminal.py:91] [Evaluator] Actor Episodes = 27787 | Actor Steps = 1389350 | Delta Dist = 12.573 | Delta Dist 10 = 12.048 | Delta Dist 100 = 11.755 | Delta Dist 1000 = 11.770 | Episode Length = 50 | Episode Return = 7.0 | Evaluator Episodes = 7043 | Evaluator Steps = 352150 | Final Dist = 0.234 | Final Dist 10 = 0.758 | Final Dist 100 = 1.051 | Final Dist 1000 = 1.036 | Init Dist = 12.806 | Init Dist 10 = 12.806 | Init Dist 100 = 12.806 | Init Dist 1000 = 12.806 | Learner Steps = 21553 | Learner Walltime = 4249.400 | Min Dist = 0.234 | Min Dist 10 = 0.154 | Min Dist 100 = 0.356 | Min Dist 1000 = 0.382 | Steps Per Second = 79.013 | Success = 1.000 | Success 1000 = 0.967
I0502 16:17:05.724525 139555860620864 terminal.py:91] [Actor] Actor Episodes = 27782 | Actor Steps = 1389100 | Delta Dist = 8.073 | Delta Dist 10 = 7.398 | Delta Dist 100 = 4.840 | Delta Dist 1000 = 4.573 | Episode Length = 50 | Episode Return = 20.0 | Evaluator Episodes = 7041 | Evaluator Steps = 352050 | Final Dist = 1.146 | Final Dist 10 = 0.719 | Final Dist 100 = 0.995 | Final Dist 1000 = 1.296 | Init Dist = 9.220 | Init Dist 10 = 8.118 | Init Dist 100 = 5.835 | Init Dist 1000 = 5.869 | Learner Steps = 21547 | Learner Walltime = 4248.360 | Min Dist = 0.060 | Min Dist 10 = 0.194 | Min Dist 100 = 0.105 | Min Dist 1000 = 0.142 | Steps Per Second = 77.872 | Success = 1.000 | Success 1000 = 0.993
I0502 16:17:06.567487 139583350109760 savers.py:156] Saving checkpoint: logs/contrastive_cpc_point_FourRooms_64/5dd72662-2788-11f0-b183-d85ed38c5779/checkpoints/learner
I0502 16:17:06.577801 139569349502528 terminal.py:91] [Actor] Actor Episodes = 27791 | Actor Steps = 1389550 | Delta Dist = 0.193 | Delta Dist 10 = 5.925 | Delta Dist 100 = 4.914 | Delta Dist 1000 = 4.564 | Episode Length = 50 | Episode Return = 16.0 | Evaluator Episodes = 7043 | Evaluator Steps = 352150 | Final Dist = 9.027 | Final Dist 10 = 1.671 | Final Dist 100 = 1.036 | Final Dist 1000 = 1.305 | Init Dist = 9.220 | Init Dist 10 = 7.596 | Init Dist 100 = 5.950 | Init Dist 1000 = 5.868 | Learner Steps = 21558 | Learner Walltime = 4250.769 | Min Dist = 0.144 | Min Dist 10 = 0.095 | Min Dist 100 = 0.099 | Min Dist 1000 = 0.142 | Steps Per Second = 69.466 | Success = 1.000 | Success 1000 = 0.993
I0502 16:17:06.604723 139557462840896 terminal.py:91] [Actor] Actor Episodes = 27793 | Actor Steps = 1389650 | Delta Dist = 4.891 | Delta Dist 10 = 6.174 | Delta Dist 100 = 4.951 | Delta Dist 1000 = 4.562 | Episode Length = 50 | Episode Return = 37.0 | Evaluator Episodes = 7043 | Evaluator Steps = 352150 | Final Dist = 0.940 | Final Dist 10 = 1.638 | Final Dist 100 = 1.022 | Final Dist 1000 = 1.305 | Init Dist = 5.831 | Init Dist 10 = 7.811 | Init Dist 100 = 5.972 | Init Dist 1000 = 5.867 | Learner Steps = 21558 | Learner Walltime = 4250.769 | Min Dist = 0.940 | Min Dist 10 = 0.105 | Min Dist 100 = 0.099 | Min Dist 1000 = 0.142 | Steps Per Second = 70.548 | Success = 1.000 | Success 1000 = 0.993
I0502 16:17:07.045743 139579566835264 terminal.py:91] [Evaluator] Actor Episodes = 27795 | Actor Steps = 1389750 | Delta Dist = 12.047 | Delta Dist 10 = 12.011 | Delta Dist 100 = 11.754 | Delta Dist 1000 = 11.769 | Episode Length = 50 | Episode Return = 19.0 | Evaluator Episodes = 7045 | Evaluator Steps = 352250 | Final Dist = 0.759 | Final Dist 10 = 0.795 | Final Dist 100 = 1.052 | Final Dist 1000 = 1.037 | Init Dist = 12.806 | Init Dist 10 = 12.806 | Init Dist 100 = 12.806 | Init Dist 1000 = 12.806 | Learner Steps = 21558 | Learner Walltime = 4250.769 | Min Dist = 0.086 | Min Dist 10 = 0.157 | Min Dist 100 = 0.351 | Min Dist 1000 = 0.382 | Steps Per Second = 70.810 | Success = 1.000 | Success 1000 = 0.967
I0502 16:17:08.192955 139579566835264 terminal.py:91] [Evaluator] Actor Episodes = 27801 | Actor Steps = 1390050 | Delta Dist = 11.837 | Delta Dist 10 = 12.037 | Delta Dist 100 = 11.755 | Delta Dist 1000 = 11.769 | Episode Length = 50 | Episode Return = 14.0 | Evaluator Episodes = 7047 | Evaluator Steps = 352350 | Final Dist = 0.970 | Final Dist 10 = 0.769 | Final Dist 100 = 1.051 | Final Dist 1000 = 1.038 | Init Dist = 12.806 | Init Dist 10 = 12.806 | Init Dist 100 = 12.806 | Init Dist 1000 = 12.806 | Learner Steps = 21565 | Learner Walltime = 4252.112 | Min Dist = 0.268 | Min Dist 10 = 0.148 | Min Dist 100 = 0.348 | Min Dist 1000 = 0.382 | Steps Per Second = 87.090 | Success = 1.000 | Success 1000 = 0.967
I0502 16:17:09.391983 139579566835264 terminal.py:91] [Evaluator] Actor Episodes = 27809 | Actor Steps = 1390450 | Delta Dist = 12.500 | Delta Dist 10 = 11.982 | Delta Dist 100 = 11.767 | Delta Dist 1000 = 11.769 | Episode Length = 50 | Episode Return = 17.0 | Evaluator Episodes = 7049 | Evaluator Steps = 352450 | Final Dist = 0.306 | Final Dist 10 = 0.824 | Final Dist 100 = 1.040 | Final Dist 1000 = 1.037 | Init Dist = 12.806 | Init Dist 10 = 12.806 | Init Dist 100 = 12.806 | Init Dist 1000 = 12.806 | Learner Steps = 21570 | Learner Walltime = 4253.250 | Min Dist = 0.069 | Min Dist 10 = 0.197 | Min Dist 100 = 0.352 | Min Dist 1000 = 0.382 | Steps Per Second = 87.897 | Success = 1.000 | Success 1000 = 0.967
I0502 16:17:10.583014 139579566835264 terminal.py:91] [Evaluator] Actor Episodes = 27817 | Actor Steps = 1390850 | Delta Dist = 11.635 | Delta Dist 10 = 12.064 | Delta Dist 100 = 11.776 | Delta Dist 1000 = 11.770 | Episode Length = 50 | Episode Return = 10.0 | Evaluator Episodes = 7051 | Evaluator Steps = 352550 | Final Dist = 1.171 | Final Dist 10 = 0.742 | Final Dist 100 = 1.030 | Final Dist 1000 = 1.037 | Init Dist = 12.806 | Init Dist 10 = 12.806 | Init Dist 100 = 12.806 | Init Dist 1000 = 12.806 | Learner Steps = 21576 | Learner Walltime = 4254.449 | Min Dist = 0.201 | Min Dist 10 = 0.173 | Min Dist 100 = 0.350 | Min Dist 1000 = 0.382 | Steps Per Second = 85.910 | Success = 1.000 | Success 1000 = 0.967
I0502 16:17:11.800261 139579566835264 terminal.py:91] [Evaluator] Actor Episodes = 27825 | Actor Steps = 1391250 | Delta Dist = 12.353 | Delta Dist 10 = 12.027 | Delta Dist 100 = 11.777 | Delta Dist 1000 = 11.769 | Episode Length = 50 | Episode Return = 27.0 | Evaluator Episodes = 7053 | Evaluator Steps = 352650 | Final Dist = 0.453 | Final Dist 10 = 0.779 | Final Dist 100 = 1.029 | Final Dist 1000 = 1.037 | Init Dist = 12.806 | Init Dist 10 = 12.806 | Init Dist 100 = 12.806 | Init Dist 1000 = 12.806 | Learner Steps = 21583 | Learner Walltime = 4255.700 | Min Dist = 0.441 | Min Dist 10 = 0.177 | Min Dist 100 = 0.351 | Min Dist 1000 = 0.382 | Steps Per Second = 82.136 | Success = 1.000 | Success 1000 = 0.967
I0502 16:17:12.821146 139584504182336 lp_utils.py:96] StepsLimiter: Reached 1391450 recorded steps
I0502 16:17:13.129443 139579566835264 terminal.py:91] [Evaluator] Actor Episodes = 27833 | Actor Steps = 1391650 | Delta Dist = 11.619 | Delta Dist 10 = 12.050 | Delta Dist 100 = 11.782 | Delta Dist 1000 = 11.770 | Episode Length = 50 | Episode Return = 26.0 | Evaluator Episodes = 7055 | Evaluator Steps = 352750 | Final Dist = 1.187 | Final Dist 10 = 0.757 | Final Dist 100 = 1.025 | Final Dist 1000 = 1.037 | Init Dist = 12.806 | Init Dist 10 = 12.806 | Init Dist 100 = 12.806 | Init Dist 1000 = 12.806 | Learner Steps = 21589 | Learner Walltime = 4256.748 | Min Dist = 0.057 | Min Dist 10 = 0.190 | Min Dist 100 = 0.350 | Min Dist 1000 = 0.382 | Steps Per Second = 76.264 | Success = 1.000 | Success 1000 = 0.967
I0502 16:17:13.952501 139555013154368 terminal.py:91] [Learner] Actor Episodes = 27835 | Actor Loss = 3.5817291736602783 | Actor Steps = 1391750 | Binary Accuracy = 0.9960012435913086 | Categorical Accuracy = 0.415771484375 | Critic Loss = 1.8470361232757568 | Entropy Mean = -17.905166625976562 | Evaluator Episodes = 7055 | Evaluator Steps = 352750 | Learner Steps = 21596 | Learner Walltime = 4258.148 | Logits Neg = -16.858627319335938 | Logits Pos = -1.817202091217041 | Logsumexp = 1.0639309883117676 | Steps Per Second = 204.177
I0502 16:17:14.278099 139579566835264 terminal.py:91] [Evaluator] Actor Episodes = 27841 | Actor Steps = 1392050 | Delta Dist = 11.897 | Delta Dist 10 = 11.983 | Delta Dist 100 = 11.780 | Delta Dist 1000 = 11.770 | Episode Length = 50 | Episode Return = 16.0 | Evaluator Episodes = 7057 | Evaluator Steps = 352850 | Final Dist = 0.909 | Final Dist 10 = 0.823 | Final Dist 100 = 1.027 | Final Dist 1000 = 1.036 | Init Dist = 12.806 | Init Dist 10 = 12.806 | Init Dist 100 = 12.806 | Init Dist 1000 = 12.806 | Learner Steps = 21594 | Learner Walltime = 4257.777 | Min Dist = 0.274 | Min Dist 10 = 0.191 | Min Dist 100 = 0.351 | Min Dist 1000 = 0.381 | Steps Per Second = 87.910 | Success = 1.000 | Success 1000 = 0.967
I0502 16:17:14.385428 139558059398720 terminal.py:91] [Actor] Actor Episodes = 27843 | Actor Steps = 1392150 | Delta Dist = 5.454 | Delta Dist 10 = 2.954 | Delta Dist 100 = 4.918 | Delta Dist 1000 = 4.572 | Episode Length = 50 | Episode Return = 46.0 | Evaluator Episodes = 7057 | Evaluator Steps = 352850 | Final Dist = 0.629 | Final Dist 10 = 2.428 | Final Dist 100 = 1.408 | Final Dist 1000 = 1.324 | Init Dist = 6.083 | Init Dist 10 = 5.382 | Init Dist 100 = 6.326 | Init Dist 1000 = 5.895 | Learner Steps = 21594 | Learner Walltime = 4257.777 | Min Dist = 0.061 | Min Dist 10 = 0.089 | Min Dist 100 = 0.125 | Min Dist 1000 = 0.145 | Steps Per Second = 85.273 | Success = 1.000 | Success 1000 = 0.992
I0502 16:17:15.542954 139579566835264 terminal.py:91] [Evaluator] Actor Episodes = 27849 | Actor Steps = 1392450 | Delta Dist = 11.597 | Delta Dist 10 = 11.967 | Delta Dist 100 = 11.775 | Delta Dist 1000 = 11.771 | Episode Length = 50 | Episode Return = 19.0 | Evaluator Episodes = 7059 | Evaluator Steps = 352950 | Final Dist = 1.209 | Final Dist 10 = 0.839 | Final Dist 100 = 1.031 | Final Dist 1000 = 1.035 | Init Dist = 12.806 | Init Dist 10 = 12.806 | Init Dist 100 = 12.806 | Init Dist 1000 = 12.806 | Learner Steps = 21600 | Learner Walltime = 4258.928 | Min Dist = 0.219 | Min Dist 10 = 0.181 | Min Dist 100 = 0.351 | Min Dist 1000 = 0.381 | Steps Per Second = 73.521 | Success = 1.000 | Success 1000 = 0.967
I0502 16:17:16.414632 139555860620864 terminal.py:91] [Actor] Actor Episodes = 27853 | Actor Steps = 1392650 | Delta Dist = 1.751 | Delta Dist 10 = 4.458 | Delta Dist 100 = 4.925 | Delta Dist 1000 = 4.569 | Episode Length = 50 | Episode Return = 24.0 | Evaluator Episodes = 7059 | Evaluator Steps = 352950 | Final Dist = 1.411 | Final Dist 10 = 1.522 | Final Dist 100 = 1.490 | Final Dist 1000 = 1.327 | Init Dist = 3.162 | Init Dist 10 = 5.981 | Init Dist 100 = 6.415 | Init Dist 1000 = 5.896 | Learner Steps = 21605 | Learner Walltime = 4260.030 | Min Dist = 0.046 | Min Dist 10 = 0.110 | Min Dist 100 = 0.123 | Min Dist 1000 = 0.145 | Steps Per Second = 72.235 | Success = 1.000 | Success 1000 = 0.992
I0502 16:17:16.591981 139569349502528 terminal.py:91] [Actor] Actor Episodes = 27855 | Actor Steps = 1392750 | Delta Dist = 7.283 | Delta Dist 10 = 3.722 | Delta Dist 100 = 4.894 | Delta Dist 1000 = 4.567 | Episode Length = 50 | Episode Return = 43.0 | Evaluator Episodes = 7059 | Evaluator Steps = 352950 | Final Dist = 0.332 | Final Dist 10 = 1.653 | Final Dist 100 = 1.502 | Final Dist 1000 = 1.328 | Init Dist = 7.616 | Init Dist 10 = 5.375 | Init Dist 100 = 6.396 | Init Dist 1000 = 5.895 | Learner Steps = 21605 | Learner Walltime = 4260.030 | Min Dist = 0.017 | Min Dist 10 = 0.109 | Min Dist 100 = 0.123 | Min Dist 1000 = 0.145 | Steps Per Second = 79.074 | Success = 1.000 | Success 1000 = 0.992
I0502 16:17:16.656630 139557462840896 terminal.py:91] [Actor] Actor Episodes = 27857 | Actor Steps = 1392850 | Delta Dist = 5.218 | Delta Dist 10 = 3.858 | Delta Dist 100 = 4.935 | Delta Dist 1000 = 4.575 | Episode Length = 50 | Episode Return = 35.0 | Evaluator Episodes = 7059 | Evaluator Steps = 352950 | Final Dist = 0.864 | Final Dist 10 = 1.639 | Final Dist 100 = 1.505 | Final Dist 1000 = 1.328 | Init Dist = 6.083 | Init Dist 10 = 5.496 | Init Dist 100 = 6.440 | Init Dist 1000 = 5.903 | Learner Steps = 21605 | Learner Walltime = 4260.030 | Min Dist = 0.067 | Min Dist 10 = 0.105 | Min Dist 100 = 0.121 | Min Dist 1000 = 0.145 | Steps Per Second = 79.096 | Success = 1.000 | Success 1000 = 0.992
I0502 16:17:16.718256 139579566835264 terminal.py:91] [Evaluator] Actor Episodes = 27857 | Actor Steps = 1392850 | Delta Dist = 11.416 | Delta Dist 10 = 11.838 | Delta Dist 100 = 11.770 | Delta Dist 1000 = 11.771 | Episode Length = 50 | Episode Return = 1.0 | Evaluator Episodes = 7061 | Evaluator Steps = 353050 | Final Dist = 1.390 | Final Dist 10 = 0.969 | Final Dist 100 = 1.037 | Final Dist 1000 = 1.035 | Init Dist = 12.806 | Init Dist 10 = 12.806 | Init Dist 100 = 12.806 | Init Dist 1000 = 12.806 | Learner Steps = 21605 | Learner Walltime = 4260.030 | Min Dist = 0.535 | Min Dist 10 = 0.263 | Min Dist 100 = 0.356 | Min Dist 1000 = 0.381 | Steps Per Second = 84.614 | Success = 1.000 | Success 1000 = 0.967
I0502 16:17:17.918429 139579566835264 terminal.py:91] [Evaluator] Actor Episodes = 27863 | Actor Steps = 1393150 | Delta Dist = 11.241 | Delta Dist 10 = 11.748 | Delta Dist 100 = 11.770 | Delta Dist 1000 = 11.770 | Episode Length = 50 | Episode Return = 15.0 | Evaluator Episodes = 7063 | Evaluator Steps = 353150 | Final Dist = 1.566 | Final Dist 10 = 1.058 | Final Dist 100 = 1.036 | Final Dist 1000 = 1.036 | Init Dist = 12.806 | Init Dist 10 = 12.806 | Init Dist 100 = 12.806 | Init Dist 1000 = 12.806 | Learner Steps = 21611 | Learner Walltime = 4261.310 | Min Dist = 0.170 | Min Dist 10 = 0.309 | Min Dist 100 = 0.362 | Min Dist 1000 = 0.381 | Steps Per Second = 81.393 | Success = 1.000 | Success 1000 = 0.967
I0502 16:17:19.093875 139579566835264 terminal.py:91] [Evaluator] Actor Episodes = 27871 | Actor Steps = 1393550 | Delta Dist = 11.536 | Delta Dist 10 = 11.610 | Delta Dist 100 = 11.759 | Delta Dist 1000 = 11.769 | Episode Length = 50 | Episode Return = 19.0 | Evaluator Episodes = 7065 | Evaluator Steps = 353250 | Final Dist = 1.271 | Final Dist 10 = 1.196 | Final Dist 100 = 1.047 | Final Dist 1000 = 1.038 | Init Dist = 12.806 | Init Dist 10 = 12.806 | Init Dist 100 = 12.806 | Init Dist 1000 = 12.806 | Learner Steps = 21617 | Learner Walltime = 4262.479 | Min Dist = 0.134 | Min Dist 10 = 0.286 | Min Dist 100 = 0.361 | Min Dist 1000 = 0.381 | Steps Per Second = 75.036 | Success = 1.000 | Success 1000 = 0.967
I0502 16:17:20.251012 139579566835264 terminal.py:91] [Evaluator] Actor Episodes = 27877 | Actor Steps = 1393850 | Delta Dist = 11.909 | Delta Dist 10 = 11.616 | Delta Dist 100 = 11.747 | Delta Dist 1000 = 11.768 | Episode Length = 50 | Episode Return = 15.0 | Evaluator Episodes = 7067 | Evaluator Steps = 353350 | Final Dist = 0.897 | Final Dist 10 = 1.190 | Final Dist 100 = 1.059 | Final Dist 1000 = 1.039 | Init Dist = 12.806 | Init Dist 10 = 12.806 | Init Dist 100 = 12.806 | Init Dist 1000 = 12.806 | Learner Steps = 21622 | Learner Walltime = 4263.484 | Min Dist = 0.121 | Min Dist 10 = 0.336 | Min Dist 100 = 0.364 | Min Dist 1000 = 0.382 | Steps Per Second = 83.878 | Success = 1.000 | Success 1000 = 0.967
I0502 16:17:21.495691 139579566835264 terminal.py:91] [Evaluator] Actor Episodes = 27887 | Actor Steps = 1394350 | Delta Dist = 11.780 | Delta Dist 10 = 11.595 | Delta Dist 100 = 11.748 | Delta Dist 1000 = 11.767 | Episode Length = 50 | Episode Return = 21.0 | Evaluator Episodes = 7069 | Evaluator Steps = 353450 | Final Dist = 1.026 | Final Dist 10 = 1.211 | Final Dist 100 = 1.059 | Final Dist 1000 = 1.039 | Init Dist = 12.806 | Init Dist 10 = 12.806 | Init Dist 100 = 12.806 | Init Dist 1000 = 12.806 | Learner Steps = 21633 | Learner Walltime = 4265.677 | Min Dist = 0.119 | Min Dist 10 = 0.302 | Min Dist 100 = 0.360 | Min Dist 1000 = 0.381 | Steps Per Second = 83.365 | Success = 1.000 | Success 1000 = 0.967
I0502 16:17:22.632795 139579566835264 terminal.py:91] [Evaluator] Actor Episodes = 27893 | Actor Steps = 1394650 | Delta Dist = 12.755 | Delta Dist 10 = 11.639 | Delta Dist 100 = 11.743 | Delta Dist 1000 = 11.768 | Episode Length = 50 | Episode Return = 28.0 | Evaluator Episodes = 7071 | Evaluator Steps = 353550 | Final Dist = 0.051 | Final Dist 10 = 1.167 | Final Dist 100 = 1.063 | Final Dist 1000 = 1.039 | Init Dist = 12.806 | Init Dist 10 = 12.806 | Init Dist 100 = 12.806 | Init Dist 1000 = 12.806 | Learner Steps = 21639 | Learner Walltime = 4266.788 | Min Dist = 0.051 | Min Dist 10 = 0.224 | Min Dist 100 = 0.354 | Min Dist 1000 = 0.381 | Steps Per Second = 94.583 | Success = 1.000 | Success 1000 = 0.967
I0502 16:17:22.839895 139584504182336 lp_utils.py:96] StepsLimiter: Reached 1394750 recorded steps
I0502 16:17:23.802169 139579566835264 terminal.py:91] [Evaluator] Actor Episodes = 27901 | Actor Steps = 1395050 | Delta Dist = 12.555 | Delta Dist 10 = 11.757 | Delta Dist 100 = 11.741 | Delta Dist 1000 = 11.774 | Episode Length = 50 | Episode Return = 30.0 | Evaluator Episodes = 7073 | Evaluator Steps = 353650 | Final Dist = 0.251 | Final Dist 10 = 1.049 | Final Dist 100 = 1.066 | Final Dist 1000 = 1.032 | Init Dist = 12.806 | Init Dist 10 = 12.806 | Init Dist 100 = 12.806 | Init Dist 1000 = 12.806 | Learner Steps = 21645 | Learner Walltime = 4267.817 | Min Dist = 0.154 | Min Dist 10 = 0.175 | Min Dist 100 = 0.354 | Min Dist 1000 = 0.374 | Steps Per Second = 90.378 | Success = 1.000 | Success 1000 = 0.968
I0502 16:17:24.076961 139555013154368 terminal.py:91] [Learner] Actor Episodes = 27901 | Actor Loss = 3.684418201446533 | Actor Steps = 1395050 | Binary Accuracy = 0.9960074424743652 | Categorical Accuracy = 0.41229248046875 | Critic Loss = 1.8559150695800781 | Entropy Mean = -20.426483154296875 | Evaluator Episodes = 7071 | Evaluator Steps = 353550 | Learner Steps = 21647 | Learner Walltime = 4268.271 | Logits Neg = -17.21122932434082 | Logits Pos = -1.8549216985702515 | Logsumexp = 1.1190208196640015 | Steps Per Second = 179.990
I0502 16:17:24.954375 139558059398720 terminal.py:91] [Actor] Actor Episodes = 27908 | Actor Steps = 1395400 | Delta Dist = 3.089 | Delta Dist 10 = 4.841 | Delta Dist 100 = 4.102 | Delta Dist 1000 = 4.599 | Episode Length = 50 | Episode Return = 38.0 | Evaluator Episodes = 7073 | Evaluator Steps = 353650 | Final Dist = 0.073 | Final Dist 10 = 1.443 | Final Dist 100 = 1.754 | Final Dist 1000 = 1.297 | Init Dist = 3.162 | Init Dist 10 = 6.284 | Init Dist 100 = 5.856 | Init Dist 1000 = 5.896 | Learner Steps = 21645 | Learner Walltime = 4267.817 | Min Dist = 0.073 | Min Dist 10 = 0.106 | Min Dist 100 = 0.110 | Min Dist 1000 = 0.120 | Steps Per Second = 81.957 | Success = 1.000 | Success 1000 = 0.994
I0502 16:17:25.022820 139579566835264 terminal.py:91] [Evaluator] Actor Episodes = 27909 | Actor Steps = 1395450 | Delta Dist = 12.180 | Delta Dist 10 = 11.958 | Delta Dist 100 = 11.751 | Delta Dist 1000 = 11.774 | Episode Length = 50 | Episode Return = 27.0 | Evaluator Episodes = 7075 | Evaluator Steps = 353750 | Final Dist = 0.626 | Final Dist 10 = 0.848 | Final Dist 100 = 1.056 | Final Dist 1000 = 1.032 | Init Dist = 12.806 | Init Dist 10 = 12.806 | Init Dist 100 = 12.806 | Init Dist 1000 = 12.806 | Learner Steps = 21650 | Learner Walltime = 4268.886 | Min Dist = 0.041 | Min Dist 10 = 0.160 | Min Dist 100 = 0.351 | Min Dist 1000 = 0.374 | Steps Per Second = 85.925 | Success = 1.000 | Success 1000 = 0.968
I0502 16:17:26.277792 139579566835264 terminal.py:91] [Evaluator] Actor Episodes = 27917 | Actor Steps = 1395850 | Delta Dist = 11.437 | Delta Dist 10 = 12.033 | Delta Dist 100 = 11.751 | Delta Dist 1000 = 11.775 | Episode Length = 50 | Episode Return = 15.0 | Evaluator Episodes = 7077 | Evaluator Steps = 353850 | Final Dist = 1.369 | Final Dist 10 = 0.774 | Final Dist 100 = 1.055 | Final Dist 1000 = 1.031 | Init Dist = 12.806 | Init Dist 10 = 12.806 | Init Dist 100 = 12.806 | Init Dist 1000 = 12.806 | Learner Steps = 21650 | Learner Walltime = 4268.886 | Min Dist = 0.875 | Min Dist 10 = 0.090 | Min Dist 100 = 0.349 | Min Dist 1000 = 0.373 | Steps Per Second = 86.071 | Success = 1.000 | Success 1000 = 0.968
I0502 16:17:26.855258 139555860620864 terminal.py:91] [Actor] Actor Episodes = 27918 | Actor Steps = 1395900 | Delta Dist = 4.862 | Delta Dist 10 = 3.529 | Delta Dist 100 = 3.856 | Delta Dist 1000 = 4.588 | Episode Length = 50 | Episode Return = 42.0 | Evaluator Episodes = 7075 | Evaluator Steps = 353750 | Final Dist = 0.237 | Final Dist 10 = 0.538 | Final Dist 100 = 1.731 | Final Dist 1000 = 1.288 | Init Dist = 5.099 | Init Dist 10 = 4.067 | Init Dist 100 = 5.587 | Init Dist 1000 = 5.876 | Learner Steps = 21650 | Learner Walltime = 4268.886 | Min Dist = 0.023 | Min Dist 10 = 0.035 | Min Dist 100 = 0.103 | Min Dist 1000 = 0.118 | Steps Per Second = 74.126 | Success = 1.000 | Success 1000 = 0.995
I0502 16:17:27.178356 139557462840896 terminal.py:91] [Actor] Actor Episodes = 27920 | Actor Steps = 1396000 | Delta Dist = 8.225 | Delta Dist 10 = 3.762 | Delta Dist 100 = 3.849 | Delta Dist 1000 = 4.590 | Episode Length = 50 | Episode Return = 49.0 | Evaluator Episodes = 7077 | Evaluator Steps = 353850 | Final Dist = 0.830 | Final Dist 10 = 0.473 | Final Dist 100 = 1.708 | Final Dist 1000 = 1.283 | Init Dist = 9.055 | Init Dist 10 = 4.236 | Init Dist 100 = 5.557 | Init Dist 1000 = 5.873 | Learner Steps = 21657 | Learner Walltime = 4270.485 | Min Dist = 0.036 | Min Dist 10 = 0.036 | Min Dist 100 = 0.101 | Min Dist 1000 = 0.118 | Steps Per Second = 75.268 | Success = 1.000 | Success 1000 = 0.995
I0502 16:17:27.223830 139569349502528 terminal.py:91] [Actor] Actor Episodes = 27922 | Actor Steps = 1396100 | Delta Dist = 7.294 | Delta Dist 10 = 3.577 | Delta Dist 100 = 3.871 | Delta Dist 1000 = 4.591 | Episode Length = 50 | Episode Return = 12.0 | Evaluator Episodes = 7077 | Evaluator Steps = 353850 | Final Dist = 1.250 | Final Dist 10 = 0.758 | Final Dist 100 = 1.734 | Final Dist 1000 = 1.285 | Init Dist = 8.544 | Init Dist 10 = 4.335 | Init Dist 100 = 5.606 | Init Dist 1000 = 5.876 | Learner Steps = 21657 | Learner Walltime = 4270.485 | Min Dist = 0.215 | Min Dist 10 = 0.031 | Min Dist 100 = 0.101 | Min Dist 1000 = 0.118 | Steps Per Second = 77.675 | Success = 1.000 | Success 1000 = 0.995
I0502 16:17:27.556842 139579566835264 terminal.py:91] [Evaluator] Actor Episodes = 27925 | Actor Steps = 1396250 | Delta Dist = 11.875 | Delta Dist 10 = 12.043 | Delta Dist 100 = 11.745 | Delta Dist 1000 = 11.774 | Episode Length = 50 | Episode Return = 6.0 | Evaluator Episodes = 7079 | Evaluator Steps = 353950 | Final Dist = 0.931 | Final Dist 10 = 0.763 | Final Dist 100 = 1.061 | Final Dist 1000 = 1.032 | Init Dist = 12.806 | Init Dist 10 = 12.806 | Init Dist 100 = 12.806 | Init Dist 1000 = 12.806 | Learner Steps = 21662 | Learner Walltime = 4271.488 | Min Dist = 0.213 | Min Dist 10 = 0.175 | Min Dist 100 = 0.356 | Min Dist 1000 = 0.373 | Steps Per Second = 80.285 | Success = 1.000 | Success 1000 = 0.968
I0502 16:17:28.957149 139579566835264 terminal.py:91] [Evaluator] Actor Episodes = 27933 | Actor Steps = 1396650 | Delta Dist = 11.658 | Delta Dist 10 = 11.991 | Delta Dist 100 = 11.749 | Delta Dist 1000 = 11.774 | Episode Length = 50 | Episode Return = 15.0 | Evaluator Episodes = 7081 | Evaluator Steps = 354050 | Final Dist = 1.148 | Final Dist 10 = 0.815 | Final Dist 100 = 1.058 | Final Dist 1000 = 1.033 | Init Dist = 12.806 | Init Dist 10 = 12.806 | Init Dist 100 = 12.806 | Init Dist 1000 = 12.806 | Learner Steps = 21668 | Learner Walltime = 4272.801 | Min Dist = 0.251 | Min Dist 10 = 0.180 | Min Dist 100 = 0.357 | Min Dist 1000 = 0.373 | Steps Per Second = 74.733 | Success = 1.000 | Success 1000 = 0.968
I0502 16:17:30.087058 139579566835264 terminal.py:91] [Evaluator] Actor Episodes = 27939 | Actor Steps = 1396950 | Delta Dist = 12.020 | Delta Dist 10 = 11.893 | Delta Dist 100 = 11.734 | Delta Dist 1000 = 11.774 | Episode Length = 50 | Episode Return = 14.0 | Evaluator Episodes = 7083 | Evaluator Steps = 354150 | Final Dist = 0.786 | Final Dist 10 = 0.913 | Final Dist 100 = 1.072 | Final Dist 1000 = 1.033 | Init Dist = 12.806 | Init Dist 10 = 12.806 | Init Dist 100 = 12.806 | Init Dist 1000 = 12.806 | Learner Steps = 21674 | Learner Walltime = 4273.954 | Min Dist = 0.066 | Min Dist 10 = 0.208 | Min Dist 100 = 0.358 | Min Dist 1000 = 0.373 | Steps Per Second = 91.073 | Success = 1.000 | Success 1000 = 0.969
I0502 16:17:31.387864 139579566835264 terminal.py:91] [Evaluator] Actor Episodes = 27949 | Actor Steps = 1397450 | Delta Dist = 12.397 | Delta Dist 10 = 11.776 | Delta Dist 100 = 11.740 | Delta Dist 1000 = 11.774 | Episode Length = 50 | Episode Return = 14.0 | Evaluator Episodes = 7085 | Evaluator Steps = 354250 | Final Dist = 0.410 | Final Dist 10 = 1.030 | Final Dist 100 = 1.066 | Final Dist 1000 = 1.032 | Init Dist = 12.806 | Init Dist 10 = 12.806 | Init Dist 100 = 12.806 | Init Dist 1000 = 12.806 | Learner Steps = 21679 | Learner Walltime = 4275.011 | Min Dist = 0.094 | Min Dist 10 = 0.255 | Min Dist 100 = 0.356 | Min Dist 1000 = 0.372 | Steps Per Second = 72.421 | Success = 1.000 | Success 1000 = 0.969
I0502 16:17:32.643546 139579566835264 terminal.py:91] [Evaluator] Actor Episodes = 27955 | Actor Steps = 1397750 | Delta Dist = 11.604 | Delta Dist 10 = 11.758 | Delta Dist 100 = 11.740 | Delta Dist 1000 = 11.773 | Episode Length = 50 | Episode Return = 21.0 | Evaluator Episodes = 7087 | Evaluator Steps = 354350 | Final Dist = 1.202 | Final Dist 10 = 1.048 | Final Dist 100 = 1.066 | Final Dist 1000 = 1.033 | Init Dist = 12.806 | Init Dist 10 = 12.806 | Init Dist 100 = 12.806 | Init Dist 1000 = 12.806 | Learner Steps = 21685 | Learner Walltime = 4276.060 | Min Dist = 0.215 | Min Dist 10 = 0.265 | Min Dist 100 = 0.357 | Min Dist 1000 = 0.372 | Steps Per Second = 74.534 | Success = 1.000 | Success 1000 = 0.969
I0502 16:17:32.858677 139584504182336 lp_utils.py:96] StepsLimiter: Reached 1397850 recorded steps
I0502 16:17:34.010999 139579566835264 terminal.py:91] [Evaluator] Actor Episodes = 27963 | Actor Steps = 1398150 | Delta Dist = 12.457 | Delta Dist 10 = 11.789 | Delta Dist 100 = 11.744 | Delta Dist 1000 = 11.773 | Episode Length = 50 | Episode Return = 26.0 | Evaluator Episodes = 7089 | Evaluator Steps = 354450 | Final Dist = 0.350 | Final Dist 10 = 1.018 | Final Dist 100 = 1.062 | Final Dist 1000 = 1.033 | Init Dist = 12.806 | Init Dist 10 = 12.806 | Init Dist 100 = 12.806 | Init Dist 1000 = 12.806 | Learner Steps = 21690 | Learner Walltime = 4277.327 | Min Dist = 0.039 | Min Dist 10 = 0.224 | Min Dist 100 = 0.358 | Min Dist 1000 = 0.372 | Steps Per Second = 71.022 | Success = 1.000 | Success 1000 = 0.969
I0502 16:17:34.577977 139555013154368 terminal.py:91] [Learner] Actor Episodes = 27971 | Actor Loss = 3.60775089263916 | Actor Steps = 1398550 | Binary Accuracy = 0.9960129261016846 | Categorical Accuracy = 0.4119873046875 | Critic Loss = 1.8784589767456055 | Entropy Mean = -19.40163803100586 | Evaluator Episodes = 7089 | Evaluator Steps = 354450 | Learner Steps = 21697 | Learner Walltime = 4278.766 | Logits Neg = -16.978206634521484 | Logits Pos = -1.8429338932037354 | Logsumexp = 1.2118701934814453 | Steps Per Second = 123.939
I0502 16:17:35.182450 139558059398720 terminal.py:91] [Actor] Actor Episodes = 27970 | Actor Steps = 1398500 | Delta Dist = 7.730 | Delta Dist 10 = 4.609 | Delta Dist 100 = 4.087 | Delta Dist 1000 = 4.622 | Episode Length = 50 | Episode Return = 44.0 | Evaluator Episodes = 7089 | Evaluator Steps = 354450 | Final Dist = 0.517 | Final Dist 10 = 1.384 | Final Dist 100 = 1.478 | Final Dist 1000 = 1.292 | Init Dist = 8.246 | Init Dist 10 = 5.993 | Init Dist 100 = 5.565 | Init Dist 1000 = 5.914 | Learner Steps = 21690 | Learner Walltime = 4277.327 | Min Dist = 0.026 | Min Dist 10 = 0.080 | Min Dist 100 = 0.090 | Min Dist 1000 = 0.114 | Steps Per Second = 71.999 | Success = 1.000 | Success 1000 = 0.995
I0502 16:17:35.349452 139579566835264 terminal.py:91] [Evaluator] Actor Episodes = 27973 | Actor Steps = 1398650 | Delta Dist = 11.759 | Delta Dist 10 = 11.950 | Delta Dist 100 = 11.753 | Delta Dist 1000 = 11.775 | Episode Length = 50 | Episode Return = 15.0 | Evaluator Episodes = 7091 | Evaluator Steps = 354550 | Final Dist = 1.047 | Final Dist 10 = 0.856 | Final Dist 100 = 1.053 | Final Dist 1000 = 1.031 | Init Dist = 12.806 | Init Dist 10 = 12.806 | Init Dist 100 = 12.806 | Init Dist 1000 = 12.806 | Learner Steps = 21697 | Learner Walltime = 4278.766 | Min Dist = 0.096 | Min Dist 10 = 0.227 | Min Dist 100 = 0.356 | Min Dist 1000 = 0.372 | Steps Per Second = 73.148 | Success = 1.000 | Success 1000 = 0.969
I0502 16:17:36.424425 139579566835264 terminal.py:91] [Evaluator] Actor Episodes = 27981 | Actor Steps = 1399050 | Delta Dist = 11.414 | Delta Dist 10 = 11.944 | Delta Dist 100 = 11.737 | Delta Dist 1000 = 11.775 | Episode Length = 50 | Episode Return = 0.0 | Evaluator Episodes = 7093 | Evaluator Steps = 354650 | Final Dist = 1.393 | Final Dist 10 = 0.862 | Final Dist 100 = 1.069 | Final Dist 1000 = 1.031 | Init Dist = 12.806 | Init Dist 10 = 12.806 | Init Dist 100 = 12.806 | Init Dist 1000 = 12.806 | Learner Steps = 21703 | Learner Walltime = 4279.923 | Min Dist = 1.007 | Min Dist 10 = 0.210 | Min Dist 100 = 0.357 | Min Dist 1000 = 0.371 | Steps Per Second = 97.184 | Success = 0.000 | Success 1000 = 0.969
I0502 16:17:36.978350 139555860620864 terminal.py:91] [Actor] Actor Episodes = 27982 | Actor Steps = 1399100 | Delta Dist = 6.510 | Delta Dist 10 = 4.218 | Delta Dist 100 = 4.204 | Delta Dist 1000 = 4.628 | Episode Length = 50 | Episode Return = 13.0 | Evaluator Episodes = 7091 | Evaluator Steps = 354550 | Final Dist = 1.301 | Final Dist 10 = 1.970 | Final Dist 100 = 1.515 | Final Dist 1000 = 1.307 | Init Dist = 7.810 | Init Dist 10 = 6.188 | Init Dist 100 = 5.719 | Init Dist 1000 = 5.935 | Learner Steps = 21703 | Learner Walltime = 4279.923 | Min Dist = 0.013 | Min Dist 10 = 0.083 | Min Dist 100 = 0.078 | Min Dist 1000 = 0.114 | Steps Per Second = 79.945 | Success = 1.000 | Success 1000 = 0.995
I0502 16:17:37.461545 139557462840896 terminal.py:91] [Actor] Actor Episodes = 27984 | Actor Steps = 1399200 | Delta Dist = 4.718 | Delta Dist 10 = 5.100 | Delta Dist 100 = 4.239 | Delta Dist 1000 = 4.635 | Episode Length = 50 | Episode Return = 30.0 | Evaluator Episodes = 7093 | Evaluator Steps = 354650 | Final Dist = 0.282 | Final Dist 10 = 1.606 | Final Dist 100 = 1.548 | Final Dist 1000 = 1.304 | Init Dist = 5.000 | Init Dist 10 = 6.706 | Init Dist 100 = 5.787 | Init Dist 1000 = 5.940 | Learner Steps = 21703 | Learner Walltime = 4279.923 | Min Dist = 0.053 | Min Dist 10 = 0.113 | Min Dist 100 = 0.081 | Min Dist 1000 = 0.115 | Steps Per Second = 80.689 | Success = 1.000 | Success 1000 = 0.995
I0502 16:17:37.702195 139569349502528 terminal.py:91] [Actor] Actor Episodes = 27988 | Actor Steps = 1399400 | Delta Dist = 2.585 | Delta Dist 10 = 4.705 | Delta Dist 100 = 4.110 | Delta Dist 1000 = 4.637 | Episode Length = 50 | Episode Return = 23.0 | Evaluator Episodes = 7093 | Evaluator Steps = 354650 | Final Dist = 1.415 | Final Dist 10 = 1.666 | Final Dist 100 = 1.540 | Final Dist 1000 = 1.297 | Init Dist = 4.000 | Init Dist 10 = 6.370 | Init Dist 100 = 5.649 | Init Dist 1000 = 5.934 | Learner Steps = 21709 | Learner Walltime = 4281.150 | Min Dist = 0.121 | Min Dist 10 = 0.115 | Min Dist 100 = 0.080 | Min Dist 1000 = 0.115 | Steps Per Second = 74.668 | Success = 1.000 | Success 1000 = 0.995
I0502 16:17:37.763241 139579566835264 terminal.py:91] [Evaluator] Actor Episodes = 27989 | Actor Steps = 1399450 | Delta Dist = 12.224 | Delta Dist 10 = 11.927 | Delta Dist 100 = 11.732 | Delta Dist 1000 = 11.774 | Episode Length = 50 | Episode Return = 23.0 | Evaluator Episodes = 7095 | Evaluator Steps = 354750 | Final Dist = 0.582 | Final Dist 10 = 0.879 | Final Dist 100 = 1.074 | Final Dist 1000 = 1.033 | Init Dist = 12.806 | Init Dist 10 = 12.806 | Init Dist 100 = 12.806 | Init Dist 1000 = 12.806 | Learner Steps = 21709 | Learner Walltime = 4281.150 | Min Dist = 0.209 | Min Dist 10 = 0.257 | Min Dist 100 = 0.366 | Min Dist 1000 = 0.372 | Steps Per Second = 74.255 | Success = 1.000 | Success 1000 = 0.968
I0502 16:17:39.101443 139579566835264 terminal.py:91] [Evaluator] Actor Episodes = 27997 | Actor Steps = 1399850 | Delta Dist = 11.431 | Delta Dist 10 = 11.981 | Delta Dist 100 = 11.731 | Delta Dist 1000 = 11.773 | Episode Length = 50 | Episode Return = 12.0 | Evaluator Episodes = 7097 | Evaluator Steps = 354850 | Final Dist = 1.375 | Final Dist 10 = 0.825 | Final Dist 100 = 1.075 | Final Dist 1000 = 1.033 | Init Dist = 12.806 | Init Dist 10 = 12.806 | Init Dist 100 = 12.806 | Init Dist 1000 = 12.806 | Learner Steps = 21716 | Learner Walltime = 4282.589 | Min Dist = 0.143 | Min Dist 10 = 0.258 | Min Dist 100 = 0.366 | Min Dist 1000 = 0.371 | Steps Per Second = 75.043 | Success = 1.000 | Success 1000 = 0.968
I0502 16:17:40.404709 139579566835264 terminal.py:91] [Evaluator] Actor Episodes = 28005 | Actor Steps = 1400250 | Delta Dist = 12.493 | Delta Dist 10 = 11.927 | Delta Dist 100 = 11.723 | Delta Dist 1000 = 11.773 | Episode Length = 50 | Episode Return = 11.0 | Evaluator Episodes = 7099 | Evaluator Steps = 354950 | Final Dist = 0.313 | Final Dist 10 = 0.879 | Final Dist 100 = 1.083 | Final Dist 1000 = 1.033 | Init Dist = 12.806 | Init Dist 10 = 12.806 | Init Dist 100 = 12.806 | Init Dist 1000 = 12.806 | Learner Steps = 21722 | Learner Walltime = 4283.824 | Min Dist = 0.291 | Min Dist 10 = 0.285 | Min Dist 100 = 0.373 | Min Dist 1000 = 0.372 | Steps Per Second = 72.447 | Success = 1.000 | Success 1000 = 0.968
I0502 16:17:41.706762 139579566835264 terminal.py:91] [Evaluator] Actor Episodes = 28013 | Actor Steps = 1400650 | Delta Dist = 5.920 | Delta Dist 10 = 11.865 | Delta Dist 100 = 11.738 | Delta Dist 1000 = 11.774 | Episode Length = 50 | Episode Return = 0.0 | Evaluator Episodes = 7101 | Evaluator Steps = 355050 | Final Dist = 6.886 | Final Dist 10 = 0.941 | Final Dist 100 = 1.068 | Final Dist 1000 = 1.032 | Init Dist = 12.806 | Init Dist 10 = 12.806 | Init Dist 100 = 12.806 | Init Dist 1000 = 12.806 | Learner Steps = 21729 | Learner Walltime = 4285.127 | Min Dist = 5.344 | Min Dist 10 = 0.293 | Min Dist 100 = 0.373 | Min Dist 1000 = 0.372 | Steps Per Second = 74.152 | Success = 0.000 | Success 1000 = 0.968
I0502 16:17:42.876605 139584504182336 lp_utils.py:96] StepsLimiter: Reached 1400950 recorded steps
I0502 16:17:43.071283 139579566835264 terminal.py:91] [Evaluator] Actor Episodes = 28019 | Actor Steps = 1400950 | Delta Dist = 12.718 | Delta Dist 10 = 11.374 | Delta Dist 100 = 11.685 | Delta Dist 1000 = 11.773 | Episode Length = 50 | Episode Return = 32.0 | Evaluator Episodes = 7103 | Evaluator Steps = 355150 | Final Dist = 0.088 | Final Dist 10 = 1.432 | Final Dist 100 = 1.121 | Final Dist 1000 = 1.033 | Init Dist = 12.806 | Init Dist 10 = 12.806 | Init Dist 100 = 12.806 | Init Dist 1000 = 12.806 | Learner Steps = 21734 | Learner Walltime = 4286.307 | Min Dist = 0.041 | Min Dist 10 = 0.819 | Min Dist 100 = 0.423 | Min Dist 1000 = 0.371 | Steps Per Second = 74.114 | Success = 1.000 | Success 1000 = 0.968
I0502 16:17:44.356054 139579566835264 terminal.py:91] [Evaluator] Actor Episodes = 28027 | Actor Steps = 1401350 | Delta Dist = 4.641 | Delta Dist 10 = 11.483 | Delta Dist 100 = 11.692 | Delta Dist 1000 = 11.774 | Episode Length = 50 | Episode Return = 0.0 | Evaluator Episodes = 7105 | Evaluator Steps = 355250 | Final Dist = 8.166 | Final Dist 10 = 1.323 | Final Dist 100 = 1.114 | Final Dist 1000 = 1.032 | Init Dist = 12.806 | Init Dist 10 = 12.806 | Init Dist 100 = 12.806 | Init Dist 1000 = 12.806 | Learner Steps = 21745 | Learner Walltime = 4288.452 | Min Dist = 6.337 | Min Dist 10 = 0.747 | Min Dist 100 = 0.423 | Min Dist 1000 = 0.371 | Steps Per Second = 78.569 | Success = 0.000 | Success 1000 = 0.968
I0502 16:17:44.863986 139555013154368 terminal.py:91] [Learner] Actor Episodes = 28027 | Actor Loss = 3.6585335731506348 | Actor Steps = 1401350 | Binary Accuracy = 0.9960417747497559 | Categorical Accuracy = 0.42120361328125 | Critic Loss = 1.8175556659698486 | Entropy Mean = -19.234792709350586 | Evaluator Episodes = 7103 | Evaluator Steps = 355150 | Learner Steps = 21747 | Learner Walltime = 4289.062 | Logits Neg = -16.962276458740234 | Logits Pos = -1.7906039953231812 | Logsumexp = 1.1563904285430908 | Steps Per Second = 165.857
I0502 16:17:45.301475 139558059398720 terminal.py:91] [Actor] Actor Episodes = 28032 | Actor Steps = 1401600 | Delta Dist = 5.364 | Delta Dist 10 = 4.948 | Delta Dist 100 = 4.304 | Delta Dist 1000 = 4.606 | Episode Length = 50 | Episode Return = 46.0 | Evaluator Episodes = 7105 | Evaluator Steps = 355250 | Final Dist = 0.719 | Final Dist 10 = 1.042 | Final Dist 100 = 1.299 | Final Dist 1000 = 1.284 | Init Dist = 6.083 | Init Dist 10 = 5.991 | Init Dist 100 = 5.602 | Init Dist 1000 = 5.890 | Learner Steps = 21745 | Learner Walltime = 4288.452 | Min Dist = 0.047 | Min Dist 10 = 0.081 | Min Dist 100 = 0.085 | Min Dist 1000 = 0.108 | Steps Per Second = 78.232 | Success = 1.000 | Success 1000 = 0.996
I0502 16:17:45.683299 139579566835264 terminal.py:91] [Evaluator] Actor Episodes = 28035 | Actor Steps = 1401750 | Delta Dist = 11.291 | Delta Dist 10 = 10.703 | Delta Dist 100 = 11.619 | Delta Dist 1000 = 11.772 | Episode Length = 50 | Episode Return = 16.0 | Evaluator Episodes = 7107 | Evaluator Steps = 355350 | Final Dist = 1.515 | Final Dist 10 = 2.103 | Final Dist 100 = 1.188 | Final Dist 1000 = 1.034 | Init Dist = 12.806 | Init Dist 10 = 12.806 | Init Dist 100 = 12.806 | Init Dist 1000 = 12.806 | Learner Steps = 21750 | Learner Walltime = 4289.625 | Min Dist = 0.163 | Min Dist 10 = 1.377 | Min Dist 100 = 0.486 | Min Dist 1000 = 0.372 | Steps Per Second = 80.215 | Success = 1.000 | Success 1000 = 0.968
I0502 16:17:46.739914 139579566835264 terminal.py:91] [Evaluator] Actor Episodes = 28043 | Actor Steps = 1402150 | Delta Dist = 11.323 | Delta Dist 10 = 10.625 | Delta Dist 100 = 11.604 | Delta Dist 1000 = 11.776 | Episode Length = 50 | Episode Return = 4.0 | Evaluator Episodes = 7109 | Evaluator Steps = 355450 | Final Dist = 1.483 | Final Dist 10 = 2.181 | Final Dist 100 = 1.202 | Final Dist 1000 = 1.030 | Init Dist = 12.806 | Init Dist 10 = 12.806 | Init Dist 100 = 12.806 | Init Dist 1000 = 12.806 | Learner Steps = 21755 | Learner Walltime = 4290.644 | Min Dist = 0.564 | Min Dist 10 = 1.340 | Min Dist 100 = 0.489 | Min Dist 1000 = 0.366 | Steps Per Second = 97.878 | Success = 1.000 | Success 1000 = 0.969
I0502 16:17:47.402907 139555860620864 terminal.py:91] [Actor] Actor Episodes = 28046 | Actor Steps = 1402300 | Delta Dist = 6.142 | Delta Dist 10 = 3.789 | Delta Dist 100 = 4.199 | Delta Dist 1000 = 4.575 | Episode Length = 50 | Episode Return = 23.0 | Evaluator Episodes = 7109 | Evaluator Steps = 355450 | Final Dist = 0.183 | Final Dist 10 = 1.737 | Final Dist 100 = 1.441 | Final Dist 1000 = 1.302 | Init Dist = 6.325 | Init Dist 10 = 5.526 | Init Dist 100 = 5.639 | Init Dist 1000 = 5.877 | Learner Steps = 21755 | Learner Walltime = 4290.644 | Min Dist = 0.081 | Min Dist 10 = 0.063 | Min Dist 100 = 0.088 | Min Dist 1000 = 0.108 | Steps Per Second = 82.134 | Success = 1.000 | Success 1000 = 0.996
I0502 16:17:47.773098 139557462840896 terminal.py:91] [Actor] Actor Episodes = 28050 | Actor Steps = 1402500 | Delta Dist = -1.993 | Delta Dist 10 = 3.715 | Delta Dist 100 = 4.163 | Delta Dist 1000 = 4.570 | Episode Length = 50 | Episode Return = 0.0 | Evaluator Episodes = 7109 | Evaluator Steps = 355450 | Final Dist = 2.993 | Final Dist 10 = 1.367 | Final Dist 100 = 1.466 | Final Dist 1000 = 1.306 | Init Dist = 1.000 | Init Dist 10 = 5.082 | Init Dist 100 = 5.629 | Init Dist 1000 = 5.876 | Learner Steps = 21755 | Learner Walltime = 4290.644 | Min Dist = 0.076 | Min Dist 10 = 0.072 | Min Dist 100 = 0.089 | Min Dist 1000 = 0.108 | Steps Per Second = 81.712 | Success = 1.000 | Success 1000 = 0.996
I0502 16:17:47.928843 139579566835264 terminal.py:91] [Evaluator] Actor Episodes = 28053 | Actor Steps = 1402650 | Delta Dist = 11.584 | Delta Dist 10 = 10.470 | Delta Dist 100 = 11.601 | Delta Dist 1000 = 11.774 | Episode Length = 50 | Episode Return = 10.0 | Evaluator Episodes = 7111 | Evaluator Steps = 355550 | Final Dist = 1.222 | Final Dist 10 = 2.336 | Final Dist 100 = 1.206 | Final Dist 1000 = 1.032 | Init Dist = 12.806 | Init Dist 10 = 12.806 | Init Dist 100 = 12.806 | Init Dist 1000 = 12.806 | Learner Steps = 21761 | Learner Walltime = 4291.698 | Min Dist = 0.209 | Min Dist 10 = 1.368 | Min Dist 100 = 0.486 | Min Dist 1000 = 0.367 | Steps Per Second = 87.318 | Success = 1.000 | Success 1000 = 0.969
I0502 16:17:48.127289 139569349502528 terminal.py:91] [Actor] Actor Episodes = 28052 | Actor Steps = 1402600 | Delta Dist = 9.964 | Delta Dist 10 = 3.905 | Delta Dist 100 = 4.113 | Delta Dist 1000 = 4.567 | Episode Length = 50 | Episode Return = 44.0 | Evaluator Episodes = 7109 | Evaluator Steps = 355450 | Final Dist = 0.331 | Final Dist 10 = 1.561 | Final Dist 100 = 1.503 | Final Dist 1000 = 1.311 | Init Dist = 10.296 | Init Dist 10 = 5.466 | Init Dist 100 = 5.615 | Init Dist 1000 = 5.878 | Learner Steps = 21755 | Learner Walltime = 4290.644 | Min Dist = 0.015 | Min Dist 10 = 0.089 | Min Dist 100 = 0.090 | Min Dist 1000 = 0.108 | Steps Per Second = 76.951 | Success = 1.000 | Success 1000 = 0.996
I0502 16:17:49.176382 139579566835264 terminal.py:91] [Evaluator] Actor Episodes = 28061 | Actor Steps = 1403050 | Delta Dist = 11.561 | Delta Dist 10 = 10.928 | Delta Dist 100 = 11.593 | Delta Dist 1000 = 11.773 | Episode Length = 50 | Episode Return = 8.0 | Evaluator Episodes = 7113 | Evaluator Steps = 355650 | Final Dist = 1.246 | Final Dist 10 = 1.879 | Final Dist 100 = 1.213 | Final Dist 1000 = 1.033 | Init Dist = 12.806 | Init Dist 10 = 12.806 | Init Dist 100 = 12.806 | Init Dist 1000 = 12.806 | Learner Steps = 21767 | Learner Walltime = 4292.918 | Min Dist = 0.128 | Min Dist 10 = 0.841 | Min Dist 100 = 0.487 | Min Dist 1000 = 0.366 | Steps Per Second = 85.729 | Success = 1.000 | Success 1000 = 0.969
I0502 16:17:50.450176 139579566835264 terminal.py:91] [Evaluator] Actor Episodes = 28069 | Actor Steps = 1403450 | Delta Dist = 5.974 | Delta Dist 10 = 10.897 | Delta Dist 100 = 11.603 | Delta Dist 1000 = 11.773 | Episode Length = 50 | Episode Return = 0.0 | Evaluator Episodes = 7115 | Evaluator Steps = 355750 | Final Dist = 6.832 | Final Dist 10 = 1.909 | Final Dist 100 = 1.204 | Final Dist 1000 = 1.034 | Init Dist = 12.806 | Init Dist 10 = 12.806 | Init Dist 100 = 12.806 | Init Dist 1000 = 12.806 | Learner Steps = 21773 | Learner Walltime = 4294.049 | Min Dist = 5.548 | Min Dist 10 = 0.818 | Min Dist 100 = 0.489 | Min Dist 1000 = 0.367 | Steps Per Second = 76.009 | Success = 0.000 | Success 1000 = 0.969
I0502 16:17:51.528825 139579566835264 terminal.py:91] [Evaluator] Actor Episodes = 28075 | Actor Steps = 1403750 | Delta Dist = 11.454 | Delta Dist 10 = 10.986 | Delta Dist 100 = 11.545 | Delta Dist 1000 = 11.766 | Episode Length = 50 | Episode Return = 1.0 | Evaluator Episodes = 7117 | Evaluator Steps = 355850 | Final Dist = 1.352 | Final Dist 10 = 1.821 | Final Dist 100 = 1.262 | Final Dist 1000 = 1.040 | Init Dist = 12.806 | Init Dist 10 = 12.806 | Init Dist 100 = 12.806 | Init Dist 1000 = 12.806 | Learner Steps = 21778 | Learner Walltime = 4295.057 | Min Dist = 0.262 | Min Dist 10 = 0.737 | Min Dist 100 = 0.539 | Min Dist 1000 = 0.372 | Steps Per Second = 103.156 | Success = 1.000 | Success 1000 = 0.968
I0502 16:17:52.780991 139579566835264 terminal.py:91] [Evaluator] Actor Episodes = 28085 | Actor Steps = 1404250 | Delta Dist = 11.226 | Delta Dist 10 = 11.069 | Delta Dist 100 = 11.546 | Delta Dist 1000 = 11.766 | Episode Length = 50 | Episode Return = 19.0 | Evaluator Episodes = 7119 | Evaluator Steps = 355950 | Final Dist = 1.580 | Final Dist 10 = 1.737 | Final Dist 100 = 1.261 | Final Dist 1000 = 1.040 | Init Dist = 12.806 | Init Dist 10 = 12.806 | Init Dist 100 = 12.806 | Init Dist 1000 = 12.806 | Learner Steps = 21786 | Learner Walltime = 4296.526 | Min Dist = 0.204 | Min Dist 10 = 0.741 | Min Dist 100 = 0.539 | Min Dist 1000 = 0.372 | Steps Per Second = 74.278 | Success = 1.000 | Success 1000 = 0.968
I0502 16:17:52.893304 139584504182336 lp_utils.py:96] StepsLimiter: Reached 1404250 recorded steps
I0502 16:17:54.070832 139579566835264 terminal.py:91] [Evaluator] Actor Episodes = 28093 | Actor Steps = 1404650 | Delta Dist = 11.804 | Delta Dist 10 = 11.176 | Delta Dist 100 = 11.561 | Delta Dist 1000 = 11.767 | Episode Length = 50 | Episode Return = 16.0 | Evaluator Episodes = 7121 | Evaluator Steps = 356050 | Final Dist = 1.002 | Final Dist 10 = 1.630 | Final Dist 100 = 1.246 | Final Dist 1000 = 1.039 | Init Dist = 12.806 | Init Dist 10 = 12.806 | Init Dist 100 = 12.806 | Init Dist 1000 = 12.806 | Learner Steps = 21791 | Learner Walltime = 4297.588 | Min Dist = 0.187 | Min Dist 10 = 0.700 | Min Dist 100 = 0.517 | Min Dist 1000 = 0.372 | Steps Per Second = 80.182 | Success = 1.000 | Success 1000 = 0.968
I0502 16:17:54.957427 139555013154368 terminal.py:91] [Learner] Actor Episodes = 28095 | Actor Loss = 3.652998924255371 | Actor Steps = 1404750 | Binary Accuracy = 0.9960761070251465 | Categorical Accuracy = 0.41815185546875 | Critic Loss = 1.843442678451538 | Entropy Mean = -17.95366668701172 | Evaluator Episodes = 7121 | Evaluator Steps = 356050 | Learner Steps = 21799 | Learner Walltime = 4299.152 | Logits Neg = -16.678979873657227 | Logits Pos = -1.812030553817749 | Logsumexp = 1.14129638671875 | Steps Per Second = 273.628
I0502 16:17:55.280259 139579566835264 terminal.py:91] [Evaluator] Actor Episodes = 28101 | Actor Steps = 1405050 | Delta Dist = 11.526 | Delta Dist 10 = 11.252 | Delta Dist 100 = 11.548 | Delta Dist 1000 = 11.766 | Episode Length = 50 | Episode Return = 18.0 | Evaluator Episodes = 7123 | Evaluator Steps = 356150 | Final Dist = 1.281 | Final Dist 10 = 1.554 | Final Dist 100 = 1.258 | Final Dist 1000 = 1.041 | Init Dist = 12.806 | Init Dist 10 = 12.806 | Init Dist 100 = 12.806 | Init Dist 1000 = 12.806 | Learner Steps = 21797 | Learner Walltime = 4298.617 | Min Dist = 0.104 | Min Dist 10 = 0.694 | Min Dist 100 = 0.516 | Min Dist 1000 = 0.371 | Steps Per Second = 88.280 | Success = 1.000 | Success 1000 = 0.968
I0502 16:17:55.579381 139558059398720 terminal.py:91] [Actor] Actor Episodes = 28103 | Actor Steps = 1405150 | Delta Dist = 7.428 | Delta Dist 10 = 5.400 | Delta Dist 100 = 4.200 | Delta Dist 1000 = 4.579 | Episode Length = 50 | Episode Return = 33.0 | Evaluator Episodes = 7123 | Evaluator Steps = 356150 | Final Dist = 0.634 | Final Dist 10 = 1.281 | Final Dist 100 = 1.383 | Final Dist 1000 = 1.308 | Init Dist = 8.062 | Init Dist 10 = 6.681 | Init Dist 100 = 5.584 | Init Dist 1000 = 5.887 | Learner Steps = 21797 | Learner Walltime = 4298.617 | Min Dist = 0.016 | Min Dist 10 = 0.094 | Min Dist 100 = 0.091 | Min Dist 1000 = 0.109 | Steps Per Second = 79.925 | Success = 1.000 | Success 1000 = 0.996
I0502 16:17:56.490942 139579566835264 terminal.py:91] [Evaluator] Actor Episodes = 28109 | Actor Steps = 1405450 | Delta Dist = 11.467 | Delta Dist 10 = 11.156 | Delta Dist 100 = 11.611 | Delta Dist 1000 = 11.765 | Episode Length = 50 | Episode Return = 15.0 | Evaluator Episodes = 7125 | Evaluator Steps = 356250 | Final Dist = 1.339 | Final Dist 10 = 1.651 | Final Dist 100 = 1.195 | Final Dist 1000 = 1.041 | Init Dist = 12.806 | Init Dist 10 = 12.806 | Init Dist 100 = 12.806 | Init Dist 1000 = 12.806 | Learner Steps = 21803 | Learner Walltime = 4299.905 | Min Dist = 0.135 | Min Dist 10 = 0.695 | Min Dist 100 = 0.443 | Min Dist 1000 = 0.371 | Steps Per Second = 82.727 | Success = 1.000 | Success 1000 = 0.968
I0502 16:17:57.527882 139555860620864 terminal.py:91] [Actor] Actor Episodes = 28117 | Actor Steps = 1405850 | Delta Dist = 5.977 | Delta Dist 10 = 4.706 | Delta Dist 100 = 4.314 | Delta Dist 1000 = 4.562 | Episode Length = 50 | Episode Return = 22.0 | Evaluator Episodes = 7125 | Evaluator Steps = 356250 | Final Dist = 0.106 | Final Dist 10 = 2.072 | Final Dist 100 = 1.447 | Final Dist 1000 = 1.323 | Init Dist = 6.083 | Init Dist 10 = 6.778 | Init Dist 100 = 5.761 | Init Dist 1000 = 5.885 | Learner Steps = 21809 | Learner Walltime = 4301.071 | Min Dist = 0.090 | Min Dist 10 = 0.053 | Min Dist 100 = 0.084 | Min Dist 1000 = 0.108 | Steps Per Second = 85.718 | Success = 1.000 | Success 1000 = 0.996
I0502 16:17:57.634011 139579566835264 terminal.py:91] [Evaluator] Actor Episodes = 28117 | Actor Steps = 1405850 | Delta Dist = 12.095 | Delta Dist 10 = 11.796 | Delta Dist 100 = 11.680 | Delta Dist 1000 = 11.771 | Episode Length = 50 | Episode Return = 24.0 | Evaluator Episodes = 7127 | Evaluator Steps = 356350 | Final Dist = 0.712 | Final Dist 10 = 1.011 | Final Dist 100 = 1.126 | Final Dist 1000 = 1.036 | Init Dist = 12.806 | Init Dist 10 = 12.806 | Init Dist 100 = 12.806 | Init Dist 1000 = 12.806 | Learner Steps = 21809 | Learner Walltime = 4301.071 | Min Dist = 0.298 | Min Dist 10 = 0.168 | Min Dist 100 = 0.379 | Min Dist 1000 = 0.366 | Steps Per Second = 86.127 | Success = 1.000 | Success 1000 = 0.969
I0502 16:17:58.409601 139557462840896 terminal.py:91] [Actor] Actor Episodes = 28121 | Actor Steps = 1406050 | Delta Dist = 7.895 | Delta Dist 10 = 3.838 | Delta Dist 100 = 4.348 | Delta Dist 1000 = 4.558 | Episode Length = 50 | Episode Return = 27.0 | Evaluator Episodes = 7127 | Evaluator Steps = 356350 | Final Dist = 1.539 | Final Dist 10 = 2.114 | Final Dist 100 = 1.467 | Final Dist 1000 = 1.324 | Init Dist = 9.434 | Init Dist 10 = 5.952 | Init Dist 100 = 5.815 | Init Dist 1000 = 5.882 | Learner Steps = 21815 | Learner Walltime = 4302.238 | Min Dist = 0.032 | Min Dist 10 = 0.060 | Min Dist 100 = 0.083 | Min Dist 1000 = 0.108 | Steps Per Second = 72.217 | Success = 1.000 | Success 1000 = 0.996
I0502 16:17:58.496275 139569349502528 terminal.py:91] [Actor] Actor Episodes = 28123 | Actor Steps = 1406150 | Delta Dist = 10.899 | Delta Dist 10 = 4.727 | Delta Dist 100 = 4.360 | Delta Dist 1000 = 4.561 | Episode Length = 50 | Episode Return = 39.0 | Evaluator Episodes = 7127 | Evaluator Steps = 356350 | Final Dist = 1.907 | Final Dist 10 = 1.407 | Final Dist 100 = 1.469 | Final Dist 1000 = 1.324 | Init Dist = 12.806 | Init Dist 10 = 6.134 | Init Dist 100 = 5.829 | Init Dist 1000 = 5.886 | Learner Steps = 21815 | Learner Walltime = 4302.238 | Min Dist = 0.065 | Min Dist 10 = 0.059 | Min Dist 100 = 0.082 | Min Dist 1000 = 0.107 | Steps Per Second = 78.086 | Success = 1.000 | Success 1000 = 0.996
I0502 16:17:58.836785 139579566835264 terminal.py:91] [Evaluator] Actor Episodes = 28125 | Actor Steps = 1406250 | Delta Dist = 11.667 | Delta Dist 10 = 11.806 | Delta Dist 100 = 11.682 | Delta Dist 1000 = 11.770 | Episode Length = 50 | Episode Return = 22.0 | Evaluator Episodes = 7129 | Evaluator Steps = 356450 | Final Dist = 1.139 | Final Dist 10 = 1.000 | Final Dist 100 = 1.124 | Final Dist 1000 = 1.036 | Init Dist = 12.806 | Init Dist 10 = 12.806 | Init Dist 100 = 12.806 | Init Dist 1000 = 12.806 | Learner Steps = 21815 | Learner Walltime = 4302.238 | Min Dist = 0.055 | Min Dist 10 = 0.191 | Min Dist 100 = 0.381 | Min Dist 1000 = 0.367 | Steps Per Second = 89.639 | Success = 1.000 | Success 1000 = 0.969
I0502 16:17:59.999548 139579566835264 terminal.py:91] [Evaluator] Actor Episodes = 28133 | Actor Steps = 1406650 | Delta Dist = 12.388 | Delta Dist 10 = 11.769 | Delta Dist 100 = 11.673 | Delta Dist 1000 = 11.771 | Episode Length = 50 | Episode Return = 20.0 | Evaluator Episodes = 7131 | Evaluator Steps = 356550 | Final Dist = 0.418 | Final Dist 10 = 1.037 | Final Dist 100 = 1.133 | Final Dist 1000 = 1.036 | Init Dist = 12.806 | Init Dist 10 = 12.806 | Init Dist 100 = 12.806 | Init Dist 1000 = 12.806 | Learner Steps = 21820 | Learner Walltime = 4303.301 | Min Dist = 0.220 | Min Dist 10 = 0.203 | Min Dist 100 = 0.380 | Min Dist 1000 = 0.367 | Steps Per Second = 80.689 | Success = 1.000 | Success 1000 = 0.969
I0502 16:18:01.284072 139579566835264 terminal.py:91] [Evaluator] Actor Episodes = 28141 | Actor Steps = 1407050 | Delta Dist = 12.285 | Delta Dist 10 = 11.862 | Delta Dist 100 = 11.683 | Delta Dist 1000 = 11.777 | Episode Length = 50 | Episode Return = 17.0 | Evaluator Episodes = 7133 | Evaluator Steps = 356650 | Final Dist = 0.521 | Final Dist 10 = 0.944 | Final Dist 100 = 1.123 | Final Dist 1000 = 1.030 | Init Dist = 12.806 | Init Dist 10 = 12.806 | Init Dist 100 = 12.806 | Init Dist 1000 = 12.806 | Learner Steps = 21827 | Learner Walltime = 4304.658 | Min Dist = 0.110 | Min Dist 10 = 0.218 | Min Dist 100 = 0.380 | Min Dist 1000 = 0.361 | Steps Per Second = 81.655 | Success = 1.000 | Success 1000 = 0.970
I0502 16:18:01.703776 139584635659840 savers.py:156] Saving checkpoint: logs/contrastive_cpc_point_FourRooms_64/5dd72662-2788-11f0-b183-d85ed38c5779/checkpoints/counter
I0502 16:18:02.479594 139579566835264 terminal.py:91] [Evaluator] Actor Episodes = 28149 | Actor Steps = 1407450 | Delta Dist = 11.429 | Delta Dist 10 = 12.033 | Delta Dist 100 = 11.690 | Delta Dist 1000 = 11.785 | Episode Length = 50 | Episode Return = 23.0 | Evaluator Episodes = 7135 | Evaluator Steps = 356750 | Final Dist = 1.377 | Final Dist 10 = 0.774 | Final Dist 100 = 1.116 | Final Dist 1000 = 1.021 | Init Dist = 12.806 | Init Dist 10 = 12.806 | Init Dist 100 = 12.806 | Init Dist 1000 = 12.806 | Learner Steps = 21833 | Learner Walltime = 4305.812 | Min Dist = 0.139 | Min Dist 10 = 0.225 | Min Dist 100 = 0.379 | Min Dist 1000 = 0.354 | Steps Per Second = 87.302 | Success = 1.000 | Success 1000 = 0.971
I0502 16:18:02.910869 139584504182336 lp_utils.py:96] StepsLimiter: Reached 1407450 recorded steps
I0502 16:18:03.606639 139579566835264 terminal.py:91] [Evaluator] Actor Episodes = 28157 | Actor Steps = 1407850 | Delta Dist = 11.962 | Delta Dist 10 = 12.055 | Delta Dist 100 = 11.695 | Delta Dist 1000 = 11.785 | Episode Length = 50 | Episode Return = 21.0 | Evaluator Episodes = 7137 | Evaluator Steps = 356850 | Final Dist = 0.844 | Final Dist 10 = 0.751 | Final Dist 100 = 1.112 | Final Dist 1000 = 1.021 | Init Dist = 12.806 | Init Dist 10 = 12.806 | Init Dist 100 = 12.806 | Init Dist 1000 = 12.806 | Learner Steps = 21839 | Learner Walltime = 4307.096 | Min Dist = 0.140 | Min Dist 10 = 0.206 | Min Dist 100 = 0.378 | Min Dist 1000 = 0.354 | Steps Per Second = 93.746 | Success = 1.000 | Success 1000 = 0.971
I0502 16:18:04.713779 139579566835264 terminal.py:91] [Evaluator] Actor Episodes = 28163 | Actor Steps = 1408150 | Delta Dist = 12.342 | Delta Dist 10 = 12.068 | Delta Dist 100 = 11.687 | Delta Dist 1000 = 11.784 | Episode Length = 50 | Episode Return = 13.0 | Evaluator Episodes = 7139 | Evaluator Steps = 356950 | Final Dist = 0.464 | Final Dist 10 = 0.738 | Final Dist 100 = 1.119 | Final Dist 1000 = 1.022 | Init Dist = 12.806 | Init Dist 10 = 12.806 | Init Dist 100 = 12.806 | Init Dist 1000 = 12.806 | Learner Steps = 21846 | Learner Walltime = 4308.238 | Min Dist = 0.138 | Min Dist 10 = 0.157 | Min Dist 100 = 0.379 | Min Dist 1000 = 0.354 | Steps Per Second = 88.264 | Success = 1.000 | Success 1000 = 0.971
I0502 16:18:05.264290 139555013154368 terminal.py:91] [Learner] Actor Episodes = 28167 | Actor Loss = 3.5746896266937256 | Actor Steps = 1408350 | Binary Accuracy = 0.9961044788360596 | Categorical Accuracy = 0.44342041015625 | Critic Loss = 1.7303926944732666 | Entropy Mean = -20.347518920898438 | Evaluator Episodes = 7139 | Evaluator Steps = 356950 | Learner Steps = 21851 | Learner Walltime = 4309.451 | Logits Neg = -17.428874969482422 | Logits Pos = -1.706966519355774 | Logsumexp = 1.0548200607299805 | Steps Per Second = 110.356
I0502 16:18:05.847788 139558059398720 terminal.py:91] [Actor] Actor Episodes = 28168 | Actor Steps = 1408400 | Delta Dist = 9.744 | Delta Dist 10 = 5.198 | Delta Dist 100 = 4.467 | Delta Dist 1000 = 4.535 | Episode Length = 50 | Episode Return = 12.0 | Evaluator Episodes = 7139 | Evaluator Steps = 356950 | Final Dist = 0.105 | Final Dist 10 = 0.684 | Final Dist 100 = 1.291 | Final Dist 1000 = 1.356 | Init Dist = 9.849 | Init Dist 10 = 5.882 | Init Dist 100 = 5.759 | Init Dist 1000 = 5.890 | Learner Steps = 21846 | Learner Walltime = 4308.238 | Min Dist = 0.105 | Min Dist 10 = 0.139 | Min Dist 100 = 0.109 | Min Dist 1000 = 0.106 | Steps Per Second = 78.585 | Success = 1.000 | Success 1000 = 0.995
I0502 16:18:06.030394 139579566835264 terminal.py:91] [Evaluator] Actor Episodes = 28173 | Actor Steps = 1408650 | Delta Dist = 12.402 | Delta Dist 10 = 12.119 | Delta Dist 100 = 11.688 | Delta Dist 1000 = 11.785 | Episode Length = 50 | Episode Return = 11.0 | Evaluator Episodes = 7141 | Evaluator Steps = 357050 | Final Dist = 0.404 | Final Dist 10 = 0.688 | Final Dist 100 = 1.118 | Final Dist 1000 = 1.022 | Init Dist = 12.806 | Init Dist 10 = 12.806 | Init Dist 100 = 12.806 | Init Dist 1000 = 12.806 | Learner Steps = 21851 | Learner Walltime = 4309.451 | Min Dist = 0.046 | Min Dist 10 = 0.148 | Min Dist 100 = 0.378 | Min Dist 1000 = 0.354 | Steps Per Second = 77.877 | Success = 1.000 | Success 1000 = 0.971
I0502 16:18:07.043844 139583350109760 savers.py:156] Saving checkpoint: logs/contrastive_cpc_point_FourRooms_64/5dd72662-2788-11f0-b183-d85ed38c5779/checkpoints/learner
I0502 16:18:07.644042 139579566835264 terminal.py:91] [Evaluator] Actor Episodes = 28181 | Actor Steps = 1409050 | Delta Dist = 11.448 | Delta Dist 10 = 12.083 | Delta Dist 100 = 11.687 | Delta Dist 1000 = 11.785 | Episode Length = 50 | Episode Return = 16.0 | Evaluator Episodes = 7143 | Evaluator Steps = 357150 | Final Dist = 1.358 | Final Dist 10 = 0.723 | Final Dist 100 = 1.119 | Final Dist 1000 = 1.021 | Init Dist = 12.806 | Init Dist 10 = 12.806 | Init Dist 100 = 12.806 | Init Dist 1000 = 12.806 | Learner Steps = 21858 | Learner Walltime = 4310.760 | Min Dist = 0.350 | Min Dist 10 = 0.143 | Min Dist 100 = 0.379 | Min Dist 1000 = 0.354 | Steps Per Second = 53.249 | Success = 1.000 | Success 1000 = 0.971
I0502 16:18:08.105698 139555860620864 terminal.py:91] [Actor] Actor Episodes = 28184 | Actor Steps = 1409200 | Delta Dist = 2.634 | Delta Dist 10 = 3.351 | Delta Dist 100 = 4.421 | Delta Dist 1000 = 4.528 | Episode Length = 50 | Episode Return = 39.0 | Evaluator Episodes = 7143 | Evaluator Steps = 357150 | Final Dist = 1.366 | Final Dist 10 = 1.148 | Final Dist 100 = 1.328 | Final Dist 1000 = 1.358 | Init Dist = 4.000 | Init Dist 10 = 4.499 | Init Dist 100 = 5.749 | Init Dist 1000 = 5.886 | Learner Steps = 21862 | Learner Walltime = 4311.983 | Min Dist = 0.143 | Min Dist 10 = 0.126 | Min Dist 100 = 0.117 | Min Dist 1000 = 0.107 | Steps Per Second = 49.094 | Success = 1.000 | Success 1000 = 0.995
I0502 16:18:08.644058 139557462840896 terminal.py:91] [Actor] Actor Episodes = 28186 | Actor Steps = 1409300 | Delta Dist = 3.803 | Delta Dist 10 = 2.802 | Delta Dist 100 = 4.307 | Delta Dist 1000 = 4.520 | Episode Length = 50 | Episode Return = 36.0 | Evaluator Episodes = 7143 | Evaluator Steps = 357150 | Final Dist = 0.320 | Final Dist 10 = 2.079 | Final Dist 100 = 1.403 | Final Dist 1000 = 1.366 | Init Dist = 4.123 | Init Dist 10 = 4.882 | Init Dist 100 = 5.710 | Init Dist 1000 = 5.886 | Learner Steps = 21862 | Learner Walltime = 4311.983 | Min Dist = 0.248 | Min Dist 10 = 0.088 | Min Dist 100 = 0.118 | Min Dist 1000 = 0.106 | Steps Per Second = 86.899 | Success = 1.000 | Success 1000 = 0.995
I0502 16:18:08.817343 139569349502528 terminal.py:91] [Actor] Actor Episodes = 28188 | Actor Steps = 1409400 | Delta Dist = 1.225 | Delta Dist 10 = 2.640 | Delta Dist 100 = 4.273 | Delta Dist 1000 = 4.516 | Episode Length = 50 | Episode Return = 43.0 | Evaluator Episodes = 7143 | Evaluator Steps = 357150 | Final Dist = 0.189 | Final Dist 10 = 2.293 | Final Dist 100 = 1.415 | Final Dist 1000 = 1.367 | Init Dist = 1.414 | Init Dist 10 = 4.933 | Init Dist 100 = 5.688 | Init Dist 1000 = 5.883 | Learner Steps = 21862 | Learner Walltime = 4311.983 | Min Dist = 0.013 | Min Dist 10 = 0.111 | Min Dist 100 = 0.120 | Min Dist 1000 = 0.107 | Steps Per Second = 85.518 | Success = 1.000 | Success 1000 = 0.995
I0502 16:18:08.869564 139579566835264 terminal.py:91] [Evaluator] Actor Episodes = 28188 | Actor Steps = 1409400 | Delta Dist = 11.736 | Delta Dist 10 = 11.854 | Delta Dist 100 = 11.674 | Delta Dist 1000 = 11.784 | Episode Length = 50 | Episode Return = 18.0 | Evaluator Episodes = 7145 | Evaluator Steps = 357250 | Final Dist = 1.070 | Final Dist 10 = 0.952 | Final Dist 100 = 1.132 | Final Dist 1000 = 1.022 | Init Dist = 12.806 | Init Dist 10 = 12.806 | Init Dist 100 = 12.806 | Init Dist 1000 = 12.806 | Learner Steps = 21862 | Learner Walltime = 4311.983 | Min Dist = 0.045 | Min Dist 10 = 0.181 | Min Dist 100 = 0.381 | Min Dist 1000 = 0.354 | Steps Per Second = 86.474 | Success = 1.000 | Success 1000 = 0.971
I0502 16:18:10.018631 139579566835264 terminal.py:91] [Evaluator] Actor Episodes = 28196 | Actor Steps = 1409800 | Delta Dist = 12.614 | Delta Dist 10 = 11.847 | Delta Dist 100 = 11.676 | Delta Dist 1000 = 11.784 | Episode Length = 50 | Episode Return = 23.0 | Evaluator Episodes = 7147 | Evaluator Steps = 357350 | Final Dist = 0.193 | Final Dist 10 = 0.959 | Final Dist 100 = 1.131 | Final Dist 1000 = 1.022 | Init Dist = 12.806 | Init Dist 10 = 12.806 | Init Dist 100 = 12.806 | Init Dist 1000 = 12.806 | Learner Steps = 21870 | Learner Walltime = 4313.461 | Min Dist = 0.168 | Min Dist 10 = 0.168 | Min Dist 100 = 0.380 | Min Dist 1000 = 0.354 | Steps Per Second = 87.619 | Success = 1.000 | Success 1000 = 0.971
I0502 16:18:11.261863 139579566835264 terminal.py:91] [Evaluator] Actor Episodes = 28204 | Actor Steps = 1410200 | Delta Dist = 11.745 | Delta Dist 10 = 11.983 | Delta Dist 100 = 11.687 | Delta Dist 1000 = 11.786 | Episode Length = 50 | Episode Return = 14.0 | Evaluator Episodes = 7149 | Evaluator Steps = 357450 | Final Dist = 1.061 | Final Dist 10 = 0.824 | Final Dist 100 = 1.119 | Final Dist 1000 = 1.020 | Init Dist = 12.806 | Init Dist 10 = 12.806 | Init Dist 100 = 12.806 | Init Dist 1000 = 12.806 | Learner Steps = 21876 | Learner Walltime = 4314.617 | Min Dist = 0.189 | Min Dist 10 = 0.176 | Min Dist 100 = 0.377 | Min Dist 1000 = 0.354 | Steps Per Second = 81.881 | Success = 1.000 | Success 1000 = 0.971
I0502 16:18:12.491185 139579566835264 terminal.py:91] [Evaluator] Actor Episodes = 28212 | Actor Steps = 1410600 | Delta Dist = 11.392 | Delta Dist 10 = 11.931 | Delta Dist 100 = 11.675 | Delta Dist 1000 = 11.785 | Episode Length = 50 | Episode Return = 7.0 | Evaluator Episodes = 7151 | Evaluator Steps = 357550 | Final Dist = 1.414 | Final Dist 10 = 0.875 | Final Dist 100 = 1.131 | Final Dist 1000 = 1.021 | Init Dist = 12.806 | Init Dist 10 = 12.806 | Init Dist 100 = 12.806 | Init Dist 1000 = 12.806 | Learner Steps = 21883 | Learner Walltime = 4315.878 | Min Dist = 0.143 | Min Dist 10 = 0.200 | Min Dist 100 = 0.381 | Min Dist 1000 = 0.354 | Steps Per Second = 79.776 | Success = 1.000 | Success 1000 = 0.971
I0502 16:18:12.928106 139584504182336 lp_utils.py:96] StepsLimiter: Reached 1410700 recorded steps
I0502 16:18:13.665512 139579566835264 terminal.py:91] [Evaluator] Actor Episodes = 28220 | Actor Steps = 1411000 | Delta Dist = 12.207 | Delta Dist 10 = 11.917 | Delta Dist 100 = 11.676 | Delta Dist 1000 = 11.786 | Episode Length = 50 | Episode Return = 27.0 | Evaluator Episodes = 7153 | Evaluator Steps = 357650 | Final Dist = 0.599 | Final Dist 10 = 0.889 | Final Dist 100 = 1.130 | Final Dist 1000 = 1.021 | Init Dist = 12.806 | Init Dist 10 = 12.806 | Init Dist 100 = 12.806 | Init Dist 1000 = 12.806 | Learner Steps = 21890 | Learner Walltime = 4317.206 | Min Dist = 0.015 | Min Dist 10 = 0.193 | Min Dist 100 = 0.381 | Min Dist 1000 = 0.354 | Steps Per Second = 84.362 | Success = 1.000 | Success 1000 = 0.971
I0502 16:18:14.875574 139579566835264 terminal.py:91] [Evaluator] Actor Episodes = 28228 | Actor Steps = 1411400 | Delta Dist = 11.551 | Delta Dist 10 = 12.040 | Delta Dist 100 = 11.673 | Delta Dist 1000 = 11.786 | Episode Length = 50 | Episode Return = 8.0 | Evaluator Episodes = 7155 | Evaluator Steps = 357750 | Final Dist = 1.255 | Final Dist 10 = 0.767 | Final Dist 100 = 1.133 | Final Dist 1000 = 1.020 | Init Dist = 12.806 | Init Dist 10 = 12.806 | Init Dist 100 = 12.806 | Init Dist 1000 = 12.806 | Learner Steps = 21896 | Learner Walltime = 4318.245 | Min Dist = 0.228 | Min Dist 10 = 0.141 | Min Dist 100 = 0.376 | Min Dist 1000 = 0.353 | Steps Per Second = 89.357 | Success = 1.000 | Success 1000 = 0.971
I0502 16:18:15.534444 139555013154368 terminal.py:91] [Learner] Actor Episodes = 28230 | Actor Loss = 3.5590624809265137 | Actor Steps = 1411500 | Binary Accuracy = 0.9960806369781494 | Categorical Accuracy = 0.43255615234375 | Critic Loss = 1.7990033626556396 | Entropy Mean = -20.632829666137695 | Evaluator Episodes = 7155 | Evaluator Steps = 357750 | Learner Steps = 21903 | Learner Walltime = 4319.728 | Logits Neg = -17.238887786865234 | Logits Pos = -1.7597267627716064 | Logsumexp = 1.1549911499023438 | Steps Per Second = 204.338
I0502 16:18:16.054733 139579566835264 terminal.py:91] [Evaluator] Actor Episodes = 28234 | Actor Steps = 1411700 | Delta Dist = 11.450 | Delta Dist 10 = 11.940 | Delta Dist 100 = 11.671 | Delta Dist 1000 = 11.786 | Episode Length = 50 | Episode Return = 15.0 | Evaluator Episodes = 7157 | Evaluator Steps = 357850 | Final Dist = 1.356 | Final Dist 10 = 0.866 | Final Dist 100 = 1.135 | Final Dist 1000 = 1.020 | Init Dist = 12.806 | Init Dist 10 = 12.806 | Init Dist 100 = 12.806 | Init Dist 1000 = 12.806 | Learner Steps = 21902 | Learner Walltime = 4319.415 | Min Dist = 0.662 | Min Dist 10 = 0.219 | Min Dist 100 = 0.382 | Min Dist 1000 = 0.354 | Steps Per Second = 79.830 | Success = 1.000 | Success 1000 = 0.971
I0502 16:18:16.258277 139558059398720 terminal.py:91] [Actor] Actor Episodes = 28238 | Actor Steps = 1411900 | Delta Dist = 2.245 | Delta Dist 10 = 3.769 | Delta Dist 100 = 4.316 | Delta Dist 1000 = 4.538 | Episode Length = 50 | Episode Return = 31.0 | Evaluator Episodes = 7157 | Evaluator Steps = 357850 | Final Dist = 0.755 | Final Dist 10 = 2.417 | Final Dist 100 = 1.300 | Final Dist 1000 = 1.390 | Init Dist = 3.000 | Init Dist 10 = 6.186 | Init Dist 100 = 5.616 | Init Dist 1000 = 5.928 | Learner Steps = 21907 | Learner Walltime = 4320.427 | Min Dist = 0.001 | Min Dist 10 = 0.157 | Min Dist 100 = 0.161 | Min Dist 1000 = 0.111 | Steps Per Second = 92.406 | Success = 1.000 | Success 1000 = 0.994
I0502 16:18:17.272347 139579566835264 terminal.py:91] [Evaluator] Actor Episodes = 28244 | Actor Steps = 1412200 | Delta Dist = 11.225 | Delta Dist 10 = 11.750 | Delta Dist 100 = 11.666 | Delta Dist 1000 = 11.786 | Episode Length = 50 | Episode Return = 19.0 | Evaluator Episodes = 7159 | Evaluator Steps = 357950 | Final Dist = 1.581 | Final Dist 10 = 1.056 | Final Dist 100 = 1.141 | Final Dist 1000 = 1.021 | Init Dist = 12.806 | Init Dist 10 = 12.806 | Init Dist 100 = 12.806 | Init Dist 1000 = 12.806 | Learner Steps = 21911 | Learner Walltime = 4321.434 | Min Dist = 0.178 | Min Dist 10 = 0.261 | Min Dist 100 = 0.385 | Min Dist 1000 = 0.354 | Steps Per Second = 83.801 | Success = 1.000 | Success 1000 = 0.971
I0502 16:18:18.365399 139555860620864 terminal.py:91] [Actor] Actor Episodes = 28249 | Actor Steps = 1412450 | Delta Dist = 4.225 | Delta Dist 10 = 3.861 | Delta Dist 100 = 4.240 | Delta Dist 1000 = 4.523 | Episode Length = 50 | Episode Return = 49.0 | Evaluator Episodes = 7159 | Evaluator Steps = 357950 | Final Dist = 0.247 | Final Dist 10 = 1.377 | Final Dist 100 = 1.293 | Final Dist 1000 = 1.381 | Init Dist = 4.472 | Init Dist 10 = 5.238 | Init Dist 100 = 5.532 | Init Dist 1000 = 5.904 | Learner Steps = 21911 | Learner Walltime = 4321.434 | Min Dist = 0.003 | Min Dist 10 = 0.153 | Min Dist 100 = 0.164 | Min Dist 1000 = 0.111 | Steps Per Second = 108.056 | Success = 1.000 | Success 1000 = 0.994
I0502 16:18:18.452921 139579566835264 terminal.py:91] [Evaluator] Actor Episodes = 28252 | Actor Steps = 1412600 | Delta Dist = 11.443 | Delta Dist 10 = 11.730 | Delta Dist 100 = 11.664 | Delta Dist 1000 = 11.795 | Episode Length = 50 | Episode Return = 22.0 | Evaluator Episodes = 7161 | Evaluator Steps = 358050 | Final Dist = 1.363 | Final Dist 10 = 1.076 | Final Dist 100 = 1.142 | Final Dist 1000 = 1.012 | Init Dist = 12.806 | Init Dist 10 = 12.806 | Init Dist 100 = 12.806 | Init Dist 1000 = 12.806 | Learner Steps = 21917 | Learner Walltime = 4322.511 | Min Dist = 0.016 | Min Dist 10 = 0.239 | Min Dist 100 = 0.378 | Min Dist 1000 = 0.344 | Steps Per Second = 83.544 | Success = 1.000 | Success 1000 = 0.972
I0502 16:18:18.998479 139569349502528 terminal.py:91] [Actor] Actor Episodes = 28251 | Actor Steps = 1412550 | Delta Dist = 3.265 | Delta Dist 10 = 3.762 | Delta Dist 100 = 4.269 | Delta Dist 1000 = 4.510 | Episode Length = 50 | Episode Return = 34.0 | Evaluator Episodes = 7159 | Evaluator Steps = 357950 | Final Dist = 0.340 | Final Dist 10 = 0.966 | Final Dist 100 = 1.319 | Final Dist 1000 = 1.384 | Init Dist = 3.606 | Init Dist 10 = 4.728 | Init Dist 100 = 5.588 | Init Dist 1000 = 5.894 | Learner Steps = 21917 | Learner Walltime = 4322.511 | Min Dist = 0.015 | Min Dist 10 = 0.075 | Min Dist 100 = 0.159 | Min Dist 1000 = 0.111 | Steps Per Second = 83.654 | Success = 1.000 | Success 1000 = 0.994
I0502 16:18:19.036169 139557462840896 terminal.py:91] [Actor] Actor Episodes = 28253 | Actor Steps = 1412650 | Delta Dist = 2.748 | Delta Dist 10 = 4.148 | Delta Dist 100 = 4.191 | Delta Dist 1000 = 4.507 | Episode Length = 50 | Episode Return = 44.0 | Evaluator Episodes = 7159 | Evaluator Steps = 357950 | Final Dist = 0.414 | Final Dist 10 = 0.841 | Final Dist 100 = 1.325 | Final Dist 1000 = 1.384 | Init Dist = 3.162 | Init Dist 10 = 4.988 | Init Dist 100 = 5.516 | Init Dist 1000 = 5.891 | Learner Steps = 21917 | Learner Walltime = 4322.511 | Min Dist = 0.022 | Min Dist 10 = 0.064 | Min Dist 100 = 0.159 | Min Dist 1000 = 0.111 | Steps Per Second = 83.459 | Success = 1.000 | Success 1000 = 0.994
I0502 16:18:19.630558 139579566835264 terminal.py:91] [Evaluator] Actor Episodes = 28258 | Actor Steps = 1412900 | Delta Dist = 12.587 | Delta Dist 10 = 11.714 | Delta Dist 100 = 11.672 | Delta Dist 1000 = 11.794 | Episode Length = 50 | Episode Return = 18.0 | Evaluator Episodes = 7163 | Evaluator Steps = 358150 | Final Dist = 0.219 | Final Dist 10 = 1.093 | Final Dist 100 = 1.134 | Final Dist 1000 = 1.012 | Init Dist = 12.806 | Init Dist 10 = 12.806 | Init Dist 100 = 12.806 | Init Dist 1000 = 12.806 | Learner Steps = 21924 | Learner Walltime = 4323.760 | Min Dist = 0.182 | Min Dist 10 = 0.221 | Min Dist 100 = 0.372 | Min Dist 1000 = 0.344 | Steps Per Second = 83.389 | Success = 1.000 | Success 1000 = 0.972
I0502 16:18:20.791635 139579566835264 terminal.py:91] [Evaluator] Actor Episodes = 28266 | Actor Steps = 1413300 | Delta Dist = 11.543 | Delta Dist 10 = 11.831 | Delta Dist 100 = 11.695 | Delta Dist 1000 = 11.795 | Episode Length = 50 | Episode Return = 26.0 | Evaluator Episodes = 7165 | Evaluator Steps = 358250 | Final Dist = 1.263 | Final Dist 10 = 0.975 | Final Dist 100 = 1.111 | Final Dist 1000 = 1.011 | Init Dist = 12.806 | Init Dist 10 = 12.806 | Init Dist 100 = 12.806 | Init Dist 1000 = 12.806 | Learner Steps = 21930 | Learner Walltime = 4324.988 | Min Dist = 0.058 | Min Dist 10 = 0.243 | Min Dist 100 = 0.372 | Min Dist 1000 = 0.344 | Steps Per Second = 86.740 | Success = 1.000 | Success 1000 = 0.972
I0502 16:18:22.116360 139579566835264 terminal.py:91] [Evaluator] Actor Episodes = 28274 | Actor Steps = 1413700 | Delta Dist = 11.438 | Delta Dist 10 = 11.936 | Delta Dist 100 = 11.704 | Delta Dist 1000 = 11.796 | Episode Length = 50 | Episode Return = 3.0 | Evaluator Episodes = 7167 | Evaluator Steps = 358350 | Final Dist = 1.368 | Final Dist 10 = 0.870 | Final Dist 100 = 1.103 | Final Dist 1000 = 1.011 | Init Dist = 12.806 | Init Dist 10 = 12.806 | Init Dist 100 = 12.806 | Init Dist 1000 = 12.806 | Learner Steps = 21936 | Learner Walltime = 4326.269 | Min Dist = 0.591 | Min Dist 10 = 0.169 | Min Dist 100 = 0.366 | Min Dist 1000 = 0.344 | Steps Per Second = 80.909 | Success = 1.000 | Success 1000 = 0.972
I0502 16:18:22.944456 139584504182336 lp_utils.py:96] StepsLimiter: Reached 1414000 recorded steps
I0502 16:18:23.383896 139579566835264 terminal.py:91] [Evaluator] Actor Episodes = 28282 | Actor Steps = 1414100 | Delta Dist = 12.320 | Delta Dist 10 = 12.015 | Delta Dist 100 = 11.708 | Delta Dist 1000 = 11.795 | Episode Length = 50 | Episode Return = 29.0 | Evaluator Episodes = 7169 | Evaluator Steps = 358450 | Final Dist = 0.486 | Final Dist 10 = 0.791 | Final Dist 100 = 1.099 | Final Dist 1000 = 1.011 | Init Dist = 12.806 | Init Dist 10 = 12.806 | Init Dist 100 = 12.806 | Init Dist 1000 = 12.806 | Learner Steps = 21943 | Learner Walltime = 4327.402 | Min Dist = 0.094 | Min Dist 10 = 0.155 | Min Dist 100 = 0.370 | Min Dist 1000 = 0.344 | Steps Per Second = 74.247 | Success = 1.000 | Success 1000 = 0.972
I0502 16:18:24.616950 139579566835264 terminal.py:91] [Evaluator] Actor Episodes = 28290 | Actor Steps = 1414500 | Delta Dist = 11.900 | Delta Dist 10 = 12.064 | Delta Dist 100 = 11.707 | Delta Dist 1000 = 11.796 | Episode Length = 50 | Episode Return = 26.0 | Evaluator Episodes = 7171 | Evaluator Steps = 358550 | Final Dist = 0.906 | Final Dist 10 = 0.743 | Final Dist 100 = 1.100 | Final Dist 1000 = 1.010 | Init Dist = 12.806 | Init Dist 10 = 12.806 | Init Dist 100 = 12.806 | Init Dist 1000 = 12.806 | Learner Steps = 21949 | Learner Walltime = 4328.684 | Min Dist = 0.043 | Min Dist 10 = 0.201 | Min Dist 100 = 0.376 | Min Dist 1000 = 0.345 | Steps Per Second = 78.264 | Success = 1.000 | Success 1000 = 0.972
I0502 16:18:25.646233 139555013154368 terminal.py:91] [Learner] Actor Episodes = 28296 | Actor Loss = 3.7143759727478027 | Actor Steps = 1414800 | Binary Accuracy = 0.9960322380065918 | Categorical Accuracy = 0.4188232421875 | Critic Loss = 1.8372901678085327 | Entropy Mean = -19.50985336303711 | Evaluator Episodes = 7171 | Evaluator Steps = 358550 | Learner Steps = 21954 | Learner Walltime = 4329.843 | Logits Neg = -16.96668815612793 | Logits Pos = -1.8402987718582153 | Logsumexp = 1.1260240077972412 | Steps Per Second = 137.422
I0502 16:18:25.879801 139579566835264 terminal.py:91] [Evaluator] Actor Episodes = 28298 | Actor Steps = 1414900 | Delta Dist = 12.515 | Delta Dist 10 = 12.083 | Delta Dist 100 = 11.705 | Delta Dist 1000 = 11.796 | Episode Length = 50 | Episode Return = 11.0 | Evaluator Episodes = 7173 | Evaluator Steps = 358650 | Final Dist = 0.292 | Final Dist 10 = 0.723 | Final Dist 100 = 1.101 | Final Dist 1000 = 1.010 | Init Dist = 12.806 | Init Dist 10 = 12.806 | Init Dist 100 = 12.806 | Init Dist 1000 = 12.806 | Learner Steps = 21954 | Learner Walltime = 4329.843 | Min Dist = 0.161 | Min Dist 10 = 0.230 | Min Dist 100 = 0.378 | Min Dist 1000 = 0.345 | Steps Per Second = 82.686 | Success = 1.000 | Success 1000 = 0.972
I0502 16:18:26.786274 139558059398720 terminal.py:91] [Actor] Actor Episodes = 28303 | Actor Steps = 1415150 | Delta Dist = 8.309 | Delta Dist 10 = 4.745 | Delta Dist 100 = 4.429 | Delta Dist 1000 = 4.504 | Episode Length = 50 | Episode Return = 36.0 | Evaluator Episodes = 7173 | Evaluator Steps = 358650 | Final Dist = 0.235 | Final Dist 10 = 0.610 | Final Dist 100 = 1.415 | Final Dist 1000 = 1.395 | Init Dist = 8.544 | Init Dist 10 = 5.355 | Init Dist 100 = 5.843 | Init Dist 1000 = 5.899 | Learner Steps = 21954 | Learner Walltime = 4329.843 | Min Dist = 0.064 | Min Dist 10 = 0.042 | Min Dist 100 = 0.203 | Min Dist 1000 = 0.118 | Steps Per Second = 76.367 | Success = 1.000 | Success 1000 = 0.994
I0502 16:18:27.123140 139579566835264 terminal.py:91] [Evaluator] Actor Episodes = 28306 | Actor Steps = 1415300 | Delta Dist = 11.344 | Delta Dist 10 = 11.981 | Delta Dist 100 = 11.698 | Delta Dist 1000 = 11.795 | Episode Length = 50 | Episode Return = 13.0 | Evaluator Episodes = 7175 | Evaluator Steps = 358750 | Final Dist = 1.462 | Final Dist 10 = 0.825 | Final Dist 100 = 1.109 | Final Dist 1000 = 1.011 | Init Dist = 12.806 | Init Dist 10 = 12.806 | Init Dist 100 = 12.806 | Init Dist 1000 = 12.806 | Learner Steps = 21961 | Learner Walltime = 4331.113 | Min Dist = 0.181 | Min Dist 10 = 0.246 | Min Dist 100 = 0.381 | Min Dist 1000 = 0.345 | Steps Per Second = 72.741 | Success = 1.000 | Success 1000 = 0.972
I0502 16:18:28.200921 139579566835264 terminal.py:91] [Evaluator] Actor Episodes = 28312 | Actor Steps = 1415600 | Delta Dist = 11.567 | Delta Dist 10 = 11.948 | Delta Dist 100 = 11.695 | Delta Dist 1000 = 11.795 | Episode Length = 50 | Episode Return = 19.0 | Evaluator Episodes = 7177 | Evaluator Steps = 358850 | Final Dist = 1.240 | Final Dist 10 = 0.858 | Final Dist 100 = 1.111 | Final Dist 1000 = 1.011 | Init Dist = 12.806 | Init Dist 10 = 12.806 | Init Dist 100 = 12.806 | Init Dist 1000 = 12.806 | Learner Steps = 21966 | Learner Walltime = 4332.168 | Min Dist = 0.442 | Min Dist 10 = 0.255 | Min Dist 100 = 0.382 | Min Dist 1000 = 0.345 | Steps Per Second = 108.286 | Success = 1.000 | Success 1000 = 0.972
I0502 16:18:28.793472 139555860620864 terminal.py:91] [Actor] Actor Episodes = 28320 | Actor Steps = 1416000 | Delta Dist = 7.605 | Delta Dist 10 = 5.745 | Delta Dist 100 = 4.587 | Delta Dist 1000 = 4.512 | Episode Length = 50 | Episode Return = 36.0 | Evaluator Episodes = 7177 | Evaluator Steps = 358850 | Final Dist = 1.340 | Final Dist 10 = 0.738 | Final Dist 100 = 1.377 | Final Dist 1000 = 1.395 | Init Dist = 8.944 | Init Dist 10 = 6.483 | Init Dist 100 = 5.964 | Init Dist 1000 = 5.907 | Learner Steps = 21966 | Learner Walltime = 4332.168 | Min Dist = 0.128 | Min Dist 10 = 0.046 | Min Dist 100 = 0.205 | Min Dist 1000 = 0.118 | Steps Per Second = 82.783 | Success = 1.000 | Success 1000 = 0.994
I0502 16:18:29.050693 139557462840896 terminal.py:91] [Actor] Actor Episodes = 28317 | Actor Steps = 1415850 | Delta Dist = 5.847 | Delta Dist 10 = 6.886 | Delta Dist 100 = 4.735 | Delta Dist 1000 = 4.519 | Episode Length = 50 | Episode Return = 48.0 | Evaluator Episodes = 7177 | Evaluator Steps = 358850 | Final Dist = 0.556 | Final Dist 10 = 0.675 | Final Dist 100 = 1.373 | Final Dist 1000 = 1.393 | Init Dist = 6.403 | Init Dist 10 = 7.561 | Init Dist 100 = 6.108 | Init Dist 1000 = 5.913 | Learner Steps = 21966 | Learner Walltime = 4332.168 | Min Dist = 0.057 | Min Dist 10 = 0.066 | Min Dist 100 = 0.205 | Min Dist 1000 = 0.118 | Steps Per Second = 94.600 | Success = 1.000 | Success 1000 = 0.994
I0502 16:18:29.333120 139579566835264 terminal.py:91] [Evaluator] Actor Episodes = 28320 | Actor Steps = 1416000 | Delta Dist = 11.758 | Delta Dist 10 = 11.847 | Delta Dist 100 = 11.688 | Delta Dist 1000 = 11.794 | Episode Length = 50 | Episode Return = 12.0 | Evaluator Episodes = 7179 | Evaluator Steps = 358950 | Final Dist = 1.048 | Final Dist 10 = 0.960 | Final Dist 100 = 1.118 | Final Dist 1000 = 1.012 | Init Dist = 12.806 | Init Dist 10 = 12.806 | Init Dist 100 = 12.806 | Init Dist 1000 = 12.806 | Learner Steps = 21972 | Learner Walltime = 4333.336 | Min Dist = 0.228 | Min Dist 10 = 0.258 | Min Dist 100 = 0.379 | Min Dist 1000 = 0.346 | Steps Per Second = 86.898 | Success = 1.000 | Success 1000 = 0.972
I0502 16:18:29.454771 139569349502528 terminal.py:91] [Actor] Actor Episodes = 28322 | Actor Steps = 1416100 | Delta Dist = 1.325 | Delta Dist 10 = 6.163 | Delta Dist 100 = 4.739 | Delta Dist 1000 = 4.524 | Episode Length = 50 | Episode Return = 43.0 | Evaluator Episodes = 7179 | Evaluator Steps = 358950 | Final Dist = 0.675 | Final Dist 10 = 0.937 | Final Dist 100 = 1.390 | Final Dist 1000 = 1.395 | Init Dist = 2.000 | Init Dist 10 = 7.099 | Init Dist 100 = 6.130 | Init Dist 1000 = 5.920 | Learner Steps = 21972 | Learner Walltime = 4333.336 | Min Dist = 0.003 | Min Dist 10 = 0.067 | Min Dist 100 = 0.204 | Min Dist 1000 = 0.118 | Steps Per Second = 80.406 | Success = 1.000 | Success 1000 = 0.994
I0502 16:18:30.592140 139579566835264 terminal.py:91] [Evaluator] Actor Episodes = 28329 | Actor Steps = 1416450 | Delta Dist = 12.328 | Delta Dist 10 = 11.888 | Delta Dist 100 = 11.696 | Delta Dist 1000 = 11.794 | Episode Length = 50 | Episode Return = 34.0 | Evaluator Episodes = 7181 | Evaluator Steps = 359050 | Final Dist = 0.478 | Final Dist 10 = 0.918 | Final Dist 100 = 1.110 | Final Dist 1000 = 1.013 | Init Dist = 12.806 | Init Dist 10 = 12.806 | Init Dist 100 = 12.806 | Init Dist 1000 = 12.806 | Learner Steps = 21978 | Learner Walltime = 4334.424 | Min Dist = 0.245 | Min Dist 10 = 0.222 | Min Dist 100 = 0.380 | Min Dist 1000 = 0.346 | Steps Per Second = 80.717 | Success = 1.000 | Success 1000 = 0.972
I0502 16:18:31.611982 139579566835264 terminal.py:91] [Evaluator] Actor Episodes = 28337 | Actor Steps = 1416850 | Delta Dist = 11.292 | Delta Dist 10 = 11.915 | Delta Dist 100 = 11.707 | Delta Dist 1000 = 11.794 | Episode Length = 50 | Episode Return = 12.0 | Evaluator Episodes = 7183 | Evaluator Steps = 359150 | Final Dist = 1.515 | Final Dist 10 = 0.892 | Final Dist 100 = 1.099 | Final Dist 1000 = 1.012 | Init Dist = 12.806 | Init Dist 10 = 12.806 | Init Dist 100 = 12.806 | Init Dist 1000 = 12.806 | Learner Steps = 21984 | Learner Walltime = 4335.619 | Min Dist = 0.645 | Min Dist 10 = 0.227 | Min Dist 100 = 0.380 | Min Dist 1000 = 0.345 | Steps Per Second = 108.062 | Success = 1.000 | Success 1000 = 0.972
I0502 16:18:32.796683 139579566835264 terminal.py:91] [Evaluator] Actor Episodes = 28345 | Actor Steps = 1417250 | Delta Dist = 11.487 | Delta Dist 10 = 11.891 | Delta Dist 100 = 11.709 | Delta Dist 1000 = 11.796 | Episode Length = 50 | Episode Return = 23.0 | Evaluator Episodes = 7185 | Evaluator Steps = 359250 | Final Dist = 1.320 | Final Dist 10 = 0.916 | Final Dist 100 = 1.097 | Final Dist 1000 = 1.010 | Init Dist = 12.806 | Init Dist 10 = 12.806 | Init Dist 100 = 12.806 | Init Dist 1000 = 12.806 | Learner Steps = 21990 | Learner Walltime = 4336.796 | Min Dist = 0.078 | Min Dist 10 = 0.245 | Min Dist 100 = 0.380 | Min Dist 1000 = 0.345 | Steps Per Second = 77.822 | Success = 1.000 | Success 1000 = 0.973
I0502 16:18:32.966620 139584504182336 lp_utils.py:96] StepsLimiter: Reached 1417250 recorded steps
I0502 16:18:33.978892 139579566835264 terminal.py:91] [Evaluator] Actor Episodes = 28353 | Actor Steps = 1417650 | Delta Dist = 12.454 | Delta Dist 10 = 11.867 | Delta Dist 100 = 11.706 | Delta Dist 1000 = 11.795 | Episode Length = 50 | Episode Return = 29.0 | Evaluator Episodes = 7187 | Evaluator Steps = 359350 | Final Dist = 0.352 | Final Dist 10 = 0.939 | Final Dist 100 = 1.100 | Final Dist 1000 = 1.011 | Init Dist = 12.806 | Init Dist 10 = 12.806 | Init Dist 100 = 12.806 | Init Dist 1000 = 12.806 | Learner Steps = 21997 | Learner Walltime = 4338.019 | Min Dist = 0.352 | Min Dist 10 = 0.239 | Min Dist 100 = 0.380 | Min Dist 1000 = 0.345 | Steps Per Second = 80.853 | Success = 1.000 | Success 1000 = 0.973
I0502 16:18:35.200956 139579566835264 terminal.py:91] [Evaluator] Actor Episodes = 28361 | Actor Steps = 1418050 | Delta Dist = 12.234 | Delta Dist 10 = 11.986 | Delta Dist 100 = 11.708 | Delta Dist 1000 = 11.796 | Episode Length = 50 | Episode Return = 21.0 | Evaluator Episodes = 7189 | Evaluator Steps = 359450 | Final Dist = 0.572 | Final Dist 10 = 0.820 | Final Dist 100 = 1.099 | Final Dist 1000 = 1.011 | Init Dist = 12.806 | Init Dist 10 = 12.806 | Init Dist 100 = 12.806 | Init Dist 1000 = 12.806 | Learner Steps = 22003 | Learner Walltime = 4339.110 | Min Dist = 0.113 | Min Dist 10 = 0.219 | Min Dist 100 = 0.378 | Min Dist 1000 = 0.345 | Steps Per Second = 86.025 | Success = 1.000 | Success 1000 = 0.973
I0502 16:18:35.731610 139555013154368 terminal.py:91] [Learner] Actor Episodes = 28359 | Actor Loss = 3.6894330978393555 | Actor Steps = 1417950 | Binary Accuracy = 0.9960479736328125 | Categorical Accuracy = 0.42254638671875 | Critic Loss = 1.8124384880065918 | Entropy Mean = -20.711963653564453 | Evaluator Episodes = 7187 | Evaluator Steps = 359350 | Learner Steps = 22006 | Learner Walltime = 4339.930 | Logits Neg = -17.12029266357422 | Logits Pos = -1.7784161567687988 | Logsumexp = 1.089081048965454 | Steps Per Second = 162.534
I0502 16:18:36.421904 139579566835264 terminal.py:91] [Evaluator] Actor Episodes = 28369 | Actor Steps = 1418450 | Delta Dist = 11.649 | Delta Dist 10 = 11.929 | Delta Dist 100 = 11.694 | Delta Dist 1000 = 11.794 | Episode Length = 50 | Episode Return = 21.0 | Evaluator Episodes = 7191 | Evaluator Steps = 359550 | Final Dist = 1.157 | Final Dist 10 = 0.877 | Final Dist 100 = 1.112 | Final Dist 1000 = 1.012 | Init Dist = 12.806 | Init Dist 10 = 12.806 | Init Dist 100 = 12.806 | Init Dist 1000 = 12.806 | Learner Steps = 22008 | Learner Walltime = 4340.138 | Min Dist = 0.230 | Min Dist 10 = 0.200 | Min Dist 100 = 0.377 | Min Dist 1000 = 0.345 | Steps Per Second = 85.776 | Success = 1.000 | Success 1000 = 0.973
I0502 16:18:36.829722 139558059398720 terminal.py:91] [Actor] Actor Episodes = 28370 | Actor Steps = 1418500 | Delta Dist = 2.878 | Delta Dist 10 = 4.494 | Delta Dist 100 = 4.946 | Delta Dist 1000 = 4.520 | Episode Length = 50 | Episode Return = 42.0 | Evaluator Episodes = 7189 | Evaluator Steps = 359450 | Final Dist = 0.122 | Final Dist 10 = 0.721 | Final Dist 100 = 1.306 | Final Dist 1000 = 1.386 | Init Dist = 3.000 | Init Dist 10 = 5.215 | Init Dist 100 = 6.252 | Init Dist 1000 = 5.906 | Learner Steps = 22008 | Learner Walltime = 4340.138 | Min Dist = 0.122 | Min Dist 10 = 0.064 | Min Dist 100 = 0.084 | Min Dist 1000 = 0.119 | Steps Per Second = 84.545 | Success = 1.000 | Success 1000 = 0.993
I0502 16:18:37.574351 139579566835264 terminal.py:91] [Evaluator] Actor Episodes = 28377 | Actor Steps = 1418850 | Delta Dist = 11.863 | Delta Dist 10 = 11.837 | Delta Dist 100 = 11.696 | Delta Dist 1000 = 11.793 | Episode Length = 50 | Episode Return = 25.0 | Evaluator Episodes = 7193 | Evaluator Steps = 359650 | Final Dist = 0.943 | Final Dist 10 = 0.969 | Final Dist 100 = 1.110 | Final Dist 1000 = 1.013 | Init Dist = 12.806 | Init Dist 10 = 12.806 | Init Dist 100 = 12.806 | Init Dist 1000 = 12.806 | Learner Steps = 22013 | Learner Walltime = 4341.191 | Min Dist = 0.299 | Min Dist 10 = 0.207 | Min Dist 100 = 0.379 | Min Dist 1000 = 0.346 | Steps Per Second = 86.512 | Success = 1.000 | Success 1000 = 0.973
I0502 16:18:38.797087 139579566835264 terminal.py:91] [Evaluator] Actor Episodes = 28385 | Actor Steps = 1419250 | Delta Dist = 12.326 | Delta Dist 10 = 11.826 | Delta Dist 100 = 11.699 | Delta Dist 1000 = 11.793 | Episode Length = 50 | Episode Return = 21.0 | Evaluator Episodes = 7195 | Evaluator Steps = 359750 | Final Dist = 0.480 | Final Dist 10 = 0.980 | Final Dist 100 = 1.107 | Final Dist 1000 = 1.013 | Init Dist = 12.806 | Init Dist 10 = 12.806 | Init Dist 100 = 12.806 | Init Dist 1000 = 12.806 | Learner Steps = 22018 | Learner Walltime = 4342.318 | Min Dist = 0.266 | Min Dist 10 = 0.201 | Min Dist 100 = 0.374 | Min Dist 1000 = 0.346 | Steps Per Second = 85.916 | Success = 1.000 | Success 1000 = 0.973
I0502 16:18:39.133008 139555860620864 terminal.py:91] [Actor] Actor Episodes = 28384 | Actor Steps = 1419200 | Delta Dist = 8.055 | Delta Dist 10 = 4.342 | Delta Dist 100 = 4.964 | Delta Dist 1000 = 4.519 | Episode Length = 50 | Episode Return = 45.0 | Evaluator Episodes = 7193 | Evaluator Steps = 359650 | Final Dist = 0.191 | Final Dist 10 = 2.044 | Final Dist 100 = 1.334 | Final Dist 1000 = 1.395 | Init Dist = 8.246 | Init Dist 10 = 6.386 | Init Dist 100 = 6.299 | Init Dist 1000 = 5.914 | Learner Steps = 22018 | Learner Walltime = 4342.318 | Min Dist = 0.006 | Min Dist 10 = 0.680 | Min Dist 100 = 0.145 | Min Dist 1000 = 0.123 | Steps Per Second = 80.459 | Success = 1.000 | Success 1000 = 0.994
I0502 16:18:39.259286 139557462840896 terminal.py:91] [Actor] Actor Episodes = 28389 | Actor Steps = 1419450 | Delta Dist = 11.332 | Delta Dist 10 = 3.845 | Delta Dist 100 = 4.990 | Delta Dist 1000 = 4.518 | Episode Length = 50 | Episode Return = 38.0 | Evaluator Episodes = 7195 | Evaluator Steps = 359750 | Final Dist = 0.070 | Final Dist 10 = 1.535 | Final Dist 100 = 1.316 | Final Dist 1000 = 1.397 | Init Dist = 11.402 | Init Dist 10 = 5.380 | Init Dist 100 = 6.307 | Init Dist 1000 = 5.914 | Learner Steps = 22018 | Learner Walltime = 4342.318 | Min Dist = 0.070 | Min Dist 10 = 0.671 | Min Dist 100 = 0.145 | Min Dist 1000 = 0.123 | Steps Per Second = 83.705 | Success = 1.000 | Success 1000 = 0.994
I0502 16:18:39.865679 139569349502528 terminal.py:91] [Actor] Actor Episodes = 28388 | Actor Steps = 1419400 | Delta Dist = 1.691 | Delta Dist 10 = 3.865 | Delta Dist 100 = 4.988 | Delta Dist 1000 = 4.534 | Episode Length = 50 | Episode Return = 29.0 | Evaluator Episodes = 7195 | Evaluator Steps = 359750 | Final Dist = 0.545 | Final Dist 10 = 1.779 | Final Dist 100 = 1.332 | Final Dist 1000 = 1.388 | Init Dist = 2.236 | Init Dist 10 = 5.644 | Init Dist 100 = 6.320 | Init Dist 1000 = 5.923 | Learner Steps = 22018 | Learner Walltime = 4342.318 | Min Dist = 0.022 | Min Dist 10 = 0.874 | Min Dist 100 = 0.166 | Min Dist 1000 = 0.125 | Steps Per Second = 79.736 | Success = 1.000 | Success 1000 = 0.994
I0502 16:18:40.024905 139579566835264 terminal.py:91] [Evaluator] Actor Episodes = 28393 | Actor Steps = 1419650 | Delta Dist = 11.816 | Delta Dist 10 = 11.941 | Delta Dist 100 = 11.702 | Delta Dist 1000 = 11.794 | Episode Length = 50 | Episode Return = 21.0 | Evaluator Episodes = 7197 | Evaluator Steps = 359850 | Final Dist = 0.990 | Final Dist 10 = 0.865 | Final Dist 100 = 1.104 | Final Dist 1000 = 1.012 | Init Dist = 12.806 | Init Dist 10 = 12.806 | Init Dist 100 = 12.806 | Init Dist 1000 = 12.806 | Learner Steps = 22025 | Learner Walltime = 4343.464 | Min Dist = 0.211 | Min Dist 10 = 0.216 | Min Dist 100 = 0.375 | Min Dist 1000 = 0.346 | Steps Per Second = 80.808 | Success = 1.000 | Success 1000 = 0.973
I0502 16:18:41.230960 139579566835264 terminal.py:91] [Evaluator] Actor Episodes = 28401 | Actor Steps = 1420050 | Delta Dist = 12.724 | Delta Dist 10 = 11.949 | Delta Dist 100 = 11.710 | Delta Dist 1000 = 11.795 | Episode Length = 50 | Episode Return = 1.0 | Evaluator Episodes = 7199 | Evaluator Steps = 359950 | Final Dist = 0.082 | Final Dist 10 = 0.857 | Final Dist 100 = 1.096 | Final Dist 1000 = 1.011 | Init Dist = 12.806 | Init Dist 10 = 12.806 | Init Dist 100 = 12.806 | Init Dist 1000 = 12.806 | Learner Steps = 22030 | Learner Walltime = 4344.618 | Min Dist = 0.082 | Min Dist 10 = 0.235 | Min Dist 100 = 0.373 | Min Dist 1000 = 0.346 | Steps Per Second = 82.056 | Success = 1.000 | Success 1000 = 0.973
I0502 16:18:42.502458 139579566835264 terminal.py:91] [Evaluator] Actor Episodes = 28409 | Actor Steps = 1420450 | Delta Dist = 12.522 | Delta Dist 10 = 12.113 | Delta Dist 100 = 11.719 | Delta Dist 1000 = 11.797 | Episode Length = 50 | Episode Return = 28.0 | Evaluator Episodes = 7201 | Evaluator Steps = 360050 | Final Dist = 0.285 | Final Dist 10 = 0.694 | Final Dist 100 = 1.087 | Final Dist 1000 = 1.010 | Init Dist = 12.806 | Init Dist 10 = 12.806 | Init Dist 100 = 12.806 | Init Dist 1000 = 12.806 | Learner Steps = 22036 | Learner Walltime = 4345.832 | Min Dist = 0.045 | Min Dist 10 = 0.243 | Min Dist 100 = 0.372 | Min Dist 1000 = 0.346 | Steps Per Second = 79.646 | Success = 1.000 | Success 1000 = 0.973
I0502 16:18:42.983316 139584504182336 lp_utils.py:96] StepsLimiter: Reached 1420650 recorded steps
I0502 16:18:43.692456 139579566835264 terminal.py:91] [Evaluator] Actor Episodes = 28417 | Actor Steps = 1420850 | Delta Dist = 11.840 | Delta Dist 10 = 12.183 | Delta Dist 100 = 11.777 | Delta Dist 1000 = 11.802 | Episode Length = 50 | Episode Return = 21.0 | Evaluator Episodes = 7203 | Evaluator Steps = 360150 | Final Dist = 0.966 | Final Dist 10 = 0.624 | Final Dist 100 = 1.029 | Final Dist 1000 = 1.004 | Init Dist = 12.806 | Init Dist 10 = 12.806 | Init Dist 100 = 12.806 | Init Dist 1000 = 12.806 | Learner Steps = 22043 | Learner Walltime = 4347.042 | Min Dist = 0.357 | Min Dist 10 = 0.247 | Min Dist 100 = 0.322 | Min Dist 1000 = 0.340 | Steps Per Second = 91.090 | Success = 1.000 | Success 1000 = 0.974
I0502 16:18:44.857949 139579566835264 terminal.py:91] [Evaluator] Actor Episodes = 28425 | Actor Steps = 1421250 | Delta Dist = 11.952 | Delta Dist 10 = 12.200 | Delta Dist 100 = 11.771 | Delta Dist 1000 = 11.802 | Episode Length = 50 | Episode Return = 32.0 | Evaluator Episodes = 7205 | Evaluator Steps = 360250 | Final Dist = 0.854 | Final Dist 10 = 0.606 | Final Dist 100 = 1.035 | Final Dist 1000 = 1.004 | Init Dist = 12.806 | Init Dist 10 = 12.806 | Init Dist 100 = 12.806 | Init Dist 1000 = 12.806 | Learner Steps = 22051 | Learner Walltime = 4348.500 | Min Dist = 0.043 | Min Dist 10 = 0.231 | Min Dist 100 = 0.323 | Min Dist 1000 = 0.340 | Steps Per Second = 87.063 | Success = 1.000 | Success 1000 = 0.974
I0502 16:18:45.844805 139555013154368 terminal.py:91] [Learner] Actor Episodes = 28429 | Actor Loss = 3.778778076171875 | Actor Steps = 1421450 | Binary Accuracy = 0.9961068630218506 | Categorical Accuracy = 0.4202880859375 | Critic Loss = 1.8390676975250244 | Entropy Mean = -19.99578094482422 | Evaluator Episodes = 7205 | Evaluator Steps = 360250 | Learner Steps = 22058 | Learner Walltime = 4350.036 | Logits Neg = -16.92757225036621 | Logits Pos = -1.847402572631836 | Logsumexp = 1.0447452068328857 | Steps Per Second = 164.841
I0502 16:18:45.990044 139579566835264 terminal.py:91] [Evaluator] Actor Episodes = 28433 | Actor Steps = 1421650 | Delta Dist = 12.137 | Delta Dist 10 = 12.083 | Delta Dist 100 = 11.840 | Delta Dist 1000 = 11.802 | Episode Length = 50 | Episode Return = 18.0 | Evaluator Episodes = 7207 | Evaluator Steps = 360350 | Final Dist = 0.669 | Final Dist 10 = 0.723 | Final Dist 100 = 0.966 | Final Dist 1000 = 1.004 | Init Dist = 12.806 | Init Dist 10 = 12.806 | Init Dist 100 = 12.806 | Init Dist 1000 = 12.806 | Learner Steps = 22057 | Learner Walltime = 4349.648 | Min Dist = 0.241 | Min Dist 10 = 0.198 | Min Dist 100 = 0.257 | Min Dist 1000 = 0.340 | Steps Per Second = 83.822 | Success = 1.000 | Success 1000 = 0.974
I0502 16:18:46.864606 139558059398720 terminal.py:91] [Actor] Actor Episodes = 28439 | Actor Steps = 1421950 | Delta Dist = 5.914 | Delta Dist 10 = 4.587 | Delta Dist 100 = 4.632 | Delta Dist 1000 = 4.557 | Episode Length = 50 | Episode Return = 32.0 | Evaluator Episodes = 7207 | Evaluator Steps = 360350 | Final Dist = 0.795 | Final Dist 10 = 0.803 | Final Dist 100 = 1.471 | Final Dist 1000 = 1.376 | Init Dist = 6.708 | Init Dist 10 = 5.390 | Init Dist 100 = 6.103 | Init Dist 1000 = 5.933 | Learner Steps = 22062 | Learner Walltime = 4350.671 | Min Dist = 0.004 | Min Dist 10 = 0.046 | Min Dist 100 = 0.185 | Min Dist 1000 = 0.123 | Steps Per Second = 82.594 | Success = 1.000 | Success 1000 = 0.995
I0502 16:18:47.009021 139579566835264 terminal.py:91] [Evaluator] Actor Episodes = 28441 | Actor Steps = 1422050 | Delta Dist = 11.507 | Delta Dist 10 = 11.982 | Delta Dist 100 = 11.845 | Delta Dist 1000 = 11.800 | Episode Length = 50 | Episode Return = 1.0 | Evaluator Episodes = 7209 | Evaluator Steps = 360450 | Final Dist = 1.299 | Final Dist 10 = 0.824 | Final Dist 100 = 0.961 | Final Dist 1000 = 1.006 | Init Dist = 12.806 | Init Dist 10 = 12.806 | Init Dist 100 = 12.806 | Init Dist 1000 = 12.806 | Learner Steps = 22062 | Learner Walltime = 4350.671 | Min Dist = 0.672 | Min Dist 10 = 0.200 | Min Dist 100 = 0.259 | Min Dist 1000 = 0.340 | Steps Per Second = 92.318 | Success = 1.000 | Success 1000 = 0.974
I0502 16:18:48.181283 139579566835264 terminal.py:91] [Evaluator] Actor Episodes = 28449 | Actor Steps = 1422450 | Delta Dist = 11.740 | Delta Dist 10 = 11.817 | Delta Dist 100 = 11.854 | Delta Dist 1000 = 11.800 | Episode Length = 50 | Episode Return = 9.0 | Evaluator Episodes = 7211 | Evaluator Steps = 360550 | Final Dist = 1.066 | Final Dist 10 = 0.990 | Final Dist 100 = 0.953 | Final Dist 1000 = 1.006 | Init Dist = 12.806 | Init Dist 10 = 12.806 | Init Dist 100 = 12.806 | Init Dist 1000 = 12.806 | Learner Steps = 22068 | Learner Walltime = 4351.854 | Min Dist = 0.369 | Min Dist 10 = 0.260 | Min Dist 100 = 0.262 | Min Dist 1000 = 0.341 | Steps Per Second = 88.510 | Success = 1.000 | Success 1000 = 0.974
I0502 16:18:49.355786 139579566835264 terminal.py:91] [Evaluator] Actor Episodes = 28455 | Actor Steps = 1422750 | Delta Dist = 12.215 | Delta Dist 10 = 11.738 | Delta Dist 100 = 11.858 | Delta Dist 1000 = 11.801 | Episode Length = 50 | Episode Return = 20.0 | Evaluator Episodes = 7213 | Evaluator Steps = 360650 | Final Dist = 0.592 | Final Dist 10 = 1.068 | Final Dist 100 = 0.948 | Final Dist 1000 = 1.006 | Init Dist = 12.806 | Init Dist 10 = 12.806 | Init Dist 100 = 12.806 | Init Dist 1000 = 12.806 | Learner Steps = 22074 | Learner Walltime = 4352.904 | Min Dist = 0.551 | Min Dist 10 = 0.261 | Min Dist 100 = 0.264 | Min Dist 1000 = 0.341 | Steps Per Second = 81.794 | Success = 1.000 | Success 1000 = 0.974
I0502 16:18:49.429086 139555860620864 terminal.py:91] [Actor] Actor Episodes = 28457 | Actor Steps = 1422850 | Delta Dist = 1.666 | Delta Dist 10 = 3.375 | Delta Dist 100 = 4.621 | Delta Dist 1000 = 4.541 | Episode Length = 50 | Episode Return = 28.0 | Evaluator Episodes = 7213 | Evaluator Steps = 360650 | Final Dist = 0.334 | Final Dist 10 = 1.348 | Final Dist 100 = 1.364 | Final Dist 1000 = 1.374 | Init Dist = 2.000 | Init Dist 10 = 4.723 | Init Dist 100 = 5.985 | Init Dist 1000 = 5.915 | Learner Steps = 22074 | Learner Walltime = 4352.904 | Min Dist = 0.013 | Min Dist 10 = 0.051 | Min Dist 100 = 0.165 | Min Dist 1000 = 0.123 | Steps Per Second = 78.074 | Success = 1.000 | Success 1000 = 0.995
I0502 16:18:49.634912 139557462840896 terminal.py:91] [Actor] Actor Episodes = 28452 | Actor Steps = 1422600 | Delta Dist = 3.643 | Delta Dist 10 = 3.792 | Delta Dist 100 = 4.558 | Delta Dist 1000 = 4.535 | Episode Length = 50 | Episode Return = 42.0 | Evaluator Episodes = 7211 | Evaluator Steps = 360550 | Final Dist = 0.480 | Final Dist 10 = 0.662 | Final Dist 100 = 1.359 | Final Dist 1000 = 1.373 | Init Dist = 4.123 | Init Dist 10 = 4.454 | Init Dist 100 = 5.917 | Init Dist 1000 = 5.908 | Learner Steps = 22074 | Learner Walltime = 4352.904 | Min Dist = 0.171 | Min Dist 10 = 0.037 | Min Dist 100 = 0.165 | Min Dist 1000 = 0.122 | Steps Per Second = 82.222 | Success = 1.000 | Success 1000 = 0.995
I0502 16:18:50.117938 139569349502528 terminal.py:91] [Actor] Actor Episodes = 28459 | Actor Steps = 1422950 | Delta Dist = 3.812 | Delta Dist 10 = 3.917 | Delta Dist 100 = 4.585 | Delta Dist 1000 = 4.535 | Episode Length = 50 | Episode Return = 42.0 | Evaluator Episodes = 7213 | Evaluator Steps = 360650 | Final Dist = 6.188 | Final Dist 10 = 0.514 | Final Dist 100 = 1.269 | Final Dist 1000 = 1.373 | Init Dist = 10.000 | Init Dist 10 = 4.432 | Init Dist 100 = 5.854 | Init Dist 1000 = 5.908 | Learner Steps = 22079 | Learner Walltime = 4353.922 | Min Dist = 0.112 | Min Dist 10 = 0.050 | Min Dist 100 = 0.166 | Min Dist 1000 = 0.122 | Steps Per Second = 85.033 | Success = 1.000 | Success 1000 = 0.995
I0502 16:18:50.531698 139579566835264 terminal.py:91] [Evaluator] Actor Episodes = 28463 | Actor Steps = 1423150 | Delta Dist = 12.451 | Delta Dist 10 = 11.718 | Delta Dist 100 = 11.853 | Delta Dist 1000 = 11.800 | Episode Length = 50 | Episode Return = 24.0 | Evaluator Episodes = 7215 | Evaluator Steps = 360750 | Final Dist = 0.355 | Final Dist 10 = 1.088 | Final Dist 100 = 0.953 | Final Dist 1000 = 1.007 | Init Dist = 12.806 | Init Dist 10 = 12.806 | Init Dist 100 = 12.806 | Init Dist 1000 = 12.806 | Learner Steps = 22079 | Learner Walltime = 4353.922 | Min Dist = 0.073 | Min Dist 10 = 0.278 | Min Dist 100 = 0.269 | Min Dist 1000 = 0.342 | Steps Per Second = 88.622 | Success = 1.000 | Success 1000 = 0.974
I0502 16:18:51.706292 139579566835264 terminal.py:91] [Evaluator] Actor Episodes = 28471 | Actor Steps = 1423550 | Delta Dist = 11.851 | Delta Dist 10 = 11.757 | Delta Dist 100 = 11.917 | Delta Dist 1000 = 11.800 | Episode Length = 50 | Episode Return = 22.0 | Evaluator Episodes = 7217 | Evaluator Steps = 360850 | Final Dist = 0.955 | Final Dist 10 = 1.049 | Final Dist 100 = 0.889 | Final Dist 1000 = 1.006 | Init Dist = 12.806 | Init Dist 10 = 12.806 | Init Dist 100 = 12.806 | Init Dist 1000 = 12.806 | Learner Steps = 22085 | Learner Walltime = 4355.061 | Min Dist = 0.133 | Min Dist 10 = 0.319 | Min Dist 100 = 0.216 | Min Dist 1000 = 0.342 | Steps Per Second = 84.869 | Success = 1.000 | Success 1000 = 0.974
I0502 16:18:52.917396 139579566835264 terminal.py:91] [Evaluator] Actor Episodes = 28477 | Actor Steps = 1423850 | Delta Dist = 11.223 | Delta Dist 10 = 11.858 | Delta Dist 100 = 11.924 | Delta Dist 1000 = 11.800 | Episode Length = 50 | Episode Return = 16.0 | Evaluator Episodes = 7219 | Evaluator Steps = 360950 | Final Dist = 1.583 | Final Dist 10 = 0.948 | Final Dist 100 = 0.882 | Final Dist 1000 = 1.006 | Init Dist = 12.806 | Init Dist 10 = 12.806 | Init Dist 100 = 12.806 | Init Dist 1000 = 12.806 | Learner Steps = 22091 | Learner Walltime = 4356.073 | Min Dist = 0.239 | Min Dist 10 = 0.304 | Min Dist 100 = 0.216 | Min Dist 1000 = 0.342 | Steps Per Second = 78.017 | Success = 1.000 | Success 1000 = 0.974
I0502 16:18:53.001740 139584504182336 lp_utils.py:96] StepsLimiter: Reached 1423950 recorded steps
I0502 16:18:54.082992 139579566835264 terminal.py:91] [Evaluator] Actor Episodes = 28485 | Actor Steps = 1424250 | Delta Dist = 12.268 | Delta Dist 10 = 11.763 | Delta Dist 100 = 11.912 | Delta Dist 1000 = 11.800 | Episode Length = 50 | Episode Return = 16.0 | Evaluator Episodes = 7221 | Evaluator Steps = 361050 | Final Dist = 0.538 | Final Dist 10 = 1.044 | Final Dist 100 = 0.894 | Final Dist 1000 = 1.006 | Init Dist = 12.806 | Init Dist 10 = 12.806 | Init Dist 100 = 12.806 | Init Dist 1000 = 12.806 | Learner Steps = 22096 | Learner Walltime = 4357.303 | Min Dist = 0.272 | Min Dist 10 = 0.269 | Min Dist 100 = 0.218 | Min Dist 1000 = 0.342 | Steps Per Second = 87.638 | Success = 1.000 | Success 1000 = 0.974
I0502 16:18:55.303475 139579566835264 terminal.py:91] [Evaluator] Actor Episodes = 28495 | Actor Steps = 1424750 | Delta Dist = 12.321 | Delta Dist 10 = 11.897 | Delta Dist 100 = 11.923 | Delta Dist 1000 = 11.801 | Episode Length = 50 | Episode Return = 25.0 | Evaluator Episodes = 7223 | Evaluator Steps = 361150 | Final Dist = 0.485 | Final Dist 10 = 0.910 | Final Dist 100 = 0.883 | Final Dist 1000 = 1.005 | Init Dist = 12.806 | Init Dist 10 = 12.806 | Init Dist 100 = 12.806 | Init Dist 1000 = 12.806 | Learner Steps = 22103 | Learner Walltime = 4358.520 | Min Dist = 0.143 | Min Dist 10 = 0.252 | Min Dist 100 = 0.220 | Min Dist 1000 = 0.342 | Steps Per Second = 80.157 | Success = 1.000 | Success 1000 = 0.974
I0502 16:18:55.990313 139555013154368 terminal.py:91] [Learner] Actor Episodes = 28495 | Actor Loss = 3.6617515087127686 | Actor Steps = 1424750 | Binary Accuracy = 0.9960834980010986 | Categorical Accuracy = 0.4205322265625 | Critic Loss = 1.8274869918823242 | Entropy Mean = -21.592662811279297 | Evaluator Episodes = 7223 | Evaluator Steps = 361150 | Learner Steps = 22112 | Learner Walltime = 4360.186 | Logits Neg = -17.274137496948242 | Logits Pos = -1.8258665800094604 | Logsumexp = 1.0141031742095947 | Steps Per Second = 422.509
I0502 16:18:56.438430 139579566835264 terminal.py:91] [Evaluator] Actor Episodes = 28501 | Actor Steps = 1425050 | Delta Dist = 11.636 | Delta Dist 10 = 12.029 | Delta Dist 100 = 11.940 | Delta Dist 1000 = 11.803 | Episode Length = 50 | Episode Return = 6.0 | Evaluator Episodes = 7225 | Evaluator Steps = 361250 | Final Dist = 1.171 | Final Dist 10 = 0.777 | Final Dist 100 = 0.866 | Final Dist 1000 = 1.003 | Init Dist = 12.806 | Init Dist 10 = 12.806 | Init Dist 100 = 12.806 | Init Dist 1000 = 12.806 | Learner Steps = 22109 | Learner Walltime = 4359.582 | Min Dist = 0.204 | Min Dist 10 = 0.219 | Min Dist 100 = 0.221 | Min Dist 1000 = 0.342 | Steps Per Second = 91.992 | Success = 1.000 | Success 1000 = 0.974
I0502 16:18:57.078767 139558059398720 terminal.py:91] [Actor] Actor Episodes = 28504 | Actor Steps = 1425200 | Delta Dist = 10.793 | Delta Dist 10 = 4.363 | Delta Dist 100 = 5.270 | Delta Dist 1000 = 4.617 | Episode Length = 50 | Episode Return = 39.0 | Evaluator Episodes = 7225 | Evaluator Steps = 361250 | Final Dist = 0.609 | Final Dist 10 = 1.467 | Final Dist 100 = 1.127 | Final Dist 1000 = 1.353 | Init Dist = 11.402 | Init Dist 10 = 5.830 | Init Dist 100 = 6.398 | Init Dist 1000 = 5.970 | Learner Steps = 22114 | Learner Walltime = 4360.652 | Min Dist = 0.023 | Min Dist 10 = 0.981 | Min Dist 100 = 0.165 | Min Dist 1000 = 0.131 | Steps Per Second = 82.469 | Success = 1.000 | Success 1000 = 0.995
I0502 16:18:57.591798 139579566835264 terminal.py:91] [Evaluator] Actor Episodes = 28509 | Actor Steps = 1425450 | Delta Dist = 11.438 | Delta Dist 10 = 11.981 | Delta Dist 100 = 11.936 | Delta Dist 1000 = 11.803 | Episode Length = 50 | Episode Return = 29.0 | Evaluator Episodes = 7227 | Evaluator Steps = 361350 | Final Dist = 1.368 | Final Dist 10 = 0.825 | Final Dist 100 = 0.871 | Final Dist 1000 = 1.004 | Init Dist = 12.806 | Init Dist 10 = 12.806 | Init Dist 100 = 12.806 | Init Dist 1000 = 12.806 | Learner Steps = 22114 | Learner Walltime = 4360.652 | Min Dist = 0.108 | Min Dist 10 = 0.213 | Min Dist 100 = 0.220 | Min Dist 1000 = 0.342 | Steps Per Second = 83.449 | Success = 1.000 | Success 1000 = 0.974
I0502 16:18:58.753161 139579566835264 terminal.py:91] [Evaluator] Actor Episodes = 28513 | Actor Steps = 1425650 | Delta Dist = 12.188 | Delta Dist 10 = 11.855 | Delta Dist 100 = 11.929 | Delta Dist 1000 = 11.802 | Episode Length = 50 | Episode Return = 11.0 | Evaluator Episodes = 7229 | Evaluator Steps = 361450 | Final Dist = 0.618 | Final Dist 10 = 0.952 | Final Dist 100 = 0.877 | Final Dist 1000 = 1.004 | Init Dist = 12.806 | Init Dist 10 = 12.806 | Init Dist 100 = 12.806 | Init Dist 1000 = 12.806 | Learner Steps = 22120 | Learner Walltime = 4361.871 | Min Dist = 0.171 | Min Dist 10 = 0.265 | Min Dist 100 = 0.223 | Min Dist 1000 = 0.343 | Steps Per Second = 74.356 | Success = 1.000 | Success 1000 = 0.974
I0502 16:18:59.812299 139555860620864 terminal.py:91] [Actor] Actor Episodes = 28522 | Actor Steps = 1426100 | Delta Dist = 4.545 | Delta Dist 10 = 6.228 | Delta Dist 100 = 5.545 | Delta Dist 1000 = 4.654 | Episode Length = 50 | Episode Return = 26.0 | Evaluator Episodes = 7229 | Evaluator Steps = 361450 | Final Dist = 0.554 | Final Dist 10 = 0.804 | Final Dist 100 = 1.160 | Final Dist 1000 = 1.346 | Init Dist = 5.099 | Init Dist 10 = 7.031 | Init Dist 100 = 6.705 | Init Dist 1000 = 6.000 | Learner Steps = 22126 | Learner Walltime = 4363.139 | Min Dist = 0.070 | Min Dist 10 = 0.087 | Min Dist 100 = 0.175 | Min Dist 1000 = 0.133 | Steps Per Second = 78.327 | Success = 1.000 | Success 1000 = 0.995
I0502 16:18:59.999739 139579566835264 terminal.py:91] [Evaluator] Actor Episodes = 28521 | Actor Steps = 1426050 | Delta Dist = 12.404 | Delta Dist 10 = 11.340 | Delta Dist 100 = 11.869 | Delta Dist 1000 = 11.795 | Episode Length = 50 | Episode Return = 30.0 | Evaluator Episodes = 7231 | Evaluator Steps = 361550 | Final Dist = 0.403 | Final Dist 10 = 1.466 | Final Dist 100 = 0.937 | Final Dist 1000 = 1.012 | Init Dist = 12.806 | Init Dist 10 = 12.806 | Init Dist 100 = 12.806 | Init Dist 1000 = 12.806 | Learner Steps = 22132 | Learner Walltime = 4364.149 | Min Dist = 0.072 | Min Dist 10 = 0.881 | Min Dist 100 = 0.286 | Min Dist 1000 = 0.349 | Steps Per Second = 76.637 | Success = 1.000 | Success 1000 = 0.973
I0502 16:19:00.061379 139557462840896 terminal.py:91] [Actor] Actor Episodes = 28523 | Actor Steps = 1426150 | Delta Dist = 7.671 | Delta Dist 10 = 6.595 | Delta Dist 100 = 5.587 | Delta Dist 1000 = 4.645 | Episode Length = 50 | Episode Return = 50.0 | Evaluator Episodes = 7231 | Evaluator Steps = 361550 | Final Dist = 0.391 | Final Dist 10 = 0.630 | Final Dist 100 = 1.119 | Final Dist 1000 = 1.346 | Init Dist = 8.062 | Init Dist 10 = 7.225 | Init Dist 100 = 6.706 | Init Dist 1000 = 5.991 | Learner Steps = 22132 | Learner Walltime = 4364.149 | Min Dist = 0.030 | Min Dist 10 = 0.046 | Min Dist 100 = 0.175 | Min Dist 1000 = 0.133 | Steps Per Second = 80.623 | Success = 1.000 | Success 1000 = 0.995
I0502 16:19:00.158420 139569349502528 terminal.py:91] [Actor] Actor Episodes = 28525 | Actor Steps = 1426250 | Delta Dist = -1.859 | Delta Dist 10 = 6.679 | Delta Dist 100 = 5.604 | Delta Dist 1000 = 4.648 | Episode Length = 50 | Episode Return = 0.0 | Evaluator Episodes = 7231 | Evaluator Steps = 361550 | Final Dist = 9.921 | Final Dist 10 = 0.591 | Final Dist 100 = 1.115 | Final Dist 1000 = 1.345 | Init Dist = 8.062 | Init Dist 10 = 7.270 | Init Dist 100 = 6.719 | Init Dist 1000 = 5.994 | Learner Steps = 22132 | Learner Walltime = 4364.149 | Min Dist = 0.013 | Min Dist 10 = 0.045 | Min Dist 100 = 0.175 | Min Dist 1000 = 0.133 | Steps Per Second = 78.769 | Success = 1.000 | Success 1000 = 0.995
I0502 16:19:01.175036 139579566835264 terminal.py:91] [Evaluator] Actor Episodes = 28529 | Actor Steps = 1426450 | Delta Dist = 11.487 | Delta Dist 10 = 11.239 | Delta Dist 100 = 11.861 | Delta Dist 1000 = 11.794 | Episode Length = 50 | Episode Return = 14.0 | Evaluator Episodes = 7233 | Evaluator Steps = 361650 | Final Dist = 1.319 | Final Dist 10 = 1.567 | Final Dist 100 = 0.946 | Final Dist 1000 = 1.012 | Init Dist = 12.806 | Init Dist 10 = 12.806 | Init Dist 100 = 12.806 | Init Dist 1000 = 12.806 | Learner Steps = 22136 | Learner Walltime = 4365.160 | Min Dist = 0.042 | Min Dist 10 = 0.860 | Min Dist 100 = 0.284 | Min Dist 1000 = 0.349 | Steps Per Second = 90.062 | Success = 1.000 | Success 1000 = 0.973
I0502 16:19:02.040582 139584635659840 savers.py:156] Saving checkpoint: logs/contrastive_cpc_point_FourRooms_64/5dd72662-2788-11f0-b183-d85ed38c5779/checkpoints/counter
I0502 16:19:02.256272 139579566835264 terminal.py:91] [Evaluator] Actor Episodes = 28537 | Actor Steps = 1426850 | Delta Dist = 11.508 | Delta Dist 10 = 11.019 | Delta Dist 100 = 11.839 | Delta Dist 1000 = 11.800 | Episode Length = 50 | Episode Return = 3.0 | Evaluator Episodes = 7235 | Evaluator Steps = 361750 | Final Dist = 1.298 | Final Dist 10 = 1.788 | Final Dist 100 = 0.967 | Final Dist 1000 = 1.006 | Init Dist = 12.806 | Init Dist 10 = 12.806 | Init Dist 100 = 12.806 | Init Dist 1000 = 12.806 | Learner Steps = 22142 | Learner Walltime = 4366.272 | Min Dist = 0.572 | Min Dist 10 = 0.841 | Min Dist 100 = 0.283 | Min Dist 1000 = 0.342 | Steps Per Second = 96.359 | Success = 1.000 | Success 1000 = 0.974
I0502 16:19:03.018935 139584504182336 lp_utils.py:96] StepsLimiter: Reached 1427250 recorded steps
I0502 16:19:03.432926 139579566835264 terminal.py:91] [Evaluator] Actor Episodes = 28545 | Actor Steps = 1427250 | Delta Dist = 11.598 | Delta Dist 10 = 11.040 | Delta Dist 100 = 11.834 | Delta Dist 1000 = 11.800 | Episode Length = 50 | Episode Return = 1.0 | Evaluator Episodes = 7237 | Evaluator Steps = 361850 | Final Dist = 1.208 | Final Dist 10 = 1.767 | Final Dist 100 = 0.972 | Final Dist 1000 = 1.007 | Init Dist = 12.806 | Init Dist 10 = 12.806 | Init Dist 100 = 12.806 | Init Dist 1000 = 12.806 | Learner Steps = 22148 | Learner Walltime = 4367.500 | Min Dist = 0.177 | Min Dist 10 = 0.880 | Min Dist 100 = 0.288 | Min Dist 1000 = 0.342 | Steps Per Second = 84.127 | Success = 1.000 | Success 1000 = 0.974
I0502 16:19:04.678661 139579566835264 terminal.py:91] [Evaluator] Actor Episodes = 28553 | Actor Steps = 1427650 | Delta Dist = 12.014 | Delta Dist 10 = 11.080 | Delta Dist 100 = 11.830 | Delta Dist 1000 = 11.800 | Episode Length = 50 | Episode Return = 30.0 | Evaluator Episodes = 7239 | Evaluator Steps = 361950 | Final Dist = 0.792 | Final Dist 10 = 1.726 | Final Dist 100 = 0.976 | Final Dist 1000 = 1.007 | Init Dist = 12.806 | Init Dist 10 = 12.806 | Init Dist 100 = 12.806 | Init Dist 1000 = 12.806 | Learner Steps = 22154 | Learner Walltime = 4368.720 | Min Dist = 0.119 | Min Dist 10 = 0.826 | Min Dist 100 = 0.290 | Min Dist 1000 = 0.342 | Steps Per Second = 79.523 | Success = 1.000 | Success 1000 = 0.974
I0502 16:19:05.855506 139579566835264 terminal.py:91] [Evaluator] Actor Episodes = 28561 | Actor Steps = 1428050 | Delta Dist = 11.459 | Delta Dist 10 = 11.690 | Delta Dist 100 = 11.826 | Delta Dist 1000 = 11.800 | Episode Length = 50 | Episode Return = 17.0 | Evaluator Episodes = 7241 | Evaluator Steps = 362050 | Final Dist = 1.347 | Final Dist 10 = 1.116 | Final Dist 100 = 0.980 | Final Dist 1000 = 1.006 | Init Dist = 12.806 | Init Dist 10 = 12.806 | Init Dist 100 = 12.806 | Init Dist 1000 = 12.806 | Learner Steps = 22154 | Learner Walltime = 4368.720 | Min Dist = 0.052 | Min Dist 10 = 0.183 | Min Dist 100 = 0.290 | Min Dist 1000 = 0.341 | Steps Per Second = 80.259 | Success = 1.000 | Success 1000 = 0.974
I0502 16:19:06.011379 139555013154368 terminal.py:91] [Learner] Actor Episodes = 28561 | Actor Loss = 3.6791229248046875 | Actor Steps = 1428050 | Binary Accuracy = 0.9960505962371826 | Categorical Accuracy = 0.4302978515625 | Critic Loss = 1.7869535684585571 | Entropy Mean = -19.37155532836914 | Evaluator Episodes = 7241 | Evaluator Steps = 362050 | Learner Steps = 22163 | Learner Walltime = 4370.206 | Logits Neg = -17.196918487548828 | Logits Pos = -1.7674540281295776 | Logsumexp = 1.098236322402954 | Steps Per Second = 799.770
I0502 16:19:06.988216 139579566835264 terminal.py:91] [Evaluator] Actor Episodes = 28569 | Actor Steps = 1428450 | Delta Dist = 11.395 | Delta Dist 10 = 11.708 | Delta Dist 100 = 11.823 | Delta Dist 1000 = 11.799 | Episode Length = 50 | Episode Return = 1.0 | Evaluator Episodes = 7243 | Evaluator Steps = 362150 | Final Dist = 1.412 | Final Dist 10 = 1.098 | Final Dist 100 = 0.983 | Final Dist 1000 = 1.007 | Init Dist = 12.806 | Init Dist 10 = 12.806 | Init Dist 100 = 12.806 | Init Dist 1000 = 12.806 | Learner Steps = 22161 | Learner Walltime = 4370.083 | Min Dist = 0.872 | Min Dist 10 = 0.191 | Min Dist 100 = 0.289 | Min Dist 1000 = 0.341 | Steps Per Second = 91.552 | Success = 1.000 | Success 1000 = 0.974
I0502 16:19:07.583688 139558059398720 terminal.py:91] [Actor] Actor Episodes = 28575 | Actor Steps = 1428750 | Delta Dist = 3.617 | Delta Dist 10 = 2.883 | Delta Dist 100 = 4.930 | Delta Dist 1000 = 4.594 | Episode Length = 50 | Episode Return = 32.0 | Evaluator Episodes = 7243 | Evaluator Steps = 362150 | Final Dist = 1.383 | Final Dist 10 = 2.093 | Final Dist 100 = 1.418 | Final Dist 1000 = 1.367 | Init Dist = 5.000 | Init Dist 10 = 4.975 | Init Dist 100 = 6.348 | Init Dist 1000 = 5.961 | Learner Steps = 22167 | Learner Walltime = 4371.198 | Min Dist = 0.189 | Min Dist 10 = 0.278 | Min Dist 100 = 0.208 | Min Dist 1000 = 0.134 | Steps Per Second = 76.905 | Success = 1.000 | Success 1000 = 0.995
I0502 16:19:08.072373 139583350109760 savers.py:156] Saving checkpoint: logs/contrastive_cpc_point_FourRooms_64/5dd72662-2788-11f0-b183-d85ed38c5779/checkpoints/learner
I0502 16:19:08.252403 139579566835264 terminal.py:91] [Evaluator] Actor Episodes = 28577 | Actor Steps = 1428850 | Delta Dist = 12.141 | Delta Dist 10 = 11.822 | Delta Dist 100 = 11.836 | Delta Dist 1000 = 11.799 | Episode Length = 50 | Episode Return = 15.0 | Evaluator Episodes = 7245 | Evaluator Steps = 362250 | Final Dist = 0.665 | Final Dist 10 = 0.984 | Final Dist 100 = 0.971 | Final Dist 1000 = 1.007 | Init Dist = 12.806 | Init Dist 10 = 12.806 | Init Dist 100 = 12.806 | Init Dist 1000 = 12.806 | Learner Steps = 22172 | Learner Walltime = 4372.276 | Min Dist = 0.074 | Min Dist 10 = 0.281 | Min Dist 100 = 0.293 | Min Dist 1000 = 0.342 | Steps Per Second = 82.018 | Success = 1.000 | Success 1000 = 0.974
I0502 16:19:09.458356 139579566835264 terminal.py:91] [Evaluator] Actor Episodes = 28585 | Actor Steps = 1429250 | Delta Dist = 11.860 | Delta Dist 10 = 11.828 | Delta Dist 100 = 11.832 | Delta Dist 1000 = 11.800 | Episode Length = 50 | Episode Return = 25.0 | Evaluator Episodes = 7247 | Evaluator Steps = 362350 | Final Dist = 0.946 | Final Dist 10 = 0.979 | Final Dist 100 = 0.974 | Final Dist 1000 = 1.006 | Init Dist = 12.806 | Init Dist 10 = 12.806 | Init Dist 100 = 12.806 | Init Dist 1000 = 12.806 | Learner Steps = 22180 | Learner Walltime = 4373.644 | Min Dist = 0.096 | Min Dist 10 = 0.312 | Min Dist 100 = 0.302 | Min Dist 1000 = 0.342 | Steps Per Second = 73.296 | Success = 1.000 | Success 1000 = 0.973
I0502 16:19:10.025078 139555860620864 terminal.py:91] [Actor] Actor Episodes = 28593 | Actor Steps = 1429650 | Delta Dist = 2.296 | Delta Dist 10 = 5.009 | Delta Dist 100 = 4.810 | Delta Dist 1000 = 4.600 | Episode Length = 50 | Episode Return = 25.0 | Evaluator Episodes = 7247 | Evaluator Steps = 362350 | Final Dist = 0.532 | Final Dist 10 = 1.375 | Final Dist 100 = 1.293 | Final Dist 1000 = 1.367 | Init Dist = 2.828 | Init Dist 10 = 6.384 | Init Dist 100 = 6.103 | Init Dist 1000 = 5.966 | Learner Steps = 22180 | Learner Walltime = 4373.644 | Min Dist = 0.006 | Min Dist 10 = 0.123 | Min Dist 100 = 0.208 | Min Dist 1000 = 0.132 | Steps Per Second = 71.277 | Success = 1.000 | Success 1000 = 0.995
I0502 16:19:10.349259 139569349502528 terminal.py:91] [Actor] Actor Episodes = 28588 | Actor Steps = 1429400 | Delta Dist = 8.826 | Delta Dist 10 = 4.123 | Delta Dist 100 = 4.743 | Delta Dist 1000 = 4.598 | Episode Length = 50 | Episode Return = 29.0 | Evaluator Episodes = 7247 | Evaluator Steps = 362350 | Final Dist = 0.393 | Final Dist 10 = 1.404 | Final Dist 100 = 1.306 | Final Dist 1000 = 1.367 | Init Dist = 9.220 | Init Dist 10 = 5.527 | Init Dist 100 = 6.049 | Init Dist 1000 = 5.965 | Learner Steps = 22180 | Learner Walltime = 4373.644 | Min Dist = 0.046 | Min Dist 10 = 0.097 | Min Dist 100 = 0.208 | Min Dist 1000 = 0.132 | Steps Per Second = 87.105 | Success = 1.000 | Success 1000 = 0.995
I0502 16:19:10.463988 139557462840896 terminal.py:91] [Actor] Actor Episodes = 28590 | Actor Steps = 1429500 | Delta Dist = 4.903 | Delta Dist 10 = 4.758 | Delta Dist 100 = 4.756 | Delta Dist 1000 = 4.598 | Episode Length = 50 | Episode Return = 38.0 | Evaluator Episodes = 7247 | Evaluator Steps = 362350 | Final Dist = 0.196 | Final Dist 10 = 1.391 | Final Dist 100 = 1.302 | Final Dist 1000 = 1.367 | Init Dist = 5.099 | Init Dist 10 = 6.149 | Init Dist 100 = 6.058 | Init Dist 1000 = 5.965 | Learner Steps = 22180 | Learner Walltime = 4373.644 | Min Dist = 0.035 | Min Dist 10 = 0.093 | Min Dist 100 = 0.208 | Min Dist 1000 = 0.132 | Steps Per Second = 83.086 | Success = 1.000 | Success 1000 = 0.995
I0502 16:19:10.603134 139579566835264 terminal.py:91] [Evaluator] Actor Episodes = 28593 | Actor Steps = 1429650 | Delta Dist = 12.283 | Delta Dist 10 = 11.897 | Delta Dist 100 = 11.822 | Delta Dist 1000 = 11.801 | Episode Length = 50 | Episode Return = 18.0 | Evaluator Episodes = 7249 | Evaluator Steps = 362450 | Final Dist = 0.524 | Final Dist 10 = 0.910 | Final Dist 100 = 0.984 | Final Dist 1000 = 1.006 | Init Dist = 12.806 | Init Dist 10 = 12.806 | Init Dist 100 = 12.806 | Init Dist 1000 = 12.806 | Learner Steps = 22186 | Learner Walltime = 4374.799 | Min Dist = 0.202 | Min Dist 10 = 0.289 | Min Dist 100 = 0.301 | Min Dist 1000 = 0.342 | Steps Per Second = 93.830 | Success = 1.000 | Success 1000 = 0.973
I0502 16:19:11.733502 139579566835264 terminal.py:91] [Evaluator] Actor Episodes = 28601 | Actor Steps = 1430050 | Delta Dist = 12.540 | Delta Dist 10 = 11.998 | Delta Dist 100 = 11.833 | Delta Dist 1000 = 11.802 | Episode Length = 50 | Episode Return = 17.0 | Evaluator Episodes = 7251 | Evaluator Steps = 362550 | Final Dist = 0.266 | Final Dist 10 = 0.808 | Final Dist 100 = 0.973 | Final Dist 1000 = 1.005 | Init Dist = 12.806 | Init Dist 10 = 12.806 | Init Dist 100 = 12.806 | Init Dist 1000 = 12.806 | Learner Steps = 22191 | Learner Walltime = 4375.825 | Min Dist = 0.184 | Min Dist 10 = 0.301 | Min Dist 100 = 0.300 | Min Dist 1000 = 0.342 | Steps Per Second = 81.808 | Success = 1.000 | Success 1000 = 0.973
I0502 16:19:12.913356 139579566835264 terminal.py:91] [Evaluator] Actor Episodes = 28609 | Actor Steps = 1430450 | Delta Dist = 12.568 | Delta Dist 10 = 12.038 | Delta Dist 100 = 11.835 | Delta Dist 1000 = 11.802 | Episode Length = 50 | Episode Return = 25.0 | Evaluator Episodes = 7253 | Evaluator Steps = 362650 | Final Dist = 0.239 | Final Dist 10 = 0.768 | Final Dist 100 = 0.971 | Final Dist 1000 = 1.004 | Init Dist = 12.806 | Init Dist 10 = 12.806 | Init Dist 100 = 12.806 | Init Dist 1000 = 12.806 | Learner Steps = 22198 | Learner Walltime = 4377.071 | Min Dist = 0.068 | Min Dist 10 = 0.359 | Min Dist 100 = 0.306 | Min Dist 1000 = 0.342 | Steps Per Second = 80.238 | Success = 1.000 | Success 1000 = 0.973
I0502 16:19:13.040509 139584504182336 lp_utils.py:96] StepsLimiter: Reached 1430450 recorded steps
I0502 16:19:14.058934 139579566835264 terminal.py:91] [Evaluator] Actor Episodes = 28617 | Actor Steps = 1430850 | Delta Dist = 11.736 | Delta Dist 10 = 12.126 | Delta Dist 100 = 11.844 | Delta Dist 1000 = 11.802 | Episode Length = 50 | Episode Return = 21.0 | Evaluator Episodes = 7255 | Evaluator Steps = 362750 | Final Dist = 1.070 | Final Dist 10 = 0.680 | Final Dist 100 = 0.962 | Final Dist 1000 = 1.005 | Init Dist = 12.806 | Init Dist 10 = 12.806 | Init Dist 100 = 12.806 | Init Dist 1000 = 12.806 | Learner Steps = 22198 | Learner Walltime = 4377.071 | Min Dist = 0.211 | Min Dist 10 = 0.275 | Min Dist 100 = 0.306 | Min Dist 1000 = 0.342 | Steps Per Second = 83.006 | Success = 1.000 | Success 1000 = 0.973
I0502 16:19:15.290012 139579566835264 terminal.py:91] [Evaluator] Actor Episodes = 28625 | Actor Steps = 1431250 | Delta Dist = 11.580 | Delta Dist 10 = 12.138 | Delta Dist 100 = 11.852 | Delta Dist 1000 = 11.802 | Episode Length = 50 | Episode Return = 20.0 | Evaluator Episodes = 7257 | Evaluator Steps = 362850 | Final Dist = 1.226 | Final Dist 10 = 0.668 | Final Dist 100 = 0.954 | Final Dist 1000 = 1.005 | Init Dist = 12.806 | Init Dist 10 = 12.806 | Init Dist 100 = 12.806 | Init Dist 1000 = 12.806 | Learner Steps = 22204 | Learner Walltime = 4378.276 | Min Dist = 0.204 | Min Dist 10 = 0.233 | Min Dist 100 = 0.303 | Min Dist 1000 = 0.342 | Steps Per Second = 83.097 | Success = 1.000 | Success 1000 = 0.973
I0502 16:19:16.016814 139555013154368 terminal.py:91] [Learner] Actor Episodes = 28625 | Actor Loss = 3.714099645614624 | Actor Steps = 1431250 | Binary Accuracy = 0.9960207939147949 | Categorical Accuracy = 0.4158935546875 | Critic Loss = 1.840140700340271 | Entropy Mean = -19.89044189453125 | Evaluator Episodes = 7257 | Evaluator Steps = 362850 | Learner Steps = 22215 | Learner Walltime = 4380.217 | Logits Neg = -17.091442108154297 | Logits Pos = -1.8246990442276 | Logsumexp = 1.135556936264038 | Steps Per Second = 518.736
I0502 16:19:16.481312 139579566835264 terminal.py:91] [Evaluator] Actor Episodes = 28633 | Actor Steps = 1431650 | Delta Dist = 12.552 | Delta Dist 10 = 12.040 | Delta Dist 100 = 11.851 | Delta Dist 1000 = 11.800 | Episode Length = 50 | Episode Return = 16.0 | Evaluator Episodes = 7259 | Evaluator Steps = 362950 | Final Dist = 0.255 | Final Dist 10 = 0.766 | Final Dist 100 = 0.955 | Final Dist 1000 = 1.006 | Init Dist = 12.806 | Init Dist 10 = 12.806 | Init Dist 100 = 12.806 | Init Dist 1000 = 12.806 | Learner Steps = 22211 | Learner Walltime = 4379.572 | Min Dist = 0.215 | Min Dist 10 = 0.240 | Min Dist 100 = 0.299 | Min Dist 1000 = 0.343 | Steps Per Second = 85.734 | Success = 1.000 | Success 1000 = 0.973
I0502 16:19:17.670606 139579566835264 terminal.py:91] [Evaluator] Actor Episodes = 28641 | Actor Steps = 1432050 | Delta Dist = 11.555 | Delta Dist 10 = 11.973 | Delta Dist 100 = 11.857 | Delta Dist 1000 = 11.800 | Episode Length = 50 | Episode Return = 8.0 | Evaluator Episodes = 7261 | Evaluator Steps = 363050 | Final Dist = 1.252 | Final Dist 10 = 0.834 | Final Dist 100 = 0.949 | Final Dist 1000 = 1.006 | Init Dist = 12.806 | Init Dist 10 = 12.806 | Init Dist 100 = 12.806 | Init Dist 1000 = 12.806 | Learner Steps = 22223 | Learner Walltime = 4381.768 | Min Dist = 0.280 | Min Dist 10 = 0.303 | Min Dist 100 = 0.306 | Min Dist 1000 = 0.343 | Steps Per Second = 82.422 | Success = 1.000 | Success 1000 = 0.973
I0502 16:19:17.690842 139558059398720 terminal.py:91] [Actor] Actor Episodes = 28640 | Actor Steps = 1432000 | Delta Dist = 3.528 | Delta Dist 10 = 5.406 | Delta Dist 100 = 4.653 | Delta Dist 1000 = 4.593 | Episode Length = 50 | Episode Return = 42.0 | Evaluator Episodes = 7259 | Evaluator Steps = 362950 | Final Dist = 0.595 | Final Dist 10 = 0.611 | Final Dist 100 = 1.303 | Final Dist 1000 = 1.349 | Init Dist = 4.123 | Init Dist 10 = 6.017 | Init Dist 100 = 5.956 | Init Dist 1000 = 5.943 | Learner Steps = 22218 | Learner Walltime = 4380.753 | Min Dist = 0.058 | Min Dist 10 = 0.064 | Min Dist 100 = 0.199 | Min Dist 1000 = 0.137 | Steps Per Second = 81.932 | Success = 1.000 | Success 1000 = 0.995
I0502 16:19:18.890299 139579566835264 terminal.py:91] [Evaluator] Actor Episodes = 28649 | Actor Steps = 1432450 | Delta Dist = 11.297 | Delta Dist 10 = 11.891 | Delta Dist 100 = 11.853 | Delta Dist 1000 = 11.799 | Episode Length = 50 | Episode Return = 22.0 | Evaluator Episodes = 7263 | Evaluator Steps = 363150 | Final Dist = 1.509 | Final Dist 10 = 0.916 | Final Dist 100 = 0.953 | Final Dist 1000 = 1.008 | Init Dist = 12.806 | Init Dist 10 = 12.806 | Init Dist 100 = 12.806 | Init Dist 1000 = 12.806 | Learner Steps = 22229 | Learner Walltime = 4382.973 | Min Dist = 0.174 | Min Dist 10 = 0.252 | Min Dist 100 = 0.309 | Min Dist 1000 = 0.343 | Steps Per Second = 83.042 | Success = 1.000 | Success 1000 = 0.973
I0502 16:19:20.153215 139579566835264 terminal.py:91] [Evaluator] Actor Episodes = 28657 | Actor Steps = 1432850 | Delta Dist = 11.217 | Delta Dist 10 = 11.816 | Delta Dist 100 = 11.843 | Delta Dist 1000 = 11.798 | Episode Length = 50 | Episode Return = 21.0 | Evaluator Episodes = 7265 | Evaluator Steps = 363250 | Final Dist = 1.589 | Final Dist 10 = 0.990 | Final Dist 100 = 0.963 | Final Dist 1000 = 1.008 | Init Dist = 12.806 | Init Dist 10 = 12.806 | Init Dist 100 = 12.806 | Init Dist 1000 = 12.806 | Learner Steps = 22234 | Learner Walltime = 4383.982 | Min Dist = 0.134 | Min Dist 10 = 0.258 | Min Dist 100 = 0.308 | Min Dist 1000 = 0.343 | Steps Per Second = 83.700 | Success = 1.000 | Success 1000 = 0.973
I0502 16:19:20.382065 139555860620864 terminal.py:91] [Actor] Actor Episodes = 28658 | Actor Steps = 1432900 | Delta Dist = 5.811 | Delta Dist 10 = 5.807 | Delta Dist 100 = 5.004 | Delta Dist 1000 = 4.615 | Episode Length = 50 | Episode Return = 47.0 | Evaluator Episodes = 7263 | Evaluator Steps = 363150 | Final Dist = 0.514 | Final Dist 10 = 1.031 | Final Dist 100 = 1.161 | Final Dist 1000 = 1.339 | Init Dist = 6.325 | Init Dist 10 = 6.838 | Init Dist 100 = 6.166 | Init Dist 1000 = 5.954 | Learner Steps = 22229 | Learner Walltime = 4382.973 | Min Dist = 0.008 | Min Dist 10 = 0.100 | Min Dist 100 = 0.204 | Min Dist 1000 = 0.137 | Steps Per Second = 80.874 | Success = 1.000 | Success 1000 = 0.995
I0502 16:19:20.429876 139569349502528 terminal.py:91] [Actor] Actor Episodes = 28659 | Actor Steps = 1432950 | Delta Dist = 4.298 | Delta Dist 10 = 6.168 | Delta Dist 100 = 4.988 | Delta Dist 1000 = 4.615 | Episode Length = 50 | Episode Return = 35.0 | Evaluator Episodes = 7265 | Evaluator Steps = 363250 | Final Dist = 2.026 | Final Dist 10 = 0.595 | Final Dist 100 = 1.156 | Final Dist 1000 = 1.338 | Init Dist = 6.325 | Init Dist 10 = 6.763 | Init Dist 100 = 6.143 | Init Dist 1000 = 5.953 | Learner Steps = 22234 | Learner Walltime = 4383.982 | Min Dist = 0.008 | Min Dist 10 = 0.079 | Min Dist 100 = 0.203 | Min Dist 1000 = 0.137 | Steps Per Second = 90.372 | Success = 1.000 | Success 1000 = 0.995
I0502 16:19:20.579159 139557462840896 terminal.py:91] [Actor] Actor Episodes = 28661 | Actor Steps = 1433050 | Delta Dist = -0.102 | Delta Dist 10 = 5.941 | Delta Dist 100 = 4.944 | Delta Dist 1000 = 4.612 | Episode Length = 50 | Episode Return = 40.0 | Evaluator Episodes = 7265 | Evaluator Steps = 363250 | Final Dist = 4.102 | Final Dist 10 = 0.470 | Final Dist 100 = 1.156 | Final Dist 1000 = 1.339 | Init Dist = 4.000 | Init Dist 10 = 6.411 | Init Dist 100 = 6.100 | Init Dist 1000 = 5.951 | Learner Steps = 22234 | Learner Walltime = 4383.982 | Min Dist = 0.178 | Min Dist 10 = 0.073 | Min Dist 100 = 0.203 | Min Dist 1000 = 0.137 | Steps Per Second = 79.120 | Success = 1.000 | Success 1000 = 0.995
I0502 16:19:21.350363 139579566835264 terminal.py:91] [Evaluator] Actor Episodes = 28665 | Actor Steps = 1433250 | Delta Dist = 12.253 | Delta Dist 10 = 11.788 | Delta Dist 100 = 11.837 | Delta Dist 1000 = 11.797 | Episode Length = 50 | Episode Return = 24.0 | Evaluator Episodes = 7267 | Evaluator Steps = 363350 | Final Dist = 0.554 | Final Dist 10 = 1.018 | Final Dist 100 = 0.969 | Final Dist 1000 = 1.009 | Init Dist = 12.806 | Init Dist 10 = 12.806 | Init Dist 100 = 12.806 | Init Dist 1000 = 12.806 | Learner Steps = 22240 | Learner Walltime = 4385.202 | Min Dist = 0.082 | Min Dist 10 = 0.214 | Min Dist 100 = 0.308 | Min Dist 1000 = 0.343 | Steps Per Second = 90.282 | Success = 1.000 | Success 1000 = 0.973
I0502 16:19:22.578041 139579566835264 terminal.py:91] [Evaluator] Actor Episodes = 28673 | Actor Steps = 1433650 | Delta Dist = 11.824 | Delta Dist 10 = 11.855 | Delta Dist 100 = 11.835 | Delta Dist 1000 = 11.797 | Episode Length = 50 | Episode Return = 28.0 | Evaluator Episodes = 7269 | Evaluator Steps = 363450 | Final Dist = 0.982 | Final Dist 10 = 0.951 | Final Dist 100 = 0.971 | Final Dist 1000 = 1.009 | Init Dist = 12.806 | Init Dist 10 = 12.806 | Init Dist 100 = 12.806 | Init Dist 1000 = 12.806 | Learner Steps = 22247 | Learner Walltime = 4386.479 | Min Dist = 0.018 | Min Dist 10 = 0.215 | Min Dist 100 = 0.305 | Min Dist 1000 = 0.343 | Steps Per Second = 78.917 | Success = 1.000 | Success 1000 = 0.973
I0502 16:19:23.064460 139584504182336 lp_utils.py:96] StepsLimiter: Reached 1433850 recorded steps
I0502 16:19:23.795012 139579566835264 terminal.py:91] [Evaluator] Actor Episodes = 28681 | Actor Steps = 1434050 | Delta Dist = 12.404 | Delta Dist 10 = 11.898 | Delta Dist 100 = 11.841 | Delta Dist 1000 = 11.798 | Episode Length = 50 | Episode Return = 16.0 | Evaluator Episodes = 7271 | Evaluator Steps = 363550 | Final Dist = 0.403 | Final Dist 10 = 0.908 | Final Dist 100 = 0.965 | Final Dist 1000 = 1.009 | Init Dist = 12.806 | Init Dist 10 = 12.806 | Init Dist 100 = 12.806 | Init Dist 1000 = 12.806 | Learner Steps = 22253 | Learner Walltime = 4387.733 | Min Dist = 0.320 | Min Dist 10 = 0.138 | Min Dist 100 = 0.300 | Min Dist 1000 = 0.343 | Steps Per Second = 79.280 | Success = 1.000 | Success 1000 = 0.973
I0502 16:19:24.985374 139579566835264 terminal.py:91] [Evaluator] Actor Episodes = 28689 | Actor Steps = 1434450 | Delta Dist = 12.039 | Delta Dist 10 = 11.968 | Delta Dist 100 = 11.841 | Delta Dist 1000 = 11.799 | Episode Length = 50 | Episode Return = 2.0 | Evaluator Episodes = 7273 | Evaluator Steps = 363650 | Final Dist = 0.767 | Final Dist 10 = 0.839 | Final Dist 100 = 0.965 | Final Dist 1000 = 1.007 | Init Dist = 12.806 | Init Dist 10 = 12.806 | Init Dist 100 = 12.806 | Init Dist 1000 = 12.806 | Learner Steps = 22259 | Learner Walltime = 4388.929 | Min Dist = 0.255 | Min Dist 10 = 0.178 | Min Dist 100 = 0.303 | Min Dist 1000 = 0.343 | Steps Per Second = 80.986 | Success = 1.000 | Success 1000 = 0.973
I0502 16:19:26.027441 139555013154368 terminal.py:91] [Learner] Actor Episodes = 28697 | Actor Loss = 3.615217685699463 | Actor Steps = 1434850 | Binary Accuracy = 0.9960644245147705 | Categorical Accuracy = 0.4287109375 | Critic Loss = 1.800663709640503 | Entropy Mean = -18.9294490814209 | Evaluator Episodes = 7273 | Evaluator Steps = 363650 | Learner Steps = 22267 | Learner Walltime = 4390.227 | Logits Neg = -16.991613388061523 | Logits Pos = -1.7678264379501343 | Logsumexp = 1.024446964263916 | Steps Per Second = 1072.811
I0502 16:19:26.159622 139579566835264 terminal.py:91] [Evaluator] Actor Episodes = 28697 | Actor Steps = 1434850 | Delta Dist = 11.122 | Delta Dist 10 = 11.896 | Delta Dist 100 = 11.834 | Delta Dist 1000 = 11.799 | Episode Length = 50 | Episode Return = 3.0 | Evaluator Episodes = 7275 | Evaluator Steps = 363750 | Final Dist = 1.684 | Final Dist 10 = 0.911 | Final Dist 100 = 0.972 | Final Dist 1000 = 1.007 | Init Dist = 12.806 | Init Dist 10 = 12.806 | Init Dist 100 = 12.806 | Init Dist 1000 = 12.806 | Learner Steps = 22265 | Learner Walltime = 4390.089 | Min Dist = 0.101 | Min Dist 10 = 0.243 | Min Dist 100 = 0.307 | Min Dist 1000 = 0.344 | Steps Per Second = 94.912 | Success = 1.000 | Success 1000 = 0.973
I0502 16:19:27.335484 139579566835264 terminal.py:91] [Evaluator] Actor Episodes = 28705 | Actor Steps = 1435250 | Delta Dist = 11.356 | Delta Dist 10 = 11.842 | Delta Dist 100 = 11.827 | Delta Dist 1000 = 11.798 | Episode Length = 50 | Episode Return = 2.0 | Evaluator Episodes = 7277 | Evaluator Steps = 363850 | Final Dist = 1.450 | Final Dist 10 = 0.964 | Final Dist 100 = 0.980 | Final Dist 1000 = 1.009 | Init Dist = 12.806 | Init Dist 10 = 12.806 | Init Dist 100 = 12.806 | Init Dist 1000 = 12.806 | Learner Steps = 22271 | Learner Walltime = 4391.303 | Min Dist = 0.850 | Min Dist 10 = 0.239 | Min Dist 100 = 0.306 | Min Dist 1000 = 0.344 | Steps Per Second = 94.464 | Success = 1.000 | Success 1000 = 0.973
I0502 16:19:27.981824 139558059398720 terminal.py:91] [Actor] Actor Episodes = 28711 | Actor Steps = 1435550 | Delta Dist = 0.998 | Delta Dist 10 = 4.749 | Delta Dist 100 = 4.526 | Delta Dist 1000 = 4.576 | Episode Length = 50 | Episode Return = 49.0 | Evaluator Episodes = 7277 | Evaluator Steps = 363850 | Final Dist = 0.002 | Final Dist 10 = 1.433 | Final Dist 100 = 1.480 | Final Dist 1000 = 1.368 | Init Dist = 1.000 | Init Dist 10 = 6.182 | Init Dist 100 = 6.007 | Init Dist 1000 = 5.944 | Learner Steps = 22271 | Learner Walltime = 4391.303 | Min Dist = 0.002 | Min Dist 10 = 0.540 | Min Dist 100 = 0.293 | Min Dist 1000 = 0.149 | Steps Per Second = 99.674 | Success = 1.000 | Success 1000 = 0.995
I0502 16:19:28.494650 139579566835264 terminal.py:91] [Evaluator] Actor Episodes = 28713 | Actor Steps = 1435650 | Delta Dist = 11.925 | Delta Dist 10 = 11.783 | Delta Dist 100 = 11.828 | Delta Dist 1000 = 11.796 | Episode Length = 50 | Episode Return = 22.0 | Evaluator Episodes = 7279 | Evaluator Steps = 363950 | Final Dist = 0.882 | Final Dist 10 = 1.024 | Final Dist 100 = 0.978 | Final Dist 1000 = 1.010 | Init Dist = 12.806 | Init Dist 10 = 12.806 | Init Dist 100 = 12.806 | Init Dist 1000 = 12.806 | Learner Steps = 22277 | Learner Walltime = 4392.572 | Min Dist = 0.104 | Min Dist 10 = 0.304 | Min Dist 100 = 0.310 | Min Dist 1000 = 0.344 | Steps Per Second = 84.278 | Success = 1.000 | Success 1000 = 0.973
I0502 16:19:29.803822 139579566835264 terminal.py:91] [Evaluator] Actor Episodes = 28721 | Actor Steps = 1436050 | Delta Dist = 11.946 | Delta Dist 10 = 11.733 | Delta Dist 100 = 11.825 | Delta Dist 1000 = 11.796 | Episode Length = 50 | Episode Return = 18.0 | Evaluator Episodes = 7281 | Evaluator Steps = 364050 | Final Dist = 0.861 | Final Dist 10 = 1.073 | Final Dist 100 = 0.981 | Final Dist 1000 = 1.010 | Init Dist = 12.806 | Init Dist 10 = 12.806 | Init Dist 100 = 12.806 | Init Dist 1000 = 12.806 | Learner Steps = 22284 | Learner Walltime = 4393.840 | Min Dist = 0.242 | Min Dist 10 = 0.312 | Min Dist 100 = 0.309 | Min Dist 1000 = 0.345 | Steps Per Second = 72.099 | Success = 1.000 | Success 1000 = 0.973
I0502 16:19:30.856759 139557462840896 terminal.py:91] [Actor] Actor Episodes = 28724 | Actor Steps = 1436200 | Delta Dist = -0.362 | Delta Dist 10 = 3.296 | Delta Dist 100 = 4.238 | Delta Dist 1000 = 4.548 | Episode Length = 50 | Episode Return = 0.0 | Evaluator Episodes = 7281 | Evaluator Steps = 364050 | Final Dist = 7.433 | Final Dist 10 = 1.832 | Final Dist 100 = 1.480 | Final Dist 1000 = 1.379 | Init Dist = 7.071 | Init Dist 10 = 5.128 | Init Dist 100 = 5.719 | Init Dist 1000 = 5.928 | Learner Steps = 22284 | Learner Walltime = 4393.840 | Min Dist = 0.006 | Min Dist 10 = 0.112 | Min Dist 100 = 0.206 | Min Dist 1000 = 0.149 | Steps Per Second = 75.530 | Success = 1.000 | Success 1000 = 0.995
I0502 16:19:30.918217 139555860620864 terminal.py:91] [Actor] Actor Episodes = 28729 | Actor Steps = 1436450 | Delta Dist = 2.589 | Delta Dist 10 = 2.988 | Delta Dist 100 = 4.258 | Delta Dist 1000 = 4.545 | Episode Length = 50 | Episode Return = 0.0 | Evaluator Episodes = 7281 | Evaluator Steps = 364050 | Final Dist = 0.239 | Final Dist 10 = 2.147 | Final Dist 100 = 1.437 | Final Dist 1000 = 1.382 | Init Dist = 2.828 | Init Dist 10 = 5.135 | Init Dist 100 = 5.695 | Init Dist 1000 = 5.928 | Learner Steps = 22284 | Learner Walltime = 4393.840 | Min Dist = 0.113 | Min Dist 10 = 0.097 | Min Dist 100 = 0.203 | Min Dist 1000 = 0.148 | Steps Per Second = 88.062 | Success = 1.000 | Success 1000 = 0.995
I0502 16:19:30.971836 139569349502528 terminal.py:91] [Actor] Actor Episodes = 28726 | Actor Steps = 1436300 | Delta Dist = 6.573 | Delta Dist 10 = 2.686 | Delta Dist 100 = 4.237 | Delta Dist 1000 = 4.546 | Episode Length = 50 | Episode Return = 20.0 | Evaluator Episodes = 7281 | Evaluator Steps = 364050 | Final Dist = 0.498 | Final Dist 10 = 2.099 | Final Dist 100 = 1.432 | Final Dist 1000 = 1.382 | Init Dist = 7.071 | Init Dist 10 = 4.785 | Init Dist 100 = 5.669 | Init Dist 1000 = 5.928 | Learner Steps = 22284 | Learner Walltime = 4393.840 | Min Dist = 0.104 | Min Dist 10 = 0.097 | Min Dist 100 = 0.203 | Min Dist 1000 = 0.148 | Steps Per Second = 78.157 | Success = 1.000 | Success 1000 = 0.995
I0502 16:19:30.999917 139579566835264 terminal.py:91] [Evaluator] Actor Episodes = 28729 | Actor Steps = 1436450 | Delta Dist = 12.642 | Delta Dist 10 = 11.677 | Delta Dist 100 = 11.818 | Delta Dist 1000 = 11.796 | Episode Length = 50 | Episode Return = 31.0 | Evaluator Episodes = 7283 | Evaluator Steps = 364150 | Final Dist = 0.164 | Final Dist 10 = 1.129 | Final Dist 100 = 0.989 | Final Dist 1000 = 1.010 | Init Dist = 12.806 | Init Dist 10 = 12.806 | Init Dist 100 = 12.806 | Init Dist 1000 = 12.806 | Learner Steps = 22290 | Learner Walltime = 4395.143 | Min Dist = 0.067 | Min Dist 10 = 0.281 | Min Dist 100 = 0.309 | Min Dist 1000 = 0.344 | Steps Per Second = 82.754 | Success = 1.000 | Success 1000 = 0.973
I0502 16:19:32.288855 139579566835264 terminal.py:91] [Evaluator] Actor Episodes = 28737 | Actor Steps = 1436850 | Delta Dist = 12.497 | Delta Dist 10 = 11.760 | Delta Dist 100 = 11.821 | Delta Dist 1000 = 11.797 | Episode Length = 50 | Episode Return = 25.0 | Evaluator Episodes = 7285 | Evaluator Steps = 364250 | Final Dist = 0.309 | Final Dist 10 = 1.046 | Final Dist 100 = 0.985 | Final Dist 1000 = 1.009 | Init Dist = 12.806 | Init Dist 10 = 12.806 | Init Dist 100 = 12.806 | Init Dist 1000 = 12.806 | Learner Steps = 22297 | Learner Walltime = 4396.482 | Min Dist = 0.266 | Min Dist 10 = 0.209 | Min Dist 100 = 0.304 | Min Dist 1000 = 0.344 | Steps Per Second = 76.207 | Success = 1.000 | Success 1000 = 0.973
I0502 16:19:33.081399 139584504182336 lp_utils.py:96] StepsLimiter: Reached 1437150 recorded steps
I0502 16:19:33.372833 139579566835264 terminal.py:91] [Evaluator] Actor Episodes = 28743 | Actor Steps = 1437150 | Delta Dist = 11.488 | Delta Dist 10 = 11.945 | Delta Dist 100 = 11.834 | Delta Dist 1000 = 11.798 | Episode Length = 50 | Episode Return = 7.0 | Evaluator Episodes = 7287 | Evaluator Steps = 364350 | Final Dist = 1.318 | Final Dist 10 = 0.862 | Final Dist 100 = 0.972 | Final Dist 1000 = 1.008 | Init Dist = 12.806 | Init Dist 10 = 12.806 | Init Dist 100 = 12.806 | Init Dist 1000 = 12.806 | Learner Steps = 22297 | Learner Walltime = 4396.482 | Min Dist = 0.032 | Min Dist 10 = 0.228 | Min Dist 100 = 0.305 | Min Dist 1000 = 0.344 | Steps Per Second = 94.795 | Success = 1.000 | Success 1000 = 0.973
I0502 16:19:34.586482 139579566835264 terminal.py:91] [Evaluator] Actor Episodes = 28751 | Actor Steps = 1437550 | Delta Dist = 12.277 | Delta Dist 10 = 12.025 | Delta Dist 100 = 11.832 | Delta Dist 1000 = 11.805 | Episode Length = 50 | Episode Return = 19.0 | Evaluator Episodes = 7289 | Evaluator Steps = 364450 | Final Dist = 0.529 | Final Dist 10 = 0.782 | Final Dist 100 = 0.974 | Final Dist 1000 = 1.002 | Init Dist = 12.806 | Init Dist 10 = 12.806 | Init Dist 100 = 12.806 | Init Dist 1000 = 12.806 | Learner Steps = 22304 | Learner Walltime = 4397.802 | Min Dist = 0.195 | Min Dist 10 = 0.151 | Min Dist 100 = 0.303 | Min Dist 1000 = 0.337 | Steps Per Second = 85.094 | Success = 1.000 | Success 1000 = 0.974
I0502 16:19:35.817336 139579566835264 terminal.py:91] [Evaluator] Actor Episodes = 28759 | Actor Steps = 1437950 | Delta Dist = 11.471 | Delta Dist 10 = 12.047 | Delta Dist 100 = 11.837 | Delta Dist 1000 = 11.804 | Episode Length = 50 | Episode Return = 22.0 | Evaluator Episodes = 7291 | Evaluator Steps = 364550 | Final Dist = 1.335 | Final Dist 10 = 0.759 | Final Dist 100 = 0.969 | Final Dist 1000 = 1.002 | Init Dist = 12.806 | Init Dist 10 = 12.806 | Init Dist 100 = 12.806 | Init Dist 1000 = 12.806 | Learner Steps = 22310 | Learner Walltime = 4399.072 | Min Dist = 0.041 | Min Dist 10 = 0.199 | Min Dist 100 = 0.309 | Min Dist 1000 = 0.338 | Steps Per Second = 85.057 | Success = 1.000 | Success 1000 = 0.974
I0502 16:19:36.075114 139555013154368 terminal.py:91] [Learner] Actor Episodes = 28761 | Actor Loss = 3.5842909812927246 | Actor Steps = 1438050 | Binary Accuracy = 0.9960076808929443 | Categorical Accuracy = 0.4189453125 | Critic Loss = 1.8201508522033691 | Entropy Mean = -20.57632064819336 | Evaluator Episodes = 7291 | Evaluator Steps = 364550 | Learner Steps = 22316 | Learner Walltime = 4400.266 | Logits Neg = -17.264223098754883 | Logits Pos = -1.8102247714996338 | Logsumexp = 1.1684739589691162 | Steps Per Second = 198.793
I0502 16:19:37.042960 139579566835264 terminal.py:91] [Evaluator] Actor Episodes = 28767 | Actor Steps = 1438350 | Delta Dist = 12.444 | Delta Dist 10 = 12.010 | Delta Dist 100 = 11.835 | Delta Dist 1000 = 11.804 | Episode Length = 50 | Episode Return = 15.0 | Evaluator Episodes = 7293 | Evaluator Steps = 364650 | Final Dist = 0.363 | Final Dist 10 = 0.797 | Final Dist 100 = 0.971 | Final Dist 1000 = 1.003 | Init Dist = 12.806 | Init Dist 10 = 12.806 | Init Dist 100 = 12.806 | Init Dist 1000 = 12.806 | Learner Steps = 22316 | Learner Walltime = 4400.266 | Min Dist = 0.018 | Min Dist 10 = 0.171 | Min Dist 100 = 0.305 | Min Dist 1000 = 0.337 | Steps Per Second = 78.682 | Success = 1.000 | Success 1000 = 0.974
I0502 16:19:38.277170 139579566835264 terminal.py:91] [Evaluator] Actor Episodes = 28773 | Actor Steps = 1438650 | Delta Dist = 12.328 | Delta Dist 10 = 12.073 | Delta Dist 100 = 11.846 | Delta Dist 1000 = 11.805 | Episode Length = 50 | Episode Return = 27.0 | Evaluator Episodes = 7295 | Evaluator Steps = 364750 | Final Dist = 0.478 | Final Dist 10 = 0.734 | Final Dist 100 = 0.960 | Final Dist 1000 = 1.001 | Init Dist = 12.806 | Init Dist 10 = 12.806 | Init Dist 100 = 12.806 | Init Dist 1000 = 12.806 | Learner Steps = 22322 | Learner Walltime = 4401.581 | Min Dist = 0.082 | Min Dist 10 = 0.175 | Min Dist 100 = 0.301 | Min Dist 1000 = 0.337 | Steps Per Second = 76.103 | Success = 1.000 | Success 1000 = 0.974
I0502 16:19:38.604565 139558059398720 terminal.py:91] [Actor] Actor Episodes = 28778 | Actor Steps = 1438900 | Delta Dist = 10.266 | Delta Dist 10 = 5.112 | Delta Dist 100 = 4.252 | Delta Dist 1000 = 4.558 | Episode Length = 50 | Episode Return = 29.0 | Evaluator Episodes = 7295 | Evaluator Steps = 364750 | Final Dist = 0.029 | Final Dist 10 = 0.646 | Final Dist 100 = 1.523 | Final Dist 1000 = 1.400 | Init Dist = 10.296 | Init Dist 10 = 5.758 | Init Dist 100 = 5.774 | Init Dist 1000 = 5.958 | Learner Steps = 22329 | Learner Walltime = 4402.786 | Min Dist = 0.010 | Min Dist 10 = 0.184 | Min Dist 100 = 0.213 | Min Dist 1000 = 0.155 | Steps Per Second = 73.356 | Success = 1.000 | Success 1000 = 0.995
I0502 16:19:39.506177 139579566835264 terminal.py:91] [Evaluator] Actor Episodes = 28782 | Actor Steps = 1439100 | Delta Dist = 12.087 | Delta Dist 10 = 11.978 | Delta Dist 100 = 11.838 | Delta Dist 1000 = 11.805 | Episode Length = 50 | Episode Return = 25.0 | Evaluator Episodes = 7297 | Evaluator Steps = 364850 | Final Dist = 0.720 | Final Dist 10 = 0.828 | Final Dist 100 = 0.968 | Final Dist 1000 = 1.001 | Init Dist = 12.806 | Init Dist 10 = 12.806 | Init Dist 100 = 12.806 | Init Dist 1000 = 12.806 | Learner Steps = 22329 | Learner Walltime = 4402.786 | Min Dist = 0.059 | Min Dist 10 = 0.154 | Min Dist 100 = 0.299 | Min Dist 1000 = 0.337 | Steps Per Second = 85.443 | Success = 1.000 | Success 1000 = 0.974
I0502 16:19:40.670092 139579566835264 terminal.py:91] [Evaluator] Actor Episodes = 28790 | Actor Steps = 1439500 | Delta Dist = 11.447 | Delta Dist 10 = 11.954 | Delta Dist 100 = 11.833 | Delta Dist 1000 = 11.804 | Episode Length = 50 | Episode Return = 7.0 | Evaluator Episodes = 7299 | Evaluator Steps = 364950 | Final Dist = 1.360 | Final Dist 10 = 0.852 | Final Dist 100 = 0.973 | Final Dist 1000 = 1.002 | Init Dist = 12.806 | Init Dist 10 = 12.806 | Init Dist 100 = 12.806 | Init Dist 1000 = 12.806 | Learner Steps = 22336 | Learner Walltime = 4404.118 | Min Dist = 0.518 | Min Dist 10 = 0.140 | Min Dist 100 = 0.293 | Min Dist 1000 = 0.337 | Steps Per Second = 90.299 | Success = 1.000 | Success 1000 = 0.974
I0502 16:19:41.055481 139569349502528 terminal.py:91] [Actor] Actor Episodes = 28791 | Actor Steps = 1439550 | Delta Dist = 9.492 | Delta Dist 10 = 4.025 | Delta Dist 100 = 4.378 | Delta Dist 1000 = 4.528 | Episode Length = 50 | Episode Return = 46.0 | Evaluator Episodes = 7297 | Evaluator Steps = 364850 | Final Dist = 0.558 | Final Dist 10 = 1.604 | Final Dist 100 = 1.329 | Final Dist 1000 = 1.392 | Init Dist = 10.050 | Init Dist 10 = 5.629 | Init Dist 100 = 5.707 | Init Dist 1000 = 5.920 | Learner Steps = 22336 | Learner Walltime = 4404.118 | Min Dist = 0.118 | Min Dist 10 = 0.078 | Min Dist 100 = 0.198 | Min Dist 1000 = 0.153 | Steps Per Second = 86.014 | Success = 1.000 | Success 1000 = 0.996
I0502 16:19:41.311074 139557462840896 terminal.py:91] [Actor] Actor Episodes = 28796 | Actor Steps = 1439800 | Delta Dist = 4.057 | Delta Dist 10 = 4.702 | Delta Dist 100 = 4.385 | Delta Dist 1000 = 4.530 | Episode Length = 50 | Episode Return = 29.0 | Evaluator Episodes = 7299 | Evaluator Steps = 364950 | Final Dist = 0.186 | Final Dist 10 = 1.649 | Final Dist 100 = 1.337 | Final Dist 1000 = 1.393 | Init Dist = 4.243 | Init Dist 10 = 6.351 | Init Dist 100 = 5.721 | Init Dist 1000 = 5.923 | Learner Steps = 22341 | Learner Walltime = 4405.221 | Min Dist = 0.065 | Min Dist 10 = 0.087 | Min Dist 100 = 0.199 | Min Dist 1000 = 0.153 | Steps Per Second = 77.613 | Success = 1.000 | Success 1000 = 0.996
I0502 16:19:41.557606 139555860620864 terminal.py:91] [Actor] Actor Episodes = 28793 | Actor Steps = 1439650 | Delta Dist = 7.242 | Delta Dist 10 = 5.593 | Delta Dist 100 = 4.447 | Delta Dist 1000 = 4.540 | Episode Length = 50 | Episode Return = 27.0 | Evaluator Episodes = 7299 | Evaluator Steps = 364950 | Final Dist = 1.004 | Final Dist 10 = 1.341 | Final Dist 100 = 1.328 | Final Dist 1000 = 1.394 | Init Dist = 8.246 | Init Dist 10 = 6.935 | Init Dist 100 = 5.775 | Init Dist 1000 = 5.934 | Learner Steps = 22336 | Learner Walltime = 4404.118 | Min Dist = 0.200 | Min Dist 10 = 0.075 | Min Dist 100 = 0.199 | Min Dist 1000 = 0.153 | Steps Per Second = 78.231 | Success = 1.000 | Success 1000 = 0.996
I0502 16:19:41.868219 139579566835264 terminal.py:91] [Evaluator] Actor Episodes = 28798 | Actor Steps = 1439900 | Delta Dist = 12.571 | Delta Dist 10 = 11.895 | Delta Dist 100 = 11.815 | Delta Dist 1000 = 11.804 | Episode Length = 50 | Episode Return = 14.0 | Evaluator Episodes = 7301 | Evaluator Steps = 365050 | Final Dist = 0.236 | Final Dist 10 = 0.911 | Final Dist 100 = 0.991 | Final Dist 1000 = 1.003 | Init Dist = 12.806 | Init Dist 10 = 12.806 | Init Dist 100 = 12.806 | Init Dist 1000 = 12.806 | Learner Steps = 22341 | Learner Walltime = 4405.221 | Min Dist = 0.236 | Min Dist 10 = 0.127 | Min Dist 100 = 0.297 | Min Dist 1000 = 0.337 | Steps Per Second = 80.684 | Success = 1.000 | Success 1000 = 0.974
I0502 16:19:43.065480 139579566835264 terminal.py:91] [Evaluator] Actor Episodes = 28806 | Actor Steps = 1440300 | Delta Dist = 12.576 | Delta Dist 10 = 12.104 | Delta Dist 100 = 11.827 | Delta Dist 1000 = 11.804 | Episode Length = 50 | Episode Return = 22.0 | Evaluator Episodes = 7303 | Evaluator Steps = 365150 | Final Dist = 0.230 | Final Dist 10 = 0.703 | Final Dist 100 = 0.979 | Final Dist 1000 = 1.002 | Init Dist = 12.806 | Init Dist 10 = 12.806 | Init Dist 100 = 12.806 | Init Dist 1000 = 12.806 | Learner Steps = 22347 | Learner Walltime = 4406.384 | Min Dist = 0.141 | Min Dist 10 = 0.149 | Min Dist 100 = 0.295 | Min Dist 1000 = 0.336 | Steps Per Second = 83.954 | Success = 1.000 | Success 1000 = 0.974
I0502 16:19:43.095921 139584504182336 lp_utils.py:96] StepsLimiter: Reached 1440300 recorded steps
I0502 16:19:44.271102 139579566835264 terminal.py:91] [Evaluator] Actor Episodes = 28814 | Actor Steps = 1440700 | Delta Dist = 12.112 | Delta Dist 10 = 12.107 | Delta Dist 100 = 11.837 | Delta Dist 1000 = 11.806 | Episode Length = 50 | Episode Return = 17.0 | Evaluator Episodes = 7305 | Evaluator Steps = 365250 | Final Dist = 0.694 | Final Dist 10 = 0.699 | Final Dist 100 = 0.970 | Final Dist 1000 = 1.000 | Init Dist = 12.806 | Init Dist 10 = 12.806 | Init Dist 100 = 12.806 | Init Dist 1000 = 12.806 | Learner Steps = 22354 | Learner Walltime = 4407.673 | Min Dist = 0.286 | Min Dist 10 = 0.171 | Min Dist 100 = 0.295 | Min Dist 1000 = 0.337 | Steps Per Second = 83.836 | Success = 1.000 | Success 1000 = 0.974
I0502 16:19:45.473521 139579566835264 terminal.py:91] [Evaluator] Actor Episodes = 28822 | Actor Steps = 1441100 | Delta Dist = 11.417 | Delta Dist 10 = 12.204 | Delta Dist 100 = 11.850 | Delta Dist 1000 = 11.805 | Episode Length = 50 | Episode Return = 4.0 | Evaluator Episodes = 7307 | Evaluator Steps = 365350 | Final Dist = 1.390 | Final Dist 10 = 0.602 | Final Dist 100 = 0.956 | Final Dist 1000 = 1.001 | Init Dist = 12.806 | Init Dist 10 = 12.806 | Init Dist 100 = 12.806 | Init Dist 1000 = 12.806 | Learner Steps = 22360 | Learner Walltime = 4408.952 | Min Dist = 0.192 | Min Dist 10 = 0.181 | Min Dist 100 = 0.297 | Min Dist 1000 = 0.337 | Steps Per Second = 89.318 | Success = 1.000 | Success 1000 = 0.974
I0502 16:19:46.084345 139555013154368 terminal.py:91] [Learner] Actor Episodes = 28826 | Actor Loss = 3.6137137413024902 | Actor Steps = 1441300 | Binary Accuracy = 0.996044397354126 | Categorical Accuracy = 0.42388916015625 | Critic Loss = 1.8087031841278076 | Entropy Mean = -19.612140655517578 | Evaluator Episodes = 7307 | Evaluator Steps = 365350 | Learner Steps = 22368 | Learner Walltime = 4410.282 | Logits Neg = -16.873214721679688 | Logits Pos = -1.801430583000183 | Logsumexp = 1.0686519145965576 | Steps Per Second = 892.651
I0502 16:19:46.586927 139579566835264 terminal.py:91] [Evaluator] Actor Episodes = 28830 | Actor Steps = 1441500 | Delta Dist = 11.731 | Delta Dist 10 = 12.155 | Delta Dist 100 = 11.850 | Delta Dist 1000 = 11.804 | Episode Length = 50 | Episode Return = 13.0 | Evaluator Episodes = 7309 | Evaluator Steps = 365450 | Final Dist = 1.075 | Final Dist 10 = 0.651 | Final Dist 100 = 0.956 | Final Dist 1000 = 1.002 | Init Dist = 12.806 | Init Dist 10 = 12.806 | Init Dist 100 = 12.806 | Init Dist 1000 = 12.806 | Learner Steps = 22366 | Learner Walltime = 4410.157 | Min Dist = 0.395 | Min Dist 10 = 0.291 | Min Dist 100 = 0.303 | Min Dist 1000 = 0.337 | Steps Per Second = 87.257 | Success = 1.000 | Success 1000 = 0.974
I0502 16:19:47.900973 139579566835264 terminal.py:91] [Evaluator] Actor Episodes = 28838 | Actor Steps = 1441900 | Delta Dist = 11.491 | Delta Dist 10 = 12.130 | Delta Dist 100 = 11.847 | Delta Dist 1000 = 11.803 | Episode Length = 50 | Episode Return = 1.0 | Evaluator Episodes = 7311 | Evaluator Steps = 365550 | Final Dist = 1.315 | Final Dist 10 = 0.677 | Final Dist 100 = 0.960 | Final Dist 1000 = 1.003 | Init Dist = 12.806 | Init Dist 10 = 12.806 | Init Dist 100 = 12.806 | Init Dist 1000 = 12.806 | Learner Steps = 22372 | Learner Walltime = 4411.255 | Min Dist = 0.297 | Min Dist 10 = 0.285 | Min Dist 100 = 0.300 | Min Dist 1000 = 0.338 | Steps Per Second = 72.076 | Success = 1.000 | Success 1000 = 0.974
I0502 16:19:48.780681 139558059398720 terminal.py:91] [Actor] Actor Episodes = 28841 | Actor Steps = 1442050 | Delta Dist = 3.865 | Delta Dist 10 = 3.049 | Delta Dist 100 = 4.588 | Delta Dist 1000 = 4.528 | Episode Length = 50 | Episode Return = 30.0 | Evaluator Episodes = 7311 | Evaluator Steps = 365550 | Final Dist = 0.607 | Final Dist 10 = 1.162 | Final Dist 100 = 1.231 | Final Dist 1000 = 1.372 | Init Dist = 4.472 | Init Dist 10 = 4.211 | Init Dist 100 = 5.819 | Init Dist 1000 = 5.900 | Learner Steps = 22372 | Learner Walltime = 4411.255 | Min Dist = 0.056 | Min Dist 10 = 0.237 | Min Dist 100 = 0.176 | Min Dist 1000 = 0.154 | Steps Per Second = 89.362 | Success = 1.000 | Success 1000 = 0.996
I0502 16:19:49.083991 139579566835264 terminal.py:91] [Evaluator] Actor Episodes = 28846 | Actor Steps = 1442300 | Delta Dist = 12.359 | Delta Dist 10 = 12.009 | Delta Dist 100 = 11.854 | Delta Dist 1000 = 11.803 | Episode Length = 50 | Episode Return = 23.0 | Evaluator Episodes = 7313 | Evaluator Steps = 365650 | Final Dist = 0.447 | Final Dist 10 = 0.798 | Final Dist 100 = 0.952 | Final Dist 1000 = 1.003 | Init Dist = 12.806 | Init Dist 10 = 12.806 | Init Dist 100 = 12.806 | Init Dist 1000 = 12.806 | Learner Steps = 22379 | Learner Walltime = 4412.544 | Min Dist = 0.108 | Min Dist 10 = 0.286 | Min Dist 100 = 0.298 | Min Dist 1000 = 0.338 | Steps Per Second = 86.850 | Success = 1.000 | Success 1000 = 0.974
I0502 16:19:50.200785 139579566835264 terminal.py:91] [Evaluator] Actor Episodes = 28854 | Actor Steps = 1442700 | Delta Dist = 11.456 | Delta Dist 10 = 11.908 | Delta Dist 100 = 11.856 | Delta Dist 1000 = 11.803 | Episode Length = 50 | Episode Return = 1.0 | Evaluator Episodes = 7315 | Evaluator Steps = 365750 | Final Dist = 1.351 | Final Dist 10 = 0.898 | Final Dist 100 = 0.951 | Final Dist 1000 = 1.004 | Init Dist = 12.806 | Init Dist 10 = 12.806 | Init Dist 100 = 12.806 | Init Dist 1000 = 12.806 | Learner Steps = 22386 | Learner Walltime = 4413.740 | Min Dist = 0.439 | Min Dist 10 = 0.313 | Min Dist 100 = 0.299 | Min Dist 1000 = 0.338 | Steps Per Second = 86.066 | Success = 1.000 | Success 1000 = 0.974
I0502 16:19:51.351754 139579566835264 terminal.py:91] [Evaluator] Actor Episodes = 28860 | Actor Steps = 1443000 | Delta Dist = 12.433 | Delta Dist 10 = 11.732 | Delta Dist 100 = 11.848 | Delta Dist 1000 = 11.801 | Episode Length = 50 | Episode Return = 21.0 | Evaluator Episodes = 7317 | Evaluator Steps = 365850 | Final Dist = 0.373 | Final Dist 10 = 1.074 | Final Dist 100 = 0.959 | Final Dist 1000 = 1.005 | Init Dist = 12.806 | Init Dist 10 = 12.806 | Init Dist 100 = 12.806 | Init Dist 1000 = 12.806 | Learner Steps = 22391 | Learner Walltime = 4415.014 | Min Dist = 0.117 | Min Dist 10 = 0.429 | Min Dist 100 = 0.308 | Min Dist 1000 = 0.339 | Steps Per Second = 93.605 | Success = 1.000 | Success 1000 = 0.973
I0502 16:19:51.367157 139557462840896 terminal.py:91] [Actor] Actor Episodes = 28857 | Actor Steps = 1442850 | Delta Dist = 6.899 | Delta Dist 10 = 4.480 | Delta Dist 100 = 4.450 | Delta Dist 1000 = 4.523 | Episode Length = 50 | Episode Return = 49.0 | Evaluator Episodes = 7315 | Evaluator Steps = 365750 | Final Dist = 0.172 | Final Dist 10 = 0.858 | Final Dist 100 = 1.156 | Final Dist 1000 = 1.373 | Init Dist = 7.071 | Init Dist 10 = 5.339 | Init Dist 100 = 5.606 | Init Dist 1000 = 5.896 | Learner Steps = 22386 | Learner Walltime = 4413.740 | Min Dist = 0.102 | Min Dist 10 = 0.527 | Min Dist 100 = 0.162 | Min Dist 1000 = 0.158 | Steps Per Second = 76.398 | Success = 1.000 | Success 1000 = 0.996
I0502 16:19:51.414637 139569349502528 terminal.py:91] [Actor] Actor Episodes = 28862 | Actor Steps = 1443100 | Delta Dist = 9.131 | Delta Dist 10 = 4.299 | Delta Dist 100 = 4.431 | Delta Dist 1000 = 4.527 | Episode Length = 50 | Episode Return = 33.0 | Evaluator Episodes = 7317 | Evaluator Steps = 365850 | Final Dist = 0.089 | Final Dist 10 = 0.727 | Final Dist 100 = 1.154 | Final Dist 1000 = 1.372 | Init Dist = 9.220 | Init Dist 10 = 5.026 | Init Dist 100 = 5.586 | Init Dist 1000 = 5.899 | Learner Steps = 22391 | Learner Walltime = 4415.014 | Min Dist = 0.087 | Min Dist 10 = 0.526 | Min Dist 100 = 0.162 | Min Dist 1000 = 0.158 | Steps Per Second = 77.497 | Success = 1.000 | Success 1000 = 0.996
I0502 16:19:52.063531 139555860620864 terminal.py:91] [Actor] Actor Episodes = 28868 | Actor Steps = 1443400 | Delta Dist = 5.371 | Delta Dist 10 = 3.404 | Delta Dist 100 = 4.454 | Delta Dist 1000 = 4.526 | Episode Length = 50 | Episode Return = 28.0 | Evaluator Episodes = 7317 | Evaluator Steps = 365850 | Final Dist = 0.460 | Final Dist 10 = 1.150 | Final Dist 100 = 1.123 | Final Dist 1000 = 1.374 | Init Dist = 5.831 | Init Dist 10 = 4.555 | Init Dist 100 = 5.577 | Init Dist 1000 = 5.901 | Learner Steps = 22397 | Learner Walltime = 4416.192 | Min Dist = 0.037 | Min Dist 10 = 0.503 | Min Dist 100 = 0.158 | Min Dist 1000 = 0.158 | Steps Per Second = 89.126 | Success = 1.000 | Success 1000 = 0.996
I0502 16:19:52.464261 139579566835264 terminal.py:91] [Evaluator] Actor Episodes = 28868 | Actor Steps = 1443400 | Delta Dist = 11.447 | Delta Dist 10 = 11.818 | Delta Dist 100 = 11.846 | Delta Dist 1000 = 11.800 | Episode Length = 50 | Episode Return = 11.0 | Evaluator Episodes = 7319 | Evaluator Steps = 365950 | Final Dist = 1.359 | Final Dist 10 = 0.989 | Final Dist 100 = 0.960 | Final Dist 1000 = 1.006 | Init Dist = 12.806 | Init Dist 10 = 12.806 | Init Dist 100 = 12.806 | Init Dist 1000 = 12.806 | Learner Steps = 22397 | Learner Walltime = 4416.192 | Min Dist = 0.388 | Min Dist 10 = 0.342 | Min Dist 100 = 0.306 | Min Dist 1000 = 0.339 | Steps Per Second = 91.874 | Success = 1.000 | Success 1000 = 0.973
I0502 16:19:53.114220 139584504182336 lp_utils.py:96] StepsLimiter: Reached 1443700 recorded steps
I0502 16:19:53.688467 139579566835264 terminal.py:91] [Evaluator] Actor Episodes = 28876 | Actor Steps = 1443800 | Delta Dist = 11.575 | Delta Dist 10 = 11.490 | Delta Dist 100 = 11.819 | Delta Dist 1000 = 11.796 | Episode Length = 50 | Episode Return = 26.0 | Evaluator Episodes = 7321 | Evaluator Steps = 366050 | Final Dist = 1.231 | Final Dist 10 = 1.316 | Final Dist 100 = 0.987 | Final Dist 1000 = 1.010 | Init Dist = 12.806 | Init Dist 10 = 12.806 | Init Dist 100 = 12.806 | Init Dist 1000 = 12.806 | Learner Steps = 22404 | Learner Walltime = 4417.400 | Min Dist = 0.075 | Min Dist 10 = 0.750 | Min Dist 100 = 0.348 | Min Dist 1000 = 0.344 | Steps Per Second = 74.054 | Success = 1.000 | Success 1000 = 0.972
I0502 16:19:54.917554 139579566835264 terminal.py:91] [Evaluator] Actor Episodes = 28884 | Actor Steps = 1444200 | Delta Dist = 11.607 | Delta Dist 10 = 11.418 | Delta Dist 100 = 11.806 | Delta Dist 1000 = 11.795 | Episode Length = 50 | Episode Return = 17.0 | Evaluator Episodes = 7323 | Evaluator Steps = 366150 | Final Dist = 1.199 | Final Dist 10 = 1.388 | Final Dist 100 = 1.000 | Final Dist 1000 = 1.012 | Init Dist = 12.806 | Init Dist 10 = 12.806 | Init Dist 100 = 12.806 | Init Dist 1000 = 12.806 | Learner Steps = 22411 | Learner Walltime = 4418.723 | Min Dist = 0.064 | Min Dist 10 = 0.749 | Min Dist 100 = 0.348 | Min Dist 1000 = 0.344 | Steps Per Second = 85.448 | Success = 1.000 | Success 1000 = 0.972
I0502 16:19:56.111533 139579566835264 terminal.py:91] [Evaluator] Actor Episodes = 28892 | Actor Steps = 1444600 | Delta Dist = 12.029 | Delta Dist 10 = 11.343 | Delta Dist 100 = 11.787 | Delta Dist 1000 = 11.793 | Episode Length = 50 | Episode Return = 2.0 | Evaluator Episodes = 7325 | Evaluator Steps = 366250 | Final Dist = 0.777 | Final Dist 10 = 1.463 | Final Dist 100 = 1.019 | Final Dist 1000 = 1.013 | Init Dist = 12.806 | Init Dist 10 = 12.806 | Init Dist 100 = 12.806 | Init Dist 1000 = 12.806 | Learner Steps = 22417 | Learner Walltime = 4419.781 | Min Dist = 0.317 | Min Dist 10 = 0.697 | Min Dist 100 = 0.346 | Min Dist 1000 = 0.343 | Steps Per Second = 83.285 | Success = 1.000 | Success 1000 = 0.972
I0502 16:19:56.126379 139555013154368 terminal.py:91] [Learner] Actor Episodes = 28888 | Actor Loss = 3.5741159915924072 | Actor Steps = 1444400 | Binary Accuracy = 0.9960832595825195 | Categorical Accuracy = 0.42803955078125 | Critic Loss = 1.8019509315490723 | Entropy Mean = -20.952110290527344 | Evaluator Episodes = 7323 | Evaluator Steps = 366150 | Learner Steps = 22420 | Learner Walltime = 4420.320 | Logits Neg = -17.008113861083984 | Logits Pos = -1.7891955375671387 | Logsumexp = 1.0468249320983887 | Steps Per Second = 334.598
I0502 16:19:57.215319 139579566835264 terminal.py:91] [Evaluator] Actor Episodes = 28900 | Actor Steps = 1445000 | Delta Dist = 11.787 | Delta Dist 10 = 11.410 | Delta Dist 100 = 11.791 | Delta Dist 1000 = 11.793 | Episode Length = 50 | Episode Return = 18.0 | Evaluator Episodes = 7327 | Evaluator Steps = 366350 | Final Dist = 1.020 | Final Dist 10 = 1.397 | Final Dist 100 = 1.016 | Final Dist 1000 = 1.014 | Init Dist = 12.806 | Init Dist 10 = 12.806 | Init Dist 100 = 12.806 | Init Dist 1000 = 12.806 | Learner Steps = 22423 | Learner Walltime = 4420.890 | Min Dist = 0.192 | Min Dist 10 = 0.609 | Min Dist 100 = 0.348 | Min Dist 1000 = 0.344 | Steps Per Second = 94.071 | Success = 1.000 | Success 1000 = 0.972
I0502 16:19:58.483243 139579566835264 terminal.py:91] [Evaluator] Actor Episodes = 28908 | Actor Steps = 1445400 | Delta Dist = 11.437 | Delta Dist 10 = 11.365 | Delta Dist 100 = 11.797 | Delta Dist 1000 = 11.793 | Episode Length = 50 | Episode Return = 9.0 | Evaluator Episodes = 7329 | Evaluator Steps = 366450 | Final Dist = 1.370 | Final Dist 10 = 1.442 | Final Dist 100 = 1.009 | Final Dist 1000 = 1.013 | Init Dist = 12.806 | Init Dist 10 = 12.806 | Init Dist 100 = 12.806 | Init Dist 1000 = 12.806 | Learner Steps = 22428 | Learner Walltime = 4421.937 | Min Dist = 0.210 | Min Dist 10 = 0.616 | Min Dist 100 = 0.342 | Min Dist 1000 = 0.344 | Steps Per Second = 81.039 | Success = 1.000 | Success 1000 = 0.972
I0502 16:19:59.278651 139558059398720 terminal.py:91] [Actor] Actor Episodes = 28914 | Actor Steps = 1445700 | Delta Dist = 9.669 | Delta Dist 10 = 4.623 | Delta Dist 100 = 4.635 | Delta Dist 1000 = 4.577 | Episode Length = 50 | Episode Return = 34.0 | Evaluator Episodes = 7329 | Evaluator Steps = 366450 | Final Dist = 0.529 | Final Dist 10 = 0.708 | Final Dist 100 = 1.275 | Final Dist 1000 = 1.351 | Init Dist = 10.198 | Init Dist 10 = 5.331 | Init Dist 100 = 5.910 | Init Dist 1000 = 5.929 | Learner Steps = 22433 | Learner Walltime = 4423.118 | Min Dist = 0.016 | Min Dist 10 = 0.048 | Min Dist 100 = 0.281 | Min Dist 1000 = 0.169 | Steps Per Second = 78.086 | Success = 1.000 | Success 1000 = 0.996
I0502 16:19:59.759159 139579566835264 terminal.py:91] [Evaluator] Actor Episodes = 28916 | Actor Steps = 1445800 | Delta Dist = 11.492 | Delta Dist 10 = 11.642 | Delta Dist 100 = 11.850 | Delta Dist 1000 = 11.792 | Episode Length = 50 | Episode Return = 17.0 | Evaluator Episodes = 7331 | Evaluator Steps = 366550 | Final Dist = 1.314 | Final Dist 10 = 1.164 | Final Dist 100 = 0.957 | Final Dist 1000 = 1.014 | Init Dist = 12.806 | Init Dist 10 = 12.806 | Init Dist 100 = 12.806 | Init Dist 1000 = 12.806 | Learner Steps = 22433 | Learner Walltime = 4423.118 | Min Dist = 0.100 | Min Dist 10 = 0.186 | Min Dist 100 = 0.278 | Min Dist 1000 = 0.344 | Steps Per Second = 75.945 | Success = 1.000 | Success 1000 = 0.972
I0502 16:20:01.009797 139579566835264 terminal.py:91] [Evaluator] Actor Episodes = 28924 | Actor Steps = 1446200 | Delta Dist = 12.136 | Delta Dist 10 = 11.641 | Delta Dist 100 = 11.846 | Delta Dist 1000 = 11.791 | Episode Length = 50 | Episode Return = 27.0 | Evaluator Episodes = 7333 | Evaluator Steps = 366650 | Final Dist = 0.670 | Final Dist 10 = 1.165 | Final Dist 100 = 0.960 | Final Dist 1000 = 1.015 | Init Dist = 12.806 | Init Dist 10 = 12.806 | Init Dist 100 = 12.806 | Init Dist 1000 = 12.806 | Learner Steps = 22440 | Learner Walltime = 4424.380 | Min Dist = 0.112 | Min Dist 10 = 0.179 | Min Dist 100 = 0.279 | Min Dist 1000 = 0.344 | Steps Per Second = 79.021 | Success = 1.000 | Success 1000 = 0.972
I0502 16:20:01.680574 139569349502528 terminal.py:91] [Actor] Actor Episodes = 28927 | Actor Steps = 1446350 | Delta Dist = 4.953 | Delta Dist 10 = 3.326 | Delta Dist 100 = 4.477 | Delta Dist 1000 = 4.575 | Episode Length = 50 | Episode Return = 24.0 | Evaluator Episodes = 7333 | Evaluator Steps = 366650 | Final Dist = 0.146 | Final Dist 10 = 1.528 | Final Dist 100 = 1.334 | Final Dist 1000 = 1.363 | Init Dist = 5.099 | Init Dist 10 = 4.854 | Init Dist 100 = 5.811 | Init Dist 1000 = 5.938 | Learner Steps = 22440 | Learner Walltime = 4424.380 | Min Dist = 0.048 | Min Dist 10 = 0.084 | Min Dist 100 = 0.286 | Min Dist 1000 = 0.170 | Steps Per Second = 88.626 | Success = 1.000 | Success 1000 = 0.995
I0502 16:20:01.817660 139557462840896 terminal.py:91] [Actor] Actor Episodes = 28929 | Actor Steps = 1446450 | Delta Dist = 2.751 | Delta Dist 10 = 3.391 | Delta Dist 100 = 4.497 | Delta Dist 1000 = 4.574 | Episode Length = 50 | Episode Return = 44.0 | Evaluator Episodes = 7333 | Evaluator Steps = 366650 | Final Dist = 0.078 | Final Dist 10 = 1.558 | Final Dist 100 = 1.335 | Final Dist 1000 = 1.363 | Init Dist = 2.828 | Init Dist 10 = 4.950 | Init Dist 100 = 5.832 | Init Dist 1000 = 5.937 | Learner Steps = 22446 | Learner Walltime = 4425.485 | Min Dist = 0.024 | Min Dist 10 = 0.121 | Min Dist 100 = 0.288 | Min Dist 1000 = 0.171 | Steps Per Second = 94.268 | Success = 1.000 | Success 1000 = 0.995
I0502 16:20:02.134215 139579566835264 terminal.py:91] [Evaluator] Actor Episodes = 28932 | Actor Steps = 1446600 | Delta Dist = 11.926 | Delta Dist 10 = 11.645 | Delta Dist 100 = 11.850 | Delta Dist 1000 = 11.789 | Episode Length = 50 | Episode Return = 16.0 | Evaluator Episodes = 7335 | Evaluator Steps = 366750 | Final Dist = 0.880 | Final Dist 10 = 1.161 | Final Dist 100 = 0.957 | Final Dist 1000 = 1.017 | Init Dist = 12.806 | Init Dist 10 = 12.806 | Init Dist 100 = 12.806 | Init Dist 1000 = 12.806 | Learner Steps = 22446 | Learner Walltime = 4425.485 | Min Dist = 0.317 | Min Dist 10 = 0.196 | Min Dist 100 = 0.282 | Min Dist 1000 = 0.344 | Steps Per Second = 94.592 | Success = 1.000 | Success 1000 = 0.972
I0502 16:20:02.517514 139584635659840 savers.py:156] Saving checkpoint: logs/contrastive_cpc_point_FourRooms_64/5dd72662-2788-11f0-b183-d85ed38c5779/checkpoints/counter
I0502 16:20:02.604928 139555860620864 terminal.py:91] [Actor] Actor Episodes = 28933 | Actor Steps = 1446650 | Delta Dist = 8.460 | Delta Dist 10 = 3.758 | Delta Dist 100 = 4.514 | Delta Dist 1000 = 4.572 | Episode Length = 50 | Episode Return = 36.0 | Evaluator Episodes = 7333 | Evaluator Steps = 366650 | Final Dist = 0.142 | Final Dist 10 = 0.663 | Final Dist 100 = 1.251 | Final Dist 1000 = 1.360 | Init Dist = 8.602 | Init Dist 10 = 4.422 | Init Dist 100 = 5.765 | Init Dist 1000 = 5.931 | Learner Steps = 22446 | Learner Walltime = 4425.485 | Min Dist = 0.030 | Min Dist 10 = 0.074 | Min Dist 100 = 0.271 | Min Dist 1000 = 0.170 | Steps Per Second = 84.598 | Success = 1.000 | Success 1000 = 0.995
I0502 16:20:03.129450 139584504182336 lp_utils.py:96] StepsLimiter: Reached 1447000 recorded steps
I0502 16:20:03.306130 139579566835264 terminal.py:91] [Evaluator] Actor Episodes = 28940 | Actor Steps = 1447000 | Delta Dist = 11.402 | Delta Dist 10 = 11.643 | Delta Dist 100 = 11.851 | Delta Dist 1000 = 11.790 | Episode Length = 50 | Episode Return = 9.0 | Evaluator Episodes = 7337 | Evaluator Steps = 366850 | Final Dist = 1.404 | Final Dist 10 = 1.163 | Final Dist 100 = 0.955 | Final Dist 1000 = 1.016 | Init Dist = 12.806 | Init Dist 10 = 12.806 | Init Dist 100 = 12.806 | Init Dist 1000 = 12.806 | Learner Steps = 22452 | Learner Walltime = 4426.572 | Min Dist = 0.249 | Min Dist 10 = 0.182 | Min Dist 100 = 0.278 | Min Dist 1000 = 0.344 | Steps Per Second = 80.782 | Success = 1.000 | Success 1000 = 0.972
I0502 16:20:04.556518 139579566835264 terminal.py:91] [Evaluator] Actor Episodes = 28948 | Actor Steps = 1447400 | Delta Dist = 11.471 | Delta Dist 10 = 11.696 | Delta Dist 100 = 11.859 | Delta Dist 1000 = 11.797 | Episode Length = 50 | Episode Return = 14.0 | Evaluator Episodes = 7339 | Evaluator Steps = 366950 | Final Dist = 1.336 | Final Dist 10 = 1.111 | Final Dist 100 = 0.948 | Final Dist 1000 = 1.010 | Init Dist = 12.806 | Init Dist 10 = 12.806 | Init Dist 100 = 12.806 | Init Dist 1000 = 12.806 | Learner Steps = 22458 | Learner Walltime = 4427.761 | Min Dist = 0.502 | Min Dist 10 = 0.180 | Min Dist 100 = 0.277 | Min Dist 1000 = 0.338 | Steps Per Second = 79.490 | Success = 1.000 | Success 1000 = 0.973
I0502 16:20:05.732616 139579566835264 terminal.py:91] [Evaluator] Actor Episodes = 28956 | Actor Steps = 1447800 | Delta Dist = 12.126 | Delta Dist 10 = 11.751 | Delta Dist 100 = 11.856 | Delta Dist 1000 = 11.797 | Episode Length = 50 | Episode Return = 23.0 | Evaluator Episodes = 7341 | Evaluator Steps = 367050 | Final Dist = 0.680 | Final Dist 10 = 1.055 | Final Dist 100 = 0.950 | Final Dist 1000 = 1.009 | Init Dist = 12.806 | Init Dist 10 = 12.806 | Init Dist 100 = 12.806 | Init Dist 1000 = 12.806 | Learner Steps = 22465 | Learner Walltime = 4429.041 | Min Dist = 0.356 | Min Dist 10 = 0.215 | Min Dist 100 = 0.282 | Min Dist 1000 = 0.338 | Steps Per Second = 93.781 | Success = 1.000 | Success 1000 = 0.973
I0502 16:20:06.254751 139555013154368 terminal.py:91] [Learner] Actor Episodes = 28956 | Actor Loss = 3.744232177734375 | Actor Steps = 1447800 | Binary Accuracy = 0.9959619045257568 | Categorical Accuracy = 0.403564453125 | Critic Loss = 1.8847343921661377 | Entropy Mean = -20.127849578857422 | Evaluator Episodes = 7341 | Evaluator Steps = 367050 | Learner Steps = 22472 | Learner Walltime = 4430.455 | Logits Neg = -17.00602912902832 | Logits Pos = -1.8563764095306396 | Logsumexp = 1.2177180051803589 | Steps Per Second = 200.400
I0502 16:20:06.892380 139579566835264 terminal.py:91] [Evaluator] Actor Episodes = 28964 | Actor Steps = 1448200 | Delta Dist = 11.484 | Delta Dist 10 = 11.873 | Delta Dist 100 = 11.863 | Delta Dist 1000 = 11.797 | Episode Length = 50 | Episode Return = 23.0 | Evaluator Episodes = 7343 | Evaluator Steps = 367150 | Final Dist = 1.322 | Final Dist 10 = 0.933 | Final Dist 100 = 0.943 | Final Dist 1000 = 1.010 | Init Dist = 12.806 | Init Dist 10 = 12.806 | Init Dist 100 = 12.806 | Init Dist 1000 = 12.806 | Learner Steps = 22471 | Learner Walltime = 4430.136 | Min Dist = 0.130 | Min Dist 10 = 0.238 | Min Dist 100 = 0.284 | Min Dist 1000 = 0.338 | Steps Per Second = 88.760 | Success = 1.000 | Success 1000 = 0.973
I0502 16:20:08.109647 139579566835264 terminal.py:91] [Evaluator] Actor Episodes = 28972 | Actor Steps = 1448600 | Delta Dist = 12.430 | Delta Dist 10 = 11.880 | Delta Dist 100 = 11.855 | Delta Dist 1000 = 11.796 | Episode Length = 50 | Episode Return = 23.0 | Evaluator Episodes = 7345 | Evaluator Steps = 367250 | Final Dist = 0.376 | Final Dist 10 = 0.926 | Final Dist 100 = 0.951 | Final Dist 1000 = 1.010 | Init Dist = 12.806 | Init Dist 10 = 12.806 | Init Dist 100 = 12.806 | Init Dist 1000 = 12.806 | Learner Steps = 22476 | Learner Walltime = 4431.143 | Min Dist = 0.136 | Min Dist 10 = 0.226 | Min Dist 100 = 0.276 | Min Dist 1000 = 0.338 | Steps Per Second = 74.445 | Success = 1.000 | Success 1000 = 0.973
I0502 16:20:08.835504 139583350109760 savers.py:156] Saving checkpoint: logs/contrastive_cpc_point_FourRooms_64/5dd72662-2788-11f0-b183-d85ed38c5779/checkpoints/learner
I0502 16:20:09.407315 139579566835264 terminal.py:91] [Evaluator] Actor Episodes = 28978 | Actor Steps = 1448900 | Delta Dist = 12.584 | Delta Dist 10 = 11.909 | Delta Dist 100 = 11.859 | Delta Dist 1000 = 11.796 | Episode Length = 50 | Episode Return = 16.0 | Evaluator Episodes = 7347 | Evaluator Steps = 367350 | Final Dist = 0.223 | Final Dist 10 = 0.897 | Final Dist 100 = 0.947 | Final Dist 1000 = 1.010 | Init Dist = 12.806 | Init Dist 10 = 12.806 | Init Dist 100 = 12.806 | Init Dist 1000 = 12.806 | Learner Steps = 22485 | Learner Walltime = 4433.537 | Min Dist = 0.056 | Min Dist 10 = 0.203 | Min Dist 100 = 0.267 | Min Dist 1000 = 0.338 | Steps Per Second = 70.716 | Success = 1.000 | Success 1000 = 0.973
I0502 16:20:09.582361 139558059398720 terminal.py:91] [Actor] Actor Episodes = 28979 | Actor Steps = 1448950 | Delta Dist = 1.381 | Delta Dist 10 = 5.153 | Delta Dist 100 = 4.796 | Delta Dist 1000 = 4.584 | Episode Length = 50 | Episode Return = 0.0 | Evaluator Episodes = 7345 | Evaluator Steps = 367250 | Final Dist = 5.690 | Final Dist 10 = 1.367 | Final Dist 100 = 1.182 | Final Dist 1000 = 1.352 | Init Dist = 7.071 | Init Dist 10 = 6.519 | Init Dist 100 = 5.977 | Init Dist 1000 = 5.936 | Learner Steps = 22482 | Learner Walltime = 4432.414 | Min Dist = 0.074 | Min Dist 10 = 0.123 | Min Dist 100 = 0.165 | Min Dist 1000 = 0.172 | Steps Per Second = 78.381 | Success = 1.000 | Success 1000 = 0.995
I0502 16:20:10.582326 139579566835264 terminal.py:91] [Evaluator] Actor Episodes = 28986 | Actor Steps = 1449300 | Delta Dist = 11.810 | Delta Dist 10 = 11.558 | Delta Dist 100 = 11.825 | Delta Dist 1000 = 11.794 | Episode Length = 50 | Episode Return = 9.0 | Evaluator Episodes = 7349 | Evaluator Steps = 367450 | Final Dist = 0.996 | Final Dist 10 = 1.248 | Final Dist 100 = 0.981 | Final Dist 1000 = 1.012 | Init Dist = 12.806 | Init Dist 10 = 12.806 | Init Dist 100 = 12.806 | Init Dist 1000 = 12.806 | Learner Steps = 22493 | Learner Walltime = 4434.657 | Min Dist = 0.190 | Min Dist 10 = 0.652 | Min Dist 100 = 0.313 | Min Dist 1000 = 0.342 | Steps Per Second = 91.134 | Success = 1.000 | Success 1000 = 0.972
I0502 16:20:11.724785 139579566835264 terminal.py:91] [Evaluator] Actor Episodes = 28994 | Actor Steps = 1449700 | Delta Dist = 11.724 | Delta Dist 10 = 11.639 | Delta Dist 100 = 11.820 | Delta Dist 1000 = 11.795 | Episode Length = 50 | Episode Return = 21.0 | Evaluator Episodes = 7351 | Evaluator Steps = 367550 | Final Dist = 1.082 | Final Dist 10 = 1.167 | Final Dist 100 = 0.986 | Final Dist 1000 = 1.011 | Init Dist = 12.806 | Init Dist 10 = 12.806 | Init Dist 100 = 12.806 | Init Dist 1000 = 12.806 | Learner Steps = 22499 | Learner Walltime = 4435.851 | Min Dist = 0.276 | Min Dist 10 = 0.611 | Min Dist 100 = 0.312 | Min Dist 1000 = 0.342 | Steps Per Second = 90.824 | Success = 1.000 | Success 1000 = 0.972
I0502 16:20:12.119566 139569349502528 terminal.py:91] [Actor] Actor Episodes = 28998 | Actor Steps = 1449900 | Delta Dist = 6.147 | Delta Dist 10 = 3.614 | Delta Dist 100 = 4.702 | Delta Dist 1000 = 4.592 | Episode Length = 50 | Episode Return = 24.0 | Evaluator Episodes = 7351 | Evaluator Steps = 367550 | Final Dist = 0.853 | Final Dist 10 = 2.000 | Final Dist 100 = 1.240 | Final Dist 1000 = 1.350 | Init Dist = 7.000 | Init Dist 10 = 5.615 | Init Dist 100 = 5.942 | Init Dist 1000 = 5.942 | Learner Steps = 22499 | Learner Walltime = 4435.851 | Min Dist = 0.057 | Min Dist 10 = 1.475 | Min Dist 100 = 0.243 | Min Dist 1000 = 0.186 | Steps Per Second = 85.283 | Success = 1.000 | Success 1000 = 0.994
I0502 16:20:12.351933 139557462840896 terminal.py:91] [Actor] Actor Episodes = 29000 | Actor Steps = 1450000 | Delta Dist = 2.937 | Delta Dist 10 = 4.266 | Delta Dist 100 = 4.735 | Delta Dist 1000 = 4.597 | Episode Length = 50 | Episode Return = 41.0 | Evaluator Episodes = 7351 | Evaluator Steps = 367550 | Final Dist = 0.226 | Final Dist 10 = 1.097 | Final Dist 100 = 1.200 | Final Dist 1000 = 1.347 | Init Dist = 3.162 | Init Dist 10 = 5.363 | Init Dist 100 = 5.935 | Init Dist 1000 = 5.944 | Learner Steps = 22499 | Learner Walltime = 4435.851 | Min Dist = 0.122 | Min Dist 10 = 0.562 | Min Dist 100 = 0.242 | Min Dist 1000 = 0.186 | Steps Per Second = 85.370 | Success = 1.000 | Success 1000 = 0.994
I0502 16:20:12.881597 139579566835264 terminal.py:91] [Evaluator] Actor Episodes = 29002 | Actor Steps = 1450100 | Delta Dist = 11.926 | Delta Dist 10 = 11.623 | Delta Dist 100 = 11.821 | Delta Dist 1000 = 11.796 | Episode Length = 50 | Episode Return = 27.0 | Evaluator Episodes = 7353 | Evaluator Steps = 367650 | Final Dist = 0.880 | Final Dist 10 = 1.183 | Final Dist 100 = 0.985 | Final Dist 1000 = 1.011 | Init Dist = 12.806 | Init Dist 10 = 12.806 | Init Dist 100 = 12.806 | Init Dist 1000 = 12.806 | Learner Steps = 22505 | Learner Walltime = 4437.031 | Min Dist = 0.014 | Min Dist 10 = 0.596 | Min Dist 100 = 0.308 | Min Dist 1000 = 0.342 | Steps Per Second = 82.264 | Success = 1.000 | Success 1000 = 0.972
I0502 16:20:12.917644 139555860620864 terminal.py:91] [Actor] Actor Episodes = 29004 | Actor Steps = 1450200 | Delta Dist = 10.318 | Delta Dist 10 = 4.337 | Delta Dist 100 = 4.639 | Delta Dist 1000 = 4.606 | Episode Length = 50 | Episode Return = 29.0 | Evaluator Episodes = 7353 | Evaluator Steps = 367650 | Final Dist = 1.084 | Final Dist 10 = 1.254 | Final Dist 100 = 1.239 | Final Dist 1000 = 1.351 | Init Dist = 11.402 | Init Dist 10 = 5.592 | Init Dist 100 = 5.878 | Init Dist 1000 = 5.957 | Learner Steps = 22505 | Learner Walltime = 4437.031 | Min Dist = 0.073 | Min Dist 10 = 0.280 | Min Dist 100 = 0.243 | Min Dist 1000 = 0.186 | Steps Per Second = 81.678 | Success = 1.000 | Success 1000 = 0.994
I0502 16:20:13.145996 139584504182336 lp_utils.py:96] StepsLimiter: Reached 1450200 recorded steps
I0502 16:20:14.055106 139579566835264 terminal.py:91] [Evaluator] Actor Episodes = 29010 | Actor Steps = 1450500 | Delta Dist = 11.654 | Delta Dist 10 = 11.723 | Delta Dist 100 = 11.815 | Delta Dist 1000 = 11.795 | Episode Length = 50 | Episode Return = 26.0 | Evaluator Episodes = 7355 | Evaluator Steps = 367750 | Final Dist = 1.152 | Final Dist 10 = 1.083 | Final Dist 100 = 0.991 | Final Dist 1000 = 1.011 | Init Dist = 12.806 | Init Dist 10 = 12.806 | Init Dist 100 = 12.806 | Init Dist 1000 = 12.806 | Learner Steps = 22511 | Learner Walltime = 4438.149 | Min Dist = 0.127 | Min Dist 10 = 0.580 | Min Dist 100 = 0.307 | Min Dist 1000 = 0.342 | Steps Per Second = 84.421 | Success = 1.000 | Success 1000 = 0.972
I0502 16:20:15.299294 139579566835264 terminal.py:91] [Evaluator] Actor Episodes = 29018 | Actor Steps = 1450900 | Delta Dist = 12.437 | Delta Dist 10 = 11.657 | Delta Dist 100 = 11.811 | Delta Dist 1000 = 11.796 | Episode Length = 50 | Episode Return = 13.0 | Evaluator Episodes = 7357 | Evaluator Steps = 367850 | Final Dist = 0.369 | Final Dist 10 = 1.149 | Final Dist 100 = 0.995 | Final Dist 1000 = 1.010 | Init Dist = 12.806 | Init Dist 10 = 12.806 | Init Dist 100 = 12.806 | Init Dist 1000 = 12.806 | Learner Steps = 22516 | Learner Walltime = 4439.179 | Min Dist = 0.130 | Min Dist 10 = 0.583 | Min Dist 100 = 0.302 | Min Dist 1000 = 0.342 | Steps Per Second = 83.262 | Success = 1.000 | Success 1000 = 0.972
I0502 16:20:16.373576 139555013154368 terminal.py:91] [Learner] Actor Episodes = 29024 | Actor Loss = 3.629642963409424 | Actor Steps = 1451200 | Binary Accuracy = 0.9960744380950928 | Categorical Accuracy = 0.40692138671875 | Critic Loss = 1.876298427581787 | Entropy Mean = -20.151920318603516 | Evaluator Episodes = 7357 | Evaluator Steps = 367850 | Learner Steps = 22524 | Learner Walltime = 4440.565 | Logits Neg = -16.73815155029297 | Logits Pos = -1.8606464862823486 | Logsumexp = 1.095934510231018 | Steps Per Second = 430.598
I0502 16:20:16.484966 139579566835264 terminal.py:91] [Evaluator] Actor Episodes = 29026 | Actor Steps = 1451300 | Delta Dist = 12.425 | Delta Dist 10 = 12.034 | Delta Dist 100 = 11.824 | Delta Dist 1000 = 11.797 | Episode Length = 50 | Episode Return = 32.0 | Evaluator Episodes = 7359 | Evaluator Steps = 367950 | Final Dist = 0.381 | Final Dist 10 = 0.772 | Final Dist 100 = 0.982 | Final Dist 1000 = 1.010 | Init Dist = 12.806 | Init Dist 10 = 12.806 | Init Dist 100 = 12.806 | Init Dist 1000 = 12.806 | Learner Steps = 22522 | Learner Walltime = 4440.319 | Min Dist = 0.063 | Min Dist 10 = 0.110 | Min Dist 100 = 0.300 | Min Dist 1000 = 0.342 | Steps Per Second = 83.836 | Success = 1.000 | Success 1000 = 0.972
I0502 16:20:17.694743 139579566835264 terminal.py:91] [Evaluator] Actor Episodes = 29034 | Actor Steps = 1451700 | Delta Dist = 11.780 | Delta Dist 10 = 12.050 | Delta Dist 100 = 11.828 | Delta Dist 1000 = 11.797 | Episode Length = 50 | Episode Return = 12.0 | Evaluator Episodes = 7361 | Evaluator Steps = 368050 | Final Dist = 1.026 | Final Dist 10 = 0.756 | Final Dist 100 = 0.979 | Final Dist 1000 = 1.009 | Init Dist = 12.806 | Init Dist 10 = 12.806 | Init Dist 100 = 12.806 | Init Dist 1000 = 12.806 | Learner Steps = 22528 | Learner Walltime = 4441.582 | Min Dist = 0.448 | Min Dist 10 = 0.090 | Min Dist 100 = 0.291 | Min Dist 1000 = 0.341 | Steps Per Second = 83.632 | Success = 1.000 | Success 1000 = 0.972
I0502 16:20:18.866447 139579566835264 terminal.py:91] [Evaluator] Actor Episodes = 29044 | Actor Steps = 1452200 | Delta Dist = 11.400 | Delta Dist 10 = 11.969 | Delta Dist 100 = 11.829 | Delta Dist 1000 = 11.804 | Episode Length = 50 | Episode Return = 19.0 | Evaluator Episodes = 7363 | Evaluator Steps = 368150 | Final Dist = 1.407 | Final Dist 10 = 0.837 | Final Dist 100 = 0.977 | Final Dist 1000 = 1.003 | Init Dist = 12.806 | Init Dist 10 = 12.806 | Init Dist 100 = 12.806 | Init Dist 1000 = 12.806 | Learner Steps = 22535 | Learner Walltime = 4442.805 | Min Dist = 0.106 | Min Dist 10 = 0.134 | Min Dist 100 = 0.296 | Min Dist 1000 = 0.335 | Steps Per Second = 77.866 | Success = 1.000 | Success 1000 = 0.973
I0502 16:20:19.835692 139558059398720 terminal.py:91] [Actor] Actor Episodes = 29050 | Actor Steps = 1452500 | Delta Dist = 3.383 | Delta Dist 10 = 3.029 | Delta Dist 100 = 4.793 | Delta Dist 1000 = 4.650 | Episode Length = 50 | Episode Return = 25.0 | Evaluator Episodes = 7363 | Evaluator Steps = 368150 | Final Dist = 3.020 | Final Dist 10 = 3.126 | Final Dist 100 = 1.346 | Final Dist 1000 = 1.345 | Init Dist = 6.403 | Init Dist 10 = 6.155 | Init Dist 100 = 6.139 | Init Dist 1000 = 5.994 | Learner Steps = 22541 | Learner Walltime = 4443.964 | Min Dist = 0.099 | Min Dist 10 = 0.913 | Min Dist 100 = 0.313 | Min Dist 1000 = 0.192 | Steps Per Second = 79.206 | Success = 1.000 | Success 1000 = 0.994
I0502 16:20:20.177252 139579566835264 terminal.py:91] [Evaluator] Actor Episodes = 29052 | Actor Steps = 1452600 | Delta Dist = 11.400 | Delta Dist 10 = 11.962 | Delta Dist 100 = 11.830 | Delta Dist 1000 = 11.805 | Episode Length = 50 | Episode Return = 6.0 | Evaluator Episodes = 7365 | Evaluator Steps = 368250 | Final Dist = 1.407 | Final Dist 10 = 0.844 | Final Dist 100 = 0.977 | Final Dist 1000 = 1.002 | Init Dist = 12.806 | Init Dist 10 = 12.806 | Init Dist 100 = 12.806 | Init Dist 1000 = 12.806 | Learner Steps = 22541 | Learner Walltime = 4443.964 | Min Dist = 0.185 | Min Dist 10 = 0.149 | Min Dist 100 = 0.296 | Min Dist 1000 = 0.335 | Steps Per Second = 69.234 | Success = 1.000 | Success 1000 = 0.973
I0502 16:20:21.420486 139579566835264 terminal.py:91] [Evaluator] Actor Episodes = 29060 | Actor Steps = 1453000 | Delta Dist = 11.399 | Delta Dist 10 = 11.916 | Delta Dist 100 = 11.824 | Delta Dist 1000 = 11.803 | Episode Length = 50 | Episode Return = 1.0 | Evaluator Episodes = 7367 | Evaluator Steps = 368350 | Final Dist = 1.407 | Final Dist 10 = 0.890 | Final Dist 100 = 0.983 | Final Dist 1000 = 1.003 | Init Dist = 12.806 | Init Dist 10 = 12.806 | Init Dist 100 = 12.806 | Init Dist 1000 = 12.806 | Learner Steps = 22547 | Learner Walltime = 4445.324 | Min Dist = 0.574 | Min Dist 10 = 0.192 | Min Dist 100 = 0.300 | Min Dist 1000 = 0.335 | Steps Per Second = 85.551 | Success = 1.000 | Success 1000 = 0.973
I0502 16:20:22.326222 139569349502528 terminal.py:91] [Actor] Actor Episodes = 29063 | Actor Steps = 1453150 | Delta Dist = 0.620 | Delta Dist 10 = 4.209 | Delta Dist 100 = 4.872 | Delta Dist 1000 = 4.651 | Episode Length = 50 | Episode Return = 38.0 | Evaluator Episodes = 7367 | Evaluator Steps = 368350 | Final Dist = 0.380 | Final Dist 10 = 2.149 | Final Dist 100 = 1.404 | Final Dist 1000 = 1.345 | Init Dist = 1.000 | Init Dist 10 = 6.358 | Init Dist 100 = 6.276 | Init Dist 1000 = 5.996 | Learner Steps = 22547 | Learner Walltime = 4445.324 | Min Dist = 0.049 | Min Dist 10 = 0.865 | Min Dist 100 = 0.374 | Min Dist 1000 = 0.199 | Steps Per Second = 76.005 | Success = 1.000 | Success 1000 = 0.994
I0502 16:20:22.406371 139557462840896 terminal.py:91] [Actor] Actor Episodes = 29066 | Actor Steps = 1453300 | Delta Dist = 5.286 | Delta Dist 10 = 3.724 | Delta Dist 100 = 4.867 | Delta Dist 1000 = 4.648 | Episode Length = 50 | Episode Return = 17.0 | Evaluator Episodes = 7367 | Evaluator Steps = 368350 | Final Dist = 1.785 | Final Dist 10 = 2.213 | Final Dist 100 = 1.349 | Final Dist 1000 = 1.339 | Init Dist = 7.071 | Init Dist 10 = 5.937 | Init Dist 100 = 6.217 | Init Dist 1000 = 5.987 | Learner Steps = 22547 | Learner Walltime = 4445.324 | Min Dist = 0.304 | Min Dist 10 = 0.871 | Min Dist 100 = 0.372 | Min Dist 1000 = 0.199 | Steps Per Second = 76.291 | Success = 1.000 | Success 1000 = 0.994
I0502 16:20:22.600029 139579566835264 terminal.py:91] [Evaluator] Actor Episodes = 29068 | Actor Steps = 1453400 | Delta Dist = 11.857 | Delta Dist 10 = 11.803 | Delta Dist 100 = 11.819 | Delta Dist 1000 = 11.811 | Episode Length = 50 | Episode Return = 13.0 | Evaluator Episodes = 7369 | Evaluator Steps = 368450 | Final Dist = 0.949 | Final Dist 10 = 1.003 | Final Dist 100 = 0.987 | Final Dist 1000 = 0.996 | Init Dist = 12.806 | Init Dist 10 = 12.806 | Init Dist 100 = 12.806 | Init Dist 1000 = 12.806 | Learner Steps = 22554 | Learner Walltime = 4446.651 | Min Dist = 0.112 | Min Dist 10 = 0.272 | Min Dist 100 = 0.306 | Min Dist 1000 = 0.330 | Steps Per Second = 88.982 | Success = 1.000 | Success 1000 = 0.974
I0502 16:20:23.061018 139555860620864 terminal.py:91] [Actor] Actor Episodes = 29069 | Actor Steps = 1453450 | Delta Dist = 6.507 | Delta Dist 10 = 3.889 | Delta Dist 100 = 4.935 | Delta Dist 1000 = 4.660 | Episode Length = 50 | Episode Return = 18.0 | Evaluator Episodes = 7367 | Evaluator Steps = 368350 | Final Dist = 0.201 | Final Dist 10 = 2.406 | Final Dist 100 = 1.413 | Final Dist 1000 = 1.339 | Init Dist = 6.708 | Init Dist 10 = 6.295 | Init Dist 100 = 6.347 | Init Dist 1000 = 5.999 | Learner Steps = 22554 | Learner Walltime = 4446.651 | Min Dist = 0.201 | Min Dist 10 = 0.930 | Min Dist 100 = 0.374 | Min Dist 1000 = 0.200 | Steps Per Second = 83.091 | Success = 1.000 | Success 1000 = 0.994
I0502 16:20:23.162053 139584504182336 lp_utils.py:96] StepsLimiter: Reached 1453500 recorded steps
I0502 16:20:23.867771 139579566835264 terminal.py:91] [Evaluator] Actor Episodes = 29076 | Actor Steps = 1453800 | Delta Dist = 8.526 | Delta Dist 10 = 11.804 | Delta Dist 100 = 11.818 | Delta Dist 1000 = 11.811 | Episode Length = 50 | Episode Return = 0.0 | Evaluator Episodes = 7371 | Evaluator Steps = 368550 | Final Dist = 4.280 | Final Dist 10 = 1.002 | Final Dist 100 = 0.988 | Final Dist 1000 = 0.996 | Init Dist = 12.806 | Init Dist 10 = 12.806 | Init Dist 100 = 12.806 | Init Dist 1000 = 12.806 | Learner Steps = 22561 | Learner Walltime = 4447.901 | Min Dist = 4.060 | Min Dist 10 = 0.282 | Min Dist 100 = 0.306 | Min Dist 1000 = 0.329 | Steps Per Second = 77.022 | Success = 0.000 | Success 1000 = 0.974
I0502 16:20:25.153217 139579566835264 terminal.py:91] [Evaluator] Actor Episodes = 29084 | Actor Steps = 1454200 | Delta Dist = 12.234 | Delta Dist 10 = 11.541 | Delta Dist 100 = 11.787 | Delta Dist 1000 = 11.807 | Episode Length = 50 | Episode Return = 18.0 | Evaluator Episodes = 7373 | Evaluator Steps = 368650 | Final Dist = 0.572 | Final Dist 10 = 1.265 | Final Dist 100 = 1.020 | Final Dist 1000 = 0.999 | Init Dist = 12.806 | Init Dist 10 = 12.806 | Init Dist 100 = 12.806 | Init Dist 1000 = 12.806 | Learner Steps = 22567 | Learner Walltime = 4449.195 | Min Dist = 0.262 | Min Dist 10 = 0.629 | Min Dist 100 = 0.341 | Min Dist 1000 = 0.333 | Steps Per Second = 79.085 | Success = 1.000 | Success 1000 = 0.973
I0502 16:20:26.279796 139579566835264 terminal.py:91] [Evaluator] Actor Episodes = 29090 | Actor Steps = 1454500 | Delta Dist = 11.567 | Delta Dist 10 = 11.590 | Delta Dist 100 = 11.799 | Delta Dist 1000 = 11.807 | Episode Length = 50 | Episode Return = 2.0 | Evaluator Episodes = 7375 | Evaluator Steps = 368750 | Final Dist = 1.239 | Final Dist 10 = 1.216 | Final Dist 100 = 1.007 | Final Dist 1000 = 0.999 | Init Dist = 12.806 | Init Dist 10 = 12.806 | Init Dist 100 = 12.806 | Init Dist 1000 = 12.806 | Learner Steps = 22572 | Learner Walltime = 4450.429 | Min Dist = 0.773 | Min Dist 10 = 0.647 | Min Dist 100 = 0.336 | Min Dist 1000 = 0.333 | Steps Per Second = 92.265 | Success = 1.000 | Success 1000 = 0.973
I0502 16:20:26.437608 139555013154368 terminal.py:91] [Learner] Actor Episodes = 29088 | Actor Loss = 3.6320409774780273 | Actor Steps = 1454400 | Binary Accuracy = 0.9960992336273193 | Categorical Accuracy = 0.43328857421875 | Critic Loss = 1.7620500326156616 | Entropy Mean = -20.33831787109375 | Evaluator Episodes = 7373 | Evaluator Steps = 368650 | Learner Steps = 22575 | Learner Walltime = 4450.637 | Logits Neg = -17.27129364013672 | Logits Pos = -1.7451229095458984 | Logsumexp = 1.0901023149490356 | Steps Per Second = 819.918
I0502 16:20:27.458148 139579566835264 terminal.py:91] [Evaluator] Actor Episodes = 29098 | Actor Steps = 1454900 | Delta Dist = 11.515 | Delta Dist 10 = 11.595 | Delta Dist 100 = 11.799 | Delta Dist 1000 = 11.805 | Episode Length = 50 | Episode Return = 15.0 | Evaluator Episodes = 7377 | Evaluator Steps = 368850 | Final Dist = 1.291 | Final Dist 10 = 1.212 | Final Dist 100 = 1.007 | Final Dist 1000 = 1.001 | Init Dist = 12.806 | Init Dist 10 = 12.806 | Init Dist 100 = 12.806 | Init Dist 1000 = 12.806 | Learner Steps = 22578 | Learner Walltime = 4451.522 | Min Dist = 0.206 | Min Dist 10 = 0.671 | Min Dist 100 = 0.343 | Min Dist 1000 = 0.334 | Steps Per Second = 93.239 | Success = 1.000 | Success 1000 = 0.973
I0502 16:20:28.652845 139579566835264 terminal.py:91] [Evaluator] Actor Episodes = 29104 | Actor Steps = 1455200 | Delta Dist = 12.438 | Delta Dist 10 = 11.684 | Delta Dist 100 = 11.809 | Delta Dist 1000 = 11.806 | Episode Length = 50 | Episode Return = 32.0 | Evaluator Episodes = 7379 | Evaluator Steps = 368950 | Final Dist = 0.368 | Final Dist 10 = 1.122 | Final Dist 100 = 0.997 | Final Dist 1000 = 1.000 | Init Dist = 12.806 | Init Dist 10 = 12.806 | Init Dist 100 = 12.806 | Init Dist 1000 = 12.806 | Learner Steps = 22585 | Learner Walltime = 4452.808 | Min Dist = 0.129 | Min Dist 10 = 0.613 | Min Dist 100 = 0.337 | Min Dist 1000 = 0.334 | Steps Per Second = 81.481 | Success = 1.000 | Success 1000 = 0.973
I0502 16:20:29.884539 139579566835264 terminal.py:91] [Evaluator] Actor Episodes = 29112 | Actor Steps = 1455600 | Delta Dist = 11.492 | Delta Dist 10 = 11.751 | Delta Dist 100 = 11.820 | Delta Dist 1000 = 11.806 | Episode Length = 50 | Episode Return = 21.0 | Evaluator Episodes = 7381 | Evaluator Steps = 369050 | Final Dist = 1.314 | Final Dist 10 = 1.055 | Final Dist 100 = 0.986 | Final Dist 1000 = 1.000 | Init Dist = 12.806 | Init Dist 10 = 12.806 | Init Dist 100 = 12.806 | Init Dist 1000 = 12.806 | Learner Steps = 22591 | Learner Walltime = 4453.993 | Min Dist = 0.235 | Min Dist 10 = 0.635 | Min Dist 100 = 0.338 | Min Dist 1000 = 0.334 | Steps Per Second = 80.962 | Success = 1.000 | Success 1000 = 0.973
I0502 16:20:30.323079 139558059398720 terminal.py:91] [Actor] Actor Episodes = 29113 | Actor Steps = 1455650 | Delta Dist = 8.221 | Delta Dist 10 = 4.253 | Delta Dist 100 = 4.605 | Delta Dist 1000 = 4.644 | Episode Length = 50 | Episode Return = 31.0 | Evaluator Episodes = 7379 | Evaluator Steps = 368950 | Final Dist = 0.998 | Final Dist 10 = 1.699 | Final Dist 100 = 1.495 | Final Dist 1000 = 1.352 | Init Dist = 9.220 | Init Dist 10 = 5.952 | Init Dist 100 = 6.100 | Init Dist 1000 = 5.997 | Learner Steps = 22585 | Learner Walltime = 4452.808 | Min Dist = 0.199 | Min Dist 10 = 0.489 | Min Dist 100 = 0.295 | Min Dist 1000 = 0.206 | Steps Per Second = 81.283 | Success = 1.000 | Success 1000 = 0.992
I0502 16:20:31.109841 139579566835264 terminal.py:91] [Evaluator] Actor Episodes = 29120 | Actor Steps = 1456000 | Delta Dist = 12.420 | Delta Dist 10 = 11.958 | Delta Dist 100 = 11.815 | Delta Dist 1000 = 11.805 | Episode Length = 50 | Episode Return = 25.0 | Evaluator Episodes = 7383 | Evaluator Steps = 369150 | Final Dist = 0.387 | Final Dist 10 = 0.849 | Final Dist 100 = 0.992 | Final Dist 1000 = 1.001 | Init Dist = 12.806 | Init Dist 10 = 12.806 | Init Dist 100 = 12.806 | Init Dist 1000 = 12.806 | Learner Steps = 22597 | Learner Walltime = 4455.150 | Min Dist = 0.269 | Min Dist 10 = 0.278 | Min Dist 100 = 0.341 | Min Dist 1000 = 0.334 | Steps Per Second = 75.361 | Success = 1.000 | Success 1000 = 0.973
I0502 16:20:32.284704 139579566835264 terminal.py:91] [Evaluator] Actor Episodes = 29130 | Actor Steps = 1456500 | Delta Dist = 11.573 | Delta Dist 10 = 11.999 | Delta Dist 100 = 11.823 | Delta Dist 1000 = 11.808 | Episode Length = 50 | Episode Return = 28.0 | Evaluator Episodes = 7385 | Evaluator Steps = 369250 | Final Dist = 1.234 | Final Dist 10 = 0.807 | Final Dist 100 = 0.983 | Final Dist 1000 = 0.999 | Init Dist = 12.806 | Init Dist 10 = 12.806 | Init Dist 100 = 12.806 | Init Dist 1000 = 12.806 | Learner Steps = 22604 | Learner Walltime = 4456.428 | Min Dist = 0.056 | Min Dist 10 = 0.266 | Min Dist 100 = 0.342 | Min Dist 1000 = 0.334 | Steps Per Second = 83.393 | Success = 1.000 | Success 1000 = 0.973
I0502 16:20:32.611894 139569349502528 terminal.py:91] [Actor] Actor Episodes = 29134 | Actor Steps = 1456700 | Delta Dist = 3.567 | Delta Dist 10 = 3.880 | Delta Dist 100 = 4.480 | Delta Dist 1000 = 4.646 | Episode Length = 50 | Episode Return = 36.0 | Evaluator Episodes = 7385 | Evaluator Steps = 369250 | Final Dist = 1.532 | Final Dist 10 = 0.914 | Final Dist 100 = 1.555 | Final Dist 1000 = 1.332 | Init Dist = 5.099 | Init Dist 10 = 4.794 | Init Dist 100 = 6.035 | Init Dist 1000 = 5.978 | Learner Steps = 22604 | Learner Walltime = 4456.428 | Min Dist = 0.046 | Min Dist 10 = 0.077 | Min Dist 100 = 0.302 | Min Dist 1000 = 0.206 | Steps Per Second = 84.196 | Success = 1.000 | Success 1000 = 0.992
I0502 16:20:33.010141 139557462840896 terminal.py:91] [Actor] Actor Episodes = 29133 | Actor Steps = 1456650 | Delta Dist = 8.711 | Delta Dist 10 = 4.059 | Delta Dist 100 = 4.369 | Delta Dist 1000 = 4.649 | Episode Length = 50 | Episode Return = 33.0 | Evaluator Episodes = 7385 | Evaluator Steps = 369250 | Final Dist = 1.289 | Final Dist 10 = 0.812 | Final Dist 100 = 1.556 | Final Dist 1000 = 1.329 | Init Dist = 10.000 | Init Dist 10 = 4.871 | Init Dist 100 = 5.925 | Init Dist 1000 = 5.978 | Learner Steps = 22604 | Learner Walltime = 4456.428 | Min Dist = 0.024 | Min Dist 10 = 0.067 | Min Dist 100 = 0.300 | Min Dist 1000 = 0.206 | Steps Per Second = 79.287 | Success = 1.000 | Success 1000 = 0.992
I0502 16:20:33.178266 139584504182336 lp_utils.py:96] StepsLimiter: Reached 1456700 recorded steps
I0502 16:20:33.437427 139579566835264 terminal.py:91] [Evaluator] Actor Episodes = 29136 | Actor Steps = 1456800 | Delta Dist = 11.500 | Delta Dist 10 = 12.013 | Delta Dist 100 = 11.806 | Delta Dist 1000 = 11.806 | Episode Length = 50 | Episode Return = 1.0 | Evaluator Episodes = 7387 | Evaluator Steps = 369350 | Final Dist = 1.307 | Final Dist 10 = 0.793 | Final Dist 100 = 1.001 | Final Dist 1000 = 1.000 | Init Dist = 12.806 | Init Dist 10 = 12.806 | Init Dist 100 = 12.806 | Init Dist 1000 = 12.806 | Learner Steps = 22610 | Learner Walltime = 4457.505 | Min Dist = 0.876 | Min Dist 10 = 0.186 | Min Dist 100 = 0.339 | Min Dist 1000 = 0.334 | Steps Per Second = 86.032 | Success = 1.000 | Success 1000 = 0.973
I0502 16:20:33.459684 139555860620864 terminal.py:91] [Actor] Actor Episodes = 29138 | Actor Steps = 1456900 | Delta Dist = 0.751 | Delta Dist 10 = 4.958 | Delta Dist 100 = 4.308 | Delta Dist 1000 = 4.656 | Episode Length = 50 | Episode Return = 33.0 | Evaluator Episodes = 7387 | Evaluator Steps = 369350 | Final Dist = 0.249 | Final Dist 10 = 1.247 | Final Dist 100 = 1.636 | Final Dist 1000 = 1.331 | Init Dist = 1.000 | Init Dist 10 = 6.205 | Init Dist 100 = 5.943 | Init Dist 1000 = 5.987 | Learner Steps = 22610 | Learner Walltime = 4457.505 | Min Dist = 0.034 | Min Dist 10 = 0.104 | Min Dist 100 = 0.305 | Min Dist 1000 = 0.206 | Steps Per Second = 87.659 | Success = 1.000 | Success 1000 = 0.992
I0502 16:20:34.613134 139579566835264 terminal.py:91] [Evaluator] Actor Episodes = 29144 | Actor Steps = 1457200 | Delta Dist = 11.327 | Delta Dist 10 = 11.896 | Delta Dist 100 = 11.796 | Delta Dist 1000 = 11.806 | Episode Length = 50 | Episode Return = 14.0 | Evaluator Episodes = 7389 | Evaluator Steps = 369450 | Final Dist = 1.479 | Final Dist 10 = 0.910 | Final Dist 100 = 1.010 | Final Dist 1000 = 1.000 | Init Dist = 12.806 | Init Dist 10 = 12.806 | Init Dist 100 = 12.806 | Init Dist 1000 = 12.806 | Learner Steps = 22615 | Learner Walltime = 4458.511 | Min Dist = 0.050 | Min Dist 10 = 0.247 | Min Dist 100 = 0.346 | Min Dist 1000 = 0.334 | Steps Per Second = 88.626 | Success = 1.000 | Success 1000 = 0.973
I0502 16:20:35.712859 139579566835264 terminal.py:91] [Evaluator] Actor Episodes = 29152 | Actor Steps = 1457600 | Delta Dist = 6.066 | Delta Dist 10 = 11.696 | Delta Dist 100 = 11.785 | Delta Dist 1000 = 11.811 | Episode Length = 50 | Episode Return = 0.0 | Evaluator Episodes = 7391 | Evaluator Steps = 369550 | Final Dist = 6.740 | Final Dist 10 = 1.110 | Final Dist 100 = 1.021 | Final Dist 1000 = 0.995 | Init Dist = 12.806 | Init Dist 10 = 12.806 | Init Dist 100 = 12.806 | Init Dist 1000 = 12.806 | Learner Steps = 22621 | Learner Walltime = 4459.635 | Min Dist = 5.040 | Min Dist 10 = 0.229 | Min Dist 100 = 0.341 | Min Dist 1000 = 0.329 | Steps Per Second = 87.865 | Success = 0.000 | Success 1000 = 0.974
I0502 16:20:36.541772 139555013154368 terminal.py:91] [Learner] Actor Episodes = 29158 | Actor Loss = 3.605242967605591 | Actor Steps = 1457900 | Binary Accuracy = 0.9960806369781494 | Categorical Accuracy = 0.42999267578125 | Critic Loss = 1.7914271354675293 | Entropy Mean = -20.92522430419922 | Evaluator Episodes = 7391 | Evaluator Steps = 369550 | Learner Steps = 22627 | Learner Walltime = 4460.737 | Logits Neg = -17.167280197143555 | Logits Pos = -1.763002634048462 | Logsumexp = 1.1016768217086792 | Steps Per Second = 183.014
I0502 16:20:36.867819 139579566835264 terminal.py:91] [Evaluator] Actor Episodes = 29160 | Actor Steps = 1458000 | Delta Dist = 11.368 | Delta Dist 10 = 11.160 | Delta Dist 100 = 11.730 | Delta Dist 1000 = 11.805 | Episode Length = 50 | Episode Return = 8.0 | Evaluator Episodes = 7393 | Evaluator Steps = 369650 | Final Dist = 1.439 | Final Dist 10 = 1.646 | Final Dist 100 = 1.077 | Final Dist 1000 = 1.001 | Init Dist = 12.806 | Init Dist 10 = 12.806 | Init Dist 100 = 12.806 | Init Dist 1000 = 12.806 | Learner Steps = 22627 | Learner Walltime = 4460.737 | Min Dist = 0.375 | Min Dist 10 = 0.704 | Min Dist 100 = 0.394 | Min Dist 1000 = 0.334 | Steps Per Second = 89.186 | Success = 1.000 | Success 1000 = 0.973
I0502 16:20:38.103630 139579566835264 terminal.py:91] [Evaluator] Actor Episodes = 29168 | Actor Steps = 1458400 | Delta Dist = 12.008 | Delta Dist 10 = 10.955 | Delta Dist 100 = 11.711 | Delta Dist 1000 = 11.805 | Episode Length = 50 | Episode Return = 17.0 | Evaluator Episodes = 7395 | Evaluator Steps = 369750 | Final Dist = 0.798 | Final Dist 10 = 1.851 | Final Dist 100 = 1.095 | Final Dist 1000 = 1.001 | Init Dist = 12.806 | Init Dist 10 = 12.806 | Init Dist 100 = 12.806 | Init Dist 1000 = 12.806 | Learner Steps = 22633 | Learner Walltime = 4461.865 | Min Dist = 0.247 | Min Dist 10 = 0.734 | Min Dist 100 = 0.398 | Min Dist 1000 = 0.334 | Steps Per Second = 76.431 | Success = 1.000 | Success 1000 = 0.973
I0502 16:20:39.381315 139579566835264 terminal.py:91] [Evaluator] Actor Episodes = 29178 | Actor Steps = 1458900 | Delta Dist = 5.202 | Delta Dist 10 = 10.999 | Delta Dist 100 = 11.708 | Delta Dist 1000 = 11.805 | Episode Length = 50 | Episode Return = 0.0 | Evaluator Episodes = 7397 | Evaluator Steps = 369850 | Final Dist = 7.604 | Final Dist 10 = 1.808 | Final Dist 100 = 1.099 | Final Dist 1000 = 1.001 | Init Dist = 12.806 | Init Dist 10 = 12.806 | Init Dist 100 = 12.806 | Init Dist 1000 = 12.806 | Learner Steps = 22640 | Learner Walltime = 4463.314 | Min Dist = 6.633 | Min Dist 10 = 0.760 | Min Dist 100 = 0.400 | Min Dist 1000 = 0.334 | Steps Per Second = 76.715 | Success = 0.000 | Success 1000 = 0.973
I0502 16:20:40.325613 139558059398720 terminal.py:91] [Actor] Actor Episodes = 29184 | Actor Steps = 1459200 | Delta Dist = 7.668 | Delta Dist 10 = 4.057 | Delta Dist 100 = 4.731 | Delta Dist 1000 = 4.687 | Episode Length = 50 | Episode Return = 34.0 | Evaluator Episodes = 7397 | Evaluator Steps = 369850 | Final Dist = 0.876 | Final Dist 10 = 1.989 | Final Dist 100 = 1.507 | Final Dist 1000 = 1.362 | Init Dist = 8.544 | Init Dist 10 = 6.045 | Init Dist 100 = 6.238 | Init Dist 1000 = 6.049 | Learner Steps = 22640 | Learner Walltime = 4463.314 | Min Dist = 0.233 | Min Dist 10 = 0.067 | Min Dist 100 = 0.141 | Min Dist 1000 = 0.203 | Steps Per Second = 83.236 | Success = 1.000 | Success 1000 = 0.993
I0502 16:20:40.496538 139579566835264 terminal.py:91] [Evaluator] Actor Episodes = 29184 | Actor Steps = 1459200 | Delta Dist = 12.274 | Delta Dist 10 = 10.373 | Delta Dist 100 = 11.638 | Delta Dist 1000 = 11.799 | Episode Length = 50 | Episode Return = 35.0 | Evaluator Episodes = 7399 | Evaluator Steps = 369950 | Final Dist = 0.533 | Final Dist 10 = 2.433 | Final Dist 100 = 1.168 | Final Dist 1000 = 1.007 | Init Dist = 12.806 | Init Dist 10 = 12.806 | Init Dist 100 = 12.806 | Init Dist 1000 = 12.806 | Learner Steps = 22647 | Learner Walltime = 4464.600 | Min Dist = 0.520 | Min Dist 10 = 1.446 | Min Dist 100 = 0.477 | Min Dist 1000 = 0.342 | Steps Per Second = 84.096 | Success = 1.000 | Success 1000 = 0.971
I0502 16:20:41.673307 139579566835264 terminal.py:91] [Evaluator] Actor Episodes = 29194 | Actor Steps = 1459700 | Delta Dist = 4.195 | Delta Dist 10 = 10.503 | Delta Dist 100 = 11.646 | Delta Dist 1000 = 11.799 | Episode Length = 50 | Episode Return = 0.0 | Evaluator Episodes = 7401 | Evaluator Steps = 370050 | Final Dist = 8.612 | Final Dist 10 = 2.304 | Final Dist 100 = 1.161 | Final Dist 1000 = 1.007 | Init Dist = 12.806 | Init Dist 10 = 12.806 | Init Dist 100 = 12.806 | Init Dist 1000 = 12.806 | Learner Steps = 22652 | Learner Walltime = 4465.687 | Min Dist = 8.094 | Min Dist 10 = 1.485 | Min Dist 100 = 0.477 | Min Dist 1000 = 0.342 | Steps Per Second = 81.313 | Success = 0.000 | Success 1000 = 0.971
I0502 16:20:42.628683 139569349502528 terminal.py:91] [Actor] Actor Episodes = 29199 | Actor Steps = 1459950 | Delta Dist = 6.904 | Delta Dist 10 = 4.336 | Delta Dist 100 = 4.787 | Delta Dist 1000 = 4.678 | Episode Length = 50 | Episode Return = 0.0 | Evaluator Episodes = 7401 | Evaluator Steps = 370050 | Final Dist = 2.530 | Final Dist 10 = 2.418 | Final Dist 100 = 1.622 | Final Dist 1000 = 1.367 | Init Dist = 9.434 | Init Dist 10 = 6.753 | Init Dist 100 = 6.409 | Init Dist 1000 = 6.045 | Learner Steps = 22652 | Learner Walltime = 4465.687 | Min Dist = 0.184 | Min Dist 10 = 0.283 | Min Dist 100 = 0.159 | Min Dist 1000 = 0.205 | Steps Per Second = 86.177 | Success = 1.000 | Success 1000 = 0.992
I0502 16:20:42.840623 139579566835264 terminal.py:91] [Evaluator] Actor Episodes = 29202 | Actor Steps = 1460100 | Delta Dist = 12.457 | Delta Dist 10 = 10.358 | Delta Dist 100 = 11.555 | Delta Dist 1000 = 11.792 | Episode Length = 50 | Episode Return = 27.0 | Evaluator Episodes = 7403 | Evaluator Steps = 370150 | Final Dist = 0.350 | Final Dist 10 = 2.448 | Final Dist 100 = 1.251 | Final Dist 1000 = 1.015 | Init Dist = 12.806 | Init Dist 10 = 12.806 | Init Dist 100 = 12.806 | Init Dist 1000 = 12.806 | Learner Steps = 22659 | Learner Walltime = 4466.822 | Min Dist = 0.177 | Min Dist 10 = 1.762 | Min Dist 100 = 0.555 | Min Dist 1000 = 0.350 | Steps Per Second = 87.988 | Success = 1.000 | Success 1000 = 0.970
I0502 16:20:43.071485 139557462840896 terminal.py:91] [Actor] Actor Episodes = 29204 | Actor Steps = 1460200 | Delta Dist = 4.500 | Delta Dist 10 = 5.143 | Delta Dist 100 = 4.841 | Delta Dist 1000 = 4.690 | Episode Length = 50 | Episode Return = 20.0 | Evaluator Episodes = 7403 | Evaluator Steps = 370150 | Final Dist = 0.500 | Final Dist 10 = 2.028 | Final Dist 100 = 1.603 | Final Dist 1000 = 1.372 | Init Dist = 5.000 | Init Dist 10 = 7.171 | Init Dist 100 = 6.444 | Init Dist 1000 = 6.062 | Learner Steps = 22659 | Learner Walltime = 4466.822 | Min Dist = 0.059 | Min Dist 10 = 0.319 | Min Dist 100 = 0.162 | Min Dist 1000 = 0.204 | Steps Per Second = 90.727 | Success = 1.000 | Success 1000 = 0.992
I0502 16:20:43.196888 139584504182336 lp_utils.py:96] StepsLimiter: Reached 1460200 recorded steps
I0502 16:20:43.811941 139555860620864 terminal.py:91] [Actor] Actor Episodes = 29208 | Actor Steps = 1460400 | Delta Dist = 3.030 | Delta Dist 10 = 4.386 | Delta Dist 100 = 4.642 | Delta Dist 1000 = 4.684 | Episode Length = 50 | Episode Return = 41.0 | Evaluator Episodes = 7403 | Evaluator Steps = 370150 | Final Dist = 1.212 | Final Dist 10 = 2.622 | Final Dist 100 = 1.701 | Final Dist 1000 = 1.387 | Init Dist = 4.243 | Init Dist 10 = 7.008 | Init Dist 100 = 6.343 | Init Dist 1000 = 6.071 | Learner Steps = 22659 | Learner Walltime = 4466.822 | Min Dist = 0.002 | Min Dist 10 = 0.214 | Min Dist 100 = 0.122 | Min Dist 1000 = 0.206 | Steps Per Second = 98.167 | Success = 1.000 | Success 1000 = 0.992
I0502 16:20:44.121348 139579566835264 terminal.py:91] [Evaluator] Actor Episodes = 29210 | Actor Steps = 1460500 | Delta Dist = 11.516 | Delta Dist 10 = 9.926 | Delta Dist 100 = 11.493 | Delta Dist 1000 = 11.786 | Episode Length = 50 | Episode Return = 6.0 | Evaluator Episodes = 7405 | Evaluator Steps = 370250 | Final Dist = 1.290 | Final Dist 10 = 2.880 | Final Dist 100 = 1.313 | Final Dist 1000 = 1.021 | Init Dist = 12.806 | Init Dist 10 = 12.806 | Init Dist 100 = 12.806 | Init Dist 1000 = 12.806 | Learner Steps = 22666 | Learner Walltime = 4468.063 | Min Dist = 0.164 | Min Dist 10 = 2.384 | Min Dist 100 = 0.619 | Min Dist 1000 = 0.357 | Steps Per Second = 76.331 | Success = 1.000 | Success 1000 = 0.969
I0502 16:20:45.317440 139579566835264 terminal.py:91] [Evaluator] Actor Episodes = 29218 | Actor Steps = 1460900 | Delta Dist = 11.758 | Delta Dist 10 = 9.907 | Delta Dist 100 = 11.478 | Delta Dist 1000 = 11.786 | Episode Length = 50 | Episode Return = 5.0 | Evaluator Episodes = 7407 | Evaluator Steps = 370350 | Final Dist = 1.048 | Final Dist 10 = 2.900 | Final Dist 100 = 1.328 | Final Dist 1000 = 1.021 | Init Dist = 12.806 | Init Dist 10 = 12.806 | Init Dist 100 = 12.806 | Init Dist 1000 = 12.806 | Learner Steps = 22672 | Learner Walltime = 4469.380 | Min Dist = 0.213 | Min Dist 10 = 2.423 | Min Dist 100 = 0.624 | Min Dist 1000 = 0.357 | Steps Per Second = 85.634 | Success = 1.000 | Success 1000 = 0.969
I0502 16:20:46.462174 139579566835264 terminal.py:91] [Evaluator] Actor Episodes = 29226 | Actor Steps = 1461300 | Delta Dist = 12.223 | Delta Dist 10 = 10.655 | Delta Dist 100 = 11.488 | Delta Dist 1000 = 11.785 | Episode Length = 50 | Episode Return = 23.0 | Evaluator Episodes = 7409 | Evaluator Steps = 370450 | Final Dist = 0.583 | Final Dist 10 = 2.151 | Final Dist 100 = 1.318 | Final Dist 1000 = 1.021 | Init Dist = 12.806 | Init Dist 10 = 12.806 | Init Dist 100 = 12.806 | Init Dist 1000 = 12.806 | Learner Steps = 22679 | Learner Walltime = 4470.541 | Min Dist = 0.105 | Min Dist 10 = 1.683 | Min Dist 100 = 0.616 | Min Dist 1000 = 0.357 | Steps Per Second = 87.697 | Success = 1.000 | Success 1000 = 0.969
I0502 16:20:46.861047 139555013154368 terminal.py:91] [Learner] Actor Episodes = 29226 | Actor Loss = 3.6480536460876465 | Actor Steps = 1461300 | Binary Accuracy = 0.9960505962371826 | Categorical Accuracy = 0.42169189453125 | Critic Loss = 1.80068838596344 | Entropy Mean = -20.92816162109375 | Evaluator Episodes = 7407 | Evaluator Steps = 370350 | Learner Steps = 22682 | Learner Walltime = 4471.055 | Logits Neg = -17.09571647644043 | Logits Pos = -1.7870209217071533 | Logsumexp = 1.0826423168182373 | Steps Per Second = 167.723
I0502 16:20:47.631561 139579566835264 terminal.py:91] [Evaluator] Actor Episodes = 29234 | Actor Steps = 1461700 | Delta Dist = 12.321 | Delta Dist 10 = 10.646 | Delta Dist 100 = 11.497 | Delta Dist 1000 = 11.791 | Episode Length = 50 | Episode Return = 29.0 | Evaluator Episodes = 7411 | Evaluator Steps = 370550 | Final Dist = 0.485 | Final Dist 10 = 2.160 | Final Dist 100 = 1.309 | Final Dist 1000 = 1.015 | Init Dist = 12.806 | Init Dist 10 = 12.806 | Init Dist 100 = 12.806 | Init Dist 1000 = 12.806 | Learner Steps = 22685 | Learner Walltime = 4471.716 | Min Dist = 0.107 | Min Dist 10 = 1.665 | Min Dist 100 = 0.615 | Min Dist 1000 = 0.351 | Steps Per Second = 87.295 | Success = 1.000 | Success 1000 = 0.970
I0502 16:20:48.795367 139579566835264 terminal.py:91] [Evaluator] Actor Episodes = 29242 | Actor Steps = 1462100 | Delta Dist = 11.964 | Delta Dist 10 = 11.498 | Delta Dist 100 = 11.504 | Delta Dist 1000 = 11.792 | Episode Length = 50 | Episode Return = 16.0 | Evaluator Episodes = 7413 | Evaluator Steps = 370650 | Final Dist = 0.842 | Final Dist 10 = 1.308 | Final Dist 100 = 1.302 | Final Dist 1000 = 1.015 | Init Dist = 12.806 | Init Dist 10 = 12.806 | Init Dist 100 = 12.806 | Init Dist 1000 = 12.806 | Learner Steps = 22691 | Learner Walltime = 4472.812 | Min Dist = 0.273 | Min Dist 10 = 0.862 | Min Dist 100 = 0.613 | Min Dist 1000 = 0.351 | Steps Per Second = 86.653 | Success = 1.000 | Success 1000 = 0.970
I0502 16:20:50.015566 139579566835264 terminal.py:91] [Evaluator] Actor Episodes = 29250 | Actor Steps = 1462500 | Delta Dist = 12.503 | Delta Dist 10 = 11.994 | Delta Dist 100 = 11.502 | Delta Dist 1000 = 11.791 | Episode Length = 50 | Episode Return = 27.0 | Evaluator Episodes = 7415 | Evaluator Steps = 370750 | Final Dist = 0.303 | Final Dist 10 = 0.813 | Final Dist 100 = 1.305 | Final Dist 1000 = 1.015 | Init Dist = 12.806 | Init Dist 10 = 12.806 | Init Dist 100 = 12.806 | Init Dist 1000 = 12.806 | Learner Steps = 22697 | Learner Walltime = 4474.150 | Min Dist = 0.151 | Min Dist 10 = 0.327 | Min Dist 100 = 0.621 | Min Dist 1000 = 0.352 | Steps Per Second = 83.814 | Success = 1.000 | Success 1000 = 0.969
I0502 16:20:50.473087 139558059398720 terminal.py:91] [Actor] Actor Episodes = 29249 | Actor Steps = 1462450 | Delta Dist = 5.391 | Delta Dist 10 = 3.691 | Delta Dist 100 = 4.149 | Delta Dist 1000 = 4.666 | Episode Length = 50 | Episode Return = 32.0 | Evaluator Episodes = 7413 | Evaluator Steps = 370650 | Final Dist = 0.691 | Final Dist 10 = 2.678 | Final Dist 100 = 1.909 | Final Dist 1000 = 1.395 | Init Dist = 6.083 | Init Dist 10 = 6.369 | Init Dist 100 = 6.058 | Init Dist 1000 = 6.060 | Learner Steps = 22691 | Learner Walltime = 4472.812 | Min Dist = 0.618 | Min Dist 10 = 2.040 | Min Dist 100 = 0.385 | Min Dist 1000 = 0.229 | Steps Per Second = 80.381 | Success = 1.000 | Success 1000 = 0.991
I0502 16:20:51.201971 139579566835264 terminal.py:91] [Evaluator] Actor Episodes = 29258 | Actor Steps = 1462900 | Delta Dist = 11.472 | Delta Dist 10 = 12.121 | Delta Dist 100 = 11.517 | Delta Dist 1000 = 11.798 | Episode Length = 50 | Episode Return = 5.0 | Evaluator Episodes = 7417 | Evaluator Steps = 370850 | Final Dist = 1.335 | Final Dist 10 = 0.685 | Final Dist 100 = 1.289 | Final Dist 1000 = 1.008 | Init Dist = 12.806 | Init Dist 10 = 12.806 | Init Dist 100 = 12.806 | Init Dist 1000 = 12.806 | Learner Steps = 22703 | Learner Walltime = 4475.306 | Min Dist = 0.294 | Min Dist 10 = 0.272 | Min Dist 100 = 0.608 | Min Dist 1000 = 0.345 | Steps Per Second = 87.207 | Success = 1.000 | Success 1000 = 0.970
I0502 16:20:52.455492 139579566835264 terminal.py:91] [Evaluator] Actor Episodes = 29266 | Actor Steps = 1463300 | Delta Dist = 12.040 | Delta Dist 10 = 12.040 | Delta Dist 100 = 11.511 | Delta Dist 1000 = 11.805 | Episode Length = 50 | Episode Return = 6.0 | Evaluator Episodes = 7419 | Evaluator Steps = 370950 | Final Dist = 0.766 | Final Dist 10 = 0.766 | Final Dist 100 = 1.296 | Final Dist 1000 = 1.001 | Init Dist = 12.806 | Init Dist 10 = 12.806 | Init Dist 100 = 12.806 | Init Dist 1000 = 12.806 | Learner Steps = 22710 | Learner Walltime = 4476.566 | Min Dist = 0.323 | Min Dist 10 = 0.280 | Min Dist 100 = 0.610 | Min Dist 1000 = 0.339 | Steps Per Second = 77.619 | Success = 1.000 | Success 1000 = 0.971
I0502 16:20:52.859921 139569349502528 terminal.py:91] [Actor] Actor Episodes = 29270 | Actor Steps = 1463500 | Delta Dist = 9.074 | Delta Dist 10 = 4.974 | Delta Dist 100 = 4.195 | Delta Dist 1000 = 4.676 | Episode Length = 50 | Episode Return = 32.0 | Evaluator Episodes = 7419 | Evaluator Steps = 370950 | Final Dist = 0.360 | Final Dist 10 = 0.702 | Final Dist 100 = 1.753 | Final Dist 1000 = 1.386 | Init Dist = 9.434 | Init Dist 10 = 5.677 | Init Dist 100 = 5.948 | Init Dist 1000 = 6.061 | Learner Steps = 22710 | Learner Walltime = 4476.566 | Min Dist = 0.039 | Min Dist 10 = 0.112 | Min Dist 100 = 0.392 | Min Dist 1000 = 0.221 | Steps Per Second = 78.500 | Success = 1.000 | Success 1000 = 0.991
I0502 16:20:53.217168 139584504182336 lp_utils.py:96] StepsLimiter: Reached 1463500 recorded steps
I0502 16:20:53.325143 139557462840896 terminal.py:91] [Actor] Actor Episodes = 29269 | Actor Steps = 1463450 | Delta Dist = 3.642 | Delta Dist 10 = 3.263 | Delta Dist 100 = 4.179 | Delta Dist 1000 = 4.675 | Episode Length = 50 | Episode Return = 11.0 | Evaluator Episodes = 7419 | Evaluator Steps = 370950 | Final Dist = 0.481 | Final Dist 10 = 2.164 | Final Dist 100 = 1.829 | Final Dist 1000 = 1.390 | Init Dist = 4.123 | Init Dist 10 = 5.427 | Init Dist 100 = 6.007 | Init Dist 1000 = 6.064 | Learner Steps = 22710 | Learner Walltime = 4476.566 | Min Dist = 0.047 | Min Dist 10 = 0.116 | Min Dist 100 = 0.394 | Min Dist 1000 = 0.221 | Steps Per Second = 82.375 | Success = 1.000 | Success 1000 = 0.991
I0502 16:20:53.651505 139579566835264 terminal.py:91] [Evaluator] Actor Episodes = 29274 | Actor Steps = 1463700 | Delta Dist = 12.516 | Delta Dist 10 = 12.071 | Delta Dist 100 = 11.555 | Delta Dist 1000 = 11.806 | Episode Length = 50 | Episode Return = 26.0 | Evaluator Episodes = 7421 | Evaluator Steps = 371050 | Final Dist = 0.290 | Final Dist 10 = 0.735 | Final Dist 100 = 1.251 | Final Dist 1000 = 1.000 | Init Dist = 12.806 | Init Dist 10 = 12.806 | Init Dist 100 = 12.806 | Init Dist 1000 = 12.806 | Learner Steps = 22715 | Learner Walltime = 4477.636 | Min Dist = 0.141 | Min Dist 10 = 0.290 | Min Dist 100 = 0.569 | Min Dist 1000 = 0.339 | Steps Per Second = 92.298 | Success = 1.000 | Success 1000 = 0.971
I0502 16:20:54.072343 139555860620864 terminal.py:91] [Actor] Actor Episodes = 29273 | Actor Steps = 1463650 | Delta Dist = 5.591 | Delta Dist 10 = 4.807 | Delta Dist 100 = 4.169 | Delta Dist 1000 = 4.673 | Episode Length = 50 | Episode Return = 44.0 | Evaluator Episodes = 7419 | Evaluator Steps = 370950 | Final Dist = 0.066 | Final Dist 10 = 1.997 | Final Dist 100 = 1.817 | Final Dist 1000 = 1.388 | Init Dist = 5.657 | Init Dist 10 = 6.805 | Init Dist 100 = 5.986 | Init Dist 1000 = 6.060 | Learner Steps = 22715 | Learner Walltime = 4477.636 | Min Dist = 0.050 | Min Dist 10 = 0.062 | Min Dist 100 = 0.393 | Min Dist 1000 = 0.220 | Steps Per Second = 86.438 | Success = 1.000 | Success 1000 = 0.991
I0502 16:20:54.866538 139579566835264 terminal.py:91] [Evaluator] Actor Episodes = 29282 | Actor Steps = 1464100 | Delta Dist = 8.633 | Delta Dist 10 = 12.092 | Delta Dist 100 = 11.571 | Delta Dist 1000 = 11.808 | Episode Length = 50 | Episode Return = 0.0 | Evaluator Episodes = 7423 | Evaluator Steps = 371150 | Final Dist = 4.174 | Final Dist 10 = 0.714 | Final Dist 100 = 1.235 | Final Dist 1000 = 0.999 | Init Dist = 12.806 | Init Dist 10 = 12.806 | Init Dist 100 = 12.806 | Init Dist 1000 = 12.806 | Learner Steps = 22722 | Learner Walltime = 4478.885 | Min Dist = 4.174 | Min Dist 10 = 0.299 | Min Dist 100 = 0.568 | Min Dist 1000 = 0.339 | Steps Per Second = 80.235 | Success = 0.000 | Success 1000 = 0.971
I0502 16:20:55.998153 139579566835264 terminal.py:91] [Evaluator] Actor Episodes = 29288 | Actor Steps = 1464400 | Delta Dist = 11.854 | Delta Dist 10 = 11.784 | Delta Dist 100 = 11.546 | Delta Dist 1000 = 11.804 | Episode Length = 50 | Episode Return = 18.0 | Evaluator Episodes = 7425 | Evaluator Steps = 371250 | Final Dist = 0.952 | Final Dist 10 = 1.023 | Final Dist 100 = 1.260 | Final Dist 1000 = 1.002 | Init Dist = 12.806 | Init Dist 10 = 12.806 | Init Dist 100 = 12.806 | Init Dist 1000 = 12.806 | Learner Steps = 22729 | Learner Walltime = 4480.074 | Min Dist = 0.435 | Min Dist 10 = 0.647 | Min Dist 100 = 0.616 | Min Dist 1000 = 0.343 | Steps Per Second = 80.855 | Success = 1.000 | Success 1000 = 0.970
I0502 16:20:57.091301 139555013154368 terminal.py:91] [Learner] Actor Episodes = 29296 | Actor Loss = 3.605757713317871 | Actor Steps = 1464800 | Binary Accuracy = 0.9960532188415527 | Categorical Accuracy = 0.43115234375 | Critic Loss = 1.7940540313720703 | Entropy Mean = -20.052806854248047 | Evaluator Episodes = 7425 | Evaluator Steps = 371250 | Learner Steps = 22734 | Learner Walltime = 4481.287 | Logits Neg = -17.04625701904297 | Logits Pos = -1.7652368545532227 | Logsumexp = 1.120546579360962 | Steps Per Second = 234.544
I0502 16:20:57.217670 139579566835264 terminal.py:91] [Evaluator] Actor Episodes = 29296 | Actor Steps = 1464800 | Delta Dist = 11.781 | Delta Dist 10 = 11.679 | Delta Dist 100 = 11.544 | Delta Dist 1000 = 11.803 | Episode Length = 50 | Episode Return = 12.0 | Evaluator Episodes = 7427 | Evaluator Steps = 371350 | Final Dist = 1.025 | Final Dist 10 = 1.128 | Final Dist 100 = 1.263 | Final Dist 1000 = 1.004 | Init Dist = 12.806 | Init Dist 10 = 12.806 | Init Dist 100 = 12.806 | Init Dist 1000 = 12.806 | Learner Steps = 22734 | Learner Walltime = 4481.287 | Min Dist = 0.061 | Min Dist 10 = 0.676 | Min Dist 100 = 0.615 | Min Dist 1000 = 0.344 | Steps Per Second = 84.854 | Success = 1.000 | Success 1000 = 0.970
I0502 16:20:58.369963 139579566835264 terminal.py:91] [Evaluator] Actor Episodes = 29304 | Actor Steps = 1465200 | Delta Dist = 12.445 | Delta Dist 10 = 11.708 | Delta Dist 100 = 11.545 | Delta Dist 1000 = 11.802 | Episode Length = 50 | Episode Return = 23.0 | Evaluator Episodes = 7429 | Evaluator Steps = 371450 | Final Dist = 0.361 | Final Dist 10 = 1.098 | Final Dist 100 = 1.261 | Final Dist 1000 = 1.004 | Init Dist = 12.806 | Init Dist 10 = 12.806 | Init Dist 100 = 12.806 | Init Dist 1000 = 12.806 | Learner Steps = 22740 | Learner Walltime = 4482.419 | Min Dist = 0.092 | Min Dist 10 = 0.675 | Min Dist 100 = 0.616 | Min Dist 1000 = 0.344 | Steps Per Second = 87.914 | Success = 1.000 | Success 1000 = 0.970
I0502 16:20:59.546462 139579566835264 terminal.py:91] [Evaluator] Actor Episodes = 29312 | Actor Steps = 1465600 | Delta Dist = 11.853 | Delta Dist 10 = 11.660 | Delta Dist 100 = 11.557 | Delta Dist 1000 = 11.803 | Episode Length = 50 | Episode Return = 28.0 | Evaluator Episodes = 7431 | Evaluator Steps = 371550 | Final Dist = 0.953 | Final Dist 10 = 1.146 | Final Dist 100 = 1.249 | Final Dist 1000 = 1.004 | Init Dist = 12.806 | Init Dist 10 = 12.806 | Init Dist 100 = 12.806 | Init Dist 1000 = 12.806 | Learner Steps = 22747 | Learner Walltime = 4483.582 | Min Dist = 0.093 | Min Dist 10 = 0.650 | Min Dist 100 = 0.615 | Min Dist 1000 = 0.344 | Steps Per Second = 88.435 | Success = 1.000 | Success 1000 = 0.970
I0502 16:21:00.869726 139579566835264 terminal.py:91] [Evaluator] Actor Episodes = 29320 | Actor Steps = 1466000 | Delta Dist = 8.703 | Delta Dist 10 = 10.871 | Delta Dist 100 = 11.494 | Delta Dist 1000 = 11.796 | Episode Length = 50 | Episode Return = 0.0 | Evaluator Episodes = 7433 | Evaluator Steps = 371650 | Final Dist = 4.104 | Final Dist 10 = 1.935 | Final Dist 100 = 1.312 | Final Dist 1000 = 1.010 | Init Dist = 12.806 | Init Dist 10 = 12.806 | Init Dist 100 = 12.806 | Init Dist 1000 = 12.806 | Learner Steps = 22753 | Learner Walltime = 4484.715 | Min Dist = 4.069 | Min Dist 10 = 1.298 | Min Dist 100 = 0.680 | Min Dist 1000 = 0.350 | Steps Per Second = 71.314 | Success = 0.000 | Success 1000 = 0.969
I0502 16:21:01.127383 139558059398720 terminal.py:91] [Actor] Actor Episodes = 29322 | Actor Steps = 1466100 | Delta Dist = 4.853 | Delta Dist 10 = 4.368 | Delta Dist 100 = 4.567 | Delta Dist 1000 = 4.652 | Episode Length = 50 | Episode Return = 37.0 | Evaluator Episodes = 7433 | Evaluator Steps = 371650 | Final Dist = 1.147 | Final Dist 10 = 1.124 | Final Dist 100 = 1.718 | Final Dist 1000 = 1.420 | Init Dist = 6.000 | Init Dist 10 = 5.492 | Init Dist 100 = 6.285 | Init Dist 1000 = 6.072 | Learner Steps = 22753 | Learner Walltime = 4484.715 | Min Dist = 1.147 | Min Dist 10 = 0.551 | Min Dist 100 = 0.595 | Min Dist 1000 = 0.246 | Steps Per Second = 70.204 | Success = 0.000 | Success 1000 = 0.990
I0502 16:21:02.033413 139579566835264 terminal.py:91] [Evaluator] Actor Episodes = 29328 | Actor Steps = 1466400 | Delta Dist = 11.400 | Delta Dist 10 = 10.869 | Delta Dist 100 = 11.468 | Delta Dist 1000 = 11.793 | Episode Length = 50 | Episode Return = 6.0 | Evaluator Episodes = 7435 | Evaluator Steps = 371750 | Final Dist = 1.407 | Final Dist 10 = 1.937 | Final Dist 100 = 1.338 | Final Dist 1000 = 1.014 | Init Dist = 12.806 | Init Dist 10 = 12.806 | Init Dist 100 = 12.806 | Init Dist 1000 = 12.806 | Learner Steps = 22759 | Learner Walltime = 4486.083 | Min Dist = 0.124 | Min Dist 10 = 1.215 | Min Dist 100 = 0.717 | Min Dist 1000 = 0.354 | Steps Per Second = 93.851 | Success = 1.000 | Success 1000 = 0.968
I0502 16:21:03.013929 139569349502528 terminal.py:91] [Actor] Actor Episodes = 29333 | Actor Steps = 1466650 | Delta Dist = 6.044 | Delta Dist 10 = 4.487 | Delta Dist 100 = 4.677 | Delta Dist 1000 = 4.658 | Episode Length = 50 | Episode Return = 8.0 | Evaluator Episodes = 7435 | Evaluator Steps = 371750 | Final Dist = 1.027 | Final Dist 10 = 0.560 | Final Dist 100 = 1.597 | Final Dist 1000 = 1.404 | Init Dist = 7.071 | Init Dist 10 = 5.047 | Init Dist 100 = 6.274 | Init Dist 1000 = 6.062 | Learner Steps = 22759 | Learner Walltime = 4486.083 | Min Dist = 0.187 | Min Dist 10 = 0.168 | Min Dist 100 = 0.548 | Min Dist 1000 = 0.247 | Steps Per Second = 91.866 | Success = 1.000 | Success 1000 = 0.989
I0502 16:21:03.175802 139584635659840 savers.py:156] Saving checkpoint: logs/contrastive_cpc_point_FourRooms_64/5dd72662-2788-11f0-b183-d85ed38c5779/checkpoints/counter
I0502 16:21:03.238416 139584504182336 lp_utils.py:96] StepsLimiter: Reached 1466800 recorded steps
I0502 16:21:03.266264 139579566835264 terminal.py:91] [Evaluator] Actor Episodes = 29336 | Actor Steps = 1466800 | Delta Dist = 12.626 | Delta Dist 10 = 10.894 | Delta Dist 100 = 11.469 | Delta Dist 1000 = 11.792 | Episode Length = 50 | Episode Return = 15.0 | Evaluator Episodes = 7437 | Evaluator Steps = 371850 | Final Dist = 0.181 | Final Dist 10 = 1.912 | Final Dist 100 = 1.337 | Final Dist 1000 = 1.015 | Init Dist = 12.806 | Init Dist 10 = 12.806 | Init Dist 100 = 12.806 | Init Dist 1000 = 12.806 | Learner Steps = 22766 | Learner Walltime = 4487.378 | Min Dist = 0.170 | Min Dist 10 = 1.186 | Min Dist 100 = 0.715 | Min Dist 1000 = 0.354 | Steps Per Second = 81.852 | Success = 1.000 | Success 1000 = 0.968
I0502 16:21:03.739575 139557462840896 terminal.py:91] [Actor] Actor Episodes = 29342 | Actor Steps = 1467100 | Delta Dist = 5.456 | Delta Dist 10 = 3.592 | Delta Dist 100 = 4.761 | Delta Dist 1000 = 4.649 | Episode Length = 50 | Episode Return = 40.0 | Evaluator Episodes = 7437 | Evaluator Steps = 371850 | Final Dist = 0.201 | Final Dist 10 = 1.347 | Final Dist 100 = 1.605 | Final Dist 1000 = 1.413 | Init Dist = 5.657 | Init Dist 10 = 4.939 | Init Dist 100 = 6.366 | Init Dist 1000 = 6.062 | Learner Steps = 22766 | Learner Walltime = 4487.378 | Min Dist = 0.031 | Min Dist 10 = 1.121 | Min Dist 100 = 0.639 | Min Dist 1000 = 0.257 | Steps Per Second = 75.158 | Success = 1.000 | Success 1000 = 0.989
I0502 16:21:04.110636 139555860620864 terminal.py:91] [Actor] Actor Episodes = 29344 | Actor Steps = 1467200 | Delta Dist = 2.939 | Delta Dist 10 = 4.008 | Delta Dist 100 = 4.698 | Delta Dist 1000 = 4.647 | Episode Length = 50 | Episode Return = 20.0 | Evaluator Episodes = 7437 | Evaluator Steps = 371850 | Final Dist = 0.061 | Final Dist 10 = 1.496 | Final Dist 100 = 1.617 | Final Dist 1000 = 1.413 | Init Dist = 3.000 | Init Dist 10 = 5.504 | Init Dist 100 = 6.315 | Init Dist 1000 = 6.061 | Learner Steps = 22766 | Learner Walltime = 4487.378 | Min Dist = 0.014 | Min Dist 10 = 1.124 | Min Dist 100 = 0.638 | Min Dist 1000 = 0.256 | Steps Per Second = 87.727 | Success = 1.000 | Success 1000 = 0.989
I0502 16:21:04.404801 139579566835264 terminal.py:91] [Evaluator] Actor Episodes = 29344 | Actor Steps = 1467200 | Delta Dist = 12.335 | Delta Dist 10 = 10.939 | Delta Dist 100 = 11.469 | Delta Dist 1000 = 11.791 | Episode Length = 50 | Episode Return = 27.0 | Evaluator Episodes = 7439 | Evaluator Steps = 371950 | Final Dist = 0.472 | Final Dist 10 = 1.867 | Final Dist 100 = 1.337 | Final Dist 1000 = 1.015 | Init Dist = 12.806 | Init Dist 10 = 12.806 | Init Dist 100 = 12.806 | Init Dist 1000 = 12.806 | Learner Steps = 22772 | Learner Walltime = 4488.448 | Min Dist = 0.317 | Min Dist 10 = 1.182 | Min Dist 100 = 0.716 | Min Dist 1000 = 0.354 | Steps Per Second = 87.612 | Success = 1.000 | Success 1000 = 0.968
I0502 16:21:05.679394 139579566835264 terminal.py:91] [Evaluator] Actor Episodes = 29352 | Actor Steps = 1467600 | Delta Dist = 4.479 | Delta Dist 10 = 11.012 | Delta Dist 100 = 11.483 | Delta Dist 1000 = 11.792 | Episode Length = 50 | Episode Return = 0.0 | Evaluator Episodes = 7441 | Evaluator Steps = 372050 | Final Dist = 8.327 | Final Dist 10 = 1.794 | Final Dist 100 = 1.323 | Final Dist 1000 = 1.014 | Init Dist = 12.806 | Init Dist 10 = 12.806 | Init Dist 100 = 12.806 | Init Dist 1000 = 12.806 | Learner Steps = 22778 | Learner Walltime = 4489.691 | Min Dist = 6.685 | Min Dist 10 = 1.211 | Min Dist 100 = 0.715 | Min Dist 1000 = 0.354 | Steps Per Second = 82.503 | Success = 0.000 | Success 1000 = 0.968
I0502 16:21:06.857576 139579566835264 terminal.py:91] [Evaluator] Actor Episodes = 29360 | Actor Steps = 1468000 | Delta Dist = 11.556 | Delta Dist 10 = 10.894 | Delta Dist 100 = 11.397 | Delta Dist 1000 = 11.784 | Episode Length = 50 | Episode Return = 16.0 | Evaluator Episodes = 7443 | Evaluator Steps = 372150 | Final Dist = 1.250 | Final Dist 10 = 1.912 | Final Dist 100 = 1.410 | Final Dist 1000 = 1.023 | Init Dist = 12.806 | Init Dist 10 = 12.806 | Init Dist 100 = 12.806 | Init Dist 1000 = 12.806 | Learner Steps = 22784 | Learner Walltime = 4490.895 | Min Dist = 0.587 | Min Dist 10 = 1.247 | Min Dist 100 = 0.781 | Min Dist 1000 = 0.360 | Steps Per Second = 90.907 | Success = 1.000 | Success 1000 = 0.967
I0502 16:21:07.300047 139555013154368 terminal.py:91] [Learner] Actor Episodes = 29360 | Actor Loss = 3.5060441493988037 | Actor Steps = 1468000 | Binary Accuracy = 0.9960439205169678 | Categorical Accuracy = 0.4193115234375 | Critic Loss = 1.8218755722045898 | Entropy Mean = -21.213218688964844 | Evaluator Episodes = 7441 | Evaluator Steps = 372050 | Learner Steps = 22786 | Learner Walltime = 4491.500 | Logits Neg = -16.914161682128906 | Logits Pos = -1.7782325744628906 | Logsumexp = 1.1437482833862305 | Steps Per Second = 130.443
I0502 16:21:08.020651 139579566835264 terminal.py:91] [Evaluator] Actor Episodes = 29368 | Actor Steps = 1468400 | Delta Dist = 12.790 | Delta Dist 10 = 11.169 | Delta Dist 100 = 11.397 | Delta Dist 1000 = 11.783 | Episode Length = 50 | Episode Return = 32.0 | Evaluator Episodes = 7445 | Evaluator Steps = 372250 | Final Dist = 0.016 | Final Dist 10 = 1.637 | Final Dist 100 = 1.409 | Final Dist 1000 = 1.023 | Init Dist = 12.806 | Init Dist 10 = 12.806 | Init Dist 100 = 12.806 | Init Dist 1000 = 12.806 | Learner Steps = 22790 | Learner Walltime = 4492.027 | Min Dist = 0.016 | Min Dist 10 = 0.987 | Min Dist 100 = 0.794 | Min Dist 1000 = 0.361 | Steps Per Second = 88.920 | Success = 1.000 | Success 1000 = 0.967
I0502 16:21:09.141559 139579566835264 terminal.py:91] [Evaluator] Actor Episodes = 29376 | Actor Steps = 1468800 | Delta Dist = 11.770 | Delta Dist 10 = 11.244 | Delta Dist 100 = 11.402 | Delta Dist 1000 = 11.784 | Episode Length = 50 | Episode Return = 32.0 | Evaluator Episodes = 7447 | Evaluator Steps = 372350 | Final Dist = 1.036 | Final Dist 10 = 1.562 | Final Dist 100 = 1.404 | Final Dist 1000 = 1.023 | Init Dist = 12.806 | Init Dist 10 = 12.806 | Init Dist 100 = 12.806 | Init Dist 1000 = 12.806 | Learner Steps = 22797 | Learner Walltime = 4493.294 | Min Dist = 0.246 | Min Dist 10 = 1.044 | Min Dist 100 = 0.799 | Min Dist 1000 = 0.362 | Steps Per Second = 88.209 | Success = 1.000 | Success 1000 = 0.967
I0502 16:21:09.312823 139583350109760 savers.py:156] Saving checkpoint: logs/contrastive_cpc_point_FourRooms_64/5dd72662-2788-11f0-b183-d85ed38c5779/checkpoints/learner
I0502 16:21:10.375540 139579566835264 terminal.py:91] [Evaluator] Actor Episodes = 29384 | Actor Steps = 1469200 | Delta Dist = 11.822 | Delta Dist 10 = 11.266 | Delta Dist 100 = 11.440 | Delta Dist 1000 = 11.785 | Episode Length = 50 | Episode Return = 18.0 | Evaluator Episodes = 7449 | Evaluator Steps = 372450 | Final Dist = 0.984 | Final Dist 10 = 1.540 | Final Dist 100 = 1.366 | Final Dist 1000 = 1.021 | Init Dist = 12.806 | Init Dist 10 = 12.806 | Init Dist 100 = 12.806 | Init Dist 1000 = 12.806 | Learner Steps = 22803 | Learner Walltime = 4494.402 | Min Dist = 0.276 | Min Dist 10 = 1.046 | Min Dist 100 = 0.755 | Min Dist 1000 = 0.362 | Steps Per Second = 84.759 | Success = 1.000 | Success 1000 = 0.967
I0502 16:21:11.362658 139558059398720 terminal.py:91] [Actor] Actor Episodes = 29389 | Actor Steps = 1469450 | Delta Dist = -0.006 | Delta Dist 10 = 5.536 | Delta Dist 100 = 4.543 | Delta Dist 1000 = 4.619 | Episode Length = 50 | Episode Return = 0.0 | Evaluator Episodes = 7449 | Evaluator Steps = 372450 | Final Dist = 5.105 | Final Dist 10 = 1.291 | Final Dist 100 = 1.324 | Final Dist 1000 = 1.395 | Init Dist = 5.099 | Init Dist 10 = 6.827 | Init Dist 100 = 5.868 | Init Dist 1000 = 6.015 | Learner Steps = 22803 | Learner Walltime = 4494.402 | Min Dist = 0.156 | Min Dist 10 = 0.241 | Min Dist 100 = 0.487 | Min Dist 1000 = 0.255 | Steps Per Second = 74.712 | Success = 1.000 | Success 1000 = 0.988
I0502 16:21:11.666291 139579566835264 terminal.py:91] [Evaluator] Actor Episodes = 29392 | Actor Steps = 1469600 | Delta Dist = 10.864 | Delta Dist 10 = 11.134 | Delta Dist 100 = 11.433 | Delta Dist 1000 = 11.785 | Episode Length = 50 | Episode Return = 0.0 | Evaluator Episodes = 7451 | Evaluator Steps = 372550 | Final Dist = 1.942 | Final Dist 10 = 1.672 | Final Dist 100 = 1.374 | Final Dist 1000 = 1.021 | Init Dist = 12.806 | Init Dist 10 = 12.806 | Init Dist 100 = 12.806 | Init Dist 1000 = 12.806 | Learner Steps = 22809 | Learner Walltime = 4495.672 | Min Dist = 1.942 | Min Dist 10 = 1.070 | Min Dist 100 = 0.761 | Min Dist 1000 = 0.362 | Steps Per Second = 79.999 | Success = 0.000 | Success 1000 = 0.967
I0502 16:21:12.828783 139579566835264 terminal.py:91] [Evaluator] Actor Episodes = 29400 | Actor Steps = 1470000 | Delta Dist = 11.612 | Delta Dist 10 = 11.776 | Delta Dist 100 = 11.412 | Delta Dist 1000 = 11.783 | Episode Length = 50 | Episode Return = 11.0 | Evaluator Episodes = 7453 | Evaluator Steps = 372650 | Final Dist = 1.194 | Final Dist 10 = 1.031 | Final Dist 100 = 1.394 | Final Dist 1000 = 1.024 | Init Dist = 12.806 | Init Dist 10 = 12.806 | Init Dist 100 = 12.806 | Init Dist 1000 = 12.806 | Learner Steps = 22815 | Learner Walltime = 4496.898 | Min Dist = 0.297 | Min Dist 10 = 0.612 | Min Dist 100 = 0.783 | Min Dist 1000 = 0.364 | Steps Per Second = 89.590 | Success = 1.000 | Success 1000 = 0.966
I0502 16:21:13.174884 139569349502528 terminal.py:91] [Actor] Actor Episodes = 29402 | Actor Steps = 1470100 | Delta Dist = 6.611 | Delta Dist 10 = 3.283 | Delta Dist 100 = 4.337 | Delta Dist 1000 = 4.616 | Episode Length = 50 | Episode Return = 41.0 | Evaluator Episodes = 7453 | Evaluator Steps = 372650 | Final Dist = 0.600 | Final Dist 10 = 1.718 | Final Dist 100 = 1.275 | Final Dist 1000 = 1.398 | Init Dist = 7.211 | Init Dist 10 = 5.000 | Init Dist 100 = 5.613 | Init Dist 1000 = 6.014 | Learner Steps = 22815 | Learner Walltime = 4496.898 | Min Dist = 0.065 | Min Dist 10 = 1.074 | Min Dist 100 = 0.488 | Min Dist 1000 = 0.264 | Steps Per Second = 83.463 | Success = 1.000 | Success 1000 = 0.988
I0502 16:21:13.258754 139584504182336 lp_utils.py:96] StepsLimiter: Reached 1470200 recorded steps
I0502 16:21:14.017029 139579566835264 terminal.py:91] [Evaluator] Actor Episodes = 29408 | Actor Steps = 1470400 | Delta Dist = 12.493 | Delta Dist 10 = 11.792 | Delta Dist 100 = 11.404 | Delta Dist 1000 = 11.782 | Episode Length = 50 | Episode Return = 22.0 | Evaluator Episodes = 7455 | Evaluator Steps = 372750 | Final Dist = 0.313 | Final Dist 10 = 1.014 | Final Dist 100 = 1.402 | Final Dist 1000 = 1.025 | Init Dist = 12.806 | Init Dist 10 = 12.806 | Init Dist 100 = 12.806 | Init Dist 1000 = 12.806 | Learner Steps = 22821 | Learner Walltime = 4498.150 | Min Dist = 0.026 | Min Dist 10 = 0.492 | Min Dist 100 = 0.785 | Min Dist 1000 = 0.364 | Steps Per Second = 84.980 | Success = 1.000 | Success 1000 = 0.966
I0502 16:21:14.070588 139557462840896 terminal.py:91] [Actor] Actor Episodes = 29407 | Actor Steps = 1470350 | Delta Dist = -0.305 | Delta Dist 10 = 3.759 | Delta Dist 100 = 4.076 | Delta Dist 1000 = 4.612 | Episode Length = 50 | Episode Return = 0.0 | Evaluator Episodes = 7453 | Evaluator Steps = 372650 | Final Dist = 7.014 | Final Dist 10 = 2.348 | Final Dist 100 = 1.462 | Final Dist 1000 = 1.401 | Init Dist = 6.708 | Init Dist 10 = 6.107 | Init Dist 100 = 5.537 | Init Dist 1000 = 6.013 | Learner Steps = 22815 | Learner Walltime = 4496.898 | Min Dist = 0.059 | Min Dist 10 = 0.242 | Min Dist 100 = 0.498 | Min Dist 1000 = 0.265 | Steps Per Second = 83.567 | Success = 1.000 | Success 1000 = 0.987
I0502 16:21:14.448260 139555860620864 terminal.py:91] [Actor] Actor Episodes = 29409 | Actor Steps = 1470450 | Delta Dist = 5.432 | Delta Dist 10 = 4.493 | Delta Dist 100 = 4.146 | Delta Dist 1000 = 4.611 | Episode Length = 50 | Episode Return = 0.0 | Evaluator Episodes = 7453 | Evaluator Steps = 372650 | Final Dist = 4.863 | Final Dist 10 = 2.945 | Final Dist 100 = 1.441 | Final Dist 1000 = 1.404 | Init Dist = 10.296 | Init Dist 10 = 7.438 | Init Dist 100 = 5.587 | Init Dist 1000 = 6.015 | Learner Steps = 22815 | Learner Walltime = 4496.898 | Min Dist = 1.053 | Min Dist 10 = 0.231 | Min Dist 100 = 0.427 | Min Dist 1000 = 0.265 | Steps Per Second = 83.691 | Success = 0.000 | Success 1000 = 0.987
I0502 16:21:15.247289 139579566835264 terminal.py:91] [Evaluator] Actor Episodes = 29416 | Actor Steps = 1470800 | Delta Dist = 12.508 | Delta Dist 10 = 11.842 | Delta Dist 100 = 11.421 | Delta Dist 1000 = 11.783 | Episode Length = 50 | Episode Return = 22.0 | Evaluator Episodes = 7457 | Evaluator Steps = 372850 | Final Dist = 0.298 | Final Dist 10 = 0.964 | Final Dist 100 = 1.385 | Final Dist 1000 = 1.023 | Init Dist = 12.806 | Init Dist 10 = 12.806 | Init Dist 100 = 12.806 | Init Dist 1000 = 12.806 | Learner Steps = 22827 | Learner Walltime = 4499.184 | Min Dist = 0.216 | Min Dist 10 = 0.425 | Min Dist 100 = 0.784 | Min Dist 1000 = 0.363 | Steps Per Second = 80.802 | Success = 1.000 | Success 1000 = 0.966
I0502 16:21:16.478475 139579566835264 terminal.py:91] [Evaluator] Actor Episodes = 29424 | Actor Steps = 1471200 | Delta Dist = 12.632 | Delta Dist 10 = 11.809 | Delta Dist 100 = 11.418 | Delta Dist 1000 = 11.783 | Episode Length = 50 | Episode Return = 17.0 | Evaluator Episodes = 7459 | Evaluator Steps = 372950 | Final Dist = 0.174 | Final Dist 10 = 0.998 | Final Dist 100 = 1.389 | Final Dist 1000 = 1.023 | Init Dist = 12.806 | Init Dist 10 = 12.806 | Init Dist 100 = 12.806 | Init Dist 1000 = 12.806 | Learner Steps = 22833 | Learner Walltime = 4500.306 | Min Dist = 0.155 | Min Dist 10 = 0.419 | Min Dist 100 = 0.786 | Min Dist 1000 = 0.364 | Steps Per Second = 82.131 | Success = 1.000 | Success 1000 = 0.966
I0502 16:21:17.655389 139555013154368 terminal.py:91] [Learner] Actor Episodes = 29432 | Actor Loss = 3.609070062637329 | Actor Steps = 1471600 | Binary Accuracy = 0.9960434436798096 | Categorical Accuracy = 0.4224853515625 | Critic Loss = 1.852919340133667 | Entropy Mean = -20.850555419921875 | Evaluator Episodes = 7459 | Evaluator Steps = 372950 | Learner Steps = 22840 | Learner Walltime = 4501.850 | Logits Neg = -16.814001083374023 | Logits Pos = -1.8140995502471924 | Logsumexp = 1.118910551071167 | Steps Per Second = 108.918
I0502 16:21:17.662600 139579566835264 terminal.py:91] [Evaluator] Actor Episodes = 29432 | Actor Steps = 1471600 | Delta Dist = 11.825 | Delta Dist 10 = 11.925 | Delta Dist 100 = 11.420 | Delta Dist 1000 = 11.784 | Episode Length = 50 | Episode Return = 22.0 | Evaluator Episodes = 7461 | Evaluator Steps = 373050 | Final Dist = 0.981 | Final Dist 10 = 0.881 | Final Dist 100 = 1.386 | Final Dist 1000 = 1.023 | Init Dist = 12.806 | Init Dist 10 = 12.806 | Init Dist 100 = 12.806 | Init Dist 1000 = 12.806 | Learner Steps = 22840 | Learner Walltime = 4501.850 | Min Dist = 0.100 | Min Dist 10 = 0.434 | Min Dist 100 = 0.795 | Min Dist 1000 = 0.364 | Steps Per Second = 80.006 | Success = 1.000 | Success 1000 = 0.966
I0502 16:21:18.848555 139579566835264 terminal.py:91] [Evaluator] Actor Episodes = 29440 | Actor Steps = 1472000 | Delta Dist = 11.455 | Delta Dist 10 = 12.017 | Delta Dist 100 = 11.416 | Delta Dist 1000 = 11.782 | Episode Length = 50 | Episode Return = 15.0 | Evaluator Episodes = 7463 | Evaluator Steps = 373150 | Final Dist = 1.351 | Final Dist 10 = 0.790 | Final Dist 100 = 1.390 | Final Dist 1000 = 1.024 | Init Dist = 12.806 | Init Dist 10 = 12.806 | Init Dist 100 = 12.806 | Init Dist 1000 = 12.806 | Learner Steps = 22840 | Learner Walltime = 4501.850 | Min Dist = 0.285 | Min Dist 10 = 0.204 | Min Dist 100 = 0.789 | Min Dist 1000 = 0.364 | Steps Per Second = 83.961 | Success = 1.000 | Success 1000 = 0.966
I0502 16:21:20.073755 139579566835264 terminal.py:91] [Evaluator] Actor Episodes = 29448 | Actor Steps = 1472400 | Delta Dist = 12.391 | Delta Dist 10 = 12.049 | Delta Dist 100 = 11.413 | Delta Dist 1000 = 11.782 | Episode Length = 50 | Episode Return = 11.0 | Evaluator Episodes = 7465 | Evaluator Steps = 373250 | Final Dist = 0.415 | Final Dist 10 = 0.757 | Final Dist 100 = 1.393 | Final Dist 1000 = 1.024 | Init Dist = 12.806 | Init Dist 10 = 12.806 | Init Dist 100 = 12.806 | Init Dist 1000 = 12.806 | Learner Steps = 22846 | Learner Walltime = 4503.081 | Min Dist = 0.185 | Min Dist 10 = 0.226 | Min Dist 100 = 0.793 | Min Dist 1000 = 0.364 | Steps Per Second = 82.222 | Success = 1.000 | Success 1000 = 0.966
I0502 16:21:21.328401 139579566835264 terminal.py:91] [Evaluator] Actor Episodes = 29456 | Actor Steps = 1472800 | Delta Dist = 11.594 | Delta Dist 10 = 11.976 | Delta Dist 100 = 11.427 | Delta Dist 1000 = 11.783 | Episode Length = 50 | Episode Return = 15.0 | Evaluator Episodes = 7467 | Evaluator Steps = 373350 | Final Dist = 1.212 | Final Dist 10 = 0.830 | Final Dist 100 = 1.379 | Final Dist 1000 = 1.023 | Init Dist = 12.806 | Init Dist 10 = 12.806 | Init Dist 100 = 12.806 | Init Dist 1000 = 12.806 | Learner Steps = 22858 | Learner Walltime = 4505.498 | Min Dist = 0.192 | Min Dist 10 = 0.256 | Min Dist 100 = 0.790 | Min Dist 1000 = 0.364 | Steps Per Second = 84.454 | Success = 1.000 | Success 1000 = 0.966
I0502 16:21:21.862160 139558059398720 terminal.py:91] [Actor] Actor Episodes = 29458 | Actor Steps = 1472900 | Delta Dist = 5.453 | Delta Dist 10 = 2.387 | Delta Dist 100 = 3.949 | Delta Dist 1000 = 4.571 | Episode Length = 50 | Episode Return = 45.0 | Evaluator Episodes = 7467 | Evaluator Steps = 373350 | Final Dist = 0.630 | Final Dist 10 = 1.876 | Final Dist 100 = 1.710 | Final Dist 1000 = 1.444 | Init Dist = 6.083 | Init Dist 10 = 4.263 | Init Dist 100 = 5.659 | Init Dist 1000 = 6.015 | Learner Steps = 22858 | Learner Walltime = 4505.498 | Min Dist = 0.029 | Min Dist 10 = 0.109 | Min Dist 100 = 0.268 | Min Dist 1000 = 0.270 | Steps Per Second = 75.861 | Success = 1.000 | Success 1000 = 0.986
I0502 16:21:22.465148 139579566835264 terminal.py:91] [Evaluator] Actor Episodes = 29462 | Actor Steps = 1473100 | Delta Dist = 11.765 | Delta Dist 10 = 11.914 | Delta Dist 100 = 11.429 | Delta Dist 1000 = 11.789 | Episode Length = 50 | Episode Return = 10.0 | Evaluator Episodes = 7469 | Evaluator Steps = 373450 | Final Dist = 1.041 | Final Dist 10 = 0.892 | Final Dist 100 = 1.378 | Final Dist 1000 = 1.017 | Init Dist = 12.806 | Init Dist 10 = 12.806 | Init Dist 100 = 12.806 | Init Dist 1000 = 12.806 | Learner Steps = 22858 | Learner Walltime = 4505.498 | Min Dist = 0.366 | Min Dist 10 = 0.245 | Min Dist 100 = 0.784 | Min Dist 1000 = 0.356 | Steps Per Second = 92.991 | Success = 1.000 | Success 1000 = 0.967
I0502 16:21:23.276757 139584504182336 lp_utils.py:96] StepsLimiter: Reached 1473500 recorded steps
I0502 16:21:23.635942 139569349502528 terminal.py:91] [Actor] Actor Episodes = 29469 | Actor Steps = 1473450 | Delta Dist = 8.025 | Delta Dist 10 = 5.619 | Delta Dist 100 = 4.106 | Delta Dist 1000 = 4.559 | Episode Length = 50 | Episode Return = 26.0 | Evaluator Episodes = 7469 | Evaluator Steps = 373450 | Final Dist = 0.222 | Final Dist 10 = 1.418 | Final Dist 100 = 1.802 | Final Dist 1000 = 1.446 | Init Dist = 8.246 | Init Dist 10 = 7.037 | Init Dist 100 = 5.909 | Init Dist 1000 = 6.006 | Learner Steps = 22865 | Learner Walltime = 4506.802 | Min Dist = 0.015 | Min Dist 10 = 1.061 | Min Dist 100 = 0.366 | Min Dist 1000 = 0.280 | Steps Per Second = 91.451 | Success = 1.000 | Success 1000 = 0.986
I0502 16:21:23.652031 139579566835264 terminal.py:91] [Evaluator] Actor Episodes = 29470 | Actor Steps = 1473500 | Delta Dist = 11.572 | Delta Dist 10 = 11.769 | Delta Dist 100 = 11.417 | Delta Dist 1000 = 11.789 | Episode Length = 50 | Episode Return = 19.0 | Evaluator Episodes = 7471 | Evaluator Steps = 373550 | Final Dist = 1.235 | Final Dist 10 = 1.037 | Final Dist 100 = 1.390 | Final Dist 1000 = 1.018 | Init Dist = 12.806 | Init Dist 10 = 12.806 | Init Dist 100 = 12.806 | Init Dist 1000 = 12.806 | Learner Steps = 22865 | Learner Walltime = 4506.802 | Min Dist = 0.186 | Min Dist 10 = 0.207 | Min Dist 100 = 0.788 | Min Dist 1000 = 0.356 | Steps Per Second = 86.448 | Success = 1.000 | Success 1000 = 0.967
I0502 16:21:24.323486 139557462840896 terminal.py:91] [Actor] Actor Episodes = 29478 | Actor Steps = 1473900 | Delta Dist = -0.963 | Delta Dist 10 = 5.576 | Delta Dist 100 = 4.180 | Delta Dist 1000 = 4.544 | Episode Length = 50 | Episode Return = 13.0 | Evaluator Episodes = 7471 | Evaluator Steps = 373550 | Final Dist = 2.377 | Final Dist 10 = 1.085 | Final Dist 100 = 1.759 | Final Dist 1000 = 1.442 | Init Dist = 1.414 | Init Dist 10 = 6.661 | Init Dist 100 = 5.939 | Init Dist 1000 = 5.986 | Learner Steps = 22872 | Learner Walltime = 4508.007 | Min Dist = 0.000 | Min Dist 10 = 0.549 | Min Dist 100 = 0.402 | Min Dist 1000 = 0.284 | Steps Per Second = 81.484 | Success = 1.000 | Success 1000 = 0.986
I0502 16:21:24.786221 139579566835264 terminal.py:91] [Evaluator] Actor Episodes = 29478 | Actor Steps = 1473900 | Delta Dist = 12.234 | Delta Dist 10 = 11.801 | Delta Dist 100 = 11.442 | Delta Dist 1000 = 11.788 | Episode Length = 50 | Episode Return = 9.0 | Evaluator Episodes = 7473 | Evaluator Steps = 373650 | Final Dist = 0.573 | Final Dist 10 = 1.006 | Final Dist 100 = 1.364 | Final Dist 1000 = 1.018 | Init Dist = 12.806 | Init Dist 10 = 12.806 | Init Dist 100 = 12.806 | Init Dist 1000 = 12.806 | Learner Steps = 22872 | Learner Walltime = 4508.007 | Min Dist = 0.102 | Min Dist 10 = 0.227 | Min Dist 100 = 0.749 | Min Dist 1000 = 0.356 | Steps Per Second = 84.691 | Success = 1.000 | Success 1000 = 0.967
I0502 16:21:24.949603 139555860620864 terminal.py:91] [Actor] Actor Episodes = 29480 | Actor Steps = 1474000 | Delta Dist = 6.674 | Delta Dist 10 = 3.717 | Delta Dist 100 = 4.120 | Delta Dist 1000 = 4.536 | Episode Length = 50 | Episode Return = 50.0 | Evaluator Episodes = 7473 | Evaluator Steps = 373650 | Final Dist = 2.270 | Final Dist 10 = 1.463 | Final Dist 100 = 1.761 | Final Dist 1000 = 1.440 | Init Dist = 8.944 | Init Dist 10 = 5.180 | Init Dist 100 = 5.881 | Init Dist 1000 = 5.976 | Learner Steps = 22872 | Learner Walltime = 4508.007 | Min Dist = 0.121 | Min Dist 10 = 0.544 | Min Dist 100 = 0.399 | Min Dist 1000 = 0.284 | Steps Per Second = 76.650 | Success = 1.000 | Success 1000 = 0.986
I0502 16:21:25.989995 139579566835264 terminal.py:91] [Evaluator] Actor Episodes = 29486 | Actor Steps = 1474300 | Delta Dist = 11.610 | Delta Dist 10 = 11.864 | Delta Dist 100 = 11.440 | Delta Dist 1000 = 11.788 | Episode Length = 50 | Episode Return = 0.0 | Evaluator Episodes = 7475 | Evaluator Steps = 373750 | Final Dist = 1.196 | Final Dist 10 = 0.942 | Final Dist 100 = 1.366 | Final Dist 1000 = 1.018 | Init Dist = 12.806 | Init Dist 10 = 12.806 | Init Dist 100 = 12.806 | Init Dist 1000 = 12.806 | Learner Steps = 22879 | Learner Walltime = 4509.248 | Min Dist = 1.103 | Min Dist 10 = 0.194 | Min Dist 100 = 0.747 | Min Dist 1000 = 0.355 | Steps Per Second = 92.622 | Success = 0.000 | Success 1000 = 0.967
I0502 16:21:27.238276 139579566835264 terminal.py:91] [Evaluator] Actor Episodes = 29494 | Actor Steps = 1474700 | Delta Dist = 12.099 | Delta Dist 10 = 11.255 | Delta Dist 100 = 11.393 | Delta Dist 1000 = 11.783 | Episode Length = 50 | Episode Return = 19.0 | Evaluator Episodes = 7477 | Evaluator Steps = 373850 | Final Dist = 0.707 | Final Dist 10 = 1.551 | Final Dist 100 = 1.413 | Final Dist 1000 = 1.023 | Init Dist = 12.806 | Init Dist 10 = 12.806 | Init Dist 100 = 12.806 | Init Dist 1000 = 12.806 | Learner Steps = 22884 | Learner Walltime = 4510.306 | Min Dist = 0.296 | Min Dist 10 = 0.824 | Min Dist 100 = 0.805 | Min Dist 1000 = 0.362 | Steps Per Second = 79.677 | Success = 1.000 | Success 1000 = 0.965
I0502 16:21:27.905516 139555013154368 terminal.py:91] [Learner] Actor Episodes = 29496 | Actor Loss = 3.6654398441314697 | Actor Steps = 1474800 | Binary Accuracy = 0.9959869384765625 | Categorical Accuracy = 0.41522216796875 | Critic Loss = 1.8301081657409668 | Entropy Mean = -18.785306930541992 | Evaluator Episodes = 7477 | Evaluator Steps = 373850 | Learner Steps = 22893 | Learner Walltime = 4512.102 | Logits Neg = -17.27730941772461 | Logits Pos = -1.8289903402328491 | Logsumexp = 1.139312505722046 | Steps Per Second = 243.386
I0502 16:21:28.411232 139579566835264 terminal.py:91] [Evaluator] Actor Episodes = 29502 | Actor Steps = 1475100 | Delta Dist = 11.780 | Delta Dist 10 = 11.391 | Delta Dist 100 = 11.399 | Delta Dist 1000 = 11.783 | Episode Length = 50 | Episode Return = 16.0 | Evaluator Episodes = 7479 | Evaluator Steps = 373950 | Final Dist = 1.026 | Final Dist 10 = 1.415 | Final Dist 100 = 1.407 | Final Dist 1000 = 1.023 | Init Dist = 12.806 | Init Dist 10 = 12.806 | Init Dist 100 = 12.806 | Init Dist 1000 = 12.806 | Learner Steps = 22890 | Learner Walltime = 4511.574 | Min Dist = 0.168 | Min Dist 10 = 0.836 | Min Dist 100 = 0.806 | Min Dist 1000 = 0.362 | Steps Per Second = 87.676 | Success = 1.000 | Success 1000 = 0.965
I0502 16:21:29.670557 139579566835264 terminal.py:91] [Evaluator] Actor Episodes = 29510 | Actor Steps = 1475500 | Delta Dist = 12.578 | Delta Dist 10 = 11.439 | Delta Dist 100 = 11.386 | Delta Dist 1000 = 11.783 | Episode Length = 50 | Episode Return = 17.0 | Evaluator Episodes = 7481 | Evaluator Steps = 374050 | Final Dist = 0.228 | Final Dist 10 = 1.367 | Final Dist 100 = 1.421 | Final Dist 1000 = 1.024 | Init Dist = 12.806 | Init Dist 10 = 12.806 | Init Dist 100 = 12.806 | Init Dist 1000 = 12.806 | Learner Steps = 22901 | Learner Walltime = 4513.744 | Min Dist = 0.182 | Min Dist 10 = 0.849 | Min Dist 100 = 0.809 | Min Dist 1000 = 0.362 | Steps Per Second = 81.206 | Success = 1.000 | Success 1000 = 0.965
I0502 16:21:31.000918 139579566835264 terminal.py:91] [Evaluator] Actor Episodes = 29518 | Actor Steps = 1475900 | Delta Dist = 11.652 | Delta Dist 10 = 11.481 | Delta Dist 100 = 11.395 | Delta Dist 1000 = 11.783 | Episode Length = 50 | Episode Return = 14.0 | Evaluator Episodes = 7483 | Evaluator Steps = 374150 | Final Dist = 1.154 | Final Dist 10 = 1.325 | Final Dist 100 = 1.412 | Final Dist 1000 = 1.023 | Init Dist = 12.806 | Init Dist 10 = 12.806 | Init Dist 100 = 12.806 | Init Dist 1000 = 12.806 | Learner Steps = 22906 | Learner Walltime = 4514.772 | Min Dist = 0.193 | Min Dist 10 = 0.841 | Min Dist 100 = 0.806 | Min Dist 1000 = 0.361 | Steps Per Second = 67.166 | Success = 1.000 | Success 1000 = 0.965
I0502 16:21:32.152582 139558059398720 terminal.py:91] [Actor] Actor Episodes = 29523 | Actor Steps = 1476150 | Delta Dist = 6.291 | Delta Dist 10 = 3.364 | Delta Dist 100 = 4.255 | Delta Dist 1000 = 4.454 | Episode Length = 50 | Episode Return = 42.0 | Evaluator Episodes = 7483 | Evaluator Steps = 374150 | Final Dist = 0.034 | Final Dist 10 = 1.155 | Final Dist 100 = 1.039 | Final Dist 1000 = 1.428 | Init Dist = 6.325 | Init Dist 10 = 4.518 | Init Dist 100 = 5.294 | Init Dist 1000 = 5.882 | Learner Steps = 22906 | Learner Walltime = 4514.772 | Min Dist = 0.034 | Min Dist 10 = 0.792 | Min Dist 100 = 0.323 | Min Dist 1000 = 0.281 | Steps Per Second = 84.763 | Success = 1.000 | Success 1000 = 0.986
I0502 16:21:32.234650 139579566835264 terminal.py:91] [Evaluator] Actor Episodes = 29526 | Actor Steps = 1476300 | Delta Dist = 12.254 | Delta Dist 10 = 11.449 | Delta Dist 100 = 11.385 | Delta Dist 1000 = 11.783 | Episode Length = 50 | Episode Return = 5.0 | Evaluator Episodes = 7485 | Evaluator Steps = 374250 | Final Dist = 0.553 | Final Dist 10 = 1.357 | Final Dist 100 = 1.421 | Final Dist 1000 = 1.023 | Init Dist = 12.806 | Init Dist 10 = 12.806 | Init Dist 100 = 12.806 | Init Dist 1000 = 12.806 | Learner Steps = 22912 | Learner Walltime = 4515.864 | Min Dist = 0.201 | Min Dist 10 = 0.867 | Min Dist 100 = 0.807 | Min Dist 1000 = 0.361 | Steps Per Second = 77.322 | Success = 1.000 | Success 1000 = 0.965
I0502 16:21:33.297350 139584504182336 lp_utils.py:96] StepsLimiter: Reached 1476600 recorded steps
I0502 16:21:33.533679 139579566835264 terminal.py:91] [Evaluator] Actor Episodes = 29534 | Actor Steps = 1476700 | Delta Dist = 12.086 | Delta Dist 10 = 12.035 | Delta Dist 100 = 11.395 | Delta Dist 1000 = 11.783 | Episode Length = 50 | Episode Return = 29.0 | Evaluator Episodes = 7487 | Evaluator Steps = 374350 | Final Dist = 0.720 | Final Dist 10 = 0.771 | Final Dist 100 = 1.411 | Final Dist 1000 = 1.023 | Init Dist = 12.806 | Init Dist 10 = 12.806 | Init Dist 100 = 12.806 | Init Dist 1000 = 12.806 | Learner Steps = 22918 | Learner Walltime = 4517.258 | Min Dist = 0.053 | Min Dist 10 = 0.257 | Min Dist 100 = 0.812 | Min Dist 1000 = 0.361 | Steps Per Second = 79.844 | Success = 1.000 | Success 1000 = 0.965
I0502 16:21:33.891448 139569349502528 terminal.py:91] [Actor] Actor Episodes = 29535 | Actor Steps = 1476750 | Delta Dist = 9.926 | Delta Dist 10 = 3.543 | Delta Dist 100 = 4.117 | Delta Dist 1000 = 4.455 | Episode Length = 50 | Episode Return = 46.0 | Evaluator Episodes = 7485 | Evaluator Steps = 374250 | Final Dist = 0.074 | Final Dist 10 = 2.253 | Final Dist 100 = 1.186 | Final Dist 1000 = 1.435 | Init Dist = 10.000 | Init Dist 10 = 5.796 | Init Dist 100 = 5.303 | Init Dist 1000 = 5.890 | Learner Steps = 22918 | Learner Walltime = 4517.258 | Min Dist = 0.074 | Min Dist 10 = 0.135 | Min Dist 100 = 0.313 | Min Dist 1000 = 0.281 | Steps Per Second = 85.180 | Success = 1.000 | Success 1000 = 0.986
I0502 16:21:34.724449 139579566835264 terminal.py:91] [Evaluator] Actor Episodes = 29542 | Actor Steps = 1477100 | Delta Dist = 11.759 | Delta Dist 10 = 11.919 | Delta Dist 100 = 11.402 | Delta Dist 1000 = 11.782 | Episode Length = 50 | Episode Return = 29.0 | Evaluator Episodes = 7489 | Evaluator Steps = 374450 | Final Dist = 1.047 | Final Dist 10 = 0.888 | Final Dist 100 = 1.405 | Final Dist 1000 = 1.025 | Init Dist = 12.806 | Init Dist 10 = 12.806 | Init Dist 100 = 12.806 | Init Dist 1000 = 12.806 | Learner Steps = 22926 | Learner Walltime = 4518.735 | Min Dist = 0.054 | Min Dist 10 = 0.232 | Min Dist 100 = 0.804 | Min Dist 1000 = 0.361 | Steps Per Second = 80.857 | Success = 1.000 | Success 1000 = 0.965
I0502 16:21:34.873400 139557462840896 terminal.py:91] [Actor] Actor Episodes = 29541 | Actor Steps = 1477050 | Delta Dist = -1.179 | Delta Dist 10 = 3.665 | Delta Dist 100 = 4.214 | Delta Dist 1000 = 4.466 | Episode Length = 50 | Episode Return = 36.0 | Evaluator Episodes = 7487 | Evaluator Steps = 374350 | Final Dist = 1.179 | Final Dist 10 = 1.847 | Final Dist 100 = 1.207 | Final Dist 1000 = 1.432 | Init Dist = 0.000 | Init Dist 10 = 5.512 | Init Dist 100 = 5.420 | Init Dist 1000 = 5.898 | Learner Steps = 22918 | Learner Walltime = 4517.258 | Min Dist = 0.000 | Min Dist 10 = 0.135 | Min Dist 100 = 0.304 | Min Dist 1000 = 0.281 | Steps Per Second = 77.076 | Success = 1.000 | Success 1000 = 0.986
I0502 16:21:35.532080 139555860620864 terminal.py:91] [Actor] Actor Episodes = 29545 | Actor Steps = 1477250 | Delta Dist = 6.462 | Delta Dist 10 = 5.339 | Delta Dist 100 = 4.233 | Delta Dist 1000 = 4.482 | Episode Length = 50 | Episode Return = 30.0 | Evaluator Episodes = 7489 | Evaluator Steps = 374450 | Final Dist = 0.749 | Final Dist 10 = 1.301 | Final Dist 100 = 1.217 | Final Dist 1000 = 1.432 | Init Dist = 7.211 | Init Dist 10 = 6.640 | Init Dist 100 = 5.450 | Init Dist 1000 = 5.914 | Learner Steps = 22926 | Learner Walltime = 4518.735 | Min Dist = 0.190 | Min Dist 10 = 0.192 | Min Dist 100 = 0.310 | Min Dist 1000 = 0.283 | Steps Per Second = 75.999 | Success = 1.000 | Success 1000 = 0.985
I0502 16:21:35.999047 139579566835264 terminal.py:91] [Evaluator] Actor Episodes = 29550 | Actor Steps = 1477500 | Delta Dist = 11.863 | Delta Dist 10 = 11.921 | Delta Dist 100 = 11.408 | Delta Dist 1000 = 11.783 | Episode Length = 50 | Episode Return = 18.0 | Evaluator Episodes = 7491 | Evaluator Steps = 374550 | Final Dist = 0.943 | Final Dist 10 = 0.885 | Final Dist 100 = 1.398 | Final Dist 1000 = 1.023 | Init Dist = 12.806 | Init Dist 10 = 12.806 | Init Dist 100 = 12.806 | Init Dist 1000 = 12.806 | Learner Steps = 22931 | Learner Walltime = 4519.805 | Min Dist = 0.161 | Min Dist 10 = 0.179 | Min Dist 100 = 0.804 | Min Dist 1000 = 0.361 | Steps Per Second = 77.997 | Success = 1.000 | Success 1000 = 0.965
I0502 16:21:37.208492 139579566835264 terminal.py:91] [Evaluator] Actor Episodes = 29558 | Actor Steps = 1477900 | Delta Dist = 11.857 | Delta Dist 10 = 11.950 | Delta Dist 100 = 11.474 | Delta Dist 1000 = 11.783 | Episode Length = 50 | Episode Return = 31.0 | Evaluator Episodes = 7493 | Evaluator Steps = 374650 | Final Dist = 0.949 | Final Dist 10 = 0.856 | Final Dist 100 = 1.332 | Final Dist 1000 = 1.023 | Init Dist = 12.806 | Init Dist 10 = 12.806 | Init Dist 100 = 12.806 | Init Dist 1000 = 12.806 | Learner Steps = 22937 | Learner Walltime = 4521.004 | Min Dist = 0.147 | Min Dist 10 = 0.190 | Min Dist 100 = 0.754 | Min Dist 1000 = 0.361 | Steps Per Second = 74.584 | Success = 1.000 | Success 1000 = 0.965
I0502 16:21:38.134709 139555013154368 terminal.py:91] [Learner] Actor Episodes = 29564 | Actor Loss = 3.691598415374756 | Actor Steps = 1478200 | Binary Accuracy = 0.9959771633148193 | Categorical Accuracy = 0.41082763671875 | Critic Loss = 1.8700194358825684 | Entropy Mean = -20.778913497924805 | Evaluator Episodes = 7493 | Evaluator Steps = 374650 | Learner Steps = 22943 | Learner Walltime = 4522.330 | Logits Neg = -16.921104431152344 | Logits Pos = -1.8503284454345703 | Logsumexp = 1.163228988647461 | Steps Per Second = 182.531
I0502 16:21:38.347364 139579566835264 terminal.py:91] [Evaluator] Actor Episodes = 29564 | Actor Steps = 1478200 | Delta Dist = 11.441 | Delta Dist 10 = 11.919 | Delta Dist 100 = 11.482 | Delta Dist 1000 = 11.784 | Episode Length = 50 | Episode Return = 1.0 | Evaluator Episodes = 7495 | Evaluator Steps = 374750 | Final Dist = 1.365 | Final Dist 10 = 0.887 | Final Dist 100 = 1.325 | Final Dist 1000 = 1.022 | Init Dist = 12.806 | Init Dist 10 = 12.806 | Init Dist 100 = 12.806 | Init Dist 1000 = 12.806 | Learner Steps = 22943 | Learner Walltime = 4522.330 | Min Dist = 0.505 | Min Dist 10 = 0.195 | Min Dist 100 = 0.753 | Min Dist 1000 = 0.360 | Steps Per Second = 97.810 | Success = 1.000 | Success 1000 = 0.965
I0502 16:21:39.618228 139579566835264 terminal.py:91] [Evaluator] Actor Episodes = 29572 | Actor Steps = 1478600 | Delta Dist = 12.014 | Delta Dist 10 = 11.928 | Delta Dist 100 = 11.488 | Delta Dist 1000 = 11.786 | Episode Length = 50 | Episode Return = 23.0 | Evaluator Episodes = 7497 | Evaluator Steps = 374850 | Final Dist = 0.792 | Final Dist 10 = 0.879 | Final Dist 100 = 1.318 | Final Dist 1000 = 1.021 | Init Dist = 12.806 | Init Dist 10 = 12.806 | Init Dist 100 = 12.806 | Init Dist 1000 = 12.806 | Learner Steps = 22949 | Learner Walltime = 4523.386 | Min Dist = 0.312 | Min Dist 10 = 0.195 | Min Dist 100 = 0.756 | Min Dist 1000 = 0.361 | Steps Per Second = 79.749 | Success = 1.000 | Success 1000 = 0.965
I0502 16:21:40.749564 139579566835264 terminal.py:91] [Evaluator] Actor Episodes = 29580 | Actor Steps = 1479000 | Delta Dist = 11.926 | Delta Dist 10 = 11.990 | Delta Dist 100 = 11.563 | Delta Dist 1000 = 11.785 | Episode Length = 50 | Episode Return = 15.0 | Evaluator Episodes = 7499 | Evaluator Steps = 374950 | Final Dist = 0.881 | Final Dist 10 = 0.816 | Final Dist 100 = 1.243 | Final Dist 1000 = 1.021 | Init Dist = 12.806 | Init Dist 10 = 12.806 | Init Dist 100 = 12.806 | Init Dist 1000 = 12.806 | Learner Steps = 22955 | Learner Walltime = 4524.392 | Min Dist = 0.287 | Min Dist 10 = 0.231 | Min Dist 100 = 0.683 | Min Dist 1000 = 0.361 | Steps Per Second = 88.732 | Success = 1.000 | Success 1000 = 0.965
I0502 16:21:41.916230 139579566835264 terminal.py:91] [Evaluator] Actor Episodes = 29588 | Actor Steps = 1479400 | Delta Dist = 11.655 | Delta Dist 10 = 12.073 | Delta Dist 100 = 11.565 | Delta Dist 1000 = 11.785 | Episode Length = 50 | Episode Return = 26.0 | Evaluator Episodes = 7501 | Evaluator Steps = 375050 | Final Dist = 1.151 | Final Dist 10 = 0.733 | Final Dist 100 = 1.241 | Final Dist 1000 = 1.021 | Init Dist = 12.806 | Init Dist 10 = 12.806 | Init Dist 100 = 12.806 | Init Dist 1000 = 12.806 | Learner Steps = 22961 | Learner Walltime = 4525.649 | Min Dist = 0.368 | Min Dist 10 = 0.269 | Min Dist 100 = 0.682 | Min Dist 1000 = 0.361 | Steps Per Second = 88.215 | Success = 1.000 | Success 1000 = 0.965
I0502 16:21:42.689362 139558059398720 terminal.py:91] [Actor] Actor Episodes = 29594 | Actor Steps = 1479700 | Delta Dist = 6.315 | Delta Dist 10 = 4.422 | Delta Dist 100 = 3.987 | Delta Dist 1000 = 4.438 | Episode Length = 50 | Episode Return = 46.0 | Evaluator Episodes = 7501 | Evaluator Steps = 375050 | Final Dist = 0.756 | Final Dist 10 = 0.426 | Final Dist 100 = 1.288 | Final Dist 1000 = 1.435 | Init Dist = 7.071 | Init Dist 10 = 4.848 | Init Dist 100 = 5.275 | Init Dist 1000 = 5.873 | Learner Steps = 22965 | Learner Walltime = 4526.649 | Min Dist = 0.083 | Min Dist 10 = 0.149 | Min Dist 100 = 0.164 | Min Dist 1000 = 0.280 | Steps Per Second = 69.768 | Success = 1.000 | Success 1000 = 0.985
I0502 16:21:43.211893 139579566835264 terminal.py:91] [Evaluator] Actor Episodes = 29596 | Actor Steps = 1479800 | Delta Dist = 11.828 | Delta Dist 10 = 11.954 | Delta Dist 100 = 11.633 | Delta Dist 1000 = 11.784 | Episode Length = 50 | Episode Return = 25.0 | Evaluator Episodes = 7503 | Evaluator Steps = 375150 | Final Dist = 0.978 | Final Dist 10 = 0.852 | Final Dist 100 = 1.173 | Final Dist 1000 = 1.022 | Init Dist = 12.806 | Init Dist 10 = 12.806 | Init Dist 100 = 12.806 | Init Dist 1000 = 12.806 | Learner Steps = 22965 | Learner Walltime = 4526.649 | Min Dist = 0.146 | Min Dist 10 = 0.316 | Min Dist 100 = 0.610 | Min Dist 1000 = 0.362 | Steps Per Second = 79.384 | Success = 1.000 | Success 1000 = 0.965
I0502 16:21:43.316599 139584504182336 lp_utils.py:96] StepsLimiter: Reached 1479800 recorded steps
I0502 16:21:44.064435 139569349502528 terminal.py:91] [Actor] Actor Episodes = 29599 | Actor Steps = 1479950 | Delta Dist = 3.907 | Delta Dist 10 = 6.968 | Delta Dist 100 = 4.105 | Delta Dist 1000 = 4.448 | Episode Length = 50 | Episode Return = 33.0 | Evaluator Episodes = 7503 | Evaluator Steps = 375150 | Final Dist = 0.216 | Final Dist 10 = 0.377 | Final Dist 100 = 1.255 | Final Dist 1000 = 1.435 | Init Dist = 4.123 | Init Dist 10 = 7.345 | Init Dist 100 = 5.360 | Init Dist 1000 = 5.883 | Learner Steps = 22965 | Learner Walltime = 4526.649 | Min Dist = 0.068 | Min Dist 10 = 0.064 | Min Dist 100 = 0.158 | Min Dist 1000 = 0.280 | Steps Per Second = 83.406 | Success = 1.000 | Success 1000 = 0.985
I0502 16:21:44.391686 139579566835264 terminal.py:91] [Evaluator] Actor Episodes = 29604 | Actor Steps = 1480200 | Delta Dist = 11.877 | Delta Dist 10 = 11.919 | Delta Dist 100 = 11.681 | Delta Dist 1000 = 11.783 | Episode Length = 50 | Episode Return = 17.0 | Evaluator Episodes = 7505 | Evaluator Steps = 375250 | Final Dist = 0.930 | Final Dist 10 = 0.887 | Final Dist 100 = 1.125 | Final Dist 1000 = 1.023 | Init Dist = 12.806 | Init Dist 10 = 12.806 | Init Dist 100 = 12.806 | Init Dist 1000 = 12.806 | Learner Steps = 22971 | Learner Walltime = 4527.839 | Min Dist = 0.664 | Min Dist 10 = 0.288 | Min Dist 100 = 0.544 | Min Dist 1000 = 0.361 | Steps Per Second = 89.409 | Success = 1.000 | Success 1000 = 0.965
I0502 16:21:45.490586 139557462840896 terminal.py:91] [Actor] Actor Episodes = 29612 | Actor Steps = 1480600 | Delta Dist = 4.320 | Delta Dist 10 = 6.377 | Delta Dist 100 = 4.466 | Delta Dist 1000 = 4.475 | Episode Length = 50 | Episode Return = 15.0 | Evaluator Episodes = 7505 | Evaluator Steps = 375250 | Final Dist = 0.779 | Final Dist 10 = 0.779 | Final Dist 100 = 1.278 | Final Dist 1000 = 1.428 | Init Dist = 5.099 | Init Dist 10 = 7.156 | Init Dist 100 = 5.744 | Init Dist 1000 = 5.904 | Learner Steps = 22978 | Learner Walltime = 4529.133 | Min Dist = 0.143 | Min Dist 10 = 0.165 | Min Dist 100 = 0.171 | Min Dist 1000 = 0.280 | Steps Per Second = 78.666 | Success = 1.000 | Success 1000 = 0.985
I0502 16:21:45.602410 139579566835264 terminal.py:91] [Evaluator] Actor Episodes = 29612 | Actor Steps = 1480600 | Delta Dist = 11.442 | Delta Dist 10 = 11.814 | Delta Dist 100 = 11.679 | Delta Dist 1000 = 11.783 | Episode Length = 50 | Episode Return = 16.0 | Evaluator Episodes = 7507 | Evaluator Steps = 375350 | Final Dist = 1.364 | Final Dist 10 = 0.992 | Final Dist 100 = 1.127 | Final Dist 1000 = 1.023 | Init Dist = 12.806 | Init Dist 10 = 12.806 | Init Dist 100 = 12.806 | Init Dist 1000 = 12.806 | Learner Steps = 22978 | Learner Walltime = 4529.133 | Min Dist = 0.351 | Min Dist 10 = 0.318 | Min Dist 100 = 0.545 | Min Dist 1000 = 0.361 | Steps Per Second = 84.132 | Success = 1.000 | Success 1000 = 0.965
I0502 16:21:46.038754 139555860620864 terminal.py:91] [Actor] Actor Episodes = 29616 | Actor Steps = 1480800 | Delta Dist = 0.782 | Delta Dist 10 = 6.570 | Delta Dist 100 = 4.554 | Delta Dist 1000 = 4.477 | Episode Length = 50 | Episode Return = 46.0 | Evaluator Episodes = 7507 | Evaluator Steps = 375350 | Final Dist = 0.218 | Final Dist 10 = 0.718 | Final Dist 100 = 1.272 | Final Dist 1000 = 1.428 | Init Dist = 1.000 | Init Dist 10 = 7.287 | Init Dist 100 = 5.826 | Init Dist 1000 = 5.905 | Learner Steps = 22978 | Learner Walltime = 4529.133 | Min Dist = 0.158 | Min Dist 10 = 0.080 | Min Dist 100 = 0.174 | Min Dist 1000 = 0.280 | Steps Per Second = 80.924 | Success = 1.000 | Success 1000 = 0.985
I0502 16:21:46.868287 139579566835264 terminal.py:91] [Evaluator] Actor Episodes = 29620 | Actor Steps = 1481000 | Delta Dist = 12.123 | Delta Dist 10 = 11.774 | Delta Dist 100 = 11.675 | Delta Dist 1000 = 11.782 | Episode Length = 50 | Episode Return = 15.0 | Evaluator Episodes = 7509 | Evaluator Steps = 375450 | Final Dist = 0.683 | Final Dist 10 = 1.032 | Final Dist 100 = 1.131 | Final Dist 1000 = 1.024 | Init Dist = 12.806 | Init Dist 10 = 12.806 | Init Dist 100 = 12.806 | Init Dist 1000 = 12.806 | Learner Steps = 22983 | Learner Walltime = 4530.271 | Min Dist = 0.309 | Min Dist 10 = 0.311 | Min Dist 100 = 0.546 | Min Dist 1000 = 0.362 | Steps Per Second = 79.552 | Success = 1.000 | Success 1000 = 0.965
I0502 16:21:48.179712 139579566835264 terminal.py:91] [Evaluator] Actor Episodes = 29628 | Actor Steps = 1481400 | Delta Dist = 11.803 | Delta Dist 10 = 11.790 | Delta Dist 100 = 11.680 | Delta Dist 1000 = 11.783 | Episode Length = 50 | Episode Return = 19.0 | Evaluator Episodes = 7511 | Evaluator Steps = 375550 | Final Dist = 1.003 | Final Dist 10 = 1.016 | Final Dist 100 = 1.127 | Final Dist 1000 = 1.023 | Init Dist = 12.806 | Init Dist 10 = 12.806 | Init Dist 100 = 12.806 | Init Dist 1000 = 12.806 | Learner Steps = 22990 | Learner Walltime = 4531.614 | Min Dist = 0.035 | Min Dist 10 = 0.311 | Min Dist 100 = 0.547 | Min Dist 1000 = 0.362 | Steps Per Second = 80.006 | Success = 1.000 | Success 1000 = 0.965
I0502 16:21:48.246828 139555013154368 terminal.py:91] [Learner] Actor Episodes = 29624 | Actor Loss = 3.6309049129486084 | Actor Steps = 1481200 | Binary Accuracy = 0.9960577487945557 | Categorical Accuracy = 0.42193603515625 | Critic Loss = 1.8174939155578613 | Entropy Mean = -19.306312561035156 | Evaluator Episodes = 7509 | Evaluator Steps = 375450 | Learner Steps = 22995 | Learner Walltime = 4532.447 | Logits Neg = -17.046756744384766 | Logits Pos = -1.79282808303833 | Logsumexp = 1.0545932054519653 | Steps Per Second = 373.770
I0502 16:21:49.258166 139579566835264 terminal.py:91] [Evaluator] Actor Episodes = 29634 | Actor Steps = 1481700 | Delta Dist = 11.475 | Delta Dist 10 = 11.808 | Delta Dist 100 = 11.664 | Delta Dist 1000 = 11.782 | Episode Length = 50 | Episode Return = 14.0 | Evaluator Episodes = 7513 | Evaluator Steps = 375650 | Final Dist = 1.332 | Final Dist 10 = 0.998 | Final Dist 100 = 1.142 | Final Dist 1000 = 1.025 | Init Dist = 12.806 | Init Dist 10 = 12.806 | Init Dist 100 = 12.806 | Init Dist 1000 = 12.806 | Learner Steps = 22996 | Learner Walltime = 4532.707 | Min Dist = 0.118 | Min Dist 10 = 0.284 | Min Dist 100 = 0.552 | Min Dist 1000 = 0.362 | Steps Per Second = 94.345 | Success = 1.000 | Success 1000 = 0.965
I0502 16:21:50.377626 139579566835264 terminal.py:91] [Evaluator] Actor Episodes = 29642 | Actor Steps = 1482100 | Delta Dist = 12.074 | Delta Dist 10 = 11.796 | Delta Dist 100 = 11.661 | Delta Dist 1000 = 11.781 | Episode Length = 50 | Episode Return = 17.0 | Evaluator Episodes = 7515 | Evaluator Steps = 375750 | Final Dist = 0.733 | Final Dist 10 = 1.011 | Final Dist 100 = 1.145 | Final Dist 1000 = 1.025 | Init Dist = 12.806 | Init Dist 10 = 12.806 | Init Dist 100 = 12.806 | Init Dist 1000 = 12.806 | Learner Steps = 23002 | Learner Walltime = 4533.741 | Min Dist = 0.238 | Min Dist 10 = 0.308 | Min Dist 100 = 0.542 | Min Dist 1000 = 0.362 | Steps Per Second = 94.136 | Success = 1.000 | Success 1000 = 0.965
I0502 16:21:51.479698 139579566835264 terminal.py:91] [Evaluator] Actor Episodes = 29650 | Actor Steps = 1482500 | Delta Dist = 12.122 | Delta Dist 10 = 11.870 | Delta Dist 100 = 11.654 | Delta Dist 1000 = 11.780 | Episode Length = 50 | Episode Return = 17.0 | Evaluator Episodes = 7517 | Evaluator Steps = 375850 | Final Dist = 0.684 | Final Dist 10 = 0.936 | Final Dist 100 = 1.153 | Final Dist 1000 = 1.026 | Init Dist = 12.806 | Init Dist 10 = 12.806 | Init Dist 100 = 12.806 | Init Dist 1000 = 12.806 | Learner Steps = 23007 | Learner Walltime = 4534.742 | Min Dist = 0.063 | Min Dist 10 = 0.264 | Min Dist 100 = 0.545 | Min Dist 1000 = 0.362 | Steps Per Second = 88.010 | Success = 1.000 | Success 1000 = 0.965
I0502 16:21:52.751248 139579566835264 terminal.py:91] [Evaluator] Actor Episodes = 29658 | Actor Steps = 1482900 | Delta Dist = 11.858 | Delta Dist 10 = 11.885 | Delta Dist 100 = 11.660 | Delta Dist 1000 = 11.780 | Episode Length = 50 | Episode Return = 30.0 | Evaluator Episodes = 7519 | Evaluator Steps = 375950 | Final Dist = 0.948 | Final Dist 10 = 0.921 | Final Dist 100 = 1.147 | Final Dist 1000 = 1.027 | Init Dist = 12.806 | Init Dist 10 = 12.806 | Init Dist 100 = 12.806 | Init Dist 1000 = 12.806 | Learner Steps = 23013 | Learner Walltime = 4535.845 | Min Dist = 0.288 | Min Dist 10 = 0.226 | Min Dist 100 = 0.540 | Min Dist 1000 = 0.362 | Steps Per Second = 76.135 | Success = 1.000 | Success 1000 = 0.965
I0502 16:21:52.847851 139558059398720 terminal.py:91] [Actor] Actor Episodes = 29659 | Actor Steps = 1482950 | Delta Dist = 8.850 | Delta Dist 10 = 3.428 | Delta Dist 100 = 4.315 | Delta Dist 1000 = 4.413 | Episode Length = 50 | Episode Return = 37.0 | Evaluator Episodes = 7517 | Evaluator Steps = 375850 | Final Dist = 0.999 | Final Dist 10 = 0.582 | Final Dist 100 = 1.116 | Final Dist 1000 = 1.423 | Init Dist = 9.849 | Init Dist 10 = 4.009 | Init Dist 100 = 5.431 | Init Dist 1000 = 5.836 | Learner Steps = 23013 | Learner Walltime = 4535.845 | Min Dist = 0.054 | Min Dist 10 = 0.071 | Min Dist 100 = 0.153 | Min Dist 1000 = 0.278 | Steps Per Second = 75.579 | Success = 1.000 | Success 1000 = 0.985
I0502 16:21:53.333452 139584504182336 lp_utils.py:96] StepsLimiter: Reached 1483100 recorded steps
I0502 16:21:53.945857 139579566835264 terminal.py:91] [Evaluator] Actor Episodes = 29666 | Actor Steps = 1483300 | Delta Dist = 12.532 | Delta Dist 10 = 11.853 | Delta Dist 100 = 11.658 | Delta Dist 1000 = 11.779 | Episode Length = 50 | Episode Return = 23.0 | Evaluator Episodes = 7521 | Evaluator Steps = 376050 | Final Dist = 0.275 | Final Dist 10 = 0.954 | Final Dist 100 = 1.149 | Final Dist 1000 = 1.027 | Init Dist = 12.806 | Init Dist 10 = 12.806 | Init Dist 100 = 12.806 | Init Dist 1000 = 12.806 | Learner Steps = 23018 | Learner Walltime = 4537.096 | Min Dist = 0.250 | Min Dist 10 = 0.224 | Min Dist 100 = 0.540 | Min Dist 1000 = 0.362 | Steps Per Second = 85.693 | Success = 1.000 | Success 1000 = 0.965
I0502 16:21:54.284824 139569349502528 terminal.py:91] [Actor] Actor Episodes = 29670 | Actor Steps = 1483500 | Delta Dist = 6.658 | Delta Dist 10 = 4.427 | Delta Dist 100 = 4.528 | Delta Dist 1000 = 4.418 | Episode Length = 50 | Episode Return = 4.0 | Evaluator Episodes = 7521 | Evaluator Steps = 376050 | Final Dist = 0.050 | Final Dist 10 = 1.854 | Final Dist 100 = 1.072 | Final Dist 1000 = 1.424 | Init Dist = 6.708 | Init Dist 10 = 6.281 | Init Dist 100 = 5.600 | Init Dist 1000 = 5.842 | Learner Steps = 23026 | Learner Walltime = 4538.418 | Min Dist = 0.034 | Min Dist 10 = 0.109 | Min Dist 100 = 0.158 | Min Dist 1000 = 0.278 | Steps Per Second = 87.520 | Success = 1.000 | Success 1000 = 0.985
I0502 16:21:55.106963 139579566835264 terminal.py:91] [Evaluator] Actor Episodes = 29674 | Actor Steps = 1483700 | Delta Dist = 12.517 | Delta Dist 10 = 11.933 | Delta Dist 100 = 11.648 | Delta Dist 1000 = 11.780 | Episode Length = 50 | Episode Return = 37.0 | Evaluator Episodes = 7523 | Evaluator Steps = 376150 | Final Dist = 0.289 | Final Dist 10 = 0.874 | Final Dist 100 = 1.158 | Final Dist 1000 = 1.026 | Init Dist = 12.806 | Init Dist 10 = 12.806 | Init Dist 100 = 12.806 | Init Dist 1000 = 12.806 | Learner Steps = 23026 | Learner Walltime = 4538.418 | Min Dist = 0.146 | Min Dist 10 = 0.202 | Min Dist 100 = 0.542 | Min Dist 1000 = 0.362 | Steps Per Second = 89.286 | Success = 1.000 | Success 1000 = 0.965
I0502 16:21:55.846160 139557462840896 terminal.py:91] [Actor] Actor Episodes = 29677 | Actor Steps = 1483850 | Delta Dist = 2.513 | Delta Dist 10 = 4.150 | Delta Dist 100 = 4.654 | Delta Dist 1000 = 4.414 | Episode Length = 50 | Episode Return = 18.0 | Evaluator Episodes = 7523 | Evaluator Steps = 376150 | Final Dist = 1.093 | Final Dist 10 = 1.138 | Final Dist 100 = 0.987 | Final Dist 1000 = 1.418 | Init Dist = 3.606 | Init Dist 10 = 5.288 | Init Dist 100 = 5.641 | Init Dist 1000 = 5.833 | Learner Steps = 23026 | Learner Walltime = 4538.418 | Min Dist = 0.066 | Min Dist 10 = 0.160 | Min Dist 100 = 0.169 | Min Dist 1000 = 0.273 | Steps Per Second = 87.342 | Success = 1.000 | Success 1000 = 0.984
I0502 16:21:56.322842 139579566835264 terminal.py:91] [Evaluator] Actor Episodes = 29682 | Actor Steps = 1484100 | Delta Dist = 12.184 | Delta Dist 10 = 12.047 | Delta Dist 100 = 11.687 | Delta Dist 1000 = 11.782 | Episode Length = 50 | Episode Return = 29.0 | Evaluator Episodes = 7525 | Evaluator Steps = 376250 | Final Dist = 0.622 | Final Dist 10 = 0.760 | Final Dist 100 = 1.119 | Final Dist 1000 = 1.025 | Init Dist = 12.806 | Init Dist 10 = 12.806 | Init Dist 100 = 12.806 | Init Dist 1000 = 12.806 | Learner Steps = 23031 | Learner Walltime = 4539.538 | Min Dist = 0.260 | Min Dist 10 = 0.215 | Min Dist 100 = 0.499 | Min Dist 1000 = 0.362 | Steps Per Second = 77.207 | Success = 1.000 | Success 1000 = 0.965
I0502 16:21:56.395534 139555860620864 terminal.py:91] [Actor] Actor Episodes = 29683 | Actor Steps = 1484150 | Delta Dist = 1.265 | Delta Dist 10 = 5.563 | Delta Dist 100 = 4.638 | Delta Dist 1000 = 4.419 | Episode Length = 50 | Episode Return = 39.0 | Evaluator Episodes = 7523 | Evaluator Steps = 376150 | Final Dist = 1.564 | Final Dist 10 = 1.325 | Final Dist 100 = 0.982 | Final Dist 1000 = 1.418 | Init Dist = 2.828 | Init Dist 10 = 6.888 | Init Dist 100 = 5.621 | Init Dist 1000 = 5.837 | Learner Steps = 23031 | Learner Walltime = 4539.538 | Min Dist = 1.564 | Min Dist 10 = 0.168 | Min Dist 100 = 0.163 | Min Dist 1000 = 0.273 | Steps Per Second = 84.376 | Success = 0.000 | Success 1000 = 0.984
I0502 16:21:57.417490 139579566835264 terminal.py:91] [Evaluator] Actor Episodes = 29690 | Actor Steps = 1484500 | Delta Dist = 11.587 | Delta Dist 10 = 12.046 | Delta Dist 100 = 11.690 | Delta Dist 1000 = 11.782 | Episode Length = 50 | Episode Return = 2.0 | Evaluator Episodes = 7527 | Evaluator Steps = 376350 | Final Dist = 1.219 | Final Dist 10 = 0.760 | Final Dist 100 = 1.116 | Final Dist 1000 = 1.024 | Init Dist = 12.806 | Init Dist 10 = 12.806 | Init Dist 100 = 12.806 | Init Dist 1000 = 12.806 | Learner Steps = 23038 | Learner Walltime = 4540.701 | Min Dist = 0.425 | Min Dist 10 = 0.224 | Min Dist 100 = 0.499 | Min Dist 1000 = 0.363 | Steps Per Second = 90.722 | Success = 1.000 | Success 1000 = 0.965
I0502 16:21:58.306254 139555013154368 terminal.py:91] [Learner] Actor Episodes = 29692 | Actor Loss = 3.6663272380828857 | Actor Steps = 1484600 | Binary Accuracy = 0.9960565567016602 | Categorical Accuracy = 0.416015625 | Critic Loss = 1.8213615417480469 | Entropy Mean = -20.681806564331055 | Evaluator Episodes = 7527 | Evaluator Steps = 376350 | Learner Steps = 23048 | Learner Walltime = 4542.502 | Logits Neg = -16.831785202026367 | Logits Pos = -1.7902798652648926 | Logsumexp = 0.9558662176132202 | Steps Per Second = 1160.606
I0502 16:21:58.582844 139579566835264 terminal.py:91] [Evaluator] Actor Episodes = 29698 | Actor Steps = 1484900 | Delta Dist = 12.087 | Delta Dist 10 = 12.063 | Delta Dist 100 = 11.695 | Delta Dist 1000 = 11.781 | Episode Length = 50 | Episode Return = 16.0 | Evaluator Episodes = 7529 | Evaluator Steps = 376450 | Final Dist = 0.720 | Final Dist 10 = 0.743 | Final Dist 100 = 1.111 | Final Dist 1000 = 1.025 | Init Dist = 12.806 | Init Dist 10 = 12.806 | Init Dist 100 = 12.806 | Init Dist 1000 = 12.806 | Learner Steps = 23044 | Learner Walltime = 4541.816 | Min Dist = 0.155 | Min Dist 10 = 0.284 | Min Dist 100 = 0.501 | Min Dist 1000 = 0.363 | Steps Per Second = 86.825 | Success = 1.000 | Success 1000 = 0.965
I0502 16:21:59.779937 139579566835264 terminal.py:91] [Evaluator] Actor Episodes = 29706 | Actor Steps = 1485300 | Delta Dist = 11.619 | Delta Dist 10 = 11.959 | Delta Dist 100 = 11.688 | Delta Dist 1000 = 11.780 | Episode Length = 50 | Episode Return = 2.0 | Evaluator Episodes = 7531 | Evaluator Steps = 376550 | Final Dist = 1.187 | Final Dist 10 = 0.847 | Final Dist 100 = 1.119 | Final Dist 1000 = 1.026 | Init Dist = 12.806 | Init Dist 10 = 12.806 | Init Dist 100 = 12.806 | Init Dist 1000 = 12.806 | Learner Steps = 23050 | Learner Walltime = 4542.982 | Min Dist = 0.896 | Min Dist 10 = 0.273 | Min Dist 100 = 0.503 | Min Dist 1000 = 0.363 | Steps Per Second = 86.453 | Success = 1.000 | Success 1000 = 0.965
I0502 16:22:01.011237 139579566835264 terminal.py:91] [Evaluator] Actor Episodes = 29714 | Actor Steps = 1485700 | Delta Dist = 5.270 | Delta Dist 10 = 11.867 | Delta Dist 100 = 11.748 | Delta Dist 1000 = 11.779 | Episode Length = 50 | Episode Return = 0.0 | Evaluator Episodes = 7533 | Evaluator Steps = 376650 | Final Dist = 7.536 | Final Dist 10 = 0.939 | Final Dist 100 = 1.058 | Final Dist 1000 = 1.027 | Init Dist = 12.806 | Init Dist 10 = 12.806 | Init Dist 100 = 12.806 | Init Dist 1000 = 12.806 | Learner Steps = 23057 | Learner Walltime = 4544.287 | Min Dist = 6.419 | Min Dist 10 = 0.355 | Min Dist 100 = 0.448 | Min Dist 1000 = 0.364 | Steps Per Second = 83.567 | Success = 0.000 | Success 1000 = 0.965
I0502 16:22:02.272510 139579566835264 terminal.py:91] [Evaluator] Actor Episodes = 29722 | Actor Steps = 1486100 | Delta Dist = 11.605 | Delta Dist 10 = 11.087 | Delta Dist 100 = 11.709 | Delta Dist 1000 = 11.771 | Episode Length = 50 | Episode Return = 9.0 | Evaluator Episodes = 7535 | Evaluator Steps = 376750 | Final Dist = 1.201 | Final Dist 10 = 1.719 | Final Dist 100 = 1.097 | Final Dist 1000 = 1.035 | Init Dist = 12.806 | Init Dist 10 = 12.806 | Init Dist 100 = 12.806 | Init Dist 1000 = 12.806 | Learner Steps = 23062 | Learner Walltime = 4545.487 | Min Dist = 0.083 | Min Dist 10 = 0.943 | Min Dist 100 = 0.471 | Min Dist 1000 = 0.370 | Steps Per Second = 84.704 | Success = 1.000 | Success 1000 = 0.964
I0502 16:22:03.039685 139558059398720 terminal.py:91] [Actor] Actor Episodes = 29728 | Actor Steps = 1486400 | Delta Dist = 9.814 | Delta Dist 10 = 4.030 | Delta Dist 100 = 4.160 | Delta Dist 1000 = 4.448 | Episode Length = 50 | Episode Return = 44.0 | Evaluator Episodes = 7535 | Evaluator Steps = 376750 | Final Dist = 0.236 | Final Dist 10 = 3.059 | Final Dist 100 = 1.436 | Final Dist 1000 = 1.421 | Init Dist = 10.050 | Init Dist 10 = 7.089 | Init Dist 100 = 5.596 | Init Dist 1000 = 5.868 | Learner Steps = 23068 | Learner Walltime = 4546.742 | Min Dist = 0.031 | Min Dist 10 = 0.117 | Min Dist 100 = 0.188 | Min Dist 1000 = 0.270 | Steps Per Second = 93.245 | Success = 1.000 | Success 1000 = 0.982
I0502 16:22:03.349127 139584504182336 lp_utils.py:96] StepsLimiter: Reached 1486500 recorded steps
I0502 16:22:03.503750 139579566835264 terminal.py:91] [Evaluator] Actor Episodes = 29730 | Actor Steps = 1486500 | Delta Dist = 11.539 | Delta Dist 10 = 11.099 | Delta Dist 100 = 11.711 | Delta Dist 1000 = 11.771 | Episode Length = 50 | Episode Return = 14.0 | Evaluator Episodes = 7537 | Evaluator Steps = 376850 | Final Dist = 1.267 | Final Dist 10 = 1.708 | Final Dist 100 = 1.095 | Final Dist 1000 = 1.035 | Init Dist = 12.806 | Init Dist 10 = 12.806 | Init Dist 100 = 12.806 | Init Dist 1000 = 12.806 | Learner Steps = 23068 | Learner Walltime = 4546.742 | Min Dist = 0.168 | Min Dist 10 = 0.895 | Min Dist 100 = 0.470 | Min Dist 1000 = 0.370 | Steps Per Second = 79.907 | Success = 1.000 | Success 1000 = 0.964
I0502 16:22:03.990481 139584635659840 savers.py:156] Saving checkpoint: logs/contrastive_cpc_point_FourRooms_64/5dd72662-2788-11f0-b183-d85ed38c5779/checkpoints/counter
I0502 16:22:04.701928 139579566835264 terminal.py:91] [Evaluator] Actor Episodes = 29738 | Actor Steps = 1486900 | Delta Dist = 11.753 | Delta Dist 10 = 11.043 | Delta Dist 100 = 11.705 | Delta Dist 1000 = 11.771 | Episode Length = 50 | Episode Return = 19.0 | Evaluator Episodes = 7539 | Evaluator Steps = 376950 | Final Dist = 1.053 | Final Dist 10 = 1.763 | Final Dist 100 = 1.101 | Final Dist 1000 = 1.035 | Init Dist = 12.806 | Init Dist 10 = 12.806 | Init Dist 100 = 12.806 | Init Dist 1000 = 12.806 | Learner Steps = 23076 | Learner Walltime = 4548.033 | Min Dist = 0.103 | Min Dist 10 = 0.850 | Min Dist 100 = 0.468 | Min Dist 1000 = 0.370 | Steps Per Second = 86.650 | Success = 1.000 | Success 1000 = 0.964
I0502 16:22:04.868034 139569349502528 terminal.py:91] [Actor] Actor Episodes = 29740 | Actor Steps = 1487000 | Delta Dist = 11.726 | Delta Dist 10 = 5.741 | Delta Dist 100 = 4.484 | Delta Dist 1000 = 4.477 | Episode Length = 50 | Episode Return = 28.0 | Evaluator Episodes = 7539 | Evaluator Steps = 376950 | Final Dist = 1.002 | Final Dist 10 = 0.993 | Final Dist 100 = 1.401 | Final Dist 1000 = 1.406 | Init Dist = 12.728 | Init Dist 10 = 6.734 | Init Dist 100 = 5.885 | Init Dist 1000 = 5.883 | Learner Steps = 23076 | Learner Walltime = 4548.033 | Min Dist = 0.070 | Min Dist 10 = 0.082 | Min Dist 100 = 0.122 | Min Dist 1000 = 0.270 | Steps Per Second = 85.964 | Success = 1.000 | Success 1000 = 0.982
I0502 16:22:05.852447 139579566835264 terminal.py:91] [Evaluator] Actor Episodes = 29746 | Actor Steps = 1487300 | Delta Dist = 12.334 | Delta Dist 10 = 11.000 | Delta Dist 100 = 11.686 | Delta Dist 1000 = 11.770 | Episode Length = 50 | Episode Return = 21.0 | Evaluator Episodes = 7541 | Evaluator Steps = 377050 | Final Dist = 0.472 | Final Dist 10 = 1.807 | Final Dist 100 = 1.120 | Final Dist 1000 = 1.036 | Init Dist = 12.806 | Init Dist 10 = 12.806 | Init Dist 100 = 12.806 | Init Dist 1000 = 12.806 | Learner Steps = 23082 | Learner Walltime = 4549.250 | Min Dist = 0.099 | Min Dist 10 = 0.818 | Min Dist 100 = 0.463 | Min Dist 1000 = 0.370 | Steps Per Second = 89.025 | Success = 1.000 | Success 1000 = 0.964
I0502 16:22:06.205961 139557462840896 terminal.py:91] [Actor] Actor Episodes = 29750 | Actor Steps = 1487500 | Delta Dist = 7.183 | Delta Dist 10 = 5.287 | Delta Dist 100 = 4.559 | Delta Dist 1000 = 4.487 | Episode Length = 50 | Episode Return = 32.0 | Evaluator Episodes = 7541 | Evaluator Steps = 377050 | Final Dist = 0.028 | Final Dist 10 = 0.922 | Final Dist 100 = 1.392 | Final Dist 1000 = 1.401 | Init Dist = 7.211 | Init Dist 10 = 6.209 | Init Dist 100 = 5.951 | Init Dist 1000 = 5.888 | Learner Steps = 23087 | Learner Walltime = 4550.377 | Min Dist = 0.028 | Min Dist 10 = 0.063 | Min Dist 100 = 0.120 | Min Dist 1000 = 0.270 | Steps Per Second = 88.400 | Success = 1.000 | Success 1000 = 0.982
I0502 16:22:06.892181 139555860620864 terminal.py:91] [Actor] Actor Episodes = 29754 | Actor Steps = 1487700 | Delta Dist = 3.730 | Delta Dist 10 = 5.702 | Delta Dist 100 = 4.704 | Delta Dist 1000 = 4.489 | Episode Length = 50 | Episode Return = 43.0 | Evaluator Episodes = 7541 | Evaluator Steps = 377050 | Final Dist = 6.320 | Final Dist 10 = 0.696 | Final Dist 100 = 1.371 | Final Dist 1000 = 1.400 | Init Dist = 10.050 | Init Dist 10 = 6.399 | Init Dist 100 = 6.076 | Init Dist 1000 = 5.889 | Learner Steps = 23087 | Learner Walltime = 4550.377 | Min Dist = 0.062 | Min Dist 10 = 0.041 | Min Dist 100 = 0.117 | Min Dist 1000 = 0.270 | Steps Per Second = 87.710 | Success = 1.000 | Success 1000 = 0.982
I0502 16:22:06.995573 139579566835264 terminal.py:91] [Evaluator] Actor Episodes = 29754 | Actor Steps = 1487700 | Delta Dist = 11.710 | Delta Dist 10 = 11.088 | Delta Dist 100 = 11.767 | Delta Dist 1000 = 11.770 | Episode Length = 50 | Episode Return = 10.0 | Evaluator Episodes = 7543 | Evaluator Steps = 377150 | Final Dist = 1.096 | Final Dist 10 = 1.719 | Final Dist 100 = 1.039 | Final Dist 1000 = 1.036 | Init Dist = 12.806 | Init Dist 10 = 12.806 | Init Dist 100 = 12.806 | Init Dist 1000 = 12.806 | Learner Steps = 23087 | Learner Walltime = 4550.377 | Min Dist = 0.372 | Min Dist 10 = 0.712 | Min Dist 100 = 0.394 | Min Dist 1000 = 0.369 | Steps Per Second = 84.360 | Success = 1.000 | Success 1000 = 0.964
I0502 16:22:08.276061 139579566835264 terminal.py:91] [Evaluator] Actor Episodes = 29762 | Actor Steps = 1488100 | Delta Dist = 12.763 | Delta Dist 10 = 11.806 | Delta Dist 100 = 11.773 | Delta Dist 1000 = 11.771 | Episode Length = 50 | Episode Return = 27.0 | Evaluator Episodes = 7545 | Evaluator Steps = 377250 | Final Dist = 0.043 | Final Dist 10 = 1.000 | Final Dist 100 = 1.033 | Final Dist 1000 = 1.036 | Init Dist = 12.806 | Init Dist 10 = 12.806 | Init Dist 100 = 12.806 | Init Dist 1000 = 12.806 | Learner Steps = 23094 | Learner Walltime = 4551.654 | Min Dist = 0.043 | Min Dist 10 = 0.166 | Min Dist 100 = 0.389 | Min Dist 1000 = 0.370 | Steps Per Second = 78.232 | Success = 1.000 | Success 1000 = 0.964
I0502 16:22:08.696147 139555013154368 terminal.py:91] [Learner] Actor Episodes = 29766 | Actor Loss = 3.688793182373047 | Actor Steps = 1488300 | Binary Accuracy = 0.9959592819213867 | Categorical Accuracy = 0.42047119140625 | Critic Loss = 1.8376635313034058 | Entropy Mean = -19.712501525878906 | Evaluator Episodes = 7545 | Evaluator Steps = 377250 | Learner Steps = 23100 | Learner Walltime = 4552.892 | Logits Neg = -17.263538360595703 | Logits Pos = -1.8184800148010254 | Logsumexp = 1.2728872299194336 | Steps Per Second = 150.933
I0502 16:22:09.481483 139579566835264 terminal.py:91] [Evaluator] Actor Episodes = 29770 | Actor Steps = 1488500 | Delta Dist = 11.397 | Delta Dist 10 = 11.931 | Delta Dist 100 = 11.780 | Delta Dist 1000 = 11.779 | Episode Length = 50 | Episode Return = 11.0 | Evaluator Episodes = 7547 | Evaluator Steps = 377350 | Final Dist = 1.409 | Final Dist 10 = 0.875 | Final Dist 100 = 1.027 | Final Dist 1000 = 1.027 | Init Dist = 12.806 | Init Dist 10 = 12.806 | Init Dist 100 = 12.806 | Init Dist 1000 = 12.806 | Learner Steps = 23100 | Learner Walltime = 4552.892 | Min Dist = 0.107 | Min Dist 10 = 0.171 | Min Dist 100 = 0.383 | Min Dist 1000 = 0.363 | Steps Per Second = 77.346 | Success = 1.000 | Success 1000 = 0.965
I0502 16:22:09.966684 139583350109760 savers.py:156] Saving checkpoint: logs/contrastive_cpc_point_FourRooms_64/5dd72662-2788-11f0-b183-d85ed38c5779/checkpoints/learner
I0502 16:22:10.602113 139579566835264 terminal.py:91] [Evaluator] Actor Episodes = 29776 | Actor Steps = 1488800 | Delta Dist = 11.159 | Delta Dist 10 = 11.897 | Delta Dist 100 = 11.768 | Delta Dist 1000 = 11.780 | Episode Length = 50 | Episode Return = 11.0 | Evaluator Episodes = 7549 | Evaluator Steps = 377450 | Final Dist = 1.647 | Final Dist 10 = 0.909 | Final Dist 100 = 1.038 | Final Dist 1000 = 1.027 | Init Dist = 12.806 | Init Dist 10 = 12.806 | Init Dist 100 = 12.806 | Init Dist 1000 = 12.806 | Learner Steps = 23107 | Learner Walltime = 4554.169 | Min Dist = 0.206 | Min Dist 10 = 0.180 | Min Dist 100 = 0.381 | Min Dist 1000 = 0.362 | Steps Per Second = 84.828 | Success = 1.000 | Success 1000 = 0.965
I0502 16:22:11.771357 139579566835264 terminal.py:91] [Evaluator] Actor Episodes = 29784 | Actor Steps = 1489200 | Delta Dist = 11.631 | Delta Dist 10 = 11.997 | Delta Dist 100 = 11.773 | Delta Dist 1000 = 11.779 | Episode Length = 50 | Episode Return = 3.0 | Evaluator Episodes = 7551 | Evaluator Steps = 377550 | Final Dist = 1.176 | Final Dist 10 = 0.809 | Final Dist 100 = 1.034 | Final Dist 1000 = 1.027 | Init Dist = 12.806 | Init Dist 10 = 12.806 | Init Dist 100 = 12.806 | Init Dist 1000 = 12.806 | Learner Steps = 23112 | Learner Walltime = 4555.192 | Min Dist = 0.843 | Min Dist 10 = 0.203 | Min Dist 100 = 0.377 | Min Dist 1000 = 0.362 | Steps Per Second = 81.493 | Success = 1.000 | Success 1000 = 0.965
I0502 16:22:12.865923 139579566835264 terminal.py:91] [Evaluator] Actor Episodes = 29792 | Actor Steps = 1489600 | Delta Dist = 12.035 | Delta Dist 10 = 11.904 | Delta Dist 100 = 11.780 | Delta Dist 1000 = 11.777 | Episode Length = 50 | Episode Return = 14.0 | Evaluator Episodes = 7553 | Evaluator Steps = 377650 | Final Dist = 0.772 | Final Dist 10 = 0.902 | Final Dist 100 = 1.026 | Final Dist 1000 = 1.029 | Init Dist = 12.806 | Init Dist 10 = 12.806 | Init Dist 100 = 12.806 | Init Dist 1000 = 12.806 | Learner Steps = 23118 | Learner Walltime = 4556.210 | Min Dist = 0.327 | Min Dist 10 = 0.365 | Min Dist 100 = 0.370 | Min Dist 1000 = 0.363 | Steps Per Second = 87.017 | Success = 1.000 | Success 1000 = 0.965
I0502 16:22:13.220450 139558059398720 terminal.py:91] [Actor] Actor Episodes = 29793 | Actor Steps = 1489650 | Delta Dist = 2.290 | Delta Dist 10 = 4.432 | Delta Dist 100 = 4.779 | Delta Dist 1000 = 4.467 | Episode Length = 50 | Episode Return = 11.0 | Evaluator Episodes = 7551 | Evaluator Steps = 377550 | Final Dist = 1.316 | Final Dist 10 = 1.312 | Final Dist 100 = 1.584 | Final Dist 1000 = 1.431 | Init Dist = 3.606 | Init Dist 10 = 5.745 | Init Dist 100 = 6.362 | Init Dist 1000 = 5.899 | Learner Steps = 23118 | Learner Walltime = 4556.210 | Min Dist = 0.226 | Min Dist 10 = 0.076 | Min Dist 100 = 0.151 | Min Dist 1000 = 0.268 | Steps Per Second = 81.591 | Success = 1.000 | Success 1000 = 0.982
I0502 16:22:13.365243 139584504182336 lp_utils.py:96] StepsLimiter: Reached 1489800 recorded steps
I0502 16:22:14.020290 139579566835264 terminal.py:91] [Evaluator] Actor Episodes = 29800 | Actor Steps = 1490000 | Delta Dist = 12.425 | Delta Dist 10 = 11.880 | Delta Dist 100 = 11.782 | Delta Dist 1000 = 11.778 | Episode Length = 50 | Episode Return = 17.0 | Evaluator Episodes = 7555 | Evaluator Steps = 377750 | Final Dist = 0.381 | Final Dist 10 = 0.926 | Final Dist 100 = 1.025 | Final Dist 1000 = 1.029 | Init Dist = 12.806 | Init Dist 10 = 12.806 | Init Dist 100 = 12.806 | Init Dist 1000 = 12.806 | Learner Steps = 23123 | Learner Walltime = 4557.288 | Min Dist = 0.341 | Min Dist 10 = 0.413 | Min Dist 100 = 0.381 | Min Dist 1000 = 0.364 | Steps Per Second = 91.130 | Success = 1.000 | Success 1000 = 0.964
I0502 16:22:15.118218 139579566835264 terminal.py:91] [Evaluator] Actor Episodes = 29808 | Actor Steps = 1490400 | Delta Dist = 11.480 | Delta Dist 10 = 11.745 | Delta Dist 100 = 11.770 | Delta Dist 1000 = 11.778 | Episode Length = 50 | Episode Return = 2.0 | Evaluator Episodes = 7557 | Evaluator Steps = 377850 | Final Dist = 1.326 | Final Dist 10 = 1.062 | Final Dist 100 = 1.036 | Final Dist 1000 = 1.028 | Init Dist = 12.806 | Init Dist 10 = 12.806 | Init Dist 100 = 12.806 | Init Dist 1000 = 12.806 | Learner Steps = 23129 | Learner Walltime = 4558.374 | Min Dist = 0.460 | Min Dist 10 = 0.444 | Min Dist 100 = 0.385 | Min Dist 1000 = 0.364 | Steps Per Second = 87.731 | Success = 1.000 | Success 1000 = 0.964
I0502 16:22:15.136106 139569349502528 terminal.py:91] [Actor] Actor Episodes = 29807 | Actor Steps = 1490350 | Delta Dist = 1.741 | Delta Dist 10 = 6.653 | Delta Dist 100 = 4.979 | Delta Dist 1000 = 4.487 | Episode Length = 50 | Episode Return = 35.0 | Evaluator Episodes = 7555 | Evaluator Steps = 377750 | Final Dist = 0.259 | Final Dist 10 = 0.895 | Final Dist 100 = 1.540 | Final Dist 1000 = 1.430 | Init Dist = 2.000 | Init Dist 10 = 7.548 | Init Dist 100 = 6.518 | Init Dist 1000 = 5.918 | Learner Steps = 23129 | Learner Walltime = 4558.374 | Min Dist = 0.259 | Min Dist 10 = 0.087 | Min Dist 100 = 0.137 | Min Dist 1000 = 0.268 | Steps Per Second = 89.669 | Success = 1.000 | Success 1000 = 0.982
I0502 16:22:16.317560 139579566835264 terminal.py:91] [Evaluator] Actor Episodes = 29816 | Actor Steps = 1490800 | Delta Dist = 11.229 | Delta Dist 10 = 11.793 | Delta Dist 100 = 11.767 | Delta Dist 1000 = 11.778 | Episode Length = 50 | Episode Return = 9.0 | Evaluator Episodes = 7559 | Evaluator Steps = 377950 | Final Dist = 1.578 | Final Dist 10 = 1.014 | Final Dist 100 = 1.039 | Final Dist 1000 = 1.028 | Init Dist = 12.806 | Init Dist 10 = 12.806 | Init Dist 100 = 12.806 | Init Dist 1000 = 12.806 | Learner Steps = 23136 | Learner Walltime = 4559.646 | Min Dist = 0.239 | Min Dist 10 = 0.480 | Min Dist 100 = 0.387 | Min Dist 1000 = 0.364 | Steps Per Second = 87.617 | Success = 1.000 | Success 1000 = 0.964
I0502 16:22:16.702503 139557462840896 terminal.py:91] [Actor] Actor Episodes = 29820 | Actor Steps = 1491000 | Delta Dist = -3.120 | Delta Dist 10 = 4.649 | Delta Dist 100 = 4.965 | Delta Dist 1000 = 4.493 | Episode Length = 50 | Episode Return = 28.0 | Evaluator Episodes = 7559 | Evaluator Steps = 377950 | Final Dist = 6.282 | Final Dist 10 = 0.635 | Final Dist 100 = 1.475 | Final Dist 1000 = 1.428 | Init Dist = 3.162 | Init Dist 10 = 5.284 | Init Dist 100 = 6.440 | Init Dist 1000 = 5.922 | Learner Steps = 23143 | Learner Walltime = 4560.693 | Min Dist = 0.098 | Min Dist 10 = 0.072 | Min Dist 100 = 0.137 | Min Dist 1000 = 0.268 | Steps Per Second = 99.209 | Success = 1.000 | Success 1000 = 0.982
I0502 16:22:16.937343 139555860620864 terminal.py:91] [Actor] Actor Episodes = 29819 | Actor Steps = 1490950 | Delta Dist = 3.950 | Delta Dist 10 = 4.169 | Delta Dist 100 = 4.899 | Delta Dist 1000 = 4.486 | Episode Length = 50 | Episode Return = 23.0 | Evaluator Episodes = 7559 | Evaluator Steps = 377950 | Final Dist = 0.173 | Final Dist 10 = 1.043 | Final Dist 100 = 1.478 | Final Dist 1000 = 1.424 | Init Dist = 4.123 | Init Dist 10 = 5.212 | Init Dist 100 = 6.377 | Init Dist 1000 = 5.911 | Learner Steps = 23136 | Learner Walltime = 4559.646 | Min Dist = 0.014 | Min Dist 10 = 0.073 | Min Dist 100 = 0.138 | Min Dist 1000 = 0.268 | Steps Per Second = 105.249 | Success = 1.000 | Success 1000 = 0.982
I0502 16:22:17.357766 139579566835264 terminal.py:91] [Evaluator] Actor Episodes = 29824 | Actor Steps = 1491200 | Delta Dist = 11.483 | Delta Dist 10 = 11.717 | Delta Dist 100 = 11.752 | Delta Dist 1000 = 11.778 | Episode Length = 50 | Episode Return = 5.0 | Evaluator Episodes = 7561 | Evaluator Steps = 378050 | Final Dist = 1.324 | Final Dist 10 = 1.089 | Final Dist 100 = 1.054 | Final Dist 1000 = 1.029 | Init Dist = 12.806 | Init Dist 10 = 12.806 | Init Dist 100 = 12.806 | Init Dist 1000 = 12.806 | Learner Steps = 23143 | Learner Walltime = 4560.693 | Min Dist = 0.602 | Min Dist 10 = 0.531 | Min Dist 100 = 0.386 | Min Dist 1000 = 0.364 | Steps Per Second = 89.167 | Success = 1.000 | Success 1000 = 0.964
I0502 16:22:18.617245 139579566835264 terminal.py:91] [Evaluator] Actor Episodes = 29832 | Actor Steps = 1491600 | Delta Dist = 11.591 | Delta Dist 10 = 11.699 | Delta Dist 100 = 11.748 | Delta Dist 1000 = 11.776 | Episode Length = 50 | Episode Return = 4.0 | Evaluator Episodes = 7563 | Evaluator Steps = 378150 | Final Dist = 1.215 | Final Dist 10 = 1.108 | Final Dist 100 = 1.058 | Final Dist 1000 = 1.030 | Init Dist = 12.806 | Init Dist 10 = 12.806 | Init Dist 100 = 12.806 | Init Dist 1000 = 12.806 | Learner Steps = 23149 | Learner Walltime = 4561.909 | Min Dist = 0.678 | Min Dist 10 = 0.428 | Min Dist 100 = 0.392 | Min Dist 1000 = 0.365 | Steps Per Second = 81.674 | Success = 1.000 | Success 1000 = 0.964
I0502 16:22:18.768485 139555013154368 terminal.py:91] [Learner] Actor Episodes = 29834 | Actor Loss = 3.671070098876953 | Actor Steps = 1491700 | Binary Accuracy = 0.9960637092590332 | Categorical Accuracy = 0.4306640625 | Critic Loss = 1.7848048210144043 | Entropy Mean = -18.872127532958984 | Evaluator Episodes = 7563 | Evaluator Steps = 378150 | Learner Steps = 23154 | Learner Walltime = 4562.966 | Logits Neg = -16.944791793823242 | Logits Pos = -1.7666856050491333 | Logsumexp = 1.1126561164855957 | Steps Per Second = 341.451
I0502 16:22:19.780107 139579566835264 terminal.py:91] [Evaluator] Actor Episodes = 29840 | Actor Steps = 1492000 | Delta Dist = 11.407 | Delta Dist 10 = 11.688 | Delta Dist 100 = 11.745 | Delta Dist 1000 = 11.775 | Episode Length = 50 | Episode Return = 11.0 | Evaluator Episodes = 7565 | Evaluator Steps = 378250 | Final Dist = 1.399 | Final Dist 10 = 1.118 | Final Dist 100 = 1.061 | Final Dist 1000 = 1.031 | Init Dist = 12.806 | Init Dist 10 = 12.806 | Init Dist 100 = 12.806 | Init Dist 1000 = 12.806 | Learner Steps = 23154 | Learner Walltime = 4562.966 | Min Dist = 0.153 | Min Dist 10 = 0.365 | Min Dist 100 = 0.395 | Min Dist 1000 = 0.366 | Steps Per Second = 80.504 | Success = 1.000 | Success 1000 = 0.964
I0502 16:22:21.065375 139579566835264 terminal.py:91] [Evaluator] Actor Episodes = 29846 | Actor Steps = 1492300 | Delta Dist = 11.522 | Delta Dist 10 = 11.717 | Delta Dist 100 = 11.744 | Delta Dist 1000 = 11.776 | Episode Length = 50 | Episode Return = 13.0 | Evaluator Episodes = 7567 | Evaluator Steps = 378350 | Final Dist = 1.284 | Final Dist 10 = 1.089 | Final Dist 100 = 1.062 | Final Dist 1000 = 1.030 | Init Dist = 12.806 | Init Dist 10 = 12.806 | Init Dist 100 = 12.806 | Init Dist 1000 = 12.806 | Learner Steps = 23165 | Learner Walltime = 4565.098 | Min Dist = 0.699 | Min Dist 10 = 0.341 | Min Dist 100 = 0.393 | Min Dist 1000 = 0.365 | Steps Per Second = 86.821 | Success = 1.000 | Success 1000 = 0.964
I0502 16:22:22.406973 139579566835264 terminal.py:91] [Evaluator] Actor Episodes = 29854 | Actor Steps = 1492700 | Delta Dist = 4.648 | Delta Dist 10 = 11.686 | Delta Dist 100 = 11.744 | Delta Dist 1000 = 11.774 | Episode Length = 50 | Episode Return = 0.0 | Evaluator Episodes = 7569 | Evaluator Steps = 378450 | Final Dist = 8.159 | Final Dist 10 = 1.120 | Final Dist 100 = 1.062 | Final Dist 1000 = 1.032 | Init Dist = 12.806 | Init Dist 10 = 12.806 | Init Dist 100 = 12.806 | Init Dist 1000 = 12.806 | Learner Steps = 23169 | Learner Walltime = 4566.176 | Min Dist = 6.578 | Min Dist 10 = 0.350 | Min Dist 100 = 0.398 | Min Dist 1000 = 0.366 | Steps Per Second = 75.878 | Success = 0.000 | Success 1000 = 0.964
I0502 16:22:23.378443 139584504182336 lp_utils.py:96] StepsLimiter: Reached 1493000 recorded steps
I0502 16:22:23.580681 139579566835264 terminal.py:91] [Evaluator] Actor Episodes = 29862 | Actor Steps = 1493100 | Delta Dist = 11.865 | Delta Dist 10 = 11.055 | Delta Dist 100 = 11.681 | Delta Dist 1000 = 11.768 | Episode Length = 50 | Episode Return = 17.0 | Evaluator Episodes = 7571 | Evaluator Steps = 378550 | Final Dist = 0.941 | Final Dist 10 = 1.751 | Final Dist 100 = 1.126 | Final Dist 1000 = 1.038 | Init Dist = 12.806 | Init Dist 10 = 12.806 | Init Dist 100 = 12.806 | Init Dist 1000 = 12.806 | Learner Steps = 23176 | Learner Walltime = 4567.457 | Min Dist = 0.098 | Min Dist 10 = 0.966 | Min Dist 100 = 0.462 | Min Dist 1000 = 0.372 | Steps Per Second = 82.500 | Success = 1.000 | Success 1000 = 0.963
I0502 16:22:23.712397 139558059398720 terminal.py:91] [Actor] Actor Episodes = 29864 | Actor Steps = 1493200 | Delta Dist = 6.983 | Delta Dist 10 = 3.269 | Delta Dist 100 = 4.320 | Delta Dist 1000 = 4.472 | Episode Length = 50 | Episode Return = 15.0 | Evaluator Episodes = 7571 | Evaluator Steps = 378550 | Final Dist = 1.079 | Final Dist 10 = 1.881 | Final Dist 100 = 1.664 | Final Dist 1000 = 1.450 | Init Dist = 8.062 | Init Dist 10 = 5.150 | Init Dist 100 = 5.984 | Init Dist 1000 = 5.923 | Learner Steps = 23176 | Learner Walltime = 4567.457 | Min Dist = 0.061 | Min Dist 10 = 0.681 | Min Dist 100 = 0.183 | Min Dist 1000 = 0.267 | Steps Per Second = 83.312 | Success = 1.000 | Success 1000 = 0.983
I0502 16:22:24.907999 139579566835264 terminal.py:91] [Evaluator] Actor Episodes = 29872 | Actor Steps = 1493600 | Delta Dist = 12.048 | Delta Dist 10 = 11.201 | Delta Dist 100 = 11.689 | Delta Dist 1000 = 11.768 | Episode Length = 50 | Episode Return = 22.0 | Evaluator Episodes = 7573 | Evaluator Steps = 378650 | Final Dist = 0.758 | Final Dist 10 = 1.605 | Final Dist 100 = 1.118 | Final Dist 1000 = 1.038 | Init Dist = 12.806 | Init Dist 10 = 12.806 | Init Dist 100 = 12.806 | Init Dist 1000 = 12.806 | Learner Steps = 23182 | Learner Walltime = 4568.762 | Min Dist = 0.101 | Min Dist 10 = 0.923 | Min Dist 100 = 0.462 | Min Dist 1000 = 0.372 | Steps Per Second = 76.456 | Success = 1.000 | Success 1000 = 0.963
I0502 16:22:25.400664 139569349502528 terminal.py:91] [Actor] Actor Episodes = 29871 | Actor Steps = 1493550 | Delta Dist = 5.674 | Delta Dist 10 = 5.222 | Delta Dist 100 = 4.532 | Delta Dist 1000 = 4.494 | Episode Length = 50 | Episode Return = 27.0 | Evaluator Episodes = 7571 | Evaluator Steps = 378550 | Final Dist = 1.397 | Final Dist 10 = 0.777 | Final Dist 100 = 1.470 | Final Dist 1000 = 1.440 | Init Dist = 7.071 | Init Dist 10 = 5.999 | Init Dist 100 = 6.002 | Init Dist 1000 = 5.934 | Learner Steps = 23182 | Learner Walltime = 4568.762 | Min Dist = 0.026 | Min Dist 10 = 0.089 | Min Dist 100 = 0.140 | Min Dist 1000 = 0.260 | Steps Per Second = 79.108 | Success = 1.000 | Success 1000 = 0.983
I0502 16:22:26.181784 139579566835264 terminal.py:91] [Evaluator] Actor Episodes = 29878 | Actor Steps = 1493900 | Delta Dist = 12.083 | Delta Dist 10 = 11.276 | Delta Dist 100 = 11.687 | Delta Dist 1000 = 11.768 | Episode Length = 50 | Episode Return = 26.0 | Evaluator Episodes = 7575 | Evaluator Steps = 378750 | Final Dist = 0.723 | Final Dist 10 = 1.530 | Final Dist 100 = 1.120 | Final Dist 1000 = 1.038 | Init Dist = 12.806 | Init Dist 10 = 12.806 | Init Dist 100 = 12.806 | Init Dist 1000 = 12.806 | Learner Steps = 23187 | Learner Walltime = 4569.851 | Min Dist = 0.132 | Min Dist 10 = 0.851 | Min Dist 100 = 0.461 | Min Dist 1000 = 0.371 | Steps Per Second = 81.296 | Success = 1.000 | Success 1000 = 0.963
I0502 16:22:26.896678 139557462840896 terminal.py:91] [Actor] Actor Episodes = 29884 | Actor Steps = 1494200 | Delta Dist = 3.456 | Delta Dist 10 = 4.804 | Delta Dist 100 = 4.620 | Delta Dist 1000 = 4.499 | Episode Length = 50 | Episode Return = 45.0 | Evaluator Episodes = 7575 | Evaluator Steps = 378750 | Final Dist = 1.016 | Final Dist 10 = 1.618 | Final Dist 100 = 1.373 | Final Dist 1000 = 1.436 | Init Dist = 4.472 | Init Dist 10 = 6.422 | Init Dist 100 = 5.994 | Init Dist 1000 = 5.935 | Learner Steps = 23193 | Learner Walltime = 4571.083 | Min Dist = 0.173 | Min Dist 10 = 0.061 | Min Dist 100 = 0.144 | Min Dist 1000 = 0.254 | Steps Per Second = 77.851 | Success = 1.000 | Success 1000 = 0.983
I0502 16:22:26.962110 139555860620864 terminal.py:91] [Actor] Actor Episodes = 29883 | Actor Steps = 1494150 | Delta Dist = 1.611 | Delta Dist 10 = 4.516 | Delta Dist 100 = 4.618 | Delta Dist 1000 = 4.496 | Episode Length = 50 | Episode Return = 38.0 | Evaluator Episodes = 7575 | Evaluator Steps = 378750 | Final Dist = 0.625 | Final Dist 10 = 1.647 | Final Dist 100 = 1.370 | Final Dist 1000 = 1.436 | Init Dist = 2.236 | Init Dist 10 = 6.162 | Init Dist 100 = 5.988 | Init Dist 1000 = 5.932 | Learner Steps = 23187 | Learner Walltime = 4569.851 | Min Dist = 0.028 | Min Dist 10 = 0.076 | Min Dist 100 = 0.143 | Min Dist 1000 = 0.254 | Steps Per Second = 77.650 | Success = 1.000 | Success 1000 = 0.983
I0502 16:22:27.466898 139579566835264 terminal.py:91] [Evaluator] Actor Episodes = 29888 | Actor Steps = 1494400 | Delta Dist = 12.208 | Delta Dist 10 = 11.240 | Delta Dist 100 = 11.742 | Delta Dist 1000 = 11.770 | Episode Length = 50 | Episode Return = 24.0 | Evaluator Episodes = 7577 | Evaluator Steps = 378850 | Final Dist = 0.598 | Final Dist 10 = 1.566 | Final Dist 100 = 1.064 | Final Dist 1000 = 1.036 | Init Dist = 12.806 | Init Dist 10 = 12.806 | Init Dist 100 = 12.806 | Init Dist 1000 = 12.806 | Learner Steps = 23193 | Learner Walltime = 4571.083 | Min Dist = 0.051 | Min Dist 10 = 0.862 | Min Dist 100 = 0.397 | Min Dist 1000 = 0.371 | Steps Per Second = 79.899 | Success = 1.000 | Success 1000 = 0.963
I0502 16:22:28.733144 139579566835264 terminal.py:91] [Evaluator] Actor Episodes = 29898 | Actor Steps = 1494900 | Delta Dist = 11.732 | Delta Dist 10 = 11.199 | Delta Dist 100 = 11.725 | Delta Dist 1000 = 11.768 | Episode Length = 50 | Episode Return = 19.0 | Evaluator Episodes = 7579 | Evaluator Steps = 378950 | Final Dist = 1.074 | Final Dist 10 = 1.607 | Final Dist 100 = 1.081 | Final Dist 1000 = 1.038 | Init Dist = 12.806 | Init Dist 10 = 12.806 | Init Dist 100 = 12.806 | Init Dist 1000 = 12.806 | Learner Steps = 23200 | Learner Walltime = 4572.263 | Min Dist = 0.132 | Min Dist 10 = 0.803 | Min Dist 100 = 0.395 | Min Dist 1000 = 0.371 | Steps Per Second = 81.172 | Success = 1.000 | Success 1000 = 0.963
I0502 16:22:28.807205 139555013154368 terminal.py:91] [Learner] Actor Episodes = 29892 | Actor Loss = 3.651395082473755 | Actor Steps = 1494600 | Binary Accuracy = 0.9960265159606934 | Categorical Accuracy = 0.4171142578125 | Critic Loss = 1.8614346981048584 | Entropy Mean = -20.89662742614746 | Evaluator Episodes = 7577 | Evaluator Steps = 378850 | Learner Steps = 23204 | Learner Walltime = 4573.005 | Logits Neg = -16.979259490966797 | Logits Pos = -1.8448052406311035 | Logsumexp = 1.1580383777618408 | Steps Per Second = 961.331
I0502 16:22:29.898581 139579566835264 terminal.py:91] [Evaluator] Actor Episodes = 29900 | Actor Steps = 1495000 | Delta Dist = 11.610 | Delta Dist 10 = 11.883 | Delta Dist 100 = 11.725 | Delta Dist 1000 = 11.768 | Episode Length = 50 | Episode Return = 3.0 | Evaluator Episodes = 7581 | Evaluator Steps = 379050 | Final Dist = 1.196 | Final Dist 10 = 0.924 | Final Dist 100 = 1.081 | Final Dist 1000 = 1.038 | Init Dist = 12.806 | Init Dist 10 = 12.806 | Init Dist 100 = 12.806 | Init Dist 1000 = 12.806 | Learner Steps = 23206 | Learner Walltime = 4573.602 | Min Dist = 0.359 | Min Dist 10 = 0.144 | Min Dist 100 = 0.392 | Min Dist 1000 = 0.371 | Steps Per Second = 90.217 | Success = 1.000 | Success 1000 = 0.963
I0502 16:22:31.175454 139579566835264 terminal.py:91] [Evaluator] Actor Episodes = 29912 | Actor Steps = 1495600 | Delta Dist = 11.440 | Delta Dist 10 = 11.834 | Delta Dist 100 = 11.724 | Delta Dist 1000 = 11.767 | Episode Length = 50 | Episode Return = 22.0 | Evaluator Episodes = 7583 | Evaluator Steps = 379150 | Final Dist = 1.366 | Final Dist 10 = 0.972 | Final Dist 100 = 1.082 | Final Dist 1000 = 1.039 | Init Dist = 12.806 | Init Dist 10 = 12.806 | Init Dist 100 = 12.806 | Init Dist 1000 = 12.806 | Learner Steps = 23212 | Learner Walltime = 4574.790 | Min Dist = 0.108 | Min Dist 10 = 0.165 | Min Dist 100 = 0.394 | Min Dist 1000 = 0.372 | Steps Per Second = 85.519 | Success = 1.000 | Success 1000 = 0.963
I0502 16:22:32.510086 139579566835264 terminal.py:91] [Evaluator] Actor Episodes = 29920 | Actor Steps = 1496000 | Delta Dist = 11.875 | Delta Dist 10 = 11.705 | Delta Dist 100 = 11.712 | Delta Dist 1000 = 11.766 | Episode Length = 50 | Episode Return = 32.0 | Evaluator Episodes = 7585 | Evaluator Steps = 379250 | Final Dist = 0.931 | Final Dist 10 = 1.102 | Final Dist 100 = 1.094 | Final Dist 1000 = 1.040 | Init Dist = 12.806 | Init Dist 10 = 12.806 | Init Dist 100 = 12.806 | Init Dist 1000 = 12.806 | Learner Steps = 23218 | Learner Walltime = 4575.916 | Min Dist = 0.080 | Min Dist 10 = 0.186 | Min Dist 100 = 0.393 | Min Dist 1000 = 0.372 | Steps Per Second = 76.527 | Success = 1.000 | Success 1000 = 0.963
I0502 16:22:33.395269 139584504182336 lp_utils.py:96] StepsLimiter: Reached 1496200 recorded steps
I0502 16:22:33.711808 139579566835264 terminal.py:91] [Evaluator] Actor Episodes = 29926 | Actor Steps = 1496300 | Delta Dist = 12.507 | Delta Dist 10 = 11.706 | Delta Dist 100 = 11.709 | Delta Dist 1000 = 11.767 | Episode Length = 50 | Episode Return = 18.0 | Evaluator Episodes = 7587 | Evaluator Steps = 379350 | Final Dist = 0.299 | Final Dist 10 = 1.101 | Final Dist 100 = 1.097 | Final Dist 1000 = 1.040 | Init Dist = 12.806 | Init Dist 10 = 12.806 | Init Dist 100 = 12.806 | Init Dist 1000 = 12.806 | Learner Steps = 23224 | Learner Walltime = 4577.279 | Min Dist = 0.174 | Min Dist 10 = 0.245 | Min Dist 100 = 0.396 | Min Dist 1000 = 0.372 | Steps Per Second = 79.947 | Success = 1.000 | Success 1000 = 0.963
I0502 16:22:33.718809 139558059398720 terminal.py:91] [Actor] Actor Episodes = 29928 | Actor Steps = 1496400 | Delta Dist = 6.165 | Delta Dist 10 = 3.193 | Delta Dist 100 = 4.165 | Delta Dist 1000 = 4.427 | Episode Length = 50 | Episode Return = 35.0 | Evaluator Episodes = 7587 | Evaluator Steps = 379350 | Final Dist = 0.160 | Final Dist 10 = 2.702 | Final Dist 100 = 1.721 | Final Dist 1000 = 1.474 | Init Dist = 6.325 | Init Dist 10 = 5.896 | Init Dist 100 = 5.885 | Init Dist 1000 = 5.901 | Learner Steps = 23224 | Learner Walltime = 4577.279 | Min Dist = 0.121 | Min Dist 10 = 1.101 | Min Dist 100 = 0.490 | Min Dist 1000 = 0.288 | Steps Per Second = 80.477 | Success = 1.000 | Success 1000 = 0.983
I0502 16:22:35.095972 139579566835264 terminal.py:91] [Evaluator] Actor Episodes = 29936 | Actor Steps = 1496800 | Delta Dist = 11.846 | Delta Dist 10 = 11.880 | Delta Dist 100 = 11.721 | Delta Dist 1000 = 11.767 | Episode Length = 50 | Episode Return = 32.0 | Evaluator Episodes = 7589 | Evaluator Steps = 379450 | Final Dist = 0.961 | Final Dist 10 = 0.926 | Final Dist 100 = 1.085 | Final Dist 1000 = 1.039 | Init Dist = 12.806 | Init Dist 10 = 12.806 | Init Dist 100 = 12.806 | Init Dist 1000 = 12.806 | Learner Steps = 23231 | Learner Walltime = 4578.662 | Min Dist = 0.051 | Min Dist 10 = 0.273 | Min Dist 100 = 0.399 | Min Dist 1000 = 0.372 | Steps Per Second = 71.879 | Success = 1.000 | Success 1000 = 0.963
I0502 16:22:35.491470 139569349502528 terminal.py:91] [Actor] Actor Episodes = 29935 | Actor Steps = 1496750 | Delta Dist = 9.847 | Delta Dist 10 = 3.990 | Delta Dist 100 = 4.124 | Delta Dist 1000 = 4.424 | Episode Length = 50 | Episode Return = 35.0 | Evaluator Episodes = 7587 | Evaluator Steps = 379350 | Final Dist = 0.153 | Final Dist 10 = 1.313 | Final Dist 100 = 1.635 | Final Dist 1000 = 1.482 | Init Dist = 10.000 | Init Dist 10 = 5.303 | Init Dist 100 = 5.759 | Init Dist 1000 = 5.906 | Learner Steps = 23231 | Learner Walltime = 4578.662 | Min Dist = 0.064 | Min Dist 10 = 0.111 | Min Dist 100 = 0.494 | Min Dist 1000 = 0.289 | Steps Per Second = 71.806 | Success = 1.000 | Success 1000 = 0.983
I0502 16:22:36.349656 139579566835264 terminal.py:91] [Evaluator] Actor Episodes = 29942 | Actor Steps = 1497100 | Delta Dist = 11.811 | Delta Dist 10 = 11.884 | Delta Dist 100 = 11.721 | Delta Dist 1000 = 11.767 | Episode Length = 50 | Episode Return = 22.0 | Evaluator Episodes = 7591 | Evaluator Steps = 379550 | Final Dist = 0.996 | Final Dist 10 = 0.922 | Final Dist 100 = 1.085 | Final Dist 1000 = 1.039 | Init Dist = 12.806 | Init Dist 10 = 12.806 | Init Dist 100 = 12.806 | Init Dist 1000 = 12.806 | Learner Steps = 23237 | Learner Walltime = 4579.794 | Min Dist = 0.259 | Min Dist 10 = 0.241 | Min Dist 100 = 0.398 | Min Dist 1000 = 0.371 | Steps Per Second = 80.962 | Success = 1.000 | Success 1000 = 0.963
I0502 16:22:37.041906 139555860620864 terminal.py:91] [Actor] Actor Episodes = 29947 | Actor Steps = 1497350 | Delta Dist = 7.898 | Delta Dist 10 = 4.770 | Delta Dist 100 = 4.046 | Delta Dist 1000 = 4.431 | Episode Length = 50 | Episode Return = 34.0 | Evaluator Episodes = 7591 | Evaluator Steps = 379550 | Final Dist = 0.646 | Final Dist 10 = 1.441 | Final Dist 100 = 1.673 | Final Dist 1000 = 1.487 | Init Dist = 8.544 | Init Dist 10 = 6.211 | Init Dist 100 = 5.719 | Init Dist 1000 = 5.918 | Learner Steps = 23237 | Learner Walltime = 4579.794 | Min Dist = 0.486 | Min Dist 10 = 0.076 | Min Dist 100 = 0.493 | Min Dist 1000 = 0.289 | Steps Per Second = 81.656 | Success = 1.000 | Success 1000 = 0.984
I0502 16:22:37.522198 139557462840896 terminal.py:91] [Actor] Actor Episodes = 29949 | Actor Steps = 1497450 | Delta Dist = 11.911 | Delta Dist 10 = 4.802 | Delta Dist 100 = 4.128 | Delta Dist 1000 = 4.438 | Episode Length = 50 | Episode Return = 18.0 | Evaluator Episodes = 7591 | Evaluator Steps = 379550 | Final Dist = 0.296 | Final Dist 10 = 1.455 | Final Dist 100 = 1.664 | Final Dist 1000 = 1.488 | Init Dist = 12.207 | Init Dist 10 = 6.258 | Init Dist 100 = 5.792 | Init Dist 1000 = 5.926 | Learner Steps = 23243 | Learner Walltime = 4581.023 | Min Dist = 0.122 | Min Dist 10 = 0.099 | Min Dist 100 = 0.494 | Min Dist 1000 = 0.289 | Steps Per Second = 78.593 | Success = 1.000 | Success 1000 = 0.984
I0502 16:22:37.575914 139579566835264 terminal.py:91] [Evaluator] Actor Episodes = 29950 | Actor Steps = 1497500 | Delta Dist = 11.267 | Delta Dist 10 = 11.820 | Delta Dist 100 = 11.711 | Delta Dist 1000 = 11.766 | Episode Length = 50 | Episode Return = 20.0 | Evaluator Episodes = 7593 | Evaluator Steps = 379650 | Final Dist = 1.540 | Final Dist 10 = 0.987 | Final Dist 100 = 1.095 | Final Dist 1000 = 1.040 | Init Dist = 12.806 | Init Dist 10 = 12.806 | Init Dist 100 = 12.806 | Init Dist 1000 = 12.806 | Learner Steps = 23243 | Learner Walltime = 4581.023 | Min Dist = 0.112 | Min Dist 10 = 0.228 | Min Dist 100 = 0.398 | Min Dist 1000 = 0.371 | Steps Per Second = 79.767 | Success = 1.000 | Success 1000 = 0.963
I0502 16:22:38.839433 139555013154368 terminal.py:91] [Learner] Actor Episodes = 29954 | Actor Loss = 3.8349344730377197 | Actor Steps = 1497700 | Binary Accuracy = 0.9960780143737793 | Categorical Accuracy = 0.41888427734375 | Critic Loss = 1.83516526222229 | Entropy Mean = -18.73797607421875 | Evaluator Episodes = 7593 | Evaluator Steps = 379650 | Learner Steps = 23253 | Learner Walltime = 4583.037 | Logits Neg = -17.045635223388672 | Logits Pos = -1.8255326747894287 | Logsumexp = 1.0953468084335327 | Steps Per Second = 1039.239
I0502 16:22:38.889858 139579566835264 terminal.py:91] [Evaluator] Actor Episodes = 29958 | Actor Steps = 1497900 | Delta Dist = 12.228 | Delta Dist 10 = 11.841 | Delta Dist 100 = 11.704 | Delta Dist 1000 = 11.765 | Episode Length = 50 | Episode Return = 28.0 | Evaluator Episodes = 7595 | Evaluator Steps = 379750 | Final Dist = 0.578 | Final Dist 10 = 0.965 | Final Dist 100 = 1.102 | Final Dist 1000 = 1.042 | Init Dist = 12.806 | Init Dist 10 = 12.806 | Init Dist 100 = 12.806 | Init Dist 1000 = 12.806 | Learner Steps = 23249 | Learner Walltime = 4582.078 | Min Dist = 0.212 | Min Dist 10 = 0.229 | Min Dist 100 = 0.396 | Min Dist 1000 = 0.371 | Steps Per Second = 79.721 | Success = 1.000 | Success 1000 = 0.963
I0502 16:22:40.132325 139579566835264 terminal.py:91] [Evaluator] Actor Episodes = 29966 | Actor Steps = 1498300 | Delta Dist = 11.818 | Delta Dist 10 = 11.889 | Delta Dist 100 = 11.706 | Delta Dist 1000 = 11.765 | Episode Length = 50 | Episode Return = 20.0 | Evaluator Episodes = 7597 | Evaluator Steps = 379850 | Final Dist = 0.989 | Final Dist 10 = 0.918 | Final Dist 100 = 1.101 | Final Dist 1000 = 1.041 | Init Dist = 12.806 | Init Dist 10 = 12.806 | Init Dist 100 = 12.806 | Init Dist 1000 = 12.806 | Learner Steps = 23258 | Learner Walltime = 4584.243 | Min Dist = 0.077 | Min Dist 10 = 0.160 | Min Dist 100 = 0.392 | Min Dist 1000 = 0.371 | Steps Per Second = 82.583 | Success = 1.000 | Success 1000 = 0.963
I0502 16:22:41.529761 139579566835264 terminal.py:91] [Evaluator] Actor Episodes = 29978 | Actor Steps = 1498900 | Delta Dist = 11.380 | Delta Dist 10 = 11.286 | Delta Dist 100 = 11.651 | Delta Dist 1000 = 11.760 | Episode Length = 50 | Episode Return = 7.0 | Evaluator Episodes = 7599 | Evaluator Steps = 379950 | Final Dist = 1.426 | Final Dist 10 = 1.520 | Final Dist 100 = 1.156 | Final Dist 1000 = 1.047 | Init Dist = 12.806 | Init Dist 10 = 12.806 | Init Dist 100 = 12.806 | Init Dist 1000 = 12.806 | Learner Steps = 23258 | Learner Walltime = 4584.243 | Min Dist = 0.077 | Min Dist 10 = 0.643 | Min Dist 100 = 0.440 | Min Dist 1000 = 0.376 | Steps Per Second = 69.957 | Success = 1.000 | Success 1000 = 0.962
I0502 16:22:42.876773 139579566835264 terminal.py:91] [Evaluator] Actor Episodes = 29984 | Actor Steps = 1499200 | Delta Dist = 11.838 | Delta Dist 10 = 11.330 | Delta Dist 100 = 11.647 | Delta Dist 1000 = 11.759 | Episode Length = 50 | Episode Return = 25.0 | Evaluator Episodes = 7601 | Evaluator Steps = 380050 | Final Dist = 0.968 | Final Dist 10 = 1.476 | Final Dist 100 = 1.159 | Final Dist 1000 = 1.047 | Init Dist = 12.806 | Init Dist 10 = 12.806 | Init Dist 100 = 12.806 | Init Dist 1000 = 12.806 | Learner Steps = 23271 | Learner Walltime = 4586.863 | Min Dist = 0.043 | Min Dist 10 = 0.645 | Min Dist 100 = 0.436 | Min Dist 1000 = 0.376 | Steps Per Second = 72.177 | Success = 1.000 | Success 1000 = 0.962
I0502 16:22:43.414962 139584504182336 lp_utils.py:96] StepsLimiter: Reached 1499300 recorded steps
I0502 16:22:44.075973 139558059398720 terminal.py:91] [Actor] Actor Episodes = 29992 | Actor Steps = 1499600 | Delta Dist = 8.143 | Delta Dist 10 = 4.946 | Delta Dist 100 = 4.157 | Delta Dist 1000 = 4.413 | Episode Length = 50 | Episode Return = 41.0 | Evaluator Episodes = 7601 | Evaluator Steps = 380050 | Final Dist = 0.459 | Final Dist 10 = 0.954 | Final Dist 100 = 1.716 | Final Dist 1000 = 1.491 | Init Dist = 8.602 | Init Dist 10 = 5.901 | Init Dist 100 = 5.873 | Init Dist 1000 = 5.904 | Learner Steps = 23277 | Learner Walltime = 4588.228 | Min Dist = 0.053 | Min Dist 10 = 0.189 | Min Dist 100 = 0.453 | Min Dist 1000 = 0.282 | Steps Per Second = 90.275 | Success = 1.000 | Success 1000 = 0.984
I0502 16:22:44.206212 139579566835264 terminal.py:91] [Evaluator] Actor Episodes = 29994 | Actor Steps = 1499700 | Delta Dist = 12.104 | Delta Dist 10 = 11.346 | Delta Dist 100 = 11.650 | Delta Dist 1000 = 11.758 | Episode Length = 50 | Episode Return = 25.0 | Evaluator Episodes = 7603 | Evaluator Steps = 380150 | Final Dist = 0.703 | Final Dist 10 = 1.460 | Final Dist 100 = 1.156 | Final Dist 1000 = 1.048 | Init Dist = 12.806 | Init Dist 10 = 12.806 | Init Dist 100 = 12.806 | Init Dist 1000 = 12.806 | Learner Steps = 23277 | Learner Walltime = 4588.228 | Min Dist = 0.209 | Min Dist 10 = 0.660 | Min Dist 100 = 0.432 | Min Dist 1000 = 0.376 | Steps Per Second = 81.420 | Success = 1.000 | Success 1000 = 0.962
I0502 16:22:45.277617 139579566835264 terminal.py:91] [Evaluator] Actor Episodes = 30002 | Actor Steps = 1500100 | Delta Dist = 11.872 | Delta Dist 10 = 11.382 | Delta Dist 100 = 11.651 | Delta Dist 1000 = 11.758 | Episode Length = 50 | Episode Return = 28.0 | Evaluator Episodes = 7605 | Evaluator Steps = 380250 | Final Dist = 0.935 | Final Dist 10 = 1.425 | Final Dist 100 = 1.156 | Final Dist 1000 = 1.048 | Init Dist = 12.806 | Init Dist 10 = 12.806 | Init Dist 100 = 12.806 | Init Dist 1000 = 12.806 | Learner Steps = 23284 | Learner Walltime = 4589.373 | Min Dist = 0.043 | Min Dist 10 = 0.689 | Min Dist 100 = 0.436 | Min Dist 1000 = 0.376 | Steps Per Second = 92.258 | Success = 1.000 | Success 1000 = 0.962
I0502 16:22:45.772319 139569349502528 terminal.py:91] [Actor] Actor Episodes = 29999 | Actor Steps = 1499950 | Delta Dist = 2.821 | Delta Dist 10 = 2.527 | Delta Dist 100 = 4.100 | Delta Dist 1000 = 4.403 | Episode Length = 50 | Episode Return = 36.0 | Evaluator Episodes = 7603 | Evaluator Steps = 380150 | Final Dist = 1.179 | Final Dist 10 = 2.036 | Final Dist 100 = 1.645 | Final Dist 1000 = 1.496 | Init Dist = 4.000 | Init Dist 10 = 4.564 | Init Dist 100 = 5.745 | Init Dist 1000 = 5.899 | Learner Steps = 23277 | Learner Walltime = 4588.228 | Min Dist = 0.229 | Min Dist 10 = 0.231 | Min Dist 100 = 0.363 | Min Dist 1000 = 0.278 | Steps Per Second = 80.779 | Success = 1.000 | Success 1000 = 0.983
I0502 16:22:46.533064 139579566835264 terminal.py:91] [Evaluator] Actor Episodes = 30010 | Actor Steps = 1500500 | Delta Dist = 11.877 | Delta Dist 10 = 11.389 | Delta Dist 100 = 11.663 | Delta Dist 1000 = 11.759 | Episode Length = 50 | Episode Return = 18.0 | Evaluator Episodes = 7607 | Evaluator Steps = 380350 | Final Dist = 0.929 | Final Dist 10 = 1.417 | Final Dist 100 = 1.143 | Final Dist 1000 = 1.047 | Init Dist = 12.806 | Init Dist 10 = 12.806 | Init Dist 100 = 12.806 | Init Dist 1000 = 12.806 | Learner Steps = 23290 | Learner Walltime = 4590.648 | Min Dist = 0.127 | Min Dist 10 = 0.706 | Min Dist 100 = 0.431 | Min Dist 1000 = 0.376 | Steps Per Second = 76.007 | Success = 1.000 | Success 1000 = 0.962
I0502 16:22:47.173096 139555860620864 terminal.py:91] [Actor] Actor Episodes = 30011 | Actor Steps = 1500550 | Delta Dist = 8.047 | Delta Dist 10 = 4.911 | Delta Dist 100 = 4.311 | Delta Dist 1000 = 4.403 | Episode Length = 50 | Episode Return = 30.0 | Evaluator Episodes = 7605 | Evaluator Steps = 380250 | Final Dist = 1.173 | Final Dist 10 = 1.963 | Final Dist 100 = 1.645 | Final Dist 1000 = 1.505 | Init Dist = 9.220 | Init Dist 10 = 6.874 | Init Dist 100 = 5.957 | Init Dist 1000 = 5.908 | Learner Steps = 23290 | Learner Walltime = 4590.648 | Min Dist = 0.221 | Min Dist 10 = 1.602 | Min Dist 100 = 0.391 | Min Dist 1000 = 0.294 | Steps Per Second = 72.505 | Success = 1.000 | Success 1000 = 0.983
I0502 16:22:47.695556 139557462840896 terminal.py:91] [Actor] Actor Episodes = 30013 | Actor Steps = 1500650 | Delta Dist = 8.612 | Delta Dist 10 = 6.101 | Delta Dist 100 = 4.386 | Delta Dist 1000 = 4.410 | Episode Length = 50 | Episode Return = 32.0 | Evaluator Episodes = 7607 | Evaluator Steps = 380350 | Final Dist = 0.608 | Final Dist 10 = 1.421 | Final Dist 100 = 1.627 | Final Dist 1000 = 1.506 | Init Dist = 9.220 | Init Dist 10 = 7.522 | Init Dist 100 = 6.013 | Init Dist 1000 = 5.916 | Learner Steps = 23290 | Learner Walltime = 4590.648 | Min Dist = 0.181 | Min Dist 10 = 0.908 | Min Dist 100 = 0.393 | Min Dist 1000 = 0.294 | Steps Per Second = 77.757 | Success = 1.000 | Success 1000 = 0.983
I0502 16:22:47.849076 139579566835264 terminal.py:91] [Evaluator] Actor Episodes = 30018 | Actor Steps = 1500900 | Delta Dist = 11.900 | Delta Dist 10 = 11.934 | Delta Dist 100 = 11.667 | Delta Dist 1000 = 11.760 | Episode Length = 50 | Episode Return = 23.0 | Evaluator Episodes = 7609 | Evaluator Steps = 380450 | Final Dist = 0.906 | Final Dist 10 = 0.873 | Final Dist 100 = 1.140 | Final Dist 1000 = 1.047 | Init Dist = 12.806 | Init Dist 10 = 12.806 | Init Dist 100 = 12.806 | Init Dist 1000 = 12.806 | Learner Steps = 23297 | Learner Walltime = 4591.998 | Min Dist = 0.236 | Min Dist 10 = 0.201 | Min Dist 100 = 0.429 | Min Dist 1000 = 0.376 | Steps Per Second = 78.641 | Success = 1.000 | Success 1000 = 0.962
I0502 16:22:48.899066 139555013154368 terminal.py:91] [Learner] Actor Episodes = 30022 | Actor Loss = 3.754688262939453 | Actor Steps = 1501100 | Binary Accuracy = 0.9960780143737793 | Categorical Accuracy = 0.4188232421875 | Critic Loss = 1.8072923421859741 | Entropy Mean = -21.759105682373047 | Evaluator Episodes = 7609 | Evaluator Steps = 380450 | Learner Steps = 23303 | Learner Walltime = 4593.095 | Logits Neg = -17.331924438476562 | Logits Pos = -1.8386974334716797 | Logsumexp = 1.0571061372756958 | Steps Per Second = 297.282
I0502 16:22:49.098401 139579566835264 terminal.py:91] [Evaluator] Actor Episodes = 30024 | Actor Steps = 1501200 | Delta Dist = 12.702 | Delta Dist 10 = 11.977 | Delta Dist 100 = 11.665 | Delta Dist 1000 = 11.759 | Episode Length = 50 | Episode Return = 21.0 | Evaluator Episodes = 7611 | Evaluator Steps = 380550 | Final Dist = 0.104 | Final Dist 10 = 0.829 | Final Dist 100 = 1.141 | Final Dist 1000 = 1.047 | Init Dist = 12.806 | Init Dist 10 = 12.806 | Init Dist 100 = 12.806 | Init Dist 1000 = 12.806 | Learner Steps = 23303 | Learner Walltime = 4593.095 | Min Dist = 0.070 | Min Dist 10 = 0.216 | Min Dist 100 = 0.426 | Min Dist 1000 = 0.376 | Steps Per Second = 87.179 | Success = 1.000 | Success 1000 = 0.962
I0502 16:22:50.427055 139579566835264 terminal.py:91] [Evaluator] Actor Episodes = 30032 | Actor Steps = 1501600 | Delta Dist = 12.758 | Delta Dist 10 = 11.982 | Delta Dist 100 = 11.667 | Delta Dist 1000 = 11.760 | Episode Length = 50 | Episode Return = 31.0 | Evaluator Episodes = 7613 | Evaluator Steps = 380650 | Final Dist = 0.048 | Final Dist 10 = 0.825 | Final Dist 100 = 1.139 | Final Dist 1000 = 1.046 | Init Dist = 12.806 | Init Dist 10 = 12.806 | Init Dist 100 = 12.806 | Init Dist 1000 = 12.806 | Learner Steps = 23308 | Learner Walltime = 4594.370 | Min Dist = 0.009 | Min Dist 10 = 0.179 | Min Dist 100 = 0.422 | Min Dist 1000 = 0.376 | Steps Per Second = 73.012 | Success = 1.000 | Success 1000 = 0.962
I0502 16:22:51.637851 139579566835264 terminal.py:91] [Evaluator] Actor Episodes = 30040 | Actor Steps = 1502000 | Delta Dist = 11.618 | Delta Dist 10 = 12.139 | Delta Dist 100 = 11.685 | Delta Dist 1000 = 11.761 | Episode Length = 50 | Episode Return = 12.0 | Evaluator Episodes = 7615 | Evaluator Steps = 380750 | Final Dist = 1.188 | Final Dist 10 = 0.668 | Final Dist 100 = 1.121 | Final Dist 1000 = 1.045 | Init Dist = 12.806 | Init Dist 10 = 12.806 | Init Dist 100 = 12.806 | Init Dist 1000 = 12.806 | Learner Steps = 23315 | Learner Walltime = 4595.755 | Min Dist = 0.348 | Min Dist 10 = 0.125 | Min Dist 100 = 0.418 | Min Dist 1000 = 0.376 | Steps Per Second = 89.645 | Success = 1.000 | Success 1000 = 0.962
I0502 16:22:52.891261 139579566835264 terminal.py:91] [Evaluator] Actor Episodes = 30048 | Actor Steps = 1502400 | Delta Dist = 12.302 | Delta Dist 10 = 12.014 | Delta Dist 100 = 11.677 | Delta Dist 1000 = 11.760 | Episode Length = 50 | Episode Return = 14.0 | Evaluator Episodes = 7617 | Evaluator Steps = 380850 | Final Dist = 0.505 | Final Dist 10 = 0.792 | Final Dist 100 = 1.129 | Final Dist 1000 = 1.046 | Init Dist = 12.806 | Init Dist 10 = 12.806 | Init Dist 100 = 12.806 | Init Dist 1000 = 12.806 | Learner Steps = 23321 | Learner Walltime = 4597.024 | Min Dist = 0.084 | Min Dist 10 = 0.152 | Min Dist 100 = 0.420 | Min Dist 1000 = 0.376 | Steps Per Second = 75.109 | Success = 1.000 | Success 1000 = 0.962
I0502 16:22:53.430430 139584504182336 lp_utils.py:96] StepsLimiter: Reached 1502600 recorded steps
I0502 16:22:54.215718 139579566835264 terminal.py:91] [Evaluator] Actor Episodes = 30056 | Actor Steps = 1502800 | Delta Dist = 11.647 | Delta Dist 10 = 12.037 | Delta Dist 100 = 11.682 | Delta Dist 1000 = 11.759 | Episode Length = 50 | Episode Return = 20.0 | Evaluator Episodes = 7619 | Evaluator Steps = 380950 | Final Dist = 1.159 | Final Dist 10 = 0.769 | Final Dist 100 = 1.124 | Final Dist 1000 = 1.047 | Init Dist = 12.806 | Init Dist 10 = 12.806 | Init Dist 100 = 12.806 | Init Dist 1000 = 12.806 | Learner Steps = 23327 | Learner Walltime = 4598.030 | Min Dist = 0.072 | Min Dist 10 = 0.168 | Min Dist 100 = 0.423 | Min Dist 1000 = 0.376 | Steps Per Second = 77.677 | Success = 1.000 | Success 1000 = 0.962
I0502 16:22:54.535208 139558059398720 terminal.py:91] [Actor] Actor Episodes = 30057 | Actor Steps = 1502850 | Delta Dist = 4.273 | Delta Dist 10 = 4.220 | Delta Dist 100 = 4.521 | Delta Dist 1000 = 4.398 | Episode Length = 50 | Episode Return = 48.0 | Evaluator Episodes = 7617 | Evaluator Steps = 380850 | Final Dist = 1.112 | Final Dist 10 = 1.072 | Final Dist 100 = 1.648 | Final Dist 1000 = 1.523 | Init Dist = 5.385 | Init Dist 10 = 5.292 | Init Dist 100 = 6.169 | Init Dist 1000 = 5.921 | Learner Steps = 23327 | Learner Walltime = 4598.030 | Min Dist = 0.036 | Min Dist 10 = 0.097 | Min Dist 100 = 0.386 | Min Dist 1000 = 0.297 | Steps Per Second = 104.270 | Success = 1.000 | Success 1000 = 0.984
I0502 16:22:55.444449 139579566835264 terminal.py:91] [Evaluator] Actor Episodes = 30064 | Actor Steps = 1503200 | Delta Dist = 12.238 | Delta Dist 10 = 11.889 | Delta Dist 100 = 11.669 | Delta Dist 1000 = 11.760 | Episode Length = 50 | Episode Return = 24.0 | Evaluator Episodes = 7621 | Evaluator Steps = 381050 | Final Dist = 0.568 | Final Dist 10 = 0.917 | Final Dist 100 = 1.137 | Final Dist 1000 = 1.047 | Init Dist = 12.806 | Init Dist 10 = 12.806 | Init Dist 100 = 12.806 | Init Dist 1000 = 12.806 | Learner Steps = 23333 | Learner Walltime = 4599.245 | Min Dist = 0.091 | Min Dist 10 = 0.158 | Min Dist 100 = 0.419 | Min Dist 1000 = 0.376 | Steps Per Second = 81.288 | Success = 1.000 | Success 1000 = 0.962
I0502 16:22:55.872954 139569349502528 terminal.py:91] [Actor] Actor Episodes = 30065 | Actor Steps = 1503250 | Delta Dist = 7.262 | Delta Dist 10 = 5.047 | Delta Dist 100 = 4.674 | Delta Dist 1000 = 4.416 | Episode Length = 50 | Episode Return = 25.0 | Evaluator Episodes = 7619 | Evaluator Steps = 380950 | Final Dist = 0.353 | Final Dist 10 = 0.722 | Final Dist 100 = 1.539 | Final Dist 1000 = 1.507 | Init Dist = 7.616 | Init Dist 10 = 5.769 | Init Dist 100 = 6.213 | Init Dist 1000 = 5.924 | Learner Steps = 23333 | Learner Walltime = 4599.245 | Min Dist = 0.143 | Min Dist 10 = 0.140 | Min Dist 100 = 0.383 | Min Dist 1000 = 0.290 | Steps Per Second = 72.163 | Success = 1.000 | Success 1000 = 0.984
I0502 16:22:56.725081 139579566835264 terminal.py:91] [Evaluator] Actor Episodes = 30072 | Actor Steps = 1503600 | Delta Dist = 11.113 | Delta Dist 10 = 12.020 | Delta Dist 100 = 11.676 | Delta Dist 1000 = 11.760 | Episode Length = 50 | Episode Return = 16.0 | Evaluator Episodes = 7623 | Evaluator Steps = 381150 | Final Dist = 1.694 | Final Dist 10 = 0.786 | Final Dist 100 = 1.130 | Final Dist 1000 = 1.046 | Init Dist = 12.806 | Init Dist 10 = 12.806 | Init Dist 100 = 12.806 | Init Dist 1000 = 12.806 | Learner Steps = 23338 | Learner Walltime = 4600.279 | Min Dist = 0.032 | Min Dist 10 = 0.153 | Min Dist 100 = 0.417 | Min Dist 1000 = 0.375 | Steps Per Second = 83.665 | Success = 1.000 | Success 1000 = 0.962
I0502 16:22:57.480582 139555860620864 terminal.py:91] [Actor] Actor Episodes = 30075 | Actor Steps = 1503750 | Delta Dist = 8.051 | Delta Dist 10 = 4.272 | Delta Dist 100 = 4.697 | Delta Dist 1000 = 4.417 | Episode Length = 50 | Episode Return = 24.0 | Evaluator Episodes = 7623 | Evaluator Steps = 381150 | Final Dist = 0.552 | Final Dist 10 = 2.249 | Final Dist 100 = 1.560 | Final Dist 1000 = 1.510 | Init Dist = 8.602 | Init Dist 10 = 6.520 | Init Dist 100 = 6.257 | Init Dist 1000 = 5.927 | Learner Steps = 23338 | Learner Walltime = 4600.279 | Min Dist = 0.050 | Min Dist 10 = 0.099 | Min Dist 100 = 0.374 | Min Dist 1000 = 0.289 | Steps Per Second = 78.306 | Success = 1.000 | Success 1000 = 0.984
I0502 16:22:57.809752 139557462840896 terminal.py:91] [Actor] Actor Episodes = 30077 | Actor Steps = 1503850 | Delta Dist = 3.261 | Delta Dist 10 = 4.649 | Delta Dist 100 = 4.753 | Delta Dist 1000 = 4.427 | Episode Length = 50 | Episode Return = 32.0 | Evaluator Episodes = 7623 | Evaluator Steps = 381150 | Final Dist = 1.212 | Final Dist 10 = 2.011 | Final Dist 100 = 1.523 | Final Dist 1000 = 1.505 | Init Dist = 4.472 | Init Dist 10 = 6.660 | Init Dist 100 = 6.276 | Init Dist 1000 = 5.932 | Learner Steps = 23343 | Learner Walltime = 4601.442 | Min Dist = 0.058 | Min Dist 10 = 0.077 | Min Dist 100 = 0.372 | Min Dist 1000 = 0.289 | Steps Per Second = 89.756 | Success = 1.000 | Success 1000 = 0.984
I0502 16:22:57.838992 139579566835264 terminal.py:91] [Evaluator] Actor Episodes = 30080 | Actor Steps = 1504000 | Delta Dist = 11.831 | Delta Dist 10 = 11.788 | Delta Dist 100 = 11.659 | Delta Dist 1000 = 11.758 | Episode Length = 50 | Episode Return = 16.0 | Evaluator Episodes = 7625 | Evaluator Steps = 381250 | Final Dist = 0.975 | Final Dist 10 = 1.019 | Final Dist 100 = 1.147 | Final Dist 1000 = 1.048 | Init Dist = 12.806 | Init Dist 10 = 12.806 | Init Dist 100 = 12.806 | Init Dist 1000 = 12.806 | Learner Steps = 23343 | Learner Walltime = 4601.442 | Min Dist = 0.194 | Min Dist 10 = 0.171 | Min Dist 100 = 0.414 | Min Dist 1000 = 0.375 | Steps Per Second = 93.352 | Success = 1.000 | Success 1000 = 0.962
I0502 16:22:58.961928 139579566835264 terminal.py:91] [Evaluator] Actor Episodes = 30088 | Actor Steps = 1504400 | Delta Dist = 11.367 | Delta Dist 10 = 11.799 | Delta Dist 100 = 11.653 | Delta Dist 1000 = 11.756 | Episode Length = 50 | Episode Return = 25.0 | Evaluator Episodes = 7627 | Evaluator Steps = 381350 | Final Dist = 1.439 | Final Dist 10 = 1.007 | Final Dist 100 = 1.153 | Final Dist 1000 = 1.050 | Init Dist = 12.806 | Init Dist 10 = 12.806 | Init Dist 100 = 12.806 | Init Dist 1000 = 12.806 | Learner Steps = 23349 | Learner Walltime = 4602.516 | Min Dist = 0.102 | Min Dist 10 = 0.145 | Min Dist 100 = 0.412 | Min Dist 1000 = 0.376 | Steps Per Second = 84.388 | Success = 1.000 | Success 1000 = 0.962
I0502 16:22:58.979379 139555013154368 terminal.py:91] [Learner] Actor Episodes = 30082 | Actor Loss = 3.652137041091919 | Actor Steps = 1504100 | Binary Accuracy = 0.9960274696350098 | Categorical Accuracy = 0.41070556640625 | Critic Loss = 1.8320035934448242 | Entropy Mean = -20.06427001953125 | Evaluator Episodes = 7625 | Evaluator Steps = 381250 | Learner Steps = 23353 | Learner Walltime = 4603.174 | Logits Neg = -17.033958435058594 | Logits Pos = -1.8066468238830566 | Logsumexp = 1.1321585178375244 | Steps Per Second = 200.465
I0502 16:23:00.166326 139579566835264 terminal.py:91] [Evaluator] Actor Episodes = 30094 | Actor Steps = 1504700 | Delta Dist = 11.568 | Delta Dist 10 = 11.766 | Delta Dist 100 = 11.652 | Delta Dist 1000 = 11.756 | Episode Length = 50 | Episode Return = 18.0 | Evaluator Episodes = 7629 | Evaluator Steps = 381450 | Final Dist = 1.238 | Final Dist 10 = 1.040 | Final Dist 100 = 1.154 | Final Dist 1000 = 1.050 | Init Dist = 12.806 | Init Dist 10 = 12.806 | Init Dist 100 = 12.806 | Init Dist 1000 = 12.806 | Learner Steps = 23355 | Learner Walltime = 4603.729 | Min Dist = 0.170 | Min Dist 10 = 0.127 | Min Dist 100 = 0.407 | Min Dist 1000 = 0.375 | Steps Per Second = 83.838 | Success = 1.000 | Success 1000 = 0.962
I0502 16:23:01.309187 139579566835264 terminal.py:91] [Evaluator] Actor Episodes = 30102 | Actor Steps = 1505100 | Delta Dist = 11.709 | Delta Dist 10 = 11.814 | Delta Dist 100 = 11.655 | Delta Dist 1000 = 11.756 | Episode Length = 50 | Episode Return = 9.0 | Evaluator Episodes = 7631 | Evaluator Steps = 381550 | Final Dist = 1.098 | Final Dist 10 = 0.993 | Final Dist 100 = 1.152 | Final Dist 1000 = 1.050 | Init Dist = 12.806 | Init Dist 10 = 12.806 | Init Dist 100 = 12.806 | Init Dist 1000 = 12.806 | Learner Steps = 23362 | Learner Walltime = 4604.983 | Min Dist = 0.261 | Min Dist 10 = 0.145 | Min Dist 100 = 0.407 | Min Dist 1000 = 0.375 | Steps Per Second = 91.627 | Success = 1.000 | Success 1000 = 0.962
I0502 16:23:02.463207 139579566835264 terminal.py:91] [Evaluator] Actor Episodes = 30110 | Actor Steps = 1505500 | Delta Dist = 12.438 | Delta Dist 10 = 11.692 | Delta Dist 100 = 11.659 | Delta Dist 1000 = 11.755 | Episode Length = 50 | Episode Return = 29.0 | Evaluator Episodes = 7633 | Evaluator Steps = 381650 | Final Dist = 0.368 | Final Dist 10 = 1.114 | Final Dist 100 = 1.148 | Final Dist 1000 = 1.051 | Init Dist = 12.806 | Init Dist 10 = 12.806 | Init Dist 100 = 12.806 | Init Dist 1000 = 12.806 | Learner Steps = 23368 | Learner Walltime = 4606.032 | Min Dist = 0.122 | Min Dist 10 = 0.164 | Min Dist 100 = 0.398 | Min Dist 1000 = 0.375 | Steps Per Second = 87.066 | Success = 1.000 | Success 1000 = 0.962
I0502 16:23:03.451372 139584504182336 lp_utils.py:96] StepsLimiter: Reached 1505800 recorded steps
I0502 16:23:03.597061 139579566835264 terminal.py:91] [Evaluator] Actor Episodes = 30118 | Actor Steps = 1505900 | Delta Dist = 11.587 | Delta Dist 10 = 11.827 | Delta Dist 100 = 11.733 | Delta Dist 1000 = 11.756 | Episode Length = 50 | Episode Return = 14.0 | Evaluator Episodes = 7635 | Evaluator Steps = 381750 | Final Dist = 1.219 | Final Dist 10 = 0.980 | Final Dist 100 = 1.073 | Final Dist 1000 = 1.050 | Init Dist = 12.806 | Init Dist 10 = 12.806 | Init Dist 100 = 12.806 | Init Dist 1000 = 12.806 | Learner Steps = 23374 | Learner Walltime = 4607.273 | Min Dist = 0.152 | Min Dist 10 = 0.171 | Min Dist 100 = 0.337 | Min Dist 1000 = 0.375 | Steps Per Second = 87.231 | Success = 1.000 | Success 1000 = 0.962
I0502 16:23:04.697182 139584635659840 savers.py:156] Saving checkpoint: logs/contrastive_cpc_point_FourRooms_64/5dd72662-2788-11f0-b183-d85ed38c5779/checkpoints/counter
I0502 16:23:04.799392 139579566835264 terminal.py:91] [Evaluator] Actor Episodes = 30124 | Actor Steps = 1506200 | Delta Dist = 11.338 | Delta Dist 10 = 11.895 | Delta Dist 100 = 11.732 | Delta Dist 1000 = 11.756 | Episode Length = 50 | Episode Return = 3.0 | Evaluator Episodes = 7637 | Evaluator Steps = 381850 | Final Dist = 1.468 | Final Dist 10 = 0.911 | Final Dist 100 = 1.074 | Final Dist 1000 = 1.051 | Init Dist = 12.806 | Init Dist 10 = 12.806 | Init Dist 100 = 12.806 | Init Dist 1000 = 12.806 | Learner Steps = 23381 | Learner Walltime = 4608.498 | Min Dist = 0.571 | Min Dist 10 = 0.164 | Min Dist 100 = 0.339 | Min Dist 1000 = 0.375 | Steps Per Second = 87.004 | Success = 1.000 | Success 1000 = 0.962
I0502 16:23:04.813601 139558059398720 terminal.py:91] [Actor] Actor Episodes = 30126 | Actor Steps = 1506300 | Delta Dist = 6.196 | Delta Dist 10 = 2.657 | Delta Dist 100 = 4.343 | Delta Dist 1000 = 4.399 | Episode Length = 50 | Episode Return = 33.0 | Evaluator Episodes = 7637 | Evaluator Steps = 381850 | Final Dist = 0.128 | Final Dist 10 = 1.591 | Final Dist 100 = 1.771 | Final Dist 1000 = 1.532 | Init Dist = 6.325 | Init Dist 10 = 4.248 | Init Dist 100 = 6.114 | Init Dist 1000 = 5.932 | Learner Steps = 23381 | Learner Walltime = 4608.498 | Min Dist = 0.058 | Min Dist 10 = 0.056 | Min Dist 100 = 0.181 | Min Dist 1000 = 0.282 | Steps Per Second = 80.006 | Success = 1.000 | Success 1000 = 0.984
I0502 16:23:06.052878 139579566835264 terminal.py:91] [Evaluator] Actor Episodes = 30134 | Actor Steps = 1506700 | Delta Dist = 12.467 | Delta Dist 10 = 11.763 | Delta Dist 100 = 11.724 | Delta Dist 1000 = 11.754 | Episode Length = 50 | Episode Return = 20.0 | Evaluator Episodes = 7639 | Evaluator Steps = 381950 | Final Dist = 0.339 | Final Dist 10 = 1.043 | Final Dist 100 = 1.082 | Final Dist 1000 = 1.052 | Init Dist = 12.806 | Init Dist 10 = 12.806 | Init Dist 100 = 12.806 | Init Dist 1000 = 12.806 | Learner Steps = 23387 | Learner Walltime = 4609.544 | Min Dist = 0.144 | Min Dist 10 = 0.228 | Min Dist 100 = 0.345 | Min Dist 1000 = 0.376 | Steps Per Second = 77.598 | Success = 1.000 | Success 1000 = 0.962
I0502 16:23:06.288754 139569349502528 terminal.py:91] [Actor] Actor Episodes = 30136 | Actor Steps = 1506800 | Delta Dist = 7.754 | Delta Dist 10 = 4.943 | Delta Dist 100 = 4.402 | Delta Dist 1000 = 4.404 | Episode Length = 50 | Episode Return = 36.0 | Evaluator Episodes = 7639 | Evaluator Steps = 381950 | Final Dist = 0.309 | Final Dist 10 = 0.739 | Final Dist 100 = 1.624 | Final Dist 1000 = 1.528 | Init Dist = 8.062 | Init Dist 10 = 5.682 | Init Dist 100 = 6.026 | Init Dist 1000 = 5.932 | Learner Steps = 23387 | Learner Walltime = 4609.544 | Min Dist = 0.093 | Min Dist 10 = 0.044 | Min Dist 100 = 0.168 | Min Dist 1000 = 0.282 | Steps Per Second = 77.461 | Success = 1.000 | Success 1000 = 0.986
I0502 16:23:07.318517 139579566835264 terminal.py:91] [Evaluator] Actor Episodes = 30142 | Actor Steps = 1507100 | Delta Dist = 12.146 | Delta Dist 10 = 11.811 | Delta Dist 100 = 11.736 | Delta Dist 1000 = 11.754 | Episode Length = 50 | Episode Return = 23.0 | Evaluator Episodes = 7641 | Evaluator Steps = 382050 | Final Dist = 0.660 | Final Dist 10 = 0.995 | Final Dist 100 = 1.071 | Final Dist 1000 = 1.052 | Init Dist = 12.806 | Init Dist 10 = 12.806 | Init Dist 100 = 12.806 | Init Dist 1000 = 12.806 | Learner Steps = 23391 | Learner Walltime = 4610.590 | Min Dist = 0.182 | Min Dist 10 = 0.216 | Min Dist 100 = 0.347 | Min Dist 1000 = 0.376 | Steps Per Second = 80.013 | Success = 1.000 | Success 1000 = 0.962
I0502 16:23:07.555264 139555860620864 terminal.py:91] [Actor] Actor Episodes = 30144 | Actor Steps = 1507200 | Delta Dist = 0.973 | Delta Dist 10 = 4.965 | Delta Dist 100 = 4.497 | Delta Dist 1000 = 4.397 | Episode Length = 50 | Episode Return = 24.0 | Evaluator Episodes = 7641 | Evaluator Steps = 382050 | Final Dist = 1.027 | Final Dist 10 = 1.131 | Final Dist 100 = 1.552 | Final Dist 1000 = 1.529 | Init Dist = 2.000 | Init Dist 10 = 6.096 | Init Dist 100 = 6.049 | Init Dist 1000 = 5.926 | Learner Steps = 23396 | Learner Walltime = 4611.620 | Min Dist = 0.170 | Min Dist 10 = 0.092 | Min Dist 100 = 0.081 | Min Dist 1000 = 0.282 | Steps Per Second = 84.488 | Success = 1.000 | Success 1000 = 0.986
I0502 16:23:08.071401 139557462840896 terminal.py:91] [Actor] Actor Episodes = 30148 | Actor Steps = 1507400 | Delta Dist = 3.088 | Delta Dist 10 = 4.288 | Delta Dist 100 = 4.399 | Delta Dist 1000 = 4.390 | Episode Length = 50 | Episode Return = 42.0 | Evaluator Episodes = 7641 | Evaluator Steps = 382050 | Final Dist = 0.518 | Final Dist 10 = 2.140 | Final Dist 100 = 1.592 | Final Dist 1000 = 1.530 | Init Dist = 3.606 | Init Dist 10 = 6.428 | Init Dist 100 = 5.992 | Init Dist 1000 = 5.920 | Learner Steps = 23396 | Learner Walltime = 4611.620 | Min Dist = 0.026 | Min Dist 10 = 1.043 | Min Dist 100 = 0.175 | Min Dist 1000 = 0.291 | Steps Per Second = 84.156 | Success = 1.000 | Success 1000 = 0.986
I0502 16:23:08.564903 139579566835264 terminal.py:91] [Evaluator] Actor Episodes = 30150 | Actor Steps = 1507500 | Delta Dist = 11.401 | Delta Dist 10 = 11.787 | Delta Dist 100 = 11.729 | Delta Dist 1000 = 11.753 | Episode Length = 50 | Episode Return = 18.0 | Evaluator Episodes = 7643 | Evaluator Steps = 382150 | Final Dist = 1.405 | Final Dist 10 = 1.020 | Final Dist 100 = 1.078 | Final Dist 1000 = 1.053 | Init Dist = 12.806 | Init Dist 10 = 12.806 | Init Dist 100 = 12.806 | Init Dist 1000 = 12.806 | Learner Steps = 23396 | Learner Walltime = 4611.620 | Min Dist = 0.190 | Min Dist 10 = 0.236 | Min Dist 100 = 0.350 | Min Dist 1000 = 0.376 | Steps Per Second = 76.243 | Success = 1.000 | Success 1000 = 0.962
I0502 16:23:09.222742 139555013154368 terminal.py:91] [Learner] Actor Episodes = 30150 | Actor Loss = 3.7430782318115234 | Actor Steps = 1507500 | Binary Accuracy = 0.9959816932678223 | Categorical Accuracy = 0.41943359375 | Critic Loss = 1.7894450426101685 | Entropy Mean = -20.607770919799805 | Evaluator Episodes = 7643 | Evaluator Steps = 382150 | Learner Steps = 23405 | Learner Walltime = 4613.419 | Logits Neg = -17.51848602294922 | Logits Pos = -1.795275092124939 | Logsumexp = 1.0983980894088745 | Steps Per Second = 210.374
I0502 16:23:09.846347 139579566835264 terminal.py:91] [Evaluator] Actor Episodes = 30158 | Actor Steps = 1507900 | Delta Dist = 12.200 | Delta Dist 10 = 11.742 | Delta Dist 100 = 11.727 | Delta Dist 1000 = 11.753 | Episode Length = 50 | Episode Return = 18.0 | Evaluator Episodes = 7645 | Evaluator Steps = 382250 | Final Dist = 0.606 | Final Dist 10 = 1.065 | Final Dist 100 = 1.080 | Final Dist 1000 = 1.054 | Init Dist = 12.806 | Init Dist 10 = 12.806 | Init Dist 100 = 12.806 | Init Dist 1000 = 12.806 | Learner Steps = 23402 | Learner Walltime = 4612.850 | Min Dist = 0.048 | Min Dist 10 = 0.224 | Min Dist 100 = 0.343 | Min Dist 1000 = 0.376 | Steps Per Second = 75.113 | Success = 1.000 | Success 1000 = 0.962
I0502 16:23:10.538681 139583350109760 savers.py:156] Saving checkpoint: logs/contrastive_cpc_point_FourRooms_64/5dd72662-2788-11f0-b183-d85ed38c5779/checkpoints/learner
I0502 16:23:11.064200 139579566835264 terminal.py:91] [Evaluator] Actor Episodes = 30168 | Actor Steps = 1508400 | Delta Dist = 11.520 | Delta Dist 10 = 11.789 | Delta Dist 100 = 11.718 | Delta Dist 1000 = 11.753 | Episode Length = 50 | Episode Return = 2.0 | Evaluator Episodes = 7647 | Evaluator Steps = 382350 | Final Dist = 1.286 | Final Dist 10 = 1.017 | Final Dist 100 = 1.088 | Final Dist 1000 = 1.054 | Init Dist = 12.806 | Init Dist 10 = 12.806 | Init Dist 100 = 12.806 | Init Dist 1000 = 12.806 | Learner Steps = 23408 | Learner Walltime = 4614.101 | Min Dist = 0.927 | Min Dist 10 = 0.205 | Min Dist 100 = 0.342 | Min Dist 1000 = 0.376 | Steps Per Second = 83.788 | Success = 1.000 | Success 1000 = 0.962
I0502 16:23:12.168985 139579566835264 terminal.py:91] [Evaluator] Actor Episodes = 30172 | Actor Steps = 1508600 | Delta Dist = 12.133 | Delta Dist 10 = 11.847 | Delta Dist 100 = 11.719 | Delta Dist 1000 = 11.752 | Episode Length = 50 | Episode Return = 23.0 | Evaluator Episodes = 7649 | Evaluator Steps = 382450 | Final Dist = 0.674 | Final Dist 10 = 0.960 | Final Dist 100 = 1.087 | Final Dist 1000 = 1.055 | Init Dist = 12.806 | Init Dist 10 = 12.806 | Init Dist 100 = 12.806 | Init Dist 1000 = 12.806 | Learner Steps = 23413 | Learner Walltime = 4615.405 | Min Dist = 0.164 | Min Dist 10 = 0.228 | Min Dist 100 = 0.350 | Min Dist 1000 = 0.376 | Steps Per Second = 87.256 | Success = 1.000 | Success 1000 = 0.962
I0502 16:23:13.329578 139579566835264 terminal.py:91] [Evaluator] Actor Episodes = 30180 | Actor Steps = 1509000 | Delta Dist = 11.633 | Delta Dist 10 = 11.229 | Delta Dist 100 = 11.659 | Delta Dist 1000 = 11.752 | Episode Length = 50 | Episode Return = 23.0 | Evaluator Episodes = 7651 | Evaluator Steps = 382550 | Final Dist = 1.174 | Final Dist 10 = 1.577 | Final Dist 100 = 1.147 | Final Dist 1000 = 1.054 | Init Dist = 12.806 | Init Dist 10 = 12.806 | Init Dist 100 = 12.806 | Init Dist 1000 = 12.806 | Learner Steps = 23421 | Learner Walltime = 4616.538 | Min Dist = 0.294 | Min Dist 10 = 0.909 | Min Dist 100 = 0.417 | Min Dist 1000 = 0.377 | Steps Per Second = 79.221 | Success = 1.000 | Success 1000 = 0.962
I0502 16:23:13.467601 139584504182336 lp_utils.py:96] StepsLimiter: Reached 1509200 recorded steps
I0502 16:23:14.535843 139579566835264 terminal.py:91] [Evaluator] Actor Episodes = 30188 | Actor Steps = 1509400 | Delta Dist = 11.371 | Delta Dist 10 = 11.298 | Delta Dist 100 = 11.668 | Delta Dist 1000 = 11.753 | Episode Length = 50 | Episode Return = 14.0 | Evaluator Episodes = 7653 | Evaluator Steps = 382650 | Final Dist = 1.435 | Final Dist 10 = 1.509 | Final Dist 100 = 1.138 | Final Dist 1000 = 1.054 | Init Dist = 12.806 | Init Dist 10 = 12.806 | Init Dist 100 = 12.806 | Init Dist 1000 = 12.806 | Learner Steps = 23428 | Learner Walltime = 4617.763 | Min Dist = 0.228 | Min Dist 10 = 0.910 | Min Dist 100 = 0.404 | Min Dist 1000 = 0.377 | Steps Per Second = 84.871 | Success = 1.000 | Success 1000 = 0.962
I0502 16:23:15.304215 139558059398720 terminal.py:91] [Actor] Actor Episodes = 30193 | Actor Steps = 1509650 | Delta Dist = 6.107 | Delta Dist 10 = 3.327 | Delta Dist 100 = 3.955 | Delta Dist 1000 = 4.336 | Episode Length = 50 | Episode Return = 24.0 | Evaluator Episodes = 7653 | Evaluator Steps = 382650 | Final Dist = 0.601 | Final Dist 10 = 1.536 | Final Dist 100 = 1.730 | Final Dist 1000 = 1.535 | Init Dist = 6.708 | Init Dist 10 = 4.863 | Init Dist 100 = 5.685 | Init Dist 1000 = 5.871 | Learner Steps = 23428 | Learner Walltime = 4617.763 | Min Dist = 0.342 | Min Dist 10 = 0.063 | Min Dist 100 = 0.364 | Min Dist 1000 = 0.309 | Steps Per Second = 87.391 | Success = 1.000 | Success 1000 = 0.986
I0502 16:23:15.625815 139579566835264 terminal.py:91] [Evaluator] Actor Episodes = 30196 | Actor Steps = 1509800 | Delta Dist = 11.310 | Delta Dist 10 = 11.352 | Delta Dist 100 = 11.674 | Delta Dist 1000 = 11.753 | Episode Length = 50 | Episode Return = 3.0 | Evaluator Episodes = 7655 | Evaluator Steps = 382750 | Final Dist = 1.496 | Final Dist 10 = 1.455 | Final Dist 100 = 1.133 | Final Dist 1000 = 1.053 | Init Dist = 12.806 | Init Dist 10 = 12.806 | Init Dist 100 = 12.806 | Init Dist 1000 = 12.806 | Learner Steps = 23434 | Learner Walltime = 4618.982 | Min Dist = 0.271 | Min Dist 10 = 0.913 | Min Dist 100 = 0.393 | Min Dist 1000 = 0.377 | Steps Per Second = 99.072 | Success = 1.000 | Success 1000 = 0.962
I0502 16:23:16.671317 139569349502528 terminal.py:91] [Actor] Actor Episodes = 30203 | Actor Steps = 1510150 | Delta Dist = 7.737 | Delta Dist 10 = 3.755 | Delta Dist 100 = 4.040 | Delta Dist 1000 = 4.318 | Episode Length = 50 | Episode Return = 30.0 | Evaluator Episodes = 7655 | Evaluator Steps = 382750 | Final Dist = 1.263 | Final Dist 10 = 1.597 | Final Dist 100 = 1.549 | Final Dist 1000 = 1.536 | Init Dist = 9.000 | Init Dist 10 = 5.351 | Init Dist 100 = 5.588 | Init Dist 1000 = 5.854 | Learner Steps = 23434 | Learner Walltime = 4618.982 | Min Dist = 0.144 | Min Dist 10 = 0.114 | Min Dist 100 = 0.369 | Min Dist 1000 = 0.309 | Steps Per Second = 71.415 | Success = 1.000 | Success 1000 = 0.986
I0502 16:23:16.895965 139579566835264 terminal.py:91] [Evaluator] Actor Episodes = 30204 | Actor Steps = 1510200 | Delta Dist = 11.414 | Delta Dist 10 = 11.185 | Delta Dist 100 = 11.662 | Delta Dist 1000 = 11.752 | Episode Length = 50 | Episode Return = 1.0 | Evaluator Episodes = 7657 | Evaluator Steps = 382850 | Final Dist = 1.392 | Final Dist 10 = 1.621 | Final Dist 100 = 1.144 | Final Dist 1000 = 1.054 | Init Dist = 12.806 | Init Dist 10 = 12.806 | Init Dist 100 = 12.806 | Init Dist 1000 = 12.806 | Learner Steps = 23441 | Learner Walltime = 4620.272 | Min Dist = 0.279 | Min Dist 10 = 0.935 | Min Dist 100 = 0.391 | Min Dist 1000 = 0.377 | Steps Per Second = 79.153 | Success = 1.000 | Success 1000 = 0.962
I0502 16:23:17.765972 139555860620864 terminal.py:91] [Actor] Actor Episodes = 30207 | Actor Steps = 1510350 | Delta Dist = 6.548 | Delta Dist 10 = 5.952 | Delta Dist 100 = 3.998 | Delta Dist 1000 = 4.345 | Episode Length = 50 | Episode Return = 30.0 | Evaluator Episodes = 7657 | Evaluator Steps = 382850 | Final Dist = 0.663 | Final Dist 10 = 2.117 | Final Dist 100 = 1.637 | Final Dist 1000 = 1.530 | Init Dist = 7.211 | Init Dist 10 = 8.069 | Init Dist 100 = 5.635 | Init Dist 1000 = 5.875 | Learner Steps = 23441 | Learner Walltime = 4620.272 | Min Dist = 0.028 | Min Dist 10 = 0.143 | Min Dist 100 = 0.378 | Min Dist 1000 = 0.309 | Steps Per Second = 78.444 | Success = 1.000 | Success 1000 = 0.986
I0502 16:23:18.090565 139579566835264 terminal.py:91] [Evaluator] Actor Episodes = 30212 | Actor Steps = 1510600 | Delta Dist = 4.207 | Delta Dist 10 = 11.158 | Delta Dist 100 = 11.656 | Delta Dist 1000 = 11.751 | Episode Length = 50 | Episode Return = 0.0 | Evaluator Episodes = 7659 | Evaluator Steps = 382950 | Final Dist = 8.599 | Final Dist 10 = 1.648 | Final Dist 100 = 1.151 | Final Dist 1000 = 1.055 | Init Dist = 12.806 | Init Dist 10 = 12.806 | Init Dist 100 = 12.806 | Init Dist 1000 = 12.806 | Learner Steps = 23446 | Learner Walltime = 4621.426 | Min Dist = 8.344 | Min Dist 10 = 0.862 | Min Dist 100 = 0.388 | Min Dist 1000 = 0.377 | Steps Per Second = 82.480 | Success = 0.000 | Success 1000 = 0.962
I0502 16:23:18.503958 139557462840896 terminal.py:91] [Actor] Actor Episodes = 30213 | Actor Steps = 1510650 | Delta Dist = 1.886 | Delta Dist 10 = 4.825 | Delta Dist 100 = 3.825 | Delta Dist 1000 = 4.333 | Episode Length = 50 | Episode Return = 38.0 | Evaluator Episodes = 7657 | Evaluator Steps = 382850 | Final Dist = 0.350 | Final Dist 10 = 2.193 | Final Dist 100 = 1.794 | Final Dist 1000 = 1.544 | Init Dist = 2.236 | Init Dist 10 = 7.018 | Init Dist 100 = 5.619 | Init Dist 1000 = 5.877 | Learner Steps = 23446 | Learner Walltime = 4621.426 | Min Dist = 0.002 | Min Dist 10 = 0.103 | Min Dist 100 = 0.376 | Min Dist 1000 = 0.308 | Steps Per Second = 80.864 | Success = 1.000 | Success 1000 = 0.986
I0502 16:23:19.300767 139579566835264 terminal.py:91] [Evaluator] Actor Episodes = 30220 | Actor Steps = 1511000 | Delta Dist = 11.782 | Delta Dist 10 = 10.947 | Delta Dist 100 = 11.582 | Delta Dist 1000 = 11.742 | Episode Length = 50 | Episode Return = 15.0 | Evaluator Episodes = 7661 | Evaluator Steps = 383050 | Final Dist = 1.025 | Final Dist 10 = 1.860 | Final Dist 100 = 1.224 | Final Dist 1000 = 1.064 | Init Dist = 12.806 | Init Dist 10 = 12.806 | Init Dist 100 = 12.806 | Init Dist 1000 = 12.806 | Learner Steps = 23453 | Learner Walltime = 4622.604 | Min Dist = 0.238 | Min Dist 10 = 1.032 | Min Dist 100 = 0.467 | Min Dist 1000 = 0.386 | Steps Per Second = 85.845 | Success = 1.000 | Success 1000 = 0.961
I0502 16:23:19.624005 139555013154368 terminal.py:91] [Learner] Actor Episodes = 30222 | Actor Loss = 3.632380962371826 | Actor Steps = 1511100 | Binary Accuracy = 0.9960746765136719 | Categorical Accuracy = 0.43157958984375 | Critic Loss = 1.7572524547576904 | Entropy Mean = -20.42824363708496 | Evaluator Episodes = 7661 | Evaluator Steps = 383050 | Learner Steps = 23458 | Learner Walltime = 4623.821 | Logits Neg = -17.311918258666992 | Logits Pos = -1.768849492073059 | Logsumexp = 1.2554008960723877 | Steps Per Second = 144.586
I0502 16:23:20.471786 139579566835264 terminal.py:91] [Evaluator] Actor Episodes = 30228 | Actor Steps = 1511400 | Delta Dist = 11.348 | Delta Dist 10 = 10.844 | Delta Dist 100 = 11.582 | Delta Dist 1000 = 11.742 | Episode Length = 50 | Episode Return = 8.0 | Evaluator Episodes = 7663 | Evaluator Steps = 383150 | Final Dist = 1.458 | Final Dist 10 = 1.962 | Final Dist 100 = 1.224 | Final Dist 1000 = 1.064 | Init Dist = 12.806 | Init Dist 10 = 12.806 | Init Dist 100 = 12.806 | Init Dist 1000 = 12.806 | Learner Steps = 23458 | Learner Walltime = 4623.821 | Min Dist = 0.679 | Min Dist 10 = 1.021 | Min Dist 100 = 0.464 | Min Dist 1000 = 0.386 | Steps Per Second = 89.012 | Success = 1.000 | Success 1000 = 0.961
I0502 16:23:21.678059 139579566835264 terminal.py:91] [Evaluator] Actor Episodes = 30236 | Actor Steps = 1511800 | Delta Dist = 11.495 | Delta Dist 10 = 10.729 | Delta Dist 100 = 11.578 | Delta Dist 1000 = 11.742 | Episode Length = 50 | Episode Return = 15.0 | Evaluator Episodes = 7665 | Evaluator Steps = 383250 | Final Dist = 1.311 | Final Dist 10 = 2.077 | Final Dist 100 = 1.228 | Final Dist 1000 = 1.065 | Init Dist = 12.806 | Init Dist 10 = 12.806 | Init Dist 100 = 12.806 | Init Dist 1000 = 12.806 | Learner Steps = 23466 | Learner Walltime = 4625.221 | Min Dist = 0.480 | Min Dist 10 = 1.070 | Min Dist 100 = 0.463 | Min Dist 1000 = 0.386 | Steps Per Second = 88.688 | Success = 1.000 | Success 1000 = 0.961
I0502 16:23:22.979034 139579566835264 terminal.py:91] [Evaluator] Actor Episodes = 30244 | Actor Steps = 1512200 | Delta Dist = 12.362 | Delta Dist 10 = 10.755 | Delta Dist 100 = 11.566 | Delta Dist 1000 = 11.741 | Episode Length = 50 | Episode Return = 22.0 | Evaluator Episodes = 7667 | Evaluator Steps = 383350 | Final Dist = 0.444 | Final Dist 10 = 2.051 | Final Dist 100 = 1.240 | Final Dist 1000 = 1.065 | Init Dist = 12.806 | Init Dist 10 = 12.806 | Init Dist 100 = 12.806 | Init Dist 1000 = 12.806 | Learner Steps = 23471 | Learner Walltime = 4626.255 | Min Dist = 0.033 | Min Dist 10 = 1.138 | Min Dist 100 = 0.471 | Min Dist 1000 = 0.387 | Steps Per Second = 83.109 | Success = 1.000 | Success 1000 = 0.961
I0502 16:23:23.486156 139584504182336 lp_utils.py:96] StepsLimiter: Reached 1512500 recorded steps
I0502 16:23:24.158522 139579566835264 terminal.py:91] [Evaluator] Actor Episodes = 30252 | Actor Steps = 1512600 | Delta Dist = 12.247 | Delta Dist 10 = 10.802 | Delta Dist 100 = 11.567 | Delta Dist 1000 = 11.740 | Episode Length = 50 | Episode Return = 31.0 | Evaluator Episodes = 7669 | Evaluator Steps = 383450 | Final Dist = 0.560 | Final Dist 10 = 2.004 | Final Dist 100 = 1.239 | Final Dist 1000 = 1.066 | Init Dist = 12.806 | Init Dist 10 = 12.806 | Init Dist 100 = 12.806 | Init Dist 1000 = 12.806 | Learner Steps = 23478 | Learner Walltime = 4627.548 | Min Dist = 0.098 | Min Dist 10 = 1.129 | Min Dist 100 = 0.466 | Min Dist 1000 = 0.386 | Steps Per Second = 87.058 | Success = 1.000 | Success 1000 = 0.961
I0502 16:23:25.281939 139579566835264 terminal.py:91] [Evaluator] Actor Episodes = 30260 | Actor Steps = 1513000 | Delta Dist = 11.887 | Delta Dist 10 = 11.556 | Delta Dist 100 = 11.632 | Delta Dist 1000 = 11.739 | Episode Length = 50 | Episode Return = 23.0 | Evaluator Episodes = 7671 | Evaluator Steps = 383550 | Final Dist = 0.919 | Final Dist 10 = 1.251 | Final Dist 100 = 1.174 | Final Dist 1000 = 1.067 | Init Dist = 12.806 | Init Dist 10 = 12.806 | Init Dist 100 = 12.806 | Init Dist 1000 = 12.806 | Learner Steps = 23484 | Learner Walltime = 4628.582 | Min Dist = 0.160 | Min Dist 10 = 0.281 | Min Dist 100 = 0.399 | Min Dist 1000 = 0.387 | Steps Per Second = 89.561 | Success = 1.000 | Success 1000 = 0.961
I0502 16:23:25.737219 139558059398720 terminal.py:91] [Actor] Actor Episodes = 30264 | Actor Steps = 1513200 | Delta Dist = 7.445 | Delta Dist 10 = 3.805 | Delta Dist 100 = 3.919 | Delta Dist 1000 = 4.333 | Episode Length = 50 | Episode Return = 32.0 | Evaluator Episodes = 7671 | Evaluator Steps = 383550 | Final Dist = 0.555 | Final Dist 10 = 1.868 | Final Dist 100 = 1.414 | Final Dist 1000 = 1.514 | Init Dist = 8.000 | Init Dist 10 = 5.673 | Init Dist 100 = 5.333 | Init Dist 1000 = 5.847 | Learner Steps = 23484 | Learner Walltime = 4628.582 | Min Dist = 0.038 | Min Dist 10 = 0.188 | Min Dist 100 = 0.222 | Min Dist 1000 = 0.281 | Steps Per Second = 85.283 | Success = 1.000 | Success 1000 = 0.988
I0502 16:23:26.460619 139579566835264 terminal.py:91] [Evaluator] Actor Episodes = 30268 | Actor Steps = 1513400 | Delta Dist = 12.266 | Delta Dist 10 = 11.631 | Delta Dist 100 = 11.625 | Delta Dist 1000 = 11.739 | Episode Length = 50 | Episode Return = 6.0 | Evaluator Episodes = 7673 | Evaluator Steps = 383650 | Final Dist = 0.540 | Final Dist 10 = 1.175 | Final Dist 100 = 1.181 | Final Dist 1000 = 1.067 | Init Dist = 12.806 | Init Dist 10 = 12.806 | Init Dist 100 = 12.806 | Init Dist 1000 = 12.806 | Learner Steps = 23490 | Learner Walltime = 4630.023 | Min Dist = 0.540 | Min Dist 10 = 0.256 | Min Dist 100 = 0.397 | Min Dist 1000 = 0.386 | Steps Per Second = 91.691 | Success = 1.000 | Success 1000 = 0.961
I0502 16:23:26.974082 139569349502528 terminal.py:91] [Actor] Actor Episodes = 30274 | Actor Steps = 1513700 | Delta Dist = 3.489 | Delta Dist 10 = 6.082 | Delta Dist 100 = 4.234 | Delta Dist 1000 = 4.358 | Episode Length = 50 | Episode Return = 40.0 | Evaluator Episodes = 7673 | Evaluator Steps = 383650 | Final Dist = 0.634 | Final Dist 10 = 0.936 | Final Dist 100 = 1.419 | Final Dist 1000 = 1.502 | Init Dist = 4.123 | Init Dist 10 = 7.018 | Init Dist 100 = 5.652 | Init Dist 1000 = 5.860 | Learner Steps = 23490 | Learner Walltime = 4630.023 | Min Dist = 0.163 | Min Dist 10 = 0.125 | Min Dist 100 = 0.227 | Min Dist 1000 = 0.281 | Steps Per Second = 86.595 | Success = 1.000 | Success 1000 = 0.988
I0502 16:23:27.648396 139579566835264 terminal.py:91] [Evaluator] Actor Episodes = 30276 | Actor Steps = 1513800 | Delta Dist = 12.367 | Delta Dist 10 = 11.744 | Delta Dist 100 = 11.625 | Delta Dist 1000 = 11.740 | Episode Length = 50 | Episode Return = 35.0 | Evaluator Episodes = 7675 | Evaluator Steps = 383750 | Final Dist = 0.439 | Final Dist 10 = 1.063 | Final Dist 100 = 1.182 | Final Dist 1000 = 1.067 | Init Dist = 12.806 | Init Dist 10 = 12.806 | Init Dist 100 = 12.806 | Init Dist 1000 = 12.806 | Learner Steps = 23497 | Learner Walltime = 4631.205 | Min Dist = 0.439 | Min Dist 10 = 0.267 | Min Dist 100 = 0.405 | Min Dist 1000 = 0.387 | Steps Per Second = 80.200 | Success = 1.000 | Success 1000 = 0.961
I0502 16:23:27.835247 139555860620864 terminal.py:91] [Actor] Actor Episodes = 30278 | Actor Steps = 1513900 | Delta Dist = 5.328 | Delta Dist 10 = 5.268 | Delta Dist 100 = 4.263 | Delta Dist 1000 = 4.350 | Episode Length = 50 | Episode Return = 38.0 | Evaluator Episodes = 7675 | Evaluator Steps = 383750 | Final Dist = 0.672 | Final Dist 10 = 0.882 | Final Dist 100 = 1.359 | Final Dist 1000 = 1.502 | Init Dist = 6.000 | Init Dist 10 = 6.150 | Init Dist 100 = 5.622 | Init Dist 1000 = 5.851 | Learner Steps = 23497 | Learner Walltime = 4631.205 | Min Dist = 0.013 | Min Dist 10 = 0.205 | Min Dist 100 = 0.198 | Min Dist 1000 = 0.283 | Steps Per Second = 78.564 | Success = 1.000 | Success 1000 = 0.989
I0502 16:23:28.831385 139579566835264 terminal.py:91] [Evaluator] Actor Episodes = 30282 | Actor Steps = 1514100 | Delta Dist = 11.889 | Delta Dist 10 = 11.925 | Delta Dist 100 = 11.635 | Delta Dist 1000 = 11.741 | Episode Length = 50 | Episode Return = 19.0 | Evaluator Episodes = 7677 | Evaluator Steps = 383850 | Final Dist = 0.917 | Final Dist 10 = 0.881 | Final Dist 100 = 1.172 | Final Dist 1000 = 1.066 | Init Dist = 12.806 | Init Dist 10 = 12.806 | Init Dist 100 = 12.806 | Init Dist 1000 = 12.806 | Learner Steps = 23503 | Learner Walltime = 4632.555 | Min Dist = 0.195 | Min Dist 10 = 0.229 | Min Dist 100 = 0.408 | Min Dist 1000 = 0.387 | Steps Per Second = 94.045 | Success = 1.000 | Success 1000 = 0.961
I0502 16:23:28.858696 139557462840896 terminal.py:91] [Actor] Actor Episodes = 30284 | Actor Steps = 1514200 | Delta Dist = 9.299 | Delta Dist 10 = 4.582 | Delta Dist 100 = 4.257 | Delta Dist 1000 = 4.342 | Episode Length = 50 | Episode Return = 40.0 | Evaluator Episodes = 7677 | Evaluator Steps = 383850 | Final Dist = 0.188 | Final Dist 10 = 1.911 | Final Dist 100 = 1.422 | Final Dist 1000 = 1.503 | Init Dist = 9.487 | Init Dist 10 = 6.492 | Init Dist 100 = 5.679 | Init Dist 1000 = 5.846 | Learner Steps = 23503 | Learner Walltime = 4632.555 | Min Dist = 0.099 | Min Dist 10 = 0.083 | Min Dist 100 = 0.110 | Min Dist 1000 = 0.282 | Steps Per Second = 88.179 | Success = 1.000 | Success 1000 = 0.989
I0502 16:23:30.090439 139555013154368 terminal.py:91] [Learner] Actor Episodes = 30290 | Actor Loss = 3.687190532684326 | Actor Steps = 1514500 | Binary Accuracy = 0.996086835861206 | Categorical Accuracy = 0.4254150390625 | Critic Loss = 1.7790772914886475 | Entropy Mean = -19.78607177734375 | Evaluator Episodes = 7677 | Evaluator Steps = 383850 | Learner Steps = 23512 | Learner Walltime = 4634.281 | Logits Neg = -17.288557052612305 | Logits Pos = -1.7619903087615967 | Logsumexp = 1.014207363128662 | Steps Per Second = 134.040
I0502 16:23:30.127426 139579566835264 terminal.py:91] [Evaluator] Actor Episodes = 30292 | Actor Steps = 1514600 | Delta Dist = 11.993 | Delta Dist 10 = 11.949 | Delta Dist 100 = 11.642 | Delta Dist 1000 = 11.740 | Episode Length = 50 | Episode Return = 14.0 | Evaluator Episodes = 7679 | Evaluator Steps = 383950 | Final Dist = 0.813 | Final Dist 10 = 0.857 | Final Dist 100 = 1.164 | Final Dist 1000 = 1.066 | Init Dist = 12.806 | Init Dist 10 = 12.806 | Init Dist 100 = 12.806 | Init Dist 1000 = 12.806 | Learner Steps = 23509 | Learner Walltime = 4633.701 | Min Dist = 0.354 | Min Dist 10 = 0.232 | Min Dist 100 = 0.409 | Min Dist 1000 = 0.387 | Steps Per Second = 83.185 | Success = 1.000 | Success 1000 = 0.961
I0502 16:23:31.320006 139579566835264 terminal.py:91] [Evaluator] Actor Episodes = 30300 | Actor Steps = 1515000 | Delta Dist = 11.737 | Delta Dist 10 = 12.037 | Delta Dist 100 = 11.647 | Delta Dist 1000 = 11.740 | Episode Length = 50 | Episode Return = 23.0 | Evaluator Episodes = 7681 | Evaluator Steps = 384050 | Final Dist = 1.070 | Final Dist 10 = 0.769 | Final Dist 100 = 1.159 | Final Dist 1000 = 1.067 | Init Dist = 12.806 | Init Dist 10 = 12.806 | Init Dist 100 = 12.806 | Init Dist 1000 = 12.806 | Learner Steps = 23515 | Learner Walltime = 4634.877 | Min Dist = 0.156 | Min Dist 10 = 0.259 | Min Dist 100 = 0.410 | Min Dist 1000 = 0.387 | Steps Per Second = 85.447 | Success = 1.000 | Success 1000 = 0.961
I0502 16:23:32.428655 139579566835264 terminal.py:91] [Evaluator] Actor Episodes = 30306 | Actor Steps = 1515300 | Delta Dist = 11.770 | Delta Dist 10 = 11.989 | Delta Dist 100 = 11.641 | Delta Dist 1000 = 11.738 | Episode Length = 50 | Episode Return = 11.0 | Evaluator Episodes = 7683 | Evaluator Steps = 384150 | Final Dist = 1.037 | Final Dist 10 = 0.817 | Final Dist 100 = 1.165 | Final Dist 1000 = 1.068 | Init Dist = 12.806 | Init Dist 10 = 12.806 | Init Dist 100 = 12.806 | Init Dist 1000 = 12.806 | Learner Steps = 23522 | Learner Walltime = 4636.115 | Min Dist = 0.379 | Min Dist 10 = 0.264 | Min Dist 100 = 0.407 | Min Dist 1000 = 0.387 | Steps Per Second = 94.925 | Success = 1.000 | Success 1000 = 0.961
I0502 16:23:33.504289 139584504182336 lp_utils.py:96] StepsLimiter: Reached 1515700 recorded steps
I0502 16:23:33.559473 139579566835264 terminal.py:91] [Evaluator] Actor Episodes = 30314 | Actor Steps = 1515700 | Delta Dist = 11.899 | Delta Dist 10 = 11.875 | Delta Dist 100 = 11.642 | Delta Dist 1000 = 11.738 | Episode Length = 50 | Episode Return = 32.0 | Evaluator Episodes = 7685 | Evaluator Steps = 384250 | Final Dist = 0.907 | Final Dist 10 = 0.931 | Final Dist 100 = 1.165 | Final Dist 1000 = 1.069 | Init Dist = 12.806 | Init Dist 10 = 12.806 | Init Dist 100 = 12.806 | Init Dist 1000 = 12.806 | Learner Steps = 23529 | Learner Walltime = 4637.537 | Min Dist = 0.291 | Min Dist 10 = 0.228 | Min Dist 100 = 0.409 | Min Dist 1000 = 0.387 | Steps Per Second = 92.328 | Success = 1.000 | Success 1000 = 0.961
I0502 16:23:34.681916 139579566835264 terminal.py:91] [Evaluator] Actor Episodes = 30322 | Actor Steps = 1516100 | Delta Dist = 11.434 | Delta Dist 10 = 11.692 | Delta Dist 100 = 11.633 | Delta Dist 1000 = 11.736 | Episode Length = 50 | Episode Return = 10.0 | Evaluator Episodes = 7687 | Evaluator Steps = 384350 | Final Dist = 1.372 | Final Dist 10 = 1.114 | Final Dist 100 = 1.173 | Final Dist 1000 = 1.070 | Init Dist = 12.806 | Init Dist 10 = 12.806 | Init Dist 100 = 12.806 | Init Dist 1000 = 12.806 | Learner Steps = 23536 | Learner Walltime = 4638.798 | Min Dist = 0.155 | Min Dist 10 = 0.211 | Min Dist 100 = 0.404 | Min Dist 1000 = 0.387 | Steps Per Second = 76.405 | Success = 1.000 | Success 1000 = 0.961
I0502 16:23:35.933359 139579566835264 terminal.py:91] [Evaluator] Actor Episodes = 30330 | Actor Steps = 1516500 | Delta Dist = 5.371 | Delta Dist 10 = 11.644 | Delta Dist 100 = 11.619 | Delta Dist 1000 = 11.735 | Episode Length = 50 | Episode Return = 0.0 | Evaluator Episodes = 7689 | Evaluator Steps = 384450 | Final Dist = 7.435 | Final Dist 10 = 1.162 | Final Dist 100 = 1.188 | Final Dist 1000 = 1.071 | Init Dist = 12.806 | Init Dist 10 = 12.806 | Init Dist 100 = 12.806 | Init Dist 1000 = 12.806 | Learner Steps = 23541 | Learner Walltime = 4639.994 | Min Dist = 6.468 | Min Dist 10 = 0.217 | Min Dist 100 = 0.403 | Min Dist 1000 = 0.387 | Steps Per Second = 78.316 | Success = 0.000 | Success 1000 = 0.961
I0502 16:23:36.132167 139558059398720 terminal.py:91] [Actor] Actor Episodes = 30329 | Actor Steps = 1516450 | Delta Dist = 7.001 | Delta Dist 10 = 4.121 | Delta Dist 100 = 4.124 | Delta Dist 1000 = 4.300 | Episode Length = 50 | Episode Return = 33.0 | Evaluator Episodes = 7687 | Evaluator Steps = 384350 | Final Dist = 0.070 | Final Dist 10 = 1.377 | Final Dist 100 = 1.624 | Final Dist 1000 = 1.526 | Init Dist = 7.071 | Init Dist 10 = 5.498 | Init Dist 100 = 5.748 | Init Dist 1000 = 5.825 | Learner Steps = 23536 | Learner Walltime = 4638.798 | Min Dist = 0.041 | Min Dist 10 = 0.042 | Min Dist 100 = 0.231 | Min Dist 1000 = 0.270 | Steps Per Second = 84.204 | Success = 1.000 | Success 1000 = 0.989
I0502 16:23:37.097469 139579566835264 terminal.py:91] [Evaluator] Actor Episodes = 30338 | Actor Steps = 1516900 | Delta Dist = 12.403 | Delta Dist 10 = 11.023 | Delta Dist 100 = 11.561 | Delta Dist 1000 = 11.729 | Episode Length = 50 | Episode Return = 21.0 | Evaluator Episodes = 7691 | Evaluator Steps = 384550 | Final Dist = 0.404 | Final Dist 10 = 1.784 | Final Dist 100 = 1.245 | Final Dist 1000 = 1.077 | Init Dist = 12.806 | Init Dist 10 = 12.806 | Init Dist 100 = 12.806 | Init Dist 1000 = 12.806 | Learner Steps = 23547 | Learner Walltime = 4641.038 | Min Dist = 0.066 | Min Dist 10 = 0.819 | Min Dist 100 = 0.468 | Min Dist 1000 = 0.393 | Steps Per Second = 83.022 | Success = 1.000 | Success 1000 = 0.960
I0502 16:23:37.430758 139569349502528 terminal.py:91] [Actor] Actor Episodes = 30339 | Actor Steps = 1516950 | Delta Dist = -4.444 | Delta Dist 10 = 6.106 | Delta Dist 100 = 4.360 | Delta Dist 1000 = 4.323 | Episode Length = 50 | Episode Return = 0.0 | Evaluator Episodes = 7689 | Evaluator Steps = 384450 | Final Dist = 11.152 | Final Dist 10 = 0.811 | Final Dist 100 = 1.512 | Final Dist 1000 = 1.516 | Init Dist = 6.708 | Init Dist 10 = 6.917 | Init Dist 100 = 5.872 | Init Dist 1000 = 5.839 | Learner Steps = 23547 | Learner Walltime = 4641.038 | Min Dist = 0.122 | Min Dist 10 = 0.040 | Min Dist 100 = 0.228 | Min Dist 1000 = 0.259 | Steps Per Second = 95.031 | Success = 1.000 | Success 1000 = 0.989
I0502 16:23:38.221869 139555860620864 terminal.py:91] [Actor] Actor Episodes = 30343 | Actor Steps = 1517150 | Delta Dist = 10.643 | Delta Dist 10 = 6.267 | Delta Dist 100 = 4.521 | Delta Dist 1000 = 4.329 | Episode Length = 50 | Episode Return = 32.0 | Evaluator Episodes = 7691 | Evaluator Steps = 384550 | Final Dist = 1.399 | Final Dist 10 = 1.278 | Final Dist 100 = 1.550 | Final Dist 1000 = 1.525 | Init Dist = 12.042 | Init Dist 10 = 7.545 | Init Dist 100 = 6.071 | Init Dist 1000 = 5.853 | Learner Steps = 23547 | Learner Walltime = 4641.038 | Min Dist = 0.134 | Min Dist 10 = 0.089 | Min Dist 100 = 0.230 | Min Dist 1000 = 0.259 | Steps Per Second = 81.825 | Success = 1.000 | Success 1000 = 0.989
I0502 16:23:38.307209 139579566835264 terminal.py:91] [Evaluator] Actor Episodes = 30346 | Actor Steps = 1517300 | Delta Dist = 11.892 | Delta Dist 10 = 11.134 | Delta Dist 100 = 11.572 | Delta Dist 1000 = 11.729 | Episode Length = 50 | Episode Return = 17.0 | Evaluator Episodes = 7693 | Evaluator Steps = 384650 | Final Dist = 0.915 | Final Dist 10 = 1.673 | Final Dist 100 = 1.234 | Final Dist 1000 = 1.077 | Init Dist = 12.806 | Init Dist 10 = 12.806 | Init Dist 100 = 12.806 | Init Dist 1000 = 12.806 | Learner Steps = 23553 | Learner Walltime = 4642.299 | Min Dist = 0.561 | Min Dist 10 = 0.805 | Min Dist 100 = 0.465 | Min Dist 1000 = 0.393 | Steps Per Second = 84.870 | Success = 1.000 | Success 1000 = 0.960
I0502 16:23:39.467754 139557462840896 terminal.py:91] [Actor] Actor Episodes = 30349 | Actor Steps = 1517450 | Delta Dist = -5.973 | Delta Dist 10 = 4.863 | Delta Dist 100 = 4.499 | Delta Dist 1000 = 4.329 | Episode Length = 50 | Episode Return = 0.0 | Evaluator Episodes = 7693 | Evaluator Steps = 384650 | Final Dist = 5.973 | Final Dist 10 = 1.927 | Final Dist 100 = 1.703 | Final Dist 1000 = 1.533 | Init Dist = 0.000 | Init Dist 10 = 6.791 | Init Dist 100 = 6.202 | Init Dist 1000 = 5.862 | Learner Steps = 23553 | Learner Walltime = 4642.299 | Min Dist = 0.000 | Min Dist 10 = 0.096 | Min Dist 100 = 0.229 | Min Dist 1000 = 0.258 | Steps Per Second = 75.388 | Success = 1.000 | Success 1000 = 0.990
I0502 16:23:39.583196 139579566835264 terminal.py:91] [Evaluator] Actor Episodes = 30354 | Actor Steps = 1517700 | Delta Dist = 12.375 | Delta Dist 10 = 11.231 | Delta Dist 100 = 11.581 | Delta Dist 1000 = 11.731 | Episode Length = 50 | Episode Return = 21.0 | Evaluator Episodes = 7695 | Evaluator Steps = 384750 | Final Dist = 0.431 | Final Dist 10 = 1.575 | Final Dist 100 = 1.226 | Final Dist 1000 = 1.076 | Init Dist = 12.806 | Init Dist 10 = 12.806 | Init Dist 100 = 12.806 | Init Dist 1000 = 12.806 | Learner Steps = 23559 | Learner Walltime = 4643.616 | Min Dist = 0.105 | Min Dist 10 = 0.811 | Min Dist 100 = 0.467 | Min Dist 1000 = 0.393 | Steps Per Second = 79.503 | Success = 1.000 | Success 1000 = 0.960
I0502 16:23:40.104922 139555013154368 terminal.py:91] [Learner] Actor Episodes = 30354 | Actor Loss = 3.7041962146759033 | Actor Steps = 1517700 | Binary Accuracy = 0.9961156845092773 | Categorical Accuracy = 0.41912841796875 | Critic Loss = 1.802225112915039 | Entropy Mean = -18.421707153320312 | Evaluator Episodes = 7693 | Evaluator Steps = 384650 | Learner Steps = 23564 | Learner Walltime = 4644.304 | Logits Neg = -17.60765838623047 | Logits Pos = -1.7967753410339355 | Logsumexp = 1.0639755725860596 | Steps Per Second = 954.658
I0502 16:23:40.726660 139579566835264 terminal.py:91] [Evaluator] Actor Episodes = 30362 | Actor Steps = 1518100 | Delta Dist = 12.525 | Delta Dist 10 = 11.330 | Delta Dist 100 = 11.577 | Delta Dist 1000 = 11.731 | Episode Length = 50 | Episode Return = 3.0 | Evaluator Episodes = 7697 | Evaluator Steps = 384850 | Final Dist = 0.281 | Final Dist 10 = 1.476 | Final Dist 100 = 1.229 | Final Dist 1000 = 1.075 | Init Dist = 12.806 | Init Dist 10 = 12.806 | Init Dist 100 = 12.806 | Init Dist 1000 = 12.806 | Learner Steps = 23566 | Learner Walltime = 4644.749 | Min Dist = 0.281 | Min Dist 10 = 0.832 | Min Dist 100 = 0.472 | Min Dist 1000 = 0.393 | Steps Per Second = 86.644 | Success = 1.000 | Success 1000 = 0.960
I0502 16:23:41.923396 139579566835264 terminal.py:91] [Evaluator] Actor Episodes = 30370 | Actor Steps = 1518500 | Delta Dist = 11.789 | Delta Dist 10 = 11.395 | Delta Dist 100 = 11.629 | Delta Dist 1000 = 11.731 | Episode Length = 50 | Episode Return = 13.0 | Evaluator Episodes = 7699 | Evaluator Steps = 384950 | Final Dist = 1.017 | Final Dist 10 = 1.411 | Final Dist 100 = 1.177 | Final Dist 1000 = 1.075 | Init Dist = 12.806 | Init Dist 10 = 12.806 | Init Dist 100 = 12.806 | Init Dist 1000 = 12.806 | Learner Steps = 23566 | Learner Walltime = 4644.749 | Min Dist = 0.390 | Min Dist 10 = 0.858 | Min Dist 100 = 0.425 | Min Dist 1000 = 0.393 | Steps Per Second = 89.541 | Success = 1.000 | Success 1000 = 0.960
I0502 16:23:43.055277 139579566835264 terminal.py:91] [Evaluator] Actor Episodes = 30378 | Actor Steps = 1518900 | Delta Dist = 11.724 | Delta Dist 10 = 11.397 | Delta Dist 100 = 11.568 | Delta Dist 1000 = 11.725 | Episode Length = 50 | Episode Return = 23.0 | Evaluator Episodes = 7701 | Evaluator Steps = 385050 | Final Dist = 1.083 | Final Dist 10 = 1.409 | Final Dist 100 = 1.238 | Final Dist 1000 = 1.081 | Init Dist = 12.806 | Init Dist 10 = 12.806 | Init Dist 100 = 12.806 | Init Dist 1000 = 12.806 | Learner Steps = 23579 | Learner Walltime = 4647.254 | Min Dist = 0.073 | Min Dist 10 = 0.868 | Min Dist 100 = 0.490 | Min Dist 1000 = 0.400 | Steps Per Second = 84.230 | Success = 1.000 | Success 1000 = 0.959
I0502 16:23:43.524292 139584504182336 lp_utils.py:96] StepsLimiter: Reached 1518900 recorded steps
I0502 16:23:44.283588 139579566835264 terminal.py:91] [Evaluator] Actor Episodes = 30386 | Actor Steps = 1519300 | Delta Dist = 12.455 | Delta Dist 10 = 11.329 | Delta Dist 100 = 11.570 | Delta Dist 1000 = 11.724 | Episode Length = 50 | Episode Return = 26.0 | Evaluator Episodes = 7703 | Evaluator Steps = 385150 | Final Dist = 0.351 | Final Dist 10 = 1.478 | Final Dist 100 = 1.236 | Final Dist 1000 = 1.082 | Init Dist = 12.806 | Init Dist 10 = 12.806 | Init Dist 100 = 12.806 | Init Dist 1000 = 12.806 | Learner Steps = 23579 | Learner Walltime = 4647.254 | Min Dist = 0.024 | Min Dist 10 = 0.908 | Min Dist 100 = 0.490 | Min Dist 1000 = 0.400 | Steps Per Second = 80.866 | Success = 1.000 | Success 1000 = 0.959
I0502 16:23:45.485923 139579566835264 terminal.py:91] [Evaluator] Actor Episodes = 30394 | Actor Steps = 1519700 | Delta Dist = 11.538 | Delta Dist 10 = 11.367 | Delta Dist 100 = 11.579 | Delta Dist 1000 = 11.725 | Episode Length = 50 | Episode Return = 15.0 | Evaluator Episodes = 7705 | Evaluator Steps = 385250 | Final Dist = 1.269 | Final Dist 10 = 1.440 | Final Dist 100 = 1.227 | Final Dist 1000 = 1.081 | Init Dist = 12.806 | Init Dist 10 = 12.806 | Init Dist 100 = 12.806 | Init Dist 1000 = 12.806 | Learner Steps = 23586 | Learner Walltime = 4648.557 | Min Dist = 0.004 | Min Dist 10 = 0.860 | Min Dist 100 = 0.484 | Min Dist 1000 = 0.400 | Steps Per Second = 86.849 | Success = 1.000 | Success 1000 = 0.959
I0502 16:23:46.564761 139558059398720 terminal.py:91] [Actor] Actor Episodes = 30400 | Actor Steps = 1520000 | Delta Dist = 3.137 | Delta Dist 10 = 5.716 | Delta Dist 100 = 4.297 | Delta Dist 1000 = 4.326 | Episode Length = 50 | Episode Return = 26.0 | Evaluator Episodes = 7705 | Evaluator Steps = 385250 | Final Dist = 0.468 | Final Dist 10 = 1.047 | Final Dist 100 = 1.358 | Final Dist 1000 = 1.528 | Init Dist = 3.606 | Init Dist 10 = 6.763 | Init Dist 100 = 5.655 | Init Dist 1000 = 5.854 | Learner Steps = 23592 | Learner Walltime = 4649.717 | Min Dist = 0.016 | Min Dist 10 = 0.160 | Min Dist 100 = 0.189 | Min Dist 1000 = 0.252 | Steps Per Second = 88.188 | Success = 1.000 | Success 1000 = 0.989
I0502 16:23:46.575451 139579566835264 terminal.py:91] [Evaluator] Actor Episodes = 30400 | Actor Steps = 1520000 | Delta Dist = 11.464 | Delta Dist 10 = 11.298 | Delta Dist 100 = 11.568 | Delta Dist 1000 = 11.724 | Episode Length = 50 | Episode Return = 11.0 | Evaluator Episodes = 7707 | Evaluator Steps = 385350 | Final Dist = 1.342 | Final Dist 10 = 1.509 | Final Dist 100 = 1.238 | Final Dist 1000 = 1.082 | Init Dist = 12.806 | Init Dist 10 = 12.806 | Init Dist 100 = 12.806 | Init Dist 1000 = 12.806 | Learner Steps = 23592 | Learner Walltime = 4649.717 | Min Dist = 0.373 | Min Dist 10 = 0.819 | Min Dist 100 = 0.483 | Min Dist 1000 = 0.400 | Steps Per Second = 87.667 | Success = 1.000 | Success 1000 = 0.959
I0502 16:23:47.767574 139579566835264 terminal.py:91] [Evaluator] Actor Episodes = 30406 | Actor Steps = 1520300 | Delta Dist = 11.112 | Delta Dist 10 = 11.288 | Delta Dist 100 = 11.565 | Delta Dist 1000 = 11.724 | Episode Length = 50 | Episode Return = 0.0 | Evaluator Episodes = 7709 | Evaluator Steps = 385450 | Final Dist = 1.694 | Final Dist 10 = 1.518 | Final Dist 100 = 1.241 | Final Dist 1000 = 1.082 | Init Dist = 12.806 | Init Dist 10 = 12.806 | Init Dist 100 = 12.806 | Init Dist 1000 = 12.806 | Learner Steps = 23597 | Learner Walltime = 4650.855 | Min Dist = 1.694 | Min Dist 10 = 0.814 | Min Dist 100 = 0.486 | Min Dist 1000 = 0.400 | Steps Per Second = 82.449 | Success = 0.000 | Success 1000 = 0.959
I0502 16:23:47.889366 139569349502528 terminal.py:91] [Actor] Actor Episodes = 30410 | Actor Steps = 1520500 | Delta Dist = 2.360 | Delta Dist 10 = 4.023 | Delta Dist 100 = 4.163 | Delta Dist 1000 = 4.328 | Episode Length = 50 | Episode Return = 32.0 | Evaluator Episodes = 7709 | Evaluator Steps = 385450 | Final Dist = 0.640 | Final Dist 10 = 0.553 | Final Dist 100 = 1.330 | Final Dist 1000 = 1.507 | Init Dist = 3.000 | Init Dist 10 = 4.576 | Init Dist 100 = 5.493 | Init Dist 1000 = 5.835 | Learner Steps = 23597 | Learner Walltime = 4650.855 | Min Dist = 0.201 | Min Dist 10 = 0.137 | Min Dist 100 = 0.194 | Min Dist 1000 = 0.251 | Steps Per Second = 82.650 | Success = 1.000 | Success 1000 = 0.989
I0502 16:23:48.270726 139555860620864 terminal.py:91] [Actor] Actor Episodes = 30412 | Actor Steps = 1520600 | Delta Dist = 5.855 | Delta Dist 10 = 3.584 | Delta Dist 100 = 4.169 | Delta Dist 1000 = 4.323 | Episode Length = 50 | Episode Return = 45.0 | Evaluator Episodes = 7709 | Evaluator Steps = 385450 | Final Dist = 0.470 | Final Dist 10 = 0.931 | Final Dist 100 = 1.298 | Final Dist 1000 = 1.509 | Init Dist = 6.325 | Init Dist 10 = 4.516 | Init Dist 100 = 5.467 | Init Dist 1000 = 5.832 | Learner Steps = 23604 | Learner Walltime = 4652.153 | Min Dist = 0.006 | Min Dist 10 = 0.155 | Min Dist 100 = 0.181 | Min Dist 1000 = 0.251 | Steps Per Second = 88.379 | Success = 1.000 | Success 1000 = 0.990
I0502 16:23:48.931008 139579566835264 terminal.py:91] [Evaluator] Actor Episodes = 30414 | Actor Steps = 1520700 | Delta Dist = 12.107 | Delta Dist 10 = 11.877 | Delta Dist 100 = 11.558 | Delta Dist 1000 = 11.724 | Episode Length = 50 | Episode Return = 28.0 | Evaluator Episodes = 7711 | Evaluator Steps = 385550 | Final Dist = 0.699 | Final Dist 10 = 0.930 | Final Dist 100 = 1.248 | Final Dist 1000 = 1.083 | Init Dist = 12.806 | Init Dist 10 = 12.806 | Init Dist 100 = 12.806 | Init Dist 1000 = 12.806 | Learner Steps = 23604 | Learner Walltime = 4652.153 | Min Dist = 0.041 | Min Dist 10 = 0.318 | Min Dist 100 = 0.500 | Min Dist 1000 = 0.401 | Steps Per Second = 83.516 | Success = 1.000 | Success 1000 = 0.958
I0502 16:23:49.608197 139557462840896 terminal.py:91] [Actor] Actor Episodes = 30422 | Actor Steps = 1521100 | Delta Dist = 3.153 | Delta Dist 10 = 2.867 | Delta Dist 100 = 4.173 | Delta Dist 1000 = 4.318 | Episode Length = 50 | Episode Return = 41.0 | Evaluator Episodes = 7711 | Evaluator Steps = 385550 | Final Dist = 0.453 | Final Dist 10 = 1.238 | Final Dist 100 = 1.298 | Final Dist 1000 = 1.487 | Init Dist = 3.606 | Init Dist 10 = 4.105 | Init Dist 100 = 5.471 | Init Dist 1000 = 5.805 | Learner Steps = 23610 | Learner Walltime = 4653.176 | Min Dist = 0.115 | Min Dist 10 = 0.063 | Min Dist 100 = 0.179 | Min Dist 1000 = 0.250 | Steps Per Second = 82.462 | Success = 1.000 | Success 1000 = 0.990
I0502 16:23:50.152622 139579566835264 terminal.py:91] [Evaluator] Actor Episodes = 30422 | Actor Steps = 1521100 | Delta Dist = 11.384 | Delta Dist 10 = 11.992 | Delta Dist 100 = 11.572 | Delta Dist 1000 = 11.724 | Episode Length = 50 | Episode Return = 21.0 | Evaluator Episodes = 7713 | Evaluator Steps = 385650 | Final Dist = 1.422 | Final Dist 10 = 0.814 | Final Dist 100 = 1.235 | Final Dist 1000 = 1.082 | Init Dist = 12.806 | Init Dist 10 = 12.806 | Init Dist 100 = 12.806 | Init Dist 1000 = 12.806 | Learner Steps = 23610 | Learner Walltime = 4653.176 | Min Dist = 0.168 | Min Dist 10 = 0.286 | Min Dist 100 = 0.500 | Min Dist 1000 = 0.401 | Steps Per Second = 84.139 | Success = 1.000 | Success 1000 = 0.958
I0502 16:23:50.227261 139555013154368 terminal.py:91] [Learner] Actor Episodes = 30422 | Actor Loss = 3.6839518547058105 | Actor Steps = 1521100 | Binary Accuracy = 0.9959926605224609 | Categorical Accuracy = 0.425048828125 | Critic Loss = 1.8103656768798828 | Entropy Mean = -21.92516326904297 | Evaluator Episodes = 7713 | Evaluator Steps = 385650 | Learner Steps = 23616 | Learner Walltime = 4654.420 | Logits Neg = -17.2080135345459 | Logits Pos = -1.801599144935608 | Logsumexp = 1.1208922863006592 | Steps Per Second = 166.702
I0502 16:23:51.304840 139579566835264 terminal.py:91] [Evaluator] Actor Episodes = 30430 | Actor Steps = 1521500 | Delta Dist = 12.117 | Delta Dist 10 = 11.878 | Delta Dist 100 = 11.553 | Delta Dist 1000 = 11.723 | Episode Length = 50 | Episode Return = 24.0 | Evaluator Episodes = 7715 | Evaluator Steps = 385750 | Final Dist = 0.689 | Final Dist 10 = 0.928 | Final Dist 100 = 1.253 | Final Dist 1000 = 1.083 | Init Dist = 12.806 | Init Dist 10 = 12.806 | Init Dist 100 = 12.806 | Init Dist 1000 = 12.806 | Learner Steps = 23616 | Learner Walltime = 4654.420 | Min Dist = 0.209 | Min Dist 10 = 0.343 | Min Dist 100 = 0.506 | Min Dist 1000 = 0.402 | Steps Per Second = 80.337 | Success = 1.000 | Success 1000 = 0.958
I0502 16:23:52.475259 139579566835264 terminal.py:91] [Evaluator] Actor Episodes = 30438 | Actor Steps = 1521900 | Delta Dist = 11.438 | Delta Dist 10 = 11.969 | Delta Dist 100 = 11.564 | Delta Dist 1000 = 11.723 | Episode Length = 50 | Episode Return = 12.0 | Evaluator Episodes = 7717 | Evaluator Steps = 385850 | Final Dist = 1.369 | Final Dist 10 = 0.838 | Final Dist 100 = 1.243 | Final Dist 1000 = 1.083 | Init Dist = 12.806 | Init Dist 10 = 12.806 | Init Dist 100 = 12.806 | Init Dist 1000 = 12.806 | Learner Steps = 23622 | Learner Walltime = 4655.609 | Min Dist = 0.200 | Min Dist 10 = 0.344 | Min Dist 100 = 0.502 | Min Dist 1000 = 0.402 | Steps Per Second = 93.619 | Success = 1.000 | Success 1000 = 0.958
I0502 16:23:53.540930 139584504182336 lp_utils.py:96] StepsLimiter: Reached 1522300 recorded steps
I0502 16:23:53.589323 139579566835264 terminal.py:91] [Evaluator] Actor Episodes = 30446 | Actor Steps = 1522300 | Delta Dist = 12.221 | Delta Dist 10 = 11.878 | Delta Dist 100 = 11.549 | Delta Dist 1000 = 11.728 | Episode Length = 50 | Episode Return = 15.0 | Evaluator Episodes = 7719 | Evaluator Steps = 385950 | Final Dist = 0.586 | Final Dist 10 = 0.928 | Final Dist 100 = 1.257 | Final Dist 1000 = 1.079 | Init Dist = 12.806 | Init Dist 10 = 12.806 | Init Dist 100 = 12.806 | Init Dist 1000 = 12.806 | Learner Steps = 23628 | Learner Walltime = 4656.787 | Min Dist = 0.098 | Min Dist 10 = 0.330 | Min Dist 100 = 0.502 | Min Dist 1000 = 0.397 | Steps Per Second = 90.619 | Success = 1.000 | Success 1000 = 0.959
I0502 16:23:54.746498 139579566835264 terminal.py:91] [Evaluator] Actor Episodes = 30454 | Actor Steps = 1522700 | Delta Dist = 6.562 | Delta Dist 10 = 11.878 | Delta Dist 100 = 11.557 | Delta Dist 1000 = 11.733 | Episode Length = 50 | Episode Return = 0.0 | Evaluator Episodes = 7721 | Evaluator Steps = 386050 | Final Dist = 6.245 | Final Dist 10 = 0.928 | Final Dist 100 = 1.249 | Final Dist 1000 = 1.073 | Init Dist = 12.806 | Init Dist 10 = 12.806 | Init Dist 100 = 12.806 | Init Dist 1000 = 12.806 | Learner Steps = 23634 | Learner Walltime = 4657.938 | Min Dist = 5.256 | Min Dist 10 = 0.169 | Min Dist 100 = 0.502 | Min Dist 1000 = 0.392 | Steps Per Second = 89.138 | Success = 0.000 | Success 1000 = 0.960
I0502 16:23:55.886999 139579566835264 terminal.py:91] [Evaluator] Actor Episodes = 30462 | Actor Steps = 1523100 | Delta Dist = 11.984 | Delta Dist 10 = 11.315 | Delta Dist 100 = 11.501 | Delta Dist 1000 = 11.727 | Episode Length = 50 | Episode Return = 7.0 | Evaluator Episodes = 7723 | Evaluator Steps = 386150 | Final Dist = 0.823 | Final Dist 10 = 1.491 | Final Dist 100 = 1.305 | Final Dist 1000 = 1.079 | Init Dist = 12.806 | Init Dist 10 = 12.806 | Init Dist 100 = 12.806 | Init Dist 1000 = 12.806 | Learner Steps = 23646 | Learner Walltime = 4660.037 | Min Dist = 0.823 | Min Dist 10 = 0.698 | Min Dist 100 = 0.555 | Min Dist 1000 = 0.397 | Steps Per Second = 88.242 | Success = 1.000 | Success 1000 = 0.959
I0502 16:23:56.765029 139558059398720 terminal.py:91] [Actor] Actor Episodes = 30465 | Actor Steps = 1523250 | Delta Dist = 2.705 | Delta Dist 10 = 3.320 | Delta Dist 100 = 4.158 | Delta Dist 1000 = 4.346 | Episode Length = 50 | Episode Return = 28.0 | Evaluator Episodes = 7723 | Evaluator Steps = 386150 | Final Dist = 0.457 | Final Dist 10 = 1.954 | Final Dist 100 = 1.409 | Final Dist 1000 = 1.486 | Init Dist = 3.162 | Init Dist 10 = 5.275 | Init Dist 100 = 5.567 | Init Dist 1000 = 5.832 | Learner Steps = 23646 | Learner Walltime = 4660.037 | Min Dist = 0.028 | Min Dist 10 = 0.077 | Min Dist 100 = 0.184 | Min Dist 1000 = 0.237 | Steps Per Second = 86.008 | Success = 1.000 | Success 1000 = 0.992
I0502 16:23:57.069294 139579566835264 terminal.py:91] [Evaluator] Actor Episodes = 30470 | Actor Steps = 1523500 | Delta Dist = 12.250 | Delta Dist 10 = 11.358 | Delta Dist 100 = 11.510 | Delta Dist 1000 = 11.727 | Episode Length = 50 | Episode Return = 37.0 | Evaluator Episodes = 7725 | Evaluator Steps = 386250 | Final Dist = 0.556 | Final Dist 10 = 1.449 | Final Dist 100 = 1.296 | Final Dist 1000 = 1.079 | Init Dist = 12.806 | Init Dist 10 = 12.806 | Init Dist 100 = 12.806 | Init Dist 1000 = 12.806 | Learner Steps = 23651 | Learner Walltime = 4661.100 | Min Dist = 0.492 | Min Dist 10 = 0.719 | Min Dist 100 = 0.561 | Min Dist 1000 = 0.397 | Steps Per Second = 91.936 | Success = 1.000 | Success 1000 = 0.959
I0502 16:23:58.006936 139569349502528 terminal.py:91] [Actor] Actor Episodes = 30475 | Actor Steps = 1523750 | Delta Dist = 2.939 | Delta Dist 10 = 4.674 | Delta Dist 100 = 4.252 | Delta Dist 1000 = 4.340 | Episode Length = 50 | Episode Return = 21.0 | Evaluator Episodes = 7725 | Evaluator Steps = 386250 | Final Dist = 0.223 | Final Dist 10 = 0.942 | Final Dist 100 = 1.263 | Final Dist 1000 = 1.485 | Init Dist = 3.162 | Init Dist 10 = 5.616 | Init Dist 100 = 5.515 | Init Dist 1000 = 5.825 | Learner Steps = 23651 | Learner Walltime = 4661.100 | Min Dist = 0.223 | Min Dist 10 = 0.135 | Min Dist 100 = 0.117 | Min Dist 1000 = 0.233 | Steps Per Second = 93.335 | Success = 1.000 | Success 1000 = 0.992
I0502 16:23:58.207588 139579566835264 terminal.py:91] [Evaluator] Actor Episodes = 30478 | Actor Steps = 1523900 | Delta Dist = 11.644 | Delta Dist 10 = 11.389 | Delta Dist 100 = 11.523 | Delta Dist 1000 = 11.727 | Episode Length = 50 | Episode Return = 3.0 | Evaluator Episodes = 7727 | Evaluator Steps = 386350 | Final Dist = 1.162 | Final Dist 10 = 1.417 | Final Dist 100 = 1.284 | Final Dist 1000 = 1.079 | Init Dist = 12.806 | Init Dist 10 = 12.806 | Init Dist 100 = 12.806 | Init Dist 1000 = 12.806 | Learner Steps = 23657 | Learner Walltime = 4662.147 | Min Dist = 0.343 | Min Dist 10 = 0.759 | Min Dist 100 = 0.564 | Min Dist 1000 = 0.397 | Steps Per Second = 81.846 | Success = 1.000 | Success 1000 = 0.959
I0502 16:23:58.364560 139555860620864 terminal.py:91] [Actor] Actor Episodes = 30477 | Actor Steps = 1523850 | Delta Dist = 5.008 | Delta Dist 10 = 4.276 | Delta Dist 100 = 4.176 | Delta Dist 1000 = 4.333 | Episode Length = 50 | Episode Return = 26.0 | Evaluator Episodes = 7725 | Evaluator Steps = 386250 | Final Dist = 0.091 | Final Dist 10 = 1.340 | Final Dist 100 = 1.276 | Final Dist 1000 = 1.489 | Init Dist = 5.099 | Init Dist 10 = 5.616 | Init Dist 100 = 5.452 | Init Dist 1000 = 5.823 | Learner Steps = 23651 | Learner Walltime = 4661.100 | Min Dist = 0.007 | Min Dist 10 = 0.154 | Min Dist 100 = 0.115 | Min Dist 1000 = 0.233 | Steps Per Second = 86.740 | Success = 1.000 | Success 1000 = 0.992
I0502 16:23:59.480097 139579566835264 terminal.py:91] [Evaluator] Actor Episodes = 30486 | Actor Steps = 1524300 | Delta Dist = 11.403 | Delta Dist 10 = 11.536 | Delta Dist 100 = 11.526 | Delta Dist 1000 = 11.728 | Episode Length = 50 | Episode Return = 4.0 | Evaluator Episodes = 7729 | Evaluator Steps = 386450 | Final Dist = 1.404 | Final Dist 10 = 1.271 | Final Dist 100 = 1.280 | Final Dist 1000 = 1.078 | Init Dist = 12.806 | Init Dist 10 = 12.806 | Init Dist 100 = 12.806 | Init Dist 1000 = 12.806 | Learner Steps = 23663 | Learner Walltime = 4663.284 | Min Dist = 0.088 | Min Dist 10 = 0.757 | Min Dist 100 = 0.565 | Min Dist 1000 = 0.398 | Steps Per Second = 85.401 | Success = 1.000 | Success 1000 = 0.959
I0502 16:23:59.712798 139557462840896 terminal.py:91] [Actor] Actor Episodes = 30487 | Actor Steps = 1524350 | Delta Dist = 4.050 | Delta Dist 10 = 3.331 | Delta Dist 100 = 4.237 | Delta Dist 1000 = 4.328 | Episode Length = 50 | Episode Return = 6.0 | Evaluator Episodes = 7727 | Evaluator Steps = 386350 | Final Dist = 1.335 | Final Dist 10 = 1.462 | Final Dist 100 = 1.293 | Final Dist 1000 = 1.490 | Init Dist = 5.385 | Init Dist 10 = 4.793 | Init Dist 100 = 5.530 | Init Dist 1000 = 5.819 | Learner Steps = 23663 | Learner Walltime = 4663.284 | Min Dist = 0.012 | Min Dist 10 = 0.100 | Min Dist 100 = 0.102 | Min Dist 1000 = 0.233 | Steps Per Second = 94.866 | Success = 1.000 | Success 1000 = 0.992
I0502 16:24:00.268645 139555013154368 terminal.py:91] [Learner] Actor Episodes = 30492 | Actor Loss = 3.6682567596435547 | Actor Steps = 1524600 | Binary Accuracy = 0.996060848236084 | Categorical Accuracy = 0.41387939453125 | Critic Loss = 1.8531372547149658 | Entropy Mean = -22.028038024902344 | Evaluator Episodes = 7729 | Evaluator Steps = 386450 | Learner Steps = 23669 | Learner Walltime = 4664.462 | Logits Neg = -16.737831115722656 | Logits Pos = -1.8666608333587646 | Logsumexp = 1.119534969329834 | Steps Per Second = 179.898
I0502 16:24:00.636930 139579566835264 terminal.py:91] [Evaluator] Actor Episodes = 30494 | Actor Steps = 1524700 | Delta Dist = 12.019 | Delta Dist 10 = 11.569 | Delta Dist 100 = 11.532 | Delta Dist 1000 = 11.728 | Episode Length = 50 | Episode Return = 25.0 | Evaluator Episodes = 7731 | Evaluator Steps = 386550 | Final Dist = 0.788 | Final Dist 10 = 1.237 | Final Dist 100 = 1.274 | Final Dist 1000 = 1.078 | Init Dist = 12.806 | Init Dist 10 = 12.806 | Init Dist 100 = 12.806 | Init Dist 1000 = 12.806 | Learner Steps = 23669 | Learner Walltime = 4664.462 | Min Dist = 0.157 | Min Dist 10 = 0.761 | Min Dist 100 = 0.563 | Min Dist 1000 = 0.397 | Steps Per Second = 85.195 | Success = 1.000 | Success 1000 = 0.959
I0502 16:24:01.969407 139579566835264 terminal.py:91] [Evaluator] Actor Episodes = 30502 | Actor Steps = 1525100 | Delta Dist = 12.278 | Delta Dist 10 = 12.122 | Delta Dist 100 = 11.544 | Delta Dist 1000 = 11.728 | Episode Length = 50 | Episode Return = 27.0 | Evaluator Episodes = 7733 | Evaluator Steps = 386650 | Final Dist = 0.529 | Final Dist 10 = 0.684 | Final Dist 100 = 1.262 | Final Dist 1000 = 1.078 | Init Dist = 12.806 | Init Dist 10 = 12.806 | Init Dist 100 = 12.806 | Init Dist 1000 = 12.806 | Learner Steps = 23676 | Learner Walltime = 4665.860 | Min Dist = 0.049 | Min Dist 10 = 0.245 | Min Dist 100 = 0.563 | Min Dist 1000 = 0.397 | Steps Per Second = 79.831 | Success = 1.000 | Success 1000 = 0.959
I0502 16:24:03.075979 139579566835264 terminal.py:91] [Evaluator] Actor Episodes = 30510 | Actor Steps = 1525500 | Delta Dist = 11.802 | Delta Dist 10 = 12.268 | Delta Dist 100 = 11.554 | Delta Dist 1000 = 11.730 | Episode Length = 50 | Episode Return = 12.0 | Evaluator Episodes = 7735 | Evaluator Steps = 386750 | Final Dist = 1.004 | Final Dist 10 = 0.539 | Final Dist 100 = 1.252 | Final Dist 1000 = 1.076 | Init Dist = 12.806 | Init Dist 10 = 12.806 | Init Dist 100 = 12.806 | Init Dist 1000 = 12.806 | Learner Steps = 23683 | Learner Walltime = 4667.155 | Min Dist = 0.792 | Min Dist 10 = 0.165 | Min Dist 100 = 0.560 | Min Dist 1000 = 0.397 | Steps Per Second = 101.236 | Success = 1.000 | Success 1000 = 0.959
I0502 16:24:03.556279 139584504182336 lp_utils.py:96] StepsLimiter: Reached 1525700 recorded steps
I0502 16:24:04.202127 139579566835264 terminal.py:91] [Evaluator] Actor Episodes = 30518 | Actor Steps = 1525900 | Delta Dist = 11.627 | Delta Dist 10 = 12.258 | Delta Dist 100 = 11.559 | Delta Dist 1000 = 11.730 | Episode Length = 50 | Episode Return = 29.0 | Evaluator Episodes = 7737 | Evaluator Steps = 386850 | Final Dist = 1.180 | Final Dist 10 = 0.548 | Final Dist 100 = 1.247 | Final Dist 1000 = 1.076 | Init Dist = 12.806 | Init Dist 10 = 12.806 | Init Dist 100 = 12.806 | Init Dist 1000 = 12.806 | Learner Steps = 23689 | Learner Walltime = 4668.307 | Min Dist = 0.070 | Min Dist 10 = 0.183 | Min Dist 100 = 0.565 | Min Dist 1000 = 0.397 | Steps Per Second = 86.758 | Success = 1.000 | Success 1000 = 0.959
I0502 16:24:05.194693 139584635659840 savers.py:156] Saving checkpoint: logs/contrastive_cpc_point_FourRooms_64/5dd72662-2788-11f0-b183-d85ed38c5779/checkpoints/counter
I0502 16:24:05.371073 139579566835264 terminal.py:91] [Evaluator] Actor Episodes = 30526 | Actor Steps = 1526300 | Delta Dist = 12.220 | Delta Dist 10 = 12.208 | Delta Dist 100 = 11.570 | Delta Dist 1000 = 11.729 | Episode Length = 50 | Episode Return = 31.0 | Evaluator Episodes = 7739 | Evaluator Steps = 386950 | Final Dist = 0.587 | Final Dist 10 = 0.598 | Final Dist 100 = 1.236 | Final Dist 1000 = 1.078 | Init Dist = 12.806 | Init Dist 10 = 12.806 | Init Dist 100 = 12.806 | Init Dist 1000 = 12.806 | Learner Steps = 23694 | Learner Walltime = 4669.381 | Min Dist = 0.252 | Min Dist 10 = 0.158 | Min Dist 100 = 0.558 | Min Dist 1000 = 0.397 | Steps Per Second = 87.899 | Success = 1.000 | Success 1000 = 0.959
I0502 16:24:06.519799 139579566835264 terminal.py:91] [Evaluator] Actor Episodes = 30534 | Actor Steps = 1526700 | Delta Dist = 11.548 | Delta Dist 10 = 12.291 | Delta Dist 100 = 11.580 | Delta Dist 1000 = 11.736 | Episode Length = 50 | Episode Return = 8.0 | Evaluator Episodes = 7741 | Evaluator Steps = 387050 | Final Dist = 1.258 | Final Dist 10 = 0.515 | Final Dist 100 = 1.226 | Final Dist 1000 = 1.070 | Init Dist = 12.806 | Init Dist 10 = 12.806 | Init Dist 100 = 12.806 | Init Dist 1000 = 12.806 | Learner Steps = 23701 | Learner Walltime = 4670.707 | Min Dist = 0.008 | Min Dist 10 = 0.173 | Min Dist 100 = 0.559 | Min Dist 1000 = 0.391 | Steps Per Second = 100.417 | Success = 1.000 | Success 1000 = 0.960
I0502 16:24:07.043295 139558059398720 terminal.py:91] [Actor] Actor Episodes = 30536 | Actor Steps = 1526800 | Delta Dist = 3.523 | Delta Dist 10 = 5.598 | Delta Dist 100 = 4.204 | Delta Dist 1000 = 4.349 | Episode Length = 50 | Episode Return = 29.0 | Evaluator Episodes = 7741 | Evaluator Steps = 387050 | Final Dist = 0.949 | Final Dist 10 = 1.148 | Final Dist 100 = 1.582 | Final Dist 1000 = 1.515 | Init Dist = 4.472 | Init Dist 10 = 6.746 | Init Dist 100 = 5.785 | Init Dist 1000 = 5.864 | Learner Steps = 23701 | Learner Walltime = 4670.707 | Min Dist = 0.048 | Min Dist 10 = 0.153 | Min Dist 100 = 0.222 | Min Dist 1000 = 0.240 | Steps Per Second = 81.688 | Success = 1.000 | Success 1000 = 0.992
I0502 16:24:07.741919 139579566835264 terminal.py:91] [Evaluator] Actor Episodes = 30542 | Actor Steps = 1527100 | Delta Dist = 12.182 | Delta Dist 10 = 12.222 | Delta Dist 100 = 11.588 | Delta Dist 1000 = 11.735 | Episode Length = 50 | Episode Return = 19.0 | Evaluator Episodes = 7743 | Evaluator Steps = 387150 | Final Dist = 0.624 | Final Dist 10 = 0.584 | Final Dist 100 = 1.219 | Final Dist 1000 = 1.071 | Init Dist = 12.806 | Init Dist 10 = 12.806 | Init Dist 100 = 12.806 | Init Dist 1000 = 12.806 | Learner Steps = 23707 | Learner Walltime = 4671.722 | Min Dist = 0.265 | Min Dist 10 = 0.163 | Min Dist 100 = 0.556 | Min Dist 1000 = 0.391 | Steps Per Second = 81.722 | Success = 1.000 | Success 1000 = 0.960
I0502 16:24:08.277773 139569349502528 terminal.py:91] [Actor] Actor Episodes = 30544 | Actor Steps = 1527200 | Delta Dist = 5.923 | Delta Dist 10 = 4.654 | Delta Dist 100 = 4.360 | Delta Dist 1000 = 4.352 | Episode Length = 50 | Episode Return = 3.0 | Evaluator Episodes = 7743 | Evaluator Steps = 387150 | Final Dist = 1.149 | Final Dist 10 = 1.751 | Final Dist 100 = 1.479 | Final Dist 1000 = 1.521 | Init Dist = 7.071 | Init Dist 10 = 6.405 | Init Dist 100 = 5.840 | Init Dist 1000 = 5.874 | Learner Steps = 23707 | Learner Walltime = 4671.722 | Min Dist = 0.001 | Min Dist 10 = 0.566 | Min Dist 100 = 0.272 | Min Dist 1000 = 0.244 | Steps Per Second = 81.531 | Success = 1.000 | Success 1000 = 0.991
I0502 16:24:08.664434 139555860620864 terminal.py:91] [Actor] Actor Episodes = 30548 | Actor Steps = 1527400 | Delta Dist = 4.413 | Delta Dist 10 = 4.648 | Delta Dist 100 = 4.343 | Delta Dist 1000 = 4.343 | Episode Length = 50 | Episode Return = 39.0 | Evaluator Episodes = 7743 | Evaluator Steps = 387150 | Final Dist = 0.587 | Final Dist 10 = 1.731 | Final Dist 100 = 1.492 | Final Dist 1000 = 1.521 | Init Dist = 5.000 | Init Dist 10 = 6.379 | Init Dist 100 = 5.834 | Init Dist 1000 = 5.863 | Learner Steps = 23707 | Learner Walltime = 4671.722 | Min Dist = 0.038 | Min Dist 10 = 0.566 | Min Dist 100 = 0.272 | Min Dist 1000 = 0.244 | Steps Per Second = 80.579 | Success = 1.000 | Success 1000 = 0.991
I0502 16:24:08.999830 139579566835264 terminal.py:91] [Evaluator] Actor Episodes = 30550 | Actor Steps = 1527500 | Delta Dist = 12.141 | Delta Dist 10 = 12.178 | Delta Dist 100 = 11.598 | Delta Dist 1000 = 11.735 | Episode Length = 50 | Episode Return = 21.0 | Evaluator Episodes = 7745 | Evaluator Steps = 387250 | Final Dist = 0.665 | Final Dist 10 = 0.628 | Final Dist 100 = 1.208 | Final Dist 1000 = 1.071 | Init Dist = 12.806 | Init Dist 10 = 12.806 | Init Dist 100 = 12.806 | Init Dist 1000 = 12.806 | Learner Steps = 23713 | Learner Walltime = 4672.981 | Min Dist = 0.279 | Min Dist 10 = 0.195 | Min Dist 100 = 0.557 | Min Dist 1000 = 0.391 | Steps Per Second = 75.727 | Success = 1.000 | Success 1000 = 0.960
I0502 16:24:10.088927 139557462840896 terminal.py:91] [Actor] Actor Episodes = 30558 | Actor Steps = 1527900 | Delta Dist = 4.896 | Delta Dist 10 = 3.883 | Delta Dist 100 = 4.262 | Delta Dist 1000 = 4.335 | Episode Length = 50 | Episode Return = 41.0 | Evaluator Episodes = 7745 | Evaluator Steps = 387250 | Final Dist = 0.104 | Final Dist 10 = 1.690 | Final Dist 100 = 1.606 | Final Dist 1000 = 1.526 | Init Dist = 5.000 | Init Dist 10 = 5.574 | Init Dist 100 = 5.868 | Init Dist 1000 = 5.861 | Learner Steps = 23718 | Learner Walltime = 4674.192 | Min Dist = 0.014 | Min Dist 10 = 0.996 | Min Dist 100 = 0.366 | Min Dist 1000 = 0.253 | Steps Per Second = 79.621 | Success = 1.000 | Success 1000 = 0.991
I0502 16:24:10.269627 139579566835264 terminal.py:91] [Evaluator] Actor Episodes = 30558 | Actor Steps = 1527900 | Delta Dist = 11.401 | Delta Dist 10 = 12.195 | Delta Dist 100 = 11.600 | Delta Dist 1000 = 11.741 | Episode Length = 50 | Episode Return = 7.0 | Evaluator Episodes = 7747 | Evaluator Steps = 387350 | Final Dist = 1.405 | Final Dist 10 = 0.611 | Final Dist 100 = 1.207 | Final Dist 1000 = 1.065 | Init Dist = 12.806 | Init Dist 10 = 12.806 | Init Dist 100 = 12.806 | Init Dist 1000 = 12.806 | Learner Steps = 23718 | Learner Walltime = 4674.192 | Min Dist = 0.213 | Min Dist 10 = 0.157 | Min Dist 100 = 0.561 | Min Dist 1000 = 0.387 | Steps Per Second = 81.497 | Success = 1.000 | Success 1000 = 0.961
I0502 16:24:10.320696 139555013154368 terminal.py:91] [Learner] Actor Episodes = 30556 | Actor Loss = 3.6204614639282227 | Actor Steps = 1527800 | Binary Accuracy = 0.9960389137268066 | Categorical Accuracy = 0.4208984375 | Critic Loss = 1.8040719032287598 | Entropy Mean = -20.390926361083984 | Evaluator Episodes = 7745 | Evaluator Steps = 387250 | Learner Steps = 23721 | Learner Walltime = 4674.520 | Logits Neg = -17.66824722290039 | Logits Pos = -1.80069899559021 | Logsumexp = 1.0840938091278076 | Steps Per Second = 1114.821
I0502 16:24:11.436709 139579566835264 terminal.py:91] [Evaluator] Actor Episodes = 30566 | Actor Steps = 1528300 | Delta Dist = 11.427 | Delta Dist 10 = 12.161 | Delta Dist 100 = 11.602 | Delta Dist 1000 = 11.742 | Episode Length = 50 | Episode Return = 17.0 | Evaluator Episodes = 7749 | Evaluator Steps = 387450 | Final Dist = 1.380 | Final Dist 10 = 0.646 | Final Dist 100 = 1.204 | Final Dist 1000 = 1.064 | Init Dist = 12.806 | Init Dist 10 = 12.806 | Init Dist 100 = 12.806 | Init Dist 1000 = 12.806 | Learner Steps = 23718 | Learner Walltime = 4674.192 | Min Dist = 0.116 | Min Dist 10 = 0.174 | Min Dist 100 = 0.553 | Min Dist 1000 = 0.387 | Steps Per Second = 83.468 | Success = 1.000 | Success 1000 = 0.961
I0502 16:24:11.469240 139583350109760 savers.py:156] Saving checkpoint: logs/contrastive_cpc_point_FourRooms_64/5dd72662-2788-11f0-b183-d85ed38c5779/checkpoints/learner
I0502 16:24:12.619040 139579566835264 terminal.py:91] [Evaluator] Actor Episodes = 30574 | Actor Steps = 1528700 | Delta Dist = 12.227 | Delta Dist 10 = 11.996 | Delta Dist 100 = 11.657 | Delta Dist 1000 = 11.748 | Episode Length = 50 | Episode Return = 9.0 | Evaluator Episodes = 7751 | Evaluator Steps = 387550 | Final Dist = 0.579 | Final Dist 10 = 0.810 | Final Dist 100 = 1.149 | Final Dist 1000 = 1.058 | Init Dist = 12.806 | Init Dist 10 = 12.806 | Init Dist 100 = 12.806 | Init Dist 1000 = 12.806 | Learner Steps = 23731 | Learner Walltime = 4676.745 | Min Dist = 0.579 | Min Dist 10 = 0.173 | Min Dist 100 = 0.485 | Min Dist 1000 = 0.381 | Steps Per Second = 91.047 | Success = 1.000 | Success 1000 = 0.962
I0502 16:24:13.573965 139584504182336 lp_utils.py:96] StepsLimiter: Reached 1528900 recorded steps
I0502 16:24:13.822266 139579566835264 terminal.py:91] [Evaluator] Actor Episodes = 30580 | Actor Steps = 1529000 | Delta Dist = 12.337 | Delta Dist 10 = 12.052 | Delta Dist 100 = 11.663 | Delta Dist 1000 = 11.749 | Episode Length = 50 | Episode Return = 16.0 | Evaluator Episodes = 7753 | Evaluator Steps = 387650 | Final Dist = 0.470 | Final Dist 10 = 0.754 | Final Dist 100 = 1.143 | Final Dist 1000 = 1.058 | Init Dist = 12.806 | Init Dist 10 = 12.806 | Init Dist 100 = 12.806 | Init Dist 1000 = 12.806 | Learner Steps = 23738 | Learner Walltime = 4677.928 | Min Dist = 0.026 | Min Dist 10 = 0.232 | Min Dist 100 = 0.488 | Min Dist 1000 = 0.382 | Steps Per Second = 85.488 | Success = 1.000 | Success 1000 = 0.962
I0502 16:24:15.117470 139579566835264 terminal.py:91] [Evaluator] Actor Episodes = 30588 | Actor Steps = 1529400 | Delta Dist = 11.784 | Delta Dist 10 = 12.013 | Delta Dist 100 = 11.664 | Delta Dist 1000 = 11.748 | Episode Length = 50 | Episode Return = 17.0 | Evaluator Episodes = 7755 | Evaluator Steps = 387750 | Final Dist = 1.023 | Final Dist 10 = 0.793 | Final Dist 100 = 1.142 | Final Dist 1000 = 1.059 | Init Dist = 12.806 | Init Dist 10 = 12.806 | Init Dist 100 = 12.806 | Init Dist 1000 = 12.806 | Learner Steps = 23744 | Learner Walltime = 4678.939 | Min Dist = 0.073 | Min Dist 10 = 0.197 | Min Dist 100 = 0.486 | Min Dist 1000 = 0.382 | Steps Per Second = 76.722 | Success = 1.000 | Success 1000 = 0.962
I0502 16:24:16.258661 139579566835264 terminal.py:91] [Evaluator] Actor Episodes = 30594 | Actor Steps = 1529700 | Delta Dist = 11.425 | Delta Dist 10 = 11.968 | Delta Dist 100 = 11.678 | Delta Dist 1000 = 11.748 | Episode Length = 50 | Episode Return = 8.0 | Evaluator Episodes = 7757 | Evaluator Steps = 387850 | Final Dist = 1.381 | Final Dist 10 = 0.838 | Final Dist 100 = 1.128 | Final Dist 1000 = 1.058 | Init Dist = 12.806 | Init Dist 10 = 12.806 | Init Dist 100 = 12.806 | Init Dist 1000 = 12.806 | Learner Steps = 23748 | Learner Walltime = 4680.040 | Min Dist = 0.064 | Min Dist 10 = 0.166 | Min Dist 100 = 0.484 | Min Dist 1000 = 0.381 | Steps Per Second = 85.756 | Success = 1.000 | Success 1000 = 0.962
I0502 16:24:17.421505 139579566835264 terminal.py:91] [Evaluator] Actor Episodes = 30603 | Actor Steps = 1530150 | Delta Dist = 11.818 | Delta Dist 10 = 11.997 | Delta Dist 100 = 11.686 | Delta Dist 1000 = 11.748 | Episode Length = 50 | Episode Return = 25.0 | Evaluator Episodes = 7759 | Evaluator Steps = 387950 | Final Dist = 0.989 | Final Dist 10 = 0.809 | Final Dist 100 = 1.120 | Final Dist 1000 = 1.058 | Init Dist = 12.806 | Init Dist 10 = 12.806 | Init Dist 100 = 12.806 | Init Dist 1000 = 12.806 | Learner Steps = 23754 | Learner Walltime = 4681.092 | Min Dist = 0.229 | Min Dist 10 = 0.153 | Min Dist 100 = 0.482 | Min Dist 1000 = 0.381 | Steps Per Second = 83.442 | Success = 1.000 | Success 1000 = 0.962
I0502 16:24:17.545771 139558059398720 terminal.py:91] [Actor] Actor Episodes = 30604 | Actor Steps = 1530200 | Delta Dist = 7.053 | Delta Dist 10 = 2.639 | Delta Dist 100 = 4.403 | Delta Dist 1000 = 4.345 | Episode Length = 50 | Episode Return = 10.0 | Evaluator Episodes = 7757 | Evaluator Steps = 387850 | Final Dist = 1.193 | Final Dist 10 = 1.377 | Final Dist 100 = 1.317 | Final Dist 1000 = 1.522 | Init Dist = 8.246 | Init Dist 10 = 4.016 | Init Dist 100 = 5.720 | Init Dist 1000 = 5.867 | Learner Steps = 23754 | Learner Walltime = 4681.092 | Min Dist = 0.267 | Min Dist 10 = 0.073 | Min Dist 100 = 0.237 | Min Dist 1000 = 0.252 | Steps Per Second = 80.884 | Success = 1.000 | Success 1000 = 0.992
I0502 16:24:18.585174 139569349502528 terminal.py:91] [Actor] Actor Episodes = 30610 | Actor Steps = 1530500 | Delta Dist = 3.472 | Delta Dist 10 = 2.163 | Delta Dist 100 = 4.211 | Delta Dist 1000 = 4.315 | Episode Length = 50 | Episode Return = 12.0 | Evaluator Episodes = 7759 | Evaluator Steps = 387950 | Final Dist = 1.001 | Final Dist 10 = 2.722 | Final Dist 100 = 1.457 | Final Dist 1000 = 1.537 | Init Dist = 4.472 | Init Dist 10 = 4.885 | Init Dist 100 = 5.668 | Init Dist 1000 = 5.852 | Learner Steps = 23754 | Learner Walltime = 4681.092 | Min Dist = 0.021 | Min Dist 10 = 0.087 | Min Dist 100 = 0.229 | Min Dist 1000 = 0.252 | Steps Per Second = 85.366 | Success = 1.000 | Success 1000 = 0.992
I0502 16:24:18.711196 139579566835264 terminal.py:91] [Evaluator] Actor Episodes = 30611 | Actor Steps = 1530550 | Delta Dist = 12.296 | Delta Dist 10 = 12.061 | Delta Dist 100 = 11.768 | Delta Dist 1000 = 11.749 | Episode Length = 50 | Episode Return = 18.0 | Evaluator Episodes = 7761 | Evaluator Steps = 388050 | Final Dist = 0.510 | Final Dist 10 = 0.746 | Final Dist 100 = 1.038 | Final Dist 1000 = 1.057 | Init Dist = 12.806 | Init Dist 10 = 12.806 | Init Dist 100 = 12.806 | Init Dist 1000 = 12.806 | Learner Steps = 23761 | Learner Walltime = 4682.497 | Min Dist = 0.137 | Min Dist 10 = 0.153 | Min Dist 100 = 0.397 | Min Dist 1000 = 0.381 | Steps Per Second = 76.970 | Success = 1.000 | Success 1000 = 0.962
I0502 16:24:18.872298 139555860620864 terminal.py:91] [Actor] Actor Episodes = 30615 | Actor Steps = 1530750 | Delta Dist = 3.209 | Delta Dist 10 = 2.062 | Delta Dist 100 = 4.166 | Delta Dist 1000 = 4.304 | Episode Length = 50 | Episode Return = 29.0 | Evaluator Episodes = 7761 | Evaluator Steps = 388050 | Final Dist = 3.115 | Final Dist 10 = 2.863 | Final Dist 100 = 1.480 | Final Dist 1000 = 1.541 | Init Dist = 6.325 | Init Dist 10 = 4.926 | Init Dist 100 = 5.647 | Init Dist 1000 = 5.846 | Learner Steps = 23761 | Learner Walltime = 4682.497 | Min Dist = 0.626 | Min Dist 10 = 0.082 | Min Dist 100 = 0.226 | Min Dist 1000 = 0.252 | Steps Per Second = 81.010 | Success = 1.000 | Success 1000 = 0.992
I0502 16:24:19.991149 139579566835264 terminal.py:91] [Evaluator] Actor Episodes = 30619 | Actor Steps = 1530950 | Delta Dist = 11.591 | Delta Dist 10 = 12.012 | Delta Dist 100 = 11.780 | Delta Dist 1000 = 11.749 | Episode Length = 50 | Episode Return = 12.0 | Evaluator Episodes = 7763 | Evaluator Steps = 388150 | Final Dist = 1.216 | Final Dist 10 = 0.794 | Final Dist 100 = 1.026 | Final Dist 1000 = 1.057 | Init Dist = 12.806 | Init Dist 10 = 12.806 | Init Dist 100 = 12.806 | Init Dist 1000 = 12.806 | Learner Steps = 23766 | Learner Walltime = 4683.542 | Min Dist = 0.132 | Min Dist 10 = 0.091 | Min Dist 100 = 0.395 | Min Dist 1000 = 0.381 | Steps Per Second = 76.548 | Success = 1.000 | Success 1000 = 0.962
I0502 16:24:20.549018 139555013154368 terminal.py:91] [Learner] Actor Episodes = 30625 | Actor Loss = 3.6347217559814453 | Actor Steps = 1531250 | Binary Accuracy = 0.9960124492645264 | Categorical Accuracy = 0.40289306640625 | Critic Loss = 1.8971972465515137 | Entropy Mean = -20.30640411376953 | Evaluator Episodes = 7763 | Evaluator Steps = 388150 | Learner Steps = 23772 | Learner Walltime = 4684.746 | Logits Neg = -16.82272720336914 | Logits Pos = -1.8578152656555176 | Logsumexp = 1.1592891216278076 | Steps Per Second = 162.743
I0502 16:24:20.711522 139557462840896 terminal.py:91] [Actor] Actor Episodes = 30622 | Actor Steps = 1531100 | Delta Dist = 8.637 | Delta Dist 10 = 5.442 | Delta Dist 100 = 4.342 | Delta Dist 1000 = 4.319 | Episode Length = 50 | Episode Return = 25.0 | Evaluator Episodes = 7763 | Evaluator Steps = 388150 | Final Dist = 0.583 | Final Dist 10 = 0.984 | Final Dist 100 = 1.478 | Final Dist 1000 = 1.540 | Init Dist = 9.220 | Init Dist 10 = 6.426 | Init Dist 100 = 5.820 | Init Dist 1000 = 5.859 | Learner Steps = 23766 | Learner Walltime = 4683.542 | Min Dist = 0.064 | Min Dist 10 = 0.103 | Min Dist 100 = 0.236 | Min Dist 1000 = 0.253 | Steps Per Second = 79.511 | Success = 1.000 | Success 1000 = 0.992
I0502 16:24:21.178879 139579566835264 terminal.py:91] [Evaluator] Actor Episodes = 30627 | Actor Steps = 1531350 | Delta Dist = 11.512 | Delta Dist 10 = 11.910 | Delta Dist 100 = 11.782 | Delta Dist 1000 = 11.749 | Episode Length = 50 | Episode Return = 5.0 | Evaluator Episodes = 7765 | Evaluator Steps = 388250 | Final Dist = 1.294 | Final Dist 10 = 0.896 | Final Dist 100 = 1.024 | Final Dist 1000 = 1.057 | Init Dist = 12.806 | Init Dist 10 = 12.806 | Init Dist 100 = 12.806 | Init Dist 1000 = 12.806 | Learner Steps = 23772 | Learner Walltime = 4684.746 | Min Dist = 0.231 | Min Dist 10 = 0.108 | Min Dist 100 = 0.389 | Min Dist 1000 = 0.381 | Steps Per Second = 83.777 | Success = 1.000 | Success 1000 = 0.962
I0502 16:24:22.386692 139579566835264 terminal.py:91] [Evaluator] Actor Episodes = 30635 | Actor Steps = 1531750 | Delta Dist = 8.863 | Delta Dist 10 = 11.836 | Delta Dist 100 = 11.786 | Delta Dist 1000 = 11.749 | Episode Length = 50 | Episode Return = 0.0 | Evaluator Episodes = 7767 | Evaluator Steps = 388350 | Final Dist = 3.943 | Final Dist 10 = 0.971 | Final Dist 100 = 1.020 | Final Dist 1000 = 1.057 | Init Dist = 12.806 | Init Dist 10 = 12.806 | Init Dist 100 = 12.806 | Init Dist 1000 = 12.806 | Learner Steps = 23779 | Learner Walltime = 4686.102 | Min Dist = 3.943 | Min Dist 10 = 0.127 | Min Dist 100 = 0.383 | Min Dist 1000 = 0.381 | Steps Per Second = 85.008 | Success = 0.000 | Success 1000 = 0.962
I0502 16:24:23.594503 139584504182336 lp_utils.py:96] StepsLimiter: Reached 1532150 recorded steps
I0502 16:24:23.624019 139579566835264 terminal.py:91] [Evaluator] Actor Episodes = 30643 | Actor Steps = 1532150 | Delta Dist = 12.329 | Delta Dist 10 = 11.591 | Delta Dist 100 = 11.765 | Delta Dist 1000 = 11.746 | Episode Length = 50 | Episode Return = 20.0 | Evaluator Episodes = 7769 | Evaluator Steps = 388450 | Final Dist = 0.477 | Final Dist 10 = 1.215 | Final Dist 100 = 1.042 | Final Dist 1000 = 1.060 | Init Dist = 12.806 | Init Dist 10 = 12.806 | Init Dist 100 = 12.806 | Init Dist 1000 = 12.806 | Learner Steps = 23785 | Learner Walltime = 4687.303 | Min Dist = 0.176 | Min Dist 10 = 0.514 | Min Dist 100 = 0.421 | Min Dist 1000 = 0.384 | Steps Per Second = 82.853 | Success = 1.000 | Success 1000 = 0.961
I0502 16:24:24.805382 139579566835264 terminal.py:91] [Evaluator] Actor Episodes = 30651 | Actor Steps = 1532550 | Delta Dist = 12.089 | Delta Dist 10 = 11.590 | Delta Dist 100 = 11.772 | Delta Dist 1000 = 11.746 | Episode Length = 50 | Episode Return = 10.0 | Evaluator Episodes = 7771 | Evaluator Steps = 388550 | Final Dist = 0.717 | Final Dist 10 = 1.216 | Final Dist 100 = 1.034 | Final Dist 1000 = 1.060 | Init Dist = 12.806 | Init Dist 10 = 12.806 | Init Dist 100 = 12.806 | Init Dist 1000 = 12.806 | Learner Steps = 23792 | Learner Walltime = 4688.537 | Min Dist = 0.013 | Min Dist 10 = 0.514 | Min Dist 100 = 0.421 | Min Dist 1000 = 0.384 | Steps Per Second = 83.656 | Success = 1.000 | Success 1000 = 0.961
I0502 16:24:26.008044 139579566835264 terminal.py:91] [Evaluator] Actor Episodes = 30659 | Actor Steps = 1532950 | Delta Dist = 12.694 | Delta Dist 10 = 11.543 | Delta Dist 100 = 11.771 | Delta Dist 1000 = 11.745 | Episode Length = 50 | Episode Return = 19.0 | Evaluator Episodes = 7773 | Evaluator Steps = 388650 | Final Dist = 0.112 | Final Dist 10 = 1.264 | Final Dist 100 = 1.035 | Final Dist 1000 = 1.061 | Init Dist = 12.806 | Init Dist 10 = 12.806 | Init Dist 100 = 12.806 | Init Dist 1000 = 12.806 | Learner Steps = 23798 | Learner Walltime = 4689.753 | Min Dist = 0.112 | Min Dist 10 = 0.520 | Min Dist 100 = 0.421 | Min Dist 1000 = 0.383 | Steps Per Second = 84.651 | Success = 1.000 | Success 1000 = 0.961
I0502 16:24:27.291473 139579566835264 terminal.py:91] [Evaluator] Actor Episodes = 30667 | Actor Steps = 1533350 | Delta Dist = 11.920 | Delta Dist 10 = 11.698 | Delta Dist 100 = 11.777 | Delta Dist 1000 = 11.745 | Episode Length = 50 | Episode Return = 19.0 | Evaluator Episodes = 7775 | Evaluator Steps = 388750 | Final Dist = 0.886 | Final Dist 10 = 1.108 | Final Dist 100 = 1.029 | Final Dist 1000 = 1.061 | Init Dist = 12.806 | Init Dist 10 = 12.806 | Init Dist 100 = 12.806 | Init Dist 1000 = 12.806 | Learner Steps = 23804 | Learner Walltime = 4690.989 | Min Dist = 0.074 | Min Dist 10 = 0.514 | Min Dist 100 = 0.414 | Min Dist 1000 = 0.383 | Steps Per Second = 79.139 | Success = 1.000 | Success 1000 = 0.961
I0502 16:24:27.889471 139558059398720 terminal.py:91] [Actor] Actor Episodes = 30673 | Actor Steps = 1533650 | Delta Dist = 2.834 | Delta Dist 10 = 3.429 | Delta Dist 100 = 4.542 | Delta Dist 1000 = 4.364 | Episode Length = 50 | Episode Return = 28.0 | Evaluator Episodes = 7775 | Evaluator Steps = 388750 | Final Dist = 5.228 | Final Dist 10 = 1.721 | Final Dist 100 = 1.562 | Final Dist 1000 = 1.565 | Init Dist = 8.062 | Init Dist 10 = 5.150 | Init Dist 100 = 6.104 | Init Dist 1000 = 5.929 | Learner Steps = 23804 | Learner Walltime = 4690.989 | Min Dist = 0.411 | Min Dist 10 = 0.216 | Min Dist 100 = 0.188 | Min Dist 1000 = 0.257 | Steps Per Second = 80.728 | Success = 1.000 | Success 1000 = 0.992
I0502 16:24:28.614654 139569349502528 terminal.py:91] [Actor] Actor Episodes = 30676 | Actor Steps = 1533800 | Delta Dist = 3.812 | Delta Dist 10 = 2.926 | Delta Dist 100 = 4.315 | Delta Dist 1000 = 4.345 | Episode Length = 50 | Episode Return = 32.0 | Evaluator Episodes = 7775 | Evaluator Steps = 388750 | Final Dist = 0.188 | Final Dist 10 = 1.819 | Final Dist 100 = 1.625 | Final Dist 1000 = 1.575 | Init Dist = 4.000 | Init Dist 10 = 4.745 | Init Dist 100 = 5.939 | Init Dist 1000 = 5.920 | Learner Steps = 23804 | Learner Walltime = 4690.989 | Min Dist = 0.188 | Min Dist 10 = 0.226 | Min Dist 100 = 0.194 | Min Dist 1000 = 0.256 | Steps Per Second = 69.824 | Success = 1.000 | Success 1000 = 0.992
I0502 16:24:28.635307 139579566835264 terminal.py:91] [Evaluator] Actor Episodes = 30677 | Actor Steps = 1533850 | Delta Dist = 11.266 | Delta Dist 10 = 11.769 | Delta Dist 100 = 11.770 | Delta Dist 1000 = 11.744 | Episode Length = 50 | Episode Return = 23.0 | Evaluator Episodes = 7777 | Evaluator Steps = 388850 | Final Dist = 1.541 | Final Dist 10 = 1.037 | Final Dist 100 = 1.036 | Final Dist 1000 = 1.062 | Init Dist = 12.806 | Init Dist 10 = 12.806 | Init Dist 100 = 12.806 | Init Dist 1000 = 12.806 | Learner Steps = 23810 | Learner Walltime = 4692.178 | Min Dist = 0.279 | Min Dist 10 = 0.497 | Min Dist 100 = 0.409 | Min Dist 1000 = 0.383 | Steps Per Second = 70.774 | Success = 1.000 | Success 1000 = 0.961
I0502 16:24:29.238934 139555860620864 terminal.py:91] [Actor] Actor Episodes = 30678 | Actor Steps = 1533900 | Delta Dist = 6.979 | Delta Dist 10 = 2.877 | Delta Dist 100 = 4.241 | Delta Dist 1000 = 4.345 | Episode Length = 50 | Episode Return = 44.0 | Evaluator Episodes = 7775 | Evaluator Steps = 388750 | Final Dist = 0.092 | Final Dist 10 = 2.007 | Final Dist 100 = 1.643 | Final Dist 1000 = 1.576 | Init Dist = 7.071 | Init Dist 10 = 4.884 | Init Dist 100 = 5.884 | Init Dist 1000 = 5.921 | Learner Steps = 23810 | Learner Walltime = 4692.178 | Min Dist = 0.016 | Min Dist 10 = 0.159 | Min Dist 100 = 0.195 | Min Dist 1000 = 0.257 | Steps Per Second = 76.857 | Success = 1.000 | Success 1000 = 0.992
I0502 16:24:29.784662 139579566835264 terminal.py:91] [Evaluator] Actor Episodes = 30683 | Actor Steps = 1534150 | Delta Dist = 11.545 | Delta Dist 10 = 11.883 | Delta Dist 100 = 11.758 | Delta Dist 1000 = 11.743 | Episode Length = 50 | Episode Return = 2.0 | Evaluator Episodes = 7779 | Evaluator Steps = 388950 | Final Dist = 1.261 | Final Dist 10 = 0.923 | Final Dist 100 = 1.048 | Final Dist 1000 = 1.063 | Init Dist = 12.806 | Init Dist 10 = 12.806 | Init Dist 100 = 12.806 | Init Dist 1000 = 12.806 | Learner Steps = 23816 | Learner Walltime = 4693.193 | Min Dist = 0.713 | Min Dist 10 = 0.175 | Min Dist 100 = 0.415 | Min Dist 1000 = 0.384 | Steps Per Second = 94.262 | Success = 1.000 | Success 1000 = 0.961
I0502 16:24:30.625718 139555013154368 terminal.py:91] [Learner] Actor Episodes = 30685 | Actor Loss = 3.7229387760162354 | Actor Steps = 1534250 | Binary Accuracy = 0.9960594177246094 | Categorical Accuracy = 0.4285888671875 | Critic Loss = 1.754530429840088 | Entropy Mean = -20.898731231689453 | Evaluator Episodes = 7779 | Evaluator Steps = 388950 | Learner Steps = 23824 | Learner Walltime = 4694.824 | Logits Neg = -17.228981018066406 | Logits Pos = -1.7524538040161133 | Logsumexp = 1.142140507698059 | Steps Per Second = 156.542
I0502 16:24:31.010858 139579566835264 terminal.py:91] [Evaluator] Actor Episodes = 30693 | Actor Steps = 1534650 | Delta Dist = 11.689 | Delta Dist 10 = 11.792 | Delta Dist 100 = 11.747 | Delta Dist 1000 = 11.742 | Episode Length = 50 | Episode Return = 14.0 | Evaluator Episodes = 7781 | Evaluator Steps = 389050 | Final Dist = 1.117 | Final Dist 10 = 1.014 | Final Dist 100 = 1.059 | Final Dist 1000 = 1.064 | Init Dist = 12.806 | Init Dist 10 = 12.806 | Init Dist 100 = 12.806 | Init Dist 1000 = 12.806 | Learner Steps = 23821 | Learner Walltime = 4694.224 | Min Dist = 0.073 | Min Dist 10 = 0.252 | Min Dist 100 = 0.420 | Min Dist 1000 = 0.384 | Steps Per Second = 77.526 | Success = 1.000 | Success 1000 = 0.961
I0502 16:24:31.359538 139557462840896 terminal.py:91] [Actor] Actor Episodes = 30695 | Actor Steps = 1534750 | Delta Dist = 3.953 | Delta Dist 10 = 4.070 | Delta Dist 100 = 3.978 | Delta Dist 1000 = 4.334 | Episode Length = 50 | Episode Return = 43.0 | Evaluator Episodes = 7781 | Evaluator Steps = 389050 | Final Dist = 0.170 | Final Dist 10 = 1.775 | Final Dist 100 = 1.937 | Final Dist 1000 = 1.589 | Init Dist = 4.123 | Init Dist 10 = 5.845 | Init Dist 100 = 5.915 | Init Dist 1000 = 5.923 | Learner Steps = 23826 | Learner Walltime = 4695.265 | Min Dist = 0.053 | Min Dist 10 = 0.526 | Min Dist 100 = 0.367 | Min Dist 1000 = 0.272 | Steps Per Second = 72.087 | Success = 1.000 | Success 1000 = 0.992
I0502 16:24:32.237173 139579566835264 terminal.py:91] [Evaluator] Actor Episodes = 30699 | Actor Steps = 1534950 | Delta Dist = 11.499 | Delta Dist 10 = 11.751 | Delta Dist 100 = 11.747 | Delta Dist 1000 = 11.742 | Episode Length = 50 | Episode Return = 19.0 | Evaluator Episodes = 7783 | Evaluator Steps = 389150 | Final Dist = 1.308 | Final Dist 10 = 1.055 | Final Dist 100 = 1.059 | Final Dist 1000 = 1.065 | Init Dist = 12.806 | Init Dist 10 = 12.806 | Init Dist 100 = 12.806 | Init Dist 1000 = 12.806 | Learner Steps = 23832 | Learner Walltime = 4696.268 | Min Dist = 0.186 | Min Dist 10 = 0.292 | Min Dist 100 = 0.424 | Min Dist 1000 = 0.385 | Steps Per Second = 83.294 | Success = 1.000 | Success 1000 = 0.961
I0502 16:24:33.333145 139579566835264 terminal.py:91] [Evaluator] Actor Episodes = 30708 | Actor Steps = 1535400 | Delta Dist = 12.581 | Delta Dist 10 = 11.676 | Delta Dist 100 = 11.758 | Delta Dist 1000 = 11.743 | Episode Length = 50 | Episode Return = 18.0 | Evaluator Episodes = 7785 | Evaluator Steps = 389250 | Final Dist = 0.225 | Final Dist 10 = 1.131 | Final Dist 100 = 1.049 | Final Dist 1000 = 1.064 | Init Dist = 12.806 | Init Dist 10 = 12.806 | Init Dist 100 = 12.806 | Init Dist 1000 = 12.806 | Learner Steps = 23837 | Learner Walltime = 4697.269 | Min Dist = 0.166 | Min Dist 10 = 0.307 | Min Dist 100 = 0.422 | Min Dist 1000 = 0.385 | Steps Per Second = 88.830 | Success = 1.000 | Success 1000 = 0.961
I0502 16:24:33.616732 139584504182336 lp_utils.py:96] StepsLimiter: Reached 1535400 recorded steps
I0502 16:24:34.412634 139579566835264 terminal.py:91] [Evaluator] Actor Episodes = 30717 | Actor Steps = 1535850 | Delta Dist = 11.771 | Delta Dist 10 = 11.791 | Delta Dist 100 = 11.780 | Delta Dist 1000 = 11.745 | Episode Length = 50 | Episode Return = 5.0 | Evaluator Episodes = 7787 | Evaluator Steps = 389350 | Final Dist = 1.035 | Final Dist 10 = 1.015 | Final Dist 100 = 1.026 | Final Dist 1000 = 1.061 | Init Dist = 12.806 | Init Dist 10 = 12.806 | Init Dist 100 = 12.806 | Init Dist 1000 = 12.806 | Learner Steps = 23843 | Learner Walltime = 4698.394 | Min Dist = 0.498 | Min Dist 10 = 0.308 | Min Dist 100 = 0.419 | Min Dist 1000 = 0.384 | Steps Per Second = 97.717 | Success = 1.000 | Success 1000 = 0.961
I0502 16:24:35.598693 139579566835264 terminal.py:91] [Evaluator] Actor Episodes = 30725 | Actor Steps = 1536250 | Delta Dist = 11.413 | Delta Dist 10 = 11.890 | Delta Dist 100 = 11.783 | Delta Dist 1000 = 11.744 | Episode Length = 50 | Episode Return = 2.0 | Evaluator Episodes = 7789 | Evaluator Steps = 389450 | Final Dist = 1.393 | Final Dist 10 = 0.916 | Final Dist 100 = 1.024 | Final Dist 1000 = 1.063 | Init Dist = 12.806 | Init Dist 10 = 12.806 | Init Dist 100 = 12.806 | Init Dist 1000 = 12.806 | Learner Steps = 23849 | Learner Walltime = 4699.530 | Min Dist = 0.522 | Min Dist 10 = 0.345 | Min Dist 100 = 0.428 | Min Dist 1000 = 0.385 | Steps Per Second = 76.573 | Success = 1.000 | Success 1000 = 0.961
I0502 16:24:36.778218 139579566835264 terminal.py:91] [Evaluator] Actor Episodes = 30733 | Actor Steps = 1536650 | Delta Dist = 11.780 | Delta Dist 10 = 11.936 | Delta Dist 100 = 11.839 | Delta Dist 1000 = 11.744 | Episode Length = 50 | Episode Return = 3.0 | Evaluator Episodes = 7791 | Evaluator Steps = 389550 | Final Dist = 1.026 | Final Dist 10 = 0.870 | Final Dist 100 = 0.968 | Final Dist 1000 = 1.062 | Init Dist = 12.806 | Init Dist 10 = 12.806 | Init Dist 100 = 12.806 | Init Dist 1000 = 12.806 | Learner Steps = 23854 | Learner Walltime = 4700.776 | Min Dist = 0.539 | Min Dist 10 = 0.297 | Min Dist 100 = 0.368 | Min Dist 1000 = 0.386 | Steps Per Second = 92.766 | Success = 1.000 | Success 1000 = 0.961
I0502 16:24:38.047432 139579566835264 terminal.py:91] [Evaluator] Actor Episodes = 30741 | Actor Steps = 1537050 | Delta Dist = 11.509 | Delta Dist 10 = 11.948 | Delta Dist 100 = 11.829 | Delta Dist 1000 = 11.743 | Episode Length = 50 | Episode Return = 5.0 | Evaluator Episodes = 7793 | Evaluator Steps = 389650 | Final Dist = 1.297 | Final Dist 10 = 0.858 | Final Dist 100 = 0.978 | Final Dist 1000 = 1.063 | Init Dist = 12.806 | Init Dist 10 = 12.806 | Init Dist 100 = 12.806 | Init Dist 1000 = 12.806 | Learner Steps = 23861 | Learner Walltime = 4701.818 | Min Dist = 0.189 | Min Dist 10 = 0.385 | Min Dist 100 = 0.382 | Min Dist 1000 = 0.387 | Steps Per Second = 76.001 | Success = 1.000 | Success 1000 = 0.961
I0502 16:24:38.236725 139558059398720 terminal.py:91] [Actor] Actor Episodes = 30738 | Actor Steps = 1536900 | Delta Dist = 1.645 | Delta Dist 10 = 4.144 | Delta Dist 100 = 3.838 | Delta Dist 1000 = 4.287 | Episode Length = 50 | Episode Return = 25.0 | Evaluator Episodes = 7791 | Evaluator Steps = 389550 | Final Dist = 0.591 | Final Dist 10 = 0.550 | Final Dist 100 = 1.703 | Final Dist 1000 = 1.572 | Init Dist = 2.236 | Init Dist 10 = 4.695 | Init Dist 100 = 5.541 | Init Dist 1000 = 5.859 | Learner Steps = 23861 | Learner Walltime = 4701.818 | Min Dist = 0.202 | Min Dist 10 = 0.080 | Min Dist 100 = 0.286 | Min Dist 1000 = 0.270 | Steps Per Second = 92.225 | Success = 1.000 | Success 1000 = 0.995
I0502 16:24:38.968075 139569349502528 terminal.py:91] [Actor] Actor Episodes = 30747 | Actor Steps = 1537350 | Delta Dist = 2.936 | Delta Dist 10 = 3.604 | Delta Dist 100 = 3.631 | Delta Dist 1000 = 4.287 | Episode Length = 50 | Episode Return = 40.0 | Evaluator Episodes = 7793 | Evaluator Steps = 389650 | Final Dist = 0.669 | Final Dist 10 = 0.454 | Final Dist 100 = 1.681 | Final Dist 1000 = 1.572 | Init Dist = 3.606 | Init Dist 10 = 4.058 | Init Dist 100 = 5.312 | Init Dist 1000 = 5.858 | Learner Steps = 23865 | Learner Walltime = 4702.834 | Min Dist = 0.155 | Min Dist 10 = 0.083 | Min Dist 100 = 0.283 | Min Dist 1000 = 0.270 | Steps Per Second = 78.211 | Success = 1.000 | Success 1000 = 0.995
I0502 16:24:39.298346 139579566835264 terminal.py:91] [Evaluator] Actor Episodes = 30749 | Actor Steps = 1537450 | Delta Dist = 11.198 | Delta Dist 10 = 11.835 | Delta Dist 100 = 11.818 | Delta Dist 1000 = 11.742 | Episode Length = 50 | Episode Return = 15.0 | Evaluator Episodes = 7795 | Evaluator Steps = 389750 | Final Dist = 1.608 | Final Dist 10 = 0.971 | Final Dist 100 = 0.988 | Final Dist 1000 = 1.064 | Init Dist = 12.806 | Init Dist 10 = 12.806 | Init Dist 100 = 12.806 | Init Dist 1000 = 12.806 | Learner Steps = 23865 | Learner Walltime = 4702.834 | Min Dist = 0.403 | Min Dist 10 = 0.386 | Min Dist 100 = 0.379 | Min Dist 1000 = 0.387 | Steps Per Second = 78.926 | Success = 1.000 | Success 1000 = 0.961
I0502 16:24:39.390468 139555860620864 terminal.py:91] [Actor] Actor Episodes = 30744 | Actor Steps = 1537200 | Delta Dist = 5.037 | Delta Dist 10 = 4.515 | Delta Dist 100 = 3.664 | Delta Dist 1000 = 4.284 | Episode Length = 50 | Episode Return = 41.0 | Evaluator Episodes = 7793 | Evaluator Steps = 389650 | Final Dist = 0.348 | Final Dist 10 = 0.462 | Final Dist 100 = 1.657 | Final Dist 1000 = 1.570 | Init Dist = 5.385 | Init Dist 10 = 4.977 | Init Dist 100 = 5.321 | Init Dist 1000 = 5.854 | Learner Steps = 23865 | Learner Walltime = 4702.834 | Min Dist = 0.143 | Min Dist 10 = 0.108 | Min Dist 100 = 0.280 | Min Dist 1000 = 0.270 | Steps Per Second = 85.365 | Success = 1.000 | Success 1000 = 0.995
I0502 16:24:40.595116 139579566835264 terminal.py:91] [Evaluator] Actor Episodes = 30757 | Actor Steps = 1537850 | Delta Dist = 11.853 | Delta Dist 10 = 11.576 | Delta Dist 100 = 11.805 | Delta Dist 1000 = 11.741 | Episode Length = 50 | Episode Return = 6.0 | Evaluator Episodes = 7797 | Evaluator Steps = 389850 | Final Dist = 0.953 | Final Dist 10 = 1.230 | Final Dist 100 = 1.001 | Final Dist 1000 = 1.065 | Init Dist = 12.806 | Init Dist 10 = 12.806 | Init Dist 100 = 12.806 | Init Dist 1000 = 12.806 | Learner Steps = 23870 | Learner Walltime = 4703.877 | Min Dist = 0.409 | Min Dist 10 = 0.413 | Min Dist 100 = 0.377 | Min Dist 1000 = 0.387 | Steps Per Second = 79.213 | Success = 1.000 | Success 1000 = 0.961
I0502 16:24:40.901905 139555013154368 terminal.py:91] [Learner] Actor Episodes = 30757 | Actor Loss = 3.735214948654175 | Actor Steps = 1537850 | Binary Accuracy = 0.9960861206054688 | Categorical Accuracy = 0.427978515625 | Critic Loss = 1.8041000366210938 | Entropy Mean = -19.583168029785156 | Evaluator Episodes = 7797 | Evaluator Steps = 389850 | Learner Steps = 23876 | Learner Walltime = 4705.098 | Logits Neg = -17.247089385986328 | Logits Pos = -1.8170078992843628 | Logsumexp = 1.0614778995513916 | Steps Per Second = 140.384
I0502 16:24:41.669296 139557462840896 terminal.py:91] [Actor] Actor Episodes = 30765 | Actor Steps = 1538250 | Delta Dist = 2.232 | Delta Dist 10 = 6.260 | Delta Dist 100 = 3.979 | Delta Dist 1000 = 4.287 | Episode Length = 50 | Episode Return = 22.0 | Evaluator Episodes = 7797 | Evaluator Steps = 389850 | Final Dist = 1.373 | Final Dist 10 = 0.859 | Final Dist 100 = 1.439 | Final Dist 1000 = 1.565 | Init Dist = 3.606 | Init Dist 10 = 7.118 | Init Dist 100 = 5.418 | Init Dist 1000 = 5.852 | Learner Steps = 23876 | Learner Walltime = 4705.098 | Min Dist = 0.078 | Min Dist 10 = 0.168 | Min Dist 100 = 0.280 | Min Dist 1000 = 0.270 | Steps Per Second = 84.244 | Success = 1.000 | Success 1000 = 0.995
I0502 16:24:41.721969 139579566835264 terminal.py:91] [Evaluator] Actor Episodes = 30765 | Actor Steps = 1538250 | Delta Dist = 11.496 | Delta Dist 10 = 11.536 | Delta Dist 100 = 11.797 | Delta Dist 1000 = 11.741 | Episode Length = 50 | Episode Return = 14.0 | Evaluator Episodes = 7799 | Evaluator Steps = 389950 | Final Dist = 1.310 | Final Dist 10 = 1.270 | Final Dist 100 = 1.009 | Final Dist 1000 = 1.065 | Init Dist = 12.806 | Init Dist 10 = 12.806 | Init Dist 100 = 12.806 | Init Dist 1000 = 12.806 | Learner Steps = 23876 | Learner Walltime = 4705.098 | Min Dist = 0.075 | Min Dist 10 = 0.410 | Min Dist 100 = 0.383 | Min Dist 1000 = 0.388 | Steps Per Second = 88.491 | Success = 1.000 | Success 1000 = 0.961
I0502 16:24:42.918031 139579566835264 terminal.py:91] [Evaluator] Actor Episodes = 30773 | Actor Steps = 1538650 | Delta Dist = 12.128 | Delta Dist 10 = 11.496 | Delta Dist 100 = 11.849 | Delta Dist 1000 = 11.740 | Episode Length = 50 | Episode Return = 22.0 | Evaluator Episodes = 7801 | Evaluator Steps = 390050 | Final Dist = 0.678 | Final Dist 10 = 1.310 | Final Dist 100 = 0.958 | Final Dist 1000 = 1.066 | Init Dist = 12.806 | Init Dist 10 = 12.806 | Init Dist 100 = 12.806 | Init Dist 1000 = 12.806 | Learner Steps = 23883 | Learner Walltime = 4706.319 | Min Dist = 0.085 | Min Dist 10 = 0.412 | Min Dist 100 = 0.322 | Min Dist 1000 = 0.388 | Steps Per Second = 82.954 | Success = 1.000 | Success 1000 = 0.961
I0502 16:24:43.639140 139584504182336 lp_utils.py:96] StepsLimiter: Reached 1538750 recorded steps
I0502 16:24:44.135451 139579566835264 terminal.py:91] [Evaluator] Actor Episodes = 30781 | Actor Steps = 1539050 | Delta Dist = 11.387 | Delta Dist 10 = 11.607 | Delta Dist 100 = 11.856 | Delta Dist 1000 = 11.741 | Episode Length = 50 | Episode Return = 30.0 | Evaluator Episodes = 7803 | Evaluator Steps = 390150 | Final Dist = 1.419 | Final Dist 10 = 1.200 | Final Dist 100 = 0.950 | Final Dist 1000 = 1.066 | Init Dist = 12.806 | Init Dist 10 = 12.806 | Init Dist 100 = 12.806 | Init Dist 1000 = 12.806 | Learner Steps = 23890 | Learner Walltime = 4707.574 | Min Dist = 0.118 | Min Dist 10 = 0.315 | Min Dist 100 = 0.323 | Min Dist 1000 = 0.388 | Steps Per Second = 85.029 | Success = 1.000 | Success 1000 = 0.961
I0502 16:24:45.410646 139579566835264 terminal.py:91] [Evaluator] Actor Episodes = 30789 | Actor Steps = 1539450 | Delta Dist = 12.187 | Delta Dist 10 = 11.638 | Delta Dist 100 = 11.845 | Delta Dist 1000 = 11.741 | Episode Length = 50 | Episode Return = 19.0 | Evaluator Episodes = 7805 | Evaluator Steps = 390250 | Final Dist = 0.620 | Final Dist 10 = 1.169 | Final Dist 100 = 0.961 | Final Dist 1000 = 1.065 | Init Dist = 12.806 | Init Dist 10 = 12.806 | Init Dist 100 = 12.806 | Init Dist 1000 = 12.806 | Learner Steps = 23895 | Learner Walltime = 4708.755 | Min Dist = 0.336 | Min Dist 10 = 0.329 | Min Dist 100 = 0.326 | Min Dist 1000 = 0.388 | Steps Per Second = 81.281 | Success = 1.000 | Success 1000 = 0.961
I0502 16:24:46.674670 139579566835264 terminal.py:91] [Evaluator] Actor Episodes = 30797 | Actor Steps = 1539850 | Delta Dist = 11.536 | Delta Dist 10 = 11.820 | Delta Dist 100 = 11.857 | Delta Dist 1000 = 11.741 | Episode Length = 50 | Episode Return = 2.0 | Evaluator Episodes = 7807 | Evaluator Steps = 390350 | Final Dist = 1.271 | Final Dist 10 = 0.986 | Final Dist 100 = 0.949 | Final Dist 1000 = 1.065 | Init Dist = 12.806 | Init Dist 10 = 12.806 | Init Dist 100 = 12.806 | Init Dist 1000 = 12.806 | Learner Steps = 23902 | Learner Walltime = 4709.988 | Min Dist = 0.555 | Min Dist 10 = 0.322 | Min Dist 100 = 0.327 | Min Dist 1000 = 0.388 | Steps Per Second = 91.963 | Success = 1.000 | Success 1000 = 0.961
I0502 16:24:47.947225 139579566835264 terminal.py:91] [Evaluator] Actor Episodes = 30805 | Actor Steps = 1540250 | Delta Dist = 11.814 | Delta Dist 10 = 11.899 | Delta Dist 100 = 11.858 | Delta Dist 1000 = 11.742 | Episode Length = 50 | Episode Return = 21.0 | Evaluator Episodes = 7809 | Evaluator Steps = 390450 | Final Dist = 0.992 | Final Dist 10 = 0.907 | Final Dist 100 = 0.948 | Final Dist 1000 = 1.064 | Init Dist = 12.806 | Init Dist 10 = 12.806 | Init Dist 100 = 12.806 | Init Dist 1000 = 12.806 | Learner Steps = 23908 | Learner Walltime = 4711.338 | Min Dist = 0.128 | Min Dist 10 = 0.278 | Min Dist 100 = 0.329 | Min Dist 1000 = 0.388 | Steps Per Second = 82.349 | Success = 1.000 | Success 1000 = 0.961
I0502 16:24:48.297568 139558059398720 terminal.py:91] [Actor] Actor Episodes = 30804 | Actor Steps = 1540200 | Delta Dist = 3.090 | Delta Dist 10 = 2.909 | Delta Dist 100 = 4.276 | Delta Dist 1000 = 4.263 | Episode Length = 50 | Episode Return = 39.0 | Evaluator Episodes = 7807 | Evaluator Steps = 390350 | Final Dist = 0.515 | Final Dist 10 = 1.204 | Final Dist 100 = 1.182 | Final Dist 1000 = 1.561 | Init Dist = 3.606 | Init Dist 10 = 4.114 | Init Dist 100 = 5.458 | Init Dist 1000 = 5.824 | Learner Steps = 23908 | Learner Walltime = 4711.338 | Min Dist = 0.022 | Min Dist 10 = 0.127 | Min Dist 100 = 0.092 | Min Dist 1000 = 0.266 | Steps Per Second = 78.303 | Success = 1.000 | Success 1000 = 0.995
I0502 16:24:49.207726 139579566835264 terminal.py:91] [Evaluator] Actor Episodes = 30813 | Actor Steps = 1540650 | Delta Dist = 12.293 | Delta Dist 10 = 11.921 | Delta Dist 100 = 11.853 | Delta Dist 1000 = 11.741 | Episode Length = 50 | Episode Return = 31.0 | Evaluator Episodes = 7811 | Evaluator Steps = 390550 | Final Dist = 0.513 | Final Dist 10 = 0.886 | Final Dist 100 = 0.953 | Final Dist 1000 = 1.065 | Init Dist = 12.806 | Init Dist 10 = 12.806 | Init Dist 100 = 12.806 | Init Dist 1000 = 12.806 | Learner Steps = 23915 | Learner Walltime = 4712.625 | Min Dist = 0.438 | Min Dist 10 = 0.233 | Min Dist 100 = 0.314 | Min Dist 1000 = 0.388 | Steps Per Second = 74.471 | Success = 1.000 | Success 1000 = 0.961
I0502 16:24:49.556457 139569349502528 terminal.py:91] [Actor] Actor Episodes = 30812 | Actor Steps = 1540600 | Delta Dist = 5.298 | Delta Dist 10 = 4.171 | Delta Dist 100 = 4.281 | Delta Dist 1000 = 4.253 | Episode Length = 50 | Episode Return = 32.0 | Evaluator Episodes = 7809 | Evaluator Steps = 390450 | Final Dist = 0.785 | Final Dist 10 = 2.800 | Final Dist 100 = 1.408 | Final Dist 1000 = 1.577 | Init Dist = 6.083 | Init Dist 10 = 6.971 | Init Dist 100 = 5.690 | Init Dist 1000 = 5.831 | Learner Steps = 23915 | Learner Walltime = 4712.625 | Min Dist = 0.036 | Min Dist 10 = 1.294 | Min Dist 100 = 0.210 | Min Dist 1000 = 0.278 | Steps Per Second = 81.982 | Success = 1.000 | Success 1000 = 0.995
I0502 16:24:49.756059 139555860620864 terminal.py:91] [Actor] Actor Episodes = 30815 | Actor Steps = 1540750 | Delta Dist = 7.092 | Delta Dist 10 = 4.499 | Delta Dist 100 = 4.376 | Delta Dist 1000 = 4.258 | Episode Length = 50 | Episode Return = 38.0 | Evaluator Episodes = 7811 | Evaluator Steps = 390550 | Final Dist = 0.119 | Final Dist 10 = 2.744 | Final Dist 100 = 1.382 | Final Dist 1000 = 1.578 | Init Dist = 7.211 | Init Dist 10 = 7.243 | Init Dist 100 = 5.758 | Init Dist 1000 = 5.836 | Learner Steps = 23920 | Learner Walltime = 4713.826 | Min Dist = 0.111 | Min Dist 10 = 1.292 | Min Dist 100 = 0.209 | Min Dist 1000 = 0.278 | Steps Per Second = 78.255 | Success = 1.000 | Success 1000 = 0.995
I0502 16:24:50.461318 139579566835264 terminal.py:91] [Evaluator] Actor Episodes = 30821 | Actor Steps = 1541050 | Delta Dist = 11.746 | Delta Dist 10 = 11.859 | Delta Dist 100 = 11.843 | Delta Dist 1000 = 11.741 | Episode Length = 50 | Episode Return = 16.0 | Evaluator Episodes = 7813 | Evaluator Steps = 390650 | Final Dist = 1.060 | Final Dist 10 = 0.947 | Final Dist 100 = 0.963 | Final Dist 1000 = 1.065 | Init Dist = 12.806 | Init Dist 10 = 12.806 | Init Dist 100 = 12.806 | Init Dist 1000 = 12.806 | Learner Steps = 23920 | Learner Walltime = 4713.826 | Min Dist = 0.073 | Min Dist 10 = 0.226 | Min Dist 100 = 0.317 | Min Dist 1000 = 0.388 | Steps Per Second = 82.128 | Success = 1.000 | Success 1000 = 0.961
I0502 16:24:50.910897 139555013154368 terminal.py:91] [Learner] Actor Episodes = 30821 | Actor Loss = 3.630950927734375 | Actor Steps = 1541050 | Binary Accuracy = 0.9959843158721924 | Categorical Accuracy = 0.4139404296875 | Critic Loss = 1.8497446775436401 | Entropy Mean = -19.745243072509766 | Evaluator Episodes = 7813 | Evaluator Steps = 390650 | Learner Steps = 23927 | Learner Walltime = 4715.106 | Logits Neg = -16.830331802368164 | Logits Pos = -1.84840989112854 | Logsumexp = 1.099031925201416 | Steps Per Second = 922.018
I0502 16:24:51.698383 139579566835264 terminal.py:91] [Evaluator] Actor Episodes = 30829 | Actor Steps = 1541450 | Delta Dist = 11.950 | Delta Dist 10 = 11.900 | Delta Dist 100 = 11.847 | Delta Dist 1000 = 11.741 | Episode Length = 50 | Episode Return = 27.0 | Evaluator Episodes = 7815 | Evaluator Steps = 390750 | Final Dist = 0.856 | Final Dist 10 = 0.906 | Final Dist 100 = 0.959 | Final Dist 1000 = 1.065 | Init Dist = 12.806 | Init Dist 10 = 12.806 | Init Dist 100 = 12.806 | Init Dist 1000 = 12.806 | Learner Steps = 23926 | Learner Walltime = 4715.036 | Min Dist = 0.074 | Min Dist 10 = 0.199 | Min Dist 100 = 0.312 | Min Dist 1000 = 0.387 | Steps Per Second = 81.391 | Success = 1.000 | Success 1000 = 0.961
I0502 16:24:51.955293 139557462840896 terminal.py:91] [Actor] Actor Episodes = 30828 | Actor Steps = 1541400 | Delta Dist = 2.672 | Delta Dist 10 = 4.276 | Delta Dist 100 = 4.433 | Delta Dist 1000 = 4.286 | Episode Length = 50 | Episode Return = 41.0 | Evaluator Episodes = 7813 | Evaluator Steps = 390650 | Final Dist = 0.933 | Final Dist 10 = 1.340 | Final Dist 100 = 1.369 | Final Dist 1000 = 1.553 | Init Dist = 3.606 | Init Dist 10 = 5.616 | Init Dist 100 = 5.802 | Init Dist 1000 = 5.838 | Learner Steps = 23926 | Learner Walltime = 4715.036 | Min Dist = 0.293 | Min Dist 10 = 0.154 | Min Dist 100 = 0.223 | Min Dist 1000 = 0.278 | Steps Per Second = 84.079 | Success = 1.000 | Success 1000 = 0.995
I0502 16:24:53.009308 139579566835264 terminal.py:91] [Evaluator] Actor Episodes = 30837 | Actor Steps = 1541850 | Delta Dist = 11.399 | Delta Dist 10 = 11.825 | Delta Dist 100 = 11.843 | Delta Dist 1000 = 11.742 | Episode Length = 50 | Episode Return = 2.0 | Evaluator Episodes = 7817 | Evaluator Steps = 390850 | Final Dist = 1.407 | Final Dist 10 = 0.982 | Final Dist 100 = 0.963 | Final Dist 1000 = 1.064 | Init Dist = 12.806 | Init Dist 10 = 12.806 | Init Dist 100 = 12.806 | Init Dist 1000 = 12.806 | Learner Steps = 23933 | Learner Walltime = 4716.279 | Min Dist = 0.716 | Min Dist 10 = 0.193 | Min Dist 100 = 0.312 | Min Dist 1000 = 0.386 | Steps Per Second = 75.441 | Success = 1.000 | Success 1000 = 0.962
I0502 16:24:53.659025 139584504182336 lp_utils.py:96] StepsLimiter: Reached 1541950 recorded steps
I0502 16:24:54.359258 139579566835264 terminal.py:91] [Evaluator] Actor Episodes = 30845 | Actor Steps = 1542250 | Delta Dist = 11.401 | Delta Dist 10 = 11.811 | Delta Dist 100 = 11.851 | Delta Dist 1000 = 11.743 | Episode Length = 50 | Episode Return = 3.0 | Evaluator Episodes = 7819 | Evaluator Steps = 390950 | Final Dist = 1.405 | Final Dist 10 = 0.995 | Final Dist 100 = 0.955 | Final Dist 1000 = 1.063 | Init Dist = 12.806 | Init Dist 10 = 12.806 | Init Dist 100 = 12.806 | Init Dist 1000 = 12.806 | Learner Steps = 23940 | Learner Walltime = 4717.623 | Min Dist = 0.388 | Min Dist 10 = 0.220 | Min Dist 100 = 0.318 | Min Dist 1000 = 0.386 | Steps Per Second = 73.347 | Success = 1.000 | Success 1000 = 0.962
I0502 16:24:55.660285 139579566835264 terminal.py:91] [Evaluator] Actor Episodes = 30853 | Actor Steps = 1542650 | Delta Dist = 11.891 | Delta Dist 10 = 11.821 | Delta Dist 100 = 11.847 | Delta Dist 1000 = 11.743 | Episode Length = 50 | Episode Return = 23.0 | Evaluator Episodes = 7821 | Evaluator Steps = 391050 | Final Dist = 0.916 | Final Dist 10 = 0.985 | Final Dist 100 = 0.959 | Final Dist 1000 = 1.064 | Init Dist = 12.806 | Init Dist 10 = 12.806 | Init Dist 100 = 12.806 | Init Dist 1000 = 12.806 | Learner Steps = 23945 | Learner Walltime = 4718.795 | Min Dist = 0.291 | Min Dist 10 = 0.270 | Min Dist 100 = 0.324 | Min Dist 1000 = 0.386 | Steps Per Second = 77.818 | Success = 1.000 | Success 1000 = 0.962
I0502 16:24:56.806152 139579566835264 terminal.py:91] [Evaluator] Actor Episodes = 30861 | Actor Steps = 1543050 | Delta Dist = 11.454 | Delta Dist 10 = 11.852 | Delta Dist 100 = 11.897 | Delta Dist 1000 = 11.743 | Episode Length = 50 | Episode Return = 8.0 | Evaluator Episodes = 7823 | Evaluator Steps = 391150 | Final Dist = 1.353 | Final Dist 10 = 0.954 | Final Dist 100 = 0.909 | Final Dist 1000 = 1.063 | Init Dist = 12.806 | Init Dist 10 = 12.806 | Init Dist 100 = 12.806 | Init Dist 1000 = 12.806 | Learner Steps = 23951 | Learner Walltime = 4719.866 | Min Dist = 0.481 | Min Dist 10 = 0.304 | Min Dist 100 = 0.277 | Min Dist 1000 = 0.386 | Steps Per Second = 98.317 | Success = 1.000 | Success 1000 = 0.962
I0502 16:24:58.084073 139579566835264 terminal.py:91] [Evaluator] Actor Episodes = 30869 | Actor Steps = 1543450 | Delta Dist = 11.969 | Delta Dist 10 = 11.781 | Delta Dist 100 = 11.890 | Delta Dist 1000 = 11.743 | Episode Length = 50 | Episode Return = 19.0 | Evaluator Episodes = 7825 | Evaluator Steps = 391250 | Final Dist = 0.837 | Final Dist 10 = 1.025 | Final Dist 100 = 0.917 | Final Dist 1000 = 1.064 | Init Dist = 12.806 | Init Dist 10 = 12.806 | Init Dist 100 = 12.806 | Init Dist 1000 = 12.806 | Learner Steps = 23957 | Learner Walltime = 4721.110 | Min Dist = 0.050 | Min Dist 10 = 0.353 | Min Dist 100 = 0.275 | Min Dist 1000 = 0.386 | Steps Per Second = 78.132 | Success = 1.000 | Success 1000 = 0.962
I0502 16:24:58.299538 139558059398720 terminal.py:91] [Actor] Actor Episodes = 30870 | Actor Steps = 1543500 | Delta Dist = 3.875 | Delta Dist 10 = 4.339 | Delta Dist 100 = 3.909 | Delta Dist 1000 = 4.239 | Episode Length = 50 | Episode Return = 27.0 | Evaluator Episodes = 7823 | Evaluator Steps = 391150 | Final Dist = 1.125 | Final Dist 10 = 0.442 | Final Dist 100 = 1.631 | Final Dist 1000 = 1.569 | Init Dist = 5.000 | Init Dist 10 = 4.782 | Init Dist 100 = 5.539 | Init Dist 1000 = 5.808 | Learner Steps = 23957 | Learner Walltime = 4721.110 | Min Dist = 0.141 | Min Dist 10 = 0.108 | Min Dist 100 = 0.385 | Min Dist 1000 = 0.290 | Steps Per Second = 82.140 | Success = 1.000 | Success 1000 = 0.995
I0502 16:24:59.196315 139579566835264 terminal.py:91] [Evaluator] Actor Episodes = 30877 | Actor Steps = 1543850 | Delta Dist = 12.644 | Delta Dist 10 = 11.781 | Delta Dist 100 = 11.882 | Delta Dist 1000 = 11.743 | Episode Length = 50 | Episode Return = 30.0 | Evaluator Episodes = 7827 | Evaluator Steps = 391350 | Final Dist = 0.162 | Final Dist 10 = 1.025 | Final Dist 100 = 0.924 | Final Dist 1000 = 1.064 | Init Dist = 12.806 | Init Dist 10 = 12.806 | Init Dist 100 = 12.806 | Init Dist 1000 = 12.806 | Learner Steps = 23963 | Learner Walltime = 4722.444 | Min Dist = 0.067 | Min Dist 10 = 0.347 | Min Dist 100 = 0.271 | Min Dist 1000 = 0.386 | Steps Per Second = 92.379 | Success = 1.000 | Success 1000 = 0.962
I0502 16:24:59.801961 139555860620864 terminal.py:91] [Actor] Actor Episodes = 30879 | Actor Steps = 1543950 | Delta Dist = -1.411 | Delta Dist 10 = 3.332 | Delta Dist 100 = 3.912 | Delta Dist 1000 = 4.232 | Episode Length = 50 | Episode Return = 0.0 | Evaluator Episodes = 7827 | Evaluator Steps = 391350 | Final Dist = 10.014 | Final Dist 10 = 1.389 | Final Dist 100 = 1.545 | Final Dist 1000 = 1.569 | Init Dist = 8.602 | Init Dist 10 = 4.721 | Init Dist 100 = 5.457 | Init Dist 1000 = 5.801 | Learner Steps = 23969 | Learner Walltime = 4723.516 | Min Dist = 0.030 | Min Dist 10 = 0.113 | Min Dist 100 = 0.389 | Min Dist 1000 = 0.290 | Steps Per Second = 86.556 | Success = 1.000 | Success 1000 = 0.995
I0502 16:25:00.136693 139569349502528 terminal.py:91] [Actor] Actor Episodes = 30885 | Actor Steps = 1544250 | Delta Dist = 4.582 | Delta Dist 10 = 3.612 | Delta Dist 100 = 3.948 | Delta Dist 1000 = 4.228 | Episode Length = 50 | Episode Return = 21.0 | Evaluator Episodes = 7827 | Evaluator Steps = 391350 | Final Dist = 0.517 | Final Dist 10 = 1.781 | Final Dist 100 = 1.516 | Final Dist 1000 = 1.568 | Init Dist = 5.099 | Init Dist 10 = 5.393 | Init Dist 100 = 5.464 | Init Dist 1000 = 5.796 | Learner Steps = 23969 | Learner Walltime = 4723.516 | Min Dist = 0.017 | Min Dist 10 = 0.105 | Min Dist 100 = 0.389 | Min Dist 1000 = 0.290 | Steps Per Second = 85.141 | Success = 1.000 | Success 1000 = 0.995
I0502 16:25:00.438805 139579566835264 terminal.py:91] [Evaluator] Actor Episodes = 30885 | Actor Steps = 1544250 | Delta Dist = 11.473 | Delta Dist 10 = 11.883 | Delta Dist 100 = 11.886 | Delta Dist 1000 = 11.743 | Episode Length = 50 | Episode Return = 28.0 | Evaluator Episodes = 7829 | Evaluator Steps = 391450 | Final Dist = 1.333 | Final Dist 10 = 0.923 | Final Dist 100 = 0.920 | Final Dist 1000 = 1.063 | Init Dist = 12.806 | Init Dist 10 = 12.806 | Init Dist 100 = 12.806 | Init Dist 1000 = 12.806 | Learner Steps = 23969 | Learner Walltime = 4723.516 | Min Dist = 0.103 | Min Dist 10 = 0.270 | Min Dist 100 = 0.270 | Min Dist 1000 = 0.386 | Steps Per Second = 82.052 | Success = 1.000 | Success 1000 = 0.962
I0502 16:25:00.922860 139555013154368 terminal.py:91] [Learner] Actor Episodes = 30885 | Actor Loss = 3.744821071624756 | Actor Steps = 1544250 | Binary Accuracy = 0.9960870742797852 | Categorical Accuracy = 0.432861328125 | Critic Loss = 1.8045276403427124 | Entropy Mean = -21.02890396118164 | Evaluator Episodes = 7829 | Evaluator Steps = 391450 | Learner Steps = 23978 | Learner Walltime = 4725.117 | Logits Neg = -17.10699462890625 | Logits Pos = -1.7766562700271606 | Logsumexp = 1.1293423175811768 | Steps Per Second = 1022.389
I0502 16:25:01.645112 139579566835264 terminal.py:91] [Evaluator] Actor Episodes = 30893 | Actor Steps = 1544650 | Delta Dist = 12.380 | Delta Dist 10 = 11.829 | Delta Dist 100 = 11.873 | Delta Dist 1000 = 11.742 | Episode Length = 50 | Episode Return = 9.0 | Evaluator Episodes = 7831 | Evaluator Steps = 391550 | Final Dist = 0.426 | Final Dist 10 = 0.977 | Final Dist 100 = 0.933 | Final Dist 1000 = 1.065 | Init Dist = 12.806 | Init Dist 10 = 12.806 | Init Dist 100 = 12.806 | Init Dist 1000 = 12.806 | Learner Steps = 23976 | Learner Walltime = 4724.918 | Min Dist = 0.193 | Min Dist 10 = 0.217 | Min Dist 100 = 0.269 | Min Dist 1000 = 0.386 | Steps Per Second = 89.835 | Success = 1.000 | Success 1000 = 0.962
I0502 16:25:02.256202 139557462840896 terminal.py:91] [Actor] Actor Episodes = 30893 | Actor Steps = 1544650 | Delta Dist = 2.298 | Delta Dist 10 = 4.047 | Delta Dist 100 = 3.800 | Delta Dist 1000 = 4.216 | Episode Length = 50 | Episode Return = 45.0 | Evaluator Episodes = 7829 | Evaluator Steps = 391450 | Final Dist = 0.531 | Final Dist 10 = 1.301 | Final Dist 100 = 1.561 | Final Dist 1000 = 1.570 | Init Dist = 2.828 | Init Dist 10 = 5.347 | Init Dist 100 = 5.361 | Init Dist 1000 = 5.787 | Learner Steps = 23976 | Learner Walltime = 4724.918 | Min Dist = 0.191 | Min Dist 10 = 0.046 | Min Dist 100 = 0.385 | Min Dist 1000 = 0.288 | Steps Per Second = 100.751 | Success = 1.000 | Success 1000 = 0.995
I0502 16:25:02.841082 139579566835264 terminal.py:91] [Evaluator] Actor Episodes = 30899 | Actor Steps = 1544950 | Delta Dist = 12.159 | Delta Dist 10 = 11.901 | Delta Dist 100 = 11.875 | Delta Dist 1000 = 11.743 | Episode Length = 50 | Episode Return = 14.0 | Evaluator Episodes = 7833 | Evaluator Steps = 391650 | Final Dist = 0.647 | Final Dist 10 = 0.905 | Final Dist 100 = 0.932 | Final Dist 1000 = 1.063 | Init Dist = 12.806 | Init Dist 10 = 12.806 | Init Dist 100 = 12.806 | Init Dist 1000 = 12.806 | Learner Steps = 23983 | Learner Walltime = 4726.074 | Min Dist = 0.248 | Min Dist 10 = 0.159 | Min Dist 100 = 0.269 | Min Dist 1000 = 0.386 | Steps Per Second = 84.910 | Success = 1.000 | Success 1000 = 0.962
I0502 16:25:03.680246 139584504182336 lp_utils.py:96] StepsLimiter: Reached 1545200 recorded steps
I0502 16:25:04.223014 139579566835264 terminal.py:91] [Evaluator] Actor Episodes = 30908 | Actor Steps = 1545400 | Delta Dist = 12.606 | Delta Dist 10 = 11.967 | Delta Dist 100 = 11.860 | Delta Dist 1000 = 11.742 | Episode Length = 50 | Episode Return = 8.0 | Evaluator Episodes = 7835 | Evaluator Steps = 391750 | Final Dist = 0.200 | Final Dist 10 = 0.840 | Final Dist 100 = 0.947 | Final Dist 1000 = 1.064 | Init Dist = 12.806 | Init Dist 10 = 12.806 | Init Dist 100 = 12.806 | Init Dist 1000 = 12.806 | Learner Steps = 23994 | Learner Walltime = 4728.205 | Min Dist = 0.200 | Min Dist 10 = 0.130 | Min Dist 100 = 0.272 | Min Dist 1000 = 0.386 | Steps Per Second = 72.865 | Success = 1.000 | Success 1000 = 0.962
I0502 16:25:05.290031 139579566835264 terminal.py:91] [Evaluator] Actor Episodes = 30916 | Actor Steps = 1545800 | Delta Dist = 11.699 | Delta Dist 10 = 12.094 | Delta Dist 100 = 11.866 | Delta Dist 1000 = 11.744 | Episode Length = 50 | Episode Return = 9.0 | Evaluator Episodes = 7837 | Evaluator Steps = 391850 | Final Dist = 1.107 | Final Dist 10 = 0.713 | Final Dist 100 = 0.941 | Final Dist 1000 = 1.062 | Init Dist = 12.806 | Init Dist 10 = 12.806 | Init Dist 100 = 12.806 | Init Dist 1000 = 12.806 | Learner Steps = 24000 | Learner Walltime = 4729.291 | Min Dist = 0.456 | Min Dist 10 = 0.151 | Min Dist 100 = 0.268 | Min Dist 1000 = 0.385 | Steps Per Second = 92.364 | Success = 1.000 | Success 1000 = 0.962
I0502 16:25:05.596636 139584635659840 savers.py:156] Saving checkpoint: logs/contrastive_cpc_point_FourRooms_64/5dd72662-2788-11f0-b183-d85ed38c5779/checkpoints/counter
I0502 16:25:06.429538 139579566835264 terminal.py:91] [Evaluator] Actor Episodes = 30924 | Actor Steps = 1546200 | Delta Dist = 11.465 | Delta Dist 10 = 11.936 | Delta Dist 100 = 11.859 | Delta Dist 1000 = 11.744 | Episode Length = 50 | Episode Return = 14.0 | Evaluator Episodes = 7839 | Evaluator Steps = 391950 | Final Dist = 1.342 | Final Dist 10 = 0.870 | Final Dist 100 = 0.947 | Final Dist 1000 = 1.063 | Init Dist = 12.806 | Init Dist 10 = 12.806 | Init Dist 100 = 12.806 | Init Dist 1000 = 12.806 | Learner Steps = 24005 | Learner Walltime = 4730.309 | Min Dist = 0.295 | Min Dist 10 = 0.188 | Min Dist 100 = 0.273 | Min Dist 1000 = 0.385 | Steps Per Second = 78.948 | Success = 1.000 | Success 1000 = 0.962
I0502 16:25:07.652619 139579566835264 terminal.py:91] [Evaluator] Actor Episodes = 30932 | Actor Steps = 1546600 | Delta Dist = 12.561 | Delta Dist 10 = 11.926 | Delta Dist 100 = 11.837 | Delta Dist 1000 = 11.743 | Episode Length = 50 | Episode Return = 7.0 | Evaluator Episodes = 7841 | Evaluator Steps = 392050 | Final Dist = 0.245 | Final Dist 10 = 0.880 | Final Dist 100 = 0.969 | Final Dist 1000 = 1.063 | Init Dist = 12.806 | Init Dist 10 = 12.806 | Init Dist 100 = 12.806 | Init Dist 1000 = 12.806 | Learner Steps = 24010 | Learner Walltime = 4731.361 | Min Dist = 0.245 | Min Dist 10 = 0.204 | Min Dist 100 = 0.273 | Min Dist 1000 = 0.385 | Steps Per Second = 75.616 | Success = 1.000 | Success 1000 = 0.962
I0502 16:25:08.487470 139558059398720 terminal.py:91] [Actor] Actor Episodes = 30938 | Actor Steps = 1546900 | Delta Dist = 4.805 | Delta Dist 10 = 6.333 | Delta Dist 100 = 4.020 | Delta Dist 1000 = 4.258 | Episode Length = 50 | Episode Return = 31.0 | Evaluator Episodes = 7841 | Evaluator Steps = 392050 | Final Dist = 0.195 | Final Dist 10 = 0.800 | Final Dist 100 = 1.400 | Final Dist 1000 = 1.548 | Init Dist = 5.000 | Init Dist 10 = 7.132 | Init Dist 100 = 5.420 | Init Dist 1000 = 5.806 | Learner Steps = 24015 | Learner Walltime = 4732.483 | Min Dist = 0.132 | Min Dist 10 = 0.096 | Min Dist 100 = 0.159 | Min Dist 1000 = 0.254 | Steps Per Second = 88.549 | Success = 1.000 | Success 1000 = 0.995
I0502 16:25:08.864804 139579566835264 terminal.py:91] [Evaluator] Actor Episodes = 30940 | Actor Steps = 1547000 | Delta Dist = 11.424 | Delta Dist 10 = 11.860 | Delta Dist 100 = 11.838 | Delta Dist 1000 = 11.744 | Episode Length = 50 | Episode Return = 6.0 | Evaluator Episodes = 7843 | Evaluator Steps = 392150 | Final Dist = 1.382 | Final Dist 10 = 0.947 | Final Dist 100 = 0.968 | Final Dist 1000 = 1.062 | Init Dist = 12.806 | Init Dist 10 = 12.806 | Init Dist 100 = 12.806 | Init Dist 1000 = 12.806 | Learner Steps = 24015 | Learner Walltime = 4732.483 | Min Dist = 0.267 | Min Dist 10 = 0.290 | Min Dist 100 = 0.282 | Min Dist 1000 = 0.385 | Steps Per Second = 80.883 | Success = 1.000 | Success 1000 = 0.962
I0502 16:25:10.019397 139579566835264 terminal.py:91] [Evaluator] Actor Episodes = 30948 | Actor Steps = 1547400 | Delta Dist = 11.133 | Delta Dist 10 = 11.875 | Delta Dist 100 = 11.829 | Delta Dist 1000 = 11.744 | Episode Length = 50 | Episode Return = 10.0 | Evaluator Episodes = 7845 | Evaluator Steps = 392250 | Final Dist = 1.673 | Final Dist 10 = 0.931 | Final Dist 100 = 0.977 | Final Dist 1000 = 1.062 | Init Dist = 12.806 | Init Dist 10 = 12.806 | Init Dist 100 = 12.806 | Init Dist 1000 = 12.806 | Learner Steps = 24022 | Learner Walltime = 4733.680 | Min Dist = 0.369 | Min Dist 10 = 0.287 | Min Dist 100 = 0.281 | Min Dist 1000 = 0.385 | Steps Per Second = 92.657 | Success = 1.000 | Success 1000 = 0.962
I0502 16:25:10.102286 139555860620864 terminal.py:91] [Actor] Actor Episodes = 30945 | Actor Steps = 1547250 | Delta Dist = 2.585 | Delta Dist 10 = 5.561 | Delta Dist 100 = 4.210 | Delta Dist 1000 = 4.261 | Episode Length = 50 | Episode Return = 26.0 | Evaluator Episodes = 7843 | Evaluator Steps = 392150 | Final Dist = 0.577 | Final Dist 10 = 0.632 | Final Dist 100 = 1.325 | Final Dist 1000 = 1.545 | Init Dist = 3.162 | Init Dist 10 = 6.193 | Init Dist 100 = 5.535 | Init Dist 1000 = 5.806 | Learner Steps = 24022 | Learner Walltime = 4733.680 | Min Dist = 0.019 | Min Dist 10 = 0.086 | Min Dist 100 = 0.156 | Min Dist 1000 = 0.254 | Steps Per Second = 82.702 | Success = 1.000 | Success 1000 = 0.995
I0502 16:25:10.508136 139569349502528 terminal.py:91] [Actor] Actor Episodes = 30949 | Actor Steps = 1547450 | Delta Dist = 2.072 | Delta Dist 10 = 5.628 | Delta Dist 100 = 4.236 | Delta Dist 1000 = 4.252 | Episode Length = 50 | Episode Return = 36.0 | Evaluator Episodes = 7843 | Evaluator Steps = 392150 | Final Dist = 0.164 | Final Dist 10 = 0.633 | Final Dist 100 = 1.302 | Final Dist 1000 = 1.540 | Init Dist = 2.236 | Init Dist 10 = 6.261 | Init Dist 100 = 5.538 | Init Dist 1000 = 5.792 | Learner Steps = 24022 | Learner Walltime = 4733.680 | Min Dist = 0.007 | Min Dist 10 = 0.098 | Min Dist 100 = 0.154 | Min Dist 1000 = 0.254 | Steps Per Second = 84.613 | Success = 1.000 | Success 1000 = 0.995
I0502 16:25:11.015728 139555013154368 terminal.py:91] [Learner] Actor Episodes = 30950 | Actor Loss = 3.6799416542053223 | Actor Steps = 1547500 | Binary Accuracy = 0.9959843158721924 | Categorical Accuracy = 0.41796875 | Critic Loss = 1.8201340436935425 | Entropy Mean = -20.7355899810791 | Evaluator Episodes = 7845 | Evaluator Steps = 392250 | Learner Steps = 24030 | Learner Walltime = 4735.208 | Logits Neg = -17.40924072265625 | Logits Pos = -1.80270254611969 | Logsumexp = 1.2119579315185547 | Steps Per Second = 213.443
I0502 16:25:11.223662 139579566835264 terminal.py:91] [Evaluator] Actor Episodes = 30956 | Actor Steps = 1547800 | Delta Dist = 11.390 | Delta Dist 10 = 11.662 | Delta Dist 100 = 11.812 | Delta Dist 1000 = 11.743 | Episode Length = 50 | Episode Return = 8.0 | Evaluator Episodes = 7847 | Evaluator Steps = 392350 | Final Dist = 1.416 | Final Dist 10 = 1.144 | Final Dist 100 = 0.994 | Final Dist 1000 = 1.063 | Init Dist = 12.806 | Init Dist 10 = 12.806 | Init Dist 100 = 12.806 | Init Dist 1000 = 12.806 | Learner Steps = 24028 | Learner Walltime = 4734.683 | Min Dist = 0.443 | Min Dist 10 = 0.281 | Min Dist 100 = 0.280 | Min Dist 1000 = 0.386 | Steps Per Second = 81.728 | Success = 1.000 | Success 1000 = 0.962
I0502 16:25:11.965090 139583350109760 savers.py:156] Saving checkpoint: logs/contrastive_cpc_point_FourRooms_64/5dd72662-2788-11f0-b183-d85ed38c5779/checkpoints/learner
I0502 16:25:12.462397 139579566835264 terminal.py:91] [Evaluator] Actor Episodes = 30964 | Actor Steps = 1548200 | Delta Dist = 11.994 | Delta Dist 10 = 11.645 | Delta Dist 100 = 11.807 | Delta Dist 1000 = 11.742 | Episode Length = 50 | Episode Return = 3.0 | Evaluator Episodes = 7849 | Evaluator Steps = 392450 | Final Dist = 0.812 | Final Dist 10 = 1.161 | Final Dist 100 = 0.999 | Final Dist 1000 = 1.064 | Init Dist = 12.806 | Init Dist 10 = 12.806 | Init Dist 100 = 12.806 | Init Dist 1000 = 12.806 | Learner Steps = 24033 | Learner Walltime = 4735.735 | Min Dist = 0.399 | Min Dist 10 = 0.285 | Min Dist 100 = 0.284 | Min Dist 1000 = 0.386 | Steps Per Second = 74.096 | Success = 1.000 | Success 1000 = 0.962
I0502 16:25:12.750122 139557462840896 terminal.py:91] [Actor] Actor Episodes = 30966 | Actor Steps = 1548300 | Delta Dist = 5.312 | Delta Dist 10 = 3.934 | Delta Dist 100 = 4.328 | Delta Dist 1000 = 4.247 | Episode Length = 50 | Episode Return = 38.0 | Evaluator Episodes = 7849 | Evaluator Steps = 392450 | Final Dist = 1.013 | Final Dist 10 = 0.671 | Final Dist 100 = 1.239 | Final Dist 1000 = 1.528 | Init Dist = 6.325 | Init Dist 10 = 4.605 | Init Dist 100 = 5.567 | Init Dist 1000 = 5.776 | Learner Steps = 24038 | Learner Walltime = 4736.864 | Min Dist = 0.022 | Min Dist 10 = 0.061 | Min Dist 100 = 0.075 | Min Dist 1000 = 0.253 | Steps Per Second = 78.116 | Success = 1.000 | Success 1000 = 0.995
I0502 16:25:13.616734 139579566835264 terminal.py:91] [Evaluator] Actor Episodes = 30972 | Actor Steps = 1548600 | Delta Dist = 11.822 | Delta Dist 10 = 11.738 | Delta Dist 100 = 11.811 | Delta Dist 1000 = 11.741 | Episode Length = 50 | Episode Return = 28.0 | Evaluator Episodes = 7851 | Evaluator Steps = 392550 | Final Dist = 0.984 | Final Dist 10 = 1.068 | Final Dist 100 = 0.995 | Final Dist 1000 = 1.065 | Init Dist = 12.806 | Init Dist 10 = 12.806 | Init Dist 100 = 12.806 | Init Dist 1000 = 12.806 | Learner Steps = 24038 | Learner Walltime = 4736.864 | Min Dist = 0.058 | Min Dist 10 = 0.348 | Min Dist 100 = 0.290 | Min Dist 1000 = 0.386 | Steps Per Second = 88.024 | Success = 1.000 | Success 1000 = 0.962
I0502 16:25:13.695974 139584504182336 lp_utils.py:96] StepsLimiter: Reached 1548600 recorded steps
I0502 16:25:14.847523 139579566835264 terminal.py:91] [Evaluator] Actor Episodes = 30980 | Actor Steps = 1549000 | Delta Dist = 12.714 | Delta Dist 10 = 11.721 | Delta Dist 100 = 11.805 | Delta Dist 1000 = 11.741 | Episode Length = 50 | Episode Return = 21.0 | Evaluator Episodes = 7853 | Evaluator Steps = 392650 | Final Dist = 0.092 | Final Dist 10 = 1.085 | Final Dist 100 = 1.001 | Final Dist 1000 = 1.066 | Init Dist = 12.806 | Init Dist 10 = 12.806 | Init Dist 100 = 12.806 | Init Dist 1000 = 12.806 | Learner Steps = 24044 | Learner Walltime = 4737.990 | Min Dist = 0.079 | Min Dist 10 = 0.267 | Min Dist 100 = 0.285 | Min Dist 1000 = 0.386 | Steps Per Second = 79.950 | Success = 1.000 | Success 1000 = 0.962
I0502 16:25:16.040431 139579566835264 terminal.py:91] [Evaluator] Actor Episodes = 30988 | Actor Steps = 1549400 | Delta Dist = 11.425 | Delta Dist 10 = 11.766 | Delta Dist 100 = 11.805 | Delta Dist 1000 = 11.740 | Episode Length = 50 | Episode Return = 1.0 | Evaluator Episodes = 7855 | Evaluator Steps = 392750 | Final Dist = 1.381 | Final Dist 10 = 1.040 | Final Dist 100 = 1.002 | Final Dist 1000 = 1.066 | Init Dist = 12.806 | Init Dist 10 = 12.806 | Init Dist 100 = 12.806 | Init Dist 1000 = 12.806 | Learner Steps = 24051 | Learner Walltime = 4739.410 | Min Dist = 0.916 | Min Dist 10 = 0.330 | Min Dist 100 = 0.294 | Min Dist 1000 = 0.387 | Steps Per Second = 89.051 | Success = 1.000 | Success 1000 = 0.962
I0502 16:25:17.169884 139579566835264 terminal.py:91] [Evaluator] Actor Episodes = 30996 | Actor Steps = 1549800 | Delta Dist = 11.365 | Delta Dist 10 = 11.754 | Delta Dist 100 = 11.791 | Delta Dist 1000 = 11.739 | Episode Length = 50 | Episode Return = 13.0 | Evaluator Episodes = 7857 | Evaluator Steps = 392850 | Final Dist = 1.442 | Final Dist 10 = 1.052 | Final Dist 100 = 1.015 | Final Dist 1000 = 1.068 | Init Dist = 12.806 | Init Dist 10 = 12.806 | Init Dist 100 = 12.806 | Init Dist 1000 = 12.806 | Learner Steps = 24058 | Learner Walltime = 4740.609 | Min Dist = 0.367 | Min Dist 10 = 0.415 | Min Dist 100 = 0.305 | Min Dist 1000 = 0.388 | Steps Per Second = 84.156 | Success = 1.000 | Success 1000 = 0.962
I0502 16:25:18.320187 139579566835264 terminal.py:91] [Evaluator] Actor Episodes = 31004 | Actor Steps = 1550200 | Delta Dist = 12.634 | Delta Dist 10 = 11.735 | Delta Dist 100 = 11.781 | Delta Dist 1000 = 11.738 | Episode Length = 50 | Episode Return = 2.0 | Evaluator Episodes = 7859 | Evaluator Steps = 392950 | Final Dist = 0.172 | Final Dist 10 = 1.072 | Final Dist 100 = 1.025 | Final Dist 1000 = 1.068 | Init Dist = 12.806 | Init Dist 10 = 12.806 | Init Dist 100 = 12.806 | Init Dist 1000 = 12.806 | Learner Steps = 24065 | Learner Walltime = 4741.774 | Min Dist = 0.172 | Min Dist 10 = 0.418 | Min Dist 100 = 0.310 | Min Dist 1000 = 0.389 | Steps Per Second = 83.664 | Success = 1.000 | Success 1000 = 0.962
I0502 16:25:18.717827 139558059398720 terminal.py:91] [Actor] Actor Episodes = 31005 | Actor Steps = 1550250 | Delta Dist = 9.673 | Delta Dist 10 = 4.904 | Delta Dist 100 = 4.486 | Delta Dist 1000 = 4.269 | Episode Length = 50 | Episode Return = 26.0 | Evaluator Episodes = 7857 | Evaluator Steps = 392850 | Final Dist = 0.176 | Final Dist 10 = 1.480 | Final Dist 100 = 1.464 | Final Dist 1000 = 1.533 | Init Dist = 9.849 | Init Dist 10 = 6.384 | Init Dist 100 = 5.949 | Init Dist 1000 = 5.803 | Learner Steps = 24065 | Learner Walltime = 4741.774 | Min Dist = 0.028 | Min Dist 10 = 0.129 | Min Dist 100 = 0.085 | Min Dist 1000 = 0.243 | Steps Per Second = 82.385 | Success = 1.000 | Success 1000 = 0.995
I0502 16:25:19.529489 139579566835264 terminal.py:91] [Evaluator] Actor Episodes = 31012 | Actor Steps = 1550600 | Delta Dist = 12.059 | Delta Dist 10 = 11.854 | Delta Dist 100 = 11.790 | Delta Dist 1000 = 11.739 | Episode Length = 50 | Episode Return = 24.0 | Evaluator Episodes = 7861 | Evaluator Steps = 393050 | Final Dist = 0.747 | Final Dist 10 = 0.952 | Final Dist 100 = 1.016 | Final Dist 1000 = 1.067 | Init Dist = 12.806 | Init Dist 10 = 12.806 | Init Dist 100 = 12.806 | Init Dist 1000 = 12.806 | Learner Steps = 24072 | Learner Walltime = 4743.135 | Min Dist = 0.092 | Min Dist 10 = 0.366 | Min Dist 100 = 0.311 | Min Dist 1000 = 0.389 | Steps Per Second = 80.145 | Success = 1.000 | Success 1000 = 0.962
I0502 16:25:20.585005 139569349502528 terminal.py:91] [Actor] Actor Episodes = 31018 | Actor Steps = 1550900 | Delta Dist = 5.933 | Delta Dist 10 = 5.052 | Delta Dist 100 = 4.792 | Delta Dist 1000 = 4.258 | Episode Length = 50 | Episode Return = 21.0 | Evaluator Episodes = 7861 | Evaluator Steps = 393050 | Final Dist = 0.470 | Final Dist 10 = 1.302 | Final Dist 100 = 1.340 | Final Dist 1000 = 1.531 | Init Dist = 6.403 | Init Dist 10 = 6.354 | Init Dist 100 = 6.133 | Init Dist 1000 = 5.789 | Learner Steps = 24078 | Learner Walltime = 4744.295 | Min Dist = 0.033 | Min Dist 10 = 0.102 | Min Dist 100 = 0.089 | Min Dist 1000 = 0.235 | Steps Per Second = 82.109 | Success = 1.000 | Success 1000 = 0.995
I0502 16:25:20.632104 139555860620864 terminal.py:91] [Actor] Actor Episodes = 31017 | Actor Steps = 1550850 | Delta Dist = 7.919 | Delta Dist 10 = 5.851 | Delta Dist 100 = 4.902 | Delta Dist 1000 = 4.259 | Episode Length = 50 | Episode Return = 22.0 | Evaluator Episodes = 7861 | Evaluator Steps = 393050 | Final Dist = 0.144 | Final Dist 10 = 1.177 | Final Dist 100 = 1.250 | Final Dist 1000 = 1.531 | Init Dist = 8.062 | Init Dist 10 = 7.028 | Init Dist 100 = 6.152 | Init Dist 1000 = 5.791 | Learner Steps = 24072 | Learner Walltime = 4743.135 | Min Dist = 0.144 | Min Dist 10 = 0.095 | Min Dist 100 = 0.090 | Min Dist 1000 = 0.235 | Steps Per Second = 85.908 | Success = 1.000 | Success 1000 = 0.996
I0502 16:25:20.738861 139579566835264 terminal.py:91] [Evaluator] Actor Episodes = 31020 | Actor Steps = 1551000 | Delta Dist = 11.414 | Delta Dist 10 = 11.815 | Delta Dist 100 = 11.786 | Delta Dist 1000 = 11.738 | Episode Length = 50 | Episode Return = 11.0 | Evaluator Episodes = 7863 | Evaluator Steps = 393150 | Final Dist = 1.392 | Final Dist 10 = 0.992 | Final Dist 100 = 1.021 | Final Dist 1000 = 1.068 | Init Dist = 12.806 | Init Dist 10 = 12.806 | Init Dist 100 = 12.806 | Init Dist 1000 = 12.806 | Learner Steps = 24078 | Learner Walltime = 4744.295 | Min Dist = 0.284 | Min Dist 10 = 0.364 | Min Dist 100 = 0.312 | Min Dist 1000 = 0.389 | Steps Per Second = 79.382 | Success = 1.000 | Success 1000 = 0.962
I0502 16:25:21.196321 139555013154368 terminal.py:91] [Learner] Actor Episodes = 31024 | Actor Loss = 3.6648945808410645 | Actor Steps = 1551200 | Binary Accuracy = 0.996051549911499 | Categorical Accuracy = 0.4208984375 | Critic Loss = 1.8069329261779785 | Entropy Mean = -20.094383239746094 | Evaluator Episodes = 7863 | Evaluator Steps = 393150 | Learner Steps = 24083 | Learner Walltime = 4745.386 | Logits Neg = -16.885374069213867 | Logits Pos = -1.8061597347259521 | Logsumexp = 1.0543574094772339 | Steps Per Second = 171.112
I0502 16:25:21.893159 139579566835264 terminal.py:91] [Evaluator] Actor Episodes = 31028 | Actor Steps = 1551400 | Delta Dist = 11.592 | Delta Dist 10 = 11.746 | Delta Dist 100 = 11.788 | Delta Dist 1000 = 11.738 | Episode Length = 50 | Episode Return = 2.0 | Evaluator Episodes = 7865 | Evaluator Steps = 393250 | Final Dist = 1.214 | Final Dist 10 = 1.060 | Final Dist 100 = 1.018 | Final Dist 1000 = 1.069 | Init Dist = 12.806 | Init Dist 10 = 12.806 | Init Dist 100 = 12.806 | Init Dist 1000 = 12.806 | Learner Steps = 24083 | Learner Walltime = 4745.386 | Min Dist = 0.592 | Min Dist 10 = 0.297 | Min Dist 100 = 0.313 | Min Dist 1000 = 0.389 | Steps Per Second = 84.836 | Success = 1.000 | Success 1000 = 0.962
I0502 16:25:23.018663 139579566835264 terminal.py:91] [Evaluator] Actor Episodes = 31036 | Actor Steps = 1551800 | Delta Dist = 12.108 | Delta Dist 10 = 11.745 | Delta Dist 100 = 11.782 | Delta Dist 1000 = 11.736 | Episode Length = 50 | Episode Return = 25.0 | Evaluator Episodes = 7867 | Evaluator Steps = 393350 | Final Dist = 0.699 | Final Dist 10 = 1.061 | Final Dist 100 = 1.025 | Final Dist 1000 = 1.070 | Init Dist = 12.806 | Init Dist 10 = 12.806 | Init Dist 100 = 12.806 | Init Dist 1000 = 12.806 | Learner Steps = 24090 | Learner Walltime = 4746.624 | Min Dist = 0.441 | Min Dist 10 = 0.243 | Min Dist 100 = 0.317 | Min Dist 1000 = 0.390 | Steps Per Second = 97.742 | Success = 1.000 | Success 1000 = 0.962
I0502 16:25:23.091612 139557462840896 terminal.py:91] [Actor] Actor Episodes = 31038 | Actor Steps = 1551900 | Delta Dist = 8.812 | Delta Dist 10 = 3.577 | Delta Dist 100 = 4.509 | Delta Dist 1000 = 4.244 | Episode Length = 50 | Episode Return = 39.0 | Evaluator Episodes = 7867 | Evaluator Steps = 393350 | Final Dist = 0.133 | Final Dist 10 = 1.537 | Final Dist 100 = 1.384 | Final Dist 1000 = 1.523 | Init Dist = 8.944 | Init Dist 10 = 5.114 | Init Dist 100 = 5.894 | Init Dist 1000 = 5.767 | Learner Steps = 24090 | Learner Walltime = 4746.624 | Min Dist = 0.114 | Min Dist 10 = 0.157 | Min Dist 100 = 0.100 | Min Dist 1000 = 0.226 | Steps Per Second = 89.677 | Success = 1.000 | Success 1000 = 0.996
I0502 16:25:23.712152 139584504182336 lp_utils.py:96] StepsLimiter: Reached 1552000 recorded steps
I0502 16:25:24.175565 139579566835264 terminal.py:91] [Evaluator] Actor Episodes = 31044 | Actor Steps = 1552200 | Delta Dist = 11.401 | Delta Dist 10 = 11.825 | Delta Dist 100 = 11.804 | Delta Dist 1000 = 11.736 | Episode Length = 50 | Episode Return = 4.0 | Evaluator Episodes = 7869 | Evaluator Steps = 393450 | Final Dist = 1.406 | Final Dist 10 = 0.981 | Final Dist 100 = 1.002 | Final Dist 1000 = 1.071 | Init Dist = 12.806 | Init Dist 10 = 12.806 | Init Dist 100 = 12.806 | Init Dist 1000 = 12.806 | Learner Steps = 24097 | Learner Walltime = 4747.840 | Min Dist = 0.466 | Min Dist 10 = 0.245 | Min Dist 100 = 0.283 | Min Dist 1000 = 0.389 | Steps Per Second = 87.388 | Success = 1.000 | Success 1000 = 0.962
I0502 16:25:25.402547 139579566835264 terminal.py:91] [Evaluator] Actor Episodes = 31052 | Actor Steps = 1552600 | Delta Dist = 12.244 | Delta Dist 10 = 11.720 | Delta Dist 100 = 11.803 | Delta Dist 1000 = 11.736 | Episode Length = 50 | Episode Return = 20.0 | Evaluator Episodes = 7871 | Evaluator Steps = 393550 | Final Dist = 0.562 | Final Dist 10 = 1.086 | Final Dist 100 = 1.003 | Final Dist 1000 = 1.070 | Init Dist = 12.806 | Init Dist 10 = 12.806 | Init Dist 100 = 12.806 | Init Dist 1000 = 12.806 | Learner Steps = 24103 | Learner Walltime = 4748.968 | Min Dist = 0.173 | Min Dist 10 = 0.257 | Min Dist 100 = 0.286 | Min Dist 1000 = 0.390 | Steps Per Second = 80.175 | Success = 1.000 | Success 1000 = 0.962
I0502 16:25:26.608591 139579566835264 terminal.py:91] [Evaluator] Actor Episodes = 31060 | Actor Steps = 1553000 | Delta Dist = 12.260 | Delta Dist 10 = 11.742 | Delta Dist 100 = 11.806 | Delta Dist 1000 = 11.735 | Episode Length = 50 | Episode Return = 30.0 | Evaluator Episodes = 7873 | Evaluator Steps = 393650 | Final Dist = 0.546 | Final Dist 10 = 1.064 | Final Dist 100 = 1.001 | Final Dist 1000 = 1.071 | Init Dist = 12.806 | Init Dist 10 = 12.806 | Init Dist 100 = 12.806 | Init Dist 1000 = 12.806 | Learner Steps = 24108 | Learner Walltime = 4750.040 | Min Dist = 0.133 | Min Dist 10 = 0.304 | Min Dist 100 = 0.291 | Min Dist 1000 = 0.390 | Steps Per Second = 85.152 | Success = 1.000 | Success 1000 = 0.962
I0502 16:25:27.802289 139579566835264 terminal.py:91] [Evaluator] Actor Episodes = 31070 | Actor Steps = 1553500 | Delta Dist = 12.094 | Delta Dist 10 = 11.863 | Delta Dist 100 = 11.805 | Delta Dist 1000 = 11.735 | Episode Length = 50 | Episode Return = 29.0 | Evaluator Episodes = 7875 | Evaluator Steps = 393750 | Final Dist = 0.712 | Final Dist 10 = 0.943 | Final Dist 100 = 1.001 | Final Dist 1000 = 1.071 | Init Dist = 12.806 | Init Dist 10 = 12.806 | Init Dist 100 = 12.806 | Init Dist 1000 = 12.806 | Learner Steps = 24115 | Learner Walltime = 4751.331 | Min Dist = 0.078 | Min Dist 10 = 0.299 | Min Dist 100 = 0.292 | Min Dist 1000 = 0.390 | Steps Per Second = 89.340 | Success = 1.000 | Success 1000 = 0.962
I0502 16:25:28.885475 139558059398720 terminal.py:91] [Actor] Actor Episodes = 31076 | Actor Steps = 1553800 | Delta Dist = 2.051 | Delta Dist 10 = 2.995 | Delta Dist 100 = 4.143 | Delta Dist 1000 = 4.199 | Episode Length = 50 | Episode Return = 24.0 | Evaluator Episodes = 7875 | Evaluator Steps = 393750 | Final Dist = 5.020 | Final Dist 10 = 2.531 | Final Dist 100 = 1.638 | Final Dist 1000 = 1.538 | Init Dist = 7.071 | Init Dist 10 = 5.525 | Init Dist 100 = 5.780 | Init Dist 1000 = 5.737 | Learner Steps = 24121 | Learner Walltime = 4752.459 | Min Dist = 0.172 | Min Dist 10 = 0.176 | Min Dist 100 = 0.112 | Min Dist 1000 = 0.227 | Steps Per Second = 91.896 | Success = 1.000 | Success 1000 = 0.996
I0502 16:25:28.987383 139579566835264 terminal.py:91] [Evaluator] Actor Episodes = 31078 | Actor Steps = 1553900 | Delta Dist = 11.401 | Delta Dist 10 = 12.033 | Delta Dist 100 = 11.808 | Delta Dist 1000 = 11.735 | Episode Length = 50 | Episode Return = 2.0 | Evaluator Episodes = 7877 | Evaluator Steps = 393850 | Final Dist = 1.405 | Final Dist 10 = 0.773 | Final Dist 100 = 0.998 | Final Dist 1000 = 1.071 | Init Dist = 12.806 | Init Dist 10 = 12.806 | Init Dist 100 = 12.806 | Init Dist 1000 = 12.806 | Learner Steps = 24121 | Learner Walltime = 4752.459 | Min Dist = 0.902 | Min Dist 10 = 0.246 | Min Dist 100 = 0.292 | Min Dist 1000 = 0.390 | Steps Per Second = 82.355 | Success = 1.000 | Success 1000 = 0.962
I0502 16:25:30.240567 139579566835264 terminal.py:91] [Evaluator] Actor Episodes = 31084 | Actor Steps = 1554200 | Delta Dist = 11.218 | Delta Dist 10 = 12.023 | Delta Dist 100 = 11.818 | Delta Dist 1000 = 11.735 | Episode Length = 50 | Episode Return = 14.0 | Evaluator Episodes = 7879 | Evaluator Steps = 393950 | Final Dist = 1.589 | Final Dist 10 = 0.783 | Final Dist 100 = 0.988 | Final Dist 1000 = 1.071 | Init Dist = 12.806 | Init Dist 10 = 12.806 | Init Dist 100 = 12.806 | Init Dist 1000 = 12.806 | Learner Steps = 24126 | Learner Walltime = 4753.699 | Min Dist = 0.122 | Min Dist 10 = 0.275 | Min Dist 100 = 0.293 | Min Dist 1000 = 0.390 | Steps Per Second = 79.996 | Success = 1.000 | Success 1000 = 0.962
I0502 16:25:30.654542 139569349502528 terminal.py:91] [Actor] Actor Episodes = 31083 | Actor Steps = 1554150 | Delta Dist = 7.177 | Delta Dist 10 = 2.448 | Delta Dist 100 = 3.992 | Delta Dist 1000 = 4.168 | Episode Length = 50 | Episode Return = 47.0 | Evaluator Episodes = 7877 | Evaluator Steps = 393850 | Final Dist = 0.439 | Final Dist 10 = 1.758 | Final Dist 100 = 1.522 | Final Dist 1000 = 1.550 | Init Dist = 7.616 | Init Dist 10 = 4.206 | Init Dist 100 = 5.514 | Init Dist 1000 = 5.719 | Learner Steps = 24126 | Learner Walltime = 4753.699 | Min Dist = 0.106 | Min Dist 10 = 0.135 | Min Dist 100 = 0.121 | Min Dist 1000 = 0.228 | Steps Per Second = 84.139 | Success = 1.000 | Success 1000 = 0.996
I0502 16:25:30.728716 139555860620864 terminal.py:91] [Actor] Actor Episodes = 31088 | Actor Steps = 1554400 | Delta Dist = 1.657 | Delta Dist 10 = 2.611 | Delta Dist 100 = 3.995 | Delta Dist 1000 = 4.169 | Episode Length = 50 | Episode Return = 44.0 | Evaluator Episodes = 7879 | Evaluator Steps = 393950 | Final Dist = 0.343 | Final Dist 10 = 1.650 | Final Dist 100 = 1.525 | Final Dist 1000 = 1.551 | Init Dist = 2.000 | Init Dist 10 = 4.260 | Init Dist 100 = 5.520 | Init Dist 1000 = 5.720 | Learner Steps = 24126 | Learner Walltime = 4753.699 | Min Dist = 0.037 | Min Dist 10 = 0.129 | Min Dist 100 = 0.122 | Min Dist 1000 = 0.228 | Steps Per Second = 77.572 | Success = 1.000 | Success 1000 = 0.996
I0502 16:25:31.296240 139579566835264 terminal.py:91] [Evaluator] Actor Episodes = 31090 | Actor Steps = 1554500 | Delta Dist = 11.571 | Delta Dist 10 = 11.902 | Delta Dist 100 = 11.814 | Delta Dist 1000 = 11.734 | Episode Length = 50 | Episode Return = 7.0 | Evaluator Episodes = 7881 | Evaluator Steps = 394050 | Final Dist = 1.235 | Final Dist 10 = 0.904 | Final Dist 100 = 0.992 | Final Dist 1000 = 1.072 | Init Dist = 12.806 | Init Dist 10 = 12.806 | Init Dist 100 = 12.806 | Init Dist 1000 = 12.806 | Learner Steps = 24133 | Learner Walltime = 4754.952 | Min Dist = 0.458 | Min Dist 10 = 0.300 | Min Dist 100 = 0.290 | Min Dist 1000 = 0.391 | Steps Per Second = 99.259 | Success = 1.000 | Success 1000 = 0.962
I0502 16:25:31.412492 139555013154368 terminal.py:91] [Learner] Actor Episodes = 31088 | Actor Loss = 3.770500659942627 | Actor Steps = 1554400 | Binary Accuracy = 0.996070146560669 | Categorical Accuracy = 0.424560546875 | Critic Loss = 1.8077824115753174 | Entropy Mean = -22.360931396484375 | Evaluator Episodes = 7879 | Evaluator Steps = 393950 | Learner Steps = 24137 | Learner Walltime = 4755.611 | Logits Neg = -17.27859115600586 | Logits Pos = -1.8186259269714355 | Logsumexp = 1.0855141878128052 | Steps Per Second = 167.128
I0502 16:25:32.435571 139579566835264 terminal.py:91] [Evaluator] Actor Episodes = 31096 | Actor Steps = 1554800 | Delta Dist = 11.407 | Delta Dist 10 = 11.784 | Delta Dist 100 = 11.809 | Delta Dist 1000 = 11.732 | Episode Length = 50 | Episode Return = 22.0 | Evaluator Episodes = 7883 | Evaluator Steps = 394150 | Final Dist = 1.399 | Final Dist 10 = 1.022 | Final Dist 100 = 0.997 | Final Dist 1000 = 1.075 | Init Dist = 12.806 | Init Dist 10 = 12.806 | Init Dist 100 = 12.806 | Init Dist 1000 = 12.806 | Learner Steps = 24140 | Learner Walltime = 4756.229 | Min Dist = 0.062 | Min Dist 10 = 0.296 | Min Dist 100 = 0.291 | Min Dist 1000 = 0.391 | Steps Per Second = 86.309 | Success = 1.000 | Success 1000 = 0.962
I0502 16:25:33.261621 139557462840896 terminal.py:91] [Actor] Actor Episodes = 31103 | Actor Steps = 1555150 | Delta Dist = 2.940 | Delta Dist 10 = 5.337 | Delta Dist 100 = 3.909 | Delta Dist 1000 = 4.199 | Episode Length = 50 | Episode Return = 40.0 | Evaluator Episodes = 7883 | Evaluator Steps = 394150 | Final Dist = 0.060 | Final Dist 10 = 1.074 | Final Dist 100 = 1.595 | Final Dist 1000 = 1.513 | Init Dist = 3.000 | Init Dist 10 = 6.412 | Init Dist 100 = 5.504 | Init Dist 1000 = 5.712 | Learner Steps = 24140 | Learner Walltime = 4756.229 | Min Dist = 0.043 | Min Dist 10 = 0.595 | Min Dist 100 = 0.170 | Min Dist 1000 = 0.233 | Steps Per Second = 100.529 | Success = 1.000 | Success 1000 = 0.996
I0502 16:25:33.732145 139584504182336 lp_utils.py:96] StepsLimiter: Reached 1555200 recorded steps
I0502 16:25:33.792595 139579566835264 terminal.py:91] [Evaluator] Actor Episodes = 31106 | Actor Steps = 1555300 | Delta Dist = 6.717 | Delta Dist 10 = 11.642 | Delta Dist 100 = 11.801 | Delta Dist 1000 = 11.730 | Episode Length = 50 | Episode Return = 0.0 | Evaluator Episodes = 7885 | Evaluator Steps = 394250 | Final Dist = 6.090 | Final Dist 10 = 1.164 | Final Dist 100 = 1.005 | Final Dist 1000 = 1.076 | Init Dist = 12.806 | Init Dist 10 = 12.806 | Init Dist 100 = 12.806 | Init Dist 1000 = 12.806 | Learner Steps = 24146 | Learner Walltime = 4757.408 | Min Dist = 5.139 | Min Dist 10 = 0.281 | Min Dist 100 = 0.289 | Min Dist 1000 = 0.391 | Steps Per Second = 72.777 | Success = 0.000 | Success 1000 = 0.962
I0502 16:25:34.866087 139579566835264 terminal.py:91] [Evaluator] Actor Episodes = 31114 | Actor Steps = 1555700 | Delta Dist = 12.425 | Delta Dist 10 = 11.014 | Delta Dist 100 = 11.730 | Delta Dist 1000 = 11.724 | Episode Length = 50 | Episode Return = 20.0 | Evaluator Episodes = 7887 | Evaluator Steps = 394350 | Final Dist = 0.381 | Final Dist 10 = 1.792 | Final Dist 100 = 1.076 | Final Dist 1000 = 1.082 | Init Dist = 12.806 | Init Dist 10 = 12.806 | Init Dist 100 = 12.806 | Init Dist 1000 = 12.806 | Learner Steps = 24153 | Learner Walltime = 4758.700 | Min Dist = 0.381 | Min Dist 10 = 0.833 | Min Dist 100 = 0.344 | Min Dist 1000 = 0.397 | Steps Per Second = 90.824 | Success = 1.000 | Success 1000 = 0.961
I0502 16:25:36.036846 139579566835264 terminal.py:91] [Evaluator] Actor Episodes = 31122 | Actor Steps = 1556100 | Delta Dist = 12.204 | Delta Dist 10 = 11.099 | Delta Dist 100 = 11.739 | Delta Dist 1000 = 11.725 | Episode Length = 50 | Episode Return = 23.0 | Evaluator Episodes = 7889 | Evaluator Steps = 394450 | Final Dist = 0.602 | Final Dist 10 = 1.707 | Final Dist 100 = 1.067 | Final Dist 1000 = 1.081 | Init Dist = 12.806 | Init Dist 10 = 12.806 | Init Dist 100 = 12.806 | Init Dist 1000 = 12.806 | Learner Steps = 24158 | Learner Walltime = 4759.774 | Min Dist = 0.437 | Min Dist 10 = 0.774 | Min Dist 100 = 0.336 | Min Dist 1000 = 0.397 | Steps Per Second = 83.003 | Success = 1.000 | Success 1000 = 0.961
I0502 16:25:37.244110 139579566835264 terminal.py:91] [Evaluator] Actor Episodes = 31128 | Actor Steps = 1556400 | Delta Dist = 11.899 | Delta Dist 10 = 11.212 | Delta Dist 100 = 11.742 | Delta Dist 1000 = 11.725 | Episode Length = 50 | Episode Return = 17.0 | Evaluator Episodes = 7891 | Evaluator Steps = 394550 | Final Dist = 0.907 | Final Dist 10 = 1.594 | Final Dist 100 = 1.064 | Final Dist 1000 = 1.082 | Init Dist = 12.806 | Init Dist 10 = 12.806 | Init Dist 100 = 12.806 | Init Dist 1000 = 12.806 | Learner Steps = 24165 | Learner Walltime = 4761.043 | Min Dist = 0.653 | Min Dist 10 = 0.766 | Min Dist 100 = 0.337 | Min Dist 1000 = 0.397 | Steps Per Second = 85.126 | Success = 1.000 | Success 1000 = 0.961
I0502 16:25:38.434918 139579566835264 terminal.py:91] [Evaluator] Actor Episodes = 31136 | Actor Steps = 1556800 | Delta Dist = 11.397 | Delta Dist 10 = 11.243 | Delta Dist 100 = 11.738 | Delta Dist 1000 = 11.724 | Episode Length = 50 | Episode Return = 27.0 | Evaluator Episodes = 7893 | Evaluator Steps = 394650 | Final Dist = 1.409 | Final Dist 10 = 1.564 | Final Dist 100 = 1.068 | Final Dist 1000 = 1.083 | Init Dist = 12.806 | Init Dist 10 = 12.806 | Init Dist 100 = 12.806 | Init Dist 1000 = 12.806 | Learner Steps = 24172 | Learner Walltime = 4762.274 | Min Dist = 0.335 | Min Dist 10 = 0.783 | Min Dist 100 = 0.331 | Min Dist 1000 = 0.398 | Steps Per Second = 80.641 | Success = 1.000 | Success 1000 = 0.961
I0502 16:25:39.336201 139558059398720 terminal.py:91] [Actor] Actor Episodes = 31141 | Actor Steps = 1557050 | Delta Dist = 7.237 | Delta Dist 10 = 4.798 | Delta Dist 100 = 4.158 | Delta Dist 1000 = 4.215 | Episode Length = 50 | Episode Return = 6.0 | Evaluator Episodes = 7893 | Evaluator Steps = 394650 | Final Dist = 1.707 | Final Dist 10 = 2.447 | Final Dist 100 = 1.694 | Final Dist 1000 = 1.537 | Init Dist = 8.944 | Init Dist 10 = 7.245 | Init Dist 100 = 5.851 | Init Dist 1000 = 5.752 | Learner Steps = 24172 | Learner Walltime = 4762.274 | Min Dist = 0.046 | Min Dist 10 = 0.106 | Min Dist 100 = 0.157 | Min Dist 1000 = 0.233 | Steps Per Second = 73.795 | Success = 1.000 | Success 1000 = 0.996
I0502 16:25:39.672551 139579566835264 terminal.py:91] [Evaluator] Actor Episodes = 31146 | Actor Steps = 1557300 | Delta Dist = 12.144 | Delta Dist 10 = 11.239 | Delta Dist 100 = 11.742 | Delta Dist 1000 = 11.723 | Episode Length = 50 | Episode Return = 31.0 | Evaluator Episodes = 7895 | Evaluator Steps = 394750 | Final Dist = 0.662 | Final Dist 10 = 1.567 | Final Dist 100 = 1.064 | Final Dist 1000 = 1.084 | Init Dist = 12.806 | Init Dist 10 = 12.806 | Init Dist 100 = 12.806 | Init Dist 1000 = 12.806 | Learner Steps = 24176 | Learner Walltime = 4763.401 | Min Dist = 0.348 | Min Dist 10 = 0.835 | Min Dist 100 = 0.334 | Min Dist 1000 = 0.398 | Steps Per Second = 79.245 | Success = 1.000 | Success 1000 = 0.961
I0502 16:25:40.862880 139579566835264 terminal.py:91] [Evaluator] Actor Episodes = 31152 | Actor Steps = 1557600 | Delta Dist = 11.256 | Delta Dist 10 = 11.914 | Delta Dist 100 = 11.764 | Delta Dist 1000 = 11.724 | Episode Length = 50 | Episode Return = 24.0 | Evaluator Episodes = 7897 | Evaluator Steps = 394850 | Final Dist = 1.551 | Final Dist 10 = 0.892 | Final Dist 100 = 1.042 | Final Dist 1000 = 1.082 | Init Dist = 12.806 | Init Dist 10 = 12.806 | Init Dist 100 = 12.806 | Init Dist 1000 = 12.806 | Learner Steps = 24183 | Learner Walltime = 4764.601 | Min Dist = 0.257 | Min Dist 10 = 0.308 | Min Dist 100 = 0.334 | Min Dist 1000 = 0.399 | Steps Per Second = 85.817 | Success = 1.000 | Success 1000 = 0.961
I0502 16:25:40.871923 139569349502528 terminal.py:91] [Actor] Actor Episodes = 31154 | Actor Steps = 1557700 | Delta Dist = 4.133 | Delta Dist 10 = 5.775 | Delta Dist 100 = 4.403 | Delta Dist 1000 = 4.249 | Episode Length = 50 | Episode Return = 36.0 | Evaluator Episodes = 7897 | Evaluator Steps = 394850 | Final Dist = 0.966 | Final Dist 10 = 1.465 | Final Dist 100 = 1.713 | Final Dist 1000 = 1.513 | Init Dist = 5.099 | Init Dist 10 = 7.240 | Init Dist 100 = 6.117 | Init Dist 1000 = 5.762 | Learner Steps = 24183 | Learner Walltime = 4764.601 | Min Dist = 0.099 | Min Dist 10 = 0.076 | Min Dist 100 = 0.156 | Min Dist 1000 = 0.217 | Steps Per Second = 87.738 | Success = 1.000 | Success 1000 = 0.996
I0502 16:25:40.983626 139555860620864 terminal.py:91] [Actor] Actor Episodes = 31153 | Actor Steps = 1557650 | Delta Dist = 8.168 | Delta Dist 10 = 5.663 | Delta Dist 100 = 4.423 | Delta Dist 1000 = 4.250 | Episode Length = 50 | Episode Return = 12.0 | Evaluator Episodes = 7895 | Evaluator Steps = 394750 | Final Dist = 0.317 | Final Dist 10 = 1.193 | Final Dist 100 = 1.715 | Final Dist 1000 = 1.513 | Init Dist = 8.485 | Init Dist 10 = 6.855 | Init Dist 100 = 6.138 | Init Dist 1000 = 5.764 | Learner Steps = 24176 | Learner Walltime = 4763.401 | Min Dist = 0.025 | Min Dist 10 = 0.081 | Min Dist 100 = 0.156 | Min Dist 1000 = 0.217 | Steps Per Second = 84.780 | Success = 1.000 | Success 1000 = 0.996
I0502 16:25:41.475402 139555013154368 terminal.py:91] [Learner] Actor Episodes = 31158 | Actor Loss = 3.673308849334717 | Actor Steps = 1557900 | Binary Accuracy = 0.996013879776001 | Categorical Accuracy = 0.41265869140625 | Critic Loss = 1.885446310043335 | Entropy Mean = -21.70136260986328 | Evaluator Episodes = 7897 | Evaluator Steps = 394850 | Learner Steps = 24189 | Learner Walltime = 4765.671 | Logits Neg = -16.55919075012207 | Logits Pos = -1.8709055185317993 | Logsumexp = 1.1744725704193115 | Steps Per Second = 217.757
I0502 16:25:42.073150 139579566835264 terminal.py:91] [Evaluator] Actor Episodes = 31160 | Actor Steps = 1558000 | Delta Dist = 12.284 | Delta Dist 10 = 11.757 | Delta Dist 100 = 11.761 | Delta Dist 1000 = 11.723 | Episode Length = 50 | Episode Return = 10.0 | Evaluator Episodes = 7899 | Evaluator Steps = 394950 | Final Dist = 0.523 | Final Dist 10 = 1.050 | Final Dist 100 = 1.045 | Final Dist 1000 = 1.083 | Init Dist = 12.806 | Init Dist 10 = 12.806 | Init Dist 100 = 12.806 | Init Dist 1000 = 12.806 | Learner Steps = 24189 | Learner Walltime = 4765.671 | Min Dist = 0.039 | Min Dist 10 = 0.299 | Min Dist 100 = 0.325 | Min Dist 1000 = 0.398 | Steps Per Second = 82.248 | Success = 1.000 | Success 1000 = 0.961
I0502 16:25:43.426635 139579566835264 terminal.py:91] [Evaluator] Actor Episodes = 31170 | Actor Steps = 1558500 | Delta Dist = 10.390 | Delta Dist 10 = 11.859 | Delta Dist 100 = 11.778 | Delta Dist 1000 = 11.725 | Episode Length = 50 | Episode Return = 14.0 | Evaluator Episodes = 7901 | Evaluator Steps = 395050 | Final Dist = 2.416 | Final Dist 10 = 0.947 | Final Dist 100 = 1.028 | Final Dist 1000 = 1.082 | Init Dist = 12.806 | Init Dist 10 = 12.806 | Init Dist 100 = 12.806 | Init Dist 1000 = 12.806 | Learner Steps = 24196 | Learner Walltime = 4767.045 | Min Dist = 0.114 | Min Dist 10 = 0.258 | Min Dist 100 = 0.322 | Min Dist 1000 = 0.398 | Steps Per Second = 72.894 | Success = 1.000 | Success 1000 = 0.961
I0502 16:25:43.746667 139584504182336 lp_utils.py:96] StepsLimiter: Reached 1558600 recorded steps
I0502 16:25:43.842051 139557462840896 terminal.py:91] [Actor] Actor Episodes = 31174 | Actor Steps = 1558700 | Delta Dist = 2.841 | Delta Dist 10 = 4.642 | Delta Dist 100 = 4.754 | Delta Dist 1000 = 4.270 | Episode Length = 50 | Episode Return = 38.0 | Evaluator Episodes = 7901 | Evaluator Steps = 395050 | Final Dist = 0.159 | Final Dist 10 = 1.474 | Final Dist 100 = 1.546 | Final Dist 1000 = 1.509 | Init Dist = 3.000 | Init Dist 10 = 6.116 | Init Dist 100 = 6.300 | Init Dist 1000 = 5.779 | Learner Steps = 24196 | Learner Walltime = 4767.045 | Min Dist = 0.049 | Min Dist 10 = 0.050 | Min Dist 100 = 0.134 | Min Dist 1000 = 0.216 | Steps Per Second = 78.571 | Success = 1.000 | Success 1000 = 0.996
I0502 16:25:44.573090 139579566835264 terminal.py:91] [Evaluator] Actor Episodes = 31178 | Actor Steps = 1558900 | Delta Dist = 11.715 | Delta Dist 10 = 11.263 | Delta Dist 100 = 11.704 | Delta Dist 1000 = 11.718 | Episode Length = 50 | Episode Return = 11.0 | Evaluator Episodes = 7903 | Evaluator Steps = 395150 | Final Dist = 1.092 | Final Dist 10 = 1.543 | Final Dist 100 = 1.102 | Final Dist 1000 = 1.089 | Init Dist = 12.806 | Init Dist 10 = 12.806 | Init Dist 100 = 12.806 | Init Dist 1000 = 12.806 | Learner Steps = 24202 | Learner Walltime = 4768.173 | Min Dist = 0.217 | Min Dist 10 = 0.733 | Min Dist 100 = 0.373 | Min Dist 1000 = 0.403 | Steps Per Second = 84.942 | Success = 1.000 | Success 1000 = 0.960
I0502 16:25:45.749086 139579566835264 terminal.py:91] [Evaluator] Actor Episodes = 31186 | Actor Steps = 1559300 | Delta Dist = 12.088 | Delta Dist 10 = 11.256 | Delta Dist 100 = 11.704 | Delta Dist 1000 = 11.717 | Episode Length = 50 | Episode Return = 2.0 | Evaluator Episodes = 7905 | Evaluator Steps = 395250 | Final Dist = 0.719 | Final Dist 10 = 1.550 | Final Dist 100 = 1.103 | Final Dist 1000 = 1.089 | Init Dist = 12.806 | Init Dist 10 = 12.806 | Init Dist 100 = 12.806 | Init Dist 1000 = 12.806 | Learner Steps = 24208 | Learner Walltime = 4769.369 | Min Dist = 0.516 | Min Dist 10 = 0.773 | Min Dist 100 = 0.379 | Min Dist 1000 = 0.404 | Steps Per Second = 86.227 | Success = 1.000 | Success 1000 = 0.960
I0502 16:25:46.908199 139579566835264 terminal.py:91] [Evaluator] Actor Episodes = 31194 | Actor Steps = 1559700 | Delta Dist = 11.879 | Delta Dist 10 = 11.164 | Delta Dist 100 = 11.699 | Delta Dist 1000 = 11.718 | Episode Length = 50 | Episode Return = 15.0 | Evaluator Episodes = 7907 | Evaluator Steps = 395350 | Final Dist = 0.928 | Final Dist 10 = 1.642 | Final Dist 100 = 1.108 | Final Dist 1000 = 1.089 | Init Dist = 12.806 | Init Dist 10 = 12.806 | Init Dist 100 = 12.806 | Init Dist 1000 = 12.806 | Learner Steps = 24214 | Learner Walltime = 4770.433 | Min Dist = 0.390 | Min Dist 10 = 0.802 | Min Dist 100 = 0.382 | Min Dist 1000 = 0.404 | Steps Per Second = 88.307 | Success = 1.000 | Success 1000 = 0.960
I0502 16:25:48.098641 139579566835264 terminal.py:91] [Evaluator] Actor Episodes = 31202 | Actor Steps = 1560100 | Delta Dist = 11.511 | Delta Dist 10 = 10.390 | Delta Dist 100 = 11.610 | Delta Dist 1000 = 11.708 | Episode Length = 50 | Episode Return = 16.0 | Evaluator Episodes = 7909 | Evaluator Steps = 395450 | Final Dist = 1.295 | Final Dist 10 = 2.417 | Final Dist 100 = 1.196 | Final Dist 1000 = 1.098 | Init Dist = 12.806 | Init Dist 10 = 12.806 | Init Dist 100 = 12.806 | Init Dist 1000 = 12.806 | Learner Steps = 24221 | Learner Walltime = 4771.865 | Min Dist = 0.232 | Min Dist 10 = 1.670 | Min Dist 100 = 0.464 | Min Dist 1000 = 0.413 | Steps Per Second = 84.528 | Success = 1.000 | Success 1000 = 0.959
I0502 16:25:49.267523 139579566835264 terminal.py:91] [Evaluator] Actor Episodes = 31210 | Actor Steps = 1560500 | Delta Dist = 12.332 | Delta Dist 10 = 10.299 | Delta Dist 100 = 11.616 | Delta Dist 1000 = 11.709 | Episode Length = 50 | Episode Return = 28.0 | Evaluator Episodes = 7911 | Evaluator Steps = 395550 | Final Dist = 0.475 | Final Dist 10 = 2.507 | Final Dist 100 = 1.190 | Final Dist 1000 = 1.097 | Init Dist = 12.806 | Init Dist 10 = 12.806 | Init Dist 100 = 12.806 | Init Dist 1000 = 12.806 | Learner Steps = 24227 | Learner Walltime = 4773.048 | Min Dist = 0.229 | Min Dist 10 = 1.670 | Min Dist 100 = 0.466 | Min Dist 1000 = 0.413 | Steps Per Second = 93.631 | Success = 1.000 | Success 1000 = 0.959
I0502 16:25:49.525501 139558059398720 terminal.py:91] [Actor] Actor Episodes = 31212 | Actor Steps = 1560600 | Delta Dist = 10.278 | Delta Dist 10 = 3.478 | Delta Dist 100 = 5.167 | Delta Dist 1000 = 4.302 | Episode Length = 50 | Episode Return = 44.0 | Evaluator Episodes = 7911 | Evaluator Steps = 395550 | Final Dist = 0.538 | Final Dist 10 = 0.995 | Final Dist 100 = 1.235 | Final Dist 1000 = 1.471 | Init Dist = 10.817 | Init Dist 10 = 4.473 | Init Dist 100 = 6.403 | Init Dist 1000 = 5.773 | Learner Steps = 24227 | Learner Walltime = 4773.048 | Min Dist = 0.134 | Min Dist 10 = 0.118 | Min Dist 100 = 0.071 | Min Dist 1000 = 0.202 | Steps Per Second = 81.376 | Success = 1.000 | Success 1000 = 0.996
I0502 16:25:50.442183 139579566835264 terminal.py:91] [Evaluator] Actor Episodes = 31218 | Actor Steps = 1560900 | Delta Dist = 11.423 | Delta Dist 10 = 11.008 | Delta Dist 100 = 11.619 | Delta Dist 1000 = 11.710 | Episode Length = 50 | Episode Return = 18.0 | Evaluator Episodes = 7913 | Evaluator Steps = 395650 | Final Dist = 1.383 | Final Dist 10 = 1.798 | Final Dist 100 = 1.187 | Final Dist 1000 = 1.096 | Init Dist = 12.806 | Init Dist 10 = 12.806 | Init Dist 100 = 12.806 | Init Dist 1000 = 12.806 | Learner Steps = 24233 | Learner Walltime = 4774.069 | Min Dist = 0.018 | Min Dist 10 = 1.146 | Min Dist 100 = 0.465 | Min Dist 1000 = 0.413 | Steps Per Second = 87.068 | Success = 1.000 | Success 1000 = 0.959
I0502 16:25:50.945050 139569349502528 terminal.py:91] [Actor] Actor Episodes = 31219 | Actor Steps = 1560950 | Delta Dist = 7.404 | Delta Dist 10 = 6.933 | Delta Dist 100 = 5.310 | Delta Dist 1000 = 4.321 | Episode Length = 50 | Episode Return = 37.0 | Evaluator Episodes = 7911 | Evaluator Steps = 395550 | Final Dist = 0.658 | Final Dist 10 = 1.347 | Final Dist 100 = 1.168 | Final Dist 1000 = 1.475 | Init Dist = 8.062 | Init Dist 10 = 8.280 | Init Dist 100 = 6.478 | Init Dist 1000 = 5.795 | Learner Steps = 24233 | Learner Walltime = 4774.069 | Min Dist = 0.115 | Min Dist 10 = 0.080 | Min Dist 100 = 0.073 | Min Dist 1000 = 0.203 | Steps Per Second = 80.792 | Success = 1.000 | Success 1000 = 0.996
I0502 16:25:51.411246 139555860620864 terminal.py:91] [Actor] Actor Episodes = 31223 | Actor Steps = 1561150 | Delta Dist = 7.334 | Delta Dist 10 = 6.988 | Delta Dist 100 = 5.274 | Delta Dist 1000 = 4.328 | Episode Length = 50 | Episode Return = 35.0 | Evaluator Episodes = 7913 | Evaluator Steps = 395650 | Final Dist = 0.666 | Final Dist 10 = 0.852 | Final Dist 100 = 1.186 | Final Dist 1000 = 1.476 | Init Dist = 8.000 | Init Dist 10 = 7.840 | Init Dist 100 = 6.460 | Init Dist 1000 = 5.804 | Learner Steps = 24233 | Learner Walltime = 4774.069 | Min Dist = 0.022 | Min Dist 10 = 0.083 | Min Dist 100 = 0.073 | Min Dist 1000 = 0.203 | Steps Per Second = 102.506 | Success = 1.000 | Success 1000 = 0.996
I0502 16:25:51.528149 139555013154368 terminal.py:91] [Learner] Actor Episodes = 31222 | Actor Loss = 3.677276611328125 | Actor Steps = 1561100 | Binary Accuracy = 0.9960825443267822 | Categorical Accuracy = 0.4095458984375 | Critic Loss = 1.8469088077545166 | Entropy Mean = -19.134899139404297 | Evaluator Episodes = 7913 | Evaluator Steps = 395650 | Learner Steps = 24242 | Learner Walltime = 4775.720 | Logits Neg = -16.916458129882812 | Logits Pos = -1.8342056274414062 | Logsumexp = 1.0309849977493286 | Steps Per Second = 510.741
I0502 16:25:51.538440 139579566835264 terminal.py:91] [Evaluator] Actor Episodes = 31226 | Actor Steps = 1561300 | Delta Dist = 12.120 | Delta Dist 10 = 11.032 | Delta Dist 100 = 11.617 | Delta Dist 1000 = 11.710 | Episode Length = 50 | Episode Return = 21.0 | Evaluator Episodes = 7915 | Evaluator Steps = 395750 | Final Dist = 0.686 | Final Dist 10 = 1.774 | Final Dist 100 = 1.189 | Final Dist 1000 = 1.096 | Init Dist = 12.806 | Init Dist 10 = 12.806 | Init Dist 100 = 12.806 | Init Dist 1000 = 12.806 | Learner Steps = 24239 | Learner Walltime = 4775.247 | Min Dist = 0.393 | Min Dist 10 = 1.060 | Min Dist 100 = 0.465 | Min Dist 1000 = 0.412 | Steps Per Second = 97.841 | Success = 1.000 | Success 1000 = 0.959
I0502 16:25:52.756167 139579566835264 terminal.py:91] [Evaluator] Actor Episodes = 31232 | Actor Steps = 1561600 | Delta Dist = 12.154 | Delta Dist 10 = 11.076 | Delta Dist 100 = 11.624 | Delta Dist 1000 = 11.711 | Episode Length = 50 | Episode Return = 17.0 | Evaluator Episodes = 7917 | Evaluator Steps = 395850 | Final Dist = 0.653 | Final Dist 10 = 1.731 | Final Dist 100 = 1.183 | Final Dist 1000 = 1.095 | Init Dist = 12.806 | Init Dist 10 = 12.806 | Init Dist 100 = 12.806 | Init Dist 1000 = 12.806 | Learner Steps = 24245 | Learner Walltime = 4776.322 | Min Dist = 0.259 | Min Dist 10 = 1.046 | Min Dist 100 = 0.467 | Min Dist 1000 = 0.412 | Steps Per Second = 85.733 | Success = 1.000 | Success 1000 = 0.959
I0502 16:25:53.764306 139584504182336 lp_utils.py:96] StepsLimiter: Reached 1562000 recorded steps
I0502 16:25:53.882894 139579566835264 terminal.py:91] [Evaluator] Actor Episodes = 31240 | Actor Steps = 1562000 | Delta Dist = 6.147 | Delta Dist 10 = 11.980 | Delta Dist 100 = 11.627 | Delta Dist 1000 = 11.711 | Episode Length = 50 | Episode Return = 0.0 | Evaluator Episodes = 7919 | Evaluator Steps = 395950 | Final Dist = 6.659 | Final Dist 10 = 0.827 | Final Dist 100 = 1.179 | Final Dist 1000 = 1.095 | Init Dist = 12.806 | Init Dist 10 = 12.806 | Init Dist 100 = 12.806 | Init Dist 1000 = 12.806 | Learner Steps = 24251 | Learner Walltime = 4777.467 | Min Dist = 3.451 | Min Dist 10 = 0.180 | Min Dist 100 = 0.460 | Min Dist 1000 = 0.412 | Steps Per Second = 93.707 | Success = 0.000 | Success 1000 = 0.959
I0502 16:25:54.066311 139557462840896 terminal.py:91] [Actor] Actor Episodes = 31241 | Actor Steps = 1562050 | Delta Dist = 10.257 | Delta Dist 10 = 6.120 | Delta Dist 100 = 5.231 | Delta Dist 1000 = 4.351 | Episode Length = 50 | Episode Return = 44.0 | Evaluator Episodes = 7917 | Evaluator Steps = 395850 | Final Dist = 0.373 | Final Dist 10 = 0.784 | Final Dist 100 = 1.068 | Final Dist 1000 = 1.467 | Init Dist = 10.630 | Init Dist 10 = 6.905 | Init Dist 100 = 6.299 | Init Dist 1000 = 5.818 | Learner Steps = 24251 | Learner Walltime = 4777.467 | Min Dist = 0.165 | Min Dist 10 = 0.061 | Min Dist 100 = 0.068 | Min Dist 1000 = 0.202 | Steps Per Second = 87.086 | Success = 1.000 | Success 1000 = 0.996
I0502 16:25:55.009072 139579566835264 terminal.py:91] [Evaluator] Actor Episodes = 31248 | Actor Steps = 1562400 | Delta Dist = 11.738 | Delta Dist 10 = 11.349 | Delta Dist 100 = 11.569 | Delta Dist 1000 = 11.704 | Episode Length = 50 | Episode Return = 18.0 | Evaluator Episodes = 7921 | Evaluator Steps = 396050 | Final Dist = 1.069 | Final Dist 10 = 1.457 | Final Dist 100 = 1.237 | Final Dist 1000 = 1.102 | Init Dist = 12.806 | Init Dist 10 = 12.806 | Init Dist 100 = 12.806 | Init Dist 1000 = 12.806 | Learner Steps = 24258 | Learner Walltime = 4778.804 | Min Dist = 0.035 | Min Dist 10 = 0.542 | Min Dist 100 = 0.493 | Min Dist 1000 = 0.416 | Steps Per Second = 84.793 | Success = 1.000 | Success 1000 = 0.958
I0502 16:25:56.259831 139579566835264 terminal.py:91] [Evaluator] Actor Episodes = 31256 | Actor Steps = 1562800 | Delta Dist = 11.606 | Delta Dist 10 = 11.300 | Delta Dist 100 = 11.564 | Delta Dist 1000 = 11.704 | Episode Length = 50 | Episode Return = 23.0 | Evaluator Episodes = 7923 | Evaluator Steps = 396150 | Final Dist = 1.200 | Final Dist 10 = 1.506 | Final Dist 100 = 1.243 | Final Dist 1000 = 1.102 | Init Dist = 12.806 | Init Dist 10 = 12.806 | Init Dist 100 = 12.806 | Init Dist 1000 = 12.806 | Learner Steps = 24265 | Learner Walltime = 4780.239 | Min Dist = 0.029 | Min Dist 10 = 0.546 | Min Dist 100 = 0.489 | Min Dist 1000 = 0.416 | Steps Per Second = 78.078 | Success = 1.000 | Success 1000 = 0.958
I0502 16:25:57.594773 139579566835264 terminal.py:91] [Evaluator] Actor Episodes = 31266 | Actor Steps = 1563300 | Delta Dist = 11.488 | Delta Dist 10 = 11.266 | Delta Dist 100 = 11.565 | Delta Dist 1000 = 11.702 | Episode Length = 50 | Episode Return = 24.0 | Evaluator Episodes = 7925 | Evaluator Steps = 396250 | Final Dist = 1.319 | Final Dist 10 = 1.540 | Final Dist 100 = 1.241 | Final Dist 1000 = 1.104 | Init Dist = 12.806 | Init Dist 10 = 12.806 | Init Dist 100 = 12.806 | Init Dist 1000 = 12.806 | Learner Steps = 24271 | Learner Walltime = 4781.368 | Min Dist = 0.285 | Min Dist 10 = 0.613 | Min Dist 100 = 0.491 | Min Dist 1000 = 0.416 | Steps Per Second = 73.819 | Success = 1.000 | Success 1000 = 0.958
I0502 16:25:58.921866 139579566835264 terminal.py:91] [Evaluator] Actor Episodes = 31274 | Actor Steps = 1563700 | Delta Dist = 12.575 | Delta Dist 10 = 11.118 | Delta Dist 100 = 11.557 | Delta Dist 1000 = 11.701 | Episode Length = 50 | Episode Return = 29.0 | Evaluator Episodes = 7927 | Evaluator Steps = 396350 | Final Dist = 0.231 | Final Dist 10 = 1.688 | Final Dist 100 = 1.249 | Final Dist 1000 = 1.105 | Init Dist = 12.806 | Init Dist 10 = 12.806 | Init Dist 100 = 12.806 | Init Dist 1000 = 12.806 | Learner Steps = 24277 | Learner Walltime = 4782.559 | Min Dist = 0.043 | Min Dist 10 = 0.665 | Min Dist 100 = 0.499 | Min Dist 1000 = 0.417 | Steps Per Second = 73.525 | Success = 1.000 | Success 1000 = 0.958
I0502 16:25:59.857181 139558059398720 terminal.py:91] [Actor] Actor Episodes = 31277 | Actor Steps = 1563850 | Delta Dist = 7.368 | Delta Dist 10 = 5.065 | Delta Dist 100 = 5.118 | Delta Dist 1000 = 4.354 | Episode Length = 50 | Episode Return = 31.0 | Evaluator Episodes = 7927 | Evaluator Steps = 396350 | Final Dist = 0.442 | Final Dist 10 = 0.603 | Final Dist 100 = 1.057 | Final Dist 1000 = 1.478 | Init Dist = 7.810 | Init Dist 10 = 5.669 | Init Dist 100 = 6.176 | Init Dist 1000 = 5.832 | Learner Steps = 24277 | Learner Walltime = 4782.559 | Min Dist = 0.006 | Min Dist 10 = 0.124 | Min Dist 100 = 0.149 | Min Dist 1000 = 0.207 | Steps Per Second = 88.237 | Success = 1.000 | Success 1000 = 0.996
I0502 16:26:00.097224 139579566835264 terminal.py:91] [Evaluator] Actor Episodes = 31280 | Actor Steps = 1564000 | Delta Dist = 11.503 | Delta Dist 10 = 11.136 | Delta Dist 100 = 11.553 | Delta Dist 1000 = 11.701 | Episode Length = 50 | Episode Return = 1.0 | Evaluator Episodes = 7929 | Evaluator Steps = 396450 | Final Dist = 1.304 | Final Dist 10 = 1.670 | Final Dist 100 = 1.254 | Final Dist 1000 = 1.105 | Init Dist = 12.806 | Init Dist 10 = 12.806 | Init Dist 100 = 12.806 | Init Dist 1000 = 12.806 | Learner Steps = 24281 | Learner Walltime = 4783.571 | Min Dist = 0.249 | Min Dist 10 = 0.645 | Min Dist 100 = 0.498 | Min Dist 1000 = 0.417 | Steps Per Second = 91.795 | Success = 1.000 | Success 1000 = 0.958
I0502 16:26:01.252688 139579566835264 terminal.py:91] [Evaluator] Actor Episodes = 31288 | Actor Steps = 1564400 | Delta Dist = 12.144 | Delta Dist 10 = 11.725 | Delta Dist 100 = 11.559 | Delta Dist 1000 = 11.700 | Episode Length = 50 | Episode Return = 28.0 | Evaluator Episodes = 7931 | Evaluator Steps = 396550 | Final Dist = 0.663 | Final Dist 10 = 1.082 | Final Dist 100 = 1.248 | Final Dist 1000 = 1.106 | Init Dist = 12.806 | Init Dist 10 = 12.806 | Init Dist 100 = 12.806 | Init Dist 1000 = 12.806 | Learner Steps = 24287 | Learner Walltime = 4784.746 | Min Dist = 0.382 | Min Dist 10 = 0.287 | Min Dist 100 = 0.500 | Min Dist 1000 = 0.417 | Steps Per Second = 84.762 | Success = 1.000 | Success 1000 = 0.958
I0502 16:26:01.330417 139569349502528 terminal.py:91] [Actor] Actor Episodes = 31290 | Actor Steps = 1564500 | Delta Dist = 9.257 | Delta Dist 10 = 5.402 | Delta Dist 100 = 4.965 | Delta Dist 1000 = 4.382 | Episode Length = 50 | Episode Return = 39.0 | Evaluator Episodes = 7931 | Evaluator Steps = 396550 | Final Dist = 0.642 | Final Dist 10 = 0.762 | Final Dist 100 = 1.080 | Final Dist 1000 = 1.441 | Init Dist = 9.899 | Init Dist 10 = 6.164 | Init Dist 100 = 6.046 | Init Dist 1000 = 5.823 | Learner Steps = 24287 | Learner Walltime = 4784.746 | Min Dist = 0.021 | Min Dist 10 = 0.155 | Min Dist 100 = 0.159 | Min Dist 1000 = 0.196 | Steps Per Second = 82.413 | Success = 1.000 | Success 1000 = 0.996
I0502 16:26:01.770436 139555013154368 terminal.py:91] [Learner] Actor Episodes = 31292 | Actor Loss = 3.6011269092559814 | Actor Steps = 1564600 | Binary Accuracy = 0.9960808753967285 | Categorical Accuracy = 0.42034912109375 | Critic Loss = 1.8034358024597168 | Entropy Mean = -20.316692352294922 | Evaluator Episodes = 7931 | Evaluator Steps = 396550 | Learner Steps = 24293 | Learner Walltime = 4785.965 | Logits Neg = -17.208873748779297 | Logits Pos = -1.7948745489120483 | Logsumexp = 1.0679305791854858 | Steps Per Second = 110.997
I0502 16:26:02.028415 139555860620864 terminal.py:91] [Actor] Actor Episodes = 31294 | Actor Steps = 1564700 | Delta Dist = 8.902 | Delta Dist 10 = 3.823 | Delta Dist 100 = 4.902 | Delta Dist 1000 = 4.362 | Episode Length = 50 | Episode Return = 45.0 | Evaluator Episodes = 7931 | Evaluator Steps = 396550 | Final Dist = 0.154 | Final Dist 10 = 1.599 | Final Dist 100 = 1.115 | Final Dist 1000 = 1.451 | Init Dist = 9.055 | Init Dist 10 = 5.423 | Init Dist 100 = 6.017 | Init Dist 1000 = 5.813 | Learner Steps = 24293 | Learner Walltime = 4785.965 | Min Dist = 0.074 | Min Dist 10 = 0.149 | Min Dist 100 = 0.163 | Min Dist 1000 = 0.197 | Steps Per Second = 78.647 | Success = 1.000 | Success 1000 = 0.996
I0502 16:26:02.422931 139579566835264 terminal.py:91] [Evaluator] Actor Episodes = 31296 | Actor Steps = 1564800 | Delta Dist = 11.428 | Delta Dist 10 = 11.817 | Delta Dist 100 = 11.555 | Delta Dist 1000 = 11.701 | Episode Length = 50 | Episode Return = 17.0 | Evaluator Episodes = 7933 | Evaluator Steps = 396650 | Final Dist = 1.378 | Final Dist 10 = 0.990 | Final Dist 100 = 1.251 | Final Dist 1000 = 1.106 | Init Dist = 12.806 | Init Dist 10 = 12.806 | Init Dist 100 = 12.806 | Init Dist 1000 = 12.806 | Learner Steps = 24293 | Learner Walltime = 4785.965 | Min Dist = 0.106 | Min Dist 10 = 0.324 | Min Dist 100 = 0.505 | Min Dist 1000 = 0.418 | Steps Per Second = 90.100 | Success = 1.000 | Success 1000 = 0.958
I0502 16:26:03.512910 139579566835264 terminal.py:91] [Evaluator] Actor Episodes = 31302 | Actor Steps = 1565100 | Delta Dist = 11.561 | Delta Dist 10 = 11.804 | Delta Dist 100 = 11.549 | Delta Dist 1000 = 11.700 | Episode Length = 50 | Episode Return = 4.0 | Evaluator Episodes = 7935 | Evaluator Steps = 396750 | Final Dist = 1.245 | Final Dist 10 = 1.003 | Final Dist 100 = 1.257 | Final Dist 1000 = 1.106 | Init Dist = 12.806 | Init Dist 10 = 12.806 | Init Dist 100 = 12.806 | Init Dist 1000 = 12.806 | Learner Steps = 24301 | Learner Walltime = 4787.232 | Min Dist = 0.630 | Min Dist 10 = 0.272 | Min Dist 100 = 0.505 | Min Dist 1000 = 0.417 | Steps Per Second = 88.429 | Success = 1.000 | Success 1000 = 0.959
I0502 16:26:03.780981 139584504182336 lp_utils.py:96] StepsLimiter: Reached 1565300 recorded steps
I0502 16:26:04.118562 139557462840896 terminal.py:91] [Actor] Actor Episodes = 31305 | Actor Steps = 1565250 | Delta Dist = 5.921 | Delta Dist 10 = 4.032 | Delta Dist 100 = 5.020 | Delta Dist 1000 = 4.362 | Episode Length = 50 | Episode Return = 12.0 | Evaluator Episodes = 7935 | Evaluator Steps = 396750 | Final Dist = 0.079 | Final Dist 10 = 1.263 | Final Dist 100 = 1.240 | Final Dist 1000 = 1.449 | Init Dist = 6.000 | Init Dist 10 = 5.294 | Init Dist 100 = 6.260 | Init Dist 1000 = 5.811 | Learner Steps = 24301 | Learner Walltime = 4787.232 | Min Dist = 0.039 | Min Dist 10 = 0.045 | Min Dist 100 = 0.161 | Min Dist 1000 = 0.196 | Steps Per Second = 85.557 | Success = 1.000 | Success 1000 = 0.996
I0502 16:26:04.685955 139579566835264 terminal.py:91] [Evaluator] Actor Episodes = 31312 | Actor Steps = 1565600 | Delta Dist = 11.479 | Delta Dist 10 = 11.790 | Delta Dist 100 = 11.527 | Delta Dist 1000 = 11.699 | Episode Length = 50 | Episode Return = 11.0 | Evaluator Episodes = 7937 | Evaluator Steps = 396850 | Final Dist = 1.327 | Final Dist 10 = 1.017 | Final Dist 100 = 1.279 | Final Dist 1000 = 1.108 | Init Dist = 12.806 | Init Dist 10 = 12.806 | Init Dist 100 = 12.806 | Init Dist 1000 = 12.806 | Learner Steps = 24307 | Learner Walltime = 4788.416 | Min Dist = 0.163 | Min Dist 10 = 0.244 | Min Dist 100 = 0.508 | Min Dist 1000 = 0.417 | Steps Per Second = 94.550 | Success = 1.000 | Success 1000 = 0.959
I0502 16:26:05.871884 139579566835264 terminal.py:91] [Evaluator] Actor Episodes = 31318 | Actor Steps = 1565900 | Delta Dist = 11.804 | Delta Dist 10 = 11.690 | Delta Dist 100 = 11.528 | Delta Dist 1000 = 11.698 | Episode Length = 50 | Episode Return = 30.0 | Evaluator Episodes = 7939 | Evaluator Steps = 396950 | Final Dist = 1.002 | Final Dist 10 = 1.116 | Final Dist 100 = 1.278 | Final Dist 1000 = 1.108 | Init Dist = 12.806 | Init Dist 10 = 12.806 | Init Dist 100 = 12.806 | Init Dist 1000 = 12.806 | Learner Steps = 24312 | Learner Walltime = 4789.490 | Min Dist = 0.418 | Min Dist 10 = 0.269 | Min Dist 100 = 0.506 | Min Dist 1000 = 0.417 | Steps Per Second = 86.253 | Success = 1.000 | Success 1000 = 0.959
I0502 16:26:06.148790 139584635659840 savers.py:156] Saving checkpoint: logs/contrastive_cpc_point_FourRooms_64/5dd72662-2788-11f0-b183-d85ed38c5779/checkpoints/counter
I0502 16:26:07.103111 139579566835264 terminal.py:91] [Evaluator] Actor Episodes = 31329 | Actor Steps = 1566450 | Delta Dist = 11.426 | Delta Dist 10 = 11.747 | Delta Dist 100 = 11.541 | Delta Dist 1000 = 11.698 | Episode Length = 50 | Episode Return = 8.0 | Evaluator Episodes = 7941 | Evaluator Steps = 397050 | Final Dist = 1.380 | Final Dist 10 = 1.059 | Final Dist 100 = 1.266 | Final Dist 1000 = 1.108 | Init Dist = 12.806 | Init Dist 10 = 12.806 | Init Dist 100 = 12.806 | Init Dist 1000 = 12.806 | Learner Steps = 24319 | Learner Walltime = 4790.506 | Min Dist = 0.224 | Min Dist 10 = 0.282 | Min Dist 100 = 0.508 | Min Dist 1000 = 0.417 | Steps Per Second = 82.735 | Success = 1.000 | Success 1000 = 0.959
I0502 16:26:08.283531 139579566835264 terminal.py:91] [Evaluator] Actor Episodes = 31337 | Actor Steps = 1566850 | Delta Dist = 12.428 | Delta Dist 10 = 11.638 | Delta Dist 100 = 11.533 | Delta Dist 1000 = 11.698 | Episode Length = 50 | Episode Return = 15.0 | Evaluator Episodes = 7943 | Evaluator Steps = 397150 | Final Dist = 0.378 | Final Dist 10 = 1.168 | Final Dist 100 = 1.273 | Final Dist 1000 = 1.108 | Init Dist = 12.806 | Init Dist 10 = 12.806 | Init Dist 100 = 12.806 | Init Dist 1000 = 12.806 | Learner Steps = 24324 | Learner Walltime = 4791.760 | Min Dist = 0.113 | Min Dist 10 = 0.237 | Min Dist 100 = 0.500 | Min Dist 1000 = 0.417 | Steps Per Second = 81.757 | Success = 1.000 | Success 1000 = 0.959
I0502 16:26:09.480832 139579566835264 terminal.py:91] [Evaluator] Actor Episodes = 31343 | Actor Steps = 1567150 | Delta Dist = 11.532 | Delta Dist 10 = 11.853 | Delta Dist 100 = 11.547 | Delta Dist 1000 = 11.699 | Episode Length = 50 | Episode Return = 18.0 | Evaluator Episodes = 7945 | Evaluator Steps = 397250 | Final Dist = 1.275 | Final Dist 10 = 0.953 | Final Dist 100 = 1.259 | Final Dist 1000 = 1.107 | Init Dist = 12.806 | Init Dist 10 = 12.806 | Init Dist 100 = 12.806 | Init Dist 1000 = 12.806 | Learner Steps = 24330 | Learner Walltime = 4792.918 | Min Dist = 0.128 | Min Dist 10 = 0.215 | Min Dist 100 = 0.498 | Min Dist 1000 = 0.416 | Steps Per Second = 86.942 | Success = 1.000 | Success 1000 = 0.959
I0502 16:26:09.862431 139558059398720 terminal.py:91] [Actor] Actor Episodes = 31344 | Actor Steps = 1567200 | Delta Dist = 2.702 | Delta Dist 10 = 5.629 | Delta Dist 100 = 4.639 | Delta Dist 1000 = 4.373 | Episode Length = 50 | Episode Return = 45.0 | Evaluator Episodes = 7943 | Evaluator Steps = 397150 | Final Dist = 0.460 | Final Dist 10 = 0.601 | Final Dist 100 = 1.516 | Final Dist 1000 = 1.453 | Init Dist = 3.162 | Init Dist 10 = 6.229 | Init Dist 100 = 6.155 | Init Dist 1000 = 5.827 | Learner Steps = 24330 | Learner Walltime = 4792.918 | Min Dist = 0.124 | Min Dist 10 = 0.118 | Min Dist 100 = 0.172 | Min Dist 1000 = 0.197 | Steps Per Second = 83.397 | Success = 1.000 | Success 1000 = 0.997
I0502 16:26:10.805772 139579566835264 terminal.py:91] [Evaluator] Actor Episodes = 31353 | Actor Steps = 1567650 | Delta Dist = 11.713 | Delta Dist 10 = 11.951 | Delta Dist 100 = 11.556 | Delta Dist 1000 = 11.699 | Episode Length = 50 | Episode Return = 2.0 | Evaluator Episodes = 7947 | Evaluator Steps = 397350 | Final Dist = 1.093 | Final Dist 10 = 0.855 | Final Dist 100 = 1.250 | Final Dist 1000 = 1.107 | Init Dist = 12.806 | Init Dist 10 = 12.806 | Init Dist 100 = 12.806 | Init Dist 1000 = 12.806 | Learner Steps = 24336 | Learner Walltime = 4794.110 | Min Dist = 0.446 | Min Dist 10 = 0.176 | Min Dist 100 = 0.498 | Min Dist 1000 = 0.416 | Steps Per Second = 71.013 | Success = 1.000 | Success 1000 = 0.959
I0502 16:26:11.748789 139569349502528 terminal.py:91] [Actor] Actor Episodes = 31356 | Actor Steps = 1567800 | Delta Dist = 1.353 | Delta Dist 10 = 4.987 | Delta Dist 100 = 4.642 | Delta Dist 1000 = 4.391 | Episode Length = 50 | Episode Return = 29.0 | Evaluator Episodes = 7947 | Evaluator Steps = 397350 | Final Dist = 0.647 | Final Dist 10 = 0.735 | Final Dist 100 = 1.408 | Final Dist 1000 = 1.448 | Init Dist = 2.000 | Init Dist 10 = 5.722 | Init Dist 100 = 6.050 | Init Dist 1000 = 5.838 | Learner Steps = 24336 | Learner Walltime = 4794.110 | Min Dist = 0.094 | Min Dist 10 = 0.075 | Min Dist 100 = 0.177 | Min Dist 1000 = 0.197 | Steps Per Second = 79.218 | Success = 1.000 | Success 1000 = 0.997
I0502 16:26:11.808593 139555013154368 terminal.py:91] [Learner] Actor Episodes = 31355 | Actor Loss = 3.6097726821899414 | Actor Steps = 1567750 | Binary Accuracy = 0.996065616607666 | Categorical Accuracy = 0.4248046875 | Critic Loss = 1.7823727130889893 | Entropy Mean = -19.60089111328125 | Evaluator Episodes = 7947 | Evaluator Steps = 397350 | Learner Steps = 24346 | Learner Walltime = 4796.004 | Logits Neg = -16.87312126159668 | Logits Pos = -1.7787832021713257 | Logsumexp = 1.0792083740234375 | Steps Per Second = 166.009
I0502 16:26:12.025338 139579566835264 terminal.py:91] [Evaluator] Actor Episodes = 31361 | Actor Steps = 1568050 | Delta Dist = 12.041 | Delta Dist 10 = 11.952 | Delta Dist 100 = 11.559 | Delta Dist 1000 = 11.700 | Episode Length = 50 | Episode Return = 19.0 | Evaluator Episodes = 7949 | Evaluator Steps = 397450 | Final Dist = 0.765 | Final Dist 10 = 0.855 | Final Dist 100 = 1.248 | Final Dist 1000 = 1.107 | Init Dist = 12.806 | Init Dist 10 = 12.806 | Init Dist 100 = 12.806 | Init Dist 1000 = 12.806 | Learner Steps = 24343 | Learner Walltime = 4795.434 | Min Dist = 0.094 | Min Dist 10 = 0.209 | Min Dist 100 = 0.499 | Min Dist 1000 = 0.417 | Steps Per Second = 79.141 | Success = 1.000 | Success 1000 = 0.959
I0502 16:26:12.266214 139555860620864 terminal.py:91] [Actor] Actor Episodes = 31358 | Actor Steps = 1567900 | Delta Dist = 3.115 | Delta Dist 10 = 4.431 | Delta Dist 100 = 4.572 | Delta Dist 1000 = 4.383 | Episode Length = 50 | Episode Return = 36.0 | Evaluator Episodes = 7947 | Evaluator Steps = 397350 | Final Dist = 1.009 | Final Dist 10 = 1.304 | Final Dist 100 = 1.423 | Final Dist 1000 = 1.451 | Init Dist = 4.123 | Init Dist 10 = 5.735 | Init Dist 100 = 5.994 | Init Dist 1000 = 5.834 | Learner Steps = 24343 | Learner Walltime = 4795.434 | Min Dist = 0.029 | Min Dist 10 = 0.080 | Min Dist 100 = 0.177 | Min Dist 1000 = 0.197 | Steps Per Second = 85.193 | Success = 1.000 | Success 1000 = 0.997
I0502 16:26:12.517699 139583350109760 savers.py:156] Saving checkpoint: logs/contrastive_cpc_point_FourRooms_64/5dd72662-2788-11f0-b183-d85ed38c5779/checkpoints/learner
I0502 16:26:13.275556 139579566835264 terminal.py:91] [Evaluator] Actor Episodes = 31369 | Actor Steps = 1568450 | Delta Dist = 11.505 | Delta Dist 10 = 11.897 | Delta Dist 100 = 11.556 | Delta Dist 1000 = 11.699 | Episode Length = 50 | Episode Return = 3.0 | Evaluator Episodes = 7951 | Evaluator Steps = 397550 | Final Dist = 1.301 | Final Dist 10 = 0.910 | Final Dist 100 = 1.250 | Final Dist 1000 = 1.107 | Init Dist = 12.806 | Init Dist 10 = 12.806 | Init Dist 100 = 12.806 | Init Dist 1000 = 12.806 | Learner Steps = 24349 | Learner Walltime = 4796.721 | Min Dist = 0.084 | Min Dist 10 = 0.183 | Min Dist 100 = 0.491 | Min Dist 1000 = 0.416 | Steps Per Second = 85.886 | Success = 1.000 | Success 1000 = 0.959
I0502 16:26:13.797843 139584504182336 lp_utils.py:96] StepsLimiter: Reached 1568550 recorded steps
I0502 16:26:14.296447 139557462840896 terminal.py:91] [Actor] Actor Episodes = 31375 | Actor Steps = 1568750 | Delta Dist = 6.624 | Delta Dist 10 = -0.062 | Delta Dist 100 = 4.294 | Delta Dist 1000 = 4.358 | Episode Length = 50 | Episode Return = 46.0 | Evaluator Episodes = 7951 | Evaluator Steps = 397550 | Final Dist = 0.587 | Final Dist 10 = 5.379 | Final Dist 100 = 1.824 | Final Dist 1000 = 1.501 | Init Dist = 7.211 | Init Dist 10 = 5.317 | Init Dist 100 = 6.118 | Init Dist 1000 = 5.859 | Learner Steps = 24356 | Learner Walltime = 4798.018 | Min Dist = 0.055 | Min Dist 10 = 0.085 | Min Dist 100 = 0.104 | Min Dist 1000 = 0.196 | Steps Per Second = 83.731 | Success = 1.000 | Success 1000 = 0.997
I0502 16:26:14.545558 139579566835264 terminal.py:91] [Evaluator] Actor Episodes = 31377 | Actor Steps = 1568850 | Delta Dist = 11.668 | Delta Dist 10 = 11.887 | Delta Dist 100 = 11.550 | Delta Dist 1000 = 11.699 | Episode Length = 50 | Episode Return = 14.0 | Evaluator Episodes = 7953 | Evaluator Steps = 397650 | Final Dist = 1.138 | Final Dist 10 = 0.919 | Final Dist 100 = 1.257 | Final Dist 1000 = 1.108 | Init Dist = 12.806 | Init Dist 10 = 12.806 | Init Dist 100 = 12.806 | Init Dist 1000 = 12.806 | Learner Steps = 24356 | Learner Walltime = 4798.018 | Min Dist = 0.068 | Min Dist 10 = 0.172 | Min Dist 100 = 0.490 | Min Dist 1000 = 0.417 | Steps Per Second = 76.025 | Success = 1.000 | Success 1000 = 0.959
I0502 16:26:15.720046 139579566835264 terminal.py:91] [Evaluator] Actor Episodes = 31385 | Actor Steps = 1569250 | Delta Dist = 11.431 | Delta Dist 10 = 11.770 | Delta Dist 100 = 11.547 | Delta Dist 1000 = 11.699 | Episode Length = 50 | Episode Return = 1.0 | Evaluator Episodes = 7955 | Evaluator Steps = 397750 | Final Dist = 1.375 | Final Dist 10 = 1.037 | Final Dist 100 = 1.259 | Final Dist 1000 = 1.107 | Init Dist = 12.806 | Init Dist 10 = 12.806 | Init Dist 100 = 12.806 | Init Dist 1000 = 12.806 | Learner Steps = 24361 | Learner Walltime = 4799.225 | Min Dist = 0.285 | Min Dist 10 = 0.180 | Min Dist 100 = 0.483 | Min Dist 1000 = 0.416 | Steps Per Second = 93.596 | Success = 1.000 | Success 1000 = 0.959
I0502 16:26:16.845250 139579566835264 terminal.py:91] [Evaluator] Actor Episodes = 31393 | Actor Steps = 1569650 | Delta Dist = 12.161 | Delta Dist 10 = 11.681 | Delta Dist 100 = 11.549 | Delta Dist 1000 = 11.698 | Episode Length = 50 | Episode Return = 8.0 | Evaluator Episodes = 7957 | Evaluator Steps = 397850 | Final Dist = 0.646 | Final Dist 10 = 1.125 | Final Dist 100 = 1.258 | Final Dist 1000 = 1.108 | Init Dist = 12.806 | Init Dist 10 = 12.806 | Init Dist 100 = 12.806 | Init Dist 1000 = 12.806 | Learner Steps = 24367 | Learner Walltime = 4800.275 | Min Dist = 0.584 | Min Dist 10 = 0.235 | Min Dist 100 = 0.480 | Min Dist 1000 = 0.417 | Steps Per Second = 91.919 | Success = 1.000 | Success 1000 = 0.959
I0502 16:26:18.036296 139579566835264 terminal.py:91] [Evaluator] Actor Episodes = 31401 | Actor Steps = 1570050 | Delta Dist = 11.412 | Delta Dist 10 = 11.779 | Delta Dist 100 = 11.563 | Delta Dist 1000 = 11.699 | Episode Length = 50 | Episode Return = 2.0 | Evaluator Episodes = 7959 | Evaluator Steps = 397950 | Final Dist = 1.394 | Final Dist 10 = 1.028 | Final Dist 100 = 1.243 | Final Dist 1000 = 1.108 | Init Dist = 12.806 | Init Dist 10 = 12.806 | Init Dist 100 = 12.806 | Init Dist 1000 = 12.806 | Learner Steps = 24373 | Learner Walltime = 4801.428 | Min Dist = 0.492 | Min Dist 10 = 0.230 | Min Dist 100 = 0.480 | Min Dist 1000 = 0.417 | Steps Per Second = 93.183 | Success = 1.000 | Success 1000 = 0.959
I0502 16:26:19.229332 139579566835264 terminal.py:91] [Evaluator] Actor Episodes = 31409 | Actor Steps = 1570450 | Delta Dist = 12.641 | Delta Dist 10 = 11.745 | Delta Dist 100 = 11.545 | Delta Dist 1000 = 11.698 | Episode Length = 50 | Episode Return = 27.0 | Evaluator Episodes = 7961 | Evaluator Steps = 398050 | Final Dist = 0.165 | Final Dist 10 = 1.062 | Final Dist 100 = 1.261 | Final Dist 1000 = 1.109 | Init Dist = 12.806 | Init Dist 10 = 12.806 | Init Dist 100 = 12.806 | Init Dist 1000 = 12.806 | Learner Steps = 24379 | Learner Walltime = 4802.706 | Min Dist = 0.047 | Min Dist 10 = 0.267 | Min Dist 100 = 0.481 | Min Dist 1000 = 0.417 | Steps Per Second = 94.439 | Success = 1.000 | Success 1000 = 0.959
I0502 16:26:20.335159 139579566835264 terminal.py:91] [Evaluator] Actor Episodes = 31413 | Actor Steps = 1570650 | Delta Dist = 11.592 | Delta Dist 10 = 11.855 | Delta Dist 100 = 11.554 | Delta Dist 1000 = 11.699 | Episode Length = 50 | Episode Return = 30.0 | Evaluator Episodes = 7963 | Evaluator Steps = 398150 | Final Dist = 1.214 | Final Dist 10 = 0.952 | Final Dist 100 = 1.253 | Final Dist 1000 = 1.107 | Init Dist = 12.806 | Init Dist 10 = 12.806 | Init Dist 100 = 12.806 | Init Dist 1000 = 12.806 | Learner Steps = 24386 | Learner Walltime = 4803.878 | Min Dist = 0.215 | Min Dist 10 = 0.258 | Min Dist 100 = 0.480 | Min Dist 1000 = 0.417 | Steps Per Second = 90.120 | Success = 1.000 | Success 1000 = 0.959
I0502 16:26:20.367788 139558059398720 terminal.py:91] [Actor] Actor Episodes = 31415 | Actor Steps = 1570750 | Delta Dist = 10.645 | Delta Dist 10 = 5.141 | Delta Dist 100 = 4.340 | Delta Dist 1000 = 4.399 | Episode Length = 50 | Episode Return = 37.0 | Evaluator Episodes = 7963 | Evaluator Steps = 398150 | Final Dist = 0.757 | Final Dist 10 = 0.792 | Final Dist 100 = 1.717 | Final Dist 1000 = 1.477 | Init Dist = 11.402 | Init Dist 10 = 5.933 | Init Dist 100 = 6.057 | Init Dist 1000 = 5.876 | Learner Steps = 24386 | Learner Walltime = 4803.878 | Min Dist = 0.021 | Min Dist 10 = 0.130 | Min Dist 100 = 0.104 | Min Dist 1000 = 0.187 | Steps Per Second = 86.737 | Success = 1.000 | Success 1000 = 0.999
I0502 16:26:21.531467 139579566835264 terminal.py:91] [Evaluator] Actor Episodes = 31421 | Actor Steps = 1571050 | Delta Dist = 11.748 | Delta Dist 10 = 11.835 | Delta Dist 100 = 11.556 | Delta Dist 1000 = 11.699 | Episode Length = 50 | Episode Return = 20.0 | Evaluator Episodes = 7965 | Evaluator Steps = 398250 | Final Dist = 1.058 | Final Dist 10 = 0.971 | Final Dist 100 = 1.250 | Final Dist 1000 = 1.107 | Init Dist = 12.806 | Init Dist 10 = 12.806 | Init Dist 100 = 12.806 | Init Dist 1000 = 12.806 | Learner Steps = 24392 | Learner Walltime = 4804.922 | Min Dist = 0.139 | Min Dist 10 = 0.286 | Min Dist 100 = 0.481 | Min Dist 1000 = 0.417 | Steps Per Second = 83.185 | Success = 1.000 | Success 1000 = 0.959
I0502 16:26:21.768417 139569349502528 terminal.py:91] [Actor] Actor Episodes = 31420 | Actor Steps = 1571000 | Delta Dist = 9.198 | Delta Dist 10 = 3.405 | Delta Dist 100 = 4.186 | Delta Dist 1000 = 4.392 | Episode Length = 50 | Episode Return = 26.0 | Evaluator Episodes = 7963 | Evaluator Steps = 398150 | Final Dist = 1.573 | Final Dist 10 = 2.767 | Final Dist 100 = 1.754 | Final Dist 1000 = 1.495 | Init Dist = 10.770 | Init Dist 10 = 6.172 | Init Dist 100 = 5.940 | Init Dist 1000 = 5.888 | Learner Steps = 24392 | Learner Walltime = 4804.922 | Min Dist = 0.015 | Min Dist 10 = 0.056 | Min Dist 100 = 0.101 | Min Dist 1000 = 0.187 | Steps Per Second = 83.294 | Success = 1.000 | Success 1000 = 0.999
I0502 16:26:21.860342 139555013154368 terminal.py:91] [Learner] Actor Episodes = 31425 | Actor Loss = 3.7064223289489746 | Actor Steps = 1571250 | Binary Accuracy = 0.9959731101989746 | Categorical Accuracy = 0.4215087890625 | Critic Loss = 1.8300974369049072 | Entropy Mean = -20.245044708251953 | Evaluator Episodes = 7965 | Evaluator Steps = 398250 | Learner Steps = 24397 | Learner Walltime = 4806.056 | Logits Neg = -17.188819885253906 | Logits Pos = -1.8176932334899902 | Logsumexp = 1.1970593929290771 | Steps Per Second = 158.764
I0502 16:26:22.591061 139555860620864 terminal.py:91] [Actor] Actor Episodes = 31429 | Actor Steps = 1571450 | Delta Dist = 5.759 | Delta Dist 10 = 4.237 | Delta Dist 100 = 4.170 | Delta Dist 1000 = 4.390 | Episode Length = 50 | Episode Return = 32.0 | Evaluator Episodes = 7965 | Evaluator Steps = 398250 | Final Dist = 0.324 | Final Dist 10 = 1.660 | Final Dist 100 = 1.771 | Final Dist 1000 = 1.502 | Init Dist = 6.083 | Init Dist 10 = 5.896 | Init Dist 100 = 5.941 | Init Dist 1000 = 5.893 | Learner Steps = 24397 | Learner Walltime = 4806.056 | Min Dist = 0.073 | Min Dist 10 = 0.022 | Min Dist 100 = 0.097 | Min Dist 1000 = 0.186 | Steps Per Second = 74.930 | Success = 1.000 | Success 1000 = 0.999
I0502 16:26:22.760725 139579566835264 terminal.py:91] [Evaluator] Actor Episodes = 31429 | Actor Steps = 1571450 | Delta Dist = 11.446 | Delta Dist 10 = 11.917 | Delta Dist 100 = 11.566 | Delta Dist 1000 = 11.698 | Episode Length = 50 | Episode Return = 13.0 | Evaluator Episodes = 7967 | Evaluator Steps = 398350 | Final Dist = 1.360 | Final Dist 10 = 0.889 | Final Dist 100 = 1.240 | Final Dist 1000 = 1.108 | Init Dist = 12.806 | Init Dist 10 = 12.806 | Init Dist 100 = 12.806 | Init Dist 1000 = 12.806 | Learner Steps = 24397 | Learner Walltime = 4806.056 | Min Dist = 0.252 | Min Dist 10 = 0.224 | Min Dist 100 = 0.478 | Min Dist 1000 = 0.417 | Steps Per Second = 81.058 | Success = 1.000 | Success 1000 = 0.959
I0502 16:26:23.814712 139584504182336 lp_utils.py:96] StepsLimiter: Reached 1571850 recorded steps
I0502 16:26:23.831028 139579566835264 terminal.py:91] [Evaluator] Actor Episodes = 31437 | Actor Steps = 1571850 | Delta Dist = 11.449 | Delta Dist 10 = 11.814 | Delta Dist 100 = 11.562 | Delta Dist 1000 = 11.698 | Episode Length = 50 | Episode Return = 0.0 | Evaluator Episodes = 7969 | Evaluator Steps = 398450 | Final Dist = 1.357 | Final Dist 10 = 0.992 | Final Dist 100 = 1.244 | Final Dist 1000 = 1.108 | Init Dist = 12.806 | Init Dist 10 = 12.806 | Init Dist 100 = 12.806 | Init Dist 1000 = 12.806 | Learner Steps = 24403 | Learner Walltime = 4807.236 | Min Dist = 1.112 | Min Dist 10 = 0.254 | Min Dist 100 = 0.481 | Min Dist 1000 = 0.417 | Steps Per Second = 100.404 | Success = 0.000 | Success 1000 = 0.959
I0502 16:26:24.701197 139557462840896 terminal.py:91] [Actor] Actor Episodes = 31442 | Actor Steps = 1572100 | Delta Dist = 9.201 | Delta Dist 10 = 5.080 | Delta Dist 100 = 4.249 | Delta Dist 1000 = 4.392 | Episode Length = 50 | Episode Return = 40.0 | Evaluator Episodes = 7969 | Evaluator Steps = 398450 | Final Dist = 0.233 | Final Dist 10 = 1.585 | Final Dist 100 = 1.820 | Final Dist 1000 = 1.502 | Init Dist = 9.434 | Init Dist 10 = 6.665 | Init Dist 100 = 6.069 | Init Dist 1000 = 5.894 | Learner Steps = 24403 | Learner Walltime = 4807.236 | Min Dist = 0.233 | Min Dist 10 = 0.123 | Min Dist 100 = 0.085 | Min Dist 1000 = 0.186 | Steps Per Second = 87.465 | Success = 1.000 | Success 1000 = 0.999
I0502 16:26:25.007970 139579566835264 terminal.py:91] [Evaluator] Actor Episodes = 31445 | Actor Steps = 1572250 | Delta Dist = 12.562 | Delta Dist 10 = 11.878 | Delta Dist 100 = 11.561 | Delta Dist 1000 = 11.697 | Episode Length = 50 | Episode Return = 11.0 | Evaluator Episodes = 7971 | Evaluator Steps = 398550 | Final Dist = 0.244 | Final Dist 10 = 0.928 | Final Dist 100 = 1.245 | Final Dist 1000 = 1.109 | Init Dist = 12.806 | Init Dist 10 = 12.806 | Init Dist 100 = 12.806 | Init Dist 1000 = 12.806 | Learner Steps = 24409 | Learner Walltime = 4808.454 | Min Dist = 0.244 | Min Dist 10 = 0.317 | Min Dist 100 = 0.487 | Min Dist 1000 = 0.418 | Steps Per Second = 87.263 | Success = 1.000 | Success 1000 = 0.958
I0502 16:26:26.235090 139579566835264 terminal.py:91] [Evaluator] Actor Episodes = 31453 | Actor Steps = 1572650 | Delta Dist = 12.567 | Delta Dist 10 = 11.912 | Delta Dist 100 = 11.571 | Delta Dist 1000 = 11.698 | Episode Length = 50 | Episode Return = 21.0 | Evaluator Episodes = 7973 | Evaluator Steps = 398650 | Final Dist = 0.240 | Final Dist 10 = 0.894 | Final Dist 100 = 1.236 | Final Dist 1000 = 1.109 | Init Dist = 12.806 | Init Dist 10 = 12.806 | Init Dist 100 = 12.806 | Init Dist 1000 = 12.806 | Learner Steps = 24415 | Learner Walltime = 4809.523 | Min Dist = 0.222 | Min Dist 10 = 0.386 | Min Dist 100 = 0.488 | Min Dist 1000 = 0.418 | Steps Per Second = 78.384 | Success = 1.000 | Success 1000 = 0.958
I0502 16:26:27.455284 139579566835264 terminal.py:91] [Evaluator] Actor Episodes = 31461 | Actor Steps = 1573050 | Delta Dist = 11.421 | Delta Dist 10 = 12.049 | Delta Dist 100 = 11.575 | Delta Dist 1000 = 11.699 | Episode Length = 50 | Episode Return = 1.0 | Evaluator Episodes = 7975 | Evaluator Steps = 398750 | Final Dist = 1.385 | Final Dist 10 = 0.758 | Final Dist 100 = 1.232 | Final Dist 1000 = 1.107 | Init Dist = 12.806 | Init Dist 10 = 12.806 | Init Dist 100 = 12.806 | Init Dist 1000 = 12.806 | Learner Steps = 24421 | Learner Walltime = 4810.777 | Min Dist = 0.575 | Min Dist 10 = 0.391 | Min Dist 100 = 0.491 | Min Dist 1000 = 0.418 | Steps Per Second = 82.365 | Success = 1.000 | Success 1000 = 0.958
I0502 16:26:28.638020 139579566835264 terminal.py:91] [Evaluator] Actor Episodes = 31469 | Actor Steps = 1573450 | Delta Dist = 12.363 | Delta Dist 10 = 11.980 | Delta Dist 100 = 11.560 | Delta Dist 1000 = 11.698 | Episode Length = 50 | Episode Return = 14.0 | Evaluator Episodes = 7977 | Evaluator Steps = 398850 | Final Dist = 0.444 | Final Dist 10 = 0.826 | Final Dist 100 = 1.246 | Final Dist 1000 = 1.108 | Init Dist = 12.806 | Init Dist 10 = 12.806 | Init Dist 100 = 12.806 | Init Dist 1000 = 12.806 | Learner Steps = 24427 | Learner Walltime = 4812.019 | Min Dist = 0.155 | Min Dist 10 = 0.487 | Min Dist 100 = 0.502 | Min Dist 1000 = 0.419 | Steps Per Second = 88.866 | Success = 1.000 | Success 1000 = 0.958
I0502 16:26:29.923226 139579566835264 terminal.py:91] [Evaluator] Actor Episodes = 31477 | Actor Steps = 1573850 | Delta Dist = 12.127 | Delta Dist 10 = 12.054 | Delta Dist 100 = 11.565 | Delta Dist 1000 = 11.698 | Episode Length = 50 | Episode Return = 15.0 | Evaluator Episodes = 7979 | Evaluator Steps = 398950 | Final Dist = 0.679 | Final Dist 10 = 0.752 | Final Dist 100 = 1.241 | Final Dist 1000 = 1.108 | Init Dist = 12.806 | Init Dist 10 = 12.806 | Init Dist 100 = 12.806 | Init Dist 1000 = 12.806 | Learner Steps = 24434 | Learner Walltime = 4813.254 | Min Dist = 0.241 | Min Dist 10 = 0.430 | Min Dist 100 = 0.496 | Min Dist 1000 = 0.420 | Steps Per Second = 79.772 | Success = 1.000 | Success 1000 = 0.958
I0502 16:26:30.708306 139558059398720 terminal.py:91] [Actor] Actor Episodes = 31482 | Actor Steps = 1574100 | Delta Dist = 4.145 | Delta Dist 10 = 4.190 | Delta Dist 100 = 4.495 | Delta Dist 1000 = 4.399 | Episode Length = 50 | Episode Return = 14.0 | Evaluator Episodes = 7979 | Evaluator Steps = 398950 | Final Dist = 0.954 | Final Dist 10 = 0.794 | Final Dist 100 = 1.571 | Final Dist 1000 = 1.515 | Init Dist = 5.099 | Init Dist 10 = 4.984 | Init Dist 100 = 6.066 | Init Dist 1000 = 5.914 | Learner Steps = 24434 | Learner Walltime = 4813.254 | Min Dist = 0.028 | Min Dist 10 = 0.061 | Min Dist 100 = 0.162 | Min Dist 1000 = 0.194 | Steps Per Second = 95.069 | Success = 1.000 | Success 1000 = 0.998
I0502 16:26:31.074525 139579566835264 terminal.py:91] [Evaluator] Actor Episodes = 31485 | Actor Steps = 1574250 | Delta Dist = 12.368 | Delta Dist 10 = 12.110 | Delta Dist 100 = 11.582 | Delta Dist 1000 = 11.699 | Episode Length = 50 | Episode Return = 20.0 | Evaluator Episodes = 7981 | Evaluator Steps = 399050 | Final Dist = 0.438 | Final Dist 10 = 0.697 | Final Dist 100 = 1.224 | Final Dist 1000 = 1.107 | Init Dist = 12.806 | Init Dist 10 = 12.806 | Init Dist 100 = 12.806 | Init Dist 1000 = 12.806 | Learner Steps = 24440 | Learner Walltime = 4814.442 | Min Dist = 0.394 | Min Dist 10 = 0.353 | Min Dist 100 = 0.493 | Min Dist 1000 = 0.420 | Steps Per Second = 82.331 | Success = 1.000 | Success 1000 = 0.958
I0502 16:26:31.847004 139569349502528 terminal.py:91] [Actor] Actor Episodes = 31491 | Actor Steps = 1574550 | Delta Dist = 4.946 | Delta Dist 10 = 3.956 | Delta Dist 100 = 4.449 | Delta Dist 1000 = 4.411 | Episode Length = 50 | Episode Return = 44.0 | Evaluator Episodes = 7981 | Evaluator Steps = 399050 | Final Dist = 1.762 | Final Dist 10 = 0.909 | Final Dist 100 = 1.547 | Final Dist 1000 = 1.507 | Init Dist = 6.708 | Init Dist 10 = 4.864 | Init Dist 100 = 5.996 | Init Dist 1000 = 5.917 | Learner Steps = 24447 | Learner Walltime = 4815.646 | Min Dist = 0.017 | Min Dist 10 = 0.061 | Min Dist 100 = 0.158 | Min Dist 1000 = 0.187 | Steps Per Second = 87.550 | Success = 1.000 | Success 1000 = 0.998
I0502 16:26:31.955970 139555013154368 terminal.py:91] [Learner] Actor Episodes = 31489 | Actor Loss = 3.611013889312744 | Actor Steps = 1574450 | Binary Accuracy = 0.9959971904754639 | Categorical Accuracy = 0.41619873046875 | Critic Loss = 1.7766077518463135 | Entropy Mean = -20.70928382873535 | Evaluator Episodes = 7981 | Evaluator Steps = 399050 | Learner Steps = 24449 | Learner Walltime = 4816.156 | Logits Neg = -17.494178771972656 | Logits Pos = -1.7423536777496338 | Logsumexp = 1.0751361846923828 | Steps Per Second = 139.571
I0502 16:26:32.187347 139579566835264 terminal.py:91] [Evaluator] Actor Episodes = 31493 | Actor Steps = 1574650 | Delta Dist = 11.539 | Delta Dist 10 = 12.007 | Delta Dist 100 = 11.593 | Delta Dist 1000 = 11.698 | Episode Length = 50 | Episode Return = 2.0 | Evaluator Episodes = 7983 | Evaluator Steps = 399150 | Final Dist = 1.268 | Final Dist 10 = 0.799 | Final Dist 100 = 1.213 | Final Dist 1000 = 1.108 | Init Dist = 12.806 | Init Dist 10 = 12.806 | Init Dist 100 = 12.806 | Init Dist 1000 = 12.806 | Learner Steps = 24447 | Learner Walltime = 4815.646 | Min Dist = 0.498 | Min Dist 10 = 0.318 | Min Dist 100 = 0.490 | Min Dist 1000 = 0.420 | Steps Per Second = 90.213 | Success = 1.000 | Success 1000 = 0.958
I0502 16:26:32.673589 139555860620864 terminal.py:91] [Actor] Actor Episodes = 31494 | Actor Steps = 1574700 | Delta Dist = 3.217 | Delta Dist 10 = 4.255 | Delta Dist 100 = 4.292 | Delta Dist 1000 = 4.408 | Episode Length = 50 | Episode Return = 30.0 | Evaluator Episodes = 7981 | Evaluator Steps = 399050 | Final Dist = 2.169 | Final Dist 10 = 0.909 | Final Dist 100 = 1.579 | Final Dist 1000 = 1.497 | Init Dist = 5.385 | Init Dist 10 = 5.164 | Init Dist 100 = 5.871 | Init Dist 1000 = 5.905 | Learner Steps = 24447 | Learner Walltime = 4815.646 | Min Dist = 0.050 | Min Dist 10 = 0.065 | Min Dist 100 = 0.155 | Min Dist 1000 = 0.186 | Steps Per Second = 79.131 | Success = 1.000 | Success 1000 = 0.998
I0502 16:26:33.469495 139579566835264 terminal.py:91] [Evaluator] Actor Episodes = 31501 | Actor Steps = 1575050 | Delta Dist = 11.726 | Delta Dist 10 = 11.369 | Delta Dist 100 = 11.547 | Delta Dist 1000 = 11.694 | Episode Length = 50 | Episode Return = 9.0 | Evaluator Episodes = 7985 | Evaluator Steps = 399250 | Final Dist = 1.080 | Final Dist 10 = 1.438 | Final Dist 100 = 1.259 | Final Dist 1000 = 1.112 | Init Dist = 12.806 | Init Dist 10 = 12.806 | Init Dist 100 = 12.806 | Init Dist 1000 = 12.806 | Learner Steps = 24453 | Learner Walltime = 4816.752 | Min Dist = 0.651 | Min Dist 10 = 0.824 | Min Dist 100 = 0.545 | Min Dist 1000 = 0.425 | Steps Per Second = 81.074 | Success = 1.000 | Success 1000 = 0.957
I0502 16:26:33.831380 139584504182336 lp_utils.py:96] StepsLimiter: Reached 1575250 recorded steps
I0502 16:26:34.596418 139579566835264 terminal.py:91] [Evaluator] Actor Episodes = 31509 | Actor Steps = 1575450 | Delta Dist = 12.127 | Delta Dist 10 = 11.390 | Delta Dist 100 = 11.598 | Delta Dist 1000 = 11.693 | Episode Length = 50 | Episode Return = 20.0 | Evaluator Episodes = 7987 | Evaluator Steps = 399350 | Final Dist = 0.679 | Final Dist 10 = 1.416 | Final Dist 100 = 1.208 | Final Dist 1000 = 1.113 | Init Dist = 12.806 | Init Dist 10 = 12.806 | Init Dist 100 = 12.806 | Init Dist 1000 = 12.806 | Learner Steps = 24458 | Learner Walltime = 4817.995 | Min Dist = 0.063 | Min Dist 10 = 0.787 | Min Dist 100 = 0.498 | Min Dist 1000 = 0.425 | Steps Per Second = 83.962 | Success = 1.000 | Success 1000 = 0.957
I0502 16:26:35.001338 139557462840896 terminal.py:91] [Actor] Actor Episodes = 31511 | Actor Steps = 1575550 | Delta Dist = 10.328 | Delta Dist 10 = 2.568 | Delta Dist 100 = 4.088 | Delta Dist 1000 = 4.375 | Episode Length = 50 | Episode Return = 46.0 | Evaluator Episodes = 7987 | Evaluator Steps = 399350 | Final Dist = 0.302 | Final Dist 10 = 4.280 | Final Dist 100 = 1.872 | Final Dist 1000 = 1.521 | Init Dist = 10.630 | Init Dist 10 = 6.848 | Init Dist 100 = 5.960 | Init Dist 1000 = 5.896 | Learner Steps = 24458 | Learner Walltime = 4817.995 | Min Dist = 0.071 | Min Dist 10 = 0.078 | Min Dist 100 = 0.153 | Min Dist 1000 = 0.181 | Steps Per Second = 80.138 | Success = 1.000 | Success 1000 = 0.998
I0502 16:26:35.729666 139579566835264 terminal.py:91] [Evaluator] Actor Episodes = 31515 | Actor Steps = 1575750 | Delta Dist = 11.551 | Delta Dist 10 = 11.418 | Delta Dist 100 = 11.597 | Delta Dist 1000 = 11.694 | Episode Length = 50 | Episode Return = 7.0 | Evaluator Episodes = 7989 | Evaluator Steps = 399450 | Final Dist = 1.256 | Final Dist 10 = 1.389 | Final Dist 100 = 1.209 | Final Dist 1000 = 1.112 | Init Dist = 12.806 | Init Dist 10 = 12.806 | Init Dist 100 = 12.806 | Init Dist 1000 = 12.806 | Learner Steps = 24465 | Learner Walltime = 4819.311 | Min Dist = 0.317 | Min Dist 10 = 0.761 | Min Dist 100 = 0.495 | Min Dist 1000 = 0.425 | Steps Per Second = 82.269 | Success = 1.000 | Success 1000 = 0.957
I0502 16:26:36.865641 139579566835264 terminal.py:91] [Evaluator] Actor Episodes = 31523 | Actor Steps = 1576150 | Delta Dist = 12.101 | Delta Dist 10 = 11.291 | Delta Dist 100 = 11.590 | Delta Dist 1000 = 11.693 | Episode Length = 50 | Episode Return = 27.0 | Evaluator Episodes = 7991 | Evaluator Steps = 399550 | Final Dist = 0.705 | Final Dist 10 = 1.515 | Final Dist 100 = 1.216 | Final Dist 1000 = 1.113 | Init Dist = 12.806 | Init Dist 10 = 12.806 | Init Dist 100 = 12.806 | Init Dist 1000 = 12.806 | Learner Steps = 24472 | Learner Walltime = 4820.567 | Min Dist = 0.084 | Min Dist 10 = 0.759 | Min Dist 100 = 0.492 | Min Dist 1000 = 0.425 | Steps Per Second = 92.106 | Success = 1.000 | Success 1000 = 0.957
I0502 16:26:38.196830 139579566835264 terminal.py:91] [Evaluator] Actor Episodes = 31531 | Actor Steps = 1576550 | Delta Dist = 11.624 | Delta Dist 10 = 11.313 | Delta Dist 100 = 11.600 | Delta Dist 1000 = 11.692 | Episode Length = 50 | Episode Return = 19.0 | Evaluator Episodes = 7993 | Evaluator Steps = 399650 | Final Dist = 1.182 | Final Dist 10 = 1.493 | Final Dist 100 = 1.206 | Final Dist 1000 = 1.114 | Init Dist = 12.806 | Init Dist 10 = 12.806 | Init Dist 100 = 12.806 | Init Dist 1000 = 12.806 | Learner Steps = 24478 | Learner Walltime = 4821.629 | Min Dist = 0.108 | Min Dist 10 = 0.732 | Min Dist 100 = 0.485 | Min Dist 1000 = 0.425 | Steps Per Second = 75.470 | Success = 1.000 | Success 1000 = 0.957
I0502 16:26:39.521956 139579566835264 terminal.py:91] [Evaluator] Actor Episodes = 31539 | Actor Steps = 1576950 | Delta Dist = 12.557 | Delta Dist 10 = 11.784 | Delta Dist 100 = 11.602 | Delta Dist 1000 = 11.692 | Episode Length = 50 | Episode Return = 21.0 | Evaluator Episodes = 7995 | Evaluator Steps = 399750 | Final Dist = 0.249 | Final Dist 10 = 1.022 | Final Dist 100 = 1.204 | Final Dist 1000 = 1.115 | Init Dist = 12.806 | Init Dist 10 = 12.806 | Init Dist 100 = 12.806 | Init Dist 1000 = 12.806 | Learner Steps = 24487 | Learner Walltime = 4823.660 | Min Dist = 0.043 | Min Dist 10 = 0.193 | Min Dist 100 = 0.481 | Min Dist 1000 = 0.425 | Steps Per Second = 79.082 | Success = 1.000 | Success 1000 = 0.957
I0502 16:26:40.791712 139579566835264 terminal.py:91] [Evaluator] Actor Episodes = 31547 | Actor Steps = 1577350 | Delta Dist = 11.892 | Delta Dist 10 = 11.974 | Delta Dist 100 = 11.604 | Delta Dist 1000 = 11.692 | Episode Length = 50 | Episode Return = 32.0 | Evaluator Episodes = 7997 | Evaluator Steps = 399850 | Final Dist = 0.915 | Final Dist 10 = 0.832 | Final Dist 100 = 1.202 | Final Dist 1000 = 1.114 | Init Dist = 12.806 | Init Dist 10 = 12.806 | Init Dist 100 = 12.806 | Init Dist 1000 = 12.806 | Learner Steps = 24493 | Learner Walltime = 4824.856 | Min Dist = 0.254 | Min Dist 10 = 0.108 | Min Dist 100 = 0.477 | Min Dist 1000 = 0.425 | Steps Per Second = 83.788 | Success = 1.000 | Success 1000 = 0.957
I0502 16:26:41.206068 139558059398720 terminal.py:91] [Actor] Actor Episodes = 31551 | Actor Steps = 1577550 | Delta Dist = 5.690 | Delta Dist 10 = 3.438 | Delta Dist 100 = 4.155 | Delta Dist 1000 = 4.386 | Episode Length = 50 | Episode Return = 48.0 | Evaluator Episodes = 7997 | Evaluator Steps = 399850 | Final Dist = 0.393 | Final Dist 10 = 0.767 | Final Dist 100 = 1.697 | Final Dist 1000 = 1.519 | Init Dist = 6.083 | Init Dist 10 = 4.205 | Init Dist 100 = 5.852 | Init Dist 1000 = 5.905 | Learner Steps = 24493 | Learner Walltime = 4824.856 | Min Dist = 0.095 | Min Dist 10 = 0.063 | Min Dist 100 = 0.149 | Min Dist 1000 = 0.165 | Steps Per Second = 87.918 | Success = 1.000 | Success 1000 = 0.999
I0502 16:26:41.929376 139579566835264 terminal.py:91] [Evaluator] Actor Episodes = 31555 | Actor Steps = 1577750 | Delta Dist = 11.976 | Delta Dist 10 = 11.966 | Delta Dist 100 = 11.618 | Delta Dist 1000 = 11.692 | Episode Length = 50 | Episode Return = 25.0 | Evaluator Episodes = 7999 | Evaluator Steps = 399950 | Final Dist = 0.831 | Final Dist 10 = 0.841 | Final Dist 100 = 1.188 | Final Dist 1000 = 1.114 | Init Dist = 12.806 | Init Dist 10 = 12.806 | Init Dist 100 = 12.806 | Init Dist 1000 = 12.806 | Learner Steps = 24500 | Learner Walltime = 4826.050 | Min Dist = 0.158 | Min Dist 10 = 0.132 | Min Dist 100 = 0.478 | Min Dist 1000 = 0.425 | Steps Per Second = 86.931 | Success = 1.000 | Success 1000 = 0.957
I0502 16:26:42.134186 139555013154368 terminal.py:91] [Learner] Actor Episodes = 31555 | Actor Loss = 3.7695720195770264 | Actor Steps = 1577750 | Binary Accuracy = 0.9960622787475586 | Categorical Accuracy = 0.44732666015625 | Critic Loss = 1.7188836336135864 | Entropy Mean = -20.3692626953125 | Evaluator Episodes = 7997 | Evaluator Steps = 399850 | Learner Steps = 24501 | Learner Walltime = 4826.331 | Logits Neg = -17.55779266357422 | Logits Pos = -1.7336034774780273 | Logsumexp = 1.300720453262329 | Steps Per Second = 227.617
I0502 16:26:42.313666 139569349502528 terminal.py:91] [Actor] Actor Episodes = 31556 | Actor Steps = 1577800 | Delta Dist = 2.819 | Delta Dist 10 = 4.491 | Delta Dist 100 = 4.180 | Delta Dist 1000 = 4.382 | Episode Length = 50 | Episode Return = 43.0 | Evaluator Episodes = 7997 | Evaluator Steps = 399850 | Final Dist = 0.343 | Final Dist 10 = 0.605 | Final Dist 100 = 1.606 | Final Dist 1000 = 1.519 | Init Dist = 3.162 | Init Dist 10 = 5.096 | Init Dist 100 = 5.786 | Init Dist 1000 = 5.901 | Learner Steps = 24493 | Learner Walltime = 4824.856 | Min Dist = 0.102 | Min Dist 10 = 0.059 | Min Dist 100 = 0.145 | Min Dist 1000 = 0.165 | Steps Per Second = 81.249 | Success = 1.000 | Success 1000 = 0.999
I0502 16:26:42.677525 139555860620864 terminal.py:91] [Actor] Actor Episodes = 31558 | Actor Steps = 1577900 | Delta Dist = 9.390 | Delta Dist 10 = 4.221 | Delta Dist 100 = 4.085 | Delta Dist 1000 = 4.367 | Episode Length = 50 | Episode Return = 0.0 | Evaluator Episodes = 7999 | Evaluator Steps = 399950 | Final Dist = 1.240 | Final Dist 10 = 0.657 | Final Dist 100 = 1.551 | Final Dist 1000 = 1.521 | Init Dist = 10.630 | Init Dist 10 = 4.878 | Init Dist 100 = 5.636 | Init Dist 1000 = 5.888 | Learner Steps = 24500 | Learner Walltime = 4826.050 | Min Dist = 0.306 | Min Dist 10 = 0.081 | Min Dist 100 = 0.078 | Min Dist 1000 = 0.165 | Steps Per Second = 80.511 | Success = 1.000 | Success 1000 = 0.999
I0502 16:26:43.063805 139579566835264 terminal.py:91] [Evaluator] Actor Episodes = 31563 | Actor Steps = 1578150 | Delta Dist = 11.749 | Delta Dist 10 = 12.133 | Delta Dist 100 = 11.617 | Delta Dist 1000 = 11.694 | Episode Length = 50 | Episode Return = 20.0 | Evaluator Episodes = 8001 | Evaluator Steps = 400050 | Final Dist = 1.058 | Final Dist 10 = 0.674 | Final Dist 100 = 1.189 | Final Dist 1000 = 1.112 | Init Dist = 12.806 | Init Dist 10 = 12.806 | Init Dist 100 = 12.806 | Init Dist 1000 = 12.806 | Learner Steps = 24506 | Learner Walltime = 4827.241 | Min Dist = 0.109 | Min Dist 10 = 0.113 | Min Dist 100 = 0.477 | Min Dist 1000 = 0.425 | Steps Per Second = 92.380 | Success = 1.000 | Success 1000 = 0.957
I0502 16:26:43.849149 139584504182336 lp_utils.py:96] StepsLimiter: Reached 1578350 recorded steps
I0502 16:26:44.325529 139579566835264 terminal.py:91] [Evaluator] Actor Episodes = 31571 | Actor Steps = 1578550 | Delta Dist = 11.472 | Delta Dist 10 = 12.092 | Delta Dist 100 = 11.683 | Delta Dist 1000 = 11.694 | Episode Length = 50 | Episode Return = 13.0 | Evaluator Episodes = 8003 | Evaluator Steps = 400150 | Final Dist = 1.334 | Final Dist 10 = 0.715 | Final Dist 100 = 1.123 | Final Dist 1000 = 1.112 | Init Dist = 12.806 | Init Dist 10 = 12.806 | Init Dist 100 = 12.806 | Init Dist 1000 = 12.806 | Learner Steps = 24512 | Learner Walltime = 4828.469 | Min Dist = 0.395 | Min Dist 10 = 0.126 | Min Dist 100 = 0.425 | Min Dist 1000 = 0.425 | Steps Per Second = 79.414 | Success = 1.000 | Success 1000 = 0.957
I0502 16:26:45.019033 139557462840896 terminal.py:91] [Actor] Actor Episodes = 31577 | Actor Steps = 1578850 | Delta Dist = 5.225 | Delta Dist 10 = 5.449 | Delta Dist 100 = 4.345 | Delta Dist 1000 = 4.394 | Episode Length = 50 | Episode Return = 18.0 | Evaluator Episodes = 8003 | Evaluator Steps = 400150 | Final Dist = 1.100 | Final Dist 10 = 1.358 | Final Dist 100 = 1.525 | Final Dist 1000 = 1.522 | Init Dist = 6.325 | Init Dist 10 = 6.808 | Init Dist 100 = 5.869 | Init Dist 1000 = 5.916 | Learner Steps = 24512 | Learner Walltime = 4828.469 | Min Dist = 0.040 | Min Dist 10 = 0.086 | Min Dist 100 = 0.131 | Min Dist 1000 = 0.171 | Steps Per Second = 88.691 | Success = 1.000 | Success 1000 = 0.999
I0502 16:26:45.426326 139579566835264 terminal.py:91] [Evaluator] Actor Episodes = 31579 | Actor Steps = 1578950 | Delta Dist = 11.303 | Delta Dist 10 = 12.092 | Delta Dist 100 = 11.685 | Delta Dist 1000 = 11.694 | Episode Length = 50 | Episode Return = 24.0 | Evaluator Episodes = 8005 | Evaluator Steps = 400250 | Final Dist = 1.503 | Final Dist 10 = 0.714 | Final Dist 100 = 1.121 | Final Dist 1000 = 1.113 | Init Dist = 12.806 | Init Dist 10 = 12.806 | Init Dist 100 = 12.806 | Init Dist 1000 = 12.806 | Learner Steps = 24512 | Learner Walltime = 4828.469 | Min Dist = 0.100 | Min Dist 10 = 0.155 | Min Dist 100 = 0.419 | Min Dist 1000 = 0.425 | Steps Per Second = 90.709 | Success = 1.000 | Success 1000 = 0.957
I0502 16:26:46.590984 139579566835264 terminal.py:91] [Evaluator] Actor Episodes = 31587 | Actor Steps = 1579350 | Delta Dist = 12.610 | Delta Dist 10 = 11.931 | Delta Dist 100 = 11.681 | Delta Dist 1000 = 11.693 | Episode Length = 50 | Episode Return = 20.0 | Evaluator Episodes = 8007 | Evaluator Steps = 400350 | Final Dist = 0.196 | Final Dist 10 = 0.876 | Final Dist 100 = 1.126 | Final Dist 1000 = 1.113 | Init Dist = 12.806 | Init Dist 10 = 12.806 | Init Dist 100 = 12.806 | Init Dist 1000 = 12.806 | Learner Steps = 24524 | Learner Walltime = 4830.745 | Min Dist = 0.165 | Min Dist 10 = 0.169 | Min Dist 100 = 0.414 | Min Dist 1000 = 0.425 | Steps Per Second = 87.759 | Success = 1.000 | Success 1000 = 0.957
I0502 16:26:47.839883 139579566835264 terminal.py:91] [Evaluator] Actor Episodes = 31593 | Actor Steps = 1579650 | Delta Dist = 11.809 | Delta Dist 10 = 11.911 | Delta Dist 100 = 11.770 | Delta Dist 1000 = 11.693 | Episode Length = 50 | Episode Return = 19.0 | Evaluator Episodes = 8009 | Evaluator Steps = 400450 | Final Dist = 0.997 | Final Dist 10 = 0.895 | Final Dist 100 = 1.036 | Final Dist 1000 = 1.113 | Init Dist = 12.806 | Init Dist 10 = 12.806 | Init Dist 100 = 12.806 | Init Dist 1000 = 12.806 | Learner Steps = 24529 | Learner Walltime = 4831.892 | Min Dist = 0.369 | Min Dist 10 = 0.151 | Min Dist 100 = 0.326 | Min Dist 1000 = 0.425 | Steps Per Second = 87.407 | Success = 1.000 | Success 1000 = 0.957
I0502 16:26:48.939796 139579566835264 terminal.py:91] [Evaluator] Actor Episodes = 31601 | Actor Steps = 1580050 | Delta Dist = 11.824 | Delta Dist 10 = 11.879 | Delta Dist 100 = 11.775 | Delta Dist 1000 = 11.695 | Episode Length = 50 | Episode Return = 10.0 | Evaluator Episodes = 8011 | Evaluator Steps = 400550 | Final Dist = 0.982 | Final Dist 10 = 0.927 | Final Dist 100 = 1.031 | Final Dist 1000 = 1.112 | Init Dist = 12.806 | Init Dist 10 = 12.806 | Init Dist 100 = 12.806 | Init Dist 1000 = 12.806 | Learner Steps = 24535 | Learner Walltime = 4833.031 | Min Dist = 0.320 | Min Dist 10 = 0.188 | Min Dist 100 = 0.329 | Min Dist 1000 = 0.424 | Steps Per Second = 88.672 | Success = 1.000 | Success 1000 = 0.957
I0502 16:26:50.038462 139579566835264 terminal.py:91] [Evaluator] Actor Episodes = 31609 | Actor Steps = 1580450 | Delta Dist = 11.465 | Delta Dist 10 = 11.906 | Delta Dist 100 = 11.773 | Delta Dist 1000 = 11.695 | Episode Length = 50 | Episode Return = 3.0 | Evaluator Episodes = 8013 | Evaluator Steps = 400650 | Final Dist = 1.341 | Final Dist 10 = 0.900 | Final Dist 100 = 1.034 | Final Dist 1000 = 1.112 | Init Dist = 12.806 | Init Dist 10 = 12.806 | Init Dist 100 = 12.806 | Init Dist 1000 = 12.806 | Learner Steps = 24540 | Learner Walltime = 4834.148 | Min Dist = 0.655 | Min Dist 10 = 0.196 | Min Dist 100 = 0.330 | Min Dist 1000 = 0.425 | Steps Per Second = 105.849 | Success = 1.000 | Success 1000 = 0.957
I0502 16:26:51.282404 139579566835264 terminal.py:91] [Evaluator] Actor Episodes = 31617 | Actor Steps = 1580850 | Delta Dist = 11.397 | Delta Dist 10 = 11.908 | Delta Dist 100 = 11.773 | Delta Dist 1000 = 11.695 | Episode Length = 50 | Episode Return = 10.0 | Evaluator Episodes = 8015 | Evaluator Steps = 400750 | Final Dist = 1.409 | Final Dist 10 = 0.899 | Final Dist 100 = 1.033 | Final Dist 1000 = 1.111 | Init Dist = 12.806 | Init Dist 10 = 12.806 | Init Dist 100 = 12.806 | Init Dist 1000 = 12.806 | Learner Steps = 24547 | Learner Walltime = 4835.279 | Min Dist = 0.152 | Min Dist 10 = 0.218 | Min Dist 100 = 0.335 | Min Dist 1000 = 0.425 | Steps Per Second = 78.468 | Success = 1.000 | Success 1000 = 0.957
I0502 16:26:51.458397 139558059398720 terminal.py:91] [Actor] Actor Episodes = 31616 | Actor Steps = 1580800 | Delta Dist = 0.673 | Delta Dist 10 = 3.287 | Delta Dist 100 = 4.356 | Delta Dist 1000 = 4.388 | Episode Length = 50 | Episode Return = 45.0 | Evaluator Episodes = 8013 | Evaluator Steps = 400650 | Final Dist = 1.563 | Final Dist 10 = 1.103 | Final Dist 100 = 1.228 | Final Dist 1000 = 1.505 | Init Dist = 2.236 | Init Dist 10 = 4.390 | Init Dist 100 = 5.584 | Init Dist 1000 = 5.893 | Learner Steps = 24540 | Learner Walltime = 4834.148 | Min Dist = 0.012 | Min Dist 10 = 0.056 | Min Dist 100 = 0.128 | Min Dist 1000 = 0.170 | Steps Per Second = 86.326 | Success = 1.000 | Success 1000 = 0.999
I0502 16:26:52.310310 139555013154368 terminal.py:91] [Learner] Actor Episodes = 31625 | Actor Loss = 3.630688190460205 | Actor Steps = 1581250 | Binary Accuracy = 0.9960718154907227 | Categorical Accuracy = 0.42694091796875 | Critic Loss = 1.8175442218780518 | Entropy Mean = -20.011829376220703 | Evaluator Episodes = 8015 | Evaluator Steps = 400750 | Learner Steps = 24553 | Learner Walltime = 4836.504 | Logits Neg = -17.243209838867188 | Logits Pos = -1.821807622909546 | Logsumexp = 1.11933434009552 | Steps Per Second = 130.258
I0502 16:26:52.643317 139579566835264 terminal.py:91] [Evaluator] Actor Episodes = 31625 | Actor Steps = 1581250 | Delta Dist = 11.313 | Delta Dist 10 = 11.943 | Delta Dist 100 = 11.767 | Delta Dist 1000 = 11.695 | Episode Length = 50 | Episode Return = 11.0 | Evaluator Episodes = 8017 | Evaluator Steps = 400850 | Final Dist = 1.493 | Final Dist 10 = 0.863 | Final Dist 100 = 1.039 | Final Dist 1000 = 1.111 | Init Dist = 12.806 | Init Dist 10 = 12.806 | Init Dist 100 = 12.806 | Init Dist 1000 = 12.806 | Learner Steps = 24553 | Learner Walltime = 4836.504 | Min Dist = 0.406 | Min Dist 10 = 0.209 | Min Dist 100 = 0.330 | Min Dist 1000 = 0.425 | Steps Per Second = 74.084 | Success = 1.000 | Success 1000 = 0.957
I0502 16:26:52.750313 139569349502528 terminal.py:91] [Actor] Actor Episodes = 31627 | Actor Steps = 1581350 | Delta Dist = 4.132 | Delta Dist 10 = 3.075 | Delta Dist 100 = 4.069 | Delta Dist 1000 = 4.370 | Episode Length = 50 | Episode Return = 33.0 | Evaluator Episodes = 8017 | Evaluator Steps = 400850 | Final Dist = 0.111 | Final Dist 10 = 2.527 | Final Dist 100 = 1.413 | Final Dist 1000 = 1.522 | Init Dist = 4.243 | Init Dist 10 = 5.602 | Init Dist 100 = 5.483 | Init Dist 1000 = 5.893 | Learner Steps = 24553 | Learner Walltime = 4836.504 | Min Dist = 0.078 | Min Dist 10 = 0.047 | Min Dist 100 = 0.127 | Min Dist 1000 = 0.170 | Steps Per Second = 83.772 | Success = 1.000 | Success 1000 = 0.999
I0502 16:26:53.179164 139555860620864 terminal.py:91] [Actor] Actor Episodes = 31631 | Actor Steps = 1581550 | Delta Dist = 1.918 | Delta Dist 10 = 3.903 | Delta Dist 100 = 4.181 | Delta Dist 1000 = 4.360 | Episode Length = 50 | Episode Return = 45.0 | Evaluator Episodes = 8017 | Evaluator Steps = 400850 | Final Dist = 0.082 | Final Dist 10 = 2.385 | Final Dist 100 = 1.309 | Final Dist 1000 = 1.521 | Init Dist = 2.000 | Init Dist 10 = 6.288 | Init Dist 100 = 5.489 | Init Dist 1000 = 5.882 | Learner Steps = 24553 | Learner Walltime = 4836.504 | Min Dist = 0.082 | Min Dist 10 = 0.050 | Min Dist 100 = 0.124 | Min Dist 1000 = 0.170 | Steps Per Second = 82.910 | Success = 1.000 | Success 1000 = 0.999
I0502 16:26:53.799516 139579566835264 terminal.py:91] [Evaluator] Actor Episodes = 31633 | Actor Steps = 1581650 | Delta Dist = 11.788 | Delta Dist 10 = 11.817 | Delta Dist 100 = 11.754 | Delta Dist 1000 = 11.695 | Episode Length = 50 | Episode Return = 5.0 | Evaluator Episodes = 8019 | Evaluator Steps = 400950 | Final Dist = 1.018 | Final Dist 10 = 0.990 | Final Dist 100 = 1.053 | Final Dist 1000 = 1.111 | Init Dist = 12.806 | Init Dist 10 = 12.806 | Init Dist 100 = 12.806 | Init Dist 1000 = 12.806 | Learner Steps = 24559 | Learner Walltime = 4837.663 | Min Dist = 0.220 | Min Dist 10 = 0.260 | Min Dist 100 = 0.334 | Min Dist 1000 = 0.425 | Steps Per Second = 76.375 | Success = 1.000 | Success 1000 = 0.957
I0502 16:26:53.866008 139584504182336 lp_utils.py:96] StepsLimiter: Reached 1581650 recorded steps
I0502 16:26:54.953225 139579566835264 terminal.py:91] [Evaluator] Actor Episodes = 31641 | Actor Steps = 1582050 | Delta Dist = 12.457 | Delta Dist 10 = 11.733 | Delta Dist 100 = 11.814 | Delta Dist 1000 = 11.696 | Episode Length = 50 | Episode Return = 23.0 | Evaluator Episodes = 8021 | Evaluator Steps = 401050 | Final Dist = 0.349 | Final Dist 10 = 1.073 | Final Dist 100 = 0.993 | Final Dist 1000 = 1.110 | Init Dist = 12.806 | Init Dist 10 = 12.806 | Init Dist 100 = 12.806 | Init Dist 1000 = 12.806 | Learner Steps = 24565 | Learner Walltime = 4838.943 | Min Dist = 0.033 | Min Dist 10 = 0.245 | Min Dist 100 = 0.299 | Min Dist 1000 = 0.423 | Steps Per Second = 80.367 | Success = 1.000 | Success 1000 = 0.958
I0502 16:26:55.264937 139557462840896 terminal.py:91] [Actor] Actor Episodes = 31642 | Actor Steps = 1582100 | Delta Dist = 1.983 | Delta Dist 10 = 4.042 | Delta Dist 100 = 4.053 | Delta Dist 1000 = 4.332 | Episode Length = 50 | Episode Return = 30.0 | Evaluator Episodes = 8019 | Evaluator Steps = 400950 | Final Dist = 0.253 | Final Dist 10 = 1.798 | Final Dist 100 = 1.369 | Final Dist 1000 = 1.529 | Init Dist = 2.236 | Init Dist 10 = 5.840 | Init Dist 100 = 5.422 | Init Dist 1000 = 5.861 | Learner Steps = 24559 | Learner Walltime = 4837.663 | Min Dist = 0.076 | Min Dist 10 = 0.035 | Min Dist 100 = 0.120 | Min Dist 1000 = 0.162 | Steps Per Second = 80.835 | Success = 1.000 | Success 1000 = 0.999
I0502 16:26:56.092165 139579566835264 terminal.py:91] [Evaluator] Actor Episodes = 31649 | Actor Steps = 1582450 | Delta Dist = 11.876 | Delta Dist 10 = 11.749 | Delta Dist 100 = 11.818 | Delta Dist 1000 = 11.695 | Episode Length = 50 | Episode Return = 19.0 | Evaluator Episodes = 8023 | Evaluator Steps = 401150 | Final Dist = 0.930 | Final Dist 10 = 1.057 | Final Dist 100 = 0.989 | Final Dist 1000 = 1.111 | Init Dist = 12.806 | Init Dist 10 = 12.806 | Init Dist 100 = 12.806 | Init Dist 1000 = 12.806 | Learner Steps = 24571 | Learner Walltime = 4839.966 | Min Dist = 0.145 | Min Dist 10 = 0.211 | Min Dist 100 = 0.296 | Min Dist 1000 = 0.423 | Steps Per Second = 86.031 | Success = 1.000 | Success 1000 = 0.958
I0502 16:26:57.344028 139579566835264 terminal.py:91] [Evaluator] Actor Episodes = 31657 | Actor Steps = 1582850 | Delta Dist = 12.037 | Delta Dist 10 = 11.720 | Delta Dist 100 = 11.818 | Delta Dist 1000 = 11.701 | Episode Length = 50 | Episode Return = 17.0 | Evaluator Episodes = 8025 | Evaluator Steps = 401250 | Final Dist = 0.770 | Final Dist 10 = 1.086 | Final Dist 100 = 0.988 | Final Dist 1000 = 1.105 | Init Dist = 12.806 | Init Dist 10 = 12.806 | Init Dist 100 = 12.806 | Init Dist 1000 = 12.806 | Learner Steps = 24577 | Learner Walltime = 4841.159 | Min Dist = 0.247 | Min Dist 10 = 0.165 | Min Dist 100 = 0.290 | Min Dist 1000 = 0.415 | Steps Per Second = 81.763 | Success = 1.000 | Success 1000 = 0.959
I0502 16:26:58.590551 139579566835264 terminal.py:91] [Evaluator] Actor Episodes = 31665 | Actor Steps = 1583250 | Delta Dist = 12.584 | Delta Dist 10 = 11.672 | Delta Dist 100 = 11.823 | Delta Dist 1000 = 11.708 | Episode Length = 50 | Episode Return = 29.0 | Evaluator Episodes = 8027 | Evaluator Steps = 401350 | Final Dist = 0.222 | Final Dist 10 = 1.134 | Final Dist 100 = 0.983 | Final Dist 1000 = 1.098 | Init Dist = 12.806 | Init Dist 10 = 12.806 | Init Dist 100 = 12.806 | Init Dist 1000 = 12.806 | Learner Steps = 24583 | Learner Walltime = 4842.413 | Min Dist = 0.074 | Min Dist 10 = 0.181 | Min Dist 100 = 0.282 | Min Dist 1000 = 0.409 | Steps Per Second = 81.103 | Success = 1.000 | Success 1000 = 0.960
I0502 16:26:59.853163 139579566835264 terminal.py:91] [Evaluator] Actor Episodes = 31673 | Actor Steps = 1583650 | Delta Dist = 11.805 | Delta Dist 10 = 11.818 | Delta Dist 100 = 11.822 | Delta Dist 1000 = 11.709 | Episode Length = 50 | Episode Return = 2.0 | Evaluator Episodes = 8029 | Evaluator Steps = 401450 | Final Dist = 1.001 | Final Dist 10 = 0.988 | Final Dist 100 = 0.984 | Final Dist 1000 = 1.098 | Init Dist = 12.806 | Init Dist 10 = 12.806 | Init Dist 100 = 12.806 | Init Dist 1000 = 12.806 | Learner Steps = 24589 | Learner Walltime = 4843.620 | Min Dist = 0.207 | Min Dist 10 = 0.125 | Min Dist 100 = 0.282 | Min Dist 1000 = 0.409 | Steps Per Second = 82.540 | Success = 1.000 | Success 1000 = 0.960
I0502 16:27:01.096120 139579566835264 terminal.py:91] [Evaluator] Actor Episodes = 31681 | Actor Steps = 1584050 | Delta Dist = 12.706 | Delta Dist 10 = 11.869 | Delta Dist 100 = 11.828 | Delta Dist 1000 = 11.708 | Episode Length = 50 | Episode Return = 22.0 | Evaluator Episodes = 8031 | Evaluator Steps = 401550 | Final Dist = 0.101 | Final Dist 10 = 0.937 | Final Dist 100 = 0.978 | Final Dist 1000 = 1.098 | Init Dist = 12.806 | Init Dist 10 = 12.806 | Init Dist 100 = 12.806 | Init Dist 1000 = 12.806 | Learner Steps = 24595 | Learner Walltime = 4844.623 | Min Dist = 0.087 | Min Dist 10 = 0.112 | Min Dist 100 = 0.282 | Min Dist 1000 = 0.408 | Steps Per Second = 84.733 | Success = 1.000 | Success 1000 = 0.960
I0502 16:27:01.693375 139558059398720 terminal.py:91] [Actor] Actor Episodes = 31685 | Actor Steps = 1584250 | Delta Dist = 3.468 | Delta Dist 10 = 3.132 | Delta Dist 100 = 3.811 | Delta Dist 1000 = 4.360 | Episode Length = 50 | Episode Return = 40.0 | Evaluator Episodes = 8031 | Evaluator Steps = 401550 | Final Dist = 0.775 | Final Dist 10 = 1.059 | Final Dist 100 = 1.432 | Final Dist 1000 = 1.479 | Init Dist = 4.243 | Init Dist 10 = 4.191 | Init Dist 100 = 5.242 | Init Dist 1000 = 5.838 | Learner Steps = 24601 | Learner Walltime = 4845.884 | Min Dist = 0.082 | Min Dist 10 = 0.142 | Min Dist 100 = 0.098 | Min Dist 1000 = 0.148 | Steps Per Second = 80.943 | Success = 1.000 | Success 1000 = 0.997
I0502 16:27:02.236871 139579566835264 terminal.py:91] [Evaluator] Actor Episodes = 31689 | Actor Steps = 1584450 | Delta Dist = 11.799 | Delta Dist 10 = 11.888 | Delta Dist 100 = 11.825 | Delta Dist 1000 = 11.709 | Episode Length = 50 | Episode Return = 27.0 | Evaluator Episodes = 8033 | Evaluator Steps = 401650 | Final Dist = 1.008 | Final Dist 10 = 0.918 | Final Dist 100 = 0.982 | Final Dist 1000 = 1.097 | Init Dist = 12.806 | Init Dist 10 = 12.806 | Init Dist 100 = 12.806 | Init Dist 1000 = 12.806 | Learner Steps = 24601 | Learner Walltime = 4845.884 | Min Dist = 0.066 | Min Dist 10 = 0.128 | Min Dist 100 = 0.276 | Min Dist 1000 = 0.408 | Steps Per Second = 91.974 | Success = 1.000 | Success 1000 = 0.960
I0502 16:27:02.427419 139555013154368 terminal.py:91] [Learner] Actor Episodes = 31683 | Actor Loss = 3.6669890880584717 | Actor Steps = 1584150 | Binary Accuracy = 0.9960434436798096 | Categorical Accuracy = 0.425048828125 | Critic Loss = 1.8541820049285889 | Entropy Mean = -18.358314514160156 | Evaluator Episodes = 8031 | Evaluator Steps = 401550 | Learner Steps = 24605 | Learner Walltime = 4846.623 | Logits Neg = -16.99608612060547 | Logits Pos = -1.8395519256591797 | Logsumexp = 1.177612066268921 | Steps Per Second = 520.573
I0502 16:27:03.058853 139569349502528 terminal.py:91] [Actor] Actor Episodes = 31692 | Actor Steps = 1584600 | Delta Dist = 4.612 | Delta Dist 10 = 3.974 | Delta Dist 100 = 3.861 | Delta Dist 1000 = 4.359 | Episode Length = 50 | Episode Return = 42.0 | Evaluator Episodes = 8033 | Evaluator Steps = 401650 | Final Dist = 0.388 | Final Dist 10 = 0.892 | Final Dist 100 = 1.408 | Final Dist 1000 = 1.470 | Init Dist = 5.000 | Init Dist 10 = 4.866 | Init Dist 100 = 5.268 | Init Dist 1000 = 5.829 | Learner Steps = 24601 | Learner Walltime = 4845.884 | Min Dist = 0.388 | Min Dist 10 = 0.091 | Min Dist 100 = 0.100 | Min Dist 1000 = 0.144 | Steps Per Second = 83.261 | Success = 1.000 | Success 1000 = 0.997
I0502 16:27:03.478135 139579566835264 terminal.py:91] [Evaluator] Actor Episodes = 31697 | Actor Steps = 1584850 | Delta Dist = 12.229 | Delta Dist 10 = 11.210 | Delta Dist 100 = 11.759 | Delta Dist 1000 = 11.701 | Episode Length = 50 | Episode Return = 9.0 | Evaluator Episodes = 8035 | Evaluator Steps = 401750 | Final Dist = 0.578 | Final Dist 10 = 1.596 | Final Dist 100 = 1.047 | Final Dist 1000 = 1.105 | Init Dist = 12.806 | Init Dist 10 = 12.806 | Init Dist 100 = 12.806 | Init Dist 1000 = 12.806 | Learner Steps = 24608 | Learner Walltime = 4847.342 | Min Dist = 0.110 | Min Dist 10 = 0.786 | Min Dist 100 = 0.341 | Min Dist 1000 = 0.415 | Steps Per Second = 79.886 | Success = 1.000 | Success 1000 = 0.959
I0502 16:27:03.657362 139555860620864 terminal.py:91] [Actor] Actor Episodes = 31696 | Actor Steps = 1584800 | Delta Dist = 6.714 | Delta Dist 10 = 3.890 | Delta Dist 100 = 3.903 | Delta Dist 1000 = 4.359 | Episode Length = 50 | Episode Return = 37.0 | Evaluator Episodes = 8033 | Evaluator Steps = 401650 | Final Dist = 0.357 | Final Dist 10 = 1.305 | Final Dist 100 = 1.439 | Final Dist 1000 = 1.475 | Init Dist = 7.071 | Init Dist 10 = 5.195 | Init Dist 100 = 5.342 | Init Dist 1000 = 5.833 | Learner Steps = 24601 | Learner Walltime = 4845.884 | Min Dist = 0.049 | Min Dist 10 = 0.123 | Min Dist 100 = 0.104 | Min Dist 1000 = 0.144 | Steps Per Second = 81.638 | Success = 1.000 | Success 1000 = 0.997
I0502 16:27:03.882261 139584504182336 lp_utils.py:96] StepsLimiter: Reached 1584950 recorded steps
I0502 16:27:04.626664 139579566835264 terminal.py:91] [Evaluator] Actor Episodes = 31703 | Actor Steps = 1585150 | Delta Dist = 11.309 | Delta Dist 10 = 11.269 | Delta Dist 100 = 11.771 | Delta Dist 1000 = 11.701 | Episode Length = 50 | Episode Return = 13.0 | Evaluator Episodes = 8037 | Evaluator Steps = 401850 | Final Dist = 1.498 | Final Dist 10 = 1.537 | Final Dist 100 = 1.035 | Final Dist 1000 = 1.105 | Init Dist = 12.806 | Init Dist 10 = 12.806 | Init Dist 100 = 12.806 | Init Dist 1000 = 12.806 | Learner Steps = 24614 | Learner Walltime = 4848.411 | Min Dist = 0.437 | Min Dist 10 = 0.780 | Min Dist 100 = 0.336 | Min Dist 1000 = 0.415 | Steps Per Second = 84.875 | Success = 1.000 | Success 1000 = 0.959
I0502 16:27:05.315436 139557462840896 terminal.py:91] [Actor] Actor Episodes = 31706 | Actor Steps = 1585300 | Delta Dist = 3.385 | Delta Dist 10 = 4.014 | Delta Dist 100 = 3.907 | Delta Dist 1000 = 4.363 | Episode Length = 50 | Episode Return = 32.0 | Evaluator Episodes = 8037 | Evaluator Steps = 401850 | Final Dist = 0.221 | Final Dist 10 = 1.356 | Final Dist 100 = 1.380 | Final Dist 1000 = 1.464 | Init Dist = 3.606 | Init Dist 10 = 5.370 | Init Dist 100 = 5.287 | Init Dist 1000 = 5.827 | Learner Steps = 24614 | Learner Walltime = 4848.411 | Min Dist = 0.026 | Min Dist 10 = 0.150 | Min Dist 100 = 0.109 | Min Dist 1000 = 0.145 | Steps Per Second = 75.412 | Success = 1.000 | Success 1000 = 0.996
I0502 16:27:05.877912 139579566835264 terminal.py:91] [Evaluator] Actor Episodes = 31711 | Actor Steps = 1585550 | Delta Dist = 12.255 | Delta Dist 10 = 11.236 | Delta Dist 100 = 11.776 | Delta Dist 1000 = 11.701 | Episode Length = 50 | Episode Return = 22.0 | Evaluator Episodes = 8039 | Evaluator Steps = 401950 | Final Dist = 0.551 | Final Dist 10 = 1.570 | Final Dist 100 = 1.030 | Final Dist 1000 = 1.105 | Init Dist = 12.806 | Init Dist 10 = 12.806 | Init Dist 100 = 12.806 | Init Dist 1000 = 12.806 | Learner Steps = 24619 | Learner Walltime = 4849.624 | Min Dist = 0.075 | Min Dist 10 = 0.814 | Min Dist 100 = 0.337 | Min Dist 1000 = 0.415 | Steps Per Second = 83.417 | Success = 1.000 | Success 1000 = 0.959
I0502 16:27:06.796020 139584635659840 savers.py:156] Saving checkpoint: logs/contrastive_cpc_point_FourRooms_64/5dd72662-2788-11f0-b183-d85ed38c5779/checkpoints/counter
I0502 16:27:07.194115 139579566835264 terminal.py:91] [Evaluator] Actor Episodes = 31719 | Actor Steps = 1585950 | Delta Dist = 11.858 | Delta Dist 10 = 11.285 | Delta Dist 100 = 11.782 | Delta Dist 1000 = 11.702 | Episode Length = 50 | Episode Return = 27.0 | Evaluator Episodes = 8041 | Evaluator Steps = 402050 | Final Dist = 0.948 | Final Dist 10 = 1.521 | Final Dist 100 = 1.024 | Final Dist 1000 = 1.105 | Init Dist = 12.806 | Init Dist 10 = 12.806 | Init Dist 100 = 12.806 | Init Dist 1000 = 12.806 | Learner Steps = 24626 | Learner Walltime = 4850.932 | Min Dist = 0.234 | Min Dist 10 = 0.797 | Min Dist 100 = 0.333 | Min Dist 1000 = 0.415 | Steps Per Second = 78.456 | Success = 1.000 | Success 1000 = 0.959
I0502 16:27:08.577979 139579566835264 terminal.py:91] [Evaluator] Actor Episodes = 31729 | Actor Steps = 1586450 | Delta Dist = 6.856 | Delta Dist 10 = 11.201 | Delta Dist 100 = 11.781 | Delta Dist 1000 = 11.701 | Episode Length = 50 | Episode Return = 0.0 | Evaluator Episodes = 8043 | Evaluator Steps = 402150 | Final Dist = 5.951 | Final Dist 10 = 1.605 | Final Dist 100 = 1.025 | Final Dist 1000 = 1.106 | Init Dist = 12.806 | Init Dist 10 = 12.806 | Init Dist 100 = 12.806 | Init Dist 1000 = 12.806 | Learner Steps = 24632 | Learner Walltime = 4852.231 | Min Dist = 5.538 | Min Dist 10 = 0.817 | Min Dist 100 = 0.334 | Min Dist 1000 = 0.415 | Steps Per Second = 66.366 | Success = 0.000 | Success 1000 = 0.959
I0502 16:27:09.759311 139579566835264 terminal.py:91] [Evaluator] Actor Episodes = 31737 | Actor Steps = 1586850 | Delta Dist = 11.774 | Delta Dist 10 = 11.429 | Delta Dist 100 = 11.716 | Delta Dist 1000 = 11.695 | Episode Length = 50 | Episode Return = 5.0 | Evaluator Episodes = 8045 | Evaluator Steps = 402250 | Final Dist = 1.033 | Final Dist 10 = 1.378 | Final Dist 100 = 1.090 | Final Dist 1000 = 1.111 | Init Dist = 12.806 | Init Dist 10 = 12.806 | Init Dist 100 = 12.806 | Init Dist 1000 = 12.806 | Learner Steps = 24638 | Learner Walltime = 4853.236 | Min Dist = 0.185 | Min Dist 10 = 0.690 | Min Dist 100 = 0.389 | Min Dist 1000 = 0.420 | Steps Per Second = 89.757 | Success = 1.000 | Success 1000 = 0.958
I0502 16:27:10.879651 139579566835264 terminal.py:91] [Evaluator] Actor Episodes = 31745 | Actor Steps = 1587250 | Delta Dist = 12.437 | Delta Dist 10 = 11.398 | Delta Dist 100 = 11.715 | Delta Dist 1000 = 11.695 | Episode Length = 50 | Episode Return = 16.0 | Evaluator Episodes = 8047 | Evaluator Steps = 402350 | Final Dist = 0.369 | Final Dist 10 = 1.408 | Final Dist 100 = 1.091 | Final Dist 1000 = 1.111 | Init Dist = 12.806 | Init Dist 10 = 12.806 | Init Dist 100 = 12.806 | Init Dist 1000 = 12.806 | Learner Steps = 24643 | Learner Walltime = 4854.405 | Min Dist = 0.337 | Min Dist 10 = 0.773 | Min Dist 100 = 0.395 | Min Dist 1000 = 0.421 | Steps Per Second = 82.907 | Success = 1.000 | Success 1000 = 0.958
I0502 16:27:11.801266 139558059398720 terminal.py:91] [Actor] Actor Episodes = 31749 | Actor Steps = 1587450 | Delta Dist = 2.024 | Delta Dist 10 = 3.933 | Delta Dist 100 = 4.076 | Delta Dist 1000 = 4.365 | Episode Length = 50 | Episode Return = 45.0 | Evaluator Episodes = 8047 | Evaluator Steps = 402350 | Final Dist = 0.805 | Final Dist 10 = 0.359 | Final Dist 100 = 1.299 | Final Dist 1000 = 1.488 | Init Dist = 2.828 | Init Dist 10 = 4.291 | Init Dist 100 = 5.375 | Init Dist 1000 = 5.853 | Learner Steps = 24649 | Learner Walltime = 4855.533 | Min Dist = 0.015 | Min Dist 10 = 0.047 | Min Dist 100 = 0.118 | Min Dist 1000 = 0.145 | Steps Per Second = 85.933 | Success = 1.000 | Success 1000 = 0.996
I0502 16:27:12.089428 139579566835264 terminal.py:91] [Evaluator] Actor Episodes = 31753 | Actor Steps = 1587650 | Delta Dist = 11.421 | Delta Dist 10 = 11.417 | Delta Dist 100 = 11.723 | Delta Dist 1000 = 11.695 | Episode Length = 50 | Episode Return = 3.0 | Evaluator Episodes = 8049 | Evaluator Steps = 402450 | Final Dist = 1.385 | Final Dist 10 = 1.389 | Final Dist 100 = 1.083 | Final Dist 1000 = 1.111 | Init Dist = 12.806 | Init Dist 10 = 12.806 | Init Dist 100 = 12.806 | Init Dist 1000 = 12.806 | Learner Steps = 24649 | Learner Walltime = 4855.533 | Min Dist = 0.512 | Min Dist 10 = 0.812 | Min Dist 100 = 0.397 | Min Dist 1000 = 0.421 | Steps Per Second = 86.008 | Success = 1.000 | Success 1000 = 0.958
I0502 16:27:12.518632 139555013154368 terminal.py:91] [Learner] Actor Episodes = 31753 | Actor Loss = 3.7674760818481445 | Actor Steps = 1587650 | Binary Accuracy = 0.9960272312164307 | Categorical Accuracy = 0.40966796875 | Critic Loss = 1.8636935949325562 | Entropy Mean = -20.28268051147461 | Evaluator Episodes = 8049 | Evaluator Steps = 402450 | Learner Steps = 24655 | Learner Walltime = 4856.712 | Logits Neg = -16.86928939819336 | Logits Pos = -1.8666436672210693 | Logsumexp = 1.068052053451538 | Steps Per Second = 150.085
I0502 16:27:12.778433 139583350109760 savers.py:156] Saving checkpoint: logs/contrastive_cpc_point_FourRooms_64/5dd72662-2788-11f0-b183-d85ed38c5779/checkpoints/learner
I0502 16:27:13.255216 139569349502528 terminal.py:91] [Actor] Actor Episodes = 31757 | Actor Steps = 1587850 | Delta Dist = 9.258 | Delta Dist 10 = 3.699 | Delta Dist 100 = 4.044 | Delta Dist 1000 = 4.348 | Episode Length = 50 | Episode Return = 43.0 | Evaluator Episodes = 8049 | Evaluator Steps = 402450 | Final Dist = 0.176 | Final Dist 10 = 2.923 | Final Dist 100 = 1.407 | Final Dist 1000 = 1.509 | Init Dist = 9.434 | Init Dist 10 = 6.623 | Init Dist 100 = 5.452 | Init Dist 1000 = 5.857 | Learner Steps = 24655 | Learner Walltime = 4856.712 | Min Dist = 0.063 | Min Dist 10 = 0.050 | Min Dist 100 = 0.119 | Min Dist 1000 = 0.144 | Steps Per Second = 73.620 | Success = 1.000 | Success 1000 = 0.996
I0502 16:27:13.386085 139579566835264 terminal.py:91] [Evaluator] Actor Episodes = 31762 | Actor Steps = 1588100 | Delta Dist = 4.218 | Delta Dist 10 = 11.370 | Delta Dist 100 = 11.729 | Delta Dist 1000 = 11.695 | Episode Length = 50 | Episode Return = 0.0 | Evaluator Episodes = 8051 | Evaluator Steps = 402550 | Final Dist = 8.588 | Final Dist 10 = 1.437 | Final Dist 100 = 1.077 | Final Dist 1000 = 1.112 | Init Dist = 12.806 | Init Dist 10 = 12.806 | Init Dist 100 = 12.806 | Init Dist 1000 = 12.806 | Learner Steps = 24655 | Learner Walltime = 4856.712 | Min Dist = 8.336 | Min Dist 10 = 0.865 | Min Dist 100 = 0.402 | Min Dist 1000 = 0.422 | Steps Per Second = 75.304 | Success = 0.000 | Success 1000 = 0.958
I0502 16:27:13.843564 139555860620864 terminal.py:91] [Actor] Actor Episodes = 31761 | Actor Steps = 1588050 | Delta Dist = 8.573 | Delta Dist 10 = 4.256 | Delta Dist 100 = 3.983 | Delta Dist 1000 = 4.338 | Episode Length = 50 | Episode Return = 8.0 | Evaluator Episodes = 8049 | Evaluator Steps = 402450 | Final Dist = 0.647 | Final Dist 10 = 2.910 | Final Dist 100 = 1.491 | Final Dist 1000 = 1.515 | Init Dist = 9.220 | Init Dist 10 = 7.166 | Init Dist 100 = 5.474 | Init Dist 1000 = 5.854 | Learner Steps = 24655 | Learner Walltime = 4856.712 | Min Dist = 0.044 | Min Dist 10 = 0.089 | Min Dist 100 = 0.123 | Min Dist 1000 = 0.143 | Steps Per Second = 76.890 | Success = 1.000 | Success 1000 = 0.996
I0502 16:27:13.901206 139584504182336 lp_utils.py:96] StepsLimiter: Reached 1588100 recorded steps
I0502 16:27:14.641276 139579566835264 terminal.py:91] [Evaluator] Actor Episodes = 31770 | Actor Steps = 1588500 | Delta Dist = 12.400 | Delta Dist 10 = 10.589 | Delta Dist 100 = 11.651 | Delta Dist 1000 = 11.686 | Episode Length = 50 | Episode Return = 7.0 | Evaluator Episodes = 8053 | Evaluator Steps = 402650 | Final Dist = 0.406 | Final Dist 10 = 2.218 | Final Dist 100 = 1.155 | Final Dist 1000 = 1.120 | Init Dist = 12.806 | Init Dist 10 = 12.806 | Init Dist 100 = 12.806 | Init Dist 1000 = 12.806 | Learner Steps = 24661 | Learner Walltime = 4858.016 | Min Dist = 0.372 | Min Dist 10 = 1.711 | Min Dist 100 = 0.488 | Min Dist 1000 = 0.430 | Steps Per Second = 78.850 | Success = 1.000 | Success 1000 = 0.957
I0502 16:27:15.646026 139557462840896 terminal.py:91] [Actor] Actor Episodes = 31776 | Actor Steps = 1588800 | Delta Dist = 2.893 | Delta Dist 10 = 4.443 | Delta Dist 100 = 4.198 | Delta Dist 1000 = 4.351 | Episode Length = 50 | Episode Return = 39.0 | Evaluator Episodes = 8053 | Evaluator Steps = 402650 | Final Dist = 0.712 | Final Dist 10 = 1.142 | Final Dist 100 = 1.431 | Final Dist 1000 = 1.508 | Init Dist = 3.606 | Init Dist 10 = 5.584 | Init Dist 100 = 5.628 | Init Dist 1000 = 5.859 | Learner Steps = 24668 | Learner Walltime = 4859.324 | Min Dist = 0.010 | Min Dist 10 = 0.082 | Min Dist 100 = 0.092 | Min Dist 1000 = 0.144 | Steps Per Second = 92.538 | Success = 1.000 | Success 1000 = 0.996
I0502 16:27:15.822835 139579566835264 terminal.py:91] [Evaluator] Actor Episodes = 31778 | Actor Steps = 1588900 | Delta Dist = 12.127 | Delta Dist 10 = 11.147 | Delta Dist 100 = 11.654 | Delta Dist 1000 = 11.686 | Episode Length = 50 | Episode Return = 26.0 | Evaluator Episodes = 8055 | Evaluator Steps = 402750 | Final Dist = 0.679 | Final Dist 10 = 1.659 | Final Dist 100 = 1.152 | Final Dist 1000 = 1.120 | Init Dist = 12.806 | Init Dist 10 = 12.806 | Init Dist 100 = 12.806 | Init Dist 1000 = 12.806 | Learner Steps = 24668 | Learner Walltime = 4859.324 | Min Dist = 0.067 | Min Dist 10 = 1.241 | Min Dist 100 = 0.495 | Min Dist 1000 = 0.431 | Steps Per Second = 87.076 | Success = 1.000 | Success 1000 = 0.957
I0502 16:27:17.040778 139579566835264 terminal.py:91] [Evaluator] Actor Episodes = 31786 | Actor Steps = 1589300 | Delta Dist = 12.438 | Delta Dist 10 = 11.180 | Delta Dist 100 = 11.665 | Delta Dist 1000 = 11.687 | Episode Length = 50 | Episode Return = 15.0 | Evaluator Episodes = 8057 | Evaluator Steps = 402850 | Final Dist = 0.369 | Final Dist 10 = 1.626 | Final Dist 100 = 1.141 | Final Dist 1000 = 1.119 | Init Dist = 12.806 | Init Dist 10 = 12.806 | Init Dist 100 = 12.806 | Init Dist 1000 = 12.806 | Learner Steps = 24674 | Learner Walltime = 4860.430 | Min Dist = 0.341 | Min Dist 10 = 1.141 | Min Dist 100 = 0.486 | Min Dist 1000 = 0.430 | Steps Per Second = 84.505 | Success = 1.000 | Success 1000 = 0.957
I0502 16:27:18.283779 139579566835264 terminal.py:91] [Evaluator] Actor Episodes = 31794 | Actor Steps = 1589700 | Delta Dist = 12.408 | Delta Dist 10 = 11.195 | Delta Dist 100 = 11.665 | Delta Dist 1000 = 11.688 | Episode Length = 50 | Episode Return = 23.0 | Evaluator Episodes = 8059 | Evaluator Steps = 402950 | Final Dist = 0.398 | Final Dist 10 = 1.611 | Final Dist 100 = 1.142 | Final Dist 1000 = 1.119 | Init Dist = 12.806 | Init Dist 10 = 12.806 | Init Dist 100 = 12.806 | Init Dist 1000 = 12.806 | Learner Steps = 24681 | Learner Walltime = 4861.747 | Min Dist = 0.090 | Min Dist 10 = 1.099 | Min Dist 100 = 0.484 | Min Dist 1000 = 0.430 | Steps Per Second = 76.527 | Success = 1.000 | Success 1000 = 0.957
I0502 16:27:19.711077 139579566835264 terminal.py:91] [Evaluator] Actor Episodes = 31802 | Actor Steps = 1590100 | Delta Dist = 11.819 | Delta Dist 10 = 11.217 | Delta Dist 100 = 11.676 | Delta Dist 1000 = 11.688 | Episode Length = 50 | Episode Return = 20.0 | Evaluator Episodes = 8061 | Evaluator Steps = 403050 | Final Dist = 0.987 | Final Dist 10 = 1.590 | Final Dist 100 = 1.130 | Final Dist 1000 = 1.118 | Init Dist = 12.806 | Init Dist 10 = 12.806 | Init Dist 100 = 12.806 | Init Dist 1000 = 12.806 | Learner Steps = 24687 | Learner Walltime = 4863.009 | Min Dist = 0.271 | Min Dist 10 = 1.055 | Min Dist 100 = 0.480 | Min Dist 1000 = 0.429 | Steps Per Second = 67.043 | Success = 1.000 | Success 1000 = 0.957
I0502 16:27:20.840455 139579566835264 terminal.py:91] [Evaluator] Actor Episodes = 31810 | Actor Steps = 1590500 | Delta Dist = 11.097 | Delta Dist 10 = 12.004 | Delta Dist 100 = 11.666 | Delta Dist 1000 = 11.689 | Episode Length = 50 | Episode Return = 8.0 | Evaluator Episodes = 8063 | Evaluator Steps = 403150 | Final Dist = 1.709 | Final Dist 10 = 0.802 | Final Dist 100 = 1.140 | Final Dist 1000 = 1.118 | Init Dist = 12.806 | Init Dist 10 = 12.806 | Init Dist 100 = 12.806 | Init Dist 1000 = 12.806 | Learner Steps = 24693 | Learner Walltime = 4864.287 | Min Dist = 0.429 | Min Dist 10 = 0.226 | Min Dist 100 = 0.485 | Min Dist 1000 = 0.429 | Steps Per Second = 95.502 | Success = 1.000 | Success 1000 = 0.957
I0502 16:27:21.988869 139579566835264 terminal.py:91] [Evaluator] Actor Episodes = 31819 | Actor Steps = 1590950 | Delta Dist = 11.397 | Delta Dist 10 = 11.910 | Delta Dist 100 = 11.662 | Delta Dist 1000 = 11.689 | Episode Length = 50 | Episode Return = 1.0 | Evaluator Episodes = 8065 | Evaluator Steps = 403250 | Final Dist = 1.409 | Final Dist 10 = 0.896 | Final Dist 100 = 1.145 | Final Dist 1000 = 1.117 | Init Dist = 12.806 | Init Dist 10 = 12.806 | Init Dist 100 = 12.806 | Init Dist 1000 = 12.806 | Learner Steps = 24699 | Learner Walltime = 4865.383 | Min Dist = 0.597 | Min Dist 10 = 0.197 | Min Dist 100 = 0.486 | Min Dist 1000 = 0.430 | Steps Per Second = 85.816 | Success = 1.000 | Success 1000 = 0.957
I0502 16:27:22.209209 139558059398720 terminal.py:91] [Actor] Actor Episodes = 31815 | Actor Steps = 1590750 | Delta Dist = 4.494 | Delta Dist 10 = 3.501 | Delta Dist 100 = 4.393 | Delta Dist 1000 = 4.342 | Episode Length = 50 | Episode Return = 24.0 | Evaluator Episodes = 8063 | Evaluator Steps = 403150 | Final Dist = 0.892 | Final Dist 10 = 1.117 | Final Dist 100 = 1.493 | Final Dist 1000 = 1.489 | Init Dist = 5.385 | Init Dist 10 = 4.617 | Init Dist 100 = 5.886 | Init Dist 1000 = 5.831 | Learner Steps = 24699 | Learner Walltime = 4865.383 | Min Dist = 0.015 | Min Dist 10 = 0.349 | Min Dist 100 = 0.110 | Min Dist 1000 = 0.135 | Steps Per Second = 99.555 | Success = 1.000 | Success 1000 = 0.996
I0502 16:27:23.007101 139555013154368 terminal.py:91] [Learner] Actor Episodes = 31819 | Actor Loss = 3.8031864166259766 | Actor Steps = 1590950 | Binary Accuracy = 0.9960556030273438 | Categorical Accuracy = 0.4169921875 | Critic Loss = 1.810146689414978 | Entropy Mean = -20.37972640991211 | Evaluator Episodes = 8065 | Evaluator Steps = 403250 | Learner Steps = 24708 | Learner Walltime = 4867.203 | Logits Neg = -17.141237258911133 | Logits Pos = -1.8102248907089233 | Logsumexp = 1.210654377937317 | Steps Per Second = 111.699
I0502 16:27:23.239938 139579566835264 terminal.py:91] [Evaluator] Actor Episodes = 31827 | Actor Steps = 1591350 | Delta Dist = 11.836 | Delta Dist 10 = 11.793 | Delta Dist 100 = 11.653 | Delta Dist 1000 = 11.689 | Episode Length = 50 | Episode Return = 21.0 | Evaluator Episodes = 8067 | Evaluator Steps = 403350 | Final Dist = 0.970 | Final Dist 10 = 1.013 | Final Dist 100 = 1.153 | Final Dist 1000 = 1.117 | Init Dist = 12.806 | Init Dist 10 = 12.806 | Init Dist 100 = 12.806 | Init Dist 1000 = 12.806 | Learner Steps = 24705 | Learner Walltime = 4866.527 | Min Dist = 0.043 | Min Dist 10 = 0.267 | Min Dist 100 = 0.490 | Min Dist 1000 = 0.430 | Steps Per Second = 82.503 | Success = 1.000 | Success 1000 = 0.957
I0502 16:27:23.762189 139569349502528 terminal.py:91] [Actor] Actor Episodes = 31828 | Actor Steps = 1591400 | Delta Dist = 4.704 | Delta Dist 10 = 4.485 | Delta Dist 100 = 4.407 | Delta Dist 1000 = 4.352 | Episode Length = 50 | Episode Return = 0.0 | Evaluator Episodes = 8065 | Evaluator Steps = 403250 | Final Dist = 6.066 | Final Dist 10 = 1.420 | Final Dist 100 = 1.345 | Final Dist 1000 = 1.489 | Init Dist = 10.770 | Init Dist 10 = 5.905 | Init Dist 100 = 5.753 | Init Dist 1000 = 5.840 | Learner Steps = 24705 | Learner Walltime = 4866.527 | Min Dist = 0.083 | Min Dist 10 = 0.182 | Min Dist 100 = 0.120 | Min Dist 1000 = 0.135 | Steps Per Second = 79.415 | Success = 1.000 | Success 1000 = 0.996
I0502 16:27:23.925104 139584504182336 lp_utils.py:96] StepsLimiter: Reached 1591350 recorded steps
I0502 16:27:24.406232 139555860620864 terminal.py:91] [Actor] Actor Episodes = 31835 | Actor Steps = 1591750 | Delta Dist = 5.604 | Delta Dist 10 = 3.048 | Delta Dist 100 = 4.222 | Delta Dist 1000 = 4.341 | Episode Length = 50 | Episode Return = 48.0 | Evaluator Episodes = 8067 | Evaluator Steps = 403350 | Final Dist = 0.479 | Final Dist 10 = 3.068 | Final Dist 100 = 1.515 | Final Dist 1000 = 1.502 | Init Dist = 6.083 | Init Dist 10 = 6.116 | Init Dist 100 = 5.737 | Init Dist 1000 = 5.843 | Learner Steps = 24711 | Learner Walltime = 4867.805 | Min Dist = 0.023 | Min Dist 10 = 0.161 | Min Dist 100 = 0.121 | Min Dist 1000 = 0.134 | Steps Per Second = 81.303 | Success = 1.000 | Success 1000 = 0.996
I0502 16:27:24.457212 139579566835264 terminal.py:91] [Evaluator] Actor Episodes = 31835 | Actor Steps = 1591750 | Delta Dist = 11.517 | Delta Dist 10 = 11.799 | Delta Dist 100 = 11.663 | Delta Dist 1000 = 11.690 | Episode Length = 50 | Episode Return = 21.0 | Evaluator Episodes = 8069 | Evaluator Steps = 403450 | Final Dist = 1.289 | Final Dist 10 = 1.008 | Final Dist 100 = 1.143 | Final Dist 1000 = 1.117 | Init Dist = 12.806 | Init Dist 10 = 12.806 | Init Dist 100 = 12.806 | Init Dist 1000 = 12.806 | Learner Steps = 24711 | Learner Walltime = 4867.805 | Min Dist = 0.042 | Min Dist 10 = 0.247 | Min Dist 100 = 0.483 | Min Dist 1000 = 0.430 | Steps Per Second = 91.808 | Success = 1.000 | Success 1000 = 0.957
I0502 16:27:25.720220 139579566835264 terminal.py:91] [Evaluator] Actor Episodes = 31843 | Actor Steps = 1592150 | Delta Dist = 11.523 | Delta Dist 10 = 11.676 | Delta Dist 100 = 11.656 | Delta Dist 1000 = 11.689 | Episode Length = 50 | Episode Return = 3.0 | Evaluator Episodes = 8071 | Evaluator Steps = 403550 | Final Dist = 1.283 | Final Dist 10 = 1.131 | Final Dist 100 = 1.150 | Final Dist 1000 = 1.118 | Init Dist = 12.806 | Init Dist 10 = 12.806 | Init Dist 100 = 12.806 | Init Dist 1000 = 12.806 | Learner Steps = 24718 | Learner Walltime = 4869.129 | Min Dist = 0.058 | Min Dist 10 = 0.260 | Min Dist 100 = 0.475 | Min Dist 1000 = 0.430 | Steps Per Second = 75.547 | Success = 1.000 | Success 1000 = 0.957
I0502 16:27:25.961765 139557462840896 terminal.py:91] [Actor] Actor Episodes = 31838 | Actor Steps = 1591900 | Delta Dist = 0.635 | Delta Dist 10 = 4.541 | Delta Dist 100 = 4.086 | Delta Dist 1000 = 4.353 | Episode Length = 50 | Episode Return = 31.0 | Evaluator Episodes = 8069 | Evaluator Steps = 403450 | Final Dist = 0.365 | Final Dist 10 = 1.057 | Final Dist 100 = 1.573 | Final Dist 1000 = 1.486 | Init Dist = 1.000 | Init Dist 10 = 5.598 | Init Dist 100 = 5.659 | Init Dist 1000 = 5.839 | Learner Steps = 24718 | Learner Walltime = 4869.129 | Min Dist = 0.072 | Min Dist 10 = 0.390 | Min Dist 100 = 0.149 | Min Dist 1000 = 0.129 | Steps Per Second = 79.740 | Success = 1.000 | Success 1000 = 0.996
I0502 16:27:26.924432 139579566835264 terminal.py:91] [Evaluator] Actor Episodes = 31851 | Actor Steps = 1592550 | Delta Dist = 11.400 | Delta Dist 10 = 11.684 | Delta Dist 100 = 11.643 | Delta Dist 1000 = 11.688 | Episode Length = 50 | Episode Return = 2.0 | Evaluator Episodes = 8073 | Evaluator Steps = 403650 | Final Dist = 1.406 | Final Dist 10 = 1.122 | Final Dist 100 = 1.163 | Final Dist 1000 = 1.118 | Init Dist = 12.806 | Init Dist 10 = 12.806 | Init Dist 100 = 12.806 | Init Dist 1000 = 12.806 | Learner Steps = 24724 | Learner Walltime = 4870.287 | Min Dist = 0.416 | Min Dist 10 = 0.233 | Min Dist 100 = 0.470 | Min Dist 1000 = 0.430 | Steps Per Second = 79.365 | Success = 1.000 | Success 1000 = 0.957
I0502 16:27:28.138053 139579566835264 terminal.py:91] [Evaluator] Actor Episodes = 31859 | Actor Steps = 1592950 | Delta Dist = 12.324 | Delta Dist 10 = 11.655 | Delta Dist 100 = 11.622 | Delta Dist 1000 = 11.686 | Episode Length = 50 | Episode Return = 30.0 | Evaluator Episodes = 8075 | Evaluator Steps = 403750 | Final Dist = 0.482 | Final Dist 10 = 1.151 | Final Dist 100 = 1.184 | Final Dist 1000 = 1.120 | Init Dist = 12.806 | Init Dist 10 = 12.806 | Init Dist 100 = 12.806 | Init Dist 1000 = 12.806 | Learner Steps = 24731 | Learner Walltime = 4871.525 | Min Dist = 0.057 | Min Dist 10 = 0.224 | Min Dist 100 = 0.469 | Min Dist 1000 = 0.430 | Steps Per Second = 85.978 | Success = 1.000 | Success 1000 = 0.957
I0502 16:27:29.336455 139579566835264 terminal.py:91] [Evaluator] Actor Episodes = 31867 | Actor Steps = 1593350 | Delta Dist = 11.628 | Delta Dist 10 = 11.791 | Delta Dist 100 = 11.634 | Delta Dist 1000 = 11.686 | Episode Length = 50 | Episode Return = 1.0 | Evaluator Episodes = 8077 | Evaluator Steps = 403850 | Final Dist = 1.178 | Final Dist 10 = 1.015 | Final Dist 100 = 1.172 | Final Dist 1000 = 1.120 | Init Dist = 12.806 | Init Dist 10 = 12.806 | Init Dist 100 = 12.806 | Init Dist 1000 = 12.806 | Learner Steps = 24737 | Learner Walltime = 4872.735 | Min Dist = 0.379 | Min Dist 10 = 0.175 | Min Dist 100 = 0.459 | Min Dist 1000 = 0.430 | Steps Per Second = 100.431 | Success = 1.000 | Success 1000 = 0.957
I0502 16:27:30.574980 139579566835264 terminal.py:91] [Evaluator] Actor Episodes = 31873 | Actor Steps = 1593650 | Delta Dist = 11.457 | Delta Dist 10 = 11.749 | Delta Dist 100 = 11.633 | Delta Dist 1000 = 11.687 | Episode Length = 50 | Episode Return = 7.0 | Evaluator Episodes = 8079 | Evaluator Steps = 403950 | Final Dist = 1.350 | Final Dist 10 = 1.058 | Final Dist 100 = 1.174 | Final Dist 1000 = 1.120 | Init Dist = 12.806 | Init Dist 10 = 12.806 | Init Dist 100 = 12.806 | Init Dist 1000 = 12.806 | Learner Steps = 24743 | Learner Walltime = 4873.896 | Min Dist = 0.144 | Min Dist 10 = 0.242 | Min Dist 100 = 0.464 | Min Dist 1000 = 0.430 | Steps Per Second = 76.765 | Success = 1.000 | Success 1000 = 0.957
I0502 16:27:31.768457 139579566835264 terminal.py:91] [Evaluator] Actor Episodes = 31881 | Actor Steps = 1594050 | Delta Dist = 12.144 | Delta Dist 10 = 11.737 | Delta Dist 100 = 11.619 | Delta Dist 1000 = 11.686 | Episode Length = 50 | Episode Return = 20.0 | Evaluator Episodes = 8081 | Evaluator Steps = 404050 | Final Dist = 0.662 | Final Dist 10 = 1.069 | Final Dist 100 = 1.187 | Final Dist 1000 = 1.120 | Init Dist = 12.806 | Init Dist 10 = 12.806 | Init Dist 100 = 12.806 | Init Dist 1000 = 12.806 | Learner Steps = 24749 | Learner Walltime = 4875.065 | Min Dist = 0.100 | Min Dist 10 = 0.248 | Min Dist 100 = 0.464 | Min Dist 1000 = 0.431 | Steps Per Second = 76.106 | Success = 1.000 | Success 1000 = 0.957
I0502 16:27:32.711651 139558059398720 terminal.py:91] [Actor] Actor Episodes = 31885 | Actor Steps = 1594250 | Delta Dist = 4.801 | Delta Dist 10 = 3.745 | Delta Dist 100 = 4.001 | Delta Dist 1000 = 4.355 | Episode Length = 50 | Episode Return = 48.0 | Evaluator Episodes = 8081 | Evaluator Steps = 404050 | Final Dist = 0.298 | Final Dist 10 = 0.513 | Final Dist 100 = 1.316 | Final Dist 1000 = 1.481 | Init Dist = 5.099 | Init Dist 10 = 4.258 | Init Dist 100 = 5.317 | Init Dist 1000 = 5.836 | Learner Steps = 24755 | Learner Walltime = 4876.376 | Min Dist = 0.041 | Min Dist 10 = 0.065 | Min Dist 100 = 0.158 | Min Dist 1000 = 0.121 | Steps Per Second = 77.314 | Success = 1.000 | Success 1000 = 0.996
I0502 16:27:32.989366 139579566835264 terminal.py:91] [Evaluator] Actor Episodes = 31889 | Actor Steps = 1594450 | Delta Dist = 11.451 | Delta Dist 10 = 11.851 | Delta Dist 100 = 11.628 | Delta Dist 1000 = 11.688 | Episode Length = 50 | Episode Return = 5.0 | Evaluator Episodes = 8083 | Evaluator Steps = 404150 | Final Dist = 1.355 | Final Dist 10 = 0.955 | Final Dist 100 = 1.179 | Final Dist 1000 = 1.119 | Init Dist = 12.806 | Init Dist 10 = 12.806 | Init Dist 100 = 12.806 | Init Dist 1000 = 12.806 | Learner Steps = 24755 | Learner Walltime = 4876.376 | Min Dist = 0.535 | Min Dist 10 = 0.240 | Min Dist 100 = 0.462 | Min Dist 1000 = 0.430 | Steps Per Second = 85.886 | Success = 1.000 | Success 1000 = 0.957
I0502 16:27:33.264174 139555013154368 terminal.py:91] [Learner] Actor Episodes = 31891 | Actor Loss = 3.707315683364868 | Actor Steps = 1594550 | Binary Accuracy = 0.996018648147583 | Categorical Accuracy = 0.41717529296875 | Critic Loss = 1.8554692268371582 | Entropy Mean = -21.480579376220703 | Evaluator Episodes = 8083 | Evaluator Steps = 404150 | Learner Steps = 24761 | Learner Walltime = 4877.460 | Logits Neg = -16.620853424072266 | Logits Pos = -1.8566625118255615 | Logsumexp = 1.189683437347412 | Steps Per Second = 196.095
I0502 16:27:33.777070 139569349502528 terminal.py:91] [Actor] Actor Episodes = 31892 | Actor Steps = 1594600 | Delta Dist = 0.956 | Delta Dist 10 = 4.224 | Delta Dist 100 = 4.085 | Delta Dist 1000 = 4.354 | Episode Length = 50 | Episode Return = 38.0 | Evaluator Episodes = 8083 | Evaluator Steps = 404150 | Final Dist = 0.044 | Final Dist 10 = 0.531 | Final Dist 100 = 1.263 | Final Dist 1000 = 1.482 | Init Dist = 1.000 | Init Dist 10 = 4.755 | Init Dist 100 = 5.348 | Init Dist 1000 = 5.836 | Learner Steps = 24755 | Learner Walltime = 4876.376 | Min Dist = 0.024 | Min Dist 10 = 0.080 | Min Dist 100 = 0.155 | Min Dist 1000 = 0.122 | Steps Per Second = 78.186 | Success = 1.000 | Success 1000 = 0.996
I0502 16:27:33.941873 139584504182336 lp_utils.py:96] StepsLimiter: Reached 1594650 recorded steps
I0502 16:27:34.075049 139579566835264 terminal.py:91] [Evaluator] Actor Episodes = 31897 | Actor Steps = 1594850 | Delta Dist = 12.306 | Delta Dist 10 = 11.850 | Delta Dist 100 = 11.671 | Delta Dist 1000 = 11.687 | Episode Length = 50 | Episode Return = 14.0 | Evaluator Episodes = 8085 | Evaluator Steps = 404250 | Final Dist = 0.500 | Final Dist 10 = 0.956 | Final Dist 100 = 1.136 | Final Dist 1000 = 1.119 | Init Dist = 12.806 | Init Dist 10 = 12.806 | Init Dist 100 = 12.806 | Init Dist 1000 = 12.806 | Learner Steps = 24761 | Learner Walltime = 4877.460 | Min Dist = 0.150 | Min Dist 10 = 0.318 | Min Dist 100 = 0.419 | Min Dist 1000 = 0.431 | Steps Per Second = 87.320 | Success = 1.000 | Success 1000 = 0.957
I0502 16:27:34.700309 139555860620864 terminal.py:91] [Actor] Actor Episodes = 31898 | Actor Steps = 1594900 | Delta Dist = 0.807 | Delta Dist 10 = 4.705 | Delta Dist 100 = 4.045 | Delta Dist 1000 = 4.359 | Episode Length = 50 | Episode Return = 35.0 | Evaluator Episodes = 8083 | Evaluator Steps = 404150 | Final Dist = 0.193 | Final Dist 10 = 0.629 | Final Dist 100 = 1.187 | Final Dist 1000 = 1.472 | Init Dist = 1.000 | Init Dist 10 = 5.334 | Init Dist 100 = 5.233 | Init Dist 1000 = 5.831 | Learner Steps = 24761 | Learner Walltime = 4877.460 | Min Dist = 0.011 | Min Dist 10 = 0.093 | Min Dist 100 = 0.155 | Min Dist 1000 = 0.122 | Steps Per Second = 79.138 | Success = 1.000 | Success 1000 = 0.996
I0502 16:27:35.265111 139579566835264 terminal.py:91] [Evaluator] Actor Episodes = 31903 | Actor Steps = 1595150 | Delta Dist = 12.136 | Delta Dist 10 = 11.796 | Delta Dist 100 = 11.675 | Delta Dist 1000 = 11.687 | Episode Length = 50 | Episode Return = 16.0 | Evaluator Episodes = 8087 | Evaluator Steps = 404350 | Final Dist = 0.670 | Final Dist 10 = 1.010 | Final Dist 100 = 1.132 | Final Dist 1000 = 1.120 | Init Dist = 12.806 | Init Dist 10 = 12.806 | Init Dist 100 = 12.806 | Init Dist 1000 = 12.806 | Learner Steps = 24767 | Learner Walltime = 4878.654 | Min Dist = 0.618 | Min Dist 10 = 0.318 | Min Dist 100 = 0.412 | Min Dist 1000 = 0.431 | Steps Per Second = 83.445 | Success = 1.000 | Success 1000 = 0.957
I0502 16:27:36.426000 139557462840896 terminal.py:91] [Actor] Actor Episodes = 31911 | Actor Steps = 1595550 | Delta Dist = -0.050 | Delta Dist 10 = 3.085 | Delta Dist 100 = 3.847 | Delta Dist 1000 = 4.345 | Episode Length = 50 | Episode Return = 28.0 | Evaluator Episodes = 8087 | Evaluator Steps = 404350 | Final Dist = 0.050 | Final Dist 10 = 1.583 | Final Dist 100 = 1.285 | Final Dist 1000 = 1.474 | Init Dist = 0.000 | Init Dist 10 = 4.668 | Init Dist 100 = 5.132 | Init Dist 1000 = 5.819 | Learner Steps = 24773 | Learner Walltime = 4879.834 | Min Dist = 0.000 | Min Dist 10 = 0.047 | Min Dist 100 = 0.156 | Min Dist 1000 = 0.121 | Steps Per Second = 76.075 | Success = 1.000 | Success 1000 = 0.996
I0502 16:27:36.523665 139579566835264 terminal.py:91] [Evaluator] Actor Episodes = 31911 | Actor Steps = 1595550 | Delta Dist = 11.971 | Delta Dist 10 = 11.873 | Delta Dist 100 = 11.678 | Delta Dist 1000 = 11.687 | Episode Length = 50 | Episode Return = 12.0 | Evaluator Episodes = 8089 | Evaluator Steps = 404450 | Final Dist = 0.836 | Final Dist 10 = 0.933 | Final Dist 100 = 1.128 | Final Dist 1000 = 1.119 | Init Dist = 12.806 | Init Dist 10 = 12.806 | Init Dist 100 = 12.806 | Init Dist 1000 = 12.806 | Learner Steps = 24773 | Learner Walltime = 4879.834 | Min Dist = 0.275 | Min Dist 10 = 0.312 | Min Dist 100 = 0.420 | Min Dist 1000 = 0.431 | Steps Per Second = 77.471 | Success = 1.000 | Success 1000 = 0.957
I0502 16:27:37.771624 139579566835264 terminal.py:91] [Evaluator] Actor Episodes = 31921 | Actor Steps = 1596050 | Delta Dist = 11.401 | Delta Dist 10 = 11.981 | Delta Dist 100 = 11.688 | Delta Dist 1000 = 11.687 | Episode Length = 50 | Episode Return = 3.0 | Evaluator Episodes = 8091 | Evaluator Steps = 404550 | Final Dist = 1.405 | Final Dist 10 = 0.825 | Final Dist 100 = 1.118 | Final Dist 1000 = 1.120 | Init Dist = 12.806 | Init Dist 10 = 12.806 | Init Dist 100 = 12.806 | Init Dist 1000 = 12.806 | Learner Steps = 24779 | Learner Walltime = 4881.082 | Min Dist = 0.204 | Min Dist 10 = 0.308 | Min Dist 100 = 0.419 | Min Dist 1000 = 0.431 | Steps Per Second = 82.975 | Success = 1.000 | Success 1000 = 0.957
I0502 16:27:38.959064 139579566835264 terminal.py:91] [Evaluator] Actor Episodes = 31929 | Actor Steps = 1596450 | Delta Dist = 12.378 | Delta Dist 10 = 11.892 | Delta Dist 100 = 11.686 | Delta Dist 1000 = 11.687 | Episode Length = 50 | Episode Return = 30.0 | Evaluator Episodes = 8093 | Evaluator Steps = 404650 | Final Dist = 0.428 | Final Dist 10 = 0.914 | Final Dist 100 = 1.121 | Final Dist 1000 = 1.119 | Init Dist = 12.806 | Init Dist 10 = 12.806 | Init Dist 100 = 12.806 | Init Dist 1000 = 12.806 | Learner Steps = 24786 | Learner Walltime = 4882.274 | Min Dist = 0.051 | Min Dist 10 = 0.318 | Min Dist 100 = 0.420 | Min Dist 1000 = 0.431 | Steps Per Second = 84.601 | Success = 1.000 | Success 1000 = 0.957
I0502 16:27:40.138645 139579566835264 terminal.py:91] [Evaluator] Actor Episodes = 31937 | Actor Steps = 1596850 | Delta Dist = 12.614 | Delta Dist 10 = 12.060 | Delta Dist 100 = 11.698 | Delta Dist 1000 = 11.688 | Episode Length = 50 | Episode Return = 23.0 | Evaluator Episodes = 8095 | Evaluator Steps = 404750 | Final Dist = 0.192 | Final Dist 10 = 0.746 | Final Dist 100 = 1.108 | Final Dist 1000 = 1.118 | Init Dist = 12.806 | Init Dist 10 = 12.806 | Init Dist 100 = 12.806 | Init Dist 1000 = 12.806 | Learner Steps = 24792 | Learner Walltime = 4883.670 | Min Dist = 0.169 | Min Dist 10 = 0.210 | Min Dist 100 = 0.420 | Min Dist 1000 = 0.430 | Steps Per Second = 89.659 | Success = 1.000 | Success 1000 = 0.958
I0502 16:27:41.260453 139579566835264 terminal.py:91] [Evaluator] Actor Episodes = 31947 | Actor Steps = 1597350 | Delta Dist = 12.195 | Delta Dist 10 = 12.195 | Delta Dist 100 = 11.697 | Delta Dist 1000 = 11.689 | Episode Length = 50 | Episode Return = 27.0 | Evaluator Episodes = 8097 | Evaluator Steps = 404850 | Final Dist = 0.611 | Final Dist 10 = 0.611 | Final Dist 100 = 1.109 | Final Dist 1000 = 1.117 | Init Dist = 12.806 | Init Dist 10 = 12.806 | Init Dist 100 = 12.806 | Init Dist 1000 = 12.806 | Learner Steps = 24800 | Learner Walltime = 4884.849 | Min Dist = 0.142 | Min Dist 10 = 0.216 | Min Dist 100 = 0.423 | Min Dist 1000 = 0.431 | Steps Per Second = 80.089 | Success = 1.000 | Success 1000 = 0.958
I0502 16:27:42.418924 139579566835264 terminal.py:91] [Evaluator] Actor Episodes = 31953 | Actor Steps = 1597650 | Delta Dist = 12.209 | Delta Dist 10 = 12.169 | Delta Dist 100 = 11.698 | Delta Dist 1000 = 11.690 | Episode Length = 50 | Episode Return = 26.0 | Evaluator Episodes = 8099 | Evaluator Steps = 404950 | Final Dist = 0.598 | Final Dist 10 = 0.638 | Final Dist 100 = 1.108 | Final Dist 1000 = 1.116 | Init Dist = 12.806 | Init Dist 10 = 12.806 | Init Dist 100 = 12.806 | Init Dist 1000 = 12.806 | Learner Steps = 24805 | Learner Walltime = 4886.016 | Min Dist = 0.071 | Min Dist 10 = 0.145 | Min Dist 100 = 0.421 | Min Dist 1000 = 0.430 | Steps Per Second = 85.003 | Success = 1.000 | Success 1000 = 0.958
I0502 16:27:42.849847 139558059398720 terminal.py:91] [Actor] Actor Episodes = 31950 | Actor Steps = 1597500 | Delta Dist = 2.780 | Delta Dist 10 = 4.854 | Delta Dist 100 = 3.904 | Delta Dist 1000 = 4.338 | Episode Length = 50 | Episode Return = 32.0 | Evaluator Episodes = 8097 | Evaluator Steps = 404850 | Final Dist = 1.343 | Final Dist 10 = 1.049 | Final Dist 100 = 1.199 | Final Dist 1000 = 1.469 | Init Dist = 4.123 | Init Dist 10 = 5.902 | Init Dist 100 = 5.103 | Init Dist 1000 = 5.807 | Learner Steps = 24805 | Learner Walltime = 4886.016 | Min Dist = 0.032 | Min Dist 10 = 0.130 | Min Dist 100 = 0.193 | Min Dist 1000 = 0.132 | Steps Per Second = 87.000 | Success = 1.000 | Success 1000 = 0.996
I0502 16:27:43.570726 139555013154368 terminal.py:91] [Learner] Actor Episodes = 31955 | Actor Loss = 3.7027900218963623 | Actor Steps = 1597750 | Binary Accuracy = 0.9959859848022461 | Categorical Accuracy = 0.41497802734375 | Critic Loss = 1.8135712146759033 | Entropy Mean = -20.50963020324707 | Evaluator Episodes = 8099 | Evaluator Steps = 404950 | Learner Steps = 24815 | Learner Walltime = 4887.765 | Logits Neg = -17.51202392578125 | Logits Pos = -1.8365893363952637 | Logsumexp = 1.1567198038101196 | Steps Per Second = 156.007
I0502 16:27:43.639568 139579566835264 terminal.py:91] [Evaluator] Actor Episodes = 31963 | Actor Steps = 1598150 | Delta Dist = 11.870 | Delta Dist 10 = 12.259 | Delta Dist 100 = 11.701 | Delta Dist 1000 = 11.690 | Episode Length = 50 | Episode Return = 28.0 | Evaluator Episodes = 8101 | Evaluator Steps = 405050 | Final Dist = 0.936 | Final Dist 10 = 0.547 | Final Dist 100 = 1.106 | Final Dist 1000 = 1.116 | Init Dist = 12.806 | Init Dist 10 = 12.806 | Init Dist 100 = 12.806 | Init Dist 1000 = 12.806 | Learner Steps = 24812 | Learner Walltime = 4887.150 | Min Dist = 0.057 | Min Dist 10 = 0.123 | Min Dist 100 = 0.420 | Min Dist 1000 = 0.430 | Steps Per Second = 87.948 | Success = 1.000 | Success 1000 = 0.958
I0502 16:27:43.958904 139584504182336 lp_utils.py:96] StepsLimiter: Reached 1598150 recorded steps
I0502 16:27:44.015822 139569349502528 terminal.py:91] [Actor] Actor Episodes = 31960 | Actor Steps = 1598000 | Delta Dist = 3.059 | Delta Dist 10 = 4.349 | Delta Dist 100 = 3.995 | Delta Dist 1000 = 4.329 | Episode Length = 50 | Episode Return = 34.0 | Evaluator Episodes = 8099 | Evaluator Steps = 404950 | Final Dist = 0.941 | Final Dist 10 = 2.290 | Final Dist 100 = 1.327 | Final Dist 1000 = 1.486 | Init Dist = 4.000 | Init Dist 10 = 6.639 | Init Dist 100 = 5.322 | Init Dist 1000 = 5.814 | Learner Steps = 24812 | Learner Walltime = 4887.150 | Min Dist = 0.048 | Min Dist 10 = 0.581 | Min Dist 100 = 0.239 | Min Dist 1000 = 0.137 | Steps Per Second = 87.991 | Success = 1.000 | Success 1000 = 0.996
I0502 16:27:44.736093 139555860620864 terminal.py:91] [Actor] Actor Episodes = 31969 | Actor Steps = 1598450 | Delta Dist = 2.271 | Delta Dist 10 = 3.817 | Delta Dist 100 = 4.020 | Delta Dist 1000 = 4.321 | Episode Length = 50 | Episode Return = 20.0 | Evaluator Episodes = 8101 | Evaluator Steps = 405050 | Final Dist = 1.852 | Final Dist 10 = 2.475 | Final Dist 100 = 1.353 | Final Dist 1000 = 1.494 | Init Dist = 4.123 | Init Dist 10 = 6.292 | Init Dist 100 = 5.373 | Init Dist 1000 = 5.814 | Learner Steps = 24818 | Learner Walltime = 4888.310 | Min Dist = 0.137 | Min Dist 10 = 0.553 | Min Dist 100 = 0.237 | Min Dist 1000 = 0.137 | Steps Per Second = 85.995 | Success = 1.000 | Success 1000 = 0.996
I0502 16:27:44.843327 139579566835264 terminal.py:91] [Evaluator] Actor Episodes = 31971 | Actor Steps = 1598550 | Delta Dist = 12.231 | Delta Dist 10 = 12.294 | Delta Dist 100 = 11.706 | Delta Dist 1000 = 11.696 | Episode Length = 50 | Episode Return = 19.0 | Evaluator Episodes = 8103 | Evaluator Steps = 405150 | Final Dist = 0.575 | Final Dist 10 = 0.512 | Final Dist 100 = 1.100 | Final Dist 1000 = 1.110 | Init Dist = 12.806 | Init Dist 10 = 12.806 | Init Dist 100 = 12.806 | Init Dist 1000 = 12.806 | Learner Steps = 24818 | Learner Walltime = 4888.310 | Min Dist = 0.122 | Min Dist 10 = 0.099 | Min Dist 100 = 0.418 | Min Dist 1000 = 0.424 | Steps Per Second = 86.197 | Success = 1.000 | Success 1000 = 0.959
I0502 16:27:45.899824 139579566835264 terminal.py:91] [Evaluator] Actor Episodes = 31975 | Actor Steps = 1598750 | Delta Dist = 11.456 | Delta Dist 10 = 12.292 | Delta Dist 100 = 11.718 | Delta Dist 1000 = 11.696 | Episode Length = 50 | Episode Return = 16.0 | Evaluator Episodes = 8105 | Evaluator Steps = 405250 | Final Dist = 1.350 | Final Dist 10 = 0.514 | Final Dist 100 = 1.088 | Final Dist 1000 = 1.110 | Init Dist = 12.806 | Init Dist 10 = 12.806 | Init Dist 100 = 12.806 | Init Dist 1000 = 12.806 | Learner Steps = 24824 | Learner Walltime = 4889.452 | Min Dist = 0.581 | Min Dist 10 = 0.094 | Min Dist 100 = 0.414 | Min Dist 1000 = 0.424 | Steps Per Second = 101.147 | Success = 1.000 | Success 1000 = 0.959
I0502 16:27:46.647722 139557462840896 terminal.py:91] [Actor] Actor Episodes = 31980 | Actor Steps = 1599000 | Delta Dist = 6.289 | Delta Dist 10 = 4.412 | Delta Dist 100 = 4.120 | Delta Dist 1000 = 4.332 | Episode Length = 50 | Episode Return = 47.0 | Evaluator Episodes = 8105 | Evaluator Steps = 405250 | Final Dist = 0.114 | Final Dist 10 = 1.314 | Final Dist 100 = 1.302 | Final Dist 1000 = 1.476 | Init Dist = 6.403 | Init Dist 10 = 5.726 | Init Dist 100 = 5.422 | Init Dist 1000 = 5.809 | Learner Steps = 24824 | Learner Walltime = 4889.452 | Min Dist = 0.114 | Min Dist 10 = 0.072 | Min Dist 100 = 0.235 | Min Dist 1000 = 0.137 | Steps Per Second = 75.043 | Success = 1.000 | Success 1000 = 0.996
I0502 16:27:47.174881 139579566835264 terminal.py:91] [Evaluator] Actor Episodes = 31983 | Actor Steps = 1599150 | Delta Dist = 12.403 | Delta Dist 10 = 12.194 | Delta Dist 100 = 11.723 | Delta Dist 1000 = 11.704 | Episode Length = 50 | Episode Return = 16.0 | Evaluator Episodes = 8107 | Evaluator Steps = 405350 | Final Dist = 0.403 | Final Dist 10 = 0.613 | Final Dist 100 = 1.083 | Final Dist 1000 = 1.102 | Init Dist = 12.806 | Init Dist 10 = 12.806 | Init Dist 100 = 12.806 | Init Dist 1000 = 12.806 | Learner Steps = 24830 | Learner Walltime = 4890.619 | Min Dist = 0.065 | Min Dist 10 = 0.125 | Min Dist 100 = 0.418 | Min Dist 1000 = 0.418 | Steps Per Second = 75.771 | Success = 1.000 | Success 1000 = 0.960
I0502 16:27:48.364112 139579566835264 terminal.py:91] [Evaluator] Actor Episodes = 31991 | Actor Steps = 1599550 | Delta Dist = 11.341 | Delta Dist 10 = 12.143 | Delta Dist 100 = 11.722 | Delta Dist 1000 = 11.705 | Episode Length = 50 | Episode Return = 32.0 | Evaluator Episodes = 8109 | Evaluator Steps = 405450 | Final Dist = 1.465 | Final Dist 10 = 0.664 | Final Dist 100 = 1.085 | Final Dist 1000 = 1.101 | Init Dist = 12.806 | Init Dist 10 = 12.806 | Init Dist 100 = 12.806 | Init Dist 1000 = 12.806 | Learner Steps = 24836 | Learner Walltime = 4891.860 | Min Dist = 0.058 | Min Dist 10 = 0.141 | Min Dist 100 = 0.420 | Min Dist 1000 = 0.418 | Steps Per Second = 85.218 | Success = 1.000 | Success 1000 = 0.960
I0502 16:27:49.508825 139579566835264 terminal.py:91] [Evaluator] Actor Episodes = 31999 | Actor Steps = 1599950 | Delta Dist = 11.441 | Delta Dist 10 = 11.924 | Delta Dist 100 = 11.705 | Delta Dist 1000 = 11.705 | Episode Length = 50 | Episode Return = 11.0 | Evaluator Episodes = 8111 | Evaluator Steps = 405550 | Final Dist = 1.366 | Final Dist 10 = 0.882 | Final Dist 100 = 1.101 | Final Dist 1000 = 1.101 | Init Dist = 12.806 | Init Dist 10 = 12.806 | Init Dist 100 = 12.806 | Init Dist 1000 = 12.806 | Learner Steps = 24843 | Learner Walltime = 4892.923 | Min Dist = 0.055 | Min Dist 10 = 0.138 | Min Dist 100 = 0.415 | Min Dist 1000 = 0.417 | Steps Per Second = 89.190 | Success = 1.000 | Success 1000 = 0.960
I0502 16:27:50.773361 139579566835264 terminal.py:91] [Evaluator] Actor Episodes = 32007 | Actor Steps = 1600350 | Delta Dist = 11.737 | Delta Dist 10 = 11.805 | Delta Dist 100 = 11.696 | Delta Dist 1000 = 11.705 | Episode Length = 50 | Episode Return = 22.0 | Evaluator Episodes = 8113 | Evaluator Steps = 405650 | Final Dist = 1.069 | Final Dist 10 = 1.001 | Final Dist 100 = 1.111 | Final Dist 1000 = 1.101 | Init Dist = 12.806 | Init Dist 10 = 12.806 | Init Dist 100 = 12.806 | Init Dist 1000 = 12.806 | Learner Steps = 24848 | Learner Walltime = 4894.050 | Min Dist = 0.144 | Min Dist 10 = 0.171 | Min Dist 100 = 0.415 | Min Dist 1000 = 0.417 | Steps Per Second = 80.189 | Success = 1.000 | Success 1000 = 0.960
I0502 16:27:52.004552 139579566835264 terminal.py:91] [Evaluator] Actor Episodes = 32015 | Actor Steps = 1600750 | Delta Dist = 11.398 | Delta Dist 10 = 11.669 | Delta Dist 100 = 11.694 | Delta Dist 1000 = 11.704 | Episode Length = 50 | Episode Return = 22.0 | Evaluator Episodes = 8115 | Evaluator Steps = 405750 | Final Dist = 1.408 | Final Dist 10 = 1.137 | Final Dist 100 = 1.112 | Final Dist 1000 = 1.102 | Init Dist = 12.806 | Init Dist 10 = 12.806 | Init Dist 100 = 12.806 | Init Dist 1000 = 12.806 | Learner Steps = 24854 | Learner Walltime = 4895.275 | Min Dist = 0.115 | Min Dist 10 = 0.185 | Min Dist 100 = 0.411 | Min Dist 1000 = 0.418 | Steps Per Second = 80.593 | Success = 1.000 | Success 1000 = 0.960
I0502 16:27:53.147030 139558059398720 terminal.py:91] [Actor] Actor Episodes = 32023 | Actor Steps = 1601150 | Delta Dist = 4.788 | Delta Dist 10 = 3.539 | Delta Dist 100 = 4.295 | Delta Dist 1000 = 4.316 | Episode Length = 50 | Episode Return = 28.0 | Evaluator Episodes = 8115 | Evaluator Steps = 405750 | Final Dist = 1.043 | Final Dist 10 = 1.854 | Final Dist 100 = 1.339 | Final Dist 1000 = 1.460 | Init Dist = 5.831 | Init Dist 10 = 5.393 | Init Dist 100 = 5.633 | Init Dist 1000 = 5.776 | Learner Steps = 24860 | Learner Walltime = 4896.277 | Min Dist = 0.036 | Min Dist 10 = 0.067 | Min Dist 100 = 0.146 | Min Dist 1000 = 0.135 | Steps Per Second = 75.269 | Success = 1.000 | Success 1000 = 0.996
I0502 16:27:53.220834 139579566835264 terminal.py:91] [Evaluator] Actor Episodes = 32023 | Actor Steps = 1601150 | Delta Dist = 8.879 | Delta Dist 10 = 11.662 | Delta Dist 100 = 11.695 | Delta Dist 1000 = 11.711 | Episode Length = 50 | Episode Return = 0.0 | Evaluator Episodes = 8117 | Evaluator Steps = 405850 | Final Dist = 3.927 | Final Dist 10 = 1.144 | Final Dist 100 = 1.111 | Final Dist 1000 = 1.096 | Init Dist = 12.806 | Init Dist 10 = 12.806 | Init Dist 100 = 12.806 | Init Dist 1000 = 12.806 | Learner Steps = 24860 | Learner Walltime = 4896.277 | Min Dist = 3.927 | Min Dist 10 = 0.136 | Min Dist 100 = 0.411 | Min Dist 1000 = 0.412 | Steps Per Second = 76.116 | Success = 0.000 | Success 1000 = 0.961
I0502 16:27:53.572875 139555013154368 terminal.py:91] [Learner] Actor Episodes = 32023 | Actor Loss = 3.615393877029419 | Actor Steps = 1601150 | Binary Accuracy = 0.9960761070251465 | Categorical Accuracy = 0.42138671875 | Critic Loss = 1.8051493167877197 | Entropy Mean = -21.41079330444336 | Evaluator Episodes = 8117 | Evaluator Steps = 405850 | Learner Steps = 24867 | Learner Walltime = 4897.769 | Logits Neg = -16.879802703857422 | Logits Pos = -1.8123528957366943 | Logsumexp = 1.0326794385910034 | Steps Per Second = 1123.452
I0502 16:27:53.983911 139584504182336 lp_utils.py:96] StepsLimiter: Reached 1601350 recorded steps
I0502 16:27:54.237288 139569349502528 terminal.py:91] [Actor] Actor Episodes = 32029 | Actor Steps = 1601450 | Delta Dist = 5.940 | Delta Dist 10 = 4.068 | Delta Dist 100 = 4.347 | Delta Dist 1000 = 4.322 | Episode Length = 50 | Episode Return = 39.0 | Evaluator Episodes = 8117 | Evaluator Steps = 405850 | Final Dist = 0.060 | Final Dist 10 = 0.749 | Final Dist 100 = 1.274 | Final Dist 1000 = 1.458 | Init Dist = 6.000 | Init Dist 10 = 4.817 | Init Dist 100 = 5.621 | Init Dist 1000 = 5.779 | Learner Steps = 24865 | Learner Walltime = 4897.453 | Min Dist = 0.060 | Min Dist 10 = 0.056 | Min Dist 100 = 0.141 | Min Dist 1000 = 0.135 | Steps Per Second = 76.853 | Success = 1.000 | Success 1000 = 0.996
I0502 16:27:54.547142 139579566835264 terminal.py:91] [Evaluator] Actor Episodes = 32031 | Actor Steps = 1601550 | Delta Dist = 11.280 | Delta Dist 10 = 11.393 | Delta Dist 100 = 11.679 | Delta Dist 1000 = 11.708 | Episode Length = 50 | Episode Return = 14.0 | Evaluator Episodes = 8119 | Evaluator Steps = 405950 | Final Dist = 1.526 | Final Dist 10 = 1.413 | Final Dist 100 = 1.127 | Final Dist 1000 = 1.098 | Init Dist = 12.806 | Init Dist 10 = 12.806 | Init Dist 100 = 12.806 | Init Dist 1000 = 12.806 | Learner Steps = 24865 | Learner Walltime = 4897.453 | Min Dist = 0.403 | Min Dist 10 = 0.506 | Min Dist 100 = 0.444 | Min Dist 1000 = 0.416 | Steps Per Second = 77.848 | Success = 1.000 | Success 1000 = 0.960
I0502 16:27:55.192056 139555860620864 terminal.py:91] [Actor] Actor Episodes = 32034 | Actor Steps = 1601700 | Delta Dist = 4.018 | Delta Dist 10 = 4.481 | Delta Dist 100 = 4.393 | Delta Dist 1000 = 4.321 | Episode Length = 50 | Episode Return = 0.0 | Evaluator Episodes = 8119 | Evaluator Steps = 405950 | Final Dist = 1.081 | Final Dist 10 = 0.839 | Final Dist 100 = 1.253 | Final Dist 1000 = 1.453 | Init Dist = 5.099 | Init Dist 10 = 5.320 | Init Dist 100 = 5.646 | Init Dist 1000 = 5.773 | Learner Steps = 24865 | Learner Walltime = 4897.453 | Min Dist = 1.081 | Min Dist 10 = 0.057 | Min Dist 100 = 0.129 | Min Dist 1000 = 0.135 | Steps Per Second = 88.359 | Success = 0.000 | Success 1000 = 0.996
I0502 16:27:55.890583 139579566835264 terminal.py:91] [Evaluator] Actor Episodes = 32039 | Actor Steps = 1601950 | Delta Dist = 12.605 | Delta Dist 10 = 11.423 | Delta Dist 100 = 11.674 | Delta Dist 1000 = 11.707 | Episode Length = 50 | Episode Return = 8.0 | Evaluator Episodes = 8121 | Evaluator Steps = 406050 | Final Dist = 0.202 | Final Dist 10 = 1.383 | Final Dist 100 = 1.132 | Final Dist 1000 = 1.099 | Init Dist = 12.806 | Init Dist 10 = 12.806 | Init Dist 100 = 12.806 | Init Dist 1000 = 12.806 | Learner Steps = 24872 | Learner Walltime = 4898.918 | Min Dist = 0.068 | Min Dist 10 = 0.589 | Min Dist 100 = 0.450 | Min Dist 1000 = 0.416 | Steps Per Second = 74.209 | Success = 1.000 | Success 1000 = 0.960
I0502 16:27:56.756602 139557462840896 terminal.py:91] [Actor] Actor Episodes = 32044 | Actor Steps = 1602200 | Delta Dist = 6.516 | Delta Dist 10 = 4.933 | Delta Dist 100 = 4.339 | Delta Dist 1000 = 4.324 | Episode Length = 50 | Episode Return = 8.0 | Evaluator Episodes = 8121 | Evaluator Steps = 406050 | Final Dist = 0.192 | Final Dist 10 = 1.432 | Final Dist 100 = 1.291 | Final Dist 1000 = 1.456 | Init Dist = 6.708 | Init Dist 10 = 6.365 | Init Dist 100 = 5.630 | Init Dist 1000 = 5.779 | Learner Steps = 24872 | Learner Walltime = 4898.918 | Min Dist = 0.065 | Min Dist 10 = 0.098 | Min Dist 100 = 0.125 | Min Dist 1000 = 0.135 | Steps Per Second = 74.179 | Success = 1.000 | Success 1000 = 0.996
I0502 16:27:57.080990 139579566835264 terminal.py:91] [Evaluator] Actor Episodes = 32045 | Actor Steps = 1602250 | Delta Dist = 11.429 | Delta Dist 10 = 11.570 | Delta Dist 100 = 11.678 | Delta Dist 1000 = 11.708 | Episode Length = 50 | Episode Return = 4.0 | Evaluator Episodes = 8123 | Evaluator Steps = 406150 | Final Dist = 1.377 | Final Dist 10 = 1.237 | Final Dist 100 = 1.128 | Final Dist 1000 = 1.098 | Init Dist = 12.806 | Init Dist 10 = 12.806 | Init Dist 100 = 12.806 | Init Dist 1000 = 12.806 | Learner Steps = 24879 | Learner Walltime = 4900.389 | Min Dist = 0.447 | Min Dist 10 = 0.576 | Min Dist 100 = 0.452 | Min Dist 1000 = 0.416 | Steps Per Second = 90.831 | Success = 1.000 | Success 1000 = 0.960
I0502 16:27:58.294852 139579566835264 terminal.py:91] [Evaluator] Actor Episodes = 32053 | Actor Steps = 1602650 | Delta Dist = 11.853 | Delta Dist 10 = 11.543 | Delta Dist 100 = 11.677 | Delta Dist 1000 = 11.708 | Episode Length = 50 | Episode Return = 18.0 | Evaluator Episodes = 8125 | Evaluator Steps = 406250 | Final Dist = 0.953 | Final Dist 10 = 1.263 | Final Dist 100 = 1.130 | Final Dist 1000 = 1.098 | Init Dist = 12.806 | Init Dist 10 = 12.806 | Init Dist 100 = 12.806 | Init Dist 1000 = 12.806 | Learner Steps = 24886 | Learner Walltime = 4901.811 | Min Dist = 0.170 | Min Dist 10 = 0.613 | Min Dist 100 = 0.456 | Min Dist 1000 = 0.417 | Steps Per Second = 84.937 | Success = 1.000 | Success 1000 = 0.960
I0502 16:27:59.496834 139579566835264 terminal.py:91] [Evaluator] Actor Episodes = 32061 | Actor Steps = 1603050 | Delta Dist = 11.047 | Delta Dist 10 = 11.479 | Delta Dist 100 = 11.676 | Delta Dist 1000 = 11.707 | Episode Length = 50 | Episode Return = 13.0 | Evaluator Episodes = 8127 | Evaluator Steps = 406350 | Final Dist = 1.760 | Final Dist 10 = 1.327 | Final Dist 100 = 1.131 | Final Dist 1000 = 1.099 | Init Dist = 12.806 | Init Dist 10 = 12.806 | Init Dist 100 = 12.806 | Init Dist 1000 = 12.806 | Learner Steps = 24891 | Learner Walltime = 4902.828 | Min Dist = 0.268 | Min Dist 10 = 0.636 | Min Dist 100 = 0.457 | Min Dist 1000 = 0.417 | Steps Per Second = 90.699 | Success = 1.000 | Success 1000 = 0.960
I0502 16:28:00.755610 139579566835264 terminal.py:91] [Evaluator] Actor Episodes = 32069 | Actor Steps = 1603450 | Delta Dist = 11.925 | Delta Dist 10 = 11.645 | Delta Dist 100 = 11.662 | Delta Dist 1000 = 11.707 | Episode Length = 50 | Episode Return = 30.0 | Evaluator Episodes = 8129 | Evaluator Steps = 406450 | Final Dist = 0.881 | Final Dist 10 = 1.162 | Final Dist 100 = 1.144 | Final Dist 1000 = 1.100 | Init Dist = 12.806 | Init Dist 10 = 12.806 | Init Dist 100 = 12.806 | Init Dist 1000 = 12.806 | Learner Steps = 24897 | Learner Walltime = 4904.049 | Min Dist = 0.093 | Min Dist 10 = 0.276 | Min Dist 100 = 0.459 | Min Dist 1000 = 0.416 | Steps Per Second = 79.526 | Success = 1.000 | Success 1000 = 0.960
I0502 16:28:02.121302 139579566835264 terminal.py:91] [Evaluator] Actor Episodes = 32077 | Actor Steps = 1603850 | Delta Dist = 12.469 | Delta Dist 10 = 11.056 | Delta Dist 100 = 11.593 | Delta Dist 1000 = 11.700 | Episode Length = 50 | Episode Return = 7.0 | Evaluator Episodes = 8131 | Evaluator Steps = 406550 | Final Dist = 0.337 | Final Dist 10 = 1.750 | Final Dist 100 = 1.213 | Final Dist 1000 = 1.106 | Init Dist = 12.806 | Init Dist 10 = 12.806 | Init Dist 100 = 12.806 | Init Dist 1000 = 12.806 | Learner Steps = 24904 | Learner Walltime = 4905.477 | Min Dist = 0.290 | Min Dist 10 = 0.849 | Min Dist 100 = 0.523 | Min Dist 1000 = 0.423 | Steps Per Second = 72.571 | Success = 1.000 | Success 1000 = 0.959
I0502 16:28:03.367022 139579566835264 terminal.py:91] [Evaluator] Actor Episodes = 32085 | Actor Steps = 1604250 | Delta Dist = 11.306 | Delta Dist 10 = 11.107 | Delta Dist 100 = 11.600 | Delta Dist 1000 = 11.701 | Episode Length = 50 | Episode Return = 18.0 | Evaluator Episodes = 8133 | Evaluator Steps = 406650 | Final Dist = 1.500 | Final Dist 10 = 1.699 | Final Dist 100 = 1.207 | Final Dist 1000 = 1.106 | Init Dist = 12.806 | Init Dist 10 = 12.806 | Init Dist 100 = 12.806 | Init Dist 1000 = 12.806 | Learner Steps = 24909 | Learner Walltime = 4906.720 | Min Dist = 0.175 | Min Dist 10 = 0.862 | Min Dist 100 = 0.525 | Min Dist 1000 = 0.423 | Steps Per Second = 85.175 | Success = 1.000 | Success 1000 = 0.959
I0502 16:28:03.598956 139558059398720 terminal.py:91] [Actor] Actor Episodes = 32087 | Actor Steps = 1604350 | Delta Dist = 7.395 | Delta Dist 10 = 4.016 | Delta Dist 100 = 4.238 | Delta Dist 1000 = 4.367 | Episode Length = 50 | Episode Return = 30.0 | Evaluator Episodes = 8133 | Evaluator Steps = 406650 | Final Dist = 0.415 | Final Dist 10 = 1.838 | Final Dist 100 = 1.282 | Final Dist 1000 = 1.440 | Init Dist = 7.810 | Init Dist 10 = 5.853 | Init Dist 100 = 5.520 | Init Dist 1000 = 5.807 | Learner Steps = 24909 | Learner Walltime = 4906.720 | Min Dist = 0.007 | Min Dist 10 = 1.536 | Min Dist 100 = 0.226 | Min Dist 1000 = 0.147 | Steps Per Second = 97.509 | Success = 1.000 | Success 1000 = 0.996
I0502 16:28:03.873221 139555013154368 terminal.py:91] [Learner] Actor Episodes = 32091 | Actor Loss = 3.751481771469116 | Actor Steps = 1604550 | Binary Accuracy = 0.9960901737213135 | Categorical Accuracy = 0.41961669921875 | Critic Loss = 1.8299822807312012 | Entropy Mean = -21.642337799072266 | Evaluator Episodes = 8133 | Evaluator Steps = 406650 | Learner Steps = 24917 | Learner Walltime = 4908.069 | Logits Neg = -17.125774383544922 | Logits Pos = -1.8404651880264282 | Logsumexp = 1.2275934219360352 | Steps Per Second = 143.871
I0502 16:28:04.006782 139584504182336 lp_utils.py:96] StepsLimiter: Reached 1604550 recorded steps
I0502 16:28:04.373594 139569349502528 terminal.py:91] [Actor] Actor Episodes = 32093 | Actor Steps = 1604650 | Delta Dist = 7.692 | Delta Dist 10 = 4.663 | Delta Dist 100 = 4.223 | Delta Dist 1000 = 4.382 | Episode Length = 50 | Episode Return = 17.0 | Evaluator Episodes = 8133 | Evaluator Steps = 406650 | Final Dist = 1.308 | Final Dist 10 = 2.625 | Final Dist 100 = 1.381 | Final Dist 1000 = 1.440 | Init Dist = 9.000 | Init Dist 10 = 7.288 | Init Dist 100 = 5.604 | Init Dist 1000 = 5.822 | Learner Steps = 24917 | Learner Walltime = 4908.069 | Min Dist = 0.078 | Min Dist 10 = 1.383 | Min Dist 100 = 0.226 | Min Dist 1000 = 0.147 | Steps Per Second = 78.849 | Success = 1.000 | Success 1000 = 0.996
I0502 16:28:04.642512 139579566835264 terminal.py:91] [Evaluator] Actor Episodes = 32093 | Actor Steps = 1604650 | Delta Dist = 11.437 | Delta Dist 10 = 11.165 | Delta Dist 100 = 11.672 | Delta Dist 1000 = 11.699 | Episode Length = 50 | Episode Return = 1.0 | Evaluator Episodes = 8135 | Evaluator Steps = 406750 | Final Dist = 1.369 | Final Dist 10 = 1.641 | Final Dist 100 = 1.134 | Final Dist 1000 = 1.107 | Init Dist = 12.806 | Init Dist 10 = 12.806 | Init Dist 100 = 12.806 | Init Dist 1000 = 12.806 | Learner Steps = 24917 | Learner Walltime = 4908.069 | Min Dist = 0.305 | Min Dist 10 = 0.818 | Min Dist 100 = 0.459 | Min Dist 1000 = 0.423 | Steps Per Second = 82.834 | Success = 1.000 | Success 1000 = 0.959
I0502 16:28:05.615057 139555860620864 terminal.py:91] [Actor] Actor Episodes = 32098 | Actor Steps = 1604900 | Delta Dist = 8.710 | Delta Dist 10 = 4.685 | Delta Dist 100 = 4.168 | Delta Dist 1000 = 4.371 | Episode Length = 50 | Episode Return = 34.0 | Evaluator Episodes = 8135 | Evaluator Steps = 406750 | Final Dist = 0.345 | Final Dist 10 = 2.751 | Final Dist 100 = 1.574 | Final Dist 1000 = 1.455 | Init Dist = 9.055 | Init Dist 10 = 7.437 | Init Dist 100 = 5.741 | Init Dist 1000 = 5.826 | Learner Steps = 24917 | Learner Walltime = 4908.069 | Min Dist = 0.092 | Min Dist 10 = 0.118 | Min Dist 100 = 0.231 | Min Dist 1000 = 0.143 | Steps Per Second = 76.206 | Success = 1.000 | Success 1000 = 0.996
I0502 16:28:05.854524 139579566835264 terminal.py:91] [Evaluator] Actor Episodes = 32101 | Actor Steps = 1605050 | Delta Dist = 11.732 | Delta Dist 10 = 11.137 | Delta Dist 100 = 11.663 | Delta Dist 1000 = 11.698 | Episode Length = 50 | Episode Return = 21.0 | Evaluator Episodes = 8137 | Evaluator Steps = 406850 | Final Dist = 1.074 | Final Dist 10 = 1.669 | Final Dist 100 = 1.144 | Final Dist 1000 = 1.108 | Init Dist = 12.806 | Init Dist 10 = 12.806 | Init Dist 100 = 12.806 | Init Dist 1000 = 12.806 | Learner Steps = 24922 | Learner Walltime = 4909.169 | Min Dist = 0.117 | Min Dist 10 = 0.821 | Min Dist 100 = 0.461 | Min Dist 1000 = 0.423 | Steps Per Second = 82.026 | Success = 1.000 | Success 1000 = 0.959
I0502 16:28:06.975859 139584635659840 savers.py:156] Saving checkpoint: logs/contrastive_cpc_point_FourRooms_64/5dd72662-2788-11f0-b183-d85ed38c5779/checkpoints/counter
I0502 16:28:07.109365 139557462840896 terminal.py:91] [Actor] Actor Episodes = 32108 | Actor Steps = 1605400 | Delta Dist = 3.123 | Delta Dist 10 = 5.116 | Delta Dist 100 = 4.271 | Delta Dist 1000 = 4.385 | Episode Length = 50 | Episode Return = 36.0 | Evaluator Episodes = 8137 | Evaluator Steps = 406850 | Final Dist = 1.000 | Final Dist 10 = 2.112 | Final Dist 100 = 1.694 | Final Dist 1000 = 1.466 | Init Dist = 4.123 | Init Dist 10 = 7.228 | Init Dist 100 = 5.965 | Init Dist 1000 = 5.851 | Learner Steps = 24928 | Learner Walltime = 4910.419 | Min Dist = 0.041 | Min Dist 10 = 0.258 | Min Dist 100 = 0.253 | Min Dist 1000 = 0.144 | Steps Per Second = 74.469 | Success = 1.000 | Success 1000 = 0.995
I0502 16:28:07.153437 139579566835264 terminal.py:91] [Evaluator] Actor Episodes = 32109 | Actor Steps = 1605450 | Delta Dist = 11.383 | Delta Dist 10 = 11.171 | Delta Dist 100 = 11.655 | Delta Dist 1000 = 11.698 | Episode Length = 50 | Episode Return = 9.0 | Evaluator Episodes = 8139 | Evaluator Steps = 406950 | Final Dist = 1.423 | Final Dist 10 = 1.635 | Final Dist 100 = 1.151 | Final Dist 1000 = 1.109 | Init Dist = 12.806 | Init Dist 10 = 12.806 | Init Dist 100 = 12.806 | Init Dist 1000 = 12.806 | Learner Steps = 24928 | Learner Walltime = 4910.419 | Min Dist = 0.246 | Min Dist 10 = 0.803 | Min Dist 100 = 0.458 | Min Dist 1000 = 0.423 | Steps Per Second = 76.567 | Success = 1.000 | Success 1000 = 0.959
I0502 16:28:08.474191 139579566835264 terminal.py:91] [Evaluator] Actor Episodes = 32117 | Actor Steps = 1605850 | Delta Dist = 12.070 | Delta Dist 10 = 11.752 | Delta Dist 100 = 11.639 | Delta Dist 1000 = 11.697 | Episode Length = 50 | Episode Return = 16.0 | Evaluator Episodes = 8141 | Evaluator Steps = 407050 | Final Dist = 0.736 | Final Dist 10 = 1.054 | Final Dist 100 = 1.167 | Final Dist 1000 = 1.110 | Init Dist = 12.806 | Init Dist 10 = 12.806 | Init Dist 100 = 12.806 | Init Dist 1000 = 12.806 | Learner Steps = 24939 | Learner Walltime = 4912.460 | Min Dist = 0.089 | Min Dist 10 = 0.172 | Min Dist 100 = 0.461 | Min Dist 1000 = 0.423 | Steps Per Second = 79.275 | Success = 1.000 | Success 1000 = 0.959
I0502 16:28:09.627926 139579566835264 terminal.py:91] [Evaluator] Actor Episodes = 32125 | Actor Steps = 1606250 | Delta Dist = 12.569 | Delta Dist 10 = 11.652 | Delta Dist 100 = 11.645 | Delta Dist 1000 = 11.696 | Episode Length = 50 | Episode Return = 20.0 | Evaluator Episodes = 8143 | Evaluator Steps = 407150 | Final Dist = 0.237 | Final Dist 10 = 1.154 | Final Dist 100 = 1.162 | Final Dist 1000 = 1.110 | Init Dist = 12.806 | Init Dist 10 = 12.806 | Init Dist 100 = 12.806 | Init Dist 1000 = 12.806 | Learner Steps = 24943 | Learner Walltime = 4913.482 | Min Dist = 0.149 | Min Dist 10 = 0.167 | Min Dist 100 = 0.460 | Min Dist 1000 = 0.423 | Steps Per Second = 81.172 | Success = 1.000 | Success 1000 = 0.959
I0502 16:28:10.908404 139579566835264 terminal.py:91] [Evaluator] Actor Episodes = 32133 | Actor Steps = 1606650 | Delta Dist = 12.225 | Delta Dist 10 = 11.663 | Delta Dist 100 = 11.696 | Delta Dist 1000 = 11.697 | Episode Length = 50 | Episode Return = 19.0 | Evaluator Episodes = 8145 | Evaluator Steps = 407250 | Final Dist = 0.581 | Final Dist 10 = 1.143 | Final Dist 100 = 1.111 | Final Dist 1000 = 1.109 | Init Dist = 12.806 | Init Dist 10 = 12.806 | Init Dist 100 = 12.806 | Init Dist 1000 = 12.806 | Learner Steps = 24949 | Learner Walltime = 4914.500 | Min Dist = 0.187 | Min Dist 10 = 0.174 | Min Dist 100 = 0.407 | Min Dist 1000 = 0.423 | Steps Per Second = 75.816 | Success = 1.000 | Success 1000 = 0.959
I0502 16:28:12.164273 139579566835264 terminal.py:91] [Evaluator] Actor Episodes = 32141 | Actor Steps = 1607050 | Delta Dist = 12.595 | Delta Dist 10 = 11.789 | Delta Dist 100 = 11.702 | Delta Dist 1000 = 11.698 | Episode Length = 50 | Episode Return = 33.0 | Evaluator Episodes = 8147 | Evaluator Steps = 407350 | Final Dist = 0.211 | Final Dist 10 = 1.017 | Final Dist 100 = 1.105 | Final Dist 1000 = 1.109 | Init Dist = 12.806 | Init Dist 10 = 12.806 | Init Dist 100 = 12.806 | Init Dist 1000 = 12.806 | Learner Steps = 24954 | Learner Walltime = 4915.559 | Min Dist = 0.084 | Min Dist 10 = 0.167 | Min Dist 100 = 0.400 | Min Dist 1000 = 0.423 | Steps Per Second = 79.056 | Success = 1.000 | Success 1000 = 0.959
I0502 16:28:13.140689 139583350109760 savers.py:156] Saving checkpoint: logs/contrastive_cpc_point_FourRooms_64/5dd72662-2788-11f0-b183-d85ed38c5779/checkpoints/learner
I0502 16:28:13.463237 139579566835264 terminal.py:91] [Evaluator] Actor Episodes = 32149 | Actor Steps = 1607450 | Delta Dist = 11.780 | Delta Dist 10 = 11.996 | Delta Dist 100 = 11.713 | Delta Dist 1000 = 11.698 | Episode Length = 50 | Episode Return = 28.0 | Evaluator Episodes = 8149 | Evaluator Steps = 407450 | Final Dist = 1.027 | Final Dist 10 = 0.811 | Final Dist 100 = 1.093 | Final Dist 1000 = 1.108 | Init Dist = 12.806 | Init Dist 10 = 12.806 | Init Dist 100 = 12.806 | Init Dist 1000 = 12.806 | Learner Steps = 24964 | Learner Walltime = 4917.648 | Min Dist = 0.070 | Min Dist 10 = 0.167 | Min Dist 100 = 0.394 | Min Dist 1000 = 0.423 | Steps Per Second = 74.003 | Success = 1.000 | Success 1000 = 0.959
I0502 16:28:13.789165 139558059398720 terminal.py:91] [Actor] Actor Episodes = 32153 | Actor Steps = 1607650 | Delta Dist = 4.269 | Delta Dist 10 = 5.281 | Delta Dist 100 = 4.593 | Delta Dist 1000 = 4.345 | Episode Length = 50 | Episode Return = 40.0 | Evaluator Episodes = 8149 | Evaluator Steps = 407450 | Final Dist = 0.731 | Final Dist 10 = 0.867 | Final Dist 100 = 1.621 | Final Dist 1000 = 1.452 | Init Dist = 5.000 | Init Dist 10 = 6.148 | Init Dist 100 = 6.215 | Init Dist 1000 = 5.797 | Learner Steps = 24964 | Learner Walltime = 4917.648 | Min Dist = 0.261 | Min Dist 10 = 0.078 | Min Dist 100 = 0.331 | Min Dist 1000 = 0.152 | Steps Per Second = 77.196 | Success = 1.000 | Success 1000 = 0.995
I0502 16:28:13.875670 139555013154368 terminal.py:91] [Learner] Actor Episodes = 32149 | Actor Loss = 3.6777868270874023 | Actor Steps = 1607450 | Binary Accuracy = 0.9960441589355469 | Categorical Accuracy = 0.43048095703125 | Critic Loss = 1.7866321802139282 | Entropy Mean = -20.591388702392578 | Evaluator Episodes = 8147 | Evaluator Steps = 407350 | Learner Steps = 24967 | Learner Walltime = 4918.071 | Logits Neg = -17.014190673828125 | Logits Pos = -1.785545825958252 | Logsumexp = 1.1922558546066284 | Steps Per Second = 1172.212
I0502 16:28:14.026892 139584504182336 lp_utils.py:96] StepsLimiter: Reached 1607750 recorded steps
I0502 16:28:14.505605 139569349502528 terminal.py:91] [Actor] Actor Episodes = 32157 | Actor Steps = 1607850 | Delta Dist = 3.007 | Delta Dist 10 = 4.185 | Delta Dist 100 = 4.487 | Delta Dist 1000 = 4.329 | Episode Length = 50 | Episode Return = 43.0 | Evaluator Episodes = 8149 | Evaluator Steps = 407450 | Final Dist = 0.156 | Final Dist 10 = 1.142 | Final Dist 100 = 1.590 | Final Dist 1000 = 1.458 | Init Dist = 3.162 | Init Dist 10 = 5.327 | Init Dist 100 = 6.078 | Init Dist 1000 = 5.787 | Learner Steps = 24969 | Learner Walltime = 4918.671 | Min Dist = 0.156 | Min Dist 10 = 0.088 | Min Dist 100 = 0.334 | Min Dist 1000 = 0.152 | Steps Per Second = 62.893 | Success = 1.000 | Success 1000 = 0.995
I0502 16:28:14.864042 139579566835264 terminal.py:91] [Evaluator] Actor Episodes = 32157 | Actor Steps = 1607850 | Delta Dist = 11.438 | Delta Dist 10 = 12.122 | Delta Dist 100 = 11.715 | Delta Dist 1000 = 11.699 | Episode Length = 50 | Episode Return = 2.0 | Evaluator Episodes = 8151 | Evaluator Steps = 407550 | Final Dist = 1.368 | Final Dist 10 = 0.684 | Final Dist 100 = 1.091 | Final Dist 1000 = 1.108 | Init Dist = 12.806 | Init Dist 10 = 12.806 | Init Dist 100 = 12.806 | Init Dist 1000 = 12.806 | Learner Steps = 24969 | Learner Walltime = 4918.671 | Min Dist = 0.732 | Min Dist 10 = 0.146 | Min Dist 100 = 0.389 | Min Dist 1000 = 0.422 | Steps Per Second = 77.194 | Success = 1.000 | Success 1000 = 0.959
I0502 16:28:16.139285 139579566835264 terminal.py:91] [Evaluator] Actor Episodes = 32165 | Actor Steps = 1608250 | Delta Dist = 12.426 | Delta Dist 10 = 12.118 | Delta Dist 100 = 11.798 | Delta Dist 1000 = 11.698 | Episode Length = 50 | Episode Return = 24.0 | Evaluator Episodes = 8153 | Evaluator Steps = 407650 | Final Dist = 0.380 | Final Dist 10 = 0.688 | Final Dist 100 = 1.009 | Final Dist 1000 = 1.108 | Init Dist = 12.806 | Init Dist 10 = 12.806 | Init Dist 100 = 12.806 | Init Dist 1000 = 12.806 | Learner Steps = 24975 | Learner Walltime = 4919.922 | Min Dist = 0.149 | Min Dist 10 = 0.200 | Min Dist 100 = 0.309 | Min Dist 1000 = 0.423 | Steps Per Second = 76.249 | Success = 1.000 | Success 1000 = 0.959
I0502 16:28:16.276154 139555860620864 terminal.py:91] [Actor] Actor Episodes = 32167 | Actor Steps = 1608350 | Delta Dist = 7.556 | Delta Dist 10 = 4.089 | Delta Dist 100 = 4.313 | Delta Dist 1000 = 4.317 | Episode Length = 50 | Episode Return = 32.0 | Evaluator Episodes = 8153 | Evaluator Steps = 407650 | Final Dist = 0.060 | Final Dist 10 = 1.227 | Final Dist 100 = 1.674 | Final Dist 1000 = 1.452 | Init Dist = 7.616 | Init Dist 10 = 5.316 | Init Dist 100 = 5.987 | Init Dist 1000 = 5.769 | Learner Steps = 24975 | Learner Walltime = 4919.922 | Min Dist = 0.030 | Min Dist 10 = 0.117 | Min Dist 100 = 0.336 | Min Dist 1000 = 0.153 | Steps Per Second = 73.541 | Success = 1.000 | Success 1000 = 0.995
I0502 16:28:17.177872 139557462840896 terminal.py:91] [Actor] Actor Episodes = 32172 | Actor Steps = 1608600 | Delta Dist = 1.040 | Delta Dist 10 = 6.008 | Delta Dist 100 = 4.476 | Delta Dist 1000 = 4.335 | Episode Length = 50 | Episode Return = 33.0 | Evaluator Episodes = 8153 | Evaluator Steps = 407650 | Final Dist = 0.960 | Final Dist 10 = 1.380 | Final Dist 100 = 1.742 | Final Dist 1000 = 1.459 | Init Dist = 2.000 | Init Dist 10 = 7.388 | Init Dist 100 = 6.219 | Init Dist 1000 = 5.794 | Learner Steps = 24975 | Learner Walltime = 4919.922 | Min Dist = 0.053 | Min Dist 10 = 0.887 | Min Dist 100 = 0.413 | Min Dist 1000 = 0.161 | Steps Per Second = 91.615 | Success = 1.000 | Success 1000 = 0.995
I0502 16:28:17.330366 139579566835264 terminal.py:91] [Evaluator] Actor Episodes = 32173 | Actor Steps = 1608650 | Delta Dist = 11.763 | Delta Dist 10 = 12.148 | Delta Dist 100 = 11.796 | Delta Dist 1000 = 11.698 | Episode Length = 50 | Episode Return = 14.0 | Evaluator Episodes = 8155 | Evaluator Steps = 407750 | Final Dist = 1.043 | Final Dist 10 = 0.659 | Final Dist 100 = 1.011 | Final Dist 1000 = 1.108 | Init Dist = 12.806 | Init Dist 10 = 12.806 | Init Dist 100 = 12.806 | Init Dist 1000 = 12.806 | Learner Steps = 24980 | Learner Walltime = 4920.929 | Min Dist = 0.126 | Min Dist 10 = 0.201 | Min Dist 100 = 0.303 | Min Dist 1000 = 0.423 | Steps Per Second = 85.232 | Success = 1.000 | Success 1000 = 0.959
I0502 16:28:18.613469 139579566835264 terminal.py:91] [Evaluator] Actor Episodes = 32181 | Actor Steps = 1609050 | Delta Dist = 11.766 | Delta Dist 10 = 12.122 | Delta Dist 100 = 11.796 | Delta Dist 1000 = 11.699 | Episode Length = 50 | Episode Return = 21.0 | Evaluator Episodes = 8157 | Evaluator Steps = 407850 | Final Dist = 1.040 | Final Dist 10 = 0.684 | Final Dist 100 = 1.010 | Final Dist 1000 = 1.107 | Init Dist = 12.806 | Init Dist 10 = 12.806 | Init Dist 100 = 12.806 | Init Dist 1000 = 12.806 | Learner Steps = 24986 | Learner Walltime = 4921.983 | Min Dist = 0.081 | Min Dist 10 = 0.212 | Min Dist 100 = 0.307 | Min Dist 1000 = 0.423 | Steps Per Second = 73.635 | Success = 1.000 | Success 1000 = 0.959
I0502 16:28:19.782437 139579566835264 terminal.py:91] [Evaluator] Actor Episodes = 32189 | Actor Steps = 1609450 | Delta Dist = 11.852 | Delta Dist 10 = 11.947 | Delta Dist 100 = 11.788 | Delta Dist 1000 = 11.700 | Episode Length = 50 | Episode Return = 10.0 | Evaluator Episodes = 8159 | Evaluator Steps = 407950 | Final Dist = 0.955 | Final Dist 10 = 0.860 | Final Dist 100 = 1.018 | Final Dist 1000 = 1.106 | Init Dist = 12.806 | Init Dist 10 = 12.806 | Init Dist 100 = 12.806 | Init Dist 1000 = 12.806 | Learner Steps = 24990 | Learner Walltime = 4923.078 | Min Dist = 0.324 | Min Dist 10 = 0.200 | Min Dist 100 = 0.304 | Min Dist 1000 = 0.422 | Steps Per Second = 83.321 | Success = 1.000 | Success 1000 = 0.959
I0502 16:28:21.114848 139579566835264 terminal.py:91] [Evaluator] Actor Episodes = 32197 | Actor Steps = 1609850 | Delta Dist = 12.196 | Delta Dist 10 = 11.960 | Delta Dist 100 = 11.789 | Delta Dist 1000 = 11.701 | Episode Length = 50 | Episode Return = 23.0 | Evaluator Episodes = 8161 | Evaluator Steps = 408050 | Final Dist = 0.610 | Final Dist 10 = 0.846 | Final Dist 100 = 1.017 | Final Dist 1000 = 1.105 | Init Dist = 12.806 | Init Dist 10 = 12.806 | Init Dist 100 = 12.806 | Init Dist 1000 = 12.806 | Learner Steps = 24997 | Learner Walltime = 4924.439 | Min Dist = 0.478 | Min Dist 10 = 0.229 | Min Dist 100 = 0.306 | Min Dist 1000 = 0.422 | Steps Per Second = 73.198 | Success = 1.000 | Success 1000 = 0.959
I0502 16:28:22.354918 139579566835264 terminal.py:91] [Evaluator] Actor Episodes = 32205 | Actor Steps = 1610250 | Delta Dist = 12.521 | Delta Dist 10 = 12.068 | Delta Dist 100 = 11.804 | Delta Dist 1000 = 11.702 | Episode Length = 50 | Episode Return = 18.0 | Evaluator Episodes = 8163 | Evaluator Steps = 408150 | Final Dist = 0.285 | Final Dist 10 = 0.738 | Final Dist 100 = 1.002 | Final Dist 1000 = 1.104 | Init Dist = 12.806 | Init Dist 10 = 12.806 | Init Dist 100 = 12.806 | Init Dist 1000 = 12.806 | Learner Steps = 25004 | Learner Walltime = 4925.758 | Min Dist = 0.155 | Min Dist 10 = 0.193 | Min Dist 100 = 0.306 | Min Dist 1000 = 0.423 | Steps Per Second = 85.404 | Success = 1.000 | Success 1000 = 0.959
I0502 16:28:23.464684 139579566835264 terminal.py:91] [Evaluator] Actor Episodes = 32213 | Actor Steps = 1610650 | Delta Dist = 11.871 | Delta Dist 10 = 12.110 | Delta Dist 100 = 11.816 | Delta Dist 1000 = 11.701 | Episode Length = 50 | Episode Return = 14.0 | Evaluator Episodes = 8165 | Evaluator Steps = 408250 | Final Dist = 0.935 | Final Dist 10 = 0.696 | Final Dist 100 = 0.991 | Final Dist 1000 = 1.105 | Init Dist = 12.806 | Init Dist 10 = 12.806 | Init Dist 100 = 12.806 | Init Dist 1000 = 12.806 | Learner Steps = 25010 | Learner Walltime = 4927.039 | Min Dist = 0.935 | Min Dist 10 = 0.202 | Min Dist 100 = 0.304 | Min Dist 1000 = 0.423 | Steps Per Second = 102.590 | Success = 1.000 | Success 1000 = 0.959
I0502 16:28:23.897748 139555013154368 terminal.py:91] [Learner] Actor Episodes = 32215 | Actor Loss = 3.669039726257324 | Actor Steps = 1610750 | Binary Accuracy = 0.9960248470306396 | Categorical Accuracy = 0.41644287109375 | Critic Loss = 1.8823155164718628 | Entropy Mean = -20.073265075683594 | Evaluator Episodes = 8165 | Evaluator Steps = 408250 | Learner Steps = 25015 | Learner Walltime = 4928.089 | Logits Neg = -16.69675064086914 | Logits Pos = -1.8614392280578613 | Logsumexp = 1.2403981685638428 | Steps Per Second = 139.877
I0502 16:28:24.046710 139584504182336 lp_utils.py:96] StepsLimiter: Reached 1610750 recorded steps
I0502 16:28:24.088517 139558059398720 terminal.py:91] [Actor] Actor Episodes = 32217 | Actor Steps = 1610850 | Delta Dist = 4.507 | Delta Dist 10 = 3.099 | Delta Dist 100 = 4.327 | Delta Dist 1000 = 4.288 | Episode Length = 50 | Episode Return = 25.0 | Evaluator Episodes = 8165 | Evaluator Steps = 408250 | Final Dist = 1.324 | Final Dist 10 = 1.192 | Final Dist 100 = 1.349 | Final Dist 1000 = 1.479 | Init Dist = 5.831 | Init Dist 10 = 4.291 | Init Dist 100 = 5.676 | Init Dist 1000 = 5.767 | Learner Steps = 25015 | Learner Walltime = 4928.089 | Min Dist = 0.063 | Min Dist 10 = 0.575 | Min Dist 100 = 0.253 | Min Dist 1000 = 0.170 | Steps Per Second = 84.737 | Success = 1.000 | Success 1000 = 0.993
I0502 16:28:24.665159 139579566835264 terminal.py:91] [Evaluator] Actor Episodes = 32221 | Actor Steps = 1611050 | Delta Dist = 12.143 | Delta Dist 10 = 12.131 | Delta Dist 100 = 11.830 | Delta Dist 1000 = 11.701 | Episode Length = 50 | Episode Return = 19.0 | Evaluator Episodes = 8167 | Evaluator Steps = 408350 | Final Dist = 0.663 | Final Dist 10 = 0.675 | Final Dist 100 = 0.977 | Final Dist 1000 = 1.105 | Init Dist = 12.806 | Init Dist 10 = 12.806 | Init Dist 100 = 12.806 | Init Dist 1000 = 12.806 | Learner Steps = 25015 | Learner Walltime = 4928.089 | Min Dist = 0.181 | Min Dist 10 = 0.259 | Min Dist 100 = 0.306 | Min Dist 1000 = 0.424 | Steps Per Second = 82.790 | Success = 1.000 | Success 1000 = 0.959
I0502 16:28:25.078981 139569349502528 terminal.py:91] [Actor] Actor Episodes = 32222 | Actor Steps = 1611100 | Delta Dist = 2.426 | Delta Dist 10 = 4.209 | Delta Dist 100 = 4.361 | Delta Dist 1000 = 4.283 | Episode Length = 50 | Episode Return = 12.0 | Evaluator Episodes = 8165 | Evaluator Steps = 408250 | Final Dist = 1.180 | Final Dist 10 = 0.922 | Final Dist 100 = 1.314 | Final Dist 1000 = 1.476 | Init Dist = 3.606 | Init Dist 10 = 5.131 | Init Dist 100 = 5.676 | Init Dist 1000 = 5.759 | Learner Steps = 25015 | Learner Walltime = 4928.089 | Min Dist = 0.040 | Min Dist 10 = 0.572 | Min Dist 100 = 0.254 | Min Dist 1000 = 0.170 | Steps Per Second = 74.386 | Success = 1.000 | Success 1000 = 0.993
I0502 16:28:25.872801 139579566835264 terminal.py:91] [Evaluator] Actor Episodes = 32229 | Actor Steps = 1611450 | Delta Dist = 11.556 | Delta Dist 10 = 12.233 | Delta Dist 100 = 11.832 | Delta Dist 1000 = 11.702 | Episode Length = 50 | Episode Return = 9.0 | Evaluator Episodes = 8169 | Evaluator Steps = 408450 | Final Dist = 1.250 | Final Dist 10 = 0.573 | Final Dist 100 = 0.975 | Final Dist 1000 = 1.104 | Init Dist = 12.806 | Init Dist 10 = 12.806 | Init Dist 100 = 12.806 | Init Dist 1000 = 12.806 | Learner Steps = 25021 | Learner Walltime = 4929.092 | Min Dist = 0.235 | Min Dist 10 = 0.270 | Min Dist 100 = 0.306 | Min Dist 1000 = 0.423 | Steps Per Second = 82.284 | Success = 1.000 | Success 1000 = 0.959
I0502 16:28:26.868142 139555860620864 terminal.py:91] [Actor] Actor Episodes = 32232 | Actor Steps = 1611600 | Delta Dist = 5.043 | Delta Dist 10 = 6.333 | Delta Dist 100 = 4.545 | Delta Dist 1000 = 4.284 | Episode Length = 50 | Episode Return = 38.0 | Evaluator Episodes = 8169 | Evaluator Steps = 408450 | Final Dist = 0.056 | Final Dist 10 = 0.836 | Final Dist 100 = 1.254 | Final Dist 1000 = 1.477 | Init Dist = 5.099 | Init Dist 10 = 7.169 | Init Dist 100 = 5.799 | Init Dist 1000 = 5.761 | Learner Steps = 25027 | Learner Walltime = 4930.229 | Min Dist = 0.026 | Min Dist 10 = 0.117 | Min Dist 100 = 0.254 | Min Dist 1000 = 0.171 | Steps Per Second = 81.357 | Success = 1.000 | Success 1000 = 0.993
I0502 16:28:27.027094 139579566835264 terminal.py:91] [Evaluator] Actor Episodes = 32237 | Actor Steps = 1611850 | Delta Dist = 11.740 | Delta Dist 10 = 12.132 | Delta Dist 100 = 11.835 | Delta Dist 1000 = 11.702 | Episode Length = 50 | Episode Return = 3.0 | Evaluator Episodes = 8171 | Evaluator Steps = 408550 | Final Dist = 1.066 | Final Dist 10 = 0.675 | Final Dist 100 = 0.972 | Final Dist 1000 = 1.105 | Init Dist = 12.806 | Init Dist 10 = 12.806 | Init Dist 100 = 12.806 | Init Dist 1000 = 12.806 | Learner Steps = 25027 | Learner Walltime = 4930.229 | Min Dist = 0.278 | Min Dist 10 = 0.254 | Min Dist 100 = 0.306 | Min Dist 1000 = 0.423 | Steps Per Second = 85.407 | Success = 1.000 | Success 1000 = 0.959
I0502 16:28:27.683436 139557462840896 terminal.py:91] [Actor] Actor Episodes = 32241 | Actor Steps = 1612050 | Delta Dist = 3.246 | Delta Dist 10 = 5.974 | Delta Dist 100 = 4.634 | Delta Dist 1000 = 4.276 | Episode Length = 50 | Episode Return = 30.0 | Evaluator Episodes = 8171 | Evaluator Steps = 408550 | Final Dist = 0.359 | Final Dist 10 = 2.002 | Final Dist 100 = 1.355 | Final Dist 1000 = 1.490 | Init Dist = 3.606 | Init Dist 10 = 7.976 | Init Dist 100 = 5.988 | Init Dist 1000 = 5.766 | Learner Steps = 25032 | Learner Walltime = 4931.246 | Min Dist = 0.015 | Min Dist 10 = 0.104 | Min Dist 100 = 0.252 | Min Dist 1000 = 0.171 | Steps Per Second = 83.472 | Success = 1.000 | Success 1000 = 0.993
I0502 16:28:28.227671 139579566835264 terminal.py:91] [Evaluator] Actor Episodes = 32245 | Actor Steps = 1612250 | Delta Dist = 11.856 | Delta Dist 10 = 12.012 | Delta Dist 100 = 11.837 | Delta Dist 1000 = 11.701 | Episode Length = 50 | Episode Return = 30.0 | Evaluator Episodes = 8173 | Evaluator Steps = 408650 | Final Dist = 0.951 | Final Dist 10 = 0.794 | Final Dist 100 = 0.969 | Final Dist 1000 = 1.105 | Init Dist = 12.806 | Init Dist 10 = 12.806 | Init Dist 100 = 12.806 | Init Dist 1000 = 12.806 | Learner Steps = 25037 | Learner Walltime = 4932.401 | Min Dist = 0.493 | Min Dist 10 = 0.247 | Min Dist 100 = 0.307 | Min Dist 1000 = 0.423 | Steps Per Second = 84.245 | Success = 1.000 | Success 1000 = 0.959
I0502 16:28:29.449615 139579566835264 terminal.py:91] [Evaluator] Actor Episodes = 32253 | Actor Steps = 1612650 | Delta Dist = 11.707 | Delta Dist 10 = 11.914 | Delta Dist 100 = 11.842 | Delta Dist 1000 = 11.701 | Episode Length = 50 | Episode Return = 18.0 | Evaluator Episodes = 8175 | Evaluator Steps = 408750 | Final Dist = 1.100 | Final Dist 10 = 0.892 | Final Dist 100 = 0.965 | Final Dist 1000 = 1.106 | Init Dist = 12.806 | Init Dist 10 = 12.806 | Init Dist 100 = 12.806 | Init Dist 1000 = 12.806 | Learner Steps = 25044 | Learner Walltime = 4933.553 | Min Dist = 0.270 | Min Dist 10 = 0.312 | Min Dist 100 = 0.313 | Min Dist 1000 = 0.423 | Steps Per Second = 88.240 | Success = 1.000 | Success 1000 = 0.959
I0502 16:28:30.582838 139579566835264 terminal.py:91] [Evaluator] Actor Episodes = 32261 | Actor Steps = 1613050 | Delta Dist = 12.077 | Delta Dist 10 = 11.819 | Delta Dist 100 = 11.833 | Delta Dist 1000 = 11.700 | Episode Length = 50 | Episode Return = 19.0 | Evaluator Episodes = 8177 | Evaluator Steps = 408850 | Final Dist = 0.729 | Final Dist 10 = 0.987 | Final Dist 100 = 0.974 | Final Dist 1000 = 1.106 | Init Dist = 12.806 | Init Dist 10 = 12.806 | Init Dist 100 = 12.806 | Init Dist 1000 = 12.806 | Learner Steps = 25044 | Learner Walltime = 4933.553 | Min Dist = 0.245 | Min Dist 10 = 0.237 | Min Dist 100 = 0.313 | Min Dist 1000 = 0.423 | Steps Per Second = 84.927 | Success = 1.000 | Success 1000 = 0.959
I0502 16:28:31.761582 139579566835264 terminal.py:91] [Evaluator] Actor Episodes = 32269 | Actor Steps = 1613450 | Delta Dist = 12.052 | Delta Dist 10 = 11.760 | Delta Dist 100 = 11.833 | Delta Dist 1000 = 11.701 | Episode Length = 50 | Episode Return = 25.0 | Evaluator Episodes = 8179 | Evaluator Steps = 408950 | Final Dist = 0.755 | Final Dist 10 = 1.046 | Final Dist 100 = 0.973 | Final Dist 1000 = 1.105 | Init Dist = 12.806 | Init Dist 10 = 12.806 | Init Dist 100 = 12.806 | Init Dist 1000 = 12.806 | Learner Steps = 25051 | Learner Walltime = 4934.927 | Min Dist = 0.049 | Min Dist 10 = 0.258 | Min Dist 100 = 0.308 | Min Dist 1000 = 0.423 | Steps Per Second = 86.081 | Success = 1.000 | Success 1000 = 0.959
I0502 16:28:32.943994 139579566835264 terminal.py:91] [Evaluator] Actor Episodes = 32277 | Actor Steps = 1613850 | Delta Dist = 11.843 | Delta Dist 10 = 11.782 | Delta Dist 100 = 11.839 | Delta Dist 1000 = 11.700 | Episode Length = 50 | Episode Return = 14.0 | Evaluator Episodes = 8181 | Evaluator Steps = 409050 | Final Dist = 0.963 | Final Dist 10 = 1.024 | Final Dist 100 = 0.967 | Final Dist 1000 = 1.106 | Init Dist = 12.806 | Init Dist 10 = 12.806 | Init Dist 100 = 12.806 | Init Dist 1000 = 12.806 | Learner Steps = 25057 | Learner Walltime = 4936.022 | Min Dist = 0.169 | Min Dist 10 = 0.295 | Min Dist 100 = 0.310 | Min Dist 1000 = 0.424 | Steps Per Second = 83.871 | Success = 1.000 | Success 1000 = 0.959
I0502 16:28:34.029316 139555013154368 terminal.py:91] [Learner] Actor Episodes = 32277 | Actor Loss = 3.6671628952026367 | Actor Steps = 1613850 | Binary Accuracy = 0.9960629940032959 | Categorical Accuracy = 0.4139404296875 | Critic Loss = 1.8055789470672607 | Entropy Mean = -21.04897689819336 | Evaluator Episodes = 8181 | Evaluator Steps = 409050 | Learner Steps = 25068 | Learner Walltime = 4938.226 | Logits Neg = -17.118619918823242 | Logits Pos = -1.800168514251709 | Logsumexp = 1.0838234424591064 | Steps Per Second = 262.519
I0502 16:28:34.067669 139584504182336 lp_utils.py:96] StepsLimiter: Reached 1614150 recorded steps
I0502 16:28:34.156989 139579566835264 terminal.py:91] [Evaluator] Actor Episodes = 32283 | Actor Steps = 1614150 | Delta Dist = 11.545 | Delta Dist 10 = 11.845 | Delta Dist 100 = 11.836 | Delta Dist 1000 = 11.700 | Episode Length = 50 | Episode Return = 21.0 | Evaluator Episodes = 8183 | Evaluator Steps = 409150 | Final Dist = 1.262 | Final Dist 10 = 0.961 | Final Dist 100 = 0.970 | Final Dist 1000 = 1.106 | Init Dist = 12.806 | Init Dist 10 = 12.806 | Init Dist 100 = 12.806 | Init Dist 1000 = 12.806 | Learner Steps = 25063 | Learner Walltime = 4937.252 | Min Dist = 0.141 | Min Dist 10 = 0.271 | Min Dist 100 = 0.310 | Min Dist 1000 = 0.423 | Steps Per Second = 80.180 | Success = 1.000 | Success 1000 = 0.959
I0502 16:28:34.438255 139558059398720 terminal.py:91] [Actor] Actor Episodes = 32282 | Actor Steps = 1614100 | Delta Dist = 1.465 | Delta Dist 10 = 4.456 | Delta Dist 100 = 4.618 | Delta Dist 1000 = 4.262 | Episode Length = 50 | Episode Return = 31.0 | Evaluator Episodes = 8181 | Evaluator Steps = 409050 | Final Dist = 0.535 | Final Dist 10 = 0.811 | Final Dist 100 = 1.474 | Final Dist 1000 = 1.505 | Init Dist = 2.000 | Init Dist 10 = 5.266 | Init Dist 100 = 6.092 | Init Dist 1000 = 5.766 | Learner Steps = 25063 | Learner Walltime = 4937.252 | Min Dist = 0.032 | Min Dist 10 = 0.060 | Min Dist 100 = 0.156 | Min Dist 1000 = 0.162 | Steps Per Second = 83.593 | Success = 1.000 | Success 1000 = 0.993
I0502 16:28:35.383000 139579566835264 terminal.py:91] [Evaluator] Actor Episodes = 32291 | Actor Steps = 1614550 | Delta Dist = 12.513 | Delta Dist 10 = 11.801 | Delta Dist 100 = 11.837 | Delta Dist 1000 = 11.700 | Episode Length = 50 | Episode Return = 8.0 | Evaluator Episodes = 8185 | Evaluator Steps = 409250 | Final Dist = 0.294 | Final Dist 10 = 1.005 | Final Dist 100 = 0.970 | Final Dist 1000 = 1.107 | Init Dist = 12.806 | Init Dist 10 = 12.806 | Init Dist 100 = 12.806 | Init Dist 1000 = 12.806 | Learner Steps = 25069 | Learner Walltime = 4938.475 | Min Dist = 0.238 | Min Dist 10 = 0.203 | Min Dist 100 = 0.301 | Min Dist 1000 = 0.423 | Steps Per Second = 76.951 | Success = 1.000 | Success 1000 = 0.959
I0502 16:28:35.390858 139569349502528 terminal.py:91] [Actor] Actor Episodes = 32293 | Actor Steps = 1614650 | Delta Dist = 7.530 | Delta Dist 10 = 3.751 | Delta Dist 100 = 4.614 | Delta Dist 1000 = 4.256 | Episode Length = 50 | Episode Return = 13.0 | Evaluator Episodes = 8185 | Evaluator Steps = 409250 | Final Dist = 0.532 | Final Dist 10 = 0.698 | Final Dist 100 = 1.332 | Final Dist 1000 = 1.501 | Init Dist = 8.062 | Init Dist 10 = 4.449 | Init Dist 100 = 5.945 | Init Dist 1000 = 5.758 | Learner Steps = 25069 | Learner Walltime = 4938.475 | Min Dist = 0.062 | Min Dist 10 = 0.048 | Min Dist 100 = 0.154 | Min Dist 1000 = 0.162 | Steps Per Second = 79.124 | Success = 1.000 | Success 1000 = 0.993
I0502 16:28:36.641708 139579566835264 terminal.py:91] [Evaluator] Actor Episodes = 32299 | Actor Steps = 1614950 | Delta Dist = 11.448 | Delta Dist 10 = 11.865 | Delta Dist 100 = 11.839 | Delta Dist 1000 = 11.700 | Episode Length = 50 | Episode Return = 1.0 | Evaluator Episodes = 8187 | Evaluator Steps = 409350 | Final Dist = 1.358 | Final Dist 10 = 0.941 | Final Dist 100 = 0.967 | Final Dist 1000 = 1.106 | Init Dist = 12.806 | Init Dist 10 = 12.806 | Init Dist 100 = 12.806 | Init Dist 1000 = 12.806 | Learner Steps = 25076 | Learner Walltime = 4939.930 | Min Dist = 0.875 | Min Dist 10 = 0.276 | Min Dist 100 = 0.309 | Min Dist 1000 = 0.424 | Steps Per Second = 91.858 | Success = 1.000 | Success 1000 = 0.959
I0502 16:28:37.442067 139555860620864 terminal.py:91] [Actor] Actor Episodes = 32303 | Actor Steps = 1615150 | Delta Dist = 6.097 | Delta Dist 10 = 5.146 | Delta Dist 100 = 4.658 | Delta Dist 1000 = 4.274 | Episode Length = 50 | Episode Return = 36.0 | Evaluator Episodes = 8187 | Evaluator Steps = 409350 | Final Dist = 0.611 | Final Dist 10 = 2.339 | Final Dist 100 = 1.404 | Final Dist 1000 = 1.501 | Init Dist = 6.708 | Init Dist 10 = 7.484 | Init Dist 100 = 6.062 | Init Dist 1000 = 5.775 | Learner Steps = 25081 | Learner Walltime = 4941.042 | Min Dist = 0.125 | Min Dist 10 = 0.054 | Min Dist 100 = 0.141 | Min Dist 1000 = 0.162 | Steps Per Second = 78.851 | Success = 1.000 | Success 1000 = 0.993
I0502 16:28:37.746804 139579566835264 terminal.py:91] [Evaluator] Actor Episodes = 32307 | Actor Steps = 1615350 | Delta Dist = 11.496 | Delta Dist 10 = 11.766 | Delta Dist 100 = 11.822 | Delta Dist 1000 = 11.699 | Episode Length = 50 | Episode Return = 14.0 | Evaluator Episodes = 8189 | Evaluator Steps = 409450 | Final Dist = 1.310 | Final Dist 10 = 1.040 | Final Dist 100 = 0.984 | Final Dist 1000 = 1.107 | Init Dist = 12.806 | Init Dist 10 = 12.806 | Init Dist 100 = 12.806 | Init Dist 1000 = 12.806 | Learner Steps = 25081 | Learner Walltime = 4941.042 | Min Dist = 0.173 | Min Dist 10 = 0.375 | Min Dist 100 = 0.314 | Min Dist 1000 = 0.425 | Steps Per Second = 87.888 | Success = 1.000 | Success 1000 = 0.959
I0502 16:28:38.219297 139557462840896 terminal.py:91] [Actor] Actor Episodes = 32308 | Actor Steps = 1615400 | Delta Dist = 4.769 | Delta Dist 10 = 3.999 | Delta Dist 100 = 4.595 | Delta Dist 1000 = 4.269 | Episode Length = 50 | Episode Return = 44.0 | Evaluator Episodes = 8187 | Evaluator Steps = 409350 | Final Dist = 0.231 | Final Dist 10 = 2.451 | Final Dist 100 = 1.468 | Final Dist 1000 = 1.503 | Init Dist = 5.000 | Init Dist 10 = 6.451 | Init Dist 100 = 6.063 | Init Dist 1000 = 5.772 | Learner Steps = 25081 | Learner Walltime = 4941.042 | Min Dist = 0.103 | Min Dist 10 = 0.922 | Min Dist 100 = 0.213 | Min Dist 1000 = 0.171 | Steps Per Second = 79.453 | Success = 1.000 | Success 1000 = 0.993
I0502 16:28:38.941604 139579566835264 terminal.py:91] [Evaluator] Actor Episodes = 32315 | Actor Steps = 1615750 | Delta Dist = 11.486 | Delta Dist 10 = 11.692 | Delta Dist 100 = 11.810 | Delta Dist 1000 = 11.698 | Episode Length = 50 | Episode Return = 1.0 | Evaluator Episodes = 8191 | Evaluator Steps = 409550 | Final Dist = 1.321 | Final Dist 10 = 1.114 | Final Dist 100 = 0.996 | Final Dist 1000 = 1.108 | Init Dist = 12.806 | Init Dist 10 = 12.806 | Init Dist 100 = 12.806 | Init Dist 1000 = 12.806 | Learner Steps = 25087 | Learner Walltime = 4942.260 | Min Dist = 0.573 | Min Dist 10 = 0.371 | Min Dist 100 = 0.317 | Min Dist 1000 = 0.425 | Steps Per Second = 89.380 | Success = 1.000 | Success 1000 = 0.959
I0502 16:28:40.194473 139579566835264 terminal.py:91] [Evaluator] Actor Episodes = 32321 | Actor Steps = 1616050 | Delta Dist = 11.423 | Delta Dist 10 = 11.552 | Delta Dist 100 = 11.802 | Delta Dist 1000 = 11.698 | Episode Length = 50 | Episode Return = 19.0 | Evaluator Episodes = 8193 | Evaluator Steps = 409650 | Final Dist = 1.383 | Final Dist 10 = 1.255 | Final Dist 100 = 1.004 | Final Dist 1000 = 1.109 | Init Dist = 12.806 | Init Dist 10 = 12.806 | Init Dist 100 = 12.806 | Init Dist 1000 = 12.806 | Learner Steps = 25099 | Learner Walltime = 4944.319 | Min Dist = 0.413 | Min Dist 10 = 0.477 | Min Dist 100 = 0.326 | Min Dist 1000 = 0.426 | Steps Per Second = 87.085 | Success = 1.000 | Success 1000 = 0.959
I0502 16:28:41.348397 139579566835264 terminal.py:91] [Evaluator] Actor Episodes = 32329 | Actor Steps = 1616450 | Delta Dist = 11.475 | Delta Dist 10 = 11.535 | Delta Dist 100 = 11.784 | Delta Dist 1000 = 11.697 | Episode Length = 50 | Episode Return = 4.0 | Evaluator Episodes = 8195 | Evaluator Steps = 409750 | Final Dist = 1.332 | Final Dist 10 = 1.271 | Final Dist 100 = 1.022 | Final Dist 1000 = 1.109 | Init Dist = 12.806 | Init Dist 10 = 12.806 | Init Dist 100 = 12.806 | Init Dist 1000 = 12.806 | Learner Steps = 25104 | Learner Walltime = 4945.466 | Min Dist = 0.237 | Min Dist 10 = 0.552 | Min Dist 100 = 0.335 | Min Dist 1000 = 0.427 | Steps Per Second = 86.703 | Success = 1.000 | Success 1000 = 0.959
I0502 16:28:42.649010 139579566835264 terminal.py:91] [Evaluator] Actor Episodes = 32337 | Actor Steps = 1616850 | Delta Dist = 11.860 | Delta Dist 10 = 11.551 | Delta Dist 100 = 11.775 | Delta Dist 1000 = 11.696 | Episode Length = 50 | Episode Return = 31.0 | Evaluator Episodes = 8197 | Evaluator Steps = 409850 | Final Dist = 0.946 | Final Dist 10 = 1.256 | Final Dist 100 = 1.031 | Final Dist 1000 = 1.110 | Init Dist = 12.806 | Init Dist 10 = 12.806 | Init Dist 100 = 12.806 | Init Dist 1000 = 12.806 | Learner Steps = 25109 | Learner Walltime = 4946.563 | Min Dist = 0.186 | Min Dist 10 = 0.496 | Min Dist 100 = 0.337 | Min Dist 1000 = 0.427 | Steps Per Second = 74.715 | Success = 1.000 | Success 1000 = 0.959
I0502 16:28:43.839725 139579566835264 terminal.py:91] [Evaluator] Actor Episodes = 32345 | Actor Steps = 1617250 | Delta Dist = 12.541 | Delta Dist 10 = 11.605 | Delta Dist 100 = 11.766 | Delta Dist 1000 = 11.695 | Episode Length = 50 | Episode Return = 17.0 | Evaluator Episodes = 8199 | Evaluator Steps = 409950 | Final Dist = 0.265 | Final Dist 10 = 1.201 | Final Dist 100 = 1.040 | Final Dist 1000 = 1.111 | Init Dist = 12.806 | Init Dist 10 = 12.806 | Init Dist 100 = 12.806 | Init Dist 1000 = 12.806 | Learner Steps = 25115 | Learner Walltime = 4947.822 | Min Dist = 0.044 | Min Dist 10 = 0.405 | Min Dist 100 = 0.340 | Min Dist 1000 = 0.427 | Steps Per Second = 79.975 | Success = 1.000 | Success 1000 = 0.959
I0502 16:28:44.086279 139584504182336 lp_utils.py:96] StepsLimiter: Reached 1617350 recorded steps
I0502 16:28:44.232569 139555013154368 terminal.py:91] [Learner] Actor Episodes = 32341 | Actor Loss = 3.6208860874176025 | Actor Steps = 1617050 | Binary Accuracy = 0.9959840774536133 | Categorical Accuracy = 0.408203125 | Critic Loss = 1.8465828895568848 | Entropy Mean = -21.57476806640625 | Evaluator Episodes = 8197 | Evaluator Steps = 409850 | Learner Steps = 25118 | Learner Walltime = 4948.424 | Logits Neg = -16.92345428466797 | Logits Pos = -1.824350118637085 | Logsumexp = 1.125697374343872 | Steps Per Second = 154.498
I0502 16:28:44.903414 139558059398720 terminal.py:91] [Actor] Actor Episodes = 32353 | Actor Steps = 1617650 | Delta Dist = 8.561 | Delta Dist 10 = 5.764 | Delta Dist 100 = 4.613 | Delta Dist 1000 = 4.275 | Episode Length = 50 | Episode Return = 42.0 | Evaluator Episodes = 8199 | Evaluator Steps = 409950 | Final Dist = 0.658 | Final Dist 10 = 0.517 | Final Dist 100 = 1.306 | Final Dist 1000 = 1.476 | Init Dist = 9.220 | Init Dist 10 = 6.281 | Init Dist 100 = 5.919 | Init Dist 1000 = 5.750 | Learner Steps = 25121 | Learner Walltime = 4948.906 | Min Dist = 0.049 | Min Dist 10 = 0.160 | Min Dist 100 = 0.190 | Min Dist 1000 = 0.172 | Steps Per Second = 81.008 | Success = 1.000 | Success 1000 = 0.992
I0502 16:28:45.082146 139579566835264 terminal.py:91] [Evaluator] Actor Episodes = 32353 | Actor Steps = 1617650 | Delta Dist = 12.219 | Delta Dist 10 = 11.727 | Delta Dist 100 = 11.757 | Delta Dist 1000 = 11.694 | Episode Length = 50 | Episode Return = 31.0 | Evaluator Episodes = 8201 | Evaluator Steps = 410050 | Final Dist = 0.587 | Final Dist 10 = 1.079 | Final Dist 100 = 1.049 | Final Dist 1000 = 1.112 | Init Dist = 12.806 | Init Dist 10 = 12.806 | Init Dist 100 = 12.806 | Init Dist 1000 = 12.806 | Learner Steps = 25121 | Learner Walltime = 4948.906 | Min Dist = 0.170 | Min Dist 10 = 0.372 | Min Dist 100 = 0.342 | Min Dist 1000 = 0.427 | Steps Per Second = 81.003 | Success = 1.000 | Success 1000 = 0.959
I0502 16:28:45.838643 139569349502528 terminal.py:91] [Actor] Actor Episodes = 32356 | Actor Steps = 1617800 | Delta Dist = 6.272 | Delta Dist 10 = 4.379 | Delta Dist 100 = 4.553 | Delta Dist 1000 = 4.265 | Episode Length = 50 | Episode Return = 0.0 | Evaluator Episodes = 8201 | Evaluator Steps = 410050 | Final Dist = 2.672 | Final Dist 10 = 1.157 | Final Dist 100 = 1.339 | Final Dist 1000 = 1.480 | Init Dist = 8.944 | Init Dist 10 = 5.536 | Init Dist 100 = 5.892 | Init Dist 1000 = 5.745 | Learner Steps = 25121 | Learner Walltime = 4948.906 | Min Dist = 0.109 | Min Dist 10 = 0.353 | Min Dist 100 = 0.214 | Min Dist 1000 = 0.174 | Steps Per Second = 78.748 | Success = 1.000 | Success 1000 = 0.992
I0502 16:28:46.356123 139579566835264 terminal.py:91] [Evaluator] Actor Episodes = 32361 | Actor Steps = 1618050 | Delta Dist = 11.535 | Delta Dist 10 = 11.869 | Delta Dist 100 = 11.760 | Delta Dist 1000 = 11.694 | Episode Length = 50 | Episode Return = 16.0 | Evaluator Episodes = 8203 | Evaluator Steps = 410150 | Final Dist = 1.271 | Final Dist 10 = 0.937 | Final Dist 100 = 1.047 | Final Dist 1000 = 1.112 | Init Dist = 12.806 | Init Dist 10 = 12.806 | Init Dist 100 = 12.806 | Init Dist 1000 = 12.806 | Learner Steps = 25127 | Learner Walltime = 4949.910 | Min Dist = 0.202 | Min Dist 10 = 0.284 | Min Dist 100 = 0.345 | Min Dist 1000 = 0.426 | Steps Per Second = 83.437 | Success = 1.000 | Success 1000 = 0.959
I0502 16:28:47.536715 139579566835264 terminal.py:91] [Evaluator] Actor Episodes = 32369 | Actor Steps = 1618450 | Delta Dist = 12.138 | Delta Dist 10 = 11.967 | Delta Dist 100 = 11.752 | Delta Dist 1000 = 11.694 | Episode Length = 50 | Episode Return = 26.0 | Evaluator Episodes = 8205 | Evaluator Steps = 410250 | Final Dist = 0.669 | Final Dist 10 = 0.839 | Final Dist 100 = 1.055 | Final Dist 1000 = 1.112 | Init Dist = 12.806 | Init Dist 10 = 12.806 | Init Dist 100 = 12.806 | Init Dist 1000 = 12.806 | Learner Steps = 25132 | Learner Walltime = 4951.025 | Min Dist = 0.215 | Min Dist 10 = 0.206 | Min Dist 100 = 0.346 | Min Dist 1000 = 0.426 | Steps Per Second = 83.591 | Success = 1.000 | Success 1000 = 0.959
I0502 16:28:48.018867 139555860620864 terminal.py:91] [Actor] Actor Episodes = 32370 | Actor Steps = 1618500 | Delta Dist = -0.997 | Delta Dist 10 = 5.378 | Delta Dist 100 = 4.629 | Delta Dist 1000 = 4.313 | Episode Length = 50 | Episode Return = 23.0 | Evaluator Episodes = 8203 | Evaluator Steps = 410150 | Final Dist = 0.997 | Final Dist 10 = 0.635 | Final Dist 100 = 1.160 | Final Dist 1000 = 1.432 | Init Dist = 0.000 | Init Dist 10 = 6.013 | Init Dist 100 = 5.789 | Init Dist 1000 = 5.746 | Learner Steps = 25132 | Learner Walltime = 4951.025 | Min Dist = 0.000 | Min Dist 10 = 0.079 | Min Dist 100 = 0.212 | Min Dist 1000 = 0.174 | Steps Per Second = 78.873 | Success = 1.000 | Success 1000 = 0.992
I0502 16:28:48.295938 139557462840896 terminal.py:91] [Actor] Actor Episodes = 32374 | Actor Steps = 1618700 | Delta Dist = 2.533 | Delta Dist 10 = 5.389 | Delta Dist 100 = 4.628 | Delta Dist 1000 = 4.310 | Episode Length = 50 | Episode Return = 50.0 | Evaluator Episodes = 8205 | Evaluator Steps = 410250 | Final Dist = 0.629 | Final Dist 10 = 0.530 | Final Dist 100 = 1.117 | Final Dist 1000 = 1.433 | Init Dist = 3.162 | Init Dist 10 = 5.919 | Init Dist 100 = 5.745 | Init Dist 1000 = 5.743 | Learner Steps = 25132 | Learner Walltime = 4951.025 | Min Dist = 0.135 | Min Dist 10 = 0.076 | Min Dist 100 = 0.211 | Min Dist 1000 = 0.174 | Steps Per Second = 77.283 | Success = 1.000 | Success 1000 = 0.992
I0502 16:28:48.729088 139579566835264 terminal.py:91] [Evaluator] Actor Episodes = 32377 | Actor Steps = 1618850 | Delta Dist = 12.647 | Delta Dist 10 = 11.957 | Delta Dist 100 = 11.751 | Delta Dist 1000 = 11.695 | Episode Length = 50 | Episode Return = 25.0 | Evaluator Episodes = 8207 | Evaluator Steps = 410350 | Final Dist = 0.160 | Final Dist 10 = 0.849 | Final Dist 100 = 1.055 | Final Dist 1000 = 1.111 | Init Dist = 12.806 | Init Dist 10 = 12.806 | Init Dist 100 = 12.806 | Init Dist 1000 = 12.806 | Learner Steps = 25138 | Learner Walltime = 4952.221 | Min Dist = 0.160 | Min Dist 10 = 0.211 | Min Dist 100 = 0.345 | Min Dist 1000 = 0.427 | Steps Per Second = 85.027 | Success = 1.000 | Success 1000 = 0.959
I0502 16:28:49.885362 139579566835264 terminal.py:91] [Evaluator] Actor Episodes = 32383 | Actor Steps = 1619150 | Delta Dist = 11.302 | Delta Dist 10 = 12.037 | Delta Dist 100 = 11.755 | Delta Dist 1000 = 11.696 | Episode Length = 50 | Episode Return = 28.0 | Evaluator Episodes = 8209 | Evaluator Steps = 410450 | Final Dist = 1.504 | Final Dist 10 = 0.769 | Final Dist 100 = 1.051 | Final Dist 1000 = 1.110 | Init Dist = 12.806 | Init Dist 10 = 12.806 | Init Dist 100 = 12.806 | Init Dist 1000 = 12.806 | Learner Steps = 25144 | Learner Walltime = 4953.260 | Min Dist = 0.245 | Min Dist 10 = 0.189 | Min Dist 100 = 0.345 | Min Dist 1000 = 0.426 | Steps Per Second = 92.527 | Success = 1.000 | Success 1000 = 0.959
I0502 16:28:51.079226 139579566835264 terminal.py:91] [Evaluator] Actor Episodes = 32392 | Actor Steps = 1619600 | Delta Dist = 6.121 | Delta Dist 10 = 11.991 | Delta Dist 100 = 11.764 | Delta Dist 1000 = 11.696 | Episode Length = 50 | Episode Return = 0.0 | Evaluator Episodes = 8211 | Evaluator Steps = 410550 | Final Dist = 6.685 | Final Dist 10 = 0.815 | Final Dist 100 = 1.042 | Final Dist 1000 = 1.110 | Init Dist = 12.806 | Init Dist 10 = 12.806 | Init Dist 100 = 12.806 | Init Dist 1000 = 12.806 | Learner Steps = 25149 | Learner Walltime = 4954.296 | Min Dist = 5.504 | Min Dist 10 = 0.190 | Min Dist 100 = 0.347 | Min Dist 1000 = 0.426 | Steps Per Second = 83.517 | Success = 0.000 | Success 1000 = 0.959
I0502 16:28:52.364197 139579566835264 terminal.py:91] [Evaluator] Actor Episodes = 32400 | Actor Steps = 1620000 | Delta Dist = 11.615 | Delta Dist 10 = 11.337 | Delta Dist 100 = 11.713 | Delta Dist 1000 = 11.690 | Episode Length = 50 | Episode Return = 14.0 | Evaluator Episodes = 8213 | Evaluator Steps = 410650 | Final Dist = 1.192 | Final Dist 10 = 1.469 | Final Dist 100 = 1.093 | Final Dist 1000 = 1.116 | Init Dist = 12.806 | Init Dist 10 = 12.806 | Init Dist 100 = 12.806 | Init Dist 1000 = 12.806 | Learner Steps = 25156 | Learner Walltime = 4955.563 | Min Dist = 0.189 | Min Dist 10 = 0.730 | Min Dist 100 = 0.401 | Min Dist 1000 = 0.431 | Steps Per Second = 75.795 | Success = 1.000 | Success 1000 = 0.958
I0502 16:28:53.562007 139579566835264 terminal.py:91] [Evaluator] Actor Episodes = 32408 | Actor Steps = 1620400 | Delta Dist = 11.218 | Delta Dist 10 = 11.356 | Delta Dist 100 = 11.720 | Delta Dist 1000 = 11.691 | Episode Length = 50 | Episode Return = 4.0 | Evaluator Episodes = 8215 | Evaluator Steps = 410750 | Final Dist = 1.588 | Final Dist 10 = 1.451 | Final Dist 100 = 1.086 | Final Dist 1000 = 1.115 | Init Dist = 12.806 | Init Dist 10 = 12.806 | Init Dist 100 = 12.806 | Init Dist 1000 = 12.806 | Learner Steps = 25161 | Learner Walltime = 4956.834 | Min Dist = 0.316 | Min Dist 10 = 0.720 | Min Dist 100 = 0.400 | Min Dist 1000 = 0.431 | Steps Per Second = 85.595 | Success = 1.000 | Success 1000 = 0.958
I0502 16:28:54.104284 139584504182336 lp_utils.py:96] StepsLimiter: Reached 1620700 recorded steps
I0502 16:28:54.542478 139555013154368 terminal.py:91] [Learner] Actor Episodes = 32412 | Actor Loss = 3.6285054683685303 | Actor Steps = 1620600 | Binary Accuracy = 0.995978832244873 | Categorical Accuracy = 0.4112548828125 | Critic Loss = 1.840348243713379 | Entropy Mean = -19.396137237548828 | Evaluator Episodes = 8215 | Evaluator Steps = 410750 | Learner Steps = 25171 | Learner Walltime = 4958.742 | Logits Neg = -17.02631378173828 | Logits Pos = -1.8268640041351318 | Logsumexp = 1.2365829944610596 | Steps Per Second = 186.469
I0502 16:28:54.787723 139579566835264 terminal.py:91] [Evaluator] Actor Episodes = 32416 | Actor Steps = 1620800 | Delta Dist = 11.485 | Delta Dist 10 = 10.575 | Delta Dist 100 = 11.643 | Delta Dist 1000 = 11.683 | Episode Length = 50 | Episode Return = 2.0 | Evaluator Episodes = 8217 | Evaluator Steps = 410850 | Final Dist = 1.321 | Final Dist 10 = 2.231 | Final Dist 100 = 1.164 | Final Dist 1000 = 1.123 | Init Dist = 12.806 | Init Dist 10 = 12.806 | Init Dist 100 = 12.806 | Init Dist 1000 = 12.806 | Learner Steps = 25168 | Learner Walltime = 4958.150 | Min Dist = 0.239 | Min Dist 10 = 1.462 | Min Dist 100 = 0.478 | Min Dist 1000 = 0.438 | Steps Per Second = 86.481 | Success = 1.000 | Success 1000 = 0.957
I0502 16:28:55.213369 139558059398720 terminal.py:91] [Actor] Actor Episodes = 32422 | Actor Steps = 1621100 | Delta Dist = 2.125 | Delta Dist 10 = 3.662 | Delta Dist 100 = 4.149 | Delta Dist 1000 = 4.262 | Episode Length = 50 | Episode Return = 0.0 | Evaluator Episodes = 8217 | Evaluator Steps = 410850 | Final Dist = 4.200 | Final Dist 10 = 3.227 | Final Dist 100 = 1.951 | Final Dist 1000 = 1.515 | Init Dist = 6.325 | Init Dist 10 = 6.889 | Init Dist 100 = 6.101 | Init Dist 1000 = 5.777 | Learner Steps = 25174 | Learner Walltime = 4959.336 | Min Dist = 0.052 | Min Dist 10 = 0.172 | Min Dist 100 = 0.162 | Min Dist 1000 = 0.176 | Steps Per Second = 82.639 | Success = 1.000 | Success 1000 = 0.991
I0502 16:28:56.026133 139579566835264 terminal.py:91] [Evaluator] Actor Episodes = 32424 | Actor Steps = 1621200 | Delta Dist = 11.550 | Delta Dist 10 = 10.515 | Delta Dist 100 = 11.667 | Delta Dist 1000 = 11.683 | Episode Length = 50 | Episode Return = 9.0 | Evaluator Episodes = 8219 | Evaluator Steps = 410950 | Final Dist = 1.257 | Final Dist 10 = 2.292 | Final Dist 100 = 1.139 | Final Dist 1000 = 1.124 | Init Dist = 12.806 | Init Dist 10 = 12.806 | Init Dist 100 = 12.806 | Init Dist 1000 = 12.806 | Learner Steps = 25174 | Learner Walltime = 4959.336 | Min Dist = 0.103 | Min Dist 10 = 1.483 | Min Dist 100 = 0.442 | Min Dist 1000 = 0.438 | Steps Per Second = 76.517 | Success = 1.000 | Success 1000 = 0.957
I0502 16:28:56.335200 139569349502528 terminal.py:91] [Actor] Actor Episodes = 32428 | Actor Steps = 1621400 | Delta Dist = 8.326 | Delta Dist 10 = 4.251 | Delta Dist 100 = 4.205 | Delta Dist 1000 = 4.256 | Episode Length = 50 | Episode Return = 20.0 | Evaluator Episodes = 8219 | Evaluator Steps = 410950 | Final Dist = 0.618 | Final Dist 10 = 1.801 | Final Dist 100 = 1.953 | Final Dist 1000 = 1.506 | Init Dist = 8.944 | Init Dist 10 = 6.052 | Init Dist 100 = 6.158 | Init Dist 1000 = 5.762 | Learner Steps = 25180 | Learner Walltime = 4960.368 | Min Dist = 0.168 | Min Dist 10 = 0.159 | Min Dist 100 = 0.164 | Min Dist 1000 = 0.177 | Steps Per Second = 79.411 | Success = 1.000 | Success 1000 = 0.991
I0502 16:28:57.237594 139579566835264 terminal.py:91] [Evaluator] Actor Episodes = 32430 | Actor Steps = 1621500 | Delta Dist = 11.856 | Delta Dist 10 = 10.457 | Delta Dist 100 = 11.667 | Delta Dist 1000 = 11.683 | Episode Length = 50 | Episode Return = 12.0 | Evaluator Episodes = 8221 | Evaluator Steps = 411050 | Final Dist = 0.950 | Final Dist 10 = 2.349 | Final Dist 100 = 1.139 | Final Dist 1000 = 1.123 | Init Dist = 12.806 | Init Dist 10 = 12.806 | Init Dist 100 = 12.806 | Init Dist 1000 = 12.806 | Learner Steps = 25180 | Learner Walltime = 4960.368 | Min Dist = 0.419 | Min Dist 10 = 1.472 | Min Dist 100 = 0.435 | Min Dist 1000 = 0.438 | Steps Per Second = 84.293 | Success = 1.000 | Success 1000 = 0.957
I0502 16:28:58.067600 139555860620864 terminal.py:91] [Actor] Actor Episodes = 32433 | Actor Steps = 1621650 | Delta Dist = 6.797 | Delta Dist 10 = 3.264 | Delta Dist 100 = 4.040 | Delta Dist 1000 = 4.242 | Episode Length = 50 | Episode Return = 12.0 | Evaluator Episodes = 8221 | Evaluator Steps = 411050 | Final Dist = 0.483 | Final Dist 10 = 3.026 | Final Dist 100 = 2.131 | Final Dist 1000 = 1.515 | Init Dist = 7.280 | Init Dist 10 = 6.290 | Init Dist 100 = 6.171 | Init Dist 1000 = 5.758 | Learner Steps = 25185 | Learner Walltime = 4961.475 | Min Dist = 0.009 | Min Dist 10 = 0.214 | Min Dist 100 = 0.153 | Min Dist 1000 = 0.178 | Steps Per Second = 64.132 | Success = 1.000 | Success 1000 = 0.990
I0502 16:28:58.504266 139579566835264 terminal.py:91] [Evaluator] Actor Episodes = 32438 | Actor Steps = 1621900 | Delta Dist = 12.578 | Delta Dist 10 = 11.004 | Delta Dist 100 = 11.656 | Delta Dist 1000 = 11.682 | Episode Length = 50 | Episode Return = 24.0 | Evaluator Episodes = 8223 | Evaluator Steps = 411150 | Final Dist = 0.228 | Final Dist 10 = 1.802 | Final Dist 100 = 1.150 | Final Dist 1000 = 1.125 | Init Dist = 12.806 | Init Dist 10 = 12.806 | Init Dist 100 = 12.806 | Init Dist 1000 = 12.806 | Learner Steps = 25190 | Learner Walltime = 4962.579 | Min Dist = 0.228 | Min Dist 10 = 0.990 | Min Dist 100 = 0.442 | Min Dist 1000 = 0.439 | Steps Per Second = 78.838 | Success = 1.000 | Success 1000 = 0.957
I0502 16:28:58.908460 139557462840896 terminal.py:91] [Actor] Actor Episodes = 32444 | Actor Steps = 1622200 | Delta Dist = 5.425 | Delta Dist 10 = 2.792 | Delta Dist 100 = 3.965 | Delta Dist 1000 = 4.245 | Episode Length = 50 | Episode Return = 29.0 | Evaluator Episodes = 8223 | Evaluator Steps = 411150 | Final Dist = 0.978 | Final Dist 10 = 1.933 | Final Dist 100 = 2.147 | Final Dist 1000 = 1.509 | Init Dist = 6.403 | Init Dist 10 = 4.725 | Init Dist 100 = 6.112 | Init Dist 1000 = 5.754 | Learner Steps = 25190 | Learner Walltime = 4962.579 | Min Dist = 0.022 | Min Dist 10 = 0.344 | Min Dist 100 = 0.171 | Min Dist 1000 = 0.180 | Steps Per Second = 78.686 | Success = 1.000 | Success 1000 = 0.990
I0502 16:28:59.691638 139579566835264 terminal.py:91] [Evaluator] Actor Episodes = 32446 | Actor Steps = 1622300 | Delta Dist = 12.272 | Delta Dist 10 = 10.999 | Delta Dist 100 = 11.666 | Delta Dist 1000 = 11.680 | Episode Length = 50 | Episode Return = 6.0 | Evaluator Episodes = 8225 | Evaluator Steps = 411250 | Final Dist = 0.534 | Final Dist 10 = 1.808 | Final Dist 100 = 1.140 | Final Dist 1000 = 1.126 | Init Dist = 12.806 | Init Dist 10 = 12.806 | Init Dist 100 = 12.806 | Init Dist 1000 = 12.806 | Learner Steps = 25195 | Learner Walltime = 4963.704 | Min Dist = 0.111 | Min Dist 10 = 1.000 | Min Dist 100 = 0.439 | Min Dist 1000 = 0.439 | Steps Per Second = 89.033 | Success = 1.000 | Success 1000 = 0.957
I0502 16:29:00.941174 139579566835264 terminal.py:91] [Evaluator] Actor Episodes = 32454 | Actor Steps = 1622700 | Delta Dist = 12.060 | Delta Dist 10 = 11.795 | Delta Dist 100 = 11.674 | Delta Dist 1000 = 11.681 | Episode Length = 50 | Episode Return = 16.0 | Evaluator Episodes = 8227 | Evaluator Steps = 411350 | Final Dist = 0.746 | Final Dist 10 = 1.012 | Final Dist 100 = 1.132 | Final Dist 1000 = 1.125 | Init Dist = 12.806 | Init Dist 10 = 12.806 | Init Dist 100 = 12.806 | Init Dist 1000 = 12.806 | Learner Steps = 25201 | Learner Walltime = 4965.013 | Min Dist = 0.219 | Min Dist 10 = 0.220 | Min Dist 100 = 0.436 | Min Dist 1000 = 0.438 | Steps Per Second = 80.506 | Success = 1.000 | Success 1000 = 0.957
I0502 16:29:02.239377 139579566835264 terminal.py:91] [Evaluator] Actor Episodes = 32462 | Actor Steps = 1623100 | Delta Dist = 11.848 | Delta Dist 10 = 11.808 | Delta Dist 100 = 11.684 | Delta Dist 1000 = 11.682 | Episode Length = 50 | Episode Return = 20.0 | Evaluator Episodes = 8229 | Evaluator Steps = 411450 | Final Dist = 0.958 | Final Dist 10 = 0.998 | Final Dist 100 = 1.123 | Final Dist 1000 = 1.124 | Init Dist = 12.806 | Init Dist 10 = 12.806 | Init Dist 100 = 12.806 | Init Dist 1000 = 12.806 | Learner Steps = 25208 | Learner Walltime = 4966.344 | Min Dist = 0.117 | Min Dist 10 = 0.196 | Min Dist 100 = 0.435 | Min Dist 1000 = 0.438 | Steps Per Second = 70.711 | Success = 1.000 | Success 1000 = 0.957
I0502 16:29:03.445215 139579566835264 terminal.py:91] [Evaluator] Actor Episodes = 32470 | Actor Steps = 1623500 | Delta Dist = 11.613 | Delta Dist 10 = 11.915 | Delta Dist 100 = 11.753 | Delta Dist 1000 = 11.689 | Episode Length = 50 | Episode Return = 26.0 | Evaluator Episodes = 8231 | Evaluator Steps = 411550 | Final Dist = 1.194 | Final Dist 10 = 0.891 | Final Dist 100 = 1.053 | Final Dist 1000 = 1.118 | Init Dist = 12.806 | Init Dist 10 = 12.806 | Init Dist 100 = 12.806 | Init Dist 1000 = 12.806 | Learner Steps = 25214 | Learner Walltime = 4967.351 | Min Dist = 0.086 | Min Dist 10 = 0.197 | Min Dist 100 = 0.370 | Min Dist 1000 = 0.431 | Steps Per Second = 87.729 | Success = 1.000 | Success 1000 = 0.958
I0502 16:29:04.119418 139584504182336 lp_utils.py:96] StepsLimiter: Reached 1623800 recorded steps
I0502 16:29:04.620616 139555013154368 terminal.py:91] [Learner] Actor Episodes = 32478 | Actor Loss = 3.7426791191101074 | Actor Steps = 1623900 | Binary Accuracy = 0.996091365814209 | Categorical Accuracy = 0.41314697265625 | Critic Loss = 1.8342876434326172 | Entropy Mean = -19.324661254882812 | Evaluator Episodes = 8231 | Evaluator Steps = 411550 | Learner Steps = 25221 | Learner Walltime = 4968.813 | Logits Neg = -16.85495376586914 | Logits Pos = -1.8209539651870728 | Logsumexp = 1.0161137580871582 | Steps Per Second = 839.669
I0502 16:29:04.765573 139579566835264 terminal.py:91] [Evaluator] Actor Episodes = 32478 | Actor Steps = 1623900 | Delta Dist = 11.707 | Delta Dist 10 = 11.929 | Delta Dist 100 = 11.739 | Delta Dist 1000 = 11.688 | Episode Length = 50 | Episode Return = 1.0 | Evaluator Episodes = 8233 | Evaluator Steps = 411650 | Final Dist = 1.099 | Final Dist 10 = 0.878 | Final Dist 100 = 1.068 | Final Dist 1000 = 1.118 | Init Dist = 12.806 | Init Dist 10 = 12.806 | Init Dist 100 = 12.806 | Init Dist 1000 = 12.806 | Learner Steps = 25220 | Learner Walltime = 4968.737 | Min Dist = 0.284 | Min Dist 10 = 0.118 | Min Dist 100 = 0.368 | Min Dist 1000 = 0.431 | Steps Per Second = 75.092 | Success = 1.000 | Success 1000 = 0.958
I0502 16:29:05.265349 139558059398720 terminal.py:91] [Actor] Actor Episodes = 32484 | Actor Steps = 1624200 | Delta Dist = 4.211 | Delta Dist 10 = 3.294 | Delta Dist 100 = 4.148 | Delta Dist 1000 = 4.240 | Episode Length = 50 | Episode Return = 14.0 | Evaluator Episodes = 8233 | Evaluator Steps = 411650 | Final Dist = 1.174 | Final Dist 10 = 1.189 | Final Dist 100 = 1.945 | Final Dist 1000 = 1.501 | Init Dist = 5.385 | Init Dist 10 = 4.483 | Init Dist 100 = 6.092 | Init Dist 1000 = 5.741 | Learner Steps = 25220 | Learner Walltime = 4968.737 | Min Dist = 0.040 | Min Dist 10 = 0.104 | Min Dist 100 = 0.253 | Min Dist 1000 = 0.183 | Steps Per Second = 88.885 | Success = 1.000 | Success 1000 = 0.991
I0502 16:29:06.048528 139579566835264 terminal.py:91] [Evaluator] Actor Episodes = 32486 | Actor Steps = 1624300 | Delta Dist = 11.615 | Delta Dist 10 = 11.975 | Delta Dist 100 = 11.747 | Delta Dist 1000 = 11.690 | Episode Length = 50 | Episode Return = 8.0 | Evaluator Episodes = 8235 | Evaluator Steps = 411750 | Final Dist = 1.191 | Final Dist 10 = 0.832 | Final Dist 100 = 1.059 | Final Dist 1000 = 1.116 | Init Dist = 12.806 | Init Dist 10 = 12.806 | Init Dist 100 = 12.806 | Init Dist 1000 = 12.806 | Learner Steps = 25228 | Learner Walltime = 4970.150 | Min Dist = 0.283 | Min Dist 10 = 0.117 | Min Dist 100 = 0.369 | Min Dist 1000 = 0.431 | Steps Per Second = 78.180 | Success = 1.000 | Success 1000 = 0.958
I0502 16:29:06.480614 139569349502528 terminal.py:91] [Actor] Actor Episodes = 32492 | Actor Steps = 1624600 | Delta Dist = 2.034 | Delta Dist 10 = 3.902 | Delta Dist 100 = 4.255 | Delta Dist 1000 = 4.235 | Episode Length = 50 | Episode Return = 47.0 | Evaluator Episodes = 8235 | Evaluator Steps = 411750 | Final Dist = 0.966 | Final Dist 10 = 0.903 | Final Dist 100 = 1.672 | Final Dist 1000 = 1.503 | Init Dist = 3.000 | Init Dist 10 = 4.805 | Init Dist 100 = 5.927 | Init Dist 1000 = 5.738 | Learner Steps = 25228 | Learner Walltime = 4970.150 | Min Dist = 0.058 | Min Dist 10 = 0.200 | Min Dist 100 = 0.247 | Min Dist 1000 = 0.184 | Steps Per Second = 76.819 | Success = 1.000 | Success 1000 = 0.991
I0502 16:29:07.311406 139579566835264 terminal.py:91] [Evaluator] Actor Episodes = 32494 | Actor Steps = 1624700 | Delta Dist = 11.715 | Delta Dist 10 = 11.819 | Delta Dist 100 = 11.742 | Delta Dist 1000 = 11.689 | Episode Length = 50 | Episode Return = 10.0 | Evaluator Episodes = 8237 | Evaluator Steps = 411850 | Final Dist = 1.091 | Final Dist 10 = 0.987 | Final Dist 100 = 1.064 | Final Dist 1000 = 1.117 | Init Dist = 12.806 | Init Dist 10 = 12.806 | Init Dist 100 = 12.806 | Init Dist 1000 = 12.806 | Learner Steps = 25233 | Learner Walltime = 4971.416 | Min Dist = 0.844 | Min Dist 10 = 0.312 | Min Dist 100 = 0.385 | Min Dist 1000 = 0.433 | Steps Per Second = 75.929 | Success = 1.000 | Success 1000 = 0.957
I0502 16:29:07.551639 139584635659840 savers.py:156] Saving checkpoint: logs/contrastive_cpc_point_FourRooms_64/5dd72662-2788-11f0-b183-d85ed38c5779/checkpoints/counter
I0502 16:29:08.241883 139555860620864 terminal.py:91] [Actor] Actor Episodes = 32497 | Actor Steps = 1624850 | Delta Dist = 1.218 | Delta Dist 10 = 3.893 | Delta Dist 100 = 4.225 | Delta Dist 1000 = 4.238 | Episode Length = 50 | Episode Return = 14.0 | Evaluator Episodes = 8237 | Evaluator Steps = 411850 | Final Dist = 0.196 | Final Dist 10 = 1.273 | Final Dist 100 = 1.651 | Final Dist 1000 = 1.509 | Init Dist = 1.414 | Init Dist 10 = 5.166 | Init Dist 100 = 5.876 | Init Dist 1000 = 5.747 | Learner Steps = 25233 | Learner Walltime = 4971.416 | Min Dist = 0.052 | Min Dist 10 = 0.142 | Min Dist 100 = 0.252 | Min Dist 1000 = 0.185 | Steps Per Second = 79.220 | Success = 1.000 | Success 1000 = 0.991
I0502 16:29:08.447705 139579566835264 terminal.py:91] [Evaluator] Actor Episodes = 32502 | Actor Steps = 1625100 | Delta Dist = 12.079 | Delta Dist 10 = 11.844 | Delta Dist 100 = 11.751 | Delta Dist 1000 = 11.690 | Episode Length = 50 | Episode Return = 12.0 | Evaluator Episodes = 8239 | Evaluator Steps = 411950 | Final Dist = 0.727 | Final Dist 10 = 0.962 | Final Dist 100 = 1.055 | Final Dist 1000 = 1.117 | Init Dist = 12.806 | Init Dist 10 = 12.806 | Init Dist 100 = 12.806 | Init Dist 1000 = 12.806 | Learner Steps = 25233 | Learner Walltime = 4971.416 | Min Dist = 0.061 | Min Dist 10 = 0.371 | Min Dist 100 = 0.391 | Min Dist 1000 = 0.433 | Steps Per Second = 89.739 | Success = 1.000 | Success 1000 = 0.957
I0502 16:29:09.055127 139557462840896 terminal.py:91] [Actor] Actor Episodes = 32510 | Actor Steps = 1625500 | Delta Dist = 1.051 | Delta Dist 10 = 4.505 | Delta Dist 100 = 4.080 | Delta Dist 1000 = 4.256 | Episode Length = 50 | Episode Return = 29.0 | Evaluator Episodes = 8239 | Evaluator Steps = 411950 | Final Dist = 3.072 | Final Dist 10 = 1.196 | Final Dist 100 = 1.619 | Final Dist 1000 = 1.479 | Init Dist = 4.123 | Init Dist 10 = 5.701 | Init Dist 100 = 5.699 | Init Dist 1000 = 5.735 | Learner Steps = 25240 | Learner Walltime = 4972.689 | Min Dist = 0.114 | Min Dist 10 = 0.172 | Min Dist 100 = 0.251 | Min Dist 1000 = 0.185 | Steps Per Second = 80.118 | Success = 1.000 | Success 1000 = 0.991
I0502 16:29:09.677476 139579566835264 terminal.py:91] [Evaluator] Actor Episodes = 32510 | Actor Steps = 1625500 | Delta Dist = 11.383 | Delta Dist 10 = 11.870 | Delta Dist 100 = 11.765 | Delta Dist 1000 = 11.691 | Episode Length = 50 | Episode Return = 22.0 | Evaluator Episodes = 8241 | Evaluator Steps = 412050 | Final Dist = 1.423 | Final Dist 10 = 0.936 | Final Dist 100 = 1.041 | Final Dist 1000 = 1.116 | Init Dist = 12.806 | Init Dist 10 = 12.806 | Init Dist 100 = 12.806 | Init Dist 1000 = 12.806 | Learner Steps = 25240 | Learner Walltime = 4972.689 | Min Dist = 0.254 | Min Dist 10 = 0.369 | Min Dist 100 = 0.390 | Min Dist 1000 = 0.433 | Steps Per Second = 78.389 | Success = 1.000 | Success 1000 = 0.957
I0502 16:29:10.787323 139579566835264 terminal.py:91] [Evaluator] Actor Episodes = 32518 | Actor Steps = 1625900 | Delta Dist = 6.742 | Delta Dist 10 = 11.849 | Delta Dist 100 = 11.758 | Delta Dist 1000 = 11.690 | Episode Length = 50 | Episode Return = 0.0 | Evaluator Episodes = 8243 | Evaluator Steps = 412150 | Final Dist = 6.064 | Final Dist 10 = 0.957 | Final Dist 100 = 1.048 | Final Dist 1000 = 1.116 | Init Dist = 12.806 | Init Dist 10 = 12.806 | Init Dist 100 = 12.806 | Init Dist 1000 = 12.806 | Learner Steps = 25246 | Learner Walltime = 4973.953 | Min Dist = 5.464 | Min Dist 10 = 0.410 | Min Dist 100 = 0.392 | Min Dist 1000 = 0.433 | Steps Per Second = 88.477 | Success = 0.000 | Success 1000 = 0.957
I0502 16:29:12.103514 139579566835264 terminal.py:91] [Evaluator] Actor Episodes = 32526 | Actor Steps = 1626300 | Delta Dist = 12.352 | Delta Dist 10 = 11.254 | Delta Dist 100 = 11.706 | Delta Dist 1000 = 11.684 | Episode Length = 50 | Episode Return = 14.0 | Evaluator Episodes = 8245 | Evaluator Steps = 412250 | Final Dist = 0.455 | Final Dist 10 = 1.552 | Final Dist 100 = 1.100 | Final Dist 1000 = 1.122 | Init Dist = 12.806 | Init Dist 10 = 12.806 | Init Dist 100 = 12.806 | Init Dist 1000 = 12.806 | Learner Steps = 25258 | Learner Walltime = 4976.300 | Min Dist = 0.355 | Min Dist 10 = 0.949 | Min Dist 100 = 0.446 | Min Dist 1000 = 0.438 | Steps Per Second = 75.359 | Success = 1.000 | Success 1000 = 0.956
I0502 16:29:13.346827 139579566835264 terminal.py:91] [Evaluator] Actor Episodes = 32534 | Actor Steps = 1626700 | Delta Dist = 12.488 | Delta Dist 10 = 11.476 | Delta Dist 100 = 11.711 | Delta Dist 1000 = 11.685 | Episode Length = 50 | Episode Return = 19.0 | Evaluator Episodes = 8247 | Evaluator Steps = 412350 | Final Dist = 0.318 | Final Dist 10 = 1.330 | Final Dist 100 = 1.095 | Final Dist 1000 = 1.121 | Init Dist = 12.806 | Init Dist 10 = 12.806 | Init Dist 100 = 12.806 | Init Dist 1000 = 12.806 | Learner Steps = 25258 | Learner Walltime = 4976.300 | Min Dist = 0.149 | Min Dist 10 = 0.785 | Min Dist 100 = 0.447 | Min Dist 1000 = 0.437 | Steps Per Second = 85.586 | Success = 1.000 | Success 1000 = 0.957
I0502 16:29:13.415238 139583350109760 savers.py:156] Saving checkpoint: logs/contrastive_cpc_point_FourRooms_64/5dd72662-2788-11f0-b183-d85ed38c5779/checkpoints/learner
I0502 16:29:14.146010 139584504182336 lp_utils.py:96] StepsLimiter: Reached 1627000 recorded steps
I0502 16:29:14.693900 139579566835264 terminal.py:91] [Evaluator] Actor Episodes = 32542 | Actor Steps = 1627100 | Delta Dist = 12.111 | Delta Dist 10 = 11.552 | Delta Dist 100 = 11.707 | Delta Dist 1000 = 11.686 | Episode Length = 50 | Episode Return = 29.0 | Evaluator Episodes = 8249 | Evaluator Steps = 412450 | Final Dist = 0.696 | Final Dist 10 = 1.254 | Final Dist 100 = 1.100 | Final Dist 1000 = 1.120 | Init Dist = 12.806 | Init Dist 10 = 12.806 | Init Dist 100 = 12.806 | Init Dist 1000 = 12.806 | Learner Steps = 25270 | Learner Walltime = 4978.752 | Min Dist = 0.181 | Min Dist 10 = 0.749 | Min Dist 100 = 0.450 | Min Dist 1000 = 0.438 | Steps Per Second = 74.481 | Success = 1.000 | Success 1000 = 0.957
I0502 16:29:14.956009 139555013154368 terminal.py:91] [Learner] Actor Episodes = 32542 | Actor Loss = 3.6675446033477783 | Actor Steps = 1627100 | Binary Accuracy = 0.9960534572601318 | Categorical Accuracy = 0.42022705078125 | Critic Loss = 1.8002471923828125 | Entropy Mean = -20.33611297607422 | Evaluator Episodes = 8247 | Evaluator Steps = 412350 | Learner Steps = 25272 | Learner Walltime = 4979.153 | Logits Neg = -17.393043518066406 | Logits Pos = -1.7825100421905518 | Logsumexp = 1.0396981239318848 | Steps Per Second = 187.573
I0502 16:29:15.322046 139558059398720 terminal.py:91] [Actor] Actor Episodes = 32546 | Actor Steps = 1627300 | Delta Dist = 7.907 | Delta Dist 10 = 3.677 | Delta Dist 100 = 4.423 | Delta Dist 1000 = 4.252 | Episode Length = 50 | Episode Return = 18.0 | Evaluator Episodes = 8249 | Evaluator Steps = 412450 | Final Dist = 0.155 | Final Dist 10 = 1.333 | Final Dist 100 = 1.334 | Final Dist 1000 = 1.477 | Init Dist = 8.062 | Init Dist 10 = 5.010 | Init Dist 100 = 5.757 | Init Dist 1000 = 5.729 | Learner Steps = 25270 | Learner Walltime = 4978.752 | Min Dist = 0.029 | Min Dist 10 = 0.082 | Min Dist 100 = 0.118 | Min Dist 1000 = 0.186 | Steps Per Second = 80.619 | Success = 1.000 | Success 1000 = 0.991
I0502 16:29:15.848785 139579566835264 terminal.py:91] [Evaluator] Actor Episodes = 32550 | Actor Steps = 1627500 | Delta Dist = 12.421 | Delta Dist 10 = 11.505 | Delta Dist 100 = 11.703 | Delta Dist 1000 = 11.686 | Episode Length = 50 | Episode Return = 32.0 | Evaluator Episodes = 8251 | Evaluator Steps = 412550 | Final Dist = 0.385 | Final Dist 10 = 1.302 | Final Dist 100 = 1.103 | Final Dist 1000 = 1.121 | Init Dist = 12.806 | Init Dist 10 = 12.806 | Init Dist 100 = 12.806 | Init Dist 1000 = 12.806 | Learner Steps = 25276 | Learner Walltime = 4979.926 | Min Dist = 0.230 | Min Dist 10 = 0.793 | Min Dist 100 = 0.454 | Min Dist 1000 = 0.438 | Steps Per Second = 92.141 | Success = 1.000 | Success 1000 = 0.957
I0502 16:29:16.674279 139569349502528 terminal.py:91] [Actor] Actor Episodes = 32558 | Actor Steps = 1627900 | Delta Dist = 1.413 | Delta Dist 10 = 5.059 | Delta Dist 100 = 4.446 | Delta Dist 1000 = 4.261 | Episode Length = 50 | Episode Return = 40.0 | Evaluator Episodes = 8251 | Evaluator Steps = 412550 | Final Dist = 0.587 | Final Dist 10 = 0.617 | Final Dist 100 = 1.263 | Final Dist 1000 = 1.478 | Init Dist = 2.000 | Init Dist 10 = 5.676 | Init Dist 100 = 5.709 | Init Dist 1000 = 5.739 | Learner Steps = 25276 | Learner Walltime = 4979.926 | Min Dist = 0.045 | Min Dist 10 = 0.042 | Min Dist 100 = 0.114 | Min Dist 1000 = 0.186 | Steps Per Second = 83.529 | Success = 1.000 | Success 1000 = 0.991
I0502 16:29:16.944495 139579566835264 terminal.py:91] [Evaluator] Actor Episodes = 32558 | Actor Steps = 1627900 | Delta Dist = 11.228 | Delta Dist 10 = 11.573 | Delta Dist 100 = 11.704 | Delta Dist 1000 = 11.685 | Episode Length = 50 | Episode Return = 22.0 | Evaluator Episodes = 8253 | Evaluator Steps = 412650 | Final Dist = 1.578 | Final Dist 10 = 1.233 | Final Dist 100 = 1.102 | Final Dist 1000 = 1.121 | Init Dist = 12.806 | Init Dist 10 = 12.806 | Init Dist 100 = 12.806 | Init Dist 1000 = 12.806 | Learner Steps = 25281 | Learner Walltime = 4980.981 | Min Dist = 0.150 | Min Dist 10 = 0.772 | Min Dist 100 = 0.449 | Min Dist 1000 = 0.437 | Steps Per Second = 93.875 | Success = 1.000 | Success 1000 = 0.957
I0502 16:29:18.210651 139579566835264 terminal.py:91] [Evaluator] Actor Episodes = 32566 | Actor Steps = 1628300 | Delta Dist = 12.187 | Delta Dist 10 = 12.038 | Delta Dist 100 = 11.695 | Delta Dist 1000 = 11.683 | Episode Length = 50 | Episode Return = 4.0 | Evaluator Episodes = 8255 | Evaluator Steps = 412750 | Final Dist = 0.619 | Final Dist 10 = 0.768 | Final Dist 100 = 1.111 | Final Dist 1000 = 1.123 | Init Dist = 12.806 | Init Dist 10 = 12.806 | Init Dist 100 = 12.806 | Init Dist 1000 = 12.806 | Learner Steps = 25287 | Learner Walltime = 4982.177 | Min Dist = 0.619 | Min Dist 10 = 0.234 | Min Dist 100 = 0.449 | Min Dist 1000 = 0.438 | Steps Per Second = 84.045 | Success = 1.000 | Success 1000 = 0.957
I0502 16:29:18.256939 139555860620864 terminal.py:91] [Actor] Actor Episodes = 32561 | Actor Steps = 1628050 | Delta Dist = 6.688 | Delta Dist 10 = 4.317 | Delta Dist 100 = 4.423 | Delta Dist 1000 = 4.254 | Episode Length = 50 | Episode Return = 41.0 | Evaluator Episodes = 8253 | Evaluator Steps = 412650 | Final Dist = 0.928 | Final Dist 10 = 2.105 | Final Dist 100 = 1.414 | Final Dist 1000 = 1.491 | Init Dist = 7.616 | Init Dist 10 = 6.422 | Init Dist 100 = 5.837 | Init Dist 1000 = 5.745 | Learner Steps = 25281 | Learner Walltime = 4980.981 | Min Dist = 0.098 | Min Dist 10 = 0.079 | Min Dist 100 = 0.114 | Min Dist 1000 = 0.186 | Steps Per Second = 68.812 | Success = 1.000 | Success 1000 = 0.991
I0502 16:29:19.135880 139557462840896 terminal.py:91] [Actor] Actor Episodes = 32572 | Actor Steps = 1628600 | Delta Dist = 6.184 | Delta Dist 10 = 4.772 | Delta Dist 100 = 4.378 | Delta Dist 1000 = 4.244 | Episode Length = 50 | Episode Return = 6.0 | Evaluator Episodes = 8255 | Evaluator Steps = 412750 | Final Dist = 1.027 | Final Dist 10 = 2.845 | Final Dist 100 = 1.436 | Final Dist 1000 = 1.493 | Init Dist = 7.211 | Init Dist 10 = 7.617 | Init Dist 100 = 5.815 | Init Dist 1000 = 5.738 | Learner Steps = 25287 | Learner Walltime = 4982.177 | Min Dist = 0.043 | Min Dist 10 = 0.397 | Min Dist 100 = 0.140 | Min Dist 1000 = 0.183 | Steps Per Second = 80.824 | Success = 1.000 | Success 1000 = 0.991
I0502 16:29:19.492685 139579566835264 terminal.py:91] [Evaluator] Actor Episodes = 32574 | Actor Steps = 1628700 | Delta Dist = 12.392 | Delta Dist 10 = 11.985 | Delta Dist 100 = 11.697 | Delta Dist 1000 = 11.684 | Episode Length = 50 | Episode Return = 25.0 | Evaluator Episodes = 8257 | Evaluator Steps = 412850 | Final Dist = 0.414 | Final Dist 10 = 0.821 | Final Dist 100 = 1.109 | Final Dist 1000 = 1.122 | Init Dist = 12.806 | Init Dist 10 = 12.806 | Init Dist 100 = 12.806 | Init Dist 1000 = 12.806 | Learner Steps = 25293 | Learner Walltime = 4983.454 | Min Dist = 0.085 | Min Dist 10 = 0.270 | Min Dist 100 = 0.453 | Min Dist 1000 = 0.438 | Steps Per Second = 84.048 | Success = 1.000 | Success 1000 = 0.957
I0502 16:29:20.689381 139579566835264 terminal.py:91] [Evaluator] Actor Episodes = 32582 | Actor Steps = 1629100 | Delta Dist = 11.673 | Delta Dist 10 = 11.920 | Delta Dist 100 = 11.704 | Delta Dist 1000 = 11.685 | Episode Length = 50 | Episode Return = 2.0 | Evaluator Episodes = 8259 | Evaluator Steps = 412950 | Final Dist = 1.134 | Final Dist 10 = 0.886 | Final Dist 100 = 1.102 | Final Dist 1000 = 1.121 | Init Dist = 12.806 | Init Dist 10 = 12.806 | Init Dist 100 = 12.806 | Init Dist 1000 = 12.806 | Learner Steps = 25300 | Learner Walltime = 4984.759 | Min Dist = 0.541 | Min Dist 10 = 0.228 | Min Dist 100 = 0.452 | Min Dist 1000 = 0.437 | Steps Per Second = 84.515 | Success = 1.000 | Success 1000 = 0.957
I0502 16:29:21.904211 139579566835264 terminal.py:91] [Evaluator] Actor Episodes = 32590 | Actor Steps = 1629500 | Delta Dist = 11.417 | Delta Dist 10 = 11.938 | Delta Dist 100 = 11.701 | Delta Dist 1000 = 11.685 | Episode Length = 50 | Episode Return = 2.0 | Evaluator Episodes = 8261 | Evaluator Steps = 413050 | Final Dist = 1.389 | Final Dist 10 = 0.869 | Final Dist 100 = 1.105 | Final Dist 1000 = 1.121 | Init Dist = 12.806 | Init Dist 10 = 12.806 | Init Dist 100 = 12.806 | Init Dist 1000 = 12.806 | Learner Steps = 25306 | Learner Walltime = 4985.966 | Min Dist = 0.700 | Min Dist 10 = 0.230 | Min Dist 100 = 0.454 | Min Dist 1000 = 0.437 | Steps Per Second = 91.417 | Success = 1.000 | Success 1000 = 0.957
I0502 16:29:22.966642 139579566835264 terminal.py:91] [Evaluator] Actor Episodes = 32596 | Actor Steps = 1629800 | Delta Dist = 11.859 | Delta Dist 10 = 11.902 | Delta Dist 100 = 11.687 | Delta Dist 1000 = 11.685 | Episode Length = 50 | Episode Return = 14.0 | Evaluator Episodes = 8263 | Evaluator Steps = 413150 | Final Dist = 0.947 | Final Dist 10 = 0.904 | Final Dist 100 = 1.119 | Final Dist 1000 = 1.121 | Init Dist = 12.806 | Init Dist 10 = 12.806 | Init Dist 100 = 12.806 | Init Dist 1000 = 12.806 | Learner Steps = 25311 | Learner Walltime = 4987.038 | Min Dist = 0.816 | Min Dist 10 = 0.268 | Min Dist 100 = 0.457 | Min Dist 1000 = 0.438 | Steps Per Second = 99.915 | Success = 1.000 | Success 1000 = 0.957
I0502 16:29:24.163410 139584504182336 lp_utils.py:96] StepsLimiter: Reached 1630200 recorded steps
I0502 16:29:24.218968 139579566835264 terminal.py:91] [Evaluator] Actor Episodes = 32604 | Actor Steps = 1630200 | Delta Dist = 11.371 | Delta Dist 10 = 11.993 | Delta Dist 100 = 11.683 | Delta Dist 1000 = 11.685 | Episode Length = 50 | Episode Return = 4.0 | Evaluator Episodes = 8265 | Evaluator Steps = 413250 | Final Dist = 1.435 | Final Dist 10 = 0.814 | Final Dist 100 = 1.123 | Final Dist 1000 = 1.121 | Init Dist = 12.806 | Init Dist 10 = 12.806 | Init Dist 100 = 12.806 | Init Dist 1000 = 12.806 | Learner Steps = 25318 | Learner Walltime = 4988.286 | Min Dist = 0.448 | Min Dist 10 = 0.367 | Min Dist 100 = 0.466 | Min Dist 1000 = 0.439 | Steps Per Second = 82.830 | Success = 1.000 | Success 1000 = 0.957
I0502 16:29:24.975456 139555013154368 terminal.py:91] [Learner] Actor Episodes = 32604 | Actor Loss = 3.627650737762451 | Actor Steps = 1630200 | Binary Accuracy = 0.9960536956787109 | Categorical Accuracy = 0.3985595703125 | Critic Loss = 1.922360897064209 | Entropy Mean = -20.97266387939453 | Evaluator Episodes = 8263 | Evaluator Steps = 413150 | Learner Steps = 25322 | Learner Walltime = 4989.171 | Logits Neg = -16.461688995361328 | Logits Pos = -1.8869009017944336 | Logsumexp = 1.0729167461395264 | Steps Per Second = 143.838
I0502 16:29:25.481741 139579566835264 terminal.py:91] [Evaluator] Actor Episodes = 32612 | Actor Steps = 1630600 | Delta Dist = 12.315 | Delta Dist 10 = 11.946 | Delta Dist 100 = 11.679 | Delta Dist 1000 = 11.686 | Episode Length = 50 | Episode Return = 18.0 | Evaluator Episodes = 8267 | Evaluator Steps = 413350 | Final Dist = 0.491 | Final Dist 10 = 0.861 | Final Dist 100 = 1.128 | Final Dist 1000 = 1.121 | Init Dist = 12.806 | Init Dist 10 = 12.806 | Init Dist 100 = 12.806 | Init Dist 1000 = 12.806 | Learner Steps = 25323 | Learner Walltime = 4989.313 | Min Dist = 0.379 | Min Dist 10 = 0.371 | Min Dist 100 = 0.464 | Min Dist 1000 = 0.439 | Steps Per Second = 78.382 | Success = 1.000 | Success 1000 = 0.957
I0502 16:29:25.861606 139558059398720 terminal.py:91] [Actor] Actor Episodes = 32613 | Actor Steps = 1630650 | Delta Dist = 9.710 | Delta Dist 10 = 4.225 | Delta Dist 100 = 4.436 | Delta Dist 1000 = 4.263 | Episode Length = 50 | Episode Return = 26.0 | Evaluator Episodes = 8265 | Evaluator Steps = 413250 | Final Dist = 0.920 | Final Dist 10 = 1.393 | Final Dist 100 = 1.508 | Final Dist 1000 = 1.504 | Init Dist = 10.630 | Init Dist 10 = 5.618 | Init Dist 100 = 5.944 | Init Dist 1000 = 5.768 | Learner Steps = 25323 | Learner Walltime = 4989.313 | Min Dist = 0.109 | Min Dist 10 = 0.065 | Min Dist 100 = 0.202 | Min Dist 1000 = 0.192 | Steps Per Second = 86.417 | Success = 1.000 | Success 1000 = 0.990
I0502 16:29:26.602608 139579566835264 terminal.py:91] [Evaluator] Actor Episodes = 32620 | Actor Steps = 1631000 | Delta Dist = 11.765 | Delta Dist 10 = 11.958 | Delta Dist 100 = 11.677 | Delta Dist 1000 = 11.686 | Episode Length = 50 | Episode Return = 22.0 | Evaluator Episodes = 8269 | Evaluator Steps = 413450 | Final Dist = 1.041 | Final Dist 10 = 0.848 | Final Dist 100 = 1.130 | Final Dist 1000 = 1.120 | Init Dist = 12.806 | Init Dist 10 = 12.806 | Init Dist 100 = 12.806 | Init Dist 1000 = 12.806 | Learner Steps = 25329 | Learner Walltime = 4990.370 | Min Dist = 0.055 | Min Dist 10 = 0.425 | Min Dist 100 = 0.468 | Min Dist 1000 = 0.440 | Steps Per Second = 87.429 | Success = 1.000 | Success 1000 = 0.957
I0502 16:29:26.793302 139569349502528 terminal.py:91] [Actor] Actor Episodes = 32622 | Actor Steps = 1631100 | Delta Dist = 5.074 | Delta Dist 10 = 3.680 | Delta Dist 100 = 4.446 | Delta Dist 1000 = 4.277 | Episode Length = 50 | Episode Return = 41.0 | Evaluator Episodes = 8269 | Evaluator Steps = 413450 | Final Dist = 0.926 | Final Dist 10 = 3.111 | Final Dist 100 = 1.514 | Final Dist 1000 = 1.515 | Init Dist = 6.000 | Init Dist 10 = 6.791 | Init Dist 100 = 5.961 | Init Dist 1000 = 5.792 | Learner Steps = 25329 | Learner Walltime = 4990.370 | Min Dist = 0.578 | Min Dist 10 = 0.111 | Min Dist 100 = 0.198 | Min Dist 1000 = 0.193 | Steps Per Second = 78.191 | Success = 1.000 | Success 1000 = 0.990
I0502 16:29:27.768500 139579566835264 terminal.py:91] [Evaluator] Actor Episodes = 32628 | Actor Steps = 1631400 | Delta Dist = 11.785 | Delta Dist 10 = 11.875 | Delta Dist 100 = 11.675 | Delta Dist 1000 = 11.685 | Episode Length = 50 | Episode Return = 32.0 | Evaluator Episodes = 8271 | Evaluator Steps = 413550 | Final Dist = 1.022 | Final Dist 10 = 0.931 | Final Dist 100 = 1.131 | Final Dist 1000 = 1.121 | Init Dist = 12.806 | Init Dist 10 = 12.806 | Init Dist 100 = 12.806 | Init Dist 1000 = 12.806 | Learner Steps = 25334 | Learner Walltime = 4991.407 | Min Dist = 0.131 | Min Dist 10 = 0.376 | Min Dist 100 = 0.467 | Min Dist 1000 = 0.439 | Steps Per Second = 80.000 | Success = 1.000 | Success 1000 = 0.957
I0502 16:29:28.583400 139555860620864 terminal.py:91] [Actor] Actor Episodes = 32632 | Actor Steps = 1631600 | Delta Dist = 7.826 | Delta Dist 10 = 4.934 | Delta Dist 100 = 4.458 | Delta Dist 1000 = 4.281 | Episode Length = 50 | Episode Return = 39.0 | Evaluator Episodes = 8271 | Evaluator Steps = 413550 | Final Dist = 0.420 | Final Dist 10 = 0.615 | Final Dist 100 = 1.455 | Final Dist 1000 = 1.500 | Init Dist = 8.246 | Init Dist 10 = 5.549 | Init Dist 100 = 5.913 | Init Dist 1000 = 5.781 | Learner Steps = 25340 | Learner Walltime = 4992.415 | Min Dist = 0.019 | Min Dist 10 = 0.070 | Min Dist 100 = 0.196 | Min Dist 1000 = 0.193 | Steps Per Second = 75.115 | Success = 1.000 | Success 1000 = 0.990
I0502 16:29:29.017236 139579566835264 terminal.py:91] [Evaluator] Actor Episodes = 32634 | Actor Steps = 1631700 | Delta Dist = 12.567 | Delta Dist 10 = 11.939 | Delta Dist 100 = 11.680 | Delta Dist 1000 = 11.685 | Episode Length = 50 | Episode Return = 28.0 | Evaluator Episodes = 8273 | Evaluator Steps = 413650 | Final Dist = 0.239 | Final Dist 10 = 0.867 | Final Dist 100 = 1.126 | Final Dist 1000 = 1.121 | Init Dist = 12.806 | Init Dist 10 = 12.806 | Init Dist 100 = 12.806 | Init Dist 1000 = 12.806 | Learner Steps = 25340 | Learner Walltime = 4992.415 | Min Dist = 0.239 | Min Dist 10 = 0.322 | Min Dist 100 = 0.464 | Min Dist 1000 = 0.439 | Steps Per Second = 79.927 | Success = 1.000 | Success 1000 = 0.957
I0502 16:29:29.367197 139557462840896 terminal.py:91] [Actor] Actor Episodes = 32635 | Actor Steps = 1631750 | Delta Dist = 5.602 | Delta Dist 10 = 4.118 | Delta Dist 100 = 4.483 | Delta Dist 1000 = 4.281 | Episode Length = 50 | Episode Return = 36.0 | Evaluator Episodes = 8271 | Evaluator Steps = 413550 | Final Dist = 0.723 | Final Dist 10 = 0.939 | Final Dist 100 = 1.464 | Final Dist 1000 = 1.490 | Init Dist = 6.325 | Init Dist 10 = 5.057 | Init Dist 100 = 5.946 | Init Dist 1000 = 5.771 | Learner Steps = 25340 | Learner Walltime = 4992.415 | Min Dist = 0.137 | Min Dist 10 = 0.077 | Min Dist 100 = 0.198 | Min Dist 1000 = 0.194 | Steps Per Second = 81.101 | Success = 1.000 | Success 1000 = 0.990
I0502 16:29:30.255329 139579566835264 terminal.py:91] [Evaluator] Actor Episodes = 32644 | Actor Steps = 1632200 | Delta Dist = 11.356 | Delta Dist 10 = 11.972 | Delta Dist 100 = 11.689 | Delta Dist 1000 = 11.686 | Episode Length = 50 | Episode Return = 11.0 | Evaluator Episodes = 8275 | Evaluator Steps = 413750 | Final Dist = 1.450 | Final Dist 10 = 0.834 | Final Dist 100 = 1.117 | Final Dist 1000 = 1.120 | Init Dist = 12.806 | Init Dist 10 = 12.806 | Init Dist 100 = 12.806 | Init Dist 1000 = 12.806 | Learner Steps = 25344 | Learner Walltime = 4993.503 | Min Dist = 0.435 | Min Dist 10 = 0.225 | Min Dist 100 = 0.457 | Min Dist 1000 = 0.438 | Steps Per Second = 96.041 | Success = 1.000 | Success 1000 = 0.957
I0502 16:29:31.428609 139579566835264 terminal.py:91] [Evaluator] Actor Episodes = 32652 | Actor Steps = 1632600 | Delta Dist = 11.841 | Delta Dist 10 = 11.979 | Delta Dist 100 = 11.695 | Delta Dist 1000 = 11.687 | Episode Length = 50 | Episode Return = 22.0 | Evaluator Episodes = 8277 | Evaluator Steps = 413850 | Final Dist = 0.965 | Final Dist 10 = 0.827 | Final Dist 100 = 1.111 | Final Dist 1000 = 1.119 | Init Dist = 12.806 | Init Dist 10 = 12.806 | Init Dist 100 = 12.806 | Init Dist 1000 = 12.806 | Learner Steps = 25351 | Learner Walltime = 4994.846 | Min Dist = 0.107 | Min Dist 10 = 0.192 | Min Dist 100 = 0.459 | Min Dist 1000 = 0.439 | Steps Per Second = 86.605 | Success = 1.000 | Success 1000 = 0.957
I0502 16:29:32.614188 139579566835264 terminal.py:91] [Evaluator] Actor Episodes = 32660 | Actor Steps = 1633000 | Delta Dist = 11.586 | Delta Dist 10 = 11.897 | Delta Dist 100 = 11.690 | Delta Dist 1000 = 11.687 | Episode Length = 50 | Episode Return = 19.0 | Evaluator Episodes = 8279 | Evaluator Steps = 413950 | Final Dist = 1.220 | Final Dist 10 = 0.909 | Final Dist 100 = 1.116 | Final Dist 1000 = 1.119 | Init Dist = 12.806 | Init Dist 10 = 12.806 | Init Dist 100 = 12.806 | Init Dist 1000 = 12.806 | Learner Steps = 25357 | Learner Walltime = 4995.957 | Min Dist = 0.093 | Min Dist 10 = 0.160 | Min Dist 100 = 0.458 | Min Dist 1000 = 0.438 | Steps Per Second = 79.364 | Success = 1.000 | Success 1000 = 0.957
I0502 16:29:33.865084 139579566835264 terminal.py:91] [Evaluator] Actor Episodes = 32668 | Actor Steps = 1633400 | Delta Dist = 11.791 | Delta Dist 10 = 11.897 | Delta Dist 100 = 11.687 | Delta Dist 1000 = 11.687 | Episode Length = 50 | Episode Return = 15.0 | Evaluator Episodes = 8281 | Evaluator Steps = 414050 | Final Dist = 1.015 | Final Dist 10 = 0.910 | Final Dist 100 = 1.120 | Final Dist 1000 = 1.120 | Init Dist = 12.806 | Init Dist 10 = 12.806 | Init Dist 100 = 12.806 | Init Dist 1000 = 12.806 | Learner Steps = 25363 | Learner Walltime = 4997.054 | Min Dist = 0.166 | Min Dist 10 = 0.170 | Min Dist 100 = 0.454 | Min Dist 1000 = 0.438 | Steps Per Second = 79.221 | Success = 1.000 | Success 1000 = 0.957
I0502 16:29:34.181559 139584504182336 lp_utils.py:96] StepsLimiter: Reached 1633400 recorded steps
I0502 16:29:34.982401 139555013154368 terminal.py:91] [Learner] Actor Episodes = 32674 | Actor Loss = 3.795504570007324 | Actor Steps = 1633700 | Binary Accuracy = 0.9960155487060547 | Categorical Accuracy = 0.40557861328125 | Critic Loss = 1.8483837842941284 | Entropy Mean = -20.04104232788086 | Evaluator Episodes = 8281 | Evaluator Steps = 414050 | Learner Steps = 25374 | Learner Walltime = 4999.178 | Logits Neg = -17.24903678894043 | Logits Pos = -1.8424615859985352 | Logsumexp = 1.0289907455444336 | Steps Per Second = 424.777
I0502 16:29:35.086101 139579566835264 terminal.py:91] [Evaluator] Actor Episodes = 32676 | Actor Steps = 1633800 | Delta Dist = 12.250 | Delta Dist 10 = 11.799 | Delta Dist 100 = 11.675 | Delta Dist 1000 = 11.686 | Episode Length = 50 | Episode Return = 25.0 | Evaluator Episodes = 8283 | Evaluator Steps = 414150 | Final Dist = 0.556 | Final Dist 10 = 1.007 | Final Dist 100 = 1.131 | Final Dist 1000 = 1.120 | Init Dist = 12.806 | Init Dist 10 = 12.806 | Init Dist 100 = 12.806 | Init Dist 1000 = 12.806 | Learner Steps = 25374 | Learner Walltime = 4999.178 | Min Dist = 0.060 | Min Dist 10 = 0.221 | Min Dist 100 = 0.459 | Min Dist 1000 = 0.438 | Steps Per Second = 84.184 | Success = 1.000 | Success 1000 = 0.957
I0502 16:29:36.313819 139558059398720 terminal.py:91] [Actor] Actor Episodes = 32684 | Actor Steps = 1634200 | Delta Dist = 2.680 | Delta Dist 10 = 5.458 | Delta Dist 100 = 4.477 | Delta Dist 1000 = 4.319 | Episode Length = 50 | Episode Return = 24.0 | Evaluator Episodes = 8283 | Evaluator Steps = 414150 | Final Dist = 0.926 | Final Dist 10 = 1.363 | Final Dist 100 = 1.444 | Final Dist 1000 = 1.498 | Init Dist = 3.606 | Init Dist 10 = 6.821 | Init Dist 100 = 5.921 | Init Dist 1000 = 5.817 | Learner Steps = 25379 | Learner Walltime = 5000.311 | Min Dist = 0.089 | Min Dist 10 = 0.650 | Min Dist 100 = 0.181 | Min Dist 1000 = 0.197 | Steps Per Second = 82.893 | Success = 1.000 | Success 1000 = 0.989
I0502 16:29:36.375165 139579566835264 terminal.py:91] [Evaluator] Actor Episodes = 32684 | Actor Steps = 1634200 | Delta Dist = 11.945 | Delta Dist 10 = 10.906 | Delta Dist 100 = 11.599 | Delta Dist 1000 = 11.677 | Episode Length = 50 | Episode Return = 30.0 | Evaluator Episodes = 8285 | Evaluator Steps = 414250 | Final Dist = 0.861 | Final Dist 10 = 1.900 | Final Dist 100 = 1.207 | Final Dist 1000 = 1.129 | Init Dist = 12.806 | Init Dist 10 = 12.806 | Init Dist 100 = 12.806 | Init Dist 1000 = 12.806 | Learner Steps = 25379 | Learner Walltime = 5000.311 | Min Dist = 0.101 | Min Dist 10 = 1.002 | Min Dist 100 = 0.537 | Min Dist 1000 = 0.446 | Steps Per Second = 77.226 | Success = 1.000 | Success 1000 = 0.956
I0502 16:29:37.356461 139569349502528 terminal.py:91] [Actor] Actor Episodes = 32687 | Actor Steps = 1634350 | Delta Dist = 2.680 | Delta Dist 10 = 3.389 | Delta Dist 100 = 4.433 | Delta Dist 1000 = 4.310 | Episode Length = 50 | Episode Return = 43.0 | Evaluator Episodes = 8285 | Evaluator Steps = 414250 | Final Dist = 0.148 | Final Dist 10 = 1.747 | Final Dist 100 = 1.503 | Final Dist 1000 = 1.506 | Init Dist = 2.828 | Init Dist 10 = 5.135 | Init Dist 100 = 5.936 | Init Dist 1000 = 5.816 | Learner Steps = 25379 | Learner Walltime = 5000.311 | Min Dist = 0.026 | Min Dist 10 = 0.078 | Min Dist 100 = 0.180 | Min Dist 1000 = 0.197 | Steps Per Second = 78.721 | Success = 1.000 | Success 1000 = 0.991
I0502 16:29:37.615710 139579566835264 terminal.py:91] [Evaluator] Actor Episodes = 32692 | Actor Steps = 1634600 | Delta Dist = 12.595 | Delta Dist 10 = 10.893 | Delta Dist 100 = 11.598 | Delta Dist 1000 = 11.676 | Episode Length = 50 | Episode Return = 10.0 | Evaluator Episodes = 8287 | Evaluator Steps = 414350 | Final Dist = 0.211 | Final Dist 10 = 1.913 | Final Dist 100 = 1.209 | Final Dist 1000 = 1.130 | Init Dist = 12.806 | Init Dist 10 = 12.806 | Init Dist 100 = 12.806 | Init Dist 1000 = 12.806 | Learner Steps = 25385 | Learner Walltime = 5001.615 | Min Dist = 0.084 | Min Dist 10 = 0.963 | Min Dist 100 = 0.528 | Min Dist 1000 = 0.446 | Steps Per Second = 82.128 | Success = 1.000 | Success 1000 = 0.956
I0502 16:29:38.843290 139579566835264 terminal.py:91] [Evaluator] Actor Episodes = 32700 | Actor Steps = 1635000 | Delta Dist = 10.962 | Delta Dist 10 = 10.996 | Delta Dist 100 = 11.613 | Delta Dist 1000 = 11.677 | Episode Length = 50 | Episode Return = 31.0 | Evaluator Episodes = 8289 | Evaluator Steps = 414450 | Final Dist = 1.844 | Final Dist 10 = 1.810 | Final Dist 100 = 1.193 | Final Dist 1000 = 1.129 | Init Dist = 12.806 | Init Dist 10 = 12.806 | Init Dist 100 = 12.806 | Init Dist 1000 = 12.806 | Learner Steps = 25391 | Learner Walltime = 5002.727 | Min Dist = 0.094 | Min Dist 10 = 0.948 | Min Dist 100 = 0.515 | Min Dist 1000 = 0.446 | Steps Per Second = 78.650 | Success = 1.000 | Success 1000 = 0.956
I0502 16:29:39.068695 139555860620864 terminal.py:91] [Actor] Actor Episodes = 32697 | Actor Steps = 1634850 | Delta Dist = 7.882 | Delta Dist 10 = 5.940 | Delta Dist 100 = 4.443 | Delta Dist 1000 = 4.327 | Episode Length = 50 | Episode Return = 26.0 | Evaluator Episodes = 8287 | Evaluator Steps = 414350 | Final Dist = 0.181 | Final Dist 10 = 0.525 | Final Dist 100 = 1.377 | Final Dist 1000 = 1.497 | Init Dist = 8.062 | Init Dist 10 = 6.465 | Init Dist 100 = 5.820 | Init Dist 1000 = 5.824 | Learner Steps = 25385 | Learner Walltime = 5001.615 | Min Dist = 0.035 | Min Dist 10 = 0.092 | Min Dist 100 = 0.145 | Min Dist 1000 = 0.196 | Steps Per Second = 76.632 | Success = 1.000 | Success 1000 = 0.991
I0502 16:29:39.776591 139557462840896 terminal.py:91] [Actor] Actor Episodes = 32706 | Actor Steps = 1635300 | Delta Dist = 8.088 | Delta Dist 10 = 5.390 | Delta Dist 100 = 4.485 | Delta Dist 1000 = 4.332 | Episode Length = 50 | Episode Return = 41.0 | Evaluator Episodes = 8289 | Evaluator Steps = 414450 | Final Dist = 0.514 | Final Dist 10 = 1.378 | Final Dist 100 = 1.458 | Final Dist 1000 = 1.505 | Init Dist = 8.602 | Init Dist 10 = 6.768 | Init Dist 100 = 5.943 | Init Dist 1000 = 5.837 | Learner Steps = 25391 | Learner Walltime = 5002.727 | Min Dist = 0.059 | Min Dist 10 = 0.100 | Min Dist 100 = 0.145 | Min Dist 1000 = 0.197 | Steps Per Second = 109.841 | Success = 1.000 | Success 1000 = 0.991
I0502 16:29:40.034631 139579566835264 terminal.py:91] [Evaluator] Actor Episodes = 32708 | Actor Steps = 1635400 | Delta Dist = 12.659 | Delta Dist 10 = 10.955 | Delta Dist 100 = 11.613 | Delta Dist 1000 = 11.676 | Episode Length = 50 | Episode Return = 19.0 | Evaluator Episodes = 8291 | Evaluator Steps = 414550 | Final Dist = 0.147 | Final Dist 10 = 1.851 | Final Dist 100 = 1.193 | Final Dist 1000 = 1.131 | Init Dist = 12.806 | Init Dist 10 = 12.806 | Init Dist 100 = 12.806 | Init Dist 1000 = 12.806 | Learner Steps = 25398 | Learner Walltime = 5004.098 | Min Dist = 0.147 | Min Dist 10 = 0.967 | Min Dist 100 = 0.514 | Min Dist 1000 = 0.446 | Steps Per Second = 86.104 | Success = 1.000 | Success 1000 = 0.956
I0502 16:29:41.160294 139579566835264 terminal.py:91] [Evaluator] Actor Episodes = 32716 | Actor Steps = 1635800 | Delta Dist = 12.442 | Delta Dist 10 = 11.075 | Delta Dist 100 = 11.628 | Delta Dist 1000 = 11.677 | Episode Length = 50 | Episode Return = 14.0 | Evaluator Episodes = 8293 | Evaluator Steps = 414650 | Final Dist = 0.365 | Final Dist 10 = 1.732 | Final Dist 100 = 1.179 | Final Dist 1000 = 1.129 | Init Dist = 12.806 | Init Dist 10 = 12.806 | Init Dist 100 = 12.806 | Init Dist 1000 = 12.806 | Learner Steps = 25404 | Learner Walltime = 5005.198 | Min Dist = 0.081 | Min Dist 10 = 0.955 | Min Dist 100 = 0.507 | Min Dist 1000 = 0.446 | Steps Per Second = 91.194 | Success = 1.000 | Success 1000 = 0.956
I0502 16:29:42.400419 139579566835264 terminal.py:91] [Evaluator] Actor Episodes = 32724 | Actor Steps = 1636200 | Delta Dist = 11.794 | Delta Dist 10 = 12.010 | Delta Dist 100 = 11.647 | Delta Dist 1000 = 11.677 | Episode Length = 50 | Episode Return = 3.0 | Evaluator Episodes = 8295 | Evaluator Steps = 414750 | Final Dist = 1.013 | Final Dist 10 = 0.796 | Final Dist 100 = 1.159 | Final Dist 1000 = 1.129 | Init Dist = 12.806 | Init Dist 10 = 12.806 | Init Dist 100 = 12.806 | Init Dist 1000 = 12.806 | Learner Steps = 25410 | Learner Walltime = 5006.389 | Min Dist = 0.299 | Min Dist 10 = 0.155 | Min Dist 100 = 0.497 | Min Dist 1000 = 0.446 | Steps Per Second = 86.715 | Success = 1.000 | Success 1000 = 0.956
I0502 16:29:43.639453 139579566835264 terminal.py:91] [Evaluator] Actor Episodes = 32732 | Actor Steps = 1636600 | Delta Dist = 11.555 | Delta Dist 10 = 12.005 | Delta Dist 100 = 11.643 | Delta Dist 1000 = 11.677 | Episode Length = 50 | Episode Return = 9.0 | Evaluator Episodes = 8297 | Evaluator Steps = 414850 | Final Dist = 1.251 | Final Dist 10 = 0.801 | Final Dist 100 = 1.163 | Final Dist 1000 = 1.130 | Init Dist = 12.806 | Init Dist 10 = 12.806 | Init Dist 100 = 12.806 | Init Dist 1000 = 12.806 | Learner Steps = 25416 | Learner Walltime = 5007.520 | Min Dist = 0.186 | Min Dist 10 = 0.177 | Min Dist 100 = 0.496 | Min Dist 1000 = 0.446 | Steps Per Second = 81.163 | Success = 1.000 | Success 1000 = 0.956
I0502 16:29:44.197401 139584504182336 lp_utils.py:96] StepsLimiter: Reached 1636700 recorded steps
I0502 16:29:44.850028 139579566835264 terminal.py:91] [Evaluator] Actor Episodes = 32740 | Actor Steps = 1637000 | Delta Dist = 11.494 | Delta Dist 10 = 11.916 | Delta Dist 100 = 11.644 | Delta Dist 1000 = 11.677 | Episode Length = 50 | Episode Return = 10.0 | Evaluator Episodes = 8299 | Evaluator Steps = 414950 | Final Dist = 1.313 | Final Dist 10 = 0.890 | Final Dist 100 = 1.162 | Final Dist 1000 = 1.130 | Init Dist = 12.806 | Init Dist 10 = 12.806 | Init Dist 100 = 12.806 | Init Dist 1000 = 12.806 | Learner Steps = 25422 | Learner Walltime = 5008.699 | Min Dist = 0.292 | Min Dist 10 = 0.189 | Min Dist 100 = 0.494 | Min Dist 1000 = 0.447 | Steps Per Second = 81.584 | Success = 1.000 | Success 1000 = 0.956
I0502 16:29:45.161108 139555013154368 terminal.py:91] [Learner] Actor Episodes = 32736 | Actor Loss = 3.7177438735961914 | Actor Steps = 1636800 | Binary Accuracy = 0.9959933757781982 | Categorical Accuracy = 0.41876220703125 | Critic Loss = 1.786419153213501 | Entropy Mean = -21.27777099609375 | Evaluator Episodes = 8297 | Evaluator Steps = 414850 | Learner Steps = 25426 | Learner Walltime = 5009.355 | Logits Neg = -17.58079719543457 | Logits Pos = -1.7732065916061401 | Logsumexp = 1.1618783473968506 | Steps Per Second = 180.932
I0502 16:29:46.081605 139579566835264 terminal.py:91] [Evaluator] Actor Episodes = 32748 | Actor Steps = 1637400 | Delta Dist = 12.095 | Delta Dist 10 = 12.010 | Delta Dist 100 = 11.641 | Delta Dist 1000 = 11.677 | Episode Length = 50 | Episode Return = 22.0 | Evaluator Episodes = 8301 | Evaluator Steps = 415050 | Final Dist = 0.711 | Final Dist 10 = 0.796 | Final Dist 100 = 1.165 | Final Dist 1000 = 1.129 | Init Dist = 12.806 | Init Dist 10 = 12.806 | Init Dist 100 = 12.806 | Init Dist 1000 = 12.806 | Learner Steps = 25429 | Learner Walltime = 5009.932 | Min Dist = 0.119 | Min Dist 10 = 0.182 | Min Dist 100 = 0.495 | Min Dist 1000 = 0.446 | Steps Per Second = 82.795 | Success = 1.000 | Success 1000 = 0.956
I0502 16:29:46.524510 139558059398720 terminal.py:91] [Actor] Actor Episodes = 32749 | Actor Steps = 1637450 | Delta Dist = 3.193 | Delta Dist 10 = 4.953 | Delta Dist 100 = 4.462 | Delta Dist 1000 = 4.321 | Episode Length = 50 | Episode Return = 41.0 | Evaluator Episodes = 8299 | Evaluator Steps = 414950 | Final Dist = 0.807 | Final Dist 10 = 0.535 | Final Dist 100 = 1.465 | Final Dist 1000 = 1.512 | Init Dist = 4.000 | Init Dist 10 = 5.488 | Init Dist 100 = 5.927 | Init Dist 1000 = 5.834 | Learner Steps = 25429 | Learner Walltime = 5009.932 | Min Dist = 0.279 | Min Dist 10 = 0.044 | Min Dist 100 = 0.186 | Min Dist 1000 = 0.201 | Steps Per Second = 81.387 | Success = 1.000 | Success 1000 = 0.992
I0502 16:29:47.233057 139579566835264 terminal.py:91] [Evaluator] Actor Episodes = 32756 | Actor Steps = 1637800 | Delta Dist = 11.772 | Delta Dist 10 = 11.980 | Delta Dist 100 = 11.639 | Delta Dist 1000 = 11.676 | Episode Length = 50 | Episode Return = 7.0 | Evaluator Episodes = 8303 | Evaluator Steps = 415150 | Final Dist = 1.034 | Final Dist 10 = 0.827 | Final Dist 100 = 1.168 | Final Dist 1000 = 1.131 | Init Dist = 12.806 | Init Dist 10 = 12.806 | Init Dist 100 = 12.806 | Init Dist 1000 = 12.806 | Learner Steps = 25435 | Learner Walltime = 5011.117 | Min Dist = 0.274 | Min Dist 10 = 0.149 | Min Dist 100 = 0.493 | Min Dist 1000 = 0.446 | Steps Per Second = 84.471 | Success = 1.000 | Success 1000 = 0.956
I0502 16:29:47.758601 139569349502528 terminal.py:91] [Actor] Actor Episodes = 32758 | Actor Steps = 1637900 | Delta Dist = 0.977 | Delta Dist 10 = 5.086 | Delta Dist 100 = 4.477 | Delta Dist 1000 = 4.339 | Episode Length = 50 | Episode Return = 44.0 | Evaluator Episodes = 8303 | Evaluator Steps = 415150 | Final Dist = 0.023 | Final Dist 10 = 1.205 | Final Dist 100 = 1.526 | Final Dist 1000 = 1.494 | Init Dist = 1.000 | Init Dist 10 = 6.290 | Init Dist 100 = 6.003 | Init Dist 1000 = 5.833 | Learner Steps = 25435 | Learner Walltime = 5011.117 | Min Dist = 0.023 | Min Dist 10 = 0.102 | Min Dist 100 = 0.189 | Min Dist 1000 = 0.202 | Steps Per Second = 79.998 | Success = 1.000 | Success 1000 = 0.992
I0502 16:29:48.492575 139579566835264 terminal.py:91] [Evaluator] Actor Episodes = 32764 | Actor Steps = 1638200 | Delta Dist = 11.448 | Delta Dist 10 = 11.937 | Delta Dist 100 = 11.644 | Delta Dist 1000 = 11.675 | Episode Length = 50 | Episode Return = 16.0 | Evaluator Episodes = 8305 | Evaluator Steps = 415250 | Final Dist = 1.358 | Final Dist 10 = 0.869 | Final Dist 100 = 1.162 | Final Dist 1000 = 1.131 | Init Dist = 12.806 | Init Dist 10 = 12.806 | Init Dist 100 = 12.806 | Init Dist 1000 = 12.806 | Learner Steps = 25440 | Learner Walltime = 5012.130 | Min Dist = 0.213 | Min Dist 10 = 0.173 | Min Dist 100 = 0.494 | Min Dist 1000 = 0.446 | Steps Per Second = 79.259 | Success = 1.000 | Success 1000 = 0.956
I0502 16:29:49.612207 139555860620864 terminal.py:91] [Actor] Actor Episodes = 32770 | Actor Steps = 1638500 | Delta Dist = 4.081 | Delta Dist 10 = 4.074 | Delta Dist 100 = 4.542 | Delta Dist 1000 = 4.315 | Episode Length = 50 | Episode Return = 17.0 | Evaluator Episodes = 8305 | Evaluator Steps = 415250 | Final Dist = 1.018 | Final Dist 10 = 1.206 | Final Dist 100 = 1.362 | Final Dist 1000 = 1.493 | Init Dist = 5.099 | Init Dist 10 = 5.280 | Init Dist 100 = 5.905 | Init Dist 1000 = 5.808 | Learner Steps = 25445 | Learner Walltime = 5013.256 | Min Dist = 0.032 | Min Dist 10 = 0.161 | Min Dist 100 = 0.197 | Min Dist 1000 = 0.202 | Steps Per Second = 75.736 | Success = 1.000 | Success 1000 = 0.992
I0502 16:29:49.635516 139579566835264 terminal.py:91] [Evaluator] Actor Episodes = 32770 | Actor Steps = 1638500 | Delta Dist = 11.567 | Delta Dist 10 = 11.887 | Delta Dist 100 = 11.636 | Delta Dist 1000 = 11.673 | Episode Length = 50 | Episode Return = 7.0 | Evaluator Episodes = 8307 | Evaluator Steps = 415350 | Final Dist = 1.239 | Final Dist 10 = 0.919 | Final Dist 100 = 1.170 | Final Dist 1000 = 1.133 | Init Dist = 12.806 | Init Dist 10 = 12.806 | Init Dist 100 = 12.806 | Init Dist 1000 = 12.806 | Learner Steps = 25445 | Learner Walltime = 5013.256 | Min Dist = 0.052 | Min Dist 10 = 0.220 | Min Dist 100 = 0.497 | Min Dist 1000 = 0.447 | Steps Per Second = 89.105 | Success = 1.000 | Success 1000 = 0.956
I0502 16:29:49.832996 139557462840896 terminal.py:91] [Actor] Actor Episodes = 32769 | Actor Steps = 1638450 | Delta Dist = 2.864 | Delta Dist 10 = 3.746 | Delta Dist 100 = 4.407 | Delta Dist 1000 = 4.307 | Episode Length = 50 | Episode Return = 15.0 | Evaluator Episodes = 8305 | Evaluator Steps = 415250 | Final Dist = 2.136 | Final Dist 10 = 2.003 | Final Dist 100 = 1.453 | Final Dist 1000 = 1.500 | Init Dist = 5.000 | Init Dist 10 = 5.750 | Init Dist 100 = 5.860 | Init Dist 1000 = 5.808 | Learner Steps = 25445 | Learner Walltime = 5013.256 | Min Dist = 0.102 | Min Dist 10 = 0.767 | Min Dist 100 = 0.255 | Min Dist 1000 = 0.208 | Steps Per Second = 81.848 | Success = 1.000 | Success 1000 = 0.992
I0502 16:29:50.875362 139579566835264 terminal.py:91] [Evaluator] Actor Episodes = 32778 | Actor Steps = 1638900 | Delta Dist = 12.155 | Delta Dist 10 = 11.845 | Delta Dist 100 = 11.625 | Delta Dist 1000 = 11.674 | Episode Length = 50 | Episode Return = 14.0 | Evaluator Episodes = 8309 | Evaluator Steps = 415450 | Final Dist = 0.651 | Final Dist 10 = 0.962 | Final Dist 100 = 1.181 | Final Dist 1000 = 1.133 | Init Dist = 12.806 | Init Dist 10 = 12.806 | Init Dist 100 = 12.806 | Init Dist 1000 = 12.806 | Learner Steps = 25452 | Learner Walltime = 5014.582 | Min Dist = 0.307 | Min Dist 10 = 0.225 | Min Dist 100 = 0.497 | Min Dist 1000 = 0.446 | Steps Per Second = 82.772 | Success = 1.000 | Success 1000 = 0.956
I0502 16:29:52.025425 139579566835264 terminal.py:91] [Evaluator] Actor Episodes = 32786 | Actor Steps = 1639300 | Delta Dist = 4.068 | Delta Dist 10 = 11.913 | Delta Dist 100 = 11.633 | Delta Dist 1000 = 11.675 | Episode Length = 50 | Episode Return = 0.0 | Evaluator Episodes = 8311 | Evaluator Steps = 415550 | Final Dist = 8.738 | Final Dist 10 = 0.893 | Final Dist 100 = 1.173 | Final Dist 1000 = 1.132 | Init Dist = 12.806 | Init Dist 10 = 12.806 | Init Dist 100 = 12.806 | Init Dist 1000 = 12.806 | Learner Steps = 25458 | Learner Walltime = 5015.674 | Min Dist = 8.267 | Min Dist 10 = 0.233 | Min Dist 100 = 0.499 | Min Dist 1000 = 0.446 | Steps Per Second = 87.089 | Success = 0.000 | Success 1000 = 0.956
I0502 16:29:53.276434 139579566835264 terminal.py:91] [Evaluator] Actor Episodes = 32796 | Actor Steps = 1639800 | Delta Dist = 12.089 | Delta Dist 10 = 11.065 | Delta Dist 100 = 11.611 | Delta Dist 1000 = 11.666 | Episode Length = 50 | Episode Return = 15.0 | Evaluator Episodes = 8313 | Evaluator Steps = 415650 | Final Dist = 0.717 | Final Dist 10 = 1.741 | Final Dist 100 = 1.195 | Final Dist 1000 = 1.140 | Init Dist = 12.806 | Init Dist 10 = 12.806 | Init Dist 100 = 12.806 | Init Dist 1000 = 12.806 | Learner Steps = 25464 | Learner Walltime = 5016.909 | Min Dist = 0.244 | Min Dist 10 = 1.049 | Min Dist 100 = 0.525 | Min Dist 1000 = 0.454 | Steps Per Second = 79.712 | Success = 1.000 | Success 1000 = 0.955
I0502 16:29:54.211990 139584504182336 lp_utils.py:96] StepsLimiter: Reached 1640000 recorded steps
I0502 16:29:54.483127 139579566835264 terminal.py:91] [Evaluator] Actor Episodes = 32800 | Actor Steps = 1640000 | Delta Dist = 12.556 | Delta Dist 10 = 11.079 | Delta Dist 100 = 11.616 | Delta Dist 1000 = 11.667 | Episode Length = 50 | Episode Return = 13.0 | Evaluator Episodes = 8315 | Evaluator Steps = 415750 | Final Dist = 0.251 | Final Dist 10 = 1.727 | Final Dist 100 = 1.190 | Final Dist 1000 = 1.139 | Init Dist = 12.806 | Init Dist 10 = 12.806 | Init Dist 100 = 12.806 | Init Dist 1000 = 12.806 | Learner Steps = 25470 | Learner Walltime = 5018.217 | Min Dist = 0.163 | Min Dist 10 = 1.054 | Min Dist 100 = 0.528 | Min Dist 1000 = 0.454 | Steps Per Second = 80.166 | Success = 1.000 | Success 1000 = 0.955
I0502 16:29:55.243708 139555013154368 terminal.py:91] [Learner] Actor Episodes = 32806 | Actor Loss = 3.6708102226257324 | Actor Steps = 1640300 | Binary Accuracy = 0.9960498809814453 | Categorical Accuracy = 0.418212890625 | Critic Loss = 1.8244482278823853 | Entropy Mean = -18.98999786376953 | Evaluator Episodes = 8315 | Evaluator Steps = 415750 | Learner Steps = 25476 | Learner Walltime = 5019.441 | Logits Neg = -17.101665496826172 | Logits Pos = -1.8180062770843506 | Logsumexp = 1.0673681497573853 | Steps Per Second = 133.823
I0502 16:29:55.749553 139579566835264 terminal.py:91] [Evaluator] Actor Episodes = 32810 | Actor Steps = 1640500 | Delta Dist = 11.834 | Delta Dist 10 = 11.247 | Delta Dist 100 = 11.703 | Delta Dist 1000 = 11.669 | Episode Length = 50 | Episode Return = 25.0 | Evaluator Episodes = 8317 | Evaluator Steps = 415850 | Final Dist = 0.973 | Final Dist 10 = 1.559 | Final Dist 100 = 1.103 | Final Dist 1000 = 1.138 | Init Dist = 12.806 | Init Dist 10 = 12.806 | Init Dist 100 = 12.806 | Init Dist 1000 = 12.806 | Learner Steps = 25476 | Learner Walltime = 5019.441 | Min Dist = 0.242 | Min Dist 10 = 1.013 | Min Dist 100 = 0.452 | Min Dist 1000 = 0.453 | Steps Per Second = 73.964 | Success = 1.000 | Success 1000 = 0.956
I0502 16:29:56.929787 139558059398720 terminal.py:91] [Actor] Actor Episodes = 32818 | Actor Steps = 1640900 | Delta Dist = 1.596 | Delta Dist 10 = 3.253 | Delta Dist 100 = 4.132 | Delta Dist 1000 = 4.310 | Episode Length = 50 | Episode Return = 9.0 | Evaluator Episodes = 8317 | Evaluator Steps = 415850 | Final Dist = 0.640 | Final Dist 10 = 1.572 | Final Dist 100 = 1.328 | Final Dist 1000 = 1.502 | Init Dist = 2.236 | Init Dist 10 = 4.825 | Init Dist 100 = 5.460 | Init Dist 1000 = 5.811 | Learner Steps = 25483 | Learner Walltime = 5020.674 | Min Dist = 0.050 | Min Dist 10 = 0.074 | Min Dist 100 = 0.185 | Min Dist 1000 = 0.211 | Steps Per Second = 82.986 | Success = 1.000 | Success 1000 = 0.991
I0502 16:29:56.961511 139579566835264 terminal.py:91] [Evaluator] Actor Episodes = 32818 | Actor Steps = 1640900 | Delta Dist = 11.609 | Delta Dist 10 = 11.366 | Delta Dist 100 = 11.710 | Delta Dist 1000 = 11.669 | Episode Length = 50 | Episode Return = 7.0 | Evaluator Episodes = 8319 | Evaluator Steps = 415950 | Final Dist = 1.197 | Final Dist 10 = 1.441 | Final Dist 100 = 1.096 | Final Dist 1000 = 1.137 | Init Dist = 12.806 | Init Dist 10 = 12.806 | Init Dist 100 = 12.806 | Init Dist 1000 = 12.806 | Learner Steps = 25483 | Learner Walltime = 5020.674 | Min Dist = 0.636 | Min Dist 10 = 1.008 | Min Dist 100 = 0.450 | Min Dist 1000 = 0.453 | Steps Per Second = 88.232 | Success = 1.000 | Success 1000 = 0.956
I0502 16:29:58.149624 139579566835264 terminal.py:91] [Evaluator] Actor Episodes = 32824 | Actor Steps = 1641200 | Delta Dist = 11.954 | Delta Dist 10 = 11.289 | Delta Dist 100 = 11.717 | Delta Dist 1000 = 11.673 | Episode Length = 50 | Episode Return = 9.0 | Evaluator Episodes = 8321 | Evaluator Steps = 416050 | Final Dist = 0.852 | Final Dist 10 = 1.517 | Final Dist 100 = 1.090 | Final Dist 1000 = 1.134 | Init Dist = 12.806 | Init Dist 10 = 12.806 | Init Dist 100 = 12.806 | Init Dist 1000 = 12.806 | Learner Steps = 25489 | Learner Walltime = 5021.897 | Min Dist = 0.154 | Min Dist 10 = 1.039 | Min Dist 100 = 0.456 | Min Dist 1000 = 0.449 | Steps Per Second = 89.023 | Success = 1.000 | Success 1000 = 0.957
I0502 16:29:58.232762 139569349502528 terminal.py:91] [Actor] Actor Episodes = 32823 | Actor Steps = 1641150 | Delta Dist = 3.911 | Delta Dist 10 = 4.387 | Delta Dist 100 = 4.208 | Delta Dist 1000 = 4.311 | Episode Length = 50 | Episode Return = 37.0 | Evaluator Episodes = 8319 | Evaluator Steps = 415950 | Final Dist = 0.089 | Final Dist 10 = 1.037 | Final Dist 100 = 1.244 | Final Dist 1000 = 1.501 | Init Dist = 4.000 | Init Dist 10 = 5.424 | Init Dist 100 = 5.452 | Init Dist 1000 = 5.812 | Learner Steps = 25483 | Learner Walltime = 5020.674 | Min Dist = 0.089 | Min Dist 10 = 0.114 | Min Dist 100 = 0.183 | Min Dist 1000 = 0.207 | Steps Per Second = 83.405 | Success = 1.000 | Success 1000 = 0.991
I0502 16:29:59.345178 139579566835264 terminal.py:91] [Evaluator] Actor Episodes = 32832 | Actor Steps = 1641600 | Delta Dist = 11.866 | Delta Dist 10 = 12.067 | Delta Dist 100 = 11.718 | Delta Dist 1000 = 11.673 | Episode Length = 50 | Episode Return = 5.0 | Evaluator Episodes = 8323 | Evaluator Steps = 416150 | Final Dist = 0.940 | Final Dist 10 = 0.739 | Final Dist 100 = 1.088 | Final Dist 1000 = 1.134 | Init Dist = 12.806 | Init Dist 10 = 12.806 | Init Dist 100 = 12.806 | Init Dist 1000 = 12.806 | Learner Steps = 25495 | Learner Walltime = 5023.059 | Min Dist = 0.171 | Min Dist 10 = 0.279 | Min Dist 100 = 0.454 | Min Dist 1000 = 0.449 | Steps Per Second = 83.897 | Success = 1.000 | Success 1000 = 0.957
I0502 16:29:59.980014 139555860620864 terminal.py:91] [Actor] Actor Episodes = 32835 | Actor Steps = 1641750 | Delta Dist = 4.379 | Delta Dist 10 = 5.128 | Delta Dist 100 = 4.218 | Delta Dist 1000 = 4.324 | Episode Length = 50 | Episode Return = 35.0 | Evaluator Episodes = 8323 | Evaluator Steps = 416150 | Final Dist = 0.093 | Final Dist 10 = 1.057 | Final Dist 100 = 1.284 | Final Dist 1000 = 1.483 | Init Dist = 4.472 | Init Dist 10 = 6.185 | Init Dist 100 = 5.502 | Init Dist 1000 = 5.807 | Learner Steps = 25495 | Learner Walltime = 5023.059 | Min Dist = 0.093 | Min Dist 10 = 0.070 | Min Dist 100 = 0.180 | Min Dist 1000 = 0.207 | Steps Per Second = 82.204 | Success = 1.000 | Success 1000 = 0.991
I0502 16:30:00.483533 139557462840896 terminal.py:91] [Actor] Actor Episodes = 32840 | Actor Steps = 1642000 | Delta Dist = 2.659 | Delta Dist 10 = 4.457 | Delta Dist 100 = 4.233 | Delta Dist 1000 = 4.317 | Episode Length = 50 | Episode Return = 36.0 | Evaluator Episodes = 8323 | Evaluator Steps = 416150 | Final Dist = 0.341 | Final Dist 10 = 0.460 | Final Dist 100 = 1.257 | Final Dist 1000 = 1.483 | Init Dist = 3.000 | Init Dist 10 = 4.917 | Init Dist 100 = 5.490 | Init Dist 1000 = 5.800 | Learner Steps = 25502 | Learner Walltime = 5024.317 | Min Dist = 0.048 | Min Dist 10 = 0.089 | Min Dist 100 = 0.180 | Min Dist 1000 = 0.207 | Steps Per Second = 76.518 | Success = 1.000 | Success 1000 = 0.991
I0502 16:30:00.559529 139579566835264 terminal.py:91] [Evaluator] Actor Episodes = 32840 | Actor Steps = 1642000 | Delta Dist = 11.561 | Delta Dist 10 = 11.962 | Delta Dist 100 = 11.713 | Delta Dist 1000 = 11.673 | Episode Length = 50 | Episode Return = 2.0 | Evaluator Episodes = 8325 | Evaluator Steps = 416250 | Final Dist = 1.245 | Final Dist 10 = 0.844 | Final Dist 100 = 1.094 | Final Dist 1000 = 1.133 | Init Dist = 12.806 | Init Dist 10 = 12.806 | Init Dist 100 = 12.806 | Init Dist 1000 = 12.806 | Learner Steps = 25502 | Learner Walltime = 5024.317 | Min Dist = 0.139 | Min Dist 10 = 0.323 | Min Dist 100 = 0.460 | Min Dist 1000 = 0.450 | Steps Per Second = 81.177 | Success = 1.000 | Success 1000 = 0.957
I0502 16:30:01.843457 139579566835264 terminal.py:91] [Evaluator] Actor Episodes = 32848 | Actor Steps = 1642400 | Delta Dist = 12.231 | Delta Dist 10 = 11.818 | Delta Dist 100 = 11.706 | Delta Dist 1000 = 11.673 | Episode Length = 50 | Episode Return = 8.0 | Evaluator Episodes = 8327 | Evaluator Steps = 416350 | Final Dist = 0.575 | Final Dist 10 = 0.989 | Final Dist 100 = 1.101 | Final Dist 1000 = 1.134 | Init Dist = 12.806 | Init Dist 10 = 12.806 | Init Dist 100 = 12.806 | Init Dist 1000 = 12.806 | Learner Steps = 25508 | Learner Walltime = 5025.581 | Min Dist = 0.265 | Min Dist 10 = 0.317 | Min Dist 100 = 0.462 | Min Dist 1000 = 0.450 | Steps Per Second = 72.651 | Success = 1.000 | Success 1000 = 0.957
I0502 16:30:03.042657 139579566835264 terminal.py:91] [Evaluator] Actor Episodes = 32856 | Actor Steps = 1642800 | Delta Dist = 12.299 | Delta Dist 10 = 11.853 | Delta Dist 100 = 11.715 | Delta Dist 1000 = 11.674 | Episode Length = 50 | Episode Return = 36.0 | Evaluator Episodes = 8329 | Evaluator Steps = 416450 | Final Dist = 0.508 | Final Dist 10 = 0.953 | Final Dist 100 = 1.091 | Final Dist 1000 = 1.132 | Init Dist = 12.806 | Init Dist 10 = 12.806 | Init Dist 100 = 12.806 | Init Dist 1000 = 12.806 | Learner Steps = 25515 | Learner Walltime = 5026.947 | Min Dist = 0.090 | Min Dist 10 = 0.330 | Min Dist 100 = 0.463 | Min Dist 1000 = 0.450 | Steps Per Second = 87.522 | Success = 1.000 | Success 1000 = 0.957
I0502 16:30:04.227294 139584504182336 lp_utils.py:96] StepsLimiter: Reached 1643100 recorded steps
I0502 16:30:04.337468 139579566835264 terminal.py:91] [Evaluator] Actor Episodes = 32862 | Actor Steps = 1643100 | Delta Dist = 11.704 | Delta Dist 10 = 11.930 | Delta Dist 100 = 11.718 | Delta Dist 1000 = 11.676 | Episode Length = 50 | Episode Return = 5.0 | Evaluator Episodes = 8331 | Evaluator Steps = 416550 | Final Dist = 1.102 | Final Dist 10 = 0.876 | Final Dist 100 = 1.088 | Final Dist 1000 = 1.131 | Init Dist = 12.806 | Init Dist 10 = 12.806 | Init Dist 100 = 12.806 | Init Dist 1000 = 12.806 | Learner Steps = 25521 | Learner Walltime = 5028.212 | Min Dist = 0.092 | Min Dist 10 = 0.302 | Min Dist 100 = 0.466 | Min Dist 1000 = 0.450 | Steps Per Second = 74.197 | Success = 1.000 | Success 1000 = 0.957
I0502 16:30:05.315982 139555013154368 terminal.py:91] [Learner] Actor Episodes = 32868 | Actor Loss = 3.7511541843414307 | Actor Steps = 1643400 | Binary Accuracy = 0.9959671497344971 | Categorical Accuracy = 0.417236328125 | Critic Loss = 1.8185780048370361 | Entropy Mean = -22.325838088989258 | Evaluator Episodes = 8331 | Evaluator Steps = 416550 | Learner Steps = 25527 | Learner Walltime = 5029.511 | Logits Neg = -16.97039222717285 | Logits Pos = -1.7979209423065186 | Logsumexp = 1.1804593801498413 | Steps Per Second = 406.214
I0502 16:30:05.637763 139579566835264 terminal.py:91] [Evaluator] Actor Episodes = 32870 | Actor Steps = 1643500 | Delta Dist = 6.271 | Delta Dist 10 = 11.945 | Delta Dist 100 = 11.719 | Delta Dist 1000 = 11.676 | Episode Length = 50 | Episode Return = 0.0 | Evaluator Episodes = 8333 | Evaluator Steps = 416650 | Final Dist = 6.535 | Final Dist 10 = 0.861 | Final Dist 100 = 1.087 | Final Dist 1000 = 1.131 | Init Dist = 12.806 | Init Dist 10 = 12.806 | Init Dist 100 = 12.806 | Init Dist 1000 = 12.806 | Learner Steps = 25526 | Learner Walltime = 5029.353 | Min Dist = 6.535 | Min Dist 10 = 0.260 | Min Dist 100 = 0.469 | Min Dist 1000 = 0.450 | Steps Per Second = 76.065 | Success = 0.000 | Success 1000 = 0.957
I0502 16:30:06.903285 139579566835264 terminal.py:91] [Evaluator] Actor Episodes = 32880 | Actor Steps = 1644000 | Delta Dist = 11.777 | Delta Dist 10 = 11.388 | Delta Dist 100 = 11.654 | Delta Dist 1000 = 11.670 | Episode Length = 50 | Episode Return = 20.0 | Evaluator Episodes = 8335 | Evaluator Steps = 416750 | Final Dist = 1.029 | Final Dist 10 = 1.418 | Final Dist 100 = 1.152 | Final Dist 1000 = 1.136 | Init Dist = 12.806 | Init Dist 10 = 12.806 | Init Dist 100 = 12.806 | Init Dist 1000 = 12.806 | Learner Steps = 25532 | Learner Walltime = 5030.646 | Min Dist = 0.129 | Min Dist 10 = 0.840 | Min Dist 100 = 0.532 | Min Dist 1000 = 0.456 | Steps Per Second = 76.588 | Success = 1.000 | Success 1000 = 0.956
I0502 16:30:07.031295 139558059398720 terminal.py:91] [Actor] Actor Episodes = 32882 | Actor Steps = 1644100 | Delta Dist = 5.658 | Delta Dist 10 = 4.171 | Delta Dist 100 = 4.224 | Delta Dist 1000 = 4.337 | Episode Length = 50 | Episode Return = 41.0 | Evaluator Episodes = 8335 | Evaluator Steps = 416750 | Final Dist = 0.424 | Final Dist 10 = 0.465 | Final Dist 100 = 1.119 | Final Dist 1000 = 1.475 | Init Dist = 6.083 | Init Dist 10 = 4.636 | Init Dist 100 = 5.343 | Init Dist 1000 = 5.813 | Learner Steps = 25532 | Learner Walltime = 5030.646 | Min Dist = 0.051 | Min Dist 10 = 0.017 | Min Dist 100 = 0.096 | Min Dist 1000 = 0.203 | Steps Per Second = 81.187 | Success = 1.000 | Success 1000 = 0.991
I0502 16:30:07.799406 139584635659840 savers.py:156] Saving checkpoint: logs/contrastive_cpc_point_FourRooms_64/5dd72662-2788-11f0-b183-d85ed38c5779/checkpoints/counter
I0502 16:30:08.119512 139579566835264 terminal.py:91] [Evaluator] Actor Episodes = 32888 | Actor Steps = 1644400 | Delta Dist = 11.146 | Delta Dist 10 = 11.475 | Delta Dist 100 = 11.671 | Delta Dist 1000 = 11.671 | Episode Length = 50 | Episode Return = 10.0 | Evaluator Episodes = 8337 | Evaluator Steps = 416850 | Final Dist = 1.660 | Final Dist 10 = 1.331 | Final Dist 100 = 1.135 | Final Dist 1000 = 1.135 | Init Dist = 12.806 | Init Dist 10 = 12.806 | Init Dist 100 = 12.806 | Init Dist 1000 = 12.806 | Learner Steps = 25539 | Learner Walltime = 5032.001 | Min Dist = 0.534 | Min Dist 10 = 0.826 | Min Dist 100 = 0.513 | Min Dist 1000 = 0.456 | Steps Per Second = 87.630 | Success = 1.000 | Success 1000 = 0.956
I0502 16:30:08.362427 139569349502528 terminal.py:91] [Actor] Actor Episodes = 32887 | Actor Steps = 1644350 | Delta Dist = 9.101 | Delta Dist 10 = 3.381 | Delta Dist 100 = 4.031 | Delta Dist 1000 = 4.334 | Episode Length = 50 | Episode Return = 43.0 | Evaluator Episodes = 8335 | Evaluator Steps = 416750 | Final Dist = 0.119 | Final Dist 10 = 1.179 | Final Dist 100 = 1.188 | Final Dist 1000 = 1.482 | Init Dist = 9.220 | Init Dist 10 = 4.560 | Init Dist 100 = 5.219 | Init Dist 1000 = 5.816 | Learner Steps = 25532 | Learner Walltime = 5030.646 | Min Dist = 0.009 | Min Dist 10 = 0.067 | Min Dist 100 = 0.098 | Min Dist 1000 = 0.203 | Steps Per Second = 73.423 | Success = 1.000 | Success 1000 = 0.991
I0502 16:30:09.342742 139579566835264 terminal.py:91] [Evaluator] Actor Episodes = 32896 | Actor Steps = 1644800 | Delta Dist = 11.945 | Delta Dist 10 = 11.306 | Delta Dist 100 = 11.661 | Delta Dist 1000 = 11.670 | Episode Length = 50 | Episode Return = 26.0 | Evaluator Episodes = 8339 | Evaluator Steps = 416950 | Final Dist = 0.861 | Final Dist 10 = 1.500 | Final Dist 100 = 1.145 | Final Dist 1000 = 1.136 | Init Dist = 12.806 | Init Dist 10 = 12.806 | Init Dist 100 = 12.806 | Init Dist 1000 = 12.806 | Learner Steps = 25545 | Learner Walltime = 5033.309 | Min Dist = 0.136 | Min Dist 10 = 0.867 | Min Dist 100 = 0.513 | Min Dist 1000 = 0.457 | Steps Per Second = 77.696 | Success = 1.000 | Success 1000 = 0.956
I0502 16:30:10.231033 139555860620864 terminal.py:91] [Actor] Actor Episodes = 32899 | Actor Steps = 1644950 | Delta Dist = 1.612 | Delta Dist 10 = 5.657 | Delta Dist 100 = 4.296 | Delta Dist 1000 = 4.352 | Episode Length = 50 | Episode Return = 7.0 | Evaluator Episodes = 8339 | Evaluator Steps = 416950 | Final Dist = 1.994 | Final Dist 10 = 1.669 | Final Dist 100 = 1.241 | Final Dist 1000 = 1.493 | Init Dist = 3.606 | Init Dist 10 = 7.326 | Init Dist 100 = 5.537 | Init Dist 1000 = 5.844 | Learner Steps = 25545 | Learner Walltime = 5033.309 | Min Dist = 0.038 | Min Dist 10 = 0.208 | Min Dist 100 = 0.094 | Min Dist 1000 = 0.204 | Steps Per Second = 100.736 | Success = 1.000 | Success 1000 = 0.991
I0502 16:30:10.553795 139557462840896 terminal.py:91] [Actor] Actor Episodes = 32904 | Actor Steps = 1645200 | Delta Dist = 1.970 | Delta Dist 10 = 4.229 | Delta Dist 100 = 4.332 | Delta Dist 1000 = 4.354 | Episode Length = 50 | Episode Return = 39.0 | Evaluator Episodes = 8339 | Evaluator Steps = 416950 | Final Dist = 0.030 | Final Dist 10 = 1.802 | Final Dist 100 = 1.205 | Final Dist 1000 = 1.494 | Init Dist = 2.000 | Init Dist 10 = 6.031 | Init Dist 100 = 5.538 | Init Dist 1000 = 5.848 | Learner Steps = 25551 | Learner Walltime = 5034.532 | Min Dist = 0.022 | Min Dist 10 = 0.225 | Min Dist 100 = 0.088 | Min Dist 1000 = 0.204 | Steps Per Second = 75.317 | Success = 1.000 | Success 1000 = 0.991
I0502 16:30:10.626145 139579566835264 terminal.py:91] [Evaluator] Actor Episodes = 32904 | Actor Steps = 1645200 | Delta Dist = 11.402 | Delta Dist 10 = 11.239 | Delta Dist 100 = 11.655 | Delta Dist 1000 = 11.670 | Episode Length = 50 | Episode Return = 16.0 | Evaluator Episodes = 8341 | Evaluator Steps = 417050 | Final Dist = 1.405 | Final Dist 10 = 1.567 | Final Dist 100 = 1.151 | Final Dist 1000 = 1.136 | Init Dist = 12.806 | Init Dist 10 = 12.806 | Init Dist 100 = 12.806 | Init Dist 1000 = 12.806 | Learner Steps = 25551 | Learner Walltime = 5034.532 | Min Dist = 0.096 | Min Dist 10 = 0.881 | Min Dist 100 = 0.517 | Min Dist 1000 = 0.456 | Steps Per Second = 80.191 | Success = 1.000 | Success 1000 = 0.956
I0502 16:30:11.884594 139579566835264 terminal.py:91] [Evaluator] Actor Episodes = 32910 | Actor Steps = 1645500 | Delta Dist = 11.997 | Delta Dist 10 = 11.233 | Delta Dist 100 = 11.658 | Delta Dist 1000 = 11.669 | Episode Length = 50 | Episode Return = 7.0 | Evaluator Episodes = 8343 | Evaluator Steps = 417150 | Final Dist = 0.809 | Final Dist 10 = 1.574 | Final Dist 100 = 1.149 | Final Dist 1000 = 1.137 | Init Dist = 12.806 | Init Dist 10 = 12.806 | Init Dist 100 = 12.806 | Init Dist 1000 = 12.806 | Learner Steps = 25557 | Learner Walltime = 5035.547 | Min Dist = 0.117 | Min Dist 10 = 0.855 | Min Dist 100 = 0.513 | Min Dist 1000 = 0.456 | Steps Per Second = 76.981 | Success = 1.000 | Success 1000 = 0.956
I0502 16:30:13.133175 139579566835264 terminal.py:91] [Evaluator] Actor Episodes = 32918 | Actor Steps = 1645900 | Delta Dist = 11.679 | Delta Dist 10 = 11.773 | Delta Dist 100 = 11.706 | Delta Dist 1000 = 11.669 | Episode Length = 50 | Episode Return = 8.0 | Evaluator Episodes = 8345 | Evaluator Steps = 417250 | Final Dist = 1.128 | Final Dist 10 = 1.033 | Final Dist 100 = 1.100 | Final Dist 1000 = 1.137 | Init Dist = 12.806 | Init Dist 10 = 12.806 | Init Dist 100 = 12.806 | Init Dist 1000 = 12.806 | Learner Steps = 25563 | Learner Walltime = 5036.869 | Min Dist = 0.238 | Min Dist 10 = 0.200 | Min Dist 100 = 0.457 | Min Dist 1000 = 0.456 | Steps Per Second = 80.010 | Success = 1.000 | Success 1000 = 0.956
I0502 16:30:14.146055 139583350109760 savers.py:156] Saving checkpoint: logs/contrastive_cpc_point_FourRooms_64/5dd72662-2788-11f0-b183-d85ed38c5779/checkpoints/learner
I0502 16:30:14.243006 139584504182336 lp_utils.py:96] StepsLimiter: Reached 1646300 recorded steps
I0502 16:30:14.362285 139579566835264 terminal.py:91] [Evaluator] Actor Episodes = 32926 | Actor Steps = 1646300 | Delta Dist = 5.929 | Delta Dist 10 = 11.664 | Delta Dist 100 = 11.690 | Delta Dist 1000 = 11.669 | Episode Length = 50 | Episode Return = 0.0 | Evaluator Episodes = 8347 | Evaluator Steps = 417350 | Final Dist = 6.878 | Final Dist 10 = 1.143 | Final Dist 100 = 1.116 | Final Dist 1000 = 1.138 | Init Dist = 12.806 | Init Dist 10 = 12.806 | Init Dist 100 = 12.806 | Init Dist 1000 = 12.806 | Learner Steps = 25570 | Learner Walltime = 5038.348 | Min Dist = 4.940 | Min Dist 10 = 0.210 | Min Dist 100 = 0.456 | Min Dist 1000 = 0.456 | Steps Per Second = 79.703 | Success = 0.000 | Success 1000 = 0.956
I0502 16:30:15.354762 139555013154368 terminal.py:91] [Learner] Actor Episodes = 32932 | Actor Loss = 3.740872859954834 | Actor Steps = 1646600 | Binary Accuracy = 0.9960548877716064 | Categorical Accuracy = 0.42889404296875 | Critic Loss = 1.7535300254821777 | Entropy Mean = -20.890148162841797 | Evaluator Episodes = 8347 | Evaluator Steps = 417350 | Learner Steps = 25577 | Learner Walltime = 5039.548 | Logits Neg = -17.611526489257812 | Logits Pos = -1.7503759860992432 | Logsumexp = 1.0766468048095703 | Steps Per Second = 1431.503
I0502 16:30:15.672298 139579566835264 terminal.py:91] [Evaluator] Actor Episodes = 32934 | Actor Steps = 1646700 | Delta Dist = 12.192 | Delta Dist 10 = 11.203 | Delta Dist 100 = 11.626 | Delta Dist 1000 = 11.666 | Episode Length = 50 | Episode Return = 8.0 | Evaluator Episodes = 8349 | Evaluator Steps = 417450 | Final Dist = 0.614 | Final Dist 10 = 1.603 | Final Dist 100 = 1.180 | Final Dist 1000 = 1.140 | Init Dist = 12.806 | Init Dist 10 = 12.806 | Init Dist 100 = 12.806 | Init Dist 1000 = 12.806 | Learner Steps = 25575 | Learner Walltime = 5039.388 | Min Dist = 0.182 | Min Dist 10 = 0.621 | Min Dist 100 = 0.500 | Min Dist 1000 = 0.456 | Steps Per Second = 83.118 | Success = 1.000 | Success 1000 = 0.956
I0502 16:30:16.852142 139579566835264 terminal.py:91] [Evaluator] Actor Episodes = 32942 | Actor Steps = 1647100 | Delta Dist = 11.412 | Delta Dist 10 = 11.191 | Delta Dist 100 = 11.624 | Delta Dist 1000 = 11.666 | Episode Length = 50 | Episode Return = 16.0 | Evaluator Episodes = 8351 | Evaluator Steps = 417550 | Final Dist = 1.395 | Final Dist 10 = 1.615 | Final Dist 100 = 1.182 | Final Dist 1000 = 1.140 | Init Dist = 12.806 | Init Dist 10 = 12.806 | Init Dist 100 = 12.806 | Init Dist 1000 = 12.806 | Learner Steps = 25580 | Learner Walltime = 5040.464 | Min Dist = 0.269 | Min Dist 10 = 0.586 | Min Dist 100 = 0.497 | Min Dist 1000 = 0.456 | Steps Per Second = 87.809 | Success = 1.000 | Success 1000 = 0.956
I0502 16:30:17.556930 139558059398720 terminal.py:91] [Actor] Actor Episodes = 32948 | Actor Steps = 1647400 | Delta Dist = 7.013 | Delta Dist 10 = 5.208 | Delta Dist 100 = 4.669 | Delta Dist 1000 = 4.390 | Episode Length = 50 | Episode Return = 43.0 | Evaluator Episodes = 8351 | Evaluator Steps = 417550 | Final Dist = 0.267 | Final Dist 10 = 1.004 | Final Dist 100 = 1.270 | Final Dist 1000 = 1.489 | Init Dist = 7.280 | Init Dist 10 = 6.211 | Init Dist 100 = 5.940 | Init Dist 1000 = 5.879 | Learner Steps = 25586 | Learner Walltime = 5041.648 | Min Dist = 0.176 | Min Dist 10 = 0.206 | Min Dist 100 = 0.099 | Min Dist 1000 = 0.195 | Steps Per Second = 80.601 | Success = 1.000 | Success 1000 = 0.990
I0502 16:30:18.116397 139579566835264 terminal.py:91] [Evaluator] Actor Episodes = 32952 | Actor Steps = 1647600 | Delta Dist = 12.406 | Delta Dist 10 = 11.136 | Delta Dist 100 = 11.614 | Delta Dist 1000 = 11.664 | Episode Length = 50 | Episode Return = 29.0 | Evaluator Episodes = 8353 | Evaluator Steps = 417650 | Final Dist = 0.401 | Final Dist 10 = 1.670 | Final Dist 100 = 1.192 | Final Dist 1000 = 1.142 | Init Dist = 12.806 | Init Dist 10 = 12.806 | Init Dist 100 = 12.806 | Init Dist 1000 = 12.806 | Learner Steps = 25586 | Learner Walltime = 5041.648 | Min Dist = 0.108 | Min Dist 10 = 0.602 | Min Dist 100 = 0.496 | Min Dist 1000 = 0.456 | Steps Per Second = 74.160 | Success = 1.000 | Success 1000 = 0.956
I0502 16:30:18.693886 139569349502528 terminal.py:91] [Actor] Actor Episodes = 32953 | Actor Steps = 1647650 | Delta Dist = 9.048 | Delta Dist 10 = 4.746 | Delta Dist 100 = 4.666 | Delta Dist 1000 = 4.393 | Episode Length = 50 | Episode Return = 23.0 | Evaluator Episodes = 8351 | Evaluator Steps = 417550 | Final Dist = 0.952 | Final Dist 10 = 1.112 | Final Dist 100 = 1.251 | Final Dist 1000 = 1.492 | Init Dist = 10.000 | Init Dist 10 = 5.857 | Init Dist 100 = 5.917 | Init Dist 1000 = 5.885 | Learner Steps = 25586 | Learner Walltime = 5041.648 | Min Dist = 0.434 | Min Dist 10 = 0.097 | Min Dist 100 = 0.097 | Min Dist 1000 = 0.195 | Steps Per Second = 79.521 | Success = 1.000 | Success 1000 = 0.990
I0502 16:30:19.330796 139579566835264 terminal.py:91] [Evaluator] Actor Episodes = 32960 | Actor Steps = 1648000 | Delta Dist = 11.523 | Delta Dist 10 = 11.217 | Delta Dist 100 = 11.624 | Delta Dist 1000 = 11.664 | Episode Length = 50 | Episode Return = 1.0 | Evaluator Episodes = 8355 | Evaluator Steps = 417750 | Final Dist = 1.284 | Final Dist 10 = 1.589 | Final Dist 100 = 1.183 | Final Dist 1000 = 1.142 | Init Dist = 12.806 | Init Dist 10 = 12.806 | Init Dist 100 = 12.806 | Init Dist 1000 = 12.806 | Learner Steps = 25592 | Learner Walltime = 5042.859 | Min Dist = 0.960 | Min Dist 10 = 0.603 | Min Dist 100 = 0.494 | Min Dist 1000 = 0.456 | Steps Per Second = 89.545 | Success = 1.000 | Success 1000 = 0.956
I0502 16:30:20.481612 139555860620864 terminal.py:91] [Actor] Actor Episodes = 32963 | Actor Steps = 1648150 | Delta Dist = 0.845 | Delta Dist 10 = 5.033 | Delta Dist 100 = 4.734 | Delta Dist 1000 = 4.407 | Episode Length = 50 | Episode Return = 31.0 | Evaluator Episodes = 8355 | Evaluator Steps = 417750 | Final Dist = 0.155 | Final Dist 10 = 1.084 | Final Dist 100 = 1.204 | Final Dist 1000 = 1.477 | Init Dist = 1.000 | Init Dist 10 = 6.117 | Init Dist 100 = 5.939 | Init Dist 1000 = 5.883 | Learner Steps = 25592 | Learner Walltime = 5042.859 | Min Dist = 0.054 | Min Dist 10 = 0.271 | Min Dist 100 = 0.114 | Min Dist 1000 = 0.192 | Steps Per Second = 76.100 | Success = 1.000 | Success 1000 = 0.990
I0502 16:30:20.595226 139557462840896 terminal.py:91] [Actor] Actor Episodes = 32966 | Actor Steps = 1648300 | Delta Dist = 4.426 | Delta Dist 10 = 4.212 | Delta Dist 100 = 4.690 | Delta Dist 1000 = 4.407 | Episode Length = 50 | Episode Return = 41.0 | Evaluator Episodes = 8355 | Evaluator Steps = 417750 | Final Dist = 0.046 | Final Dist 10 = 1.005 | Final Dist 100 = 1.198 | Final Dist 1000 = 1.467 | Init Dist = 4.472 | Init Dist 10 = 5.217 | Init Dist 100 = 5.888 | Init Dist 1000 = 5.874 | Learner Steps = 25599 | Learner Walltime = 5044.244 | Min Dist = 0.026 | Min Dist 10 = 0.233 | Min Dist 100 = 0.115 | Min Dist 1000 = 0.192 | Steps Per Second = 74.662 | Success = 1.000 | Success 1000 = 0.990
I0502 16:30:20.595581 139579566835264 terminal.py:91] [Evaluator] Actor Episodes = 32966 | Actor Steps = 1648300 | Delta Dist = 11.874 | Delta Dist 10 = 10.703 | Delta Dist 100 = 11.562 | Delta Dist 1000 = 11.659 | Episode Length = 50 | Episode Return = 9.0 | Evaluator Episodes = 8357 | Evaluator Steps = 417850 | Final Dist = 0.933 | Final Dist 10 = 2.103 | Final Dist 100 = 1.245 | Final Dist 1000 = 1.147 | Init Dist = 12.806 | Init Dist 10 = 12.806 | Init Dist 100 = 12.806 | Init Dist 1000 = 12.806 | Learner Steps = 25599 | Learner Walltime = 5044.244 | Min Dist = 0.199 | Min Dist 10 = 0.976 | Min Dist 100 = 0.526 | Min Dist 1000 = 0.460 | Steps Per Second = 79.859 | Success = 1.000 | Success 1000 = 0.955
I0502 16:30:21.789025 139579566835264 terminal.py:91] [Evaluator] Actor Episodes = 32974 | Actor Steps = 1648700 | Delta Dist = 12.451 | Delta Dist 10 = 11.318 | Delta Dist 100 = 11.566 | Delta Dist 1000 = 11.659 | Episode Length = 50 | Episode Return = 26.0 | Evaluator Episodes = 8359 | Evaluator Steps = 417950 | Final Dist = 0.355 | Final Dist 10 = 1.488 | Final Dist 100 = 1.240 | Final Dist 1000 = 1.147 | Init Dist = 12.806 | Init Dist 10 = 12.806 | Init Dist 100 = 12.806 | Init Dist 1000 = 12.806 | Learner Steps = 25605 | Learner Walltime = 5045.426 | Min Dist = 0.046 | Min Dist 10 = 0.510 | Min Dist 100 = 0.528 | Min Dist 1000 = 0.460 | Steps Per Second = 80.120 | Success = 1.000 | Success 1000 = 0.955
I0502 16:30:22.991802 139579566835264 terminal.py:91] [Evaluator] Actor Episodes = 32982 | Actor Steps = 1649100 | Delta Dist = 12.445 | Delta Dist 10 = 11.440 | Delta Dist 100 = 11.574 | Delta Dist 1000 = 11.660 | Episode Length = 50 | Episode Return = 12.0 | Evaluator Episodes = 8361 | Evaluator Steps = 418050 | Final Dist = 0.361 | Final Dist 10 = 1.366 | Final Dist 100 = 1.232 | Final Dist 1000 = 1.146 | Init Dist = 12.806 | Init Dist 10 = 12.806 | Init Dist 100 = 12.806 | Init Dist 1000 = 12.806 | Learner Steps = 25611 | Learner Walltime = 5046.687 | Min Dist = 0.201 | Min Dist 10 = 0.506 | Min Dist 100 = 0.524 | Min Dist 1000 = 0.460 | Steps Per Second = 85.549 | Success = 1.000 | Success 1000 = 0.955
I0502 16:30:24.264055 139584504182336 lp_utils.py:96] StepsLimiter: Reached 1649500 recorded steps
I0502 16:30:24.267976 139579566835264 terminal.py:91] [Evaluator] Actor Episodes = 32990 | Actor Steps = 1649500 | Delta Dist = 11.585 | Delta Dist 10 = 11.606 | Delta Dist 100 = 11.584 | Delta Dist 1000 = 11.661 | Episode Length = 50 | Episode Return = 3.0 | Evaluator Episodes = 8363 | Evaluator Steps = 418150 | Final Dist = 1.221 | Final Dist 10 = 1.200 | Final Dist 100 = 1.222 | Final Dist 1000 = 1.145 | Init Dist = 12.806 | Init Dist 10 = 12.806 | Init Dist 100 = 12.806 | Init Dist 1000 = 12.806 | Learner Steps = 25617 | Learner Walltime = 5047.882 | Min Dist = 0.456 | Min Dist 10 = 0.514 | Min Dist 100 = 0.521 | Min Dist 1000 = 0.460 | Steps Per Second = 76.916 | Success = 1.000 | Success 1000 = 0.955
I0502 16:30:25.505860 139555013154368 terminal.py:91] [Learner] Actor Episodes = 32992 | Actor Loss = 3.6924710273742676 | Actor Steps = 1649600 | Binary Accuracy = 0.9960372447967529 | Categorical Accuracy = 0.40447998046875 | Critic Loss = 1.8808231353759766 | Entropy Mean = -20.97422218322754 | Evaluator Episodes = 8363 | Evaluator Steps = 418150 | Learner Steps = 25626 | Learner Walltime = 5049.701 | Logits Neg = -16.98624610900879 | Logits Pos = -1.8499510288238525 | Logsumexp = 1.1948764324188232 | Steps Per Second = 122.819
I0502 16:30:25.537491 139579566835264 terminal.py:91] [Evaluator] Actor Episodes = 32998 | Actor Steps = 1649900 | Delta Dist = 12.570 | Delta Dist 10 = 11.501 | Delta Dist 100 = 11.575 | Delta Dist 1000 = 11.660 | Episode Length = 50 | Episode Return = 26.0 | Evaluator Episodes = 8365 | Evaluator Steps = 418250 | Final Dist = 0.236 | Final Dist 10 = 1.305 | Final Dist 100 = 1.232 | Final Dist 1000 = 1.147 | Init Dist = 12.806 | Init Dist 10 = 12.806 | Init Dist 100 = 12.806 | Init Dist 1000 = 12.806 | Learner Steps = 25623 | Learner Walltime = 5049.059 | Min Dist = 0.096 | Min Dist 10 = 0.573 | Min Dist 100 = 0.515 | Min Dist 1000 = 0.461 | Steps Per Second = 81.508 | Success = 1.000 | Success 1000 = 0.955
I0502 16:30:26.918790 139579566835264 terminal.py:91] [Evaluator] Actor Episodes = 33006 | Actor Steps = 1650300 | Delta Dist = 11.492 | Delta Dist 10 = 12.102 | Delta Dist 100 = 11.577 | Delta Dist 1000 = 11.661 | Episode Length = 50 | Episode Return = 22.0 | Evaluator Episodes = 8367 | Evaluator Steps = 418350 | Final Dist = 1.314 | Final Dist 10 = 0.704 | Final Dist 100 = 1.229 | Final Dist 1000 = 1.145 | Init Dist = 12.806 | Init Dist 10 = 12.806 | Init Dist 100 = 12.806 | Init Dist 1000 = 12.806 | Learner Steps = 25629 | Learner Walltime = 5050.076 | Min Dist = 0.165 | Min Dist 10 = 0.224 | Min Dist 100 = 0.512 | Min Dist 1000 = 0.460 | Steps Per Second = 69.849 | Success = 1.000 | Success 1000 = 0.955
I0502 16:30:27.561217 139558059398720 terminal.py:91] [Actor] Actor Episodes = 33010 | Actor Steps = 1650500 | Delta Dist = 5.596 | Delta Dist 10 = 6.142 | Delta Dist 100 = 5.020 | Delta Dist 1000 = 4.422 | Episode Length = 50 | Episode Return = 23.0 | Evaluator Episodes = 8367 | Evaluator Steps = 418350 | Final Dist = 0.235 | Final Dist 10 = 1.308 | Final Dist 100 = 1.406 | Final Dist 1000 = 1.501 | Init Dist = 5.831 | Init Dist 10 = 7.450 | Init Dist 100 = 6.426 | Init Dist 1000 = 5.923 | Learner Steps = 25634 | Learner Walltime = 5051.261 | Min Dist = 0.145 | Min Dist 10 = 0.121 | Min Dist 100 = 0.120 | Min Dist 1000 = 0.193 | Steps Per Second = 82.416 | Success = 1.000 | Success 1000 = 0.990
I0502 16:30:28.087834 139579566835264 terminal.py:91] [Evaluator] Actor Episodes = 33014 | Actor Steps = 1650700 | Delta Dist = 11.606 | Delta Dist 10 = 11.982 | Delta Dist 100 = 11.568 | Delta Dist 1000 = 11.661 | Episode Length = 50 | Episode Return = 9.0 | Evaluator Episodes = 8369 | Evaluator Steps = 418450 | Final Dist = 1.200 | Final Dist 10 = 0.824 | Final Dist 100 = 1.238 | Final Dist 1000 = 1.145 | Init Dist = 12.806 | Init Dist 10 = 12.806 | Init Dist 100 = 12.806 | Init Dist 1000 = 12.806 | Learner Steps = 25634 | Learner Walltime = 5051.261 | Min Dist = 0.168 | Min Dist 10 = 0.287 | Min Dist 100 = 0.515 | Min Dist 1000 = 0.460 | Steps Per Second = 80.318 | Success = 1.000 | Success 1000 = 0.955
I0502 16:30:28.937427 139569349502528 terminal.py:91] [Actor] Actor Episodes = 33017 | Actor Steps = 1650850 | Delta Dist = 4.210 | Delta Dist 10 = 3.586 | Delta Dist 100 = 4.922 | Delta Dist 1000 = 4.423 | Episode Length = 50 | Episode Return = 41.0 | Evaluator Episodes = 8369 | Evaluator Steps = 418450 | Final Dist = 0.263 | Final Dist 10 = 0.703 | Final Dist 100 = 1.374 | Final Dist 1000 = 1.489 | Init Dist = 4.472 | Init Dist 10 = 4.289 | Init Dist 100 = 6.296 | Init Dist 1000 = 5.913 | Learner Steps = 25634 | Learner Walltime = 5051.261 | Min Dist = 0.088 | Min Dist 10 = 0.050 | Min Dist 100 = 0.117 | Min Dist 1000 = 0.193 | Steps Per Second = 81.654 | Success = 1.000 | Success 1000 = 0.990
I0502 16:30:29.272572 139579566835264 terminal.py:91] [Evaluator] Actor Episodes = 33022 | Actor Steps = 1651100 | Delta Dist = 11.162 | Delta Dist 10 = 11.891 | Delta Dist 100 = 11.576 | Delta Dist 1000 = 11.661 | Episode Length = 50 | Episode Return = 15.0 | Evaluator Episodes = 8371 | Evaluator Steps = 418550 | Final Dist = 1.644 | Final Dist 10 = 0.916 | Final Dist 100 = 1.231 | Final Dist 1000 = 1.146 | Init Dist = 12.806 | Init Dist 10 = 12.806 | Init Dist 100 = 12.806 | Init Dist 1000 = 12.806 | Learner Steps = 25640 | Learner Walltime = 5052.531 | Min Dist = 0.319 | Min Dist 10 = 0.294 | Min Dist 100 = 0.516 | Min Dist 1000 = 0.461 | Steps Per Second = 89.127 | Success = 1.000 | Success 1000 = 0.955
I0502 16:30:30.535536 139579566835264 terminal.py:91] [Evaluator] Actor Episodes = 33030 | Actor Steps = 1651500 | Delta Dist = 12.490 | Delta Dist 10 = 11.180 | Delta Dist 100 = 11.509 | Delta Dist 1000 = 11.657 | Episode Length = 50 | Episode Return = 25.0 | Evaluator Episodes = 8373 | Evaluator Steps = 418650 | Final Dist = 0.316 | Final Dist 10 = 1.626 | Final Dist 100 = 1.298 | Final Dist 1000 = 1.149 | Init Dist = 12.806 | Init Dist 10 = 12.806 | Init Dist 100 = 12.806 | Init Dist 1000 = 12.806 | Learner Steps = 25647 | Learner Walltime = 5053.879 | Min Dist = 0.259 | Min Dist 10 = 0.834 | Min Dist 100 = 0.572 | Min Dist 1000 = 0.462 | Steps Per Second = 84.306 | Success = 1.000 | Success 1000 = 0.955
I0502 16:30:30.791357 139555860620864 terminal.py:91] [Actor] Actor Episodes = 33029 | Actor Steps = 1651450 | Delta Dist = 3.738 | Delta Dist 10 = 5.383 | Delta Dist 100 = 5.018 | Delta Dist 1000 = 4.438 | Episode Length = 50 | Episode Return = 30.0 | Evaluator Episodes = 8371 | Evaluator Steps = 418550 | Final Dist = 1.361 | Final Dist 10 = 0.931 | Final Dist 100 = 1.366 | Final Dist 1000 = 1.489 | Init Dist = 5.099 | Init Dist 10 = 6.314 | Init Dist 100 = 6.384 | Init Dist 1000 = 5.927 | Learner Steps = 25647 | Learner Walltime = 5053.879 | Min Dist = 0.150 | Min Dist 10 = 0.063 | Min Dist 100 = 0.119 | Min Dist 1000 = 0.193 | Steps Per Second = 83.063 | Success = 1.000 | Success 1000 = 0.990
I0502 16:30:30.921379 139557462840896 terminal.py:91] [Actor] Actor Episodes = 33031 | Actor Steps = 1651550 | Delta Dist = 7.003 | Delta Dist 10 = 5.230 | Delta Dist 100 = 5.006 | Delta Dist 1000 = 4.439 | Episode Length = 50 | Episode Return = 31.0 | Evaluator Episodes = 8371 | Evaluator Steps = 418550 | Final Dist = 0.807 | Final Dist 10 = 1.012 | Final Dist 100 = 1.370 | Final Dist 1000 = 1.490 | Init Dist = 7.810 | Init Dist 10 = 6.241 | Init Dist 100 = 6.375 | Init Dist 1000 = 5.929 | Learner Steps = 25647 | Learner Walltime = 5053.879 | Min Dist = 0.032 | Min Dist 10 = 0.077 | Min Dist 100 = 0.119 | Min Dist 1000 = 0.193 | Steps Per Second = 97.847 | Success = 1.000 | Success 1000 = 0.990
I0502 16:30:31.711598 139579566835264 terminal.py:91] [Evaluator] Actor Episodes = 33038 | Actor Steps = 1651900 | Delta Dist = 12.780 | Delta Dist 10 = 11.318 | Delta Dist 100 = 11.509 | Delta Dist 1000 = 11.657 | Episode Length = 50 | Episode Return = 31.0 | Evaluator Episodes = 8375 | Evaluator Steps = 418750 | Final Dist = 0.026 | Final Dist 10 = 1.488 | Final Dist 100 = 1.297 | Final Dist 1000 = 1.149 | Init Dist = 12.806 | Init Dist 10 = 12.806 | Init Dist 100 = 12.806 | Init Dist 1000 = 12.806 | Learner Steps = 25652 | Learner Walltime = 5054.957 | Min Dist = 0.026 | Min Dist 10 = 0.808 | Min Dist 100 = 0.573 | Min Dist 1000 = 0.462 | Steps Per Second = 89.657 | Success = 1.000 | Success 1000 = 0.955
I0502 16:30:32.884726 139579566835264 terminal.py:91] [Evaluator] Actor Episodes = 33046 | Actor Steps = 1652300 | Delta Dist = 11.444 | Delta Dist 10 = 11.423 | Delta Dist 100 = 11.522 | Delta Dist 1000 = 11.659 | Episode Length = 50 | Episode Return = 6.0 | Evaluator Episodes = 8377 | Evaluator Steps = 418850 | Final Dist = 1.362 | Final Dist 10 = 1.383 | Final Dist 100 = 1.285 | Final Dist 1000 = 1.147 | Init Dist = 12.806 | Init Dist 10 = 12.806 | Init Dist 100 = 12.806 | Init Dist 1000 = 12.806 | Learner Steps = 25658 | Learner Walltime = 5056.059 | Min Dist = 0.225 | Min Dist 10 = 0.771 | Min Dist 100 = 0.570 | Min Dist 1000 = 0.461 | Steps Per Second = 88.118 | Success = 1.000 | Success 1000 = 0.955
I0502 16:30:34.183880 139579566835264 terminal.py:91] [Evaluator] Actor Episodes = 33054 | Actor Steps = 1652700 | Delta Dist = 11.788 | Delta Dist 10 = 11.453 | Delta Dist 100 = 11.524 | Delta Dist 1000 = 11.659 | Episode Length = 50 | Episode Return = 20.0 | Evaluator Episodes = 8379 | Evaluator Steps = 418950 | Final Dist = 1.019 | Final Dist 10 = 1.353 | Final Dist 100 = 1.282 | Final Dist 1000 = 1.148 | Init Dist = 12.806 | Init Dist 10 = 12.806 | Init Dist 100 = 12.806 | Init Dist 1000 = 12.806 | Learner Steps = 25671 | Learner Walltime = 5058.272 | Min Dist = 0.030 | Min Dist 10 = 0.707 | Min Dist 100 = 0.569 | Min Dist 1000 = 0.461 | Steps Per Second = 81.531 | Success = 1.000 | Success 1000 = 0.955
I0502 16:30:34.284061 139584504182336 lp_utils.py:96] StepsLimiter: Reached 1652700 recorded steps
I0502 16:30:35.429656 139579566835264 terminal.py:91] [Evaluator] Actor Episodes = 33062 | Actor Steps = 1653100 | Delta Dist = 12.193 | Delta Dist 10 = 11.357 | Delta Dist 100 = 11.522 | Delta Dist 1000 = 11.657 | Episode Length = 50 | Episode Return = 23.0 | Evaluator Episodes = 8381 | Evaluator Steps = 419050 | Final Dist = 0.614 | Final Dist 10 = 1.449 | Final Dist 100 = 1.285 | Final Dist 1000 = 1.149 | Init Dist = 12.806 | Init Dist 10 = 12.806 | Init Dist 100 = 12.806 | Init Dist 1000 = 12.806 | Learner Steps = 25676 | Learner Walltime = 5059.504 | Min Dist = 0.139 | Min Dist 10 = 0.690 | Min Dist 100 = 0.568 | Min Dist 1000 = 0.461 | Steps Per Second = 78.570 | Success = 1.000 | Success 1000 = 0.955
I0502 16:30:35.686593 139555013154368 terminal.py:91] [Learner] Actor Episodes = 33062 | Actor Loss = 3.6122288703918457 | Actor Steps = 1653100 | Binary Accuracy = 0.9959962368011475 | Categorical Accuracy = 0.41864013671875 | Critic Loss = 1.8424532413482666 | Entropy Mean = -21.46136474609375 | Evaluator Episodes = 8379 | Evaluator Steps = 418950 | Learner Steps = 25677 | Learner Walltime = 5059.884 | Logits Neg = -16.76999282836914 | Logits Pos = -1.8421027660369873 | Logsumexp = 1.1350085735321045 | Steps Per Second = 168.685
I0502 16:30:36.625207 139579566835264 terminal.py:91] [Evaluator] Actor Episodes = 33070 | Actor Steps = 1653500 | Delta Dist = 11.982 | Delta Dist 10 = 11.972 | Delta Dist 100 = 11.526 | Delta Dist 1000 = 11.657 | Episode Length = 50 | Episode Return = 18.0 | Evaluator Episodes = 8383 | Evaluator Steps = 419150 | Final Dist = 0.824 | Final Dist 10 = 0.834 | Final Dist 100 = 1.280 | Final Dist 1000 = 1.149 | Init Dist = 12.806 | Init Dist 10 = 12.806 | Init Dist 100 = 12.806 | Init Dist 1000 = 12.806 | Learner Steps = 25681 | Learner Walltime = 5060.539 | Min Dist = 0.309 | Min Dist 10 = 0.188 | Min Dist 100 = 0.569 | Min Dist 1000 = 0.461 | Steps Per Second = 79.692 | Success = 1.000 | Success 1000 = 0.955
I0502 16:30:37.565287 139558059398720 terminal.py:91] [Actor] Actor Episodes = 33074 | Actor Steps = 1653700 | Delta Dist = 3.634 | Delta Dist 10 = 4.048 | Delta Dist 100 = 4.665 | Delta Dist 1000 = 4.432 | Episode Length = 50 | Episode Return = 33.0 | Evaluator Episodes = 8383 | Evaluator Steps = 419150 | Final Dist = 0.838 | Final Dist 10 = 1.194 | Final Dist 100 = 1.570 | Final Dist 1000 = 1.506 | Init Dist = 4.472 | Init Dist 10 = 5.241 | Init Dist 100 = 6.235 | Init Dist 1000 = 5.938 | Learner Steps = 25681 | Learner Walltime = 5060.539 | Min Dist = 0.034 | Min Dist 10 = 0.098 | Min Dist 100 = 0.132 | Min Dist 1000 = 0.197 | Steps Per Second = 71.976 | Success = 1.000 | Success 1000 = 0.989
I0502 16:30:37.894850 139579566835264 terminal.py:91] [Evaluator] Actor Episodes = 33078 | Actor Steps = 1653900 | Delta Dist = 12.017 | Delta Dist 10 = 11.903 | Delta Dist 100 = 11.609 | Delta Dist 1000 = 11.656 | Episode Length = 50 | Episode Return = 21.0 | Evaluator Episodes = 8385 | Evaluator Steps = 419250 | Final Dist = 0.790 | Final Dist 10 = 0.903 | Final Dist 100 = 1.197 | Final Dist 1000 = 1.150 | Init Dist = 12.806 | Init Dist 10 = 12.806 | Init Dist 100 = 12.806 | Init Dist 1000 = 12.806 | Learner Steps = 25687 | Learner Walltime = 5061.877 | Min Dist = 0.120 | Min Dist 10 = 0.210 | Min Dist 100 = 0.494 | Min Dist 1000 = 0.462 | Steps Per Second = 88.670 | Success = 1.000 | Success 1000 = 0.955
I0502 16:30:39.027776 139569349502528 terminal.py:91] [Actor] Actor Episodes = 33081 | Actor Steps = 1654050 | Delta Dist = -1.266 | Delta Dist 10 = 5.369 | Delta Dist 100 = 4.630 | Delta Dist 1000 = 4.449 | Episode Length = 50 | Episode Return = 0.0 | Evaluator Episodes = 8385 | Evaluator Steps = 419250 | Final Dist = 8.546 | Final Dist 10 = 0.656 | Final Dist 100 = 1.482 | Final Dist 1000 = 1.499 | Init Dist = 7.280 | Init Dist 10 = 6.025 | Init Dist 100 = 6.112 | Init Dist 1000 = 5.948 | Learner Steps = 25687 | Learner Walltime = 5061.877 | Min Dist = 0.051 | Min Dist 10 = 0.068 | Min Dist 100 = 0.128 | Min Dist 1000 = 0.195 | Steps Per Second = 78.981 | Success = 1.000 | Success 1000 = 0.989
I0502 16:30:39.149153 139579566835264 terminal.py:91] [Evaluator] Actor Episodes = 33086 | Actor Steps = 1654300 | Delta Dist = 11.906 | Delta Dist 10 = 11.815 | Delta Dist 100 = 11.614 | Delta Dist 1000 = 11.657 | Episode Length = 50 | Episode Return = 24.0 | Evaluator Episodes = 8387 | Evaluator Steps = 419350 | Final Dist = 0.900 | Final Dist 10 = 0.991 | Final Dist 100 = 1.192 | Final Dist 1000 = 1.149 | Init Dist = 12.806 | Init Dist 10 = 12.806 | Init Dist 100 = 12.806 | Init Dist 1000 = 12.806 | Learner Steps = 25693 | Learner Walltime = 5063.179 | Min Dist = 0.127 | Min Dist 10 = 0.211 | Min Dist 100 = 0.494 | Min Dist 1000 = 0.462 | Steps Per Second = 84.329 | Success = 1.000 | Success 1000 = 0.955
I0502 16:30:40.267886 139579566835264 terminal.py:91] [Evaluator] Actor Episodes = 33094 | Actor Steps = 1654700 | Delta Dist = 12.443 | Delta Dist 10 = 11.751 | Delta Dist 100 = 11.599 | Delta Dist 1000 = 11.657 | Episode Length = 50 | Episode Return = 16.0 | Evaluator Episodes = 8389 | Evaluator Steps = 419450 | Final Dist = 0.364 | Final Dist 10 = 1.055 | Final Dist 100 = 1.207 | Final Dist 1000 = 1.149 | Init Dist = 12.806 | Init Dist 10 = 12.806 | Init Dist 100 = 12.806 | Init Dist 1000 = 12.806 | Learner Steps = 25693 | Learner Walltime = 5063.179 | Min Dist = 0.292 | Min Dist 10 = 0.203 | Min Dist 100 = 0.495 | Min Dist 1000 = 0.461 | Steps Per Second = 95.102 | Success = 1.000 | Success 1000 = 0.955
I0502 16:30:40.850366 139555860620864 terminal.py:91] [Actor] Actor Episodes = 33095 | Actor Steps = 1654750 | Delta Dist = 2.287 | Delta Dist 10 = 4.610 | Delta Dist 100 = 4.708 | Delta Dist 1000 = 4.446 | Episode Length = 50 | Episode Return = 34.0 | Evaluator Episodes = 8387 | Evaluator Steps = 419350 | Final Dist = 0.876 | Final Dist 10 = 1.761 | Final Dist 100 = 1.509 | Final Dist 1000 = 1.493 | Init Dist = 3.162 | Init Dist 10 = 6.371 | Init Dist 100 = 6.217 | Init Dist 1000 = 5.938 | Learner Steps = 25693 | Learner Walltime = 5063.179 | Min Dist = 0.257 | Min Dist 10 = 0.764 | Min Dist 100 = 0.195 | Min Dist 1000 = 0.189 | Steps Per Second = 83.321 | Success = 1.000 | Success 1000 = 0.988
I0502 16:30:41.430390 139557462840896 terminal.py:91] [Actor] Actor Episodes = 33100 | Actor Steps = 1655000 | Delta Dist = 1.902 | Delta Dist 10 = 4.351 | Delta Dist 100 = 4.703 | Delta Dist 1000 = 4.452 | Episode Length = 50 | Episode Return = 43.0 | Evaluator Episodes = 8389 | Evaluator Steps = 419450 | Final Dist = 0.334 | Final Dist 10 = 1.878 | Final Dist 100 = 1.472 | Final Dist 1000 = 1.480 | Init Dist = 2.236 | Init Dist 10 = 6.229 | Init Dist 100 = 6.175 | Init Dist 1000 = 5.931 | Learner Steps = 25700 | Learner Walltime = 5064.507 | Min Dist = 0.278 | Min Dist 10 = 0.786 | Min Dist 100 = 0.197 | Min Dist 1000 = 0.189 | Steps Per Second = 83.796 | Success = 1.000 | Success 1000 = 0.988
I0502 16:30:41.524498 139579566835264 terminal.py:91] [Evaluator] Actor Episodes = 33102 | Actor Steps = 1655100 | Delta Dist = 11.222 | Delta Dist 10 = 11.838 | Delta Dist 100 = 11.610 | Delta Dist 1000 = 11.658 | Episode Length = 50 | Episode Return = 18.0 | Evaluator Episodes = 8391 | Evaluator Steps = 419550 | Final Dist = 1.584 | Final Dist 10 = 0.968 | Final Dist 100 = 1.196 | Final Dist 1000 = 1.148 | Init Dist = 12.806 | Init Dist 10 = 12.806 | Init Dist 100 = 12.806 | Init Dist 1000 = 12.806 | Learner Steps = 25704 | Learner Walltime = 5065.665 | Min Dist = 0.194 | Min Dist 10 = 0.254 | Min Dist 100 = 0.497 | Min Dist 1000 = 0.461 | Steps Per Second = 77.278 | Success = 1.000 | Success 1000 = 0.955
I0502 16:30:42.734719 139579566835264 terminal.py:91] [Evaluator] Actor Episodes = 33108 | Actor Steps = 1655400 | Delta Dist = 12.615 | Delta Dist 10 = 11.777 | Delta Dist 100 = 11.596 | Delta Dist 1000 = 11.664 | Episode Length = 50 | Episode Return = 20.0 | Evaluator Episodes = 8393 | Evaluator Steps = 419650 | Final Dist = 0.191 | Final Dist 10 = 1.029 | Final Dist 100 = 1.210 | Final Dist 1000 = 1.143 | Init Dist = 12.806 | Init Dist 10 = 12.806 | Init Dist 100 = 12.806 | Init Dist 1000 = 12.806 | Learner Steps = 25704 | Learner Walltime = 5065.665 | Min Dist = 0.157 | Min Dist 10 = 0.196 | Min Dist 100 = 0.493 | Min Dist 1000 = 0.456 | Steps Per Second = 84.049 | Success = 1.000 | Success 1000 = 0.956
I0502 16:30:43.862341 139579566835264 terminal.py:91] [Evaluator] Actor Episodes = 33114 | Actor Steps = 1655700 | Delta Dist = 11.897 | Delta Dist 10 = 11.807 | Delta Dist 100 = 11.589 | Delta Dist 1000 = 11.665 | Episode Length = 50 | Episode Return = 27.0 | Evaluator Episodes = 8395 | Evaluator Steps = 419750 | Final Dist = 0.910 | Final Dist 10 = 0.999 | Final Dist 100 = 1.218 | Final Dist 1000 = 1.142 | Init Dist = 12.806 | Init Dist 10 = 12.806 | Init Dist 100 = 12.806 | Init Dist 1000 = 12.806 | Learner Steps = 25712 | Learner Walltime = 5067.009 | Min Dist = 0.281 | Min Dist 10 = 0.169 | Min Dist 100 = 0.495 | Min Dist 1000 = 0.456 | Steps Per Second = 88.256 | Success = 1.000 | Success 1000 = 0.956
I0502 16:30:44.300671 139584504182336 lp_utils.py:96] StepsLimiter: Reached 1655900 recorded steps
I0502 16:30:45.121162 139579566835264 terminal.py:91] [Evaluator] Actor Episodes = 33122 | Actor Steps = 1656100 | Delta Dist = 6.962 | Delta Dist 10 = 11.256 | Delta Dist 100 = 11.539 | Delta Dist 1000 = 11.660 | Episode Length = 50 | Episode Return = 0.0 | Evaluator Episodes = 8397 | Evaluator Steps = 419850 | Final Dist = 5.844 | Final Dist 10 = 1.550 | Final Dist 100 = 1.267 | Final Dist 1000 = 1.146 | Init Dist = 12.806 | Init Dist 10 = 12.806 | Init Dist 100 = 12.806 | Init Dist 1000 = 12.806 | Learner Steps = 25718 | Learner Walltime = 5068.122 | Min Dist = 5.546 | Min Dist 10 = 0.546 | Min Dist 100 = 0.531 | Min Dist 1000 = 0.460 | Steps Per Second = 75.455 | Success = 0.000 | Success 1000 = 0.955
I0502 16:30:45.936016 139555013154368 terminal.py:91] [Learner] Actor Episodes = 33124 | Actor Loss = 3.7152342796325684 | Actor Steps = 1656200 | Binary Accuracy = 0.9960463047027588 | Categorical Accuracy = 0.41033935546875 | Critic Loss = 1.8435050249099731 | Entropy Mean = -21.003684997558594 | Evaluator Episodes = 8397 | Evaluator Steps = 419850 | Learner Steps = 25728 | Learner Walltime = 5070.132 | Logits Neg = -16.919523239135742 | Logits Pos = -1.809836983680725 | Logsumexp = 1.168975830078125 | Steps Per Second = 129.469
I0502 16:30:46.308643 139579566835264 terminal.py:91] [Evaluator] Actor Episodes = 33128 | Actor Steps = 1656400 | Delta Dist = 12.152 | Delta Dist 10 = 10.889 | Delta Dist 100 = 11.497 | Delta Dist 1000 = 11.662 | Episode Length = 50 | Episode Return = 9.0 | Evaluator Episodes = 8399 | Evaluator Steps = 419950 | Final Dist = 0.655 | Final Dist 10 = 1.918 | Final Dist 100 = 1.310 | Final Dist 1000 = 1.144 | Init Dist = 12.806 | Init Dist 10 = 12.806 | Init Dist 100 = 12.806 | Init Dist 1000 = 12.806 | Learner Steps = 25724 | Learner Walltime = 5069.417 | Min Dist = 0.150 | Min Dist 10 = 1.085 | Min Dist 100 = 0.584 | Min Dist 1000 = 0.457 | Steps Per Second = 86.976 | Success = 1.000 | Success 1000 = 0.956
I0502 16:30:47.493058 139579566835264 terminal.py:91] [Evaluator] Actor Episodes = 33136 | Actor Steps = 1656800 | Delta Dist = 12.615 | Delta Dist 10 = 10.950 | Delta Dist 100 = 11.504 | Delta Dist 1000 = 11.663 | Episode Length = 50 | Episode Return = 13.0 | Evaluator Episodes = 8401 | Evaluator Steps = 420050 | Final Dist = 0.191 | Final Dist 10 = 1.857 | Final Dist 100 = 1.302 | Final Dist 1000 = 1.144 | Init Dist = 12.806 | Init Dist 10 = 12.806 | Init Dist 100 = 12.806 | Init Dist 1000 = 12.806 | Learner Steps = 25730 | Learner Walltime = 5070.636 | Min Dist = 0.164 | Min Dist 10 = 1.044 | Min Dist 100 = 0.583 | Min Dist 1000 = 0.457 | Steps Per Second = 89.546 | Success = 1.000 | Success 1000 = 0.956
I0502 16:30:47.580552 139558059398720 terminal.py:91] [Actor] Actor Episodes = 33138 | Actor Steps = 1656900 | Delta Dist = 0.623 | Delta Dist 10 = 4.158 | Delta Dist 100 = 4.310 | Delta Dist 1000 = 4.435 | Episode Length = 50 | Episode Return = 31.0 | Evaluator Episodes = 8401 | Evaluator Steps = 420050 | Final Dist = 0.377 | Final Dist 10 = 1.648 | Final Dist 100 = 1.723 | Final Dist 1000 = 1.487 | Init Dist = 1.000 | Init Dist 10 = 5.806 | Init Dist 100 = 6.033 | Init Dist 1000 = 5.922 | Learner Steps = 25730 | Learner Walltime = 5070.636 | Min Dist = 0.034 | Min Dist 10 = 0.161 | Min Dist 100 = 0.249 | Min Dist 1000 = 0.185 | Steps Per Second = 80.096 | Success = 1.000 | Success 1000 = 0.988
I0502 16:30:48.818085 139579566835264 terminal.py:91] [Evaluator] Actor Episodes = 33144 | Actor Steps = 1657200 | Delta Dist = 11.816 | Delta Dist 10 = 10.606 | Delta Dist 100 = 11.459 | Delta Dist 1000 = 11.666 | Episode Length = 50 | Episode Return = 21.0 | Evaluator Episodes = 8403 | Evaluator Steps = 420150 | Final Dist = 0.990 | Final Dist 10 = 2.200 | Final Dist 100 = 1.348 | Final Dist 1000 = 1.140 | Init Dist = 12.806 | Init Dist 10 = 12.806 | Init Dist 100 = 12.806 | Init Dist 1000 = 12.806 | Learner Steps = 25741 | Learner Walltime = 5072.915 | Min Dist = 0.197 | Min Dist 10 = 1.532 | Min Dist 100 = 0.631 | Min Dist 1000 = 0.454 | Steps Per Second = 75.130 | Success = 1.000 | Success 1000 = 0.956
I0502 16:30:49.223653 139569349502528 terminal.py:91] [Actor] Actor Episodes = 33145 | Actor Steps = 1657250 | Delta Dist = 4.198 | Delta Dist 10 = 2.789 | Delta Dist 100 = 4.030 | Delta Dist 1000 = 4.402 | Episode Length = 50 | Episode Return = 29.0 | Evaluator Episodes = 8401 | Evaluator Steps = 420050 | Final Dist = 1.188 | Final Dist 10 = 1.306 | Final Dist 100 = 1.766 | Final Dist 1000 = 1.488 | Init Dist = 5.385 | Init Dist 10 = 4.096 | Init Dist 100 = 5.797 | Init Dist 1000 = 5.890 | Learner Steps = 25737 | Learner Walltime = 5071.894 | Min Dist = 0.326 | Min Dist 10 = 0.061 | Min Dist 100 = 0.237 | Min Dist 1000 = 0.185 | Steps Per Second = 83.108 | Success = 1.000 | Success 1000 = 0.988
I0502 16:30:50.129057 139579566835264 terminal.py:91] [Evaluator] Actor Episodes = 33154 | Actor Steps = 1657700 | Delta Dist = 6.730 | Delta Dist 10 = 10.545 | Delta Dist 100 = 11.449 | Delta Dist 1000 = 11.671 | Episode Length = 50 | Episode Return = 0.0 | Evaluator Episodes = 8405 | Evaluator Steps = 420250 | Final Dist = 6.077 | Final Dist 10 = 2.261 | Final Dist 100 = 1.357 | Final Dist 1000 = 1.135 | Init Dist = 12.806 | Init Dist 10 = 12.806 | Init Dist 100 = 12.806 | Init Dist 1000 = 12.806 | Learner Steps = 25747 | Learner Walltime = 5073.940 | Min Dist = 5.057 | Min Dist 10 = 1.532 | Min Dist 100 = 0.631 | Min Dist 1000 = 0.447 | Steps Per Second = 77.276 | Success = 0.000 | Success 1000 = 0.957
I0502 16:30:51.197684 139555860620864 terminal.py:91] [Actor] Actor Episodes = 33159 | Actor Steps = 1657950 | Delta Dist = 2.244 | Delta Dist 10 = 6.471 | Delta Dist 100 = 4.118 | Delta Dist 1000 = 4.431 | Episode Length = 50 | Episode Return = 23.0 | Evaluator Episodes = 8405 | Evaluator Steps = 420250 | Final Dist = 0.918 | Final Dist 10 = 1.302 | Final Dist 100 = 1.766 | Final Dist 1000 = 1.487 | Init Dist = 3.162 | Init Dist 10 = 7.774 | Init Dist 100 = 5.884 | Init Dist 1000 = 5.918 | Learner Steps = 25747 | Learner Walltime = 5073.940 | Min Dist = 0.024 | Min Dist 10 = 0.150 | Min Dist 100 = 0.212 | Min Dist 1000 = 0.185 | Steps Per Second = 75.817 | Success = 1.000 | Success 1000 = 0.988
I0502 16:30:51.368135 139579566835264 terminal.py:91] [Evaluator] Actor Episodes = 33160 | Actor Steps = 1658000 | Delta Dist = 11.560 | Delta Dist 10 = 9.993 | Delta Dist 100 = 11.350 | Delta Dist 1000 = 11.661 | Episode Length = 50 | Episode Return = 14.0 | Evaluator Episodes = 8407 | Evaluator Steps = 420350 | Final Dist = 1.246 | Final Dist 10 = 2.813 | Final Dist 100 = 1.457 | Final Dist 1000 = 1.146 | Init Dist = 12.806 | Init Dist 10 = 12.806 | Init Dist 100 = 12.806 | Init Dist 1000 = 12.806 | Learner Steps = 25752 | Learner Walltime = 5074.944 | Min Dist = 0.111 | Min Dist 10 = 2.165 | Min Dist 100 = 0.726 | Min Dist 1000 = 0.457 | Steps Per Second = 81.947 | Success = 1.000 | Success 1000 = 0.955
I0502 16:30:51.959788 139557462840896 terminal.py:91] [Actor] Actor Episodes = 33163 | Actor Steps = 1658150 | Delta Dist = -0.947 | Delta Dist 10 = 5.405 | Delta Dist 100 = 4.265 | Delta Dist 1000 = 4.426 | Episode Length = 50 | Episode Return = 36.0 | Evaluator Episodes = 8407 | Evaluator Steps = 420350 | Final Dist = 0.947 | Final Dist 10 = 0.960 | Final Dist 100 = 1.536 | Final Dist 1000 = 1.486 | Init Dist = 0.000 | Init Dist 10 = 6.365 | Init Dist 100 = 5.801 | Init Dist 1000 = 5.912 | Learner Steps = 25752 | Learner Walltime = 5074.944 | Min Dist = 0.000 | Min Dist 10 = 0.102 | Min Dist 100 = 0.210 | Min Dist 1000 = 0.185 | Steps Per Second = 91.409 | Success = 1.000 | Success 1000 = 0.988
I0502 16:30:52.586266 139579566835264 terminal.py:91] [Evaluator] Actor Episodes = 33170 | Actor Steps = 1658500 | Delta Dist = 12.049 | Delta Dist 10 = 10.484 | Delta Dist 100 = 11.361 | Delta Dist 1000 = 11.661 | Episode Length = 50 | Episode Return = 23.0 | Evaluator Episodes = 8409 | Evaluator Steps = 420450 | Final Dist = 0.757 | Final Dist 10 = 2.322 | Final Dist 100 = 1.446 | Final Dist 1000 = 1.146 | Init Dist = 12.806 | Init Dist 10 = 12.806 | Init Dist 100 = 12.806 | Init Dist 1000 = 12.806 | Learner Steps = 25758 | Learner Walltime = 5076.279 | Min Dist = 0.050 | Min Dist 10 = 1.627 | Min Dist 100 = 0.725 | Min Dist 1000 = 0.457 | Steps Per Second = 78.066 | Success = 1.000 | Success 1000 = 0.955
I0502 16:30:53.979368 139579566835264 terminal.py:91] [Evaluator] Actor Episodes = 33178 | Actor Steps = 1658900 | Delta Dist = 11.549 | Delta Dist 10 = 10.422 | Delta Dist 100 = 11.355 | Delta Dist 1000 = 11.660 | Episode Length = 50 | Episode Return = 5.0 | Evaluator Episodes = 8411 | Evaluator Steps = 420550 | Final Dist = 1.257 | Final Dist 10 = 2.384 | Final Dist 100 = 1.451 | Final Dist 1000 = 1.146 | Init Dist = 12.806 | Init Dist 10 = 12.806 | Init Dist 100 = 12.806 | Init Dist 1000 = 12.806 | Learner Steps = 25764 | Learner Walltime = 5077.477 | Min Dist = 0.089 | Min Dist 10 = 1.620 | Min Dist 100 = 0.722 | Min Dist 1000 = 0.456 | Steps Per Second = 75.835 | Success = 1.000 | Success 1000 = 0.955
I0502 16:30:54.316854 139584504182336 lp_utils.py:96] StepsLimiter: Reached 1659000 recorded steps
I0502 16:30:55.160497 139579566835264 terminal.py:91] [Evaluator] Actor Episodes = 33184 | Actor Steps = 1659200 | Delta Dist = 11.664 | Delta Dist 10 = 10.768 | Delta Dist 100 = 11.429 | Delta Dist 1000 = 11.659 | Episode Length = 50 | Episode Return = 18.0 | Evaluator Episodes = 8413 | Evaluator Steps = 420650 | Final Dist = 1.142 | Final Dist 10 = 2.038 | Final Dist 100 = 1.377 | Final Dist 1000 = 1.148 | Init Dist = 12.806 | Init Dist 10 = 12.806 | Init Dist 100 = 12.806 | Init Dist 1000 = 12.806 | Learner Steps = 25770 | Learner Walltime = 5078.674 | Min Dist = 0.077 | Min Dist 10 = 1.124 | Min Dist 100 = 0.639 | Min Dist 1000 = 0.456 | Steps Per Second = 87.736 | Success = 1.000 | Success 1000 = 0.955
I0502 16:30:55.934306 139555013154368 terminal.py:91] [Learner] Actor Episodes = 33190 | Actor Loss = 3.673326015472412 | Actor Steps = 1659500 | Binary Accuracy = 0.9960157871246338 | Categorical Accuracy = 0.406494140625 | Critic Loss = 1.8160607814788818 | Entropy Mean = -20.527387619018555 | Evaluator Episodes = 8413 | Evaluator Steps = 420650 | Learner Steps = 25777 | Learner Walltime = 5080.134 | Logits Neg = -17.28443145751953 | Logits Pos = -1.8304985761642456 | Logsumexp = 1.1856789588928223 | Steps Per Second = 233.212
I0502 16:30:56.434368 139579566835264 terminal.py:91] [Evaluator] Actor Episodes = 33192 | Actor Steps = 1659600 | Delta Dist = 12.626 | Delta Dist 10 = 10.851 | Delta Dist 100 = 11.427 | Delta Dist 1000 = 11.659 | Episode Length = 50 | Episode Return = 13.0 | Evaluator Episodes = 8415 | Evaluator Steps = 420750 | Final Dist = 0.180 | Final Dist 10 = 1.955 | Final Dist 100 = 1.380 | Final Dist 1000 = 1.147 | Init Dist = 12.806 | Init Dist 10 = 12.806 | Init Dist 100 = 12.806 | Init Dist 1000 = 12.806 | Learner Steps = 25776 | Learner Walltime = 5079.860 | Min Dist = 0.123 | Min Dist 10 = 1.099 | Min Dist 100 = 0.636 | Min Dist 1000 = 0.455 | Steps Per Second = 79.525 | Success = 1.000 | Success 1000 = 0.956
I0502 16:30:57.766756 139579566835264 terminal.py:91] [Evaluator] Actor Episodes = 33200 | Actor Steps = 1660000 | Delta Dist = 11.407 | Delta Dist 10 = 11.899 | Delta Dist 100 = 11.415 | Delta Dist 1000 = 11.658 | Episode Length = 50 | Episode Return = 5.0 | Evaluator Episodes = 8417 | Evaluator Steps = 420850 | Final Dist = 1.400 | Final Dist 10 = 0.908 | Final Dist 100 = 1.392 | Final Dist 1000 = 1.148 | Init Dist = 12.806 | Init Dist 10 = 12.806 | Init Dist 100 = 12.806 | Init Dist 1000 = 12.806 | Learner Steps = 25782 | Learner Walltime = 5080.926 | Min Dist = 0.245 | Min Dist 10 = 0.098 | Min Dist 100 = 0.634 | Min Dist 1000 = 0.455 | Steps Per Second = 80.241 | Success = 1.000 | Success 1000 = 0.956
I0502 16:30:57.779570 139558059398720 terminal.py:91] [Actor] Actor Episodes = 33202 | Actor Steps = 1660100 | Delta Dist = 7.970 | Delta Dist 10 = 4.419 | Delta Dist 100 = 4.104 | Delta Dist 1000 = 4.404 | Episode Length = 50 | Episode Return = 43.0 | Evaluator Episodes = 8417 | Evaluator Steps = 420850 | Final Dist = 0.633 | Final Dist 10 = 1.206 | Final Dist 100 = 1.419 | Final Dist 1000 = 1.482 | Init Dist = 8.602 | Init Dist 10 = 5.626 | Init Dist 100 = 5.523 | Init Dist 1000 = 5.886 | Learner Steps = 25782 | Learner Walltime = 5080.926 | Min Dist = 0.089 | Min Dist 10 = 0.136 | Min Dist 100 = 0.109 | Min Dist 1000 = 0.175 | Steps Per Second = 77.199 | Success = 1.000 | Success 1000 = 0.988
I0502 16:30:59.049545 139579566835264 terminal.py:91] [Evaluator] Actor Episodes = 33210 | Actor Steps = 1660500 | Delta Dist = 11.687 | Delta Dist 10 = 11.753 | Delta Dist 100 = 11.399 | Delta Dist 1000 = 11.658 | Episode Length = 50 | Episode Return = 13.0 | Evaluator Episodes = 8419 | Evaluator Steps = 420950 | Final Dist = 1.119 | Final Dist 10 = 1.053 | Final Dist 100 = 1.407 | Final Dist 1000 = 1.148 | Init Dist = 12.806 | Init Dist 10 = 12.806 | Init Dist 100 = 12.806 | Init Dist 1000 = 12.806 | Learner Steps = 25791 | Learner Walltime = 5083.131 | Min Dist = 0.114 | Min Dist 10 = 0.186 | Min Dist 100 = 0.642 | Min Dist 1000 = 0.456 | Steps Per Second = 72.497 | Success = 1.000 | Success 1000 = 0.956
I0502 16:30:59.580711 139569349502528 terminal.py:91] [Actor] Actor Episodes = 33209 | Actor Steps = 1660450 | Delta Dist = 7.318 | Delta Dist 10 = 4.986 | Delta Dist 100 = 4.237 | Delta Dist 1000 = 4.414 | Episode Length = 50 | Episode Return = 21.0 | Evaluator Episodes = 8417 | Evaluator Steps = 420850 | Final Dist = 0.298 | Final Dist 10 = 1.983 | Final Dist 100 = 1.386 | Final Dist 1000 = 1.490 | Init Dist = 7.616 | Init Dist 10 = 6.969 | Init Dist 100 = 5.622 | Init Dist 1000 = 5.904 | Learner Steps = 25791 | Learner Walltime = 5083.131 | Min Dist = 0.152 | Min Dist 10 = 1.227 | Min Dist 100 = 0.213 | Min Dist 1000 = 0.185 | Steps Per Second = 78.806 | Success = 1.000 | Success 1000 = 0.989
I0502 16:31:00.253313 139579566835264 terminal.py:91] [Evaluator] Actor Episodes = 33216 | Actor Steps = 1660800 | Delta Dist = 11.492 | Delta Dist 10 = 11.713 | Delta Dist 100 = 11.397 | Delta Dist 1000 = 11.657 | Episode Length = 50 | Episode Return = 7.0 | Evaluator Episodes = 8421 | Evaluator Steps = 421050 | Final Dist = 1.314 | Final Dist 10 = 1.093 | Final Dist 100 = 1.409 | Final Dist 1000 = 1.149 | Init Dist = 12.806 | Init Dist 10 = 12.806 | Init Dist 100 = 12.806 | Init Dist 1000 = 12.806 | Learner Steps = 25797 | Learner Walltime = 5084.215 | Min Dist = 0.087 | Min Dist 10 = 0.212 | Min Dist 100 = 0.639 | Min Dist 1000 = 0.456 | Steps Per Second = 83.149 | Success = 1.000 | Success 1000 = 0.956
I0502 16:31:01.375294 139555860620864 terminal.py:91] [Actor] Actor Episodes = 33223 | Actor Steps = 1661150 | Delta Dist = 8.539 | Delta Dist 10 = 4.596 | Delta Dist 100 = 4.254 | Delta Dist 1000 = 4.422 | Episode Length = 50 | Episode Return = 9.0 | Evaluator Episodes = 8421 | Evaluator Steps = 421050 | Final Dist = 0.894 | Final Dist 10 = 1.171 | Final Dist 100 = 1.429 | Final Dist 1000 = 1.492 | Init Dist = 9.434 | Init Dist 10 = 5.767 | Init Dist 100 = 5.683 | Init Dist 1000 = 5.914 | Learner Steps = 25797 | Learner Walltime = 5084.215 | Min Dist = 0.894 | Min Dist 10 = 0.084 | Min Dist 100 = 0.215 | Min Dist 1000 = 0.180 | Steps Per Second = 78.957 | Success = 1.000 | Success 1000 = 0.990
I0502 16:31:01.520467 139579566835264 terminal.py:91] [Evaluator] Actor Episodes = 33224 | Actor Steps = 1661200 | Delta Dist = 11.489 | Delta Dist 10 = 11.760 | Delta Dist 100 = 11.398 | Delta Dist 1000 = 11.655 | Episode Length = 50 | Episode Return = 16.0 | Evaluator Episodes = 8423 | Evaluator Steps = 421150 | Final Dist = 1.317 | Final Dist 10 = 1.046 | Final Dist 100 = 1.408 | Final Dist 1000 = 1.151 | Init Dist = 12.806 | Init Dist 10 = 12.806 | Init Dist 100 = 12.806 | Init Dist 1000 = 12.806 | Learner Steps = 25803 | Learner Walltime = 5085.303 | Min Dist = 0.230 | Min Dist 10 = 0.212 | Min Dist 100 = 0.632 | Min Dist 1000 = 0.456 | Steps Per Second = 84.423 | Success = 1.000 | Success 1000 = 0.956
I0502 16:31:02.524011 139557462840896 terminal.py:91] [Actor] Actor Episodes = 33229 | Actor Steps = 1661450 | Delta Dist = 3.798 | Delta Dist 10 = 4.813 | Delta Dist 100 = 4.409 | Delta Dist 1000 = 4.419 | Episode Length = 50 | Episode Return = 10.0 | Evaluator Episodes = 8423 | Evaluator Steps = 421150 | Final Dist = 2.202 | Final Dist 10 = 0.863 | Final Dist 100 = 1.271 | Final Dist 1000 = 1.490 | Init Dist = 6.000 | Init Dist 10 = 5.677 | Init Dist 100 = 5.681 | Init Dist 1000 = 5.909 | Learner Steps = 25803 | Learner Walltime = 5085.303 | Min Dist = 0.011 | Min Dist 10 = 0.152 | Min Dist 100 = 0.219 | Min Dist 1000 = 0.181 | Steps Per Second = 81.311 | Success = 1.000 | Success 1000 = 0.990
I0502 16:31:02.783538 139579566835264 terminal.py:91] [Evaluator] Actor Episodes = 33232 | Actor Steps = 1661600 | Delta Dist = 11.898 | Delta Dist 10 = 11.672 | Delta Dist 100 = 11.397 | Delta Dist 1000 = 11.658 | Episode Length = 50 | Episode Return = 6.0 | Evaluator Episodes = 8425 | Evaluator Steps = 421250 | Final Dist = 0.908 | Final Dist 10 = 1.135 | Final Dist 100 = 1.409 | Final Dist 1000 = 1.148 | Init Dist = 12.806 | Init Dist 10 = 12.806 | Init Dist 100 = 12.806 | Init Dist 1000 = 12.806 | Learner Steps = 25808 | Learner Walltime = 5086.368 | Min Dist = 0.200 | Min Dist 10 = 0.228 | Min Dist 100 = 0.626 | Min Dist 1000 = 0.451 | Steps Per Second = 84.021 | Success = 1.000 | Success 1000 = 0.957
I0502 16:31:04.104479 139579566835264 terminal.py:91] [Evaluator] Actor Episodes = 33240 | Actor Steps = 1662000 | Delta Dist = 11.880 | Delta Dist 10 = 11.719 | Delta Dist 100 = 11.405 | Delta Dist 1000 = 11.659 | Episode Length = 50 | Episode Return = 10.0 | Evaluator Episodes = 8427 | Evaluator Steps = 421350 | Final Dist = 0.926 | Final Dist 10 = 1.087 | Final Dist 100 = 1.401 | Final Dist 1000 = 1.147 | Init Dist = 12.806 | Init Dist 10 = 12.806 | Init Dist 100 = 12.806 | Init Dist 1000 = 12.806 | Learner Steps = 25813 | Learner Walltime = 5087.594 | Min Dist = 0.638 | Min Dist 10 = 0.232 | Min Dist 100 = 0.626 | Min Dist 1000 = 0.451 | Steps Per Second = 83.217 | Success = 1.000 | Success 1000 = 0.957
I0502 16:31:04.338279 139584504182336 lp_utils.py:96] StepsLimiter: Reached 1662100 recorded steps
I0502 16:31:05.385131 139579566835264 terminal.py:91] [Evaluator] Actor Episodes = 33248 | Actor Steps = 1662400 | Delta Dist = 11.413 | Delta Dist 10 = 11.828 | Delta Dist 100 = 11.397 | Delta Dist 1000 = 11.659 | Episode Length = 50 | Episode Return = 23.0 | Evaluator Episodes = 8429 | Evaluator Steps = 421450 | Final Dist = 1.393 | Final Dist 10 = 0.979 | Final Dist 100 = 1.409 | Final Dist 1000 = 1.147 | Init Dist = 12.806 | Init Dist 10 = 12.806 | Init Dist 100 = 12.806 | Init Dist 1000 = 12.806 | Learner Steps = 25818 | Learner Walltime = 5088.630 | Min Dist = 0.125 | Min Dist 10 = 0.192 | Min Dist 100 = 0.629 | Min Dist 1000 = 0.451 | Steps Per Second = 72.748 | Success = 1.000 | Success 1000 = 0.957
I0502 16:31:06.418380 139579566835264 terminal.py:91] [Evaluator] Actor Episodes = 33254 | Actor Steps = 1662700 | Delta Dist = 12.593 | Delta Dist 10 = 11.800 | Delta Dist 100 = 11.388 | Delta Dist 1000 = 11.658 | Episode Length = 50 | Episode Return = 23.0 | Evaluator Episodes = 8430 | Evaluator Steps = 421500 | Final Dist = 0.213 | Final Dist 10 = 1.006 | Final Dist 100 = 1.418 | Final Dist 1000 = 1.148 | Init Dist = 12.806 | Init Dist 10 = 12.806 | Init Dist 100 = 12.806 | Init Dist 1000 = 12.806 | Learner Steps = 25823 | Learner Walltime = 5089.720 | Min Dist = 0.176 | Min Dist 10 = 0.193 | Min Dist 100 = 0.629 | Min Dist 1000 = 0.451 | Steps Per Second = 48.585 | Success = 1.000 | Success 1000 = 0.957
I0502 16:31:06.502476 139555013154368 terminal.py:91] [Learner] Actor Episodes = 33248 | Actor Loss = 3.5231542587280273 | Actor Steps = 1662400 | Binary Accuracy = 0.9959113597869873 | Categorical Accuracy = 0.4027099609375 | Critic Loss = 1.8872092962265015 | Entropy Mean = -21.06781578063965 | Evaluator Episodes = 8429 | Evaluator Steps = 421450 | Learner Steps = 25826 | Learner Walltime = 5090.698 | Logits Neg = -16.691452026367188 | Logits Pos = -1.8175299167633057 | Logsumexp = 1.1549837589263916 | Steps Per Second = 94.862
I0502 16:31:07.717354 139579566835264 terminal.py:91] [Evaluator] Actor Episodes = 33262 | Actor Steps = 1663100 | Delta Dist = 9.508 | Delta Dist 10 = 11.878 | Delta Dist 100 = 11.390 | Delta Dist 1000 = 11.659 | Episode Length = 50 | Episode Return = 0.0 | Evaluator Episodes = 8432 | Evaluator Steps = 421600 | Final Dist = 3.298 | Final Dist 10 = 0.928 | Final Dist 100 = 1.416 | Final Dist 1000 = 1.148 | Init Dist = 12.806 | Init Dist 10 = 12.806 | Init Dist 100 = 12.806 | Init Dist 1000 = 12.806 | Learner Steps = 25827 | Learner Walltime = 5090.941 | Min Dist = 3.298 | Min Dist 10 = 0.189 | Min Dist 100 = 0.627 | Min Dist 1000 = 0.451 | Steps Per Second = 76.431 | Success = 0.000 | Success 1000 = 0.957
I0502 16:31:08.092372 139558059398720 terminal.py:91] [Actor] Actor Episodes = 33264 | Actor Steps = 1663200 | Delta Dist = 8.105 | Delta Dist 10 = 4.624 | Delta Dist 100 = 4.373 | Delta Dist 1000 = 4.397 | Episode Length = 50 | Episode Return = 33.0 | Evaluator Episodes = 8432 | Evaluator Steps = 421600 | Final Dist = 1.115 | Final Dist 10 = 0.863 | Final Dist 100 = 1.291 | Final Dist 1000 = 1.477 | Init Dist = 9.220 | Init Dist 10 = 5.487 | Init Dist 100 = 5.663 | Init Dist 1000 = 5.874 | Learner Steps = 25833 | Learner Walltime = 5091.989 | Min Dist = 0.153 | Min Dist 10 = 0.088 | Min Dist 100 = 0.213 | Min Dist 1000 = 0.182 | Steps Per Second = 67.123 | Success = 1.000 | Success 1000 = 0.989
I0502 16:31:08.251417 139584635659840 savers.py:156] Saving checkpoint: logs/contrastive_cpc_point_FourRooms_64/5dd72662-2788-11f0-b183-d85ed38c5779/checkpoints/counter
I0502 16:31:09.218448 139579566835264 terminal.py:91] [Evaluator] Actor Episodes = 33270 | Actor Steps = 1663500 | Delta Dist = 11.359 | Delta Dist 10 = 11.694 | Delta Dist 100 = 11.425 | Delta Dist 1000 = 11.666 | Episode Length = 50 | Episode Return = 1.0 | Evaluator Episodes = 8434 | Evaluator Steps = 421700 | Final Dist = 1.447 | Final Dist 10 = 1.113 | Final Dist 100 = 1.381 | Final Dist 1000 = 1.140 | Init Dist = 12.806 | Init Dist 10 = 12.806 | Init Dist 100 = 12.806 | Init Dist 1000 = 12.806 | Learner Steps = 25837 | Learner Walltime = 5093.206 | Min Dist = 0.472 | Min Dist 10 = 0.489 | Min Dist 100 = 0.592 | Min Dist 1000 = 0.444 | Steps Per Second = 64.418 | Success = 1.000 | Success 1000 = 0.958
I0502 16:31:09.933979 139569349502528 terminal.py:91] [Actor] Actor Episodes = 33274 | Actor Steps = 1663700 | Delta Dist = 1.760 | Delta Dist 10 = 4.250 | Delta Dist 100 = 4.320 | Delta Dist 1000 = 4.391 | Episode Length = 50 | Episode Return = 0.0 | Evaluator Episodes = 8434 | Evaluator Steps = 421700 | Final Dist = 0.240 | Final Dist 10 = 3.125 | Final Dist 100 = 1.521 | Final Dist 1000 = 1.490 | Init Dist = 2.000 | Init Dist 10 = 7.375 | Init Dist 100 = 5.841 | Init Dist 1000 = 5.881 | Learner Steps = 25837 | Learner Walltime = 5093.206 | Min Dist = 0.074 | Min Dist 10 = 0.065 | Min Dist 100 = 0.215 | Min Dist 1000 = 0.182 | Steps Per Second = 98.577 | Success = 1.000 | Success 1000 = 0.989
I0502 16:31:10.567506 139579566835264 terminal.py:91] [Evaluator] Actor Episodes = 33278 | Actor Steps = 1663900 | Delta Dist = 12.549 | Delta Dist 10 = 11.670 | Delta Dist 100 = 11.427 | Delta Dist 1000 = 11.667 | Episode Length = 50 | Episode Return = 22.0 | Evaluator Episodes = 8436 | Evaluator Steps = 421800 | Final Dist = 0.257 | Final Dist 10 = 1.136 | Final Dist 100 = 1.379 | Final Dist 1000 = 1.140 | Init Dist = 12.806 | Init Dist 10 = 12.806 | Init Dist 100 = 12.806 | Init Dist 1000 = 12.806 | Learner Steps = 25843 | Learner Walltime = 5094.520 | Min Dist = 0.044 | Min Dist 10 = 0.523 | Min Dist 100 = 0.595 | Min Dist 1000 = 0.444 | Steps Per Second = 73.547 | Success = 1.000 | Success 1000 = 0.958
I0502 16:31:11.662944 139555860620864 terminal.py:91] [Actor] Actor Episodes = 33284 | Actor Steps = 1664200 | Delta Dist = 1.563 | Delta Dist 10 = 5.766 | Delta Dist 100 = 4.693 | Delta Dist 1000 = 4.411 | Episode Length = 50 | Episode Return = 0.0 | Evaluator Episodes = 8436 | Evaluator Steps = 421800 | Final Dist = 4.520 | Final Dist 10 = 0.787 | Final Dist 100 = 1.404 | Final Dist 1000 = 1.485 | Init Dist = 6.083 | Init Dist 10 = 6.553 | Init Dist 100 = 6.097 | Init Dist 1000 = 5.895 | Learner Steps = 25849 | Learner Walltime = 5095.674 | Min Dist = 0.091 | Min Dist 10 = 0.034 | Min Dist 100 = 0.212 | Min Dist 1000 = 0.182 | Steps Per Second = 74.725 | Success = 1.000 | Success 1000 = 0.989
I0502 16:31:11.914012 139579566835264 terminal.py:91] [Evaluator] Actor Episodes = 33286 | Actor Steps = 1664300 | Delta Dist = 12.561 | Delta Dist 10 = 11.749 | Delta Dist 100 = 11.440 | Delta Dist 1000 = 11.667 | Episode Length = 50 | Episode Return = 24.0 | Evaluator Episodes = 8438 | Evaluator Steps = 421900 | Final Dist = 0.245 | Final Dist 10 = 1.058 | Final Dist 100 = 1.367 | Final Dist 1000 = 1.140 | Init Dist = 12.806 | Init Dist 10 = 12.806 | Init Dist 100 = 12.806 | Init Dist 1000 = 12.806 | Learner Steps = 25849 | Learner Walltime = 5095.674 | Min Dist = 0.075 | Min Dist 10 = 0.475 | Min Dist 100 = 0.592 | Min Dist 1000 = 0.444 | Steps Per Second = 81.738 | Success = 1.000 | Success 1000 = 0.958
I0502 16:31:12.960443 139557462840896 terminal.py:91] [Actor] Actor Episodes = 33292 | Actor Steps = 1664600 | Delta Dist = 1.849 | Delta Dist 10 = 5.355 | Delta Dist 100 = 4.727 | Delta Dist 1000 = 4.420 | Episode Length = 50 | Episode Return = 23.0 | Evaluator Episodes = 8438 | Evaluator Steps = 421900 | Final Dist = 1.313 | Final Dist 10 = 1.125 | Final Dist 100 = 1.411 | Final Dist 1000 = 1.488 | Init Dist = 3.162 | Init Dist 10 = 6.480 | Init Dist 100 = 6.137 | Init Dist 1000 = 5.909 | Learner Steps = 25855 | Learner Walltime = 5096.677 | Min Dist = 0.066 | Min Dist 10 = 0.172 | Min Dist 100 = 0.224 | Min Dist 1000 = 0.183 | Steps Per Second = 70.950 | Success = 1.000 | Success 1000 = 0.988
I0502 16:31:13.227460 139579566835264 terminal.py:91] [Evaluator] Actor Episodes = 33294 | Actor Steps = 1664700 | Delta Dist = 11.498 | Delta Dist 10 = 11.878 | Delta Dist 100 = 11.449 | Delta Dist 1000 = 11.668 | Episode Length = 50 | Episode Return = 9.0 | Evaluator Episodes = 8440 | Evaluator Steps = 422000 | Final Dist = 1.308 | Final Dist 10 = 0.928 | Final Dist 100 = 1.358 | Final Dist 1000 = 1.139 | Init Dist = 12.806 | Init Dist 10 = 12.806 | Init Dist 100 = 12.806 | Init Dist 1000 = 12.806 | Learner Steps = 25855 | Learner Walltime = 5096.677 | Min Dist = 0.602 | Min Dist 10 = 0.470 | Min Dist 100 = 0.589 | Min Dist 1000 = 0.444 | Steps Per Second = 75.443 | Success = 1.000 | Success 1000 = 0.958
I0502 16:31:14.355348 139584504182336 lp_utils.py:96] StepsLimiter: Reached 1665100 recorded steps
I0502 16:31:14.455051 139579566835264 terminal.py:91] [Evaluator] Actor Episodes = 33302 | Actor Steps = 1665100 | Delta Dist = 11.767 | Delta Dist 10 = 11.755 | Delta Dist 100 = 11.444 | Delta Dist 1000 = 11.673 | Episode Length = 50 | Episode Return = 19.0 | Evaluator Episodes = 8442 | Evaluator Steps = 422100 | Final Dist = 1.039 | Final Dist 10 = 1.051 | Final Dist 100 = 1.362 | Final Dist 1000 = 1.133 | Init Dist = 12.806 | Init Dist 10 = 12.806 | Init Dist 100 = 12.806 | Init Dist 1000 = 12.806 | Learner Steps = 25860 | Learner Walltime = 5097.759 | Min Dist = 0.177 | Min Dist 10 = 0.528 | Min Dist 100 = 0.592 | Min Dist 1000 = 0.438 | Steps Per Second = 75.182 | Success = 1.000 | Success 1000 = 0.959
I0502 16:31:14.866500 139583350109760 savers.py:156] Saving checkpoint: logs/contrastive_cpc_point_FourRooms_64/5dd72662-2788-11f0-b183-d85ed38c5779/checkpoints/learner
I0502 16:31:15.719187 139579566835264 terminal.py:91] [Evaluator] Actor Episodes = 33310 | Actor Steps = 1665500 | Delta Dist = 11.507 | Delta Dist 10 = 11.915 | Delta Dist 100 = 11.436 | Delta Dist 1000 = 11.674 | Episode Length = 50 | Episode Return = 24.0 | Evaluator Episodes = 8444 | Evaluator Steps = 422200 | Final Dist = 1.299 | Final Dist 10 = 0.891 | Final Dist 100 = 1.370 | Final Dist 1000 = 1.133 | Init Dist = 12.806 | Init Dist 10 = 12.806 | Init Dist 100 = 12.806 | Init Dist 1000 = 12.806 | Learner Steps = 25865 | Learner Walltime = 5098.972 | Min Dist = 0.072 | Min Dist 10 = 0.294 | Min Dist 100 = 0.600 | Min Dist 1000 = 0.438 | Steps Per Second = 80.935 | Success = 1.000 | Success 1000 = 0.959
I0502 16:31:16.701464 139555013154368 terminal.py:91] [Learner] Actor Episodes = 33310 | Actor Loss = 3.7113614082336426 | Actor Steps = 1665500 | Binary Accuracy = 0.9960436820983887 | Categorical Accuracy = 0.4227294921875 | Critic Loss = 1.796776294708252 | Entropy Mean = -20.964977264404297 | Evaluator Episodes = 8444 | Evaluator Steps = 422200 | Learner Steps = 25875 | Learner Walltime = 5100.896 | Logits Neg = -16.89019203186035 | Logits Pos = -1.762237548828125 | Logsumexp = 1.0496984720230103 | Steps Per Second = 242.911
I0502 16:31:17.064067 139579566835264 terminal.py:91] [Evaluator] Actor Episodes = 33318 | Actor Steps = 1665900 | Delta Dist = 11.696 | Delta Dist 10 = 11.974 | Delta Dist 100 = 11.448 | Delta Dist 1000 = 11.673 | Episode Length = 50 | Episode Return = 5.0 | Evaluator Episodes = 8446 | Evaluator Steps = 422300 | Final Dist = 1.111 | Final Dist 10 = 0.833 | Final Dist 100 = 1.358 | Final Dist 1000 = 1.133 | Init Dist = 12.806 | Init Dist 10 = 12.806 | Init Dist 100 = 12.806 | Init Dist 1000 = 12.806 | Learner Steps = 25876 | Learner Walltime = 5101.184 | Min Dist = 0.282 | Min Dist 10 = 0.260 | Min Dist 100 = 0.600 | Min Dist 1000 = 0.437 | Steps Per Second = 74.985 | Success = 1.000 | Success 1000 = 0.959
I0502 16:31:18.120033 139558059398720 terminal.py:91] [Actor] Actor Episodes = 33321 | Actor Steps = 1666050 | Delta Dist = 7.062 | Delta Dist 10 = 6.111 | Delta Dist 100 = 4.577 | Delta Dist 1000 = 4.413 | Episode Length = 50 | Episode Return = 33.0 | Evaluator Episodes = 8446 | Evaluator Steps = 422300 | Final Dist = 0.149 | Final Dist 10 = 0.682 | Final Dist 100 = 1.345 | Final Dist 1000 = 1.477 | Init Dist = 7.211 | Init Dist 10 = 6.792 | Init Dist 100 = 5.922 | Init Dist 1000 = 5.890 | Learner Steps = 25876 | Learner Walltime = 5101.184 | Min Dist = 0.042 | Min Dist 10 = 0.098 | Min Dist 100 = 0.107 | Min Dist 1000 = 0.175 | Steps Per Second = 77.542 | Success = 1.000 | Success 1000 = 0.988
I0502 16:31:18.283141 139579566835264 terminal.py:91] [Evaluator] Actor Episodes = 33326 | Actor Steps = 1666300 | Delta Dist = 11.186 | Delta Dist 10 = 11.866 | Delta Dist 100 = 11.512 | Delta Dist 1000 = 11.674 | Episode Length = 50 | Episode Return = 17.0 | Evaluator Episodes = 8448 | Evaluator Steps = 422400 | Final Dist = 1.620 | Final Dist 10 = 0.940 | Final Dist 100 = 1.294 | Final Dist 1000 = 1.133 | Init Dist = 12.806 | Init Dist 10 = 12.806 | Init Dist 100 = 12.806 | Init Dist 1000 = 12.806 | Learner Steps = 25882 | Learner Walltime = 5102.370 | Min Dist = 0.172 | Min Dist 10 = 0.279 | Min Dist 100 = 0.555 | Min Dist 1000 = 0.436 | Steps Per Second = 84.831 | Success = 1.000 | Success 1000 = 0.959
I0502 16:31:19.505633 139579566835264 terminal.py:91] [Evaluator] Actor Episodes = 33334 | Actor Steps = 1666700 | Delta Dist = 12.435 | Delta Dist 10 = 11.731 | Delta Dist 100 = 11.499 | Delta Dist 1000 = 11.673 | Episode Length = 50 | Episode Return = 13.0 | Evaluator Episodes = 8450 | Evaluator Steps = 422500 | Final Dist = 0.371 | Final Dist 10 = 1.075 | Final Dist 100 = 1.307 | Final Dist 1000 = 1.134 | Init Dist = 12.806 | Init Dist 10 = 12.806 | Init Dist 100 = 12.806 | Init Dist 1000 = 12.806 | Learner Steps = 25889 | Learner Walltime = 5103.701 | Min Dist = 0.371 | Min Dist 10 = 0.291 | Min Dist 100 = 0.555 | Min Dist 1000 = 0.436 | Steps Per Second = 81.571 | Success = 1.000 | Success 1000 = 0.959
I0502 16:31:20.254667 139569349502528 terminal.py:91] [Actor] Actor Episodes = 33338 | Actor Steps = 1666900 | Delta Dist = 6.184 | Delta Dist 10 = 4.296 | Delta Dist 100 = 4.647 | Delta Dist 1000 = 4.418 | Episode Length = 50 | Episode Return = 30.0 | Evaluator Episodes = 8450 | Evaluator Steps = 422500 | Final Dist = 0.140 | Final Dist 10 = 0.917 | Final Dist 100 = 1.298 | Final Dist 1000 = 1.474 | Init Dist = 6.325 | Init Dist 10 = 5.213 | Init Dist 100 = 5.946 | Init Dist 1000 = 5.892 | Learner Steps = 25889 | Learner Walltime = 5103.701 | Min Dist = 0.078 | Min Dist 10 = 0.040 | Min Dist 100 = 0.095 | Min Dist 1000 = 0.172 | Steps Per Second = 73.075 | Success = 1.000 | Success 1000 = 0.988
I0502 16:31:20.826615 139579566835264 terminal.py:91] [Evaluator] Actor Episodes = 33342 | Actor Steps = 1667100 | Delta Dist = 3.166 | Delta Dist 10 = 11.862 | Delta Dist 100 = 11.511 | Delta Dist 1000 = 11.674 | Episode Length = 50 | Episode Return = 0.0 | Evaluator Episodes = 8452 | Evaluator Steps = 422600 | Final Dist = 9.641 | Final Dist 10 = 0.945 | Final Dist 100 = 1.295 | Final Dist 1000 = 1.132 | Init Dist = 12.806 | Init Dist 10 = 12.806 | Init Dist 100 = 12.806 | Init Dist 1000 = 12.806 | Learner Steps = 25894 | Learner Walltime = 5104.746 | Min Dist = 8.327 | Min Dist 10 = 0.250 | Min Dist 100 = 0.557 | Min Dist 1000 = 0.434 | Steps Per Second = 79.483 | Success = 0.000 | Success 1000 = 0.960
I0502 16:31:21.859478 139555860620864 terminal.py:91] [Actor] Actor Episodes = 33350 | Actor Steps = 1667500 | Delta Dist = 1.607 | Delta Dist 10 = 4.752 | Delta Dist 100 = 4.690 | Delta Dist 1000 = 4.411 | Episode Length = 50 | Episode Return = 24.0 | Evaluator Episodes = 8452 | Evaluator Steps = 422600 | Final Dist = 0.393 | Final Dist 10 = 0.792 | Final Dist 100 = 1.248 | Final Dist 1000 = 1.475 | Init Dist = 2.000 | Init Dist 10 = 5.543 | Init Dist 100 = 5.938 | Init Dist 1000 = 5.886 | Learner Steps = 25899 | Learner Walltime = 5105.770 | Min Dist = 0.162 | Min Dist 10 = 0.069 | Min Dist 100 = 0.084 | Min Dist 1000 = 0.172 | Steps Per Second = 74.233 | Success = 1.000 | Success 1000 = 0.989
I0502 16:31:22.095171 139579566835264 terminal.py:91] [Evaluator] Actor Episodes = 33350 | Actor Steps = 1667500 | Delta Dist = 12.653 | Delta Dist 10 = 11.003 | Delta Dist 100 = 11.419 | Delta Dist 1000 = 11.666 | Episode Length = 50 | Episode Return = 18.0 | Evaluator Episodes = 8454 | Evaluator Steps = 422700 | Final Dist = 0.154 | Final Dist 10 = 1.803 | Final Dist 100 = 1.387 | Final Dist 1000 = 1.140 | Init Dist = 12.806 | Init Dist 10 = 12.806 | Init Dist 100 = 12.806 | Init Dist 1000 = 12.806 | Learner Steps = 25899 | Learner Walltime = 5105.770 | Min Dist = 0.117 | Min Dist 10 = 1.001 | Min Dist 100 = 0.640 | Min Dist 1000 = 0.442 | Steps Per Second = 83.072 | Success = 1.000 | Success 1000 = 0.959
I0502 16:31:23.209227 139579566835264 terminal.py:91] [Evaluator] Actor Episodes = 33358 | Actor Steps = 1667900 | Delta Dist = 12.035 | Delta Dist 10 = 11.025 | Delta Dist 100 = 11.430 | Delta Dist 1000 = 11.666 | Episode Length = 50 | Episode Return = 19.0 | Evaluator Episodes = 8456 | Evaluator Steps = 422800 | Final Dist = 0.771 | Final Dist 10 = 1.781 | Final Dist 100 = 1.376 | Final Dist 1000 = 1.140 | Init Dist = 12.806 | Init Dist 10 = 12.806 | Init Dist 100 = 12.806 | Init Dist 1000 = 12.806 | Learner Steps = 25904 | Learner Walltime = 5106.802 | Min Dist = 0.071 | Min Dist 10 = 1.008 | Min Dist 100 = 0.633 | Min Dist 1000 = 0.442 | Steps Per Second = 85.163 | Success = 1.000 | Success 1000 = 0.959
I0502 16:31:23.432287 139557462840896 terminal.py:91] [Actor] Actor Episodes = 33355 | Actor Steps = 1667750 | Delta Dist = 5.136 | Delta Dist 10 = 4.702 | Delta Dist 100 = 4.781 | Delta Dist 1000 = 4.414 | Episode Length = 50 | Episode Return = 20.0 | Evaluator Episodes = 8454 | Evaluator Steps = 422700 | Final Dist = 0.864 | Final Dist 10 = 1.020 | Final Dist 100 = 1.246 | Final Dist 1000 = 1.474 | Init Dist = 6.000 | Init Dist 10 = 5.722 | Init Dist 100 = 6.027 | Init Dist 1000 = 5.888 | Learner Steps = 25904 | Learner Walltime = 5106.802 | Min Dist = 0.067 | Min Dist 10 = 0.053 | Min Dist 100 = 0.082 | Min Dist 1000 = 0.169 | Steps Per Second = 81.308 | Success = 1.000 | Success 1000 = 0.989
I0502 16:31:24.371396 139584504182336 lp_utils.py:96] StepsLimiter: Reached 1668300 recorded steps
I0502 16:31:24.493426 139579566835264 terminal.py:91] [Evaluator] Actor Episodes = 33366 | Actor Steps = 1668300 | Delta Dist = 11.492 | Delta Dist 10 = 11.070 | Delta Dist 100 = 11.489 | Delta Dist 1000 = 11.665 | Episode Length = 50 | Episode Return = 1.0 | Evaluator Episodes = 8458 | Evaluator Steps = 422900 | Final Dist = 1.315 | Final Dist 10 = 1.736 | Final Dist 100 = 1.317 | Final Dist 1000 = 1.141 | Init Dist = 12.806 | Init Dist 10 = 12.806 | Init Dist 100 = 12.806 | Init Dist 1000 = 12.806 | Learner Steps = 25910 | Learner Walltime = 5107.857 | Min Dist = 0.227 | Min Dist 10 = 0.985 | Min Dist 100 = 0.603 | Min Dist 1000 = 0.442 | Steps Per Second = 71.408 | Success = 1.000 | Success 1000 = 0.959
I0502 16:31:25.800786 139579566835264 terminal.py:91] [Evaluator] Actor Episodes = 33374 | Actor Steps = 1668700 | Delta Dist = 11.903 | Delta Dist 10 = 11.063 | Delta Dist 100 = 11.471 | Delta Dist 1000 = 11.664 | Episode Length = 50 | Episode Return = 16.0 | Evaluator Episodes = 8460 | Evaluator Steps = 423000 | Final Dist = 0.903 | Final Dist 10 = 1.744 | Final Dist 100 = 1.335 | Final Dist 1000 = 1.142 | Init Dist = 12.806 | Init Dist 10 = 12.806 | Init Dist 100 = 12.806 | Init Dist 1000 = 12.806 | Learner Steps = 25914 | Learner Walltime = 5108.884 | Min Dist = 0.281 | Min Dist 10 = 1.011 | Min Dist 100 = 0.607 | Min Dist 1000 = 0.442 | Steps Per Second = 72.443 | Success = 1.000 | Success 1000 = 0.959
I0502 16:31:26.754762 139555013154368 terminal.py:91] [Learner] Actor Episodes = 33374 | Actor Loss = 3.641402244567871 | Actor Steps = 1668700 | Binary Accuracy = 0.9961066246032715 | Categorical Accuracy = 0.4310302734375 | Critic Loss = 1.8003238439559937 | Entropy Mean = -21.71969223022461 | Evaluator Episodes = 8460 | Evaluator Steps = 423000 | Learner Steps = 25925 | Learner Walltime = 5110.948 | Logits Neg = -16.610279083251953 | Logits Pos = -1.766174077987671 | Logsumexp = 1.0720679759979248 | Steps Per Second = 1019.570
I0502 16:31:27.035189 139579566835264 terminal.py:91] [Evaluator] Actor Episodes = 33382 | Actor Steps = 1669100 | Delta Dist = 12.481 | Delta Dist 10 = 11.016 | Delta Dist 100 = 11.459 | Delta Dist 1000 = 11.664 | Episode Length = 50 | Episode Return = 33.0 | Evaluator Episodes = 8462 | Evaluator Steps = 423100 | Final Dist = 0.326 | Final Dist 10 = 1.791 | Final Dist 100 = 1.348 | Final Dist 1000 = 1.142 | Init Dist = 12.806 | Init Dist 10 = 12.806 | Init Dist 100 = 12.806 | Init Dist 1000 = 12.806 | Learner Steps = 25919 | Learner Walltime = 5110.015 | Min Dist = 0.119 | Min Dist 10 = 1.007 | Min Dist 100 = 0.608 | Min Dist 1000 = 0.442 | Steps Per Second = 78.682 | Success = 1.000 | Success 1000 = 0.959
I0502 16:31:28.169592 139579566835264 terminal.py:91] [Evaluator] Actor Episodes = 33390 | Actor Steps = 1669500 | Delta Dist = 11.753 | Delta Dist 10 = 12.036 | Delta Dist 100 = 11.470 | Delta Dist 1000 = 11.666 | Episode Length = 50 | Episode Return = 7.0 | Evaluator Episodes = 8464 | Evaluator Steps = 423200 | Final Dist = 1.054 | Final Dist 10 = 0.770 | Final Dist 100 = 1.336 | Final Dist 1000 = 1.140 | Init Dist = 12.806 | Init Dist 10 = 12.806 | Init Dist 100 = 12.806 | Init Dist 1000 = 12.806 | Learner Steps = 25926 | Learner Walltime = 5111.250 | Min Dist = 0.270 | Min Dist 10 = 0.183 | Min Dist 100 = 0.603 | Min Dist 1000 = 0.442 | Steps Per Second = 86.039 | Success = 1.000 | Success 1000 = 0.959
I0502 16:31:28.337563 139558059398720 terminal.py:91] [Actor] Actor Episodes = 33387 | Actor Steps = 1669350 | Delta Dist = 3.619 | Delta Dist 10 = 5.478 | Delta Dist 100 = 4.640 | Delta Dist 1000 = 4.450 | Episode Length = 50 | Episode Return = 39.0 | Evaluator Episodes = 8462 | Evaluator Steps = 423100 | Final Dist = 0.504 | Final Dist 10 = 0.714 | Final Dist 100 = 1.289 | Final Dist 1000 = 1.445 | Init Dist = 4.123 | Init Dist 10 = 6.192 | Init Dist 100 = 5.930 | Init Dist 1000 = 5.895 | Learner Steps = 25926 | Learner Walltime = 5111.250 | Min Dist = 0.045 | Min Dist 10 = 0.080 | Min Dist 100 = 0.091 | Min Dist 1000 = 0.167 | Steps Per Second = 85.156 | Success = 1.000 | Success 1000 = 0.989
I0502 16:31:29.361617 139579566835264 terminal.py:91] [Evaluator] Actor Episodes = 33396 | Actor Steps = 1669800 | Delta Dist = 12.512 | Delta Dist 10 = 11.942 | Delta Dist 100 = 11.464 | Delta Dist 1000 = 11.665 | Episode Length = 50 | Episode Return = 20.0 | Evaluator Episodes = 8466 | Evaluator Steps = 423300 | Final Dist = 0.294 | Final Dist 10 = 0.864 | Final Dist 100 = 1.342 | Final Dist 1000 = 1.141 | Init Dist = 12.806 | Init Dist 10 = 12.806 | Init Dist 100 = 12.806 | Init Dist 1000 = 12.806 | Learner Steps = 25932 | Learner Walltime = 5112.704 | Min Dist = 0.105 | Min Dist 10 = 0.207 | Min Dist 100 = 0.605 | Min Dist 1000 = 0.442 | Steps Per Second = 72.258 | Success = 1.000 | Success 1000 = 0.959
I0502 16:31:30.623782 139569349502528 terminal.py:91] [Actor] Actor Episodes = 33406 | Actor Steps = 1670300 | Delta Dist = 7.913 | Delta Dist 10 = 4.631 | Delta Dist 100 = 4.788 | Delta Dist 1000 = 4.461 | Episode Length = 50 | Episode Return = 47.0 | Evaluator Episodes = 8466 | Evaluator Steps = 423300 | Final Dist = 0.150 | Final Dist 10 = 1.461 | Final Dist 100 = 1.239 | Final Dist 1000 = 1.433 | Init Dist = 8.062 | Init Dist 10 = 6.092 | Init Dist 100 = 6.027 | Init Dist 1000 = 5.894 | Learner Steps = 25939 | Learner Walltime = 5113.724 | Min Dist = 0.007 | Min Dist 10 = 0.068 | Min Dist 100 = 0.077 | Min Dist 1000 = 0.167 | Steps Per Second = 76.434 | Success = 1.000 | Success 1000 = 0.990
I0502 16:31:30.685666 139579566835264 terminal.py:91] [Evaluator] Actor Episodes = 33406 | Actor Steps = 1670300 | Delta Dist = 11.746 | Delta Dist 10 = 11.979 | Delta Dist 100 = 11.481 | Delta Dist 1000 = 11.666 | Episode Length = 50 | Episode Return = 18.0 | Evaluator Episodes = 8468 | Evaluator Steps = 423400 | Final Dist = 1.060 | Final Dist 10 = 0.827 | Final Dist 100 = 1.325 | Final Dist 1000 = 1.140 | Init Dist = 12.806 | Init Dist 10 = 12.806 | Init Dist 100 = 12.806 | Init Dist 1000 = 12.806 | Learner Steps = 25944 | Learner Walltime = 5114.871 | Min Dist = 0.065 | Min Dist 10 = 0.200 | Min Dist 100 = 0.601 | Min Dist 1000 = 0.442 | Steps Per Second = 81.291 | Success = 1.000 | Success 1000 = 0.959
I0502 16:31:31.892261 139579566835264 terminal.py:91] [Evaluator] Actor Episodes = 33412 | Actor Steps = 1670600 | Delta Dist = 12.616 | Delta Dist 10 = 12.062 | Delta Dist 100 = 11.487 | Delta Dist 1000 = 11.667 | Episode Length = 50 | Episode Return = 30.0 | Evaluator Episodes = 8470 | Evaluator Steps = 423500 | Final Dist = 0.191 | Final Dist 10 = 0.744 | Final Dist 100 = 1.319 | Final Dist 1000 = 1.139 | Init Dist = 12.806 | Init Dist 10 = 12.806 | Init Dist 100 = 12.806 | Init Dist 1000 = 12.806 | Learner Steps = 25950 | Learner Walltime = 5116.045 | Min Dist = 0.145 | Min Dist 10 = 0.162 | Min Dist 100 = 0.593 | Min Dist 1000 = 0.441 | Steps Per Second = 82.742 | Success = 1.000 | Success 1000 = 0.959
I0502 16:31:32.272983 139555860620864 terminal.py:91] [Actor] Actor Episodes = 33413 | Actor Steps = 1670650 | Delta Dist = 5.855 | Delta Dist 10 = 4.842 | Delta Dist 100 = 5.015 | Delta Dist 1000 = 4.478 | Episode Length = 50 | Episode Return = 7.0 | Evaluator Episodes = 8468 | Evaluator Steps = 423400 | Final Dist = 0.470 | Final Dist 10 = 0.882 | Final Dist 100 = 1.167 | Final Dist 1000 = 1.410 | Init Dist = 6.325 | Init Dist 10 = 5.725 | Init Dist 100 = 6.182 | Init Dist 1000 = 5.888 | Learner Steps = 25944 | Learner Walltime = 5114.871 | Min Dist = 0.012 | Min Dist 10 = 0.089 | Min Dist 100 = 0.077 | Min Dist 1000 = 0.167 | Steps Per Second = 90.347 | Success = 1.000 | Success 1000 = 0.990
I0502 16:31:33.066420 139579566835264 terminal.py:91] [Evaluator] Actor Episodes = 33420 | Actor Steps = 1671000 | Delta Dist = 11.727 | Delta Dist 10 = 12.087 | Delta Dist 100 = 11.491 | Delta Dist 1000 = 11.668 | Episode Length = 50 | Episode Return = 7.0 | Evaluator Episodes = 8472 | Evaluator Steps = 423600 | Final Dist = 1.080 | Final Dist 10 = 0.720 | Final Dist 100 = 1.315 | Final Dist 1000 = 1.138 | Init Dist = 12.806 | Init Dist 10 = 12.806 | Init Dist 100 = 12.806 | Init Dist 1000 = 12.806 | Learner Steps = 25955 | Learner Walltime = 5117.063 | Min Dist = 0.624 | Min Dist 10 = 0.180 | Min Dist 100 = 0.595 | Min Dist 1000 = 0.441 | Steps Per Second = 78.615 | Success = 1.000 | Success 1000 = 0.959
I0502 16:31:34.041503 139557462840896 terminal.py:91] [Actor] Actor Episodes = 33426 | Actor Steps = 1671300 | Delta Dist = 9.548 | Delta Dist 10 = 5.130 | Delta Dist 100 = 4.911 | Delta Dist 1000 = 4.491 | Episode Length = 50 | Episode Return = 20.0 | Evaluator Episodes = 8472 | Evaluator Steps = 423600 | Final Dist = 0.501 | Final Dist 10 = 0.778 | Final Dist 100 = 1.174 | Final Dist 1000 = 1.399 | Init Dist = 10.050 | Init Dist 10 = 5.908 | Init Dist 100 = 6.085 | Init Dist 1000 = 5.890 | Learner Steps = 25955 | Learner Walltime = 5117.063 | Min Dist = 0.092 | Min Dist 10 = 0.072 | Min Dist 100 = 0.074 | Min Dist 1000 = 0.166 | Steps Per Second = 74.864 | Success = 1.000 | Success 1000 = 0.990
I0502 16:31:34.363567 139579566835264 terminal.py:91] [Evaluator] Actor Episodes = 33428 | Actor Steps = 1671400 | Delta Dist = 11.408 | Delta Dist 10 = 12.050 | Delta Dist 100 = 11.548 | Delta Dist 1000 = 11.668 | Episode Length = 50 | Episode Return = 2.0 | Evaluator Episodes = 8474 | Evaluator Steps = 423700 | Final Dist = 1.398 | Final Dist 10 = 0.756 | Final Dist 100 = 1.258 | Final Dist 1000 = 1.138 | Init Dist = 12.806 | Init Dist 10 = 12.806 | Init Dist 100 = 12.806 | Init Dist 1000 = 12.806 | Learner Steps = 25961 | Learner Walltime = 5118.330 | Min Dist = 0.804 | Min Dist 10 = 0.225 | Min Dist 100 = 0.544 | Min Dist 1000 = 0.442 | Steps Per Second = 76.789 | Success = 1.000 | Success 1000 = 0.959
I0502 16:31:34.393457 139584504182336 lp_utils.py:96] StepsLimiter: Reached 1671400 recorded steps
I0502 16:31:35.640292 139579566835264 terminal.py:91] [Evaluator] Actor Episodes = 33436 | Actor Steps = 1671800 | Delta Dist = 11.410 | Delta Dist 10 = 12.076 | Delta Dist 100 = 11.538 | Delta Dist 1000 = 11.668 | Episode Length = 50 | Episode Return = 8.0 | Evaluator Episodes = 8476 | Evaluator Steps = 423800 | Final Dist = 1.396 | Final Dist 10 = 0.730 | Final Dist 100 = 1.269 | Final Dist 1000 = 1.138 | Init Dist = 12.806 | Init Dist 10 = 12.806 | Init Dist 100 = 12.806 | Init Dist 1000 = 12.806 | Learner Steps = 25967 | Learner Walltime = 5119.582 | Min Dist = 0.576 | Min Dist 10 = 0.259 | Min Dist 100 = 0.551 | Min Dist 1000 = 0.441 | Steps Per Second = 76.612 | Success = 1.000 | Success 1000 = 0.960
I0502 16:31:36.924477 139579566835264 terminal.py:91] [Evaluator] Actor Episodes = 33444 | Actor Steps = 1672200 | Delta Dist = 12.033 | Delta Dist 10 = 11.921 | Delta Dist 100 = 11.531 | Delta Dist 1000 = 11.672 | Episode Length = 50 | Episode Return = 33.0 | Evaluator Episodes = 8478 | Evaluator Steps = 423900 | Final Dist = 0.773 | Final Dist 10 = 0.886 | Final Dist 100 = 1.275 | Final Dist 1000 = 1.134 | Init Dist = 12.806 | Init Dist 10 = 12.806 | Init Dist 100 = 12.806 | Init Dist 1000 = 12.806 | Learner Steps = 25973 | Learner Walltime = 5120.653 | Min Dist = 0.368 | Min Dist 10 = 0.313 | Min Dist 100 = 0.555 | Min Dist 1000 = 0.436 | Steps Per Second = 80.186 | Success = 1.000 | Success 1000 = 0.961
I0502 16:31:36.995823 139555013154368 terminal.py:91] [Learner] Actor Episodes = 33440 | Actor Loss = 3.6338562965393066 | Actor Steps = 1672000 | Binary Accuracy = 0.9960117340087891 | Categorical Accuracy = 0.40472412109375 | Critic Loss = 1.8627022504806519 | Entropy Mean = -21.749805450439453 | Evaluator Episodes = 8476 | Evaluator Steps = 423800 | Learner Steps = 25975 | Learner Walltime = 5121.193 | Logits Neg = -16.80038070678711 | Logits Pos = -1.8183128833770752 | Logsumexp = 1.1683590412139893 | Steps Per Second = 172.417
I0502 16:31:38.123267 139579566835264 terminal.py:91] [Evaluator] Actor Episodes = 33452 | Actor Steps = 1672600 | Delta Dist = 5.869 | Delta Dist 10 = 11.913 | Delta Dist 100 = 11.531 | Delta Dist 1000 = 11.672 | Episode Length = 50 | Episode Return = 0.0 | Evaluator Episodes = 8480 | Evaluator Steps = 424000 | Final Dist = 6.937 | Final Dist 10 = 0.893 | Final Dist 100 = 1.275 | Final Dist 1000 = 1.134 | Init Dist = 12.806 | Init Dist 10 = 12.806 | Init Dist 100 = 12.806 | Init Dist 1000 = 12.806 | Learner Steps = 25978 | Learner Walltime = 5121.888 | Min Dist = 5.159 | Min Dist 10 = 0.360 | Min Dist 100 = 0.560 | Min Dist 1000 = 0.437 | Steps Per Second = 85.319 | Success = 0.000 | Success 1000 = 0.961
I0502 16:31:39.047699 139558059398720 terminal.py:91] [Actor] Actor Episodes = 33458 | Actor Steps = 1672900 | Delta Dist = 5.892 | Delta Dist 10 = 3.974 | Delta Dist 100 = 5.139 | Delta Dist 1000 = 4.537 | Episode Length = 50 | Episode Return = 14.0 | Evaluator Episodes = 8480 | Evaluator Steps = 424000 | Final Dist = 2.108 | Final Dist 10 = 2.579 | Final Dist 100 = 1.343 | Final Dist 1000 = 1.380 | Init Dist = 8.000 | Init Dist 10 = 6.553 | Init Dist 100 = 6.481 | Init Dist 1000 = 5.918 | Learner Steps = 25984 | Learner Walltime = 5123.037 | Min Dist = 0.031 | Min Dist 10 = 0.089 | Min Dist 100 = 0.078 | Min Dist 1000 = 0.152 | Steps Per Second = 70.339 | Success = 1.000 | Success 1000 = 0.991
I0502 16:31:39.379411 139579566835264 terminal.py:91] [Evaluator] Actor Episodes = 33460 | Actor Steps = 1673000 | Delta Dist = 11.292 | Delta Dist 10 = 11.359 | Delta Dist 100 = 11.481 | Delta Dist 1000 = 11.666 | Episode Length = 50 | Episode Return = 12.0 | Evaluator Episodes = 8482 | Evaluator Steps = 424100 | Final Dist = 1.514 | Final Dist 10 = 1.448 | Final Dist 100 = 1.325 | Final Dist 1000 = 1.140 | Init Dist = 12.806 | Init Dist 10 = 12.806 | Init Dist 100 = 12.806 | Init Dist 1000 = 12.806 | Learner Steps = 25984 | Learner Walltime = 5123.037 | Min Dist = 0.100 | Min Dist 10 = 0.845 | Min Dist 100 = 0.612 | Min Dist 1000 = 0.441 | Steps Per Second = 72.955 | Success = 1.000 | Success 1000 = 0.960
I0502 16:31:40.643564 139579566835264 terminal.py:91] [Evaluator] Actor Episodes = 33466 | Actor Steps = 1673300 | Delta Dist = 12.033 | Delta Dist 10 = 11.205 | Delta Dist 100 = 11.477 | Delta Dist 1000 = 11.666 | Episode Length = 50 | Episode Return = 21.0 | Evaluator Episodes = 8484 | Evaluator Steps = 424200 | Final Dist = 0.773 | Final Dist 10 = 1.601 | Final Dist 100 = 1.330 | Final Dist 1000 = 1.140 | Init Dist = 12.806 | Init Dist 10 = 12.806 | Init Dist 100 = 12.806 | Init Dist 1000 = 12.806 | Learner Steps = 25990 | Learner Walltime = 5124.355 | Min Dist = 0.243 | Min Dist 10 = 0.797 | Min Dist 100 = 0.604 | Min Dist 1000 = 0.441 | Steps Per Second = 81.324 | Success = 1.000 | Success 1000 = 0.960
I0502 16:31:40.784930 139569349502528 terminal.py:91] [Actor] Actor Episodes = 33470 | Actor Steps = 1673500 | Delta Dist = 3.461 | Delta Dist 10 = 4.648 | Delta Dist 100 = 5.056 | Delta Dist 1000 = 4.532 | Episode Length = 50 | Episode Return = 37.0 | Evaluator Episodes = 8484 | Evaluator Steps = 424200 | Final Dist = 0.662 | Final Dist 10 = 1.455 | Final Dist 100 = 1.346 | Final Dist 1000 = 1.382 | Init Dist = 4.123 | Init Dist 10 = 6.103 | Init Dist 100 = 6.403 | Init Dist 1000 = 5.914 | Learner Steps = 25990 | Learner Walltime = 5124.355 | Min Dist = 0.078 | Min Dist 10 = 0.025 | Min Dist 100 = 0.070 | Min Dist 1000 = 0.151 | Steps Per Second = 81.416 | Success = 1.000 | Success 1000 = 0.991
I0502 16:31:41.905538 139579566835264 terminal.py:91] [Evaluator] Actor Episodes = 33474 | Actor Steps = 1673700 | Delta Dist = 12.172 | Delta Dist 10 = 11.282 | Delta Dist 100 = 11.483 | Delta Dist 1000 = 11.666 | Episode Length = 50 | Episode Return = 16.0 | Evaluator Episodes = 8486 | Evaluator Steps = 424300 | Final Dist = 0.634 | Final Dist 10 = 1.525 | Final Dist 100 = 1.323 | Final Dist 1000 = 1.141 | Init Dist = 12.806 | Init Dist 10 = 12.806 | Init Dist 100 = 12.806 | Init Dist 1000 = 12.806 | Learner Steps = 25997 | Learner Walltime = 5125.633 | Min Dist = 0.316 | Min Dist 10 = 0.729 | Min Dist 100 = 0.602 | Min Dist 1000 = 0.441 | Steps Per Second = 79.789 | Success = 1.000 | Success 1000 = 0.960
I0502 16:31:42.670234 139555860620864 terminal.py:91] [Actor] Actor Episodes = 33477 | Actor Steps = 1673850 | Delta Dist = 2.736 | Delta Dist 10 = 4.459 | Delta Dist 100 = 5.104 | Delta Dist 1000 = 4.535 | Episode Length = 50 | Episode Return = 28.0 | Evaluator Episodes = 8486 | Evaluator Steps = 424300 | Final Dist = 0.426 | Final Dist 10 = 1.705 | Final Dist 100 = 1.257 | Final Dist 1000 = 1.395 | Init Dist = 3.162 | Init Dist 10 = 6.163 | Init Dist 100 = 6.361 | Init Dist 1000 = 5.930 | Learner Steps = 25997 | Learner Walltime = 5125.633 | Min Dist = 0.426 | Min Dist 10 = 0.233 | Min Dist 100 = 0.156 | Min Dist 1000 = 0.160 | Steps Per Second = 70.377 | Success = 1.000 | Success 1000 = 0.991
I0502 16:31:43.161863 139579566835264 terminal.py:91] [Evaluator] Actor Episodes = 33482 | Actor Steps = 1674100 | Delta Dist = 11.441 | Delta Dist 10 = 11.444 | Delta Dist 100 = 11.489 | Delta Dist 1000 = 11.666 | Episode Length = 50 | Episode Return = 19.0 | Evaluator Episodes = 8488 | Evaluator Steps = 424400 | Final Dist = 1.366 | Final Dist 10 = 1.363 | Final Dist 100 = 1.317 | Final Dist 1000 = 1.140 | Init Dist = 12.806 | Init Dist 10 = 12.806 | Init Dist 100 = 12.806 | Init Dist 1000 = 12.806 | Learner Steps = 26003 | Learner Walltime = 5126.978 | Min Dist = 0.057 | Min Dist 10 = 0.693 | Min Dist 100 = 0.604 | Min Dist 1000 = 0.441 | Steps Per Second = 83.052 | Success = 1.000 | Success 1000 = 0.960
I0502 16:31:44.315841 139579566835264 terminal.py:91] [Evaluator] Actor Episodes = 33490 | Actor Steps = 1674500 | Delta Dist = 12.413 | Delta Dist 10 = 11.364 | Delta Dist 100 = 11.486 | Delta Dist 1000 = 11.666 | Episode Length = 50 | Episode Return = 30.0 | Evaluator Episodes = 8490 | Evaluator Steps = 424500 | Final Dist = 0.393 | Final Dist 10 = 1.442 | Final Dist 100 = 1.320 | Final Dist 1000 = 1.140 | Init Dist = 12.806 | Init Dist 10 = 12.806 | Init Dist 100 = 12.806 | Init Dist 1000 = 12.806 | Learner Steps = 26010 | Learner Walltime = 5128.303 | Min Dist = 0.121 | Min Dist 10 = 0.708 | Min Dist 100 = 0.608 | Min Dist 1000 = 0.441 | Steps Per Second = 81.155 | Success = 1.000 | Success 1000 = 0.960
I0502 16:31:44.412033 139584504182336 lp_utils.py:96] StepsLimiter: Reached 1674500 recorded steps
I0502 16:31:44.488103 139557462840896 terminal.py:91] [Actor] Actor Episodes = 33489 | Actor Steps = 1674450 | Delta Dist = 2.021 | Delta Dist 10 = 2.934 | Delta Dist 100 = 4.780 | Delta Dist 1000 = 4.516 | Episode Length = 50 | Episode Return = 35.0 | Evaluator Episodes = 8488 | Evaluator Steps = 424400 | Final Dist = 0.215 | Final Dist 10 = 3.320 | Final Dist 100 = 1.578 | Final Dist 1000 = 1.424 | Init Dist = 2.236 | Init Dist 10 = 6.253 | Init Dist 100 = 6.358 | Init Dist 1000 = 5.939 | Learner Steps = 26003 | Learner Walltime = 5126.978 | Min Dist = 0.045 | Min Dist 10 = 1.534 | Min Dist 100 = 0.304 | Min Dist 1000 = 0.173 | Steps Per Second = 90.194 | Success = 1.000 | Success 1000 = 0.990
I0502 16:31:45.488668 139579566835264 terminal.py:91] [Evaluator] Actor Episodes = 33498 | Actor Steps = 1674900 | Delta Dist = 11.729 | Delta Dist 10 = 12.015 | Delta Dist 100 = 11.508 | Delta Dist 1000 = 11.668 | Episode Length = 50 | Episode Return = 25.0 | Evaluator Episodes = 8492 | Evaluator Steps = 424600 | Final Dist = 1.077 | Final Dist 10 = 0.791 | Final Dist 100 = 1.298 | Final Dist 1000 = 1.139 | Init Dist = 12.806 | Init Dist 10 = 12.806 | Init Dist 100 = 12.806 | Init Dist 1000 = 12.806 | Learner Steps = 26015 | Learner Walltime = 5129.453 | Min Dist = 0.244 | Min Dist 10 = 0.195 | Min Dist 100 = 0.606 | Min Dist 1000 = 0.442 | Steps Per Second = 79.304 | Success = 1.000 | Success 1000 = 0.960
I0502 16:31:46.743848 139579566835264 terminal.py:91] [Evaluator] Actor Episodes = 33506 | Actor Steps = 1675300 | Delta Dist = 11.501 | Delta Dist 10 = 12.128 | Delta Dist 100 = 11.505 | Delta Dist 1000 = 11.667 | Episode Length = 50 | Episode Return = 1.0 | Evaluator Episodes = 8494 | Evaluator Steps = 424700 | Final Dist = 1.306 | Final Dist 10 = 0.679 | Final Dist 100 = 1.301 | Final Dist 1000 = 1.139 | Init Dist = 12.806 | Init Dist 10 = 12.806 | Init Dist 100 = 12.806 | Init Dist 1000 = 12.806 | Learner Steps = 26022 | Learner Walltime = 5130.796 | Min Dist = 0.928 | Min Dist 10 = 0.206 | Min Dist 100 = 0.607 | Min Dist 1000 = 0.441 | Steps Per Second = 83.956 | Success = 1.000 | Success 1000 = 0.960
I0502 16:31:47.213483 139555013154368 terminal.py:91] [Learner] Actor Episodes = 33506 | Actor Loss = 3.6338565349578857 | Actor Steps = 1675300 | Binary Accuracy = 0.9960024356842041 | Categorical Accuracy = 0.40545654296875 | Critic Loss = 1.8598694801330566 | Entropy Mean = -19.588619232177734 | Evaluator Episodes = 8492 | Evaluator Steps = 424600 | Learner Steps = 26025 | Learner Walltime = 5131.410 | Logits Neg = -16.853271484375 | Logits Pos = -1.8304740190505981 | Logsumexp = 1.088993787765503 | Steps Per Second = 129.899
I0502 16:31:48.079545 139579566835264 terminal.py:91] [Evaluator] Actor Episodes = 33514 | Actor Steps = 1675700 | Delta Dist = 4.119 | Delta Dist 10 = 12.055 | Delta Dist 100 = 11.509 | Delta Dist 1000 = 11.668 | Episode Length = 50 | Episode Return = 0.0 | Evaluator Episodes = 8496 | Evaluator Steps = 424800 | Final Dist = 8.687 | Final Dist 10 = 0.751 | Final Dist 100 = 1.297 | Final Dist 1000 = 1.138 | Init Dist = 12.806 | Init Dist 10 = 12.806 | Init Dist 100 = 12.806 | Init Dist 1000 = 12.806 | Learner Steps = 26028 | Learner Walltime = 5132.085 | Min Dist = 7.980 | Min Dist 10 = 0.315 | Min Dist 100 = 0.615 | Min Dist 1000 = 0.442 | Steps Per Second = 71.631 | Success = 0.000 | Success 1000 = 0.960
I0502 16:31:49.093377 139558059398720 terminal.py:91] [Actor] Actor Episodes = 33520 | Actor Steps = 1676000 | Delta Dist = 10.902 | Delta Dist 10 = 5.435 | Delta Dist 100 = 4.489 | Delta Dist 1000 = 4.511 | Episode Length = 50 | Episode Return = 23.0 | Evaluator Episodes = 8496 | Evaluator Steps = 424800 | Final Dist = 1.304 | Final Dist 10 = 0.583 | Final Dist 100 = 1.491 | Final Dist 1000 = 1.392 | Init Dist = 12.207 | Init Dist 10 = 6.018 | Init Dist 100 = 5.980 | Init Dist 1000 = 5.903 | Learner Steps = 26028 | Learner Walltime = 5132.085 | Min Dist = 0.015 | Min Dist 10 = 0.125 | Min Dist 100 = 0.314 | Min Dist 1000 = 0.173 | Steps Per Second = 77.873 | Success = 1.000 | Success 1000 = 0.990
I0502 16:31:49.286433 139579566835264 terminal.py:91] [Evaluator] Actor Episodes = 33522 | Actor Steps = 1676100 | Delta Dist = 11.481 | Delta Dist 10 = 11.209 | Delta Dist 100 = 11.534 | Delta Dist 1000 = 11.659 | Episode Length = 50 | Episode Return = 2.0 | Evaluator Episodes = 8498 | Evaluator Steps = 424900 | Final Dist = 1.326 | Final Dist 10 = 1.597 | Final Dist 100 = 1.272 | Final Dist 1000 = 1.147 | Init Dist = 12.806 | Init Dist 10 = 12.806 | Init Dist 100 = 12.806 | Init Dist 1000 = 12.806 | Learner Steps = 26035 | Learner Walltime = 5133.405 | Min Dist = 0.726 | Min Dist 10 = 1.090 | Min Dist 100 = 0.604 | Min Dist 1000 = 0.450 | Steps Per Second = 87.564 | Success = 1.000 | Success 1000 = 0.959
I0502 16:31:50.545898 139579566835264 terminal.py:91] [Evaluator] Actor Episodes = 33530 | Actor Steps = 1676500 | Delta Dist = 11.933 | Delta Dist 10 = 11.281 | Delta Dist 100 = 11.528 | Delta Dist 1000 = 11.659 | Episode Length = 50 | Episode Return = 19.0 | Evaluator Episodes = 8500 | Evaluator Steps = 425000 | Final Dist = 0.873 | Final Dist 10 = 1.525 | Final Dist 100 = 1.278 | Final Dist 1000 = 1.147 | Init Dist = 12.806 | Init Dist 10 = 12.806 | Init Dist 100 = 12.806 | Init Dist 1000 = 12.806 | Learner Steps = 26042 | Learner Walltime = 5134.610 | Min Dist = 0.289 | Min Dist 10 = 1.098 | Min Dist 100 = 0.610 | Min Dist 1000 = 0.450 | Steps Per Second = 79.742 | Success = 1.000 | Success 1000 = 0.959
I0502 16:31:50.861600 139569349502528 terminal.py:91] [Actor] Actor Episodes = 33534 | Actor Steps = 1676700 | Delta Dist = 6.491 | Delta Dist 10 = 5.377 | Delta Dist 100 = 4.559 | Delta Dist 1000 = 4.524 | Episode Length = 50 | Episode Return = 41.0 | Evaluator Episodes = 8500 | Evaluator Steps = 425000 | Final Dist = 0.789 | Final Dist 10 = 0.632 | Final Dist 100 = 1.473 | Final Dist 1000 = 1.383 | Init Dist = 7.280 | Init Dist 10 = 6.009 | Init Dist 100 = 6.032 | Init Dist 1000 = 5.907 | Learner Steps = 26042 | Learner Walltime = 5134.610 | Min Dist = 0.008 | Min Dist 10 = 0.134 | Min Dist 100 = 0.320 | Min Dist 1000 = 0.172 | Steps Per Second = 101.026 | Success = 1.000 | Success 1000 = 0.990
I0502 16:31:51.734001 139579566835264 terminal.py:91] [Evaluator] Actor Episodes = 33538 | Actor Steps = 1676900 | Delta Dist = 11.415 | Delta Dist 10 = 11.220 | Delta Dist 100 = 11.521 | Delta Dist 1000 = 11.659 | Episode Length = 50 | Episode Return = 30.0 | Evaluator Episodes = 8502 | Evaluator Steps = 425100 | Final Dist = 1.391 | Final Dist 10 = 1.586 | Final Dist 100 = 1.285 | Final Dist 1000 = 1.147 | Init Dist = 12.806 | Init Dist 10 = 12.806 | Init Dist 100 = 12.806 | Init Dist 1000 = 12.806 | Learner Steps = 26047 | Learner Walltime = 5135.626 | Min Dist = 0.027 | Min Dist 10 = 1.132 | Min Dist 100 = 0.615 | Min Dist 1000 = 0.450 | Steps Per Second = 91.173 | Success = 1.000 | Success 1000 = 0.959
I0502 16:31:53.080718 139579566835264 terminal.py:91] [Evaluator] Actor Episodes = 33546 | Actor Steps = 1677300 | Delta Dist = 12.249 | Delta Dist 10 = 11.173 | Delta Dist 100 = 11.570 | Delta Dist 1000 = 11.660 | Episode Length = 50 | Episode Return = 31.0 | Evaluator Episodes = 8504 | Evaluator Steps = 425200 | Final Dist = 0.557 | Final Dist 10 = 1.633 | Final Dist 100 = 1.236 | Final Dist 1000 = 1.147 | Init Dist = 12.806 | Init Dist 10 = 12.806 | Init Dist 100 = 12.806 | Init Dist 1000 = 12.806 | Learner Steps = 26054 | Learner Walltime = 5137.045 | Min Dist = 0.109 | Min Dist 10 = 1.108 | Min Dist 100 = 0.564 | Min Dist 1000 = 0.449 | Steps Per Second = 79.030 | Success = 1.000 | Success 1000 = 0.959
I0502 16:31:53.207644 139555860620864 terminal.py:91] [Actor] Actor Episodes = 33548 | Actor Steps = 1677400 | Delta Dist = 8.493 | Delta Dist 10 = 4.959 | Delta Dist 100 = 4.358 | Delta Dist 1000 = 4.533 | Episode Length = 50 | Episode Return = 10.0 | Evaluator Episodes = 8504 | Evaluator Steps = 425200 | Final Dist = 0.562 | Final Dist 10 = 1.115 | Final Dist 100 = 1.476 | Final Dist 1000 = 1.382 | Init Dist = 9.055 | Init Dist 10 = 6.074 | Init Dist 100 = 5.834 | Init Dist 1000 = 5.915 | Learner Steps = 26054 | Learner Walltime = 5137.045 | Min Dist = 0.029 | Min Dist 10 = 0.244 | Min Dist 100 = 0.337 | Min Dist 1000 = 0.174 | Steps Per Second = 87.086 | Success = 1.000 | Success 1000 = 0.990
I0502 16:31:54.339551 139579566835264 terminal.py:91] [Evaluator] Actor Episodes = 33554 | Actor Steps = 1677700 | Delta Dist = 11.321 | Delta Dist 10 = 11.192 | Delta Dist 100 = 11.626 | Delta Dist 1000 = 11.660 | Episode Length = 50 | Episode Return = 14.0 | Evaluator Episodes = 8506 | Evaluator Steps = 425300 | Final Dist = 1.485 | Final Dist 10 = 1.614 | Final Dist 100 = 1.181 | Final Dist 1000 = 1.146 | Init Dist = 12.806 | Init Dist 10 = 12.806 | Init Dist 100 = 12.806 | Init Dist 1000 = 12.806 | Learner Steps = 26059 | Learner Walltime = 5138.183 | Min Dist = 0.085 | Min Dist 10 = 0.987 | Min Dist 100 = 0.513 | Min Dist 1000 = 0.449 | Steps Per Second = 80.494 | Success = 1.000 | Success 1000 = 0.959
I0502 16:31:54.426837 139584504182336 lp_utils.py:96] StepsLimiter: Reached 1677700 recorded steps
I0502 16:31:54.794034 139557462840896 terminal.py:91] [Actor] Actor Episodes = 33555 | Actor Steps = 1677750 | Delta Dist = 4.459 | Delta Dist 10 = 2.764 | Delta Dist 100 = 4.223 | Delta Dist 1000 = 4.519 | Episode Length = 50 | Episode Return = 41.0 | Evaluator Episodes = 8504 | Evaluator Steps = 425200 | Final Dist = 0.926 | Final Dist 10 = 3.388 | Final Dist 100 = 1.582 | Final Dist 1000 = 1.412 | Init Dist = 5.385 | Init Dist 10 = 6.152 | Init Dist 100 = 5.805 | Init Dist 1000 = 5.931 | Learner Steps = 26059 | Learner Walltime = 5138.183 | Min Dist = 0.065 | Min Dist 10 = 1.006 | Min Dist 100 = 0.429 | Min Dist 1000 = 0.184 | Steps Per Second = 72.491 | Success = 1.000 | Success 1000 = 0.990
I0502 16:31:55.647183 139579566835264 terminal.py:91] [Evaluator] Actor Episodes = 33562 | Actor Steps = 1678100 | Delta Dist = 11.817 | Delta Dist 10 = 11.913 | Delta Dist 100 = 11.680 | Delta Dist 1000 = 11.661 | Episode Length = 50 | Episode Return = 8.0 | Evaluator Episodes = 8508 | Evaluator Steps = 425400 | Final Dist = 0.989 | Final Dist 10 = 0.893 | Final Dist 100 = 1.126 | Final Dist 1000 = 1.145 | Init Dist = 12.806 | Init Dist 10 = 12.806 | Init Dist 100 = 12.806 | Init Dist 1000 = 12.806 | Learner Steps = 26066 | Learner Walltime = 5139.634 | Min Dist = 0.129 | Min Dist 10 = 0.208 | Min Dist 100 = 0.463 | Min Dist 1000 = 0.448 | Steps Per Second = 75.668 | Success = 1.000 | Success 1000 = 0.959
I0502 16:31:56.877703 139579566835264 terminal.py:91] [Evaluator] Actor Episodes = 33570 | Actor Steps = 1678500 | Delta Dist = 11.997 | Delta Dist 10 = 11.860 | Delta Dist 100 = 11.667 | Delta Dist 1000 = 11.660 | Episode Length = 50 | Episode Return = 8.0 | Evaluator Episodes = 8510 | Evaluator Steps = 425500 | Final Dist = 0.809 | Final Dist 10 = 0.946 | Final Dist 100 = 1.139 | Final Dist 1000 = 1.146 | Init Dist = 12.806 | Init Dist 10 = 12.806 | Init Dist 100 = 12.806 | Init Dist 1000 = 12.806 | Learner Steps = 26072 | Learner Walltime = 5140.826 | Min Dist = 0.232 | Min Dist 10 = 0.154 | Min Dist 100 = 0.464 | Min Dist 1000 = 0.448 | Steps Per Second = 83.958 | Success = 1.000 | Success 1000 = 0.959
I0502 16:31:57.245855 139555013154368 terminal.py:91] [Learner] Actor Episodes = 33568 | Actor Loss = 3.7681567668914795 | Actor Steps = 1678400 | Binary Accuracy = 0.9959383010864258 | Categorical Accuracy = 0.41259765625 | Critic Loss = 1.8182811737060547 | Entropy Mean = -20.064985275268555 | Evaluator Episodes = 8508 | Evaluator Steps = 425400 | Learner Steps = 26076 | Learner Walltime = 5141.444 | Logits Neg = -16.771446228027344 | Logits Pos = -1.8242695331573486 | Logsumexp = 1.1824688911437988 | Steps Per Second = 249.490
I0502 16:31:58.165851 139579566835264 terminal.py:91] [Evaluator] Actor Episodes = 33576 | Actor Steps = 1678800 | Delta Dist = 12.554 | Delta Dist 10 = 11.804 | Delta Dist 100 = 11.670 | Delta Dist 1000 = 11.659 | Episode Length = 50 | Episode Return = 24.0 | Evaluator Episodes = 8512 | Evaluator Steps = 425600 | Final Dist = 0.252 | Final Dist 10 = 1.002 | Final Dist 100 = 1.136 | Final Dist 1000 = 1.147 | Init Dist = 12.806 | Init Dist 10 = 12.806 | Init Dist 100 = 12.806 | Init Dist 1000 = 12.806 | Learner Steps = 26078 | Learner Walltime = 5141.843 | Min Dist = 0.050 | Min Dist 10 = 0.127 | Min Dist 100 = 0.466 | Min Dist 1000 = 0.448 | Steps Per Second = 76.850 | Success = 1.000 | Success 1000 = 0.959
I0502 16:31:59.394509 139579566835264 terminal.py:91] [Evaluator] Actor Episodes = 33584 | Actor Steps = 1679200 | Delta Dist = 12.633 | Delta Dist 10 = 11.940 | Delta Dist 100 = 11.689 | Delta Dist 1000 = 11.661 | Episode Length = 50 | Episode Return = 23.0 | Evaluator Episodes = 8514 | Evaluator Steps = 425700 | Final Dist = 0.173 | Final Dist 10 = 0.867 | Final Dist 100 = 1.118 | Final Dist 1000 = 1.145 | Init Dist = 12.806 | Init Dist 10 = 12.806 | Init Dist 100 = 12.806 | Init Dist 1000 = 12.806 | Learner Steps = 26083 | Learner Walltime = 5142.916 | Min Dist = 0.079 | Min Dist 10 = 0.125 | Min Dist 100 = 0.466 | Min Dist 1000 = 0.448 | Steps Per Second = 81.137 | Success = 1.000 | Success 1000 = 0.959
I0502 16:31:59.498519 139558059398720 terminal.py:91] [Actor] Actor Episodes = 33585 | Actor Steps = 1679250 | Delta Dist = 7.236 | Delta Dist 10 = 3.977 | Delta Dist 100 = 4.544 | Delta Dist 1000 = 4.530 | Episode Length = 50 | Episode Return = 36.0 | Evaluator Episodes = 8512 | Evaluator Steps = 425600 | Final Dist = 0.044 | Final Dist 10 = 1.303 | Final Dist 100 = 1.292 | Final Dist 1000 = 1.392 | Init Dist = 7.280 | Init Dist 10 = 5.280 | Init Dist 100 = 5.836 | Init Dist 1000 = 5.922 | Learner Steps = 26083 | Learner Walltime = 5142.916 | Min Dist = 0.044 | Min Dist 10 = 0.073 | Min Dist 100 = 0.206 | Min Dist 1000 = 0.176 | Steps Per Second = 85.579 | Success = 1.000 | Success 1000 = 0.990
I0502 16:32:00.585167 139579566835264 terminal.py:91] [Evaluator] Actor Episodes = 33592 | Actor Steps = 1679600 | Delta Dist = 11.591 | Delta Dist 10 = 11.999 | Delta Dist 100 = 11.681 | Delta Dist 1000 = 11.662 | Episode Length = 50 | Episode Return = 28.0 | Evaluator Episodes = 8516 | Evaluator Steps = 425800 | Final Dist = 1.215 | Final Dist 10 = 0.807 | Final Dist 100 = 1.125 | Final Dist 1000 = 1.144 | Init Dist = 12.806 | Init Dist 10 = 12.806 | Init Dist 100 = 12.806 | Init Dist 1000 = 12.806 | Learner Steps = 26088 | Learner Walltime = 5144.019 | Min Dist = 0.094 | Min Dist 10 = 0.124 | Min Dist 100 = 0.465 | Min Dist 1000 = 0.447 | Steps Per Second = 85.219 | Success = 1.000 | Success 1000 = 0.959
I0502 16:32:01.509701 139569349502528 terminal.py:91] [Actor] Actor Episodes = 33601 | Actor Steps = 1680050 | Delta Dist = 6.752 | Delta Dist 10 = 5.316 | Delta Dist 100 = 4.857 | Delta Dist 1000 = 4.530 | Episode Length = 50 | Episode Return = 22.0 | Evaluator Episodes = 8516 | Evaluator Steps = 425800 | Final Dist = 0.319 | Final Dist 10 = 1.029 | Final Dist 100 = 1.249 | Final Dist 1000 = 1.385 | Init Dist = 7.071 | Init Dist 10 = 6.342 | Init Dist 100 = 6.137 | Init Dist 1000 = 5.911 | Learner Steps = 26094 | Learner Walltime = 5145.137 | Min Dist = 0.106 | Min Dist 10 = 0.067 | Min Dist 100 = 0.204 | Min Dist 1000 = 0.173 | Steps Per Second = 72.014 | Success = 1.000 | Success 1000 = 0.991
I0502 16:32:02.042484 139579566835264 terminal.py:91] [Evaluator] Actor Episodes = 33601 | Actor Steps = 1680050 | Delta Dist = 11.178 | Delta Dist 10 = 12.010 | Delta Dist 100 = 11.693 | Delta Dist 1000 = 11.662 | Episode Length = 50 | Episode Return = 29.0 | Evaluator Episodes = 8518 | Evaluator Steps = 425900 | Final Dist = 1.628 | Final Dist 10 = 0.796 | Final Dist 100 = 1.114 | Final Dist 1000 = 1.145 | Init Dist = 12.806 | Init Dist 10 = 12.806 | Init Dist 100 = 12.806 | Init Dist 1000 = 12.806 | Learner Steps = 26094 | Learner Walltime = 5145.137 | Min Dist = 0.142 | Min Dist 10 = 0.105 | Min Dist 100 = 0.462 | Min Dist 1000 = 0.447 | Steps Per Second = 63.313 | Success = 1.000 | Success 1000 = 0.959
I0502 16:32:03.329241 139579566835264 terminal.py:91] [Evaluator] Actor Episodes = 33609 | Actor Steps = 1680450 | Delta Dist = 11.703 | Delta Dist 10 = 11.969 | Delta Dist 100 = 11.692 | Delta Dist 1000 = 11.661 | Episode Length = 50 | Episode Return = 14.0 | Evaluator Episodes = 8520 | Evaluator Steps = 426000 | Final Dist = 1.104 | Final Dist 10 = 0.837 | Final Dist 100 = 1.114 | Final Dist 1000 = 1.145 | Init Dist = 12.806 | Init Dist 10 = 12.806 | Init Dist 100 = 12.806 | Init Dist 1000 = 12.806 | Learner Steps = 26100 | Learner Walltime = 5146.599 | Min Dist = 0.339 | Min Dist 10 = 0.118 | Min Dist 100 = 0.457 | Min Dist 1000 = 0.447 | Steps Per Second = 83.138 | Success = 1.000 | Success 1000 = 0.959
I0502 16:32:03.795769 139555860620864 terminal.py:91] [Actor] Actor Episodes = 33613 | Actor Steps = 1680650 | Delta Dist = 2.967 | Delta Dist 10 = 5.183 | Delta Dist 100 = 4.978 | Delta Dist 1000 = 4.548 | Episode Length = 50 | Episode Return = 27.0 | Evaluator Episodes = 8520 | Evaluator Steps = 426000 | Final Dist = 0.033 | Final Dist 10 = 1.854 | Final Dist 100 = 1.379 | Final Dist 1000 = 1.392 | Init Dist = 3.000 | Init Dist 10 = 7.037 | Init Dist 100 = 6.357 | Init Dist 1000 = 5.941 | Learner Steps = 26106 | Learner Walltime = 5147.899 | Min Dist = 0.033 | Min Dist 10 = 0.565 | Min Dist 100 = 0.255 | Min Dist 1000 = 0.178 | Steps Per Second = 75.508 | Success = 1.000 | Success 1000 = 0.991
I0502 16:32:04.451724 139584504182336 lp_utils.py:96] StepsLimiter: Reached 1680850 recorded steps
I0502 16:32:04.682388 139579566835264 terminal.py:91] [Evaluator] Actor Episodes = 33617 | Actor Steps = 1680850 | Delta Dist = 11.744 | Delta Dist 10 = 11.909 | Delta Dist 100 = 11.690 | Delta Dist 1000 = 11.659 | Episode Length = 50 | Episode Return = 9.0 | Evaluator Episodes = 8522 | Evaluator Steps = 426100 | Final Dist = 1.062 | Final Dist 10 = 0.898 | Final Dist 100 = 1.116 | Final Dist 1000 = 1.147 | Init Dist = 12.806 | Init Dist 10 = 12.806 | Init Dist 100 = 12.806 | Init Dist 1000 = 12.806 | Learner Steps = 26106 | Learner Walltime = 5147.899 | Min Dist = 0.333 | Min Dist 10 = 0.131 | Min Dist 100 = 0.458 | Min Dist 1000 = 0.447 | Steps Per Second = 76.733 | Success = 1.000 | Success 1000 = 0.959
I0502 16:32:05.421727 139557462840896 terminal.py:91] [Actor] Actor Episodes = 33620 | Actor Steps = 1681000 | Delta Dist = 6.983 | Delta Dist 10 = 5.802 | Delta Dist 100 = 4.928 | Delta Dist 1000 = 4.567 | Episode Length = 50 | Episode Return = 27.0 | Evaluator Episodes = 8522 | Evaluator Steps = 426100 | Final Dist = 1.503 | Final Dist 10 = 0.980 | Final Dist 100 = 1.422 | Final Dist 1000 = 1.379 | Init Dist = 8.485 | Init Dist 10 = 6.782 | Init Dist 100 = 6.350 | Init Dist 1000 = 5.946 | Learner Steps = 26106 | Learner Walltime = 5147.899 | Min Dist = 0.032 | Min Dist 10 = 0.052 | Min Dist 100 = 0.248 | Min Dist 1000 = 0.177 | Steps Per Second = 77.991 | Success = 1.000 | Success 1000 = 0.991
I0502 16:32:05.997417 139579566835264 terminal.py:91] [Evaluator] Actor Episodes = 33625 | Actor Steps = 1681250 | Delta Dist = 11.431 | Delta Dist 10 = 11.771 | Delta Dist 100 = 11.692 | Delta Dist 1000 = 11.659 | Episode Length = 50 | Episode Return = 15.0 | Evaluator Episodes = 8524 | Evaluator Steps = 426200 | Final Dist = 1.375 | Final Dist 10 = 1.035 | Final Dist 100 = 1.115 | Final Dist 1000 = 1.148 | Init Dist = 12.806 | Init Dist 10 = 12.806 | Init Dist 100 = 12.806 | Init Dist 1000 = 12.806 | Learner Steps = 26111 | Learner Walltime = 5149.047 | Min Dist = 0.278 | Min Dist 10 = 0.182 | Min Dist 100 = 0.461 | Min Dist 1000 = 0.448 | Steps Per Second = 81.216 | Success = 1.000 | Success 1000 = 0.959
I0502 16:32:07.260337 139579566835264 terminal.py:91] [Evaluator] Actor Episodes = 33633 | Actor Steps = 1681650 | Delta Dist = 12.085 | Delta Dist 10 = 11.599 | Delta Dist 100 = 11.681 | Delta Dist 1000 = 11.657 | Episode Length = 50 | Episode Return = 16.0 | Evaluator Episodes = 8526 | Evaluator Steps = 426300 | Final Dist = 0.722 | Final Dist 10 = 1.208 | Final Dist 100 = 1.125 | Final Dist 1000 = 1.149 | Init Dist = 12.806 | Init Dist 10 = 12.806 | Init Dist 100 = 12.806 | Init Dist 1000 = 12.806 | Learner Steps = 26117 | Learner Walltime = 5150.251 | Min Dist = 0.077 | Min Dist 10 = 0.230 | Min Dist 100 = 0.464 | Min Dist 1000 = 0.447 | Steps Per Second = 84.682 | Success = 1.000 | Success 1000 = 0.959
I0502 16:32:07.527549 139555013154368 terminal.py:91] [Learner] Actor Episodes = 33635 | Actor Loss = 3.6936326026916504 | Actor Steps = 1681750 | Binary Accuracy = 0.996027946472168 | Categorical Accuracy = 0.41656494140625 | Critic Loss = 1.825903296470642 | Entropy Mean = -21.066303253173828 | Evaluator Episodes = 8526 | Evaluator Steps = 426300 | Learner Steps = 26124 | Learner Walltime = 5151.717 | Logits Neg = -17.164722442626953 | Logits Pos = -1.8274242877960205 | Logsumexp = 1.095827341079712 | Steps Per Second = 130.948
I0502 16:32:08.613450 139579566835264 terminal.py:91] [Evaluator] Actor Episodes = 33641 | Actor Steps = 1682050 | Delta Dist = 12.432 | Delta Dist 10 = 11.684 | Delta Dist 100 = 11.684 | Delta Dist 1000 = 11.659 | Episode Length = 50 | Episode Return = 28.0 | Evaluator Episodes = 8528 | Evaluator Steps = 426400 | Final Dist = 0.375 | Final Dist 10 = 1.122 | Final Dist 100 = 1.122 | Final Dist 1000 = 1.148 | Init Dist = 12.806 | Init Dist 10 = 12.806 | Init Dist 100 = 12.806 | Init Dist 1000 = 12.806 | Learner Steps = 26124 | Learner Walltime = 5151.717 | Min Dist = 0.065 | Min Dist 10 = 0.245 | Min Dist 100 = 0.459 | Min Dist 1000 = 0.447 | Steps Per Second = 74.216 | Success = 1.000 | Success 1000 = 0.959
I0502 16:32:08.753129 139584635659840 savers.py:156] Saving checkpoint: logs/contrastive_cpc_point_FourRooms_64/5dd72662-2788-11f0-b183-d85ed38c5779/checkpoints/counter
I0502 16:32:09.861764 139579566835264 terminal.py:91] [Evaluator] Actor Episodes = 33649 | Actor Steps = 1682450 | Delta Dist = 11.845 | Delta Dist 10 = 11.787 | Delta Dist 100 = 11.691 | Delta Dist 1000 = 11.658 | Episode Length = 50 | Episode Return = 12.0 | Evaluator Episodes = 8530 | Evaluator Steps = 426500 | Final Dist = 0.961 | Final Dist 10 = 1.019 | Final Dist 100 = 1.115 | Final Dist 1000 = 1.148 | Init Dist = 12.806 | Init Dist 10 = 12.806 | Init Dist 100 = 12.806 | Init Dist 1000 = 12.806 | Learner Steps = 26130 | Learner Walltime = 5152.876 | Min Dist = 0.210 | Min Dist 10 = 0.216 | Min Dist 100 = 0.459 | Min Dist 1000 = 0.447 | Steps Per Second = 79.270 | Success = 1.000 | Success 1000 = 0.959
I0502 16:32:10.038611 139558059398720 terminal.py:91] [Actor] Actor Episodes = 33650 | Actor Steps = 1682500 | Delta Dist = 7.968 | Delta Dist 10 = 3.675 | Delta Dist 100 = 4.522 | Delta Dist 1000 = 4.539 | Episode Length = 50 | Episode Return = 33.0 | Evaluator Episodes = 8528 | Evaluator Steps = 426400 | Final Dist = 0.095 | Final Dist 10 = 1.569 | Final Dist 100 = 1.749 | Final Dist 1000 = 1.410 | Init Dist = 8.062 | Init Dist 10 = 5.244 | Init Dist 100 = 6.271 | Init Dist 1000 = 5.949 | Learner Steps = 26130 | Learner Walltime = 5152.876 | Min Dist = 0.048 | Min Dist 10 = 0.492 | Min Dist 100 = 0.264 | Min Dist 1000 = 0.180 | Steps Per Second = 78.701 | Success = 1.000 | Success 1000 = 0.991
I0502 16:32:11.137696 139579566835264 terminal.py:91] [Evaluator] Actor Episodes = 33657 | Actor Steps = 1682850 | Delta Dist = 11.743 | Delta Dist 10 = 11.928 | Delta Dist 100 = 11.695 | Delta Dist 1000 = 11.660 | Episode Length = 50 | Episode Return = 17.0 | Evaluator Episodes = 8532 | Evaluator Steps = 426600 | Final Dist = 1.064 | Final Dist 10 = 0.879 | Final Dist 100 = 1.111 | Final Dist 1000 = 1.147 | Init Dist = 12.806 | Init Dist 10 = 12.806 | Init Dist 100 = 12.806 | Init Dist 1000 = 12.806 | Learner Steps = 26137 | Learner Walltime = 5154.362 | Min Dist = 0.205 | Min Dist 10 = 0.188 | Min Dist 100 = 0.458 | Min Dist 1000 = 0.446 | Steps Per Second = 74.587 | Success = 1.000 | Success 1000 = 0.959
I0502 16:32:11.897334 139569349502528 terminal.py:91] [Actor] Actor Episodes = 33663 | Actor Steps = 1683150 | Delta Dist = 9.982 | Delta Dist 10 = 5.045 | Delta Dist 100 = 4.721 | Delta Dist 1000 = 4.561 | Episode Length = 50 | Episode Return = 45.0 | Evaluator Episodes = 8532 | Evaluator Steps = 426600 | Final Dist = 0.018 | Final Dist 10 = 1.506 | Final Dist 100 = 1.520 | Final Dist 1000 = 1.404 | Init Dist = 10.000 | Init Dist 10 = 6.552 | Init Dist 100 = 6.241 | Init Dist 1000 = 5.965 | Learner Steps = 26142 | Learner Walltime = 5155.410 | Min Dist = 0.018 | Min Dist 10 = 0.113 | Min Dist 100 = 0.174 | Min Dist 1000 = 0.181 | Steps Per Second = 79.929 | Success = 1.000 | Success 1000 = 0.991
I0502 16:32:12.381793 139579566835264 terminal.py:91] [Evaluator] Actor Episodes = 33665 | Actor Steps = 1683250 | Delta Dist = 11.525 | Delta Dist 10 = 11.885 | Delta Dist 100 = 11.711 | Delta Dist 1000 = 11.666 | Episode Length = 50 | Episode Return = 1.0 | Evaluator Episodes = 8534 | Evaluator Steps = 426700 | Final Dist = 1.281 | Final Dist 10 = 0.921 | Final Dist 100 = 1.096 | Final Dist 1000 = 1.140 | Init Dist = 12.806 | Init Dist 10 = 12.806 | Init Dist 100 = 12.806 | Init Dist 1000 = 12.806 | Learner Steps = 26142 | Learner Walltime = 5155.410 | Min Dist = 0.197 | Min Dist 10 = 0.168 | Min Dist 100 = 0.429 | Min Dist 1000 = 0.439 | Steps Per Second = 76.101 | Success = 1.000 | Success 1000 = 0.960
I0502 16:32:13.713579 139579566835264 terminal.py:91] [Evaluator] Actor Episodes = 33673 | Actor Steps = 1683650 | Delta Dist = 11.085 | Delta Dist 10 = 11.984 | Delta Dist 100 = 11.713 | Delta Dist 1000 = 11.667 | Episode Length = 50 | Episode Return = 5.0 | Evaluator Episodes = 8536 | Evaluator Steps = 426800 | Final Dist = 1.721 | Final Dist 10 = 0.823 | Final Dist 100 = 1.093 | Final Dist 1000 = 1.139 | Init Dist = 12.806 | Init Dist 10 = 12.806 | Init Dist 100 = 12.806 | Init Dist 1000 = 12.806 | Learner Steps = 26148 | Learner Walltime = 5156.713 | Min Dist = 0.284 | Min Dist 10 = 0.137 | Min Dist 100 = 0.426 | Min Dist 1000 = 0.440 | Steps Per Second = 79.304 | Success = 1.000 | Success 1000 = 0.960
I0502 16:32:14.350817 139555860620864 terminal.py:91] [Actor] Actor Episodes = 33679 | Actor Steps = 1683950 | Delta Dist = 6.338 | Delta Dist 10 = 3.686 | Delta Dist 100 = 4.568 | Delta Dist 1000 = 4.544 | Episode Length = 50 | Episode Return = 31.0 | Evaluator Episodes = 8536 | Evaluator Steps = 426800 | Final Dist = 0.873 | Final Dist 10 = 1.489 | Final Dist 100 = 1.638 | Final Dist 1000 = 1.408 | Init Dist = 7.211 | Init Dist 10 = 5.175 | Init Dist 100 = 6.207 | Init Dist 1000 = 5.952 | Learner Steps = 26155 | Learner Walltime = 5158.021 | Min Dist = 0.019 | Min Dist 10 = 0.149 | Min Dist 100 = 0.191 | Min Dist 1000 = 0.177 | Steps Per Second = 81.050 | Success = 1.000 | Success 1000 = 0.990
I0502 16:32:14.473037 139584504182336 lp_utils.py:96] StepsLimiter: Reached 1683950 recorded steps
I0502 16:32:15.017544 139579566835264 terminal.py:91] [Evaluator] Actor Episodes = 33681 | Actor Steps = 1684050 | Delta Dist = 11.700 | Delta Dist 10 = 11.805 | Delta Dist 100 = 11.690 | Delta Dist 1000 = 11.666 | Episode Length = 50 | Episode Return = 14.0 | Evaluator Episodes = 8538 | Evaluator Steps = 426900 | Final Dist = 1.106 | Final Dist 10 = 1.001 | Final Dist 100 = 1.116 | Final Dist 1000 = 1.141 | Init Dist = 12.806 | Init Dist 10 = 12.806 | Init Dist 100 = 12.806 | Init Dist 1000 = 12.806 | Learner Steps = 26155 | Learner Walltime = 5158.021 | Min Dist = 0.139 | Min Dist 10 = 0.159 | Min Dist 100 = 0.428 | Min Dist 1000 = 0.440 | Steps Per Second = 85.003 | Success = 1.000 | Success 1000 = 0.960
I0502 16:32:15.920230 139557462840896 terminal.py:91] [Actor] Actor Episodes = 33684 | Actor Steps = 1684200 | Delta Dist = 5.566 | Delta Dist 10 = 3.169 | Delta Dist 100 = 4.519 | Delta Dist 1000 = 4.539 | Episode Length = 50 | Episode Return = 44.0 | Evaluator Episodes = 8538 | Evaluator Steps = 426900 | Final Dist = 0.265 | Final Dist 10 = 2.126 | Final Dist 100 = 1.689 | Final Dist 1000 = 1.416 | Init Dist = 5.831 | Init Dist 10 = 5.295 | Init Dist 100 = 6.208 | Init Dist 1000 = 5.955 | Learner Steps = 26161 | Learner Walltime = 5159.238 | Min Dist = 0.117 | Min Dist 10 = 1.408 | Min Dist 100 = 0.325 | Min Dist 1000 = 0.191 | Steps Per Second = 83.242 | Success = 1.000 | Success 1000 = 0.990
I0502 16:32:15.925962 139583350109760 savers.py:156] Saving checkpoint: logs/contrastive_cpc_point_FourRooms_64/5dd72662-2788-11f0-b183-d85ed38c5779/checkpoints/learner
I0502 16:32:16.398294 139579566835264 terminal.py:91] [Evaluator] Actor Episodes = 33689 | Actor Steps = 1684450 | Delta Dist = 12.541 | Delta Dist 10 = 11.761 | Delta Dist 100 = 11.679 | Delta Dist 1000 = 11.665 | Episode Length = 50 | Episode Return = 28.0 | Evaluator Episodes = 8540 | Evaluator Steps = 427000 | Final Dist = 0.265 | Final Dist 10 = 1.045 | Final Dist 100 = 1.127 | Final Dist 1000 = 1.141 | Init Dist = 12.806 | Init Dist 10 = 12.806 | Init Dist 100 = 12.806 | Init Dist 1000 = 12.806 | Learner Steps = 26167 | Learner Walltime = 5160.569 | Min Dist = 0.080 | Min Dist 10 = 0.177 | Min Dist 100 = 0.430 | Min Dist 1000 = 0.440 | Steps Per Second = 71.995 | Success = 1.000 | Success 1000 = 0.960
I0502 16:32:17.674338 139555013154368 terminal.py:91] [Learner] Actor Episodes = 33697 | Actor Loss = 3.601808547973633 | Actor Steps = 1684850 | Binary Accuracy = 0.9959745407104492 | Categorical Accuracy = 0.40673828125 | Critic Loss = 1.8352338075637817 | Entropy Mean = -21.053253173828125 | Evaluator Episodes = 8540 | Evaluator Steps = 427000 | Learner Steps = 26174 | Learner Walltime = 5161.868 | Logits Neg = -16.887733459472656 | Logits Pos = -1.8038491010665894 | Logsumexp = 1.1593568325042725 | Steps Per Second = 299.002
I0502 16:32:17.678713 139579566835264 terminal.py:91] [Evaluator] Actor Episodes = 33697 | Actor Steps = 1684850 | Delta Dist = 12.295 | Delta Dist 10 = 11.754 | Delta Dist 100 = 11.695 | Delta Dist 1000 = 11.667 | Episode Length = 50 | Episode Return = 22.0 | Evaluator Episodes = 8542 | Evaluator Steps = 427100 | Final Dist = 0.511 | Final Dist 10 = 1.052 | Final Dist 100 = 1.111 | Final Dist 1000 = 1.140 | Init Dist = 12.806 | Init Dist 10 = 12.806 | Init Dist 100 = 12.806 | Init Dist 1000 = 12.806 | Learner Steps = 26173 | Learner Walltime = 5161.654 | Min Dist = 0.067 | Min Dist 10 = 0.165 | Min Dist 100 = 0.422 | Min Dist 1000 = 0.440 | Steps Per Second = 78.745 | Success = 1.000 | Success 1000 = 0.960
I0502 16:32:18.996313 139579566835264 terminal.py:91] [Evaluator] Actor Episodes = 33705 | Actor Steps = 1685250 | Delta Dist = 12.489 | Delta Dist 10 = 11.883 | Delta Dist 100 = 11.707 | Delta Dist 1000 = 11.668 | Episode Length = 50 | Episode Return = 29.0 | Evaluator Episodes = 8544 | Evaluator Steps = 427200 | Final Dist = 0.317 | Final Dist 10 = 0.923 | Final Dist 100 = 1.099 | Final Dist 1000 = 1.139 | Init Dist = 12.806 | Init Dist 10 = 12.806 | Init Dist 100 = 12.806 | Init Dist 1000 = 12.806 | Learner Steps = 26178 | Learner Walltime = 5162.671 | Min Dist = 0.088 | Min Dist 10 = 0.141 | Min Dist 100 = 0.414 | Min Dist 1000 = 0.440 | Steps Per Second = 75.571 | Success = 1.000 | Success 1000 = 0.960
I0502 16:32:20.236454 139579566835264 terminal.py:91] [Evaluator] Actor Episodes = 33713 | Actor Steps = 1685650 | Delta Dist = 12.648 | Delta Dist 10 = 11.901 | Delta Dist 100 = 11.706 | Delta Dist 1000 = 11.667 | Episode Length = 50 | Episode Return = 14.0 | Evaluator Episodes = 8546 | Evaluator Steps = 427300 | Final Dist = 0.158 | Final Dist 10 = 0.905 | Final Dist 100 = 1.101 | Final Dist 1000 = 1.140 | Init Dist = 12.806 | Init Dist 10 = 12.806 | Init Dist 100 = 12.806 | Init Dist 1000 = 12.806 | Learner Steps = 26183 | Learner Walltime = 5163.911 | Min Dist = 0.035 | Min Dist 10 = 0.184 | Min Dist 100 = 0.418 | Min Dist 1000 = 0.440 | Steps Per Second = 81.675 | Success = 1.000 | Success 1000 = 0.960
I0502 16:32:20.280642 139558059398720 terminal.py:91] [Actor] Actor Episodes = 33710 | Actor Steps = 1685500 | Delta Dist = 7.215 | Delta Dist 10 = 3.742 | Delta Dist 100 = 4.276 | Delta Dist 1000 = 4.541 | Episode Length = 50 | Episode Return = 35.0 | Evaluator Episodes = 8544 | Evaluator Steps = 427200 | Final Dist = 0.065 | Final Dist 10 = 1.862 | Final Dist 100 = 1.778 | Final Dist 1000 = 1.409 | Init Dist = 7.280 | Init Dist 10 = 5.605 | Init Dist 100 = 6.054 | Init Dist 1000 = 5.949 | Learner Steps = 26178 | Learner Walltime = 5162.671 | Min Dist = 0.039 | Min Dist 10 = 0.252 | Min Dist 100 = 0.290 | Min Dist 1000 = 0.188 | Steps Per Second = 74.107 | Success = 1.000 | Success 1000 = 0.990
I0502 16:32:21.505281 139579566835264 terminal.py:91] [Evaluator] Actor Episodes = 33721 | Actor Steps = 1686050 | Delta Dist = 12.537 | Delta Dist 10 = 12.060 | Delta Dist 100 = 11.710 | Delta Dist 1000 = 11.667 | Episode Length = 50 | Episode Return = 25.0 | Evaluator Episodes = 8548 | Evaluator Steps = 427400 | Final Dist = 0.270 | Final Dist 10 = 0.746 | Final Dist 100 = 1.097 | Final Dist 1000 = 1.139 | Init Dist = 12.806 | Init Dist 10 = 12.806 | Init Dist 100 = 12.806 | Init Dist 1000 = 12.806 | Learner Steps = 26189 | Learner Walltime = 5165.130 | Min Dist = 0.080 | Min Dist 10 = 0.156 | Min Dist 100 = 0.415 | Min Dist 1000 = 0.440 | Steps Per Second = 75.783 | Success = 1.000 | Success 1000 = 0.960
I0502 16:32:22.138172 139569349502528 terminal.py:91] [Actor] Actor Episodes = 33727 | Actor Steps = 1686350 | Delta Dist = 5.282 | Delta Dist 10 = 3.401 | Delta Dist 100 = 3.991 | Delta Dist 1000 = 4.524 | Episode Length = 50 | Episode Return = 32.0 | Evaluator Episodes = 8548 | Evaluator Steps = 427400 | Final Dist = 0.801 | Final Dist 10 = 1.551 | Final Dist 100 = 1.803 | Final Dist 1000 = 1.408 | Init Dist = 6.083 | Init Dist 10 = 4.952 | Init Dist 100 = 5.794 | Init Dist 1000 = 5.932 | Learner Steps = 26195 | Learner Walltime = 5166.150 | Min Dist = 0.217 | Min Dist 10 = 0.684 | Min Dist 100 = 0.352 | Min Dist 1000 = 0.193 | Steps Per Second = 75.800 | Success = 1.000 | Success 1000 = 0.990
I0502 16:32:22.732499 139579566835264 terminal.py:91] [Evaluator] Actor Episodes = 33729 | Actor Steps = 1686450 | Delta Dist = 12.355 | Delta Dist 10 = 12.143 | Delta Dist 100 = 11.720 | Delta Dist 1000 = 11.669 | Episode Length = 50 | Episode Return = 12.0 | Evaluator Episodes = 8550 | Evaluator Steps = 427500 | Final Dist = 0.451 | Final Dist 10 = 0.663 | Final Dist 100 = 1.086 | Final Dist 1000 = 1.138 | Init Dist = 12.806 | Init Dist 10 = 12.806 | Init Dist 100 = 12.806 | Init Dist 1000 = 12.806 | Learner Steps = 26195 | Learner Walltime = 5166.150 | Min Dist = 0.451 | Min Dist 10 = 0.152 | Min Dist 100 = 0.416 | Min Dist 1000 = 0.440 | Steps Per Second = 84.296 | Success = 1.000 | Success 1000 = 0.960
I0502 16:32:24.072748 139579566835264 terminal.py:91] [Evaluator] Actor Episodes = 33737 | Actor Steps = 1686850 | Delta Dist = 12.527 | Delta Dist 10 = 12.151 | Delta Dist 100 = 11.724 | Delta Dist 1000 = 11.669 | Episode Length = 50 | Episode Return = 21.0 | Evaluator Episodes = 8552 | Evaluator Steps = 427600 | Final Dist = 0.279 | Final Dist 10 = 0.655 | Final Dist 100 = 1.082 | Final Dist 1000 = 1.137 | Init Dist = 12.806 | Init Dist 10 = 12.806 | Init Dist 100 = 12.806 | Init Dist 1000 = 12.806 | Learner Steps = 26200 | Learner Walltime = 5167.161 | Min Dist = 0.063 | Min Dist 10 = 0.206 | Min Dist 100 = 0.418 | Min Dist 1000 = 0.439 | Steps Per Second = 79.495 | Success = 1.000 | Success 1000 = 0.960
I0502 16:32:24.495527 139584504182336 lp_utils.py:96] StepsLimiter: Reached 1686950 recorded steps
I0502 16:32:24.732374 139555860620864 terminal.py:91] [Actor] Actor Episodes = 33743 | Actor Steps = 1687150 | Delta Dist = 4.950 | Delta Dist 10 = 3.489 | Delta Dist 100 = 4.195 | Delta Dist 1000 = 4.518 | Episode Length = 50 | Episode Return = 31.0 | Evaluator Episodes = 8552 | Evaluator Steps = 427600 | Final Dist = 0.050 | Final Dist 10 = 1.022 | Final Dist 100 = 1.475 | Final Dist 1000 = 1.408 | Init Dist = 5.000 | Init Dist 10 = 4.511 | Init Dist 100 = 5.670 | Init Dist 1000 = 5.926 | Learner Steps = 26204 | Learner Walltime = 5168.363 | Min Dist = 0.050 | Min Dist 10 = 0.089 | Min Dist 100 = 0.359 | Min Dist 1000 = 0.193 | Steps Per Second = 73.540 | Success = 1.000 | Success 1000 = 0.990
I0502 16:32:25.406834 139579566835264 terminal.py:91] [Evaluator] Actor Episodes = 33745 | Actor Steps = 1687250 | Delta Dist = 12.747 | Delta Dist 10 = 12.131 | Delta Dist 100 = 11.820 | Delta Dist 1000 = 11.670 | Episode Length = 50 | Episode Return = 13.0 | Evaluator Episodes = 8554 | Evaluator Steps = 427700 | Final Dist = 0.059 | Final Dist 10 = 0.675 | Final Dist 100 = 0.986 | Final Dist 1000 = 1.137 | Init Dist = 12.806 | Init Dist 10 = 12.806 | Init Dist 100 = 12.806 | Init Dist 1000 = 12.806 | Learner Steps = 26204 | Learner Walltime = 5168.363 | Min Dist = 0.039 | Min Dist 10 = 0.224 | Min Dist 100 = 0.336 | Min Dist 1000 = 0.438 | Steps Per Second = 77.971 | Success = 1.000 | Success 1000 = 0.960
I0502 16:32:26.253865 139557462840896 terminal.py:91] [Actor] Actor Episodes = 33748 | Actor Steps = 1687400 | Delta Dist = -0.100 | Delta Dist 10 = 4.476 | Delta Dist 100 = 4.169 | Delta Dist 1000 = 4.515 | Episode Length = 50 | Episode Return = 48.0 | Evaluator Episodes = 8554 | Evaluator Steps = 427700 | Final Dist = 1.100 | Final Dist 10 = 1.207 | Final Dist 100 = 1.501 | Final Dist 1000 = 1.411 | Init Dist = 1.000 | Init Dist 10 = 5.683 | Init Dist 100 = 5.670 | Init Dist 1000 = 5.927 | Learner Steps = 26211 | Learner Walltime = 5169.790 | Min Dist = 0.000 | Min Dist 10 = 0.085 | Min Dist 100 = 0.318 | Min Dist 1000 = 0.193 | Steps Per Second = 77.128 | Success = 1.000 | Success 1000 = 0.990
I0502 16:32:26.700166 139579566835264 terminal.py:91] [Evaluator] Actor Episodes = 33753 | Actor Steps = 1687650 | Delta Dist = 11.224 | Delta Dist 10 = 12.151 | Delta Dist 100 = 11.818 | Delta Dist 1000 = 11.670 | Episode Length = 50 | Episode Return = 17.0 | Evaluator Episodes = 8556 | Evaluator Steps = 427800 | Final Dist = 1.583 | Final Dist 10 = 0.655 | Final Dist 100 = 0.988 | Final Dist 1000 = 1.137 | Init Dist = 12.806 | Init Dist 10 = 12.806 | Init Dist 100 = 12.806 | Init Dist 1000 = 12.806 | Learner Steps = 26211 | Learner Walltime = 5169.790 | Min Dist = 0.214 | Min Dist 10 = 0.166 | Min Dist 100 = 0.334 | Min Dist 1000 = 0.437 | Steps Per Second = 82.230 | Success = 1.000 | Success 1000 = 0.961
I0502 16:32:27.849571 139555013154368 terminal.py:91] [Learner] Actor Episodes = 33761 | Actor Loss = 3.643047571182251 | Actor Steps = 1688050 | Binary Accuracy = 0.9959349632263184 | Categorical Accuracy = 0.41326904296875 | Critic Loss = 1.8402929306030273 | Entropy Mean = -19.060043334960938 | Evaluator Episodes = 8556 | Evaluator Steps = 427800 | Learner Steps = 26224 | Learner Walltime = 5172.046 | Logits Neg = -17.33625030517578 | Logits Pos = -1.7913460731506348 | Logsumexp = 1.2970235347747803 | Steps Per Second = 350.980
I0502 16:32:27.971803 139579566835264 terminal.py:91] [Evaluator] Actor Episodes = 33761 | Actor Steps = 1688050 | Delta Dist = 11.532 | Delta Dist 10 = 12.039 | Delta Dist 100 = 11.806 | Delta Dist 1000 = 11.670 | Episode Length = 50 | Episode Return = 2.0 | Evaluator Episodes = 8558 | Evaluator Steps = 427900 | Final Dist = 1.275 | Final Dist 10 = 0.767 | Final Dist 100 = 1.000 | Final Dist 1000 = 1.136 | Init Dist = 12.806 | Init Dist 10 = 12.806 | Init Dist 100 = 12.806 | Init Dist 1000 = 12.806 | Learner Steps = 26224 | Learner Walltime = 5172.046 | Min Dist = 0.386 | Min Dist 10 = 0.240 | Min Dist 100 = 0.341 | Min Dist 1000 = 0.437 | Steps Per Second = 80.808 | Success = 1.000 | Success 1000 = 0.961
I0502 16:32:29.249049 139579566835264 terminal.py:91] [Evaluator] Actor Episodes = 33769 | Actor Steps = 1688450 | Delta Dist = 12.437 | Delta Dist 10 = 12.011 | Delta Dist 100 = 11.815 | Delta Dist 1000 = 11.671 | Episode Length = 50 | Episode Return = 14.0 | Evaluator Episodes = 8560 | Evaluator Steps = 428000 | Final Dist = 0.369 | Final Dist 10 = 0.795 | Final Dist 100 = 0.991 | Final Dist 1000 = 1.136 | Init Dist = 12.806 | Init Dist 10 = 12.806 | Init Dist 100 = 12.806 | Init Dist 1000 = 12.806 | Learner Steps = 26228 | Learner Walltime = 5173.160 | Min Dist = 0.089 | Min Dist 10 = 0.264 | Min Dist 100 = 0.341 | Min Dist 1000 = 0.437 | Steps Per Second = 77.757 | Success = 1.000 | Success 1000 = 0.961
I0502 16:32:30.318459 139558059398720 terminal.py:91] [Actor] Actor Episodes = 33776 | Actor Steps = 1688800 | Delta Dist = 7.022 | Delta Dist 10 = 3.286 | Delta Dist 100 = 3.833 | Delta Dist 1000 = 4.511 | Episode Length = 50 | Episode Return = 9.0 | Evaluator Episodes = 8560 | Evaluator Steps = 428000 | Final Dist = 0.594 | Final Dist 10 = 1.871 | Final Dist 100 = 1.590 | Final Dist 1000 = 1.410 | Init Dist = 7.616 | Init Dist 10 = 5.157 | Init Dist 100 = 5.423 | Init Dist 1000 = 5.921 | Learner Steps = 26228 | Learner Walltime = 5173.160 | Min Dist = 0.081 | Min Dist 10 = 0.093 | Min Dist 100 = 0.294 | Min Dist 1000 = 0.186 | Steps Per Second = 77.258 | Success = 1.000 | Success 1000 = 0.990
I0502 16:32:30.416449 139579566835264 terminal.py:91] [Evaluator] Actor Episodes = 33777 | Actor Steps = 1688850 | Delta Dist = 11.416 | Delta Dist 10 = 12.012 | Delta Dist 100 = 11.824 | Delta Dist 1000 = 11.672 | Episode Length = 50 | Episode Return = 2.0 | Evaluator Episodes = 8562 | Evaluator Steps = 428100 | Final Dist = 1.390 | Final Dist 10 = 0.795 | Final Dist 100 = 0.982 | Final Dist 1000 = 1.134 | Init Dist = 12.806 | Init Dist 10 = 12.806 | Init Dist 100 = 12.806 | Init Dist 1000 = 12.806 | Learner Steps = 26234 | Learner Walltime = 5174.443 | Min Dist = 0.649 | Min Dist 10 = 0.256 | Min Dist 100 = 0.343 | Min Dist 1000 = 0.437 | Steps Per Second = 82.721 | Success = 1.000 | Success 1000 = 0.961
I0502 16:32:31.723892 139579566835264 terminal.py:91] [Evaluator] Actor Episodes = 33785 | Actor Steps = 1689250 | Delta Dist = 11.199 | Delta Dist 10 = 11.921 | Delta Dist 100 = 11.809 | Delta Dist 1000 = 11.672 | Episode Length = 50 | Episode Return = 27.0 | Evaluator Episodes = 8564 | Evaluator Steps = 428200 | Final Dist = 1.607 | Final Dist 10 = 0.885 | Final Dist 100 = 0.998 | Final Dist 1000 = 1.134 | Init Dist = 12.806 | Init Dist 10 = 12.806 | Init Dist 100 = 12.806 | Init Dist 1000 = 12.806 | Learner Steps = 26241 | Learner Walltime = 5175.616 | Min Dist = 0.058 | Min Dist 10 = 0.296 | Min Dist 100 = 0.347 | Min Dist 1000 = 0.437 | Steps Per Second = 75.417 | Success = 1.000 | Success 1000 = 0.961
I0502 16:32:32.277189 139569349502528 terminal.py:91] [Actor] Actor Episodes = 33793 | Actor Steps = 1689650 | Delta Dist = 3.576 | Delta Dist 10 = 4.810 | Delta Dist 100 = 4.011 | Delta Dist 1000 = 4.502 | Episode Length = 50 | Episode Return = 35.0 | Evaluator Episodes = 8564 | Evaluator Steps = 428200 | Final Dist = 1.523 | Final Dist 10 = 1.096 | Final Dist 100 = 1.550 | Final Dist 1000 = 1.426 | Init Dist = 5.099 | Init Dist 10 = 5.906 | Init Dist 100 = 5.562 | Init Dist 1000 = 5.928 | Learner Steps = 26241 | Learner Walltime = 5175.616 | Min Dist = 0.118 | Min Dist 10 = 0.123 | Min Dist 100 = 0.165 | Min Dist 1000 = 0.186 | Steps Per Second = 79.446 | Success = 1.000 | Success 1000 = 0.990
I0502 16:32:32.921817 139579566835264 terminal.py:91] [Evaluator] Actor Episodes = 33793 | Actor Steps = 1689650 | Delta Dist = 11.770 | Delta Dist 10 = 11.820 | Delta Dist 100 = 11.806 | Delta Dist 1000 = 11.672 | Episode Length = 50 | Episode Return = 16.0 | Evaluator Episodes = 8566 | Evaluator Steps = 428300 | Final Dist = 1.036 | Final Dist 10 = 0.986 | Final Dist 100 = 1.000 | Final Dist 1000 = 1.134 | Init Dist = 12.806 | Init Dist 10 = 12.806 | Init Dist 100 = 12.806 | Init Dist 1000 = 12.806 | Learner Steps = 26247 | Learner Walltime = 5176.841 | Min Dist = 0.242 | Min Dist 10 = 0.299 | Min Dist 100 = 0.343 | Min Dist 1000 = 0.437 | Steps Per Second = 90.636 | Success = 1.000 | Success 1000 = 0.961
I0502 16:32:34.235236 139579566835264 terminal.py:91] [Evaluator] Actor Episodes = 33801 | Actor Steps = 1690050 | Delta Dist = 11.491 | Delta Dist 10 = 11.803 | Delta Dist 100 = 11.789 | Delta Dist 1000 = 11.671 | Episode Length = 50 | Episode Return = 1.0 | Evaluator Episodes = 8568 | Evaluator Steps = 428400 | Final Dist = 1.315 | Final Dist 10 = 1.003 | Final Dist 100 = 1.017 | Final Dist 1000 = 1.135 | Init Dist = 12.806 | Init Dist 10 = 12.806 | Init Dist 100 = 12.806 | Init Dist 1000 = 12.806 | Learner Steps = 26253 | Learner Walltime = 5177.847 | Min Dist = 0.860 | Min Dist 10 = 0.238 | Min Dist 100 = 0.345 | Min Dist 1000 = 0.436 | Steps Per Second = 78.340 | Success = 1.000 | Success 1000 = 0.961
I0502 16:32:34.519515 139584504182336 lp_utils.py:96] StepsLimiter: Reached 1690250 recorded steps
I0502 16:32:35.039717 139555860620864 terminal.py:91] [Actor] Actor Episodes = 33804 | Actor Steps = 1690200 | Delta Dist = 0.949 | Delta Dist 10 = 4.954 | Delta Dist 100 = 4.175 | Delta Dist 1000 = 4.519 | Episode Length = 50 | Episode Return = 21.0 | Evaluator Episodes = 8568 | Evaluator Steps = 428400 | Final Dist = 0.466 | Final Dist 10 = 1.481 | Final Dist 100 = 1.439 | Final Dist 1000 = 1.424 | Init Dist = 1.414 | Init Dist 10 = 6.435 | Init Dist 100 = 5.614 | Init Dist 1000 = 5.943 | Learner Steps = 26253 | Learner Walltime = 5177.847 | Min Dist = 0.003 | Min Dist 10 = 0.108 | Min Dist 100 = 0.161 | Min Dist 1000 = 0.184 | Steps Per Second = 82.627 | Success = 1.000 | Success 1000 = 0.990
I0502 16:32:35.532223 139579566835264 terminal.py:91] [Evaluator] Actor Episodes = 33809 | Actor Steps = 1690450 | Delta Dist = 11.432 | Delta Dist 10 = 11.686 | Delta Dist 100 = 11.778 | Delta Dist 1000 = 11.677 | Episode Length = 50 | Episode Return = 19.0 | Evaluator Episodes = 8570 | Evaluator Steps = 428500 | Final Dist = 1.375 | Final Dist 10 = 1.120 | Final Dist 100 = 1.029 | Final Dist 1000 = 1.129 | Init Dist = 12.806 | Init Dist 10 = 12.806 | Init Dist 100 = 12.806 | Init Dist 1000 = 12.806 | Learner Steps = 26259 | Learner Walltime = 5179.006 | Min Dist = 0.086 | Min Dist 10 = 0.327 | Min Dist 100 = 0.358 | Min Dist 1000 = 0.431 | Steps Per Second = 73.127 | Success = 1.000 | Success 1000 = 0.962
I0502 16:32:36.471254 139557462840896 terminal.py:91] [Actor] Actor Episodes = 33814 | Actor Steps = 1690700 | Delta Dist = 3.301 | Delta Dist 10 = 4.103 | Delta Dist 100 = 4.171 | Delta Dist 1000 = 4.531 | Episode Length = 50 | Episode Return = 25.0 | Evaluator Episodes = 8570 | Evaluator Steps = 428500 | Final Dist = 0.304 | Final Dist 10 = 1.516 | Final Dist 100 = 1.451 | Final Dist 1000 = 1.424 | Init Dist = 3.606 | Init Dist 10 = 5.620 | Init Dist 100 = 5.622 | Init Dist 1000 = 5.955 | Learner Steps = 26259 | Learner Walltime = 5179.006 | Min Dist = 0.232 | Min Dist 10 = 0.061 | Min Dist 100 = 0.151 | Min Dist 1000 = 0.184 | Steps Per Second = 76.103 | Success = 1.000 | Success 1000 = 0.991
I0502 16:32:36.724779 139579566835264 terminal.py:91] [Evaluator] Actor Episodes = 33817 | Actor Steps = 1690850 | Delta Dist = 11.797 | Delta Dist 10 = 11.489 | Delta Dist 100 = 11.764 | Delta Dist 1000 = 11.676 | Episode Length = 50 | Episode Return = 14.0 | Evaluator Episodes = 8572 | Evaluator Steps = 428600 | Final Dist = 1.009 | Final Dist 10 = 1.317 | Final Dist 100 = 1.042 | Final Dist 1000 = 1.130 | Init Dist = 12.806 | Init Dist 10 = 12.806 | Init Dist 100 = 12.806 | Init Dist 1000 = 12.806 | Learner Steps = 26264 | Learner Walltime = 5180.069 | Min Dist = 0.125 | Min Dist 10 = 0.341 | Min Dist 100 = 0.359 | Min Dist 1000 = 0.431 | Steps Per Second = 80.340 | Success = 1.000 | Success 1000 = 0.962
I0502 16:32:37.904160 139579566835264 terminal.py:91] [Evaluator] Actor Episodes = 33825 | Actor Steps = 1691250 | Delta Dist = 11.434 | Delta Dist 10 = 11.522 | Delta Dist 100 = 11.756 | Delta Dist 1000 = 11.675 | Episode Length = 50 | Episode Return = 1.0 | Evaluator Episodes = 8574 | Evaluator Steps = 428700 | Final Dist = 1.373 | Final Dist 10 = 1.284 | Final Dist 100 = 1.050 | Final Dist 1000 = 1.131 | Init Dist = 12.806 | Init Dist 10 = 12.806 | Init Dist 100 = 12.806 | Init Dist 1000 = 12.806 | Learner Steps = 26270 | Learner Walltime = 5181.345 | Min Dist = 0.552 | Min Dist 10 = 0.319 | Min Dist 100 = 0.357 | Min Dist 1000 = 0.431 | Steps Per Second = 85.022 | Success = 1.000 | Success 1000 = 0.962
I0502 16:32:38.046818 139555013154368 terminal.py:91] [Learner] Actor Episodes = 33819 | Actor Loss = 3.760756731033325 | Actor Steps = 1690950 | Binary Accuracy = 0.9960358142852783 | Categorical Accuracy = 0.43109130859375 | Critic Loss = 1.797049880027771 | Entropy Mean = -19.259443283081055 | Evaluator Episodes = 8572 | Evaluator Steps = 428600 | Learner Steps = 26275 | Learner Walltime = 5182.242 | Logits Neg = -17.244821548461914 | Logits Pos = -1.7810142040252686 | Logsumexp = 1.1290154457092285 | Steps Per Second = 326.261
I0502 16:32:39.143186 139579566835264 terminal.py:91] [Evaluator] Actor Episodes = 33833 | Actor Steps = 1691650 | Delta Dist = 11.482 | Delta Dist 10 = 11.593 | Delta Dist 100 = 11.758 | Delta Dist 1000 = 11.675 | Episode Length = 50 | Episode Return = 22.0 | Evaluator Episodes = 8576 | Evaluator Steps = 428800 | Final Dist = 1.324 | Final Dist 10 = 1.213 | Final Dist 100 = 1.049 | Final Dist 1000 = 1.132 | Init Dist = 12.806 | Init Dist 10 = 12.806 | Init Dist 100 = 12.806 | Init Dist 1000 = 12.806 | Learner Steps = 26276 | Learner Walltime = 5182.496 | Min Dist = 0.378 | Min Dist 10 = 0.379 | Min Dist 100 = 0.355 | Min Dist 1000 = 0.432 | Steps Per Second = 81.873 | Success = 1.000 | Success 1000 = 0.962
I0502 16:32:40.391812 139579566835264 terminal.py:91] [Evaluator] Actor Episodes = 33841 | Actor Steps = 1692050 | Delta Dist = 6.502 | Delta Dist 10 = 11.589 | Delta Dist 100 = 11.756 | Delta Dist 1000 = 11.674 | Episode Length = 50 | Episode Return = 0.0 | Evaluator Episodes = 8578 | Evaluator Steps = 428900 | Final Dist = 6.305 | Final Dist 10 = 1.218 | Final Dist 100 = 1.051 | Final Dist 1000 = 1.133 | Init Dist = 12.806 | Init Dist 10 = 12.806 | Init Dist 100 = 12.806 | Init Dist 1000 = 12.806 | Learner Steps = 26281 | Learner Walltime = 5183.587 | Min Dist = 3.602 | Min Dist 10 = 0.401 | Min Dist 100 = 0.353 | Min Dist 1000 = 0.432 | Steps Per Second = 78.395 | Success = 0.000 | Success 1000 = 0.962
I0502 16:32:40.560144 139558059398720 terminal.py:91] [Actor] Actor Episodes = 33840 | Actor Steps = 1692000 | Delta Dist = 3.091 | Delta Dist 10 = 4.724 | Delta Dist 100 = 4.454 | Delta Dist 1000 = 4.543 | Episode Length = 50 | Episode Return = 28.0 | Evaluator Episodes = 8576 | Evaluator Steps = 428800 | Final Dist = 0.514 | Final Dist 10 = 1.405 | Final Dist 100 = 1.499 | Final Dist 1000 = 1.432 | Init Dist = 3.606 | Init Dist 10 = 6.130 | Init Dist 100 = 5.953 | Init Dist 1000 = 5.975 | Learner Steps = 26281 | Learner Walltime = 5183.587 | Min Dist = 0.023 | Min Dist 10 = 0.094 | Min Dist 100 = 0.085 | Min Dist 1000 = 0.184 | Steps Per Second = 74.327 | Success = 1.000 | Success 1000 = 0.991
I0502 16:32:41.620086 139579566835264 terminal.py:91] [Evaluator] Actor Episodes = 33849 | Actor Steps = 1692450 | Delta Dist = 11.977 | Delta Dist 10 = 11.149 | Delta Dist 100 = 11.701 | Delta Dist 1000 = 11.670 | Episode Length = 50 | Episode Return = 29.0 | Evaluator Episodes = 8580 | Evaluator Steps = 429000 | Final Dist = 0.829 | Final Dist 10 = 1.658 | Final Dist 100 = 1.105 | Final Dist 1000 = 1.137 | Init Dist = 12.806 | Init Dist 10 = 12.806 | Init Dist 100 = 12.806 | Init Dist 1000 = 12.806 | Learner Steps = 26286 | Learner Walltime = 5184.590 | Min Dist = 0.171 | Min Dist 10 = 0.649 | Min Dist 100 = 0.386 | Min Dist 1000 = 0.436 | Steps Per Second = 87.251 | Success = 1.000 | Success 1000 = 0.961
I0502 16:32:42.491255 139569349502528 terminal.py:91] [Actor] Actor Episodes = 33857 | Actor Steps = 1692850 | Delta Dist = 7.009 | Delta Dist 10 = 4.200 | Delta Dist 100 = 4.373 | Delta Dist 1000 = 4.531 | Episode Length = 50 | Episode Return = 32.0 | Evaluator Episodes = 8580 | Evaluator Steps = 429000 | Final Dist = 0.271 | Final Dist 10 = 0.317 | Final Dist 100 = 1.422 | Final Dist 1000 = 1.422 | Init Dist = 7.280 | Init Dist 10 = 4.517 | Init Dist 100 = 5.795 | Init Dist 1000 = 5.953 | Learner Steps = 26292 | Learner Walltime = 5185.885 | Min Dist = 0.033 | Min Dist 10 = 0.037 | Min Dist 100 = 0.082 | Min Dist 1000 = 0.183 | Steps Per Second = 74.699 | Success = 1.000 | Success 1000 = 0.991
I0502 16:32:42.842590 139579566835264 terminal.py:91] [Evaluator] Actor Episodes = 33857 | Actor Steps = 1692850 | Delta Dist = 12.264 | Delta Dist 10 = 11.236 | Delta Dist 100 = 11.752 | Delta Dist 1000 = 11.670 | Episode Length = 50 | Episode Return = 15.0 | Evaluator Episodes = 8582 | Evaluator Steps = 429100 | Final Dist = 0.542 | Final Dist 10 = 1.570 | Final Dist 100 = 1.054 | Final Dist 1000 = 1.137 | Init Dist = 12.806 | Init Dist 10 = 12.806 | Init Dist 100 = 12.806 | Init Dist 1000 = 12.806 | Learner Steps = 26298 | Learner Walltime = 5186.907 | Min Dist = 0.194 | Min Dist 10 = 0.613 | Min Dist 100 = 0.336 | Min Dist 1000 = 0.436 | Steps Per Second = 82.996 | Success = 1.000 | Success 1000 = 0.961
I0502 16:32:44.115190 139579566835264 terminal.py:91] [Evaluator] Actor Episodes = 33865 | Actor Steps = 1693250 | Delta Dist = 12.562 | Delta Dist 10 = 11.277 | Delta Dist 100 = 11.763 | Delta Dist 1000 = 11.670 | Episode Length = 50 | Episode Return = 18.0 | Evaluator Episodes = 8584 | Evaluator Steps = 429200 | Final Dist = 0.244 | Final Dist 10 = 1.529 | Final Dist 100 = 1.043 | Final Dist 1000 = 1.136 | Init Dist = 12.806 | Init Dist 10 = 12.806 | Init Dist 100 = 12.806 | Init Dist 1000 = 12.806 | Learner Steps = 26303 | Learner Walltime = 5188.059 | Min Dist = 0.207 | Min Dist 10 = 0.625 | Min Dist 100 = 0.339 | Min Dist 1000 = 0.436 | Steps Per Second = 75.885 | Success = 1.000 | Success 1000 = 0.961
I0502 16:32:44.539854 139584504182336 lp_utils.py:96] StepsLimiter: Reached 1693350 recorded steps
I0502 16:32:45.136727 139555860620864 terminal.py:91] [Actor] Actor Episodes = 33868 | Actor Steps = 1693400 | Delta Dist = 1.912 | Delta Dist 10 = 5.342 | Delta Dist 100 = 4.641 | Delta Dist 1000 = 4.548 | Episode Length = 50 | Episode Return = 23.0 | Evaluator Episodes = 8584 | Evaluator Steps = 429200 | Final Dist = 1.088 | Final Dist 10 = 1.322 | Final Dist 100 = 1.274 | Final Dist 1000 = 1.412 | Init Dist = 3.000 | Init Dist 10 = 6.664 | Init Dist 100 = 5.915 | Init Dist 1000 = 5.960 | Learner Steps = 26303 | Learner Walltime = 5188.059 | Min Dist = 0.042 | Min Dist 10 = 0.069 | Min Dist 100 = 0.080 | Min Dist 1000 = 0.183 | Steps Per Second = 78.594 | Success = 1.000 | Success 1000 = 0.991
I0502 16:32:45.418138 139579566835264 terminal.py:91] [Evaluator] Actor Episodes = 33873 | Actor Steps = 1693650 | Delta Dist = 12.569 | Delta Dist 10 = 11.289 | Delta Dist 100 = 11.758 | Delta Dist 1000 = 11.671 | Episode Length = 50 | Episode Return = 24.0 | Evaluator Episodes = 8586 | Evaluator Steps = 429300 | Final Dist = 0.237 | Final Dist 10 = 1.517 | Final Dist 100 = 1.048 | Final Dist 1000 = 1.136 | Init Dist = 12.806 | Init Dist 10 = 12.806 | Init Dist 100 = 12.806 | Init Dist 1000 = 12.806 | Learner Steps = 26309 | Learner Walltime = 5189.221 | Min Dist = 0.051 | Min Dist 10 = 0.578 | Min Dist 100 = 0.340 | Min Dist 1000 = 0.436 | Steps Per Second = 73.978 | Success = 1.000 | Success 1000 = 0.961
I0502 16:32:46.689347 139579566835264 terminal.py:91] [Evaluator] Actor Episodes = 33881 | Actor Steps = 1694050 | Delta Dist = 12.012 | Delta Dist 10 = 11.513 | Delta Dist 100 = 11.763 | Delta Dist 1000 = 11.671 | Episode Length = 50 | Episode Return = 19.0 | Evaluator Episodes = 8588 | Evaluator Steps = 429400 | Final Dist = 0.794 | Final Dist 10 = 1.293 | Final Dist 100 = 1.044 | Final Dist 1000 = 1.135 | Init Dist = 12.806 | Init Dist 10 = 12.806 | Init Dist 100 = 12.806 | Init Dist 1000 = 12.806 | Learner Steps = 26314 | Learner Walltime = 5190.245 | Min Dist = 0.102 | Min Dist 10 = 0.531 | Min Dist 100 = 0.337 | Min Dist 1000 = 0.435 | Steps Per Second = 75.116 | Success = 1.000 | Success 1000 = 0.961
I0502 16:32:46.735692 139557462840896 terminal.py:91] [Actor] Actor Episodes = 33880 | Actor Steps = 1694000 | Delta Dist = 4.085 | Delta Dist 10 = 4.787 | Delta Dist 100 = 4.756 | Delta Dist 1000 = 4.559 | Episode Length = 50 | Episode Return = 37.0 | Evaluator Episodes = 8586 | Evaluator Steps = 429300 | Final Dist = 0.387 | Final Dist 10 = 0.676 | Final Dist 100 = 1.069 | Final Dist 1000 = 1.415 | Init Dist = 4.472 | Init Dist 10 = 5.463 | Init Dist 100 = 5.825 | Init Dist 1000 = 5.974 | Learner Steps = 26314 | Learner Walltime = 5190.245 | Min Dist = 0.024 | Min Dist 10 = 0.078 | Min Dist 100 = 0.078 | Min Dist 1000 = 0.184 | Steps Per Second = 80.479 | Success = 1.000 | Success 1000 = 0.991
I0502 16:32:48.019981 139579566835264 terminal.py:91] [Evaluator] Actor Episodes = 33889 | Actor Steps = 1694450 | Delta Dist = 12.417 | Delta Dist 10 = 11.987 | Delta Dist 100 = 11.763 | Delta Dist 1000 = 11.671 | Episode Length = 50 | Episode Return = 26.0 | Evaluator Episodes = 8590 | Evaluator Steps = 429500 | Final Dist = 0.389 | Final Dist 10 = 0.820 | Final Dist 100 = 1.043 | Final Dist 1000 = 1.136 | Init Dist = 12.806 | Init Dist 10 = 12.806 | Init Dist 100 = 12.806 | Init Dist 1000 = 12.806 | Learner Steps = 26320 | Learner Walltime = 5191.570 | Min Dist = 0.276 | Min Dist 10 = 0.161 | Min Dist 100 = 0.332 | Min Dist 1000 = 0.435 | Steps Per Second = 76.110 | Success = 1.000 | Success 1000 = 0.961
I0502 16:32:48.240074 139555013154368 terminal.py:91] [Learner] Actor Episodes = 33885 | Actor Loss = 3.5798392295837402 | Actor Steps = 1694250 | Binary Accuracy = 0.9960484504699707 | Categorical Accuracy = 0.41864013671875 | Critic Loss = 1.8332202434539795 | Entropy Mean = -21.005908966064453 | Evaluator Episodes = 8588 | Evaluator Steps = 429400 | Learner Steps = 26325 | Learner Walltime = 5192.431 | Logits Neg = -16.714725494384766 | Logits Pos = -1.842231273651123 | Logsumexp = 1.225993037223816 | Steps Per Second = 245.335
I0502 16:32:49.290115 139579566835264 terminal.py:91] [Evaluator] Actor Episodes = 33897 | Actor Steps = 1694850 | Delta Dist = 11.319 | Delta Dist 10 = 12.045 | Delta Dist 100 = 11.755 | Delta Dist 1000 = 11.671 | Episode Length = 50 | Episode Return = 5.0 | Evaluator Episodes = 8592 | Evaluator Steps = 429600 | Final Dist = 1.487 | Final Dist 10 = 0.761 | Final Dist 100 = 1.051 | Final Dist 1000 = 1.135 | Init Dist = 12.806 | Init Dist 10 = 12.806 | Init Dist 100 = 12.806 | Init Dist 1000 = 12.806 | Learner Steps = 26327 | Learner Walltime = 5192.579 | Min Dist = 0.442 | Min Dist 10 = 0.221 | Min Dist 100 = 0.338 | Min Dist 1000 = 0.435 | Steps Per Second = 81.058 | Success = 1.000 | Success 1000 = 0.961
I0502 16:32:50.476573 139579566835264 terminal.py:91] [Evaluator] Actor Episodes = 33905 | Actor Steps = 1695250 | Delta Dist = 12.347 | Delta Dist 10 = 11.966 | Delta Dist 100 = 11.747 | Delta Dist 1000 = 11.672 | Episode Length = 50 | Episode Return = 29.0 | Evaluator Episodes = 8594 | Evaluator Steps = 429700 | Final Dist = 0.459 | Final Dist 10 = 0.841 | Final Dist 100 = 1.059 | Final Dist 1000 = 1.135 | Init Dist = 12.806 | Init Dist 10 = 12.806 | Init Dist 100 = 12.806 | Init Dist 1000 = 12.806 | Learner Steps = 26331 | Learner Walltime = 5193.689 | Min Dist = 0.457 | Min Dist 10 = 0.231 | Min Dist 100 = 0.342 | Min Dist 1000 = 0.436 | Steps Per Second = 83.327 | Success = 1.000 | Success 1000 = 0.961
I0502 16:32:50.875836 139558059398720 terminal.py:91] [Actor] Actor Episodes = 33909 | Actor Steps = 1695450 | Delta Dist = 10.221 | Delta Dist 10 = 5.387 | Delta Dist 100 = 4.644 | Delta Dist 1000 = 4.556 | Episode Length = 50 | Episode Return = 50.0 | Evaluator Episodes = 8594 | Evaluator Steps = 429700 | Final Dist = 0.595 | Final Dist 10 = 0.857 | Final Dist 100 = 0.986 | Final Dist 1000 = 1.400 | Init Dist = 10.817 | Init Dist 10 = 6.244 | Init Dist 100 = 5.630 | Init Dist 1000 = 5.956 | Learner Steps = 26337 | Learner Walltime = 5194.910 | Min Dist = 0.027 | Min Dist 10 = 0.067 | Min Dist 100 = 0.062 | Min Dist 1000 = 0.182 | Steps Per Second = 90.390 | Success = 1.000 | Success 1000 = 0.991
I0502 16:32:51.687450 139579566835264 terminal.py:91] [Evaluator] Actor Episodes = 33913 | Actor Steps = 1695650 | Delta Dist = 11.484 | Delta Dist 10 = 11.991 | Delta Dist 100 = 11.752 | Delta Dist 1000 = 11.672 | Episode Length = 50 | Episode Return = 11.0 | Evaluator Episodes = 8596 | Evaluator Steps = 429800 | Final Dist = 1.322 | Final Dist 10 = 0.815 | Final Dist 100 = 1.054 | Final Dist 1000 = 1.134 | Init Dist = 12.806 | Init Dist 10 = 12.806 | Init Dist 100 = 12.806 | Init Dist 1000 = 12.806 | Learner Steps = 26337 | Learner Walltime = 5194.910 | Min Dist = 0.507 | Min Dist 10 = 0.257 | Min Dist 100 = 0.334 | Min Dist 1000 = 0.436 | Steps Per Second = 81.560 | Success = 1.000 | Success 1000 = 0.961
I0502 16:32:52.938460 139579566835264 terminal.py:91] [Evaluator] Actor Episodes = 33921 | Actor Steps = 1696050 | Delta Dist = 11.160 | Delta Dist 10 = 11.794 | Delta Dist 100 = 11.821 | Delta Dist 1000 = 11.671 | Episode Length = 50 | Episode Return = 26.0 | Evaluator Episodes = 8598 | Evaluator Steps = 429900 | Final Dist = 1.646 | Final Dist 10 = 1.012 | Final Dist 100 = 0.985 | Final Dist 1000 = 1.135 | Init Dist = 12.806 | Init Dist 10 = 12.806 | Init Dist 100 = 12.806 | Init Dist 1000 = 12.806 | Learner Steps = 26343 | Learner Walltime = 5196.155 | Min Dist = 0.062 | Min Dist 10 = 0.329 | Min Dist 100 = 0.261 | Min Dist 1000 = 0.437 | Steps Per Second = 77.831 | Success = 1.000 | Success 1000 = 0.961
I0502 16:32:53.194647 139569349502528 terminal.py:91] [Actor] Actor Episodes = 33920 | Actor Steps = 1696000 | Delta Dist = 9.805 | Delta Dist 10 = 3.956 | Delta Dist 100 = 4.621 | Delta Dist 1000 = 4.553 | Episode Length = 50 | Episode Return = 44.0 | Evaluator Episodes = 8596 | Evaluator Steps = 429800 | Final Dist = 0.044 | Final Dist 10 = 1.162 | Final Dist 100 = 0.932 | Final Dist 1000 = 1.405 | Init Dist = 9.849 | Init Dist 10 = 5.118 | Init Dist 100 = 5.553 | Init Dist 1000 = 5.958 | Learner Steps = 26343 | Learner Walltime = 5196.155 | Min Dist = 0.044 | Min Dist 10 = 0.029 | Min Dist 100 = 0.056 | Min Dist 1000 = 0.181 | Steps Per Second = 68.287 | Success = 1.000 | Success 1000 = 0.991
I0502 16:32:54.164016 139579566835264 terminal.py:91] [Evaluator] Actor Episodes = 33929 | Actor Steps = 1696450 | Delta Dist = 12.605 | Delta Dist 10 = 11.755 | Delta Dist 100 = 11.811 | Delta Dist 1000 = 11.676 | Episode Length = 50 | Episode Return = 15.0 | Evaluator Episodes = 8600 | Evaluator Steps = 430000 | Final Dist = 0.201 | Final Dist 10 = 1.051 | Final Dist 100 = 0.995 | Final Dist 1000 = 1.130 | Init Dist = 12.806 | Init Dist 10 = 12.806 | Init Dist 100 = 12.806 | Init Dist 1000 = 12.806 | Learner Steps = 26348 | Learner Walltime = 5197.486 | Min Dist = 0.062 | Min Dist 10 = 0.374 | Min Dist 100 = 0.259 | Min Dist 1000 = 0.432 | Steps Per Second = 79.548 | Success = 1.000 | Success 1000 = 0.962
I0502 16:32:54.559153 139584504182336 lp_utils.py:96] StepsLimiter: Reached 1696550 recorded steps
I0502 16:32:55.174421 139555860620864 terminal.py:91] [Actor] Actor Episodes = 33932 | Actor Steps = 1696600 | Delta Dist = 1.815 | Delta Dist 10 = 4.420 | Delta Dist 100 = 4.502 | Delta Dist 1000 = 4.542 | Episode Length = 50 | Episode Return = 26.0 | Evaluator Episodes = 8600 | Evaluator Steps = 430000 | Final Dist = 1.347 | Final Dist 10 = 0.650 | Final Dist 100 = 0.995 | Final Dist 1000 = 1.405 | Init Dist = 3.162 | Init Dist 10 = 5.070 | Init Dist 100 = 5.497 | Init Dist 1000 = 5.947 | Learner Steps = 26355 | Learner Walltime = 5198.512 | Min Dist = 0.226 | Min Dist 10 = 0.131 | Min Dist 100 = 0.061 | Min Dist 1000 = 0.182 | Steps Per Second = 73.924 | Success = 1.000 | Success 1000 = 0.991
I0502 16:32:55.421151 139579566835264 terminal.py:91] [Evaluator] Actor Episodes = 33937 | Actor Steps = 1696850 | Delta Dist = 11.870 | Delta Dist 10 = 11.803 | Delta Dist 100 = 11.813 | Delta Dist 1000 = 11.676 | Episode Length = 50 | Episode Return = 17.0 | Evaluator Episodes = 8602 | Evaluator Steps = 430100 | Final Dist = 0.937 | Final Dist 10 = 1.003 | Final Dist 100 = 0.993 | Final Dist 1000 = 1.131 | Init Dist = 12.806 | Init Dist 10 = 12.806 | Init Dist 100 = 12.806 | Init Dist 1000 = 12.806 | Learner Steps = 26355 | Learner Walltime = 5198.512 | Min Dist = 0.076 | Min Dist 10 = 0.298 | Min Dist 100 = 0.255 | Min Dist 1000 = 0.432 | Steps Per Second = 78.759 | Success = 1.000 | Success 1000 = 0.962
I0502 16:32:56.690176 139579566835264 terminal.py:91] [Evaluator] Actor Episodes = 33945 | Actor Steps = 1697250 | Delta Dist = 12.337 | Delta Dist 10 = 11.786 | Delta Dist 100 = 11.808 | Delta Dist 1000 = 11.675 | Episode Length = 50 | Episode Return = 21.0 | Evaluator Episodes = 8604 | Evaluator Steps = 430200 | Final Dist = 0.469 | Final Dist 10 = 1.021 | Final Dist 100 = 0.998 | Final Dist 1000 = 1.131 | Init Dist = 12.806 | Init Dist 10 = 12.806 | Init Dist 100 = 12.806 | Init Dist 1000 = 12.806 | Learner Steps = 26366 | Learner Walltime = 5200.760 | Min Dist = 0.039 | Min Dist 10 = 0.241 | Min Dist 100 = 0.255 | Min Dist 1000 = 0.432 | Steps Per Second = 81.125 | Success = 1.000 | Success 1000 = 0.962
I0502 16:32:56.921484 139557462840896 terminal.py:91] [Actor] Actor Episodes = 33944 | Actor Steps = 1697200 | Delta Dist = 6.558 | Delta Dist 10 = 4.259 | Delta Dist 100 = 4.489 | Delta Dist 1000 = 4.518 | Episode Length = 50 | Episode Return = 17.0 | Evaluator Episodes = 8602 | Evaluator Steps = 430100 | Final Dist = 1.688 | Final Dist 10 = 0.864 | Final Dist 100 = 0.945 | Final Dist 1000 = 1.399 | Init Dist = 8.246 | Init Dist 10 = 5.124 | Init Dist 100 = 5.434 | Init Dist 1000 = 5.918 | Learner Steps = 26360 | Learner Walltime = 5199.712 | Min Dist = 0.005 | Min Dist 10 = 0.047 | Min Dist 100 = 0.059 | Min Dist 1000 = 0.180 | Steps Per Second = 81.321 | Success = 1.000 | Success 1000 = 0.991
I0502 16:32:57.914672 139579566835264 terminal.py:91] [Evaluator] Actor Episodes = 33953 | Actor Steps = 1697650 | Delta Dist = 12.743 | Delta Dist 10 = 11.786 | Delta Dist 100 = 11.811 | Delta Dist 1000 = 11.676 | Episode Length = 50 | Episode Return = 5.0 | Evaluator Episodes = 8606 | Evaluator Steps = 430300 | Final Dist = 0.063 | Final Dist 10 = 1.020 | Final Dist 100 = 0.995 | Final Dist 1000 = 1.130 | Init Dist = 12.806 | Init Dist 10 = 12.806 | Init Dist 100 = 12.806 | Init Dist 1000 = 12.806 | Learner Steps = 26371 | Learner Walltime = 5201.890 | Min Dist = 0.063 | Min Dist 10 = 0.193 | Min Dist 100 = 0.255 | Min Dist 1000 = 0.431 | Steps Per Second = 83.637 | Success = 1.000 | Success 1000 = 0.962
I0502 16:32:58.337321 139555013154368 terminal.py:91] [Learner] Actor Episodes = 33951 | Actor Loss = 3.6229939460754395 | Actor Steps = 1697550 | Binary Accuracy = 0.9960074424743652 | Categorical Accuracy = 0.4051513671875 | Critic Loss = 1.8775975704193115 | Entropy Mean = -20.710681915283203 | Evaluator Episodes = 8604 | Evaluator Steps = 430200 | Learner Steps = 26375 | Learner Walltime = 5202.536 | Logits Neg = -16.759952545166016 | Logits Pos = -1.8282973766326904 | Logsumexp = 1.1491390466690063 | Steps Per Second = 272.157
I0502 16:32:59.249783 139579566835264 terminal.py:91] [Evaluator] Actor Episodes = 33961 | Actor Steps = 1698050 | Delta Dist = 12.286 | Delta Dist 10 = 11.888 | Delta Dist 100 = 11.819 | Delta Dist 1000 = 11.676 | Episode Length = 50 | Episode Return = 21.0 | Evaluator Episodes = 8608 | Evaluator Steps = 430400 | Final Dist = 0.520 | Final Dist 10 = 0.918 | Final Dist 100 = 0.988 | Final Dist 1000 = 1.130 | Init Dist = 12.806 | Init Dist 10 = 12.806 | Init Dist 100 = 12.806 | Init Dist 1000 = 12.806 | Learner Steps = 26377 | Learner Walltime = 5202.931 | Min Dist = 0.081 | Min Dist 10 = 0.138 | Min Dist 100 = 0.254 | Min Dist 1000 = 0.431 | Steps Per Second = 77.187 | Success = 1.000 | Success 1000 = 0.962
I0502 16:33:00.560409 139579566835264 terminal.py:91] [Evaluator] Actor Episodes = 33969 | Actor Steps = 1698450 | Delta Dist = 11.461 | Delta Dist 10 = 11.369 | Delta Dist 100 = 11.762 | Delta Dist 1000 = 11.670 | Episode Length = 50 | Episode Return = 26.0 | Evaluator Episodes = 8610 | Evaluator Steps = 430500 | Final Dist = 1.345 | Final Dist 10 = 1.437 | Final Dist 100 = 1.045 | Final Dist 1000 = 1.137 | Init Dist = 12.806 | Init Dist 10 = 12.806 | Init Dist 100 = 12.806 | Init Dist 1000 = 12.806 | Learner Steps = 26382 | Learner Walltime = 5204.057 | Min Dist = 0.053 | Min Dist 10 = 0.719 | Min Dist 100 = 0.316 | Min Dist 1000 = 0.437 | Steps Per Second = 71.910 | Success = 1.000 | Success 1000 = 0.961
I0502 16:33:01.199812 139558059398720 terminal.py:91] [Actor] Actor Episodes = 33973 | Actor Steps = 1698650 | Delta Dist = 1.336 | Delta Dist 10 = 3.328 | Delta Dist 100 = 4.209 | Delta Dist 1000 = 4.499 | Episode Length = 50 | Episode Return = 39.0 | Evaluator Episodes = 8610 | Evaluator Steps = 430500 | Final Dist = 2.270 | Final Dist 10 = 2.996 | Final Dist 100 = 1.385 | Final Dist 1000 = 1.435 | Init Dist = 3.606 | Init Dist 10 = 6.324 | Init Dist 100 = 5.594 | Init Dist 1000 = 5.934 | Learner Steps = 26386 | Learner Walltime = 5205.169 | Min Dist = 0.075 | Min Dist 10 = 0.136 | Min Dist 100 = 0.147 | Min Dist 1000 = 0.186 | Steps Per Second = 67.125 | Success = 1.000 | Success 1000 = 0.992
I0502 16:33:01.802374 139579566835264 terminal.py:91] [Evaluator] Actor Episodes = 33977 | Actor Steps = 1698850 | Delta Dist = 12.108 | Delta Dist 10 = 11.223 | Delta Dist 100 = 11.755 | Delta Dist 1000 = 11.667 | Episode Length = 50 | Episode Return = 22.0 | Evaluator Episodes = 8612 | Evaluator Steps = 430600 | Final Dist = 0.698 | Final Dist 10 = 1.583 | Final Dist 100 = 1.051 | Final Dist 1000 = 1.139 | Init Dist = 12.806 | Init Dist 10 = 12.806 | Init Dist 100 = 12.806 | Init Dist 1000 = 12.806 | Learner Steps = 26386 | Learner Walltime = 5205.169 | Min Dist = 0.250 | Min Dist 10 = 0.709 | Min Dist 100 = 0.313 | Min Dist 1000 = 0.437 | Steps Per Second = 77.246 | Success = 1.000 | Success 1000 = 0.961
I0502 16:33:02.953168 139579566835264 terminal.py:91] [Evaluator] Actor Episodes = 33983 | Actor Steps = 1699150 | Delta Dist = 12.465 | Delta Dist 10 = 11.312 | Delta Dist 100 = 11.745 | Delta Dist 1000 = 11.668 | Episode Length = 50 | Episode Return = 6.0 | Evaluator Episodes = 8614 | Evaluator Steps = 430700 | Final Dist = 0.342 | Final Dist 10 = 1.494 | Final Dist 100 = 1.061 | Final Dist 1000 = 1.138 | Init Dist = 12.806 | Init Dist 10 = 12.806 | Init Dist 100 = 12.806 | Init Dist 1000 = 12.806 | Learner Steps = 26392 | Learner Walltime = 5206.185 | Min Dist = 0.342 | Min Dist 10 = 0.747 | Min Dist 100 = 0.317 | Min Dist 1000 = 0.437 | Steps Per Second = 92.041 | Success = 1.000 | Success 1000 = 0.961
I0502 16:33:03.693067 139569349502528 terminal.py:91] [Actor] Actor Episodes = 33986 | Actor Steps = 1699300 | Delta Dist = 5.960 | Delta Dist 10 = 4.196 | Delta Dist 100 = 4.133 | Delta Dist 1000 = 4.478 | Episode Length = 50 | Episode Return = 44.0 | Evaluator Episodes = 8614 | Evaluator Steps = 430700 | Final Dist = 0.365 | Final Dist 10 = 1.589 | Final Dist 100 = 1.489 | Final Dist 1000 = 1.436 | Init Dist = 6.325 | Init Dist 10 = 5.785 | Init Dist 100 = 5.622 | Init Dist 1000 = 5.914 | Learner Steps = 26392 | Learner Walltime = 5206.185 | Min Dist = 0.029 | Min Dist 10 = 0.050 | Min Dist 100 = 0.170 | Min Dist 1000 = 0.188 | Steps Per Second = 75.207 | Success = 1.000 | Success 1000 = 0.991
I0502 16:33:04.320222 139579566835264 terminal.py:91] [Evaluator] Actor Episodes = 33991 | Actor Steps = 1699550 | Delta Dist = 12.543 | Delta Dist 10 = 11.361 | Delta Dist 100 = 11.748 | Delta Dist 1000 = 11.669 | Episode Length = 50 | Episode Return = 18.0 | Evaluator Episodes = 8616 | Evaluator Steps = 430800 | Final Dist = 0.263 | Final Dist 10 = 1.445 | Final Dist 100 = 1.059 | Final Dist 1000 = 1.138 | Init Dist = 12.806 | Init Dist 10 = 12.806 | Init Dist 100 = 12.806 | Init Dist 1000 = 12.806 | Learner Steps = 26397 | Learner Walltime = 5207.389 | Min Dist = 0.109 | Min Dist 10 = 0.777 | Min Dist 100 = 0.320 | Min Dist 1000 = 0.437 | Steps Per Second = 77.104 | Success = 1.000 | Success 1000 = 0.961
I0502 16:33:04.582323 139584504182336 lp_utils.py:96] StepsLimiter: Reached 1699650 recorded steps
I0502 16:33:05.549307 139579566835264 terminal.py:91] [Evaluator] Actor Episodes = 33999 | Actor Steps = 1699950 | Delta Dist = 12.382 | Delta Dist 10 = 10.885 | Delta Dist 100 = 11.706 | Delta Dist 1000 = 11.664 | Episode Length = 50 | Episode Return = 27.0 | Evaluator Episodes = 8618 | Evaluator Steps = 430900 | Final Dist = 0.424 | Final Dist 10 = 1.921 | Final Dist 100 = 1.100 | Final Dist 1000 = 1.142 | Init Dist = 12.806 | Init Dist 10 = 12.806 | Init Dist 100 = 12.806 | Init Dist 1000 = 12.806 | Learner Steps = 26403 | Learner Walltime = 5208.689 | Min Dist = 0.120 | Min Dist 10 = 1.295 | Min Dist 100 = 0.373 | Min Dist 1000 = 0.442 | Steps Per Second = 74.481 | Success = 1.000 | Success 1000 = 0.960
I0502 16:33:05.646650 139555860620864 terminal.py:91] [Actor] Actor Episodes = 33996 | Actor Steps = 1699800 | Delta Dist = 5.551 | Delta Dist 10 = 4.535 | Delta Dist 100 = 4.216 | Delta Dist 1000 = 4.478 | Episode Length = 50 | Episode Return = 15.0 | Evaluator Episodes = 8616 | Evaluator Steps = 430800 | Final Dist = 2.259 | Final Dist 10 = 2.207 | Final Dist 100 = 1.660 | Final Dist 1000 = 1.430 | Init Dist = 7.810 | Init Dist 10 = 6.741 | Init Dist 100 = 5.876 | Init Dist 1000 = 5.908 | Learner Steps = 26403 | Learner Walltime = 5208.689 | Min Dist = 0.035 | Min Dist 10 = 0.041 | Min Dist 100 = 0.168 | Min Dist 1000 = 0.187 | Steps Per Second = 70.748 | Success = 1.000 | Success 1000 = 0.991
I0502 16:33:06.768172 139579566835264 terminal.py:91] [Evaluator] Actor Episodes = 34007 | Actor Steps = 1700350 | Delta Dist = 12.532 | Delta Dist 10 = 11.484 | Delta Dist 100 = 11.713 | Delta Dist 1000 = 11.664 | Episode Length = 50 | Episode Return = 16.0 | Evaluator Episodes = 8620 | Evaluator Steps = 431000 | Final Dist = 0.274 | Final Dist 10 = 1.323 | Final Dist 100 = 1.093 | Final Dist 1000 = 1.142 | Init Dist = 12.806 | Init Dist 10 = 12.806 | Init Dist 100 = 12.806 | Init Dist 1000 = 12.806 | Learner Steps = 26410 | Learner Walltime = 5209.969 | Min Dist = 0.038 | Min Dist 10 = 0.713 | Min Dist 100 = 0.375 | Min Dist 1000 = 0.443 | Steps Per Second = 79.798 | Success = 1.000 | Success 1000 = 0.960
I0502 16:33:07.028768 139557462840896 terminal.py:91] [Actor] Actor Episodes = 34006 | Actor Steps = 1700300 | Delta Dist = 6.182 | Delta Dist 10 = 2.930 | Delta Dist 100 = 3.977 | Delta Dist 1000 = 4.453 | Episode Length = 50 | Episode Return = 42.0 | Evaluator Episodes = 8618 | Evaluator Steps = 430900 | Final Dist = 0.221 | Final Dist 10 = 3.120 | Final Dist 100 = 1.869 | Final Dist 1000 = 1.447 | Init Dist = 6.403 | Init Dist 10 = 6.049 | Init Dist 100 = 5.846 | Init Dist 1000 = 5.900 | Learner Steps = 26410 | Learner Walltime = 5209.969 | Min Dist = 0.076 | Min Dist 10 = 0.121 | Min Dist 100 = 0.175 | Min Dist 1000 = 0.187 | Steps Per Second = 80.301 | Success = 1.000 | Success 1000 = 0.991
I0502 16:33:08.103723 139579566835264 terminal.py:91] [Evaluator] Actor Episodes = 34015 | Actor Steps = 1700750 | Delta Dist = 11.404 | Delta Dist 10 = 11.651 | Delta Dist 100 = 11.729 | Delta Dist 1000 = 11.665 | Episode Length = 50 | Episode Return = 6.0 | Evaluator Episodes = 8622 | Evaluator Steps = 431100 | Final Dist = 1.403 | Final Dist 10 = 1.156 | Final Dist 100 = 1.077 | Final Dist 1000 = 1.141 | Init Dist = 12.806 | Init Dist 10 = 12.806 | Init Dist 100 = 12.806 | Init Dist 1000 = 12.806 | Learner Steps = 26415 | Learner Walltime = 5211.191 | Min Dist = 0.262 | Min Dist 10 = 0.715 | Min Dist 100 = 0.371 | Min Dist 1000 = 0.443 | Steps Per Second = 70.877 | Success = 1.000 | Success 1000 = 0.960
I0502 16:33:08.641762 139555013154368 terminal.py:91] [Learner] Actor Episodes = 34017 | Actor Loss = 3.5732076168060303 | Actor Steps = 1700850 | Binary Accuracy = 0.9960343837738037 | Categorical Accuracy = 0.4051513671875 | Critic Loss = 1.824805736541748 | Entropy Mean = -19.82886505126953 | Evaluator Episodes = 8622 | Evaluator Steps = 431100 | Learner Steps = 26423 | Learner Walltime = 5212.839 | Logits Neg = -17.003740310668945 | Logits Pos = -1.8044841289520264 | Logsumexp = 1.0556294918060303 | Steps Per Second = 204.458
I0502 16:33:09.116932 139584635659840 savers.py:156] Saving checkpoint: logs/contrastive_cpc_point_FourRooms_64/5dd72662-2788-11f0-b183-d85ed38c5779/checkpoints/counter
I0502 16:33:09.568229 139579566835264 terminal.py:91] [Evaluator] Actor Episodes = 34023 | Actor Steps = 1701150 | Delta Dist = 11.857 | Delta Dist 10 = 11.627 | Delta Dist 100 = 11.731 | Delta Dist 1000 = 11.666 | Episode Length = 50 | Episode Return = 7.0 | Evaluator Episodes = 8624 | Evaluator Steps = 431200 | Final Dist = 0.950 | Final Dist 10 = 1.180 | Final Dist 100 = 1.075 | Final Dist 1000 = 1.141 | Init Dist = 12.806 | Init Dist 10 = 12.806 | Init Dist 100 = 12.806 | Init Dist 1000 = 12.806 | Learner Steps = 26426 | Learner Walltime = 5213.586 | Min Dist = 0.257 | Min Dist 10 = 0.698 | Min Dist 100 = 0.369 | Min Dist 1000 = 0.443 | Steps Per Second = 64.208 | Success = 1.000 | Success 1000 = 0.960
I0502 16:33:10.817712 139579566835264 terminal.py:91] [Evaluator] Actor Episodes = 34031 | Actor Steps = 1701550 | Delta Dist = 12.716 | Delta Dist 10 = 11.544 | Delta Dist 100 = 11.742 | Delta Dist 1000 = 11.666 | Episode Length = 50 | Episode Return = 16.0 | Evaluator Episodes = 8626 | Evaluator Steps = 431300 | Final Dist = 0.090 | Final Dist 10 = 1.262 | Final Dist 100 = 1.064 | Final Dist 1000 = 1.140 | Init Dist = 12.806 | Init Dist 10 = 12.806 | Init Dist 100 = 12.806 | Init Dist 1000 = 12.806 | Learner Steps = 26433 | Learner Walltime = 5214.906 | Min Dist = 0.090 | Min Dist 10 = 0.690 | Min Dist 100 = 0.366 | Min Dist 1000 = 0.443 | Steps Per Second = 81.904 | Success = 1.000 | Success 1000 = 0.960
I0502 16:33:11.235406 139558059398720 terminal.py:91] [Actor] Actor Episodes = 34032 | Actor Steps = 1701600 | Delta Dist = 4.248 | Delta Dist 10 = 6.094 | Delta Dist 100 = 4.091 | Delta Dist 1000 = 4.451 | Episode Length = 50 | Episode Return = 38.0 | Evaluator Episodes = 8624 | Evaluator Steps = 431200 | Final Dist = 0.224 | Final Dist 10 = 1.224 | Final Dist 100 = 1.980 | Final Dist 1000 = 1.472 | Init Dist = 4.472 | Init Dist 10 = 7.318 | Init Dist 100 = 6.071 | Init Dist 1000 = 5.923 | Learner Steps = 26426 | Learner Walltime = 5213.586 | Min Dist = 0.112 | Min Dist 10 = 0.100 | Min Dist 100 = 0.297 | Min Dist 1000 = 0.199 | Steps Per Second = 79.405 | Success = 1.000 | Success 1000 = 0.990
I0502 16:33:12.084116 139579566835264 terminal.py:91] [Evaluator] Actor Episodes = 34039 | Actor Steps = 1701950 | Delta Dist = 12.485 | Delta Dist 10 = 12.034 | Delta Dist 100 = 11.741 | Delta Dist 1000 = 11.668 | Episode Length = 50 | Episode Return = 15.0 | Evaluator Episodes = 8628 | Evaluator Steps = 431400 | Final Dist = 0.322 | Final Dist 10 = 0.773 | Final Dist 100 = 1.065 | Final Dist 1000 = 1.139 | Init Dist = 12.806 | Init Dist 10 = 12.806 | Init Dist 100 = 12.806 | Init Dist 1000 = 12.806 | Learner Steps = 26439 | Learner Walltime = 5216.085 | Min Dist = 0.237 | Min Dist 10 = 0.161 | Min Dist 100 = 0.365 | Min Dist 1000 = 0.443 | Steps Per Second = 76.841 | Success = 1.000 | Success 1000 = 0.960
I0502 16:33:13.348648 139579566835264 terminal.py:91] [Evaluator] Actor Episodes = 34047 | Actor Steps = 1702350 | Delta Dist = 11.257 | Delta Dist 10 = 12.086 | Delta Dist 100 = 11.743 | Delta Dist 1000 = 11.668 | Episode Length = 50 | Episode Return = 10.0 | Evaluator Episodes = 8630 | Evaluator Steps = 431500 | Final Dist = 1.549 | Final Dist 10 = 0.721 | Final Dist 100 = 1.063 | Final Dist 1000 = 1.139 | Init Dist = 12.806 | Init Dist 10 = 12.806 | Init Dist 100 = 12.806 | Init Dist 1000 = 12.806 | Learner Steps = 26443 | Learner Walltime = 5217.107 | Min Dist = 0.082 | Min Dist 10 = 0.129 | Min Dist 100 = 0.366 | Min Dist 1000 = 0.443 | Steps Per Second = 82.695 | Success = 1.000 | Success 1000 = 0.960
I0502 16:33:14.087797 139569349502528 terminal.py:91] [Actor] Actor Episodes = 34050 | Actor Steps = 1702500 | Delta Dist = 5.787 | Delta Dist 10 = 4.504 | Delta Dist 100 = 4.094 | Delta Dist 1000 = 4.448 | Episode Length = 50 | Episode Return = 25.0 | Evaluator Episodes = 8630 | Evaluator Steps = 431500 | Final Dist = 0.213 | Final Dist 10 = 1.669 | Final Dist 100 = 2.029 | Final Dist 1000 = 1.481 | Init Dist = 6.000 | Init Dist 10 = 6.173 | Init Dist 100 = 6.124 | Init Dist 1000 = 5.929 | Learner Steps = 26443 | Learner Walltime = 5217.107 | Min Dist = 0.048 | Min Dist 10 = 0.281 | Min Dist 100 = 0.317 | Min Dist 1000 = 0.198 | Steps Per Second = 79.609 | Success = 1.000 | Success 1000 = 0.990
I0502 16:33:14.562262 139579566835264 terminal.py:91] [Evaluator] Actor Episodes = 34055 | Actor Steps = 1702750 | Delta Dist = 12.506 | Delta Dist 10 = 11.950 | Delta Dist 100 = 11.731 | Delta Dist 1000 = 11.667 | Episode Length = 50 | Episode Return = 3.0 | Evaluator Episodes = 8632 | Evaluator Steps = 431600 | Final Dist = 0.300 | Final Dist 10 = 0.856 | Final Dist 100 = 1.075 | Final Dist 1000 = 1.139 | Init Dist = 12.806 | Init Dist 10 = 12.806 | Init Dist 100 = 12.806 | Init Dist 1000 = 12.806 | Learner Steps = 26450 | Learner Walltime = 5218.430 | Min Dist = 0.300 | Min Dist 10 = 0.129 | Min Dist 100 = 0.365 | Min Dist 1000 = 0.442 | Steps Per Second = 80.198 | Success = 1.000 | Success 1000 = 0.960
I0502 16:33:14.602267 139584504182336 lp_utils.py:96] StepsLimiter: Reached 1702750 recorded steps
I0502 16:33:15.817584 139579566835264 terminal.py:91] [Evaluator] Actor Episodes = 34063 | Actor Steps = 1703150 | Delta Dist = 11.389 | Delta Dist 10 = 12.002 | Delta Dist 100 = 11.743 | Delta Dist 1000 = 11.667 | Episode Length = 50 | Episode Return = 19.0 | Evaluator Episodes = 8634 | Evaluator Steps = 431700 | Final Dist = 1.417 | Final Dist 10 = 0.804 | Final Dist 100 = 1.064 | Final Dist 1000 = 1.139 | Init Dist = 12.806 | Init Dist 10 = 12.806 | Init Dist 100 = 12.806 | Init Dist 1000 = 12.806 | Learner Steps = 26457 | Learner Walltime = 5219.751 | Min Dist = 0.111 | Min Dist 10 = 0.141 | Min Dist 100 = 0.366 | Min Dist 1000 = 0.443 | Steps Per Second = 85.493 | Success = 1.000 | Success 1000 = 0.960
I0502 16:33:16.275738 139555860620864 terminal.py:91] [Actor] Actor Episodes = 34064 | Actor Steps = 1703200 | Delta Dist = 3.471 | Delta Dist 10 = 4.941 | Delta Dist 100 = 4.288 | Delta Dist 1000 = 4.459 | Episode Length = 50 | Episode Return = 24.0 | Evaluator Episodes = 8632 | Evaluator Steps = 431600 | Final Dist = 0.134 | Final Dist 10 = 1.009 | Final Dist 100 = 1.787 | Final Dist 1000 = 1.449 | Init Dist = 3.606 | Init Dist 10 = 5.951 | Init Dist 100 = 6.074 | Init Dist 1000 = 5.908 | Learner Steps = 26457 | Learner Walltime = 5219.751 | Min Dist = 0.060 | Min Dist 10 = 0.025 | Min Dist 100 = 0.230 | Min Dist 1000 = 0.195 | Steps Per Second = 77.377 | Success = 1.000 | Success 1000 = 0.991
I0502 16:33:16.375467 139583350109760 savers.py:156] Saving checkpoint: logs/contrastive_cpc_point_FourRooms_64/5dd72662-2788-11f0-b183-d85ed38c5779/checkpoints/learner
I0502 16:33:17.119454 139579566835264 terminal.py:91] [Evaluator] Actor Episodes = 34071 | Actor Steps = 1703550 | Delta Dist = 11.322 | Delta Dist 10 = 11.904 | Delta Dist 100 = 11.734 | Delta Dist 1000 = 11.667 | Episode Length = 50 | Episode Return = 18.0 | Evaluator Episodes = 8636 | Evaluator Steps = 431800 | Final Dist = 1.485 | Final Dist 10 = 0.902 | Final Dist 100 = 1.072 | Final Dist 1000 = 1.139 | Init Dist = 12.806 | Init Dist 10 = 12.806 | Init Dist 100 = 12.806 | Init Dist 1000 = 12.806 | Learner Steps = 26462 | Learner Walltime = 5220.821 | Min Dist = 0.422 | Min Dist 10 = 0.157 | Min Dist 100 = 0.368 | Min Dist 1000 = 0.443 | Steps Per Second = 70.983 | Success = 1.000 | Success 1000 = 0.960
I0502 16:33:17.307146 139557462840896 terminal.py:91] [Actor] Actor Episodes = 34068 | Actor Steps = 1703400 | Delta Dist = 2.993 | Delta Dist 10 = 4.971 | Delta Dist 100 = 4.348 | Delta Dist 1000 = 4.467 | Episode Length = 50 | Episode Return = 34.0 | Evaluator Episodes = 8634 | Evaluator Steps = 431700 | Final Dist = 1.131 | Final Dist 10 = 0.801 | Final Dist 100 = 1.655 | Final Dist 1000 = 1.445 | Init Dist = 4.123 | Init Dist 10 = 5.772 | Init Dist 100 = 6.003 | Init Dist 1000 = 5.912 | Learner Steps = 26462 | Learner Walltime = 5220.821 | Min Dist = 0.013 | Min Dist 10 = 0.056 | Min Dist 100 = 0.227 | Min Dist 1000 = 0.195 | Steps Per Second = 75.642 | Success = 1.000 | Success 1000 = 0.991
I0502 16:33:18.403682 139579566835264 terminal.py:91] [Evaluator] Actor Episodes = 34079 | Actor Steps = 1703950 | Delta Dist = 12.635 | Delta Dist 10 = 11.859 | Delta Dist 100 = 11.746 | Delta Dist 1000 = 11.667 | Episode Length = 50 | Episode Return = 22.0 | Evaluator Episodes = 8638 | Evaluator Steps = 431900 | Final Dist = 0.171 | Final Dist 10 = 0.947 | Final Dist 100 = 1.060 | Final Dist 1000 = 1.139 | Init Dist = 12.806 | Init Dist 10 = 12.806 | Init Dist 100 = 12.806 | Init Dist 1000 = 12.806 | Learner Steps = 26468 | Learner Walltime = 5221.934 | Min Dist = 0.136 | Min Dist 10 = 0.184 | Min Dist 100 = 0.367 | Min Dist 1000 = 0.442 | Steps Per Second = 78.300 | Success = 1.000 | Success 1000 = 0.960
I0502 16:33:18.696213 139555013154368 terminal.py:91] [Learner] Actor Episodes = 34073 | Actor Loss = 3.727266311645508 | Actor Steps = 1703650 | Binary Accuracy = 0.9960277080535889 | Categorical Accuracy = 0.4161376953125 | Critic Loss = 1.8699235916137695 | Entropy Mean = -21.019556045532227 | Evaluator Episodes = 8636 | Evaluator Steps = 431800 | Learner Steps = 26472 | Learner Walltime = 5222.891 | Logits Neg = -16.98019027709961 | Logits Pos = -1.850475788116455 | Logsumexp = 1.20766019821167 | Steps Per Second = 122.298
I0502 16:33:19.533468 139579566835264 terminal.py:91] [Evaluator] Actor Episodes = 34087 | Actor Steps = 1704350 | Delta Dist = 11.456 | Delta Dist 10 = 11.815 | Delta Dist 100 = 11.748 | Delta Dist 1000 = 11.667 | Episode Length = 50 | Episode Return = 1.0 | Evaluator Episodes = 8640 | Evaluator Steps = 432000 | Final Dist = 1.351 | Final Dist 10 = 0.991 | Final Dist 100 = 1.058 | Final Dist 1000 = 1.139 | Init Dist = 12.806 | Init Dist 10 = 12.806 | Init Dist 100 = 12.806 | Init Dist 1000 = 12.806 | Learner Steps = 26473 | Learner Walltime = 5222.972 | Min Dist = 0.339 | Min Dist 10 = 0.212 | Min Dist 100 = 0.370 | Min Dist 1000 = 0.442 | Steps Per Second = 88.587 | Success = 1.000 | Success 1000 = 0.960
I0502 16:33:20.832437 139579566835264 terminal.py:91] [Evaluator] Actor Episodes = 34095 | Actor Steps = 1704750 | Delta Dist = 11.461 | Delta Dist 10 = 11.870 | Delta Dist 100 = 11.743 | Delta Dist 1000 = 11.667 | Episode Length = 50 | Episode Return = 8.0 | Evaluator Episodes = 8642 | Evaluator Steps = 432100 | Final Dist = 1.346 | Final Dist 10 = 0.936 | Final Dist 100 = 1.063 | Final Dist 1000 = 1.139 | Init Dist = 12.806 | Init Dist 10 = 12.806 | Init Dist 100 = 12.806 | Init Dist 1000 = 12.806 | Learner Steps = 26479 | Learner Walltime = 5224.263 | Min Dist = 0.044 | Min Dist 10 = 0.239 | Min Dist 100 = 0.373 | Min Dist 1000 = 0.443 | Steps Per Second = 74.784 | Success = 1.000 | Success 1000 = 0.960
I0502 16:33:21.702152 139558059398720 terminal.py:91] [Actor] Actor Episodes = 34099 | Actor Steps = 1704950 | Delta Dist = 9.375 | Delta Dist 10 = 4.931 | Delta Dist 100 = 4.544 | Delta Dist 1000 = 4.465 | Episode Length = 50 | Episode Return = 30.0 | Evaluator Episodes = 8642 | Evaluator Steps = 432100 | Final Dist = 1.255 | Final Dist 10 = 0.978 | Final Dist 100 = 1.434 | Final Dist 1000 = 1.431 | Init Dist = 10.630 | Init Dist 10 = 5.909 | Init Dist 100 = 5.978 | Init Dist 1000 = 5.895 | Learner Steps = 26484 | Learner Walltime = 5225.389 | Min Dist = 0.017 | Min Dist 10 = 0.094 | Min Dist 100 = 0.210 | Min Dist 1000 = 0.188 | Steps Per Second = 80.422 | Success = 1.000 | Success 1000 = 0.991
I0502 16:33:21.958712 139579566835264 terminal.py:91] [Evaluator] Actor Episodes = 34103 | Actor Steps = 1705150 | Delta Dist = 11.727 | Delta Dist 10 = 11.759 | Delta Dist 100 = 11.730 | Delta Dist 1000 = 11.668 | Episode Length = 50 | Episode Return = 16.0 | Evaluator Episodes = 8644 | Evaluator Steps = 432200 | Final Dist = 1.079 | Final Dist 10 = 1.047 | Final Dist 100 = 1.076 | Final Dist 1000 = 1.138 | Init Dist = 12.806 | Init Dist 10 = 12.806 | Init Dist 100 = 12.806 | Init Dist 1000 = 12.806 | Learner Steps = 26484 | Learner Walltime = 5225.389 | Min Dist = 0.070 | Min Dist 10 = 0.248 | Min Dist 100 = 0.377 | Min Dist 1000 = 0.443 | Steps Per Second = 82.884 | Success = 1.000 | Success 1000 = 0.960
I0502 16:33:23.170375 139579566835264 terminal.py:91] [Evaluator] Actor Episodes = 34107 | Actor Steps = 1705350 | Delta Dist = 11.404 | Delta Dist 10 = 11.888 | Delta Dist 100 = 11.733 | Delta Dist 1000 = 11.668 | Episode Length = 50 | Episode Return = 2.0 | Evaluator Episodes = 8646 | Evaluator Steps = 432300 | Final Dist = 1.402 | Final Dist 10 = 0.918 | Final Dist 100 = 1.073 | Final Dist 1000 = 1.138 | Init Dist = 12.806 | Init Dist 10 = 12.806 | Init Dist 100 = 12.806 | Init Dist 1000 = 12.806 | Learner Steps = 26491 | Learner Walltime = 5226.678 | Min Dist = 0.226 | Min Dist 10 = 0.212 | Min Dist 100 = 0.371 | Min Dist 1000 = 0.443 | Steps Per Second = 85.509 | Success = 1.000 | Success 1000 = 0.960
I0502 16:33:24.306970 139569349502528 terminal.py:91] [Actor] Actor Episodes = 34114 | Actor Steps = 1705700 | Delta Dist = 4.682 | Delta Dist 10 = 2.257 | Delta Dist 100 = 4.699 | Delta Dist 1000 = 4.480 | Episode Length = 50 | Episode Return = 47.0 | Evaluator Episodes = 8646 | Evaluator Steps = 432300 | Final Dist = 0.318 | Final Dist 10 = 3.024 | Final Dist 100 = 1.407 | Final Dist 1000 = 1.430 | Init Dist = 5.000 | Init Dist 10 = 5.281 | Init Dist 100 = 6.106 | Init Dist 1000 = 5.910 | Learner Steps = 26491 | Learner Walltime = 5226.678 | Min Dist = 0.026 | Min Dist 10 = 1.136 | Min Dist 100 = 0.260 | Min Dist 1000 = 0.195 | Steps Per Second = 82.279 | Success = 1.000 | Success 1000 = 0.991
I0502 16:33:24.422976 139579566835264 terminal.py:91] [Evaluator] Actor Episodes = 34115 | Actor Steps = 1705750 | Delta Dist = 12.293 | Delta Dist 10 = 11.881 | Delta Dist 100 = 11.728 | Delta Dist 1000 = 11.668 | Episode Length = 50 | Episode Return = 24.0 | Evaluator Episodes = 8648 | Evaluator Steps = 432400 | Final Dist = 0.514 | Final Dist 10 = 0.925 | Final Dist 100 = 1.078 | Final Dist 1000 = 1.138 | Init Dist = 12.806 | Init Dist 10 = 12.806 | Init Dist 100 = 12.806 | Init Dist 1000 = 12.806 | Learner Steps = 26497 | Learner Walltime = 5228.001 | Min Dist = 0.186 | Min Dist 10 = 0.195 | Min Dist 100 = 0.371 | Min Dist 1000 = 0.442 | Steps Per Second = 76.979 | Success = 1.000 | Success 1000 = 0.960
I0502 16:33:24.618082 139584504182336 lp_utils.py:96] StepsLimiter: Reached 1705950 recorded steps
I0502 16:33:25.621611 139579566835264 terminal.py:91] [Evaluator] Actor Episodes = 34123 | Actor Steps = 1706150 | Delta Dist = 12.502 | Delta Dist 10 = 11.884 | Delta Dist 100 = 11.723 | Delta Dist 1000 = 11.668 | Episode Length = 50 | Episode Return = 26.0 | Evaluator Episodes = 8650 | Evaluator Steps = 432500 | Final Dist = 0.304 | Final Dist 10 = 0.923 | Final Dist 100 = 1.084 | Final Dist 1000 = 1.138 | Init Dist = 12.806 | Init Dist 10 = 12.806 | Init Dist 100 = 12.806 | Init Dist 1000 = 12.806 | Learner Steps = 26503 | Learner Walltime = 5229.124 | Min Dist = 0.168 | Min Dist 10 = 0.174 | Min Dist 100 = 0.372 | Min Dist 1000 = 0.442 | Steps Per Second = 79.169 | Success = 1.000 | Success 1000 = 0.960
I0502 16:33:26.402314 139555860620864 terminal.py:91] [Actor] Actor Episodes = 34126 | Actor Steps = 1706300 | Delta Dist = 0.479 | Delta Dist 10 = 4.770 | Delta Dist 100 = 4.583 | Delta Dist 1000 = 4.482 | Episode Length = 50 | Episode Return = 39.0 | Evaluator Episodes = 8650 | Evaluator Steps = 432500 | Final Dist = 0.521 | Final Dist 10 = 1.174 | Final Dist 100 = 1.244 | Final Dist 1000 = 1.422 | Init Dist = 1.000 | Init Dist 10 = 5.944 | Init Dist 100 = 5.827 | Init Dist 1000 = 5.904 | Learner Steps = 26503 | Learner Walltime = 5229.124 | Min Dist = 0.052 | Min Dist 10 = 0.848 | Min Dist 100 = 0.269 | Min Dist 1000 = 0.202 | Steps Per Second = 80.208 | Success = 1.000 | Success 1000 = 0.991
I0502 16:33:26.845502 139579566835264 terminal.py:91] [Evaluator] Actor Episodes = 34131 | Actor Steps = 1706550 | Delta Dist = 11.900 | Delta Dist 10 = 12.008 | Delta Dist 100 = 11.729 | Delta Dist 1000 = 11.676 | Episode Length = 50 | Episode Return = 16.0 | Evaluator Episodes = 8652 | Evaluator Steps = 432600 | Final Dist = 0.907 | Final Dist 10 = 0.798 | Final Dist 100 = 1.078 | Final Dist 1000 = 1.130 | Init Dist = 12.806 | Init Dist 10 = 12.806 | Init Dist 100 = 12.806 | Init Dist 1000 = 12.806 | Learner Steps = 26509 | Learner Walltime = 5230.141 | Min Dist = 0.529 | Min Dist 10 = 0.162 | Min Dist 100 = 0.368 | Min Dist 1000 = 0.435 | Steps Per Second = 82.195 | Success = 1.000 | Success 1000 = 0.961
I0502 16:33:27.803290 139557462840896 terminal.py:91] [Actor] Actor Episodes = 34136 | Actor Steps = 1706800 | Delta Dist = 0.995 | Delta Dist 10 = 5.083 | Delta Dist 100 = 4.700 | Delta Dist 1000 = 4.485 | Episode Length = 50 | Episode Return = 0.0 | Evaluator Episodes = 8652 | Evaluator Steps = 432600 | Final Dist = 4.005 | Final Dist 10 = 1.165 | Final Dist 100 = 1.214 | Final Dist 1000 = 1.423 | Init Dist = 5.000 | Init Dist 10 = 6.248 | Init Dist 100 = 5.914 | Init Dist 1000 = 5.907 | Learner Steps = 26514 | Learner Walltime = 5231.208 | Min Dist = 0.165 | Min Dist 10 = 0.069 | Min Dist 100 = 0.270 | Min Dist 1000 = 0.201 | Steps Per Second = 66.451 | Success = 1.000 | Success 1000 = 0.991
I0502 16:33:28.256645 139579566835264 terminal.py:91] [Evaluator] Actor Episodes = 34139 | Actor Steps = 1706950 | Delta Dist = 12.307 | Delta Dist 10 = 12.092 | Delta Dist 100 = 11.726 | Delta Dist 1000 = 11.676 | Episode Length = 50 | Episode Return = 27.0 | Evaluator Episodes = 8654 | Evaluator Steps = 432700 | Final Dist = 0.500 | Final Dist 10 = 0.715 | Final Dist 100 = 1.080 | Final Dist 1000 = 1.130 | Init Dist = 12.806 | Init Dist 10 = 12.806 | Init Dist 100 = 12.806 | Init Dist 1000 = 12.806 | Learner Steps = 26519 | Learner Walltime = 5232.278 | Min Dist = 0.189 | Min Dist 10 = 0.163 | Min Dist 100 = 0.371 | Min Dist 1000 = 0.435 | Steps Per Second = 69.193 | Success = 1.000 | Success 1000 = 0.961
I0502 16:33:28.698362 139555013154368 terminal.py:91] [Learner] Actor Episodes = 34139 | Actor Loss = 3.59517240524292 | Actor Steps = 1706950 | Binary Accuracy = 0.9959831237792969 | Categorical Accuracy = 0.39923095703125 | Critic Loss = 1.8251211643218994 | Entropy Mean = -20.289470672607422 | Evaluator Episodes = 8652 | Evaluator Steps = 432600 | Learner Steps = 26522 | Learner Walltime = 5232.896 | Logits Neg = -17.400909423828125 | Logits Pos = -1.8173084259033203 | Logsumexp = 1.1311886310577393 | Steps Per Second = 363.110
I0502 16:33:29.569972 139579566835264 terminal.py:91] [Evaluator] Actor Episodes = 34147 | Actor Steps = 1707350 | Delta Dist = 12.610 | Delta Dist 10 = 12.082 | Delta Dist 100 = 11.726 | Delta Dist 1000 = 11.676 | Episode Length = 50 | Episode Return = 21.0 | Evaluator Episodes = 8656 | Evaluator Steps = 432800 | Final Dist = 0.197 | Final Dist 10 = 0.724 | Final Dist 100 = 1.080 | Final Dist 1000 = 1.130 | Init Dist = 12.806 | Init Dist 10 = 12.806 | Init Dist 100 = 12.806 | Init Dist 1000 = 12.806 | Learner Steps = 26524 | Learner Walltime = 5233.287 | Min Dist = 0.077 | Min Dist 10 = 0.197 | Min Dist 100 = 0.374 | Min Dist 1000 = 0.435 | Steps Per Second = 77.512 | Success = 1.000 | Success 1000 = 0.961
I0502 16:33:30.823397 139579566835264 terminal.py:91] [Evaluator] Actor Episodes = 34157 | Actor Steps = 1707850 | Delta Dist = 8.746 | Delta Dist 10 = 12.136 | Delta Dist 100 = 11.738 | Delta Dist 1000 = 11.678 | Episode Length = 50 | Episode Return = 0.0 | Evaluator Episodes = 8658 | Evaluator Steps = 432900 | Final Dist = 4.060 | Final Dist 10 = 0.670 | Final Dist 100 = 1.068 | Final Dist 1000 = 1.129 | Init Dist = 12.806 | Init Dist 10 = 12.806 | Init Dist 100 = 12.806 | Init Dist 1000 = 12.806 | Learner Steps = 26529 | Learner Walltime = 5234.290 | Min Dist = 4.060 | Min Dist 10 = 0.202 | Min Dist 100 = 0.367 | Min Dist 1000 = 0.435 | Steps Per Second = 75.386 | Success = 0.000 | Success 1000 = 0.961
I0502 16:33:31.907398 139558059398720 terminal.py:91] [Actor] Actor Episodes = 34163 | Actor Steps = 1708150 | Delta Dist = 5.063 | Delta Dist 10 = 4.990 | Delta Dist 100 = 4.690 | Delta Dist 1000 = 4.500 | Episode Length = 50 | Episode Return = 23.0 | Evaluator Episodes = 8658 | Evaluator Steps = 432900 | Final Dist = 0.322 | Final Dist 10 = 0.616 | Final Dist 100 = 1.156 | Final Dist 1000 = 1.411 | Init Dist = 5.385 | Init Dist 10 = 5.606 | Init Dist 100 = 5.846 | Init Dist 1000 = 5.912 | Learner Steps = 26534 | Learner Walltime = 5235.470 | Min Dist = 0.218 | Min Dist 10 = 0.084 | Min Dist 100 = 0.259 | Min Dist 1000 = 0.200 | Steps Per Second = 71.984 | Success = 1.000 | Success 1000 = 0.991
I0502 16:33:32.120050 139579566835264 terminal.py:91] [Evaluator] Actor Episodes = 34165 | Actor Steps = 1708250 | Delta Dist = 12.092 | Delta Dist 10 = 11.827 | Delta Dist 100 = 11.704 | Delta Dist 1000 = 11.683 | Episode Length = 50 | Episode Return = 26.0 | Evaluator Episodes = 8660 | Evaluator Steps = 433000 | Final Dist = 0.715 | Final Dist 10 = 0.979 | Final Dist 100 = 1.102 | Final Dist 1000 = 1.124 | Init Dist = 12.806 | Init Dist 10 = 12.806 | Init Dist 100 = 12.806 | Init Dist 1000 = 12.806 | Learner Steps = 26534 | Learner Walltime = 5235.470 | Min Dist = 0.155 | Min Dist 10 = 0.577 | Min Dist 100 = 0.403 | Min Dist 1000 = 0.431 | Steps Per Second = 79.092 | Success = 1.000 | Success 1000 = 0.961
I0502 16:33:33.365757 139579566835264 terminal.py:91] [Evaluator] Actor Episodes = 34173 | Actor Steps = 1708650 | Delta Dist = 12.338 | Delta Dist 10 = 11.659 | Delta Dist 100 = 11.693 | Delta Dist 1000 = 11.683 | Episode Length = 50 | Episode Return = 19.0 | Evaluator Episodes = 8662 | Evaluator Steps = 433100 | Final Dist = 0.468 | Final Dist 10 = 1.147 | Final Dist 100 = 1.113 | Final Dist 1000 = 1.124 | Init Dist = 12.806 | Init Dist 10 = 12.806 | Init Dist 100 = 12.806 | Init Dist 1000 = 12.806 | Learner Steps = 26540 | Learner Walltime = 5236.762 | Min Dist = 0.118 | Min Dist 10 = 0.623 | Min Dist 100 = 0.405 | Min Dist 1000 = 0.431 | Steps Per Second = 75.710 | Success = 1.000 | Success 1000 = 0.961
I0502 16:33:34.473736 139569349502528 terminal.py:91] [Actor] Actor Episodes = 34178 | Actor Steps = 1708900 | Delta Dist = 6.992 | Delta Dist 10 = 5.104 | Delta Dist 100 = 4.636 | Delta Dist 1000 = 4.509 | Episode Length = 50 | Episode Return = 47.0 | Evaluator Episodes = 8662 | Evaluator Steps = 433100 | Final Dist = 0.079 | Final Dist 10 = 1.544 | Final Dist 100 = 1.224 | Final Dist 1000 = 1.410 | Init Dist = 7.071 | Init Dist 10 = 6.648 | Init Dist 100 = 5.860 | Init Dist 1000 = 5.919 | Learner Steps = 26546 | Learner Walltime = 5237.949 | Min Dist = 0.052 | Min Dist 10 = 0.074 | Min Dist 100 = 0.264 | Min Dist 1000 = 0.201 | Steps Per Second = 73.005 | Success = 1.000 | Success 1000 = 0.991
I0502 16:33:34.633180 139584504182336 lp_utils.py:96] StepsLimiter: Reached 1708950 recorded steps
I0502 16:33:34.648957 139579566835264 terminal.py:91] [Evaluator] Actor Episodes = 34179 | Actor Steps = 1708950 | Delta Dist = 11.376 | Delta Dist 10 = 11.700 | Delta Dist 100 = 11.704 | Delta Dist 1000 = 11.685 | Episode Length = 50 | Episode Return = 23.0 | Evaluator Episodes = 8664 | Evaluator Steps = 433200 | Final Dist = 1.430 | Final Dist 10 = 1.106 | Final Dist 100 = 1.102 | Final Dist 1000 = 1.122 | Init Dist = 12.806 | Init Dist 10 = 12.806 | Init Dist 100 = 12.806 | Init Dist 1000 = 12.806 | Learner Steps = 26546 | Learner Walltime = 5237.949 | Min Dist = 0.128 | Min Dist 10 = 0.590 | Min Dist 100 = 0.400 | Min Dist 1000 = 0.430 | Steps Per Second = 74.977 | Success = 1.000 | Success 1000 = 0.961
I0502 16:33:36.055984 139579566835264 terminal.py:91] [Evaluator] Actor Episodes = 34189 | Actor Steps = 1709450 | Delta Dist = 6.965 | Delta Dist 10 = 11.067 | Delta Dist 100 = 11.651 | Delta Dist 1000 = 11.679 | Episode Length = 50 | Episode Return = 0.0 | Evaluator Episodes = 8666 | Evaluator Steps = 433300 | Final Dist = 5.842 | Final Dist 10 = 1.739 | Final Dist 100 = 1.156 | Final Dist 1000 = 1.127 | Init Dist = 12.806 | Init Dist 10 = 12.806 | Init Dist 100 = 12.806 | Init Dist 1000 = 12.806 | Learner Steps = 26557 | Learner Walltime = 5240.219 | Min Dist = 5.038 | Min Dist 10 = 1.069 | Min Dist 100 = 0.451 | Min Dist 1000 = 0.435 | Steps Per Second = 71.635 | Success = 0.000 | Success 1000 = 0.960
I0502 16:33:36.912166 139555860620864 terminal.py:91] [Actor] Actor Episodes = 34192 | Actor Steps = 1709600 | Delta Dist = 7.541 | Delta Dist 10 = 4.225 | Delta Dist 100 = 4.574 | Delta Dist 1000 = 4.518 | Episode Length = 50 | Episode Return = 47.0 | Evaluator Episodes = 8666 | Evaluator Steps = 433300 | Final Dist = 0.459 | Final Dist 10 = 2.741 | Final Dist 100 = 1.405 | Final Dist 1000 = 1.423 | Init Dist = 8.000 | Init Dist 10 = 6.966 | Init Dist 100 = 5.979 | Init Dist 1000 = 5.940 | Learner Steps = 26557 | Learner Walltime = 5240.219 | Min Dist = 0.139 | Min Dist 10 = 0.093 | Min Dist 100 = 0.263 | Min Dist 1000 = 0.201 | Steps Per Second = 74.332 | Success = 1.000 | Success 1000 = 0.991
I0502 16:33:37.511390 139579566835264 terminal.py:91] [Evaluator] Actor Episodes = 34197 | Actor Steps = 1709850 | Delta Dist = 12.574 | Delta Dist 10 = 10.559 | Delta Dist 100 = 11.614 | Delta Dist 1000 = 11.675 | Episode Length = 50 | Episode Return = 19.0 | Evaluator Episodes = 8668 | Evaluator Steps = 433400 | Final Dist = 0.233 | Final Dist 10 = 2.248 | Final Dist 100 = 1.193 | Final Dist 1000 = 1.132 | Init Dist = 12.806 | Init Dist 10 = 12.806 | Init Dist 100 = 12.806 | Init Dist 1000 = 12.806 | Learner Steps = 26562 | Learner Walltime = 5241.534 | Min Dist = 0.062 | Min Dist 10 = 1.553 | Min Dist 100 = 0.499 | Min Dist 1000 = 0.440 | Steps Per Second = 67.868 | Success = 1.000 | Success 1000 = 0.959
I0502 16:33:38.186747 139557462840896 terminal.py:91] [Actor] Actor Episodes = 34198 | Actor Steps = 1709900 | Delta Dist = 2.896 | Delta Dist 10 = 3.534 | Delta Dist 100 = 4.347 | Delta Dist 1000 = 4.510 | Episode Length = 50 | Episode Return = 38.0 | Evaluator Episodes = 8666 | Evaluator Steps = 433300 | Final Dist = 0.104 | Final Dist 10 = 1.291 | Final Dist 100 = 1.481 | Final Dist 1000 = 1.429 | Init Dist = 3.000 | Init Dist 10 = 4.825 | Init Dist 100 = 5.828 | Init Dist 1000 = 5.939 | Learner Steps = 26562 | Learner Walltime = 5241.534 | Min Dist = 0.078 | Min Dist 10 = 0.829 | Min Dist 100 = 0.333 | Min Dist 1000 = 0.208 | Steps Per Second = 69.406 | Success = 1.000 | Success 1000 = 0.991
I0502 16:33:38.710448 139555013154368 terminal.py:91] [Learner] Actor Episodes = 34203 | Actor Loss = 3.761704206466675 | Actor Steps = 1710150 | Binary Accuracy = 0.9959642887115479 | Categorical Accuracy = 0.4124755859375 | Critic Loss = 1.8321866989135742 | Entropy Mean = -21.741804122924805 | Evaluator Episodes = 8668 | Evaluator Steps = 433400 | Learner Steps = 26569 | Learner Walltime = 5242.908 | Logits Neg = -17.211244583129883 | Logits Pos = -1.8157843351364136 | Logsumexp = 1.154313325881958 | Steps Per Second = 1057.774
I0502 16:33:38.876310 139579566835264 terminal.py:91] [Evaluator] Actor Episodes = 34203 | Actor Steps = 1710150 | Delta Dist = 11.191 | Delta Dist 10 = 10.971 | Delta Dist 100 = 11.633 | Delta Dist 1000 = 11.676 | Episode Length = 50 | Episode Return = 24.0 | Evaluator Episodes = 8670 | Evaluator Steps = 433500 | Final Dist = 1.616 | Final Dist 10 = 1.835 | Final Dist 100 = 1.174 | Final Dist 1000 = 1.130 | Init Dist = 12.806 | Init Dist 10 = 12.806 | Init Dist 100 = 12.806 | Init Dist 1000 = 12.806 | Learner Steps = 26568 | Learner Walltime = 5242.848 | Min Dist = 0.108 | Min Dist 10 = 1.151 | Min Dist 100 = 0.486 | Min Dist 1000 = 0.439 | Steps Per Second = 78.264 | Success = 1.000 | Success 1000 = 0.959
I0502 16:33:40.326392 139579566835264 terminal.py:91] [Evaluator] Actor Episodes = 34213 | Actor Steps = 1710650 | Delta Dist = 9.387 | Delta Dist 10 = 10.884 | Delta Dist 100 = 11.633 | Delta Dist 1000 = 11.676 | Episode Length = 50 | Episode Return = 0.0 | Evaluator Episodes = 8672 | Evaluator Steps = 433600 | Final Dist = 3.419 | Final Dist 10 = 1.922 | Final Dist 100 = 1.173 | Final Dist 1000 = 1.130 | Init Dist = 12.806 | Init Dist 10 = 12.806 | Init Dist 100 = 12.806 | Init Dist 1000 = 12.806 | Learner Steps = 26574 | Learner Walltime = 5243.966 | Min Dist = 3.419 | Min Dist 10 = 1.110 | Min Dist 100 = 0.482 | Min Dist 1000 = 0.439 | Steps Per Second = 70.445 | Success = 0.000 | Success 1000 = 0.959
I0502 16:33:41.624442 139579566835264 terminal.py:91] [Evaluator] Actor Episodes = 34219 | Actor Steps = 1710950 | Delta Dist = 11.454 | Delta Dist 10 = 10.537 | Delta Dist 100 = 11.606 | Delta Dist 1000 = 11.673 | Episode Length = 50 | Episode Return = 1.0 | Evaluator Episodes = 8674 | Evaluator Steps = 433700 | Final Dist = 1.352 | Final Dist 10 = 2.269 | Final Dist 100 = 1.201 | Final Dist 1000 = 1.133 | Init Dist = 12.806 | Init Dist 10 = 12.806 | Init Dist 100 = 12.806 | Init Dist 1000 = 12.806 | Learner Steps = 26579 | Learner Walltime = 5244.967 | Min Dist = 0.865 | Min Dist 10 = 1.495 | Min Dist 100 = 0.518 | Min Dist 1000 = 0.443 | Steps Per Second = 78.737 | Success = 1.000 | Success 1000 = 0.958
I0502 16:33:42.614547 139558059398720 terminal.py:91] [Actor] Actor Episodes = 34227 | Actor Steps = 1711350 | Delta Dist = 7.570 | Delta Dist 10 = 3.777 | Delta Dist 100 = 4.304 | Delta Dist 1000 = 4.478 | Episode Length = 50 | Episode Return = 0.0 | Evaluator Episodes = 8674 | Evaluator Steps = 433700 | Final Dist = 0.240 | Final Dist 10 = 1.169 | Final Dist 100 = 1.311 | Final Dist 1000 = 1.422 | Init Dist = 7.810 | Init Dist 10 = 4.946 | Init Dist 100 = 5.615 | Init Dist 1000 = 5.899 | Learner Steps = 26584 | Learner Walltime = 5246.021 | Min Dist = 0.009 | Min Dist 10 = 0.086 | Min Dist 100 = 0.218 | Min Dist 1000 = 0.202 | Steps Per Second = 64.678 | Success = 1.000 | Success 1000 = 0.991
I0502 16:33:43.049658 139579566835264 terminal.py:91] [Evaluator] Actor Episodes = 34229 | Actor Steps = 1711450 | Delta Dist = 12.333 | Delta Dist 10 = 11.134 | Delta Dist 100 = 11.605 | Delta Dist 1000 = 11.672 | Episode Length = 50 | Episode Return = 29.0 | Evaluator Episodes = 8676 | Evaluator Steps = 433800 | Final Dist = 0.473 | Final Dist 10 = 1.672 | Final Dist 100 = 1.202 | Final Dist 1000 = 1.134 | Init Dist = 12.806 | Init Dist 10 = 12.806 | Init Dist 100 = 12.806 | Init Dist 1000 = 12.806 | Learner Steps = 26589 | Learner Walltime = 5247.238 | Min Dist = 0.042 | Min Dist 10 = 1.068 | Min Dist 100 = 0.520 | Min Dist 1000 = 0.443 | Steps Per Second = 69.406 | Success = 1.000 | Success 1000 = 0.958
I0502 16:33:44.330929 139579566835264 terminal.py:91] [Evaluator] Actor Episodes = 34237 | Actor Steps = 1711850 | Delta Dist = 6.523 | Delta Dist 10 = 11.698 | Delta Dist 100 = 11.625 | Delta Dist 1000 = 11.673 | Episode Length = 50 | Episode Return = 0.0 | Evaluator Episodes = 8678 | Evaluator Steps = 433900 | Final Dist = 6.284 | Final Dist 10 = 1.108 | Final Dist 100 = 1.182 | Final Dist 1000 = 1.133 | Init Dist = 12.806 | Init Dist 10 = 12.806 | Init Dist 100 = 12.806 | Init Dist 1000 = 12.806 | Learner Steps = 26594 | Learner Walltime = 5248.407 | Min Dist = 4.874 | Min Dist 10 = 0.571 | Min Dist 100 = 0.516 | Min Dist 1000 = 0.443 | Steps Per Second = 80.852 | Success = 0.000 | Success 1000 = 0.958
I0502 16:33:44.649430 139584504182336 lp_utils.py:96] StepsLimiter: Reached 1711950 recorded steps
I0502 16:33:44.763457 139569349502528 terminal.py:91] [Actor] Actor Episodes = 34241 | Actor Steps = 1712050 | Delta Dist = 6.729 | Delta Dist 10 = 4.686 | Delta Dist 100 = 4.279 | Delta Dist 1000 = 4.489 | Episode Length = 50 | Episode Return = 38.0 | Evaluator Episodes = 8678 | Evaluator Steps = 433900 | Final Dist = 0.552 | Final Dist 10 = 0.489 | Final Dist 100 = 1.241 | Final Dist 1000 = 1.411 | Init Dist = 7.280 | Init Dist 10 = 5.175 | Init Dist 100 = 5.520 | Init Dist 1000 = 5.900 | Learner Steps = 26594 | Learner Walltime = 5248.407 | Min Dist = 0.086 | Min Dist 10 = 0.055 | Min Dist 100 = 0.214 | Min Dist 1000 = 0.201 | Steps Per Second = 77.643 | Success = 1.000 | Success 1000 = 0.991
I0502 16:33:45.652788 139579566835264 terminal.py:91] [Evaluator] Actor Episodes = 34247 | Actor Steps = 1712350 | Delta Dist = 12.323 | Delta Dist 10 = 11.076 | Delta Dist 100 = 11.625 | Delta Dist 1000 = 11.668 | Episode Length = 50 | Episode Return = 19.0 | Evaluator Episodes = 8680 | Evaluator Steps = 434000 | Final Dist = 0.483 | Final Dist 10 = 1.730 | Final Dist 100 = 1.181 | Final Dist 1000 = 1.139 | Init Dist = 12.806 | Init Dist 10 = 12.806 | Init Dist 100 = 12.806 | Init Dist 1000 = 12.806 | Learner Steps = 26600 | Learner Walltime = 5249.550 | Min Dist = 0.022 | Min Dist 10 = 1.064 | Min Dist 100 = 0.527 | Min Dist 1000 = 0.447 | Steps Per Second = 72.938 | Success = 1.000 | Success 1000 = 0.957
I0502 16:33:46.886931 139579566835264 terminal.py:91] [Evaluator] Actor Episodes = 34255 | Actor Steps = 1712750 | Delta Dist = 12.335 | Delta Dist 10 = 11.197 | Delta Dist 100 = 11.629 | Delta Dist 1000 = 11.668 | Episode Length = 50 | Episode Return = 22.0 | Evaluator Episodes = 8682 | Evaluator Steps = 434100 | Final Dist = 0.471 | Final Dist 10 = 1.609 | Final Dist 100 = 1.177 | Final Dist 1000 = 1.139 | Init Dist = 12.806 | Init Dist 10 = 12.806 | Init Dist 100 = 12.806 | Init Dist 1000 = 12.806 | Learner Steps = 26606 | Learner Walltime = 5250.759 | Min Dist = 0.004 | Min Dist 10 = 1.038 | Min Dist 100 = 0.524 | Min Dist 1000 = 0.447 | Steps Per Second = 69.865 | Success = 1.000 | Success 1000 = 0.957
I0502 16:33:47.530143 139555860620864 terminal.py:91] [Actor] Actor Episodes = 34254 | Actor Steps = 1712700 | Delta Dist = 3.771 | Delta Dist 10 = 5.588 | Delta Dist 100 = 4.640 | Delta Dist 1000 = 4.523 | Episode Length = 50 | Episode Return = 31.0 | Evaluator Episodes = 8680 | Evaluator Steps = 434000 | Final Dist = 1.229 | Final Dist 10 = 0.739 | Final Dist 100 = 1.171 | Final Dist 1000 = 1.400 | Init Dist = 5.000 | Init Dist 10 = 6.327 | Init Dist 100 = 5.811 | Init Dist 1000 = 5.923 | Learner Steps = 26606 | Learner Walltime = 5250.759 | Min Dist = 0.054 | Min Dist 10 = 0.071 | Min Dist 100 = 0.215 | Min Dist 1000 = 0.200 | Steps Per Second = 72.953 | Success = 1.000 | Success 1000 = 0.992
I0502 16:33:48.026010 139579566835264 terminal.py:91] [Evaluator] Actor Episodes = 34259 | Actor Steps = 1712950 | Delta Dist = 12.586 | Delta Dist 10 = 11.519 | Delta Dist 100 = 11.630 | Delta Dist 1000 = 11.669 | Episode Length = 50 | Episode Return = 25.0 | Evaluator Episodes = 8684 | Evaluator Steps = 434200 | Final Dist = 0.220 | Final Dist 10 = 1.287 | Final Dist 100 = 1.176 | Final Dist 1000 = 1.138 | Init Dist = 12.806 | Init Dist 10 = 12.806 | Init Dist 100 = 12.806 | Init Dist 1000 = 12.806 | Learner Steps = 26610 | Learner Walltime = 5251.784 | Min Dist = 0.108 | Min Dist 10 = 0.663 | Min Dist 100 = 0.522 | Min Dist 1000 = 0.447 | Steps Per Second = 92.314 | Success = 1.000 | Success 1000 = 0.957
I0502 16:33:48.739430 139557462840896 terminal.py:91] [Actor] Actor Episodes = 34264 | Actor Steps = 1713200 | Delta Dist = 9.790 | Delta Dist 10 = 3.392 | Delta Dist 100 = 4.504 | Delta Dist 1000 = 4.518 | Episode Length = 50 | Episode Return = 17.0 | Evaluator Episodes = 8684 | Evaluator Steps = 434200 | Final Dist = 0.210 | Final Dist 10 = 1.267 | Final Dist 100 = 1.223 | Final Dist 1000 = 1.393 | Init Dist = 10.000 | Init Dist 10 = 4.658 | Init Dist 100 = 5.727 | Init Dist 1000 = 5.911 | Learner Steps = 26610 | Learner Walltime = 5251.784 | Min Dist = 0.210 | Min Dist 10 = 0.109 | Min Dist 100 = 0.216 | Min Dist 1000 = 0.201 | Steps Per Second = 81.808 | Success = 1.000 | Success 1000 = 0.992
I0502 16:33:48.768315 139555013154368 terminal.py:91] [Learner] Actor Episodes = 34265 | Actor Loss = 3.6681933403015137 | Actor Steps = 1713250 | Binary Accuracy = 0.9960529804229736 | Categorical Accuracy = 0.42401123046875 | Critic Loss = 1.7865558862686157 | Entropy Mean = -19.576053619384766 | Evaluator Episodes = 8684 | Evaluator Steps = 434200 | Learner Steps = 26617 | Learner Walltime = 5252.965 | Logits Neg = -17.3483943939209 | Logits Pos = -1.7607336044311523 | Logsumexp = 1.0963022708892822 | Steps Per Second = 1077.548
I0502 16:33:49.331829 139579566835264 terminal.py:91] [Evaluator] Actor Episodes = 34267 | Actor Steps = 1713350 | Delta Dist = 12.059 | Delta Dist 10 = 11.602 | Delta Dist 100 = 11.636 | Delta Dist 1000 = 11.670 | Episode Length = 50 | Episode Return = 28.0 | Evaluator Episodes = 8686 | Evaluator Steps = 434300 | Final Dist = 0.747 | Final Dist 10 = 1.204 | Final Dist 100 = 1.170 | Final Dist 1000 = 1.136 | Init Dist = 12.806 | Init Dist 10 = 12.806 | Init Dist 100 = 12.806 | Init Dist 1000 = 12.806 | Learner Steps = 26616 | Learner Walltime = 5252.906 | Min Dist = 0.013 | Min Dist 10 = 0.596 | Min Dist 100 = 0.522 | Min Dist 1000 = 0.447 | Steps Per Second = 74.287 | Success = 1.000 | Success 1000 = 0.957
I0502 16:33:50.700823 139579566835264 terminal.py:91] [Evaluator] Actor Episodes = 34275 | Actor Steps = 1713750 | Delta Dist = 12.160 | Delta Dist 10 = 11.575 | Delta Dist 100 = 11.631 | Delta Dist 1000 = 11.672 | Episode Length = 50 | Episode Return = 13.0 | Evaluator Episodes = 8688 | Evaluator Steps = 434400 | Final Dist = 0.646 | Final Dist 10 = 1.231 | Final Dist 100 = 1.175 | Final Dist 1000 = 1.134 | Init Dist = 12.806 | Init Dist 10 = 12.806 | Init Dist 100 = 12.806 | Init Dist 1000 = 12.806 | Learner Steps = 26622 | Learner Walltime = 5254.324 | Min Dist = 0.425 | Min Dist 10 = 0.586 | Min Dist 100 = 0.521 | Min Dist 1000 = 0.447 | Steps Per Second = 76.710 | Success = 1.000 | Success 1000 = 0.957
I0502 16:33:52.200144 139579566835264 terminal.py:91] [Evaluator] Actor Episodes = 34283 | Actor Steps = 1714150 | Delta Dist = 11.659 | Delta Dist 10 = 12.109 | Delta Dist 100 = 11.638 | Delta Dist 1000 = 11.679 | Episode Length = 50 | Episode Return = 22.0 | Evaluator Episodes = 8690 | Evaluator Steps = 434500 | Final Dist = 1.147 | Final Dist 10 = 0.697 | Final Dist 100 = 1.169 | Final Dist 1000 = 1.127 | Init Dist = 12.806 | Init Dist 10 = 12.806 | Init Dist 100 = 12.806 | Init Dist 1000 = 12.806 | Learner Steps = 26629 | Learner Walltime = 5255.932 | Min Dist = 0.162 | Min Dist 10 = 0.131 | Min Dist 100 = 0.524 | Min Dist 1000 = 0.440 | Steps Per Second = 70.403 | Success = 1.000 | Success 1000 = 0.958
I0502 16:33:53.063441 139558059398720 terminal.py:91] [Actor] Actor Episodes = 34291 | Actor Steps = 1714550 | Delta Dist = 6.597 | Delta Dist 10 = 2.473 | Delta Dist 100 = 4.080 | Delta Dist 1000 = 4.457 | Episode Length = 50 | Episode Return = 34.0 | Evaluator Episodes = 8690 | Evaluator Steps = 434500 | Final Dist = 0.111 | Final Dist 10 = 3.187 | Final Dist 100 = 1.408 | Final Dist 1000 = 1.429 | Init Dist = 6.708 | Init Dist 10 = 5.660 | Init Dist 100 = 5.488 | Init Dist 1000 = 5.886 | Learner Steps = 26636 | Learner Walltime = 5257.215 | Min Dist = 0.111 | Min Dist 10 = 0.164 | Min Dist 100 = 0.230 | Min Dist 1000 = 0.201 | Steps Per Second = 76.618 | Success = 1.000 | Success 1000 = 0.992
I0502 16:33:53.486923 139579566835264 terminal.py:91] [Evaluator] Actor Episodes = 34291 | Actor Steps = 1714550 | Delta Dist = 11.462 | Delta Dist 10 = 11.508 | Delta Dist 100 = 11.575 | Delta Dist 1000 = 11.672 | Episode Length = 50 | Episode Return = 15.0 | Evaluator Episodes = 8692 | Evaluator Steps = 434600 | Final Dist = 1.345 | Final Dist 10 = 1.298 | Final Dist 100 = 1.231 | Final Dist 1000 = 1.134 | Init Dist = 12.806 | Init Dist 10 = 12.806 | Init Dist 100 = 12.806 | Init Dist 1000 = 12.806 | Learner Steps = 26636 | Learner Walltime = 5257.215 | Min Dist = 0.049 | Min Dist 10 = 0.690 | Min Dist 100 = 0.571 | Min Dist 1000 = 0.446 | Steps Per Second = 81.169 | Success = 1.000 | Success 1000 = 0.957
I0502 16:33:54.667070 139584504182336 lp_utils.py:96] StepsLimiter: Reached 1714950 recorded steps
I0502 16:33:54.741380 139579566835264 terminal.py:91] [Evaluator] Actor Episodes = 34299 | Actor Steps = 1714950 | Delta Dist = 12.263 | Delta Dist 10 = 10.939 | Delta Dist 100 = 11.527 | Delta Dist 1000 = 11.666 | Episode Length = 50 | Episode Return = 17.0 | Evaluator Episodes = 8694 | Evaluator Steps = 434700 | Final Dist = 0.544 | Final Dist 10 = 1.867 | Final Dist 100 = 1.279 | Final Dist 1000 = 1.140 | Init Dist = 12.806 | Init Dist 10 = 12.806 | Init Dist 100 = 12.806 | Init Dist 1000 = 12.806 | Learner Steps = 26642 | Learner Walltime = 5258.373 | Min Dist = 0.103 | Min Dist 10 = 1.183 | Min Dist 100 = 0.617 | Min Dist 1000 = 0.451 | Steps Per Second = 77.503 | Success = 1.000 | Success 1000 = 0.956
I0502 16:33:55.339134 139569349502528 terminal.py:91] [Actor] Actor Episodes = 34305 | Actor Steps = 1715250 | Delta Dist = 7.027 | Delta Dist 10 = 4.775 | Delta Dist 100 = 4.259 | Delta Dist 1000 = 4.465 | Episode Length = 50 | Episode Return = 23.0 | Evaluator Episodes = 8694 | Evaluator Steps = 434700 | Final Dist = 0.784 | Final Dist 10 = 1.017 | Final Dist 100 = 1.345 | Final Dist 1000 = 1.421 | Init Dist = 7.810 | Init Dist 10 = 5.792 | Init Dist 100 = 5.604 | Init Dist 1000 = 5.886 | Learner Steps = 26642 | Learner Walltime = 5258.373 | Min Dist = 0.057 | Min Dist 10 = 0.134 | Min Dist 100 = 0.161 | Min Dist 1000 = 0.202 | Steps Per Second = 80.867 | Success = 1.000 | Success 1000 = 0.993
I0502 16:33:55.983601 139579566835264 terminal.py:91] [Evaluator] Actor Episodes = 34307 | Actor Steps = 1715350 | Delta Dist = 12.213 | Delta Dist 10 = 10.855 | Delta Dist 100 = 11.522 | Delta Dist 1000 = 11.666 | Episode Length = 50 | Episode Return = 28.0 | Evaluator Episodes = 8696 | Evaluator Steps = 434800 | Final Dist = 0.594 | Final Dist 10 = 1.951 | Final Dist 100 = 1.284 | Final Dist 1000 = 1.140 | Init Dist = 12.806 | Init Dist 10 = 12.806 | Init Dist 100 = 12.806 | Init Dist 1000 = 12.806 | Learner Steps = 26648 | Learner Walltime = 5259.761 | Min Dist = 0.084 | Min Dist 10 = 1.177 | Min Dist 100 = 0.614 | Min Dist 1000 = 0.451 | Steps Per Second = 77.861 | Success = 1.000 | Success 1000 = 0.956
I0502 16:33:57.335198 139579566835264 terminal.py:91] [Evaluator] Actor Episodes = 34315 | Actor Steps = 1715750 | Delta Dist = 12.323 | Delta Dist 10 = 10.860 | Delta Dist 100 = 11.537 | Delta Dist 1000 = 11.666 | Episode Length = 50 | Episode Return = 24.0 | Evaluator Episodes = 8698 | Evaluator Steps = 434900 | Final Dist = 0.483 | Final Dist 10 = 1.946 | Final Dist 100 = 1.269 | Final Dist 1000 = 1.140 | Init Dist = 12.806 | Init Dist 10 = 12.806 | Init Dist 100 = 12.806 | Init Dist 1000 = 12.806 | Learner Steps = 26654 | Learner Walltime = 5260.988 | Min Dist = 0.159 | Min Dist 10 = 1.189 | Min Dist 100 = 0.607 | Min Dist 1000 = 0.450 | Steps Per Second = 74.107 | Success = 1.000 | Success 1000 = 0.956
I0502 16:33:58.047048 139555860620864 terminal.py:91] [Actor] Actor Episodes = 34318 | Actor Steps = 1715900 | Delta Dist = 3.972 | Delta Dist 10 = 2.623 | Delta Dist 100 = 4.161 | Delta Dist 1000 = 4.453 | Episode Length = 50 | Episode Return = 37.0 | Evaluator Episodes = 8698 | Evaluator Steps = 434900 | Final Dist = 0.151 | Final Dist 10 = 3.034 | Final Dist 100 = 1.503 | Final Dist 1000 = 1.434 | Init Dist = 4.123 | Init Dist 10 = 5.657 | Init Dist 100 = 5.664 | Init Dist 1000 = 5.887 | Learner Steps = 26654 | Learner Walltime = 5260.988 | Min Dist = 0.016 | Min Dist 10 = 0.102 | Min Dist 100 = 0.098 | Min Dist 1000 = 0.201 | Steps Per Second = 74.323 | Success = 1.000 | Success 1000 = 0.993
I0502 16:33:58.641520 139579566835264 terminal.py:91] [Evaluator] Actor Episodes = 34323 | Actor Steps = 1716150 | Delta Dist = 11.787 | Delta Dist 10 = 10.865 | Delta Dist 100 = 11.549 | Delta Dist 1000 = 11.667 | Episode Length = 50 | Episode Return = 12.0 | Evaluator Episodes = 8700 | Evaluator Steps = 435000 | Final Dist = 1.019 | Final Dist 10 = 1.941 | Final Dist 100 = 1.258 | Final Dist 1000 = 1.139 | Init Dist = 12.806 | Init Dist 10 = 12.806 | Init Dist 100 = 12.806 | Init Dist 1000 = 12.806 | Learner Steps = 26660 | Learner Walltime = 5262.351 | Min Dist = 0.445 | Min Dist 10 = 1.160 | Min Dist 100 = 0.603 | Min Dist 1000 = 0.450 | Steps Per Second = 83.166 | Success = 1.000 | Success 1000 = 0.956
I0502 16:33:58.788439 139557462840896 terminal.py:91] [Actor] Actor Episodes = 34327 | Actor Steps = 1716350 | Delta Dist = 8.880 | Delta Dist 10 = 1.933 | Delta Dist 100 = 4.047 | Delta Dist 1000 = 4.433 | Episode Length = 50 | Episode Return = 2.0 | Evaluator Episodes = 8700 | Evaluator Steps = 435000 | Final Dist = 1.120 | Final Dist 10 = 3.916 | Final Dist 100 = 1.558 | Final Dist 1000 = 1.443 | Init Dist = 10.000 | Init Dist 10 = 5.849 | Init Dist 100 = 5.605 | Init Dist 1000 = 5.876 | Learner Steps = 26660 | Learner Walltime = 5262.351 | Min Dist = 0.033 | Min Dist 10 = 0.078 | Min Dist 100 = 0.097 | Min Dist 1000 = 0.201 | Steps Per Second = 88.512 | Success = 1.000 | Success 1000 = 0.993
I0502 16:33:58.943164 139555013154368 terminal.py:91] [Learner] Actor Episodes = 34321 | Actor Loss = 3.6915273666381836 | Actor Steps = 1716050 | Binary Accuracy = 0.9960687160491943 | Categorical Accuracy = 0.40289306640625 | Critic Loss = 1.862337589263916 | Entropy Mean = -21.276695251464844 | Evaluator Episodes = 8698 | Evaluator Steps = 434900 | Learner Steps = 26664 | Learner Walltime = 5263.138 | Logits Neg = -16.893409729003906 | Logits Pos = -1.8739793300628662 | Logsumexp = 1.0679395198822021 | Steps Per Second = 120.847
I0502 16:33:59.855351 139579566835264 terminal.py:91] [Evaluator] Actor Episodes = 34331 | Actor Steps = 1716550 | Delta Dist = 12.674 | Delta Dist 10 = 11.441 | Delta Dist 100 = 11.539 | Delta Dist 1000 = 11.673 | Episode Length = 50 | Episode Return = 7.0 | Evaluator Episodes = 8702 | Evaluator Steps = 435100 | Final Dist = 0.132 | Final Dist 10 = 1.365 | Final Dist 100 = 1.267 | Final Dist 1000 = 1.133 | Init Dist = 12.806 | Init Dist 10 = 12.806 | Init Dist 100 = 12.806 | Init Dist 1000 = 12.806 | Learner Steps = 26667 | Learner Walltime = 5263.767 | Min Dist = 0.132 | Min Dist 10 = 0.667 | Min Dist 100 = 0.608 | Min Dist 1000 = 0.444 | Steps Per Second = 82.280 | Success = 1.000 | Success 1000 = 0.957
I0502 16:34:01.131757 139579566835264 terminal.py:91] [Evaluator] Actor Episodes = 34339 | Actor Steps = 1716950 | Delta Dist = 12.587 | Delta Dist 10 = 12.087 | Delta Dist 100 = 11.557 | Delta Dist 1000 = 11.674 | Episode Length = 50 | Episode Return = 16.0 | Evaluator Episodes = 8704 | Evaluator Steps = 435200 | Final Dist = 0.220 | Final Dist 10 = 0.719 | Final Dist 100 = 1.249 | Final Dist 1000 = 1.133 | Init Dist = 12.806 | Init Dist 10 = 12.806 | Init Dist 100 = 12.806 | Init Dist 1000 = 12.806 | Learner Steps = 26672 | Learner Walltime = 5264.955 | Min Dist = 0.024 | Min Dist 10 = 0.164 | Min Dist 100 = 0.609 | Min Dist 1000 = 0.444 | Steps Per Second = 80.323 | Success = 1.000 | Success 1000 = 0.957
I0502 16:34:02.426060 139579566835264 terminal.py:91] [Evaluator] Actor Episodes = 34347 | Actor Steps = 1717350 | Delta Dist = 11.486 | Delta Dist 10 = 12.150 | Delta Dist 100 = 11.559 | Delta Dist 1000 = 11.674 | Episode Length = 50 | Episode Return = 13.0 | Evaluator Episodes = 8706 | Evaluator Steps = 435300 | Final Dist = 1.320 | Final Dist 10 = 0.657 | Final Dist 100 = 1.247 | Final Dist 1000 = 1.132 | Init Dist = 12.806 | Init Dist 10 = 12.806 | Init Dist 100 = 12.806 | Init Dist 1000 = 12.806 | Learner Steps = 26679 | Learner Walltime = 5266.216 | Min Dist = 0.303 | Min Dist 10 = 0.148 | Min Dist 100 = 0.609 | Min Dist 1000 = 0.444 | Steps Per Second = 73.833 | Success = 1.000 | Success 1000 = 0.957
I0502 16:34:03.395689 139558059398720 terminal.py:91] [Actor] Actor Episodes = 34355 | Actor Steps = 1717750 | Delta Dist = 1.797 | Delta Dist 10 = 4.226 | Delta Dist 100 = 3.714 | Delta Dist 1000 = 4.432 | Episode Length = 50 | Episode Return = 34.0 | Evaluator Episodes = 8706 | Evaluator Steps = 435300 | Final Dist = 0.203 | Final Dist 10 = 0.885 | Final Dist 100 = 1.867 | Final Dist 1000 = 1.464 | Init Dist = 2.000 | Init Dist 10 = 5.111 | Init Dist 100 = 5.581 | Init Dist 1000 = 5.896 | Learner Steps = 26685 | Learner Walltime = 5267.418 | Min Dist = 0.190 | Min Dist 10 = 0.185 | Min Dist 100 = 0.184 | Min Dist 1000 = 0.211 | Steps Per Second = 75.620 | Success = 1.000 | Success 1000 = 0.992
I0502 16:34:03.763949 139579566835264 terminal.py:91] [Evaluator] Actor Episodes = 34355 | Actor Steps = 1717750 | Delta Dist = 8.073 | Delta Dist 10 = 11.989 | Delta Dist 100 = 11.548 | Delta Dist 1000 = 11.674 | Episode Length = 50 | Episode Return = 0.0 | Evaluator Episodes = 8708 | Evaluator Steps = 435400 | Final Dist = 4.733 | Final Dist 10 = 0.817 | Final Dist 100 = 1.259 | Final Dist 1000 = 1.132 | Init Dist = 12.806 | Init Dist 10 = 12.806 | Init Dist 100 = 12.806 | Init Dist 1000 = 12.806 | Learner Steps = 26685 | Learner Walltime = 5267.418 | Min Dist = 4.733 | Min Dist 10 = 0.200 | Min Dist 100 = 0.614 | Min Dist 1000 = 0.444 | Steps Per Second = 72.124 | Success = 0.000 | Success 1000 = 0.957
I0502 16:34:04.686039 139584504182336 lp_utils.py:96] StepsLimiter: Reached 1718050 recorded steps
I0502 16:34:05.082717 139579566835264 terminal.py:91] [Evaluator] Actor Episodes = 34363 | Actor Steps = 1718150 | Delta Dist = 11.868 | Delta Dist 10 = 11.584 | Delta Dist 100 = 11.570 | Delta Dist 1000 = 11.671 | Episode Length = 50 | Episode Return = 22.0 | Evaluator Episodes = 8710 | Evaluator Steps = 435500 | Final Dist = 0.938 | Final Dist 10 = 1.223 | Final Dist 100 = 1.236 | Final Dist 1000 = 1.135 | Init Dist = 12.806 | Init Dist 10 = 12.806 | Init Dist 100 = 12.806 | Init Dist 1000 = 12.806 | Learner Steps = 26691 | Learner Walltime = 5268.785 | Min Dist = 0.079 | Min Dist 10 = 0.669 | Min Dist 100 = 0.598 | Min Dist 1000 = 0.447 | Steps Per Second = 78.210 | Success = 1.000 | Success 1000 = 0.957
I0502 16:34:05.875807 139569349502528 terminal.py:91] [Actor] Actor Episodes = 34369 | Actor Steps = 1718450 | Delta Dist = 9.166 | Delta Dist 10 = 3.996 | Delta Dist 100 = 3.797 | Delta Dist 1000 = 4.419 | Episode Length = 50 | Episode Return = 29.0 | Evaluator Episodes = 8710 | Evaluator Steps = 435500 | Final Dist = 0.321 | Final Dist 10 = 1.588 | Final Dist 100 = 1.848 | Final Dist 1000 = 1.461 | Init Dist = 9.487 | Init Dist 10 = 5.584 | Init Dist 100 = 5.646 | Init Dist 1000 = 5.880 | Learner Steps = 26691 | Learner Walltime = 5268.785 | Min Dist = 0.020 | Min Dist 10 = 0.107 | Min Dist 100 = 0.183 | Min Dist 1000 = 0.211 | Steps Per Second = 80.510 | Success = 1.000 | Success 1000 = 0.992
I0502 16:34:06.224447 139579566835264 terminal.py:91] [Evaluator] Actor Episodes = 34371 | Actor Steps = 1718550 | Delta Dist = 11.471 | Delta Dist 10 = 11.593 | Delta Dist 100 = 11.576 | Delta Dist 1000 = 11.670 | Episode Length = 50 | Episode Return = 21.0 | Evaluator Episodes = 8712 | Evaluator Steps = 435600 | Final Dist = 1.335 | Final Dist 10 = 1.213 | Final Dist 100 = 1.230 | Final Dist 1000 = 1.136 | Init Dist = 12.806 | Init Dist 10 = 12.806 | Init Dist 100 = 12.806 | Init Dist 1000 = 12.806 | Learner Steps = 26698 | Learner Walltime = 5270.098 | Min Dist = 0.060 | Min Dist 10 = 0.604 | Min Dist 100 = 0.598 | Min Dist 1000 = 0.447 | Steps Per Second = 83.430 | Success = 1.000 | Success 1000 = 0.957
I0502 16:34:07.576850 139579566835264 terminal.py:91] [Evaluator] Actor Episodes = 34379 | Actor Steps = 1718950 | Delta Dist = 12.256 | Delta Dist 10 = 11.427 | Delta Dist 100 = 11.569 | Delta Dist 1000 = 11.669 | Episode Length = 50 | Episode Return = 7.0 | Evaluator Episodes = 8714 | Evaluator Steps = 435700 | Final Dist = 0.550 | Final Dist 10 = 1.379 | Final Dist 100 = 1.237 | Final Dist 1000 = 1.137 | Init Dist = 12.806 | Init Dist 10 = 12.806 | Init Dist 100 = 12.806 | Init Dist 1000 = 12.806 | Learner Steps = 26704 | Learner Walltime = 5271.463 | Min Dist = 0.065 | Min Dist 10 = 0.609 | Min Dist 100 = 0.595 | Min Dist 1000 = 0.447 | Steps Per Second = 67.494 | Success = 1.000 | Success 1000 = 0.957
I0502 16:34:08.490342 139555860620864 terminal.py:91] [Actor] Actor Episodes = 34384 | Actor Steps = 1719200 | Delta Dist = 6.735 | Delta Dist 10 = 4.668 | Delta Dist 100 = 4.159 | Delta Dist 1000 = 4.428 | Episode Length = 50 | Episode Return = 13.0 | Evaluator Episodes = 8714 | Evaluator Steps = 435700 | Final Dist = 0.265 | Final Dist 10 = 0.876 | Final Dist 100 = 1.602 | Final Dist 1000 = 1.446 | Init Dist = 7.000 | Init Dist 10 = 5.543 | Init Dist 100 = 5.761 | Init Dist 1000 = 5.874 | Learner Steps = 26704 | Learner Walltime = 5271.463 | Min Dist = 0.265 | Min Dist 10 = 0.139 | Min Dist 100 = 0.182 | Min Dist 1000 = 0.211 | Steps Per Second = 77.284 | Success = 1.000 | Success 1000 = 0.992
I0502 16:34:08.814928 139579566835264 terminal.py:91] [Evaluator] Actor Episodes = 34387 | Actor Steps = 1719350 | Delta Dist = 12.697 | Delta Dist 10 = 11.334 | Delta Dist 100 = 11.556 | Delta Dist 1000 = 11.668 | Episode Length = 50 | Episode Return = 24.0 | Evaluator Episodes = 8716 | Evaluator Steps = 435800 | Final Dist = 0.110 | Final Dist 10 = 1.472 | Final Dist 100 = 1.250 | Final Dist 1000 = 1.138 | Init Dist = 12.806 | Init Dist 10 = 12.806 | Init Dist 100 = 12.806 | Init Dist 1000 = 12.806 | Learner Steps = 26710 | Learner Walltime = 5272.629 | Min Dist = 0.061 | Min Dist 10 = 0.624 | Min Dist 100 = 0.594 | Min Dist 1000 = 0.446 | Steps Per Second = 73.821 | Success = 1.000 | Success 1000 = 0.957
I0502 16:34:08.980353 139557462840896 terminal.py:91] [Actor] Actor Episodes = 34389 | Actor Steps = 1719450 | Delta Dist = 3.761 | Delta Dist 10 = 4.097 | Delta Dist 100 = 4.211 | Delta Dist 1000 = 4.424 | Episode Length = 50 | Episode Return = 37.0 | Evaluator Episodes = 8716 | Evaluator Steps = 435800 | Final Dist = 0.239 | Final Dist 10 = 1.366 | Final Dist 100 = 1.559 | Final Dist 1000 = 1.451 | Init Dist = 4.000 | Init Dist 10 = 5.462 | Init Dist 100 = 5.770 | Init Dist 1000 = 5.875 | Learner Steps = 26710 | Learner Walltime = 5272.629 | Min Dist = 0.031 | Min Dist 10 = 0.149 | Min Dist 100 = 0.182 | Min Dist 1000 = 0.211 | Steps Per Second = 75.109 | Success = 1.000 | Success 1000 = 0.992
I0502 16:34:09.169191 139555013154368 terminal.py:91] [Learner] Actor Episodes = 34385 | Actor Loss = 3.690018653869629 | Actor Steps = 1719250 | Binary Accuracy = 0.9960594177246094 | Categorical Accuracy = 0.42578125 | Critic Loss = 1.8332356214523315 | Entropy Mean = -20.75728988647461 | Evaluator Episodes = 8714 | Evaluator Steps = 435700 | Learner Steps = 26714 | Learner Walltime = 5273.368 | Logits Neg = -16.997608184814453 | Logits Pos = -1.8248319625854492 | Logsumexp = 1.118992805480957 | Steps Per Second = 121.870
I0502 16:34:09.633731 139584635659840 savers.py:156] Saving checkpoint: logs/contrastive_cpc_point_FourRooms_64/5dd72662-2788-11f0-b183-d85ed38c5779/checkpoints/counter
I0502 16:34:10.050565 139579566835264 terminal.py:91] [Evaluator] Actor Episodes = 34395 | Actor Steps = 1719750 | Delta Dist = 11.872 | Delta Dist 10 = 11.571 | Delta Dist 100 = 11.616 | Delta Dist 1000 = 11.670 | Episode Length = 50 | Episode Return = 13.0 | Evaluator Episodes = 8718 | Evaluator Steps = 435900 | Final Dist = 0.935 | Final Dist 10 = 1.235 | Final Dist 100 = 1.190 | Final Dist 1000 = 1.136 | Init Dist = 12.806 | Init Dist 10 = 12.806 | Init Dist 100 = 12.806 | Init Dist 1000 = 12.806 | Learner Steps = 26717 | Learner Walltime = 5273.981 | Min Dist = 0.220 | Min Dist 10 = 0.562 | Min Dist 100 = 0.540 | Min Dist 1000 = 0.446 | Steps Per Second = 87.440 | Success = 1.000 | Success 1000 = 0.957
I0502 16:34:11.278489 139579566835264 terminal.py:91] [Evaluator] Actor Episodes = 34403 | Actor Steps = 1720150 | Delta Dist = 12.407 | Delta Dist 10 = 12.011 | Delta Dist 100 = 11.623 | Delta Dist 1000 = 11.671 | Episode Length = 50 | Episode Return = 29.0 | Evaluator Episodes = 8720 | Evaluator Steps = 436000 | Final Dist = 0.399 | Final Dist 10 = 0.796 | Final Dist 100 = 1.184 | Final Dist 1000 = 1.135 | Init Dist = 12.806 | Init Dist 10 = 12.806 | Init Dist 100 = 12.806 | Init Dist 1000 = 12.806 | Learner Steps = 26722 | Learner Walltime = 5275.187 | Min Dist = 0.079 | Min Dist 10 = 0.104 | Min Dist 100 = 0.537 | Min Dist 1000 = 0.446 | Steps Per Second = 84.218 | Success = 1.000 | Success 1000 = 0.957
I0502 16:34:12.558151 139579566835264 terminal.py:91] [Evaluator] Actor Episodes = 34411 | Actor Steps = 1720550 | Delta Dist = 11.641 | Delta Dist 10 = 12.112 | Delta Dist 100 = 11.622 | Delta Dist 1000 = 11.678 | Episode Length = 50 | Episode Return = 26.0 | Evaluator Episodes = 8722 | Evaluator Steps = 436100 | Final Dist = 1.165 | Final Dist 10 = 0.695 | Final Dist 100 = 1.184 | Final Dist 1000 = 1.129 | Init Dist = 12.806 | Init Dist 10 = 12.806 | Init Dist 100 = 12.806 | Init Dist 1000 = 12.806 | Learner Steps = 26729 | Learner Walltime = 5276.450 | Min Dist = 0.034 | Min Dist 10 = 0.112 | Min Dist 100 = 0.537 | Min Dist 1000 = 0.441 | Steps Per Second = 78.911 | Success = 1.000 | Success 1000 = 0.958
I0502 16:34:13.482596 139558059398720 terminal.py:91] [Actor] Actor Episodes = 34417 | Actor Steps = 1720850 | Delta Dist = 0.503 | Delta Dist 10 = 4.656 | Delta Dist 100 = 4.214 | Delta Dist 1000 = 4.382 | Episode Length = 50 | Episode Return = 2.0 | Evaluator Episodes = 8722 | Evaluator Steps = 436100 | Final Dist = 0.497 | Final Dist 10 = 2.124 | Final Dist 100 = 2.027 | Final Dist 1000 = 1.505 | Init Dist = 1.000 | Init Dist 10 = 6.780 | Init Dist 100 = 6.242 | Init Dist 1000 = 5.886 | Learner Steps = 26729 | Learner Walltime = 5276.450 | Min Dist = 0.127 | Min Dist 10 = 1.456 | Min Dist 100 = 0.375 | Min Dist 1000 = 0.231 | Steps Per Second = 73.273 | Success = 1.000 | Success 1000 = 0.992
I0502 16:34:13.905526 139579566835264 terminal.py:91] [Evaluator] Actor Episodes = 34419 | Actor Steps = 1720950 | Delta Dist = 12.507 | Delta Dist 10 = 12.120 | Delta Dist 100 = 11.618 | Delta Dist 1000 = 11.676 | Episode Length = 50 | Episode Return = 20.0 | Evaluator Episodes = 8724 | Evaluator Steps = 436200 | Final Dist = 0.300 | Final Dist 10 = 0.687 | Final Dist 100 = 1.188 | Final Dist 1000 = 1.130 | Init Dist = 12.806 | Init Dist 10 = 12.806 | Init Dist 100 = 12.806 | Init Dist 1000 = 12.806 | Learner Steps = 26736 | Learner Walltime = 5277.802 | Min Dist = 0.173 | Min Dist 10 = 0.098 | Min Dist 100 = 0.535 | Min Dist 1000 = 0.440 | Steps Per Second = 76.665 | Success = 1.000 | Success 1000 = 0.958
I0502 16:34:14.701911 139584504182336 lp_utils.py:96] StepsLimiter: Reached 1721250 recorded steps
I0502 16:34:15.091941 139579566835264 terminal.py:91] [Evaluator] Actor Episodes = 34427 | Actor Steps = 1721350 | Delta Dist = 11.765 | Delta Dist 10 = 12.262 | Delta Dist 100 = 11.628 | Delta Dist 1000 = 11.677 | Episode Length = 50 | Episode Return = 29.0 | Evaluator Episodes = 8726 | Evaluator Steps = 436300 | Final Dist = 1.042 | Final Dist 10 = 0.544 | Final Dist 100 = 1.178 | Final Dist 1000 = 1.129 | Init Dist = 12.806 | Init Dist 10 = 12.806 | Init Dist 100 = 12.806 | Init Dist 1000 = 12.806 | Learner Steps = 26741 | Learner Walltime = 5278.977 | Min Dist = 0.065 | Min Dist 10 = 0.095 | Min Dist 100 = 0.534 | Min Dist 1000 = 0.440 | Steps Per Second = 88.984 | Success = 1.000 | Success 1000 = 0.958
I0502 16:34:16.069561 139569349502528 terminal.py:91] [Actor] Actor Episodes = 34435 | Actor Steps = 1721750 | Delta Dist = 3.083 | Delta Dist 10 = 7.052 | Delta Dist 100 = 4.471 | Delta Dist 1000 = 4.386 | Episode Length = 50 | Episode Return = 0.0 | Evaluator Episodes = 8726 | Evaluator Steps = 436300 | Final Dist = 0.917 | Final Dist 10 = 1.350 | Final Dist 100 = 1.730 | Final Dist 1000 = 1.514 | Init Dist = 4.000 | Init Dist 10 = 8.403 | Init Dist 100 = 6.201 | Init Dist 1000 = 5.900 | Learner Steps = 26747 | Learner Walltime = 5280.177 | Min Dist = 0.231 | Min Dist 10 = 0.055 | Min Dist 100 = 0.314 | Min Dist 1000 = 0.232 | Steps Per Second = 87.461 | Success = 1.000 | Success 1000 = 0.991
I0502 16:34:16.330271 139579566835264 terminal.py:91] [Evaluator] Actor Episodes = 34435 | Actor Steps = 1721750 | Delta Dist = 12.370 | Delta Dist 10 = 12.106 | Delta Dist 100 = 11.623 | Delta Dist 1000 = 11.677 | Episode Length = 50 | Episode Return = 16.0 | Evaluator Episodes = 8728 | Evaluator Steps = 436400 | Final Dist = 0.436 | Final Dist 10 = 0.701 | Final Dist 100 = 1.183 | Final Dist 1000 = 1.129 | Init Dist = 12.806 | Init Dist 10 = 12.806 | Init Dist 100 = 12.806 | Init Dist 1000 = 12.806 | Learner Steps = 26747 | Learner Walltime = 5280.177 | Min Dist = 0.178 | Min Dist 10 = 0.121 | Min Dist 100 = 0.536 | Min Dist 1000 = 0.440 | Steps Per Second = 87.616 | Success = 1.000 | Success 1000 = 0.958
I0502 16:34:16.796172 139583350109760 savers.py:156] Saving checkpoint: logs/contrastive_cpc_point_FourRooms_64/5dd72662-2788-11f0-b183-d85ed38c5779/checkpoints/learner
I0502 16:34:17.573780 139579566835264 terminal.py:91] [Evaluator] Actor Episodes = 34443 | Actor Steps = 1722150 | Delta Dist = 11.597 | Delta Dist 10 = 12.134 | Delta Dist 100 = 11.628 | Delta Dist 1000 = 11.678 | Episode Length = 50 | Episode Return = 1.0 | Evaluator Episodes = 8730 | Evaluator Steps = 436500 | Final Dist = 1.209 | Final Dist 10 = 0.672 | Final Dist 100 = 1.179 | Final Dist 1000 = 1.128 | Init Dist = 12.806 | Init Dist 10 = 12.806 | Init Dist 100 = 12.806 | Init Dist 1000 = 12.806 | Learner Steps = 26752 | Learner Walltime = 5281.265 | Min Dist = 0.845 | Min Dist 10 = 0.118 | Min Dist 100 = 0.536 | Min Dist 1000 = 0.440 | Steps Per Second = 92.072 | Success = 1.000 | Success 1000 = 0.958
I0502 16:34:18.548404 139555860620864 terminal.py:91] [Actor] Actor Episodes = 34446 | Actor Steps = 1722300 | Delta Dist = -1.164 | Delta Dist 10 = 3.720 | Delta Dist 100 = 4.345 | Delta Dist 1000 = 4.339 | Episode Length = 50 | Episode Return = 33.0 | Evaluator Episodes = 8730 | Evaluator Steps = 436500 | Final Dist = 1.164 | Final Dist 10 = 1.327 | Final Dist 100 = 1.692 | Final Dist 1000 = 1.516 | Init Dist = 0.000 | Init Dist 10 = 5.047 | Init Dist 100 = 6.037 | Init Dist 1000 = 5.855 | Learner Steps = 26752 | Learner Walltime = 5281.265 | Min Dist = 0.000 | Min Dist 10 = 0.043 | Min Dist 100 = 0.295 | Min Dist 1000 = 0.232 | Steps Per Second = 82.291 | Success = 1.000 | Success 1000 = 0.991
I0502 16:34:18.748513 139579566835264 terminal.py:91] [Evaluator] Actor Episodes = 34451 | Actor Steps = 1722550 | Delta Dist = 11.800 | Delta Dist 10 = 11.498 | Delta Dist 100 = 11.577 | Delta Dist 1000 = 11.671 | Episode Length = 50 | Episode Return = 2.0 | Evaluator Episodes = 8732 | Evaluator Steps = 436600 | Final Dist = 1.007 | Final Dist 10 = 1.309 | Final Dist 100 = 1.229 | Final Dist 1000 = 1.135 | Init Dist = 12.806 | Init Dist 10 = 12.806 | Init Dist 100 = 12.806 | Init Dist 1000 = 12.806 | Learner Steps = 26759 | Learner Walltime = 5282.365 | Min Dist = 0.990 | Min Dist 10 = 0.733 | Min Dist 100 = 0.598 | Min Dist 1000 = 0.446 | Steps Per Second = 86.829 | Success = 1.000 | Success 1000 = 0.957
I0502 16:34:19.273026 139557462840896 terminal.py:91] [Actor] Actor Episodes = 34455 | Actor Steps = 1722750 | Delta Dist = 9.822 | Delta Dist 10 = 5.085 | Delta Dist 100 = 4.344 | Delta Dist 1000 = 4.341 | Episode Length = 50 | Episode Return = 24.0 | Evaluator Episodes = 8732 | Evaluator Steps = 436600 | Final Dist = 0.178 | Final Dist 10 = 0.658 | Final Dist 100 = 1.691 | Final Dist 1000 = 1.502 | Init Dist = 10.000 | Init Dist 10 = 5.743 | Init Dist 100 = 6.035 | Init Dist 1000 = 5.843 | Learner Steps = 26759 | Learner Walltime = 5282.365 | Min Dist = 0.097 | Min Dist 10 = 0.075 | Min Dist 100 = 0.295 | Min Dist 1000 = 0.232 | Steps Per Second = 77.748 | Success = 1.000 | Success 1000 = 0.991
I0502 16:34:19.375188 139555013154368 terminal.py:91] [Learner] Actor Episodes = 34455 | Actor Loss = 3.6240181922912598 | Actor Steps = 1722750 | Binary Accuracy = 0.9960250854492188 | Categorical Accuracy = 0.4111328125 | Critic Loss = 1.8612148761749268 | Entropy Mean = -22.435115814208984 | Evaluator Episodes = 8732 | Evaluator Steps = 436600 | Learner Steps = 26765 | Learner Walltime = 5283.574 | Logits Neg = -16.835918426513672 | Logits Pos = -1.8364558219909668 | Logsumexp = 1.1708056926727295 | Steps Per Second = 218.700
I0502 16:34:19.928867 139579566835264 terminal.py:91] [Evaluator] Actor Episodes = 34459 | Actor Steps = 1722950 | Delta Dist = 12.183 | Delta Dist 10 = 11.539 | Delta Dist 100 = 11.572 | Delta Dist 1000 = 11.670 | Episode Length = 50 | Episode Return = 20.0 | Evaluator Episodes = 8734 | Evaluator Steps = 436700 | Final Dist = 0.623 | Final Dist 10 = 1.267 | Final Dist 100 = 1.234 | Final Dist 1000 = 1.136 | Init Dist = 12.806 | Init Dist 10 = 12.806 | Init Dist 100 = 12.806 | Init Dist 1000 = 12.806 | Learner Steps = 26765 | Learner Walltime = 5283.574 | Min Dist = 0.136 | Min Dist 10 = 0.901 | Min Dist 100 = 0.611 | Min Dist 1000 = 0.447 | Steps Per Second = 89.243 | Success = 1.000 | Success 1000 = 0.957
I0502 16:34:21.104733 139579566835264 terminal.py:91] [Evaluator] Actor Episodes = 34465 | Actor Steps = 1723250 | Delta Dist = 11.532 | Delta Dist 10 = 11.456 | Delta Dist 100 = 11.583 | Delta Dist 1000 = 11.670 | Episode Length = 50 | Episode Return = 7.0 | Evaluator Episodes = 8736 | Evaluator Steps = 436800 | Final Dist = 1.275 | Final Dist 10 = 1.350 | Final Dist 100 = 1.223 | Final Dist 1000 = 1.137 | Init Dist = 12.806 | Init Dist 10 = 12.806 | Init Dist 100 = 12.806 | Init Dist 1000 = 12.806 | Learner Steps = 26771 | Learner Walltime = 5284.817 | Min Dist = 0.541 | Min Dist 10 = 0.901 | Min Dist 100 = 0.609 | Min Dist 1000 = 0.447 | Steps Per Second = 82.773 | Success = 1.000 | Success 1000 = 0.957
I0502 16:34:22.399919 139579566835264 terminal.py:91] [Evaluator] Actor Episodes = 34473 | Actor Steps = 1723650 | Delta Dist = 11.319 | Delta Dist 10 = 11.414 | Delta Dist 100 = 11.579 | Delta Dist 1000 = 11.669 | Episode Length = 50 | Episode Return = 18.0 | Evaluator Episodes = 8738 | Evaluator Steps = 436900 | Final Dist = 1.487 | Final Dist 10 = 1.392 | Final Dist 100 = 1.227 | Final Dist 1000 = 1.137 | Init Dist = 12.806 | Init Dist 10 = 12.806 | Init Dist 100 = 12.806 | Init Dist 1000 = 12.806 | Learner Steps = 26777 | Learner Walltime = 5286.090 | Min Dist = 0.017 | Min Dist 10 = 0.939 | Min Dist 100 = 0.612 | Min Dist 1000 = 0.447 | Steps Per Second = 72.127 | Success = 1.000 | Success 1000 = 0.957
I0502 16:34:23.568783 139558059398720 terminal.py:91] [Actor] Actor Episodes = 34481 | Actor Steps = 1724050 | Delta Dist = 7.834 | Delta Dist 10 = 4.565 | Delta Dist 100 = 4.147 | Delta Dist 1000 = 4.336 | Episode Length = 50 | Episode Return = 43.0 | Evaluator Episodes = 8738 | Evaluator Steps = 436900 | Final Dist = 0.710 | Final Dist 10 = 1.964 | Final Dist 100 = 1.842 | Final Dist 1000 = 1.503 | Init Dist = 8.544 | Init Dist 10 = 6.529 | Init Dist 100 = 5.989 | Init Dist 1000 = 5.839 | Learner Steps = 26783 | Learner Walltime = 5287.411 | Min Dist = 0.039 | Min Dist 10 = 0.128 | Min Dist 100 = 0.325 | Min Dist 1000 = 0.228 | Steps Per Second = 77.355 | Success = 1.000 | Success 1000 = 0.991
I0502 16:34:23.680773 139579566835264 terminal.py:91] [Evaluator] Actor Episodes = 34481 | Actor Steps = 1724050 | Delta Dist = 12.349 | Delta Dist 10 = 11.233 | Delta Dist 100 = 11.569 | Delta Dist 1000 = 11.667 | Episode Length = 50 | Episode Return = 14.0 | Evaluator Episodes = 8740 | Evaluator Steps = 437000 | Final Dist = 0.457 | Final Dist 10 = 1.574 | Final Dist 100 = 1.237 | Final Dist 1000 = 1.139 | Init Dist = 12.806 | Init Dist 10 = 12.806 | Init Dist 100 = 12.806 | Init Dist 1000 = 12.806 | Learner Steps = 26783 | Learner Walltime = 5287.411 | Min Dist = 0.457 | Min Dist 10 = 0.950 | Min Dist 100 = 0.610 | Min Dist 1000 = 0.448 | Steps Per Second = 80.775 | Success = 1.000 | Success 1000 = 0.957
I0502 16:34:24.721804 139584504182336 lp_utils.py:96] StepsLimiter: Reached 1724350 recorded steps
I0502 16:34:24.913486 139579566835264 terminal.py:91] [Evaluator] Actor Episodes = 34489 | Actor Steps = 1724450 | Delta Dist = 11.410 | Delta Dist 10 = 11.824 | Delta Dist 100 = 11.572 | Delta Dist 1000 = 11.667 | Episode Length = 50 | Episode Return = 18.0 | Evaluator Episodes = 8742 | Evaluator Steps = 437100 | Final Dist = 1.396 | Final Dist 10 = 0.982 | Final Dist 100 = 1.234 | Final Dist 1000 = 1.139 | Init Dist = 12.806 | Init Dist 10 = 12.806 | Init Dist 100 = 12.806 | Init Dist 1000 = 12.806 | Learner Steps = 26789 | Learner Walltime = 5288.544 | Min Dist = 0.147 | Min Dist 10 = 0.378 | Min Dist 100 = 0.612 | Min Dist 1000 = 0.448 | Steps Per Second = 81.369 | Success = 1.000 | Success 1000 = 0.957
I0502 16:34:26.130990 139579566835264 terminal.py:91] [Evaluator] Actor Episodes = 34497 | Actor Steps = 1724850 | Delta Dist = 11.305 | Delta Dist 10 = 11.756 | Delta Dist 100 = 11.572 | Delta Dist 1000 = 11.666 | Episode Length = 50 | Episode Return = 17.0 | Evaluator Episodes = 8744 | Evaluator Steps = 437200 | Final Dist = 1.502 | Final Dist 10 = 1.050 | Final Dist 100 = 1.235 | Final Dist 1000 = 1.141 | Init Dist = 12.806 | Init Dist 10 = 12.806 | Init Dist 100 = 12.806 | Init Dist 1000 = 12.806 | Learner Steps = 26794 | Learner Walltime = 5289.799 | Min Dist = 0.258 | Min Dist 10 = 0.214 | Min Dist 100 = 0.608 | Min Dist 1000 = 0.448 | Steps Per Second = 86.177 | Success = 1.000 | Success 1000 = 0.957
I0502 16:34:26.392974 139569349502528 terminal.py:91] [Actor] Actor Episodes = 34499 | Actor Steps = 1724950 | Delta Dist = 1.591 | Delta Dist 10 = 3.783 | Delta Dist 100 = 4.142 | Delta Dist 1000 = 4.375 | Episode Length = 50 | Episode Return = 42.0 | Evaluator Episodes = 8744 | Evaluator Steps = 437200 | Final Dist = 0.409 | Final Dist 10 = 1.715 | Final Dist 100 = 1.843 | Final Dist 1000 = 1.488 | Init Dist = 2.000 | Init Dist 10 = 5.498 | Init Dist 100 = 5.986 | Init Dist 1000 = 5.863 | Learner Steps = 26794 | Learner Walltime = 5289.799 | Min Dist = 0.234 | Min Dist 10 = 0.963 | Min Dist 100 = 0.354 | Min Dist 1000 = 0.222 | Steps Per Second = 81.653 | Success = 1.000 | Success 1000 = 0.991
I0502 16:34:27.342234 139579566835264 terminal.py:91] [Evaluator] Actor Episodes = 34505 | Actor Steps = 1725250 | Delta Dist = 12.730 | Delta Dist 10 = 11.730 | Delta Dist 100 = 11.567 | Delta Dist 1000 = 11.665 | Episode Length = 50 | Episode Return = 26.0 | Evaluator Episodes = 8746 | Evaluator Steps = 437300 | Final Dist = 0.076 | Final Dist 10 = 1.076 | Final Dist 100 = 1.239 | Final Dist 1000 = 1.141 | Init Dist = 12.806 | Init Dist 10 = 12.806 | Init Dist 100 = 12.806 | Init Dist 1000 = 12.806 | Learner Steps = 26801 | Learner Walltime = 5290.997 | Min Dist = 0.076 | Min Dist 10 = 0.221 | Min Dist 100 = 0.610 | Min Dist 1000 = 0.448 | Steps Per Second = 84.886 | Success = 1.000 | Success 1000 = 0.957
I0502 16:34:28.639475 139579566835264 terminal.py:91] [Evaluator] Actor Episodes = 34513 | Actor Steps = 1725650 | Delta Dist = 12.017 | Delta Dist 10 = 11.890 | Delta Dist 100 = 11.580 | Delta Dist 1000 = 11.666 | Episode Length = 50 | Episode Return = 29.0 | Evaluator Episodes = 8748 | Evaluator Steps = 437400 | Final Dist = 0.789 | Final Dist 10 = 0.916 | Final Dist 100 = 1.226 | Final Dist 1000 = 1.140 | Init Dist = 12.806 | Init Dist 10 = 12.806 | Init Dist 100 = 12.806 | Init Dist 1000 = 12.806 | Learner Steps = 26808 | Learner Walltime = 5292.391 | Min Dist = 0.156 | Min Dist 10 = 0.163 | Min Dist 100 = 0.609 | Min Dist 1000 = 0.447 | Steps Per Second = 79.018 | Success = 1.000 | Success 1000 = 0.957
I0502 16:34:28.675223 139555860620864 terminal.py:91] [Actor] Actor Episodes = 34510 | Actor Steps = 1725500 | Delta Dist = 5.764 | Delta Dist 10 = 4.153 | Delta Dist 100 = 4.157 | Delta Dist 1000 = 4.362 | Episode Length = 50 | Episode Return = 46.0 | Evaluator Episodes = 8746 | Evaluator Steps = 437300 | Final Dist = 0.318 | Final Dist 10 = 1.843 | Final Dist 100 = 1.585 | Final Dist 1000 = 1.501 | Init Dist = 6.083 | Init Dist 10 = 5.996 | Init Dist 100 = 5.742 | Init Dist 1000 = 5.862 | Learner Steps = 26801 | Learner Walltime = 5290.997 | Min Dist = 0.063 | Min Dist 10 = 1.114 | Min Dist 100 = 0.448 | Min Dist 1000 = 0.232 | Steps Per Second = 79.411 | Success = 1.000 | Success 1000 = 0.992
I0502 16:34:29.381254 139555013154368 terminal.py:91] [Learner] Actor Episodes = 34517 | Actor Loss = 3.640951633453369 | Actor Steps = 1725850 | Binary Accuracy = 0.9960980415344238 | Categorical Accuracy = 0.4476318359375 | Critic Loss = 1.7159559726715088 | Entropy Mean = -20.09334945678711 | Evaluator Episodes = 8748 | Evaluator Steps = 437400 | Learner Steps = 26814 | Learner Walltime = 5293.577 | Logits Neg = -17.4678955078125 | Logits Pos = -1.698913812637329 | Logsumexp = 1.1444255113601685 | Steps Per Second = 152.571
I0502 16:34:29.406481 139557462840896 terminal.py:91] [Actor] Actor Episodes = 34519 | Actor Steps = 1725950 | Delta Dist = 2.469 | Delta Dist 10 = 5.655 | Delta Dist 100 = 4.342 | Delta Dist 1000 = 4.364 | Episode Length = 50 | Episode Return = 23.0 | Evaluator Episodes = 8748 | Evaluator Steps = 437400 | Final Dist = 1.137 | Final Dist 10 = 1.107 | Final Dist 100 = 1.505 | Final Dist 1000 = 1.505 | Init Dist = 3.606 | Init Dist 10 = 6.762 | Init Dist 100 = 5.846 | Init Dist 1000 = 5.869 | Learner Steps = 26814 | Learner Walltime = 5293.577 | Min Dist = 0.164 | Min Dist 10 = 0.128 | Min Dist 100 = 0.317 | Min Dist 1000 = 0.232 | Steps Per Second = 74.710 | Success = 1.000 | Success 1000 = 0.992
I0502 16:34:29.837226 139579566835264 terminal.py:91] [Evaluator] Actor Episodes = 34519 | Actor Steps = 1725950 | Delta Dist = 12.032 | Delta Dist 10 = 11.978 | Delta Dist 100 = 11.579 | Delta Dist 1000 = 11.666 | Episode Length = 50 | Episode Return = 8.0 | Evaluator Episodes = 8750 | Evaluator Steps = 437500 | Final Dist = 0.774 | Final Dist 10 = 0.828 | Final Dist 100 = 1.227 | Final Dist 1000 = 1.140 | Init Dist = 12.806 | Init Dist 10 = 12.806 | Init Dist 100 = 12.806 | Init Dist 1000 = 12.806 | Learner Steps = 26814 | Learner Walltime = 5293.577 | Min Dist = 0.094 | Min Dist 10 = 0.164 | Min Dist 100 = 0.609 | Min Dist 1000 = 0.448 | Steps Per Second = 82.746 | Success = 1.000 | Success 1000 = 0.957
I0502 16:34:31.070190 139579566835264 terminal.py:91] [Evaluator] Actor Episodes = 34527 | Actor Steps = 1726350 | Delta Dist = 12.465 | Delta Dist 10 = 11.938 | Delta Dist 100 = 11.565 | Delta Dist 1000 = 11.666 | Episode Length = 50 | Episode Return = 22.0 | Evaluator Episodes = 8752 | Evaluator Steps = 437600 | Final Dist = 0.341 | Final Dist 10 = 0.868 | Final Dist 100 = 1.241 | Final Dist 1000 = 1.140 | Init Dist = 12.806 | Init Dist 10 = 12.806 | Init Dist 100 = 12.806 | Init Dist 1000 = 12.806 | Learner Steps = 26820 | Learner Walltime = 5294.822 | Min Dist = 0.085 | Min Dist 10 = 0.115 | Min Dist 100 = 0.607 | Min Dist 1000 = 0.447 | Steps Per Second = 76.511 | Success = 1.000 | Success 1000 = 0.957
I0502 16:34:32.357465 139579566835264 terminal.py:91] [Evaluator] Actor Episodes = 34535 | Actor Steps = 1726750 | Delta Dist = 12.298 | Delta Dist 10 = 12.058 | Delta Dist 100 = 11.568 | Delta Dist 1000 = 11.666 | Episode Length = 50 | Episode Return = 21.0 | Evaluator Episodes = 8754 | Evaluator Steps = 437700 | Final Dist = 0.508 | Final Dist 10 = 0.748 | Final Dist 100 = 1.238 | Final Dist 1000 = 1.141 | Init Dist = 12.806 | Init Dist 10 = 12.806 | Init Dist 100 = 12.806 | Init Dist 1000 = 12.806 | Learner Steps = 26826 | Learner Walltime = 5296.171 | Min Dist = 0.245 | Min Dist 10 = 0.114 | Min Dist 100 = 0.603 | Min Dist 1000 = 0.447 | Steps Per Second = 81.112 | Success = 1.000 | Success 1000 = 0.957
I0502 16:34:33.621835 139579566835264 terminal.py:91] [Evaluator] Actor Episodes = 34543 | Actor Steps = 1727150 | Delta Dist = 12.628 | Delta Dist 10 = 12.160 | Delta Dist 100 = 11.575 | Delta Dist 1000 = 11.667 | Episode Length = 50 | Episode Return = 27.0 | Evaluator Episodes = 8756 | Evaluator Steps = 437800 | Final Dist = 0.178 | Final Dist 10 = 0.646 | Final Dist 100 = 1.231 | Final Dist 1000 = 1.140 | Init Dist = 12.806 | Init Dist 10 = 12.806 | Init Dist 100 = 12.806 | Init Dist 1000 = 12.806 | Learner Steps = 26833 | Learner Walltime = 5297.541 | Min Dist = 0.171 | Min Dist 10 = 0.117 | Min Dist 100 = 0.602 | Min Dist 1000 = 0.447 | Steps Per Second = 89.481 | Success = 1.000 | Success 1000 = 0.957
I0502 16:34:33.647492 139558059398720 terminal.py:91] [Actor] Actor Episodes = 34545 | Actor Steps = 1727250 | Delta Dist = 2.797 | Delta Dist 10 = 3.237 | Delta Dist 100 = 4.248 | Delta Dist 1000 = 4.317 | Episode Length = 50 | Episode Return = 42.0 | Evaluator Episodes = 8756 | Evaluator Steps = 437800 | Final Dist = 0.031 | Final Dist 10 = 2.466 | Final Dist 100 = 1.782 | Final Dist 1000 = 1.551 | Init Dist = 2.828 | Init Dist 10 = 5.703 | Init Dist 100 = 6.030 | Init Dist 1000 = 5.868 | Learner Steps = 26833 | Learner Walltime = 5297.541 | Min Dist = 0.009 | Min Dist 10 = 0.561 | Min Dist 100 = 0.372 | Min Dist 1000 = 0.237 | Steps Per Second = 86.311 | Success = 1.000 | Success 1000 = 0.992
I0502 16:34:34.739329 139584504182336 lp_utils.py:96] StepsLimiter: Reached 1727550 recorded steps
I0502 16:34:34.990649 139579566835264 terminal.py:91] [Evaluator] Actor Episodes = 34553 | Actor Steps = 1727650 | Delta Dist = 12.133 | Delta Dist 10 = 12.169 | Delta Dist 100 = 11.583 | Delta Dist 1000 = 11.668 | Episode Length = 50 | Episode Return = 28.0 | Evaluator Episodes = 8758 | Evaluator Steps = 437900 | Final Dist = 0.674 | Final Dist 10 = 0.638 | Final Dist 100 = 1.223 | Final Dist 1000 = 1.138 | Init Dist = 12.806 | Init Dist 10 = 12.806 | Init Dist 100 = 12.806 | Init Dist 1000 = 12.806 | Learner Steps = 26839 | Learner Walltime = 5298.858 | Min Dist = 0.080 | Min Dist 10 = 0.118 | Min Dist 100 = 0.600 | Min Dist 1000 = 0.447 | Steps Per Second = 71.969 | Success = 1.000 | Success 1000 = 0.957
I0502 16:34:36.358564 139579566835264 terminal.py:91] [Evaluator] Actor Episodes = 34561 | Actor Steps = 1728050 | Delta Dist = 12.650 | Delta Dist 10 = 12.131 | Delta Dist 100 = 11.609 | Delta Dist 1000 = 11.667 | Episode Length = 50 | Episode Return = 25.0 | Evaluator Episodes = 8760 | Evaluator Steps = 438000 | Final Dist = 0.156 | Final Dist 10 = 0.675 | Final Dist 100 = 1.197 | Final Dist 1000 = 1.139 | Init Dist = 12.806 | Init Dist 10 = 12.806 | Init Dist 100 = 12.806 | Init Dist 1000 = 12.806 | Learner Steps = 26845 | Learner Walltime = 5300.111 | Min Dist = 0.133 | Min Dist 10 = 0.100 | Min Dist 100 = 0.561 | Min Dist 1000 = 0.447 | Steps Per Second = 72.918 | Success = 1.000 | Success 1000 = 0.957
I0502 16:34:36.587368 139569349502528 terminal.py:91] [Actor] Actor Episodes = 34563 | Actor Steps = 1728150 | Delta Dist = 3.608 | Delta Dist 10 = 5.411 | Delta Dist 100 = 4.321 | Delta Dist 1000 = 4.336 | Episode Length = 50 | Episode Return = 20.0 | Evaluator Episodes = 8760 | Evaluator Steps = 438000 | Final Dist = 0.392 | Final Dist 10 = 0.818 | Final Dist 100 = 1.685 | Final Dist 1000 = 1.516 | Init Dist = 4.000 | Init Dist 10 = 6.229 | Init Dist 100 = 6.006 | Init Dist 1000 = 5.852 | Learner Steps = 26845 | Learner Walltime = 5300.111 | Min Dist = 0.083 | Min Dist 10 = 0.075 | Min Dist 100 = 0.336 | Min Dist 1000 = 0.226 | Steps Per Second = 67.750 | Success = 1.000 | Success 1000 = 0.992
I0502 16:34:37.646436 139579566835264 terminal.py:91] [Evaluator] Actor Episodes = 34567 | Actor Steps = 1728350 | Delta Dist = 12.202 | Delta Dist 10 = 12.256 | Delta Dist 100 = 11.625 | Delta Dist 1000 = 11.668 | Episode Length = 50 | Episode Return = 20.0 | Evaluator Episodes = 8762 | Evaluator Steps = 438100 | Final Dist = 0.605 | Final Dist 10 = 0.550 | Final Dist 100 = 1.181 | Final Dist 1000 = 1.138 | Init Dist = 12.806 | Init Dist 10 = 12.806 | Init Dist 100 = 12.806 | Init Dist 1000 = 12.806 | Learner Steps = 26851 | Learner Walltime = 5301.451 | Min Dist = 0.065 | Min Dist 10 = 0.123 | Min Dist 100 = 0.557 | Min Dist 1000 = 0.447 | Steps Per Second = 75.090 | Success = 1.000 | Success 1000 = 0.957
I0502 16:34:38.926484 139579566835264 terminal.py:91] [Evaluator] Actor Episodes = 34575 | Actor Steps = 1728750 | Delta Dist = 11.681 | Delta Dist 10 = 11.743 | Delta Dist 100 = 11.572 | Delta Dist 1000 = 11.664 | Episode Length = 50 | Episode Return = 16.0 | Evaluator Episodes = 8764 | Evaluator Steps = 438200 | Final Dist = 1.125 | Final Dist 10 = 1.063 | Final Dist 100 = 1.234 | Final Dist 1000 = 1.143 | Init Dist = 12.806 | Init Dist 10 = 12.806 | Init Dist 100 = 12.806 | Init Dist 1000 = 12.806 | Learner Steps = 26856 | Learner Walltime = 5302.626 | Min Dist = 0.135 | Min Dist 10 = 0.631 | Min Dist 100 = 0.607 | Min Dist 1000 = 0.452 | Steps Per Second = 78.554 | Success = 1.000 | Success 1000 = 0.956
I0502 16:34:39.147449 139555860620864 terminal.py:91] [Actor] Actor Episodes = 34574 | Actor Steps = 1728700 | Delta Dist = 1.302 | Delta Dist 10 = 4.573 | Delta Dist 100 = 4.267 | Delta Dist 1000 = 4.315 | Episode Length = 50 | Episode Return = 30.0 | Evaluator Episodes = 8762 | Evaluator Steps = 438100 | Final Dist = 1.698 | Final Dist 10 = 1.341 | Final Dist 100 = 1.756 | Final Dist 1000 = 1.536 | Init Dist = 3.000 | Init Dist 10 = 5.915 | Init Dist 100 = 6.023 | Init Dist 1000 = 5.851 | Learner Steps = 26856 | Learner Walltime = 5302.626 | Min Dist = 0.021 | Min Dist 10 = 0.569 | Min Dist 100 = 0.387 | Min Dist 1000 = 0.231 | Steps Per Second = 81.400 | Success = 1.000 | Success 1000 = 0.992
I0502 16:34:39.679056 139555013154368 terminal.py:91] [Learner] Actor Episodes = 34579 | Actor Loss = 3.633181095123291 | Actor Steps = 1728950 | Binary Accuracy = 0.995908260345459 | Categorical Accuracy = 0.40313720703125 | Critic Loss = 1.885474443435669 | Entropy Mean = -21.8697452545166 | Evaluator Episodes = 8764 | Evaluator Steps = 438200 | Learner Steps = 26863 | Learner Walltime = 5303.869 | Logits Neg = -16.660297393798828 | Logits Pos = -1.843653917312622 | Logsumexp = 1.2030740976333618 | Steps Per Second = 171.121
I0502 16:34:39.831909 139557462840896 terminal.py:91] [Actor] Actor Episodes = 34581 | Actor Steps = 1729050 | Delta Dist = 2.981 | Delta Dist 10 = 4.020 | Delta Dist 100 = 4.180 | Delta Dist 1000 = 4.324 | Episode Length = 50 | Episode Return = 44.0 | Evaluator Episodes = 8764 | Evaluator Steps = 438200 | Final Dist = 0.019 | Final Dist 10 = 1.506 | Final Dist 100 = 1.760 | Final Dist 1000 = 1.530 | Init Dist = 3.000 | Init Dist 10 = 5.526 | Init Dist 100 = 5.939 | Init Dist 1000 = 5.854 | Learner Steps = 26863 | Learner Walltime = 5303.869 | Min Dist = 0.008 | Min Dist 10 = 0.542 | Min Dist 100 = 0.384 | Min Dist 1000 = 0.231 | Steps Per Second = 77.016 | Success = 1.000 | Success 1000 = 0.992
I0502 16:34:40.107438 139579566835264 terminal.py:91] [Evaluator] Actor Episodes = 34583 | Actor Steps = 1729150 | Delta Dist = 11.238 | Delta Dist 10 = 11.611 | Delta Dist 100 = 11.629 | Delta Dist 1000 = 11.664 | Episode Length = 50 | Episode Return = 15.0 | Evaluator Episodes = 8766 | Evaluator Steps = 438300 | Final Dist = 1.568 | Final Dist 10 = 1.195 | Final Dist 100 = 1.177 | Final Dist 1000 = 1.142 | Init Dist = 12.806 | Init Dist 10 = 12.806 | Init Dist 100 = 12.806 | Init Dist 1000 = 12.806 | Learner Steps = 26863 | Learner Walltime = 5303.869 | Min Dist = 0.119 | Min Dist 10 = 0.640 | Min Dist 100 = 0.559 | Min Dist 1000 = 0.452 | Steps Per Second = 82.093 | Success = 1.000 | Success 1000 = 0.956
I0502 16:34:41.488742 139579566835264 terminal.py:91] [Evaluator] Actor Episodes = 34591 | Actor Steps = 1729550 | Delta Dist = 11.881 | Delta Dist 10 = 11.381 | Delta Dist 100 = 11.665 | Delta Dist 1000 = 11.666 | Episode Length = 50 | Episode Return = 37.0 | Evaluator Episodes = 8768 | Evaluator Steps = 438400 | Final Dist = 0.925 | Final Dist 10 = 1.426 | Final Dist 100 = 1.141 | Final Dist 1000 = 1.140 | Init Dist = 12.806 | Init Dist 10 = 12.806 | Init Dist 100 = 12.806 | Init Dist 1000 = 12.806 | Learner Steps = 26870 | Learner Walltime = 5305.347 | Min Dist = 0.128 | Min Dist 10 = 0.638 | Min Dist 100 = 0.509 | Min Dist 1000 = 0.448 | Steps Per Second = 76.876 | Success = 1.000 | Success 1000 = 0.957
I0502 16:34:42.829437 139579566835264 terminal.py:91] [Evaluator] Actor Episodes = 34599 | Actor Steps = 1729950 | Delta Dist = 12.443 | Delta Dist 10 = 11.486 | Delta Dist 100 = 11.661 | Delta Dist 1000 = 11.666 | Episode Length = 50 | Episode Return = 30.0 | Evaluator Episodes = 8770 | Evaluator Steps = 438500 | Final Dist = 0.363 | Final Dist 10 = 1.320 | Final Dist 100 = 1.146 | Final Dist 1000 = 1.141 | Init Dist = 12.806 | Init Dist 10 = 12.806 | Init Dist 100 = 12.806 | Init Dist 1000 = 12.806 | Learner Steps = 26876 | Learner Walltime = 5306.627 | Min Dist = 0.243 | Min Dist 10 = 0.639 | Min Dist 100 = 0.510 | Min Dist 1000 = 0.448 | Steps Per Second = 77.460 | Success = 1.000 | Success 1000 = 0.957
I0502 16:34:43.978960 139579566835264 terminal.py:91] [Evaluator] Actor Episodes = 34607 | Actor Steps = 1730350 | Delta Dist = 11.723 | Delta Dist 10 = 11.463 | Delta Dist 100 = 11.683 | Delta Dist 1000 = 11.667 | Episode Length = 50 | Episode Return = 2.0 | Evaluator Episodes = 8772 | Evaluator Steps = 438600 | Final Dist = 1.083 | Final Dist 10 = 1.343 | Final Dist 100 = 1.123 | Final Dist 1000 = 1.139 | Init Dist = 12.806 | Init Dist 10 = 12.806 | Init Dist 100 = 12.806 | Init Dist 1000 = 12.806 | Learner Steps = 26883 | Learner Walltime = 5307.951 | Min Dist = 0.094 | Min Dist 10 = 0.636 | Min Dist 100 = 0.509 | Min Dist 1000 = 0.448 | Steps Per Second = 91.038 | Success = 1.000 | Success 1000 = 0.957
I0502 16:34:44.266263 139558059398720 terminal.py:91] [Actor] Actor Episodes = 34611 | Actor Steps = 1730550 | Delta Dist = 10.286 | Delta Dist 10 = 3.412 | Delta Dist 100 = 4.249 | Delta Dist 1000 = 4.295 | Episode Length = 50 | Episode Return = 35.0 | Evaluator Episodes = 8772 | Evaluator Steps = 438600 | Final Dist = 0.484 | Final Dist 10 = 2.233 | Final Dist 100 = 1.697 | Final Dist 1000 = 1.533 | Init Dist = 10.770 | Init Dist 10 = 5.645 | Init Dist 100 = 5.945 | Init Dist 1000 = 5.828 | Learner Steps = 26883 | Learner Walltime = 5307.951 | Min Dist = 0.223 | Min Dist 10 = 0.135 | Min Dist 100 = 0.236 | Min Dist 1000 = 0.230 | Steps Per Second = 78.810 | Success = 1.000 | Success 1000 = 0.992
I0502 16:34:44.758559 139584504182336 lp_utils.py:96] StepsLimiter: Reached 1730550 recorded steps
I0502 16:34:45.133292 139579566835264 terminal.py:91] [Evaluator] Actor Episodes = 34615 | Actor Steps = 1730750 | Delta Dist = 11.407 | Delta Dist 10 = 11.848 | Delta Dist 100 = 11.704 | Delta Dist 1000 = 11.666 | Episode Length = 50 | Episode Return = 5.0 | Evaluator Episodes = 8774 | Evaluator Steps = 438700 | Final Dist = 1.399 | Final Dist 10 = 0.958 | Final Dist 100 = 1.103 | Final Dist 1000 = 1.141 | Init Dist = 12.806 | Init Dist 10 = 12.806 | Init Dist 100 = 12.806 | Init Dist 1000 = 12.806 | Learner Steps = 26889 | Learner Walltime = 5309.157 | Min Dist = 0.217 | Min Dist 10 = 0.152 | Min Dist 100 = 0.473 | Min Dist 1000 = 0.448 | Steps Per Second = 85.406 | Success = 1.000 | Success 1000 = 0.957
I0502 16:34:46.463524 139579566835264 terminal.py:91] [Evaluator] Actor Episodes = 34623 | Actor Steps = 1731150 | Delta Dist = 11.736 | Delta Dist 10 = 11.878 | Delta Dist 100 = 11.704 | Delta Dist 1000 = 11.665 | Episode Length = 50 | Episode Return = 16.0 | Evaluator Episodes = 8776 | Evaluator Steps = 438800 | Final Dist = 1.070 | Final Dist 10 = 0.928 | Final Dist 100 = 1.102 | Final Dist 1000 = 1.141 | Init Dist = 12.806 | Init Dist 10 = 12.806 | Init Dist 100 = 12.806 | Init Dist 1000 = 12.806 | Learner Steps = 26894 | Learner Walltime = 5310.415 | Min Dist = 0.186 | Min Dist 10 = 0.135 | Min Dist 100 = 0.465 | Min Dist 1000 = 0.449 | Steps Per Second = 73.512 | Success = 1.000 | Success 1000 = 0.957
I0502 16:34:46.739593 139569349502528 terminal.py:91] [Actor] Actor Episodes = 34625 | Actor Steps = 1731250 | Delta Dist = 8.214 | Delta Dist 10 = 3.323 | Delta Dist 100 = 4.045 | Delta Dist 1000 = 4.270 | Episode Length = 50 | Episode Return = 27.0 | Evaluator Episodes = 8776 | Evaluator Steps = 438800 | Final Dist = 0.731 | Final Dist 10 = 2.668 | Final Dist 100 = 1.882 | Final Dist 1000 = 1.554 | Init Dist = 8.944 | Init Dist 10 = 5.991 | Init Dist 100 = 5.926 | Init Dist 1000 = 5.824 | Learner Steps = 26894 | Learner Walltime = 5310.415 | Min Dist = 0.063 | Min Dist 10 = 0.146 | Min Dist 100 = 0.227 | Min Dist 1000 = 0.231 | Steps Per Second = 78.748 | Success = 1.000 | Success 1000 = 0.992
I0502 16:34:47.659322 139579566835264 terminal.py:91] [Evaluator] Actor Episodes = 34631 | Actor Steps = 1731550 | Delta Dist = 11.916 | Delta Dist 10 = 11.914 | Delta Dist 100 = 11.687 | Delta Dist 1000 = 11.665 | Episode Length = 50 | Episode Return = 14.0 | Evaluator Episodes = 8778 | Evaluator Steps = 438900 | Final Dist = 0.890 | Final Dist 10 = 0.893 | Final Dist 100 = 1.119 | Final Dist 1000 = 1.141 | Init Dist = 12.806 | Init Dist 10 = 12.806 | Init Dist 100 = 12.806 | Init Dist 1000 = 12.806 | Learner Steps = 26901 | Learner Walltime = 5311.656 | Min Dist = 0.651 | Min Dist 10 = 0.145 | Min Dist 100 = 0.466 | Min Dist 1000 = 0.448 | Steps Per Second = 80.282 | Success = 1.000 | Success 1000 = 0.957
I0502 16:34:48.810553 139579566835264 terminal.py:91] [Evaluator] Actor Episodes = 34639 | Actor Steps = 1731950 | Delta Dist = 12.060 | Delta Dist 10 = 11.806 | Delta Dist 100 = 11.734 | Delta Dist 1000 = 11.666 | Episode Length = 50 | Episode Return = 26.0 | Evaluator Episodes = 8780 | Evaluator Steps = 439000 | Final Dist = 0.747 | Final Dist 10 = 1.000 | Final Dist 100 = 1.073 | Final Dist 1000 = 1.141 | Init Dist = 12.806 | Init Dist 10 = 12.806 | Init Dist 100 = 12.806 | Init Dist 1000 = 12.806 | Learner Steps = 26908 | Learner Walltime = 5312.956 | Min Dist = 0.052 | Min Dist 10 = 0.259 | Min Dist 100 = 0.429 | Min Dist 1000 = 0.449 | Steps Per Second = 88.216 | Success = 1.000 | Success 1000 = 0.957
I0502 16:34:49.262847 139555860620864 terminal.py:91] [Actor] Actor Episodes = 34640 | Actor Steps = 1732000 | Delta Dist = 1.508 | Delta Dist 10 = 4.199 | Delta Dist 100 = 4.207 | Delta Dist 1000 = 4.293 | Episode Length = 50 | Episode Return = 33.0 | Evaluator Episodes = 8778 | Evaluator Steps = 438900 | Final Dist = 0.492 | Final Dist 10 = 2.297 | Final Dist 100 = 1.752 | Final Dist 1000 = 1.544 | Init Dist = 2.000 | Init Dist 10 = 6.496 | Init Dist 100 = 5.960 | Init Dist 1000 = 5.837 | Learner Steps = 26901 | Learner Walltime = 5311.656 | Min Dist = 0.166 | Min Dist 10 = 0.159 | Min Dist 100 = 0.193 | Min Dist 1000 = 0.233 | Steps Per Second = 83.093 | Success = 1.000 | Success 1000 = 0.991
I0502 16:34:49.785518 139555013154368 terminal.py:91] [Learner] Actor Episodes = 34645 | Actor Loss = 3.7476630210876465 | Actor Steps = 1732250 | Binary Accuracy = 0.9959075450897217 | Categorical Accuracy = 0.4052734375 | Critic Loss = 1.855212688446045 | Entropy Mean = -22.213642120361328 | Evaluator Episodes = 8780 | Evaluator Steps = 439000 | Learner Steps = 26913 | Learner Walltime = 5313.984 | Logits Neg = -17.287826538085938 | Logits Pos = -1.8652143478393555 | Logsumexp = 1.187597632408142 | Steps Per Second = 159.582
I0502 16:34:49.844370 139579566835264 terminal.py:91] [Evaluator] Actor Episodes = 34645 | Actor Steps = 1732250 | Delta Dist = 11.704 | Delta Dist 10 = 11.717 | Delta Dist 100 = 11.735 | Delta Dist 1000 = 11.666 | Episode Length = 50 | Episode Return = 10.0 | Evaluator Episodes = 8782 | Evaluator Steps = 439100 | Final Dist = 1.102 | Final Dist 10 = 1.089 | Final Dist 100 = 1.071 | Final Dist 1000 = 1.140 | Init Dist = 12.806 | Init Dist 10 = 12.806 | Init Dist 100 = 12.806 | Init Dist 1000 = 12.806 | Learner Steps = 26913 | Learner Walltime = 5313.984 | Min Dist = 0.030 | Min Dist 10 = 0.253 | Min Dist 100 = 0.431 | Min Dist 1000 = 0.448 | Steps Per Second = 98.353 | Success = 1.000 | Success 1000 = 0.957
I0502 16:34:50.276329 139557462840896 terminal.py:91] [Actor] Actor Episodes = 34646 | Actor Steps = 1732300 | Delta Dist = 4.209 | Delta Dist 10 = 3.852 | Delta Dist 100 = 4.220 | Delta Dist 1000 = 4.293 | Episode Length = 50 | Episode Return = 36.0 | Evaluator Episodes = 8780 | Evaluator Steps = 439000 | Final Dist = 0.791 | Final Dist 10 = 1.437 | Final Dist 100 = 1.698 | Final Dist 1000 = 1.543 | Init Dist = 5.000 | Init Dist 10 = 5.289 | Init Dist 100 = 5.918 | Init Dist 1000 = 5.836 | Learner Steps = 26908 | Learner Walltime = 5312.956 | Min Dist = 0.024 | Min Dist 10 = 0.128 | Min Dist 100 = 0.194 | Min Dist 1000 = 0.231 | Steps Per Second = 82.601 | Success = 1.000 | Success 1000 = 0.991
I0502 16:34:51.051626 139579566835264 terminal.py:91] [Evaluator] Actor Episodes = 34653 | Actor Steps = 1732650 | Delta Dist = 11.738 | Delta Dist 10 = 11.680 | Delta Dist 100 = 11.720 | Delta Dist 1000 = 11.666 | Episode Length = 50 | Episode Return = 24.0 | Evaluator Episodes = 8784 | Evaluator Steps = 439200 | Final Dist = 1.068 | Final Dist 10 = 1.127 | Final Dist 100 = 1.087 | Final Dist 1000 = 1.140 | Init Dist = 12.806 | Init Dist 10 = 12.806 | Init Dist 100 = 12.806 | Init Dist 1000 = 12.806 | Learner Steps = 26920 | Learner Walltime = 5315.197 | Min Dist = 0.035 | Min Dist 10 = 0.237 | Min Dist 100 = 0.430 | Min Dist 1000 = 0.448 | Steps Per Second = 77.019 | Success = 1.000 | Success 1000 = 0.957
I0502 16:34:52.215898 139579566835264 terminal.py:91] [Evaluator] Actor Episodes = 34661 | Actor Steps = 1733050 | Delta Dist = 12.539 | Delta Dist 10 = 11.661 | Delta Dist 100 = 11.710 | Delta Dist 1000 = 11.665 | Episode Length = 50 | Episode Return = 21.0 | Evaluator Episodes = 8786 | Evaluator Steps = 439300 | Final Dist = 0.267 | Final Dist 10 = 1.145 | Final Dist 100 = 1.097 | Final Dist 1000 = 1.142 | Init Dist = 12.806 | Init Dist 10 = 12.806 | Init Dist 100 = 12.806 | Init Dist 1000 = 12.806 | Learner Steps = 26920 | Learner Walltime = 5315.197 | Min Dist = 0.077 | Min Dist 10 = 0.237 | Min Dist 100 = 0.429 | Min Dist 1000 = 0.448 | Steps Per Second = 90.891 | Success = 1.000 | Success 1000 = 0.957
I0502 16:34:53.341414 139579566835264 terminal.py:91] [Evaluator] Actor Episodes = 34667 | Actor Steps = 1733350 | Delta Dist = 11.684 | Delta Dist 10 = 11.737 | Delta Dist 100 = 11.703 | Delta Dist 1000 = 11.664 | Episode Length = 50 | Episode Return = 1.0 | Evaluator Episodes = 8788 | Evaluator Steps = 439400 | Final Dist = 1.122 | Final Dist 10 = 1.069 | Final Dist 100 = 1.103 | Final Dist 1000 = 1.142 | Init Dist = 12.806 | Init Dist 10 = 12.806 | Init Dist 100 = 12.806 | Init Dist 1000 = 12.806 | Learner Steps = 26926 | Learner Walltime = 5316.440 | Min Dist = 0.660 | Min Dist 10 = 0.218 | Min Dist 100 = 0.429 | Min Dist 1000 = 0.447 | Steps Per Second = 87.782 | Success = 1.000 | Success 1000 = 0.957
I0502 16:34:54.557408 139558059398720 terminal.py:91] [Actor] Actor Episodes = 34674 | Actor Steps = 1733700 | Delta Dist = 3.039 | Delta Dist 10 = 4.582 | Delta Dist 100 = 4.177 | Delta Dist 1000 = 4.269 | Episode Length = 50 | Episode Return = 10.0 | Evaluator Episodes = 8788 | Evaluator Steps = 439400 | Final Dist = 1.433 | Final Dist 10 = 2.527 | Final Dist 100 = 2.003 | Final Dist 1000 = 1.571 | Init Dist = 4.472 | Init Dist 10 = 7.109 | Init Dist 100 = 6.180 | Init Dist 1000 = 5.840 | Learner Steps = 26933 | Learner Walltime = 5317.746 | Min Dist = 0.118 | Min Dist 10 = 0.090 | Min Dist 100 = 0.239 | Min Dist 1000 = 0.236 | Steps Per Second = 86.704 | Success = 1.000 | Success 1000 = 0.991
I0502 16:34:54.576827 139579566835264 terminal.py:91] [Evaluator] Actor Episodes = 34675 | Actor Steps = 1733750 | Delta Dist = 11.429 | Delta Dist 10 = 11.782 | Delta Dist 100 = 11.701 | Delta Dist 1000 = 11.665 | Episode Length = 50 | Episode Return = 11.0 | Evaluator Episodes = 8790 | Evaluator Steps = 439500 | Final Dist = 1.377 | Final Dist 10 = 1.024 | Final Dist 100 = 1.105 | Final Dist 1000 = 1.141 | Init Dist = 12.806 | Init Dist 10 = 12.806 | Init Dist 100 = 12.806 | Init Dist 1000 = 12.806 | Learner Steps = 26933 | Learner Walltime = 5317.746 | Min Dist = 0.241 | Min Dist 10 = 0.208 | Min Dist 100 = 0.437 | Min Dist 1000 = 0.447 | Steps Per Second = 77.025 | Success = 1.000 | Success 1000 = 0.957
I0502 16:34:54.776450 139584504182336 lp_utils.py:96] StepsLimiter: Reached 1733850 recorded steps
I0502 16:34:55.836424 139579566835264 terminal.py:91] [Evaluator] Actor Episodes = 34683 | Actor Steps = 1734150 | Delta Dist = 11.462 | Delta Dist 10 = 11.675 | Delta Dist 100 = 11.752 | Delta Dist 1000 = 11.664 | Episode Length = 50 | Episode Return = 13.0 | Evaluator Episodes = 8792 | Evaluator Steps = 439600 | Final Dist = 1.344 | Final Dist 10 = 1.131 | Final Dist 100 = 1.055 | Final Dist 1000 = 1.142 | Init Dist = 12.806 | Init Dist 10 = 12.806 | Init Dist 100 = 12.806 | Init Dist 1000 = 12.806 | Learner Steps = 26939 | Learner Walltime = 5319.015 | Min Dist = 0.042 | Min Dist 10 = 0.216 | Min Dist 100 = 0.384 | Min Dist 1000 = 0.447 | Steps Per Second = 77.320 | Success = 1.000 | Success 1000 = 0.957
I0502 16:34:57.086476 139579566835264 terminal.py:91] [Evaluator] Actor Episodes = 34691 | Actor Steps = 1734550 | Delta Dist = 12.680 | Delta Dist 10 = 11.770 | Delta Dist 100 = 11.803 | Delta Dist 1000 = 11.664 | Episode Length = 50 | Episode Return = 6.0 | Evaluator Episodes = 8794 | Evaluator Steps = 439700 | Final Dist = 0.126 | Final Dist 10 = 1.036 | Final Dist 100 = 1.003 | Final Dist 1000 = 1.142 | Init Dist = 12.806 | Init Dist 10 = 12.806 | Init Dist 100 = 12.806 | Init Dist 1000 = 12.806 | Learner Steps = 26945 | Learner Walltime = 5320.165 | Min Dist = 0.126 | Min Dist 10 = 0.216 | Min Dist 100 = 0.333 | Min Dist 1000 = 0.446 | Steps Per Second = 83.154 | Success = 1.000 | Success 1000 = 0.957
I0502 16:34:57.178891 139569349502528 terminal.py:91] [Actor] Actor Episodes = 34690 | Actor Steps = 1734500 | Delta Dist = 5.260 | Delta Dist 10 = 3.803 | Delta Dist 100 = 4.063 | Delta Dist 1000 = 4.273 | Episode Length = 50 | Episode Return = 46.0 | Evaluator Episodes = 8792 | Evaluator Steps = 439600 | Final Dist = 0.125 | Final Dist 10 = 1.089 | Final Dist 100 = 1.959 | Final Dist 1000 = 1.560 | Init Dist = 5.385 | Init Dist 10 = 4.892 | Init Dist 100 = 6.022 | Init Dist 1000 = 5.833 | Learner Steps = 26945 | Learner Walltime = 5320.165 | Min Dist = 0.053 | Min Dist 10 = 0.086 | Min Dist 100 = 0.208 | Min Dist 1000 = 0.223 | Steps Per Second = 77.643 | Success = 1.000 | Success 1000 = 0.992
I0502 16:34:58.291989 139579566835264 terminal.py:91] [Evaluator] Actor Episodes = 34699 | Actor Steps = 1734950 | Delta Dist = 11.186 | Delta Dist 10 = 11.855 | Delta Dist 100 = 11.810 | Delta Dist 1000 = 11.666 | Episode Length = 50 | Episode Return = 15.0 | Evaluator Episodes = 8796 | Evaluator Steps = 439800 | Final Dist = 1.620 | Final Dist 10 = 0.951 | Final Dist 100 = 0.997 | Final Dist 1000 = 1.140 | Init Dist = 12.806 | Init Dist 10 = 12.806 | Init Dist 100 = 12.806 | Init Dist 1000 = 12.806 | Learner Steps = 26951 | Learner Walltime = 5321.475 | Min Dist = 0.331 | Min Dist 10 = 0.218 | Min Dist 100 = 0.334 | Min Dist 1000 = 0.446 | Steps Per Second = 80.801 | Success = 1.000 | Success 1000 = 0.957
I0502 16:34:59.404961 139579566835264 terminal.py:91] [Evaluator] Actor Episodes = 34707 | Actor Steps = 1735350 | Delta Dist = 11.472 | Delta Dist 10 = 11.731 | Delta Dist 100 = 11.790 | Delta Dist 1000 = 11.666 | Episode Length = 50 | Episode Return = 2.0 | Evaluator Episodes = 8798 | Evaluator Steps = 439900 | Final Dist = 1.334 | Final Dist 10 = 1.075 | Final Dist 100 = 1.016 | Final Dist 1000 = 1.141 | Init Dist = 12.806 | Init Dist 10 = 12.806 | Init Dist 100 = 12.806 | Init Dist 1000 = 12.806 | Learner Steps = 26958 | Learner Walltime = 5322.789 | Min Dist = 0.613 | Min Dist 10 = 0.254 | Min Dist 100 = 0.336 | Min Dist 1000 = 0.446 | Steps Per Second = 93.296 | Success = 1.000 | Success 1000 = 0.957
I0502 16:34:59.820362 139555860620864 terminal.py:91] [Actor] Actor Episodes = 34711 | Actor Steps = 1735550 | Delta Dist = 5.554 | Delta Dist 10 = 6.452 | Delta Dist 100 = 4.117 | Delta Dist 1000 = 4.280 | Episode Length = 50 | Episode Return = 24.0 | Evaluator Episodes = 8798 | Evaluator Steps = 439900 | Final Dist = 2.062 | Final Dist 10 = 0.366 | Final Dist 100 = 1.993 | Final Dist 1000 = 1.557 | Init Dist = 7.616 | Init Dist 10 = 6.818 | Init Dist 100 = 6.110 | Init Dist 1000 = 5.837 | Learner Steps = 26963 | Learner Walltime = 5323.900 | Min Dist = 0.018 | Min Dist 10 = 0.086 | Min Dist 100 = 0.352 | Min Dist 1000 = 0.237 | Steps Per Second = 84.243 | Success = 1.000 | Success 1000 = 0.992
I0502 16:34:59.828340 139555013154368 terminal.py:91] [Learner] Actor Episodes = 34707 | Actor Loss = 3.6679444313049316 | Actor Steps = 1735350 | Binary Accuracy = 0.9960525035858154 | Categorical Accuracy = 0.4306640625 | Critic Loss = 1.7666248083114624 | Entropy Mean = -20.34298324584961 | Evaluator Episodes = 8798 | Evaluator Steps = 439900 | Learner Steps = 26965 | Learner Walltime = 5324.029 | Logits Neg = -17.169513702392578 | Logits Pos = -1.7482178211212158 | Logsumexp = 1.0447802543640137 | Steps Per Second = 1382.776
I0502 16:35:00.320045 139557462840896 terminal.py:91] [Actor] Actor Episodes = 34710 | Actor Steps = 1735500 | Delta Dist = 3.210 | Delta Dist 10 = 5.678 | Delta Dist 100 = 4.111 | Delta Dist 1000 = 4.280 | Episode Length = 50 | Episode Return = 27.0 | Evaluator Episodes = 8798 | Evaluator Steps = 439900 | Final Dist = 0.396 | Final Dist 10 = 1.290 | Final Dist 100 = 1.967 | Final Dist 1000 = 1.561 | Init Dist = 3.606 | Init Dist 10 = 6.968 | Init Dist 100 = 6.078 | Init Dist 1000 = 5.840 | Learner Steps = 26963 | Learner Walltime = 5323.900 | Min Dist = 0.396 | Min Dist 10 = 0.079 | Min Dist 100 = 0.352 | Min Dist 1000 = 0.236 | Steps Per Second = 81.933 | Success = 1.000 | Success 1000 = 0.992
I0502 16:35:00.558007 139579566835264 terminal.py:91] [Evaluator] Actor Episodes = 34715 | Actor Steps = 1735750 | Delta Dist = 11.446 | Delta Dist 10 = 11.678 | Delta Dist 100 = 11.782 | Delta Dist 1000 = 11.666 | Episode Length = 50 | Episode Return = 1.0 | Evaluator Episodes = 8800 | Evaluator Steps = 440000 | Final Dist = 1.360 | Final Dist 10 = 1.128 | Final Dist 100 = 1.024 | Final Dist 1000 = 1.140 | Init Dist = 12.806 | Init Dist 10 = 12.806 | Init Dist 100 = 12.806 | Init Dist 1000 = 12.806 | Learner Steps = 26963 | Learner Walltime = 5323.900 | Min Dist = 0.206 | Min Dist 10 = 0.198 | Min Dist 100 = 0.341 | Min Dist 1000 = 0.446 | Steps Per Second = 92.842 | Success = 1.000 | Success 1000 = 0.957
I0502 16:35:01.811039 139579566835264 terminal.py:91] [Evaluator] Actor Episodes = 34724 | Actor Steps = 1736200 | Delta Dist = 12.583 | Delta Dist 10 = 11.730 | Delta Dist 100 = 11.781 | Delta Dist 1000 = 11.666 | Episode Length = 50 | Episode Return = 24.0 | Evaluator Episodes = 8802 | Evaluator Steps = 440100 | Final Dist = 0.223 | Final Dist 10 = 1.076 | Final Dist 100 = 1.026 | Final Dist 1000 = 1.140 | Init Dist = 12.806 | Init Dist 10 = 12.806 | Init Dist 100 = 12.806 | Init Dist 1000 = 12.806 | Learner Steps = 26970 | Learner Walltime = 5325.152 | Min Dist = 0.020 | Min Dist 10 = 0.209 | Min Dist 100 = 0.338 | Min Dist 1000 = 0.445 | Steps Per Second = 84.946 | Success = 1.000 | Success 1000 = 0.957
I0502 16:35:03.045350 139579566835264 terminal.py:91] [Evaluator] Actor Episodes = 34732 | Actor Steps = 1736600 | Delta Dist = 12.192 | Delta Dist 10 = 11.808 | Delta Dist 100 = 11.775 | Delta Dist 1000 = 11.666 | Episode Length = 50 | Episode Return = 17.0 | Evaluator Episodes = 8804 | Evaluator Steps = 440200 | Final Dist = 0.614 | Final Dist 10 = 0.999 | Final Dist 100 = 1.031 | Final Dist 1000 = 1.140 | Init Dist = 12.806 | Init Dist 10 = 12.806 | Init Dist 100 = 12.806 | Init Dist 1000 = 12.806 | Learner Steps = 26976 | Learner Walltime = 5326.419 | Min Dist = 0.259 | Min Dist 10 = 0.215 | Min Dist 100 = 0.339 | Min Dist 1000 = 0.445 | Steps Per Second = 83.972 | Success = 1.000 | Success 1000 = 0.957
I0502 16:35:04.255278 139579566835264 terminal.py:91] [Evaluator] Actor Episodes = 34740 | Actor Steps = 1737000 | Delta Dist = 12.171 | Delta Dist 10 = 11.790 | Delta Dist 100 = 11.774 | Delta Dist 1000 = 11.667 | Episode Length = 50 | Episode Return = 19.0 | Evaluator Episodes = 8806 | Evaluator Steps = 440300 | Final Dist = 0.635 | Final Dist 10 = 1.016 | Final Dist 100 = 1.032 | Final Dist 1000 = 1.140 | Init Dist = 12.806 | Init Dist 10 = 12.806 | Init Dist 100 = 12.806 | Init Dist 1000 = 12.806 | Learner Steps = 26983 | Learner Walltime = 5327.785 | Min Dist = 0.422 | Min Dist 10 = 0.263 | Min Dist 100 = 0.345 | Min Dist 1000 = 0.445 | Steps Per Second = 76.080 | Success = 1.000 | Success 1000 = 0.957
I0502 16:35:04.754030 139558059398720 terminal.py:91] [Actor] Actor Episodes = 34741 | Actor Steps = 1737050 | Delta Dist = 7.964 | Delta Dist 10 = 5.223 | Delta Dist 100 = 4.256 | Delta Dist 1000 = 4.301 | Episode Length = 50 | Episode Return = 36.0 | Evaluator Episodes = 8804 | Evaluator Steps = 440200 | Final Dist = 0.098 | Final Dist 10 = 0.483 | Final Dist 100 = 1.626 | Final Dist 1000 = 1.556 | Init Dist = 8.062 | Init Dist 10 = 5.705 | Init Dist 100 = 5.883 | Init Dist 1000 = 5.858 | Learner Steps = 26983 | Learner Walltime = 5327.785 | Min Dist = 0.080 | Min Dist 10 = 0.115 | Min Dist 100 = 0.354 | Min Dist 1000 = 0.233 | Steps Per Second = 83.092 | Success = 1.000 | Success 1000 = 0.991
I0502 16:35:04.792863 139584504182336 lp_utils.py:96] StepsLimiter: Reached 1737100 recorded steps
I0502 16:35:05.489056 139579566835264 terminal.py:91] [Evaluator] Actor Episodes = 34748 | Actor Steps = 1737400 | Delta Dist = 12.210 | Delta Dist 10 = 11.922 | Delta Dist 100 = 11.783 | Delta Dist 1000 = 11.667 | Episode Length = 50 | Episode Return = 27.0 | Evaluator Episodes = 8808 | Evaluator Steps = 440400 | Final Dist = 0.597 | Final Dist 10 = 0.884 | Final Dist 100 = 1.023 | Final Dist 1000 = 1.139 | Init Dist = 12.806 | Init Dist 10 = 12.806 | Init Dist 100 = 12.806 | Init Dist 1000 = 12.806 | Learner Steps = 26988 | Learner Walltime = 5328.801 | Min Dist = 0.147 | Min Dist 10 = 0.280 | Min Dist 100 = 0.344 | Min Dist 1000 = 0.445 | Steps Per Second = 78.050 | Success = 1.000 | Success 1000 = 0.957
I0502 16:35:06.734927 139579566835264 terminal.py:91] [Evaluator] Actor Episodes = 34756 | Actor Steps = 1737800 | Delta Dist = 12.618 | Delta Dist 10 = 11.994 | Delta Dist 100 = 11.823 | Delta Dist 1000 = 11.667 | Episode Length = 50 | Episode Return = 25.0 | Evaluator Episodes = 8810 | Evaluator Steps = 440500 | Final Dist = 0.188 | Final Dist 10 = 0.812 | Final Dist 100 = 0.983 | Final Dist 1000 = 1.140 | Init Dist = 12.806 | Init Dist 10 = 12.806 | Init Dist 100 = 12.806 | Init Dist 1000 = 12.806 | Learner Steps = 27000 | Learner Walltime = 5330.923 | Min Dist = 0.079 | Min Dist 10 = 0.246 | Min Dist 100 = 0.299 | Min Dist 1000 = 0.445 | Steps Per Second = 84.269 | Success = 1.000 | Success 1000 = 0.957
I0502 16:35:07.207952 139569349502528 terminal.py:91] [Actor] Actor Episodes = 34757 | Actor Steps = 1737850 | Delta Dist = 4.260 | Delta Dist 10 = 3.243 | Delta Dist 100 = 4.085 | Delta Dist 1000 = 4.275 | Episode Length = 50 | Episode Return = 30.0 | Evaluator Episodes = 8808 | Evaluator Steps = 440400 | Final Dist = 0.839 | Final Dist 10 = 3.828 | Final Dist 100 = 1.793 | Final Dist 1000 = 1.590 | Init Dist = 5.099 | Init Dist 10 = 7.071 | Init Dist 100 = 5.878 | Init Dist 1000 = 5.866 | Learner Steps = 26995 | Learner Walltime = 5329.845 | Min Dist = 0.381 | Min Dist 10 = 0.618 | Min Dist 100 = 0.355 | Min Dist 1000 = 0.242 | Steps Per Second = 76.580 | Success = 1.000 | Success 1000 = 0.991
I0502 16:35:08.070023 139579566835264 terminal.py:91] [Evaluator] Actor Episodes = 34764 | Actor Steps = 1738200 | Delta Dist = 12.567 | Delta Dist 10 = 12.100 | Delta Dist 100 = 11.831 | Delta Dist 1000 = 11.667 | Episode Length = 50 | Episode Return = 29.0 | Evaluator Episodes = 8812 | Evaluator Steps = 440600 | Final Dist = 0.239 | Final Dist 10 = 0.706 | Final Dist 100 = 0.975 | Final Dist 1000 = 1.139 | Init Dist = 12.806 | Init Dist 10 = 12.806 | Init Dist 100 = 12.806 | Init Dist 1000 = 12.806 | Learner Steps = 27004 | Learner Walltime = 5332.010 | Min Dist = 0.105 | Min Dist 10 = 0.285 | Min Dist 100 = 0.306 | Min Dist 1000 = 0.446 | Steps Per Second = 75.819 | Success = 1.000 | Success 1000 = 0.957
I0502 16:35:09.385532 139579566835264 terminal.py:91] [Evaluator] Actor Episodes = 34772 | Actor Steps = 1738600 | Delta Dist = 11.748 | Delta Dist 10 = 12.112 | Delta Dist 100 = 11.843 | Delta Dist 1000 = 11.669 | Episode Length = 50 | Episode Return = 24.0 | Evaluator Episodes = 8814 | Evaluator Steps = 440700 | Final Dist = 1.058 | Final Dist 10 = 0.694 | Final Dist 100 = 0.963 | Final Dist 1000 = 1.138 | Init Dist = 12.806 | Init Dist 10 = 12.806 | Init Dist 100 = 12.806 | Init Dist 1000 = 12.806 | Learner Steps = 27011 | Learner Walltime = 5333.384 | Min Dist = 0.110 | Min Dist 10 = 0.280 | Min Dist 100 = 0.306 | Min Dist 1000 = 0.446 | Steps Per Second = 73.602 | Success = 1.000 | Success 1000 = 0.957
I0502 16:35:09.831535 139555860620864 terminal.py:91] [Actor] Actor Episodes = 34773 | Actor Steps = 1738650 | Delta Dist = 7.486 | Delta Dist 10 = 5.210 | Delta Dist 100 = 4.277 | Delta Dist 1000 = 4.300 | Episode Length = 50 | Episode Return = 21.0 | Evaluator Episodes = 8812 | Evaluator Steps = 440600 | Final Dist = 0.999 | Final Dist 10 = 1.762 | Final Dist 100 = 1.661 | Final Dist 1000 = 1.587 | Init Dist = 8.485 | Init Dist 10 = 6.971 | Init Dist 100 = 5.937 | Init Dist 1000 = 5.887 | Learner Steps = 27004 | Learner Walltime = 5332.010 | Min Dist = 0.122 | Min Dist 10 = 0.244 | Min Dist 100 = 0.368 | Min Dist 1000 = 0.244 | Steps Per Second = 74.358 | Success = 1.000 | Success 1000 = 0.991
I0502 16:35:09.906384 139555013154368 terminal.py:91] [Learner] Actor Episodes = 34772 | Actor Loss = 3.627293109893799 | Actor Steps = 1738600 | Binary Accuracy = 0.9958865642547607 | Categorical Accuracy = 0.39093017578125 | Critic Loss = 1.8842238187789917 | Entropy Mean = -21.28940200805664 | Evaluator Episodes = 8812 | Evaluator Steps = 440600 | Learner Steps = 27015 | Learner Walltime = 5334.102 | Logits Neg = -17.013450622558594 | Logits Pos = -1.8574779033660889 | Logsumexp = 1.2148884534835815 | Steps Per Second = 251.690
I0502 16:35:10.169510 139584635659840 savers.py:156] Saving checkpoint: logs/contrastive_cpc_point_FourRooms_64/5dd72662-2788-11f0-b183-d85ed38c5779/checkpoints/counter
I0502 16:35:10.773606 139579566835264 terminal.py:91] [Evaluator] Actor Episodes = 34780 | Actor Steps = 1739000 | Delta Dist = 11.936 | Delta Dist 10 = 12.031 | Delta Dist 100 = 11.844 | Delta Dist 1000 = 11.668 | Episode Length = 50 | Episode Return = 21.0 | Evaluator Episodes = 8816 | Evaluator Steps = 440800 | Final Dist = 0.870 | Final Dist 10 = 0.775 | Final Dist 100 = 0.963 | Final Dist 1000 = 1.138 | Init Dist = 12.806 | Init Dist 10 = 12.806 | Init Dist 100 = 12.806 | Init Dist 1000 = 12.806 | Learner Steps = 27017 | Learner Walltime = 5334.553 | Min Dist = 0.063 | Min Dist 10 = 0.232 | Min Dist 100 = 0.306 | Min Dist 1000 = 0.446 | Steps Per Second = 70.832 | Success = 1.000 | Success 1000 = 0.957
I0502 16:35:10.925532 139557462840896 terminal.py:91] [Actor] Actor Episodes = 34782 | Actor Steps = 1739100 | Delta Dist = -0.171 | Delta Dist 10 = 4.003 | Delta Dist 100 = 4.236 | Delta Dist 1000 = 4.309 | Episode Length = 50 | Episode Return = 43.0 | Evaluator Episodes = 8816 | Evaluator Steps = 440800 | Final Dist = 1.171 | Final Dist 10 = 3.162 | Final Dist 100 = 1.765 | Final Dist 1000 = 1.582 | Init Dist = 1.000 | Init Dist 10 = 7.165 | Init Dist 100 = 6.001 | Init Dist 1000 = 5.891 | Learner Steps = 27017 | Learner Walltime = 5334.553 | Min Dist = 0.097 | Min Dist 10 = 0.251 | Min Dist 100 = 0.368 | Min Dist 1000 = 0.244 | Steps Per Second = 72.795 | Success = 1.000 | Success 1000 = 0.991
I0502 16:35:12.077524 139579566835264 terminal.py:91] [Evaluator] Actor Episodes = 34788 | Actor Steps = 1739400 | Delta Dist = 12.405 | Delta Dist 10 = 11.932 | Delta Dist 100 = 11.819 | Delta Dist 1000 = 11.668 | Episode Length = 50 | Episode Return = 23.0 | Evaluator Episodes = 8818 | Evaluator Steps = 440900 | Final Dist = 0.401 | Final Dist 10 = 0.874 | Final Dist 100 = 0.987 | Final Dist 1000 = 1.138 | Init Dist = 12.806 | Init Dist 10 = 12.806 | Init Dist 100 = 12.806 | Init Dist 1000 = 12.806 | Learner Steps = 27022 | Learner Walltime = 5336.053 | Min Dist = 0.165 | Min Dist 10 = 0.240 | Min Dist 100 = 0.312 | Min Dist 1000 = 0.446 | Steps Per Second = 79.252 | Success = 1.000 | Success 1000 = 0.957
I0502 16:35:13.425782 139579566835264 terminal.py:91] [Evaluator] Actor Episodes = 34796 | Actor Steps = 1739800 | Delta Dist = 12.230 | Delta Dist 10 = 11.984 | Delta Dist 100 = 11.821 | Delta Dist 1000 = 11.669 | Episode Length = 50 | Episode Return = 16.0 | Evaluator Episodes = 8820 | Evaluator Steps = 441000 | Final Dist = 0.576 | Final Dist 10 = 0.822 | Final Dist 100 = 0.986 | Final Dist 1000 = 1.137 | Init Dist = 12.806 | Init Dist 10 = 12.806 | Init Dist 100 = 12.806 | Init Dist 1000 = 12.806 | Learner Steps = 27029 | Learner Walltime = 5337.419 | Min Dist = 0.408 | Min Dist 10 = 0.247 | Min Dist 100 = 0.313 | Min Dist 1000 = 0.445 | Steps Per Second = 73.372 | Success = 1.000 | Success 1000 = 0.957
I0502 16:35:14.650367 139579566835264 terminal.py:91] [Evaluator] Actor Episodes = 34804 | Actor Steps = 1740200 | Delta Dist = 12.623 | Delta Dist 10 = 11.912 | Delta Dist 100 = 11.811 | Delta Dist 1000 = 11.669 | Episode Length = 50 | Episode Return = 20.0 | Evaluator Episodes = 8822 | Evaluator Steps = 441100 | Final Dist = 0.183 | Final Dist 10 = 0.895 | Final Dist 100 = 0.995 | Final Dist 1000 = 1.138 | Init Dist = 12.806 | Init Dist 10 = 12.806 | Init Dist 100 = 12.806 | Init Dist 1000 = 12.806 | Learner Steps = 27035 | Learner Walltime = 5338.560 | Min Dist = 0.079 | Min Dist 10 = 0.210 | Min Dist 100 = 0.316 | Min Dist 1000 = 0.445 | Steps Per Second = 84.683 | Success = 1.000 | Success 1000 = 0.957
I0502 16:35:14.812350 139584504182336 lp_utils.py:96] StepsLimiter: Reached 1740200 recorded steps
I0502 16:35:15.130213 139558059398720 terminal.py:91] [Actor] Actor Episodes = 34805 | Actor Steps = 1740250 | Delta Dist = 10.211 | Delta Dist 10 = 5.427 | Delta Dist 100 = 4.369 | Delta Dist 1000 = 4.294 | Episode Length = 50 | Episode Return = 42.0 | Evaluator Episodes = 8820 | Evaluator Steps = 441000 | Final Dist = 0.084 | Final Dist 10 = 1.404 | Final Dist 100 = 1.793 | Final Dist 1000 = 1.594 | Init Dist = 10.296 | Init Dist 10 = 6.831 | Init Dist 100 = 6.162 | Init Dist 1000 = 5.888 | Learner Steps = 27035 | Learner Walltime = 5338.560 | Min Dist = 0.057 | Min Dist 10 = 0.667 | Min Dist 100 = 0.316 | Min Dist 1000 = 0.253 | Steps Per Second = 78.511 | Success = 1.000 | Success 1000 = 0.990
I0502 16:35:15.982724 139579566835264 terminal.py:91] [Evaluator] Actor Episodes = 34812 | Actor Steps = 1740600 | Delta Dist = 12.442 | Delta Dist 10 = 11.885 | Delta Dist 100 = 11.820 | Delta Dist 1000 = 11.669 | Episode Length = 50 | Episode Return = 3.0 | Evaluator Episodes = 8824 | Evaluator Steps = 441200 | Final Dist = 0.364 | Final Dist 10 = 0.921 | Final Dist 100 = 0.986 | Final Dist 1000 = 1.137 | Init Dist = 12.806 | Init Dist 10 = 12.806 | Init Dist 100 = 12.806 | Init Dist 1000 = 12.806 | Learner Steps = 27041 | Learner Walltime = 5339.782 | Min Dist = 0.364 | Min Dist 10 = 0.208 | Min Dist 100 = 0.317 | Min Dist 1000 = 0.444 | Steps Per Second = 71.836 | Success = 1.000 | Success 1000 = 0.957
I0502 16:35:17.139192 139583350109760 savers.py:156] Saving checkpoint: logs/contrastive_cpc_point_FourRooms_64/5dd72662-2788-11f0-b183-d85ed38c5779/checkpoints/learner
I0502 16:35:17.211040 139579566835264 terminal.py:91] [Evaluator] Actor Episodes = 34820 | Actor Steps = 1741000 | Delta Dist = 12.247 | Delta Dist 10 = 12.051 | Delta Dist 100 = 11.823 | Delta Dist 1000 = 11.671 | Episode Length = 50 | Episode Return = 19.0 | Evaluator Episodes = 8826 | Evaluator Steps = 441300 | Final Dist = 0.559 | Final Dist 10 = 0.755 | Final Dist 100 = 0.984 | Final Dist 1000 = 1.135 | Init Dist = 12.806 | Init Dist 10 = 12.806 | Init Dist 100 = 12.806 | Init Dist 1000 = 12.806 | Learner Steps = 27047 | Learner Walltime = 5341.086 | Min Dist = 0.104 | Min Dist 10 = 0.231 | Min Dist 100 = 0.320 | Min Dist 1000 = 0.445 | Steps Per Second = 82.205 | Success = 1.000 | Success 1000 = 0.957
I0502 16:35:17.765964 139569349502528 terminal.py:91] [Actor] Actor Episodes = 34819 | Actor Steps = 1740950 | Delta Dist = 4.789 | Delta Dist 10 = 5.996 | Delta Dist 100 = 4.540 | Delta Dist 1000 = 4.315 | Episode Length = 50 | Episode Return = 28.0 | Evaluator Episodes = 8824 | Evaluator Steps = 441200 | Final Dist = 1.211 | Final Dist 10 = 0.612 | Final Dist 100 = 1.748 | Final Dist 1000 = 1.583 | Init Dist = 6.000 | Init Dist 10 = 6.607 | Init Dist 100 = 6.288 | Init Dist 1000 = 5.898 | Learner Steps = 27047 | Learner Walltime = 5341.086 | Min Dist = 0.004 | Min Dist 10 = 0.084 | Min Dist 100 = 0.323 | Min Dist 1000 = 0.255 | Steps Per Second = 68.461 | Success = 1.000 | Success 1000 = 0.989
I0502 16:35:18.442253 139579566835264 terminal.py:91] [Evaluator] Actor Episodes = 34826 | Actor Steps = 1741300 | Delta Dist = 11.517 | Delta Dist 10 = 12.141 | Delta Dist 100 = 11.823 | Delta Dist 1000 = 11.670 | Episode Length = 50 | Episode Return = 23.0 | Evaluator Episodes = 8828 | Evaluator Steps = 441400 | Final Dist = 1.289 | Final Dist 10 = 0.666 | Final Dist 100 = 0.983 | Final Dist 1000 = 1.136 | Init Dist = 12.806 | Init Dist 10 = 12.806 | Init Dist 100 = 12.806 | Init Dist 1000 = 12.806 | Learner Steps = 27052 | Learner Walltime = 5342.100 | Min Dist = 0.252 | Min Dist 10 = 0.222 | Min Dist 100 = 0.322 | Min Dist 1000 = 0.445 | Steps Per Second = 84.445 | Success = 1.000 | Success 1000 = 0.957
I0502 16:35:19.622614 139579566835264 terminal.py:91] [Evaluator] Actor Episodes = 34832 | Actor Steps = 1741600 | Delta Dist = 11.576 | Delta Dist 10 = 11.936 | Delta Dist 100 = 11.801 | Delta Dist 1000 = 11.669 | Episode Length = 50 | Episode Return = 1.0 | Evaluator Episodes = 8830 | Evaluator Steps = 441500 | Final Dist = 1.231 | Final Dist 10 = 0.870 | Final Dist 100 = 1.005 | Final Dist 1000 = 1.137 | Init Dist = 12.806 | Init Dist 10 = 12.806 | Init Dist 100 = 12.806 | Init Dist 1000 = 12.806 | Learner Steps = 27057 | Learner Walltime = 5343.135 | Min Dist = 0.406 | Min Dist 10 = 0.245 | Min Dist 100 = 0.326 | Min Dist 1000 = 0.445 | Steps Per Second = 95.437 | Success = 1.000 | Success 1000 = 0.957
I0502 16:35:20.018816 139555860620864 terminal.py:91] [Actor] Actor Episodes = 34833 | Actor Steps = 1741650 | Delta Dist = 7.770 | Delta Dist 10 = 3.508 | Delta Dist 100 = 4.451 | Delta Dist 1000 = 4.299 | Episode Length = 50 | Episode Return = 30.0 | Evaluator Episodes = 8828 | Evaluator Steps = 441400 | Final Dist = 0.292 | Final Dist 10 = 1.589 | Final Dist 100 = 1.712 | Final Dist 1000 = 1.589 | Init Dist = 8.062 | Init Dist 10 = 5.098 | Init Dist 100 = 6.162 | Init Dist 1000 = 5.887 | Learner Steps = 27057 | Learner Walltime = 5343.135 | Min Dist = 0.050 | Min Dist 10 = 0.108 | Min Dist 100 = 0.314 | Min Dist 1000 = 0.255 | Steps Per Second = 83.854 | Success = 1.000 | Success 1000 = 0.989
I0502 16:35:20.151578 139555013154368 terminal.py:91] [Learner] Actor Episodes = 34836 | Actor Loss = 3.623929023742676 | Actor Steps = 1741800 | Binary Accuracy = 0.9960911273956299 | Categorical Accuracy = 0.427978515625 | Critic Loss = 1.749121904373169 | Entropy Mean = -18.926132202148438 | Evaluator Episodes = 8830 | Evaluator Steps = 441500 | Learner Steps = 27064 | Learner Walltime = 5344.348 | Logits Neg = -17.290393829345703 | Logits Pos = -1.7258014678955078 | Logsumexp = 1.1098918914794922 | Steps Per Second = 247.899
I0502 16:35:20.841595 139579566835264 terminal.py:91] [Evaluator] Actor Episodes = 34840 | Actor Steps = 1742000 | Delta Dist = 12.037 | Delta Dist 10 = 11.892 | Delta Dist 100 = 11.851 | Delta Dist 1000 = 11.669 | Episode Length = 50 | Episode Return = 29.0 | Evaluator Episodes = 8832 | Evaluator Steps = 441600 | Final Dist = 0.769 | Final Dist 10 = 0.914 | Final Dist 100 = 0.955 | Final Dist 1000 = 1.137 | Init Dist = 12.806 | Init Dist 10 = 12.806 | Init Dist 100 = 12.806 | Init Dist 1000 = 12.806 | Learner Steps = 27064 | Learner Walltime = 5344.348 | Min Dist = 0.074 | Min Dist 10 = 0.295 | Min Dist 100 = 0.272 | Min Dist 1000 = 0.446 | Steps Per Second = 78.015 | Success = 1.000 | Success 1000 = 0.957
I0502 16:35:21.411433 139557462840896 terminal.py:91] [Actor] Actor Episodes = 34846 | Actor Steps = 1742300 | Delta Dist = 4.182 | Delta Dist 10 = 4.939 | Delta Dist 100 = 4.467 | Delta Dist 1000 = 4.302 | Episode Length = 50 | Episode Return = 0.0 | Evaluator Episodes = 8832 | Evaluator Steps = 441600 | Final Dist = 3.029 | Final Dist 10 = 1.544 | Final Dist 100 = 1.762 | Final Dist 1000 = 1.590 | Init Dist = 7.211 | Init Dist 10 = 6.483 | Init Dist 100 = 6.229 | Init Dist 1000 = 5.892 | Learner Steps = 27068 | Learner Walltime = 5345.378 | Min Dist = 0.035 | Min Dist 10 = 0.083 | Min Dist 100 = 0.311 | Min Dist 1000 = 0.255 | Steps Per Second = 89.967 | Success = 1.000 | Success 1000 = 0.989
I0502 16:35:22.097239 139579566835264 terminal.py:91] [Evaluator] Actor Episodes = 34848 | Actor Steps = 1742400 | Delta Dist = 11.515 | Delta Dist 10 = 11.832 | Delta Dist 100 = 11.849 | Delta Dist 1000 = 11.668 | Episode Length = 50 | Episode Return = 18.0 | Evaluator Episodes = 8834 | Evaluator Steps = 441700 | Final Dist = 1.292 | Final Dist 10 = 0.974 | Final Dist 100 = 0.957 | Final Dist 1000 = 1.138 | Init Dist = 12.806 | Init Dist 10 = 12.806 | Init Dist 100 = 12.806 | Init Dist 1000 = 12.806 | Learner Steps = 27068 | Learner Walltime = 5345.378 | Min Dist = 0.129 | Min Dist 10 = 0.286 | Min Dist 100 = 0.255 | Min Dist 1000 = 0.446 | Steps Per Second = 74.751 | Success = 1.000 | Success 1000 = 0.957
I0502 16:35:23.365596 139579566835264 terminal.py:91] [Evaluator] Actor Episodes = 34856 | Actor Steps = 1742800 | Delta Dist = 6.104 | Delta Dist 10 = 11.730 | Delta Dist 100 = 11.850 | Delta Dist 1000 = 11.668 | Episode Length = 50 | Episode Return = 0.0 | Evaluator Episodes = 8836 | Evaluator Steps = 441800 | Final Dist = 6.702 | Final Dist 10 = 1.076 | Final Dist 100 = 0.956 | Final Dist 1000 = 1.138 | Init Dist = 12.806 | Init Dist 10 = 12.806 | Init Dist 100 = 12.806 | Init Dist 1000 = 12.806 | Learner Steps = 27074 | Learner Walltime = 5346.486 | Min Dist = 6.695 | Min Dist 10 = 0.257 | Min Dist 100 = 0.255 | Min Dist 1000 = 0.446 | Steps Per Second = 88.042 | Success = 0.000 | Success 1000 = 0.957
I0502 16:35:24.566509 139579566835264 terminal.py:91] [Evaluator] Actor Episodes = 34864 | Actor Steps = 1743200 | Delta Dist = 11.572 | Delta Dist 10 = 11.221 | Delta Dist 100 = 11.804 | Delta Dist 1000 = 11.663 | Episode Length = 50 | Episode Return = 21.0 | Evaluator Episodes = 8838 | Evaluator Steps = 441900 | Final Dist = 1.234 | Final Dist 10 = 1.586 | Final Dist 100 = 1.003 | Final Dist 1000 = 1.144 | Init Dist = 12.806 | Init Dist 10 = 12.806 | Init Dist 100 = 12.806 | Init Dist 1000 = 12.806 | Learner Steps = 27084 | Learner Walltime = 5348.571 | Min Dist = 0.105 | Min Dist 10 = 0.872 | Min Dist 100 = 0.315 | Min Dist 1000 = 0.452 | Steps Per Second = 87.266 | Success = 1.000 | Success 1000 = 0.956
I0502 16:35:24.830222 139584504182336 lp_utils.py:96] StepsLimiter: Reached 1743300 recorded steps
I0502 16:35:25.210191 139558059398720 terminal.py:91] [Actor] Actor Episodes = 34867 | Actor Steps = 1743350 | Delta Dist = 8.374 | Delta Dist 10 = 4.344 | Delta Dist 100 = 4.651 | Delta Dist 1000 = 4.294 | Episode Length = 50 | Episode Return = 32.0 | Evaluator Episodes = 8838 | Evaluator Steps = 441900 | Final Dist = 0.111 | Final Dist 10 = 0.970 | Final Dist 100 = 1.604 | Final Dist 1000 = 1.615 | Init Dist = 8.485 | Init Dist 10 = 5.314 | Init Dist 100 = 6.255 | Init Dist 1000 = 5.909 | Learner Steps = 27084 | Learner Walltime = 5348.571 | Min Dist = 0.071 | Min Dist 10 = 0.054 | Min Dist 100 = 0.297 | Min Dist 1000 = 0.264 | Steps Per Second = 87.337 | Success = 1.000 | Success 1000 = 0.989
I0502 16:35:25.821166 139579566835264 terminal.py:91] [Evaluator] Actor Episodes = 34872 | Actor Steps = 1743600 | Delta Dist = 12.271 | Delta Dist 10 = 11.333 | Delta Dist 100 = 11.811 | Delta Dist 1000 = 11.663 | Episode Length = 50 | Episode Return = 28.0 | Evaluator Episodes = 8840 | Evaluator Steps = 442000 | Final Dist = 0.536 | Final Dist 10 = 1.474 | Final Dist 100 = 0.995 | Final Dist 1000 = 1.143 | Init Dist = 12.806 | Init Dist 10 = 12.806 | Init Dist 100 = 12.806 | Init Dist 1000 = 12.806 | Learner Steps = 27090 | Learner Walltime = 5349.861 | Min Dist = 0.086 | Min Dist 10 = 0.826 | Min Dist 100 = 0.313 | Min Dist 1000 = 0.452 | Steps Per Second = 80.122 | Success = 1.000 | Success 1000 = 0.956
I0502 16:35:27.011074 139579566835264 terminal.py:91] [Evaluator] Actor Episodes = 34880 | Actor Steps = 1744000 | Delta Dist = 11.996 | Delta Dist 10 = 11.451 | Delta Dist 100 = 11.814 | Delta Dist 1000 = 11.664 | Episode Length = 50 | Episode Return = 20.0 | Evaluator Episodes = 8842 | Evaluator Steps = 442100 | Final Dist = 0.810 | Final Dist 10 = 1.355 | Final Dist 100 = 0.993 | Final Dist 1000 = 1.142 | Init Dist = 12.806 | Init Dist 10 = 12.806 | Init Dist 100 = 12.806 | Init Dist 1000 = 12.806 | Learner Steps = 27090 | Learner Walltime = 5349.861 | Min Dist = 0.207 | Min Dist 10 = 0.744 | Min Dist 100 = 0.309 | Min Dist 1000 = 0.451 | Steps Per Second = 84.573 | Success = 1.000 | Success 1000 = 0.956
I0502 16:35:27.894740 139569349502528 terminal.py:91] [Actor] Actor Episodes = 34885 | Actor Steps = 1744250 | Delta Dist = 5.746 | Delta Dist 10 = 4.307 | Delta Dist 100 = 4.612 | Delta Dist 1000 = 4.293 | Episode Length = 50 | Episode Return = 45.0 | Evaluator Episodes = 8842 | Evaluator Steps = 442100 | Final Dist = 0.337 | Final Dist 10 = 1.745 | Final Dist 100 = 1.541 | Final Dist 1000 = 1.627 | Init Dist = 6.083 | Init Dist 10 = 6.052 | Init Dist 100 = 6.153 | Init Dist 1000 = 5.920 | Learner Steps = 27097 | Learner Walltime = 5351.217 | Min Dist = 0.036 | Min Dist 10 = 0.131 | Min Dist 100 = 0.288 | Min Dist 1000 = 0.265 | Steps Per Second = 103.259 | Success = 1.000 | Success 1000 = 0.989
I0502 16:35:28.164522 139579566835264 terminal.py:91] [Evaluator] Actor Episodes = 34888 | Actor Steps = 1744400 | Delta Dist = 11.581 | Delta Dist 10 = 11.479 | Delta Dist 100 = 11.822 | Delta Dist 1000 = 11.665 | Episode Length = 50 | Episode Return = 14.0 | Evaluator Episodes = 8844 | Evaluator Steps = 442200 | Final Dist = 1.225 | Final Dist 10 = 1.327 | Final Dist 100 = 0.985 | Final Dist 1000 = 1.141 | Init Dist = 12.806 | Init Dist 10 = 12.806 | Init Dist 100 = 12.806 | Init Dist 1000 = 12.806 | Learner Steps = 27097 | Learner Walltime = 5351.217 | Min Dist = 0.177 | Min Dist 10 = 0.821 | Min Dist 100 = 0.316 | Min Dist 1000 = 0.451 | Steps Per Second = 83.954 | Success = 1.000 | Success 1000 = 0.956
I0502 16:35:29.455687 139579566835264 terminal.py:91] [Evaluator] Actor Episodes = 34896 | Actor Steps = 1744800 | Delta Dist = 12.585 | Delta Dist 10 = 11.379 | Delta Dist 100 = 11.815 | Delta Dist 1000 = 11.664 | Episode Length = 50 | Episode Return = 19.0 | Evaluator Episodes = 8846 | Evaluator Steps = 442300 | Final Dist = 0.221 | Final Dist 10 = 1.427 | Final Dist 100 = 0.991 | Final Dist 1000 = 1.142 | Init Dist = 12.806 | Init Dist 10 = 12.806 | Init Dist 100 = 12.806 | Init Dist 1000 = 12.806 | Learner Steps = 27110 | Learner Walltime = 5353.589 | Min Dist = 0.069 | Min Dist 10 = 0.846 | Min Dist 100 = 0.318 | Min Dist 1000 = 0.451 | Steps Per Second = 76.526 | Success = 1.000 | Success 1000 = 0.956
I0502 16:35:30.207673 139555013154368 terminal.py:91] [Learner] Actor Episodes = 34896 | Actor Loss = 3.705183982849121 | Actor Steps = 1744800 | Binary Accuracy = 0.9959762096405029 | Categorical Accuracy = 0.41021728515625 | Critic Loss = 1.8223927021026611 | Entropy Mean = -20.184146881103516 | Evaluator Episodes = 8844 | Evaluator Steps = 442200 | Learner Steps = 27114 | Learner Walltime = 5354.403 | Logits Neg = -17.186328887939453 | Logits Pos = -1.80100679397583 | Logsumexp = 1.1477036476135254 | Steps Per Second = 266.233
I0502 16:35:30.357585 139555860620864 terminal.py:91] [Actor] Actor Episodes = 34904 | Actor Steps = 1745200 | Delta Dist = 8.829 | Delta Dist 10 = 4.152 | Delta Dist 100 = 4.651 | Delta Dist 1000 = 4.306 | Episode Length = 50 | Episode Return = 14.0 | Evaluator Episodes = 8846 | Evaluator Steps = 442300 | Final Dist = 1.171 | Final Dist 10 = 1.298 | Final Dist 100 = 1.378 | Final Dist 1000 = 1.634 | Init Dist = 10.000 | Init Dist 10 = 5.449 | Init Dist 100 = 6.029 | Init Dist 1000 = 5.940 | Learner Steps = 27110 | Learner Walltime = 5353.589 | Min Dist = 0.279 | Min Dist 10 = 0.091 | Min Dist 100 = 0.192 | Min Dist 1000 = 0.265 | Steps Per Second = 87.340 | Success = 1.000 | Success 1000 = 0.989
I0502 16:35:30.740914 139579566835264 terminal.py:91] [Evaluator] Actor Episodes = 34904 | Actor Steps = 1745200 | Delta Dist = 11.494 | Delta Dist 10 = 11.927 | Delta Dist 100 = 11.807 | Delta Dist 1000 = 11.666 | Episode Length = 50 | Episode Return = 18.0 | Evaluator Episodes = 8848 | Evaluator Steps = 442400 | Final Dist = 1.312 | Final Dist 10 = 0.879 | Final Dist 100 = 0.999 | Final Dist 1000 = 1.141 | Init Dist = 12.806 | Init Dist 10 = 12.806 | Init Dist 100 = 12.806 | Init Dist 1000 = 12.806 | Learner Steps = 27116 | Learner Walltime = 5354.664 | Min Dist = 0.157 | Min Dist 10 = 0.180 | Min Dist 100 = 0.317 | Min Dist 1000 = 0.451 | Steps Per Second = 79.005 | Success = 1.000 | Success 1000 = 0.956
I0502 16:35:31.912647 139557462840896 terminal.py:91] [Actor] Actor Episodes = 34911 | Actor Steps = 1745550 | Delta Dist = -0.490 | Delta Dist 10 = 5.007 | Delta Dist 100 = 4.615 | Delta Dist 1000 = 4.297 | Episode Length = 50 | Episode Return = 23.0 | Evaluator Episodes = 8848 | Evaluator Steps = 442400 | Final Dist = 0.490 | Final Dist 10 = 0.859 | Final Dist 100 = 1.349 | Final Dist 1000 = 1.629 | Init Dist = 0.000 | Init Dist 10 = 5.866 | Init Dist 100 = 5.964 | Init Dist 1000 = 5.926 | Learner Steps = 27116 | Learner Walltime = 5354.664 | Min Dist = 0.000 | Min Dist 10 = 0.073 | Min Dist 100 = 0.172 | Min Dist 1000 = 0.266 | Steps Per Second = 79.635 | Success = 1.000 | Success 1000 = 0.989
I0502 16:35:32.019433 139579566835264 terminal.py:91] [Evaluator] Actor Episodes = 34912 | Actor Steps = 1745600 | Delta Dist = 12.292 | Delta Dist 10 = 11.863 | Delta Dist 100 = 11.799 | Delta Dist 1000 = 11.665 | Episode Length = 50 | Episode Return = 4.0 | Evaluator Episodes = 8850 | Evaluator Steps = 442500 | Final Dist = 0.514 | Final Dist 10 = 0.943 | Final Dist 100 = 1.007 | Final Dist 1000 = 1.141 | Init Dist = 12.806 | Init Dist 10 = 12.806 | Init Dist 100 = 12.806 | Init Dist 1000 = 12.806 | Learner Steps = 27121 | Learner Walltime = 5355.793 | Min Dist = 0.347 | Min Dist 10 = 0.273 | Min Dist 100 = 0.324 | Min Dist 1000 = 0.451 | Steps Per Second = 72.171 | Success = 1.000 | Success 1000 = 0.956
I0502 16:35:33.209758 139579566835264 terminal.py:91] [Evaluator] Actor Episodes = 34920 | Actor Steps = 1746000 | Delta Dist = 11.491 | Delta Dist 10 = 11.864 | Delta Dist 100 = 11.806 | Delta Dist 1000 = 11.666 | Episode Length = 50 | Episode Return = 1.0 | Evaluator Episodes = 8852 | Evaluator Steps = 442600 | Final Dist = 1.316 | Final Dist 10 = 0.943 | Final Dist 100 = 1.000 | Final Dist 1000 = 1.140 | Init Dist = 12.806 | Init Dist 10 = 12.806 | Init Dist 100 = 12.806 | Init Dist 1000 = 12.806 | Learner Steps = 27127 | Learner Walltime = 5356.996 | Min Dist = 0.490 | Min Dist 10 = 0.304 | Min Dist 100 = 0.327 | Min Dist 1000 = 0.451 | Steps Per Second = 81.971 | Success = 1.000 | Success 1000 = 0.956
I0502 16:35:34.480941 139579566835264 terminal.py:91] [Evaluator] Actor Episodes = 34928 | Actor Steps = 1746400 | Delta Dist = 11.899 | Delta Dist 10 = 11.254 | Delta Dist 100 = 11.741 | Delta Dist 1000 = 11.659 | Episode Length = 50 | Episode Return = 18.0 | Evaluator Episodes = 8854 | Evaluator Steps = 442700 | Final Dist = 0.908 | Final Dist 10 = 1.553 | Final Dist 100 = 1.065 | Final Dist 1000 = 1.147 | Init Dist = 12.806 | Init Dist 10 = 12.806 | Init Dist 100 = 12.806 | Init Dist 1000 = 12.806 | Learner Steps = 27133 | Learner Walltime = 5358.322 | Min Dist = 0.205 | Min Dist 10 = 0.805 | Min Dist 100 = 0.385 | Min Dist 1000 = 0.457 | Steps Per Second = 79.626 | Success = 1.000 | Success 1000 = 0.955
I0502 16:35:34.844979 139584504182336 lp_utils.py:96] StepsLimiter: Reached 1746600 recorded steps
I0502 16:35:35.226538 139558059398720 terminal.py:91] [Actor] Actor Episodes = 34931 | Actor Steps = 1746550 | Delta Dist = 6.893 | Delta Dist 10 = 4.533 | Delta Dist 100 = 4.663 | Delta Dist 1000 = 4.314 | Episode Length = 50 | Episode Return = 22.0 | Evaluator Episodes = 8854 | Evaluator Steps = 442700 | Final Dist = 0.178 | Final Dist 10 = 0.906 | Final Dist 100 = 1.334 | Final Dist 1000 = 1.624 | Init Dist = 7.071 | Init Dist 10 = 5.439 | Init Dist 100 = 5.997 | Init Dist 1000 = 5.938 | Learner Steps = 27133 | Learner Walltime = 5358.322 | Min Dist = 0.057 | Min Dist 10 = 0.044 | Min Dist 100 = 0.175 | Min Dist 1000 = 0.267 | Steps Per Second = 87.564 | Success = 1.000 | Success 1000 = 0.988
I0502 16:35:35.621155 139579566835264 terminal.py:91] [Evaluator] Actor Episodes = 34936 | Actor Steps = 1746800 | Delta Dist = 11.890 | Delta Dist 10 = 11.261 | Delta Dist 100 = 11.725 | Delta Dist 1000 = 11.659 | Episode Length = 50 | Episode Return = 22.0 | Evaluator Episodes = 8856 | Evaluator Steps = 442800 | Final Dist = 0.916 | Final Dist 10 = 1.545 | Final Dist 100 = 1.081 | Final Dist 1000 = 1.147 | Init Dist = 12.806 | Init Dist 10 = 12.806 | Init Dist 100 = 12.806 | Init Dist 1000 = 12.806 | Learner Steps = 27139 | Learner Walltime = 5359.326 | Min Dist = 0.059 | Min Dist 10 = 0.834 | Min Dist 100 = 0.389 | Min Dist 1000 = 0.456 | Steps Per Second = 87.730 | Success = 1.000 | Success 1000 = 0.955
I0502 16:35:36.888743 139579566835264 terminal.py:91] [Evaluator] Actor Episodes = 34944 | Actor Steps = 1747200 | Delta Dist = 12.247 | Delta Dist 10 = 11.290 | Delta Dist 100 = 11.719 | Delta Dist 1000 = 11.661 | Episode Length = 50 | Episode Return = 20.0 | Evaluator Episodes = 8858 | Evaluator Steps = 442900 | Final Dist = 0.560 | Final Dist 10 = 1.517 | Final Dist 100 = 1.087 | Final Dist 1000 = 1.145 | Init Dist = 12.806 | Init Dist 10 = 12.806 | Init Dist 100 = 12.806 | Init Dist 1000 = 12.806 | Learner Steps = 27144 | Learner Walltime = 5360.338 | Min Dist = 0.042 | Min Dist 10 = 0.844 | Min Dist 100 = 0.389 | Min Dist 1000 = 0.455 | Steps Per Second = 73.960 | Success = 1.000 | Success 1000 = 0.955
I0502 16:35:38.028974 139579566835264 terminal.py:91] [Evaluator] Actor Episodes = 34952 | Actor Steps = 1747600 | Delta Dist = 11.239 | Delta Dist 10 = 11.452 | Delta Dist 100 = 11.732 | Delta Dist 1000 = 11.661 | Episode Length = 50 | Episode Return = 22.0 | Evaluator Episodes = 8860 | Evaluator Steps = 443000 | Final Dist = 1.567 | Final Dist 10 = 1.354 | Final Dist 100 = 1.075 | Final Dist 1000 = 1.145 | Init Dist = 12.806 | Init Dist 10 = 12.806 | Init Dist 100 = 12.806 | Init Dist 1000 = 12.806 | Learner Steps = 27149 | Learner Walltime = 5361.444 | Min Dist = 0.042 | Min Dist 10 = 0.743 | Min Dist 100 = 0.388 | Min Dist 1000 = 0.455 | Steps Per Second = 87.367 | Success = 1.000 | Success 1000 = 0.955
I0502 16:35:38.382266 139569349502528 terminal.py:91] [Actor] Actor Episodes = 34956 | Actor Steps = 1747800 | Delta Dist = 0.808 | Delta Dist 10 = 4.966 | Delta Dist 100 = 4.621 | Delta Dist 1000 = 4.318 | Episode Length = 50 | Episode Return = 28.0 | Evaluator Episodes = 8860 | Evaluator Steps = 443000 | Final Dist = 0.192 | Final Dist 10 = 0.731 | Final Dist 100 = 1.229 | Final Dist 1000 = 1.625 | Init Dist = 1.000 | Init Dist 10 = 5.697 | Init Dist 100 = 5.851 | Init Dist 1000 = 5.944 | Learner Steps = 27149 | Learner Walltime = 5361.444 | Min Dist = 0.025 | Min Dist 10 = 0.095 | Min Dist 100 = 0.090 | Min Dist 1000 = 0.267 | Steps Per Second = 85.144 | Success = 1.000 | Success 1000 = 0.988
I0502 16:35:39.215400 139579566835264 terminal.py:91] [Evaluator] Actor Episodes = 34960 | Actor Steps = 1748000 | Delta Dist = 12.508 | Delta Dist 10 = 11.356 | Delta Dist 100 = 11.716 | Delta Dist 1000 = 11.661 | Episode Length = 50 | Episode Return = 20.0 | Evaluator Episodes = 8862 | Evaluator Steps = 443100 | Final Dist = 0.298 | Final Dist 10 = 1.450 | Final Dist 100 = 1.090 | Final Dist 1000 = 1.146 | Init Dist = 12.806 | Init Dist 10 = 12.806 | Init Dist 100 = 12.806 | Init Dist 1000 = 12.806 | Learner Steps = 27155 | Learner Walltime = 5362.617 | Min Dist = 0.105 | Min Dist 10 = 0.700 | Min Dist 100 = 0.385 | Min Dist 1000 = 0.454 | Steps Per Second = 81.784 | Success = 1.000 | Success 1000 = 0.955
I0502 16:35:40.381583 139555013154368 terminal.py:91] [Learner] Actor Episodes = 34962 | Actor Loss = 3.8997225761413574 | Actor Steps = 1748100 | Binary Accuracy = 0.9960451126098633 | Categorical Accuracy = 0.4085693359375 | Critic Loss = 1.8291666507720947 | Entropy Mean = -19.93332290649414 | Evaluator Episodes = 8862 | Evaluator Steps = 443100 | Learner Steps = 27166 | Learner Walltime = 5364.579 | Logits Neg = -17.429075241088867 | Logits Pos = -1.808731198310852 | Logsumexp = 1.108164668083191 | Steps Per Second = 225.260
I0502 16:35:40.418091 139579566835264 terminal.py:91] [Evaluator] Actor Episodes = 34968 | Actor Steps = 1748400 | Delta Dist = 12.458 | Delta Dist 10 = 11.452 | Delta Dist 100 = 11.712 | Delta Dist 1000 = 11.656 | Episode Length = 50 | Episode Return = 23.0 | Evaluator Episodes = 8864 | Evaluator Steps = 443200 | Final Dist = 0.348 | Final Dist 10 = 1.354 | Final Dist 100 = 1.094 | Final Dist 1000 = 1.150 | Init Dist = 12.806 | Init Dist 10 = 12.806 | Init Dist 100 = 12.806 | Init Dist 1000 = 12.806 | Learner Steps = 27161 | Learner Walltime = 5363.643 | Min Dist = 0.121 | Min Dist 10 = 0.626 | Min Dist 100 = 0.385 | Min Dist 1000 = 0.459 | Steps Per Second = 88.016 | Success = 1.000 | Success 1000 = 0.954
I0502 16:35:40.874031 139555860620864 terminal.py:91] [Actor] Actor Episodes = 34969 | Actor Steps = 1748450 | Delta Dist = 9.857 | Delta Dist 10 = 4.247 | Delta Dist 100 = 4.625 | Delta Dist 1000 = 4.338 | Episode Length = 50 | Episode Return = 38.0 | Evaluator Episodes = 8862 | Evaluator Steps = 443100 | Final Dist = 0.439 | Final Dist 10 = 0.856 | Final Dist 100 = 1.232 | Final Dist 1000 = 1.596 | Init Dist = 10.296 | Init Dist 10 = 5.102 | Init Dist 100 = 5.856 | Init Dist 1000 = 5.934 | Learner Steps = 27161 | Learner Walltime = 5363.643 | Min Dist = 0.019 | Min Dist 10 = 0.134 | Min Dist 100 = 0.105 | Min Dist 1000 = 0.260 | Steps Per Second = 84.407 | Success = 1.000 | Success 1000 = 0.988
I0502 16:35:41.626298 139579566835264 terminal.py:91] [Evaluator] Actor Episodes = 34976 | Actor Steps = 1748800 | Delta Dist = 12.235 | Delta Dist 10 = 11.531 | Delta Dist 100 = 11.717 | Delta Dist 1000 = 11.657 | Episode Length = 50 | Episode Return = 21.0 | Evaluator Episodes = 8866 | Evaluator Steps = 443300 | Final Dist = 0.571 | Final Dist 10 = 1.276 | Final Dist 100 = 1.089 | Final Dist 1000 = 1.149 | Init Dist = 12.806 | Init Dist 10 = 12.806 | Init Dist 100 = 12.806 | Init Dist 1000 = 12.806 | Learner Steps = 27172 | Learner Walltime = 5365.820 | Min Dist = 0.064 | Min Dist 10 = 0.567 | Min Dist 100 = 0.382 | Min Dist 1000 = 0.459 | Steps Per Second = 83.880 | Success = 1.000 | Success 1000 = 0.954
I0502 16:35:42.422772 139557462840896 terminal.py:91] [Actor] Actor Episodes = 34982 | Actor Steps = 1749100 | Delta Dist = 7.486 | Delta Dist 10 = 5.319 | Delta Dist 100 = 4.699 | Delta Dist 1000 = 4.351 | Episode Length = 50 | Episode Return = 23.0 | Evaluator Episodes = 8866 | Evaluator Steps = 443300 | Final Dist = 1.514 | Final Dist 10 = 0.914 | Final Dist 100 = 1.218 | Final Dist 1000 = 1.587 | Init Dist = 9.000 | Init Dist 10 = 6.233 | Init Dist 100 = 5.918 | Init Dist 1000 = 5.938 | Learner Steps = 27172 | Learner Walltime = 5365.820 | Min Dist = 0.144 | Min Dist 10 = 0.062 | Min Dist 100 = 0.102 | Min Dist 1000 = 0.257 | Steps Per Second = 78.143 | Success = 1.000 | Success 1000 = 0.988
I0502 16:35:42.903237 139579566835264 terminal.py:91] [Evaluator] Actor Episodes = 34984 | Actor Steps = 1749200 | Delta Dist = 12.683 | Delta Dist 10 = 11.456 | Delta Dist 100 = 11.727 | Delta Dist 1000 = 11.657 | Episode Length = 50 | Episode Return = 22.0 | Evaluator Episodes = 8868 | Evaluator Steps = 443400 | Final Dist = 0.123 | Final Dist 10 = 1.350 | Final Dist 100 = 1.079 | Final Dist 1000 = 1.149 | Init Dist = 12.806 | Init Dist 10 = 12.806 | Init Dist 100 = 12.806 | Init Dist 1000 = 12.806 | Learner Steps = 27178 | Learner Walltime = 5367.100 | Min Dist = 0.042 | Min Dist 10 = 0.561 | Min Dist 100 = 0.382 | Min Dist 1000 = 0.458 | Steps Per Second = 80.374 | Success = 1.000 | Success 1000 = 0.954
I0502 16:35:44.194786 139579566835264 terminal.py:91] [Evaluator] Actor Episodes = 34992 | Actor Steps = 1749600 | Delta Dist = 11.652 | Delta Dist 10 = 11.492 | Delta Dist 100 = 11.732 | Delta Dist 1000 = 11.659 | Episode Length = 50 | Episode Return = 12.0 | Evaluator Episodes = 8870 | Evaluator Steps = 443500 | Final Dist = 1.154 | Final Dist 10 = 1.314 | Final Dist 100 = 1.074 | Final Dist 1000 = 1.147 | Init Dist = 12.806 | Init Dist 10 = 12.806 | Init Dist 100 = 12.806 | Init Dist 1000 = 12.806 | Learner Steps = 27178 | Learner Walltime = 5367.100 | Min Dist = 0.169 | Min Dist 10 = 0.573 | Min Dist 100 = 0.382 | Min Dist 1000 = 0.458 | Steps Per Second = 76.372 | Success = 1.000 | Success 1000 = 0.954
I0502 16:35:44.866761 139584504182336 lp_utils.py:96] StepsLimiter: Reached 1749800 recorded steps
I0502 16:35:45.420214 139579566835264 terminal.py:91] [Evaluator] Actor Episodes = 35000 | Actor Steps = 1750000 | Delta Dist = 11.851 | Delta Dist 10 = 11.488 | Delta Dist 100 = 11.719 | Delta Dist 1000 = 11.658 | Episode Length = 50 | Episode Return = 17.0 | Evaluator Episodes = 8872 | Evaluator Steps = 443600 | Final Dist = 0.955 | Final Dist 10 = 1.318 | Final Dist 100 = 1.088 | Final Dist 1000 = 1.148 | Init Dist = 12.806 | Init Dist 10 = 12.806 | Init Dist 100 = 12.806 | Init Dist 1000 = 12.806 | Learner Steps = 27185 | Learner Walltime = 5368.429 | Min Dist = 0.072 | Min Dist 10 = 0.592 | Min Dist 100 = 0.381 | Min Dist 1000 = 0.458 | Steps Per Second = 82.004 | Success = 1.000 | Success 1000 = 0.954
I0502 16:35:45.583309 139558059398720 terminal.py:91] [Actor] Actor Episodes = 35002 | Actor Steps = 1750100 | Delta Dist = 6.020 | Delta Dist 10 = 3.824 | Delta Dist 100 = 4.718 | Delta Dist 1000 = 4.360 | Episode Length = 50 | Episode Return = 39.0 | Evaluator Episodes = 8872 | Evaluator Steps = 443600 | Final Dist = 1.260 | Final Dist 10 = 1.762 | Final Dist 100 = 1.272 | Final Dist 1000 = 1.583 | Init Dist = 7.280 | Init Dist 10 = 5.586 | Init Dist 100 = 5.990 | Init Dist 1000 = 5.943 | Learner Steps = 27185 | Learner Walltime = 5368.429 | Min Dist = 0.196 | Min Dist 10 = 0.052 | Min Dist 100 = 0.096 | Min Dist 1000 = 0.258 | Steps Per Second = 77.426 | Success = 1.000 | Success 1000 = 0.989
I0502 16:35:46.573220 139579566835264 terminal.py:91] [Evaluator] Actor Episodes = 35008 | Actor Steps = 1750400 | Delta Dist = 12.231 | Delta Dist 10 = 11.960 | Delta Dist 100 = 11.723 | Delta Dist 1000 = 11.658 | Episode Length = 50 | Episode Return = 30.0 | Evaluator Episodes = 8874 | Evaluator Steps = 443700 | Final Dist = 0.575 | Final Dist 10 = 0.846 | Final Dist 100 = 1.083 | Final Dist 1000 = 1.148 | Init Dist = 12.806 | Init Dist 10 = 12.806 | Init Dist 100 = 12.806 | Init Dist 1000 = 12.806 | Learner Steps = 27191 | Learner Walltime = 5369.842 | Min Dist = 0.114 | Min Dist 10 = 0.109 | Min Dist 100 = 0.380 | Min Dist 1000 = 0.457 | Steps Per Second = 81.053 | Success = 1.000 | Success 1000 = 0.954
I0502 16:35:47.861631 139579566835264 terminal.py:91] [Evaluator] Actor Episodes = 35016 | Actor Steps = 1750800 | Delta Dist = 11.246 | Delta Dist 10 = 11.501 | Delta Dist 100 = 11.679 | Delta Dist 1000 = 11.653 | Episode Length = 50 | Episode Return = 2.0 | Evaluator Episodes = 8876 | Evaluator Steps = 443800 | Final Dist = 1.561 | Final Dist 10 = 1.305 | Final Dist 100 = 1.127 | Final Dist 1000 = 1.154 | Init Dist = 12.806 | Init Dist 10 = 12.806 | Init Dist 100 = 12.806 | Init Dist 1000 = 12.806 | Learner Steps = 27203 | Learner Walltime = 5372.010 | Min Dist = 0.461 | Min Dist 10 = 0.626 | Min Dist 100 = 0.431 | Min Dist 1000 = 0.462 | Steps Per Second = 78.751 | Success = 1.000 | Success 1000 = 0.953
I0502 16:35:48.571165 139569349502528 terminal.py:91] [Actor] Actor Episodes = 35020 | Actor Steps = 1751000 | Delta Dist = 9.267 | Delta Dist 10 = 5.262 | Delta Dist 100 = 4.668 | Delta Dist 1000 = 4.377 | Episode Length = 50 | Episode Return = 41.0 | Evaluator Episodes = 8876 | Evaluator Steps = 443800 | Final Dist = 0.220 | Final Dist 10 = 1.264 | Final Dist 100 = 1.188 | Final Dist 1000 = 1.558 | Init Dist = 9.487 | Init Dist 10 = 6.525 | Init Dist 100 = 5.856 | Init Dist 1000 = 5.935 | Learner Steps = 27203 | Learner Walltime = 5372.010 | Min Dist = 0.008 | Min Dist 10 = 0.528 | Min Dist 100 = 0.135 | Min Dist 1000 = 0.251 | Steps Per Second = 91.977 | Success = 1.000 | Success 1000 = 0.989
I0502 16:35:49.114883 139579566835264 terminal.py:91] [Evaluator] Actor Episodes = 35024 | Actor Steps = 1751200 | Delta Dist = 11.623 | Delta Dist 10 = 11.383 | Delta Dist 100 = 11.674 | Delta Dist 1000 = 11.652 | Episode Length = 50 | Episode Return = 19.0 | Evaluator Episodes = 8878 | Evaluator Steps = 443900 | Final Dist = 1.184 | Final Dist 10 = 1.424 | Final Dist 100 = 1.132 | Final Dist 1000 = 1.155 | Init Dist = 12.806 | Init Dist 10 = 12.806 | Init Dist 100 = 12.806 | Init Dist 1000 = 12.806 | Learner Steps = 27208 | Learner Walltime = 5373.220 | Min Dist = 0.145 | Min Dist 10 = 0.665 | Min Dist 100 = 0.434 | Min Dist 1000 = 0.462 | Steps Per Second = 80.870 | Success = 1.000 | Success 1000 = 0.953
I0502 16:35:50.328059 139579566835264 terminal.py:91] [Evaluator] Actor Episodes = 35032 | Actor Steps = 1751600 | Delta Dist = 11.891 | Delta Dist 10 = 11.206 | Delta Dist 100 = 11.672 | Delta Dist 1000 = 11.651 | Episode Length = 50 | Episode Return = 27.0 | Evaluator Episodes = 8880 | Evaluator Steps = 444000 | Final Dist = 0.915 | Final Dist 10 = 1.601 | Final Dist 100 = 1.134 | Final Dist 1000 = 1.155 | Init Dist = 12.806 | Init Dist 10 = 12.806 | Init Dist 100 = 12.806 | Init Dist 1000 = 12.806 | Learner Steps = 27214 | Learner Walltime = 5374.237 | Min Dist = 0.050 | Min Dist 10 = 0.666 | Min Dist 100 = 0.422 | Min Dist 1000 = 0.462 | Steps Per Second = 90.759 | Success = 1.000 | Success 1000 = 0.953
I0502 16:35:50.902591 139555013154368 terminal.py:91] [Learner] Actor Episodes = 35028 | Actor Loss = 3.7661080360412598 | Actor Steps = 1751400 | Binary Accuracy = 0.9960808753967285 | Categorical Accuracy = 0.4276123046875 | Critic Loss = 1.7745420932769775 | Entropy Mean = -19.446613311767578 | Evaluator Episodes = 8878 | Evaluator Steps = 443900 | Learner Steps = 27218 | Learner Walltime = 5375.097 | Logits Neg = -17.558574676513672 | Logits Pos = -1.7756199836730957 | Logsumexp = 1.1058943271636963 | Steps Per Second = 117.999
I0502 16:35:51.399348 139555860620864 terminal.py:91] [Actor] Actor Episodes = 35040 | Actor Steps = 1752000 | Delta Dist = 12.445 | Delta Dist 10 = 4.480 | Delta Dist 100 = 4.776 | Delta Dist 1000 = 4.382 | Episode Length = 50 | Episode Return = 25.0 | Evaluator Episodes = 8880 | Evaluator Steps = 444000 | Final Dist = 0.361 | Final Dist 10 = 0.702 | Final Dist 100 = 1.077 | Final Dist 1000 = 1.537 | Init Dist = 12.806 | Init Dist 10 = 5.183 | Init Dist 100 = 5.853 | Init Dist 1000 = 5.919 | Learner Steps = 27220 | Learner Walltime = 5375.342 | Min Dist = 0.042 | Min Dist 10 = 0.048 | Min Dist 100 = 0.135 | Min Dist 1000 = 0.250 | Steps Per Second = 80.584 | Success = 1.000 | Success 1000 = 0.989
I0502 16:35:51.460397 139579566835264 terminal.py:91] [Evaluator] Actor Episodes = 35040 | Actor Steps = 1752000 | Delta Dist = 12.677 | Delta Dist 10 = 11.194 | Delta Dist 100 = 11.666 | Delta Dist 1000 = 11.652 | Episode Length = 50 | Episode Return = 18.0 | Evaluator Episodes = 8882 | Evaluator Steps = 444100 | Final Dist = 0.129 | Final Dist 10 = 1.612 | Final Dist 100 = 1.140 | Final Dist 1000 = 1.154 | Init Dist = 12.806 | Init Dist 10 = 12.806 | Init Dist 100 = 12.806 | Init Dist 1000 = 12.806 | Learner Steps = 27220 | Learner Walltime = 5375.342 | Min Dist = 0.095 | Min Dist 10 = 0.677 | Min Dist 100 = 0.423 | Min Dist 1000 = 0.461 | Steps Per Second = 83.126 | Success = 1.000 | Success 1000 = 0.953
I0502 16:35:52.525388 139557462840896 terminal.py:91] [Actor] Actor Episodes = 35046 | Actor Steps = 1752300 | Delta Dist = 8.263 | Delta Dist 10 = 4.547 | Delta Dist 100 = 4.763 | Delta Dist 1000 = 4.368 | Episode Length = 50 | Episode Return = 43.0 | Evaluator Episodes = 8882 | Evaluator Steps = 444100 | Final Dist = 0.222 | Final Dist 10 = 1.532 | Final Dist 100 = 1.093 | Final Dist 1000 = 1.548 | Init Dist = 8.485 | Init Dist 10 = 6.079 | Init Dist 100 = 5.856 | Init Dist 1000 = 5.916 | Learner Steps = 27220 | Learner Walltime = 5375.342 | Min Dist = 0.073 | Min Dist 10 = 0.060 | Min Dist 100 = 0.132 | Min Dist 1000 = 0.250 | Steps Per Second = 79.162 | Success = 1.000 | Success 1000 = 0.990
I0502 16:35:52.596472 139579566835264 terminal.py:91] [Evaluator] Actor Episodes = 35048 | Actor Steps = 1752400 | Delta Dist = 11.861 | Delta Dist 10 = 11.265 | Delta Dist 100 = 11.682 | Delta Dist 1000 = 11.653 | Episode Length = 50 | Episode Return = 24.0 | Evaluator Episodes = 8884 | Evaluator Steps = 444200 | Final Dist = 0.945 | Final Dist 10 = 1.541 | Final Dist 100 = 1.125 | Final Dist 1000 = 1.153 | Init Dist = 12.806 | Init Dist 10 = 12.806 | Init Dist 100 = 12.806 | Init Dist 1000 = 12.806 | Learner Steps = 27226 | Learner Walltime = 5376.731 | Min Dist = 0.471 | Min Dist 10 = 0.681 | Min Dist 100 = 0.425 | Min Dist 1000 = 0.461 | Steps Per Second = 92.092 | Success = 1.000 | Success 1000 = 0.953
I0502 16:35:53.771067 139579566835264 terminal.py:91] [Evaluator] Actor Episodes = 35054 | Actor Steps = 1752700 | Delta Dist = 12.321 | Delta Dist 10 = 11.722 | Delta Dist 100 = 11.685 | Delta Dist 1000 = 11.659 | Episode Length = 50 | Episode Return = 21.0 | Evaluator Episodes = 8886 | Evaluator Steps = 444300 | Final Dist = 0.485 | Final Dist 10 = 1.085 | Final Dist 100 = 1.121 | Final Dist 1000 = 1.147 | Init Dist = 12.806 | Init Dist 10 = 12.806 | Init Dist 100 = 12.806 | Init Dist 1000 = 12.806 | Learner Steps = 27232 | Learner Walltime = 5377.780 | Min Dist = 0.185 | Min Dist 10 = 0.202 | Min Dist 100 = 0.428 | Min Dist 1000 = 0.457 | Steps Per Second = 88.917 | Success = 1.000 | Success 1000 = 0.954
I0502 16:35:54.885870 139584504182336 lp_utils.py:96] StepsLimiter: Reached 1753000 recorded steps
I0502 16:35:54.981897 139579566835264 terminal.py:91] [Evaluator] Actor Episodes = 35062 | Actor Steps = 1753100 | Delta Dist = 11.547 | Delta Dist 10 = 11.949 | Delta Dist 100 = 11.695 | Delta Dist 1000 = 11.660 | Episode Length = 50 | Episode Return = 21.0 | Evaluator Episodes = 8888 | Evaluator Steps = 444400 | Final Dist = 1.259 | Final Dist 10 = 0.857 | Final Dist 100 = 1.111 | Final Dist 1000 = 1.146 | Init Dist = 12.806 | Init Dist 10 = 12.806 | Init Dist 100 = 12.806 | Init Dist 1000 = 12.806 | Learner Steps = 27238 | Learner Walltime = 5378.825 | Min Dist = 0.075 | Min Dist 10 = 0.175 | Min Dist 100 = 0.429 | Min Dist 1000 = 0.456 | Steps Per Second = 81.853 | Success = 1.000 | Success 1000 = 0.954
I0502 16:35:56.031308 139558059398720 terminal.py:91] [Actor] Actor Episodes = 35067 | Actor Steps = 1753350 | Delta Dist = 4.732 | Delta Dist 10 = 3.312 | Delta Dist 100 = 4.556 | Delta Dist 1000 = 4.361 | Episode Length = 50 | Episode Return = 25.0 | Evaluator Episodes = 8888 | Evaluator Steps = 444400 | Final Dist = 0.268 | Final Dist 10 = 1.179 | Final Dist 100 = 1.200 | Final Dist 1000 = 1.552 | Init Dist = 5.000 | Init Dist 10 = 4.492 | Init Dist 100 = 5.756 | Init Dist 1000 = 5.913 | Learner Steps = 27238 | Learner Walltime = 5378.825 | Min Dist = 0.067 | Min Dist 10 = 0.067 | Min Dist 100 = 0.119 | Min Dist 1000 = 0.249 | Steps Per Second = 78.419 | Success = 1.000 | Success 1000 = 0.990
I0502 16:35:56.204628 139579566835264 terminal.py:91] [Evaluator] Actor Episodes = 35070 | Actor Steps = 1753500 | Delta Dist = 12.596 | Delta Dist 10 = 11.204 | Delta Dist 100 = 11.614 | Delta Dist 1000 = 11.651 | Episode Length = 50 | Episode Return = 26.0 | Evaluator Episodes = 8890 | Evaluator Steps = 444500 | Final Dist = 0.211 | Final Dist 10 = 1.602 | Final Dist 100 = 1.192 | Final Dist 1000 = 1.155 | Init Dist = 12.806 | Init Dist 10 = 12.806 | Init Dist 100 = 12.806 | Init Dist 1000 = 12.806 | Learner Steps = 27243 | Learner Walltime = 5379.859 | Min Dist = 0.058 | Min Dist 10 = 1.020 | Min Dist 100 = 0.504 | Min Dist 1000 = 0.464 | Steps Per Second = 81.142 | Success = 1.000 | Success 1000 = 0.953
I0502 16:35:57.409735 139579566835264 terminal.py:91] [Evaluator] Actor Episodes = 35078 | Actor Steps = 1753900 | Delta Dist = 11.039 | Delta Dist 10 = 11.296 | Delta Dist 100 = 11.628 | Delta Dist 1000 = 11.652 | Episode Length = 50 | Episode Return = 1.0 | Evaluator Episodes = 8892 | Evaluator Steps = 444600 | Final Dist = 1.767 | Final Dist 10 = 1.510 | Final Dist 100 = 1.178 | Final Dist 1000 = 1.154 | Init Dist = 12.806 | Init Dist 10 = 12.806 | Init Dist 100 = 12.806 | Init Dist 1000 = 12.806 | Learner Steps = 27248 | Learner Walltime = 5380.905 | Min Dist = 0.307 | Min Dist 10 = 1.007 | Min Dist 100 = 0.502 | Min Dist 1000 = 0.463 | Steps Per Second = 91.760 | Success = 1.000 | Success 1000 = 0.953
I0502 16:35:58.703818 139579566835264 terminal.py:91] [Evaluator] Actor Episodes = 35084 | Actor Steps = 1754200 | Delta Dist = 11.717 | Delta Dist 10 = 11.235 | Delta Dist 100 = 11.628 | Delta Dist 1000 = 11.653 | Episode Length = 50 | Episode Return = 29.0 | Evaluator Episodes = 8894 | Evaluator Steps = 444700 | Final Dist = 1.089 | Final Dist 10 = 1.571 | Final Dist 100 = 1.178 | Final Dist 1000 = 1.153 | Init Dist = 12.806 | Init Dist 10 = 12.806 | Init Dist 100 = 12.806 | Init Dist 1000 = 12.806 | Learner Steps = 27253 | Learner Walltime = 5381.967 | Min Dist = 0.133 | Min Dist 10 = 1.012 | Min Dist 100 = 0.504 | Min Dist 1000 = 0.463 | Steps Per Second = 76.849 | Success = 1.000 | Success 1000 = 0.953
I0502 16:35:59.120353 139569349502528 terminal.py:91] [Actor] Actor Episodes = 35085 | Actor Steps = 1754250 | Delta Dist = 3.923 | Delta Dist 10 = 5.666 | Delta Dist 100 = 4.503 | Delta Dist 1000 = 4.369 | Episode Length = 50 | Episode Return = 16.0 | Evaluator Episodes = 8892 | Evaluator Steps = 444600 | Final Dist = 0.200 | Final Dist 10 = 0.428 | Final Dist 100 = 1.187 | Final Dist 1000 = 1.549 | Init Dist = 4.123 | Init Dist 10 = 6.094 | Init Dist 100 = 5.690 | Init Dist 1000 = 5.918 | Learner Steps = 27253 | Learner Walltime = 5381.967 | Min Dist = 0.054 | Min Dist 10 = 0.035 | Min Dist 100 = 0.119 | Min Dist 1000 = 0.249 | Steps Per Second = 80.941 | Success = 1.000 | Success 1000 = 0.990
I0502 16:36:00.031203 139579566835264 terminal.py:91] [Evaluator] Actor Episodes = 35092 | Actor Steps = 1754600 | Delta Dist = 12.223 | Delta Dist 10 = 11.158 | Delta Dist 100 = 11.615 | Delta Dist 1000 = 11.653 | Episode Length = 50 | Episode Return = 18.0 | Evaluator Episodes = 8896 | Evaluator Steps = 444800 | Final Dist = 0.583 | Final Dist 10 = 1.648 | Final Dist 100 = 1.191 | Final Dist 1000 = 1.154 | Init Dist = 12.806 | Init Dist 10 = 12.806 | Init Dist 100 = 12.806 | Init Dist 1000 = 12.806 | Learner Steps = 27263 | Learner Walltime = 5384.104 | Min Dist = 0.190 | Min Dist 10 = 0.978 | Min Dist 100 = 0.504 | Min Dist 1000 = 0.463 | Steps Per Second = 77.958 | Success = 1.000 | Success 1000 = 0.953
I0502 16:36:01.003632 139555013154368 terminal.py:91] [Learner] Actor Episodes = 35098 | Actor Loss = 3.6420836448669434 | Actor Steps = 1754900 | Binary Accuracy = 0.9961133003234863 | Categorical Accuracy = 0.4310302734375 | Critic Loss = 1.7703417539596558 | Entropy Mean = -19.86703872680664 | Evaluator Episodes = 8896 | Evaluator Steps = 444800 | Learner Steps = 27269 | Learner Walltime = 5385.201 | Logits Neg = -17.085798263549805 | Logits Pos = -1.7630640268325806 | Logsumexp = 1.0371482372283936 | Steps Per Second = 350.067
I0502 16:36:01.234573 139579566835264 terminal.py:91] [Evaluator] Actor Episodes = 35100 | Actor Steps = 1755000 | Delta Dist = 11.741 | Delta Dist 10 = 11.143 | Delta Dist 100 = 11.636 | Delta Dist 1000 = 11.653 | Episode Length = 50 | Episode Return = 1.0 | Evaluator Episodes = 8898 | Evaluator Steps = 444900 | Final Dist = 1.065 | Final Dist 10 = 1.663 | Final Dist 100 = 1.170 | Final Dist 1000 = 1.153 | Init Dist = 12.806 | Init Dist 10 = 12.806 | Init Dist 100 = 12.806 | Init Dist 1000 = 12.806 | Learner Steps = 27269 | Learner Walltime = 5385.201 | Min Dist = 0.963 | Min Dist 10 = 0.984 | Min Dist 100 = 0.502 | Min Dist 1000 = 0.463 | Steps Per Second = 83.148 | Success = 1.000 | Success 1000 = 0.953
I0502 16:36:01.537896 139555860620864 terminal.py:91] [Actor] Actor Episodes = 35104 | Actor Steps = 1755200 | Delta Dist = 5.882 | Delta Dist 10 = 5.307 | Delta Dist 100 = 4.614 | Delta Dist 1000 = 4.350 | Episode Length = 50 | Episode Return = 35.0 | Evaluator Episodes = 8898 | Evaluator Steps = 444900 | Final Dist = 0.118 | Final Dist 10 = 1.090 | Final Dist 100 = 1.122 | Final Dist 1000 = 1.557 | Init Dist = 6.000 | Init Dist 10 = 6.398 | Init Dist 100 = 5.737 | Init Dist 1000 = 5.907 | Learner Steps = 27269 | Learner Walltime = 5385.201 | Min Dist = 0.118 | Min Dist 10 = 0.076 | Min Dist 100 = 0.114 | Min Dist 1000 = 0.249 | Steps Per Second = 78.200 | Success = 1.000 | Success 1000 = 0.990
I0502 16:36:02.498534 139579566835264 terminal.py:91] [Evaluator] Actor Episodes = 35108 | Actor Steps = 1755400 | Delta Dist = 12.347 | Delta Dist 10 = 11.947 | Delta Dist 100 = 11.641 | Delta Dist 1000 = 11.653 | Episode Length = 50 | Episode Return = 27.0 | Evaluator Episodes = 8900 | Evaluator Steps = 445000 | Final Dist = 0.459 | Final Dist 10 = 0.859 | Final Dist 100 = 1.165 | Final Dist 1000 = 1.153 | Init Dist = 12.806 | Init Dist 10 = 12.806 | Init Dist 100 = 12.806 | Init Dist 1000 = 12.806 | Learner Steps = 27275 | Learner Walltime = 5386.499 | Min Dist = 0.063 | Min Dist 10 = 0.217 | Min Dist 100 = 0.505 | Min Dist 1000 = 0.464 | Steps Per Second = 75.363 | Success = 1.000 | Success 1000 = 0.953
I0502 16:36:02.663812 139557462840896 terminal.py:91] [Actor] Actor Episodes = 35110 | Actor Steps = 1755500 | Delta Dist = 5.655 | Delta Dist 10 = 7.012 | Delta Dist 100 = 4.894 | Delta Dist 1000 = 4.373 | Episode Length = 50 | Episode Return = 41.0 | Evaluator Episodes = 8900 | Evaluator Steps = 445000 | Final Dist = 0.176 | Final Dist 10 = 0.497 | Final Dist 100 = 1.123 | Final Dist 1000 = 1.544 | Init Dist = 5.831 | Init Dist 10 = 7.508 | Init Dist 100 = 6.018 | Init Dist 1000 = 5.918 | Learner Steps = 27275 | Learner Walltime = 5386.499 | Min Dist = 0.035 | Min Dist 10 = 0.067 | Min Dist 100 = 0.111 | Min Dist 1000 = 0.248 | Steps Per Second = 74.123 | Success = 1.000 | Success 1000 = 0.990
I0502 16:36:03.629122 139579566835264 terminal.py:91] [Evaluator] Actor Episodes = 35116 | Actor Steps = 1755800 | Delta Dist = 11.312 | Delta Dist 10 = 11.912 | Delta Dist 100 = 11.647 | Delta Dist 1000 = 11.654 | Episode Length = 50 | Episode Return = 2.0 | Evaluator Episodes = 8902 | Evaluator Steps = 445100 | Final Dist = 1.495 | Final Dist 10 = 0.895 | Final Dist 100 = 1.160 | Final Dist 1000 = 1.152 | Init Dist = 12.806 | Init Dist 10 = 12.806 | Init Dist 100 = 12.806 | Init Dist 1000 = 12.806 | Learner Steps = 27281 | Learner Walltime = 5387.754 | Min Dist = 0.582 | Min Dist 10 = 0.255 | Min Dist 100 = 0.507 | Min Dist 1000 = 0.464 | Steps Per Second = 97.020 | Success = 1.000 | Success 1000 = 0.953
I0502 16:36:04.761084 139579566835264 terminal.py:91] [Evaluator] Actor Episodes = 35124 | Actor Steps = 1756200 | Delta Dist = 12.392 | Delta Dist 10 = 11.927 | Delta Dist 100 = 11.640 | Delta Dist 1000 = 11.660 | Episode Length = 50 | Episode Return = 26.0 | Evaluator Episodes = 8904 | Evaluator Steps = 445200 | Final Dist = 0.414 | Final Dist 10 = 0.879 | Final Dist 100 = 1.166 | Final Dist 1000 = 1.147 | Init Dist = 12.806 | Init Dist 10 = 12.806 | Init Dist 100 = 12.806 | Init Dist 1000 = 12.806 | Learner Steps = 27286 | Learner Walltime = 5388.846 | Min Dist = 0.061 | Min Dist 10 = 0.289 | Min Dist 100 = 0.512 | Min Dist 1000 = 0.459 | Steps Per Second = 86.549 | Success = 1.000 | Success 1000 = 0.954
I0502 16:36:04.905553 139584504182336 lp_utils.py:96] StepsLimiter: Reached 1756200 recorded steps
I0502 16:36:05.970440 139579566835264 terminal.py:91] [Evaluator] Actor Episodes = 35130 | Actor Steps = 1756500 | Delta Dist = 11.722 | Delta Dist 10 = 12.118 | Delta Dist 100 = 11.648 | Delta Dist 1000 = 11.661 | Episode Length = 50 | Episode Return = 25.0 | Evaluator Episodes = 8906 | Evaluator Steps = 445300 | Final Dist = 1.084 | Final Dist 10 = 0.688 | Final Dist 100 = 1.158 | Final Dist 1000 = 1.145 | Init Dist = 12.806 | Init Dist 10 = 12.806 | Init Dist 100 = 12.806 | Init Dist 1000 = 12.806 | Learner Steps = 27286 | Learner Walltime = 5388.846 | Min Dist = 0.134 | Min Dist 10 = 0.282 | Min Dist 100 = 0.506 | Min Dist 1000 = 0.458 | Steps Per Second = 77.992 | Success = 1.000 | Success 1000 = 0.954
I0502 16:36:06.592053 139558059398720 terminal.py:91] [Actor] Actor Episodes = 35138 | Actor Steps = 1756900 | Delta Dist = 8.023 | Delta Dist 10 = 2.540 | Delta Dist 100 = 4.403 | Delta Dist 1000 = 4.354 | Episode Length = 50 | Episode Return = 27.0 | Evaluator Episodes = 8906 | Evaluator Steps = 445300 | Final Dist = 0.462 | Final Dist 10 = 1.482 | Final Dist 100 = 1.160 | Final Dist 1000 = 1.537 | Init Dist = 8.485 | Init Dist 10 = 4.022 | Init Dist 100 = 5.564 | Init Dist 1000 = 5.891 | Learner Steps = 27293 | Learner Walltime = 5390.260 | Min Dist = 0.118 | Min Dist 10 = 0.142 | Min Dist 100 = 0.072 | Min Dist 1000 = 0.230 | Steps Per Second = 83.791 | Success = 1.000 | Success 1000 = 0.991
I0502 16:36:07.138409 139579566835264 terminal.py:91] [Evaluator] Actor Episodes = 35138 | Actor Steps = 1756900 | Delta Dist = 12.237 | Delta Dist 10 = 11.988 | Delta Dist 100 = 11.643 | Delta Dist 1000 = 11.661 | Episode Length = 50 | Episode Return = 22.0 | Evaluator Episodes = 8908 | Evaluator Steps = 445400 | Final Dist = 0.569 | Final Dist 10 = 0.818 | Final Dist 100 = 1.163 | Final Dist 1000 = 1.145 | Init Dist = 12.806 | Init Dist 10 = 12.806 | Init Dist 100 = 12.806 | Init Dist 1000 = 12.806 | Learner Steps = 27293 | Learner Walltime = 5390.260 | Min Dist = 0.215 | Min Dist 10 = 0.272 | Min Dist 100 = 0.502 | Min Dist 1000 = 0.457 | Steps Per Second = 84.912 | Success = 1.000 | Success 1000 = 0.954
I0502 16:36:08.304750 139579566835264 terminal.py:91] [Evaluator] Actor Episodes = 35147 | Actor Steps = 1757350 | Delta Dist = 11.477 | Delta Dist 10 = 12.092 | Delta Dist 100 = 11.651 | Delta Dist 1000 = 11.671 | Episode Length = 50 | Episode Return = 10.0 | Evaluator Episodes = 8910 | Evaluator Steps = 445500 | Final Dist = 1.329 | Final Dist 10 = 0.714 | Final Dist 100 = 1.155 | Final Dist 1000 = 1.135 | Init Dist = 12.806 | Init Dist 10 = 12.806 | Init Dist 100 = 12.806 | Init Dist 1000 = 12.806 | Learner Steps = 27300 | Learner Walltime = 5391.367 | Min Dist = 0.037 | Min Dist 10 = 0.215 | Min Dist 100 = 0.502 | Min Dist 1000 = 0.449 | Steps Per Second = 86.115 | Success = 1.000 | Success 1000 = 0.955
I0502 16:36:09.533030 139579566835264 terminal.py:91] [Evaluator] Actor Episodes = 35155 | Actor Steps = 1757750 | Delta Dist = 12.318 | Delta Dist 10 = 12.101 | Delta Dist 100 = 11.647 | Delta Dist 1000 = 11.670 | Episode Length = 50 | Episode Return = 20.0 | Evaluator Episodes = 8912 | Evaluator Steps = 445600 | Final Dist = 0.488 | Final Dist 10 = 0.705 | Final Dist 100 = 1.160 | Final Dist 1000 = 1.136 | Init Dist = 12.806 | Init Dist 10 = 12.806 | Init Dist 100 = 12.806 | Init Dist 1000 = 12.806 | Learner Steps = 27306 | Learner Walltime = 5392.522 | Min Dist = 0.056 | Min Dist 10 = 0.167 | Min Dist 100 = 0.495 | Min Dist 1000 = 0.449 | Steps Per Second = 76.156 | Success = 1.000 | Success 1000 = 0.955
I0502 16:36:09.687025 139569349502528 terminal.py:91] [Actor] Actor Episodes = 35157 | Actor Steps = 1757850 | Delta Dist = 1.589 | Delta Dist 10 = 5.719 | Delta Dist 100 = 4.660 | Delta Dist 1000 = 4.373 | Episode Length = 50 | Episode Return = 39.0 | Evaluator Episodes = 8912 | Evaluator Steps = 445600 | Final Dist = 0.647 | Final Dist 10 = 1.384 | Final Dist 100 = 1.134 | Final Dist 1000 = 1.543 | Init Dist = 2.236 | Init Dist 10 = 7.103 | Init Dist 100 = 5.793 | Init Dist 1000 = 5.916 | Learner Steps = 27313 | Learner Walltime = 5393.779 | Min Dist = 0.091 | Min Dist 10 = 0.088 | Min Dist 100 = 0.076 | Min Dist 1000 = 0.230 | Steps Per Second = 74.263 | Success = 1.000 | Success 1000 = 0.992
I0502 16:36:10.833906 139579566835264 terminal.py:91] [Evaluator] Actor Episodes = 35163 | Actor Steps = 1758150 | Delta Dist = 6.516 | Delta Dist 10 = 12.199 | Delta Dist 100 = 11.649 | Delta Dist 1000 = 11.672 | Episode Length = 50 | Episode Return = 0.0 | Evaluator Episodes = 8914 | Evaluator Steps = 445700 | Final Dist = 6.290 | Final Dist 10 = 0.607 | Final Dist 100 = 1.157 | Final Dist 1000 = 1.134 | Init Dist = 12.806 | Init Dist 10 = 12.806 | Init Dist 100 = 12.806 | Init Dist 1000 = 12.806 | Learner Steps = 27318 | Learner Walltime = 5395.032 | Min Dist = 3.711 | Min Dist 10 = 0.096 | Min Dist 100 = 0.493 | Min Dist 1000 = 0.449 | Steps Per Second = 75.832 | Success = 0.000 | Success 1000 = 0.955
I0502 16:36:11.004805 139584635659840 savers.py:156] Saving checkpoint: logs/contrastive_cpc_point_FourRooms_64/5dd72662-2788-11f0-b183-d85ed38c5779/checkpoints/counter
I0502 16:36:11.083547 139555013154368 terminal.py:91] [Learner] Actor Episodes = 35163 | Actor Loss = 3.593405246734619 | Actor Steps = 1758150 | Binary Accuracy = 0.9960458278656006 | Categorical Accuracy = 0.43182373046875 | Critic Loss = 1.7653921842575073 | Entropy Mean = -22.602588653564453 | Evaluator Episodes = 8912 | Evaluator Steps = 445600 | Learner Steps = 27320 | Learner Walltime = 5395.279 | Logits Neg = -17.060455322265625 | Logits Pos = -1.6995831727981567 | Logsumexp = 1.121782898902893 | Steps Per Second = 374.994
I0502 16:36:12.127959 139579566835264 terminal.py:91] [Evaluator] Actor Episodes = 35171 | Actor Steps = 1758550 | Delta Dist = 12.517 | Delta Dist 10 = 11.492 | Delta Dist 100 = 11.594 | Delta Dist 1000 = 11.666 | Episode Length = 50 | Episode Return = 3.0 | Evaluator Episodes = 8916 | Evaluator Steps = 445800 | Final Dist = 0.290 | Final Dist 10 = 1.314 | Final Dist 100 = 1.212 | Final Dist 1000 = 1.140 | Init Dist = 12.806 | Init Dist 10 = 12.806 | Init Dist 100 = 12.806 | Init Dist 1000 = 12.806 | Learner Steps = 27325 | Learner Walltime = 5396.121 | Min Dist = 0.290 | Min Dist 10 = 0.457 | Min Dist 100 = 0.528 | Min Dist 1000 = 0.452 | Steps Per Second = 80.077 | Success = 1.000 | Success 1000 = 0.954
I0502 16:36:12.131364 139555860620864 terminal.py:91] [Actor] Actor Episodes = 35170 | Actor Steps = 1758500 | Delta Dist = 3.009 | Delta Dist 10 = 5.143 | Delta Dist 100 = 4.814 | Delta Dist 1000 = 4.377 | Episode Length = 50 | Episode Return = 31.0 | Evaluator Episodes = 8914 | Evaluator Steps = 445700 | Final Dist = 1.114 | Final Dist 10 = 0.637 | Final Dist 100 = 1.101 | Final Dist 1000 = 1.545 | Init Dist = 4.123 | Init Dist 10 = 5.780 | Init Dist 100 = 5.914 | Init Dist 1000 = 5.922 | Learner Steps = 27318 | Learner Walltime = 5395.032 | Min Dist = 0.093 | Min Dist 10 = 0.062 | Min Dist 100 = 0.076 | Min Dist 1000 = 0.230 | Steps Per Second = 77.340 | Success = 1.000 | Success 1000 = 0.992
I0502 16:36:12.882347 139557462840896 terminal.py:91] [Actor] Actor Episodes = 35176 | Actor Steps = 1758800 | Delta Dist = 3.117 | Delta Dist 10 = 3.164 | Delta Dist 100 = 4.717 | Delta Dist 1000 = 4.368 | Episode Length = 50 | Episode Return = 34.0 | Evaluator Episodes = 8916 | Evaluator Steps = 445800 | Final Dist = 0.045 | Final Dist 10 = 1.634 | Final Dist 100 = 1.136 | Final Dist 1000 = 1.546 | Init Dist = 3.162 | Init Dist 10 = 4.798 | Init Dist 100 = 5.853 | Init Dist 1000 = 5.915 | Learner Steps = 27325 | Learner Walltime = 5396.121 | Min Dist = 0.045 | Min Dist 10 = 0.056 | Min Dist 100 = 0.071 | Min Dist 1000 = 0.230 | Steps Per Second = 86.967 | Success = 1.000 | Success 1000 = 0.992
I0502 16:36:13.339112 139579566835264 terminal.py:91] [Evaluator] Actor Episodes = 35179 | Actor Steps = 1758950 | Delta Dist = 11.538 | Delta Dist 10 = 11.587 | Delta Dist 100 = 11.608 | Delta Dist 1000 = 11.666 | Episode Length = 50 | Episode Return = 15.0 | Evaluator Episodes = 8918 | Evaluator Steps = 445900 | Final Dist = 1.268 | Final Dist 10 = 1.219 | Final Dist 100 = 1.198 | Final Dist 1000 = 1.140 | Init Dist = 12.806 | Init Dist 10 = 12.806 | Init Dist 100 = 12.806 | Init Dist 1000 = 12.806 | Learner Steps = 27329 | Learner Walltime = 5397.168 | Min Dist = 0.149 | Min Dist 10 = 0.474 | Min Dist 100 = 0.525 | Min Dist 1000 = 0.452 | Steps Per Second = 86.248 | Success = 1.000 | Success 1000 = 0.954
I0502 16:36:14.736159 139579566835264 terminal.py:91] [Evaluator] Actor Episodes = 35187 | Actor Steps = 1759350 | Delta Dist = 12.596 | Delta Dist 10 = 11.503 | Delta Dist 100 = 11.603 | Delta Dist 1000 = 11.672 | Episode Length = 50 | Episode Return = 20.0 | Evaluator Episodes = 8920 | Evaluator Steps = 446000 | Final Dist = 0.210 | Final Dist 10 = 1.304 | Final Dist 100 = 1.203 | Final Dist 1000 = 1.135 | Init Dist = 12.806 | Init Dist 10 = 12.806 | Init Dist 100 = 12.806 | Init Dist 1000 = 12.806 | Learner Steps = 27335 | Learner Walltime = 5398.296 | Min Dist = 0.134 | Min Dist 10 = 0.470 | Min Dist 100 = 0.525 | Min Dist 1000 = 0.449 | Steps Per Second = 67.873 | Success = 1.000 | Success 1000 = 0.955
I0502 16:36:14.923611 139584504182336 lp_utils.py:96] StepsLimiter: Reached 1759450 recorded steps
I0502 16:36:16.031991 139579566835264 terminal.py:91] [Evaluator] Actor Episodes = 35195 | Actor Steps = 1759750 | Delta Dist = 12.442 | Delta Dist 10 = 11.572 | Delta Dist 100 = 11.613 | Delta Dist 1000 = 11.673 | Episode Length = 50 | Episode Return = 3.0 | Evaluator Episodes = 8922 | Evaluator Steps = 446100 | Final Dist = 0.364 | Final Dist 10 = 1.234 | Final Dist 100 = 1.194 | Final Dist 1000 = 1.133 | Init Dist = 12.806 | Init Dist 10 = 12.806 | Init Dist 100 = 12.806 | Init Dist 1000 = 12.806 | Learner Steps = 27341 | Learner Walltime = 5399.596 | Min Dist = 0.165 | Min Dist 10 = 0.480 | Min Dist 100 = 0.522 | Min Dist 1000 = 0.448 | Steps Per Second = 78.164 | Success = 1.000 | Success 1000 = 0.955
I0502 16:36:17.122665 139558059398720 terminal.py:91] [Actor] Actor Episodes = 35205 | Actor Steps = 1760250 | Delta Dist = 0.969 | Delta Dist 10 = 3.455 | Delta Dist 100 = 4.437 | Delta Dist 1000 = 4.375 | Episode Length = 50 | Episode Return = 44.0 | Evaluator Episodes = 8922 | Evaluator Steps = 446100 | Final Dist = 6.841 | Final Dist 10 = 1.509 | Final Dist 100 = 1.341 | Final Dist 1000 = 1.539 | Init Dist = 7.810 | Init Dist 10 = 4.964 | Init Dist 100 = 5.779 | Init Dist 1000 = 5.914 | Learner Steps = 27347 | Learner Walltime = 5400.712 | Min Dist = 0.327 | Min Dist 10 = 0.109 | Min Dist 100 = 0.085 | Min Dist 1000 = 0.224 | Steps Per Second = 82.778 | Success = 1.000 | Success 1000 = 0.992
I0502 16:36:17.180404 139579566835264 terminal.py:91] [Evaluator] Actor Episodes = 35205 | Actor Steps = 1760250 | Delta Dist = 11.542 | Delta Dist 10 = 11.540 | Delta Dist 100 = 11.614 | Delta Dist 1000 = 11.674 | Episode Length = 50 | Episode Return = 20.0 | Evaluator Episodes = 8924 | Evaluator Steps = 446200 | Final Dist = 1.264 | Final Dist 10 = 1.266 | Final Dist 100 = 1.192 | Final Dist 1000 = 1.132 | Init Dist = 12.806 | Init Dist 10 = 12.806 | Init Dist 100 = 12.806 | Init Dist 1000 = 12.806 | Learner Steps = 27347 | Learner Walltime = 5400.712 | Min Dist = 0.152 | Min Dist 10 = 0.494 | Min Dist 100 = 0.522 | Min Dist 1000 = 0.448 | Steps Per Second = 82.159 | Success = 1.000 | Success 1000 = 0.955
I0502 16:36:17.832573 139583350109760 savers.py:156] Saving checkpoint: logs/contrastive_cpc_point_FourRooms_64/5dd72662-2788-11f0-b183-d85ed38c5779/checkpoints/learner
I0502 16:36:18.423845 139579566835264 terminal.py:91] [Evaluator] Actor Episodes = 35213 | Actor Steps = 1760650 | Delta Dist = 11.430 | Delta Dist 10 = 12.079 | Delta Dist 100 = 11.597 | Delta Dist 1000 = 11.675 | Episode Length = 50 | Episode Return = 16.0 | Evaluator Episodes = 8926 | Evaluator Steps = 446300 | Final Dist = 1.376 | Final Dist 10 = 0.727 | Final Dist 100 = 1.209 | Final Dist 1000 = 1.132 | Init Dist = 12.806 | Init Dist 10 = 12.806 | Init Dist 100 = 12.806 | Init Dist 1000 = 12.806 | Learner Steps = 27353 | Learner Walltime = 5401.714 | Min Dist = 0.363 | Min Dist 10 = 0.136 | Min Dist 100 = 0.518 | Min Dist 1000 = 0.447 | Steps Per Second = 84.163 | Success = 1.000 | Success 1000 = 0.955
I0502 16:36:19.685534 139579566835264 terminal.py:91] [Evaluator] Actor Episodes = 35219 | Actor Steps = 1760950 | Delta Dist = 4.066 | Delta Dist 10 = 12.007 | Delta Dist 100 = 11.595 | Delta Dist 1000 = 11.674 | Episode Length = 50 | Episode Return = 0.0 | Evaluator Episodes = 8928 | Evaluator Steps = 446400 | Final Dist = 8.740 | Final Dist 10 = 0.799 | Final Dist 100 = 1.211 | Final Dist 1000 = 1.132 | Init Dist = 12.806 | Init Dist 10 = 12.806 | Init Dist 100 = 12.806 | Init Dist 1000 = 12.806 | Learner Steps = 27358 | Learner Walltime = 5402.949 | Min Dist = 8.460 | Min Dist 10 = 0.186 | Min Dist 100 = 0.522 | Min Dist 1000 = 0.447 | Steps Per Second = 78.291 | Success = 0.000 | Success 1000 = 0.955
I0502 16:36:19.907328 139569349502528 terminal.py:91] [Actor] Actor Episodes = 35223 | Actor Steps = 1761150 | Delta Dist = 5.561 | Delta Dist 10 = 0.778 | Delta Dist 100 = 3.953 | Delta Dist 1000 = 4.337 | Episode Length = 50 | Episode Return = 22.0 | Evaluator Episodes = 8928 | Evaluator Steps = 446400 | Final Dist = 1.439 | Final Dist 10 = 3.405 | Final Dist 100 = 1.757 | Final Dist 1000 = 1.573 | Init Dist = 7.000 | Init Dist 10 = 4.183 | Init Dist 100 = 5.710 | Init Dist 1000 = 5.910 | Learner Steps = 27363 | Learner Walltime = 5403.970 | Min Dist = 0.128 | Min Dist 10 = 0.094 | Min Dist 100 = 0.103 | Min Dist 1000 = 0.218 | Steps Per Second = 78.223 | Success = 1.000 | Success 1000 = 0.992
I0502 16:36:20.835780 139579566835264 terminal.py:91] [Evaluator] Actor Episodes = 35229 | Actor Steps = 1761450 | Delta Dist = 12.587 | Delta Dist 10 = 11.283 | Delta Dist 100 = 11.537 | Delta Dist 1000 = 11.668 | Episode Length = 50 | Episode Return = 16.0 | Evaluator Episodes = 8930 | Evaluator Steps = 446500 | Final Dist = 0.219 | Final Dist 10 = 1.524 | Final Dist 100 = 1.269 | Final Dist 1000 = 1.138 | Init Dist = 12.806 | Init Dist 10 = 12.806 | Init Dist 100 = 12.806 | Init Dist 1000 = 12.806 | Learner Steps = 27363 | Learner Walltime = 5403.970 | Min Dist = 0.070 | Min Dist 10 = 1.009 | Min Dist 100 = 0.601 | Min Dist 1000 = 0.455 | Steps Per Second = 85.568 | Success = 1.000 | Success 1000 = 0.954
I0502 16:36:21.353489 139555013154368 terminal.py:91] [Learner] Actor Episodes = 35229 | Actor Loss = 3.649087429046631 | Actor Steps = 1761450 | Binary Accuracy = 0.9960854053497314 | Categorical Accuracy = 0.4285888671875 | Critic Loss = 1.8092468976974487 | Entropy Mean = -19.98223114013672 | Evaluator Episodes = 8930 | Evaluator Steps = 446500 | Learner Steps = 27372 | Learner Walltime = 5405.553 | Logits Neg = -16.898937225341797 | Logits Pos = -1.8073545694351196 | Logsumexp = 1.1799023151397705 | Steps Per Second = 213.695
I0502 16:36:22.061223 139579566835264 terminal.py:91] [Evaluator] Actor Episodes = 35237 | Actor Steps = 1761850 | Delta Dist = 12.595 | Delta Dist 10 = 11.301 | Delta Dist 100 = 11.554 | Delta Dist 1000 = 11.669 | Episode Length = 50 | Episode Return = 21.0 | Evaluator Episodes = 8932 | Evaluator Steps = 446600 | Final Dist = 0.211 | Final Dist 10 = 1.505 | Final Dist 100 = 1.253 | Final Dist 1000 = 1.138 | Init Dist = 12.806 | Init Dist 10 = 12.806 | Init Dist 100 = 12.806 | Init Dist 1000 = 12.806 | Learner Steps = 27369 | Learner Walltime = 5405.104 | Min Dist = 0.198 | Min Dist 10 = 1.028 | Min Dist 100 = 0.595 | Min Dist 1000 = 0.455 | Steps Per Second = 80.897 | Success = 1.000 | Success 1000 = 0.954
I0502 16:36:22.712784 139555860620864 terminal.py:91] [Actor] Actor Episodes = 35241 | Actor Steps = 1762050 | Delta Dist = 4.173 | Delta Dist 10 = 3.889 | Delta Dist 100 = 4.176 | Delta Dist 1000 = 4.329 | Episode Length = 50 | Episode Return = 0.0 | Evaluator Episodes = 8932 | Evaluator Steps = 446600 | Final Dist = 2.898 | Final Dist 10 = 1.070 | Final Dist 100 = 1.680 | Final Dist 1000 = 1.582 | Init Dist = 7.071 | Init Dist 10 = 4.959 | Init Dist 100 = 5.856 | Init Dist 1000 = 5.912 | Learner Steps = 27376 | Learner Walltime = 5406.419 | Min Dist = 0.056 | Min Dist 10 = 0.088 | Min Dist 100 = 0.100 | Min Dist 1000 = 0.219 | Steps Per Second = 84.749 | Success = 1.000 | Success 1000 = 0.992
I0502 16:36:23.030539 139557462840896 terminal.py:91] [Actor] Actor Episodes = 35243 | Actor Steps = 1762150 | Delta Dist = 2.246 | Delta Dist 10 = 4.743 | Delta Dist 100 = 4.101 | Delta Dist 1000 = 4.321 | Episode Length = 50 | Episode Return = 32.0 | Evaluator Episodes = 8932 | Evaluator Steps = 446600 | Final Dist = 0.916 | Final Dist 10 = 1.092 | Final Dist 100 = 1.653 | Final Dist 1000 = 1.583 | Init Dist = 3.162 | Init Dist 10 = 5.835 | Init Dist 100 = 5.754 | Init Dist 1000 = 5.904 | Learner Steps = 27376 | Learner Walltime = 5406.419 | Min Dist = 0.032 | Min Dist 10 = 0.068 | Min Dist 100 = 0.100 | Min Dist 1000 = 0.219 | Steps Per Second = 89.040 | Success = 1.000 | Success 1000 = 0.992
I0502 16:36:23.209976 139579566835264 terminal.py:91] [Evaluator] Actor Episodes = 35245 | Actor Steps = 1762250 | Delta Dist = 11.337 | Delta Dist 10 = 11.306 | Delta Dist 100 = 11.562 | Delta Dist 1000 = 11.669 | Episode Length = 50 | Episode Return = 16.0 | Evaluator Episodes = 8934 | Evaluator Steps = 446700 | Final Dist = 1.469 | Final Dist 10 = 1.501 | Final Dist 100 = 1.245 | Final Dist 1000 = 1.137 | Init Dist = 12.806 | Init Dist 10 = 12.806 | Init Dist 100 = 12.806 | Init Dist 1000 = 12.806 | Learner Steps = 27376 | Learner Walltime = 5406.419 | Min Dist = 0.221 | Min Dist 10 = 1.045 | Min Dist 100 = 0.598 | Min Dist 1000 = 0.455 | Steps Per Second = 88.910 | Success = 1.000 | Success 1000 = 0.954
I0502 16:36:24.403650 139579566835264 terminal.py:91] [Evaluator] Actor Episodes = 35253 | Actor Steps = 1762650 | Delta Dist = 12.277 | Delta Dist 10 = 11.290 | Delta Dist 100 = 11.553 | Delta Dist 1000 = 11.669 | Episode Length = 50 | Episode Return = 28.0 | Evaluator Episodes = 8936 | Evaluator Steps = 446800 | Final Dist = 0.529 | Final Dist 10 = 1.516 | Final Dist 100 = 1.253 | Final Dist 1000 = 1.137 | Init Dist = 12.806 | Init Dist 10 = 12.806 | Init Dist 100 = 12.806 | Init Dist 1000 = 12.806 | Learner Steps = 27386 | Learner Walltime = 5408.439 | Min Dist = 0.235 | Min Dist 10 = 1.070 | Min Dist 100 = 0.600 | Min Dist 1000 = 0.455 | Steps Per Second = 84.589 | Success = 1.000 | Success 1000 = 0.954
I0502 16:36:24.943930 139584504182336 lp_utils.py:96] StepsLimiter: Reached 1762750 recorded steps
I0502 16:36:25.588581 139579566835264 terminal.py:91] [Evaluator] Actor Episodes = 35261 | Actor Steps = 1763050 | Delta Dist = 11.730 | Delta Dist 10 = 11.367 | Delta Dist 100 = 11.610 | Delta Dist 1000 = 11.671 | Episode Length = 50 | Episode Return = 9.0 | Evaluator Episodes = 8938 | Evaluator Steps = 446900 | Final Dist = 1.077 | Final Dist 10 = 1.440 | Final Dist 100 = 1.197 | Final Dist 1000 = 1.135 | Init Dist = 12.806 | Init Dist 10 = 12.806 | Init Dist 100 = 12.806 | Init Dist 1000 = 12.806 | Learner Steps = 27393 | Learner Walltime = 5409.782 | Min Dist = 0.199 | Min Dist 10 = 1.045 | Min Dist 100 = 0.539 | Min Dist 1000 = 0.455 | Steps Per Second = 91.781 | Success = 1.000 | Success 1000 = 0.954
I0502 16:36:26.697741 139579566835264 terminal.py:91] [Evaluator] Actor Episodes = 35269 | Actor Steps = 1763450 | Delta Dist = 11.445 | Delta Dist 10 = 12.032 | Delta Dist 100 = 11.607 | Delta Dist 1000 = 11.671 | Episode Length = 50 | Episode Return = 7.0 | Evaluator Episodes = 8940 | Evaluator Steps = 447000 | Final Dist = 1.362 | Final Dist 10 = 0.774 | Final Dist 100 = 1.199 | Final Dist 1000 = 1.135 | Init Dist = 12.806 | Init Dist 10 = 12.806 | Init Dist 100 = 12.806 | Init Dist 1000 = 12.806 | Learner Steps = 27393 | Learner Walltime = 5409.782 | Min Dist = 0.121 | Min Dist 10 = 0.208 | Min Dist 100 = 0.539 | Min Dist 1000 = 0.455 | Steps Per Second = 105.683 | Success = 1.000 | Success 1000 = 0.954
I0502 16:36:27.333669 139558059398720 terminal.py:91] [Actor] Actor Episodes = 35270 | Actor Steps = 1763500 | Delta Dist = 1.199 | Delta Dist 10 = 2.820 | Delta Dist 100 = 3.490 | Delta Dist 1000 = 4.286 | Episode Length = 50 | Episode Return = 46.0 | Evaluator Episodes = 8938 | Evaluator Steps = 446900 | Final Dist = 0.215 | Final Dist 10 = 2.107 | Final Dist 100 = 1.796 | Final Dist 1000 = 1.592 | Init Dist = 1.414 | Init Dist 10 = 4.926 | Init Dist 100 = 5.287 | Init Dist 1000 = 5.878 | Learner Steps = 27393 | Learner Walltime = 5409.782 | Min Dist = 0.011 | Min Dist 10 = 0.083 | Min Dist 100 = 0.096 | Min Dist 1000 = 0.218 | Steps Per Second = 77.331 | Success = 1.000 | Success 1000 = 0.992
I0502 16:36:28.011156 139579566835264 terminal.py:91] [Evaluator] Actor Episodes = 35277 | Actor Steps = 1763850 | Delta Dist = 12.250 | Delta Dist 10 = 11.952 | Delta Dist 100 = 11.604 | Delta Dist 1000 = 11.671 | Episode Length = 50 | Episode Return = 18.0 | Evaluator Episodes = 8942 | Evaluator Steps = 447100 | Final Dist = 0.556 | Final Dist 10 = 0.855 | Final Dist 100 = 1.203 | Final Dist 1000 = 1.135 | Init Dist = 12.806 | Init Dist 10 = 12.806 | Init Dist 100 = 12.806 | Init Dist 1000 = 12.806 | Learner Steps = 27406 | Learner Walltime = 5412.163 | Min Dist = 0.401 | Min Dist 10 = 0.195 | Min Dist 100 = 0.541 | Min Dist 1000 = 0.455 | Steps Per Second = 73.049 | Success = 1.000 | Success 1000 = 0.954
I0502 16:36:29.341796 139579566835264 terminal.py:91] [Evaluator] Actor Episodes = 35285 | Actor Steps = 1764250 | Delta Dist = 11.522 | Delta Dist 10 = 11.967 | Delta Dist 100 = 11.610 | Delta Dist 1000 = 11.671 | Episode Length = 50 | Episode Return = 25.0 | Evaluator Episodes = 8944 | Evaluator Steps = 447200 | Final Dist = 1.284 | Final Dist 10 = 0.839 | Final Dist 100 = 1.196 | Final Dist 1000 = 1.135 | Init Dist = 12.806 | Init Dist 10 = 12.806 | Init Dist 100 = 12.806 | Init Dist 1000 = 12.806 | Learner Steps = 27411 | Learner Walltime = 5413.423 | Min Dist = 0.007 | Min Dist 10 = 0.199 | Min Dist 100 = 0.536 | Min Dist 1000 = 0.455 | Steps Per Second = 78.073 | Success = 1.000 | Success 1000 = 0.954
I0502 16:36:30.444045 139569349502528 terminal.py:91] [Actor] Actor Episodes = 35288 | Actor Steps = 1764400 | Delta Dist = 3.050 | Delta Dist 10 = 6.427 | Delta Dist 100 = 3.773 | Delta Dist 1000 = 4.333 | Episode Length = 50 | Episode Return = 26.0 | Evaluator Episodes = 8944 | Evaluator Steps = 447200 | Final Dist = 1.192 | Final Dist 10 = 1.052 | Final Dist 100 = 1.533 | Final Dist 1000 = 1.553 | Init Dist = 4.243 | Init Dist 10 = 7.479 | Init Dist 100 = 5.305 | Init Dist 1000 = 5.886 | Learner Steps = 27411 | Learner Walltime = 5413.423 | Min Dist = 0.046 | Min Dist 10 = 0.089 | Min Dist 100 = 0.092 | Min Dist 1000 = 0.217 | Steps Per Second = 81.069 | Success = 1.000 | Success 1000 = 0.992
I0502 16:36:30.630263 139579566835264 terminal.py:91] [Evaluator] Actor Episodes = 35293 | Actor Steps = 1764650 | Delta Dist = 11.874 | Delta Dist 10 = 12.014 | Delta Dist 100 = 11.617 | Delta Dist 1000 = 11.671 | Episode Length = 50 | Episode Return = 25.0 | Evaluator Episodes = 8946 | Evaluator Steps = 447300 | Final Dist = 0.932 | Final Dist 10 = 0.793 | Final Dist 100 = 1.190 | Final Dist 1000 = 1.135 | Init Dist = 12.806 | Init Dist 10 = 12.806 | Init Dist 100 = 12.806 | Init Dist 1000 = 12.806 | Learner Steps = 27418 | Learner Walltime = 5414.735 | Min Dist = 0.041 | Min Dist 10 = 0.164 | Min Dist 100 = 0.532 | Min Dist 1000 = 0.455 | Steps Per Second = 77.444 | Success = 1.000 | Success 1000 = 0.954
I0502 16:36:31.682945 139555013154368 terminal.py:91] [Learner] Actor Episodes = 35297 | Actor Loss = 3.6701955795288086 | Actor Steps = 1764850 | Binary Accuracy = 0.9960544109344482 | Categorical Accuracy = 0.4344482421875 | Critic Loss = 1.7826650142669678 | Entropy Mean = -20.482608795166016 | Evaluator Episodes = 8946 | Evaluator Steps = 447300 | Learner Steps = 27424 | Learner Walltime = 5415.874 | Logits Neg = -16.943828582763672 | Logits Pos = -1.807983160018921 | Logsumexp = 1.1421611309051514 | Steps Per Second = 171.247
I0502 16:36:31.936841 139579566835264 terminal.py:91] [Evaluator] Actor Episodes = 35301 | Actor Steps = 1765050 | Delta Dist = 11.428 | Delta Dist 10 = 12.028 | Delta Dist 100 = 11.620 | Delta Dist 1000 = 11.672 | Episode Length = 50 | Episode Return = 16.0 | Evaluator Episodes = 8948 | Evaluator Steps = 447400 | Final Dist = 1.378 | Final Dist 10 = 0.779 | Final Dist 100 = 1.186 | Final Dist 1000 = 1.135 | Init Dist = 12.806 | Init Dist 10 = 12.806 | Init Dist 100 = 12.806 | Init Dist 1000 = 12.806 | Learner Steps = 27424 | Learner Walltime = 5415.874 | Min Dist = 0.062 | Min Dist 10 = 0.111 | Min Dist 100 = 0.532 | Min Dist 1000 = 0.454 | Steps Per Second = 78.530 | Success = 1.000 | Success 1000 = 0.954
I0502 16:36:32.815234 139555860620864 terminal.py:91] [Actor] Actor Episodes = 35305 | Actor Steps = 1765250 | Delta Dist = 1.560 | Delta Dist 10 = 3.264 | Delta Dist 100 = 3.782 | Delta Dist 1000 = 4.322 | Episode Length = 50 | Episode Return = 38.0 | Evaluator Episodes = 8948 | Evaluator Steps = 447400 | Final Dist = 0.440 | Final Dist 10 = 1.170 | Final Dist 100 = 1.489 | Final Dist 1000 = 1.553 | Init Dist = 2.000 | Init Dist 10 = 4.434 | Init Dist 100 = 5.271 | Init Dist 1000 = 5.875 | Learner Steps = 27424 | Learner Walltime = 5415.874 | Min Dist = 0.030 | Min Dist 10 = 0.700 | Min Dist 100 = 0.152 | Min Dist 1000 = 0.223 | Steps Per Second = 74.417 | Success = 1.000 | Success 1000 = 0.992
I0502 16:36:33.122943 139579566835264 terminal.py:91] [Evaluator] Actor Episodes = 35309 | Actor Steps = 1765450 | Delta Dist = 11.328 | Delta Dist 10 = 12.086 | Delta Dist 100 = 11.630 | Delta Dist 1000 = 11.672 | Episode Length = 50 | Episode Return = 9.0 | Evaluator Episodes = 8950 | Evaluator Steps = 447500 | Final Dist = 1.478 | Final Dist 10 = 0.720 | Final Dist 100 = 1.177 | Final Dist 1000 = 1.134 | Init Dist = 12.806 | Init Dist 10 = 12.806 | Init Dist 100 = 12.806 | Init Dist 1000 = 12.806 | Learner Steps = 27430 | Learner Walltime = 5417.117 | Min Dist = 0.180 | Min Dist 10 = 0.120 | Min Dist 100 = 0.524 | Min Dist 1000 = 0.454 | Steps Per Second = 82.071 | Success = 1.000 | Success 1000 = 0.954
I0502 16:36:33.540926 139557462840896 terminal.py:91] [Actor] Actor Episodes = 35308 | Actor Steps = 1765400 | Delta Dist = 4.953 | Delta Dist 10 = 2.948 | Delta Dist 100 = 3.769 | Delta Dist 1000 = 4.321 | Episode Length = 50 | Episode Return = 12.0 | Evaluator Episodes = 8948 | Evaluator Steps = 447400 | Final Dist = 0.146 | Final Dist 10 = 0.688 | Final Dist 100 = 1.357 | Final Dist 1000 = 1.553 | Init Dist = 5.099 | Init Dist 10 = 3.637 | Init Dist 100 = 5.126 | Init Dist 1000 = 5.874 | Learner Steps = 27430 | Learner Walltime = 5417.117 | Min Dist = 0.065 | Min Dist 10 = 0.071 | Min Dist 100 = 0.143 | Min Dist 1000 = 0.223 | Steps Per Second = 83.532 | Success = 1.000 | Success 1000 = 0.992
I0502 16:36:34.385198 139579566835264 terminal.py:91] [Evaluator] Actor Episodes = 35317 | Actor Steps = 1765850 | Delta Dist = 11.875 | Delta Dist 10 = 12.038 | Delta Dist 100 = 11.621 | Delta Dist 1000 = 11.673 | Episode Length = 50 | Episode Return = 25.0 | Evaluator Episodes = 8952 | Evaluator Steps = 447600 | Final Dist = 0.932 | Final Dist 10 = 0.768 | Final Dist 100 = 1.185 | Final Dist 1000 = 1.134 | Init Dist = 12.806 | Init Dist 10 = 12.806 | Init Dist 100 = 12.806 | Init Dist 1000 = 12.806 | Learner Steps = 27436 | Learner Walltime = 5418.363 | Min Dist = 0.042 | Min Dist 10 = 0.117 | Min Dist 100 = 0.522 | Min Dist 1000 = 0.454 | Steps Per Second = 82.475 | Success = 1.000 | Success 1000 = 0.954
I0502 16:36:34.963468 139584504182336 lp_utils.py:96] StepsLimiter: Reached 1765950 recorded steps
I0502 16:36:35.654946 139579566835264 terminal.py:91] [Evaluator] Actor Episodes = 35325 | Actor Steps = 1766250 | Delta Dist = 12.596 | Delta Dist 10 = 11.921 | Delta Dist 100 = 11.677 | Delta Dist 1000 = 11.673 | Episode Length = 50 | Episode Return = 17.0 | Evaluator Episodes = 8954 | Evaluator Steps = 447700 | Final Dist = 0.210 | Final Dist 10 = 0.885 | Final Dist 100 = 1.129 | Final Dist 1000 = 1.134 | Init Dist = 12.806 | Init Dist 10 = 12.806 | Init Dist 100 = 12.806 | Init Dist 1000 = 12.806 | Learner Steps = 27443 | Learner Walltime = 5419.624 | Min Dist = 0.074 | Min Dist 10 = 0.095 | Min Dist 100 = 0.465 | Min Dist 1000 = 0.454 | Steps Per Second = 78.619 | Success = 1.000 | Success 1000 = 0.954
I0502 16:36:36.832995 139579566835264 terminal.py:91] [Evaluator] Actor Episodes = 35333 | Actor Steps = 1766650 | Delta Dist = 12.065 | Delta Dist 10 = 12.033 | Delta Dist 100 = 11.694 | Delta Dist 1000 = 11.674 | Episode Length = 50 | Episode Return = 23.0 | Evaluator Episodes = 8956 | Evaluator Steps = 447800 | Final Dist = 0.741 | Final Dist 10 = 0.773 | Final Dist 100 = 1.112 | Final Dist 1000 = 1.133 | Init Dist = 12.806 | Init Dist 10 = 12.806 | Init Dist 100 = 12.806 | Init Dist 1000 = 12.806 | Learner Steps = 27449 | Learner Walltime = 5420.841 | Min Dist = 0.082 | Min Dist 10 = 0.105 | Min Dist 100 = 0.459 | Min Dist 1000 = 0.454 | Steps Per Second = 88.096 | Success = 1.000 | Success 1000 = 0.954
I0502 16:36:37.851426 139558059398720 terminal.py:91] [Actor] Actor Episodes = 35341 | Actor Steps = 1767050 | Delta Dist = 2.880 | Delta Dist 10 = 5.068 | Delta Dist 100 = 3.854 | Delta Dist 1000 = 4.303 | Episode Length = 50 | Episode Return = 35.0 | Evaluator Episodes = 8956 | Evaluator Steps = 447800 | Final Dist = 0.120 | Final Dist 10 = 1.328 | Final Dist 100 = 1.383 | Final Dist 1000 = 1.538 | Init Dist = 3.000 | Init Dist 10 = 6.396 | Init Dist 100 = 5.237 | Init Dist 1000 = 5.841 | Learner Steps = 27454 | Learner Walltime = 5421.995 | Min Dist = 0.120 | Min Dist 10 = 0.258 | Min Dist 100 = 0.315 | Min Dist 1000 = 0.233 | Steps Per Second = 74.893 | Success = 1.000 | Success 1000 = 0.991
I0502 16:36:38.020062 139579566835264 terminal.py:91] [Evaluator] Actor Episodes = 35341 | Actor Steps = 1767050 | Delta Dist = 12.319 | Delta Dist 10 = 12.048 | Delta Dist 100 = 11.696 | Delta Dist 1000 = 11.675 | Episode Length = 50 | Episode Return = 27.0 | Evaluator Episodes = 8958 | Evaluator Steps = 447900 | Final Dist = 0.487 | Final Dist 10 = 0.758 | Final Dist 100 = 1.111 | Final Dist 1000 = 1.131 | Init Dist = 12.806 | Init Dist 10 = 12.806 | Init Dist 100 = 12.806 | Init Dist 1000 = 12.806 | Learner Steps = 27454 | Learner Walltime = 5421.995 | Min Dist = 0.480 | Min Dist 10 = 0.108 | Min Dist 100 = 0.458 | Min Dist 1000 = 0.453 | Steps Per Second = 76.047 | Success = 1.000 | Success 1000 = 0.954
I0502 16:36:39.195902 139579566835264 terminal.py:91] [Evaluator] Actor Episodes = 35349 | Actor Steps = 1767450 | Delta Dist = 11.385 | Delta Dist 10 = 12.089 | Delta Dist 100 = 11.693 | Delta Dist 1000 = 11.676 | Episode Length = 50 | Episode Return = 11.0 | Evaluator Episodes = 8960 | Evaluator Steps = 448000 | Final Dist = 1.421 | Final Dist 10 = 0.717 | Final Dist 100 = 1.113 | Final Dist 1000 = 1.130 | Init Dist = 12.806 | Init Dist 10 = 12.806 | Init Dist 100 = 12.806 | Init Dist 1000 = 12.806 | Learner Steps = 27461 | Learner Walltime = 5423.232 | Min Dist = 0.142 | Min Dist 10 = 0.132 | Min Dist 100 = 0.463 | Min Dist 1000 = 0.453 | Steps Per Second = 82.949 | Success = 1.000 | Success 1000 = 0.954
I0502 16:36:40.347760 139579566835264 terminal.py:91] [Evaluator] Actor Episodes = 35357 | Actor Steps = 1767850 | Delta Dist = 11.519 | Delta Dist 10 = 12.016 | Delta Dist 100 = 11.687 | Delta Dist 1000 = 11.674 | Episode Length = 50 | Episode Return = 10.0 | Evaluator Episodes = 8962 | Evaluator Steps = 448100 | Final Dist = 1.287 | Final Dist 10 = 0.791 | Final Dist 100 = 1.119 | Final Dist 1000 = 1.132 | Init Dist = 12.806 | Init Dist 10 = 12.806 | Init Dist 100 = 12.806 | Init Dist 1000 = 12.806 | Learner Steps = 27467 | Learner Walltime = 5424.466 | Min Dist = 0.303 | Min Dist 10 = 0.123 | Min Dist 100 = 0.464 | Min Dist 1000 = 0.453 | Steps Per Second = 86.621 | Success = 1.000 | Success 1000 = 0.954
I0502 16:36:40.727095 139569349502528 terminal.py:91] [Actor] Actor Episodes = 35359 | Actor Steps = 1767950 | Delta Dist = 1.670 | Delta Dist 10 = 3.764 | Delta Dist 100 = 3.963 | Delta Dist 1000 = 4.309 | Episode Length = 50 | Episode Return = 12.0 | Evaluator Episodes = 8962 | Evaluator Steps = 448100 | Final Dist = 1.492 | Final Dist 10 = 1.421 | Final Dist 100 = 1.352 | Final Dist 1000 = 1.538 | Init Dist = 3.162 | Init Dist 10 = 5.185 | Init Dist 100 = 5.315 | Init Dist 1000 = 5.848 | Learner Steps = 27467 | Learner Walltime = 5424.466 | Min Dist = 0.058 | Min Dist 10 = 0.083 | Min Dist 100 = 0.313 | Min Dist 1000 = 0.231 | Steps Per Second = 88.531 | Success = 1.000 | Success 1000 = 0.992
I0502 16:36:41.516938 139579566835264 terminal.py:91] [Evaluator] Actor Episodes = 35365 | Actor Steps = 1768250 | Delta Dist = 11.501 | Delta Dist 10 = 12.069 | Delta Dist 100 = 11.739 | Delta Dist 1000 = 11.675 | Episode Length = 50 | Episode Return = 11.0 | Evaluator Episodes = 8964 | Evaluator Steps = 448200 | Final Dist = 1.305 | Final Dist 10 = 0.737 | Final Dist 100 = 1.067 | Final Dist 1000 = 1.131 | Init Dist = 12.806 | Init Dist 10 = 12.806 | Init Dist 100 = 12.806 | Init Dist 1000 = 12.806 | Learner Steps = 27467 | Learner Walltime = 5424.466 | Min Dist = 0.263 | Min Dist 10 = 0.153 | Min Dist 100 = 0.417 | Min Dist 1000 = 0.453 | Steps Per Second = 88.047 | Success = 1.000 | Success 1000 = 0.954
I0502 16:36:42.137883 139555013154368 terminal.py:91] [Learner] Actor Episodes = 35365 | Actor Loss = 3.7217330932617188 | Actor Steps = 1768250 | Binary Accuracy = 0.9960319995880127 | Categorical Accuracy = 0.4229736328125 | Critic Loss = 1.820375919342041 | Entropy Mean = -19.49540138244629 | Evaluator Episodes = 8964 | Evaluator Steps = 448200 | Learner Steps = 27477 | Learner Walltime = 5426.330 | Logits Neg = -17.32177734375 | Logits Pos = -1.8222543001174927 | Logsumexp = 1.1065528392791748 | Steps Per Second = 139.348
I0502 16:36:42.724305 139579566835264 terminal.py:91] [Evaluator] Actor Episodes = 35371 | Actor Steps = 1768550 | Delta Dist = 12.367 | Delta Dist 10 = 11.965 | Delta Dist 100 = 11.737 | Delta Dist 1000 = 11.675 | Episode Length = 50 | Episode Return = 29.0 | Evaluator Episodes = 8966 | Evaluator Steps = 448300 | Final Dist = 0.439 | Final Dist 10 = 0.841 | Final Dist 100 = 1.069 | Final Dist 1000 = 1.132 | Init Dist = 12.806 | Init Dist 10 = 12.806 | Init Dist 100 = 12.806 | Init Dist 1000 = 12.806 | Learner Steps = 27479 | Learner Walltime = 5426.828 | Min Dist = 0.223 | Min Dist 10 = 0.173 | Min Dist 100 = 0.419 | Min Dist 1000 = 0.453 | Steps Per Second = 83.808 | Success = 1.000 | Success 1000 = 0.954
I0502 16:36:43.428339 139555860620864 terminal.py:91] [Actor] Actor Episodes = 35374 | Actor Steps = 1768700 | Delta Dist = -0.270 | Delta Dist 10 = 3.880 | Delta Dist 100 = 4.075 | Delta Dist 1000 = 4.294 | Episode Length = 50 | Episode Return = 18.0 | Evaluator Episodes = 8966 | Evaluator Steps = 448300 | Final Dist = 1.270 | Final Dist 10 = 2.093 | Final Dist 100 = 1.349 | Final Dist 1000 = 1.543 | Init Dist = 1.000 | Init Dist 10 = 5.973 | Init Dist 100 = 5.424 | Init Dist 1000 = 5.837 | Learner Steps = 27479 | Learner Walltime = 5426.828 | Min Dist = 0.000 | Min Dist 10 = 0.138 | Min Dist 100 = 0.319 | Min Dist 1000 = 0.232 | Steps Per Second = 79.171 | Success = 1.000 | Success 1000 = 0.992
I0502 16:36:43.719383 139557462840896 terminal.py:91] [Actor] Actor Episodes = 35377 | Actor Steps = 1768850 | Delta Dist = 4.645 | Delta Dist 10 = 3.751 | Delta Dist 100 = 4.011 | Delta Dist 1000 = 4.287 | Episode Length = 50 | Episode Return = 2.0 | Evaluator Episodes = 8966 | Evaluator Steps = 448300 | Final Dist = 1.679 | Final Dist 10 = 1.910 | Final Dist 100 = 1.360 | Final Dist 1000 = 1.544 | Init Dist = 6.325 | Init Dist 10 = 5.661 | Init Dist 100 = 5.371 | Init Dist 1000 = 5.831 | Learner Steps = 27479 | Learner Walltime = 5426.828 | Min Dist = 0.059 | Min Dist 10 = 0.058 | Min Dist 100 = 0.317 | Min Dist 1000 = 0.232 | Steps Per Second = 118.409 | Success = 1.000 | Success 1000 = 0.992
I0502 16:36:43.952147 139579566835264 terminal.py:91] [Evaluator] Actor Episodes = 35379 | Actor Steps = 1768950 | Delta Dist = 11.727 | Delta Dist 10 = 11.939 | Delta Dist 100 = 11.744 | Delta Dist 1000 = 11.676 | Episode Length = 50 | Episode Return = 22.0 | Evaluator Episodes = 8968 | Evaluator Steps = 448400 | Final Dist = 1.079 | Final Dist 10 = 0.868 | Final Dist 100 = 1.062 | Final Dist 1000 = 1.130 | Init Dist = 12.806 | Init Dist 10 = 12.806 | Init Dist 100 = 12.806 | Init Dist 1000 = 12.806 | Learner Steps = 27486 | Learner Walltime = 5428.059 | Min Dist = 0.057 | Min Dist 10 = 0.186 | Min Dist 100 = 0.421 | Min Dist 1000 = 0.453 | Steps Per Second = 83.296 | Success = 1.000 | Success 1000 = 0.954
I0502 16:36:44.984990 139584504182336 lp_utils.py:96] StepsLimiter: Reached 1769350 recorded steps
I0502 16:36:45.152179 139579566835264 terminal.py:91] [Evaluator] Actor Episodes = 35387 | Actor Steps = 1769350 | Delta Dist = 12.029 | Delta Dist 10 = 11.929 | Delta Dist 100 = 11.737 | Delta Dist 1000 = 11.677 | Episode Length = 50 | Episode Return = 13.0 | Evaluator Episodes = 8970 | Evaluator Steps = 448500 | Final Dist = 0.777 | Final Dist 10 = 0.877 | Final Dist 100 = 1.069 | Final Dist 1000 = 1.129 | Init Dist = 12.806 | Init Dist 10 = 12.806 | Init Dist 100 = 12.806 | Init Dist 1000 = 12.806 | Learner Steps = 27492 | Learner Walltime = 5429.256 | Min Dist = 0.040 | Min Dist 10 = 0.160 | Min Dist 100 = 0.422 | Min Dist 1000 = 0.451 | Steps Per Second = 80.890 | Success = 1.000 | Success 1000 = 0.955
I0502 16:36:46.433558 139579566835264 terminal.py:91] [Evaluator] Actor Episodes = 35397 | Actor Steps = 1769850 | Delta Dist = 12.622 | Delta Dist 10 = 12.022 | Delta Dist 100 = 11.740 | Delta Dist 1000 = 11.676 | Episode Length = 50 | Episode Return = 27.0 | Evaluator Episodes = 8972 | Evaluator Steps = 448600 | Final Dist = 0.185 | Final Dist 10 = 0.784 | Final Dist 100 = 1.066 | Final Dist 1000 = 1.130 | Init Dist = 12.806 | Init Dist 10 = 12.806 | Init Dist 100 = 12.806 | Init Dist 1000 = 12.806 | Learner Steps = 27498 | Learner Walltime = 5430.433 | Min Dist = 0.185 | Min Dist 10 = 0.174 | Min Dist 100 = 0.422 | Min Dist 1000 = 0.451 | Steps Per Second = 80.063 | Success = 1.000 | Success 1000 = 0.955
I0502 16:36:47.655650 139579566835264 terminal.py:91] [Evaluator] Actor Episodes = 35403 | Actor Steps = 1770150 | Delta Dist = 12.261 | Delta Dist 10 = 12.053 | Delta Dist 100 = 11.748 | Delta Dist 1000 = 11.675 | Episode Length = 50 | Episode Return = 25.0 | Evaluator Episodes = 8974 | Evaluator Steps = 448700 | Final Dist = 0.546 | Final Dist 10 = 0.753 | Final Dist 100 = 1.058 | Final Dist 1000 = 1.131 | Init Dist = 12.806 | Init Dist 10 = 12.806 | Init Dist 100 = 12.806 | Init Dist 1000 = 12.806 | Learner Steps = 27505 | Learner Walltime = 5431.447 | Min Dist = 0.079 | Min Dist 10 = 0.149 | Min Dist 100 = 0.421 | Min Dist 1000 = 0.451 | Steps Per Second = 83.487 | Success = 1.000 | Success 1000 = 0.955
I0502 16:36:48.025872 139558059398720 terminal.py:91] [Actor] Actor Episodes = 35402 | Actor Steps = 1770100 | Delta Dist = 10.847 | Delta Dist 10 = 5.228 | Delta Dist 100 = 3.863 | Delta Dist 1000 = 4.297 | Episode Length = 50 | Episode Return = 50.0 | Evaluator Episodes = 8972 | Evaluator Steps = 448600 | Final Dist = 0.333 | Final Dist 10 = 0.908 | Final Dist 100 = 1.522 | Final Dist 1000 = 1.520 | Init Dist = 11.180 | Init Dist 10 = 6.136 | Init Dist 100 = 5.385 | Init Dist 1000 = 5.817 | Learner Steps = 27505 | Learner Walltime = 5431.447 | Min Dist = 0.027 | Min Dist 10 = 0.331 | Min Dist 100 = 0.303 | Min Dist 1000 = 0.229 | Steps Per Second = 85.769 | Success = 1.000 | Success 1000 = 0.990
I0502 16:36:48.769290 139579566835264 terminal.py:91] [Evaluator] Actor Episodes = 35412 | Actor Steps = 1770600 | Delta Dist = 11.653 | Delta Dist 10 = 12.053 | Delta Dist 100 = 11.792 | Delta Dist 1000 = 11.675 | Episode Length = 50 | Episode Return = 24.0 | Evaluator Episodes = 8976 | Evaluator Steps = 448800 | Final Dist = 1.154 | Final Dist 10 = 0.753 | Final Dist 100 = 1.014 | Final Dist 1000 = 1.131 | Init Dist = 12.806 | Init Dist 10 = 12.806 | Init Dist 100 = 12.806 | Init Dist 1000 = 12.806 | Learner Steps = 27510 | Learner Walltime = 5432.457 | Min Dist = 0.403 | Min Dist 10 = 0.168 | Min Dist 100 = 0.373 | Min Dist 1000 = 0.450 | Steps Per Second = 91.599 | Success = 1.000 | Success 1000 = 0.955
I0502 16:36:49.989105 139579566835264 terminal.py:91] [Evaluator] Actor Episodes = 35420 | Actor Steps = 1771000 | Delta Dist = 11.784 | Delta Dist 10 = 11.948 | Delta Dist 100 = 11.800 | Delta Dist 1000 = 11.675 | Episode Length = 50 | Episode Return = 19.0 | Evaluator Episodes = 8978 | Evaluator Steps = 448900 | Final Dist = 1.023 | Final Dist 10 = 0.858 | Final Dist 100 = 1.006 | Final Dist 1000 = 1.132 | Init Dist = 12.806 | Init Dist 10 = 12.806 | Init Dist 100 = 12.806 | Init Dist 1000 = 12.806 | Learner Steps = 27515 | Learner Walltime = 5433.521 | Min Dist = 0.193 | Min Dist 10 = 0.187 | Min Dist 100 = 0.373 | Min Dist 1000 = 0.450 | Steps Per Second = 79.922 | Success = 1.000 | Success 1000 = 0.955
I0502 16:36:51.212741 139579566835264 terminal.py:91] [Evaluator] Actor Episodes = 35428 | Actor Steps = 1771400 | Delta Dist = 11.465 | Delta Dist 10 = 11.956 | Delta Dist 100 = 11.812 | Delta Dist 1000 = 11.675 | Episode Length = 50 | Episode Return = 21.0 | Evaluator Episodes = 8980 | Evaluator Steps = 449000 | Final Dist = 1.341 | Final Dist 10 = 0.850 | Final Dist 100 = 0.994 | Final Dist 1000 = 1.131 | Init Dist = 12.806 | Init Dist 10 = 12.806 | Init Dist 100 = 12.806 | Init Dist 1000 = 12.806 | Learner Steps = 27521 | Learner Walltime = 5434.790 | Min Dist = 0.467 | Min Dist 10 = 0.180 | Min Dist 100 = 0.373 | Min Dist 1000 = 0.450 | Steps Per Second = 80.873 | Success = 1.000 | Success 1000 = 0.955
I0502 16:36:51.243124 139569349502528 terminal.py:91] [Actor] Actor Episodes = 35425 | Actor Steps = 1771250 | Delta Dist = 6.490 | Delta Dist 10 = 3.309 | Delta Dist 100 = 4.177 | Delta Dist 1000 = 4.298 | Episode Length = 50 | Episode Return = 40.0 | Evaluator Episodes = 8978 | Evaluator Steps = 448900 | Final Dist = 0.218 | Final Dist 10 = 1.858 | Final Dist 100 = 1.501 | Final Dist 1000 = 1.519 | Init Dist = 6.708 | Init Dist 10 = 5.167 | Init Dist 100 = 5.678 | Init Dist 1000 = 5.818 | Learner Steps = 27521 | Learner Walltime = 5434.790 | Min Dist = 0.080 | Min Dist 10 = 0.099 | Min Dist 100 = 0.163 | Min Dist 1000 = 0.217 | Steps Per Second = 79.398 | Success = 1.000 | Success 1000 = 0.990
I0502 16:36:52.367367 139579566835264 terminal.py:91] [Evaluator] Actor Episodes = 35436 | Actor Steps = 1771800 | Delta Dist = 11.606 | Delta Dist 10 = 11.909 | Delta Dist 100 = 11.812 | Delta Dist 1000 = 11.674 | Episode Length = 50 | Episode Return = 6.0 | Evaluator Episodes = 8982 | Evaluator Steps = 449100 | Final Dist = 1.200 | Final Dist 10 = 0.897 | Final Dist 100 = 0.994 | Final Dist 1000 = 1.132 | Init Dist = 12.806 | Init Dist 10 = 12.806 | Init Dist 100 = 12.806 | Init Dist 1000 = 12.806 | Learner Steps = 27528 | Learner Walltime = 5436.010 | Min Dist = 0.133 | Min Dist 10 = 0.227 | Min Dist 100 = 0.377 | Min Dist 1000 = 0.450 | Steps Per Second = 92.426 | Success = 1.000 | Success 1000 = 0.955
I0502 16:36:52.382243 139555013154368 terminal.py:91] [Learner] Actor Episodes = 35430 | Actor Loss = 3.6122703552246094 | Actor Steps = 1771500 | Binary Accuracy = 0.9960322380065918 | Categorical Accuracy = 0.41583251953125 | Critic Loss = 1.8030132055282593 | Entropy Mean = -20.188304901123047 | Evaluator Episodes = 8980 | Evaluator Steps = 449000 | Learner Steps = 27530 | Learner Walltime = 5436.577 | Logits Neg = -17.33426856994629 | Logits Pos = -1.7870659828186035 | Logsumexp = 1.1270898580551147 | Steps Per Second = 177.207
I0502 16:36:53.575575 139555860620864 terminal.py:91] [Actor] Actor Episodes = 35442 | Actor Steps = 1772100 | Delta Dist = 2.465 | Delta Dist 10 = 5.267 | Delta Dist 100 = 4.396 | Delta Dist 1000 = 4.324 | Episode Length = 50 | Episode Return = 30.0 | Evaluator Episodes = 8982 | Evaluator Steps = 449100 | Final Dist = 0.364 | Final Dist 10 = 2.036 | Final Dist 100 = 1.563 | Final Dist 1000 = 1.525 | Init Dist = 2.828 | Init Dist 10 = 7.927 | Init Dist 100 = 6.009 | Init Dist 1000 = 5.848 | Learner Steps = 27533 | Learner Walltime = 5437.285 | Min Dist = 0.129 | Min Dist 10 = 0.647 | Min Dist 100 = 0.206 | Min Dist 1000 = 0.223 | Steps Per Second = 83.953 | Success = 1.000 | Success 1000 = 0.991
I0502 16:36:53.638151 139579566835264 terminal.py:91] [Evaluator] Actor Episodes = 35444 | Actor Steps = 1772200 | Delta Dist = 11.516 | Delta Dist 10 = 11.899 | Delta Dist 100 = 11.812 | Delta Dist 1000 = 11.675 | Episode Length = 50 | Episode Return = 14.0 | Evaluator Episodes = 8984 | Evaluator Steps = 449200 | Final Dist = 1.290 | Final Dist 10 = 0.907 | Final Dist 100 = 0.995 | Final Dist 1000 = 1.131 | Init Dist = 12.806 | Init Dist 10 = 12.806 | Init Dist 100 = 12.806 | Init Dist 1000 = 12.806 | Learner Steps = 27533 | Learner Walltime = 5437.285 | Min Dist = 0.130 | Min Dist 10 = 0.224 | Min Dist 100 = 0.376 | Min Dist 1000 = 0.449 | Steps Per Second = 86.390 | Success = 1.000 | Success 1000 = 0.955
I0502 16:36:53.983992 139557462840896 terminal.py:91] [Actor] Actor Episodes = 35446 | Actor Steps = 1772300 | Delta Dist = 8.070 | Delta Dist 10 = 4.594 | Delta Dist 100 = 4.447 | Delta Dist 1000 = 4.331 | Episode Length = 50 | Episode Return = 40.0 | Evaluator Episodes = 8984 | Evaluator Steps = 449200 | Final Dist = 0.930 | Final Dist 10 = 1.905 | Final Dist 100 = 1.506 | Final Dist 1000 = 1.517 | Init Dist = 9.000 | Init Dist 10 = 6.499 | Init Dist 100 = 5.953 | Init Dist 1000 = 5.848 | Learner Steps = 27533 | Learner Walltime = 5437.285 | Min Dist = 0.046 | Min Dist 10 = 0.645 | Min Dist 100 = 0.206 | Min Dist 1000 = 0.223 | Steps Per Second = 80.700 | Success = 1.000 | Success 1000 = 0.991
I0502 16:36:54.899826 139579566835264 terminal.py:91] [Evaluator] Actor Episodes = 35452 | Actor Steps = 1772600 | Delta Dist = 11.425 | Delta Dist 10 = 11.913 | Delta Dist 100 = 11.812 | Delta Dist 1000 = 11.680 | Episode Length = 50 | Episode Return = 8.0 | Evaluator Episodes = 8986 | Evaluator Steps = 449300 | Final Dist = 1.381 | Final Dist 10 = 0.894 | Final Dist 100 = 0.995 | Final Dist 1000 = 1.126 | Init Dist = 12.806 | Init Dist 10 = 12.806 | Init Dist 100 = 12.806 | Init Dist 1000 = 12.806 | Learner Steps = 27540 | Learner Walltime = 5438.531 | Min Dist = 0.215 | Min Dist 10 = 0.202 | Min Dist 100 = 0.373 | Min Dist 1000 = 0.444 | Steps Per Second = 75.614 | Success = 1.000 | Success 1000 = 0.956
I0502 16:36:55.008967 139584504182336 lp_utils.py:96] StepsLimiter: Reached 1772600 recorded steps
I0502 16:36:56.115768 139579566835264 terminal.py:91] [Evaluator] Actor Episodes = 35458 | Actor Steps = 1772900 | Delta Dist = 12.346 | Delta Dist 10 = 11.858 | Delta Dist 100 = 11.791 | Delta Dist 1000 = 11.680 | Episode Length = 50 | Episode Return = 28.0 | Evaluator Episodes = 8988 | Evaluator Steps = 449400 | Final Dist = 0.461 | Final Dist 10 = 0.949 | Final Dist 100 = 1.015 | Final Dist 1000 = 1.127 | Init Dist = 12.806 | Init Dist 10 = 12.806 | Init Dist 100 = 12.806 | Init Dist 1000 = 12.806 | Learner Steps = 27546 | Learner Walltime = 5439.748 | Min Dist = 0.047 | Min Dist 10 = 0.213 | Min Dist 100 = 0.377 | Min Dist 1000 = 0.444 | Steps Per Second = 83.179 | Success = 1.000 | Success 1000 = 0.956
I0502 16:36:57.242037 139579566835264 terminal.py:91] [Evaluator] Actor Episodes = 35464 | Actor Steps = 1773200 | Delta Dist = 11.990 | Delta Dist 10 = 11.836 | Delta Dist 100 = 11.875 | Delta Dist 1000 = 11.680 | Episode Length = 50 | Episode Return = 30.0 | Evaluator Episodes = 8990 | Evaluator Steps = 449500 | Final Dist = 0.816 | Final Dist 10 = 0.970 | Final Dist 100 = 0.931 | Final Dist 1000 = 1.126 | Init Dist = 12.806 | Init Dist 10 = 12.806 | Init Dist 100 = 12.806 | Init Dist 1000 = 12.806 | Learner Steps = 27552 | Learner Walltime = 5440.976 | Min Dist = 0.098 | Min Dist 10 = 0.251 | Min Dist 100 = 0.296 | Min Dist 1000 = 0.444 | Steps Per Second = 85.286 | Success = 1.000 | Success 1000 = 0.956
I0502 16:36:58.505760 139579566835264 terminal.py:91] [Evaluator] Actor Episodes = 35472 | Actor Steps = 1773600 | Delta Dist = 12.506 | Delta Dist 10 = 11.851 | Delta Dist 100 = 11.867 | Delta Dist 1000 = 11.680 | Episode Length = 50 | Episode Return = 9.0 | Evaluator Episodes = 8992 | Evaluator Steps = 449600 | Final Dist = 0.300 | Final Dist 10 = 0.955 | Final Dist 100 = 0.939 | Final Dist 1000 = 1.126 | Init Dist = 12.806 | Init Dist 10 = 12.806 | Init Dist 100 = 12.806 | Init Dist 1000 = 12.806 | Learner Steps = 27558 | Learner Walltime = 5442.167 | Min Dist = 0.242 | Min Dist 10 = 0.189 | Min Dist 100 = 0.296 | Min Dist 1000 = 0.444 | Steps Per Second = 80.745 | Success = 1.000 | Success 1000 = 0.956
I0502 16:36:58.513440 139558059398720 terminal.py:91] [Actor] Actor Episodes = 35474 | Actor Steps = 1773700 | Delta Dist = 3.454 | Delta Dist 10 = 6.472 | Delta Dist 100 = 4.660 | Delta Dist 1000 = 4.346 | Episode Length = 50 | Episode Return = 32.0 | Evaluator Episodes = 8992 | Evaluator Steps = 449600 | Final Dist = 1.931 | Final Dist 10 = 1.252 | Final Dist 100 = 1.511 | Final Dist 1000 = 1.514 | Init Dist = 5.385 | Init Dist 10 = 7.724 | Init Dist 100 = 6.171 | Init Dist 1000 = 5.860 | Learner Steps = 27558 | Learner Walltime = 5442.167 | Min Dist = 0.014 | Min Dist 10 = 0.042 | Min Dist 100 = 0.193 | Min Dist 1000 = 0.218 | Steps Per Second = 76.714 | Success = 1.000 | Success 1000 = 0.991
I0502 16:36:59.769361 139579566835264 terminal.py:91] [Evaluator] Actor Episodes = 35480 | Actor Steps = 1774000 | Delta Dist = 11.357 | Delta Dist 10 = 11.530 | Delta Dist 100 = 11.841 | Delta Dist 1000 = 11.677 | Episode Length = 50 | Episode Return = 25.0 | Evaluator Episodes = 8994 | Evaluator Steps = 449700 | Final Dist = 1.449 | Final Dist 10 = 1.276 | Final Dist 100 = 0.965 | Final Dist 1000 = 1.129 | Init Dist = 12.806 | Init Dist 10 = 12.806 | Init Dist 100 = 12.806 | Init Dist 1000 = 12.806 | Learner Steps = 27564 | Learner Walltime = 5443.226 | Min Dist = 0.110 | Min Dist 10 = 0.612 | Min Dist 100 = 0.336 | Min Dist 1000 = 0.449 | Steps Per Second = 77.735 | Success = 1.000 | Success 1000 = 0.955
I0502 16:37:01.013350 139579566835264 terminal.py:91] [Evaluator] Actor Episodes = 35488 | Actor Steps = 1774400 | Delta Dist = 11.766 | Delta Dist 10 = 11.436 | Delta Dist 100 = 11.839 | Delta Dist 1000 = 11.676 | Episode Length = 50 | Episode Return = 21.0 | Evaluator Episodes = 8996 | Evaluator Steps = 449800 | Final Dist = 1.041 | Final Dist 10 = 1.370 | Final Dist 100 = 0.967 | Final Dist 1000 = 1.130 | Init Dist = 12.806 | Init Dist 10 = 12.806 | Init Dist 100 = 12.806 | Init Dist 1000 = 12.806 | Learner Steps = 27569 | Learner Walltime = 5444.257 | Min Dist = 0.144 | Min Dist 10 = 0.595 | Min Dist 100 = 0.335 | Min Dist 1000 = 0.449 | Steps Per Second = 75.489 | Success = 1.000 | Success 1000 = 0.955
I0502 16:37:01.394181 139569349502528 terminal.py:91] [Actor] Actor Episodes = 35489 | Actor Steps = 1774450 | Delta Dist = 8.635 | Delta Dist 10 = 5.057 | Delta Dist 100 = 4.945 | Delta Dist 1000 = 4.347 | Episode Length = 50 | Episode Return = 36.0 | Evaluator Episodes = 8994 | Evaluator Steps = 449700 | Final Dist = 0.585 | Final Dist 10 = 1.076 | Final Dist 100 = 1.359 | Final Dist 1000 = 1.510 | Init Dist = 9.220 | Init Dist 10 = 6.133 | Init Dist 100 = 6.304 | Init Dist 1000 = 5.857 | Learner Steps = 27569 | Learner Walltime = 5444.257 | Min Dist = 0.211 | Min Dist 10 = 0.078 | Min Dist 100 = 0.174 | Min Dist 1000 = 0.218 | Steps Per Second = 74.907 | Success = 1.000 | Success 1000 = 0.991
I0502 16:37:02.212965 139579566835264 terminal.py:91] [Evaluator] Actor Episodes = 35496 | Actor Steps = 1774800 | Delta Dist = 12.536 | Delta Dist 10 = 11.525 | Delta Dist 100 = 11.829 | Delta Dist 1000 = 11.675 | Episode Length = 50 | Episode Return = 30.0 | Evaluator Episodes = 8998 | Evaluator Steps = 449900 | Final Dist = 0.270 | Final Dist 10 = 1.281 | Final Dist 100 = 0.977 | Final Dist 1000 = 1.131 | Init Dist = 12.806 | Init Dist 10 = 12.806 | Init Dist 100 = 12.806 | Init Dist 1000 = 12.806 | Learner Steps = 27574 | Learner Walltime = 5445.347 | Min Dist = 0.245 | Min Dist 10 = 0.557 | Min Dist 100 = 0.334 | Min Dist 1000 = 0.448 | Steps Per Second = 85.927 | Success = 1.000 | Success 1000 = 0.955
I0502 16:37:02.426239 139555013154368 terminal.py:91] [Learner] Actor Episodes = 35496 | Actor Loss = 3.610044479370117 | Actor Steps = 1774800 | Binary Accuracy = 0.9960041046142578 | Categorical Accuracy = 0.42645263671875 | Critic Loss = 1.7692625522613525 | Entropy Mean = -21.300487518310547 | Evaluator Episodes = 8998 | Evaluator Steps = 449900 | Learner Steps = 27580 | Learner Walltime = 5446.624 | Logits Neg = -17.262523651123047 | Logits Pos = -1.7618834972381592 | Logsumexp = 1.151362657546997 | Steps Per Second = 330.681
I0502 16:37:03.435305 139579566835264 terminal.py:91] [Evaluator] Actor Episodes = 35504 | Actor Steps = 1775200 | Delta Dist = 12.558 | Delta Dist 10 = 11.619 | Delta Dist 100 = 11.842 | Delta Dist 1000 = 11.676 | Episode Length = 50 | Episode Return = 29.0 | Evaluator Episodes = 9000 | Evaluator Steps = 450000 | Final Dist = 0.248 | Final Dist 10 = 1.187 | Final Dist 100 = 0.964 | Final Dist 1000 = 1.130 | Init Dist = 12.806 | Init Dist 10 = 12.806 | Init Dist 100 = 12.806 | Init Dist 1000 = 12.806 | Learner Steps = 27585 | Learner Walltime = 5447.543 | Min Dist = 0.099 | Min Dist 10 = 0.539 | Min Dist 100 = 0.328 | Min Dist 1000 = 0.449 | Steps Per Second = 78.168 | Success = 1.000 | Success 1000 = 0.955
I0502 16:37:04.224727 139555860620864 terminal.py:91] [Actor] Actor Episodes = 35509 | Actor Steps = 1775450 | Delta Dist = 4.413 | Delta Dist 10 = 4.980 | Delta Dist 100 = 4.843 | Delta Dist 1000 = 4.376 | Episode Length = 50 | Episode Return = 44.0 | Evaluator Episodes = 9000 | Evaluator Steps = 450000 | Final Dist = 0.059 | Final Dist 10 = 0.783 | Final Dist 100 = 1.352 | Final Dist 1000 = 1.485 | Init Dist = 4.472 | Init Dist 10 = 5.763 | Init Dist 100 = 6.195 | Init Dist 1000 = 5.862 | Learner Steps = 27585 | Learner Walltime = 5447.543 | Min Dist = 0.034 | Min Dist 10 = 0.046 | Min Dist 100 = 0.137 | Min Dist 1000 = 0.198 | Steps Per Second = 75.821 | Success = 1.000 | Success 1000 = 0.991
I0502 16:37:04.536810 139557462840896 terminal.py:91] [Actor] Actor Episodes = 35511 | Actor Steps = 1775550 | Delta Dist = -1.224 | Delta Dist 10 = 6.030 | Delta Dist 100 = 4.893 | Delta Dist 1000 = 4.380 | Episode Length = 50 | Episode Return = 0.0 | Evaluator Episodes = 9000 | Evaluator Steps = 450000 | Final Dist = 4.224 | Final Dist 10 = 0.669 | Final Dist 100 = 1.296 | Final Dist 1000 = 1.485 | Init Dist = 3.000 | Init Dist 10 = 6.699 | Init Dist 100 = 6.189 | Init Dist 1000 = 5.865 | Learner Steps = 27585 | Learner Walltime = 5447.543 | Min Dist = 0.169 | Min Dist 10 = 0.050 | Min Dist 100 = 0.128 | Min Dist 1000 = 0.198 | Steps Per Second = 81.833 | Success = 1.000 | Success 1000 = 0.991
I0502 16:37:04.633763 139579566835264 terminal.py:91] [Evaluator] Actor Episodes = 35514 | Actor Steps = 1775700 | Delta Dist = 11.335 | Delta Dist 10 = 11.740 | Delta Dist 100 = 11.850 | Delta Dist 1000 = 11.676 | Episode Length = 50 | Episode Return = 21.0 | Evaluator Episodes = 9002 | Evaluator Steps = 450100 | Final Dist = 1.471 | Final Dist 10 = 1.066 | Final Dist 100 = 0.956 | Final Dist 1000 = 1.130 | Init Dist = 12.806 | Init Dist 10 = 12.806 | Init Dist 100 = 12.806 | Init Dist 1000 = 12.806 | Learner Steps = 27591 | Learner Walltime = 5448.779 | Min Dist = 0.087 | Min Dist 10 = 0.551 | Min Dist 100 = 0.325 | Min Dist 1000 = 0.449 | Steps Per Second = 84.604 | Success = 1.000 | Success 1000 = 0.955
I0502 16:37:05.033952 139584504182336 lp_utils.py:96] StepsLimiter: Reached 1775800 recorded steps
I0502 16:37:05.795022 139579566835264 terminal.py:91] [Evaluator] Actor Episodes = 35522 | Actor Steps = 1776100 | Delta Dist = 11.477 | Delta Dist 10 = 12.001 | Delta Dist 100 = 11.848 | Delta Dist 1000 = 11.677 | Episode Length = 50 | Episode Return = 2.0 | Evaluator Episodes = 9004 | Evaluator Steps = 450200 | Final Dist = 1.329 | Final Dist 10 = 0.805 | Final Dist 100 = 0.958 | Final Dist 1000 = 1.130 | Init Dist = 12.806 | Init Dist 10 = 12.806 | Init Dist 100 = 12.806 | Init Dist 1000 = 12.806 | Learner Steps = 27598 | Learner Walltime = 5449.873 | Min Dist = 0.331 | Min Dist 10 = 0.120 | Min Dist 100 = 0.319 | Min Dist 1000 = 0.448 | Steps Per Second = 91.940 | Success = 1.000 | Success 1000 = 0.955
I0502 16:37:07.062257 139579566835264 terminal.py:91] [Evaluator] Actor Episodes = 35530 | Actor Steps = 1776500 | Delta Dist = 11.502 | Delta Dist 10 = 12.011 | Delta Dist 100 = 11.829 | Delta Dist 1000 = 11.676 | Episode Length = 50 | Episode Return = 1.0 | Evaluator Episodes = 9006 | Evaluator Steps = 450300 | Final Dist = 1.305 | Final Dist 10 = 0.795 | Final Dist 100 = 0.978 | Final Dist 1000 = 1.130 | Init Dist = 12.806 | Init Dist 10 = 12.806 | Init Dist 100 = 12.806 | Init Dist 1000 = 12.806 | Learner Steps = 27604 | Learner Walltime = 5451.103 | Min Dist = 0.965 | Min Dist 10 = 0.152 | Min Dist 100 = 0.322 | Min Dist 1000 = 0.449 | Steps Per Second = 72.094 | Success = 1.000 | Success 1000 = 0.955
I0502 16:37:08.251563 139579566835264 terminal.py:91] [Evaluator] Actor Episodes = 35538 | Actor Steps = 1776900 | Delta Dist = 12.206 | Delta Dist 10 = 11.923 | Delta Dist 100 = 11.823 | Delta Dist 1000 = 11.674 | Episode Length = 50 | Episode Return = 30.0 | Evaluator Episodes = 9008 | Evaluator Steps = 450400 | Final Dist = 0.600 | Final Dist 10 = 0.884 | Final Dist 100 = 0.983 | Final Dist 1000 = 1.132 | Init Dist = 12.806 | Init Dist 10 = 12.806 | Init Dist 100 = 12.806 | Init Dist 1000 = 12.806 | Learner Steps = 27609 | Learner Walltime = 5452.147 | Min Dist = 0.246 | Min Dist 10 = 0.298 | Min Dist 100 = 0.337 | Min Dist 1000 = 0.450 | Steps Per Second = 85.086 | Success = 1.000 | Success 1000 = 0.955
I0502 16:37:08.722061 139558059398720 terminal.py:91] [Actor] Actor Episodes = 35539 | Actor Steps = 1776950 | Delta Dist = 7.827 | Delta Dist 10 = 5.213 | Delta Dist 100 = 4.731 | Delta Dist 1000 = 4.376 | Episode Length = 50 | Episode Return = 22.0 | Evaluator Episodes = 9006 | Evaluator Steps = 450300 | Final Dist = 0.235 | Final Dist 10 = 1.247 | Final Dist 100 = 1.133 | Final Dist 1000 = 1.458 | Init Dist = 8.062 | Init Dist 10 = 6.460 | Init Dist 100 = 5.865 | Init Dist 1000 = 5.834 | Learner Steps = 27609 | Learner Walltime = 5452.147 | Min Dist = 0.050 | Min Dist 10 = 0.087 | Min Dist 100 = 0.061 | Min Dist 1000 = 0.197 | Steps Per Second = 81.867 | Success = 1.000 | Success 1000 = 0.991
I0502 16:37:09.448739 139579566835264 terminal.py:91] [Evaluator] Actor Episodes = 35546 | Actor Steps = 1777300 | Delta Dist = 11.766 | Delta Dist 10 = 11.781 | Delta Dist 100 = 11.811 | Delta Dist 1000 = 11.675 | Episode Length = 50 | Episode Return = 13.0 | Evaluator Episodes = 9010 | Evaluator Steps = 450500 | Final Dist = 1.040 | Final Dist 10 = 1.025 | Final Dist 100 = 0.995 | Final Dist 1000 = 1.131 | Init Dist = 12.806 | Init Dist 10 = 12.806 | Init Dist 100 = 12.806 | Init Dist 1000 = 12.806 | Learner Steps = 27617 | Learner Walltime = 5453.629 | Min Dist = 0.507 | Min Dist 10 = 0.299 | Min Dist 100 = 0.337 | Min Dist 1000 = 0.450 | Steps Per Second = 87.258 | Success = 1.000 | Success 1000 = 0.955
I0502 16:37:10.751152 139579566835264 terminal.py:91] [Evaluator] Actor Episodes = 35554 | Actor Steps = 1777700 | Delta Dist = 12.018 | Delta Dist 10 = 11.680 | Delta Dist 100 = 11.808 | Delta Dist 1000 = 11.674 | Episode Length = 50 | Episode Return = 34.0 | Evaluator Episodes = 9012 | Evaluator Steps = 450600 | Final Dist = 0.788 | Final Dist 10 = 1.126 | Final Dist 100 = 0.998 | Final Dist 1000 = 1.132 | Init Dist = 12.806 | Init Dist 10 = 12.806 | Init Dist 100 = 12.806 | Init Dist 1000 = 12.806 | Learner Steps = 27622 | Learner Walltime = 5454.796 | Min Dist = 0.036 | Min Dist 10 = 0.332 | Min Dist 100 = 0.342 | Min Dist 1000 = 0.450 | Steps Per Second = 86.332 | Success = 1.000 | Success 1000 = 0.955
I0502 16:37:11.539663 139584635659840 savers.py:156] Saving checkpoint: logs/contrastive_cpc_point_FourRooms_64/5dd72662-2788-11f0-b183-d85ed38c5779/checkpoints/counter
I0502 16:37:11.738784 139569349502528 terminal.py:91] [Actor] Actor Episodes = 35560 | Actor Steps = 1778000 | Delta Dist = 2.105 | Delta Dist 10 = 4.796 | Delta Dist 100 = 4.720 | Delta Dist 1000 = 4.375 | Episode Length = 50 | Episode Return = 8.0 | Evaluator Episodes = 9012 | Evaluator Steps = 450600 | Final Dist = 0.895 | Final Dist 10 = 1.267 | Final Dist 100 = 1.138 | Final Dist 1000 = 1.461 | Init Dist = 3.000 | Init Dist 10 = 6.063 | Init Dist 100 = 5.859 | Init Dist 1000 = 5.836 | Learner Steps = 27622 | Learner Walltime = 5454.796 | Min Dist = 0.097 | Min Dist 10 = 0.371 | Min Dist 100 = 0.091 | Min Dist 1000 = 0.194 | Steps Per Second = 80.242 | Success = 1.000 | Success 1000 = 0.991
I0502 16:37:12.025623 139579566835264 terminal.py:91] [Evaluator] Actor Episodes = 35562 | Actor Steps = 1778100 | Delta Dist = 12.230 | Delta Dist 10 = 11.789 | Delta Dist 100 = 11.807 | Delta Dist 1000 = 11.675 | Episode Length = 50 | Episode Return = 20.0 | Evaluator Episodes = 9014 | Evaluator Steps = 450700 | Final Dist = 0.576 | Final Dist 10 = 1.017 | Final Dist 100 = 0.999 | Final Dist 1000 = 1.131 | Init Dist = 12.806 | Init Dist 10 = 12.806 | Init Dist 100 = 12.806 | Init Dist 1000 = 12.806 | Learner Steps = 27629 | Learner Walltime = 5456.101 | Min Dist = 0.045 | Min Dist 10 = 0.332 | Min Dist 100 = 0.342 | Min Dist 1000 = 0.449 | Steps Per Second = 78.964 | Success = 1.000 | Success 1000 = 0.955
I0502 16:37:12.570969 139555013154368 terminal.py:91] [Learner] Actor Episodes = 35560 | Actor Loss = 3.6400718688964844 | Actor Steps = 1778000 | Binary Accuracy = 0.9960052967071533 | Categorical Accuracy = 0.41217041015625 | Critic Loss = 1.802277684211731 | Entropy Mean = -21.261396408081055 | Evaluator Episodes = 9012 | Evaluator Steps = 450600 | Learner Steps = 27632 | Learner Walltime = 5456.764 | Logits Neg = -17.45721435546875 | Logits Pos = -1.798293948173523 | Logsumexp = 1.1073529720306396 | Steps Per Second = 148.344
I0502 16:37:13.366594 139579566835264 terminal.py:91] [Evaluator] Actor Episodes = 35570 | Actor Steps = 1778500 | Delta Dist = 11.821 | Delta Dist 10 = 11.911 | Delta Dist 100 = 11.871 | Delta Dist 1000 = 11.676 | Episode Length = 50 | Episode Return = 23.0 | Evaluator Episodes = 9016 | Evaluator Steps = 450800 | Final Dist = 0.986 | Final Dist 10 = 0.895 | Final Dist 100 = 0.936 | Final Dist 1000 = 1.130 | Init Dist = 12.806 | Init Dist 10 = 12.806 | Init Dist 100 = 12.806 | Init Dist 1000 = 12.806 | Learner Steps = 27635 | Learner Walltime = 5457.427 | Min Dist = 0.177 | Min Dist 10 = 0.311 | Min Dist 100 = 0.307 | Min Dist 1000 = 0.449 | Steps Per Second = 82.853 | Success = 1.000 | Success 1000 = 0.955
I0502 16:37:14.506081 139579566835264 terminal.py:91] [Evaluator] Actor Episodes = 35578 | Actor Steps = 1778900 | Delta Dist = 12.579 | Delta Dist 10 = 11.948 | Delta Dist 100 = 11.859 | Delta Dist 1000 = 11.676 | Episode Length = 50 | Episode Return = 28.0 | Evaluator Episodes = 9018 | Evaluator Steps = 450900 | Final Dist = 0.227 | Final Dist 10 = 0.858 | Final Dist 100 = 0.947 | Final Dist 1000 = 1.130 | Init Dist = 12.806 | Init Dist 10 = 12.806 | Init Dist 100 = 12.806 | Init Dist 1000 = 12.806 | Learner Steps = 27642 | Learner Walltime = 5458.636 | Min Dist = 0.065 | Min Dist 10 = 0.191 | Min Dist 100 = 0.308 | Min Dist 1000 = 0.449 | Steps Per Second = 92.765 | Success = 1.000 | Success 1000 = 0.955
I0502 16:37:14.588652 139555860620864 terminal.py:91] [Actor] Actor Episodes = 35580 | Actor Steps = 1779000 | Delta Dist = 6.552 | Delta Dist 10 = 6.020 | Delta Dist 100 = 4.634 | Delta Dist 1000 = 4.389 | Episode Length = 50 | Episode Return = 41.0 | Evaluator Episodes = 9018 | Evaluator Steps = 450900 | Final Dist = 0.156 | Final Dist 10 = 1.268 | Final Dist 100 = 1.130 | Final Dist 1000 = 1.447 | Init Dist = 6.708 | Init Dist 10 = 7.288 | Init Dist 100 = 5.764 | Init Dist 1000 = 5.837 | Learner Steps = 27642 | Learner Walltime = 5458.636 | Min Dist = 0.047 | Min Dist 10 = 0.069 | Min Dist 100 = 0.090 | Min Dist 1000 = 0.189 | Steps Per Second = 93.719 | Success = 1.000 | Success 1000 = 0.991
I0502 16:37:14.940330 139557462840896 terminal.py:91] [Actor] Actor Episodes = 35582 | Actor Steps = 1779100 | Delta Dist = 0.910 | Delta Dist 10 = 6.042 | Delta Dist 100 = 4.618 | Delta Dist 1000 = 4.392 | Episode Length = 50 | Episode Return = 16.0 | Evaluator Episodes = 9018 | Evaluator Steps = 450900 | Final Dist = 8.939 | Final Dist 10 = 1.293 | Final Dist 100 = 1.120 | Final Dist 1000 = 1.446 | Init Dist = 9.849 | Init Dist 10 = 7.335 | Init Dist 100 = 5.739 | Init Dist 1000 = 5.838 | Learner Steps = 27642 | Learner Walltime = 5458.636 | Min Dist = 0.233 | Min Dist 10 = 0.075 | Min Dist 100 = 0.090 | Min Dist 1000 = 0.189 | Steps Per Second = 91.831 | Success = 1.000 | Success 1000 = 0.991
I0502 16:37:15.057786 139584504182336 lp_utils.py:96] StepsLimiter: Reached 1779100 recorded steps
I0502 16:37:15.627334 139579566835264 terminal.py:91] [Evaluator] Actor Episodes = 35584 | Actor Steps = 1779200 | Delta Dist = 11.833 | Delta Dist 10 = 11.984 | Delta Dist 100 = 11.859 | Delta Dist 1000 = 11.677 | Episode Length = 50 | Episode Return = 3.0 | Evaluator Episodes = 9020 | Evaluator Steps = 451000 | Final Dist = 0.973 | Final Dist 10 = 0.822 | Final Dist 100 = 0.947 | Final Dist 1000 = 1.130 | Init Dist = 12.806 | Init Dist 10 = 12.806 | Init Dist 100 = 12.806 | Init Dist 1000 = 12.806 | Learner Steps = 27642 | Learner Walltime = 5458.636 | Min Dist = 0.160 | Min Dist 10 = 0.174 | Min Dist 100 = 0.307 | Min Dist 1000 = 0.449 | Steps Per Second = 93.536 | Success = 1.000 | Success 1000 = 0.955
I0502 16:37:16.767712 139579566835264 terminal.py:91] [Evaluator] Actor Episodes = 35592 | Actor Steps = 1779600 | Delta Dist = 11.859 | Delta Dist 10 = 11.989 | Delta Dist 100 = 11.850 | Delta Dist 1000 = 11.676 | Episode Length = 50 | Episode Return = 21.0 | Evaluator Episodes = 9022 | Evaluator Steps = 451100 | Final Dist = 0.948 | Final Dist 10 = 0.817 | Final Dist 100 = 0.956 | Final Dist 1000 = 1.130 | Init Dist = 12.806 | Init Dist 10 = 12.806 | Init Dist 100 = 12.806 | Init Dist 1000 = 12.806 | Learner Steps = 27649 | Learner Walltime = 5460.025 | Min Dist = 0.250 | Min Dist 10 = 0.135 | Min Dist 100 = 0.307 | Min Dist 1000 = 0.449 | Steps Per Second = 89.542 | Success = 1.000 | Success 1000 = 0.955
I0502 16:37:18.014143 139579566835264 terminal.py:91] [Evaluator] Actor Episodes = 35602 | Actor Steps = 1780100 | Delta Dist = 11.900 | Delta Dist 10 = 11.870 | Delta Dist 100 = 11.840 | Delta Dist 1000 = 11.676 | Episode Length = 50 | Episode Return = 20.0 | Evaluator Episodes = 9024 | Evaluator Steps = 451200 | Final Dist = 0.906 | Final Dist 10 = 0.936 | Final Dist 100 = 0.966 | Final Dist 1000 = 1.130 | Init Dist = 12.806 | Init Dist 10 = 12.806 | Init Dist 100 = 12.806 | Init Dist 1000 = 12.806 | Learner Steps = 27660 | Learner Walltime = 5462.168 | Min Dist = 0.115 | Min Dist 10 = 0.174 | Min Dist 100 = 0.310 | Min Dist 1000 = 0.449 | Steps Per Second = 74.373 | Success = 1.000 | Success 1000 = 0.955
I0502 16:37:18.173902 139583350109760 savers.py:156] Saving checkpoint: logs/contrastive_cpc_point_FourRooms_64/5dd72662-2788-11f0-b183-d85ed38c5779/checkpoints/learner
I0502 16:37:19.336958 139579566835264 terminal.py:91] [Evaluator] Actor Episodes = 35608 | Actor Steps = 1780400 | Delta Dist = 11.661 | Delta Dist 10 = 11.854 | Delta Dist 100 = 11.848 | Delta Dist 1000 = 11.677 | Episode Length = 50 | Episode Return = 21.0 | Evaluator Episodes = 9026 | Evaluator Steps = 451300 | Final Dist = 1.145 | Final Dist 10 = 0.953 | Final Dist 100 = 0.958 | Final Dist 1000 = 1.129 | Init Dist = 12.806 | Init Dist 10 = 12.806 | Init Dist 100 = 12.806 | Init Dist 1000 = 12.806 | Learner Steps = 27666 | Learner Walltime = 5463.282 | Min Dist = 0.134 | Min Dist 10 = 0.167 | Min Dist 100 = 0.311 | Min Dist 1000 = 0.449 | Steps Per Second = 74.745 | Success = 1.000 | Success 1000 = 0.955
I0502 16:37:19.348440 139558059398720 terminal.py:91] [Actor] Actor Episodes = 35610 | Actor Steps = 1780500 | Delta Dist = 1.498 | Delta Dist 10 = 4.821 | Delta Dist 100 = 4.521 | Delta Dist 1000 = 4.400 | Episode Length = 50 | Episode Return = 38.0 | Evaluator Episodes = 9026 | Evaluator Steps = 451300 | Final Dist = 0.738 | Final Dist 10 = 1.214 | Final Dist 100 = 1.244 | Final Dist 1000 = 1.440 | Init Dist = 2.236 | Init Dist 10 = 6.036 | Init Dist 100 = 5.765 | Init Dist 1000 = 5.840 | Learner Steps = 27666 | Learner Walltime = 5463.282 | Min Dist = 0.173 | Min Dist 10 = 0.066 | Min Dist 100 = 0.094 | Min Dist 1000 = 0.185 | Steps Per Second = 71.210 | Success = 1.000 | Success 1000 = 0.991
I0502 16:37:20.575690 139579566835264 terminal.py:91] [Evaluator] Actor Episodes = 35618 | Actor Steps = 1780900 | Delta Dist = 11.727 | Delta Dist 10 = 11.933 | Delta Dist 100 = 11.852 | Delta Dist 1000 = 11.677 | Episode Length = 50 | Episode Return = 13.0 | Evaluator Episodes = 9028 | Evaluator Steps = 451400 | Final Dist = 1.079 | Final Dist 10 = 0.874 | Final Dist 100 = 0.955 | Final Dist 1000 = 1.129 | Init Dist = 12.806 | Init Dist 10 = 12.806 | Init Dist 100 = 12.806 | Init Dist 1000 = 12.806 | Learner Steps = 27672 | Learner Walltime = 5464.744 | Min Dist = 0.154 | Min Dist 10 = 0.165 | Min Dist 100 = 0.306 | Min Dist 1000 = 0.450 | Steps Per Second = 78.166 | Success = 1.000 | Success 1000 = 0.955
I0502 16:37:21.744380 139569349502528 terminal.py:91] [Actor] Actor Episodes = 35624 | Actor Steps = 1781200 | Delta Dist = 5.592 | Delta Dist 10 = 4.883 | Delta Dist 100 = 4.685 | Delta Dist 1000 = 4.413 | Episode Length = 50 | Episode Return = 40.0 | Evaluator Episodes = 9028 | Evaluator Steps = 451400 | Final Dist = 0.064 | Final Dist 10 = 1.470 | Final Dist 100 = 1.424 | Final Dist 1000 = 1.427 | Init Dist = 5.657 | Init Dist 10 = 6.353 | Init Dist 100 = 6.109 | Init Dist 1000 = 5.840 | Learner Steps = 27678 | Learner Walltime = 5465.832 | Min Dist = 0.031 | Min Dist 10 = 0.417 | Min Dist 100 = 0.132 | Min Dist 1000 = 0.187 | Steps Per Second = 80.851 | Success = 1.000 | Success 1000 = 0.990
I0502 16:37:21.810711 139579566835264 terminal.py:91] [Evaluator] Actor Episodes = 35624 | Actor Steps = 1781200 | Delta Dist = 11.246 | Delta Dist 10 = 11.942 | Delta Dist 100 = 11.925 | Delta Dist 1000 = 11.678 | Episode Length = 50 | Episode Return = 0.0 | Evaluator Episodes = 9030 | Evaluator Steps = 451500 | Final Dist = 1.560 | Final Dist 10 = 0.865 | Final Dist 100 = 0.881 | Final Dist 1000 = 1.128 | Init Dist = 12.806 | Init Dist 10 = 12.806 | Init Dist 100 = 12.806 | Init Dist 1000 = 12.806 | Learner Steps = 27678 | Learner Walltime = 5465.832 | Min Dist = 1.003 | Min Dist 10 = 0.193 | Min Dist 100 = 0.226 | Min Dist 1000 = 0.450 | Steps Per Second = 80.761 | Success = 0.000 | Success 1000 = 0.955
I0502 16:37:22.665648 139555013154368 terminal.py:91] [Learner] Actor Episodes = 35630 | Actor Loss = 3.7236318588256836 | Actor Steps = 1781500 | Binary Accuracy = 0.9961075782775879 | Categorical Accuracy = 0.436767578125 | Critic Loss = 1.773797631263733 | Entropy Mean = -22.133251190185547 | Evaluator Episodes = 9030 | Evaluator Steps = 451500 | Learner Steps = 27683 | Learner Walltime = 5466.860 | Logits Neg = -17.13164520263672 | Logits Pos = -1.7485467195510864 | Logsumexp = 1.0437273979187012 | Steps Per Second = 242.481
I0502 16:37:23.051171 139579566835264 terminal.py:91] [Evaluator] Actor Episodes = 35630 | Actor Steps = 1781500 | Delta Dist = 11.760 | Delta Dist 10 = 11.839 | Delta Dist 100 = 11.904 | Delta Dist 1000 = 11.676 | Episode Length = 50 | Episode Return = 15.0 | Evaluator Episodes = 9032 | Evaluator Steps = 451600 | Final Dist = 1.046 | Final Dist 10 = 0.967 | Final Dist 100 = 0.903 | Final Dist 1000 = 1.131 | Init Dist = 12.806 | Init Dist 10 = 12.806 | Init Dist 100 = 12.806 | Init Dist 1000 = 12.806 | Learner Steps = 27683 | Learner Walltime = 5466.860 | Min Dist = 0.228 | Min Dist 10 = 0.280 | Min Dist 100 = 0.232 | Min Dist 1000 = 0.451 | Steps Per Second = 88.295 | Success = 1.000 | Success 1000 = 0.954
I0502 16:37:24.179917 139579566835264 terminal.py:91] [Evaluator] Actor Episodes = 35638 | Actor Steps = 1781900 | Delta Dist = 12.470 | Delta Dist 10 = 11.934 | Delta Dist 100 = 11.903 | Delta Dist 1000 = 11.677 | Episode Length = 50 | Episode Return = 7.0 | Evaluator Episodes = 9034 | Evaluator Steps = 451700 | Final Dist = 0.337 | Final Dist 10 = 0.872 | Final Dist 100 = 0.903 | Final Dist 1000 = 1.130 | Init Dist = 12.806 | Init Dist 10 = 12.806 | Init Dist 100 = 12.806 | Init Dist 1000 = 12.806 | Learner Steps = 27689 | Learner Walltime = 5468.071 | Min Dist = 0.252 | Min Dist 10 = 0.255 | Min Dist 100 = 0.231 | Min Dist 1000 = 0.451 | Steps Per Second = 106.893 | Success = 1.000 | Success 1000 = 0.954
I0502 16:37:24.615420 139555860620864 terminal.py:91] [Actor] Actor Episodes = 35644 | Actor Steps = 1782200 | Delta Dist = -4.835 | Delta Dist 10 = 4.389 | Delta Dist 100 = 4.510 | Delta Dist 1000 = 4.405 | Episode Length = 50 | Episode Return = 0.0 | Evaluator Episodes = 9034 | Evaluator Steps = 451700 | Final Dist = 7.835 | Final Dist 10 = 1.323 | Final Dist 100 = 1.354 | Final Dist 1000 = 1.422 | Init Dist = 3.000 | Init Dist 10 = 5.712 | Init Dist 100 = 5.864 | Init Dist 1000 = 5.827 | Learner Steps = 27689 | Learner Walltime = 5468.071 | Min Dist = 0.049 | Min Dist 10 = 0.308 | Min Dist 100 = 0.183 | Min Dist 1000 = 0.191 | Steps Per Second = 92.326 | Success = 1.000 | Success 1000 = 0.989
I0502 16:37:25.076235 139584504182336 lp_utils.py:96] StepsLimiter: Reached 1782300 recorded steps
I0502 16:37:25.327940 139579566835264 terminal.py:91] [Evaluator] Actor Episodes = 35646 | Actor Steps = 1782300 | Delta Dist = 12.056 | Delta Dist 10 = 11.929 | Delta Dist 100 = 11.912 | Delta Dist 1000 = 11.684 | Episode Length = 50 | Episode Return = 7.0 | Evaluator Episodes = 9036 | Evaluator Steps = 451800 | Final Dist = 0.751 | Final Dist 10 = 0.877 | Final Dist 100 = 0.894 | Final Dist 1000 = 1.122 | Init Dist = 12.806 | Init Dist 10 = 12.806 | Init Dist 100 = 12.806 | Init Dist 1000 = 12.806 | Learner Steps = 27694 | Learner Walltime = 5469.129 | Min Dist = 0.468 | Min Dist 10 = 0.273 | Min Dist 100 = 0.231 | Min Dist 1000 = 0.444 | Steps Per Second = 87.513 | Success = 1.000 | Success 1000 = 0.955
I0502 16:37:25.528397 139557462840896 terminal.py:91] [Actor] Actor Episodes = 35647 | Actor Steps = 1782350 | Delta Dist = 7.515 | Delta Dist 10 = 3.665 | Delta Dist 100 = 4.585 | Delta Dist 1000 = 4.417 | Episode Length = 50 | Episode Return = 34.0 | Evaluator Episodes = 9034 | Evaluator Steps = 451700 | Final Dist = 0.731 | Final Dist 10 = 1.224 | Final Dist 100 = 1.358 | Final Dist 1000 = 1.411 | Init Dist = 8.246 | Init Dist 10 = 4.888 | Init Dist 100 = 5.943 | Init Dist 1000 = 5.828 | Learner Steps = 27689 | Learner Walltime = 5468.071 | Min Dist = 0.077 | Min Dist 10 = 0.275 | Min Dist 100 = 0.184 | Min Dist 1000 = 0.190 | Steps Per Second = 78.319 | Success = 1.000 | Success 1000 = 0.990
I0502 16:37:26.538021 139579566835264 terminal.py:91] [Evaluator] Actor Episodes = 35655 | Actor Steps = 1782750 | Delta Dist = 11.655 | Delta Dist 10 = 11.900 | Delta Dist 100 = 11.905 | Delta Dist 1000 = 11.685 | Episode Length = 50 | Episode Return = 21.0 | Evaluator Episodes = 9038 | Evaluator Steps = 451900 | Final Dist = 1.151 | Final Dist 10 = 0.906 | Final Dist 100 = 0.901 | Final Dist 1000 = 1.121 | Init Dist = 12.806 | Init Dist 10 = 12.806 | Init Dist 100 = 12.806 | Init Dist 1000 = 12.806 | Learner Steps = 27701 | Learner Walltime = 5470.189 | Min Dist = 0.101 | Min Dist 10 = 0.277 | Min Dist 100 = 0.229 | Min Dist 1000 = 0.444 | Steps Per Second = 81.379 | Success = 1.000 | Success 1000 = 0.955
I0502 16:37:27.721420 139579566835264 terminal.py:91] [Evaluator] Actor Episodes = 35663 | Actor Steps = 1783150 | Delta Dist = 12.199 | Delta Dist 10 = 11.907 | Delta Dist 100 = 11.913 | Delta Dist 1000 = 11.684 | Episode Length = 50 | Episode Return = 17.0 | Evaluator Episodes = 9040 | Evaluator Steps = 452000 | Final Dist = 0.608 | Final Dist 10 = 0.899 | Final Dist 100 = 0.893 | Final Dist 1000 = 1.122 | Init Dist = 12.806 | Init Dist 10 = 12.806 | Init Dist 100 = 12.806 | Init Dist 1000 = 12.806 | Learner Steps = 27706 | Learner Walltime = 5471.214 | Min Dist = 0.032 | Min Dist 10 = 0.235 | Min Dist 100 = 0.228 | Min Dist 1000 = 0.444 | Steps Per Second = 83.983 | Success = 1.000 | Success 1000 = 0.955
I0502 16:37:28.893274 139579566835264 terminal.py:91] [Evaluator] Actor Episodes = 35671 | Actor Steps = 1783550 | Delta Dist = 11.869 | Delta Dist 10 = 12.123 | Delta Dist 100 = 11.921 | Delta Dist 1000 = 11.685 | Episode Length = 50 | Episode Return = 19.0 | Evaluator Episodes = 9042 | Evaluator Steps = 452100 | Final Dist = 0.937 | Final Dist 10 = 0.683 | Final Dist 100 = 0.885 | Final Dist 1000 = 1.121 | Init Dist = 12.806 | Init Dist 10 = 12.806 | Init Dist 100 = 12.806 | Init Dist 1000 = 12.806 | Learner Steps = 27712 | Learner Walltime = 5472.278 | Min Dist = 0.053 | Min Dist 10 = 0.138 | Min Dist 100 = 0.227 | Min Dist 1000 = 0.444 | Steps Per Second = 85.954 | Success = 1.000 | Success 1000 = 0.955
I0502 16:37:29.478321 139558059398720 terminal.py:91] [Actor] Actor Episodes = 35677 | Actor Steps = 1783850 | Delta Dist = 3.811 | Delta Dist 10 = 4.690 | Delta Dist 100 = 4.350 | Delta Dist 1000 = 4.400 | Episode Length = 50 | Episode Return = 39.0 | Evaluator Episodes = 9042 | Evaluator Steps = 452100 | Final Dist = 0.189 | Final Dist 10 = 1.753 | Final Dist 100 = 1.691 | Final Dist 1000 = 1.410 | Init Dist = 4.000 | Init Dist 10 = 6.442 | Init Dist 100 = 6.041 | Init Dist 1000 = 5.810 | Learner Steps = 27717 | Learner Walltime = 5473.329 | Min Dist = 0.022 | Min Dist 10 = 0.444 | Min Dist 100 = 0.262 | Min Dist 1000 = 0.191 | Steps Per Second = 86.340 | Success = 1.000 | Success 1000 = 0.990
I0502 16:37:30.025498 139579566835264 terminal.py:91] [Evaluator] Actor Episodes = 35679 | Actor Steps = 1783950 | Delta Dist = 12.503 | Delta Dist 10 = 12.002 | Delta Dist 100 = 11.907 | Delta Dist 1000 = 11.690 | Episode Length = 50 | Episode Return = 24.0 | Evaluator Episodes = 9044 | Evaluator Steps = 452200 | Final Dist = 0.303 | Final Dist 10 = 0.804 | Final Dist 100 = 0.899 | Final Dist 1000 = 1.117 | Init Dist = 12.806 | Init Dist 10 = 12.806 | Init Dist 100 = 12.806 | Init Dist 1000 = 12.806 | Learner Steps = 27717 | Learner Walltime = 5473.329 | Min Dist = 0.302 | Min Dist 10 = 0.124 | Min Dist 100 = 0.224 | Min Dist 1000 = 0.438 | Steps Per Second = 88.870 | Success = 1.000 | Success 1000 = 0.956
I0502 16:37:31.179315 139579566835264 terminal.py:91] [Evaluator] Actor Episodes = 35687 | Actor Steps = 1784350 | Delta Dist = 12.332 | Delta Dist 10 = 12.013 | Delta Dist 100 = 11.912 | Delta Dist 1000 = 11.690 | Episode Length = 50 | Episode Return = 26.0 | Evaluator Episodes = 9046 | Evaluator Steps = 452300 | Final Dist = 0.474 | Final Dist 10 = 0.793 | Final Dist 100 = 0.894 | Final Dist 1000 = 1.116 | Init Dist = 12.806 | Init Dist 10 = 12.806 | Init Dist 100 = 12.806 | Init Dist 1000 = 12.806 | Learner Steps = 27723 | Learner Walltime = 5474.370 | Min Dist = 0.066 | Min Dist 10 = 0.155 | Min Dist 100 = 0.230 | Min Dist 1000 = 0.439 | Steps Per Second = 80.760 | Success = 1.000 | Success 1000 = 0.956
I0502 16:37:31.955427 139569349502528 terminal.py:91] [Actor] Actor Episodes = 35690 | Actor Steps = 1784500 | Delta Dist = 10.714 | Delta Dist 10 = 3.633 | Delta Dist 100 = 4.280 | Delta Dist 1000 = 4.415 | Episode Length = 50 | Episode Return = 41.0 | Evaluator Episodes = 9046 | Evaluator Steps = 452300 | Final Dist = 0.056 | Final Dist 10 = 2.376 | Final Dist 100 = 1.701 | Final Dist 1000 = 1.427 | Init Dist = 10.770 | Init Dist 10 = 6.009 | Init Dist 100 = 5.980 | Init Dist 1000 = 5.843 | Learner Steps = 27723 | Learner Walltime = 5474.370 | Min Dist = 0.056 | Min Dist 10 = 0.189 | Min Dist 100 = 0.271 | Min Dist 1000 = 0.192 | Steps Per Second = 81.835 | Success = 1.000 | Success 1000 = 0.990
I0502 16:37:32.423799 139579566835264 terminal.py:91] [Evaluator] Actor Episodes = 35695 | Actor Steps = 1784750 | Delta Dist = 12.226 | Delta Dist 10 = 12.080 | Delta Dist 100 = 11.910 | Delta Dist 1000 = 11.690 | Episode Length = 50 | Episode Return = 22.0 | Evaluator Episodes = 9048 | Evaluator Steps = 452400 | Final Dist = 0.580 | Final Dist 10 = 0.726 | Final Dist 100 = 0.896 | Final Dist 1000 = 1.116 | Init Dist = 12.806 | Init Dist 10 = 12.806 | Init Dist 100 = 12.806 | Init Dist 1000 = 12.806 | Learner Steps = 27735 | Learner Walltime = 5476.616 | Min Dist = 0.078 | Min Dist 10 = 0.129 | Min Dist 100 = 0.231 | Min Dist 1000 = 0.438 | Steps Per Second = 81.057 | Success = 1.000 | Success 1000 = 0.956
I0502 16:37:32.685218 139555013154368 terminal.py:91] [Learner] Actor Episodes = 35695 | Actor Loss = 3.6024675369262695 | Actor Steps = 1784750 | Binary Accuracy = 0.9960281848907471 | Categorical Accuracy = 0.419189453125 | Critic Loss = 1.8015162944793701 | Entropy Mean = -20.59063720703125 | Evaluator Episodes = 9046 | Evaluator Steps = 452300 | Learner Steps = 27736 | Learner Walltime = 5476.882 | Logits Neg = -17.193418502807617 | Logits Pos = -1.8007991313934326 | Logsumexp = 1.1354278326034546 | Steps Per Second = 240.918
I0502 16:37:33.650256 139579566835264 terminal.py:91] [Evaluator] Actor Episodes = 35703 | Actor Steps = 1785150 | Delta Dist = 11.991 | Delta Dist 10 = 12.093 | Delta Dist 100 = 11.913 | Delta Dist 1000 = 11.692 | Episode Length = 50 | Episode Return = 4.0 | Evaluator Episodes = 9050 | Evaluator Steps = 452500 | Final Dist = 0.816 | Final Dist 10 = 0.713 | Final Dist 100 = 0.893 | Final Dist 1000 = 1.115 | Init Dist = 12.806 | Init Dist 10 = 12.806 | Init Dist 100 = 12.806 | Init Dist 1000 = 12.806 | Learner Steps = 27742 | Learner Walltime = 5477.636 | Min Dist = 0.816 | Min Dist 10 = 0.130 | Min Dist 100 = 0.229 | Min Dist 1000 = 0.437 | Steps Per Second = 77.415 | Success = 1.000 | Success 1000 = 0.956
I0502 16:37:34.951016 139579566835264 terminal.py:91] [Evaluator] Actor Episodes = 35713 | Actor Steps = 1785650 | Delta Dist = 12.466 | Delta Dist 10 = 11.961 | Delta Dist 100 = 11.913 | Delta Dist 1000 = 11.698 | Episode Length = 50 | Episode Return = 22.0 | Evaluator Episodes = 9052 | Evaluator Steps = 452600 | Final Dist = 0.341 | Final Dist 10 = 0.845 | Final Dist 100 = 0.893 | Final Dist 1000 = 1.108 | Init Dist = 12.806 | Init Dist 10 = 12.806 | Init Dist 100 = 12.806 | Init Dist 1000 = 12.806 | Learner Steps = 27745 | Learner Walltime = 5478.669 | Min Dist = 0.077 | Min Dist 10 = 0.226 | Min Dist 100 = 0.238 | Min Dist 1000 = 0.430 | Steps Per Second = 76.695 | Success = 1.000 | Success 1000 = 0.957
I0502 16:37:35.096258 139584504182336 lp_utils.py:96] StepsLimiter: Reached 1785650 recorded steps
I0502 16:37:35.101809 139555860620864 terminal.py:91] [Actor] Actor Episodes = 35715 | Actor Steps = 1785750 | Delta Dist = 6.746 | Delta Dist 10 = 3.109 | Delta Dist 100 = 4.133 | Delta Dist 1000 = 4.401 | Episode Length = 50 | Episode Return = 14.0 | Evaluator Episodes = 9052 | Evaluator Steps = 452600 | Final Dist = 0.254 | Final Dist 10 = 3.633 | Final Dist 100 = 1.882 | Final Dist 1000 = 1.433 | Init Dist = 7.000 | Init Dist 10 = 6.741 | Init Dist 100 = 6.015 | Init Dist 1000 = 5.834 | Learner Steps = 27745 | Learner Walltime = 5478.669 | Min Dist = 0.046 | Min Dist 10 = 0.221 | Min Dist 100 = 0.256 | Min Dist 1000 = 0.178 | Steps Per Second = 84.316 | Success = 1.000 | Success 1000 = 0.990
I0502 16:37:35.620984 139557462840896 terminal.py:91] [Actor] Actor Episodes = 35717 | Actor Steps = 1785850 | Delta Dist = 8.137 | Delta Dist 10 = 3.036 | Delta Dist 100 = 4.142 | Delta Dist 1000 = 4.409 | Episode Length = 50 | Episode Return = 27.0 | Evaluator Episodes = 9052 | Evaluator Steps = 452600 | Final Dist = 0.407 | Final Dist 10 = 2.961 | Final Dist 100 = 1.884 | Final Dist 1000 = 1.433 | Init Dist = 8.544 | Init Dist 10 = 5.998 | Init Dist 100 = 6.025 | Init Dist 1000 = 5.841 | Learner Steps = 27751 | Learner Walltime = 5479.806 | Min Dist = 0.113 | Min Dist 10 = 0.201 | Min Dist 100 = 0.255 | Min Dist 1000 = 0.177 | Steps Per Second = 77.796 | Success = 1.000 | Success 1000 = 0.990
I0502 16:37:36.229916 139579566835264 terminal.py:91] [Evaluator] Actor Episodes = 35721 | Actor Steps = 1786050 | Delta Dist = 12.433 | Delta Dist 10 = 12.062 | Delta Dist 100 = 11.921 | Delta Dist 1000 = 11.699 | Episode Length = 50 | Episode Return = 5.0 | Evaluator Episodes = 9054 | Evaluator Steps = 452700 | Final Dist = 0.373 | Final Dist 10 = 0.745 | Final Dist 100 = 0.885 | Final Dist 1000 = 1.107 | Init Dist = 12.806 | Init Dist 10 = 12.806 | Init Dist 100 = 12.806 | Init Dist 1000 = 12.806 | Learner Steps = 27751 | Learner Walltime = 5479.806 | Min Dist = 0.373 | Min Dist 10 = 0.224 | Min Dist 100 = 0.237 | Min Dist 1000 = 0.429 | Steps Per Second = 77.915 | Success = 1.000 | Success 1000 = 0.957
I0502 16:37:37.421302 139579566835264 terminal.py:91] [Evaluator] Actor Episodes = 35729 | Actor Steps = 1786450 | Delta Dist = 11.348 | Delta Dist 10 = 12.163 | Delta Dist 100 = 11.925 | Delta Dist 1000 = 11.700 | Episode Length = 50 | Episode Return = 16.0 | Evaluator Episodes = 9056 | Evaluator Steps = 452800 | Final Dist = 1.459 | Final Dist 10 = 0.643 | Final Dist 100 = 0.882 | Final Dist 1000 = 1.106 | Init Dist = 12.806 | Init Dist 10 = 12.806 | Init Dist 100 = 12.806 | Init Dist 1000 = 12.806 | Learner Steps = 27758 | Learner Walltime = 5481.182 | Min Dist = 0.089 | Min Dist 10 = 0.200 | Min Dist 100 = 0.240 | Min Dist 1000 = 0.429 | Steps Per Second = 83.195 | Success = 1.000 | Success 1000 = 0.957
I0502 16:37:38.608442 139579566835264 terminal.py:91] [Evaluator] Actor Episodes = 35735 | Actor Steps = 1786750 | Delta Dist = 12.672 | Delta Dist 10 = 12.031 | Delta Dist 100 = 11.909 | Delta Dist 1000 = 11.699 | Episode Length = 50 | Episode Return = 11.0 | Evaluator Episodes = 9058 | Evaluator Steps = 452900 | Final Dist = 0.134 | Final Dist 10 = 0.775 | Final Dist 100 = 0.898 | Final Dist 1000 = 1.107 | Init Dist = 12.806 | Init Dist 10 = 12.806 | Init Dist 100 = 12.806 | Init Dist 1000 = 12.806 | Learner Steps = 27763 | Learner Walltime = 5482.298 | Min Dist = 0.019 | Min Dist 10 = 0.196 | Min Dist 100 = 0.240 | Min Dist 1000 = 0.428 | Steps Per Second = 87.516 | Success = 1.000 | Success 1000 = 0.957
I0502 16:37:39.895680 139579566835264 terminal.py:91] [Evaluator] Actor Episodes = 35743 | Actor Steps = 1787150 | Delta Dist = 12.370 | Delta Dist 10 = 12.033 | Delta Dist 100 = 11.908 | Delta Dist 1000 = 11.699 | Episode Length = 50 | Episode Return = 14.0 | Evaluator Episodes = 9060 | Evaluator Steps = 453000 | Final Dist = 0.436 | Final Dist 10 = 0.773 | Final Dist 100 = 0.898 | Final Dist 1000 = 1.107 | Init Dist = 12.806 | Init Dist 10 = 12.806 | Init Dist 100 = 12.806 | Init Dist 1000 = 12.806 | Learner Steps = 27769 | Learner Walltime = 5483.616 | Min Dist = 0.095 | Min Dist 10 = 0.194 | Min Dist 100 = 0.236 | Min Dist 1000 = 0.428 | Steps Per Second = 77.229 | Success = 1.000 | Success 1000 = 0.957
I0502 16:37:40.099274 139558059398720 terminal.py:91] [Actor] Actor Episodes = 35744 | Actor Steps = 1787200 | Delta Dist = 4.673 | Delta Dist 10 = 2.403 | Delta Dist 100 = 4.251 | Delta Dist 1000 = 4.400 | Episode Length = 50 | Episode Return = 46.0 | Evaluator Episodes = 9058 | Evaluator Steps = 452900 | Final Dist = 0.426 | Final Dist 10 = 2.526 | Final Dist 100 = 1.819 | Final Dist 1000 = 1.436 | Init Dist = 5.099 | Init Dist 10 = 4.929 | Init Dist 100 = 6.069 | Init Dist 1000 = 5.836 | Learner Steps = 27769 | Learner Walltime = 5483.616 | Min Dist = 0.426 | Min Dist 10 = 0.137 | Min Dist 100 = 0.217 | Min Dist 1000 = 0.177 | Steps Per Second = 77.065 | Success = 1.000 | Success 1000 = 0.992
I0502 16:37:41.184028 139579566835264 terminal.py:91] [Evaluator] Actor Episodes = 35753 | Actor Steps = 1787650 | Delta Dist = 11.758 | Delta Dist 10 = 12.036 | Delta Dist 100 = 11.915 | Delta Dist 1000 = 11.699 | Episode Length = 50 | Episode Return = 25.0 | Evaluator Episodes = 9062 | Evaluator Steps = 453100 | Final Dist = 1.048 | Final Dist 10 = 0.771 | Final Dist 100 = 0.891 | Final Dist 1000 = 1.107 | Init Dist = 12.806 | Init Dist 10 = 12.806 | Init Dist 100 = 12.806 | Init Dist 1000 = 12.806 | Learner Steps = 27776 | Learner Walltime = 5484.939 | Min Dist = 0.051 | Min Dist 10 = 0.103 | Min Dist 100 = 0.236 | Min Dist 1000 = 0.428 | Steps Per Second = 76.083 | Success = 1.000 | Success 1000 = 0.957
I0502 16:37:42.267799 139569349502528 terminal.py:91] [Actor] Actor Episodes = 35761 | Actor Steps = 1788050 | Delta Dist = 7.460 | Delta Dist 10 = 4.390 | Delta Dist 100 = 4.353 | Delta Dist 1000 = 4.417 | Episode Length = 50 | Episode Return = 5.0 | Evaluator Episodes = 9062 | Evaluator Steps = 453100 | Final Dist = 1.760 | Final Dist 10 = 2.272 | Final Dist 100 = 1.758 | Final Dist 1000 = 1.418 | Init Dist = 9.220 | Init Dist 10 = 6.663 | Init Dist 100 = 6.111 | Init Dist 1000 = 5.836 | Learner Steps = 27783 | Learner Walltime = 5486.230 | Min Dist = 0.004 | Min Dist 10 = 0.110 | Min Dist 100 = 0.155 | Min Dist 1000 = 0.168 | Steps Per Second = 97.052 | Success = 1.000 | Success 1000 = 0.992
I0502 16:37:42.309732 139579566835264 terminal.py:91] [Evaluator] Actor Episodes = 35761 | Actor Steps = 1788050 | Delta Dist = 11.077 | Delta Dist 10 = 11.975 | Delta Dist 100 = 11.911 | Delta Dist 1000 = 11.700 | Episode Length = 50 | Episode Return = 8.0 | Evaluator Episodes = 9064 | Evaluator Steps = 453200 | Final Dist = 1.729 | Final Dist 10 = 0.832 | Final Dist 100 = 0.895 | Final Dist 1000 = 1.106 | Init Dist = 12.806 | Init Dist 10 = 12.806 | Init Dist 100 = 12.806 | Init Dist 1000 = 12.806 | Learner Steps = 27783 | Learner Walltime = 5486.230 | Min Dist = 0.237 | Min Dist 10 = 0.117 | Min Dist 100 = 0.233 | Min Dist 1000 = 0.428 | Steps Per Second = 84.319 | Success = 1.000 | Success 1000 = 0.957
I0502 16:37:42.702235 139555013154368 terminal.py:91] [Learner] Actor Episodes = 35759 | Actor Loss = 3.6861424446105957 | Actor Steps = 1787950 | Binary Accuracy = 0.996021032333374 | Categorical Accuracy = 0.4095458984375 | Critic Loss = 1.8291521072387695 | Entropy Mean = -20.898941040039062 | Evaluator Episodes = 9062 | Evaluator Steps = 453100 | Learner Steps = 27787 | Learner Walltime = 5486.891 | Logits Neg = -17.27842140197754 | Logits Pos = -1.8572931289672852 | Logsumexp = 1.1290178298950195 | Steps Per Second = 1457.383
I0502 16:37:43.555707 139579566835264 terminal.py:91] [Evaluator] Actor Episodes = 35769 | Actor Steps = 1788450 | Delta Dist = 11.481 | Delta Dist 10 = 11.780 | Delta Dist 100 = 11.906 | Delta Dist 1000 = 11.700 | Episode Length = 50 | Episode Return = 9.0 | Evaluator Episodes = 9066 | Evaluator Steps = 453300 | Final Dist = 1.325 | Final Dist 10 = 1.026 | Final Dist 100 = 0.900 | Final Dist 1000 = 1.107 | Init Dist = 12.806 | Init Dist 10 = 12.806 | Init Dist 100 = 12.806 | Init Dist 1000 = 12.806 | Learner Steps = 27789 | Learner Walltime = 5487.249 | Min Dist = 0.615 | Min Dist 10 = 0.102 | Min Dist 100 = 0.232 | Min Dist 1000 = 0.427 | Steps Per Second = 80.472 | Success = 1.000 | Success 1000 = 0.957
I0502 16:37:44.687698 139579566835264 terminal.py:91] [Evaluator] Actor Episodes = 35775 | Actor Steps = 1788750 | Delta Dist = 12.111 | Delta Dist 10 = 11.844 | Delta Dist 100 = 11.899 | Delta Dist 1000 = 11.700 | Episode Length = 50 | Episode Return = 31.0 | Evaluator Episodes = 9068 | Evaluator Steps = 453400 | Final Dist = 0.695 | Final Dist 10 = 0.962 | Final Dist 100 = 0.907 | Final Dist 1000 = 1.106 | Init Dist = 12.806 | Init Dist 10 = 12.806 | Init Dist 100 = 12.806 | Init Dist 1000 = 12.806 | Learner Steps = 27794 | Learner Walltime = 5488.379 | Min Dist = 0.270 | Min Dist 10 = 0.165 | Min Dist 100 = 0.238 | Min Dist 1000 = 0.428 | Steps Per Second = 94.086 | Success = 1.000 | Success 1000 = 0.957
I0502 16:37:45.116267 139584504182336 lp_utils.py:96] StepsLimiter: Reached 1788950 recorded steps
I0502 16:37:45.626495 139555860620864 terminal.py:91] [Actor] Actor Episodes = 35780 | Actor Steps = 1789000 | Delta Dist = 1.381 | Delta Dist 10 = 3.730 | Delta Dist 100 = 4.074 | Delta Dist 1000 = 4.405 | Episode Length = 50 | Episode Return = 33.0 | Evaluator Episodes = 9068 | Evaluator Steps = 453400 | Final Dist = 0.856 | Final Dist 10 = 1.833 | Final Dist 100 = 1.781 | Final Dist 1000 = 1.415 | Init Dist = 2.236 | Init Dist 10 = 5.563 | Init Dist 100 = 5.855 | Init Dist 1000 = 5.820 | Learner Steps = 27794 | Learner Walltime = 5488.379 | Min Dist = 0.057 | Min Dist 10 = 0.677 | Min Dist 100 = 0.184 | Min Dist 1000 = 0.172 | Steps Per Second = 74.439 | Success = 1.000 | Success 1000 = 0.992
I0502 16:37:45.936049 139579566835264 terminal.py:91] [Evaluator] Actor Episodes = 35783 | Actor Steps = 1789150 | Delta Dist = 12.347 | Delta Dist 10 = 11.889 | Delta Dist 100 = 11.904 | Delta Dist 1000 = 11.701 | Episode Length = 50 | Episode Return = 30.0 | Evaluator Episodes = 9070 | Evaluator Steps = 453500 | Final Dist = 0.459 | Final Dist 10 = 0.917 | Final Dist 100 = 0.902 | Final Dist 1000 = 1.105 | Init Dist = 12.806 | Init Dist 10 = 12.806 | Init Dist 100 = 12.806 | Init Dist 1000 = 12.806 | Learner Steps = 27801 | Learner Walltime = 5489.695 | Min Dist = 0.205 | Min Dist 10 = 0.195 | Min Dist 100 = 0.239 | Min Dist 1000 = 0.428 | Steps Per Second = 76.889 | Success = 1.000 | Success 1000 = 0.957
I0502 16:37:46.023852 139557462840896 terminal.py:91] [Actor] Actor Episodes = 35782 | Actor Steps = 1789100 | Delta Dist = 4.792 | Delta Dist 10 = 3.158 | Delta Dist 100 = 4.112 | Delta Dist 1000 = 4.406 | Episode Length = 50 | Episode Return = 48.0 | Evaluator Episodes = 9068 | Evaluator Steps = 453400 | Final Dist = 0.307 | Final Dist 10 = 1.726 | Final Dist 100 = 1.788 | Final Dist 1000 = 1.416 | Init Dist = 5.099 | Init Dist 10 = 4.884 | Init Dist 100 = 5.900 | Init Dist 1000 = 5.821 | Learner Steps = 27794 | Learner Walltime = 5488.379 | Min Dist = 0.307 | Min Dist 10 = 0.670 | Min Dist 100 = 0.183 | Min Dist 1000 = 0.172 | Steps Per Second = 75.431 | Success = 1.000 | Success 1000 = 0.992
I0502 16:37:47.152591 139579566835264 terminal.py:91] [Evaluator] Actor Episodes = 35791 | Actor Steps = 1789550 | Delta Dist = 12.064 | Delta Dist 10 = 11.470 | Delta Dist 100 = 11.860 | Delta Dist 1000 = 11.697 | Episode Length = 50 | Episode Return = 16.0 | Evaluator Episodes = 9072 | Evaluator Steps = 453600 | Final Dist = 0.742 | Final Dist 10 = 1.337 | Final Dist 100 = 0.946 | Final Dist 1000 = 1.109 | Init Dist = 12.806 | Init Dist 10 = 12.806 | Init Dist 100 = 12.806 | Init Dist 1000 = 12.806 | Learner Steps = 27807 | Learner Walltime = 5490.732 | Min Dist = 0.080 | Min Dist 10 = 0.706 | Min Dist 100 = 0.289 | Min Dist 1000 = 0.433 | Steps Per Second = 78.467 | Success = 1.000 | Success 1000 = 0.956
I0502 16:37:48.329874 139579566835264 terminal.py:91] [Evaluator] Actor Episodes = 35799 | Actor Steps = 1789950 | Delta Dist = 12.408 | Delta Dist 10 = 11.499 | Delta Dist 100 = 11.856 | Delta Dist 1000 = 11.698 | Episode Length = 50 | Episode Return = 18.0 | Evaluator Episodes = 9074 | Evaluator Steps = 453700 | Final Dist = 0.399 | Final Dist 10 = 1.307 | Final Dist 100 = 0.950 | Final Dist 1000 = 1.109 | Init Dist = 12.806 | Init Dist 10 = 12.806 | Init Dist 100 = 12.806 | Init Dist 1000 = 12.806 | Learner Steps = 27811 | Learner Walltime = 5491.836 | Min Dist = 0.069 | Min Dist 10 = 0.698 | Min Dist 100 = 0.288 | Min Dist 1000 = 0.432 | Steps Per Second = 87.444 | Success = 1.000 | Success 1000 = 0.956
I0502 16:37:49.500063 139579566835264 terminal.py:91] [Evaluator] Actor Episodes = 35807 | Actor Steps = 1790350 | Delta Dist = 12.433 | Delta Dist 10 = 11.668 | Delta Dist 100 = 11.868 | Delta Dist 1000 = 11.699 | Episode Length = 50 | Episode Return = 27.0 | Evaluator Episodes = 9076 | Evaluator Steps = 453800 | Final Dist = 0.373 | Final Dist 10 = 1.138 | Final Dist 100 = 0.939 | Final Dist 1000 = 1.108 | Init Dist = 12.806 | Init Dist 10 = 12.806 | Init Dist 100 = 12.806 | Init Dist 1000 = 12.806 | Learner Steps = 27817 | Learner Walltime = 5492.873 | Min Dist = 0.077 | Min Dist 10 = 0.688 | Min Dist 100 = 0.284 | Min Dist 1000 = 0.432 | Steps Per Second = 83.047 | Success = 1.000 | Success 1000 = 0.956
I0502 16:37:50.561069 139558059398720 terminal.py:91] [Actor] Actor Episodes = 35815 | Actor Steps = 1790750 | Delta Dist = 9.401 | Delta Dist 10 = 4.191 | Delta Dist 100 = 4.226 | Delta Dist 1000 = 4.387 | Episode Length = 50 | Episode Return = 24.0 | Evaluator Episodes = 9076 | Evaluator Steps = 453800 | Final Dist = 1.416 | Final Dist 10 = 1.725 | Final Dist 100 = 1.582 | Final Dist 1000 = 1.408 | Init Dist = 10.817 | Init Dist 10 = 5.916 | Init Dist 100 = 5.808 | Init Dist 1000 = 5.795 | Learner Steps = 27822 | Learner Walltime = 5493.972 | Min Dist = 0.073 | Min Dist 10 = 0.130 | Min Dist 100 = 0.163 | Min Dist 1000 = 0.161 | Steps Per Second = 85.079 | Success = 1.000 | Success 1000 = 0.993
I0502 16:37:50.691448 139579566835264 terminal.py:91] [Evaluator] Actor Episodes = 35815 | Actor Steps = 1790750 | Delta Dist = 12.540 | Delta Dist 10 = 11.778 | Delta Dist 100 = 11.882 | Delta Dist 1000 = 11.700 | Episode Length = 50 | Episode Return = 29.0 | Evaluator Episodes = 9078 | Evaluator Steps = 453900 | Final Dist = 0.266 | Final Dist 10 = 1.029 | Final Dist 100 = 0.924 | Final Dist 1000 = 1.106 | Init Dist = 12.806 | Init Dist 10 = 12.806 | Init Dist 100 = 12.806 | Init Dist 1000 = 12.806 | Learner Steps = 27822 | Learner Walltime = 5493.972 | Min Dist = 0.160 | Min Dist 10 = 0.622 | Min Dist 100 = 0.281 | Min Dist 1000 = 0.432 | Steps Per Second = 88.215 | Success = 1.000 | Success 1000 = 0.956
I0502 16:37:51.928045 139579566835264 terminal.py:91] [Evaluator] Actor Episodes = 35823 | Actor Steps = 1791150 | Delta Dist = 11.658 | Delta Dist 10 = 11.175 | Delta Dist 100 = 11.826 | Delta Dist 1000 = 11.695 | Episode Length = 50 | Episode Return = 22.0 | Evaluator Episodes = 9080 | Evaluator Steps = 454000 | Final Dist = 1.148 | Final Dist 10 = 1.631 | Final Dist 100 = 0.980 | Final Dist 1000 = 1.111 | Init Dist = 12.806 | Init Dist 10 = 12.806 | Init Dist 100 = 12.806 | Init Dist 1000 = 12.806 | Learner Steps = 27829 | Learner Walltime = 5495.256 | Min Dist = 0.180 | Min Dist 10 = 1.250 | Min Dist 100 = 0.346 | Min Dist 1000 = 0.438 | Steps Per Second = 78.368 | Success = 1.000 | Success 1000 = 0.955
I0502 16:37:52.814953 139569349502528 terminal.py:91] [Actor] Actor Episodes = 35826 | Actor Steps = 1791300 | Delta Dist = 10.327 | Delta Dist 10 = 3.522 | Delta Dist 100 = 4.209 | Delta Dist 1000 = 4.377 | Episode Length = 50 | Episode Return = 45.0 | Evaluator Episodes = 9080 | Evaluator Steps = 454000 | Final Dist = 0.114 | Final Dist 10 = 0.786 | Final Dist 100 = 1.528 | Final Dist 1000 = 1.405 | Init Dist = 10.440 | Init Dist 10 = 4.308 | Init Dist 100 = 5.738 | Init Dist 1000 = 5.782 | Learner Steps = 27829 | Learner Walltime = 5495.256 | Min Dist = 0.009 | Min Dist 10 = 0.061 | Min Dist 100 = 0.159 | Min Dist 1000 = 0.161 | Steps Per Second = 76.143 | Success = 1.000 | Success 1000 = 0.994
I0502 16:37:52.964586 139555013154368 terminal.py:91] [Learner] Actor Episodes = 35827 | Actor Loss = 3.6694083213806152 | Actor Steps = 1791350 | Binary Accuracy = 0.9960274696350098 | Categorical Accuracy = 0.419921875 | Critic Loss = 1.764787197113037 | Entropy Mean = -20.39549446105957 | Evaluator Episodes = 9080 | Evaluator Steps = 454000 | Learner Steps = 27839 | Learner Walltime = 5497.164 | Logits Neg = -17.61444091796875 | Logits Pos = -1.7851526737213135 | Logsumexp = 1.1176092624664307 | Steps Per Second = 209.788
I0502 16:37:53.211601 139579566835264 terminal.py:91] [Evaluator] Actor Episodes = 35831 | Actor Steps = 1791550 | Delta Dist = 11.453 | Delta Dist 10 = 11.642 | Delta Dist 100 = 11.833 | Delta Dist 1000 = 11.696 | Episode Length = 50 | Episode Return = 14.0 | Evaluator Episodes = 9082 | Evaluator Steps = 454100 | Final Dist = 1.354 | Final Dist 10 = 1.164 | Final Dist 100 = 0.973 | Final Dist 1000 = 1.111 | Init Dist = 12.806 | Init Dist 10 = 12.806 | Init Dist 100 = 12.806 | Init Dist 1000 = 12.806 | Learner Steps = 27836 | Learner Walltime = 5496.752 | Min Dist = 0.244 | Min Dist 10 = 0.750 | Min Dist 100 = 0.341 | Min Dist 1000 = 0.438 | Steps Per Second = 76.235 | Success = 1.000 | Success 1000 = 0.955
I0502 16:37:54.513921 139579566835264 terminal.py:91] [Evaluator] Actor Episodes = 35839 | Actor Steps = 1791950 | Delta Dist = 12.408 | Delta Dist 10 = 11.596 | Delta Dist 100 = 11.826 | Delta Dist 1000 = 11.695 | Episode Length = 50 | Episode Return = 29.0 | Evaluator Episodes = 9084 | Evaluator Steps = 454200 | Final Dist = 0.398 | Final Dist 10 = 1.211 | Final Dist 100 = 0.980 | Final Dist 1000 = 1.111 | Init Dist = 12.806 | Init Dist 10 = 12.806 | Init Dist 100 = 12.806 | Init Dist 1000 = 12.806 | Learner Steps = 27841 | Learner Walltime = 5497.770 | Min Dist = 0.086 | Min Dist 10 = 0.769 | Min Dist 100 = 0.343 | Min Dist 1000 = 0.437 | Steps Per Second = 72.747 | Success = 1.000 | Success 1000 = 0.955
I0502 16:37:55.137169 139584504182336 lp_utils.py:96] StepsLimiter: Reached 1792150 recorded steps
I0502 16:37:55.628345 139579566835264 terminal.py:91] [Evaluator] Actor Episodes = 35847 | Actor Steps = 1792350 | Delta Dist = 4.220 | Delta Dist 10 = 11.490 | Delta Dist 100 = 11.825 | Delta Dist 1000 = 11.695 | Episode Length = 50 | Episode Return = 0.0 | Evaluator Episodes = 9086 | Evaluator Steps = 454300 | Final Dist = 8.586 | Final Dist 10 = 1.316 | Final Dist 100 = 0.981 | Final Dist 1000 = 1.111 | Init Dist = 12.806 | Init Dist 10 = 12.806 | Init Dist 100 = 12.806 | Init Dist 1000 = 12.806 | Learner Steps = 27847 | Learner Walltime = 5499.088 | Min Dist = 8.334 | Min Dist 10 = 0.809 | Min Dist 100 = 0.345 | Min Dist 1000 = 0.437 | Steps Per Second = 88.529 | Success = 0.000 | Success 1000 = 0.955
I0502 16:37:56.111501 139555860620864 terminal.py:91] [Actor] Actor Episodes = 35851 | Actor Steps = 1792550 | Delta Dist = 2.485 | Delta Dist 10 = 3.436 | Delta Dist 100 = 4.088 | Delta Dist 1000 = 4.369 | Episode Length = 50 | Episode Return = 22.0 | Evaluator Episodes = 9086 | Evaluator Steps = 454300 | Final Dist = 1.120 | Final Dist 10 = 2.493 | Final Dist 100 = 1.540 | Final Dist 1000 = 1.410 | Init Dist = 3.606 | Init Dist 10 = 5.929 | Init Dist 100 = 5.628 | Init Dist 1000 = 5.779 | Learner Steps = 27854 | Learner Walltime = 5500.262 | Min Dist = 0.204 | Min Dist 10 = 0.150 | Min Dist 100 = 0.164 | Min Dist 1000 = 0.162 | Steps Per Second = 92.252 | Success = 1.000 | Success 1000 = 0.994
I0502 16:37:56.439012 139557462840896 terminal.py:91] [Actor] Actor Episodes = 35853 | Actor Steps = 1792650 | Delta Dist = 9.169 | Delta Dist 10 = 3.418 | Delta Dist 100 = 4.104 | Delta Dist 1000 = 4.362 | Episode Length = 50 | Episode Return = 20.0 | Evaluator Episodes = 9086 | Evaluator Steps = 454300 | Final Dist = 0.831 | Final Dist 10 = 2.556 | Final Dist 100 = 1.475 | Final Dist 1000 = 1.412 | Init Dist = 10.000 | Init Dist 10 = 5.973 | Init Dist 100 = 5.579 | Init Dist 1000 = 5.774 | Learner Steps = 27854 | Learner Walltime = 5500.262 | Min Dist = 0.034 | Min Dist 10 = 0.078 | Min Dist 100 = 0.163 | Min Dist 1000 = 0.163 | Steps Per Second = 92.970 | Success = 1.000 | Success 1000 = 0.994
I0502 16:37:56.791302 139579566835264 terminal.py:91] [Evaluator] Actor Episodes = 35855 | Actor Steps = 1792750 | Delta Dist = 11.564 | Delta Dist 10 = 10.667 | Delta Dist 100 = 11.763 | Delta Dist 1000 = 11.688 | Episode Length = 50 | Episode Return = 18.0 | Evaluator Episodes = 9088 | Evaluator Steps = 454400 | Final Dist = 1.242 | Final Dist 10 = 2.139 | Final Dist 100 = 1.043 | Final Dist 1000 = 1.118 | Init Dist = 12.806 | Init Dist 10 = 12.806 | Init Dist 100 = 12.806 | Init Dist 1000 = 12.806 | Learner Steps = 27854 | Learner Walltime = 5500.262 | Min Dist = 0.039 | Min Dist 10 = 1.633 | Min Dist 100 = 0.423 | Min Dist 1000 = 0.445 | Steps Per Second = 84.885 | Success = 1.000 | Success 1000 = 0.954
I0502 16:37:57.986442 139579566835264 terminal.py:91] [Evaluator] Actor Episodes = 35863 | Actor Steps = 1793150 | Delta Dist = 12.519 | Delta Dist 10 = 11.181 | Delta Dist 100 = 11.760 | Delta Dist 1000 = 11.688 | Episode Length = 50 | Episode Return = 29.0 | Evaluator Episodes = 9090 | Evaluator Steps = 454500 | Final Dist = 0.287 | Final Dist 10 = 1.626 | Final Dist 100 = 1.046 | Final Dist 1000 = 1.118 | Init Dist = 12.806 | Init Dist 10 = 12.806 | Init Dist 100 = 12.806 | Init Dist 1000 = 12.806 | Learner Steps = 27860 | Learner Walltime = 5501.329 | Min Dist = 0.064 | Min Dist 10 = 1.003 | Min Dist 100 = 0.421 | Min Dist 1000 = 0.445 | Steps Per Second = 82.587 | Success = 1.000 | Success 1000 = 0.954
I0502 16:37:59.260405 139579566835264 terminal.py:91] [Evaluator] Actor Episodes = 35871 | Actor Steps = 1793550 | Delta Dist = 11.452 | Delta Dist 10 = 11.275 | Delta Dist 100 = 11.776 | Delta Dist 1000 = 11.689 | Episode Length = 50 | Episode Return = 1.0 | Evaluator Episodes = 9092 | Evaluator Steps = 454600 | Final Dist = 1.354 | Final Dist 10 = 1.532 | Final Dist 100 = 1.031 | Final Dist 1000 = 1.117 | Init Dist = 12.806 | Init Dist 10 = 12.806 | Init Dist 100 = 12.806 | Init Dist 1000 = 12.806 | Learner Steps = 27867 | Learner Walltime = 5502.532 | Min Dist = 0.617 | Min Dist 10 = 0.999 | Min Dist 100 = 0.422 | Min Dist 1000 = 0.445 | Steps Per Second = 78.038 | Success = 1.000 | Success 1000 = 0.954
I0502 16:38:00.451564 139579566835264 terminal.py:91] [Evaluator] Actor Episodes = 35879 | Actor Steps = 1793950 | Delta Dist = 11.886 | Delta Dist 10 = 11.222 | Delta Dist 100 = 11.795 | Delta Dist 1000 = 11.687 | Episode Length = 50 | Episode Return = 15.0 | Evaluator Episodes = 9094 | Evaluator Steps = 454700 | Final Dist = 0.920 | Final Dist 10 = 1.584 | Final Dist 100 = 1.011 | Final Dist 1000 = 1.119 | Init Dist = 12.806 | Init Dist 10 = 12.806 | Init Dist 100 = 12.806 | Init Dist 1000 = 12.806 | Learner Steps = 27873 | Learner Walltime = 5503.844 | Min Dist = 0.463 | Min Dist 10 = 1.032 | Min Dist 100 = 0.385 | Min Dist 1000 = 0.445 | Steps Per Second = 91.783 | Success = 1.000 | Success 1000 = 0.954
I0502 16:38:00.766456 139558059398720 terminal.py:91] [Actor] Actor Episodes = 35878 | Actor Steps = 1793900 | Delta Dist = -0.369 | Delta Dist 10 = 4.333 | Delta Dist 100 = 4.132 | Delta Dist 1000 = 4.351 | Episode Length = 50 | Episode Return = 16.0 | Evaluator Episodes = 9092 | Evaluator Steps = 454600 | Final Dist = 1.369 | Final Dist 10 = 0.830 | Final Dist 100 = 1.467 | Final Dist 1000 = 1.417 | Init Dist = 1.000 | Init Dist 10 = 5.163 | Init Dist 100 = 5.599 | Init Dist 1000 = 5.768 | Learner Steps = 27873 | Learner Walltime = 5503.844 | Min Dist = 0.044 | Min Dist 10 = 0.118 | Min Dist 100 = 0.217 | Min Dist 1000 = 0.160 | Steps Per Second = 82.282 | Success = 1.000 | Success 1000 = 0.993
I0502 16:38:01.739225 139579566835264 terminal.py:91] [Evaluator] Actor Episodes = 35887 | Actor Steps = 1794350 | Delta Dist = 11.763 | Delta Dist 10 = 11.283 | Delta Dist 100 = 11.810 | Delta Dist 1000 = 11.687 | Episode Length = 50 | Episode Return = 22.0 | Evaluator Episodes = 9096 | Evaluator Steps = 454800 | Final Dist = 1.043 | Final Dist 10 = 1.523 | Final Dist 100 = 0.996 | Final Dist 1000 = 1.119 | Init Dist = 12.806 | Init Dist 10 = 12.806 | Init Dist 100 = 12.806 | Init Dist 1000 = 12.806 | Learner Steps = 27879 | Learner Walltime = 5505.099 | Min Dist = 0.128 | Min Dist 10 = 1.037 | Min Dist 100 = 0.389 | Min Dist 1000 = 0.445 | Steps Per Second = 78.757 | Success = 1.000 | Success 1000 = 0.954
I0502 16:38:02.837656 139569349502528 terminal.py:91] [Actor] Actor Episodes = 35892 | Actor Steps = 1794600 | Delta Dist = 7.682 | Delta Dist 10 = 3.772 | Delta Dist 100 = 4.004 | Delta Dist 1000 = 4.340 | Episode Length = 50 | Episode Return = 32.0 | Evaluator Episodes = 9096 | Evaluator Steps = 454800 | Final Dist = 0.380 | Final Dist 10 = 2.041 | Final Dist 100 = 1.622 | Final Dist 1000 = 1.423 | Init Dist = 8.062 | Init Dist 10 = 5.812 | Init Dist 100 = 5.626 | Init Dist 1000 = 5.764 | Learner Steps = 27885 | Learner Walltime = 5506.373 | Min Dist = 0.043 | Min Dist 10 = 0.124 | Min Dist 100 = 0.245 | Min Dist 1000 = 0.168 | Steps Per Second = 85.903 | Success = 1.000 | Success 1000 = 0.993
I0502 16:38:02.909837 139579566835264 terminal.py:91] [Evaluator] Actor Episodes = 35895 | Actor Steps = 1794750 | Delta Dist = 11.437 | Delta Dist 10 = 11.928 | Delta Dist 100 = 11.803 | Delta Dist 1000 = 11.686 | Episode Length = 50 | Episode Return = 10.0 | Evaluator Episodes = 9098 | Evaluator Steps = 454900 | Final Dist = 1.370 | Final Dist 10 = 0.878 | Final Dist 100 = 1.003 | Final Dist 1000 = 1.121 | Init Dist = 12.806 | Init Dist 10 = 12.806 | Init Dist 100 = 12.806 | Init Dist 1000 = 12.806 | Learner Steps = 27885 | Learner Walltime = 5506.373 | Min Dist = 0.447 | Min Dist 10 = 0.218 | Min Dist 100 = 0.389 | Min Dist 1000 = 0.445 | Steps Per Second = 91.615 | Success = 1.000 | Success 1000 = 0.954
I0502 16:38:03.422411 139555013154368 terminal.py:91] [Learner] Actor Episodes = 35897 | Actor Loss = 3.696077823638916 | Actor Steps = 1794850 | Binary Accuracy = 0.9959919452667236 | Categorical Accuracy = 0.413330078125 | Critic Loss = 1.8087825775146484 | Entropy Mean = -20.101268768310547 | Evaluator Episodes = 9098 | Evaluator Steps = 454900 | Learner Steps = 27892 | Learner Walltime = 5507.619 | Logits Neg = -17.266633987426758 | Logits Pos = -1.8033626079559326 | Logsumexp = 1.1555317640304565 | Steps Per Second = 133.817
I0502 16:38:04.124038 139579566835264 terminal.py:91] [Evaluator] Actor Episodes = 35903 | Actor Steps = 1795150 | Delta Dist = 12.196 | Delta Dist 10 = 11.813 | Delta Dist 100 = 11.780 | Delta Dist 1000 = 11.684 | Episode Length = 50 | Episode Return = 26.0 | Evaluator Episodes = 9100 | Evaluator Steps = 455000 | Final Dist = 0.610 | Final Dist 10 = 0.993 | Final Dist 100 = 1.027 | Final Dist 1000 = 1.122 | Init Dist = 12.806 | Init Dist 10 = 12.806 | Init Dist 100 = 12.806 | Init Dist 1000 = 12.806 | Learner Steps = 27892 | Learner Walltime = 5507.619 | Min Dist = 0.279 | Min Dist 10 = 0.265 | Min Dist 100 = 0.394 | Min Dist 1000 = 0.446 | Steps Per Second = 84.978 | Success = 1.000 | Success 1000 = 0.954
I0502 16:38:05.156566 139584504182336 lp_utils.py:96] StepsLimiter: Reached 1795550 recorded steps
I0502 16:38:05.240595 139579566835264 terminal.py:91] [Evaluator] Actor Episodes = 35911 | Actor Steps = 1795550 | Delta Dist = 11.451 | Delta Dist 10 = 11.699 | Delta Dist 100 = 11.771 | Delta Dist 1000 = 11.683 | Episode Length = 50 | Episode Return = 2.0 | Evaluator Episodes = 9102 | Evaluator Steps = 455100 | Final Dist = 1.355 | Final Dist 10 = 1.107 | Final Dist 100 = 1.035 | Final Dist 1000 = 1.123 | Init Dist = 12.806 | Init Dist 10 = 12.806 | Init Dist 100 = 12.806 | Init Dist 1000 = 12.806 | Learner Steps = 27898 | Learner Walltime = 5508.792 | Min Dist = 0.224 | Min Dist 10 = 0.280 | Min Dist 100 = 0.395 | Min Dist 1000 = 0.446 | Steps Per Second = 98.605 | Success = 1.000 | Success 1000 = 0.954
I0502 16:38:06.484225 139579566835264 terminal.py:91] [Evaluator] Actor Episodes = 35919 | Actor Steps = 1795950 | Delta Dist = 12.726 | Delta Dist 10 = 11.706 | Delta Dist 100 = 11.765 | Delta Dist 1000 = 11.682 | Episode Length = 50 | Episode Return = 14.0 | Evaluator Episodes = 9104 | Evaluator Steps = 455200 | Final Dist = 0.080 | Final Dist 10 = 1.100 | Final Dist 100 = 1.041 | Final Dist 1000 = 1.125 | Init Dist = 12.806 | Init Dist 10 = 12.806 | Init Dist 100 = 12.806 | Init Dist 1000 = 12.806 | Learner Steps = 27904 | Learner Walltime = 5509.969 | Min Dist = 0.080 | Min Dist 10 = 0.262 | Min Dist 100 = 0.399 | Min Dist 1000 = 0.447 | Steps Per Second = 77.289 | Success = 1.000 | Success 1000 = 0.954
I0502 16:38:06.740686 139555860620864 terminal.py:91] [Actor] Actor Episodes = 35921 | Actor Steps = 1796050 | Delta Dist = 6.325 | Delta Dist 10 = 5.315 | Delta Dist 100 = 4.202 | Delta Dist 1000 = 4.342 | Episode Length = 50 | Episode Return = 25.0 | Evaluator Episodes = 9104 | Evaluator Steps = 455200 | Final Dist = 0.746 | Final Dist 10 = 1.259 | Final Dist 100 = 1.465 | Final Dist 1000 = 1.424 | Init Dist = 7.071 | Init Dist 10 = 6.574 | Init Dist 100 = 5.668 | Init Dist 1000 = 5.766 | Learner Steps = 27904 | Learner Walltime = 5509.969 | Min Dist = 0.022 | Min Dist 10 = 0.123 | Min Dist 100 = 0.239 | Min Dist 1000 = 0.167 | Steps Per Second = 69.627 | Success = 1.000 | Success 1000 = 0.993
I0502 16:38:06.928743 139557462840896 terminal.py:91] [Actor] Actor Episodes = 35920 | Actor Steps = 1796000 | Delta Dist = 3.510 | Delta Dist 10 = 6.342 | Delta Dist 100 = 4.228 | Delta Dist 1000 = 4.352 | Episode Length = 50 | Episode Return = 28.0 | Evaluator Episodes = 9102 | Evaluator Steps = 455100 | Final Dist = 0.490 | Final Dist 10 = 0.904 | Final Dist 100 = 1.458 | Final Dist 1000 = 1.422 | Init Dist = 4.000 | Init Dist 10 = 7.246 | Init Dist 100 = 5.686 | Init Dist 1000 = 5.775 | Learner Steps = 27904 | Learner Walltime = 5509.969 | Min Dist = 0.025 | Min Dist 10 = 0.111 | Min Dist 100 = 0.238 | Min Dist 1000 = 0.167 | Steps Per Second = 81.911 | Success = 1.000 | Success 1000 = 0.993
I0502 16:38:07.655037 139579566835264 terminal.py:91] [Evaluator] Actor Episodes = 35927 | Actor Steps = 1796350 | Delta Dist = 11.815 | Delta Dist 10 = 11.659 | Delta Dist 100 = 11.775 | Delta Dist 1000 = 11.682 | Episode Length = 50 | Episode Return = 11.0 | Evaluator Episodes = 9106 | Evaluator Steps = 455300 | Final Dist = 0.991 | Final Dist 10 = 1.148 | Final Dist 100 = 1.031 | Final Dist 1000 = 1.124 | Init Dist = 12.806 | Init Dist 10 = 12.806 | Init Dist 100 = 12.806 | Init Dist 1000 = 12.806 | Learner Steps = 27911 | Learner Walltime = 5511.225 | Min Dist = 0.141 | Min Dist 10 = 0.256 | Min Dist 100 = 0.400 | Min Dist 1000 = 0.447 | Steps Per Second = 90.525 | Success = 1.000 | Success 1000 = 0.954
I0502 16:38:08.858702 139579566835264 terminal.py:91] [Evaluator] Actor Episodes = 35933 | Actor Steps = 1796650 | Delta Dist = 12.126 | Delta Dist 10 = 11.677 | Delta Dist 100 = 11.779 | Delta Dist 1000 = 11.680 | Episode Length = 50 | Episode Return = 14.0 | Evaluator Episodes = 9108 | Evaluator Steps = 455400 | Final Dist = 0.680 | Final Dist 10 = 1.130 | Final Dist 100 = 1.028 | Final Dist 1000 = 1.126 | Init Dist = 12.806 | Init Dist 10 = 12.806 | Init Dist 100 = 12.806 | Init Dist 1000 = 12.806 | Learner Steps = 27917 | Learner Walltime = 5512.236 | Min Dist = 0.196 | Min Dist 10 = 0.251 | Min Dist 100 = 0.385 | Min Dist 1000 = 0.447 | Steps Per Second = 81.017 | Success = 1.000 | Success 1000 = 0.954
I0502 16:38:10.086244 139579566835264 terminal.py:91] [Evaluator] Actor Episodes = 35942 | Actor Steps = 1797100 | Delta Dist = 12.411 | Delta Dist 10 = 11.872 | Delta Dist 100 = 11.789 | Delta Dist 1000 = 11.682 | Episode Length = 50 | Episode Return = 21.0 | Evaluator Episodes = 9110 | Evaluator Steps = 455500 | Final Dist = 0.396 | Final Dist 10 = 0.935 | Final Dist 100 = 1.017 | Final Dist 1000 = 1.124 | Init Dist = 12.806 | Init Dist 10 = 12.806 | Init Dist 100 = 12.806 | Init Dist 1000 = 12.806 | Learner Steps = 27922 | Learner Walltime = 5513.277 | Min Dist = 0.388 | Min Dist 10 = 0.189 | Min Dist 100 = 0.383 | Min Dist 1000 = 0.447 | Steps Per Second = 89.598 | Success = 1.000 | Success 1000 = 0.954
I0502 16:38:11.162502 139558059398720 terminal.py:91] [Actor] Actor Episodes = 35950 | Actor Steps = 1797500 | Delta Dist = 4.997 | Delta Dist 10 = 4.306 | Delta Dist 100 = 4.279 | Delta Dist 1000 = 4.338 | Episode Length = 50 | Episode Return = 45.0 | Evaluator Episodes = 9110 | Evaluator Steps = 455500 | Final Dist = 0.834 | Final Dist 10 = 1.253 | Final Dist 100 = 1.416 | Final Dist 1000 = 1.414 | Init Dist = 5.831 | Init Dist 10 = 5.558 | Init Dist 100 = 5.694 | Init Dist 1000 = 5.752 | Learner Steps = 27927 | Learner Walltime = 5514.308 | Min Dist = 0.055 | Min Dist 10 = 0.077 | Min Dist 100 = 0.243 | Min Dist 1000 = 0.170 | Steps Per Second = 84.859 | Success = 1.000 | Success 1000 = 0.994
I0502 16:38:11.215222 139579566835264 terminal.py:91] [Evaluator] Actor Episodes = 35950 | Actor Steps = 1797500 | Delta Dist = 11.453 | Delta Dist 10 = 11.880 | Delta Dist 100 = 11.791 | Delta Dist 1000 = 11.683 | Episode Length = 50 | Episode Return = 15.0 | Evaluator Episodes = 9112 | Evaluator Steps = 455600 | Final Dist = 1.354 | Final Dist 10 = 0.926 | Final Dist 100 = 1.015 | Final Dist 1000 = 1.123 | Init Dist = 12.806 | Init Dist 10 = 12.806 | Init Dist 100 = 12.806 | Init Dist 1000 = 12.806 | Learner Steps = 27927 | Learner Walltime = 5514.308 | Min Dist = 0.582 | Min Dist 10 = 0.197 | Min Dist 100 = 0.381 | Min Dist 1000 = 0.447 | Steps Per Second = 88.353 | Success = 1.000 | Success 1000 = 0.954
I0502 16:38:12.240346 139584635659840 savers.py:156] Saving checkpoint: logs/contrastive_cpc_point_FourRooms_64/5dd72662-2788-11f0-b183-d85ed38c5779/checkpoints/counter
I0502 16:38:12.451545 139579566835264 terminal.py:91] [Evaluator] Actor Episodes = 35956 | Actor Steps = 1797800 | Delta Dist = 11.833 | Delta Dist 10 = 11.880 | Delta Dist 100 = 11.775 | Delta Dist 1000 = 11.683 | Episode Length = 50 | Episode Return = 21.0 | Evaluator Episodes = 9114 | Evaluator Steps = 455700 | Final Dist = 0.973 | Final Dist 10 = 0.927 | Final Dist 100 = 1.032 | Final Dist 1000 = 1.123 | Init Dist = 12.806 | Init Dist 10 = 12.806 | Init Dist 100 = 12.806 | Init Dist 1000 = 12.806 | Learner Steps = 27939 | Learner Walltime = 5516.565 | Min Dist = 0.175 | Min Dist 10 = 0.212 | Min Dist 100 = 0.387 | Min Dist 1000 = 0.447 | Steps Per Second = 84.373 | Success = 1.000 | Success 1000 = 0.954
I0502 16:38:13.262016 139569349502528 terminal.py:91] [Actor] Actor Episodes = 35964 | Actor Steps = 1798200 | Delta Dist = 6.113 | Delta Dist 10 = 5.650 | Delta Dist 100 = 4.555 | Delta Dist 1000 = 4.345 | Episode Length = 50 | Episode Return = 25.0 | Evaluator Episodes = 9114 | Evaluator Steps = 455700 | Final Dist = 0.887 | Final Dist 10 = 1.031 | Final Dist 100 = 1.240 | Final Dist 1000 = 1.416 | Init Dist = 7.000 | Init Dist 10 = 6.681 | Init Dist 100 = 5.795 | Init Dist 1000 = 5.761 | Learner Steps = 27939 | Learner Walltime = 5516.565 | Min Dist = 0.018 | Min Dist 10 = 0.160 | Min Dist 100 = 0.196 | Min Dist 1000 = 0.169 | Steps Per Second = 79.753 | Success = 1.000 | Success 1000 = 0.994
I0502 16:38:13.490756 139555013154368 terminal.py:91] [Learner] Actor Episodes = 35964 | Actor Loss = 3.6789815425872803 | Actor Steps = 1798200 | Binary Accuracy = 0.9960336685180664 | Categorical Accuracy = 0.4168701171875 | Critic Loss = 1.8119244575500488 | Entropy Mean = -22.858999252319336 | Evaluator Episodes = 9114 | Evaluator Steps = 455700 | Learner Steps = 27945 | Learner Walltime = 5517.689 | Logits Neg = -17.139095306396484 | Logits Pos = -1.7791543006896973 | Logsumexp = 1.089353322982788 | Steps Per Second = 887.331
I0502 16:38:13.674910 139579566835264 terminal.py:91] [Evaluator] Actor Episodes = 35964 | Actor Steps = 1798200 | Delta Dist = 12.253 | Delta Dist 10 = 11.840 | Delta Dist 100 = 11.768 | Delta Dist 1000 = 11.684 | Episode Length = 50 | Episode Return = 25.0 | Evaluator Episodes = 9116 | Evaluator Steps = 455800 | Final Dist = 0.553 | Final Dist 10 = 0.966 | Final Dist 100 = 1.038 | Final Dist 1000 = 1.123 | Init Dist = 12.806 | Init Dist 10 = 12.806 | Init Dist 100 = 12.806 | Init Dist 1000 = 12.806 | Learner Steps = 27944 | Learner Walltime = 5517.617 | Min Dist = 0.238 | Min Dist 10 = 0.241 | Min Dist 100 = 0.393 | Min Dist 1000 = 0.448 | Steps Per Second = 72.030 | Success = 1.000 | Success 1000 = 0.954
I0502 16:38:14.994360 139579566835264 terminal.py:91] [Evaluator] Actor Episodes = 35974 | Actor Steps = 1798700 | Delta Dist = 12.169 | Delta Dist 10 = 11.956 | Delta Dist 100 = 11.779 | Delta Dist 1000 = 11.687 | Episode Length = 50 | Episode Return = 22.0 | Evaluator Episodes = 9118 | Evaluator Steps = 455900 | Final Dist = 0.638 | Final Dist 10 = 0.851 | Final Dist 100 = 1.027 | Final Dist 1000 = 1.120 | Init Dist = 12.806 | Init Dist 10 = 12.806 | Init Dist 100 = 12.806 | Init Dist 1000 = 12.806 | Learner Steps = 27950 | Learner Walltime = 5518.943 | Min Dist = 0.269 | Min Dist 10 = 0.262 | Min Dist 100 = 0.392 | Min Dist 1000 = 0.444 | Steps Per Second = 78.919 | Success = 1.000 | Success 1000 = 0.955
I0502 16:38:15.172442 139584504182336 lp_utils.py:96] StepsLimiter: Reached 1798700 recorded steps
I0502 16:38:16.202181 139579566835264 terminal.py:91] [Evaluator] Actor Episodes = 35982 | Actor Steps = 1799100 | Delta Dist = 4.073 | Delta Dist 10 = 11.833 | Delta Dist 100 = 11.774 | Delta Dist 1000 = 11.687 | Episode Length = 50 | Episode Return = 0.0 | Evaluator Episodes = 9120 | Evaluator Steps = 456000 | Final Dist = 8.733 | Final Dist 10 = 0.973 | Final Dist 100 = 1.033 | Final Dist 1000 = 1.120 | Init Dist = 12.806 | Init Dist 10 = 12.806 | Init Dist 100 = 12.806 | Init Dist 1000 = 12.806 | Learner Steps = 27956 | Learner Walltime = 5520.177 | Min Dist = 8.480 | Min Dist 10 = 0.316 | Min Dist 100 = 0.397 | Min Dist 1000 = 0.444 | Steps Per Second = 81.481 | Success = 0.000 | Success 1000 = 0.955
I0502 16:38:16.939766 139557462840896 terminal.py:91] [Actor] Actor Episodes = 35985 | Actor Steps = 1799250 | Delta Dist = -2.603 | Delta Dist 10 = 2.239 | Delta Dist 100 = 4.307 | Delta Dist 1000 = 4.301 | Episode Length = 50 | Episode Return = 0.0 | Evaluator Episodes = 9120 | Evaluator Steps = 456000 | Final Dist = 11.147 | Final Dist 10 = 4.339 | Final Dist 100 = 1.587 | Final Dist 1000 = 1.460 | Init Dist = 8.544 | Init Dist 10 = 6.579 | Init Dist 100 = 5.894 | Init Dist 1000 = 5.761 | Learner Steps = 27956 | Learner Walltime = 5520.177 | Min Dist = 0.125 | Min Dist 10 = 0.065 | Min Dist 100 = 0.104 | Min Dist 1000 = 0.168 | Steps Per Second = 105.617 | Success = 1.000 | Success 1000 = 0.994
I0502 16:38:17.241291 139555860620864 terminal.py:91] [Actor] Actor Episodes = 35987 | Actor Steps = 1799350 | Delta Dist = 3.147 | Delta Dist 10 = 2.725 | Delta Dist 100 = 4.296 | Delta Dist 1000 = 4.305 | Episode Length = 50 | Episode Return = 27.0 | Evaluator Episodes = 9120 | Evaluator Steps = 456000 | Final Dist = 0.459 | Final Dist 10 = 4.004 | Final Dist 100 = 1.548 | Final Dist 1000 = 1.451 | Init Dist = 3.606 | Init Dist 10 = 6.729 | Init Dist 100 = 5.844 | Init Dist 1000 = 5.756 | Learner Steps = 27956 | Learner Walltime = 5520.177 | Min Dist = 0.063 | Min Dist 10 = 0.081 | Min Dist 100 = 0.103 | Min Dist 1000 = 0.168 | Steps Per Second = 83.546 | Success = 1.000 | Success 1000 = 0.994
I0502 16:38:17.502019 139579566835264 terminal.py:91] [Evaluator] Actor Episodes = 35990 | Actor Steps = 1799500 | Delta Dist = 12.157 | Delta Dist 10 = 11.060 | Delta Dist 100 = 11.698 | Delta Dist 1000 = 11.678 | Episode Length = 50 | Episode Return = 14.0 | Evaluator Episodes = 9122 | Evaluator Steps = 456100 | Final Dist = 0.649 | Final Dist 10 = 1.746 | Final Dist 100 = 1.108 | Final Dist 1000 = 1.128 | Init Dist = 12.806 | Init Dist 10 = 12.806 | Init Dist 100 = 12.806 | Init Dist 1000 = 12.806 | Learner Steps = 27962 | Learner Walltime = 5521.406 | Min Dist = 0.174 | Min Dist 10 = 1.130 | Min Dist 100 = 0.481 | Min Dist 1000 = 0.452 | Steps Per Second = 79.426 | Success = 1.000 | Success 1000 = 0.954
I0502 16:38:18.690429 139579566835264 terminal.py:91] [Evaluator] Actor Episodes = 35998 | Actor Steps = 1799900 | Delta Dist = 12.372 | Delta Dist 10 = 10.523 | Delta Dist 100 = 11.640 | Delta Dist 1000 = 11.673 | Episode Length = 50 | Episode Return = 26.0 | Evaluator Episodes = 9124 | Evaluator Steps = 456200 | Final Dist = 0.435 | Final Dist 10 = 2.283 | Final Dist 100 = 1.166 | Final Dist 1000 = 1.133 | Init Dist = 12.806 | Init Dist 10 = 12.806 | Init Dist 100 = 12.806 | Init Dist 1000 = 12.806 | Learner Steps = 27968 | Learner Walltime = 5522.490 | Min Dist = 0.109 | Min Dist 10 = 1.823 | Min Dist 100 = 0.552 | Min Dist 1000 = 0.459 | Steps Per Second = 81.781 | Success = 1.000 | Success 1000 = 0.953
I0502 16:38:18.965014 139583350109760 savers.py:156] Saving checkpoint: logs/contrastive_cpc_point_FourRooms_64/5dd72662-2788-11f0-b183-d85ed38c5779/checkpoints/learner
I0502 16:38:19.909072 139579566835264 terminal.py:91] [Evaluator] Actor Episodes = 36006 | Actor Steps = 1800300 | Delta Dist = 12.609 | Delta Dist 10 = 10.575 | Delta Dist 100 = 11.640 | Delta Dist 1000 = 11.674 | Episode Length = 50 | Episode Return = 9.0 | Evaluator Episodes = 9126 | Evaluator Steps = 456300 | Final Dist = 0.198 | Final Dist 10 = 2.231 | Final Dist 100 = 1.166 | Final Dist 1000 = 1.133 | Init Dist = 12.806 | Init Dist 10 = 12.806 | Init Dist 100 = 12.806 | Init Dist 1000 = 12.806 | Learner Steps = 27973 | Learner Walltime = 5523.693 | Min Dist = 0.176 | Min Dist 10 = 1.753 | Min Dist 100 = 0.551 | Min Dist 1000 = 0.459 | Steps Per Second = 84.655 | Success = 1.000 | Success 1000 = 0.953
I0502 16:38:21.116990 139579566835264 terminal.py:91] [Evaluator] Actor Episodes = 36014 | Actor Steps = 1800700 | Delta Dist = 12.033 | Delta Dist 10 = 10.601 | Delta Dist 100 = 11.646 | Delta Dist 1000 = 11.676 | Episode Length = 50 | Episode Return = 13.0 | Evaluator Episodes = 9128 | Evaluator Steps = 456400 | Final Dist = 0.773 | Final Dist 10 = 2.206 | Final Dist 100 = 1.160 | Final Dist 1000 = 1.130 | Init Dist = 12.806 | Init Dist 10 = 12.806 | Init Dist 100 = 12.806 | Init Dist 1000 = 12.806 | Learner Steps = 27981 | Learner Walltime = 5525.074 | Min Dist = 0.073 | Min Dist 10 = 1.757 | Min Dist 100 = 0.551 | Min Dist 1000 = 0.459 | Steps Per Second = 84.228 | Success = 1.000 | Success 1000 = 0.953
I0502 16:38:21.789299 139558059398720 terminal.py:91] [Actor] Actor Episodes = 36015 | Actor Steps = 1800750 | Delta Dist = 5.946 | Delta Dist 10 = 3.862 | Delta Dist 100 = 4.423 | Delta Dist 1000 = 4.320 | Episode Length = 50 | Episode Return = 27.0 | Evaluator Episodes = 9126 | Evaluator Steps = 456300 | Final Dist = 0.137 | Final Dist 10 = 0.603 | Final Dist 100 = 1.300 | Final Dist 1000 = 1.437 | Init Dist = 6.083 | Init Dist 10 = 4.465 | Init Dist 100 = 5.723 | Init Dist 1000 = 5.758 | Learner Steps = 27981 | Learner Walltime = 5525.074 | Min Dist = 0.034 | Min Dist 10 = 0.108 | Min Dist 100 = 0.101 | Min Dist 1000 = 0.168 | Steps Per Second = 72.217 | Success = 1.000 | Success 1000 = 0.994
I0502 16:38:22.326160 139579566835264 terminal.py:91] [Evaluator] Actor Episodes = 36022 | Actor Steps = 1801100 | Delta Dist = 12.139 | Delta Dist 10 = 10.641 | Delta Dist 100 = 11.644 | Delta Dist 1000 = 11.676 | Episode Length = 50 | Episode Return = 16.0 | Evaluator Episodes = 9130 | Evaluator Steps = 456500 | Final Dist = 0.667 | Final Dist 10 = 2.165 | Final Dist 100 = 1.163 | Final Dist 1000 = 1.130 | Init Dist = 12.806 | Init Dist 10 = 12.806 | Init Dist 100 = 12.806 | Init Dist 1000 = 12.806 | Learner Steps = 27987 | Learner Walltime = 5526.307 | Min Dist = 0.154 | Min Dist 10 = 1.701 | Min Dist 100 = 0.548 | Min Dist 1000 = 0.459 | Steps Per Second = 88.614 | Success = 1.000 | Success 1000 = 0.953
I0502 16:38:23.498048 139555013154368 terminal.py:91] [Learner] Actor Episodes = 36026 | Actor Loss = 3.667128562927246 | Actor Steps = 1801300 | Binary Accuracy = 0.996051549911499 | Categorical Accuracy = 0.414306640625 | Critic Loss = 1.8410892486572266 | Entropy Mean = -20.962461471557617 | Evaluator Episodes = 9130 | Evaluator Steps = 456500 | Learner Steps = 27995 | Learner Walltime = 5527.697 | Logits Neg = -17.001502990722656 | Logits Pos = -1.8000568151474 | Logsumexp = 1.0740339756011963 | Steps Per Second = 546.676
I0502 16:38:23.600641 139569349502528 terminal.py:91] [Actor] Actor Episodes = 36030 | Actor Steps = 1801500 | Delta Dist = 9.319 | Delta Dist 10 = 4.568 | Delta Dist 100 = 4.433 | Delta Dist 1000 = 4.314 | Episode Length = 50 | Episode Return = 27.0 | Evaluator Episodes = 9130 | Evaluator Steps = 456500 | Final Dist = 0.115 | Final Dist 10 = 1.723 | Final Dist 100 = 1.367 | Final Dist 1000 = 1.443 | Init Dist = 9.434 | Init Dist 10 = 6.291 | Init Dist 100 = 5.800 | Init Dist 1000 = 5.757 | Learner Steps = 27993 | Learner Walltime = 5527.525 | Min Dist = 0.113 | Min Dist 10 = 0.717 | Min Dist 100 = 0.144 | Min Dist 1000 = 0.170 | Steps Per Second = 72.748 | Success = 1.000 | Success 1000 = 0.994
I0502 16:38:23.638432 139579566835264 terminal.py:91] [Evaluator] Actor Episodes = 36030 | Actor Steps = 1801500 | Delta Dist = 11.545 | Delta Dist 10 = 11.474 | Delta Dist 100 = 11.662 | Delta Dist 1000 = 11.683 | Episode Length = 50 | Episode Return = 4.0 | Evaluator Episodes = 9132 | Evaluator Steps = 456600 | Final Dist = 1.261 | Final Dist 10 = 1.332 | Final Dist 100 = 1.144 | Final Dist 1000 = 1.124 | Init Dist = 12.806 | Init Dist 10 = 12.806 | Init Dist 100 = 12.806 | Init Dist 1000 = 12.806 | Learner Steps = 27993 | Learner Walltime = 5527.525 | Min Dist = 0.259 | Min Dist 10 = 0.863 | Min Dist 100 = 0.539 | Min Dist 1000 = 0.452 | Steps Per Second = 76.517 | Success = 1.000 | Success 1000 = 0.954
I0502 16:38:24.780642 139579566835264 terminal.py:91] [Evaluator] Actor Episodes = 36034 | Actor Steps = 1801700 | Delta Dist = 11.651 | Delta Dist 10 = 11.998 | Delta Dist 100 = 11.646 | Delta Dist 1000 = 11.682 | Episode Length = 50 | Episode Return = 14.0 | Evaluator Episodes = 9134 | Evaluator Steps = 456700 | Final Dist = 1.156 | Final Dist 10 = 0.808 | Final Dist 100 = 1.160 | Final Dist 1000 = 1.124 | Init Dist = 12.806 | Init Dist 10 = 12.806 | Init Dist 100 = 12.806 | Init Dist 1000 = 12.806 | Learner Steps = 27999 | Learner Walltime = 5528.537 | Min Dist = 0.068 | Min Dist 10 = 0.220 | Min Dist 100 = 0.548 | Min Dist 1000 = 0.453 | Steps Per Second = 83.947 | Success = 1.000 | Success 1000 = 0.954
I0502 16:38:25.197598 139584504182336 lp_utils.py:96] StepsLimiter: Reached 1802000 recorded steps
I0502 16:38:26.118911 139579566835264 terminal.py:91] [Evaluator] Actor Episodes = 36042 | Actor Steps = 1802100 | Delta Dist = 12.226 | Delta Dist 10 = 12.017 | Delta Dist 100 = 11.649 | Delta Dist 1000 = 11.682 | Episode Length = 50 | Episode Return = 22.0 | Evaluator Episodes = 9136 | Evaluator Steps = 456800 | Final Dist = 0.581 | Final Dist 10 = 0.789 | Final Dist 100 = 1.157 | Final Dist 1000 = 1.124 | Init Dist = 12.806 | Init Dist 10 = 12.806 | Init Dist 100 = 12.806 | Init Dist 1000 = 12.806 | Learner Steps = 28004 | Learner Walltime = 5529.611 | Min Dist = 0.295 | Min Dist 10 = 0.214 | Min Dist 100 = 0.545 | Min Dist 1000 = 0.453 | Steps Per Second = 71.784 | Success = 1.000 | Success 1000 = 0.954
I0502 16:38:27.095211 139557462840896 terminal.py:91] [Actor] Actor Episodes = 36049 | Actor Steps = 1802450 | Delta Dist = 5.349 | Delta Dist 10 = 4.944 | Delta Dist 100 = 4.512 | Delta Dist 1000 = 4.304 | Episode Length = 50 | Episode Return = 22.0 | Evaluator Episodes = 9136 | Evaluator Steps = 456800 | Final Dist = 1.359 | Final Dist 10 = 1.163 | Final Dist 100 = 1.437 | Final Dist 1000 = 1.450 | Init Dist = 6.708 | Init Dist 10 = 6.107 | Init Dist 100 = 5.949 | Init Dist 1000 = 5.754 | Learner Steps = 28004 | Learner Walltime = 5529.611 | Min Dist = 0.043 | Min Dist 10 = 0.075 | Min Dist 100 = 0.174 | Min Dist 1000 = 0.173 | Steps Per Second = 67.683 | Success = 1.000 | Success 1000 = 0.994
I0502 16:38:27.390127 139555860620864 terminal.py:91] [Actor] Actor Episodes = 36051 | Actor Steps = 1802550 | Delta Dist = 8.182 | Delta Dist 10 = 5.189 | Delta Dist 100 = 4.501 | Delta Dist 1000 = 4.310 | Episode Length = 50 | Episode Return = 44.0 | Evaluator Episodes = 9136 | Evaluator Steps = 456800 | Final Dist = 0.065 | Final Dist 10 = 1.050 | Final Dist 100 = 1.434 | Final Dist 1000 = 1.450 | Init Dist = 8.246 | Init Dist 10 = 6.239 | Init Dist 100 = 5.935 | Init Dist 1000 = 5.760 | Learner Steps = 28008 | Learner Walltime = 5530.647 | Min Dist = 0.038 | Min Dist 10 = 0.074 | Min Dist 100 = 0.174 | Min Dist 1000 = 0.173 | Steps Per Second = 77.161 | Success = 1.000 | Success 1000 = 0.994
I0502 16:38:27.464699 139579566835264 terminal.py:91] [Evaluator] Actor Episodes = 36050 | Actor Steps = 1802500 | Delta Dist = 12.645 | Delta Dist 10 = 11.446 | Delta Dist 100 = 11.601 | Delta Dist 1000 = 11.678 | Episode Length = 50 | Episode Return = 21.0 | Evaluator Episodes = 9138 | Evaluator Steps = 456900 | Final Dist = 0.162 | Final Dist 10 = 1.360 | Final Dist 100 = 1.205 | Final Dist 1000 = 1.128 | Init Dist = 12.806 | Init Dist 10 = 12.806 | Init Dist 100 = 12.806 | Init Dist 1000 = 12.806 | Learner Steps = 28008 | Learner Walltime = 5530.647 | Min Dist = 0.008 | Min Dist 10 = 0.714 | Min Dist 100 = 0.595 | Min Dist 1000 = 0.458 | Steps Per Second = 79.755 | Success = 1.000 | Success 1000 = 0.953
I0502 16:38:28.704395 139579566835264 terminal.py:91] [Evaluator] Actor Episodes = 36060 | Actor Steps = 1803000 | Delta Dist = 12.113 | Delta Dist 10 = 11.499 | Delta Dist 100 = 11.603 | Delta Dist 1000 = 11.680 | Episode Length = 50 | Episode Return = 19.0 | Evaluator Episodes = 9140 | Evaluator Steps = 457000 | Final Dist = 0.693 | Final Dist 10 = 1.307 | Final Dist 100 = 1.203 | Final Dist 1000 = 1.127 | Init Dist = 12.806 | Init Dist 10 = 12.806 | Init Dist 100 = 12.806 | Init Dist 1000 = 12.806 | Learner Steps = 28019 | Learner Walltime = 5532.763 | Min Dist = 0.132 | Min Dist 10 = 0.735 | Min Dist 100 = 0.598 | Min Dist 1000 = 0.458 | Steps Per Second = 78.477 | Success = 1.000 | Success 1000 = 0.953
I0502 16:38:29.962183 139579566835264 terminal.py:91] [Evaluator] Actor Episodes = 36070 | Actor Steps = 1803500 | Delta Dist = 12.342 | Delta Dist 10 = 11.469 | Delta Dist 100 = 11.597 | Delta Dist 1000 = 11.680 | Episode Length = 50 | Episode Return = 25.0 | Evaluator Episodes = 9142 | Evaluator Steps = 457100 | Final Dist = 0.465 | Final Dist 10 = 1.337 | Final Dist 100 = 1.210 | Final Dist 1000 = 1.126 | Init Dist = 12.806 | Init Dist 10 = 12.806 | Init Dist 100 = 12.806 | Init Dist 1000 = 12.806 | Learner Steps = 28019 | Learner Walltime = 5532.763 | Min Dist = 0.094 | Min Dist 10 = 0.731 | Min Dist 100 = 0.599 | Min Dist 1000 = 0.458 | Steps Per Second = 80.143 | Success = 1.000 | Success 1000 = 0.953
I0502 16:38:31.093080 139579566835264 terminal.py:91] [Evaluator] Actor Episodes = 36076 | Actor Steps = 1803800 | Delta Dist = 12.648 | Delta Dist 10 = 11.553 | Delta Dist 100 = 11.601 | Delta Dist 1000 = 11.680 | Episode Length = 50 | Episode Return = 22.0 | Evaluator Episodes = 9144 | Evaluator Steps = 457200 | Final Dist = 0.158 | Final Dist 10 = 1.253 | Final Dist 100 = 1.205 | Final Dist 1000 = 1.127 | Init Dist = 12.806 | Init Dist 10 = 12.806 | Init Dist 100 = 12.806 | Init Dist 1000 = 12.806 | Learner Steps = 28031 | Learner Walltime = 5535.180 | Min Dist = 0.144 | Min Dist 10 = 0.670 | Min Dist 100 = 0.603 | Min Dist 1000 = 0.458 | Steps Per Second = 82.197 | Success = 1.000 | Success 1000 = 0.953
I0502 16:38:32.370395 139558059398720 terminal.py:91] [Actor] Actor Episodes = 36084 | Actor Steps = 1804200 | Delta Dist = 4.086 | Delta Dist 10 = 4.088 | Delta Dist 100 = 4.644 | Delta Dist 1000 = 4.324 | Episode Length = 50 | Episode Return = 19.0 | Evaluator Episodes = 9144 | Evaluator Steps = 457200 | Final Dist = 0.157 | Final Dist 10 = 1.110 | Final Dist 100 = 1.187 | Final Dist 1000 = 1.441 | Init Dist = 4.243 | Init Dist 10 = 5.198 | Init Dist 100 = 5.830 | Init Dist 1000 = 5.765 | Learner Steps = 28037 | Learner Walltime = 5536.494 | Min Dist = 0.103 | Min Dist 10 = 0.115 | Min Dist 100 = 0.199 | Min Dist 1000 = 0.176 | Steps Per Second = 77.303 | Success = 1.000 | Success 1000 = 0.993
I0502 16:38:32.406727 139579566835264 terminal.py:91] [Evaluator] Actor Episodes = 36084 | Actor Steps = 1804200 | Delta Dist = 11.341 | Delta Dist 10 = 11.559 | Delta Dist 100 = 11.603 | Delta Dist 1000 = 11.681 | Episode Length = 50 | Episode Return = 9.0 | Evaluator Episodes = 9146 | Evaluator Steps = 457300 | Final Dist = 1.465 | Final Dist 10 = 1.247 | Final Dist 100 = 1.203 | Final Dist 1000 = 1.126 | Init Dist = 12.806 | Init Dist 10 = 12.806 | Init Dist 100 = 12.806 | Init Dist 1000 = 12.806 | Learner Steps = 28037 | Learner Walltime = 5536.494 | Min Dist = 0.142 | Min Dist 10 = 0.717 | Min Dist 100 = 0.601 | Min Dist 1000 = 0.458 | Steps Per Second = 73.983 | Success = 1.000 | Success 1000 = 0.953
I0502 16:38:33.577963 139555013154368 terminal.py:91] [Learner] Actor Episodes = 36090 | Actor Loss = 3.6999268531799316 | Actor Steps = 1804500 | Binary Accuracy = 0.9960503578186035 | Categorical Accuracy = 0.41162109375 | Critic Loss = 1.79669189453125 | Entropy Mean = -23.033084869384766 | Evaluator Episodes = 9146 | Evaluator Steps = 457300 | Learner Steps = 28043 | Learner Walltime = 5537.772 | Logits Neg = -17.639429092407227 | Logits Pos = -1.8231230974197388 | Logsumexp = 1.1689894199371338 | Steps Per Second = 131.901
I0502 16:38:33.750454 139569349502528 terminal.py:91] [Actor] Actor Episodes = 36094 | Actor Steps = 1804700 | Delta Dist = 1.279 | Delta Dist 10 = 4.162 | Delta Dist 100 = 4.577 | Delta Dist 1000 = 4.322 | Episode Length = 50 | Episode Return = 31.0 | Evaluator Episodes = 9146 | Evaluator Steps = 457300 | Final Dist = 0.957 | Final Dist 10 = 2.265 | Final Dist 100 = 1.183 | Final Dist 1000 = 1.451 | Init Dist = 2.236 | Init Dist 10 = 6.427 | Init Dist 100 = 5.760 | Init Dist 1000 = 5.773 | Learner Steps = 28043 | Learner Walltime = 5537.772 | Min Dist = 0.175 | Min Dist 10 = 0.128 | Min Dist 100 = 0.204 | Min Dist 1000 = 0.177 | Steps Per Second = 74.385 | Success = 1.000 | Success 1000 = 0.993
I0502 16:38:33.772057 139579566835264 terminal.py:91] [Evaluator] Actor Episodes = 36094 | Actor Steps = 1804700 | Delta Dist = 12.120 | Delta Dist 10 = 12.066 | Delta Dist 100 = 11.599 | Delta Dist 1000 = 11.680 | Episode Length = 50 | Episode Return = 17.0 | Evaluator Episodes = 9148 | Evaluator Steps = 457400 | Final Dist = 0.686 | Final Dist 10 = 0.740 | Final Dist 100 = 1.207 | Final Dist 1000 = 1.126 | Init Dist = 12.806 | Init Dist 10 = 12.806 | Init Dist 100 = 12.806 | Init Dist 1000 = 12.806 | Learner Steps = 28043 | Learner Walltime = 5537.772 | Min Dist = 0.144 | Min Dist 10 = 0.198 | Min Dist 100 = 0.602 | Min Dist 1000 = 0.458 | Steps Per Second = 74.465 | Success = 1.000 | Success 1000 = 0.953
I0502 16:38:34.982354 139579566835264 terminal.py:91] [Evaluator] Actor Episodes = 36098 | Actor Steps = 1804900 | Delta Dist = 11.728 | Delta Dist 10 = 12.026 | Delta Dist 100 = 11.596 | Delta Dist 1000 = 11.680 | Episode Length = 50 | Episode Return = 9.0 | Evaluator Episodes = 9150 | Evaluator Steps = 457500 | Final Dist = 1.078 | Final Dist 10 = 0.780 | Final Dist 100 = 1.210 | Final Dist 1000 = 1.127 | Init Dist = 12.806 | Init Dist 10 = 12.806 | Init Dist 100 = 12.806 | Init Dist 1000 = 12.806 | Learner Steps = 28050 | Learner Walltime = 5539.085 | Min Dist = 0.268 | Min Dist 10 = 0.249 | Min Dist 100 = 0.610 | Min Dist 1000 = 0.459 | Steps Per Second = 84.881 | Success = 1.000 | Success 1000 = 0.953
I0502 16:38:35.221575 139584504182336 lp_utils.py:96] StepsLimiter: Reached 1805100 recorded steps
I0502 16:38:36.165244 139579566835264 terminal.py:91] [Evaluator] Actor Episodes = 36106 | Actor Steps = 1805300 | Delta Dist = 4.183 | Delta Dist 10 = 12.020 | Delta Dist 100 = 11.602 | Delta Dist 1000 = 11.680 | Episode Length = 50 | Episode Return = 0.0 | Evaluator Episodes = 9152 | Evaluator Steps = 457600 | Final Dist = 8.624 | Final Dist 10 = 0.787 | Final Dist 100 = 1.204 | Final Dist 1000 = 1.126 | Init Dist = 12.806 | Init Dist 10 = 12.806 | Init Dist 100 = 12.806 | Init Dist 1000 = 12.806 | Learner Steps = 28055 | Learner Walltime = 5540.322 | Min Dist = 8.354 | Min Dist 10 = 0.263 | Min Dist 100 = 0.602 | Min Dist 1000 = 0.458 | Steps Per Second = 84.836 | Success = 0.000 | Success 1000 = 0.953
I0502 16:38:37.318533 139557462840896 terminal.py:91] [Actor] Actor Episodes = 36113 | Actor Steps = 1805650 | Delta Dist = 5.658 | Delta Dist 10 = 5.270 | Delta Dist 100 = 4.684 | Delta Dist 1000 = 4.317 | Episode Length = 50 | Episode Return = 48.0 | Evaluator Episodes = 9152 | Evaluator Steps = 457600 | Final Dist = 0.342 | Final Dist 10 = 1.574 | Final Dist 100 = 1.276 | Final Dist 1000 = 1.456 | Init Dist = 6.000 | Init Dist 10 = 6.844 | Init Dist 100 = 5.961 | Init Dist 1000 = 5.773 | Learner Steps = 28055 | Learner Walltime = 5540.322 | Min Dist = 0.017 | Min Dist 10 = 0.126 | Min Dist 100 = 0.240 | Min Dist 1000 = 0.181 | Steps Per Second = 76.374 | Success = 1.000 | Success 1000 = 0.992
I0502 16:38:37.444213 139579566835264 terminal.py:91] [Evaluator] Actor Episodes = 36114 | Actor Steps = 1805700 | Delta Dist = 11.410 | Delta Dist 10 = 11.239 | Delta Dist 100 = 11.519 | Delta Dist 1000 = 11.671 | Episode Length = 50 | Episode Return = 15.0 | Evaluator Episodes = 9154 | Evaluator Steps = 457700 | Final Dist = 1.396 | Final Dist 10 = 1.567 | Final Dist 100 = 1.287 | Final Dist 1000 = 1.135 | Init Dist = 12.806 | Init Dist 10 = 12.806 | Init Dist 100 = 12.806 | Init Dist 1000 = 12.806 | Learner Steps = 28062 | Learner Walltime = 5541.617 | Min Dist = 0.269 | Min Dist 10 = 1.048 | Min Dist 100 = 0.685 | Min Dist 1000 = 0.467 | Steps Per Second = 78.212 | Success = 1.000 | Success 1000 = 0.952
I0502 16:38:37.994580 139555860620864 terminal.py:91] [Actor] Actor Episodes = 36122 | Actor Steps = 1806100 | Delta Dist = 5.945 | Delta Dist 10 = 5.126 | Delta Dist 100 = 4.679 | Delta Dist 1000 = 4.320 | Episode Length = 50 | Episode Return = 21.0 | Evaluator Episodes = 9154 | Evaluator Steps = 457700 | Final Dist = 1.126 | Final Dist 10 = 2.259 | Final Dist 100 = 1.384 | Final Dist 1000 = 1.465 | Init Dist = 7.071 | Init Dist 10 = 7.386 | Init Dist 100 = 6.063 | Init Dist 1000 = 5.785 | Learner Steps = 28062 | Learner Walltime = 5541.617 | Min Dist = 0.851 | Min Dist 10 = 0.157 | Min Dist 100 = 0.244 | Min Dist 1000 = 0.182 | Steps Per Second = 79.252 | Success = 1.000 | Success 1000 = 0.992
I0502 16:38:38.613353 139579566835264 terminal.py:91] [Evaluator] Actor Episodes = 36122 | Actor Steps = 1806100 | Delta Dist = 11.742 | Delta Dist 10 = 11.082 | Delta Dist 100 = 11.495 | Delta Dist 1000 = 11.670 | Episode Length = 50 | Episode Return = 23.0 | Evaluator Episodes = 9156 | Evaluator Steps = 457800 | Final Dist = 1.064 | Final Dist 10 = 1.724 | Final Dist 100 = 1.311 | Final Dist 1000 = 1.136 | Init Dist = 12.806 | Init Dist 10 = 12.806 | Init Dist 100 = 12.806 | Init Dist 1000 = 12.806 | Learner Steps = 28062 | Learner Walltime = 5541.617 | Min Dist = 0.030 | Min Dist 10 = 1.042 | Min Dist 100 = 0.686 | Min Dist 1000 = 0.467 | Steps Per Second = 90.918 | Success = 1.000 | Success 1000 = 0.952
I0502 16:38:39.897489 139579566835264 terminal.py:91] [Evaluator] Actor Episodes = 36132 | Actor Steps = 1806600 | Delta Dist = 11.615 | Delta Dist 10 = 11.117 | Delta Dist 100 = 11.508 | Delta Dist 1000 = 11.671 | Episode Length = 50 | Episode Return = 26.0 | Evaluator Episodes = 9158 | Evaluator Steps = 457900 | Final Dist = 1.191 | Final Dist 10 = 1.689 | Final Dist 100 = 1.298 | Final Dist 1000 = 1.135 | Init Dist = 12.806 | Init Dist 10 = 12.806 | Init Dist 100 = 12.806 | Init Dist 1000 = 12.806 | Learner Steps = 28068 | Learner Walltime = 5542.838 | Min Dist = 0.029 | Min Dist 10 = 1.026 | Min Dist 100 = 0.685 | Min Dist 1000 = 0.466 | Steps Per Second = 75.520 | Success = 1.000 | Success 1000 = 0.952
I0502 16:38:41.208130 139579566835264 terminal.py:91] [Evaluator] Actor Episodes = 36140 | Actor Steps = 1807000 | Delta Dist = 12.374 | Delta Dist 10 = 11.121 | Delta Dist 100 = 11.505 | Delta Dist 1000 = 11.671 | Episode Length = 50 | Episode Return = 22.0 | Evaluator Episodes = 9160 | Evaluator Steps = 458000 | Final Dist = 0.432 | Final Dist 10 = 1.685 | Final Dist 100 = 1.301 | Final Dist 1000 = 1.135 | Init Dist = 12.806 | Init Dist 10 = 12.806 | Init Dist 100 = 12.806 | Init Dist 1000 = 12.806 | Learner Steps = 28076 | Learner Walltime = 5544.195 | Min Dist = 0.091 | Min Dist 10 = 0.941 | Min Dist 100 = 0.684 | Min Dist 1000 = 0.466 | Steps Per Second = 72.487 | Success = 1.000 | Success 1000 = 0.952
I0502 16:38:42.486806 139558059398720 terminal.py:91] [Actor] Actor Episodes = 36148 | Actor Steps = 1807400 | Delta Dist = 5.935 | Delta Dist 10 = 5.533 | Delta Dist 100 = 4.815 | Delta Dist 1000 = 4.343 | Episode Length = 50 | Episode Return = 40.0 | Evaluator Episodes = 9160 | Evaluator Steps = 458000 | Final Dist = 1.681 | Final Dist 10 = 0.447 | Final Dist 100 = 1.133 | Final Dist 1000 = 1.448 | Init Dist = 7.616 | Init Dist 10 = 5.980 | Init Dist 100 = 5.948 | Init Dist 1000 = 5.791 | Learner Steps = 28081 | Learner Walltime = 5545.465 | Min Dist = 0.052 | Min Dist 10 = 0.130 | Min Dist 100 = 0.165 | Min Dist 1000 = 0.182 | Steps Per Second = 80.745 | Success = 1.000 | Success 1000 = 0.992
I0502 16:38:42.573283 139579566835264 terminal.py:91] [Evaluator] Actor Episodes = 36150 | Actor Steps = 1807500 | Delta Dist = 12.307 | Delta Dist 10 = 11.185 | Delta Dist 100 = 11.517 | Delta Dist 1000 = 11.671 | Episode Length = 50 | Episode Return = 5.0 | Evaluator Episodes = 9162 | Evaluator Steps = 458100 | Final Dist = 0.499 | Final Dist 10 = 1.622 | Final Dist 100 = 1.289 | Final Dist 1000 = 1.135 | Init Dist = 12.806 | Init Dist 10 = 12.806 | Init Dist 100 = 12.806 | Init Dist 1000 = 12.806 | Learner Steps = 28081 | Learner Walltime = 5545.465 | Min Dist = 0.182 | Min Dist 10 = 0.929 | Min Dist 100 = 0.685 | Min Dist 1000 = 0.466 | Steps Per Second = 75.806 | Success = 1.000 | Success 1000 = 0.952
I0502 16:38:43.841309 139579566835264 terminal.py:91] [Evaluator] Actor Episodes = 36156 | Actor Steps = 1807800 | Delta Dist = 11.412 | Delta Dist 10 = 12.045 | Delta Dist 100 = 11.526 | Delta Dist 1000 = 11.671 | Episode Length = 50 | Episode Return = 11.0 | Evaluator Episodes = 9164 | Evaluator Steps = 458200 | Final Dist = 1.394 | Final Dist 10 = 0.761 | Final Dist 100 = 1.280 | Final Dist 1000 = 1.136 | Init Dist = 12.806 | Init Dist 10 = 12.806 | Init Dist 100 = 12.806 | Init Dist 1000 = 12.806 | Learner Steps = 28088 | Learner Walltime = 5546.824 | Min Dist = 0.042 | Min Dist 10 = 0.108 | Min Dist 100 = 0.684 | Min Dist 1000 = 0.466 | Steps Per Second = 92.196 | Success = 1.000 | Success 1000 = 0.952
I0502 16:38:43.900627 139569349502528 terminal.py:91] [Actor] Actor Episodes = 36158 | Actor Steps = 1807900 | Delta Dist = 3.911 | Delta Dist 10 = 2.796 | Delta Dist 100 = 4.571 | Delta Dist 1000 = 4.320 | Episode Length = 50 | Episode Return = 35.0 | Evaluator Episodes = 9164 | Evaluator Steps = 458200 | Final Dist = 0.212 | Final Dist 10 = 2.286 | Final Dist 100 = 1.328 | Final Dist 1000 = 1.458 | Init Dist = 4.123 | Init Dist 10 = 5.082 | Init Dist 100 = 5.898 | Init Dist 1000 = 5.778 | Learner Steps = 28088 | Learner Walltime = 5546.824 | Min Dist = 0.212 | Min Dist 10 = 0.047 | Min Dist 100 = 0.164 | Min Dist 1000 = 0.182 | Steps Per Second = 80.192 | Success = 1.000 | Success 1000 = 0.992
I0502 16:38:43.910399 139555013154368 terminal.py:91] [Learner] Actor Episodes = 36158 | Actor Loss = 3.696089267730713 | Actor Steps = 1807900 | Binary Accuracy = 0.9960894584655762 | Categorical Accuracy = 0.41827392578125 | Critic Loss = 1.8166849613189697 | Entropy Mean = -21.737295150756836 | Evaluator Episodes = 9164 | Evaluator Steps = 458200 | Learner Steps = 28094 | Learner Walltime = 5548.107 | Logits Neg = -16.860939025878906 | Logits Pos = -1.8285088539123535 | Logsumexp = 1.0028159618377686 | Steps Per Second = 173.179
I0502 16:38:45.074114 139579566835264 terminal.py:91] [Evaluator] Actor Episodes = 36164 | Actor Steps = 1808200 | Delta Dist = 11.680 | Delta Dist 10 = 12.044 | Delta Dist 100 = 11.522 | Delta Dist 1000 = 11.670 | Episode Length = 50 | Episode Return = 12.0 | Evaluator Episodes = 9166 | Evaluator Steps = 458300 | Final Dist = 1.126 | Final Dist 10 = 0.762 | Final Dist 100 = 1.284 | Final Dist 1000 = 1.137 | Init Dist = 12.806 | Init Dist 10 = 12.806 | Init Dist 100 = 12.806 | Init Dist 1000 = 12.806 | Learner Steps = 28094 | Learner Walltime = 5548.107 | Min Dist = 0.253 | Min Dist 10 = 0.077 | Min Dist 100 = 0.683 | Min Dist 1000 = 0.465 | Steps Per Second = 79.033 | Success = 1.000 | Success 1000 = 0.952
I0502 16:38:45.240240 139584504182336 lp_utils.py:96] StepsLimiter: Reached 1808300 recorded steps
I0502 16:38:46.255631 139579566835264 terminal.py:91] [Evaluator] Actor Episodes = 36170 | Actor Steps = 1808500 | Delta Dist = 11.666 | Delta Dist 10 = 11.919 | Delta Dist 100 = 11.515 | Delta Dist 1000 = 11.668 | Episode Length = 50 | Episode Return = 22.0 | Evaluator Episodes = 9168 | Evaluator Steps = 458400 | Final Dist = 1.141 | Final Dist 10 = 0.887 | Final Dist 100 = 1.291 | Final Dist 1000 = 1.138 | Init Dist = 12.806 | Init Dist 10 = 12.806 | Init Dist 100 = 12.806 | Init Dist 1000 = 12.806 | Learner Steps = 28101 | Learner Walltime = 5549.428 | Min Dist = 0.032 | Min Dist 10 = 0.098 | Min Dist 100 = 0.678 | Min Dist 1000 = 0.465 | Steps Per Second = 85.595 | Success = 1.000 | Success 1000 = 0.952
I0502 16:38:47.517626 139579566835264 terminal.py:91] [Evaluator] Actor Episodes = 36178 | Actor Steps = 1808900 | Delta Dist = 11.888 | Delta Dist 10 = 11.926 | Delta Dist 100 = 11.509 | Delta Dist 1000 = 11.669 | Episode Length = 50 | Episode Return = 19.0 | Evaluator Episodes = 9170 | Evaluator Steps = 458500 | Final Dist = 0.918 | Final Dist 10 = 0.880 | Final Dist 100 = 1.298 | Final Dist 1000 = 1.138 | Init Dist = 12.806 | Init Dist 10 = 12.806 | Init Dist 100 = 12.806 | Init Dist 1000 = 12.806 | Learner Steps = 28107 | Learner Walltime = 5550.606 | Min Dist = 0.122 | Min Dist 10 = 0.129 | Min Dist 100 = 0.678 | Min Dist 1000 = 0.465 | Steps Per Second = 71.824 | Success = 1.000 | Success 1000 = 0.952
I0502 16:38:47.534482 139557462840896 terminal.py:91] [Actor] Actor Episodes = 36177 | Actor Steps = 1808850 | Delta Dist = 7.973 | Delta Dist 10 = 4.798 | Delta Dist 100 = 4.621 | Delta Dist 1000 = 4.328 | Episode Length = 50 | Episode Return = 4.0 | Evaluator Episodes = 9168 | Evaluator Steps = 458400 | Final Dist = 1.247 | Final Dist 10 = 1.525 | Final Dist 100 = 1.429 | Final Dist 1000 = 1.467 | Init Dist = 9.220 | Init Dist 10 = 6.324 | Init Dist 100 = 6.050 | Init Dist 1000 = 5.795 | Learner Steps = 28107 | Learner Walltime = 5550.606 | Min Dist = 0.009 | Min Dist 10 = 0.984 | Min Dist 100 = 0.228 | Min Dist 1000 = 0.192 | Steps Per Second = 77.273 | Success = 1.000 | Success 1000 = 0.992
I0502 16:38:48.363865 139555860620864 terminal.py:91] [Actor] Actor Episodes = 36186 | Actor Steps = 1809300 | Delta Dist = 10.378 | Delta Dist 10 = 4.373 | Delta Dist 100 = 4.554 | Delta Dist 1000 = 4.326 | Episode Length = 50 | Episode Return = 0.0 | Evaluator Episodes = 9170 | Evaluator Steps = 458500 | Final Dist = 1.663 | Final Dist 10 = 1.778 | Final Dist 100 = 1.513 | Final Dist 1000 = 1.466 | Init Dist = 12.042 | Init Dist 10 = 6.151 | Init Dist 100 = 6.067 | Init Dist 1000 = 5.791 | Learner Steps = 28112 | Learner Walltime = 5551.831 | Min Dist = 0.686 | Min Dist 10 = 0.107 | Min Dist 100 = 0.230 | Min Dist 1000 = 0.192 | Steps Per Second = 83.177 | Success = 1.000 | Success 1000 = 0.992
I0502 16:38:48.718661 139579566835264 terminal.py:91] [Evaluator] Actor Episodes = 36186 | Actor Steps = 1809300 | Delta Dist = 11.974 | Delta Dist 10 = 11.821 | Delta Dist 100 = 11.552 | Delta Dist 1000 = 11.669 | Episode Length = 50 | Episode Return = 20.0 | Evaluator Episodes = 9172 | Evaluator Steps = 458600 | Final Dist = 0.832 | Final Dist 10 = 0.985 | Final Dist 100 = 1.254 | Final Dist 1000 = 1.137 | Init Dist = 12.806 | Init Dist 10 = 12.806 | Init Dist 100 = 12.806 | Init Dist 1000 = 12.806 | Learner Steps = 28112 | Learner Walltime = 5551.831 | Min Dist = 0.122 | Min Dist 10 = 0.213 | Min Dist 100 = 0.636 | Min Dist 1000 = 0.466 | Steps Per Second = 83.622 | Success = 1.000 | Success 1000 = 0.952
I0502 16:38:49.949260 139579566835264 terminal.py:91] [Evaluator] Actor Episodes = 36194 | Actor Steps = 1809700 | Delta Dist = 12.245 | Delta Dist 10 = 11.743 | Delta Dist 100 = 11.550 | Delta Dist 1000 = 11.669 | Episode Length = 50 | Episode Return = 22.0 | Evaluator Episodes = 9174 | Evaluator Steps = 458700 | Final Dist = 0.561 | Final Dist 10 = 1.064 | Final Dist 100 = 1.256 | Final Dist 1000 = 1.138 | Init Dist = 12.806 | Init Dist 10 = 12.806 | Init Dist 100 = 12.806 | Init Dist 1000 = 12.806 | Learner Steps = 28118 | Learner Walltime = 5553.090 | Min Dist = 0.016 | Min Dist 10 = 0.243 | Min Dist 100 = 0.639 | Min Dist 1000 = 0.465 | Steps Per Second = 77.148 | Success = 1.000 | Success 1000 = 0.952
I0502 16:38:51.235373 139579566835264 terminal.py:91] [Evaluator] Actor Episodes = 36202 | Actor Steps = 1810100 | Delta Dist = 11.560 | Delta Dist 10 = 11.896 | Delta Dist 100 = 11.545 | Delta Dist 1000 = 11.670 | Episode Length = 50 | Episode Return = 17.0 | Evaluator Episodes = 9176 | Evaluator Steps = 458800 | Final Dist = 1.247 | Final Dist 10 = 0.911 | Final Dist 100 = 1.262 | Final Dist 1000 = 1.137 | Init Dist = 12.806 | Init Dist 10 = 12.806 | Init Dist 100 = 12.806 | Init Dist 1000 = 12.806 | Learner Steps = 28126 | Learner Walltime = 5554.395 | Min Dist = 0.068 | Min Dist 10 = 0.237 | Min Dist 100 = 0.638 | Min Dist 1000 = 0.465 | Steps Per Second = 75.594 | Success = 1.000 | Success 1000 = 0.952
I0502 16:38:52.371665 139579566835264 terminal.py:91] [Evaluator] Actor Episodes = 36210 | Actor Steps = 1810500 | Delta Dist = 11.628 | Delta Dist 10 = 11.879 | Delta Dist 100 = 11.526 | Delta Dist 1000 = 11.669 | Episode Length = 50 | Episode Return = 2.0 | Evaluator Episodes = 9178 | Evaluator Steps = 458900 | Final Dist = 1.178 | Final Dist 10 = 0.927 | Final Dist 100 = 1.281 | Final Dist 1000 = 1.137 | Init Dist = 12.806 | Init Dist 10 = 12.806 | Init Dist 100 = 12.806 | Init Dist 1000 = 12.806 | Learner Steps = 28131 | Learner Walltime = 5555.673 | Min Dist = 0.583 | Min Dist 10 = 0.222 | Min Dist 100 = 0.638 | Min Dist 1000 = 0.464 | Steps Per Second = 95.612 | Success = 1.000 | Success 1000 = 0.952
I0502 16:38:52.596813 139558059398720 terminal.py:91] [Actor] Actor Episodes = 36214 | Actor Steps = 1810700 | Delta Dist = 3.820 | Delta Dist 10 = 5.087 | Delta Dist 100 = 4.713 | Delta Dist 1000 = 4.359 | Episode Length = 50 | Episode Return = 50.0 | Evaluator Episodes = 9178 | Evaluator Steps = 458900 | Final Dist = 0.423 | Final Dist 10 = 0.559 | Final Dist 100 = 1.402 | Final Dist 1000 = 1.442 | Init Dist = 4.243 | Init Dist 10 = 5.645 | Init Dist 100 = 6.116 | Init Dist 1000 = 5.800 | Learner Steps = 28131 | Learner Walltime = 5555.673 | Min Dist = 0.052 | Min Dist 10 = 0.062 | Min Dist 100 = 0.202 | Min Dist 1000 = 0.192 | Steps Per Second = 87.253 | Success = 1.000 | Success 1000 = 0.992
I0502 16:38:53.583116 139579566835264 terminal.py:91] [Evaluator] Actor Episodes = 36218 | Actor Steps = 1810900 | Delta Dist = 11.301 | Delta Dist 10 = 11.753 | Delta Dist 100 = 11.567 | Delta Dist 1000 = 11.668 | Episode Length = 50 | Episode Return = 14.0 | Evaluator Episodes = 9180 | Evaluator Steps = 459000 | Final Dist = 1.505 | Final Dist 10 = 1.053 | Final Dist 100 = 1.240 | Final Dist 1000 = 1.138 | Init Dist = 12.806 | Init Dist 10 = 12.806 | Init Dist 100 = 12.806 | Init Dist 1000 = 12.806 | Learner Steps = 28137 | Learner Walltime = 5556.828 | Min Dist = 0.038 | Min Dist 10 = 0.296 | Min Dist 100 = 0.582 | Min Dist 1000 = 0.465 | Steps Per Second = 82.518 | Success = 1.000 | Success 1000 = 0.952
I0502 16:38:53.938777 139555013154368 terminal.py:91] [Learner] Actor Episodes = 36218 | Actor Loss = 3.7164435386657715 | Actor Steps = 1810900 | Binary Accuracy = 0.996046781539917 | Categorical Accuracy = 0.41571044921875 | Critic Loss = 1.814141869544983 | Entropy Mean = -21.91550064086914 | Evaluator Episodes = 9180 | Evaluator Steps = 459000 | Learner Steps = 28145 | Learner Walltime = 5558.137 | Logits Neg = -17.327392578125 | Logits Pos = -1.8115370273590088 | Logsumexp = 1.1196880340576172 | Steps Per Second = 913.043
I0502 16:38:54.396671 139569349502528 terminal.py:91] [Actor] Actor Episodes = 36221 | Actor Steps = 1811050 | Delta Dist = 9.424 | Delta Dist 10 = 5.880 | Delta Dist 100 = 4.715 | Delta Dist 1000 = 4.406 | Episode Length = 50 | Episode Return = 24.0 | Evaluator Episodes = 9180 | Evaluator Steps = 459000 | Final Dist = 1.346 | Final Dist 10 = 1.157 | Final Dist 100 = 1.316 | Final Dist 1000 = 1.419 | Init Dist = 10.770 | Init Dist 10 = 7.037 | Init Dist 100 = 6.032 | Init Dist 1000 = 5.826 | Learner Steps = 28143 | Learner Walltime = 5557.887 | Min Dist = 0.069 | Min Dist 10 = 0.201 | Min Dist 100 = 0.203 | Min Dist 1000 = 0.193 | Steps Per Second = 80.553 | Success = 1.000 | Success 1000 = 0.991
I0502 16:38:54.790931 139579566835264 terminal.py:91] [Evaluator] Actor Episodes = 36226 | Actor Steps = 1811300 | Delta Dist = 12.418 | Delta Dist 10 = 11.704 | Delta Dist 100 = 11.559 | Delta Dist 1000 = 11.668 | Episode Length = 50 | Episode Return = 30.0 | Evaluator Episodes = 9182 | Evaluator Steps = 459100 | Final Dist = 0.388 | Final Dist 10 = 1.102 | Final Dist 100 = 1.248 | Final Dist 1000 = 1.138 | Init Dist = 12.806 | Init Dist 10 = 12.806 | Init Dist 100 = 12.806 | Init Dist 1000 = 12.806 | Learner Steps = 28143 | Learner Walltime = 5557.887 | Min Dist = 0.073 | Min Dist 10 = 0.209 | Min Dist 100 = 0.581 | Min Dist 1000 = 0.465 | Steps Per Second = 81.913 | Success = 1.000 | Success 1000 = 0.952
I0502 16:38:55.258714 139584504182336 lp_utils.py:96] StepsLimiter: Reached 1811500 recorded steps
I0502 16:38:55.907252 139579566835264 terminal.py:91] [Evaluator] Actor Episodes = 36234 | Actor Steps = 1811700 | Delta Dist = 11.876 | Delta Dist 10 = 11.725 | Delta Dist 100 = 11.563 | Delta Dist 1000 = 11.668 | Episode Length = 50 | Episode Return = 31.0 | Evaluator Episodes = 9184 | Evaluator Steps = 459200 | Final Dist = 0.930 | Final Dist 10 = 1.082 | Final Dist 100 = 1.243 | Final Dist 1000 = 1.139 | Init Dist = 12.806 | Init Dist 10 = 12.806 | Init Dist 100 = 12.806 | Init Dist 1000 = 12.806 | Learner Steps = 28151 | Learner Walltime = 5559.336 | Min Dist = 0.126 | Min Dist 10 = 0.195 | Min Dist 100 = 0.581 | Min Dist 1000 = 0.465 | Steps Per Second = 90.687 | Success = 1.000 | Success 1000 = 0.952
I0502 16:38:57.095587 139579566835264 terminal.py:91] [Evaluator] Actor Episodes = 36242 | Actor Steps = 1812100 | Delta Dist = 11.467 | Delta Dist 10 = 11.640 | Delta Dist 100 = 11.560 | Delta Dist 1000 = 11.667 | Episode Length = 50 | Episode Return = 7.0 | Evaluator Episodes = 9186 | Evaluator Steps = 459300 | Final Dist = 1.339 | Final Dist 10 = 1.167 | Final Dist 100 = 1.247 | Final Dist 1000 = 1.139 | Init Dist = 12.806 | Init Dist 10 = 12.806 | Init Dist 100 = 12.806 | Init Dist 1000 = 12.806 | Learner Steps = 28157 | Learner Walltime = 5560.496 | Min Dist = 0.238 | Min Dist 10 = 0.210 | Min Dist 100 = 0.578 | Min Dist 1000 = 0.465 | Steps Per Second = 86.806 | Success = 1.000 | Success 1000 = 0.952
I0502 16:38:57.675626 139557462840896 terminal.py:91] [Actor] Actor Episodes = 36248 | Actor Steps = 1812400 | Delta Dist = 6.063 | Delta Dist 10 = 4.536 | Delta Dist 100 = 4.740 | Delta Dist 1000 = 4.420 | Episode Length = 50 | Episode Return = 40.0 | Evaluator Episodes = 9186 | Evaluator Steps = 459300 | Final Dist = 0.261 | Final Dist 10 = 2.376 | Final Dist 100 = 1.495 | Final Dist 1000 = 1.432 | Init Dist = 6.325 | Init Dist 10 = 6.911 | Init Dist 100 = 6.235 | Init Dist 1000 = 5.852 | Learner Steps = 28163 | Learner Walltime = 5561.647 | Min Dist = 0.010 | Min Dist 10 = 0.523 | Min Dist 100 = 0.261 | Min Dist 1000 = 0.199 | Steps Per Second = 83.577 | Success = 1.000 | Success 1000 = 0.991
I0502 16:38:58.282038 139579566835264 terminal.py:91] [Evaluator] Actor Episodes = 36250 | Actor Steps = 1812500 | Delta Dist = 12.158 | Delta Dist 10 = 11.720 | Delta Dist 100 = 11.631 | Delta Dist 1000 = 11.668 | Episode Length = 50 | Episode Return = 18.0 | Evaluator Episodes = 9188 | Evaluator Steps = 459400 | Final Dist = 0.648 | Final Dist 10 = 1.086 | Final Dist 100 = 1.175 | Final Dist 1000 = 1.138 | Init Dist = 12.806 | Init Dist 10 = 12.806 | Init Dist 100 = 12.806 | Init Dist 1000 = 12.806 | Learner Steps = 28163 | Learner Walltime = 5561.647 | Min Dist = 0.036 | Min Dist 10 = 0.270 | Min Dist 100 = 0.502 | Min Dist 1000 = 0.464 | Steps Per Second = 79.725 | Success = 1.000 | Success 1000 = 0.952
I0502 16:38:58.569944 139555860620864 terminal.py:91] [Actor] Actor Episodes = 36251 | Actor Steps = 1812550 | Delta Dist = 9.928 | Delta Dist 10 = 2.618 | Delta Dist 100 = 4.740 | Delta Dist 1000 = 4.417 | Episode Length = 50 | Episode Return = 18.0 | Evaluator Episodes = 9186 | Evaluator Steps = 459300 | Final Dist = 0.889 | Final Dist 10 = 2.845 | Final Dist 100 = 1.567 | Final Dist 1000 = 1.442 | Init Dist = 10.817 | Init Dist 10 = 5.463 | Init Dist 100 = 6.307 | Init Dist 1000 = 5.859 | Learner Steps = 28163 | Learner Walltime = 5561.647 | Min Dist = 0.098 | Min Dist 10 = 0.545 | Min Dist 100 = 0.264 | Min Dist 1000 = 0.199 | Steps Per Second = 83.039 | Success = 1.000 | Success 1000 = 0.991
I0502 16:38:59.570889 139579566835264 terminal.py:91] [Evaluator] Actor Episodes = 36258 | Actor Steps = 1812900 | Delta Dist = 11.888 | Delta Dist 10 = 11.797 | Delta Dist 100 = 11.628 | Delta Dist 1000 = 11.669 | Episode Length = 50 | Episode Return = 15.0 | Evaluator Episodes = 9190 | Evaluator Steps = 459500 | Final Dist = 0.918 | Final Dist 10 = 1.009 | Final Dist 100 = 1.178 | Final Dist 1000 = 1.137 | Init Dist = 12.806 | Init Dist 10 = 12.806 | Init Dist 100 = 12.806 | Init Dist 1000 = 12.806 | Learner Steps = 28169 | Learner Walltime = 5562.682 | Min Dist = 0.162 | Min Dist 10 = 0.281 | Min Dist 100 = 0.510 | Min Dist 1000 = 0.464 | Steps Per Second = 70.658 | Success = 1.000 | Success 1000 = 0.951
I0502 16:39:00.896568 139579566835264 terminal.py:91] [Evaluator] Actor Episodes = 36266 | Actor Steps = 1813300 | Delta Dist = 11.542 | Delta Dist 10 = 11.873 | Delta Dist 100 = 11.618 | Delta Dist 1000 = 11.670 | Episode Length = 50 | Episode Return = 6.0 | Evaluator Episodes = 9192 | Evaluator Steps = 459600 | Final Dist = 1.264 | Final Dist 10 = 0.933 | Final Dist 100 = 1.188 | Final Dist 1000 = 1.136 | Init Dist = 12.806 | Init Dist 10 = 12.806 | Init Dist 100 = 12.806 | Init Dist 1000 = 12.806 | Learner Steps = 28179 | Learner Walltime = 5564.912 | Min Dist = 0.324 | Min Dist 10 = 0.292 | Min Dist 100 = 0.511 | Min Dist 1000 = 0.464 | Steps Per Second = 73.843 | Success = 1.000 | Success 1000 = 0.951
I0502 16:39:02.142577 139579566835264 terminal.py:91] [Evaluator] Actor Episodes = 36274 | Actor Steps = 1813700 | Delta Dist = 12.396 | Delta Dist 10 = 11.784 | Delta Dist 100 = 11.620 | Delta Dist 1000 = 11.670 | Episode Length = 50 | Episode Return = 13.0 | Evaluator Episodes = 9194 | Evaluator Steps = 459700 | Final Dist = 0.410 | Final Dist 10 = 1.022 | Final Dist 100 = 1.187 | Final Dist 1000 = 1.136 | Init Dist = 12.806 | Init Dist 10 = 12.806 | Init Dist 100 = 12.806 | Init Dist 1000 = 12.806 | Learner Steps = 28185 | Learner Walltime = 5566.026 | Min Dist = 0.113 | Min Dist 10 = 0.332 | Min Dist 100 = 0.511 | Min Dist 1000 = 0.463 | Steps Per Second = 81.249 | Success = 1.000 | Success 1000 = 0.951
I0502 16:39:02.634721 139558059398720 terminal.py:91] [Actor] Actor Episodes = 36280 | Actor Steps = 1814000 | Delta Dist = 5.766 | Delta Dist 10 = 3.530 | Delta Dist 100 = 4.620 | Delta Dist 1000 = 4.430 | Episode Length = 50 | Episode Return = 39.0 | Evaluator Episodes = 9194 | Evaluator Steps = 459700 | Final Dist = 1.306 | Final Dist 10 = 2.010 | Final Dist 100 = 1.454 | Final Dist 1000 = 1.442 | Init Dist = 7.071 | Init Dist 10 = 5.540 | Init Dist 100 = 6.073 | Init Dist 1000 = 5.872 | Learner Steps = 28185 | Learner Walltime = 5566.026 | Min Dist = 1.306 | Min Dist 10 = 0.150 | Min Dist 100 = 0.180 | Min Dist 1000 = 0.200 | Steps Per Second = 78.889 | Success = 0.000 | Success 1000 = 0.991
I0502 16:39:03.360238 139579566835264 terminal.py:91] [Evaluator] Actor Episodes = 36282 | Actor Steps = 1814100 | Delta Dist = 12.424 | Delta Dist 10 = 11.914 | Delta Dist 100 = 11.623 | Delta Dist 1000 = 11.672 | Episode Length = 50 | Episode Return = 27.0 | Evaluator Episodes = 9196 | Evaluator Steps = 459800 | Final Dist = 0.382 | Final Dist 10 = 0.893 | Final Dist 100 = 1.184 | Final Dist 1000 = 1.134 | Init Dist = 12.806 | Init Dist 10 = 12.806 | Init Dist 100 = 12.806 | Init Dist 1000 = 12.806 | Learner Steps = 28192 | Learner Walltime = 5567.211 | Min Dist = 0.092 | Min Dist 10 = 0.328 | Min Dist 100 = 0.507 | Min Dist 1000 = 0.463 | Steps Per Second = 82.531 | Success = 1.000 | Success 1000 = 0.951
I0502 16:39:03.987809 139555013154368 terminal.py:91] [Learner] Actor Episodes = 36282 | Actor Loss = 3.6595773696899414 | Actor Steps = 1814100 | Binary Accuracy = 0.996060848236084 | Categorical Accuracy = 0.43292236328125 | Critic Loss = 1.7461826801300049 | Entropy Mean = -22.68346405029297 | Evaluator Episodes = 9194 | Evaluator Steps = 459700 | Learner Steps = 28197 | Learner Walltime = 5568.188 | Logits Neg = -17.33868408203125 | Logits Pos = -1.7296032905578613 | Logsumexp = 1.1535592079162598 | Steps Per Second = 226.890
I0502 16:39:04.525704 139579566835264 terminal.py:91] [Evaluator] Actor Episodes = 36290 | Actor Steps = 1814500 | Delta Dist = 12.311 | Delta Dist 10 = 12.003 | Delta Dist 100 = 11.638 | Delta Dist 1000 = 11.672 | Episode Length = 50 | Episode Return = 32.0 | Evaluator Episodes = 9198 | Evaluator Steps = 459900 | Final Dist = 0.496 | Final Dist 10 = 0.804 | Final Dist 100 = 1.168 | Final Dist 1000 = 1.134 | Init Dist = 12.806 | Init Dist 10 = 12.806 | Init Dist 100 = 12.806 | Init Dist 1000 = 12.806 | Learner Steps = 28198 | Learner Walltime = 5568.404 | Min Dist = 0.387 | Min Dist 10 = 0.302 | Min Dist 100 = 0.510 | Min Dist 1000 = 0.463 | Steps Per Second = 89.999 | Success = 1.000 | Success 1000 = 0.951
I0502 16:39:04.664743 139569349502528 terminal.py:91] [Actor] Actor Episodes = 36292 | Actor Steps = 1814600 | Delta Dist = 11.342 | Delta Dist 10 = 3.670 | Delta Dist 100 = 4.567 | Delta Dist 1000 = 4.408 | Episode Length = 50 | Episode Return = 40.0 | Evaluator Episodes = 9198 | Evaluator Steps = 459900 | Final Dist = 0.060 | Final Dist 10 = 2.291 | Final Dist 100 = 1.505 | Final Dist 1000 = 1.457 | Init Dist = 11.402 | Init Dist 10 = 5.961 | Init Dist 100 = 6.072 | Init Dist 1000 = 5.865 | Learner Steps = 28198 | Learner Walltime = 5568.404 | Min Dist = 0.060 | Min Dist 10 = 0.163 | Min Dist 100 = 0.185 | Min Dist 1000 = 0.202 | Steps Per Second = 88.821 | Success = 1.000 | Success 1000 = 0.990
I0502 16:39:05.277790 139584504182336 lp_utils.py:96] StepsLimiter: Reached 1814900 recorded steps
I0502 16:39:05.703486 139579566835264 terminal.py:91] [Evaluator] Actor Episodes = 36298 | Actor Steps = 1814900 | Delta Dist = 12.728 | Delta Dist 10 = 12.134 | Delta Dist 100 = 11.660 | Delta Dist 1000 = 11.673 | Episode Length = 50 | Episode Return = 25.0 | Evaluator Episodes = 9200 | Evaluator Steps = 460000 | Final Dist = 0.079 | Final Dist 10 = 0.672 | Final Dist 100 = 1.146 | Final Dist 1000 = 1.133 | Init Dist = 12.806 | Init Dist 10 = 12.806 | Init Dist 100 = 12.806 | Init Dist 1000 = 12.806 | Learner Steps = 28204 | Learner Walltime = 5569.536 | Min Dist = 0.064 | Min Dist 10 = 0.224 | Min Dist 100 = 0.506 | Min Dist 1000 = 0.463 | Steps Per Second = 85.183 | Success = 1.000 | Success 1000 = 0.951
I0502 16:39:06.951588 139579566835264 terminal.py:91] [Evaluator] Actor Episodes = 36306 | Actor Steps = 1815300 | Delta Dist = 12.242 | Delta Dist 10 = 12.204 | Delta Dist 100 = 11.669 | Delta Dist 1000 = 11.674 | Episode Length = 50 | Episode Return = 25.0 | Evaluator Episodes = 9202 | Evaluator Steps = 460100 | Final Dist = 0.565 | Final Dist 10 = 0.603 | Final Dist 100 = 1.137 | Final Dist 1000 = 1.132 | Init Dist = 12.806 | Init Dist 10 = 12.806 | Init Dist 100 = 12.806 | Init Dist 1000 = 12.806 | Learner Steps = 28209 | Learner Walltime = 5570.543 | Min Dist = 0.126 | Min Dist 10 = 0.215 | Min Dist 100 = 0.504 | Min Dist 1000 = 0.462 | Steps Per Second = 78.519 | Success = 1.000 | Success 1000 = 0.951
I0502 16:39:07.849960 139557462840896 terminal.py:91] [Actor] Actor Episodes = 36311 | Actor Steps = 1815550 | Delta Dist = 1.881 | Delta Dist 10 = 2.322 | Delta Dist 100 = 4.125 | Delta Dist 1000 = 4.395 | Episode Length = 50 | Episode Return = 35.0 | Evaluator Episodes = 9202 | Evaluator Steps = 460100 | Final Dist = 0.119 | Final Dist 10 = 4.152 | Final Dist 100 = 1.896 | Final Dist 1000 = 1.498 | Init Dist = 2.000 | Init Dist 10 = 6.474 | Init Dist 100 = 6.022 | Init Dist 1000 = 5.893 | Learner Steps = 28209 | Learner Walltime = 5570.543 | Min Dist = 0.008 | Min Dist 10 = 0.097 | Min Dist 100 = 0.192 | Min Dist 1000 = 0.197 | Steps Per Second = 86.830 | Success = 1.000 | Success 1000 = 0.990
I0502 16:39:08.145249 139579566835264 terminal.py:91] [Evaluator] Actor Episodes = 36314 | Actor Steps = 1815700 | Delta Dist = 4.200 | Delta Dist 10 = 12.272 | Delta Dist 100 = 11.676 | Delta Dist 1000 = 11.674 | Episode Length = 50 | Episode Return = 0.0 | Evaluator Episodes = 9204 | Evaluator Steps = 460200 | Final Dist = 8.606 | Final Dist 10 = 0.534 | Final Dist 100 = 1.130 | Final Dist 1000 = 1.132 | Init Dist = 12.806 | Init Dist 10 = 12.806 | Init Dist 100 = 12.806 | Init Dist 1000 = 12.806 | Learner Steps = 28215 | Learner Walltime = 5571.762 | Min Dist = 8.298 | Min Dist 10 = 0.166 | Min Dist 100 = 0.502 | Min Dist 1000 = 0.462 | Steps Per Second = 82.718 | Success = 0.000 | Success 1000 = 0.951
I0502 16:39:08.848753 139555860620864 terminal.py:91] [Actor] Actor Episodes = 36322 | Actor Steps = 1816100 | Delta Dist = 6.846 | Delta Dist 10 = 3.137 | Delta Dist 100 = 4.062 | Delta Dist 1000 = 4.406 | Episode Length = 50 | Episode Return = 24.0 | Evaluator Episodes = 9204 | Evaluator Steps = 460200 | Final Dist = 1.216 | Final Dist 10 = 2.489 | Final Dist 100 = 1.841 | Final Dist 1000 = 1.489 | Init Dist = 8.062 | Init Dist 10 = 5.625 | Init Dist 100 = 5.903 | Init Dist 1000 = 5.895 | Learner Steps = 28221 | Learner Walltime = 5572.783 | Min Dist = 0.053 | Min Dist 10 = 0.087 | Min Dist 100 = 0.179 | Min Dist 1000 = 0.186 | Steps Per Second = 85.001 | Success = 1.000 | Success 1000 = 0.990
I0502 16:39:09.342287 139579566835264 terminal.py:91] [Evaluator] Actor Episodes = 36322 | Actor Steps = 1816100 | Delta Dist = 11.862 | Delta Dist 10 = 11.371 | Delta Dist 100 = 11.594 | Delta Dist 1000 = 11.665 | Episode Length = 50 | Episode Return = 33.0 | Evaluator Episodes = 9206 | Evaluator Steps = 460300 | Final Dist = 0.944 | Final Dist 10 = 1.435 | Final Dist 100 = 1.212 | Final Dist 1000 = 1.141 | Init Dist = 12.806 | Init Dist 10 = 12.806 | Init Dist 100 = 12.806 | Init Dist 1000 = 12.806 | Learner Steps = 28221 | Learner Walltime = 5572.783 | Min Dist = 0.067 | Min Dist 10 = 0.976 | Min Dist 100 = 0.579 | Min Dist 1000 = 0.470 | Steps Per Second = 85.359 | Success = 1.000 | Success 1000 = 0.950
I0502 16:39:10.606587 139579566835264 terminal.py:91] [Evaluator] Actor Episodes = 36330 | Actor Steps = 1816500 | Delta Dist = 12.409 | Delta Dist 10 = 11.257 | Delta Dist 100 = 11.596 | Delta Dist 1000 = 11.665 | Episode Length = 50 | Episode Return = 25.0 | Evaluator Episodes = 9208 | Evaluator Steps = 460400 | Final Dist = 0.397 | Final Dist 10 = 1.549 | Final Dist 100 = 1.210 | Final Dist 1000 = 1.142 | Init Dist = 12.806 | Init Dist 10 = 12.806 | Init Dist 100 = 12.806 | Init Dist 1000 = 12.806 | Learner Steps = 28227 | Learner Walltime = 5573.971 | Min Dist = 0.216 | Min Dist 10 = 0.949 | Min Dist 100 = 0.580 | Min Dist 1000 = 0.470 | Steps Per Second = 80.606 | Success = 1.000 | Success 1000 = 0.950
I0502 16:39:11.906477 139579566835264 terminal.py:91] [Evaluator] Actor Episodes = 36338 | Actor Steps = 1816900 | Delta Dist = 3.209 | Delta Dist 10 = 11.171 | Delta Dist 100 = 11.590 | Delta Dist 1000 = 11.666 | Episode Length = 50 | Episode Return = 0.0 | Evaluator Episodes = 9210 | Evaluator Steps = 460500 | Final Dist = 9.598 | Final Dist 10 = 1.635 | Final Dist 100 = 1.216 | Final Dist 1000 = 1.141 | Init Dist = 12.806 | Init Dist 10 = 12.806 | Init Dist 100 = 12.806 | Init Dist 1000 = 12.806 | Learner Steps = 28233 | Learner Walltime = 5575.125 | Min Dist = 8.587 | Min Dist 10 = 0.934 | Min Dist 100 = 0.580 | Min Dist 1000 = 0.470 | Steps Per Second = 73.232 | Success = 0.000 | Success 1000 = 0.950
I0502 16:39:12.489863 139584635659840 savers.py:156] Saving checkpoint: logs/contrastive_cpc_point_FourRooms_64/5dd72662-2788-11f0-b183-d85ed38c5779/checkpoints/counter
I0502 16:39:12.882139 139558059398720 terminal.py:91] [Actor] Actor Episodes = 36345 | Actor Steps = 1817250 | Delta Dist = 6.116 | Delta Dist 10 = 5.659 | Delta Dist 100 = 3.906 | Delta Dist 1000 = 4.420 | Episode Length = 50 | Episode Return = 33.0 | Evaluator Episodes = 9210 | Evaluator Steps = 460500 | Final Dist = 0.209 | Final Dist 10 = 0.553 | Final Dist 100 = 1.762 | Final Dist 1000 = 1.473 | Init Dist = 6.325 | Init Dist 10 = 6.212 | Init Dist 100 = 5.668 | Init Dist 1000 = 5.893 | Learner Steps = 28239 | Learner Walltime = 5576.329 | Min Dist = 0.086 | Min Dist 10 = 0.096 | Min Dist 100 = 0.119 | Min Dist 1000 = 0.180 | Steps Per Second = 78.063 | Success = 1.000 | Success 1000 = 0.991
I0502 16:39:13.181472 139579566835264 terminal.py:91] [Evaluator] Actor Episodes = 36346 | Actor Steps = 1817300 | Delta Dist = 12.008 | Delta Dist 10 = 10.224 | Delta Dist 100 = 11.503 | Delta Dist 1000 = 11.663 | Episode Length = 50 | Episode Return = 20.0 | Evaluator Episodes = 9212 | Evaluator Steps = 460600 | Final Dist = 0.798 | Final Dist 10 = 2.582 | Final Dist 100 = 1.303 | Final Dist 1000 = 1.144 | Init Dist = 12.806 | Init Dist 10 = 12.806 | Init Dist 100 = 12.806 | Init Dist 1000 = 12.806 | Learner Steps = 28239 | Learner Walltime = 5576.329 | Min Dist = 0.041 | Min Dist 10 = 1.780 | Min Dist 100 = 0.663 | Min Dist 1000 = 0.473 | Steps Per Second = 83.913 | Success = 1.000 | Success 1000 = 0.950
I0502 16:39:14.005698 139555013154368 terminal.py:91] [Learner] Actor Episodes = 36350 | Actor Loss = 3.660139560699463 | Actor Steps = 1817500 | Binary Accuracy = 0.9959907531738281 | Categorical Accuracy = 0.4195556640625 | Critic Loss = 1.814202904701233 | Entropy Mean = -20.577922821044922 | Evaluator Episodes = 9212 | Evaluator Steps = 460600 | Learner Steps = 28248 | Learner Walltime = 5578.204 | Logits Neg = -17.05270767211914 | Logits Pos = -1.7855055332183838 | Logsumexp = 1.1944659948349 | Steps Per Second = 286.780
I0502 16:39:14.466723 139579566835264 terminal.py:91] [Evaluator] Actor Episodes = 36354 | Actor Steps = 1817700 | Delta Dist = 11.767 | Delta Dist 10 = 10.206 | Delta Dist 100 = 11.509 | Delta Dist 1000 = 11.663 | Episode Length = 50 | Episode Return = 14.0 | Evaluator Episodes = 9214 | Evaluator Steps = 460700 | Final Dist = 1.039 | Final Dist 10 = 2.600 | Final Dist 100 = 1.297 | Final Dist 1000 = 1.144 | Init Dist = 12.806 | Init Dist 10 = 12.806 | Init Dist 100 = 12.806 | Init Dist 1000 = 12.806 | Learner Steps = 28246 | Learner Walltime = 5577.650 | Min Dist = 0.205 | Min Dist 10 = 1.776 | Min Dist 100 = 0.658 | Min Dist 1000 = 0.473 | Steps Per Second = 80.852 | Success = 1.000 | Success 1000 = 0.950
I0502 16:39:15.112439 139569349502528 terminal.py:91] [Actor] Actor Episodes = 36357 | Actor Steps = 1817850 | Delta Dist = 2.399 | Delta Dist 10 = 5.125 | Delta Dist 100 = 3.932 | Delta Dist 1000 = 4.425 | Episode Length = 50 | Episode Return = 22.0 | Evaluator Episodes = 9214 | Evaluator Steps = 460700 | Final Dist = 1.206 | Final Dist 10 = 1.350 | Final Dist 100 = 1.720 | Final Dist 1000 = 1.480 | Init Dist = 3.606 | Init Dist 10 = 6.475 | Init Dist 100 = 5.652 | Init Dist 1000 = 5.905 | Learner Steps = 28246 | Learner Walltime = 5577.650 | Min Dist = 0.023 | Min Dist 10 = 0.061 | Min Dist 100 = 0.114 | Min Dist 1000 = 0.179 | Steps Per Second = 79.335 | Success = 1.000 | Success 1000 = 0.991
I0502 16:39:15.294945 139584504182336 lp_utils.py:96] StepsLimiter: Reached 1818100 recorded steps
I0502 16:39:15.705112 139579566835264 terminal.py:91] [Evaluator] Actor Episodes = 36362 | Actor Steps = 1818100 | Delta Dist = 11.886 | Delta Dist 10 = 10.216 | Delta Dist 100 = 11.431 | Delta Dist 1000 = 11.655 | Episode Length = 50 | Episode Return = 26.0 | Evaluator Episodes = 9216 | Evaluator Steps = 460800 | Final Dist = 0.920 | Final Dist 10 = 2.591 | Final Dist 100 = 1.375 | Final Dist 1000 = 1.151 | Init Dist = 12.806 | Init Dist 10 = 12.806 | Init Dist 100 = 12.806 | Init Dist 1000 = 12.806 | Learner Steps = 28255 | Learner Walltime = 5579.788 | Min Dist = 0.099 | Min Dist 10 = 1.754 | Min Dist 100 = 0.731 | Min Dist 1000 = 0.480 | Steps Per Second = 80.010 | Success = 1.000 | Success 1000 = 0.949
I0502 16:39:17.025172 139579566835264 terminal.py:91] [Evaluator] Actor Episodes = 36370 | Actor Steps = 1818500 | Delta Dist = 11.137 | Delta Dist 10 = 10.288 | Delta Dist 100 = 11.430 | Delta Dist 1000 = 11.663 | Episode Length = 50 | Episode Return = 13.0 | Evaluator Episodes = 9218 | Evaluator Steps = 460900 | Final Dist = 1.669 | Final Dist 10 = 2.518 | Final Dist 100 = 1.377 | Final Dist 1000 = 1.143 | Init Dist = 12.806 | Init Dist 10 = 12.806 | Init Dist 100 = 12.806 | Init Dist 1000 = 12.806 | Learner Steps = 28261 | Learner Walltime = 5580.798 | Min Dist = 0.190 | Min Dist 10 = 1.755 | Min Dist 100 = 0.729 | Min Dist 1000 = 0.473 | Steps Per Second = 76.341 | Success = 1.000 | Success 1000 = 0.950
I0502 16:39:17.942728 139557462840896 terminal.py:91] [Actor] Actor Episodes = 36375 | Actor Steps = 1818750 | Delta Dist = 5.905 | Delta Dist 10 = 5.024 | Delta Dist 100 = 4.206 | Delta Dist 1000 = 4.456 | Episode Length = 50 | Episode Return = 29.0 | Evaluator Episodes = 9218 | Evaluator Steps = 460900 | Final Dist = 0.498 | Final Dist 10 = 1.450 | Final Dist 100 = 1.678 | Final Dist 1000 = 1.472 | Init Dist = 6.403 | Init Dist 10 = 6.473 | Init Dist 100 = 5.885 | Init Dist 1000 = 5.928 | Learner Steps = 28261 | Learner Walltime = 5580.798 | Min Dist = 0.026 | Min Dist 10 = 0.051 | Min Dist 100 = 0.103 | Min Dist 1000 = 0.179 | Steps Per Second = 67.888 | Success = 1.000 | Success 1000 = 0.991
I0502 16:39:18.428906 139579566835264 terminal.py:91] [Evaluator] Actor Episodes = 36378 | Actor Steps = 1818900 | Delta Dist = 4.199 | Delta Dist 10 = 10.103 | Delta Dist 100 = 11.417 | Delta Dist 1000 = 11.661 | Episode Length = 50 | Episode Return = 0.0 | Evaluator Episodes = 9220 | Evaluator Steps = 461000 | Final Dist = 8.607 | Final Dist 10 = 2.703 | Final Dist 100 = 1.389 | Final Dist 1000 = 1.145 | Init Dist = 12.806 | Init Dist 10 = 12.806 | Init Dist 100 = 12.806 | Init Dist 1000 = 12.806 | Learner Steps = 28266 | Learner Walltime = 5581.832 | Min Dist = 8.301 | Min Dist 10 = 1.766 | Min Dist 100 = 0.726 | Min Dist 1000 = 0.473 | Steps Per Second = 72.643 | Success = 0.000 | Success 1000 = 0.950
I0502 16:39:18.933034 139555860620864 terminal.py:91] [Actor] Actor Episodes = 36386 | Actor Steps = 1819300 | Delta Dist = 4.829 | Delta Dist 10 = 4.227 | Delta Dist 100 = 4.141 | Delta Dist 1000 = 4.452 | Episode Length = 50 | Episode Return = 35.0 | Evaluator Episodes = 9220 | Evaluator Steps = 461000 | Final Dist = 1.254 | Final Dist 10 = 1.784 | Final Dist 100 = 1.706 | Final Dist 1000 = 1.471 | Init Dist = 6.083 | Init Dist 10 = 6.011 | Init Dist 100 = 5.847 | Init Dist 1000 = 5.923 | Learner Steps = 28271 | Learner Walltime = 5582.951 | Min Dist = 0.045 | Min Dist 10 = 0.038 | Min Dist 100 = 0.084 | Min Dist 1000 = 0.178 | Steps Per Second = 72.157 | Success = 1.000 | Success 1000 = 0.991
I0502 16:39:19.466166 139583350109760 savers.py:156] Saving checkpoint: logs/contrastive_cpc_point_FourRooms_64/5dd72662-2788-11f0-b183-d85ed38c5779/checkpoints/learner
I0502 16:39:19.786306 139579566835264 terminal.py:91] [Evaluator] Actor Episodes = 36386 | Actor Steps = 1819300 | Delta Dist = 12.488 | Delta Dist 10 = 10.191 | Delta Dist 100 = 11.416 | Delta Dist 1000 = 11.654 | Episode Length = 50 | Episode Return = 29.0 | Evaluator Episodes = 9222 | Evaluator Steps = 461100 | Final Dist = 0.318 | Final Dist 10 = 2.615 | Final Dist 100 = 1.390 | Final Dist 1000 = 1.152 | Init Dist = 12.806 | Init Dist 10 = 12.806 | Init Dist 100 = 12.806 | Init Dist 1000 = 12.806 | Learner Steps = 28271 | Learner Walltime = 5582.951 | Min Dist = 0.067 | Min Dist 10 = 1.776 | Min Dist 100 = 0.727 | Min Dist 1000 = 0.481 | Steps Per Second = 68.190 | Success = 1.000 | Success 1000 = 0.949
I0502 16:39:21.171126 139579566835264 terminal.py:91] [Evaluator] Actor Episodes = 36394 | Actor Steps = 1819700 | Delta Dist = 12.327 | Delta Dist 10 = 10.256 | Delta Dist 100 = 11.482 | Delta Dist 1000 = 11.654 | Episode Length = 50 | Episode Return = 20.0 | Evaluator Episodes = 9224 | Evaluator Steps = 461200 | Final Dist = 0.479 | Final Dist 10 = 2.550 | Final Dist 100 = 1.324 | Final Dist 1000 = 1.152 | Init Dist = 12.806 | Init Dist 10 = 12.806 | Init Dist 100 = 12.806 | Init Dist 1000 = 12.806 | Learner Steps = 28282 | Learner Walltime = 5585.311 | Min Dist = 0.183 | Min Dist 10 = 1.877 | Min Dist 100 = 0.664 | Min Dist 1000 = 0.482 | Steps Per Second = 74.720 | Success = 1.000 | Success 1000 = 0.948
I0502 16:39:22.573597 139579566835264 terminal.py:91] [Evaluator] Actor Episodes = 36402 | Actor Steps = 1820100 | Delta Dist = 11.707 | Delta Dist 10 = 11.109 | Delta Dist 100 = 11.485 | Delta Dist 1000 = 11.655 | Episode Length = 50 | Episode Return = 15.0 | Evaluator Episodes = 9226 | Evaluator Steps = 461300 | Final Dist = 1.099 | Final Dist 10 = 1.697 | Final Dist 100 = 1.322 | Final Dist 1000 = 1.151 | Init Dist = 12.806 | Init Dist 10 = 12.806 | Init Dist 100 = 12.806 | Init Dist 1000 = 12.806 | Learner Steps = 28286 | Learner Walltime = 5586.380 | Min Dist = 0.043 | Min Dist 10 = 1.090 | Min Dist 100 = 0.665 | Min Dist 1000 = 0.482 | Steps Per Second = 71.671 | Success = 1.000 | Success 1000 = 0.948
I0502 16:39:23.358001 139558059398720 terminal.py:91] [Actor] Actor Episodes = 36405 | Actor Steps = 1820250 | Delta Dist = 5.923 | Delta Dist 10 = 4.329 | Delta Dist 100 = 4.141 | Delta Dist 1000 = 4.429 | Episode Length = 50 | Episode Return = 17.0 | Evaluator Episodes = 9226 | Evaluator Steps = 461300 | Final Dist = 0.159 | Final Dist 10 = 2.492 | Final Dist 100 = 1.791 | Final Dist 1000 = 1.502 | Init Dist = 6.083 | Init Dist 10 = 6.821 | Init Dist 100 = 5.932 | Init Dist 1000 = 5.931 | Learner Steps = 28286 | Learner Walltime = 5586.380 | Min Dist = 0.091 | Min Dist 10 = 0.138 | Min Dist 100 = 0.181 | Min Dist 1000 = 0.184 | Steps Per Second = 79.216 | Success = 1.000 | Success 1000 = 0.992
I0502 16:39:23.841835 139579566835264 terminal.py:91] [Evaluator] Actor Episodes = 36410 | Actor Steps = 1820500 | Delta Dist = 11.251 | Delta Dist 10 = 11.024 | Delta Dist 100 = 11.472 | Delta Dist 1000 = 11.655 | Episode Length = 50 | Episode Return = 20.0 | Evaluator Episodes = 9228 | Evaluator Steps = 461400 | Final Dist = 1.555 | Final Dist 10 = 1.782 | Final Dist 100 = 1.334 | Final Dist 1000 = 1.152 | Init Dist = 12.806 | Init Dist 10 = 12.806 | Init Dist 100 = 12.806 | Init Dist 1000 = 12.806 | Learner Steps = 28291 | Learner Walltime = 5587.487 | Min Dist = 0.285 | Min Dist 10 = 1.097 | Min Dist 100 = 0.663 | Min Dist 1000 = 0.482 | Steps Per Second = 85.968 | Success = 1.000 | Success 1000 = 0.948
I0502 16:39:24.038068 139555013154368 terminal.py:91] [Learner] Actor Episodes = 36410 | Actor Loss = 3.758063793182373 | Actor Steps = 1820500 | Binary Accuracy = 0.9960558414459229 | Categorical Accuracy = 0.42620849609375 | Critic Loss = 1.7677922248840332 | Entropy Mean = -21.216550827026367 | Evaluator Episodes = 9226 | Evaluator Steps = 461300 | Learner Steps = 28295 | Learner Walltime = 5588.238 | Logits Neg = -17.21204376220703 | Logits Pos = -1.7371931076049805 | Logsumexp = 1.1121699810028076 | Steps Per Second = 514.630
I0502 16:39:25.112907 139579566835264 terminal.py:91] [Evaluator] Actor Episodes = 36418 | Actor Steps = 1820900 | Delta Dist = 12.347 | Delta Dist 10 = 11.188 | Delta Dist 100 = 11.472 | Delta Dist 1000 = 11.655 | Episode Length = 50 | Episode Return = 20.0 | Evaluator Episodes = 9230 | Evaluator Steps = 461500 | Final Dist = 0.459 | Final Dist 10 = 1.618 | Final Dist 100 = 1.334 | Final Dist 1000 = 1.151 | Init Dist = 12.806 | Init Dist 10 = 12.806 | Init Dist 100 = 12.806 | Init Dist 1000 = 12.806 | Learner Steps = 28297 | Learner Walltime = 5588.695 | Min Dist = 0.128 | Min Dist 10 = 1.084 | Min Dist 100 = 0.664 | Min Dist 1000 = 0.482 | Steps Per Second = 77.592 | Success = 1.000 | Success 1000 = 0.948
I0502 16:39:25.318891 139584504182336 lp_utils.py:96] StepsLimiter: Reached 1821000 recorded steps
I0502 16:39:25.425771 139569349502528 terminal.py:91] [Actor] Actor Episodes = 36422 | Actor Steps = 1821100 | Delta Dist = 3.404 | Delta Dist 10 = 4.641 | Delta Dist 100 = 4.451 | Delta Dist 1000 = 4.428 | Episode Length = 50 | Episode Return = 24.0 | Evaluator Episodes = 9230 | Evaluator Steps = 461500 | Final Dist = 0.202 | Final Dist 10 = 1.641 | Final Dist 100 = 1.609 | Final Dist 1000 = 1.498 | Init Dist = 3.606 | Init Dist 10 = 6.281 | Init Dist 100 = 6.060 | Init Dist 1000 = 5.926 | Learner Steps = 28297 | Learner Walltime = 5588.695 | Min Dist = 0.018 | Min Dist 10 = 0.064 | Min Dist 100 = 0.180 | Min Dist 1000 = 0.183 | Steps Per Second = 74.334 | Success = 1.000 | Success 1000 = 0.993
I0502 16:39:26.428236 139579566835264 terminal.py:91] [Evaluator] Actor Episodes = 36426 | Actor Steps = 1821300 | Delta Dist = 12.449 | Delta Dist 10 = 12.053 | Delta Dist 100 = 11.474 | Delta Dist 1000 = 11.656 | Episode Length = 50 | Episode Return = 33.0 | Evaluator Episodes = 9232 | Evaluator Steps = 461600 | Final Dist = 0.357 | Final Dist 10 = 0.753 | Final Dist 100 = 1.332 | Final Dist 1000 = 1.151 | Init Dist = 12.806 | Init Dist 10 = 12.806 | Init Dist 100 = 12.806 | Init Dist 1000 = 12.806 | Learner Steps = 28303 | Learner Walltime = 5589.768 | Min Dist = 0.058 | Min Dist 10 = 0.231 | Min Dist 100 = 0.664 | Min Dist 1000 = 0.482 | Steps Per Second = 78.462 | Success = 1.000 | Success 1000 = 0.948
I0502 16:39:27.641205 139579566835264 terminal.py:91] [Evaluator] Actor Episodes = 36434 | Actor Steps = 1821700 | Delta Dist = 5.873 | Delta Dist 10 = 12.047 | Delta Dist 100 = 11.487 | Delta Dist 1000 = 11.656 | Episode Length = 50 | Episode Return = 0.0 | Evaluator Episodes = 9234 | Evaluator Steps = 461700 | Final Dist = 6.933 | Final Dist 10 = 0.759 | Final Dist 100 = 1.319 | Final Dist 1000 = 1.150 | Init Dist = 12.806 | Init Dist 10 = 12.806 | Init Dist 100 = 12.806 | Init Dist 1000 = 12.806 | Learner Steps = 28308 | Learner Walltime = 5590.838 | Min Dist = 5.284 | Min Dist 10 = 0.126 | Min Dist 100 = 0.654 | Min Dist 1000 = 0.482 | Steps Per Second = 77.999 | Success = 0.000 | Success 1000 = 0.948
I0502 16:39:27.961704 139557462840896 terminal.py:91] [Actor] Actor Episodes = 36438 | Actor Steps = 1821900 | Delta Dist = 5.879 | Delta Dist 10 = 5.696 | Delta Dist 100 = 4.550 | Delta Dist 1000 = 4.415 | Episode Length = 50 | Episode Return = 26.0 | Evaluator Episodes = 9234 | Evaluator Steps = 461700 | Final Dist = 1.332 | Final Dist 10 = 0.703 | Final Dist 100 = 1.624 | Final Dist 1000 = 1.496 | Init Dist = 7.211 | Init Dist 10 = 6.399 | Init Dist 100 = 6.174 | Init Dist 1000 = 5.912 | Learner Steps = 28314 | Learner Walltime = 5592.039 | Min Dist = 0.030 | Min Dist 10 = 0.063 | Min Dist 100 = 0.175 | Min Dist 1000 = 0.181 | Steps Per Second = 79.979 | Success = 1.000 | Success 1000 = 0.993
I0502 16:39:28.946895 139579566835264 terminal.py:91] [Evaluator] Actor Episodes = 36442 | Actor Steps = 1822100 | Delta Dist = 11.516 | Delta Dist 10 = 11.470 | Delta Dist 100 = 11.430 | Delta Dist 1000 = 11.651 | Episode Length = 50 | Episode Return = 27.0 | Evaluator Episodes = 9236 | Evaluator Steps = 461800 | Final Dist = 1.290 | Final Dist 10 = 1.336 | Final Dist 100 = 1.376 | Final Dist 1000 = 1.156 | Init Dist = 12.806 | Init Dist 10 = 12.806 | Init Dist 100 = 12.806 | Init Dist 1000 = 12.806 | Learner Steps = 28319 | Learner Walltime = 5593.073 | Min Dist = 0.032 | Min Dist 10 = 0.638 | Min Dist 100 = 0.707 | Min Dist 1000 = 0.487 | Steps Per Second = 73.149 | Success = 1.000 | Success 1000 = 0.947
I0502 16:39:29.506064 139555860620864 terminal.py:91] [Actor] Actor Episodes = 36450 | Actor Steps = 1822500 | Delta Dist = 6.866 | Delta Dist 10 = 4.585 | Delta Dist 100 = 4.526 | Delta Dist 1000 = 4.420 | Episode Length = 50 | Episode Return = 25.0 | Evaluator Episodes = 9236 | Evaluator Steps = 461800 | Final Dist = 1.134 | Final Dist 10 = 0.852 | Final Dist 100 = 1.561 | Final Dist 1000 = 1.483 | Init Dist = 8.000 | Init Dist 10 = 5.437 | Init Dist 100 = 6.087 | Init Dist 1000 = 5.902 | Learner Steps = 28319 | Learner Walltime = 5593.073 | Min Dist = 0.044 | Min Dist 10 = 0.055 | Min Dist 100 = 0.170 | Min Dist 1000 = 0.176 | Steps Per Second = 69.183 | Success = 1.000 | Success 1000 = 0.993
I0502 16:39:30.217688 139579566835264 terminal.py:91] [Evaluator] Actor Episodes = 36450 | Actor Steps = 1822500 | Delta Dist = 11.507 | Delta Dist 10 = 11.515 | Delta Dist 100 = 11.479 | Delta Dist 1000 = 11.652 | Episode Length = 50 | Episode Return = 24.0 | Evaluator Episodes = 9238 | Evaluator Steps = 461900 | Final Dist = 1.299 | Final Dist 10 = 1.292 | Final Dist 100 = 1.327 | Final Dist 1000 = 1.154 | Init Dist = 12.806 | Init Dist 10 = 12.806 | Init Dist 100 = 12.806 | Init Dist 1000 = 12.806 | Learner Steps = 28325 | Learner Walltime = 5594.358 | Min Dist = 0.039 | Min Dist 10 = 0.618 | Min Dist 100 = 0.654 | Min Dist 1000 = 0.484 | Steps Per Second = 94.905 | Success = 1.000 | Success 1000 = 0.948
I0502 16:39:31.435346 139579566835264 terminal.py:91] [Evaluator] Actor Episodes = 36458 | Actor Steps = 1822900 | Delta Dist = 12.581 | Delta Dist 10 = 11.404 | Delta Dist 100 = 11.462 | Delta Dist 1000 = 11.650 | Episode Length = 50 | Episode Return = 19.0 | Evaluator Episodes = 9240 | Evaluator Steps = 462000 | Final Dist = 0.225 | Final Dist 10 = 1.402 | Final Dist 100 = 1.344 | Final Dist 1000 = 1.156 | Init Dist = 12.806 | Init Dist 10 = 12.806 | Init Dist 100 = 12.806 | Init Dist 1000 = 12.806 | Learner Steps = 28332 | Learner Walltime = 5595.551 | Min Dist = 0.183 | Min Dist 10 = 0.613 | Min Dist 100 = 0.652 | Min Dist 1000 = 0.484 | Steps Per Second = 79.746 | Success = 1.000 | Success 1000 = 0.948
I0502 16:39:32.648148 139579566835264 terminal.py:91] [Evaluator] Actor Episodes = 36466 | Actor Steps = 1823300 | Delta Dist = 12.531 | Delta Dist 10 = 11.352 | Delta Dist 100 = 11.463 | Delta Dist 1000 = 11.651 | Episode Length = 50 | Episode Return = 13.0 | Evaluator Episodes = 9242 | Evaluator Steps = 462100 | Final Dist = 0.276 | Final Dist 10 = 1.454 | Final Dist 100 = 1.344 | Final Dist 1000 = 1.155 | Init Dist = 12.806 | Init Dist 10 = 12.806 | Init Dist 100 = 12.806 | Init Dist 1000 = 12.806 | Learner Steps = 28336 | Learner Walltime = 5596.552 | Min Dist = 0.044 | Min Dist 10 = 0.615 | Min Dist 100 = 0.652 | Min Dist 1000 = 0.484 | Steps Per Second = 80.956 | Success = 1.000 | Success 1000 = 0.948
I0502 16:39:33.362060 139558059398720 terminal.py:91] [Actor] Actor Episodes = 36469 | Actor Steps = 1823450 | Delta Dist = 2.598 | Delta Dist 10 = 3.203 | Delta Dist 100 = 4.073 | Delta Dist 1000 = 4.388 | Episode Length = 50 | Episode Return = 1.0 | Evaluator Episodes = 9242 | Evaluator Steps = 462100 | Final Dist = 1.874 | Final Dist 10 = 3.146 | Final Dist 100 = 1.982 | Final Dist 1000 = 1.522 | Init Dist = 4.472 | Init Dist 10 = 6.350 | Init Dist 100 = 6.055 | Init Dist 1000 = 5.910 | Learner Steps = 28336 | Learner Walltime = 5596.552 | Min Dist = 1.416 | Min Dist 10 = 0.086 | Min Dist 100 = 0.172 | Min Dist 1000 = 0.177 | Steps Per Second = 76.240 | Success = 0.000 | Success 1000 = 0.993
I0502 16:39:33.879862 139579566835264 terminal.py:91] [Evaluator] Actor Episodes = 36476 | Actor Steps = 1823800 | Delta Dist = 12.342 | Delta Dist 10 = 11.415 | Delta Dist 100 = 11.473 | Delta Dist 1000 = 11.657 | Episode Length = 50 | Episode Return = 28.0 | Evaluator Episodes = 9244 | Evaluator Steps = 462200 | Final Dist = 0.464 | Final Dist 10 = 1.392 | Final Dist 100 = 1.333 | Final Dist 1000 = 1.149 | Init Dist = 12.806 | Init Dist 10 = 12.806 | Init Dist 100 = 12.806 | Init Dist 1000 = 12.806 | Learner Steps = 28342 | Learner Walltime = 5597.670 | Min Dist = 0.127 | Min Dist 10 = 0.629 | Min Dist 100 = 0.650 | Min Dist 1000 = 0.479 | Steps Per Second = 85.631 | Success = 1.000 | Success 1000 = 0.949
I0502 16:39:34.062044 139555013154368 terminal.py:91] [Learner] Actor Episodes = 36474 | Actor Loss = 3.6230549812316895 | Actor Steps = 1823700 | Binary Accuracy = 0.995985746383667 | Categorical Accuracy = 0.40960693359375 | Critic Loss = 1.8337948322296143 | Entropy Mean = -21.291004180908203 | Evaluator Episodes = 9242 | Evaluator Steps = 462100 | Learner Steps = 28346 | Learner Walltime = 5598.261 | Logits Neg = -16.93538475036621 | Logits Pos = -1.8045490980148315 | Logsumexp = 1.0970795154571533 | Steps Per Second = 897.804
I0502 16:39:35.118313 139579566835264 terminal.py:91] [Evaluator] Actor Episodes = 36482 | Actor Steps = 1824100 | Delta Dist = 11.677 | Delta Dist 10 = 12.026 | Delta Dist 100 = 11.477 | Delta Dist 1000 = 11.658 | Episode Length = 50 | Episode Return = 27.0 | Evaluator Episodes = 9246 | Evaluator Steps = 462300 | Final Dist = 1.130 | Final Dist 10 = 0.781 | Final Dist 100 = 1.330 | Final Dist 1000 = 1.149 | Init Dist = 12.806 | Init Dist 10 = 12.806 | Init Dist 100 = 12.806 | Init Dist 1000 = 12.806 | Learner Steps = 28348 | Learner Walltime = 5598.824 | Min Dist = 0.055 | Min Dist 10 = 0.127 | Min Dist 100 = 0.648 | Min Dist 1000 = 0.478 | Steps Per Second = 78.155 | Success = 1.000 | Success 1000 = 0.949
I0502 16:39:35.333862 139584504182336 lp_utils.py:96] StepsLimiter: Reached 1824300 recorded steps
I0502 16:39:35.523149 139569349502528 terminal.py:91] [Actor] Actor Episodes = 36488 | Actor Steps = 1824400 | Delta Dist = 2.292 | Delta Dist 10 = 3.195 | Delta Dist 100 = 3.987 | Delta Dist 1000 = 4.362 | Episode Length = 50 | Episode Return = 39.0 | Evaluator Episodes = 9246 | Evaluator Steps = 462300 | Final Dist = 1.314 | Final Dist 10 = 2.473 | Final Dist 100 = 1.995 | Final Dist 1000 = 1.534 | Init Dist = 3.606 | Init Dist 10 = 5.667 | Init Dist 100 = 5.982 | Init Dist 1000 = 5.896 | Learner Steps = 28348 | Learner Walltime = 5598.824 | Min Dist = 0.047 | Min Dist 10 = 0.204 | Min Dist 100 = 0.134 | Min Dist 1000 = 0.179 | Steps Per Second = 80.482 | Success = 1.000 | Success 1000 = 0.991
I0502 16:39:36.290797 139579566835264 terminal.py:91] [Evaluator] Actor Episodes = 36492 | Actor Steps = 1824600 | Delta Dist = 11.656 | Delta Dist 10 = 11.784 | Delta Dist 100 = 11.451 | Delta Dist 1000 = 11.654 | Episode Length = 50 | Episode Return = 22.0 | Evaluator Episodes = 9248 | Evaluator Steps = 462400 | Final Dist = 1.151 | Final Dist 10 = 1.022 | Final Dist 100 = 1.356 | Final Dist 1000 = 1.152 | Init Dist = 12.806 | Init Dist 10 = 12.806 | Init Dist 100 = 12.806 | Init Dist 1000 = 12.806 | Learner Steps = 28354 | Learner Walltime = 5599.886 | Min Dist = 0.051 | Min Dist 10 = 0.430 | Min Dist 100 = 0.677 | Min Dist 1000 = 0.481 | Steps Per Second = 82.923 | Success = 1.000 | Success 1000 = 0.948
I0502 16:39:37.426757 139579566835264 terminal.py:91] [Evaluator] Actor Episodes = 36498 | Actor Steps = 1824900 | Delta Dist = 12.274 | Delta Dist 10 = 11.906 | Delta Dist 100 = 11.450 | Delta Dist 1000 = 11.654 | Episode Length = 50 | Episode Return = 23.0 | Evaluator Episodes = 9250 | Evaluator Steps = 462500 | Final Dist = 0.532 | Final Dist 10 = 0.900 | Final Dist 100 = 1.356 | Final Dist 1000 = 1.153 | Init Dist = 12.806 | Init Dist 10 = 12.806 | Init Dist 100 = 12.806 | Init Dist 1000 = 12.806 | Learner Steps = 28361 | Learner Walltime = 5601.231 | Min Dist = 0.104 | Min Dist 10 = 0.416 | Min Dist 100 = 0.668 | Min Dist 1000 = 0.481 | Steps Per Second = 89.717 | Success = 1.000 | Success 1000 = 0.948
I0502 16:39:38.211379 139557462840896 terminal.py:91] [Actor] Actor Episodes = 36503 | Actor Steps = 1825150 | Delta Dist = 4.454 | Delta Dist 10 = 3.220 | Delta Dist 100 = 3.964 | Delta Dist 1000 = 4.338 | Episode Length = 50 | Episode Return = 34.0 | Evaluator Episodes = 9250 | Evaluator Steps = 462500 | Final Dist = 1.203 | Final Dist 10 = 1.536 | Final Dist 100 = 1.874 | Final Dist 1000 = 1.546 | Init Dist = 5.657 | Init Dist 10 = 4.755 | Init Dist 100 = 5.837 | Init Dist 1000 = 5.884 | Learner Steps = 28361 | Learner Walltime = 5601.231 | Min Dist = 0.221 | Min Dist 10 = 0.089 | Min Dist 100 = 0.102 | Min Dist 1000 = 0.180 | Steps Per Second = 79.038 | Success = 1.000 | Success 1000 = 0.991
I0502 16:39:38.617588 139579566835264 terminal.py:91] [Evaluator] Actor Episodes = 36506 | Actor Steps = 1825300 | Delta Dist = 12.473 | Delta Dist 10 = 11.885 | Delta Dist 100 = 11.449 | Delta Dist 1000 = 11.654 | Episode Length = 50 | Episode Return = 14.0 | Evaluator Episodes = 9252 | Evaluator Steps = 462600 | Final Dist = 0.334 | Final Dist 10 = 0.921 | Final Dist 100 = 1.357 | Final Dist 1000 = 1.153 | Init Dist = 12.806 | Init Dist 10 = 12.806 | Init Dist 100 = 12.806 | Init Dist 1000 = 12.806 | Learner Steps = 28366 | Learner Walltime = 5602.285 | Min Dist = 0.130 | Min Dist 10 = 0.426 | Min Dist 100 = 0.669 | Min Dist 1000 = 0.480 | Steps Per Second = 85.520 | Success = 1.000 | Success 1000 = 0.948
I0502 16:39:39.713681 139555860620864 terminal.py:91] [Actor] Actor Episodes = 36515 | Actor Steps = 1825750 | Delta Dist = 8.029 | Delta Dist 10 = 3.753 | Delta Dist 100 = 3.736 | Delta Dist 1000 = 4.331 | Episode Length = 50 | Episode Return = 36.0 | Evaluator Episodes = 9252 | Evaluator Steps = 462600 | Final Dist = 1.026 | Final Dist 10 = 0.804 | Final Dist 100 = 1.829 | Final Dist 1000 = 1.546 | Init Dist = 9.055 | Init Dist 10 = 4.557 | Init Dist 100 = 5.564 | Init Dist 1000 = 5.877 | Learner Steps = 28366 | Learner Walltime = 5602.285 | Min Dist = 0.001 | Min Dist 10 = 0.103 | Min Dist 100 = 0.101 | Min Dist 1000 = 0.180 | Steps Per Second = 102.381 | Success = 1.000 | Success 1000 = 0.991
I0502 16:39:39.874178 139579566835264 terminal.py:91] [Evaluator] Actor Episodes = 36516 | Actor Steps = 1825800 | Delta Dist = 12.520 | Delta Dist 10 = 11.912 | Delta Dist 100 = 11.541 | Delta Dist 1000 = 11.656 | Episode Length = 50 | Episode Return = 21.0 | Evaluator Episodes = 9254 | Evaluator Steps = 462700 | Final Dist = 0.287 | Final Dist 10 = 0.894 | Final Dist 100 = 1.266 | Final Dist 1000 = 1.150 | Init Dist = 12.806 | Init Dist 10 = 12.806 | Init Dist 100 = 12.806 | Init Dist 1000 = 12.806 | Learner Steps = 28372 | Learner Walltime = 5603.477 | Min Dist = 0.093 | Min Dist 10 = 0.414 | Min Dist 100 = 0.587 | Min Dist 1000 = 0.480 | Steps Per Second = 81.386 | Success = 1.000 | Success 1000 = 0.948
I0502 16:39:41.178480 139579566835264 terminal.py:91] [Evaluator] Actor Episodes = 36524 | Actor Steps = 1826200 | Delta Dist = 4.121 | Delta Dist 10 = 11.900 | Delta Dist 100 = 11.558 | Delta Dist 1000 = 11.656 | Episode Length = 50 | Episode Return = 0.0 | Evaluator Episodes = 9256 | Evaluator Steps = 462800 | Final Dist = 8.685 | Final Dist 10 = 0.906 | Final Dist 100 = 1.248 | Final Dist 1000 = 1.150 | Init Dist = 12.806 | Init Dist 10 = 12.806 | Init Dist 100 = 12.806 | Init Dist 1000 = 12.806 | Learner Steps = 28379 | Learner Walltime = 5604.767 | Min Dist = 8.489 | Min Dist 10 = 0.398 | Min Dist 100 = 0.584 | Min Dist 1000 = 0.480 | Steps Per Second = 77.632 | Success = 0.000 | Success 1000 = 0.948
I0502 16:39:42.414204 139579566835264 terminal.py:91] [Evaluator] Actor Episodes = 36532 | Actor Steps = 1826600 | Delta Dist = 11.699 | Delta Dist 10 = 11.387 | Delta Dist 100 = 11.478 | Delta Dist 1000 = 11.648 | Episode Length = 50 | Episode Return = 19.0 | Evaluator Episodes = 9258 | Evaluator Steps = 462900 | Final Dist = 1.107 | Final Dist 10 = 1.420 | Final Dist 100 = 1.329 | Final Dist 1000 = 1.158 | Init Dist = 12.806 | Init Dist 10 = 12.806 | Init Dist 100 = 12.806 | Init Dist 1000 = 12.806 | Learner Steps = 28384 | Learner Walltime = 5605.950 | Min Dist = 0.114 | Min Dist 10 = 0.948 | Min Dist 100 = 0.669 | Min Dist 1000 = 0.488 | Steps Per Second = 79.279 | Success = 1.000 | Success 1000 = 0.947
I0502 16:39:43.562964 139558059398720 terminal.py:91] [Actor] Actor Episodes = 36540 | Actor Steps = 1827000 | Delta Dist = 0.040 | Delta Dist 10 = 4.895 | Delta Dist 100 = 4.061 | Delta Dist 1000 = 4.354 | Episode Length = 50 | Episode Return = 0.0 | Evaluator Episodes = 9258 | Evaluator Steps = 462900 | Final Dist = 1.374 | Final Dist 10 = 0.620 | Final Dist 100 = 1.607 | Final Dist 1000 = 1.532 | Init Dist = 1.414 | Init Dist 10 = 5.515 | Init Dist 100 = 5.668 | Init Dist 1000 = 5.886 | Learner Steps = 28390 | Learner Walltime = 5607.180 | Min Dist = 0.440 | Min Dist 10 = 0.130 | Min Dist 100 = 0.156 | Min Dist 1000 = 0.186 | Steps Per Second = 84.773 | Success = 1.000 | Success 1000 = 0.991
I0502 16:39:43.664163 139579566835264 terminal.py:91] [Evaluator] Actor Episodes = 36540 | Actor Steps = 1827000 | Delta Dist = 11.443 | Delta Dist 10 = 11.303 | Delta Dist 100 = 11.469 | Delta Dist 1000 = 11.648 | Episode Length = 50 | Episode Return = 22.0 | Evaluator Episodes = 9260 | Evaluator Steps = 463000 | Final Dist = 1.363 | Final Dist 10 = 1.504 | Final Dist 100 = 1.338 | Final Dist 1000 = 1.158 | Init Dist = 12.806 | Init Dist 10 = 12.806 | Init Dist 100 = 12.806 | Init Dist 1000 = 12.806 | Learner Steps = 28390 | Learner Walltime = 5607.180 | Min Dist = 0.168 | Min Dist 10 = 0.980 | Min Dist 100 = 0.672 | Min Dist 1000 = 0.488 | Steps Per Second = 79.423 | Success = 1.000 | Success 1000 = 0.947
I0502 16:39:44.081338 139555013154368 terminal.py:91] [Learner] Actor Episodes = 36542 | Actor Loss = 3.678752899169922 | Actor Steps = 1827100 | Binary Accuracy = 0.9959778785705566 | Categorical Accuracy = 0.4111328125 | Critic Loss = 1.8173176050186157 | Entropy Mean = -19.30350112915039 | Evaluator Episodes = 9260 | Evaluator Steps = 463000 | Learner Steps = 28397 | Learner Walltime = 5608.279 | Logits Neg = -17.180877685546875 | Logits Pos = -1.7964849472045898 | Logsumexp = 1.1263455152511597 | Steps Per Second = 190.042
I0502 16:39:44.772169 139579566835264 terminal.py:91] [Evaluator] Actor Episodes = 36548 | Actor Steps = 1827400 | Delta Dist = 11.705 | Delta Dist 10 = 11.276 | Delta Dist 100 = 11.458 | Delta Dist 1000 = 11.648 | Episode Length = 50 | Episode Return = 18.0 | Evaluator Episodes = 9262 | Evaluator Steps = 463100 | Final Dist = 1.101 | Final Dist 10 = 1.530 | Final Dist 100 = 1.348 | Final Dist 1000 = 1.158 | Init Dist = 12.806 | Init Dist 10 = 12.806 | Init Dist 100 = 12.806 | Init Dist 1000 = 12.806 | Learner Steps = 28397 | Learner Walltime = 5608.279 | Min Dist = 0.374 | Min Dist 10 = 0.997 | Min Dist 100 = 0.675 | Min Dist 1000 = 0.488 | Steps Per Second = 94.360 | Success = 1.000 | Success 1000 = 0.947
I0502 16:39:45.356826 139584504182336 lp_utils.py:96] StepsLimiter: Reached 1827700 recorded steps
I0502 16:39:45.930696 139569349502528 terminal.py:91] [Actor] Actor Episodes = 36555 | Actor Steps = 1827750 | Delta Dist = 7.681 | Delta Dist 10 = 3.284 | Delta Dist 100 = 3.942 | Delta Dist 1000 = 4.334 | Episode Length = 50 | Episode Return = 38.0 | Evaluator Episodes = 9262 | Evaluator Steps = 463100 | Final Dist = 0.129 | Final Dist 10 = 2.033 | Final Dist 100 = 1.603 | Final Dist 1000 = 1.544 | Init Dist = 7.810 | Init Dist 10 = 5.318 | Init Dist 100 = 5.545 | Init Dist 1000 = 5.878 | Learner Steps = 28403 | Learner Walltime = 5609.363 | Min Dist = 0.046 | Min Dist 10 = 1.628 | Min Dist 100 = 0.360 | Min Dist 1000 = 0.203 | Steps Per Second = 83.885 | Success = 1.000 | Success 1000 = 0.991
I0502 16:39:45.977877 139579566835264 terminal.py:91] [Evaluator] Actor Episodes = 36556 | Actor Steps = 1827800 | Delta Dist = 12.051 | Delta Dist 10 = 11.167 | Delta Dist 100 = 11.453 | Delta Dist 1000 = 11.648 | Episode Length = 50 | Episode Return = 25.0 | Evaluator Episodes = 9264 | Evaluator Steps = 463200 | Final Dist = 0.755 | Final Dist 10 = 1.640 | Final Dist 100 = 1.354 | Final Dist 1000 = 1.158 | Init Dist = 12.806 | Init Dist 10 = 12.806 | Init Dist 100 = 12.806 | Init Dist 1000 = 12.806 | Learner Steps = 28403 | Learner Walltime = 5609.363 | Min Dist = 0.200 | Min Dist 10 = 1.049 | Min Dist 100 = 0.681 | Min Dist 1000 = 0.487 | Steps Per Second = 79.560 | Success = 1.000 | Success 1000 = 0.947
I0502 16:39:47.032535 139579566835264 terminal.py:91] [Evaluator] Actor Episodes = 36562 | Actor Steps = 1828100 | Delta Dist = 11.795 | Delta Dist 10 = 11.062 | Delta Dist 100 = 11.460 | Delta Dist 1000 = 11.648 | Episode Length = 50 | Episode Return = 6.0 | Evaluator Episodes = 9266 | Evaluator Steps = 463300 | Final Dist = 1.011 | Final Dist 10 = 1.744 | Final Dist 100 = 1.346 | Final Dist 1000 = 1.158 | Init Dist = 12.806 | Init Dist 10 = 12.806 | Init Dist 100 = 12.806 | Init Dist 1000 = 12.806 | Learner Steps = 28408 | Learner Walltime = 5610.527 | Min Dist = 0.858 | Min Dist 10 = 1.063 | Min Dist 100 = 0.682 | Min Dist 1000 = 0.487 | Steps Per Second = 99.609 | Success = 1.000 | Success 1000 = 0.947
I0502 16:39:48.260292 139579566835264 terminal.py:91] [Evaluator] Actor Episodes = 36570 | Actor Steps = 1828500 | Delta Dist = 11.466 | Delta Dist 10 = 11.788 | Delta Dist 100 = 11.464 | Delta Dist 1000 = 11.647 | Episode Length = 50 | Episode Return = 13.0 | Evaluator Episodes = 9268 | Evaluator Steps = 463400 | Final Dist = 1.340 | Final Dist 10 = 1.019 | Final Dist 100 = 1.342 | Final Dist 1000 = 1.160 | Init Dist = 12.806 | Init Dist 10 = 12.806 | Init Dist 100 = 12.806 | Init Dist 1000 = 12.806 | Learner Steps = 28415 | Learner Walltime = 5611.724 | Min Dist = 0.180 | Min Dist 10 = 0.295 | Min Dist 100 = 0.689 | Min Dist 1000 = 0.487 | Steps Per Second = 80.990 | Success = 1.000 | Success 1000 = 0.947
I0502 16:39:48.646129 139557462840896 terminal.py:91] [Actor] Actor Episodes = 36574 | Actor Steps = 1828700 | Delta Dist = 7.659 | Delta Dist 10 = 3.301 | Delta Dist 100 = 3.870 | Delta Dist 1000 = 4.319 | Episode Length = 50 | Episode Return = 19.0 | Evaluator Episodes = 9268 | Evaluator Steps = 463400 | Final Dist = 1.397 | Final Dist 10 = 2.269 | Final Dist 100 = 1.614 | Final Dist 1000 = 1.577 | Init Dist = 9.055 | Init Dist 10 = 5.570 | Init Dist 100 = 5.483 | Init Dist 1000 = 5.896 | Learner Steps = 28415 | Learner Walltime = 5611.724 | Min Dist = 0.041 | Min Dist 10 = 0.224 | Min Dist 100 = 0.381 | Min Dist 1000 = 0.205 | Steps Per Second = 84.725 | Success = 1.000 | Success 1000 = 0.990
I0502 16:39:49.364584 139579566835264 terminal.py:91] [Evaluator] Actor Episodes = 36578 | Actor Steps = 1828900 | Delta Dist = 11.397 | Delta Dist 10 = 11.451 | Delta Dist 100 = 11.421 | Delta Dist 1000 = 11.643 | Episode Length = 50 | Episode Return = 17.0 | Evaluator Episodes = 9270 | Evaluator Steps = 463500 | Final Dist = 1.409 | Final Dist 10 = 1.355 | Final Dist 100 = 1.385 | Final Dist 1000 = 1.163 | Init Dist = 12.806 | Init Dist 10 = 12.806 | Init Dist 100 = 12.806 | Init Dist 1000 = 12.806 | Learner Steps = 28421 | Learner Walltime = 5612.969 | Min Dist = 0.165 | Min Dist 10 = 0.720 | Min Dist 100 = 0.731 | Min Dist 1000 = 0.491 | Steps Per Second = 101.242 | Success = 1.000 | Success 1000 = 0.946
I0502 16:39:49.973699 139555860620864 terminal.py:91] [Actor] Actor Episodes = 36584 | Actor Steps = 1829200 | Delta Dist = 8.778 | Delta Dist 10 = 4.059 | Delta Dist 100 = 3.895 | Delta Dist 1000 = 4.308 | Episode Length = 50 | Episode Return = 42.0 | Evaluator Episodes = 9270 | Evaluator Steps = 463500 | Final Dist = 0.222 | Final Dist 10 = 0.999 | Final Dist 100 = 1.608 | Final Dist 1000 = 1.565 | Init Dist = 9.000 | Init Dist 10 = 5.059 | Init Dist 100 = 5.503 | Init Dist 1000 = 5.874 | Learner Steps = 28427 | Learner Walltime = 5614.156 | Min Dist = 0.005 | Min Dist 10 = 0.091 | Min Dist 100 = 0.371 | Min Dist 1000 = 0.205 | Steps Per Second = 79.232 | Success = 1.000 | Success 1000 = 0.990
I0502 16:39:50.521883 139579566835264 terminal.py:91] [Evaluator] Actor Episodes = 36586 | Actor Steps = 1829300 | Delta Dist = 11.484 | Delta Dist 10 = 11.356 | Delta Dist 100 = 11.412 | Delta Dist 1000 = 11.642 | Episode Length = 50 | Episode Return = 10.0 | Evaluator Episodes = 9272 | Evaluator Steps = 463600 | Final Dist = 1.322 | Final Dist 10 = 1.450 | Final Dist 100 = 1.394 | Final Dist 1000 = 1.164 | Init Dist = 12.806 | Init Dist 10 = 12.806 | Init Dist 100 = 12.806 | Init Dist 1000 = 12.806 | Learner Steps = 28427 | Learner Walltime = 5614.156 | Min Dist = 0.744 | Min Dist 10 = 0.692 | Min Dist 100 = 0.723 | Min Dist 1000 = 0.491 | Steps Per Second = 88.632 | Success = 1.000 | Success 1000 = 0.946
I0502 16:39:51.721019 139579566835264 terminal.py:91] [Evaluator] Actor Episodes = 36594 | Actor Steps = 1829700 | Delta Dist = 12.539 | Delta Dist 10 = 11.334 | Delta Dist 100 = 11.412 | Delta Dist 1000 = 11.641 | Episode Length = 50 | Episode Return = 22.0 | Evaluator Episodes = 9274 | Evaluator Steps = 463700 | Final Dist = 0.268 | Final Dist 10 = 1.472 | Final Dist 100 = 1.394 | Final Dist 1000 = 1.165 | Init Dist = 12.806 | Init Dist 10 = 12.806 | Init Dist 100 = 12.806 | Init Dist 1000 = 12.806 | Learner Steps = 28434 | Learner Walltime = 5615.310 | Min Dist = 0.183 | Min Dist 10 = 0.731 | Min Dist 100 = 0.730 | Min Dist 1000 = 0.492 | Steps Per Second = 87.664 | Success = 1.000 | Success 1000 = 0.946
I0502 16:39:52.943556 139579566835264 terminal.py:91] [Evaluator] Actor Episodes = 36602 | Actor Steps = 1830100 | Delta Dist = 11.981 | Delta Dist 10 = 11.402 | Delta Dist 100 = 11.411 | Delta Dist 1000 = 11.642 | Episode Length = 50 | Episode Return = 33.0 | Evaluator Episodes = 9276 | Evaluator Steps = 463800 | Final Dist = 0.825 | Final Dist 10 = 1.404 | Final Dist 100 = 1.395 | Final Dist 1000 = 1.164 | Init Dist = 12.806 | Init Dist 10 = 12.806 | Init Dist 100 = 12.806 | Init Dist 1000 = 12.806 | Learner Steps = 28439 | Learner Walltime = 5616.330 | Min Dist = 0.089 | Min Dist 10 = 0.732 | Min Dist 100 = 0.732 | Min Dist 1000 = 0.492 | Steps Per Second = 82.864 | Success = 1.000 | Success 1000 = 0.946
I0502 16:39:53.742083 139558059398720 terminal.py:91] [Actor] Actor Episodes = 36605 | Actor Steps = 1830250 | Delta Dist = 3.291 | Delta Dist 10 = 4.463 | Delta Dist 100 = 4.079 | Delta Dist 1000 = 4.299 | Episode Length = 50 | Episode Return = 20.0 | Evaluator Episodes = 9276 | Evaluator Steps = 463800 | Final Dist = 0.315 | Final Dist 10 = 2.551 | Final Dist 100 = 1.589 | Final Dist 1000 = 1.581 | Init Dist = 3.606 | Init Dist 10 = 7.014 | Init Dist 100 = 5.668 | Init Dist 1000 = 5.880 | Learner Steps = 28439 | Learner Walltime = 5616.330 | Min Dist = 0.002 | Min Dist 10 = 0.100 | Min Dist 100 = 0.352 | Min Dist 1000 = 0.206 | Steps Per Second = 85.862 | Success = 1.000 | Success 1000 = 0.990
I0502 16:39:54.048845 139579566835264 terminal.py:91] [Evaluator] Actor Episodes = 36610 | Actor Steps = 1830500 | Delta Dist = 12.455 | Delta Dist 10 = 11.429 | Delta Dist 100 = 11.419 | Delta Dist 1000 = 11.642 | Episode Length = 50 | Episode Return = 28.0 | Evaluator Episodes = 9278 | Evaluator Steps = 463900 | Final Dist = 0.351 | Final Dist 10 = 1.377 | Final Dist 100 = 1.387 | Final Dist 1000 = 1.165 | Init Dist = 12.806 | Init Dist 10 = 12.806 | Init Dist 100 = 12.806 | Init Dist 1000 = 12.806 | Learner Steps = 28444 | Learner Walltime = 5617.464 | Min Dist = 0.329 | Min Dist 10 = 0.678 | Min Dist 100 = 0.734 | Min Dist 1000 = 0.492 | Steps Per Second = 92.987 | Success = 1.000 | Success 1000 = 0.946
I0502 16:39:54.157291 139555013154368 terminal.py:91] [Learner] Actor Episodes = 36604 | Actor Loss = 3.600745677947998 | Actor Steps = 1830200 | Binary Accuracy = 0.9960343837738037 | Categorical Accuracy = 0.42437744140625 | Critic Loss = 1.8051557540893555 | Entropy Mean = -22.02280616760254 | Evaluator Episodes = 9276 | Evaluator Steps = 463800 | Learner Steps = 28450 | Learner Walltime = 5618.358 | Logits Neg = -17.01517677307129 | Logits Pos = -1.782920479774475 | Logsumexp = 1.0668206214904785 | Steps Per Second = 803.620
I0502 16:39:55.242879 139579566835264 terminal.py:91] [Evaluator] Actor Episodes = 36618 | Actor Steps = 1830900 | Delta Dist = 10.660 | Delta Dist 10 = 11.844 | Delta Dist 100 = 11.430 | Delta Dist 1000 = 11.642 | Episode Length = 50 | Episode Return = 0.0 | Evaluator Episodes = 9280 | Evaluator Steps = 464000 | Final Dist = 2.146 | Final Dist 10 = 0.962 | Final Dist 100 = 1.376 | Final Dist 1000 = 1.164 | Init Dist = 12.806 | Init Dist 10 = 12.806 | Init Dist 100 = 12.806 | Init Dist 1000 = 12.806 | Learner Steps = 28451 | Learner Walltime = 5618.619 | Min Dist = 1.478 | Min Dist 10 = 0.280 | Min Dist 100 = 0.730 | Min Dist 1000 = 0.493 | Steps Per Second = 77.101 | Success = 0.000 | Success 1000 = 0.946
I0502 16:39:55.381690 139584504182336 lp_utils.py:96] StepsLimiter: Reached 1830900 recorded steps
I0502 16:39:56.250092 139569349502528 terminal.py:91] [Actor] Actor Episodes = 36626 | Actor Steps = 1831300 | Delta Dist = 2.150 | Delta Dist 10 = 5.163 | Delta Dist 100 = 3.991 | Delta Dist 1000 = 4.284 | Episode Length = 50 | Episode Return = 26.0 | Evaluator Episodes = 9280 | Evaluator Steps = 464000 | Final Dist = 0.086 | Final Dist 10 = 0.852 | Final Dist 100 = 1.681 | Final Dist 1000 = 1.573 | Init Dist = 2.236 | Init Dist 10 = 6.015 | Init Dist 100 = 5.672 | Init Dist 1000 = 5.857 | Learner Steps = 28458 | Learner Walltime = 5619.905 | Min Dist = 0.086 | Min Dist 10 = 0.057 | Min Dist 100 = 0.345 | Min Dist 1000 = 0.202 | Steps Per Second = 75.714 | Success = 1.000 | Success 1000 = 0.990
I0502 16:39:56.346648 139579566835264 terminal.py:91] [Evaluator] Actor Episodes = 36626 | Actor Steps = 1831300 | Delta Dist = 12.628 | Delta Dist 10 = 11.813 | Delta Dist 100 = 11.423 | Delta Dist 1000 = 11.642 | Episode Length = 50 | Episode Return = 25.0 | Evaluator Episodes = 9282 | Evaluator Steps = 464100 | Final Dist = 0.178 | Final Dist 10 = 0.993 | Final Dist 100 = 1.383 | Final Dist 1000 = 1.165 | Init Dist = 12.806 | Init Dist 10 = 12.806 | Init Dist 100 = 12.806 | Init Dist 1000 = 12.806 | Learner Steps = 28458 | Learner Walltime = 5619.905 | Min Dist = 0.146 | Min Dist 10 = 0.429 | Min Dist 100 = 0.745 | Min Dist 1000 = 0.494 | Steps Per Second = 90.483 | Success = 1.000 | Success 1000 = 0.945
I0502 16:39:57.519192 139579566835264 terminal.py:91] [Evaluator] Actor Episodes = 36634 | Actor Steps = 1831700 | Delta Dist = 12.213 | Delta Dist 10 = 11.932 | Delta Dist 100 = 11.433 | Delta Dist 1000 = 11.643 | Episode Length = 50 | Episode Return = 24.0 | Evaluator Episodes = 9284 | Evaluator Steps = 464200 | Final Dist = 0.594 | Final Dist 10 = 0.874 | Final Dist 100 = 1.374 | Final Dist 1000 = 1.164 | Init Dist = 12.806 | Init Dist 10 = 12.806 | Init Dist 100 = 12.806 | Init Dist 1000 = 12.806 | Learner Steps = 28464 | Learner Walltime = 5621.115 | Min Dist = 0.204 | Min Dist 10 = 0.387 | Min Dist 100 = 0.749 | Min Dist 1000 = 0.494 | Steps Per Second = 83.952 | Success = 1.000 | Success 1000 = 0.945
I0502 16:39:58.758559 139579566835264 terminal.py:91] [Evaluator] Actor Episodes = 36642 | Actor Steps = 1832100 | Delta Dist = 12.257 | Delta Dist 10 = 11.942 | Delta Dist 100 = 11.441 | Delta Dist 1000 = 11.652 | Episode Length = 50 | Episode Return = 26.0 | Evaluator Episodes = 9286 | Evaluator Steps = 464300 | Final Dist = 0.549 | Final Dist 10 = 0.865 | Final Dist 100 = 1.365 | Final Dist 1000 = 1.154 | Init Dist = 12.806 | Init Dist 10 = 12.806 | Init Dist 100 = 12.806 | Init Dist 1000 = 12.806 | Learner Steps = 28470 | Learner Walltime = 5622.467 | Min Dist = 0.258 | Min Dist 10 = 0.380 | Min Dist 100 = 0.749 | Min Dist 1000 = 0.486 | Steps Per Second = 74.476 | Success = 1.000 | Success 1000 = 0.946
I0502 16:39:58.938976 139557462840896 terminal.py:91] [Actor] Actor Episodes = 36639 | Actor Steps = 1831950 | Delta Dist = 7.552 | Delta Dist 10 = 5.598 | Delta Dist 100 = 3.913 | Delta Dist 1000 = 4.283 | Episode Length = 50 | Episode Return = 31.0 | Evaluator Episodes = 9284 | Evaluator Steps = 464200 | Final Dist = 0.064 | Final Dist 10 = 1.721 | Final Dist 100 = 1.784 | Final Dist 1000 = 1.576 | Init Dist = 7.616 | Init Dist 10 = 7.319 | Init Dist 100 = 5.697 | Init Dist 1000 = 5.858 | Learner Steps = 28464 | Learner Walltime = 5621.115 | Min Dist = 0.005 | Min Dist 10 = 0.041 | Min Dist 100 = 0.285 | Min Dist 1000 = 0.198 | Steps Per Second = 64.943 | Success = 1.000 | Success 1000 = 0.991
I0502 16:40:00.090536 139579566835264 terminal.py:91] [Evaluator] Actor Episodes = 36650 | Actor Steps = 1832500 | Delta Dist = 12.484 | Delta Dist 10 = 11.926 | Delta Dist 100 = 11.440 | Delta Dist 1000 = 11.651 | Episode Length = 50 | Episode Return = 21.0 | Evaluator Episodes = 9288 | Evaluator Steps = 464400 | Final Dist = 0.323 | Final Dist 10 = 0.880 | Final Dist 100 = 1.366 | Final Dist 1000 = 1.155 | Init Dist = 12.806 | Init Dist 10 = 12.806 | Init Dist 100 = 12.806 | Init Dist 1000 = 12.806 | Learner Steps = 28476 | Learner Walltime = 5623.726 | Min Dist = 0.055 | Min Dist 10 = 0.381 | Min Dist 100 = 0.745 | Min Dist 1000 = 0.486 | Steps Per Second = 78.688 | Success = 1.000 | Success 1000 = 0.946
I0502 16:40:00.231056 139555860620864 terminal.py:91] [Actor] Actor Episodes = 36647 | Actor Steps = 1832350 | Delta Dist = 3.958 | Delta Dist 10 = 6.335 | Delta Dist 100 = 4.169 | Delta Dist 1000 = 4.306 | Episode Length = 50 | Episode Return = 32.0 | Evaluator Episodes = 9286 | Evaluator Steps = 464300 | Final Dist = 0.285 | Final Dist 10 = 0.882 | Final Dist 100 = 1.598 | Final Dist 1000 = 1.569 | Init Dist = 4.243 | Init Dist 10 = 7.217 | Init Dist 100 = 5.767 | Init Dist 1000 = 5.875 | Learner Steps = 28476 | Learner Walltime = 5623.726 | Min Dist = 0.285 | Min Dist 10 = 0.033 | Min Dist 100 = 0.113 | Min Dist 1000 = 0.196 | Steps Per Second = 79.755 | Success = 1.000 | Success 1000 = 0.991
I0502 16:40:01.501776 139579566835264 terminal.py:91] [Evaluator] Actor Episodes = 36658 | Actor Steps = 1832900 | Delta Dist = 11.451 | Delta Dist 10 = 11.988 | Delta Dist 100 = 11.449 | Delta Dist 1000 = 11.653 | Episode Length = 50 | Episode Return = 23.0 | Evaluator Episodes = 9290 | Evaluator Steps = 464500 | Final Dist = 1.356 | Final Dist 10 = 0.818 | Final Dist 100 = 1.357 | Final Dist 1000 = 1.153 | Init Dist = 12.806 | Init Dist 10 = 12.806 | Init Dist 100 = 12.806 | Init Dist 1000 = 12.806 | Learner Steps = 28483 | Learner Walltime = 5625.160 | Min Dist = 0.086 | Min Dist 10 = 0.323 | Min Dist 100 = 0.734 | Min Dist 1000 = 0.486 | Steps Per Second = 68.377 | Success = 1.000 | Success 1000 = 0.946
I0502 16:40:02.823943 139579566835264 terminal.py:91] [Evaluator] Actor Episodes = 36666 | Actor Steps = 1833300 | Delta Dist = 12.175 | Delta Dist 10 = 12.074 | Delta Dist 100 = 11.443 | Delta Dist 1000 = 11.652 | Episode Length = 50 | Episode Return = 20.0 | Evaluator Episodes = 9292 | Evaluator Steps = 464600 | Final Dist = 0.632 | Final Dist 10 = 0.733 | Final Dist 100 = 1.363 | Final Dist 1000 = 1.154 | Init Dist = 12.806 | Init Dist 10 = 12.806 | Init Dist 100 = 12.806 | Init Dist 1000 = 12.806 | Learner Steps = 28490 | Learner Walltime = 5626.543 | Min Dist = 0.044 | Min Dist 10 = 0.204 | Min Dist 100 = 0.736 | Min Dist 1000 = 0.486 | Steps Per Second = 80.240 | Success = 1.000 | Success 1000 = 0.946
I0502 16:40:03.908892 139579566835264 terminal.py:91] [Evaluator] Actor Episodes = 36674 | Actor Steps = 1833700 | Delta Dist = 11.845 | Delta Dist 10 = 12.040 | Delta Dist 100 = 11.458 | Delta Dist 1000 = 11.652 | Episode Length = 50 | Episode Return = 22.0 | Evaluator Episodes = 9294 | Evaluator Steps = 464700 | Final Dist = 0.962 | Final Dist 10 = 0.767 | Final Dist 100 = 1.348 | Final Dist 1000 = 1.154 | Init Dist = 12.806 | Init Dist 10 = 12.806 | Init Dist 100 = 12.806 | Init Dist 1000 = 12.806 | Learner Steps = 28496 | Learner Walltime = 5627.555 | Min Dist = 0.055 | Min Dist 10 = 0.138 | Min Dist 100 = 0.729 | Min Dist 1000 = 0.486 | Steps Per Second = 95.117 | Success = 1.000 | Success 1000 = 0.946
I0502 16:40:04.325087 139558059398720 terminal.py:91] [Actor] Actor Episodes = 36676 | Actor Steps = 1833800 | Delta Dist = 4.596 | Delta Dist 10 = 4.380 | Delta Dist 100 = 4.354 | Delta Dist 1000 = 4.318 | Episode Length = 50 | Episode Return = 22.0 | Evaluator Episodes = 9294 | Evaluator Steps = 464700 | Final Dist = 1.235 | Final Dist 10 = 0.988 | Final Dist 100 = 1.407 | Final Dist 1000 = 1.549 | Init Dist = 5.831 | Init Dist 10 = 5.368 | Init Dist 100 = 5.761 | Init Dist 1000 = 5.867 | Learner Steps = 28496 | Learner Walltime = 5627.555 | Min Dist = 0.029 | Min Dist 10 = 0.024 | Min Dist 100 = 0.059 | Min Dist 1000 = 0.185 | Steps Per Second = 82.778 | Success = 1.000 | Success 1000 = 0.992
I0502 16:40:04.416570 139555013154368 terminal.py:91] [Learner] Actor Episodes = 36676 | Actor Loss = 3.749638557434082 | Actor Steps = 1833800 | Binary Accuracy = 0.9960498809814453 | Categorical Accuracy = 0.41094970703125 | Critic Loss = 1.8186814785003662 | Entropy Mean = -20.58827781677246 | Evaluator Episodes = 9294 | Evaluator Steps = 464700 | Learner Steps = 28501 | Learner Walltime = 5628.611 | Logits Neg = -17.28861427307129 | Logits Pos = -1.804540991783142 | Logsumexp = 1.1856980323791504 | Steps Per Second = 188.055
I0502 16:40:05.060277 139579566835264 terminal.py:91] [Evaluator] Actor Episodes = 36680 | Actor Steps = 1834000 | Delta Dist = 11.817 | Delta Dist 10 = 12.041 | Delta Dist 100 = 11.454 | Delta Dist 1000 = 11.652 | Episode Length = 50 | Episode Return = 20.0 | Evaluator Episodes = 9296 | Evaluator Steps = 464800 | Final Dist = 0.989 | Final Dist 10 = 0.765 | Final Dist 100 = 1.352 | Final Dist 1000 = 1.154 | Init Dist = 12.806 | Init Dist 10 = 12.806 | Init Dist 100 = 12.806 | Init Dist 1000 = 12.806 | Learner Steps = 28501 | Learner Walltime = 5628.611 | Min Dist = 0.147 | Min Dist 10 = 0.132 | Min Dist 100 = 0.729 | Min Dist 1000 = 0.486 | Steps Per Second = 83.772 | Success = 1.000 | Success 1000 = 0.946
I0502 16:40:05.402323 139584504182336 lp_utils.py:96] StepsLimiter: Reached 1834100 recorded steps
I0502 16:40:06.305819 139579566835264 terminal.py:91] [Evaluator] Actor Episodes = 36688 | Actor Steps = 1834400 | Delta Dist = 12.573 | Delta Dist 10 = 12.052 | Delta Dist 100 = 11.445 | Delta Dist 1000 = 11.653 | Episode Length = 50 | Episode Return = 25.0 | Evaluator Episodes = 9298 | Evaluator Steps = 464900 | Final Dist = 0.233 | Final Dist 10 = 0.755 | Final Dist 100 = 1.361 | Final Dist 1000 = 1.153 | Init Dist = 12.806 | Init Dist 10 = 12.806 | Init Dist 100 = 12.806 | Init Dist 1000 = 12.806 | Learner Steps = 28506 | Learner Walltime = 5629.627 | Min Dist = 0.116 | Min Dist 10 = 0.125 | Min Dist 100 = 0.728 | Min Dist 1000 = 0.486 | Steps Per Second = 81.085 | Success = 1.000 | Success 1000 = 0.946
I0502 16:40:06.410277 139569349502528 terminal.py:91] [Actor] Actor Episodes = 36690 | Actor Steps = 1834500 | Delta Dist = 5.347 | Delta Dist 10 = 5.659 | Delta Dist 100 = 4.643 | Delta Dist 1000 = 4.325 | Episode Length = 50 | Episode Return = 40.0 | Evaluator Episodes = 9298 | Evaluator Steps = 464900 | Final Dist = 0.735 | Final Dist 10 = 0.670 | Final Dist 100 = 1.299 | Final Dist 1000 = 1.538 | Init Dist = 6.083 | Init Dist 10 = 6.330 | Init Dist 100 = 5.942 | Init Dist 1000 = 5.863 | Learner Steps = 28506 | Learner Walltime = 5629.627 | Min Dist = 0.161 | Min Dist 10 = 0.077 | Min Dist 100 = 0.062 | Min Dist 1000 = 0.184 | Steps Per Second = 85.333 | Success = 1.000 | Success 1000 = 0.992
I0502 16:40:07.604543 139579566835264 terminal.py:91] [Evaluator] Actor Episodes = 36696 | Actor Steps = 1834800 | Delta Dist = 11.981 | Delta Dist 10 = 12.059 | Delta Dist 100 = 11.442 | Delta Dist 1000 = 11.654 | Episode Length = 50 | Episode Return = 25.0 | Evaluator Episodes = 9300 | Evaluator Steps = 465000 | Final Dist = 0.825 | Final Dist 10 = 0.748 | Final Dist 100 = 1.364 | Final Dist 1000 = 1.152 | Init Dist = 12.806 | Init Dist 10 = 12.806 | Init Dist 100 = 12.806 | Init Dist 1000 = 12.806 | Learner Steps = 28512 | Learner Walltime = 5630.717 | Min Dist = 0.043 | Min Dist 10 = 0.131 | Min Dist 100 = 0.725 | Min Dist 1000 = 0.485 | Steps Per Second = 74.615 | Success = 1.000 | Success 1000 = 0.946
I0502 16:40:08.900374 139579566835264 terminal.py:91] [Evaluator] Actor Episodes = 36704 | Actor Steps = 1835200 | Delta Dist = 12.252 | Delta Dist 10 = 12.094 | Delta Dist 100 = 11.432 | Delta Dist 1000 = 11.653 | Episode Length = 50 | Episode Return = 22.0 | Evaluator Episodes = 9302 | Evaluator Steps = 465100 | Final Dist = 0.554 | Final Dist 10 = 0.712 | Final Dist 100 = 1.374 | Final Dist 1000 = 1.153 | Init Dist = 12.806 | Init Dist 10 = 12.806 | Init Dist 100 = 12.806 | Init Dist 1000 = 12.806 | Learner Steps = 28522 | Learner Walltime = 5632.934 | Min Dist = 0.068 | Min Dist 10 = 0.095 | Min Dist 100 = 0.724 | Min Dist 1000 = 0.485 | Steps Per Second = 78.787 | Success = 1.000 | Success 1000 = 0.946
I0502 16:40:09.027976 139557462840896 terminal.py:91] [Actor] Actor Episodes = 36703 | Actor Steps = 1835150 | Delta Dist = 3.167 | Delta Dist 10 = 3.719 | Delta Dist 100 = 4.603 | Delta Dist 1000 = 4.313 | Episode Length = 50 | Episode Return = 0.0 | Evaluator Episodes = 9300 | Evaluator Steps = 465000 | Final Dist = 3.541 | Final Dist 10 = 1.987 | Final Dist 100 = 1.382 | Final Dist 1000 = 1.549 | Init Dist = 6.708 | Init Dist 10 = 5.706 | Init Dist 100 = 5.985 | Init Dist 1000 = 5.861 | Learner Steps = 28516 | Learner Walltime = 5631.861 | Min Dist = 0.211 | Min Dist 10 = 0.102 | Min Dist 100 = 0.060 | Min Dist 1000 = 0.184 | Steps Per Second = 72.537 | Success = 1.000 | Success 1000 = 0.992
I0502 16:40:10.064601 139579566835264 terminal.py:91] [Evaluator] Actor Episodes = 36712 | Actor Steps = 1835600 | Delta Dist = 11.761 | Delta Dist 10 = 12.045 | Delta Dist 100 = 11.435 | Delta Dist 1000 = 11.654 | Episode Length = 50 | Episode Return = 15.0 | Evaluator Episodes = 9304 | Evaluator Steps = 465200 | Final Dist = 1.045 | Final Dist 10 = 0.761 | Final Dist 100 = 1.371 | Final Dist 1000 = 1.153 | Init Dist = 12.806 | Init Dist 10 = 12.806 | Init Dist 100 = 12.806 | Init Dist 1000 = 12.806 | Learner Steps = 28528 | Learner Walltime = 5634.173 | Min Dist = 0.179 | Min Dist 10 = 0.103 | Min Dist 100 = 0.723 | Min Dist 1000 = 0.485 | Steps Per Second = 95.705 | Success = 1.000 | Success 1000 = 0.946
I0502 16:40:10.454942 139555860620864 terminal.py:91] [Actor] Actor Episodes = 36713 | Actor Steps = 1835650 | Delta Dist = 6.128 | Delta Dist 10 = 4.366 | Delta Dist 100 = 4.634 | Delta Dist 1000 = 4.332 | Episode Length = 50 | Episode Return = 45.0 | Evaluator Episodes = 9302 | Evaluator Steps = 465100 | Final Dist = 0.197 | Final Dist 10 = 0.891 | Final Dist 100 = 1.330 | Final Dist 1000 = 1.521 | Init Dist = 6.325 | Init Dist 10 = 5.257 | Init Dist 100 = 5.964 | Init Dist 1000 = 5.854 | Learner Steps = 28522 | Learner Walltime = 5632.934 | Min Dist = 0.007 | Min Dist 10 = 0.087 | Min Dist 100 = 0.065 | Min Dist 1000 = 0.183 | Steps Per Second = 83.320 | Success = 1.000 | Success 1000 = 0.992
I0502 16:40:11.216996 139579566835264 terminal.py:91] [Evaluator] Actor Episodes = 36720 | Actor Steps = 1836000 | Delta Dist = 11.975 | Delta Dist 10 = 12.034 | Delta Dist 100 = 11.520 | Delta Dist 1000 = 11.654 | Episode Length = 50 | Episode Return = 15.0 | Evaluator Episodes = 9306 | Evaluator Steps = 465300 | Final Dist = 0.831 | Final Dist 10 = 0.772 | Final Dist 100 = 1.286 | Final Dist 1000 = 1.153 | Init Dist = 12.806 | Init Dist 10 = 12.806 | Init Dist 100 = 12.806 | Init Dist 1000 = 12.806 | Learner Steps = 28534 | Learner Walltime = 5635.394 | Min Dist = 0.200 | Min Dist 10 = 0.104 | Min Dist 100 = 0.642 | Min Dist 1000 = 0.485 | Steps Per Second = 86.663 | Success = 1.000 | Success 1000 = 0.946
I0502 16:40:12.291279 139579566835264 terminal.py:91] [Evaluator] Actor Episodes = 36728 | Actor Steps = 1836400 | Delta Dist = 11.469 | Delta Dist 10 = 12.027 | Delta Dist 100 = 11.522 | Delta Dist 1000 = 11.654 | Episode Length = 50 | Episode Return = 5.0 | Evaluator Episodes = 9308 | Evaluator Steps = 465400 | Final Dist = 1.338 | Final Dist 10 = 0.779 | Final Dist 100 = 1.284 | Final Dist 1000 = 1.152 | Init Dist = 12.806 | Init Dist 10 = 12.806 | Init Dist 100 = 12.806 | Init Dist 1000 = 12.806 | Learner Steps = 28534 | Learner Walltime = 5635.394 | Min Dist = 0.011 | Min Dist 10 = 0.116 | Min Dist 100 = 0.644 | Min Dist 1000 = 0.485 | Steps Per Second = 97.072 | Success = 1.000 | Success 1000 = 0.946
I0502 16:40:12.907467 139584635659840 savers.py:156] Saving checkpoint: logs/contrastive_cpc_point_FourRooms_64/5dd72662-2788-11f0-b183-d85ed38c5779/checkpoints/counter
I0502 16:40:13.553755 139579566835264 terminal.py:91] [Evaluator] Actor Episodes = 36734 | Actor Steps = 1836700 | Delta Dist = 9.379 | Delta Dist 10 = 11.926 | Delta Dist 100 = 11.517 | Delta Dist 1000 = 11.654 | Episode Length = 50 | Episode Return = 0.0 | Evaluator Episodes = 9310 | Evaluator Steps = 465500 | Final Dist = 3.427 | Final Dist 10 = 0.880 | Final Dist 100 = 1.289 | Final Dist 1000 = 1.152 | Init Dist = 12.806 | Init Dist 10 = 12.806 | Init Dist 100 = 12.806 | Init Dist 1000 = 12.806 | Learner Steps = 28540 | Learner Walltime = 5636.633 | Min Dist = 3.427 | Min Dist 10 = 0.142 | Min Dist 100 = 0.645 | Min Dist 1000 = 0.485 | Steps Per Second = 75.638 | Success = 0.000 | Success 1000 = 0.946
I0502 16:40:14.442030 139555013154368 terminal.py:91] [Learner] Actor Episodes = 36738 | Actor Loss = 3.7392611503601074 | Actor Steps = 1836900 | Binary Accuracy = 0.9960181713104248 | Categorical Accuracy = 0.41949462890625 | Critic Loss = 1.8010337352752686 | Entropy Mean = -19.167869567871094 | Evaluator Episodes = 9310 | Evaluator Steps = 465500 | Learner Steps = 28551 | Learner Walltime = 5638.638 | Logits Neg = -17.02264404296875 | Logits Pos = -1.785945177078247 | Logsumexp = 1.153305172920227 | Steps Per Second = 185.894
I0502 16:40:14.821710 139579566835264 terminal.py:91] [Evaluator] Actor Episodes = 36742 | Actor Steps = 1837100 | Delta Dist = 6.203 | Delta Dist 10 = 11.666 | Delta Dist 100 = 11.576 | Delta Dist 1000 = 11.659 | Episode Length = 50 | Episode Return = 0.0 | Evaluator Episodes = 9312 | Evaluator Steps = 465600 | Final Dist = 6.603 | Final Dist 10 = 1.140 | Final Dist 100 = 1.230 | Final Dist 1000 = 1.147 | Init Dist = 12.806 | Init Dist 10 = 12.806 | Init Dist 100 = 12.806 | Init Dist 1000 = 12.806 | Learner Steps = 28547 | Learner Walltime = 5637.996 | Min Dist = 5.229 | Min Dist 10 = 0.475 | Min Dist 100 = 0.594 | Min Dist 1000 = 0.480 | Steps Per Second = 77.783 | Success = 0.000 | Success 1000 = 0.946
I0502 16:40:14.973481 139558059398720 terminal.py:91] [Actor] Actor Episodes = 36741 | Actor Steps = 1837050 | Delta Dist = 1.394 | Delta Dist 10 = 5.466 | Delta Dist 100 = 4.629 | Delta Dist 1000 = 4.331 | Episode Length = 50 | Episode Return = 35.0 | Evaluator Episodes = 9310 | Evaluator Steps = 465500 | Final Dist = 0.842 | Final Dist 10 = 2.087 | Final Dist 100 = 1.566 | Final Dist 1000 = 1.556 | Init Dist = 2.236 | Init Dist 10 = 7.553 | Init Dist 100 = 6.195 | Init Dist 1000 = 5.886 | Learner Steps = 28547 | Learner Walltime = 5637.996 | Min Dist = 0.039 | Min Dist 10 = 0.178 | Min Dist 100 = 0.078 | Min Dist 1000 = 0.182 | Steps Per Second = 76.467 | Success = 1.000 | Success 1000 = 0.992
I0502 16:40:15.420886 139584504182336 lp_utils.py:96] StepsLimiter: Reached 1837300 recorded steps
I0502 16:40:16.047546 139579566835264 terminal.py:91] [Evaluator] Actor Episodes = 36752 | Actor Steps = 1837600 | Delta Dist = 11.680 | Delta Dist 10 = 11.069 | Delta Dist 100 = 11.522 | Delta Dist 1000 = 11.653 | Episode Length = 50 | Episode Return = 9.0 | Evaluator Episodes = 9314 | Evaluator Steps = 465700 | Final Dist = 1.126 | Final Dist 10 = 1.737 | Final Dist 100 = 1.285 | Final Dist 1000 = 1.153 | Init Dist = 12.806 | Init Dist 10 = 12.806 | Init Dist 100 = 12.806 | Init Dist 1000 = 12.806 | Learner Steps = 28558 | Learner Walltime = 5640.223 | Min Dist = 0.139 | Min Dist 10 = 1.045 | Min Dist 100 = 0.650 | Min Dist 1000 = 0.485 | Steps Per Second = 74.781 | Success = 1.000 | Success 1000 = 0.945
I0502 16:40:17.024751 139569349502528 terminal.py:91] [Actor] Actor Episodes = 36755 | Actor Steps = 1837750 | Delta Dist = 2.744 | Delta Dist 10 = 4.159 | Delta Dist 100 = 4.378 | Delta Dist 1000 = 4.326 | Episode Length = 50 | Episode Return = 50.0 | Evaluator Episodes = 9314 | Evaluator Steps = 465700 | Final Dist = 0.084 | Final Dist 10 = 1.172 | Final Dist 100 = 1.639 | Final Dist 1000 = 1.538 | Init Dist = 2.828 | Init Dist 10 = 5.331 | Init Dist 100 = 6.018 | Init Dist 1000 = 5.864 | Learner Steps = 28558 | Learner Walltime = 5640.223 | Min Dist = 0.045 | Min Dist 10 = 0.097 | Min Dist 100 = 0.080 | Min Dist 1000 = 0.182 | Steps Per Second = 74.749 | Success = 1.000 | Success 1000 = 0.992
I0502 16:40:17.336832 139579566835264 terminal.py:91] [Evaluator] Actor Episodes = 36760 | Actor Steps = 1838000 | Delta Dist = 12.526 | Delta Dist 10 = 11.020 | Delta Dist 100 = 11.601 | Delta Dist 1000 = 11.652 | Episode Length = 50 | Episode Return = 25.0 | Evaluator Episodes = 9316 | Evaluator Steps = 465800 | Final Dist = 0.280 | Final Dist 10 = 1.786 | Final Dist 100 = 1.206 | Final Dist 1000 = 1.154 | Init Dist = 12.806 | Init Dist 10 = 12.806 | Init Dist 100 = 12.806 | Init Dist 1000 = 12.806 | Learner Steps = 28565 | Learner Walltime = 5641.481 | Min Dist = 0.094 | Min Dist 10 = 1.053 | Min Dist 100 = 0.572 | Min Dist 1000 = 0.485 | Steps Per Second = 75.468 | Success = 1.000 | Success 1000 = 0.945
I0502 16:40:18.523364 139579566835264 terminal.py:91] [Evaluator] Actor Episodes = 36768 | Actor Steps = 1838400 | Delta Dist = 12.273 | Delta Dist 10 = 11.102 | Delta Dist 100 = 11.603 | Delta Dist 1000 = 11.652 | Episode Length = 50 | Episode Return = 21.0 | Evaluator Episodes = 9318 | Evaluator Steps = 465900 | Final Dist = 0.533 | Final Dist 10 = 1.704 | Final Dist 100 = 1.203 | Final Dist 1000 = 1.154 | Init Dist = 12.806 | Init Dist 10 = 12.806 | Init Dist 100 = 12.806 | Init Dist 1000 = 12.806 | Learner Steps = 28572 | Learner Walltime = 5642.605 | Min Dist = 0.144 | Min Dist 10 = 1.045 | Min Dist 100 = 0.573 | Min Dist 1000 = 0.485 | Steps Per Second = 83.869 | Success = 1.000 | Success 1000 = 0.945
I0502 16:40:19.294142 139557462840896 terminal.py:91] [Actor] Actor Episodes = 36774 | Actor Steps = 1838700 | Delta Dist = 8.920 | Delta Dist 10 = 5.510 | Delta Dist 100 = 4.498 | Delta Dist 1000 = 4.343 | Episode Length = 50 | Episode Return = 27.0 | Evaluator Episodes = 9318 | Evaluator Steps = 465900 | Final Dist = 0.024 | Final Dist 10 = 1.587 | Final Dist 100 = 1.599 | Final Dist 1000 = 1.531 | Init Dist = 8.944 | Init Dist 10 = 7.097 | Init Dist 100 = 6.097 | Init Dist 1000 = 5.874 | Learner Steps = 28572 | Learner Walltime = 5642.605 | Min Dist = 0.003 | Min Dist 10 = 0.104 | Min Dist 100 = 0.086 | Min Dist 1000 = 0.182 | Steps Per Second = 85.980 | Success = 1.000 | Success 1000 = 0.992
I0502 16:40:19.691250 139579566835264 terminal.py:91] [Evaluator] Actor Episodes = 36776 | Actor Steps = 1838800 | Delta Dist = 11.799 | Delta Dist 10 = 11.215 | Delta Dist 100 = 11.628 | Delta Dist 1000 = 11.653 | Episode Length = 50 | Episode Return = 23.0 | Evaluator Episodes = 9320 | Evaluator Steps = 466000 | Final Dist = 1.007 | Final Dist 10 = 1.591 | Final Dist 100 = 1.178 | Final Dist 1000 = 1.153 | Init Dist = 12.806 | Init Dist 10 = 12.806 | Init Dist 100 = 12.806 | Init Dist 1000 = 12.806 | Learner Steps = 28577 | Learner Walltime = 5643.752 | Min Dist = 0.540 | Min Dist 10 = 1.026 | Min Dist 100 = 0.571 | Min Dist 1000 = 0.484 | Steps Per Second = 89.153 | Success = 1.000 | Success 1000 = 0.945
I0502 16:40:20.089507 139583350109760 savers.py:156] Saving checkpoint: logs/contrastive_cpc_point_FourRooms_64/5dd72662-2788-11f0-b183-d85ed38c5779/checkpoints/learner
I0502 16:40:20.602750 139555860620864 terminal.py:91] [Actor] Actor Episodes = 36784 | Actor Steps = 1839200 | Delta Dist = 4.051 | Delta Dist 10 = 5.280 | Delta Dist 100 = 4.704 | Delta Dist 1000 = 4.366 | Episode Length = 50 | Episode Return = 18.0 | Evaluator Episodes = 9320 | Evaluator Steps = 466000 | Final Dist = 1.048 | Final Dist 10 = 0.387 | Final Dist 100 = 1.536 | Final Dist 1000 = 1.516 | Init Dist = 5.099 | Init Dist 10 = 5.667 | Init Dist 100 = 6.240 | Init Dist 1000 = 5.883 | Learner Steps = 28577 | Learner Walltime = 5643.752 | Min Dist = 0.679 | Min Dist 10 = 0.045 | Min Dist 100 = 0.086 | Min Dist 1000 = 0.175 | Steps Per Second = 83.079 | Success = 1.000 | Success 1000 = 0.992
I0502 16:40:20.869749 139579566835264 terminal.py:91] [Evaluator] Actor Episodes = 36784 | Actor Steps = 1839200 | Delta Dist = 12.348 | Delta Dist 10 = 11.446 | Delta Dist 100 = 11.702 | Delta Dist 1000 = 11.652 | Episode Length = 50 | Episode Return = 28.0 | Evaluator Episodes = 9322 | Evaluator Steps = 466100 | Final Dist = 0.459 | Final Dist 10 = 1.360 | Final Dist 100 = 1.105 | Final Dist 1000 = 1.154 | Init Dist = 12.806 | Init Dist 10 = 12.806 | Init Dist 100 = 12.806 | Init Dist 1000 = 12.806 | Learner Steps = 28583 | Learner Walltime = 5644.883 | Min Dist = 0.131 | Min Dist 10 = 0.740 | Min Dist 100 = 0.490 | Min Dist 1000 = 0.485 | Steps Per Second = 84.831 | Success = 1.000 | Success 1000 = 0.945
I0502 16:40:22.115696 139579566835264 terminal.py:91] [Evaluator] Actor Episodes = 36792 | Actor Steps = 1839600 | Delta Dist = 11.655 | Delta Dist 10 = 12.031 | Delta Dist 100 = 11.699 | Delta Dist 1000 = 11.653 | Episode Length = 50 | Episode Return = 9.0 | Evaluator Episodes = 9324 | Evaluator Steps = 466200 | Final Dist = 1.151 | Final Dist 10 = 0.776 | Final Dist 100 = 1.107 | Final Dist 1000 = 1.153 | Init Dist = 12.806 | Init Dist 10 = 12.806 | Init Dist 100 = 12.806 | Init Dist 1000 = 12.806 | Learner Steps = 28589 | Learner Walltime = 5645.911 | Min Dist = 0.496 | Min Dist 10 = 0.198 | Min Dist 100 = 0.482 | Min Dist 1000 = 0.484 | Steps Per Second = 75.612 | Success = 1.000 | Success 1000 = 0.945
I0502 16:40:23.314180 139579566835264 terminal.py:91] [Evaluator] Actor Episodes = 36800 | Actor Steps = 1840000 | Delta Dist = 11.648 | Delta Dist 10 = 12.030 | Delta Dist 100 = 11.693 | Delta Dist 1000 = 11.654 | Episode Length = 50 | Episode Return = 23.0 | Evaluator Episodes = 9326 | Evaluator Steps = 466300 | Final Dist = 1.159 | Final Dist 10 = 0.776 | Final Dist 100 = 1.114 | Final Dist 1000 = 1.153 | Init Dist = 12.806 | Init Dist 10 = 12.806 | Init Dist 100 = 12.806 | Init Dist 1000 = 12.806 | Learner Steps = 28595 | Learner Walltime = 5647.025 | Min Dist = 0.057 | Min Dist 10 = 0.255 | Min Dist 100 = 0.488 | Min Dist 1000 = 0.484 | Steps Per Second = 84.725 | Success = 1.000 | Success 1000 = 0.945
I0502 16:40:24.582283 139579566835264 terminal.py:91] [Evaluator] Actor Episodes = 36808 | Actor Steps = 1840400 | Delta Dist = 11.570 | Delta Dist 10 = 11.885 | Delta Dist 100 = 11.689 | Delta Dist 1000 = 11.653 | Episode Length = 50 | Episode Return = 1.0 | Evaluator Episodes = 9328 | Evaluator Steps = 466400 | Final Dist = 1.237 | Final Dist 10 = 0.922 | Final Dist 100 = 1.117 | Final Dist 1000 = 1.154 | Init Dist = 12.806 | Init Dist 10 = 12.806 | Init Dist 100 = 12.806 | Init Dist 1000 = 12.806 | Learner Steps = 28601 | Learner Walltime = 5648.051 | Min Dist = 0.588 | Min Dist 10 = 0.258 | Min Dist 100 = 0.489 | Min Dist 1000 = 0.484 | Steps Per Second = 78.284 | Success = 1.000 | Success 1000 = 0.945
I0502 16:40:24.602390 139555013154368 terminal.py:91] [Learner] Actor Episodes = 36804 | Actor Loss = 3.757486343383789 | Actor Steps = 1840200 | Binary Accuracy = 0.996046781539917 | Categorical Accuracy = 0.41693115234375 | Critic Loss = 1.780097484588623 | Entropy Mean = -21.671585083007812 | Evaluator Episodes = 9326 | Evaluator Steps = 466300 | Learner Steps = 28604 | Learner Walltime = 5648.799 | Logits Neg = -17.391273498535156 | Logits Pos = -1.7600605487823486 | Logsumexp = 1.0956889390945435 | Steps Per Second = 176.576
I0502 16:40:25.149660 139558059398720 terminal.py:91] [Actor] Actor Episodes = 36814 | Actor Steps = 1840700 | Delta Dist = 6.403 | Delta Dist 10 = 4.699 | Delta Dist 100 = 4.678 | Delta Dist 1000 = 4.370 | Episode Length = 50 | Episode Return = 35.0 | Evaluator Episodes = 9328 | Evaluator Steps = 466400 | Final Dist = 1.213 | Final Dist 10 = 1.145 | Final Dist 100 = 1.389 | Final Dist 1000 = 1.510 | Init Dist = 7.616 | Init Dist 10 = 5.843 | Init Dist 100 = 6.067 | Init Dist 1000 = 5.880 | Learner Steps = 28606 | Learner Walltime = 5649.103 | Min Dist = 0.024 | Min Dist 10 = 0.076 | Min Dist 100 = 0.141 | Min Dist 1000 = 0.181 | Steps Per Second = 77.663 | Success = 1.000 | Success 1000 = 0.992
I0502 16:40:25.443977 139584504182336 lp_utils.py:96] StepsLimiter: Reached 1840700 recorded steps
I0502 16:40:25.812157 139579566835264 terminal.py:91] [Evaluator] Actor Episodes = 36816 | Actor Steps = 1840800 | Delta Dist = 12.637 | Delta Dist 10 = 11.801 | Delta Dist 100 = 11.690 | Delta Dist 1000 = 11.652 | Episode Length = 50 | Episode Return = 31.0 | Evaluator Episodes = 9330 | Evaluator Steps = 466500 | Final Dist = 0.170 | Final Dist 10 = 1.005 | Final Dist 100 = 1.117 | Final Dist 1000 = 1.154 | Init Dist = 12.806 | Init Dist 10 = 12.806 | Init Dist 100 = 12.806 | Init Dist 1000 = 12.806 | Learner Steps = 28606 | Learner Walltime = 5649.103 | Min Dist = 0.043 | Min Dist 10 = 0.298 | Min Dist 100 = 0.493 | Min Dist 1000 = 0.485 | Steps Per Second = 86.504 | Success = 1.000 | Success 1000 = 0.945
I0502 16:40:26.952001 139579566835264 terminal.py:91] [Evaluator] Actor Episodes = 36824 | Actor Steps = 1841200 | Delta Dist = 11.344 | Delta Dist 10 = 11.976 | Delta Dist 100 = 11.694 | Delta Dist 1000 = 11.653 | Episode Length = 50 | Episode Return = 3.0 | Evaluator Episodes = 9332 | Evaluator Steps = 466600 | Final Dist = 1.462 | Final Dist 10 = 0.830 | Final Dist 100 = 1.112 | Final Dist 1000 = 1.153 | Init Dist = 12.806 | Init Dist 10 = 12.806 | Init Dist 100 = 12.806 | Init Dist 1000 = 12.806 | Learner Steps = 28612 | Learner Walltime = 5650.250 | Min Dist = 0.801 | Min Dist 10 = 0.245 | Min Dist 100 = 0.492 | Min Dist 1000 = 0.484 | Steps Per Second = 88.204 | Success = 1.000 | Success 1000 = 0.945
I0502 16:40:27.257864 139569349502528 terminal.py:91] [Actor] Actor Episodes = 36828 | Actor Steps = 1841400 | Delta Dist = 0.713 | Delta Dist 10 = 5.504 | Delta Dist 100 = 4.848 | Delta Dist 1000 = 4.395 | Episode Length = 50 | Episode Return = 35.0 | Evaluator Episodes = 9332 | Evaluator Steps = 466600 | Final Dist = 1.523 | Final Dist 10 = 1.581 | Final Dist 100 = 1.293 | Final Dist 1000 = 1.517 | Init Dist = 2.236 | Init Dist 10 = 7.084 | Init Dist 100 = 6.141 | Init Dist 1000 = 5.912 | Learner Steps = 28617 | Learner Walltime = 5651.311 | Min Dist = 0.163 | Min Dist 10 = 0.823 | Min Dist 100 = 0.217 | Min Dist 1000 = 0.188 | Steps Per Second = 74.006 | Success = 1.000 | Success 1000 = 0.992
I0502 16:40:28.331784 139579566835264 terminal.py:91] [Evaluator] Actor Episodes = 36832 | Actor Steps = 1841600 | Delta Dist = 11.492 | Delta Dist 10 = 11.869 | Delta Dist 100 = 11.681 | Delta Dist 1000 = 11.658 | Episode Length = 50 | Episode Return = 3.0 | Evaluator Episodes = 9334 | Evaluator Steps = 466700 | Final Dist = 1.314 | Final Dist 10 = 0.937 | Final Dist 100 = 1.125 | Final Dist 1000 = 1.148 | Init Dist = 12.806 | Init Dist 10 = 12.806 | Init Dist 100 = 12.806 | Init Dist 1000 = 12.806 | Learner Steps = 28622 | Learner Walltime = 5652.480 | Min Dist = 0.073 | Min Dist 10 = 0.321 | Min Dist 100 = 0.501 | Min Dist 1000 = 0.479 | Steps Per Second = 79.454 | Success = 1.000 | Success 1000 = 0.946
I0502 16:40:29.618502 139579566835264 terminal.py:91] [Evaluator] Actor Episodes = 36840 | Actor Steps = 1842000 | Delta Dist = 11.721 | Delta Dist 10 = 11.836 | Delta Dist 100 = 11.729 | Delta Dist 1000 = 11.658 | Episode Length = 50 | Episode Return = 12.0 | Evaluator Episodes = 9336 | Evaluator Steps = 466800 | Final Dist = 1.085 | Final Dist 10 = 0.970 | Final Dist 100 = 1.077 | Final Dist 1000 = 1.148 | Init Dist = 12.806 | Init Dist 10 = 12.806 | Init Dist 100 = 12.806 | Init Dist 1000 = 12.806 | Learner Steps = 28628 | Learner Walltime = 5653.561 | Min Dist = 0.270 | Min Dist 10 = 0.257 | Min Dist 100 = 0.450 | Min Dist 1000 = 0.479 | Steps Per Second = 83.113 | Success = 1.000 | Success 1000 = 0.946
I0502 16:40:29.804106 139557462840896 terminal.py:91] [Actor] Actor Episodes = 36842 | Actor Steps = 1842100 | Delta Dist = 7.336 | Delta Dist 10 = 2.354 | Delta Dist 100 = 4.577 | Delta Dist 1000 = 4.387 | Episode Length = 50 | Episode Return = 48.0 | Evaluator Episodes = 9336 | Evaluator Steps = 466800 | Final Dist = 0.474 | Final Dist 10 = 2.903 | Final Dist 100 = 1.389 | Final Dist 1000 = 1.532 | Init Dist = 7.810 | Init Dist 10 = 5.257 | Init Dist 100 = 5.966 | Init Dist 1000 = 5.919 | Learner Steps = 28628 | Learner Walltime = 5653.561 | Min Dist = 0.029 | Min Dist 10 = 0.133 | Min Dist 100 = 0.216 | Min Dist 1000 = 0.187 | Steps Per Second = 86.240 | Success = 1.000 | Success 1000 = 0.992
I0502 16:40:30.661067 139555860620864 terminal.py:91] [Actor] Actor Episodes = 36848 | Actor Steps = 1842400 | Delta Dist = 1.897 | Delta Dist 10 = 5.272 | Delta Dist 100 = 4.758 | Delta Dist 1000 = 4.402 | Episode Length = 50 | Episode Return = 35.0 | Evaluator Episodes = 9336 | Evaluator Steps = 466800 | Final Dist = 1.265 | Final Dist 10 = 1.373 | Final Dist 100 = 1.277 | Final Dist 1000 = 1.525 | Init Dist = 3.162 | Init Dist 10 = 6.645 | Init Dist 100 = 6.035 | Init Dist 1000 = 5.927 | Learner Steps = 28634 | Learner Walltime = 5654.655 | Min Dist = 0.070 | Min Dist 10 = 0.144 | Min Dist 100 = 0.224 | Min Dist 1000 = 0.188 | Steps Per Second = 77.162 | Success = 1.000 | Success 1000 = 0.992
I0502 16:40:30.895338 139579566835264 terminal.py:91] [Evaluator] Actor Episodes = 36848 | Actor Steps = 1842400 | Delta Dist = 11.927 | Delta Dist 10 = 11.875 | Delta Dist 100 = 11.725 | Delta Dist 1000 = 11.658 | Episode Length = 50 | Episode Return = 29.0 | Evaluator Episodes = 9338 | Evaluator Steps = 466900 | Final Dist = 0.880 | Final Dist 10 = 0.932 | Final Dist 100 = 1.081 | Final Dist 1000 = 1.148 | Init Dist = 12.806 | Init Dist 10 = 12.806 | Init Dist 100 = 12.806 | Init Dist 1000 = 12.806 | Learner Steps = 28634 | Learner Walltime = 5654.655 | Min Dist = 0.049 | Min Dist 10 = 0.252 | Min Dist 100 = 0.453 | Min Dist 1000 = 0.478 | Steps Per Second = 79.208 | Success = 1.000 | Success 1000 = 0.946
I0502 16:40:32.148272 139579566835264 terminal.py:91] [Evaluator] Actor Episodes = 36856 | Actor Steps = 1842800 | Delta Dist = 11.516 | Delta Dist 10 = 11.955 | Delta Dist 100 = 11.745 | Delta Dist 1000 = 11.659 | Episode Length = 50 | Episode Return = 23.0 | Evaluator Episodes = 9340 | Evaluator Steps = 467000 | Final Dist = 1.290 | Final Dist 10 = 0.852 | Final Dist 100 = 1.061 | Final Dist 1000 = 1.148 | Init Dist = 12.806 | Init Dist 10 = 12.806 | Init Dist 100 = 12.806 | Init Dist 1000 = 12.806 | Learner Steps = 28639 | Learner Walltime = 5655.658 | Min Dist = 0.094 | Min Dist 10 = 0.194 | Min Dist 100 = 0.451 | Min Dist 1000 = 0.478 | Steps Per Second = 75.758 | Success = 1.000 | Success 1000 = 0.946
I0502 16:40:33.429059 139579566835264 terminal.py:91] [Evaluator] Actor Episodes = 36864 | Actor Steps = 1843200 | Delta Dist = 12.655 | Delta Dist 10 = 11.733 | Delta Dist 100 = 11.732 | Delta Dist 1000 = 11.658 | Episode Length = 50 | Episode Return = 4.0 | Evaluator Episodes = 9342 | Evaluator Steps = 467100 | Final Dist = 0.151 | Final Dist 10 = 1.073 | Final Dist 100 = 1.074 | Final Dist 1000 = 1.148 | Init Dist = 12.806 | Init Dist 10 = 12.806 | Init Dist 100 = 12.806 | Init Dist 1000 = 12.806 | Learner Steps = 28644 | Learner Walltime = 5656.901 | Min Dist = 0.151 | Min Dist 10 = 0.207 | Min Dist 100 = 0.451 | Min Dist 1000 = 0.478 | Steps Per Second = 79.973 | Success = 1.000 | Success 1000 = 0.946
I0502 16:40:34.669563 139555013154368 terminal.py:91] [Learner] Actor Episodes = 36870 | Actor Loss = 3.652862548828125 | Actor Steps = 1843500 | Binary Accuracy = 0.9960761070251465 | Categorical Accuracy = 0.42401123046875 | Critic Loss = 1.798332691192627 | Entropy Mean = -21.950149536132812 | Evaluator Episodes = 9342 | Evaluator Steps = 467100 | Learner Steps = 28654 | Learner Walltime = 5658.863 | Logits Neg = -17.09124755859375 | Logits Pos = -1.7669322490692139 | Logsumexp = 1.187668800354004 | Steps Per Second = 166.682
I0502 16:40:34.697324 139579566835264 terminal.py:91] [Evaluator] Actor Episodes = 36872 | Actor Steps = 1843600 | Delta Dist = 12.616 | Delta Dist 10 = 11.908 | Delta Dist 100 = 11.731 | Delta Dist 1000 = 11.659 | Episode Length = 50 | Episode Return = 16.0 | Evaluator Episodes = 9344 | Evaluator Steps = 467200 | Final Dist = 0.190 | Final Dist 10 = 0.899 | Final Dist 100 = 1.076 | Final Dist 1000 = 1.147 | Init Dist = 12.806 | Init Dist 10 = 12.806 | Init Dist 100 = 12.806 | Init Dist 1000 = 12.806 | Learner Steps = 28651 | Learner Walltime = 5658.208 | Min Dist = 0.092 | Min Dist 10 = 0.108 | Min Dist 100 = 0.449 | Min Dist 1000 = 0.478 | Steps Per Second = 83.983 | Success = 1.000 | Success 1000 = 0.946
I0502 16:40:35.469087 139584504182336 lp_utils.py:96] StepsLimiter: Reached 1843900 recorded steps
I0502 16:40:35.709486 139558059398720 terminal.py:91] [Actor] Actor Episodes = 36879 | Actor Steps = 1843950 | Delta Dist = 2.852 | Delta Dist 10 = 5.830 | Delta Dist 100 = 4.987 | Delta Dist 1000 = 4.439 | Episode Length = 50 | Episode Return = 34.0 | Evaluator Episodes = 9344 | Evaluator Steps = 467200 | Final Dist = 0.148 | Final Dist 10 = 0.898 | Final Dist 100 = 1.385 | Final Dist 1000 = 1.514 | Init Dist = 3.000 | Init Dist 10 = 6.728 | Init Dist 100 = 6.372 | Init Dist 1000 = 5.953 | Learner Steps = 28651 | Learner Walltime = 5658.208 | Min Dist = 0.029 | Min Dist 10 = 0.043 | Min Dist 100 = 0.229 | Min Dist 1000 = 0.182 | Steps Per Second = 89.208 | Success = 1.000 | Success 1000 = 0.993
I0502 16:40:35.887994 139579566835264 terminal.py:91] [Evaluator] Actor Episodes = 36880 | Actor Steps = 1844000 | Delta Dist = 11.523 | Delta Dist 10 = 12.020 | Delta Dist 100 = 11.729 | Delta Dist 1000 = 11.661 | Episode Length = 50 | Episode Return = 1.0 | Evaluator Episodes = 9346 | Evaluator Steps = 467300 | Final Dist = 1.284 | Final Dist 10 = 0.786 | Final Dist 100 = 1.077 | Final Dist 1000 = 1.146 | Init Dist = 12.806 | Init Dist 10 = 12.806 | Init Dist 100 = 12.806 | Init Dist 1000 = 12.806 | Learner Steps = 28658 | Learner Walltime = 5659.470 | Min Dist = 0.969 | Min Dist 10 = 0.097 | Min Dist 100 = 0.447 | Min Dist 1000 = 0.477 | Steps Per Second = 87.820 | Success = 1.000 | Success 1000 = 0.946
I0502 16:40:37.233751 139579566835264 terminal.py:91] [Evaluator] Actor Episodes = 36890 | Actor Steps = 1844500 | Delta Dist = 11.580 | Delta Dist 10 = 12.058 | Delta Dist 100 = 11.753 | Delta Dist 1000 = 11.667 | Episode Length = 50 | Episode Return = 12.0 | Evaluator Episodes = 9348 | Evaluator Steps = 467400 | Final Dist = 1.226 | Final Dist 10 = 0.748 | Final Dist 100 = 1.054 | Final Dist 1000 = 1.139 | Init Dist = 12.806 | Init Dist 10 = 12.806 | Init Dist 100 = 12.806 | Init Dist 1000 = 12.806 | Learner Steps = 28665 | Learner Walltime = 5660.967 | Min Dist = 0.205 | Min Dist 10 = 0.165 | Min Dist 100 = 0.426 | Min Dist 1000 = 0.473 | Steps Per Second = 70.377 | Success = 1.000 | Success 1000 = 0.947
I0502 16:40:37.415263 139569349502528 terminal.py:91] [Actor] Actor Episodes = 36892 | Actor Steps = 1844600 | Delta Dist = 5.774 | Delta Dist 10 = 4.153 | Delta Dist 100 = 4.950 | Delta Dist 1000 = 4.437 | Episode Length = 50 | Episode Return = 44.0 | Evaluator Episodes = 9348 | Evaluator Steps = 467400 | Final Dist = 0.057 | Final Dist 10 = 1.420 | Final Dist 100 = 1.421 | Final Dist 1000 = 1.507 | Init Dist = 5.831 | Init Dist 10 = 5.573 | Init Dist 100 = 6.371 | Init Dist 1000 = 5.944 | Learner Steps = 28665 | Learner Walltime = 5660.967 | Min Dist = 0.029 | Min Dist 10 = 0.068 | Min Dist 100 = 0.173 | Min Dist 1000 = 0.174 | Steps Per Second = 78.707 | Success = 1.000 | Success 1000 = 0.993
I0502 16:40:38.589358 139579566835264 terminal.py:91] [Evaluator] Actor Episodes = 36898 | Actor Steps = 1844900 | Delta Dist = 11.768 | Delta Dist 10 = 11.927 | Delta Dist 100 = 11.747 | Delta Dist 1000 = 11.666 | Episode Length = 50 | Episode Return = 7.0 | Evaluator Episodes = 9350 | Evaluator Steps = 467500 | Final Dist = 1.038 | Final Dist 10 = 0.879 | Final Dist 100 = 1.059 | Final Dist 1000 = 1.141 | Init Dist = 12.806 | Init Dist 10 = 12.806 | Init Dist 100 = 12.806 | Init Dist 1000 = 12.806 | Learner Steps = 28671 | Learner Walltime = 5662.070 | Min Dist = 0.053 | Min Dist 10 = 0.205 | Min Dist 100 = 0.430 | Min Dist 1000 = 0.474 | Steps Per Second = 76.392 | Success = 1.000 | Success 1000 = 0.947
I0502 16:40:39.920740 139579566835264 terminal.py:91] [Evaluator] Actor Episodes = 36904 | Actor Steps = 1845200 | Delta Dist = 11.801 | Delta Dist 10 = 12.037 | Delta Dist 100 = 11.747 | Delta Dist 1000 = 11.667 | Episode Length = 50 | Episode Return = 30.0 | Evaluator Episodes = 9352 | Evaluator Steps = 467600 | Final Dist = 1.005 | Final Dist 10 = 0.769 | Final Dist 100 = 1.059 | Final Dist 1000 = 1.139 | Init Dist = 12.806 | Init Dist 10 = 12.806 | Init Dist 100 = 12.806 | Init Dist 1000 = 12.806 | Learner Steps = 28679 | Learner Walltime = 5664.120 | Min Dist = 0.039 | Min Dist 10 = 0.196 | Min Dist 100 = 0.428 | Min Dist 1000 = 0.474 | Steps Per Second = 79.762 | Success = 1.000 | Success 1000 = 0.947
I0502 16:40:39.928347 139557462840896 terminal.py:91] [Actor] Actor Episodes = 36906 | Actor Steps = 1845300 | Delta Dist = 9.869 | Delta Dist 10 = 4.890 | Delta Dist 100 = 4.966 | Delta Dist 1000 = 4.455 | Episode Length = 50 | Episode Return = 40.0 | Evaluator Episodes = 9352 | Evaluator Steps = 467600 | Final Dist = 0.181 | Final Dist 10 = 1.061 | Final Dist 100 = 1.356 | Final Dist 1000 = 1.495 | Init Dist = 10.050 | Init Dist 10 = 5.951 | Init Dist 100 = 6.323 | Init Dist 1000 = 5.950 | Learner Steps = 28679 | Learner Walltime = 5664.120 | Min Dist = 0.125 | Min Dist 10 = 0.090 | Min Dist 100 = 0.168 | Min Dist 1000 = 0.174 | Steps Per Second = 73.054 | Success = 1.000 | Success 1000 = 0.993
I0502 16:40:41.098862 139555860620864 terminal.py:91] [Actor] Actor Episodes = 36912 | Actor Steps = 1845600 | Delta Dist = 4.589 | Delta Dist 10 = 3.062 | Delta Dist 100 = 4.907 | Delta Dist 1000 = 4.453 | Episode Length = 50 | Episode Return = 39.0 | Evaluator Episodes = 9352 | Evaluator Steps = 467600 | Final Dist = 0.411 | Final Dist 10 = 0.663 | Final Dist 100 = 1.358 | Final Dist 1000 = 1.494 | Init Dist = 5.000 | Init Dist 10 = 3.725 | Init Dist 100 = 6.266 | Init Dist 1000 = 5.947 | Learner Steps = 28685 | Learner Walltime = 5665.192 | Min Dist = 0.172 | Min Dist 10 = 0.076 | Min Dist 100 = 0.169 | Min Dist 1000 = 0.174 | Steps Per Second = 72.980 | Success = 1.000 | Success 1000 = 0.993
I0502 16:40:41.327855 139579566835264 terminal.py:91] [Evaluator] Actor Episodes = 36912 | Actor Steps = 1845600 | Delta Dist = 11.597 | Delta Dist 10 = 11.939 | Delta Dist 100 = 11.733 | Delta Dist 1000 = 11.667 | Episode Length = 50 | Episode Return = 4.0 | Evaluator Episodes = 9354 | Evaluator Steps = 467700 | Final Dist = 1.209 | Final Dist 10 = 0.867 | Final Dist 100 = 1.073 | Final Dist 1000 = 1.140 | Init Dist = 12.806 | Init Dist 10 = 12.806 | Init Dist 100 = 12.806 | Init Dist 1000 = 12.806 | Learner Steps = 28685 | Learner Walltime = 5665.192 | Min Dist = 0.708 | Min Dist 10 = 0.226 | Min Dist 100 = 0.431 | Min Dist 1000 = 0.474 | Steps Per Second = 70.526 | Success = 1.000 | Success 1000 = 0.947
I0502 16:40:42.609885 139579566835264 terminal.py:91] [Evaluator] Actor Episodes = 36922 | Actor Steps = 1846100 | Delta Dist = 12.090 | Delta Dist 10 = 11.870 | Delta Dist 100 = 11.726 | Delta Dist 1000 = 11.667 | Episode Length = 50 | Episode Return = 34.0 | Evaluator Episodes = 9356 | Evaluator Steps = 467800 | Final Dist = 0.716 | Final Dist 10 = 0.937 | Final Dist 100 = 1.081 | Final Dist 1000 = 1.139 | Init Dist = 12.806 | Init Dist 10 = 12.806 | Init Dist 100 = 12.806 | Init Dist 1000 = 12.806 | Learner Steps = 28690 | Learner Walltime = 5666.385 | Min Dist = 0.461 | Min Dist 10 = 0.299 | Min Dist 100 = 0.437 | Min Dist 1000 = 0.474 | Steps Per Second = 73.745 | Success = 1.000 | Success 1000 = 0.947
I0502 16:40:43.950238 139579566835264 terminal.py:91] [Evaluator] Actor Episodes = 36930 | Actor Steps = 1846500 | Delta Dist = 11.813 | Delta Dist 10 = 11.922 | Delta Dist 100 = 11.806 | Delta Dist 1000 = 11.673 | Episode Length = 50 | Episode Return = 24.0 | Evaluator Episodes = 9358 | Evaluator Steps = 467900 | Final Dist = 0.993 | Final Dist 10 = 0.884 | Final Dist 100 = 1.000 | Final Dist 1000 = 1.133 | Init Dist = 12.806 | Init Dist 10 = 12.806 | Init Dist 100 = 12.806 | Init Dist 1000 = 12.806 | Learner Steps = 28697 | Learner Walltime = 5667.751 | Min Dist = 0.252 | Min Dist 10 = 0.274 | Min Dist 100 = 0.359 | Min Dist 1000 = 0.471 | Steps Per Second = 75.138 | Success = 1.000 | Success 1000 = 0.948
I0502 16:40:44.822434 139555013154368 terminal.py:91] [Learner] Actor Episodes = 36934 | Actor Loss = 3.6518821716308594 | Actor Steps = 1846700 | Binary Accuracy = 0.9959821701049805 | Categorical Accuracy = 0.401611328125 | Critic Loss = 1.838958740234375 | Entropy Mean = -21.342411041259766 | Evaluator Episodes = 9358 | Evaluator Steps = 467900 | Learner Steps = 28704 | Learner Walltime = 5669.023 | Logits Neg = -16.954479217529297 | Logits Pos = -1.825605034828186 | Logsumexp = 1.1248760223388672 | Steps Per Second = 337.540
I0502 16:40:45.167324 139579566835264 terminal.py:91] [Evaluator] Actor Episodes = 36938 | Actor Steps = 1846900 | Delta Dist = 12.212 | Delta Dist 10 = 12.000 | Delta Dist 100 = 11.817 | Delta Dist 1000 = 11.672 | Episode Length = 50 | Episode Return = 19.0 | Evaluator Episodes = 9360 | Evaluator Steps = 468000 | Final Dist = 0.594 | Final Dist 10 = 0.806 | Final Dist 100 = 0.990 | Final Dist 1000 = 1.134 | Init Dist = 12.806 | Init Dist 10 = 12.806 | Init Dist 100 = 12.806 | Init Dist 1000 = 12.806 | Learner Steps = 28703 | Learner Walltime = 5668.834 | Min Dist = 0.281 | Min Dist 10 = 0.260 | Min Dist 100 = 0.358 | Min Dist 1000 = 0.471 | Steps Per Second = 80.658 | Success = 1.000 | Success 1000 = 0.948
I0502 16:40:45.488451 139584504182336 lp_utils.py:96] StepsLimiter: Reached 1847000 recorded steps
I0502 16:40:46.192714 139558059398720 terminal.py:91] [Actor] Actor Episodes = 36943 | Actor Steps = 1847150 | Delta Dist = 3.058 | Delta Dist 10 = 4.753 | Delta Dist 100 = 4.929 | Delta Dist 1000 = 4.454 | Episode Length = 50 | Episode Return = 35.0 | Evaluator Episodes = 9360 | Evaluator Steps = 468000 | Final Dist = 0.104 | Final Dist 10 = 0.464 | Final Dist 100 = 1.108 | Final Dist 1000 = 1.493 | Init Dist = 3.162 | Init Dist 10 = 5.216 | Init Dist 100 = 6.037 | Init Dist 1000 = 5.947 | Learner Steps = 28703 | Learner Walltime = 5668.834 | Min Dist = 0.002 | Min Dist 10 = 0.065 | Min Dist 100 = 0.112 | Min Dist 1000 = 0.175 | Steps Per Second = 90.571 | Success = 1.000 | Success 1000 = 0.993
I0502 16:40:46.449784 139579566835264 terminal.py:91] [Evaluator] Actor Episodes = 36946 | Actor Steps = 1847300 | Delta Dist = 11.793 | Delta Dist 10 = 12.065 | Delta Dist 100 = 11.826 | Delta Dist 1000 = 11.672 | Episode Length = 50 | Episode Return = 22.0 | Evaluator Episodes = 9362 | Evaluator Steps = 468100 | Final Dist = 1.013 | Final Dist 10 = 0.741 | Final Dist 100 = 0.980 | Final Dist 1000 = 1.134 | Init Dist = 12.806 | Init Dist 10 = 12.806 | Init Dist 100 = 12.806 | Init Dist 1000 = 12.806 | Learner Steps = 28708 | Learner Walltime = 5669.996 | Min Dist = 0.163 | Min Dist 10 = 0.291 | Min Dist 100 = 0.357 | Min Dist 1000 = 0.471 | Steps Per Second = 79.312 | Success = 1.000 | Success 1000 = 0.948
I0502 16:40:47.726467 139579566835264 terminal.py:91] [Evaluator] Actor Episodes = 36954 | Actor Steps = 1847700 | Delta Dist = 12.400 | Delta Dist 10 = 12.077 | Delta Dist 100 = 11.824 | Delta Dist 1000 = 11.672 | Episode Length = 50 | Episode Return = 17.0 | Evaluator Episodes = 9364 | Evaluator Steps = 468200 | Final Dist = 0.406 | Final Dist 10 = 0.729 | Final Dist 100 = 0.982 | Final Dist 1000 = 1.134 | Init Dist = 12.806 | Init Dist 10 = 12.806 | Init Dist 100 = 12.806 | Init Dist 1000 = 12.806 | Learner Steps = 28714 | Learner Walltime = 5671.054 | Min Dist = 0.118 | Min Dist 10 = 0.275 | Min Dist 100 = 0.353 | Min Dist 1000 = 0.471 | Steps Per Second = 75.808 | Success = 1.000 | Success 1000 = 0.948
I0502 16:40:47.911585 139569349502528 terminal.py:91] [Actor] Actor Episodes = 36956 | Actor Steps = 1847800 | Delta Dist = 3.440 | Delta Dist 10 = 5.827 | Delta Dist 100 = 4.983 | Delta Dist 1000 = 4.453 | Episode Length = 50 | Episode Return = 34.0 | Evaluator Episodes = 9364 | Evaluator Steps = 468200 | Final Dist = 0.166 | Final Dist 10 = 0.855 | Final Dist 100 = 0.994 | Final Dist 1000 = 1.493 | Init Dist = 3.606 | Init Dist 10 = 6.682 | Init Dist 100 = 5.977 | Init Dist 1000 = 5.947 | Learner Steps = 28714 | Learner Walltime = 5671.054 | Min Dist = 0.134 | Min Dist 10 = 0.068 | Min Dist 100 = 0.098 | Min Dist 1000 = 0.174 | Steps Per Second = 73.745 | Success = 1.000 | Success 1000 = 0.993
I0502 16:40:48.940144 139579566835264 terminal.py:91] [Evaluator] Actor Episodes = 36962 | Actor Steps = 1848100 | Delta Dist = 11.873 | Delta Dist 10 = 12.167 | Delta Dist 100 = 11.836 | Delta Dist 1000 = 11.673 | Episode Length = 50 | Episode Return = 5.0 | Evaluator Episodes = 9366 | Evaluator Steps = 468300 | Final Dist = 0.933 | Final Dist 10 = 0.639 | Final Dist 100 = 0.970 | Final Dist 1000 = 1.133 | Init Dist = 12.806 | Init Dist 10 = 12.806 | Init Dist 100 = 12.806 | Init Dist 1000 = 12.806 | Learner Steps = 28719 | Learner Walltime = 5672.184 | Min Dist = 0.676 | Min Dist 10 = 0.205 | Min Dist 100 = 0.351 | Min Dist 1000 = 0.471 | Steps Per Second = 83.588 | Success = 1.000 | Success 1000 = 0.948
I0502 16:40:50.045180 139579566835264 terminal.py:91] [Evaluator] Actor Episodes = 36970 | Actor Steps = 1848500 | Delta Dist = 11.422 | Delta Dist 10 = 12.056 | Delta Dist 100 = 11.833 | Delta Dist 1000 = 11.673 | Episode Length = 50 | Episode Return = 1.0 | Evaluator Episodes = 9368 | Evaluator Steps = 468400 | Final Dist = 1.384 | Final Dist 10 = 0.750 | Final Dist 100 = 0.973 | Final Dist 1000 = 1.133 | Init Dist = 12.806 | Init Dist 10 = 12.806 | Init Dist 100 = 12.806 | Init Dist 1000 = 12.806 | Learner Steps = 28725 | Learner Walltime = 5673.328 | Min Dist = 0.765 | Min Dist 10 = 0.236 | Min Dist 100 = 0.353 | Min Dist 1000 = 0.471 | Steps Per Second = 97.720 | Success = 1.000 | Success 1000 = 0.948
I0502 16:40:50.523247 139557462840896 terminal.py:91] [Actor] Actor Episodes = 36971 | Actor Steps = 1848550 | Delta Dist = 1.202 | Delta Dist 10 = 5.056 | Delta Dist 100 = 4.731 | Delta Dist 1000 = 4.450 | Episode Length = 50 | Episode Return = 0.0 | Evaluator Episodes = 9366 | Evaluator Steps = 468300 | Final Dist = 4.183 | Final Dist 10 = 1.809 | Final Dist 100 = 1.261 | Final Dist 1000 = 1.509 | Init Dist = 5.385 | Init Dist 10 = 6.865 | Init Dist 100 = 5.992 | Init Dist 1000 = 5.959 | Learner Steps = 28725 | Learner Walltime = 5673.328 | Min Dist = 0.136 | Min Dist 10 = 0.042 | Min Dist 100 = 0.096 | Min Dist 1000 = 0.173 | Steps Per Second = 81.788 | Success = 1.000 | Success 1000 = 0.993
I0502 16:40:51.217769 139579566835264 terminal.py:91] [Evaluator] Actor Episodes = 36978 | Actor Steps = 1848900 | Delta Dist = 12.065 | Delta Dist 10 = 12.035 | Delta Dist 100 = 11.875 | Delta Dist 1000 = 11.674 | Episode Length = 50 | Episode Return = 35.0 | Evaluator Episodes = 9370 | Evaluator Steps = 468500 | Final Dist = 0.741 | Final Dist 10 = 0.771 | Final Dist 100 = 0.931 | Final Dist 1000 = 1.133 | Init Dist = 12.806 | Init Dist 10 = 12.806 | Init Dist 100 = 12.806 | Init Dist 1000 = 12.806 | Learner Steps = 28731 | Learner Walltime = 5674.526 | Min Dist = 0.213 | Min Dist 10 = 0.299 | Min Dist 100 = 0.316 | Min Dist 1000 = 0.471 | Steps Per Second = 89.681 | Success = 1.000 | Success 1000 = 0.948
I0502 16:40:51.356806 139555860620864 terminal.py:91] [Actor] Actor Episodes = 36977 | Actor Steps = 1848850 | Delta Dist = 2.974 | Delta Dist 10 = 3.986 | Delta Dist 100 = 4.611 | Delta Dist 1000 = 4.453 | Episode Length = 50 | Episode Return = 47.0 | Evaluator Episodes = 9368 | Evaluator Steps = 468400 | Final Dist = 0.188 | Final Dist 10 = 1.429 | Final Dist 100 = 1.286 | Final Dist 1000 = 1.510 | Init Dist = 3.162 | Init Dist 10 = 5.415 | Init Dist 100 = 5.896 | Init Dist 1000 = 5.963 | Learner Steps = 28731 | Learner Walltime = 5674.526 | Min Dist = 0.040 | Min Dist 10 = 0.095 | Min Dist 100 = 0.101 | Min Dist 1000 = 0.174 | Steps Per Second = 84.088 | Success = 1.000 | Success 1000 = 0.993
I0502 16:40:52.460088 139579566835264 terminal.py:91] [Evaluator] Actor Episodes = 36987 | Actor Steps = 1849350 | Delta Dist = 11.746 | Delta Dist 10 = 11.946 | Delta Dist 100 = 11.885 | Delta Dist 1000 = 11.674 | Episode Length = 50 | Episode Return = 5.0 | Evaluator Episodes = 9372 | Evaluator Steps = 468600 | Final Dist = 1.060 | Final Dist 10 = 0.860 | Final Dist 100 = 0.921 | Final Dist 1000 = 1.132 | Init Dist = 12.806 | Init Dist 10 = 12.806 | Init Dist 100 = 12.806 | Init Dist 1000 = 12.806 | Learner Steps = 28738 | Learner Walltime = 5675.533 | Min Dist = 0.217 | Min Dist 10 = 0.302 | Min Dist 100 = 0.318 | Min Dist 1000 = 0.471 | Steps Per Second = 76.939 | Success = 1.000 | Success 1000 = 0.948
I0502 16:40:53.851128 139579566835264 terminal.py:91] [Evaluator] Actor Episodes = 36995 | Actor Steps = 1849750 | Delta Dist = 11.391 | Delta Dist 10 = 11.908 | Delta Dist 100 = 11.882 | Delta Dist 1000 = 11.678 | Episode Length = 50 | Episode Return = 12.0 | Evaluator Episodes = 9374 | Evaluator Steps = 468700 | Final Dist = 1.415 | Final Dist 10 = 0.898 | Final Dist 100 = 0.924 | Final Dist 1000 = 1.128 | Init Dist = 12.806 | Init Dist 10 = 12.806 | Init Dist 100 = 12.806 | Init Dist 1000 = 12.806 | Learner Steps = 28743 | Learner Walltime = 5676.701 | Min Dist = 0.063 | Min Dist 10 = 0.301 | Min Dist 100 = 0.310 | Min Dist 1000 = 0.466 | Steps Per Second = 70.309 | Success = 1.000 | Success 1000 = 0.949
I0502 16:40:55.087304 139579566835264 terminal.py:91] [Evaluator] Actor Episodes = 37003 | Actor Steps = 1850150 | Delta Dist = 11.556 | Delta Dist 10 = 11.749 | Delta Dist 100 = 11.871 | Delta Dist 1000 = 11.677 | Episode Length = 50 | Episode Return = 31.0 | Evaluator Episodes = 9376 | Evaluator Steps = 468800 | Final Dist = 1.250 | Final Dist 10 = 1.057 | Final Dist 100 = 0.935 | Final Dist 1000 = 1.129 | Init Dist = 12.806 | Init Dist 10 = 12.806 | Init Dist 100 = 12.806 | Init Dist 1000 = 12.806 | Learner Steps = 28749 | Learner Walltime = 5678.084 | Min Dist = 0.249 | Min Dist 10 = 0.321 | Min Dist 100 = 0.310 | Min Dist 1000 = 0.466 | Steps Per Second = 83.410 | Success = 1.000 | Success 1000 = 0.949
I0502 16:40:55.110688 139555013154368 terminal.py:91] [Learner] Actor Episodes = 37003 | Actor Loss = 3.728447437286377 | Actor Steps = 1850150 | Binary Accuracy = 0.99607253074646 | Categorical Accuracy = 0.43780517578125 | Critic Loss = 1.7580376863479614 | Entropy Mean = -20.63471221923828 | Evaluator Episodes = 9376 | Evaluator Steps = 468800 | Learner Steps = 28755 | Learner Walltime = 5679.305 | Logits Neg = -17.22420883178711 | Logits Pos = -1.7352042198181152 | Logsumexp = 1.1165380477905273 | Steps Per Second = 168.127
I0502 16:40:55.505761 139584504182336 lp_utils.py:96] StepsLimiter: Reached 1850250 recorded steps
I0502 16:40:56.255558 139579566835264 terminal.py:91] [Evaluator] Actor Episodes = 37011 | Actor Steps = 1850550 | Delta Dist = 11.237 | Delta Dist 10 = 11.817 | Delta Dist 100 = 11.872 | Delta Dist 1000 = 11.677 | Episode Length = 50 | Episode Return = 4.0 | Evaluator Episodes = 9378 | Evaluator Steps = 468900 | Final Dist = 1.569 | Final Dist 10 = 0.989 | Final Dist 100 = 0.934 | Final Dist 1000 = 1.129 | Init Dist = 12.806 | Init Dist 10 = 12.806 | Init Dist 100 = 12.806 | Init Dist 1000 = 12.806 | Learner Steps = 28761 | Learner Walltime = 5680.306 | Min Dist = 0.040 | Min Dist 10 = 0.282 | Min Dist 100 = 0.314 | Min Dist 1000 = 0.466 | Steps Per Second = 83.959 | Success = 1.000 | Success 1000 = 0.949
I0502 16:40:56.555061 139558059398720 terminal.py:91] [Actor] Actor Episodes = 37013 | Actor Steps = 1850650 | Delta Dist = 9.277 | Delta Dist 10 = 4.020 | Delta Dist 100 = 4.699 | Delta Dist 1000 = 4.461 | Episode Length = 50 | Episode Return = 46.0 | Evaluator Episodes = 9378 | Evaluator Steps = 468900 | Final Dist = 1.353 | Final Dist 10 = 1.359 | Final Dist 100 = 1.380 | Final Dist 1000 = 1.500 | Init Dist = 10.630 | Init Dist 10 = 5.379 | Init Dist 100 = 6.079 | Init Dist 1000 = 5.961 | Learner Steps = 28761 | Learner Walltime = 5680.306 | Min Dist = 0.159 | Min Dist 10 = 0.144 | Min Dist 100 = 0.119 | Min Dist 1000 = 0.175 | Steps Per Second = 85.216 | Success = 1.000 | Success 1000 = 0.993
I0502 16:40:57.481524 139579566835264 terminal.py:91] [Evaluator] Actor Episodes = 37017 | Actor Steps = 1850850 | Delta Dist = 11.887 | Delta Dist 10 = 11.752 | Delta Dist 100 = 11.866 | Delta Dist 1000 = 11.676 | Episode Length = 50 | Episode Return = 22.0 | Evaluator Episodes = 9380 | Evaluator Steps = 469000 | Final Dist = 0.919 | Final Dist 10 = 1.054 | Final Dist 100 = 0.940 | Final Dist 1000 = 1.130 | Init Dist = 12.806 | Init Dist 10 = 12.806 | Init Dist 100 = 12.806 | Init Dist 1000 = 12.806 | Learner Steps = 28767 | Learner Walltime = 5681.383 | Min Dist = 0.133 | Min Dist 10 = 0.196 | Min Dist 100 = 0.307 | Min Dist 1000 = 0.466 | Steps Per Second = 80.257 | Success = 1.000 | Success 1000 = 0.949
I0502 16:40:58.131721 139569349502528 terminal.py:91] [Actor] Actor Episodes = 37023 | Actor Steps = 1851150 | Delta Dist = 8.240 | Delta Dist 10 = 4.419 | Delta Dist 100 = 4.755 | Delta Dist 1000 = 4.456 | Episode Length = 50 | Episode Return = 28.0 | Evaluator Episodes = 9380 | Evaluator Steps = 469000 | Final Dist = 0.304 | Final Dist 10 = 2.509 | Final Dist 100 = 1.467 | Final Dist 1000 = 1.518 | Init Dist = 8.544 | Init Dist 10 = 6.929 | Init Dist 100 = 6.223 | Init Dist 1000 = 5.974 | Learner Steps = 28767 | Learner Walltime = 5681.383 | Min Dist = 0.073 | Min Dist 10 = 0.084 | Min Dist 100 = 0.121 | Min Dist 1000 = 0.176 | Steps Per Second = 68.892 | Success = 1.000 | Success 1000 = 0.993
I0502 16:40:58.810925 139579566835264 terminal.py:91] [Evaluator] Actor Episodes = 37025 | Actor Steps = 1851250 | Delta Dist = 12.024 | Delta Dist 10 = 11.800 | Delta Dist 100 = 11.884 | Delta Dist 1000 = 11.677 | Episode Length = 50 | Episode Return = 16.0 | Evaluator Episodes = 9382 | Evaluator Steps = 469100 | Final Dist = 0.782 | Final Dist 10 = 1.006 | Final Dist 100 = 0.922 | Final Dist 1000 = 1.129 | Init Dist = 12.806 | Init Dist 10 = 12.806 | Init Dist 100 = 12.806 | Init Dist 1000 = 12.806 | Learner Steps = 28772 | Learner Walltime = 5682.574 | Min Dist = 0.144 | Min Dist 10 = 0.189 | Min Dist 100 = 0.294 | Min Dist 1000 = 0.467 | Steps Per Second = 74.758 | Success = 1.000 | Success 1000 = 0.949
I0502 16:41:00.048787 139579566835264 terminal.py:91] [Evaluator] Actor Episodes = 37033 | Actor Steps = 1851650 | Delta Dist = 12.544 | Delta Dist 10 = 11.824 | Delta Dist 100 = 11.871 | Delta Dist 1000 = 11.678 | Episode Length = 50 | Episode Return = 16.0 | Evaluator Episodes = 9384 | Evaluator Steps = 469200 | Final Dist = 0.262 | Final Dist 10 = 0.982 | Final Dist 100 = 0.935 | Final Dist 1000 = 1.129 | Init Dist = 12.806 | Init Dist 10 = 12.806 | Init Dist 100 = 12.806 | Init Dist 1000 = 12.806 | Learner Steps = 28778 | Learner Walltime = 5683.832 | Min Dist = 0.049 | Min Dist 10 = 0.179 | Min Dist 100 = 0.289 | Min Dist 1000 = 0.466 | Steps Per Second = 79.690 | Success = 1.000 | Success 1000 = 0.949
I0502 16:41:00.708614 139557462840896 terminal.py:91] [Actor] Actor Episodes = 37036 | Actor Steps = 1851800 | Delta Dist = 3.967 | Delta Dist 10 = 4.879 | Delta Dist 100 = 4.784 | Delta Dist 1000 = 4.482 | Episode Length = 50 | Episode Return = 25.0 | Evaluator Episodes = 9384 | Evaluator Steps = 469200 | Final Dist = 0.506 | Final Dist 10 = 0.841 | Final Dist 100 = 1.476 | Final Dist 1000 = 1.501 | Init Dist = 4.472 | Init Dist 10 = 5.720 | Init Dist 100 = 6.260 | Init Dist 1000 = 5.983 | Learner Steps = 28778 | Learner Walltime = 5683.832 | Min Dist = 0.162 | Min Dist 10 = 0.039 | Min Dist 100 = 0.084 | Min Dist 1000 = 0.165 | Steps Per Second = 87.841 | Success = 1.000 | Success 1000 = 0.993
I0502 16:41:01.280464 139579566835264 terminal.py:91] [Evaluator] Actor Episodes = 37041 | Actor Steps = 1852050 | Delta Dist = 12.076 | Delta Dist 10 = 11.938 | Delta Dist 100 = 11.871 | Delta Dist 1000 = 11.678 | Episode Length = 50 | Episode Return = 10.0 | Evaluator Episodes = 9386 | Evaluator Steps = 469300 | Final Dist = 0.730 | Final Dist 10 = 0.868 | Final Dist 100 = 0.936 | Final Dist 1000 = 1.128 | Init Dist = 12.806 | Init Dist 10 = 12.806 | Init Dist 100 = 12.806 | Init Dist 1000 = 12.806 | Learner Steps = 28784 | Learner Walltime = 5685.026 | Min Dist = 0.145 | Min Dist 10 = 0.154 | Min Dist 100 = 0.288 | Min Dist 1000 = 0.465 | Steps Per Second = 84.336 | Success = 1.000 | Success 1000 = 0.949
I0502 16:41:01.478905 139555860620864 terminal.py:91] [Actor] Actor Episodes = 37042 | Actor Steps = 1852100 | Delta Dist = 4.664 | Delta Dist 10 = 4.053 | Delta Dist 100 = 4.639 | Delta Dist 1000 = 4.465 | Episode Length = 50 | Episode Return = 22.0 | Evaluator Episodes = 9384 | Evaluator Steps = 469200 | Final Dist = 0.435 | Final Dist 10 = 1.238 | Final Dist 100 = 1.535 | Final Dist 1000 = 1.505 | Init Dist = 5.099 | Init Dist 10 = 5.291 | Init Dist 100 = 6.173 | Init Dist 1000 = 5.970 | Learner Steps = 28784 | Learner Walltime = 5685.026 | Min Dist = 0.091 | Min Dist 10 = 0.077 | Min Dist 100 = 0.087 | Min Dist 1000 = 0.166 | Steps Per Second = 79.923 | Success = 1.000 | Success 1000 = 0.993
I0502 16:41:02.550084 139579566835264 terminal.py:91] [Evaluator] Actor Episodes = 37051 | Actor Steps = 1852550 | Delta Dist = 11.979 | Delta Dist 10 = 11.971 | Delta Dist 100 = 11.876 | Delta Dist 1000 = 11.678 | Episode Length = 50 | Episode Return = 22.0 | Evaluator Episodes = 9388 | Evaluator Steps = 469400 | Final Dist = 0.828 | Final Dist 10 = 0.835 | Final Dist 100 = 0.930 | Final Dist 1000 = 1.128 | Init Dist = 12.806 | Init Dist 10 = 12.806 | Init Dist 100 = 12.806 | Init Dist 1000 = 12.806 | Learner Steps = 28790 | Learner Walltime = 5686.262 | Min Dist = 0.135 | Min Dist 10 = 0.116 | Min Dist 100 = 0.287 | Min Dist 1000 = 0.466 | Steps Per Second = 76.451 | Success = 1.000 | Success 1000 = 0.949
I0502 16:41:03.694784 139579566835264 terminal.py:91] [Evaluator] Actor Episodes = 37059 | Actor Steps = 1852950 | Delta Dist = 12.385 | Delta Dist 10 = 12.062 | Delta Dist 100 = 11.873 | Delta Dist 1000 = 11.679 | Episode Length = 50 | Episode Return = 24.0 | Evaluator Episodes = 9390 | Evaluator Steps = 469500 | Final Dist = 0.421 | Final Dist 10 = 0.744 | Final Dist 100 = 0.933 | Final Dist 1000 = 1.127 | Init Dist = 12.806 | Init Dist 10 = 12.806 | Init Dist 100 = 12.806 | Init Dist 1000 = 12.806 | Learner Steps = 28796 | Learner Walltime = 5687.320 | Min Dist = 0.199 | Min Dist 10 = 0.151 | Min Dist 100 = 0.290 | Min Dist 1000 = 0.466 | Steps Per Second = 83.133 | Success = 1.000 | Success 1000 = 0.949
I0502 16:41:05.073480 139579566835264 terminal.py:91] [Evaluator] Actor Episodes = 37067 | Actor Steps = 1853350 | Delta Dist = 12.198 | Delta Dist 10 = 12.011 | Delta Dist 100 = 11.878 | Delta Dist 1000 = 11.680 | Episode Length = 50 | Episode Return = 6.0 | Evaluator Episodes = 9392 | Evaluator Steps = 469600 | Final Dist = 0.608 | Final Dist 10 = 0.796 | Final Dist 100 = 0.929 | Final Dist 1000 = 1.126 | Init Dist = 12.806 | Init Dist 10 = 12.806 | Init Dist 100 = 12.806 | Init Dist 1000 = 12.806 | Learner Steps = 28802 | Learner Walltime = 5688.450 | Min Dist = 0.286 | Min Dist 10 = 0.136 | Min Dist 100 = 0.288 | Min Dist 1000 = 0.465 | Steps Per Second = 78.251 | Success = 1.000 | Success 1000 = 0.949
I0502 16:41:05.303662 139555013154368 terminal.py:91] [Learner] Actor Episodes = 37067 | Actor Loss = 3.905241012573242 | Actor Steps = 1853350 | Binary Accuracy = 0.9960672855377197 | Categorical Accuracy = 0.4298095703125 | Critic Loss = 1.7770377397537231 | Entropy Mean = -22.98320198059082 | Evaluator Episodes = 9392 | Evaluator Steps = 469600 | Learner Steps = 28807 | Learner Walltime = 5689.500 | Logits Neg = -17.397321701049805 | Logits Pos = -1.8094147443771362 | Logsumexp = 1.1731131076812744 | Steps Per Second = 284.782
I0502 16:41:05.526572 139584504182336 lp_utils.py:96] StepsLimiter: Reached 1853450 recorded steps
I0502 16:41:06.286366 139579566835264 terminal.py:91] [Evaluator] Actor Episodes = 37075 | Actor Steps = 1853750 | Delta Dist = 11.859 | Delta Dist 10 = 12.069 | Delta Dist 100 = 11.874 | Delta Dist 1000 = 11.680 | Episode Length = 50 | Episode Return = 28.0 | Evaluator Episodes = 9394 | Evaluator Steps = 469700 | Final Dist = 0.947 | Final Dist 10 = 0.737 | Final Dist 100 = 0.932 | Final Dist 1000 = 1.126 | Init Dist = 12.806 | Init Dist 10 = 12.806 | Init Dist 100 = 12.806 | Init Dist 1000 = 12.806 | Learner Steps = 28807 | Learner Walltime = 5689.500 | Min Dist = 0.181 | Min Dist 10 = 0.172 | Min Dist 100 = 0.293 | Min Dist 1000 = 0.466 | Steps Per Second = 83.806 | Success = 1.000 | Success 1000 = 0.949
I0502 16:41:06.713485 139558059398720 terminal.py:91] [Actor] Actor Episodes = 37077 | Actor Steps = 1853850 | Delta Dist = 2.846 | Delta Dist 10 = 5.696 | Delta Dist 100 = 4.458 | Delta Dist 1000 = 4.450 | Episode Length = 50 | Episode Return = 9.0 | Evaluator Episodes = 9394 | Evaluator Steps = 469700 | Final Dist = 2.253 | Final Dist 10 = 1.021 | Final Dist 100 = 1.398 | Final Dist 1000 = 1.518 | Init Dist = 5.099 | Init Dist 10 = 6.717 | Init Dist 100 = 5.856 | Init Dist 1000 = 5.968 | Learner Steps = 28812 | Learner Walltime = 5690.580 | Min Dist = 0.033 | Min Dist 10 = 0.066 | Min Dist 100 = 0.093 | Min Dist 1000 = 0.164 | Steps Per Second = 82.994 | Success = 1.000 | Success 1000 = 0.993
I0502 16:41:07.531244 139579566835264 terminal.py:91] [Evaluator] Actor Episodes = 37083 | Actor Steps = 1854150 | Delta Dist = 11.601 | Delta Dist 10 = 11.991 | Delta Dist 100 = 11.866 | Delta Dist 1000 = 11.680 | Episode Length = 50 | Episode Return = 17.0 | Evaluator Episodes = 9396 | Evaluator Steps = 469800 | Final Dist = 1.205 | Final Dist 10 = 0.815 | Final Dist 100 = 0.941 | Final Dist 1000 = 1.126 | Init Dist = 12.806 | Init Dist 10 = 12.806 | Init Dist 100 = 12.806 | Init Dist 1000 = 12.806 | Learner Steps = 28817 | Learner Walltime = 5691.648 | Min Dist = 0.321 | Min Dist 10 = 0.190 | Min Dist 100 = 0.294 | Min Dist 1000 = 0.465 | Steps Per Second = 82.485 | Success = 1.000 | Success 1000 = 0.949
I0502 16:41:08.576733 139569349502528 terminal.py:91] [Actor] Actor Episodes = 37088 | Actor Steps = 1854400 | Delta Dist = 3.300 | Delta Dist 10 = 3.616 | Delta Dist 100 = 4.353 | Delta Dist 1000 = 4.434 | Episode Length = 50 | Episode Return = 50.0 | Evaluator Episodes = 9396 | Evaluator Steps = 469800 | Final Dist = 0.305 | Final Dist 10 = 1.476 | Final Dist 100 = 1.468 | Final Dist 1000 = 1.520 | Init Dist = 3.606 | Init Dist 10 = 5.092 | Init Dist 100 = 5.821 | Init Dist 1000 = 5.954 | Learner Steps = 28817 | Learner Walltime = 5691.648 | Min Dist = 0.080 | Min Dist 10 = 0.052 | Min Dist 100 = 0.093 | Min Dist 1000 = 0.163 | Steps Per Second = 104.543 | Success = 1.000 | Success 1000 = 0.994
I0502 16:41:08.742269 139579566835264 terminal.py:91] [Evaluator] Actor Episodes = 37091 | Actor Steps = 1854550 | Delta Dist = 11.528 | Delta Dist 10 = 11.591 | Delta Dist 100 = 11.830 | Delta Dist 1000 = 11.687 | Episode Length = 50 | Episode Return = 9.0 | Evaluator Episodes = 9398 | Evaluator Steps = 469900 | Final Dist = 1.278 | Final Dist 10 = 1.216 | Final Dist 100 = 0.976 | Final Dist 1000 = 1.120 | Init Dist = 12.806 | Init Dist 10 = 12.806 | Init Dist 100 = 12.806 | Init Dist 1000 = 12.806 | Learner Steps = 28823 | Learner Walltime = 5692.886 | Min Dist = 0.145 | Min Dist 10 = 0.600 | Min Dist 100 = 0.335 | Min Dist 1000 = 0.461 | Steps Per Second = 86.170 | Success = 1.000 | Success 1000 = 0.950
I0502 16:41:09.990033 139579566835264 terminal.py:91] [Evaluator] Actor Episodes = 37097 | Actor Steps = 1854850 | Delta Dist = 12.099 | Delta Dist 10 = 11.513 | Delta Dist 100 = 11.819 | Delta Dist 1000 = 11.685 | Episode Length = 50 | Episode Return = 29.0 | Evaluator Episodes = 9400 | Evaluator Steps = 470000 | Final Dist = 0.707 | Final Dist 10 = 1.293 | Final Dist 100 = 0.988 | Final Dist 1000 = 1.121 | Init Dist = 12.806 | Init Dist 10 = 12.806 | Init Dist 100 = 12.806 | Init Dist 1000 = 12.806 | Learner Steps = 28829 | Learner Walltime = 5694.118 | Min Dist = 0.048 | Min Dist 10 = 0.635 | Min Dist 100 = 0.341 | Min Dist 1000 = 0.461 | Steps Per Second = 76.967 | Success = 1.000 | Success 1000 = 0.950
I0502 16:41:11.138983 139579566835264 terminal.py:91] [Evaluator] Actor Episodes = 37105 | Actor Steps = 1855250 | Delta Dist = 12.399 | Delta Dist 10 = 11.605 | Delta Dist 100 = 11.829 | Delta Dist 1000 = 11.685 | Episode Length = 50 | Episode Return = 23.0 | Evaluator Episodes = 9402 | Evaluator Steps = 470100 | Final Dist = 0.407 | Final Dist 10 = 1.201 | Final Dist 100 = 0.978 | Final Dist 1000 = 1.121 | Init Dist = 12.806 | Init Dist 10 = 12.806 | Init Dist 100 = 12.806 | Init Dist 1000 = 12.806 | Learner Steps = 28829 | Learner Walltime = 5694.118 | Min Dist = 0.073 | Min Dist 10 = 0.617 | Min Dist 100 = 0.340 | Min Dist 1000 = 0.461 | Steps Per Second = 90.978 | Success = 1.000 | Success 1000 = 0.950
I0502 16:41:11.257603 139557462840896 terminal.py:91] [Actor] Actor Episodes = 37107 | Actor Steps = 1855350 | Delta Dist = 7.526 | Delta Dist 10 = 3.984 | Delta Dist 100 = 4.183 | Delta Dist 1000 = 4.429 | Episode Length = 50 | Episode Return = 31.0 | Evaluator Episodes = 9402 | Evaluator Steps = 470100 | Final Dist = 0.090 | Final Dist 10 = 0.884 | Final Dist 100 = 1.378 | Final Dist 1000 = 1.512 | Init Dist = 7.616 | Init Dist 10 = 4.868 | Init Dist 100 = 5.562 | Init Dist 1000 = 5.941 | Learner Steps = 28836 | Learner Walltime = 5695.371 | Min Dist = 0.039 | Min Dist 10 = 0.036 | Min Dist 100 = 0.073 | Min Dist 1000 = 0.159 | Steps Per Second = 85.678 | Success = 1.000 | Success 1000 = 0.994
I0502 16:41:12.043942 139555860620864 terminal.py:91] [Actor] Actor Episodes = 37113 | Actor Steps = 1855650 | Delta Dist = 6.924 | Delta Dist 10 = 4.988 | Delta Dist 100 = 4.217 | Delta Dist 1000 = 4.423 | Episode Length = 50 | Episode Return = 33.0 | Evaluator Episodes = 9402 | Evaluator Steps = 470100 | Final Dist = 0.147 | Final Dist 10 = 1.218 | Final Dist 100 = 1.356 | Final Dist 1000 = 1.512 | Init Dist = 7.071 | Init Dist 10 = 6.206 | Init Dist 100 = 5.573 | Init Dist 1000 = 5.936 | Learner Steps = 28836 | Learner Walltime = 5695.371 | Min Dist = 0.132 | Min Dist 10 = 0.038 | Min Dist 100 = 0.069 | Min Dist 1000 = 0.159 | Steps Per Second = 81.540 | Success = 1.000 | Success 1000 = 0.994
I0502 16:41:12.279527 139579566835264 terminal.py:91] [Evaluator] Actor Episodes = 37113 | Actor Steps = 1855650 | Delta Dist = 11.717 | Delta Dist 10 = 11.573 | Delta Dist 100 = 11.827 | Delta Dist 1000 = 11.690 | Episode Length = 50 | Episode Return = 22.0 | Evaluator Episodes = 9404 | Evaluator Steps = 470200 | Final Dist = 1.089 | Final Dist 10 = 1.233 | Final Dist 100 = 0.980 | Final Dist 1000 = 1.116 | Init Dist = 12.806 | Init Dist 10 = 12.806 | Init Dist 100 = 12.806 | Init Dist 1000 = 12.806 | Learner Steps = 28842 | Learner Walltime = 5696.401 | Min Dist = 0.134 | Min Dist 10 = 0.613 | Min Dist 100 = 0.344 | Min Dist 1000 = 0.456 | Steps Per Second = 87.382 | Success = 1.000 | Success 1000 = 0.951
I0502 16:41:13.197083 139584635659840 savers.py:156] Saving checkpoint: logs/contrastive_cpc_point_FourRooms_64/5dd72662-2788-11f0-b183-d85ed38c5779/checkpoints/counter
I0502 16:41:13.579727 139579566835264 terminal.py:91] [Evaluator] Actor Episodes = 37121 | Actor Steps = 1856050 | Delta Dist = 11.156 | Delta Dist 10 = 11.550 | Delta Dist 100 = 11.817 | Delta Dist 1000 = 11.695 | Episode Length = 50 | Episode Return = 2.0 | Evaluator Episodes = 9406 | Evaluator Steps = 470300 | Final Dist = 1.650 | Final Dist 10 = 1.256 | Final Dist 100 = 0.989 | Final Dist 1000 = 1.111 | Init Dist = 12.806 | Init Dist 10 = 12.806 | Init Dist 100 = 12.806 | Init Dist 1000 = 12.806 | Learner Steps = 28847 | Learner Walltime = 5697.511 | Min Dist = 0.268 | Min Dist 10 = 0.613 | Min Dist 100 = 0.345 | Min Dist 1000 = 0.452 | Steps Per Second = 74.623 | Success = 1.000 | Success 1000 = 0.952
I0502 16:41:14.792289 139579566835264 terminal.py:91] [Evaluator] Actor Episodes = 37129 | Actor Steps = 1856450 | Delta Dist = 11.859 | Delta Dist 10 = 11.816 | Delta Dist 100 = 11.809 | Delta Dist 1000 = 11.700 | Episode Length = 50 | Episode Return = 28.0 | Evaluator Episodes = 9408 | Evaluator Steps = 470400 | Final Dist = 0.947 | Final Dist 10 = 0.991 | Final Dist 100 = 0.997 | Final Dist 1000 = 1.106 | Init Dist = 12.806 | Init Dist 10 = 12.806 | Init Dist 100 = 12.806 | Init Dist 1000 = 12.806 | Learner Steps = 28854 | Learner Walltime = 5698.945 | Min Dist = 0.365 | Min Dist 10 = 0.225 | Min Dist 100 = 0.345 | Min Dist 1000 = 0.447 | Steps Per Second = 80.171 | Success = 1.000 | Success 1000 = 0.953
I0502 16:41:15.363244 139555013154368 terminal.py:91] [Learner] Actor Episodes = 37129 | Actor Loss = 3.6283748149871826 | Actor Steps = 1856450 | Binary Accuracy = 0.9960203170776367 | Categorical Accuracy = 0.4161376953125 | Critic Loss = 1.8009703159332275 | Entropy Mean = -21.186134338378906 | Evaluator Episodes = 9406 | Evaluator Steps = 470300 | Learner Steps = 28858 | Learner Walltime = 5699.562 | Logits Neg = -17.138668060302734 | Logits Pos = -1.794555425643921 | Logsumexp = 1.103743314743042 | Steps Per Second = 175.379
I0502 16:41:15.545376 139584504182336 lp_utils.py:96] StepsLimiter: Reached 1856750 recorded steps
I0502 16:41:15.920384 139579566835264 terminal.py:91] [Evaluator] Actor Episodes = 37137 | Actor Steps = 1856850 | Delta Dist = 12.101 | Delta Dist 10 = 11.867 | Delta Dist 100 = 11.813 | Delta Dist 1000 = 11.699 | Episode Length = 50 | Episode Return = 4.0 | Evaluator Episodes = 9410 | Evaluator Steps = 470500 | Final Dist = 0.705 | Final Dist 10 = 0.939 | Final Dist 100 = 0.994 | Final Dist 1000 = 1.107 | Init Dist = 12.806 | Init Dist 10 = 12.806 | Init Dist 100 = 12.806 | Init Dist 1000 = 12.806 | Learner Steps = 28861 | Learner Walltime = 5700.085 | Min Dist = 0.211 | Min Dist 10 = 0.205 | Min Dist 100 = 0.347 | Min Dist 1000 = 0.447 | Steps Per Second = 93.135 | Success = 1.000 | Success 1000 = 0.953
I0502 16:41:16.876860 139558059398720 terminal.py:91] [Actor] Actor Episodes = 37144 | Actor Steps = 1857200 | Delta Dist = 8.553 | Delta Dist 10 = 5.237 | Delta Dist 100 = 4.105 | Delta Dist 1000 = 4.388 | Episode Length = 50 | Episode Return = 40.0 | Evaluator Episodes = 9410 | Evaluator Steps = 470500 | Final Dist = 0.049 | Final Dist 10 = 0.490 | Final Dist 100 = 1.319 | Final Dist 1000 = 1.521 | Init Dist = 8.602 | Init Dist 10 = 5.727 | Init Dist 100 = 5.425 | Init Dist 1000 = 5.909 | Learner Steps = 28861 | Learner Walltime = 5700.085 | Min Dist = 0.049 | Min Dist 10 = 0.038 | Min Dist 100 = 0.074 | Min Dist 1000 = 0.157 | Steps Per Second = 94.548 | Success = 1.000 | Success 1000 = 0.995
I0502 16:41:17.158427 139579566835264 terminal.py:91] [Evaluator] Actor Episodes = 37145 | Actor Steps = 1857250 | Delta Dist = 11.420 | Delta Dist 10 = 11.751 | Delta Dist 100 = 11.837 | Delta Dist 1000 = 11.700 | Episode Length = 50 | Episode Return = 2.0 | Evaluator Episodes = 9412 | Evaluator Steps = 470600 | Final Dist = 1.386 | Final Dist 10 = 1.055 | Final Dist 100 = 0.969 | Final Dist 1000 = 1.107 | Init Dist = 12.806 | Init Dist 10 = 12.806 | Init Dist 100 = 12.806 | Init Dist 1000 = 12.806 | Learner Steps = 28867 | Learner Walltime = 5701.198 | Min Dist = 0.657 | Min Dist 10 = 0.255 | Min Dist 100 = 0.318 | Min Dist 1000 = 0.448 | Steps Per Second = 76.579 | Success = 1.000 | Success 1000 = 0.953
I0502 16:41:18.276808 139579566835264 terminal.py:91] [Evaluator] Actor Episodes = 37153 | Actor Steps = 1857650 | Delta Dist = 11.709 | Delta Dist 10 = 11.718 | Delta Dist 100 = 11.892 | Delta Dist 1000 = 11.700 | Episode Length = 50 | Episode Return = 4.0 | Evaluator Episodes = 9414 | Evaluator Steps = 470700 | Final Dist = 1.097 | Final Dist 10 = 1.088 | Final Dist 100 = 0.915 | Final Dist 1000 = 1.106 | Init Dist = 12.806 | Init Dist 10 = 12.806 | Init Dist 100 = 12.806 | Init Dist 1000 = 12.806 | Learner Steps = 28873 | Learner Walltime = 5702.361 | Min Dist = 0.542 | Min Dist 10 = 0.281 | Min Dist 100 = 0.267 | Min Dist 1000 = 0.448 | Steps Per Second = 90.945 | Success = 1.000 | Success 1000 = 0.953
I0502 16:41:18.820852 139569349502528 terminal.py:91] [Actor] Actor Episodes = 37159 | Actor Steps = 1857950 | Delta Dist = 3.461 | Delta Dist 10 = 5.396 | Delta Dist 100 = 4.267 | Delta Dist 1000 = 4.413 | Episode Length = 50 | Episode Return = 0.0 | Evaluator Episodes = 9414 | Evaluator Steps = 470700 | Final Dist = 2.370 | Final Dist 10 = 1.084 | Final Dist 100 = 1.243 | Final Dist 1000 = 1.509 | Init Dist = 5.831 | Init Dist 10 = 6.480 | Init Dist 100 = 5.510 | Init Dist 1000 = 5.922 | Learner Steps = 28873 | Learner Walltime = 5702.361 | Min Dist = 0.250 | Min Dist 10 = 0.091 | Min Dist 100 = 0.066 | Min Dist 1000 = 0.157 | Steps Per Second = 76.413 | Success = 1.000 | Success 1000 = 0.995
I0502 16:41:19.551335 139579566835264 terminal.py:91] [Evaluator] Actor Episodes = 37163 | Actor Steps = 1858150 | Delta Dist = 11.967 | Delta Dist 10 = 11.703 | Delta Dist 100 = 11.886 | Delta Dist 1000 = 11.698 | Episode Length = 50 | Episode Return = 29.0 | Evaluator Episodes = 9416 | Evaluator Steps = 470800 | Final Dist = 0.839 | Final Dist 10 = 1.104 | Final Dist 100 = 0.921 | Final Dist 1000 = 1.108 | Init Dist = 12.806 | Init Dist 10 = 12.806 | Init Dist 100 = 12.806 | Init Dist 1000 = 12.806 | Learner Steps = 28879 | Learner Walltime = 5703.596 | Min Dist = 0.378 | Min Dist 10 = 0.324 | Min Dist 100 = 0.272 | Min Dist 1000 = 0.449 | Steps Per Second = 83.556 | Success = 1.000 | Success 1000 = 0.953
I0502 16:41:20.601626 139583350109760 savers.py:156] Saving checkpoint: logs/contrastive_cpc_point_FourRooms_64/5dd72662-2788-11f0-b183-d85ed38c5779/checkpoints/learner
I0502 16:41:20.837098 139579566835264 terminal.py:91] [Evaluator] Actor Episodes = 37171 | Actor Steps = 1858550 | Delta Dist = 11.442 | Delta Dist 10 = 11.823 | Delta Dist 100 = 11.881 | Delta Dist 1000 = 11.700 | Episode Length = 50 | Episode Return = 20.0 | Evaluator Episodes = 9418 | Evaluator Steps = 470900 | Final Dist = 1.364 | Final Dist 10 = 0.984 | Final Dist 100 = 0.925 | Final Dist 1000 = 1.107 | Init Dist = 12.806 | Init Dist 10 = 12.806 | Init Dist 100 = 12.806 | Init Dist 1000 = 12.806 | Learner Steps = 28885 | Learner Walltime = 5704.803 | Min Dist = 0.539 | Min Dist 10 = 0.377 | Min Dist 100 = 0.279 | Min Dist 1000 = 0.449 | Steps Per Second = 73.426 | Success = 1.000 | Success 1000 = 0.953
I0502 16:41:21.459253 139557462840896 terminal.py:91] [Actor] Actor Episodes = 37172 | Actor Steps = 1858600 | Delta Dist = 7.188 | Delta Dist 10 = 4.206 | Delta Dist 100 = 4.221 | Delta Dist 1000 = 4.413 | Episode Length = 50 | Episode Return = 35.0 | Evaluator Episodes = 9416 | Evaluator Steps = 470800 | Final Dist = 0.428 | Final Dist 10 = 1.655 | Final Dist 100 = 1.258 | Final Dist 1000 = 1.497 | Init Dist = 7.616 | Init Dist 10 = 5.861 | Init Dist 100 = 5.479 | Init Dist 1000 = 5.910 | Learner Steps = 28885 | Learner Walltime = 5704.803 | Min Dist = 0.427 | Min Dist 10 = 0.110 | Min Dist 100 = 0.073 | Min Dist 1000 = 0.148 | Steps Per Second = 78.269 | Success = 1.000 | Success 1000 = 0.995
I0502 16:41:22.065674 139579566835264 terminal.py:91] [Evaluator] Actor Episodes = 37179 | Actor Steps = 1858950 | Delta Dist = 12.068 | Delta Dist 10 = 11.774 | Delta Dist 100 = 11.869 | Delta Dist 1000 = 11.700 | Episode Length = 50 | Episode Return = 22.0 | Evaluator Episodes = 9420 | Evaluator Steps = 471000 | Final Dist = 0.739 | Final Dist 10 = 1.032 | Final Dist 100 = 0.938 | Final Dist 1000 = 1.106 | Init Dist = 12.806 | Init Dist 10 = 12.806 | Init Dist 100 = 12.806 | Init Dist 1000 = 12.806 | Learner Steps = 28888 | Learner Walltime = 5705.823 | Min Dist = 0.181 | Min Dist 10 = 0.403 | Min Dist 100 = 0.285 | Min Dist 1000 = 0.449 | Steps Per Second = 85.793 | Success = 1.000 | Success 1000 = 0.953
I0502 16:41:22.428482 139555860620864 terminal.py:91] [Actor] Actor Episodes = 37178 | Actor Steps = 1858900 | Delta Dist = 4.465 | Delta Dist 10 = 4.004 | Delta Dist 100 = 4.239 | Delta Dist 1000 = 4.403 | Episode Length = 50 | Episode Return = 42.0 | Evaluator Episodes = 9418 | Evaluator Steps = 470900 | Final Dist = 0.535 | Final Dist 10 = 1.768 | Final Dist 100 = 1.314 | Final Dist 1000 = 1.505 | Init Dist = 5.000 | Init Dist 10 = 5.772 | Init Dist 100 = 5.554 | Init Dist 1000 = 5.908 | Learner Steps = 28888 | Learner Walltime = 5705.823 | Min Dist = 0.105 | Min Dist 10 = 0.209 | Min Dist 100 = 0.086 | Min Dist 1000 = 0.149 | Steps Per Second = 84.312 | Success = 1.000 | Success 1000 = 0.995
I0502 16:41:23.319397 139579566835264 terminal.py:91] [Evaluator] Actor Episodes = 37187 | Actor Steps = 1859350 | Delta Dist = 12.392 | Delta Dist 10 = 11.806 | Delta Dist 100 = 11.873 | Delta Dist 1000 = 11.701 | Episode Length = 50 | Episode Return = 17.0 | Evaluator Episodes = 9422 | Evaluator Steps = 471100 | Final Dist = 0.414 | Final Dist 10 = 1.000 | Final Dist 100 = 0.933 | Final Dist 1000 = 1.106 | Init Dist = 12.806 | Init Dist 10 = 12.806 | Init Dist 100 = 12.806 | Init Dist 1000 = 12.806 | Learner Steps = 28896 | Learner Walltime = 5706.965 | Min Dist = 0.078 | Min Dist 10 = 0.406 | Min Dist 100 = 0.284 | Min Dist 1000 = 0.449 | Steps Per Second = 81.498 | Success = 1.000 | Success 1000 = 0.953
I0502 16:41:24.499579 139579566835264 terminal.py:91] [Evaluator] Actor Episodes = 37195 | Actor Steps = 1859750 | Delta Dist = 12.198 | Delta Dist 10 = 11.903 | Delta Dist 100 = 11.879 | Delta Dist 1000 = 11.702 | Episode Length = 50 | Episode Return = 26.0 | Evaluator Episodes = 9424 | Evaluator Steps = 471200 | Final Dist = 0.609 | Final Dist 10 = 0.903 | Final Dist 100 = 0.927 | Final Dist 1000 = 1.105 | Init Dist = 12.806 | Init Dist 10 = 12.806 | Init Dist 100 = 12.806 | Init Dist 1000 = 12.806 | Learner Steps = 28902 | Learner Walltime = 5708.083 | Min Dist = 0.125 | Min Dist 10 = 0.342 | Min Dist 100 = 0.282 | Min Dist 1000 = 0.449 | Steps Per Second = 82.710 | Success = 1.000 | Success 1000 = 0.953
I0502 16:41:25.537237 139555013154368 terminal.py:91] [Learner] Actor Episodes = 37197 | Actor Loss = 3.623537540435791 | Actor Steps = 1859850 | Binary Accuracy = 0.9960176944732666 | Categorical Accuracy = 0.41778564453125 | Critic Loss = 1.8197088241577148 | Entropy Mean = -22.00754737854004 | Evaluator Episodes = 9424 | Evaluator Steps = 471200 | Learner Steps = 28910 | Learner Walltime = 5709.736 | Logits Neg = -17.094722747802734 | Logits Pos = -1.8178058862686157 | Logsumexp = 1.2930898666381836 | Steps Per Second = 167.726
I0502 16:41:25.563279 139584504182336 lp_utils.py:96] StepsLimiter: Reached 1860150 recorded steps
I0502 16:41:25.639839 139579566835264 terminal.py:91] [Evaluator] Actor Episodes = 37203 | Actor Steps = 1860150 | Delta Dist = 12.258 | Delta Dist 10 = 11.971 | Delta Dist 100 = 11.880 | Delta Dist 1000 = 11.702 | Episode Length = 50 | Episode Return = 26.0 | Evaluator Episodes = 9426 | Evaluator Steps = 471300 | Final Dist = 0.548 | Final Dist 10 = 0.835 | Final Dist 100 = 0.927 | Final Dist 1000 = 1.105 | Init Dist = 12.806 | Init Dist 10 = 12.806 | Init Dist 100 = 12.806 | Init Dist 1000 = 12.806 | Learner Steps = 28907 | Learner Walltime = 5709.166 | Min Dist = 0.051 | Min Dist 10 = 0.335 | Min Dist 100 = 0.280 | Min Dist 1000 = 0.450 | Steps Per Second = 96.113 | Success = 1.000 | Success 1000 = 0.953
I0502 16:41:26.819346 139579566835264 terminal.py:91] [Evaluator] Actor Episodes = 37211 | Actor Steps = 1860550 | Delta Dist = 12.101 | Delta Dist 10 = 11.930 | Delta Dist 100 = 11.886 | Delta Dist 1000 = 11.701 | Episode Length = 50 | Episode Return = 20.0 | Evaluator Episodes = 9428 | Evaluator Steps = 471400 | Final Dist = 0.706 | Final Dist 10 = 0.876 | Final Dist 100 = 0.920 | Final Dist 1000 = 1.105 | Init Dist = 12.806 | Init Dist 10 = 12.806 | Init Dist 100 = 12.806 | Init Dist 1000 = 12.806 | Learner Steps = 28914 | Learner Walltime = 5710.368 | Min Dist = 0.027 | Min Dist 10 = 0.241 | Min Dist 100 = 0.277 | Min Dist 1000 = 0.449 | Steps Per Second = 83.874 | Success = 1.000 | Success 1000 = 0.953
I0502 16:41:27.267026 139558059398720 terminal.py:91] [Actor] Actor Episodes = 37213 | Actor Steps = 1860650 | Delta Dist = 4.719 | Delta Dist 10 = 2.886 | Delta Dist 100 = 4.345 | Delta Dist 1000 = 4.390 | Episode Length = 50 | Episode Return = 43.0 | Evaluator Episodes = 9428 | Evaluator Steps = 471400 | Final Dist = 0.281 | Final Dist 10 = 1.446 | Final Dist 100 = 1.411 | Final Dist 1000 = 1.513 | Init Dist = 5.000 | Init Dist 10 = 4.332 | Init Dist 100 = 5.756 | Init Dist 1000 = 5.902 | Learner Steps = 28914 | Learner Walltime = 5710.368 | Min Dist = 0.281 | Min Dist 10 = 0.110 | Min Dist 100 = 0.151 | Min Dist 1000 = 0.153 | Steps Per Second = 85.373 | Success = 1.000 | Success 1000 = 0.994
I0502 16:41:27.958442 139579566835264 terminal.py:91] [Evaluator] Actor Episodes = 37217 | Actor Steps = 1860850 | Delta Dist = 11.866 | Delta Dist 10 = 11.965 | Delta Dist 100 = 11.885 | Delta Dist 1000 = 11.702 | Episode Length = 50 | Episode Return = 13.0 | Evaluator Episodes = 9430 | Evaluator Steps = 471500 | Final Dist = 0.940 | Final Dist 10 = 0.841 | Final Dist 100 = 0.921 | Final Dist 1000 = 1.105 | Init Dist = 12.806 | Init Dist 10 = 12.806 | Init Dist 100 = 12.806 | Init Dist 1000 = 12.806 | Learner Steps = 28919 | Learner Walltime = 5711.550 | Min Dist = 0.073 | Min Dist 10 = 0.172 | Min Dist 100 = 0.272 | Min Dist 1000 = 0.449 | Steps Per Second = 90.012 | Success = 1.000 | Success 1000 = 0.953
I0502 16:41:29.018619 139579566835264 terminal.py:91] [Evaluator] Actor Episodes = 37225 | Actor Steps = 1861250 | Delta Dist = 11.459 | Delta Dist 10 = 11.909 | Delta Dist 100 = 11.866 | Delta Dist 1000 = 11.701 | Episode Length = 50 | Episode Return = 1.0 | Evaluator Episodes = 9432 | Evaluator Steps = 471600 | Final Dist = 1.348 | Final Dist 10 = 0.897 | Final Dist 100 = 0.940 | Final Dist 1000 = 1.105 | Init Dist = 12.806 | Init Dist 10 = 12.806 | Init Dist 100 = 12.806 | Init Dist 1000 = 12.806 | Learner Steps = 28926 | Learner Walltime = 5712.770 | Min Dist = 0.297 | Min Dist 10 = 0.147 | Min Dist 100 = 0.275 | Min Dist 1000 = 0.449 | Steps Per Second = 98.101 | Success = 1.000 | Success 1000 = 0.953
I0502 16:41:29.339674 139569349502528 terminal.py:91] [Actor] Actor Episodes = 37224 | Actor Steps = 1861200 | Delta Dist = 3.156 | Delta Dist 10 = 4.345 | Delta Dist 100 = 4.531 | Delta Dist 1000 = 4.374 | Episode Length = 50 | Episode Return = 0.0 | Evaluator Episodes = 9430 | Evaluator Steps = 471500 | Final Dist = 3.915 | Final Dist 10 = 1.752 | Final Dist 100 = 1.370 | Final Dist 1000 = 1.518 | Init Dist = 7.071 | Init Dist 10 = 6.097 | Init Dist 100 = 5.902 | Init Dist 1000 = 5.892 | Learner Steps = 28926 | Learner Walltime = 5712.770 | Min Dist = 0.008 | Min Dist 10 = 0.349 | Min Dist 100 = 0.180 | Min Dist 1000 = 0.153 | Steps Per Second = 81.195 | Success = 1.000 | Success 1000 = 0.994
I0502 16:41:30.223602 139579566835264 terminal.py:91] [Evaluator] Actor Episodes = 37233 | Actor Steps = 1861650 | Delta Dist = 12.627 | Delta Dist 10 = 11.848 | Delta Dist 100 = 11.877 | Delta Dist 1000 = 11.703 | Episode Length = 50 | Episode Return = 23.0 | Evaluator Episodes = 9434 | Evaluator Steps = 471700 | Final Dist = 0.179 | Final Dist 10 = 0.959 | Final Dist 100 = 0.930 | Final Dist 1000 = 1.103 | Init Dist = 12.806 | Init Dist 10 = 12.806 | Init Dist 100 = 12.806 | Init Dist 1000 = 12.806 | Learner Steps = 28933 | Learner Walltime = 5714.020 | Min Dist = 0.018 | Min Dist 10 = 0.164 | Min Dist 100 = 0.266 | Min Dist 1000 = 0.446 | Steps Per Second = 88.123 | Success = 1.000 | Success 1000 = 0.954
I0502 16:41:31.348959 139579566835264 terminal.py:91] [Evaluator] Actor Episodes = 37241 | Actor Steps = 1862050 | Delta Dist = 12.176 | Delta Dist 10 = 11.875 | Delta Dist 100 = 11.883 | Delta Dist 1000 = 11.704 | Episode Length = 50 | Episode Return = 24.0 | Evaluator Episodes = 9436 | Evaluator Steps = 471800 | Final Dist = 0.630 | Final Dist 10 = 0.932 | Final Dist 100 = 0.923 | Final Dist 1000 = 1.103 | Init Dist = 12.806 | Init Dist 10 = 12.806 | Init Dist 100 = 12.806 | Init Dist 1000 = 12.806 | Learner Steps = 28940 | Learner Walltime = 5715.229 | Min Dist = 0.014 | Min Dist 10 = 0.108 | Min Dist 100 = 0.265 | Min Dist 1000 = 0.446 | Steps Per Second = 89.483 | Success = 1.000 | Success 1000 = 0.954
I0502 16:41:32.086787 139557462840896 terminal.py:91] [Actor] Actor Episodes = 37244 | Actor Steps = 1862200 | Delta Dist = 2.012 | Delta Dist 10 = 4.142 | Delta Dist 100 = 4.663 | Delta Dist 1000 = 4.373 | Episode Length = 50 | Episode Return = 45.0 | Evaluator Episodes = 9436 | Evaluator Steps = 471800 | Final Dist = 0.224 | Final Dist 10 = 1.147 | Final Dist 100 = 1.367 | Final Dist 1000 = 1.512 | Init Dist = 2.236 | Init Dist 10 = 5.289 | Init Dist 100 = 6.030 | Init Dist 1000 = 5.885 | Learner Steps = 28940 | Learner Walltime = 5715.229 | Min Dist = 0.034 | Min Dist 10 = 0.036 | Min Dist 100 = 0.176 | Min Dist 1000 = 0.153 | Steps Per Second = 76.997 | Success = 1.000 | Success 1000 = 0.994
I0502 16:41:32.472022 139555860620864 terminal.py:91] [Actor] Actor Episodes = 37249 | Actor Steps = 1862450 | Delta Dist = 4.006 | Delta Dist 10 = 3.247 | Delta Dist 100 = 4.630 | Delta Dist 1000 = 4.374 | Episode Length = 50 | Episode Return = 43.0 | Evaluator Episodes = 9436 | Evaluator Steps = 471800 | Final Dist = 1.093 | Final Dist 10 = 1.818 | Final Dist 100 = 1.428 | Final Dist 1000 = 1.514 | Init Dist = 5.099 | Init Dist 10 = 5.064 | Init Dist 100 = 6.058 | Init Dist 1000 = 5.888 | Learner Steps = 28946 | Learner Walltime = 5716.464 | Min Dist = 0.025 | Min Dist 10 = 0.047 | Min Dist 100 = 0.176 | Min Dist 1000 = 0.148 | Steps Per Second = 74.034 | Success = 1.000 | Success 1000 = 0.994
I0502 16:41:32.509449 139579566835264 terminal.py:91] [Evaluator] Actor Episodes = 37249 | Actor Steps = 1862450 | Delta Dist = 11.556 | Delta Dist 10 = 11.954 | Delta Dist 100 = 11.894 | Delta Dist 1000 = 11.703 | Episode Length = 50 | Episode Return = 20.0 | Evaluator Episodes = 9438 | Evaluator Steps = 471900 | Final Dist = 1.250 | Final Dist 10 = 0.853 | Final Dist 100 = 0.913 | Final Dist 1000 = 1.103 | Init Dist = 12.806 | Init Dist 10 = 12.806 | Init Dist 100 = 12.806 | Init Dist 1000 = 12.806 | Learner Steps = 28946 | Learner Walltime = 5716.464 | Min Dist = 0.140 | Min Dist 10 = 0.111 | Min Dist 100 = 0.263 | Min Dist 1000 = 0.445 | Steps Per Second = 88.702 | Success = 1.000 | Success 1000 = 0.954
I0502 16:41:33.734798 139579566835264 terminal.py:91] [Evaluator] Actor Episodes = 37255 | Actor Steps = 1862750 | Delta Dist = 11.570 | Delta Dist 10 = 11.973 | Delta Dist 100 = 11.887 | Delta Dist 1000 = 11.703 | Episode Length = 50 | Episode Return = 15.0 | Evaluator Episodes = 9440 | Evaluator Steps = 472000 | Final Dist = 1.236 | Final Dist 10 = 0.834 | Final Dist 100 = 0.919 | Final Dist 1000 = 1.104 | Init Dist = 12.806 | Init Dist 10 = 12.806 | Init Dist 100 = 12.806 | Init Dist 1000 = 12.806 | Learner Steps = 28951 | Learner Walltime = 5717.637 | Min Dist = 0.246 | Min Dist 10 = 0.114 | Min Dist 100 = 0.264 | Min Dist 1000 = 0.445 | Steps Per Second = 85.561 | Success = 1.000 | Success 1000 = 0.954
I0502 16:41:34.880181 139579566835264 terminal.py:91] [Evaluator] Actor Episodes = 37263 | Actor Steps = 1863150 | Delta Dist = 12.301 | Delta Dist 10 = 11.923 | Delta Dist 100 = 11.885 | Delta Dist 1000 = 11.703 | Episode Length = 50 | Episode Return = 13.0 | Evaluator Episodes = 9442 | Evaluator Steps = 472100 | Final Dist = 0.505 | Final Dist 10 = 0.883 | Final Dist 100 = 0.921 | Final Dist 1000 = 1.104 | Init Dist = 12.806 | Init Dist 10 = 12.806 | Init Dist 100 = 12.806 | Init Dist 1000 = 12.806 | Learner Steps = 28958 | Learner Walltime = 5718.880 | Min Dist = 0.461 | Min Dist 10 = 0.157 | Min Dist 100 = 0.270 | Min Dist 1000 = 0.445 | Steps Per Second = 77.814 | Success = 1.000 | Success 1000 = 0.954
I0502 16:41:35.581966 139584504182336 lp_utils.py:96] StepsLimiter: Reached 1863350 recorded steps
I0502 16:41:35.630872 139555013154368 terminal.py:91] [Learner] Actor Episodes = 37261 | Actor Loss = 3.70418643951416 | Actor Steps = 1863050 | Binary Accuracy = 0.9959683418273926 | Categorical Accuracy = 0.40228271484375 | Critic Loss = 1.8758699893951416 | Entropy Mean = -21.347780227661133 | Evaluator Episodes = 9440 | Evaluator Steps = 472000 | Learner Steps = 28963 | Learner Walltime = 5719.830 | Logits Neg = -17.028533935546875 | Logits Pos = -1.8561136722564697 | Logsumexp = 1.1416051387786865 | Steps Per Second = 205.940
I0502 16:41:36.103229 139579566835264 terminal.py:91] [Evaluator] Actor Episodes = 37271 | Actor Steps = 1863550 | Delta Dist = 11.695 | Delta Dist 10 = 11.947 | Delta Dist 100 = 11.881 | Delta Dist 1000 = 11.703 | Episode Length = 50 | Episode Return = 18.0 | Evaluator Episodes = 9444 | Evaluator Steps = 472200 | Final Dist = 1.112 | Final Dist 10 = 0.859 | Final Dist 100 = 0.926 | Final Dist 1000 = 1.103 | Init Dist = 12.806 | Init Dist 10 = 12.806 | Init Dist 100 = 12.806 | Init Dist 1000 = 12.806 | Learner Steps = 28964 | Learner Walltime = 5719.887 | Min Dist = 0.329 | Min Dist 10 = 0.185 | Min Dist 100 = 0.274 | Min Dist 1000 = 0.445 | Steps Per Second = 82.535 | Success = 1.000 | Success 1000 = 0.954
I0502 16:41:37.396714 139579566835264 terminal.py:91] [Evaluator] Actor Episodes = 37280 | Actor Steps = 1864000 | Delta Dist = 12.202 | Delta Dist 10 = 11.944 | Delta Dist 100 = 11.876 | Delta Dist 1000 = 11.703 | Episode Length = 50 | Episode Return = 18.0 | Evaluator Episodes = 9446 | Evaluator Steps = 472300 | Final Dist = 0.605 | Final Dist 10 = 0.862 | Final Dist 100 = 0.930 | Final Dist 1000 = 1.103 | Init Dist = 12.806 | Init Dist 10 = 12.806 | Init Dist 100 = 12.806 | Init Dist 1000 = 12.806 | Learner Steps = 28970 | Learner Walltime = 5721.009 | Min Dist = 0.097 | Min Dist 10 = 0.239 | Min Dist 100 = 0.279 | Min Dist 1000 = 0.445 | Steps Per Second = 73.966 | Success = 1.000 | Success 1000 = 0.954
I0502 16:41:37.566868 139558059398720 terminal.py:91] [Actor] Actor Episodes = 37282 | Actor Steps = 1864100 | Delta Dist = 9.599 | Delta Dist 10 = 3.692 | Delta Dist 100 = 4.621 | Delta Dist 1000 = 4.406 | Episode Length = 50 | Episode Return = 30.0 | Evaluator Episodes = 9446 | Evaluator Steps = 472300 | Final Dist = 0.401 | Final Dist 10 = 1.000 | Final Dist 100 = 1.303 | Final Dist 1000 = 1.493 | Init Dist = 10.000 | Init Dist 10 = 4.692 | Init Dist 100 = 5.924 | Init Dist 1000 = 5.898 | Learner Steps = 28970 | Learner Walltime = 5721.009 | Min Dist = 0.009 | Min Dist 10 = 0.104 | Min Dist 100 = 0.154 | Min Dist 1000 = 0.146 | Steps Per Second = 72.516 | Success = 1.000 | Success 1000 = 0.994
I0502 16:41:38.535193 139579566835264 terminal.py:91] [Evaluator] Actor Episodes = 37286 | Actor Steps = 1864300 | Delta Dist = 12.075 | Delta Dist 10 = 11.848 | Delta Dist 100 = 11.873 | Delta Dist 1000 = 11.703 | Episode Length = 50 | Episode Return = 4.0 | Evaluator Episodes = 9448 | Evaluator Steps = 472400 | Final Dist = 0.731 | Final Dist 10 = 0.958 | Final Dist 100 = 0.934 | Final Dist 1000 = 1.103 | Init Dist = 12.806 | Init Dist 10 = 12.806 | Init Dist 100 = 12.806 | Init Dist 1000 = 12.806 | Learner Steps = 28974 | Learner Walltime = 5722.019 | Min Dist = 0.623 | Min Dist 10 = 0.246 | Min Dist 100 = 0.271 | Min Dist 1000 = 0.445 | Steps Per Second = 87.603 | Success = 1.000 | Success 1000 = 0.954
I0502 16:41:39.660189 139569349502528 terminal.py:91] [Actor] Actor Episodes = 37294 | Actor Steps = 1864700 | Delta Dist = 4.429 | Delta Dist 10 = 4.643 | Delta Dist 100 = 4.470 | Delta Dist 1000 = 4.410 | Episode Length = 50 | Episode Return = 39.0 | Evaluator Episodes = 9448 | Evaluator Steps = 472400 | Final Dist = 0.670 | Final Dist 10 = 0.804 | Final Dist 100 = 1.280 | Final Dist 1000 = 1.475 | Init Dist = 5.099 | Init Dist 10 = 5.446 | Init Dist 100 = 5.750 | Init Dist 1000 = 5.885 | Learner Steps = 28980 | Learner Walltime = 5723.230 | Min Dist = 0.056 | Min Dist 10 = 0.310 | Min Dist 100 = 0.131 | Min Dist 1000 = 0.147 | Steps Per Second = 86.903 | Success = 1.000 | Success 1000 = 0.995
I0502 16:41:39.673787 139579566835264 terminal.py:91] [Evaluator] Actor Episodes = 37294 | Actor Steps = 1864700 | Delta Dist = 11.131 | Delta Dist 10 = 11.879 | Delta Dist 100 = 11.882 | Delta Dist 1000 = 11.704 | Episode Length = 50 | Episode Return = 23.0 | Evaluator Episodes = 9450 | Evaluator Steps = 472500 | Final Dist = 1.676 | Final Dist 10 = 0.928 | Final Dist 100 = 0.924 | Final Dist 1000 = 1.102 | Init Dist = 12.806 | Init Dist 10 = 12.806 | Init Dist 100 = 12.806 | Init Dist 1000 = 12.806 | Learner Steps = 28980 | Learner Walltime = 5723.230 | Min Dist = 0.593 | Min Dist 10 = 0.323 | Min Dist 100 = 0.276 | Min Dist 1000 = 0.446 | Steps Per Second = 100.605 | Success = 1.000 | Success 1000 = 0.954
I0502 16:41:40.908943 139579566835264 terminal.py:91] [Evaluator] Actor Episodes = 37301 | Actor Steps = 1865050 | Delta Dist = 11.790 | Delta Dist 10 = 11.852 | Delta Dist 100 = 11.867 | Delta Dist 1000 = 11.702 | Episode Length = 50 | Episode Return = 6.0 | Evaluator Episodes = 9452 | Evaluator Steps = 472600 | Final Dist = 1.017 | Final Dist 10 = 0.954 | Final Dist 100 = 0.939 | Final Dist 1000 = 1.104 | Init Dist = 12.806 | Init Dist 10 = 12.806 | Init Dist 100 = 12.806 | Init Dist 1000 = 12.806 | Learner Steps = 28986 | Learner Walltime = 5724.597 | Min Dist = 0.059 | Min Dist 10 = 0.315 | Min Dist 100 = 0.281 | Min Dist 1000 = 0.446 | Steps Per Second = 73.925 | Success = 1.000 | Success 1000 = 0.954
I0502 16:41:42.138705 139579566835264 terminal.py:91] [Evaluator] Actor Episodes = 37309 | Actor Steps = 1865450 | Delta Dist = 12.580 | Delta Dist 10 = 11.042 | Delta Dist 100 = 11.791 | Delta Dist 1000 = 11.704 | Episode Length = 50 | Episode Return = 20.0 | Evaluator Episodes = 9454 | Evaluator Steps = 472700 | Final Dist = 0.226 | Final Dist 10 = 1.764 | Final Dist 100 = 1.015 | Final Dist 1000 = 1.102 | Init Dist = 12.806 | Init Dist 10 = 12.806 | Init Dist 100 = 12.806 | Init Dist 1000 = 12.806 | Learner Steps = 28993 | Learner Walltime = 5725.830 | Min Dist = 0.045 | Min Dist 10 = 1.033 | Min Dist 100 = 0.355 | Min Dist 1000 = 0.445 | Steps Per Second = 78.283 | Success = 1.000 | Success 1000 = 0.954
I0502 16:41:42.316914 139557462840896 terminal.py:91] [Actor] Actor Episodes = 37313 | Actor Steps = 1865650 | Delta Dist = 2.902 | Delta Dist 10 = 3.692 | Delta Dist 100 = 4.584 | Delta Dist 1000 = 4.435 | Episode Length = 50 | Episode Return = 24.0 | Evaluator Episodes = 9454 | Evaluator Steps = 472700 | Final Dist = 2.197 | Final Dist 10 = 2.201 | Final Dist 100 = 1.287 | Final Dist 1000 = 1.457 | Init Dist = 5.099 | Init Dist 10 = 5.893 | Init Dist 100 = 5.871 | Init Dist 1000 = 5.892 | Learner Steps = 28993 | Learner Walltime = 5725.830 | Min Dist = 0.189 | Min Dist 10 = 0.083 | Min Dist 100 = 0.121 | Min Dist 1000 = 0.146 | Steps Per Second = 98.031 | Success = 1.000 | Success 1000 = 0.995
I0502 16:41:42.995981 139555860620864 terminal.py:91] [Actor] Actor Episodes = 37316 | Actor Steps = 1865800 | Delta Dist = 11.607 | Delta Dist 10 = 5.349 | Delta Dist 100 = 4.593 | Delta Dist 1000 = 4.442 | Episode Length = 50 | Episode Return = 30.0 | Evaluator Episodes = 9454 | Evaluator Steps = 472700 | Final Dist = 0.055 | Final Dist 10 = 0.978 | Final Dist 100 = 1.234 | Final Dist 1000 = 1.450 | Init Dist = 11.662 | Init Dist 10 = 6.327 | Init Dist 100 = 5.827 | Init Dist 1000 = 5.892 | Learner Steps = 28993 | Learner Walltime = 5725.830 | Min Dist = 0.055 | Min Dist 10 = 0.103 | Min Dist 100 = 0.093 | Min Dist 1000 = 0.147 | Steps Per Second = 84.878 | Success = 1.000 | Success 1000 = 0.995
I0502 16:41:43.249161 139579566835264 terminal.py:91] [Evaluator] Actor Episodes = 37319 | Actor Steps = 1865950 | Delta Dist = 11.886 | Delta Dist 10 = 11.068 | Delta Dist 100 = 11.796 | Delta Dist 1000 = 11.704 | Episode Length = 50 | Episode Return = 18.0 | Evaluator Episodes = 9456 | Evaluator Steps = 472800 | Final Dist = 0.921 | Final Dist 10 = 1.739 | Final Dist 100 = 1.011 | Final Dist 1000 = 1.102 | Init Dist = 12.806 | Init Dist 10 = 12.806 | Init Dist 100 = 12.806 | Init Dist 1000 = 12.806 | Learner Steps = 29000 | Learner Walltime = 5727.001 | Min Dist = 0.063 | Min Dist 10 = 0.994 | Min Dist 100 = 0.348 | Min Dist 1000 = 0.445 | Steps Per Second = 87.772 | Success = 1.000 | Success 1000 = 0.954
I0502 16:41:44.493787 139579566835264 terminal.py:91] [Evaluator] Actor Episodes = 37327 | Actor Steps = 1866350 | Delta Dist = 11.419 | Delta Dist 10 = 11.087 | Delta Dist 100 = 11.789 | Delta Dist 1000 = 11.703 | Episode Length = 50 | Episode Return = 3.0 | Evaluator Episodes = 9458 | Evaluator Steps = 472900 | Final Dist = 1.387 | Final Dist 10 = 1.719 | Final Dist 100 = 1.017 | Final Dist 1000 = 1.103 | Init Dist = 12.806 | Init Dist 10 = 12.806 | Init Dist 100 = 12.806 | Init Dist 1000 = 12.806 | Learner Steps = 29007 | Learner Walltime = 5728.051 | Min Dist = 0.932 | Min Dist 10 = 0.997 | Min Dist 100 = 0.343 | Min Dist 1000 = 0.445 | Steps Per Second = 78.252 | Success = 1.000 | Success 1000 = 0.954
I0502 16:41:45.602580 139584504182336 lp_utils.py:96] StepsLimiter: Reached 1866750 recorded steps
I0502 16:41:45.640264 139555013154368 terminal.py:91] [Learner] Actor Episodes = 37331 | Actor Loss = 3.6529526710510254 | Actor Steps = 1866550 | Binary Accuracy = 0.9960219860076904 | Categorical Accuracy = 0.41485595703125 | Critic Loss = 1.853633165359497 | Entropy Mean = -21.583026885986328 | Evaluator Episodes = 9458 | Evaluator Steps = 472900 | Learner Steps = 29015 | Learner Walltime = 5729.839 | Logits Neg = -16.953683853149414 | Logits Pos = -1.8325656652450562 | Logsumexp = 1.203863501548767 | Steps Per Second = 181.011
I0502 16:41:45.659443 139579566835264 terminal.py:91] [Evaluator] Actor Episodes = 37335 | Actor Steps = 1866750 | Delta Dist = 11.529 | Delta Dist 10 = 10.972 | Delta Dist 100 = 11.779 | Delta Dist 1000 = 11.703 | Episode Length = 50 | Episode Return = 5.0 | Evaluator Episodes = 9460 | Evaluator Steps = 473000 | Final Dist = 1.277 | Final Dist 10 = 1.834 | Final Dist 100 = 1.027 | Final Dist 1000 = 1.103 | Init Dist = 12.806 | Init Dist 10 = 12.806 | Init Dist 100 = 12.806 | Init Dist 1000 = 12.806 | Learner Steps = 29011 | Learner Walltime = 5729.182 | Min Dist = 0.231 | Min Dist 10 = 1.047 | Min Dist 100 = 0.355 | Min Dist 1000 = 0.446 | Steps Per Second = 86.473 | Success = 1.000 | Success 1000 = 0.954
I0502 16:41:46.902445 139579566835264 terminal.py:91] [Evaluator] Actor Episodes = 37343 | Actor Steps = 1867150 | Delta Dist = 11.568 | Delta Dist 10 = 11.107 | Delta Dist 100 = 11.771 | Delta Dist 1000 = 11.703 | Episode Length = 50 | Episode Return = 5.0 | Evaluator Episodes = 9462 | Evaluator Steps = 473100 | Final Dist = 1.238 | Final Dist 10 = 1.699 | Final Dist 100 = 1.035 | Final Dist 1000 = 1.103 | Init Dist = 12.806 | Init Dist 10 = 12.806 | Init Dist 100 = 12.806 | Init Dist 1000 = 12.806 | Learner Steps = 29018 | Learner Walltime = 5730.456 | Min Dist = 0.546 | Min Dist 10 = 1.037 | Min Dist 100 = 0.356 | Min Dist 1000 = 0.446 | Steps Per Second = 85.168 | Success = 1.000 | Success 1000 = 0.954
I0502 16:41:48.077736 139579566835264 terminal.py:91] [Evaluator] Actor Episodes = 37351 | Actor Steps = 1867550 | Delta Dist = 12.156 | Delta Dist 10 = 11.833 | Delta Dist 100 = 11.766 | Delta Dist 1000 = 11.702 | Episode Length = 50 | Episode Return = 25.0 | Evaluator Episodes = 9464 | Evaluator Steps = 473200 | Final Dist = 0.650 | Final Dist 10 = 0.973 | Final Dist 100 = 1.040 | Final Dist 1000 = 1.105 | Init Dist = 12.806 | Init Dist 10 = 12.806 | Init Dist 100 = 12.806 | Init Dist 1000 = 12.806 | Learner Steps = 29024 | Learner Walltime = 5731.677 | Min Dist = 0.009 | Min Dist 10 = 0.346 | Min Dist 100 = 0.362 | Min Dist 1000 = 0.447 | Steps Per Second = 81.139 | Success = 1.000 | Success 1000 = 0.954
I0502 16:41:48.162496 139558059398720 terminal.py:91] [Actor] Actor Episodes = 37350 | Actor Steps = 1867500 | Delta Dist = 6.755 | Delta Dist 10 = 3.298 | Delta Dist 100 = 4.369 | Delta Dist 1000 = 4.433 | Episode Length = 50 | Episode Return = 31.0 | Evaluator Episodes = 9462 | Evaluator Steps = 473100 | Final Dist = 0.525 | Final Dist 10 = 1.449 | Final Dist 100 = 1.325 | Final Dist 1000 = 1.459 | Init Dist = 7.280 | Init Dist 10 = 4.747 | Init Dist 100 = 5.694 | Init Dist 1000 = 5.892 | Learner Steps = 29024 | Learner Walltime = 5731.677 | Min Dist = 0.021 | Min Dist 10 = 0.111 | Min Dist 100 = 0.102 | Min Dist 1000 = 0.146 | Steps Per Second = 77.794 | Success = 1.000 | Success 1000 = 0.995
I0502 16:41:49.134871 139579566835264 terminal.py:91] [Evaluator] Actor Episodes = 37357 | Actor Steps = 1867850 | Delta Dist = 11.868 | Delta Dist 10 = 11.359 | Delta Dist 100 = 11.715 | Delta Dist 1000 = 11.698 | Episode Length = 50 | Episode Return = 17.0 | Evaluator Episodes = 9466 | Evaluator Steps = 473300 | Final Dist = 0.938 | Final Dist 10 = 1.448 | Final Dist 100 = 1.091 | Final Dist 1000 = 1.108 | Init Dist = 12.806 | Init Dist 10 = 12.806 | Init Dist 100 = 12.806 | Init Dist 1000 = 12.806 | Learner Steps = 29030 | Learner Walltime = 5732.700 | Min Dist = 0.345 | Min Dist 10 = 0.863 | Min Dist 100 = 0.414 | Min Dist 1000 = 0.452 | Steps Per Second = 98.167 | Success = 1.000 | Success 1000 = 0.953
I0502 16:41:49.718979 139569349502528 terminal.py:91] [Actor] Actor Episodes = 37360 | Actor Steps = 1868000 | Delta Dist = 6.942 | Delta Dist 10 = 6.248 | Delta Dist 100 = 4.392 | Delta Dist 1000 = 4.444 | Episode Length = 50 | Episode Return = 23.0 | Evaluator Episodes = 9466 | Evaluator Steps = 473300 | Final Dist = 1.304 | Final Dist 10 = 0.647 | Final Dist 100 = 1.311 | Final Dist 1000 = 1.460 | Init Dist = 8.246 | Init Dist 10 = 6.895 | Init Dist 100 = 5.703 | Init Dist 1000 = 5.904 | Learner Steps = 29030 | Learner Walltime = 5732.700 | Min Dist = 0.055 | Min Dist 10 = 0.030 | Min Dist 100 = 0.100 | Min Dist 1000 = 0.146 | Steps Per Second = 101.615 | Success = 1.000 | Success 1000 = 0.995
I0502 16:41:50.223798 139579566835264 terminal.py:91] [Evaluator] Actor Episodes = 37365 | Actor Steps = 1868250 | Delta Dist = 11.393 | Delta Dist 10 = 11.331 | Delta Dist 100 = 11.717 | Delta Dist 1000 = 11.697 | Episode Length = 50 | Episode Return = 14.0 | Evaluator Episodes = 9468 | Evaluator Steps = 473400 | Final Dist = 1.413 | Final Dist 10 = 1.475 | Final Dist 100 = 1.090 | Final Dist 1000 = 1.110 | Init Dist = 12.806 | Init Dist 10 = 12.806 | Init Dist 100 = 12.806 | Init Dist 1000 = 12.806 | Learner Steps = 29036 | Learner Walltime = 5733.844 | Min Dist = 0.127 | Min Dist 10 = 0.881 | Min Dist 100 = 0.408 | Min Dist 1000 = 0.452 | Steps Per Second = 91.864 | Success = 1.000 | Success 1000 = 0.953
I0502 16:41:51.448923 139579566835264 terminal.py:91] [Evaluator] Actor Episodes = 37373 | Actor Steps = 1868650 | Delta Dist = 11.480 | Delta Dist 10 = 11.300 | Delta Dist 100 = 11.706 | Delta Dist 1000 = 11.695 | Episode Length = 50 | Episode Return = 1.0 | Evaluator Episodes = 9470 | Evaluator Steps = 473500 | Final Dist = 1.326 | Final Dist 10 = 1.506 | Final Dist 100 = 1.101 | Final Dist 1000 = 1.111 | Init Dist = 12.806 | Init Dist 10 = 12.806 | Init Dist 100 = 12.806 | Init Dist 1000 = 12.806 | Learner Steps = 29041 | Learner Walltime = 5734.898 | Min Dist = 0.265 | Min Dist 10 = 0.751 | Min Dist 100 = 0.400 | Min Dist 1000 = 0.452 | Steps Per Second = 92.046 | Success = 1.000 | Success 1000 = 0.953
I0502 16:41:52.475135 139557462840896 terminal.py:91] [Actor] Actor Episodes = 37378 | Actor Steps = 1868900 | Delta Dist = 3.890 | Delta Dist 10 = 4.645 | Delta Dist 100 = 4.515 | Delta Dist 1000 = 4.432 | Episode Length = 50 | Episode Return = 35.0 | Evaluator Episodes = 9470 | Evaluator Steps = 473500 | Final Dist = 0.352 | Final Dist 10 = 0.669 | Final Dist 100 = 1.242 | Final Dist 1000 = 1.447 | Init Dist = 4.243 | Init Dist 10 = 5.314 | Init Dist 100 = 5.757 | Init Dist 1000 = 5.879 | Learner Steps = 29041 | Learner Walltime = 5734.898 | Min Dist = 0.034 | Min Dist 10 = 0.083 | Min Dist 100 = 0.099 | Min Dist 1000 = 0.146 | Steps Per Second = 72.892 | Success = 1.000 | Success 1000 = 0.995
I0502 16:41:52.716286 139579566835264 terminal.py:91] [Evaluator] Actor Episodes = 37381 | Actor Steps = 1869050 | Delta Dist = 11.493 | Delta Dist 10 = 10.810 | Delta Dist 100 = 11.657 | Delta Dist 1000 = 11.691 | Episode Length = 50 | Episode Return = 16.0 | Evaluator Episodes = 9472 | Evaluator Steps = 473600 | Final Dist = 1.313 | Final Dist 10 = 1.996 | Final Dist 100 = 1.149 | Final Dist 1000 = 1.116 | Init Dist = 12.806 | Init Dist 10 = 12.806 | Init Dist 100 = 12.806 | Init Dist 1000 = 12.806 | Learner Steps = 29047 | Learner Walltime = 5736.073 | Min Dist = 0.084 | Min Dist 10 = 1.089 | Min Dist 100 = 0.435 | Min Dist 1000 = 0.455 | Steps Per Second = 81.205 | Success = 1.000 | Success 1000 = 0.952
I0502 16:41:53.571146 139555860620864 terminal.py:91] [Actor] Actor Episodes = 37387 | Actor Steps = 1869350 | Delta Dist = 6.044 | Delta Dist 10 = 5.247 | Delta Dist 100 = 4.414 | Delta Dist 1000 = 4.430 | Episode Length = 50 | Episode Return = 44.0 | Evaluator Episodes = 9472 | Evaluator Steps = 473600 | Final Dist = 0.281 | Final Dist 10 = 1.723 | Final Dist 100 = 1.325 | Final Dist 1000 = 1.452 | Init Dist = 6.325 | Init Dist 10 = 6.970 | Init Dist 100 = 5.739 | Init Dist 1000 = 5.882 | Learner Steps = 29053 | Learner Walltime = 5737.321 | Min Dist = 0.039 | Min Dist 10 = 0.045 | Min Dist 100 = 0.099 | Min Dist 1000 = 0.146 | Steps Per Second = 78.340 | Success = 1.000 | Success 1000 = 0.995
I0502 16:41:53.852767 139579566835264 terminal.py:91] [Evaluator] Actor Episodes = 37389 | Actor Steps = 1869450 | Delta Dist = 11.923 | Delta Dist 10 = 10.780 | Delta Dist 100 = 11.654 | Delta Dist 1000 = 11.689 | Episode Length = 50 | Episode Return = 9.0 | Evaluator Episodes = 9474 | Evaluator Steps = 473700 | Final Dist = 0.883 | Final Dist 10 = 2.027 | Final Dist 100 = 1.153 | Final Dist 1000 = 1.117 | Init Dist = 12.806 | Init Dist 10 = 12.806 | Init Dist 100 = 12.806 | Init Dist 1000 = 12.806 | Learner Steps = 29053 | Learner Walltime = 5737.321 | Min Dist = 0.213 | Min Dist 10 = 1.055 | Min Dist 100 = 0.437 | Min Dist 1000 = 0.455 | Steps Per Second = 85.590 | Success = 1.000 | Success 1000 = 0.952
I0502 16:41:55.096314 139579566835264 terminal.py:91] [Evaluator] Actor Episodes = 37397 | Actor Steps = 1869850 | Delta Dist = 11.849 | Delta Dist 10 = 10.624 | Delta Dist 100 = 11.602 | Delta Dist 1000 = 11.683 | Episode Length = 50 | Episode Return = 13.0 | Evaluator Episodes = 9476 | Evaluator Steps = 473800 | Final Dist = 0.957 | Final Dist 10 = 2.182 | Final Dist 100 = 1.204 | Final Dist 1000 = 1.123 | Init Dist = 12.806 | Init Dist 10 = 12.806 | Init Dist 100 = 12.806 | Init Dist 1000 = 12.806 | Learner Steps = 29059 | Learner Walltime = 5738.550 | Min Dist = 0.166 | Min Dist 10 = 1.208 | Min Dist 100 = 0.503 | Min Dist 1000 = 0.461 | Steps Per Second = 82.413 | Success = 1.000 | Success 1000 = 0.951
I0502 16:41:55.621531 139584504182336 lp_utils.py:96] StepsLimiter: Reached 1870050 recorded steps
I0502 16:41:55.717171 139555013154368 terminal.py:91] [Learner] Actor Episodes = 37399 | Actor Loss = 3.7340784072875977 | Actor Steps = 1869950 | Binary Accuracy = 0.9960553646087646 | Categorical Accuracy = 0.41204833984375 | Critic Loss = 1.7876601219177246 | Entropy Mean = -22.492202758789062 | Evaluator Episodes = 9476 | Evaluator Steps = 473800 | Learner Steps = 29067 | Learner Walltime = 5739.910 | Logits Neg = -17.293415069580078 | Logits Pos = -1.7847988605499268 | Logsumexp = 1.0772892236709595 | Steps Per Second = 841.237
I0502 16:41:56.361968 139579566835264 terminal.py:91] [Evaluator] Actor Episodes = 37405 | Actor Steps = 1870250 | Delta Dist = 11.705 | Delta Dist 10 = 10.633 | Delta Dist 100 = 11.598 | Delta Dist 1000 = 11.684 | Episode Length = 50 | Episode Return = 0.0 | Evaluator Episodes = 9478 | Evaluator Steps = 473900 | Final Dist = 1.101 | Final Dist 10 = 2.173 | Final Dist 100 = 1.208 | Final Dist 1000 = 1.122 | Init Dist = 12.806 | Init Dist 10 = 12.806 | Init Dist 100 = 12.806 | Init Dist 1000 = 12.806 | Learner Steps = 29065 | Learner Walltime = 5739.739 | Min Dist = 1.087 | Min Dist 10 = 1.192 | Min Dist 100 = 0.499 | Min Dist 1000 = 0.461 | Steps Per Second = 83.286 | Success = 0.000 | Success 1000 = 0.951
I0502 16:41:57.567102 139579566835264 terminal.py:91] [Evaluator] Actor Episodes = 37413 | Actor Steps = 1870650 | Delta Dist = 11.677 | Delta Dist 10 = 10.774 | Delta Dist 100 = 11.608 | Delta Dist 1000 = 11.684 | Episode Length = 50 | Episode Return = 10.0 | Evaluator Episodes = 9480 | Evaluator Steps = 474000 | Final Dist = 1.130 | Final Dist 10 = 2.032 | Final Dist 100 = 1.198 | Final Dist 1000 = 1.122 | Init Dist = 12.806 | Init Dist 10 = 12.806 | Init Dist 100 = 12.806 | Init Dist 1000 = 12.806 | Learner Steps = 29071 | Learner Walltime = 5741.067 | Min Dist = 0.503 | Min Dist 10 = 1.294 | Min Dist 100 = 0.509 | Min Dist 1000 = 0.461 | Steps Per Second = 89.781 | Success = 1.000 | Success 1000 = 0.950
I0502 16:41:58.522330 139558059398720 terminal.py:91] [Actor] Actor Episodes = 37421 | Actor Steps = 1871050 | Delta Dist = 9.118 | Delta Dist 10 = 5.898 | Delta Dist 100 = 4.466 | Delta Dist 1000 = 4.441 | Episode Length = 50 | Episode Return = 10.0 | Evaluator Episodes = 9480 | Evaluator Steps = 474000 | Final Dist = 0.101 | Final Dist 10 = 0.815 | Final Dist 100 = 1.322 | Final Dist 1000 = 1.429 | Init Dist = 9.220 | Init Dist 10 = 6.714 | Init Dist 100 = 5.788 | Init Dist 1000 = 5.870 | Learner Steps = 29078 | Learner Walltime = 5742.251 | Min Dist = 0.101 | Min Dist 10 = 0.517 | Min Dist 100 = 0.170 | Min Dist 1000 = 0.145 | Steps Per Second = 96.007 | Success = 1.000 | Success 1000 = 0.994
I0502 16:41:58.730293 139579566835264 terminal.py:91] [Evaluator] Actor Episodes = 37421 | Actor Steps = 1871050 | Delta Dist = 12.393 | Delta Dist 10 = 11.207 | Delta Dist 100 = 11.598 | Delta Dist 1000 = 11.689 | Episode Length = 50 | Episode Return = 23.0 | Evaluator Episodes = 9482 | Evaluator Steps = 474100 | Final Dist = 0.413 | Final Dist 10 = 1.599 | Final Dist 100 = 1.208 | Final Dist 1000 = 1.117 | Init Dist = 12.806 | Init Dist 10 = 12.806 | Init Dist 100 = 12.806 | Init Dist 1000 = 12.806 | Learner Steps = 29078 | Learner Walltime = 5742.251 | Min Dist = 0.200 | Min Dist 10 = 1.009 | Min Dist 100 = 0.517 | Min Dist 1000 = 0.457 | Steps Per Second = 81.266 | Success = 1.000 | Success 1000 = 0.951
I0502 16:41:59.920881 139569349502528 terminal.py:91] [Actor] Actor Episodes = 37426 | Actor Steps = 1871300 | Delta Dist = 5.399 | Delta Dist 10 = 4.109 | Delta Dist 100 = 4.468 | Delta Dist 1000 = 4.447 | Episode Length = 50 | Episode Return = 14.0 | Evaluator Episodes = 9482 | Evaluator Steps = 474100 | Final Dist = 0.926 | Final Dist 10 = 1.790 | Final Dist 100 = 1.332 | Final Dist 1000 = 1.426 | Init Dist = 6.325 | Init Dist 10 = 5.900 | Init Dist 100 = 5.800 | Init Dist 1000 = 5.872 | Learner Steps = 29085 | Learner Walltime = 5743.462 | Min Dist = 0.404 | Min Dist 10 = 0.082 | Min Dist 100 = 0.168 | Min Dist 1000 = 0.146 | Steps Per Second = 90.911 | Success = 1.000 | Success 1000 = 0.994
I0502 16:41:59.966394 139579566835264 terminal.py:91] [Evaluator] Actor Episodes = 37429 | Actor Steps = 1871450 | Delta Dist = 12.540 | Delta Dist 10 = 11.296 | Delta Dist 100 = 11.601 | Delta Dist 1000 = 11.690 | Episode Length = 50 | Episode Return = 19.0 | Evaluator Episodes = 9484 | Evaluator Steps = 474200 | Final Dist = 0.266 | Final Dist 10 = 1.510 | Final Dist 100 = 1.205 | Final Dist 1000 = 1.116 | Init Dist = 12.806 | Init Dist 10 = 12.806 | Init Dist 100 = 12.806 | Init Dist 1000 = 12.806 | Learner Steps = 29085 | Learner Walltime = 5743.462 | Min Dist = 0.092 | Min Dist 10 = 0.997 | Min Dist 100 = 0.519 | Min Dist 1000 = 0.457 | Steps Per Second = 81.843 | Success = 1.000 | Success 1000 = 0.951
I0502 16:42:01.110402 139579566835264 terminal.py:91] [Evaluator] Actor Episodes = 37437 | Actor Steps = 1871850 | Delta Dist = 11.870 | Delta Dist 10 = 12.012 | Delta Dist 100 = 11.610 | Delta Dist 1000 = 11.691 | Episode Length = 50 | Episode Return = 17.0 | Evaluator Episodes = 9486 | Evaluator Steps = 474300 | Final Dist = 0.936 | Final Dist 10 = 0.794 | Final Dist 100 = 1.197 | Final Dist 1000 = 1.116 | Init Dist = 12.806 | Init Dist 10 = 12.806 | Init Dist 100 = 12.806 | Init Dist 1000 = 12.806 | Learner Steps = 29090 | Learner Walltime = 5744.660 | Min Dist = 0.075 | Min Dist 10 = 0.330 | Min Dist 100 = 0.520 | Min Dist 1000 = 0.457 | Steps Per Second = 89.683 | Success = 1.000 | Success 1000 = 0.951
I0502 16:42:02.310669 139579566835264 terminal.py:91] [Evaluator] Actor Episodes = 37445 | Actor Steps = 1872250 | Delta Dist = 12.038 | Delta Dist 10 = 12.009 | Delta Dist 100 = 11.602 | Delta Dist 1000 = 11.689 | Episode Length = 50 | Episode Return = 25.0 | Evaluator Episodes = 9488 | Evaluator Steps = 474400 | Final Dist = 0.769 | Final Dist 10 = 0.797 | Final Dist 100 = 1.204 | Final Dist 1000 = 1.117 | Init Dist = 12.806 | Init Dist 10 = 12.806 | Init Dist 100 = 12.806 | Init Dist 1000 = 12.806 | Learner Steps = 29097 | Learner Walltime = 5745.949 | Min Dist = 0.124 | Min Dist 10 = 0.319 | Min Dist 100 = 0.519 | Min Dist 1000 = 0.457 | Steps Per Second = 77.905 | Success = 1.000 | Success 1000 = 0.951
I0502 16:42:02.883215 139557462840896 terminal.py:91] [Actor] Actor Episodes = 37447 | Actor Steps = 1872350 | Delta Dist = 7.514 | Delta Dist 10 = 2.901 | Delta Dist 100 = 4.309 | Delta Dist 1000 = 4.413 | Episode Length = 50 | Episode Return = 40.0 | Evaluator Episodes = 9488 | Evaluator Steps = 474400 | Final Dist = 0.102 | Final Dist 10 = 2.125 | Final Dist 100 = 1.480 | Final Dist 1000 = 1.455 | Init Dist = 7.616 | Init Dist 10 = 5.026 | Init Dist 100 = 5.789 | Init Dist 1000 = 5.868 | Learner Steps = 29102 | Learner Walltime = 5747.070 | Min Dist = 0.090 | Min Dist 10 = 0.096 | Min Dist 100 = 0.181 | Min Dist 1000 = 0.147 | Steps Per Second = 88.887 | Success = 1.000 | Success 1000 = 0.994
I0502 16:42:03.452896 139579566835264 terminal.py:91] [Evaluator] Actor Episodes = 37453 | Actor Steps = 1872650 | Delta Dist = 12.739 | Delta Dist 10 = 11.966 | Delta Dist 100 = 11.598 | Delta Dist 1000 = 11.690 | Episode Length = 50 | Episode Return = 17.0 | Evaluator Episodes = 9490 | Evaluator Steps = 474500 | Final Dist = 0.067 | Final Dist 10 = 0.840 | Final Dist 100 = 1.208 | Final Dist 1000 = 1.116 | Init Dist = 12.806 | Init Dist 10 = 12.806 | Init Dist 100 = 12.806 | Init Dist 1000 = 12.806 | Learner Steps = 29102 | Learner Walltime = 5747.070 | Min Dist = 0.067 | Min Dist 10 = 0.247 | Min Dist 100 = 0.519 | Min Dist 1000 = 0.457 | Steps Per Second = 80.203 | Success = 1.000 | Success 1000 = 0.951
I0502 16:42:04.072334 139555860620864 terminal.py:91] [Actor] Actor Episodes = 37454 | Actor Steps = 1872700 | Delta Dist = 5.541 | Delta Dist 10 = 3.329 | Delta Dist 100 = 4.220 | Delta Dist 1000 = 4.422 | Episode Length = 50 | Episode Return = 9.0 | Evaluator Episodes = 9488 | Evaluator Steps = 474400 | Final Dist = 0.783 | Final Dist 10 = 2.638 | Final Dist 100 = 1.583 | Final Dist 1000 = 1.445 | Init Dist = 6.325 | Init Dist 10 = 5.967 | Init Dist 100 = 5.803 | Init Dist 1000 = 5.867 | Learner Steps = 29102 | Learner Walltime = 5747.070 | Min Dist = 0.212 | Min Dist 10 = 0.184 | Min Dist 100 = 0.193 | Min Dist 1000 = 0.148 | Steps Per Second = 78.644 | Success = 1.000 | Success 1000 = 0.994
I0502 16:42:04.665827 139579566835264 terminal.py:91] [Evaluator] Actor Episodes = 37461 | Actor Steps = 1873050 | Delta Dist = 12.271 | Delta Dist 10 = 12.142 | Delta Dist 100 = 11.611 | Delta Dist 1000 = 11.690 | Episode Length = 50 | Episode Return = 27.0 | Evaluator Episodes = 9492 | Evaluator Steps = 474600 | Final Dist = 0.535 | Final Dist 10 = 0.664 | Final Dist 100 = 1.195 | Final Dist 1000 = 1.116 | Init Dist = 12.806 | Init Dist 10 = 12.806 | Init Dist 100 = 12.806 | Init Dist 1000 = 12.806 | Learner Steps = 29108 | Learner Walltime = 5748.305 | Min Dist = 0.263 | Min Dist 10 = 0.172 | Min Dist 100 = 0.520 | Min Dist 1000 = 0.457 | Steps Per Second = 84.733 | Success = 1.000 | Success 1000 = 0.951
I0502 16:42:05.643770 139584504182336 lp_utils.py:96] StepsLimiter: Reached 1873250 recorded steps
I0502 16:42:05.824819 139579566835264 terminal.py:91] [Evaluator] Actor Episodes = 37465 | Actor Steps = 1873250 | Delta Dist = 11.653 | Delta Dist 10 = 12.168 | Delta Dist 100 = 11.611 | Delta Dist 1000 = 11.690 | Episode Length = 50 | Episode Return = 11.0 | Evaluator Episodes = 9494 | Evaluator Steps = 474700 | Final Dist = 1.153 | Final Dist 10 = 0.639 | Final Dist 100 = 1.196 | Final Dist 1000 = 1.116 | Init Dist = 12.806 | Init Dist 10 = 12.806 | Init Dist 100 = 12.806 | Init Dist 1000 = 12.806 | Learner Steps = 29115 | Learner Walltime = 5749.551 | Min Dist = 0.080 | Min Dist 10 = 0.192 | Min Dist 100 = 0.521 | Min Dist 1000 = 0.457 | Steps Per Second = 83.078 | Success = 1.000 | Success 1000 = 0.951
I0502 16:42:05.928607 139555013154368 terminal.py:91] [Learner] Actor Episodes = 37463 | Actor Loss = 3.717726707458496 | Actor Steps = 1873150 | Binary Accuracy = 0.9961044788360596 | Categorical Accuracy = 0.41943359375 | Critic Loss = 1.7659322023391724 | Entropy Mean = -22.42221450805664 | Evaluator Episodes = 9492 | Evaluator Steps = 474600 | Learner Steps = 29118 | Learner Walltime = 5750.126 | Logits Neg = -17.31926727294922 | Logits Pos = -1.7639321088790894 | Logsumexp = 1.0075559616088867 | Steps Per Second = 168.533
I0502 16:42:07.054789 139579566835264 terminal.py:91] [Evaluator] Actor Episodes = 37473 | Actor Steps = 1873650 | Delta Dist = 12.222 | Delta Dist 10 = 11.999 | Delta Dist 100 = 11.610 | Delta Dist 1000 = 11.690 | Episode Length = 50 | Episode Return = 18.0 | Evaluator Episodes = 9496 | Evaluator Steps = 474800 | Final Dist = 0.584 | Final Dist 10 = 0.807 | Final Dist 100 = 1.196 | Final Dist 1000 = 1.116 | Init Dist = 12.806 | Init Dist 10 = 12.806 | Init Dist 100 = 12.806 | Init Dist 1000 = 12.806 | Learner Steps = 29122 | Learner Walltime = 5750.889 | Min Dist = 0.325 | Min Dist 10 = 0.182 | Min Dist 100 = 0.519 | Min Dist 1000 = 0.456 | Steps Per Second = 79.302 | Success = 1.000 | Success 1000 = 0.951
I0502 16:42:08.271800 139579566835264 terminal.py:91] [Evaluator] Actor Episodes = 37481 | Actor Steps = 1874050 | Delta Dist = 11.593 | Delta Dist 10 = 12.079 | Delta Dist 100 = 11.651 | Delta Dist 1000 = 11.698 | Episode Length = 50 | Episode Return = 0.0 | Evaluator Episodes = 9498 | Evaluator Steps = 474900 | Final Dist = 1.214 | Final Dist 10 = 0.727 | Final Dist 100 = 1.155 | Final Dist 1000 = 1.108 | Init Dist = 12.806 | Init Dist 10 = 12.806 | Init Dist 100 = 12.806 | Init Dist 1000 = 12.806 | Learner Steps = 29127 | Learner Walltime = 5752.002 | Min Dist = 1.214 | Min Dist 10 = 0.205 | Min Dist 100 = 0.479 | Min Dist 1000 = 0.448 | Steps Per Second = 82.293 | Success = 0.000 | Success 1000 = 0.952
I0502 16:42:08.899521 139558059398720 terminal.py:91] [Actor] Actor Episodes = 37484 | Actor Steps = 1874200 | Delta Dist = 6.827 | Delta Dist 10 = 4.957 | Delta Dist 100 = 4.242 | Delta Dist 1000 = 4.462 | Episode Length = 50 | Episode Return = 41.0 | Evaluator Episodes = 9498 | Evaluator Steps = 474900 | Final Dist = 0.173 | Final Dist 10 = 1.668 | Final Dist 100 = 1.656 | Final Dist 1000 = 1.412 | Init Dist = 7.000 | Init Dist 10 = 6.625 | Init Dist 100 = 5.898 | Init Dist 1000 = 5.874 | Learner Steps = 29127 | Learner Walltime = 5752.002 | Min Dist = 0.059 | Min Dist 10 = 0.044 | Min Dist 100 = 0.214 | Min Dist 1000 = 0.148 | Steps Per Second = 84.570 | Success = 1.000 | Success 1000 = 0.995
I0502 16:42:09.427972 139579566835264 terminal.py:91] [Evaluator] Actor Episodes = 37489 | Actor Steps = 1874450 | Delta Dist = 12.129 | Delta Dist 10 = 12.033 | Delta Dist 100 = 11.650 | Delta Dist 1000 = 11.698 | Episode Length = 50 | Episode Return = 2.0 | Evaluator Episodes = 9500 | Evaluator Steps = 475000 | Final Dist = 0.677 | Final Dist 10 = 0.773 | Final Dist 100 = 1.156 | Final Dist 1000 = 1.109 | Init Dist = 12.806 | Init Dist 10 = 12.806 | Init Dist 100 = 12.806 | Init Dist 1000 = 12.806 | Learner Steps = 29133 | Learner Walltime = 5753.156 | Min Dist = 0.677 | Min Dist 10 = 0.299 | Min Dist 100 = 0.485 | Min Dist 1000 = 0.449 | Steps Per Second = 85.712 | Success = 1.000 | Success 1000 = 0.951
I0502 16:42:10.392339 139569349502528 terminal.py:91] [Actor] Actor Episodes = 37497 | Actor Steps = 1874850 | Delta Dist = 4.985 | Delta Dist 10 = 3.248 | Delta Dist 100 = 4.183 | Delta Dist 1000 = 4.450 | Episode Length = 50 | Episode Return = 19.0 | Evaluator Episodes = 9500 | Evaluator Steps = 475000 | Final Dist = 0.114 | Final Dist 10 = 2.501 | Final Dist 100 = 1.730 | Final Dist 1000 = 1.425 | Init Dist = 5.099 | Init Dist 10 = 5.750 | Init Dist 100 = 5.913 | Init Dist 1000 = 5.875 | Learner Steps = 29140 | Learner Walltime = 5754.429 | Min Dist = 0.052 | Min Dist 10 = 0.075 | Min Dist 100 = 0.204 | Min Dist 1000 = 0.147 | Steps Per Second = 80.837 | Success = 1.000 | Success 1000 = 0.995
I0502 16:42:10.551057 139579566835264 terminal.py:91] [Evaluator] Actor Episodes = 37497 | Actor Steps = 1874850 | Delta Dist = 11.840 | Delta Dist 10 = 11.952 | Delta Dist 100 = 11.646 | Delta Dist 1000 = 11.698 | Episode Length = 50 | Episode Return = 34.0 | Evaluator Episodes = 9502 | Evaluator Steps = 475100 | Final Dist = 0.966 | Final Dist 10 = 0.854 | Final Dist 100 = 1.160 | Final Dist 1000 = 1.109 | Init Dist = 12.806 | Init Dist 10 = 12.806 | Init Dist 100 = 12.806 | Init Dist 1000 = 12.806 | Learner Steps = 29140 | Learner Walltime = 5754.429 | Min Dist = 0.233 | Min Dist 10 = 0.341 | Min Dist 100 = 0.493 | Min Dist 1000 = 0.449 | Steps Per Second = 93.850 | Success = 1.000 | Success 1000 = 0.951
I0502 16:42:11.685963 139579566835264 terminal.py:91] [Evaluator] Actor Episodes = 37505 | Actor Steps = 1875250 | Delta Dist = 12.457 | Delta Dist 10 = 11.983 | Delta Dist 100 = 11.652 | Delta Dist 1000 = 11.698 | Episode Length = 50 | Episode Return = 16.0 | Evaluator Episodes = 9504 | Evaluator Steps = 475200 | Final Dist = 0.349 | Final Dist 10 = 0.824 | Final Dist 100 = 1.155 | Final Dist 1000 = 1.108 | Init Dist = 12.806 | Init Dist 10 = 12.806 | Init Dist 100 = 12.806 | Init Dist 1000 = 12.806 | Learner Steps = 29147 | Learner Walltime = 5755.690 | Min Dist = 0.029 | Min Dist 10 = 0.325 | Min Dist 100 = 0.492 | Min Dist 1000 = 0.449 | Steps Per Second = 85.296 | Success = 1.000 | Success 1000 = 0.951
I0502 16:42:12.988853 139579566835264 terminal.py:91] [Evaluator] Actor Episodes = 37513 | Actor Steps = 1875650 | Delta Dist = 11.662 | Delta Dist 10 = 12.047 | Delta Dist 100 = 11.660 | Delta Dist 1000 = 11.699 | Episode Length = 50 | Episode Return = 4.0 | Evaluator Episodes = 9506 | Evaluator Steps = 475300 | Final Dist = 1.144 | Final Dist 10 = 0.760 | Final Dist 100 = 1.146 | Final Dist 1000 = 1.108 | Init Dist = 12.806 | Init Dist 10 = 12.806 | Init Dist 100 = 12.806 | Init Dist 1000 = 12.806 | Learner Steps = 29153 | Learner Walltime = 5756.808 | Min Dist = 0.699 | Min Dist 10 = 0.349 | Min Dist 100 = 0.493 | Min Dist 1000 = 0.450 | Steps Per Second = 80.228 | Success = 1.000 | Success 1000 = 0.951
I0502 16:42:13.188107 139557462840896 terminal.py:91] [Actor] Actor Episodes = 37512 | Actor Steps = 1875600 | Delta Dist = 13.418 | Delta Dist 10 = 3.636 | Delta Dist 100 = 4.115 | Delta Dist 1000 = 4.470 | Episode Length = 50 | Episode Return = 46.0 | Evaluator Episodes = 9504 | Evaluator Steps = 475200 | Final Dist = 0.036 | Final Dist 10 = 1.158 | Final Dist 100 = 1.711 | Final Dist 1000 = 1.422 | Init Dist = 13.454 | Init Dist 10 = 4.794 | Init Dist 100 = 5.826 | Init Dist 1000 = 5.891 | Learner Steps = 29147 | Learner Walltime = 5755.690 | Min Dist = 0.031 | Min Dist 10 = 0.022 | Min Dist 100 = 0.146 | Min Dist 1000 = 0.146 | Steps Per Second = 71.773 | Success = 1.000 | Success 1000 = 0.996
I0502 16:42:13.695618 139584635659840 savers.py:156] Saving checkpoint: logs/contrastive_cpc_point_FourRooms_64/5dd72662-2788-11f0-b183-d85ed38c5779/checkpoints/counter
I0502 16:42:14.080807 139555860620864 terminal.py:91] [Actor] Actor Episodes = 37518 | Actor Steps = 1875900 | Delta Dist = 6.133 | Delta Dist 10 = 3.921 | Delta Dist 100 = 4.085 | Delta Dist 1000 = 4.463 | Episode Length = 50 | Episode Return = 18.0 | Evaluator Episodes = 9506 | Evaluator Steps = 475300 | Final Dist = 0.192 | Final Dist 10 = 1.745 | Final Dist 100 = 1.766 | Final Dist 1000 = 1.430 | Init Dist = 6.325 | Init Dist 10 = 5.666 | Init Dist 100 = 5.850 | Init Dist 1000 = 5.893 | Learner Steps = 29153 | Learner Walltime = 5756.808 | Min Dist = 0.024 | Min Dist 10 = 0.070 | Min Dist 100 = 0.113 | Min Dist 1000 = 0.147 | Steps Per Second = 72.055 | Success = 1.000 | Success 1000 = 0.996
I0502 16:42:14.342710 139579566835264 terminal.py:91] [Evaluator] Actor Episodes = 37521 | Actor Steps = 1876050 | Delta Dist = 12.193 | Delta Dist 10 = 11.957 | Delta Dist 100 = 11.665 | Delta Dist 1000 = 11.699 | Episode Length = 50 | Episode Return = 20.0 | Evaluator Episodes = 9508 | Evaluator Steps = 475400 | Final Dist = 0.613 | Final Dist 10 = 0.850 | Final Dist 100 = 1.141 | Final Dist 1000 = 1.108 | Init Dist = 12.806 | Init Dist 10 = 12.806 | Init Dist 100 = 12.806 | Init Dist 1000 = 12.806 | Learner Steps = 29159 | Learner Walltime = 5758.162 | Min Dist = 0.130 | Min Dist 10 = 0.390 | Min Dist 100 = 0.496 | Min Dist 1000 = 0.450 | Steps Per Second = 76.874 | Success = 1.000 | Success 1000 = 0.951
I0502 16:42:15.609000 139579566835264 terminal.py:91] [Evaluator] Actor Episodes = 37529 | Actor Steps = 1876450 | Delta Dist = 11.513 | Delta Dist 10 = 12.083 | Delta Dist 100 = 11.672 | Delta Dist 1000 = 11.700 | Episode Length = 50 | Episode Return = 10.0 | Evaluator Episodes = 9510 | Evaluator Steps = 475500 | Final Dist = 1.293 | Final Dist 10 = 0.723 | Final Dist 100 = 1.134 | Final Dist 1000 = 1.106 | Init Dist = 12.806 | Init Dist 10 = 12.806 | Init Dist 100 = 12.806 | Init Dist 1000 = 12.806 | Learner Steps = 29165 | Learner Walltime = 5759.376 | Min Dist = 0.166 | Min Dist 10 = 0.291 | Min Dist 100 = 0.494 | Min Dist 1000 = 0.450 | Steps Per Second = 72.024 | Success = 1.000 | Success 1000 = 0.951
I0502 16:42:15.661633 139584504182336 lp_utils.py:96] StepsLimiter: Reached 1876450 recorded steps
I0502 16:42:15.978830 139555013154368 terminal.py:91] [Learner] Actor Episodes = 37527 | Actor Loss = 3.695916175842285 | Actor Steps = 1876350 | Binary Accuracy = 0.9960250854492188 | Categorical Accuracy = 0.42462158203125 | Critic Loss = 1.775289535522461 | Entropy Mean = -21.676437377929688 | Evaluator Episodes = 9508 | Evaluator Steps = 475400 | Learner Steps = 29168 | Learner Walltime = 5760.175 | Logits Neg = -17.303926467895508 | Logits Pos = -1.7624680995941162 | Logsumexp = 1.0972282886505127 | Steps Per Second = 98.277
I0502 16:42:17.033366 139579566835264 terminal.py:91] [Evaluator] Actor Episodes = 37537 | Actor Steps = 1876850 | Delta Dist = 11.515 | Delta Dist 10 = 11.421 | Delta Dist 100 = 11.613 | Delta Dist 1000 = 11.694 | Episode Length = 50 | Episode Return = 6.0 | Evaluator Episodes = 9512 | Evaluator Steps = 475600 | Final Dist = 1.291 | Final Dist 10 = 1.385 | Final Dist 100 = 1.193 | Final Dist 1000 = 1.112 | Init Dist = 12.806 | Init Dist 10 = 12.806 | Init Dist 100 = 12.806 | Init Dist 1000 = 12.806 | Learner Steps = 29171 | Learner Walltime = 5760.516 | Min Dist = 0.333 | Min Dist 10 = 0.887 | Min Dist 100 = 0.556 | Min Dist 1000 = 0.457 | Steps Per Second = 68.642 | Success = 1.000 | Success 1000 = 0.950
I0502 16:42:18.365717 139579566835264 terminal.py:91] [Evaluator] Actor Episodes = 37545 | Actor Steps = 1877250 | Delta Dist = 11.251 | Delta Dist 10 = 11.365 | Delta Dist 100 = 11.616 | Delta Dist 1000 = 11.693 | Episode Length = 50 | Episode Return = 17.0 | Evaluator Episodes = 9514 | Evaluator Steps = 475700 | Final Dist = 1.555 | Final Dist 10 = 1.441 | Final Dist 100 = 1.190 | Final Dist 1000 = 1.114 | Init Dist = 12.806 | Init Dist 10 = 12.806 | Init Dist 100 = 12.806 | Init Dist 1000 = 12.806 | Learner Steps = 29176 | Learner Walltime = 5761.884 | Min Dist = 0.049 | Min Dist 10 = 0.907 | Min Dist 100 = 0.555 | Min Dist 1000 = 0.457 | Steps Per Second = 74.707 | Success = 1.000 | Success 1000 = 0.950
I0502 16:42:19.226022 139558059398720 terminal.py:91] [Actor] Actor Episodes = 37548 | Actor Steps = 1877400 | Delta Dist = 9.913 | Delta Dist 10 = 3.233 | Delta Dist 100 = 4.261 | Delta Dist 1000 = 4.438 | Episode Length = 50 | Episode Return = 17.0 | Evaluator Episodes = 9514 | Evaluator Steps = 475700 | Final Dist = 0.087 | Final Dist 10 = 1.171 | Final Dist 100 = 1.444 | Final Dist 1000 = 1.429 | Init Dist = 10.000 | Init Dist 10 = 4.403 | Init Dist 100 = 5.705 | Init Dist 1000 = 5.868 | Learner Steps = 29176 | Learner Walltime = 5761.884 | Min Dist = 0.035 | Min Dist 10 = 0.255 | Min Dist 100 = 0.119 | Min Dist 1000 = 0.127 | Steps Per Second = 71.637 | Success = 1.000 | Success 1000 = 0.996
I0502 16:42:19.599586 139579566835264 terminal.py:91] [Evaluator] Actor Episodes = 37551 | Actor Steps = 1877550 | Delta Dist = 11.450 | Delta Dist 10 = 11.263 | Delta Dist 100 = 11.616 | Delta Dist 1000 = 11.691 | Episode Length = 50 | Episode Return = 18.0 | Evaluator Episodes = 9516 | Evaluator Steps = 475800 | Final Dist = 1.356 | Final Dist 10 = 1.543 | Final Dist 100 = 1.190 | Final Dist 1000 = 1.115 | Init Dist = 12.806 | Init Dist 10 = 12.806 | Init Dist 100 = 12.806 | Init Dist 1000 = 12.806 | Learner Steps = 29182 | Learner Walltime = 5762.965 | Min Dist = 0.100 | Min Dist 10 = 0.925 | Min Dist 100 = 0.553 | Min Dist 1000 = 0.458 | Steps Per Second = 81.809 | Success = 1.000 | Success 1000 = 0.950
I0502 16:42:20.832050 139579566835264 terminal.py:91] [Evaluator] Actor Episodes = 37559 | Actor Steps = 1877950 | Delta Dist = 12.477 | Delta Dist 10 = 10.824 | Delta Dist 100 = 11.565 | Delta Dist 1000 = 11.687 | Episode Length = 50 | Episode Return = 14.0 | Evaluator Episodes = 9518 | Evaluator Steps = 475900 | Final Dist = 0.329 | Final Dist 10 = 1.983 | Final Dist 100 = 1.241 | Final Dist 1000 = 1.119 | Init Dist = 12.806 | Init Dist 10 = 12.806 | Init Dist 100 = 12.806 | Init Dist 1000 = 12.806 | Learner Steps = 29187 | Learner Walltime = 5764.149 | Min Dist = 0.176 | Min Dist 10 = 1.205 | Min Dist 100 = 0.579 | Min Dist 1000 = 0.461 | Steps Per Second = 76.547 | Success = 1.000 | Success 1000 = 0.949
I0502 16:42:20.903433 139569349502528 terminal.py:91] [Actor] Actor Episodes = 37561 | Actor Steps = 1878050 | Delta Dist = 6.877 | Delta Dist 10 = 4.847 | Delta Dist 100 = 4.259 | Delta Dist 1000 = 4.448 | Episode Length = 50 | Episode Return = 19.0 | Evaluator Episodes = 9518 | Evaluator Steps = 475900 | Final Dist = 1.370 | Final Dist 10 = 1.608 | Final Dist 100 = 1.468 | Final Dist 1000 = 1.435 | Init Dist = 8.246 | Init Dist 10 = 6.455 | Init Dist 100 = 5.728 | Init Dist 1000 = 5.883 | Learner Steps = 29187 | Learner Walltime = 5764.149 | Min Dist = 0.006 | Min Dist 10 = 0.893 | Min Dist 100 = 0.190 | Min Dist 1000 = 0.132 | Steps Per Second = 73.133 | Success = 1.000 | Success 1000 = 0.996
I0502 16:42:21.566602 139583350109760 savers.py:156] Saving checkpoint: logs/contrastive_cpc_point_FourRooms_64/5dd72662-2788-11f0-b183-d85ed38c5779/checkpoints/learner
I0502 16:42:22.009382 139579566835264 terminal.py:91] [Evaluator] Actor Episodes = 37567 | Actor Steps = 1878350 | Delta Dist = 12.638 | Delta Dist 10 = 10.798 | Delta Dist 100 = 11.574 | Delta Dist 1000 = 11.688 | Episode Length = 50 | Episode Return = 25.0 | Evaluator Episodes = 9520 | Evaluator Steps = 476000 | Final Dist = 0.169 | Final Dist 10 = 2.009 | Final Dist 100 = 1.232 | Final Dist 1000 = 1.118 | Init Dist = 12.806 | Init Dist 10 = 12.806 | Init Dist 100 = 12.806 | Init Dist 1000 = 12.806 | Learner Steps = 29192 | Learner Walltime = 5765.256 | Min Dist = 0.169 | Min Dist 10 = 1.192 | Min Dist 100 = 0.573 | Min Dist 1000 = 0.461 | Steps Per Second = 79.863 | Success = 1.000 | Success 1000 = 0.949
I0502 16:42:23.248368 139579566835264 terminal.py:91] [Evaluator] Actor Episodes = 37575 | Actor Steps = 1878750 | Delta Dist = 12.109 | Delta Dist 10 = 11.434 | Delta Dist 100 = 11.576 | Delta Dist 1000 = 11.689 | Episode Length = 50 | Episode Return = 35.0 | Evaluator Episodes = 9522 | Evaluator Steps = 476100 | Final Dist = 0.697 | Final Dist 10 = 1.372 | Final Dist 100 = 1.230 | Final Dist 1000 = 1.117 | Init Dist = 12.806 | Init Dist 10 = 12.806 | Init Dist 100 = 12.806 | Init Dist 1000 = 12.806 | Learner Steps = 29195 | Learner Walltime = 5766.478 | Min Dist = 0.179 | Min Dist 10 = 0.548 | Min Dist 100 = 0.570 | Min Dist 1000 = 0.461 | Steps Per Second = 85.663 | Success = 1.000 | Success 1000 = 0.949
I0502 16:42:23.582915 139557462840896 terminal.py:91] [Actor] Actor Episodes = 37576 | Actor Steps = 1878800 | Delta Dist = 2.316 | Delta Dist 10 = 4.476 | Delta Dist 100 = 4.254 | Delta Dist 1000 = 4.487 | Episode Length = 50 | Episode Return = 25.0 | Evaluator Episodes = 9520 | Evaluator Steps = 476000 | Final Dist = 0.846 | Final Dist 10 = 2.584 | Final Dist 100 = 1.577 | Final Dist 1000 = 1.412 | Init Dist = 3.162 | Init Dist 10 = 7.060 | Init Dist 100 = 5.830 | Init Dist 1000 = 5.900 | Learner Steps = 29195 | Learner Walltime = 5766.478 | Min Dist = 0.028 | Min Dist 10 = 0.118 | Min Dist 100 = 0.181 | Min Dist 1000 = 0.130 | Steps Per Second = 85.131 | Success = 1.000 | Success 1000 = 0.997
I0502 16:42:24.554301 139579566835264 terminal.py:91] [Evaluator] Actor Episodes = 37583 | Actor Steps = 1879150 | Delta Dist = 11.838 | Delta Dist 10 = 11.478 | Delta Dist 100 = 11.574 | Delta Dist 1000 = 11.690 | Episode Length = 50 | Episode Return = 24.0 | Evaluator Episodes = 9524 | Evaluator Steps = 476200 | Final Dist = 0.969 | Final Dist 10 = 1.328 | Final Dist 100 = 1.232 | Final Dist 1000 = 1.116 | Init Dist = 12.806 | Init Dist 10 = 12.806 | Init Dist 100 = 12.806 | Init Dist 1000 = 12.806 | Learner Steps = 29204 | Learner Walltime = 5767.709 | Min Dist = 0.198 | Min Dist 10 = 0.507 | Min Dist 100 = 0.571 | Min Dist 1000 = 0.460 | Steps Per Second = 76.139 | Success = 1.000 | Success 1000 = 0.949
I0502 16:42:24.592430 139555860620864 terminal.py:91] [Actor] Actor Episodes = 37582 | Actor Steps = 1879100 | Delta Dist = 7.926 | Delta Dist 10 = 4.237 | Delta Dist 100 = 4.294 | Delta Dist 1000 = 4.486 | Episode Length = 50 | Episode Return = 16.0 | Evaluator Episodes = 9522 | Evaluator Steps = 476100 | Final Dist = 0.136 | Final Dist 10 = 1.149 | Final Dist 100 = 1.520 | Final Dist 1000 = 1.413 | Init Dist = 8.062 | Init Dist 10 = 5.386 | Init Dist 100 = 5.813 | Init Dist 1000 = 5.899 | Learner Steps = 29204 | Learner Walltime = 5767.709 | Min Dist = 0.051 | Min Dist 10 = 0.056 | Min Dist 100 = 0.182 | Min Dist 1000 = 0.131 | Steps Per Second = 84.159 | Success = 1.000 | Success 1000 = 0.997
I0502 16:42:25.687441 139584504182336 lp_utils.py:96] StepsLimiter: Reached 1879550 recorded steps
I0502 16:42:25.966028 139579566835264 terminal.py:91] [Evaluator] Actor Episodes = 37593 | Actor Steps = 1879650 | Delta Dist = 12.019 | Delta Dist 10 = 11.585 | Delta Dist 100 = 11.577 | Delta Dist 1000 = 11.691 | Episode Length = 50 | Episode Return = 32.0 | Evaluator Episodes = 9526 | Evaluator Steps = 476300 | Final Dist = 0.788 | Final Dist 10 = 1.222 | Final Dist 100 = 1.229 | Final Dist 1000 = 1.115 | Init Dist = 12.806 | Init Dist 10 = 12.806 | Init Dist 100 = 12.806 | Init Dist 1000 = 12.806 | Learner Steps = 29215 | Learner Walltime = 5770.027 | Min Dist = 0.290 | Min Dist 10 = 0.492 | Min Dist 100 = 0.569 | Min Dist 1000 = 0.460 | Steps Per Second = 77.351 | Success = 1.000 | Success 1000 = 0.949
I0502 16:42:26.183091 139555013154368 terminal.py:91] [Learner] Actor Episodes = 37591 | Actor Loss = 3.7005953788757324 | Actor Steps = 1879550 | Binary Accuracy = 0.9959549903869629 | Categorical Accuracy = 0.41107177734375 | Critic Loss = 1.813981294631958 | Entropy Mean = -22.93731689453125 | Evaluator Episodes = 9524 | Evaluator Steps = 476200 | Learner Steps = 29217 | Learner Walltime = 5770.380 | Logits Neg = -17.151004791259766 | Logits Pos = -1.7959473133087158 | Logsumexp = 1.1413123607635498 | Steps Per Second = 212.411
I0502 16:42:27.168454 139579566835264 terminal.py:91] [Evaluator] Actor Episodes = 37601 | Actor Steps = 1880050 | Delta Dist = 11.846 | Delta Dist 10 = 12.157 | Delta Dist 100 = 11.588 | Delta Dist 1000 = 11.691 | Episode Length = 50 | Episode Return = 7.0 | Evaluator Episodes = 9528 | Evaluator Steps = 476400 | Final Dist = 0.960 | Final Dist 10 = 0.650 | Final Dist 100 = 1.218 | Final Dist 1000 = 1.115 | Init Dist = 12.806 | Init Dist 10 = 12.806 | Init Dist 100 = 12.806 | Init Dist 1000 = 12.806 | Learner Steps = 29221 | Learner Walltime = 5771.182 | Min Dist = 0.600 | Min Dist 10 = 0.170 | Min Dist 100 = 0.572 | Min Dist 1000 = 0.460 | Steps Per Second = 85.746 | Success = 1.000 | Success 1000 = 0.949
I0502 16:42:28.301811 139579566835264 terminal.py:91] [Evaluator] Actor Episodes = 37609 | Actor Steps = 1880450 | Delta Dist = 10.611 | Delta Dist 10 = 12.078 | Delta Dist 100 = 11.586 | Delta Dist 1000 = 11.691 | Episode Length = 50 | Episode Return = 0.0 | Evaluator Episodes = 9530 | Evaluator Steps = 476500 | Final Dist = 2.195 | Final Dist 10 = 0.728 | Final Dist 100 = 1.221 | Final Dist 1000 = 1.115 | Init Dist = 12.806 | Init Dist 10 = 12.806 | Init Dist 100 = 12.806 | Init Dist 1000 = 12.806 | Learner Steps = 29227 | Learner Walltime = 5772.367 | Min Dist = 2.195 | Min Dist 10 = 0.231 | Min Dist 100 = 0.579 | Min Dist 1000 = 0.461 | Steps Per Second = 84.801 | Success = 0.000 | Success 1000 = 0.949
I0502 16:42:29.270090 139558059398720 terminal.py:91] [Actor] Actor Episodes = 37612 | Actor Steps = 1880600 | Delta Dist = 6.037 | Delta Dist 10 = 4.839 | Delta Dist 100 = 4.274 | Delta Dist 1000 = 4.498 | Episode Length = 50 | Episode Return = 45.0 | Evaluator Episodes = 9530 | Evaluator Steps = 476500 | Final Dist = 0.046 | Final Dist 10 = 0.383 | Final Dist 100 = 1.427 | Final Dist 1000 = 1.398 | Init Dist = 6.083 | Init Dist 10 = 5.222 | Init Dist 100 = 5.701 | Init Dist 1000 = 5.896 | Learner Steps = 29227 | Learner Walltime = 5772.367 | Min Dist = 0.007 | Min Dist 10 = 0.062 | Min Dist 100 = 0.251 | Min Dist 1000 = 0.137 | Steps Per Second = 76.414 | Success = 1.000 | Success 1000 = 0.997
I0502 16:42:29.583658 139579566835264 terminal.py:91] [Evaluator] Actor Episodes = 37617 | Actor Steps = 1880850 | Delta Dist = 12.182 | Delta Dist 10 = 11.911 | Delta Dist 100 = 11.576 | Delta Dist 1000 = 11.689 | Episode Length = 50 | Episode Return = 20.0 | Evaluator Episodes = 9532 | Evaluator Steps = 476600 | Final Dist = 0.624 | Final Dist 10 = 0.895 | Final Dist 100 = 1.230 | Final Dist 1000 = 1.117 | Init Dist = 12.806 | Init Dist 10 = 12.806 | Init Dist 100 = 12.806 | Init Dist 1000 = 12.806 | Learner Steps = 29233 | Learner Walltime = 5773.564 | Min Dist = 0.243 | Min Dist 10 = 0.467 | Min Dist 100 = 0.602 | Min Dist 1000 = 0.463 | Steps Per Second = 79.747 | Success = 1.000 | Success 1000 = 0.948
I0502 16:42:30.810733 139579566835264 terminal.py:91] [Evaluator] Actor Episodes = 37625 | Actor Steps = 1881250 | Delta Dist = 12.412 | Delta Dist 10 = 11.880 | Delta Dist 100 = 11.577 | Delta Dist 1000 = 11.690 | Episode Length = 50 | Episode Return = 23.0 | Evaluator Episodes = 9534 | Evaluator Steps = 476700 | Final Dist = 0.395 | Final Dist 10 = 0.926 | Final Dist 100 = 1.229 | Final Dist 1000 = 1.117 | Init Dist = 12.806 | Init Dist 10 = 12.806 | Init Dist 100 = 12.806 | Init Dist 1000 = 12.806 | Learner Steps = 29239 | Learner Walltime = 5774.832 | Min Dist = 0.188 | Min Dist 10 = 0.499 | Min Dist 100 = 0.605 | Min Dist 1000 = 0.464 | Steps Per Second = 89.186 | Success = 1.000 | Success 1000 = 0.948
I0502 16:42:31.303643 139569349502528 terminal.py:91] [Actor] Actor Episodes = 37626 | Actor Steps = 1881300 | Delta Dist = 4.438 | Delta Dist 10 = 5.625 | Delta Dist 100 = 4.374 | Delta Dist 1000 = 4.505 | Episode Length = 50 | Episode Return = 0.0 | Evaluator Episodes = 9532 | Evaluator Steps = 476600 | Final Dist = 3.808 | Final Dist 10 = 1.719 | Final Dist 100 = 1.466 | Final Dist 1000 = 1.409 | Init Dist = 8.246 | Init Dist 10 = 7.344 | Init Dist 100 = 5.840 | Init Dist 1000 = 5.915 | Learner Steps = 29239 | Learner Walltime = 5774.832 | Min Dist = 0.274 | Min Dist 10 = 0.085 | Min Dist 100 = 0.251 | Min Dist 1000 = 0.137 | Steps Per Second = 88.503 | Success = 1.000 | Success 1000 = 0.997
I0502 16:42:31.926697 139579566835264 terminal.py:91] [Evaluator] Actor Episodes = 37633 | Actor Steps = 1881650 | Delta Dist = 11.467 | Delta Dist 10 = 11.901 | Delta Dist 100 = 11.580 | Delta Dist 1000 = 11.690 | Episode Length = 50 | Episode Return = 1.0 | Evaluator Episodes = 9536 | Evaluator Steps = 476800 | Final Dist = 1.339 | Final Dist 10 = 0.906 | Final Dist 100 = 1.226 | Final Dist 1000 = 1.116 | Init Dist = 12.806 | Init Dist 10 = 12.806 | Init Dist 100 = 12.806 | Init Dist 1000 = 12.806 | Learner Steps = 29245 | Learner Walltime = 5775.875 | Min Dist = 0.450 | Min Dist 10 = 0.516 | Min Dist 100 = 0.610 | Min Dist 1000 = 0.464 | Steps Per Second = 96.108 | Success = 1.000 | Success 1000 = 0.948
I0502 16:42:33.246052 139579566835264 terminal.py:91] [Evaluator] Actor Episodes = 37641 | Actor Steps = 1882050 | Delta Dist = 11.180 | Delta Dist 10 = 11.799 | Delta Dist 100 = 11.572 | Delta Dist 1000 = 11.691 | Episode Length = 50 | Episode Return = 15.0 | Evaluator Episodes = 9538 | Evaluator Steps = 476900 | Final Dist = 1.626 | Final Dist 10 = 1.007 | Final Dist 100 = 1.234 | Final Dist 1000 = 1.115 | Init Dist = 12.806 | Init Dist 10 = 12.806 | Init Dist 100 = 12.806 | Init Dist 1000 = 12.806 | Learner Steps = 29251 | Learner Walltime = 5776.886 | Min Dist = 0.246 | Min Dist 10 = 0.551 | Min Dist 100 = 0.616 | Min Dist 1000 = 0.464 | Steps Per Second = 74.103 | Success = 1.000 | Success 1000 = 0.948
I0502 16:42:33.669609 139557462840896 terminal.py:91] [Actor] Actor Episodes = 37640 | Actor Steps = 1882000 | Delta Dist = 2.401 | Delta Dist 10 = 6.399 | Delta Dist 100 = 4.785 | Delta Dist 1000 = 4.526 | Episode Length = 50 | Episode Return = 18.0 | Evaluator Episodes = 9536 | Evaluator Steps = 476800 | Final Dist = 1.722 | Final Dist 10 = 0.813 | Final Dist 100 = 1.340 | Final Dist 1000 = 1.398 | Init Dist = 4.123 | Init Dist 10 = 7.212 | Init Dist 100 = 6.124 | Init Dist 1000 = 5.924 | Learner Steps = 29251 | Learner Walltime = 5776.886 | Min Dist = 0.130 | Min Dist 10 = 0.073 | Min Dist 100 = 0.240 | Min Dist 1000 = 0.137 | Steps Per Second = 81.280 | Success = 1.000 | Success 1000 = 0.997
I0502 16:42:34.560405 139579566835264 terminal.py:91] [Evaluator] Actor Episodes = 37647 | Actor Steps = 1882350 | Delta Dist = 11.467 | Delta Dist 10 = 11.793 | Delta Dist 100 = 11.568 | Delta Dist 1000 = 11.691 | Episode Length = 50 | Episode Return = 8.0 | Evaluator Episodes = 9540 | Evaluator Steps = 477000 | Final Dist = 1.339 | Final Dist 10 = 1.013 | Final Dist 100 = 1.239 | Final Dist 1000 = 1.115 | Init Dist = 12.806 | Init Dist 10 = 12.806 | Init Dist 100 = 12.806 | Init Dist 1000 = 12.806 | Learner Steps = 29257 | Learner Walltime = 5778.233 | Min Dist = 0.092 | Min Dist 10 = 0.493 | Min Dist 100 = 0.617 | Min Dist 1000 = 0.464 | Steps Per Second = 73.644 | Success = 1.000 | Success 1000 = 0.948
I0502 16:42:34.800197 139555860620864 terminal.py:91] [Actor] Actor Episodes = 37646 | Actor Steps = 1882300 | Delta Dist = 7.641 | Delta Dist 10 = 3.966 | Delta Dist 100 = 4.765 | Delta Dist 1000 = 4.505 | Episode Length = 50 | Episode Return = 13.0 | Evaluator Episodes = 9538 | Evaluator Steps = 476900 | Final Dist = 1.793 | Final Dist 10 = 2.001 | Final Dist 100 = 1.443 | Final Dist 1000 = 1.412 | Init Dist = 9.434 | Init Dist 10 = 5.967 | Init Dist 100 = 6.208 | Init Dist 1000 = 5.917 | Learner Steps = 29257 | Learner Walltime = 5778.233 | Min Dist = 0.592 | Min Dist 10 = 1.002 | Min Dist 100 = 0.315 | Min Dist 1000 = 0.147 | Steps Per Second = 80.036 | Success = 1.000 | Success 1000 = 0.997
I0502 16:42:35.708605 139584504182336 lp_utils.py:96] StepsLimiter: Reached 1882750 recorded steps
I0502 16:42:35.834057 139579566835264 terminal.py:91] [Evaluator] Actor Episodes = 37655 | Actor Steps = 1882750 | Delta Dist = 11.645 | Delta Dist 10 = 11.897 | Delta Dist 100 = 11.573 | Delta Dist 1000 = 11.690 | Episode Length = 50 | Episode Return = 11.0 | Evaluator Episodes = 9542 | Evaluator Steps = 477100 | Final Dist = 1.161 | Final Dist 10 = 0.909 | Final Dist 100 = 1.233 | Final Dist 1000 = 1.116 | Init Dist = 12.806 | Init Dist 10 = 12.806 | Init Dist 100 = 12.806 | Init Dist 1000 = 12.806 | Learner Steps = 29262 | Learner Walltime = 5779.295 | Min Dist = 0.421 | Min Dist 10 = 0.265 | Min Dist 100 = 0.613 | Min Dist 1000 = 0.464 | Steps Per Second = 78.111 | Success = 1.000 | Success 1000 = 0.948
I0502 16:42:36.321526 139555013154368 terminal.py:91] [Learner] Actor Episodes = 37659 | Actor Loss = 3.6181349754333496 | Actor Steps = 1882950 | Binary Accuracy = 0.9960579872131348 | Categorical Accuracy = 0.4173583984375 | Critic Loss = 1.8530640602111816 | Entropy Mean = -20.775968551635742 | Evaluator Episodes = 9542 | Evaluator Steps = 477100 | Learner Steps = 29267 | Learner Walltime = 5780.512 | Logits Neg = -16.65637969970703 | Logits Pos = -1.841030240058899 | Logsumexp = 1.1272006034851074 | Steps Per Second = 212.127
I0502 16:42:37.138673 139579566835264 terminal.py:91] [Evaluator] Actor Episodes = 37663 | Actor Steps = 1883150 | Delta Dist = 11.733 | Delta Dist 10 = 11.838 | Delta Dist 100 = 11.566 | Delta Dist 1000 = 11.689 | Episode Length = 50 | Episode Return = 24.0 | Evaluator Episodes = 9544 | Evaluator Steps = 477200 | Final Dist = 1.073 | Final Dist 10 = 0.968 | Final Dist 100 = 1.240 | Final Dist 1000 = 1.117 | Init Dist = 12.806 | Init Dist 10 = 12.806 | Init Dist 100 = 12.806 | Init Dist 1000 = 12.806 | Learner Steps = 29267 | Learner Walltime = 5780.512 | Min Dist = 0.179 | Min Dist 10 = 0.252 | Min Dist 100 = 0.611 | Min Dist 1000 = 0.465 | Steps Per Second = 81.361 | Success = 1.000 | Success 1000 = 0.948
I0502 16:42:38.374102 139579566835264 terminal.py:91] [Evaluator] Actor Episodes = 37671 | Actor Steps = 1883550 | Delta Dist = 11.447 | Delta Dist 10 = 10.894 | Delta Dist 100 = 11.475 | Delta Dist 1000 = 11.680 | Episode Length = 50 | Episode Return = 10.0 | Evaluator Episodes = 9546 | Evaluator Steps = 477300 | Final Dist = 1.360 | Final Dist 10 = 1.913 | Final Dist 100 = 1.331 | Final Dist 1000 = 1.126 | Init Dist = 12.806 | Init Dist 10 = 12.806 | Init Dist 100 = 12.806 | Init Dist 1000 = 12.806 | Learner Steps = 29278 | Learner Walltime = 5782.566 | Min Dist = 0.772 | Min Dist 10 = 0.952 | Min Dist 100 = 0.681 | Min Dist 1000 = 0.472 | Steps Per Second = 81.482 | Success = 1.000 | Success 1000 = 0.947
I0502 16:42:39.467036 139558059398720 terminal.py:91] [Actor] Actor Episodes = 37676 | Actor Steps = 1883800 | Delta Dist = 10.245 | Delta Dist 10 = 4.520 | Delta Dist 100 = 4.720 | Delta Dist 1000 = 4.514 | Episode Length = 50 | Episode Return = 38.0 | Evaluator Episodes = 9546 | Evaluator Steps = 477300 | Final Dist = 0.196 | Final Dist 10 = 1.957 | Final Dist 100 = 1.415 | Final Dist 1000 = 1.418 | Init Dist = 10.440 | Init Dist 10 = 6.478 | Init Dist 100 = 6.136 | Init Dist 1000 = 5.932 | Learner Steps = 29278 | Learner Walltime = 5782.566 | Min Dist = 0.089 | Min Dist 10 = 0.068 | Min Dist 100 = 0.228 | Min Dist 1000 = 0.147 | Steps Per Second = 72.219 | Success = 1.000 | Success 1000 = 0.997
I0502 16:42:39.637030 139579566835264 terminal.py:91] [Evaluator] Actor Episodes = 37679 | Actor Steps = 1883950 | Delta Dist = 12.162 | Delta Dist 10 = 10.819 | Delta Dist 100 = 11.469 | Delta Dist 1000 = 11.679 | Episode Length = 50 | Episode Return = 10.0 | Evaluator Episodes = 9548 | Evaluator Steps = 477400 | Final Dist = 0.644 | Final Dist 10 = 1.987 | Final Dist 100 = 1.337 | Final Dist 1000 = 1.127 | Init Dist = 12.806 | Init Dist 10 = 12.806 | Init Dist 100 = 12.806 | Init Dist 1000 = 12.806 | Learner Steps = 29283 | Learner Walltime = 5783.727 | Min Dist = 0.322 | Min Dist 10 = 0.977 | Min Dist 100 = 0.689 | Min Dist 1000 = 0.472 | Steps Per Second = 76.197 | Success = 1.000 | Success 1000 = 0.947
I0502 16:42:41.052244 139579566835264 terminal.py:91] [Evaluator] Actor Episodes = 37689 | Actor Steps = 1884450 | Delta Dist = 12.707 | Delta Dist 10 = 10.943 | Delta Dist 100 = 11.474 | Delta Dist 1000 = 11.679 | Episode Length = 50 | Episode Return = 21.0 | Evaluator Episodes = 9550 | Evaluator Steps = 477500 | Final Dist = 0.100 | Final Dist 10 = 1.864 | Final Dist 100 = 1.332 | Final Dist 1000 = 1.127 | Init Dist = 12.806 | Init Dist 10 = 12.806 | Init Dist 100 = 12.806 | Init Dist 1000 = 12.806 | Learner Steps = 29289 | Learner Walltime = 5785.005 | Min Dist = 0.094 | Min Dist 10 = 0.996 | Min Dist 100 = 0.684 | Min Dist 1000 = 0.473 | Steps Per Second = 72.885 | Success = 1.000 | Success 1000 = 0.947
I0502 16:42:41.700417 139569349502528 terminal.py:91] [Actor] Actor Episodes = 37690 | Actor Steps = 1884500 | Delta Dist = 8.654 | Delta Dist 10 = 4.296 | Delta Dist 100 = 4.686 | Delta Dist 1000 = 4.500 | Episode Length = 50 | Episode Return = 42.0 | Evaluator Episodes = 9548 | Evaluator Steps = 477400 | Final Dist = 0.780 | Final Dist 10 = 1.505 | Final Dist 100 = 1.359 | Final Dist 1000 = 1.426 | Init Dist = 9.434 | Init Dist 10 = 5.800 | Init Dist 100 = 6.044 | Init Dist 1000 = 5.926 | Learner Steps = 29289 | Learner Walltime = 5785.005 | Min Dist = 0.080 | Min Dist 10 = 1.045 | Min Dist 100 = 0.260 | Min Dist 1000 = 0.157 | Steps Per Second = 73.155 | Success = 1.000 | Success 1000 = 0.997
I0502 16:42:42.350216 139579566835264 terminal.py:91] [Evaluator] Actor Episodes = 37695 | Actor Steps = 1884750 | Delta Dist = 11.401 | Delta Dist 10 = 10.533 | Delta Dist 100 = 11.442 | Delta Dist 1000 = 11.674 | Episode Length = 50 | Episode Return = 10.0 | Evaluator Episodes = 9552 | Evaluator Steps = 477600 | Final Dist = 1.405 | Final Dist 10 = 2.273 | Final Dist 100 = 1.365 | Final Dist 1000 = 1.132 | Init Dist = 12.806 | Init Dist 10 = 12.806 | Init Dist 100 = 12.806 | Init Dist 1000 = 12.806 | Learner Steps = 29295 | Learner Walltime = 5786.026 | Min Dist = 0.065 | Min Dist 10 = 1.525 | Min Dist 100 = 0.734 | Min Dist 1000 = 0.478 | Steps Per Second = 80.096 | Success = 1.000 | Success 1000 = 0.946
I0502 16:42:43.613227 139579566835264 terminal.py:91] [Evaluator] Actor Episodes = 37703 | Actor Steps = 1885150 | Delta Dist = 11.991 | Delta Dist 10 = 10.487 | Delta Dist 100 = 11.511 | Delta Dist 1000 = 11.673 | Episode Length = 50 | Episode Return = 24.0 | Evaluator Episodes = 9554 | Evaluator Steps = 477700 | Final Dist = 0.816 | Final Dist 10 = 2.319 | Final Dist 100 = 1.295 | Final Dist 1000 = 1.133 | Init Dist = 12.806 | Init Dist 10 = 12.806 | Init Dist 100 = 12.806 | Init Dist 1000 = 12.806 | Learner Steps = 29299 | Learner Walltime = 5787.040 | Min Dist = 0.405 | Min Dist 10 = 1.496 | Min Dist 100 = 0.658 | Min Dist 1000 = 0.477 | Steps Per Second = 74.024 | Success = 1.000 | Success 1000 = 0.946
I0502 16:42:43.993670 139557462840896 terminal.py:91] [Actor] Actor Episodes = 37702 | Actor Steps = 1885100 | Delta Dist = 3.594 | Delta Dist 10 = 4.399 | Delta Dist 100 = 4.869 | Delta Dist 1000 = 4.513 | Episode Length = 50 | Episode Return = 35.0 | Evaluator Episodes = 9552 | Evaluator Steps = 477600 | Final Dist = 0.529 | Final Dist 10 = 2.316 | Final Dist 100 = 1.508 | Final Dist 1000 = 1.418 | Init Dist = 4.123 | Init Dist 10 = 6.715 | Init Dist 100 = 6.377 | Init Dist 1000 = 5.931 | Learner Steps = 29299 | Learner Walltime = 5787.040 | Min Dist = 0.223 | Min Dist 10 = 0.261 | Min Dist 100 = 0.295 | Min Dist 1000 = 0.160 | Steps Per Second = 82.789 | Success = 1.000 | Success 1000 = 0.995
I0502 16:42:44.744415 139579566835264 terminal.py:91] [Evaluator] Actor Episodes = 37711 | Actor Steps = 1885550 | Delta Dist = 11.386 | Delta Dist 10 = 11.434 | Delta Dist 100 = 11.512 | Delta Dist 1000 = 11.673 | Episode Length = 50 | Episode Return = 11.0 | Evaluator Episodes = 9556 | Evaluator Steps = 477800 | Final Dist = 1.421 | Final Dist 10 = 1.373 | Final Dist 100 = 1.295 | Final Dist 1000 = 1.133 | Init Dist = 12.806 | Init Dist 10 = 12.806 | Init Dist 100 = 12.806 | Init Dist 1000 = 12.806 | Learner Steps = 29305 | Learner Walltime = 5788.267 | Min Dist = 0.099 | Min Dist 10 = 0.782 | Min Dist 100 = 0.660 | Min Dist 1000 = 0.478 | Steps Per Second = 83.191 | Success = 1.000 | Success 1000 = 0.946
I0502 16:42:45.251021 139555860620864 terminal.py:91] [Actor] Actor Episodes = 37710 | Actor Steps = 1885500 | Delta Dist = 3.522 | Delta Dist 10 = 4.239 | Delta Dist 100 = 4.687 | Delta Dist 1000 = 4.506 | Episode Length = 50 | Episode Return = 25.0 | Evaluator Episodes = 9554 | Evaluator Steps = 477700 | Final Dist = 0.478 | Final Dist 10 = 0.891 | Final Dist 100 = 1.554 | Final Dist 1000 = 1.421 | Init Dist = 4.000 | Init Dist 10 = 5.129 | Init Dist 100 = 6.241 | Init Dist 1000 = 5.927 | Learner Steps = 29305 | Learner Walltime = 5788.267 | Min Dist = 0.089 | Min Dist 10 = 0.107 | Min Dist 100 = 0.299 | Min Dist 1000 = 0.160 | Steps Per Second = 73.367 | Success = 1.000 | Success 1000 = 0.995
I0502 16:42:45.731125 139584504182336 lp_utils.py:96] StepsLimiter: Reached 1885750 recorded steps
I0502 16:42:45.957779 139579566835264 terminal.py:91] [Evaluator] Actor Episodes = 37719 | Actor Steps = 1885950 | Delta Dist = 12.401 | Delta Dist 10 = 11.436 | Delta Dist 100 = 11.504 | Delta Dist 1000 = 11.673 | Episode Length = 50 | Episode Return = 22.0 | Evaluator Episodes = 9558 | Evaluator Steps = 477900 | Final Dist = 0.405 | Final Dist 10 = 1.371 | Final Dist 100 = 1.302 | Final Dist 1000 = 1.133 | Init Dist = 12.806 | Init Dist 10 = 12.806 | Init Dist 100 = 12.806 | Init Dist 1000 = 12.806 | Learner Steps = 29311 | Learner Walltime = 5789.547 | Min Dist = 0.047 | Min Dist 10 = 0.726 | Min Dist 100 = 0.662 | Min Dist 1000 = 0.477 | Steps Per Second = 85.734 | Success = 1.000 | Success 1000 = 0.946
I0502 16:42:46.464523 139555013154368 terminal.py:91] [Learner] Actor Episodes = 37723 | Actor Loss = 3.597703456878662 | Actor Steps = 1886150 | Binary Accuracy = 0.996039867401123 | Categorical Accuracy = 0.420166015625 | Critic Loss = 1.807633876800537 | Entropy Mean = -22.430315017700195 | Evaluator Episodes = 9558 | Evaluator Steps = 477900 | Learner Steps = 29317 | Learner Walltime = 5790.662 | Logits Neg = -16.916677474975586 | Logits Pos = -1.7638804912567139 | Logsumexp = 1.0772271156311035 | Steps Per Second = 144.081
I0502 16:42:47.235521 139579566835264 terminal.py:91] [Evaluator] Actor Episodes = 37727 | Actor Steps = 1886350 | Delta Dist = 11.740 | Delta Dist 10 = 11.369 | Delta Dist 100 = 11.514 | Delta Dist 1000 = 11.673 | Episode Length = 50 | Episode Return = 10.0 | Evaluator Episodes = 9560 | Evaluator Steps = 478000 | Final Dist = 1.066 | Final Dist 10 = 1.437 | Final Dist 100 = 1.293 | Final Dist 1000 = 1.133 | Init Dist = 12.806 | Init Dist 10 = 12.806 | Init Dist 100 = 12.806 | Init Dist 1000 = 12.806 | Learner Steps = 29317 | Learner Walltime = 5790.662 | Min Dist = 0.206 | Min Dist 10 = 0.686 | Min Dist 100 = 0.648 | Min Dist 1000 = 0.477 | Steps Per Second = 80.204 | Success = 1.000 | Success 1000 = 0.946
I0502 16:42:48.488079 139579566835264 terminal.py:91] [Evaluator] Actor Episodes = 37735 | Actor Steps = 1886750 | Delta Dist = 11.816 | Delta Dist 10 = 11.760 | Delta Dist 100 = 11.507 | Delta Dist 1000 = 11.672 | Episode Length = 50 | Episode Return = 24.0 | Evaluator Episodes = 9562 | Evaluator Steps = 478100 | Final Dist = 0.991 | Final Dist 10 = 1.046 | Final Dist 100 = 1.299 | Final Dist 1000 = 1.135 | Init Dist = 12.806 | Init Dist 10 = 12.806 | Init Dist 100 = 12.806 | Init Dist 1000 = 12.806 | Learner Steps = 29322 | Learner Walltime = 5791.700 | Min Dist = 0.260 | Min Dist 10 = 0.164 | Min Dist 100 = 0.647 | Min Dist 1000 = 0.477 | Steps Per Second = 85.132 | Success = 1.000 | Success 1000 = 0.946
I0502 16:42:49.722177 139579566835264 terminal.py:91] [Evaluator] Actor Episodes = 37743 | Actor Steps = 1887150 | Delta Dist = 11.799 | Delta Dist 10 = 11.761 | Delta Dist 100 = 11.504 | Delta Dist 1000 = 11.671 | Episode Length = 50 | Episode Return = 16.0 | Evaluator Episodes = 9564 | Evaluator Steps = 478200 | Final Dist = 1.008 | Final Dist 10 = 1.046 | Final Dist 100 = 1.303 | Final Dist 1000 = 1.135 | Init Dist = 12.806 | Init Dist 10 = 12.806 | Init Dist 100 = 12.806 | Init Dist 1000 = 12.806 | Learner Steps = 29329 | Learner Walltime = 5792.960 | Min Dist = 0.385 | Min Dist 10 = 0.239 | Min Dist 100 = 0.647 | Min Dist 1000 = 0.477 | Steps Per Second = 82.010 | Success = 1.000 | Success 1000 = 0.946
I0502 16:42:50.098047 139558059398720 terminal.py:91] [Actor] Actor Episodes = 37747 | Actor Steps = 1887350 | Delta Dist = 2.045 | Delta Dist 10 = 5.940 | Delta Dist 100 = 4.484 | Delta Dist 1000 = 4.514 | Episode Length = 50 | Episode Return = 48.0 | Evaluator Episodes = 9564 | Evaluator Steps = 478200 | Final Dist = 0.191 | Final Dist 10 = 0.537 | Final Dist 100 = 1.474 | Final Dist 1000 = 1.390 | Init Dist = 2.236 | Init Dist 10 = 6.477 | Init Dist 100 = 5.958 | Init Dist 1000 = 5.904 | Learner Steps = 29335 | Learner Walltime = 5794.023 | Min Dist = 0.066 | Min Dist 10 = 0.078 | Min Dist 100 = 0.309 | Min Dist 1000 = 0.161 | Steps Per Second = 77.520 | Success = 1.000 | Success 1000 = 0.994
I0502 16:42:50.841609 139579566835264 terminal.py:91] [Evaluator] Actor Episodes = 37751 | Actor Steps = 1887550 | Delta Dist = 11.819 | Delta Dist 10 = 11.634 | Delta Dist 100 = 11.539 | Delta Dist 1000 = 11.671 | Episode Length = 50 | Episode Return = 15.0 | Evaluator Episodes = 9566 | Evaluator Steps = 478300 | Final Dist = 0.987 | Final Dist 10 = 1.172 | Final Dist 100 = 1.267 | Final Dist 1000 = 1.135 | Init Dist = 12.806 | Init Dist 10 = 12.806 | Init Dist 100 = 12.806 | Init Dist 1000 = 12.806 | Learner Steps = 29335 | Learner Walltime = 5794.023 | Min Dist = 0.569 | Min Dist 10 = 0.241 | Min Dist 100 = 0.598 | Min Dist 1000 = 0.477 | Steps Per Second = 94.040 | Success = 1.000 | Success 1000 = 0.946
I0502 16:42:51.733111 139569349502528 terminal.py:91] [Actor] Actor Episodes = 37754 | Actor Steps = 1887700 | Delta Dist = 1.888 | Delta Dist 10 = 4.591 | Delta Dist 100 = 4.537 | Delta Dist 1000 = 4.517 | Episode Length = 50 | Episode Return = 0.0 | Evaluator Episodes = 9566 | Evaluator Steps = 478300 | Final Dist = 2.235 | Final Dist 10 = 1.505 | Final Dist 100 = 1.409 | Final Dist 1000 = 1.395 | Init Dist = 4.123 | Init Dist 10 = 6.096 | Init Dist 100 = 5.946 | Init Dist 1000 = 5.911 | Learner Steps = 29340 | Learner Walltime = 5795.052 | Min Dist = 0.027 | Min Dist 10 = 0.511 | Min Dist 100 = 0.259 | Min Dist 1000 = 0.165 | Steps Per Second = 85.176 | Success = 1.000 | Success 1000 = 0.993
I0502 16:42:51.946612 139579566835264 terminal.py:91] [Evaluator] Actor Episodes = 37757 | Actor Steps = 1887850 | Delta Dist = 12.641 | Delta Dist 10 = 11.683 | Delta Dist 100 = 11.539 | Delta Dist 1000 = 11.672 | Episode Length = 50 | Episode Return = 16.0 | Evaluator Episodes = 9568 | Evaluator Steps = 478400 | Final Dist = 0.166 | Final Dist 10 = 1.124 | Final Dist 100 = 1.267 | Final Dist 1000 = 1.134 | Init Dist = 12.806 | Init Dist 10 = 12.806 | Init Dist 100 = 12.806 | Init Dist 1000 = 12.806 | Learner Steps = 29340 | Learner Walltime = 5795.052 | Min Dist = 0.059 | Min Dist 10 = 0.265 | Min Dist 100 = 0.600 | Min Dist 1000 = 0.478 | Steps Per Second = 97.638 | Success = 1.000 | Success 1000 = 0.946
I0502 16:42:53.095804 139579566835264 terminal.py:91] [Evaluator] Actor Episodes = 37765 | Actor Steps = 1888250 | Delta Dist = 12.522 | Delta Dist 10 = 11.790 | Delta Dist 100 = 11.563 | Delta Dist 1000 = 11.674 | Episode Length = 50 | Episode Return = 12.0 | Evaluator Episodes = 9570 | Evaluator Steps = 478500 | Final Dist = 0.285 | Final Dist 10 = 1.016 | Final Dist 100 = 1.244 | Final Dist 1000 = 1.132 | Init Dist = 12.806 | Init Dist 10 = 12.806 | Init Dist 100 = 12.806 | Init Dist 1000 = 12.806 | Learner Steps = 29346 | Learner Walltime = 5796.215 | Min Dist = 0.207 | Min Dist 10 = 0.287 | Min Dist 100 = 0.602 | Min Dist 1000 = 0.476 | Steps Per Second = 84.139 | Success = 1.000 | Success 1000 = 0.946
I0502 16:42:54.291326 139579566835264 terminal.py:91] [Evaluator] Actor Episodes = 37773 | Actor Steps = 1888650 | Delta Dist = 11.455 | Delta Dist 10 = 11.581 | Delta Dist 100 = 11.584 | Delta Dist 1000 = 11.673 | Episode Length = 50 | Episode Return = 13.0 | Evaluator Episodes = 9572 | Evaluator Steps = 478600 | Final Dist = 1.352 | Final Dist 10 = 1.225 | Final Dist 100 = 1.222 | Final Dist 1000 = 1.134 | Init Dist = 12.806 | Init Dist 10 = 12.806 | Init Dist 100 = 12.806 | Init Dist 1000 = 12.806 | Learner Steps = 29352 | Learner Walltime = 5797.422 | Min Dist = 0.246 | Min Dist 10 = 0.672 | Min Dist 100 = 0.605 | Min Dist 1000 = 0.480 | Steps Per Second = 85.332 | Success = 1.000 | Success 1000 = 0.945
I0502 16:42:54.384145 139557462840896 terminal.py:91] [Actor] Actor Episodes = 37775 | Actor Steps = 1888750 | Delta Dist = 5.434 | Delta Dist 10 = 5.630 | Delta Dist 100 = 4.819 | Delta Dist 1000 = 4.529 | Episode Length = 50 | Episode Return = 39.0 | Evaluator Episodes = 9572 | Evaluator Steps = 478600 | Final Dist = 0.649 | Final Dist 10 = 0.764 | Final Dist 100 = 1.221 | Final Dist 1000 = 1.383 | Init Dist = 6.083 | Init Dist 10 = 6.394 | Init Dist 100 = 6.040 | Init Dist 1000 = 5.912 | Learner Steps = 29358 | Learner Walltime = 5798.554 | Min Dist = 0.180 | Min Dist 10 = 0.056 | Min Dist 100 = 0.260 | Min Dist 1000 = 0.165 | Steps Per Second = 82.786 | Success = 1.000 | Success 1000 = 0.993
I0502 16:42:55.399881 139555860620864 terminal.py:91] [Actor] Actor Episodes = 37781 | Actor Steps = 1889050 | Delta Dist = 3.596 | Delta Dist 10 = 4.244 | Delta Dist 100 = 4.683 | Delta Dist 1000 = 4.521 | Episode Length = 50 | Episode Return = 33.0 | Evaluator Episodes = 9572 | Evaluator Steps = 478600 | Final Dist = 0.527 | Final Dist 10 = 0.399 | Final Dist 100 = 1.198 | Final Dist 1000 = 1.383 | Init Dist = 4.123 | Init Dist 10 = 4.643 | Init Dist 100 = 5.881 | Init Dist 1000 = 5.904 | Learner Steps = 29358 | Learner Walltime = 5798.554 | Min Dist = 0.031 | Min Dist 10 = 0.066 | Min Dist 100 = 0.261 | Min Dist 1000 = 0.165 | Steps Per Second = 87.188 | Success = 1.000 | Success 1000 = 0.993
I0502 16:42:55.441244 139579566835264 terminal.py:91] [Evaluator] Actor Episodes = 37781 | Actor Steps = 1889050 | Delta Dist = 11.745 | Delta Dist 10 = 11.578 | Delta Dist 100 = 11.583 | Delta Dist 1000 = 11.672 | Episode Length = 50 | Episode Return = 18.0 | Evaluator Episodes = 9574 | Evaluator Steps = 478700 | Final Dist = 1.062 | Final Dist 10 = 1.229 | Final Dist 100 = 1.223 | Final Dist 1000 = 1.134 | Init Dist = 12.806 | Init Dist 10 = 12.806 | Init Dist 100 = 12.806 | Init Dist 1000 = 12.806 | Learner Steps = 29363 | Learner Walltime = 5799.617 | Min Dist = 0.084 | Min Dist 10 = 0.642 | Min Dist 100 = 0.606 | Min Dist 1000 = 0.480 | Steps Per Second = 88.315 | Success = 1.000 | Success 1000 = 0.945
I0502 16:42:55.748980 139584504182336 lp_utils.py:96] StepsLimiter: Reached 1889150 recorded steps
I0502 16:42:56.514869 139579566835264 terminal.py:91] [Evaluator] Actor Episodes = 37787 | Actor Steps = 1889350 | Delta Dist = 12.562 | Delta Dist 10 = 11.617 | Delta Dist 100 = 11.638 | Delta Dist 1000 = 11.671 | Episode Length = 50 | Episode Return = 23.0 | Evaluator Episodes = 9576 | Evaluator Steps = 478800 | Final Dist = 0.244 | Final Dist 10 = 1.189 | Final Dist 100 = 1.168 | Final Dist 1000 = 1.135 | Init Dist = 12.806 | Init Dist 10 = 12.806 | Init Dist 100 = 12.806 | Init Dist 1000 = 12.806 | Learner Steps = 29363 | Learner Walltime = 5799.617 | Min Dist = 0.144 | Min Dist 10 = 0.689 | Min Dist 100 = 0.546 | Min Dist 1000 = 0.480 | Steps Per Second = 82.967 | Success = 1.000 | Success 1000 = 0.945
I0502 16:42:56.716924 139555013154368 terminal.py:91] [Learner] Actor Episodes = 37789 | Actor Loss = 3.661447286605835 | Actor Steps = 1889450 | Binary Accuracy = 0.9960248470306396 | Categorical Accuracy = 0.42047119140625 | Critic Loss = 1.8069844245910645 | Entropy Mean = -22.310518264770508 | Evaluator Episodes = 9576 | Evaluator Steps = 478800 | Learner Steps = 29370 | Learner Walltime = 5800.912 | Logits Neg = -16.96509552001953 | Logits Pos = -1.795647144317627 | Logsumexp = 1.0477609634399414 | Steps Per Second = 158.764
I0502 16:42:57.715674 139579566835264 terminal.py:91] [Evaluator] Actor Episodes = 37795 | Actor Steps = 1889750 | Delta Dist = 11.385 | Delta Dist 10 = 11.769 | Delta Dist 100 = 11.653 | Delta Dist 1000 = 11.674 | Episode Length = 50 | Episode Return = 1.0 | Evaluator Episodes = 9578 | Evaluator Steps = 478900 | Final Dist = 1.421 | Final Dist 10 = 1.037 | Final Dist 100 = 1.153 | Final Dist 1000 = 1.133 | Init Dist = 12.806 | Init Dist 10 = 12.806 | Init Dist 100 = 12.806 | Init Dist 1000 = 12.806 | Learner Steps = 29370 | Learner Walltime = 5800.912 | Min Dist = 0.735 | Min Dist 10 = 0.643 | Min Dist 100 = 0.545 | Min Dist 1000 = 0.480 | Steps Per Second = 87.117 | Success = 1.000 | Success 1000 = 0.945
I0502 16:42:58.905214 139579566835264 terminal.py:91] [Evaluator] Actor Episodes = 37803 | Actor Steps = 1890150 | Delta Dist = 11.995 | Delta Dist 10 = 11.573 | Delta Dist 100 = 11.643 | Delta Dist 1000 = 11.678 | Episode Length = 50 | Episode Return = 16.0 | Evaluator Episodes = 9580 | Evaluator Steps = 479000 | Final Dist = 0.811 | Final Dist 10 = 1.233 | Final Dist 100 = 1.164 | Final Dist 1000 = 1.128 | Init Dist = 12.806 | Init Dist 10 = 12.806 | Init Dist 100 = 12.806 | Init Dist 1000 = 12.806 | Learner Steps = 29376 | Learner Walltime = 5802.130 | Min Dist = 0.468 | Min Dist 10 = 0.701 | Min Dist 100 = 0.542 | Min Dist 1000 = 0.477 | Steps Per Second = 87.678 | Success = 1.000 | Success 1000 = 0.946
I0502 16:43:00.071352 139579566835264 terminal.py:91] [Evaluator] Actor Episodes = 37811 | Actor Steps = 1890550 | Delta Dist = 12.327 | Delta Dist 10 = 11.838 | Delta Dist 100 = 11.647 | Delta Dist 1000 = 11.679 | Episode Length = 50 | Episode Return = 18.0 | Evaluator Episodes = 9582 | Evaluator Steps = 479100 | Final Dist = 0.479 | Final Dist 10 = 0.969 | Final Dist 100 = 1.159 | Final Dist 1000 = 1.128 | Init Dist = 12.806 | Init Dist 10 = 12.806 | Init Dist 100 = 12.806 | Init Dist 1000 = 12.806 | Learner Steps = 29383 | Learner Walltime = 5803.411 | Min Dist = 0.342 | Min Dist 10 = 0.315 | Min Dist 100 = 0.536 | Min Dist 1000 = 0.477 | Steps Per Second = 91.397 | Success = 1.000 | Success 1000 = 0.946
I0502 16:43:00.268162 139558059398720 terminal.py:91] [Actor] Actor Episodes = 37812 | Actor Steps = 1890600 | Delta Dist = 8.915 | Delta Dist 10 = 4.705 | Delta Dist 100 = 4.696 | Delta Dist 1000 = 4.505 | Episode Length = 50 | Episode Return = 37.0 | Evaluator Episodes = 9580 | Evaluator Steps = 479000 | Final Dist = 0.030 | Final Dist 10 = 1.560 | Final Dist 100 = 1.105 | Final Dist 1000 = 1.394 | Init Dist = 8.944 | Init Dist 10 = 6.265 | Init Dist 100 = 5.801 | Init Dist 1000 = 5.899 | Learner Steps = 29383 | Learner Walltime = 5803.411 | Min Dist = 0.028 | Min Dist 10 = 0.076 | Min Dist 100 = 0.132 | Min Dist 1000 = 0.160 | Steps Per Second = 86.812 | Success = 1.000 | Success 1000 = 0.993
I0502 16:43:01.195765 139579566835264 terminal.py:91] [Evaluator] Actor Episodes = 37819 | Actor Steps = 1890950 | Delta Dist = 12.298 | Delta Dist 10 = 11.913 | Delta Dist 100 = 11.645 | Delta Dist 1000 = 11.678 | Episode Length = 50 | Episode Return = 26.0 | Evaluator Episodes = 9584 | Evaluator Steps = 479200 | Final Dist = 0.508 | Final Dist 10 = 0.893 | Final Dist 100 = 1.161 | Final Dist 1000 = 1.128 | Init Dist = 12.806 | Init Dist 10 = 12.806 | Init Dist 100 = 12.806 | Init Dist 1000 = 12.806 | Learner Steps = 29389 | Learner Walltime = 5804.584 | Min Dist = 0.112 | Min Dist 10 = 0.319 | Min Dist 100 = 0.538 | Min Dist 1000 = 0.477 | Steps Per Second = 89.474 | Success = 1.000 | Success 1000 = 0.946
I0502 16:43:02.358237 139569349502528 terminal.py:91] [Actor] Actor Episodes = 37826 | Actor Steps = 1891300 | Delta Dist = 3.979 | Delta Dist 10 = 2.053 | Delta Dist 100 = 4.480 | Delta Dist 1000 = 4.467 | Episode Length = 50 | Episode Return = 28.0 | Evaluator Episodes = 9584 | Evaluator Steps = 479200 | Final Dist = 0.264 | Final Dist 10 = 4.857 | Final Dist 100 = 1.417 | Final Dist 1000 = 1.422 | Init Dist = 4.243 | Init Dist 10 = 6.909 | Init Dist 100 = 5.897 | Init Dist 1000 = 5.888 | Learner Steps = 29396 | Learner Walltime = 5805.860 | Min Dist = 0.188 | Min Dist 10 = 0.107 | Min Dist 100 = 0.128 | Min Dist 1000 = 0.152 | Steps Per Second = 80.049 | Success = 1.000 | Success 1000 = 0.993
I0502 16:43:02.443300 139579566835264 terminal.py:91] [Evaluator] Actor Episodes = 37827 | Actor Steps = 1891350 | Delta Dist = 12.618 | Delta Dist 10 = 12.046 | Delta Dist 100 = 11.642 | Delta Dist 1000 = 11.679 | Episode Length = 50 | Episode Return = 23.0 | Evaluator Episodes = 9586 | Evaluator Steps = 479300 | Final Dist = 0.188 | Final Dist 10 = 0.761 | Final Dist 100 = 1.164 | Final Dist 1000 = 1.127 | Init Dist = 12.806 | Init Dist 10 = 12.806 | Init Dist 100 = 12.806 | Init Dist 1000 = 12.806 | Learner Steps = 29396 | Learner Walltime = 5805.860 | Min Dist = 0.059 | Min Dist 10 = 0.261 | Min Dist 100 = 0.539 | Min Dist 1000 = 0.477 | Steps Per Second = 83.623 | Success = 1.000 | Success 1000 = 0.946
I0502 16:43:03.631484 139579566835264 terminal.py:91] [Evaluator] Actor Episodes = 37835 | Actor Steps = 1891750 | Delta Dist = 11.704 | Delta Dist 10 = 12.052 | Delta Dist 100 = 11.657 | Delta Dist 1000 = 11.679 | Episode Length = 50 | Episode Return = 12.0 | Evaluator Episodes = 9588 | Evaluator Steps = 479400 | Final Dist = 1.102 | Final Dist 10 = 0.754 | Final Dist 100 = 1.149 | Final Dist 1000 = 1.127 | Init Dist = 12.806 | Init Dist 10 = 12.806 | Init Dist 100 = 12.806 | Init Dist 1000 = 12.806 | Learner Steps = 29402 | Learner Walltime = 5807.068 | Min Dist = 0.295 | Min Dist 10 = 0.270 | Min Dist 100 = 0.540 | Min Dist 1000 = 0.477 | Steps Per Second = 83.038 | Success = 1.000 | Success 1000 = 0.946
I0502 16:43:04.763783 139557462840896 terminal.py:91] [Actor] Actor Episodes = 37840 | Actor Steps = 1892000 | Delta Dist = 7.003 | Delta Dist 10 = 3.511 | Delta Dist 100 = 4.244 | Delta Dist 1000 = 4.472 | Episode Length = 50 | Episode Return = 20.0 | Evaluator Episodes = 9588 | Evaluator Steps = 479400 | Final Dist = 0.208 | Final Dist 10 = 1.412 | Final Dist 100 = 1.480 | Final Dist 1000 = 1.408 | Init Dist = 7.211 | Init Dist 10 = 4.924 | Init Dist 100 = 5.724 | Init Dist 1000 = 5.880 | Learner Steps = 29408 | Learner Walltime = 5808.229 | Min Dist = 0.040 | Min Dist 10 = 0.115 | Min Dist 100 = 0.130 | Min Dist 1000 = 0.152 | Steps Per Second = 77.230 | Success = 1.000 | Success 1000 = 0.993
I0502 16:43:04.887639 139579566835264 terminal.py:91] [Evaluator] Actor Episodes = 37843 | Actor Steps = 1892150 | Delta Dist = 11.506 | Delta Dist 10 = 12.129 | Delta Dist 100 = 11.659 | Delta Dist 1000 = 11.680 | Episode Length = 50 | Episode Return = 16.0 | Evaluator Episodes = 9590 | Evaluator Steps = 479500 | Final Dist = 1.300 | Final Dist 10 = 0.677 | Final Dist 100 = 1.147 | Final Dist 1000 = 1.127 | Init Dist = 12.806 | Init Dist 10 = 12.806 | Init Dist 100 = 12.806 | Init Dist 1000 = 12.806 | Learner Steps = 29408 | Learner Walltime = 5808.229 | Min Dist = 0.067 | Min Dist 10 = 0.240 | Min Dist 100 = 0.542 | Min Dist 1000 = 0.478 | Steps Per Second = 76.090 | Success = 1.000 | Success 1000 = 0.946
I0502 16:43:05.764901 139584504182336 lp_utils.py:96] StepsLimiter: Reached 1892450 recorded steps
I0502 16:43:05.800296 139555860620864 terminal.py:91] [Actor] Actor Episodes = 37846 | Actor Steps = 1892300 | Delta Dist = 2.184 | Delta Dist 10 = 2.902 | Delta Dist 100 = 4.127 | Delta Dist 1000 = 4.454 | Episode Length = 50 | Episode Return = 41.0 | Evaluator Episodes = 9590 | Evaluator Steps = 479500 | Final Dist = 1.939 | Final Dist 10 = 2.428 | Final Dist 100 = 1.611 | Final Dist 1000 = 1.421 | Init Dist = 4.123 | Init Dist 10 = 5.330 | Init Dist 100 = 5.738 | Init Dist 1000 = 5.875 | Learner Steps = 29408 | Learner Walltime = 5808.229 | Min Dist = 0.018 | Min Dist 10 = 0.186 | Min Dist 100 = 0.135 | Min Dist 1000 = 0.152 | Steps Per Second = 77.573 | Success = 1.000 | Success 1000 = 0.993
I0502 16:43:06.164950 139579566835264 terminal.py:91] [Evaluator] Actor Episodes = 37851 | Actor Steps = 1892550 | Delta Dist = 11.783 | Delta Dist 10 = 12.035 | Delta Dist 100 = 11.636 | Delta Dist 1000 = 11.678 | Episode Length = 50 | Episode Return = 23.0 | Evaluator Episodes = 9592 | Evaluator Steps = 479600 | Final Dist = 1.023 | Final Dist 10 = 0.771 | Final Dist 100 = 1.170 | Final Dist 1000 = 1.128 | Init Dist = 12.806 | Init Dist 10 = 12.806 | Init Dist 100 = 12.806 | Init Dist 1000 = 12.806 | Learner Steps = 29414 | Learner Walltime = 5809.477 | Min Dist = 0.141 | Min Dist 10 = 0.269 | Min Dist 100 = 0.545 | Min Dist 1000 = 0.478 | Steps Per Second = 76.423 | Success = 1.000 | Success 1000 = 0.946
I0502 16:43:06.793362 139555013154368 terminal.py:91] [Learner] Actor Episodes = 37853 | Actor Loss = 3.6883702278137207 | Actor Steps = 1892650 | Binary Accuracy = 0.9960558414459229 | Categorical Accuracy = 0.42047119140625 | Critic Loss = 1.798316478729248 | Entropy Mean = -21.790748596191406 | Evaluator Episodes = 9592 | Evaluator Steps = 479600 | Learner Steps = 29422 | Learner Walltime = 5810.989 | Logits Neg = -17.009593963623047 | Logits Pos = -1.7951383590698242 | Logsumexp = 1.0204763412475586 | Steps Per Second = 353.976
I0502 16:43:07.390757 139579566835264 terminal.py:91] [Evaluator] Actor Episodes = 37859 | Actor Steps = 1892950 | Delta Dist = 12.093 | Delta Dist 10 = 12.050 | Delta Dist 100 = 11.633 | Delta Dist 1000 = 11.679 | Episode Length = 50 | Episode Return = 11.0 | Evaluator Episodes = 9594 | Evaluator Steps = 479700 | Final Dist = 0.713 | Final Dist 10 = 0.756 | Final Dist 100 = 1.173 | Final Dist 1000 = 1.127 | Init Dist = 12.806 | Init Dist 10 = 12.806 | Init Dist 100 = 12.806 | Init Dist 1000 = 12.806 | Learner Steps = 29420 | Learner Walltime = 5810.762 | Min Dist = 0.244 | Min Dist 10 = 0.302 | Min Dist 100 = 0.549 | Min Dist 1000 = 0.478 | Steps Per Second = 78.448 | Success = 1.000 | Success 1000 = 0.946
I0502 16:43:08.565428 139579566835264 terminal.py:91] [Evaluator] Actor Episodes = 37867 | Actor Steps = 1893350 | Delta Dist = 12.581 | Delta Dist 10 = 11.926 | Delta Dist 100 = 11.635 | Delta Dist 1000 = 11.678 | Episode Length = 50 | Episode Return = 22.0 | Evaluator Episodes = 9596 | Evaluator Steps = 479800 | Final Dist = 0.225 | Final Dist 10 = 0.880 | Final Dist 100 = 1.172 | Final Dist 1000 = 1.128 | Init Dist = 12.806 | Init Dist 10 = 12.806 | Init Dist 100 = 12.806 | Init Dist 1000 = 12.806 | Learner Steps = 29426 | Learner Walltime = 5811.905 | Min Dist = 0.109 | Min Dist 10 = 0.322 | Min Dist 100 = 0.553 | Min Dist 1000 = 0.478 | Steps Per Second = 84.986 | Success = 1.000 | Success 1000 = 0.946
I0502 16:43:09.737055 139579566835264 terminal.py:91] [Evaluator] Actor Episodes = 37875 | Actor Steps = 1893750 | Delta Dist = 11.762 | Delta Dist 10 = 11.821 | Delta Dist 100 = 11.632 | Delta Dist 1000 = 11.679 | Episode Length = 50 | Episode Return = 11.0 | Evaluator Episodes = 9598 | Evaluator Steps = 479900 | Final Dist = 1.045 | Final Dist 10 = 0.986 | Final Dist 100 = 1.175 | Final Dist 1000 = 1.127 | Init Dist = 12.806 | Init Dist 10 = 12.806 | Init Dist 100 = 12.806 | Init Dist 1000 = 12.806 | Learner Steps = 29433 | Learner Walltime = 5813.035 | Min Dist = 0.435 | Min Dist 10 = 0.329 | Min Dist 100 = 0.552 | Min Dist 1000 = 0.477 | Steps Per Second = 77.823 | Success = 1.000 | Success 1000 = 0.946
I0502 16:43:10.631138 139558059398720 terminal.py:91] [Actor] Actor Episodes = 37883 | Actor Steps = 1894150 | Delta Dist = 2.663 | Delta Dist 10 = 4.870 | Delta Dist 100 = 4.074 | Delta Dist 1000 = 4.432 | Episode Length = 50 | Episode Return = 45.0 | Evaluator Episodes = 9598 | Evaluator Steps = 479900 | Final Dist = 0.337 | Final Dist 10 = 0.739 | Final Dist 100 = 1.587 | Final Dist 1000 = 1.403 | Init Dist = 3.000 | Init Dist 10 = 5.609 | Init Dist 100 = 5.661 | Init Dist 1000 = 5.836 | Learner Steps = 29438 | Learner Walltime = 5814.076 | Min Dist = 0.005 | Min Dist 10 = 0.033 | Min Dist 100 = 0.094 | Min Dist 1000 = 0.151 | Steps Per Second = 103.491 | Success = 1.000 | Success 1000 = 0.993
I0502 16:43:10.924715 139579566835264 terminal.py:91] [Evaluator] Actor Episodes = 37883 | Actor Steps = 1894150 | Delta Dist = 12.048 | Delta Dist 10 = 11.748 | Delta Dist 100 = 11.630 | Delta Dist 1000 = 11.680 | Episode Length = 50 | Episode Return = 17.0 | Evaluator Episodes = 9600 | Evaluator Steps = 480000 | Final Dist = 0.759 | Final Dist 10 = 1.059 | Final Dist 100 = 1.176 | Final Dist 1000 = 1.127 | Init Dist = 12.806 | Init Dist 10 = 12.806 | Init Dist 100 = 12.806 | Init Dist 1000 = 12.806 | Learner Steps = 29444 | Learner Walltime = 5815.124 | Min Dist = 0.074 | Min Dist 10 = 0.377 | Min Dist 100 = 0.549 | Min Dist 1000 = 0.478 | Steps Per Second = 83.350 | Success = 1.000 | Success 1000 = 0.946
I0502 16:43:12.226403 139579566835264 terminal.py:91] [Evaluator] Actor Episodes = 37891 | Actor Steps = 1894550 | Delta Dist = 11.443 | Delta Dist 10 = 11.775 | Delta Dist 100 = 11.619 | Delta Dist 1000 = 11.678 | Episode Length = 50 | Episode Return = 2.0 | Evaluator Episodes = 9602 | Evaluator Steps = 480100 | Final Dist = 1.363 | Final Dist 10 = 1.032 | Final Dist 100 = 1.188 | Final Dist 1000 = 1.128 | Init Dist = 12.806 | Init Dist 10 = 12.806 | Init Dist 100 = 12.806 | Init Dist 1000 = 12.806 | Learner Steps = 29449 | Learner Walltime = 5816.132 | Min Dist = 0.420 | Min Dist 10 = 0.325 | Min Dist 100 = 0.544 | Min Dist 1000 = 0.478 | Steps Per Second = 80.041 | Success = 1.000 | Success 1000 = 0.946
I0502 16:43:12.795648 139569349502528 terminal.py:91] [Actor] Actor Episodes = 37895 | Actor Steps = 1894750 | Delta Dist = 5.108 | Delta Dist 10 = 4.817 | Delta Dist 100 = 4.325 | Delta Dist 1000 = 4.436 | Episode Length = 50 | Episode Return = 45.0 | Evaluator Episodes = 9602 | Evaluator Steps = 480100 | Final Dist = 0.723 | Final Dist 10 = 2.354 | Final Dist 100 = 1.549 | Final Dist 1000 = 1.410 | Init Dist = 5.831 | Init Dist 10 = 7.171 | Init Dist 100 = 5.874 | Init Dist 1000 = 5.847 | Learner Steps = 29449 | Learner Walltime = 5816.132 | Min Dist = 0.055 | Min Dist 10 = 0.744 | Min Dist 100 = 0.152 | Min Dist 1000 = 0.158 | Steps Per Second = 72.913 | Success = 1.000 | Success 1000 = 0.992
I0502 16:43:13.572241 139579566835264 terminal.py:91] [Evaluator] Actor Episodes = 37899 | Actor Steps = 1894950 | Delta Dist = 11.412 | Delta Dist 10 = 11.696 | Delta Dist 100 = 11.605 | Delta Dist 1000 = 11.678 | Episode Length = 50 | Episode Return = 17.0 | Evaluator Episodes = 9604 | Evaluator Steps = 480200 | Final Dist = 1.394 | Final Dist 10 = 1.110 | Final Dist 100 = 1.202 | Final Dist 1000 = 1.128 | Init Dist = 12.806 | Init Dist 10 = 12.806 | Init Dist 100 = 12.806 | Init Dist 1000 = 12.806 | Learner Steps = 29454 | Learner Walltime = 5817.184 | Min Dist = 0.328 | Min Dist 10 = 0.342 | Min Dist 100 = 0.550 | Min Dist 1000 = 0.479 | Steps Per Second = 72.859 | Success = 1.000 | Success 1000 = 0.946
I0502 16:43:14.247003 139584635659840 savers.py:156] Saving checkpoint: logs/contrastive_cpc_point_FourRooms_64/5dd72662-2788-11f0-b183-d85ed38c5779/checkpoints/counter
I0502 16:43:14.804814 139579566835264 terminal.py:91] [Evaluator] Actor Episodes = 37907 | Actor Steps = 1895350 | Delta Dist = 11.660 | Delta Dist 10 = 11.718 | Delta Dist 100 = 11.602 | Delta Dist 1000 = 11.678 | Episode Length = 50 | Episode Return = 26.0 | Evaluator Episodes = 9606 | Evaluator Steps = 480300 | Final Dist = 1.146 | Final Dist 10 = 1.088 | Final Dist 100 = 1.205 | Final Dist 1000 = 1.129 | Init Dist = 12.806 | Init Dist 10 = 12.806 | Init Dist 100 = 12.806 | Init Dist 1000 = 12.806 | Learner Steps = 29459 | Learner Walltime = 5818.372 | Min Dist = 0.053 | Min Dist 10 = 0.325 | Min Dist 100 = 0.551 | Min Dist 1000 = 0.479 | Steps Per Second = 81.288 | Success = 1.000 | Success 1000 = 0.946
I0502 16:43:14.818196 139557462840896 terminal.py:91] [Actor] Actor Episodes = 37906 | Actor Steps = 1895300 | Delta Dist = 1.801 | Delta Dist 10 = 3.001 | Delta Dist 100 = 4.057 | Delta Dist 1000 = 4.414 | Episode Length = 50 | Episode Return = 26.0 | Evaluator Episodes = 9604 | Evaluator Steps = 480200 | Final Dist = 0.435 | Final Dist 10 = 1.464 | Final Dist 100 = 1.654 | Final Dist 1000 = 1.418 | Init Dist = 2.236 | Init Dist 10 = 4.465 | Init Dist 100 = 5.711 | Init Dist 1000 = 5.832 | Learner Steps = 29459 | Learner Walltime = 5818.372 | Min Dist = 0.082 | Min Dist 10 = 0.053 | Min Dist 100 = 0.149 | Min Dist 1000 = 0.158 | Steps Per Second = 82.745 | Success = 1.000 | Success 1000 = 0.992
I0502 16:43:15.787997 139584504182336 lp_utils.py:96] StepsLimiter: Reached 1895750 recorded steps
I0502 16:43:16.000660 139579566835264 terminal.py:91] [Evaluator] Actor Episodes = 37915 | Actor Steps = 1895750 | Delta Dist = 11.839 | Delta Dist 10 = 11.625 | Delta Dist 100 = 11.598 | Delta Dist 1000 = 11.677 | Episode Length = 50 | Episode Return = 9.0 | Evaluator Episodes = 9608 | Evaluator Steps = 480400 | Final Dist = 0.967 | Final Dist 10 = 1.181 | Final Dist 100 = 1.208 | Final Dist 1000 = 1.130 | Init Dist = 12.806 | Init Dist 10 = 12.806 | Init Dist 100 = 12.806 | Init Dist 1000 = 12.806 | Learner Steps = 29465 | Learner Walltime = 5819.394 | Min Dist = 0.426 | Min Dist 10 = 0.350 | Min Dist 100 = 0.548 | Min Dist 1000 = 0.479 | Steps Per Second = 81.850 | Success = 1.000 | Success 1000 = 0.946
I0502 16:43:16.250761 139555860620864 terminal.py:91] [Actor] Actor Episodes = 37917 | Actor Steps = 1895850 | Delta Dist = 3.022 | Delta Dist 10 = 2.417 | Delta Dist 100 = 3.884 | Delta Dist 1000 = 4.403 | Episode Length = 50 | Episode Return = 46.0 | Evaluator Episodes = 9608 | Evaluator Steps = 480400 | Final Dist = 0.141 | Final Dist 10 = 2.930 | Final Dist 100 = 1.844 | Final Dist 1000 = 1.440 | Init Dist = 3.162 | Init Dist 10 = 5.347 | Init Dist 100 = 5.728 | Init Dist 1000 = 5.842 | Learner Steps = 29470 | Learner Walltime = 5820.410 | Min Dist = 0.010 | Min Dist 10 = 0.080 | Min Dist 100 = 0.151 | Min Dist 1000 = 0.158 | Steps Per Second = 83.253 | Success = 1.000 | Success 1000 = 0.992
I0502 16:43:16.990845 139555013154368 terminal.py:91] [Learner] Actor Episodes = 37915 | Actor Loss = 3.5244054794311523 | Actor Steps = 1895750 | Binary Accuracy = 0.9960212707519531 | Categorical Accuracy = 0.4232177734375 | Critic Loss = 1.7584278583526611 | Entropy Mean = -23.198406219482422 | Evaluator Episodes = 9608 | Evaluator Steps = 480400 | Learner Steps = 29474 | Learner Walltime = 5821.186 | Logits Neg = -17.173864364624023 | Logits Pos = -1.7441582679748535 | Logsumexp = 1.1108437776565552 | Steps Per Second = 278.468
I0502 16:43:17.195811 139579566835264 terminal.py:91] [Evaluator] Actor Episodes = 37923 | Actor Steps = 1896150 | Delta Dist = 11.919 | Delta Dist 10 = 11.636 | Delta Dist 100 = 11.586 | Delta Dist 1000 = 11.682 | Episode Length = 50 | Episode Return = 21.0 | Evaluator Episodes = 9610 | Evaluator Steps = 480500 | Final Dist = 0.888 | Final Dist 10 = 1.171 | Final Dist 100 = 1.221 | Final Dist 1000 = 1.124 | Init Dist = 12.806 | Init Dist 10 = 12.806 | Init Dist 100 = 12.806 | Init Dist 1000 = 12.806 | Learner Steps = 29470 | Learner Walltime = 5820.410 | Min Dist = 0.081 | Min Dist 10 = 0.325 | Min Dist 100 = 0.553 | Min Dist 1000 = 0.474 | Steps Per Second = 83.276 | Success = 1.000 | Success 1000 = 0.947
I0502 16:43:18.482999 139579566835264 terminal.py:91] [Evaluator] Actor Episodes = 37931 | Actor Steps = 1896550 | Delta Dist = 12.186 | Delta Dist 10 = 11.702 | Delta Dist 100 = 11.647 | Delta Dist 1000 = 11.683 | Episode Length = 50 | Episode Return = 10.0 | Evaluator Episodes = 9612 | Evaluator Steps = 480600 | Final Dist = 0.620 | Final Dist 10 = 1.104 | Final Dist 100 = 1.160 | Final Dist 1000 = 1.123 | Init Dist = 12.806 | Init Dist 10 = 12.806 | Init Dist 100 = 12.806 | Init Dist 1000 = 12.806 | Learner Steps = 29482 | Learner Walltime = 5822.663 | Min Dist = 0.201 | Min Dist 10 = 0.321 | Min Dist 100 = 0.487 | Min Dist 1000 = 0.474 | Steps Per Second = 72.996 | Success = 1.000 | Success 1000 = 0.947
I0502 16:43:19.679494 139579566835264 terminal.py:91] [Evaluator] Actor Episodes = 37939 | Actor Steps = 1896950 | Delta Dist = 11.474 | Delta Dist 10 = 11.734 | Delta Dist 100 = 11.642 | Delta Dist 1000 = 11.682 | Episode Length = 50 | Episode Return = 19.0 | Evaluator Episodes = 9614 | Evaluator Steps = 480700 | Final Dist = 1.332 | Final Dist 10 = 1.072 | Final Dist 100 = 1.165 | Final Dist 1000 = 1.124 | Init Dist = 12.806 | Init Dist 10 = 12.806 | Init Dist 100 = 12.806 | Init Dist 1000 = 12.806 | Learner Steps = 29488 | Learner Walltime = 5823.796 | Min Dist = 0.304 | Min Dist 10 = 0.240 | Min Dist 100 = 0.484 | Min Dist 1000 = 0.474 | Steps Per Second = 82.926 | Success = 1.000 | Success 1000 = 0.947
I0502 16:43:20.820679 139558059398720 terminal.py:91] [Actor] Actor Episodes = 37948 | Actor Steps = 1897400 | Delta Dist = 10.815 | Delta Dist 10 = 3.589 | Delta Dist 100 = 4.295 | Delta Dist 1000 = 4.398 | Episode Length = 50 | Episode Return = 40.0 | Evaluator Episodes = 9614 | Evaluator Steps = 480700 | Final Dist = 0.002 | Final Dist 10 = 0.682 | Final Dist 100 = 1.213 | Final Dist 1000 = 1.427 | Init Dist = 10.817 | Init Dist 10 = 4.270 | Init Dist 100 = 5.508 | Init Dist 1000 = 5.825 | Learner Steps = 29488 | Learner Walltime = 5823.796 | Min Dist = 0.002 | Min Dist 10 = 0.059 | Min Dist 100 = 0.132 | Min Dist 1000 = 0.155 | Steps Per Second = 102.720 | Success = 1.000 | Success 1000 = 0.992
I0502 16:43:20.925784 139579566835264 terminal.py:91] [Evaluator] Actor Episodes = 37947 | Actor Steps = 1897350 | Delta Dist = 11.973 | Delta Dist 10 = 11.768 | Delta Dist 100 = 11.652 | Delta Dist 1000 = 11.682 | Episode Length = 50 | Episode Return = 23.0 | Evaluator Episodes = 9616 | Evaluator Steps = 480800 | Final Dist = 0.833 | Final Dist 10 = 1.039 | Final Dist 100 = 1.154 | Final Dist 1000 = 1.124 | Init Dist = 12.806 | Init Dist 10 = 12.806 | Init Dist 100 = 12.806 | Init Dist 1000 = 12.806 | Learner Steps = 29493 | Learner Walltime = 5824.822 | Min Dist = 0.021 | Min Dist 10 = 0.242 | Min Dist 100 = 0.482 | Min Dist 1000 = 0.474 | Steps Per Second = 76.654 | Success = 1.000 | Success 1000 = 0.947
I0502 16:43:22.076620 139579566835264 terminal.py:91] [Evaluator] Actor Episodes = 37955 | Actor Steps = 1897750 | Delta Dist = 12.232 | Delta Dist 10 = 11.918 | Delta Dist 100 = 11.708 | Delta Dist 1000 = 11.687 | Episode Length = 50 | Episode Return = 20.0 | Evaluator Episodes = 9618 | Evaluator Steps = 480900 | Final Dist = 0.574 | Final Dist 10 = 0.888 | Final Dist 100 = 1.098 | Final Dist 1000 = 1.119 | Init Dist = 12.806 | Init Dist 10 = 12.806 | Init Dist 100 = 12.806 | Init Dist 1000 = 12.806 | Learner Steps = 29500 | Learner Walltime = 5826.119 | Min Dist = 0.205 | Min Dist 10 = 0.187 | Min Dist 100 = 0.447 | Min Dist 1000 = 0.468 | Steps Per Second = 85.666 | Success = 1.000 | Success 1000 = 0.948
I0502 16:43:22.581480 139583350109760 savers.py:156] Saving checkpoint: logs/contrastive_cpc_point_FourRooms_64/5dd72662-2788-11f0-b183-d85ed38c5779/checkpoints/learner
I0502 16:43:23.118069 139569349502528 terminal.py:91] [Actor] Actor Episodes = 37960 | Actor Steps = 1898000 | Delta Dist = 10.565 | Delta Dist 10 = 4.972 | Delta Dist 100 = 4.296 | Delta Dist 1000 = 4.388 | Episode Length = 50 | Episode Return = 45.0 | Evaluator Episodes = 9618 | Evaluator Steps = 480900 | Final Dist = 0.252 | Final Dist 10 = 0.733 | Final Dist 100 = 1.246 | Final Dist 1000 = 1.417 | Init Dist = 10.817 | Init Dist 10 = 5.705 | Init Dist 100 = 5.542 | Init Dist 1000 = 5.805 | Learner Steps = 29500 | Learner Walltime = 5826.119 | Min Dist = 0.146 | Min Dist 10 = 0.036 | Min Dist 100 = 0.128 | Min Dist 1000 = 0.155 | Steps Per Second = 75.935 | Success = 1.000 | Success 1000 = 0.992
I0502 16:43:23.380247 139579566835264 terminal.py:91] [Evaluator] Actor Episodes = 37963 | Actor Steps = 1898150 | Delta Dist = 11.883 | Delta Dist 10 = 11.943 | Delta Dist 100 = 11.700 | Delta Dist 1000 = 11.687 | Episode Length = 50 | Episode Return = 25.0 | Evaluator Episodes = 9620 | Evaluator Steps = 481000 | Final Dist = 0.923 | Final Dist 10 = 0.863 | Final Dist 100 = 1.106 | Final Dist 1000 = 1.119 | Init Dist = 12.806 | Init Dist 10 = 12.806 | Init Dist 100 = 12.806 | Init Dist 1000 = 12.806 | Learner Steps = 29505 | Learner Walltime = 5827.341 | Min Dist = 0.077 | Min Dist 10 = 0.131 | Min Dist 100 = 0.447 | Min Dist 1000 = 0.468 | Steps Per Second = 71.572 | Success = 1.000 | Success 1000 = 0.948
I0502 16:43:24.838171 139579566835264 terminal.py:91] [Evaluator] Actor Episodes = 37971 | Actor Steps = 1898550 | Delta Dist = 11.992 | Delta Dist 10 = 11.996 | Delta Dist 100 = 11.703 | Delta Dist 1000 = 11.686 | Episode Length = 50 | Episode Return = 5.0 | Evaluator Episodes = 9622 | Evaluator Steps = 481100 | Final Dist = 0.814 | Final Dist 10 = 0.810 | Final Dist 100 = 1.103 | Final Dist 1000 = 1.120 | Init Dist = 12.806 | Init Dist 10 = 12.806 | Init Dist 100 = 12.806 | Init Dist 1000 = 12.806 | Learner Steps = 29512 | Learner Walltime = 5828.648 | Min Dist = 0.698 | Min Dist 10 = 0.131 | Min Dist 100 = 0.445 | Min Dist 1000 = 0.468 | Steps Per Second = 73.523 | Success = 1.000 | Success 1000 = 0.948
I0502 16:43:25.098273 139557462840896 terminal.py:91] [Actor] Actor Episodes = 37977 | Actor Steps = 1898850 | Delta Dist = 5.588 | Delta Dist 10 = 4.056 | Delta Dist 100 = 4.341 | Delta Dist 1000 = 4.400 | Episode Length = 50 | Episode Return = 45.0 | Evaluator Episodes = 9622 | Evaluator Steps = 481100 | Final Dist = 0.243 | Final Dist 10 = 1.621 | Final Dist 100 = 1.285 | Final Dist 1000 = 1.404 | Init Dist = 5.831 | Init Dist 10 = 5.677 | Init Dist 100 = 5.626 | Init Dist 1000 = 5.804 | Learner Steps = 29512 | Learner Walltime = 5828.648 | Min Dist = 0.142 | Min Dist 10 = 0.808 | Min Dist 100 = 0.218 | Min Dist 1000 = 0.163 | Steps Per Second = 78.045 | Success = 1.000 | Success 1000 = 0.990
I0502 16:43:25.808481 139584504182336 lp_utils.py:96] StepsLimiter: Reached 1898950 recorded steps
I0502 16:43:26.055065 139579566835264 terminal.py:91] [Evaluator] Actor Episodes = 37979 | Actor Steps = 1898950 | Delta Dist = 12.315 | Delta Dist 10 = 12.062 | Delta Dist 100 = 11.700 | Delta Dist 1000 = 11.687 | Episode Length = 50 | Episode Return = 33.0 | Evaluator Episodes = 9624 | Evaluator Steps = 481200 | Final Dist = 0.491 | Final Dist 10 = 0.744 | Final Dist 100 = 1.106 | Final Dist 1000 = 1.120 | Init Dist = 12.806 | Init Dist 10 = 12.806 | Init Dist 100 = 12.806 | Init Dist 1000 = 12.806 | Learner Steps = 29518 | Learner Walltime = 5829.877 | Min Dist = 0.246 | Min Dist 10 = 0.172 | Min Dist 100 = 0.450 | Min Dist 1000 = 0.468 | Steps Per Second = 83.635 | Success = 1.000 | Success 1000 = 0.948
I0502 16:43:26.765456 139555860620864 terminal.py:91] [Actor] Actor Episodes = 37982 | Actor Steps = 1899100 | Delta Dist = 3.110 | Delta Dist 10 = 4.741 | Delta Dist 100 = 4.343 | Delta Dist 1000 = 4.406 | Episode Length = 50 | Episode Return = 25.0 | Evaluator Episodes = 9624 | Evaluator Steps = 481200 | Final Dist = 0.496 | Final Dist 10 = 2.124 | Final Dist 100 = 1.437 | Final Dist 1000 = 1.417 | Init Dist = 3.606 | Init Dist 10 = 6.865 | Init Dist 100 = 5.780 | Init Dist 1000 = 5.823 | Learner Steps = 29518 | Learner Walltime = 5829.877 | Min Dist = 0.038 | Min Dist 10 = 0.293 | Min Dist 100 = 0.243 | Min Dist 1000 = 0.166 | Steps Per Second = 83.266 | Success = 1.000 | Success 1000 = 0.989
I0502 16:43:27.048308 139555013154368 terminal.py:91] [Learner] Actor Episodes = 37987 | Actor Loss = 3.738492965698242 | Actor Steps = 1899350 | Binary Accuracy = 0.9960670471191406 | Categorical Accuracy = 0.422119140625 | Critic Loss = 1.799989938735962 | Entropy Mean = -21.224842071533203 | Evaluator Episodes = 9624 | Evaluator Steps = 481200 | Learner Steps = 29525 | Learner Walltime = 5831.241 | Logits Neg = -17.36067008972168 | Logits Pos = -1.795845866203308 | Logsumexp = 1.079302191734314 | Steps Per Second = 146.348
I0502 16:43:27.196422 139579566835264 terminal.py:91] [Evaluator] Actor Episodes = 37987 | Actor Steps = 1899350 | Delta Dist = 11.536 | Delta Dist 10 = 12.045 | Delta Dist 100 = 11.698 | Delta Dist 1000 = 11.687 | Episode Length = 50 | Episode Return = 4.0 | Evaluator Episodes = 9626 | Evaluator Steps = 481300 | Final Dist = 1.271 | Final Dist 10 = 0.761 | Final Dist 100 = 1.108 | Final Dist 1000 = 1.119 | Init Dist = 12.806 | Init Dist 10 = 12.806 | Init Dist 100 = 12.806 | Init Dist 1000 = 12.806 | Learner Steps = 29525 | Learner Walltime = 5831.241 | Min Dist = 0.852 | Min Dist 10 = 0.228 | Min Dist 100 = 0.456 | Min Dist 1000 = 0.469 | Steps Per Second = 92.446 | Success = 1.000 | Success 1000 = 0.948
I0502 16:43:28.399411 139579566835264 terminal.py:91] [Evaluator] Actor Episodes = 37995 | Actor Steps = 1899750 | Delta Dist = 12.092 | Delta Dist 10 = 11.952 | Delta Dist 100 = 11.687 | Delta Dist 1000 = 11.686 | Episode Length = 50 | Episode Return = 18.0 | Evaluator Episodes = 9628 | Evaluator Steps = 481400 | Final Dist = 0.714 | Final Dist 10 = 0.854 | Final Dist 100 = 1.119 | Final Dist 1000 = 1.120 | Init Dist = 12.806 | Init Dist 10 = 12.806 | Init Dist 100 = 12.806 | Init Dist 1000 = 12.806 | Learner Steps = 29532 | Learner Walltime = 5832.437 | Min Dist = 0.171 | Min Dist 10 = 0.347 | Min Dist 100 = 0.464 | Min Dist 1000 = 0.470 | Steps Per Second = 80.672 | Success = 1.000 | Success 1000 = 0.948
I0502 16:43:29.621881 139579566835264 terminal.py:91] [Evaluator] Actor Episodes = 38003 | Actor Steps = 1900150 | Delta Dist = 11.824 | Delta Dist 10 = 12.037 | Delta Dist 100 = 11.696 | Delta Dist 1000 = 11.686 | Episode Length = 50 | Episode Return = 28.0 | Evaluator Episodes = 9630 | Evaluator Steps = 481500 | Final Dist = 0.982 | Final Dist 10 = 0.769 | Final Dist 100 = 1.110 | Final Dist 1000 = 1.120 | Init Dist = 12.806 | Init Dist 10 = 12.806 | Init Dist 100 = 12.806 | Init Dist 1000 = 12.806 | Learner Steps = 29538 | Learner Walltime = 5833.684 | Min Dist = 0.153 | Min Dist 10 = 0.351 | Min Dist 100 = 0.459 | Min Dist 1000 = 0.470 | Steps Per Second = 85.715 | Success = 1.000 | Success 1000 = 0.948
I0502 16:43:30.842937 139579566835264 terminal.py:91] [Evaluator] Actor Episodes = 38011 | Actor Steps = 1900550 | Delta Dist = 11.817 | Delta Dist 10 = 11.948 | Delta Dist 100 = 11.707 | Delta Dist 1000 = 11.686 | Episode Length = 50 | Episode Return = 20.0 | Evaluator Episodes = 9632 | Evaluator Steps = 481600 | Final Dist = 0.990 | Final Dist 10 = 0.858 | Final Dist 100 = 1.100 | Final Dist 1000 = 1.120 | Init Dist = 12.806 | Init Dist 10 = 12.806 | Init Dist 100 = 12.806 | Init Dist 1000 = 12.806 | Learner Steps = 29543 | Learner Walltime = 5834.828 | Min Dist = 0.018 | Min Dist 10 = 0.349 | Min Dist 100 = 0.434 | Min Dist 1000 = 0.470 | Steps Per Second = 83.570 | Success = 1.000 | Success 1000 = 0.948
I0502 16:43:31.209353 139558059398720 terminal.py:91] [Actor] Actor Episodes = 38017 | Actor Steps = 1900850 | Delta Dist = 3.704 | Delta Dist 10 = 5.489 | Delta Dist 100 = 4.777 | Delta Dist 1000 = 4.403 | Episode Length = 50 | Episode Return = 9.0 | Evaluator Episodes = 9632 | Evaluator Steps = 481600 | Final Dist = 1.296 | Final Dist 10 = 0.726 | Final Dist 100 = 1.036 | Final Dist 1000 = 1.405 | Init Dist = 5.000 | Init Dist 10 = 6.215 | Init Dist 100 = 5.813 | Init Dist 1000 = 5.808 | Learner Steps = 29543 | Learner Walltime = 5834.828 | Min Dist = 0.042 | Min Dist 10 = 0.111 | Min Dist 100 = 0.212 | Min Dist 1000 = 0.167 | Steps Per Second = 94.529 | Success = 1.000 | Success 1000 = 0.988
I0502 16:43:31.986804 139579566835264 terminal.py:91] [Evaluator] Actor Episodes = 38019 | Actor Steps = 1900950 | Delta Dist = 11.612 | Delta Dist 10 = 11.873 | Delta Dist 100 = 11.699 | Delta Dist 1000 = 11.685 | Episode Length = 50 | Episode Return = 21.0 | Evaluator Episodes = 9634 | Evaluator Steps = 481700 | Final Dist = 1.194 | Final Dist 10 = 0.933 | Final Dist 100 = 1.107 | Final Dist 1000 = 1.121 | Init Dist = 12.806 | Init Dist 10 = 12.806 | Init Dist 100 = 12.806 | Init Dist 1000 = 12.806 | Learner Steps = 29549 | Learner Walltime = 5836.051 | Min Dist = 0.157 | Min Dist 10 = 0.288 | Min Dist 100 = 0.429 | Min Dist 1000 = 0.470 | Steps Per Second = 91.584 | Success = 1.000 | Success 1000 = 0.948
I0502 16:43:33.197773 139579566835264 terminal.py:91] [Evaluator] Actor Episodes = 38027 | Actor Steps = 1901350 | Delta Dist = 12.222 | Delta Dist 10 = 11.829 | Delta Dist 100 = 11.691 | Delta Dist 1000 = 11.686 | Episode Length = 50 | Episode Return = 28.0 | Evaluator Episodes = 9636 | Evaluator Steps = 481800 | Final Dist = 0.584 | Final Dist 10 = 0.977 | Final Dist 100 = 1.115 | Final Dist 1000 = 1.120 | Init Dist = 12.806 | Init Dist 10 = 12.806 | Init Dist 100 = 12.806 | Init Dist 1000 = 12.806 | Learner Steps = 29556 | Learner Walltime = 5837.299 | Min Dist = 0.230 | Min Dist 10 = 0.217 | Min Dist 100 = 0.426 | Min Dist 1000 = 0.470 | Steps Per Second = 81.151 | Success = 1.000 | Success 1000 = 0.948
I0502 16:43:33.641768 139569349502528 terminal.py:91] [Actor] Actor Episodes = 38035 | Actor Steps = 1901750 | Delta Dist = 8.724 | Delta Dist 10 = 4.669 | Delta Dist 100 = 4.597 | Delta Dist 1000 = 4.397 | Episode Length = 50 | Episode Return = 27.0 | Evaluator Episodes = 9636 | Evaluator Steps = 481800 | Final Dist = 1.474 | Final Dist 10 = 1.922 | Final Dist 100 = 1.284 | Final Dist 1000 = 1.412 | Init Dist = 10.198 | Init Dist 10 = 6.591 | Init Dist 100 = 5.881 | Init Dist 1000 = 5.809 | Learner Steps = 29556 | Learner Walltime = 5837.299 | Min Dist = 0.482 | Min Dist 10 = 0.107 | Min Dist 100 = 0.282 | Min Dist 1000 = 0.174 | Steps Per Second = 84.571 | Success = 1.000 | Success 1000 = 0.987
I0502 16:43:34.451895 139579566835264 terminal.py:91] [Evaluator] Actor Episodes = 38035 | Actor Steps = 1901750 | Delta Dist = 12.422 | Delta Dist 10 = 11.927 | Delta Dist 100 = 11.700 | Delta Dist 1000 = 11.687 | Episode Length = 50 | Episode Return = 19.0 | Evaluator Episodes = 9638 | Evaluator Steps = 481900 | Final Dist = 0.384 | Final Dist 10 = 0.879 | Final Dist 100 = 1.106 | Final Dist 1000 = 1.119 | Init Dist = 12.806 | Init Dist 10 = 12.806 | Init Dist 100 = 12.806 | Init Dist 1000 = 12.806 | Learner Steps = 29562 | Learner Walltime = 5838.301 | Min Dist = 0.075 | Min Dist 10 = 0.123 | Min Dist 100 = 0.422 | Min Dist 1000 = 0.470 | Steps Per Second = 79.083 | Success = 1.000 | Success 1000 = 0.948
I0502 16:43:35.474158 139557462840896 terminal.py:91] [Actor] Actor Episodes = 38040 | Actor Steps = 1902000 | Delta Dist = 4.898 | Delta Dist 10 = 3.875 | Delta Dist 100 = 4.584 | Delta Dist 1000 = 4.394 | Episode Length = 50 | Episode Return = 16.0 | Evaluator Episodes = 9638 | Evaluator Steps = 481900 | Final Dist = 0.201 | Final Dist 10 = 2.487 | Final Dist 100 = 1.458 | Final Dist 1000 = 1.429 | Init Dist = 5.099 | Init Dist 10 = 6.362 | Init Dist 100 = 6.042 | Init Dist 1000 = 5.823 | Learner Steps = 29562 | Learner Walltime = 5838.301 | Min Dist = 0.077 | Min Dist 10 = 0.119 | Min Dist 100 = 0.287 | Min Dist 1000 = 0.175 | Steps Per Second = 81.969 | Success = 1.000 | Success 1000 = 0.987
I0502 16:43:35.722116 139579566835264 terminal.py:91] [Evaluator] Actor Episodes = 38043 | Actor Steps = 1902150 | Delta Dist = 12.284 | Delta Dist 10 = 11.934 | Delta Dist 100 = 11.710 | Delta Dist 1000 = 11.688 | Episode Length = 50 | Episode Return = 25.0 | Evaluator Episodes = 9640 | Evaluator Steps = 482000 | Final Dist = 0.523 | Final Dist 10 = 0.872 | Final Dist 100 = 1.096 | Final Dist 1000 = 1.119 | Init Dist = 12.806 | Init Dist 10 = 12.806 | Init Dist 100 = 12.806 | Init Dist 1000 = 12.806 | Learner Steps = 29568 | Learner Walltime = 5839.545 | Min Dist = 0.022 | Min Dist 10 = 0.124 | Min Dist 100 = 0.422 | Min Dist 1000 = 0.469 | Steps Per Second = 76.160 | Success = 1.000 | Success 1000 = 0.948
I0502 16:43:35.827471 139584504182336 lp_utils.py:96] StepsLimiter: Reached 1902150 recorded steps
I0502 16:43:36.984749 139579566835264 terminal.py:91] [Evaluator] Actor Episodes = 38051 | Actor Steps = 1902550 | Delta Dist = 12.627 | Delta Dist 10 = 11.964 | Delta Dist 100 = 11.713 | Delta Dist 1000 = 11.687 | Episode Length = 50 | Episode Return = 28.0 | Evaluator Episodes = 9642 | Evaluator Steps = 482100 | Final Dist = 0.179 | Final Dist 10 = 0.842 | Final Dist 100 = 1.093 | Final Dist 1000 = 1.119 | Init Dist = 12.806 | Init Dist 10 = 12.806 | Init Dist 100 = 12.806 | Init Dist 1000 = 12.806 | Learner Steps = 29573 | Learner Walltime = 5840.597 | Min Dist = 0.027 | Min Dist 10 = 0.185 | Min Dist 100 = 0.426 | Min Dist 1000 = 0.470 | Steps Per Second = 79.841 | Success = 1.000 | Success 1000 = 0.948
I0502 16:43:37.155189 139555860620864 terminal.py:91] [Actor] Actor Episodes = 38053 | Actor Steps = 1902650 | Delta Dist = 4.561 | Delta Dist 10 = 4.311 | Delta Dist 100 = 4.533 | Delta Dist 1000 = 4.411 | Episode Length = 50 | Episode Return = 28.0 | Evaluator Episodes = 9642 | Evaluator Steps = 482100 | Final Dist = 1.439 | Final Dist 10 = 0.865 | Final Dist 100 = 1.487 | Final Dist 1000 = 1.412 | Init Dist = 6.000 | Init Dist 10 = 5.177 | Init Dist 100 = 6.019 | Init Dist 1000 = 5.823 | Learner Steps = 29573 | Learner Walltime = 5840.597 | Min Dist = 0.038 | Min Dist 10 = 0.065 | Min Dist 100 = 0.285 | Min Dist 1000 = 0.174 | Steps Per Second = 83.243 | Success = 1.000 | Success 1000 = 0.987
I0502 16:43:37.274590 139555013154368 terminal.py:91] [Learner] Actor Episodes = 38051 | Actor Loss = 3.6305112838745117 | Actor Steps = 1902550 | Binary Accuracy = 0.9959752559661865 | Categorical Accuracy = 0.413330078125 | Critic Loss = 1.7766064405441284 | Entropy Mean = -21.785188674926758 | Evaluator Episodes = 9640 | Evaluator Steps = 482000 | Learner Steps = 29577 | Learner Walltime = 5841.472 | Logits Neg = -17.429317474365234 | Logits Pos = -1.7720069885253906 | Logsumexp = 1.195509433746338 | Steps Per Second = 211.531
I0502 16:43:38.208850 139579566835264 terminal.py:91] [Evaluator] Actor Episodes = 38059 | Actor Steps = 1902950 | Delta Dist = 12.136 | Delta Dist 10 = 12.152 | Delta Dist 100 = 11.731 | Delta Dist 1000 = 11.689 | Episode Length = 50 | Episode Return = 14.0 | Evaluator Episodes = 9644 | Evaluator Steps = 482200 | Final Dist = 0.670 | Final Dist 10 = 0.654 | Final Dist 100 = 1.076 | Final Dist 1000 = 1.117 | Init Dist = 12.806 | Init Dist 10 = 12.806 | Init Dist 100 = 12.806 | Init Dist 1000 = 12.806 | Learner Steps = 29578 | Learner Walltime = 5841.605 | Min Dist = 0.336 | Min Dist 10 = 0.204 | Min Dist 100 = 0.424 | Min Dist 1000 = 0.469 | Steps Per Second = 86.539 | Success = 1.000 | Success 1000 = 0.948
I0502 16:43:39.496112 139579566835264 terminal.py:91] [Evaluator] Actor Episodes = 38067 | Actor Steps = 1903350 | Delta Dist = 12.063 | Delta Dist 10 = 12.253 | Delta Dist 100 = 11.827 | Delta Dist 1000 = 11.690 | Episode Length = 50 | Episode Return = 7.0 | Evaluator Episodes = 9646 | Evaluator Steps = 482300 | Final Dist = 0.743 | Final Dist 10 = 0.553 | Final Dist 100 = 0.979 | Final Dist 1000 = 1.117 | Init Dist = 12.806 | Init Dist 10 = 12.806 | Init Dist 100 = 12.806 | Init Dist 1000 = 12.806 | Learner Steps = 29584 | Learner Walltime = 5842.803 | Min Dist = 0.481 | Min Dist 10 = 0.225 | Min Dist 100 = 0.353 | Min Dist 1000 = 0.470 | Steps Per Second = 72.285 | Success = 1.000 | Success 1000 = 0.948
I0502 16:43:40.658132 139579566835264 terminal.py:91] [Evaluator] Actor Episodes = 38075 | Actor Steps = 1903750 | Delta Dist = 5.235 | Delta Dist 10 = 12.156 | Delta Dist 100 = 11.834 | Delta Dist 1000 = 11.690 | Episode Length = 50 | Episode Return = 0.0 | Evaluator Episodes = 9648 | Evaluator Steps = 482400 | Final Dist = 7.572 | Final Dist 10 = 0.650 | Final Dist 100 = 0.972 | Final Dist 1000 = 1.117 | Init Dist = 12.806 | Init Dist 10 = 12.806 | Init Dist 100 = 12.806 | Init Dist 1000 = 12.806 | Learner Steps = 29590 | Learner Walltime = 5844.189 | Min Dist = 6.591 | Min Dist 10 = 0.257 | Min Dist 100 = 0.350 | Min Dist 1000 = 0.470 | Steps Per Second = 80.696 | Success = 0.000 | Success 1000 = 0.948
I0502 16:43:41.235223 139558059398720 terminal.py:91] [Actor] Actor Episodes = 38081 | Actor Steps = 1904050 | Delta Dist = 7.857 | Delta Dist 10 = 6.035 | Delta Dist 100 = 4.743 | Delta Dist 1000 = 4.431 | Episode Length = 50 | Episode Return = 35.0 | Evaluator Episodes = 9648 | Evaluator Steps = 482400 | Final Dist = 0.205 | Final Dist 10 = 1.432 | Final Dist 100 = 1.496 | Final Dist 1000 = 1.418 | Init Dist = 8.062 | Init Dist 10 = 7.467 | Init Dist 100 = 6.239 | Init Dist 1000 = 5.849 | Learner Steps = 29590 | Learner Walltime = 5844.189 | Min Dist = 0.073 | Min Dist 10 = 0.049 | Min Dist 100 = 0.198 | Min Dist 1000 = 0.174 | Steps Per Second = 81.780 | Success = 1.000 | Success 1000 = 0.987
I0502 16:43:41.961264 139579566835264 terminal.py:91] [Evaluator] Actor Episodes = 38083 | Actor Steps = 1904150 | Delta Dist = 11.742 | Delta Dist 10 = 11.392 | Delta Dist 100 = 11.755 | Delta Dist 1000 = 11.683 | Episode Length = 50 | Episode Return = 8.0 | Evaluator Episodes = 9650 | Evaluator Steps = 482500 | Final Dist = 1.064 | Final Dist 10 = 1.414 | Final Dist 100 = 1.051 | Final Dist 1000 = 1.124 | Init Dist = 12.806 | Init Dist 10 = 12.806 | Init Dist 100 = 12.806 | Init Dist 1000 = 12.806 | Learner Steps = 29597 | Learner Walltime = 5845.548 | Min Dist = 0.506 | Min Dist 10 = 0.899 | Min Dist 100 = 0.412 | Min Dist 1000 = 0.477 | Steps Per Second = 80.149 | Success = 1.000 | Success 1000 = 0.947
I0502 16:43:43.202362 139579566835264 terminal.py:91] [Evaluator] Actor Episodes = 38091 | Actor Steps = 1904550 | Delta Dist = 12.257 | Delta Dist 10 = 11.351 | Delta Dist 100 = 11.795 | Delta Dist 1000 = 11.681 | Episode Length = 50 | Episode Return = 19.0 | Evaluator Episodes = 9652 | Evaluator Steps = 482600 | Final Dist = 0.549 | Final Dist 10 = 1.456 | Final Dist 100 = 1.011 | Final Dist 1000 = 1.125 | Init Dist = 12.806 | Init Dist 10 = 12.806 | Init Dist 100 = 12.806 | Init Dist 1000 = 12.806 | Learner Steps = 29604 | Learner Walltime = 5846.936 | Min Dist = 0.465 | Min Dist 10 = 0.890 | Min Dist 100 = 0.362 | Min Dist 1000 = 0.477 | Steps Per Second = 82.312 | Success = 1.000 | Success 1000 = 0.947
I0502 16:43:43.928586 139569349502528 terminal.py:91] [Actor] Actor Episodes = 38099 | Actor Steps = 1904950 | Delta Dist = 1.859 | Delta Dist 10 = 6.569 | Delta Dist 100 = 4.923 | Delta Dist 1000 = 4.463 | Episode Length = 50 | Episode Return = 39.0 | Evaluator Episodes = 9652 | Evaluator Steps = 482600 | Final Dist = 0.377 | Final Dist 10 = 0.949 | Final Dist 100 = 1.479 | Final Dist 1000 = 1.419 | Init Dist = 2.236 | Init Dist 10 = 7.518 | Init Dist 100 = 6.401 | Init Dist 1000 = 5.882 | Learner Steps = 29604 | Learner Walltime = 5846.936 | Min Dist = 0.200 | Min Dist 10 = 0.084 | Min Dist 100 = 0.174 | Min Dist 1000 = 0.174 | Steps Per Second = 81.908 | Success = 1.000 | Success 1000 = 0.987
I0502 16:43:44.305733 139579566835264 terminal.py:91] [Evaluator] Actor Episodes = 38099 | Actor Steps = 1904950 | Delta Dist = 12.367 | Delta Dist 10 = 11.301 | Delta Dist 100 = 11.812 | Delta Dist 1000 = 11.681 | Episode Length = 50 | Episode Return = 22.0 | Evaluator Episodes = 9654 | Evaluator Steps = 482700 | Final Dist = 0.439 | Final Dist 10 = 1.505 | Final Dist 100 = 0.994 | Final Dist 1000 = 1.125 | Init Dist = 12.806 | Init Dist 10 = 12.806 | Init Dist 100 = 12.806 | Init Dist 1000 = 12.806 | Learner Steps = 29611 | Learner Walltime = 5848.215 | Min Dist = 0.069 | Min Dist 10 = 0.943 | Min Dist 100 = 0.369 | Min Dist 1000 = 0.477 | Steps Per Second = 88.276 | Success = 1.000 | Success 1000 = 0.947
I0502 16:43:45.480572 139579566835264 terminal.py:91] [Evaluator] Actor Episodes = 38107 | Actor Steps = 1905350 | Delta Dist = 11.407 | Delta Dist 10 = 10.600 | Delta Dist 100 = 11.744 | Delta Dist 1000 = 11.675 | Episode Length = 50 | Episode Return = 16.0 | Evaluator Episodes = 9656 | Evaluator Steps = 482800 | Final Dist = 1.399 | Final Dist 10 = 2.206 | Final Dist 100 = 1.063 | Final Dist 1000 = 1.131 | Init Dist = 12.806 | Init Dist 10 = 12.806 | Init Dist 100 = 12.806 | Init Dist 1000 = 12.806 | Learner Steps = 29617 | Learner Walltime = 5849.350 | Min Dist = 0.177 | Min Dist 10 = 1.566 | Min Dist 100 = 0.432 | Min Dist 1000 = 0.484 | Steps Per Second = 90.888 | Success = 1.000 | Success 1000 = 0.946
I0502 16:43:45.844750 139584504182336 lp_utils.py:96] StepsLimiter: Reached 1905450 recorded steps
I0502 16:43:45.999803 139557462840896 terminal.py:91] [Actor] Actor Episodes = 38113 | Actor Steps = 1905650 | Delta Dist = 8.515 | Delta Dist 10 = 5.148 | Delta Dist 100 = 4.817 | Delta Dist 1000 = 4.465 | Episode Length = 50 | Episode Return = 41.0 | Evaluator Episodes = 9656 | Evaluator Steps = 482800 | Final Dist = 0.541 | Final Dist 10 = 1.979 | Final Dist 100 = 1.689 | Final Dist 1000 = 1.438 | Init Dist = 9.055 | Init Dist 10 = 7.127 | Init Dist 100 = 6.506 | Init Dist 1000 = 5.903 | Learner Steps = 29617 | Learner Walltime = 5849.350 | Min Dist = 0.166 | Min Dist 10 = 0.049 | Min Dist 100 = 0.151 | Min Dist 1000 = 0.175 | Steps Per Second = 81.489 | Success = 1.000 | Success 1000 = 0.987
I0502 16:43:46.631703 139579566835264 terminal.py:91] [Evaluator] Actor Episodes = 38115 | Actor Steps = 1905750 | Delta Dist = 11.788 | Delta Dist 10 = 10.588 | Delta Dist 100 = 11.749 | Delta Dist 1000 = 11.674 | Episode Length = 50 | Episode Return = 8.0 | Evaluator Episodes = 9658 | Evaluator Steps = 482900 | Final Dist = 1.018 | Final Dist 10 = 2.219 | Final Dist 100 = 1.057 | Final Dist 1000 = 1.132 | Init Dist = 12.806 | Init Dist 10 = 12.806 | Init Dist 100 = 12.806 | Init Dist 1000 = 12.806 | Learner Steps = 29623 | Learner Walltime = 5850.522 | Min Dist = 0.131 | Min Dist 10 = 1.552 | Min Dist 100 = 0.432 | Min Dist 1000 = 0.484 | Steps Per Second = 87.565 | Success = 1.000 | Success 1000 = 0.946
I0502 16:43:47.534946 139555860620864 terminal.py:91] [Actor] Actor Episodes = 38118 | Actor Steps = 1905900 | Delta Dist = 3.677 | Delta Dist 10 = 4.104 | Delta Dist 100 = 4.916 | Delta Dist 1000 = 4.475 | Episode Length = 50 | Episode Return = 30.0 | Evaluator Episodes = 9658 | Evaluator Steps = 482900 | Final Dist = 0.447 | Final Dist 10 = 2.846 | Final Dist 100 = 1.696 | Final Dist 1000 = 1.442 | Init Dist = 4.123 | Init Dist 10 = 6.950 | Init Dist 100 = 6.612 | Init Dist 1000 = 5.917 | Learner Steps = 29623 | Learner Walltime = 5850.522 | Min Dist = 0.082 | Min Dist 10 = 0.102 | Min Dist 100 = 0.152 | Min Dist 1000 = 0.175 | Steps Per Second = 76.600 | Success = 1.000 | Success 1000 = 0.987
I0502 16:43:47.642204 139555013154368 terminal.py:91] [Learner] Actor Episodes = 38123 | Actor Loss = 3.7658984661102295 | Actor Steps = 1906150 | Binary Accuracy = 0.9960451126098633 | Categorical Accuracy = 0.418701171875 | Critic Loss = 1.7662734985351562 | Entropy Mean = -22.903491973876953 | Evaluator Episodes = 9658 | Evaluator Steps = 482900 | Learner Steps = 29629 | Learner Walltime = 5851.837 | Logits Neg = -17.491641998291016 | Logits Pos = -1.7679033279418945 | Logsumexp = 1.0873968601226807 | Steps Per Second = 126.899
I0502 16:43:47.889095 139579566835264 terminal.py:91] [Evaluator] Actor Episodes = 38123 | Actor Steps = 1906150 | Delta Dist = 12.519 | Delta Dist 10 = 11.220 | Delta Dist 100 = 11.740 | Delta Dist 1000 = 11.677 | Episode Length = 50 | Episode Return = 24.0 | Evaluator Episodes = 9660 | Evaluator Steps = 483000 | Final Dist = 0.287 | Final Dist 10 = 1.586 | Final Dist 100 = 1.066 | Final Dist 1000 = 1.130 | Init Dist = 12.806 | Init Dist 10 = 12.806 | Init Dist 100 = 12.806 | Init Dist 1000 = 12.806 | Learner Steps = 29629 | Learner Walltime = 5851.837 | Min Dist = 0.037 | Min Dist 10 = 0.931 | Min Dist 100 = 0.437 | Min Dist 1000 = 0.480 | Steps Per Second = 77.741 | Success = 1.000 | Success 1000 = 0.947
I0502 16:43:49.199913 139579566835264 terminal.py:91] [Evaluator] Actor Episodes = 38131 | Actor Steps = 1906550 | Delta Dist = 12.384 | Delta Dist 10 = 11.390 | Delta Dist 100 = 11.758 | Delta Dist 1000 = 11.678 | Episode Length = 50 | Episode Return = 17.0 | Evaluator Episodes = 9662 | Evaluator Steps = 483100 | Final Dist = 0.423 | Final Dist 10 = 1.416 | Final Dist 100 = 1.048 | Final Dist 1000 = 1.128 | Init Dist = 12.806 | Init Dist 10 = 12.806 | Init Dist 100 = 12.806 | Init Dist 1000 = 12.806 | Learner Steps = 29636 | Learner Walltime = 5853.205 | Min Dist = 0.141 | Min Dist 10 = 0.866 | Min Dist 100 = 0.432 | Min Dist 1000 = 0.479 | Steps Per Second = 75.725 | Success = 1.000 | Success 1000 = 0.947
I0502 16:43:50.483404 139579566835264 terminal.py:91] [Evaluator] Actor Episodes = 38139 | Actor Steps = 1906950 | Delta Dist = 12.483 | Delta Dist 10 = 11.349 | Delta Dist 100 = 11.771 | Delta Dist 1000 = 11.678 | Episode Length = 50 | Episode Return = 24.0 | Evaluator Episodes = 9664 | Evaluator Steps = 483200 | Final Dist = 0.323 | Final Dist 10 = 1.457 | Final Dist 100 = 1.035 | Final Dist 1000 = 1.128 | Init Dist = 12.806 | Init Dist 10 = 12.806 | Init Dist 100 = 12.806 | Init Dist 1000 = 12.806 | Learner Steps = 29642 | Learner Walltime = 5854.316 | Min Dist = 0.204 | Min Dist 10 = 0.831 | Min Dist 100 = 0.428 | Min Dist 1000 = 0.480 | Steps Per Second = 82.493 | Success = 1.000 | Success 1000 = 0.947
I0502 16:43:51.716068 139579566835264 terminal.py:91] [Evaluator] Actor Episodes = 38147 | Actor Steps = 1907350 | Delta Dist = 11.649 | Delta Dist 10 = 12.074 | Delta Dist 100 = 11.788 | Delta Dist 1000 = 11.685 | Episode Length = 50 | Episode Return = 23.0 | Evaluator Episodes = 9666 | Evaluator Steps = 483300 | Final Dist = 1.157 | Final Dist 10 = 0.732 | Final Dist 100 = 1.019 | Final Dist 1000 = 1.121 | Init Dist = 12.806 | Init Dist 10 = 12.806 | Init Dist 100 = 12.806 | Init Dist 1000 = 12.806 | Learner Steps = 29649 | Learner Walltime = 5855.499 | Min Dist = 0.083 | Min Dist 10 = 0.186 | Min Dist 100 = 0.426 | Min Dist 1000 = 0.475 | Steps Per Second = 75.122 | Success = 1.000 | Success 1000 = 0.948
I0502 16:43:51.855471 139558059398720 terminal.py:91] [Actor] Actor Episodes = 38151 | Actor Steps = 1907550 | Delta Dist = 4.319 | Delta Dist 10 = 5.701 | Delta Dist 100 = 5.132 | Delta Dist 1000 = 4.498 | Episode Length = 50 | Episode Return = 36.0 | Evaluator Episodes = 9666 | Evaluator Steps = 483300 | Final Dist = 0.154 | Final Dist 10 = 0.586 | Final Dist 100 = 1.404 | Final Dist 1000 = 1.430 | Init Dist = 4.472 | Init Dist 10 = 6.287 | Init Dist 100 = 6.535 | Init Dist 1000 = 5.928 | Learner Steps = 29649 | Learner Walltime = 5855.499 | Min Dist = 0.109 | Min Dist 10 = 0.137 | Min Dist 100 = 0.092 | Min Dist 1000 = 0.176 | Steps Per Second = 77.952 | Success = 1.000 | Success 1000 = 0.987
I0502 16:43:52.951201 139579566835264 terminal.py:91] [Evaluator] Actor Episodes = 38155 | Actor Steps = 1907750 | Delta Dist = 11.981 | Delta Dist 10 = 12.036 | Delta Dist 100 = 11.784 | Delta Dist 1000 = 11.689 | Episode Length = 50 | Episode Return = 27.0 | Evaluator Episodes = 9668 | Evaluator Steps = 483400 | Final Dist = 0.825 | Final Dist 10 = 0.770 | Final Dist 100 = 1.022 | Final Dist 1000 = 1.117 | Init Dist = 12.806 | Init Dist 10 = 12.806 | Init Dist 100 = 12.806 | Init Dist 1000 = 12.806 | Learner Steps = 29655 | Learner Walltime = 5856.816 | Min Dist = 0.051 | Min Dist 10 = 0.153 | Min Dist 100 = 0.421 | Min Dist 1000 = 0.470 | Steps Per Second = 77.273 | Success = 1.000 | Success 1000 = 0.949
I0502 16:43:54.156426 139579566835264 terminal.py:91] [Evaluator] Actor Episodes = 38163 | Actor Steps = 1908150 | Delta Dist = 12.000 | Delta Dist 10 = 12.095 | Delta Dist 100 = 11.771 | Delta Dist 1000 = 11.688 | Episode Length = 50 | Episode Return = 4.0 | Evaluator Episodes = 9670 | Evaluator Steps = 483500 | Final Dist = 0.806 | Final Dist 10 = 0.711 | Final Dist 100 = 1.036 | Final Dist 1000 = 1.118 | Init Dist = 12.806 | Init Dist 10 = 12.806 | Init Dist 100 = 12.806 | Init Dist 1000 = 12.806 | Learner Steps = 29661 | Learner Walltime = 5858.010 | Min Dist = 0.317 | Min Dist 10 = 0.127 | Min Dist 100 = 0.421 | Min Dist 1000 = 0.470 | Steps Per Second = 86.721 | Success = 1.000 | Success 1000 = 0.949
I0502 16:43:54.296461 139569349502528 terminal.py:91] [Actor] Actor Episodes = 38164 | Actor Steps = 1908200 | Delta Dist = 5.077 | Delta Dist 10 = 5.087 | Delta Dist 100 = 5.107 | Delta Dist 1000 = 4.497 | Episode Length = 50 | Episode Return = 35.0 | Evaluator Episodes = 9668 | Evaluator Steps = 483400 | Final Dist = 0.023 | Final Dist 10 = 0.509 | Final Dist 100 = 1.413 | Final Dist 1000 = 1.431 | Init Dist = 5.099 | Init Dist 10 = 5.595 | Init Dist 100 = 6.520 | Init Dist 1000 = 5.928 | Learner Steps = 29655 | Learner Walltime = 5856.816 | Min Dist = 0.003 | Min Dist 10 = 0.062 | Min Dist 100 = 0.090 | Min Dist 1000 = 0.176 | Steps Per Second = 98.738 | Success = 1.000 | Success 1000 = 0.987
I0502 16:43:55.358136 139579566835264 terminal.py:91] [Evaluator] Actor Episodes = 38171 | Actor Steps = 1908550 | Delta Dist = 12.604 | Delta Dist 10 = 12.043 | Delta Dist 100 = 11.804 | Delta Dist 1000 = 11.690 | Episode Length = 50 | Episode Return = 18.0 | Evaluator Episodes = 9672 | Evaluator Steps = 483600 | Final Dist = 0.203 | Final Dist 10 = 0.764 | Final Dist 100 = 1.002 | Final Dist 1000 = 1.117 | Init Dist = 12.806 | Init Dist 10 = 12.806 | Init Dist 100 = 12.806 | Init Dist 1000 = 12.806 | Learner Steps = 29668 | Learner Walltime = 5859.248 | Min Dist = 0.125 | Min Dist 10 = 0.155 | Min Dist 100 = 0.381 | Min Dist 1000 = 0.470 | Steps Per Second = 82.754 | Success = 1.000 | Success 1000 = 0.949
I0502 16:43:55.861266 139584504182336 lp_utils.py:96] StepsLimiter: Reached 1908850 recorded steps
I0502 16:43:56.283732 139557462840896 terminal.py:91] [Actor] Actor Episodes = 38178 | Actor Steps = 1908900 | Delta Dist = 4.275 | Delta Dist 10 = 3.415 | Delta Dist 100 = 4.599 | Delta Dist 1000 = 4.467 | Episode Length = 50 | Episode Return = 39.0 | Evaluator Episodes = 9672 | Evaluator Steps = 483600 | Final Dist = 1.110 | Final Dist 10 = 1.364 | Final Dist 100 = 1.512 | Final Dist 1000 = 1.438 | Init Dist = 5.385 | Init Dist 10 = 4.779 | Init Dist 100 = 6.111 | Init Dist 1000 = 5.905 | Learner Steps = 29668 | Learner Walltime = 5859.248 | Min Dist = 0.091 | Min Dist 10 = 0.087 | Min Dist 100 = 0.134 | Min Dist 1000 = 0.179 | Steps Per Second = 83.434 | Success = 1.000 | Success 1000 = 0.987
I0502 16:43:56.559112 139579566835264 terminal.py:91] [Evaluator] Actor Episodes = 38179 | Actor Steps = 1908950 | Delta Dist = 11.910 | Delta Dist 10 = 12.160 | Delta Dist 100 = 11.829 | Delta Dist 1000 = 11.694 | Episode Length = 50 | Episode Return = 15.0 | Evaluator Episodes = 9674 | Evaluator Steps = 483700 | Final Dist = 0.896 | Final Dist 10 = 0.646 | Final Dist 100 = 0.977 | Final Dist 1000 = 1.112 | Init Dist = 12.806 | Init Dist 10 = 12.806 | Init Dist 100 = 12.806 | Init Dist 1000 = 12.806 | Learner Steps = 29674 | Learner Walltime = 5860.333 | Min Dist = 0.457 | Min Dist 10 = 0.127 | Min Dist 100 = 0.377 | Min Dist 1000 = 0.466 | Steps Per Second = 82.460 | Success = 1.000 | Success 1000 = 0.950
I0502 16:43:57.774302 139579566835264 terminal.py:91] [Evaluator] Actor Episodes = 38187 | Actor Steps = 1909350 | Delta Dist = 11.643 | Delta Dist 10 = 12.079 | Delta Dist 100 = 11.834 | Delta Dist 1000 = 11.694 | Episode Length = 50 | Episode Return = 17.0 | Evaluator Episodes = 9676 | Evaluator Steps = 483800 | Final Dist = 1.163 | Final Dist 10 = 0.728 | Final Dist 100 = 0.972 | Final Dist 1000 = 1.112 | Init Dist = 12.806 | Init Dist 10 = 12.806 | Init Dist 100 = 12.806 | Init Dist 1000 = 12.806 | Learner Steps = 29680 | Learner Walltime = 5861.643 | Min Dist = 0.121 | Min Dist 10 = 0.158 | Min Dist 100 = 0.373 | Min Dist 1000 = 0.466 | Steps Per Second = 88.765 | Success = 1.000 | Success 1000 = 0.950
I0502 16:43:57.963992 139555860620864 terminal.py:91] [Actor] Actor Episodes = 38191 | Actor Steps = 1909550 | Delta Dist = 4.352 | Delta Dist 10 = 6.010 | Delta Dist 100 = 4.697 | Delta Dist 1000 = 4.485 | Episode Length = 50 | Episode Return = 50.0 | Evaluator Episodes = 9676 | Evaluator Steps = 483800 | Final Dist = 2.859 | Final Dist 10 = 1.050 | Final Dist 100 = 1.466 | Final Dist 1000 = 1.429 | Init Dist = 7.211 | Init Dist 10 = 7.060 | Init Dist 100 = 6.163 | Init Dist 1000 = 5.914 | Learner Steps = 29680 | Learner Walltime = 5861.643 | Min Dist = 0.031 | Min Dist 10 = 0.084 | Min Dist 100 = 0.132 | Min Dist 1000 = 0.174 | Steps Per Second = 85.017 | Success = 1.000 | Success 1000 = 0.987
I0502 16:43:58.025265 139555013154368 terminal.py:91] [Learner] Actor Episodes = 38187 | Actor Loss = 3.564101219177246 | Actor Steps = 1909350 | Binary Accuracy = 0.9959704875946045 | Categorical Accuracy = 0.42401123046875 | Critic Loss = 1.8052978515625 | Entropy Mean = -21.396657943725586 | Evaluator Episodes = 9674 | Evaluator Steps = 483700 | Learner Steps = 29683 | Learner Walltime = 5862.218 | Logits Neg = -17.500452041625977 | Logits Pos = -1.7677783966064453 | Logsumexp = 1.2073684930801392 | Steps Per Second = 142.687
I0502 16:43:58.924318 139579566835264 terminal.py:91] [Evaluator] Actor Episodes = 38195 | Actor Steps = 1909750 | Delta Dist = 11.093 | Delta Dist 10 = 12.110 | Delta Dist 100 = 11.818 | Delta Dist 1000 = 11.693 | Episode Length = 50 | Episode Return = 6.0 | Evaluator Episodes = 9678 | Evaluator Steps = 483900 | Final Dist = 1.713 | Final Dist 10 = 0.697 | Final Dist 100 = 0.988 | Final Dist 1000 = 1.113 | Init Dist = 12.806 | Init Dist 10 = 12.806 | Init Dist 100 = 12.806 | Init Dist 1000 = 12.806 | Learner Steps = 29686 | Learner Walltime = 5862.778 | Min Dist = 0.214 | Min Dist 10 = 0.160 | Min Dist 100 = 0.373 | Min Dist 1000 = 0.466 | Steps Per Second = 89.167 | Success = 1.000 | Success 1000 = 0.950
I0502 16:44:00.075775 139579566835264 terminal.py:91] [Evaluator] Actor Episodes = 38203 | Actor Steps = 1910150 | Delta Dist = 12.501 | Delta Dist 10 = 12.036 | Delta Dist 100 = 11.817 | Delta Dist 1000 = 11.697 | Episode Length = 50 | Episode Return = 31.0 | Evaluator Episodes = 9680 | Evaluator Steps = 484000 | Final Dist = 0.305 | Final Dist 10 = 0.770 | Final Dist 100 = 0.989 | Final Dist 1000 = 1.109 | Init Dist = 12.806 | Init Dist 10 = 12.806 | Init Dist 100 = 12.806 | Init Dist 1000 = 12.806 | Learner Steps = 29693 | Learner Walltime = 5864.169 | Min Dist = 0.064 | Min Dist 10 = 0.224 | Min Dist 100 = 0.373 | Min Dist 1000 = 0.462 | Steps Per Second = 87.341 | Success = 1.000 | Success 1000 = 0.951
I0502 16:44:01.282158 139579566835264 terminal.py:91] [Evaluator] Actor Episodes = 38211 | Actor Steps = 1910550 | Delta Dist = 12.002 | Delta Dist 10 = 12.073 | Delta Dist 100 = 11.828 | Delta Dist 1000 = 11.698 | Episode Length = 50 | Episode Return = 19.0 | Evaluator Episodes = 9682 | Evaluator Steps = 484100 | Final Dist = 0.804 | Final Dist 10 = 0.733 | Final Dist 100 = 0.979 | Final Dist 1000 = 1.108 | Init Dist = 12.806 | Init Dist 10 = 12.806 | Init Dist 100 = 12.806 | Init Dist 1000 = 12.806 | Learner Steps = 29699 | Learner Walltime = 5865.228 | Min Dist = 0.409 | Min Dist 10 = 0.202 | Min Dist 100 = 0.369 | Min Dist 1000 = 0.462 | Steps Per Second = 82.077 | Success = 1.000 | Success 1000 = 0.951
I0502 16:44:02.188611 139558059398720 terminal.py:91] [Actor] Actor Episodes = 38214 | Actor Steps = 1910700 | Delta Dist = 7.931 | Delta Dist 10 = 3.152 | Delta Dist 100 = 4.270 | Delta Dist 1000 = 4.461 | Episode Length = 50 | Episode Return = 33.0 | Evaluator Episodes = 9682 | Evaluator Steps = 484100 | Final Dist = 0.613 | Final Dist 10 = 3.245 | Final Dist 100 = 1.493 | Final Dist 1000 = 1.453 | Init Dist = 8.544 | Init Dist 10 = 6.398 | Init Dist 100 = 5.763 | Init Dist 1000 = 5.914 | Learner Steps = 29699 | Learner Walltime = 5865.228 | Min Dist = 0.021 | Min Dist 10 = 0.127 | Min Dist 100 = 0.138 | Min Dist 1000 = 0.173 | Steps Per Second = 75.763 | Success = 1.000 | Success 1000 = 0.988
I0502 16:44:02.524419 139579566835264 terminal.py:91] [Evaluator] Actor Episodes = 38219 | Actor Steps = 1910950 | Delta Dist = 12.569 | Delta Dist 10 = 11.878 | Delta Dist 100 = 11.826 | Delta Dist 1000 = 11.698 | Episode Length = 50 | Episode Return = 20.0 | Evaluator Episodes = 9684 | Evaluator Steps = 484200 | Final Dist = 0.237 | Final Dist 10 = 0.929 | Final Dist 100 = 0.981 | Final Dist 1000 = 1.109 | Init Dist = 12.806 | Init Dist 10 = 12.806 | Init Dist 100 = 12.806 | Init Dist 1000 = 12.806 | Learner Steps = 29705 | Learner Walltime = 5866.498 | Min Dist = 0.043 | Min Dist 10 = 0.237 | Min Dist 100 = 0.368 | Min Dist 1000 = 0.462 | Steps Per Second = 87.560 | Success = 1.000 | Success 1000 = 0.951
I0502 16:44:03.700031 139579566835264 terminal.py:91] [Evaluator] Actor Episodes = 38227 | Actor Steps = 1911350 | Delta Dist = 11.820 | Delta Dist 10 = 11.980 | Delta Dist 100 = 11.827 | Delta Dist 1000 = 11.698 | Episode Length = 50 | Episode Return = 2.0 | Evaluator Episodes = 9686 | Evaluator Steps = 484300 | Final Dist = 0.987 | Final Dist 10 = 0.826 | Final Dist 100 = 0.979 | Final Dist 1000 = 1.108 | Init Dist = 12.806 | Init Dist 10 = 12.806 | Init Dist 100 = 12.806 | Init Dist 1000 = 12.806 | Learner Steps = 29711 | Learner Walltime = 5867.599 | Min Dist = 0.707 | Min Dist 10 = 0.208 | Min Dist 100 = 0.368 | Min Dist 1000 = 0.462 | Steps Per Second = 82.834 | Success = 1.000 | Success 1000 = 0.951
I0502 16:44:04.638451 139569349502528 terminal.py:91] [Actor] Actor Episodes = 38235 | Actor Steps = 1911750 | Delta Dist = 2.981 | Delta Dist 10 = 5.311 | Delta Dist 100 = 4.255 | Delta Dist 1000 = 4.447 | Episode Length = 50 | Episode Return = 19.0 | Evaluator Episodes = 9686 | Evaluator Steps = 484300 | Final Dist = 1.019 | Final Dist 10 = 0.952 | Final Dist 100 = 1.631 | Final Dist 1000 = 1.465 | Init Dist = 4.000 | Init Dist 10 = 6.263 | Init Dist 100 = 5.887 | Init Dist 1000 = 5.912 | Learner Steps = 29711 | Learner Walltime = 5867.599 | Min Dist = 0.019 | Min Dist 10 = 0.099 | Min Dist 100 = 0.177 | Min Dist 1000 = 0.175 | Steps Per Second = 82.572 | Success = 1.000 | Success 1000 = 0.989
I0502 16:44:04.919455 139579566835264 terminal.py:91] [Evaluator] Actor Episodes = 38235 | Actor Steps = 1911750 | Delta Dist = 11.955 | Delta Dist 10 = 11.965 | Delta Dist 100 = 11.810 | Delta Dist 1000 = 11.697 | Episode Length = 50 | Episode Return = 11.0 | Evaluator Episodes = 9688 | Evaluator Steps = 484400 | Final Dist = 0.851 | Final Dist 10 = 0.842 | Final Dist 100 = 0.997 | Final Dist 1000 = 1.109 | Init Dist = 12.806 | Init Dist 10 = 12.806 | Init Dist 100 = 12.806 | Init Dist 1000 = 12.806 | Learner Steps = 29718 | Learner Walltime = 5868.954 | Min Dist = 0.481 | Min Dist 10 = 0.264 | Min Dist 100 = 0.372 | Min Dist 1000 = 0.462 | Steps Per Second = 79.429 | Success = 1.000 | Success 1000 = 0.951
I0502 16:44:05.881093 139584504182336 lp_utils.py:96] StepsLimiter: Reached 1912050 recorded steps
I0502 16:44:06.145516 139579566835264 terminal.py:91] [Evaluator] Actor Episodes = 38243 | Actor Steps = 1912150 | Delta Dist = 12.654 | Delta Dist 10 = 12.057 | Delta Dist 100 = 11.810 | Delta Dist 1000 = 11.697 | Episode Length = 50 | Episode Return = 3.0 | Evaluator Episodes = 9690 | Evaluator Steps = 484500 | Final Dist = 0.152 | Final Dist 10 = 0.749 | Final Dist 100 = 0.996 | Final Dist 1000 = 1.109 | Init Dist = 12.806 | Init Dist 10 = 12.806 | Init Dist 100 = 12.806 | Init Dist 1000 = 12.806 | Learner Steps = 29725 | Learner Walltime = 5870.168 | Min Dist = 0.055 | Min Dist 10 = 0.233 | Min Dist 100 = 0.372 | Min Dist 1000 = 0.463 | Steps Per Second = 76.873 | Success = 1.000 | Success 1000 = 0.951
I0502 16:44:06.622440 139557462840896 terminal.py:91] [Actor] Actor Episodes = 38249 | Actor Steps = 1912450 | Delta Dist = 7.308 | Delta Dist 10 = 4.522 | Delta Dist 100 = 4.197 | Delta Dist 1000 = 4.454 | Episode Length = 50 | Episode Return = 41.0 | Evaluator Episodes = 9690 | Evaluator Steps = 484500 | Final Dist = 2.179 | Final Dist 10 = 1.907 | Final Dist 100 = 1.742 | Final Dist 1000 = 1.461 | Init Dist = 9.487 | Init Dist 10 = 6.430 | Init Dist 100 = 5.939 | Init Dist 1000 = 5.915 | Learner Steps = 29725 | Learner Walltime = 5870.168 | Min Dist = 0.111 | Min Dist 10 = 0.170 | Min Dist 100 = 0.173 | Min Dist 1000 = 0.176 | Steps Per Second = 80.801 | Success = 1.000 | Success 1000 = 0.989
I0502 16:44:07.370017 139579566835264 terminal.py:91] [Evaluator] Actor Episodes = 38251 | Actor Steps = 1912550 | Delta Dist = 11.512 | Delta Dist 10 = 11.996 | Delta Dist 100 = 11.824 | Delta Dist 1000 = 11.703 | Episode Length = 50 | Episode Return = 12.0 | Evaluator Episodes = 9692 | Evaluator Steps = 484600 | Final Dist = 1.294 | Final Dist 10 = 0.810 | Final Dist 100 = 0.982 | Final Dist 1000 = 1.103 | Init Dist = 12.806 | Init Dist 10 = 12.806 | Init Dist 100 = 12.806 | Init Dist 1000 = 12.806 | Learner Steps = 29731 | Learner Walltime = 5871.398 | Min Dist = 0.100 | Min Dist 10 = 0.236 | Min Dist 100 = 0.366 | Min Dist 1000 = 0.457 | Steps Per Second = 86.331 | Success = 1.000 | Success 1000 = 0.952
I0502 16:44:08.032951 139555860620864 terminal.py:91] [Actor] Actor Episodes = 38254 | Actor Steps = 1912700 | Delta Dist = 2.416 | Delta Dist 10 = 3.942 | Delta Dist 100 = 4.136 | Delta Dist 1000 = 4.436 | Episode Length = 50 | Episode Return = 14.0 | Evaluator Episodes = 9692 | Evaluator Steps = 484600 | Final Dist = 1.707 | Final Dist 10 = 2.787 | Final Dist 100 = 1.830 | Final Dist 1000 = 1.470 | Init Dist = 4.123 | Init Dist 10 = 6.729 | Init Dist 100 = 5.967 | Init Dist 1000 = 5.906 | Learner Steps = 29731 | Learner Walltime = 5871.398 | Min Dist = 0.091 | Min Dist 10 = 0.156 | Min Dist 100 = 0.176 | Min Dist 1000 = 0.176 | Steps Per Second = 81.389 | Success = 1.000 | Success 1000 = 0.989
I0502 16:44:08.131062 139555013154368 terminal.py:91] [Learner] Actor Episodes = 38251 | Actor Loss = 3.571577548980713 | Actor Steps = 1912550 | Binary Accuracy = 0.9961080551147461 | Categorical Accuracy = 0.4239501953125 | Critic Loss = 1.810315728187561 | Entropy Mean = -22.708005905151367 | Evaluator Episodes = 9690 | Evaluator Steps = 484500 | Learner Steps = 29736 | Learner Walltime = 5872.330 | Logits Neg = -16.982864379882812 | Logits Pos = -1.797743797302246 | Logsumexp = 1.066962718963623 | Steps Per Second = 244.808
I0502 16:44:08.612858 139579566835264 terminal.py:91] [Evaluator] Actor Episodes = 38259 | Actor Steps = 1912950 | Delta Dist = 11.774 | Delta Dist 10 = 12.058 | Delta Dist 100 = 11.826 | Delta Dist 1000 = 11.709 | Episode Length = 50 | Episode Return = 24.0 | Evaluator Episodes = 9694 | Evaluator Steps = 484700 | Final Dist = 1.033 | Final Dist 10 = 0.749 | Final Dist 100 = 0.980 | Final Dist 1000 = 1.097 | Init Dist = 12.806 | Init Dist 10 = 12.806 | Init Dist 100 = 12.806 | Init Dist 1000 = 12.806 | Learner Steps = 29737 | Learner Walltime = 5872.661 | Min Dist = 0.081 | Min Dist 10 = 0.210 | Min Dist 100 = 0.359 | Min Dist 1000 = 0.452 | Steps Per Second = 81.668 | Success = 1.000 | Success 1000 = 0.953
I0502 16:44:09.807873 139579566835264 terminal.py:91] [Evaluator] Actor Episodes = 38267 | Actor Steps = 1913350 | Delta Dist = 12.220 | Delta Dist 10 = 11.950 | Delta Dist 100 = 11.830 | Delta Dist 1000 = 11.709 | Episode Length = 50 | Episode Return = 28.0 | Evaluator Episodes = 9696 | Evaluator Steps = 484800 | Final Dist = 0.586 | Final Dist 10 = 0.856 | Final Dist 100 = 0.977 | Final Dist 1000 = 1.097 | Init Dist = 12.806 | Init Dist 10 = 12.806 | Init Dist 100 = 12.806 | Init Dist 1000 = 12.806 | Learner Steps = 29743 | Learner Walltime = 5873.771 | Min Dist = 0.138 | Min Dist 10 = 0.204 | Min Dist 100 = 0.356 | Min Dist 1000 = 0.452 | Steps Per Second = 79.445 | Success = 1.000 | Success 1000 = 0.953
I0502 16:44:11.004235 139579566835264 terminal.py:91] [Evaluator] Actor Episodes = 38275 | Actor Steps = 1913750 | Delta Dist = 12.553 | Delta Dist 10 = 12.011 | Delta Dist 100 = 11.829 | Delta Dist 1000 = 11.708 | Episode Length = 50 | Episode Return = 16.0 | Evaluator Episodes = 9698 | Evaluator Steps = 484900 | Final Dist = 0.253 | Final Dist 10 = 0.795 | Final Dist 100 = 0.977 | Final Dist 1000 = 1.098 | Init Dist = 12.806 | Init Dist 10 = 12.806 | Init Dist 100 = 12.806 | Init Dist 1000 = 12.806 | Learner Steps = 29749 | Learner Walltime = 5874.817 | Min Dist = 0.253 | Min Dist 10 = 0.185 | Min Dist 100 = 0.358 | Min Dist 1000 = 0.452 | Steps Per Second = 82.227 | Success = 1.000 | Success 1000 = 0.953
I0502 16:44:12.284159 139579566835264 terminal.py:91] [Evaluator] Actor Episodes = 38283 | Actor Steps = 1914150 | Delta Dist = 11.824 | Delta Dist 10 = 12.101 | Delta Dist 100 = 11.845 | Delta Dist 1000 = 11.709 | Episode Length = 50 | Episode Return = 17.0 | Evaluator Episodes = 9700 | Evaluator Steps = 485000 | Final Dist = 0.982 | Final Dist 10 = 0.706 | Final Dist 100 = 0.961 | Final Dist 1000 = 1.097 | Init Dist = 12.806 | Init Dist 10 = 12.806 | Init Dist 100 = 12.806 | Init Dist 1000 = 12.806 | Learner Steps = 29754 | Learner Walltime = 5875.899 | Min Dist = 0.443 | Min Dist 10 = 0.156 | Min Dist 100 = 0.350 | Min Dist 1000 = 0.452 | Steps Per Second = 83.311 | Success = 1.000 | Success 1000 = 0.953
I0502 16:44:12.370851 139558059398720 terminal.py:91] [Actor] Actor Episodes = 38287 | Actor Steps = 1914350 | Delta Dist = 6.851 | Delta Dist 10 = 3.265 | Delta Dist 100 = 4.112 | Delta Dist 1000 = 4.425 | Episode Length = 50 | Episode Return = 46.0 | Evaluator Episodes = 9700 | Evaluator Steps = 485000 | Final Dist = 0.220 | Final Dist 10 = 1.634 | Final Dist 100 = 1.923 | Final Dist 1000 = 1.496 | Init Dist = 7.071 | Init Dist 10 = 4.899 | Init Dist 100 = 6.035 | Init Dist 1000 = 5.921 | Learner Steps = 29754 | Learner Walltime = 5875.899 | Min Dist = 0.033 | Min Dist 10 = 0.055 | Min Dist 100 = 0.133 | Min Dist 1000 = 0.177 | Steps Per Second = 91.836 | Success = 1.000 | Success 1000 = 0.989
I0502 16:44:13.775012 139579566835264 terminal.py:91] [Evaluator] Actor Episodes = 38291 | Actor Steps = 1914550 | Delta Dist = 11.689 | Delta Dist 10 = 12.036 | Delta Dist 100 = 11.850 | Delta Dist 1000 = 11.709 | Episode Length = 50 | Episode Return = 18.0 | Evaluator Episodes = 9702 | Evaluator Steps = 485100 | Final Dist = 1.117 | Final Dist 10 = 0.770 | Final Dist 100 = 0.956 | Final Dist 1000 = 1.097 | Init Dist = 12.806 | Init Dist 10 = 12.806 | Init Dist 100 = 12.806 | Init Dist 1000 = 12.806 | Learner Steps = 29760 | Learner Walltime = 5877.130 | Min Dist = 0.077 | Min Dist 10 = 0.188 | Min Dist 100 = 0.352 | Min Dist 1000 = 0.452 | Steps Per Second = 54.275 | Success = 1.000 | Success 1000 = 0.953
I0502 16:44:14.715698 139584635659840 savers.py:156] Saving checkpoint: logs/contrastive_cpc_point_FourRooms_64/5dd72662-2788-11f0-b183-d85ed38c5779/checkpoints/counter
I0502 16:44:14.978357 139579566835264 terminal.py:91] [Evaluator] Actor Episodes = 38297 | Actor Steps = 1914850 | Delta Dist = 12.064 | Delta Dist 10 = 11.974 | Delta Dist 100 = 11.854 | Delta Dist 1000 = 11.708 | Episode Length = 50 | Episode Return = 23.0 | Evaluator Episodes = 9704 | Evaluator Steps = 485200 | Final Dist = 0.742 | Final Dist 10 = 0.832 | Final Dist 100 = 0.952 | Final Dist 1000 = 1.098 | Init Dist = 12.806 | Init Dist 10 = 12.806 | Init Dist 100 = 12.806 | Init Dist 1000 = 12.806 | Learner Steps = 29764 | Learner Walltime = 5878.147 | Min Dist = 0.185 | Min Dist 10 = 0.178 | Min Dist 100 = 0.343 | Min Dist 1000 = 0.452 | Steps Per Second = 84.695 | Success = 1.000 | Success 1000 = 0.953
I0502 16:44:15.000799 139569349502528 terminal.py:91] [Actor] Actor Episodes = 38299 | Actor Steps = 1914950 | Delta Dist = 7.287 | Delta Dist 10 = 4.163 | Delta Dist 100 = 4.183 | Delta Dist 1000 = 4.422 | Episode Length = 50 | Episode Return = 2.0 | Evaluator Episodes = 9704 | Evaluator Steps = 485200 | Final Dist = 1.257 | Final Dist 10 = 3.140 | Final Dist 100 = 2.099 | Final Dist 1000 = 1.518 | Init Dist = 8.544 | Init Dist 10 = 7.303 | Init Dist 100 = 6.282 | Init Dist 1000 = 5.940 | Learner Steps = 29764 | Learner Walltime = 5878.147 | Min Dist = 0.073 | Min Dist 10 = 0.084 | Min Dist 100 = 0.128 | Min Dist 1000 = 0.174 | Steps Per Second = 80.487 | Success = 1.000 | Success 1000 = 0.989
I0502 16:44:15.897431 139584504182336 lp_utils.py:96] StepsLimiter: Reached 1915250 recorded steps
I0502 16:44:16.250716 139579566835264 terminal.py:91] [Evaluator] Actor Episodes = 38305 | Actor Steps = 1915250 | Delta Dist = 8.625 | Delta Dist 10 = 12.025 | Delta Dist 100 = 11.860 | Delta Dist 1000 = 11.708 | Episode Length = 50 | Episode Return = 0.0 | Evaluator Episodes = 9706 | Evaluator Steps = 485300 | Final Dist = 4.181 | Final Dist 10 = 0.781 | Final Dist 100 = 0.946 | Final Dist 1000 = 1.098 | Init Dist = 12.806 | Init Dist 10 = 12.806 | Init Dist 100 = 12.806 | Init Dist 1000 = 12.806 | Learner Steps = 29769 | Learner Walltime = 5879.315 | Min Dist = 4.181 | Min Dist 10 = 0.185 | Min Dist 100 = 0.342 | Min Dist 1000 = 0.452 | Steps Per Second = 77.087 | Success = 0.000 | Success 1000 = 0.953
I0502 16:44:17.070355 139557462840896 terminal.py:91] [Actor] Actor Episodes = 38314 | Actor Steps = 1915700 | Delta Dist = 2.998 | Delta Dist 10 = 3.796 | Delta Dist 100 = 4.215 | Delta Dist 1000 = 4.431 | Episode Length = 50 | Episode Return = 41.0 | Evaluator Episodes = 9706 | Evaluator Steps = 485300 | Final Dist = 0.165 | Final Dist 10 = 2.661 | Final Dist 100 = 1.958 | Final Dist 1000 = 1.524 | Init Dist = 3.162 | Init Dist 10 = 6.457 | Init Dist 100 = 6.173 | Init Dist 1000 = 5.955 | Learner Steps = 29776 | Learner Walltime = 5880.670 | Min Dist = 0.165 | Min Dist 10 = 0.229 | Min Dist 100 = 0.141 | Min Dist 1000 = 0.175 | Steps Per Second = 86.224 | Success = 1.000 | Success 1000 = 0.988
I0502 16:44:17.523962 139579566835264 terminal.py:91] [Evaluator] Actor Episodes = 38313 | Actor Steps = 1915650 | Delta Dist = 12.313 | Delta Dist 10 = 11.681 | Delta Dist 100 = 11.834 | Delta Dist 1000 = 11.705 | Episode Length = 50 | Episode Return = 23.0 | Evaluator Episodes = 9708 | Evaluator Steps = 485400 | Final Dist = 0.494 | Final Dist 10 = 1.125 | Final Dist 100 = 0.972 | Final Dist 1000 = 1.101 | Init Dist = 12.806 | Init Dist 10 = 12.806 | Init Dist 100 = 12.806 | Init Dist 1000 = 12.806 | Learner Steps = 29776 | Learner Walltime = 5880.670 | Min Dist = 0.375 | Min Dist 10 = 0.573 | Min Dist 100 = 0.380 | Min Dist 1000 = 0.456 | Steps Per Second = 78.696 | Success = 1.000 | Success 1000 = 0.952
I0502 16:44:18.283457 139555860620864 terminal.py:91] [Actor] Actor Episodes = 38318 | Actor Steps = 1915900 | Delta Dist = 3.533 | Delta Dist 10 = 4.441 | Delta Dist 100 = 4.336 | Delta Dist 1000 = 4.446 | Episode Length = 50 | Episode Return = 25.0 | Evaluator Episodes = 9708 | Evaluator Steps = 485400 | Final Dist = 0.073 | Final Dist 10 = 1.349 | Final Dist 100 = 1.818 | Final Dist 1000 = 1.513 | Init Dist = 3.606 | Init Dist 10 = 5.790 | Init Dist 100 = 6.154 | Init Dist 1000 = 5.959 | Learner Steps = 29776 | Learner Walltime = 5880.670 | Min Dist = 0.073 | Min Dist 10 = 0.077 | Min Dist 100 = 0.140 | Min Dist 1000 = 0.175 | Steps Per Second = 73.504 | Success = 1.000 | Success 1000 = 0.988
I0502 16:44:18.434641 139555013154368 terminal.py:91] [Learner] Actor Episodes = 38321 | Actor Loss = 3.706336498260498 | Actor Steps = 1916050 | Binary Accuracy = 0.9960665702819824 | Categorical Accuracy = 0.4129638671875 | Critic Loss = 1.7933346033096313 | Entropy Mean = -22.745872497558594 | Evaluator Episodes = 9708 | Evaluator Steps = 485400 | Learner Steps = 29786 | Learner Walltime = 5882.629 | Logits Neg = -17.52376937866211 | Logits Pos = -1.7814213037490845 | Logsumexp = 1.035449504852295 | Steps Per Second = 117.603
I0502 16:44:18.759325 139579566835264 terminal.py:91] [Evaluator] Actor Episodes = 38321 | Actor Steps = 1916050 | Delta Dist = 12.635 | Delta Dist 10 = 11.614 | Delta Dist 100 = 11.843 | Delta Dist 1000 = 11.710 | Episode Length = 50 | Episode Return = 12.0 | Evaluator Episodes = 9710 | Evaluator Steps = 485500 | Final Dist = 0.171 | Final Dist 10 = 1.192 | Final Dist 100 = 0.963 | Final Dist 1000 = 1.097 | Init Dist = 12.806 | Init Dist 10 = 12.806 | Init Dist 100 = 12.806 | Init Dist 1000 = 12.806 | Learner Steps = 29783 | Learner Walltime = 5881.951 | Min Dist = 0.157 | Min Dist 10 = 0.624 | Min Dist 100 = 0.380 | Min Dist 1000 = 0.452 | Steps Per Second = 82.881 | Success = 1.000 | Success 1000 = 0.953
I0502 16:44:20.013293 139579566835264 terminal.py:91] [Evaluator] Actor Episodes = 38329 | Actor Steps = 1916450 | Delta Dist = 5.945 | Delta Dist 10 = 11.662 | Delta Dist 100 = 11.846 | Delta Dist 1000 = 11.710 | Episode Length = 50 | Episode Return = 0.0 | Evaluator Episodes = 9712 | Evaluator Steps = 485600 | Final Dist = 6.861 | Final Dist 10 = 1.144 | Final Dist 100 = 0.960 | Final Dist 1000 = 1.096 | Init Dist = 12.806 | Init Dist 10 = 12.806 | Init Dist 100 = 12.806 | Init Dist 1000 = 12.806 | Learner Steps = 29789 | Learner Walltime = 5883.239 | Min Dist = 5.653 | Min Dist 10 = 0.634 | Min Dist 100 = 0.384 | Min Dist 1000 = 0.453 | Steps Per Second = 80.056 | Success = 0.000 | Success 1000 = 0.953
I0502 16:44:21.299441 139579566835264 terminal.py:91] [Evaluator] Actor Episodes = 38337 | Actor Steps = 1916850 | Delta Dist = 12.259 | Delta Dist 10 = 11.160 | Delta Dist 100 = 11.797 | Delta Dist 1000 = 11.705 | Episode Length = 50 | Episode Return = 25.0 | Evaluator Episodes = 9714 | Evaluator Steps = 485700 | Final Dist = 0.547 | Final Dist 10 = 1.646 | Final Dist 100 = 1.009 | Final Dist 1000 = 1.101 | Init Dist = 12.806 | Init Dist 10 = 12.806 | Init Dist 100 = 12.806 | Init Dist 1000 = 12.806 | Learner Steps = 29794 | Learner Walltime = 5884.393 | Min Dist = 0.026 | Min Dist 10 = 1.191 | Min Dist 100 = 0.438 | Min Dist 1000 = 0.458 | Steps Per Second = 74.654 | Success = 1.000 | Success 1000 = 0.952
I0502 16:44:22.415846 139579566835264 terminal.py:91] [Evaluator] Actor Episodes = 38345 | Actor Steps = 1917250 | Delta Dist = 11.344 | Delta Dist 10 = 11.090 | Delta Dist 100 = 11.792 | Delta Dist 1000 = 11.705 | Episode Length = 50 | Episode Return = 9.0 | Evaluator Episodes = 9716 | Evaluator Steps = 485800 | Final Dist = 1.462 | Final Dist 10 = 1.716 | Final Dist 100 = 1.014 | Final Dist 1000 = 1.101 | Init Dist = 12.806 | Init Dist 10 = 12.806 | Init Dist 100 = 12.806 | Init Dist 1000 = 12.806 | Learner Steps = 29802 | Learner Walltime = 5885.668 | Min Dist = 0.649 | Min Dist 10 = 1.186 | Min Dist 100 = 0.436 | Min Dist 1000 = 0.458 | Steps Per Second = 92.265 | Success = 1.000 | Success 1000 = 0.952
I0502 16:44:22.561055 139558059398720 terminal.py:91] [Actor] Actor Episodes = 38349 | Actor Steps = 1917450 | Delta Dist = 5.541 | Delta Dist 10 = 5.008 | Delta Dist 100 = 4.178 | Delta Dist 1000 = 4.436 | Episode Length = 50 | Episode Return = 37.0 | Evaluator Episodes = 9716 | Evaluator Steps = 485800 | Final Dist = 0.541 | Final Dist 10 = 1.918 | Final Dist 100 = 2.113 | Final Dist 1000 = 1.533 | Init Dist = 6.083 | Init Dist 10 = 6.927 | Init Dist 100 = 6.291 | Init Dist 1000 = 5.969 | Learner Steps = 29802 | Learner Walltime = 5885.668 | Min Dist = 0.054 | Min Dist 10 = 0.169 | Min Dist 100 = 0.286 | Min Dist 1000 = 0.194 | Steps Per Second = 81.186 | Success = 1.000 | Success 1000 = 0.987
I0502 16:44:22.843960 139583350109760 savers.py:156] Saving checkpoint: logs/contrastive_cpc_point_FourRooms_64/5dd72662-2788-11f0-b183-d85ed38c5779/checkpoints/learner
I0502 16:44:23.628332 139579566835264 terminal.py:91] [Evaluator] Actor Episodes = 38353 | Actor Steps = 1917650 | Delta Dist = 11.643 | Delta Dist 10 = 11.343 | Delta Dist 100 = 11.777 | Delta Dist 1000 = 11.703 | Episode Length = 50 | Episode Return = 27.0 | Evaluator Episodes = 9718 | Evaluator Steps = 485900 | Final Dist = 1.163 | Final Dist 10 = 1.463 | Final Dist 100 = 1.029 | Final Dist 1000 = 1.103 | Init Dist = 12.806 | Init Dist 10 = 12.806 | Init Dist 100 = 12.806 | Init Dist 1000 = 12.806 | Learner Steps = 29808 | Learner Walltime = 5886.912 | Min Dist = 0.323 | Min Dist 10 = 0.821 | Min Dist 100 = 0.443 | Min Dist 1000 = 0.459 | Steps Per Second = 81.231 | Success = 1.000 | Success 1000 = 0.952
I0502 16:44:24.857671 139579566835264 terminal.py:91] [Evaluator] Actor Episodes = 38361 | Actor Steps = 1918050 | Delta Dist = 11.552 | Delta Dist 10 = 11.329 | Delta Dist 100 = 11.782 | Delta Dist 1000 = 11.703 | Episode Length = 50 | Episode Return = 16.0 | Evaluator Episodes = 9720 | Evaluator Steps = 486000 | Final Dist = 1.254 | Final Dist 10 = 1.477 | Final Dist 100 = 1.025 | Final Dist 1000 = 1.104 | Init Dist = 12.806 | Init Dist 10 = 12.806 | Init Dist 100 = 12.806 | Init Dist 1000 = 12.806 | Learner Steps = 29813 | Learner Walltime = 5888.057 | Min Dist = 0.087 | Min Dist 10 = 0.795 | Min Dist 100 = 0.447 | Min Dist 1000 = 0.459 | Steps Per Second = 84.960 | Success = 1.000 | Success 1000 = 0.952
I0502 16:44:25.057731 139569349502528 terminal.py:91] [Actor] Actor Episodes = 38367 | Actor Steps = 1918350 | Delta Dist = -2.727 | Delta Dist 10 = 3.238 | Delta Dist 100 = 4.288 | Delta Dist 1000 = 4.404 | Episode Length = 50 | Episode Return = 41.0 | Evaluator Episodes = 9720 | Evaluator Steps = 486000 | Final Dist = 7.826 | Final Dist 10 = 2.295 | Final Dist 100 = 1.877 | Final Dist 1000 = 1.549 | Init Dist = 5.099 | Init Dist 10 = 5.533 | Init Dist 100 = 6.166 | Init Dist 1000 = 5.952 | Learner Steps = 29813 | Learner Walltime = 5888.057 | Min Dist = 0.052 | Min Dist 10 = 0.843 | Min Dist 100 = 0.364 | Min Dist 1000 = 0.203 | Steps Per Second = 87.332 | Success = 1.000 | Success 1000 = 0.987
I0502 16:44:25.915272 139584504182336 lp_utils.py:96] StepsLimiter: Reached 1918450 recorded steps
I0502 16:44:25.952547 139579566835264 terminal.py:91] [Evaluator] Actor Episodes = 38369 | Actor Steps = 1918450 | Delta Dist = 12.390 | Delta Dist 10 = 11.210 | Delta Dist 100 = 11.767 | Delta Dist 1000 = 11.701 | Episode Length = 50 | Episode Return = 24.0 | Evaluator Episodes = 9722 | Evaluator Steps = 486100 | Final Dist = 0.416 | Final Dist 10 = 1.596 | Final Dist 100 = 1.039 | Final Dist 1000 = 1.105 | Init Dist = 12.806 | Init Dist 10 = 12.806 | Init Dist 100 = 12.806 | Init Dist 1000 = 12.806 | Learner Steps = 29820 | Learner Walltime = 5889.273 | Min Dist = 0.046 | Min Dist 10 = 0.753 | Min Dist 100 = 0.446 | Min Dist 1000 = 0.459 | Steps Per Second = 88.585 | Success = 1.000 | Success 1000 = 0.952
I0502 16:44:27.148814 139579566835264 terminal.py:91] [Evaluator] Actor Episodes = 38377 | Actor Steps = 1918850 | Delta Dist = 12.173 | Delta Dist 10 = 11.864 | Delta Dist 100 = 11.777 | Delta Dist 1000 = 11.703 | Episode Length = 50 | Episode Return = 27.0 | Evaluator Episodes = 9724 | Evaluator Steps = 486200 | Final Dist = 0.633 | Final Dist 10 = 0.942 | Final Dist 100 = 1.029 | Final Dist 1000 = 1.104 | Init Dist = 12.806 | Init Dist 10 = 12.806 | Init Dist 100 = 12.806 | Init Dist 1000 = 12.806 | Learner Steps = 29826 | Learner Walltime = 5890.497 | Min Dist = 0.177 | Min Dist 10 = 0.213 | Min Dist 100 = 0.442 | Min Dist 1000 = 0.459 | Steps Per Second = 85.326 | Success = 1.000 | Success 1000 = 0.952
I0502 16:44:27.466579 139557462840896 terminal.py:91] [Actor] Actor Episodes = 38385 | Actor Steps = 1919250 | Delta Dist = 6.872 | Delta Dist 10 = 3.336 | Delta Dist 100 = 4.036 | Delta Dist 1000 = 4.382 | Episode Length = 50 | Episode Return = 29.0 | Evaluator Episodes = 9724 | Evaluator Steps = 486200 | Final Dist = 1.374 | Final Dist 10 = 2.333 | Final Dist 100 = 2.250 | Final Dist 1000 = 1.597 | Init Dist = 8.246 | Init Dist 10 = 5.669 | Init Dist 100 = 6.286 | Init Dist 1000 = 5.978 | Learner Steps = 29826 | Learner Walltime = 5890.497 | Min Dist = 0.805 | Min Dist 10 = 0.646 | Min Dist 100 = 0.485 | Min Dist 1000 = 0.215 | Steps Per Second = 85.477 | Success = 1.000 | Success 1000 = 0.984
I0502 16:44:28.352900 139579566835264 terminal.py:91] [Evaluator] Actor Episodes = 38385 | Actor Steps = 1919250 | Delta Dist = 7.053 | Delta Dist 10 = 11.937 | Delta Dist 100 = 11.782 | Delta Dist 1000 = 11.702 | Episode Length = 50 | Episode Return = 0.0 | Evaluator Episodes = 9726 | Evaluator Steps = 486300 | Final Dist = 5.753 | Final Dist 10 = 0.870 | Final Dist 100 = 1.025 | Final Dist 1000 = 1.104 | Init Dist = 12.806 | Init Dist 10 = 12.806 | Init Dist 100 = 12.806 | Init Dist 1000 = 12.806 | Learner Steps = 29833 | Learner Walltime = 5891.744 | Min Dist = 4.968 | Min Dist 10 = 0.211 | Min Dist 100 = 0.435 | Min Dist 1000 = 0.459 | Steps Per Second = 87.204 | Success = 0.000 | Success 1000 = 0.952
I0502 16:44:28.508589 139555013154368 terminal.py:91] [Learner] Actor Episodes = 38385 | Actor Loss = 3.7002878189086914 | Actor Steps = 1919250 | Binary Accuracy = 0.9960379600524902 | Categorical Accuracy = 0.42034912109375 | Critic Loss = 1.7993972301483154 | Entropy Mean = -21.435077667236328 | Evaluator Episodes = 9724 | Evaluator Steps = 486200 | Learner Steps = 29839 | Learner Walltime = 5892.707 | Logits Neg = -17.16130828857422 | Logits Pos = -1.7683095932006836 | Logsumexp = 1.1223074197769165 | Steps Per Second = 289.964
I0502 16:44:28.655634 139555860620864 terminal.py:91] [Actor] Actor Episodes = 38389 | Actor Steps = 1919450 | Delta Dist = 2.969 | Delta Dist 10 = 3.969 | Delta Dist 100 = 3.967 | Delta Dist 1000 = 4.388 | Episode Length = 50 | Episode Return = 31.0 | Evaluator Episodes = 9726 | Evaluator Steps = 486300 | Final Dist = 1.154 | Final Dist 10 = 1.422 | Final Dist 100 = 2.227 | Final Dist 1000 = 1.580 | Init Dist = 4.123 | Init Dist 10 = 5.391 | Init Dist 100 = 6.193 | Init Dist 1000 = 5.967 | Learner Steps = 29833 | Learner Walltime = 5891.744 | Min Dist = 0.007 | Min Dist 10 = 0.180 | Min Dist 100 = 0.499 | Min Dist 1000 = 0.215 | Steps Per Second = 80.971 | Success = 1.000 | Success 1000 = 0.984
I0502 16:44:29.535838 139579566835264 terminal.py:91] [Evaluator] Actor Episodes = 38393 | Actor Steps = 1919650 | Delta Dist = 11.406 | Delta Dist 10 = 11.512 | Delta Dist 100 = 11.733 | Delta Dist 1000 = 11.697 | Episode Length = 50 | Episode Return = 12.0 | Evaluator Episodes = 9728 | Evaluator Steps = 486400 | Final Dist = 1.400 | Final Dist 10 = 1.295 | Final Dist 100 = 1.073 | Final Dist 1000 = 1.109 | Init Dist = 12.806 | Init Dist 10 = 12.806 | Init Dist 100 = 12.806 | Init Dist 1000 = 12.806 | Learner Steps = 29840 | Learner Walltime = 5893.017 | Min Dist = 0.426 | Min Dist 10 = 0.704 | Min Dist 100 = 0.479 | Min Dist 1000 = 0.464 | Steps Per Second = 89.236 | Success = 1.000 | Success 1000 = 0.951
I0502 16:44:30.619988 139579566835264 terminal.py:91] [Evaluator] Actor Episodes = 38401 | Actor Steps = 1920050 | Delta Dist = 11.782 | Delta Dist 10 = 11.424 | Delta Dist 100 = 11.720 | Delta Dist 1000 = 11.696 | Episode Length = 50 | Episode Return = 7.0 | Evaluator Episodes = 9730 | Evaluator Steps = 486500 | Final Dist = 1.024 | Final Dist 10 = 1.382 | Final Dist 100 = 1.086 | Final Dist 1000 = 1.111 | Init Dist = 12.806 | Init Dist 10 = 12.806 | Init Dist 100 = 12.806 | Init Dist 1000 = 12.806 | Learner Steps = 29846 | Learner Walltime = 5894.181 | Min Dist = 0.599 | Min Dist 10 = 0.727 | Min Dist 100 = 0.484 | Min Dist 1000 = 0.465 | Steps Per Second = 90.801 | Success = 1.000 | Success 1000 = 0.951
I0502 16:44:32.010061 139579566835264 terminal.py:91] [Evaluator] Actor Episodes = 38409 | Actor Steps = 1920450 | Delta Dist = 6.014 | Delta Dist 10 = 11.520 | Delta Dist 100 = 11.724 | Delta Dist 1000 = 11.701 | Episode Length = 50 | Episode Return = 0.0 | Evaluator Episodes = 9732 | Evaluator Steps = 486600 | Final Dist = 6.792 | Final Dist 10 = 1.287 | Final Dist 100 = 1.082 | Final Dist 1000 = 1.105 | Init Dist = 12.806 | Init Dist 10 = 12.806 | Init Dist 100 = 12.806 | Init Dist 1000 = 12.806 | Learner Steps = 29852 | Learner Walltime = 5895.404 | Min Dist = 3.416 | Min Dist 10 = 0.823 | Min Dist 100 = 0.493 | Min Dist 1000 = 0.460 | Steps Per Second = 70.148 | Success = 0.000 | Success 1000 = 0.952
I0502 16:44:32.682231 139558059398720 terminal.py:91] [Actor] Actor Episodes = 38412 | Actor Steps = 1920600 | Delta Dist = 6.526 | Delta Dist 10 = 4.194 | Delta Dist 100 = 4.010 | Delta Dist 1000 = 4.392 | Episode Length = 50 | Episode Return = 0.0 | Evaluator Episodes = 9732 | Evaluator Steps = 486600 | Final Dist = 1.089 | Final Dist 10 = 1.335 | Final Dist 100 = 1.894 | Final Dist 1000 = 1.573 | Init Dist = 7.616 | Init Dist 10 = 5.529 | Init Dist 100 = 5.903 | Init Dist 1000 = 5.965 | Learner Steps = 29852 | Learner Walltime = 5895.404 | Min Dist = 0.129 | Min Dist 10 = 0.037 | Min Dist 100 = 0.509 | Min Dist 1000 = 0.210 | Steps Per Second = 78.254 | Success = 1.000 | Success 1000 = 0.984
I0502 16:44:33.264941 139579566835264 terminal.py:91] [Evaluator] Actor Episodes = 38417 | Actor Steps = 1920850 | Delta Dist = 11.561 | Delta Dist 10 = 10.789 | Delta Dist 100 = 11.668 | Delta Dist 1000 = 11.695 | Episode Length = 50 | Episode Return = 15.0 | Evaluator Episodes = 9734 | Evaluator Steps = 486700 | Final Dist = 1.246 | Final Dist 10 = 2.017 | Final Dist 100 = 1.138 | Final Dist 1000 = 1.111 | Init Dist = 12.806 | Init Dist 10 = 12.806 | Init Dist 100 = 12.806 | Init Dist 1000 = 12.806 | Learner Steps = 29858 | Learner Walltime = 5896.737 | Min Dist = 0.278 | Min Dist 10 = 1.187 | Min Dist 100 = 0.532 | Min Dist 1000 = 0.462 | Steps Per Second = 80.855 | Success = 1.000 | Success 1000 = 0.951
I0502 16:44:34.521543 139579566835264 terminal.py:91] [Evaluator] Actor Episodes = 38425 | Actor Steps = 1921250 | Delta Dist = 12.377 | Delta Dist 10 = 10.708 | Delta Dist 100 = 11.670 | Delta Dist 1000 = 11.695 | Episode Length = 50 | Episode Return = 21.0 | Evaluator Episodes = 9736 | Evaluator Steps = 486800 | Final Dist = 0.429 | Final Dist 10 = 2.098 | Final Dist 100 = 1.137 | Final Dist 1000 = 1.112 | Init Dist = 12.806 | Init Dist 10 = 12.806 | Init Dist 100 = 12.806 | Init Dist 1000 = 12.806 | Learner Steps = 29864 | Learner Walltime = 5897.971 | Min Dist = 0.104 | Min Dist 10 = 1.217 | Min Dist 100 = 0.535 | Min Dist 1000 = 0.462 | Steps Per Second = 82.125 | Success = 1.000 | Success 1000 = 0.951
I0502 16:44:35.061657 139569349502528 terminal.py:91] [Actor] Actor Episodes = 38433 | Actor Steps = 1921650 | Delta Dist = 2.038 | Delta Dist 10 = 5.104 | Delta Dist 100 = 4.029 | Delta Dist 1000 = 4.404 | Episode Length = 50 | Episode Return = 37.0 | Evaluator Episodes = 9736 | Evaluator Steps = 486800 | Final Dist = 0.962 | Final Dist 10 = 1.354 | Final Dist 100 = 2.013 | Final Dist 1000 = 1.572 | Init Dist = 3.000 | Init Dist 10 = 6.458 | Init Dist 100 = 6.042 | Init Dist 1000 = 5.976 | Learner Steps = 29870 | Learner Walltime = 5899.176 | Min Dist = 0.030 | Min Dist 10 = 0.086 | Min Dist 100 = 0.496 | Min Dist 1000 = 0.209 | Steps Per Second = 80.848 | Success = 1.000 | Success 1000 = 0.984
I0502 16:44:35.640912 139579566835264 terminal.py:91] [Evaluator] Actor Episodes = 38433 | Actor Steps = 1921650 | Delta Dist = 12.549 | Delta Dist 10 = 11.251 | Delta Dist 100 = 11.665 | Delta Dist 1000 = 11.695 | Episode Length = 50 | Episode Return = 24.0 | Evaluator Episodes = 9738 | Evaluator Steps = 486900 | Final Dist = 0.257 | Final Dist 10 = 1.555 | Final Dist 100 = 1.141 | Final Dist 1000 = 1.111 | Init Dist = 12.806 | Init Dist 10 = 12.806 | Init Dist 100 = 12.806 | Init Dist 1000 = 12.806 | Learner Steps = 29870 | Learner Walltime = 5899.176 | Min Dist = 0.107 | Min Dist 10 = 0.668 | Min Dist 100 = 0.534 | Min Dist 1000 = 0.462 | Steps Per Second = 94.608 | Success = 1.000 | Success 1000 = 0.951
I0502 16:44:35.928950 139584504182336 lp_utils.py:96] StepsLimiter: Reached 1921750 recorded steps
I0502 16:44:36.738398 139579566835264 terminal.py:91] [Evaluator] Actor Episodes = 38442 | Actor Steps = 1922100 | Delta Dist = 11.500 | Delta Dist 10 = 11.439 | Delta Dist 100 = 11.671 | Delta Dist 1000 = 11.698 | Episode Length = 50 | Episode Return = 19.0 | Evaluator Episodes = 9740 | Evaluator Steps = 487000 | Final Dist = 1.306 | Final Dist 10 = 1.368 | Final Dist 100 = 1.136 | Final Dist 1000 = 1.109 | Init Dist = 12.806 | Init Dist 10 = 12.806 | Init Dist 100 = 12.806 | Init Dist 1000 = 12.806 | Learner Steps = 29877 | Learner Walltime = 5900.211 | Min Dist = 0.264 | Min Dist 10 = 0.607 | Min Dist 100 = 0.532 | Min Dist 1000 = 0.462 | Steps Per Second = 102.004 | Success = 1.000 | Success 1000 = 0.951
I0502 16:44:37.680372 139557462840896 terminal.py:91] [Actor] Actor Episodes = 38450 | Actor Steps = 1922500 | Delta Dist = 6.763 | Delta Dist 10 = 4.160 | Delta Dist 100 = 4.291 | Delta Dist 1000 = 4.429 | Episode Length = 50 | Episode Return = 38.0 | Evaluator Episodes = 9740 | Evaluator Steps = 487000 | Final Dist = 0.237 | Final Dist 10 = 0.991 | Final Dist 100 = 1.597 | Final Dist 1000 = 1.550 | Init Dist = 7.000 | Init Dist 10 = 5.151 | Init Dist 100 = 5.887 | Init Dist 1000 = 5.978 | Learner Steps = 29883 | Learner Walltime = 5901.495 | Min Dist = 0.044 | Min Dist 10 = 0.098 | Min Dist 100 = 0.319 | Min Dist 1000 = 0.208 | Steps Per Second = 79.750 | Success = 1.000 | Success 1000 = 0.984
I0502 16:44:37.877540 139579566835264 terminal.py:91] [Evaluator] Actor Episodes = 38450 | Actor Steps = 1922500 | Delta Dist = 11.878 | Delta Dist 10 = 11.394 | Delta Dist 100 = 11.667 | Delta Dist 1000 = 11.697 | Episode Length = 50 | Episode Return = 26.0 | Evaluator Episodes = 9742 | Evaluator Steps = 487100 | Final Dist = 0.928 | Final Dist 10 = 1.412 | Final Dist 100 = 1.139 | Final Dist 1000 = 1.109 | Init Dist = 12.806 | Init Dist 10 = 12.806 | Init Dist 100 = 12.806 | Init Dist 1000 = 12.806 | Learner Steps = 29883 | Learner Walltime = 5901.495 | Min Dist = 0.127 | Min Dist 10 = 0.588 | Min Dist 100 = 0.534 | Min Dist 1000 = 0.462 | Steps Per Second = 86.856 | Success = 1.000 | Success 1000 = 0.951
I0502 16:44:38.565620 139555013154368 terminal.py:91] [Learner] Actor Episodes = 38452 | Actor Loss = 3.7966506481170654 | Actor Steps = 1922600 | Binary Accuracy = 0.9960522651672363 | Categorical Accuracy = 0.4134521484375 | Critic Loss = 1.7924846410751343 | Entropy Mean = -20.465373992919922 | Evaluator Episodes = 9742 | Evaluator Steps = 487100 | Learner Steps = 29890 | Learner Walltime = 5902.763 | Logits Neg = -17.405607223510742 | Logits Pos = -1.8022961616516113 | Logsumexp = 1.0694241523742676 | Steps Per Second = 419.953
I0502 16:44:39.075858 139555860620864 terminal.py:91] [Actor] Actor Episodes = 38455 | Actor Steps = 1922750 | Delta Dist = 4.661 | Delta Dist 10 = 4.634 | Delta Dist 100 = 4.257 | Delta Dist 1000 = 4.446 | Episode Length = 50 | Episode Return = 39.0 | Evaluator Episodes = 9742 | Evaluator Steps = 487100 | Final Dist = 0.339 | Final Dist 10 = 0.807 | Final Dist 100 = 1.617 | Final Dist 1000 = 1.534 | Init Dist = 5.000 | Init Dist 10 = 5.441 | Init Dist 100 = 5.874 | Init Dist 1000 = 5.980 | Learner Steps = 29889 | Learner Walltime = 5902.611 | Min Dist = 0.025 | Min Dist 10 = 0.051 | Min Dist 100 = 0.312 | Min Dist 1000 = 0.206 | Steps Per Second = 82.935 | Success = 1.000 | Success 1000 = 0.984
I0502 16:44:39.107992 139579566835264 terminal.py:91] [Evaluator] Actor Episodes = 38458 | Actor Steps = 1922900 | Delta Dist = 11.640 | Delta Dist 10 = 11.990 | Delta Dist 100 = 11.652 | Delta Dist 1000 = 11.697 | Episode Length = 50 | Episode Return = 32.0 | Evaluator Episodes = 9744 | Evaluator Steps = 487200 | Final Dist = 1.167 | Final Dist 10 = 0.816 | Final Dist 100 = 1.154 | Final Dist 1000 = 1.109 | Init Dist = 12.806 | Init Dist 10 = 12.806 | Init Dist 100 = 12.806 | Init Dist 1000 = 12.806 | Learner Steps = 29889 | Learner Walltime = 5902.611 | Min Dist = 0.223 | Min Dist 10 = 0.208 | Min Dist 100 = 0.532 | Min Dist 1000 = 0.462 | Steps Per Second = 83.762 | Success = 1.000 | Success 1000 = 0.951
I0502 16:44:40.324338 139579566835264 terminal.py:91] [Evaluator] Actor Episodes = 38466 | Actor Steps = 1923300 | Delta Dist = 11.685 | Delta Dist 10 = 12.023 | Delta Dist 100 = 11.647 | Delta Dist 1000 = 11.698 | Episode Length = 50 | Episode Return = 9.0 | Evaluator Episodes = 9746 | Evaluator Steps = 487300 | Final Dist = 1.121 | Final Dist 10 = 0.783 | Final Dist 100 = 1.160 | Final Dist 1000 = 1.109 | Init Dist = 12.806 | Init Dist 10 = 12.806 | Init Dist 100 = 12.806 | Init Dist 1000 = 12.806 | Learner Steps = 29895 | Learner Walltime = 5903.845 | Min Dist = 0.083 | Min Dist 10 = 0.194 | Min Dist 100 = 0.531 | Min Dist 1000 = 0.462 | Steps Per Second = 83.733 | Success = 1.000 | Success 1000 = 0.951
I0502 16:44:41.519728 139579566835264 terminal.py:91] [Evaluator] Actor Episodes = 38474 | Actor Steps = 1923700 | Delta Dist = 11.749 | Delta Dist 10 = 11.945 | Delta Dist 100 = 11.644 | Delta Dist 1000 = 11.696 | Episode Length = 50 | Episode Return = 13.0 | Evaluator Episodes = 9748 | Evaluator Steps = 487400 | Final Dist = 1.057 | Final Dist 10 = 0.861 | Final Dist 100 = 1.162 | Final Dist 1000 = 1.110 | Init Dist = 12.806 | Init Dist 10 = 12.806 | Init Dist 100 = 12.806 | Init Dist 1000 = 12.806 | Learner Steps = 29901 | Learner Walltime = 5905.160 | Min Dist = 0.073 | Min Dist 10 = 0.200 | Min Dist 100 = 0.528 | Min Dist 1000 = 0.462 | Steps Per Second = 89.577 | Success = 1.000 | Success 1000 = 0.951
I0502 16:44:42.759746 139579566835264 terminal.py:91] [Evaluator] Actor Episodes = 38482 | Actor Steps = 1924100 | Delta Dist = 12.682 | Delta Dist 10 = 11.810 | Delta Dist 100 = 11.712 | Delta Dist 1000 = 11.696 | Episode Length = 50 | Episode Return = 22.0 | Evaluator Episodes = 9750 | Evaluator Steps = 487500 | Final Dist = 0.124 | Final Dist 10 = 0.996 | Final Dist 100 = 1.094 | Final Dist 1000 = 1.110 | Init Dist = 12.806 | Init Dist 10 = 12.806 | Init Dist 100 = 12.806 | Init Dist 1000 = 12.806 | Learner Steps = 29908 | Learner Walltime = 5906.447 | Min Dist = 0.124 | Min Dist 10 = 0.195 | Min Dist 100 = 0.462 | Min Dist 1000 = 0.462 | Steps Per Second = 78.434 | Success = 1.000 | Success 1000 = 0.951
I0502 16:44:43.215342 139558059398720 terminal.py:91] [Actor] Actor Episodes = 38484 | Actor Steps = 1924200 | Delta Dist = 8.439 | Delta Dist 10 = 3.998 | Delta Dist 100 = 4.554 | Delta Dist 1000 = 4.423 | Episode Length = 50 | Episode Return = 35.0 | Evaluator Episodes = 9750 | Evaluator Steps = 487500 | Final Dist = 0.505 | Final Dist 10 = 2.149 | Final Dist 100 = 1.123 | Final Dist 1000 = 1.533 | Init Dist = 8.944 | Init Dist 10 = 6.147 | Init Dist 100 = 5.677 | Init Dist 1000 = 5.956 | Learner Steps = 29908 | Learner Walltime = 5906.447 | Min Dist = 0.006 | Min Dist 10 = 0.065 | Min Dist 100 = 0.101 | Min Dist 1000 = 0.205 | Steps Per Second = 74.479 | Success = 1.000 | Success 1000 = 0.984
I0502 16:44:44.005498 139579566835264 terminal.py:91] [Evaluator] Actor Episodes = 38490 | Actor Steps = 1924500 | Delta Dist = 12.256 | Delta Dist 10 = 11.909 | Delta Dist 100 = 11.723 | Delta Dist 1000 = 11.697 | Episode Length = 50 | Episode Return = 11.0 | Evaluator Episodes = 9752 | Evaluator Steps = 487600 | Final Dist = 0.550 | Final Dist 10 = 0.898 | Final Dist 100 = 1.083 | Final Dist 1000 = 1.110 | Init Dist = 12.806 | Init Dist 10 = 12.806 | Init Dist 100 = 12.806 | Init Dist 1000 = 12.806 | Learner Steps = 29914 | Learner Walltime = 5907.535 | Min Dist = 0.303 | Min Dist 10 = 0.118 | Min Dist 100 = 0.456 | Min Dist 1000 = 0.462 | Steps Per Second = 76.905 | Success = 1.000 | Success 1000 = 0.951
I0502 16:44:45.208967 139579566835264 terminal.py:91] [Evaluator] Actor Episodes = 38498 | Actor Steps = 1924900 | Delta Dist = 11.408 | Delta Dist 10 = 12.042 | Delta Dist 100 = 11.726 | Delta Dist 1000 = 11.697 | Episode Length = 50 | Episode Return = 6.0 | Evaluator Episodes = 9754 | Evaluator Steps = 487700 | Final Dist = 1.399 | Final Dist 10 = 0.764 | Final Dist 100 = 1.080 | Final Dist 1000 = 1.109 | Init Dist = 12.806 | Init Dist 10 = 12.806 | Init Dist 100 = 12.806 | Init Dist 1000 = 12.806 | Learner Steps = 29920 | Learner Walltime = 5908.715 | Min Dist = 0.314 | Min Dist 10 = 0.147 | Min Dist 100 = 0.453 | Min Dist 1000 = 0.462 | Steps Per Second = 80.972 | Success = 1.000 | Success 1000 = 0.951
I0502 16:44:45.425606 139569349502528 terminal.py:91] [Actor] Actor Episodes = 38497 | Actor Steps = 1924850 | Delta Dist = 4.971 | Delta Dist 10 = 4.974 | Delta Dist 100 = 4.548 | Delta Dist 1000 = 4.431 | Episode Length = 50 | Episode Return = 27.0 | Evaluator Episodes = 9752 | Evaluator Steps = 487600 | Final Dist = 1.354 | Final Dist 10 = 1.480 | Final Dist 100 = 1.224 | Final Dist 1000 = 1.527 | Init Dist = 6.325 | Init Dist 10 = 6.455 | Init Dist 100 = 5.772 | Init Dist 1000 = 5.958 | Learner Steps = 29920 | Learner Walltime = 5908.715 | Min Dist = 0.103 | Min Dist 10 = 0.083 | Min Dist 100 = 0.073 | Min Dist 1000 = 0.206 | Steps Per Second = 71.849 | Success = 1.000 | Success 1000 = 0.983
I0502 16:44:45.948200 139584504182336 lp_utils.py:96] StepsLimiter: Reached 1925100 recorded steps
I0502 16:44:46.489863 139579566835264 terminal.py:91] [Evaluator] Actor Episodes = 38506 | Actor Steps = 1925300 | Delta Dist = 11.760 | Delta Dist 10 = 11.924 | Delta Dist 100 = 11.779 | Delta Dist 1000 = 11.695 | Episode Length = 50 | Episode Return = 20.0 | Evaluator Episodes = 9756 | Evaluator Steps = 487800 | Final Dist = 1.046 | Final Dist 10 = 0.883 | Final Dist 100 = 1.027 | Final Dist 1000 = 1.111 | Init Dist = 12.806 | Init Dist 10 = 12.806 | Init Dist 100 = 12.806 | Init Dist 1000 = 12.806 | Learner Steps = 29926 | Learner Walltime = 5910.112 | Min Dist = 0.292 | Min Dist 10 = 0.145 | Min Dist 100 = 0.389 | Min Dist 1000 = 0.462 | Steps Per Second = 84.786 | Success = 1.000 | Success 1000 = 0.951
I0502 16:44:47.663639 139579566835264 terminal.py:91] [Evaluator] Actor Episodes = 38514 | Actor Steps = 1925700 | Delta Dist = 11.557 | Delta Dist 10 = 11.900 | Delta Dist 100 = 11.775 | Delta Dist 1000 = 11.693 | Episode Length = 50 | Episode Return = 26.0 | Evaluator Episodes = 9758 | Evaluator Steps = 487900 | Final Dist = 1.249 | Final Dist 10 = 0.906 | Final Dist 100 = 1.031 | Final Dist 1000 = 1.113 | Init Dist = 12.806 | Init Dist 10 = 12.806 | Init Dist 100 = 12.806 | Init Dist 1000 = 12.806 | Learner Steps = 29932 | Learner Walltime = 5911.206 | Min Dist = 0.155 | Min Dist 10 = 0.154 | Min Dist 100 = 0.388 | Min Dist 1000 = 0.463 | Steps Per Second = 80.899 | Success = 1.000 | Success 1000 = 0.951
I0502 16:44:48.137502 139557462840896 terminal.py:91] [Actor] Actor Episodes = 38515 | Actor Steps = 1925750 | Delta Dist = 1.355 | Delta Dist 10 = 5.647 | Delta Dist 100 = 4.763 | Delta Dist 1000 = 4.442 | Episode Length = 50 | Episode Return = 46.0 | Evaluator Episodes = 9756 | Evaluator Steps = 487800 | Final Dist = 0.645 | Final Dist 10 = 1.037 | Final Dist 100 = 1.263 | Final Dist 1000 = 1.532 | Init Dist = 2.000 | Init Dist 10 = 6.684 | Init Dist 100 = 6.025 | Init Dist 1000 = 5.974 | Learner Steps = 29932 | Learner Walltime = 5911.206 | Min Dist = 0.465 | Min Dist 10 = 0.076 | Min Dist 100 = 0.086 | Min Dist 1000 = 0.207 | Steps Per Second = 81.287 | Success = 1.000 | Success 1000 = 0.983
I0502 16:44:48.839967 139555013154368 terminal.py:91] [Learner] Actor Episodes = 38518 | Actor Loss = 3.595792055130005 | Actor Steps = 1925900 | Binary Accuracy = 0.9959855079650879 | Categorical Accuracy = 0.41082763671875 | Critic Loss = 1.831115961074829 | Entropy Mean = -20.841459274291992 | Evaluator Episodes = 9758 | Evaluator Steps = 487900 | Learner Steps = 29942 | Learner Walltime = 5913.038 | Logits Neg = -17.14653778076172 | Logits Pos = -1.7712000608444214 | Logsumexp = 1.0351828336715698 | Steps Per Second = 137.966
I0502 16:44:48.853178 139579566835264 terminal.py:91] [Evaluator] Actor Episodes = 38522 | Actor Steps = 1926100 | Delta Dist = 11.606 | Delta Dist 10 = 11.854 | Delta Dist 100 = 11.776 | Delta Dist 1000 = 11.693 | Episode Length = 50 | Episode Return = 8.0 | Evaluator Episodes = 9760 | Evaluator Steps = 488000 | Final Dist = 1.200 | Final Dist 10 = 0.952 | Final Dist 100 = 1.030 | Final Dist 1000 = 1.113 | Init Dist = 12.806 | Init Dist 10 = 12.806 | Init Dist 100 = 12.806 | Init Dist 1000 = 12.806 | Learner Steps = 29939 | Learner Walltime = 5912.453 | Min Dist = 0.213 | Min Dist 10 = 0.164 | Min Dist 100 = 0.385 | Min Dist 1000 = 0.463 | Steps Per Second = 85.307 | Success = 1.000 | Success 1000 = 0.951
I0502 16:44:49.286042 139555860620864 terminal.py:91] [Actor] Actor Episodes = 38526 | Actor Steps = 1926300 | Delta Dist = 7.602 | Delta Dist 10 = 5.186 | Delta Dist 100 = 4.717 | Delta Dist 1000 = 4.451 | Episode Length = 50 | Episode Return = 40.0 | Evaluator Episodes = 9760 | Evaluator Steps = 488000 | Final Dist = 0.644 | Final Dist 10 = 0.963 | Final Dist 100 = 1.222 | Final Dist 1000 = 1.528 | Init Dist = 8.246 | Init Dist 10 = 6.149 | Init Dist 100 = 5.939 | Init Dist 1000 = 5.979 | Learner Steps = 29939 | Learner Walltime = 5912.453 | Min Dist = 0.033 | Min Dist 10 = 0.164 | Min Dist 100 = 0.097 | Min Dist 1000 = 0.208 | Steps Per Second = 86.903 | Success = 1.000 | Success 1000 = 0.982
I0502 16:44:49.989970 139579566835264 terminal.py:91] [Evaluator] Actor Episodes = 38530 | Actor Steps = 1926500 | Delta Dist = 12.367 | Delta Dist 10 = 11.834 | Delta Dist 100 = 11.768 | Delta Dist 1000 = 11.692 | Episode Length = 50 | Episode Return = 18.0 | Evaluator Episodes = 9762 | Evaluator Steps = 488100 | Final Dist = 0.439 | Final Dist 10 = 0.972 | Final Dist 100 = 1.039 | Final Dist 1000 = 1.114 | Init Dist = 12.806 | Init Dist 10 = 12.806 | Init Dist 100 = 12.806 | Init Dist 1000 = 12.806 | Learner Steps = 29945 | Learner Walltime = 5913.594 | Min Dist = 0.286 | Min Dist 10 = 0.180 | Min Dist 100 = 0.388 | Min Dist 1000 = 0.463 | Steps Per Second = 83.936 | Success = 1.000 | Success 1000 = 0.951
I0502 16:44:51.168787 139579566835264 terminal.py:91] [Evaluator] Actor Episodes = 38538 | Actor Steps = 1926900 | Delta Dist = 11.722 | Delta Dist 10 = 11.759 | Delta Dist 100 = 11.767 | Delta Dist 1000 = 11.697 | Episode Length = 50 | Episode Return = 11.0 | Evaluator Episodes = 9764 | Evaluator Steps = 488200 | Final Dist = 1.084 | Final Dist 10 = 1.047 | Final Dist 100 = 1.039 | Final Dist 1000 = 1.109 | Init Dist = 12.806 | Init Dist 10 = 12.806 | Init Dist 100 = 12.806 | Init Dist 1000 = 12.806 | Learner Steps = 29951 | Learner Walltime = 5914.711 | Min Dist = 0.114 | Min Dist 10 = 0.207 | Min Dist 100 = 0.390 | Min Dist 1000 = 0.458 | Steps Per Second = 79.962 | Success = 1.000 | Success 1000 = 0.952
I0502 16:44:52.404929 139579566835264 terminal.py:91] [Evaluator] Actor Episodes = 38546 | Actor Steps = 1927300 | Delta Dist = 12.391 | Delta Dist 10 = 11.796 | Delta Dist 100 = 11.751 | Delta Dist 1000 = 11.697 | Episode Length = 50 | Episode Return = 22.0 | Evaluator Episodes = 9766 | Evaluator Steps = 488300 | Final Dist = 0.415 | Final Dist 10 = 1.010 | Final Dist 100 = 1.055 | Final Dist 1000 = 1.109 | Init Dist = 12.806 | Init Dist 10 = 12.806 | Init Dist 100 = 12.806 | Init Dist 1000 = 12.806 | Learner Steps = 29958 | Learner Walltime = 5916.035 | Min Dist = 0.262 | Min Dist 10 = 0.182 | Min Dist 100 = 0.389 | Min Dist 1000 = 0.458 | Steps Per Second = 80.967 | Success = 1.000 | Success 1000 = 0.952
I0502 16:44:53.437479 139558059398720 terminal.py:91] [Actor] Actor Episodes = 38549 | Actor Steps = 1927450 | Delta Dist = 10.976 | Delta Dist 10 = 5.056 | Delta Dist 100 = 4.672 | Delta Dist 1000 = 4.478 | Episode Length = 50 | Episode Return = 33.0 | Evaluator Episodes = 9766 | Evaluator Steps = 488300 | Final Dist = 0.426 | Final Dist 10 = 1.495 | Final Dist 100 = 1.262 | Final Dist 1000 = 1.523 | Init Dist = 11.402 | Init Dist 10 = 6.552 | Init Dist 100 = 5.933 | Init Dist 1000 = 6.002 | Learner Steps = 29958 | Learner Walltime = 5916.035 | Min Dist = 0.045 | Min Dist 10 = 0.052 | Min Dist 100 = 0.160 | Min Dist 1000 = 0.212 | Steps Per Second = 86.945 | Success = 1.000 | Success 1000 = 0.982
I0502 16:44:53.617121 139579566835264 terminal.py:91] [Evaluator] Actor Episodes = 38554 | Actor Steps = 1927700 | Delta Dist = 11.971 | Delta Dist 10 = 11.926 | Delta Dist 100 = 11.764 | Delta Dist 1000 = 11.699 | Episode Length = 50 | Episode Return = 24.0 | Evaluator Episodes = 9768 | Evaluator Steps = 488400 | Final Dist = 0.835 | Final Dist 10 = 0.881 | Final Dist 100 = 1.042 | Final Dist 1000 = 1.107 | Init Dist = 12.806 | Init Dist 10 = 12.806 | Init Dist 100 = 12.806 | Init Dist 1000 = 12.806 | Learner Steps = 29962 | Learner Walltime = 5917.089 | Min Dist = 0.257 | Min Dist 10 = 0.194 | Min Dist 100 = 0.392 | Min Dist 1000 = 0.458 | Steps Per Second = 90.600 | Success = 1.000 | Success 1000 = 0.952
I0502 16:44:54.748652 139579566835264 terminal.py:91] [Evaluator] Actor Episodes = 38562 | Actor Steps = 1928100 | Delta Dist = 11.346 | Delta Dist 10 = 11.977 | Delta Dist 100 = 11.764 | Delta Dist 1000 = 11.698 | Episode Length = 50 | Episode Return = 16.0 | Evaluator Episodes = 9770 | Evaluator Steps = 488500 | Final Dist = 1.460 | Final Dist 10 = 0.829 | Final Dist 100 = 1.042 | Final Dist 1000 = 1.108 | Init Dist = 12.806 | Init Dist 10 = 12.806 | Init Dist 100 = 12.806 | Init Dist 1000 = 12.806 | Learner Steps = 29968 | Learner Walltime = 5918.285 | Min Dist = 0.545 | Min Dist 10 = 0.238 | Min Dist 100 = 0.396 | Min Dist 1000 = 0.459 | Steps Per Second = 87.208 | Success = 1.000 | Success 1000 = 0.952
I0502 16:44:55.859206 139569349502528 terminal.py:91] [Actor] Actor Episodes = 38570 | Actor Steps = 1928500 | Delta Dist = 10.682 | Delta Dist 10 = 3.143 | Delta Dist 100 = 4.596 | Delta Dist 1000 = 4.447 | Episode Length = 50 | Episode Return = 45.0 | Evaluator Episodes = 9770 | Evaluator Steps = 488500 | Final Dist = 1.360 | Final Dist 10 = 3.903 | Final Dist 100 = 1.667 | Final Dist 1000 = 1.557 | Init Dist = 12.042 | Init Dist 10 = 7.047 | Init Dist 100 = 6.263 | Init Dist 1000 = 6.004 | Learner Steps = 29976 | Learner Walltime = 5919.521 | Min Dist = 0.036 | Min Dist 10 = 0.212 | Min Dist 100 = 0.184 | Min Dist 1000 = 0.205 | Steps Per Second = 78.475 | Success = 1.000 | Success 1000 = 0.981
I0502 16:44:55.954833 139579566835264 terminal.py:91] [Evaluator] Actor Episodes = 38570 | Actor Steps = 1928500 | Delta Dist = 12.588 | Delta Dist 10 = 11.859 | Delta Dist 100 = 11.749 | Delta Dist 1000 = 11.696 | Episode Length = 50 | Episode Return = 24.0 | Evaluator Episodes = 9772 | Evaluator Steps = 488600 | Final Dist = 0.218 | Final Dist 10 = 0.947 | Final Dist 100 = 1.057 | Final Dist 1000 = 1.110 | Init Dist = 12.806 | Init Dist 10 = 12.806 | Init Dist 100 = 12.806 | Init Dist 1000 = 12.806 | Learner Steps = 29976 | Learner Walltime = 5919.521 | Min Dist = 0.176 | Min Dist 10 = 0.305 | Min Dist 100 = 0.403 | Min Dist 1000 = 0.459 | Steps Per Second = 78.060 | Success = 1.000 | Success 1000 = 0.952
I0502 16:44:55.964312 139584504182336 lp_utils.py:96] StepsLimiter: Reached 1928500 recorded steps
I0502 16:44:57.173223 139579566835264 terminal.py:91] [Evaluator] Actor Episodes = 38578 | Actor Steps = 1928900 | Delta Dist = 11.677 | Delta Dist 10 = 11.883 | Delta Dist 100 = 11.740 | Delta Dist 1000 = 11.698 | Episode Length = 50 | Episode Return = 2.0 | Evaluator Episodes = 9774 | Evaluator Steps = 488700 | Final Dist = 1.130 | Final Dist 10 = 0.923 | Final Dist 100 = 1.067 | Final Dist 1000 = 1.109 | Init Dist = 12.806 | Init Dist 10 = 12.806 | Init Dist 100 = 12.806 | Init Dist 1000 = 12.806 | Learner Steps = 29982 | Learner Walltime = 5920.709 | Min Dist = 0.272 | Min Dist 10 = 0.253 | Min Dist 100 = 0.403 | Min Dist 1000 = 0.459 | Steps Per Second = 82.308 | Success = 1.000 | Success 1000 = 0.952
I0502 16:44:58.282587 139579566835264 terminal.py:91] [Evaluator] Actor Episodes = 38586 | Actor Steps = 1929300 | Delta Dist = 12.350 | Delta Dist 10 = 11.891 | Delta Dist 100 = 11.732 | Delta Dist 1000 = 11.697 | Episode Length = 50 | Episode Return = 26.0 | Evaluator Episodes = 9776 | Evaluator Steps = 488800 | Final Dist = 0.457 | Final Dist 10 = 0.915 | Final Dist 100 = 1.074 | Final Dist 1000 = 1.109 | Init Dist = 12.806 | Init Dist 10 = 12.806 | Init Dist 100 = 12.806 | Init Dist 1000 = 12.806 | Learner Steps = 29987 | Learner Walltime = 5921.890 | Min Dist = 0.107 | Min Dist 10 = 0.364 | Min Dist 100 = 0.409 | Min Dist 1000 = 0.460 | Steps Per Second = 86.033 | Success = 1.000 | Success 1000 = 0.952
I0502 16:44:58.510941 139557462840896 terminal.py:91] [Actor] Actor Episodes = 38585 | Actor Steps = 1929250 | Delta Dist = 7.585 | Delta Dist 10 = 4.994 | Delta Dist 100 = 4.771 | Delta Dist 1000 = 4.471 | Episode Length = 50 | Episode Return = 50.0 | Evaluator Episodes = 9774 | Evaluator Steps = 488700 | Final Dist = 0.959 | Final Dist 10 = 0.804 | Final Dist 100 = 1.517 | Final Dist 1000 = 1.531 | Init Dist = 8.544 | Init Dist 10 = 5.798 | Init Dist 100 = 6.288 | Init Dist 1000 = 6.002 | Learner Steps = 29987 | Learner Walltime = 5921.890 | Min Dist = 0.959 | Min Dist 10 = 0.039 | Min Dist 100 = 0.181 | Min Dist 1000 = 0.199 | Steps Per Second = 129.145 | Success = 1.000 | Success 1000 = 0.981
I0502 16:44:59.017179 139555013154368 terminal.py:91] [Learner] Actor Episodes = 38588 | Actor Loss = 3.7091736793518066 | Actor Steps = 1929400 | Binary Accuracy = 0.9960570335388184 | Categorical Accuracy = 0.41455078125 | Critic Loss = 1.8254835605621338 | Entropy Mean = -21.46101188659668 | Evaluator Episodes = 9776 | Evaluator Steps = 488800 | Learner Steps = 29995 | Learner Walltime = 5923.214 | Logits Neg = -16.98333740234375 | Logits Pos = -1.824396014213562 | Logsumexp = 0.9966400861740112 | Steps Per Second = 193.216
I0502 16:44:59.609728 139579566835264 terminal.py:91] [Evaluator] Actor Episodes = 38594 | Actor Steps = 1929700 | Delta Dist = 11.503 | Delta Dist 10 = 11.852 | Delta Dist 100 = 11.739 | Delta Dist 1000 = 11.698 | Episode Length = 50 | Episode Return = 11.0 | Evaluator Episodes = 9778 | Evaluator Steps = 488900 | Final Dist = 1.303 | Final Dist 10 = 0.955 | Final Dist 100 = 1.068 | Final Dist 1000 = 1.108 | Init Dist = 12.806 | Init Dist 10 = 12.806 | Init Dist 100 = 12.806 | Init Dist 1000 = 12.806 | Learner Steps = 29995 | Learner Walltime = 5923.214 | Min Dist = 0.491 | Min Dist 10 = 0.349 | Min Dist 100 = 0.411 | Min Dist 1000 = 0.460 | Steps Per Second = 73.477 | Success = 1.000 | Success 1000 = 0.952
I0502 16:44:59.728533 139555860620864 terminal.py:91] [Actor] Actor Episodes = 38591 | Actor Steps = 1929550 | Delta Dist = 3.781 | Delta Dist 10 = 4.327 | Delta Dist 100 = 4.862 | Delta Dist 1000 = 4.473 | Episode Length = 50 | Episode Return = 20.0 | Evaluator Episodes = 9776 | Evaluator Steps = 488800 | Final Dist = 1.219 | Final Dist 10 = 1.144 | Final Dist 100 = 1.534 | Final Dist 1000 = 1.532 | Init Dist = 5.000 | Init Dist 10 = 5.471 | Init Dist 100 = 6.395 | Init Dist 1000 = 6.005 | Learner Steps = 29995 | Learner Walltime = 5923.214 | Min Dist = 0.003 | Min Dist 10 = 0.143 | Min Dist 100 = 0.184 | Min Dist 1000 = 0.200 | Steps Per Second = 81.377 | Success = 1.000 | Success 1000 = 0.981
I0502 16:45:00.940295 139579566835264 terminal.py:91] [Evaluator] Actor Episodes = 38602 | Actor Steps = 1930100 | Delta Dist = 12.437 | Delta Dist 10 = 11.789 | Delta Dist 100 = 11.739 | Delta Dist 1000 = 11.698 | Episode Length = 50 | Episode Return = 30.0 | Evaluator Episodes = 9780 | Evaluator Steps = 489000 | Final Dist = 0.370 | Final Dist 10 = 1.017 | Final Dist 100 = 1.067 | Final Dist 1000 = 1.108 | Init Dist = 12.806 | Init Dist 10 = 12.806 | Init Dist 100 = 12.806 | Init Dist 1000 = 12.806 | Learner Steps = 30001 | Learner Walltime = 5924.273 | Min Dist = 0.172 | Min Dist 10 = 0.391 | Min Dist 100 = 0.413 | Min Dist 1000 = 0.460 | Steps Per Second = 74.013 | Success = 1.000 | Success 1000 = 0.952
I0502 16:45:02.363481 139579566835264 terminal.py:91] [Evaluator] Actor Episodes = 38610 | Actor Steps = 1930500 | Delta Dist = 11.455 | Delta Dist 10 = 11.247 | Delta Dist 100 = 11.667 | Delta Dist 1000 = 11.692 | Episode Length = 50 | Episode Return = 14.0 | Evaluator Episodes = 9782 | Evaluator Steps = 489100 | Final Dist = 1.351 | Final Dist 10 = 1.559 | Final Dist 100 = 1.139 | Final Dist 1000 = 1.115 | Init Dist = 12.806 | Init Dist 10 = 12.806 | Init Dist 100 = 12.806 | Init Dist 1000 = 12.806 | Learner Steps = 30005 | Learner Walltime = 5925.298 | Min Dist = 0.027 | Min Dist 10 = 0.972 | Min Dist 100 = 0.480 | Min Dist 1000 = 0.466 | Steps Per Second = 74.200 | Success = 1.000 | Success 1000 = 0.951
I0502 16:45:03.640094 139579566835264 terminal.py:91] [Evaluator] Actor Episodes = 38618 | Actor Steps = 1930900 | Delta Dist = 12.147 | Delta Dist 10 = 11.113 | Delta Dist 100 = 11.663 | Delta Dist 1000 = 11.692 | Episode Length = 50 | Episode Return = 19.0 | Evaluator Episodes = 9784 | Evaluator Steps = 489200 | Final Dist = 0.660 | Final Dist 10 = 1.693 | Final Dist 100 = 1.143 | Final Dist 1000 = 1.114 | Init Dist = 12.806 | Init Dist 10 = 12.806 | Init Dist 100 = 12.806 | Init Dist 1000 = 12.806 | Learner Steps = 30011 | Learner Walltime = 5926.676 | Min Dist = 0.189 | Min Dist 10 = 0.976 | Min Dist 100 = 0.477 | Min Dist 1000 = 0.466 | Steps Per Second = 78.930 | Success = 1.000 | Success 1000 = 0.951
I0502 16:45:03.912544 139558059398720 terminal.py:91] [Actor] Actor Episodes = 38620 | Actor Steps = 1931000 | Delta Dist = 7.663 | Delta Dist 10 = 3.967 | Delta Dist 100 = 4.507 | Delta Dist 1000 = 4.472 | Episode Length = 50 | Episode Return = 42.0 | Evaluator Episodes = 9784 | Evaluator Steps = 489200 | Final Dist = 0.400 | Final Dist 10 = 1.323 | Final Dist 100 = 1.512 | Final Dist 1000 = 1.540 | Init Dist = 8.062 | Init Dist 10 = 5.289 | Init Dist 100 = 6.019 | Init Dist 1000 = 6.012 | Learner Steps = 30017 | Learner Walltime = 5927.944 | Min Dist = 0.016 | Min Dist 10 = 0.068 | Min Dist 100 = 0.169 | Min Dist 1000 = 0.200 | Steps Per Second = 83.889 | Success = 1.000 | Success 1000 = 0.981
I0502 16:45:04.996524 139579566835264 terminal.py:91] [Evaluator] Actor Episodes = 38626 | Actor Steps = 1931300 | Delta Dist = 12.608 | Delta Dist 10 = 11.242 | Delta Dist 100 = 11.659 | Delta Dist 1000 = 11.693 | Episode Length = 50 | Episode Return = 18.0 | Evaluator Episodes = 9786 | Evaluator Steps = 489300 | Final Dist = 0.198 | Final Dist 10 = 1.564 | Final Dist 100 = 1.148 | Final Dist 1000 = 1.113 | Init Dist = 12.806 | Init Dist 10 = 12.806 | Init Dist 100 = 12.806 | Init Dist 1000 = 12.806 | Learner Steps = 30022 | Learner Walltime = 5928.948 | Min Dist = 0.014 | Min Dist 10 = 0.881 | Min Dist 100 = 0.477 | Min Dist 1000 = 0.466 | Steps Per Second = 68.595 | Success = 1.000 | Success 1000 = 0.951
I0502 16:45:05.984165 139584504182336 lp_utils.py:96] StepsLimiter: Reached 1931600 recorded steps
I0502 16:45:06.298009 139579566835264 terminal.py:91] [Evaluator] Actor Episodes = 38632 | Actor Steps = 1931600 | Delta Dist = 12.546 | Delta Dist 10 = 11.335 | Delta Dist 100 = 11.676 | Delta Dist 1000 = 11.694 | Episode Length = 50 | Episode Return = 16.0 | Evaluator Episodes = 9788 | Evaluator Steps = 489400 | Final Dist = 0.260 | Final Dist 10 = 1.471 | Final Dist 100 = 1.131 | Final Dist 1000 = 1.112 | Init Dist = 12.806 | Init Dist 10 = 12.806 | Init Dist 100 = 12.806 | Init Dist 1000 = 12.806 | Learner Steps = 30026 | Learner Walltime = 5930.015 | Min Dist = 0.216 | Min Dist 10 = 0.871 | Min Dist 100 = 0.472 | Min Dist 1000 = 0.467 | Steps Per Second = 77.888 | Success = 1.000 | Success 1000 = 0.951
I0502 16:45:06.335193 139569349502528 terminal.py:91] [Actor] Actor Episodes = 38634 | Actor Steps = 1931700 | Delta Dist = 1.461 | Delta Dist 10 = 4.778 | Delta Dist 100 = 4.272 | Delta Dist 1000 = 4.447 | Episode Length = 50 | Episode Return = 47.0 | Evaluator Episodes = 9788 | Evaluator Steps = 489400 | Final Dist = 0.776 | Final Dist 10 = 1.598 | Final Dist 100 = 1.692 | Final Dist 1000 = 1.544 | Init Dist = 2.236 | Init Dist 10 = 6.376 | Init Dist 100 = 5.965 | Init Dist 1000 = 5.991 | Learner Steps = 30026 | Learner Walltime = 5930.015 | Min Dist = 0.008 | Min Dist 10 = 0.059 | Min Dist 100 = 0.240 | Min Dist 1000 = 0.207 | Steps Per Second = 82.681 | Success = 1.000 | Success 1000 = 0.981
I0502 16:45:07.619855 139579566835264 terminal.py:91] [Evaluator] Actor Episodes = 38640 | Actor Steps = 1932000 | Delta Dist = 12.489 | Delta Dist 10 = 11.532 | Delta Dist 100 = 11.687 | Delta Dist 1000 = 11.695 | Episode Length = 50 | Episode Return = 27.0 | Evaluator Episodes = 9790 | Evaluator Steps = 489500 | Final Dist = 0.318 | Final Dist 10 = 1.274 | Final Dist 100 = 1.119 | Final Dist 1000 = 1.111 | Init Dist = 12.806 | Init Dist 10 = 12.806 | Init Dist 100 = 12.806 | Init Dist 1000 = 12.806 | Learner Steps = 30033 | Learner Walltime = 5931.488 | Min Dist = 0.112 | Min Dist 10 = 0.788 | Min Dist 100 = 0.469 | Min Dist 1000 = 0.466 | Steps Per Second = 74.630 | Success = 1.000 | Success 1000 = 0.951
I0502 16:45:08.539942 139557462840896 terminal.py:91] [Actor] Actor Episodes = 38646 | Actor Steps = 1932300 | Delta Dist = 3.465 | Delta Dist 10 = 5.274 | Delta Dist 100 = 4.468 | Delta Dist 1000 = 4.442 | Episode Length = 50 | Episode Return = 22.0 | Evaluator Episodes = 9790 | Evaluator Steps = 489500 | Final Dist = 0.141 | Final Dist 10 = 0.457 | Final Dist 100 = 1.555 | Final Dist 1000 = 1.538 | Init Dist = 3.606 | Init Dist 10 = 5.731 | Init Dist 100 = 6.023 | Init Dist 1000 = 5.980 | Learner Steps = 30033 | Learner Walltime = 5931.488 | Min Dist = 0.104 | Min Dist 10 = 0.077 | Min Dist 100 = 0.166 | Min Dist 1000 = 0.206 | Steps Per Second = 83.957 | Success = 1.000 | Success 1000 = 0.981
I0502 16:45:08.887692 139579566835264 terminal.py:91] [Evaluator] Actor Episodes = 38648 | Actor Steps = 1932400 | Delta Dist = 11.572 | Delta Dist 10 = 12.185 | Delta Dist 100 = 11.686 | Delta Dist 1000 = 11.697 | Episode Length = 50 | Episode Return = 11.0 | Evaluator Episodes = 9792 | Evaluator Steps = 489600 | Final Dist = 1.234 | Final Dist 10 = 0.622 | Final Dist 100 = 1.121 | Final Dist 1000 = 1.110 | Init Dist = 12.806 | Init Dist 10 = 12.806 | Init Dist 100 = 12.806 | Init Dist 1000 = 12.806 | Learner Steps = 30040 | Learner Walltime = 5932.876 | Min Dist = 0.100 | Min Dist 10 = 0.146 | Min Dist 100 = 0.471 | Min Dist 1000 = 0.466 | Steps Per Second = 79.911 | Success = 1.000 | Success 1000 = 0.951
I0502 16:45:09.189533 139555013154368 terminal.py:91] [Learner] Actor Episodes = 38648 | Actor Loss = 3.640424966812134 | Actor Steps = 1932400 | Binary Accuracy = 0.9960389137268066 | Categorical Accuracy = 0.40179443359375 | Critic Loss = 1.8608256578445435 | Entropy Mean = -21.890045166015625 | Evaluator Episodes = 9790 | Evaluator Steps = 489500 | Learner Steps = 30043 | Learner Walltime = 5933.387 | Logits Neg = -16.548730850219727 | Logits Pos = -1.8104984760284424 | Logsumexp = 1.0501973628997803 | Steps Per Second = 171.462
I0502 16:45:10.079537 139579566835264 terminal.py:91] [Evaluator] Actor Episodes = 38656 | Actor Steps = 1932800 | Delta Dist = 12.205 | Delta Dist 10 = 12.179 | Delta Dist 100 = 11.675 | Delta Dist 1000 = 11.696 | Episode Length = 50 | Episode Return = 27.0 | Evaluator Episodes = 9794 | Evaluator Steps = 489700 | Final Dist = 0.601 | Final Dist 10 = 0.627 | Final Dist 100 = 1.131 | Final Dist 1000 = 1.110 | Init Dist = 12.806 | Init Dist 10 = 12.806 | Init Dist 100 = 12.806 | Init Dist 1000 = 12.806 | Learner Steps = 30046 | Learner Walltime = 5933.937 | Min Dist = 0.087 | Min Dist 10 = 0.183 | Min Dist 100 = 0.474 | Min Dist 1000 = 0.466 | Steps Per Second = 77.418 | Success = 1.000 | Success 1000 = 0.951
I0502 16:45:10.309539 139555860620864 terminal.py:91] [Actor] Actor Episodes = 38655 | Actor Steps = 1932750 | Delta Dist = 6.690 | Delta Dist 10 = 4.916 | Delta Dist 100 = 4.527 | Delta Dist 1000 = 4.452 | Episode Length = 50 | Episode Return = 39.0 | Evaluator Episodes = 9792 | Evaluator Steps = 489600 | Final Dist = 0.381 | Final Dist 10 = 1.557 | Final Dist 100 = 1.457 | Final Dist 1000 = 1.532 | Init Dist = 7.071 | Init Dist 10 = 6.472 | Init Dist 100 = 5.983 | Init Dist 1000 = 5.984 | Learner Steps = 30040 | Learner Walltime = 5932.876 | Min Dist = 0.058 | Min Dist 10 = 0.108 | Min Dist 100 = 0.169 | Min Dist 1000 = 0.197 | Steps Per Second = 75.429 | Success = 1.000 | Success 1000 = 0.981
I0502 16:45:11.235492 139579566835264 terminal.py:91] [Evaluator] Actor Episodes = 38664 | Actor Steps = 1933200 | Delta Dist = 11.958 | Delta Dist 10 = 12.081 | Delta Dist 100 = 11.672 | Delta Dist 1000 = 11.695 | Episode Length = 50 | Episode Return = 11.0 | Evaluator Episodes = 9796 | Evaluator Steps = 489800 | Final Dist = 0.848 | Final Dist 10 = 0.725 | Final Dist 100 = 1.135 | Final Dist 1000 = 1.111 | Init Dist = 12.806 | Init Dist 10 = 12.806 | Init Dist 100 = 12.806 | Init Dist 1000 = 12.806 | Learner Steps = 30051 | Learner Walltime = 5935.188 | Min Dist = 0.339 | Min Dist 10 = 0.197 | Min Dist 100 = 0.476 | Min Dist 1000 = 0.466 | Steps Per Second = 90.850 | Success = 1.000 | Success 1000 = 0.951
I0502 16:45:12.457425 139579566835264 terminal.py:91] [Evaluator] Actor Episodes = 38672 | Actor Steps = 1933600 | Delta Dist = 11.962 | Delta Dist 10 = 11.948 | Delta Dist 100 = 11.669 | Delta Dist 1000 = 11.696 | Episode Length = 50 | Episode Return = 27.0 | Evaluator Episodes = 9798 | Evaluator Steps = 489900 | Final Dist = 0.844 | Final Dist 10 = 0.858 | Final Dist 100 = 1.137 | Final Dist 1000 = 1.110 | Init Dist = 12.806 | Init Dist 10 = 12.806 | Init Dist 100 = 12.806 | Init Dist 1000 = 12.806 | Learner Steps = 30058 | Learner Walltime = 5936.466 | Min Dist = 0.271 | Min Dist 10 = 0.211 | Min Dist 100 = 0.475 | Min Dist 1000 = 0.466 | Steps Per Second = 84.104 | Success = 1.000 | Success 1000 = 0.951
I0502 16:45:13.700590 139579566835264 terminal.py:91] [Evaluator] Actor Episodes = 38680 | Actor Steps = 1934000 | Delta Dist = 11.446 | Delta Dist 10 = 11.778 | Delta Dist 100 = 11.655 | Delta Dist 1000 = 11.696 | Episode Length = 50 | Episode Return = 21.0 | Evaluator Episodes = 9800 | Evaluator Steps = 490000 | Final Dist = 1.360 | Final Dist 10 = 1.028 | Final Dist 100 = 1.152 | Final Dist 1000 = 1.110 | Init Dist = 12.806 | Init Dist 10 = 12.806 | Init Dist 100 = 12.806 | Init Dist 1000 = 12.806 | Learner Steps = 30063 | Learner Walltime = 5937.512 | Min Dist = 0.068 | Min Dist 10 = 0.231 | Min Dist 100 = 0.476 | Min Dist 1000 = 0.466 | Steps Per Second = 77.709 | Success = 1.000 | Success 1000 = 0.951
I0502 16:45:14.164455 139558059398720 terminal.py:91] [Actor] Actor Episodes = 38682 | Actor Steps = 1934100 | Delta Dist = 5.632 | Delta Dist 10 = 6.158 | Delta Dist 100 = 4.494 | Delta Dist 1000 = 4.457 | Episode Length = 50 | Episode Return = 20.0 | Evaluator Episodes = 9800 | Evaluator Steps = 490000 | Final Dist = 0.450 | Final Dist 10 = 1.430 | Final Dist 100 = 1.386 | Final Dist 1000 = 1.540 | Init Dist = 6.083 | Init Dist 10 = 7.588 | Init Dist 100 = 5.880 | Init Dist 1000 = 5.996 | Learner Steps = 30063 | Learner Walltime = 5937.512 | Min Dist = 0.251 | Min Dist 10 = 0.744 | Min Dist 100 = 0.234 | Min Dist 1000 = 0.206 | Steps Per Second = 68.845 | Success = 1.000 | Success 1000 = 0.980
I0502 16:45:14.913739 139584635659840 savers.py:156] Saving checkpoint: logs/contrastive_cpc_point_FourRooms_64/5dd72662-2788-11f0-b183-d85ed38c5779/checkpoints/counter
I0502 16:45:14.976079 139579566835264 terminal.py:91] [Evaluator] Actor Episodes = 38688 | Actor Steps = 1934400 | Delta Dist = 11.636 | Delta Dist 10 = 11.698 | Delta Dist 100 = 11.652 | Delta Dist 1000 = 11.696 | Episode Length = 50 | Episode Return = 9.0 | Evaluator Episodes = 9802 | Evaluator Steps = 490100 | Final Dist = 1.171 | Final Dist 10 = 1.109 | Final Dist 100 = 1.154 | Final Dist 1000 = 1.110 | Init Dist = 12.806 | Init Dist 10 = 12.806 | Init Dist 100 = 12.806 | Init Dist 1000 = 12.806 | Learner Steps = 30070 | Learner Walltime = 5938.822 | Min Dist = 0.464 | Min Dist 10 = 0.210 | Min Dist 100 = 0.473 | Min Dist 1000 = 0.466 | Steps Per Second = 78.837 | Success = 1.000 | Success 1000 = 0.951
I0502 16:45:16.003654 139584504182336 lp_utils.py:96] StepsLimiter: Reached 1934800 recorded steps
I0502 16:45:16.056687 139579566835264 terminal.py:91] [Evaluator] Actor Episodes = 38696 | Actor Steps = 1934800 | Delta Dist = 11.462 | Delta Dist 10 = 11.698 | Delta Dist 100 = 11.648 | Delta Dist 1000 = 11.695 | Episode Length = 50 | Episode Return = 9.0 | Evaluator Episodes = 9804 | Evaluator Steps = 490200 | Final Dist = 1.344 | Final Dist 10 = 1.108 | Final Dist 100 = 1.159 | Final Dist 1000 = 1.111 | Init Dist = 12.806 | Init Dist 10 = 12.806 | Init Dist 100 = 12.806 | Init Dist 1000 = 12.806 | Learner Steps = 30076 | Learner Walltime = 5940.040 | Min Dist = 0.433 | Min Dist 10 = 0.265 | Min Dist 100 = 0.483 | Min Dist 1000 = 0.467 | Steps Per Second = 90.971 | Success = 1.000 | Success 1000 = 0.951
I0502 16:45:16.563466 139569349502528 terminal.py:91] [Actor] Actor Episodes = 38698 | Actor Steps = 1934900 | Delta Dist = 4.764 | Delta Dist 10 = 3.434 | Delta Dist 100 = 4.422 | Delta Dist 1000 = 4.446 | Episode Length = 50 | Episode Return = 23.0 | Evaluator Episodes = 9804 | Evaluator Steps = 490200 | Final Dist = 1.067 | Final Dist 10 = 1.385 | Final Dist 100 = 1.470 | Final Dist 1000 = 1.533 | Init Dist = 5.831 | Init Dist 10 = 4.819 | Init Dist 100 = 5.892 | Init Dist 1000 = 5.978 | Learner Steps = 30076 | Learner Walltime = 5940.040 | Min Dist = 0.072 | Min Dist 10 = 0.097 | Min Dist 100 = 0.233 | Min Dist 1000 = 0.195 | Steps Per Second = 87.916 | Success = 1.000 | Success 1000 = 0.980
I0502 16:45:17.242819 139579566835264 terminal.py:91] [Evaluator] Actor Episodes = 38702 | Actor Steps = 1935100 | Delta Dist = 12.177 | Delta Dist 10 = 11.630 | Delta Dist 100 = 11.632 | Delta Dist 1000 = 11.694 | Episode Length = 50 | Episode Return = 2.0 | Evaluator Episodes = 9806 | Evaluator Steps = 490300 | Final Dist = 0.630 | Final Dist 10 = 1.176 | Final Dist 100 = 1.174 | Final Dist 1000 = 1.113 | Init Dist = 12.806 | Init Dist 10 = 12.806 | Init Dist 100 = 12.806 | Init Dist 1000 = 12.806 | Learner Steps = 30083 | Learner Walltime = 5941.085 | Min Dist = 0.528 | Min Dist 10 = 0.281 | Min Dist 100 = 0.486 | Min Dist 1000 = 0.466 | Steps Per Second = 80.722 | Success = 1.000 | Success 1000 = 0.951
I0502 16:45:18.452249 139579566835264 terminal.py:91] [Evaluator] Actor Episodes = 38710 | Actor Steps = 1935500 | Delta Dist = 12.298 | Delta Dist 10 = 11.658 | Delta Dist 100 = 11.667 | Delta Dist 1000 = 11.694 | Episode Length = 50 | Episode Return = 23.0 | Evaluator Episodes = 9808 | Evaluator Steps = 490400 | Final Dist = 0.509 | Final Dist 10 = 1.148 | Final Dist 100 = 1.139 | Final Dist 1000 = 1.113 | Init Dist = 12.806 | Init Dist 10 = 12.806 | Init Dist 100 = 12.806 | Init Dist 1000 = 12.806 | Learner Steps = 30087 | Learner Walltime = 5942.193 | Min Dist = 0.177 | Min Dist 10 = 0.309 | Min Dist 100 = 0.448 | Min Dist 1000 = 0.467 | Steps Per Second = 82.637 | Success = 1.000 | Success 1000 = 0.951
I0502 16:45:18.642696 139557462840896 terminal.py:91] [Actor] Actor Episodes = 38711 | Actor Steps = 1935550 | Delta Dist = 4.383 | Delta Dist 10 = 4.662 | Delta Dist 100 = 4.620 | Delta Dist 1000 = 4.458 | Episode Length = 50 | Episode Return = 37.0 | Evaluator Episodes = 9806 | Evaluator Steps = 490300 | Final Dist = 0.089 | Final Dist 10 = 1.083 | Final Dist 100 = 1.468 | Final Dist 1000 = 1.523 | Init Dist = 4.472 | Init Dist 10 = 5.745 | Init Dist 100 = 6.088 | Init Dist 1000 = 5.981 | Learner Steps = 30087 | Learner Walltime = 5942.193 | Min Dist = 0.022 | Min Dist 10 = 0.135 | Min Dist 100 = 0.236 | Min Dist 1000 = 0.193 | Steps Per Second = 85.867 | Success = 1.000 | Success 1000 = 0.982
I0502 16:45:19.257072 139555013154368 terminal.py:91] [Learner] Actor Episodes = 38716 | Actor Loss = 3.535506248474121 | Actor Steps = 1935800 | Binary Accuracy = 0.9959523677825928 | Categorical Accuracy = 0.39935302734375 | Critic Loss = 1.8497682809829712 | Entropy Mean = -21.64164924621582 | Evaluator Episodes = 9808 | Evaluator Steps = 490400 | Learner Steps = 30094 | Learner Walltime = 5943.451 | Logits Neg = -17.280675888061523 | Logits Pos = -1.8512858152389526 | Logsumexp = 1.1357866525650024 | Steps Per Second = 247.810
I0502 16:45:19.582792 139579566835264 terminal.py:91] [Evaluator] Actor Episodes = 38718 | Actor Steps = 1935900 | Delta Dist = 11.487 | Delta Dist 10 = 11.725 | Delta Dist 100 = 11.666 | Delta Dist 1000 = 11.694 | Episode Length = 50 | Episode Return = 5.0 | Evaluator Episodes = 9810 | Evaluator Steps = 490500 | Final Dist = 1.320 | Final Dist 10 = 1.082 | Final Dist 100 = 1.141 | Final Dist 1000 = 1.112 | Init Dist = 12.806 | Init Dist 10 = 12.806 | Init Dist 100 = 12.806 | Init Dist 1000 = 12.806 | Learner Steps = 30094 | Learner Walltime = 5943.451 | Min Dist = 0.270 | Min Dist 10 = 0.284 | Min Dist 100 = 0.442 | Min Dist 1000 = 0.466 | Steps Per Second = 90.820 | Success = 1.000 | Success 1000 = 0.951
I0502 16:45:20.376073 139555860620864 terminal.py:91] [Actor] Actor Episodes = 38721 | Actor Steps = 1936050 | Delta Dist = 4.006 | Delta Dist 10 = 4.488 | Delta Dist 100 = 4.681 | Delta Dist 1000 = 4.460 | Episode Length = 50 | Episode Return = 40.0 | Evaluator Episodes = 9810 | Evaluator Steps = 490500 | Final Dist = 0.117 | Final Dist 10 = 0.789 | Final Dist 100 = 1.283 | Final Dist 1000 = 1.514 | Init Dist = 4.123 | Init Dist 10 = 5.277 | Init Dist 100 = 5.964 | Init Dist 1000 = 5.974 | Learner Steps = 30094 | Learner Walltime = 5943.451 | Min Dist = 0.108 | Min Dist 10 = 0.089 | Min Dist 100 = 0.167 | Min Dist 1000 = 0.193 | Steps Per Second = 71.834 | Success = 1.000 | Success 1000 = 0.982
I0502 16:45:21.044719 139579566835264 terminal.py:91] [Evaluator] Actor Episodes = 38726 | Actor Steps = 1936300 | Delta Dist = 11.777 | Delta Dist 10 = 11.229 | Delta Dist 100 = 11.608 | Delta Dist 1000 = 11.688 | Episode Length = 50 | Episode Return = 17.0 | Evaluator Episodes = 9812 | Evaluator Steps = 490600 | Final Dist = 1.030 | Final Dist 10 = 1.577 | Final Dist 100 = 1.198 | Final Dist 1000 = 1.119 | Init Dist = 12.806 | Init Dist 10 = 12.806 | Init Dist 100 = 12.806 | Init Dist 1000 = 12.806 | Learner Steps = 30100 | Learner Walltime = 5944.605 | Min Dist = 0.150 | Min Dist 10 = 0.884 | Min Dist 100 = 0.498 | Min Dist 1000 = 0.472 | Steps Per Second = 70.637 | Success = 1.000 | Success 1000 = 0.950
I0502 16:45:22.242007 139579566835264 terminal.py:91] [Evaluator] Actor Episodes = 38734 | Actor Steps = 1936700 | Delta Dist = 11.849 | Delta Dist 10 = 11.278 | Delta Dist 100 = 11.659 | Delta Dist 1000 = 11.687 | Episode Length = 50 | Episode Return = 13.0 | Evaluator Episodes = 9814 | Evaluator Steps = 490700 | Final Dist = 0.957 | Final Dist 10 = 1.529 | Final Dist 100 = 1.147 | Final Dist 1000 = 1.120 | Init Dist = 12.806 | Init Dist 10 = 12.806 | Init Dist 100 = 12.806 | Init Dist 1000 = 12.806 | Learner Steps = 30105 | Learner Walltime = 5945.690 | Min Dist = 0.114 | Min Dist 10 = 0.792 | Min Dist 100 = 0.443 | Min Dist 1000 = 0.472 | Steps Per Second = 87.709 | Success = 1.000 | Success 1000 = 0.950
I0502 16:45:23.359342 139583350109760 savers.py:156] Saving checkpoint: logs/contrastive_cpc_point_FourRooms_64/5dd72662-2788-11f0-b183-d85ed38c5779/checkpoints/learner
I0502 16:45:23.563199 139579566835264 terminal.py:91] [Evaluator] Actor Episodes = 38742 | Actor Steps = 1937100 | Delta Dist = 12.659 | Delta Dist 10 = 10.693 | Delta Dist 100 = 11.593 | Delta Dist 1000 = 11.680 | Episode Length = 50 | Episode Return = 14.0 | Evaluator Episodes = 9816 | Evaluator Steps = 490800 | Final Dist = 0.147 | Final Dist 10 = 2.113 | Final Dist 100 = 1.214 | Final Dist 1000 = 1.126 | Init Dist = 12.806 | Init Dist 10 = 12.806 | Init Dist 100 = 12.806 | Init Dist 1000 = 12.806 | Learner Steps = 30111 | Learner Walltime = 5947.022 | Min Dist = 0.045 | Min Dist 10 = 1.412 | Min Dist 100 = 0.508 | Min Dist 1000 = 0.478 | Steps Per Second = 71.196 | Success = 1.000 | Success 1000 = 0.949
I0502 16:45:24.722975 139558059398720 terminal.py:91] [Actor] Actor Episodes = 38747 | Actor Steps = 1937350 | Delta Dist = 2.513 | Delta Dist 10 = 5.799 | Delta Dist 100 = 4.553 | Delta Dist 1000 = 4.448 | Episode Length = 50 | Episode Return = 37.0 | Evaluator Episodes = 9816 | Evaluator Steps = 490800 | Final Dist = 0.650 | Final Dist 10 = 0.825 | Final Dist 100 = 1.263 | Final Dist 1000 = 1.521 | Init Dist = 3.162 | Init Dist 10 = 6.625 | Init Dist 100 = 5.815 | Init Dist 1000 = 5.969 | Learner Steps = 30117 | Learner Walltime = 5948.218 | Min Dist = 0.164 | Min Dist 10 = 0.087 | Min Dist 100 = 0.170 | Min Dist 1000 = 0.193 | Steps Per Second = 82.994 | Success = 1.000 | Success 1000 = 0.983
I0502 16:45:24.788664 139579566835264 terminal.py:91] [Evaluator] Actor Episodes = 38750 | Actor Steps = 1937500 | Delta Dist = 12.088 | Delta Dist 10 = 10.785 | Delta Dist 100 = 11.611 | Delta Dist 1000 = 11.682 | Episode Length = 50 | Episode Return = 17.0 | Evaluator Episodes = 9818 | Evaluator Steps = 490900 | Final Dist = 0.718 | Final Dist 10 = 2.021 | Final Dist 100 = 1.195 | Final Dist 1000 = 1.124 | Init Dist = 12.806 | Init Dist 10 = 12.806 | Init Dist 100 = 12.806 | Init Dist 1000 = 12.806 | Learner Steps = 30117 | Learner Walltime = 5948.218 | Min Dist = 0.045 | Min Dist 10 = 1.377 | Min Dist 100 = 0.504 | Min Dist 1000 = 0.478 | Steps Per Second = 85.082 | Success = 1.000 | Success 1000 = 0.949
I0502 16:45:26.027996 139584504182336 lp_utils.py:96] StepsLimiter: Reached 1937900 recorded steps
I0502 16:45:26.051042 139579566835264 terminal.py:91] [Evaluator] Actor Episodes = 38758 | Actor Steps = 1937900 | Delta Dist = 11.689 | Delta Dist 10 = 10.744 | Delta Dist 100 = 11.607 | Delta Dist 1000 = 11.681 | Episode Length = 50 | Episode Return = 24.0 | Evaluator Episodes = 9820 | Evaluator Steps = 491000 | Final Dist = 1.117 | Final Dist 10 = 2.063 | Final Dist 100 = 1.199 | Final Dist 1000 = 1.125 | Init Dist = 12.806 | Init Dist 10 = 12.806 | Init Dist 100 = 12.806 | Init Dist 1000 = 12.806 | Learner Steps = 30123 | Learner Walltime = 5949.434 | Min Dist = 0.060 | Min Dist 10 = 1.404 | Min Dist 100 = 0.503 | Min Dist 1000 = 0.478 | Steps Per Second = 78.793 | Success = 1.000 | Success 1000 = 0.949
I0502 16:45:26.797158 139569349502528 terminal.py:91] [Actor] Actor Episodes = 38764 | Actor Steps = 1938200 | Delta Dist = 2.734 | Delta Dist 10 = 3.310 | Delta Dist 100 = 4.277 | Delta Dist 1000 = 4.413 | Episode Length = 50 | Episode Return = 26.0 | Evaluator Episodes = 9820 | Evaluator Steps = 491000 | Final Dist = 0.266 | Final Dist 10 = 1.098 | Final Dist 100 = 1.327 | Final Dist 1000 = 1.531 | Init Dist = 3.000 | Init Dist 10 = 4.408 | Init Dist 100 = 5.604 | Init Dist 1000 = 5.943 | Learner Steps = 30129 | Learner Walltime = 5950.636 | Min Dist = 0.045 | Min Dist 10 = 0.064 | Min Dist 100 = 0.157 | Min Dist 1000 = 0.188 | Steps Per Second = 73.226 | Success = 1.000 | Success 1000 = 0.984
I0502 16:45:27.218364 139579566835264 terminal.py:91] [Evaluator] Actor Episodes = 38766 | Actor Steps = 1938300 | Delta Dist = 12.375 | Delta Dist 10 = 11.220 | Delta Dist 100 = 11.609 | Delta Dist 1000 = 11.681 | Episode Length = 50 | Episode Return = 18.0 | Evaluator Episodes = 9822 | Evaluator Steps = 491100 | Final Dist = 0.432 | Final Dist 10 = 1.586 | Final Dist 100 = 1.197 | Final Dist 1000 = 1.125 | Init Dist = 12.806 | Init Dist 10 = 12.806 | Init Dist 100 = 12.806 | Init Dist 1000 = 12.806 | Learner Steps = 30129 | Learner Walltime = 5950.636 | Min Dist = 0.063 | Min Dist 10 = 0.803 | Min Dist 100 = 0.503 | Min Dist 1000 = 0.478 | Steps Per Second = 83.513 | Success = 1.000 | Success 1000 = 0.949
I0502 16:45:28.453960 139579566835264 terminal.py:91] [Evaluator] Actor Episodes = 38774 | Actor Steps = 1938700 | Delta Dist = 12.646 | Delta Dist 10 = 11.333 | Delta Dist 100 = 11.606 | Delta Dist 1000 = 11.681 | Episode Length = 50 | Episode Return = 17.0 | Evaluator Episodes = 9824 | Evaluator Steps = 491200 | Final Dist = 0.160 | Final Dist 10 = 1.473 | Final Dist 100 = 1.200 | Final Dist 1000 = 1.125 | Init Dist = 12.806 | Init Dist 10 = 12.806 | Init Dist 100 = 12.806 | Init Dist 1000 = 12.806 | Learner Steps = 30136 | Learner Walltime = 5952.122 | Min Dist = 0.092 | Min Dist 10 = 0.790 | Min Dist 100 = 0.501 | Min Dist 1000 = 0.478 | Steps Per Second = 87.829 | Success = 1.000 | Success 1000 = 0.949
I0502 16:45:28.897102 139557462840896 terminal.py:91] [Actor] Actor Episodes = 38775 | Actor Steps = 1938750 | Delta Dist = 0.788 | Delta Dist 10 = 5.195 | Delta Dist 100 = 4.383 | Delta Dist 1000 = 4.401 | Episode Length = 50 | Episode Return = 27.0 | Evaluator Episodes = 9822 | Evaluator Steps = 491100 | Final Dist = 0.627 | Final Dist 10 = 1.075 | Final Dist 100 = 1.225 | Final Dist 1000 = 1.534 | Init Dist = 1.414 | Init Dist 10 = 6.270 | Init Dist 100 = 5.608 | Init Dist 1000 = 5.935 | Learner Steps = 30136 | Learner Walltime = 5952.122 | Min Dist = 0.027 | Min Dist 10 = 0.192 | Min Dist 100 = 0.157 | Min Dist 1000 = 0.190 | Steps Per Second = 77.526 | Success = 1.000 | Success 1000 = 0.983
I0502 16:45:29.292083 139555013154368 terminal.py:91] [Learner] Actor Episodes = 38780 | Actor Loss = 3.592081069946289 | Actor Steps = 1939000 | Binary Accuracy = 0.9960136413574219 | Categorical Accuracy = 0.4066162109375 | Critic Loss = 1.8358074426651 | Entropy Mean = -21.013269424438477 | Evaluator Episodes = 9824 | Evaluator Steps = 491200 | Learner Steps = 30143 | Learner Walltime = 5953.485 | Logits Neg = -16.956878662109375 | Logits Pos = -1.818859338760376 | Logsumexp = 1.1973838806152344 | Steps Per Second = 124.991
I0502 16:45:29.723365 139579566835264 terminal.py:91] [Evaluator] Actor Episodes = 38782 | Actor Steps = 1939100 | Delta Dist = 12.068 | Delta Dist 10 = 12.070 | Delta Dist 100 = 11.606 | Delta Dist 1000 = 11.681 | Episode Length = 50 | Episode Return = 21.0 | Evaluator Episodes = 9826 | Evaluator Steps = 491300 | Final Dist = 0.738 | Final Dist 10 = 0.737 | Final Dist 100 = 1.200 | Final Dist 1000 = 1.126 | Init Dist = 12.806 | Init Dist 10 = 12.806 | Init Dist 100 = 12.806 | Init Dist 1000 = 12.806 | Learner Steps = 30143 | Learner Walltime = 5953.485 | Min Dist = 0.154 | Min Dist 10 = 0.132 | Min Dist 100 = 0.500 | Min Dist 1000 = 0.477 | Steps Per Second = 85.526 | Success = 1.000 | Success 1000 = 0.949
I0502 16:45:30.444670 139555860620864 terminal.py:91] [Actor] Actor Episodes = 38785 | Actor Steps = 1939250 | Delta Dist = 1.619 | Delta Dist 10 = 5.319 | Delta Dist 100 = 4.288 | Delta Dist 1000 = 4.416 | Episode Length = 50 | Episode Return = 32.0 | Evaluator Episodes = 9826 | Evaluator Steps = 491300 | Final Dist = 0.381 | Final Dist 10 = 0.868 | Final Dist 100 = 1.112 | Final Dist 1000 = 1.536 | Init Dist = 2.000 | Init Dist 10 = 6.187 | Init Dist 100 = 5.400 | Init Dist 1000 = 5.952 | Learner Steps = 30143 | Learner Walltime = 5953.485 | Min Dist = 0.128 | Min Dist 10 = 0.048 | Min Dist 100 = 0.093 | Min Dist 1000 = 0.189 | Steps Per Second = 86.526 | Success = 1.000 | Success 1000 = 0.983
I0502 16:45:30.842633 139579566835264 terminal.py:91] [Evaluator] Actor Episodes = 38790 | Actor Steps = 1939500 | Delta Dist = 12.024 | Delta Dist 10 = 11.910 | Delta Dist 100 = 11.651 | Delta Dist 1000 = 11.680 | Episode Length = 50 | Episode Return = 9.0 | Evaluator Episodes = 9828 | Evaluator Steps = 491400 | Final Dist = 0.783 | Final Dist 10 = 0.897 | Final Dist 100 = 1.155 | Final Dist 1000 = 1.126 | Init Dist = 12.806 | Init Dist 10 = 12.806 | Init Dist 100 = 12.806 | Init Dist 1000 = 12.806 | Learner Steps = 30149 | Learner Walltime = 5954.517 | Min Dist = 0.126 | Min Dist 10 = 0.136 | Min Dist 100 = 0.447 | Min Dist 1000 = 0.477 | Steps Per Second = 92.934 | Success = 1.000 | Success 1000 = 0.949
I0502 16:45:32.009240 139579566835264 terminal.py:91] [Evaluator] Actor Episodes = 38798 | Actor Steps = 1939900 | Delta Dist = 12.387 | Delta Dist 10 = 11.984 | Delta Dist 100 = 11.663 | Delta Dist 1000 = 11.682 | Episode Length = 50 | Episode Return = 31.0 | Evaluator Episodes = 9830 | Evaluator Steps = 491500 | Final Dist = 0.420 | Final Dist 10 = 0.823 | Final Dist 100 = 1.143 | Final Dist 1000 = 1.124 | Init Dist = 12.806 | Init Dist 10 = 12.806 | Init Dist 100 = 12.806 | Init Dist 1000 = 12.806 | Learner Steps = 30155 | Learner Walltime = 5955.701 | Min Dist = 0.112 | Min Dist 10 = 0.137 | Min Dist 100 = 0.444 | Min Dist 1000 = 0.477 | Steps Per Second = 89.077 | Success = 1.000 | Success 1000 = 0.949
I0502 16:45:33.255618 139579566835264 terminal.py:91] [Evaluator] Actor Episodes = 38806 | Actor Steps = 1940300 | Delta Dist = 11.845 | Delta Dist 10 = 12.093 | Delta Dist 100 = 11.667 | Delta Dist 1000 = 11.683 | Episode Length = 50 | Episode Return = 27.0 | Evaluator Episodes = 9832 | Evaluator Steps = 491600 | Final Dist = 0.961 | Final Dist 10 = 0.713 | Final Dist 100 = 1.139 | Final Dist 1000 = 1.123 | Init Dist = 12.806 | Init Dist 10 = 12.806 | Init Dist 100 = 12.806 | Init Dist 1000 = 12.806 | Learner Steps = 30161 | Learner Walltime = 5956.837 | Min Dist = 0.125 | Min Dist 10 = 0.200 | Min Dist 100 = 0.441 | Min Dist 1000 = 0.477 | Steps Per Second = 76.651 | Success = 1.000 | Success 1000 = 0.949
I0502 16:45:34.484125 139579566835264 terminal.py:91] [Evaluator] Actor Episodes = 38814 | Actor Steps = 1940700 | Delta Dist = 11.803 | Delta Dist 10 = 11.955 | Delta Dist 100 = 11.723 | Delta Dist 1000 = 11.682 | Episode Length = 50 | Episode Return = 14.0 | Evaluator Episodes = 9834 | Evaluator Steps = 491700 | Final Dist = 1.004 | Final Dist 10 = 0.851 | Final Dist 100 = 1.083 | Final Dist 1000 = 1.124 | Init Dist = 12.806 | Init Dist 10 = 12.806 | Init Dist 100 = 12.806 | Init Dist 1000 = 12.806 | Learner Steps = 30168 | Learner Walltime = 5958.189 | Min Dist = 0.291 | Min Dist 10 = 0.233 | Min Dist 100 = 0.405 | Min Dist 1000 = 0.477 | Steps Per Second = 82.131 | Success = 1.000 | Success 1000 = 0.949
I0502 16:45:35.103015 139558059398720 terminal.py:91] [Actor] Actor Episodes = 38818 | Actor Steps = 1940900 | Delta Dist = 11.441 | Delta Dist 10 = 5.258 | Delta Dist 100 = 4.481 | Delta Dist 1000 = 4.436 | Episode Length = 50 | Episode Return = 41.0 | Evaluator Episodes = 9834 | Evaluator Steps = 491700 | Final Dist = 0.221 | Final Dist 10 = 0.367 | Final Dist 100 = 1.173 | Final Dist 1000 = 1.533 | Init Dist = 11.662 | Init Dist 10 = 5.625 | Init Dist 100 = 5.654 | Init Dist 1000 = 5.969 | Learner Steps = 30168 | Learner Walltime = 5958.189 | Min Dist = 0.027 | Min Dist 10 = 0.061 | Min Dist 100 = 0.094 | Min Dist 1000 = 0.190 | Steps Per Second = 79.418 | Success = 1.000 | Success 1000 = 0.983
I0502 16:45:35.656418 139579566835264 terminal.py:91] [Evaluator] Actor Episodes = 38822 | Actor Steps = 1941100 | Delta Dist = 11.444 | Delta Dist 10 = 11.896 | Delta Dist 100 = 11.725 | Delta Dist 1000 = 11.682 | Episode Length = 50 | Episode Return = 10.0 | Evaluator Episodes = 9836 | Evaluator Steps = 491800 | Final Dist = 1.363 | Final Dist 10 = 0.910 | Final Dist 100 = 1.082 | Final Dist 1000 = 1.124 | Init Dist = 12.806 | Init Dist 10 = 12.806 | Init Dist 100 = 12.806 | Init Dist 1000 = 12.806 | Learner Steps = 30173 | Learner Walltime = 5959.314 | Min Dist = 0.243 | Min Dist 10 = 0.247 | Min Dist 100 = 0.403 | Min Dist 1000 = 0.477 | Steps Per Second = 88.415 | Success = 1.000 | Success 1000 = 0.949
I0502 16:45:36.045751 139584504182336 lp_utils.py:96] StepsLimiter: Reached 1941200 recorded steps
I0502 16:45:36.940475 139579566835264 terminal.py:91] [Evaluator] Actor Episodes = 38830 | Actor Steps = 1941500 | Delta Dist = 12.042 | Delta Dist 10 = 11.927 | Delta Dist 100 = 11.718 | Delta Dist 1000 = 11.687 | Episode Length = 50 | Episode Return = 29.0 | Evaluator Episodes = 9838 | Evaluator Steps = 491900 | Final Dist = 0.764 | Final Dist 10 = 0.879 | Final Dist 100 = 1.088 | Final Dist 1000 = 1.119 | Init Dist = 12.806 | Init Dist 10 = 12.806 | Init Dist 100 = 12.806 | Init Dist 1000 = 12.806 | Learner Steps = 30180 | Learner Walltime = 5960.474 | Min Dist = 0.431 | Min Dist 10 = 0.250 | Min Dist 100 = 0.405 | Min Dist 1000 = 0.471 | Steps Per Second = 72.494 | Success = 1.000 | Success 1000 = 0.950
I0502 16:45:37.090498 139569349502528 terminal.py:91] [Actor] Actor Episodes = 38829 | Actor Steps = 1941450 | Delta Dist = 12.124 | Delta Dist 10 = 4.623 | Delta Dist 100 = 4.678 | Delta Dist 1000 = 4.467 | Episode Length = 50 | Episode Return = 40.0 | Evaluator Episodes = 9836 | Evaluator Steps = 491800 | Final Dist = 0.682 | Final Dist 10 = 1.130 | Final Dist 100 = 1.257 | Final Dist 1000 = 1.498 | Init Dist = 12.806 | Init Dist 10 = 5.753 | Init Dist 100 = 5.935 | Init Dist 1000 = 5.965 | Learner Steps = 30180 | Learner Walltime = 5960.474 | Min Dist = 0.042 | Min Dist 10 = 0.355 | Min Dist 100 = 0.120 | Min Dist 1000 = 0.192 | Steps Per Second = 77.442 | Success = 1.000 | Success 1000 = 0.983
I0502 16:45:38.255430 139579566835264 terminal.py:91] [Evaluator] Actor Episodes = 38838 | Actor Steps = 1941900 | Delta Dist = 11.231 | Delta Dist 10 = 11.871 | Delta Dist 100 = 11.706 | Delta Dist 1000 = 11.687 | Episode Length = 50 | Episode Return = 16.0 | Evaluator Episodes = 9840 | Evaluator Steps = 492000 | Final Dist = 1.576 | Final Dist 10 = 0.935 | Final Dist 100 = 1.100 | Final Dist 1000 = 1.119 | Init Dist = 12.806 | Init Dist 10 = 12.806 | Init Dist 100 = 12.806 | Init Dist 1000 = 12.806 | Learner Steps = 30185 | Learner Walltime = 5961.632 | Min Dist = 0.504 | Min Dist 10 = 0.243 | Min Dist 100 = 0.408 | Min Dist 1000 = 0.471 | Steps Per Second = 72.281 | Success = 1.000 | Success 1000 = 0.950
I0502 16:45:39.403936 139555013154368 terminal.py:91] [Learner] Actor Episodes = 38840 | Actor Loss = 3.6407957077026367 | Actor Steps = 1942000 | Binary Accuracy = 0.9960663318634033 | Categorical Accuracy = 0.41900634765625 | Critic Loss = 1.8170665502548218 | Entropy Mean = -21.068328857421875 | Evaluator Episodes = 9840 | Evaluator Steps = 492000 | Learner Steps = 30194 | Learner Walltime = 5963.598 | Logits Neg = -16.955310821533203 | Logits Pos = -1.8186007738113403 | Logsumexp = 1.1733176708221436 | Steps Per Second = 144.191
I0502 16:45:39.457764 139557462840896 terminal.py:91] [Actor] Actor Episodes = 38846 | Actor Steps = 1942300 | Delta Dist = 2.528 | Delta Dist 10 = 4.941 | Delta Dist 100 = 4.628 | Delta Dist 1000 = 4.483 | Episode Length = 50 | Episode Return = 0.0 | Evaluator Episodes = 9840 | Evaluator Steps = 492000 | Final Dist = 5.472 | Final Dist 10 = 1.557 | Final Dist 100 = 1.301 | Final Dist 1000 = 1.501 | Init Dist = 8.000 | Init Dist 10 = 6.498 | Init Dist 100 = 5.929 | Init Dist 1000 = 5.984 | Learner Steps = 30191 | Learner Walltime = 5962.978 | Min Dist = 2.024 | Min Dist 10 = 0.114 | Min Dist 100 = 0.120 | Min Dist 1000 = 0.192 | Steps Per Second = 83.752 | Success = 0.000 | Success 1000 = 0.983
I0502 16:45:39.589889 139579566835264 terminal.py:91] [Evaluator] Actor Episodes = 38846 | Actor Steps = 1942300 | Delta Dist = 11.939 | Delta Dist 10 = 11.711 | Delta Dist 100 = 11.698 | Delta Dist 1000 = 11.685 | Episode Length = 50 | Episode Return = 23.0 | Evaluator Episodes = 9842 | Evaluator Steps = 492100 | Final Dist = 0.867 | Final Dist 10 = 1.096 | Final Dist 100 = 1.108 | Final Dist 1000 = 1.121 | Init Dist = 12.806 | Init Dist 10 = 12.806 | Init Dist 100 = 12.806 | Init Dist 1000 = 12.806 | Learner Steps = 30191 | Learner Walltime = 5962.978 | Min Dist = 0.257 | Min Dist 10 = 0.262 | Min Dist 100 = 0.408 | Min Dist 1000 = 0.472 | Steps Per Second = 76.062 | Success = 1.000 | Success 1000 = 0.950
I0502 16:45:40.731538 139579566835264 terminal.py:91] [Evaluator] Actor Episodes = 38854 | Actor Steps = 1942700 | Delta Dist = 12.339 | Delta Dist 10 = 11.762 | Delta Dist 100 = 11.700 | Delta Dist 1000 = 11.685 | Episode Length = 50 | Episode Return = 22.0 | Evaluator Episodes = 9844 | Evaluator Steps = 492200 | Final Dist = 0.467 | Final Dist 10 = 1.044 | Final Dist 100 = 1.106 | Final Dist 1000 = 1.121 | Init Dist = 12.806 | Init Dist 10 = 12.806 | Init Dist 100 = 12.806 | Init Dist 1000 = 12.806 | Learner Steps = 30197 | Learner Walltime = 5964.158 | Min Dist = 0.208 | Min Dist 10 = 0.268 | Min Dist 100 = 0.411 | Min Dist 1000 = 0.472 | Steps Per Second = 82.970 | Success = 1.000 | Success 1000 = 0.950
I0502 16:45:41.113732 139555860620864 terminal.py:91] [Actor] Actor Episodes = 38856 | Actor Steps = 1942800 | Delta Dist = 6.255 | Delta Dist 10 = 5.136 | Delta Dist 100 = 4.795 | Delta Dist 1000 = 4.502 | Episode Length = 50 | Episode Return = 37.0 | Evaluator Episodes = 9844 | Evaluator Steps = 492200 | Final Dist = 0.148 | Final Dist 10 = 1.366 | Final Dist 100 = 1.241 | Final Dist 1000 = 1.496 | Init Dist = 6.403 | Init Dist 10 = 6.502 | Init Dist 100 = 6.036 | Init Dist 1000 = 5.998 | Learner Steps = 30197 | Learner Walltime = 5964.158 | Min Dist = 0.080 | Min Dist 10 = 0.250 | Min Dist 100 = 0.136 | Min Dist 1000 = 0.193 | Steps Per Second = 72.235 | Success = 1.000 | Success 1000 = 0.982
I0502 16:45:42.026427 139579566835264 terminal.py:91] [Evaluator] Actor Episodes = 38860 | Actor Steps = 1943000 | Delta Dist = 12.429 | Delta Dist 10 = 11.803 | Delta Dist 100 = 11.703 | Delta Dist 1000 = 11.686 | Episode Length = 50 | Episode Return = 23.0 | Evaluator Episodes = 9846 | Evaluator Steps = 492300 | Final Dist = 0.378 | Final Dist 10 = 1.003 | Final Dist 100 = 1.104 | Final Dist 1000 = 1.120 | Init Dist = 12.806 | Init Dist 10 = 12.806 | Init Dist 100 = 12.806 | Init Dist 1000 = 12.806 | Learner Steps = 30204 | Learner Walltime = 5965.420 | Min Dist = 0.067 | Min Dist 10 = 0.278 | Min Dist 100 = 0.412 | Min Dist 1000 = 0.471 | Steps Per Second = 90.348 | Success = 1.000 | Success 1000 = 0.950
I0502 16:45:43.267645 139579566835264 terminal.py:91] [Evaluator] Actor Episodes = 38870 | Actor Steps = 1943500 | Delta Dist = 11.494 | Delta Dist 10 = 11.897 | Delta Dist 100 = 11.714 | Delta Dist 1000 = 11.687 | Episode Length = 50 | Episode Return = 9.0 | Evaluator Episodes = 9848 | Evaluator Steps = 492400 | Final Dist = 1.313 | Final Dist 10 = 0.909 | Final Dist 100 = 1.093 | Final Dist 1000 = 1.120 | Init Dist = 12.806 | Init Dist 10 = 12.806 | Init Dist 100 = 12.806 | Init Dist 1000 = 12.806 | Learner Steps = 30210 | Learner Walltime = 5966.683 | Min Dist = 0.026 | Min Dist 10 = 0.275 | Min Dist 100 = 0.413 | Min Dist 1000 = 0.472 | Steps Per Second = 87.072 | Success = 1.000 | Success 1000 = 0.950
I0502 16:45:44.532431 139579566835264 terminal.py:91] [Evaluator] Actor Episodes = 38876 | Actor Steps = 1943800 | Delta Dist = 12.115 | Delta Dist 10 = 11.872 | Delta Dist 100 = 11.713 | Delta Dist 1000 = 11.687 | Episode Length = 50 | Episode Return = 18.0 | Evaluator Episodes = 9850 | Evaluator Steps = 492500 | Final Dist = 0.691 | Final Dist 10 = 0.934 | Final Dist 100 = 1.094 | Final Dist 1000 = 1.119 | Init Dist = 12.806 | Init Dist 10 = 12.806 | Init Dist 100 = 12.806 | Init Dist 1000 = 12.806 | Learner Steps = 30217 | Learner Walltime = 5968.151 | Min Dist = 0.200 | Min Dist 10 = 0.265 | Min Dist 100 = 0.415 | Min Dist 1000 = 0.471 | Steps Per Second = 85.658 | Success = 1.000 | Success 1000 = 0.950
I0502 16:45:45.138884 139558059398720 terminal.py:91] [Actor] Actor Episodes = 38884 | Actor Steps = 1944200 | Delta Dist = -0.191 | Delta Dist 10 = 5.489 | Delta Dist 100 = 5.104 | Delta Dist 1000 = 4.508 | Episode Length = 50 | Episode Return = 46.0 | Evaluator Episodes = 9850 | Evaluator Steps = 492500 | Final Dist = 9.135 | Final Dist 10 = 1.502 | Final Dist 100 = 1.249 | Final Dist 1000 = 1.506 | Init Dist = 8.944 | Init Dist 10 = 6.991 | Init Dist 100 = 6.353 | Init Dist 1000 = 6.014 | Learner Steps = 30223 | Learner Walltime = 5969.197 | Min Dist = 0.023 | Min Dist 10 = 0.187 | Min Dist 100 = 0.140 | Min Dist 1000 = 0.194 | Steps Per Second = 76.603 | Success = 1.000 | Success 1000 = 0.982
I0502 16:45:45.735571 139579566835264 terminal.py:91] [Evaluator] Actor Episodes = 38886 | Actor Steps = 1944300 | Delta Dist = 12.383 | Delta Dist 10 = 11.986 | Delta Dist 100 = 11.706 | Delta Dist 1000 = 11.687 | Episode Length = 50 | Episode Return = 16.0 | Evaluator Episodes = 9852 | Evaluator Steps = 492600 | Final Dist = 0.424 | Final Dist 10 = 0.820 | Final Dist 100 = 1.100 | Final Dist 1000 = 1.120 | Init Dist = 12.806 | Init Dist 10 = 12.806 | Init Dist 100 = 12.806 | Init Dist 1000 = 12.806 | Learner Steps = 30223 | Learner Walltime = 5969.197 | Min Dist = 0.134 | Min Dist 10 = 0.225 | Min Dist 100 = 0.419 | Min Dist 1000 = 0.471 | Steps Per Second = 86.577 | Success = 1.000 | Success 1000 = 0.950
I0502 16:45:46.065369 139584504182336 lp_utils.py:96] StepsLimiter: Reached 1944400 recorded steps
I0502 16:45:46.970134 139579566835264 terminal.py:91] [Evaluator] Actor Episodes = 38894 | Actor Steps = 1944700 | Delta Dist = 11.794 | Delta Dist 10 = 12.086 | Delta Dist 100 = 11.705 | Delta Dist 1000 = 11.694 | Episode Length = 50 | Episode Return = 24.0 | Evaluator Episodes = 9854 | Evaluator Steps = 492700 | Final Dist = 1.013 | Final Dist 10 = 0.720 | Final Dist 100 = 1.102 | Final Dist 1000 = 1.113 | Init Dist = 12.806 | Init Dist 10 = 12.806 | Init Dist 100 = 12.806 | Init Dist 1000 = 12.806 | Learner Steps = 30229 | Learner Walltime = 5970.358 | Min Dist = 0.156 | Min Dist 10 = 0.229 | Min Dist 100 = 0.420 | Min Dist 1000 = 0.466 | Steps Per Second = 81.799 | Success = 1.000 | Success 1000 = 0.951
I0502 16:45:47.406119 139569349502528 terminal.py:91] [Actor] Actor Episodes = 38898 | Actor Steps = 1944900 | Delta Dist = 4.275 | Delta Dist 10 = 4.733 | Delta Dist 100 = 4.956 | Delta Dist 1000 = 4.502 | Episode Length = 50 | Episode Return = 0.0 | Evaluator Episodes = 9854 | Evaluator Steps = 492700 | Final Dist = 1.808 | Final Dist 10 = 1.129 | Final Dist 100 = 1.350 | Final Dist 1000 = 1.499 | Init Dist = 6.083 | Init Dist 10 = 5.862 | Init Dist 100 = 6.306 | Init Dist 1000 = 6.002 | Learner Steps = 30229 | Learner Walltime = 5970.358 | Min Dist = 0.081 | Min Dist 10 = 0.099 | Min Dist 100 = 0.143 | Min Dist 1000 = 0.188 | Steps Per Second = 98.219 | Success = 1.000 | Success 1000 = 0.982
I0502 16:45:48.225894 139579566835264 terminal.py:91] [Evaluator] Actor Episodes = 38900 | Actor Steps = 1945000 | Delta Dist = 11.857 | Delta Dist 10 = 12.062 | Delta Dist 100 = 11.716 | Delta Dist 1000 = 11.694 | Episode Length = 50 | Episode Return = 24.0 | Evaluator Episodes = 9856 | Evaluator Steps = 492800 | Final Dist = 0.949 | Final Dist 10 = 0.744 | Final Dist 100 = 1.090 | Final Dist 1000 = 1.112 | Init Dist = 12.806 | Init Dist 10 = 12.806 | Init Dist 100 = 12.806 | Init Dist 1000 = 12.806 | Learner Steps = 30236 | Learner Walltime = 5971.794 | Min Dist = 0.091 | Min Dist 10 = 0.232 | Min Dist 100 = 0.421 | Min Dist 1000 = 0.465 | Steps Per Second = 78.420 | Success = 1.000 | Success 1000 = 0.951
I0502 16:45:49.376146 139579566835264 terminal.py:91] [Evaluator] Actor Episodes = 38910 | Actor Steps = 1945500 | Delta Dist = 12.123 | Delta Dist 10 = 11.119 | Delta Dist 100 = 11.636 | Delta Dist 1000 = 11.685 | Episode Length = 50 | Episode Return = 31.0 | Evaluator Episodes = 9858 | Evaluator Steps = 492900 | Final Dist = 0.683 | Final Dist 10 = 1.687 | Final Dist 100 = 1.171 | Final Dist 1000 = 1.121 | Init Dist = 12.806 | Init Dist 10 = 12.806 | Init Dist 100 = 12.806 | Init Dist 1000 = 12.806 | Learner Steps = 30242 | Learner Walltime = 5972.821 | Min Dist = 0.056 | Min Dist 10 = 1.003 | Min Dist 100 = 0.498 | Min Dist 1000 = 0.473 | Steps Per Second = 84.575 | Success = 1.000 | Success 1000 = 0.950
I0502 16:45:49.448968 139555013154368 terminal.py:91] [Learner] Actor Episodes = 38904 | Actor Loss = 3.7578682899475098 | Actor Steps = 1945200 | Binary Accuracy = 0.9960269927978516 | Categorical Accuracy = 0.42633056640625 | Critic Loss = 1.7546794414520264 | Entropy Mean = -21.84356689453125 | Evaluator Episodes = 9856 | Evaluator Steps = 492800 | Learner Steps = 30247 | Learner Walltime = 5973.647 | Logits Neg = -17.506603240966797 | Logits Pos = -1.736515760421753 | Logsumexp = 1.0366990566253662 | Steps Per Second = 1046.789
I0502 16:45:49.910451 139557462840896 terminal.py:91] [Actor] Actor Episodes = 38911 | Actor Steps = 1945550 | Delta Dist = 3.976 | Delta Dist 10 = 3.705 | Delta Dist 100 = 4.902 | Delta Dist 1000 = 4.535 | Episode Length = 50 | Episode Return = 32.0 | Evaluator Episodes = 9856 | Evaluator Steps = 492800 | Final Dist = 1.024 | Final Dist 10 = 1.969 | Final Dist 100 = 1.341 | Final Dist 1000 = 1.485 | Init Dist = 5.000 | Init Dist 10 = 5.674 | Init Dist 100 = 6.243 | Init Dist 1000 = 6.019 | Learner Steps = 30242 | Learner Walltime = 5972.821 | Min Dist = 0.149 | Min Dist 10 = 0.087 | Min Dist 100 = 0.137 | Min Dist 1000 = 0.188 | Steps Per Second = 91.565 | Success = 1.000 | Success 1000 = 0.983
I0502 16:45:50.538604 139579566835264 terminal.py:91] [Evaluator] Actor Episodes = 38916 | Actor Steps = 1945800 | Delta Dist = 11.133 | Delta Dist 10 = 11.199 | Delta Dist 100 = 11.647 | Delta Dist 1000 = 11.685 | Episode Length = 50 | Episode Return = 12.0 | Evaluator Episodes = 9860 | Evaluator Steps = 493000 | Final Dist = 1.673 | Final Dist 10 = 1.607 | Final Dist 100 = 1.159 | Final Dist 1000 = 1.121 | Init Dist = 12.806 | Init Dist 10 = 12.806 | Init Dist 100 = 12.806 | Init Dist 1000 = 12.806 | Learner Steps = 30248 | Learner Walltime = 5974.114 | Min Dist = 0.708 | Min Dist 10 = 0.978 | Min Dist 100 = 0.496 | Min Dist 1000 = 0.473 | Steps Per Second = 83.435 | Success = 1.000 | Success 1000 = 0.950
I0502 16:45:51.475703 139555860620864 terminal.py:91] [Actor] Actor Episodes = 38921 | Actor Steps = 1946050 | Delta Dist = 5.178 | Delta Dist 10 = 2.327 | Delta Dist 100 = 4.603 | Delta Dist 1000 = 4.512 | Episode Length = 50 | Episode Return = 38.0 | Evaluator Episodes = 9860 | Evaluator Steps = 493000 | Final Dist = 1.147 | Final Dist 10 = 3.306 | Final Dist 100 = 1.563 | Final Dist 1000 = 1.508 | Init Dist = 6.325 | Init Dist 10 = 5.633 | Init Dist 100 = 6.166 | Init Dist 1000 = 6.020 | Learner Steps = 30248 | Learner Walltime = 5974.114 | Min Dist = 0.087 | Min Dist 10 = 1.089 | Min Dist 100 = 0.237 | Min Dist 1000 = 0.198 | Steps Per Second = 93.885 | Success = 1.000 | Success 1000 = 0.983
I0502 16:45:51.736557 139579566835264 terminal.py:91] [Evaluator] Actor Episodes = 38924 | Actor Steps = 1946200 | Delta Dist = 11.492 | Delta Dist 10 = 11.162 | Delta Dist 100 = 11.639 | Delta Dist 1000 = 11.685 | Episode Length = 50 | Episode Return = 16.0 | Evaluator Episodes = 9862 | Evaluator Steps = 493100 | Final Dist = 1.314 | Final Dist 10 = 1.644 | Final Dist 100 = 1.167 | Final Dist 1000 = 1.122 | Init Dist = 12.806 | Init Dist 10 = 12.806 | Init Dist 100 = 12.806 | Init Dist 1000 = 12.806 | Learner Steps = 30254 | Learner Walltime = 5975.254 | Min Dist = 0.061 | Min Dist 10 = 1.023 | Min Dist 100 = 0.503 | Min Dist 1000 = 0.474 | Steps Per Second = 83.605 | Success = 1.000 | Success 1000 = 0.950
I0502 16:45:52.888066 139579566835264 terminal.py:91] [Evaluator] Actor Episodes = 38932 | Actor Steps = 1946600 | Delta Dist = 11.615 | Delta Dist 10 = 10.992 | Delta Dist 100 = 11.628 | Delta Dist 1000 = 11.689 | Episode Length = 50 | Episode Return = 5.0 | Evaluator Episodes = 9864 | Evaluator Steps = 493200 | Final Dist = 1.191 | Final Dist 10 = 1.814 | Final Dist 100 = 1.178 | Final Dist 1000 = 1.117 | Init Dist = 12.806 | Init Dist 10 = 12.806 | Init Dist 100 = 12.806 | Init Dist 1000 = 12.806 | Learner Steps = 30261 | Learner Walltime = 5976.649 | Min Dist = 0.539 | Min Dist 10 = 0.974 | Min Dist 100 = 0.496 | Min Dist 1000 = 0.469 | Steps Per Second = 86.891 | Success = 1.000 | Success 1000 = 0.951
I0502 16:45:54.089947 139579566835264 terminal.py:91] [Evaluator] Actor Episodes = 38940 | Actor Steps = 1947000 | Delta Dist = 12.343 | Delta Dist 10 = 10.875 | Delta Dist 100 = 11.624 | Delta Dist 1000 = 11.688 | Episode Length = 50 | Episode Return = 23.0 | Evaluator Episodes = 9866 | Evaluator Steps = 493300 | Final Dist = 0.463 | Final Dist 10 = 1.932 | Final Dist 100 = 1.182 | Final Dist 1000 = 1.118 | Init Dist = 12.806 | Init Dist 10 = 12.806 | Init Dist 100 = 12.806 | Init Dist 1000 = 12.806 | Learner Steps = 30268 | Learner Walltime = 5977.882 | Min Dist = 0.085 | Min Dist 10 = 1.009 | Min Dist 100 = 0.503 | Min Dist 1000 = 0.470 | Steps Per Second = 80.525 | Success = 1.000 | Success 1000 = 0.951
I0502 16:45:55.293449 139579566835264 terminal.py:91] [Evaluator] Actor Episodes = 38948 | Actor Steps = 1947400 | Delta Dist = 11.490 | Delta Dist 10 = 11.773 | Delta Dist 100 = 11.620 | Delta Dist 1000 = 11.688 | Episode Length = 50 | Episode Return = 9.0 | Evaluator Episodes = 9868 | Evaluator Steps = 493400 | Final Dist = 1.316 | Final Dist 10 = 1.033 | Final Dist 100 = 1.186 | Final Dist 1000 = 1.118 | Init Dist = 12.806 | Init Dist 10 = 12.806 | Init Dist 100 = 12.806 | Init Dist 1000 = 12.806 | Learner Steps = 30273 | Learner Walltime = 5978.954 | Min Dist = 0.707 | Min Dist 10 = 0.236 | Min Dist 100 = 0.502 | Min Dist 1000 = 0.470 | Steps Per Second = 88.766 | Success = 1.000 | Success 1000 = 0.951
I0502 16:45:55.452830 139558059398720 terminal.py:91] [Actor] Actor Episodes = 38949 | Actor Steps = 1947450 | Delta Dist = 11.436 | Delta Dist 10 = 5.003 | Delta Dist 100 = 4.511 | Delta Dist 1000 = 4.511 | Episode Length = 50 | Episode Return = 44.0 | Evaluator Episodes = 9866 | Evaluator Steps = 493300 | Final Dist = 0.606 | Final Dist 10 = 1.453 | Final Dist 100 = 1.722 | Final Dist 1000 = 1.544 | Init Dist = 12.042 | Init Dist 10 = 6.456 | Init Dist 100 = 6.234 | Init Dist 1000 = 6.055 | Learner Steps = 30273 | Learner Walltime = 5978.954 | Min Dist = 0.035 | Min Dist 10 = 0.199 | Min Dist 100 = 0.302 | Min Dist 1000 = 0.210 | Steps Per Second = 80.166 | Success = 1.000 | Success 1000 = 0.983
I0502 16:45:56.085695 139584504182336 lp_utils.py:96] StepsLimiter: Reached 1947800 recorded steps
I0502 16:45:56.457134 139579566835264 terminal.py:91] [Evaluator] Actor Episodes = 38956 | Actor Steps = 1947800 | Delta Dist = 11.413 | Delta Dist 10 = 11.710 | Delta Dist 100 = 11.620 | Delta Dist 1000 = 11.687 | Episode Length = 50 | Episode Return = 16.0 | Evaluator Episodes = 9870 | Evaluator Steps = 493500 | Final Dist = 1.393 | Final Dist 10 = 1.096 | Final Dist 100 = 1.186 | Final Dist 1000 = 1.119 | Init Dist = 12.806 | Init Dist 10 = 12.806 | Init Dist 100 = 12.806 | Init Dist 1000 = 12.806 | Learner Steps = 30279 | Learner Walltime = 5980.087 | Min Dist = 0.221 | Min Dist 10 = 0.326 | Min Dist 100 = 0.505 | Min Dist 1000 = 0.471 | Steps Per Second = 78.067 | Success = 1.000 | Success 1000 = 0.951
I0502 16:45:57.522324 139579566835264 terminal.py:91] [Evaluator] Actor Episodes = 38964 | Actor Steps = 1948200 | Delta Dist = 11.744 | Delta Dist 10 = 11.752 | Delta Dist 100 = 11.628 | Delta Dist 1000 = 11.687 | Episode Length = 50 | Episode Return = 2.0 | Evaluator Episodes = 9872 | Evaluator Steps = 493600 | Final Dist = 1.062 | Final Dist 10 = 1.054 | Final Dist 100 = 1.178 | Final Dist 1000 = 1.119 | Init Dist = 12.806 | Init Dist 10 = 12.806 | Init Dist 100 = 12.806 | Init Dist 1000 = 12.806 | Learner Steps = 30285 | Learner Walltime = 5981.089 | Min Dist = 0.291 | Min Dist 10 = 0.284 | Min Dist 100 = 0.501 | Min Dist 1000 = 0.471 | Steps Per Second = 99.423 | Success = 1.000 | Success 1000 = 0.951
I0502 16:45:57.678984 139569349502528 terminal.py:91] [Actor] Actor Episodes = 38963 | Actor Steps = 1948150 | Delta Dist = 6.001 | Delta Dist 10 = 3.294 | Delta Dist 100 = 4.337 | Delta Dist 1000 = 4.496 | Episode Length = 50 | Episode Return = 0.0 | Evaluator Episodes = 9870 | Evaluator Steps = 493500 | Final Dist = 2.061 | Final Dist 10 = 2.507 | Final Dist 100 = 1.854 | Final Dist 1000 = 1.566 | Init Dist = 8.062 | Init Dist 10 = 5.802 | Init Dist 100 = 6.191 | Init Dist 1000 = 6.063 | Learner Steps = 30285 | Learner Walltime = 5981.089 | Min Dist = 0.031 | Min Dist 10 = 0.152 | Min Dist 100 = 0.308 | Min Dist 1000 = 0.209 | Steps Per Second = 88.472 | Success = 1.000 | Success 1000 = 0.982
I0502 16:45:58.595626 139579566835264 terminal.py:91] [Evaluator] Actor Episodes = 38972 | Actor Steps = 1948600 | Delta Dist = 11.240 | Delta Dist 10 = 11.743 | Delta Dist 100 = 11.614 | Delta Dist 1000 = 11.687 | Episode Length = 50 | Episode Return = 17.0 | Evaluator Episodes = 9874 | Evaluator Steps = 493700 | Final Dist = 1.567 | Final Dist 10 = 1.064 | Final Dist 100 = 1.192 | Final Dist 1000 = 1.119 | Init Dist = 12.806 | Init Dist 10 = 12.806 | Init Dist 100 = 12.806 | Init Dist 1000 = 12.806 | Learner Steps = 30291 | Learner Walltime = 5982.178 | Min Dist = 0.544 | Min Dist 10 = 0.327 | Min Dist 100 = 0.504 | Min Dist 1000 = 0.471 | Steps Per Second = 85.489 | Success = 1.000 | Success 1000 = 0.951
I0502 16:45:59.608906 139555013154368 terminal.py:91] [Learner] Actor Episodes = 38972 | Actor Loss = 3.6498196125030518 | Actor Steps = 1948600 | Binary Accuracy = 0.9959588050842285 | Categorical Accuracy = 0.4078369140625 | Critic Loss = 1.812726616859436 | Entropy Mean = -22.407318115234375 | Evaluator Episodes = 9874 | Evaluator Steps = 493700 | Learner Steps = 30297 | Learner Walltime = 5983.804 | Logits Neg = -17.17041778564453 | Logits Pos = -1.771086573600769 | Logsumexp = 1.2253694534301758 | Steps Per Second = 140.052
I0502 16:45:59.731685 139579566835264 terminal.py:91] [Evaluator] Actor Episodes = 38980 | Actor Steps = 1949000 | Delta Dist = 11.432 | Delta Dist 10 = 11.811 | Delta Dist 100 = 11.616 | Delta Dist 1000 = 11.691 | Episode Length = 50 | Episode Return = 9.0 | Evaluator Episodes = 9876 | Evaluator Steps = 493800 | Final Dist = 1.374 | Final Dist 10 = 0.995 | Final Dist 100 = 1.190 | Final Dist 1000 = 1.115 | Init Dist = 12.806 | Init Dist 10 = 12.806 | Init Dist 100 = 12.806 | Init Dist 1000 = 12.806 | Learner Steps = 30295 | Learner Walltime = 5983.256 | Min Dist = 0.349 | Min Dist 10 = 0.307 | Min Dist 100 = 0.498 | Min Dist 1000 = 0.467 | Steps Per Second = 94.932 | Success = 1.000 | Success 1000 = 0.952
I0502 16:46:00.418477 139557462840896 terminal.py:91] [Actor] Actor Episodes = 38982 | Actor Steps = 1949100 | Delta Dist = 3.722 | Delta Dist 10 = 5.419 | Delta Dist 100 = 4.372 | Delta Dist 1000 = 4.507 | Episode Length = 50 | Episode Return = 28.0 | Evaluator Episodes = 9876 | Evaluator Steps = 493800 | Final Dist = 0.401 | Final Dist 10 = 1.047 | Final Dist 100 = 1.817 | Final Dist 1000 = 1.552 | Init Dist = 4.123 | Init Dist 10 = 6.466 | Init Dist 100 = 6.189 | Init Dist 1000 = 6.059 | Learner Steps = 30301 | Learner Walltime = 5984.518 | Min Dist = 0.130 | Min Dist 10 = 0.096 | Min Dist 100 = 0.301 | Min Dist 1000 = 0.200 | Steps Per Second = 67.928 | Success = 1.000 | Success 1000 = 0.984
I0502 16:46:00.991473 139579566835264 terminal.py:91] [Evaluator] Actor Episodes = 38988 | Actor Steps = 1949400 | Delta Dist = 12.333 | Delta Dist 10 = 10.965 | Delta Dist 100 = 11.532 | Delta Dist 1000 = 11.684 | Episode Length = 50 | Episode Return = 19.0 | Evaluator Episodes = 9878 | Evaluator Steps = 493900 | Final Dist = 0.473 | Final Dist 10 = 1.841 | Final Dist 100 = 1.275 | Final Dist 1000 = 1.122 | Init Dist = 12.806 | Init Dist 10 = 12.806 | Init Dist 100 = 12.806 | Init Dist 1000 = 12.806 | Learner Steps = 30301 | Learner Walltime = 5984.518 | Min Dist = 0.030 | Min Dist 10 = 1.152 | Min Dist 100 = 0.582 | Min Dist 1000 = 0.475 | Steps Per Second = 84.717 | Success = 1.000 | Success 1000 = 0.951
I0502 16:46:02.012572 139555860620864 terminal.py:91] [Actor] Actor Episodes = 38992 | Actor Steps = 1949600 | Delta Dist = 0.690 | Delta Dist 10 = 4.566 | Delta Dist 100 = 4.356 | Delta Dist 1000 = 4.505 | Episode Length = 50 | Episode Return = 34.0 | Evaluator Episodes = 9878 | Evaluator Steps = 493900 | Final Dist = 0.310 | Final Dist 10 = 0.782 | Final Dist 100 = 1.689 | Final Dist 1000 = 1.542 | Init Dist = 1.000 | Init Dist 10 = 5.347 | Init Dist 100 = 6.045 | Init Dist 1000 = 6.047 | Learner Steps = 30308 | Learner Walltime = 5985.826 | Min Dist = 0.044 | Min Dist 10 = 0.041 | Min Dist 100 = 0.295 | Min Dist 1000 = 0.200 | Steps Per Second = 81.286 | Success = 1.000 | Success 1000 = 0.984
I0502 16:46:02.163110 139579566835264 terminal.py:91] [Evaluator] Actor Episodes = 38996 | Actor Steps = 1949800 | Delta Dist = 3.173 | Delta Dist 10 = 10.992 | Delta Dist 100 = 11.541 | Delta Dist 1000 = 11.685 | Episode Length = 50 | Episode Return = 0.0 | Evaluator Episodes = 9880 | Evaluator Steps = 494000 | Final Dist = 9.633 | Final Dist 10 = 1.815 | Final Dist 100 = 1.266 | Final Dist 1000 = 1.121 | Init Dist = 12.806 | Init Dist 10 = 12.806 | Init Dist 100 = 12.806 | Init Dist 1000 = 12.806 | Learner Steps = 30308 | Learner Walltime = 5985.826 | Min Dist = 8.347 | Min Dist 10 = 1.096 | Min Dist 100 = 0.575 | Min Dist 1000 = 0.475 | Steps Per Second = 79.266 | Success = 0.000 | Success 1000 = 0.951
I0502 16:46:03.349200 139579566835264 terminal.py:91] [Evaluator] Actor Episodes = 39002 | Actor Steps = 1950100 | Delta Dist = 11.791 | Delta Dist 10 = 10.150 | Delta Dist 100 = 11.518 | Delta Dist 1000 = 11.677 | Episode Length = 50 | Episode Return = 18.0 | Evaluator Episodes = 9882 | Evaluator Steps = 494100 | Final Dist = 1.015 | Final Dist 10 = 2.656 | Final Dist 100 = 1.288 | Final Dist 1000 = 1.129 | Init Dist = 12.806 | Init Dist 10 = 12.806 | Init Dist 100 = 12.806 | Init Dist 1000 = 12.806 | Learner Steps = 30314 | Learner Walltime = 5986.987 | Min Dist = 0.089 | Min Dist 10 = 1.875 | Min Dist 100 = 0.591 | Min Dist 1000 = 0.483 | Steps Per Second = 80.643 | Success = 1.000 | Success 1000 = 0.950
I0502 16:46:04.540381 139579566835264 terminal.py:91] [Evaluator] Actor Episodes = 39008 | Actor Steps = 1950400 | Delta Dist = 11.311 | Delta Dist 10 = 10.211 | Delta Dist 100 = 11.524 | Delta Dist 1000 = 11.676 | Episode Length = 50 | Episode Return = 9.0 | Evaluator Episodes = 9884 | Evaluator Steps = 494200 | Final Dist = 1.495 | Final Dist 10 = 2.595 | Final Dist 100 = 1.283 | Final Dist 1000 = 1.130 | Init Dist = 12.806 | Init Dist 10 = 12.806 | Init Dist 100 = 12.806 | Init Dist 1000 = 12.806 | Learner Steps = 30320 | Learner Walltime = 5988.284 | Min Dist = 0.133 | Min Dist 10 = 1.846 | Min Dist 100 = 0.591 | Min Dist 1000 = 0.483 | Steps Per Second = 91.775 | Success = 1.000 | Success 1000 = 0.950
I0502 16:46:05.618826 139558059398720 terminal.py:91] [Actor] Actor Episodes = 39016 | Actor Steps = 1950800 | Delta Dist = 9.799 | Delta Dist 10 = 3.251 | Delta Dist 100 = 4.368 | Delta Dist 1000 = 4.494 | Episode Length = 50 | Episode Return = 36.0 | Evaluator Episodes = 9884 | Evaluator Steps = 494200 | Final Dist = 0.399 | Final Dist 10 = 2.869 | Final Dist 100 = 1.779 | Final Dist 1000 = 1.561 | Init Dist = 10.198 | Init Dist 10 = 6.120 | Init Dist 100 = 6.147 | Init Dist 1000 = 6.056 | Learner Steps = 30326 | Learner Walltime = 5989.319 | Min Dist = 0.061 | Min Dist 10 = 0.185 | Min Dist 100 = 0.309 | Min Dist 1000 = 0.198 | Steps Per Second = 83.488 | Success = 1.000 | Success 1000 = 0.985
I0502 16:46:05.619809 139579566835264 terminal.py:91] [Evaluator] Actor Episodes = 39016 | Actor Steps = 1950800 | Delta Dist = 11.521 | Delta Dist 10 = 10.226 | Delta Dist 100 = 11.515 | Delta Dist 1000 = 11.676 | Episode Length = 50 | Episode Return = 26.0 | Evaluator Episodes = 9886 | Evaluator Steps = 494300 | Final Dist = 1.285 | Final Dist 10 = 2.580 | Final Dist 100 = 1.292 | Final Dist 1000 = 1.130 | Init Dist = 12.806 | Init Dist 10 = 12.806 | Init Dist 100 = 12.806 | Init Dist 1000 = 12.806 | Learner Steps = 30326 | Learner Walltime = 5989.319 | Min Dist = 0.141 | Min Dist 10 = 1.813 | Min Dist 100 = 0.591 | Min Dist 1000 = 0.483 | Steps Per Second = 84.968 | Success = 1.000 | Success 1000 = 0.950
I0502 16:46:06.106030 139584504182336 lp_utils.py:96] StepsLimiter: Reached 1951000 recorded steps
I0502 16:46:06.732192 139579566835264 terminal.py:91] [Evaluator] Actor Episodes = 39022 | Actor Steps = 1951100 | Delta Dist = 11.446 | Delta Dist 10 = 10.991 | Delta Dist 100 = 11.497 | Delta Dist 1000 = 11.674 | Episode Length = 50 | Episode Return = 7.0 | Evaluator Episodes = 9888 | Evaluator Steps = 494400 | Final Dist = 1.360 | Final Dist 10 = 1.815 | Final Dist 100 = 1.309 | Final Dist 1000 = 1.132 | Init Dist = 12.806 | Init Dist 10 = 12.806 | Init Dist 100 = 12.806 | Init Dist 1000 = 12.806 | Learner Steps = 30332 | Learner Walltime = 5990.525 | Min Dist = 0.409 | Min Dist 10 = 0.974 | Min Dist 100 = 0.592 | Min Dist 1000 = 0.483 | Steps Per Second = 87.952 | Success = 1.000 | Success 1000 = 0.950
I0502 16:46:08.033440 139579566835264 terminal.py:91] [Evaluator] Actor Episodes = 39032 | Actor Steps = 1951600 | Delta Dist = 11.393 | Delta Dist 10 = 10.940 | Delta Dist 100 = 11.481 | Delta Dist 1000 = 11.682 | Episode Length = 50 | Episode Return = 0.0 | Evaluator Episodes = 9890 | Evaluator Steps = 494500 | Final Dist = 1.413 | Final Dist 10 = 1.866 | Final Dist 100 = 1.325 | Final Dist 1000 = 1.124 | Init Dist = 12.806 | Init Dist 10 = 12.806 | Init Dist 100 = 12.806 | Init Dist 1000 = 12.806 | Learner Steps = 30339 | Learner Walltime = 5991.754 | Min Dist = 1.413 | Min Dist 10 = 0.984 | Min Dist 100 = 0.595 | Min Dist 1000 = 0.475 | Steps Per Second = 74.960 | Success = 0.000 | Success 1000 = 0.951
I0502 16:46:08.174813 139569349502528 terminal.py:91] [Actor] Actor Episodes = 39036 | Actor Steps = 1951800 | Delta Dist = 4.113 | Delta Dist 10 = 3.501 | Delta Dist 100 = 4.510 | Delta Dist 1000 = 4.500 | Episode Length = 50 | Episode Return = 0.0 | Evaluator Episodes = 9890 | Evaluator Steps = 494500 | Final Dist = 4.489 | Final Dist 10 = 4.058 | Final Dist 100 = 1.858 | Final Dist 1000 = 1.578 | Init Dist = 8.602 | Init Dist 10 = 7.559 | Init Dist 100 = 6.369 | Init Dist 1000 = 6.078 | Learner Steps = 30339 | Learner Walltime = 5991.754 | Min Dist = 0.026 | Min Dist 10 = 0.586 | Min Dist 100 = 0.173 | Min Dist 1000 = 0.197 | Steps Per Second = 79.557 | Success = 1.000 | Success 1000 = 0.986
I0502 16:46:09.246272 139579566835264 terminal.py:91] [Evaluator] Actor Episodes = 39040 | Actor Steps = 1952000 | Delta Dist = 12.271 | Delta Dist 10 = 11.673 | Delta Dist 100 = 11.467 | Delta Dist 1000 = 11.681 | Episode Length = 50 | Episode Return = 19.0 | Evaluator Episodes = 9892 | Evaluator Steps = 494600 | Final Dist = 0.535 | Final Dist 10 = 1.133 | Final Dist 100 = 1.339 | Final Dist 1000 = 1.126 | Init Dist = 12.806 | Init Dist 10 = 12.806 | Init Dist 100 = 12.806 | Init Dist 1000 = 12.806 | Learner Steps = 30344 | Learner Walltime = 5992.883 | Min Dist = 0.030 | Min Dist 10 = 0.306 | Min Dist 100 = 0.607 | Min Dist 1000 = 0.476 | Steps Per Second = 77.360 | Success = 1.000 | Success 1000 = 0.950
I0502 16:46:09.654377 139555013154368 terminal.py:91] [Learner] Actor Episodes = 39036 | Actor Loss = 3.765186309814453 | Actor Steps = 1951800 | Binary Accuracy = 0.9960873126983643 | Categorical Accuracy = 0.4205322265625 | Critic Loss = 1.7832417488098145 | Entropy Mean = -21.743621826171875 | Evaluator Episodes = 9890 | Evaluator Steps = 494500 | Learner Steps = 30350 | Learner Walltime = 5993.852 | Logits Neg = -17.322837829589844 | Logits Pos = -1.7781972885131836 | Logsumexp = 1.0385159254074097 | Steps Per Second = 647.191
I0502 16:46:10.417804 139579566835264 terminal.py:91] [Evaluator] Actor Episodes = 39046 | Actor Steps = 1952300 | Delta Dist = 4.164 | Delta Dist 10 = 11.693 | Delta Dist 100 = 11.475 | Delta Dist 1000 = 11.681 | Episode Length = 50 | Episode Return = 0.0 | Evaluator Episodes = 9894 | Evaluator Steps = 494700 | Final Dist = 8.642 | Final Dist 10 = 1.113 | Final Dist 100 = 1.331 | Final Dist 1000 = 1.125 | Init Dist = 12.806 | Init Dist 10 = 12.806 | Init Dist 100 = 12.806 | Init Dist 1000 = 12.806 | Learner Steps = 30351 | Learner Walltime = 5994.236 | Min Dist = 8.622 | Min Dist 10 = 0.308 | Min Dist 100 = 0.603 | Min Dist 1000 = 0.476 | Steps Per Second = 83.138 | Success = 0.000 | Success 1000 = 0.950
I0502 16:46:10.673855 139557462840896 terminal.py:91] [Actor] Actor Episodes = 39047 | Actor Steps = 1952350 | Delta Dist = 5.840 | Delta Dist 10 = 5.166 | Delta Dist 100 = 4.496 | Delta Dist 1000 = 4.505 | Episode Length = 50 | Episode Return = 5.0 | Evaluator Episodes = 9892 | Evaluator Steps = 494600 | Final Dist = 1.971 | Final Dist 10 = 1.231 | Final Dist 100 = 1.906 | Final Dist 1000 = 1.589 | Init Dist = 7.810 | Init Dist 10 = 6.397 | Init Dist 100 = 6.402 | Init Dist 1000 = 6.094 | Learner Steps = 30351 | Learner Walltime = 5994.236 | Min Dist = 0.012 | Min Dist 10 = 0.108 | Min Dist 100 = 0.162 | Min Dist 1000 = 0.197 | Steps Per Second = 89.905 | Success = 1.000 | Success 1000 = 0.987
I0502 16:46:11.675001 139579566835264 terminal.py:91] [Evaluator] Actor Episodes = 39054 | Actor Steps = 1952700 | Delta Dist = 11.787 | Delta Dist 10 = 11.020 | Delta Dist 100 = 11.409 | Delta Dist 1000 = 11.675 | Episode Length = 50 | Episode Return = 25.0 | Evaluator Episodes = 9896 | Evaluator Steps = 494800 | Final Dist = 1.019 | Final Dist 10 = 1.786 | Final Dist 100 = 1.398 | Final Dist 1000 = 1.132 | Init Dist = 12.806 | Init Dist 10 = 12.806 | Init Dist 100 = 12.806 | Init Dist 1000 = 12.806 | Learner Steps = 30357 | Learner Walltime = 5995.397 | Min Dist = 0.471 | Min Dist 10 = 1.149 | Min Dist 100 = 0.686 | Min Dist 1000 = 0.484 | Steps Per Second = 77.205 | Success = 1.000 | Success 1000 = 0.949
I0502 16:46:12.454580 139555860620864 terminal.py:91] [Actor] Actor Episodes = 39059 | Actor Steps = 1952950 | Delta Dist = 8.102 | Delta Dist 10 = 5.591 | Delta Dist 100 = 4.619 | Delta Dist 1000 = 4.513 | Episode Length = 50 | Episode Return = 34.0 | Evaluator Episodes = 9896 | Evaluator Steps = 494800 | Final Dist = 0.145 | Final Dist 10 = 1.678 | Final Dist 100 = 1.854 | Final Dist 1000 = 1.599 | Init Dist = 8.246 | Init Dist 10 = 7.268 | Init Dist 100 = 6.473 | Init Dist 1000 = 6.112 | Learner Steps = 30357 | Learner Walltime = 5995.397 | Min Dist = 0.098 | Min Dist 10 = 1.143 | Min Dist 100 = 0.260 | Min Dist 1000 = 0.208 | Steps Per Second = 75.330 | Success = 1.000 | Success 1000 = 0.987
I0502 16:46:12.939188 139579566835264 terminal.py:91] [Evaluator] Actor Episodes = 39062 | Actor Steps = 1953100 | Delta Dist = 3.205 | Delta Dist 10 = 11.057 | Delta Dist 100 = 11.408 | Delta Dist 1000 = 11.673 | Episode Length = 50 | Episode Return = 0.0 | Evaluator Episodes = 9898 | Evaluator Steps = 494900 | Final Dist = 9.601 | Final Dist 10 = 1.749 | Final Dist 100 = 1.398 | Final Dist 1000 = 1.133 | Init Dist = 12.806 | Init Dist 10 = 12.806 | Init Dist 100 = 12.806 | Init Dist 1000 = 12.806 | Learner Steps = 30363 | Learner Walltime = 5996.634 | Min Dist = 8.000 | Min Dist 10 = 1.204 | Min Dist 100 = 0.692 | Min Dist 1000 = 0.485 | Steps Per Second = 81.917 | Success = 0.000 | Success 1000 = 0.949
I0502 16:46:14.168585 139579566835264 terminal.py:91] [Evaluator] Actor Episodes = 39070 | Actor Steps = 1953500 | Delta Dist = 11.319 | Delta Dist 10 = 10.185 | Delta Dist 100 = 11.322 | Delta Dist 1000 = 11.665 | Episode Length = 50 | Episode Return = 16.0 | Evaluator Episodes = 9900 | Evaluator Steps = 495000 | Final Dist = 1.487 | Final Dist 10 = 2.621 | Final Dist 100 = 1.484 | Final Dist 1000 = 1.142 | Init Dist = 12.806 | Init Dist 10 = 12.806 | Init Dist 100 = 12.806 | Init Dist 1000 = 12.806 | Learner Steps = 30370 | Learner Walltime = 5998.078 | Min Dist = 0.669 | Min Dist 10 = 2.023 | Min Dist 100 = 0.774 | Min Dist 1000 = 0.493 | Steps Per Second = 86.635 | Success = 1.000 | Success 1000 = 0.948
I0502 16:46:15.139855 139584635659840 savers.py:156] Saving checkpoint: logs/contrastive_cpc_point_FourRooms_64/5dd72662-2788-11f0-b183-d85ed38c5779/checkpoints/counter
I0502 16:46:15.474668 139579566835264 terminal.py:91] [Evaluator] Actor Episodes = 39080 | Actor Steps = 1954000 | Delta Dist = 11.820 | Delta Dist 10 = 10.263 | Delta Dist 100 = 11.324 | Delta Dist 1000 = 11.664 | Episode Length = 50 | Episode Return = 15.0 | Evaluator Episodes = 9902 | Evaluator Steps = 495100 | Final Dist = 0.986 | Final Dist 10 = 2.543 | Final Dist 100 = 1.482 | Final Dist 1000 = 1.142 | Init Dist = 12.806 | Init Dist 10 = 12.806 | Init Dist 100 = 12.806 | Init Dist 1000 = 12.806 | Learner Steps = 30376 | Learner Walltime = 5999.305 | Min Dist = 0.411 | Min Dist 10 = 1.944 | Min Dist 100 = 0.781 | Min Dist 1000 = 0.493 | Steps Per Second = 79.238 | Success = 1.000 | Success 1000 = 0.948
I0502 16:46:16.050336 139558059398720 terminal.py:91] [Actor] Actor Episodes = 39081 | Actor Steps = 1954050 | Delta Dist = 7.416 | Delta Dist 10 = 3.320 | Delta Dist 100 = 4.490 | Delta Dist 1000 = 4.487 | Episode Length = 50 | Episode Return = 25.0 | Evaluator Episodes = 9900 | Evaluator Steps = 495000 | Final Dist = 1.069 | Final Dist 10 = 2.190 | Final Dist 100 = 1.965 | Final Dist 1000 = 1.595 | Init Dist = 8.485 | Init Dist 10 = 5.510 | Init Dist 100 = 6.455 | Init Dist 1000 = 6.083 | Learner Steps = 30376 | Learner Walltime = 5999.305 | Min Dist = 0.038 | Min Dist 10 = 0.321 | Min Dist 100 = 0.318 | Min Dist 1000 = 0.214 | Steps Per Second = 83.487 | Success = 1.000 | Success 1000 = 0.986
I0502 16:46:16.126732 139584504182336 lp_utils.py:96] StepsLimiter: Reached 1954200 recorded steps
I0502 16:46:16.730959 139579566835264 terminal.py:91] [Evaluator] Actor Episodes = 39088 | Actor Steps = 1954400 | Delta Dist = 12.001 | Delta Dist 10 = 10.289 | Delta Dist 100 = 11.334 | Delta Dist 1000 = 11.664 | Episode Length = 50 | Episode Return = 19.0 | Evaluator Episodes = 9904 | Evaluator Steps = 495200 | Final Dist = 0.805 | Final Dist 10 = 2.518 | Final Dist 100 = 1.472 | Final Dist 1000 = 1.142 | Init Dist = 12.806 | Init Dist 10 = 12.806 | Init Dist 100 = 12.806 | Init Dist 1000 = 12.806 | Learner Steps = 30382 | Learner Walltime = 6000.369 | Min Dist = 0.177 | Min Dist 10 = 1.981 | Min Dist 100 = 0.775 | Min Dist 1000 = 0.493 | Steps Per Second = 81.965 | Success = 1.000 | Success 1000 = 0.948
I0502 16:46:17.942269 139579566835264 terminal.py:91] [Evaluator] Actor Episodes = 39096 | Actor Steps = 1954800 | Delta Dist = 12.204 | Delta Dist 10 = 11.043 | Delta Dist 100 = 11.350 | Delta Dist 1000 = 11.664 | Episode Length = 50 | Episode Return = 29.0 | Evaluator Episodes = 9906 | Evaluator Steps = 495300 | Final Dist = 0.603 | Final Dist 10 = 1.764 | Final Dist 100 = 1.456 | Final Dist 1000 = 1.142 | Init Dist = 12.806 | Init Dist 10 = 12.806 | Init Dist 100 = 12.806 | Init Dist 1000 = 12.806 | Learner Steps = 30387 | Learner Walltime = 6001.372 | Min Dist = 0.134 | Min Dist 10 = 1.137 | Min Dist 100 = 0.772 | Min Dist 1000 = 0.493 | Steps Per Second = 79.565 | Success = 1.000 | Success 1000 = 0.948
I0502 16:46:18.282411 139569349502528 terminal.py:91] [Actor] Actor Episodes = 39100 | Actor Steps = 1955000 | Delta Dist = 1.599 | Delta Dist 10 = 2.938 | Delta Dist 100 = 4.416 | Delta Dist 1000 = 4.463 | Episode Length = 50 | Episode Return = 25.0 | Evaluator Episodes = 9906 | Evaluator Steps = 495300 | Final Dist = 0.401 | Final Dist 10 = 1.106 | Final Dist 100 = 1.936 | Final Dist 1000 = 1.590 | Init Dist = 2.000 | Init Dist 10 = 4.044 | Init Dist 100 = 6.352 | Init Dist 1000 = 6.053 | Learner Steps = 30387 | Learner Walltime = 6001.372 | Min Dist = 0.098 | Min Dist 10 = 0.192 | Min Dist 100 = 0.329 | Min Dist 1000 = 0.215 | Steps Per Second = 87.802 | Success = 1.000 | Success 1000 = 0.986
I0502 16:46:19.094764 139579566835264 terminal.py:91] [Evaluator] Actor Episodes = 39104 | Actor Steps = 1955200 | Delta Dist = 11.675 | Delta Dist 10 = 11.121 | Delta Dist 100 = 11.354 | Delta Dist 1000 = 11.665 | Episode Length = 50 | Episode Return = 17.0 | Evaluator Episodes = 9908 | Evaluator Steps = 495400 | Final Dist = 1.132 | Final Dist 10 = 1.685 | Final Dist 100 = 1.452 | Final Dist 1000 = 1.141 | Init Dist = 12.806 | Init Dist 10 = 12.806 | Init Dist 100 = 12.806 | Init Dist 1000 = 12.806 | Learner Steps = 30393 | Learner Walltime = 6002.568 | Min Dist = 0.252 | Min Dist 10 = 1.064 | Min Dist 100 = 0.767 | Min Dist 1000 = 0.493 | Steps Per Second = 86.293 | Success = 1.000 | Success 1000 = 0.948
I0502 16:46:19.680239 139555013154368 terminal.py:91] [Learner] Actor Episodes = 39106 | Actor Loss = 3.658576488494873 | Actor Steps = 1955300 | Binary Accuracy = 0.9960911273956299 | Categorical Accuracy = 0.42486572265625 | Critic Loss = 1.8067189455032349 | Entropy Mean = -21.31638526916504 | Evaluator Episodes = 9908 | Evaluator Steps = 495400 | Learner Steps = 30401 | Learner Walltime = 6003.878 | Logits Neg = -16.94558334350586 | Logits Pos = -1.792593002319336 | Logsumexp = 1.0179898738861084 | Steps Per Second = 1162.652
I0502 16:46:20.185580 139579566835264 terminal.py:91] [Evaluator] Actor Episodes = 39112 | Actor Steps = 1955600 | Delta Dist = 11.721 | Delta Dist 10 = 12.007 | Delta Dist 100 = 11.350 | Delta Dist 1000 = 11.664 | Episode Length = 50 | Episode Return = 8.0 | Evaluator Episodes = 9910 | Evaluator Steps = 495500 | Final Dist = 1.085 | Final Dist 10 = 0.799 | Final Dist 100 = 1.456 | Final Dist 1000 = 1.143 | Init Dist = 12.806 | Init Dist 10 = 12.806 | Init Dist 100 = 12.806 | Init Dist 1000 = 12.806 | Learner Steps = 30399 | Learner Walltime = 6003.674 | Min Dist = 0.141 | Min Dist 10 = 0.232 | Min Dist 100 = 0.769 | Min Dist 1000 = 0.493 | Steps Per Second = 88.190 | Success = 1.000 | Success 1000 = 0.948
I0502 16:46:21.072774 139557462840896 terminal.py:91] [Actor] Actor Episodes = 39118 | Actor Steps = 1955900 | Delta Dist = 8.916 | Delta Dist 10 = 3.938 | Delta Dist 100 = 4.325 | Delta Dist 1000 = 4.443 | Episode Length = 50 | Episode Return = 26.0 | Evaluator Episodes = 9910 | Evaluator Steps = 495500 | Final Dist = 1.379 | Final Dist 10 = 1.569 | Final Dist 100 = 1.916 | Final Dist 1000 = 1.576 | Init Dist = 10.296 | Init Dist 10 = 5.507 | Init Dist 100 = 6.241 | Init Dist 1000 = 6.018 | Learner Steps = 30404 | Learner Walltime = 6004.772 | Min Dist = 0.041 | Min Dist 10 = 0.091 | Min Dist 100 = 0.319 | Min Dist 1000 = 0.215 | Steps Per Second = 86.508 | Success = 1.000 | Success 1000 = 0.986
I0502 16:46:21.452369 139579566835264 terminal.py:91] [Evaluator] Actor Episodes = 39120 | Actor Steps = 1956000 | Delta Dist = 11.913 | Delta Dist 10 = 11.141 | Delta Dist 100 = 11.315 | Delta Dist 1000 = 11.655 | Episode Length = 50 | Episode Return = 20.0 | Evaluator Episodes = 9912 | Evaluator Steps = 495600 | Final Dist = 0.894 | Final Dist 10 = 1.665 | Final Dist 100 = 1.491 | Final Dist 1000 = 1.152 | Init Dist = 12.806 | Init Dist 10 = 12.806 | Init Dist 100 = 12.806 | Init Dist 1000 = 12.806 | Learner Steps = 30404 | Learner Walltime = 6004.772 | Min Dist = 0.022 | Min Dist 10 = 0.974 | Min Dist 100 = 0.790 | Min Dist 1000 = 0.501 | Steps Per Second = 78.385 | Success = 1.000 | Success 1000 = 0.947
I0502 16:46:22.666243 139579566835264 terminal.py:91] [Evaluator] Actor Episodes = 39128 | Actor Steps = 1956400 | Delta Dist = 10.792 | Delta Dist 10 = 11.191 | Delta Dist 100 = 11.325 | Delta Dist 1000 = 11.654 | Episode Length = 50 | Episode Return = 0.0 | Evaluator Episodes = 9914 | Evaluator Steps = 495700 | Final Dist = 2.014 | Final Dist 10 = 1.616 | Final Dist 100 = 1.481 | Final Dist 1000 = 1.152 | Init Dist = 12.806 | Init Dist 10 = 12.806 | Init Dist 100 = 12.806 | Init Dist 1000 = 12.806 | Learner Steps = 30411 | Learner Walltime = 6006.011 | Min Dist = 2.014 | Min Dist 10 = 0.928 | Min Dist 100 = 0.788 | Min Dist 1000 = 0.501 | Steps Per Second = 83.088 | Success = 0.000 | Success 1000 = 0.947
I0502 16:46:22.995908 139555860620864 terminal.py:91] [Actor] Actor Episodes = 39130 | Actor Steps = 1956500 | Delta Dist = 5.869 | Delta Dist 10 = 4.983 | Delta Dist 100 = 4.446 | Delta Dist 1000 = 4.444 | Episode Length = 50 | Episode Return = 44.0 | Evaluator Episodes = 9914 | Evaluator Steps = 495700 | Final Dist = 0.213 | Final Dist 10 = 0.612 | Final Dist 100 = 1.513 | Final Dist 1000 = 1.567 | Init Dist = 6.083 | Init Dist 10 = 5.595 | Init Dist 100 = 5.959 | Init Dist 1000 = 6.011 | Learner Steps = 30411 | Learner Walltime = 6006.011 | Min Dist = 0.048 | Min Dist 10 = 0.138 | Min Dist 100 = 0.266 | Min Dist 1000 = 0.215 | Steps Per Second = 76.765 | Success = 1.000 | Success 1000 = 0.986
I0502 16:46:23.702817 139583350109760 savers.py:156] Saving checkpoint: logs/contrastive_cpc_point_FourRooms_64/5dd72662-2788-11f0-b183-d85ed38c5779/checkpoints/learner
I0502 16:46:23.986831 139579566835264 terminal.py:91] [Evaluator] Actor Episodes = 39136 | Actor Steps = 1956800 | Delta Dist = 11.799 | Delta Dist 10 = 10.979 | Delta Dist 100 = 11.378 | Delta Dist 1000 = 11.659 | Episode Length = 50 | Episode Return = 2.0 | Evaluator Episodes = 9916 | Evaluator Steps = 495800 | Final Dist = 1.008 | Final Dist 10 = 1.827 | Final Dist 100 = 1.428 | Final Dist 1000 = 1.147 | Init Dist = 12.806 | Init Dist 10 = 12.806 | Init Dist 100 = 12.806 | Init Dist 1000 = 12.806 | Learner Steps = 30418 | Learner Walltime = 6007.495 | Min Dist = 0.886 | Min Dist 10 = 1.130 | Min Dist 100 = 0.743 | Min Dist 1000 = 0.500 | Steps Per Second = 75.039 | Success = 1.000 | Success 1000 = 0.947
I0502 16:46:25.337693 139579566835264 terminal.py:91] [Evaluator] Actor Episodes = 39144 | Actor Steps = 1957200 | Delta Dist = 12.411 | Delta Dist 10 = 10.590 | Delta Dist 100 = 11.335 | Delta Dist 1000 = 11.655 | Episode Length = 50 | Episode Return = 13.0 | Evaluator Episodes = 9918 | Evaluator Steps = 495900 | Final Dist = 0.396 | Final Dist 10 = 2.216 | Final Dist 100 = 1.471 | Final Dist 1000 = 1.151 | Init Dist = 12.806 | Init Dist 10 = 12.806 | Init Dist 100 = 12.806 | Init Dist 1000 = 12.806 | Learner Steps = 30422 | Learner Walltime = 6008.925 | Min Dist = 0.327 | Min Dist 10 = 1.603 | Min Dist 100 = 0.790 | Min Dist 1000 = 0.504 | Steps Per Second = 69.924 | Success = 1.000 | Success 1000 = 0.946
I0502 16:46:26.144110 139584504182336 lp_utils.py:96] StepsLimiter: Reached 1957500 recorded steps
I0502 16:46:26.355908 139558059398720 terminal.py:91] [Actor] Actor Episodes = 39152 | Actor Steps = 1957600 | Delta Dist = 1.791 | Delta Dist 10 = 5.869 | Delta Dist 100 = 4.620 | Delta Dist 1000 = 4.453 | Episode Length = 50 | Episode Return = 29.0 | Evaluator Episodes = 9918 | Evaluator Steps = 495900 | Final Dist = 1.371 | Final Dist 10 = 1.563 | Final Dist 100 = 1.406 | Final Dist 1000 = 1.593 | Init Dist = 3.162 | Init Dist 10 = 7.432 | Init Dist 100 = 6.026 | Init Dist 1000 = 6.046 | Learner Steps = 30431 | Learner Walltime = 6010.079 | Min Dist = 0.074 | Min Dist 10 = 0.108 | Min Dist 100 = 0.268 | Min Dist 1000 = 0.215 | Steps Per Second = 83.992 | Success = 1.000 | Success 1000 = 0.986
I0502 16:46:26.437320 139579566835264 terminal.py:91] [Evaluator] Actor Episodes = 39152 | Actor Steps = 1957600 | Delta Dist = 12.205 | Delta Dist 10 = 10.579 | Delta Dist 100 = 11.334 | Delta Dist 1000 = 11.654 | Episode Length = 50 | Episode Return = 22.0 | Evaluator Episodes = 9920 | Evaluator Steps = 496000 | Final Dist = 0.602 | Final Dist 10 = 2.227 | Final Dist 100 = 1.472 | Final Dist 1000 = 1.152 | Init Dist = 12.806 | Init Dist 10 = 12.806 | Init Dist 100 = 12.806 | Init Dist 1000 = 12.806 | Learner Steps = 30431 | Learner Walltime = 6010.079 | Min Dist = 0.169 | Min Dist 10 = 1.614 | Min Dist 100 = 0.790 | Min Dist 1000 = 0.504 | Steps Per Second = 89.113 | Success = 1.000 | Success 1000 = 0.946
I0502 16:46:27.631458 139579566835264 terminal.py:91] [Evaluator] Actor Episodes = 39160 | Actor Steps = 1958000 | Delta Dist = 12.259 | Delta Dist 10 = 11.524 | Delta Dist 100 = 11.346 | Delta Dist 1000 = 11.654 | Episode Length = 50 | Episode Return = 20.0 | Evaluator Episodes = 9922 | Evaluator Steps = 496100 | Final Dist = 0.547 | Final Dist 10 = 1.282 | Final Dist 100 = 1.461 | Final Dist 1000 = 1.152 | Init Dist = 12.806 | Init Dist 10 = 12.806 | Init Dist 100 = 12.806 | Init Dist 1000 = 12.806 | Learner Steps = 30437 | Learner Walltime = 6011.264 | Min Dist = 0.156 | Min Dist 10 = 0.827 | Min Dist 100 = 0.792 | Min Dist 1000 = 0.505 | Steps Per Second = 85.209 | Success = 1.000 | Success 1000 = 0.946
I0502 16:46:28.364520 139569349502528 terminal.py:91] [Actor] Actor Episodes = 39166 | Actor Steps = 1958300 | Delta Dist = 10.530 | Delta Dist 10 = 5.352 | Delta Dist 100 = 4.659 | Delta Dist 1000 = 4.460 | Episode Length = 50 | Episode Return = 17.0 | Evaluator Episodes = 9922 | Evaluator Steps = 496100 | Final Dist = 0.783 | Final Dist 10 = 2.182 | Final Dist 100 = 1.473 | Final Dist 1000 = 1.604 | Init Dist = 11.314 | Init Dist 10 = 7.535 | Init Dist 100 = 6.132 | Init Dist 1000 = 6.064 | Learner Steps = 30437 | Learner Walltime = 6011.264 | Min Dist = 0.163 | Min Dist 10 = 0.237 | Min Dist 100 = 0.179 | Min Dist 1000 = 0.216 | Steps Per Second = 73.819 | Success = 1.000 | Success 1000 = 0.985
I0502 16:46:28.833080 139579566835264 terminal.py:91] [Evaluator] Actor Episodes = 39168 | Actor Steps = 1958400 | Delta Dist = 11.681 | Delta Dist 10 = 11.543 | Delta Dist 100 = 11.346 | Delta Dist 1000 = 11.654 | Episode Length = 50 | Episode Return = 24.0 | Evaluator Episodes = 9924 | Evaluator Steps = 496200 | Final Dist = 1.125 | Final Dist 10 = 1.263 | Final Dist 100 = 1.460 | Final Dist 1000 = 1.152 | Init Dist = 12.806 | Init Dist 10 = 12.806 | Init Dist 100 = 12.806 | Init Dist 1000 = 12.806 | Learner Steps = 30444 | Learner Walltime = 6012.605 | Min Dist = 0.119 | Min Dist 10 = 0.856 | Min Dist 100 = 0.795 | Min Dist 1000 = 0.505 | Steps Per Second = 90.987 | Success = 1.000 | Success 1000 = 0.946
I0502 16:46:29.716641 139555013154368 terminal.py:91] [Learner] Actor Episodes = 39170 | Actor Loss = 3.5463740825653076 | Actor Steps = 1958500 | Binary Accuracy = 0.9959671497344971 | Categorical Accuracy = 0.41998291015625 | Critic Loss = 1.7798454761505127 | Entropy Mean = -23.673595428466797 | Evaluator Episodes = 9924 | Evaluator Steps = 496200 | Learner Steps = 30451 | Learner Walltime = 6013.910 | Logits Neg = -17.17084503173828 | Logits Pos = -1.739454984664917 | Logsumexp = 1.1200313568115234 | Steps Per Second = 395.657
I0502 16:46:30.181749 139579566835264 terminal.py:91] [Evaluator] Actor Episodes = 39176 | Actor Steps = 1958800 | Delta Dist = 12.353 | Delta Dist 10 = 11.648 | Delta Dist 100 = 11.336 | Delta Dist 1000 = 11.654 | Episode Length = 50 | Episode Return = 27.0 | Evaluator Episodes = 9926 | Evaluator Steps = 496300 | Final Dist = 0.453 | Final Dist 10 = 1.158 | Final Dist 100 = 1.470 | Final Dist 1000 = 1.152 | Init Dist = 12.806 | Init Dist 10 = 12.806 | Init Dist 100 = 12.806 | Init Dist 1000 = 12.806 | Learner Steps = 30450 | Learner Walltime = 6013.748 | Min Dist = 0.246 | Min Dist 10 = 0.674 | Min Dist 100 = 0.798 | Min Dist 1000 = 0.505 | Steps Per Second = 73.627 | Success = 1.000 | Success 1000 = 0.946
I0502 16:46:31.504911 139579566835264 terminal.py:91] [Evaluator] Actor Episodes = 39184 | Actor Steps = 1959200 | Delta Dist = 11.814 | Delta Dist 10 = 11.253 | Delta Dist 100 = 11.269 | Delta Dist 1000 = 11.647 | Episode Length = 50 | Episode Return = 16.0 | Evaluator Episodes = 9928 | Evaluator Steps = 496400 | Final Dist = 0.992 | Final Dist 10 = 1.554 | Final Dist 100 = 1.537 | Final Dist 1000 = 1.159 | Init Dist = 12.806 | Init Dist 10 = 12.806 | Init Dist 100 = 12.806 | Init Dist 1000 = 12.806 | Learner Steps = 30455 | Learner Walltime = 6014.819 | Min Dist = 0.206 | Min Dist 10 = 1.036 | Min Dist 100 = 0.880 | Min Dist 1000 = 0.513 | Steps Per Second = 81.427 | Success = 1.000 | Success 1000 = 0.945
I0502 16:46:31.589958 139557462840896 terminal.py:91] [Actor] Actor Episodes = 39181 | Actor Steps = 1959050 | Delta Dist = 3.687 | Delta Dist 10 = 5.032 | Delta Dist 100 = 4.714 | Delta Dist 1000 = 4.490 | Episode Length = 50 | Episode Return = 32.0 | Evaluator Episodes = 9926 | Evaluator Steps = 496300 | Final Dist = 0.436 | Final Dist 10 = 0.991 | Final Dist 100 = 1.431 | Final Dist 1000 = 1.591 | Init Dist = 4.123 | Init Dist 10 = 6.023 | Init Dist 100 = 6.145 | Init Dist 1000 = 6.081 | Learner Steps = 30455 | Learner Walltime = 6014.819 | Min Dist = 0.032 | Min Dist 10 = 0.055 | Min Dist 100 = 0.115 | Min Dist 1000 = 0.212 | Steps Per Second = 80.573 | Success = 1.000 | Success 1000 = 0.985
I0502 16:46:32.752823 139579566835264 terminal.py:91] [Evaluator] Actor Episodes = 39192 | Actor Steps = 1959600 | Delta Dist = 11.565 | Delta Dist 10 = 11.270 | Delta Dist 100 = 11.262 | Delta Dist 1000 = 11.654 | Episode Length = 50 | Episode Return = 2.0 | Evaluator Episodes = 9930 | Evaluator Steps = 496500 | Final Dist = 1.242 | Final Dist 10 = 1.536 | Final Dist 100 = 1.544 | Final Dist 1000 = 1.152 | Init Dist = 12.806 | Init Dist 10 = 12.806 | Init Dist 100 = 12.806 | Init Dist 1000 = 12.806 | Learner Steps = 30460 | Learner Walltime = 6015.915 | Min Dist = 0.543 | Min Dist 10 = 1.023 | Min Dist 100 = 0.878 | Min Dist 1000 = 0.505 | Steps Per Second = 76.913 | Success = 1.000 | Success 1000 = 0.946
I0502 16:46:33.628622 139555860620864 terminal.py:91] [Actor] Actor Episodes = 39195 | Actor Steps = 1959750 | Delta Dist = 6.458 | Delta Dist 10 = 5.684 | Delta Dist 100 = 4.880 | Delta Dist 1000 = 4.493 | Episode Length = 50 | Episode Return = 38.0 | Evaluator Episodes = 9930 | Evaluator Steps = 496500 | Final Dist = 0.822 | Final Dist 10 = 1.710 | Final Dist 100 = 1.499 | Final Dist 1000 = 1.597 | Init Dist = 7.280 | Init Dist 10 = 7.393 | Init Dist 100 = 6.379 | Init Dist 1000 = 6.091 | Learner Steps = 30466 | Learner Walltime = 6016.984 | Min Dist = 0.407 | Min Dist 10 = 0.090 | Min Dist 100 = 0.105 | Min Dist 1000 = 0.212 | Steps Per Second = 69.589 | Success = 1.000 | Success 1000 = 0.985
I0502 16:46:33.974668 139579566835264 terminal.py:91] [Evaluator] Actor Episodes = 39200 | Actor Steps = 1960000 | Delta Dist = 11.717 | Delta Dist 10 = 11.180 | Delta Dist 100 = 11.254 | Delta Dist 1000 = 11.653 | Episode Length = 50 | Episode Return = 18.0 | Evaluator Episodes = 9932 | Evaluator Steps = 496600 | Final Dist = 1.090 | Final Dist 10 = 1.626 | Final Dist 100 = 1.552 | Final Dist 1000 = 1.153 | Init Dist = 12.806 | Init Dist 10 = 12.806 | Init Dist 100 = 12.806 | Init Dist 1000 = 12.806 | Learner Steps = 30466 | Learner Walltime = 6016.984 | Min Dist = 0.186 | Min Dist 10 = 1.089 | Min Dist 100 = 0.881 | Min Dist 1000 = 0.505 | Steps Per Second = 79.830 | Success = 1.000 | Success 1000 = 0.946
I0502 16:46:35.158746 139579566835264 terminal.py:91] [Evaluator] Actor Episodes = 39206 | Actor Steps = 1960300 | Delta Dist = 11.592 | Delta Dist 10 = 11.146 | Delta Dist 100 = 11.266 | Delta Dist 1000 = 11.653 | Episode Length = 50 | Episode Return = 29.0 | Evaluator Episodes = 9934 | Evaluator Steps = 496700 | Final Dist = 1.214 | Final Dist 10 = 1.661 | Final Dist 100 = 1.541 | Final Dist 1000 = 1.153 | Init Dist = 12.806 | Init Dist 10 = 12.806 | Init Dist 100 = 12.806 | Init Dist 1000 = 12.806 | Learner Steps = 30472 | Learner Walltime = 6018.363 | Min Dist = 0.419 | Min Dist 10 = 1.071 | Min Dist 100 = 0.879 | Min Dist 1000 = 0.505 | Steps Per Second = 89.282 | Success = 1.000 | Success 1000 = 0.946
I0502 16:46:36.167317 139584504182336 lp_utils.py:96] StepsLimiter: Reached 1960700 recorded steps
I0502 16:46:36.284958 139579566835264 terminal.py:91] [Evaluator] Actor Episodes = 39214 | Actor Steps = 1960700 | Delta Dist = 11.723 | Delta Dist 10 = 11.240 | Delta Dist 100 = 11.271 | Delta Dist 1000 = 11.654 | Episode Length = 50 | Episode Return = 8.0 | Evaluator Episodes = 9936 | Evaluator Steps = 496800 | Final Dist = 1.083 | Final Dist 10 = 1.566 | Final Dist 100 = 1.536 | Final Dist 1000 = 1.152 | Init Dist = 12.806 | Init Dist 10 = 12.806 | Init Dist 100 = 12.806 | Init Dist 1000 = 12.806 | Learner Steps = 30478 | Learner Walltime = 6019.575 | Min Dist = 0.219 | Min Dist 10 = 1.076 | Min Dist 100 = 0.881 | Min Dist 1000 = 0.505 | Steps Per Second = 83.123 | Success = 1.000 | Success 1000 = 0.946
I0502 16:46:36.413922 139558059398720 terminal.py:91] [Actor] Actor Episodes = 39216 | Actor Steps = 1960800 | Delta Dist = 3.674 | Delta Dist 10 = 4.623 | Delta Dist 100 = 5.021 | Delta Dist 1000 = 4.515 | Episode Length = 50 | Episode Return = 32.0 | Evaluator Episodes = 9936 | Evaluator Steps = 496800 | Final Dist = 0.326 | Final Dist 10 = 2.367 | Final Dist 100 = 1.503 | Final Dist 1000 = 1.577 | Init Dist = 4.000 | Init Dist 10 = 6.990 | Init Dist 100 = 6.525 | Init Dist 1000 = 6.092 | Learner Steps = 30478 | Learner Walltime = 6019.575 | Min Dist = 0.036 | Min Dist 10 = 0.144 | Min Dist 100 = 0.141 | Min Dist 1000 = 0.215 | Steps Per Second = 86.211 | Success = 1.000 | Success 1000 = 0.983
I0502 16:46:37.474018 139579566835264 terminal.py:91] [Evaluator] Actor Episodes = 39222 | Actor Steps = 1961100 | Delta Dist = 11.675 | Delta Dist 10 = 11.908 | Delta Dist 100 = 11.267 | Delta Dist 1000 = 11.653 | Episode Length = 50 | Episode Return = 27.0 | Evaluator Episodes = 9938 | Evaluator Steps = 496900 | Final Dist = 1.131 | Final Dist 10 = 0.899 | Final Dist 100 = 1.539 | Final Dist 1000 = 1.154 | Init Dist = 12.806 | Init Dist 10 = 12.806 | Init Dist 100 = 12.806 | Init Dist 1000 = 12.806 | Learner Steps = 30484 | Learner Walltime = 6020.631 | Min Dist = 0.448 | Min Dist 10 = 0.277 | Min Dist 100 = 0.882 | Min Dist 1000 = 0.505 | Steps Per Second = 82.632 | Success = 1.000 | Success 1000 = 0.946
I0502 16:46:38.526185 139569349502528 terminal.py:91] [Actor] Actor Episodes = 39230 | Actor Steps = 1961500 | Delta Dist = 5.683 | Delta Dist 10 = 2.985 | Delta Dist 100 = 4.851 | Delta Dist 1000 = 4.511 | Episode Length = 50 | Episode Return = 16.0 | Evaluator Episodes = 9938 | Evaluator Steps = 496900 | Final Dist = 0.400 | Final Dist 10 = 3.006 | Final Dist 100 = 1.737 | Final Dist 1000 = 1.584 | Init Dist = 6.083 | Init Dist 10 = 5.991 | Init Dist 100 = 6.588 | Init Dist 1000 = 6.095 | Learner Steps = 30490 | Learner Walltime = 6021.825 | Min Dist = 0.020 | Min Dist 10 = 0.133 | Min Dist 100 = 0.137 | Min Dist 1000 = 0.211 | Steps Per Second = 75.411 | Success = 1.000 | Success 1000 = 0.983
I0502 16:46:38.644499 139579566835264 terminal.py:91] [Evaluator] Actor Episodes = 39230 | Actor Steps = 1961500 | Delta Dist = 11.513 | Delta Dist 10 = 11.855 | Delta Dist 100 = 11.261 | Delta Dist 1000 = 11.653 | Episode Length = 50 | Episode Return = 13.0 | Evaluator Episodes = 9940 | Evaluator Steps = 497000 | Final Dist = 1.294 | Final Dist 10 = 0.951 | Final Dist 100 = 1.545 | Final Dist 1000 = 1.154 | Init Dist = 12.806 | Init Dist 10 = 12.806 | Init Dist 100 = 12.806 | Init Dist 1000 = 12.806 | Learner Steps = 30490 | Learner Walltime = 6021.825 | Min Dist = 0.245 | Min Dist 10 = 0.366 | Min Dist 100 = 0.891 | Min Dist 1000 = 0.506 | Steps Per Second = 83.195 | Success = 1.000 | Success 1000 = 0.946
I0502 16:46:39.791217 139579566835264 terminal.py:91] [Evaluator] Actor Episodes = 39238 | Actor Steps = 1961900 | Delta Dist = 11.216 | Delta Dist 10 = 11.895 | Delta Dist 100 = 11.273 | Delta Dist 1000 = 11.652 | Episode Length = 50 | Episode Return = 14.0 | Evaluator Episodes = 9942 | Evaluator Steps = 497100 | Final Dist = 1.590 | Final Dist 10 = 0.911 | Final Dist 100 = 1.533 | Final Dist 1000 = 1.154 | Init Dist = 12.806 | Init Dist 10 = 12.806 | Init Dist 100 = 12.806 | Init Dist 1000 = 12.806 | Learner Steps = 30496 | Learner Walltime = 6022.878 | Min Dist = 0.246 | Min Dist 10 = 0.296 | Min Dist 100 = 0.884 | Min Dist 1000 = 0.506 | Steps Per Second = 93.290 | Success = 1.000 | Success 1000 = 0.946
I0502 16:46:39.860463 139555013154368 terminal.py:91] [Learner] Actor Episodes = 39238 | Actor Loss = 3.7240042686462402 | Actor Steps = 1961900 | Binary Accuracy = 0.996049165725708 | Categorical Accuracy = 0.41864013671875 | Critic Loss = 1.8007664680480957 | Entropy Mean = -21.671558380126953 | Evaluator Episodes = 9942 | Evaluator Steps = 497100 | Learner Steps = 30501 | Learner Walltime = 6024.051 | Logits Neg = -16.94872283935547 | Logits Pos = -1.7814704179763794 | Logsumexp = 1.1116654872894287 | Steps Per Second = 135.767
I0502 16:46:40.906382 139579566835264 terminal.py:91] [Evaluator] Actor Episodes = 39244 | Actor Steps = 1962200 | Delta Dist = 12.408 | Delta Dist 10 = 11.767 | Delta Dist 100 = 11.266 | Delta Dist 1000 = 11.651 | Episode Length = 50 | Episode Return = 35.0 | Evaluator Episodes = 9944 | Evaluator Steps = 497200 | Final Dist = 0.398 | Final Dist 10 = 1.039 | Final Dist 100 = 1.540 | Final Dist 1000 = 1.155 | Init Dist = 12.806 | Init Dist 10 = 12.806 | Init Dist 100 = 12.806 | Init Dist 1000 = 12.806 | Learner Steps = 30501 | Learner Walltime = 6024.051 | Min Dist = 0.147 | Min Dist 10 = 0.319 | Min Dist 100 = 0.884 | Min Dist 1000 = 0.506 | Steps Per Second = 85.372 | Success = 1.000 | Success 1000 = 0.946
I0502 16:46:42.036192 139557462840896 terminal.py:91] [Actor] Actor Episodes = 39251 | Actor Steps = 1962550 | Delta Dist = 6.948 | Delta Dist 10 = 3.060 | Delta Dist 100 = 4.352 | Delta Dist 1000 = 4.475 | Episode Length = 50 | Episode Return = 42.0 | Evaluator Episodes = 9944 | Evaluator Steps = 497200 | Final Dist = 0.668 | Final Dist 10 = 2.110 | Final Dist 100 = 1.810 | Final Dist 1000 = 1.595 | Init Dist = 7.616 | Init Dist 10 = 5.171 | Init Dist 100 = 6.162 | Init Dist 1000 = 6.071 | Learner Steps = 30508 | Learner Walltime = 6025.279 | Min Dist = 0.055 | Min Dist 10 = 1.494 | Min Dist 100 = 0.266 | Min Dist 1000 = 0.224 | Steps Per Second = 83.272 | Success = 1.000 | Success 1000 = 0.982
I0502 16:46:42.104169 139579566835264 terminal.py:91] [Evaluator] Actor Episodes = 39252 | Actor Steps = 1962600 | Delta Dist = 11.806 | Delta Dist 10 = 11.750 | Delta Dist 100 = 11.265 | Delta Dist 1000 = 11.651 | Episode Length = 50 | Episode Return = 21.0 | Evaluator Episodes = 9946 | Evaluator Steps = 497300 | Final Dist = 1.000 | Final Dist 10 = 1.057 | Final Dist 100 = 1.541 | Final Dist 1000 = 1.155 | Init Dist = 12.806 | Init Dist 10 = 12.806 | Init Dist 100 = 12.806 | Init Dist 1000 = 12.806 | Learner Steps = 30508 | Learner Walltime = 6025.279 | Min Dist = 0.267 | Min Dist 10 = 0.328 | Min Dist 100 = 0.885 | Min Dist 1000 = 0.507 | Steps Per Second = 82.350 | Success = 1.000 | Success 1000 = 0.946
I0502 16:46:43.377162 139579566835264 terminal.py:91] [Evaluator] Actor Episodes = 39260 | Actor Steps = 1963000 | Delta Dist = 12.523 | Delta Dist 10 = 11.780 | Delta Dist 100 = 11.256 | Delta Dist 1000 = 11.650 | Episode Length = 50 | Episode Return = 14.0 | Evaluator Episodes = 9948 | Evaluator Steps = 497400 | Final Dist = 0.283 | Final Dist 10 = 1.026 | Final Dist 100 = 1.551 | Final Dist 1000 = 1.156 | Init Dist = 12.806 | Init Dist 10 = 12.806 | Init Dist 100 = 12.806 | Init Dist 1000 = 12.806 | Learner Steps = 30514 | Learner Walltime = 6026.356 | Min Dist = 0.283 | Min Dist 10 = 0.364 | Min Dist 100 = 0.891 | Min Dist 1000 = 0.508 | Steps Per Second = 77.358 | Success = 1.000 | Success 1000 = 0.946
I0502 16:46:44.249271 139555860620864 terminal.py:91] [Actor] Actor Episodes = 39268 | Actor Steps = 1963400 | Delta Dist = 4.909 | Delta Dist 10 = 3.547 | Delta Dist 100 = 4.104 | Delta Dist 1000 = 4.484 | Episode Length = 50 | Episode Return = 42.0 | Evaluator Episodes = 9948 | Evaluator Steps = 497400 | Final Dist = 0.091 | Final Dist 10 = 1.985 | Final Dist 100 = 1.811 | Final Dist 1000 = 1.576 | Init Dist = 5.000 | Init Dist 10 = 5.531 | Init Dist 100 = 5.915 | Init Dist 1000 = 6.060 | Learner Steps = 30520 | Learner Walltime = 6027.721 | Min Dist = 0.078 | Min Dist 10 = 0.134 | Min Dist 100 = 0.253 | Min Dist 1000 = 0.224 | Steps Per Second = 75.182 | Success = 1.000 | Success 1000 = 0.982
I0502 16:46:44.614731 139579566835264 terminal.py:91] [Evaluator] Actor Episodes = 39268 | Actor Steps = 1963400 | Delta Dist = 12.132 | Delta Dist 10 = 11.957 | Delta Dist 100 = 11.269 | Delta Dist 1000 = 11.651 | Episode Length = 50 | Episode Return = 22.0 | Evaluator Episodes = 9950 | Evaluator Steps = 497500 | Final Dist = 0.675 | Final Dist 10 = 0.849 | Final Dist 100 = 1.537 | Final Dist 1000 = 1.155 | Init Dist = 12.806 | Init Dist 10 = 12.806 | Init Dist 100 = 12.806 | Init Dist 1000 = 12.806 | Learner Steps = 30526 | Learner Walltime = 6028.792 | Min Dist = 0.080 | Min Dist 10 = 0.274 | Min Dist 100 = 0.892 | Min Dist 1000 = 0.508 | Steps Per Second = 86.620 | Success = 1.000 | Success 1000 = 0.946
I0502 16:46:45.800613 139579566835264 terminal.py:91] [Evaluator] Actor Episodes = 39276 | Actor Steps = 1963800 | Delta Dist = 11.788 | Delta Dist 10 = 12.012 | Delta Dist 100 = 11.275 | Delta Dist 1000 = 11.652 | Episode Length = 50 | Episode Return = 2.0 | Evaluator Episodes = 9952 | Evaluator Steps = 497600 | Final Dist = 1.019 | Final Dist 10 = 0.794 | Final Dist 100 = 1.531 | Final Dist 1000 = 1.154 | Init Dist = 12.806 | Init Dist 10 = 12.806 | Init Dist 100 = 12.806 | Init Dist 1000 = 12.806 | Learner Steps = 30532 | Learner Walltime = 6029.828 | Min Dist = 0.659 | Min Dist 10 = 0.292 | Min Dist 100 = 0.891 | Min Dist 1000 = 0.508 | Steps Per Second = 83.436 | Success = 1.000 | Success 1000 = 0.946
I0502 16:46:46.180611 139584504182336 lp_utils.py:96] StepsLimiter: Reached 1964000 recorded steps
I0502 16:46:46.726286 139558059398720 terminal.py:91] [Actor] Actor Episodes = 39281 | Actor Steps = 1964050 | Delta Dist = 3.818 | Delta Dist 10 = 6.295 | Delta Dist 100 = 4.352 | Delta Dist 1000 = 4.517 | Episode Length = 50 | Episode Return = 19.0 | Evaluator Episodes = 9952 | Evaluator Steps = 497600 | Final Dist = 0.305 | Final Dist 10 = 0.979 | Final Dist 100 = 1.730 | Final Dist 1000 = 1.571 | Init Dist = 4.123 | Init Dist 10 = 7.274 | Init Dist 100 = 6.083 | Init Dist 1000 = 6.088 | Learner Steps = 30532 | Learner Walltime = 6029.828 | Min Dist = 0.062 | Min Dist 10 = 0.053 | Min Dist 100 = 0.255 | Min Dist 1000 = 0.224 | Steps Per Second = 83.725 | Success = 1.000 | Success 1000 = 0.982
I0502 16:46:46.999542 139579566835264 terminal.py:91] [Evaluator] Actor Episodes = 39284 | Actor Steps = 1964200 | Delta Dist = 12.314 | Delta Dist 10 = 11.558 | Delta Dist 100 = 11.213 | Delta Dist 1000 = 11.647 | Episode Length = 50 | Episode Return = 37.0 | Evaluator Episodes = 9954 | Evaluator Steps = 497700 | Final Dist = 0.492 | Final Dist 10 = 1.248 | Final Dist 100 = 1.593 | Final Dist 1000 = 1.159 | Init Dist = 12.806 | Init Dist 10 = 12.806 | Init Dist 100 = 12.806 | Init Dist 1000 = 12.806 | Learner Steps = 30537 | Learner Walltime = 6030.974 | Min Dist = 0.429 | Min Dist 10 = 0.824 | Min Dist 100 = 0.943 | Min Dist 1000 = 0.514 | Steps Per Second = 86.853 | Success = 1.000 | Success 1000 = 0.945
I0502 16:46:48.071511 139579566835264 terminal.py:91] [Evaluator] Actor Episodes = 39292 | Actor Steps = 1964600 | Delta Dist = 11.610 | Delta Dist 10 = 11.519 | Delta Dist 100 = 11.211 | Delta Dist 1000 = 11.646 | Episode Length = 50 | Episode Return = 4.0 | Evaluator Episodes = 9956 | Evaluator Steps = 497800 | Final Dist = 1.197 | Final Dist 10 = 1.287 | Final Dist 100 = 1.595 | Final Dist 1000 = 1.160 | Init Dist = 12.806 | Init Dist 10 = 12.806 | Init Dist 100 = 12.806 | Init Dist 1000 = 12.806 | Learner Steps = 30543 | Learner Walltime = 6032.218 | Min Dist = 0.638 | Min Dist 10 = 0.849 | Min Dist 100 = 0.947 | Min Dist 1000 = 0.514 | Steps Per Second = 83.364 | Success = 1.000 | Success 1000 = 0.945
I0502 16:46:48.895454 139569349502528 terminal.py:91] [Actor] Actor Episodes = 39295 | Actor Steps = 1964750 | Delta Dist = -0.484 | Delta Dist 10 = 3.920 | Delta Dist 100 = 4.101 | Delta Dist 1000 = 4.496 | Episode Length = 50 | Episode Return = 0.0 | Evaluator Episodes = 9956 | Evaluator Steps = 497800 | Final Dist = 6.567 | Final Dist 10 = 2.310 | Final Dist 100 = 1.786 | Final Dist 1000 = 1.566 | Init Dist = 6.083 | Init Dist 10 = 6.230 | Init Dist 100 = 5.887 | Init Dist 1000 = 6.062 | Learner Steps = 30543 | Learner Walltime = 6032.218 | Min Dist = 0.090 | Min Dist 10 = 0.310 | Min Dist 100 = 0.273 | Min Dist 1000 = 0.227 | Steps Per Second = 81.348 | Success = 1.000 | Success 1000 = 0.981
I0502 16:46:49.369889 139579566835264 terminal.py:91] [Evaluator] Actor Episodes = 39300 | Actor Steps = 1965000 | Delta Dist = 12.344 | Delta Dist 10 = 11.566 | Delta Dist 100 = 11.300 | Delta Dist 1000 = 11.645 | Episode Length = 50 | Episode Return = 21.0 | Evaluator Episodes = 9958 | Evaluator Steps = 497900 | Final Dist = 0.462 | Final Dist 10 = 1.241 | Final Dist 100 = 1.506 | Final Dist 1000 = 1.161 | Init Dist = 12.806 | Init Dist 10 = 12.806 | Init Dist 100 = 12.806 | Init Dist 1000 = 12.806 | Learner Steps = 30550 | Learner Walltime = 6033.275 | Min Dist = 0.090 | Min Dist 10 = 0.826 | Min Dist 100 = 0.874 | Min Dist 1000 = 0.515 | Steps Per Second = 78.556 | Success = 1.000 | Success 1000 = 0.945
I0502 16:46:49.918494 139555013154368 terminal.py:91] [Learner] Actor Episodes = 39298 | Actor Loss = 3.6965079307556152 | Actor Steps = 1964900 | Binary Accuracy = 0.9960017204284668 | Categorical Accuracy = 0.42535400390625 | Critic Loss = 1.7641502618789673 | Entropy Mean = -22.266481399536133 | Evaluator Episodes = 9956 | Evaluator Steps = 497800 | Learner Steps = 30554 | Learner Walltime = 6034.112 | Logits Neg = -17.694910049438477 | Logits Pos = -1.7751543521881104 | Logsumexp = 1.1614335775375366 | Steps Per Second = 272.932
I0502 16:46:50.521490 139579566835264 terminal.py:91] [Evaluator] Actor Episodes = 39308 | Actor Steps = 1965400 | Delta Dist = 11.334 | Delta Dist 10 = 11.570 | Delta Dist 100 = 11.307 | Delta Dist 1000 = 11.646 | Episode Length = 50 | Episode Return = 10.0 | Evaluator Episodes = 9960 | Evaluator Steps = 498000 | Final Dist = 1.473 | Final Dist 10 = 1.236 | Final Dist 100 = 1.500 | Final Dist 1000 = 1.160 | Init Dist = 12.806 | Init Dist 10 = 12.806 | Init Dist 100 = 12.806 | Init Dist 1000 = 12.806 | Learner Steps = 30557 | Learner Walltime = 6034.668 | Min Dist = 0.940 | Min Dist 10 = 0.803 | Min Dist 100 = 0.874 | Min Dist 1000 = 0.514 | Steps Per Second = 88.895 | Success = 1.000 | Success 1000 = 0.945
I0502 16:46:51.765312 139579566835264 terminal.py:91] [Evaluator] Actor Episodes = 39316 | Actor Steps = 1965800 | Delta Dist = 11.478 | Delta Dist 10 = 11.520 | Delta Dist 100 = 11.311 | Delta Dist 1000 = 11.647 | Episode Length = 50 | Episode Return = 20.0 | Evaluator Episodes = 9962 | Evaluator Steps = 498100 | Final Dist = 1.329 | Final Dist 10 = 1.286 | Final Dist 100 = 1.495 | Final Dist 1000 = 1.159 | Init Dist = 12.806 | Init Dist 10 = 12.806 | Init Dist 100 = 12.806 | Init Dist 1000 = 12.806 | Learner Steps = 30562 | Learner Walltime = 6035.831 | Min Dist = 0.273 | Min Dist 10 = 0.851 | Min Dist 100 = 0.874 | Min Dist 1000 = 0.515 | Steps Per Second = 80.487 | Success = 1.000 | Success 1000 = 0.945
I0502 16:46:52.150565 139557462840896 terminal.py:91] [Actor] Actor Episodes = 39320 | Actor Steps = 1966000 | Delta Dist = 3.221 | Delta Dist 10 = 4.445 | Delta Dist 100 = 4.019 | Delta Dist 1000 = 4.489 | Episode Length = 50 | Episode Return = 0.0 | Evaluator Episodes = 9962 | Evaluator Steps = 498100 | Final Dist = 4.779 | Final Dist 10 = 1.505 | Final Dist 100 = 1.774 | Final Dist 1000 = 1.558 | Init Dist = 8.000 | Init Dist 10 = 5.949 | Init Dist 100 = 5.793 | Init Dist 1000 = 6.048 | Learner Steps = 30562 | Learner Walltime = 6035.831 | Min Dist = 0.064 | Min Dist 10 = 0.061 | Min Dist 100 = 0.251 | Min Dist 1000 = 0.226 | Steps Per Second = 81.964 | Success = 1.000 | Success 1000 = 0.981
I0502 16:46:52.962426 139579566835264 terminal.py:91] [Evaluator] Actor Episodes = 39324 | Actor Steps = 1966200 | Delta Dist = 12.163 | Delta Dist 10 = 12.019 | Delta Dist 100 = 11.316 | Delta Dist 1000 = 11.647 | Episode Length = 50 | Episode Return = 31.0 | Evaluator Episodes = 9964 | Evaluator Steps = 498200 | Final Dist = 0.643 | Final Dist 10 = 0.787 | Final Dist 100 = 1.490 | Final Dist 1000 = 1.160 | Init Dist = 12.806 | Init Dist 10 = 12.806 | Init Dist 100 = 12.806 | Init Dist 1000 = 12.806 | Learner Steps = 30568 | Learner Walltime = 6036.965 | Min Dist = 0.360 | Min Dist 10 = 0.324 | Min Dist 100 = 0.878 | Min Dist 1000 = 0.515 | Steps Per Second = 83.500 | Success = 1.000 | Success 1000 = 0.945
I0502 16:46:54.104478 139579566835264 terminal.py:91] [Evaluator] Actor Episodes = 39332 | Actor Steps = 1966600 | Delta Dist = 11.567 | Delta Dist 10 = 12.003 | Delta Dist 100 = 11.324 | Delta Dist 1000 = 11.647 | Episode Length = 50 | Episode Return = 1.0 | Evaluator Episodes = 9966 | Evaluator Steps = 498300 | Final Dist = 1.239 | Final Dist 10 = 0.804 | Final Dist 100 = 1.482 | Final Dist 1000 = 1.160 | Init Dist = 12.806 | Init Dist 10 = 12.806 | Init Dist 100 = 12.806 | Init Dist 1000 = 12.806 | Learner Steps = 30575 | Learner Walltime = 6038.200 | Min Dist = 0.536 | Min Dist 10 = 0.335 | Min Dist 100 = 0.880 | Min Dist 1000 = 0.516 | Steps Per Second = 84.050 | Success = 1.000 | Success 1000 = 0.945
I0502 16:46:54.790894 139555860620864 terminal.py:91] [Actor] Actor Episodes = 39333 | Actor Steps = 1966650 | Delta Dist = 9.226 | Delta Dist 10 = 4.560 | Delta Dist 100 = 4.132 | Delta Dist 1000 = 4.486 | Episode Length = 50 | Episode Return = 37.0 | Evaluator Episodes = 9964 | Evaluator Steps = 498200 | Final Dist = 0.623 | Final Dist 10 = 1.364 | Final Dist 100 = 1.599 | Final Dist 1000 = 1.553 | Init Dist = 9.849 | Init Dist 10 = 5.924 | Init Dist 100 = 5.731 | Init Dist 1000 = 6.039 | Learner Steps = 30575 | Learner Walltime = 6038.200 | Min Dist = 0.097 | Min Dist 10 = 0.080 | Min Dist 100 = 0.245 | Min Dist 1000 = 0.216 | Steps Per Second = 70.676 | Success = 1.000 | Success 1000 = 0.982
I0502 16:46:55.506098 139579566835264 terminal.py:91] [Evaluator] Actor Episodes = 39340 | Actor Steps = 1967000 | Delta Dist = 11.774 | Delta Dist 10 = 12.016 | Delta Dist 100 = 11.325 | Delta Dist 1000 = 11.646 | Episode Length = 50 | Episode Return = 26.0 | Evaluator Episodes = 9968 | Evaluator Steps = 498400 | Final Dist = 1.032 | Final Dist 10 = 0.790 | Final Dist 100 = 1.482 | Final Dist 1000 = 1.160 | Init Dist = 12.806 | Init Dist 10 = 12.806 | Init Dist 100 = 12.806 | Init Dist 1000 = 12.806 | Learner Steps = 30580 | Learner Walltime = 6039.214 | Min Dist = 0.144 | Min Dist 10 = 0.328 | Min Dist 100 = 0.883 | Min Dist 1000 = 0.516 | Steps Per Second = 72.851 | Success = 1.000 | Success 1000 = 0.945
I0502 16:46:56.196507 139584504182336 lp_utils.py:96] StepsLimiter: Reached 1967200 recorded steps
I0502 16:46:56.760496 139579566835264 terminal.py:91] [Evaluator] Actor Episodes = 39348 | Actor Steps = 1967400 | Delta Dist = 11.764 | Delta Dist 10 = 11.899 | Delta Dist 100 = 11.325 | Delta Dist 1000 = 11.646 | Episode Length = 50 | Episode Return = 26.0 | Evaluator Episodes = 9970 | Evaluator Steps = 498500 | Final Dist = 1.042 | Final Dist 10 = 0.907 | Final Dist 100 = 1.481 | Final Dist 1000 = 1.160 | Init Dist = 12.806 | Init Dist 10 = 12.806 | Init Dist 100 = 12.806 | Init Dist 1000 = 12.806 | Learner Steps = 30586 | Learner Walltime = 6040.709 | Min Dist = 0.063 | Min Dist 10 = 0.399 | Min Dist 100 = 0.881 | Min Dist 1000 = 0.517 | Steps Per Second = 77.213 | Success = 1.000 | Success 1000 = 0.945
I0502 16:46:56.892036 139558059398720 terminal.py:91] [Actor] Actor Episodes = 39347 | Actor Steps = 1967350 | Delta Dist = 5.289 | Delta Dist 10 = 4.197 | Delta Dist 100 = 4.451 | Delta Dist 1000 = 4.498 | Episode Length = 50 | Episode Return = 30.0 | Evaluator Episodes = 9968 | Evaluator Steps = 498400 | Final Dist = 1.114 | Final Dist 10 = 2.368 | Final Dist 100 = 1.527 | Final Dist 1000 = 1.544 | Init Dist = 6.403 | Init Dist 10 = 6.565 | Init Dist 100 = 5.978 | Init Dist 1000 = 6.042 | Learner Steps = 30580 | Learner Walltime = 6039.214 | Min Dist = 0.016 | Min Dist 10 = 0.079 | Min Dist 100 = 0.108 | Min Dist 1000 = 0.206 | Steps Per Second = 76.745 | Success = 1.000 | Success 1000 = 0.983
I0502 16:46:57.971222 139579566835264 terminal.py:91] [Evaluator] Actor Episodes = 39356 | Actor Steps = 1967800 | Delta Dist = 11.508 | Delta Dist 10 = 11.915 | Delta Dist 100 = 11.328 | Delta Dist 1000 = 11.646 | Episode Length = 50 | Episode Return = 3.0 | Evaluator Episodes = 9972 | Evaluator Steps = 498600 | Final Dist = 1.298 | Final Dist 10 = 0.891 | Final Dist 100 = 1.479 | Final Dist 1000 = 1.160 | Init Dist = 12.806 | Init Dist 10 = 12.806 | Init Dist 100 = 12.806 | Init Dist 1000 = 12.806 | Learner Steps = 30593 | Learner Walltime = 6041.920 | Min Dist = 0.405 | Min Dist 10 = 0.343 | Min Dist 100 = 0.880 | Min Dist 1000 = 0.517 | Steps Per Second = 84.824 | Success = 1.000 | Success 1000 = 0.945
I0502 16:46:58.945179 139569349502528 terminal.py:91] [Actor] Actor Episodes = 39361 | Actor Steps = 1968050 | Delta Dist = 5.408 | Delta Dist 10 = 5.035 | Delta Dist 100 = 4.597 | Delta Dist 1000 = 4.512 | Episode Length = 50 | Episode Return = 42.0 | Evaluator Episodes = 9972 | Evaluator Steps = 498600 | Final Dist = 0.675 | Final Dist 10 = 2.198 | Final Dist 100 = 1.613 | Final Dist 1000 = 1.554 | Init Dist = 6.083 | Init Dist 10 = 7.233 | Init Dist 100 = 6.210 | Init Dist 1000 = 6.066 | Learner Steps = 30593 | Learner Walltime = 6041.920 | Min Dist = 0.027 | Min Dist 10 = 0.078 | Min Dist 100 = 0.112 | Min Dist 1000 = 0.198 | Steps Per Second = 77.808 | Success = 1.000 | Success 1000 = 0.983
I0502 16:46:59.187505 139579566835264 terminal.py:91] [Evaluator] Actor Episodes = 39364 | Actor Steps = 1968200 | Delta Dist = 12.149 | Delta Dist 10 = 11.873 | Delta Dist 100 = 11.329 | Delta Dist 1000 = 11.645 | Episode Length = 50 | Episode Return = 5.0 | Evaluator Episodes = 9974 | Evaluator Steps = 498700 | Final Dist = 0.658 | Final Dist 10 = 0.933 | Final Dist 100 = 1.477 | Final Dist 1000 = 1.161 | Init Dist = 12.806 | Init Dist 10 = 12.806 | Init Dist 100 = 12.806 | Init Dist 1000 = 12.806 | Learner Steps = 30599 | Learner Walltime = 6043.191 | Min Dist = 0.037 | Min Dist 10 = 0.363 | Min Dist 100 = 0.882 | Min Dist 1000 = 0.517 | Steps Per Second = 77.707 | Success = 1.000 | Success 1000 = 0.945
I0502 16:47:00.302987 139555013154368 terminal.py:91] [Learner] Actor Episodes = 39370 | Actor Loss = 3.655564308166504 | Actor Steps = 1968500 | Binary Accuracy = 0.9960587024688721 | Categorical Accuracy = 0.42840576171875 | Critic Loss = 1.7638142108917236 | Entropy Mean = -21.943681716918945 | Evaluator Episodes = 9974 | Evaluator Steps = 498700 | Learner Steps = 30605 | Learner Walltime = 6044.499 | Logits Neg = -17.204116821289062 | Logits Pos = -1.7549653053283691 | Logsumexp = 1.068633794784546 | Steps Per Second = 145.799
I0502 16:47:00.481903 139579566835264 terminal.py:91] [Evaluator] Actor Episodes = 39372 | Actor Steps = 1968600 | Delta Dist = 11.427 | Delta Dist 10 = 11.976 | Delta Dist 100 = 11.340 | Delta Dist 1000 = 11.646 | Episode Length = 50 | Episode Return = 17.0 | Evaluator Episodes = 9976 | Evaluator Steps = 498800 | Final Dist = 1.379 | Final Dist 10 = 0.830 | Final Dist 100 = 1.466 | Final Dist 1000 = 1.160 | Init Dist = 12.806 | Init Dist 10 = 12.806 | Init Dist 100 = 12.806 | Init Dist 1000 = 12.806 | Learner Steps = 30605 | Learner Walltime = 6044.499 | Min Dist = 0.108 | Min Dist 10 = 0.282 | Min Dist 100 = 0.877 | Min Dist 1000 = 0.517 | Steps Per Second = 81.595 | Success = 1.000 | Success 1000 = 0.945
I0502 16:47:01.725172 139579566835264 terminal.py:91] [Evaluator] Actor Episodes = 39380 | Actor Steps = 1969000 | Delta Dist = 12.303 | Delta Dist 10 = 11.804 | Delta Dist 100 = 11.409 | Delta Dist 1000 = 11.645 | Episode Length = 50 | Episode Return = 24.0 | Evaluator Episodes = 9978 | Evaluator Steps = 498900 | Final Dist = 0.504 | Final Dist 10 = 1.002 | Final Dist 100 = 1.398 | Final Dist 1000 = 1.162 | Init Dist = 12.806 | Init Dist 10 = 12.806 | Init Dist 100 = 12.806 | Init Dist 1000 = 12.806 | Learner Steps = 30611 | Learner Walltime = 6045.528 | Min Dist = 0.070 | Min Dist 10 = 0.247 | Min Dist 100 = 0.792 | Min Dist 1000 = 0.517 | Steps Per Second = 81.806 | Success = 1.000 | Success 1000 = 0.945
I0502 16:47:02.463854 139557462840896 terminal.py:91] [Actor] Actor Episodes = 39383 | Actor Steps = 1969150 | Delta Dist = 2.258 | Delta Dist 10 = 5.782 | Delta Dist 100 = 4.572 | Delta Dist 1000 = 4.562 | Episode Length = 50 | Episode Return = 32.0 | Evaluator Episodes = 9978 | Evaluator Steps = 498900 | Final Dist = 0.905 | Final Dist 10 = 1.343 | Final Dist 100 = 1.597 | Final Dist 1000 = 1.505 | Init Dist = 3.162 | Init Dist 10 = 7.125 | Init Dist 100 = 6.169 | Init Dist 1000 = 6.067 | Learner Steps = 30611 | Learner Walltime = 6045.528 | Min Dist = 0.065 | Min Dist 10 = 0.103 | Min Dist 100 = 0.115 | Min Dist 1000 = 0.186 | Steps Per Second = 83.527 | Success = 1.000 | Success 1000 = 0.986
I0502 16:47:03.033884 139579566835264 terminal.py:91] [Evaluator] Actor Episodes = 39388 | Actor Steps = 1969400 | Delta Dist = 11.456 | Delta Dist 10 = 11.893 | Delta Dist 100 = 11.416 | Delta Dist 1000 = 11.645 | Episode Length = 50 | Episode Return = 14.0 | Evaluator Episodes = 9980 | Evaluator Steps = 499000 | Final Dist = 1.351 | Final Dist 10 = 0.914 | Final Dist 100 = 1.391 | Final Dist 1000 = 1.161 | Init Dist = 12.806 | Init Dist 10 = 12.806 | Init Dist 100 = 12.806 | Init Dist 1000 = 12.806 | Learner Steps = 30618 | Learner Walltime = 6046.912 | Min Dist = 0.221 | Min Dist 10 = 0.173 | Min Dist 100 = 0.789 | Min Dist 1000 = 0.517 | Steps Per Second = 71.100 | Success = 1.000 | Success 1000 = 0.945
I0502 16:47:04.458803 139579566835264 terminal.py:91] [Evaluator] Actor Episodes = 39396 | Actor Steps = 1969800 | Delta Dist = 11.909 | Delta Dist 10 = 11.880 | Delta Dist 100 = 11.501 | Delta Dist 1000 = 11.646 | Episode Length = 50 | Episode Return = 26.0 | Evaluator Episodes = 9982 | Evaluator Steps = 499100 | Final Dist = 0.897 | Final Dist 10 = 0.926 | Final Dist 100 = 1.306 | Final Dist 1000 = 1.161 | Init Dist = 12.806 | Init Dist 10 = 12.806 | Init Dist 100 = 12.806 | Init Dist 1000 = 12.806 | Learner Steps = 30624 | Learner Walltime = 6048.283 | Min Dist = 0.085 | Min Dist 10 = 0.156 | Min Dist 100 = 0.708 | Min Dist 1000 = 0.516 | Steps Per Second = 68.943 | Success = 1.000 | Success 1000 = 0.945
I0502 16:47:04.795490 139555860620864 terminal.py:91] [Actor] Actor Episodes = 39397 | Actor Steps = 1969850 | Delta Dist = 9.177 | Delta Dist 10 = 5.777 | Delta Dist 100 = 4.744 | Delta Dist 1000 = 4.570 | Episode Length = 50 | Episode Return = 11.0 | Evaluator Episodes = 9980 | Evaluator Steps = 499000 | Final Dist = 0.672 | Final Dist 10 = 1.301 | Final Dist 100 = 1.487 | Final Dist 1000 = 1.507 | Init Dist = 9.849 | Init Dist 10 = 7.079 | Init Dist 100 = 6.231 | Init Dist 1000 = 6.077 | Learner Steps = 30624 | Learner Walltime = 6048.283 | Min Dist = 0.073 | Min Dist 10 = 0.081 | Min Dist 100 = 0.090 | Min Dist 1000 = 0.182 | Steps Per Second = 79.557 | Success = 1.000 | Success 1000 = 0.986
I0502 16:47:05.712390 139579566835264 terminal.py:91] [Evaluator] Actor Episodes = 39404 | Actor Steps = 1970200 | Delta Dist = 12.519 | Delta Dist 10 = 12.026 | Delta Dist 100 = 11.511 | Delta Dist 1000 = 11.646 | Episode Length = 50 | Episode Return = 28.0 | Evaluator Episodes = 9984 | Evaluator Steps = 499200 | Final Dist = 0.288 | Final Dist 10 = 0.780 | Final Dist 100 = 1.296 | Final Dist 1000 = 1.160 | Init Dist = 12.806 | Init Dist 10 = 12.806 | Init Dist 100 = 12.806 | Init Dist 1000 = 12.806 | Learner Steps = 30630 | Learner Walltime = 6049.490 | Min Dist = 0.076 | Min Dist 10 = 0.106 | Min Dist 100 = 0.708 | Min Dist 1000 = 0.516 | Steps Per Second = 79.926 | Success = 1.000 | Success 1000 = 0.945
I0502 16:47:06.212464 139584504182336 lp_utils.py:96] StepsLimiter: Reached 1970400 recorded steps
I0502 16:47:06.912756 139579566835264 terminal.py:91] [Evaluator] Actor Episodes = 39412 | Actor Steps = 1970600 | Delta Dist = 11.935 | Delta Dist 10 = 12.079 | Delta Dist 100 = 11.526 | Delta Dist 1000 = 11.647 | Episode Length = 50 | Episode Return = 26.0 | Evaluator Episodes = 9986 | Evaluator Steps = 499300 | Final Dist = 0.872 | Final Dist 10 = 0.727 | Final Dist 100 = 1.281 | Final Dist 1000 = 1.159 | Init Dist = 12.806 | Init Dist 10 = 12.806 | Init Dist 100 = 12.806 | Init Dist 1000 = 12.806 | Learner Steps = 30636 | Learner Walltime = 6050.745 | Min Dist = 0.145 | Min Dist 10 = 0.103 | Min Dist 100 = 0.706 | Min Dist 1000 = 0.516 | Steps Per Second = 80.457 | Success = 1.000 | Success 1000 = 0.945
I0502 16:47:07.093940 139558059398720 terminal.py:91] [Actor] Actor Episodes = 39411 | Actor Steps = 1970550 | Delta Dist = 7.585 | Delta Dist 10 = 5.475 | Delta Dist 100 = 5.001 | Delta Dist 1000 = 4.605 | Episode Length = 50 | Episode Return = 35.0 | Evaluator Episodes = 9984 | Evaluator Steps = 499200 | Final Dist = 0.959 | Final Dist 10 = 1.216 | Final Dist 100 = 1.465 | Final Dist 1000 = 1.504 | Init Dist = 8.544 | Init Dist 10 = 6.691 | Init Dist 100 = 6.465 | Init Dist 1000 = 6.109 | Learner Steps = 30630 | Learner Walltime = 6049.490 | Min Dist = 0.036 | Min Dist 10 = 0.064 | Min Dist 100 = 0.082 | Min Dist 1000 = 0.183 | Steps Per Second = 76.911 | Success = 1.000 | Success 1000 = 0.987
I0502 16:47:08.123628 139579566835264 terminal.py:91] [Evaluator] Actor Episodes = 39420 | Actor Steps = 1971000 | Delta Dist = 12.204 | Delta Dist 10 = 12.242 | Delta Dist 100 = 11.534 | Delta Dist 1000 = 11.649 | Episode Length = 50 | Episode Return = 18.0 | Evaluator Episodes = 9988 | Evaluator Steps = 499400 | Final Dist = 0.603 | Final Dist 10 = 0.564 | Final Dist 100 = 1.273 | Final Dist 1000 = 1.158 | Init Dist = 12.806 | Init Dist 10 = 12.806 | Init Dist 100 = 12.806 | Init Dist 1000 = 12.806 | Learner Steps = 30642 | Learner Walltime = 6051.924 | Min Dist = 0.129 | Min Dist 10 = 0.098 | Min Dist 100 = 0.705 | Min Dist 1000 = 0.516 | Steps Per Second = 89.661 | Success = 1.000 | Success 1000 = 0.945
I0502 16:47:09.042182 139569349502528 terminal.py:91] [Actor] Actor Episodes = 39425 | Actor Steps = 1971250 | Delta Dist = 0.496 | Delta Dist 10 = 3.866 | Delta Dist 100 = 5.120 | Delta Dist 1000 = 4.586 | Episode Length = 50 | Episode Return = 27.0 | Evaluator Episodes = 9988 | Evaluator Steps = 499400 | Final Dist = 0.504 | Final Dist 10 = 0.631 | Final Dist 100 = 1.296 | Final Dist 1000 = 1.501 | Init Dist = 1.000 | Init Dist 10 = 4.497 | Init Dist 100 = 6.416 | Init Dist 1000 = 6.088 | Learner Steps = 30642 | Learner Walltime = 6051.924 | Min Dist = 0.008 | Min Dist 10 = 0.074 | Min Dist 100 = 0.085 | Min Dist 1000 = 0.183 | Steps Per Second = 87.002 | Success = 1.000 | Success 1000 = 0.987
I0502 16:47:09.282572 139579566835264 terminal.py:91] [Evaluator] Actor Episodes = 39428 | Actor Steps = 1971400 | Delta Dist = 12.186 | Delta Dist 10 = 12.233 | Delta Dist 100 = 11.545 | Delta Dist 1000 = 11.649 | Episode Length = 50 | Episode Return = 19.0 | Evaluator Episodes = 9990 | Evaluator Steps = 499500 | Final Dist = 0.620 | Final Dist 10 = 0.574 | Final Dist 100 = 1.261 | Final Dist 1000 = 1.157 | Init Dist = 12.806 | Init Dist 10 = 12.806 | Init Dist 100 = 12.806 | Init Dist 1000 = 12.806 | Learner Steps = 30648 | Learner Walltime = 6052.949 | Min Dist = 0.054 | Min Dist 10 = 0.122 | Min Dist 100 = 0.703 | Min Dist 1000 = 0.515 | Steps Per Second = 89.472 | Success = 1.000 | Success 1000 = 0.945
I0502 16:47:10.424353 139555013154368 terminal.py:91] [Learner] Actor Episodes = 39432 | Actor Loss = 3.709294080734253 | Actor Steps = 1971600 | Binary Accuracy = 0.9960429668426514 | Categorical Accuracy = 0.4197998046875 | Critic Loss = 1.7867655754089355 | Entropy Mean = -23.17240333557129 | Evaluator Episodes = 9990 | Evaluator Steps = 499500 | Learner Steps = 30656 | Learner Walltime = 6054.617 | Logits Neg = -17.198654174804688 | Logits Pos = -1.7643470764160156 | Logsumexp = 1.1600394248962402 | Steps Per Second = 354.221
I0502 16:47:10.434338 139579566835264 terminal.py:91] [Evaluator] Actor Episodes = 39436 | Actor Steps = 1971800 | Delta Dist = 6.590 | Delta Dist 10 = 12.333 | Delta Dist 100 = 11.566 | Delta Dist 1000 = 11.651 | Episode Length = 50 | Episode Return = 0.0 | Evaluator Episodes = 9992 | Evaluator Steps = 499600 | Final Dist = 6.217 | Final Dist 10 = 0.473 | Final Dist 100 = 1.240 | Final Dist 1000 = 1.156 | Init Dist = 12.806 | Init Dist 10 = 12.806 | Init Dist 100 = 12.806 | Init Dist 1000 = 12.806 | Learner Steps = 30653 | Learner Walltime = 6054.007 | Min Dist = 5.548 | Min Dist 10 = 0.109 | Min Dist 100 = 0.688 | Min Dist 1000 = 0.515 | Steps Per Second = 92.006 | Success = 0.000 | Success 1000 = 0.945
I0502 16:47:11.672496 139579566835264 terminal.py:91] [Evaluator] Actor Episodes = 39444 | Actor Steps = 1972200 | Delta Dist = 11.500 | Delta Dist 10 = 11.726 | Delta Dist 100 = 11.514 | Delta Dist 1000 = 11.648 | Episode Length = 50 | Episode Return = 32.0 | Evaluator Episodes = 9994 | Evaluator Steps = 499700 | Final Dist = 1.306 | Final Dist 10 = 1.081 | Final Dist 100 = 1.292 | Final Dist 1000 = 1.158 | Init Dist = 12.806 | Init Dist 10 = 12.806 | Init Dist 100 = 12.806 | Init Dist 1000 = 12.806 | Learner Steps = 30659 | Learner Walltime = 6055.228 | Min Dist = 0.059 | Min Dist 10 = 0.688 | Min Dist 100 = 0.746 | Min Dist 1000 = 0.517 | Steps Per Second = 85.763 | Success = 1.000 | Success 1000 = 0.945
I0502 16:47:12.547265 139557462840896 terminal.py:91] [Actor] Actor Episodes = 39447 | Actor Steps = 1972350 | Delta Dist = 4.317 | Delta Dist 10 = 5.549 | Delta Dist 100 = 5.075 | Delta Dist 1000 = 4.577 | Episode Length = 50 | Episode Return = 37.0 | Evaluator Episodes = 9994 | Evaluator Steps = 499700 | Final Dist = 0.155 | Final Dist 10 = 0.285 | Final Dist 100 = 1.142 | Final Dist 1000 = 1.498 | Init Dist = 4.472 | Init Dist 10 = 5.833 | Init Dist 100 = 6.217 | Init Dist 1000 = 6.075 | Learner Steps = 30659 | Learner Walltime = 6055.228 | Min Dist = 0.029 | Min Dist 10 = 0.051 | Min Dist 100 = 0.082 | Min Dist 1000 = 0.183 | Steps Per Second = 75.610 | Success = 1.000 | Success 1000 = 0.987
I0502 16:47:12.874718 139579566835264 terminal.py:91] [Evaluator] Actor Episodes = 39450 | Actor Steps = 1972500 | Delta Dist = 12.532 | Delta Dist 10 = 11.577 | Delta Dist 100 = 11.581 | Delta Dist 1000 = 11.649 | Episode Length = 50 | Episode Return = 14.0 | Evaluator Episodes = 9996 | Evaluator Steps = 499800 | Final Dist = 0.274 | Final Dist 10 = 1.229 | Final Dist 100 = 1.225 | Final Dist 1000 = 1.157 | Init Dist = 12.806 | Init Dist 10 = 12.806 | Init Dist 100 = 12.806 | Init Dist 1000 = 12.806 | Learner Steps = 30665 | Learner Walltime = 6056.365 | Min Dist = 0.099 | Min Dist 10 = 0.695 | Min Dist 100 = 0.661 | Min Dist 1000 = 0.517 | Steps Per Second = 85.511 | Success = 1.000 | Success 1000 = 0.945
I0502 16:47:14.152590 139579566835264 terminal.py:91] [Evaluator] Actor Episodes = 39458 | Actor Steps = 1972900 | Delta Dist = 12.447 | Delta Dist 10 = 11.597 | Delta Dist 100 = 11.588 | Delta Dist 1000 = 11.649 | Episode Length = 50 | Episode Return = 21.0 | Evaluator Episodes = 9998 | Evaluator Steps = 499900 | Final Dist = 0.359 | Final Dist 10 = 1.209 | Final Dist 100 = 1.219 | Final Dist 1000 = 1.157 | Init Dist = 12.806 | Init Dist 10 = 12.806 | Init Dist 100 = 12.806 | Init Dist 1000 = 12.806 | Learner Steps = 30671 | Learner Walltime = 6057.436 | Min Dist = 0.080 | Min Dist 10 = 0.691 | Min Dist 100 = 0.653 | Min Dist 1000 = 0.517 | Steps Per Second = 78.152 | Success = 1.000 | Success 1000 = 0.945
I0502 16:47:15.285793 139555860620864 terminal.py:91] [Actor] Actor Episodes = 39468 | Actor Steps = 1973400 | Delta Dist = 5.837 | Delta Dist 10 = 2.813 | Delta Dist 100 = 4.801 | Delta Dist 1000 = 4.564 | Episode Length = 50 | Episode Return = 36.0 | Evaluator Episodes = 9998 | Evaluator Steps = 499900 | Final Dist = 1.374 | Final Dist 10 = 0.875 | Final Dist 100 = 1.032 | Final Dist 1000 = 1.501 | Init Dist = 7.211 | Init Dist 10 = 3.688 | Init Dist 100 = 5.833 | Init Dist 1000 = 6.066 | Learner Steps = 30676 | Learner Walltime = 6058.522 | Min Dist = 0.018 | Min Dist 10 = 0.052 | Min Dist 100 = 0.081 | Min Dist 1000 = 0.183 | Steps Per Second = 77.986 | Success = 1.000 | Success 1000 = 0.987
I0502 16:47:15.352495 139579566835264 terminal.py:91] [Evaluator] Actor Episodes = 39468 | Actor Steps = 1973400 | Delta Dist = 12.530 | Delta Dist 10 = 11.550 | Delta Dist 100 = 11.681 | Delta Dist 1000 = 11.648 | Episode Length = 50 | Episode Return = 16.0 | Evaluator Episodes = 10000 | Evaluator Steps = 500000 | Final Dist = 0.276 | Final Dist 10 = 1.256 | Final Dist 100 = 1.125 | Final Dist 1000 = 1.158 | Init Dist = 12.806 | Init Dist 10 = 12.806 | Init Dist 100 = 12.806 | Init Dist 1000 = 12.806 | Learner Steps = 30676 | Learner Walltime = 6058.522 | Min Dist = 0.005 | Min Dist 10 = 0.670 | Min Dist 100 = 0.568 | Min Dist 1000 = 0.517 | Steps Per Second = 79.883 | Success = 1.000 | Success 1000 = 0.945
I0502 16:47:15.715411 139584635659840 savers.py:156] Saving checkpoint: logs/contrastive_cpc_point_FourRooms_64/5dd72662-2788-11f0-b183-d85ed38c5779/checkpoints/counter
I0502 16:47:16.236294 139584504182336 lp_utils.py:96] StepsLimiter: Reached 1973600 recorded steps
I0502 16:47:16.514031 139579566835264 terminal.py:91] [Evaluator] Actor Episodes = 39474 | Actor Steps = 1973700 | Delta Dist = 11.920 | Delta Dist 10 = 11.458 | Delta Dist 100 = 11.686 | Delta Dist 1000 = 11.648 | Episode Length = 50 | Episode Return = 19.0 | Evaluator Episodes = 10002 | Evaluator Steps = 500100 | Final Dist = 0.887 | Final Dist 10 = 1.349 | Final Dist 100 = 1.120 | Final Dist 1000 = 1.159 | Init Dist = 12.806 | Init Dist 10 = 12.806 | Init Dist 100 = 12.806 | Init Dist 1000 = 12.806 | Learner Steps = 30686 | Learner Walltime = 6060.691 | Min Dist = 0.065 | Min Dist 10 = 0.708 | Min Dist 100 = 0.564 | Min Dist 1000 = 0.517 | Steps Per Second = 89.150 | Success = 1.000 | Success 1000 = 0.945
I0502 16:47:17.629716 139558059398720 terminal.py:91] [Actor] Actor Episodes = 39482 | Actor Steps = 1974100 | Delta Dist = 5.081 | Delta Dist 10 = 2.884 | Delta Dist 100 = 4.649 | Delta Dist 1000 = 4.558 | Episode Length = 50 | Episode Return = 0.0 | Evaluator Episodes = 10002 | Evaluator Steps = 500100 | Final Dist = 2.199 | Final Dist 10 = 1.993 | Final Dist 100 = 1.062 | Final Dist 1000 = 1.498 | Init Dist = 7.280 | Init Dist 10 = 4.877 | Init Dist 100 = 5.711 | Init Dist 1000 = 6.055 | Learner Steps = 30686 | Learner Walltime = 6060.691 | Min Dist = 0.005 | Min Dist 10 = 1.108 | Min Dist 100 = 0.181 | Min Dist 1000 = 0.194 | Steps Per Second = 80.919 | Success = 1.000 | Success 1000 = 0.987
I0502 16:47:17.759842 139579566835264 terminal.py:91] [Evaluator] Actor Episodes = 39482 | Actor Steps = 1974100 | Delta Dist = 6.400 | Delta Dist 10 = 11.918 | Delta Dist 100 = 11.677 | Delta Dist 1000 = 11.647 | Episode Length = 50 | Episode Return = 0.0 | Evaluator Episodes = 10004 | Evaluator Steps = 500200 | Final Dist = 6.406 | Final Dist 10 = 0.888 | Final Dist 100 = 1.129 | Final Dist 1000 = 1.159 | Init Dist = 12.806 | Init Dist 10 = 12.806 | Init Dist 100 = 12.806 | Init Dist 1000 = 12.806 | Learner Steps = 30686 | Learner Walltime = 6060.691 | Min Dist = 5.199 | Min Dist 10 = 0.123 | Min Dist 100 = 0.560 | Min Dist 1000 = 0.517 | Steps Per Second = 82.770 | Success = 0.000 | Success 1000 = 0.945
I0502 16:47:18.903287 139579566835264 terminal.py:91] [Evaluator] Actor Episodes = 39490 | Actor Steps = 1974500 | Delta Dist = 11.659 | Delta Dist 10 = 11.344 | Delta Dist 100 = 11.611 | Delta Dist 1000 = 11.642 | Episode Length = 50 | Episode Return = 12.0 | Evaluator Episodes = 10006 | Evaluator Steps = 500300 | Final Dist = 1.148 | Final Dist 10 = 1.462 | Final Dist 100 = 1.195 | Final Dist 1000 = 1.164 | Init Dist = 12.806 | Init Dist 10 = 12.806 | Init Dist 100 = 12.806 | Init Dist 1000 = 12.806 | Learner Steps = 30699 | Learner Walltime = 6063.035 | Min Dist = 0.231 | Min Dist 10 = 0.634 | Min Dist 100 = 0.611 | Min Dist 1000 = 0.522 | Steps Per Second = 91.555 | Success = 1.000 | Success 1000 = 0.944
I0502 16:47:19.652018 139569349502528 terminal.py:91] [Actor] Actor Episodes = 39496 | Actor Steps = 1974800 | Delta Dist = 1.452 | Delta Dist 10 = 2.366 | Delta Dist 100 = 4.310 | Delta Dist 1000 = 4.546 | Episode Length = 50 | Episode Return = 0.0 | Evaluator Episodes = 10006 | Evaluator Steps = 500300 | Final Dist = 8.548 | Final Dist 10 = 3.193 | Final Dist 100 = 1.405 | Final Dist 1000 = 1.517 | Init Dist = 10.000 | Init Dist 10 = 5.558 | Init Dist 100 = 5.716 | Init Dist 1000 = 6.064 | Learner Steps = 30699 | Learner Walltime = 6063.035 | Min Dist = 0.093 | Min Dist 10 = 0.123 | Min Dist 100 = 0.179 | Min Dist 1000 = 0.193 | Steps Per Second = 75.454 | Success = 1.000 | Success 1000 = 0.987
I0502 16:47:20.055694 139579566835264 terminal.py:91] [Evaluator] Actor Episodes = 39498 | Actor Steps = 1974900 | Delta Dist = 11.841 | Delta Dist 10 = 11.292 | Delta Dist 100 = 11.605 | Delta Dist 1000 = 11.643 | Episode Length = 50 | Episode Return = 16.0 | Evaluator Episodes = 10008 | Evaluator Steps = 500400 | Final Dist = 0.965 | Final Dist 10 = 1.515 | Final Dist 100 = 1.202 | Final Dist 1000 = 1.163 | Init Dist = 12.806 | Init Dist 10 = 12.806 | Init Dist 100 = 12.806 | Init Dist 1000 = 12.806 | Learner Steps = 30699 | Learner Walltime = 6063.035 | Min Dist = 0.905 | Min Dist 10 = 0.650 | Min Dist 100 = 0.612 | Min Dist 1000 = 0.521 | Steps Per Second = 93.089 | Success = 1.000 | Success 1000 = 0.944
I0502 16:47:20.865012 139555013154368 terminal.py:91] [Learner] Actor Episodes = 39498 | Actor Loss = 3.664736270904541 | Actor Steps = 1974900 | Binary Accuracy = 0.9960870742797852 | Categorical Accuracy = 0.41925048828125 | Critic Loss = 1.7735601663589478 | Entropy Mean = -22.46954917907715 | Evaluator Episodes = 10008 | Evaluator Steps = 500400 | Learner Steps = 30708 | Learner Walltime = 6065.065 | Logits Neg = -17.336849212646484 | Logits Pos = -1.7417676448822021 | Logsumexp = 1.1951024532318115 | Steps Per Second = 138.140
I0502 16:47:21.258696 139579566835264 terminal.py:91] [Evaluator] Actor Episodes = 39506 | Actor Steps = 1975300 | Delta Dist = 12.438 | Delta Dist 10 = 11.182 | Delta Dist 100 = 11.599 | Delta Dist 1000 = 11.642 | Episode Length = 50 | Episode Return = 11.0 | Evaluator Episodes = 10010 | Evaluator Steps = 500500 | Final Dist = 0.368 | Final Dist 10 = 1.624 | Final Dist 100 = 1.207 | Final Dist 1000 = 1.164 | Init Dist = 12.806 | Init Dist 10 = 12.806 | Init Dist 100 = 12.806 | Init Dist 1000 = 12.806 | Learner Steps = 30704 | Learner Walltime = 6064.278 | Min Dist = 0.080 | Min Dist 10 = 0.748 | Min Dist 100 = 0.619 | Min Dist 1000 = 0.521 | Steps Per Second = 81.635 | Success = 1.000 | Success 1000 = 0.944
I0502 16:47:22.525342 139579566835264 terminal.py:91] [Evaluator] Actor Episodes = 39514 | Actor Steps = 1975700 | Delta Dist = 12.483 | Delta Dist 10 = 11.284 | Delta Dist 100 = 11.700 | Delta Dist 1000 = 11.644 | Episode Length = 50 | Episode Return = 25.0 | Evaluator Episodes = 10012 | Evaluator Steps = 500600 | Final Dist = 0.323 | Final Dist 10 = 1.523 | Final Dist 100 = 1.106 | Final Dist 1000 = 1.163 | Init Dist = 12.806 | Init Dist 10 = 12.806 | Init Dist 100 = 12.806 | Init Dist 1000 = 12.806 | Learner Steps = 30717 | Learner Walltime = 6066.544 | Min Dist = 0.323 | Min Dist 10 = 0.709 | Min Dist 100 = 0.538 | Min Dist 1000 = 0.521 | Steps Per Second = 77.218 | Success = 1.000 | Success 1000 = 0.944
I0502 16:47:22.661422 139557462840896 terminal.py:91] [Actor] Actor Episodes = 39511 | Actor Steps = 1975550 | Delta Dist = 4.029 | Delta Dist 10 = 4.222 | Delta Dist 100 = 3.913 | Delta Dist 1000 = 4.520 | Episode Length = 50 | Episode Return = 2.0 | Evaluator Episodes = 10010 | Evaluator Steps = 500500 | Final Dist = 1.070 | Final Dist 10 = 1.222 | Final Dist 100 = 1.366 | Final Dist 1000 = 1.517 | Init Dist = 5.099 | Init Dist 10 = 5.444 | Init Dist 100 = 5.279 | Init Dist 1000 = 6.037 | Learner Steps = 30711 | Learner Walltime = 6065.518 | Min Dist = 0.025 | Min Dist 10 = 0.130 | Min Dist 100 = 0.184 | Min Dist 1000 = 0.193 | Steps Per Second = 79.234 | Success = 1.000 | Success 1000 = 0.988
I0502 16:47:23.744490 139579566835264 terminal.py:91] [Evaluator] Actor Episodes = 39522 | Actor Steps = 1976100 | Delta Dist = 11.476 | Delta Dist 10 = 11.451 | Delta Dist 100 = 11.703 | Delta Dist 1000 = 11.644 | Episode Length = 50 | Episode Return = 7.0 | Evaluator Episodes = 10014 | Evaluator Steps = 500700 | Final Dist = 1.331 | Final Dist 10 = 1.355 | Final Dist 100 = 1.103 | Final Dist 1000 = 1.162 | Init Dist = 12.806 | Init Dist 10 = 12.806 | Init Dist 100 = 12.806 | Init Dist 1000 = 12.806 | Learner Steps = 30722 | Learner Walltime = 6067.696 | Min Dist = 0.639 | Min Dist 10 = 0.729 | Min Dist 100 = 0.540 | Min Dist 1000 = 0.521 | Steps Per Second = 81.241 | Success = 1.000 | Success 1000 = 0.944
I0502 16:47:24.745053 139583350109760 savers.py:156] Saving checkpoint: logs/contrastive_cpc_point_FourRooms_64/5dd72662-2788-11f0-b183-d85ed38c5779/checkpoints/learner
I0502 16:47:25.135769 139579566835264 terminal.py:91] [Evaluator] Actor Episodes = 39530 | Actor Steps = 1976500 | Delta Dist = 12.460 | Delta Dist 10 = 12.076 | Delta Dist 100 = 11.721 | Delta Dist 1000 = 11.644 | Episode Length = 50 | Episode Return = 28.0 | Evaluator Episodes = 10016 | Evaluator Steps = 500800 | Final Dist = 0.346 | Final Dist 10 = 0.730 | Final Dist 100 = 1.085 | Final Dist 1000 = 1.162 | Init Dist = 12.806 | Init Dist 10 = 12.806 | Init Dist 100 = 12.806 | Init Dist 1000 = 12.806 | Learner Steps = 30728 | Learner Walltime = 6068.947 | Min Dist = 0.064 | Min Dist 10 = 0.268 | Min Dist 100 = 0.524 | Min Dist 1000 = 0.521 | Steps Per Second = 69.498 | Success = 1.000 | Success 1000 = 0.944
I0502 16:47:25.400185 139555860620864 terminal.py:91] [Actor] Actor Episodes = 39532 | Actor Steps = 1976600 | Delta Dist = 1.394 | Delta Dist 10 = 3.319 | Delta Dist 100 = 3.918 | Delta Dist 1000 = 4.490 | Episode Length = 50 | Episode Return = 47.0 | Evaluator Episodes = 10016 | Evaluator Steps = 500800 | Final Dist = 3.606 | Final Dist 10 = 2.050 | Final Dist 100 = 1.519 | Final Dist 1000 = 1.531 | Init Dist = 5.000 | Init Dist 10 = 5.369 | Init Dist 100 = 5.437 | Init Dist 1000 = 6.022 | Learner Steps = 30728 | Learner Walltime = 6068.947 | Min Dist = 0.529 | Min Dist 10 = 0.157 | Min Dist 100 = 0.193 | Min Dist 1000 = 0.192 | Steps Per Second = 69.810 | Success = 1.000 | Success 1000 = 0.989
I0502 16:47:26.255924 139584504182336 lp_utils.py:96] StepsLimiter: Reached 1976800 recorded steps
I0502 16:47:26.562306 139579566835264 terminal.py:91] [Evaluator] Actor Episodes = 39538 | Actor Steps = 1976900 | Delta Dist = 11.249 | Delta Dist 10 = 12.129 | Delta Dist 100 = 11.759 | Delta Dist 1000 = 11.645 | Episode Length = 50 | Episode Return = 24.0 | Evaluator Episodes = 10018 | Evaluator Steps = 500900 | Final Dist = 1.557 | Final Dist 10 = 0.678 | Final Dist 100 = 1.048 | Final Dist 1000 = 1.161 | Init Dist = 12.806 | Init Dist 10 = 12.806 | Init Dist 100 = 12.806 | Init Dist 1000 = 12.806 | Learner Steps = 30732 | Learner Walltime = 6069.960 | Min Dist = 0.097 | Min Dist 10 = 0.264 | Min Dist 100 = 0.478 | Min Dist 1000 = 0.521 | Steps Per Second = 69.929 | Success = 1.000 | Success 1000 = 0.944
I0502 16:47:27.703188 139579566835264 terminal.py:91] [Evaluator] Actor Episodes = 39546 | Actor Steps = 1977300 | Delta Dist = 12.718 | Delta Dist 10 = 12.088 | Delta Dist 100 = 11.750 | Delta Dist 1000 = 11.643 | Episode Length = 50 | Episode Return = 21.0 | Evaluator Episodes = 10020 | Evaluator Steps = 501000 | Final Dist = 0.088 | Final Dist 10 = 0.718 | Final Dist 100 = 1.057 | Final Dist 1000 = 1.163 | Init Dist = 12.806 | Init Dist 10 = 12.806 | Init Dist 100 = 12.806 | Init Dist 1000 = 12.806 | Learner Steps = 30737 | Learner Walltime = 6071.103 | Min Dist = 0.077 | Min Dist 10 = 0.202 | Min Dist 100 = 0.478 | Min Dist 1000 = 0.522 | Steps Per Second = 85.812 | Success = 1.000 | Success 1000 = 0.944
I0502 16:47:28.235101 139558059398720 terminal.py:91] [Actor] Actor Episodes = 39547 | Actor Steps = 1977350 | Delta Dist = 9.575 | Delta Dist 10 = 5.926 | Delta Dist 100 = 3.886 | Delta Dist 1000 = 4.491 | Episode Length = 50 | Episode Return = 19.0 | Evaluator Episodes = 10018 | Evaluator Steps = 500900 | Final Dist = 0.425 | Final Dist 10 = 0.995 | Final Dist 100 = 1.708 | Final Dist 1000 = 1.548 | Init Dist = 10.000 | Init Dist 10 = 6.922 | Init Dist 100 = 5.594 | Init Dist 1000 = 6.039 | Learner Steps = 30737 | Learner Walltime = 6071.103 | Min Dist = 0.019 | Min Dist 10 = 0.433 | Min Dist 100 = 0.228 | Min Dist 1000 = 0.189 | Steps Per Second = 81.493 | Success = 1.000 | Success 1000 = 0.988
I0502 16:47:28.850376 139579566835264 terminal.py:91] [Evaluator] Actor Episodes = 39552 | Actor Steps = 1977600 | Delta Dist = 11.674 | Delta Dist 10 = 11.988 | Delta Dist 100 = 11.746 | Delta Dist 1000 = 11.644 | Episode Length = 50 | Episode Return = 9.0 | Evaluator Episodes = 10022 | Evaluator Steps = 501100 | Final Dist = 1.132 | Final Dist 10 = 0.819 | Final Dist 100 = 1.060 | Final Dist 1000 = 1.163 | Init Dist = 12.806 | Init Dist 10 = 12.806 | Init Dist 100 = 12.806 | Init Dist 1000 = 12.806 | Learner Steps = 30744 | Learner Walltime = 6072.314 | Min Dist = 0.470 | Min Dist 10 = 0.268 | Min Dist 100 = 0.482 | Min Dist 1000 = 0.522 | Steps Per Second = 81.137 | Success = 1.000 | Success 1000 = 0.944
I0502 16:47:29.804203 139569349502528 terminal.py:91] [Actor] Actor Episodes = 39558 | Actor Steps = 1977900 | Delta Dist = 4.226 | Delta Dist 10 = 4.822 | Delta Dist 100 = 3.913 | Delta Dist 1000 = 4.497 | Episode Length = 50 | Episode Return = 29.0 | Evaluator Episodes = 10022 | Evaluator Steps = 501100 | Final Dist = 0.774 | Final Dist 10 = 1.829 | Final Dist 100 = 1.807 | Final Dist 1000 = 1.543 | Init Dist = 5.000 | Init Dist 10 = 6.651 | Init Dist 100 = 5.721 | Init Dist 1000 = 6.040 | Learner Steps = 30750 | Learner Walltime = 6073.483 | Min Dist = 0.024 | Min Dist 10 = 0.100 | Min Dist 100 = 0.225 | Min Dist 1000 = 0.189 | Steps Per Second = 77.964 | Success = 1.000 | Success 1000 = 0.988
I0502 16:47:30.086109 139579566835264 terminal.py:91] [Evaluator] Actor Episodes = 39562 | Actor Steps = 1978100 | Delta Dist = 12.057 | Delta Dist 10 = 11.935 | Delta Dist 100 = 11.742 | Delta Dist 1000 = 11.645 | Episode Length = 50 | Episode Return = 22.0 | Evaluator Episodes = 10024 | Evaluator Steps = 501200 | Final Dist = 0.749 | Final Dist 10 = 0.871 | Final Dist 100 = 1.064 | Final Dist 1000 = 1.162 | Init Dist = 12.806 | Init Dist 10 = 12.806 | Init Dist 100 = 12.806 | Init Dist 1000 = 12.806 | Learner Steps = 30750 | Learner Walltime = 6073.483 | Min Dist = 0.052 | Min Dist 10 = 0.290 | Min Dist 100 = 0.484 | Min Dist 1000 = 0.522 | Steps Per Second = 78.758 | Success = 1.000 | Success 1000 = 0.944
I0502 16:47:31.086720 139555013154368 terminal.py:91] [Learner] Actor Episodes = 39564 | Actor Loss = 3.7158055305480957 | Actor Steps = 1978200 | Binary Accuracy = 0.9960305690765381 | Categorical Accuracy = 0.430419921875 | Critic Loss = 1.7634522914886475 | Entropy Mean = -21.994731903076172 | Evaluator Episodes = 10024 | Evaluator Steps = 501200 | Learner Steps = 30759 | Learner Walltime = 6075.283 | Logits Neg = -17.361541748046875 | Logits Pos = -1.7393871545791626 | Logsumexp = 1.2234530448913574 | Steps Per Second = 256.667
I0502 16:47:31.302939 139579566835264 terminal.py:91] [Evaluator] Actor Episodes = 39568 | Actor Steps = 1978400 | Delta Dist = 12.654 | Delta Dist 10 = 12.003 | Delta Dist 100 = 11.757 | Delta Dist 1000 = 11.645 | Episode Length = 50 | Episode Return = 33.0 | Evaluator Episodes = 10026 | Evaluator Steps = 501300 | Final Dist = 0.152 | Final Dist 10 = 0.804 | Final Dist 100 = 1.050 | Final Dist 1000 = 1.161 | Init Dist = 12.806 | Init Dist 10 = 12.806 | Init Dist 100 = 12.806 | Init Dist 1000 = 12.806 | Learner Steps = 30756 | Learner Walltime = 6074.652 | Min Dist = 0.152 | Min Dist 10 = 0.229 | Min Dist 100 = 0.480 | Min Dist 1000 = 0.522 | Steps Per Second = 85.721 | Success = 1.000 | Success 1000 = 0.944
I0502 16:47:32.481668 139579566835264 terminal.py:91] [Evaluator] Actor Episodes = 39576 | Actor Steps = 1978800 | Delta Dist = 8.081 | Delta Dist 10 = 12.007 | Delta Dist 100 = 11.834 | Delta Dist 1000 = 11.646 | Episode Length = 50 | Episode Return = 0.0 | Evaluator Episodes = 10028 | Evaluator Steps = 501400 | Final Dist = 4.725 | Final Dist 10 = 0.799 | Final Dist 100 = 0.972 | Final Dist 1000 = 1.161 | Init Dist = 12.806 | Init Dist 10 = 12.806 | Init Dist 100 = 12.806 | Init Dist 1000 = 12.806 | Learner Steps = 30762 | Learner Walltime = 6075.904 | Min Dist = 4.725 | Min Dist 10 = 0.267 | Min Dist 100 = 0.401 | Min Dist 1000 = 0.522 | Steps Per Second = 78.603 | Success = 0.000 | Success 1000 = 0.944
I0502 16:47:32.946258 139557462840896 terminal.py:91] [Actor] Actor Episodes = 39577 | Actor Steps = 1978850 | Delta Dist = 6.815 | Delta Dist 10 = 5.224 | Delta Dist 100 = 4.119 | Delta Dist 1000 = 4.495 | Episode Length = 50 | Episode Return = 19.0 | Evaluator Episodes = 10026 | Evaluator Steps = 501300 | Final Dist = 1.247 | Final Dist 10 = 2.173 | Final Dist 100 = 1.922 | Final Dist 1000 = 1.535 | Init Dist = 8.062 | Init Dist 10 = 7.397 | Init Dist 100 = 6.040 | Init Dist 1000 = 6.029 | Learner Steps = 30762 | Learner Walltime = 6075.904 | Min Dist = 0.009 | Min Dist 10 = 0.103 | Min Dist 100 = 0.149 | Min Dist 1000 = 0.189 | Steps Per Second = 81.131 | Success = 1.000 | Success 1000 = 0.989
I0502 16:47:33.637668 139579566835264 terminal.py:91] [Evaluator] Actor Episodes = 39584 | Actor Steps = 1979200 | Delta Dist = 11.078 | Delta Dist 10 = 11.785 | Delta Dist 100 = 11.801 | Delta Dist 1000 = 11.642 | Episode Length = 50 | Episode Return = 7.0 | Evaluator Episodes = 10030 | Evaluator Steps = 501500 | Final Dist = 1.729 | Final Dist 10 = 1.021 | Final Dist 100 = 1.005 | Final Dist 1000 = 1.164 | Init Dist = 12.806 | Init Dist 10 = 12.806 | Init Dist 100 = 12.806 | Init Dist 1000 = 12.806 | Learner Steps = 30767 | Learner Walltime = 6076.971 | Min Dist = 0.599 | Min Dist 10 = 0.699 | Min Dist 100 = 0.446 | Min Dist 1000 = 0.527 | Steps Per Second = 86.721 | Success = 1.000 | Success 1000 = 0.943
I0502 16:47:34.801352 139579566835264 terminal.py:91] [Evaluator] Actor Episodes = 39592 | Actor Steps = 1979600 | Delta Dist = 11.260 | Delta Dist 10 = 11.736 | Delta Dist 100 = 11.802 | Delta Dist 1000 = 11.643 | Episode Length = 50 | Episode Return = 24.0 | Evaluator Episodes = 10032 | Evaluator Steps = 501600 | Final Dist = 1.546 | Final Dist 10 = 1.071 | Final Dist 100 = 1.004 | Final Dist 1000 = 1.164 | Init Dist = 12.806 | Init Dist 10 = 12.806 | Init Dist 100 = 12.806 | Init Dist 1000 = 12.806 | Learner Steps = 30773 | Learner Walltime = 6078.118 | Min Dist = 0.153 | Min Dist 10 = 0.689 | Min Dist 100 = 0.442 | Min Dist 1000 = 0.526 | Steps Per Second = 89.074 | Success = 1.000 | Success 1000 = 0.944
I0502 16:47:35.710520 139555860620864 terminal.py:91] [Actor] Actor Episodes = 39597 | Actor Steps = 1979850 | Delta Dist = 6.838 | Delta Dist 10 = 4.012 | Delta Dist 100 = 4.358 | Delta Dist 1000 = 4.499 | Episode Length = 50 | Episode Return = 30.0 | Evaluator Episodes = 10032 | Evaluator Steps = 501600 | Final Dist = 0.162 | Final Dist 10 = 1.255 | Final Dist 100 = 1.623 | Final Dist 1000 = 1.538 | Init Dist = 7.000 | Init Dist 10 = 5.267 | Init Dist 100 = 5.981 | Init Dist 1000 = 6.036 | Learner Steps = 30773 | Learner Walltime = 6078.118 | Min Dist = 0.057 | Min Dist 10 = 0.065 | Min Dist 100 = 0.144 | Min Dist 1000 = 0.189 | Steps Per Second = 77.773 | Success = 1.000 | Success 1000 = 0.989
I0502 16:47:36.064361 139579566835264 terminal.py:91] [Evaluator] Actor Episodes = 39600 | Actor Steps = 1980000 | Delta Dist = 12.199 | Delta Dist 10 = 11.692 | Delta Dist 100 = 11.797 | Delta Dist 1000 = 11.642 | Episode Length = 50 | Episode Return = 23.0 | Evaluator Episodes = 10034 | Evaluator Steps = 501700 | Final Dist = 0.607 | Final Dist 10 = 1.114 | Final Dist 100 = 1.010 | Final Dist 1000 = 1.164 | Init Dist = 12.806 | Init Dist 10 = 12.806 | Init Dist 100 = 12.806 | Init Dist 1000 = 12.806 | Learner Steps = 30780 | Learner Walltime = 6079.326 | Min Dist = 0.152 | Min Dist 10 = 0.649 | Min Dist 100 = 0.442 | Min Dist 1000 = 0.526 | Steps Per Second = 82.702 | Success = 1.000 | Success 1000 = 0.944
I0502 16:47:36.271705 139584504182336 lp_utils.py:96] StepsLimiter: Reached 1980000 recorded steps
I0502 16:47:37.192287 139579566835264 terminal.py:91] [Evaluator] Actor Episodes = 39606 | Actor Steps = 1980300 | Delta Dist = 11.812 | Delta Dist 10 = 11.596 | Delta Dist 100 = 11.792 | Delta Dist 1000 = 11.642 | Episode Length = 50 | Episode Return = 19.0 | Evaluator Episodes = 10036 | Evaluator Steps = 501800 | Final Dist = 0.994 | Final Dist 10 = 1.210 | Final Dist 100 = 1.014 | Final Dist 1000 = 1.164 | Init Dist = 12.806 | Init Dist 10 = 12.806 | Init Dist 100 = 12.806 | Init Dist 1000 = 12.806 | Learner Steps = 30786 | Learner Walltime = 6080.610 | Min Dist = 0.029 | Min Dist 10 = 0.666 | Min Dist 100 = 0.439 | Min Dist 1000 = 0.526 | Steps Per Second = 93.584 | Success = 1.000 | Success 1000 = 0.944
I0502 16:47:38.365392 139579566835264 terminal.py:91] [Evaluator] Actor Episodes = 39614 | Actor Steps = 1980700 | Delta Dist = 12.644 | Delta Dist 10 = 11.524 | Delta Dist 100 = 11.796 | Delta Dist 1000 = 11.642 | Episode Length = 50 | Episode Return = 6.0 | Evaluator Episodes = 10038 | Evaluator Steps = 501900 | Final Dist = 0.163 | Final Dist 10 = 1.283 | Final Dist 100 = 1.011 | Final Dist 1000 = 1.164 | Init Dist = 12.806 | Init Dist 10 = 12.806 | Init Dist 100 = 12.806 | Init Dist 1000 = 12.806 | Learner Steps = 30793 | Learner Walltime = 6081.996 | Min Dist = 0.149 | Min Dist 10 = 0.642 | Min Dist 100 = 0.438 | Min Dist 1000 = 0.526 | Steps Per Second = 83.713 | Success = 1.000 | Success 1000 = 0.944
I0502 16:47:38.807586 139558059398720 terminal.py:91] [Actor] Actor Episodes = 39618 | Actor Steps = 1980900 | Delta Dist = 2.737 | Delta Dist 10 = 4.831 | Delta Dist 100 = 4.339 | Delta Dist 1000 = 4.509 | Episode Length = 50 | Episode Return = 37.0 | Evaluator Episodes = 10038 | Evaluator Steps = 501900 | Final Dist = 0.263 | Final Dist 10 = 1.867 | Final Dist 100 = 1.782 | Final Dist 1000 = 1.544 | Init Dist = 3.000 | Init Dist 10 = 6.697 | Init Dist 100 = 6.121 | Init Dist 1000 = 6.054 | Learner Steps = 30793 | Learner Walltime = 6081.996 | Min Dist = 0.009 | Min Dist 10 = 0.070 | Min Dist 100 = 0.136 | Min Dist 1000 = 0.188 | Steps Per Second = 74.848 | Success = 1.000 | Success 1000 = 0.989
I0502 16:47:39.819008 139579566835264 terminal.py:91] [Evaluator] Actor Episodes = 39622 | Actor Steps = 1981100 | Delta Dist = 12.351 | Delta Dist 10 = 12.004 | Delta Dist 100 = 11.816 | Delta Dist 1000 = 11.643 | Episode Length = 50 | Episode Return = 16.0 | Evaluator Episodes = 10040 | Evaluator Steps = 502000 | Final Dist = 0.455 | Final Dist 10 = 0.802 | Final Dist 100 = 0.990 | Final Dist 1000 = 1.163 | Init Dist = 12.806 | Init Dist 10 = 12.806 | Init Dist 100 = 12.806 | Init Dist 1000 = 12.806 | Learner Steps = 30798 | Learner Walltime = 6083.192 | Min Dist = 0.105 | Min Dist 10 = 0.191 | Min Dist 100 = 0.428 | Min Dist 1000 = 0.526 | Steps Per Second = 70.264 | Success = 1.000 | Success 1000 = 0.944
I0502 16:47:40.412236 139569349502528 terminal.py:91] [Actor] Actor Episodes = 39623 | Actor Steps = 1981150 | Delta Dist = 4.864 | Delta Dist 10 = 4.756 | Delta Dist 100 = 4.430 | Delta Dist 1000 = 4.512 | Episode Length = 50 | Episode Return = 26.0 | Evaluator Episodes = 10038 | Evaluator Steps = 501900 | Final Dist = 1.219 | Final Dist 10 = 0.390 | Final Dist 100 = 1.635 | Final Dist 1000 = 1.528 | Init Dist = 6.083 | Init Dist 10 = 5.146 | Init Dist 100 = 6.064 | Init Dist 1000 = 6.041 | Learner Steps = 30798 | Learner Walltime = 6083.192 | Min Dist = 0.016 | Min Dist 10 = 0.029 | Min Dist 100 = 0.131 | Min Dist 1000 = 0.181 | Steps Per Second = 72.167 | Success = 1.000 | Success 1000 = 0.989
I0502 16:47:41.087171 139579566835264 terminal.py:91] [Evaluator] Actor Episodes = 39632 | Actor Steps = 1981600 | Delta Dist = 12.074 | Delta Dist 10 = 12.059 | Delta Dist 100 = 11.818 | Delta Dist 1000 = 11.642 | Episode Length = 50 | Episode Return = 20.0 | Evaluator Episodes = 10042 | Evaluator Steps = 502100 | Final Dist = 0.732 | Final Dist 10 = 0.747 | Final Dist 100 = 0.988 | Final Dist 1000 = 1.164 | Init Dist = 12.806 | Init Dist 10 = 12.806 | Init Dist 100 = 12.806 | Init Dist 1000 = 12.806 | Learner Steps = 30804 | Learner Walltime = 6084.398 | Min Dist = 0.340 | Min Dist 10 = 0.162 | Min Dist 100 = 0.429 | Min Dist 1000 = 0.526 | Steps Per Second = 85.089 | Success = 1.000 | Success 1000 = 0.944
I0502 16:47:41.153776 139555013154368 terminal.py:91] [Learner] Actor Episodes = 39626 | Actor Loss = 3.6708433628082275 | Actor Steps = 1981300 | Binary Accuracy = 0.9960577487945557 | Categorical Accuracy = 0.4210205078125 | Critic Loss = 1.8020493984222412 | Entropy Mean = -22.339611053466797 | Evaluator Episodes = 10040 | Evaluator Steps = 502000 | Learner Steps = 30809 | Learner Walltime = 6085.347 | Logits Neg = -17.29831314086914 | Logits Pos = -1.781612753868103 | Logsumexp = 1.1045154333114624 | Steps Per Second = 439.479
I0502 16:47:42.400971 139579566835264 terminal.py:91] [Evaluator] Actor Episodes = 39640 | Actor Steps = 1982000 | Delta Dist = 12.511 | Delta Dist 10 = 12.047 | Delta Dist 100 = 11.825 | Delta Dist 1000 = 11.643 | Episode Length = 50 | Episode Return = 20.0 | Evaluator Episodes = 10044 | Evaluator Steps = 502200 | Final Dist = 0.295 | Final Dist 10 = 0.760 | Final Dist 100 = 0.982 | Final Dist 1000 = 1.164 | Init Dist = 12.806 | Init Dist 10 = 12.806 | Init Dist 100 = 12.806 | Init Dist 1000 = 12.806 | Learner Steps = 30815 | Learner Walltime = 6086.536 | Min Dist = 0.037 | Min Dist 10 = 0.205 | Min Dist 100 = 0.430 | Min Dist 1000 = 0.527 | Steps Per Second = 79.174 | Success = 1.000 | Success 1000 = 0.944
I0502 16:47:42.992369 139557462840896 terminal.py:91] [Actor] Actor Episodes = 39639 | Actor Steps = 1981950 | Delta Dist = 0.318 | Delta Dist 10 = 4.206 | Delta Dist 100 = 4.631 | Delta Dist 1000 = 4.502 | Episode Length = 50 | Episode Return = 22.0 | Evaluator Episodes = 10042 | Evaluator Steps = 502100 | Final Dist = 0.682 | Final Dist 10 = 1.330 | Final Dist 100 = 1.447 | Final Dist 1000 = 1.538 | Init Dist = 1.000 | Init Dist 10 = 5.536 | Init Dist 100 = 6.079 | Init Dist 1000 = 6.040 | Learner Steps = 30815 | Learner Walltime = 6086.536 | Min Dist = 0.682 | Min Dist 10 = 0.434 | Min Dist 100 = 0.137 | Min Dist 1000 = 0.185 | Steps Per Second = 77.667 | Success = 1.000 | Success 1000 = 0.989
I0502 16:47:43.811926 139579566835264 terminal.py:91] [Evaluator] Actor Episodes = 39648 | Actor Steps = 1982400 | Delta Dist = 12.103 | Delta Dist 10 = 12.090 | Delta Dist 100 = 11.826 | Delta Dist 1000 = 11.643 | Episode Length = 50 | Episode Return = 18.0 | Evaluator Episodes = 10046 | Evaluator Steps = 502300 | Final Dist = 0.703 | Final Dist 10 = 0.717 | Final Dist 100 = 0.980 | Final Dist 1000 = 1.164 | Init Dist = 12.806 | Init Dist 10 = 12.806 | Init Dist 100 = 12.806 | Init Dist 1000 = 12.806 | Learner Steps = 30821 | Learner Walltime = 6087.937 | Min Dist = 0.454 | Min Dist 10 = 0.193 | Min Dist 100 = 0.426 | Min Dist 1000 = 0.526 | Steps Per Second = 68.072 | Success = 1.000 | Success 1000 = 0.944
I0502 16:47:45.220625 139579566835264 terminal.py:91] [Evaluator] Actor Episodes = 39656 | Actor Steps = 1982800 | Delta Dist = 12.465 | Delta Dist 10 = 12.087 | Delta Dist 100 = 11.826 | Delta Dist 1000 = 11.642 | Episode Length = 50 | Episode Return = 29.0 | Evaluator Episodes = 10048 | Evaluator Steps = 502400 | Final Dist = 0.342 | Final Dist 10 = 0.719 | Final Dist 100 = 0.980 | Final Dist 1000 = 1.164 | Init Dist = 12.806 | Init Dist 10 = 12.806 | Init Dist 100 = 12.806 | Init Dist 1000 = 12.806 | Learner Steps = 30827 | Learner Walltime = 6089.261 | Min Dist = 0.145 | Min Dist 10 = 0.203 | Min Dist 100 = 0.422 | Min Dist 1000 = 0.527 | Steps Per Second = 71.699 | Success = 1.000 | Success 1000 = 0.944
I0502 16:47:46.258525 139555860620864 terminal.py:91] [Actor] Actor Episodes = 39661 | Actor Steps = 1983050 | Delta Dist = 3.053 | Delta Dist 10 = 5.022 | Delta Dist 100 = 4.717 | Delta Dist 1000 = 4.508 | Episode Length = 50 | Episode Return = 8.0 | Evaluator Episodes = 10048 | Evaluator Steps = 502400 | Final Dist = 1.070 | Final Dist 10 = 0.735 | Final Dist 100 = 1.270 | Final Dist 1000 = 1.529 | Init Dist = 4.123 | Init Dist 10 = 5.757 | Init Dist 100 = 5.986 | Init Dist 1000 = 6.038 | Learner Steps = 30827 | Learner Walltime = 6089.261 | Min Dist = 0.079 | Min Dist 10 = 0.073 | Min Dist 100 = 0.110 | Min Dist 1000 = 0.184 | Steps Per Second = 80.363 | Success = 1.000 | Success 1000 = 0.989
I0502 16:47:46.291198 139584504182336 lp_utils.py:96] StepsLimiter: Reached 1983000 recorded steps
I0502 16:47:46.628244 139579566835264 terminal.py:91] [Evaluator] Actor Episodes = 39664 | Actor Steps = 1983200 | Delta Dist = 11.858 | Delta Dist 10 = 11.947 | Delta Dist 100 = 11.815 | Delta Dist 1000 = 11.641 | Episode Length = 50 | Episode Return = 17.0 | Evaluator Episodes = 10050 | Evaluator Steps = 502500 | Final Dist = 0.948 | Final Dist 10 = 0.859 | Final Dist 100 = 0.991 | Final Dist 1000 = 1.165 | Init Dist = 12.806 | Init Dist 10 = 12.806 | Init Dist 100 = 12.806 | Init Dist 1000 = 12.806 | Learner Steps = 30833 | Learner Walltime = 6090.558 | Min Dist = 0.320 | Min Dist 10 = 0.209 | Min Dist 100 = 0.422 | Min Dist 1000 = 0.527 | Steps Per Second = 70.571 | Success = 1.000 | Success 1000 = 0.944
I0502 16:47:47.770623 139579566835264 terminal.py:91] [Evaluator] Actor Episodes = 39668 | Actor Steps = 1983400 | Delta Dist = 11.378 | Delta Dist 10 = 11.992 | Delta Dist 100 = 11.816 | Delta Dist 1000 = 11.642 | Episode Length = 50 | Episode Return = 6.0 | Evaluator Episodes = 10052 | Evaluator Steps = 502600 | Final Dist = 1.428 | Final Dist 10 = 0.815 | Final Dist 100 = 0.990 | Final Dist 1000 = 1.164 | Init Dist = 12.806 | Init Dist 10 = 12.806 | Init Dist 100 = 12.806 | Init Dist 1000 = 12.806 | Learner Steps = 30839 | Learner Walltime = 6091.566 | Min Dist = 0.267 | Min Dist 10 = 0.202 | Min Dist 100 = 0.420 | Min Dist 1000 = 0.526 | Steps Per Second = 92.921 | Success = 1.000 | Success 1000 = 0.944
I0502 16:47:48.817163 139579566835264 terminal.py:91] [Evaluator] Actor Episodes = 39676 | Actor Steps = 1983800 | Delta Dist = 12.500 | Delta Dist 10 = 11.888 | Delta Dist 100 = 11.858 | Delta Dist 1000 = 11.641 | Episode Length = 50 | Episode Return = 18.0 | Evaluator Episodes = 10054 | Evaluator Steps = 502700 | Final Dist = 0.306 | Final Dist 10 = 0.918 | Final Dist 100 = 0.949 | Final Dist 1000 = 1.165 | Init Dist = 12.806 | Init Dist 10 = 12.806 | Init Dist 100 = 12.806 | Init Dist 1000 = 12.806 | Learner Steps = 30843 | Learner Walltime = 6092.613 | Min Dist = 0.298 | Min Dist 10 = 0.211 | Min Dist 100 = 0.369 | Min Dist 1000 = 0.527 | Steps Per Second = 96.554 | Success = 1.000 | Success 1000 = 0.944
I0502 16:47:49.237540 139558059398720 terminal.py:91] [Actor] Actor Episodes = 39684 | Actor Steps = 1984200 | Delta Dist = 10.083 | Delta Dist 10 = 4.915 | Delta Dist 100 = 4.538 | Delta Dist 1000 = 4.503 | Episode Length = 50 | Episode Return = 18.0 | Evaluator Episodes = 10054 | Evaluator Steps = 502700 | Final Dist = 0.687 | Final Dist 10 = 1.155 | Final Dist 100 = 1.190 | Final Dist 1000 = 1.519 | Init Dist = 10.770 | Init Dist 10 = 6.070 | Init Dist 100 = 5.728 | Init Dist 1000 = 6.022 | Learner Steps = 30843 | Learner Walltime = 6092.613 | Min Dist = 0.142 | Min Dist 10 = 0.374 | Min Dist 100 = 0.140 | Min Dist 1000 = 0.180 | Steps Per Second = 81.381 | Success = 1.000 | Success 1000 = 0.990
I0502 16:47:50.016047 139579566835264 terminal.py:91] [Evaluator] Actor Episodes = 39684 | Actor Steps = 1984200 | Delta Dist = 11.982 | Delta Dist 10 = 11.863 | Delta Dist 100 = 11.861 | Delta Dist 1000 = 11.640 | Episode Length = 50 | Episode Return = 8.0 | Evaluator Episodes = 10056 | Evaluator Steps = 502800 | Final Dist = 0.824 | Final Dist 10 = 0.943 | Final Dist 100 = 0.946 | Final Dist 1000 = 1.167 | Init Dist = 12.806 | Init Dist 10 = 12.806 | Init Dist 100 = 12.806 | Init Dist 1000 = 12.806 | Learner Steps = 30850 | Learner Walltime = 6093.960 | Min Dist = 0.410 | Min Dist 10 = 0.255 | Min Dist 100 = 0.366 | Min Dist 1000 = 0.527 | Steps Per Second = 82.709 | Success = 1.000 | Success 1000 = 0.944
I0502 16:47:50.916106 139569349502528 terminal.py:91] [Actor] Actor Episodes = 39687 | Actor Steps = 1984350 | Delta Dist = 6.919 | Delta Dist 10 = 2.864 | Delta Dist 100 = 4.197 | Delta Dist 1000 = 4.482 | Episode Length = 50 | Episode Return = 46.0 | Evaluator Episodes = 10056 | Evaluator Steps = 502800 | Final Dist = 0.152 | Final Dist 10 = 2.115 | Final Dist 100 = 1.346 | Final Dist 1000 = 1.526 | Init Dist = 7.071 | Init Dist 10 = 4.979 | Init Dist 100 = 5.544 | Init Dist 1000 = 6.008 | Learner Steps = 30850 | Learner Walltime = 6093.960 | Min Dist = 0.028 | Min Dist 10 = 0.164 | Min Dist 100 = 0.149 | Min Dist 1000 = 0.181 | Steps Per Second = 69.342 | Success = 1.000 | Success 1000 = 0.990
I0502 16:47:51.185436 139555013154368 terminal.py:91] [Learner] Actor Episodes = 39692 | Actor Loss = 3.574843406677246 | Actor Steps = 1984600 | Binary Accuracy = 0.9961187839508057 | Categorical Accuracy = 0.41943359375 | Critic Loss = 1.7605414390563965 | Entropy Mean = -22.590604782104492 | Evaluator Episodes = 10056 | Evaluator Steps = 502800 | Learner Steps = 30857 | Learner Walltime = 6095.379 | Logits Neg = -17.21820068359375 | Logits Pos = -1.7796566486358643 | Logsumexp = 1.0047186613082886 | Steps Per Second = 420.911
I0502 16:47:51.307743 139579566835264 terminal.py:91] [Evaluator] Actor Episodes = 39692 | Actor Steps = 1984600 | Delta Dist = 11.841 | Delta Dist 10 = 11.893 | Delta Dist 100 = 11.859 | Delta Dist 1000 = 11.640 | Episode Length = 50 | Episode Return = 27.0 | Evaluator Episodes = 10058 | Evaluator Steps = 502900 | Final Dist = 0.965 | Final Dist 10 = 0.913 | Final Dist 100 = 0.947 | Final Dist 1000 = 1.166 | Init Dist = 12.806 | Init Dist 10 = 12.806 | Init Dist 100 = 12.806 | Init Dist 1000 = 12.806 | Learner Steps = 30856 | Learner Walltime = 6095.227 | Min Dist = 0.444 | Min Dist 10 = 0.280 | Min Dist 100 = 0.367 | Min Dist 1000 = 0.528 | Steps Per Second = 69.820 | Success = 1.000 | Success 1000 = 0.944
I0502 16:47:52.541768 139579566835264 terminal.py:91] [Evaluator] Actor Episodes = 39700 | Actor Steps = 1985000 | Delta Dist = 12.264 | Delta Dist 10 = 11.848 | Delta Dist 100 = 11.843 | Delta Dist 1000 = 11.640 | Episode Length = 50 | Episode Return = 25.0 | Evaluator Episodes = 10060 | Evaluator Steps = 503000 | Final Dist = 0.542 | Final Dist 10 = 0.959 | Final Dist 100 = 0.963 | Final Dist 1000 = 1.167 | Init Dist = 12.806 | Init Dist 10 = 12.806 | Init Dist 100 = 12.806 | Init Dist 1000 = 12.806 | Learner Steps = 30863 | Learner Walltime = 6096.548 | Min Dist = 0.311 | Min Dist 10 = 0.310 | Min Dist 100 = 0.372 | Min Dist 1000 = 0.528 | Steps Per Second = 87.696 | Success = 1.000 | Success 1000 = 0.944
I0502 16:47:53.511318 139557462840896 terminal.py:91] [Actor] Actor Episodes = 39705 | Actor Steps = 1985250 | Delta Dist = 2.982 | Delta Dist 10 = 2.511 | Delta Dist 100 = 4.245 | Delta Dist 1000 = 4.474 | Episode Length = 50 | Episode Return = 26.0 | Evaluator Episodes = 10060 | Evaluator Steps = 503000 | Final Dist = 0.181 | Final Dist 10 = 2.758 | Final Dist 100 = 1.449 | Final Dist 1000 = 1.540 | Init Dist = 3.162 | Init Dist 10 = 5.268 | Init Dist 100 = 5.694 | Init Dist 1000 = 6.014 | Learner Steps = 30863 | Learner Walltime = 6096.548 | Min Dist = 0.029 | Min Dist 10 = 1.027 | Min Dist 100 = 0.248 | Min Dist 1000 = 0.190 | Steps Per Second = 79.967 | Success = 1.000 | Success 1000 = 0.990
I0502 16:47:53.885534 139579566835264 terminal.py:91] [Evaluator] Actor Episodes = 39708 | Actor Steps = 1985400 | Delta Dist = 11.391 | Delta Dist 10 = 11.849 | Delta Dist 100 = 11.849 | Delta Dist 1000 = 11.640 | Episode Length = 50 | Episode Return = 1.0 | Evaluator Episodes = 10062 | Evaluator Steps = 503100 | Final Dist = 1.415 | Final Dist 10 = 0.958 | Final Dist 100 = 0.957 | Final Dist 1000 = 1.166 | Init Dist = 12.806 | Init Dist 10 = 12.806 | Init Dist 100 = 12.806 | Init Dist 1000 = 12.806 | Learner Steps = 30869 | Learner Walltime = 6097.828 | Min Dist = 0.557 | Min Dist 10 = 0.312 | Min Dist 100 = 0.366 | Min Dist 1000 = 0.528 | Steps Per Second = 82.966 | Success = 1.000 | Success 1000 = 0.944
I0502 16:47:55.146911 139579566835264 terminal.py:91] [Evaluator] Actor Episodes = 39716 | Actor Steps = 1985800 | Delta Dist = 11.974 | Delta Dist 10 = 11.982 | Delta Dist 100 = 11.854 | Delta Dist 1000 = 11.641 | Episode Length = 50 | Episode Return = 28.0 | Evaluator Episodes = 10064 | Evaluator Steps = 503200 | Final Dist = 0.832 | Final Dist 10 = 0.825 | Final Dist 100 = 0.952 | Final Dist 1000 = 1.165 | Init Dist = 12.806 | Init Dist 10 = 12.806 | Init Dist 100 = 12.806 | Init Dist 1000 = 12.806 | Learner Steps = 30875 | Learner Walltime = 6099.098 | Min Dist = 0.138 | Min Dist 10 = 0.310 | Min Dist 100 = 0.368 | Min Dist 1000 = 0.529 | Steps Per Second = 76.637 | Success = 1.000 | Success 1000 = 0.944
I0502 16:47:56.259488 139555860620864 terminal.py:91] [Actor] Actor Episodes = 39723 | Actor Steps = 1986150 | Delta Dist = 4.612 | Delta Dist 10 = 4.216 | Delta Dist 100 = 4.096 | Delta Dist 1000 = 4.464 | Episode Length = 50 | Episode Return = 31.0 | Evaluator Episodes = 10064 | Evaluator Steps = 503200 | Final Dist = 1.219 | Final Dist 10 = 0.731 | Final Dist 100 = 1.430 | Final Dist 1000 = 1.544 | Init Dist = 5.831 | Init Dist 10 = 4.947 | Init Dist 100 = 5.526 | Init Dist 1000 = 6.008 | Learner Steps = 30875 | Learner Walltime = 6099.098 | Min Dist = 0.024 | Min Dist 10 = 0.109 | Min Dist 100 = 0.317 | Min Dist 1000 = 0.196 | Steps Per Second = 76.724 | Success = 1.000 | Success 1000 = 0.990
I0502 16:47:56.309662 139584504182336 lp_utils.py:96] StepsLimiter: Reached 1986200 recorded steps
I0502 16:47:56.369563 139579566835264 terminal.py:91] [Evaluator] Actor Episodes = 39724 | Actor Steps = 1986200 | Delta Dist = 12.007 | Delta Dist 10 = 12.010 | Delta Dist 100 = 11.861 | Delta Dist 1000 = 11.642 | Episode Length = 50 | Episode Return = 21.0 | Evaluator Episodes = 10066 | Evaluator Steps = 503300 | Final Dist = 0.799 | Final Dist 10 = 0.796 | Final Dist 100 = 0.945 | Final Dist 1000 = 1.164 | Init Dist = 12.806 | Init Dist 10 = 12.806 | Init Dist 100 = 12.806 | Init Dist 1000 = 12.806 | Learner Steps = 30881 | Learner Walltime = 6100.285 | Min Dist = 0.153 | Min Dist 10 = 0.279 | Min Dist 100 = 0.361 | Min Dist 1000 = 0.529 | Steps Per Second = 81.281 | Success = 1.000 | Success 1000 = 0.944
I0502 16:47:57.666917 139579566835264 terminal.py:91] [Evaluator] Actor Episodes = 39732 | Actor Steps = 1986600 | Delta Dist = 12.445 | Delta Dist 10 = 12.043 | Delta Dist 100 = 11.862 | Delta Dist 1000 = 11.642 | Episode Length = 50 | Episode Return = 21.0 | Evaluator Episodes = 10068 | Evaluator Steps = 503400 | Final Dist = 0.361 | Final Dist 10 = 0.763 | Final Dist 100 = 0.944 | Final Dist 1000 = 1.164 | Init Dist = 12.806 | Init Dist 10 = 12.806 | Init Dist 100 = 12.806 | Init Dist 1000 = 12.806 | Learner Steps = 30887 | Learner Walltime = 6101.613 | Min Dist = 0.079 | Min Dist 10 = 0.238 | Min Dist 100 = 0.358 | Min Dist 1000 = 0.528 | Steps Per Second = 76.040 | Success = 1.000 | Success 1000 = 0.944
I0502 16:47:58.907660 139579566835264 terminal.py:91] [Evaluator] Actor Episodes = 39740 | Actor Steps = 1987000 | Delta Dist = 4.845 | Delta Dist 10 = 12.151 | Delta Dist 100 = 11.868 | Delta Dist 1000 = 11.642 | Episode Length = 50 | Episode Return = 0.0 | Evaluator Episodes = 10070 | Evaluator Steps = 503500 | Final Dist = 7.961 | Final Dist 10 = 0.655 | Final Dist 100 = 0.938 | Final Dist 1000 = 1.164 | Init Dist = 12.806 | Init Dist 10 = 12.806 | Init Dist 100 = 12.806 | Init Dist 1000 = 12.806 | Learner Steps = 30893 | Learner Walltime = 6102.896 | Min Dist = 6.702 | Min Dist 10 = 0.204 | Min Dist 100 = 0.353 | Min Dist 1000 = 0.528 | Steps Per Second = 75.989 | Success = 0.000 | Success 1000 = 0.944
I0502 16:47:59.392511 139558059398720 terminal.py:91] [Actor] Actor Episodes = 39748 | Actor Steps = 1987400 | Delta Dist = 4.918 | Delta Dist 10 = 3.714 | Delta Dist 100 = 4.268 | Delta Dist 1000 = 4.476 | Episode Length = 50 | Episode Return = 46.0 | Evaluator Episodes = 10070 | Evaluator Steps = 503500 | Final Dist = 0.082 | Final Dist 10 = 3.178 | Final Dist 100 = 1.630 | Final Dist 1000 = 1.572 | Init Dist = 5.000 | Init Dist 10 = 6.892 | Init Dist 100 = 5.898 | Init Dist 1000 = 6.048 | Learner Steps = 30893 | Learner Walltime = 6102.896 | Min Dist = 0.049 | Min Dist 10 = 0.245 | Min Dist 100 = 0.397 | Min Dist 1000 = 0.208 | Steps Per Second = 73.596 | Success = 1.000 | Success 1000 = 0.990
I0502 16:48:00.094423 139579566835264 terminal.py:91] [Evaluator] Actor Episodes = 39748 | Actor Steps = 1987400 | Delta Dist = 11.848 | Delta Dist 10 = 11.326 | Delta Dist 100 = 11.790 | Delta Dist 1000 = 11.639 | Episode Length = 50 | Episode Return = 14.0 | Evaluator Episodes = 10072 | Evaluator Steps = 503600 | Final Dist = 0.958 | Final Dist 10 = 1.480 | Final Dist 100 = 1.016 | Final Dist 1000 = 1.167 | Init Dist = 12.806 | Init Dist 10 = 12.806 | Init Dist 100 = 12.806 | Init Dist 1000 = 12.806 | Learner Steps = 30901 | Learner Walltime = 6104.211 | Min Dist = 0.183 | Min Dist 10 = 0.870 | Min Dist 100 = 0.418 | Min Dist 1000 = 0.530 | Steps Per Second = 88.212 | Success = 1.000 | Success 1000 = 0.944
I0502 16:48:00.963196 139569349502528 terminal.py:91] [Actor] Actor Episodes = 39751 | Actor Steps = 1987550 | Delta Dist = 5.469 | Delta Dist 10 = 2.628 | Delta Dist 100 = 4.029 | Delta Dist 1000 = 4.468 | Episode Length = 50 | Episode Return = 29.0 | Evaluator Episodes = 10072 | Evaluator Steps = 503600 | Final Dist = 0.614 | Final Dist 10 = 2.058 | Final Dist 100 = 1.737 | Final Dist 1000 = 1.573 | Init Dist = 6.083 | Init Dist 10 = 4.686 | Init Dist 100 = 5.766 | Init Dist 1000 = 6.041 | Learner Steps = 30901 | Learner Walltime = 6104.211 | Min Dist = 0.220 | Min Dist 10 = 0.073 | Min Dist 100 = 0.398 | Min Dist 1000 = 0.208 | Steps Per Second = 85.969 | Success = 1.000 | Success 1000 = 0.990
I0502 16:48:01.313058 139555013154368 terminal.py:91] [Learner] Actor Episodes = 39756 | Actor Loss = 3.664008855819702 | Actor Steps = 1987800 | Binary Accuracy = 0.9959521293640137 | Categorical Accuracy = 0.404052734375 | Critic Loss = 1.8303680419921875 | Entropy Mean = -22.972509384155273 | Evaluator Episodes = 10072 | Evaluator Steps = 503600 | Learner Steps = 30908 | Learner Walltime = 6105.503 | Logits Neg = -17.533023834228516 | Logits Pos = -1.8292737007141113 | Logsumexp = 1.1808521747589111 | Steps Per Second = 293.207
I0502 16:48:01.318038 139579566835264 terminal.py:91] [Evaluator] Actor Episodes = 39756 | Actor Steps = 1987800 | Delta Dist = 12.249 | Delta Dist 10 = 11.364 | Delta Dist 100 = 11.803 | Delta Dist 1000 = 11.640 | Episode Length = 50 | Episode Return = 22.0 | Evaluator Episodes = 10074 | Evaluator Steps = 503700 | Final Dist = 0.557 | Final Dist 10 = 1.442 | Final Dist 100 = 1.003 | Final Dist 1000 = 1.167 | Init Dist = 12.806 | Init Dist 10 = 12.806 | Init Dist 100 = 12.806 | Init Dist 1000 = 12.806 | Learner Steps = 30907 | Learner Walltime = 6105.285 | Min Dist = 0.308 | Min Dist 10 = 0.826 | Min Dist 100 = 0.414 | Min Dist 1000 = 0.530 | Steps Per Second = 81.731 | Success = 1.000 | Success 1000 = 0.944
I0502 16:48:02.584164 139579566835264 terminal.py:91] [Evaluator] Actor Episodes = 39764 | Actor Steps = 1988200 | Delta Dist = 12.214 | Delta Dist 10 = 11.380 | Delta Dist 100 = 11.802 | Delta Dist 1000 = 11.639 | Episode Length = 50 | Episode Return = 25.0 | Evaluator Episodes = 10076 | Evaluator Steps = 503800 | Final Dist = 0.593 | Final Dist 10 = 1.426 | Final Dist 100 = 1.004 | Final Dist 1000 = 1.167 | Init Dist = 12.806 | Init Dist 10 = 12.806 | Init Dist 100 = 12.806 | Init Dist 1000 = 12.806 | Learner Steps = 30913 | Learner Walltime = 6106.431 | Min Dist = 0.219 | Min Dist 10 = 0.845 | Min Dist 100 = 0.417 | Min Dist 1000 = 0.530 | Steps Per Second = 85.772 | Success = 1.000 | Success 1000 = 0.944
I0502 16:48:03.866034 139579566835264 terminal.py:91] [Evaluator] Actor Episodes = 39772 | Actor Steps = 1988600 | Delta Dist = 11.949 | Delta Dist 10 = 11.332 | Delta Dist 100 = 11.815 | Delta Dist 1000 = 11.638 | Episode Length = 50 | Episode Return = 26.0 | Evaluator Episodes = 10078 | Evaluator Steps = 503900 | Final Dist = 0.857 | Final Dist 10 = 1.474 | Final Dist 100 = 0.992 | Final Dist 1000 = 1.168 | Init Dist = 12.806 | Init Dist 10 = 12.806 | Init Dist 100 = 12.806 | Init Dist 1000 = 12.806 | Learner Steps = 30918 | Learner Walltime = 6107.433 | Min Dist = 0.076 | Min Dist 10 = 0.857 | Min Dist 100 = 0.419 | Min Dist 1000 = 0.531 | Steps Per Second = 74.290 | Success = 1.000 | Success 1000 = 0.944
I0502 16:48:04.059986 139557462840896 terminal.py:91] [Actor] Actor Episodes = 39776 | Actor Steps = 1988800 | Delta Dist = 7.000 | Delta Dist 10 = 4.849 | Delta Dist 100 = 4.124 | Delta Dist 1000 = 4.480 | Episode Length = 50 | Episode Return = 21.0 | Evaluator Episodes = 10078 | Evaluator Steps = 503900 | Final Dist = 0.280 | Final Dist 10 = 0.785 | Final Dist 100 = 1.621 | Final Dist 1000 = 1.569 | Init Dist = 7.280 | Init Dist 10 = 5.633 | Init Dist 100 = 5.746 | Init Dist 1000 = 6.048 | Learner Steps = 30918 | Learner Walltime = 6107.433 | Min Dist = 0.016 | Min Dist 10 = 0.062 | Min Dist 100 = 0.369 | Min Dist 1000 = 0.207 | Steps Per Second = 70.473 | Success = 1.000 | Success 1000 = 0.990
I0502 16:48:05.027410 139579566835264 terminal.py:91] [Evaluator] Actor Episodes = 39780 | Actor Steps = 1989000 | Delta Dist = 11.847 | Delta Dist 10 = 11.275 | Delta Dist 100 = 11.806 | Delta Dist 1000 = 11.643 | Episode Length = 50 | Episode Return = 10.0 | Evaluator Episodes = 10080 | Evaluator Steps = 504000 | Final Dist = 0.959 | Final Dist 10 = 1.531 | Final Dist 100 = 1.000 | Final Dist 1000 = 1.163 | Init Dist = 12.806 | Init Dist 10 = 12.806 | Init Dist 100 = 12.806 | Init Dist 1000 = 12.806 | Learner Steps = 30923 | Learner Walltime = 6108.670 | Min Dist = 0.273 | Min Dist 10 = 0.899 | Min Dist 100 = 0.425 | Min Dist 1000 = 0.525 | Steps Per Second = 91.175 | Success = 1.000 | Success 1000 = 0.945
I0502 16:48:06.238106 139579566835264 terminal.py:91] [Evaluator] Actor Episodes = 39788 | Actor Steps = 1989400 | Delta Dist = 5.573 | Delta Dist 10 = 12.014 | Delta Dist 100 = 11.804 | Delta Dist 1000 = 11.643 | Episode Length = 50 | Episode Return = 0.0 | Evaluator Episodes = 10082 | Evaluator Steps = 504100 | Final Dist = 7.234 | Final Dist 10 = 0.793 | Final Dist 100 = 1.003 | Final Dist 1000 = 1.164 | Init Dist = 12.806 | Init Dist 10 = 12.806 | Init Dist 100 = 12.806 | Init Dist 1000 = 12.806 | Learner Steps = 30929 | Learner Walltime = 6109.887 | Min Dist = 6.432 | Min Dist 10 = 0.260 | Min Dist 100 = 0.429 | Min Dist 1000 = 0.525 | Steps Per Second = 81.105 | Success = 0.000 | Success 1000 = 0.945
I0502 16:48:06.326987 139584504182336 lp_utils.py:96] StepsLimiter: Reached 1989500 recorded steps
I0502 16:48:06.943408 139555860620864 terminal.py:91] [Actor] Actor Episodes = 39794 | Actor Steps = 1989700 | Delta Dist = 5.829 | Delta Dist 10 = 3.634 | Delta Dist 100 = 4.308 | Delta Dist 1000 = 4.479 | Episode Length = 50 | Episode Return = 26.0 | Evaluator Episodes = 10082 | Evaluator Steps = 504100 | Final Dist = 0.495 | Final Dist 10 = 1.468 | Final Dist 100 = 1.569 | Final Dist 1000 = 1.574 | Init Dist = 6.325 | Init Dist 10 = 5.102 | Init Dist 100 = 5.876 | Init Dist 1000 = 6.054 | Learner Steps = 30929 | Learner Walltime = 6109.887 | Min Dist = 0.024 | Min Dist 10 = 0.357 | Min Dist 100 = 0.393 | Min Dist 1000 = 0.211 | Steps Per Second = 72.139 | Success = 1.000 | Success 1000 = 0.991
I0502 16:48:07.463243 139579566835264 terminal.py:91] [Evaluator] Actor Episodes = 39796 | Actor Steps = 1989800 | Delta Dist = 3.136 | Delta Dist 10 = 11.260 | Delta Dist 100 = 11.726 | Delta Dist 1000 = 11.636 | Episode Length = 50 | Episode Return = 0.0 | Evaluator Episodes = 10084 | Evaluator Steps = 504200 | Final Dist = 9.671 | Final Dist 10 = 1.546 | Final Dist 100 = 1.080 | Final Dist 1000 = 1.170 | Init Dist = 12.806 | Init Dist 10 = 12.806 | Init Dist 100 = 12.806 | Init Dist 1000 = 12.806 | Learner Steps = 30936 | Learner Walltime = 6111.274 | Min Dist = 8.273 | Min Dist 10 = 0.883 | Min Dist 100 = 0.492 | Min Dist 1000 = 0.531 | Steps Per Second = 85.004 | Success = 0.000 | Success 1000 = 0.944
I0502 16:48:08.584580 139579566835264 terminal.py:91] [Evaluator] Actor Episodes = 39804 | Actor Steps = 1990200 | Delta Dist = 6.371 | Delta Dist 10 = 10.308 | Delta Dist 100 = 11.625 | Delta Dist 1000 = 11.627 | Episode Length = 50 | Episode Return = 0.0 | Evaluator Episodes = 10086 | Evaluator Steps = 504300 | Final Dist = 6.435 | Final Dist 10 = 2.499 | Final Dist 100 = 1.182 | Final Dist 1000 = 1.179 | Init Dist = 12.806 | Init Dist 10 = 12.806 | Init Dist 100 = 12.806 | Init Dist 1000 = 12.806 | Learner Steps = 30942 | Learner Walltime = 6112.355 | Min Dist = 5.015 | Min Dist 10 = 1.700 | Min Dist 100 = 0.577 | Min Dist 1000 = 0.539 | Steps Per Second = 87.016 | Success = 0.000 | Success 1000 = 0.943
I0502 16:48:09.757960 139579566835264 terminal.py:91] [Evaluator] Actor Episodes = 39812 | Actor Steps = 1990600 | Delta Dist = 3.075 | Delta Dist 10 = 9.746 | Delta Dist 100 = 11.565 | Delta Dist 1000 = 11.629 | Episode Length = 50 | Episode Return = 0.0 | Evaluator Episodes = 10088 | Evaluator Steps = 504400 | Final Dist = 9.732 | Final Dist 10 = 3.060 | Final Dist 100 = 1.241 | Final Dist 1000 = 1.177 | Init Dist = 12.806 | Init Dist 10 = 12.806 | Init Dist 100 = 12.806 | Init Dist 1000 = 12.806 | Learner Steps = 30949 | Learner Walltime = 6113.659 | Min Dist = 8.530 | Min Dist 10 = 2.179 | Min Dist 100 = 0.627 | Min Dist 1000 = 0.536 | Steps Per Second = 80.053 | Success = 0.000 | Success 1000 = 0.943
I0502 16:48:09.946263 139558059398720 terminal.py:91] [Actor] Actor Episodes = 39813 | Actor Steps = 1990650 | Delta Dist = 4.338 | Delta Dist 10 = 4.028 | Delta Dist 100 = 4.416 | Delta Dist 1000 = 4.468 | Episode Length = 50 | Episode Return = 47.0 | Evaluator Episodes = 10086 | Evaluator Steps = 504300 | Final Dist = 1.048 | Final Dist 10 = 1.311 | Final Dist 100 = 1.417 | Final Dist 1000 = 1.565 | Init Dist = 5.385 | Init Dist 10 = 5.339 | Init Dist 100 = 5.833 | Init Dist 1000 = 6.033 | Learner Steps = 30942 | Learner Walltime = 6112.355 | Min Dist = 0.026 | Min Dist 10 = 0.098 | Min Dist 100 = 0.243 | Min Dist 1000 = 0.211 | Steps Per Second = 81.631 | Success = 1.000 | Success 1000 = 0.991
I0502 16:48:10.883337 139579566835264 terminal.py:91] [Evaluator] Actor Episodes = 39820 | Actor Steps = 1991000 | Delta Dist = 11.119 | Delta Dist 10 = 8.839 | Delta Dist 100 = 11.467 | Delta Dist 1000 = 11.620 | Episode Length = 50 | Episode Return = 7.0 | Evaluator Episodes = 10090 | Evaluator Steps = 504500 | Final Dist = 1.687 | Final Dist 10 = 3.967 | Final Dist 100 = 1.339 | Final Dist 1000 = 1.186 | Init Dist = 12.806 | Init Dist 10 = 12.806 | Init Dist 100 = 12.806 | Init Dist 1000 = 12.806 | Learner Steps = 30954 | Learner Walltime = 6114.678 | Min Dist = 0.072 | Min Dist 10 = 2.998 | Min Dist 100 = 0.713 | Min Dist 1000 = 0.545 | Steps Per Second = 90.134 | Success = 1.000 | Success 1000 = 0.942
I0502 16:48:11.326060 139569349502528 terminal.py:91] [Actor] Actor Episodes = 39824 | Actor Steps = 1991200 | Delta Dist = 7.863 | Delta Dist 10 = 4.575 | Delta Dist 100 = 4.445 | Delta Dist 1000 = 4.457 | Episode Length = 50 | Episode Return = 8.0 | Evaluator Episodes = 10090 | Evaluator Steps = 504500 | Final Dist = 0.199 | Final Dist 10 = 1.258 | Final Dist 100 = 1.469 | Final Dist 1000 = 1.570 | Init Dist = 8.062 | Init Dist 10 = 5.832 | Init Dist 100 = 5.914 | Init Dist 1000 = 6.027 | Learner Steps = 30954 | Learner Walltime = 6114.678 | Min Dist = 0.101 | Min Dist 10 = 0.100 | Min Dist 100 = 0.242 | Min Dist 1000 = 0.211 | Steps Per Second = 100.265 | Success = 1.000 | Success 1000 = 0.991
I0502 16:48:11.335811 139555013154368 terminal.py:91] [Learner] Actor Episodes = 39818 | Actor Loss = 3.701786994934082 | Actor Steps = 1990900 | Binary Accuracy = 0.9960112571716309 | Categorical Accuracy = 0.419677734375 | Critic Loss = 1.8053381443023682 | Entropy Mean = -21.661449432373047 | Evaluator Episodes = 10088 | Evaluator Steps = 504400 | Learner Steps = 30960 | Learner Walltime = 6115.527 | Logits Neg = -17.213666915893555 | Logits Pos = -1.815246343612671 | Logsumexp = 1.0379059314727783 | Steps Per Second = 1083.550
I0502 16:48:12.231992 139579566835264 terminal.py:91] [Evaluator] Actor Episodes = 39828 | Actor Steps = 1991400 | Delta Dist = 12.202 | Delta Dist 10 = 8.810 | Delta Dist 100 = 11.451 | Delta Dist 1000 = 11.618 | Episode Length = 50 | Episode Return = 26.0 | Evaluator Episodes = 10092 | Evaluator Steps = 504600 | Final Dist = 0.604 | Final Dist 10 = 3.996 | Final Dist 100 = 1.355 | Final Dist 1000 = 1.188 | Init Dist = 12.806 | Init Dist 10 = 12.806 | Init Dist 100 = 12.806 | Init Dist 1000 = 12.806 | Learner Steps = 30961 | Learner Walltime = 6115.889 | Min Dist = 0.341 | Min Dist 10 = 2.988 | Min Dist 100 = 0.717 | Min Dist 1000 = 0.545 | Steps Per Second = 69.932 | Success = 1.000 | Success 1000 = 0.942
I0502 16:48:13.458654 139579566835264 terminal.py:91] [Evaluator] Actor Episodes = 39836 | Actor Steps = 1991800 | Delta Dist = 5.191 | Delta Dist 10 = 9.476 | Delta Dist 100 = 11.501 | Delta Dist 1000 = 11.619 | Episode Length = 50 | Episode Return = 0.0 | Evaluator Episodes = 10094 | Evaluator Steps = 504700 | Final Dist = 7.616 | Final Dist 10 = 3.330 | Final Dist 100 = 1.305 | Final Dist 1000 = 1.187 | Init Dist = 12.806 | Init Dist 10 = 12.806 | Init Dist 100 = 12.806 | Init Dist 1000 = 12.806 | Learner Steps = 30967 | Learner Walltime = 6117.096 | Min Dist = 6.603 | Min Dist 10 = 2.391 | Min Dist 100 = 0.662 | Min Dist 1000 = 0.545 | Steps Per Second = 84.198 | Success = 0.000 | Success 1000 = 0.942
I0502 16:48:14.498712 139557462840896 terminal.py:91] [Actor] Actor Episodes = 39839 | Actor Steps = 1991950 | Delta Dist = 0.852 | Delta Dist 10 = 4.039 | Delta Dist 100 = 4.111 | Delta Dist 1000 = 4.432 | Episode Length = 50 | Episode Return = 30.0 | Evaluator Episodes = 10094 | Evaluator Steps = 504700 | Final Dist = 0.148 | Final Dist 10 = 0.763 | Final Dist 100 = 1.322 | Final Dist 1000 = 1.578 | Init Dist = 1.000 | Init Dist 10 = 4.802 | Init Dist 100 = 5.433 | Init Dist 1000 = 6.010 | Learner Steps = 30967 | Learner Walltime = 6117.096 | Min Dist = 0.148 | Min Dist 10 = 0.096 | Min Dist 100 = 0.121 | Min Dist 1000 = 0.209 | Steps Per Second = 74.432 | Success = 1.000 | Success 1000 = 0.991
I0502 16:48:14.822285 139579566835264 terminal.py:91] [Evaluator] Actor Episodes = 39844 | Actor Steps = 1992200 | Delta Dist = 12.164 | Delta Dist 10 = 9.694 | Delta Dist 100 = 11.436 | Delta Dist 1000 = 11.611 | Episode Length = 50 | Episode Return = 12.0 | Evaluator Episodes = 10096 | Evaluator Steps = 504800 | Final Dist = 0.642 | Final Dist 10 = 3.112 | Final Dist 100 = 1.370 | Final Dist 1000 = 1.195 | Init Dist = 12.806 | Init Dist 10 = 12.806 | Init Dist 100 = 12.806 | Init Dist 1000 = 12.806 | Learner Steps = 30972 | Learner Walltime = 6118.122 | Min Dist = 0.315 | Min Dist 10 = 2.240 | Min Dist 100 = 0.731 | Min Dist 1000 = 0.551 | Steps Per Second = 69.705 | Success = 1.000 | Success 1000 = 0.941
I0502 16:48:15.982245 139579566835264 terminal.py:91] [Evaluator] Actor Episodes = 39852 | Actor Steps = 1992600 | Delta Dist = 11.950 | Delta Dist 10 = 10.330 | Delta Dist 100 = 11.438 | Delta Dist 1000 = 11.613 | Episode Length = 50 | Episode Return = 25.0 | Evaluator Episodes = 10098 | Evaluator Steps = 504900 | Final Dist = 0.857 | Final Dist 10 = 2.476 | Final Dist 100 = 1.368 | Final Dist 1000 = 1.193 | Init Dist = 12.806 | Init Dist 10 = 12.806 | Init Dist 100 = 12.806 | Init Dist 1000 = 12.806 | Learner Steps = 30976 | Learner Walltime = 6119.201 | Min Dist = 0.182 | Min Dist 10 = 1.794 | Min Dist 100 = 0.737 | Min Dist 1000 = 0.552 | Steps Per Second = 86.418 | Success = 1.000 | Success 1000 = 0.941
I0502 16:48:16.341554 139584635659840 savers.py:156] Saving checkpoint: logs/contrastive_cpc_point_FourRooms_64/5dd72662-2788-11f0-b183-d85ed38c5779/checkpoints/counter
I0502 16:48:16.346236 139584504182336 lp_utils.py:96] StepsLimiter: Reached 1992600 recorded steps
I0502 16:48:17.211995 139579566835264 terminal.py:91] [Evaluator] Actor Episodes = 39860 | Actor Steps = 1993000 | Delta Dist = 11.118 | Delta Dist 10 = 11.194 | Delta Dist 100 = 11.431 | Delta Dist 1000 = 11.614 | Episode Length = 50 | Episode Return = 9.0 | Evaluator Episodes = 10100 | Evaluator Steps = 505000 | Final Dist = 1.689 | Final Dist 10 = 1.612 | Final Dist 100 = 1.375 | Final Dist 1000 = 1.193 | Init Dist = 12.806 | Init Dist 10 = 12.806 | Init Dist 100 = 12.806 | Init Dist 1000 = 12.806 | Learner Steps = 30983 | Learner Walltime = 6120.424 | Min Dist = 0.378 | Min Dist 10 = 0.930 | Min Dist 100 = 0.739 | Min Dist 1000 = 0.551 | Steps Per Second = 82.104 | Success = 1.000 | Success 1000 = 0.941
I0502 16:48:17.326880 139555860620864 terminal.py:91] [Actor] Actor Episodes = 39859 | Actor Steps = 1992950 | Delta Dist = 6.986 | Delta Dist 10 = 5.663 | Delta Dist 100 = 4.494 | Delta Dist 1000 = 4.427 | Episode Length = 50 | Episode Return = 24.0 | Evaluator Episodes = 10098 | Evaluator Steps = 504900 | Final Dist = 0.294 | Final Dist 10 = 1.025 | Final Dist 100 = 1.158 | Final Dist 1000 = 1.556 | Init Dist = 7.280 | Init Dist 10 = 6.688 | Init Dist 100 = 5.652 | Init Dist 1000 = 5.983 | Learner Steps = 30983 | Learner Walltime = 6120.424 | Min Dist = 0.059 | Min Dist 10 = 0.073 | Min Dist 100 = 0.115 | Min Dist 1000 = 0.206 | Steps Per Second = 92.573 | Success = 1.000 | Success 1000 = 0.991
I0502 16:48:18.457943 139579566835264 terminal.py:91] [Evaluator] Actor Episodes = 39868 | Actor Steps = 1993400 | Delta Dist = 12.195 | Delta Dist 10 = 11.091 | Delta Dist 100 = 11.415 | Delta Dist 1000 = 11.612 | Episode Length = 50 | Episode Return = 11.0 | Evaluator Episodes = 10102 | Evaluator Steps = 505100 | Final Dist = 0.611 | Final Dist 10 = 1.715 | Final Dist 100 = 1.392 | Final Dist 1000 = 1.194 | Init Dist = 12.806 | Init Dist 10 = 12.806 | Init Dist 100 = 12.806 | Init Dist 1000 = 12.806 | Learner Steps = 30989 | Learner Walltime = 6121.457 | Min Dist = 0.017 | Min Dist 10 = 0.939 | Min Dist 100 = 0.740 | Min Dist 1000 = 0.552 | Steps Per Second = 83.154 | Success = 1.000 | Success 1000 = 0.941
I0502 16:48:19.675352 139579566835264 terminal.py:91] [Evaluator] Actor Episodes = 39874 | Actor Steps = 1993700 | Delta Dist = 12.453 | Delta Dist 10 = 11.124 | Delta Dist 100 = 11.422 | Delta Dist 1000 = 11.613 | Episode Length = 50 | Episode Return = 7.0 | Evaluator Episodes = 10104 | Evaluator Steps = 505200 | Final Dist = 0.354 | Final Dist 10 = 1.682 | Final Dist 100 = 1.384 | Final Dist 1000 = 1.193 | Init Dist = 12.806 | Init Dist 10 = 12.806 | Init Dist 100 = 12.806 | Init Dist 1000 = 12.806 | Learner Steps = 30993 | Learner Walltime = 6122.667 | Min Dist = 0.293 | Min Dist 10 = 0.901 | Min Dist 100 = 0.740 | Min Dist 1000 = 0.551 | Steps Per Second = 80.717 | Success = 1.000 | Success 1000 = 0.941
I0502 16:48:20.416024 139558059398720 terminal.py:91] [Actor] Actor Episodes = 39877 | Actor Steps = 1993850 | Delta Dist = 8.695 | Delta Dist 10 = 2.551 | Delta Dist 100 = 4.028 | Delta Dist 1000 = 4.388 | Episode Length = 50 | Episode Return = 10.0 | Evaluator Episodes = 10104 | Evaluator Steps = 505200 | Final Dist = 1.204 | Final Dist 10 = 3.110 | Final Dist 100 = 1.450 | Final Dist 1000 = 1.583 | Init Dist = 9.899 | Init Dist 10 = 5.660 | Init Dist 100 = 5.478 | Init Dist 1000 = 5.971 | Learner Steps = 30993 | Learner Walltime = 6122.667 | Min Dist = 0.207 | Min Dist 10 = 0.949 | Min Dist 100 = 0.200 | Min Dist 1000 = 0.215 | Steps Per Second = 78.574 | Success = 1.000 | Success 1000 = 0.992
I0502 16:48:20.956262 139579566835264 terminal.py:91] [Evaluator] Actor Episodes = 39882 | Actor Steps = 1994100 | Delta Dist = 12.314 | Delta Dist 10 = 11.902 | Delta Dist 100 = 11.492 | Delta Dist 1000 = 11.614 | Episode Length = 50 | Episode Return = 27.0 | Evaluator Episodes = 10106 | Evaluator Steps = 505300 | Final Dist = 0.492 | Final Dist 10 = 0.904 | Final Dist 100 = 1.314 | Final Dist 1000 = 1.192 | Init Dist = 12.806 | Init Dist 10 = 12.806 | Init Dist 100 = 12.806 | Init Dist 1000 = 12.806 | Learner Steps = 31000 | Learner Walltime = 6124.115 | Min Dist = 0.016 | Min Dist 10 = 0.222 | Min Dist 100 = 0.690 | Min Dist 1000 = 0.551 | Steps Per Second = 87.449 | Success = 1.000 | Success 1000 = 0.941
I0502 16:48:21.373196 139555013154368 terminal.py:91] [Learner] Actor Episodes = 39884 | Actor Loss = 3.7239177227020264 | Actor Steps = 1994200 | Binary Accuracy = 0.9960598945617676 | Categorical Accuracy = 0.427001953125 | Critic Loss = 1.7424767017364502 | Entropy Mean = -22.96044158935547 | Evaluator Episodes = 10106 | Evaluator Steps = 505300 | Learner Steps = 31008 | Learner Walltime = 6125.571 | Logits Neg = -17.52414321899414 | Logits Pos = -1.7430450916290283 | Logsumexp = 1.0673975944519043 | Steps Per Second = 307.938
I0502 16:48:21.588904 139569349502528 terminal.py:91] [Actor] Actor Episodes = 39888 | Actor Steps = 1994400 | Delta Dist = 7.061 | Delta Dist 10 = 4.558 | Delta Dist 100 = 4.104 | Delta Dist 1000 = 4.395 | Episode Length = 50 | Episode Return = 27.0 | Evaluator Episodes = 10106 | Evaluator Steps = 505300 | Final Dist = 0.219 | Final Dist 10 = 2.039 | Final Dist 100 = 1.493 | Final Dist 1000 = 1.579 | Init Dist = 7.280 | Init Dist 10 = 6.723 | Init Dist 100 = 5.556 | Init Dist 1000 = 5.976 | Learner Steps = 31006 | Learner Walltime = 6125.301 | Min Dist = 0.024 | Min Dist 10 = 0.086 | Min Dist 100 = 0.183 | Min Dist 1000 = 0.214 | Steps Per Second = 76.388 | Success = 1.000 | Success 1000 = 0.992
I0502 16:48:22.133052 139579566835264 terminal.py:91] [Evaluator] Actor Episodes = 39890 | Actor Steps = 1994500 | Delta Dist = 12.221 | Delta Dist 10 = 11.839 | Delta Dist 100 = 11.493 | Delta Dist 1000 = 11.614 | Episode Length = 50 | Episode Return = 16.0 | Evaluator Episodes = 10108 | Evaluator Steps = 505400 | Final Dist = 0.586 | Final Dist 10 = 0.967 | Final Dist 100 = 1.313 | Final Dist 1000 = 1.192 | Init Dist = 12.806 | Init Dist 10 = 12.806 | Init Dist 100 = 12.806 | Init Dist 1000 = 12.806 | Learner Steps = 31006 | Learner Walltime = 6125.301 | Min Dist = 0.124 | Min Dist 10 = 0.157 | Min Dist 100 = 0.688 | Min Dist 1000 = 0.551 | Steps Per Second = 81.004 | Success = 1.000 | Success 1000 = 0.941
I0502 16:48:23.262047 139579566835264 terminal.py:91] [Evaluator] Actor Episodes = 39898 | Actor Steps = 1994900 | Delta Dist = 12.175 | Delta Dist 10 = 11.886 | Delta Dist 100 = 11.502 | Delta Dist 1000 = 11.614 | Episode Length = 50 | Episode Return = 36.0 | Evaluator Episodes = 10110 | Evaluator Steps = 505500 | Final Dist = 0.632 | Final Dist 10 = 0.920 | Final Dist 100 = 1.304 | Final Dist 1000 = 1.193 | Init Dist = 12.806 | Init Dist 10 = 12.806 | Init Dist 100 = 12.806 | Init Dist 1000 = 12.806 | Learner Steps = 31012 | Learner Walltime = 6126.484 | Min Dist = 0.179 | Min Dist 10 = 0.184 | Min Dist 100 = 0.682 | Min Dist 1000 = 0.551 | Steps Per Second = 88.504 | Success = 1.000 | Success 1000 = 0.941
I0502 16:48:24.376878 139579566835264 terminal.py:91] [Evaluator] Actor Episodes = 39906 | Actor Steps = 1995300 | Delta Dist = 11.883 | Delta Dist 10 = 12.076 | Delta Dist 100 = 11.494 | Delta Dist 1000 = 11.614 | Episode Length = 50 | Episode Return = 7.0 | Evaluator Episodes = 10112 | Evaluator Steps = 505600 | Final Dist = 0.923 | Final Dist 10 = 0.730 | Final Dist 100 = 1.312 | Final Dist 1000 = 1.192 | Init Dist = 12.806 | Init Dist 10 = 12.806 | Init Dist 100 = 12.806 | Init Dist 1000 = 12.806 | Learner Steps = 31018 | Learner Walltime = 6127.707 | Min Dist = 0.208 | Min Dist 10 = 0.142 | Min Dist 100 = 0.683 | Min Dist 1000 = 0.551 | Steps Per Second = 87.970 | Success = 1.000 | Success 1000 = 0.941
I0502 16:48:24.525347 139557462840896 terminal.py:91] [Actor] Actor Episodes = 39903 | Actor Steps = 1995150 | Delta Dist = 5.657 | Delta Dist 10 = 4.530 | Delta Dist 100 = 3.975 | Delta Dist 1000 = 4.378 | Episode Length = 50 | Episode Return = 32.0 | Evaluator Episodes = 10110 | Evaluator Steps = 505500 | Final Dist = 0.426 | Final Dist 10 = 2.909 | Final Dist 100 = 1.686 | Final Dist 1000 = 1.608 | Init Dist = 6.083 | Init Dist 10 = 7.439 | Init Dist 100 = 5.661 | Init Dist 1000 = 5.986 | Learner Steps = 31018 | Learner Walltime = 6127.707 | Min Dist = 0.047 | Min Dist 10 = 0.199 | Min Dist 100 = 0.264 | Min Dist 1000 = 0.224 | Steps Per Second = 84.202 | Success = 1.000 | Success 1000 = 0.991
I0502 16:48:25.587263 139579566835264 terminal.py:91] [Evaluator] Actor Episodes = 39914 | Actor Steps = 1995700 | Delta Dist = 12.154 | Delta Dist 10 = 12.046 | Delta Dist 100 = 11.481 | Delta Dist 1000 = 11.615 | Episode Length = 50 | Episode Return = 23.0 | Evaluator Episodes = 10114 | Evaluator Steps = 505700 | Final Dist = 0.652 | Final Dist 10 = 0.760 | Final Dist 100 = 1.325 | Final Dist 1000 = 1.192 | Init Dist = 12.806 | Init Dist 10 = 12.806 | Init Dist 100 = 12.806 | Init Dist 1000 = 12.806 | Learner Steps = 31025 | Learner Walltime = 6128.873 | Min Dist = 0.211 | Min Dist 10 = 0.149 | Min Dist 100 = 0.682 | Min Dist 1000 = 0.551 | Steps Per Second = 81.940 | Success = 1.000 | Success 1000 = 0.941
I0502 16:48:25.887097 139583350109760 savers.py:156] Saving checkpoint: logs/contrastive_cpc_point_FourRooms_64/5dd72662-2788-11f0-b183-d85ed38c5779/checkpoints/learner
I0502 16:48:26.369360 139584504182336 lp_utils.py:96] StepsLimiter: Reached 1995800 recorded steps
I0502 16:48:26.727038 139579566835264 terminal.py:91] [Evaluator] Actor Episodes = 39922 | Actor Steps = 1996100 | Delta Dist = 12.244 | Delta Dist 10 = 11.958 | Delta Dist 100 = 11.480 | Delta Dist 1000 = 11.615 | Episode Length = 50 | Episode Return = 22.0 | Evaluator Episodes = 10116 | Evaluator Steps = 505800 | Final Dist = 0.562 | Final Dist 10 = 0.848 | Final Dist 100 = 1.326 | Final Dist 1000 = 1.191 | Init Dist = 12.806 | Init Dist 10 = 12.806 | Init Dist 100 = 12.806 | Init Dist 1000 = 12.806 | Learner Steps = 31030 | Learner Walltime = 6130.090 | Min Dist = 0.266 | Min Dist 10 = 0.181 | Min Dist 100 = 0.681 | Min Dist 1000 = 0.550 | Steps Per Second = 92.379 | Success = 1.000 | Success 1000 = 0.941
I0502 16:48:27.340694 139555860620864 terminal.py:91] [Actor] Actor Episodes = 39923 | Actor Steps = 1996150 | Delta Dist = 3.967 | Delta Dist 10 = 5.178 | Delta Dist 100 = 4.181 | Delta Dist 1000 = 4.417 | Episode Length = 50 | Episode Return = 22.0 | Evaluator Episodes = 10114 | Evaluator Steps = 505700 | Final Dist = 1.033 | Final Dist 10 = 1.511 | Final Dist 100 = 1.628 | Final Dist 1000 = 1.576 | Init Dist = 5.000 | Init Dist 10 = 6.689 | Init Dist 100 = 5.809 | Init Dist 1000 = 5.993 | Learner Steps = 31030 | Learner Walltime = 6130.090 | Min Dist = 0.033 | Min Dist 10 = 0.145 | Min Dist 100 = 0.269 | Min Dist 1000 = 0.214 | Steps Per Second = 75.698 | Success = 1.000 | Success 1000 = 0.991
I0502 16:48:28.002202 139579566835264 terminal.py:91] [Evaluator] Actor Episodes = 39930 | Actor Steps = 1996500 | Delta Dist = 11.184 | Delta Dist 10 = 11.976 | Delta Dist 100 = 11.478 | Delta Dist 1000 = 11.615 | Episode Length = 50 | Episode Return = 9.0 | Evaluator Episodes = 10118 | Evaluator Steps = 505900 | Final Dist = 1.623 | Final Dist 10 = 0.830 | Final Dist 100 = 1.328 | Final Dist 1000 = 1.192 | Init Dist = 12.806 | Init Dist 10 = 12.806 | Init Dist 100 = 12.806 | Init Dist 1000 = 12.806 | Learner Steps = 31037 | Learner Walltime = 6131.358 | Min Dist = 0.381 | Min Dist 10 = 0.196 | Min Dist 100 = 0.681 | Min Dist 1000 = 0.550 | Steps Per Second = 82.066 | Success = 1.000 | Success 1000 = 0.941
I0502 16:48:29.260916 139579566835264 terminal.py:91] [Evaluator] Actor Episodes = 39938 | Actor Steps = 1996900 | Delta Dist = 12.157 | Delta Dist 10 = 11.868 | Delta Dist 100 = 11.480 | Delta Dist 1000 = 11.614 | Episode Length = 50 | Episode Return = 1.0 | Evaluator Episodes = 10120 | Evaluator Steps = 506000 | Final Dist = 0.649 | Final Dist 10 = 0.938 | Final Dist 100 = 1.326 | Final Dist 1000 = 1.192 | Init Dist = 12.806 | Init Dist 10 = 12.806 | Init Dist 100 = 12.806 | Init Dist 1000 = 12.806 | Learner Steps = 31044 | Learner Walltime = 6132.681 | Min Dist = 0.649 | Min Dist 10 = 0.256 | Min Dist 100 = 0.688 | Min Dist 1000 = 0.551 | Steps Per Second = 77.390 | Success = 1.000 | Success 1000 = 0.941
I0502 16:48:30.562354 139579566835264 terminal.py:91] [Evaluator] Actor Episodes = 39946 | Actor Steps = 1997300 | Delta Dist = 11.955 | Delta Dist 10 = 11.286 | Delta Dist 100 = 11.424 | Delta Dist 1000 = 11.616 | Episode Length = 50 | Episode Return = 25.0 | Evaluator Episodes = 10122 | Evaluator Steps = 506100 | Final Dist = 0.852 | Final Dist 10 = 1.520 | Final Dist 100 = 1.383 | Final Dist 1000 = 1.190 | Init Dist = 12.806 | Init Dist 10 = 12.806 | Init Dist 100 = 12.806 | Init Dist 1000 = 12.806 | Learner Steps = 31050 | Learner Walltime = 6133.929 | Min Dist = 0.106 | Min Dist 10 = 0.831 | Min Dist 100 = 0.740 | Min Dist 1000 = 0.548 | Steps Per Second = 80.243 | Success = 1.000 | Success 1000 = 0.941
I0502 16:48:30.860815 139558059398720 terminal.py:91] [Actor] Actor Episodes = 39948 | Actor Steps = 1997400 | Delta Dist = 1.626 | Delta Dist 10 = 4.396 | Delta Dist 100 = 4.410 | Delta Dist 1000 = 4.421 | Episode Length = 50 | Episode Return = 32.0 | Evaluator Episodes = 10122 | Evaluator Steps = 506100 | Final Dist = 0.374 | Final Dist 10 = 1.112 | Final Dist 100 = 1.567 | Final Dist 1000 = 1.552 | Init Dist = 2.000 | Init Dist 10 = 5.508 | Init Dist 100 = 5.978 | Init Dist 1000 = 5.973 | Learner Steps = 31050 | Learner Walltime = 6133.929 | Min Dist = 0.033 | Min Dist 10 = 0.098 | Min Dist 100 = 0.269 | Min Dist 1000 = 0.204 | Steps Per Second = 74.469 | Success = 1.000 | Success 1000 = 0.991
I0502 16:48:31.681607 139555013154368 terminal.py:91] [Learner] Actor Episodes = 39948 | Actor Loss = 3.7512574195861816 | Actor Steps = 1997400 | Binary Accuracy = 0.9960310459136963 | Categorical Accuracy = 0.4119873046875 | Critic Loss = 1.8116440773010254 | Entropy Mean = -20.68335723876953 | Evaluator Episodes = 10122 | Evaluator Steps = 506100 | Learner Steps = 31058 | Learner Walltime = 6135.876 | Logits Neg = -17.193849563598633 | Logits Pos = -1.7906968593597412 | Logsumexp = 1.0855815410614014 | Steps Per Second = 123.742
I0502 16:48:31.732280 139569349502528 terminal.py:91] [Actor] Actor Episodes = 39952 | Actor Steps = 1997600 | Delta Dist = 0.000 | Delta Dist 10 = 4.479 | Delta Dist 100 = 4.462 | Delta Dist 1000 = 4.417 | Episode Length = 50 | Episode Return = 48.0 | Evaluator Episodes = 10122 | Evaluator Steps = 506100 | Final Dist = 1.000 | Final Dist 10 = 0.680 | Final Dist 100 = 1.576 | Final Dist 1000 = 1.544 | Init Dist = 1.000 | Init Dist 10 = 5.160 | Init Dist 100 = 6.038 | Init Dist 1000 = 5.961 | Learner Steps = 31056 | Learner Walltime = 6135.293 | Min Dist = 1.000 | Min Dist 10 = 0.054 | Min Dist 100 = 0.270 | Min Dist 1000 = 0.203 | Steps Per Second = 66.551 | Success = 0.000 | Success 1000 = 0.991
I0502 16:48:31.930337 139579566835264 terminal.py:91] [Evaluator] Actor Episodes = 39954 | Actor Steps = 1997700 | Delta Dist = 11.968 | Delta Dist 10 = 11.371 | Delta Dist 100 = 11.425 | Delta Dist 1000 = 11.623 | Episode Length = 50 | Episode Return = 37.0 | Evaluator Episodes = 10124 | Evaluator Steps = 506200 | Final Dist = 0.839 | Final Dist 10 = 1.435 | Final Dist 100 = 1.381 | Final Dist 1000 = 1.183 | Init Dist = 12.806 | Init Dist 10 = 12.806 | Init Dist 100 = 12.806 | Init Dist 1000 = 12.806 | Learner Steps = 31056 | Learner Walltime = 6135.293 | Min Dist = 0.533 | Min Dist 10 = 0.845 | Min Dist 100 = 0.737 | Min Dist 1000 = 0.541 | Steps Per Second = 71.175 | Success = 1.000 | Success 1000 = 0.942
I0502 16:48:33.085665 139579566835264 terminal.py:91] [Evaluator] Actor Episodes = 39962 | Actor Steps = 1998100 | Delta Dist = 12.374 | Delta Dist 10 = 11.337 | Delta Dist 100 = 11.414 | Delta Dist 1000 = 11.623 | Episode Length = 50 | Episode Return = 17.0 | Evaluator Episodes = 10126 | Evaluator Steps = 506300 | Final Dist = 0.432 | Final Dist 10 = 1.470 | Final Dist 100 = 1.392 | Final Dist 1000 = 1.184 | Init Dist = 12.806 | Init Dist 10 = 12.806 | Init Dist 100 = 12.806 | Init Dist 1000 = 12.806 | Learner Steps = 31061 | Learner Walltime = 6136.496 | Min Dist = 0.166 | Min Dist 10 = 0.872 | Min Dist 100 = 0.745 | Min Dist 1000 = 0.542 | Steps Per Second = 80.143 | Success = 1.000 | Success 1000 = 0.942
I0502 16:48:34.322718 139579566835264 terminal.py:91] [Evaluator] Actor Episodes = 39970 | Actor Steps = 1998500 | Delta Dist = 12.728 | Delta Dist 10 = 11.368 | Delta Dist 100 = 11.414 | Delta Dist 1000 = 11.622 | Episode Length = 50 | Episode Return = 22.0 | Evaluator Episodes = 10128 | Evaluator Steps = 506400 | Final Dist = 0.078 | Final Dist 10 = 1.438 | Final Dist 100 = 1.392 | Final Dist 1000 = 1.184 | Init Dist = 12.806 | Init Dist 10 = 12.806 | Init Dist 100 = 12.806 | Init Dist 1000 = 12.806 | Learner Steps = 31068 | Learner Walltime = 6137.839 | Min Dist = 0.052 | Min Dist 10 = 0.863 | Min Dist 100 = 0.741 | Min Dist 1000 = 0.541 | Steps Per Second = 81.839 | Success = 1.000 | Success 1000 = 0.942
I0502 16:48:34.842457 139557462840896 terminal.py:91] [Actor] Actor Episodes = 39969 | Actor Steps = 1998450 | Delta Dist = 8.256 | Delta Dist 10 = 4.588 | Delta Dist 100 = 4.420 | Delta Dist 1000 = 4.412 | Episode Length = 50 | Episode Return = 44.0 | Evaluator Episodes = 10126 | Evaluator Steps = 506300 | Final Dist = 0.964 | Final Dist 10 = 1.001 | Final Dist 100 = 1.585 | Final Dist 1000 = 1.540 | Init Dist = 9.220 | Init Dist 10 = 5.589 | Init Dist 100 = 6.005 | Init Dist 1000 = 5.952 | Learner Steps = 31068 | Learner Walltime = 6137.839 | Min Dist = 0.067 | Min Dist 10 = 0.136 | Min Dist 100 = 0.284 | Min Dist 1000 = 0.204 | Steps Per Second = 76.535 | Success = 1.000 | Success 1000 = 0.991
I0502 16:48:35.537497 139579566835264 terminal.py:91] [Evaluator] Actor Episodes = 39976 | Actor Steps = 1998800 | Delta Dist = 12.197 | Delta Dist 10 = 11.590 | Delta Dist 100 = 11.460 | Delta Dist 1000 = 11.624 | Episode Length = 50 | Episode Return = 23.0 | Evaluator Episodes = 10130 | Evaluator Steps = 506500 | Final Dist = 0.609 | Final Dist 10 = 1.216 | Final Dist 100 = 1.346 | Final Dist 1000 = 1.183 | Init Dist = 12.806 | Init Dist 10 = 12.806 | Init Dist 100 = 12.806 | Init Dist 1000 = 12.806 | Learner Steps = 31075 | Learner Walltime = 6139.096 | Min Dist = 0.234 | Min Dist 10 = 0.770 | Min Dist 100 = 0.695 | Min Dist 1000 = 0.541 | Steps Per Second = 87.145 | Success = 1.000 | Success 1000 = 0.942
I0502 16:48:36.387864 139584504182336 lp_utils.py:96] StepsLimiter: Reached 1999000 recorded steps
I0502 16:48:36.671354 139579566835264 terminal.py:91] [Evaluator] Actor Episodes = 39982 | Actor Steps = 1999100 | Delta Dist = 11.601 | Delta Dist 10 = 12.172 | Delta Dist 100 = 11.467 | Delta Dist 1000 = 11.623 | Episode Length = 50 | Episode Return = 17.0 | Evaluator Episodes = 10132 | Evaluator Steps = 506600 | Final Dist = 1.205 | Final Dist 10 = 0.634 | Final Dist 100 = 1.339 | Final Dist 1000 = 1.183 | Init Dist = 12.806 | Init Dist 10 = 12.806 | Init Dist 100 = 12.806 | Init Dist 1000 = 12.806 | Learner Steps = 31081 | Learner Walltime = 6140.277 | Min Dist = 0.510 | Min Dist 10 = 0.213 | Min Dist 100 = 0.692 | Min Dist 1000 = 0.541 | Steps Per Second = 96.244 | Success = 1.000 | Success 1000 = 0.942
I0502 16:48:37.952805 139555860620864 terminal.py:91] [Actor] Actor Episodes = 39992 | Actor Steps = 1999600 | Delta Dist = 7.423 | Delta Dist 10 = 5.003 | Delta Dist 100 = 4.478 | Delta Dist 1000 = 4.403 | Episode Length = 50 | Episode Return = 24.0 | Evaluator Episodes = 10132 | Evaluator Steps = 506600 | Final Dist = 1.062 | Final Dist 10 = 0.994 | Final Dist 100 = 1.363 | Final Dist 1000 = 1.550 | Init Dist = 8.485 | Init Dist 10 = 5.997 | Init Dist 100 = 5.841 | Init Dist 1000 = 5.953 | Learner Steps = 31086 | Learner Walltime = 6141.435 | Min Dist = 0.959 | Min Dist 10 = 0.126 | Min Dist 100 = 0.183 | Min Dist 1000 = 0.211 | Steps Per Second = 72.449 | Success = 1.000 | Success 1000 = 0.992
I0502 16:48:37.967597 139579566835264 terminal.py:91] [Evaluator] Actor Episodes = 39992 | Actor Steps = 1999600 | Delta Dist = 12.142 | Delta Dist 10 = 11.395 | Delta Dist 100 = 11.395 | Delta Dist 1000 = 11.617 | Episode Length = 50 | Episode Return = 10.0 | Evaluator Episodes = 10134 | Evaluator Steps = 506700 | Final Dist = 0.665 | Final Dist 10 = 1.411 | Final Dist 100 = 1.411 | Final Dist 1000 = 1.189 | Init Dist = 12.806 | Init Dist 10 = 12.806 | Init Dist 100 = 12.806 | Init Dist 1000 = 12.806 | Learner Steps = 31086 | Learner Walltime = 6141.435 | Min Dist = 0.555 | Min Dist 10 = 0.881 | Min Dist 100 = 0.760 | Min Dist 1000 = 0.547 | Steps Per Second = 73.950 | Success = 1.000 | Success 1000 = 0.941
I0502 16:48:39.149338 139579566835264 terminal.py:91] [Evaluator] Actor Episodes = 39996 | Actor Steps = 1999800 | Delta Dist = 11.451 | Delta Dist 10 = 11.468 | Delta Dist 100 = 11.401 | Delta Dist 1000 = 11.617 | Episode Length = 50 | Episode Return = 15.0 | Evaluator Episodes = 10136 | Evaluator Steps = 506800 | Final Dist = 1.355 | Final Dist 10 = 1.338 | Final Dist 100 = 1.405 | Final Dist 1000 = 1.189 | Init Dist = 12.806 | Init Dist 10 = 12.806 | Init Dist 100 = 12.806 | Init Dist 1000 = 12.806 | Learner Steps = 31093 | Learner Walltime = 6142.703 | Min Dist = 0.073 | Min Dist 10 = 0.872 | Min Dist 100 = 0.766 | Min Dist 1000 = 0.548 | Steps Per Second = 80.697 | Success = 1.000 | Success 1000 = 0.941
I0502 16:48:40.418920 139579566835264 terminal.py:91] [Evaluator] Actor Episodes = 40004 | Actor Steps = 2000200 | Delta Dist = 12.496 | Delta Dist 10 = 11.431 | Delta Dist 100 = 11.405 | Delta Dist 1000 = 11.622 | Episode Length = 50 | Episode Return = 24.0 | Evaluator Episodes = 10138 | Evaluator Steps = 506900 | Final Dist = 0.311 | Final Dist 10 = 1.376 | Final Dist 100 = 1.402 | Final Dist 1000 = 1.184 | Init Dist = 12.806 | Init Dist 10 = 12.806 | Init Dist 100 = 12.806 | Init Dist 1000 = 12.806 | Learner Steps = 31100 | Learner Walltime = 6144.020 | Min Dist = 0.062 | Min Dist 10 = 0.886 | Min Dist 100 = 0.765 | Min Dist 1000 = 0.543 | Steps Per Second = 77.630 | Success = 1.000 | Success 1000 = 0.942
I0502 16:48:40.961621 139558059398720 terminal.py:91] [Actor] Actor Episodes = 40012 | Actor Steps = 2000600 | Delta Dist = 3.737 | Delta Dist 10 = 1.962 | Delta Dist 100 = 4.243 | Delta Dist 1000 = 4.353 | Episode Length = 50 | Episode Return = 28.0 | Evaluator Episodes = 10138 | Evaluator Steps = 506900 | Final Dist = 0.735 | Final Dist 10 = 4.033 | Final Dist 100 = 1.562 | Final Dist 1000 = 1.586 | Init Dist = 4.472 | Init Dist 10 = 5.995 | Init Dist 100 = 5.805 | Init Dist 1000 = 5.939 | Learner Steps = 31100 | Learner Walltime = 6144.020 | Min Dist = 0.121 | Min Dist 10 = 0.698 | Min Dist 100 = 0.229 | Min Dist 1000 = 0.217 | Steps Per Second = 79.267 | Success = 1.000 | Success 1000 = 0.992
I0502 16:48:41.523365 139579566835264 terminal.py:91] [Evaluator] Actor Episodes = 40012 | Actor Steps = 2000600 | Delta Dist = 4.001 | Delta Dist 10 = 11.432 | Delta Dist 100 = 11.403 | Delta Dist 1000 = 11.623 | Episode Length = 50 | Episode Return = 0.0 | Evaluator Episodes = 10140 | Evaluator Steps = 507000 | Final Dist = 8.805 | Final Dist 10 = 1.374 | Final Dist 100 = 1.403 | Final Dist 1000 = 1.183 | Init Dist = 12.806 | Init Dist 10 = 12.806 | Init Dist 100 = 12.806 | Init Dist 1000 = 12.806 | Learner Steps = 31106 | Learner Walltime = 6145.291 | Min Dist = 8.498 | Min Dist 10 = 0.879 | Min Dist 100 = 0.764 | Min Dist 1000 = 0.543 | Steps Per Second = 94.531 | Success = 0.000 | Success 1000 = 0.942
I0502 16:48:41.745412 139555013154368 terminal.py:91] [Learner] Actor Episodes = 40012 | Actor Loss = 3.6041674613952637 | Actor Steps = 2000600 | Binary Accuracy = 0.995990514755249 | Categorical Accuracy = 0.41571044921875 | Critic Loss = 1.7880315780639648 | Entropy Mean = -21.69386100769043 | Evaluator Episodes = 10138 | Evaluator Steps = 506900 | Learner Steps = 31110 | Learner Walltime = 6145.940 | Logits Neg = -17.446935653686523 | Logits Pos = -1.7892687320709229 | Logsumexp = 1.1360589265823364 | Steps Per Second = 951.565
I0502 16:48:42.261079 139569349502528 terminal.py:91] [Actor] Actor Episodes = 40015 | Actor Steps = 2000750 | Delta Dist = 8.140 | Delta Dist 10 = 5.328 | Delta Dist 100 = 4.247 | Delta Dist 1000 = 4.375 | Episode Length = 50 | Episode Return = 19.0 | Evaluator Episodes = 10140 | Evaluator Steps = 507000 | Final Dist = 0.106 | Final Dist 10 = 1.812 | Final Dist 100 = 1.615 | Final Dist 1000 = 1.575 | Init Dist = 8.246 | Init Dist 10 = 7.140 | Init Dist 100 = 5.862 | Init Dist 1000 = 5.951 | Learner Steps = 31106 | Learner Walltime = 6145.291 | Min Dist = 0.020 | Min Dist 10 = 1.326 | Min Dist 100 = 0.292 | Min Dist 1000 = 0.222 | Steps Per Second = 75.790 | Success = 1.000 | Success 1000 = 0.992
I0502 16:48:42.859653 139579566835264 terminal.py:91] [Evaluator] Actor Episodes = 40020 | Actor Steps = 2001000 | Delta Dist = 12.303 | Delta Dist 10 = 10.563 | Delta Dist 100 = 11.318 | Delta Dist 1000 = 11.614 | Episode Length = 50 | Episode Return = 25.0 | Evaluator Episodes = 10142 | Evaluator Steps = 507100 | Final Dist = 0.504 | Final Dist 10 = 2.243 | Final Dist 100 = 1.489 | Final Dist 1000 = 1.192 | Init Dist = 12.806 | Init Dist 10 = 12.806 | Init Dist 100 = 12.806 | Init Dist 1000 = 12.806 | Learner Steps = 31113 | Learner Walltime = 6146.613 | Min Dist = 0.303 | Min Dist 10 = 1.700 | Min Dist 100 = 0.846 | Min Dist 1000 = 0.551 | Steps Per Second = 72.103 | Success = 1.000 | Success 1000 = 0.941
I0502 16:48:44.119355 139579566835264 terminal.py:91] [Evaluator] Actor Episodes = 40028 | Actor Steps = 2001400 | Delta Dist = 12.500 | Delta Dist 10 = 11.280 | Delta Dist 100 = 11.319 | Delta Dist 1000 = 11.614 | Episode Length = 50 | Episode Return = 23.0 | Evaluator Episodes = 10144 | Evaluator Steps = 507200 | Final Dist = 0.306 | Final Dist 10 = 1.526 | Final Dist 100 = 1.488 | Final Dist 1000 = 1.192 | Init Dist = 12.806 | Init Dist 10 = 12.806 | Init Dist 100 = 12.806 | Init Dist 1000 = 12.806 | Learner Steps = 31118 | Learner Walltime = 6147.795 | Min Dist = 0.119 | Min Dist 10 = 1.026 | Min Dist 100 = 0.842 | Min Dist 1000 = 0.551 | Steps Per Second = 78.806 | Success = 1.000 | Success 1000 = 0.941
I0502 16:48:44.933106 139557462840896 terminal.py:91] [Actor] Actor Episodes = 40035 | Actor Steps = 2001750 | Delta Dist = 7.134 | Delta Dist 10 = 3.346 | Delta Dist 100 = 4.017 | Delta Dist 1000 = 4.377 | Episode Length = 50 | Episode Return = 35.0 | Evaluator Episodes = 10144 | Evaluator Steps = 507200 | Final Dist = 0.676 | Final Dist 10 = 1.796 | Final Dist 100 = 1.865 | Final Dist 1000 = 1.559 | Init Dist = 7.810 | Init Dist 10 = 5.142 | Init Dist 100 = 5.881 | Init Dist 1000 = 5.936 | Learner Steps = 31118 | Learner Walltime = 6147.795 | Min Dist = 0.114 | Min Dist 10 = 0.076 | Min Dist 100 = 0.285 | Min Dist 1000 = 0.216 | Steps Per Second = 76.488 | Success = 1.000 | Success 1000 = 0.992
I0502 16:48:45.358101 139579566835264 terminal.py:91] [Evaluator] Actor Episodes = 40036 | Actor Steps = 2001800 | Delta Dist = 11.903 | Delta Dist 10 = 11.290 | Delta Dist 100 = 11.321 | Delta Dist 1000 = 11.615 | Episode Length = 50 | Episode Return = 19.0 | Evaluator Episodes = 10146 | Evaluator Steps = 507300 | Final Dist = 0.904 | Final Dist 10 = 1.516 | Final Dist 100 = 1.485 | Final Dist 1000 = 1.192 | Init Dist = 12.806 | Init Dist 10 = 12.806 | Init Dist 100 = 12.806 | Init Dist 1000 = 12.806 | Learner Steps = 31124 | Learner Walltime = 6149.048 | Min Dist = 0.253 | Min Dist 10 = 0.986 | Min Dist 100 = 0.845 | Min Dist 1000 = 0.551 | Steps Per Second = 84.972 | Success = 1.000 | Success 1000 = 0.941
I0502 16:48:46.412072 139584504182336 lp_utils.py:96] StepsLimiter: Reached 2002200 recorded steps
I0502 16:48:46.744493 139579566835264 terminal.py:91] [Evaluator] Actor Episodes = 40044 | Actor Steps = 2002200 | Delta Dist = 12.444 | Delta Dist 10 = 11.301 | Delta Dist 100 = 11.326 | Delta Dist 1000 = 11.615 | Episode Length = 50 | Episode Return = 25.0 | Evaluator Episodes = 10148 | Evaluator Steps = 507400 | Final Dist = 0.362 | Final Dist 10 = 1.505 | Final Dist 100 = 1.480 | Final Dist 1000 = 1.192 | Init Dist = 12.806 | Init Dist 10 = 12.806 | Init Dist 100 = 12.806 | Init Dist 1000 = 12.806 | Learner Steps = 31131 | Learner Walltime = 6150.404 | Min Dist = 0.060 | Min Dist 10 = 1.024 | Min Dist 100 = 0.847 | Min Dist 1000 = 0.551 | Steps Per Second = 71.908 | Success = 1.000 | Success 1000 = 0.941
I0502 16:48:47.940095 139579566835264 terminal.py:91] [Evaluator] Actor Episodes = 40052 | Actor Steps = 2002600 | Delta Dist = 11.764 | Delta Dist 10 = 11.271 | Delta Dist 100 = 11.335 | Delta Dist 1000 = 11.615 | Episode Length = 50 | Episode Return = 23.0 | Evaluator Episodes = 10150 | Evaluator Steps = 507500 | Final Dist = 1.042 | Final Dist 10 = 1.536 | Final Dist 100 = 1.471 | Final Dist 1000 = 1.191 | Init Dist = 12.806 | Init Dist 10 = 12.806 | Init Dist 100 = 12.806 | Init Dist 1000 = 12.806 | Learner Steps = 31136 | Learner Walltime = 6151.679 | Min Dist = 0.281 | Min Dist 10 = 1.042 | Min Dist 100 = 0.847 | Min Dist 1000 = 0.551 | Steps Per Second = 89.987 | Success = 1.000 | Success 1000 = 0.941
I0502 16:48:48.010062 139555860620864 terminal.py:91] [Actor] Actor Episodes = 40056 | Actor Steps = 2002800 | Delta Dist = 4.227 | Delta Dist 10 = 4.042 | Delta Dist 100 = 3.916 | Delta Dist 1000 = 4.351 | Episode Length = 50 | Episode Return = 40.0 | Evaluator Episodes = 10150 | Evaluator Steps = 507500 | Final Dist = 0.015 | Final Dist 10 = 2.016 | Final Dist 100 = 2.110 | Final Dist 1000 = 1.564 | Init Dist = 4.243 | Init Dist 10 = 6.058 | Init Dist 100 = 6.027 | Init Dist 1000 = 5.915 | Learner Steps = 31136 | Learner Walltime = 6151.679 | Min Dist = 0.015 | Min Dist 10 = 1.329 | Min Dist 100 = 0.416 | Min Dist 1000 = 0.229 | Steps Per Second = 82.582 | Success = 1.000 | Success 1000 = 0.992
I0502 16:48:49.246074 139579566835264 terminal.py:91] [Evaluator] Actor Episodes = 40060 | Actor Steps = 2003000 | Delta Dist = 12.494 | Delta Dist 10 = 12.156 | Delta Dist 100 = 11.334 | Delta Dist 1000 = 11.616 | Episode Length = 50 | Episode Return = 20.0 | Evaluator Episodes = 10152 | Evaluator Steps = 507600 | Final Dist = 0.312 | Final Dist 10 = 0.650 | Final Dist 100 = 1.472 | Final Dist 1000 = 1.191 | Init Dist = 12.806 | Init Dist 10 = 12.806 | Init Dist 100 = 12.806 | Init Dist 1000 = 12.806 | Learner Steps = 31143 | Learner Walltime = 6152.871 | Min Dist = 0.218 | Min Dist 10 = 0.232 | Min Dist 100 = 0.849 | Min Dist 1000 = 0.551 | Steps Per Second = 70.593 | Success = 1.000 | Success 1000 = 0.941
I0502 16:48:50.487022 139579566835264 terminal.py:91] [Evaluator] Actor Episodes = 40070 | Actor Steps = 2003500 | Delta Dist = 12.272 | Delta Dist 10 = 12.156 | Delta Dist 100 = 11.345 | Delta Dist 1000 = 11.623 | Episode Length = 50 | Episode Return = 24.0 | Evaluator Episodes = 10154 | Evaluator Steps = 507700 | Final Dist = 0.534 | Final Dist 10 = 0.650 | Final Dist 100 = 1.461 | Final Dist 1000 = 1.183 | Init Dist = 12.806 | Init Dist 10 = 12.806 | Init Dist 100 = 12.806 | Init Dist 1000 = 12.806 | Learner Steps = 31149 | Learner Walltime = 6154.087 | Min Dist = 0.427 | Min Dist 10 = 0.249 | Min Dist 100 = 0.846 | Min Dist 1000 = 0.543 | Steps Per Second = 83.170 | Success = 1.000 | Success 1000 = 0.942
I0502 16:48:51.156903 139558059398720 terminal.py:91] [Actor] Actor Episodes = 40076 | Actor Steps = 2003800 | Delta Dist = 2.635 | Delta Dist 10 = 5.319 | Delta Dist 100 = 3.944 | Delta Dist 1000 = 4.329 | Episode Length = 50 | Episode Return = 37.0 | Evaluator Episodes = 10154 | Evaluator Steps = 507700 | Final Dist = 0.365 | Final Dist 10 = 0.768 | Final Dist 100 = 2.112 | Final Dist 1000 = 1.574 | Init Dist = 3.000 | Init Dist 10 = 6.087 | Init Dist 100 = 6.057 | Init Dist 1000 = 5.903 | Learner Steps = 31149 | Learner Walltime = 6154.087 | Min Dist = 0.076 | Min Dist 10 = 0.083 | Min Dist 100 = 0.463 | Min Dist 1000 = 0.221 | Steps Per Second = 77.048 | Success = 1.000 | Success 1000 = 0.992
I0502 16:48:51.784917 139579566835264 terminal.py:91] [Evaluator] Actor Episodes = 40078 | Actor Steps = 2003900 | Delta Dist = 11.907 | Delta Dist 10 = 12.151 | Delta Dist 100 = 11.350 | Delta Dist 1000 = 11.625 | Episode Length = 50 | Episode Return = 19.0 | Evaluator Episodes = 10156 | Evaluator Steps = 507800 | Final Dist = 0.899 | Final Dist 10 = 0.656 | Final Dist 100 = 1.457 | Final Dist 1000 = 1.181 | Init Dist = 12.806 | Init Dist 10 = 12.806 | Init Dist 100 = 12.806 | Init Dist 1000 = 12.806 | Learner Steps = 31156 | Learner Walltime = 6155.414 | Min Dist = 0.230 | Min Dist 10 = 0.284 | Min Dist 100 = 0.848 | Min Dist 1000 = 0.543 | Steps Per Second = 78.214 | Success = 1.000 | Success 1000 = 0.942
I0502 16:48:51.879831 139555013154368 terminal.py:91] [Learner] Actor Episodes = 40076 | Actor Loss = 3.6495866775512695 | Actor Steps = 2003800 | Binary Accuracy = 0.9959590435028076 | Categorical Accuracy = 0.411376953125 | Critic Loss = 1.8191118240356445 | Entropy Mean = -21.317922592163086 | Evaluator Episodes = 10154 | Evaluator Steps = 507700 | Learner Steps = 31159 | Learner Walltime = 6156.072 | Logits Neg = -17.072494506835938 | Logits Pos = -1.8036762475967407 | Logsumexp = 1.2375781536102295 | Steps Per Second = 155.486
I0502 16:48:52.570581 139569349502528 terminal.py:91] [Actor] Actor Episodes = 40081 | Actor Steps = 2004050 | Delta Dist = 9.371 | Delta Dist 10 = 3.383 | Delta Dist 100 = 3.873 | Delta Dist 1000 = 4.334 | Episode Length = 50 | Episode Return = 26.0 | Evaluator Episodes = 10156 | Evaluator Steps = 507800 | Final Dist = 0.478 | Final Dist 10 = 2.332 | Final Dist 100 = 2.225 | Final Dist 1000 = 1.574 | Init Dist = 9.849 | Init Dist 10 = 5.716 | Init Dist 100 = 6.098 | Init Dist 1000 = 5.908 | Learner Steps = 31156 | Learner Walltime = 6155.414 | Min Dist = 0.032 | Min Dist 10 = 0.050 | Min Dist 100 = 0.400 | Min Dist 1000 = 0.218 | Steps Per Second = 79.862 | Success = 1.000 | Success 1000 = 0.992
I0502 16:48:53.121035 139579566835264 terminal.py:91] [Evaluator] Actor Episodes = 40086 | Actor Steps = 2004300 | Delta Dist = 11.556 | Delta Dist 10 = 12.074 | Delta Dist 100 = 11.344 | Delta Dist 1000 = 11.624 | Episode Length = 50 | Episode Return = 1.0 | Evaluator Episodes = 10158 | Evaluator Steps = 507900 | Final Dist = 1.250 | Final Dist 10 = 0.732 | Final Dist 100 = 1.462 | Final Dist 1000 = 1.182 | Init Dist = 12.806 | Init Dist 10 = 12.806 | Init Dist 100 = 12.806 | Init Dist 1000 = 12.806 | Learner Steps = 31162 | Learner Walltime = 6156.688 | Min Dist = 0.565 | Min Dist 10 = 0.258 | Min Dist 100 = 0.845 | Min Dist 1000 = 0.544 | Steps Per Second = 72.790 | Success = 1.000 | Success 1000 = 0.942
I0502 16:48:54.389878 139579566835264 terminal.py:91] [Evaluator] Actor Episodes = 40094 | Actor Steps = 2004700 | Delta Dist = 11.787 | Delta Dist 10 = 11.891 | Delta Dist 100 = 11.340 | Delta Dist 1000 = 11.623 | Episode Length = 50 | Episode Return = 14.0 | Evaluator Episodes = 10160 | Evaluator Steps = 508000 | Final Dist = 1.019 | Final Dist 10 = 0.915 | Final Dist 100 = 1.467 | Final Dist 1000 = 1.183 | Init Dist = 12.806 | Init Dist 10 = 12.806 | Init Dist 100 = 12.806 | Init Dist 1000 = 12.806 | Learner Steps = 31168 | Learner Walltime = 6157.755 | Min Dist = 0.065 | Min Dist 10 = 0.338 | Min Dist 100 = 0.850 | Min Dist 1000 = 0.545 | Steps Per Second = 77.105 | Success = 1.000 | Success 1000 = 0.942
I0502 16:48:55.149029 139557462840896 terminal.py:91] [Actor] Actor Episodes = 40099 | Actor Steps = 2004950 | Delta Dist = 3.727 | Delta Dist 10 = 2.973 | Delta Dist 100 = 3.881 | Delta Dist 1000 = 4.342 | Episode Length = 50 | Episode Return = 31.0 | Evaluator Episodes = 10160 | Evaluator Steps = 508000 | Final Dist = 1.273 | Final Dist 10 = 2.637 | Final Dist 100 = 2.356 | Final Dist 1000 = 1.593 | Init Dist = 5.000 | Init Dist 10 = 5.610 | Init Dist 100 = 6.237 | Init Dist 1000 = 5.935 | Learner Steps = 31168 | Learner Walltime = 6157.755 | Min Dist = 0.113 | Min Dist 10 = 0.092 | Min Dist 100 = 0.398 | Min Dist 1000 = 0.218 | Steps Per Second = 83.984 | Success = 1.000 | Success 1000 = 0.993
I0502 16:48:55.573547 139579566835264 terminal.py:91] [Evaluator] Actor Episodes = 40102 | Actor Steps = 2005100 | Delta Dist = 11.337 | Delta Dist 10 = 11.892 | Delta Dist 100 = 11.339 | Delta Dist 1000 = 11.623 | Episode Length = 50 | Episode Return = 21.0 | Evaluator Episodes = 10162 | Evaluator Steps = 508100 | Final Dist = 1.469 | Final Dist 10 = 0.914 | Final Dist 100 = 1.468 | Final Dist 1000 = 1.184 | Init Dist = 12.806 | Init Dist 10 = 12.806 | Init Dist 100 = 12.806 | Init Dist 1000 = 12.806 | Learner Steps = 31172 | Learner Walltime = 6158.797 | Min Dist = 0.047 | Min Dist 10 = 0.318 | Min Dist 100 = 0.849 | Min Dist 1000 = 0.545 | Steps Per Second = 85.462 | Success = 1.000 | Success 1000 = 0.942
I0502 16:48:56.428510 139584504182336 lp_utils.py:96] StepsLimiter: Reached 2005400 recorded steps
I0502 16:48:56.808960 139579566835264 terminal.py:91] [Evaluator] Actor Episodes = 40110 | Actor Steps = 2005500 | Delta Dist = 12.441 | Delta Dist 10 = 11.900 | Delta Dist 100 = 11.337 | Delta Dist 1000 = 11.622 | Episode Length = 50 | Episode Return = 32.0 | Evaluator Episodes = 10164 | Evaluator Steps = 508200 | Final Dist = 0.365 | Final Dist 10 = 0.906 | Final Dist 100 = 1.469 | Final Dist 1000 = 1.184 | Init Dist = 12.806 | Init Dist 10 = 12.806 | Init Dist 100 = 12.806 | Init Dist 1000 = 12.806 | Learner Steps = 31179 | Learner Walltime = 6160.079 | Min Dist = 0.085 | Min Dist 10 = 0.285 | Min Dist 100 = 0.844 | Min Dist 1000 = 0.545 | Steps Per Second = 83.884 | Success = 1.000 | Success 1000 = 0.942
I0502 16:48:58.090016 139579566835264 terminal.py:91] [Evaluator] Actor Episodes = 40118 | Actor Steps = 2005900 | Delta Dist = 12.541 | Delta Dist 10 = 11.897 | Delta Dist 100 = 11.338 | Delta Dist 1000 = 11.624 | Episode Length = 50 | Episode Return = 22.0 | Evaluator Episodes = 10166 | Evaluator Steps = 508300 | Final Dist = 0.265 | Final Dist 10 = 0.909 | Final Dist 100 = 1.468 | Final Dist 1000 = 1.183 | Init Dist = 12.806 | Init Dist 10 = 12.806 | Init Dist 100 = 12.806 | Init Dist 1000 = 12.806 | Learner Steps = 31186 | Learner Walltime = 6161.487 | Min Dist = 0.074 | Min Dist 10 = 0.223 | Min Dist 100 = 0.843 | Min Dist 1000 = 0.545 | Steps Per Second = 82.732 | Success = 1.000 | Success 1000 = 0.942
I0502 16:48:58.475246 139555860620864 terminal.py:91] [Actor] Actor Episodes = 40119 | Actor Steps = 2005950 | Delta Dist = 7.421 | Delta Dist 10 = 5.152 | Delta Dist 100 = 4.082 | Delta Dist 1000 = 4.349 | Episode Length = 50 | Episode Return = 26.0 | Evaluator Episodes = 10164 | Evaluator Steps = 508200 | Final Dist = 1.064 | Final Dist 10 = 0.591 | Final Dist 100 = 1.866 | Final Dist 1000 = 1.586 | Init Dist = 8.485 | Init Dist 10 = 5.744 | Init Dist 100 = 5.948 | Init Dist 1000 = 5.935 | Learner Steps = 31186 | Learner Walltime = 6161.487 | Min Dist = 0.098 | Min Dist 10 = 0.049 | Min Dist 100 = 0.268 | Min Dist 1000 = 0.217 | Steps Per Second = 84.562 | Success = 1.000 | Success 1000 = 0.993
I0502 16:48:59.393471 139579566835264 terminal.py:91] [Evaluator] Actor Episodes = 40128 | Actor Steps = 2006400 | Delta Dist = 11.594 | Delta Dist 10 = 11.979 | Delta Dist 100 = 11.338 | Delta Dist 1000 = 11.625 | Episode Length = 50 | Episode Return = 4.0 | Evaluator Episodes = 10168 | Evaluator Steps = 508400 | Final Dist = 1.213 | Final Dist 10 = 0.827 | Final Dist 100 = 1.468 | Final Dist 1000 = 1.182 | Init Dist = 12.806 | Init Dist 10 = 12.806 | Init Dist 100 = 12.806 | Init Dist 1000 = 12.806 | Learner Steps = 31193 | Learner Walltime = 6162.783 | Min Dist = 0.667 | Min Dist 10 = 0.242 | Min Dist 100 = 0.846 | Min Dist 1000 = 0.545 | Steps Per Second = 74.490 | Success = 1.000 | Success 1000 = 0.942
I0502 16:49:00.616375 139579566835264 terminal.py:91] [Evaluator] Actor Episodes = 40134 | Actor Steps = 2006700 | Delta Dist = 11.763 | Delta Dist 10 = 12.079 | Delta Dist 100 = 11.333 | Delta Dist 1000 = 11.625 | Episode Length = 50 | Episode Return = 12.0 | Evaluator Episodes = 10170 | Evaluator Steps = 508500 | Final Dist = 1.043 | Final Dist 10 = 0.727 | Final Dist 100 = 1.474 | Final Dist 1000 = 1.182 | Init Dist = 12.806 | Init Dist 10 = 12.806 | Init Dist 100 = 12.806 | Init Dist 1000 = 12.806 | Learner Steps = 31199 | Learner Walltime = 6163.817 | Min Dist = 0.058 | Min Dist 10 = 0.209 | Min Dist 100 = 0.850 | Min Dist 1000 = 0.545 | Steps Per Second = 92.032 | Success = 1.000 | Success 1000 = 0.942
I0502 16:49:01.827664 139579566835264 terminal.py:91] [Evaluator] Actor Episodes = 40140 | Actor Steps = 2007000 | Delta Dist = 12.616 | Delta Dist 10 = 12.074 | Delta Dist 100 = 11.413 | Delta Dist 1000 = 11.625 | Episode Length = 50 | Episode Return = 14.0 | Evaluator Episodes = 10172 | Evaluator Steps = 508600 | Final Dist = 0.191 | Final Dist 10 = 0.733 | Final Dist 100 = 1.393 | Final Dist 1000 = 1.181 | Init Dist = 12.806 | Init Dist 10 = 12.806 | Init Dist 100 = 12.806 | Init Dist 1000 = 12.806 | Learner Steps = 31208 | Learner Walltime = 6165.851 | Min Dist = 0.191 | Min Dist 10 = 0.198 | Min Dist 100 = 0.782 | Min Dist 1000 = 0.545 | Steps Per Second = 79.527 | Success = 1.000 | Success 1000 = 0.942
I0502 16:49:01.851942 139558059398720 terminal.py:91] [Actor] Actor Episodes = 40141 | Actor Steps = 2007050 | Delta Dist = 6.868 | Delta Dist 10 = 4.543 | Delta Dist 100 = 3.934 | Delta Dist 1000 = 4.318 | Episode Length = 50 | Episode Return = 46.0 | Evaluator Episodes = 10170 | Evaluator Steps = 508500 | Final Dist = 0.412 | Final Dist 10 = 0.563 | Final Dist 100 = 1.917 | Final Dist 1000 = 1.600 | Init Dist = 7.280 | Init Dist 10 = 5.106 | Init Dist 100 = 5.852 | Init Dist 1000 = 5.918 | Learner Steps = 31203 | Learner Walltime = 6164.847 | Min Dist = 0.002 | Min Dist 10 = 0.106 | Min Dist 100 = 0.390 | Min Dist 1000 = 0.229 | Steps Per Second = 71.370 | Success = 1.000 | Success 1000 = 0.993
I0502 16:49:01.988699 139555013154368 terminal.py:91] [Learner] Actor Episodes = 40140 | Actor Loss = 3.7270100116729736 | Actor Steps = 2007000 | Binary Accuracy = 0.9960689544677734 | Categorical Accuracy = 0.42266845703125 | Critic Loss = 1.7606256008148193 | Entropy Mean = -23.541780471801758 | Evaluator Episodes = 10170 | Evaluator Steps = 508500 | Learner Steps = 31209 | Learner Walltime = 6166.184 | Logits Neg = -17.56308364868164 | Logits Pos = -1.7480703592300415 | Logsumexp = 1.0988693237304688 | Steps Per Second = 191.875
I0502 16:49:02.874139 139569349502528 terminal.py:91] [Actor] Actor Episodes = 40147 | Actor Steps = 2007350 | Delta Dist = 5.966 | Delta Dist 10 = 5.148 | Delta Dist 100 = 4.110 | Delta Dist 1000 = 4.327 | Episode Length = 50 | Episode Return = 29.0 | Evaluator Episodes = 10172 | Evaluator Steps = 508600 | Final Dist = 1.314 | Final Dist 10 = 0.847 | Final Dist 100 = 1.844 | Final Dist 1000 = 1.597 | Init Dist = 7.280 | Init Dist 10 = 5.995 | Init Dist 100 = 5.954 | Init Dist 1000 = 5.924 | Learner Steps = 31208 | Learner Walltime = 6165.851 | Min Dist = 0.030 | Min Dist 10 = 0.098 | Min Dist 100 = 0.386 | Min Dist 1000 = 0.229 | Steps Per Second = 76.550 | Success = 1.000 | Success 1000 = 0.993
I0502 16:49:03.120192 139579566835264 terminal.py:91] [Evaluator] Actor Episodes = 40150 | Actor Steps = 2007500 | Delta Dist = 12.298 | Delta Dist 10 = 12.126 | Delta Dist 100 = 11.414 | Delta Dist 1000 = 11.626 | Episode Length = 50 | Episode Return = 18.0 | Evaluator Episodes = 10174 | Evaluator Steps = 508700 | Final Dist = 0.508 | Final Dist 10 = 0.680 | Final Dist 100 = 1.393 | Final Dist 1000 = 1.180 | Init Dist = 12.806 | Init Dist 10 = 12.806 | Init Dist 100 = 12.806 | Init Dist 1000 = 12.806 | Learner Steps = 31213 | Learner Walltime = 6167.039 | Min Dist = 0.364 | Min Dist 10 = 0.249 | Min Dist 100 = 0.786 | Min Dist 1000 = 0.545 | Steps Per Second = 83.179 | Success = 1.000 | Success 1000 = 0.942
I0502 16:49:04.343483 139579566835264 terminal.py:91] [Evaluator] Actor Episodes = 40156 | Actor Steps = 2007800 | Delta Dist = 12.528 | Delta Dist 10 = 12.100 | Delta Dist 100 = 11.410 | Delta Dist 1000 = 11.626 | Episode Length = 50 | Episode Return = 24.0 | Evaluator Episodes = 10176 | Evaluator Steps = 508800 | Final Dist = 0.278 | Final Dist 10 = 0.706 | Final Dist 100 = 1.396 | Final Dist 1000 = 1.180 | Init Dist = 12.806 | Init Dist 10 = 12.806 | Init Dist 100 = 12.806 | Init Dist 1000 = 12.806 | Learner Steps = 31218 | Learner Walltime = 6168.320 | Min Dist = 0.092 | Min Dist 10 = 0.306 | Min Dist 100 = 0.789 | Min Dist 1000 = 0.545 | Steps Per Second = 76.945 | Success = 1.000 | Success 1000 = 0.942
I0502 16:49:05.317502 139557462840896 terminal.py:91] [Actor] Actor Episodes = 40161 | Actor Steps = 2008050 | Delta Dist = -0.121 | Delta Dist 10 = 5.762 | Delta Dist 100 = 4.537 | Delta Dist 1000 = 4.334 | Episode Length = 50 | Episode Return = 26.0 | Evaluator Episodes = 10176 | Evaluator Steps = 508800 | Final Dist = 1.121 | Final Dist 10 = 0.838 | Final Dist 100 = 1.561 | Final Dist 1000 = 1.582 | Init Dist = 1.000 | Init Dist 10 = 6.600 | Init Dist 100 = 6.098 | Init Dist 1000 = 5.916 | Learner Steps = 31218 | Learner Walltime = 6168.320 | Min Dist = 0.022 | Min Dist 10 = 0.116 | Min Dist 100 = 0.205 | Min Dist 1000 = 0.227 | Steps Per Second = 72.809 | Success = 1.000 | Success 1000 = 0.993
I0502 16:49:05.577428 139579566835264 terminal.py:91] [Evaluator] Actor Episodes = 40164 | Actor Steps = 2008200 | Delta Dist = 12.533 | Delta Dist 10 = 12.113 | Delta Dist 100 = 11.416 | Delta Dist 1000 = 11.627 | Episode Length = 50 | Episode Return = 11.0 | Evaluator Episodes = 10178 | Evaluator Steps = 508900 | Final Dist = 0.274 | Final Dist 10 = 0.694 | Final Dist 100 = 1.390 | Final Dist 1000 = 1.179 | Init Dist = 12.806 | Init Dist 10 = 12.806 | Init Dist 100 = 12.806 | Init Dist 1000 = 12.806 | Learner Steps = 31225 | Learner Walltime = 6169.431 | Min Dist = 0.153 | Min Dist 10 = 0.248 | Min Dist 100 = 0.785 | Min Dist 1000 = 0.545 | Steps Per Second = 85.345 | Success = 1.000 | Success 1000 = 0.942
I0502 16:49:06.447831 139584504182336 lp_utils.py:96] StepsLimiter: Reached 2008600 recorded steps
I0502 16:49:06.903161 139579566835264 terminal.py:91] [Evaluator] Actor Episodes = 40172 | Actor Steps = 2008600 | Delta Dist = 12.550 | Delta Dist 10 = 12.145 | Delta Dist 100 = 11.419 | Delta Dist 1000 = 11.628 | Episode Length = 50 | Episode Return = 21.0 | Evaluator Episodes = 10180 | Evaluator Steps = 509000 | Final Dist = 0.256 | Final Dist 10 = 0.661 | Final Dist 100 = 1.387 | Final Dist 1000 = 1.178 | Init Dist = 12.806 | Init Dist 10 = 12.806 | Init Dist 100 = 12.806 | Init Dist 1000 = 12.806 | Learner Steps = 31231 | Learner Walltime = 6170.778 | Min Dist = 0.253 | Min Dist 10 = 0.183 | Min Dist 100 = 0.779 | Min Dist 1000 = 0.544 | Steps Per Second = 76.661 | Success = 1.000 | Success 1000 = 0.942
I0502 16:49:07.963539 139579566835264 terminal.py:91] [Evaluator] Actor Episodes = 40180 | Actor Steps = 2009000 | Delta Dist = 11.922 | Delta Dist 10 = 12.190 | Delta Dist 100 = 11.431 | Delta Dist 1000 = 11.630 | Episode Length = 50 | Episode Return = 15.0 | Evaluator Episodes = 10182 | Evaluator Steps = 509100 | Final Dist = 0.884 | Final Dist 10 = 0.616 | Final Dist 100 = 1.375 | Final Dist 1000 = 1.176 | Init Dist = 12.806 | Init Dist 10 = 12.806 | Init Dist 100 = 12.806 | Init Dist 1000 = 12.806 | Learner Steps = 31236 | Learner Walltime = 6171.831 | Min Dist = 0.079 | Min Dist 10 = 0.205 | Min Dist 100 = 0.777 | Min Dist 1000 = 0.545 | Steps Per Second = 93.679 | Success = 1.000 | Success 1000 = 0.942
I0502 16:49:08.749156 139555860620864 terminal.py:91] [Actor] Actor Episodes = 40183 | Actor Steps = 2009150 | Delta Dist = 5.950 | Delta Dist 10 = 4.707 | Delta Dist 100 = 4.525 | Delta Dist 1000 = 4.317 | Episode Length = 50 | Episode Return = 26.0 | Evaluator Episodes = 10182 | Evaluator Steps = 509100 | Final Dist = 0.133 | Final Dist 10 = 0.689 | Final Dist 100 = 1.595 | Final Dist 1000 = 1.600 | Init Dist = 6.083 | Init Dist 10 = 5.396 | Init Dist 100 = 6.120 | Init Dist 1000 = 5.917 | Learner Steps = 31236 | Learner Walltime = 6171.831 | Min Dist = 0.133 | Min Dist 10 = 0.031 | Min Dist 100 = 0.203 | Min Dist 1000 = 0.227 | Steps Per Second = 83.716 | Success = 1.000 | Success 1000 = 0.994
I0502 16:49:09.191999 139579566835264 terminal.py:91] [Evaluator] Actor Episodes = 40188 | Actor Steps = 2009400 | Delta Dist = 11.600 | Delta Dist 10 = 12.192 | Delta Dist 100 = 11.507 | Delta Dist 1000 = 11.631 | Episode Length = 50 | Episode Return = 14.0 | Evaluator Episodes = 10184 | Evaluator Steps = 509200 | Final Dist = 1.206 | Final Dist 10 = 0.614 | Final Dist 100 = 1.299 | Final Dist 1000 = 1.176 | Init Dist = 12.806 | Init Dist 10 = 12.806 | Init Dist 100 = 12.806 | Init Dist 1000 = 12.806 | Learner Steps = 31242 | Learner Walltime = 6172.929 | Min Dist = 0.289 | Min Dist 10 = 0.158 | Min Dist 100 = 0.713 | Min Dist 1000 = 0.544 | Steps Per Second = 77.836 | Success = 1.000 | Success 1000 = 0.942
I0502 16:49:10.504542 139579566835264 terminal.py:91] [Evaluator] Actor Episodes = 40196 | Actor Steps = 2009800 | Delta Dist = 12.136 | Delta Dist 10 = 12.147 | Delta Dist 100 = 11.594 | Delta Dist 1000 = 11.631 | Episode Length = 50 | Episode Return = 26.0 | Evaluator Episodes = 10186 | Evaluator Steps = 509300 | Final Dist = 0.671 | Final Dist 10 = 0.659 | Final Dist 100 = 1.212 | Final Dist 1000 = 1.175 | Init Dist = 12.806 | Init Dist 10 = 12.806 | Init Dist 100 = 12.806 | Init Dist 1000 = 12.806 | Learner Steps = 31248 | Learner Walltime = 6174.135 | Min Dist = 0.066 | Min Dist 10 = 0.128 | Min Dist 100 = 0.631 | Min Dist 1000 = 0.545 | Steps Per Second = 77.758 | Success = 1.000 | Success 1000 = 0.942
I0502 16:49:11.726944 139579566835264 terminal.py:91] [Evaluator] Actor Episodes = 40204 | Actor Steps = 2010200 | Delta Dist = 11.539 | Delta Dist 10 = 12.187 | Delta Dist 100 = 11.660 | Delta Dist 1000 = 11.632 | Episode Length = 50 | Episode Return = 18.0 | Evaluator Episodes = 10188 | Evaluator Steps = 509400 | Final Dist = 1.267 | Final Dist 10 = 0.619 | Final Dist 100 = 1.146 | Final Dist 1000 = 1.175 | Init Dist = 12.806 | Init Dist 10 = 12.806 | Init Dist 100 = 12.806 | Init Dist 1000 = 12.806 | Learner Steps = 31253 | Learner Walltime = 6175.209 | Min Dist = 0.162 | Min Dist 10 = 0.143 | Min Dist 100 = 0.581 | Min Dist 1000 = 0.544 | Steps Per Second = 82.294 | Success = 1.000 | Success 1000 = 0.942
I0502 16:49:12.148663 139558059398720 terminal.py:91] [Actor] Actor Episodes = 40205 | Actor Steps = 2010250 | Delta Dist = 6.622 | Delta Dist 10 = 4.578 | Delta Dist 100 = 4.684 | Delta Dist 1000 = 4.297 | Episode Length = 50 | Episode Return = 34.0 | Evaluator Episodes = 10186 | Evaluator Steps = 509300 | Final Dist = 0.658 | Final Dist 10 = 1.273 | Final Dist 100 = 1.487 | Final Dist 1000 = 1.600 | Init Dist = 7.280 | Init Dist 10 = 5.852 | Init Dist 100 = 6.171 | Init Dist 1000 = 5.896 | Learner Steps = 31253 | Learner Walltime = 6175.209 | Min Dist = 0.042 | Min Dist 10 = 0.112 | Min Dist 100 = 0.207 | Min Dist 1000 = 0.225 | Steps Per Second = 86.920 | Success = 1.000 | Success 1000 = 0.994
I0502 16:49:12.265723 139555013154368 terminal.py:91] [Learner] Actor Episodes = 40210 | Actor Loss = 3.640498161315918 | Actor Steps = 2010500 | Binary Accuracy = 0.9960169792175293 | Categorical Accuracy = 0.4154052734375 | Critic Loss = 1.8266098499298096 | Entropy Mean = -21.664939880371094 | Evaluator Episodes = 10188 | Evaluator Steps = 509400 | Learner Steps = 31259 | Learner Walltime = 6176.461 | Logits Neg = -17.303852081298828 | Logits Pos = -1.8141263723373413 | Logsumexp = 1.0678173303604126 | Steps Per Second = 144.455
I0502 16:49:12.983606 139579566835264 terminal.py:91] [Evaluator] Actor Episodes = 40212 | Actor Steps = 2010600 | Delta Dist = 12.622 | Delta Dist 10 = 12.078 | Delta Dist 100 = 11.743 | Delta Dist 1000 = 11.631 | Episode Length = 50 | Episode Return = 21.0 | Evaluator Episodes = 10190 | Evaluator Steps = 509500 | Final Dist = 0.184 | Final Dist 10 = 0.729 | Final Dist 100 = 1.063 | Final Dist 1000 = 1.175 | Init Dist = 12.806 | Init Dist 10 = 12.806 | Init Dist 100 = 12.806 | Init Dist 1000 = 12.806 | Learner Steps = 31259 | Learner Walltime = 6176.461 | Min Dist = 0.184 | Min Dist 10 = 0.169 | Min Dist 100 = 0.496 | Min Dist 1000 = 0.543 | Steps Per Second = 80.491 | Success = 1.000 | Success 1000 = 0.943
I0502 16:49:13.394912 139569349502528 terminal.py:91] [Actor] Actor Episodes = 40216 | Actor Steps = 2010800 | Delta Dist = 3.868 | Delta Dist 10 = 5.353 | Delta Dist 100 = 4.694 | Delta Dist 1000 = 4.313 | Episode Length = 50 | Episode Return = 36.0 | Evaluator Episodes = 10190 | Evaluator Steps = 509500 | Final Dist = 0.132 | Final Dist 10 = 1.705 | Final Dist 100 = 1.568 | Final Dist 1000 = 1.592 | Init Dist = 4.000 | Init Dist 10 = 7.058 | Init Dist 100 = 6.262 | Init Dist 1000 = 5.905 | Learner Steps = 31259 | Learner Walltime = 6176.461 | Min Dist = 0.132 | Min Dist 10 = 0.101 | Min Dist 100 = 0.212 | Min Dist 1000 = 0.225 | Steps Per Second = 85.203 | Success = 1.000 | Success 1000 = 0.994
I0502 16:49:14.196743 139579566835264 terminal.py:91] [Evaluator] Actor Episodes = 40220 | Actor Steps = 2011000 | Delta Dist = 11.420 | Delta Dist 10 = 12.025 | Delta Dist 100 = 11.752 | Delta Dist 1000 = 11.631 | Episode Length = 50 | Episode Return = 11.0 | Evaluator Episodes = 10192 | Evaluator Steps = 509600 | Final Dist = 1.386 | Final Dist 10 = 0.781 | Final Dist 100 = 1.054 | Final Dist 1000 = 1.175 | Init Dist = 12.806 | Init Dist 10 = 12.806 | Init Dist 100 = 12.806 | Init Dist 1000 = 12.806 | Learner Steps = 31265 | Learner Walltime = 6177.677 | Min Dist = 0.550 | Min Dist 10 = 0.198 | Min Dist 100 = 0.498 | Min Dist 1000 = 0.544 | Steps Per Second = 81.377 | Success = 1.000 | Success 1000 = 0.943
I0502 16:49:15.323822 139579566835264 terminal.py:91] [Evaluator] Actor Episodes = 40228 | Actor Steps = 2011400 | Delta Dist = 11.537 | Delta Dist 10 = 11.871 | Delta Dist 100 = 11.746 | Delta Dist 1000 = 11.631 | Episode Length = 50 | Episode Return = 2.0 | Evaluator Episodes = 10194 | Evaluator Steps = 509700 | Final Dist = 1.269 | Final Dist 10 = 0.935 | Final Dist 100 = 1.060 | Final Dist 1000 = 1.175 | Init Dist = 12.806 | Init Dist 10 = 12.806 | Init Dist 100 = 12.806 | Init Dist 1000 = 12.806 | Learner Steps = 31272 | Learner Walltime = 6178.883 | Min Dist = 0.548 | Min Dist 10 = 0.240 | Min Dist 100 = 0.498 | Min Dist 1000 = 0.543 | Steps Per Second = 94.262 | Success = 1.000 | Success 1000 = 0.943
I0502 16:49:15.890785 139557462840896 terminal.py:91] [Actor] Actor Episodes = 40234 | Actor Steps = 2011700 | Delta Dist = 3.985 | Delta Dist 10 = 4.445 | Delta Dist 100 = 4.981 | Delta Dist 1000 = 4.339 | Episode Length = 50 | Episode Return = 32.0 | Evaluator Episodes = 10194 | Evaluator Steps = 509700 | Final Dist = 0.138 | Final Dist 10 = 1.112 | Final Dist 100 = 1.288 | Final Dist 1000 = 1.579 | Init Dist = 4.123 | Init Dist 10 = 5.557 | Init Dist 100 = 6.268 | Init Dist 1000 = 5.918 | Learner Steps = 31272 | Learner Walltime = 6178.883 | Min Dist = 0.067 | Min Dist 10 = 0.070 | Min Dist 100 = 0.104 | Min Dist 1000 = 0.226 | Steps Per Second = 86.098 | Success = 1.000 | Success 1000 = 0.995
I0502 16:49:16.459201 139579566835264 terminal.py:91] [Evaluator] Actor Episodes = 40234 | Actor Steps = 2011700 | Delta Dist = 11.563 | Delta Dist 10 = 11.808 | Delta Dist 100 = 11.806 | Delta Dist 1000 = 11.630 | Episode Length = 50 | Episode Return = 19.0 | Evaluator Episodes = 10196 | Evaluator Steps = 509800 | Final Dist = 1.244 | Final Dist 10 = 0.998 | Final Dist 100 = 1.001 | Final Dist 1000 = 1.176 | Init Dist = 12.806 | Init Dist 10 = 12.806 | Init Dist 100 = 12.806 | Init Dist 1000 = 12.806 | Learner Steps = 31279 | Learner Walltime = 6180.180 | Min Dist = 0.057 | Min Dist 10 = 0.311 | Min Dist 100 = 0.439 | Min Dist 1000 = 0.544 | Steps Per Second = 77.922 | Success = 1.000 | Success 1000 = 0.943
I0502 16:49:16.465963 139584504182336 lp_utils.py:96] StepsLimiter: Reached 2011700 recorded steps
I0502 16:49:17.046452 139584635659840 savers.py:156] Saving checkpoint: logs/contrastive_cpc_point_FourRooms_64/5dd72662-2788-11f0-b183-d85ed38c5779/checkpoints/counter
I0502 16:49:17.761096 139579566835264 terminal.py:91] [Evaluator] Actor Episodes = 40242 | Actor Steps = 2012100 | Delta Dist = 12.564 | Delta Dist 10 = 11.659 | Delta Dist 100 = 11.793 | Delta Dist 1000 = 11.628 | Episode Length = 50 | Episode Return = 22.0 | Evaluator Episodes = 10198 | Evaluator Steps = 509900 | Final Dist = 0.242 | Final Dist 10 = 1.147 | Final Dist 100 = 1.013 | Final Dist 1000 = 1.178 | Init Dist = 12.806 | Init Dist 10 = 12.806 | Init Dist 100 = 12.806 | Init Dist 1000 = 12.806 | Learner Steps = 31284 | Learner Walltime = 6181.429 | Min Dist = 0.050 | Min Dist 10 = 0.311 | Min Dist 100 = 0.433 | Min Dist 1000 = 0.544 | Steps Per Second = 77.266 | Success = 1.000 | Success 1000 = 0.943
I0502 16:49:18.965703 139579566835264 terminal.py:91] [Evaluator] Actor Episodes = 40250 | Actor Steps = 2012500 | Delta Dist = 11.827 | Delta Dist 10 = 11.758 | Delta Dist 100 = 11.800 | Delta Dist 1000 = 11.628 | Episode Length = 50 | Episode Return = 24.0 | Evaluator Episodes = 10200 | Evaluator Steps = 510000 | Final Dist = 0.980 | Final Dist 10 = 1.048 | Final Dist 100 = 1.006 | Final Dist 1000 = 1.179 | Init Dist = 12.806 | Init Dist 10 = 12.806 | Init Dist 100 = 12.806 | Init Dist 1000 = 12.806 | Learner Steps = 31291 | Learner Walltime = 6182.801 | Min Dist = 0.111 | Min Dist 10 = 0.299 | Min Dist 100 = 0.433 | Min Dist 1000 = 0.544 | Steps Per Second = 84.830 | Success = 1.000 | Success 1000 = 0.943
I0502 16:49:19.314338 139555860620864 terminal.py:91] [Actor] Actor Episodes = 40254 | Actor Steps = 2012700 | Delta Dist = 2.765 | Delta Dist 10 = 6.721 | Delta Dist 100 = 4.894 | Delta Dist 1000 = 4.378 | Episode Length = 50 | Episode Return = 6.0 | Evaluator Episodes = 10200 | Evaluator Steps = 510000 | Final Dist = 0.398 | Final Dist 10 = 0.570 | Final Dist 100 = 1.400 | Final Dist 1000 = 1.554 | Init Dist = 3.162 | Init Dist 10 = 7.291 | Init Dist 100 = 6.294 | Init Dist 1000 = 5.932 | Learner Steps = 31291 | Learner Walltime = 6182.801 | Min Dist = 0.019 | Min Dist 10 = 0.058 | Min Dist 100 = 0.098 | Min Dist 1000 = 0.211 | Steps Per Second = 79.877 | Success = 1.000 | Success 1000 = 0.995
I0502 16:49:20.195448 139579566835264 terminal.py:91] [Evaluator] Actor Episodes = 40258 | Actor Steps = 2012900 | Delta Dist = 11.230 | Delta Dist 10 = 11.741 | Delta Dist 100 = 11.817 | Delta Dist 1000 = 11.627 | Episode Length = 50 | Episode Return = 18.0 | Evaluator Episodes = 10202 | Evaluator Steps = 510100 | Final Dist = 1.577 | Final Dist 10 = 1.065 | Final Dist 100 = 0.989 | Final Dist 1000 = 1.179 | Init Dist = 12.806 | Init Dist 10 = 12.806 | Init Dist 100 = 12.806 | Init Dist 1000 = 12.806 | Learner Steps = 31297 | Learner Walltime = 6183.971 | Min Dist = 0.022 | Min Dist 10 = 0.256 | Min Dist 100 = 0.429 | Min Dist 1000 = 0.544 | Steps Per Second = 84.766 | Success = 1.000 | Success 1000 = 0.943
I0502 16:49:21.502237 139579566835264 terminal.py:91] [Evaluator] Actor Episodes = 40266 | Actor Steps = 2013300 | Delta Dist = 12.483 | Delta Dist 10 = 11.167 | Delta Dist 100 = 11.750 | Delta Dist 1000 = 11.620 | Episode Length = 50 | Episode Return = 28.0 | Evaluator Episodes = 10204 | Evaluator Steps = 510200 | Final Dist = 0.323 | Final Dist 10 = 1.640 | Final Dist 100 = 1.056 | Final Dist 1000 = 1.186 | Init Dist = 12.806 | Init Dist 10 = 12.806 | Init Dist 100 = 12.806 | Init Dist 1000 = 12.806 | Learner Steps = 31303 | Learner Walltime = 6185.199 | Min Dist = 0.159 | Min Dist 10 = 0.728 | Min Dist 100 = 0.481 | Min Dist 1000 = 0.549 | Steps Per Second = 74.050 | Success = 1.000 | Success 1000 = 0.942
I0502 16:49:22.301247 139558059398720 terminal.py:91] [Actor] Actor Episodes = 40269 | Actor Steps = 2013450 | Delta Dist = 1.497 | Delta Dist 10 = 3.974 | Delta Dist 100 = 4.574 | Delta Dist 1000 = 4.380 | Episode Length = 50 | Episode Return = 36.0 | Evaluator Episodes = 10204 | Evaluator Steps = 510200 | Final Dist = 0.739 | Final Dist 10 = 2.166 | Final Dist 100 = 1.602 | Final Dist 1000 = 1.559 | Init Dist = 2.236 | Init Dist 10 = 6.140 | Init Dist 100 = 6.176 | Init Dist 1000 = 5.939 | Learner Steps = 31303 | Learner Walltime = 6185.199 | Min Dist = 0.092 | Min Dist 10 = 0.072 | Min Dist 100 = 0.092 | Min Dist 1000 = 0.211 | Steps Per Second = 87.454 | Success = 1.000 | Success 1000 = 0.996
I0502 16:49:22.415919 139555013154368 terminal.py:91] [Learner] Actor Episodes = 40270 | Actor Loss = 3.6761186122894287 | Actor Steps = 2013500 | Binary Accuracy = 0.9959995746612549 | Categorical Accuracy = 0.41265869140625 | Critic Loss = 1.8007146120071411 | Entropy Mean = -21.622364044189453 | Evaluator Episodes = 10204 | Evaluator Steps = 510200 | Learner Steps = 31310 | Learner Walltime = 6186.611 | Logits Neg = -17.363807678222656 | Logits Pos = -1.7784932851791382 | Logsumexp = 1.142920970916748 | Steps Per Second = 184.115
I0502 16:49:22.762205 139579566835264 terminal.py:91] [Evaluator] Actor Episodes = 40274 | Actor Steps = 2013700 | Delta Dist = 11.432 | Delta Dist 10 = 11.283 | Delta Dist 100 = 11.744 | Delta Dist 1000 = 11.629 | Episode Length = 50 | Episode Return = 26.0 | Evaluator Episodes = 10206 | Evaluator Steps = 510300 | Final Dist = 1.374 | Final Dist 10 = 1.523 | Final Dist 100 = 1.062 | Final Dist 1000 = 1.177 | Init Dist = 12.806 | Init Dist 10 = 12.806 | Init Dist 100 = 12.806 | Init Dist 1000 = 12.806 | Learner Steps = 31308 | Learner Walltime = 6186.216 | Min Dist = 0.142 | Min Dist 10 = 0.636 | Min Dist 100 = 0.480 | Min Dist 1000 = 0.541 | Steps Per Second = 83.391 | Success = 1.000 | Success 1000 = 0.943
I0502 16:49:23.469504 139569349502528 terminal.py:91] [Actor] Actor Episodes = 40280 | Actor Steps = 2014000 | Delta Dist = 3.002 | Delta Dist 10 = 3.469 | Delta Dist 100 = 4.823 | Delta Dist 1000 = 4.372 | Episode Length = 50 | Episode Return = 30.0 | Evaluator Episodes = 10206 | Evaluator Steps = 510300 | Final Dist = 0.160 | Final Dist 10 = 2.424 | Final Dist 100 = 1.294 | Final Dist 1000 = 1.558 | Init Dist = 3.162 | Init Dist 10 = 5.893 | Init Dist 100 = 6.117 | Init Dist 1000 = 5.930 | Learner Steps = 31314 | Learner Walltime = 6187.219 | Min Dist = 0.004 | Min Dist 10 = 0.057 | Min Dist 100 = 0.091 | Min Dist 1000 = 0.211 | Steps Per Second = 79.370 | Success = 1.000 | Success 1000 = 0.996
I0502 16:49:23.995532 139579566835264 terminal.py:91] [Evaluator] Actor Episodes = 40282 | Actor Steps = 2014100 | Delta Dist = 11.887 | Delta Dist 10 = 11.279 | Delta Dist 100 = 11.737 | Delta Dist 1000 = 11.628 | Episode Length = 50 | Episode Return = 17.0 | Evaluator Episodes = 10208 | Evaluator Steps = 510400 | Final Dist = 0.919 | Final Dist 10 = 1.527 | Final Dist 100 = 1.069 | Final Dist 1000 = 1.178 | Init Dist = 12.806 | Init Dist 10 = 12.806 | Init Dist 100 = 12.806 | Init Dist 1000 = 12.806 | Learner Steps = 31314 | Learner Walltime = 6187.219 | Min Dist = 0.484 | Min Dist 10 = 0.633 | Min Dist 100 = 0.480 | Min Dist 1000 = 0.541 | Steps Per Second = 80.708 | Success = 1.000 | Success 1000 = 0.943
I0502 16:49:25.346467 139579566835264 terminal.py:91] [Evaluator] Actor Episodes = 40290 | Actor Steps = 2014500 | Delta Dist = 8.409 | Delta Dist 10 = 11.273 | Delta Dist 100 = 11.738 | Delta Dist 1000 = 11.629 | Episode Length = 50 | Episode Return = 0.0 | Evaluator Episodes = 10210 | Evaluator Steps = 510500 | Final Dist = 4.397 | Final Dist 10 = 1.533 | Final Dist 100 = 1.068 | Final Dist 1000 = 1.178 | Init Dist = 12.806 | Init Dist 10 = 12.806 | Init Dist 100 = 12.806 | Init Dist 1000 = 12.806 | Learner Steps = 31318 | Learner Walltime = 6188.328 | Min Dist = 4.241 | Min Dist 10 = 0.682 | Min Dist 100 = 0.482 | Min Dist 1000 = 0.541 | Steps Per Second = 72.106 | Success = 0.000 | Success 1000 = 0.943
I0502 16:49:26.177572 139557462840896 terminal.py:91] [Actor] Actor Episodes = 40298 | Actor Steps = 2014900 | Delta Dist = 8.837 | Delta Dist 10 = 4.136 | Delta Dist 100 = 4.672 | Delta Dist 1000 = 4.349 | Episode Length = 50 | Episode Return = 40.0 | Evaluator Episodes = 10210 | Evaluator Steps = 510500 | Final Dist = 0.597 | Final Dist 10 = 0.663 | Final Dist 100 = 1.289 | Final Dist 1000 = 1.557 | Init Dist = 9.434 | Init Dist 10 = 4.800 | Init Dist 100 = 5.961 | Init Dist 1000 = 5.906 | Learner Steps = 31324 | Learner Walltime = 6189.587 | Min Dist = 0.188 | Min Dist 10 = 0.105 | Min Dist 100 = 0.093 | Min Dist 1000 = 0.209 | Steps Per Second = 75.956 | Success = 1.000 | Success 1000 = 0.996
I0502 16:49:26.481110 139584504182336 lp_utils.py:96] StepsLimiter: Reached 2014900 recorded steps
I0502 16:49:26.678954 139579566835264 terminal.py:91] [Evaluator] Actor Episodes = 40298 | Actor Steps = 2014900 | Delta Dist = 12.711 | Delta Dist 10 = 10.960 | Delta Dist 100 = 11.706 | Delta Dist 1000 = 11.634 | Episode Length = 50 | Episode Return = 23.0 | Evaluator Episodes = 10212 | Evaluator Steps = 510600 | Final Dist = 0.095 | Final Dist 10 = 1.846 | Final Dist 100 = 1.100 | Final Dist 1000 = 1.172 | Init Dist = 12.806 | Init Dist 10 = 12.806 | Init Dist 100 = 12.806 | Init Dist 1000 = 12.806 | Learner Steps = 31330 | Learner Walltime = 6190.600 | Min Dist = 0.075 | Min Dist 10 = 1.106 | Min Dist 100 = 0.526 | Min Dist 1000 = 0.537 | Steps Per Second = 74.070 | Success = 1.000 | Success 1000 = 0.943
I0502 16:49:26.891094 139583350109760 savers.py:156] Saving checkpoint: logs/contrastive_cpc_point_FourRooms_64/5dd72662-2788-11f0-b183-d85ed38c5779/checkpoints/learner
I0502 16:49:28.020476 139579566835264 terminal.py:91] [Evaluator] Actor Episodes = 40306 | Actor Steps = 2015300 | Delta Dist = 12.462 | Delta Dist 10 = 11.687 | Delta Dist 100 = 11.715 | Delta Dist 1000 = 11.635 | Episode Length = 50 | Episode Return = 29.0 | Evaluator Episodes = 10214 | Evaluator Steps = 510700 | Final Dist = 0.344 | Final Dist 10 = 1.119 | Final Dist 100 = 1.092 | Final Dist 1000 = 1.171 | Init Dist = 12.806 | Init Dist 10 = 12.806 | Init Dist 100 = 12.806 | Init Dist 1000 = 12.806 | Learner Steps = 31334 | Learner Walltime = 6191.833 | Min Dist = 0.160 | Min Dist 10 = 0.585 | Min Dist 100 = 0.525 | Min Dist 1000 = 0.537 | Steps Per Second = 81.889 | Success = 1.000 | Success 1000 = 0.943
I0502 16:49:29.241115 139579566835264 terminal.py:91] [Evaluator] Actor Episodes = 40314 | Actor Steps = 2015700 | Delta Dist = 11.449 | Delta Dist 10 = 11.693 | Delta Dist 100 = 11.717 | Delta Dist 1000 = 11.644 | Episode Length = 50 | Episode Return = 2.0 | Evaluator Episodes = 10216 | Evaluator Steps = 510800 | Final Dist = 1.357 | Final Dist 10 = 1.113 | Final Dist 100 = 1.089 | Final Dist 1000 = 1.163 | Init Dist = 12.806 | Init Dist 10 = 12.806 | Init Dist 100 = 12.806 | Init Dist 1000 = 12.806 | Learner Steps = 31341 | Learner Walltime = 6193.167 | Min Dist = 0.431 | Min Dist 10 = 0.619 | Min Dist 100 = 0.524 | Min Dist 1000 = 0.530 | Steps Per Second = 91.780 | Success = 1.000 | Success 1000 = 0.944
I0502 16:49:29.814489 139555860620864 terminal.py:91] [Actor] Actor Episodes = 40318 | Actor Steps = 2015900 | Delta Dist = 1.307 | Delta Dist 10 = 4.450 | Delta Dist 100 = 4.593 | Delta Dist 1000 = 4.371 | Episode Length = 50 | Episode Return = 40.0 | Evaluator Episodes = 10216 | Evaluator Steps = 510800 | Final Dist = 0.107 | Final Dist 10 = 1.186 | Final Dist 100 = 1.325 | Final Dist 1000 = 1.554 | Init Dist = 1.414 | Init Dist 10 = 5.636 | Init Dist 100 = 5.919 | Init Dist 1000 = 5.925 | Learner Steps = 31341 | Learner Walltime = 6193.167 | Min Dist = 0.015 | Min Dist 10 = 0.062 | Min Dist 100 = 0.165 | Min Dist 1000 = 0.217 | Steps Per Second = 75.857 | Success = 1.000 | Success 1000 = 0.997
I0502 16:49:30.506653 139579566835264 terminal.py:91] [Evaluator] Actor Episodes = 40322 | Actor Steps = 2016100 | Delta Dist = 12.499 | Delta Dist 10 = 11.763 | Delta Dist 100 = 11.715 | Delta Dist 1000 = 11.643 | Episode Length = 50 | Episode Return = 23.0 | Evaluator Episodes = 10218 | Evaluator Steps = 510900 | Final Dist = 0.307 | Final Dist 10 = 1.043 | Final Dist 100 = 1.091 | Final Dist 1000 = 1.163 | Init Dist = 12.806 | Init Dist 10 = 12.806 | Init Dist 100 = 12.806 | Init Dist 1000 = 12.806 | Learner Steps = 31347 | Learner Walltime = 6194.295 | Min Dist = 0.113 | Min Dist 10 = 0.658 | Min Dist 100 = 0.527 | Min Dist 1000 = 0.530 | Steps Per Second = 79.745 | Success = 1.000 | Success 1000 = 0.944
I0502 16:49:31.754781 139579566835264 terminal.py:91] [Evaluator] Actor Episodes = 40330 | Actor Steps = 2016500 | Delta Dist = 11.558 | Delta Dist 10 = 11.750 | Delta Dist 100 = 11.727 | Delta Dist 1000 = 11.645 | Episode Length = 50 | Episode Return = 18.0 | Evaluator Episodes = 10220 | Evaluator Steps = 511000 | Final Dist = 1.249 | Final Dist 10 = 1.056 | Final Dist 100 = 1.080 | Final Dist 1000 = 1.161 | Init Dist = 12.806 | Init Dist 10 = 12.806 | Init Dist 100 = 12.806 | Init Dist 1000 = 12.806 | Learner Steps = 31353 | Learner Walltime = 6195.557 | Min Dist = 0.152 | Min Dist 10 = 0.597 | Min Dist 100 = 0.517 | Min Dist 1000 = 0.530 | Steps Per Second = 80.053 | Success = 1.000 | Success 1000 = 0.944
I0502 16:49:32.581718 139558059398720 terminal.py:91] [Actor] Actor Episodes = 40333 | Actor Steps = 2016650 | Delta Dist = 8.196 | Delta Dist 10 = 4.579 | Delta Dist 100 = 4.512 | Delta Dist 1000 = 4.375 | Episode Length = 50 | Episode Return = 47.0 | Evaluator Episodes = 10220 | Evaluator Steps = 511000 | Final Dist = 0.348 | Final Dist 10 = 0.523 | Final Dist 100 = 1.334 | Final Dist 1000 = 1.542 | Init Dist = 8.544 | Init Dist 10 = 5.102 | Init Dist 100 = 5.845 | Init Dist 1000 = 5.917 | Learner Steps = 31353 | Learner Walltime = 6195.557 | Min Dist = 0.158 | Min Dist 10 = 0.067 | Min Dist 100 = 0.165 | Min Dist 1000 = 0.218 | Steps Per Second = 86.939 | Success = 1.000 | Success 1000 = 0.997
I0502 16:49:32.648123 139555013154368 terminal.py:91] [Learner] Actor Episodes = 40338 | Actor Loss = 3.5738449096679688 | Actor Steps = 2016900 | Binary Accuracy = 0.9959590435028076 | Categorical Accuracy = 0.40496826171875 | Critic Loss = 1.8525283336639404 | Entropy Mean = -21.045543670654297 | Evaluator Episodes = 10220 | Evaluator Steps = 511000 | Learner Steps = 31359 | Learner Walltime = 6196.840 | Logits Neg = -17.28348731994629 | Logits Pos = -1.8320726156234741 | Logsumexp = 1.1983916759490967 | Steps Per Second = 200.485
I0502 16:49:32.892142 139579566835264 terminal.py:91] [Evaluator] Actor Episodes = 40338 | Actor Steps = 2016900 | Delta Dist = 11.431 | Delta Dist 10 = 11.734 | Delta Dist 100 = 11.751 | Delta Dist 1000 = 11.650 | Episode Length = 50 | Episode Return = 2.0 | Evaluator Episodes = 10222 | Evaluator Steps = 511100 | Final Dist = 1.375 | Final Dist 10 = 1.073 | Final Dist 100 = 1.056 | Final Dist 1000 = 1.157 | Init Dist = 12.806 | Init Dist 10 = 12.806 | Init Dist 100 = 12.806 | Init Dist 1000 = 12.806 | Learner Steps = 31359 | Learner Walltime = 6196.840 | Min Dist = 0.251 | Min Dist 10 = 0.520 | Min Dist 100 = 0.495 | Min Dist 1000 = 0.525 | Steps Per Second = 95.524 | Success = 1.000 | Success 1000 = 0.944
I0502 16:49:33.889886 139569349502528 terminal.py:91] [Actor] Actor Episodes = 40346 | Actor Steps = 2017300 | Delta Dist = 7.795 | Delta Dist 10 = 3.560 | Delta Dist 100 = 4.485 | Delta Dist 1000 = 4.348 | Episode Length = 50 | Episode Return = 24.0 | Evaluator Episodes = 10222 | Evaluator Steps = 511100 | Final Dist = 0.267 | Final Dist 10 = 2.006 | Final Dist 100 = 1.370 | Final Dist 1000 = 1.547 | Init Dist = 8.062 | Init Dist 10 = 5.565 | Init Dist 100 = 5.855 | Init Dist 1000 = 5.896 | Learner Steps = 31359 | Learner Walltime = 6196.840 | Min Dist = 0.113 | Min Dist 10 = 0.097 | Min Dist 100 = 0.172 | Min Dist 1000 = 0.218 | Steps Per Second = 82.137 | Success = 1.000 | Success 1000 = 0.997
I0502 16:49:34.114150 139579566835264 terminal.py:91] [Evaluator] Actor Episodes = 40346 | Actor Steps = 2017300 | Delta Dist = 11.390 | Delta Dist 10 = 11.683 | Delta Dist 100 = 11.746 | Delta Dist 1000 = 11.649 | Episode Length = 50 | Episode Return = 1.0 | Evaluator Episodes = 10224 | Evaluator Steps = 511200 | Final Dist = 1.416 | Final Dist 10 = 1.124 | Final Dist 100 = 1.061 | Final Dist 1000 = 1.157 | Init Dist = 12.806 | Init Dist 10 = 12.806 | Init Dist 100 = 12.806 | Init Dist 1000 = 12.806 | Learner Steps = 31366 | Learner Walltime = 6198.165 | Min Dist = 0.417 | Min Dist 10 = 0.566 | Min Dist 100 = 0.497 | Min Dist 1000 = 0.524 | Steps Per Second = 87.610 | Success = 1.000 | Success 1000 = 0.945
I0502 16:49:35.379724 139579566835264 terminal.py:91] [Evaluator] Actor Episodes = 40354 | Actor Steps = 2017700 | Delta Dist = 12.535 | Delta Dist 10 = 11.529 | Delta Dist 100 = 11.737 | Delta Dist 1000 = 11.648 | Episode Length = 50 | Episode Return = 27.0 | Evaluator Episodes = 10226 | Evaluator Steps = 511300 | Final Dist = 0.271 | Final Dist 10 = 1.277 | Final Dist 100 = 1.070 | Final Dist 1000 = 1.158 | Init Dist = 12.806 | Init Dist 10 = 12.806 | Init Dist 100 = 12.806 | Init Dist 1000 = 12.806 | Learner Steps = 31372 | Learner Walltime = 6199.425 | Min Dist = 0.149 | Min Dist 10 = 0.641 | Min Dist 100 = 0.501 | Min Dist 1000 = 0.525 | Steps Per Second = 83.165 | Success = 1.000 | Success 1000 = 0.945
I0502 16:49:36.387383 139557462840896 terminal.py:91] [Actor] Actor Episodes = 40360 | Actor Steps = 2018000 | Delta Dist = 4.256 | Delta Dist 10 = 3.306 | Delta Dist 100 = 4.174 | Delta Dist 1000 = 4.338 | Episode Length = 50 | Episode Return = 47.0 | Evaluator Episodes = 10226 | Evaluator Steps = 511300 | Final Dist = 0.217 | Final Dist 10 = 1.837 | Final Dist 100 = 1.530 | Final Dist 1000 = 1.545 | Init Dist = 4.472 | Init Dist 10 = 5.143 | Init Dist 100 = 5.704 | Init Dist 1000 = 5.883 | Learner Steps = 31372 | Learner Walltime = 6199.425 | Min Dist = 0.144 | Min Dist 10 = 0.201 | Min Dist 100 = 0.189 | Min Dist 1000 = 0.219 | Steps Per Second = 74.092 | Success = 1.000 | Success 1000 = 0.996
I0502 16:49:36.498857 139584504182336 lp_utils.py:96] StepsLimiter: Reached 2018100 recorded steps
I0502 16:49:36.552588 139579566835264 terminal.py:91] [Evaluator] Actor Episodes = 40362 | Actor Steps = 2018100 | Delta Dist = 11.748 | Delta Dist 10 = 11.584 | Delta Dist 100 = 11.737 | Delta Dist 1000 = 11.649 | Episode Length = 50 | Episode Return = 14.0 | Evaluator Episodes = 10228 | Evaluator Steps = 511400 | Final Dist = 1.058 | Final Dist 10 = 1.222 | Final Dist 100 = 1.069 | Final Dist 1000 = 1.157 | Init Dist = 12.806 | Init Dist 10 = 12.806 | Init Dist 100 = 12.806 | Init Dist 1000 = 12.806 | Learner Steps = 31379 | Learner Walltime = 6200.665 | Min Dist = 0.117 | Min Dist 10 = 0.691 | Min Dist 100 = 0.509 | Min Dist 1000 = 0.526 | Steps Per Second = 76.774 | Success = 1.000 | Success 1000 = 0.945
I0502 16:49:37.777622 139579566835264 terminal.py:91] [Evaluator] Actor Episodes = 40370 | Actor Steps = 2018500 | Delta Dist = 11.644 | Delta Dist 10 = 11.609 | Delta Dist 100 = 11.729 | Delta Dist 1000 = 11.649 | Episode Length = 50 | Episode Return = 3.0 | Evaluator Episodes = 10230 | Evaluator Steps = 511500 | Final Dist = 1.163 | Final Dist 10 = 1.198 | Final Dist 100 = 1.078 | Final Dist 1000 = 1.157 | Init Dist = 12.806 | Init Dist 10 = 12.806 | Init Dist 100 = 12.806 | Init Dist 1000 = 12.806 | Learner Steps = 31384 | Learner Walltime = 6201.883 | Min Dist = 0.385 | Min Dist 10 = 0.687 | Min Dist 100 = 0.508 | Min Dist 1000 = 0.526 | Steps Per Second = 78.792 | Success = 1.000 | Success 1000 = 0.945
I0502 16:49:38.995090 139579566835264 terminal.py:91] [Evaluator] Actor Episodes = 40378 | Actor Steps = 2018900 | Delta Dist = 11.429 | Delta Dist 10 = 11.845 | Delta Dist 100 = 11.718 | Delta Dist 1000 = 11.648 | Episode Length = 50 | Episode Return = 4.0 | Evaluator Episodes = 10232 | Evaluator Steps = 511600 | Final Dist = 1.377 | Final Dist 10 = 0.961 | Final Dist 100 = 1.088 | Final Dist 1000 = 1.159 | Init Dist = 12.806 | Init Dist 10 = 12.806 | Init Dist 100 = 12.806 | Init Dist 1000 = 12.806 | Learner Steps = 31391 | Learner Walltime = 6203.111 | Min Dist = 0.914 | Min Dist 10 = 0.384 | Min Dist 100 = 0.512 | Min Dist 1000 = 0.526 | Steps Per Second = 84.595 | Success = 1.000 | Success 1000 = 0.945
I0502 16:49:40.239922 139579566835264 terminal.py:91] [Evaluator] Actor Episodes = 40386 | Actor Steps = 2019300 | Delta Dist = 12.423 | Delta Dist 10 = 11.778 | Delta Dist 100 = 11.784 | Delta Dist 1000 = 11.647 | Episode Length = 50 | Episode Return = 19.0 | Evaluator Episodes = 10234 | Evaluator Steps = 511700 | Final Dist = 0.383 | Final Dist 10 = 1.028 | Final Dist 100 = 1.022 | Final Dist 1000 = 1.159 | Init Dist = 12.806 | Init Dist 10 = 12.806 | Init Dist 100 = 12.806 | Init Dist 1000 = 12.806 | Learner Steps = 31397 | Learner Walltime = 6204.384 | Min Dist = 0.032 | Min Dist 10 = 0.463 | Min Dist 100 = 0.455 | Min Dist 1000 = 0.527 | Steps Per Second = 79.070 | Success = 1.000 | Success 1000 = 0.945
I0502 16:49:40.283322 139555860620864 terminal.py:91] [Actor] Actor Episodes = 40383 | Actor Steps = 2019150 | Delta Dist = 4.263 | Delta Dist 10 = 3.881 | Delta Dist 100 = 3.776 | Delta Dist 1000 = 4.273 | Episode Length = 50 | Episode Return = 38.0 | Evaluator Episodes = 10232 | Evaluator Steps = 511600 | Final Dist = 0.737 | Final Dist 10 = 0.597 | Final Dist 100 = 1.393 | Final Dist 1000 = 1.542 | Init Dist = 5.000 | Init Dist 10 = 4.478 | Init Dist 100 = 5.169 | Init Dist 1000 = 5.815 | Learner Steps = 31391 | Learner Walltime = 6203.111 | Min Dist = 0.069 | Min Dist 10 = 0.055 | Min Dist 100 = 0.227 | Min Dist 1000 = 0.222 | Steps Per Second = 81.337 | Success = 1.000 | Success 1000 = 0.994
I0502 16:49:41.417212 139579566835264 terminal.py:91] [Evaluator] Actor Episodes = 40392 | Actor Steps = 2019600 | Delta Dist = 11.793 | Delta Dist 10 = 11.956 | Delta Dist 100 = 11.785 | Delta Dist 1000 = 11.653 | Episode Length = 50 | Episode Return = 21.0 | Evaluator Episodes = 10236 | Evaluator Steps = 511800 | Final Dist = 1.013 | Final Dist 10 = 0.850 | Final Dist 100 = 1.021 | Final Dist 1000 = 1.154 | Init Dist = 12.806 | Init Dist 10 = 12.806 | Init Dist 100 = 12.806 | Init Dist 1000 = 12.806 | Learner Steps = 31403 | Learner Walltime = 6205.435 | Min Dist = 0.356 | Min Dist 10 = 0.355 | Min Dist 100 = 0.449 | Min Dist 1000 = 0.522 | Steps Per Second = 84.870 | Success = 1.000 | Success 1000 = 0.946
I0502 16:49:42.613965 139558059398720 terminal.py:91] [Actor] Actor Episodes = 40397 | Actor Steps = 2019850 | Delta Dist = 5.172 | Delta Dist 10 = 4.430 | Delta Dist 100 = 3.750 | Delta Dist 1000 = 4.263 | Episode Length = 50 | Episode Return = 31.0 | Evaluator Episodes = 10236 | Evaluator Steps = 511800 | Final Dist = 1.231 | Final Dist 10 = 2.331 | Final Dist 100 = 1.578 | Final Dist 1000 = 1.555 | Init Dist = 6.403 | Init Dist 10 = 6.761 | Init Dist 100 = 5.328 | Init Dist 1000 = 5.817 | Learner Steps = 31403 | Learner Walltime = 6205.435 | Min Dist = 0.026 | Min Dist 10 = 0.120 | Min Dist 100 = 0.227 | Min Dist 1000 = 0.223 | Steps Per Second = 80.664 | Success = 1.000 | Success 1000 = 0.994
I0502 16:49:42.624826 139579566835264 terminal.py:91] [Evaluator] Actor Episodes = 40398 | Actor Steps = 2019900 | Delta Dist = 7.067 | Delta Dist 10 = 11.893 | Delta Dist 100 = 11.783 | Delta Dist 1000 = 11.653 | Episode Length = 50 | Episode Return = 0.0 | Evaluator Episodes = 10238 | Evaluator Steps = 511900 | Final Dist = 5.739 | Final Dist 10 = 0.914 | Final Dist 100 = 1.023 | Final Dist 1000 = 1.154 | Init Dist = 12.806 | Init Dist 10 = 12.806 | Init Dist 100 = 12.806 | Init Dist 1000 = 12.806 | Learner Steps = 31408 | Learner Walltime = 6206.542 | Min Dist = 5.003 | Min Dist 10 = 0.306 | Min Dist 100 = 0.452 | Min Dist 1000 = 0.523 | Steps Per Second = 81.546 | Success = 0.000 | Success 1000 = 0.946
I0502 16:49:42.737906 139555013154368 terminal.py:91] [Learner] Actor Episodes = 40398 | Actor Loss = 3.640035629272461 | Actor Steps = 2019900 | Binary Accuracy = 0.9960794448852539 | Categorical Accuracy = 0.4178466796875 | Critic Loss = 1.7977551221847534 | Entropy Mean = -22.563928604125977 | Evaluator Episodes = 10236 | Evaluator Steps = 511800 | Learner Steps = 31410 | Learner Walltime = 6206.937 | Logits Neg = -17.30267333984375 | Logits Pos = -1.7635599374771118 | Logsumexp = 1.0592379570007324 | Steps Per Second = 187.513
I0502 16:49:43.877264 139579566835264 terminal.py:91] [Evaluator] Actor Episodes = 40408 | Actor Steps = 2020400 | Delta Dist = 12.637 | Delta Dist 10 = 10.468 | Delta Dist 100 = 11.632 | Delta Dist 1000 = 11.640 | Episode Length = 50 | Episode Return = 22.0 | Evaluator Episodes = 10240 | Evaluator Steps = 512000 | Final Dist = 0.169 | Final Dist 10 = 2.338 | Final Dist 100 = 1.174 | Final Dist 1000 = 1.166 | Init Dist = 12.806 | Init Dist 10 = 12.806 | Init Dist 100 = 12.806 | Init Dist 1000 = 12.806 | Learner Steps = 31413 | Learner Walltime = 6207.554 | Min Dist = 0.169 | Min Dist 10 = 1.614 | Min Dist 100 = 0.582 | Min Dist 1000 = 0.536 | Steps Per Second = 76.212 | Success = 1.000 | Success 1000 = 0.944
I0502 16:49:44.483967 139569349502528 terminal.py:91] [Actor] Actor Episodes = 40409 | Actor Steps = 2020450 | Delta Dist = 5.245 | Delta Dist 10 = 5.055 | Delta Dist 100 = 3.898 | Delta Dist 1000 = 4.251 | Episode Length = 50 | Episode Return = 47.0 | Evaluator Episodes = 10238 | Evaluator Steps = 511900 | Final Dist = 0.140 | Final Dist 10 = 0.762 | Final Dist 100 = 1.362 | Final Dist 1000 = 1.550 | Init Dist = 5.385 | Init Dist 10 = 5.818 | Init Dist 100 = 5.260 | Init Dist 1000 = 5.801 | Learner Steps = 31413 | Learner Walltime = 6207.554 | Min Dist = 0.133 | Min Dist 10 = 0.079 | Min Dist 100 = 0.138 | Min Dist 1000 = 0.223 | Steps Per Second = 76.902 | Success = 1.000 | Success 1000 = 0.994
I0502 16:49:45.062474 139579566835264 terminal.py:91] [Evaluator] Actor Episodes = 40416 | Actor Steps = 2020800 | Delta Dist = 11.448 | Delta Dist 10 = 10.574 | Delta Dist 100 = 11.719 | Delta Dist 1000 = 11.640 | Episode Length = 50 | Episode Return = 5.0 | Evaluator Episodes = 10242 | Evaluator Steps = 512100 | Final Dist = 1.359 | Final Dist 10 = 2.232 | Final Dist 100 = 1.087 | Final Dist 1000 = 1.166 | Init Dist = 12.806 | Init Dist 10 = 12.806 | Init Dist 100 = 12.806 | Init Dist 1000 = 12.806 | Learner Steps = 31419 | Learner Walltime = 6208.908 | Min Dist = 0.670 | Min Dist 10 = 1.566 | Min Dist 100 = 0.498 | Min Dist 1000 = 0.536 | Steps Per Second = 90.181 | Success = 1.000 | Success 1000 = 0.944
I0502 16:49:46.349245 139579566835264 terminal.py:91] [Evaluator] Actor Episodes = 40424 | Actor Steps = 2021200 | Delta Dist = 11.797 | Delta Dist 10 = 10.623 | Delta Dist 100 = 11.718 | Delta Dist 1000 = 11.639 | Episode Length = 50 | Episode Return = 29.0 | Evaluator Episodes = 10244 | Evaluator Steps = 512200 | Final Dist = 1.010 | Final Dist 10 = 2.184 | Final Dist 100 = 1.088 | Final Dist 1000 = 1.167 | Init Dist = 12.806 | Init Dist 10 = 12.806 | Init Dist 100 = 12.806 | Init Dist 1000 = 12.806 | Learner Steps = 31426 | Learner Walltime = 6210.014 | Min Dist = 0.073 | Min Dist 10 = 1.500 | Min Dist 100 = 0.502 | Min Dist 1000 = 0.536 | Steps Per Second = 80.254 | Success = 1.000 | Success 1000 = 0.944
I0502 16:49:46.457938 139557462840896 terminal.py:91] [Actor] Actor Episodes = 40426 | Actor Steps = 2021300 | Delta Dist = 3.867 | Delta Dist 10 = 4.259 | Delta Dist 100 = 3.799 | Delta Dist 1000 = 4.242 | Episode Length = 50 | Episode Return = 15.0 | Evaluator Episodes = 10244 | Evaluator Steps = 512200 | Final Dist = 4.133 | Final Dist 10 = 2.006 | Final Dist 100 = 1.485 | Final Dist 1000 = 1.569 | Init Dist = 8.000 | Init Dist 10 = 6.265 | Init Dist 100 = 5.284 | Init Dist 1000 = 5.811 | Learner Steps = 31426 | Learner Walltime = 6210.014 | Min Dist = 0.063 | Min Dist 10 = 0.092 | Min Dist 100 = 0.205 | Min Dist 1000 = 0.230 | Steps Per Second = 85.854 | Success = 1.000 | Success 1000 = 0.994
I0502 16:49:46.515866 139584504182336 lp_utils.py:96] StepsLimiter: Reached 2021300 recorded steps
I0502 16:49:47.610660 139579566835264 terminal.py:91] [Evaluator] Actor Episodes = 40432 | Actor Steps = 2021600 | Delta Dist = 11.554 | Delta Dist 10 = 10.600 | Delta Dist 100 = 11.716 | Delta Dist 1000 = 11.638 | Episode Length = 50 | Episode Return = 21.0 | Evaluator Episodes = 10246 | Evaluator Steps = 512300 | Final Dist = 1.252 | Final Dist 10 = 2.206 | Final Dist 100 = 1.090 | Final Dist 1000 = 1.168 | Init Dist = 12.806 | Init Dist 10 = 12.806 | Init Dist 100 = 12.806 | Init Dist 1000 = 12.806 | Learner Steps = 31430 | Learner Walltime = 6211.121 | Min Dist = 0.255 | Min Dist 10 = 1.487 | Min Dist 100 = 0.499 | Min Dist 1000 = 0.536 | Steps Per Second = 82.045 | Success = 1.000 | Success 1000 = 0.944
I0502 16:49:48.805995 139579566835264 terminal.py:91] [Evaluator] Actor Episodes = 40440 | Actor Steps = 2022000 | Delta Dist = 11.572 | Delta Dist 10 = 10.535 | Delta Dist 100 = 11.707 | Delta Dist 1000 = 11.640 | Episode Length = 50 | Episode Return = 12.0 | Evaluator Episodes = 10248 | Evaluator Steps = 512400 | Final Dist = 1.235 | Final Dist 10 = 2.271 | Final Dist 100 = 1.100 | Final Dist 1000 = 1.166 | Init Dist = 12.806 | Init Dist 10 = 12.806 | Init Dist 100 = 12.806 | Init Dist 1000 = 12.806 | Learner Steps = 31438 | Learner Walltime = 6212.511 | Min Dist = 0.302 | Min Dist 10 = 1.472 | Min Dist 100 = 0.496 | Min Dist 1000 = 0.533 | Steps Per Second = 87.655 | Success = 1.000 | Success 1000 = 0.945
I0502 16:49:50.059927 139579566835264 terminal.py:91] [Evaluator] Actor Episodes = 40446 | Actor Steps = 2022300 | Delta Dist = 11.468 | Delta Dist 10 = 11.852 | Delta Dist 100 = 11.690 | Delta Dist 1000 = 11.639 | Episode Length = 50 | Episode Return = 9.0 | Evaluator Episodes = 10250 | Evaluator Steps = 512500 | Final Dist = 1.339 | Final Dist 10 = 0.955 | Final Dist 100 = 1.116 | Final Dist 1000 = 1.167 | Init Dist = 12.806 | Init Dist 10 = 12.806 | Init Dist 100 = 12.806 | Init Dist 1000 = 12.806 | Learner Steps = 31443 | Learner Walltime = 6213.678 | Min Dist = 0.106 | Min Dist 10 = 0.188 | Min Dist 100 = 0.496 | Min Dist 1000 = 0.534 | Steps Per Second = 79.170 | Success = 1.000 | Success 1000 = 0.945
I0502 16:49:50.722990 139555860620864 terminal.py:91] [Actor] Actor Episodes = 40455 | Actor Steps = 2022750 | Delta Dist = 3.368 | Delta Dist 10 = 4.019 | Delta Dist 100 = 3.627 | Delta Dist 1000 = 4.219 | Episode Length = 50 | Episode Return = 34.0 | Evaluator Episodes = 10250 | Evaluator Steps = 512500 | Final Dist = 0.238 | Final Dist 10 = 2.733 | Final Dist 100 = 1.778 | Final Dist 1000 = 1.614 | Init Dist = 3.606 | Init Dist 10 = 6.753 | Init Dist 100 = 5.405 | Init Dist 1000 = 5.833 | Learner Steps = 31443 | Learner Walltime = 6213.678 | Min Dist = 0.238 | Min Dist 10 = 0.659 | Min Dist 100 = 0.286 | Min Dist 1000 = 0.240 | Steps Per Second = 71.164 | Success = 1.000 | Success 1000 = 0.991
I0502 16:49:51.357896 139579566835264 terminal.py:91] [Evaluator] Actor Episodes = 40455 | Actor Steps = 2022750 | Delta Dist = 12.510 | Delta Dist 10 = 11.820 | Delta Dist 100 = 11.685 | Delta Dist 1000 = 11.639 | Episode Length = 50 | Episode Return = 27.0 | Evaluator Episodes = 10252 | Evaluator Steps = 512600 | Final Dist = 0.297 | Final Dist 10 = 0.987 | Final Dist 100 = 1.121 | Final Dist 1000 = 1.167 | Init Dist = 12.806 | Init Dist 10 = 12.806 | Init Dist 100 = 12.806 | Init Dist 1000 = 12.806 | Learner Steps = 31451 | Learner Walltime = 6215.021 | Min Dist = 0.268 | Min Dist 10 = 0.216 | Min Dist 100 = 0.497 | Min Dist 1000 = 0.534 | Steps Per Second = 78.145 | Success = 1.000 | Success 1000 = 0.945
I0502 16:49:52.638463 139558059398720 terminal.py:91] [Actor] Actor Episodes = 40460 | Actor Steps = 2023000 | Delta Dist = 7.042 | Delta Dist 10 = 3.864 | Delta Dist 100 = 3.746 | Delta Dist 1000 = 4.219 | Episode Length = 50 | Episode Return = 31.0 | Evaluator Episodes = 10252 | Evaluator Steps = 512600 | Final Dist = 0.169 | Final Dist 10 = 0.886 | Final Dist 100 = 1.695 | Final Dist 1000 = 1.618 | Init Dist = 7.211 | Init Dist 10 = 4.750 | Init Dist 100 = 5.441 | Init Dist 1000 = 5.837 | Learner Steps = 31451 | Learner Walltime = 6215.021 | Min Dist = 0.169 | Min Dist 10 = 0.598 | Min Dist 100 = 0.306 | Min Dist 1000 = 0.245 | Steps Per Second = 72.812 | Success = 1.000 | Success 1000 = 0.991
I0502 16:49:52.676106 139579566835264 terminal.py:91] [Evaluator] Actor Episodes = 40463 | Actor Steps = 2023150 | Delta Dist = 12.684 | Delta Dist 10 = 11.879 | Delta Dist 100 = 11.691 | Delta Dist 1000 = 11.639 | Episode Length = 50 | Episode Return = 10.0 | Evaluator Episodes = 10254 | Evaluator Steps = 512700 | Final Dist = 0.122 | Final Dist 10 = 0.927 | Final Dist 100 = 1.116 | Final Dist 1000 = 1.168 | Init Dist = 12.806 | Init Dist 10 = 12.806 | Init Dist 100 = 12.806 | Init Dist 1000 = 12.806 | Learner Steps = 31457 | Learner Walltime = 6216.278 | Min Dist = 0.112 | Min Dist 10 = 0.194 | Min Dist 100 = 0.497 | Min Dist 1000 = 0.534 | Steps Per Second = 74.674 | Success = 1.000 | Success 1000 = 0.945
I0502 16:49:53.021595 139555013154368 terminal.py:91] [Learner] Actor Episodes = 40463 | Actor Loss = 3.6569809913635254 | Actor Steps = 2023150 | Binary Accuracy = 0.9959959983825684 | Categorical Accuracy = 0.4141845703125 | Critic Loss = 1.8296899795532227 | Entropy Mean = -21.917369842529297 | Evaluator Episodes = 10252 | Evaluator Steps = 512600 | Learner Steps = 31461 | Learner Walltime = 6217.218 | Logits Neg = -17.1290225982666 | Logits Pos = -1.8025224208831787 | Logsumexp = 1.2167062759399414 | Steps Per Second = 128.630
I0502 16:49:53.923633 139579566835264 terminal.py:91] [Evaluator] Actor Episodes = 40471 | Actor Steps = 2023550 | Delta Dist = 12.541 | Delta Dist 10 = 11.868 | Delta Dist 100 = 11.688 | Delta Dist 1000 = 11.638 | Episode Length = 50 | Episode Return = 30.0 | Evaluator Episodes = 10256 | Evaluator Steps = 512800 | Final Dist = 0.265 | Final Dist 10 = 0.938 | Final Dist 100 = 1.118 | Final Dist 1000 = 1.168 | Init Dist = 12.806 | Init Dist 10 = 12.806 | Init Dist 100 = 12.806 | Init Dist 1000 = 12.806 | Learner Steps = 31463 | Learner Walltime = 6217.569 | Min Dist = 0.151 | Min Dist 10 = 0.268 | Min Dist 100 = 0.498 | Min Dist 1000 = 0.535 | Steps Per Second = 89.083 | Success = 1.000 | Success 1000 = 0.945
I0502 16:49:54.778695 139569349502528 terminal.py:91] [Actor] Actor Episodes = 40474 | Actor Steps = 2023700 | Delta Dist = 5.653 | Delta Dist 10 = 3.017 | Delta Dist 100 = 4.081 | Delta Dist 1000 = 4.229 | Episode Length = 50 | Episode Return = 26.0 | Evaluator Episodes = 10256 | Evaluator Steps = 512800 | Final Dist = 0.672 | Final Dist 10 = 3.647 | Final Dist 100 = 1.937 | Final Dist 1000 = 1.635 | Init Dist = 6.325 | Init Dist 10 = 6.665 | Init Dist 100 = 6.018 | Init Dist 1000 = 5.863 | Learner Steps = 31463 | Learner Walltime = 6217.569 | Min Dist = 0.103 | Min Dist 10 = 0.089 | Min Dist 100 = 0.303 | Min Dist 1000 = 0.235 | Steps Per Second = 80.566 | Success = 1.000 | Success 1000 = 0.991
I0502 16:49:55.155363 139579566835264 terminal.py:91] [Evaluator] Actor Episodes = 40479 | Actor Steps = 2023950 | Delta Dist = 11.816 | Delta Dist 10 = 12.031 | Delta Dist 100 = 11.702 | Delta Dist 1000 = 11.647 | Episode Length = 50 | Episode Return = 21.0 | Evaluator Episodes = 10258 | Evaluator Steps = 512900 | Final Dist = 0.990 | Final Dist 10 = 0.776 | Final Dist 100 = 1.104 | Final Dist 1000 = 1.160 | Init Dist = 12.806 | Init Dist 10 = 12.806 | Init Dist 100 = 12.806 | Init Dist 1000 = 12.806 | Learner Steps = 31468 | Learner Walltime = 6218.750 | Min Dist = 0.048 | Min Dist 10 = 0.266 | Min Dist 100 = 0.497 | Min Dist 1000 = 0.526 | Steps Per Second = 82.708 | Success = 1.000 | Success 1000 = 0.946
I0502 16:49:56.455401 139579566835264 terminal.py:91] [Evaluator] Actor Episodes = 40487 | Actor Steps = 2024350 | Delta Dist = 11.844 | Delta Dist 10 = 12.055 | Delta Dist 100 = 11.707 | Delta Dist 1000 = 11.647 | Episode Length = 50 | Episode Return = 9.0 | Evaluator Episodes = 10260 | Evaluator Steps = 513000 | Final Dist = 0.962 | Final Dist 10 = 0.751 | Final Dist 100 = 1.100 | Final Dist 1000 = 1.159 | Init Dist = 12.806 | Init Dist 10 = 12.806 | Init Dist 100 = 12.806 | Init Dist 1000 = 12.806 | Learner Steps = 31475 | Learner Walltime = 6219.837 | Min Dist = 0.118 | Min Dist 10 = 0.257 | Min Dist 100 = 0.488 | Min Dist 1000 = 0.526 | Steps Per Second = 76.279 | Success = 1.000 | Success 1000 = 0.946
I0502 16:49:56.496382 139557462840896 terminal.py:91] [Actor] Actor Episodes = 40486 | Actor Steps = 2024300 | Delta Dist = 1.572 | Delta Dist 10 = 3.382 | Delta Dist 100 = 3.968 | Delta Dist 1000 = 4.228 | Episode Length = 50 | Episode Return = 37.0 | Evaluator Episodes = 10258 | Evaluator Steps = 512900 | Final Dist = 0.664 | Final Dist 10 = 2.662 | Final Dist 100 = 2.183 | Final Dist 1000 = 1.631 | Init Dist = 2.236 | Init Dist 10 = 6.044 | Init Dist 100 = 6.152 | Init Dist 1000 = 5.859 | Learner Steps = 31475 | Learner Walltime = 6219.837 | Min Dist = 0.251 | Min Dist 10 = 0.063 | Min Dist 100 = 0.303 | Min Dist 1000 = 0.235 | Steps Per Second = 72.547 | Success = 1.000 | Success 1000 = 0.991
I0502 16:49:56.533656 139584504182336 lp_utils.py:96] StepsLimiter: Reached 2024350 recorded steps
I0502 16:49:57.717167 139579566835264 terminal.py:91] [Evaluator] Actor Episodes = 40495 | Actor Steps = 2024750 | Delta Dist = 12.207 | Delta Dist 10 = 12.022 | Delta Dist 100 = 11.698 | Delta Dist 1000 = 11.647 | Episode Length = 50 | Episode Return = 12.0 | Evaluator Episodes = 10262 | Evaluator Steps = 513100 | Final Dist = 0.599 | Final Dist 10 = 0.784 | Final Dist 100 = 1.108 | Final Dist 1000 = 1.160 | Init Dist = 12.806 | Init Dist 10 = 12.806 | Init Dist 100 = 12.806 | Init Dist 1000 = 12.806 | Learner Steps = 31480 | Learner Walltime = 6220.970 | Min Dist = 0.313 | Min Dist 10 = 0.242 | Min Dist 100 = 0.489 | Min Dist 1000 = 0.526 | Steps Per Second = 73.486 | Success = 1.000 | Success 1000 = 0.946
I0502 16:49:58.949011 139579566835264 terminal.py:91] [Evaluator] Actor Episodes = 40503 | Actor Steps = 2025150 | Delta Dist = 11.681 | Delta Dist 10 = 12.035 | Delta Dist 100 = 11.704 | Delta Dist 1000 = 11.647 | Episode Length = 50 | Episode Return = 17.0 | Evaluator Episodes = 10264 | Evaluator Steps = 513200 | Final Dist = 1.125 | Final Dist 10 = 0.771 | Final Dist 100 = 1.102 | Final Dist 1000 = 1.159 | Init Dist = 12.806 | Init Dist 10 = 12.806 | Init Dist 100 = 12.806 | Init Dist 1000 = 12.806 | Learner Steps = 31490 | Learner Walltime = 6222.995 | Min Dist = 0.071 | Min Dist 10 = 0.227 | Min Dist 100 = 0.491 | Min Dist 1000 = 0.526 | Steps Per Second = 90.939 | Success = 1.000 | Success 1000 = 0.946
I0502 16:50:00.229691 139579566835264 terminal.py:91] [Evaluator] Actor Episodes = 40511 | Actor Steps = 2025550 | Delta Dist = 12.235 | Delta Dist 10 = 11.909 | Delta Dist 100 = 11.689 | Delta Dist 1000 = 11.647 | Episode Length = 50 | Episode Return = 18.0 | Evaluator Episodes = 10266 | Evaluator Steps = 513300 | Final Dist = 0.571 | Final Dist 10 = 0.897 | Final Dist 100 = 1.117 | Final Dist 1000 = 1.160 | Init Dist = 12.806 | Init Dist 10 = 12.806 | Init Dist 100 = 12.806 | Init Dist 1000 = 12.806 | Learner Steps = 31496 | Learner Walltime = 6224.289 | Min Dist = 0.049 | Min Dist 10 = 0.177 | Min Dist 100 = 0.493 | Min Dist 1000 = 0.526 | Steps Per Second = 76.603 | Success = 1.000 | Success 1000 = 0.946
I0502 16:50:00.807619 139555860620864 terminal.py:91] [Actor] Actor Episodes = 40515 | Actor Steps = 2025750 | Delta Dist = 10.128 | Delta Dist 10 = 3.272 | Delta Dist 100 = 3.847 | Delta Dist 1000 = 4.232 | Episode Length = 50 | Episode Return = 6.0 | Evaluator Episodes = 10266 | Evaluator Steps = 513300 | Final Dist = 1.274 | Final Dist 10 = 2.200 | Final Dist 100 = 2.162 | Final Dist 1000 = 1.637 | Init Dist = 11.402 | Init Dist 10 = 5.472 | Init Dist 100 = 6.009 | Init Dist 1000 = 5.869 | Learner Steps = 31496 | Learner Walltime = 6224.289 | Min Dist = 0.126 | Min Dist 10 = 0.098 | Min Dist 100 = 0.237 | Min Dist 1000 = 0.235 | Steps Per Second = 81.702 | Success = 1.000 | Success 1000 = 0.991
I0502 16:50:01.499299 139579566835264 terminal.py:91] [Evaluator] Actor Episodes = 40519 | Actor Steps = 2025950 | Delta Dist = 11.508 | Delta Dist 10 = 11.807 | Delta Dist 100 = 11.685 | Delta Dist 1000 = 11.647 | Episode Length = 50 | Episode Return = 27.0 | Evaluator Episodes = 10268 | Evaluator Steps = 513400 | Final Dist = 1.299 | Final Dist 10 = 1.000 | Final Dist 100 = 1.121 | Final Dist 1000 = 1.160 | Init Dist = 12.806 | Init Dist 10 = 12.806 | Init Dist 100 = 12.806 | Init Dist 1000 = 12.806 | Learner Steps = 31502 | Learner Walltime = 6225.422 | Min Dist = 0.295 | Min Dist 10 = 0.161 | Min Dist 100 = 0.489 | Min Dist 1000 = 0.525 | Steps Per Second = 76.836 | Success = 1.000 | Success 1000 = 0.946
I0502 16:50:02.717237 139579566835264 terminal.py:91] [Evaluator] Actor Episodes = 40527 | Actor Steps = 2026350 | Delta Dist = 11.499 | Delta Dist 10 = 11.745 | Delta Dist 100 = 11.673 | Delta Dist 1000 = 11.650 | Episode Length = 50 | Episode Return = 6.0 | Evaluator Episodes = 10270 | Evaluator Steps = 513500 | Final Dist = 1.308 | Final Dist 10 = 1.061 | Final Dist 100 = 1.133 | Final Dist 1000 = 1.156 | Init Dist = 12.806 | Init Dist 10 = 12.806 | Init Dist 100 = 12.806 | Init Dist 1000 = 12.806 | Learner Steps = 31507 | Learner Walltime = 6226.438 | Min Dist = 0.313 | Min Dist 10 = 0.192 | Min Dist 100 = 0.487 | Min Dist 1000 = 0.521 | Steps Per Second = 78.784 | Success = 1.000 | Success 1000 = 0.947
I0502 16:50:02.898935 139558059398720 terminal.py:91] [Actor] Actor Episodes = 40526 | Actor Steps = 2026300 | Delta Dist = 1.622 | Delta Dist 10 = 2.714 | Delta Dist 100 = 3.804 | Delta Dist 1000 = 4.226 | Episode Length = 50 | Episode Return = 42.0 | Evaluator Episodes = 10268 | Evaluator Steps = 513400 | Final Dist = 0.378 | Final Dist 10 = 1.433 | Final Dist 100 = 2.010 | Final Dist 1000 = 1.632 | Init Dist = 2.000 | Init Dist 10 = 4.146 | Init Dist 100 = 5.814 | Init Dist 1000 = 5.858 | Learner Steps = 31507 | Learner Walltime = 6226.438 | Min Dist = 0.018 | Min Dist 10 = 0.903 | Min Dist 100 = 0.320 | Min Dist 1000 = 0.243 | Steps Per Second = 76.943 | Success = 1.000 | Success 1000 = 0.991
I0502 16:50:03.029611 139555013154368 terminal.py:91] [Learner] Actor Episodes = 40523 | Actor Loss = 3.6810102462768555 | Actor Steps = 2026150 | Binary Accuracy = 0.9960293769836426 | Categorical Accuracy = 0.4158935546875 | Critic Loss = 1.8200607299804688 | Entropy Mean = -21.909841537475586 | Evaluator Episodes = 10268 | Evaluator Steps = 513400 | Learner Steps = 31511 | Learner Walltime = 6227.222 | Logits Neg = -17.42801284790039 | Logits Pos = -1.794633150100708 | Logsumexp = 1.0868098735809326 | Steps Per Second = 1284.700
I0502 16:50:03.965889 139579566835264 terminal.py:91] [Evaluator] Actor Episodes = 40535 | Actor Steps = 2026750 | Delta Dist = 11.448 | Delta Dist 10 = 11.767 | Delta Dist 100 = 11.668 | Delta Dist 1000 = 11.651 | Episode Length = 50 | Episode Return = 13.0 | Evaluator Episodes = 10272 | Evaluator Steps = 513600 | Final Dist = 1.358 | Final Dist 10 = 1.039 | Final Dist 100 = 1.138 | Final Dist 1000 = 1.156 | Init Dist = 12.806 | Init Dist 10 = 12.806 | Init Dist 100 = 12.806 | Init Dist 1000 = 12.806 | Learner Steps = 31513 | Learner Walltime = 6227.700 | Min Dist = 0.302 | Min Dist 10 = 0.191 | Min Dist 100 = 0.488 | Min Dist 1000 = 0.521 | Steps Per Second = 77.552 | Success = 1.000 | Success 1000 = 0.947
I0502 16:50:05.003721 139569349502528 terminal.py:91] [Actor] Actor Episodes = 40538 | Actor Steps = 2026900 | Delta Dist = 7.034 | Delta Dist 10 = 6.233 | Delta Dist 100 = 4.122 | Delta Dist 1000 = 4.269 | Episode Length = 50 | Episode Return = 34.0 | Evaluator Episodes = 10272 | Evaluator Steps = 513600 | Final Dist = 0.177 | Final Dist 10 = 0.510 | Final Dist 100 = 1.754 | Final Dist 1000 = 1.598 | Init Dist = 7.211 | Init Dist 10 = 6.743 | Init Dist 100 = 5.876 | Init Dist 1000 = 5.867 | Learner Steps = 31513 | Learner Walltime = 6227.700 | Min Dist = 0.033 | Min Dist 10 = 0.043 | Min Dist 100 = 0.276 | Min Dist 1000 = 0.240 | Steps Per Second = 86.199 | Success = 1.000 | Success 1000 = 0.991
I0502 16:50:05.221278 139579566835264 terminal.py:91] [Evaluator] Actor Episodes = 40543 | Actor Steps = 2027150 | Delta Dist = 12.425 | Delta Dist 10 = 11.607 | Delta Dist 100 = 11.652 | Delta Dist 1000 = 11.650 | Episode Length = 50 | Episode Return = 13.0 | Evaluator Episodes = 10274 | Evaluator Steps = 513700 | Final Dist = 0.381 | Final Dist 10 = 1.199 | Final Dist 100 = 1.154 | Final Dist 1000 = 1.156 | Init Dist = 12.806 | Init Dist 10 = 12.806 | Init Dist 100 = 12.806 | Init Dist 1000 = 12.806 | Learner Steps = 31518 | Learner Walltime = 6228.740 | Min Dist = 0.068 | Min Dist 10 = 0.229 | Min Dist 100 = 0.489 | Min Dist 1000 = 0.521 | Steps Per Second = 81.943 | Success = 1.000 | Success 1000 = 0.947
I0502 16:50:06.362067 139579566835264 terminal.py:91] [Evaluator] Actor Episodes = 40551 | Actor Steps = 2027550 | Delta Dist = 11.374 | Delta Dist 10 = 11.707 | Delta Dist 100 = 11.650 | Delta Dist 1000 = 11.650 | Episode Length = 50 | Episode Return = 30.0 | Evaluator Episodes = 10276 | Evaluator Steps = 513800 | Final Dist = 1.432 | Final Dist 10 = 1.099 | Final Dist 100 = 1.156 | Final Dist 1000 = 1.157 | Init Dist = 12.806 | Init Dist 10 = 12.806 | Init Dist 100 = 12.806 | Init Dist 1000 = 12.806 | Learner Steps = 31524 | Learner Walltime = 6229.911 | Min Dist = 0.084 | Min Dist 10 = 0.226 | Min Dist 100 = 0.485 | Min Dist 1000 = 0.521 | Steps Per Second = 81.473 | Success = 1.000 | Success 1000 = 0.947
I0502 16:50:06.556306 139557462840896 terminal.py:91] [Actor] Actor Episodes = 40550 | Actor Steps = 2027500 | Delta Dist = 10.195 | Delta Dist 10 = 3.573 | Delta Dist 100 = 4.102 | Delta Dist 1000 = 4.241 | Episode Length = 50 | Episode Return = 34.0 | Evaluator Episodes = 10274 | Evaluator Steps = 513700 | Final Dist = 0.435 | Final Dist 10 = 1.990 | Final Dist 100 = 1.680 | Final Dist 1000 = 1.604 | Init Dist = 10.630 | Init Dist 10 = 5.563 | Init Dist 100 = 5.782 | Init Dist 1000 = 5.845 | Learner Steps = 31524 | Learner Walltime = 6229.911 | Min Dist = 0.054 | Min Dist 10 = 0.100 | Min Dist 100 = 0.221 | Min Dist 1000 = 0.239 | Steps Per Second = 77.797 | Success = 1.000 | Success 1000 = 0.991
I0502 16:50:06.560506 139584504182336 lp_utils.py:96] StepsLimiter: Reached 2027550 recorded steps
I0502 16:50:07.580991 139579566835264 terminal.py:91] [Evaluator] Actor Episodes = 40559 | Actor Steps = 2027950 | Delta Dist = 12.203 | Delta Dist 10 = 11.627 | Delta Dist 100 = 11.636 | Delta Dist 1000 = 11.649 | Episode Length = 50 | Episode Return = 11.0 | Evaluator Episodes = 10278 | Evaluator Steps = 513900 | Final Dist = 0.604 | Final Dist 10 = 1.179 | Final Dist 100 = 1.170 | Final Dist 1000 = 1.158 | Init Dist = 12.806 | Init Dist 10 = 12.806 | Init Dist 100 = 12.806 | Init Dist 1000 = 12.806 | Learner Steps = 31530 | Learner Walltime = 6231.117 | Min Dist = 0.169 | Min Dist 10 = 0.223 | Min Dist 100 = 0.487 | Min Dist 1000 = 0.521 | Steps Per Second = 74.209 | Success = 1.000 | Success 1000 = 0.947
I0502 16:50:08.840084 139579566835264 terminal.py:91] [Evaluator] Actor Episodes = 40567 | Actor Steps = 2028350 | Delta Dist = 11.519 | Delta Dist 10 = 11.712 | Delta Dist 100 = 11.630 | Delta Dist 1000 = 11.648 | Episode Length = 50 | Episode Return = 12.0 | Evaluator Episodes = 10280 | Evaluator Steps = 514000 | Final Dist = 1.287 | Final Dist 10 = 1.094 | Final Dist 100 = 1.176 | Final Dist 1000 = 1.158 | Init Dist = 12.806 | Init Dist 10 = 12.806 | Init Dist 100 = 12.806 | Init Dist 1000 = 12.806 | Learner Steps = 31536 | Learner Walltime = 6232.369 | Min Dist = 0.026 | Min Dist 10 = 0.190 | Min Dist 100 = 0.487 | Min Dist 1000 = 0.520 | Steps Per Second = 75.360 | Success = 1.000 | Success 1000 = 0.947
I0502 16:50:10.233654 139579566835264 terminal.py:91] [Evaluator] Actor Episodes = 40575 | Actor Steps = 2028750 | Delta Dist = 12.712 | Delta Dist 10 = 11.632 | Delta Dist 100 = 11.612 | Delta Dist 1000 = 11.649 | Episode Length = 50 | Episode Return = 24.0 | Evaluator Episodes = 10282 | Evaluator Steps = 514100 | Final Dist = 0.095 | Final Dist 10 = 1.174 | Final Dist 100 = 1.194 | Final Dist 1000 = 1.157 | Init Dist = 12.806 | Init Dist 10 = 12.806 | Init Dist 100 = 12.806 | Init Dist 1000 = 12.806 | Learner Steps = 31541 | Learner Walltime = 6233.474 | Min Dist = 0.095 | Min Dist 10 = 0.171 | Min Dist 100 = 0.485 | Min Dist 1000 = 0.519 | Steps Per Second = 76.583 | Success = 1.000 | Success 1000 = 0.948
I0502 16:50:10.916898 139555860620864 terminal.py:91] [Actor] Actor Episodes = 40579 | Actor Steps = 2028950 | Delta Dist = 0.187 | Delta Dist 10 = 3.811 | Delta Dist 100 = 4.228 | Delta Dist 1000 = 4.235 | Episode Length = 50 | Episode Return = 17.0 | Evaluator Episodes = 10282 | Evaluator Steps = 514100 | Final Dist = 0.813 | Final Dist 10 = 1.350 | Final Dist 100 = 1.399 | Final Dist 1000 = 1.587 | Init Dist = 1.000 | Init Dist 10 = 5.162 | Init Dist 100 = 5.626 | Init Dist 1000 = 5.822 | Learner Steps = 31547 | Learner Walltime = 6234.816 | Min Dist = 0.046 | Min Dist 10 = 0.038 | Min Dist 100 = 0.157 | Min Dist 1000 = 0.236 | Steps Per Second = 68.739 | Success = 1.000 | Success 1000 = 0.992
I0502 16:50:11.527817 139579566835264 terminal.py:91] [Evaluator] Actor Episodes = 40583 | Actor Steps = 2029150 | Delta Dist = 12.310 | Delta Dist 10 = 11.767 | Delta Dist 100 = 11.610 | Delta Dist 1000 = 11.648 | Episode Length = 50 | Episode Return = 26.0 | Evaluator Episodes = 10284 | Evaluator Steps = 514200 | Final Dist = 0.496 | Final Dist 10 = 1.039 | Final Dist 100 = 1.197 | Final Dist 1000 = 1.158 | Init Dist = 12.806 | Init Dist 10 = 12.806 | Init Dist 100 = 12.806 | Init Dist 1000 = 12.806 | Learner Steps = 31547 | Learner Walltime = 6234.816 | Min Dist = 0.035 | Min Dist 10 = 0.118 | Min Dist 100 = 0.485 | Min Dist 1000 = 0.518 | Steps Per Second = 79.873 | Success = 1.000 | Success 1000 = 0.948
I0502 16:50:12.727442 139579566835264 terminal.py:91] [Evaluator] Actor Episodes = 40591 | Actor Steps = 2029550 | Delta Dist = 11.739 | Delta Dist 10 = 11.782 | Delta Dist 100 = 11.614 | Delta Dist 1000 = 11.648 | Episode Length = 50 | Episode Return = 11.0 | Evaluator Episodes = 10286 | Evaluator Steps = 514300 | Final Dist = 1.067 | Final Dist 10 = 1.024 | Final Dist 100 = 1.193 | Final Dist 1000 = 1.158 | Init Dist = 12.806 | Init Dist 10 = 12.806 | Init Dist 100 = 12.806 | Init Dist 1000 = 12.806 | Learner Steps = 31554 | Learner Walltime = 6236.123 | Min Dist = 0.051 | Min Dist 10 = 0.167 | Min Dist 100 = 0.489 | Min Dist 1000 = 0.519 | Steps Per Second = 76.057 | Success = 1.000 | Success 1000 = 0.948
I0502 16:50:13.227833 139558059398720 terminal.py:91] [Actor] Actor Episodes = 40592 | Actor Steps = 2029600 | Delta Dist = 6.171 | Delta Dist 10 = 4.333 | Delta Dist 100 = 4.182 | Delta Dist 1000 = 4.216 | Episode Length = 50 | Episode Return = 29.0 | Evaluator Episodes = 10284 | Evaluator Steps = 514200 | Final Dist = 0.154 | Final Dist 10 = 0.703 | Final Dist 100 = 1.199 | Final Dist 1000 = 1.581 | Init Dist = 6.325 | Init Dist 10 = 5.036 | Init Dist 100 = 5.381 | Init Dist 1000 = 5.796 | Learner Steps = 31554 | Learner Walltime = 6236.123 | Min Dist = 0.048 | Min Dist 10 = 0.193 | Min Dist 100 = 0.167 | Min Dist 1000 = 0.237 | Steps Per Second = 70.353 | Success = 1.000 | Success 1000 = 0.992
I0502 16:50:13.589716 139555013154368 terminal.py:91] [Learner] Actor Episodes = 40591 | Actor Loss = 3.7200381755828857 | Actor Steps = 2029550 | Binary Accuracy = 0.9960317611694336 | Categorical Accuracy = 0.41510009765625 | Critic Loss = 1.7969272136688232 | Entropy Mean = -21.544166564941406 | Evaluator Episodes = 10286 | Evaluator Steps = 514300 | Learner Steps = 31561 | Learner Walltime = 6237.788 | Logits Neg = -17.4140682220459 | Logits Pos = -1.7890479564666748 | Logsumexp = 1.1541779041290283 | Steps Per Second = 111.814
I0502 16:50:14.011016 139579566835264 terminal.py:91] [Evaluator] Actor Episodes = 40599 | Actor Steps = 2029950 | Delta Dist = 12.430 | Delta Dist 10 = 11.842 | Delta Dist 100 = 11.602 | Delta Dist 1000 = 11.648 | Episode Length = 50 | Episode Return = 29.0 | Evaluator Episodes = 10288 | Evaluator Steps = 514400 | Final Dist = 0.376 | Final Dist 10 = 0.964 | Final Dist 100 = 1.204 | Final Dist 1000 = 1.158 | Init Dist = 12.806 | Init Dist 10 = 12.806 | Init Dist 100 = 12.806 | Init Dist 1000 = 12.806 | Learner Steps = 31559 | Learner Walltime = 6237.159 | Min Dist = 0.344 | Min Dist 10 = 0.170 | Min Dist 100 = 0.489 | Min Dist 1000 = 0.518 | Steps Per Second = 86.566 | Success = 1.000 | Success 1000 = 0.948
I0502 16:50:15.354096 139579566835264 terminal.py:91] [Evaluator] Actor Episodes = 40607 | Actor Steps = 2030350 | Delta Dist = 11.424 | Delta Dist 10 = 11.240 | Delta Dist 100 = 11.546 | Delta Dist 1000 = 11.641 | Episode Length = 50 | Episode Return = 7.0 | Evaluator Episodes = 10290 | Evaluator Steps = 514500 | Final Dist = 1.382 | Final Dist 10 = 1.566 | Final Dist 100 = 1.260 | Final Dist 1000 = 1.165 | Init Dist = 12.806 | Init Dist 10 = 12.806 | Init Dist 100 = 12.806 | Init Dist 1000 = 12.806 | Learner Steps = 31570 | Learner Walltime = 6239.461 | Min Dist = 0.066 | Min Dist 10 = 0.839 | Min Dist 100 = 0.555 | Min Dist 1000 = 0.525 | Steps Per Second = 69.129 | Success = 1.000 | Success 1000 = 0.947
I0502 16:50:15.432843 139569349502528 terminal.py:91] [Actor] Actor Episodes = 40602 | Actor Steps = 2030100 | Delta Dist = 8.187 | Delta Dist 10 = 4.900 | Delta Dist 100 = 4.341 | Delta Dist 1000 = 4.241 | Episode Length = 50 | Episode Return = 13.0 | Evaluator Episodes = 10288 | Evaluator Steps = 514400 | Final Dist = 0.757 | Final Dist 10 = 1.250 | Final Dist 100 = 1.189 | Final Dist 1000 = 1.576 | Init Dist = 8.944 | Init Dist 10 = 6.150 | Init Dist 100 = 5.530 | Init Dist 1000 = 5.817 | Learner Steps = 31565 | Learner Walltime = 6238.461 | Min Dist = 0.040 | Min Dist 10 = 0.769 | Min Dist 100 = 0.247 | Min Dist 1000 = 0.246 | Steps Per Second = 71.810 | Success = 1.000 | Success 1000 = 0.991
I0502 16:50:16.578015 139584504182336 lp_utils.py:96] StepsLimiter: Reached 2030650 recorded steps
I0502 16:50:16.773509 139579566835264 terminal.py:91] [Evaluator] Actor Episodes = 40615 | Actor Steps = 2030750 | Delta Dist = 11.217 | Delta Dist 10 = 11.273 | Delta Dist 100 = 11.537 | Delta Dist 1000 = 11.641 | Episode Length = 50 | Episode Return = 16.0 | Evaluator Episodes = 10292 | Evaluator Steps = 514600 | Final Dist = 1.589 | Final Dist 10 = 1.534 | Final Dist 100 = 1.270 | Final Dist 1000 = 1.165 | Init Dist = 12.806 | Init Dist 10 = 12.806 | Init Dist 100 = 12.806 | Init Dist 1000 = 12.806 | Learner Steps = 31575 | Learner Walltime = 6240.551 | Min Dist = 0.290 | Min Dist 10 = 0.879 | Min Dist 100 = 0.553 | Min Dist 1000 = 0.525 | Steps Per Second = 70.211 | Success = 1.000 | Success 1000 = 0.947
I0502 16:50:17.234084 139557462840896 terminal.py:91] [Actor] Actor Episodes = 40614 | Actor Steps = 2030700 | Delta Dist = 2.834 | Delta Dist 10 = 3.121 | Delta Dist 100 = 4.243 | Delta Dist 1000 = 4.232 | Episode Length = 50 | Episode Return = 27.0 | Evaluator Episodes = 10290 | Evaluator Steps = 514500 | Final Dist = 0.329 | Final Dist 10 = 1.997 | Final Dist 100 = 1.165 | Final Dist 1000 = 1.577 | Init Dist = 3.162 | Init Dist 10 = 5.119 | Init Dist 100 = 5.408 | Init Dist 1000 = 5.809 | Learner Steps = 31575 | Learner Walltime = 6240.551 | Min Dist = 0.106 | Min Dist 10 = 0.113 | Min Dist 100 = 0.248 | Min Dist 1000 = 0.246 | Steps Per Second = 72.659 | Success = 1.000 | Success 1000 = 0.991
I0502 16:50:17.256860 139584635659840 savers.py:156] Saving checkpoint: logs/contrastive_cpc_point_FourRooms_64/5dd72662-2788-11f0-b183-d85ed38c5779/checkpoints/counter
I0502 16:50:18.161818 139579566835264 terminal.py:91] [Evaluator] Actor Episodes = 40623 | Actor Steps = 2031150 | Delta Dist = 11.830 | Delta Dist 10 = 11.133 | Delta Dist 100 = 11.536 | Delta Dist 1000 = 11.639 | Episode Length = 50 | Episode Return = 24.0 | Evaluator Episodes = 10294 | Evaluator Steps = 514700 | Final Dist = 0.976 | Final Dist 10 = 1.673 | Final Dist 100 = 1.270 | Final Dist 1000 = 1.167 | Init Dist = 12.806 | Init Dist 10 = 12.806 | Init Dist 100 = 12.806 | Init Dist 1000 = 12.806 | Learner Steps = 31580 | Learner Walltime = 6241.694 | Min Dist = 0.039 | Min Dist 10 = 0.921 | Min Dist 100 = 0.553 | Min Dist 1000 = 0.526 | Steps Per Second = 70.899 | Success = 1.000 | Success 1000 = 0.947
I0502 16:50:19.481096 139579566835264 terminal.py:91] [Evaluator] Actor Episodes = 40631 | Actor Steps = 2031550 | Delta Dist = 12.186 | Delta Dist 10 = 11.074 | Delta Dist 100 = 11.540 | Delta Dist 1000 = 11.638 | Episode Length = 50 | Episode Return = 28.0 | Evaluator Episodes = 10296 | Evaluator Steps = 514800 | Final Dist = 0.621 | Final Dist 10 = 1.733 | Final Dist 100 = 1.266 | Final Dist 1000 = 1.168 | Init Dist = 12.806 | Init Dist 10 = 12.806 | Init Dist 100 = 12.806 | Init Dist 1000 = 12.806 | Learner Steps = 31585 | Learner Walltime = 6242.771 | Min Dist = 0.190 | Min Dist 10 = 0.905 | Min Dist 100 = 0.548 | Min Dist 1000 = 0.526 | Steps Per Second = 78.016 | Success = 1.000 | Success 1000 = 0.947
I0502 16:50:20.670207 139579566835264 terminal.py:91] [Evaluator] Actor Episodes = 40639 | Actor Steps = 2031950 | Delta Dist = 11.754 | Delta Dist 10 = 11.128 | Delta Dist 100 = 11.549 | Delta Dist 1000 = 11.639 | Episode Length = 50 | Episode Return = 8.0 | Evaluator Episodes = 10298 | Evaluator Steps = 514900 | Final Dist = 1.052 | Final Dist 10 = 1.679 | Final Dist 100 = 1.257 | Final Dist 1000 = 1.168 | Init Dist = 12.806 | Init Dist 10 = 12.806 | Init Dist 100 = 12.806 | Init Dist 1000 = 12.806 | Learner Steps = 31591 | Learner Walltime = 6244.137 | Min Dist = 0.315 | Min Dist 10 = 0.910 | Min Dist 100 = 0.549 | Min Dist 1000 = 0.526 | Steps Per Second = 84.656 | Success = 1.000 | Success 1000 = 0.947
I0502 16:50:20.979003 139555860620864 terminal.py:91] [Actor] Actor Episodes = 40636 | Actor Steps = 2031800 | Delta Dist = 7.201 | Delta Dist 10 = 4.769 | Delta Dist 100 = 4.339 | Delta Dist 1000 = 4.225 | Episode Length = 50 | Episode Return = 34.0 | Evaluator Episodes = 10296 | Evaluator Steps = 514800 | Final Dist = 0.010 | Final Dist 10 = 1.193 | Final Dist 100 = 1.217 | Final Dist 1000 = 1.575 | Init Dist = 7.211 | Init Dist 10 = 5.962 | Init Dist 100 = 5.556 | Init Dist 1000 = 5.800 | Learner Steps = 31591 | Learner Walltime = 6244.137 | Min Dist = 0.010 | Min Dist 10 = 0.056 | Min Dist 100 = 0.180 | Min Dist 1000 = 0.244 | Steps Per Second = 77.612 | Success = 1.000 | Success 1000 = 0.990
I0502 16:50:21.945662 139579566835264 terminal.py:91] [Evaluator] Actor Episodes = 40645 | Actor Steps = 2032250 | Delta Dist = 12.642 | Delta Dist 10 = 11.405 | Delta Dist 100 = 11.511 | Delta Dist 1000 = 11.634 | Episode Length = 50 | Episode Return = 18.0 | Evaluator Episodes = 10300 | Evaluator Steps = 515000 | Final Dist = 0.164 | Final Dist 10 = 1.401 | Final Dist 100 = 1.295 | Final Dist 1000 = 1.172 | Init Dist = 12.806 | Init Dist 10 = 12.806 | Init Dist 100 = 12.806 | Init Dist 1000 = 12.806 | Learner Steps = 31597 | Learner Walltime = 6245.508 | Min Dist = 0.137 | Min Dist 10 = 0.663 | Min Dist 100 = 0.591 | Min Dist 1000 = 0.531 | Steps Per Second = 68.936 | Success = 1.000 | Success 1000 = 0.946
I0502 16:50:23.162501 139579566835264 terminal.py:91] [Evaluator] Actor Episodes = 40651 | Actor Steps = 2032550 | Delta Dist = 12.017 | Delta Dist 10 = 11.482 | Delta Dist 100 = 11.511 | Delta Dist 1000 = 11.635 | Episode Length = 50 | Episode Return = 26.0 | Evaluator Episodes = 10302 | Evaluator Steps = 515100 | Final Dist = 0.789 | Final Dist 10 = 1.325 | Final Dist 100 = 1.295 | Final Dist 1000 = 1.171 | Init Dist = 12.806 | Init Dist 10 = 12.806 | Init Dist 100 = 12.806 | Init Dist 1000 = 12.806 | Learner Steps = 31604 | Learner Walltime = 6246.899 | Min Dist = 0.169 | Min Dist 10 = 0.641 | Min Dist 100 = 0.591 | Min Dist 1000 = 0.531 | Steps Per Second = 77.274 | Success = 1.000 | Success 1000 = 0.946
I0502 16:50:23.239656 139558059398720 terminal.py:91] [Actor] Actor Episodes = 40653 | Actor Steps = 2032650 | Delta Dist = 6.690 | Delta Dist 10 = 4.399 | Delta Dist 100 = 4.244 | Delta Dist 1000 = 4.210 | Episode Length = 50 | Episode Return = 34.0 | Evaluator Episodes = 10302 | Evaluator Steps = 515100 | Final Dist = 0.381 | Final Dist 10 = 1.535 | Final Dist 100 = 1.315 | Final Dist 1000 = 1.592 | Init Dist = 7.071 | Init Dist 10 = 5.934 | Init Dist 100 = 5.559 | Init Dist 1000 = 5.803 | Learner Steps = 31604 | Learner Walltime = 6246.899 | Min Dist = 0.054 | Min Dist 10 = 0.098 | Min Dist 100 = 0.181 | Min Dist 1000 = 0.244 | Steps Per Second = 78.522 | Success = 1.000 | Success 1000 = 0.990
I0502 16:50:23.686406 139555013154368 terminal.py:91] [Learner] Actor Episodes = 40647 | Actor Loss = 3.703944444656372 | Actor Steps = 2032350 | Binary Accuracy = 0.996051549911499 | Categorical Accuracy = 0.42010498046875 | Critic Loss = 1.7957847118377686 | Entropy Mean = -22.273731231689453 | Evaluator Episodes = 10300 | Evaluator Steps = 515000 | Learner Steps = 31610 | Learner Walltime = 6247.883 | Logits Neg = -17.08552360534668 | Logits Pos = -1.7644474506378174 | Logsumexp = 1.093796968460083 | Steps Per Second = 632.525
I0502 16:50:24.500402 139579566835264 terminal.py:91] [Evaluator] Actor Episodes = 40659 | Actor Steps = 2032950 | Delta Dist = 11.458 | Delta Dist 10 = 11.635 | Delta Dist 100 = 11.583 | Delta Dist 1000 = 11.635 | Episode Length = 50 | Episode Return = 1.0 | Evaluator Episodes = 10304 | Evaluator Steps = 515200 | Final Dist = 1.349 | Final Dist 10 = 1.171 | Final Dist 100 = 1.224 | Final Dist 1000 = 1.171 | Init Dist = 12.806 | Init Dist 10 = 12.806 | Init Dist 100 = 12.806 | Init Dist 1000 = 12.806 | Learner Steps = 31611 | Learner Walltime = 6248.238 | Min Dist = 0.743 | Min Dist 10 = 0.598 | Min Dist 100 = 0.540 | Min Dist 1000 = 0.531 | Steps Per Second = 76.822 | Success = 1.000 | Success 1000 = 0.946
I0502 16:50:25.470570 139569349502528 terminal.py:91] [Actor] Actor Episodes = 40665 | Actor Steps = 2033250 | Delta Dist = 7.389 | Delta Dist 10 = 5.065 | Delta Dist 100 = 4.241 | Delta Dist 1000 = 4.218 | Episode Length = 50 | Episode Return = 35.0 | Evaluator Episodes = 10304 | Evaluator Steps = 515200 | Final Dist = 0.227 | Final Dist 10 = 0.921 | Final Dist 100 = 1.357 | Final Dist 1000 = 1.597 | Init Dist = 7.616 | Init Dist 10 = 5.986 | Init Dist 100 = 5.598 | Init Dist 1000 = 5.815 | Learner Steps = 31616 | Learner Walltime = 6249.607 | Min Dist = 0.129 | Min Dist 10 = 0.136 | Min Dist 100 = 0.193 | Min Dist 1000 = 0.245 | Steps Per Second = 73.415 | Success = 1.000 | Success 1000 = 0.990
I0502 16:50:25.869685 139579566835264 terminal.py:91] [Evaluator] Actor Episodes = 40669 | Actor Steps = 2033450 | Delta Dist = 12.362 | Delta Dist 10 = 11.566 | Delta Dist 100 = 11.568 | Delta Dist 1000 = 11.634 | Episode Length = 50 | Episode Return = 19.0 | Evaluator Episodes = 10306 | Evaluator Steps = 515300 | Final Dist = 0.444 | Final Dist 10 = 1.240 | Final Dist 100 = 1.238 | Final Dist 1000 = 1.173 | Init Dist = 12.806 | Init Dist 10 = 12.806 | Init Dist 100 = 12.806 | Init Dist 1000 = 12.806 | Learner Steps = 31616 | Learner Walltime = 6249.607 | Min Dist = 0.162 | Min Dist 10 = 0.682 | Min Dist 100 = 0.553 | Min Dist 1000 = 0.532 | Steps Per Second = 71.383 | Success = 1.000 | Success 1000 = 0.946
I0502 16:50:26.600168 139584504182336 lp_utils.py:96] StepsLimiter: Reached 2033550 recorded steps
I0502 16:50:27.136140 139579566835264 terminal.py:91] [Evaluator] Actor Episodes = 40675 | Actor Steps = 2033750 | Delta Dist = 12.518 | Delta Dist 10 = 11.524 | Delta Dist 100 = 11.573 | Delta Dist 1000 = 11.634 | Episode Length = 50 | Episode Return = 27.0 | Evaluator Episodes = 10308 | Evaluator Steps = 515400 | Final Dist = 0.289 | Final Dist 10 = 1.282 | Final Dist 100 = 1.233 | Final Dist 1000 = 1.173 | Init Dist = 12.806 | Init Dist 10 = 12.806 | Init Dist 100 = 12.806 | Init Dist 1000 = 12.806 | Learner Steps = 31622 | Learner Walltime = 6250.612 | Min Dist = 0.108 | Min Dist 10 = 0.683 | Min Dist 100 = 0.554 | Min Dist 1000 = 0.532 | Steps Per Second = 82.739 | Success = 1.000 | Success 1000 = 0.946
I0502 16:50:27.287662 139583350109760 savers.py:156] Saving checkpoint: logs/contrastive_cpc_point_FourRooms_64/5dd72662-2788-11f0-b183-d85ed38c5779/checkpoints/learner
I0502 16:50:27.379310 139557462840896 terminal.py:91] [Actor] Actor Episodes = 40679 | Actor Steps = 2033950 | Delta Dist = 6.245 | Delta Dist 10 = 3.206 | Delta Dist 100 = 4.146 | Delta Dist 1000 = 4.206 | Episode Length = 50 | Episode Return = 20.0 | Evaluator Episodes = 10308 | Evaluator Steps = 515400 | Final Dist = 0.463 | Final Dist 10 = 1.626 | Final Dist 100 = 1.393 | Final Dist 1000 = 1.599 | Init Dist = 6.708 | Init Dist 10 = 4.833 | Init Dist 100 = 5.538 | Init Dist 1000 = 5.805 | Learner Steps = 31622 | Learner Walltime = 6250.612 | Min Dist = 0.105 | Min Dist 10 = 0.071 | Min Dist 100 = 0.198 | Min Dist 1000 = 0.242 | Steps Per Second = 71.071 | Success = 1.000 | Success 1000 = 0.990
I0502 16:50:28.437428 139579566835264 terminal.py:91] [Evaluator] Actor Episodes = 40683 | Actor Steps = 2034150 | Delta Dist = 11.366 | Delta Dist 10 = 11.871 | Delta Dist 100 = 11.571 | Delta Dist 1000 = 11.634 | Episode Length = 50 | Episode Return = 19.0 | Evaluator Episodes = 10310 | Evaluator Steps = 515500 | Final Dist = 1.440 | Final Dist 10 = 0.935 | Final Dist 100 = 1.236 | Final Dist 1000 = 1.172 | Init Dist = 12.806 | Init Dist 10 = 12.806 | Init Dist 100 = 12.806 | Init Dist 1000 = 12.806 | Learner Steps = 31627 | Learner Walltime = 6252.154 | Min Dist = 0.095 | Min Dist 10 = 0.255 | Min Dist 100 = 0.548 | Min Dist 1000 = 0.532 | Steps Per Second = 79.068 | Success = 1.000 | Success 1000 = 0.946
I0502 16:50:29.713395 139579566835264 terminal.py:91] [Evaluator] Actor Episodes = 40693 | Actor Steps = 2034650 | Delta Dist = 11.454 | Delta Dist 10 = 11.856 | Delta Dist 100 = 11.600 | Delta Dist 1000 = 11.637 | Episode Length = 50 | Episode Return = 27.0 | Evaluator Episodes = 10312 | Evaluator Steps = 515600 | Final Dist = 1.352 | Final Dist 10 = 0.950 | Final Dist 100 = 1.206 | Final Dist 1000 = 1.170 | Init Dist = 12.806 | Init Dist 10 = 12.806 | Init Dist 100 = 12.806 | Init Dist 1000 = 12.806 | Learner Steps = 31634 | Learner Walltime = 6253.217 | Min Dist = 0.080 | Min Dist 10 = 0.243 | Min Dist 100 = 0.505 | Min Dist 1000 = 0.528 | Steps Per Second = 76.988 | Success = 1.000 | Success 1000 = 0.947
I0502 16:50:31.040893 139555860620864 terminal.py:91] [Actor] Actor Episodes = 40701 | Actor Steps = 2035050 | Delta Dist = 8.658 | Delta Dist 10 = 3.938 | Delta Dist 100 = 4.196 | Delta Dist 1000 = 4.230 | Episode Length = 50 | Episode Return = 40.0 | Evaluator Episodes = 10312 | Evaluator Steps = 515600 | Final Dist = 0.286 | Final Dist 10 = 1.631 | Final Dist 100 = 1.446 | Final Dist 1000 = 1.579 | Init Dist = 8.944 | Init Dist 10 = 5.569 | Init Dist 100 = 5.643 | Init Dist 1000 = 5.809 | Learner Steps = 31640 | Learner Walltime = 6254.365 | Min Dist = 0.024 | Min Dist 10 = 0.617 | Min Dist 100 = 0.160 | Min Dist 1000 = 0.238 | Steps Per Second = 63.414 | Success = 1.000 | Success 1000 = 0.990
I0502 16:50:31.043685 139579566835264 terminal.py:91] [Evaluator] Actor Episodes = 40701 | Actor Steps = 2035050 | Delta Dist = 11.427 | Delta Dist 10 = 11.814 | Delta Dist 100 = 11.595 | Delta Dist 1000 = 11.643 | Episode Length = 50 | Episode Return = 2.0 | Evaluator Episodes = 10314 | Evaluator Steps = 515700 | Final Dist = 1.379 | Final Dist 10 = 0.992 | Final Dist 100 = 1.211 | Final Dist 1000 = 1.164 | Init Dist = 12.806 | Init Dist 10 = 12.806 | Init Dist 100 = 12.806 | Init Dist 1000 = 12.806 | Learner Steps = 31640 | Learner Walltime = 6254.365 | Min Dist = 0.258 | Min Dist 10 = 0.258 | Min Dist 100 = 0.507 | Min Dist 1000 = 0.523 | Steps Per Second = 73.665 | Success = 1.000 | Success 1000 = 0.948
I0502 16:50:32.424959 139579566835264 terminal.py:91] [Evaluator] Actor Episodes = 40707 | Actor Steps = 2035350 | Delta Dist = 12.623 | Delta Dist 10 = 11.876 | Delta Dist 100 = 11.587 | Delta Dist 1000 = 11.642 | Episode Length = 50 | Episode Return = 7.0 | Evaluator Episodes = 10316 | Evaluator Steps = 515800 | Final Dist = 0.183 | Final Dist 10 = 0.930 | Final Dist 100 = 1.220 | Final Dist 1000 = 1.164 | Init Dist = 12.806 | Init Dist 10 = 12.806 | Init Dist 100 = 12.806 | Init Dist 1000 = 12.806 | Learner Steps = 31649 | Learner Walltime = 6256.526 | Min Dist = 0.183 | Min Dist 10 = 0.167 | Min Dist 100 = 0.508 | Min Dist 1000 = 0.523 | Steps Per Second = 72.695 | Success = 1.000 | Success 1000 = 0.948
I0502 16:50:33.494703 139558059398720 terminal.py:91] [Actor] Actor Episodes = 40715 | Actor Steps = 2035750 | Delta Dist = 7.180 | Delta Dist 10 = 3.675 | Delta Dist 100 = 4.191 | Delta Dist 1000 = 4.227 | Episode Length = 50 | Episode Return = 26.0 | Evaluator Episodes = 10316 | Evaluator Steps = 515800 | Final Dist = 0.031 | Final Dist 10 = 0.821 | Final Dist 100 = 1.386 | Final Dist 1000 = 1.575 | Init Dist = 7.211 | Init Dist 10 = 4.497 | Init Dist 100 = 5.577 | Init Dist 1000 = 5.803 | Learner Steps = 31654 | Learner Walltime = 6257.690 | Min Dist = 0.031 | Min Dist 10 = 0.037 | Min Dist 100 = 0.152 | Min Dist 1000 = 0.230 | Steps Per Second = 78.688 | Success = 1.000 | Success 1000 = 0.990
I0502 16:50:33.624244 139579566835264 terminal.py:91] [Evaluator] Actor Episodes = 40715 | Actor Steps = 2035750 | Delta Dist = 11.699 | Delta Dist 10 = 11.955 | Delta Dist 100 = 11.593 | Delta Dist 1000 = 11.642 | Episode Length = 50 | Episode Return = 26.0 | Evaluator Episodes = 10318 | Evaluator Steps = 515900 | Final Dist = 1.107 | Final Dist 10 = 0.852 | Final Dist 100 = 1.214 | Final Dist 1000 = 1.164 | Init Dist = 12.806 | Init Dist 10 = 12.806 | Init Dist 100 = 12.806 | Init Dist 1000 = 12.806 | Learner Steps = 31654 | Learner Walltime = 6257.690 | Min Dist = 0.070 | Min Dist 10 = 0.210 | Min Dist 100 = 0.509 | Min Dist 1000 = 0.524 | Steps Per Second = 75.280 | Success = 1.000 | Success 1000 = 0.948
I0502 16:50:33.832470 139555013154368 terminal.py:91] [Learner] Actor Episodes = 40713 | Actor Loss = 3.672647476196289 | Actor Steps = 2035650 | Binary Accuracy = 0.9960322380065918 | Categorical Accuracy = 0.41302490234375 | Critic Loss = 1.7975305318832397 | Entropy Mean = -22.899120330810547 | Evaluator Episodes = 10316 | Evaluator Steps = 515800 | Learner Steps = 31657 | Learner Walltime = 6258.029 | Logits Neg = -17.192359924316406 | Logits Pos = -1.7838518619537354 | Logsumexp = 1.1411528587341309 | Steps Per Second = 325.590
I0502 16:50:34.843846 139579566835264 terminal.py:91] [Evaluator] Actor Episodes = 40721 | Actor Steps = 2036050 | Delta Dist = 11.418 | Delta Dist 10 = 11.872 | Delta Dist 100 = 11.583 | Delta Dist 1000 = 11.640 | Episode Length = 50 | Episode Return = 5.0 | Evaluator Episodes = 10320 | Evaluator Steps = 516000 | Final Dist = 1.388 | Final Dist 10 = 0.935 | Final Dist 100 = 1.223 | Final Dist 1000 = 1.166 | Init Dist = 12.806 | Init Dist 10 = 12.806 | Init Dist 100 = 12.806 | Init Dist 1000 = 12.806 | Learner Steps = 31661 | Learner Walltime = 6259.038 | Min Dist = 0.372 | Min Dist 10 = 0.203 | Min Dist 100 = 0.509 | Min Dist 1000 = 0.524 | Steps Per Second = 79.163 | Success = 1.000 | Success 1000 = 0.948
I0502 16:50:35.541980 139569349502528 terminal.py:91] [Actor] Actor Episodes = 40722 | Actor Steps = 2036100 | Delta Dist = 5.131 | Delta Dist 10 = 3.251 | Delta Dist 100 = 4.109 | Delta Dist 1000 = 4.220 | Episode Length = 50 | Episode Return = 40.0 | Evaluator Episodes = 10318 | Evaluator Steps = 515900 | Final Dist = 0.699 | Final Dist 10 = 1.019 | Final Dist 100 = 1.349 | Final Dist 1000 = 1.577 | Init Dist = 5.831 | Init Dist 10 = 4.270 | Init Dist 100 = 5.458 | Init Dist 1000 = 5.797 | Learner Steps = 31654 | Learner Walltime = 6257.690 | Min Dist = 0.073 | Min Dist 10 = 0.092 | Min Dist 100 = 0.140 | Min Dist 1000 = 0.230 | Steps Per Second = 63.882 | Success = 1.000 | Success 1000 = 0.990
I0502 16:50:36.243187 139579566835264 terminal.py:91] [Evaluator] Actor Episodes = 40727 | Actor Steps = 2036350 | Delta Dist = 10.703 | Delta Dist 10 = 11.884 | Delta Dist 100 = 11.615 | Delta Dist 1000 = 11.641 | Episode Length = 50 | Episode Return = 0.0 | Evaluator Episodes = 10322 | Evaluator Steps = 516100 | Final Dist = 2.103 | Final Dist 10 = 0.922 | Final Dist 100 = 1.191 | Final Dist 1000 = 1.165 | Init Dist = 12.806 | Init Dist 10 = 12.806 | Init Dist 100 = 12.806 | Init Dist 1000 = 12.806 | Learner Steps = 31666 | Learner Walltime = 6260.062 | Min Dist = 1.300 | Min Dist 10 = 0.239 | Min Dist 100 = 0.477 | Min Dist 1000 = 0.523 | Steps Per Second = 69.744 | Success = 0.000 | Success 1000 = 0.948
I0502 16:50:36.618726 139584504182336 lp_utils.py:96] StepsLimiter: Reached 2036650 recorded steps
I0502 16:50:37.443969 139579566835264 terminal.py:91] [Evaluator] Actor Episodes = 40735 | Actor Steps = 2036750 | Delta Dist = 12.184 | Delta Dist 10 = 11.751 | Delta Dist 100 = 11.602 | Delta Dist 1000 = 11.640 | Episode Length = 50 | Episode Return = 32.0 | Evaluator Episodes = 10324 | Evaluator Steps = 516200 | Final Dist = 0.622 | Final Dist 10 = 1.055 | Final Dist 100 = 1.204 | Final Dist 1000 = 1.166 | Init Dist = 12.806 | Init Dist 10 = 12.806 | Init Dist 100 = 12.806 | Init Dist 1000 = 12.806 | Learner Steps = 31671 | Learner Walltime = 6261.261 | Min Dist = 0.213 | Min Dist 10 = 0.384 | Min Dist 100 = 0.489 | Min Dist 1000 = 0.525 | Steps Per Second = 76.819 | Success = 1.000 | Success 1000 = 0.947
I0502 16:50:37.475571 139557462840896 terminal.py:91] [Actor] Actor Episodes = 40736 | Actor Steps = 2036800 | Delta Dist = 8.588 | Delta Dist 10 = 3.637 | Delta Dist 100 = 4.084 | Delta Dist 1000 = 4.194 | Episode Length = 50 | Episode Return = 43.0 | Evaluator Episodes = 10322 | Evaluator Steps = 516100 | Final Dist = 0.846 | Final Dist 10 = 1.246 | Final Dist 100 = 1.364 | Final Dist 1000 = 1.566 | Init Dist = 9.434 | Init Dist 10 = 4.883 | Init Dist 100 = 5.448 | Init Dist 1000 = 5.759 | Learner Steps = 31666 | Learner Walltime = 6260.062 | Min Dist = 0.108 | Min Dist 10 = 0.150 | Min Dist 100 = 0.149 | Min Dist 1000 = 0.221 | Steps Per Second = 72.443 | Success = 1.000 | Success 1000 = 0.990
I0502 16:50:38.776317 139579566835264 terminal.py:91] [Evaluator] Actor Episodes = 40743 | Actor Steps = 2037150 | Delta Dist = 12.694 | Delta Dist 10 = 11.801 | Delta Dist 100 = 11.614 | Delta Dist 1000 = 11.640 | Episode Length = 50 | Episode Return = 26.0 | Evaluator Episodes = 10326 | Evaluator Steps = 516300 | Final Dist = 0.112 | Final Dist 10 = 1.005 | Final Dist 100 = 1.192 | Final Dist 1000 = 1.166 | Init Dist = 12.806 | Init Dist 10 = 12.806 | Init Dist 100 = 12.806 | Init Dist 1000 = 12.806 | Learner Steps = 31676 | Learner Walltime = 6262.333 | Min Dist = 0.087 | Min Dist 10 = 0.393 | Min Dist 100 = 0.483 | Min Dist 1000 = 0.525 | Steps Per Second = 70.306 | Success = 1.000 | Success 1000 = 0.947
I0502 16:50:40.010343 139579566835264 terminal.py:91] [Evaluator] Actor Episodes = 40751 | Actor Steps = 2037550 | Delta Dist = 11.532 | Delta Dist 10 = 11.771 | Delta Dist 100 = 11.611 | Delta Dist 1000 = 11.641 | Episode Length = 50 | Episode Return = 6.0 | Evaluator Episodes = 10328 | Evaluator Steps = 516400 | Final Dist = 1.274 | Final Dist 10 = 1.035 | Final Dist 100 = 1.195 | Final Dist 1000 = 1.165 | Init Dist = 12.806 | Init Dist 10 = 12.806 | Init Dist 100 = 12.806 | Init Dist 1000 = 12.806 | Learner Steps = 31680 | Learner Walltime = 6263.366 | Min Dist = 0.276 | Min Dist 10 = 0.422 | Min Dist 100 = 0.482 | Min Dist 1000 = 0.525 | Steps Per Second = 86.823 | Success = 1.000 | Success 1000 = 0.946
I0502 16:50:41.108709 139555860620864 terminal.py:91] [Actor] Actor Episodes = 40758 | Actor Steps = 2037900 | Delta Dist = 6.683 | Delta Dist 10 = 5.129 | Delta Dist 100 = 4.112 | Delta Dist 1000 = 4.223 | Episode Length = 50 | Episode Return = 18.0 | Evaluator Episodes = 10328 | Evaluator Steps = 516400 | Final Dist = 1.379 | Final Dist 10 = 1.386 | Final Dist 100 = 1.183 | Final Dist 1000 = 1.547 | Init Dist = 8.062 | Init Dist 10 = 6.515 | Init Dist 100 = 5.296 | Init Dist 1000 = 5.769 | Learner Steps = 31687 | Learner Walltime = 6264.603 | Min Dist = 0.356 | Min Dist 10 = 0.081 | Min Dist 100 = 0.139 | Min Dist 1000 = 0.218 | Steps Per Second = 83.499 | Success = 1.000 | Success 1000 = 0.990
I0502 16:50:41.327760 139579566835264 terminal.py:91] [Evaluator] Actor Episodes = 40759 | Actor Steps = 2037950 | Delta Dist = 6.596 | Delta Dist 10 = 11.864 | Delta Dist 100 = 11.608 | Delta Dist 1000 = 11.641 | Episode Length = 50 | Episode Return = 0.0 | Evaluator Episodes = 10330 | Evaluator Steps = 516500 | Final Dist = 6.211 | Final Dist 10 = 0.942 | Final Dist 100 = 1.198 | Final Dist 1000 = 1.165 | Init Dist = 12.806 | Init Dist 10 = 12.806 | Init Dist 100 = 12.806 | Init Dist 1000 = 12.806 | Learner Steps = 31687 | Learner Walltime = 6264.603 | Min Dist = 5.192 | Min Dist 10 = 0.443 | Min Dist 100 = 0.484 | Min Dist 1000 = 0.525 | Steps Per Second = 75.736 | Success = 0.000 | Success 1000 = 0.946
I0502 16:50:42.582847 139579566835264 terminal.py:91] [Evaluator] Actor Episodes = 40767 | Actor Steps = 2038350 | Delta Dist = 12.187 | Delta Dist 10 = 11.286 | Delta Dist 100 = 11.560 | Delta Dist 1000 = 11.634 | Episode Length = 50 | Episode Return = 27.0 | Evaluator Episodes = 10332 | Evaluator Steps = 516600 | Final Dist = 0.619 | Final Dist 10 = 1.520 | Final Dist 100 = 1.247 | Final Dist 1000 = 1.172 | Init Dist = 12.806 | Init Dist 10 = 12.806 | Init Dist 100 = 12.806 | Init Dist 1000 = 12.806 | Learner Steps = 31693 | Learner Walltime = 6265.912 | Min Dist = 0.067 | Min Dist 10 = 0.967 | Min Dist 100 = 0.535 | Min Dist 1000 = 0.531 | Steps Per Second = 73.849 | Success = 1.000 | Success 1000 = 0.945
I0502 16:50:43.689212 139558059398720 terminal.py:91] [Actor] Actor Episodes = 40774 | Actor Steps = 2038700 | Delta Dist = 4.960 | Delta Dist 10 = 2.428 | Delta Dist 100 = 3.742 | Delta Dist 1000 = 4.162 | Episode Length = 50 | Episode Return = 47.0 | Evaluator Episodes = 10332 | Evaluator Steps = 516600 | Final Dist = 0.040 | Final Dist 10 = 2.710 | Final Dist 100 = 1.586 | Final Dist 1000 = 1.596 | Init Dist = 5.000 | Init Dist 10 = 5.138 | Init Dist 100 = 5.327 | Init Dist 1000 = 5.758 | Learner Steps = 31699 | Learner Walltime = 6266.944 | Min Dist = 0.040 | Min Dist 10 = 0.046 | Min Dist 100 = 0.141 | Min Dist 1000 = 0.219 | Steps Per Second = 74.611 | Success = 1.000 | Success 1000 = 0.990
I0502 16:50:43.837926 139579566835264 terminal.py:91] [Evaluator] Actor Episodes = 40775 | Actor Steps = 2038750 | Delta Dist = 11.511 | Delta Dist 10 = 11.428 | Delta Dist 100 = 11.567 | Delta Dist 1000 = 11.635 | Episode Length = 50 | Episode Return = 2.0 | Evaluator Episodes = 10334 | Evaluator Steps = 516700 | Final Dist = 1.295 | Final Dist 10 = 1.378 | Final Dist 100 = 1.239 | Final Dist 1000 = 1.171 | Init Dist = 12.806 | Init Dist 10 = 12.806 | Init Dist 100 = 12.806 | Init Dist 1000 = 12.806 | Learner Steps = 31703 | Learner Walltime = 6267.982 | Min Dist = 0.414 | Min Dist 10 = 0.799 | Min Dist 100 = 0.523 | Min Dist 1000 = 0.530 | Steps Per Second = 80.112 | Success = 1.000 | Success 1000 = 0.945
I0502 16:50:43.906805 139555013154368 terminal.py:91] [Learner] Actor Episodes = 40775 | Actor Loss = 3.824955463409424 | Actor Steps = 2038750 | Binary Accuracy = 0.9960446357727051 | Categorical Accuracy = 0.43603515625 | Critic Loss = 1.7397964000701904 | Entropy Mean = -21.92825698852539 | Evaluator Episodes = 10332 | Evaluator Steps = 516600 | Learner Steps = 31704 | Learner Walltime = 6268.105 | Logits Neg = -17.61306381225586 | Logits Pos = -1.724630355834961 | Logsumexp = 1.232280969619751 | Steps Per Second = 520.735
I0502 16:50:45.055140 139579566835264 terminal.py:91] [Evaluator] Actor Episodes = 40783 | Actor Steps = 2039150 | Delta Dist = 12.210 | Delta Dist 10 = 11.338 | Delta Dist 100 = 11.552 | Delta Dist 1000 = 11.635 | Episode Length = 50 | Episode Return = 19.0 | Evaluator Episodes = 10336 | Evaluator Steps = 516800 | Final Dist = 0.597 | Final Dist 10 = 1.469 | Final Dist 100 = 1.254 | Final Dist 1000 = 1.171 | Init Dist = 12.806 | Init Dist 10 = 12.806 | Init Dist 100 = 12.806 | Init Dist 1000 = 12.806 | Learner Steps = 31708 | Learner Walltime = 6269.202 | Min Dist = 0.159 | Min Dist 10 = 0.869 | Min Dist 100 = 0.534 | Min Dist 1000 = 0.531 | Steps Per Second = 85.840 | Success = 1.000 | Success 1000 = 0.945
I0502 16:50:45.569929 139569349502528 terminal.py:91] [Actor] Actor Episodes = 40787 | Actor Steps = 2039350 | Delta Dist = 3.531 | Delta Dist 10 = 1.811 | Delta Dist 100 = 3.360 | Delta Dist 1000 = 4.128 | Episode Length = 50 | Episode Return = 38.0 | Evaluator Episodes = 10336 | Evaluator Steps = 516800 | Final Dist = 7.099 | Final Dist 10 = 3.177 | Final Dist 100 = 1.838 | Final Dist 1000 = 1.621 | Init Dist = 10.630 | Init Dist 10 = 4.988 | Init Dist 100 = 5.198 | Init Dist 1000 = 5.749 | Learner Steps = 31708 | Learner Walltime = 6269.202 | Min Dist = 0.033 | Min Dist 10 = 0.442 | Min Dist 100 = 0.175 | Min Dist 1000 = 0.220 | Steps Per Second = 73.792 | Success = 1.000 | Success 1000 = 0.989
I0502 16:50:46.311527 139579566835264 terminal.py:91] [Evaluator] Actor Episodes = 40791 | Actor Steps = 2039550 | Delta Dist = 11.670 | Delta Dist 10 = 11.309 | Delta Dist 100 = 11.553 | Delta Dist 1000 = 11.635 | Episode Length = 50 | Episode Return = 20.0 | Evaluator Episodes = 10338 | Evaluator Steps = 516900 | Final Dist = 1.137 | Final Dist 10 = 1.497 | Final Dist 100 = 1.253 | Final Dist 1000 = 1.171 | Init Dist = 12.806 | Init Dist 10 = 12.806 | Init Dist 100 = 12.806 | Init Dist 1000 = 12.806 | Learner Steps = 31708 | Learner Walltime = 6269.202 | Min Dist = 0.031 | Min Dist 10 = 0.831 | Min Dist 100 = 0.535 | Min Dist 1000 = 0.531 | Steps Per Second = 85.293 | Success = 1.000 | Success 1000 = 0.945
I0502 16:50:46.638390 139584504182336 lp_utils.py:96] StepsLimiter: Reached 2039550 recorded steps
I0502 16:50:47.604407 139579566835264 terminal.py:91] [Evaluator] Actor Episodes = 40799 | Actor Steps = 2039950 | Delta Dist = 12.047 | Delta Dist 10 = 11.258 | Delta Dist 100 = 11.687 | Delta Dist 1000 = 11.634 | Episode Length = 50 | Episode Return = 33.0 | Evaluator Episodes = 10340 | Evaluator Steps = 517000 | Final Dist = 0.759 | Final Dist 10 = 1.549 | Final Dist 100 = 1.119 | Final Dist 1000 = 1.172 | Init Dist = 12.806 | Init Dist 10 = 12.806 | Init Dist 100 = 12.806 | Init Dist 1000 = 12.806 | Learner Steps = 31715 | Learner Walltime = 6270.537 | Min Dist = 0.451 | Min Dist 10 = 0.852 | Min Dist 100 = 0.408 | Min Dist 1000 = 0.532 | Steps Per Second = 78.128 | Success = 1.000 | Success 1000 = 0.945
I0502 16:50:47.716590 139557462840896 terminal.py:91] [Actor] Actor Episodes = 40800 | Actor Steps = 2040000 | Delta Dist = 5.183 | Delta Dist 10 = 2.990 | Delta Dist 100 = 3.277 | Delta Dist 1000 = 4.120 | Episode Length = 50 | Episode Return = 42.0 | Evaluator Episodes = 10338 | Evaluator Steps = 516900 | Final Dist = 0.202 | Final Dist 10 = 1.621 | Final Dist 100 = 1.867 | Final Dist 1000 = 1.620 | Init Dist = 5.385 | Init Dist 10 = 4.612 | Init Dist 100 = 5.144 | Init Dist 1000 = 5.741 | Learner Steps = 31715 | Learner Walltime = 6270.537 | Min Dist = 0.070 | Min Dist 10 = 0.275 | Min Dist 100 = 0.146 | Min Dist 1000 = 0.221 | Steps Per Second = 75.699 | Success = 1.000 | Success 1000 = 0.989
I0502 16:50:48.922971 139579566835264 terminal.py:91] [Evaluator] Actor Episodes = 40807 | Actor Steps = 2040350 | Delta Dist = 12.316 | Delta Dist 10 = 11.746 | Delta Dist 100 = 11.677 | Delta Dist 1000 = 11.634 | Episode Length = 50 | Episode Return = 14.0 | Evaluator Episodes = 10342 | Evaluator Steps = 517100 | Final Dist = 0.490 | Final Dist 10 = 1.061 | Final Dist 100 = 1.130 | Final Dist 1000 = 1.172 | Init Dist = 12.806 | Init Dist 10 = 12.806 | Init Dist 100 = 12.806 | Init Dist 1000 = 12.806 | Learner Steps = 31722 | Learner Walltime = 6271.806 | Min Dist = 0.385 | Min Dist 10 = 0.378 | Min Dist 100 = 0.417 | Min Dist 1000 = 0.532 | Steps Per Second = 75.504 | Success = 1.000 | Success 1000 = 0.945
I0502 16:50:50.124404 139579566835264 terminal.py:91] [Evaluator] Actor Episodes = 40815 | Actor Steps = 2040750 | Delta Dist = 12.020 | Delta Dist 10 = 11.784 | Delta Dist 100 = 11.683 | Delta Dist 1000 = 11.634 | Episode Length = 50 | Episode Return = 24.0 | Evaluator Episodes = 10344 | Evaluator Steps = 517200 | Final Dist = 0.786 | Final Dist 10 = 1.023 | Final Dist 100 = 1.123 | Final Dist 1000 = 1.172 | Init Dist = 12.806 | Init Dist 10 = 12.806 | Init Dist 100 = 12.806 | Init Dist 1000 = 12.806 | Learner Steps = 31728 | Learner Walltime = 6273.191 | Min Dist = 0.122 | Min Dist 10 = 0.420 | Min Dist 100 = 0.415 | Min Dist 1000 = 0.533 | Steps Per Second = 82.523 | Success = 1.000 | Success 1000 = 0.945
I0502 16:50:51.469890 139579566835264 terminal.py:91] [Evaluator] Actor Episodes = 40823 | Actor Steps = 2041150 | Delta Dist = 12.356 | Delta Dist 10 = 11.866 | Delta Dist 100 = 11.679 | Delta Dist 1000 = 11.633 | Episode Length = 50 | Episode Return = 18.0 | Evaluator Episodes = 10346 | Evaluator Steps = 517300 | Final Dist = 0.450 | Final Dist 10 = 0.940 | Final Dist 100 = 1.128 | Final Dist 1000 = 1.173 | Init Dist = 12.806 | Init Dist 10 = 12.806 | Init Dist 100 = 12.806 | Init Dist 1000 = 12.806 | Learner Steps = 31740 | Learner Walltime = 6275.525 | Min Dist = 0.185 | Min Dist 10 = 0.313 | Min Dist 100 = 0.417 | Min Dist 1000 = 0.533 | Steps Per Second = 81.862 | Success = 1.000 | Success 1000 = 0.945
I0502 16:50:51.618993 139555860620864 terminal.py:91] [Actor] Actor Episodes = 40822 | Actor Steps = 2041100 | Delta Dist = 5.739 | Delta Dist 10 = 4.511 | Delta Dist 100 = 3.444 | Delta Dist 1000 = 4.122 | Episode Length = 50 | Episode Return = 5.0 | Evaluator Episodes = 10344 | Evaluator Steps = 517200 | Final Dist = 0.664 | Final Dist 10 = 0.973 | Final Dist 100 = 1.940 | Final Dist 1000 = 1.626 | Init Dist = 6.403 | Init Dist 10 = 5.484 | Init Dist 100 = 5.384 | Init Dist 1000 = 5.747 | Learner Steps = 31734 | Learner Walltime = 6274.433 | Min Dist = 0.006 | Min Dist 10 = 0.152 | Min Dist 100 = 0.161 | Min Dist 1000 = 0.222 | Steps Per Second = 76.369 | Success = 1.000 | Success 1000 = 0.989
I0502 16:50:52.758891 139579566835264 terminal.py:91] [Evaluator] Actor Episodes = 40831 | Actor Steps = 2041550 | Delta Dist = 11.784 | Delta Dist 10 = 11.908 | Delta Dist 100 = 11.690 | Delta Dist 1000 = 11.634 | Episode Length = 50 | Episode Return = 20.0 | Evaluator Episodes = 10348 | Evaluator Steps = 517400 | Final Dist = 1.022 | Final Dist 10 = 0.898 | Final Dist 100 = 1.116 | Final Dist 1000 = 1.172 | Init Dist = 12.806 | Init Dist 10 = 12.806 | Init Dist 100 = 12.806 | Init Dist 1000 = 12.806 | Learner Steps = 31745 | Learner Walltime = 6276.597 | Min Dist = 0.271 | Min Dist 10 = 0.271 | Min Dist 100 = 0.415 | Min Dist 1000 = 0.532 | Steps Per Second = 75.886 | Success = 1.000 | Success 1000 = 0.945
I0502 16:50:53.864341 139558059398720 terminal.py:91] [Actor] Actor Episodes = 40834 | Actor Steps = 2041700 | Delta Dist = 4.130 | Delta Dist 10 = 3.392 | Delta Dist 100 = 3.393 | Delta Dist 1000 = 4.120 | Episode Length = 50 | Episode Return = 7.0 | Evaluator Episodes = 10348 | Evaluator Steps = 517400 | Final Dist = 1.255 | Final Dist 10 = 1.804 | Final Dist 100 = 2.050 | Final Dist 1000 = 1.627 | Init Dist = 5.385 | Init Dist 10 = 5.196 | Init Dist 100 = 5.443 | Init Dist 1000 = 5.747 | Learner Steps = 31745 | Learner Walltime = 6276.597 | Min Dist = 0.284 | Min Dist 10 = 0.043 | Min Dist 100 = 0.150 | Min Dist 1000 = 0.222 | Steps Per Second = 70.920 | Success = 1.000 | Success 1000 = 0.989
I0502 16:50:53.973146 139579566835264 terminal.py:91] [Evaluator] Actor Episodes = 40839 | Actor Steps = 2041950 | Delta Dist = 12.359 | Delta Dist 10 = 11.930 | Delta Dist 100 = 11.695 | Delta Dist 1000 = 11.634 | Episode Length = 50 | Episode Return = 26.0 | Evaluator Episodes = 10350 | Evaluator Steps = 517500 | Final Dist = 0.447 | Final Dist 10 = 0.876 | Final Dist 100 = 1.111 | Final Dist 1000 = 1.172 | Init Dist = 12.806 | Init Dist 10 = 12.806 | Init Dist 100 = 12.806 | Init Dist 1000 = 12.806 | Learner Steps = 31751 | Learner Walltime = 6277.938 | Min Dist = 0.312 | Min Dist 10 = 0.335 | Min Dist 100 = 0.423 | Min Dist 1000 = 0.533 | Steps Per Second = 76.477 | Success = 1.000 | Success 1000 = 0.945
I0502 16:50:54.005866 139555013154368 terminal.py:91] [Learner] Actor Episodes = 40839 | Actor Loss = 3.910332202911377 | Actor Steps = 2041950 | Binary Accuracy = 0.9960172176361084 | Categorical Accuracy = 0.40679931640625 | Critic Loss = 1.8355971574783325 | Entropy Mean = -19.889652252197266 | Evaluator Episodes = 10348 | Evaluator Steps = 517400 | Learner Steps = 31753 | Learner Walltime = 6278.203 | Logits Neg = -17.40612030029297 | Logits Pos = -1.8433408737182617 | Logsumexp = 1.1121909618377686 | Steps Per Second = 352.131
I0502 16:50:55.257082 139579566835264 terminal.py:91] [Evaluator] Actor Episodes = 40847 | Actor Steps = 2042350 | Delta Dist = 12.065 | Delta Dist 10 = 12.016 | Delta Dist 100 = 11.696 | Delta Dist 1000 = 11.634 | Episode Length = 50 | Episode Return = 26.0 | Evaluator Episodes = 10352 | Evaluator Steps = 517600 | Final Dist = 0.741 | Final Dist 10 = 0.791 | Final Dist 100 = 1.110 | Final Dist 1000 = 1.172 | Init Dist = 12.806 | Init Dist 10 = 12.806 | Init Dist 100 = 12.806 | Init Dist 1000 = 12.806 | Learner Steps = 31757 | Learner Walltime = 6279.073 | Min Dist = 0.360 | Min Dist 10 = 0.277 | Min Dist 100 = 0.423 | Min Dist 1000 = 0.533 | Steps Per Second = 79.925 | Success = 1.000 | Success 1000 = 0.945
I0502 16:50:56.074731 139569349502528 terminal.py:91] [Actor] Actor Episodes = 40851 | Actor Steps = 2042550 | Delta Dist = 2.241 | Delta Dist 10 = 3.571 | Delta Dist 100 = 3.360 | Delta Dist 1000 = 4.122 | Episode Length = 50 | Episode Return = 22.0 | Evaluator Episodes = 10352 | Evaluator Steps = 517600 | Final Dist = 0.588 | Final Dist 10 = 1.595 | Final Dist 100 = 2.075 | Final Dist 1000 = 1.635 | Init Dist = 2.828 | Init Dist 10 = 5.167 | Init Dist 100 = 5.435 | Init Dist 1000 = 5.756 | Learner Steps = 31761 | Learner Walltime = 6280.114 | Min Dist = 0.042 | Min Dist 10 = 0.611 | Min Dist 100 = 0.211 | Min Dist 1000 = 0.228 | Steps Per Second = 74.818 | Success = 1.000 | Success 1000 = 0.989
I0502 16:50:56.565365 139579566835264 terminal.py:91] [Evaluator] Actor Episodes = 40855 | Actor Steps = 2042750 | Delta Dist = 12.628 | Delta Dist 10 = 11.642 | Delta Dist 100 = 11.660 | Delta Dist 1000 = 11.631 | Episode Length = 50 | Episode Return = 36.0 | Evaluator Episodes = 10354 | Evaluator Steps = 517700 | Final Dist = 0.179 | Final Dist 10 = 1.164 | Final Dist 100 = 1.146 | Final Dist 1000 = 1.175 | Init Dist = 12.806 | Init Dist 10 = 12.806 | Init Dist 100 = 12.806 | Init Dist 1000 = 12.806 | Learner Steps = 31761 | Learner Walltime = 6280.114 | Min Dist = 0.167 | Min Dist 10 = 0.681 | Min Dist 100 = 0.463 | Min Dist 1000 = 0.537 | Steps Per Second = 77.542 | Success = 1.000 | Success 1000 = 0.944
I0502 16:50:56.657438 139584504182336 lp_utils.py:96] StepsLimiter: Reached 2042750 recorded steps
I0502 16:50:57.809467 139579566835264 terminal.py:91] [Evaluator] Actor Episodes = 40863 | Actor Steps = 2043150 | Delta Dist = 12.087 | Delta Dist 10 = 11.665 | Delta Dist 100 = 11.658 | Delta Dist 1000 = 11.631 | Episode Length = 50 | Episode Return = 9.0 | Evaluator Episodes = 10356 | Evaluator Steps = 517800 | Final Dist = 0.719 | Final Dist 10 = 1.142 | Final Dist 100 = 1.148 | Final Dist 1000 = 1.175 | Init Dist = 12.806 | Init Dist 10 = 12.806 | Init Dist 100 = 12.806 | Init Dist 1000 = 12.806 | Learner Steps = 31767 | Learner Walltime = 6281.337 | Min Dist = 0.293 | Min Dist 10 = 0.728 | Min Dist 100 = 0.463 | Min Dist 1000 = 0.537 | Steps Per Second = 77.749 | Success = 1.000 | Success 1000 = 0.944
I0502 16:50:58.152592 139557462840896 terminal.py:91] [Actor] Actor Episodes = 40862 | Actor Steps = 2043100 | Delta Dist = 5.040 | Delta Dist 10 = 3.993 | Delta Dist 100 = 3.386 | Delta Dist 1000 = 4.098 | Episode Length = 50 | Episode Return = 49.0 | Evaluator Episodes = 10354 | Evaluator Steps = 517700 | Final Dist = 0.617 | Final Dist 10 = 0.780 | Final Dist 100 = 1.921 | Final Dist 1000 = 1.634 | Init Dist = 5.657 | Init Dist 10 = 4.773 | Init Dist 100 = 5.307 | Init Dist 1000 = 5.732 | Learner Steps = 31767 | Learner Walltime = 6281.337 | Min Dist = 0.030 | Min Dist 10 = 0.065 | Min Dist 100 = 0.206 | Min Dist 1000 = 0.227 | Steps Per Second = 79.260 | Success = 1.000 | Success 1000 = 0.989
I0502 16:50:59.049379 139579566835264 terminal.py:91] [Evaluator] Actor Episodes = 40871 | Actor Steps = 2043550 | Delta Dist = 12.176 | Delta Dist 10 = 11.593 | Delta Dist 100 = 11.646 | Delta Dist 1000 = 11.631 | Episode Length = 50 | Episode Return = 27.0 | Evaluator Episodes = 10358 | Evaluator Steps = 517900 | Final Dist = 0.630 | Final Dist 10 = 1.213 | Final Dist 100 = 1.160 | Final Dist 1000 = 1.176 | Init Dist = 12.806 | Init Dist 10 = 12.806 | Init Dist 100 = 12.806 | Init Dist 1000 = 12.806 | Learner Steps = 31772 | Learner Walltime = 6282.429 | Min Dist = 0.468 | Min Dist 10 = 0.778 | Min Dist 100 = 0.466 | Min Dist 1000 = 0.537 | Steps Per Second = 77.623 | Success = 1.000 | Success 1000 = 0.944
I0502 16:51:00.286820 139579566835264 terminal.py:91] [Evaluator] Actor Episodes = 40879 | Actor Steps = 2043950 | Delta Dist = 10.936 | Delta Dist 10 = 11.684 | Delta Dist 100 = 11.658 | Delta Dist 1000 = 11.631 | Episode Length = 50 | Episode Return = 4.0 | Evaluator Episodes = 10360 | Evaluator Steps = 518000 | Final Dist = 1.870 | Final Dist 10 = 1.123 | Final Dist 100 = 1.148 | Final Dist 1000 = 1.175 | Init Dist = 12.806 | Init Dist 10 = 12.806 | Init Dist 100 = 12.806 | Init Dist 1000 = 12.806 | Learner Steps = 31778 | Learner Walltime = 6283.704 | Min Dist = 0.340 | Min Dist 10 = 0.729 | Min Dist 100 = 0.470 | Min Dist 1000 = 0.538 | Steps Per Second = 88.484 | Success = 1.000 | Success 1000 = 0.944
I0502 16:51:01.722499 139579566835264 terminal.py:91] [Evaluator] Actor Episodes = 40887 | Actor Steps = 2044350 | Delta Dist = 12.644 | Delta Dist 10 = 11.521 | Delta Dist 100 = 11.646 | Delta Dist 1000 = 11.629 | Episode Length = 50 | Episode Return = 8.0 | Evaluator Episodes = 10362 | Evaluator Steps = 518100 | Final Dist = 0.162 | Final Dist 10 = 1.285 | Final Dist 100 = 1.160 | Final Dist 1000 = 1.178 | Init Dist = 12.806 | Init Dist 10 = 12.806 | Init Dist 100 = 12.806 | Init Dist 1000 = 12.806 | Learner Steps = 31785 | Learner Walltime = 6285.052 | Min Dist = 0.080 | Min Dist 10 = 0.732 | Min Dist 100 = 0.472 | Min Dist 1000 = 0.538 | Steps Per Second = 68.765 | Success = 1.000 | Success 1000 = 0.944
I0502 16:51:02.122507 139555860620864 terminal.py:91] [Actor] Actor Episodes = 40884 | Actor Steps = 2044200 | Delta Dist = 5.808 | Delta Dist 10 = 1.989 | Delta Dist 100 = 3.682 | Delta Dist 1000 = 4.093 | Episode Length = 50 | Episode Return = 50.0 | Evaluator Episodes = 10360 | Evaluator Steps = 518000 | Final Dist = 0.275 | Final Dist 10 = 2.724 | Final Dist 100 = 1.669 | Final Dist 1000 = 1.634 | Init Dist = 6.083 | Init Dist 10 = 4.713 | Init Dist 100 = 5.351 | Init Dist 1000 = 5.727 | Learner Steps = 31785 | Learner Walltime = 6285.052 | Min Dist = 0.030 | Min Dist 10 = 0.154 | Min Dist 100 = 0.213 | Min Dist 1000 = 0.215 | Steps Per Second = 71.400 | Success = 1.000 | Success 1000 = 0.989
I0502 16:51:02.961264 139579566835264 terminal.py:91] [Evaluator] Actor Episodes = 40895 | Actor Steps = 2044750 | Delta Dist = 12.425 | Delta Dist 10 = 11.958 | Delta Dist 100 = 11.652 | Delta Dist 1000 = 11.630 | Episode Length = 50 | Episode Return = 25.0 | Evaluator Episodes = 10364 | Evaluator Steps = 518200 | Final Dist = 0.381 | Final Dist 10 = 0.848 | Final Dist 100 = 1.154 | Final Dist 1000 = 1.176 | Init Dist = 12.806 | Init Dist 10 = 12.806 | Init Dist 100 = 12.806 | Init Dist 1000 = 12.806 | Learner Steps = 31790 | Learner Walltime = 6286.326 | Min Dist = 0.053 | Min Dist 10 = 0.289 | Min Dist 100 = 0.470 | Min Dist 1000 = 0.537 | Steps Per Second = 78.224 | Success = 1.000 | Success 1000 = 0.944
I0502 16:51:04.293404 139555013154368 terminal.py:91] [Learner] Actor Episodes = 40903 | Actor Loss = 3.620393753051758 | Actor Steps = 2045150 | Binary Accuracy = 0.9960057735443115 | Categorical Accuracy = 0.41741943359375 | Critic Loss = 1.8035433292388916 | Entropy Mean = -21.327747344970703 | Evaluator Episodes = 10364 | Evaluator Steps = 518200 | Learner Steps = 31801 | Learner Walltime = 6288.487 | Logits Neg = -17.152027130126953 | Logits Pos = -1.775390386581421 | Logsumexp = 1.1730496883392334 | Steps Per Second = 202.772
I0502 16:51:04.437136 139579566835264 terminal.py:91] [Evaluator] Actor Episodes = 40903 | Actor Steps = 2045150 | Delta Dist = 11.273 | Delta Dist 10 = 11.972 | Delta Dist 100 = 11.665 | Delta Dist 1000 = 11.629 | Episode Length = 50 | Episode Return = 9.0 | Evaluator Episodes = 10366 | Evaluator Steps = 518300 | Final Dist = 1.533 | Final Dist 10 = 0.834 | Final Dist 100 = 1.142 | Final Dist 1000 = 1.177 | Init Dist = 12.806 | Init Dist 10 = 12.806 | Init Dist 100 = 12.806 | Init Dist 1000 = 12.806 | Learner Steps = 31801 | Learner Walltime = 6288.487 | Min Dist = 0.259 | Min Dist 10 = 0.247 | Min Dist 100 = 0.470 | Min Dist 1000 = 0.538 | Steps Per Second = 73.171 | Success = 1.000 | Success 1000 = 0.944
I0502 16:51:04.507795 139558059398720 terminal.py:91] [Actor] Actor Episodes = 40898 | Actor Steps = 2044900 | Delta Dist = 1.772 | Delta Dist 10 = 1.229 | Delta Dist 100 = 3.463 | Delta Dist 1000 = 4.072 | Episode Length = 50 | Episode Return = 42.0 | Evaluator Episodes = 10364 | Evaluator Steps = 518200 | Final Dist = 0.464 | Final Dist 10 = 3.267 | Final Dist 100 = 1.830 | Final Dist 1000 = 1.635 | Init Dist = 2.236 | Init Dist 10 = 4.497 | Init Dist 100 = 5.293 | Init Dist 1000 = 5.707 | Learner Steps = 31796 | Learner Walltime = 6287.363 | Min Dist = 0.045 | Min Dist 10 = 0.129 | Min Dist 100 = 0.196 | Min Dist 1000 = 0.215 | Steps Per Second = 75.484 | Success = 1.000 | Success 1000 = 0.989
I0502 16:51:05.858885 139579566835264 terminal.py:91] [Evaluator] Actor Episodes = 40911 | Actor Steps = 2045550 | Delta Dist = 11.793 | Delta Dist 10 = 11.873 | Delta Dist 100 = 11.653 | Delta Dist 1000 = 11.629 | Episode Length = 50 | Episode Return = 7.0 | Evaluator Episodes = 10368 | Evaluator Steps = 518400 | Final Dist = 1.013 | Final Dist 10 = 0.934 | Final Dist 100 = 1.153 | Final Dist 1000 = 1.178 | Init Dist = 12.806 | Init Dist 10 = 12.806 | Init Dist 100 = 12.806 | Init Dist 1000 = 12.806 | Learner Steps = 31805 | Learner Walltime = 6289.524 | Min Dist = 0.033 | Min Dist 10 = 0.225 | Min Dist 100 = 0.472 | Min Dist 1000 = 0.537 | Steps Per Second = 67.717 | Success = 1.000 | Success 1000 = 0.944
I0502 16:51:06.203743 139569349502528 terminal.py:91] [Actor] Actor Episodes = 40912 | Actor Steps = 2045600 | Delta Dist = 3.834 | Delta Dist 10 = 4.141 | Delta Dist 100 = 3.447 | Delta Dist 1000 = 4.059 | Episode Length = 50 | Episode Return = 15.0 | Evaluator Episodes = 10366 | Evaluator Steps = 518300 | Final Dist = 0.289 | Final Dist 10 = 1.971 | Final Dist 100 = 1.867 | Final Dist 1000 = 1.648 | Init Dist = 4.123 | Init Dist 10 = 6.112 | Init Dist 100 = 5.314 | Init Dist 1000 = 5.707 | Learner Steps = 31805 | Learner Walltime = 6289.524 | Min Dist = 0.169 | Min Dist 10 = 0.787 | Min Dist 100 = 0.266 | Min Dist 1000 = 0.222 | Steps Per Second = 79.270 | Success = 1.000 | Success 1000 = 0.989
I0502 16:51:06.681313 139584504182336 lp_utils.py:96] StepsLimiter: Reached 2045650 recorded steps
I0502 16:51:07.199116 139579566835264 terminal.py:91] [Evaluator] Actor Episodes = 40919 | Actor Steps = 2045950 | Delta Dist = 11.476 | Delta Dist 10 = 11.782 | Delta Dist 100 = 11.662 | Delta Dist 1000 = 11.628 | Episode Length = 50 | Episode Return = 25.0 | Evaluator Episodes = 10370 | Evaluator Steps = 518500 | Final Dist = 1.331 | Final Dist 10 = 1.024 | Final Dist 100 = 1.144 | Final Dist 1000 = 1.178 | Init Dist = 12.806 | Init Dist 10 = 12.806 | Init Dist 100 = 12.806 | Init Dist 1000 = 12.806 | Learner Steps = 31811 | Learner Walltime = 6290.577 | Min Dist = 0.086 | Min Dist 10 = 0.176 | Min Dist 100 = 0.468 | Min Dist 1000 = 0.536 | Steps Per Second = 69.307 | Success = 1.000 | Success 1000 = 0.944
I0502 16:51:08.184709 139557462840896 terminal.py:91] [Actor] Actor Episodes = 40925 | Actor Steps = 2046250 | Delta Dist = 9.203 | Delta Dist 10 = 3.130 | Delta Dist 100 = 3.267 | Delta Dist 1000 = 4.026 | Episode Length = 50 | Episode Return = 27.0 | Evaluator Episodes = 10370 | Evaluator Steps = 518500 | Final Dist = 0.847 | Final Dist 10 = 0.801 | Final Dist 100 = 1.792 | Final Dist 1000 = 1.641 | Init Dist = 10.050 | Init Dist 10 = 3.931 | Init Dist 100 = 5.059 | Init Dist 1000 = 5.668 | Learner Steps = 31815 | Learner Walltime = 6291.611 | Min Dist = 0.168 | Min Dist 10 = 0.229 | Min Dist 100 = 0.271 | Min Dist 1000 = 0.223 | Steps Per Second = 77.141 | Success = 1.000 | Success 1000 = 0.989
I0502 16:51:08.522585 139579566835264 terminal.py:91] [Evaluator] Actor Episodes = 40927 | Actor Steps = 2046350 | Delta Dist = 12.365 | Delta Dist 10 = 11.911 | Delta Dist 100 = 11.661 | Delta Dist 1000 = 11.628 | Episode Length = 50 | Episode Return = 18.0 | Evaluator Episodes = 10372 | Evaluator Steps = 518600 | Final Dist = 0.441 | Final Dist 10 = 0.896 | Final Dist 100 = 1.146 | Final Dist 1000 = 1.178 | Init Dist = 12.806 | Init Dist 10 = 12.806 | Init Dist 100 = 12.806 | Init Dist 1000 = 12.806 | Learner Steps = 31821 | Learner Walltime = 6292.650 | Min Dist = 0.122 | Min Dist 10 = 0.178 | Min Dist 100 = 0.470 | Min Dist 1000 = 0.536 | Steps Per Second = 77.561 | Success = 1.000 | Success 1000 = 0.944
I0502 16:51:09.812978 139579566835264 terminal.py:91] [Evaluator] Actor Episodes = 40935 | Actor Steps = 2046750 | Delta Dist = 11.462 | Delta Dist 10 = 11.824 | Delta Dist 100 = 11.674 | Delta Dist 1000 = 11.629 | Episode Length = 50 | Episode Return = 2.0 | Evaluator Episodes = 10374 | Evaluator Steps = 518700 | Final Dist = 1.344 | Final Dist 10 = 0.983 | Final Dist 100 = 1.133 | Final Dist 1000 = 1.177 | Init Dist = 12.806 | Init Dist 10 = 12.806 | Init Dist 100 = 12.806 | Init Dist 1000 = 12.806 | Learner Steps = 31825 | Learner Walltime = 6293.715 | Min Dist = 0.855 | Min Dist 10 = 0.188 | Min Dist 100 = 0.465 | Min Dist 1000 = 0.536 | Steps Per Second = 73.786 | Success = 1.000 | Success 1000 = 0.944
I0502 16:51:11.142436 139579566835264 terminal.py:91] [Evaluator] Actor Episodes = 40943 | Actor Steps = 2047150 | Delta Dist = 11.675 | Delta Dist 10 = 11.777 | Delta Dist 100 = 11.672 | Delta Dist 1000 = 11.630 | Episode Length = 50 | Episode Return = 3.0 | Evaluator Episodes = 10376 | Evaluator Steps = 518800 | Final Dist = 1.131 | Final Dist 10 = 1.030 | Final Dist 100 = 1.135 | Final Dist 1000 = 1.177 | Init Dist = 12.806 | Init Dist 10 = 12.806 | Init Dist 100 = 12.806 | Init Dist 1000 = 12.806 | Learner Steps = 31830 | Learner Walltime = 6295.003 | Min Dist = 0.252 | Min Dist 10 = 0.260 | Min Dist 100 = 0.473 | Min Dist 1000 = 0.537 | Steps Per Second = 80.571 | Success = 1.000 | Success 1000 = 0.944
I0502 16:51:12.400930 139555860620864 terminal.py:91] [Actor] Actor Episodes = 40951 | Actor Steps = 2047550 | Delta Dist = 4.853 | Delta Dist 10 = 1.777 | Delta Dist 100 = 3.122 | Delta Dist 1000 = 3.991 | Episode Length = 50 | Episode Return = 24.0 | Evaluator Episodes = 10376 | Evaluator Steps = 518800 | Final Dist = 0.246 | Final Dist 10 = 2.908 | Final Dist 100 = 1.815 | Final Dist 1000 = 1.660 | Init Dist = 5.099 | Init Dist 10 = 4.685 | Init Dist 100 = 4.938 | Init Dist 1000 = 5.651 | Learner Steps = 31836 | Learner Walltime = 6296.445 | Min Dist = 0.046 | Min Dist 10 = 0.134 | Min Dist 100 = 0.227 | Min Dist 1000 = 0.223 | Steps Per Second = 73.778 | Success = 1.000 | Success 1000 = 0.989
I0502 16:51:12.588831 139579566835264 terminal.py:91] [Evaluator] Actor Episodes = 40951 | Actor Steps = 2047550 | Delta Dist = 11.578 | Delta Dist 10 = 11.818 | Delta Dist 100 = 11.672 | Delta Dist 1000 = 11.629 | Episode Length = 50 | Episode Return = 2.0 | Evaluator Episodes = 10378 | Evaluator Steps = 518900 | Final Dist = 1.228 | Final Dist 10 = 0.988 | Final Dist 100 = 1.134 | Final Dist 1000 = 1.177 | Init Dist = 12.806 | Init Dist 10 = 12.806 | Init Dist 100 = 12.806 | Init Dist 1000 = 12.806 | Learner Steps = 31836 | Learner Walltime = 6296.445 | Min Dist = 0.450 | Min Dist 10 = 0.252 | Min Dist 100 = 0.475 | Min Dist 1000 = 0.537 | Steps Per Second = 70.463 | Success = 1.000 | Success 1000 = 0.944
I0502 16:51:13.961667 139579566835264 terminal.py:91] [Evaluator] Actor Episodes = 40959 | Actor Steps = 2047950 | Delta Dist = 11.798 | Delta Dist 10 = 11.766 | Delta Dist 100 = 11.667 | Delta Dist 1000 = 11.629 | Episode Length = 50 | Episode Return = 13.0 | Evaluator Episodes = 10380 | Evaluator Steps = 519000 | Final Dist = 1.008 | Final Dist 10 = 1.040 | Final Dist 100 = 1.139 | Final Dist 1000 = 1.178 | Init Dist = 12.806 | Init Dist 10 = 12.806 | Init Dist 100 = 12.806 | Init Dist 1000 = 12.806 | Learner Steps = 31843 | Learner Walltime = 6297.837 | Min Dist = 0.458 | Min Dist 10 = 0.285 | Min Dist 100 = 0.478 | Min Dist 1000 = 0.537 | Steps Per Second = 70.824 | Success = 1.000 | Success 1000 = 0.944
I0502 16:51:14.421159 139555013154368 terminal.py:91] [Learner] Actor Episodes = 40955 | Actor Loss = 3.614396572113037 | Actor Steps = 2047750 | Binary Accuracy = 0.995978593826294 | Categorical Accuracy = 0.39581298828125 | Critic Loss = 1.8559691905975342 | Entropy Mean = -22.679256439208984 | Evaluator Episodes = 10378 | Evaluator Steps = 518900 | Learner Steps = 31847 | Learner Walltime = 6298.617 | Logits Neg = -17.104522705078125 | Logits Pos = -1.7902474403381348 | Logsumexp = 1.1072168350219727 | Steps Per Second = 138.680
I0502 16:51:14.659600 139558059398720 terminal.py:91] [Actor] Actor Episodes = 40961 | Actor Steps = 2048050 | Delta Dist = 1.162 | Delta Dist 10 = 4.046 | Delta Dist 100 = 3.291 | Delta Dist 1000 = 4.002 | Episode Length = 50 | Episode Return = 0.0 | Evaluator Episodes = 10380 | Evaluator Steps = 519000 | Final Dist = 6.049 | Final Dist 10 = 1.781 | Final Dist 100 = 1.839 | Final Dist 1000 = 1.659 | Init Dist = 7.211 | Init Dist 10 = 5.828 | Init Dist 100 = 5.129 | Init Dist 1000 = 5.661 | Learner Steps = 31843 | Learner Walltime = 6297.837 | Min Dist = 0.048 | Min Dist 10 = 0.070 | Min Dist 100 = 0.227 | Min Dist 1000 = 0.222 | Steps Per Second = 88.224 | Success = 1.000 | Success 1000 = 0.989
I0502 16:51:15.210598 139579566835264 terminal.py:91] [Evaluator] Actor Episodes = 40965 | Actor Steps = 2048250 | Delta Dist = 11.744 | Delta Dist 10 = 11.707 | Delta Dist 100 = 11.668 | Delta Dist 1000 = 11.627 | Episode Length = 50 | Episode Return = 13.0 | Evaluator Episodes = 10382 | Evaluator Steps = 519100 | Final Dist = 1.062 | Final Dist 10 = 1.099 | Final Dist 100 = 1.138 | Final Dist 1000 = 1.179 | Init Dist = 12.806 | Init Dist 10 = 12.806 | Init Dist 100 = 12.806 | Init Dist 1000 = 12.806 | Learner Steps = 31849 | Learner Walltime = 6298.865 | Min Dist = 0.500 | Min Dist 10 = 0.338 | Min Dist 100 = 0.487 | Min Dist 1000 = 0.538 | Steps Per Second = 84.217 | Success = 1.000 | Success 1000 = 0.944
I0502 16:51:16.305976 139569349502528 terminal.py:91] [Actor] Actor Episodes = 40971 | Actor Steps = 2048550 | Delta Dist = 4.358 | Delta Dist 10 = 4.369 | Delta Dist 100 = 3.309 | Delta Dist 1000 = 4.002 | Episode Length = 50 | Episode Return = 11.0 | Evaluator Episodes = 10382 | Evaluator Steps = 519100 | Final Dist = 1.028 | Final Dist 10 = 0.704 | Final Dist 100 = 1.732 | Final Dist 1000 = 1.655 | Init Dist = 5.385 | Init Dist 10 = 5.073 | Init Dist 100 = 5.041 | Init Dist 1000 = 5.658 | Learner Steps = 31854 | Learner Walltime = 6300.000 | Min Dist = 0.038 | Min Dist 10 = 0.264 | Min Dist 100 = 0.246 | Min Dist 1000 = 0.224 | Steps Per Second = 74.926 | Success = 1.000 | Success 1000 = 0.988
I0502 16:51:16.538070 139579566835264 terminal.py:91] [Evaluator] Actor Episodes = 40973 | Actor Steps = 2048650 | Delta Dist = 10.531 | Delta Dist 10 = 11.531 | Delta Dist 100 = 11.650 | Delta Dist 1000 = 11.626 | Episode Length = 50 | Episode Return = 15.0 | Evaluator Episodes = 10384 | Evaluator Steps = 519200 | Final Dist = 2.275 | Final Dist 10 = 1.275 | Final Dist 100 = 1.156 | Final Dist 1000 = 1.180 | Init Dist = 12.806 | Init Dist 10 = 12.806 | Init Dist 100 = 12.806 | Init Dist 1000 = 12.806 | Learner Steps = 31854 | Learner Walltime = 6300.000 | Min Dist = 0.314 | Min Dist 10 = 0.387 | Min Dist 100 = 0.492 | Min Dist 1000 = 0.538 | Steps Per Second = 71.824 | Success = 1.000 | Success 1000 = 0.944
I0502 16:51:16.704421 139584504182336 lp_utils.py:96] StepsLimiter: Reached 2048750 recorded steps
I0502 16:51:17.879564 139579566835264 terminal.py:91] [Evaluator] Actor Episodes = 40981 | Actor Steps = 2049050 | Delta Dist = 11.860 | Delta Dist 10 = 11.367 | Delta Dist 100 = 11.630 | Delta Dist 1000 = 11.624 | Episode Length = 50 | Episode Return = 14.0 | Evaluator Episodes = 10386 | Evaluator Steps = 519300 | Final Dist = 0.946 | Final Dist 10 = 1.439 | Final Dist 100 = 1.176 | Final Dist 1000 = 1.182 | Init Dist = 12.806 | Init Dist 10 = 12.806 | Init Dist 100 = 12.806 | Init Dist 1000 = 12.806 | Learner Steps = 31859 | Learner Walltime = 6301.320 | Min Dist = 0.390 | Min Dist 10 = 0.337 | Min Dist 100 = 0.490 | Min Dist 1000 = 0.539 | Steps Per Second = 77.138 | Success = 1.000 | Success 1000 = 0.944
I0502 16:51:18.100189 139584635659840 savers.py:156] Saving checkpoint: logs/contrastive_cpc_point_FourRooms_64/5dd72662-2788-11f0-b183-d85ed38c5779/checkpoints/counter
I0502 16:51:18.266760 139557462840896 terminal.py:91] [Actor] Actor Episodes = 40980 | Actor Steps = 2049000 | Delta Dist = 1.433 | Delta Dist 10 = 3.633 | Delta Dist 100 = 3.283 | Delta Dist 1000 = 3.994 | Episode Length = 50 | Episode Return = 30.0 | Evaluator Episodes = 10384 | Evaluator Steps = 519200 | Final Dist = 1.567 | Final Dist 10 = 1.300 | Final Dist 100 = 1.719 | Final Dist 1000 = 1.655 | Init Dist = 3.000 | Init Dist 10 = 4.933 | Init Dist 100 = 5.002 | Init Dist 1000 = 5.648 | Learner Steps = 31859 | Learner Walltime = 6301.320 | Min Dist = 0.017 | Min Dist 10 = 0.107 | Min Dist 100 = 0.208 | Min Dist 1000 = 0.218 | Steps Per Second = 82.731 | Success = 1.000 | Success 1000 = 0.988
I0502 16:51:19.170411 139579566835264 terminal.py:91] [Evaluator] Actor Episodes = 40989 | Actor Steps = 2049450 | Delta Dist = 11.584 | Delta Dist 10 = 11.472 | Delta Dist 100 = 11.635 | Delta Dist 1000 = 11.624 | Episode Length = 50 | Episode Return = 10.0 | Evaluator Episodes = 10388 | Evaluator Steps = 519400 | Final Dist = 1.222 | Final Dist 10 = 1.335 | Final Dist 100 = 1.171 | Final Dist 1000 = 1.182 | Init Dist = 12.806 | Init Dist 10 = 12.806 | Init Dist 100 = 12.806 | Init Dist 1000 = 12.806 | Learner Steps = 31865 | Learner Walltime = 6302.569 | Min Dist = 0.049 | Min Dist 10 = 0.372 | Min Dist 100 = 0.495 | Min Dist 1000 = 0.539 | Steps Per Second = 75.877 | Success = 1.000 | Success 1000 = 0.944
I0502 16:51:20.494407 139579566835264 terminal.py:91] [Evaluator] Actor Episodes = 40997 | Actor Steps = 2049850 | Delta Dist = 11.623 | Delta Dist 10 = 11.435 | Delta Dist 100 = 11.687 | Delta Dist 1000 = 11.622 | Episode Length = 50 | Episode Return = 8.0 | Evaluator Episodes = 10390 | Evaluator Steps = 519500 | Final Dist = 1.184 | Final Dist 10 = 1.371 | Final Dist 100 = 1.120 | Final Dist 1000 = 1.184 | Init Dist = 12.806 | Init Dist 10 = 12.806 | Init Dist 100 = 12.806 | Init Dist 1000 = 12.806 | Learner Steps = 31872 | Learner Walltime = 6303.974 | Min Dist = 0.288 | Min Dist 10 = 0.341 | Min Dist 100 = 0.428 | Min Dist 1000 = 0.539 | Steps Per Second = 76.848 | Success = 1.000 | Success 1000 = 0.944
I0502 16:51:21.713419 139579566835264 terminal.py:91] [Evaluator] Actor Episodes = 41003 | Actor Steps = 2050150 | Delta Dist = 11.436 | Delta Dist 10 = 11.512 | Delta Dist 100 = 11.692 | Delta Dist 1000 = 11.622 | Episode Length = 50 | Episode Return = 31.0 | Evaluator Episodes = 10392 | Evaluator Steps = 519600 | Final Dist = 1.370 | Final Dist 10 = 1.294 | Final Dist 100 = 1.114 | Final Dist 1000 = 1.184 | Init Dist = 12.806 | Init Dist 10 = 12.806 | Init Dist 100 = 12.806 | Init Dist 1000 = 12.806 | Learner Steps = 31878 | Learner Walltime = 6305.336 | Min Dist = 0.118 | Min Dist 10 = 0.323 | Min Dist 100 = 0.432 | Min Dist 1000 = 0.540 | Steps Per Second = 80.923 | Success = 1.000 | Success 1000 = 0.944
I0502 16:51:22.459021 139555860620864 terminal.py:91] [Actor] Actor Episodes = 41006 | Actor Steps = 2050300 | Delta Dist = 7.939 | Delta Dist 10 = 4.959 | Delta Dist 100 = 3.647 | Delta Dist 1000 = 4.001 | Episode Length = 50 | Episode Return = 17.0 | Evaluator Episodes = 10392 | Evaluator Steps = 519600 | Final Dist = 1.061 | Final Dist 10 = 1.336 | Final Dist 100 = 1.444 | Final Dist 1000 = 1.639 | Init Dist = 9.000 | Init Dist 10 = 6.295 | Init Dist 100 = 5.091 | Init Dist 1000 = 5.639 | Learner Steps = 31878 | Learner Walltime = 6305.336 | Min Dist = 0.151 | Min Dist 10 = 0.248 | Min Dist 100 = 0.142 | Min Dist 1000 = 0.218 | Steps Per Second = 76.947 | Success = 1.000 | Success 1000 = 0.987
I0502 16:51:22.945261 139579566835264 terminal.py:91] [Evaluator] Actor Episodes = 41011 | Actor Steps = 2050550 | Delta Dist = 11.126 | Delta Dist 10 = 11.566 | Delta Dist 100 = 11.693 | Delta Dist 1000 = 11.621 | Episode Length = 50 | Episode Return = 15.0 | Evaluator Episodes = 10394 | Evaluator Steps = 519700 | Final Dist = 1.680 | Final Dist 10 = 1.240 | Final Dist 100 = 1.113 | Final Dist 1000 = 1.185 | Init Dist = 12.806 | Init Dist 10 = 12.806 | Init Dist 100 = 12.806 | Init Dist 1000 = 12.806 | Learner Steps = 31885 | Learner Walltime = 6306.627 | Min Dist = 0.190 | Min Dist 10 = 0.337 | Min Dist 100 = 0.434 | Min Dist 1000 = 0.540 | Steps Per Second = 80.093 | Success = 1.000 | Success 1000 = 0.944
I0502 16:51:24.184481 139579566835264 terminal.py:91] [Evaluator] Actor Episodes = 41017 | Actor Steps = 2050850 | Delta Dist = 12.415 | Delta Dist 10 = 11.336 | Delta Dist 100 = 11.656 | Delta Dist 1000 = 11.617 | Episode Length = 50 | Episode Return = 24.0 | Evaluator Episodes = 10396 | Evaluator Steps = 519800 | Final Dist = 0.391 | Final Dist 10 = 1.470 | Final Dist 100 = 1.150 | Final Dist 1000 = 1.189 | Init Dist = 12.806 | Init Dist 10 = 12.806 | Init Dist 100 = 12.806 | Init Dist 1000 = 12.806 | Learner Steps = 31892 | Learner Walltime = 6308.166 | Min Dist = 0.229 | Min Dist 10 = 0.712 | Min Dist 100 = 0.471 | Min Dist 1000 = 0.544 | Steps Per Second = 74.274 | Success = 1.000 | Success 1000 = 0.943
I0502 16:51:24.678789 139555013154368 terminal.py:91] [Learner] Actor Episodes = 41017 | Actor Loss = 3.6710925102233887 | Actor Steps = 2050850 | Binary Accuracy = 0.9960508346557617 | Categorical Accuracy = 0.417236328125 | Critic Loss = 1.7974166870117188 | Entropy Mean = -23.459993362426758 | Evaluator Episodes = 10394 | Evaluator Steps = 519700 | Learner Steps = 31895 | Learner Walltime = 6308.874 | Logits Neg = -17.202190399169922 | Logits Pos = -1.7858402729034424 | Logsumexp = 1.1877927780151367 | Steps Per Second = 227.276
I0502 16:51:25.254821 139558059398720 terminal.py:91] [Actor] Actor Episodes = 41025 | Actor Steps = 2051250 | Delta Dist = 3.679 | Delta Dist 10 = 5.843 | Delta Dist 100 = 3.979 | Delta Dist 1000 = 4.018 | Episode Length = 50 | Episode Return = 42.0 | Evaluator Episodes = 10396 | Evaluator Steps = 519800 | Final Dist = 0.321 | Final Dist 10 = 0.717 | Final Dist 100 = 1.476 | Final Dist 1000 = 1.608 | Init Dist = 4.000 | Init Dist 10 = 6.561 | Init Dist 100 = 5.455 | Init Dist 1000 = 5.626 | Learner Steps = 31897 | Learner Walltime = 6309.437 | Min Dist = 0.093 | Min Dist 10 = 0.123 | Min Dist 100 = 0.204 | Min Dist 1000 = 0.214 | Steps Per Second = 71.585 | Success = 1.000 | Success 1000 = 0.987
I0502 16:51:25.542048 139579566835264 terminal.py:91] [Evaluator] Actor Episodes = 41025 | Actor Steps = 2051250 | Delta Dist = 10.893 | Delta Dist 10 = 11.359 | Delta Dist 100 = 11.658 | Delta Dist 1000 = 11.621 | Episode Length = 50 | Episode Return = 2.0 | Evaluator Episodes = 10398 | Evaluator Steps = 519900 | Final Dist = 1.914 | Final Dist 10 = 1.448 | Final Dist 100 = 1.148 | Final Dist 1000 = 1.185 | Init Dist = 12.806 | Init Dist 10 = 12.806 | Init Dist 100 = 12.806 | Init Dist 1000 = 12.806 | Learner Steps = 31897 | Learner Walltime = 6309.437 | Min Dist = 0.276 | Min Dist 10 = 0.654 | Min Dist 100 = 0.470 | Min Dist 1000 = 0.540 | Steps Per Second = 71.595 | Success = 1.000 | Success 1000 = 0.944
I0502 16:51:26.489633 139569349502528 terminal.py:91] [Actor] Actor Episodes = 41032 | Actor Steps = 2051600 | Delta Dist = 2.943 | Delta Dist 10 = 3.544 | Delta Dist 100 = 4.016 | Delta Dist 1000 = 4.023 | Episode Length = 50 | Episode Return = 16.0 | Evaluator Episodes = 10398 | Evaluator Steps = 519900 | Final Dist = 1.299 | Final Dist 10 = 0.699 | Final Dist 100 = 1.506 | Final Dist 1000 = 1.599 | Init Dist = 4.243 | Init Dist 10 = 4.242 | Init Dist 100 = 5.522 | Init Dist 1000 = 5.621 | Learner Steps = 31897 | Learner Walltime = 6309.437 | Min Dist = 0.436 | Min Dist 10 = 0.096 | Min Dist 100 = 0.206 | Min Dist 1000 = 0.215 | Steps Per Second = 81.613 | Success = 1.000 | Success 1000 = 0.987
I0502 16:51:26.721087 139584504182336 lp_utils.py:96] StepsLimiter: Reached 2051650 recorded steps
I0502 16:51:26.816330 139579566835264 terminal.py:91] [Evaluator] Actor Episodes = 41033 | Actor Steps = 2051650 | Delta Dist = 11.378 | Delta Dist 10 = 11.384 | Delta Dist 100 = 11.685 | Delta Dist 1000 = 11.621 | Episode Length = 50 | Episode Return = 4.0 | Evaluator Episodes = 10400 | Evaluator Steps = 520000 | Final Dist = 1.429 | Final Dist 10 = 1.422 | Final Dist 100 = 1.122 | Final Dist 1000 = 1.185 | Init Dist = 12.806 | Init Dist 10 = 12.806 | Init Dist 100 = 12.806 | Init Dist 1000 = 12.806 | Learner Steps = 31904 | Learner Walltime = 6310.788 | Min Dist = 0.405 | Min Dist 10 = 0.670 | Min Dist 100 = 0.429 | Min Dist 1000 = 0.539 | Steps Per Second = 82.793 | Success = 1.000 | Success 1000 = 0.944
I0502 16:51:27.911516 139583350109760 savers.py:156] Saving checkpoint: logs/contrastive_cpc_point_FourRooms_64/5dd72662-2788-11f0-b183-d85ed38c5779/checkpoints/learner
I0502 16:51:28.141331 139579566835264 terminal.py:91] [Evaluator] Actor Episodes = 41041 | Actor Steps = 2052050 | Delta Dist = 11.897 | Delta Dist 10 = 11.243 | Delta Dist 100 = 11.668 | Delta Dist 1000 = 11.619 | Episode Length = 50 | Episode Return = 6.0 | Evaluator Episodes = 10402 | Evaluator Steps = 520100 | Final Dist = 0.909 | Final Dist 10 = 1.563 | Final Dist 100 = 1.138 | Final Dist 1000 = 1.188 | Init Dist = 12.806 | Init Dist 10 = 12.806 | Init Dist 100 = 12.806 | Init Dist 1000 = 12.806 | Learner Steps = 31911 | Learner Walltime = 6312.115 | Min Dist = 0.359 | Min Dist 10 = 0.671 | Min Dist 100 = 0.435 | Min Dist 1000 = 0.540 | Steps Per Second = 73.568 | Success = 1.000 | Success 1000 = 0.944
I0502 16:51:28.386451 139557462840896 terminal.py:91] [Actor] Actor Episodes = 41043 | Actor Steps = 2052150 | Delta Dist = 7.642 | Delta Dist 10 = 5.425 | Delta Dist 100 = 4.272 | Delta Dist 1000 = 4.032 | Episode Length = 50 | Episode Return = 16.0 | Evaluator Episodes = 10402 | Evaluator Steps = 520100 | Final Dist = 0.420 | Final Dist 10 = 1.044 | Final Dist 100 = 1.423 | Final Dist 1000 = 1.588 | Init Dist = 8.062 | Init Dist 10 = 6.469 | Init Dist 100 = 5.695 | Init Dist 1000 = 5.620 | Learner Steps = 31911 | Learner Walltime = 6312.115 | Min Dist = 0.051 | Min Dist 10 = 0.162 | Min Dist 100 = 0.211 | Min Dist 1000 = 0.215 | Steps Per Second = 74.524 | Success = 1.000 | Success 1000 = 0.987
I0502 16:51:29.386780 139579566835264 terminal.py:91] [Evaluator] Actor Episodes = 41049 | Actor Steps = 2052450 | Delta Dist = 11.164 | Delta Dist 10 = 11.320 | Delta Dist 100 = 11.662 | Delta Dist 1000 = 11.619 | Episode Length = 50 | Episode Return = 20.0 | Evaluator Episodes = 10404 | Evaluator Steps = 520200 | Final Dist = 1.642 | Final Dist 10 = 1.486 | Final Dist 100 = 1.144 | Final Dist 1000 = 1.188 | Init Dist = 12.806 | Init Dist 10 = 12.806 | Init Dist 100 = 12.806 | Init Dist 1000 = 12.806 | Learner Steps = 31917 | Learner Walltime = 6313.481 | Min Dist = 0.058 | Min Dist 10 = 0.654 | Min Dist 100 = 0.440 | Min Dist 1000 = 0.540 | Steps Per Second = 81.269 | Success = 1.000 | Success 1000 = 0.944
I0502 16:51:30.743186 139579566835264 terminal.py:91] [Evaluator] Actor Episodes = 41057 | Actor Steps = 2052850 | Delta Dist = 12.340 | Delta Dist 10 = 11.671 | Delta Dist 100 = 11.667 | Delta Dist 1000 = 11.619 | Episode Length = 50 | Episode Return = 11.0 | Evaluator Episodes = 10406 | Evaluator Steps = 520300 | Final Dist = 0.467 | Final Dist 10 = 1.135 | Final Dist 100 = 1.139 | Final Dist 1000 = 1.188 | Init Dist = 12.806 | Init Dist 10 = 12.806 | Init Dist 100 = 12.806 | Init Dist 1000 = 12.806 | Learner Steps = 31922 | Learner Walltime = 6314.768 | Min Dist = 0.171 | Min Dist 10 = 0.280 | Min Dist 100 = 0.431 | Min Dist 1000 = 0.541 | Steps Per Second = 75.303 | Success = 1.000 | Success 1000 = 0.944
I0502 16:51:32.094244 139579566835264 terminal.py:91] [Evaluator] Actor Episodes = 41065 | Actor Steps = 2053250 | Delta Dist = 12.217 | Delta Dist 10 = 11.698 | Delta Dist 100 = 11.676 | Delta Dist 1000 = 11.620 | Episode Length = 50 | Episode Return = 28.0 | Evaluator Episodes = 10408 | Evaluator Steps = 520400 | Final Dist = 0.590 | Final Dist 10 = 1.108 | Final Dist 100 = 1.131 | Final Dist 1000 = 1.186 | Init Dist = 12.806 | Init Dist 10 = 12.806 | Init Dist 100 = 12.806 | Init Dist 1000 = 12.806 | Learner Steps = 31928 | Learner Walltime = 6316.054 | Min Dist = 0.186 | Min Dist 10 = 0.312 | Min Dist 100 = 0.433 | Min Dist 1000 = 0.541 | Steps Per Second = 75.301 | Success = 1.000 | Success 1000 = 0.944
I0502 16:51:33.084462 139555860620864 terminal.py:91] [Actor] Actor Episodes = 41070 | Actor Steps = 2053500 | Delta Dist = 5.933 | Delta Dist 10 = 2.343 | Delta Dist 100 = 4.102 | Delta Dist 1000 = 4.022 | Episode Length = 50 | Episode Return = 44.0 | Evaluator Episodes = 10408 | Evaluator Steps = 520400 | Final Dist = 0.470 | Final Dist 10 = 2.479 | Final Dist 100 = 1.604 | Final Dist 1000 = 1.599 | Init Dist = 6.403 | Init Dist 10 = 4.821 | Init Dist 100 = 5.707 | Init Dist 1000 = 5.621 | Learner Steps = 31928 | Learner Walltime = 6316.054 | Min Dist = 0.038 | Min Dist 10 = 0.080 | Min Dist 100 = 0.217 | Min Dist 1000 = 0.199 | Steps Per Second = 73.734 | Success = 1.000 | Success 1000 = 0.986
I0502 16:51:33.377992 139579566835264 terminal.py:91] [Evaluator] Actor Episodes = 41073 | Actor Steps = 2053650 | Delta Dist = 11.989 | Delta Dist 10 = 11.806 | Delta Dist 100 = 11.678 | Delta Dist 1000 = 11.620 | Episode Length = 50 | Episode Return = 22.0 | Evaluator Episodes = 10410 | Evaluator Steps = 520500 | Final Dist = 0.818 | Final Dist 10 = 1.000 | Final Dist 100 = 1.128 | Final Dist 1000 = 1.186 | Init Dist = 12.806 | Init Dist 10 = 12.806 | Init Dist 100 = 12.806 | Init Dist 1000 = 12.806 | Learner Steps = 31934 | Learner Walltime = 6317.389 | Min Dist = 0.290 | Min Dist 10 = 0.309 | Min Dist 100 = 0.434 | Min Dist 1000 = 0.540 | Steps Per Second = 85.726 | Success = 1.000 | Success 1000 = 0.944
I0502 16:51:34.588833 139579566835264 terminal.py:91] [Evaluator] Actor Episodes = 41081 | Actor Steps = 2054050 | Delta Dist = 11.780 | Delta Dist 10 = 11.917 | Delta Dist 100 = 11.674 | Delta Dist 1000 = 11.620 | Episode Length = 50 | Episode Return = 16.0 | Evaluator Episodes = 10412 | Evaluator Steps = 520600 | Final Dist = 1.027 | Final Dist 10 = 0.889 | Final Dist 100 = 1.132 | Final Dist 1000 = 1.186 | Init Dist = 12.806 | Init Dist 10 = 12.806 | Init Dist 100 = 12.806 | Init Dist 1000 = 12.806 | Learner Steps = 31940 | Learner Walltime = 6318.643 | Min Dist = 0.109 | Min Dist 10 = 0.283 | Min Dist 100 = 0.439 | Min Dist 1000 = 0.540 | Steps Per Second = 84.219 | Success = 1.000 | Success 1000 = 0.944
I0502 16:51:35.061527 139555013154368 terminal.py:91] [Learner] Actor Episodes = 41079 | Actor Loss = 3.753378391265869 | Actor Steps = 2053950 | Binary Accuracy = 0.9961051940917969 | Categorical Accuracy = 0.432861328125 | Critic Loss = 1.7240080833435059 | Entropy Mean = -20.98165512084961 | Evaluator Episodes = 10410 | Evaluator Steps = 520500 | Learner Steps = 31943 | Learner Walltime = 6319.256 | Logits Neg = -17.603931427001953 | Logits Pos = -1.7049531936645508 | Logsumexp = 1.0270373821258545 | Steps Per Second = 133.709
I0502 16:51:35.833077 139558059398720 terminal.py:91] [Actor] Actor Episodes = 41089 | Actor Steps = 2054450 | Delta Dist = 5.416 | Delta Dist 10 = 3.842 | Delta Dist 100 = 4.372 | Delta Dist 1000 = 4.034 | Episode Length = 50 | Episode Return = 27.0 | Evaluator Episodes = 10412 | Evaluator Steps = 520600 | Final Dist = 0.667 | Final Dist 10 = 1.119 | Final Dist 100 = 1.476 | Final Dist 1000 = 1.576 | Init Dist = 6.083 | Init Dist 10 = 4.961 | Init Dist 100 = 5.848 | Init Dist 1000 = 5.610 | Learner Steps = 31947 | Learner Walltime = 6319.994 | Min Dist = 0.264 | Min Dist 10 = 0.146 | Min Dist 100 = 0.229 | Min Dist 1000 = 0.200 | Steps Per Second = 79.403 | Success = 1.000 | Success 1000 = 0.986
I0502 16:51:35.861632 139579566835264 terminal.py:91] [Evaluator] Actor Episodes = 41089 | Actor Steps = 2054450 | Delta Dist = 11.803 | Delta Dist 10 = 11.773 | Delta Dist 100 = 11.658 | Delta Dist 1000 = 11.619 | Episode Length = 50 | Episode Return = 17.0 | Evaluator Episodes = 10414 | Evaluator Steps = 520700 | Final Dist = 1.003 | Final Dist 10 = 1.033 | Final Dist 100 = 1.148 | Final Dist 1000 = 1.187 | Init Dist = 12.806 | Init Dist 10 = 12.806 | Init Dist 100 = 12.806 | Init Dist 1000 = 12.806 | Learner Steps = 31947 | Learner Walltime = 6319.994 | Min Dist = 0.346 | Min Dist 10 = 0.275 | Min Dist 100 = 0.441 | Min Dist 1000 = 0.540 | Steps Per Second = 73.575 | Success = 1.000 | Success 1000 = 0.944
I0502 16:51:36.740658 139584504182336 lp_utils.py:96] StepsLimiter: Reached 2054750 recorded steps
I0502 16:51:37.184067 139569349502528 terminal.py:91] [Actor] Actor Episodes = 41096 | Actor Steps = 2054800 | Delta Dist = 0.032 | Delta Dist 10 = 3.217 | Delta Dist 100 = 4.379 | Delta Dist 1000 = 4.021 | Episode Length = 50 | Episode Return = 46.0 | Evaluator Episodes = 10414 | Evaluator Steps = 520700 | Final Dist = 0.968 | Final Dist 10 = 1.257 | Final Dist 100 = 1.473 | Final Dist 1000 = 1.574 | Init Dist = 1.000 | Init Dist 10 = 4.475 | Init Dist 100 = 5.852 | Init Dist 1000 = 5.595 | Learner Steps = 31947 | Learner Walltime = 6319.994 | Min Dist = 0.054 | Min Dist 10 = 0.194 | Min Dist 100 = 0.234 | Min Dist 1000 = 0.201 | Steps Per Second = 67.732 | Success = 1.000 | Success 1000 = 0.986
I0502 16:51:37.343256 139579566835264 terminal.py:91] [Evaluator] Actor Episodes = 41097 | Actor Steps = 2054850 | Delta Dist = 11.760 | Delta Dist 10 = 11.853 | Delta Dist 100 = 11.665 | Delta Dist 1000 = 11.620 | Episode Length = 50 | Episode Return = 10.0 | Evaluator Episodes = 10416 | Evaluator Steps = 520800 | Final Dist = 1.046 | Final Dist 10 = 0.953 | Final Dist 100 = 1.142 | Final Dist 1000 = 1.186 | Init Dist = 12.806 | Init Dist 10 = 12.806 | Init Dist 100 = 12.806 | Init Dist 1000 = 12.806 | Learner Steps = 31954 | Learner Walltime = 6321.478 | Min Dist = 0.037 | Min Dist 10 = 0.286 | Min Dist 100 = 0.442 | Min Dist 1000 = 0.540 | Steps Per Second = 61.940 | Success = 1.000 | Success 1000 = 0.944
I0502 16:51:38.654207 139579566835264 terminal.py:91] [Evaluator] Actor Episodes = 41103 | Actor Steps = 2055150 | Delta Dist = 12.393 | Delta Dist 10 = 11.818 | Delta Dist 100 = 11.662 | Delta Dist 1000 = 11.620 | Episode Length = 50 | Episode Return = 7.0 | Evaluator Episodes = 10418 | Evaluator Steps = 520900 | Final Dist = 0.413 | Final Dist 10 = 0.988 | Final Dist 100 = 1.144 | Final Dist 1000 = 1.186 | Init Dist = 12.806 | Init Dist 10 = 12.806 | Init Dist 100 = 12.806 | Init Dist 1000 = 12.806 | Learner Steps = 31959 | Learner Walltime = 6322.657 | Min Dist = 0.287 | Min Dist 10 = 0.239 | Min Dist 100 = 0.436 | Min Dist 1000 = 0.539 | Steps Per Second = 79.185 | Success = 1.000 | Success 1000 = 0.944
I0502 16:51:38.924261 139557462840896 terminal.py:91] [Actor] Actor Episodes = 41107 | Actor Steps = 2055350 | Delta Dist = 3.995 | Delta Dist 10 = 3.406 | Delta Dist 100 = 4.285 | Delta Dist 1000 = 4.031 | Episode Length = 50 | Episode Return = 22.0 | Evaluator Episodes = 10418 | Evaluator Steps = 520900 | Final Dist = 1.005 | Final Dist 10 = 2.413 | Final Dist 100 = 1.531 | Final Dist 1000 = 1.575 | Init Dist = 5.000 | Init Dist 10 = 5.819 | Init Dist 100 = 5.816 | Init Dist 1000 = 5.606 | Learner Steps = 31959 | Learner Walltime = 6322.657 | Min Dist = 0.024 | Min Dist 10 = 0.035 | Min Dist 100 = 0.213 | Min Dist 1000 = 0.200 | Steps Per Second = 87.809 | Success = 1.000 | Success 1000 = 0.986
I0502 16:51:39.839531 139579566835264 terminal.py:91] [Evaluator] Actor Episodes = 41111 | Actor Steps = 2055550 | Delta Dist = 11.575 | Delta Dist 10 = 11.365 | Delta Dist 100 = 11.627 | Delta Dist 1000 = 11.616 | Episode Length = 50 | Episode Return = 1.0 | Evaluator Episodes = 10420 | Evaluator Steps = 521000 | Final Dist = 1.231 | Final Dist 10 = 1.441 | Final Dist 100 = 1.179 | Final Dist 1000 = 1.190 | Init Dist = 12.806 | Init Dist 10 = 12.806 | Init Dist 100 = 12.806 | Init Dist 1000 = 12.806 | Learner Steps = 31965 | Learner Walltime = 6323.856 | Min Dist = 0.374 | Min Dist 10 = 0.770 | Min Dist 100 = 0.491 | Min Dist 1000 = 0.544 | Steps Per Second = 85.519 | Success = 1.000 | Success 1000 = 0.943
I0502 16:51:41.092412 139579566835264 terminal.py:91] [Evaluator] Actor Episodes = 41119 | Actor Steps = 2055950 | Delta Dist = 11.427 | Delta Dist 10 = 11.398 | Delta Dist 100 = 11.626 | Delta Dist 1000 = 11.616 | Episode Length = 50 | Episode Return = 10.0 | Evaluator Episodes = 10422 | Evaluator Steps = 521100 | Final Dist = 1.379 | Final Dist 10 = 1.408 | Final Dist 100 = 1.180 | Final Dist 1000 = 1.190 | Init Dist = 12.806 | Init Dist 10 = 12.806 | Init Dist 100 = 12.806 | Init Dist 1000 = 12.806 | Learner Steps = 31972 | Learner Walltime = 6325.206 | Min Dist = 0.106 | Min Dist 10 = 0.785 | Min Dist 100 = 0.493 | Min Dist 1000 = 0.544 | Steps Per Second = 73.126 | Success = 1.000 | Success 1000 = 0.943
I0502 16:51:42.391911 139579566835264 terminal.py:91] [Evaluator] Actor Episodes = 41127 | Actor Steps = 2056350 | Delta Dist = 11.299 | Delta Dist 10 = 11.519 | Delta Dist 100 = 11.635 | Delta Dist 1000 = 11.615 | Episode Length = 50 | Episode Return = 17.0 | Evaluator Episodes = 10424 | Evaluator Steps = 521200 | Final Dist = 1.507 | Final Dist 10 = 1.287 | Final Dist 100 = 1.172 | Final Dist 1000 = 1.191 | Init Dist = 12.806 | Init Dist 10 = 12.806 | Init Dist 100 = 12.806 | Init Dist 1000 = 12.806 | Learner Steps = 31978 | Learner Walltime = 6326.443 | Min Dist = 0.082 | Min Dist 10 = 0.741 | Min Dist 100 = 0.477 | Min Dist 1000 = 0.544 | Steps Per Second = 80.771 | Success = 1.000 | Success 1000 = 0.943
I0502 16:51:43.111266 139555860620864 terminal.py:91] [Actor] Actor Episodes = 41135 | Actor Steps = 2056750 | Delta Dist = 8.166 | Delta Dist 10 = 4.947 | Delta Dist 100 = 4.015 | Delta Dist 1000 = 4.025 | Episode Length = 50 | Episode Return = 27.0 | Evaluator Episodes = 10424 | Evaluator Steps = 521200 | Final Dist = 0.437 | Final Dist 10 = 1.478 | Final Dist 100 = 1.726 | Final Dist 1000 = 1.570 | Init Dist = 8.602 | Init Dist 10 = 6.426 | Init Dist 100 = 5.741 | Init Dist 1000 = 5.595 | Learner Steps = 31978 | Learner Walltime = 6326.443 | Min Dist = 0.071 | Min Dist 10 = 0.106 | Min Dist 100 = 0.124 | Min Dist 1000 = 0.188 | Steps Per Second = 69.429 | Success = 1.000 | Success 1000 = 0.986
I0502 16:51:43.730427 139579566835264 terminal.py:91] [Evaluator] Actor Episodes = 41135 | Actor Steps = 2056750 | Delta Dist = 10.327 | Delta Dist 10 = 11.358 | Delta Dist 100 = 11.620 | Delta Dist 1000 = 11.614 | Episode Length = 50 | Episode Return = 0.0 | Evaluator Episodes = 10426 | Evaluator Steps = 521300 | Final Dist = 2.479 | Final Dist 10 = 1.448 | Final Dist 100 = 1.186 | Final Dist 1000 = 1.192 | Init Dist = 12.806 | Init Dist 10 = 12.806 | Init Dist 100 = 12.806 | Init Dist 1000 = 12.806 | Learner Steps = 31984 | Learner Walltime = 6327.539 | Min Dist = 1.175 | Min Dist 10 = 0.735 | Min Dist 100 = 0.477 | Min Dist 1000 = 0.544 | Steps Per Second = 79.008 | Success = 0.000 | Success 1000 = 0.943
I0502 16:51:45.006338 139579566835264 terminal.py:91] [Evaluator] Actor Episodes = 41143 | Actor Steps = 2057150 | Delta Dist = 11.428 | Delta Dist 10 = 11.135 | Delta Dist 100 = 11.598 | Delta Dist 1000 = 11.612 | Episode Length = 50 | Episode Return = 19.0 | Evaluator Episodes = 10428 | Evaluator Steps = 521400 | Final Dist = 1.378 | Final Dist 10 = 1.671 | Final Dist 100 = 1.208 | Final Dist 1000 = 1.194 | Init Dist = 12.806 | Init Dist 10 = 12.806 | Init Dist 100 = 12.806 | Init Dist 1000 = 12.806 | Learner Steps = 31988 | Learner Walltime = 6328.559 | Min Dist = 0.682 | Min Dist 10 = 0.889 | Min Dist 100 = 0.482 | Min Dist 1000 = 0.546 | Steps Per Second = 79.426 | Success = 1.000 | Success 1000 = 0.942
I0502 16:51:45.299771 139555013154368 terminal.py:91] [Learner] Actor Episodes = 41141 | Actor Loss = 3.697990655899048 | Actor Steps = 2057050 | Binary Accuracy = 0.9960033893585205 | Categorical Accuracy = 0.414306640625 | Critic Loss = 1.794450044631958 | Entropy Mean = -22.699424743652344 | Evaluator Episodes = 10426 | Evaluator Steps = 521300 | Learner Steps = 31993 | Learner Walltime = 6329.493 | Logits Neg = -17.416942596435547 | Logits Pos = -1.772718071937561 | Logsumexp = 1.1342319250106812 | Steps Per Second = 229.382
I0502 16:51:46.153175 139579566835264 terminal.py:91] [Evaluator] Actor Episodes = 41151 | Actor Steps = 2057550 | Delta Dist = 11.784 | Delta Dist 10 = 11.493 | Delta Dist 100 = 11.590 | Delta Dist 1000 = 11.612 | Episode Length = 50 | Episode Return = 23.0 | Evaluator Episodes = 10430 | Evaluator Steps = 521500 | Final Dist = 1.022 | Final Dist 10 = 1.313 | Final Dist 100 = 1.216 | Final Dist 1000 = 1.195 | Init Dist = 12.806 | Init Dist 10 = 12.806 | Init Dist 100 = 12.806 | Init Dist 1000 = 12.806 | Learner Steps = 31994 | Learner Walltime = 6329.701 | Min Dist = 0.111 | Min Dist 10 = 0.410 | Min Dist 100 = 0.488 | Min Dist 1000 = 0.547 | Steps Per Second = 84.439 | Success = 1.000 | Success 1000 = 0.942
I0502 16:51:46.391845 139558059398720 terminal.py:91] [Actor] Actor Episodes = 41153 | Actor Steps = 2057650 | Delta Dist = 6.438 | Delta Dist 10 = 4.021 | Delta Dist 100 = 3.828 | Delta Dist 1000 = 4.008 | Episode Length = 50 | Episode Return = 20.0 | Evaluator Episodes = 10430 | Evaluator Steps = 521500 | Final Dist = 1.178 | Final Dist 10 = 3.382 | Final Dist 100 = 1.982 | Final Dist 1000 = 1.618 | Init Dist = 7.616 | Init Dist 10 = 7.404 | Init Dist 100 = 5.809 | Init Dist 1000 = 5.625 | Learner Steps = 31994 | Learner Walltime = 6329.701 | Min Dist = 0.034 | Min Dist 10 = 0.403 | Min Dist 100 = 0.147 | Min Dist 1000 = 0.192 | Steps Per Second = 78.572 | Success = 1.000 | Success 1000 = 0.986
I0502 16:51:46.758459 139584504182336 lp_utils.py:96] StepsLimiter: Reached 2057850 recorded steps
I0502 16:51:47.225198 139569349502528 terminal.py:91] [Actor] Actor Episodes = 41156 | Actor Steps = 2057800 | Delta Dist = 9.127 | Delta Dist 10 = 4.190 | Delta Dist 100 = 3.985 | Delta Dist 1000 = 4.010 | Episode Length = 50 | Episode Return = 23.0 | Evaluator Episodes = 10430 | Evaluator Steps = 521500 | Final Dist = 0.923 | Final Dist 10 = 2.866 | Final Dist 100 = 2.009 | Final Dist 1000 = 1.622 | Init Dist = 10.050 | Init Dist 10 = 7.057 | Init Dist 100 = 5.994 | Init Dist 1000 = 5.632 | Learner Steps = 32000 | Learner Walltime = 6330.730 | Min Dist = 0.050 | Min Dist 10 = 0.084 | Min Dist 100 = 0.131 | Min Dist 1000 = 0.192 | Steps Per Second = 78.811 | Success = 1.000 | Success 1000 = 0.986
I0502 16:51:47.404889 139579566835264 terminal.py:91] [Evaluator] Actor Episodes = 41159 | Actor Steps = 2057950 | Delta Dist = 11.718 | Delta Dist 10 = 11.421 | Delta Dist 100 = 11.639 | Delta Dist 1000 = 11.611 | Episode Length = 50 | Episode Return = 16.0 | Evaluator Episodes = 10432 | Evaluator Steps = 521600 | Final Dist = 1.089 | Final Dist 10 = 1.385 | Final Dist 100 = 1.167 | Final Dist 1000 = 1.195 | Init Dist = 12.806 | Init Dist 10 = 12.806 | Init Dist 100 = 12.806 | Init Dist 1000 = 12.806 | Learner Steps = 32000 | Learner Walltime = 6330.730 | Min Dist = 0.178 | Min Dist 10 = 0.349 | Min Dist 100 = 0.431 | Min Dist 1000 = 0.546 | Steps Per Second = 79.098 | Success = 1.000 | Success 1000 = 0.942
I0502 16:51:48.539692 139579566835264 terminal.py:91] [Evaluator] Actor Episodes = 41167 | Actor Steps = 2058350 | Delta Dist = 11.292 | Delta Dist 10 = 11.500 | Delta Dist 100 = 11.642 | Delta Dist 1000 = 11.612 | Episode Length = 50 | Episode Return = 20.0 | Evaluator Episodes = 10434 | Evaluator Steps = 521700 | Final Dist = 1.515 | Final Dist 10 = 1.306 | Final Dist 100 = 1.164 | Final Dist 1000 = 1.194 | Init Dist = 12.806 | Init Dist 10 = 12.806 | Init Dist 100 = 12.806 | Init Dist 1000 = 12.806 | Learner Steps = 32005 | Learner Walltime = 6331.973 | Min Dist = 0.596 | Min Dist 10 = 0.355 | Min Dist 100 = 0.433 | Min Dist 1000 = 0.546 | Steps Per Second = 98.859 | Success = 1.000 | Success 1000 = 0.942
I0502 16:51:49.040470 139557462840896 terminal.py:91] [Actor] Actor Episodes = 41171 | Actor Steps = 2058550 | Delta Dist = 0.235 | Delta Dist 10 = 4.835 | Delta Dist 100 = 4.334 | Delta Dist 1000 = 3.999 | Episode Length = 50 | Episode Return = 44.0 | Evaluator Episodes = 10434 | Evaluator Steps = 521700 | Final Dist = 12.571 | Final Dist 10 = 0.577 | Final Dist 100 = 1.775 | Final Dist 1000 = 1.623 | Init Dist = 12.806 | Init Dist 10 = 5.413 | Init Dist 100 = 6.109 | Init Dist 1000 = 5.622 | Learner Steps = 32010 | Learner Walltime = 6333.153 | Min Dist = 0.094 | Min Dist 10 = 0.139 | Min Dist 100 = 0.140 | Min Dist 1000 = 0.192 | Steps Per Second = 84.641 | Success = 1.000 | Success 1000 = 0.986
I0502 16:51:49.853468 139579566835264 terminal.py:91] [Evaluator] Actor Episodes = 41175 | Actor Steps = 2058750 | Delta Dist = 11.362 | Delta Dist 10 = 11.537 | Delta Dist 100 = 11.640 | Delta Dist 1000 = 11.611 | Episode Length = 50 | Episode Return = 12.0 | Evaluator Episodes = 10436 | Evaluator Steps = 521800 | Final Dist = 1.444 | Final Dist 10 = 1.269 | Final Dist 100 = 1.166 | Final Dist 1000 = 1.196 | Init Dist = 12.806 | Init Dist 10 = 12.806 | Init Dist 100 = 12.806 | Init Dist 1000 = 12.806 | Learner Steps = 32010 | Learner Walltime = 6333.153 | Min Dist = 0.091 | Min Dist 10 = 0.358 | Min Dist 100 = 0.426 | Min Dist 1000 = 0.547 | Steps Per Second = 78.237 | Success = 1.000 | Success 1000 = 0.942
I0502 16:51:51.172502 139579566835264 terminal.py:91] [Evaluator] Actor Episodes = 41183 | Actor Steps = 2059150 | Delta Dist = 12.246 | Delta Dist 10 = 11.727 | Delta Dist 100 = 11.640 | Delta Dist 1000 = 11.610 | Episode Length = 50 | Episode Return = 27.0 | Evaluator Episodes = 10438 | Evaluator Steps = 521900 | Final Dist = 0.560 | Final Dist 10 = 1.079 | Final Dist 100 = 1.166 | Final Dist 1000 = 1.196 | Init Dist = 12.806 | Init Dist 10 = 12.806 | Init Dist 100 = 12.806 | Init Dist 1000 = 12.806 | Learner Steps = 32018 | Learner Walltime = 6334.646 | Min Dist = 0.189 | Min Dist 10 = 0.205 | Min Dist 100 = 0.420 | Min Dist 1000 = 0.547 | Steps Per Second = 75.929 | Success = 1.000 | Success 1000 = 0.942
I0502 16:51:52.463042 139579566835264 terminal.py:91] [Evaluator] Actor Episodes = 41191 | Actor Steps = 2059550 | Delta Dist = 8.759 | Delta Dist 10 = 11.833 | Delta Dist 100 = 11.648 | Delta Dist 1000 = 11.610 | Episode Length = 50 | Episode Return = 0.0 | Evaluator Episodes = 10440 | Evaluator Steps = 522000 | Final Dist = 4.047 | Final Dist 10 = 0.973 | Final Dist 100 = 1.158 | Final Dist 1000 = 1.196 | Init Dist = 12.806 | Init Dist 10 = 12.806 | Init Dist 100 = 12.806 | Init Dist 1000 = 12.806 | Learner Steps = 32024 | Learner Walltime = 6335.717 | Min Dist = 4.047 | Min Dist 10 = 0.140 | Min Dist 100 = 0.417 | Min Dist 1000 = 0.547 | Steps Per Second = 90.741 | Success = 0.000 | Success 1000 = 0.942
I0502 16:51:53.394898 139555860620864 terminal.py:91] [Actor] Actor Episodes = 41199 | Actor Steps = 2059950 | Delta Dist = 0.767 | Delta Dist 10 = 5.438 | Delta Dist 100 = 4.474 | Delta Dist 1000 = 4.022 | Episode Length = 50 | Episode Return = 39.0 | Evaluator Episodes = 10440 | Evaluator Steps = 522000 | Final Dist = 0.233 | Final Dist 10 = 1.308 | Final Dist 100 = 1.761 | Final Dist 1000 = 1.591 | Init Dist = 1.000 | Init Dist 10 = 6.746 | Init Dist 100 = 6.236 | Init Dist 1000 = 5.613 | Learner Steps = 32029 | Learner Walltime = 6336.831 | Min Dist = 0.049 | Min Dist 10 = 0.050 | Min Dist 100 = 0.115 | Min Dist 1000 = 0.192 | Steps Per Second = 76.983 | Success = 1.000 | Success 1000 = 0.986
I0502 16:51:53.824273 139579566835264 terminal.py:91] [Evaluator] Actor Episodes = 41199 | Actor Steps = 2059950 | Delta Dist = 11.714 | Delta Dist 10 = 11.549 | Delta Dist 100 = 11.620 | Delta Dist 1000 = 11.608 | Episode Length = 50 | Episode Return = 8.0 | Evaluator Episodes = 10442 | Evaluator Steps = 522100 | Final Dist = 1.092 | Final Dist 10 = 1.257 | Final Dist 100 = 1.187 | Final Dist 1000 = 1.199 | Init Dist = 12.806 | Init Dist 10 = 12.806 | Init Dist 100 = 12.806 | Init Dist 1000 = 12.806 | Learner Steps = 32033 | Learner Walltime = 6337.913 | Min Dist = 0.399 | Min Dist 10 = 0.560 | Min Dist 100 = 0.450 | Min Dist 1000 = 0.550 | Steps Per Second = 77.149 | Success = 1.000 | Success 1000 = 0.941
I0502 16:51:55.116977 139579566835264 terminal.py:91] [Evaluator] Actor Episodes = 41207 | Actor Steps = 2060350 | Delta Dist = 12.208 | Delta Dist 10 = 11.551 | Delta Dist 100 = 11.619 | Delta Dist 1000 = 11.608 | Episode Length = 50 | Episode Return = 28.0 | Evaluator Episodes = 10444 | Evaluator Steps = 522200 | Final Dist = 0.598 | Final Dist 10 = 1.255 | Final Dist 100 = 1.188 | Final Dist 1000 = 1.198 | Init Dist = 12.806 | Init Dist 10 = 12.806 | Init Dist 100 = 12.806 | Init Dist 1000 = 12.806 | Learner Steps = 32040 | Learner Walltime = 6339.276 | Min Dist = 0.132 | Min Dist 10 = 0.597 | Min Dist 100 = 0.450 | Min Dist 1000 = 0.550 | Steps Per Second = 80.512 | Success = 1.000 | Success 1000 = 0.941
I0502 16:51:55.351197 139555013154368 terminal.py:91] [Learner] Actor Episodes = 41207 | Actor Loss = 3.6505682468414307 | Actor Steps = 2060350 | Binary Accuracy = 0.9960260391235352 | Categorical Accuracy = 0.41888427734375 | Critic Loss = 1.7835090160369873 | Entropy Mean = -24.04511070251465 | Evaluator Episodes = 10442 | Evaluator Steps = 522100 | Learner Steps = 32041 | Learner Walltime = 6339.550 | Logits Neg = -17.295352935791016 | Logits Pos = -1.7719628810882568 | Logsumexp = 1.0918749570846558 | Steps Per Second = 233.869
I0502 16:51:56.345101 139579566835264 terminal.py:91] [Evaluator] Actor Episodes = 41215 | Actor Steps = 2060750 | Delta Dist = 12.415 | Delta Dist 10 = 11.713 | Delta Dist 100 = 11.625 | Delta Dist 1000 = 11.608 | Episode Length = 50 | Episode Return = 22.0 | Evaluator Episodes = 10446 | Evaluator Steps = 522300 | Final Dist = 0.391 | Final Dist 10 = 1.093 | Final Dist 100 = 1.181 | Final Dist 1000 = 1.198 | Init Dist = 12.806 | Init Dist 10 = 12.806 | Init Dist 100 = 12.806 | Init Dist 1000 = 12.806 | Learner Steps = 32046 | Learner Walltime = 6340.424 | Min Dist = 0.267 | Min Dist 10 = 0.565 | Min Dist 100 = 0.451 | Min Dist 1000 = 0.550 | Steps Per Second = 81.564 | Success = 1.000 | Success 1000 = 0.941
I0502 16:51:56.779316 139584504182336 lp_utils.py:96] StepsLimiter: Reached 2060850 recorded steps
I0502 16:51:56.869114 139558059398720 terminal.py:91] [Actor] Actor Episodes = 41219 | Actor Steps = 2060950 | Delta Dist = 2.572 | Delta Dist 10 = 5.369 | Delta Dist 100 = 4.770 | Delta Dist 1000 = 4.008 | Episode Length = 50 | Episode Return = 36.0 | Evaluator Episodes = 10446 | Evaluator Steps = 522300 | Final Dist = 0.256 | Final Dist 10 = 0.753 | Final Dist 100 = 1.482 | Final Dist 1000 = 1.583 | Init Dist = 2.828 | Init Dist 10 = 6.122 | Init Dist 100 = 6.251 | Init Dist 1000 = 5.591 | Learner Steps = 32046 | Learner Walltime = 6340.424 | Min Dist = 0.000 | Min Dist 10 = 0.072 | Min Dist 100 = 0.124 | Min Dist 1000 = 0.190 | Steps Per Second = 79.457 | Success = 1.000 | Success 1000 = 0.986
I0502 16:51:57.668304 139579566835264 terminal.py:91] [Evaluator] Actor Episodes = 41223 | Actor Steps = 2061150 | Delta Dist = 12.199 | Delta Dist 10 = 11.722 | Delta Dist 100 = 11.621 | Delta Dist 1000 = 11.609 | Episode Length = 50 | Episode Return = 5.0 | Evaluator Episodes = 10448 | Evaluator Steps = 522400 | Final Dist = 0.607 | Final Dist 10 = 1.084 | Final Dist 100 = 1.185 | Final Dist 1000 = 1.198 | Init Dist = 12.806 | Init Dist 10 = 12.806 | Init Dist 100 = 12.806 | Init Dist 1000 = 12.806 | Learner Steps = 32051 | Learner Walltime = 6341.450 | Min Dist = 0.286 | Min Dist 10 = 0.589 | Min Dist 100 = 0.451 | Min Dist 1000 = 0.550 | Steps Per Second = 76.019 | Success = 1.000 | Success 1000 = 0.941
I0502 16:51:57.845040 139569349502528 terminal.py:91] [Actor] Actor Episodes = 41222 | Actor Steps = 2061100 | Delta Dist = 1.842 | Delta Dist 10 = 6.226 | Delta Dist 100 = 4.881 | Delta Dist 1000 = 4.005 | Episode Length = 50 | Episode Return = 36.0 | Evaluator Episodes = 10446 | Evaluator Steps = 522300 | Final Dist = 0.158 | Final Dist 10 = 0.352 | Final Dist 100 = 1.416 | Final Dist 1000 = 1.579 | Init Dist = 2.000 | Init Dist 10 = 6.578 | Init Dist 100 = 6.297 | Init Dist 1000 = 5.584 | Learner Steps = 32046 | Learner Walltime = 6340.424 | Min Dist = 0.034 | Min Dist 10 = 0.059 | Min Dist 100 = 0.123 | Min Dist 1000 = 0.189 | Steps Per Second = 71.151 | Success = 1.000 | Success 1000 = 0.986
I0502 16:51:58.940697 139579566835264 terminal.py:91] [Evaluator] Actor Episodes = 41231 | Actor Steps = 2061550 | Delta Dist = 11.578 | Delta Dist 10 = 11.764 | Delta Dist 100 = 11.631 | Delta Dist 1000 = 11.609 | Episode Length = 50 | Episode Return = 16.0 | Evaluator Episodes = 10450 | Evaluator Steps = 522500 | Final Dist = 1.229 | Final Dist 10 = 1.042 | Final Dist 100 = 1.175 | Final Dist 1000 = 1.197 | Init Dist = 12.806 | Init Dist 10 = 12.806 | Init Dist 100 = 12.806 | Init Dist 1000 = 12.806 | Learner Steps = 32057 | Learner Walltime = 6342.788 | Min Dist = 0.591 | Min Dist 10 = 0.612 | Min Dist 100 = 0.444 | Min Dist 1000 = 0.550 | Steps Per Second = 76.731 | Success = 1.000 | Success 1000 = 0.941
I0502 16:51:59.333988 139557462840896 terminal.py:91] [Actor] Actor Episodes = 41235 | Actor Steps = 2061750 | Delta Dist = 3.440 | Delta Dist 10 = 4.208 | Delta Dist 100 = 4.777 | Delta Dist 1000 = 4.012 | Episode Length = 50 | Episode Return = 24.0 | Evaluator Episodes = 10450 | Evaluator Steps = 522500 | Final Dist = 0.166 | Final Dist 10 = 0.823 | Final Dist 100 = 1.302 | Final Dist 1000 = 1.574 | Init Dist = 3.606 | Init Dist 10 = 5.031 | Init Dist 100 = 6.079 | Init Dist 1000 = 5.587 | Learner Steps = 32057 | Learner Walltime = 6342.788 | Min Dist = 0.166 | Min Dist 10 = 0.112 | Min Dist 100 = 0.123 | Min Dist 1000 = 0.190 | Steps Per Second = 80.708 | Success = 1.000 | Success 1000 = 0.987
I0502 16:52:00.173797 139579566835264 terminal.py:91] [Evaluator] Actor Episodes = 41239 | Actor Steps = 2061950 | Delta Dist = 11.696 | Delta Dist 10 = 11.948 | Delta Dist 100 = 11.613 | Delta Dist 1000 = 11.609 | Episode Length = 50 | Episode Return = 3.0 | Evaluator Episodes = 10452 | Evaluator Steps = 522600 | Final Dist = 1.110 | Final Dist 10 = 0.859 | Final Dist 100 = 1.193 | Final Dist 1000 = 1.198 | Init Dist = 12.806 | Init Dist 10 = 12.806 | Init Dist 100 = 12.806 | Init Dist 1000 = 12.806 | Learner Steps = 32064 | Learner Walltime = 6344.133 | Min Dist = 0.617 | Min Dist 10 = 0.270 | Min Dist 100 = 0.449 | Min Dist 1000 = 0.550 | Steps Per Second = 78.347 | Success = 1.000 | Success 1000 = 0.941
I0502 16:52:01.370135 139579566835264 terminal.py:91] [Evaluator] Actor Episodes = 41247 | Actor Steps = 2062350 | Delta Dist = 12.119 | Delta Dist 10 = 11.899 | Delta Dist 100 = 11.644 | Delta Dist 1000 = 11.616 | Episode Length = 50 | Episode Return = 9.0 | Evaluator Episodes = 10454 | Evaluator Steps = 522700 | Final Dist = 0.687 | Final Dist 10 = 0.908 | Final Dist 100 = 1.162 | Final Dist 1000 = 1.190 | Init Dist = 12.806 | Init Dist 10 = 12.806 | Init Dist 100 = 12.806 | Init Dist 1000 = 12.806 | Learner Steps = 32070 | Learner Walltime = 6345.420 | Min Dist = 0.017 | Min Dist 10 = 0.271 | Min Dist 100 = 0.409 | Min Dist 1000 = 0.543 | Steps Per Second = 96.504 | Success = 1.000 | Success 1000 = 0.942
I0502 16:52:02.527294 139579566835264 terminal.py:91] [Evaluator] Actor Episodes = 41255 | Actor Steps = 2062750 | Delta Dist = 12.038 | Delta Dist 10 = 11.797 | Delta Dist 100 = 11.638 | Delta Dist 1000 = 11.616 | Episode Length = 50 | Episode Return = 20.0 | Evaluator Episodes = 10456 | Evaluator Steps = 522800 | Final Dist = 0.768 | Final Dist 10 = 1.009 | Final Dist 100 = 1.168 | Final Dist 1000 = 1.191 | Init Dist = 12.806 | Init Dist 10 = 12.806 | Init Dist 100 = 12.806 | Init Dist 1000 = 12.806 | Learner Steps = 32076 | Learner Walltime = 6346.565 | Min Dist = 0.078 | Min Dist 10 = 0.250 | Min Dist 100 = 0.403 | Min Dist 1000 = 0.543 | Steps Per Second = 82.407 | Success = 1.000 | Success 1000 = 0.942
I0502 16:52:03.525294 139555860620864 terminal.py:91] [Actor] Actor Episodes = 41261 | Actor Steps = 2063050 | Delta Dist = 5.645 | Delta Dist 10 = 3.261 | Delta Dist 100 = 4.314 | Delta Dist 1000 = 3.963 | Episode Length = 50 | Episode Return = 0.0 | Evaluator Episodes = 10456 | Evaluator Steps = 522800 | Final Dist = 0.012 | Final Dist 10 = 1.254 | Final Dist 100 = 1.112 | Final Dist 1000 = 1.590 | Init Dist = 5.657 | Init Dist 10 = 4.515 | Init Dist 100 = 5.426 | Init Dist 1000 = 5.553 | Learner Steps = 32076 | Learner Walltime = 6346.565 | Min Dist = 0.008 | Min Dist 10 = 0.083 | Min Dist 100 = 0.203 | Min Dist 1000 = 0.203 | Steps Per Second = 78.846 | Success = 1.000 | Success 1000 = 0.986
I0502 16:52:03.700906 139579566835264 terminal.py:91] [Evaluator] Actor Episodes = 41263 | Actor Steps = 2063150 | Delta Dist = 11.339 | Delta Dist 10 = 11.796 | Delta Dist 100 = 11.642 | Delta Dist 1000 = 11.616 | Episode Length = 50 | Episode Return = 11.0 | Evaluator Episodes = 10458 | Evaluator Steps = 522900 | Final Dist = 1.467 | Final Dist 10 = 1.010 | Final Dist 100 = 1.164 | Final Dist 1000 = 1.190 | Init Dist = 12.806 | Init Dist 10 = 12.806 | Init Dist 100 = 12.806 | Init Dist 1000 = 12.806 | Learner Steps = 32076 | Learner Walltime = 6346.565 | Min Dist = 0.035 | Min Dist 10 = 0.229 | Min Dist 100 = 0.397 | Min Dist 1000 = 0.543 | Steps Per Second = 86.425 | Success = 1.000 | Success 1000 = 0.942
I0502 16:52:04.844026 139579566835264 terminal.py:91] [Evaluator] Actor Episodes = 41269 | Actor Steps = 2063450 | Delta Dist = 11.798 | Delta Dist 10 = 11.647 | Delta Dist 100 = 11.628 | Delta Dist 1000 = 11.616 | Episode Length = 50 | Episode Return = 6.0 | Evaluator Episodes = 10460 | Evaluator Steps = 523000 | Final Dist = 1.009 | Final Dist 10 = 1.159 | Final Dist 100 = 1.179 | Final Dist 1000 = 1.190 | Init Dist = 12.806 | Init Dist 10 = 12.806 | Init Dist 100 = 12.806 | Init Dist 1000 = 12.806 | Learner Steps = 32083 | Learner Walltime = 6348.009 | Min Dist = 0.472 | Min Dist 10 = 0.242 | Min Dist 100 = 0.395 | Min Dist 1000 = 0.542 | Steps Per Second = 87.171 | Success = 1.000 | Success 1000 = 0.942
I0502 16:52:05.562603 139555013154368 terminal.py:91] [Learner] Actor Episodes = 41269 | Actor Loss = 3.706416606903076 | Actor Steps = 2063450 | Binary Accuracy = 0.9960424900054932 | Categorical Accuracy = 0.41455078125 | Critic Loss = 1.8450970649719238 | Entropy Mean = -23.38703155517578 | Evaluator Episodes = 10460 | Evaluator Steps = 523000 | Learner Steps = 32091 | Learner Walltime = 6349.759 | Logits Neg = -17.020675659179688 | Logits Pos = -1.8470814228057861 | Logsumexp = 1.0442842245101929 | Steps Per Second = 163.327
I0502 16:52:06.101824 139579566835264 terminal.py:91] [Evaluator] Actor Episodes = 41275 | Actor Steps = 2063750 | Delta Dist = 12.268 | Delta Dist 10 = 11.787 | Delta Dist 100 = 11.639 | Delta Dist 1000 = 11.615 | Episode Length = 50 | Episode Return = 7.0 | Evaluator Episodes = 10462 | Evaluator Steps = 523100 | Final Dist = 0.539 | Final Dist 10 = 1.019 | Final Dist 100 = 1.167 | Final Dist 1000 = 1.191 | Init Dist = 12.806 | Init Dist 10 = 12.806 | Init Dist 100 = 12.806 | Init Dist 1000 = 12.806 | Learner Steps = 32088 | Learner Walltime = 6349.103 | Min Dist = 0.123 | Min Dist 10 = 0.206 | Min Dist 100 = 0.396 | Min Dist 1000 = 0.542 | Steps Per Second = 78.402 | Success = 1.000 | Success 1000 = 0.942
I0502 16:52:06.800535 139584504182336 lp_utils.py:96] StepsLimiter: Reached 2063950 recorded steps
I0502 16:52:07.411437 139579566835264 terminal.py:91] [Evaluator] Actor Episodes = 41283 | Actor Steps = 2064150 | Delta Dist = 12.407 | Delta Dist 10 = 11.820 | Delta Dist 100 = 11.630 | Delta Dist 1000 = 11.616 | Episode Length = 50 | Episode Return = 11.0 | Evaluator Episodes = 10464 | Evaluator Steps = 523200 | Final Dist = 0.400 | Final Dist 10 = 0.987 | Final Dist 100 = 1.176 | Final Dist 1000 = 1.190 | Init Dist = 12.806 | Init Dist 10 = 12.806 | Init Dist 100 = 12.806 | Init Dist 1000 = 12.806 | Learner Steps = 32094 | Learner Walltime = 6350.433 | Min Dist = 0.400 | Min Dist 10 = 0.181 | Min Dist 100 = 0.399 | Min Dist 1000 = 0.541 | Steps Per Second = 75.089 | Success = 1.000 | Success 1000 = 0.942
I0502 16:52:07.501648 139558059398720 terminal.py:91] [Actor] Actor Episodes = 41282 | Actor Steps = 2064100 | Delta Dist = 1.040 | Delta Dist 10 = 3.975 | Delta Dist 100 = 4.068 | Delta Dist 1000 = 3.949 | Episode Length = 50 | Episode Return = 35.0 | Evaluator Episodes = 10462 | Evaluator Steps = 523100 | Final Dist = 1.789 | Final Dist 10 = 1.321 | Final Dist 100 = 1.234 | Final Dist 1000 = 1.578 | Init Dist = 2.828 | Init Dist 10 = 5.296 | Init Dist 100 = 5.303 | Init Dist 1000 = 5.527 | Learner Steps = 32094 | Learner Walltime = 6350.433 | Min Dist = 0.212 | Min Dist 10 = 0.623 | Min Dist 100 = 0.270 | Min Dist 1000 = 0.210 | Steps Per Second = 78.843 | Success = 1.000 | Success 1000 = 0.986
I0502 16:52:08.235583 139569349502528 terminal.py:91] [Actor] Actor Episodes = 41288 | Actor Steps = 2064400 | Delta Dist = 4.839 | Delta Dist 10 = 4.483 | Delta Dist 100 = 4.059 | Delta Dist 1000 = 3.943 | Episode Length = 50 | Episode Return = 27.0 | Evaluator Episodes = 10464 | Evaluator Steps = 523200 | Final Dist = 0.546 | Final Dist 10 = 2.297 | Final Dist 100 = 1.330 | Final Dist 1000 = 1.594 | Init Dist = 5.385 | Init Dist 10 = 6.780 | Init Dist 100 = 5.389 | Init Dist 1000 = 5.537 | Learner Steps = 32094 | Learner Walltime = 6350.433 | Min Dist = 0.218 | Min Dist 10 = 0.464 | Min Dist 100 = 0.274 | Min Dist 1000 = 0.210 | Steps Per Second = 75.401 | Success = 1.000 | Success 1000 = 0.986
I0502 16:52:08.783961 139579566835264 terminal.py:91] [Evaluator] Actor Episodes = 41291 | Actor Steps = 2064550 | Delta Dist = 12.701 | Delta Dist 10 = 11.955 | Delta Dist 100 = 11.636 | Delta Dist 1000 = 11.622 | Episode Length = 50 | Episode Return = 22.0 | Evaluator Episodes = 10466 | Evaluator Steps = 523300 | Final Dist = 0.105 | Final Dist 10 = 0.851 | Final Dist 100 = 1.170 | Final Dist 1000 = 1.185 | Init Dist = 12.806 | Init Dist 10 = 12.806 | Init Dist 100 = 12.806 | Init Dist 1000 = 12.806 | Learner Steps = 32101 | Learner Walltime = 6351.806 | Min Dist = 0.046 | Min Dist 10 = 0.248 | Min Dist 100 = 0.403 | Min Dist 1000 = 0.536 | Steps Per Second = 72.512 | Success = 1.000 | Success 1000 = 0.943
I0502 16:52:09.617185 139557462840896 terminal.py:91] [Actor] Actor Episodes = 41299 | Actor Steps = 2064950 | Delta Dist = 5.341 | Delta Dist 10 = 4.645 | Delta Dist 100 = 3.936 | Delta Dist 1000 = 3.939 | Episode Length = 50 | Episode Return = 39.0 | Evaluator Episodes = 10466 | Evaluator Steps = 523300 | Final Dist = 0.490 | Final Dist 10 = 2.768 | Final Dist 100 = 1.496 | Final Dist 1000 = 1.616 | Init Dist = 5.831 | Init Dist 10 = 7.413 | Init Dist 100 = 5.433 | Init Dist 1000 = 5.555 | Learner Steps = 32108 | Learner Walltime = 6353.229 | Min Dist = 0.291 | Min Dist 10 = 1.817 | Min Dist 100 = 0.450 | Min Dist 1000 = 0.227 | Steps Per Second = 73.866 | Success = 1.000 | Success 1000 = 0.986
I0502 16:52:09.989427 139579566835264 terminal.py:91] [Evaluator] Actor Episodes = 41299 | Actor Steps = 2064950 | Delta Dist = 12.595 | Delta Dist 10 = 11.997 | Delta Dist 100 = 11.654 | Delta Dist 1000 = 11.623 | Episode Length = 50 | Episode Return = 31.0 | Evaluator Episodes = 10468 | Evaluator Steps = 523400 | Final Dist = 0.211 | Final Dist 10 = 0.809 | Final Dist 100 = 1.152 | Final Dist 1000 = 1.184 | Init Dist = 12.806 | Init Dist 10 = 12.806 | Init Dist 100 = 12.806 | Init Dist 1000 = 12.806 | Learner Steps = 32108 | Learner Walltime = 6353.229 | Min Dist = 0.180 | Min Dist 10 = 0.239 | Min Dist 100 = 0.398 | Min Dist 1000 = 0.536 | Steps Per Second = 83.518 | Success = 1.000 | Success 1000 = 0.943
I0502 16:52:11.258562 139579566835264 terminal.py:91] [Evaluator] Actor Episodes = 41307 | Actor Steps = 2065350 | Delta Dist = 12.091 | Delta Dist 10 = 11.580 | Delta Dist 100 = 11.607 | Delta Dist 1000 = 11.619 | Episode Length = 50 | Episode Return = 30.0 | Evaluator Episodes = 10470 | Evaluator Steps = 523500 | Final Dist = 0.715 | Final Dist 10 = 1.226 | Final Dist 100 = 1.199 | Final Dist 1000 = 1.188 | Init Dist = 12.806 | Init Dist 10 = 12.806 | Init Dist 100 = 12.806 | Init Dist 1000 = 12.806 | Learner Steps = 32113 | Learner Walltime = 6354.440 | Min Dist = 0.248 | Min Dist 10 = 0.714 | Min Dist 100 = 0.449 | Min Dist 1000 = 0.541 | Steps Per Second = 74.711 | Success = 1.000 | Success 1000 = 0.942
I0502 16:52:12.568444 139579566835264 terminal.py:91] [Evaluator] Actor Episodes = 41315 | Actor Steps = 2065750 | Delta Dist = 6.200 | Delta Dist 10 = 11.594 | Delta Dist 100 = 11.608 | Delta Dist 1000 = 11.623 | Episode Length = 50 | Episode Return = 0.0 | Evaluator Episodes = 10472 | Evaluator Steps = 523600 | Final Dist = 6.606 | Final Dist 10 = 1.212 | Final Dist 100 = 1.198 | Final Dist 1000 = 1.183 | Init Dist = 12.806 | Init Dist 10 = 12.806 | Init Dist 100 = 12.806 | Init Dist 1000 = 12.806 | Learner Steps = 32120 | Learner Walltime = 6355.683 | Min Dist = 5.453 | Min Dist 10 = 0.701 | Min Dist 100 = 0.449 | Min Dist 1000 = 0.538 | Steps Per Second = 72.500 | Success = 0.000 | Success 1000 = 0.943
I0502 16:52:13.760850 139579566835264 terminal.py:91] [Evaluator] Actor Episodes = 41323 | Actor Steps = 2066150 | Delta Dist = 10.850 | Delta Dist 10 = 10.988 | Delta Dist 100 = 11.547 | Delta Dist 1000 = 11.618 | Episode Length = 50 | Episode Return = 16.0 | Evaluator Episodes = 10474 | Evaluator Steps = 523700 | Final Dist = 1.957 | Final Dist 10 = 1.818 | Final Dist 100 = 1.259 | Final Dist 1000 = 1.188 | Init Dist = 12.806 | Init Dist 10 = 12.806 | Init Dist 100 = 12.806 | Init Dist 1000 = 12.806 | Learner Steps = 32126 | Learner Walltime = 6356.904 | Min Dist = 0.343 | Min Dist 10 = 1.243 | Min Dist 100 = 0.504 | Min Dist 1000 = 0.543 | Steps Per Second = 84.281 | Success = 1.000 | Success 1000 = 0.942
I0502 16:52:13.765967 139555860620864 terminal.py:91] [Actor] Actor Episodes = 41325 | Actor Steps = 2066250 | Delta Dist = -6.040 | Delta Dist 10 = 2.182 | Delta Dist 100 = 3.354 | Delta Dist 1000 = 3.903 | Episode Length = 50 | Episode Return = 0.0 | Evaluator Episodes = 10474 | Evaluator Steps = 523700 | Final Dist = 7.040 | Final Dist 10 = 3.102 | Final Dist 100 = 1.971 | Final Dist 1000 = 1.642 | Init Dist = 1.000 | Init Dist 10 = 5.284 | Init Dist 100 = 5.325 | Init Dist 1000 = 5.545 | Learner Steps = 32126 | Learner Walltime = 6356.904 | Min Dist = 0.110 | Min Dist 10 = 0.394 | Min Dist 100 = 0.595 | Min Dist 1000 = 0.233 | Steps Per Second = 94.803 | Success = 1.000 | Success 1000 = 0.984
I0502 16:52:15.036712 139579566835264 terminal.py:91] [Evaluator] Actor Episodes = 41331 | Actor Steps = 2066550 | Delta Dist = 12.143 | Delta Dist 10 = 10.772 | Delta Dist 100 = 11.536 | Delta Dist 1000 = 11.623 | Episode Length = 50 | Episode Return = 22.0 | Evaluator Episodes = 10476 | Evaluator Steps = 523800 | Final Dist = 0.664 | Final Dist 10 = 2.035 | Final Dist 100 = 1.270 | Final Dist 1000 = 1.183 | Init Dist = 12.806 | Init Dist 10 = 12.806 | Init Dist 100 = 12.806 | Init Dist 1000 = 12.806 | Learner Steps = 32132 | Learner Walltime = 6358.097 | Min Dist = 0.222 | Min Dist 10 = 1.216 | Min Dist 100 = 0.499 | Min Dist 1000 = 0.537 | Steps Per Second = 77.365 | Success = 1.000 | Success 1000 = 0.943
I0502 16:52:15.756683 139555013154368 terminal.py:91] [Learner] Actor Episodes = 41333 | Actor Loss = 3.6199350357055664 | Actor Steps = 2066650 | Binary Accuracy = 0.9960615634918213 | Categorical Accuracy = 0.429931640625 | Critic Loss = 1.7736356258392334 | Entropy Mean = -22.353557586669922 | Evaluator Episodes = 10476 | Evaluator Steps = 523800 | Learner Steps = 32142 | Learner Walltime = 6359.952 | Logits Neg = -17.23598289489746 | Logits Pos = -1.790101408958435 | Logsumexp = 1.035933256149292 | Steps Per Second = 186.572
I0502 16:52:16.238253 139579566835264 terminal.py:91] [Evaluator] Actor Episodes = 41339 | Actor Steps = 2066950 | Delta Dist = 12.365 | Delta Dist 10 = 10.820 | Delta Dist 100 = 11.554 | Delta Dist 1000 = 11.624 | Episode Length = 50 | Episode Return = 19.0 | Evaluator Episodes = 10478 | Evaluator Steps = 523900 | Final Dist = 0.442 | Final Dist 10 = 1.986 | Final Dist 100 = 1.252 | Final Dist 1000 = 1.182 | Init Dist = 12.806 | Init Dist 10 = 12.806 | Init Dist 100 = 12.806 | Init Dist 1000 = 12.806 | Learner Steps = 32138 | Learner Walltime = 6359.372 | Min Dist = 0.232 | Min Dist 10 = 1.245 | Min Dist 100 = 0.497 | Min Dist 1000 = 0.537 | Steps Per Second = 83.208 | Success = 1.000 | Success 1000 = 0.943
I0502 16:52:16.824509 139584504182336 lp_utils.py:96] StepsLimiter: Reached 2067150 recorded steps
I0502 16:52:17.428415 139579566835264 terminal.py:91] [Evaluator] Actor Episodes = 41347 | Actor Steps = 2067350 | Delta Dist = 11.345 | Delta Dist 10 = 11.327 | Delta Dist 100 = 11.564 | Delta Dist 1000 = 11.624 | Episode Length = 50 | Episode Return = 5.0 | Evaluator Episodes = 10480 | Evaluator Steps = 524000 | Final Dist = 1.462 | Final Dist 10 = 1.479 | Final Dist 100 = 1.243 | Final Dist 1000 = 1.182 | Init Dist = 12.806 | Init Dist 10 = 12.806 | Init Dist 100 = 12.806 | Init Dist 1000 = 12.806 | Learner Steps = 32144 | Learner Walltime = 6360.586 | Min Dist = 0.409 | Min Dist 10 = 0.746 | Min Dist 100 = 0.495 | Min Dist 1000 = 0.536 | Steps Per Second = 87.463 | Success = 1.000 | Success 1000 = 0.944
I0502 16:52:17.668213 139558059398720 terminal.py:91] [Actor] Actor Episodes = 41348 | Actor Steps = 2067400 | Delta Dist = 2.452 | Delta Dist 10 = 3.178 | Delta Dist 100 = 3.338 | Delta Dist 1000 = 3.880 | Episode Length = 50 | Episode Return = 48.0 | Evaluator Episodes = 10478 | Evaluator Steps = 523900 | Final Dist = 0.711 | Final Dist 10 = 1.701 | Final Dist 100 = 2.027 | Final Dist 1000 = 1.645 | Init Dist = 3.162 | Init Dist 10 = 4.879 | Init Dist 100 = 5.364 | Init Dist 1000 = 5.525 | Learner Steps = 32144 | Learner Walltime = 6360.586 | Min Dist = 0.279 | Min Dist 10 = 0.046 | Min Dist 100 = 0.588 | Min Dist 1000 = 0.244 | Steps Per Second = 79.684 | Success = 1.000 | Success 1000 = 0.982
I0502 16:52:18.494334 139569349502528 terminal.py:91] [Actor] Actor Episodes = 41352 | Actor Steps = 2067600 | Delta Dist = 4.200 | Delta Dist 10 = 2.073 | Delta Dist 100 = 3.238 | Delta Dist 1000 = 3.868 | Episode Length = 50 | Episode Return = 35.0 | Evaluator Episodes = 10480 | Evaluator Steps = 524000 | Final Dist = 0.272 | Final Dist 10 = 2.305 | Final Dist 100 = 2.078 | Final Dist 1000 = 1.643 | Init Dist = 4.472 | Init Dist 10 = 4.378 | Init Dist 100 = 5.315 | Init Dist 1000 = 5.511 | Learner Steps = 32151 | Learner Walltime = 6361.926 | Min Dist = 0.043 | Min Dist 10 = 0.534 | Min Dist 100 = 0.633 | Min Dist 1000 = 0.247 | Steps Per Second = 75.559 | Success = 1.000 | Success 1000 = 0.982
I0502 16:52:18.705071 139579566835264 terminal.py:91] [Evaluator] Actor Episodes = 41355 | Actor Steps = 2067750 | Delta Dist = 12.700 | Delta Dist 10 = 11.234 | Delta Dist 100 = 11.560 | Delta Dist 1000 = 11.624 | Episode Length = 50 | Episode Return = 31.0 | Evaluator Episodes = 10482 | Evaluator Steps = 524100 | Final Dist = 0.106 | Final Dist 10 = 1.572 | Final Dist 100 = 1.246 | Final Dist 1000 = 1.183 | Init Dist = 12.806 | Init Dist 10 = 12.806 | Init Dist 100 = 12.806 | Init Dist 1000 = 12.806 | Learner Steps = 32151 | Learner Walltime = 6361.926 | Min Dist = 0.106 | Min Dist 10 = 0.745 | Min Dist 100 = 0.489 | Min Dist 1000 = 0.535 | Steps Per Second = 73.671 | Success = 1.000 | Success 1000 = 0.944
I0502 16:52:18.747929 139584635659840 savers.py:156] Saving checkpoint: logs/contrastive_cpc_point_FourRooms_64/5dd72662-2788-11f0-b183-d85ed38c5779/checkpoints/counter
I0502 16:52:19.922194 139579566835264 terminal.py:91] [Evaluator] Actor Episodes = 41363 | Actor Steps = 2068150 | Delta Dist = 12.124 | Delta Dist 10 = 11.898 | Delta Dist 100 = 11.584 | Delta Dist 1000 = 11.624 | Episode Length = 50 | Episode Return = 22.0 | Evaluator Episodes = 10484 | Evaluator Steps = 524200 | Final Dist = 0.682 | Final Dist 10 = 0.909 | Final Dist 100 = 1.223 | Final Dist 1000 = 1.182 | Init Dist = 12.806 | Init Dist 10 = 12.806 | Init Dist 100 = 12.806 | Init Dist 1000 = 12.806 | Learner Steps = 32158 | Learner Walltime = 6363.288 | Min Dist = 0.061 | Min Dist 10 = 0.187 | Min Dist 100 = 0.484 | Min Dist 1000 = 0.535 | Steps Per Second = 85.754 | Success = 1.000 | Success 1000 = 0.944
I0502 16:52:20.149095 139557462840896 terminal.py:91] [Actor] Actor Episodes = 41362 | Actor Steps = 2068100 | Delta Dist = 2.860 | Delta Dist 10 = 2.802 | Delta Dist 100 = 3.221 | Delta Dist 1000 = 3.874 | Episode Length = 50 | Episode Return = 33.0 | Evaluator Episodes = 10482 | Evaluator Steps = 524100 | Final Dist = 0.746 | Final Dist 10 = 2.520 | Final Dist 100 = 2.190 | Final Dist 1000 = 1.651 | Init Dist = 3.606 | Init Dist 10 = 5.322 | Init Dist 100 = 5.411 | Init Dist 1000 = 5.525 | Learner Steps = 32158 | Learner Walltime = 6363.288 | Min Dist = 0.036 | Min Dist 10 = 0.492 | Min Dist 100 = 0.634 | Min Dist 1000 = 0.244 | Steps Per Second = 82.295 | Success = 1.000 | Success 1000 = 0.982
I0502 16:52:21.037887 139579566835264 terminal.py:91] [Evaluator] Actor Episodes = 41371 | Actor Steps = 2068550 | Delta Dist = 12.416 | Delta Dist 10 = 11.988 | Delta Dist 100 = 11.598 | Delta Dist 1000 = 11.623 | Episode Length = 50 | Episode Return = 22.0 | Evaluator Episodes = 10486 | Evaluator Steps = 524300 | Final Dist = 0.390 | Final Dist 10 = 0.818 | Final Dist 100 = 1.208 | Final Dist 1000 = 1.183 | Init Dist = 12.806 | Init Dist 10 = 12.806 | Init Dist 100 = 12.806 | Init Dist 1000 = 12.806 | Learner Steps = 32164 | Learner Walltime = 6364.518 | Min Dist = 0.264 | Min Dist 10 = 0.150 | Min Dist 100 = 0.480 | Min Dist 1000 = 0.535 | Steps Per Second = 80.984 | Success = 1.000 | Success 1000 = 0.944
I0502 16:52:22.271692 139579566835264 terminal.py:91] [Evaluator] Actor Episodes = 41379 | Actor Steps = 2068950 | Delta Dist = 12.244 | Delta Dist 10 = 11.897 | Delta Dist 100 = 11.597 | Delta Dist 1000 = 11.623 | Episode Length = 50 | Episode Return = 27.0 | Evaluator Episodes = 10488 | Evaluator Steps = 524400 | Final Dist = 0.563 | Final Dist 10 = 0.909 | Final Dist 100 = 1.209 | Final Dist 1000 = 1.183 | Init Dist = 12.806 | Init Dist 10 = 12.806 | Init Dist 100 = 12.806 | Init Dist 1000 = 12.806 | Learner Steps = 32170 | Learner Walltime = 6365.680 | Min Dist = 0.100 | Min Dist 10 = 0.165 | Min Dist 100 = 0.477 | Min Dist 1000 = 0.535 | Steps Per Second = 80.638 | Success = 1.000 | Success 1000 = 0.944
I0502 16:52:23.459937 139579566835264 terminal.py:91] [Evaluator] Actor Episodes = 41387 | Actor Steps = 2069350 | Delta Dist = 12.177 | Delta Dist 10 = 11.978 | Delta Dist 100 = 11.618 | Delta Dist 1000 = 11.624 | Episode Length = 50 | Episode Return = 22.0 | Evaluator Episodes = 10490 | Evaluator Steps = 524500 | Final Dist = 0.629 | Final Dist 10 = 0.828 | Final Dist 100 = 1.188 | Final Dist 1000 = 1.182 | Init Dist = 12.806 | Init Dist 10 = 12.806 | Init Dist 100 = 12.806 | Init Dist 1000 = 12.806 | Learner Steps = 32176 | Learner Walltime = 6366.874 | Min Dist = 0.018 | Min Dist 10 = 0.160 | Min Dist 100 = 0.477 | Min Dist 1000 = 0.535 | Steps Per Second = 84.080 | Success = 1.000 | Success 1000 = 0.944
I0502 16:52:24.354253 139555860620864 terminal.py:91] [Actor] Actor Episodes = 41390 | Actor Steps = 2069500 | Delta Dist = 9.498 | Delta Dist 10 = 4.596 | Delta Dist 100 = 3.259 | Delta Dist 1000 = 3.883 | Episode Length = 50 | Episode Return = 25.0 | Evaluator Episodes = 10490 | Evaluator Steps = 524500 | Final Dist = 0.551 | Final Dist 10 = 1.237 | Final Dist 100 = 2.207 | Final Dist 1000 = 1.677 | Init Dist = 10.050 | Init Dist 10 = 5.834 | Init Dist 100 = 5.467 | Init Dist 1000 = 5.560 | Learner Steps = 32176 | Learner Walltime = 6366.874 | Min Dist = 0.378 | Min Dist 10 = 0.154 | Min Dist 100 = 0.604 | Min Dist 1000 = 0.248 | Steps Per Second = 80.813 | Success = 1.000 | Success 1000 = 0.984
I0502 16:52:24.678740 139579566835264 terminal.py:91] [Evaluator] Actor Episodes = 41395 | Actor Steps = 2069750 | Delta Dist = 11.611 | Delta Dist 10 = 12.146 | Delta Dist 100 = 11.624 | Delta Dist 1000 = 11.624 | Episode Length = 50 | Episode Return = 1.0 | Evaluator Episodes = 10492 | Evaluator Steps = 524600 | Final Dist = 1.195 | Final Dist 10 = 0.660 | Final Dist 100 = 1.182 | Final Dist 1000 = 1.183 | Init Dist = 12.806 | Init Dist 10 = 12.806 | Init Dist 100 = 12.806 | Init Dist 1000 = 12.806 | Learner Steps = 32183 | Learner Walltime = 6368.205 | Min Dist = 0.980 | Min Dist 10 = 0.160 | Min Dist 100 = 0.473 | Min Dist 1000 = 0.535 | Steps Per Second = 81.132 | Success = 1.000 | Success 1000 = 0.944
I0502 16:52:25.973615 139555013154368 terminal.py:91] [Learner] Actor Episodes = 41399 | Actor Loss = 3.7343549728393555 | Actor Steps = 2069950 | Binary Accuracy = 0.9960107803344727 | Categorical Accuracy = 0.4085693359375 | Critic Loss = 1.8324501514434814 | Entropy Mean = -23.35236167907715 | Evaluator Episodes = 10492 | Evaluator Steps = 524600 | Learner Steps = 32193 | Learner Walltime = 6370.174 | Logits Neg = -17.251691818237305 | Logits Pos = -1.8520374298095703 | Logsumexp = 1.0855166912078857 | Steps Per Second = 175.292
I0502 16:52:26.022069 139579566835264 terminal.py:91] [Evaluator] Actor Episodes = 41403 | Actor Steps = 2070150 | Delta Dist = 12.085 | Delta Dist 10 = 12.083 | Delta Dist 100 = 11.635 | Delta Dist 1000 = 11.624 | Episode Length = 50 | Episode Return = 27.0 | Evaluator Episodes = 10494 | Evaluator Steps = 524700 | Final Dist = 0.721 | Final Dist 10 = 0.723 | Final Dist 100 = 1.171 | Final Dist 1000 = 1.183 | Init Dist = 12.806 | Init Dist 10 = 12.806 | Init Dist 100 = 12.806 | Init Dist 1000 = 12.806 | Learner Steps = 32190 | Learner Walltime = 6369.700 | Min Dist = 0.260 | Min Dist 10 = 0.241 | Min Dist 100 = 0.474 | Min Dist 1000 = 0.535 | Steps Per Second = 77.542 | Success = 1.000 | Success 1000 = 0.944
I0502 16:52:26.841761 139584504182336 lp_utils.py:96] StepsLimiter: Reached 2070350 recorded steps
I0502 16:52:27.251653 139579566835264 terminal.py:91] [Evaluator] Actor Episodes = 41411 | Actor Steps = 2070550 | Delta Dist = 11.737 | Delta Dist 10 = 12.198 | Delta Dist 100 = 11.684 | Delta Dist 1000 = 11.625 | Episode Length = 50 | Episode Return = 23.0 | Evaluator Episodes = 10496 | Evaluator Steps = 524800 | Final Dist = 1.069 | Final Dist 10 = 0.608 | Final Dist 100 = 1.122 | Final Dist 1000 = 1.181 | Init Dist = 12.806 | Init Dist 10 = 12.806 | Init Dist 100 = 12.806 | Init Dist 1000 = 12.806 | Learner Steps = 32196 | Learner Walltime = 6370.727 | Min Dist = 0.072 | Min Dist 10 = 0.257 | Min Dist 100 = 0.434 | Min Dist 1000 = 0.535 | Steps Per Second = 79.470 | Success = 1.000 | Success 1000 = 0.944
I0502 16:52:28.289027 139558059398720 terminal.py:91] [Actor] Actor Episodes = 41419 | Actor Steps = 2070950 | Delta Dist = 0.866 | Delta Dist 10 = 2.259 | Delta Dist 100 = 3.310 | Delta Dist 1000 = 3.871 | Episode Length = 50 | Episode Return = 0.0 | Evaluator Episodes = 10496 | Evaluator Steps = 524800 | Final Dist = 9.332 | Final Dist 10 = 3.205 | Final Dist 100 = 2.197 | Final Dist 1000 = 1.695 | Init Dist = 10.198 | Init Dist 10 = 5.464 | Init Dist 100 = 5.507 | Init Dist 1000 = 5.566 | Learner Steps = 32201 | Learner Walltime = 6371.803 | Min Dist = 0.192 | Min Dist 10 = 0.055 | Min Dist 100 = 0.315 | Min Dist 1000 = 0.243 | Steps Per Second = 76.075 | Success = 1.000 | Success 1000 = 0.984
I0502 16:52:28.491192 139579566835264 terminal.py:91] [Evaluator] Actor Episodes = 41419 | Actor Steps = 2070950 | Delta Dist = 11.497 | Delta Dist 10 = 12.181 | Delta Dist 100 = 11.679 | Delta Dist 1000 = 11.624 | Episode Length = 50 | Episode Return = 24.0 | Evaluator Episodes = 10498 | Evaluator Steps = 524900 | Final Dist = 1.310 | Final Dist 10 = 0.626 | Final Dist 100 = 1.127 | Final Dist 1000 = 1.182 | Init Dist = 12.806 | Init Dist 10 = 12.806 | Init Dist 100 = 12.806 | Init Dist 1000 = 12.806 | Learner Steps = 32201 | Learner Walltime = 6371.803 | Min Dist = 0.045 | Min Dist 10 = 0.244 | Min Dist 100 = 0.436 | Min Dist 1000 = 0.535 | Steps Per Second = 73.531 | Success = 1.000 | Success 1000 = 0.944
I0502 16:52:28.605691 139583350109760 savers.py:156] Saving checkpoint: logs/contrastive_cpc_point_FourRooms_64/5dd72662-2788-11f0-b183-d85ed38c5779/checkpoints/learner
I0502 16:52:29.216677 139569349502528 terminal.py:91] [Actor] Actor Episodes = 41423 | Actor Steps = 2071150 | Delta Dist = 0.328 | Delta Dist 10 = 2.214 | Delta Dist 100 = 3.405 | Delta Dist 1000 = 3.873 | Episode Length = 50 | Episode Return = 16.0 | Evaluator Episodes = 10498 | Evaluator Steps = 524900 | Final Dist = 1.086 | Final Dist 10 = 3.517 | Final Dist 100 = 2.120 | Final Dist 1000 = 1.694 | Init Dist = 1.414 | Init Dist 10 = 5.731 | Init Dist 100 = 5.525 | Init Dist 1000 = 5.567 | Learner Steps = 32206 | Learner Walltime = 6372.808 | Min Dist = 0.045 | Min Dist 10 = 0.068 | Min Dist 100 = 0.314 | Min Dist 1000 = 0.243 | Steps Per Second = 67.433 | Success = 1.000 | Success 1000 = 0.984
I0502 16:52:29.872093 139579566835264 terminal.py:91] [Evaluator] Actor Episodes = 41427 | Actor Steps = 2071350 | Delta Dist = 11.406 | Delta Dist 10 = 12.024 | Delta Dist 100 = 11.682 | Delta Dist 1000 = 11.624 | Episode Length = 50 | Episode Return = 16.0 | Evaluator Episodes = 10500 | Evaluator Steps = 525000 | Final Dist = 1.400 | Final Dist 10 = 0.782 | Final Dist 100 = 1.124 | Final Dist 1000 = 1.182 | Init Dist = 12.806 | Init Dist 10 = 12.806 | Init Dist 100 = 12.806 | Init Dist 1000 = 12.806 | Learner Steps = 32211 | Learner Walltime = 6373.948 | Min Dist = 0.049 | Min Dist 10 = 0.233 | Min Dist 100 = 0.433 | Min Dist 1000 = 0.534 | Steps Per Second = 77.258 | Success = 1.000 | Success 1000 = 0.945
I0502 16:52:30.681869 139557462840896 terminal.py:91] [Actor] Actor Episodes = 41433 | Actor Steps = 2071650 | Delta Dist = 8.446 | Delta Dist 10 = 3.220 | Delta Dist 100 = 3.520 | Delta Dist 1000 = 3.864 | Episode Length = 50 | Episode Return = 44.0 | Evaluator Episodes = 10500 | Evaluator Steps = 525000 | Final Dist = 0.039 | Final Dist 10 = 1.080 | Final Dist 100 = 1.988 | Final Dist 1000 = 1.687 | Init Dist = 8.485 | Init Dist 10 = 4.299 | Init Dist 100 = 5.508 | Init Dist 1000 = 5.551 | Learner Steps = 32211 | Learner Walltime = 6373.948 | Min Dist = 0.039 | Min Dist 10 = 0.067 | Min Dist 100 = 0.252 | Min Dist 1000 = 0.243 | Steps Per Second = 86.256 | Success = 1.000 | Success 1000 = 0.984
I0502 16:52:31.213431 139579566835264 terminal.py:91] [Evaluator] Actor Episodes = 41435 | Actor Steps = 2071750 | Delta Dist = 11.357 | Delta Dist 10 = 11.972 | Delta Dist 100 = 11.697 | Delta Dist 1000 = 11.624 | Episode Length = 50 | Episode Return = 13.0 | Evaluator Episodes = 10502 | Evaluator Steps = 525100 | Final Dist = 1.449 | Final Dist 10 = 0.834 | Final Dist 100 = 1.110 | Final Dist 1000 = 1.182 | Init Dist = 12.806 | Init Dist 10 = 12.806 | Init Dist 100 = 12.806 | Init Dist 1000 = 12.806 | Learner Steps = 32211 | Learner Walltime = 6373.948 | Min Dist = 0.075 | Min Dist 10 = 0.207 | Min Dist 100 = 0.427 | Min Dist 1000 = 0.534 | Steps Per Second = 64.221 | Success = 1.000 | Success 1000 = 0.945
I0502 16:52:32.528686 139579566835264 terminal.py:91] [Evaluator] Actor Episodes = 41443 | Actor Steps = 2072150 | Delta Dist = 11.579 | Delta Dist 10 = 11.943 | Delta Dist 100 = 11.698 | Delta Dist 1000 = 11.623 | Episode Length = 50 | Episode Return = 31.0 | Evaluator Episodes = 10504 | Evaluator Steps = 525200 | Final Dist = 1.227 | Final Dist 10 = 0.863 | Final Dist 100 = 1.109 | Final Dist 1000 = 1.183 | Init Dist = 12.806 | Init Dist 10 = 12.806 | Init Dist 100 = 12.806 | Init Dist 1000 = 12.806 | Learner Steps = 32224 | Learner Walltime = 6376.660 | Min Dist = 0.216 | Min Dist 10 = 0.124 | Min Dist 100 = 0.421 | Min Dist 1000 = 0.533 | Steps Per Second = 73.788 | Success = 1.000 | Success 1000 = 0.945
I0502 16:52:33.947401 139579566835264 terminal.py:91] [Evaluator] Actor Episodes = 41451 | Actor Steps = 2072550 | Delta Dist = 11.688 | Delta Dist 10 = 11.840 | Delta Dist 100 = 11.701 | Delta Dist 1000 = 11.623 | Episode Length = 50 | Episode Return = 31.0 | Evaluator Episodes = 10506 | Evaluator Steps = 525300 | Final Dist = 1.119 | Final Dist 10 = 0.966 | Final Dist 100 = 1.105 | Final Dist 1000 = 1.183 | Init Dist = 12.806 | Init Dist 10 = 12.806 | Init Dist 100 = 12.806 | Init Dist 1000 = 12.806 | Learner Steps = 32229 | Learner Walltime = 6377.782 | Min Dist = 0.306 | Min Dist 10 = 0.129 | Min Dist 100 = 0.419 | Min Dist 1000 = 0.533 | Steps Per Second = 68.005 | Success = 1.000 | Success 1000 = 0.945
I0502 16:52:34.829025 139555860620864 terminal.py:91] [Actor] Actor Episodes = 41454 | Actor Steps = 2072700 | Delta Dist = 1.897 | Delta Dist 10 = 3.863 | Delta Dist 100 = 3.963 | Delta Dist 1000 = 3.898 | Episode Length = 50 | Episode Return = 29.0 | Evaluator Episodes = 10506 | Evaluator Steps = 525300 | Final Dist = 0.340 | Final Dist 10 = 2.117 | Final Dist 100 = 1.902 | Final Dist 1000 = 1.661 | Init Dist = 2.236 | Init Dist 10 = 5.980 | Init Dist 100 = 5.864 | Init Dist 1000 = 5.560 | Learner Steps = 32229 | Learner Walltime = 6377.782 | Min Dist = 0.104 | Min Dist 10 = 0.133 | Min Dist 100 = 0.156 | Min Dist 1000 = 0.229 | Steps Per Second = 79.816 | Success = 1.000 | Success 1000 = 0.984
I0502 16:52:35.213919 139579566835264 terminal.py:91] [Evaluator] Actor Episodes = 41459 | Actor Steps = 2072950 | Delta Dist = 11.947 | Delta Dist 10 = 11.848 | Delta Dist 100 = 11.694 | Delta Dist 1000 = 11.623 | Episode Length = 50 | Episode Return = 14.0 | Evaluator Episodes = 10508 | Evaluator Steps = 525400 | Final Dist = 0.859 | Final Dist 10 = 0.958 | Final Dist 100 = 1.112 | Final Dist 1000 = 1.183 | Init Dist = 12.806 | Init Dist 10 = 12.806 | Init Dist 100 = 12.806 | Init Dist 1000 = 12.806 | Learner Steps = 32235 | Learner Walltime = 6378.995 | Min Dist = 0.316 | Min Dist 10 = 0.144 | Min Dist 100 = 0.419 | Min Dist 1000 = 0.533 | Steps Per Second = 81.759 | Success = 1.000 | Success 1000 = 0.945
I0502 16:52:36.027263 139555013154368 terminal.py:91] [Learner] Actor Episodes = 41463 | Actor Loss = 3.7981276512145996 | Actor Steps = 2073150 | Binary Accuracy = 0.9960999488830566 | Categorical Accuracy = 0.4268798828125 | Critic Loss = 1.7579020261764526 | Entropy Mean = -22.83090591430664 | Evaluator Episodes = 10508 | Evaluator Steps = 525400 | Learner Steps = 32242 | Learner Walltime = 6380.224 | Logits Neg = -17.345314025878906 | Logits Pos = -1.733612298965454 | Logsumexp = 1.0484609603881836 | Steps Per Second = 291.474
I0502 16:52:36.473322 139579566835264 terminal.py:91] [Evaluator] Actor Episodes = 41467 | Actor Steps = 2073350 | Delta Dist = 11.757 | Delta Dist 10 = 11.958 | Delta Dist 100 = 11.697 | Delta Dist 1000 = 11.623 | Episode Length = 50 | Episode Return = 14.0 | Evaluator Episodes = 10510 | Evaluator Steps = 525500 | Final Dist = 1.049 | Final Dist 10 = 0.848 | Final Dist 100 = 1.109 | Final Dist 1000 = 1.183 | Init Dist = 12.806 | Init Dist 10 = 12.806 | Init Dist 100 = 12.806 | Init Dist 1000 = 12.806 | Learner Steps = 32241 | Learner Walltime = 6380.004 | Min Dist = 0.159 | Min Dist 10 = 0.164 | Min Dist 100 = 0.419 | Min Dist 1000 = 0.533 | Steps Per Second = 78.455 | Success = 1.000 | Success 1000 = 0.945
I0502 16:52:36.860039 139584504182336 lp_utils.py:96] StepsLimiter: Reached 2073450 recorded steps
I0502 16:52:37.657887 139579566835264 terminal.py:91] [Evaluator] Actor Episodes = 41475 | Actor Steps = 2073750 | Delta Dist = 11.809 | Delta Dist 10 = 11.978 | Delta Dist 100 = 11.703 | Delta Dist 1000 = 11.629 | Episode Length = 50 | Episode Return = 16.0 | Evaluator Episodes = 10512 | Evaluator Steps = 525600 | Final Dist = 0.997 | Final Dist 10 = 0.828 | Final Dist 100 = 1.104 | Final Dist 1000 = 1.177 | Init Dist = 12.806 | Init Dist 10 = 12.806 | Init Dist 100 = 12.806 | Init Dist 1000 = 12.806 | Learner Steps = 32246 | Learner Walltime = 6381.209 | Min Dist = 0.181 | Min Dist 10 = 0.181 | Min Dist 100 = 0.416 | Min Dist 1000 = 0.527 | Steps Per Second = 85.938 | Success = 1.000 | Success 1000 = 0.946
I0502 16:52:38.748504 139558059398720 terminal.py:91] [Actor] Actor Episodes = 41483 | Actor Steps = 2074150 | Delta Dist = 6.683 | Delta Dist 10 = 4.524 | Delta Dist 100 = 4.430 | Delta Dist 1000 = 3.939 | Episode Length = 50 | Episode Return = 35.0 | Evaluator Episodes = 10512 | Evaluator Steps = 525600 | Final Dist = 1.127 | Final Dist 10 = 1.026 | Final Dist 100 = 1.653 | Final Dist 1000 = 1.624 | Init Dist = 7.810 | Init Dist 10 = 5.550 | Init Dist 100 = 6.083 | Init Dist 1000 = 5.563 | Learner Steps = 32252 | Learner Walltime = 6382.227 | Min Dist = 1.127 | Min Dist 10 = 0.079 | Min Dist 100 = 0.118 | Min Dist 1000 = 0.229 | Steps Per Second = 81.028 | Success = 0.000 | Success 1000 = 0.987
I0502 16:52:38.902489 139579566835264 terminal.py:91] [Evaluator] Actor Episodes = 41483 | Actor Steps = 2074150 | Delta Dist = 12.122 | Delta Dist 10 = 12.039 | Delta Dist 100 = 11.724 | Delta Dist 1000 = 11.630 | Episode Length = 50 | Episode Return = 31.0 | Evaluator Episodes = 10514 | Evaluator Steps = 525700 | Final Dist = 0.684 | Final Dist 10 = 0.767 | Final Dist 100 = 1.082 | Final Dist 1000 = 1.176 | Init Dist = 12.806 | Init Dist 10 = 12.806 | Init Dist 100 = 12.806 | Init Dist 1000 = 12.806 | Learner Steps = 32252 | Learner Walltime = 6382.227 | Min Dist = 0.079 | Min Dist 10 = 0.196 | Min Dist 100 = 0.413 | Min Dist 1000 = 0.526 | Steps Per Second = 75.319 | Success = 1.000 | Success 1000 = 0.946
I0502 16:52:39.473629 139569349502528 terminal.py:91] [Actor] Actor Episodes = 41487 | Actor Steps = 2074350 | Delta Dist = 2.405 | Delta Dist 10 = 5.190 | Delta Dist 100 = 4.400 | Delta Dist 1000 = 3.942 | Episode Length = 50 | Episode Return = 31.0 | Evaluator Episodes = 10514 | Evaluator Steps = 525700 | Final Dist = 0.757 | Final Dist 10 = 0.984 | Final Dist 100 = 1.646 | Final Dist 1000 = 1.622 | Init Dist = 3.162 | Init Dist 10 = 6.174 | Init Dist 100 = 6.046 | Init Dist 1000 = 5.564 | Learner Steps = 32257 | Learner Walltime = 6383.419 | Min Dist = 0.178 | Min Dist 10 = 0.168 | Min Dist 100 = 0.116 | Min Dist 1000 = 0.230 | Steps Per Second = 67.136 | Success = 1.000 | Success 1000 = 0.987
I0502 16:52:40.257230 139579566835264 terminal.py:91] [Evaluator] Actor Episodes = 41491 | Actor Steps = 2074550 | Delta Dist = 12.489 | Delta Dist 10 = 12.053 | Delta Dist 100 = 11.721 | Delta Dist 1000 = 11.631 | Episode Length = 50 | Episode Return = 23.0 | Evaluator Episodes = 10516 | Evaluator Steps = 525800 | Final Dist = 0.317 | Final Dist 10 = 0.753 | Final Dist 100 = 1.085 | Final Dist 1000 = 1.176 | Init Dist = 12.806 | Init Dist 10 = 12.806 | Init Dist 100 = 12.806 | Init Dist 1000 = 12.806 | Learner Steps = 32262 | Learner Walltime = 6384.451 | Min Dist = 0.058 | Min Dist 10 = 0.182 | Min Dist 100 = 0.409 | Min Dist 1000 = 0.526 | Steps Per Second = 83.050 | Success = 1.000 | Success 1000 = 0.946
I0502 16:52:40.875781 139557462840896 terminal.py:91] [Actor] Actor Episodes = 41497 | Actor Steps = 2074850 | Delta Dist = 8.746 | Delta Dist 10 = 5.232 | Delta Dist 100 = 4.649 | Delta Dist 1000 = 3.936 | Episode Length = 50 | Episode Return = 21.0 | Evaluator Episodes = 10516 | Evaluator Steps = 525800 | Final Dist = 0.198 | Final Dist 10 = 0.569 | Final Dist 100 = 1.356 | Final Dist 1000 = 1.612 | Init Dist = 8.944 | Init Dist 10 = 5.801 | Init Dist 100 = 6.004 | Init Dist 1000 = 5.549 | Learner Steps = 32262 | Learner Walltime = 6384.451 | Min Dist = 0.081 | Min Dist 10 = 0.100 | Min Dist 100 = 0.096 | Min Dist 1000 = 0.230 | Steps Per Second = 90.511 | Success = 1.000 | Success 1000 = 0.987
I0502 16:52:41.494104 139579566835264 terminal.py:91] [Evaluator] Actor Episodes = 41499 | Actor Steps = 2074950 | Delta Dist = 11.319 | Delta Dist 10 = 12.107 | Delta Dist 100 = 11.723 | Delta Dist 1000 = 11.636 | Episode Length = 50 | Episode Return = 18.0 | Evaluator Episodes = 10518 | Evaluator Steps = 525900 | Final Dist = 1.487 | Final Dist 10 = 0.699 | Final Dist 100 = 1.083 | Final Dist 1000 = 1.170 | Init Dist = 12.806 | Init Dist 10 = 12.806 | Init Dist 100 = 12.806 | Init Dist 1000 = 12.806 | Learner Steps = 32268 | Learner Walltime = 6385.649 | Min Dist = 0.207 | Min Dist 10 = 0.142 | Min Dist 100 = 0.409 | Min Dist 1000 = 0.522 | Steps Per Second = 78.443 | Success = 1.000 | Success 1000 = 0.947
I0502 16:52:42.821398 139579566835264 terminal.py:91] [Evaluator] Actor Episodes = 41507 | Actor Steps = 2075350 | Delta Dist = 12.763 | Delta Dist 10 = 11.984 | Delta Dist 100 = 11.759 | Delta Dist 1000 = 11.635 | Episode Length = 50 | Episode Return = 24.0 | Evaluator Episodes = 10520 | Evaluator Steps = 526000 | Final Dist = 0.044 | Final Dist 10 = 0.823 | Final Dist 100 = 1.047 | Final Dist 1000 = 1.171 | Init Dist = 12.806 | Init Dist 10 = 12.806 | Init Dist 100 = 12.806 | Init Dist 1000 = 12.806 | Learner Steps = 32273 | Learner Walltime = 6386.694 | Min Dist = 0.044 | Min Dist 10 = 0.151 | Min Dist 100 = 0.357 | Min Dist 1000 = 0.523 | Steps Per Second = 73.372 | Success = 1.000 | Success 1000 = 0.947
I0502 16:52:44.137128 139579566835264 terminal.py:91] [Evaluator] Actor Episodes = 41515 | Actor Steps = 2075750 | Delta Dist = 11.871 | Delta Dist 10 = 12.057 | Delta Dist 100 = 11.769 | Delta Dist 1000 = 11.636 | Episode Length = 50 | Episode Return = 10.0 | Evaluator Episodes = 10522 | Evaluator Steps = 526100 | Final Dist = 0.935 | Final Dist 10 = 0.749 | Final Dist 100 = 1.038 | Final Dist 1000 = 1.171 | Init Dist = 12.806 | Init Dist 10 = 12.806 | Init Dist 100 = 12.806 | Init Dist 1000 = 12.806 | Learner Steps = 32278 | Learner Walltime = 6387.758 | Min Dist = 0.478 | Min Dist 10 = 0.127 | Min Dist 100 = 0.351 | Min Dist 1000 = 0.522 | Steps Per Second = 75.245 | Success = 1.000 | Success 1000 = 0.947
I0502 16:52:44.927856 139555860620864 terminal.py:91] [Actor] Actor Episodes = 41518 | Actor Steps = 2075900 | Delta Dist = 9.383 | Delta Dist 10 = 3.572 | Delta Dist 100 = 4.483 | Delta Dist 1000 = 3.932 | Episode Length = 50 | Episode Return = 38.0 | Evaluator Episodes = 10522 | Evaluator Steps = 526100 | Final Dist = 0.466 | Final Dist 10 = 1.310 | Final Dist 100 = 1.260 | Final Dist 1000 = 1.619 | Init Dist = 9.849 | Init Dist 10 = 4.881 | Init Dist 100 = 5.743 | Init Dist 1000 = 5.550 | Learner Steps = 32278 | Learner Walltime = 6387.758 | Min Dist = 0.085 | Min Dist 10 = 0.127 | Min Dist 100 = 0.103 | Min Dist 1000 = 0.230 | Steps Per Second = 76.232 | Success = 1.000 | Success 1000 = 0.987
I0502 16:52:45.400091 139579566835264 terminal.py:91] [Evaluator] Actor Episodes = 41523 | Actor Steps = 2076150 | Delta Dist = 11.872 | Delta Dist 10 = 12.058 | Delta Dist 100 = 11.778 | Delta Dist 1000 = 11.636 | Episode Length = 50 | Episode Return = 21.0 | Evaluator Episodes = 10524 | Evaluator Steps = 526200 | Final Dist = 0.934 | Final Dist 10 = 0.748 | Final Dist 100 = 1.028 | Final Dist 1000 = 1.170 | Init Dist = 12.806 | Init Dist 10 = 12.806 | Init Dist 100 = 12.806 | Init Dist 1000 = 12.806 | Learner Steps = 32284 | Learner Walltime = 6388.989 | Min Dist = 0.111 | Min Dist 10 = 0.150 | Min Dist 100 = 0.354 | Min Dist 1000 = 0.523 | Steps Per Second = 76.098 | Success = 1.000 | Success 1000 = 0.947
I0502 16:52:46.259834 139555013154368 terminal.py:91] [Learner] Actor Episodes = 41525 | Actor Loss = 3.8173227310180664 | Actor Steps = 2076250 | Binary Accuracy = 0.9960894584655762 | Categorical Accuracy = 0.4383544921875 | Critic Loss = 1.703188419342041 | Entropy Mean = -22.156227111816406 | Evaluator Episodes = 10524 | Evaluator Steps = 526200 | Learner Steps = 32291 | Learner Walltime = 6390.457 | Logits Neg = -17.665979385375977 | Logits Pos = -1.6802985668182373 | Logsumexp = 1.1137245893478394 | Steps Per Second = 141.289
I0502 16:52:46.693654 139579566835264 terminal.py:91] [Evaluator] Actor Episodes = 41531 | Actor Steps = 2076550 | Delta Dist = 12.160 | Delta Dist 10 = 12.124 | Delta Dist 100 = 11.798 | Delta Dist 1000 = 11.636 | Episode Length = 50 | Episode Return = 25.0 | Evaluator Episodes = 10526 | Evaluator Steps = 526300 | Final Dist = 0.647 | Final Dist 10 = 0.682 | Final Dist 100 = 1.008 | Final Dist 1000 = 1.170 | Init Dist = 12.806 | Init Dist 10 = 12.806 | Init Dist 100 = 12.806 | Init Dist 1000 = 12.806 | Learner Steps = 32290 | Learner Walltime = 6390.004 | Min Dist = 0.095 | Min Dist 10 = 0.154 | Min Dist 100 = 0.351 | Min Dist 1000 = 0.522 | Steps Per Second = 91.188 | Success = 1.000 | Success 1000 = 0.947
I0502 16:52:46.880638 139584504182336 lp_utils.py:96] StepsLimiter: Reached 2076550 recorded steps
I0502 16:52:47.899165 139579566835264 terminal.py:91] [Evaluator] Actor Episodes = 41539 | Actor Steps = 2076950 | Delta Dist = 12.345 | Delta Dist 10 = 12.147 | Delta Dist 100 = 11.824 | Delta Dist 1000 = 11.636 | Episode Length = 50 | Episode Return = 22.0 | Evaluator Episodes = 10528 | Evaluator Steps = 526400 | Final Dist = 0.461 | Final Dist 10 = 0.659 | Final Dist 100 = 0.982 | Final Dist 1000 = 1.170 | Init Dist = 12.806 | Init Dist 10 = 12.806 | Init Dist 100 = 12.806 | Init Dist 1000 = 12.806 | Learner Steps = 32294 | Learner Walltime = 6391.125 | Min Dist = 0.084 | Min Dist 10 = 0.186 | Min Dist 100 = 0.339 | Min Dist 1000 = 0.523 | Steps Per Second = 79.842 | Success = 1.000 | Success 1000 = 0.947
I0502 16:52:48.914864 139558059398720 terminal.py:91] [Actor] Actor Episodes = 41547 | Actor Steps = 2077350 | Delta Dist = 2.463 | Delta Dist 10 = 4.471 | Delta Dist 100 = 4.559 | Delta Dist 1000 = 3.936 | Episode Length = 50 | Episode Return = 42.0 | Evaluator Episodes = 10528 | Evaluator Steps = 526400 | Final Dist = 0.365 | Final Dist 10 = 2.214 | Final Dist 100 = 1.421 | Final Dist 1000 = 1.629 | Init Dist = 2.828 | Init Dist 10 = 6.684 | Init Dist 100 = 5.979 | Init Dist 1000 = 5.566 | Learner Steps = 32301 | Learner Walltime = 6392.561 | Min Dist = 0.365 | Min Dist 10 = 0.135 | Min Dist 100 = 0.112 | Min Dist 1000 = 0.223 | Steps Per Second = 76.901 | Success = 1.000 | Success 1000 = 0.987
I0502 16:52:49.111727 139579566835264 terminal.py:91] [Evaluator] Actor Episodes = 41547 | Actor Steps = 2077350 | Delta Dist = 6.348 | Delta Dist 10 = 12.265 | Delta Dist 100 = 11.836 | Delta Dist 1000 = 11.637 | Episode Length = 50 | Episode Return = 0.0 | Evaluator Episodes = 10530 | Evaluator Steps = 526500 | Final Dist = 6.458 | Final Dist 10 = 0.541 | Final Dist 100 = 0.970 | Final Dist 1000 = 1.170 | Init Dist = 12.806 | Init Dist 10 = 12.806 | Init Dist 100 = 12.806 | Init Dist 1000 = 12.806 | Learner Steps = 32301 | Learner Walltime = 6392.561 | Min Dist = 5.263 | Min Dist 10 = 0.192 | Min Dist 100 = 0.335 | Min Dist 1000 = 0.522 | Steps Per Second = 82.972 | Success = 0.000 | Success 1000 = 0.947
I0502 16:52:49.961127 139569349502528 terminal.py:91] [Actor] Actor Episodes = 41551 | Actor Steps = 2077550 | Delta Dist = 4.056 | Delta Dist 10 = 3.788 | Delta Dist 100 = 4.548 | Delta Dist 1000 = 3.935 | Episode Length = 50 | Episode Return = 50.0 | Evaluator Episodes = 10530 | Evaluator Steps = 526500 | Final Dist = 0.187 | Final Dist 10 = 2.290 | Final Dist 100 = 1.371 | Final Dist 1000 = 1.631 | Init Dist = 4.243 | Init Dist 10 = 6.078 | Init Dist 100 = 5.919 | Init Dist 1000 = 5.566 | Learner Steps = 32306 | Learner Walltime = 6393.637 | Min Dist = 0.014 | Min Dist 10 = 0.126 | Min Dist 100 = 0.109 | Min Dist 1000 = 0.223 | Steps Per Second = 76.521 | Success = 1.000 | Success 1000 = 0.987
I0502 16:52:50.276889 139579566835264 terminal.py:91] [Evaluator] Actor Episodes = 41555 | Actor Steps = 2077750 | Delta Dist = 11.311 | Delta Dist 10 = 11.678 | Delta Dist 100 = 11.794 | Delta Dist 1000 = 11.633 | Episode Length = 50 | Episode Return = 20.0 | Evaluator Episodes = 10532 | Evaluator Steps = 526600 | Final Dist = 1.496 | Final Dist 10 = 1.129 | Final Dist 100 = 1.012 | Final Dist 1000 = 1.173 | Init Dist = 12.806 | Init Dist 10 = 12.806 | Init Dist 100 = 12.806 | Init Dist 1000 = 12.806 | Learner Steps = 32306 | Learner Walltime = 6393.637 | Min Dist = 0.102 | Min Dist 10 = 0.713 | Min Dist 100 = 0.387 | Min Dist 1000 = 0.525 | Steps Per Second = 92.733 | Success = 1.000 | Success 1000 = 0.947
I0502 16:52:51.340620 139557462840896 terminal.py:91] [Actor] Actor Episodes = 41561 | Actor Steps = 2078050 | Delta Dist = 8.110 | Delta Dist 10 = 3.991 | Delta Dist 100 = 4.555 | Delta Dist 1000 = 3.937 | Episode Length = 50 | Episode Return = 41.0 | Evaluator Episodes = 10532 | Evaluator Steps = 526600 | Final Dist = 0.376 | Final Dist 10 = 1.167 | Final Dist 100 = 1.337 | Final Dist 1000 = 1.635 | Init Dist = 8.485 | Init Dist 10 = 5.158 | Init Dist 100 = 5.891 | Init Dist 1000 = 5.572 | Learner Steps = 32312 | Learner Walltime = 6394.888 | Min Dist = 0.111 | Min Dist 10 = 0.076 | Min Dist 100 = 0.101 | Min Dist 1000 = 0.223 | Steps Per Second = 76.154 | Success = 1.000 | Success 1000 = 0.987
I0502 16:52:51.470649 139579566835264 terminal.py:91] [Evaluator] Actor Episodes = 41563 | Actor Steps = 2078150 | Delta Dist = 11.399 | Delta Dist 10 = 11.528 | Delta Dist 100 = 11.781 | Delta Dist 1000 = 11.632 | Episode Length = 50 | Episode Return = 8.0 | Evaluator Episodes = 10534 | Evaluator Steps = 526700 | Final Dist = 1.407 | Final Dist 10 = 1.279 | Final Dist 100 = 1.026 | Final Dist 1000 = 1.174 | Init Dist = 12.806 | Init Dist 10 = 12.806 | Init Dist 100 = 12.806 | Init Dist 1000 = 12.806 | Learner Steps = 32312 | Learner Walltime = 6394.888 | Min Dist = 0.065 | Min Dist 10 = 0.677 | Min Dist 100 = 0.387 | Min Dist 1000 = 0.524 | Steps Per Second = 81.896 | Success = 1.000 | Success 1000 = 0.947
I0502 16:52:52.741927 139579566835264 terminal.py:91] [Evaluator] Actor Episodes = 41571 | Actor Steps = 2078550 | Delta Dist = 11.153 | Delta Dist 10 = 11.485 | Delta Dist 100 = 11.793 | Delta Dist 1000 = 11.632 | Episode Length = 50 | Episode Return = 5.0 | Evaluator Episodes = 10536 | Evaluator Steps = 526800 | Final Dist = 1.653 | Final Dist 10 = 1.321 | Final Dist 100 = 1.014 | Final Dist 1000 = 1.174 | Init Dist = 12.806 | Init Dist 10 = 12.806 | Init Dist 100 = 12.806 | Init Dist 1000 = 12.806 | Learner Steps = 32319 | Learner Walltime = 6396.323 | Min Dist = 0.291 | Min Dist 10 = 0.665 | Min Dist 100 = 0.382 | Min Dist 1000 = 0.524 | Steps Per Second = 83.283 | Success = 1.000 | Success 1000 = 0.947
I0502 16:52:54.028888 139579566835264 terminal.py:91] [Evaluator] Actor Episodes = 41579 | Actor Steps = 2078950 | Delta Dist = 12.182 | Delta Dist 10 = 11.286 | Delta Dist 100 = 11.780 | Delta Dist 1000 = 11.631 | Episode Length = 50 | Episode Return = 17.0 | Evaluator Episodes = 10538 | Evaluator Steps = 526900 | Final Dist = 0.624 | Final Dist 10 = 1.520 | Final Dist 100 = 1.026 | Final Dist 1000 = 1.175 | Init Dist = 12.806 | Init Dist 10 = 12.806 | Init Dist 100 = 12.806 | Init Dist 1000 = 12.806 | Learner Steps = 32325 | Learner Walltime = 6397.518 | Min Dist = 0.168 | Min Dist 10 = 0.703 | Min Dist 100 = 0.389 | Min Dist 1000 = 0.524 | Steps Per Second = 79.134 | Success = 1.000 | Success 1000 = 0.947
I0502 16:52:55.187971 139555860620864 terminal.py:91] [Actor] Actor Episodes = 41582 | Actor Steps = 2079100 | Delta Dist = 0.148 | Delta Dist 10 = 2.982 | Delta Dist 100 = 4.366 | Delta Dist 1000 = 3.939 | Episode Length = 50 | Episode Return = 36.0 | Evaluator Episodes = 10538 | Evaluator Steps = 526900 | Final Dist = 1.266 | Final Dist 10 = 3.497 | Final Dist 100 = 1.713 | Final Dist 1000 = 1.669 | Init Dist = 1.414 | Init Dist 10 = 6.479 | Init Dist 100 = 6.079 | Init Dist 1000 = 5.608 | Learner Steps = 32325 | Learner Walltime = 6397.518 | Min Dist = 0.580 | Min Dist 10 = 0.454 | Min Dist 100 = 0.142 | Min Dist 1000 = 0.228 | Steps Per Second = 79.447 | Success = 1.000 | Success 1000 = 0.985
I0502 16:52:55.248878 139579566835264 terminal.py:91] [Evaluator] Actor Episodes = 41587 | Actor Steps = 2079350 | Delta Dist = 11.539 | Delta Dist 10 = 11.267 | Delta Dist 100 = 11.780 | Delta Dist 1000 = 11.631 | Episode Length = 50 | Episode Return = 14.0 | Evaluator Episodes = 10540 | Evaluator Steps = 527000 | Final Dist = 1.267 | Final Dist 10 = 1.539 | Final Dist 100 = 1.027 | Final Dist 1000 = 1.175 | Init Dist = 12.806 | Init Dist 10 = 12.806 | Init Dist 100 = 12.806 | Init Dist 1000 = 12.806 | Learner Steps = 32332 | Learner Walltime = 6398.764 | Min Dist = 0.313 | Min Dist 10 = 0.737 | Min Dist 100 = 0.395 | Min Dist 1000 = 0.525 | Steps Per Second = 76.218 | Success = 1.000 | Success 1000 = 0.947
I0502 16:52:56.406739 139555013154368 terminal.py:91] [Learner] Actor Episodes = 41589 | Actor Loss = 3.7752418518066406 | Actor Steps = 2079450 | Binary Accuracy = 0.996025562286377 | Categorical Accuracy = 0.4317626953125 | Critic Loss = 1.7328838109970093 | Entropy Mean = -23.12995147705078 | Evaluator Episodes = 10540 | Evaluator Steps = 527000 | Learner Steps = 32340 | Learner Walltime = 6400.603 | Logits Neg = -17.418712615966797 | Logits Pos = -1.7084720134735107 | Logsumexp = 1.1087201833724976 | Steps Per Second = 133.604
I0502 16:52:56.567090 139579566835264 terminal.py:91] [Evaluator] Actor Episodes = 41595 | Actor Steps = 2079750 | Delta Dist = 12.661 | Delta Dist 10 = 11.728 | Delta Dist 100 = 11.812 | Delta Dist 1000 = 11.632 | Episode Length = 50 | Episode Return = 19.0 | Evaluator Episodes = 10542 | Evaluator Steps = 527100 | Final Dist = 0.145 | Final Dist 10 = 1.078 | Final Dist 100 = 0.994 | Final Dist 1000 = 1.175 | Init Dist = 12.806 | Init Dist 10 = 12.806 | Init Dist 100 = 12.806 | Init Dist 1000 = 12.806 | Learner Steps = 32337 | Learner Walltime = 6399.986 | Min Dist = 0.133 | Min Dist 10 = 0.255 | Min Dist 100 = 0.357 | Min Dist 1000 = 0.525 | Steps Per Second = 73.908 | Success = 1.000 | Success 1000 = 0.947
I0502 16:52:56.898928 139584504182336 lp_utils.py:96] StepsLimiter: Reached 2079750 recorded steps
I0502 16:52:57.877831 139579566835264 terminal.py:91] [Evaluator] Actor Episodes = 41603 | Actor Steps = 2080150 | Delta Dist = 4.094 | Delta Dist 10 = 11.846 | Delta Dist 100 = 11.810 | Delta Dist 1000 = 11.632 | Episode Length = 50 | Episode Return = 0.0 | Evaluator Episodes = 10544 | Evaluator Steps = 527200 | Final Dist = 8.712 | Final Dist 10 = 0.960 | Final Dist 100 = 0.996 | Final Dist 1000 = 1.174 | Init Dist = 12.806 | Init Dist 10 = 12.806 | Init Dist 100 = 12.806 | Init Dist 1000 = 12.806 | Learner Steps = 32343 | Learner Walltime = 6401.239 | Min Dist = 7.865 | Min Dist 10 = 0.268 | Min Dist 100 = 0.354 | Min Dist 1000 = 0.525 | Steps Per Second = 81.141 | Success = 0.000 | Success 1000 = 0.947
I0502 16:52:58.955714 139558059398720 terminal.py:91] [Actor] Actor Episodes = 41607 | Actor Steps = 2080350 | Delta Dist = 5.284 | Delta Dist 10 = 4.855 | Delta Dist 100 = 4.129 | Delta Dist 1000 = 3.918 | Episode Length = 50 | Episode Return = 26.0 | Evaluator Episodes = 10544 | Evaluator Steps = 527200 | Final Dist = 0.799 | Final Dist 10 = 1.351 | Final Dist 100 = 1.993 | Final Dist 1000 = 1.689 | Init Dist = 6.083 | Init Dist 10 = 6.206 | Init Dist 100 = 6.122 | Init Dist 1000 = 5.607 | Learner Steps = 32351 | Learner Walltime = 6402.678 | Min Dist = 0.098 | Min Dist 10 = 0.273 | Min Dist 100 = 0.245 | Min Dist 1000 = 0.229 | Steps Per Second = 78.662 | Success = 1.000 | Success 1000 = 0.985
I0502 16:52:59.213144 139579566835264 terminal.py:91] [Evaluator] Actor Episodes = 41611 | Actor Steps = 2080550 | Delta Dist = 8.586 | Delta Dist 10 = 11.098 | Delta Dist 100 = 11.731 | Delta Dist 1000 = 11.634 | Episode Length = 50 | Episode Return = 0.0 | Evaluator Episodes = 10546 | Evaluator Steps = 527300 | Final Dist = 4.220 | Final Dist 10 = 1.708 | Final Dist 100 = 1.075 | Final Dist 1000 = 1.172 | Init Dist = 12.806 | Init Dist 10 = 12.806 | Init Dist 100 = 12.806 | Init Dist 1000 = 12.806 | Learner Steps = 32351 | Learner Walltime = 6402.678 | Min Dist = 4.220 | Min Dist 10 = 1.051 | Min Dist 100 = 0.430 | Min Dist 1000 = 0.525 | Steps Per Second = 74.855 | Success = 0.000 | Success 1000 = 0.947
I0502 16:53:00.103697 139569349502528 terminal.py:91] [Actor] Actor Episodes = 41619 | Actor Steps = 2080950 | Delta Dist = 7.200 | Delta Dist 10 = 4.785 | Delta Dist 100 = 4.219 | Delta Dist 1000 = 3.935 | Episode Length = 50 | Episode Return = 40.0 | Evaluator Episodes = 10546 | Evaluator Steps = 527300 | Final Dist = 1.403 | Final Dist 10 = 0.892 | Final Dist 100 = 1.847 | Final Dist 1000 = 1.683 | Init Dist = 8.602 | Init Dist 10 = 5.677 | Init Dist 100 = 6.067 | Init Dist 1000 = 5.618 | Learner Steps = 32357 | Learner Walltime = 6403.786 | Min Dist = 0.547 | Min Dist 10 = 0.305 | Min Dist 100 = 0.264 | Min Dist 1000 = 0.231 | Steps Per Second = 86.924 | Success = 1.000 | Success 1000 = 0.985
I0502 16:53:00.299585 139579566835264 terminal.py:91] [Evaluator] Actor Episodes = 41619 | Actor Steps = 2080950 | Delta Dist = 11.491 | Delta Dist 10 = 10.842 | Delta Dist 100 = 11.692 | Delta Dist 1000 = 11.631 | Episode Length = 50 | Episode Return = 15.0 | Evaluator Episodes = 10548 | Evaluator Steps = 527400 | Final Dist = 1.316 | Final Dist 10 = 1.964 | Final Dist 100 = 1.114 | Final Dist 1000 = 1.175 | Init Dist = 12.806 | Init Dist 10 = 12.806 | Init Dist 100 = 12.806 | Init Dist 1000 = 12.806 | Learner Steps = 32357 | Learner Walltime = 6403.786 | Min Dist = 0.656 | Min Dist 10 = 1.427 | Min Dist 100 = 0.472 | Min Dist 1000 = 0.529 | Steps Per Second = 89.936 | Success = 1.000 | Success 1000 = 0.946
I0502 16:53:01.450137 139579566835264 terminal.py:91] [Evaluator] Actor Episodes = 41627 | Actor Steps = 2081350 | Delta Dist = 12.085 | Delta Dist 10 = 10.799 | Delta Dist 100 = 11.683 | Delta Dist 1000 = 11.630 | Episode Length = 50 | Episode Return = 29.0 | Evaluator Episodes = 10550 | Evaluator Steps = 527500 | Final Dist = 0.721 | Final Dist 10 = 2.007 | Final Dist 100 = 1.123 | Final Dist 1000 = 1.176 | Init Dist = 12.806 | Init Dist 10 = 12.806 | Init Dist 100 = 12.806 | Init Dist 1000 = 12.806 | Learner Steps = 32363 | Learner Walltime = 6404.983 | Min Dist = 0.073 | Min Dist 10 = 1.443 | Min Dist 100 = 0.478 | Min Dist 1000 = 0.529 | Steps Per Second = 80.895 | Success = 1.000 | Success 1000 = 0.946
I0502 16:53:01.880049 139557462840896 terminal.py:91] [Actor] Actor Episodes = 41626 | Actor Steps = 2081300 | Delta Dist = 2.840 | Delta Dist 10 = 3.178 | Delta Dist 100 = 4.145 | Delta Dist 1000 = 3.922 | Episode Length = 50 | Episode Return = 35.0 | Evaluator Episodes = 10548 | Evaluator Steps = 527400 | Final Dist = 2.160 | Final Dist 10 = 2.049 | Final Dist 100 = 1.907 | Final Dist 1000 = 1.689 | Init Dist = 5.000 | Init Dist 10 = 5.227 | Init Dist 100 = 6.053 | Init Dist 1000 = 5.611 | Learner Steps = 32363 | Learner Walltime = 6404.983 | Min Dist = 0.011 | Min Dist 10 = 0.246 | Min Dist 100 = 0.279 | Min Dist 1000 = 0.232 | Steps Per Second = 91.663 | Success = 1.000 | Success 1000 = 0.986
I0502 16:53:02.621848 139579566835264 terminal.py:91] [Evaluator] Actor Episodes = 41635 | Actor Steps = 2081750 | Delta Dist = 12.242 | Delta Dist 10 = 10.787 | Delta Dist 100 = 11.696 | Delta Dist 1000 = 11.634 | Episode Length = 50 | Episode Return = 12.0 | Evaluator Episodes = 10552 | Evaluator Steps = 527600 | Final Dist = 0.565 | Final Dist 10 = 2.019 | Final Dist 100 = 1.110 | Final Dist 1000 = 1.172 | Init Dist = 12.806 | Init Dist 10 = 12.806 | Init Dist 100 = 12.806 | Init Dist 1000 = 12.806 | Learner Steps = 32370 | Learner Walltime = 6406.236 | Min Dist = 0.035 | Min Dist 10 = 1.401 | Min Dist 100 = 0.470 | Min Dist 1000 = 0.523 | Steps Per Second = 81.298 | Success = 1.000 | Success 1000 = 0.947
I0502 16:53:03.831919 139579566835264 terminal.py:91] [Evaluator] Actor Episodes = 41641 | Actor Steps = 2082050 | Delta Dist = 11.547 | Delta Dist 10 = 10.806 | Delta Dist 100 = 11.701 | Delta Dist 1000 = 11.635 | Episode Length = 50 | Episode Return = 24.0 | Evaluator Episodes = 10554 | Evaluator Steps = 527700 | Final Dist = 1.259 | Final Dist 10 = 2.000 | Final Dist 100 = 1.105 | Final Dist 1000 = 1.171 | Init Dist = 12.806 | Init Dist 10 = 12.806 | Init Dist 100 = 12.806 | Init Dist 1000 = 12.806 | Learner Steps = 32376 | Learner Walltime = 6407.488 | Min Dist = 0.046 | Min Dist 10 = 1.414 | Min Dist 100 = 0.468 | Min Dist 1000 = 0.524 | Steps Per Second = 76.084 | Success = 1.000 | Success 1000 = 0.947
I0502 16:53:05.129514 139579566835264 terminal.py:91] [Evaluator] Actor Episodes = 41649 | Actor Steps = 2082450 | Delta Dist = 10.931 | Delta Dist 10 = 11.448 | Delta Dist 100 = 11.696 | Delta Dist 1000 = 11.634 | Episode Length = 50 | Episode Return = 7.0 | Evaluator Episodes = 10556 | Evaluator Steps = 527800 | Final Dist = 1.875 | Final Dist 10 = 1.358 | Final Dist 100 = 1.110 | Final Dist 1000 = 1.172 | Init Dist = 12.806 | Init Dist 10 = 12.806 | Init Dist 100 = 12.806 | Init Dist 1000 = 12.806 | Learner Steps = 32382 | Learner Walltime = 6408.635 | Min Dist = 0.206 | Min Dist 10 = 0.629 | Min Dist 100 = 0.468 | Min Dist 1000 = 0.523 | Steps Per Second = 80.144 | Success = 1.000 | Success 1000 = 0.947
I0502 16:53:05.704578 139555860620864 terminal.py:91] [Actor] Actor Episodes = 41653 | Actor Steps = 2082650 | Delta Dist = 2.719 | Delta Dist 10 = 3.419 | Delta Dist 100 = 3.899 | Delta Dist 1000 = 3.902 | Episode Length = 50 | Episode Return = 29.0 | Evaluator Episodes = 10556 | Evaluator Steps = 527800 | Final Dist = 0.887 | Final Dist 10 = 2.362 | Final Dist 100 = 1.871 | Final Dist 1000 = 1.685 | Init Dist = 3.606 | Init Dist 10 = 5.781 | Init Dist 100 = 5.770 | Init Dist 1000 = 5.587 | Learner Steps = 32388 | Learner Walltime = 6409.799 | Min Dist = 0.061 | Min Dist 10 = 0.959 | Min Dist 100 = 0.356 | Min Dist 1000 = 0.240 | Steps Per Second = 83.491 | Success = 1.000 | Success 1000 = 0.987
I0502 16:53:06.302699 139579566835264 terminal.py:91] [Evaluator] Actor Episodes = 41655 | Actor Steps = 2082750 | Delta Dist = 11.234 | Delta Dist 10 = 11.766 | Delta Dist 100 = 11.689 | Delta Dist 1000 = 11.634 | Episode Length = 50 | Episode Return = 2.0 | Evaluator Episodes = 10558 | Evaluator Steps = 527900 | Final Dist = 1.573 | Final Dist 10 = 1.040 | Final Dist 100 = 1.117 | Final Dist 1000 = 1.172 | Init Dist = 12.806 | Init Dist 10 = 12.806 | Init Dist 100 = 12.806 | Init Dist 1000 = 12.806 | Learner Steps = 32388 | Learner Walltime = 6409.799 | Min Dist = 0.340 | Min Dist 10 = 0.246 | Min Dist 100 = 0.474 | Min Dist 1000 = 0.524 | Steps Per Second = 85.954 | Success = 1.000 | Success 1000 = 0.947
I0502 16:53:06.472006 139555013154368 terminal.py:91] [Learner] Actor Episodes = 41651 | Actor Loss = 3.6481575965881348 | Actor Steps = 2082550 | Binary Accuracy = 0.9960699081420898 | Categorical Accuracy = 0.42138671875 | Critic Loss = 1.7956432104110718 | Entropy Mean = -22.612302780151367 | Evaluator Episodes = 10556 | Evaluator Steps = 527800 | Learner Steps = 32392 | Learner Walltime = 6410.671 | Logits Neg = -17.381919860839844 | Logits Pos = -1.7823708057403564 | Logsumexp = 1.0769397020339966 | Steps Per Second = 272.154
I0502 16:53:06.921689 139584504182336 lp_utils.py:96] StepsLimiter: Reached 2082950 recorded steps
I0502 16:53:07.518746 139579566835264 terminal.py:91] [Evaluator] Actor Episodes = 41665 | Actor Steps = 2083250 | Delta Dist = 11.893 | Delta Dist 10 = 11.729 | Delta Dist 100 = 11.691 | Delta Dist 1000 = 11.634 | Episode Length = 50 | Episode Return = 30.0 | Evaluator Episodes = 10560 | Evaluator Steps = 528000 | Final Dist = 0.913 | Final Dist 10 = 1.077 | Final Dist 100 = 1.115 | Final Dist 1000 = 1.173 | Init Dist = 12.806 | Init Dist 10 = 12.806 | Init Dist 100 = 12.806 | Init Dist 1000 = 12.806 | Learner Steps = 32393 | Learner Walltime = 6411.012 | Min Dist = 0.429 | Min Dist 10 = 0.184 | Min Dist 100 = 0.472 | Min Dist 1000 = 0.524 | Steps Per Second = 81.079 | Success = 1.000 | Success 1000 = 0.947
I0502 16:53:08.756335 139579566835264 terminal.py:91] [Evaluator] Actor Episodes = 41671 | Actor Steps = 2083550 | Delta Dist = 11.887 | Delta Dist 10 = 11.759 | Delta Dist 100 = 11.693 | Delta Dist 1000 = 11.634 | Episode Length = 50 | Episode Return = 14.0 | Evaluator Episodes = 10562 | Evaluator Steps = 528100 | Final Dist = 0.920 | Final Dist 10 = 1.048 | Final Dist 100 = 1.113 | Final Dist 1000 = 1.172 | Init Dist = 12.806 | Init Dist 10 = 12.806 | Init Dist 100 = 12.806 | Init Dist 1000 = 12.806 | Learner Steps = 32400 | Learner Walltime = 6412.261 | Min Dist = 0.789 | Min Dist 10 = 0.243 | Min Dist 100 = 0.473 | Min Dist 1000 = 0.524 | Steps Per Second = 86.440 | Success = 1.000 | Success 1000 = 0.947
I0502 16:53:09.377691 139558059398720 terminal.py:91] [Actor] Actor Episodes = 41674 | Actor Steps = 2083700 | Delta Dist = 8.833 | Delta Dist 10 = 4.601 | Delta Dist 100 = 3.590 | Delta Dist 1000 = 3.894 | Episode Length = 50 | Episode Return = 37.0 | Evaluator Episodes = 10562 | Evaluator Steps = 528100 | Final Dist = 0.111 | Final Dist 10 = 1.362 | Final Dist 100 = 1.904 | Final Dist 1000 = 1.692 | Init Dist = 8.944 | Init Dist 10 = 5.962 | Init Dist 100 = 5.494 | Init Dist 1000 = 5.586 | Learner Steps = 32400 | Learner Walltime = 6412.261 | Min Dist = 0.010 | Min Dist 10 = 0.082 | Min Dist 100 = 0.352 | Min Dist 1000 = 0.240 | Steps Per Second = 85.011 | Success = 1.000 | Success 1000 = 0.987
I0502 16:53:10.094300 139579566835264 terminal.py:91] [Evaluator] Actor Episodes = 41683 | Actor Steps = 2084150 | Delta Dist = 10.938 | Delta Dist 10 = 11.719 | Delta Dist 100 = 11.691 | Delta Dist 1000 = 11.635 | Episode Length = 50 | Episode Return = 6.0 | Evaluator Episodes = 10564 | Evaluator Steps = 528200 | Final Dist = 1.868 | Final Dist 10 = 1.087 | Final Dist 100 = 1.115 | Final Dist 1000 = 1.171 | Init Dist = 12.806 | Init Dist 10 = 12.806 | Init Dist 100 = 12.806 | Init Dist 1000 = 12.806 | Learner Steps = 32406 | Learner Walltime = 6413.514 | Min Dist = 0.754 | Min Dist 10 = 0.280 | Min Dist 100 = 0.478 | Min Dist 1000 = 0.524 | Steps Per Second = 72.186 | Success = 1.000 | Success 1000 = 0.947
I0502 16:53:10.734908 139569349502528 terminal.py:91] [Actor] Actor Episodes = 41682 | Actor Steps = 2084100 | Delta Dist = 2.846 | Delta Dist 10 = 4.749 | Delta Dist 100 = 3.745 | Delta Dist 1000 = 3.884 | Episode Length = 50 | Episode Return = 42.0 | Evaluator Episodes = 10562 | Evaluator Steps = 528100 | Final Dist = 0.316 | Final Dist 10 = 1.588 | Final Dist 100 = 1.781 | Final Dist 1000 = 1.701 | Init Dist = 3.162 | Init Dist 10 = 6.338 | Init Dist 100 = 5.526 | Init Dist 1000 = 5.586 | Learner Steps = 32406 | Learner Walltime = 6413.514 | Min Dist = 0.023 | Min Dist 10 = 0.116 | Min Dist 100 = 0.338 | Min Dist 1000 = 0.240 | Steps Per Second = 75.210 | Success = 1.000 | Success 1000 = 0.987
I0502 16:53:11.378932 139579566835264 terminal.py:91] [Evaluator] Actor Episodes = 41687 | Actor Steps = 2084350 | Delta Dist = 12.482 | Delta Dist 10 = 11.737 | Delta Dist 100 = 11.674 | Delta Dist 1000 = 11.635 | Episode Length = 50 | Episode Return = 22.0 | Evaluator Episodes = 10566 | Evaluator Steps = 528300 | Final Dist = 0.324 | Final Dist 10 = 1.069 | Final Dist 100 = 1.132 | Final Dist 1000 = 1.171 | Init Dist = 12.806 | Init Dist 10 = 12.806 | Init Dist 100 = 12.806 | Init Dist 1000 = 12.806 | Learner Steps = 32412 | Learner Walltime = 6414.816 | Min Dist = 0.060 | Min Dist 10 = 0.353 | Min Dist 100 = 0.479 | Min Dist 1000 = 0.525 | Steps Per Second = 78.140 | Success = 1.000 | Success 1000 = 0.947
I0502 16:53:12.393621 139557462840896 terminal.py:91] [Actor] Actor Episodes = 41695 | Actor Steps = 2084750 | Delta Dist = 4.978 | Delta Dist 10 = 5.188 | Delta Dist 100 = 3.952 | Delta Dist 1000 = 3.892 | Episode Length = 50 | Episode Return = 41.0 | Evaluator Episodes = 10566 | Evaluator Steps = 528300 | Final Dist = 1.022 | Final Dist 10 = 1.678 | Final Dist 100 = 1.568 | Final Dist 1000 = 1.705 | Init Dist = 6.000 | Init Dist 10 = 6.867 | Init Dist 100 = 5.520 | Init Dist 1000 = 5.598 | Learner Steps = 32418 | Learner Walltime = 6416.133 | Min Dist = 0.030 | Min Dist 10 = 0.079 | Min Dist 100 = 0.235 | Min Dist 1000 = 0.240 | Steps Per Second = 91.468 | Success = 1.000 | Success 1000 = 0.987
I0502 16:53:12.521179 139579566835264 terminal.py:91] [Evaluator] Actor Episodes = 41695 | Actor Steps = 2084750 | Delta Dist = 6.672 | Delta Dist 10 = 11.824 | Delta Dist 100 = 11.672 | Delta Dist 1000 = 11.636 | Episode Length = 50 | Episode Return = 0.0 | Evaluator Episodes = 10568 | Evaluator Steps = 528400 | Final Dist = 6.135 | Final Dist 10 = 0.983 | Final Dist 100 = 1.134 | Final Dist 1000 = 1.170 | Init Dist = 12.806 | Init Dist 10 = 12.806 | Init Dist 100 = 12.806 | Init Dist 1000 = 12.806 | Learner Steps = 32418 | Learner Walltime = 6416.133 | Min Dist = 5.074 | Min Dist 10 = 0.289 | Min Dist 100 = 0.479 | Min Dist 1000 = 0.524 | Steps Per Second = 99.216 | Success = 0.000 | Success 1000 = 0.947
I0502 16:53:13.707527 139579566835264 terminal.py:91] [Evaluator] Actor Episodes = 41703 | Actor Steps = 2085150 | Delta Dist = 5.981 | Delta Dist 10 = 10.844 | Delta Dist 100 = 11.618 | Delta Dist 1000 = 11.624 | Episode Length = 50 | Episode Return = 0.0 | Evaluator Episodes = 10570 | Evaluator Steps = 528500 | Final Dist = 6.825 | Final Dist 10 = 1.963 | Final Dist 100 = 1.189 | Final Dist 1000 = 1.182 | Init Dist = 12.806 | Init Dist 10 = 12.806 | Init Dist 100 = 12.806 | Init Dist 1000 = 12.806 | Learner Steps = 32424 | Learner Walltime = 6417.309 | Min Dist = 5.311 | Min Dist 10 = 1.315 | Min Dist 100 = 0.532 | Min Dist 1000 = 0.534 | Steps Per Second = 83.094 | Success = 0.000 | Success 1000 = 0.945
I0502 16:53:14.914425 139579566835264 terminal.py:91] [Evaluator] Actor Episodes = 41711 | Actor Steps = 2085550 | Delta Dist = 12.294 | Delta Dist 10 = 10.239 | Delta Dist 100 = 11.558 | Delta Dist 1000 = 11.621 | Episode Length = 50 | Episode Return = 12.0 | Evaluator Episodes = 10572 | Evaluator Steps = 528600 | Final Dist = 0.512 | Final Dist 10 = 2.567 | Final Dist 100 = 1.249 | Final Dist 1000 = 1.186 | Init Dist = 12.806 | Init Dist 10 = 12.806 | Init Dist 100 = 12.806 | Init Dist 1000 = 12.806 | Learner Steps = 32432 | Learner Walltime = 6418.784 | Min Dist = 0.155 | Min Dist 10 = 1.798 | Min Dist 100 = 0.583 | Min Dist 1000 = 0.535 | Steps Per Second = 80.558 | Success = 1.000 | Success 1000 = 0.945
I0502 16:53:15.853772 139555860620864 terminal.py:91] [Actor] Actor Episodes = 41717 | Actor Steps = 2085850 | Delta Dist = 1.243 | Delta Dist 10 = 6.600 | Delta Dist 100 = 4.190 | Delta Dist 1000 = 3.932 | Episode Length = 50 | Episode Return = 30.0 | Evaluator Episodes = 10572 | Evaluator Steps = 528600 | Final Dist = 0.757 | Final Dist 10 = 1.908 | Final Dist 100 = 1.632 | Final Dist 1000 = 1.708 | Init Dist = 2.000 | Init Dist 10 = 8.508 | Init Dist 100 = 5.822 | Init Dist 1000 = 5.640 | Learner Steps = 32432 | Learner Walltime = 6418.784 | Min Dist = 0.009 | Min Dist 10 = 0.132 | Min Dist 100 = 0.189 | Min Dist 1000 = 0.236 | Steps Per Second = 83.153 | Success = 1.000 | Success 1000 = 0.987
I0502 16:53:16.168043 139579566835264 terminal.py:91] [Evaluator] Actor Episodes = 41719 | Actor Steps = 2085950 | Delta Dist = 10.141 | Delta Dist 10 = 9.780 | Delta Dist 100 = 11.570 | Delta Dist 1000 = 11.617 | Episode Length = 50 | Episode Return = 4.0 | Evaluator Episodes = 10574 | Evaluator Steps = 528700 | Final Dist = 2.665 | Final Dist 10 = 3.026 | Final Dist 100 = 1.236 | Final Dist 1000 = 1.189 | Init Dist = 12.806 | Init Dist 10 = 12.806 | Init Dist 100 = 12.806 | Init Dist 1000 = 12.806 | Learner Steps = 32439 | Learner Walltime = 6420.055 | Min Dist = 0.494 | Min Dist 10 = 2.268 | Min Dist 100 = 0.580 | Min Dist 1000 = 0.540 | Steps Per Second = 76.401 | Success = 1.000 | Success 1000 = 0.944
I0502 16:53:16.529299 139555013154368 terminal.py:91] [Learner] Actor Episodes = 41717 | Actor Loss = 3.7700836658477783 | Actor Steps = 2085850 | Binary Accuracy = 0.9960429668426514 | Categorical Accuracy = 0.42694091796875 | Critic Loss = 1.7269971370697021 | Entropy Mean = -23.44182014465332 | Evaluator Episodes = 10572 | Evaluator Steps = 528600 | Learner Steps = 32442 | Learner Walltime = 6420.723 | Logits Neg = -17.726985931396484 | Logits Pos = -1.6771708726882935 | Logsumexp = 1.1314154863357544 | Steps Per Second = 171.627
I0502 16:53:16.940529 139584504182336 lp_utils.py:96] StepsLimiter: Reached 2086150 recorded steps
I0502 16:53:17.368797 139579566835264 terminal.py:91] [Evaluator] Actor Episodes = 41727 | Actor Steps = 2086350 | Delta Dist = 12.207 | Delta Dist 10 = 9.620 | Delta Dist 100 = 11.559 | Delta Dist 1000 = 11.615 | Episode Length = 50 | Episode Return = 16.0 | Evaluator Episodes = 10576 | Evaluator Steps = 528800 | Final Dist = 0.599 | Final Dist 10 = 3.186 | Final Dist 100 = 1.247 | Final Dist 1000 = 1.191 | Init Dist = 12.806 | Init Dist 10 = 12.806 | Init Dist 100 = 12.806 | Init Dist 1000 = 12.806 | Learner Steps = 32445 | Learner Walltime = 6421.330 | Min Dist = 0.028 | Min Dist 10 = 2.284 | Min Dist 100 = 0.585 | Min Dist 1000 = 0.540 | Steps Per Second = 81.869 | Success = 1.000 | Success 1000 = 0.944
I0502 16:53:18.602583 139579566835264 terminal.py:91] [Evaluator] Actor Episodes = 41735 | Actor Steps = 2086750 | Delta Dist = 12.175 | Delta Dist 10 = 9.620 | Delta Dist 100 = 11.552 | Delta Dist 1000 = 11.614 | Episode Length = 50 | Episode Return = 26.0 | Evaluator Episodes = 10578 | Evaluator Steps = 528900 | Final Dist = 0.631 | Final Dist 10 = 3.186 | Final Dist 100 = 1.254 | Final Dist 1000 = 1.192 | Init Dist = 12.806 | Init Dist 10 = 12.806 | Init Dist 100 = 12.806 | Init Dist 1000 = 12.806 | Learner Steps = 32451 | Learner Walltime = 6422.635 | Min Dist = 0.238 | Min Dist 10 = 2.279 | Min Dist 100 = 0.582 | Min Dist 1000 = 0.540 | Steps Per Second = 79.241 | Success = 1.000 | Success 1000 = 0.944
I0502 16:53:19.354554 139584635659840 savers.py:156] Saving checkpoint: logs/contrastive_cpc_point_FourRooms_64/5dd72662-2788-11f0-b183-d85ed38c5779/checkpoints/counter
I0502 16:53:19.598847 139558059398720 terminal.py:91] [Actor] Actor Episodes = 41738 | Actor Steps = 2086900 | Delta Dist = 4.202 | Delta Dist 10 = 4.302 | Delta Dist 100 = 4.671 | Delta Dist 1000 = 3.961 | Episode Length = 50 | Episode Return = 49.0 | Evaluator Episodes = 10578 | Evaluator Steps = 528900 | Final Dist = 0.270 | Final Dist 10 = 2.088 | Final Dist 100 = 1.626 | Final Dist 1000 = 1.717 | Init Dist = 4.472 | Init Dist 10 = 6.391 | Init Dist 100 = 6.298 | Init Dist 1000 = 5.678 | Learner Steps = 32451 | Learner Walltime = 6422.635 | Min Dist = 0.014 | Min Dist 10 = 0.079 | Min Dist 100 = 0.180 | Min Dist 1000 = 0.235 | Steps Per Second = 66.036 | Success = 1.000 | Success 1000 = 0.987
I0502 16:53:19.991231 139579566835264 terminal.py:91] [Evaluator] Actor Episodes = 41743 | Actor Steps = 2087150 | Delta Dist = 12.068 | Delta Dist 10 = 10.657 | Delta Dist 100 = 11.551 | Delta Dist 1000 = 11.615 | Episode Length = 50 | Episode Return = 22.0 | Evaluator Episodes = 10580 | Evaluator Steps = 529000 | Final Dist = 0.738 | Final Dist 10 = 2.149 | Final Dist 100 = 1.256 | Final Dist 1000 = 1.191 | Init Dist = 12.806 | Init Dist 10 = 12.806 | Init Dist 100 = 12.806 | Init Dist 1000 = 12.806 | Learner Steps = 32457 | Learner Walltime = 6423.925 | Min Dist = 0.344 | Min Dist 10 = 1.305 | Min Dist 100 = 0.588 | Min Dist 1000 = 0.540 | Steps Per Second = 65.524 | Success = 1.000 | Success 1000 = 0.944
I0502 16:53:20.960589 139569349502528 terminal.py:91] [Actor] Actor Episodes = 41748 | Actor Steps = 2087400 | Delta Dist = 5.046 | Delta Dist 10 = 3.525 | Delta Dist 100 = 4.590 | Delta Dist 1000 = 3.968 | Episode Length = 50 | Episode Return = 31.0 | Evaluator Episodes = 10580 | Evaluator Steps = 529000 | Final Dist = 0.340 | Final Dist 10 = 1.978 | Final Dist 100 = 1.669 | Final Dist 1000 = 1.721 | Init Dist = 5.385 | Init Dist 10 = 5.503 | Init Dist 100 = 6.260 | Init Dist 1000 = 5.689 | Learner Steps = 32457 | Learner Walltime = 6423.925 | Min Dist = 0.015 | Min Dist 10 = 0.051 | Min Dist 100 = 0.092 | Min Dist 1000 = 0.235 | Steps Per Second = 81.064 | Success = 1.000 | Success 1000 = 0.987
I0502 16:53:21.265894 139579566835264 terminal.py:91] [Evaluator] Actor Episodes = 41751 | Actor Steps = 2087550 | Delta Dist = 10.493 | Delta Dist 10 = 11.273 | Delta Dist 100 = 11.562 | Delta Dist 1000 = 11.615 | Episode Length = 50 | Episode Return = 0.0 | Evaluator Episodes = 10582 | Evaluator Steps = 529100 | Final Dist = 2.313 | Final Dist 10 = 1.534 | Final Dist 100 = 1.245 | Final Dist 1000 = 1.191 | Init Dist = 12.806 | Init Dist 10 = 12.806 | Init Dist 100 = 12.806 | Init Dist 1000 = 12.806 | Learner Steps = 32463 | Learner Walltime = 6425.287 | Min Dist = 1.862 | Min Dist 10 = 0.796 | Min Dist 100 = 0.588 | Min Dist 1000 = 0.540 | Steps Per Second = 81.045 | Success = 0.000 | Success 1000 = 0.944
I0502 16:53:22.434987 139579566835264 terminal.py:91] [Evaluator] Actor Episodes = 41759 | Actor Steps = 2087950 | Delta Dist = 11.820 | Delta Dist 10 = 11.613 | Delta Dist 100 = 11.542 | Delta Dist 1000 = 11.614 | Episode Length = 50 | Episode Return = 29.0 | Evaluator Episodes = 10584 | Evaluator Steps = 529200 | Final Dist = 0.986 | Final Dist 10 = 1.193 | Final Dist 100 = 1.265 | Final Dist 1000 = 1.192 | Init Dist = 12.806 | Init Dist 10 = 12.806 | Init Dist 100 = 12.806 | Init Dist 1000 = 12.806 | Learner Steps = 32469 | Learner Walltime = 6426.360 | Min Dist = 0.207 | Min Dist 10 = 0.451 | Min Dist 100 = 0.607 | Min Dist 1000 = 0.542 | Steps Per Second = 82.415 | Success = 1.000 | Success 1000 = 0.943
I0502 16:53:22.873423 139557462840896 terminal.py:91] [Actor] Actor Episodes = 41758 | Actor Steps = 2087900 | Delta Dist = 1.555 | Delta Dist 10 = 5.901 | Delta Dist 100 = 5.059 | Delta Dist 1000 = 3.985 | Episode Length = 50 | Episode Return = 36.0 | Evaluator Episodes = 10582 | Evaluator Steps = 529100 | Final Dist = 0.681 | Final Dist 10 = 1.121 | Final Dist 100 = 1.455 | Final Dist 1000 = 1.713 | Init Dist = 2.236 | Init Dist 10 = 7.023 | Init Dist 100 = 6.514 | Init Dist 1000 = 5.699 | Learner Steps = 32469 | Learner Walltime = 6426.360 | Min Dist = 0.132 | Min Dist 10 = 0.045 | Min Dist 100 = 0.081 | Min Dist 1000 = 0.234 | Steps Per Second = 71.204 | Success = 1.000 | Success 1000 = 0.987
I0502 16:53:23.814669 139579566835264 terminal.py:91] [Evaluator] Actor Episodes = 41767 | Actor Steps = 2088350 | Delta Dist = 12.351 | Delta Dist 10 = 11.859 | Delta Dist 100 = 11.546 | Delta Dist 1000 = 11.613 | Episode Length = 50 | Episode Return = 18.0 | Evaluator Episodes = 10586 | Evaluator Steps = 529300 | Final Dist = 0.455 | Final Dist 10 = 0.947 | Final Dist 100 = 1.260 | Final Dist 1000 = 1.193 | Init Dist = 12.806 | Init Dist 10 = 12.806 | Init Dist 100 = 12.806 | Init Dist 1000 = 12.806 | Learner Steps = 32476 | Learner Walltime = 6427.670 | Min Dist = 0.106 | Min Dist 10 = 0.394 | Min Dist 100 = 0.610 | Min Dist 1000 = 0.542 | Steps Per Second = 73.219 | Success = 1.000 | Success 1000 = 0.943
I0502 16:53:25.045170 139579566835264 terminal.py:91] [Evaluator] Actor Episodes = 41775 | Actor Steps = 2088750 | Delta Dist = 11.444 | Delta Dist 10 = 11.931 | Delta Dist 100 = 11.555 | Delta Dist 1000 = 11.613 | Episode Length = 50 | Episode Return = 3.0 | Evaluator Episodes = 10588 | Evaluator Steps = 529400 | Final Dist = 1.363 | Final Dist 10 = 0.875 | Final Dist 100 = 1.251 | Final Dist 1000 = 1.193 | Init Dist = 12.806 | Init Dist 10 = 12.806 | Init Dist 100 = 12.806 | Init Dist 1000 = 12.806 | Learner Steps = 32482 | Learner Walltime = 6429.007 | Min Dist = 0.061 | Min Dist 10 = 0.407 | Min Dist 100 = 0.607 | Min Dist 1000 = 0.542 | Steps Per Second = 80.503 | Success = 1.000 | Success 1000 = 0.943
I0502 16:53:26.016157 139555860620864 terminal.py:91] [Actor] Actor Episodes = 41781 | Actor Steps = 2089050 | Delta Dist = 5.553 | Delta Dist 10 = 3.758 | Delta Dist 100 = 4.923 | Delta Dist 1000 = 4.023 | Episode Length = 50 | Episode Return = 24.0 | Evaluator Episodes = 10588 | Evaluator Steps = 529400 | Final Dist = 0.530 | Final Dist 10 = 2.346 | Final Dist 100 = 1.469 | Final Dist 1000 = 1.684 | Init Dist = 6.083 | Init Dist 10 = 6.104 | Init Dist 100 = 6.392 | Init Dist 1000 = 5.707 | Learner Steps = 32482 | Learner Walltime = 6429.007 | Min Dist = 0.131 | Min Dist 10 = 0.127 | Min Dist 100 = 0.090 | Min Dist 1000 = 0.232 | Steps Per Second = 82.140 | Success = 1.000 | Success 1000 = 0.986
I0502 16:53:26.236479 139579566835264 terminal.py:91] [Evaluator] Actor Episodes = 41783 | Actor Steps = 2089150 | Delta Dist = 12.143 | Delta Dist 10 = 11.859 | Delta Dist 100 = 11.539 | Delta Dist 1000 = 11.612 | Episode Length = 50 | Episode Return = 14.0 | Evaluator Episodes = 10590 | Evaluator Steps = 529500 | Final Dist = 0.663 | Final Dist 10 = 0.947 | Final Dist 100 = 1.268 | Final Dist 1000 = 1.194 | Init Dist = 12.806 | Init Dist 10 = 12.806 | Init Dist 100 = 12.806 | Init Dist 1000 = 12.806 | Learner Steps = 32489 | Learner Walltime = 6430.308 | Min Dist = 0.577 | Min Dist 10 = 0.390 | Min Dist 100 = 0.611 | Min Dist 1000 = 0.542 | Steps Per Second = 82.673 | Success = 1.000 | Success 1000 = 0.943
I0502 16:53:26.609539 139555013154368 terminal.py:91] [Learner] Actor Episodes = 41783 | Actor Loss = 3.5900485515594482 | Actor Steps = 2089150 | Binary Accuracy = 0.99607253074646 | Categorical Accuracy = 0.4139404296875 | Critic Loss = 1.7707545757293701 | Entropy Mean = -21.911863327026367 | Evaluator Episodes = 10588 | Evaluator Steps = 529400 | Learner Steps = 32491 | Learner Walltime = 6430.803 | Logits Neg = -17.343149185180664 | Logits Pos = -1.7419500350952148 | Logsumexp = 1.0557966232299805 | Steps Per Second = 148.906
I0502 16:53:26.964705 139584504182336 lp_utils.py:96] StepsLimiter: Reached 2089350 recorded steps
I0502 16:53:27.476337 139579566835264 terminal.py:91] [Evaluator] Actor Episodes = 41791 | Actor Steps = 2089550 | Delta Dist = 12.175 | Delta Dist 10 = 11.884 | Delta Dist 100 = 11.535 | Delta Dist 1000 = 11.613 | Episode Length = 50 | Episode Return = 13.0 | Evaluator Episodes = 10592 | Evaluator Steps = 529600 | Final Dist = 0.631 | Final Dist 10 = 0.922 | Final Dist 100 = 1.271 | Final Dist 1000 = 1.193 | Init Dist = 12.806 | Init Dist 10 = 12.806 | Init Dist 100 = 12.806 | Init Dist 1000 = 12.806 | Learner Steps = 32494 | Learner Walltime = 6431.433 | Min Dist = 0.415 | Min Dist 10 = 0.418 | Min Dist 100 = 0.614 | Min Dist 1000 = 0.542 | Steps Per Second = 74.643 | Success = 1.000 | Success 1000 = 0.943
I0502 16:53:28.656142 139579566835264 terminal.py:91] [Evaluator] Actor Episodes = 41799 | Actor Steps = 2089950 | Delta Dist = 11.689 | Delta Dist 10 = 12.024 | Delta Dist 100 = 11.536 | Delta Dist 1000 = 11.614 | Episode Length = 50 | Episode Return = 8.0 | Evaluator Episodes = 10594 | Evaluator Steps = 529700 | Final Dist = 1.118 | Final Dist 10 = 0.782 | Final Dist 100 = 1.271 | Final Dist 1000 = 1.192 | Init Dist = 12.806 | Init Dist 10 = 12.806 | Init Dist 100 = 12.806 | Init Dist 1000 = 12.806 | Learner Steps = 32501 | Learner Walltime = 6432.628 | Min Dist = 0.701 | Min Dist 10 = 0.273 | Min Dist 100 = 0.610 | Min Dist 1000 = 0.541 | Steps Per Second = 86.678 | Success = 1.000 | Success 1000 = 0.943
I0502 16:53:29.194334 139583350109760 savers.py:156] Saving checkpoint: logs/contrastive_cpc_point_FourRooms_64/5dd72662-2788-11f0-b183-d85ed38c5779/checkpoints/learner
I0502 16:53:29.915819 139579566835264 terminal.py:91] [Evaluator] Actor Episodes = 41807 | Actor Steps = 2090350 | Delta Dist = 12.780 | Delta Dist 10 = 12.042 | Delta Dist 100 = 11.531 | Delta Dist 1000 = 11.614 | Episode Length = 50 | Episode Return = 11.0 | Evaluator Episodes = 10596 | Evaluator Steps = 529800 | Final Dist = 0.026 | Final Dist 10 = 0.765 | Final Dist 100 = 1.275 | Final Dist 1000 = 1.192 | Init Dist = 12.806 | Init Dist 10 = 12.806 | Init Dist 100 = 12.806 | Init Dist 1000 = 12.806 | Learner Steps = 32501 | Learner Walltime = 6432.628 | Min Dist = 0.026 | Min Dist 10 = 0.325 | Min Dist 100 = 0.617 | Min Dist 1000 = 0.542 | Steps Per Second = 86.260 | Success = 1.000 | Success 1000 = 0.943
I0502 16:53:30.258131 139558059398720 terminal.py:91] [Actor] Actor Episodes = 41809 | Actor Steps = 2090450 | Delta Dist = 4.611 | Delta Dist 10 = 6.538 | Delta Dist 100 = 5.116 | Delta Dist 1000 = 4.099 | Episode Length = 50 | Episode Return = 41.0 | Evaluator Episodes = 10596 | Evaluator Steps = 529800 | Final Dist = 0.488 | Final Dist 10 = 1.039 | Final Dist 100 = 1.441 | Final Dist 1000 = 1.649 | Init Dist = 5.099 | Init Dist 10 = 7.577 | Init Dist 100 = 6.556 | Init Dist 1000 = 5.748 | Learner Steps = 32506 | Learner Walltime = 6434.255 | Min Dist = 0.049 | Min Dist 10 = 0.087 | Min Dist 100 = 0.110 | Min Dist 1000 = 0.231 | Steps Per Second = 75.099 | Success = 1.000 | Success 1000 = 0.986
I0502 16:53:31.080456 139569349502528 terminal.py:91] [Actor] Actor Episodes = 41812 | Actor Steps = 2090600 | Delta Dist = 3.953 | Delta Dist 10 = 5.394 | Delta Dist 100 = 4.978 | Delta Dist 1000 = 4.093 | Episode Length = 50 | Episode Return = 27.0 | Evaluator Episodes = 10596 | Evaluator Steps = 529800 | Final Dist = 1.146 | Final Dist 10 = 0.884 | Final Dist 100 = 1.400 | Final Dist 1000 = 1.644 | Init Dist = 5.099 | Init Dist 10 = 6.278 | Init Dist 100 = 6.378 | Init Dist 1000 = 5.738 | Learner Steps = 32506 | Learner Walltime = 6434.255 | Min Dist = 0.091 | Min Dist 10 = 0.227 | Min Dist 100 = 0.117 | Min Dist 1000 = 0.232 | Steps Per Second = 83.918 | Success = 1.000 | Success 1000 = 0.986
I0502 16:53:31.089759 139579566835264 terminal.py:91] [Evaluator] Actor Episodes = 41815 | Actor Steps = 2090750 | Delta Dist = 11.980 | Delta Dist 10 = 12.017 | Delta Dist 100 = 11.539 | Delta Dist 1000 = 11.615 | Episode Length = 50 | Episode Return = 19.0 | Evaluator Episodes = 10598 | Evaluator Steps = 529900 | Final Dist = 0.826 | Final Dist 10 = 0.789 | Final Dist 100 = 1.267 | Final Dist 1000 = 1.191 | Init Dist = 12.806 | Init Dist 10 = 12.806 | Init Dist 100 = 12.806 | Init Dist 1000 = 12.806 | Learner Steps = 32514 | Learner Walltime = 6435.287 | Min Dist = 0.134 | Min Dist 10 = 0.314 | Min Dist 100 = 0.614 | Min Dist 1000 = 0.542 | Steps Per Second = 90.618 | Success = 1.000 | Success 1000 = 0.943
I0502 16:53:32.344558 139579566835264 terminal.py:91] [Evaluator] Actor Episodes = 41823 | Actor Steps = 2091150 | Delta Dist = 11.984 | Delta Dist 10 = 12.076 | Delta Dist 100 = 11.544 | Delta Dist 1000 = 11.616 | Episode Length = 50 | Episode Return = 27.0 | Evaluator Episodes = 10600 | Evaluator Steps = 530000 | Final Dist = 0.822 | Final Dist 10 = 0.731 | Final Dist 100 = 1.262 | Final Dist 1000 = 1.191 | Init Dist = 12.806 | Init Dist 10 = 12.806 | Init Dist 100 = 12.806 | Init Dist 1000 = 12.806 | Learner Steps = 32519 | Learner Walltime = 6436.430 | Min Dist = 0.172 | Min Dist 10 = 0.293 | Min Dist 100 = 0.617 | Min Dist 1000 = 0.541 | Steps Per Second = 74.876 | Success = 1.000 | Success 1000 = 0.943
I0502 16:53:32.986401 139557462840896 terminal.py:91] [Actor] Actor Episodes = 41824 | Actor Steps = 2091200 | Delta Dist = 5.293 | Delta Dist 10 = 4.857 | Delta Dist 100 = 4.734 | Delta Dist 1000 = 4.092 | Episode Length = 50 | Episode Return = 39.0 | Evaluator Episodes = 10598 | Evaluator Steps = 529900 | Final Dist = 0.093 | Final Dist 10 = 0.327 | Final Dist 100 = 1.357 | Final Dist 1000 = 1.642 | Init Dist = 5.385 | Init Dist 10 = 5.183 | Init Dist 100 = 6.090 | Init Dist 1000 = 5.734 | Learner Steps = 32519 | Learner Walltime = 6436.430 | Min Dist = 0.084 | Min Dist 10 = 0.063 | Min Dist 100 = 0.114 | Min Dist 1000 = 0.231 | Steps Per Second = 77.111 | Success = 1.000 | Success 1000 = 0.986
I0502 16:53:33.459507 139579566835264 terminal.py:91] [Evaluator] Actor Episodes = 41827 | Actor Steps = 2091350 | Delta Dist = 11.113 | Delta Dist 10 = 11.971 | Delta Dist 100 = 11.535 | Delta Dist 1000 = 11.615 | Episode Length = 50 | Episode Return = 13.0 | Evaluator Episodes = 10602 | Evaluator Steps = 530100 | Final Dist = 1.693 | Final Dist 10 = 0.835 | Final Dist 100 = 1.271 | Final Dist 1000 = 1.191 | Init Dist = 12.806 | Init Dist 10 = 12.806 | Init Dist 100 = 12.806 | Init Dist 1000 = 12.806 | Learner Steps = 32519 | Learner Walltime = 6436.430 | Min Dist = 0.201 | Min Dist 10 = 0.248 | Min Dist 100 = 0.618 | Min Dist 1000 = 0.541 | Steps Per Second = 83.399 | Success = 1.000 | Success 1000 = 0.943
I0502 16:53:34.800765 139579566835264 terminal.py:91] [Evaluator] Actor Episodes = 41837 | Actor Steps = 2091850 | Delta Dist = 11.513 | Delta Dist 10 = 11.873 | Delta Dist 100 = 11.529 | Delta Dist 1000 = 11.616 | Episode Length = 50 | Episode Return = 9.0 | Evaluator Episodes = 10604 | Evaluator Steps = 530200 | Final Dist = 1.293 | Final Dist 10 = 0.934 | Final Dist 100 = 1.278 | Final Dist 1000 = 1.191 | Init Dist = 12.806 | Init Dist 10 = 12.806 | Init Dist 100 = 12.806 | Init Dist 1000 = 12.806 | Learner Steps = 32526 | Learner Walltime = 6437.807 | Min Dist = 0.076 | Min Dist 10 = 0.226 | Min Dist 100 = 0.620 | Min Dist 1000 = 0.540 | Steps Per Second = 76.166 | Success = 1.000 | Success 1000 = 0.943
I0502 16:53:35.978921 139579566835264 terminal.py:91] [Evaluator] Actor Episodes = 41843 | Actor Steps = 2092150 | Delta Dist = 11.170 | Delta Dist 10 = 11.773 | Delta Dist 100 = 11.524 | Delta Dist 1000 = 11.615 | Episode Length = 50 | Episode Return = 10.0 | Evaluator Episodes = 10606 | Evaluator Steps = 530300 | Final Dist = 1.636 | Final Dist 10 = 1.033 | Final Dist 100 = 1.282 | Final Dist 1000 = 1.191 | Init Dist = 12.806 | Init Dist 10 = 12.806 | Init Dist 100 = 12.806 | Init Dist 1000 = 12.806 | Learner Steps = 32533 | Learner Walltime = 6439.127 | Min Dist = 0.140 | Min Dist 10 = 0.142 | Min Dist 100 = 0.618 | Min Dist 1000 = 0.540 | Steps Per Second = 97.110 | Success = 1.000 | Success 1000 = 0.943
I0502 16:53:36.023093 139555860620864 terminal.py:91] [Actor] Actor Episodes = 41845 | Actor Steps = 2092250 | Delta Dist = 4.009 | Delta Dist 10 = 3.721 | Delta Dist 100 = 4.582 | Delta Dist 1000 = 4.077 | Episode Length = 50 | Episode Return = 42.0 | Evaluator Episodes = 10606 | Evaluator Steps = 530300 | Final Dist = 1.822 | Final Dist 10 = 0.994 | Final Dist 100 = 1.385 | Final Dist 1000 = 1.656 | Init Dist = 5.831 | Init Dist 10 = 4.715 | Init Dist 100 = 5.967 | Init Dist 1000 = 5.733 | Learner Steps = 32533 | Learner Walltime = 6439.127 | Min Dist = 0.011 | Min Dist 10 = 0.082 | Min Dist 100 = 0.118 | Min Dist 1000 = 0.231 | Steps Per Second = 85.156 | Success = 1.000 | Success 1000 = 0.986
I0502 16:53:36.811897 139555013154368 terminal.py:91] [Learner] Actor Episodes = 41847 | Actor Loss = 3.6409292221069336 | Actor Steps = 2092350 | Binary Accuracy = 0.9960122108459473 | Categorical Accuracy = 0.40966796875 | Critic Loss = 1.8304989337921143 | Entropy Mean = -23.053985595703125 | Evaluator Episodes = 10606 | Evaluator Steps = 530300 | Learner Steps = 32542 | Learner Walltime = 6441.010 | Logits Neg = -17.04434585571289 | Logits Pos = -1.8061727285385132 | Logsumexp = 1.0435659885406494 | Steps Per Second = 116.030
I0502 16:53:36.981750 139584504182336 lp_utils.py:96] StepsLimiter: Reached 2092550 recorded steps
I0502 16:53:37.183806 139579566835264 terminal.py:91] [Evaluator] Actor Episodes = 41851 | Actor Steps = 2092550 | Delta Dist = 11.878 | Delta Dist 10 = 11.442 | Delta Dist 100 = 11.498 | Delta Dist 1000 = 11.613 | Episode Length = 50 | Episode Return = 23.0 | Evaluator Episodes = 10608 | Evaluator Steps = 530400 | Final Dist = 0.928 | Final Dist 10 = 1.364 | Final Dist 100 = 1.308 | Final Dist 1000 = 1.193 | Init Dist = 12.806 | Init Dist 10 = 12.806 | Init Dist 100 = 12.806 | Init Dist 1000 = 12.806 | Learner Steps = 32539 | Learner Walltime = 6440.358 | Min Dist = 0.084 | Min Dist 10 = 0.423 | Min Dist 100 = 0.642 | Min Dist 1000 = 0.542 | Steps Per Second = 86.408 | Success = 1.000 | Success 1000 = 0.942
I0502 16:53:38.504999 139579566835264 terminal.py:91] [Evaluator] Actor Episodes = 41859 | Actor Steps = 2092950 | Delta Dist = 11.398 | Delta Dist 10 = 11.515 | Delta Dist 100 = 11.500 | Delta Dist 1000 = 11.614 | Episode Length = 50 | Episode Return = 17.0 | Evaluator Episodes = 10610 | Evaluator Steps = 530500 | Final Dist = 1.408 | Final Dist 10 = 1.291 | Final Dist 100 = 1.307 | Final Dist 1000 = 1.192 | Init Dist = 12.806 | Init Dist 10 = 12.806 | Init Dist 100 = 12.806 | Init Dist 1000 = 12.806 | Learner Steps = 32551 | Learner Walltime = 6442.598 | Min Dist = 0.055 | Min Dist 10 = 0.394 | Min Dist 100 = 0.640 | Min Dist 1000 = 0.542 | Steps Per Second = 77.160 | Success = 1.000 | Success 1000 = 0.942
I0502 16:53:39.747262 139579566835264 terminal.py:91] [Evaluator] Actor Episodes = 41867 | Actor Steps = 2093350 | Delta Dist = 11.479 | Delta Dist 10 = 11.593 | Delta Dist 100 = 11.497 | Delta Dist 1000 = 11.614 | Episode Length = 50 | Episode Return = 16.0 | Evaluator Episodes = 10612 | Evaluator Steps = 530600 | Final Dist = 1.327 | Final Dist 10 = 1.213 | Final Dist 100 = 1.309 | Final Dist 1000 = 1.192 | Init Dist = 12.806 | Init Dist 10 = 12.806 | Init Dist 100 = 12.806 | Init Dist 1000 = 12.806 | Learner Steps = 32557 | Learner Walltime = 6443.653 | Min Dist = 0.133 | Min Dist 10 = 0.400 | Min Dist 100 = 0.640 | Min Dist 1000 = 0.542 | Steps Per Second = 80.125 | Success = 1.000 | Success 1000 = 0.942
I0502 16:53:40.283550 139558059398720 terminal.py:91] [Actor] Actor Episodes = 41873 | Actor Steps = 2093650 | Delta Dist = 6.951 | Delta Dist 10 = 3.571 | Delta Dist 100 = 4.413 | Delta Dist 1000 = 4.091 | Episode Length = 50 | Episode Return = 21.0 | Evaluator Episodes = 10612 | Evaluator Steps = 530600 | Final Dist = 0.120 | Final Dist 10 = 2.613 | Final Dist 100 = 1.630 | Final Dist 1000 = 1.669 | Init Dist = 7.071 | Init Dist 10 = 6.183 | Init Dist 100 = 6.043 | Init Dist 1000 = 5.760 | Learner Steps = 32557 | Learner Walltime = 6443.653 | Min Dist = 0.019 | Min Dist 10 = 0.259 | Min Dist 100 = 0.128 | Min Dist 1000 = 0.227 | Steps Per Second = 73.748 | Success = 1.000 | Success 1000 = 0.986
I0502 16:53:40.997323 139579566835264 terminal.py:91] [Evaluator] Actor Episodes = 41877 | Actor Steps = 2093850 | Delta Dist = 11.630 | Delta Dist 10 = 11.597 | Delta Dist 100 = 11.484 | Delta Dist 1000 = 11.614 | Episode Length = 50 | Episode Return = 3.0 | Evaluator Episodes = 10614 | Evaluator Steps = 530700 | Final Dist = 1.176 | Final Dist 10 = 1.210 | Final Dist 100 = 1.322 | Final Dist 1000 = 1.192 | Init Dist = 12.806 | Init Dist 10 = 12.806 | Init Dist 100 = 12.806 | Init Dist 1000 = 12.806 | Learner Steps = 32561 | Learner Walltime = 6444.783 | Min Dist = 0.638 | Min Dist 10 = 0.380 | Min Dist 100 = 0.639 | Min Dist 1000 = 0.542 | Steps Per Second = 82.040 | Success = 1.000 | Success 1000 = 0.942
I0502 16:53:41.717772 139569349502528 terminal.py:91] [Actor] Actor Episodes = 41883 | Actor Steps = 2094150 | Delta Dist = 2.335 | Delta Dist 10 = 4.246 | Delta Dist 100 = 4.462 | Delta Dist 1000 = 4.102 | Episode Length = 50 | Episode Return = 27.0 | Evaluator Episodes = 10614 | Evaluator Steps = 530700 | Final Dist = 0.493 | Final Dist 10 = 2.230 | Final Dist 100 = 1.618 | Final Dist 1000 = 1.673 | Init Dist = 2.828 | Init Dist 10 = 6.476 | Init Dist 100 = 6.080 | Init Dist 1000 = 5.774 | Learner Steps = 32567 | Learner Walltime = 6445.825 | Min Dist = 0.072 | Min Dist 10 = 0.791 | Min Dist 100 = 0.195 | Min Dist 1000 = 0.230 | Steps Per Second = 77.066 | Success = 1.000 | Success 1000 = 0.986
I0502 16:53:42.304727 139579566835264 terminal.py:91] [Evaluator] Actor Episodes = 41885 | Actor Steps = 2094250 | Delta Dist = 12.111 | Delta Dist 10 = 11.676 | Delta Dist 100 = 11.486 | Delta Dist 1000 = 11.614 | Episode Length = 50 | Episode Return = 32.0 | Evaluator Episodes = 10616 | Evaluator Steps = 530800 | Final Dist = 0.696 | Final Dist 10 = 1.130 | Final Dist 100 = 1.320 | Final Dist 1000 = 1.192 | Init Dist = 12.806 | Init Dist 10 = 12.806 | Init Dist 100 = 12.806 | Init Dist 1000 = 12.806 | Learner Steps = 32567 | Learner Walltime = 6445.825 | Min Dist = 0.238 | Min Dist 10 = 0.460 | Min Dist 100 = 0.646 | Min Dist 1000 = 0.542 | Steps Per Second = 80.230 | Success = 1.000 | Success 1000 = 0.942
I0502 16:53:43.387265 139557462840896 terminal.py:91] [Actor] Actor Episodes = 41893 | Actor Steps = 2094650 | Delta Dist = 1.884 | Delta Dist 10 = 4.004 | Delta Dist 100 = 4.434 | Delta Dist 1000 = 4.120 | Episode Length = 50 | Episode Return = 42.0 | Evaluator Episodes = 10616 | Evaluator Steps = 530800 | Final Dist = 0.352 | Final Dist 10 = 0.946 | Final Dist 100 = 1.572 | Final Dist 1000 = 1.657 | Init Dist = 2.236 | Init Dist 10 = 4.950 | Init Dist 100 = 6.005 | Init Dist 1000 = 5.777 | Learner Steps = 32572 | Learner Walltime = 6447.061 | Min Dist = 0.352 | Min Dist 10 = 0.112 | Min Dist 100 = 0.183 | Min Dist 1000 = 0.230 | Steps Per Second = 81.577 | Success = 1.000 | Success 1000 = 0.986
I0502 16:53:43.592213 139579566835264 terminal.py:91] [Evaluator] Actor Episodes = 41893 | Actor Steps = 2094650 | Delta Dist = 12.463 | Delta Dist 10 = 12.009 | Delta Dist 100 = 11.488 | Delta Dist 1000 = 11.614 | Episode Length = 50 | Episode Return = 27.0 | Evaluator Episodes = 10618 | Evaluator Steps = 530900 | Final Dist = 0.343 | Final Dist 10 = 0.797 | Final Dist 100 = 1.318 | Final Dist 1000 = 1.192 | Init Dist = 12.806 | Init Dist 10 = 12.806 | Init Dist 100 = 12.806 | Init Dist 1000 = 12.806 | Learner Steps = 32572 | Learner Walltime = 6447.061 | Min Dist = 0.343 | Min Dist 10 = 0.208 | Min Dist 100 = 0.648 | Min Dist 1000 = 0.543 | Steps Per Second = 79.894 | Success = 1.000 | Success 1000 = 0.942
I0502 16:53:44.865975 139579566835264 terminal.py:91] [Evaluator] Actor Episodes = 41901 | Actor Steps = 2095050 | Delta Dist = 11.371 | Delta Dist 10 = 11.957 | Delta Dist 100 = 11.497 | Delta Dist 1000 = 11.614 | Episode Length = 50 | Episode Return = 17.0 | Evaluator Episodes = 10620 | Evaluator Steps = 531000 | Final Dist = 1.436 | Final Dist 10 = 0.850 | Final Dist 100 = 1.309 | Final Dist 1000 = 1.192 | Init Dist = 12.806 | Init Dist 10 = 12.806 | Init Dist 100 = 12.806 | Init Dist 1000 = 12.806 | Learner Steps = 32578 | Learner Walltime = 6448.076 | Min Dist = 0.414 | Min Dist 10 = 0.225 | Min Dist 100 = 0.648 | Min Dist 1000 = 0.543 | Steps Per Second = 77.843 | Success = 1.000 | Success 1000 = 0.942
I0502 16:53:46.161378 139579566835264 terminal.py:91] [Evaluator] Actor Episodes = 41909 | Actor Steps = 2095450 | Delta Dist = 10.703 | Delta Dist 10 = 11.852 | Delta Dist 100 = 11.476 | Delta Dist 1000 = 11.613 | Episode Length = 50 | Episode Return = 0.0 | Evaluator Episodes = 10622 | Evaluator Steps = 531100 | Final Dist = 2.103 | Final Dist 10 = 0.954 | Final Dist 100 = 1.330 | Final Dist 1000 = 1.193 | Init Dist = 12.806 | Init Dist 10 = 12.806 | Init Dist 100 = 12.806 | Init Dist 1000 = 12.806 | Learner Steps = 32584 | Learner Walltime = 6449.296 | Min Dist = 1.625 | Min Dist 10 = 0.239 | Min Dist 100 = 0.651 | Min Dist 1000 = 0.543 | Steps Per Second = 79.216 | Success = 0.000 | Success 1000 = 0.942
I0502 16:53:46.339582 139555860620864 terminal.py:91] [Actor] Actor Episodes = 41911 | Actor Steps = 2095550 | Delta Dist = 11.161 | Delta Dist 10 = 5.161 | Delta Dist 100 = 3.971 | Delta Dist 1000 = 4.149 | Episode Length = 50 | Episode Return = 31.0 | Evaluator Episodes = 10622 | Evaluator Steps = 531100 | Final Dist = 0.153 | Final Dist 10 = 1.062 | Final Dist 100 = 1.668 | Final Dist 1000 = 1.630 | Init Dist = 11.314 | Init Dist 10 = 6.223 | Init Dist 100 = 5.639 | Init Dist 1000 = 5.779 | Learner Steps = 32584 | Learner Walltime = 6449.296 | Min Dist = 0.124 | Min Dist 10 = 0.072 | Min Dist 100 = 0.236 | Min Dist 1000 = 0.228 | Steps Per Second = 81.712 | Success = 1.000 | Success 1000 = 0.986
I0502 16:53:47.003356 139584504182336 lp_utils.py:96] StepsLimiter: Reached 2095750 recorded steps
I0502 16:53:47.025809 139555013154368 terminal.py:91] [Learner] Actor Episodes = 41911 | Actor Loss = 3.619213581085205 | Actor Steps = 2095550 | Binary Accuracy = 0.996039628982544 | Categorical Accuracy = 0.4229736328125 | Critic Loss = 1.7989994287490845 | Entropy Mean = -23.10565185546875 | Evaluator Episodes = 10622 | Evaluator Steps = 531100 | Learner Steps = 32593 | Learner Walltime = 6451.221 | Logits Neg = -17.072704315185547 | Logits Pos = -1.7675042152404785 | Logsumexp = 1.077589511871338 | Steps Per Second = 148.983
I0502 16:53:47.494628 139579566835264 terminal.py:91] [Evaluator] Actor Episodes = 41917 | Actor Steps = 2095850 | Delta Dist = 11.387 | Delta Dist 10 = 11.788 | Delta Dist 100 = 11.457 | Delta Dist 1000 = 11.611 | Episode Length = 50 | Episode Return = 17.0 | Evaluator Episodes = 10624 | Evaluator Steps = 531200 | Final Dist = 1.419 | Final Dist 10 = 1.018 | Final Dist 100 = 1.349 | Final Dist 1000 = 1.195 | Init Dist = 12.806 | Init Dist 10 = 12.806 | Init Dist 100 = 12.806 | Init Dist 1000 = 12.806 | Learner Steps = 32590 | Learner Walltime = 6450.609 | Min Dist = 0.044 | Min Dist 10 = 0.477 | Min Dist 100 = 0.671 | Min Dist 1000 = 0.545 | Steps Per Second = 73.209 | Success = 1.000 | Success 1000 = 0.941
I0502 16:53:48.798788 139579566835264 terminal.py:91] [Evaluator] Actor Episodes = 41925 | Actor Steps = 2096250 | Delta Dist = 12.050 | Delta Dist 10 = 11.520 | Delta Dist 100 = 11.426 | Delta Dist 1000 = 11.609 | Episode Length = 50 | Episode Return = 22.0 | Evaluator Episodes = 10626 | Evaluator Steps = 531300 | Final Dist = 0.757 | Final Dist 10 = 1.286 | Final Dist 100 = 1.380 | Final Dist 1000 = 1.197 | Init Dist = 12.806 | Init Dist 10 = 12.806 | Init Dist 100 = 12.806 | Init Dist 1000 = 12.806 | Learner Steps = 32597 | Learner Walltime = 6452.016 | Min Dist = 0.156 | Min Dist 10 = 0.580 | Min Dist 100 = 0.688 | Min Dist 1000 = 0.546 | Steps Per Second = 79.574 | Success = 1.000 | Success 1000 = 0.940
I0502 16:53:50.161818 139579566835264 terminal.py:91] [Evaluator] Actor Episodes = 41933 | Actor Steps = 2096650 | Delta Dist = 12.485 | Delta Dist 10 = 11.520 | Delta Dist 100 = 11.426 | Delta Dist 1000 = 11.610 | Episode Length = 50 | Episode Return = 27.0 | Evaluator Episodes = 10628 | Evaluator Steps = 531400 | Final Dist = 0.322 | Final Dist 10 = 1.287 | Final Dist 100 = 1.380 | Final Dist 1000 = 1.196 | Init Dist = 12.806 | Init Dist 10 = 12.806 | Init Dist 100 = 12.806 | Init Dist 1000 = 12.806 | Learner Steps = 32604 | Learner Walltime = 6453.352 | Min Dist = 0.096 | Min Dist 10 = 0.567 | Min Dist 100 = 0.686 | Min Dist 1000 = 0.545 | Steps Per Second = 76.954 | Success = 1.000 | Success 1000 = 0.940
I0502 16:53:50.423135 139558059398720 terminal.py:91] [Actor] Actor Episodes = 41937 | Actor Steps = 2096850 | Delta Dist = 0.460 | Delta Dist 10 = 2.043 | Delta Dist 100 = 4.004 | Delta Dist 1000 = 4.145 | Episode Length = 50 | Episode Return = 0.0 | Evaluator Episodes = 10628 | Evaluator Steps = 531400 | Final Dist = 3.783 | Final Dist 10 = 2.791 | Final Dist 100 = 1.879 | Final Dist 1000 = 1.677 | Init Dist = 4.243 | Init Dist 10 = 4.834 | Init Dist 100 = 5.883 | Init Dist 1000 = 5.822 | Learner Steps = 32604 | Learner Walltime = 6453.352 | Min Dist = 3.783 | Min Dist 10 = 0.300 | Min Dist 100 = 0.288 | Min Dist 1000 = 0.232 | Steps Per Second = 73.054 | Success = 0.000 | Success 1000 = 0.982
I0502 16:53:51.369455 139579566835264 terminal.py:91] [Evaluator] Actor Episodes = 41941 | Actor Steps = 2097050 | Delta Dist = 12.489 | Delta Dist 10 = 11.589 | Delta Dist 100 = 11.429 | Delta Dist 1000 = 11.610 | Episode Length = 50 | Episode Return = 24.0 | Evaluator Episodes = 10630 | Evaluator Steps = 531500 | Final Dist = 0.317 | Final Dist 10 = 1.217 | Final Dist 100 = 1.377 | Final Dist 1000 = 1.196 | Init Dist = 12.806 | Init Dist 10 = 12.806 | Init Dist 100 = 12.806 | Init Dist 1000 = 12.806 | Learner Steps = 32609 | Learner Walltime = 6454.639 | Min Dist = 0.154 | Min Dist 10 = 0.589 | Min Dist 100 = 0.687 | Min Dist 1000 = 0.545 | Steps Per Second = 81.556 | Success = 1.000 | Success 1000 = 0.940
I0502 16:53:52.303303 139569349502528 terminal.py:91] [Actor] Actor Episodes = 41949 | Actor Steps = 2097450 | Delta Dist = 3.005 | Delta Dist 10 = 2.683 | Delta Dist 100 = 3.750 | Delta Dist 1000 = 4.148 | Episode Length = 50 | Episode Return = 48.0 | Evaluator Episodes = 10630 | Evaluator Steps = 531500 | Final Dist = 0.157 | Final Dist 10 = 1.731 | Final Dist 100 = 2.003 | Final Dist 1000 = 1.669 | Init Dist = 3.162 | Init Dist 10 = 4.648 | Init Dist 100 = 5.790 | Init Dist 1000 = 5.822 | Learner Steps = 32615 | Learner Walltime = 6455.890 | Min Dist = 0.021 | Min Dist 10 = 1.036 | Min Dist 100 = 0.442 | Min Dist 1000 = 0.247 | Steps Per Second = 73.305 | Success = 1.000 | Success 1000 = 0.981
I0502 16:53:52.534240 139579566835264 terminal.py:91] [Evaluator] Actor Episodes = 41949 | Actor Steps = 2097450 | Delta Dist = 11.635 | Delta Dist 10 = 11.793 | Delta Dist 100 = 11.488 | Delta Dist 1000 = 11.611 | Episode Length = 50 | Episode Return = 20.0 | Evaluator Episodes = 10632 | Evaluator Steps = 531600 | Final Dist = 1.171 | Final Dist 10 = 1.013 | Final Dist 100 = 1.318 | Final Dist 1000 = 1.195 | Init Dist = 12.806 | Init Dist 10 = 12.806 | Init Dist 100 = 12.806 | Init Dist 1000 = 12.806 | Learner Steps = 32615 | Learner Walltime = 6455.890 | Min Dist = 0.265 | Min Dist 10 = 0.606 | Min Dist 100 = 0.640 | Min Dist 1000 = 0.545 | Steps Per Second = 83.304 | Success = 1.000 | Success 1000 = 0.940
I0502 16:53:53.460676 139557462840896 terminal.py:91] [Actor] Actor Episodes = 41955 | Actor Steps = 2097750 | Delta Dist = 2.827 | Delta Dist 10 = 3.401 | Delta Dist 100 = 3.710 | Delta Dist 1000 = 4.137 | Episode Length = 50 | Episode Return = 26.0 | Evaluator Episodes = 10632 | Evaluator Steps = 531600 | Final Dist = 0.173 | Final Dist 10 = 2.902 | Final Dist 100 = 2.112 | Final Dist 1000 = 1.690 | Init Dist = 3.000 | Init Dist 10 = 6.304 | Init Dist 100 = 5.822 | Init Dist 1000 = 5.826 | Learner Steps = 32620 | Learner Walltime = 6457.038 | Min Dist = 0.031 | Min Dist 10 = 1.121 | Min Dist 100 = 0.458 | Min Dist 1000 = 0.249 | Steps Per Second = 69.073 | Success = 1.000 | Success 1000 = 0.980
I0502 16:53:53.791017 139579566835264 terminal.py:91] [Evaluator] Actor Episodes = 41957 | Actor Steps = 2097850 | Delta Dist = 11.729 | Delta Dist 10 = 11.844 | Delta Dist 100 = 11.489 | Delta Dist 1000 = 11.611 | Episode Length = 50 | Episode Return = 1.0 | Evaluator Episodes = 10634 | Evaluator Steps = 531700 | Final Dist = 1.077 | Final Dist 10 = 0.963 | Final Dist 100 = 1.317 | Final Dist 1000 = 1.195 | Init Dist = 12.806 | Init Dist 10 = 12.806 | Init Dist 100 = 12.806 | Init Dist 1000 = 12.806 | Learner Steps = 32620 | Learner Walltime = 6457.038 | Min Dist = 0.748 | Min Dist 10 = 0.386 | Min Dist 100 = 0.642 | Min Dist 1000 = 0.546 | Steps Per Second = 83.737 | Success = 1.000 | Success 1000 = 0.940
I0502 16:53:55.018996 139579566835264 terminal.py:91] [Evaluator] Actor Episodes = 41965 | Actor Steps = 2098250 | Delta Dist = 12.003 | Delta Dist 10 = 12.046 | Delta Dist 100 = 11.482 | Delta Dist 1000 = 11.611 | Episode Length = 50 | Episode Return = 37.0 | Evaluator Episodes = 10636 | Evaluator Steps = 531800 | Final Dist = 0.803 | Final Dist 10 = 0.761 | Final Dist 100 = 1.324 | Final Dist 1000 = 1.195 | Init Dist = 12.806 | Init Dist 10 = 12.806 | Init Dist 100 = 12.806 | Init Dist 1000 = 12.806 | Learner Steps = 32628 | Learner Walltime = 6458.084 | Min Dist = 0.074 | Min Dist 10 = 0.278 | Min Dist 100 = 0.650 | Min Dist 1000 = 0.546 | Steps Per Second = 81.236 | Success = 1.000 | Success 1000 = 0.940
I0502 16:53:56.270659 139579566835264 terminal.py:91] [Evaluator] Actor Episodes = 41973 | Actor Steps = 2098650 | Delta Dist = 11.744 | Delta Dist 10 = 12.052 | Delta Dist 100 = 11.502 | Delta Dist 1000 = 11.611 | Episode Length = 50 | Episode Return = 28.0 | Evaluator Episodes = 10638 | Evaluator Steps = 531900 | Final Dist = 1.063 | Final Dist 10 = 0.754 | Final Dist 100 = 1.304 | Final Dist 1000 = 1.195 | Init Dist = 12.806 | Init Dist 10 = 12.806 | Init Dist 100 = 12.806 | Init Dist 1000 = 12.806 | Learner Steps = 32633 | Learner Walltime = 6459.490 | Min Dist = 0.050 | Min Dist 10 = 0.274 | Min Dist 100 = 0.643 | Min Dist 1000 = 0.546 | Steps Per Second = 79.179 | Success = 1.000 | Success 1000 = 0.940
I0502 16:53:56.581033 139555860620864 terminal.py:91] [Actor] Actor Episodes = 41975 | Actor Steps = 2098750 | Delta Dist = 10.737 | Delta Dist 10 = 3.455 | Delta Dist 100 = 3.609 | Delta Dist 1000 = 4.127 | Episode Length = 50 | Episode Return = 41.0 | Evaluator Episodes = 10638 | Evaluator Steps = 531900 | Final Dist = 0.577 | Final Dist 10 = 2.176 | Final Dist 100 = 2.173 | Final Dist 1000 = 1.710 | Init Dist = 11.314 | Init Dist 10 = 5.631 | Init Dist 100 = 5.781 | Init Dist 1000 = 5.836 | Learner Steps = 32633 | Learner Walltime = 6459.490 | Min Dist = 0.062 | Min Dist 10 = 1.662 | Min Dist 100 = 0.721 | Min Dist 1000 = 0.275 | Steps Per Second = 80.080 | Success = 1.000 | Success 1000 = 0.980
I0502 16:53:57.023054 139584504182336 lp_utils.py:96] StepsLimiter: Reached 2098850 recorded steps
I0502 16:53:57.301262 139555013154368 terminal.py:91] [Learner] Actor Episodes = 41975 | Actor Loss = 3.542847156524658 | Actor Steps = 2098750 | Binary Accuracy = 0.9960792064666748 | Categorical Accuracy = 0.44146728515625 | Critic Loss = 1.7217175960540771 | Entropy Mean = -22.907520294189453 | Evaluator Episodes = 10638 | Evaluator Steps = 531900 | Learner Steps = 32643 | Learner Walltime = 6461.499 | Logits Neg = -17.224260330200195 | Logits Pos = -1.6833559274673462 | Logsumexp = 1.1682827472686768 | Steps Per Second = 141.686
I0502 16:53:57.394342 139579566835264 terminal.py:91] [Evaluator] Actor Episodes = 41981 | Actor Steps = 2099050 | Delta Dist = 11.771 | Delta Dist 10 = 11.899 | Delta Dist 100 = 11.492 | Delta Dist 1000 = 11.610 | Episode Length = 50 | Episode Return = 2.0 | Evaluator Episodes = 10640 | Evaluator Steps = 532000 | Final Dist = 1.035 | Final Dist 10 = 0.907 | Final Dist 100 = 1.314 | Final Dist 1000 = 1.197 | Init Dist = 12.806 | Init Dist 10 = 12.806 | Init Dist 100 = 12.806 | Init Dist 1000 = 12.806 | Learner Steps = 32640 | Learner Walltime = 6460.880 | Min Dist = 0.225 | Min Dist 10 = 0.268 | Min Dist 100 = 0.640 | Min Dist 1000 = 0.546 | Steps Per Second = 92.953 | Success = 1.000 | Success 1000 = 0.940
I0502 16:53:58.625778 139579566835264 terminal.py:91] [Evaluator] Actor Episodes = 41989 | Actor Steps = 2099450 | Delta Dist = 12.256 | Delta Dist 10 = 11.813 | Delta Dist 100 = 11.496 | Delta Dist 1000 = 11.610 | Episode Length = 50 | Episode Return = 34.0 | Evaluator Episodes = 10642 | Evaluator Steps = 532100 | Final Dist = 0.550 | Final Dist 10 = 0.994 | Final Dist 100 = 1.310 | Final Dist 1000 = 1.196 | Init Dist = 12.806 | Init Dist 10 = 12.806 | Init Dist 100 = 12.806 | Init Dist 1000 = 12.806 | Learner Steps = 32646 | Learner Walltime = 6462.022 | Min Dist = 0.134 | Min Dist 10 = 0.240 | Min Dist 100 = 0.639 | Min Dist 1000 = 0.546 | Steps Per Second = 82.418 | Success = 1.000 | Success 1000 = 0.940
I0502 16:53:59.864815 139579566835264 terminal.py:91] [Evaluator] Actor Episodes = 41997 | Actor Steps = 2099850 | Delta Dist = 12.162 | Delta Dist 10 = 11.971 | Delta Dist 100 = 11.501 | Delta Dist 1000 = 11.609 | Episode Length = 50 | Episode Return = 27.0 | Evaluator Episodes = 10644 | Evaluator Steps = 532200 | Final Dist = 0.644 | Final Dist 10 = 0.836 | Final Dist 100 = 1.305 | Final Dist 1000 = 1.197 | Init Dist = 12.806 | Init Dist 10 = 12.806 | Init Dist 100 = 12.806 | Init Dist 1000 = 12.806 | Learner Steps = 32652 | Learner Walltime = 6463.325 | Min Dist = 0.064 | Min Dist 10 = 0.225 | Min Dist 100 = 0.638 | Min Dist 1000 = 0.546 | Steps Per Second = 84.111 | Success = 1.000 | Success 1000 = 0.940
I0502 16:54:01.006615 139558059398720 terminal.py:91] [Actor] Actor Episodes = 42000 | Actor Steps = 2100000 | Delta Dist = 0.917 | Delta Dist 10 = 3.129 | Delta Dist 100 = 3.633 | Delta Dist 1000 = 4.143 | Episode Length = 50 | Episode Return = 31.0 | Evaluator Episodes = 10644 | Evaluator Steps = 532200 | Final Dist = 0.083 | Final Dist 10 = 2.674 | Final Dist 100 = 2.347 | Final Dist 1000 = 1.725 | Init Dist = 1.000 | Init Dist 10 = 5.803 | Init Dist 100 = 5.980 | Init Dist 1000 = 5.868 | Learner Steps = 32658 | Learner Walltime = 6464.502 | Min Dist = 0.000 | Min Dist 10 = 1.420 | Min Dist 100 = 0.730 | Min Dist 1000 = 0.287 | Steps Per Second = 82.091 | Success = 1.000 | Success 1000 = 0.981
I0502 16:54:01.177134 139579566835264 terminal.py:91] [Evaluator] Actor Episodes = 42005 | Actor Steps = 2100250 | Delta Dist = 11.331 | Delta Dist 10 = 11.988 | Delta Dist 100 = 11.571 | Delta Dist 1000 = 11.608 | Episode Length = 50 | Episode Return = 5.0 | Evaluator Episodes = 10646 | Evaluator Steps = 532300 | Final Dist = 1.475 | Final Dist 10 = 0.818 | Final Dist 100 = 1.235 | Final Dist 1000 = 1.198 | Init Dist = 12.806 | Init Dist 10 = 12.806 | Init Dist 100 = 12.806 | Init Dist 1000 = 12.806 | Learner Steps = 32658 | Learner Walltime = 6464.502 | Min Dist = 0.397 | Min Dist 10 = 0.148 | Min Dist 100 = 0.559 | Min Dist 1000 = 0.546 | Steps Per Second = 72.905 | Success = 1.000 | Success 1000 = 0.940
I0502 16:54:02.460497 139579566835264 terminal.py:91] [Evaluator] Actor Episodes = 42011 | Actor Steps = 2100550 | Delta Dist = 12.297 | Delta Dist 10 = 11.926 | Delta Dist 100 = 11.611 | Delta Dist 1000 = 11.609 | Episode Length = 50 | Episode Return = 17.0 | Evaluator Episodes = 10648 | Evaluator Steps = 532400 | Final Dist = 0.509 | Final Dist 10 = 0.881 | Final Dist 100 = 1.196 | Final Dist 1000 = 1.198 | Init Dist = 12.806 | Init Dist 10 = 12.806 | Init Dist 100 = 12.806 | Init Dist 1000 = 12.806 | Learner Steps = 32665 | Learner Walltime = 6465.820 | Min Dist = 0.096 | Min Dist 10 = 0.181 | Min Dist 100 = 0.519 | Min Dist 1000 = 0.545 | Steps Per Second = 86.012 | Success = 1.000 | Success 1000 = 0.940
I0502 16:54:02.542773 139569349502528 terminal.py:91] [Actor] Actor Episodes = 42013 | Actor Steps = 2100650 | Delta Dist = 7.562 | Delta Dist 10 = 5.165 | Delta Dist 100 = 3.706 | Delta Dist 1000 = 4.144 | Episode Length = 50 | Episode Return = 27.0 | Evaluator Episodes = 10648 | Evaluator Steps = 532400 | Final Dist = 0.500 | Final Dist 10 = 1.204 | Final Dist 100 = 2.216 | Final Dist 1000 = 1.722 | Init Dist = 8.062 | Init Dist 10 = 6.369 | Init Dist 100 = 5.921 | Init Dist 1000 = 5.866 | Learner Steps = 32665 | Learner Walltime = 6465.820 | Min Dist = 0.084 | Min Dist 10 = 0.788 | Min Dist 100 = 0.800 | Min Dist 1000 = 0.287 | Steps Per Second = 76.718 | Success = 1.000 | Success 1000 = 0.981
I0502 16:54:03.480400 139557462840896 terminal.py:91] [Actor] Actor Episodes = 42019 | Actor Steps = 2100950 | Delta Dist = 5.730 | Delta Dist 10 = 5.392 | Delta Dist 100 = 3.806 | Delta Dist 1000 = 4.130 | Episode Length = 50 | Episode Return = 35.0 | Evaluator Episodes = 10648 | Evaluator Steps = 532400 | Final Dist = 0.353 | Final Dist 10 = 1.153 | Final Dist 100 = 2.227 | Final Dist 1000 = 1.725 | Init Dist = 6.083 | Init Dist 10 = 6.545 | Init Dist 100 = 6.033 | Init Dist 1000 = 5.856 | Learner Steps = 32671 | Learner Walltime = 6467.136 | Min Dist = 0.021 | Min Dist 10 = 0.076 | Min Dist 100 = 0.800 | Min Dist 1000 = 0.286 | Steps Per Second = 74.702 | Success = 1.000 | Success 1000 = 0.981
I0502 16:54:03.750616 139579566835264 terminal.py:91] [Evaluator] Actor Episodes = 42021 | Actor Steps = 2101050 | Delta Dist = 12.426 | Delta Dist 10 = 12.020 | Delta Dist 100 = 11.614 | Delta Dist 1000 = 11.616 | Episode Length = 50 | Episode Return = 27.0 | Evaluator Episodes = 10650 | Evaluator Steps = 532500 | Final Dist = 0.380 | Final Dist 10 = 0.786 | Final Dist 100 = 1.192 | Final Dist 1000 = 1.190 | Init Dist = 12.806 | Init Dist 10 = 12.806 | Init Dist 100 = 12.806 | Init Dist 1000 = 12.806 | Learner Steps = 32671 | Learner Walltime = 6467.136 | Min Dist = 0.278 | Min Dist 10 = 0.233 | Min Dist 100 = 0.519 | Min Dist 1000 = 0.540 | Steps Per Second = 83.476 | Success = 1.000 | Success 1000 = 0.941
I0502 16:54:04.961416 139579566835264 terminal.py:91] [Evaluator] Actor Episodes = 42027 | Actor Steps = 2101350 | Delta Dist = 12.414 | Delta Dist 10 = 12.071 | Delta Dist 100 = 11.625 | Delta Dist 1000 = 11.617 | Episode Length = 50 | Episode Return = 14.0 | Evaluator Episodes = 10652 | Evaluator Steps = 532600 | Final Dist = 0.392 | Final Dist 10 = 0.735 | Final Dist 100 = 1.182 | Final Dist 1000 = 1.189 | Init Dist = 12.806 | Init Dist 10 = 12.806 | Init Dist 100 = 12.806 | Init Dist 1000 = 12.806 | Learner Steps = 32677 | Learner Walltime = 6468.402 | Min Dist = 0.094 | Min Dist 10 = 0.255 | Min Dist 100 = 0.524 | Min Dist 1000 = 0.540 | Steps Per Second = 79.743 | Success = 1.000 | Success 1000 = 0.941
I0502 16:54:06.102666 139579566835264 terminal.py:91] [Evaluator] Actor Episodes = 42035 | Actor Steps = 2101750 | Delta Dist = 12.001 | Delta Dist 10 = 12.063 | Delta Dist 100 = 11.627 | Delta Dist 1000 = 11.617 | Episode Length = 50 | Episode Return = 28.0 | Evaluator Episodes = 10654 | Evaluator Steps = 532700 | Final Dist = 0.806 | Final Dist 10 = 0.744 | Final Dist 100 = 1.179 | Final Dist 1000 = 1.189 | Init Dist = 12.806 | Init Dist 10 = 12.806 | Init Dist 100 = 12.806 | Init Dist 1000 = 12.806 | Learner Steps = 32683 | Learner Walltime = 6469.626 | Min Dist = 0.601 | Min Dist 10 = 0.303 | Min Dist 100 = 0.527 | Min Dist 1000 = 0.540 | Steps Per Second = 84.656 | Success = 1.000 | Success 1000 = 0.941
I0502 16:54:06.794277 139555860620864 terminal.py:91] [Actor] Actor Episodes = 42039 | Actor Steps = 2101950 | Delta Dist = 6.216 | Delta Dist 10 = 4.027 | Delta Dist 100 = 4.164 | Delta Dist 1000 = 4.142 | Episode Length = 50 | Episode Return = 26.0 | Evaluator Episodes = 10654 | Evaluator Steps = 532700 | Final Dist = 0.108 | Final Dist 10 = 2.165 | Final Dist 100 = 2.035 | Final Dist 1000 = 1.733 | Init Dist = 6.325 | Init Dist 10 = 6.192 | Init Dist 100 = 6.199 | Init Dist 1000 = 5.875 | Learner Steps = 32683 | Learner Walltime = 6469.626 | Min Dist = 0.023 | Min Dist 10 = 0.055 | Min Dist 100 = 0.703 | Min Dist 1000 = 0.287 | Steps Per Second = 92.557 | Success = 1.000 | Success 1000 = 0.982
I0502 16:54:07.041411 139584504182336 lp_utils.py:96] StepsLimiter: Reached 2102050 recorded steps
I0502 16:54:07.258271 139579566835264 terminal.py:91] [Evaluator] Actor Episodes = 42041 | Actor Steps = 2102050 | Delta Dist = 12.103 | Delta Dist 10 = 12.113 | Delta Dist 100 = 11.637 | Delta Dist 1000 = 11.623 | Episode Length = 50 | Episode Return = 32.0 | Evaluator Episodes = 10656 | Evaluator Steps = 532800 | Final Dist = 0.703 | Final Dist 10 = 0.694 | Final Dist 100 = 1.169 | Final Dist 1000 = 1.183 | Init Dist = 12.806 | Init Dist 10 = 12.806 | Init Dist 100 = 12.806 | Init Dist 1000 = 12.806 | Learner Steps = 32690 | Learner Walltime = 6471.088 | Min Dist = 0.034 | Min Dist 10 = 0.382 | Min Dist 100 = 0.534 | Min Dist 1000 = 0.534 | Steps Per Second = 94.313 | Success = 1.000 | Success 1000 = 0.942
I0502 16:54:07.439095 139555013154368 terminal.py:91] [Learner] Actor Episodes = 42041 | Actor Loss = 3.732135057449341 | Actor Steps = 2102050 | Binary Accuracy = 0.9960014820098877 | Categorical Accuracy = 0.420166015625 | Critic Loss = 1.7986698150634766 | Entropy Mean = -22.884212493896484 | Evaluator Episodes = 10654 | Evaluator Steps = 532700 | Learner Steps = 32693 | Learner Walltime = 6471.638 | Logits Neg = -17.13288116455078 | Logits Pos = -1.7771800756454468 | Logsumexp = 1.2011504173278809 | Steps Per Second = 151.672
I0502 16:54:08.427166 139579566835264 terminal.py:91] [Evaluator] Actor Episodes = 42049 | Actor Steps = 2102450 | Delta Dist = 12.522 | Delta Dist 10 = 12.127 | Delta Dist 100 = 11.647 | Delta Dist 1000 = 11.624 | Episode Length = 50 | Episode Return = 29.0 | Evaluator Episodes = 10658 | Evaluator Steps = 532900 | Final Dist = 0.284 | Final Dist 10 = 0.680 | Final Dist 100 = 1.160 | Final Dist 1000 = 1.182 | Init Dist = 12.806 | Init Dist 10 = 12.806 | Init Dist 100 = 12.806 | Init Dist 1000 = 12.806 | Learner Steps = 32696 | Learner Walltime = 6472.224 | Min Dist = 0.137 | Min Dist 10 = 0.349 | Min Dist 100 = 0.529 | Min Dist 1000 = 0.533 | Steps Per Second = 84.237 | Success = 1.000 | Success 1000 = 0.942
I0502 16:54:09.591944 139579566835264 terminal.py:91] [Evaluator] Actor Episodes = 42057 | Actor Steps = 2102850 | Delta Dist = 11.308 | Delta Dist 10 = 12.111 | Delta Dist 100 = 11.653 | Delta Dist 1000 = 11.625 | Episode Length = 50 | Episode Return = 16.0 | Evaluator Episodes = 10660 | Evaluator Steps = 533000 | Final Dist = 1.498 | Final Dist 10 = 0.696 | Final Dist 100 = 1.154 | Final Dist 1000 = 1.181 | Init Dist = 12.806 | Init Dist 10 = 12.806 | Init Dist 100 = 12.806 | Init Dist 1000 = 12.806 | Learner Steps = 32703 | Learner Walltime = 6473.563 | Min Dist = 0.411 | Min Dist 10 = 0.259 | Min Dist 100 = 0.527 | Min Dist 1000 = 0.533 | Steps Per Second = 88.269 | Success = 1.000 | Success 1000 = 0.942
I0502 16:54:10.719383 139579566835264 terminal.py:91] [Evaluator] Actor Episodes = 42065 | Actor Steps = 2103250 | Delta Dist = 11.872 | Delta Dist 10 = 12.026 | Delta Dist 100 = 11.651 | Delta Dist 1000 = 11.623 | Episode Length = 50 | Episode Return = 16.0 | Evaluator Episodes = 10662 | Evaluator Steps = 533100 | Final Dist = 0.934 | Final Dist 10 = 0.780 | Final Dist 100 = 1.155 | Final Dist 1000 = 1.183 | Init Dist = 12.806 | Init Dist 10 = 12.806 | Init Dist 100 = 12.806 | Init Dist 1000 = 12.806 | Learner Steps = 32709 | Learner Walltime = 6474.720 | Min Dist = 0.926 | Min Dist 10 = 0.270 | Min Dist 100 = 0.527 | Min Dist 1000 = 0.534 | Steps Per Second = 98.928 | Success = 1.000 | Success 1000 = 0.942
I0502 16:54:11.562137 139558059398720 terminal.py:91] [Actor] Actor Episodes = 42071 | Actor Steps = 2103550 | Delta Dist = 5.182 | Delta Dist 10 = 4.650 | Delta Dist 100 = 4.514 | Delta Dist 1000 = 4.167 | Episode Length = 50 | Episode Return = 23.0 | Evaluator Episodes = 10662 | Evaluator Steps = 533100 | Final Dist = 0.203 | Final Dist 10 = 0.984 | Final Dist 100 = 1.733 | Final Dist 1000 = 1.719 | Init Dist = 5.385 | Init Dist 10 = 5.634 | Init Dist 100 = 6.247 | Init Dist 1000 = 5.886 | Learner Steps = 32709 | Learner Walltime = 6474.720 | Min Dist = 0.012 | Min Dist 10 = 0.090 | Min Dist 100 = 0.462 | Min Dist 1000 = 0.287 | Steps Per Second = 80.798 | Success = 1.000 | Success 1000 = 0.981
I0502 16:54:11.873658 139579566835264 terminal.py:91] [Evaluator] Actor Episodes = 42073 | Actor Steps = 2103650 | Delta Dist = 11.740 | Delta Dist 10 = 11.936 | Delta Dist 100 = 11.649 | Delta Dist 1000 = 11.623 | Episode Length = 50 | Episode Return = 16.0 | Evaluator Episodes = 10664 | Evaluator Steps = 533200 | Final Dist = 1.066 | Final Dist 10 = 0.871 | Final Dist 100 = 1.158 | Final Dist 1000 = 1.183 | Init Dist = 12.806 | Init Dist 10 = 12.806 | Init Dist 100 = 12.806 | Init Dist 1000 = 12.806 | Learner Steps = 32715 | Learner Walltime = 6475.896 | Min Dist = 0.706 | Min Dist 10 = 0.297 | Min Dist 100 = 0.528 | Min Dist 1000 = 0.534 | Steps Per Second = 81.486 | Success = 1.000 | Success 1000 = 0.942
I0502 16:54:13.116412 139569349502528 terminal.py:91] [Actor] Actor Episodes = 42078 | Actor Steps = 2103900 | Delta Dist = 2.596 | Delta Dist 10 = 5.773 | Delta Dist 100 = 4.671 | Delta Dist 1000 = 4.173 | Episode Length = 50 | Episode Return = 22.0 | Evaluator Episodes = 10664 | Evaluator Steps = 533200 | Final Dist = 0.232 | Final Dist 10 = 1.018 | Final Dist 100 = 1.544 | Final Dist 1000 = 1.720 | Init Dist = 2.828 | Init Dist 10 = 6.791 | Init Dist 100 = 6.215 | Init Dist 1000 = 5.892 | Learner Steps = 32715 | Learner Walltime = 6475.896 | Min Dist = 0.031 | Min Dist 10 = 0.112 | Min Dist 100 = 0.337 | Min Dist 1000 = 0.286 | Steps Per Second = 80.659 | Success = 1.000 | Success 1000 = 0.981
I0502 16:54:13.129784 139579566835264 terminal.py:91] [Evaluator] Actor Episodes = 42081 | Actor Steps = 2104050 | Delta Dist = 11.127 | Delta Dist 10 = 11.938 | Delta Dist 100 = 11.657 | Delta Dist 1000 = 11.622 | Episode Length = 50 | Episode Return = 6.0 | Evaluator Episodes = 10666 | Evaluator Steps = 533300 | Final Dist = 1.679 | Final Dist 10 = 0.868 | Final Dist 100 = 1.149 | Final Dist 1000 = 1.184 | Init Dist = 12.806 | Init Dist 10 = 12.806 | Init Dist 100 = 12.806 | Init Dist 1000 = 12.806 | Learner Steps = 32722 | Learner Walltime = 6477.251 | Min Dist = 0.049 | Min Dist 10 = 0.281 | Min Dist 100 = 0.527 | Min Dist 1000 = 0.535 | Steps Per Second = 82.308 | Success = 1.000 | Success 1000 = 0.942
I0502 16:54:13.577126 139557462840896 terminal.py:91] [Actor] Actor Episodes = 42083 | Actor Steps = 2104150 | Delta Dist = 9.150 | Delta Dist 10 = 5.267 | Delta Dist 100 = 4.640 | Delta Dist 1000 = 4.160 | Episode Length = 50 | Episode Return = 48.0 | Evaluator Episodes = 10666 | Evaluator Steps = 533300 | Final Dist = 0.284 | Final Dist 10 = 0.912 | Final Dist 100 = 1.574 | Final Dist 1000 = 1.722 | Init Dist = 9.434 | Init Dist 10 = 6.179 | Init Dist 100 = 6.214 | Init Dist 1000 = 5.882 | Learner Steps = 32722 | Learner Walltime = 6477.251 | Min Dist = 0.087 | Min Dist 10 = 0.323 | Min Dist 100 = 0.358 | Min Dist 1000 = 0.288 | Steps Per Second = 81.214 | Success = 1.000 | Success 1000 = 0.981
I0502 16:54:14.275063 139579566835264 terminal.py:91] [Evaluator] Actor Episodes = 42089 | Actor Steps = 2104450 | Delta Dist = 12.351 | Delta Dist 10 = 11.865 | Delta Dist 100 = 11.651 | Delta Dist 1000 = 11.622 | Episode Length = 50 | Episode Return = 25.0 | Evaluator Episodes = 10668 | Evaluator Steps = 533400 | Final Dist = 0.455 | Final Dist 10 = 0.942 | Final Dist 100 = 1.155 | Final Dist 1000 = 1.184 | Init Dist = 12.806 | Init Dist 10 = 12.806 | Init Dist 100 = 12.806 | Init Dist 1000 = 12.806 | Learner Steps = 32727 | Learner Walltime = 6478.374 | Min Dist = 0.098 | Min Dist 10 = 0.267 | Min Dist 100 = 0.527 | Min Dist 1000 = 0.535 | Steps Per Second = 92.245 | Success = 1.000 | Success 1000 = 0.942
I0502 16:54:15.448701 139579566835264 terminal.py:91] [Evaluator] Actor Episodes = 42097 | Actor Steps = 2104850 | Delta Dist = 10.535 | Delta Dist 10 = 11.958 | Delta Dist 100 = 11.764 | Delta Dist 1000 = 11.623 | Episode Length = 50 | Episode Return = 10.0 | Evaluator Episodes = 10670 | Evaluator Steps = 533500 | Final Dist = 2.272 | Final Dist 10 = 0.849 | Final Dist 100 = 1.042 | Final Dist 1000 = 1.183 | Init Dist = 12.806 | Init Dist 10 = 12.806 | Init Dist 100 = 12.806 | Init Dist 1000 = 12.806 | Learner Steps = 32734 | Learner Walltime = 6479.637 | Min Dist = 0.217 | Min Dist 10 = 0.263 | Min Dist 100 = 0.422 | Min Dist 1000 = 0.534 | Steps Per Second = 84.179 | Success = 1.000 | Success 1000 = 0.942
I0502 16:54:16.614139 139579566835264 terminal.py:91] [Evaluator] Actor Episodes = 42105 | Actor Steps = 2105250 | Delta Dist = 11.560 | Delta Dist 10 = 11.814 | Delta Dist 100 = 11.809 | Delta Dist 1000 = 11.621 | Episode Length = 50 | Episode Return = 10.0 | Evaluator Episodes = 10672 | Evaluator Steps = 533600 | Final Dist = 1.247 | Final Dist 10 = 0.992 | Final Dist 100 = 0.997 | Final Dist 1000 = 1.185 | Init Dist = 12.806 | Init Dist 10 = 12.806 | Init Dist 100 = 12.806 | Init Dist 1000 = 12.806 | Learner Steps = 32740 | Learner Walltime = 6480.638 | Min Dist = 0.391 | Min Dist 10 = 0.258 | Min Dist 100 = 0.373 | Min Dist 1000 = 0.535 | Steps Per Second = 85.017 | Success = 1.000 | Success 1000 = 0.942
I0502 16:54:17.057265 139584504182336 lp_utils.py:96] StepsLimiter: Reached 2105250 recorded steps
I0502 16:54:17.059186 139555860620864 terminal.py:91] [Actor] Actor Episodes = 42106 | Actor Steps = 2105300 | Delta Dist = -5.007 | Delta Dist 10 = 4.401 | Delta Dist 100 = 4.693 | Delta Dist 1000 = 4.186 | Episode Length = 50 | Episode Return = 0.0 | Evaluator Episodes = 10670 | Evaluator Steps = 533500 | Final Dist = 10.392 | Final Dist 10 = 1.856 | Final Dist 100 = 1.567 | Final Dist 1000 = 1.733 | Init Dist = 5.385 | Init Dist 10 = 6.257 | Init Dist 100 = 6.260 | Init Dist 1000 = 5.919 | Learner Steps = 32740 | Learner Walltime = 6480.638 | Min Dist = 0.263 | Min Dist 10 = 0.079 | Min Dist 100 = 0.151 | Min Dist 1000 = 0.288 | Steps Per Second = 88.304 | Success = 1.000 | Success 1000 = 0.982
I0502 16:54:17.467213 139555013154368 terminal.py:91] [Learner] Actor Episodes = 42109 | Actor Loss = 3.6971631050109863 | Actor Steps = 2105450 | Binary Accuracy = 0.9960711002349854 | Categorical Accuracy = 0.4176025390625 | Critic Loss = 1.82038414478302 | Entropy Mean = -23.224090576171875 | Evaluator Episodes = 10672 | Evaluator Steps = 533600 | Learner Steps = 32745 | Learner Walltime = 6481.661 | Logits Neg = -17.30806541442871 | Logits Pos = -1.8433252573013306 | Logsumexp = 1.110938310623169 | Steps Per Second = 245.456
I0502 16:54:17.833730 139579566835264 terminal.py:91] [Evaluator] Actor Episodes = 42113 | Actor Steps = 2105650 | Delta Dist = 6.123 | Delta Dist 10 = 11.772 | Delta Dist 100 = 11.848 | Delta Dist 1000 = 11.619 | Episode Length = 50 | Episode Return = 0.0 | Evaluator Episodes = 10674 | Evaluator Steps = 533700 | Final Dist = 6.684 | Final Dist 10 = 1.034 | Final Dist 100 = 0.958 | Final Dist 1000 = 1.187 | Init Dist = 12.806 | Init Dist 10 = 12.806 | Init Dist 100 = 12.806 | Init Dist 1000 = 12.806 | Learner Steps = 32745 | Learner Walltime = 6481.661 | Min Dist = 6.648 | Min Dist 10 = 0.204 | Min Dist 100 = 0.322 | Min Dist 1000 = 0.535 | Steps Per Second = 77.546 | Success = 0.000 | Success 1000 = 0.942
I0502 16:54:18.984518 139579566835264 terminal.py:91] [Evaluator] Actor Episodes = 42121 | Actor Steps = 2106050 | Delta Dist = 12.043 | Delta Dist 10 = 11.166 | Delta Dist 100 = 11.812 | Delta Dist 1000 = 11.613 | Episode Length = 50 | Episode Return = 20.0 | Evaluator Episodes = 10676 | Evaluator Steps = 533800 | Final Dist = 0.764 | Final Dist 10 = 1.640 | Final Dist 100 = 0.994 | Final Dist 1000 = 1.193 | Init Dist = 12.806 | Init Dist 10 = 12.806 | Init Dist 100 = 12.806 | Init Dist 1000 = 12.806 | Learner Steps = 32751 | Learner Walltime = 6482.970 | Min Dist = 0.179 | Min Dist 10 = 0.888 | Min Dist 100 = 0.388 | Min Dist 1000 = 0.542 | Steps Per Second = 92.600 | Success = 1.000 | Success 1000 = 0.941
I0502 16:54:19.733383 139584635659840 savers.py:156] Saving checkpoint: logs/contrastive_cpc_point_FourRooms_64/5dd72662-2788-11f0-b183-d85ed38c5779/checkpoints/counter
I0502 16:54:20.319912 139579566835264 terminal.py:91] [Evaluator] Actor Episodes = 42129 | Actor Steps = 2106450 | Delta Dist = 12.341 | Delta Dist 10 = 10.647 | Delta Dist 100 = 11.753 | Delta Dist 1000 = 11.608 | Episode Length = 50 | Episode Return = 22.0 | Evaluator Episodes = 10678 | Evaluator Steps = 533900 | Final Dist = 0.465 | Final Dist 10 = 2.160 | Final Dist 100 = 1.053 | Final Dist 1000 = 1.199 | Init Dist = 12.806 | Init Dist 10 = 12.806 | Init Dist 100 = 12.806 | Init Dist 1000 = 12.806 | Learner Steps = 32758 | Learner Walltime = 6484.248 | Min Dist = 0.040 | Min Dist 10 = 1.449 | Min Dist 100 = 0.444 | Min Dist 1000 = 0.547 | Steps Per Second = 73.794 | Success = 1.000 | Success 1000 = 0.940
I0502 16:54:21.516209 139579566835264 terminal.py:91] [Evaluator] Actor Episodes = 42137 | Actor Steps = 2106850 | Delta Dist = 11.717 | Delta Dist 10 = 10.533 | Delta Dist 100 = 11.752 | Delta Dist 1000 = 11.608 | Episode Length = 50 | Episode Return = 6.0 | Evaluator Episodes = 10680 | Evaluator Steps = 534000 | Final Dist = 1.089 | Final Dist 10 = 2.273 | Final Dist 100 = 1.055 | Final Dist 1000 = 1.198 | Init Dist = 12.806 | Init Dist 10 = 12.806 | Init Dist 100 = 12.806 | Init Dist 1000 = 12.806 | Learner Steps = 32764 | Learner Walltime = 6485.302 | Min Dist = 0.449 | Min Dist 10 = 1.460 | Min Dist 100 = 0.437 | Min Dist 1000 = 0.547 | Steps Per Second = 86.650 | Success = 1.000 | Success 1000 = 0.940
I0502 16:54:21.782600 139558059398720 terminal.py:91] [Actor] Actor Episodes = 42134 | Actor Steps = 2106700 | Delta Dist = 1.863 | Delta Dist 10 = 4.633 | Delta Dist 100 = 4.528 | Delta Dist 1000 = 4.195 | Episode Length = 50 | Episode Return = 0.0 | Evaluator Episodes = 10678 | Evaluator Steps = 533900 | Final Dist = 2.137 | Final Dist 10 = 1.482 | Final Dist 100 = 1.613 | Final Dist 1000 = 1.712 | Init Dist = 4.000 | Init Dist 10 = 6.115 | Init Dist 100 = 6.141 | Init Dist 1000 = 5.907 | Learner Steps = 32764 | Learner Walltime = 6485.302 | Min Dist = 0.172 | Min Dist 10 = 0.086 | Min Dist 100 = 0.129 | Min Dist 1000 = 0.288 | Steps Per Second = 75.174 | Success = 1.000 | Success 1000 = 0.982
I0502 16:54:22.765357 139579566835264 terminal.py:91] [Evaluator] Actor Episodes = 42145 | Actor Steps = 2107250 | Delta Dist = 11.409 | Delta Dist 10 = 10.645 | Delta Dist 100 = 11.746 | Delta Dist 1000 = 11.607 | Episode Length = 50 | Episode Return = 24.0 | Evaluator Episodes = 10682 | Evaluator Steps = 534100 | Final Dist = 1.397 | Final Dist 10 = 2.161 | Final Dist 100 = 1.060 | Final Dist 1000 = 1.199 | Init Dist = 12.806 | Init Dist 10 = 12.806 | Init Dist 100 = 12.806 | Init Dist 1000 = 12.806 | Learner Steps = 32769 | Learner Walltime = 6486.588 | Min Dist = 0.362 | Min Dist 10 = 1.474 | Min Dist 100 = 0.441 | Min Dist 1000 = 0.547 | Steps Per Second = 82.934 | Success = 1.000 | Success 1000 = 0.940
I0502 16:54:23.179478 139569349502528 terminal.py:91] [Actor] Actor Episodes = 42144 | Actor Steps = 2107200 | Delta Dist = 2.621 | Delta Dist 10 = 4.193 | Delta Dist 100 = 4.546 | Delta Dist 1000 = 4.183 | Episode Length = 50 | Episode Return = 39.0 | Evaluator Episodes = 10680 | Evaluator Steps = 534000 | Final Dist = 1.379 | Final Dist 10 = 0.877 | Final Dist 100 = 1.445 | Final Dist 1000 = 1.700 | Init Dist = 4.000 | Init Dist 10 = 5.070 | Init Dist 100 = 5.991 | Init Dist 1000 = 5.883 | Learner Steps = 32769 | Learner Walltime = 6486.588 | Min Dist = 0.041 | Min Dist 10 = 0.075 | Min Dist 100 = 0.128 | Min Dist 1000 = 0.287 | Steps Per Second = 82.305 | Success = 1.000 | Success 1000 = 0.982
I0502 16:54:23.934864 139579566835264 terminal.py:91] [Evaluator] Actor Episodes = 42153 | Actor Steps = 2107650 | Delta Dist = 11.806 | Delta Dist 10 = 10.678 | Delta Dist 100 = 11.754 | Delta Dist 1000 = 11.607 | Episode Length = 50 | Episode Return = 20.0 | Evaluator Episodes = 10684 | Evaluator Steps = 534200 | Final Dist = 1.000 | Final Dist 10 = 2.128 | Final Dist 100 = 1.052 | Final Dist 1000 = 1.199 | Init Dist = 12.806 | Init Dist 10 = 12.806 | Init Dist 100 = 12.806 | Init Dist 1000 = 12.806 | Learner Steps = 32775 | Learner Walltime = 6487.614 | Min Dist = 0.162 | Min Dist 10 = 1.509 | Min Dist 100 = 0.428 | Min Dist 1000 = 0.548 | Steps Per Second = 82.524 | Success = 1.000 | Success 1000 = 0.940
I0502 16:54:23.946940 139557462840896 terminal.py:91] [Actor] Actor Episodes = 42148 | Actor Steps = 2107400 | Delta Dist = 2.750 | Delta Dist 10 = 6.709 | Delta Dist 100 = 4.603 | Delta Dist 1000 = 4.199 | Episode Length = 50 | Episode Return = 31.0 | Evaluator Episodes = 10682 | Evaluator Steps = 534100 | Final Dist = 0.412 | Final Dist 10 = 0.416 | Final Dist 100 = 1.378 | Final Dist 1000 = 1.681 | Init Dist = 3.162 | Init Dist 10 = 7.125 | Init Dist 100 = 5.981 | Init Dist 1000 = 5.880 | Learner Steps = 32769 | Learner Walltime = 6486.588 | Min Dist = 0.120 | Min Dist 10 = 0.039 | Min Dist 100 = 0.106 | Min Dist 1000 = 0.284 | Steps Per Second = 88.973 | Success = 1.000 | Success 1000 = 0.982
I0502 16:54:25.100136 139579566835264 terminal.py:91] [Evaluator] Actor Episodes = 42161 | Actor Steps = 2108050 | Delta Dist = 12.314 | Delta Dist 10 = 10.858 | Delta Dist 100 = 11.712 | Delta Dist 1000 = 11.602 | Episode Length = 50 | Episode Return = 16.0 | Evaluator Episodes = 10686 | Evaluator Steps = 534300 | Final Dist = 0.493 | Final Dist 10 = 1.948 | Final Dist 100 = 1.094 | Final Dist 1000 = 1.204 | Init Dist = 12.806 | Init Dist 10 = 12.806 | Init Dist 100 = 12.806 | Init Dist 1000 = 12.806 | Learner Steps = 32781 | Learner Walltime = 6488.736 | Min Dist = 0.332 | Min Dist 10 = 1.248 | Min Dist 100 = 0.473 | Min Dist 1000 = 0.552 | Steps Per Second = 86.665 | Success = 1.000 | Success 1000 = 0.939
I0502 16:54:26.335684 139579566835264 terminal.py:91] [Evaluator] Actor Episodes = 42169 | Actor Steps = 2108450 | Delta Dist = 12.489 | Delta Dist 10 = 11.331 | Delta Dist 100 = 11.693 | Delta Dist 1000 = 11.601 | Episode Length = 50 | Episode Return = 29.0 | Evaluator Episodes = 10688 | Evaluator Steps = 534400 | Final Dist = 0.318 | Final Dist 10 = 1.475 | Final Dist 100 = 1.113 | Final Dist 1000 = 1.205 | Init Dist = 12.806 | Init Dist 10 = 12.806 | Init Dist 100 = 12.806 | Init Dist 1000 = 12.806 | Learner Steps = 32786 | Learner Walltime = 6489.835 | Min Dist = 0.012 | Min Dist 10 = 0.828 | Min Dist 100 = 0.486 | Min Dist 1000 = 0.553 | Steps Per Second = 82.663 | Success = 1.000 | Success 1000 = 0.938
I0502 16:54:27.076098 139584504182336 lp_utils.py:96] StepsLimiter: Reached 2108550 recorded steps
I0502 16:54:27.429368 139555860620864 terminal.py:91] [Actor] Actor Episodes = 42177 | Actor Steps = 2108850 | Delta Dist = -3.449 | Delta Dist 10 = 2.214 | Delta Dist 100 = 4.139 | Delta Dist 1000 = 4.153 | Episode Length = 50 | Episode Return = 0.0 | Evaluator Episodes = 10688 | Evaluator Steps = 534400 | Final Dist = 9.106 | Final Dist 10 = 4.003 | Final Dist 100 = 1.793 | Final Dist 1000 = 1.718 | Init Dist = 5.657 | Init Dist 10 = 6.217 | Init Dist 100 = 5.932 | Init Dist 1000 = 5.870 | Learner Steps = 32793 | Learner Walltime = 6491.096 | Min Dist = 0.612 | Min Dist 10 = 0.600 | Min Dist 100 = 0.214 | Min Dist 1000 = 0.294 | Steps Per Second = 80.362 | Success = 1.000 | Success 1000 = 0.982
I0502 16:54:27.494114 139579566835264 terminal.py:91] [Evaluator] Actor Episodes = 42177 | Actor Steps = 2108850 | Delta Dist = 11.500 | Delta Dist 10 = 11.396 | Delta Dist 100 = 11.705 | Delta Dist 1000 = 11.602 | Episode Length = 50 | Episode Return = 22.0 | Evaluator Episodes = 10690 | Evaluator Steps = 534500 | Final Dist = 1.306 | Final Dist 10 = 1.411 | Final Dist 100 = 1.101 | Final Dist 1000 = 1.204 | Init Dist = 12.806 | Init Dist 10 = 12.806 | Init Dist 100 = 12.806 | Init Dist 1000 = 12.806 | Learner Steps = 32793 | Learner Walltime = 6491.096 | Min Dist = 0.066 | Min Dist 10 = 0.829 | Min Dist 100 = 0.481 | Min Dist 1000 = 0.553 | Steps Per Second = 87.422 | Success = 1.000 | Success 1000 = 0.938
I0502 16:54:27.521008 139555013154368 terminal.py:91] [Learner] Actor Episodes = 42169 | Actor Loss = 3.579145669937134 | Actor Steps = 2108450 | Binary Accuracy = 0.9960861206054688 | Categorical Accuracy = 0.42950439453125 | Critic Loss = 1.7532808780670166 | Entropy Mean = -22.279613494873047 | Evaluator Episodes = 10688 | Evaluator Steps = 534400 | Learner Steps = 32797 | Learner Walltime = 6491.716 | Logits Neg = -17.390005111694336 | Logits Pos = -1.7104651927947998 | Logsumexp = 1.1121121644973755 | Steps Per Second = 1015.409
I0502 16:54:28.686507 139579566835264 terminal.py:91] [Evaluator] Actor Episodes = 42185 | Actor Steps = 2109250 | Delta Dist = 12.101 | Delta Dist 10 = 11.439 | Delta Dist 100 = 11.702 | Delta Dist 1000 = 11.601 | Episode Length = 50 | Episode Return = 23.0 | Evaluator Episodes = 10692 | Evaluator Steps = 534600 | Final Dist = 0.706 | Final Dist 10 = 1.367 | Final Dist 100 = 1.104 | Final Dist 1000 = 1.205 | Init Dist = 12.806 | Init Dist 10 = 12.806 | Init Dist 100 = 12.806 | Init Dist 1000 = 12.806 | Learner Steps = 32799 | Learner Walltime = 6492.256 | Min Dist = 0.427 | Min Dist 10 = 0.781 | Min Dist 100 = 0.477 | Min Dist 1000 = 0.553 | Steps Per Second = 83.113 | Success = 1.000 | Success 1000 = 0.938
I0502 16:54:29.939232 139579566835264 terminal.py:91] [Evaluator] Actor Episodes = 42193 | Actor Steps = 2109650 | Delta Dist = 11.475 | Delta Dist 10 = 11.563 | Delta Dist 100 = 11.708 | Delta Dist 1000 = 11.602 | Episode Length = 50 | Episode Return = 15.0 | Evaluator Episodes = 10694 | Evaluator Steps = 534700 | Final Dist = 1.332 | Final Dist 10 = 1.244 | Final Dist 100 = 1.098 | Final Dist 1000 = 1.204 | Init Dist = 12.806 | Init Dist 10 = 12.806 | Init Dist 100 = 12.806 | Init Dist 1000 = 12.806 | Learner Steps = 32804 | Learner Walltime = 6493.426 | Min Dist = 0.061 | Min Dist 10 = 0.749 | Min Dist 100 = 0.475 | Min Dist 1000 = 0.553 | Steps Per Second = 81.267 | Success = 1.000 | Success 1000 = 0.938
I0502 16:54:30.439410 139583350109760 savers.py:156] Saving checkpoint: logs/contrastive_cpc_point_FourRooms_64/5dd72662-2788-11f0-b183-d85ed38c5779/checkpoints/learner
I0502 16:54:31.083219 139579566835264 terminal.py:91] [Evaluator] Actor Episodes = 42201 | Actor Steps = 2110050 | Delta Dist = 12.032 | Delta Dist 10 = 11.946 | Delta Dist 100 = 11.702 | Delta Dist 1000 = 11.602 | Episode Length = 50 | Episode Return = 30.0 | Evaluator Episodes = 10696 | Evaluator Steps = 534800 | Final Dist = 0.774 | Final Dist 10 = 0.860 | Final Dist 100 = 1.104 | Final Dist 1000 = 1.204 | Init Dist = 12.806 | Init Dist 10 = 12.806 | Init Dist 100 = 12.806 | Init Dist 1000 = 12.806 | Learner Steps = 32811 | Learner Walltime = 6494.642 | Min Dist = 0.095 | Min Dist 10 = 0.266 | Min Dist 100 = 0.467 | Min Dist 1000 = 0.553 | Steps Per Second = 84.316 | Success = 1.000 | Success 1000 = 0.938
I0502 16:54:32.104237 139558059398720 terminal.py:91] [Actor] Actor Episodes = 42205 | Actor Steps = 2110250 | Delta Dist = 6.901 | Delta Dist 10 = 3.958 | Delta Dist 100 = 3.849 | Delta Dist 1000 = 4.125 | Episode Length = 50 | Episode Return = 19.0 | Evaluator Episodes = 10696 | Evaluator Steps = 534800 | Final Dist = 1.346 | Final Dist 10 = 3.182 | Final Dist 100 = 2.066 | Final Dist 1000 = 1.766 | Init Dist = 8.246 | Init Dist 10 = 7.140 | Init Dist 100 = 5.915 | Init Dist 1000 = 5.891 | Learner Steps = 32816 | Learner Walltime = 6495.768 | Min Dist = 0.080 | Min Dist 10 = 0.300 | Min Dist 100 = 0.222 | Min Dist 1000 = 0.298 | Steps Per Second = 84.188 | Success = 1.000 | Success 1000 = 0.981
I0502 16:54:32.225304 139579566835264 terminal.py:91] [Evaluator] Actor Episodes = 42209 | Actor Steps = 2110450 | Delta Dist = 11.800 | Delta Dist 10 = 12.041 | Delta Dist 100 = 11.696 | Delta Dist 1000 = 11.602 | Episode Length = 50 | Episode Return = 2.0 | Evaluator Episodes = 10698 | Evaluator Steps = 534900 | Final Dist = 1.006 | Final Dist 10 = 0.765 | Final Dist 100 = 1.110 | Final Dist 1000 = 1.205 | Init Dist = 12.806 | Init Dist 10 = 12.806 | Init Dist 100 = 12.806 | Init Dist 1000 = 12.806 | Learner Steps = 32816 | Learner Walltime = 6495.768 | Min Dist = 0.346 | Min Dist 10 = 0.152 | Min Dist 100 = 0.470 | Min Dist 1000 = 0.553 | Steps Per Second = 89.358 | Success = 1.000 | Success 1000 = 0.938
I0502 16:54:33.370842 139579566835264 terminal.py:91] [Evaluator] Actor Episodes = 42213 | Actor Steps = 2110650 | Delta Dist = 12.255 | Delta Dist 10 = 11.964 | Delta Dist 100 = 11.694 | Delta Dist 1000 = 11.600 | Episode Length = 50 | Episode Return = 29.0 | Evaluator Episodes = 10700 | Evaluator Steps = 535000 | Final Dist = 0.551 | Final Dist 10 = 0.842 | Final Dist 100 = 1.112 | Final Dist 1000 = 1.206 | Init Dist = 12.806 | Init Dist 10 = 12.806 | Init Dist 100 = 12.806 | Init Dist 1000 = 12.806 | Learner Steps = 32822 | Learner Walltime = 6496.956 | Min Dist = 0.107 | Min Dist 10 = 0.240 | Min Dist 100 = 0.476 | Min Dist 1000 = 0.554 | Steps Per Second = 83.932 | Success = 1.000 | Success 1000 = 0.938
I0502 16:54:33.455537 139569349502528 terminal.py:91] [Actor] Actor Episodes = 42217 | Actor Steps = 2110850 | Delta Dist = 3.076 | Delta Dist 10 = 5.202 | Delta Dist 100 = 3.973 | Delta Dist 1000 = 4.133 | Episode Length = 50 | Episode Return = 34.0 | Evaluator Episodes = 10700 | Evaluator Steps = 535000 | Final Dist = 0.086 | Final Dist 10 = 2.524 | Final Dist 100 = 2.098 | Final Dist 1000 = 1.779 | Init Dist = 3.162 | Init Dist 10 = 7.726 | Init Dist 100 = 6.071 | Init Dist 1000 = 5.912 | Learner Steps = 32822 | Learner Walltime = 6496.956 | Min Dist = 0.086 | Min Dist 10 = 0.143 | Min Dist 100 = 0.226 | Min Dist 1000 = 0.299 | Steps Per Second = 77.458 | Success = 1.000 | Success 1000 = 0.981
I0502 16:54:33.960115 139557462840896 terminal.py:91] [Actor] Actor Episodes = 42214 | Actor Steps = 2110700 | Delta Dist = 9.836 | Delta Dist 10 = 5.709 | Delta Dist 100 = 3.992 | Delta Dist 1000 = 4.135 | Episode Length = 50 | Episode Return = 27.0 | Evaluator Episodes = 10698 | Evaluator Steps = 534900 | Final Dist = 0.164 | Final Dist 10 = 2.391 | Final Dist 100 = 2.096 | Final Dist 1000 = 1.779 | Init Dist = 10.000 | Init Dist 10 = 7.218 | Init Dist 100 = 6.063 | Init Dist 1000 = 5.906 | Learner Steps = 32822 | Learner Walltime = 6496.956 | Min Dist = 0.015 | Min Dist 10 = 0.132 | Min Dist 100 = 0.225 | Min Dist 1000 = 0.299 | Steps Per Second = 77.037 | Success = 1.000 | Success 1000 = 0.981
I0502 16:54:34.598044 139579566835264 terminal.py:91] [Evaluator] Actor Episodes = 42221 | Actor Steps = 2111050 | Delta Dist = 11.495 | Delta Dist 10 = 11.215 | Delta Dist 100 = 11.626 | Delta Dist 1000 = 11.593 | Episode Length = 50 | Episode Return = 14.0 | Evaluator Episodes = 10702 | Evaluator Steps = 535100 | Final Dist = 1.311 | Final Dist 10 = 1.591 | Final Dist 100 = 1.180 | Final Dist 1000 = 1.213 | Init Dist = 12.806 | Init Dist 10 = 12.806 | Init Dist 100 = 12.806 | Init Dist 1000 = 12.806 | Learner Steps = 32829 | Learner Walltime = 6498.279 | Min Dist = 0.042 | Min Dist 10 = 1.057 | Min Dist 100 = 0.558 | Min Dist 1000 = 0.562 | Steps Per Second = 86.306 | Success = 1.000 | Success 1000 = 0.937
I0502 16:54:35.787869 139579566835264 terminal.py:91] [Evaluator] Actor Episodes = 42227 | Actor Steps = 2111350 | Delta Dist = 12.139 | Delta Dist 10 = 10.992 | Delta Dist 100 = 11.620 | Delta Dist 1000 = 11.592 | Episode Length = 50 | Episode Return = 6.0 | Evaluator Episodes = 10704 | Evaluator Steps = 535200 | Final Dist = 0.667 | Final Dist 10 = 1.814 | Final Dist 100 = 1.186 | Final Dist 1000 = 1.214 | Init Dist = 12.806 | Init Dist 10 = 12.806 | Init Dist 100 = 12.806 | Init Dist 1000 = 12.806 | Learner Steps = 32836 | Learner Walltime = 6499.582 | Min Dist = 0.571 | Min Dist 10 = 1.131 | Min Dist 100 = 0.566 | Min Dist 1000 = 0.563 | Steps Per Second = 80.759 | Success = 1.000 | Success 1000 = 0.936
I0502 16:54:36.953717 139579566835264 terminal.py:91] [Evaluator] Actor Episodes = 42237 | Actor Steps = 2111850 | Delta Dist = 12.254 | Delta Dist 10 = 11.024 | Delta Dist 100 = 11.627 | Delta Dist 1000 = 11.592 | Episode Length = 50 | Episode Return = 6.0 | Evaluator Episodes = 10706 | Evaluator Steps = 535300 | Final Dist = 0.553 | Final Dist 10 = 1.782 | Final Dist 100 = 1.179 | Final Dist 1000 = 1.215 | Init Dist = 12.806 | Init Dist 10 = 12.806 | Init Dist 100 = 12.806 | Init Dist 1000 = 12.806 | Learner Steps = 32842 | Learner Walltime = 6500.776 | Min Dist = 0.553 | Min Dist 10 = 1.230 | Min Dist 100 = 0.576 | Min Dist 1000 = 0.563 | Steps Per Second = 89.539 | Success = 1.000 | Success 1000 = 0.936
I0502 16:54:37.093722 139584504182336 lp_utils.py:96] StepsLimiter: Reached 2111950 recorded steps
I0502 16:54:37.573551 139555013154368 terminal.py:91] [Learner] Actor Episodes = 42233 | Actor Loss = 3.6726841926574707 | Actor Steps = 2111650 | Binary Accuracy = 0.9960761070251465 | Categorical Accuracy = 0.42852783203125 | Critic Loss = 1.7482287883758545 | Entropy Mean = -22.844924926757812 | Evaluator Episodes = 10704 | Evaluator Steps = 535200 | Learner Steps = 32847 | Learner Walltime = 6501.771 | Logits Neg = -17.472164154052734 | Logits Pos = -1.7367303371429443 | Logsumexp = 1.0245327949523926 | Steps Per Second = 183.221
I0502 16:54:37.599096 139555860620864 terminal.py:91] [Actor] Actor Episodes = 42240 | Actor Steps = 2112000 | Delta Dist = 2.925 | Delta Dist 10 = 3.554 | Delta Dist 100 = 4.097 | Delta Dist 1000 = 4.129 | Episode Length = 50 | Episode Return = 40.0 | Evaluator Episodes = 10706 | Evaluator Steps = 535300 | Final Dist = 0.075 | Final Dist 10 = 0.718 | Final Dist 100 = 2.029 | Final Dist 1000 = 1.783 | Init Dist = 3.000 | Init Dist 10 = 4.272 | Init Dist 100 = 6.125 | Init Dist 1000 = 5.912 | Learner Steps = 32842 | Learner Walltime = 6500.776 | Min Dist = 0.041 | Min Dist 10 = 0.256 | Min Dist 100 = 0.343 | Min Dist 1000 = 0.310 | Steps Per Second = 94.212 | Success = 1.000 | Success 1000 = 0.981
I0502 16:54:38.015186 139579566835264 terminal.py:91] [Evaluator] Actor Episodes = 42243 | Actor Steps = 2112150 | Delta Dist = 11.366 | Delta Dist 10 = 11.134 | Delta Dist 100 = 11.665 | Delta Dist 1000 = 11.596 | Episode Length = 50 | Episode Return = 13.0 | Evaluator Episodes = 10708 | Evaluator Steps = 535400 | Final Dist = 1.440 | Final Dist 10 = 1.672 | Final Dist 100 = 1.141 | Final Dist 1000 = 1.210 | Init Dist = 12.806 | Init Dist 10 = 12.806 | Init Dist 100 = 12.806 | Init Dist 1000 = 12.806 | Learner Steps = 32848 | Learner Walltime = 6501.827 | Min Dist = 0.115 | Min Dist 10 = 1.258 | Min Dist 100 = 0.553 | Min Dist 1000 = 0.560 | Steps Per Second = 100.184 | Success = 1.000 | Success 1000 = 0.937
I0502 16:54:39.370216 139579566835264 terminal.py:91] [Evaluator] Actor Episodes = 42252 | Actor Steps = 2112600 | Delta Dist = 11.666 | Delta Dist 10 = 11.083 | Delta Dist 100 = 11.651 | Delta Dist 1000 = 11.595 | Episode Length = 50 | Episode Return = 20.0 | Evaluator Episodes = 10710 | Evaluator Steps = 535500 | Final Dist = 1.141 | Final Dist 10 = 1.724 | Final Dist 100 = 1.155 | Final Dist 1000 = 1.211 | Init Dist = 12.806 | Init Dist 10 = 12.806 | Init Dist 100 = 12.806 | Init Dist 1000 = 12.806 | Learner Steps = 32854 | Learner Walltime = 6502.958 | Min Dist = 0.081 | Min Dist 10 = 1.163 | Min Dist 100 = 0.553 | Min Dist 1000 = 0.559 | Steps Per Second = 71.947 | Success = 1.000 | Success 1000 = 0.937
I0502 16:54:40.522599 139579566835264 terminal.py:91] [Evaluator] Actor Episodes = 42258 | Actor Steps = 2112900 | Delta Dist = 11.468 | Delta Dist 10 = 11.749 | Delta Dist 100 = 11.642 | Delta Dist 1000 = 11.594 | Episode Length = 50 | Episode Return = 7.0 | Evaluator Episodes = 10712 | Evaluator Steps = 535600 | Final Dist = 1.338 | Final Dist 10 = 1.057 | Final Dist 100 = 1.164 | Final Dist 1000 = 1.212 | Init Dist = 12.806 | Init Dist 10 = 12.806 | Init Dist 100 = 12.806 | Init Dist 1000 = 12.806 | Learner Steps = 32860 | Learner Walltime = 6504.206 | Min Dist = 0.161 | Min Dist 10 = 0.328 | Min Dist 100 = 0.551 | Min Dist 1000 = 0.559 | Steps Per Second = 87.261 | Success = 1.000 | Success 1000 = 0.937
I0502 16:54:41.579643 139579566835264 terminal.py:91] [Evaluator] Actor Episodes = 42266 | Actor Steps = 2113300 | Delta Dist = 11.428 | Delta Dist 10 = 11.814 | Delta Dist 100 = 11.642 | Delta Dist 1000 = 11.599 | Episode Length = 50 | Episode Return = 8.0 | Evaluator Episodes = 10714 | Evaluator Steps = 535700 | Final Dist = 1.378 | Final Dist 10 = 0.992 | Final Dist 100 = 1.164 | Final Dist 1000 = 1.207 | Init Dist = 12.806 | Init Dist 10 = 12.806 | Init Dist 100 = 12.806 | Init Dist 1000 = 12.806 | Learner Steps = 32866 | Learner Walltime = 6505.307 | Min Dist = 0.252 | Min Dist 10 = 0.231 | Min Dist 100 = 0.551 | Min Dist 1000 = 0.553 | Steps Per Second = 88.712 | Success = 1.000 | Success 1000 = 0.938
I0502 16:54:42.411766 139558059398720 terminal.py:91] [Actor] Actor Episodes = 42271 | Actor Steps = 2113550 | Delta Dist = 9.385 | Delta Dist 10 = 3.804 | Delta Dist 100 = 4.203 | Delta Dist 1000 = 4.154 | Episode Length = 50 | Episode Return = 34.0 | Evaluator Episodes = 10714 | Evaluator Steps = 535700 | Final Dist = 0.049 | Final Dist 10 = 0.881 | Final Dist 100 = 1.736 | Final Dist 1000 = 1.774 | Init Dist = 9.434 | Init Dist 10 = 4.686 | Init Dist 100 = 5.939 | Init Dist 1000 = 5.929 | Learner Steps = 32866 | Learner Walltime = 6505.307 | Min Dist = 0.049 | Min Dist 10 = 0.209 | Min Dist 100 = 0.263 | Min Dist 1000 = 0.299 | Steps Per Second = 75.977 | Success = 1.000 | Success 1000 = 0.980
I0502 16:54:42.796570 139579566835264 terminal.py:91] [Evaluator] Actor Episodes = 42274 | Actor Steps = 2113700 | Delta Dist = 11.568 | Delta Dist 10 = 11.801 | Delta Dist 100 = 11.640 | Delta Dist 1000 = 11.599 | Episode Length = 50 | Episode Return = 19.0 | Evaluator Episodes = 10716 | Evaluator Steps = 535800 | Final Dist = 1.238 | Final Dist 10 = 1.005 | Final Dist 100 = 1.166 | Final Dist 1000 = 1.207 | Init Dist = 12.806 | Init Dist 10 = 12.806 | Init Dist 100 = 12.806 | Init Dist 1000 = 12.806 | Learner Steps = 32872 | Learner Walltime = 6506.548 | Min Dist = 0.071 | Min Dist 10 = 0.154 | Min Dist 100 = 0.545 | Min Dist 1000 = 0.553 | Steps Per Second = 85.490 | Success = 1.000 | Success 1000 = 0.938
I0502 16:54:43.974024 139579566835264 terminal.py:91] [Evaluator] Actor Episodes = 42282 | Actor Steps = 2114100 | Delta Dist = 12.101 | Delta Dist 10 = 11.600 | Delta Dist 100 = 11.624 | Delta Dist 1000 = 11.599 | Episode Length = 50 | Episode Return = 13.0 | Evaluator Episodes = 10718 | Evaluator Steps = 535900 | Final Dist = 0.706 | Final Dist 10 = 1.206 | Final Dist 100 = 1.182 | Final Dist 1000 = 1.207 | Init Dist = 12.806 | Init Dist 10 = 12.806 | Init Dist 100 = 12.806 | Init Dist 1000 = 12.806 | Learner Steps = 32878 | Learner Walltime = 6507.764 | Min Dist = 0.022 | Min Dist 10 = 0.186 | Min Dist 100 = 0.551 | Min Dist 1000 = 0.553 | Steps Per Second = 87.700 | Success = 1.000 | Success 1000 = 0.938
I0502 16:54:44.065557 139569349502528 terminal.py:91] [Actor] Actor Episodes = 42281 | Actor Steps = 2114050 | Delta Dist = 0.625 | Delta Dist 10 = 3.931 | Delta Dist 100 = 4.010 | Delta Dist 1000 = 4.164 | Episode Length = 50 | Episode Return = 0.0 | Evaluator Episodes = 10716 | Evaluator Steps = 535800 | Final Dist = 3.498 | Final Dist 10 = 0.908 | Final Dist 100 = 1.690 | Final Dist 1000 = 1.770 | Init Dist = 4.123 | Init Dist 10 = 4.839 | Init Dist 100 = 5.700 | Init Dist 1000 = 5.934 | Learner Steps = 32872 | Learner Walltime = 6506.548 | Min Dist = 0.013 | Min Dist 10 = 0.468 | Min Dist 100 = 0.299 | Min Dist 1000 = 0.298 | Steps Per Second = 81.662 | Success = 1.000 | Success 1000 = 0.981
I0502 16:54:44.120851 139557462840896 terminal.py:91] [Actor] Actor Episodes = 42284 | Actor Steps = 2114200 | Delta Dist = 9.685 | Delta Dist 10 = 4.139 | Delta Dist 100 = 4.037 | Delta Dist 1000 = 4.162 | Episode Length = 50 | Episode Return = 45.0 | Evaluator Episodes = 10718 | Evaluator Steps = 535900 | Final Dist = 0.315 | Final Dist 10 = 0.888 | Final Dist 100 = 1.633 | Final Dist 1000 = 1.770 | Init Dist = 10.000 | Init Dist 10 = 5.027 | Init Dist 100 = 5.670 | Init Dist 1000 = 5.932 | Learner Steps = 32878 | Learner Walltime = 6507.764 | Min Dist = 0.306 | Min Dist 10 = 0.465 | Min Dist 100 = 0.290 | Min Dist 1000 = 0.297 | Steps Per Second = 92.965 | Success = 1.000 | Success 1000 = 0.981
I0502 16:54:45.181098 139579566835264 terminal.py:91] [Evaluator] Actor Episodes = 42290 | Actor Steps = 2114500 | Delta Dist = 12.163 | Delta Dist 10 = 11.668 | Delta Dist 100 = 11.622 | Delta Dist 1000 = 11.599 | Episode Length = 50 | Episode Return = 20.0 | Evaluator Episodes = 10720 | Evaluator Steps = 536000 | Final Dist = 0.643 | Final Dist 10 = 1.138 | Final Dist 100 = 1.184 | Final Dist 1000 = 1.208 | Init Dist = 12.806 | Init Dist 10 = 12.806 | Init Dist 100 = 12.806 | Init Dist 1000 = 12.806 | Learner Steps = 32885 | Learner Walltime = 6509.112 | Min Dist = 0.071 | Min Dist 10 = 0.183 | Min Dist 100 = 0.549 | Min Dist 1000 = 0.553 | Steps Per Second = 89.754 | Success = 1.000 | Success 1000 = 0.938
I0502 16:54:46.366725 139579566835264 terminal.py:91] [Evaluator] Actor Episodes = 42298 | Actor Steps = 2114900 | Delta Dist = 6.651 | Delta Dist 10 = 11.772 | Delta Dist 100 = 11.634 | Delta Dist 1000 = 11.600 | Episode Length = 50 | Episode Return = 0.0 | Evaluator Episodes = 10722 | Evaluator Steps = 536100 | Final Dist = 6.155 | Final Dist 10 = 1.034 | Final Dist 100 = 1.172 | Final Dist 1000 = 1.207 | Init Dist = 12.806 | Init Dist 10 = 12.806 | Init Dist 100 = 12.806 | Init Dist 1000 = 12.806 | Learner Steps = 32890 | Learner Walltime = 6510.191 | Min Dist = 4.861 | Min Dist 10 = 0.225 | Min Dist 100 = 0.550 | Min Dist 1000 = 0.553 | Steps Per Second = 72.432 | Success = 0.000 | Success 1000 = 0.938
I0502 16:54:47.114192 139584504182336 lp_utils.py:96] StepsLimiter: Reached 2115200 recorded steps
I0502 16:54:47.514014 139579566835264 terminal.py:91] [Evaluator] Actor Episodes = 42306 | Actor Steps = 2115300 | Delta Dist = 11.027 | Delta Dist 10 = 11.249 | Delta Dist 100 = 11.588 | Delta Dist 1000 = 11.593 | Episode Length = 50 | Episode Return = 0.0 | Evaluator Episodes = 10724 | Evaluator Steps = 536200 | Final Dist = 1.779 | Final Dist 10 = 1.557 | Final Dist 100 = 1.218 | Final Dist 1000 = 1.214 | Init Dist = 12.806 | Init Dist 10 = 12.806 | Init Dist 100 = 12.806 | Init Dist 1000 = 12.806 | Learner Steps = 32897 | Learner Walltime = 6511.404 | Min Dist = 1.263 | Min Dist 10 = 0.723 | Min Dist 100 = 0.576 | Min Dist 1000 = 0.558 | Steps Per Second = 86.170 | Success = 0.000 | Success 1000 = 0.937
I0502 16:54:47.799342 139555860620864 terminal.py:91] [Actor] Actor Episodes = 42307 | Actor Steps = 2115350 | Delta Dist = 2.000 | Delta Dist 10 = 4.517 | Delta Dist 100 = 4.305 | Delta Dist 1000 = 4.178 | Episode Length = 50 | Episode Return = 40.0 | Evaluator Episodes = 10722 | Evaluator Steps = 536100 | Final Dist = 0.236 | Final Dist 10 = 0.635 | Final Dist 100 = 1.204 | Final Dist 1000 = 1.731 | Init Dist = 2.236 | Init Dist 10 = 5.152 | Init Dist 100 = 5.509 | Init Dist 1000 = 5.909 | Learner Steps = 32897 | Learner Walltime = 6511.404 | Min Dist = 0.052 | Min Dist 10 = 0.227 | Min Dist 100 = 0.287 | Min Dist 1000 = 0.271 | Steps Per Second = 87.041 | Success = 1.000 | Success 1000 = 0.980
I0502 16:54:47.928911 139555013154368 terminal.py:91] [Learner] Actor Episodes = 42304 | Actor Loss = 3.6971144676208496 | Actor Steps = 2115200 | Binary Accuracy = 0.9959509372711182 | Categorical Accuracy = 0.41119384765625 | Critic Loss = 1.8104240894317627 | Entropy Mean = -23.626766204833984 | Evaluator Episodes = 10722 | Evaluator Steps = 536100 | Learner Steps = 32901 | Learner Walltime = 6512.124 | Logits Neg = -17.429527282714844 | Logits Pos = -1.7677867412567139 | Logsumexp = 1.2225533723831177 | Steps Per Second = 145.446
I0502 16:54:48.654645 139579566835264 terminal.py:91] [Evaluator] Actor Episodes = 42314 | Actor Steps = 2115700 | Delta Dist = 11.659 | Delta Dist 10 = 11.147 | Delta Dist 100 = 11.603 | Delta Dist 1000 = 11.591 | Episode Length = 50 | Episode Return = 18.0 | Evaluator Episodes = 10726 | Evaluator Steps = 536300 | Final Dist = 1.147 | Final Dist 10 = 1.659 | Final Dist 100 = 1.204 | Final Dist 1000 = 1.215 | Init Dist = 12.806 | Init Dist 10 = 12.806 | Init Dist 100 = 12.806 | Init Dist 1000 = 12.806 | Learner Steps = 32904 | Learner Walltime = 6512.742 | Min Dist = 0.026 | Min Dist 10 = 0.847 | Min Dist 100 = 0.572 | Min Dist 1000 = 0.559 | Steps Per Second = 88.280 | Success = 1.000 | Success 1000 = 0.936
I0502 16:54:49.815883 139579566835264 terminal.py:91] [Evaluator] Actor Episodes = 42322 | Actor Steps = 2116100 | Delta Dist = 11.536 | Delta Dist 10 = 11.165 | Delta Dist 100 = 11.589 | Delta Dist 1000 = 11.595 | Episode Length = 50 | Episode Return = 13.0 | Evaluator Episodes = 10728 | Evaluator Steps = 536400 | Final Dist = 1.271 | Final Dist 10 = 1.641 | Final Dist 100 = 1.218 | Final Dist 1000 = 1.211 | Init Dist = 12.806 | Init Dist 10 = 12.806 | Init Dist 100 = 12.806 | Init Dist 1000 = 12.806 | Learner Steps = 32910 | Learner Walltime = 6513.917 | Min Dist = 0.055 | Min Dist 10 = 0.769 | Min Dist 100 = 0.571 | Min Dist 1000 = 0.554 | Steps Per Second = 83.768 | Success = 1.000 | Success 1000 = 0.937
I0502 16:54:51.112492 139579566835264 terminal.py:91] [Evaluator] Actor Episodes = 42330 | Actor Steps = 2116500 | Delta Dist = 12.403 | Delta Dist 10 = 11.197 | Delta Dist 100 = 11.583 | Delta Dist 1000 = 11.596 | Episode Length = 50 | Episode Return = 23.0 | Evaluator Episodes = 10730 | Evaluator Steps = 536500 | Final Dist = 0.404 | Final Dist 10 = 1.609 | Final Dist 100 = 1.223 | Final Dist 1000 = 1.210 | Init Dist = 12.806 | Init Dist 10 = 12.806 | Init Dist 100 = 12.806 | Init Dist 1000 = 12.806 | Learner Steps = 32916 | Learner Walltime = 6515.081 | Min Dist = 0.138 | Min Dist 10 = 0.780 | Min Dist 100 = 0.568 | Min Dist 1000 = 0.553 | Steps Per Second = 81.789 | Success = 1.000 | Success 1000 = 0.937
I0502 16:54:52.319564 139579566835264 terminal.py:91] [Evaluator] Actor Episodes = 42338 | Actor Steps = 2116900 | Delta Dist = 12.590 | Delta Dist 10 = 11.202 | Delta Dist 100 = 11.575 | Delta Dist 1000 = 11.596 | Episode Length = 50 | Episode Return = 21.0 | Evaluator Episodes = 10732 | Evaluator Steps = 536600 | Final Dist = 0.217 | Final Dist 10 = 1.605 | Final Dist 100 = 1.232 | Final Dist 1000 = 1.210 | Init Dist = 12.806 | Init Dist 10 = 12.806 | Init Dist 100 = 12.806 | Init Dist 1000 = 12.806 | Learner Steps = 32923 | Learner Walltime = 6516.431 | Min Dist = 0.050 | Min Dist 10 = 0.749 | Min Dist 100 = 0.564 | Min Dist 1000 = 0.552 | Steps Per Second = 83.384 | Success = 1.000 | Success 1000 = 0.937
I0502 16:54:52.857717 139558059398720 terminal.py:91] [Actor] Actor Episodes = 42342 | Actor Steps = 2117100 | Delta Dist = 4.120 | Delta Dist 10 = 2.680 | Delta Dist 100 = 3.930 | Delta Dist 1000 = 4.189 | Episode Length = 50 | Episode Return = 46.0 | Evaluator Episodes = 10732 | Evaluator Steps = 536600 | Final Dist = 0.003 | Final Dist 10 = 0.835 | Final Dist 100 = 1.452 | Final Dist 1000 = 1.720 | Init Dist = 4.123 | Init Dist 10 = 3.515 | Init Dist 100 = 5.382 | Init Dist 1000 = 5.908 | Learner Steps = 32923 | Learner Walltime = 6516.431 | Min Dist = 0.003 | Min Dist 10 = 0.036 | Min Dist 100 = 0.256 | Min Dist 1000 = 0.265 | Steps Per Second = 82.907 | Success = 1.000 | Success 1000 = 0.981
I0502 16:54:53.548850 139579566835264 terminal.py:91] [Evaluator] Actor Episodes = 42346 | Actor Steps = 2117300 | Delta Dist = 11.110 | Delta Dist 10 = 11.805 | Delta Dist 100 = 11.584 | Delta Dist 1000 = 11.603 | Episode Length = 50 | Episode Return = 2.0 | Evaluator Episodes = 10734 | Evaluator Steps = 536700 | Final Dist = 1.696 | Final Dist 10 = 1.001 | Final Dist 100 = 1.222 | Final Dist 1000 = 1.203 | Init Dist = 12.806 | Init Dist 10 = 12.806 | Init Dist 100 = 12.806 | Init Dist 1000 = 12.806 | Learner Steps = 32929 | Learner Walltime = 6517.569 | Min Dist = 0.123 | Min Dist 10 = 0.245 | Min Dist 100 = 0.562 | Min Dist 1000 = 0.549 | Steps Per Second = 72.637 | Success = 1.000 | Success 1000 = 0.938
I0502 16:54:54.224535 139569349502528 terminal.py:91] [Actor] Actor Episodes = 42352 | Actor Steps = 2117600 | Delta Dist = 3.541 | Delta Dist 10 = 4.277 | Delta Dist 100 = 3.962 | Delta Dist 1000 = 4.197 | Episode Length = 50 | Episode Return = 37.0 | Evaluator Episodes = 10734 | Evaluator Steps = 536700 | Final Dist = 0.582 | Final Dist 10 = 1.883 | Final Dist 100 = 1.530 | Final Dist 1000 = 1.723 | Init Dist = 4.123 | Init Dist 10 = 6.160 | Init Dist 100 = 5.492 | Init Dist 1000 = 5.920 | Learner Steps = 32929 | Learner Walltime = 6517.569 | Min Dist = 0.313 | Min Dist 10 = 0.095 | Min Dist 100 = 0.254 | Min Dist 1000 = 0.265 | Steps Per Second = 76.484 | Success = 1.000 | Success 1000 = 0.981
I0502 16:54:54.688508 139557462840896 terminal.py:91] [Actor] Actor Episodes = 42349 | Actor Steps = 2117450 | Delta Dist = 12.510 | Delta Dist 10 = 3.557 | Delta Dist 100 = 3.930 | Delta Dist 1000 = 4.199 | Episode Length = 50 | Episode Return = 15.0 | Evaluator Episodes = 10734 | Evaluator Steps = 536700 | Final Dist = 0.944 | Final Dist 10 = 2.097 | Final Dist 100 = 1.538 | Final Dist 1000 = 1.724 | Init Dist = 13.454 | Init Dist 10 = 5.654 | Init Dist 100 = 5.468 | Init Dist 1000 = 5.923 | Learner Steps = 32929 | Learner Walltime = 6517.569 | Min Dist = 0.119 | Min Dist 10 = 0.133 | Min Dist 100 = 0.258 | Min Dist 1000 = 0.265 | Steps Per Second = 75.692 | Success = 1.000 | Success 1000 = 0.982
I0502 16:54:54.785068 139579566835264 terminal.py:91] [Evaluator] Actor Episodes = 42354 | Actor Steps = 2117700 | Delta Dist = 12.371 | Delta Dist 10 = 11.899 | Delta Dist 100 = 11.588 | Delta Dist 1000 = 11.603 | Episode Length = 50 | Episode Return = 26.0 | Evaluator Episodes = 10736 | Evaluator Steps = 536800 | Final Dist = 0.435 | Final Dist 10 = 0.907 | Final Dist 100 = 1.218 | Final Dist 1000 = 1.203 | Init Dist = 12.806 | Init Dist 10 = 12.806 | Init Dist 100 = 12.806 | Init Dist 1000 = 12.806 | Learner Steps = 32935 | Learner Walltime = 6518.889 | Min Dist = 0.285 | Min Dist 10 = 0.100 | Min Dist 100 = 0.554 | Min Dist 1000 = 0.548 | Steps Per Second = 73.953 | Success = 1.000 | Success 1000 = 0.938
I0502 16:54:56.069092 139579566835264 terminal.py:91] [Evaluator] Actor Episodes = 42362 | Actor Steps = 2118100 | Delta Dist = 11.778 | Delta Dist 10 = 12.047 | Delta Dist 100 = 11.588 | Delta Dist 1000 = 11.603 | Episode Length = 50 | Episode Return = 11.0 | Evaluator Episodes = 10738 | Evaluator Steps = 536900 | Final Dist = 1.028 | Final Dist 10 = 0.759 | Final Dist 100 = 1.218 | Final Dist 1000 = 1.203 | Init Dist = 12.806 | Init Dist 10 = 12.806 | Init Dist 100 = 12.806 | Init Dist 1000 = 12.806 | Learner Steps = 32940 | Learner Walltime = 6519.926 | Min Dist = 0.565 | Min Dist 10 = 0.139 | Min Dist 100 = 0.558 | Min Dist 1000 = 0.549 | Steps Per Second = 81.944 | Success = 1.000 | Success 1000 = 0.938
I0502 16:54:57.133347 139584504182336 lp_utils.py:96] StepsLimiter: Reached 2118500 recorded steps
I0502 16:54:57.325481 139579566835264 terminal.py:91] [Evaluator] Actor Episodes = 42370 | Actor Steps = 2118500 | Delta Dist = 12.150 | Delta Dist 10 = 12.021 | Delta Dist 100 = 11.595 | Delta Dist 1000 = 11.602 | Episode Length = 50 | Episode Return = 23.0 | Evaluator Episodes = 10740 | Evaluator Steps = 537000 | Final Dist = 0.656 | Final Dist 10 = 0.786 | Final Dist 100 = 1.211 | Final Dist 1000 = 1.204 | Init Dist = 12.806 | Init Dist 10 = 12.806 | Init Dist 100 = 12.806 | Init Dist 1000 = 12.806 | Learner Steps = 32946 | Learner Walltime = 6521.104 | Min Dist = 0.052 | Min Dist 10 = 0.184 | Min Dist 100 = 0.559 | Min Dist 1000 = 0.549 | Steps Per Second = 72.752 | Success = 1.000 | Success 1000 = 0.938
I0502 16:54:58.113094 139555013154368 terminal.py:91] [Learner] Actor Episodes = 42376 | Actor Loss = 3.7138729095458984 | Actor Steps = 2118800 | Binary Accuracy = 0.996056318283081 | Categorical Accuracy = 0.42291259765625 | Critic Loss = 1.7932286262512207 | Entropy Mean = -23.69183349609375 | Evaluator Episodes = 10740 | Evaluator Steps = 537000 | Learner Steps = 32953 | Learner Walltime = 6522.307 | Logits Neg = -17.315767288208008 | Logits Pos = -1.8032817840576172 | Logsumexp = 1.1304787397384644 | Steps Per Second = 292.194
I0502 16:54:58.233113 139555860620864 terminal.py:91] [Actor] Actor Episodes = 42378 | Actor Steps = 2118900 | Delta Dist = 0.974 | Delta Dist 10 = 4.053 | Delta Dist 100 = 3.862 | Delta Dist 1000 = 4.234 | Episode Length = 50 | Episode Return = 41.0 | Evaluator Episodes = 10740 | Evaluator Steps = 537000 | Final Dist = 0.026 | Final Dist 10 = 2.815 | Final Dist 100 = 1.878 | Final Dist 1000 = 1.736 | Init Dist = 1.000 | Init Dist 10 = 6.869 | Init Dist 100 = 5.740 | Init Dist 1000 = 5.969 | Learner Steps = 32953 | Learner Walltime = 6522.307 | Min Dist = 0.026 | Min Dist 10 = 0.091 | Min Dist 100 = 0.235 | Min Dist 1000 = 0.257 | Steps Per Second = 103.968 | Success = 1.000 | Success 1000 = 0.983
I0502 16:54:58.571911 139579566835264 terminal.py:91] [Evaluator] Actor Episodes = 42378 | Actor Steps = 2118900 | Delta Dist = 11.122 | Delta Dist 10 = 11.991 | Delta Dist 100 = 11.592 | Delta Dist 1000 = 11.602 | Episode Length = 50 | Episode Return = 0.0 | Evaluator Episodes = 10742 | Evaluator Steps = 537100 | Final Dist = 1.684 | Final Dist 10 = 0.815 | Final Dist 100 = 1.214 | Final Dist 1000 = 1.204 | Init Dist = 12.806 | Init Dist 10 = 12.806 | Init Dist 100 = 12.806 | Init Dist 1000 = 12.806 | Learner Steps = 32953 | Learner Walltime = 6522.307 | Min Dist = 1.021 | Min Dist 10 = 0.288 | Min Dist 100 = 0.569 | Min Dist 1000 = 0.550 | Steps Per Second = 80.656 | Success = 0.000 | Success 1000 = 0.937
I0502 16:54:59.830964 139579566835264 terminal.py:91] [Evaluator] Actor Episodes = 42386 | Actor Steps = 2119300 | Delta Dist = 11.929 | Delta Dist 10 = 11.927 | Delta Dist 100 = 11.580 | Delta Dist 1000 = 11.602 | Episode Length = 50 | Episode Return = 21.0 | Evaluator Episodes = 10744 | Evaluator Steps = 537200 | Final Dist = 0.877 | Final Dist 10 = 0.879 | Final Dist 100 = 1.226 | Final Dist 1000 = 1.204 | Init Dist = 12.806 | Init Dist 10 = 12.806 | Init Dist 100 = 12.806 | Init Dist 1000 = 12.806 | Learner Steps = 32959 | Learner Walltime = 6523.601 | Min Dist = 0.248 | Min Dist 10 = 0.412 | Min Dist 100 = 0.580 | Min Dist 1000 = 0.551 | Steps Per Second = 80.455 | Success = 1.000 | Success 1000 = 0.936
I0502 16:55:01.004135 139579566835264 terminal.py:91] [Evaluator] Actor Episodes = 42394 | Actor Steps = 2119700 | Delta Dist = 11.719 | Delta Dist 10 = 11.973 | Delta Dist 100 = 11.586 | Delta Dist 1000 = 11.602 | Episode Length = 50 | Episode Return = 21.0 | Evaluator Episodes = 10746 | Evaluator Steps = 537300 | Final Dist = 1.087 | Final Dist 10 = 0.834 | Final Dist 100 = 1.220 | Final Dist 1000 = 1.204 | Init Dist = 12.806 | Init Dist 10 = 12.806 | Init Dist 100 = 12.806 | Init Dist 1000 = 12.806 | Learner Steps = 32966 | Learner Walltime = 6524.986 | Min Dist = 0.049 | Min Dist 10 = 0.437 | Min Dist 100 = 0.583 | Min Dist 1000 = 0.551 | Steps Per Second = 82.850 | Success = 1.000 | Success 1000 = 0.936
I0502 16:55:02.375245 139579566835264 terminal.py:91] [Evaluator] Actor Episodes = 42402 | Actor Steps = 2120100 | Delta Dist = 11.439 | Delta Dist 10 = 11.721 | Delta Dist 100 = 11.568 | Delta Dist 1000 = 11.601 | Episode Length = 50 | Episode Return = 23.0 | Evaluator Episodes = 10748 | Evaluator Steps = 537400 | Final Dist = 1.367 | Final Dist 10 = 1.086 | Final Dist 100 = 1.239 | Final Dist 1000 = 1.205 | Init Dist = 12.806 | Init Dist 10 = 12.806 | Init Dist 100 = 12.806 | Init Dist 1000 = 12.806 | Learner Steps = 32971 | Learner Walltime = 6526.143 | Min Dist = 0.159 | Min Dist 10 = 0.533 | Min Dist 100 = 0.593 | Min Dist 1000 = 0.552 | Steps Per Second = 66.726 | Success = 1.000 | Success 1000 = 0.935
I0502 16:55:03.172477 139558059398720 terminal.py:91] [Actor] Actor Episodes = 42406 | Actor Steps = 2120300 | Delta Dist = 3.556 | Delta Dist 10 = 4.240 | Delta Dist 100 = 4.018 | Delta Dist 1000 = 4.247 | Episode Length = 50 | Episode Return = 28.0 | Evaluator Episodes = 10748 | Evaluator Steps = 537400 | Final Dist = 0.567 | Final Dist 10 = 0.964 | Final Dist 100 = 1.737 | Final Dist 1000 = 1.703 | Init Dist = 4.123 | Init Dist 10 = 5.204 | Init Dist 100 = 5.755 | Init Dist 1000 = 5.950 | Learner Steps = 32971 | Learner Walltime = 6526.143 | Min Dist = 0.011 | Min Dist 10 = 0.172 | Min Dist 100 = 0.188 | Min Dist 1000 = 0.255 | Steps Per Second = 78.873 | Success = 1.000 | Success 1000 = 0.983
I0502 16:55:03.694715 139579566835264 terminal.py:91] [Evaluator] Actor Episodes = 42410 | Actor Steps = 2120500 | Delta Dist = 11.708 | Delta Dist 10 = 11.568 | Delta Dist 100 = 11.550 | Delta Dist 1000 = 11.600 | Episode Length = 50 | Episode Return = 19.0 | Evaluator Episodes = 10750 | Evaluator Steps = 537500 | Final Dist = 1.098 | Final Dist 10 = 1.238 | Final Dist 100 = 1.256 | Final Dist 1000 = 1.207 | Init Dist = 12.806 | Init Dist 10 = 12.806 | Init Dist 100 = 12.806 | Init Dist 1000 = 12.806 | Learner Steps = 32977 | Learner Walltime = 6527.486 | Min Dist = 0.115 | Min Dist 10 = 0.635 | Min Dist 100 = 0.599 | Min Dist 1000 = 0.554 | Steps Per Second = 77.948 | Success = 1.000 | Success 1000 = 0.934
I0502 16:55:04.413336 139569349502528 terminal.py:91] [Actor] Actor Episodes = 42416 | Actor Steps = 2120800 | Delta Dist = 9.545 | Delta Dist 10 = 4.630 | Delta Dist 100 = 4.175 | Delta Dist 1000 = 4.250 | Episode Length = 50 | Episode Return = 17.0 | Evaluator Episodes = 10750 | Evaluator Steps = 537500 | Final Dist = 1.085 | Final Dist 10 = 1.316 | Final Dist 100 = 1.668 | Final Dist 1000 = 1.701 | Init Dist = 10.630 | Init Dist 10 = 5.945 | Init Dist 100 = 5.843 | Init Dist 1000 = 5.951 | Learner Steps = 32977 | Learner Walltime = 6527.486 | Min Dist = 0.484 | Min Dist 10 = 0.110 | Min Dist 100 = 0.096 | Min Dist 1000 = 0.255 | Steps Per Second = 100.160 | Success = 1.000 | Success 1000 = 0.983
I0502 16:55:04.723660 139557462840896 terminal.py:91] [Actor] Actor Episodes = 42413 | Actor Steps = 2120650 | Delta Dist = 2.551 | Delta Dist 10 = 5.745 | Delta Dist 100 = 4.296 | Delta Dist 1000 = 4.265 | Episode Length = 50 | Episode Return = 28.0 | Evaluator Episodes = 10750 | Evaluator Steps = 537500 | Final Dist = 0.277 | Final Dist 10 = 1.488 | Final Dist 100 = 1.655 | Final Dist 1000 = 1.694 | Init Dist = 2.828 | Init Dist 10 = 7.233 | Init Dist 100 = 5.951 | Init Dist 1000 = 5.959 | Learner Steps = 32977 | Learner Walltime = 6527.486 | Min Dist = 0.056 | Min Dist 10 = 0.172 | Min Dist 100 = 0.102 | Min Dist 1000 = 0.256 | Steps Per Second = 84.062 | Success = 1.000 | Success 1000 = 0.984
I0502 16:55:04.866202 139579566835264 terminal.py:91] [Evaluator] Actor Episodes = 42418 | Actor Steps = 2120900 | Delta Dist = 6.881 | Delta Dist 10 = 11.445 | Delta Dist 100 = 11.530 | Delta Dist 1000 = 11.598 | Episode Length = 50 | Episode Return = 0.0 | Evaluator Episodes = 10752 | Evaluator Steps = 537600 | Final Dist = 5.925 | Final Dist 10 = 1.362 | Final Dist 100 = 1.276 | Final Dist 1000 = 1.209 | Init Dist = 12.806 | Init Dist 10 = 12.806 | Init Dist 100 = 12.806 | Init Dist 1000 = 12.806 | Learner Steps = 32983 | Learner Walltime = 6528.616 | Min Dist = 5.222 | Min Dist 10 = 0.612 | Min Dist 100 = 0.604 | Min Dist 1000 = 0.554 | Steps Per Second = 83.765 | Success = 0.000 | Success 1000 = 0.934
I0502 16:55:06.087053 139579566835264 terminal.py:91] [Evaluator] Actor Episodes = 42426 | Actor Steps = 2121300 | Delta Dist = 10.853 | Delta Dist 10 = 10.997 | Delta Dist 100 = 11.473 | Delta Dist 1000 = 11.592 | Episode Length = 50 | Episode Return = 0.0 | Evaluator Episodes = 10754 | Evaluator Steps = 537700 | Final Dist = 1.953 | Final Dist 10 = 1.809 | Final Dist 100 = 1.333 | Final Dist 1000 = 1.215 | Init Dist = 12.806 | Init Dist 10 = 12.806 | Init Dist 100 = 12.806 | Init Dist 1000 = 12.806 | Learner Steps = 32990 | Learner Walltime = 6529.943 | Min Dist = 1.079 | Min Dist 10 = 1.008 | Min Dist 100 = 0.651 | Min Dist 1000 = 0.559 | Steps Per Second = 77.213 | Success = 0.000 | Success 1000 = 0.933
I0502 16:55:07.151885 139584504182336 lp_utils.py:96] StepsLimiter: Reached 2121700 recorded steps
I0502 16:55:07.385595 139579566835264 terminal.py:91] [Evaluator] Actor Episodes = 42434 | Actor Steps = 2121700 | Delta Dist = 8.390 | Delta Dist 10 = 10.821 | Delta Dist 100 = 11.457 | Delta Dist 1000 = 11.591 | Episode Length = 50 | Episode Return = 0.0 | Evaluator Episodes = 10756 | Evaluator Steps = 537800 | Final Dist = 4.416 | Final Dist 10 = 1.985 | Final Dist 100 = 1.349 | Final Dist 1000 = 1.215 | Init Dist = 12.806 | Init Dist 10 = 12.806 | Init Dist 100 = 12.806 | Init Dist 1000 = 12.806 | Learner Steps = 32997 | Learner Walltime = 6531.298 | Min Dist = 4.416 | Min Dist 10 = 1.114 | Min Dist 100 = 0.657 | Min Dist 1000 = 0.560 | Steps Per Second = 69.865 | Success = 0.000 | Success 1000 = 0.932
I0502 16:55:08.174208 139555013154368 terminal.py:91] [Learner] Actor Episodes = 42438 | Actor Loss = 3.6322312355041504 | Actor Steps = 2121900 | Binary Accuracy = 0.9960157871246338 | Categorical Accuracy = 0.4110107421875 | Critic Loss = 1.8217313289642334 | Entropy Mean = -21.42018699645996 | Evaluator Episodes = 10756 | Evaluator Steps = 537800 | Learner Steps = 33003 | Learner Walltime = 6532.368 | Logits Neg = -16.860023498535156 | Logits Pos = -1.7886714935302734 | Logsumexp = 1.190107822418213 | Steps Per Second = 517.210
I0502 16:55:08.369018 139555860620864 terminal.py:91] [Actor] Actor Episodes = 42442 | Actor Steps = 2122100 | Delta Dist = 1.380 | Delta Dist 10 = 4.432 | Delta Dist 100 = 4.574 | Delta Dist 1000 = 4.289 | Episode Length = 50 | Episode Return = 24.0 | Evaluator Episodes = 10756 | Evaluator Steps = 537800 | Final Dist = 0.034 | Final Dist 10 = 1.626 | Final Dist 100 = 1.705 | Final Dist 1000 = 1.693 | Init Dist = 1.414 | Init Dist 10 = 6.058 | Init Dist 100 = 6.279 | Init Dist 1000 = 5.981 | Learner Steps = 33003 | Learner Walltime = 6532.368 | Min Dist = 0.011 | Min Dist 10 = 0.105 | Min Dist 100 = 0.158 | Min Dist 1000 = 0.262 | Steps Per Second = 76.519 | Success = 1.000 | Success 1000 = 0.984
I0502 16:55:08.623445 139579566835264 terminal.py:91] [Evaluator] Actor Episodes = 42442 | Actor Steps = 2122100 | Delta Dist = 10.452 | Delta Dist 10 = 10.724 | Delta Dist 100 = 11.427 | Delta Dist 1000 = 11.589 | Episode Length = 50 | Episode Return = 5.0 | Evaluator Episodes = 10758 | Evaluator Steps = 537900 | Final Dist = 2.354 | Final Dist 10 = 2.082 | Final Dist 100 = 1.379 | Final Dist 1000 = 1.217 | Init Dist = 12.806 | Init Dist 10 = 12.806 | Init Dist 100 = 12.806 | Init Dist 1000 = 12.806 | Learner Steps = 33003 | Learner Walltime = 6532.368 | Min Dist = 0.360 | Min Dist 10 = 1.409 | Min Dist 100 = 0.699 | Min Dist 1000 = 0.565 | Steps Per Second = 83.522 | Success = 1.000 | Success 1000 = 0.931
I0502 16:55:09.874724 139579566835264 terminal.py:91] [Evaluator] Actor Episodes = 42450 | Actor Steps = 2122500 | Delta Dist = 11.543 | Delta Dist 10 = 10.777 | Delta Dist 100 = 11.416 | Delta Dist 1000 = 11.589 | Episode Length = 50 | Episode Return = 17.0 | Evaluator Episodes = 10760 | Evaluator Steps = 538000 | Final Dist = 1.264 | Final Dist 10 = 2.029 | Final Dist 100 = 1.390 | Final Dist 1000 = 1.217 | Init Dist = 12.806 | Init Dist 10 = 12.806 | Init Dist 100 = 12.806 | Init Dist 1000 = 12.806 | Learner Steps = 33008 | Learner Walltime = 6533.488 | Min Dist = 0.196 | Min Dist 10 = 1.276 | Min Dist 100 = 0.701 | Min Dist 1000 = 0.565 | Steps Per Second = 75.405 | Success = 1.000 | Success 1000 = 0.931
I0502 16:55:10.987652 139579566835264 terminal.py:91] [Evaluator] Actor Episodes = 42458 | Actor Steps = 2122900 | Delta Dist = 11.452 | Delta Dist 10 = 10.802 | Delta Dist 100 = 11.407 | Delta Dist 1000 = 11.587 | Episode Length = 50 | Episode Return = 1.0 | Evaluator Episodes = 10762 | Evaluator Steps = 538100 | Final Dist = 1.354 | Final Dist 10 = 2.004 | Final Dist 100 = 1.399 | Final Dist 1000 = 1.219 | Init Dist = 12.806 | Init Dist 10 = 12.806 | Init Dist 100 = 12.806 | Init Dist 1000 = 12.806 | Learner Steps = 33014 | Learner Walltime = 6534.715 | Min Dist = 0.817 | Min Dist 10 = 1.238 | Min Dist 100 = 0.701 | Min Dist 1000 = 0.565 | Steps Per Second = 95.258 | Success = 1.000 | Success 1000 = 0.931
I0502 16:55:12.150198 139579566835264 terminal.py:91] [Evaluator] Actor Episodes = 42466 | Actor Steps = 2123300 | Delta Dist = 10.486 | Delta Dist 10 = 11.270 | Delta Dist 100 = 11.407 | Delta Dist 1000 = 11.587 | Episode Length = 50 | Episode Return = 1.0 | Evaluator Episodes = 10764 | Evaluator Steps = 538200 | Final Dist = 2.321 | Final Dist 10 = 1.536 | Final Dist 100 = 1.399 | Final Dist 1000 = 1.219 | Init Dist = 12.806 | Init Dist 10 = 12.806 | Init Dist 100 = 12.806 | Init Dist 1000 = 12.806 | Learner Steps = 33020 | Learner Walltime = 6535.792 | Min Dist = 0.978 | Min Dist 10 = 0.791 | Min Dist 100 = 0.700 | Min Dist 1000 = 0.565 | Steps Per Second = 83.018 | Success = 1.000 | Success 1000 = 0.931
I0502 16:55:13.346765 139579566835264 terminal.py:91] [Evaluator] Actor Episodes = 42474 | Actor Steps = 2123700 | Delta Dist = 11.961 | Delta Dist 10 = 11.239 | Delta Dist 100 = 11.387 | Delta Dist 1000 = 11.586 | Episode Length = 50 | Episode Return = 18.0 | Evaluator Episodes = 10766 | Evaluator Steps = 538300 | Final Dist = 0.845 | Final Dist 10 = 1.567 | Final Dist 100 = 1.419 | Final Dist 1000 = 1.220 | Init Dist = 12.806 | Init Dist 10 = 12.806 | Init Dist 100 = 12.806 | Init Dist 1000 = 12.806 | Learner Steps = 33026 | Learner Walltime = 6537.052 | Min Dist = 0.036 | Min Dist 10 = 0.792 | Min Dist 100 = 0.708 | Min Dist 1000 = 0.567 | Steps Per Second = 85.608 | Success = 1.000 | Success 1000 = 0.931
I0502 16:55:13.582522 139558059398720 terminal.py:91] [Actor] Actor Episodes = 42471 | Actor Steps = 2123550 | Delta Dist = 0.884 | Delta Dist 10 = 4.812 | Delta Dist 100 = 4.806 | Delta Dist 1000 = 4.271 | Episode Length = 50 | Episode Return = 30.0 | Evaluator Episodes = 10764 | Evaluator Steps = 538200 | Final Dist = 0.116 | Final Dist 10 = 2.497 | Final Dist 100 = 1.295 | Final Dist 1000 = 1.689 | Init Dist = 1.000 | Init Dist 10 = 7.309 | Init Dist 100 = 6.101 | Init Dist 1000 = 5.960 | Learner Steps = 33026 | Learner Walltime = 6537.052 | Min Dist = 0.065 | Min Dist 10 = 0.060 | Min Dist 100 = 0.144 | Min Dist 1000 = 0.259 | Steps Per Second = 80.764 | Success = 1.000 | Success 1000 = 0.984
I0502 16:55:14.625470 139579566835264 terminal.py:91] [Evaluator] Actor Episodes = 42482 | Actor Steps = 2124100 | Delta Dist = 6.861 | Delta Dist 10 = 11.570 | Delta Dist 100 = 11.398 | Delta Dist 1000 = 11.586 | Episode Length = 50 | Episode Return = 0.0 | Evaluator Episodes = 10768 | Evaluator Steps = 538400 | Final Dist = 5.945 | Final Dist 10 = 1.237 | Final Dist 100 = 1.408 | Final Dist 1000 = 1.221 | Init Dist = 12.806 | Init Dist 10 = 12.806 | Init Dist 100 = 12.806 | Init Dist 1000 = 12.806 | Learner Steps = 33033 | Learner Walltime = 6538.423 | Min Dist = 5.688 | Min Dist 10 = 0.369 | Min Dist 100 = 0.709 | Min Dist 1000 = 0.566 | Steps Per Second = 77.530 | Success = 0.000 | Success 1000 = 0.931
I0502 16:55:14.730787 139557462840896 terminal.py:91] [Actor] Actor Episodes = 42477 | Actor Steps = 2123850 | Delta Dist = 7.571 | Delta Dist 10 = 2.845 | Delta Dist 100 = 4.607 | Delta Dist 1000 = 4.253 | Episode Length = 50 | Episode Return = 39.0 | Evaluator Episodes = 10766 | Evaluator Steps = 538300 | Final Dist = 0.429 | Final Dist 10 = 0.500 | Final Dist 100 = 1.267 | Final Dist 1000 = 1.688 | Init Dist = 8.000 | Init Dist 10 = 3.344 | Init Dist 100 = 5.873 | Init Dist 1000 = 5.941 | Learner Steps = 33026 | Learner Walltime = 6537.052 | Min Dist = 0.113 | Min Dist 10 = 0.071 | Min Dist 100 = 0.146 | Min Dist 1000 = 0.260 | Steps Per Second = 73.175 | Success = 1.000 | Success 1000 = 0.984
I0502 16:55:15.017983 139569349502528 terminal.py:91] [Actor] Actor Episodes = 42481 | Actor Steps = 2124050 | Delta Dist = 1.747 | Delta Dist 10 = 1.614 | Delta Dist 100 = 4.525 | Delta Dist 1000 = 4.246 | Episode Length = 50 | Episode Return = 41.0 | Evaluator Episodes = 10766 | Evaluator Steps = 538300 | Final Dist = 0.489 | Final Dist 10 = 1.398 | Final Dist 100 = 1.340 | Final Dist 1000 = 1.693 | Init Dist = 2.236 | Init Dist 10 = 3.012 | Init Dist 100 = 5.865 | Init Dist 1000 = 5.938 | Learner Steps = 33033 | Learner Walltime = 6538.423 | Min Dist = 0.038 | Min Dist 10 = 0.085 | Min Dist 100 = 0.144 | Min Dist 1000 = 0.260 | Steps Per Second = 73.177 | Success = 1.000 | Success 1000 = 0.984
I0502 16:55:15.863471 139579566835264 terminal.py:91] [Evaluator] Actor Episodes = 42490 | Actor Steps = 2124500 | Delta Dist = 11.491 | Delta Dist 10 = 11.224 | Delta Dist 100 = 11.343 | Delta Dist 1000 = 11.581 | Episode Length = 50 | Episode Return = 27.0 | Evaluator Episodes = 10770 | Evaluator Steps = 538500 | Final Dist = 1.315 | Final Dist 10 = 1.583 | Final Dist 100 = 1.463 | Final Dist 1000 = 1.225 | Init Dist = 12.806 | Init Dist 10 = 12.806 | Init Dist 100 = 12.806 | Init Dist 1000 = 12.806 | Learner Steps = 33039 | Learner Walltime = 6539.608 | Min Dist = 0.289 | Min Dist 10 = 0.908 | Min Dist 100 = 0.766 | Min Dist 1000 = 0.571 | Steps Per Second = 80.582 | Success = 1.000 | Success 1000 = 0.930
I0502 16:55:16.976768 139579566835264 terminal.py:91] [Evaluator] Actor Episodes = 42498 | Actor Steps = 2124900 | Delta Dist = 11.823 | Delta Dist 10 = 11.271 | Delta Dist 100 = 11.353 | Delta Dist 1000 = 11.582 | Episode Length = 50 | Episode Return = 16.0 | Evaluator Episodes = 10772 | Evaluator Steps = 538600 | Final Dist = 0.983 | Final Dist 10 = 1.536 | Final Dist 100 = 1.453 | Final Dist 1000 = 1.225 | Init Dist = 12.806 | Init Dist 10 = 12.806 | Init Dist 100 = 12.806 | Init Dist 1000 = 12.806 | Learner Steps = 33045 | Learner Walltime = 6540.851 | Min Dist = 0.267 | Min Dist 10 = 0.961 | Min Dist 100 = 0.772 | Min Dist 1000 = 0.572 | Steps Per Second = 87.904 | Success = 1.000 | Success 1000 = 0.930
I0502 16:55:17.174480 139584504182336 lp_utils.py:96] StepsLimiter: Reached 2124900 recorded steps
I0502 16:55:18.193186 139555013154368 terminal.py:91] [Learner] Actor Episodes = 42498 | Actor Loss = 3.763242721557617 | Actor Steps = 2124900 | Binary Accuracy = 0.9960284233093262 | Categorical Accuracy = 0.40740966796875 | Critic Loss = 1.8271816968917847 | Entropy Mean = -22.693714141845703 | Evaluator Episodes = 10772 | Evaluator Steps = 538600 | Learner Steps = 33052 | Learner Walltime = 6542.393 | Logits Neg = -17.391557693481445 | Logits Pos = -1.8033170700073242 | Logsumexp = 1.1039974689483643 | Steps Per Second = 139.850
I0502 16:55:18.264678 139579566835264 terminal.py:91] [Evaluator] Actor Episodes = 42506 | Actor Steps = 2125300 | Delta Dist = 7.086 | Delta Dist 10 = 10.802 | Delta Dist 100 = 11.310 | Delta Dist 1000 = 11.576 | Episode Length = 50 | Episode Return = 0.0 | Evaluator Episodes = 10774 | Evaluator Steps = 538700 | Final Dist = 5.721 | Final Dist 10 = 2.004 | Final Dist 100 = 1.497 | Final Dist 1000 = 1.230 | Init Dist = 12.806 | Init Dist 10 = 12.806 | Init Dist 100 = 12.806 | Init Dist 1000 = 12.806 | Learner Steps = 33051 | Learner Walltime = 6541.935 | Min Dist = 5.212 | Min Dist 10 = 1.430 | Min Dist 100 = 0.823 | Min Dist 1000 = 0.577 | Steps Per Second = 78.504 | Success = 0.000 | Success 1000 = 0.929
I0502 16:55:18.951651 139555860620864 terminal.py:91] [Actor] Actor Episodes = 42505 | Actor Steps = 2125250 | Delta Dist = 3.059 | Delta Dist 10 = 3.706 | Delta Dist 100 = 4.354 | Delta Dist 1000 = 4.229 | Episode Length = 50 | Episode Return = 29.0 | Evaluator Episodes = 10772 | Evaluator Steps = 538600 | Final Dist = 1.064 | Final Dist 10 = 0.528 | Final Dist 100 = 1.347 | Final Dist 1000 = 1.699 | Init Dist = 4.123 | Init Dist 10 = 4.234 | Init Dist 100 = 5.701 | Init Dist 1000 = 5.929 | Learner Steps = 33051 | Learner Walltime = 6541.935 | Min Dist = 0.079 | Min Dist 10 = 0.075 | Min Dist 100 = 0.138 | Min Dist 1000 = 0.259 | Steps Per Second = 70.093 | Success = 1.000 | Success 1000 = 0.984
I0502 16:55:19.628439 139579566835264 terminal.py:91] [Evaluator] Actor Episodes = 42510 | Actor Steps = 2125500 | Delta Dist = 12.247 | Delta Dist 10 = 10.483 | Delta Dist 100 = 11.319 | Delta Dist 1000 = 11.572 | Episode Length = 50 | Episode Return = 19.0 | Evaluator Episodes = 10776 | Evaluator Steps = 538800 | Final Dist = 0.559 | Final Dist 10 = 2.323 | Final Dist 100 = 1.487 | Final Dist 1000 = 1.235 | Init Dist = 12.806 | Init Dist 10 = 12.806 | Init Dist 100 = 12.806 | Init Dist 1000 = 12.806 | Learner Steps = 33055 | Learner Walltime = 6543.037 | Min Dist = 0.026 | Min Dist 10 = 1.873 | Min Dist 100 = 0.806 | Min Dist 1000 = 0.582 | Steps Per Second = 71.670 | Success = 1.000 | Success 1000 = 0.928
I0502 16:55:20.434408 139584635659840 savers.py:156] Saving checkpoint: logs/contrastive_cpc_point_FourRooms_64/5dd72662-2788-11f0-b183-d85ed38c5779/checkpoints/counter
I0502 16:55:20.964385 139579566835264 terminal.py:91] [Evaluator] Actor Episodes = 42518 | Actor Steps = 2125900 | Delta Dist = 12.155 | Delta Dist 10 = 10.421 | Delta Dist 100 = 11.375 | Delta Dist 1000 = 11.571 | Episode Length = 50 | Episode Return = 25.0 | Evaluator Episodes = 10778 | Evaluator Steps = 538900 | Final Dist = 0.651 | Final Dist 10 = 2.386 | Final Dist 100 = 1.431 | Final Dist 1000 = 1.235 | Init Dist = 12.806 | Init Dist 10 = 12.806 | Init Dist 100 = 12.806 | Init Dist 1000 = 12.806 | Learner Steps = 33061 | Learner Walltime = 6544.206 | Min Dist = 0.063 | Min Dist 10 = 1.909 | Min Dist 100 = 0.755 | Min Dist 1000 = 0.582 | Steps Per Second = 67.615 | Success = 1.000 | Success 1000 = 0.928
I0502 16:55:22.291171 139579566835264 terminal.py:91] [Evaluator] Actor Episodes = 42528 | Actor Steps = 2126400 | Delta Dist = 11.796 | Delta Dist 10 = 10.962 | Delta Dist 100 = 11.386 | Delta Dist 1000 = 11.573 | Episode Length = 50 | Episode Return = 31.0 | Evaluator Episodes = 10780 | Evaluator Steps = 539000 | Final Dist = 1.010 | Final Dist 10 = 1.845 | Final Dist 100 = 1.420 | Final Dist 1000 = 1.233 | Init Dist = 12.806 | Init Dist 10 = 12.806 | Init Dist 100 = 12.806 | Init Dist 1000 = 12.806 | Learner Steps = 33066 | Learner Walltime = 6545.370 | Min Dist = 0.353 | Min Dist 10 = 1.339 | Min Dist 100 = 0.754 | Min Dist 1000 = 0.581 | Steps Per Second = 80.783 | Success = 1.000 | Success 1000 = 0.928
I0502 16:55:23.642414 139579566835264 terminal.py:91] [Evaluator] Actor Episodes = 42536 | Actor Steps = 2126800 | Delta Dist = 11.942 | Delta Dist 10 = 11.070 | Delta Dist 100 = 11.396 | Delta Dist 1000 = 11.580 | Episode Length = 50 | Episode Return = 19.0 | Evaluator Episodes = 10782 | Evaluator Steps = 539100 | Final Dist = 0.864 | Final Dist 10 = 1.736 | Final Dist 100 = 1.411 | Final Dist 1000 = 1.227 | Init Dist = 12.806 | Init Dist 10 = 12.806 | Init Dist 100 = 12.806 | Init Dist 1000 = 12.806 | Learner Steps = 33076 | Learner Walltime = 6547.675 | Min Dist = 0.039 | Min Dist 10 = 1.256 | Min Dist 100 = 0.750 | Min Dist 1000 = 0.574 | Steps Per Second = 70.801 | Success = 1.000 | Success 1000 = 0.929
I0502 16:55:23.980928 139558059398720 terminal.py:91] [Actor] Actor Episodes = 42533 | Actor Steps = 2126650 | Delta Dist = 6.828 | Delta Dist 10 = 4.148 | Delta Dist 100 = 4.233 | Delta Dist 1000 = 4.245 | Episode Length = 50 | Episode Return = 47.0 | Evaluator Episodes = 10780 | Evaluator Steps = 539000 | Final Dist = 0.172 | Final Dist 10 = 1.795 | Final Dist 100 = 1.325 | Final Dist 1000 = 1.696 | Init Dist = 7.000 | Init Dist 10 = 5.943 | Init Dist 100 = 5.558 | Init Dist 1000 = 5.941 | Learner Steps = 33072 | Learner Walltime = 6546.595 | Min Dist = 0.038 | Min Dist 10 = 0.168 | Min Dist 100 = 0.092 | Min Dist 1000 = 0.260 | Steps Per Second = 84.054 | Success = 1.000 | Success 1000 = 0.983
I0502 16:55:24.888576 139579566835264 terminal.py:91] [Evaluator] Actor Episodes = 42544 | Actor Steps = 2127200 | Delta Dist = 12.471 | Delta Dist 10 = 11.539 | Delta Dist 100 = 11.396 | Delta Dist 1000 = 11.580 | Episode Length = 50 | Episode Return = 22.0 | Evaluator Episodes = 10784 | Evaluator Steps = 539200 | Final Dist = 0.335 | Final Dist 10 = 1.268 | Final Dist 100 = 1.410 | Final Dist 1000 = 1.226 | Init Dist = 12.806 | Init Dist 10 = 12.806 | Init Dist 100 = 12.806 | Init Dist 1000 = 12.806 | Learner Steps = 33083 | Learner Walltime = 6548.860 | Min Dist = 0.244 | Min Dist 10 = 0.783 | Min Dist 100 = 0.750 | Min Dist 1000 = 0.575 | Steps Per Second = 74.013 | Success = 1.000 | Success 1000 = 0.929
I0502 16:55:25.372239 139557462840896 terminal.py:91] [Actor] Actor Episodes = 42543 | Actor Steps = 2127150 | Delta Dist = 3.661 | Delta Dist 10 = 4.692 | Delta Dist 100 = 4.157 | Delta Dist 1000 = 4.237 | Episode Length = 50 | Episode Return = 36.0 | Evaluator Episodes = 10782 | Evaluator Steps = 539100 | Final Dist = 0.339 | Final Dist 10 = 0.834 | Final Dist 100 = 1.360 | Final Dist 1000 = 1.683 | Init Dist = 4.000 | Init Dist 10 = 5.525 | Init Dist 100 = 5.516 | Init Dist 1000 = 5.920 | Learner Steps = 33083 | Learner Walltime = 6548.860 | Min Dist = 0.108 | Min Dist 10 = 0.041 | Min Dist 100 = 0.090 | Min Dist 1000 = 0.259 | Steps Per Second = 71.398 | Success = 1.000 | Success 1000 = 0.983
I0502 16:55:25.595767 139569349502528 terminal.py:91] [Actor] Actor Episodes = 42547 | Actor Steps = 2127350 | Delta Dist = 5.275 | Delta Dist 10 = 4.043 | Delta Dist 100 = 4.226 | Delta Dist 1000 = 4.238 | Episode Length = 50 | Episode Return = 21.0 | Evaluator Episodes = 10784 | Evaluator Steps = 539200 | Final Dist = 0.556 | Final Dist 10 = 0.737 | Final Dist 100 = 1.364 | Final Dist 1000 = 1.683 | Init Dist = 5.831 | Init Dist 10 = 4.780 | Init Dist 100 = 5.590 | Init Dist 1000 = 5.921 | Learner Steps = 33083 | Learner Walltime = 6548.860 | Min Dist = 0.122 | Min Dist 10 = 0.068 | Min Dist 100 = 0.092 | Min Dist 1000 = 0.259 | Steps Per Second = 79.650 | Success = 1.000 | Success 1000 = 0.983
I0502 16:55:26.125464 139579566835264 terminal.py:91] [Evaluator] Actor Episodes = 42552 | Actor Steps = 2127600 | Delta Dist = 12.079 | Delta Dist 10 = 12.122 | Delta Dist 100 = 11.446 | Delta Dist 1000 = 11.580 | Episode Length = 50 | Episode Return = 27.0 | Evaluator Episodes = 10786 | Evaluator Steps = 539300 | Final Dist = 0.727 | Final Dist 10 = 0.684 | Final Dist 100 = 1.361 | Final Dist 1000 = 1.226 | Init Dist = 12.806 | Init Dist 10 = 12.806 | Init Dist 100 = 12.806 | Init Dist 1000 = 12.806 | Learner Steps = 33088 | Learner Walltime = 6549.898 | Min Dist = 0.032 | Min Dist 10 = 0.251 | Min Dist 100 = 0.706 | Min Dist 1000 = 0.575 | Steps Per Second = 86.426 | Success = 1.000 | Success 1000 = 0.929
I0502 16:55:27.189435 139584504182336 lp_utils.py:96] StepsLimiter: Reached 2127800 recorded steps
I0502 16:55:27.406972 139579566835264 terminal.py:91] [Evaluator] Actor Episodes = 42562 | Actor Steps = 2128100 | Delta Dist = 11.607 | Delta Dist 10 = 12.175 | Delta Dist 100 = 11.460 | Delta Dist 1000 = 11.580 | Episode Length = 50 | Episode Return = 13.0 | Evaluator Episodes = 10788 | Evaluator Steps = 539400 | Final Dist = 1.199 | Final Dist 10 = 0.631 | Final Dist 100 = 1.346 | Final Dist 1000 = 1.226 | Init Dist = 12.806 | Init Dist 10 = 12.806 | Init Dist 100 = 12.806 | Init Dist 1000 = 12.806 | Learner Steps = 33094 | Learner Walltime = 6550.922 | Min Dist = 0.570 | Min Dist 10 = 0.246 | Min Dist 100 = 0.697 | Min Dist 1000 = 0.576 | Steps Per Second = 83.539 | Success = 1.000 | Success 1000 = 0.929
I0502 16:55:28.442849 139555013154368 terminal.py:91] [Learner] Actor Episodes = 42562 | Actor Loss = 3.8021504878997803 | Actor Steps = 2128100 | Binary Accuracy = 0.9961247444152832 | Categorical Accuracy = 0.424072265625 | Critic Loss = 1.755396842956543 | Entropy Mean = -21.648101806640625 | Evaluator Episodes = 10788 | Evaluator Steps = 539400 | Learner Steps = 33102 | Learner Walltime = 6552.639 | Logits Neg = -17.659725189208984 | Logits Pos = -1.7346923351287842 | Logsumexp = 1.0830063819885254 | Steps Per Second = 218.238
I0502 16:55:28.646308 139579566835264 terminal.py:91] [Evaluator] Actor Episodes = 42568 | Actor Steps = 2128400 | Delta Dist = 11.486 | Delta Dist 10 = 12.007 | Delta Dist 100 = 11.447 | Delta Dist 1000 = 11.578 | Episode Length = 50 | Episode Return = 11.0 | Evaluator Episodes = 10790 | Evaluator Steps = 539500 | Final Dist = 1.320 | Final Dist 10 = 0.799 | Final Dist 100 = 1.359 | Final Dist 1000 = 1.228 | Init Dist = 12.806 | Init Dist 10 = 12.806 | Init Dist 100 = 12.806 | Init Dist 1000 = 12.806 | Learner Steps = 33098 | Learner Walltime = 6552.012 | Min Dist = 0.373 | Min Dist 10 = 0.329 | Min Dist 100 = 0.704 | Min Dist 1000 = 0.576 | Steps Per Second = 78.090 | Success = 1.000 | Success 1000 = 0.929
I0502 16:55:29.072887 139555860620864 terminal.py:91] [Actor] Actor Episodes = 42567 | Actor Steps = 2128350 | Delta Dist = 11.322 | Delta Dist 10 = 4.378 | Delta Dist 100 = 4.278 | Delta Dist 1000 = 4.245 | Episode Length = 50 | Episode Return = 41.0 | Evaluator Episodes = 10788 | Evaluator Steps = 539400 | Final Dist = 0.080 | Final Dist 10 = 1.473 | Final Dist 100 = 1.477 | Final Dist 1000 = 1.696 | Init Dist = 11.402 | Init Dist 10 = 5.851 | Init Dist 100 = 5.755 | Init Dist 1000 = 5.941 | Learner Steps = 33098 | Learner Walltime = 6552.012 | Min Dist = 0.039 | Min Dist 10 = 0.028 | Min Dist 100 = 0.108 | Min Dist 1000 = 0.259 | Steps Per Second = 83.669 | Success = 1.000 | Success 1000 = 0.982
I0502 16:55:29.935201 139579566835264 terminal.py:91] [Evaluator] Actor Episodes = 42578 | Actor Steps = 2128900 | Delta Dist = 12.255 | Delta Dist 10 = 11.964 | Delta Dist 100 = 11.448 | Delta Dist 1000 = 11.578 | Episode Length = 50 | Episode Return = 31.0 | Evaluator Episodes = 10792 | Evaluator Steps = 539600 | Final Dist = 0.551 | Final Dist 10 = 0.843 | Final Dist 100 = 1.358 | Final Dist 1000 = 1.229 | Init Dist = 12.806 | Init Dist 10 = 12.806 | Init Dist 100 = 12.806 | Init Dist 1000 = 12.806 | Learner Steps = 33105 | Learner Walltime = 6553.019 | Min Dist = 0.037 | Min Dist 10 = 0.341 | Min Dist 100 = 0.706 | Min Dist 1000 = 0.576 | Steps Per Second = 78.502 | Success = 1.000 | Success 1000 = 0.929
I0502 16:55:31.206632 139579566835264 terminal.py:91] [Evaluator] Actor Episodes = 42586 | Actor Steps = 2129300 | Delta Dist = 10.211 | Delta Dist 10 = 11.904 | Delta Dist 100 = 11.430 | Delta Dist 1000 = 11.577 | Episode Length = 50 | Episode Return = 0.0 | Evaluator Episodes = 10794 | Evaluator Steps = 539700 | Final Dist = 2.596 | Final Dist 10 = 0.902 | Final Dist 100 = 1.376 | Final Dist 1000 = 1.229 | Init Dist = 12.806 | Init Dist 10 = 12.806 | Init Dist 100 = 12.806 | Init Dist 1000 = 12.806 | Learner Steps = 33116 | Learner Walltime = 6555.340 | Min Dist = 1.381 | Min Dist 10 = 0.366 | Min Dist 100 = 0.712 | Min Dist 1000 = 0.577 | Steps Per Second = 81.429 | Success = 0.000 | Success 1000 = 0.928
I0502 16:55:31.297125 139583350109760 savers.py:156] Saving checkpoint: logs/contrastive_cpc_point_FourRooms_64/5dd72662-2788-11f0-b183-d85ed38c5779/checkpoints/learner
I0502 16:55:32.457518 139579566835264 terminal.py:91] [Evaluator] Actor Episodes = 42594 | Actor Steps = 2129700 | Delta Dist = 11.790 | Delta Dist 10 = 11.677 | Delta Dist 100 = 11.419 | Delta Dist 1000 = 11.576 | Episode Length = 50 | Episode Return = 26.0 | Evaluator Episodes = 10796 | Evaluator Steps = 539800 | Final Dist = 1.016 | Final Dist 10 = 1.129 | Final Dist 100 = 1.388 | Final Dist 1000 = 1.230 | Init Dist = 12.806 | Init Dist 10 = 12.806 | Init Dist 100 = 12.806 | Init Dist 1000 = 12.806 | Learner Steps = 33118 | Learner Walltime = 6556.398 | Min Dist = 0.179 | Min Dist 10 = 0.463 | Min Dist 100 = 0.726 | Min Dist 1000 = 0.578 | Steps Per Second = 79.148 | Success = 1.000 | Success 1000 = 0.927
I0502 16:55:33.651615 139579566835264 terminal.py:91] [Evaluator] Actor Episodes = 42602 | Actor Steps = 2130100 | Delta Dist = 12.017 | Delta Dist 10 = 11.569 | Delta Dist 100 = 11.412 | Delta Dist 1000 = 11.576 | Episode Length = 50 | Episode Return = 1.0 | Evaluator Episodes = 10798 | Evaluator Steps = 539900 | Final Dist = 0.790 | Final Dist 10 = 1.238 | Final Dist 100 = 1.394 | Final Dist 1000 = 1.230 | Init Dist = 12.806 | Init Dist 10 = 12.806 | Init Dist 100 = 12.806 | Init Dist 1000 = 12.806 | Learner Steps = 33126 | Learner Walltime = 6557.409 | Min Dist = 0.790 | Min Dist 10 = 0.436 | Min Dist 100 = 0.725 | Min Dist 1000 = 0.578 | Steps Per Second = 78.430 | Success = 1.000 | Success 1000 = 0.927
I0502 16:55:34.626747 139558059398720 terminal.py:91] [Actor] Actor Episodes = 42608 | Actor Steps = 2130400 | Delta Dist = 5.316 | Delta Dist 10 = 2.674 | Delta Dist 100 = 4.372 | Delta Dist 1000 = 4.255 | Episode Length = 50 | Episode Return = 26.0 | Evaluator Episodes = 10798 | Evaluator Steps = 539900 | Final Dist = 0.515 | Final Dist 10 = 2.294 | Final Dist 100 = 1.613 | Final Dist 1000 = 1.660 | Init Dist = 5.831 | Init Dist 10 = 4.967 | Init Dist 100 = 5.985 | Init Dist 1000 = 5.915 | Learner Steps = 33133 | Learner Walltime = 6558.742 | Min Dist = 0.495 | Min Dist 10 = 0.755 | Min Dist 100 = 0.225 | Min Dist 1000 = 0.257 | Steps Per Second = 75.370 | Success = 1.000 | Success 1000 = 0.981
I0502 16:55:34.823333 139579566835264 terminal.py:91] [Evaluator] Actor Episodes = 42610 | Actor Steps = 2130500 | Delta Dist = 11.886 | Delta Dist 10 = 11.591 | Delta Dist 100 = 11.410 | Delta Dist 1000 = 11.576 | Episode Length = 50 | Episode Return = 30.0 | Evaluator Episodes = 10800 | Evaluator Steps = 540000 | Final Dist = 0.920 | Final Dist 10 = 1.215 | Final Dist 100 = 1.396 | Final Dist 1000 = 1.230 | Init Dist = 12.806 | Init Dist 10 = 12.806 | Init Dist 100 = 12.806 | Init Dist 1000 = 12.806 | Learner Steps = 33133 | Learner Walltime = 6558.742 | Min Dist = 0.142 | Min Dist 10 = 0.466 | Min Dist 100 = 0.726 | Min Dist 1000 = 0.579 | Steps Per Second = 79.430 | Success = 1.000 | Success 1000 = 0.927
I0502 16:55:35.735403 139557462840896 terminal.py:91] [Actor] Actor Episodes = 42612 | Actor Steps = 2130600 | Delta Dist = 2.599 | Delta Dist 10 = 3.976 | Delta Dist 100 = 4.311 | Delta Dist 1000 = 4.261 | Episode Length = 50 | Episode Return = 41.0 | Evaluator Episodes = 10800 | Evaluator Steps = 540000 | Final Dist = 0.230 | Final Dist 10 = 2.031 | Final Dist 100 = 1.631 | Final Dist 1000 = 1.661 | Init Dist = 2.828 | Init Dist 10 = 6.007 | Init Dist 100 = 5.942 | Init Dist 1000 = 5.922 | Learner Steps = 33133 | Learner Walltime = 6558.742 | Min Dist = 0.015 | Min Dist 10 = 0.158 | Min Dist 100 = 0.226 | Min Dist 1000 = 0.258 | Steps Per Second = 76.240 | Success = 1.000 | Success 1000 = 0.982
I0502 16:55:35.985718 139569349502528 terminal.py:91] [Actor] Actor Episodes = 42618 | Actor Steps = 2130900 | Delta Dist = 7.612 | Delta Dist 10 = 4.309 | Delta Dist 100 = 4.248 | Delta Dist 1000 = 4.256 | Episode Length = 50 | Episode Return = 26.0 | Evaluator Episodes = 10800 | Evaluator Steps = 540000 | Final Dist = 2.586 | Final Dist 10 = 1.325 | Final Dist 100 = 1.647 | Final Dist 1000 = 1.661 | Init Dist = 10.198 | Init Dist 10 = 5.634 | Init Dist 100 = 5.895 | Init Dist 1000 = 5.916 | Learner Steps = 33140 | Learner Walltime = 6560.082 | Min Dist = 0.007 | Min Dist 10 = 0.159 | Min Dist 100 = 0.227 | Min Dist 1000 = 0.256 | Steps Per Second = 77.117 | Success = 1.000 | Success 1000 = 0.982
I0502 16:55:36.095242 139579566835264 terminal.py:91] [Evaluator] Actor Episodes = 42618 | Actor Steps = 2130900 | Delta Dist = 6.812 | Delta Dist 10 = 11.598 | Delta Dist 100 = 11.486 | Delta Dist 1000 = 11.577 | Episode Length = 50 | Episode Return = 0.0 | Evaluator Episodes = 10802 | Evaluator Steps = 540100 | Final Dist = 5.995 | Final Dist 10 = 1.209 | Final Dist 100 = 1.320 | Final Dist 1000 = 1.230 | Init Dist = 12.806 | Init Dist 10 = 12.806 | Init Dist 100 = 12.806 | Init Dist 1000 = 12.806 | Learner Steps = 33140 | Learner Walltime = 6560.082 | Min Dist = 5.269 | Min Dist 10 = 0.447 | Min Dist 100 = 0.645 | Min Dist 1000 = 0.579 | Steps Per Second = 79.866 | Success = 0.000 | Success 1000 = 0.927
I0502 16:55:37.207104 139584504182336 lp_utils.py:96] StepsLimiter: Reached 2131200 recorded steps
I0502 16:55:37.378697 139579566835264 terminal.py:91] [Evaluator] Actor Episodes = 42626 | Actor Steps = 2131300 | Delta Dist = 12.362 | Delta Dist 10 = 11.215 | Delta Dist 100 = 11.452 | Delta Dist 1000 = 11.573 | Episode Length = 50 | Episode Return = 20.0 | Evaluator Episodes = 10804 | Evaluator Steps = 540200 | Final Dist = 0.444 | Final Dist 10 = 1.592 | Final Dist 100 = 1.354 | Final Dist 1000 = 1.234 | Init Dist = 12.806 | Init Dist 10 = 12.806 | Init Dist 100 = 12.806 | Init Dist 1000 = 12.806 | Learner Steps = 33145 | Learner Walltime = 6561.394 | Min Dist = 0.274 | Min Dist 10 = 0.872 | Min Dist 100 = 0.686 | Min Dist 1000 = 0.583 | Steps Per Second = 78.055 | Success = 1.000 | Success 1000 = 0.926
I0502 16:55:38.494050 139555013154368 terminal.py:91] [Learner] Actor Episodes = 42630 | Actor Loss = 3.6625924110412598 | Actor Steps = 2131500 | Binary Accuracy = 0.9960746765136719 | Categorical Accuracy = 0.43951416015625 | Critic Loss = 1.7184226512908936 | Entropy Mean = -22.63729476928711 | Evaluator Episodes = 10804 | Evaluator Steps = 540200 | Learner Steps = 33153 | Learner Walltime = 6562.685 | Logits Neg = -17.596111297607422 | Logits Pos = -1.715323805809021 | Logsumexp = 1.0752179622650146 | Steps Per Second = 1205.157
I0502 16:55:38.644886 139579566835264 terminal.py:91] [Evaluator] Actor Episodes = 42634 | Actor Steps = 2131700 | Delta Dist = 6.789 | Delta Dist 10 = 11.353 | Delta Dist 100 = 11.452 | Delta Dist 1000 = 11.574 | Episode Length = 50 | Episode Return = 0.0 | Evaluator Episodes = 10806 | Evaluator Steps = 540300 | Final Dist = 6.018 | Final Dist 10 = 1.453 | Final Dist 100 = 1.355 | Final Dist 1000 = 1.233 | Init Dist = 12.806 | Init Dist 10 = 12.806 | Init Dist 100 = 12.806 | Init Dist 1000 = 12.806 | Learner Steps = 33152 | Learner Walltime = 6562.632 | Min Dist = 4.947 | Min Dist 10 = 0.807 | Min Dist 100 = 0.684 | Min Dist 1000 = 0.583 | Steps Per Second = 78.808 | Success = 0.000 | Success 1000 = 0.926
I0502 16:55:39.529852 139555860620864 terminal.py:91] [Actor] Actor Episodes = 42636 | Actor Steps = 2131800 | Delta Dist = 5.841 | Delta Dist 10 = 2.003 | Delta Dist 100 = 4.209 | Delta Dist 1000 = 4.258 | Episode Length = 50 | Episode Return = 0.0 | Evaluator Episodes = 10806 | Evaluator Steps = 540300 | Final Dist = 0.483 | Final Dist 10 = 3.509 | Final Dist 100 = 1.706 | Final Dist 1000 = 1.682 | Init Dist = 6.325 | Init Dist 10 = 5.512 | Init Dist 100 = 5.914 | Init Dist 1000 = 5.940 | Learner Steps = 33152 | Learner Walltime = 6562.632 | Min Dist = 0.020 | Min Dist 10 = 0.270 | Min Dist 100 = 0.228 | Min Dist 1000 = 0.255 | Steps Per Second = 85.039 | Success = 1.000 | Success 1000 = 0.981
I0502 16:55:39.812343 139579566835264 terminal.py:91] [Evaluator] Actor Episodes = 42642 | Actor Steps = 2132100 | Delta Dist = 12.460 | Delta Dist 10 = 10.327 | Delta Dist 100 = 11.332 | Delta Dist 1000 = 11.563 | Episode Length = 50 | Episode Return = 27.0 | Evaluator Episodes = 10808 | Evaluator Steps = 540400 | Final Dist = 0.347 | Final Dist 10 = 2.479 | Final Dist 100 = 1.474 | Final Dist 1000 = 1.244 | Init Dist = 12.806 | Init Dist 10 = 12.806 | Init Dist 100 = 12.806 | Init Dist 1000 = 12.806 | Learner Steps = 33158 | Learner Walltime = 6563.883 | Min Dist = 0.155 | Min Dist 10 = 1.819 | Min Dist 100 = 0.781 | Min Dist 1000 = 0.593 | Steps Per Second = 83.379 | Success = 1.000 | Success 1000 = 0.924
I0502 16:55:41.044451 139579566835264 terminal.py:91] [Evaluator] Actor Episodes = 42650 | Actor Steps = 2132500 | Delta Dist = 11.934 | Delta Dist 10 = 10.455 | Delta Dist 100 = 11.347 | Delta Dist 1000 = 11.563 | Episode Length = 50 | Episode Return = 32.0 | Evaluator Episodes = 10810 | Evaluator Steps = 540500 | Final Dist = 0.873 | Final Dist 10 = 2.351 | Final Dist 100 = 1.459 | Final Dist 1000 = 1.243 | Init Dist = 12.806 | Init Dist 10 = 12.806 | Init Dist 100 = 12.806 | Init Dist 1000 = 12.806 | Learner Steps = 33165 | Learner Walltime = 6565.086 | Min Dist = 0.065 | Min Dist 10 = 1.768 | Min Dist 100 = 0.787 | Min Dist 1000 = 0.593 | Steps Per Second = 78.509 | Success = 1.000 | Success 1000 = 0.924
I0502 16:55:42.340604 139579566835264 terminal.py:91] [Evaluator] Actor Episodes = 42658 | Actor Steps = 2132900 | Delta Dist = 12.100 | Delta Dist 10 = 10.401 | Delta Dist 100 = 11.351 | Delta Dist 1000 = 11.568 | Episode Length = 50 | Episode Return = 3.0 | Evaluator Episodes = 10812 | Evaluator Steps = 540600 | Final Dist = 0.706 | Final Dist 10 = 2.405 | Final Dist 100 = 1.455 | Final Dist 1000 = 1.238 | Init Dist = 12.806 | Init Dist 10 = 12.806 | Init Dist 100 = 12.806 | Init Dist 1000 = 12.806 | Learner Steps = 33171 | Learner Walltime = 6566.134 | Min Dist = 0.682 | Min Dist 10 = 1.753 | Min Dist 100 = 0.787 | Min Dist 1000 = 0.587 | Steps Per Second = 78.427 | Success = 1.000 | Success 1000 = 0.925
I0502 16:55:43.596472 139579566835264 terminal.py:91] [Evaluator] Actor Episodes = 42666 | Actor Steps = 2133300 | Delta Dist = 12.156 | Delta Dist 10 = 10.917 | Delta Dist 100 = 11.363 | Delta Dist 1000 = 11.569 | Episode Length = 50 | Episode Return = 16.0 | Evaluator Episodes = 10814 | Evaluator Steps = 540700 | Final Dist = 0.650 | Final Dist 10 = 1.889 | Final Dist 100 = 1.444 | Final Dist 1000 = 1.237 | Init Dist = 12.806 | Init Dist 10 = 12.806 | Init Dist 100 = 12.806 | Init Dist 1000 = 12.806 | Learner Steps = 33176 | Learner Walltime = 6567.349 | Min Dist = 0.500 | Min Dist 10 = 1.321 | Min Dist 100 = 0.795 | Min Dist 1000 = 0.588 | Steps Per Second = 77.646 | Success = 1.000 | Success 1000 = 0.925
I0502 16:55:44.897453 139579566835264 terminal.py:91] [Evaluator] Actor Episodes = 42674 | Actor Steps = 2133700 | Delta Dist = 11.370 | Delta Dist 10 = 10.943 | Delta Dist 100 = 11.366 | Delta Dist 1000 = 11.576 | Episode Length = 50 | Episode Return = 17.0 | Evaluator Episodes = 10816 | Evaluator Steps = 540800 | Final Dist = 1.436 | Final Dist 10 = 1.864 | Final Dist 100 = 1.440 | Final Dist 1000 = 1.230 | Init Dist = 12.806 | Init Dist 10 = 12.806 | Init Dist 100 = 12.806 | Init Dist 1000 = 12.806 | Learner Steps = 33181 | Learner Walltime = 6568.410 | Min Dist = 0.195 | Min Dist 10 = 1.312 | Min Dist 100 = 0.800 | Min Dist 1000 = 0.582 | Steps Per Second = 76.426 | Success = 1.000 | Success 1000 = 0.926
I0502 16:55:45.331320 139558059398720 terminal.py:91] [Actor] Actor Episodes = 42671 | Actor Steps = 2133550 | Delta Dist = 4.301 | Delta Dist 10 = 4.415 | Delta Dist 100 = 4.232 | Delta Dist 1000 = 4.298 | Episode Length = 50 | Episode Return = 48.0 | Evaluator Episodes = 10814 | Evaluator Steps = 540700 | Final Dist = 0.171 | Final Dist 10 = 0.442 | Final Dist 100 = 1.848 | Final Dist 1000 = 1.689 | Init Dist = 4.472 | Init Dist 10 = 4.857 | Init Dist 100 = 6.080 | Init Dist 1000 = 5.987 | Learner Steps = 33181 | Learner Walltime = 6568.410 | Min Dist = 0.013 | Min Dist 10 = 0.024 | Min Dist 100 = 0.315 | Min Dist 1000 = 0.255 | Steps Per Second = 69.430 | Success = 1.000 | Success 1000 = 0.981
I0502 16:55:46.121262 139579566835264 terminal.py:91] [Evaluator] Actor Episodes = 42682 | Actor Steps = 2134100 | Delta Dist = 11.596 | Delta Dist 10 = 11.997 | Delta Dist 100 = 11.372 | Delta Dist 1000 = 11.575 | Episode Length = 50 | Episode Return = 30.0 | Evaluator Episodes = 10818 | Evaluator Steps = 540900 | Final Dist = 1.210 | Final Dist 10 = 0.809 | Final Dist 100 = 1.435 | Final Dist 1000 = 1.231 | Init Dist = 12.806 | Init Dist 10 = 12.806 | Init Dist 100 = 12.806 | Init Dist 1000 = 12.806 | Learner Steps = 33187 | Learner Walltime = 6569.487 | Min Dist = 0.055 | Min Dist 10 = 0.327 | Min Dist 100 = 0.796 | Min Dist 1000 = 0.582 | Steps Per Second = 90.172 | Success = 1.000 | Success 1000 = 0.926
I0502 16:55:46.205039 139557462840896 terminal.py:91] [Actor] Actor Episodes = 42677 | Actor Steps = 2133850 | Delta Dist = 2.491 | Delta Dist 10 = 3.481 | Delta Dist 100 = 4.168 | Delta Dist 1000 = 4.289 | Episode Length = 50 | Episode Return = 38.0 | Evaluator Episodes = 10816 | Evaluator Steps = 540800 | Final Dist = 0.338 | Final Dist 10 = 0.591 | Final Dist 100 = 1.827 | Final Dist 1000 = 1.679 | Init Dist = 2.828 | Init Dist 10 = 4.072 | Init Dist 100 = 5.996 | Init Dist 1000 = 5.967 | Learner Steps = 33187 | Learner Walltime = 6569.487 | Min Dist = 0.045 | Min Dist 10 = 0.037 | Min Dist 100 = 0.315 | Min Dist 1000 = 0.255 | Steps Per Second = 96.553 | Success = 1.000 | Success 1000 = 0.981
I0502 16:55:46.378336 139569349502528 terminal.py:91] [Actor] Actor Episodes = 42679 | Actor Steps = 2133950 | Delta Dist = 1.400 | Delta Dist 10 = 3.642 | Delta Dist 100 = 4.131 | Delta Dist 1000 = 4.286 | Episode Length = 50 | Episode Return = 26.0 | Evaluator Episodes = 10816 | Evaluator Steps = 540800 | Final Dist = 0.836 | Final Dist 10 = 0.612 | Final Dist 100 = 1.830 | Final Dist 1000 = 1.678 | Init Dist = 2.236 | Init Dist 10 = 4.254 | Init Dist 100 = 5.961 | Init Dist 1000 = 5.964 | Learner Steps = 33187 | Learner Walltime = 6569.487 | Min Dist = 0.037 | Min Dist 10 = 0.038 | Min Dist 100 = 0.315 | Min Dist 1000 = 0.255 | Steps Per Second = 84.599 | Success = 1.000 | Success 1000 = 0.981
I0502 16:55:47.228545 139584504182336 lp_utils.py:96] StepsLimiter: Reached 2134500 recorded steps
I0502 16:55:47.234871 139579566835264 terminal.py:91] [Evaluator] Actor Episodes = 42690 | Actor Steps = 2134500 | Delta Dist = 11.793 | Delta Dist 10 = 11.855 | Delta Dist 100 = 11.366 | Delta Dist 1000 = 11.574 | Episode Length = 50 | Episode Return = 2.0 | Evaluator Episodes = 10820 | Evaluator Steps = 541000 | Final Dist = 1.013 | Final Dist 10 = 0.951 | Final Dist 100 = 1.441 | Final Dist 1000 = 1.232 | Init Dist = 12.806 | Init Dist 10 = 12.806 | Init Dist 100 = 12.806 | Init Dist 1000 = 12.806 | Learner Steps = 33192 | Learner Walltime = 6570.549 | Min Dist = 0.633 | Min Dist 10 = 0.277 | Min Dist 100 = 0.796 | Min Dist 1000 = 0.582 | Steps Per Second = 92.425 | Success = 1.000 | Success 1000 = 0.926
I0502 16:55:48.301439 139579566835264 terminal.py:91] [Evaluator] Actor Episodes = 42696 | Actor Steps = 2134800 | Delta Dist = 11.443 | Delta Dist 10 = 11.876 | Delta Dist 100 = 11.362 | Delta Dist 1000 = 11.575 | Episode Length = 50 | Episode Return = 24.0 | Evaluator Episodes = 10822 | Evaluator Steps = 541100 | Final Dist = 1.363 | Final Dist 10 = 0.930 | Final Dist 100 = 1.444 | Final Dist 1000 = 1.231 | Init Dist = 12.806 | Init Dist 10 = 12.806 | Init Dist 100 = 12.806 | Init Dist 1000 = 12.806 | Learner Steps = 33198 | Learner Walltime = 6571.614 | Min Dist = 0.039 | Min Dist 10 = 0.346 | Min Dist 100 = 0.799 | Min Dist 1000 = 0.583 | Steps Per Second = 89.400 | Success = 1.000 | Success 1000 = 0.926
I0502 16:55:48.588296 139555013154368 terminal.py:91] [Learner] Actor Episodes = 42698 | Actor Loss = 3.7477169036865234 | Actor Steps = 2134900 | Binary Accuracy = 0.9960105419158936 | Categorical Accuracy = 0.41693115234375 | Critic Loss = 1.8203728199005127 | Entropy Mean = -22.02869415283203 | Evaluator Episodes = 10822 | Evaluator Steps = 541100 | Learner Steps = 33204 | Learner Walltime = 6572.777 | Logits Neg = -17.149137496948242 | Logits Pos = -1.8074748516082764 | Logsumexp = 1.1610512733459473 | Steps Per Second = 205.930
I0502 16:55:49.523237 139579566835264 terminal.py:91] [Evaluator] Actor Episodes = 42704 | Actor Steps = 2135200 | Delta Dist = 12.334 | Delta Dist 10 = 11.773 | Delta Dist 100 = 11.415 | Delta Dist 1000 = 11.573 | Episode Length = 50 | Episode Return = 27.0 | Evaluator Episodes = 10824 | Evaluator Steps = 541200 | Final Dist = 0.472 | Final Dist 10 = 1.033 | Final Dist 100 = 1.391 | Final Dist 1000 = 1.233 | Init Dist = 12.806 | Init Dist 10 = 12.806 | Init Dist 100 = 12.806 | Init Dist 1000 = 12.806 | Learner Steps = 33204 | Learner Walltime = 6572.777 | Min Dist = 0.052 | Min Dist 10 = 0.265 | Min Dist 100 = 0.749 | Min Dist 1000 = 0.583 | Steps Per Second = 86.959 | Success = 1.000 | Success 1000 = 0.926
I0502 16:55:49.709154 139555860620864 terminal.py:91] [Actor] Actor Episodes = 42706 | Actor Steps = 2135300 | Delta Dist = 7.443 | Delta Dist 10 = 4.073 | Delta Dist 100 = 4.106 | Delta Dist 1000 = 4.258 | Episode Length = 50 | Episode Return = 39.0 | Evaluator Episodes = 10824 | Evaluator Steps = 541200 | Final Dist = 0.619 | Final Dist 10 = 0.523 | Final Dist 100 = 1.592 | Final Dist 1000 = 1.662 | Init Dist = 8.062 | Init Dist 10 = 4.596 | Init Dist 100 = 5.697 | Init Dist 1000 = 5.920 | Learner Steps = 33204 | Learner Walltime = 6572.777 | Min Dist = 0.028 | Min Dist 10 = 0.094 | Min Dist 100 = 0.192 | Min Dist 1000 = 0.255 | Steps Per Second = 79.768 | Success = 1.000 | Success 1000 = 0.981
I0502 16:55:50.595376 139579566835264 terminal.py:91] [Evaluator] Actor Episodes = 42710 | Actor Steps = 2135500 | Delta Dist = 11.141 | Delta Dist 10 = 11.769 | Delta Dist 100 = 11.428 | Delta Dist 1000 = 11.573 | Episode Length = 50 | Episode Return = 14.0 | Evaluator Episodes = 10826 | Evaluator Steps = 541300 | Final Dist = 1.665 | Final Dist 10 = 1.037 | Final Dist 100 = 1.378 | Final Dist 1000 = 1.233 | Init Dist = 12.806 | Init Dist 10 = 12.806 | Init Dist 100 = 12.806 | Init Dist 1000 = 12.806 | Learner Steps = 33210 | Learner Walltime = 6574.048 | Min Dist = 0.427 | Min Dist 10 = 0.207 | Min Dist 100 = 0.736 | Min Dist 1000 = 0.583 | Steps Per Second = 91.787 | Success = 1.000 | Success 1000 = 0.926
I0502 16:55:51.878994 139579566835264 terminal.py:91] [Evaluator] Actor Episodes = 42718 | Actor Steps = 2135900 | Delta Dist = 12.494 | Delta Dist 10 = 11.702 | Delta Dist 100 = 11.425 | Delta Dist 1000 = 11.573 | Episode Length = 50 | Episode Return = 18.0 | Evaluator Episodes = 10828 | Evaluator Steps = 541400 | Final Dist = 0.313 | Final Dist 10 = 1.104 | Final Dist 100 = 1.381 | Final Dist 1000 = 1.233 | Init Dist = 12.806 | Init Dist 10 = 12.806 | Init Dist 100 = 12.806 | Init Dist 1000 = 12.806 | Learner Steps = 33217 | Learner Walltime = 6575.117 | Min Dist = 0.230 | Min Dist 10 = 0.257 | Min Dist 100 = 0.744 | Min Dist 1000 = 0.584 | Steps Per Second = 79.012 | Success = 1.000 | Success 1000 = 0.926
I0502 16:55:53.179695 139579566835264 terminal.py:91] [Evaluator] Actor Episodes = 42726 | Actor Steps = 2136300 | Delta Dist = 11.521 | Delta Dist 10 = 11.829 | Delta Dist 100 = 11.429 | Delta Dist 1000 = 11.573 | Episode Length = 50 | Episode Return = 19.0 | Evaluator Episodes = 10830 | Evaluator Steps = 541500 | Final Dist = 1.286 | Final Dist 10 = 0.977 | Final Dist 100 = 1.377 | Final Dist 1000 = 1.233 | Init Dist = 12.806 | Init Dist 10 = 12.806 | Init Dist 100 = 12.806 | Init Dist 1000 = 12.806 | Learner Steps = 33227 | Learner Walltime = 6577.289 | Min Dist = 0.271 | Min Dist 10 = 0.260 | Min Dist 100 = 0.744 | Min Dist 1000 = 0.583 | Steps Per Second = 74.936 | Success = 1.000 | Success 1000 = 0.926
I0502 16:55:54.361579 139579566835264 terminal.py:91] [Evaluator] Actor Episodes = 42734 | Actor Steps = 2136700 | Delta Dist = 11.418 | Delta Dist 10 = 11.854 | Delta Dist 100 = 11.427 | Delta Dist 1000 = 11.572 | Episode Length = 50 | Episode Return = 13.0 | Evaluator Episodes = 10832 | Evaluator Steps = 541600 | Final Dist = 1.389 | Final Dist 10 = 0.952 | Final Dist 100 = 1.379 | Final Dist 1000 = 1.234 | Init Dist = 12.806 | Init Dist 10 = 12.806 | Init Dist 100 = 12.806 | Init Dist 1000 = 12.806 | Learner Steps = 33233 | Learner Walltime = 6578.399 | Min Dist = 0.552 | Min Dist 10 = 0.209 | Min Dist 100 = 0.745 | Min Dist 1000 = 0.583 | Steps Per Second = 84.648 | Success = 1.000 | Success 1000 = 0.926
I0502 16:55:55.529919 139579566835264 terminal.py:91] [Evaluator] Actor Episodes = 42742 | Actor Steps = 2137100 | Delta Dist = 11.482 | Delta Dist 10 = 11.839 | Delta Dist 100 = 11.418 | Delta Dist 1000 = 11.572 | Episode Length = 50 | Episode Return = 18.0 | Evaluator Episodes = 10834 | Evaluator Steps = 541700 | Final Dist = 1.324 | Final Dist 10 = 0.967 | Final Dist 100 = 1.388 | Final Dist 1000 = 1.234 | Init Dist = 12.806 | Init Dist 10 = 12.806 | Init Dist 100 = 12.806 | Init Dist 1000 = 12.806 | Learner Steps = 33239 | Learner Walltime = 6579.489 | Min Dist = 0.124 | Min Dist 10 = 0.251 | Min Dist 100 = 0.750 | Min Dist 1000 = 0.583 | Steps Per Second = 84.145 | Success = 1.000 | Success 1000 = 0.926
I0502 16:55:55.661147 139558059398720 terminal.py:91] [Actor] Actor Episodes = 42746 | Actor Steps = 2137300 | Delta Dist = 6.032 | Delta Dist 10 = 4.641 | Delta Dist 100 = 4.327 | Delta Dist 1000 = 4.240 | Episode Length = 50 | Episode Return = 31.0 | Evaluator Episodes = 10834 | Evaluator Steps = 541700 | Final Dist = 0.676 | Final Dist 10 = 0.988 | Final Dist 100 = 1.409 | Final Dist 1000 = 1.659 | Init Dist = 6.708 | Init Dist 10 = 5.630 | Init Dist 100 = 5.736 | Init Dist 1000 = 5.898 | Learner Steps = 33239 | Learner Walltime = 6579.489 | Min Dist = 0.243 | Min Dist 10 = 0.689 | Min Dist 100 = 0.238 | Min Dist 1000 = 0.261 | Steps Per Second = 78.700 | Success = 1.000 | Success 1000 = 0.981
I0502 16:55:56.428027 139557462840896 terminal.py:91] [Actor] Actor Episodes = 42748 | Actor Steps = 2137400 | Delta Dist = -9.185 | Delta Dist 10 = 4.561 | Delta Dist 100 = 4.346 | Delta Dist 1000 = 4.240 | Episode Length = 50 | Episode Return = 28.0 | Evaluator Episodes = 10834 | Evaluator Steps = 541700 | Final Dist = 11.421 | Final Dist 10 = 1.030 | Final Dist 100 = 1.319 | Final Dist 1000 = 1.655 | Init Dist = 2.236 | Init Dist 10 = 5.591 | Init Dist 100 = 5.665 | Init Dist 1000 = 5.895 | Learner Steps = 33243 | Learner Walltime = 6580.545 | Min Dist = 0.110 | Min Dist 10 = 0.656 | Min Dist 100 = 0.145 | Min Dist 1000 = 0.262 | Steps Per Second = 78.815 | Success = 1.000 | Success 1000 = 0.981
I0502 16:55:56.596340 139569349502528 terminal.py:91] [Actor] Actor Episodes = 42750 | Actor Steps = 2137500 | Delta Dist = 6.849 | Delta Dist 10 = 2.810 | Delta Dist 100 = 4.160 | Delta Dist 1000 = 4.225 | Episode Length = 50 | Episode Return = 39.0 | Evaluator Episodes = 10834 | Evaluator Steps = 541700 | Final Dist = 0.222 | Final Dist 10 = 2.156 | Final Dist 100 = 1.434 | Final Dist 1000 = 1.666 | Init Dist = 7.071 | Init Dist 10 = 4.966 | Init Dist 100 = 5.593 | Init Dist 1000 = 5.892 | Learner Steps = 33243 | Learner Walltime = 6580.545 | Min Dist = 0.123 | Min Dist 10 = 0.655 | Min Dist 100 = 0.146 | Min Dist 1000 = 0.262 | Steps Per Second = 83.271 | Success = 1.000 | Success 1000 = 0.981
I0502 16:55:56.656256 139579566835264 terminal.py:91] [Evaluator] Actor Episodes = 42750 | Actor Steps = 2137500 | Delta Dist = 12.312 | Delta Dist 10 = 11.777 | Delta Dist 100 = 11.416 | Delta Dist 1000 = 11.572 | Episode Length = 50 | Episode Return = 35.0 | Evaluator Episodes = 10836 | Evaluator Steps = 541800 | Final Dist = 0.494 | Final Dist 10 = 1.030 | Final Dist 100 = 1.390 | Final Dist 1000 = 1.234 | Init Dist = 12.806 | Init Dist 10 = 12.806 | Init Dist 100 = 12.806 | Init Dist 1000 = 12.806 | Learner Steps = 33243 | Learner Walltime = 6580.545 | Min Dist = 0.051 | Min Dist 10 = 0.302 | Min Dist 100 = 0.756 | Min Dist 1000 = 0.584 | Steps Per Second = 81.229 | Success = 1.000 | Success 1000 = 0.926
I0502 16:55:57.250028 139584504182336 lp_utils.py:96] StepsLimiter: Reached 2137700 recorded steps
I0502 16:55:57.775738 139579566835264 terminal.py:91] [Evaluator] Actor Episodes = 42758 | Actor Steps = 2137900 | Delta Dist = 12.373 | Delta Dist 10 = 11.917 | Delta Dist 100 = 11.412 | Delta Dist 1000 = 11.573 | Episode Length = 50 | Episode Return = 14.0 | Evaluator Episodes = 10838 | Evaluator Steps = 541900 | Final Dist = 0.433 | Final Dist 10 = 0.890 | Final Dist 100 = 1.394 | Final Dist 1000 = 1.234 | Init Dist = 12.806 | Init Dist 10 = 12.806 | Init Dist 100 = 12.806 | Init Dist 1000 = 12.806 | Learner Steps = 33251 | Learner Walltime = 6581.858 | Min Dist = 0.164 | Min Dist 10 = 0.221 | Min Dist 100 = 0.753 | Min Dist 1000 = 0.583 | Steps Per Second = 91.551 | Success = 1.000 | Success 1000 = 0.926
I0502 16:55:58.920897 139579566835264 terminal.py:91] [Evaluator] Actor Episodes = 42765 | Actor Steps = 2138250 | Delta Dist = 10.912 | Delta Dist 10 = 11.348 | Delta Dist 100 = 11.362 | Delta Dist 1000 = 11.568 | Episode Length = 50 | Episode Return = 7.0 | Evaluator Episodes = 10840 | Evaluator Steps = 542000 | Final Dist = 1.895 | Final Dist 10 = 1.458 | Final Dist 100 = 1.445 | Final Dist 1000 = 1.239 | Init Dist = 12.806 | Init Dist 10 = 12.806 | Init Dist 100 = 12.806 | Init Dist 1000 = 12.806 | Learner Steps = 33251 | Learner Walltime = 6581.858 | Min Dist = 0.798 | Min Dist 10 = 0.713 | Min Dist 100 = 0.797 | Min Dist 1000 = 0.588 | Steps Per Second = 82.815 | Success = 1.000 | Success 1000 = 0.925
I0502 16:55:58.928461 139555013154368 terminal.py:91] [Learner] Actor Episodes = 42765 | Actor Loss = 3.6069891452789307 | Actor Steps = 2138250 | Binary Accuracy = 0.996018648147583 | Categorical Accuracy = 0.41326904296875 | Critic Loss = 1.7899742126464844 | Entropy Mean = -21.471220016479492 | Evaluator Episodes = 10840 | Evaluator Steps = 542000 | Learner Steps = 33258 | Learner Walltime = 6583.126 | Logits Neg = -17.400230407714844 | Logits Pos = -1.7713699340820312 | Logsumexp = 1.156646728515625 | Steps Per Second = 184.917
I0502 16:55:59.955863 139555860620864 terminal.py:91] [Actor] Actor Episodes = 42770 | Actor Steps = 2138500 | Delta Dist = 6.428 | Delta Dist 10 = 3.622 | Delta Dist 100 = 4.145 | Delta Dist 1000 = 4.209 | Episode Length = 50 | Episode Return = 37.0 | Evaluator Episodes = 10840 | Evaluator Steps = 542000 | Final Dist = 0.280 | Final Dist 10 = 1.647 | Final Dist 100 = 1.198 | Final Dist 1000 = 1.668 | Init Dist = 6.708 | Init Dist 10 = 5.269 | Init Dist 100 = 5.343 | Init Dist 1000 = 5.878 | Learner Steps = 33258 | Learner Walltime = 6583.126 | Min Dist = 0.021 | Min Dist 10 = 0.129 | Min Dist 100 = 0.149 | Min Dist 1000 = 0.261 | Steps Per Second = 84.287 | Success = 1.000 | Success 1000 = 0.981
I0502 16:56:00.138300 139579566835264 terminal.py:91] [Evaluator] Actor Episodes = 42773 | Actor Steps = 2138650 | Delta Dist = 11.755 | Delta Dist 10 = 11.207 | Delta Dist 100 = 11.349 | Delta Dist 1000 = 11.567 | Episode Length = 50 | Episode Return = 24.0 | Evaluator Episodes = 10842 | Evaluator Steps = 542100 | Final Dist = 1.051 | Final Dist 10 = 1.600 | Final Dist 100 = 1.458 | Final Dist 1000 = 1.239 | Init Dist = 12.806 | Init Dist 10 = 12.806 | Init Dist 100 = 12.806 | Init Dist 1000 = 12.806 | Learner Steps = 33264 | Learner Walltime = 6584.278 | Min Dist = 0.067 | Min Dist 10 = 0.773 | Min Dist 100 = 0.794 | Min Dist 1000 = 0.588 | Steps Per Second = 77.354 | Success = 1.000 | Success 1000 = 0.925
I0502 16:56:01.411852 139579566835264 terminal.py:91] [Evaluator] Actor Episodes = 42781 | Actor Steps = 2139050 | Delta Dist = 12.120 | Delta Dist 10 = 11.328 | Delta Dist 100 = 11.358 | Delta Dist 1000 = 11.568 | Episode Length = 50 | Episode Return = 14.0 | Evaluator Episodes = 10844 | Evaluator Steps = 542200 | Final Dist = 0.686 | Final Dist 10 = 1.478 | Final Dist 100 = 1.448 | Final Dist 1000 = 1.238 | Init Dist = 12.806 | Init Dist 10 = 12.806 | Init Dist 100 = 12.806 | Init Dist 1000 = 12.806 | Learner Steps = 33270 | Learner Walltime = 6585.536 | Min Dist = 0.068 | Min Dist 10 = 0.720 | Min Dist 100 = 0.781 | Min Dist 1000 = 0.588 | Steps Per Second = 81.615 | Success = 1.000 | Success 1000 = 0.925
I0502 16:56:02.638502 139579566835264 terminal.py:91] [Evaluator] Actor Episodes = 42789 | Actor Steps = 2139450 | Delta Dist = 11.629 | Delta Dist 10 = 11.376 | Delta Dist 100 = 11.356 | Delta Dist 1000 = 11.568 | Episode Length = 50 | Episode Return = 26.0 | Evaluator Episodes = 10846 | Evaluator Steps = 542300 | Final Dist = 1.177 | Final Dist 10 = 1.430 | Final Dist 100 = 1.450 | Final Dist 1000 = 1.239 | Init Dist = 12.806 | Init Dist 10 = 12.806 | Init Dist 100 = 12.806 | Init Dist 1000 = 12.806 | Learner Steps = 33270 | Learner Walltime = 6585.536 | Min Dist = 0.031 | Min Dist 10 = 0.665 | Min Dist 100 = 0.778 | Min Dist 1000 = 0.587 | Steps Per Second = 82.620 | Success = 1.000 | Success 1000 = 0.925
I0502 16:56:03.876375 139579566835264 terminal.py:91] [Evaluator] Actor Episodes = 42797 | Actor Steps = 2139850 | Delta Dist = 12.249 | Delta Dist 10 = 11.278 | Delta Dist 100 = 11.368 | Delta Dist 1000 = 11.566 | Episode Length = 50 | Episode Return = 27.0 | Evaluator Episodes = 10848 | Evaluator Steps = 542400 | Final Dist = 0.557 | Final Dist 10 = 1.528 | Final Dist 100 = 1.438 | Final Dist 1000 = 1.240 | Init Dist = 12.806 | Init Dist 10 = 12.806 | Init Dist 100 = 12.806 | Init Dist 1000 = 12.806 | Learner Steps = 33283 | Learner Walltime = 6588.050 | Min Dist = 0.267 | Min Dist 10 = 0.683 | Min Dist 100 = 0.768 | Min Dist 1000 = 0.587 | Steps Per Second = 79.978 | Success = 1.000 | Success 1000 = 0.925
I0502 16:56:05.052688 139579566835264 terminal.py:91] [Evaluator] Actor Episodes = 42805 | Actor Steps = 2140250 | Delta Dist = 11.542 | Delta Dist 10 = 11.752 | Delta Dist 100 = 11.380 | Delta Dist 1000 = 11.566 | Episode Length = 50 | Episode Return = 18.0 | Evaluator Episodes = 10850 | Evaluator Steps = 542500 | Final Dist = 1.264 | Final Dist 10 = 1.054 | Final Dist 100 = 1.426 | Final Dist 1000 = 1.240 | Init Dist = 12.806 | Init Dist 10 = 12.806 | Init Dist 100 = 12.806 | Init Dist 1000 = 12.806 | Learner Steps = 33283 | Learner Walltime = 6588.050 | Min Dist = 0.011 | Min Dist 10 = 0.222 | Min Dist 100 = 0.756 | Min Dist 1000 = 0.588 | Steps Per Second = 90.550 | Success = 1.000 | Success 1000 = 0.925
I0502 16:56:05.688679 139558059398720 terminal.py:91] [Actor] Actor Episodes = 42811 | Actor Steps = 2140550 | Delta Dist = 3.167 | Delta Dist 10 = 5.152 | Delta Dist 100 = 4.243 | Delta Dist 1000 = 4.175 | Episode Length = 50 | Episode Return = 40.0 | Evaluator Episodes = 10850 | Evaluator Steps = 542500 | Final Dist = 0.833 | Final Dist 10 = 0.653 | Final Dist 100 = 1.729 | Final Dist 1000 = 1.694 | Init Dist = 4.000 | Init Dist 10 = 5.805 | Init Dist 100 = 5.973 | Init Dist 1000 = 5.869 | Learner Steps = 33288 | Learner Walltime = 6589.290 | Min Dist = 0.098 | Min Dist 10 = 0.044 | Min Dist 100 = 0.146 | Min Dist 1000 = 0.259 | Steps Per Second = 87.382 | Success = 1.000 | Success 1000 = 0.983
I0502 16:56:06.157559 139579566835264 terminal.py:91] [Evaluator] Actor Episodes = 42813 | Actor Steps = 2140650 | Delta Dist = 12.196 | Delta Dist 10 = 11.900 | Delta Dist 100 = 11.394 | Delta Dist 1000 = 11.567 | Episode Length = 50 | Episode Return = 20.0 | Evaluator Episodes = 10852 | Evaluator Steps = 542600 | Final Dist = 0.611 | Final Dist 10 = 0.906 | Final Dist 100 = 1.412 | Final Dist 1000 = 1.240 | Init Dist = 12.806 | Init Dist 10 = 12.806 | Init Dist 100 = 12.806 | Init Dist 1000 = 12.806 | Learner Steps = 33288 | Learner Walltime = 6589.290 | Min Dist = 0.543 | Min Dist 10 = 0.166 | Min Dist 100 = 0.749 | Min Dist 1000 = 0.587 | Steps Per Second = 93.010 | Success = 1.000 | Success 1000 = 0.925
I0502 16:56:06.763453 139557462840896 terminal.py:91] [Actor] Actor Episodes = 42814 | Actor Steps = 2140700 | Delta Dist = 6.994 | Delta Dist 10 = 2.824 | Delta Dist 100 = 4.125 | Delta Dist 1000 = 4.169 | Episode Length = 50 | Episode Return = 34.0 | Evaluator Episodes = 10850 | Evaluator Steps = 542500 | Final Dist = 0.287 | Final Dist 10 = 1.645 | Final Dist 100 = 1.762 | Final Dist 1000 = 1.693 | Init Dist = 7.280 | Init Dist 10 = 4.469 | Init Dist 100 = 5.887 | Init Dist 1000 = 5.863 | Learner Steps = 33288 | Learner Walltime = 6589.290 | Min Dist = 0.004 | Min Dist 10 = 0.794 | Min Dist 100 = 0.219 | Min Dist 1000 = 0.265 | Steps Per Second = 77.511 | Success = 1.000 | Success 1000 = 0.983
I0502 16:56:06.884994 139569349502528 terminal.py:91] [Actor] Actor Episodes = 42816 | Actor Steps = 2140800 | Delta Dist = 1.803 | Delta Dist 10 = 3.751 | Delta Dist 100 = 4.181 | Delta Dist 1000 = 4.181 | Episode Length = 50 | Episode Return = 23.0 | Evaluator Episodes = 10852 | Evaluator Steps = 542600 | Final Dist = 1.026 | Final Dist 10 = 1.669 | Final Dist 100 = 1.671 | Final Dist 1000 = 1.694 | Init Dist = 2.828 | Init Dist 10 = 5.421 | Init Dist 100 = 5.851 | Init Dist 1000 = 5.875 | Learner Steps = 33295 | Learner Walltime = 6590.440 | Min Dist = 0.011 | Min Dist 10 = 0.818 | Min Dist 100 = 0.220 | Min Dist 1000 = 0.265 | Steps Per Second = 80.294 | Success = 1.000 | Success 1000 = 0.983
I0502 16:56:07.267035 139584504182336 lp_utils.py:96] StepsLimiter: Reached 2140950 recorded steps
I0502 16:56:07.358637 139579566835264 terminal.py:91] [Evaluator] Actor Episodes = 42819 | Actor Steps = 2140950 | Delta Dist = 11.464 | Delta Dist 10 = 11.866 | Delta Dist 100 = 11.445 | Delta Dist 1000 = 11.566 | Episode Length = 50 | Episode Return = 11.0 | Evaluator Episodes = 10854 | Evaluator Steps = 542700 | Final Dist = 1.342 | Final Dist 10 = 0.940 | Final Dist 100 = 1.361 | Final Dist 1000 = 1.240 | Init Dist = 12.806 | Init Dist 10 = 12.806 | Init Dist 100 = 12.806 | Init Dist 1000 = 12.806 | Learner Steps = 33295 | Learner Walltime = 6590.440 | Min Dist = 0.308 | Min Dist 10 = 0.216 | Min Dist 100 = 0.701 | Min Dist 1000 = 0.588 | Steps Per Second = 92.934 | Success = 1.000 | Success 1000 = 0.925
I0502 16:56:08.529752 139579566835264 terminal.py:91] [Evaluator] Actor Episodes = 42827 | Actor Steps = 2141350 | Delta Dist = 12.064 | Delta Dist 10 = 11.796 | Delta Dist 100 = 11.454 | Delta Dist 1000 = 11.565 | Episode Length = 50 | Episode Return = 3.0 | Evaluator Episodes = 10856 | Evaluator Steps = 542800 | Final Dist = 0.742 | Final Dist 10 = 1.011 | Final Dist 100 = 1.353 | Final Dist 1000 = 1.241 | Init Dist = 12.806 | Init Dist 10 = 12.806 | Init Dist 100 = 12.806 | Init Dist 1000 = 12.806 | Learner Steps = 33302 | Learner Walltime = 6591.789 | Min Dist = 0.742 | Min Dist 10 = 0.230 | Min Dist 100 = 0.690 | Min Dist 1000 = 0.587 | Steps Per Second = 89.964 | Success = 1.000 | Success 1000 = 0.925
I0502 16:56:08.998254 139555013154368 terminal.py:91] [Learner] Actor Episodes = 42829 | Actor Loss = 3.5108819007873535 | Actor Steps = 2141450 | Binary Accuracy = 0.995974063873291 | Categorical Accuracy = 0.41748046875 | Critic Loss = 1.7866697311401367 | Entropy Mean = -23.944360733032227 | Evaluator Episodes = 10856 | Evaluator Steps = 542800 | Learner Steps = 33309 | Learner Walltime = 6593.194 | Logits Neg = -17.427011489868164 | Logits Pos = -1.7485134601593018 | Logsumexp = 1.124922513961792 | Steps Per Second = 434.466
I0502 16:56:09.741314 139579566835264 terminal.py:91] [Evaluator] Actor Episodes = 42835 | Actor Steps = 2141750 | Delta Dist = 11.859 | Delta Dist 10 = 11.884 | Delta Dist 100 = 11.484 | Delta Dist 1000 = 11.574 | Episode Length = 50 | Episode Return = 16.0 | Evaluator Episodes = 10858 | Evaluator Steps = 542900 | Final Dist = 0.947 | Final Dist 10 = 0.923 | Final Dist 100 = 1.322 | Final Dist 1000 = 1.232 | Init Dist = 12.806 | Init Dist 10 = 12.806 | Init Dist 100 = 12.806 | Init Dist 1000 = 12.806 | Learner Steps = 33307 | Learner Walltime = 6592.981 | Min Dist = 0.336 | Min Dist 10 = 0.289 | Min Dist 100 = 0.656 | Min Dist 1000 = 0.580 | Steps Per Second = 88.665 | Success = 1.000 | Success 1000 = 0.926
I0502 16:56:09.972423 139555860620864 terminal.py:91] [Actor] Actor Episodes = 42834 | Actor Steps = 2141700 | Delta Dist = 0.135 | Delta Dist 10 = 4.587 | Delta Dist 100 = 4.045 | Delta Dist 1000 = 4.185 | Episode Length = 50 | Episode Return = 0.0 | Evaluator Episodes = 10856 | Evaluator Steps = 542800 | Final Dist = 6.573 | Final Dist 10 = 2.097 | Final Dist 100 = 1.936 | Final Dist 1000 = 1.715 | Init Dist = 6.708 | Init Dist 10 = 6.684 | Init Dist 100 = 5.981 | Init Dist 1000 = 5.899 | Learner Steps = 33307 | Learner Walltime = 6592.981 | Min Dist = 0.009 | Min Dist 10 = 0.215 | Min Dist 100 = 0.377 | Min Dist 1000 = 0.281 | Steps Per Second = 78.256 | Success = 1.000 | Success 1000 = 0.983
I0502 16:56:10.963434 139579566835264 terminal.py:91] [Evaluator] Actor Episodes = 42843 | Actor Steps = 2142150 | Delta Dist = 11.561 | Delta Dist 10 = 11.886 | Delta Dist 100 = 11.491 | Delta Dist 1000 = 11.573 | Episode Length = 50 | Episode Return = 1.0 | Evaluator Episodes = 10860 | Evaluator Steps = 543000 | Final Dist = 1.246 | Final Dist 10 = 0.920 | Final Dist 100 = 1.315 | Final Dist 1000 = 1.233 | Init Dist = 12.806 | Init Dist 10 = 12.806 | Init Dist 100 = 12.806 | Init Dist 1000 = 12.806 | Learner Steps = 33314 | Learner Walltime = 6594.354 | Min Dist = 0.939 | Min Dist 10 = 0.362 | Min Dist 100 = 0.664 | Min Dist 1000 = 0.582 | Steps Per Second = 83.474 | Success = 1.000 | Success 1000 = 0.926
I0502 16:56:12.159057 139579566835264 terminal.py:91] [Evaluator] Actor Episodes = 42851 | Actor Steps = 2142550 | Delta Dist = 11.881 | Delta Dist 10 = 11.837 | Delta Dist 100 = 11.498 | Delta Dist 1000 = 11.573 | Episode Length = 50 | Episode Return = 25.0 | Evaluator Episodes = 10862 | Evaluator Steps = 543100 | Final Dist = 0.925 | Final Dist 10 = 0.969 | Final Dist 100 = 1.309 | Final Dist 1000 = 1.233 | Init Dist = 12.806 | Init Dist 10 = 12.806 | Init Dist 100 = 12.806 | Init Dist 1000 = 12.806 | Learner Steps = 33319 | Learner Walltime = 6595.508 | Min Dist = 0.367 | Min Dist 10 = 0.458 | Min Dist 100 = 0.671 | Min Dist 1000 = 0.582 | Steps Per Second = 79.299 | Success = 1.000 | Success 1000 = 0.926
I0502 16:56:13.280716 139579566835264 terminal.py:91] [Evaluator] Actor Episodes = 42859 | Actor Steps = 2142950 | Delta Dist = 10.985 | Delta Dist 10 = 11.811 | Delta Dist 100 = 11.499 | Delta Dist 1000 = 11.574 | Episode Length = 50 | Episode Return = 0.0 | Evaluator Episodes = 10864 | Evaluator Steps = 543200 | Final Dist = 1.822 | Final Dist 10 = 0.996 | Final Dist 100 = 1.307 | Final Dist 1000 = 1.232 | Init Dist = 12.806 | Init Dist 10 = 12.806 | Init Dist 100 = 12.806 | Init Dist 1000 = 12.806 | Learner Steps = 33326 | Learner Walltime = 6596.844 | Min Dist = 1.055 | Min Dist 10 = 0.447 | Min Dist 100 = 0.667 | Min Dist 1000 = 0.582 | Steps Per Second = 94.201 | Success = 0.000 | Success 1000 = 0.926
I0502 16:56:14.557879 139579566835264 terminal.py:91] [Evaluator] Actor Episodes = 42867 | Actor Steps = 2143350 | Delta Dist = 11.414 | Delta Dist 10 = 11.827 | Delta Dist 100 = 11.512 | Delta Dist 1000 = 11.575 | Episode Length = 50 | Episode Return = 8.0 | Evaluator Episodes = 10866 | Evaluator Steps = 543300 | Final Dist = 1.392 | Final Dist 10 = 0.980 | Final Dist 100 = 1.294 | Final Dist 1000 = 1.232 | Init Dist = 12.806 | Init Dist 10 = 12.806 | Init Dist 100 = 12.806 | Init Dist 1000 = 12.806 | Learner Steps = 33332 | Learner Walltime = 6597.912 | Min Dist = 0.553 | Min Dist 10 = 0.548 | Min Dist 100 = 0.666 | Min Dist 1000 = 0.583 | Steps Per Second = 77.385 | Success = 1.000 | Success 1000 = 0.925
I0502 16:56:15.704893 139579566835264 terminal.py:91] [Evaluator] Actor Episodes = 42875 | Actor Steps = 2143750 | Delta Dist = 11.648 | Delta Dist 10 = 11.816 | Delta Dist 100 = 11.509 | Delta Dist 1000 = 11.575 | Episode Length = 50 | Episode Return = 1.0 | Evaluator Episodes = 10868 | Evaluator Steps = 543400 | Final Dist = 1.159 | Final Dist 10 = 0.990 | Final Dist 100 = 1.298 | Final Dist 1000 = 1.232 | Init Dist = 12.806 | Init Dist 10 = 12.806 | Init Dist 100 = 12.806 | Init Dist 1000 = 12.806 | Learner Steps = 33338 | Learner Walltime = 6599.178 | Min Dist = 0.907 | Min Dist 10 = 0.506 | Min Dist 100 = 0.669 | Min Dist 1000 = 0.583 | Steps Per Second = 88.140 | Success = 1.000 | Success 1000 = 0.925
I0502 16:56:16.226943 139558059398720 terminal.py:91] [Actor] Actor Episodes = 42876 | Actor Steps = 2143800 | Delta Dist = 5.070 | Delta Dist 10 = 3.679 | Delta Dist 100 = 3.921 | Delta Dist 1000 = 4.165 | Episode Length = 50 | Episode Return = 26.0 | Evaluator Episodes = 10866 | Evaluator Steps = 543300 | Final Dist = 2.141 | Final Dist 10 = 3.514 | Final Dist 100 = 2.209 | Final Dist 1000 = 1.724 | Init Dist = 7.211 | Init Dist 10 = 7.193 | Init Dist 100 = 6.130 | Init Dist 1000 = 5.889 | Learner Steps = 33338 | Learner Walltime = 6599.178 | Min Dist = 0.341 | Min Dist 10 = 0.242 | Min Dist 100 = 0.394 | Min Dist 1000 = 0.281 | Steps Per Second = 90.375 | Success = 1.000 | Success 1000 = 0.981
I0502 16:56:16.811356 139557462840896 terminal.py:91] [Actor] Actor Episodes = 42880 | Actor Steps = 2144000 | Delta Dist = -0.515 | Delta Dist 10 = 2.931 | Delta Dist 100 = 3.942 | Delta Dist 1000 = 4.155 | Episode Length = 50 | Episode Return = 0.0 | Evaluator Episodes = 10868 | Evaluator Steps = 543400 | Final Dist = 4.120 | Final Dist 10 = 4.400 | Final Dist 100 = 2.214 | Final Dist 1000 = 1.735 | Init Dist = 3.606 | Init Dist 10 = 7.332 | Init Dist 100 = 6.156 | Init Dist 1000 = 5.890 | Learner Steps = 33344 | Learner Walltime = 6600.239 | Min Dist = 0.170 | Min Dist 10 = 0.163 | Min Dist 100 = 0.395 | Min Dist 1000 = 0.281 | Steps Per Second = 81.205 | Success = 1.000 | Success 1000 = 0.981
I0502 16:56:16.828885 139579566835264 terminal.py:91] [Evaluator] Actor Episodes = 42881 | Actor Steps = 2144050 | Delta Dist = 12.675 | Delta Dist 10 = 11.810 | Delta Dist 100 = 11.550 | Delta Dist 1000 = 11.574 | Episode Length = 50 | Episode Return = 19.0 | Evaluator Episodes = 10870 | Evaluator Steps = 543500 | Final Dist = 0.132 | Final Dist 10 = 0.996 | Final Dist 100 = 1.257 | Final Dist 1000 = 1.232 | Init Dist = 12.806 | Init Dist 10 = 12.806 | Init Dist 100 = 12.806 | Init Dist 1000 = 12.806 | Learner Steps = 33344 | Learner Walltime = 6600.239 | Min Dist = 0.110 | Min Dist 10 = 0.474 | Min Dist 100 = 0.621 | Min Dist 1000 = 0.583 | Steps Per Second = 92.647 | Success = 1.000 | Success 1000 = 0.925
I0502 16:56:17.289496 139584504182336 lp_utils.py:96] StepsLimiter: Reached 2144150 recorded steps
I0502 16:56:17.421185 139569349502528 terminal.py:91] [Actor] Actor Episodes = 42885 | Actor Steps = 2144250 | Delta Dist = -0.316 | Delta Dist 10 = 3.381 | Delta Dist 100 = 4.001 | Delta Dist 1000 = 4.157 | Episode Length = 50 | Episode Return = 25.0 | Evaluator Episodes = 10870 | Evaluator Steps = 543500 | Final Dist = 1.316 | Final Dist 10 = 2.427 | Final Dist 100 = 2.131 | Final Dist 1000 = 1.735 | Init Dist = 1.000 | Init Dist 10 = 5.808 | Init Dist 100 = 6.131 | Init Dist 1000 = 5.892 | Learner Steps = 33350 | Learner Walltime = 6601.246 | Min Dist = 0.114 | Min Dist 10 = 0.174 | Min Dist 100 = 0.396 | Min Dist 1000 = 0.281 | Steps Per Second = 75.978 | Success = 1.000 | Success 1000 = 0.981
I0502 16:56:18.078012 139579566835264 terminal.py:91] [Evaluator] Actor Episodes = 42889 | Actor Steps = 2144450 | Delta Dist = 12.134 | Delta Dist 10 = 11.910 | Delta Dist 100 = 11.562 | Delta Dist 1000 = 11.575 | Episode Length = 50 | Episode Return = 23.0 | Evaluator Episodes = 10872 | Evaluator Steps = 543600 | Final Dist = 0.672 | Final Dist 10 = 0.896 | Final Dist 100 = 1.245 | Final Dist 1000 = 1.231 | Init Dist = 12.806 | Init Dist 10 = 12.806 | Init Dist 100 = 12.806 | Init Dist 1000 = 12.806 | Learner Steps = 33350 | Learner Walltime = 6601.246 | Min Dist = 0.187 | Min Dist 10 = 0.364 | Min Dist 100 = 0.611 | Min Dist 1000 = 0.583 | Steps Per Second = 84.343 | Success = 1.000 | Success 1000 = 0.925
I0502 16:56:19.312611 139555013154368 terminal.py:91] [Learner] Actor Episodes = 42897 | Actor Loss = 3.7935917377471924 | Actor Steps = 2144850 | Binary Accuracy = 0.9960684776306152 | Categorical Accuracy = 0.4256591796875 | Critic Loss = 1.7973952293395996 | Entropy Mean = -24.401941299438477 | Evaluator Episodes = 10872 | Evaluator Steps = 543600 | Learner Steps = 33360 | Learner Walltime = 6603.508 | Logits Neg = -17.14618682861328 | Logits Pos = -1.7768464088439941 | Logsumexp = 1.1103630065917969 | Steps Per Second = 136.027
I0502 16:56:19.353197 139579566835264 terminal.py:91] [Evaluator] Actor Episodes = 42897 | Actor Steps = 2144850 | Delta Dist = 12.391 | Delta Dist 10 = 11.971 | Delta Dist 100 = 11.616 | Delta Dist 1000 = 11.576 | Episode Length = 50 | Episode Return = 18.0 | Evaluator Episodes = 10874 | Evaluator Steps = 543700 | Final Dist = 0.416 | Final Dist 10 = 0.835 | Final Dist 100 = 1.190 | Final Dist 1000 = 1.230 | Init Dist = 12.806 | Init Dist 10 = 12.806 | Init Dist 100 = 12.806 | Init Dist 1000 = 12.806 | Learner Steps = 33360 | Learner Walltime = 6603.508 | Min Dist = 0.107 | Min Dist 10 = 0.356 | Min Dist 100 = 0.560 | Min Dist 1000 = 0.583 | Steps Per Second = 77.407 | Success = 1.000 | Success 1000 = 0.925
I0502 16:56:20.397306 139555860620864 terminal.py:91] [Actor] Actor Episodes = 42905 | Actor Steps = 2145250 | Delta Dist = 5.297 | Delta Dist 10 = 2.311 | Delta Dist 100 = 3.428 | Delta Dist 1000 = 4.127 | Episode Length = 50 | Episode Return = 20.0 | Evaluator Episodes = 10874 | Evaluator Steps = 543700 | Final Dist = 0.534 | Final Dist 10 = 2.986 | Final Dist 100 = 2.250 | Final Dist 1000 = 1.756 | Init Dist = 5.831 | Init Dist 10 = 5.296 | Init Dist 100 = 5.678 | Init Dist 1000 = 5.882 | Learner Steps = 33360 | Learner Walltime = 6603.508 | Min Dist = 0.320 | Min Dist 10 = 0.085 | Min Dist 100 = 0.411 | Min Dist 1000 = 0.277 | Steps Per Second = 86.584 | Success = 1.000 | Success 1000 = 0.980
I0502 16:56:20.504819 139579566835264 terminal.py:91] [Evaluator] Actor Episodes = 42905 | Actor Steps = 2145250 | Delta Dist = 12.086 | Delta Dist 10 = 12.054 | Delta Dist 100 = 11.669 | Delta Dist 1000 = 11.577 | Episode Length = 50 | Episode Return = 20.0 | Evaluator Episodes = 10876 | Evaluator Steps = 543800 | Final Dist = 0.721 | Final Dist 10 = 0.752 | Final Dist 100 = 1.137 | Final Dist 1000 = 1.229 | Init Dist = 12.806 | Init Dist 10 = 12.806 | Init Dist 100 = 12.806 | Init Dist 1000 = 12.806 | Learner Steps = 33360 | Learner Walltime = 6603.508 | Min Dist = 0.366 | Min Dist 10 = 0.249 | Min Dist 100 = 0.503 | Min Dist 1000 = 0.582 | Steps Per Second = 89.852 | Success = 1.000 | Success 1000 = 0.925
I0502 16:56:21.365684 139584635659840 savers.py:156] Saving checkpoint: logs/contrastive_cpc_point_FourRooms_64/5dd72662-2788-11f0-b183-d85ed38c5779/checkpoints/counter
I0502 16:56:21.657702 139579566835264 terminal.py:91] [Evaluator] Actor Episodes = 42913 | Actor Steps = 2145650 | Delta Dist = 11.398 | Delta Dist 10 = 12.010 | Delta Dist 100 = 11.668 | Delta Dist 1000 = 11.585 | Episode Length = 50 | Episode Return = 9.0 | Evaluator Episodes = 10878 | Evaluator Steps = 543900 | Final Dist = 1.409 | Final Dist 10 = 0.796 | Final Dist 100 = 1.139 | Final Dist 1000 = 1.221 | Init Dist = 12.806 | Init Dist 10 = 12.806 | Init Dist 100 = 12.806 | Init Dist 1000 = 12.806 | Learner Steps = 33366 | Learner Walltime = 6604.738 | Min Dist = 0.090 | Min Dist 10 = 0.286 | Min Dist 100 = 0.507 | Min Dist 1000 = 0.574 | Steps Per Second = 89.370 | Success = 1.000 | Success 1000 = 0.926
I0502 16:56:22.890320 139579566835264 terminal.py:91] [Evaluator] Actor Episodes = 42921 | Actor Steps = 2146050 | Delta Dist = 12.253 | Delta Dist 10 = 12.040 | Delta Dist 100 = 11.658 | Delta Dist 1000 = 11.585 | Episode Length = 50 | Episode Return = 29.0 | Evaluator Episodes = 10880 | Evaluator Steps = 544000 | Final Dist = 0.554 | Final Dist 10 = 0.766 | Final Dist 100 = 1.149 | Final Dist 1000 = 1.221 | Init Dist = 12.806 | Init Dist 10 = 12.806 | Init Dist 100 = 12.806 | Init Dist 1000 = 12.806 | Learner Steps = 33373 | Learner Walltime = 6605.947 | Min Dist = 0.139 | Min Dist 10 = 0.222 | Min Dist 100 = 0.509 | Min Dist 1000 = 0.574 | Steps Per Second = 85.176 | Success = 1.000 | Success 1000 = 0.926
I0502 16:56:24.065702 139579566835264 terminal.py:91] [Evaluator] Actor Episodes = 42927 | Actor Steps = 2146350 | Delta Dist = 12.348 | Delta Dist 10 = 12.066 | Delta Dist 100 = 11.661 | Delta Dist 1000 = 11.594 | Episode Length = 50 | Episode Return = 25.0 | Evaluator Episodes = 10882 | Evaluator Steps = 544100 | Final Dist = 0.459 | Final Dist 10 = 0.740 | Final Dist 100 = 1.145 | Final Dist 1000 = 1.212 | Init Dist = 12.806 | Init Dist 10 = 12.806 | Init Dist 100 = 12.806 | Init Dist 1000 = 12.806 | Learner Steps = 33379 | Learner Walltime = 6607.265 | Min Dist = 0.269 | Min Dist 10 = 0.249 | Min Dist 100 = 0.511 | Min Dist 1000 = 0.566 | Steps Per Second = 83.220 | Success = 1.000 | Success 1000 = 0.927
I0502 16:56:25.227086 139579566835264 terminal.py:91] [Evaluator] Actor Episodes = 42935 | Actor Steps = 2146750 | Delta Dist = 10.431 | Delta Dist 10 = 12.108 | Delta Dist 100 = 11.673 | Delta Dist 1000 = 11.595 | Episode Length = 50 | Episode Return = 1.0 | Evaluator Episodes = 10884 | Evaluator Steps = 544200 | Final Dist = 2.375 | Final Dist 10 = 0.699 | Final Dist 100 = 1.133 | Final Dist 1000 = 1.211 | Init Dist = 12.806 | Init Dist 10 = 12.806 | Init Dist 100 = 12.806 | Init Dist 1000 = 12.806 | Learner Steps = 33386 | Learner Walltime = 6608.512 | Min Dist = 0.934 | Min Dist 10 = 0.272 | Min Dist 100 = 0.509 | Min Dist 1000 = 0.567 | Steps Per Second = 98.187 | Success = 1.000 | Success 1000 = 0.927
I0502 16:56:26.347670 139579566835264 terminal.py:91] [Evaluator] Actor Episodes = 42943 | Actor Steps = 2147150 | Delta Dist = 12.494 | Delta Dist 10 = 11.949 | Delta Dist 100 = 11.652 | Delta Dist 1000 = 11.594 | Episode Length = 50 | Episode Return = 6.0 | Evaluator Episodes = 10886 | Evaluator Steps = 544300 | Final Dist = 0.312 | Final Dist 10 = 0.857 | Final Dist 100 = 1.154 | Final Dist 1000 = 1.212 | Init Dist = 12.806 | Init Dist 10 = 12.806 | Init Dist 100 = 12.806 | Init Dist 1000 = 12.806 | Learner Steps = 33392 | Learner Walltime = 6609.749 | Min Dist = 0.312 | Min Dist 10 = 0.375 | Min Dist 100 = 0.516 | Min Dist 1000 = 0.568 | Steps Per Second = 98.087 | Success = 1.000 | Success 1000 = 0.927
I0502 16:56:26.739207 139558059398720 terminal.py:91] [Actor] Actor Episodes = 42947 | Actor Steps = 2147350 | Delta Dist = -0.848 | Delta Dist 10 = 7.407 | Delta Dist 100 = 3.864 | Delta Dist 1000 = 4.184 | Episode Length = 50 | Episode Return = 23.0 | Evaluator Episodes = 10886 | Evaluator Steps = 544300 | Final Dist = 8.128 | Final Dist 10 = 0.105 | Final Dist 100 = 1.852 | Final Dist 1000 = 1.702 | Init Dist = 7.280 | Init Dist 10 = 7.512 | Init Dist 100 = 5.716 | Init Dist 1000 = 5.887 | Learner Steps = 33398 | Learner Walltime = 6610.788 | Min Dist = 0.012 | Min Dist 10 = 0.041 | Min Dist 100 = 0.228 | Min Dist 1000 = 0.270 | Steps Per Second = 84.087 | Success = 1.000 | Success 1000 = 0.982
I0502 16:56:27.305968 139584504182336 lp_utils.py:96] StepsLimiter: Reached 2147350 recorded steps
I0502 16:56:27.341743 139557462840896 terminal.py:91] [Actor] Actor Episodes = 42949 | Actor Steps = 2147450 | Delta Dist = 4.456 | Delta Dist 10 = 7.025 | Delta Dist 100 = 3.824 | Delta Dist 1000 = 4.191 | Episode Length = 50 | Episode Return = 23.0 | Evaluator Episodes = 10886 | Evaluator Steps = 544300 | Final Dist = 0.929 | Final Dist 10 = 0.170 | Final Dist 100 = 1.834 | Final Dist 1000 = 1.694 | Init Dist = 5.385 | Init Dist 10 = 7.195 | Init Dist 100 = 5.658 | Init Dist 1000 = 5.885 | Learner Steps = 33398 | Learner Walltime = 6610.788 | Min Dist = 0.013 | Min Dist 10 = 0.027 | Min Dist 100 = 0.228 | Min Dist 1000 = 0.261 | Steps Per Second = 69.633 | Success = 1.000 | Success 1000 = 0.982
I0502 16:56:27.433274 139569349502528 terminal.py:91] [Actor] Actor Episodes = 42951 | Actor Steps = 2147550 | Delta Dist = 7.187 | Delta Dist 10 = 6.858 | Delta Dist 100 = 3.859 | Delta Dist 1000 = 4.190 | Episode Length = 50 | Episode Return = 20.0 | Evaluator Episodes = 10886 | Evaluator Steps = 544300 | Final Dist = 0.875 | Final Dist 10 = 0.543 | Final Dist 100 = 1.802 | Final Dist 1000 = 1.688 | Init Dist = 8.062 | Init Dist 10 = 7.401 | Init Dist 100 = 5.661 | Init Dist 1000 = 5.878 | Learner Steps = 33398 | Learner Walltime = 6610.788 | Min Dist = 0.334 | Min Dist 10 = 0.024 | Min Dist 100 = 0.177 | Min Dist 1000 = 0.259 | Steps Per Second = 67.779 | Success = 1.000 | Success 1000 = 0.983
I0502 16:56:27.547274 139579566835264 terminal.py:91] [Evaluator] Actor Episodes = 42951 | Actor Steps = 2147550 | Delta Dist = 11.318 | Delta Dist 10 = 11.983 | Delta Dist 100 = 11.648 | Delta Dist 1000 = 11.595 | Episode Length = 50 | Episode Return = 5.0 | Evaluator Episodes = 10888 | Evaluator Steps = 544400 | Final Dist = 1.488 | Final Dist 10 = 0.823 | Final Dist 100 = 1.158 | Final Dist 1000 = 1.211 | Init Dist = 12.806 | Init Dist 10 = 12.806 | Init Dist 100 = 12.806 | Init Dist 1000 = 12.806 | Learner Steps = 33398 | Learner Walltime = 6610.788 | Min Dist = 0.620 | Min Dist 10 = 0.350 | Min Dist 100 = 0.517 | Min Dist 1000 = 0.568 | Steps Per Second = 89.249 | Success = 1.000 | Success 1000 = 0.927
I0502 16:56:28.800542 139579566835264 terminal.py:91] [Evaluator] Actor Episodes = 42959 | Actor Steps = 2147950 | Delta Dist = 11.718 | Delta Dist 10 = 11.985 | Delta Dist 100 = 11.655 | Delta Dist 1000 = 11.595 | Episode Length = 50 | Episode Return = 4.0 | Evaluator Episodes = 10890 | Evaluator Steps = 544500 | Final Dist = 1.088 | Final Dist 10 = 0.821 | Final Dist 100 = 1.151 | Final Dist 1000 = 1.211 | Init Dist = 12.806 | Init Dist 10 = 12.806 | Init Dist 100 = 12.806 | Init Dist 1000 = 12.806 | Learner Steps = 33408 | Learner Walltime = 6612.868 | Min Dist = 0.071 | Min Dist 10 = 0.380 | Min Dist 100 = 0.514 | Min Dist 1000 = 0.568 | Steps Per Second = 81.763 | Success = 1.000 | Success 1000 = 0.927
I0502 16:56:29.396304 139555013154368 terminal.py:91] [Learner] Actor Episodes = 42959 | Actor Loss = 3.6486945152282715 | Actor Steps = 2147950 | Binary Accuracy = 0.9960019588470459 | Categorical Accuracy = 0.405029296875 | Critic Loss = 1.8558988571166992 | Entropy Mean = -22.455137252807617 | Evaluator Episodes = 10888 | Evaluator Steps = 544400 | Learner Steps = 33412 | Learner Walltime = 6613.591 | Logits Neg = -17.183883666992188 | Logits Pos = -1.8296012878417969 | Logsumexp = 1.1958868503570557 | Steps Per Second = 406.827
I0502 16:56:29.813953 139579566835264 terminal.py:91] [Evaluator] Actor Episodes = 42967 | Actor Steps = 2148350 | Delta Dist = 11.420 | Delta Dist 10 = 11.850 | Delta Dist 100 = 11.650 | Delta Dist 1000 = 11.596 | Episode Length = 50 | Episode Return = 12.0 | Evaluator Episodes = 10892 | Evaluator Steps = 544600 | Final Dist = 1.386 | Final Dist 10 = 0.956 | Final Dist 100 = 1.156 | Final Dist 1000 = 1.210 | Init Dist = 12.806 | Init Dist 10 = 12.806 | Init Dist 100 = 12.806 | Init Dist 1000 = 12.806 | Learner Steps = 33408 | Learner Walltime = 6612.868 | Min Dist = 0.351 | Min Dist 10 = 0.391 | Min Dist 100 = 0.515 | Min Dist 1000 = 0.567 | Steps Per Second = 104.887 | Success = 1.000 | Success 1000 = 0.928
I0502 16:56:30.681198 139555860620864 terminal.py:91] [Actor] Actor Episodes = 42970 | Actor Steps = 2148500 | Delta Dist = 9.341 | Delta Dist 10 = 3.769 | Delta Dist 100 = 3.900 | Delta Dist 1000 = 4.189 | Episode Length = 50 | Episode Return = 33.0 | Evaluator Episodes = 10892 | Evaluator Steps = 544600 | Final Dist = 0.558 | Final Dist 10 = 2.147 | Final Dist 100 = 1.787 | Final Dist 1000 = 1.686 | Init Dist = 9.899 | Init Dist 10 = 5.916 | Init Dist 100 = 5.688 | Init Dist 1000 = 5.876 | Learner Steps = 33415 | Learner Walltime = 6614.121 | Min Dist = 0.009 | Min Dist 10 = 0.156 | Min Dist 100 = 0.180 | Min Dist 1000 = 0.246 | Steps Per Second = 79.468 | Success = 1.000 | Success 1000 = 0.986
I0502 16:56:30.989245 139579566835264 terminal.py:91] [Evaluator] Actor Episodes = 42975 | Actor Steps = 2148750 | Delta Dist = 11.493 | Delta Dist 10 = 11.795 | Delta Dist 100 = 11.662 | Delta Dist 1000 = 11.596 | Episode Length = 50 | Episode Return = 6.0 | Evaluator Episodes = 10894 | Evaluator Steps = 544700 | Final Dist = 1.313 | Final Dist 10 = 1.012 | Final Dist 100 = 1.144 | Final Dist 1000 = 1.210 | Init Dist = 12.806 | Init Dist 10 = 12.806 | Init Dist 100 = 12.806 | Init Dist 1000 = 12.806 | Learner Steps = 33415 | Learner Walltime = 6614.121 | Min Dist = 0.840 | Min Dist 10 = 0.364 | Min Dist 100 = 0.508 | Min Dist 1000 = 0.567 | Steps Per Second = 78.684 | Success = 1.000 | Success 1000 = 0.928
I0502 16:56:32.249259 139579566835264 terminal.py:91] [Evaluator] Actor Episodes = 42983 | Actor Steps = 2149150 | Delta Dist = 11.990 | Delta Dist 10 = 11.855 | Delta Dist 100 = 11.670 | Delta Dist 1000 = 11.603 | Episode Length = 50 | Episode Return = 1.0 | Evaluator Episodes = 10896 | Evaluator Steps = 544800 | Final Dist = 0.816 | Final Dist 10 = 0.952 | Final Dist 100 = 1.136 | Final Dist 1000 = 1.204 | Init Dist = 12.806 | Init Dist 10 = 12.806 | Init Dist 100 = 12.806 | Init Dist 1000 = 12.806 | Learner Steps = 33421 | Learner Walltime = 6615.423 | Min Dist = 0.816 | Min Dist 10 = 0.348 | Min Dist 100 = 0.504 | Min Dist 1000 = 0.560 | Steps Per Second = 77.615 | Success = 1.000 | Success 1000 = 0.929
I0502 16:56:32.250012 139583350109760 savers.py:156] Saving checkpoint: logs/contrastive_cpc_point_FourRooms_64/5dd72662-2788-11f0-b183-d85ed38c5779/checkpoints/learner
I0502 16:56:33.437368 139579566835264 terminal.py:91] [Evaluator] Actor Episodes = 42991 | Actor Steps = 2149550 | Delta Dist = 11.837 | Delta Dist 10 = 11.825 | Delta Dist 100 = 11.674 | Delta Dist 1000 = 11.603 | Episode Length = 50 | Episode Return = 12.0 | Evaluator Episodes = 10898 | Evaluator Steps = 544900 | Final Dist = 0.969 | Final Dist 10 = 0.981 | Final Dist 100 = 1.132 | Final Dist 1000 = 1.204 | Init Dist = 12.806 | Init Dist 10 = 12.806 | Init Dist 100 = 12.806 | Init Dist 1000 = 12.806 | Learner Steps = 33427 | Learner Walltime = 6616.452 | Min Dist = 0.782 | Min Dist 10 = 0.446 | Min Dist 100 = 0.518 | Min Dist 1000 = 0.561 | Steps Per Second = 83.276 | Success = 1.000 | Success 1000 = 0.929
I0502 16:56:34.598964 139579566835264 terminal.py:91] [Evaluator] Actor Episodes = 42997 | Actor Steps = 2149850 | Delta Dist = 11.794 | Delta Dist 10 = 11.832 | Delta Dist 100 = 11.679 | Delta Dist 1000 = 11.612 | Episode Length = 50 | Episode Return = 10.0 | Evaluator Episodes = 10900 | Evaluator Steps = 545000 | Final Dist = 1.012 | Final Dist 10 = 0.975 | Final Dist 100 = 1.127 | Final Dist 1000 = 1.195 | Init Dist = 12.806 | Init Dist 10 = 12.806 | Init Dist 100 = 12.806 | Init Dist 1000 = 12.806 | Learner Steps = 33433 | Learner Walltime = 6617.725 | Min Dist = 0.346 | Min Dist 10 = 0.472 | Min Dist 100 = 0.515 | Min Dist 1000 = 0.553 | Steps Per Second = 86.517 | Success = 1.000 | Success 1000 = 0.930
I0502 16:56:35.806657 139579566835264 terminal.py:91] [Evaluator] Actor Episodes = 43005 | Actor Steps = 2150250 | Delta Dist = 11.368 | Delta Dist 10 = 11.849 | Delta Dist 100 = 11.675 | Delta Dist 1000 = 11.612 | Episode Length = 50 | Episode Return = 9.0 | Evaluator Episodes = 10902 | Evaluator Steps = 545100 | Final Dist = 1.438 | Final Dist 10 = 0.957 | Final Dist 100 = 1.131 | Final Dist 1000 = 1.195 | Init Dist = 12.806 | Init Dist 10 = 12.806 | Init Dist 100 = 12.806 | Init Dist 1000 = 12.806 | Learner Steps = 33440 | Learner Walltime = 6619.103 | Min Dist = 0.213 | Min Dist 10 = 0.454 | Min Dist 100 = 0.516 | Min Dist 1000 = 0.552 | Steps Per Second = 87.484 | Success = 1.000 | Success 1000 = 0.930
I0502 16:56:37.016151 139579566835264 terminal.py:91] [Evaluator] Actor Episodes = 43013 | Actor Steps = 2150650 | Delta Dist = 12.060 | Delta Dist 10 = 11.829 | Delta Dist 100 = 11.724 | Delta Dist 1000 = 11.612 | Episode Length = 50 | Episode Return = 25.0 | Evaluator Episodes = 10904 | Evaluator Steps = 545200 | Final Dist = 0.746 | Final Dist 10 = 0.977 | Final Dist 100 = 1.082 | Final Dist 1000 = 1.195 | Init Dist = 12.806 | Init Dist 10 = 12.806 | Init Dist 100 = 12.806 | Init Dist 1000 = 12.806 | Learner Steps = 33446 | Learner Walltime = 6620.155 | Min Dist = 0.161 | Min Dist 10 = 0.443 | Min Dist 100 = 0.465 | Min Dist 1000 = 0.552 | Steps Per Second = 82.948 | Success = 1.000 | Success 1000 = 0.930
I0502 16:56:37.242985 139558059398720 terminal.py:91] [Actor] Actor Episodes = 43012 | Actor Steps = 2150600 | Delta Dist = 0.784 | Delta Dist 10 = 3.952 | Delta Dist 100 = 4.393 | Delta Dist 1000 = 4.198 | Episode Length = 50 | Episode Return = 30.0 | Evaluator Episodes = 10902 | Evaluator Steps = 545100 | Final Dist = 1.216 | Final Dist 10 = 0.608 | Final Dist 100 = 1.393 | Final Dist 1000 = 1.657 | Init Dist = 2.000 | Init Dist 10 = 4.560 | Init Dist 100 = 5.786 | Init Dist 1000 = 5.856 | Learner Steps = 33446 | Learner Walltime = 6620.155 | Min Dist = 0.023 | Min Dist 10 = 0.146 | Min Dist 100 = 0.171 | Min Dist 1000 = 0.214 | Steps Per Second = 80.515 | Success = 1.000 | Success 1000 = 0.987
I0502 16:56:37.327754 139584504182336 lp_utils.py:96] StepsLimiter: Reached 2150850 recorded steps
I0502 16:56:37.622782 139569349502528 terminal.py:91] [Actor] Actor Episodes = 43014 | Actor Steps = 2150700 | Delta Dist = -0.111 | Delta Dist 10 = 3.369 | Delta Dist 100 = 4.339 | Delta Dist 1000 = 4.187 | Episode Length = 50 | Episode Return = 22.0 | Evaluator Episodes = 10902 | Evaluator Steps = 545100 | Final Dist = 1.111 | Final Dist 10 = 0.683 | Final Dist 100 = 1.402 | Final Dist 1000 = 1.658 | Init Dist = 1.000 | Init Dist 10 = 4.052 | Init Dist 100 = 5.742 | Init Dist 1000 = 5.845 | Learner Steps = 33446 | Learner Walltime = 6620.155 | Min Dist = 0.012 | Min Dist 10 = 0.109 | Min Dist 100 = 0.171 | Min Dist 1000 = 0.214 | Steps Per Second = 80.946 | Success = 1.000 | Success 1000 = 0.987
I0502 16:56:37.710398 139557462840896 terminal.py:91] [Actor] Actor Episodes = 43016 | Actor Steps = 2150800 | Delta Dist = 7.791 | Delta Dist 10 = 2.577 | Delta Dist 100 = 4.314 | Delta Dist 1000 = 4.179 | Episode Length = 50 | Episode Return = 49.0 | Evaluator Episodes = 10904 | Evaluator Steps = 545200 | Final Dist = 0.272 | Final Dist 10 = 0.653 | Final Dist 100 = 1.401 | Final Dist 1000 = 1.659 | Init Dist = 8.062 | Init Dist 10 = 3.230 | Init Dist 100 = 5.716 | Init Dist 1000 = 5.837 | Learner Steps = 33446 | Learner Walltime = 6620.155 | Min Dist = 0.025 | Min Dist 10 = 0.089 | Min Dist 100 = 0.171 | Min Dist 1000 = 0.213 | Steps Per Second = 82.098 | Success = 1.000 | Success 1000 = 0.987
I0502 16:56:38.168442 139579566835264 terminal.py:91] [Evaluator] Actor Episodes = 43019 | Actor Steps = 2150950 | Delta Dist = 11.854 | Delta Dist 10 = 11.934 | Delta Dist 100 = 11.728 | Delta Dist 1000 = 11.611 | Episode Length = 50 | Episode Return = 29.0 | Evaluator Episodes = 10906 | Evaluator Steps = 545300 | Final Dist = 0.952 | Final Dist 10 = 0.873 | Final Dist 100 = 1.078 | Final Dist 1000 = 1.195 | Init Dist = 12.806 | Init Dist 10 = 12.806 | Init Dist 100 = 12.806 | Init Dist 1000 = 12.806 | Learner Steps = 33452 | Learner Walltime = 6621.325 | Min Dist = 0.140 | Min Dist 10 = 0.367 | Min Dist 100 = 0.460 | Min Dist 1000 = 0.552 | Steps Per Second = 84.509 | Success = 1.000 | Success 1000 = 0.930
I0502 16:56:39.351902 139579566835264 terminal.py:91] [Evaluator] Actor Episodes = 43027 | Actor Steps = 2151350 | Delta Dist = 11.438 | Delta Dist 10 = 11.975 | Delta Dist 100 = 11.839 | Delta Dist 1000 = 11.611 | Episode Length = 50 | Episode Return = 17.0 | Evaluator Episodes = 10908 | Evaluator Steps = 545400 | Final Dist = 1.368 | Final Dist 10 = 0.831 | Final Dist 100 = 0.967 | Final Dist 1000 = 1.195 | Init Dist = 12.806 | Init Dist 10 = 12.806 | Init Dist 100 = 12.806 | Init Dist 1000 = 12.806 | Learner Steps = 33458 | Learner Walltime = 6622.629 | Min Dist = 0.203 | Min Dist 10 = 0.224 | Min Dist 100 = 0.359 | Min Dist 1000 = 0.552 | Steps Per Second = 83.663 | Success = 1.000 | Success 1000 = 0.930
I0502 16:56:39.593839 139555013154368 terminal.py:91] [Learner] Actor Episodes = 43031 | Actor Loss = 3.6933717727661133 | Actor Steps = 2151550 | Binary Accuracy = 0.9960064888000488 | Categorical Accuracy = 0.42352294921875 | Critic Loss = 1.7916332483291626 | Entropy Mean = -22.900089263916016 | Evaluator Episodes = 10908 | Evaluator Steps = 545400 | Learner Steps = 33464 | Learner Walltime = 6623.789 | Logits Neg = -17.186168670654297 | Logits Pos = -1.7873797416687012 | Logsumexp = 1.0912083387374878 | Steps Per Second = 177.869
I0502 16:56:40.549235 139579566835264 terminal.py:91] [Evaluator] Actor Episodes = 43035 | Actor Steps = 2151750 | Delta Dist = 11.550 | Delta Dist 10 = 11.892 | Delta Dist 100 = 11.823 | Delta Dist 1000 = 11.611 | Episode Length = 50 | Episode Return = 21.0 | Evaluator Episodes = 10910 | Evaluator Steps = 545500 | Final Dist = 1.257 | Final Dist 10 = 0.914 | Final Dist 100 = 0.983 | Final Dist 1000 = 1.196 | Init Dist = 12.806 | Init Dist 10 = 12.806 | Init Dist 100 = 12.806 | Init Dist 1000 = 12.806 | Learner Steps = 33464 | Learner Walltime = 6623.789 | Min Dist = 0.095 | Min Dist 10 = 0.222 | Min Dist 100 = 0.360 | Min Dist 1000 = 0.553 | Steps Per Second = 82.600 | Success = 1.000 | Success 1000 = 0.930
I0502 16:56:40.869061 139555860620864 terminal.py:91] [Actor] Actor Episodes = 43041 | Actor Steps = 2152050 | Delta Dist = 3.973 | Delta Dist 10 = 3.737 | Delta Dist 100 = 4.330 | Delta Dist 1000 = 4.164 | Episode Length = 50 | Episode Return = 42.0 | Evaluator Episodes = 10910 | Evaluator Steps = 545500 | Final Dist = 0.027 | Final Dist 10 = 1.213 | Final Dist 100 = 1.440 | Final Dist 1000 = 1.659 | Init Dist = 4.000 | Init Dist 10 = 4.950 | Init Dist 100 = 5.771 | Init Dist 1000 = 5.823 | Learner Steps = 33464 | Learner Walltime = 6623.789 | Min Dist = 0.027 | Min Dist 10 = 0.048 | Min Dist 100 = 0.101 | Min Dist 1000 = 0.211 | Steps Per Second = 81.983 | Success = 1.000 | Success 1000 = 0.987
I0502 16:56:41.767624 139579566835264 terminal.py:91] [Evaluator] Actor Episodes = 43043 | Actor Steps = 2152150 | Delta Dist = 11.452 | Delta Dist 10 = 11.963 | Delta Dist 100 = 11.831 | Delta Dist 1000 = 11.620 | Episode Length = 50 | Episode Return = 2.0 | Evaluator Episodes = 10912 | Evaluator Steps = 545600 | Final Dist = 1.354 | Final Dist 10 = 0.844 | Final Dist 100 = 0.975 | Final Dist 1000 = 1.186 | Init Dist = 12.806 | Init Dist 10 = 12.806 | Init Dist 100 = 12.806 | Init Dist 1000 = 12.806 | Learner Steps = 33471 | Learner Walltime = 6625.069 | Min Dist = 0.489 | Min Dist 10 = 0.196 | Min Dist 100 = 0.361 | Min Dist 1000 = 0.545 | Steps Per Second = 80.756 | Success = 1.000 | Success 1000 = 0.931
I0502 16:56:42.920933 139579566835264 terminal.py:91] [Evaluator] Actor Episodes = 43051 | Actor Steps = 2152550 | Delta Dist = 12.448 | Delta Dist 10 = 11.940 | Delta Dist 100 = 11.826 | Delta Dist 1000 = 11.619 | Episode Length = 50 | Episode Return = 22.0 | Evaluator Episodes = 10914 | Evaluator Steps = 545700 | Final Dist = 0.358 | Final Dist 10 = 0.866 | Final Dist 100 = 0.980 | Final Dist 1000 = 1.187 | Init Dist = 12.806 | Init Dist 10 = 12.806 | Init Dist 100 = 12.806 | Init Dist 1000 = 12.806 | Learner Steps = 33476 | Learner Walltime = 6626.210 | Min Dist = 0.037 | Min Dist 10 = 0.260 | Min Dist 100 = 0.359 | Min Dist 1000 = 0.545 | Steps Per Second = 85.212 | Success = 1.000 | Success 1000 = 0.931
I0502 16:56:44.127509 139579566835264 terminal.py:91] [Evaluator] Actor Episodes = 43059 | Actor Steps = 2152950 | Delta Dist = 12.410 | Delta Dist 10 = 11.937 | Delta Dist 100 = 11.827 | Delta Dist 1000 = 11.621 | Episode Length = 50 | Episode Return = 28.0 | Evaluator Episodes = 10916 | Evaluator Steps = 545800 | Final Dist = 0.396 | Final Dist 10 = 0.869 | Final Dist 100 = 0.979 | Final Dist 1000 = 1.185 | Init Dist = 12.806 | Init Dist 10 = 12.806 | Init Dist 100 = 12.806 | Init Dist 1000 = 12.806 | Learner Steps = 33483 | Learner Walltime = 6627.503 | Min Dist = 0.124 | Min Dist 10 = 0.239 | Min Dist 100 = 0.353 | Min Dist 1000 = 0.543 | Steps Per Second = 86.141 | Success = 1.000 | Success 1000 = 0.932
I0502 16:56:45.451870 139579566835264 terminal.py:91] [Evaluator] Actor Episodes = 43067 | Actor Steps = 2153350 | Delta Dist = 12.511 | Delta Dist 10 = 11.979 | Delta Dist 100 = 11.837 | Delta Dist 1000 = 11.625 | Episode Length = 50 | Episode Return = 29.0 | Evaluator Episodes = 10918 | Evaluator Steps = 545900 | Final Dist = 0.295 | Final Dist 10 = 0.828 | Final Dist 100 = 0.969 | Final Dist 1000 = 1.181 | Init Dist = 12.806 | Init Dist 10 = 12.806 | Init Dist 100 = 12.806 | Init Dist 1000 = 12.806 | Learner Steps = 33490 | Learner Walltime = 6628.689 | Min Dist = 0.024 | Min Dist 10 = 0.254 | Min Dist 100 = 0.352 | Min Dist 1000 = 0.539 | Steps Per Second = 73.262 | Success = 1.000 | Success 1000 = 0.933
I0502 16:56:46.588099 139579566835264 terminal.py:91] [Evaluator] Actor Episodes = 43075 | Actor Steps = 2153750 | Delta Dist = 11.519 | Delta Dist 10 = 12.110 | Delta Dist 100 = 11.848 | Delta Dist 1000 = 11.626 | Episode Length = 50 | Episode Return = 18.0 | Evaluator Episodes = 10920 | Evaluator Steps = 546000 | Final Dist = 1.287 | Final Dist 10 = 0.696 | Final Dist 100 = 0.958 | Final Dist 1000 = 1.180 | Init Dist = 12.806 | Init Dist 10 = 12.806 | Init Dist 100 = 12.806 | Init Dist 1000 = 12.806 | Learner Steps = 33494 | Learner Walltime = 6629.691 | Min Dist = 0.078 | Min Dist 10 = 0.213 | Min Dist 100 = 0.354 | Min Dist 1000 = 0.539 | Steps Per Second = 94.742 | Success = 1.000 | Success 1000 = 0.933
I0502 16:56:47.350705 139584504182336 lp_utils.py:96] StepsLimiter: Reached 2154050 recorded steps
I0502 16:56:47.623424 139569349502528 terminal.py:91] [Actor] Actor Episodes = 43082 | Actor Steps = 2154100 | Delta Dist = 2.564 | Delta Dist 10 = 4.025 | Delta Dist 100 = 3.923 | Delta Dist 1000 = 4.128 | Episode Length = 50 | Episode Return = 43.0 | Evaluator Episodes = 10920 | Evaluator Steps = 546000 | Final Dist = 0.264 | Final Dist 10 = 0.655 | Final Dist 100 = 1.395 | Final Dist 1000 = 1.654 | Init Dist = 2.828 | Init Dist 10 = 4.680 | Init Dist 100 = 5.318 | Init Dist 1000 = 5.783 | Learner Steps = 33501 | Learner Walltime = 6630.852 | Min Dist = 0.032 | Min Dist 10 = 0.053 | Min Dist 100 = 0.155 | Min Dist 1000 = 0.215 | Steps Per Second = 75.163 | Success = 1.000 | Success 1000 = 0.988
I0502 16:56:47.750509 139558059398720 terminal.py:91] [Actor] Actor Episodes = 43083 | Actor Steps = 2154150 | Delta Dist = 8.616 | Delta Dist 10 = 3.999 | Delta Dist 100 = 3.865 | Delta Dist 1000 = 4.131 | Episode Length = 50 | Episode Return = 39.0 | Evaluator Episodes = 10920 | Evaluator Steps = 546000 | Final Dist = 0.604 | Final Dist 10 = 0.539 | Final Dist 100 = 1.395 | Final Dist 1000 = 1.652 | Init Dist = 9.220 | Init Dist 10 = 4.538 | Init Dist 100 = 5.261 | Init Dist 1000 = 5.783 | Learner Steps = 33506 | Learner Walltime = 6631.935 | Min Dist = 0.089 | Min Dist 10 = 0.055 | Min Dist 100 = 0.154 | Min Dist 1000 = 0.212 | Steps Per Second = 81.562 | Success = 1.000 | Success 1000 = 0.988
I0502 16:56:47.837683 139579566835264 terminal.py:91] [Evaluator] Actor Episodes = 43083 | Actor Steps = 2154150 | Delta Dist = 12.425 | Delta Dist 10 = 12.056 | Delta Dist 100 = 11.849 | Delta Dist 1000 = 11.625 | Episode Length = 50 | Episode Return = 37.0 | Evaluator Episodes = 10922 | Evaluator Steps = 546100 | Final Dist = 0.382 | Final Dist 10 = 0.751 | Final Dist 100 = 0.957 | Final Dist 1000 = 1.181 | Init Dist = 12.806 | Init Dist 10 = 12.806 | Init Dist 100 = 12.806 | Init Dist 1000 = 12.806 | Learner Steps = 33506 | Learner Walltime = 6631.935 | Min Dist = 0.319 | Min Dist 10 = 0.225 | Min Dist 100 = 0.348 | Min Dist 1000 = 0.539 | Steps Per Second = 82.280 | Success = 1.000 | Success 1000 = 0.933
I0502 16:56:48.162739 139557462840896 terminal.py:91] [Actor] Actor Episodes = 43087 | Actor Steps = 2154350 | Delta Dist = 6.478 | Delta Dist 10 = 4.704 | Delta Dist 100 = 3.879 | Delta Dist 1000 = 4.131 | Episode Length = 50 | Episode Return = 41.0 | Evaluator Episodes = 10922 | Evaluator Steps = 546100 | Final Dist = 2.125 | Final Dist 10 = 0.670 | Final Dist 100 = 1.398 | Final Dist 1000 = 1.652 | Init Dist = 8.602 | Init Dist 10 = 5.374 | Init Dist 100 = 5.277 | Init Dist 1000 = 5.782 | Learner Steps = 33506 | Learner Walltime = 6631.935 | Min Dist = 0.031 | Min Dist 10 = 0.053 | Min Dist 100 = 0.153 | Min Dist 1000 = 0.212 | Steps Per Second = 80.799 | Success = 1.000 | Success 1000 = 0.988
I0502 16:56:49.022314 139579566835264 terminal.py:91] [Evaluator] Actor Episodes = 43091 | Actor Steps = 2154550 | Delta Dist = 11.590 | Delta Dist 10 = 12.145 | Delta Dist 100 = 11.863 | Delta Dist 1000 = 11.625 | Episode Length = 50 | Episode Return = 15.0 | Evaluator Episodes = 10924 | Evaluator Steps = 546200 | Final Dist = 1.217 | Final Dist 10 = 0.661 | Final Dist 100 = 0.943 | Final Dist 1000 = 1.181 | Init Dist = 12.806 | Init Dist 10 = 12.806 | Init Dist 100 = 12.806 | Init Dist 1000 = 12.806 | Learner Steps = 33512 | Learner Walltime = 6633.030 | Min Dist = 0.062 | Min Dist 10 = 0.170 | Min Dist 100 = 0.350 | Min Dist 1000 = 0.538 | Steps Per Second = 90.161 | Success = 1.000 | Success 1000 = 0.933
I0502 16:56:49.654957 139555013154368 terminal.py:91] [Learner] Actor Episodes = 43089 | Actor Loss = 3.661259889602661 | Actor Steps = 2154450 | Binary Accuracy = 0.9960541725158691 | Categorical Accuracy = 0.41192626953125 | Critic Loss = 1.8436706066131592 | Entropy Mean = -22.552515029907227 | Evaluator Episodes = 10922 | Evaluator Steps = 546100 | Learner Steps = 33517 | Learner Walltime = 6633.855 | Logits Neg = -16.946733474731445 | Logits Pos = -1.800452470779419 | Logsumexp = 1.114883542060852 | Steps Per Second = 538.286
I0502 16:56:50.282776 139579566835264 terminal.py:91] [Evaluator] Actor Episodes = 43099 | Actor Steps = 2154950 | Delta Dist = 10.872 | Delta Dist 10 = 12.071 | Delta Dist 100 = 11.857 | Delta Dist 1000 = 11.625 | Episode Length = 50 | Episode Return = 19.0 | Evaluator Episodes = 10926 | Evaluator Steps = 546300 | Final Dist = 1.934 | Final Dist 10 = 0.735 | Final Dist 100 = 0.949 | Final Dist 1000 = 1.181 | Init Dist = 12.806 | Init Dist 10 = 12.806 | Init Dist 100 = 12.806 | Init Dist 1000 = 12.806 | Learner Steps = 33518 | Learner Walltime = 6634.278 | Min Dist = 0.090 | Min Dist 10 = 0.191 | Min Dist 100 = 0.351 | Min Dist 1000 = 0.538 | Steps Per Second = 73.919 | Success = 1.000 | Success 1000 = 0.933
I0502 16:56:51.078216 139555860620864 terminal.py:91] [Actor] Actor Episodes = 43102 | Actor Steps = 2155100 | Delta Dist = 7.493 | Delta Dist 10 = 4.896 | Delta Dist 100 = 4.093 | Delta Dist 1000 = 4.132 | Episode Length = 50 | Episode Return = 20.0 | Evaluator Episodes = 10926 | Evaluator Steps = 546300 | Final Dist = 0.317 | Final Dist 10 = 0.928 | Final Dist 100 = 1.174 | Final Dist 1000 = 1.635 | Init Dist = 7.810 | Init Dist 10 = 5.825 | Init Dist 100 = 5.267 | Init Dist 1000 = 5.767 | Learner Steps = 33518 | Learner Walltime = 6634.278 | Min Dist = 0.165 | Min Dist 10 = 0.040 | Min Dist 100 = 0.140 | Min Dist 1000 = 0.212 | Steps Per Second = 69.598 | Success = 1.000 | Success 1000 = 0.988
I0502 16:56:51.553849 139579566835264 terminal.py:91] [Evaluator] Actor Episodes = 43105 | Actor Steps = 2155250 | Delta Dist = 11.701 | Delta Dist 10 = 11.835 | Delta Dist 100 = 11.850 | Delta Dist 1000 = 11.631 | Episode Length = 50 | Episode Return = 7.0 | Evaluator Episodes = 10928 | Evaluator Steps = 546400 | Final Dist = 1.105 | Final Dist 10 = 0.971 | Final Dist 100 = 0.956 | Final Dist 1000 = 1.175 | Init Dist = 12.806 | Init Dist 10 = 12.806 | Init Dist 100 = 12.806 | Init Dist 1000 = 12.806 | Learner Steps = 33523 | Learner Walltime = 6635.411 | Min Dist = 0.806 | Min Dist 10 = 0.166 | Min Dist 100 = 0.343 | Min Dist 1000 = 0.530 | Steps Per Second = 89.922 | Success = 1.000 | Success 1000 = 0.934
I0502 16:56:52.814470 139579566835264 terminal.py:91] [Evaluator] Actor Episodes = 43115 | Actor Steps = 2155750 | Delta Dist = 12.152 | Delta Dist 10 = 11.781 | Delta Dist 100 = 11.844 | Delta Dist 1000 = 11.631 | Episode Length = 50 | Episode Return = 21.0 | Evaluator Episodes = 10930 | Evaluator Steps = 546500 | Final Dist = 0.654 | Final Dist 10 = 1.026 | Final Dist 100 = 0.963 | Final Dist 1000 = 1.175 | Init Dist = 12.806 | Init Dist 10 = 12.806 | Init Dist 100 = 12.806 | Init Dist 1000 = 12.806 | Learner Steps = 33529 | Learner Walltime = 6636.429 | Min Dist = 0.161 | Min Dist 10 = 0.215 | Min Dist 100 = 0.350 | Min Dist 1000 = 0.531 | Steps Per Second = 77.399 | Success = 1.000 | Success 1000 = 0.934
I0502 16:56:54.051466 139579566835264 terminal.py:91] [Evaluator] Actor Episodes = 43123 | Actor Steps = 2156150 | Delta Dist = 11.283 | Delta Dist 10 = 11.803 | Delta Dist 100 = 11.844 | Delta Dist 1000 = 11.631 | Episode Length = 50 | Episode Return = 16.0 | Evaluator Episodes = 10932 | Evaluator Steps = 546600 | Final Dist = 1.523 | Final Dist 10 = 1.003 | Final Dist 100 = 0.962 | Final Dist 1000 = 1.175 | Init Dist = 12.806 | Init Dist 10 = 12.806 | Init Dist 100 = 12.806 | Init Dist 1000 = 12.806 | Learner Steps = 33533 | Learner Walltime = 6637.516 | Min Dist = 0.284 | Min Dist 10 = 0.303 | Min Dist 100 = 0.358 | Min Dist 1000 = 0.531 | Steps Per Second = 78.010 | Success = 1.000 | Success 1000 = 0.933
I0502 16:56:55.289422 139579566835264 terminal.py:91] [Evaluator] Actor Episodes = 43129 | Actor Steps = 2156450 | Delta Dist = 12.323 | Delta Dist 10 = 11.686 | Delta Dist 100 = 11.848 | Delta Dist 1000 = 11.631 | Episode Length = 50 | Episode Return = 20.0 | Evaluator Episodes = 10934 | Evaluator Steps = 546700 | Final Dist = 0.483 | Final Dist 10 = 1.121 | Final Dist 100 = 0.958 | Final Dist 1000 = 1.176 | Init Dist = 12.806 | Init Dist 10 = 12.806 | Init Dist 100 = 12.806 | Init Dist 1000 = 12.806 | Learner Steps = 33540 | Learner Walltime = 6638.781 | Min Dist = 0.090 | Min Dist 10 = 0.320 | Min Dist 100 = 0.357 | Min Dist 1000 = 0.531 | Steps Per Second = 79.862 | Success = 1.000 | Success 1000 = 0.933
I0502 16:56:56.521236 139579566835264 terminal.py:91] [Evaluator] Actor Episodes = 43137 | Actor Steps = 2156850 | Delta Dist = 12.041 | Delta Dist 10 = 11.741 | Delta Dist 100 = 11.854 | Delta Dist 1000 = 11.630 | Episode Length = 50 | Episode Return = 23.0 | Evaluator Episodes = 10936 | Evaluator Steps = 546800 | Final Dist = 0.765 | Final Dist 10 = 1.066 | Final Dist 100 = 0.952 | Final Dist 1000 = 1.176 | Init Dist = 12.806 | Init Dist 10 = 12.806 | Init Dist 100 = 12.806 | Init Dist 1000 = 12.806 | Learner Steps = 33546 | Learner Walltime = 6639.842 | Min Dist = 0.078 | Min Dist 10 = 0.331 | Min Dist 100 = 0.354 | Min Dist 1000 = 0.531 | Steps Per Second = 83.029 | Success = 1.000 | Success 1000 = 0.933
I0502 16:56:57.377526 139584504182336 lp_utils.py:96] StepsLimiter: Reached 2157250 recorded steps
I0502 16:56:57.766855 139579566835264 terminal.py:91] [Evaluator] Actor Episodes = 43147 | Actor Steps = 2157350 | Delta Dist = 10.531 | Delta Dist 10 = 11.971 | Delta Dist 100 = 11.856 | Delta Dist 1000 = 11.632 | Episode Length = 50 | Episode Return = 0.0 | Evaluator Episodes = 10938 | Evaluator Steps = 546900 | Final Dist = 2.275 | Final Dist 10 = 0.835 | Final Dist 100 = 0.951 | Final Dist 1000 = 1.175 | Init Dist = 12.806 | Init Dist 10 = 12.806 | Init Dist 100 = 12.806 | Init Dist 1000 = 12.806 | Learner Steps = 33551 | Learner Walltime = 6641.043 | Min Dist = 1.588 | Min Dist 10 = 0.337 | Min Dist 100 = 0.354 | Min Dist 1000 = 0.531 | Steps Per Second = 79.834 | Success = 0.000 | Success 1000 = 0.933
I0502 16:56:57.801487 139569349502528 terminal.py:91] [Actor] Actor Episodes = 43146 | Actor Steps = 2157300 | Delta Dist = 2.914 | Delta Dist 10 = 3.158 | Delta Dist 100 = 4.221 | Delta Dist 1000 = 4.136 | Episode Length = 50 | Episode Return = 46.0 | Evaluator Episodes = 10936 | Evaluator Steps = 546800 | Final Dist = 0.248 | Final Dist 10 = 1.078 | Final Dist 100 = 1.317 | Final Dist 1000 = 1.636 | Init Dist = 3.162 | Init Dist 10 = 4.237 | Init Dist 100 = 5.537 | Init Dist 1000 = 5.771 | Learner Steps = 33551 | Learner Walltime = 6641.043 | Min Dist = 0.005 | Min Dist 10 = 0.065 | Min Dist 100 = 0.149 | Min Dist 1000 = 0.213 | Steps Per Second = 83.765 | Success = 1.000 | Success 1000 = 0.988
I0502 16:56:58.296618 139558059398720 terminal.py:91] [Actor] Actor Episodes = 43148 | Actor Steps = 2157400 | Delta Dist = 8.141 | Delta Dist 10 = 4.720 | Delta Dist 100 = 4.185 | Delta Dist 1000 = 4.129 | Episode Length = 50 | Episode Return = 47.0 | Evaluator Episodes = 10936 | Evaluator Steps = 546800 | Final Dist = 0.106 | Final Dist 10 = 0.436 | Final Dist 100 = 1.313 | Final Dist 1000 = 1.635 | Init Dist = 8.246 | Init Dist 10 = 5.156 | Init Dist 100 = 5.498 | Init Dist 1000 = 5.764 | Learner Steps = 33551 | Learner Walltime = 6641.043 | Min Dist = 0.065 | Min Dist 10 = 0.032 | Min Dist 100 = 0.149 | Min Dist 1000 = 0.213 | Steps Per Second = 84.690 | Success = 1.000 | Success 1000 = 0.988
I0502 16:56:58.693556 139557462840896 terminal.py:91] [Actor] Actor Episodes = 43152 | Actor Steps = 2157600 | Delta Dist = 11.335 | Delta Dist 10 = 5.343 | Delta Dist 100 = 4.310 | Delta Dist 1000 = 4.137 | Episode Length = 50 | Episode Return = 35.0 | Evaluator Episodes = 10938 | Evaluator Steps = 546900 | Final Dist = 0.871 | Final Dist 10 = 0.592 | Final Dist 100 = 1.330 | Final Dist 1000 = 1.634 | Init Dist = 12.207 | Init Dist 10 = 5.934 | Init Dist 100 = 5.640 | Init Dist 1000 = 5.770 | Learner Steps = 33551 | Learner Walltime = 6641.043 | Min Dist = 0.012 | Min Dist 10 = 0.058 | Min Dist 100 = 0.151 | Min Dist 1000 = 0.213 | Steps Per Second = 84.978 | Success = 1.000 | Success 1000 = 0.988
I0502 16:56:58.975604 139579566835264 terminal.py:91] [Evaluator] Actor Episodes = 43155 | Actor Steps = 2157750 | Delta Dist = 11.442 | Delta Dist 10 = 11.840 | Delta Dist 100 = 11.893 | Delta Dist 1000 = 11.631 | Episode Length = 50 | Episode Return = 5.0 | Evaluator Episodes = 10940 | Evaluator Steps = 547000 | Final Dist = 1.364 | Final Dist 10 = 0.966 | Final Dist 100 = 0.913 | Final Dist 1000 = 1.175 | Init Dist = 12.806 | Init Dist 10 = 12.806 | Init Dist 100 = 12.806 | Init Dist 1000 = 12.806 | Learner Steps = 33558 | Learner Walltime = 6642.393 | Min Dist = 0.940 | Min Dist 10 = 0.430 | Min Dist 100 = 0.321 | Min Dist 1000 = 0.531 | Steps Per Second = 77.796 | Success = 1.000 | Success 1000 = 0.932
I0502 16:56:59.718154 139555013154368 terminal.py:91] [Learner] Actor Episodes = 43159 | Actor Loss = 3.725532293319702 | Actor Steps = 2157950 | Binary Accuracy = 0.9959959983825684 | Categorical Accuracy = 0.42633056640625 | Critic Loss = 1.7524714469909668 | Entropy Mean = -21.99636459350586 | Evaluator Episodes = 10940 | Evaluator Steps = 547000 | Learner Steps = 33566 | Learner Walltime = 6643.917 | Logits Neg = -17.383052825927734 | Logits Pos = -1.724114179611206 | Logsumexp = 1.121177077293396 | Steps Per Second = 229.280
I0502 16:57:00.268594 139579566835264 terminal.py:91] [Evaluator] Actor Episodes = 43163 | Actor Steps = 2158150 | Delta Dist = 11.924 | Delta Dist 10 = 11.279 | Delta Dist 100 = 11.851 | Delta Dist 1000 = 11.625 | Episode Length = 50 | Episode Return = 36.0 | Evaluator Episodes = 10942 | Evaluator Steps = 547100 | Final Dist = 0.882 | Final Dist 10 = 1.528 | Final Dist 100 = 0.955 | Final Dist 1000 = 1.181 | Init Dist = 12.806 | Init Dist 10 = 12.806 | Init Dist 100 = 12.806 | Init Dist 1000 = 12.806 | Learner Steps = 33564 | Learner Walltime = 6643.573 | Min Dist = 0.177 | Min Dist 10 = 0.933 | Min Dist 100 = 0.374 | Min Dist 1000 = 0.537 | Steps Per Second = 73.885 | Success = 1.000 | Success 1000 = 0.931
I0502 16:57:01.226039 139555860620864 terminal.py:91] [Actor] Actor Episodes = 43168 | Actor Steps = 2158400 | Delta Dist = 5.630 | Delta Dist 10 = 4.220 | Delta Dist 100 = 4.515 | Delta Dist 1000 = 4.174 | Episode Length = 50 | Episode Return = 36.0 | Evaluator Episodes = 10942 | Evaluator Steps = 547100 | Final Dist = 0.453 | Final Dist 10 = 1.167 | Final Dist 100 = 1.226 | Final Dist 1000 = 1.617 | Init Dist = 6.083 | Init Dist 10 = 5.387 | Init Dist 100 = 5.741 | Init Dist 1000 = 5.791 | Learner Steps = 33570 | Learner Walltime = 6644.600 | Min Dist = 0.169 | Min Dist 10 = 0.087 | Min Dist 100 = 0.156 | Min Dist 1000 = 0.202 | Steps Per Second = 77.716 | Success = 1.000 | Success 1000 = 0.988
I0502 16:57:01.448647 139579566835264 terminal.py:91] [Evaluator] Actor Episodes = 43169 | Actor Steps = 2158450 | Delta Dist = 12.046 | Delta Dist 10 = 11.366 | Delta Dist 100 = 11.852 | Delta Dist 1000 = 11.627 | Episode Length = 50 | Episode Return = 4.0 | Evaluator Episodes = 10944 | Evaluator Steps = 547200 | Final Dist = 0.760 | Final Dist 10 = 1.440 | Final Dist 100 = 0.955 | Final Dist 1000 = 1.180 | Init Dist = 12.806 | Init Dist 10 = 12.806 | Init Dist 100 = 12.806 | Init Dist 1000 = 12.806 | Learner Steps = 33575 | Learner Walltime = 6645.605 | Min Dist = 0.760 | Min Dist 10 = 0.906 | Min Dist 100 = 0.375 | Min Dist 1000 = 0.537 | Steps Per Second = 89.842 | Success = 1.000 | Success 1000 = 0.931
I0502 16:57:02.600464 139579566835264 terminal.py:91] [Evaluator] Actor Episodes = 43177 | Actor Steps = 2158850 | Delta Dist = 11.202 | Delta Dist 10 = 11.245 | Delta Dist 100 = 11.841 | Delta Dist 1000 = 11.625 | Episode Length = 50 | Episode Return = 14.0 | Evaluator Episodes = 10946 | Evaluator Steps = 547300 | Final Dist = 1.605 | Final Dist 10 = 1.562 | Final Dist 100 = 0.966 | Final Dist 1000 = 1.181 | Init Dist = 12.806 | Init Dist 10 = 12.806 | Init Dist 100 = 12.806 | Init Dist 1000 = 12.806 | Learner Steps = 33580 | Learner Walltime = 6646.648 | Min Dist = 0.362 | Min Dist 10 = 0.939 | Min Dist 100 = 0.382 | Min Dist 1000 = 0.537 | Steps Per Second = 83.668 | Success = 1.000 | Success 1000 = 0.931
I0502 16:57:03.836518 139579566835264 terminal.py:91] [Evaluator] Actor Episodes = 43185 | Actor Steps = 2159250 | Delta Dist = 6.508 | Delta Dist 10 = 11.082 | Delta Dist 100 = 11.836 | Delta Dist 1000 = 11.625 | Episode Length = 50 | Episode Return = 0.0 | Evaluator Episodes = 10948 | Evaluator Steps = 547400 | Final Dist = 6.298 | Final Dist 10 = 1.724 | Final Dist 100 = 0.970 | Final Dist 1000 = 1.182 | Init Dist = 12.806 | Init Dist 10 = 12.806 | Init Dist 100 = 12.806 | Init Dist 1000 = 12.806 | Learner Steps = 33586 | Learner Walltime = 6647.870 | Min Dist = 5.167 | Min Dist 10 = 0.969 | Min Dist 100 = 0.383 | Min Dist 1000 = 0.537 | Steps Per Second = 84.997 | Success = 0.000 | Success 1000 = 0.931
I0502 16:57:05.013835 139579566835264 terminal.py:91] [Evaluator] Actor Episodes = 43193 | Actor Steps = 2159650 | Delta Dist = 11.413 | Delta Dist 10 = 10.618 | Delta Dist 100 = 11.779 | Delta Dist 1000 = 11.617 | Episode Length = 50 | Episode Return = 5.0 | Evaluator Episodes = 10950 | Evaluator Steps = 547500 | Final Dist = 1.393 | Final Dist 10 = 2.188 | Final Dist 100 = 1.027 | Final Dist 1000 = 1.189 | Init Dist = 12.806 | Init Dist 10 = 12.806 | Init Dist 100 = 12.806 | Init Dist 1000 = 12.806 | Learner Steps = 33592 | Learner Walltime = 6649.050 | Min Dist = 0.425 | Min Dist 10 = 1.368 | Min Dist 100 = 0.436 | Min Dist 1000 = 0.542 | Steps Per Second = 90.396 | Success = 1.000 | Success 1000 = 0.930
I0502 16:57:06.214272 139579566835264 terminal.py:91] [Evaluator] Actor Episodes = 43201 | Actor Steps = 2160050 | Delta Dist = 11.536 | Delta Dist 10 = 11.076 | Delta Dist 100 = 11.769 | Delta Dist 1000 = 11.616 | Episode Length = 50 | Episode Return = 6.0 | Evaluator Episodes = 10952 | Evaluator Steps = 547600 | Final Dist = 1.270 | Final Dist 10 = 1.730 | Final Dist 100 = 1.037 | Final Dist 1000 = 1.190 | Init Dist = 12.806 | Init Dist 10 = 12.806 | Init Dist 100 = 12.806 | Init Dist 1000 = 12.806 | Learner Steps = 33597 | Learner Walltime = 6650.149 | Min Dist = 0.389 | Min Dist 10 = 0.845 | Min Dist 100 = 0.442 | Min Dist 1000 = 0.543 | Steps Per Second = 75.755 | Success = 1.000 | Success 1000 = 0.930
I0502 16:57:07.356564 139579566835264 terminal.py:91] [Evaluator] Actor Episodes = 43209 | Actor Steps = 2160450 | Delta Dist = 11.467 | Delta Dist 10 = 10.982 | Delta Dist 100 = 11.763 | Delta Dist 1000 = 11.621 | Episode Length = 50 | Episode Return = 2.0 | Evaluator Episodes = 10954 | Evaluator Steps = 547700 | Final Dist = 1.339 | Final Dist 10 = 1.824 | Final Dist 100 = 1.043 | Final Dist 1000 = 1.185 | Init Dist = 12.806 | Init Dist 10 = 12.806 | Init Dist 100 = 12.806 | Init Dist 1000 = 12.806 | Learner Steps = 33604 | Learner Walltime = 6651.509 | Min Dist = 0.690 | Min Dist 10 = 0.887 | Min Dist 100 = 0.442 | Min Dist 1000 = 0.537 | Steps Per Second = 97.053 | Success = 1.000 | Success 1000 = 0.931
I0502 16:57:07.395229 139584504182336 lp_utils.py:96] StepsLimiter: Reached 2160450 recorded steps
I0502 16:57:07.974274 139569349502528 terminal.py:91] [Actor] Actor Episodes = 43215 | Actor Steps = 2160750 | Delta Dist = 7.615 | Delta Dist 10 = 4.597 | Delta Dist 100 = 4.659 | Delta Dist 1000 = 4.208 | Episode Length = 50 | Episode Return = 0.0 | Evaluator Episodes = 10954 | Evaluator Steps = 547700 | Final Dist = 1.441 | Final Dist 10 = 1.574 | Final Dist 100 = 1.324 | Final Dist 1000 = 1.554 | Init Dist = 9.055 | Init Dist 10 = 6.209 | Init Dist 100 = 5.960 | Init Dist 1000 = 5.762 | Learner Steps = 33604 | Learner Walltime = 6651.509 | Min Dist = 0.134 | Min Dist 10 = 0.068 | Min Dist 100 = 0.105 | Min Dist 1000 = 0.200 | Steps Per Second = 89.220 | Success = 1.000 | Success 1000 = 0.988
I0502 16:57:08.401981 139558059398720 terminal.py:91] [Actor] Actor Episodes = 43212 | Actor Steps = 2160600 | Delta Dist = 7.508 | Delta Dist 10 = 4.521 | Delta Dist 100 = 4.622 | Delta Dist 1000 = 4.211 | Episode Length = 50 | Episode Return = 27.0 | Evaluator Episodes = 10954 | Evaluator Steps = 547700 | Final Dist = 0.302 | Final Dist 10 = 1.918 | Final Dist 100 = 1.350 | Final Dist 1000 = 1.557 | Init Dist = 7.810 | Init Dist 10 = 6.438 | Init Dist 100 = 5.972 | Init Dist 1000 = 5.767 | Learner Steps = 33604 | Learner Walltime = 6651.509 | Min Dist = 0.056 | Min Dist 10 = 0.188 | Min Dist 100 = 0.116 | Min Dist 1000 = 0.201 | Steps Per Second = 72.377 | Success = 1.000 | Success 1000 = 0.987
I0502 16:57:08.608515 139579566835264 terminal.py:91] [Evaluator] Actor Episodes = 43217 | Actor Steps = 2160850 | Delta Dist = 12.062 | Delta Dist 10 = 10.499 | Delta Dist 100 = 11.711 | Delta Dist 1000 = 11.615 | Episode Length = 50 | Episode Return = 17.0 | Evaluator Episodes = 10956 | Evaluator Steps = 547800 | Final Dist = 0.745 | Final Dist 10 = 2.307 | Final Dist 100 = 1.095 | Final Dist 1000 = 1.191 | Init Dist = 12.806 | Init Dist 10 = 12.806 | Init Dist 100 = 12.806 | Init Dist 1000 = 12.806 | Learner Steps = 33610 | Learner Walltime = 6652.725 | Min Dist = 0.564 | Min Dist 10 = 1.416 | Min Dist 100 = 0.500 | Min Dist 1000 = 0.543 | Steps Per Second = 74.788 | Success = 1.000 | Success 1000 = 0.930
I0502 16:57:09.261438 139557462840896 terminal.py:91] [Actor] Actor Episodes = 43223 | Actor Steps = 2161150 | Delta Dist = 2.713 | Delta Dist 10 = 5.080 | Delta Dist 100 = 4.684 | Delta Dist 1000 = 4.206 | Episode Length = 50 | Episode Return = 23.0 | Evaluator Episodes = 10956 | Evaluator Steps = 547800 | Final Dist = 0.449 | Final Dist 10 = 1.166 | Final Dist 100 = 1.351 | Final Dist 1000 = 1.551 | Init Dist = 3.162 | Init Dist 10 = 6.247 | Init Dist 100 = 6.035 | Init Dist 1000 = 5.757 | Learner Steps = 33610 | Learner Walltime = 6652.725 | Min Dist = 0.037 | Min Dist 10 = 0.213 | Min Dist 100 = 0.117 | Min Dist 1000 = 0.192 | Steps Per Second = 70.823 | Success = 1.000 | Success 1000 = 0.988
I0502 16:57:09.820772 139579566835264 terminal.py:91] [Evaluator] Actor Episodes = 43225 | Actor Steps = 2161250 | Delta Dist = 11.434 | Delta Dist 10 = 10.532 | Delta Dist 100 = 11.701 | Delta Dist 1000 = 11.614 | Episode Length = 50 | Episode Return = 2.0 | Evaluator Episodes = 10958 | Evaluator Steps = 547900 | Final Dist = 1.372 | Final Dist 10 = 2.274 | Final Dist 100 = 1.105 | Final Dist 1000 = 1.192 | Init Dist = 12.806 | Init Dist 10 = 12.806 | Init Dist 100 = 12.806 | Init Dist 1000 = 12.806 | Learner Steps = 33610 | Learner Walltime = 6652.725 | Min Dist = 0.537 | Min Dist 10 = 1.517 | Min Dist 100 = 0.505 | Min Dist 1000 = 0.544 | Steps Per Second = 95.958 | Success = 1.000 | Success 1000 = 0.930
I0502 16:57:09.844556 139555013154368 terminal.py:91] [Learner] Actor Episodes = 43225 | Actor Loss = 3.7156004905700684 | Actor Steps = 2161250 | Binary Accuracy = 0.9959962368011475 | Categorical Accuracy = 0.412109375 | Critic Loss = 1.7879912853240967 | Entropy Mean = -23.431232452392578 | Evaluator Episodes = 10958 | Evaluator Steps = 547900 | Learner Steps = 33616 | Learner Walltime = 6654.037 | Logits Neg = -17.389965057373047 | Logits Pos = -1.7477084398269653 | Logsumexp = 1.0725957155227661 | Steps Per Second = 127.487
I0502 16:57:10.899339 139579566835264 terminal.py:91] [Evaluator] Actor Episodes = 43233 | Actor Steps = 2161650 | Delta Dist = 11.504 | Delta Dist 10 = 11.038 | Delta Dist 100 = 11.695 | Delta Dist 1000 = 11.612 | Episode Length = 50 | Episode Return = 27.0 | Evaluator Episodes = 10960 | Evaluator Steps = 548000 | Final Dist = 1.303 | Final Dist 10 = 1.768 | Final Dist 100 = 1.112 | Final Dist 1000 = 1.194 | Init Dist = 12.806 | Init Dist 10 = 12.806 | Init Dist 100 = 12.806 | Init Dist 1000 = 12.806 | Learner Steps = 33623 | Learner Walltime = 6655.048 | Min Dist = 0.055 | Min Dist 10 = 0.982 | Min Dist 100 = 0.498 | Min Dist 1000 = 0.544 | Steps Per Second = 89.348 | Success = 1.000 | Success 1000 = 0.930
I0502 16:57:11.339067 139555860620864 terminal.py:91] [Actor] Actor Episodes = 43235 | Actor Steps = 2161750 | Delta Dist = 6.478 | Delta Dist 10 = 4.789 | Delta Dist 100 = 4.764 | Delta Dist 1000 = 4.221 | Episode Length = 50 | Episode Return = 25.0 | Evaluator Episodes = 10960 | Evaluator Steps = 548000 | Final Dist = 0.593 | Final Dist 10 = 1.298 | Final Dist 100 = 1.298 | Final Dist 1000 = 1.556 | Init Dist = 7.071 | Init Dist 10 = 6.087 | Init Dist 100 = 6.062 | Init Dist 1000 = 5.778 | Learner Steps = 33623 | Learner Walltime = 6655.048 | Min Dist = 0.050 | Min Dist 10 = 0.195 | Min Dist 100 = 0.127 | Min Dist 1000 = 0.193 | Steps Per Second = 85.394 | Success = 1.000 | Success 1000 = 0.987
I0502 16:57:12.046551 139579566835264 terminal.py:91] [Evaluator] Actor Episodes = 43241 | Actor Steps = 2162050 | Delta Dist = 11.249 | Delta Dist 10 = 11.097 | Delta Dist 100 = 11.695 | Delta Dist 1000 = 11.612 | Episode Length = 50 | Episode Return = 8.0 | Evaluator Episodes = 10962 | Evaluator Steps = 548100 | Final Dist = 1.557 | Final Dist 10 = 1.709 | Final Dist 100 = 1.111 | Final Dist 1000 = 1.195 | Init Dist = 12.806 | Init Dist 10 = 12.806 | Init Dist 100 = 12.806 | Init Dist 1000 = 12.806 | Learner Steps = 33623 | Learner Walltime = 6655.048 | Min Dist = 0.865 | Min Dist 10 = 0.908 | Min Dist 100 = 0.487 | Min Dist 1000 = 0.543 | Steps Per Second = 90.604 | Success = 1.000 | Success 1000 = 0.930
I0502 16:57:13.288076 139579566835264 terminal.py:91] [Evaluator] Actor Episodes = 43249 | Actor Steps = 2162450 | Delta Dist = 12.045 | Delta Dist 10 = 11.131 | Delta Dist 100 = 11.695 | Delta Dist 1000 = 11.612 | Episode Length = 50 | Episode Return = 9.0 | Evaluator Episodes = 10964 | Evaluator Steps = 548200 | Final Dist = 0.762 | Final Dist 10 = 1.676 | Final Dist 100 = 1.111 | Final Dist 1000 = 1.194 | Init Dist = 12.806 | Init Dist 10 = 12.806 | Init Dist 100 = 12.806 | Init Dist 1000 = 12.806 | Learner Steps = 33630 | Learner Walltime = 6656.489 | Min Dist = 0.574 | Min Dist 10 = 0.932 | Min Dist 100 = 0.491 | Min Dist 1000 = 0.544 | Steps Per Second = 76.772 | Success = 1.000 | Success 1000 = 0.930
I0502 16:57:14.418022 139579566835264 terminal.py:91] [Evaluator] Actor Episodes = 43257 | Actor Steps = 2162850 | Delta Dist = 11.769 | Delta Dist 10 = 11.677 | Delta Dist 100 = 11.696 | Delta Dist 1000 = 11.612 | Episode Length = 50 | Episode Return = 4.0 | Evaluator Episodes = 10966 | Evaluator Steps = 548300 | Final Dist = 1.037 | Final Dist 10 = 1.129 | Final Dist 100 = 1.110 | Final Dist 1000 = 1.194 | Init Dist = 12.806 | Init Dist 10 = 12.806 | Init Dist 100 = 12.806 | Init Dist 1000 = 12.806 | Learner Steps = 33636 | Learner Walltime = 6657.662 | Min Dist = 0.523 | Min Dist 10 = 0.469 | Min Dist 100 = 0.493 | Min Dist 1000 = 0.544 | Steps Per Second = 95.490 | Success = 1.000 | Success 1000 = 0.930
I0502 16:57:15.535196 139579566835264 terminal.py:91] [Evaluator] Actor Episodes = 43265 | Actor Steps = 2163250 | Delta Dist = 11.416 | Delta Dist 10 = 11.716 | Delta Dist 100 = 11.691 | Delta Dist 1000 = 11.611 | Episode Length = 50 | Episode Return = 16.0 | Evaluator Episodes = 10968 | Evaluator Steps = 548400 | Final Dist = 1.390 | Final Dist 10 = 1.091 | Final Dist 100 = 1.115 | Final Dist 1000 = 1.195 | Init Dist = 12.806 | Init Dist 10 = 12.806 | Init Dist 100 = 12.806 | Init Dist 1000 = 12.806 | Learner Steps = 33642 | Learner Walltime = 6658.903 | Min Dist = 0.298 | Min Dist 10 = 0.434 | Min Dist 100 = 0.498 | Min Dist 1000 = 0.545 | Steps Per Second = 106.371 | Success = 1.000 | Success 1000 = 0.930
I0502 16:57:16.697617 139579566835264 terminal.py:91] [Evaluator] Actor Episodes = 43273 | Actor Steps = 2163650 | Delta Dist = 11.784 | Delta Dist 10 = 11.526 | Delta Dist 100 = 11.666 | Delta Dist 1000 = 11.608 | Episode Length = 50 | Episode Return = 11.0 | Evaluator Episodes = 10970 | Evaluator Steps = 548500 | Final Dist = 1.023 | Final Dist 10 = 1.280 | Final Dist 100 = 1.140 | Final Dist 1000 = 1.198 | Init Dist = 12.806 | Init Dist 10 = 12.806 | Init Dist 100 = 12.806 | Init Dist 1000 = 12.806 | Learner Steps = 33648 | Learner Walltime = 6660.038 | Min Dist = 0.675 | Min Dist 10 = 0.727 | Min Dist 100 = 0.523 | Min Dist 1000 = 0.547 | Steps Per Second = 86.082 | Success = 1.000 | Success 1000 = 0.929
I0502 16:57:17.409931 139584504182336 lp_utils.py:96] StepsLimiter: Reached 2163650 recorded steps
I0502 16:57:17.773628 139579566835264 terminal.py:91] [Evaluator] Actor Episodes = 43281 | Actor Steps = 2164050 | Delta Dist = 11.556 | Delta Dist 10 = 11.540 | Delta Dist 100 = 11.658 | Delta Dist 1000 = 11.608 | Episode Length = 50 | Episode Return = 12.0 | Evaluator Episodes = 10972 | Evaluator Steps = 548600 | Final Dist = 1.250 | Final Dist 10 = 1.267 | Final Dist 100 = 1.148 | Final Dist 1000 = 1.198 | Init Dist = 12.806 | Init Dist 10 = 12.806 | Init Dist 100 = 12.806 | Init Dist 1000 = 12.806 | Learner Steps = 33654 | Learner Walltime = 6661.199 | Min Dist = 0.489 | Min Dist 10 = 0.850 | Min Dist 100 = 0.535 | Min Dist 1000 = 0.548 | Steps Per Second = 87.853 | Success = 1.000 | Success 1000 = 0.929
I0502 16:57:18.303814 139569349502528 terminal.py:91] [Actor] Actor Episodes = 43280 | Actor Steps = 2164000 | Delta Dist = 6.328 | Delta Dist 10 = 4.195 | Delta Dist 100 = 4.582 | Delta Dist 1000 = 4.228 | Episode Length = 50 | Episode Return = 19.0 | Evaluator Episodes = 10970 | Evaluator Steps = 548500 | Final Dist = 0.743 | Final Dist 10 = 1.194 | Final Dist 100 = 1.125 | Final Dist 1000 = 1.557 | Init Dist = 7.071 | Init Dist 10 = 5.389 | Init Dist 100 = 5.706 | Init Dist 1000 = 5.785 | Learner Steps = 33654 | Learner Walltime = 6661.199 | Min Dist = 0.068 | Min Dist 10 = 0.853 | Min Dist 100 = 0.196 | Min Dist 1000 = 0.192 | Steps Per Second = 78.409 | Success = 1.000 | Success 1000 = 0.987
I0502 16:57:18.789975 139558059398720 terminal.py:91] [Actor] Actor Episodes = 43283 | Actor Steps = 2164150 | Delta Dist = 1.230 | Delta Dist 10 = 4.000 | Delta Dist 100 = 4.590 | Delta Dist 1000 = 4.229 | Episode Length = 50 | Episode Return = 19.0 | Evaluator Episodes = 10972 | Evaluator Steps = 548600 | Final Dist = 0.184 | Final Dist 10 = 1.867 | Final Dist 100 = 1.176 | Final Dist 1000 = 1.566 | Init Dist = 1.414 | Init Dist 10 = 5.867 | Init Dist 100 = 5.765 | Init Dist 1000 = 5.795 | Learner Steps = 33661 | Learner Walltime = 6662.593 | Min Dist = 0.016 | Min Dist 10 = 0.762 | Min Dist 100 = 0.201 | Min Dist 1000 = 0.193 | Steps Per Second = 78.804 | Success = 1.000 | Success 1000 = 0.987
I0502 16:57:19.003005 139579566835264 terminal.py:91] [Evaluator] Actor Episodes = 43287 | Actor Steps = 2164350 | Delta Dist = 11.458 | Delta Dist 10 = 11.468 | Delta Dist 100 = 11.645 | Delta Dist 1000 = 11.608 | Episode Length = 50 | Episode Return = 2.0 | Evaluator Episodes = 10974 | Evaluator Steps = 548700 | Final Dist = 1.348 | Final Dist 10 = 1.338 | Final Dist 100 = 1.161 | Final Dist 1000 = 1.198 | Init Dist = 12.806 | Init Dist 10 = 12.806 | Init Dist 100 = 12.806 | Init Dist 1000 = 12.806 | Learner Steps = 33661 | Learner Walltime = 6662.593 | Min Dist = 0.543 | Min Dist 10 = 0.850 | Min Dist 100 = 0.540 | Min Dist 1000 = 0.548 | Steps Per Second = 88.149 | Success = 1.000 | Success 1000 = 0.929
I0502 16:57:19.672495 139557462840896 terminal.py:91] [Actor] Actor Episodes = 43290 | Actor Steps = 2164500 | Delta Dist = 8.065 | Delta Dist 10 = 1.631 | Delta Dist 100 = 4.378 | Delta Dist 1000 = 4.200 | Episode Length = 50 | Episode Return = 44.0 | Evaluator Episodes = 10974 | Evaluator Steps = 548700 | Final Dist = 0.181 | Final Dist 10 = 3.524 | Final Dist 100 = 1.319 | Final Dist 1000 = 1.579 | Init Dist = 8.246 | Init Dist 10 = 5.155 | Init Dist 100 = 5.697 | Init Dist 1000 = 5.780 | Learner Steps = 33661 | Learner Walltime = 6662.593 | Min Dist = 0.024 | Min Dist 10 = 0.689 | Min Dist 100 = 0.182 | Min Dist 1000 = 0.192 | Steps Per Second = 82.033 | Success = 1.000 | Success 1000 = 0.988
I0502 16:57:20.136188 139555013154368 terminal.py:91] [Learner] Actor Episodes = 43289 | Actor Loss = 3.789937973022461 | Actor Steps = 2164450 | Binary Accuracy = 0.99599289894104 | Categorical Accuracy = 0.41265869140625 | Critic Loss = 1.811582326889038 | Entropy Mean = -22.993732452392578 | Evaluator Episodes = 10974 | Evaluator Steps = 548700 | Learner Steps = 33669 | Learner Walltime = 6664.335 | Logits Neg = -17.101253509521484 | Logits Pos = -1.8063600063323975 | Logsumexp = 1.08644700050354 | Steps Per Second = 130.811
I0502 16:57:20.183220 139579566835264 terminal.py:91] [Evaluator] Actor Episodes = 43295 | Actor Steps = 2164750 | Delta Dist = 11.329 | Delta Dist 10 = 11.408 | Delta Dist 100 = 11.631 | Delta Dist 1000 = 11.606 | Episode Length = 50 | Episode Return = 1.0 | Evaluator Episodes = 10976 | Evaluator Steps = 548800 | Final Dist = 1.477 | Final Dist 10 = 1.398 | Final Dist 100 = 1.175 | Final Dist 1000 = 1.200 | Init Dist = 12.806 | Init Dist 10 = 12.806 | Init Dist 100 = 12.806 | Init Dist 1000 = 12.806 | Learner Steps = 33666 | Learner Walltime = 6663.711 | Min Dist = 0.668 | Min Dist 10 = 0.780 | Min Dist 100 = 0.546 | Min Dist 1000 = 0.549 | Steps Per Second = 88.129 | Success = 1.000 | Success 1000 = 0.929
I0502 16:57:21.394966 139579566835264 terminal.py:91] [Evaluator] Actor Episodes = 43301 | Actor Steps = 2165050 | Delta Dist = 12.167 | Delta Dist 10 = 11.302 | Delta Dist 100 = 11.620 | Delta Dist 1000 = 11.606 | Episode Length = 50 | Episode Return = 30.0 | Evaluator Episodes = 10978 | Evaluator Steps = 548900 | Final Dist = 0.639 | Final Dist 10 = 1.504 | Final Dist 100 = 1.186 | Final Dist 1000 = 1.200 | Init Dist = 12.806 | Init Dist 10 = 12.806 | Init Dist 100 = 12.806 | Init Dist 1000 = 12.806 | Learner Steps = 33672 | Learner Walltime = 6664.891 | Min Dist = 0.084 | Min Dist 10 = 0.782 | Min Dist 100 = 0.548 | Min Dist 1000 = 0.550 | Steps Per Second = 79.008 | Success = 1.000 | Success 1000 = 0.929
I0502 16:57:21.822466 139584635659840 savers.py:156] Saving checkpoint: logs/contrastive_cpc_point_FourRooms_64/5dd72662-2788-11f0-b183-d85ed38c5779/checkpoints/counter
I0502 16:57:21.880732 139555860620864 terminal.py:91] [Actor] Actor Episodes = 43300 | Actor Steps = 2165000 | Delta Dist = 3.886 | Delta Dist 10 = 4.900 | Delta Dist 100 = 4.342 | Delta Dist 1000 = 4.214 | Episode Length = 50 | Episode Return = 47.0 | Evaluator Episodes = 10976 | Evaluator Steps = 548800 | Final Dist = 0.237 | Final Dist 10 = 1.137 | Final Dist 100 = 1.416 | Final Dist 1000 = 1.568 | Init Dist = 4.123 | Init Dist 10 = 6.037 | Init Dist 100 = 5.758 | Init Dist 1000 = 5.781 | Learner Steps = 33672 | Learner Walltime = 6664.891 | Min Dist = 0.080 | Min Dist 10 = 0.085 | Min Dist 100 = 0.181 | Min Dist 1000 = 0.190 | Steps Per Second = 80.814 | Success = 1.000 | Success 1000 = 0.988
I0502 16:57:22.655516 139579566835264 terminal.py:91] [Evaluator] Actor Episodes = 43309 | Actor Steps = 2165450 | Delta Dist = 11.447 | Delta Dist 10 = 11.558 | Delta Dist 100 = 11.618 | Delta Dist 1000 = 11.605 | Episode Length = 50 | Episode Return = 19.0 | Evaluator Episodes = 10980 | Evaluator Steps = 549000 | Final Dist = 1.359 | Final Dist 10 = 1.248 | Final Dist 100 = 1.188 | Final Dist 1000 = 1.201 | Init Dist = 12.806 | Init Dist 10 = 12.806 | Init Dist 100 = 12.806 | Init Dist 1000 = 12.806 | Learner Steps = 33679 | Learner Walltime = 6666.215 | Min Dist = 0.555 | Min Dist 10 = 0.451 | Min Dist 100 = 0.546 | Min Dist 1000 = 0.550 | Steps Per Second = 83.691 | Success = 1.000 | Success 1000 = 0.929
I0502 16:57:23.844783 139579566835264 terminal.py:91] [Evaluator] Actor Episodes = 43315 | Actor Steps = 2165750 | Delta Dist = 12.027 | Delta Dist 10 = 11.520 | Delta Dist 100 = 11.603 | Delta Dist 1000 = 11.604 | Episode Length = 50 | Episode Return = 18.0 | Evaluator Episodes = 10982 | Evaluator Steps = 549100 | Final Dist = 0.779 | Final Dist 10 = 1.287 | Final Dist 100 = 1.203 | Final Dist 1000 = 1.202 | Init Dist = 12.806 | Init Dist 10 = 12.806 | Init Dist 100 = 12.806 | Init Dist 1000 = 12.806 | Learner Steps = 33685 | Learner Walltime = 6667.231 | Min Dist = 0.246 | Min Dist 10 = 0.386 | Min Dist 100 = 0.549 | Min Dist 1000 = 0.550 | Steps Per Second = 80.512 | Success = 1.000 | Success 1000 = 0.929
I0502 16:57:25.157143 139579566835264 terminal.py:91] [Evaluator] Actor Episodes = 43325 | Actor Steps = 2166250 | Delta Dist = 10.983 | Delta Dist 10 = 11.097 | Delta Dist 100 = 11.544 | Delta Dist 1000 = 11.599 | Episode Length = 50 | Episode Return = 0.0 | Evaluator Episodes = 10984 | Evaluator Steps = 549200 | Final Dist = 1.823 | Final Dist 10 = 1.709 | Final Dist 100 = 1.262 | Final Dist 1000 = 1.208 | Init Dist = 12.806 | Init Dist 10 = 12.806 | Init Dist 100 = 12.806 | Init Dist 1000 = 12.806 | Learner Steps = 33690 | Learner Walltime = 6668.342 | Min Dist = 1.823 | Min Dist 10 = 0.816 | Min Dist 100 = 0.595 | Min Dist 1000 = 0.555 | Steps Per Second = 75.022 | Success = 0.000 | Success 1000 = 0.928
I0502 16:57:26.343525 139579566835264 terminal.py:91] [Evaluator] Actor Episodes = 43333 | Actor Steps = 2166650 | Delta Dist = 11.867 | Delta Dist 10 = 11.085 | Delta Dist 100 = 11.545 | Delta Dist 1000 = 11.596 | Episode Length = 50 | Episode Return = 18.0 | Evaluator Episodes = 10986 | Evaluator Steps = 549300 | Final Dist = 0.939 | Final Dist 10 = 1.721 | Final Dist 100 = 1.261 | Final Dist 1000 = 1.210 | Init Dist = 12.806 | Init Dist 10 = 12.806 | Init Dist 100 = 12.806 | Init Dist 1000 = 12.806 | Learner Steps = 33695 | Learner Walltime = 6669.394 | Min Dist = 0.137 | Min Dist 10 = 0.926 | Min Dist 100 = 0.601 | Min Dist 1000 = 0.557 | Steps Per Second = 79.933 | Success = 1.000 | Success 1000 = 0.927
I0502 16:57:27.432600 139584504182336 lp_utils.py:96] StepsLimiter: Reached 2166850 recorded steps
I0502 16:57:27.552427 139579566835264 terminal.py:91] [Evaluator] Actor Episodes = 43339 | Actor Steps = 2166950 | Delta Dist = 11.994 | Delta Dist 10 = 11.107 | Delta Dist 100 = 11.532 | Delta Dist 1000 = 11.595 | Episode Length = 50 | Episode Return = 23.0 | Evaluator Episodes = 10988 | Evaluator Steps = 549400 | Final Dist = 0.812 | Final Dist 10 = 1.699 | Final Dist 100 = 1.274 | Final Dist 1000 = 1.211 | Init Dist = 12.806 | Init Dist 10 = 12.806 | Init Dist 100 = 12.806 | Init Dist 1000 = 12.806 | Learner Steps = 33701 | Learner Walltime = 6670.653 | Min Dist = 0.116 | Min Dist 10 = 0.924 | Min Dist 100 = 0.605 | Min Dist 1000 = 0.558 | Steps Per Second = 81.726 | Success = 1.000 | Success 1000 = 0.926
I0502 16:57:28.518882 139569349502528 terminal.py:91] [Actor] Actor Episodes = 43346 | Actor Steps = 2167300 | Delta Dist = 5.693 | Delta Dist 10 = 4.479 | Delta Dist 100 = 4.578 | Delta Dist 1000 = 4.272 | Episode Length = 50 | Episode Return = 29.0 | Evaluator Episodes = 10988 | Evaluator Steps = 549400 | Final Dist = 1.015 | Final Dist 10 = 0.827 | Final Dist 100 = 1.366 | Final Dist 1000 = 1.545 | Init Dist = 6.708 | Init Dist 10 = 5.306 | Init Dist 100 = 5.944 | Init Dist 1000 = 5.817 | Learner Steps = 33707 | Learner Walltime = 6671.852 | Min Dist = 0.091 | Min Dist 10 = 0.060 | Min Dist 100 = 0.171 | Min Dist 1000 = 0.182 | Steps Per Second = 82.523 | Success = 1.000 | Success 1000 = 0.989
I0502 16:57:28.839712 139579566835264 terminal.py:91] [Evaluator] Actor Episodes = 43347 | Actor Steps = 2167350 | Delta Dist = 6.507 | Delta Dist 10 = 11.090 | Delta Dist 100 = 11.528 | Delta Dist 1000 = 11.594 | Episode Length = 50 | Episode Return = 0.0 | Evaluator Episodes = 10990 | Evaluator Steps = 549500 | Final Dist = 6.299 | Final Dist 10 = 1.716 | Final Dist 100 = 1.278 | Final Dist 1000 = 1.213 | Init Dist = 12.806 | Init Dist 10 = 12.806 | Init Dist 100 = 12.806 | Init Dist 1000 = 12.806 | Learner Steps = 33713 | Learner Walltime = 6672.870 | Min Dist = 5.092 | Min Dist 10 = 0.983 | Min Dist 100 = 0.606 | Min Dist 1000 = 0.559 | Steps Per Second = 76.860 | Success = 0.000 | Success 1000 = 0.926
I0502 16:57:28.867851 139558059398720 terminal.py:91] [Actor] Actor Episodes = 43349 | Actor Steps = 2167450 | Delta Dist = 5.110 | Delta Dist 10 = 4.681 | Delta Dist 100 = 4.634 | Delta Dist 1000 = 4.278 | Episode Length = 50 | Episode Return = 49.0 | Evaluator Episodes = 10990 | Evaluator Steps = 549500 | Final Dist = 0.275 | Final Dist 10 = 0.713 | Final Dist 100 = 1.365 | Final Dist 1000 = 1.544 | Init Dist = 5.385 | Init Dist 10 = 5.394 | Init Dist 100 = 5.999 | Init Dist 1000 = 5.821 | Learner Steps = 33713 | Learner Walltime = 6672.870 | Min Dist = 0.177 | Min Dist 10 = 0.074 | Min Dist 100 = 0.172 | Min Dist 1000 = 0.182 | Steps Per Second = 79.074 | Success = 1.000 | Success 1000 = 0.989
I0502 16:57:29.741545 139557462840896 terminal.py:91] [Actor] Actor Episodes = 43352 | Actor Steps = 2167600 | Delta Dist = 1.707 | Delta Dist 10 = 5.561 | Delta Dist 100 = 4.773 | Delta Dist 1000 = 4.281 | Episode Length = 50 | Episode Return = 34.0 | Evaluator Episodes = 10990 | Evaluator Steps = 549500 | Final Dist = 0.529 | Final Dist 10 = 0.611 | Final Dist 100 = 1.339 | Final Dist 1000 = 1.536 | Init Dist = 2.236 | Init Dist 10 = 6.172 | Init Dist 100 = 6.111 | Init Dist 1000 = 5.817 | Learner Steps = 33713 | Learner Walltime = 6672.870 | Min Dist = 0.040 | Min Dist 10 = 0.077 | Min Dist 100 = 0.173 | Min Dist 1000 = 0.182 | Steps Per Second = 72.879 | Success = 1.000 | Success 1000 = 0.989
I0502 16:57:30.091626 139579566835264 terminal.py:91] [Evaluator] Actor Episodes = 43355 | Actor Steps = 2167750 | Delta Dist = 12.198 | Delta Dist 10 = 10.662 | Delta Dist 100 = 11.484 | Delta Dist 1000 = 11.588 | Episode Length = 50 | Episode Return = 21.0 | Evaluator Episodes = 10992 | Evaluator Steps = 549600 | Final Dist = 0.608 | Final Dist 10 = 2.144 | Final Dist 100 = 1.322 | Final Dist 1000 = 1.219 | Init Dist = 12.806 | Init Dist 10 = 12.806 | Init Dist 100 = 12.806 | Init Dist 1000 = 12.806 | Learner Steps = 33718 | Learner Walltime = 6674.115 | Min Dist = 0.158 | Min Dist 10 = 1.430 | Min Dist 100 = 0.653 | Min Dist 1000 = 0.564 | Steps Per Second = 84.569 | Success = 1.000 | Success 1000 = 0.925
I0502 16:57:30.178748 139555013154368 terminal.py:91] [Learner] Actor Episodes = 43353 | Actor Loss = 3.7196898460388184 | Actor Steps = 2167650 | Binary Accuracy = 0.9959988594055176 | Categorical Accuracy = 0.413818359375 | Critic Loss = 1.7976758480072021 | Entropy Mean = -19.450664520263672 | Evaluator Episodes = 10990 | Evaluator Steps = 549500 | Learner Steps = 33720 | Learner Walltime = 6674.375 | Logits Neg = -17.062538146972656 | Logits Pos = -1.7750229835510254 | Logsumexp = 1.1042805910110474 | Steps Per Second = 328.642
I0502 16:57:31.317569 139579566835264 terminal.py:91] [Evaluator] Actor Episodes = 43363 | Actor Steps = 2168150 | Delta Dist = 12.271 | Delta Dist 10 = 11.188 | Delta Dist 100 = 11.483 | Delta Dist 1000 = 11.593 | Episode Length = 50 | Episode Return = 29.0 | Evaluator Episodes = 10994 | Evaluator Steps = 549700 | Final Dist = 0.535 | Final Dist 10 = 1.618 | Final Dist 100 = 1.323 | Final Dist 1000 = 1.213 | Init Dist = 12.806 | Init Dist 10 = 12.806 | Init Dist 100 = 12.806 | Init Dist 1000 = 12.806 | Learner Steps = 33724 | Learner Walltime = 6675.281 | Min Dist = 0.162 | Min Dist 10 = 0.930 | Min Dist 100 = 0.652 | Min Dist 1000 = 0.558 | Steps Per Second = 84.440 | Success = 1.000 | Success 1000 = 0.926
I0502 16:57:32.025606 139555860620864 terminal.py:91] [Actor] Actor Episodes = 43364 | Actor Steps = 2168200 | Delta Dist = 3.376 | Delta Dist 10 = 3.337 | Delta Dist 100 = 4.433 | Delta Dist 1000 = 4.274 | Episode Length = 50 | Episode Return = 37.0 | Evaluator Episodes = 10992 | Evaluator Steps = 549600 | Final Dist = 0.867 | Final Dist 10 = 1.251 | Final Dist 100 = 1.327 | Final Dist 1000 = 1.514 | Init Dist = 4.243 | Init Dist 10 = 4.588 | Init Dist 100 = 5.761 | Init Dist 1000 = 5.788 | Learner Steps = 33724 | Learner Walltime = 6675.281 | Min Dist = 0.095 | Min Dist 10 = 0.048 | Min Dist 100 = 0.166 | Min Dist 1000 = 0.182 | Steps Per Second = 70.146 | Success = 1.000 | Success 1000 = 0.989
I0502 16:57:32.692634 139579566835264 terminal.py:91] [Evaluator] Actor Episodes = 43371 | Actor Steps = 2168550 | Delta Dist = 11.268 | Delta Dist 10 = 11.168 | Delta Dist 100 = 11.476 | Delta Dist 1000 = 11.592 | Episode Length = 50 | Episode Return = 0.0 | Evaluator Episodes = 10996 | Evaluator Steps = 549800 | Final Dist = 1.539 | Final Dist 10 = 1.638 | Final Dist 100 = 1.330 | Final Dist 1000 = 1.214 | Init Dist = 12.806 | Init Dist 10 = 12.806 | Init Dist 100 = 12.806 | Init Dist 1000 = 12.806 | Learner Steps = 33729 | Learner Walltime = 6676.441 | Min Dist = 1.325 | Min Dist 10 = 0.888 | Min Dist 100 = 0.655 | Min Dist 1000 = 0.559 | Steps Per Second = 77.981 | Success = 0.000 | Success 1000 = 0.925
I0502 16:57:32.779869 139583350109760 savers.py:156] Saving checkpoint: logs/contrastive_cpc_point_FourRooms_64/5dd72662-2788-11f0-b183-d85ed38c5779/checkpoints/learner
I0502 16:57:34.013328 139579566835264 terminal.py:91] [Evaluator] Actor Episodes = 43377 | Actor Steps = 2168850 | Delta Dist = 11.432 | Delta Dist 10 = 11.167 | Delta Dist 100 = 11.467 | Delta Dist 1000 = 11.591 | Episode Length = 50 | Episode Return = 5.0 | Evaluator Episodes = 10998 | Evaluator Steps = 549900 | Final Dist = 1.375 | Final Dist 10 = 1.639 | Final Dist 100 = 1.340 | Final Dist 1000 = 1.216 | Init Dist = 12.806 | Init Dist 10 = 12.806 | Init Dist 100 = 12.806 | Init Dist 1000 = 12.806 | Learner Steps = 33733 | Learner Walltime = 6677.697 | Min Dist = 0.459 | Min Dist 10 = 0.950 | Min Dist 100 = 0.656 | Min Dist 1000 = 0.561 | Steps Per Second = 69.004 | Success = 1.000 | Success 1000 = 0.924
I0502 16:57:35.629441 139579566835264 terminal.py:91] [Evaluator] Actor Episodes = 43388 | Actor Steps = 2169400 | Delta Dist = 4.014 | Delta Dist 10 = 11.220 | Delta Dist 100 = 11.467 | Delta Dist 1000 = 11.590 | Episode Length = 50 | Episode Return = 0.0 | Evaluator Episodes = 11000 | Evaluator Steps = 550000 | Final Dist = 8.792 | Final Dist 10 = 1.587 | Final Dist 100 = 1.339 | Final Dist 1000 = 1.216 | Init Dist = 12.806 | Init Dist 10 = 12.806 | Init Dist 100 = 12.806 | Init Dist 1000 = 12.806 | Learner Steps = 33741 | Learner Walltime = 6678.940 | Min Dist = 7.018 | Min Dist 10 = 0.930 | Min Dist 100 = 0.652 | Min Dist 1000 = 0.561 | Steps Per Second = 50.040 | Success = 0.000 | Success 1000 = 0.924
I0502 16:57:36.900016 139579566835264 terminal.py:91] [Evaluator] Actor Episodes = 43396 | Actor Steps = 2169800 | Delta Dist = 11.699 | Delta Dist 10 = 10.964 | Delta Dist 100 = 11.396 | Delta Dist 1000 = 11.583 | Episode Length = 50 | Episode Return = 3.0 | Evaluator Episodes = 11002 | Evaluator Steps = 550100 | Final Dist = 1.107 | Final Dist 10 = 1.842 | Final Dist 100 = 1.410 | Final Dist 1000 = 1.224 | Init Dist = 12.806 | Init Dist 10 = 12.806 | Init Dist 100 = 12.806 | Init Dist 1000 = 12.806 | Learner Steps = 33746 | Learner Walltime = 6680.118 | Min Dist = 0.284 | Min Dist 10 = 1.112 | Min Dist 100 = 0.719 | Min Dist 1000 = 0.568 | Steps Per Second = 77.977 | Success = 1.000 | Success 1000 = 0.923
I0502 16:57:37.452943 139584504182336 lp_utils.py:96] StepsLimiter: Reached 2170000 recorded steps
I0502 16:57:38.144358 139579566835264 terminal.py:91] [Evaluator] Actor Episodes = 43404 | Actor Steps = 2170200 | Delta Dist = 12.430 | Delta Dist 10 = 10.871 | Delta Dist 100 = 11.388 | Delta Dist 1000 = 11.583 | Episode Length = 50 | Episode Return = 25.0 | Evaluator Episodes = 11004 | Evaluator Steps = 550200 | Final Dist = 0.376 | Final Dist 10 = 1.936 | Final Dist 100 = 1.419 | Final Dist 1000 = 1.224 | Init Dist = 12.806 | Init Dist 10 = 12.806 | Init Dist 100 = 12.806 | Init Dist 1000 = 12.806 | Learner Steps = 33756 | Learner Walltime = 6682.269 | Min Dist = 0.079 | Min Dist 10 = 1.122 | Min Dist 100 = 0.719 | Min Dist 1000 = 0.568 | Steps Per Second = 80.314 | Success = 1.000 | Success 1000 = 0.923
I0502 16:57:38.585683 139569349502528 terminal.py:91] [Actor] Actor Episodes = 43403 | Actor Steps = 2170150 | Delta Dist = 8.455 | Delta Dist 10 = 5.106 | Delta Dist 100 = 4.662 | Delta Dist 1000 = 4.277 | Episode Length = 50 | Episode Return = 24.0 | Evaluator Episodes = 11002 | Evaluator Steps = 550100 | Final Dist = 0.089 | Final Dist 10 = 0.821 | Final Dist 100 = 0.944 | Final Dist 1000 = 1.490 | Init Dist = 8.544 | Init Dist 10 = 5.928 | Init Dist 100 = 5.605 | Init Dist 1000 = 5.767 | Learner Steps = 33751 | Learner Walltime = 6681.162 | Min Dist = 0.033 | Min Dist 10 = 0.057 | Min Dist 100 = 0.083 | Min Dist 1000 = 0.180 | Steps Per Second = 79.678 | Success = 1.000 | Success 1000 = 0.989
I0502 16:57:39.401447 139579566835264 terminal.py:91] [Evaluator] Actor Episodes = 43412 | Actor Steps = 2170600 | Delta Dist = 12.709 | Delta Dist 10 = 11.003 | Delta Dist 100 = 11.383 | Delta Dist 1000 = 11.589 | Episode Length = 50 | Episode Return = 24.0 | Evaluator Episodes = 11006 | Evaluator Steps = 550300 | Final Dist = 0.097 | Final Dist 10 = 1.804 | Final Dist 100 = 1.423 | Final Dist 1000 = 1.218 | Init Dist = 12.806 | Init Dist 10 = 12.806 | Init Dist 100 = 12.806 | Init Dist 1000 = 12.806 | Learner Steps = 33761 | Learner Walltime = 6683.374 | Min Dist = 0.068 | Min Dist 10 = 1.000 | Min Dist 100 = 0.718 | Min Dist 1000 = 0.563 | Steps Per Second = 78.775 | Success = 1.000 | Success 1000 = 0.924
I0502 16:57:39.434538 139558059398720 terminal.py:91] [Actor] Actor Episodes = 43414 | Actor Steps = 2170700 | Delta Dist = 2.839 | Delta Dist 10 = 5.157 | Delta Dist 100 = 4.687 | Delta Dist 1000 = 4.288 | Episode Length = 50 | Episode Return = 0.0 | Evaluator Episodes = 11006 | Evaluator Steps = 550300 | Final Dist = 5.705 | Final Dist 10 = 1.153 | Final Dist 100 = 0.988 | Final Dist 1000 = 1.486 | Init Dist = 8.544 | Init Dist 10 = 6.311 | Init Dist 100 = 5.675 | Init Dist 1000 = 5.774 | Learner Steps = 33761 | Learner Walltime = 6683.374 | Min Dist = 0.143 | Min Dist 10 = 0.092 | Min Dist 100 = 0.084 | Min Dist 1000 = 0.180 | Steps Per Second = 77.827 | Success = 1.000 | Success 1000 = 0.989
I0502 16:57:40.250885 139557462840896 terminal.py:91] [Actor] Actor Episodes = 43417 | Actor Steps = 2170850 | Delta Dist = 2.753 | Delta Dist 10 = 5.476 | Delta Dist 100 = 4.661 | Delta Dist 1000 = 4.279 | Episode Length = 50 | Episode Return = 39.0 | Evaluator Episodes = 11006 | Evaluator Steps = 550300 | Final Dist = 0.075 | Final Dist 10 = 1.614 | Final Dist 100 = 1.018 | Final Dist 1000 = 1.492 | Init Dist = 2.828 | Init Dist 10 = 7.090 | Init Dist 100 = 5.679 | Init Dist 1000 = 5.771 | Learner Steps = 33761 | Learner Walltime = 6683.374 | Min Dist = 0.037 | Min Dist 10 = 0.091 | Min Dist 100 = 0.087 | Min Dist 1000 = 0.179 | Steps Per Second = 88.044 | Success = 1.000 | Success 1000 = 0.989
I0502 16:57:40.567274 139555013154368 terminal.py:91] [Learner] Actor Episodes = 43418 | Actor Loss = 3.6454811096191406 | Actor Steps = 2170900 | Binary Accuracy = 0.9960494041442871 | Categorical Accuracy = 0.42498779296875 | Critic Loss = 1.7570466995239258 | Entropy Mean = -23.54245948791504 | Evaluator Episodes = 11006 | Evaluator Steps = 550300 | Learner Steps = 33768 | Learner Walltime = 6684.758 | Logits Neg = -17.37450408935547 | Logits Pos = -1.7298616170883179 | Logsumexp = 1.1224899291992188 | Steps Per Second = 131.730
I0502 16:57:40.624327 139579566835264 terminal.py:91] [Evaluator] Actor Episodes = 43420 | Actor Steps = 2171000 | Delta Dist = 12.119 | Delta Dist 10 = 10.627 | Delta Dist 100 = 11.332 | Delta Dist 1000 = 11.584 | Episode Length = 50 | Episode Return = 14.0 | Evaluator Episodes = 11008 | Evaluator Steps = 550400 | Final Dist = 0.688 | Final Dist 10 = 2.180 | Final Dist 100 = 1.475 | Final Dist 1000 = 1.222 | Init Dist = 12.806 | Init Dist 10 = 12.806 | Init Dist 100 = 12.806 | Init Dist 1000 = 12.806 | Learner Steps = 33768 | Learner Walltime = 6684.758 | Min Dist = 0.364 | Min Dist 10 = 1.483 | Min Dist 100 = 0.781 | Min Dist 1000 = 0.569 | Steps Per Second = 79.578 | Success = 1.000 | Success 1000 = 0.923
I0502 16:57:41.856292 139579566835264 terminal.py:91] [Evaluator] Actor Episodes = 43428 | Actor Steps = 2171400 | Delta Dist = 10.564 | Delta Dist 10 = 10.623 | Delta Dist 100 = 11.340 | Delta Dist 1000 = 11.585 | Episode Length = 50 | Episode Return = 9.0 | Evaluator Episodes = 11010 | Evaluator Steps = 550500 | Final Dist = 2.242 | Final Dist 10 = 2.183 | Final Dist 100 = 1.466 | Final Dist 1000 = 1.222 | Init Dist = 12.806 | Init Dist 10 = 12.806 | Init Dist 100 = 12.806 | Init Dist 1000 = 12.806 | Learner Steps = 33768 | Learner Walltime = 6684.758 | Min Dist = 0.539 | Min Dist 10 = 1.471 | Min Dist 100 = 0.777 | Min Dist 1000 = 0.568 | Steps Per Second = 78.349 | Success = 1.000 | Success 1000 = 0.923
I0502 16:57:42.471115 139555860620864 terminal.py:91] [Actor] Actor Episodes = 43429 | Actor Steps = 2171450 | Delta Dist = 4.641 | Delta Dist 10 = 5.843 | Delta Dist 100 = 4.765 | Delta Dist 1000 = 4.285 | Episode Length = 50 | Episode Return = 38.0 | Evaluator Episodes = 11008 | Evaluator Steps = 550400 | Final Dist = 1.190 | Final Dist 10 = 0.829 | Final Dist 100 = 0.901 | Final Dist 1000 = 1.476 | Init Dist = 5.831 | Init Dist 10 = 6.673 | Init Dist 100 = 5.666 | Init Dist 1000 = 5.761 | Learner Steps = 33768 | Learner Walltime = 6684.758 | Min Dist = 0.183 | Min Dist 10 = 0.062 | Min Dist 100 = 0.078 | Min Dist 1000 = 0.174 | Steps Per Second = 75.018 | Success = 1.000 | Success 1000 = 0.989
I0502 16:57:43.141708 139579566835264 terminal.py:91] [Evaluator] Actor Episodes = 43436 | Actor Steps = 2171800 | Delta Dist = 12.609 | Delta Dist 10 = 11.301 | Delta Dist 100 = 11.330 | Delta Dist 1000 = 11.583 | Episode Length = 50 | Episode Return = 19.0 | Evaluator Episodes = 11012 | Evaluator Steps = 550600 | Final Dist = 0.197 | Final Dist 10 = 1.505 | Final Dist 100 = 1.476 | Final Dist 1000 = 1.223 | Init Dist = 12.806 | Init Dist 10 = 12.806 | Init Dist 100 = 12.806 | Init Dist 1000 = 12.806 | Learner Steps = 33775 | Learner Walltime = 6686.091 | Min Dist = 0.027 | Min Dist 10 = 0.825 | Min Dist 100 = 0.782 | Min Dist 1000 = 0.569 | Steps Per Second = 81.729 | Success = 1.000 | Success 1000 = 0.923
I0502 16:57:44.509883 139579566835264 terminal.py:91] [Evaluator] Actor Episodes = 43444 | Actor Steps = 2172200 | Delta Dist = 12.223 | Delta Dist 10 = 11.408 | Delta Dist 100 = 11.334 | Delta Dist 1000 = 11.582 | Episode Length = 50 | Episode Return = 29.0 | Evaluator Episodes = 11014 | Evaluator Steps = 550700 | Final Dist = 0.583 | Final Dist 10 = 1.398 | Final Dist 100 = 1.472 | Final Dist 1000 = 1.224 | Init Dist = 12.806 | Init Dist 10 = 12.806 | Init Dist 100 = 12.806 | Init Dist 1000 = 12.806 | Learner Steps = 33786 | Learner Walltime = 6688.385 | Min Dist = 0.447 | Min Dist 10 = 0.802 | Min Dist 100 = 0.774 | Min Dist 1000 = 0.569 | Steps Per Second = 69.670 | Success = 1.000 | Success 1000 = 0.923
I0502 16:57:45.803860 139579566835264 terminal.py:91] [Evaluator] Actor Episodes = 43450 | Actor Steps = 2172500 | Delta Dist = 12.448 | Delta Dist 10 = 11.449 | Delta Dist 100 = 11.334 | Delta Dist 1000 = 11.582 | Episode Length = 50 | Episode Return = 12.0 | Evaluator Episodes = 11016 | Evaluator Steps = 550800 | Final Dist = 0.358 | Final Dist 10 = 1.358 | Final Dist 100 = 1.472 | Final Dist 1000 = 1.224 | Init Dist = 12.806 | Init Dist 10 = 12.806 | Init Dist 100 = 12.806 | Init Dist 1000 = 12.806 | Learner Steps = 33791 | Learner Walltime = 6689.466 | Min Dist = 0.092 | Min Dist 10 = 0.841 | Min Dist 100 = 0.778 | Min Dist 1000 = 0.569 | Steps Per Second = 72.218 | Success = 1.000 | Success 1000 = 0.923
I0502 16:57:46.989411 139579566835264 terminal.py:91] [Evaluator] Actor Episodes = 43458 | Actor Steps = 2172900 | Delta Dist = 11.460 | Delta Dist 10 = 12.016 | Delta Dist 100 = 11.336 | Delta Dist 1000 = 11.583 | Episode Length = 50 | Episode Return = 21.0 | Evaluator Episodes = 11018 | Evaluator Steps = 550900 | Final Dist = 1.346 | Final Dist 10 = 0.790 | Final Dist 100 = 1.471 | Final Dist 1000 = 1.223 | Init Dist = 12.806 | Init Dist 10 = 12.806 | Init Dist 100 = 12.806 | Init Dist 1000 = 12.806 | Learner Steps = 33796 | Learner Walltime = 6690.482 | Min Dist = 0.057 | Min Dist 10 = 0.211 | Min Dist 100 = 0.777 | Min Dist 1000 = 0.569 | Steps Per Second = 85.475 | Success = 1.000 | Success 1000 = 0.923
I0502 16:57:47.470716 139584504182336 lp_utils.py:96] StepsLimiter: Reached 2173200 recorded steps
I0502 16:57:48.223910 139579566835264 terminal.py:91] [Evaluator] Actor Episodes = 43464 | Actor Steps = 2173200 | Delta Dist = 11.437 | Delta Dist 10 = 11.983 | Delta Dist 100 = 11.328 | Delta Dist 1000 = 11.584 | Episode Length = 50 | Episode Return = 1.0 | Evaluator Episodes = 11020 | Evaluator Steps = 551000 | Final Dist = 1.369 | Final Dist 10 = 0.823 | Final Dist 100 = 1.479 | Final Dist 1000 = 1.223 | Init Dist = 12.806 | Init Dist 10 = 12.806 | Init Dist 100 = 12.806 | Init Dist 1000 = 12.806 | Learner Steps = 33801 | Learner Walltime = 6691.596 | Min Dist = 0.517 | Min Dist 10 = 0.215 | Min Dist 100 = 0.777 | Min Dist 1000 = 0.569 | Steps Per Second = 88.715 | Success = 1.000 | Success 1000 = 0.923
I0502 16:57:48.975274 139569349502528 terminal.py:91] [Actor] Actor Episodes = 43467 | Actor Steps = 2173350 | Delta Dist = 6.278 | Delta Dist 10 = 3.241 | Delta Dist 100 = 4.294 | Delta Dist 1000 = 4.231 | Episode Length = 50 | Episode Return = 25.0 | Evaluator Episodes = 11020 | Evaluator Steps = 551000 | Final Dist = 0.793 | Final Dist 10 = 1.194 | Final Dist 100 = 1.383 | Final Dist 1000 = 1.506 | Init Dist = 7.071 | Init Dist 10 = 4.435 | Init Dist 100 = 5.677 | Init Dist 1000 = 5.736 | Learner Steps = 33801 | Learner Walltime = 6691.596 | Min Dist = 0.044 | Min Dist 10 = 0.099 | Min Dist 100 = 0.069 | Min Dist 1000 = 0.174 | Steps Per Second = 71.455 | Success = 1.000 | Success 1000 = 0.989
I0502 16:57:49.579561 139579566835264 terminal.py:91] [Evaluator] Actor Episodes = 43472 | Actor Steps = 2173600 | Delta Dist = 12.693 | Delta Dist 10 = 12.039 | Delta Dist 100 = 11.328 | Delta Dist 1000 = 11.583 | Episode Length = 50 | Episode Return = 24.0 | Evaluator Episodes = 11022 | Evaluator Steps = 551100 | Final Dist = 0.113 | Final Dist 10 = 0.767 | Final Dist 100 = 1.478 | Final Dist 1000 = 1.223 | Init Dist = 12.806 | Init Dist 10 = 12.806 | Init Dist 100 = 12.806 | Init Dist 1000 = 12.806 | Learner Steps = 33807 | Learner Walltime = 6692.726 | Min Dist = 0.063 | Min Dist 10 = 0.212 | Min Dist 100 = 0.780 | Min Dist 1000 = 0.568 | Steps Per Second = 75.847 | Success = 1.000 | Success 1000 = 0.923
I0502 16:57:50.040476 139558059398720 terminal.py:91] [Actor] Actor Episodes = 43480 | Actor Steps = 2174000 | Delta Dist = 1.985 | Delta Dist 10 = 2.883 | Delta Dist 100 = 4.119 | Delta Dist 1000 = 4.227 | Episode Length = 50 | Episode Return = 31.0 | Evaluator Episodes = 11022 | Evaluator Steps = 551100 | Final Dist = 1.621 | Final Dist 10 = 2.012 | Final Dist 100 = 1.484 | Final Dist 1000 = 1.517 | Init Dist = 3.606 | Init Dist 10 = 4.895 | Init Dist 100 = 5.603 | Init Dist 1000 = 5.744 | Learner Steps = 33812 | Learner Walltime = 6693.887 | Min Dist = 0.280 | Min Dist 10 = 1.080 | Min Dist 100 = 0.165 | Min Dist 1000 = 0.184 | Steps Per Second = 77.761 | Success = 1.000 | Success 1000 = 0.989
I0502 16:57:50.586196 139555013154368 terminal.py:91] [Learner] Actor Episodes = 43474 | Actor Loss = 3.7094593048095703 | Actor Steps = 2173700 | Binary Accuracy = 0.9960248470306396 | Categorical Accuracy = 0.41986083984375 | Critic Loss = 1.7777225971221924 | Entropy Mean = -22.702590942382812 | Evaluator Episodes = 11022 | Evaluator Steps = 551100 | Learner Steps = 33816 | Learner Walltime = 6694.784 | Logits Neg = -17.316810607910156 | Logits Pos = -1.7777578830718994 | Logsumexp = 1.1574403047561646 | Steps Per Second = 315.563
I0502 16:57:50.634213 139557462840896 terminal.py:91] [Actor] Actor Episodes = 43479 | Actor Steps = 2173950 | Delta Dist = 6.949 | Delta Dist 10 = 2.941 | Delta Dist 100 = 4.104 | Delta Dist 1000 = 4.232 | Episode Length = 50 | Episode Return = 24.0 | Evaluator Episodes = 11022 | Evaluator Steps = 551100 | Final Dist = 0.122 | Final Dist 10 = 1.569 | Final Dist 100 = 1.426 | Final Dist 1000 = 1.516 | Init Dist = 7.071 | Init Dist 10 = 4.510 | Init Dist 100 = 5.529 | Init Dist 1000 = 5.748 | Learner Steps = 33812 | Learner Walltime = 6693.887 | Min Dist = 0.032 | Min Dist 10 = 1.084 | Min Dist 100 = 0.166 | Min Dist 1000 = 0.184 | Steps Per Second = 81.062 | Success = 1.000 | Success 1000 = 0.989
I0502 16:57:50.841269 139579566835264 terminal.py:91] [Evaluator] Actor Episodes = 43480 | Actor Steps = 2174000 | Delta Dist = 12.614 | Delta Dist 10 = 12.097 | Delta Dist 100 = 11.330 | Delta Dist 1000 = 11.584 | Episode Length = 50 | Episode Return = 26.0 | Evaluator Episodes = 11024 | Evaluator Steps = 551200 | Final Dist = 0.192 | Final Dist 10 = 0.709 | Final Dist 100 = 1.477 | Final Dist 1000 = 1.222 | Init Dist = 12.806 | Init Dist 10 = 12.806 | Init Dist 100 = 12.806 | Init Dist 1000 = 12.806 | Learner Steps = 33812 | Learner Walltime = 6693.887 | Min Dist = 0.133 | Min Dist 10 = 0.227 | Min Dist 100 = 0.779 | Min Dist 1000 = 0.568 | Steps Per Second = 76.321 | Success = 1.000 | Success 1000 = 0.923
I0502 16:57:52.153539 139579566835264 terminal.py:91] [Evaluator] Actor Episodes = 43488 | Actor Steps = 2174400 | Delta Dist = 12.189 | Delta Dist 10 = 12.053 | Delta Dist 100 = 11.333 | Delta Dist 1000 = 11.583 | Episode Length = 50 | Episode Return = 25.0 | Evaluator Episodes = 11026 | Evaluator Steps = 551300 | Final Dist = 0.617 | Final Dist 10 = 0.753 | Final Dist 100 = 1.474 | Final Dist 1000 = 1.223 | Init Dist = 12.806 | Init Dist 10 = 12.806 | Init Dist 100 = 12.806 | Init Dist 1000 = 12.806 | Learner Steps = 33824 | Learner Walltime = 6696.268 | Min Dist = 0.213 | Min Dist 10 = 0.248 | Min Dist 100 = 0.784 | Min Dist 1000 = 0.569 | Steps Per Second = 77.992 | Success = 1.000 | Success 1000 = 0.923
I0502 16:57:52.541064 139555860620864 terminal.py:91] [Actor] Actor Episodes = 43492 | Actor Steps = 2174600 | Delta Dist = 5.977 | Delta Dist 10 = 5.353 | Delta Dist 100 = 4.224 | Delta Dist 1000 = 4.249 | Episode Length = 50 | Episode Return = 4.0 | Evaluator Episodes = 11026 | Evaluator Steps = 551300 | Final Dist = 0.347 | Final Dist 10 = 0.789 | Final Dist 100 = 1.450 | Final Dist 1000 = 1.509 | Init Dist = 6.325 | Init Dist 10 = 6.142 | Init Dist 100 = 5.674 | Init Dist 1000 = 5.758 | Learner Steps = 33824 | Learner Walltime = 6696.268 | Min Dist = 0.108 | Min Dist 10 = 0.111 | Min Dist 100 = 0.172 | Min Dist 1000 = 0.184 | Steps Per Second = 73.554 | Success = 1.000 | Success 1000 = 0.989
I0502 16:57:53.368770 139579566835264 terminal.py:91] [Evaluator] Actor Episodes = 43496 | Actor Steps = 2174800 | Delta Dist = 11.935 | Delta Dist 10 = 12.007 | Delta Dist 100 = 11.353 | Delta Dist 1000 = 11.583 | Episode Length = 50 | Episode Return = 8.0 | Evaluator Episodes = 11028 | Evaluator Steps = 551400 | Final Dist = 0.871 | Final Dist 10 = 0.799 | Final Dist 100 = 1.454 | Final Dist 1000 = 1.223 | Init Dist = 12.806 | Init Dist 10 = 12.806 | Init Dist 100 = 12.806 | Init Dist 1000 = 12.806 | Learner Steps = 33829 | Learner Walltime = 6697.520 | Min Dist = 0.576 | Min Dist 10 = 0.258 | Min Dist 100 = 0.786 | Min Dist 1000 = 0.568 | Steps Per Second = 84.809 | Success = 1.000 | Success 1000 = 0.923
I0502 16:57:54.685480 139579566835264 terminal.py:91] [Evaluator] Actor Episodes = 43504 | Actor Steps = 2175200 | Delta Dist = 12.740 | Delta Dist 10 = 12.041 | Delta Dist 100 = 11.354 | Delta Dist 1000 = 11.586 | Episode Length = 50 | Episode Return = 26.0 | Evaluator Episodes = 11030 | Evaluator Steps = 551500 | Final Dist = 0.066 | Final Dist 10 = 0.765 | Final Dist 100 = 1.452 | Final Dist 1000 = 1.220 | Init Dist = 12.806 | Init Dist 10 = 12.806 | Init Dist 100 = 12.806 | Init Dist 1000 = 12.806 | Learner Steps = 33834 | Learner Walltime = 6698.524 | Min Dist = 0.024 | Min Dist 10 = 0.305 | Min Dist 100 = 0.786 | Min Dist 1000 = 0.565 | Steps Per Second = 72.822 | Success = 1.000 | Success 1000 = 0.924
I0502 16:57:55.984483 139579566835264 terminal.py:91] [Evaluator] Actor Episodes = 43512 | Actor Steps = 2175600 | Delta Dist = 12.298 | Delta Dist 10 = 12.153 | Delta Dist 100 = 11.363 | Delta Dist 1000 = 11.588 | Episode Length = 50 | Episode Return = 28.0 | Evaluator Episodes = 11032 | Evaluator Steps = 551600 | Final Dist = 0.508 | Final Dist 10 = 0.653 | Final Dist 100 = 1.443 | Final Dist 1000 = 1.219 | Init Dist = 12.806 | Init Dist 10 = 12.806 | Init Dist 100 = 12.806 | Init Dist 1000 = 12.806 | Learner Steps = 33839 | Learner Walltime = 6699.638 | Min Dist = 0.289 | Min Dist 10 = 0.282 | Min Dist 100 = 0.778 | Min Dist 1000 = 0.564 | Steps Per Second = 79.793 | Success = 1.000 | Success 1000 = 0.924
I0502 16:57:57.319154 139579566835264 terminal.py:91] [Evaluator] Actor Episodes = 43520 | Actor Steps = 2176000 | Delta Dist = 12.393 | Delta Dist 10 = 12.114 | Delta Dist 100 = 11.372 | Delta Dist 1000 = 11.588 | Episode Length = 50 | Episode Return = 16.0 | Evaluator Episodes = 11034 | Evaluator Steps = 551700 | Final Dist = 0.413 | Final Dist 10 = 0.693 | Final Dist 100 = 1.434 | Final Dist 1000 = 1.218 | Init Dist = 12.806 | Init Dist 10 = 12.806 | Init Dist 100 = 12.806 | Init Dist 1000 = 12.806 | Learner Steps = 33845 | Learner Walltime = 6700.923 | Min Dist = 0.112 | Min Dist 10 = 0.302 | Min Dist 100 = 0.777 | Min Dist 1000 = 0.565 | Steps Per Second = 77.680 | Success = 1.000 | Success 1000 = 0.924
I0502 16:57:57.486565 139584504182336 lp_utils.py:96] StepsLimiter: Reached 2176000 recorded steps
I0502 16:57:58.645545 139579566835264 terminal.py:91] [Evaluator] Actor Episodes = 43528 | Actor Steps = 2176400 | Delta Dist = 11.432 | Delta Dist 10 = 12.130 | Delta Dist 100 = 11.372 | Delta Dist 1000 = 11.588 | Episode Length = 50 | Episode Return = 20.0 | Evaluator Episodes = 11036 | Evaluator Steps = 551800 | Final Dist = 1.374 | Final Dist 10 = 0.676 | Final Dist 100 = 1.435 | Final Dist 1000 = 1.218 | Init Dist = 12.806 | Init Dist 10 = 12.806 | Init Dist 100 = 12.806 | Init Dist 1000 = 12.806 | Learner Steps = 33850 | Learner Walltime = 6701.985 | Min Dist = 0.596 | Min Dist 10 = 0.249 | Min Dist 100 = 0.776 | Min Dist 1000 = 0.565 | Steps Per Second = 77.430 | Success = 1.000 | Success 1000 = 0.924
I0502 16:57:59.598988 139569349502528 terminal.py:91] [Actor] Actor Episodes = 43531 | Actor Steps = 2176550 | Delta Dist = 3.749 | Delta Dist 10 = 3.422 | Delta Dist 100 = 3.828 | Delta Dist 1000 = 4.254 | Episode Length = 50 | Episode Return = 20.0 | Evaluator Episodes = 11036 | Evaluator Steps = 551800 | Final Dist = 0.251 | Final Dist 10 = 0.839 | Final Dist 100 = 1.562 | Final Dist 1000 = 1.490 | Init Dist = 4.000 | Init Dist 10 = 4.261 | Init Dist 100 = 5.390 | Init Dist 1000 = 5.745 | Learner Steps = 33855 | Learner Walltime = 6702.997 | Min Dist = 0.021 | Min Dist 10 = 0.052 | Min Dist 100 = 0.180 | Min Dist 1000 = 0.182 | Steps Per Second = 70.720 | Success = 1.000 | Success 1000 = 0.989
I0502 16:57:59.916898 139579566835264 terminal.py:91] [Evaluator] Actor Episodes = 43536 | Actor Steps = 2176800 | Delta Dist = 11.412 | Delta Dist 10 = 12.079 | Delta Dist 100 = 11.364 | Delta Dist 1000 = 11.588 | Episode Length = 50 | Episode Return = 23.0 | Evaluator Episodes = 11038 | Evaluator Steps = 551900 | Final Dist = 1.394 | Final Dist 10 = 0.727 | Final Dist 100 = 1.443 | Final Dist 1000 = 1.218 | Init Dist = 12.806 | Init Dist 10 = 12.806 | Init Dist 100 = 12.806 | Init Dist 1000 = 12.806 | Learner Steps = 33855 | Learner Walltime = 6702.997 | Min Dist = 0.445 | Min Dist 10 = 0.296 | Min Dist 100 = 0.782 | Min Dist 1000 = 0.565 | Steps Per Second = 77.384 | Success = 1.000 | Success 1000 = 0.924
I0502 16:58:00.626414 139558059398720 terminal.py:91] [Actor] Actor Episodes = 43542 | Actor Steps = 2177100 | Delta Dist = 2.728 | Delta Dist 10 = 4.774 | Delta Dist 100 = 4.018 | Delta Dist 1000 = 4.253 | Episode Length = 50 | Episode Return = 21.0 | Evaluator Episodes = 11038 | Evaluator Steps = 551900 | Final Dist = 0.434 | Final Dist 10 = 1.446 | Final Dist 100 = 1.369 | Final Dist 1000 = 1.493 | Init Dist = 3.162 | Init Dist 10 = 6.220 | Init Dist 100 = 5.386 | Init Dist 1000 = 5.746 | Learner Steps = 33861 | Learner Walltime = 6704.227 | Min Dist = 0.108 | Min Dist 10 = 0.082 | Min Dist 100 = 0.176 | Min Dist 1000 = 0.182 | Steps Per Second = 70.742 | Success = 1.000 | Success 1000 = 0.989
I0502 16:58:00.684361 139555013154368 terminal.py:91] [Learner] Actor Episodes = 43536 | Actor Loss = 3.6431469917297363 | Actor Steps = 2176800 | Binary Accuracy = 0.9960367679595947 | Categorical Accuracy = 0.42156982421875 | Critic Loss = 1.7618701457977295 | Entropy Mean = -21.858043670654297 | Evaluator Episodes = 11038 | Evaluator Steps = 551900 | Learner Steps = 33863 | Learner Walltime = 6704.882 | Logits Neg = -17.30908203125 | Logits Pos = -1.7405564785003662 | Logsumexp = 1.1269557476043701 | Steps Per Second = 110.141
I0502 16:58:01.251293 139579566835264 terminal.py:91] [Evaluator] Actor Episodes = 43544 | Actor Steps = 2177200 | Delta Dist = 11.230 | Delta Dist 10 = 12.013 | Delta Dist 100 = 11.371 | Delta Dist 1000 = 11.586 | Episode Length = 50 | Episode Return = 19.0 | Evaluator Episodes = 11040 | Evaluator Steps = 552000 | Final Dist = 1.576 | Final Dist 10 = 0.793 | Final Dist 100 = 1.435 | Final Dist 1000 = 1.220 | Init Dist = 12.806 | Init Dist 10 = 12.806 | Init Dist 100 = 12.806 | Init Dist 1000 = 12.806 | Learner Steps = 33861 | Learner Walltime = 6704.227 | Min Dist = 0.430 | Min Dist 10 = 0.295 | Min Dist 100 = 0.773 | Min Dist 1000 = 0.566 | Steps Per Second = 72.919 | Success = 1.000 | Success 1000 = 0.924
I0502 16:58:01.310098 139557462840896 terminal.py:91] [Actor] Actor Episodes = 43541 | Actor Steps = 2177050 | Delta Dist = 8.915 | Delta Dist 10 = 4.924 | Delta Dist 100 = 4.231 | Delta Dist 1000 = 4.253 | Episode Length = 50 | Episode Return = 47.0 | Evaluator Episodes = 11038 | Evaluator Steps = 551900 | Final Dist = 0.305 | Final Dist 10 = 0.842 | Final Dist 100 = 1.160 | Final Dist 1000 = 1.490 | Init Dist = 9.220 | Init Dist 10 = 5.766 | Init Dist 100 = 5.392 | Init Dist 1000 = 5.743 | Learner Steps = 33861 | Learner Walltime = 6704.227 | Min Dist = 0.017 | Min Dist 10 = 0.072 | Min Dist 100 = 0.178 | Min Dist 1000 = 0.182 | Steps Per Second = 66.600 | Success = 1.000 | Success 1000 = 0.989
I0502 16:58:02.577544 139579566835264 terminal.py:91] [Evaluator] Actor Episodes = 43552 | Actor Steps = 2177600 | Delta Dist = 11.467 | Delta Dist 10 = 11.843 | Delta Dist 100 = 11.420 | Delta Dist 1000 = 11.585 | Episode Length = 50 | Episode Return = 16.0 | Evaluator Episodes = 11042 | Evaluator Steps = 552100 | Final Dist = 1.339 | Final Dist 10 = 0.963 | Final Dist 100 = 1.387 | Final Dist 1000 = 1.221 | Init Dist = 12.806 | Init Dist 10 = 12.806 | Init Dist 100 = 12.806 | Init Dist 1000 = 12.806 | Learner Steps = 33866 | Learner Walltime = 6705.669 | Min Dist = 0.072 | Min Dist 10 = 0.354 | Min Dist 100 = 0.720 | Min Dist 1000 = 0.566 | Steps Per Second = 76.048 | Success = 1.000 | Success 1000 = 0.924
I0502 16:58:02.728437 139555860620864 terminal.py:91] [Actor] Actor Episodes = 43553 | Actor Steps = 2177650 | Delta Dist = 3.994 | Delta Dist 10 = 4.658 | Delta Dist 100 = 4.306 | Delta Dist 1000 = 4.247 | Episode Length = 50 | Episode Return = 37.0 | Evaluator Episodes = 11040 | Evaluator Steps = 552000 | Final Dist = 0.249 | Final Dist 10 = 1.124 | Final Dist 100 = 1.094 | Final Dist 1000 = 1.485 | Init Dist = 4.243 | Init Dist 10 = 5.783 | Init Dist 100 = 5.399 | Init Dist 1000 = 5.732 | Learner Steps = 33866 | Learner Walltime = 6705.669 | Min Dist = 0.249 | Min Dist 10 = 0.304 | Min Dist 100 = 0.204 | Min Dist 1000 = 0.183 | Steps Per Second = 72.536 | Success = 1.000 | Success 1000 = 0.990
I0502 16:58:03.749674 139579566835264 terminal.py:91] [Evaluator] Actor Episodes = 43560 | Actor Steps = 2178000 | Delta Dist = 10.625 | Delta Dist 10 = 11.732 | Delta Dist 100 = 11.409 | Delta Dist 1000 = 11.585 | Episode Length = 50 | Episode Return = 0.0 | Evaluator Episodes = 11044 | Evaluator Steps = 552200 | Final Dist = 2.181 | Final Dist 10 = 1.074 | Final Dist 100 = 1.397 | Final Dist 1000 = 1.221 | Init Dist = 12.806 | Init Dist 10 = 12.806 | Init Dist 100 = 12.806 | Init Dist 1000 = 12.806 | Learner Steps = 33872 | Learner Walltime = 6706.959 | Min Dist = 1.044 | Min Dist 10 = 0.363 | Min Dist 100 = 0.723 | Min Dist 1000 = 0.566 | Steps Per Second = 83.356 | Success = 0.000 | Success 1000 = 0.924
I0502 16:58:05.021217 139579566835264 terminal.py:91] [Evaluator] Actor Episodes = 43568 | Actor Steps = 2178400 | Delta Dist = 11.838 | Delta Dist 10 = 11.566 | Delta Dist 100 = 11.404 | Delta Dist 1000 = 11.583 | Episode Length = 50 | Episode Return = 6.0 | Evaluator Episodes = 11046 | Evaluator Steps = 552300 | Final Dist = 0.968 | Final Dist 10 = 1.241 | Final Dist 100 = 1.403 | Final Dist 1000 = 1.223 | Init Dist = 12.806 | Init Dist 10 = 12.806 | Init Dist 100 = 12.806 | Init Dist 1000 = 12.806 | Learner Steps = 33878 | Learner Walltime = 6708.007 | Min Dist = 0.632 | Min Dist 10 = 0.450 | Min Dist 100 = 0.727 | Min Dist 1000 = 0.567 | Steps Per Second = 78.390 | Success = 1.000 | Success 1000 = 0.923
I0502 16:58:06.181408 139579566835264 terminal.py:91] [Evaluator] Actor Episodes = 43576 | Actor Steps = 2178800 | Delta Dist = 11.842 | Delta Dist 10 = 11.484 | Delta Dist 100 = 11.404 | Delta Dist 1000 = 11.582 | Episode Length = 50 | Episode Return = 3.0 | Evaluator Episodes = 11048 | Evaluator Steps = 552400 | Final Dist = 0.964 | Final Dist 10 = 1.322 | Final Dist 100 = 1.402 | Final Dist 1000 = 1.224 | Init Dist = 12.806 | Init Dist 10 = 12.806 | Init Dist 100 = 12.806 | Init Dist 1000 = 12.806 | Learner Steps = 33884 | Learner Walltime = 6709.282 | Min Dist = 0.816 | Min Dist 10 = 0.434 | Min Dist 100 = 0.729 | Min Dist 1000 = 0.567 | Steps Per Second = 94.000 | Success = 1.000 | Success 1000 = 0.923
I0502 16:58:07.426853 139579566835264 terminal.py:91] [Evaluator] Actor Episodes = 43584 | Actor Steps = 2179200 | Delta Dist = 12.594 | Delta Dist 10 = 11.536 | Delta Dist 100 = 11.463 | Delta Dist 1000 = 11.582 | Episode Length = 50 | Episode Return = 26.0 | Evaluator Episodes = 11050 | Evaluator Steps = 552500 | Final Dist = 0.213 | Final Dist 10 = 1.270 | Final Dist 100 = 1.343 | Final Dist 1000 = 1.224 | Init Dist = 12.806 | Init Dist 10 = 12.806 | Init Dist 100 = 12.806 | Init Dist 1000 = 12.806 | Learner Steps = 33891 | Learner Walltime = 6710.689 | Min Dist = 0.213 | Min Dist 10 = 0.472 | Min Dist 100 = 0.683 | Min Dist 1000 = 0.568 | Steps Per Second = 79.188 | Success = 1.000 | Success 1000 = 0.923
I0502 16:58:07.510814 139584504182336 lp_utils.py:96] StepsLimiter: Reached 2179200 recorded steps
I0502 16:58:08.699498 139579566835264 terminal.py:91] [Evaluator] Actor Episodes = 43592 | Actor Steps = 2179600 | Delta Dist = 11.377 | Delta Dist 10 = 11.626 | Delta Dist 100 = 11.475 | Delta Dist 1000 = 11.582 | Episode Length = 50 | Episode Return = 0.0 | Evaluator Episodes = 11052 | Evaluator Steps = 552600 | Final Dist = 1.429 | Final Dist 10 = 1.181 | Final Dist 100 = 1.332 | Final Dist 1000 = 1.225 | Init Dist = 12.806 | Init Dist 10 = 12.806 | Init Dist 100 = 12.806 | Init Dist 1000 = 12.806 | Learner Steps = 33897 | Learner Walltime = 6711.837 | Min Dist = 1.006 | Min Dist 10 = 0.411 | Min Dist 100 = 0.677 | Min Dist 1000 = 0.568 | Steps Per Second = 86.998 | Success = 0.000 | Success 1000 = 0.923
I0502 16:58:09.966585 139579566835264 terminal.py:91] [Evaluator] Actor Episodes = 43600 | Actor Steps = 2180000 | Delta Dist = 12.152 | Delta Dist 10 = 11.682 | Delta Dist 100 = 11.479 | Delta Dist 1000 = 11.583 | Episode Length = 50 | Episode Return = 29.0 | Evaluator Episodes = 11054 | Evaluator Steps = 552700 | Final Dist = 0.654 | Final Dist 10 = 1.124 | Final Dist 100 = 1.327 | Final Dist 1000 = 1.223 | Init Dist = 12.806 | Init Dist 10 = 12.806 | Init Dist 100 = 12.806 | Init Dist 1000 = 12.806 | Learner Steps = 33903 | Learner Walltime = 6713.200 | Min Dist = 0.281 | Min Dist 10 = 0.484 | Min Dist 100 = 0.683 | Min Dist 1000 = 0.569 | Steps Per Second = 76.741 | Success = 1.000 | Success 1000 = 0.922
I0502 16:58:10.140316 139569349502528 terminal.py:91] [Actor] Actor Episodes = 43597 | Actor Steps = 2179850 | Delta Dist = 7.265 | Delta Dist 10 = 4.501 | Delta Dist 100 = 4.626 | Delta Dist 1000 = 4.258 | Episode Length = 50 | Episode Return = 17.0 | Evaluator Episodes = 11052 | Evaluator Steps = 552600 | Final Dist = 0.797 | Final Dist 10 = 2.788 | Final Dist 100 = 1.619 | Final Dist 1000 = 1.517 | Init Dist = 8.062 | Init Dist 10 = 7.289 | Init Dist 100 = 6.245 | Init Dist 1000 = 5.776 | Learner Steps = 33903 | Learner Walltime = 6713.200 | Min Dist = 0.076 | Min Dist 10 = 0.427 | Min Dist 100 = 0.181 | Min Dist 1000 = 0.184 | Steps Per Second = 90.978 | Success = 1.000 | Success 1000 = 0.989
I0502 16:58:10.847750 139555013154368 terminal.py:91] [Learner] Actor Episodes = 43600 | Actor Loss = 3.606532573699951 | Actor Steps = 2180000 | Binary Accuracy = 0.9960741996765137 | Categorical Accuracy = 0.42449951171875 | Critic Loss = 1.7817317247390747 | Entropy Mean = -22.802074432373047 | Evaluator Episodes = 11054 | Evaluator Steps = 552700 | Learner Steps = 33913 | Learner Walltime = 6715.046 | Logits Neg = -17.214599609375 | Logits Pos = -1.7944269180297852 | Logsumexp = 1.1253063678741455 | Steps Per Second = 189.388
I0502 16:58:10.933259 139558059398720 terminal.py:91] [Actor] Actor Episodes = 43606 | Actor Steps = 2180300 | Delta Dist = -1.592 | Delta Dist 10 = 4.610 | Delta Dist 100 = 4.657 | Delta Dist 1000 = 4.277 | Episode Length = 50 | Episode Return = 34.0 | Evaluator Episodes = 11054 | Evaluator Steps = 552700 | Final Dist = 4.754 | Final Dist 10 = 2.683 | Final Dist 100 = 1.624 | Final Dist 1000 = 1.513 | Init Dist = 3.162 | Init Dist 10 = 7.293 | Init Dist 100 = 6.281 | Init Dist 1000 = 5.789 | Learner Steps = 33910 | Learner Walltime = 6714.405 | Min Dist = 0.027 | Min Dist 10 = 0.671 | Min Dist 100 = 0.239 | Min Dist 1000 = 0.185 | Steps Per Second = 81.308 | Success = 1.000 | Success 1000 = 0.989
I0502 16:58:11.147217 139579566835264 terminal.py:91] [Evaluator] Actor Episodes = 43608 | Actor Steps = 2180400 | Delta Dist = 11.637 | Delta Dist 10 = 11.296 | Delta Dist 100 = 11.483 | Delta Dist 1000 = 11.577 | Episode Length = 50 | Episode Return = 9.0 | Evaluator Episodes = 11056 | Evaluator Steps = 552800 | Final Dist = 1.169 | Final Dist 10 = 1.510 | Final Dist 100 = 1.323 | Final Dist 1000 = 1.229 | Init Dist = 12.806 | Init Dist 10 = 12.806 | Init Dist 100 = 12.806 | Init Dist 1000 = 12.806 | Learner Steps = 33910 | Learner Walltime = 6714.405 | Min Dist = 0.821 | Min Dist 10 = 0.913 | Min Dist 100 = 0.676 | Min Dist 1000 = 0.574 | Steps Per Second = 92.570 | Success = 1.000 | Success 1000 = 0.921
I0502 16:58:11.606467 139557462840896 terminal.py:91] [Actor] Actor Episodes = 43609 | Actor Steps = 2180450 | Delta Dist = 1.830 | Delta Dist 10 = 5.520 | Delta Dist 100 = 4.730 | Delta Dist 1000 = 4.281 | Episode Length = 50 | Episode Return = 33.0 | Evaluator Episodes = 11054 | Evaluator Steps = 552700 | Final Dist = 0.406 | Final Dist 10 = 1.468 | Final Dist 100 = 1.504 | Final Dist 1000 = 1.507 | Init Dist = 2.236 | Init Dist 10 = 6.988 | Init Dist 100 = 6.233 | Init Dist 1000 = 5.788 | Learner Steps = 33910 | Learner Walltime = 6714.405 | Min Dist = 0.047 | Min Dist 10 = 0.644 | Min Dist 100 = 0.233 | Min Dist 1000 = 0.184 | Steps Per Second = 79.571 | Success = 1.000 | Success 1000 = 0.989
I0502 16:58:12.317021 139579566835264 terminal.py:91] [Evaluator] Actor Episodes = 43616 | Actor Steps = 2180800 | Delta Dist = 11.630 | Delta Dist 10 = 11.350 | Delta Dist 100 = 11.486 | Delta Dist 1000 = 11.577 | Episode Length = 50 | Episode Return = 20.0 | Evaluator Episodes = 11058 | Evaluator Steps = 552900 | Final Dist = 1.177 | Final Dist 10 = 1.456 | Final Dist 100 = 1.321 | Final Dist 1000 = 1.229 | Init Dist = 12.806 | Init Dist 10 = 12.806 | Init Dist 100 = 12.806 | Init Dist 1000 = 12.806 | Learner Steps = 33916 | Learner Walltime = 6715.607 | Min Dist = 0.134 | Min Dist 10 = 0.991 | Min Dist 100 = 0.676 | Min Dist 1000 = 0.574 | Steps Per Second = 86.344 | Success = 1.000 | Success 1000 = 0.921
I0502 16:58:13.119945 139555860620864 terminal.py:91] [Actor] Actor Episodes = 43618 | Actor Steps = 2180900 | Delta Dist = 9.078 | Delta Dist 10 = 4.351 | Delta Dist 100 = 4.645 | Delta Dist 1000 = 4.273 | Episode Length = 50 | Episode Return = 26.0 | Evaluator Episodes = 11058 | Evaluator Steps = 552900 | Final Dist = 1.120 | Final Dist 10 = 1.275 | Final Dist 100 = 1.543 | Final Dist 1000 = 1.511 | Init Dist = 10.198 | Init Dist 10 = 5.625 | Init Dist 100 = 6.188 | Init Dist 1000 = 5.785 | Learner Steps = 33922 | Learner Walltime = 6716.950 | Min Dist = 0.027 | Min Dist 10 = 0.046 | Min Dist 100 = 0.226 | Min Dist 1000 = 0.184 | Steps Per Second = 78.698 | Success = 1.000 | Success 1000 = 0.990
I0502 16:58:13.578314 139579566835264 terminal.py:91] [Evaluator] Actor Episodes = 43624 | Actor Steps = 2181200 | Delta Dist = 11.905 | Delta Dist 10 = 11.308 | Delta Dist 100 = 11.490 | Delta Dist 1000 = 11.577 | Episode Length = 50 | Episode Return = 12.0 | Evaluator Episodes = 11060 | Evaluator Steps = 553000 | Final Dist = 0.901 | Final Dist 10 = 1.498 | Final Dist 100 = 1.316 | Final Dist 1000 = 1.229 | Init Dist = 12.806 | Init Dist 10 = 12.806 | Init Dist 100 = 12.806 | Init Dist 1000 = 12.806 | Learner Steps = 33922 | Learner Walltime = 6716.950 | Min Dist = 0.625 | Min Dist 10 = 0.977 | Min Dist 100 = 0.683 | Min Dist 1000 = 0.575 | Steps Per Second = 81.846 | Success = 1.000 | Success 1000 = 0.920
I0502 16:58:14.775314 139579566835264 terminal.py:91] [Evaluator] Actor Episodes = 43630 | Actor Steps = 2181500 | Delta Dist = 11.402 | Delta Dist 10 = 11.234 | Delta Dist 100 = 11.488 | Delta Dist 1000 = 11.576 | Episode Length = 50 | Episode Return = 5.0 | Evaluator Episodes = 11062 | Evaluator Steps = 553100 | Final Dist = 1.405 | Final Dist 10 = 1.572 | Final Dist 100 = 1.318 | Final Dist 1000 = 1.231 | Init Dist = 12.806 | Init Dist 10 = 12.806 | Init Dist 100 = 12.806 | Init Dist 1000 = 12.806 | Learner Steps = 33928 | Learner Walltime = 6718.088 | Min Dist = 0.697 | Min Dist 10 = 1.045 | Min Dist 100 = 0.691 | Min Dist 1000 = 0.576 | Steps Per Second = 88.017 | Success = 1.000 | Success 1000 = 0.920
I0502 16:58:16.080159 139579566835264 terminal.py:91] [Evaluator] Actor Episodes = 43636 | Actor Steps = 2181800 | Delta Dist = 11.650 | Delta Dist 10 = 11.164 | Delta Dist 100 = 11.482 | Delta Dist 1000 = 11.575 | Episode Length = 50 | Episode Return = 23.0 | Evaluator Episodes = 11064 | Evaluator Steps = 553200 | Final Dist = 1.156 | Final Dist 10 = 1.642 | Final Dist 100 = 1.324 | Final Dist 1000 = 1.232 | Init Dist = 12.806 | Init Dist 10 = 12.806 | Init Dist 100 = 12.806 | Init Dist 1000 = 12.806 | Learner Steps = 33934 | Learner Walltime = 6719.472 | Min Dist = 0.011 | Min Dist 10 = 1.035 | Min Dist 100 = 0.693 | Min Dist 1000 = 0.576 | Steps Per Second = 74.357 | Success = 1.000 | Success 1000 = 0.920
I0502 16:58:17.400098 139579566835264 terminal.py:91] [Evaluator] Actor Episodes = 43644 | Actor Steps = 2182200 | Delta Dist = 11.292 | Delta Dist 10 = 11.526 | Delta Dist 100 = 11.468 | Delta Dist 1000 = 11.572 | Episode Length = 50 | Episode Return = 14.0 | Evaluator Episodes = 11066 | Evaluator Steps = 553300 | Final Dist = 1.515 | Final Dist 10 = 1.280 | Final Dist 100 = 1.338 | Final Dist 1000 = 1.234 | Init Dist = 12.806 | Init Dist 10 = 12.806 | Init Dist 100 = 12.806 | Init Dist 1000 = 12.806 | Learner Steps = 33940 | Learner Walltime = 6720.762 | Min Dist = 0.599 | Min Dist 10 = 0.623 | Min Dist 100 = 0.692 | Min Dist 1000 = 0.577 | Steps Per Second = 87.522 | Success = 1.000 | Success 1000 = 0.919
I0502 16:58:17.531889 139584504182336 lp_utils.py:96] StepsLimiter: Reached 2182300 recorded steps
I0502 16:58:18.630562 139579566835264 terminal.py:91] [Evaluator] Actor Episodes = 43652 | Actor Steps = 2182600 | Delta Dist = 11.568 | Delta Dist 10 = 11.564 | Delta Dist 100 = 11.470 | Delta Dist 1000 = 11.572 | Episode Length = 50 | Episode Return = 18.0 | Evaluator Episodes = 11068 | Evaluator Steps = 553400 | Final Dist = 1.238 | Final Dist 10 = 1.242 | Final Dist 100 = 1.336 | Final Dist 1000 = 1.234 | Init Dist = 12.806 | Init Dist 10 = 12.806 | Init Dist 100 = 12.806 | Init Dist 1000 = 12.806 | Learner Steps = 33946 | Learner Walltime = 6721.835 | Min Dist = 0.376 | Min Dist 10 = 0.546 | Min Dist 100 = 0.687 | Min Dist 1000 = 0.577 | Steps Per Second = 77.407 | Success = 1.000 | Success 1000 = 0.919
I0502 16:58:19.783890 139579566835264 terminal.py:91] [Evaluator] Actor Episodes = 43660 | Actor Steps = 2183000 | Delta Dist = 10.906 | Delta Dist 10 = 11.573 | Delta Dist 100 = 11.495 | Delta Dist 1000 = 11.571 | Episode Length = 50 | Episode Return = 8.0 | Evaluator Episodes = 11070 | Evaluator Steps = 553500 | Final Dist = 1.900 | Final Dist 10 = 1.234 | Final Dist 100 = 1.312 | Final Dist 1000 = 1.235 | Init Dist = 12.806 | Init Dist 10 = 12.806 | Init Dist 100 = 12.806 | Init Dist 1000 = 12.806 | Learner Steps = 33956 | Learner Walltime = 6723.977 | Min Dist = 0.418 | Min Dist 10 = 0.486 | Min Dist 100 = 0.659 | Min Dist 1000 = 0.578 | Steps Per Second = 86.822 | Success = 1.000 | Success 1000 = 0.919
I0502 16:58:20.240885 139569349502528 terminal.py:91] [Actor] Actor Episodes = 43659 | Actor Steps = 2182950 | Delta Dist = 0.968 | Delta Dist 10 = 4.447 | Delta Dist 100 = 5.072 | Delta Dist 1000 = 4.340 | Episode Length = 50 | Episode Return = 15.0 | Evaluator Episodes = 11068 | Evaluator Steps = 553400 | Final Dist = 0.032 | Final Dist 10 = 1.302 | Final Dist 100 = 1.496 | Final Dist 1000 = 1.432 | Init Dist = 1.000 | Init Dist 10 = 5.750 | Init Dist 100 = 6.568 | Init Dist 1000 = 5.772 | Learner Steps = 33951 | Learner Walltime = 6722.954 | Min Dist = 0.001 | Min Dist 10 = 0.066 | Min Dist 100 = 0.202 | Min Dist 1000 = 0.172 | Steps Per Second = 85.786 | Success = 1.000 | Success 1000 = 0.991
I0502 16:58:21.016627 139555013154368 terminal.py:91] [Learner] Actor Episodes = 43666 | Actor Loss = 3.7422313690185547 | Actor Steps = 2183300 | Binary Accuracy = 0.9960343837738037 | Categorical Accuracy = 0.42364501953125 | Critic Loss = 1.7839710712432861 | Entropy Mean = -22.535518646240234 | Evaluator Episodes = 11070 | Evaluator Steps = 553500 | Learner Steps = 33962 | Learner Walltime = 6725.213 | Logits Neg = -17.33235740661621 | Logits Pos = -1.773709774017334 | Logsumexp = 1.078184962272644 | Steps Per Second = 170.959
I0502 16:58:21.147448 139579566835264 terminal.py:91] [Evaluator] Actor Episodes = 43670 | Actor Steps = 2183500 | Delta Dist = 12.098 | Delta Dist 10 = 11.558 | Delta Dist 100 = 11.490 | Delta Dist 1000 = 11.578 | Episode Length = 50 | Episode Return = 30.0 | Evaluator Episodes = 11072 | Evaluator Steps = 553600 | Final Dist = 0.708 | Final Dist 10 = 1.249 | Final Dist 100 = 1.316 | Final Dist 1000 = 1.228 | Init Dist = 12.806 | Init Dist 10 = 12.806 | Init Dist 100 = 12.806 | Init Dist 1000 = 12.806 | Learner Steps = 33962 | Learner Walltime = 6725.213 | Min Dist = 0.153 | Min Dist 10 = 0.453 | Min Dist 100 = 0.651 | Min Dist 1000 = 0.571 | Steps Per Second = 72.287 | Success = 1.000 | Success 1000 = 0.920
I0502 16:58:21.167993 139558059398720 terminal.py:91] [Actor] Actor Episodes = 43672 | Actor Steps = 2183600 | Delta Dist = 6.128 | Delta Dist 10 = 3.979 | Delta Dist 100 = 4.965 | Delta Dist 1000 = 4.324 | Episode Length = 50 | Episode Return = 32.0 | Evaluator Episodes = 11072 | Evaluator Steps = 553600 | Final Dist = 0.944 | Final Dist 10 = 1.575 | Final Dist 100 = 1.502 | Final Dist 1000 = 1.438 | Init Dist = 7.071 | Init Dist 10 = 5.554 | Init Dist 100 = 6.467 | Init Dist 1000 = 5.761 | Learner Steps = 33962 | Learner Walltime = 6725.213 | Min Dist = 0.092 | Min Dist 10 = 0.102 | Min Dist 100 = 0.196 | Min Dist 1000 = 0.172 | Steps Per Second = 77.612 | Success = 1.000 | Success 1000 = 0.991
I0502 16:58:21.750110 139557462840896 terminal.py:91] [Actor] Actor Episodes = 43671 | Actor Steps = 2183550 | Delta Dist = 5.738 | Delta Dist 10 = 4.587 | Delta Dist 100 = 5.090 | Delta Dist 1000 = 4.334 | Episode Length = 50 | Episode Return = 22.0 | Evaluator Episodes = 11070 | Evaluator Steps = 553500 | Final Dist = 1.878 | Final Dist 10 = 1.574 | Final Dist 100 = 1.508 | Final Dist 1000 = 1.440 | Init Dist = 7.616 | Init Dist 10 = 6.161 | Init Dist 100 = 6.598 | Init Dist 1000 = 5.774 | Learner Steps = 33962 | Learner Walltime = 6725.213 | Min Dist = 0.012 | Min Dist 10 = 0.095 | Min Dist 100 = 0.197 | Min Dist 1000 = 0.172 | Steps Per Second = 81.646 | Success = 1.000 | Success 1000 = 0.991
I0502 16:58:22.408275 139584635659840 savers.py:156] Saving checkpoint: logs/contrastive_cpc_point_FourRooms_64/5dd72662-2788-11f0-b183-d85ed38c5779/checkpoints/counter
I0502 16:58:22.563583 139579566835264 terminal.py:91] [Evaluator] Actor Episodes = 43676 | Actor Steps = 2183800 | Delta Dist = 11.687 | Delta Dist 10 = 11.564 | Delta Dist 100 = 11.492 | Delta Dist 1000 = 11.577 | Episode Length = 50 | Episode Return = 13.0 | Evaluator Episodes = 11074 | Evaluator Steps = 553700 | Final Dist = 1.120 | Final Dist 10 = 1.243 | Final Dist 100 = 1.315 | Final Dist 1000 = 1.230 | Init Dist = 12.806 | Init Dist 10 = 12.806 | Init Dist 100 = 12.806 | Init Dist 1000 = 12.806 | Learner Steps = 33968 | Learner Walltime = 6726.549 | Min Dist = 0.058 | Min Dist 10 = 0.493 | Min Dist 100 = 0.657 | Min Dist 1000 = 0.573 | Steps Per Second = 63.739 | Success = 1.000 | Success 1000 = 0.919
I0502 16:58:23.207287 139555860620864 terminal.py:91] [Actor] Actor Episodes = 43679 | Actor Steps = 2183950 | Delta Dist = 2.126 | Delta Dist 10 = 5.874 | Delta Dist 100 = 5.124 | Delta Dist 1000 = 4.345 | Episode Length = 50 | Episode Return = 37.0 | Evaluator Episodes = 11074 | Evaluator Steps = 553700 | Final Dist = 0.110 | Final Dist 10 = 1.328 | Final Dist 100 = 1.385 | Final Dist 1000 = 1.445 | Init Dist = 2.236 | Init Dist 10 = 7.202 | Init Dist 100 = 6.509 | Init Dist 1000 = 5.790 | Learner Steps = 33968 | Learner Walltime = 6726.549 | Min Dist = 0.092 | Min Dist 10 = 0.092 | Min Dist 100 = 0.198 | Min Dist 1000 = 0.173 | Steps Per Second = 79.242 | Success = 1.000 | Success 1000 = 0.991
I0502 16:58:23.876937 139579566835264 terminal.py:91] [Evaluator] Actor Episodes = 43684 | Actor Steps = 2184200 | Delta Dist = 12.412 | Delta Dist 10 = 11.784 | Delta Dist 100 = 11.506 | Delta Dist 1000 = 11.577 | Episode Length = 50 | Episode Return = 27.0 | Evaluator Episodes = 11076 | Evaluator Steps = 553800 | Final Dist = 0.394 | Final Dist 10 = 1.022 | Final Dist 100 = 1.300 | Final Dist 1000 = 1.230 | Init Dist = 12.806 | Init Dist 10 = 12.806 | Init Dist 100 = 12.806 | Init Dist 1000 = 12.806 | Learner Steps = 33973 | Learner Walltime = 6727.561 | Min Dist = 0.096 | Min Dist 10 = 0.376 | Min Dist 100 = 0.652 | Min Dist 1000 = 0.573 | Steps Per Second = 77.970 | Success = 1.000 | Success 1000 = 0.919
I0502 16:58:25.163792 139579566835264 terminal.py:91] [Evaluator] Actor Episodes = 43692 | Actor Steps = 2184600 | Delta Dist = 11.628 | Delta Dist 10 = 11.897 | Delta Dist 100 = 11.530 | Delta Dist 1000 = 11.578 | Episode Length = 50 | Episode Return = 2.0 | Evaluator Episodes = 11078 | Evaluator Steps = 553900 | Final Dist = 1.178 | Final Dist 10 = 0.909 | Final Dist 100 = 1.276 | Final Dist 1000 = 1.229 | Init Dist = 12.806 | Init Dist 10 = 12.806 | Init Dist 100 = 12.806 | Init Dist 1000 = 12.806 | Learner Steps = 33979 | Learner Walltime = 6728.782 | Min Dist = 0.450 | Min Dist 10 = 0.318 | Min Dist 100 = 0.641 | Min Dist 1000 = 0.572 | Steps Per Second = 77.160 | Success = 1.000 | Success 1000 = 0.919
I0502 16:58:26.406342 139579566835264 terminal.py:91] [Evaluator] Actor Episodes = 43698 | Actor Steps = 2184900 | Delta Dist = 12.137 | Delta Dist 10 = 11.882 | Delta Dist 100 = 11.527 | Delta Dist 1000 = 11.577 | Episode Length = 50 | Episode Return = 16.0 | Evaluator Episodes = 11080 | Evaluator Steps = 554000 | Final Dist = 0.670 | Final Dist 10 = 0.924 | Final Dist 100 = 1.279 | Final Dist 1000 = 1.229 | Init Dist = 12.806 | Init Dist 10 = 12.806 | Init Dist 100 = 12.806 | Init Dist 1000 = 12.806 | Learner Steps = 33985 | Learner Walltime = 6730.105 | Min Dist = 0.297 | Min Dist 10 = 0.309 | Min Dist 100 = 0.644 | Min Dist 1000 = 0.572 | Steps Per Second = 80.022 | Success = 1.000 | Success 1000 = 0.919
I0502 16:58:27.547162 139584504182336 lp_utils.py:96] StepsLimiter: Reached 2185300 recorded steps
I0502 16:58:27.675346 139579566835264 terminal.py:91] [Evaluator] Actor Episodes = 43708 | Actor Steps = 2185400 | Delta Dist = 11.783 | Delta Dist 10 = 11.891 | Delta Dist 100 = 11.527 | Delta Dist 1000 = 11.577 | Episode Length = 50 | Episode Return = 12.0 | Evaluator Episodes = 11082 | Evaluator Steps = 554100 | Final Dist = 1.023 | Final Dist 10 = 0.916 | Final Dist 100 = 1.279 | Final Dist 1000 = 1.230 | Init Dist = 12.806 | Init Dist 10 = 12.806 | Init Dist 100 = 12.806 | Init Dist 1000 = 12.806 | Learner Steps = 33991 | Learner Walltime = 6731.159 | Min Dist = 0.068 | Min Dist 10 = 0.301 | Min Dist 100 = 0.643 | Min Dist 1000 = 0.572 | Steps Per Second = 78.673 | Success = 1.000 | Success 1000 = 0.919
I0502 16:58:28.807770 139579566835264 terminal.py:91] [Evaluator] Actor Episodes = 43714 | Actor Steps = 2185700 | Delta Dist = 11.905 | Delta Dist 10 = 11.936 | Delta Dist 100 = 11.576 | Delta Dist 1000 = 11.583 | Episode Length = 50 | Episode Return = 20.0 | Evaluator Episodes = 11084 | Evaluator Steps = 554200 | Final Dist = 0.901 | Final Dist 10 = 0.870 | Final Dist 100 = 1.231 | Final Dist 1000 = 1.223 | Init Dist = 12.806 | Init Dist 10 = 12.806 | Init Dist 100 = 12.806 | Init Dist 1000 = 12.806 | Learner Steps = 33997 | Learner Walltime = 6732.490 | Min Dist = 0.174 | Min Dist 10 = 0.222 | Min Dist 100 = 0.598 | Min Dist 1000 = 0.566 | Steps Per Second = 82.108 | Success = 1.000 | Success 1000 = 0.920
I0502 16:58:30.087751 139579566835264 terminal.py:91] [Evaluator] Actor Episodes = 43722 | Actor Steps = 2186100 | Delta Dist = 12.511 | Delta Dist 10 = 11.959 | Delta Dist 100 = 11.593 | Delta Dist 1000 = 11.593 | Episode Length = 50 | Episode Return = 1.0 | Evaluator Episodes = 11086 | Evaluator Steps = 554300 | Final Dist = 0.295 | Final Dist 10 = 0.847 | Final Dist 100 = 1.213 | Final Dist 1000 = 1.213 | Init Dist = 12.806 | Init Dist 10 = 12.806 | Init Dist 100 = 12.806 | Init Dist 1000 = 12.806 | Learner Steps = 34003 | Learner Walltime = 6733.734 | Min Dist = 0.295 | Min Dist 10 = 0.222 | Min Dist 100 = 0.581 | Min Dist 1000 = 0.558 | Steps Per Second = 78.861 | Success = 1.000 | Success 1000 = 0.921
I0502 16:58:30.801588 139569349502528 terminal.py:91] [Actor] Actor Episodes = 43725 | Actor Steps = 2186250 | Delta Dist = -0.557 | Delta Dist 10 = 4.037 | Delta Dist 100 = 5.098 | Delta Dist 1000 = 4.376 | Episode Length = 50 | Episode Return = 26.0 | Evaluator Episodes = 11086 | Evaluator Steps = 554300 | Final Dist = 1.557 | Final Dist 10 = 1.931 | Final Dist 100 = 1.391 | Final Dist 1000 = 1.480 | Init Dist = 1.000 | Init Dist 10 = 5.968 | Init Dist 100 = 6.488 | Init Dist 1000 = 5.856 | Learner Steps = 34003 | Learner Walltime = 6733.734 | Min Dist = 0.105 | Min Dist 10 = 0.097 | Min Dist 100 = 0.176 | Min Dist 1000 = 0.182 | Steps Per Second = 77.289 | Success = 1.000 | Success 1000 = 0.990
I0502 16:58:31.041052 139555013154368 terminal.py:91] [Learner] Actor Episodes = 43728 | Actor Loss = 3.740600109100342 | Actor Steps = 2186400 | Binary Accuracy = 0.9960627555847168 | Categorical Accuracy = 0.43218994140625 | Critic Loss = 1.7540040016174316 | Entropy Mean = -21.82923126220703 | Evaluator Episodes = 11086 | Evaluator Steps = 554300 | Learner Steps = 34011 | Learner Walltime = 6735.237 | Logits Neg = -17.38220977783203 | Logits Pos = -1.7443397045135498 | Logsumexp = 1.0493019819259644 | Steps Per Second = 751.095
I0502 16:58:31.317100 139579566835264 terminal.py:91] [Evaluator] Actor Episodes = 43730 | Actor Steps = 2186500 | Delta Dist = 12.645 | Delta Dist 10 = 11.975 | Delta Dist 100 = 11.617 | Delta Dist 1000 = 11.600 | Episode Length = 50 | Episode Return = 26.0 | Evaluator Episodes = 11088 | Evaluator Steps = 554400 | Final Dist = 0.161 | Final Dist 10 = 0.831 | Final Dist 100 = 1.190 | Final Dist 1000 = 1.206 | Init Dist = 12.806 | Init Dist 10 = 12.806 | Init Dist 100 = 12.806 | Init Dist 1000 = 12.806 | Learner Steps = 34009 | Learner Walltime = 6735.099 | Min Dist = 0.044 | Min Dist 10 = 0.266 | Min Dist 100 = 0.575 | Min Dist 1000 = 0.553 | Steps Per Second = 90.044 | Success = 1.000 | Success 1000 = 0.922
I0502 16:58:31.536152 139558059398720 terminal.py:91] [Actor] Actor Episodes = 43734 | Actor Steps = 2186700 | Delta Dist = 10.403 | Delta Dist 10 = 3.605 | Delta Dist 100 = 4.842 | Delta Dist 1000 = 4.378 | Episode Length = 50 | Episode Return = 46.0 | Evaluator Episodes = 11088 | Evaluator Steps = 554400 | Final Dist = 0.413 | Final Dist 10 = 2.054 | Final Dist 100 = 1.374 | Final Dist 1000 = 1.469 | Init Dist = 10.817 | Init Dist 10 = 5.659 | Init Dist 100 = 6.215 | Init Dist 1000 = 5.847 | Learner Steps = 34009 | Learner Walltime = 6735.099 | Min Dist = 0.025 | Min Dist 10 = 0.113 | Min Dist 100 = 0.181 | Min Dist 1000 = 0.182 | Steps Per Second = 83.779 | Success = 1.000 | Success 1000 = 0.990
I0502 16:58:32.234404 139557462840896 terminal.py:91] [Actor] Actor Episodes = 43737 | Actor Steps = 2186850 | Delta Dist = 2.791 | Delta Dist 10 = 4.939 | Delta Dist 100 = 4.984 | Delta Dist 1000 = 4.381 | Episode Length = 50 | Episode Return = 20.0 | Evaluator Episodes = 11088 | Evaluator Steps = 554400 | Final Dist = 0.209 | Final Dist 10 = 1.423 | Final Dist 100 = 1.458 | Final Dist 1000 = 1.477 | Init Dist = 3.000 | Init Dist 10 = 6.362 | Init Dist 100 = 6.442 | Init Dist 1000 = 5.858 | Learner Steps = 34009 | Learner Walltime = 6735.099 | Min Dist = 0.132 | Min Dist 10 = 0.088 | Min Dist 100 = 0.181 | Min Dist 1000 = 0.182 | Steps Per Second = 77.615 | Success = 1.000 | Success 1000 = 0.990
I0502 16:58:32.502335 139579566835264 terminal.py:91] [Evaluator] Actor Episodes = 43736 | Actor Steps = 2186800 | Delta Dist = 12.138 | Delta Dist 10 = 12.028 | Delta Dist 100 = 11.621 | Delta Dist 1000 = 11.609 | Episode Length = 50 | Episode Return = 16.0 | Evaluator Episodes = 11090 | Evaluator Steps = 554500 | Final Dist = 0.668 | Final Dist 10 = 0.778 | Final Dist 100 = 1.185 | Final Dist 1000 = 1.197 | Init Dist = 12.806 | Init Dist 10 = 12.806 | Init Dist 100 = 12.806 | Init Dist 1000 = 12.806 | Learner Steps = 34015 | Learner Walltime = 6736.219 | Min Dist = 0.137 | Min Dist 10 = 0.229 | Min Dist 100 = 0.569 | Min Dist 1000 = 0.544 | Steps Per Second = 90.080 | Success = 1.000 | Success 1000 = 0.923
I0502 16:58:33.454421 139583350109760 savers.py:156] Saving checkpoint: logs/contrastive_cpc_point_FourRooms_64/5dd72662-2788-11f0-b183-d85ed38c5779/checkpoints/learner
I0502 16:58:33.776917 139579566835264 terminal.py:91] [Evaluator] Actor Episodes = 43744 | Actor Steps = 2187200 | Delta Dist = 11.080 | Delta Dist 10 = 12.113 | Delta Dist 100 = 11.672 | Delta Dist 1000 = 11.610 | Episode Length = 50 | Episode Return = 0.0 | Evaluator Episodes = 11092 | Evaluator Steps = 554600 | Final Dist = 1.726 | Final Dist 10 = 0.693 | Final Dist 100 = 1.134 | Final Dist 1000 = 1.197 | Init Dist = 12.806 | Init Dist 10 = 12.806 | Init Dist 100 = 12.806 | Init Dist 1000 = 12.806 | Learner Steps = 34022 | Learner Walltime = 6737.481 | Min Dist = 1.241 | Min Dist 10 = 0.187 | Min Dist 100 = 0.518 | Min Dist 1000 = 0.544 | Steps Per Second = 75.869 | Success = 0.000 | Success 1000 = 0.923
I0502 16:58:33.799098 139555860620864 terminal.py:91] [Actor] Actor Episodes = 43746 | Actor Steps = 2187300 | Delta Dist = 12.626 | Delta Dist 10 = 4.542 | Delta Dist 100 = 4.732 | Delta Dist 1000 = 4.385 | Episode Length = 50 | Episode Return = 31.0 | Evaluator Episodes = 11092 | Evaluator Steps = 554600 | Final Dist = 0.102 | Final Dist 10 = 0.959 | Final Dist 100 = 1.496 | Final Dist 1000 = 1.476 | Init Dist = 12.728 | Init Dist 10 = 5.501 | Init Dist 100 = 6.228 | Init Dist 1000 = 5.861 | Learner Steps = 34022 | Learner Walltime = 6737.481 | Min Dist = 0.036 | Min Dist 10 = 0.513 | Min Dist 100 = 0.224 | Min Dist 1000 = 0.180 | Steps Per Second = 78.462 | Success = 1.000 | Success 1000 = 0.990
I0502 16:58:35.094520 139579566835264 terminal.py:91] [Evaluator] Actor Episodes = 43752 | Actor Steps = 2187600 | Delta Dist = 12.368 | Delta Dist 10 = 11.161 | Delta Dist 100 = 11.573 | Delta Dist 1000 = 11.600 | Episode Length = 50 | Episode Return = 29.0 | Evaluator Episodes = 11094 | Evaluator Steps = 554700 | Final Dist = 0.438 | Final Dist 10 = 1.645 | Final Dist 100 = 1.233 | Final Dist 1000 = 1.206 | Init Dist = 12.806 | Init Dist 10 = 12.806 | Init Dist 100 = 12.806 | Init Dist 1000 = 12.806 | Learner Steps = 34028 | Learner Walltime = 6738.503 | Min Dist = 0.371 | Min Dist 10 = 1.066 | Min Dist 100 = 0.612 | Min Dist 1000 = 0.553 | Steps Per Second = 78.962 | Success = 1.000 | Success 1000 = 0.921
I0502 16:58:36.451186 139579566835264 terminal.py:91] [Evaluator] Actor Episodes = 43762 | Actor Steps = 2188100 | Delta Dist = 12.446 | Delta Dist 10 = 11.161 | Delta Dist 100 = 11.593 | Delta Dist 1000 = 11.608 | Episode Length = 50 | Episode Return = 24.0 | Evaluator Episodes = 11096 | Evaluator Steps = 554800 | Final Dist = 0.361 | Final Dist 10 = 1.645 | Final Dist 100 = 1.214 | Final Dist 1000 = 1.199 | Init Dist = 12.806 | Init Dist 10 = 12.806 | Init Dist 100 = 12.806 | Init Dist 1000 = 12.806 | Learner Steps = 34033 | Learner Walltime = 6739.768 | Min Dist = 0.133 | Min Dist 10 = 1.144 | Min Dist 100 = 0.607 | Min Dist 1000 = 0.547 | Steps Per Second = 75.531 | Success = 1.000 | Success 1000 = 0.922
I0502 16:58:37.562084 139584504182336 lp_utils.py:96] StepsLimiter: Reached 2188400 recorded steps
I0502 16:58:37.778672 139579566835264 terminal.py:91] [Evaluator] Actor Episodes = 43770 | Actor Steps = 2188500 | Delta Dist = 12.483 | Delta Dist 10 = 11.070 | Delta Dist 100 = 11.607 | Delta Dist 1000 = 11.607 | Episode Length = 50 | Episode Return = 30.0 | Evaluator Episodes = 11098 | Evaluator Steps = 554900 | Final Dist = 0.324 | Final Dist 10 = 1.736 | Final Dist 100 = 1.199 | Final Dist 1000 = 1.199 | Init Dist = 12.806 | Init Dist 10 = 12.806 | Init Dist 100 = 12.806 | Init Dist 1000 = 12.806 | Learner Steps = 34039 | Learner Walltime = 6740.977 | Min Dist = 0.083 | Min Dist 10 = 1.158 | Min Dist 100 = 0.596 | Min Dist 1000 = 0.547 | Steps Per Second = 70.636 | Success = 1.000 | Success 1000 = 0.922
I0502 16:58:39.144825 139579566835264 terminal.py:91] [Evaluator] Actor Episodes = 43778 | Actor Steps = 2188900 | Delta Dist = 3.017 | Delta Dist 10 = 11.135 | Delta Dist 100 = 11.612 | Delta Dist 1000 = 11.608 | Episode Length = 50 | Episode Return = 0.0 | Evaluator Episodes = 11100 | Evaluator Steps = 555000 | Final Dist = 9.789 | Final Dist 10 = 1.671 | Final Dist 100 = 1.194 | Final Dist 1000 = 1.198 | Init Dist = 12.806 | Init Dist 10 = 12.806 | Init Dist 100 = 12.806 | Init Dist 1000 = 12.806 | Learner Steps = 34050 | Learner Walltime = 6743.231 | Min Dist = 6.957 | Min Dist 10 = 1.159 | Min Dist 100 = 0.592 | Min Dist 1000 = 0.546 | Steps Per Second = 67.849 | Success = 0.000 | Success 1000 = 0.922
I0502 16:58:40.561515 139579566835264 terminal.py:91] [Evaluator] Actor Episodes = 43786 | Actor Steps = 2189300 | Delta Dist = 12.274 | Delta Dist 10 = 10.251 | Delta Dist 100 = 11.601 | Delta Dist 1000 = 11.601 | Episode Length = 50 | Episode Return = 22.0 | Evaluator Episodes = 11102 | Evaluator Steps = 555100 | Final Dist = 0.532 | Final Dist 10 = 2.555 | Final Dist 100 = 1.205 | Final Dist 1000 = 1.205 | Init Dist = 12.806 | Init Dist 10 = 12.806 | Init Dist 100 = 12.806 | Init Dist 1000 = 12.806 | Learner Steps = 34054 | Learner Walltime = 6744.236 | Min Dist = 0.133 | Min Dist 10 = 1.841 | Min Dist 100 = 0.591 | Min Dist 1000 = 0.553 | Steps Per Second = 66.124 | Success = 1.000 | Success 1000 = 0.921
I0502 16:58:41.043792 139555013154368 terminal.py:91] [Learner] Actor Episodes = 43792 | Actor Loss = 3.7156527042388916 | Actor Steps = 2189600 | Binary Accuracy = 0.9960408210754395 | Categorical Accuracy = 0.40826416015625 | Critic Loss = 1.795745849609375 | Entropy Mean = -22.73200225830078 | Evaluator Episodes = 11102 | Evaluator Steps = 555100 | Learner Steps = 34058 | Learner Walltime = 6745.238 | Logits Neg = -17.348886489868164 | Logits Pos = -1.803879976272583 | Logsumexp = 1.1114789247512817 | Steps Per Second = 223.862
I0502 16:58:41.455547 139569349502528 terminal.py:91] [Actor] Actor Episodes = 43791 | Actor Steps = 2189550 | Delta Dist = 5.490 | Delta Dist 10 = 2.749 | Delta Dist 100 = 4.406 | Delta Dist 1000 = 4.383 | Episode Length = 50 | Episode Return = 41.0 | Evaluator Episodes = 11102 | Evaluator Steps = 555100 | Final Dist = 0.167 | Final Dist 10 = 3.135 | Final Dist 100 = 1.837 | Final Dist 1000 = 1.468 | Init Dist = 5.657 | Init Dist 10 = 5.885 | Init Dist 100 = 6.244 | Init Dist 1000 = 5.851 | Learner Steps = 34054 | Learner Walltime = 6744.236 | Min Dist = 0.139 | Min Dist 10 = 0.101 | Min Dist 100 = 0.305 | Min Dist 1000 = 0.187 | Steps Per Second = 66.787 | Success = 1.000 | Success 1000 = 0.990
I0502 16:58:41.904502 139579566835264 terminal.py:91] [Evaluator] Actor Episodes = 43794 | Actor Steps = 2189700 | Delta Dist = 12.064 | Delta Dist 10 = 11.194 | Delta Dist 100 = 11.605 | Delta Dist 1000 = 11.601 | Episode Length = 50 | Episode Return = 19.0 | Evaluator Episodes = 11104 | Evaluator Steps = 555200 | Final Dist = 0.742 | Final Dist 10 = 1.613 | Final Dist 100 = 1.201 | Final Dist 1000 = 1.205 | Init Dist = 12.806 | Init Dist 10 = 12.806 | Init Dist 100 = 12.806 | Init Dist 1000 = 12.806 | Learner Steps = 34058 | Learner Walltime = 6745.238 | Min Dist = 0.481 | Min Dist 10 = 0.931 | Min Dist 100 = 0.592 | Min Dist 1000 = 0.553 | Steps Per Second = 72.844 | Success = 1.000 | Success 1000 = 0.921
I0502 16:58:42.085359 139558059398720 terminal.py:91] [Actor] Actor Episodes = 43796 | Actor Steps = 2189800 | Delta Dist = 4.830 | Delta Dist 10 = 2.772 | Delta Dist 100 = 4.426 | Delta Dist 1000 = 4.389 | Episode Length = 50 | Episode Return = 35.0 | Evaluator Episodes = 11104 | Evaluator Steps = 555200 | Final Dist = 0.170 | Final Dist 10 = 2.017 | Final Dist 100 = 1.802 | Final Dist 1000 = 1.467 | Init Dist = 5.000 | Init Dist 10 = 4.789 | Init Dist 100 = 6.228 | Init Dist 1000 = 5.856 | Learner Steps = 34058 | Learner Walltime = 6745.238 | Min Dist = 0.011 | Min Dist 10 = 0.056 | Min Dist 100 = 0.303 | Min Dist 1000 = 0.188 | Steps Per Second = 67.370 | Success = 1.000 | Success 1000 = 0.990
I0502 16:58:42.266757 139557462840896 terminal.py:91] [Actor] Actor Episodes = 43800 | Actor Steps = 2190000 | Delta Dist = 2.058 | Delta Dist 10 = 3.558 | Delta Dist 100 = 4.433 | Delta Dist 1000 = 4.383 | Episode Length = 50 | Episode Return = 46.0 | Evaluator Episodes = 11104 | Evaluator Steps = 555200 | Final Dist = 1.547 | Final Dist 10 = 1.025 | Final Dist 100 = 1.804 | Final Dist 1000 = 1.467 | Init Dist = 3.606 | Init Dist 10 = 4.583 | Init Dist 100 = 6.237 | Init Dist 1000 = 5.849 | Learner Steps = 34063 | Learner Walltime = 6746.394 | Min Dist = 0.027 | Min Dist 10 = 0.053 | Min Dist 100 = 0.302 | Min Dist 1000 = 0.188 | Steps Per Second = 73.439 | Success = 1.000 | Success 1000 = 0.990
I0502 16:58:43.157177 139579566835264 terminal.py:91] [Evaluator] Actor Episodes = 43800 | Actor Steps = 2190000 | Delta Dist = 11.533 | Delta Dist 10 = 11.182 | Delta Dist 100 = 11.611 | Delta Dist 1000 = 11.601 | Episode Length = 50 | Episode Return = 14.0 | Evaluator Episodes = 11106 | Evaluator Steps = 555300 | Final Dist = 1.273 | Final Dist 10 = 1.624 | Final Dist 100 = 1.196 | Final Dist 1000 = 1.206 | Init Dist = 12.806 | Init Dist 10 = 12.806 | Init Dist 100 = 12.806 | Init Dist 1000 = 12.806 | Learner Steps = 34063 | Learner Walltime = 6746.394 | Min Dist = 0.098 | Min Dist 10 = 0.905 | Min Dist 100 = 0.597 | Min Dist 1000 = 0.554 | Steps Per Second = 89.014 | Success = 1.000 | Success 1000 = 0.921
I0502 16:58:43.823692 139555860620864 terminal.py:91] [Actor] Actor Episodes = 43803 | Actor Steps = 2190150 | Delta Dist = 3.934 | Delta Dist 10 = 4.122 | Delta Dist 100 = 4.411 | Delta Dist 1000 = 4.379 | Episode Length = 50 | Episode Return = 41.0 | Evaluator Episodes = 11106 | Evaluator Steps = 555300 | Final Dist = 0.189 | Final Dist 10 = 2.524 | Final Dist 100 = 1.821 | Final Dist 1000 = 1.479 | Init Dist = 4.123 | Init Dist 10 = 6.647 | Init Dist 100 = 6.232 | Init Dist 1000 = 5.858 | Learner Steps = 34063 | Learner Walltime = 6746.394 | Min Dist = 0.041 | Min Dist 10 = 0.187 | Min Dist 100 = 0.221 | Min Dist 1000 = 0.189 | Steps Per Second = 77.528 | Success = 1.000 | Success 1000 = 0.989
I0502 16:58:44.346827 139579566835264 terminal.py:91] [Evaluator] Actor Episodes = 43808 | Actor Steps = 2190400 | Delta Dist = 11.425 | Delta Dist 10 = 11.132 | Delta Dist 100 = 11.657 | Delta Dist 1000 = 11.600 | Episode Length = 50 | Episode Return = 15.0 | Evaluator Episodes = 11108 | Evaluator Steps = 555400 | Final Dist = 1.381 | Final Dist 10 = 1.675 | Final Dist 100 = 1.149 | Final Dist 1000 = 1.206 | Init Dist = 12.806 | Init Dist 10 = 12.806 | Init Dist 100 = 12.806 | Init Dist 1000 = 12.806 | Learner Steps = 34069 | Learner Walltime = 6747.744 | Min Dist = 0.273 | Min Dist 10 = 0.908 | Min Dist 100 = 0.538 | Min Dist 1000 = 0.554 | Steps Per Second = 86.564 | Success = 1.000 | Success 1000 = 0.921
I0502 16:58:45.651022 139579566835264 terminal.py:91] [Evaluator] Actor Episodes = 43816 | Actor Steps = 2190800 | Delta Dist = 11.866 | Delta Dist 10 = 10.505 | Delta Dist 100 = 11.601 | Delta Dist 1000 = 11.595 | Episode Length = 50 | Episode Return = 30.0 | Evaluator Episodes = 11110 | Evaluator Steps = 555500 | Final Dist = 0.940 | Final Dist 10 = 2.301 | Final Dist 100 = 1.206 | Final Dist 1000 = 1.212 | Init Dist = 12.806 | Init Dist 10 = 12.806 | Init Dist 100 = 12.806 | Init Dist 1000 = 12.806 | Learner Steps = 34076 | Learner Walltime = 6748.999 | Min Dist = 0.160 | Min Dist 10 = 1.440 | Min Dist 100 = 0.589 | Min Dist 1000 = 0.559 | Steps Per Second = 80.425 | Success = 1.000 | Success 1000 = 0.920
I0502 16:58:46.841682 139579566835264 terminal.py:91] [Evaluator] Actor Episodes = 43824 | Actor Steps = 2191200 | Delta Dist = 12.044 | Delta Dist 10 = 11.422 | Delta Dist 100 = 11.613 | Delta Dist 1000 = 11.595 | Episode Length = 50 | Episode Return = 13.0 | Evaluator Episodes = 11112 | Evaluator Steps = 555600 | Final Dist = 0.762 | Final Dist 10 = 1.385 | Final Dist 100 = 1.193 | Final Dist 1000 = 1.212 | Init Dist = 12.806 | Init Dist 10 = 12.806 | Init Dist 100 = 12.806 | Init Dist 1000 = 12.806 | Learner Steps = 34081 | Learner Walltime = 6750.075 | Min Dist = 0.668 | Min Dist 10 = 0.755 | Min Dist 100 = 0.584 | Min Dist 1000 = 0.559 | Steps Per Second = 83.015 | Success = 1.000 | Success 1000 = 0.920
I0502 16:58:47.581891 139584504182336 lp_utils.py:96] StepsLimiter: Reached 2191600 recorded steps
I0502 16:58:47.988706 139579566835264 terminal.py:91] [Evaluator] Actor Episodes = 43832 | Actor Steps = 2191600 | Delta Dist = 12.495 | Delta Dist 10 = 11.423 | Delta Dist 100 = 11.607 | Delta Dist 1000 = 11.595 | Episode Length = 50 | Episode Return = 15.0 | Evaluator Episodes = 11114 | Evaluator Steps = 555700 | Final Dist = 0.311 | Final Dist 10 = 1.383 | Final Dist 100 = 1.200 | Final Dist 1000 = 1.211 | Init Dist = 12.806 | Init Dist 10 = 12.806 | Init Dist 100 = 12.806 | Init Dist 1000 = 12.806 | Learner Steps = 34087 | Learner Walltime = 6751.319 | Min Dist = 0.170 | Min Dist 10 = 0.855 | Min Dist 100 = 0.598 | Min Dist 1000 = 0.560 | Steps Per Second = 80.539 | Success = 1.000 | Success 1000 = 0.920
I0502 16:58:49.231101 139579566835264 terminal.py:91] [Evaluator] Actor Episodes = 43840 | Actor Steps = 2192000 | Delta Dist = 12.108 | Delta Dist 10 = 11.410 | Delta Dist 100 = 11.607 | Delta Dist 1000 = 11.595 | Episode Length = 50 | Episode Return = 31.0 | Evaluator Episodes = 11116 | Evaluator Steps = 555800 | Final Dist = 0.698 | Final Dist 10 = 1.397 | Final Dist 100 = 1.200 | Final Dist 1000 = 1.211 | Init Dist = 12.806 | Init Dist 10 = 12.806 | Init Dist 100 = 12.806 | Init Dist 1000 = 12.806 | Learner Steps = 34094 | Learner Walltime = 6752.539 | Min Dist = 0.359 | Min Dist 10 = 0.848 | Min Dist 100 = 0.598 | Min Dist 1000 = 0.560 | Steps Per Second = 77.100 | Success = 1.000 | Success 1000 = 0.920
I0502 16:58:50.521420 139579566835264 terminal.py:91] [Evaluator] Actor Episodes = 43848 | Actor Steps = 2192400 | Delta Dist = 10.670 | Delta Dist 10 = 10.870 | Delta Dist 100 = 11.543 | Delta Dist 1000 = 11.589 | Episode Length = 50 | Episode Return = 0.0 | Evaluator Episodes = 11118 | Evaluator Steps = 555900 | Final Dist = 2.136 | Final Dist 10 = 1.936 | Final Dist 100 = 1.263 | Final Dist 1000 = 1.217 | Init Dist = 12.806 | Init Dist 10 = 12.806 | Init Dist 100 = 12.806 | Init Dist 1000 = 12.806 | Learner Steps = 34100 | Learner Walltime = 6753.591 | Min Dist = 1.021 | Min Dist 10 = 1.340 | Min Dist 100 = 0.651 | Min Dist 1000 = 0.566 | Steps Per Second = 79.947 | Success = 0.000 | Success 1000 = 0.919
I0502 16:58:51.233202 139555013154368 terminal.py:91] [Learner] Actor Episodes = 43850 | Actor Loss = 3.6768345832824707 | Actor Steps = 2192500 | Binary Accuracy = 0.9960765838623047 | Categorical Accuracy = 0.41839599609375 | Critic Loss = 1.8023638725280762 | Entropy Mean = -22.88098907470703 | Evaluator Episodes = 11118 | Evaluator Steps = 555900 | Learner Steps = 34108 | Learner Walltime = 6755.428 | Logits Neg = -17.12784767150879 | Logits Pos = -1.80739426612854 | Logsumexp = 1.0819531679153442 | Steps Per Second = 142.158
I0502 16:58:51.883122 139579566835264 terminal.py:91] [Evaluator] Actor Episodes = 43856 | Actor Steps = 2192800 | Delta Dist = 12.361 | Delta Dist 10 = 11.289 | Delta Dist 100 = 11.531 | Delta Dist 1000 = 11.589 | Episode Length = 50 | Episode Return = 15.0 | Evaluator Episodes = 11120 | Evaluator Steps = 556000 | Final Dist = 0.445 | Final Dist 10 = 1.517 | Final Dist 100 = 1.275 | Final Dist 1000 = 1.217 | Init Dist = 12.806 | Init Dist 10 = 12.806 | Init Dist 100 = 12.806 | Init Dist 1000 = 12.806 | Learner Steps = 34111 | Learner Walltime = 6756.045 | Min Dist = 0.090 | Min Dist 10 = 0.914 | Min Dist 100 = 0.659 | Min Dist 1000 = 0.566 | Steps Per Second = 77.435 | Success = 1.000 | Success 1000 = 0.918
I0502 16:58:51.940830 139569349502528 terminal.py:91] [Actor] Actor Episodes = 43860 | Actor Steps = 2193000 | Delta Dist = 4.686 | Delta Dist 10 = 2.691 | Delta Dist 100 = 4.179 | Delta Dist 1000 = 4.419 | Episode Length = 50 | Episode Return = 18.0 | Evaluator Episodes = 11120 | Evaluator Steps = 556000 | Final Dist = 0.314 | Final Dist 10 = 1.889 | Final Dist 100 = 1.604 | Final Dist 1000 = 1.439 | Init Dist = 5.000 | Init Dist 10 = 4.580 | Init Dist 100 = 5.783 | Init Dist 1000 = 5.858 | Learner Steps = 34111 | Learner Walltime = 6756.045 | Min Dist = 0.314 | Min Dist 10 = 0.178 | Min Dist 100 = 0.180 | Min Dist 1000 = 0.160 | Steps Per Second = 87.950 | Success = 1.000 | Success 1000 = 0.990
I0502 16:58:52.338334 139558059398720 terminal.py:91] [Actor] Actor Episodes = 43862 | Actor Steps = 2193100 | Delta Dist = 1.234 | Delta Dist 10 = 2.637 | Delta Dist 100 = 4.156 | Delta Dist 1000 = 4.417 | Episode Length = 50 | Episode Return = 31.0 | Evaluator Episodes = 11120 | Evaluator Steps = 556000 | Final Dist = 1.002 | Final Dist 10 = 2.219 | Final Dist 100 = 1.641 | Final Dist 1000 = 1.443 | Init Dist = 2.236 | Init Dist 10 = 4.856 | Init Dist 100 = 5.797 | Init Dist 1000 = 5.860 | Learner Steps = 34111 | Learner Walltime = 6756.045 | Min Dist = 0.008 | Min Dist 10 = 0.200 | Min Dist 100 = 0.183 | Min Dist 1000 = 0.161 | Steps Per Second = 83.671 | Success = 1.000 | Success 1000 = 0.990
I0502 16:58:52.483329 139557462840896 terminal.py:91] [Actor] Actor Episodes = 43864 | Actor Steps = 2193200 | Delta Dist = 10.400 | Delta Dist 10 = 2.472 | Delta Dist 100 = 4.123 | Delta Dist 1000 = 4.420 | Episode Length = 50 | Episode Return = 37.0 | Evaluator Episodes = 11120 | Evaluator Steps = 556000 | Final Dist = 0.040 | Final Dist 10 = 2.223 | Final Dist 100 = 1.639 | Final Dist 1000 = 1.437 | Init Dist = 10.440 | Init Dist 10 = 4.696 | Init Dist 100 = 5.762 | Init Dist 1000 = 5.856 | Learner Steps = 34111 | Learner Walltime = 6756.045 | Min Dist = 0.025 | Min Dist 10 = 0.190 | Min Dist 100 = 0.181 | Min Dist 1000 = 0.161 | Steps Per Second = 87.787 | Success = 1.000 | Success 1000 = 0.990
I0502 16:58:53.093337 139579566835264 terminal.py:91] [Evaluator] Actor Episodes = 43864 | Actor Steps = 2193200 | Delta Dist = 11.763 | Delta Dist 10 = 11.275 | Delta Dist 100 = 11.536 | Delta Dist 1000 = 11.595 | Episode Length = 50 | Episode Return = 14.0 | Evaluator Episodes = 11122 | Evaluator Steps = 556100 | Final Dist = 1.043 | Final Dist 10 = 1.531 | Final Dist 100 = 1.270 | Final Dist 1000 = 1.212 | Init Dist = 12.806 | Init Dist 10 = 12.806 | Init Dist 100 = 12.806 | Init Dist 1000 = 12.806 | Learner Steps = 34111 | Learner Walltime = 6756.045 | Min Dist = 0.072 | Min Dist 10 = 0.944 | Min Dist 100 = 0.657 | Min Dist 1000 = 0.560 | Steps Per Second = 73.799 | Success = 1.000 | Success 1000 = 0.919
I0502 16:58:53.873175 139555860620864 terminal.py:91] [Actor] Actor Episodes = 43867 | Actor Steps = 2193350 | Delta Dist = 5.009 | Delta Dist 10 = 4.083 | Delta Dist 100 = 4.170 | Delta Dist 1000 = 4.407 | Episode Length = 50 | Episode Return = 35.0 | Evaluator Episodes = 11122 | Evaluator Steps = 556100 | Final Dist = 0.376 | Final Dist 10 = 2.777 | Final Dist 100 = 1.787 | Final Dist 1000 = 1.455 | Init Dist = 5.385 | Init Dist 10 = 6.860 | Init Dist 100 = 5.957 | Init Dist 1000 = 5.862 | Learner Steps = 34111 | Learner Walltime = 6756.045 | Min Dist = 0.347 | Min Dist 10 = 0.062 | Min Dist 100 = 0.179 | Min Dist 1000 = 0.160 | Steps Per Second = 70.380 | Success = 1.000 | Success 1000 = 0.990
I0502 16:58:54.366189 139579566835264 terminal.py:91] [Evaluator] Actor Episodes = 43872 | Actor Steps = 2193600 | Delta Dist = 10.438 | Delta Dist 10 = 11.329 | Delta Dist 100 = 11.530 | Delta Dist 1000 = 11.594 | Episode Length = 50 | Episode Return = 0.0 | Evaluator Episodes = 11124 | Evaluator Steps = 556200 | Final Dist = 2.368 | Final Dist 10 = 1.477 | Final Dist 100 = 1.276 | Final Dist 1000 = 1.212 | Init Dist = 12.806 | Init Dist 10 = 12.806 | Init Dist 100 = 12.806 | Init Dist 1000 = 12.806 | Learner Steps = 34118 | Learner Walltime = 6757.464 | Min Dist = 1.325 | Min Dist 10 = 0.840 | Min Dist 100 = 0.659 | Min Dist 1000 = 0.560 | Steps Per Second = 86.626 | Success = 0.000 | Success 1000 = 0.919
I0502 16:58:55.535664 139579566835264 terminal.py:91] [Evaluator] Actor Episodes = 43880 | Actor Steps = 2194000 | Delta Dist = 11.928 | Delta Dist 10 = 11.119 | Delta Dist 100 = 11.513 | Delta Dist 1000 = 11.593 | Episode Length = 50 | Episode Return = 5.0 | Evaluator Episodes = 11126 | Evaluator Steps = 556300 | Final Dist = 0.878 | Final Dist 10 = 1.687 | Final Dist 100 = 1.293 | Final Dist 1000 = 1.213 | Init Dist = 12.806 | Init Dist 10 = 12.806 | Init Dist 100 = 12.806 | Init Dist 1000 = 12.806 | Learner Steps = 34124 | Learner Walltime = 6758.610 | Min Dist = 0.407 | Min Dist 10 = 0.915 | Min Dist 100 = 0.664 | Min Dist 1000 = 0.561 | Steps Per Second = 85.292 | Success = 1.000 | Success 1000 = 0.918
I0502 16:58:56.741315 139579566835264 terminal.py:91] [Evaluator] Actor Episodes = 43888 | Actor Steps = 2194400 | Delta Dist = 12.132 | Delta Dist 10 = 11.685 | Delta Dist 100 = 11.511 | Delta Dist 1000 = 11.592 | Episode Length = 50 | Episode Return = 22.0 | Evaluator Episodes = 11128 | Evaluator Steps = 556400 | Final Dist = 0.674 | Final Dist 10 = 1.122 | Final Dist 100 = 1.296 | Final Dist 1000 = 1.214 | Init Dist = 12.806 | Init Dist 10 = 12.806 | Init Dist 100 = 12.806 | Init Dist 1000 = 12.806 | Learner Steps = 34129 | Learner Walltime = 6759.817 | Min Dist = 0.328 | Min Dist 10 = 0.405 | Min Dist 100 = 0.666 | Min Dist 1000 = 0.561 | Steps Per Second = 84.423 | Success = 1.000 | Success 1000 = 0.918
I0502 16:58:57.602559 139584504182336 lp_utils.py:96] StepsLimiter: Reached 2194800 recorded steps
I0502 16:58:57.987837 139579566835264 terminal.py:91] [Evaluator] Actor Episodes = 43896 | Actor Steps = 2194800 | Delta Dist = 11.142 | Delta Dist 10 = 11.887 | Delta Dist 100 = 11.516 | Delta Dist 1000 = 11.592 | Episode Length = 50 | Episode Return = 21.0 | Evaluator Episodes = 11130 | Evaluator Steps = 556500 | Final Dist = 1.664 | Final Dist 10 = 0.920 | Final Dist 100 = 1.291 | Final Dist 1000 = 1.214 | Init Dist = 12.806 | Init Dist 10 = 12.806 | Init Dist 100 = 12.806 | Init Dist 1000 = 12.806 | Learner Steps = 34136 | Learner Walltime = 6761.266 | Min Dist = 0.104 | Min Dist 10 = 0.328 | Min Dist 100 = 0.661 | Min Dist 1000 = 0.561 | Steps Per Second = 82.845 | Success = 1.000 | Success 1000 = 0.918
I0502 16:58:59.126543 139579566835264 terminal.py:91] [Evaluator] Actor Episodes = 43904 | Actor Steps = 2195200 | Delta Dist = 11.431 | Delta Dist 10 = 11.510 | Delta Dist 100 = 11.472 | Delta Dist 1000 = 11.588 | Episode Length = 50 | Episode Return = 21.0 | Evaluator Episodes = 11132 | Evaluator Steps = 556600 | Final Dist = 1.375 | Final Dist 10 = 1.297 | Final Dist 100 = 1.334 | Final Dist 1000 = 1.218 | Init Dist = 12.806 | Init Dist 10 = 12.806 | Init Dist 100 = 12.806 | Init Dist 1000 = 12.806 | Learner Steps = 34143 | Learner Walltime = 6762.457 | Min Dist = 0.349 | Min Dist 10 = 0.641 | Min Dist 100 = 0.693 | Min Dist 1000 = 0.564 | Steps Per Second = 91.849 | Success = 1.000 | Success 1000 = 0.917
I0502 16:59:00.316863 139579566835264 terminal.py:91] [Evaluator] Actor Episodes = 43912 | Actor Steps = 2195600 | Delta Dist = 10.705 | Delta Dist 10 = 11.378 | Delta Dist 100 = 11.456 | Delta Dist 1000 = 11.594 | Episode Length = 50 | Episode Return = 6.0 | Evaluator Episodes = 11134 | Evaluator Steps = 556700 | Final Dist = 2.101 | Final Dist 10 = 1.428 | Final Dist 100 = 1.350 | Final Dist 1000 = 1.212 | Init Dist = 12.806 | Init Dist 10 = 12.806 | Init Dist 100 = 12.806 | Init Dist 1000 = 12.806 | Learner Steps = 34148 | Learner Walltime = 6763.481 | Min Dist = 0.602 | Min Dist 10 = 0.661 | Min Dist 100 = 0.695 | Min Dist 1000 = 0.558 | Steps Per Second = 81.936 | Success = 1.000 | Success 1000 = 0.918
I0502 16:59:01.244549 139555013154368 terminal.py:91] [Learner] Actor Episodes = 43912 | Actor Loss = 3.749513626098633 | Actor Steps = 2195600 | Binary Accuracy = 0.9959793090820312 | Categorical Accuracy = 0.41046142578125 | Critic Loss = 1.82504403591156 | Entropy Mean = -22.594762802124023 | Evaluator Episodes = 11134 | Evaluator Steps = 556700 | Learner Steps = 34158 | Learner Walltime = 6765.440 | Logits Neg = -17.04703140258789 | Logits Pos = -1.7778680324554443 | Logsumexp = 1.100377082824707 | Steps Per Second = 121.082
I0502 16:59:01.590039 139579566835264 terminal.py:91] [Evaluator] Actor Episodes = 43920 | Actor Steps = 2196000 | Delta Dist = 12.124 | Delta Dist 10 = 11.458 | Delta Dist 100 = 11.446 | Delta Dist 1000 = 11.593 | Episode Length = 50 | Episode Return = 25.0 | Evaluator Episodes = 11136 | Evaluator Steps = 556800 | Final Dist = 0.682 | Final Dist 10 = 1.348 | Final Dist 100 = 1.360 | Final Dist 1000 = 1.214 | Init Dist = 12.806 | Init Dist 10 = 12.806 | Init Dist 100 = 12.806 | Init Dist 1000 = 12.806 | Learner Steps = 34154 | Learner Walltime = 6764.635 | Min Dist = 0.219 | Min Dist 10 = 0.596 | Min Dist 100 = 0.699 | Min Dist 1000 = 0.558 | Steps Per Second = 81.112 | Success = 1.000 | Success 1000 = 0.918
I0502 16:59:01.982368 139569349502528 terminal.py:91] [Actor] Actor Episodes = 43924 | Actor Steps = 2196200 | Delta Dist = -1.326 | Delta Dist 10 = 3.470 | Delta Dist 100 = 4.173 | Delta Dist 1000 = 4.456 | Episode Length = 50 | Episode Return = 33.0 | Evaluator Episodes = 11136 | Evaluator Steps = 556800 | Final Dist = 1.326 | Final Dist 10 = 2.706 | Final Dist 100 = 1.816 | Final Dist 1000 = 1.428 | Init Dist = 0.000 | Init Dist 10 = 6.176 | Init Dist 100 = 5.989 | Init Dist 1000 = 5.884 | Learner Steps = 34161 | Learner Walltime = 6766.118 | Min Dist = 0.000 | Min Dist 10 = 0.420 | Min Dist 100 = 0.224 | Min Dist 1000 = 0.163 | Steps Per Second = 78.053 | Success = 1.000 | Success 1000 = 0.992
I0502 16:59:02.872848 139579566835264 terminal.py:91] [Evaluator] Actor Episodes = 43928 | Actor Steps = 2196400 | Delta Dist = 11.658 | Delta Dist 10 = 11.545 | Delta Dist 100 = 11.457 | Delta Dist 1000 = 11.594 | Episode Length = 50 | Episode Return = 22.0 | Evaluator Episodes = 11138 | Evaluator Steps = 556900 | Final Dist = 1.148 | Final Dist 10 = 1.261 | Final Dist 100 = 1.349 | Final Dist 1000 = 1.213 | Init Dist = 12.806 | Init Dist 10 = 12.806 | Init Dist 100 = 12.806 | Init Dist 1000 = 12.806 | Learner Steps = 34161 | Learner Walltime = 6766.118 | Min Dist = 0.141 | Min Dist 10 = 0.577 | Min Dist 100 = 0.694 | Min Dist 1000 = 0.558 | Steps Per Second = 80.461 | Success = 1.000 | Success 1000 = 0.918
I0502 16:59:02.893287 139558059398720 terminal.py:91] [Actor] Actor Episodes = 43927 | Actor Steps = 2196350 | Delta Dist = 6.118 | Delta Dist 10 = 2.860 | Delta Dist 100 = 3.997 | Delta Dist 1000 = 4.454 | Episode Length = 50 | Episode Return = 40.0 | Evaluator Episodes = 11136 | Evaluator Steps = 556800 | Final Dist = 0.206 | Final Dist 10 = 2.349 | Final Dist 100 = 1.832 | Final Dist 1000 = 1.435 | Init Dist = 6.325 | Init Dist 10 = 5.209 | Init Dist 100 = 5.829 | Init Dist 1000 = 5.889 | Learner Steps = 34161 | Learner Walltime = 6766.118 | Min Dist = 0.036 | Min Dist 10 = 0.470 | Min Dist 100 = 0.229 | Min Dist 1000 = 0.164 | Steps Per Second = 77.279 | Success = 1.000 | Success 1000 = 0.992
I0502 16:59:03.033941 139557462840896 terminal.py:91] [Actor] Actor Episodes = 43929 | Actor Steps = 2196450 | Delta Dist = 6.971 | Delta Dist 10 = 3.090 | Delta Dist 100 = 4.036 | Delta Dist 1000 = 4.459 | Episode Length = 50 | Episode Return = 16.0 | Evaluator Episodes = 11136 | Evaluator Steps = 556800 | Final Dist = 0.101 | Final Dist 10 = 1.670 | Final Dist 100 = 1.834 | Final Dist 1000 = 1.434 | Init Dist = 7.071 | Init Dist 10 = 4.760 | Init Dist 100 = 5.870 | Init Dist 1000 = 5.893 | Learner Steps = 34161 | Learner Walltime = 6766.118 | Min Dist = 0.027 | Min Dist 10 = 0.460 | Min Dist 100 = 0.229 | Min Dist 1000 = 0.164 | Steps Per Second = 86.495 | Success = 1.000 | Success 1000 = 0.992
I0502 16:59:04.137806 139579566835264 terminal.py:91] [Evaluator] Actor Episodes = 43936 | Actor Steps = 2196800 | Delta Dist = 6.118 | Delta Dist 10 = 11.486 | Delta Dist 100 = 11.463 | Delta Dist 1000 = 11.592 | Episode Length = 50 | Episode Return = 0.0 | Evaluator Episodes = 11140 | Evaluator Steps = 557000 | Final Dist = 6.689 | Final Dist 10 = 1.320 | Final Dist 100 = 1.343 | Final Dist 1000 = 1.214 | Init Dist = 12.806 | Init Dist 10 = 12.806 | Init Dist 100 = 12.806 | Init Dist 1000 = 12.806 | Learner Steps = 34174 | Learner Walltime = 6768.260 | Min Dist = 4.976 | Min Dist 10 = 0.584 | Min Dist 100 = 0.690 | Min Dist 1000 = 0.558 | Steps Per Second = 73.942 | Success = 0.000 | Success 1000 = 0.918
I0502 16:59:04.437440 139555860620864 terminal.py:91] [Actor] Actor Episodes = 43938 | Actor Steps = 2196900 | Delta Dist = 0.824 | Delta Dist 10 = 5.362 | Delta Dist 100 = 4.168 | Delta Dist 1000 = 4.459 | Episode Length = 50 | Episode Return = 15.0 | Evaluator Episodes = 11140 | Evaluator Steps = 557000 | Final Dist = 0.176 | Final Dist 10 = 1.016 | Final Dist 100 = 1.789 | Final Dist 1000 = 1.436 | Init Dist = 1.000 | Init Dist 10 = 6.378 | Init Dist 100 = 5.958 | Init Dist 1000 = 5.895 | Learner Steps = 34174 | Learner Walltime = 6768.260 | Min Dist = 0.123 | Min Dist 10 = 0.039 | Min Dist 100 = 0.226 | Min Dist 1000 = 0.163 | Steps Per Second = 74.216 | Success = 1.000 | Success 1000 = 0.992
I0502 16:59:05.258455 139579566835264 terminal.py:91] [Evaluator] Actor Episodes = 43944 | Actor Steps = 2197200 | Delta Dist = 12.030 | Delta Dist 10 = 11.234 | Delta Dist 100 = 11.411 | Delta Dist 1000 = 11.595 | Episode Length = 50 | Episode Return = 2.0 | Evaluator Episodes = 11142 | Evaluator Steps = 557100 | Final Dist = 0.776 | Final Dist 10 = 1.573 | Final Dist 100 = 1.395 | Final Dist 1000 = 1.212 | Init Dist = 12.806 | Init Dist 10 = 12.806 | Init Dist 100 = 12.806 | Init Dist 1000 = 12.806 | Learner Steps = 34178 | Learner Walltime = 6769.300 | Min Dist = 0.572 | Min Dist 10 = 0.802 | Min Dist 100 = 0.738 | Min Dist 1000 = 0.555 | Steps Per Second = 90.094 | Success = 1.000 | Success 1000 = 0.918
I0502 16:59:06.400307 139579566835264 terminal.py:91] [Evaluator] Actor Episodes = 43952 | Actor Steps = 2197600 | Delta Dist = 11.411 | Delta Dist 10 = 11.315 | Delta Dist 100 = 11.415 | Delta Dist 1000 = 11.595 | Episode Length = 50 | Episode Return = 6.0 | Evaluator Episodes = 11144 | Evaluator Steps = 557200 | Final Dist = 1.395 | Final Dist 10 = 1.492 | Final Dist 100 = 1.392 | Final Dist 1000 = 1.212 | Init Dist = 12.806 | Init Dist 10 = 12.806 | Init Dist 100 = 12.806 | Init Dist 1000 = 12.806 | Learner Steps = 34183 | Learner Walltime = 6770.481 | Min Dist = 0.521 | Min Dist 10 = 0.819 | Min Dist 100 = 0.741 | Min Dist 1000 = 0.556 | Steps Per Second = 89.475 | Success = 1.000 | Success 1000 = 0.918
I0502 16:59:07.621709 139584504182336 lp_utils.py:96] StepsLimiter: Reached 2198000 recorded steps
I0502 16:59:07.748336 139579566835264 terminal.py:91] [Evaluator] Actor Episodes = 43960 | Actor Steps = 2198000 | Delta Dist = 12.427 | Delta Dist 10 = 11.322 | Delta Dist 100 = 11.422 | Delta Dist 1000 = 11.593 | Episode Length = 50 | Episode Return = 22.0 | Evaluator Episodes = 11146 | Evaluator Steps = 557300 | Final Dist = 0.379 | Final Dist 10 = 1.484 | Final Dist 100 = 1.384 | Final Dist 1000 = 1.213 | Init Dist = 12.806 | Init Dist 10 = 12.806 | Init Dist 100 = 12.806 | Init Dist 1000 = 12.806 | Learner Steps = 34189 | Learner Walltime = 6771.485 | Min Dist = 0.074 | Min Dist 10 = 0.901 | Min Dist 100 = 0.744 | Min Dist 1000 = 0.557 | Steps Per Second = 67.060 | Success = 1.000 | Success 1000 = 0.917
I0502 16:59:09.017128 139579566835264 terminal.py:91] [Evaluator] Actor Episodes = 43968 | Actor Steps = 2198400 | Delta Dist = 12.324 | Delta Dist 10 = 11.333 | Delta Dist 100 = 11.442 | Delta Dist 1000 = 11.594 | Episode Length = 50 | Episode Return = 21.0 | Evaluator Episodes = 11148 | Evaluator Steps = 557400 | Final Dist = 0.483 | Final Dist 10 = 1.474 | Final Dist 100 = 1.364 | Final Dist 1000 = 1.212 | Init Dist = 12.806 | Init Dist 10 = 12.806 | Init Dist 100 = 12.806 | Init Dist 1000 = 12.806 | Learner Steps = 34193 | Learner Walltime = 6772.642 | Min Dist = 0.442 | Min Dist 10 = 0.890 | Min Dist 100 = 0.740 | Min Dist 1000 = 0.557 | Steps Per Second = 81.501 | Success = 1.000 | Success 1000 = 0.917
I0502 16:59:10.132907 139579566835264 terminal.py:91] [Evaluator] Actor Episodes = 43974 | Actor Steps = 2198700 | Delta Dist = 11.495 | Delta Dist 10 = 11.371 | Delta Dist 100 = 11.446 | Delta Dist 1000 = 11.593 | Episode Length = 50 | Episode Return = 13.0 | Evaluator Episodes = 11150 | Evaluator Steps = 557500 | Final Dist = 1.312 | Final Dist 10 = 1.435 | Final Dist 100 = 1.360 | Final Dist 1000 = 1.213 | Init Dist = 12.806 | Init Dist 10 = 12.806 | Init Dist 100 = 12.806 | Init Dist 1000 = 12.806 | Learner Steps = 34198 | Learner Walltime = 6773.794 | Min Dist = 0.960 | Min Dist 10 = 0.913 | Min Dist 100 = 0.734 | Min Dist 1000 = 0.557 | Steps Per Second = 96.658 | Success = 1.000 | Success 1000 = 0.917
I0502 16:59:11.308145 139579566835264 terminal.py:91] [Evaluator] Actor Episodes = 43982 | Actor Steps = 2199100 | Delta Dist = 12.697 | Delta Dist 10 = 11.872 | Delta Dist 100 = 11.436 | Delta Dist 1000 = 11.592 | Episode Length = 50 | Episode Return = 30.0 | Evaluator Episodes = 11152 | Evaluator Steps = 557600 | Final Dist = 0.109 | Final Dist 10 = 0.934 | Final Dist 100 = 1.370 | Final Dist 1000 = 1.214 | Init Dist = 12.806 | Init Dist 10 = 12.806 | Init Dist 100 = 12.806 | Init Dist 1000 = 12.806 | Learner Steps = 34204 | Learner Walltime = 6774.800 | Min Dist = 0.042 | Min Dist 10 = 0.485 | Min Dist 100 = 0.746 | Min Dist 1000 = 0.558 | Steps Per Second = 79.912 | Success = 1.000 | Success 1000 = 0.917
I0502 16:59:11.502505 139555013154368 terminal.py:91] [Learner] Actor Episodes = 43976 | Actor Loss = 3.5965423583984375 | Actor Steps = 2198800 | Binary Accuracy = 0.9960815906524658 | Categorical Accuracy = 0.43267822265625 | Critic Loss = 1.7283825874328613 | Entropy Mean = -24.23757553100586 | Evaluator Episodes = 11150 | Evaluator Steps = 557500 | Learner Steps = 34208 | Learner Walltime = 6775.702 | Logits Neg = -17.5903263092041 | Logits Pos = -1.7181106805801392 | Logsumexp = 1.2152132987976074 | Steps Per Second = 140.550
I0502 16:59:12.231744 139569349502528 terminal.py:91] [Actor] Actor Episodes = 43988 | Actor Steps = 2199400 | Delta Dist = 4.991 | Delta Dist 10 = 4.329 | Delta Dist 100 = 4.353 | Delta Dist 1000 = 4.432 | Episode Length = 50 | Episode Return = 20.0 | Evaluator Episodes = 11152 | Evaluator Steps = 557600 | Final Dist = 0.394 | Final Dist 10 = 2.271 | Final Dist 100 = 1.859 | Final Dist 1000 = 1.456 | Init Dist = 5.385 | Init Dist 10 = 6.600 | Init Dist 100 = 6.211 | Init Dist 1000 = 5.888 | Learner Steps = 34210 | Learner Walltime = 6775.814 | Min Dist = 0.024 | Min Dist 10 = 0.078 | Min Dist 100 = 0.181 | Min Dist 1000 = 0.162 | Steps Per Second = 95.202 | Success = 1.000 | Success 1000 = 0.992
I0502 16:59:12.464731 139579566835264 terminal.py:91] [Evaluator] Actor Episodes = 43990 | Actor Steps = 2199500 | Delta Dist = 10.858 | Delta Dist 10 = 11.935 | Delta Dist 100 = 11.440 | Delta Dist 1000 = 11.592 | Episode Length = 50 | Episode Return = 2.0 | Evaluator Episodes = 11154 | Evaluator Steps = 557700 | Final Dist = 1.948 | Final Dist 10 = 0.871 | Final Dist 100 = 1.366 | Final Dist 1000 = 1.214 | Init Dist = 12.806 | Init Dist 10 = 12.806 | Init Dist 100 = 12.806 | Init Dist 1000 = 12.806 | Learner Steps = 34210 | Learner Walltime = 6775.814 | Min Dist = 0.837 | Min Dist 10 = 0.417 | Min Dist 100 = 0.734 | Min Dist 1000 = 0.558 | Steps Per Second = 87.913 | Success = 1.000 | Success 1000 = 0.917
I0502 16:59:13.064620 139557462840896 terminal.py:91] [Actor] Actor Episodes = 43991 | Actor Steps = 2199550 | Delta Dist = 6.821 | Delta Dist 10 = 5.061 | Delta Dist 100 = 4.446 | Delta Dist 1000 = 4.431 | Episode Length = 50 | Episode Return = 0.0 | Evaluator Episodes = 11152 | Evaluator Steps = 557600 | Final Dist = 3.028 | Final Dist 10 = 0.999 | Final Dist 100 = 1.797 | Final Dist 1000 = 1.453 | Init Dist = 9.849 | Init Dist 10 = 6.060 | Init Dist 100 = 6.243 | Init Dist 1000 = 5.884 | Learner Steps = 34210 | Learner Walltime = 6775.814 | Min Dist = 0.044 | Min Dist 10 = 0.070 | Min Dist 100 = 0.107 | Min Dist 1000 = 0.161 | Steps Per Second = 82.572 | Success = 1.000 | Success 1000 = 0.992
I0502 16:59:13.301705 139558059398720 terminal.py:91] [Actor] Actor Episodes = 43993 | Actor Steps = 2199650 | Delta Dist = 1.218 | Delta Dist 10 = 5.261 | Delta Dist 100 = 4.560 | Delta Dist 1000 = 4.444 | Episode Length = 50 | Episode Return = 28.0 | Evaluator Episodes = 11154 | Evaluator Steps = 557700 | Final Dist = 0.196 | Final Dist 10 = 1.143 | Final Dist 100 = 1.772 | Final Dist 1000 = 1.447 | Init Dist = 1.414 | Init Dist 10 = 6.404 | Init Dist 100 = 6.332 | Init Dist 1000 = 5.891 | Learner Steps = 34210 | Learner Walltime = 6775.814 | Min Dist = 0.043 | Min Dist 10 = 0.054 | Min Dist 100 = 0.108 | Min Dist 1000 = 0.161 | Steps Per Second = 78.927 | Success = 1.000 | Success 1000 = 0.992
I0502 16:59:13.740180 139579566835264 terminal.py:91] [Evaluator] Actor Episodes = 43998 | Actor Steps = 2199900 | Delta Dist = 11.909 | Delta Dist 10 = 11.883 | Delta Dist 100 = 11.480 | Delta Dist 1000 = 11.590 | Episode Length = 50 | Episode Return = 11.0 | Evaluator Episodes = 11156 | Evaluator Steps = 557800 | Final Dist = 0.897 | Final Dist 10 = 0.924 | Final Dist 100 = 1.326 | Final Dist 1000 = 1.216 | Init Dist = 12.806 | Init Dist 10 = 12.806 | Init Dist 100 = 12.806 | Init Dist 1000 = 12.806 | Learner Steps = 34215 | Learner Walltime = 6777.020 | Min Dist = 0.593 | Min Dist 10 = 0.375 | Min Dist 100 = 0.690 | Min Dist 1000 = 0.558 | Steps Per Second = 82.823 | Success = 1.000 | Success 1000 = 0.917
I0502 16:59:14.664299 139555860620864 terminal.py:91] [Actor] Actor Episodes = 44002 | Actor Steps = 2200100 | Delta Dist = 8.860 | Delta Dist 10 = 3.566 | Delta Dist 100 = 4.396 | Delta Dist 1000 = 4.447 | Episode Length = 50 | Episode Return = 41.0 | Evaluator Episodes = 11156 | Evaluator Steps = 557800 | Final Dist = 0.195 | Final Dist 10 = 2.458 | Final Dist 100 = 1.834 | Final Dist 1000 = 1.445 | Init Dist = 9.055 | Init Dist 10 = 6.024 | Init Dist 100 = 6.230 | Init Dist 1000 = 5.892 | Learner Steps = 34221 | Learner Walltime = 6778.288 | Min Dist = 0.081 | Min Dist 10 = 0.083 | Min Dist 100 = 0.113 | Min Dist 1000 = 0.161 | Steps Per Second = 80.345 | Success = 1.000 | Success 1000 = 0.992
I0502 16:59:15.071138 139579566835264 terminal.py:91] [Evaluator] Actor Episodes = 44006 | Actor Steps = 2200300 | Delta Dist = 12.652 | Delta Dist 10 = 11.798 | Delta Dist 100 = 11.487 | Delta Dist 1000 = 11.591 | Episode Length = 50 | Episode Return = 27.0 | Evaluator Episodes = 11158 | Evaluator Steps = 557900 | Final Dist = 0.154 | Final Dist 10 = 1.008 | Final Dist 100 = 1.319 | Final Dist 1000 = 1.215 | Init Dist = 12.806 | Init Dist 10 = 12.806 | Init Dist 100 = 12.806 | Init Dist 1000 = 12.806 | Learner Steps = 34221 | Learner Walltime = 6778.288 | Min Dist = 0.111 | Min Dist 10 = 0.438 | Min Dist 100 = 0.684 | Min Dist 1000 = 0.558 | Steps Per Second = 73.656 | Success = 1.000 | Success 1000 = 0.917
I0502 16:59:16.260826 139579566835264 terminal.py:91] [Evaluator] Actor Episodes = 44012 | Actor Steps = 2200600 | Delta Dist = 12.230 | Delta Dist 10 = 11.818 | Delta Dist 100 = 11.497 | Delta Dist 1000 = 11.593 | Episode Length = 50 | Episode Return = 22.0 | Evaluator Episodes = 11160 | Evaluator Steps = 558000 | Final Dist = 0.576 | Final Dist 10 = 0.989 | Final Dist 100 = 1.309 | Final Dist 1000 = 1.214 | Init Dist = 12.806 | Init Dist 10 = 12.806 | Init Dist 100 = 12.806 | Init Dist 1000 = 12.806 | Learner Steps = 34228 | Learner Walltime = 6779.646 | Min Dist = 0.317 | Min Dist 10 = 0.383 | Min Dist 100 = 0.674 | Min Dist 1000 = 0.557 | Steps Per Second = 86.462 | Success = 1.000 | Success 1000 = 0.917
I0502 16:59:17.444014 139579566835264 terminal.py:91] [Evaluator] Actor Episodes = 44020 | Actor Steps = 2201000 | Delta Dist = 11.960 | Delta Dist 10 = 11.987 | Delta Dist 100 = 11.511 | Delta Dist 1000 = 11.593 | Episode Length = 50 | Episode Return = 26.0 | Evaluator Episodes = 11162 | Evaluator Steps = 558100 | Final Dist = 0.846 | Final Dist 10 = 0.819 | Final Dist 100 = 1.295 | Final Dist 1000 = 1.213 | Init Dist = 12.806 | Init Dist 10 = 12.806 | Init Dist 100 = 12.806 | Init Dist 1000 = 12.806 | Learner Steps = 34234 | Learner Walltime = 6780.833 | Min Dist = 0.415 | Min Dist 10 = 0.303 | Min Dist 100 = 0.671 | Min Dist 1000 = 0.558 | Steps Per Second = 81.828 | Success = 1.000 | Success 1000 = 0.917
I0502 16:59:17.648679 139584504182336 lp_utils.py:96] StepsLimiter: Reached 2201100 recorded steps
I0502 16:59:18.725377 139579566835264 terminal.py:91] [Evaluator] Actor Episodes = 44028 | Actor Steps = 2201400 | Delta Dist = 12.630 | Delta Dist 10 = 11.914 | Delta Dist 100 = 11.515 | Delta Dist 1000 = 11.592 | Episode Length = 50 | Episode Return = 28.0 | Evaluator Episodes = 11164 | Evaluator Steps = 558200 | Final Dist = 0.176 | Final Dist 10 = 0.892 | Final Dist 100 = 1.291 | Final Dist 1000 = 1.214 | Init Dist = 12.806 | Init Dist 10 = 12.806 | Init Dist 100 = 12.806 | Init Dist 1000 = 12.806 | Learner Steps = 34240 | Learner Walltime = 6782.043 | Min Dist = 0.085 | Min Dist 10 = 0.354 | Min Dist 100 = 0.666 | Min Dist 1000 = 0.558 | Steps Per Second = 78.440 | Success = 1.000 | Success 1000 = 0.917
I0502 16:59:19.949202 139579566835264 terminal.py:91] [Evaluator] Actor Episodes = 44036 | Actor Steps = 2201800 | Delta Dist = 11.517 | Delta Dist 10 = 12.129 | Delta Dist 100 = 11.541 | Delta Dist 1000 = 11.593 | Episode Length = 50 | Episode Return = 13.0 | Evaluator Episodes = 11166 | Evaluator Steps = 558300 | Final Dist = 1.289 | Final Dist 10 = 0.677 | Final Dist 100 = 1.266 | Final Dist 1000 = 1.214 | Init Dist = 12.806 | Init Dist 10 = 12.806 | Init Dist 100 = 12.806 | Init Dist 1000 = 12.806 | Learner Steps = 34246 | Learner Walltime = 6783.129 | Min Dist = 0.165 | Min Dist 10 = 0.279 | Min Dist 100 = 0.656 | Min Dist 1000 = 0.559 | Steps Per Second = 83.843 | Success = 1.000 | Success 1000 = 0.917
I0502 16:59:21.279827 139579566835264 terminal.py:91] [Evaluator] Actor Episodes = 44044 | Actor Steps = 2202200 | Delta Dist = 11.667 | Delta Dist 10 = 12.040 | Delta Dist 100 = 11.534 | Delta Dist 1000 = 11.592 | Episode Length = 50 | Episode Return = 12.0 | Evaluator Episodes = 11168 | Evaluator Steps = 558400 | Final Dist = 1.139 | Final Dist 10 = 0.766 | Final Dist 100 = 1.272 | Final Dist 1000 = 1.215 | Init Dist = 12.806 | Init Dist 10 = 12.806 | Init Dist 100 = 12.806 | Init Dist 1000 = 12.806 | Learner Steps = 34256 | Learner Walltime = 6785.373 | Min Dist = 0.266 | Min Dist 10 = 0.242 | Min Dist 100 = 0.654 | Min Dist 1000 = 0.558 | Steps Per Second = 71.340 | Success = 1.000 | Success 1000 = 0.917
I0502 16:59:21.761155 139555013154368 terminal.py:91] [Learner] Actor Episodes = 44044 | Actor Loss = 3.6236772537231445 | Actor Steps = 2202200 | Binary Accuracy = 0.9960117340087891 | Categorical Accuracy = 0.42034912109375 | Critic Loss = 1.7952361106872559 | Entropy Mean = -23.984649658203125 | Evaluator Episodes = 11166 | Evaluator Steps = 558300 | Learner Steps = 34259 | Learner Walltime = 6785.953 | Logits Neg = -17.503259658813477 | Logits Pos = -1.758283257484436 | Logsumexp = 1.077925682067871 | Steps Per Second = 222.312
I0502 16:59:22.495853 139579566835264 terminal.py:91] [Evaluator] Actor Episodes = 44052 | Actor Steps = 2202600 | Delta Dist = 11.973 | Delta Dist 10 = 11.954 | Delta Dist 100 = 11.536 | Delta Dist 1000 = 11.591 | Episode Length = 50 | Episode Return = 19.0 | Evaluator Episodes = 11170 | Evaluator Steps = 558500 | Final Dist = 0.833 | Final Dist 10 = 0.852 | Final Dist 100 = 1.271 | Final Dist 1000 = 1.215 | Init Dist = 12.806 | Init Dist 10 = 12.806 | Init Dist 100 = 12.806 | Init Dist 1000 = 12.806 | Learner Steps = 34262 | Learner Walltime = 6786.553 | Min Dist = 0.357 | Min Dist 10 = 0.324 | Min Dist 100 = 0.658 | Min Dist 1000 = 0.559 | Steps Per Second = 86.654 | Success = 1.000 | Success 1000 = 0.917
I0502 16:59:22.636867 139569349502528 terminal.py:91] [Actor] Actor Episodes = 44051 | Actor Steps = 2202550 | Delta Dist = 5.942 | Delta Dist 10 = 4.219 | Delta Dist 100 = 4.729 | Delta Dist 1000 = 4.501 | Episode Length = 50 | Episode Return = 46.0 | Evaluator Episodes = 11168 | Evaluator Steps = 558400 | Final Dist = 0.766 | Final Dist 10 = 1.564 | Final Dist 100 = 1.421 | Final Dist 1000 = 1.447 | Init Dist = 6.708 | Init Dist 10 = 5.783 | Init Dist 100 = 6.149 | Init Dist 1000 = 5.948 | Learner Steps = 34256 | Learner Walltime = 6785.373 | Min Dist = 0.085 | Min Dist 10 = 0.103 | Min Dist 100 = 0.085 | Min Dist 1000 = 0.162 | Steps Per Second = 83.471 | Success = 1.000 | Success 1000 = 0.991
I0502 16:59:22.761987 139584635659840 savers.py:156] Saving checkpoint: logs/contrastive_cpc_point_FourRooms_64/5dd72662-2788-11f0-b183-d85ed38c5779/checkpoints/counter
I0502 16:59:23.289316 139557462840896 terminal.py:91] [Actor] Actor Episodes = 44055 | Actor Steps = 2202750 | Delta Dist = 0.952 | Delta Dist 10 = 4.281 | Delta Dist 100 = 4.712 | Delta Dist 1000 = 4.506 | Episode Length = 50 | Episode Return = 37.0 | Evaluator Episodes = 11170 | Evaluator Steps = 558500 | Final Dist = 1.048 | Final Dist 10 = 1.671 | Final Dist 100 = 1.439 | Final Dist 1000 = 1.442 | Init Dist = 2.000 | Init Dist 10 = 5.951 | Init Dist 100 = 6.151 | Init Dist 1000 = 5.948 | Learner Steps = 34262 | Learner Walltime = 6786.553 | Min Dist = 0.041 | Min Dist 10 = 0.063 | Min Dist 100 = 0.086 | Min Dist 1000 = 0.162 | Steps Per Second = 71.159 | Success = 1.000 | Success 1000 = 0.991
I0502 16:59:23.571312 139558059398720 terminal.py:91] [Actor] Actor Episodes = 44057 | Actor Steps = 2202850 | Delta Dist = 9.404 | Delta Dist 10 = 3.694 | Delta Dist 100 = 4.736 | Delta Dist 1000 = 4.497 | Episode Length = 50 | Episode Return = 39.0 | Evaluator Episodes = 11170 | Evaluator Steps = 558500 | Final Dist = 0.082 | Final Dist 10 = 1.919 | Final Dist 100 = 1.377 | Final Dist 1000 = 1.445 | Init Dist = 9.487 | Init Dist 10 = 5.613 | Init Dist 100 = 6.113 | Init Dist 1000 = 5.942 | Learner Steps = 34262 | Learner Walltime = 6786.553 | Min Dist = 0.021 | Min Dist 10 = 0.077 | Min Dist 100 = 0.088 | Min Dist 1000 = 0.163 | Steps Per Second = 75.013 | Success = 1.000 | Success 1000 = 0.991
I0502 16:59:23.799573 139579566835264 terminal.py:91] [Evaluator] Actor Episodes = 44060 | Actor Steps = 2203000 | Delta Dist = 11.911 | Delta Dist 10 = 11.816 | Delta Dist 100 = 11.537 | Delta Dist 1000 = 11.590 | Episode Length = 50 | Episode Return = 9.0 | Evaluator Episodes = 11172 | Evaluator Steps = 558600 | Final Dist = 0.895 | Final Dist 10 = 0.990 | Final Dist 100 = 1.269 | Final Dist 1000 = 1.216 | Init Dist = 12.806 | Init Dist 10 = 12.806 | Init Dist 100 = 12.806 | Init Dist 1000 = 12.806 | Learner Steps = 34268 | Learner Walltime = 6787.684 | Min Dist = 0.365 | Min Dist 10 = 0.432 | Min Dist 100 = 0.669 | Min Dist 1000 = 0.560 | Steps Per Second = 80.913 | Success = 1.000 | Success 1000 = 0.916
I0502 16:59:24.840926 139555860620864 terminal.py:91] [Actor] Actor Episodes = 44068 | Actor Steps = 2203400 | Delta Dist = 9.357 | Delta Dist 10 = 3.574 | Delta Dist 100 = 4.616 | Delta Dist 1000 = 4.492 | Episode Length = 50 | Episode Return = 31.0 | Evaluator Episodes = 11172 | Evaluator Steps = 558600 | Final Dist = 0.543 | Final Dist 10 = 2.971 | Final Dist 100 = 1.581 | Final Dist 1000 = 1.464 | Init Dist = 9.899 | Init Dist 10 = 6.545 | Init Dist 100 = 6.197 | Init Dist 1000 = 5.956 | Learner Steps = 34273 | Learner Walltime = 6788.873 | Min Dist = 0.135 | Min Dist 10 = 0.074 | Min Dist 100 = 0.091 | Min Dist 1000 = 0.162 | Steps Per Second = 75.959 | Success = 1.000 | Success 1000 = 0.991
I0502 16:59:25.098704 139579566835264 terminal.py:91] [Evaluator] Actor Episodes = 44068 | Actor Steps = 2203400 | Delta Dist = 11.559 | Delta Dist 10 = 11.909 | Delta Dist 100 = 11.549 | Delta Dist 1000 = 11.590 | Episode Length = 50 | Episode Return = 13.0 | Evaluator Episodes = 11174 | Evaluator Steps = 558700 | Final Dist = 1.247 | Final Dist 10 = 0.897 | Final Dist 100 = 1.257 | Final Dist 1000 = 1.216 | Init Dist = 12.806 | Init Dist 10 = 12.806 | Init Dist 100 = 12.806 | Init Dist 1000 = 12.806 | Learner Steps = 34273 | Learner Walltime = 6788.873 | Min Dist = 0.136 | Min Dist 10 = 0.422 | Min Dist 100 = 0.659 | Min Dist 1000 = 0.560 | Steps Per Second = 76.980 | Success = 1.000 | Success 1000 = 0.916
I0502 16:59:26.378116 139579566835264 terminal.py:91] [Evaluator] Actor Episodes = 44076 | Actor Steps = 2203800 | Delta Dist = 12.350 | Delta Dist 10 = 11.721 | Delta Dist 100 = 11.534 | Delta Dist 1000 = 11.589 | Episode Length = 50 | Episode Return = 16.0 | Evaluator Episodes = 11176 | Evaluator Steps = 558800 | Final Dist = 0.456 | Final Dist 10 = 1.086 | Final Dist 100 = 1.272 | Final Dist 1000 = 1.217 | Init Dist = 12.806 | Init Dist 10 = 12.806 | Init Dist 100 = 12.806 | Init Dist 1000 = 12.806 | Learner Steps = 34279 | Learner Walltime = 6790.191 | Min Dist = 0.129 | Min Dist 10 = 0.508 | Min Dist 100 = 0.669 | Min Dist 1000 = 0.561 | Steps Per Second = 80.542 | Success = 1.000 | Success 1000 = 0.915
I0502 16:59:27.588042 139579566835264 terminal.py:91] [Evaluator] Actor Episodes = 44084 | Actor Steps = 2204200 | Delta Dist = 12.025 | Delta Dist 10 = 11.801 | Delta Dist 100 = 11.525 | Delta Dist 1000 = 11.589 | Episode Length = 50 | Episode Return = 2.0 | Evaluator Episodes = 11178 | Evaluator Steps = 558900 | Final Dist = 0.781 | Final Dist 10 = 1.005 | Final Dist 100 = 1.281 | Final Dist 1000 = 1.218 | Init Dist = 12.806 | Init Dist 10 = 12.806 | Init Dist 100 = 12.806 | Init Dist 1000 = 12.806 | Learner Steps = 34286 | Learner Walltime = 6791.499 | Min Dist = 0.476 | Min Dist 10 = 0.504 | Min Dist 100 = 0.673 | Min Dist 1000 = 0.561 | Steps Per Second = 79.558 | Success = 1.000 | Success 1000 = 0.915
I0502 16:59:27.667843 139584504182336 lp_utils.py:96] StepsLimiter: Reached 2204200 recorded steps
I0502 16:59:28.976819 139579566835264 terminal.py:91] [Evaluator] Actor Episodes = 44092 | Actor Steps = 2204600 | Delta Dist = 12.138 | Delta Dist 10 = 11.846 | Delta Dist 100 = 11.532 | Delta Dist 1000 = 11.588 | Episode Length = 50 | Episode Return = 19.0 | Evaluator Episodes = 11180 | Evaluator Steps = 559000 | Final Dist = 0.669 | Final Dist 10 = 0.960 | Final Dist 100 = 1.274 | Final Dist 1000 = 1.218 | Init Dist = 12.806 | Init Dist 10 = 12.806 | Init Dist 100 = 12.806 | Init Dist 1000 = 12.806 | Learner Steps = 34292 | Learner Walltime = 6792.522 | Min Dist = 0.234 | Min Dist 10 = 0.467 | Min Dist 100 = 0.674 | Min Dist 1000 = 0.561 | Steps Per Second = 79.224 | Success = 1.000 | Success 1000 = 0.915
I0502 16:59:30.204729 139579566835264 terminal.py:91] [Evaluator] Actor Episodes = 44100 | Actor Steps = 2205000 | Delta Dist = 12.392 | Delta Dist 10 = 11.876 | Delta Dist 100 = 11.536 | Delta Dist 1000 = 11.587 | Episode Length = 50 | Episode Return = 15.0 | Evaluator Episodes = 11182 | Evaluator Steps = 559100 | Final Dist = 0.414 | Final Dist 10 = 0.930 | Final Dist 100 = 1.271 | Final Dist 1000 = 1.219 | Init Dist = 12.806 | Init Dist 10 = 12.806 | Init Dist 100 = 12.806 | Init Dist 1000 = 12.806 | Learner Steps = 34297 | Learner Walltime = 6793.751 | Min Dist = 0.298 | Min Dist 10 = 0.322 | Min Dist 100 = 0.671 | Min Dist 1000 = 0.561 | Steps Per Second = 84.399 | Success = 1.000 | Success 1000 = 0.915
I0502 16:59:31.413256 139579566835264 terminal.py:91] [Evaluator] Actor Episodes = 44108 | Actor Steps = 2205400 | Delta Dist = 12.190 | Delta Dist 10 = 11.868 | Delta Dist 100 = 11.543 | Delta Dist 1000 = 11.587 | Episode Length = 50 | Episode Return = 24.0 | Evaluator Episodes = 11184 | Evaluator Steps = 559200 | Final Dist = 0.616 | Final Dist 10 = 0.938 | Final Dist 100 = 1.264 | Final Dist 1000 = 1.219 | Init Dist = 12.806 | Init Dist 10 = 12.806 | Init Dist 100 = 12.806 | Init Dist 1000 = 12.806 | Learner Steps = 34303 | Learner Walltime = 6795.045 | Min Dist = 0.056 | Min Dist 10 = 0.308 | Min Dist 100 = 0.667 | Min Dist 1000 = 0.562 | Steps Per Second = 84.315 | Success = 1.000 | Success 1000 = 0.915
I0502 16:59:32.136981 139555013154368 terminal.py:91] [Learner] Actor Episodes = 44112 | Actor Loss = 3.7132413387298584 | Actor Steps = 2205600 | Binary Accuracy = 0.9960196018218994 | Categorical Accuracy = 0.4228515625 | Critic Loss = 1.7576134204864502 | Entropy Mean = -22.890487670898438 | Evaluator Episodes = 11184 | Evaluator Steps = 559200 | Learner Steps = 34308 | Learner Walltime = 6796.324 | Logits Neg = -17.25765037536621 | Logits Pos = -1.7521528005599976 | Logsumexp = 1.0581672191619873 | Steps Per Second = 109.265
I0502 16:59:32.671403 139569349502528 terminal.py:91] [Actor] Actor Episodes = 44114 | Actor Steps = 2205700 | Delta Dist = 6.401 | Delta Dist 10 = 4.316 | Delta Dist 100 = 4.749 | Delta Dist 1000 = 4.525 | Episode Length = 50 | Episode Return = 30.0 | Evaluator Episodes = 11184 | Evaluator Steps = 559200 | Final Dist = 0.599 | Final Dist 10 = 2.276 | Final Dist 100 = 1.442 | Final Dist 1000 = 1.462 | Init Dist = 7.000 | Init Dist 10 = 6.592 | Init Dist 100 = 6.191 | Init Dist 1000 = 5.987 | Learner Steps = 34308 | Learner Walltime = 6796.324 | Min Dist = 0.035 | Min Dist 10 = 0.106 | Min Dist 100 = 0.187 | Min Dist 1000 = 0.165 | Steps Per Second = 76.301 | Success = 1.000 | Success 1000 = 0.991
I0502 16:59:32.686255 139579566835264 terminal.py:91] [Evaluator] Actor Episodes = 44114 | Actor Steps = 2205700 | Delta Dist = 12.277 | Delta Dist 10 = 12.039 | Delta Dist 100 = 11.542 | Delta Dist 1000 = 11.588 | Episode Length = 50 | Episode Return = 16.0 | Evaluator Episodes = 11186 | Evaluator Steps = 559300 | Final Dist = 0.529 | Final Dist 10 = 0.768 | Final Dist 100 = 1.264 | Final Dist 1000 = 1.218 | Init Dist = 12.806 | Init Dist 10 = 12.806 | Init Dist 100 = 12.806 | Init Dist 1000 = 12.806 | Learner Steps = 34308 | Learner Walltime = 6796.324 | Min Dist = 0.087 | Min Dist 10 = 0.190 | Min Dist 100 = 0.666 | Min Dist 1000 = 0.561 | Steps Per Second = 75.640 | Success = 1.000 | Success 1000 = 0.915
I0502 16:59:33.450988 139557462840896 terminal.py:91] [Actor] Actor Episodes = 44119 | Actor Steps = 2205950 | Delta Dist = 10.012 | Delta Dist 10 = 3.876 | Delta Dist 100 = 4.664 | Delta Dist 1000 = 4.518 | Episode Length = 50 | Episode Return = 34.0 | Evaluator Episodes = 11186 | Evaluator Steps = 559300 | Final Dist = 0.283 | Final Dist 10 = 2.568 | Final Dist 100 = 1.486 | Final Dist 1000 = 1.467 | Init Dist = 10.296 | Init Dist 10 = 6.444 | Init Dist 100 = 6.150 | Init Dist 1000 = 5.985 | Learner Steps = 34308 | Learner Walltime = 6796.324 | Min Dist = 0.013 | Min Dist 10 = 0.090 | Min Dist 100 = 0.175 | Min Dist 1000 = 0.165 | Steps Per Second = 80.412 | Success = 1.000 | Success 1000 = 0.991
I0502 16:59:33.908944 139579566835264 terminal.py:91] [Evaluator] Actor Episodes = 44120 | Actor Steps = 2206000 | Delta Dist = 8.159 | Delta Dist 10 = 12.064 | Delta Dist 100 = 11.534 | Delta Dist 1000 = 11.587 | Episode Length = 50 | Episode Return = 0.0 | Evaluator Episodes = 11188 | Evaluator Steps = 559400 | Final Dist = 4.647 | Final Dist 10 = 0.742 | Final Dist 100 = 1.272 | Final Dist 1000 = 1.219 | Init Dist = 12.806 | Init Dist 10 = 12.806 | Init Dist 100 = 12.806 | Init Dist 1000 = 12.806 | Learner Steps = 34315 | Learner Walltime = 6797.663 | Min Dist = 4.336 | Min Dist 10 = 0.160 | Min Dist 100 = 0.662 | Min Dist 1000 = 0.561 | Steps Per Second = 82.967 | Success = 0.000 | Success 1000 = 0.915
I0502 16:59:34.111889 139558059398720 terminal.py:91] [Actor] Actor Episodes = 44121 | Actor Steps = 2206050 | Delta Dist = 1.243 | Delta Dist 10 = 2.392 | Delta Dist 100 = 4.505 | Delta Dist 1000 = 4.506 | Episode Length = 50 | Episode Return = 29.0 | Evaluator Episodes = 11186 | Evaluator Steps = 559300 | Final Dist = 0.993 | Final Dist 10 = 4.218 | Final Dist 100 = 1.801 | Final Dist 1000 = 1.496 | Init Dist = 2.236 | Init Dist 10 = 6.610 | Init Dist 100 = 6.307 | Init Dist 1000 = 6.002 | Learner Steps = 34308 | Learner Walltime = 6796.324 | Min Dist = 0.993 | Min Dist 10 = 1.081 | Min Dist 100 = 0.278 | Min Dist 1000 = 0.175 | Steps Per Second = 75.886 | Success = 1.000 | Success 1000 = 0.991
I0502 16:59:34.185676 139583350109760 savers.py:156] Saving checkpoint: logs/contrastive_cpc_point_FourRooms_64/5dd72662-2788-11f0-b183-d85ed38c5779/checkpoints/learner
I0502 16:59:35.192146 139579566835264 terminal.py:91] [Evaluator] Actor Episodes = 44130 | Actor Steps = 2206500 | Delta Dist = 12.308 | Delta Dist 10 = 11.623 | Delta Dist 100 = 11.491 | Delta Dist 1000 = 11.584 | Episode Length = 50 | Episode Return = 27.0 | Evaluator Episodes = 11190 | Evaluator Steps = 559500 | Final Dist = 0.498 | Final Dist 10 = 1.184 | Final Dist 100 = 1.315 | Final Dist 1000 = 1.222 | Init Dist = 12.806 | Init Dist 10 = 12.806 | Init Dist 100 = 12.806 | Init Dist 1000 = 12.806 | Learner Steps = 34321 | Learner Walltime = 6798.690 | Min Dist = 0.442 | Min Dist 10 = 0.590 | Min Dist 100 = 0.710 | Min Dist 1000 = 0.566 | Steps Per Second = 76.767 | Success = 1.000 | Success 1000 = 0.914
I0502 16:59:35.351370 139555860620864 terminal.py:91] [Actor] Actor Episodes = 44132 | Actor Steps = 2206600 | Delta Dist = 6.558 | Delta Dist 10 = 2.293 | Delta Dist 100 = 4.510 | Delta Dist 1000 = 4.507 | Episode Length = 50 | Episode Return = 9.0 | Evaluator Episodes = 11190 | Evaluator Steps = 559500 | Final Dist = 1.442 | Final Dist 10 = 5.618 | Final Dist 100 = 2.003 | Final Dist 1000 = 1.509 | Init Dist = 8.000 | Init Dist 10 = 7.911 | Init Dist 100 = 6.512 | Init Dist 1000 = 6.016 | Learner Steps = 34321 | Learner Walltime = 6798.690 | Min Dist = 0.108 | Min Dist 10 = 1.372 | Min Dist 100 = 0.308 | Min Dist 1000 = 0.178 | Steps Per Second = 77.105 | Success = 1.000 | Success 1000 = 0.990
I0502 16:59:36.427818 139579566835264 terminal.py:91] [Evaluator] Actor Episodes = 44136 | Actor Steps = 2206800 | Delta Dist = 11.784 | Delta Dist 10 = 11.660 | Delta Dist 100 = 11.490 | Delta Dist 1000 = 11.583 | Episode Length = 50 | Episode Return = 6.0 | Evaluator Episodes = 11192 | Evaluator Steps = 559600 | Final Dist = 1.022 | Final Dist 10 = 1.146 | Final Dist 100 = 1.316 | Final Dist 1000 = 1.223 | Init Dist = 12.806 | Init Dist 10 = 12.806 | Init Dist 100 = 12.806 | Init Dist 1000 = 12.806 | Learner Steps = 34326 | Learner Walltime = 6799.817 | Min Dist = 0.585 | Min Dist 10 = 0.639 | Min Dist 100 = 0.717 | Min Dist 1000 = 0.566 | Steps Per Second = 82.594 | Success = 1.000 | Success 1000 = 0.914
I0502 16:59:37.640775 139579566835264 terminal.py:91] [Evaluator] Actor Episodes = 44146 | Actor Steps = 2207300 | Delta Dist = 11.416 | Delta Dist 10 = 11.669 | Delta Dist 100 = 11.593 | Delta Dist 1000 = 11.585 | Episode Length = 50 | Episode Return = 3.0 | Evaluator Episodes = 11194 | Evaluator Steps = 559700 | Final Dist = 1.390 | Final Dist 10 = 1.137 | Final Dist 100 = 1.213 | Final Dist 1000 = 1.221 | Init Dist = 12.806 | Init Dist 10 = 12.806 | Init Dist 100 = 12.806 | Init Dist 1000 = 12.806 | Learner Steps = 34332 | Learner Walltime = 6800.990 | Min Dist = 0.596 | Min Dist 10 = 0.669 | Min Dist 100 = 0.628 | Min Dist 1000 = 0.566 | Steps Per Second = 81.738 | Success = 1.000 | Success 1000 = 0.914
I0502 16:59:37.687079 139584504182336 lp_utils.py:96] StepsLimiter: Reached 2207300 recorded steps
I0502 16:59:38.921258 139579566835264 terminal.py:91] [Evaluator] Actor Episodes = 44154 | Actor Steps = 2207700 | Delta Dist = 6.053 | Delta Dist 10 = 11.586 | Delta Dist 100 = 11.585 | Delta Dist 1000 = 11.586 | Episode Length = 50 | Episode Return = 0.0 | Evaluator Episodes = 11196 | Evaluator Steps = 559800 | Final Dist = 6.754 | Final Dist 10 = 1.220 | Final Dist 100 = 1.221 | Final Dist 1000 = 1.221 | Init Dist = 12.806 | Init Dist 10 = 12.806 | Init Dist 100 = 12.806 | Init Dist 1000 = 12.806 | Learner Steps = 34337 | Learner Walltime = 6802.147 | Min Dist = 5.398 | Min Dist 10 = 0.734 | Min Dist 100 = 0.625 | Min Dist 1000 = 0.565 | Steps Per Second = 77.714 | Success = 0.000 | Success 1000 = 0.914
I0502 16:59:40.265425 139579566835264 terminal.py:91] [Evaluator] Actor Episodes = 44164 | Actor Steps = 2208200 | Delta Dist = 11.371 | Delta Dist 10 = 11.039 | Delta Dist 100 = 11.531 | Delta Dist 1000 = 11.581 | Episode Length = 50 | Episode Return = 11.0 | Evaluator Episodes = 11198 | Evaluator Steps = 559900 | Final Dist = 1.436 | Final Dist 10 = 1.767 | Final Dist 100 = 1.276 | Final Dist 1000 = 1.225 | Init Dist = 12.806 | Init Dist 10 = 12.806 | Init Dist 100 = 12.806 | Init Dist 1000 = 12.806 | Learner Steps = 34349 | Learner Walltime = 6804.433 | Min Dist = 0.052 | Min Dist 10 = 1.264 | Min Dist 100 = 0.673 | Min Dist 1000 = 0.571 | Steps Per Second = 68.889 | Success = 1.000 | Success 1000 = 0.913
I0502 16:59:41.568187 139579566835264 terminal.py:91] [Evaluator] Actor Episodes = 44172 | Actor Steps = 2208600 | Delta Dist = 10.293 | Delta Dist 10 = 11.360 | Delta Dist 100 = 11.514 | Delta Dist 1000 = 11.580 | Episode Length = 50 | Episode Return = 0.0 | Evaluator Episodes = 11200 | Evaluator Steps = 560000 | Final Dist = 2.513 | Final Dist 10 = 1.446 | Final Dist 100 = 1.292 | Final Dist 1000 = 1.226 | Init Dist = 12.806 | Init Dist 10 = 12.806 | Init Dist 100 = 12.806 | Init Dist 1000 = 12.806 | Learner Steps = 34354 | Learner Walltime = 6805.448 | Min Dist = 1.474 | Min Dist 10 = 0.789 | Min Dist 100 = 0.673 | Min Dist 1000 = 0.571 | Steps Per Second = 79.122 | Success = 0.000 | Success 1000 = 0.913
I0502 16:59:42.196762 139555013154368 terminal.py:91] [Learner] Actor Episodes = 44168 | Actor Loss = 3.7975428104400635 | Actor Steps = 2208400 | Binary Accuracy = 0.9960331916809082 | Categorical Accuracy = 0.424560546875 | Critic Loss = 1.763900876045227 | Entropy Mean = -22.638607025146484 | Evaluator Episodes = 11198 | Evaluator Steps = 559900 | Learner Steps = 34358 | Learner Walltime = 6806.396 | Logits Neg = -17.259876251220703 | Logits Pos = -1.7461251020431519 | Logsumexp = 1.149869441986084 | Steps Per Second = 123.871
I0502 16:59:42.656541 139579566835264 terminal.py:91] [Evaluator] Actor Episodes = 44176 | Actor Steps = 2208800 | Delta Dist = 12.000 | Delta Dist 10 = 11.181 | Delta Dist 100 = 11.583 | Delta Dist 1000 = 11.578 | Episode Length = 50 | Episode Return = 5.0 | Evaluator Episodes = 11202 | Evaluator Steps = 560100 | Final Dist = 0.806 | Final Dist 10 = 1.626 | Final Dist 100 = 1.223 | Final Dist 1000 = 1.228 | Init Dist = 12.806 | Init Dist 10 = 12.806 | Init Dist 100 = 12.806 | Init Dist 1000 = 12.806 | Learner Steps = 34359 | Learner Walltime = 6806.467 | Min Dist = 0.056 | Min Dist 10 = 0.861 | Min Dist 100 = 0.618 | Min Dist 1000 = 0.572 | Steps Per Second = 87.152 | Success = 1.000 | Success 1000 = 0.912
I0502 16:59:42.712394 139569349502528 terminal.py:91] [Actor] Actor Episodes = 44178 | Actor Steps = 2208900 | Delta Dist = 3.643 | Delta Dist 10 = 3.008 | Delta Dist 100 = 4.463 | Delta Dist 1000 = 4.506 | Episode Length = 50 | Episode Return = 44.0 | Evaluator Episodes = 11202 | Evaluator Steps = 560100 | Final Dist = 1.456 | Final Dist 10 = 1.748 | Final Dist 100 = 1.850 | Final Dist 1000 = 1.516 | Init Dist = 5.099 | Init Dist 10 = 4.757 | Init Dist 100 = 6.313 | Init Dist 1000 = 6.022 | Learner Steps = 34359 | Learner Walltime = 6806.467 | Min Dist = 0.080 | Min Dist 10 = 0.098 | Min Dist 100 = 0.336 | Min Dist 1000 = 0.180 | Steps Per Second = 83.018 | Success = 1.000 | Success 1000 = 0.989
I0502 16:59:43.676661 139557462840896 terminal.py:91] [Actor] Actor Episodes = 44183 | Actor Steps = 2209150 | Delta Dist = 6.676 | Delta Dist 10 = 2.247 | Delta Dist 100 = 4.438 | Delta Dist 1000 = 4.504 | Episode Length = 50 | Episode Return = 34.0 | Evaluator Episodes = 11202 | Evaluator Steps = 560100 | Final Dist = 0.535 | Final Dist 10 = 2.898 | Final Dist 100 = 1.896 | Final Dist 1000 = 1.507 | Init Dist = 7.211 | Init Dist 10 = 5.146 | Init Dist 100 = 6.333 | Init Dist 1000 = 6.011 | Learner Steps = 34359 | Learner Walltime = 6806.467 | Min Dist = 0.046 | Min Dist 10 = 0.094 | Min Dist 100 = 0.238 | Min Dist 1000 = 0.180 | Steps Per Second = 74.992 | Success = 1.000 | Success 1000 = 0.989
I0502 16:59:43.966784 139579566835264 terminal.py:91] [Evaluator] Actor Episodes = 44184 | Actor Steps = 2209200 | Delta Dist = 11.141 | Delta Dist 10 = 11.187 | Delta Dist 100 = 11.593 | Delta Dist 1000 = 11.585 | Episode Length = 50 | Episode Return = 4.0 | Evaluator Episodes = 11204 | Evaluator Steps = 560200 | Final Dist = 1.666 | Final Dist 10 = 1.620 | Final Dist 100 = 1.214 | Final Dist 1000 = 1.221 | Init Dist = 12.806 | Init Dist 10 = 12.806 | Init Dist 100 = 12.806 | Init Dist 1000 = 12.806 | Learner Steps = 34365 | Learner Walltime = 6807.720 | Min Dist = 0.468 | Min Dist 10 = 0.804 | Min Dist 100 = 0.615 | Min Dist 1000 = 0.567 | Steps Per Second = 81.818 | Success = 1.000 | Success 1000 = 0.913
I0502 16:59:44.298714 139558059398720 terminal.py:91] [Actor] Actor Episodes = 44185 | Actor Steps = 2209250 | Delta Dist = 9.862 | Delta Dist 10 = 4.093 | Delta Dist 100 = 4.491 | Delta Dist 1000 = 4.518 | Episode Length = 50 | Episode Return = 10.0 | Evaluator Episodes = 11202 | Evaluator Steps = 560100 | Final Dist = 0.188 | Final Dist 10 = 2.221 | Final Dist 100 = 1.880 | Final Dist 1000 = 1.507 | Init Dist = 10.050 | Init Dist 10 = 6.314 | Init Dist 100 = 6.371 | Init Dist 1000 = 6.025 | Learner Steps = 34365 | Learner Walltime = 6807.720 | Min Dist = 0.010 | Min Dist 10 = 0.085 | Min Dist 100 = 0.236 | Min Dist 1000 = 0.178 | Steps Per Second = 79.616 | Success = 1.000 | Success 1000 = 0.989
I0502 16:59:45.131081 139579566835264 terminal.py:91] [Evaluator] Actor Episodes = 44192 | Actor Steps = 2209600 | Delta Dist = 12.231 | Delta Dist 10 = 11.159 | Delta Dist 100 = 11.583 | Delta Dist 1000 = 11.584 | Episode Length = 50 | Episode Return = 29.0 | Evaluator Episodes = 11206 | Evaluator Steps = 560300 | Final Dist = 0.576 | Final Dist 10 = 1.648 | Final Dist 100 = 1.224 | Final Dist 1000 = 1.222 | Init Dist = 12.806 | Init Dist 10 = 12.806 | Init Dist 100 = 12.806 | Init Dist 1000 = 12.806 | Learner Steps = 34372 | Learner Walltime = 6809.147 | Min Dist = 0.265 | Min Dist 10 = 0.785 | Min Dist 100 = 0.613 | Min Dist 1000 = 0.567 | Steps Per Second = 91.407 | Success = 1.000 | Success 1000 = 0.913
I0502 16:59:45.858252 139555860620864 terminal.py:91] [Actor] Actor Episodes = 44197 | Actor Steps = 2209850 | Delta Dist = 6.779 | Delta Dist 10 = 2.454 | Delta Dist 100 = 4.283 | Delta Dist 1000 = 4.491 | Episode Length = 50 | Episode Return = 31.0 | Evaluator Episodes = 11206 | Evaluator Steps = 560300 | Final Dist = 0.292 | Final Dist 10 = 3.976 | Final Dist 100 = 2.186 | Final Dist 1000 = 1.542 | Init Dist = 7.071 | Init Dist 10 = 6.430 | Init Dist 100 = 6.469 | Init Dist 1000 = 6.033 | Learner Steps = 34372 | Learner Walltime = 6809.147 | Min Dist = 0.039 | Min Dist 10 = 1.225 | Min Dist 100 = 0.354 | Min Dist 1000 = 0.190 | Steps Per Second = 80.818 | Success = 1.000 | Success 1000 = 0.988
I0502 16:59:46.353467 139579566835264 terminal.py:91] [Evaluator] Actor Episodes = 44200 | Actor Steps = 2210000 | Delta Dist = 11.571 | Delta Dist 10 = 11.595 | Delta Dist 100 = 11.577 | Delta Dist 1000 = 11.584 | Episode Length = 50 | Episode Return = 30.0 | Evaluator Episodes = 11208 | Evaluator Steps = 560400 | Final Dist = 1.235 | Final Dist 10 = 1.211 | Final Dist 100 = 1.229 | Final Dist 1000 = 1.222 | Init Dist = 12.806 | Init Dist 10 = 12.806 | Init Dist 100 = 12.806 | Init Dist 1000 = 12.806 | Learner Steps = 34379 | Learner Walltime = 6810.390 | Min Dist = 0.821 | Min Dist 10 = 0.409 | Min Dist 100 = 0.623 | Min Dist 1000 = 0.568 | Steps Per Second = 82.186 | Success = 1.000 | Success 1000 = 0.912
I0502 16:59:47.531452 139579566835264 terminal.py:91] [Evaluator] Actor Episodes = 44208 | Actor Steps = 2210400 | Delta Dist = 12.371 | Delta Dist 10 = 11.143 | Delta Dist 100 = 11.578 | Delta Dist 1000 = 11.578 | Episode Length = 50 | Episode Return = 14.0 | Evaluator Episodes = 11210 | Evaluator Steps = 560500 | Final Dist = 0.435 | Final Dist 10 = 1.663 | Final Dist 100 = 1.229 | Final Dist 1000 = 1.228 | Init Dist = 12.806 | Init Dist 10 = 12.806 | Init Dist 100 = 12.806 | Init Dist 1000 = 12.806 | Learner Steps = 34385 | Learner Walltime = 6811.504 | Min Dist = 0.202 | Min Dist 10 = 0.993 | Min Dist 100 = 0.629 | Min Dist 1000 = 0.574 | Steps Per Second = 84.529 | Success = 1.000 | Success 1000 = 0.911
I0502 16:59:47.703196 139584504182336 lp_utils.py:96] StepsLimiter: Reached 2210500 recorded steps
I0502 16:59:48.717640 139579566835264 terminal.py:91] [Evaluator] Actor Episodes = 44216 | Actor Steps = 2210800 | Delta Dist = 7.962 | Delta Dist 10 = 11.386 | Delta Dist 100 = 11.580 | Delta Dist 1000 = 11.582 | Episode Length = 50 | Episode Return = 0.0 | Evaluator Episodes = 11212 | Evaluator Steps = 560600 | Final Dist = 4.844 | Final Dist 10 = 1.420 | Final Dist 100 = 1.227 | Final Dist 1000 = 1.224 | Init Dist = 12.806 | Init Dist 10 = 12.806 | Init Dist 100 = 12.806 | Init Dist 1000 = 12.806 | Learner Steps = 34390 | Learner Walltime = 6812.519 | Min Dist = 4.844 | Min Dist 10 = 0.863 | Min Dist 100 = 0.629 | Min Dist 1000 = 0.569 | Steps Per Second = 83.565 | Success = 0.000 | Success 1000 = 0.912
I0502 16:59:49.853154 139579566835264 terminal.py:91] [Evaluator] Actor Episodes = 44224 | Actor Steps = 2211200 | Delta Dist = 7.225 | Delta Dist 10 = 10.922 | Delta Dist 100 = 11.543 | Delta Dist 1000 = 11.578 | Episode Length = 50 | Episode Return = 0.0 | Evaluator Episodes = 11214 | Evaluator Steps = 560700 | Final Dist = 5.581 | Final Dist 10 = 1.885 | Final Dist 100 = 1.264 | Final Dist 1000 = 1.229 | Init Dist = 12.806 | Init Dist 10 = 12.806 | Init Dist 100 = 12.806 | Init Dist 1000 = 12.806 | Learner Steps = 34396 | Learner Walltime = 6813.785 | Min Dist = 5.195 | Min Dist 10 = 1.412 | Min Dist 100 = 0.671 | Min Dist 1000 = 0.575 | Steps Per Second = 82.799 | Success = 0.000 | Success 1000 = 0.911
I0502 16:59:50.995731 139579566835264 terminal.py:91] [Evaluator] Actor Episodes = 44232 | Actor Steps = 2211600 | Delta Dist = 11.750 | Delta Dist 10 = 10.425 | Delta Dist 100 = 11.484 | Delta Dist 1000 = 11.572 | Episode Length = 50 | Episode Return = 12.0 | Evaluator Episodes = 11216 | Evaluator Steps = 560800 | Final Dist = 1.056 | Final Dist 10 = 2.381 | Final Dist 100 = 1.322 | Final Dist 1000 = 1.235 | Init Dist = 12.806 | Init Dist 10 = 12.806 | Init Dist 100 = 12.806 | Init Dist 1000 = 12.806 | Learner Steps = 34402 | Learner Walltime = 6814.886 | Min Dist = 0.097 | Min Dist 10 = 1.920 | Min Dist 100 = 0.720 | Min Dist 1000 = 0.580 | Steps Per Second = 88.704 | Success = 1.000 | Success 1000 = 0.910
I0502 16:59:52.097368 139579566835264 terminal.py:91] [Evaluator] Actor Episodes = 44240 | Actor Steps = 2212000 | Delta Dist = 11.861 | Delta Dist 10 = 10.425 | Delta Dist 100 = 11.533 | Delta Dist 1000 = 11.571 | Episode Length = 50 | Episode Return = 30.0 | Evaluator Episodes = 11218 | Evaluator Steps = 560900 | Final Dist = 0.946 | Final Dist 10 = 2.381 | Final Dist 100 = 1.274 | Final Dist 1000 = 1.235 | Init Dist = 12.806 | Init Dist 10 = 12.806 | Init Dist 100 = 12.806 | Init Dist 1000 = 12.806 | Learner Steps = 34408 | Learner Walltime = 6816.051 | Min Dist = 0.403 | Min Dist 10 = 1.789 | Min Dist 100 = 0.668 | Min Dist 1000 = 0.580 | Steps Per Second = 87.727 | Success = 1.000 | Success 1000 = 0.910
I0502 16:59:52.476026 139555013154368 terminal.py:91] [Learner] Actor Episodes = 44240 | Actor Loss = 3.5927233695983887 | Actor Steps = 2212000 | Binary Accuracy = 0.9960546493530273 | Categorical Accuracy = 0.43511962890625 | Critic Loss = 1.7332651615142822 | Entropy Mean = -24.08868408203125 | Evaluator Episodes = 11216 | Evaluator Steps = 560800 | Learner Steps = 34411 | Learner Walltime = 6816.668 | Logits Neg = -17.3197021484375 | Logits Pos = -1.6889264583587646 | Logsumexp = 1.0633355379104614 | Steps Per Second = 128.132
I0502 16:59:53.062834 139569349502528 terminal.py:91] [Actor] Actor Episodes = 44245 | Actor Steps = 2212250 | Delta Dist = 4.032 | Delta Dist 10 = 4.959 | Delta Dist 100 = 3.920 | Delta Dist 1000 = 4.454 | Episode Length = 50 | Episode Return = 47.0 | Evaluator Episodes = 11218 | Evaluator Steps = 560900 | Final Dist = 0.091 | Final Dist 10 = 0.691 | Final Dist 100 = 2.098 | Final Dist 1000 = 1.580 | Init Dist = 4.123 | Init Dist 10 = 5.649 | Init Dist 100 = 6.018 | Init Dist 1000 = 6.034 | Learner Steps = 34408 | Learner Walltime = 6816.051 | Min Dist = 0.091 | Min Dist 10 = 0.559 | Min Dist 100 = 0.380 | Min Dist 1000 = 0.203 | Steps Per Second = 73.345 | Success = 1.000 | Success 1000 = 0.988
I0502 16:59:53.407561 139579566835264 terminal.py:91] [Evaluator] Actor Episodes = 44248 | Actor Steps = 2212400 | Delta Dist = 5.568 | Delta Dist 10 = 10.448 | Delta Dist 100 = 11.494 | Delta Dist 1000 = 11.565 | Episode Length = 50 | Episode Return = 0.0 | Evaluator Episodes = 11220 | Evaluator Steps = 561000 | Final Dist = 7.238 | Final Dist 10 = 2.359 | Final Dist 100 = 1.313 | Final Dist 1000 = 1.241 | Init Dist = 12.806 | Init Dist 10 = 12.806 | Init Dist 100 = 12.806 | Init Dist 1000 = 12.806 | Learner Steps = 34414 | Learner Walltime = 6817.342 | Min Dist = 5.300 | Min Dist 10 = 1.786 | Min Dist 100 = 0.716 | Min Dist 1000 = 0.586 | Steps Per Second = 80.709 | Success = 0.000 | Success 1000 = 0.909
I0502 16:59:54.133533 139557462840896 terminal.py:91] [Actor] Actor Episodes = 44251 | Actor Steps = 2212550 | Delta Dist = 3.789 | Delta Dist 10 = 3.147 | Delta Dist 100 = 3.688 | Delta Dist 1000 = 4.447 | Episode Length = 50 | Episode Return = 0.0 | Evaluator Episodes = 11220 | Evaluator Steps = 561000 | Final Dist = 4.755 | Final Dist 10 = 1.961 | Final Dist 100 = 2.217 | Final Dist 1000 = 1.593 | Init Dist = 8.544 | Init Dist 10 = 5.107 | Init Dist 100 = 5.905 | Init Dist 1000 = 6.040 | Learner Steps = 34414 | Learner Walltime = 6817.342 | Min Dist = 0.036 | Min Dist 10 = 0.799 | Min Dist 100 = 0.439 | Min Dist 1000 = 0.210 | Steps Per Second = 92.654 | Success = 1.000 | Success 1000 = 0.989
I0502 16:59:54.638264 139579566835264 terminal.py:91] [Evaluator] Actor Episodes = 44256 | Actor Steps = 2212800 | Delta Dist = 11.934 | Delta Dist 10 = 9.698 | Delta Dist 100 = 11.422 | Delta Dist 1000 = 11.562 | Episode Length = 50 | Episode Return = 27.0 | Evaluator Episodes = 11222 | Evaluator Steps = 561100 | Final Dist = 0.872 | Final Dist 10 = 3.108 | Final Dist 100 = 1.384 | Final Dist 1000 = 1.245 | Init Dist = 12.806 | Init Dist 10 = 12.806 | Init Dist 100 = 12.806 | Init Dist 1000 = 12.806 | Learner Steps = 34420 | Learner Walltime = 6818.451 | Min Dist = 0.183 | Min Dist 10 = 2.300 | Min Dist 100 = 0.765 | Min Dist 1000 = 0.587 | Steps Per Second = 76.315 | Success = 1.000 | Success 1000 = 0.909
I0502 16:59:54.932446 139558059398720 terminal.py:91] [Actor] Actor Episodes = 44257 | Actor Steps = 2212850 | Delta Dist = 10.979 | Delta Dist 10 = 3.862 | Delta Dist 100 = 3.700 | Delta Dist 1000 = 4.444 | Episode Length = 50 | Episode Return = 50.0 | Evaluator Episodes = 11220 | Evaluator Steps = 561000 | Final Dist = 0.201 | Final Dist 10 = 2.093 | Final Dist 100 = 2.166 | Final Dist 1000 = 1.590 | Init Dist = 11.180 | Init Dist 10 = 5.955 | Init Dist 100 = 5.866 | Init Dist 1000 = 6.034 | Learner Steps = 34420 | Learner Walltime = 6818.451 | Min Dist = 0.022 | Min Dist 10 = 0.775 | Min Dist 100 = 0.435 | Min Dist 1000 = 0.210 | Steps Per Second = 76.972 | Success = 1.000 | Success 1000 = 0.989
I0502 16:59:55.867309 139579566835264 terminal.py:91] [Evaluator] Actor Episodes = 44264 | Actor Steps = 2213200 | Delta Dist = 12.154 | Delta Dist 10 = 10.083 | Delta Dist 100 = 11.418 | Delta Dist 1000 = 11.562 | Episode Length = 50 | Episode Return = 17.0 | Evaluator Episodes = 11224 | Evaluator Steps = 561200 | Final Dist = 0.652 | Final Dist 10 = 2.724 | Final Dist 100 = 1.388 | Final Dist 1000 = 1.245 | Init Dist = 12.806 | Init Dist 10 = 12.806 | Init Dist 100 = 12.806 | Init Dist 1000 = 12.806 | Learner Steps = 34427 | Learner Walltime = 6819.719 | Min Dist = 0.334 | Min Dist 10 = 1.809 | Min Dist 100 = 0.767 | Min Dist 1000 = 0.587 | Steps Per Second = 79.080 | Success = 1.000 | Success 1000 = 0.909
I0502 16:59:56.256682 139555860620864 terminal.py:91] [Actor] Actor Episodes = 44270 | Actor Steps = 2213500 | Delta Dist = 3.133 | Delta Dist 10 = 5.952 | Delta Dist 100 = 3.821 | Delta Dist 1000 = 4.455 | Episode Length = 50 | Episode Return = 28.0 | Evaluator Episodes = 11224 | Evaluator Steps = 561200 | Final Dist = 0.030 | Final Dist 10 = 1.113 | Final Dist 100 = 2.047 | Final Dist 1000 = 1.590 | Init Dist = 3.162 | Init Dist 10 = 7.065 | Init Dist 100 = 5.868 | Init Dist 1000 = 6.045 | Learner Steps = 34427 | Learner Walltime = 6819.719 | Min Dist = 0.030 | Min Dist 10 = 0.318 | Min Dist 100 = 0.446 | Min Dist 1000 = 0.212 | Steps Per Second = 88.786 | Success = 1.000 | Success 1000 = 0.988
I0502 16:59:57.096331 139579566835264 terminal.py:91] [Evaluator] Actor Episodes = 44272 | Actor Steps = 2213600 | Delta Dist = 5.940 | Delta Dist 10 = 10.662 | Delta Dist 100 = 11.438 | Delta Dist 1000 = 11.563 | Episode Length = 50 | Episode Return = 0.0 | Evaluator Episodes = 11226 | Evaluator Steps = 561300 | Final Dist = 6.867 | Final Dist 10 = 2.144 | Final Dist 100 = 1.368 | Final Dist 1000 = 1.243 | Init Dist = 12.806 | Init Dist 10 = 12.806 | Init Dist 100 = 12.806 | Init Dist 1000 = 12.806 | Learner Steps = 34433 | Learner Walltime = 6820.913 | Min Dist = 5.147 | Min Dist 10 = 1.296 | Min Dist 100 = 0.758 | Min Dist 1000 = 0.586 | Steps Per Second = 84.539 | Success = 0.000 | Success 1000 = 0.909
I0502 16:59:57.717525 139584504182336 lp_utils.py:96] StepsLimiter: Reached 2213900 recorded steps
I0502 16:59:58.335102 139579566835264 terminal.py:91] [Evaluator] Actor Episodes = 44280 | Actor Steps = 2214000 | Delta Dist = 12.757 | Delta Dist 10 = 10.173 | Delta Dist 100 = 11.381 | Delta Dist 1000 = 11.557 | Episode Length = 50 | Episode Return = 6.0 | Evaluator Episodes = 11228 | Evaluator Steps = 561400 | Final Dist = 0.049 | Final Dist 10 = 2.633 | Final Dist 100 = 1.425 | Final Dist 1000 = 1.249 | Init Dist = 12.806 | Init Dist 10 = 12.806 | Init Dist 100 = 12.806 | Init Dist 1000 = 12.806 | Learner Steps = 34440 | Learner Walltime = 6822.230 | Min Dist = 0.049 | Min Dist 10 = 1.775 | Min Dist 100 = 0.805 | Min Dist 1000 = 0.590 | Steps Per Second = 85.038 | Success = 1.000 | Success 1000 = 0.908
I0502 16:59:59.576547 139579566835264 terminal.py:91] [Evaluator] Actor Episodes = 44288 | Actor Steps = 2214400 | Delta Dist = 4.811 | Delta Dist 10 = 10.826 | Delta Dist 100 = 11.387 | Delta Dist 1000 = 11.558 | Episode Length = 50 | Episode Return = 0.0 | Evaluator Episodes = 11230 | Evaluator Steps = 561500 | Final Dist = 7.995 | Final Dist 10 = 1.981 | Final Dist 100 = 1.419 | Final Dist 1000 = 1.249 | Init Dist = 12.806 | Init Dist 10 = 12.806 | Init Dist 100 = 12.806 | Init Dist 1000 = 12.806 | Learner Steps = 34446 | Learner Walltime = 6823.417 | Min Dist = 5.323 | Min Dist 10 = 1.186 | Min Dist 100 = 0.802 | Min Dist 1000 = 0.591 | Steps Per Second = 77.458 | Success = 0.000 | Success 1000 = 0.908
I0502 17:00:00.733351 139579566835264 terminal.py:91] [Evaluator] Actor Episodes = 44296 | Actor Steps = 2214800 | Delta Dist = 11.457 | Delta Dist 10 = 10.854 | Delta Dist 100 = 11.356 | Delta Dist 1000 = 11.552 | Episode Length = 50 | Episode Return = 3.0 | Evaluator Episodes = 11232 | Evaluator Steps = 561600 | Final Dist = 1.350 | Final Dist 10 = 1.952 | Final Dist 100 = 1.450 | Final Dist 1000 = 1.254 | Init Dist = 12.806 | Init Dist 10 = 12.806 | Init Dist 100 = 12.806 | Init Dist 1000 = 12.806 | Learner Steps = 34452 | Learner Walltime = 6824.660 | Min Dist = 0.430 | Min Dist 10 = 1.208 | Min Dist 100 = 0.822 | Min Dist 1000 = 0.595 | Steps Per Second = 90.137 | Success = 1.000 | Success 1000 = 0.907
I0502 17:00:02.011379 139579566835264 terminal.py:91] [Evaluator] Actor Episodes = 44304 | Actor Steps = 2215200 | Delta Dist = 6.548 | Delta Dist 10 = 10.787 | Delta Dist 100 = 11.359 | Delta Dist 1000 = 11.552 | Episode Length = 50 | Episode Return = 0.0 | Evaluator Episodes = 11234 | Evaluator Steps = 561700 | Final Dist = 6.259 | Final Dist 10 = 2.019 | Final Dist 100 = 1.447 | Final Dist 1000 = 1.255 | Init Dist = 12.806 | Init Dist 10 = 12.806 | Init Dist 100 = 12.806 | Init Dist 1000 = 12.806 | Learner Steps = 34458 | Learner Walltime = 6825.925 | Min Dist = 4.938 | Min Dist 10 = 1.205 | Min Dist 100 = 0.822 | Min Dist 1000 = 0.595 | Steps Per Second = 75.514 | Success = 0.000 | Success 1000 = 0.907
I0502 17:00:02.484162 139555013154368 terminal.py:91] [Learner] Actor Episodes = 44302 | Actor Loss = 3.776546001434326 | Actor Steps = 2215100 | Binary Accuracy = 0.9960315227508545 | Categorical Accuracy = 0.40802001953125 | Critic Loss = 1.8481611013412476 | Entropy Mean = -23.99540138244629 | Evaluator Episodes = 11232 | Evaluator Steps = 561600 | Learner Steps = 34463 | Learner Walltime = 6826.682 | Logits Neg = -16.88663673400879 | Logits Pos = -1.8332288265228271 | Logsumexp = 1.119435429573059 | Steps Per Second = 1190.348
I0502 17:00:03.172651 139579566835264 terminal.py:91] [Evaluator] Actor Episodes = 44312 | Actor Steps = 2215600 | Delta Dist = 12.746 | Delta Dist 10 = 10.174 | Delta Dist 100 = 11.310 | Delta Dist 1000 = 11.545 | Episode Length = 50 | Episode Return = 22.0 | Evaluator Episodes = 11236 | Evaluator Steps = 561800 | Final Dist = 0.061 | Final Dist 10 = 2.633 | Final Dist 100 = 1.496 | Final Dist 1000 = 1.261 | Init Dist = 12.806 | Init Dist 10 = 12.806 | Init Dist 100 = 12.806 | Init Dist 1000 = 12.806 | Learner Steps = 34465 | Learner Walltime = 6827.212 | Min Dist = 0.061 | Min Dist 10 = 1.727 | Min Dist 100 = 0.871 | Min Dist 1000 = 0.600 | Steps Per Second = 75.457 | Success = 1.000 | Success 1000 = 0.906
I0502 17:00:03.621838 139569349502528 terminal.py:91] [Actor] Actor Episodes = 44318 | Actor Steps = 2215900 | Delta Dist = 0.876 | Delta Dist 10 = 4.853 | Delta Dist 100 = 4.198 | Delta Dist 1000 = 4.439 | Episode Length = 50 | Episode Return = 26.0 | Evaluator Episodes = 11236 | Evaluator Steps = 561800 | Final Dist = 9.941 | Final Dist 10 = 0.595 | Final Dist 100 = 1.463 | Final Dist 1000 = 1.578 | Init Dist = 10.817 | Init Dist 10 = 5.448 | Init Dist 100 = 5.661 | Init Dist 1000 = 6.017 | Learner Steps = 34465 | Learner Walltime = 6827.212 | Min Dist = 0.233 | Min Dist 10 = 0.062 | Min Dist 100 = 0.353 | Min Dist 1000 = 0.207 | Steps Per Second = 79.115 | Success = 1.000 | Success 1000 = 0.988
I0502 17:00:04.412475 139579566835264 terminal.py:91] [Evaluator] Actor Episodes = 44320 | Actor Steps = 2216000 | Delta Dist = 11.830 | Delta Dist 10 = 10.781 | Delta Dist 100 = 11.305 | Delta Dist 1000 = 11.546 | Episode Length = 50 | Episode Return = 16.0 | Evaluator Episodes = 11238 | Evaluator Steps = 561900 | Final Dist = 0.977 | Final Dist 10 = 2.025 | Final Dist 100 = 1.501 | Final Dist 1000 = 1.261 | Init Dist = 12.806 | Init Dist 10 = 12.806 | Init Dist 100 = 12.806 | Init Dist 1000 = 12.806 | Learner Steps = 34471 | Learner Walltime = 6828.405 | Min Dist = 0.443 | Min Dist 10 = 1.223 | Min Dist 100 = 0.869 | Min Dist 1000 = 0.600 | Steps Per Second = 78.095 | Success = 1.000 | Success 1000 = 0.906
I0502 17:00:04.829082 139557462840896 terminal.py:91] [Actor] Actor Episodes = 44322 | Actor Steps = 2216100 | Delta Dist = 6.798 | Delta Dist 10 = 3.114 | Delta Dist 100 = 4.262 | Delta Dist 1000 = 4.428 | Episode Length = 50 | Episode Return = 21.0 | Evaluator Episodes = 11238 | Evaluator Steps = 561900 | Final Dist = 0.817 | Final Dist 10 = 1.604 | Final Dist 100 = 1.461 | Final Dist 1000 = 1.588 | Init Dist = 7.616 | Init Dist 10 = 4.718 | Init Dist 100 = 5.723 | Init Dist 1000 = 6.016 | Learner Steps = 34471 | Learner Walltime = 6828.405 | Min Dist = 0.002 | Min Dist 10 = 0.161 | Min Dist 100 = 0.285 | Min Dist 1000 = 0.208 | Steps Per Second = 66.892 | Success = 1.000 | Success 1000 = 0.988
I0502 17:00:05.064092 139558059398720 terminal.py:91] [Actor] Actor Episodes = 44321 | Actor Steps = 2216050 | Delta Dist = 7.598 | Delta Dist 10 = 4.070 | Delta Dist 100 = 4.346 | Delta Dist 1000 = 4.432 | Episode Length = 50 | Episode Return = 13.0 | Evaluator Episodes = 11236 | Evaluator Steps = 561800 | Final Dist = 0.402 | Final Dist 10 = 1.650 | Final Dist 100 = 1.390 | Final Dist 1000 = 1.588 | Init Dist = 8.000 | Init Dist 10 = 5.720 | Init Dist 100 = 5.736 | Init Dist 1000 = 6.020 | Learner Steps = 34471 | Learner Walltime = 6828.405 | Min Dist = 0.196 | Min Dist 10 = 0.159 | Min Dist 100 = 0.285 | Min Dist 1000 = 0.208 | Steps Per Second = 64.868 | Success = 1.000 | Success 1000 = 0.988
I0502 17:00:05.616553 139579566835264 terminal.py:91] [Evaluator] Actor Episodes = 44328 | Actor Steps = 2216400 | Delta Dist = 12.074 | Delta Dist 10 = 10.607 | Delta Dist 100 = 11.299 | Delta Dist 1000 = 11.559 | Episode Length = 50 | Episode Return = 3.0 | Evaluator Episodes = 11240 | Evaluator Steps = 562000 | Final Dist = 0.732 | Final Dist 10 = 2.200 | Final Dist 100 = 1.507 | Final Dist 1000 = 1.247 | Init Dist = 12.806 | Init Dist 10 = 12.806 | Init Dist 100 = 12.806 | Init Dist 1000 = 12.806 | Learner Steps = 34477 | Learner Walltime = 6829.761 | Min Dist = 0.732 | Min Dist 10 = 1.312 | Min Dist 100 = 0.874 | Min Dist 1000 = 0.587 | Steps Per Second = 88.812 | Success = 1.000 | Success 1000 = 0.908
I0502 17:00:06.789159 139579566835264 terminal.py:91] [Evaluator] Actor Episodes = 44334 | Actor Steps = 2216700 | Delta Dist = 11.934 | Delta Dist 10 = 11.227 | Delta Dist 100 = 11.356 | Delta Dist 1000 = 11.558 | Episode Length = 50 | Episode Return = 21.0 | Evaluator Episodes = 11242 | Evaluator Steps = 562100 | Final Dist = 0.873 | Final Dist 10 = 1.579 | Final Dist 100 = 1.451 | Final Dist 1000 = 1.248 | Init Dist = 12.806 | Init Dist 10 = 12.806 | Init Dist 100 = 12.806 | Init Dist 1000 = 12.806 | Learner Steps = 34483 | Learner Walltime = 6830.937 | Min Dist = 0.090 | Min Dist 10 = 0.840 | Min Dist 100 = 0.825 | Min Dist 1000 = 0.588 | Steps Per Second = 85.059 | Success = 1.000 | Success 1000 = 0.908
I0502 17:00:06.840029 139555860620864 terminal.py:91] [Actor] Actor Episodes = 44333 | Actor Steps = 2216650 | Delta Dist = 3.392 | Delta Dist 10 = 4.622 | Delta Dist 100 = 4.382 | Delta Dist 1000 = 4.436 | Episode Length = 50 | Episode Return = 49.0 | Evaluator Episodes = 11240 | Evaluator Steps = 562000 | Final Dist = 0.214 | Final Dist 10 = 0.341 | Final Dist 100 = 1.382 | Final Dist 1000 = 1.579 | Init Dist = 3.606 | Init Dist 10 = 4.963 | Init Dist 100 = 5.764 | Init Dist 1000 = 6.015 | Learner Steps = 34477 | Learner Walltime = 6829.761 | Min Dist = 0.214 | Min Dist 10 = 0.041 | Min Dist 100 = 0.324 | Min Dist 1000 = 0.213 | Steps Per Second = 76.628 | Success = 1.000 | Success 1000 = 0.988
I0502 17:00:07.734752 139584504182336 lp_utils.py:96] StepsLimiter: Reached 2217100 recorded steps
I0502 17:00:08.035094 139579566835264 terminal.py:91] [Evaluator] Actor Episodes = 44344 | Actor Steps = 2217200 | Delta Dist = 11.503 | Delta Dist 10 = 11.281 | Delta Dist 100 = 11.355 | Delta Dist 1000 = 11.558 | Episode Length = 50 | Episode Return = 3.0 | Evaluator Episodes = 11244 | Evaluator Steps = 562200 | Final Dist = 1.303 | Final Dist 10 = 1.526 | Final Dist 100 = 1.451 | Final Dist 1000 = 1.248 | Init Dist = 12.806 | Init Dist 10 = 12.806 | Init Dist 100 = 12.806 | Init Dist 1000 = 12.806 | Learner Steps = 34490 | Learner Walltime = 6832.230 | Min Dist = 0.363 | Min Dist 10 = 0.808 | Min Dist 100 = 0.821 | Min Dist 1000 = 0.588 | Steps Per Second = 82.388 | Success = 1.000 | Success 1000 = 0.908
I0502 17:00:09.274390 139579566835264 terminal.py:91] [Evaluator] Actor Episodes = 44352 | Actor Steps = 2217600 | Delta Dist = 12.138 | Delta Dist 10 = 11.856 | Delta Dist 100 = 11.363 | Delta Dist 1000 = 11.558 | Episode Length = 50 | Episode Return = 16.0 | Evaluator Episodes = 11246 | Evaluator Steps = 562300 | Final Dist = 0.668 | Final Dist 10 = 0.950 | Final Dist 100 = 1.443 | Final Dist 1000 = 1.248 | Init Dist = 12.806 | Init Dist 10 = 12.806 | Init Dist 100 = 12.806 | Init Dist 1000 = 12.806 | Learner Steps = 34490 | Learner Walltime = 6832.230 | Min Dist = 0.135 | Min Dist 10 = 0.312 | Min Dist 100 = 0.813 | Min Dist 1000 = 0.588 | Steps Per Second = 82.550 | Success = 1.000 | Success 1000 = 0.908
I0502 17:00:10.609874 139579566835264 terminal.py:91] [Evaluator] Actor Episodes = 44360 | Actor Steps = 2218000 | Delta Dist = 12.800 | Delta Dist 10 = 11.170 | Delta Dist 100 = 11.289 | Delta Dist 1000 = 11.552 | Episode Length = 50 | Episode Return = 16.0 | Evaluator Episodes = 11248 | Evaluator Steps = 562400 | Final Dist = 0.006 | Final Dist 10 = 1.637 | Final Dist 100 = 1.518 | Final Dist 1000 = 1.254 | Init Dist = 12.806 | Init Dist 10 = 12.806 | Init Dist 100 = 12.806 | Init Dist 1000 = 12.806 | Learner Steps = 34503 | Learner Walltime = 6834.671 | Min Dist = 0.006 | Min Dist 10 = 0.938 | Min Dist 100 = 0.874 | Min Dist 1000 = 0.594 | Steps Per Second = 72.088 | Success = 1.000 | Success 1000 = 0.907
I0502 17:00:11.913897 139579566835264 terminal.py:91] [Evaluator] Actor Episodes = 44368 | Actor Steps = 2218400 | Delta Dist = 11.398 | Delta Dist 10 = 11.300 | Delta Dist 100 = 11.292 | Delta Dist 1000 = 11.554 | Episode Length = 50 | Episode Return = 19.0 | Evaluator Episodes = 11250 | Evaluator Steps = 562500 | Final Dist = 1.408 | Final Dist 10 = 1.507 | Final Dist 100 = 1.514 | Final Dist 1000 = 1.253 | Init Dist = 12.806 | Init Dist 10 = 12.806 | Init Dist 100 = 12.806 | Init Dist 1000 = 12.806 | Learner Steps = 34508 | Learner Walltime = 6835.898 | Min Dist = 0.124 | Min Dist 10 = 0.936 | Min Dist 100 = 0.877 | Min Dist 1000 = 0.595 | Steps Per Second = 78.789 | Success = 1.000 | Success 1000 = 0.906
I0502 17:00:12.530129 139555013154368 terminal.py:91] [Learner] Actor Episodes = 44368 | Actor Loss = 3.779313564300537 | Actor Steps = 2218400 | Binary Accuracy = 0.9960205554962158 | Categorical Accuracy = 0.41009521484375 | Critic Loss = 1.8126020431518555 | Entropy Mean = -23.525592803955078 | Evaluator Episodes = 11248 | Evaluator Steps = 562400 | Learner Steps = 34513 | Learner Walltime = 6836.699 | Logits Neg = -17.42780303955078 | Logits Pos = -1.797163963317871 | Logsumexp = 1.1525408029556274 | Steps Per Second = 1129.061
I0502 17:00:13.184891 139579566835264 terminal.py:91] [Evaluator] Actor Episodes = 44376 | Actor Steps = 2218800 | Delta Dist = 12.520 | Delta Dist 10 = 11.236 | Delta Dist 100 = 11.292 | Delta Dist 1000 = 11.553 | Episode Length = 50 | Episode Return = 16.0 | Evaluator Episodes = 11252 | Evaluator Steps = 562600 | Final Dist = 0.286 | Final Dist 10 = 1.570 | Final Dist 100 = 1.514 | Final Dist 1000 = 1.254 | Init Dist = 12.806 | Init Dist 10 = 12.806 | Init Dist 100 = 12.806 | Init Dist 1000 = 12.806 | Learner Steps = 34515 | Learner Walltime = 6837.299 | Min Dist = 0.095 | Min Dist 10 = 0.935 | Min Dist 100 = 0.870 | Min Dist 1000 = 0.595 | Steps Per Second = 82.572 | Success = 1.000 | Success 1000 = 0.906
I0502 17:00:13.673044 139569349502528 terminal.py:91] [Actor] Actor Episodes = 44380 | Actor Steps = 2219000 | Delta Dist = 8.119 | Delta Dist 10 = 3.078 | Delta Dist 100 = 3.809 | Delta Dist 1000 = 4.393 | Episode Length = 50 | Episode Return = 2.0 | Evaluator Episodes = 11252 | Evaluator Steps = 562600 | Final Dist = 0.826 | Final Dist 10 = 2.769 | Final Dist 100 = 1.895 | Final Dist 1000 = 1.648 | Init Dist = 8.944 | Init Dist 10 = 5.847 | Init Dist 100 = 5.704 | Init Dist 1000 = 6.041 | Learner Steps = 34515 | Learner Walltime = 6837.299 | Min Dist = 0.464 | Min Dist 10 = 0.130 | Min Dist 100 = 0.188 | Min Dist 1000 = 0.214 | Steps Per Second = 83.781 | Success = 1.000 | Success 1000 = 0.989
I0502 17:00:14.364079 139579566835264 terminal.py:91] [Evaluator] Actor Episodes = 44384 | Actor Steps = 2219200 | Delta Dist = 12.402 | Delta Dist 10 = 11.319 | Delta Dist 100 = 11.294 | Delta Dist 1000 = 11.553 | Episode Length = 50 | Episode Return = 11.0 | Evaluator Episodes = 11254 | Evaluator Steps = 562700 | Final Dist = 0.404 | Final Dist 10 = 1.487 | Final Dist 100 = 1.512 | Final Dist 1000 = 1.254 | Init Dist = 12.806 | Init Dist 10 = 12.806 | Init Dist 100 = 12.806 | Init Dist 1000 = 12.806 | Learner Steps = 34521 | Learner Walltime = 6838.307 | Min Dist = 0.049 | Min Dist 10 = 0.947 | Min Dist 100 = 0.874 | Min Dist 1000 = 0.595 | Steps Per Second = 84.200 | Success = 1.000 | Success 1000 = 0.906
I0502 17:00:14.881158 139557462840896 terminal.py:91] [Actor] Actor Episodes = 44386 | Actor Steps = 2219300 | Delta Dist = 5.111 | Delta Dist 10 = 4.081 | Delta Dist 100 = 3.847 | Delta Dist 1000 = 4.393 | Episode Length = 50 | Episode Return = 21.0 | Evaluator Episodes = 11254 | Evaluator Steps = 562700 | Final Dist = 0.720 | Final Dist 10 = 1.962 | Final Dist 100 = 1.809 | Final Dist 1000 = 1.652 | Init Dist = 5.831 | Init Dist 10 = 6.043 | Init Dist 100 = 5.656 | Init Dist 1000 = 6.045 | Learner Steps = 34521 | Learner Walltime = 6838.307 | Min Dist = 0.085 | Min Dist 10 = 0.160 | Min Dist 100 = 0.193 | Min Dist 1000 = 0.215 | Steps Per Second = 77.102 | Success = 1.000 | Success 1000 = 0.989
I0502 17:00:15.440779 139558059398720 terminal.py:91] [Actor] Actor Episodes = 44392 | Actor Steps = 2219600 | Delta Dist = 5.144 | Delta Dist 10 = 4.567 | Delta Dist 100 = 3.826 | Delta Dist 1000 = 4.397 | Episode Length = 50 | Episode Return = 32.0 | Evaluator Episodes = 11254 | Evaluator Steps = 562700 | Final Dist = 1.181 | Final Dist 10 = 0.951 | Final Dist 100 = 1.777 | Final Dist 1000 = 1.652 | Init Dist = 6.325 | Init Dist 10 = 5.519 | Init Dist 100 = 5.603 | Init Dist 1000 = 6.049 | Learner Steps = 34526 | Learner Walltime = 6839.535 | Min Dist = 0.027 | Min Dist 10 = 0.128 | Min Dist 100 = 0.167 | Min Dist 1000 = 0.215 | Steps Per Second = 81.955 | Success = 1.000 | Success 1000 = 0.989
I0502 17:00:15.547137 139579566835264 terminal.py:91] [Evaluator] Actor Episodes = 44392 | Actor Steps = 2219600 | Delta Dist = 12.154 | Delta Dist 10 = 11.355 | Delta Dist 100 = 11.311 | Delta Dist 1000 = 11.553 | Episode Length = 50 | Episode Return = 5.0 | Evaluator Episodes = 11256 | Evaluator Steps = 562800 | Final Dist = 0.652 | Final Dist 10 = 1.451 | Final Dist 100 = 1.496 | Final Dist 1000 = 1.254 | Init Dist = 12.806 | Init Dist 10 = 12.806 | Init Dist 100 = 12.806 | Init Dist 1000 = 12.806 | Learner Steps = 34526 | Learner Walltime = 6839.535 | Min Dist = 0.652 | Min Dist 10 = 0.910 | Min Dist 100 = 0.866 | Min Dist 1000 = 0.595 | Steps Per Second = 87.595 | Success = 1.000 | Success 1000 = 0.906
I0502 17:00:16.736060 139579566835264 terminal.py:91] [Evaluator] Actor Episodes = 44400 | Actor Steps = 2220000 | Delta Dist = 12.216 | Delta Dist 10 = 11.987 | Delta Dist 100 = 11.308 | Delta Dist 1000 = 11.552 | Episode Length = 50 | Episode Return = 15.0 | Evaluator Episodes = 11258 | Evaluator Steps = 562900 | Final Dist = 0.590 | Final Dist 10 = 0.819 | Final Dist 100 = 1.499 | Final Dist 1000 = 1.255 | Init Dist = 12.806 | Init Dist 10 = 12.806 | Init Dist 100 = 12.806 | Init Dist 1000 = 12.806 | Learner Steps = 34532 | Learner Walltime = 6840.583 | Min Dist = 0.090 | Min Dist 10 = 0.360 | Min Dist 100 = 0.866 | Min Dist 1000 = 0.595 | Steps Per Second = 88.128 | Success = 1.000 | Success 1000 = 0.906
I0502 17:00:17.173578 139555860620864 terminal.py:91] [Actor] Actor Episodes = 44399 | Actor Steps = 2219950 | Delta Dist = 10.271 | Delta Dist 10 = 4.298 | Delta Dist 100 = 3.898 | Delta Dist 1000 = 4.384 | Episode Length = 50 | Episode Return = 18.0 | Evaluator Episodes = 11256 | Evaluator Steps = 562800 | Final Dist = 0.024 | Final Dist 10 = 0.636 | Final Dist 100 = 1.760 | Final Dist 1000 = 1.651 | Init Dist = 10.296 | Init Dist 10 = 4.935 | Init Dist 100 = 5.658 | Init Dist 1000 = 6.035 | Learner Steps = 34532 | Learner Walltime = 6840.583 | Min Dist = 0.012 | Min Dist 10 = 0.072 | Min Dist 100 = 0.164 | Min Dist 1000 = 0.215 | Steps Per Second = 80.552 | Success = 1.000 | Success 1000 = 0.989
I0502 17:00:17.756242 139584504182336 lp_utils.py:96] StepsLimiter: Reached 2220200 recorded steps
I0502 17:00:18.009194 139579566835264 terminal.py:91] [Evaluator] Actor Episodes = 44408 | Actor Steps = 2220400 | Delta Dist = 12.492 | Delta Dist 10 = 11.892 | Delta Dist 100 = 11.300 | Delta Dist 1000 = 11.552 | Episode Length = 50 | Episode Return = 20.0 | Evaluator Episodes = 11260 | Evaluator Steps = 563000 | Final Dist = 0.315 | Final Dist 10 = 0.914 | Final Dist 100 = 1.507 | Final Dist 1000 = 1.254 | Init Dist = 12.806 | Init Dist 10 = 12.806 | Init Dist 100 = 12.806 | Init Dist 1000 = 12.806 | Learner Steps = 34537 | Learner Walltime = 6841.699 | Min Dist = 0.240 | Min Dist 10 = 0.303 | Min Dist 100 = 0.869 | Min Dist 1000 = 0.595 | Steps Per Second = 77.980 | Success = 1.000 | Success 1000 = 0.906
I0502 17:00:19.192075 139579566835264 terminal.py:91] [Evaluator] Actor Episodes = 44416 | Actor Steps = 2220800 | Delta Dist = 11.437 | Delta Dist 10 = 12.005 | Delta Dist 100 = 11.294 | Delta Dist 1000 = 11.552 | Episode Length = 50 | Episode Return = 15.0 | Evaluator Episodes = 11262 | Evaluator Steps = 563100 | Final Dist = 1.369 | Final Dist 10 = 0.801 | Final Dist 100 = 1.512 | Final Dist 1000 = 1.254 | Init Dist = 12.806 | Init Dist 10 = 12.806 | Init Dist 100 = 12.806 | Init Dist 1000 = 12.806 | Learner Steps = 34542 | Learner Walltime = 6842.732 | Min Dist = 0.678 | Min Dist 10 = 0.274 | Min Dist 100 = 0.867 | Min Dist 1000 = 0.596 | Steps Per Second = 82.620 | Success = 1.000 | Success 1000 = 0.906
I0502 17:00:20.431517 139579566835264 terminal.py:91] [Evaluator] Actor Episodes = 44424 | Actor Steps = 2221200 | Delta Dist = 11.428 | Delta Dist 10 = 11.966 | Delta Dist 100 = 11.299 | Delta Dist 1000 = 11.552 | Episode Length = 50 | Episode Return = 18.0 | Evaluator Episodes = 11264 | Evaluator Steps = 563200 | Final Dist = 1.379 | Final Dist 10 = 0.840 | Final Dist 100 = 1.507 | Final Dist 1000 = 1.254 | Init Dist = 12.806 | Init Dist 10 = 12.806 | Init Dist 100 = 12.806 | Init Dist 1000 = 12.806 | Learner Steps = 34548 | Learner Walltime = 6843.965 | Min Dist = 0.106 | Min Dist 10 = 0.315 | Min Dist 100 = 0.870 | Min Dist 1000 = 0.596 | Steps Per Second = 82.044 | Success = 1.000 | Success 1000 = 0.906
I0502 17:00:21.619408 139579566835264 terminal.py:91] [Evaluator] Actor Episodes = 44430 | Actor Steps = 2221500 | Delta Dist = 12.743 | Delta Dist 10 = 11.873 | Delta Dist 100 = 11.285 | Delta Dist 1000 = 11.552 | Episode Length = 50 | Episode Return = 5.0 | Evaluator Episodes = 11266 | Evaluator Steps = 563300 | Final Dist = 0.063 | Final Dist 10 = 0.933 | Final Dist 100 = 1.521 | Final Dist 1000 = 1.254 | Init Dist = 12.806 | Init Dist 10 = 12.806 | Init Dist 100 = 12.806 | Init Dist 1000 = 12.806 | Learner Steps = 34554 | Learner Walltime = 6844.976 | Min Dist = 0.063 | Min Dist 10 = 0.311 | Min Dist 100 = 0.869 | Min Dist 1000 = 0.596 | Steps Per Second = 95.923 | Success = 1.000 | Success 1000 = 0.906
I0502 17:00:22.583538 139555013154368 terminal.py:91] [Learner] Actor Episodes = 44432 | Actor Loss = 3.5839738845825195 | Actor Steps = 2221600 | Binary Accuracy = 0.9959914684295654 | Categorical Accuracy = 0.403076171875 | Critic Loss = 1.8220880031585693 | Entropy Mean = -22.722070693969727 | Evaluator Episodes = 11266 | Evaluator Steps = 563300 | Learner Steps = 34563 | Learner Walltime = 6846.777 | Logits Neg = -17.164255142211914 | Logits Pos = -1.780318260192871 | Logsumexp = 1.1384975910186768 | Steps Per Second = 522.851
I0502 17:00:22.849720 139579566835264 terminal.py:91] [Evaluator] Actor Episodes = 44440 | Actor Steps = 2222000 | Delta Dist = 12.196 | Delta Dist 10 = 11.976 | Delta Dist 100 = 11.301 | Delta Dist 1000 = 11.553 | Episode Length = 50 | Episode Return = 3.0 | Evaluator Episodes = 11268 | Evaluator Steps = 563400 | Final Dist = 0.610 | Final Dist 10 = 0.831 | Final Dist 100 = 1.505 | Final Dist 1000 = 1.253 | Init Dist = 12.806 | Init Dist 10 = 12.806 | Init Dist 100 = 12.806 | Init Dist 1000 = 12.806 | Learner Steps = 34559 | Learner Walltime = 6846.023 | Min Dist = 0.610 | Min Dist 10 = 0.255 | Min Dist 100 = 0.868 | Min Dist 1000 = 0.596 | Steps Per Second = 81.736 | Success = 1.000 | Success 1000 = 0.906
I0502 17:00:23.180809 139584635659840 savers.py:156] Saving checkpoint: logs/contrastive_cpc_point_FourRooms_64/5dd72662-2788-11f0-b183-d85ed38c5779/checkpoints/counter
I0502 17:00:23.834430 139569349502528 terminal.py:91] [Actor] Actor Episodes = 44444 | Actor Steps = 2222200 | Delta Dist = 6.030 | Delta Dist 10 = 3.613 | Delta Dist 100 = 3.855 | Delta Dist 1000 = 4.380 | Episode Length = 50 | Episode Return = 22.0 | Evaluator Episodes = 11268 | Evaluator Steps = 563400 | Final Dist = 0.373 | Final Dist 10 = 1.088 | Final Dist 100 = 1.696 | Final Dist 1000 = 1.627 | Init Dist = 6.403 | Init Dist 10 = 4.701 | Init Dist 100 = 5.551 | Init Dist 1000 = 6.006 | Learner Steps = 34565 | Learner Walltime = 6847.297 | Min Dist = 0.032 | Min Dist 10 = 0.039 | Min Dist 100 = 0.082 | Min Dist 1000 = 0.214 | Steps Per Second = 80.289 | Success = 1.000 | Success 1000 = 0.989
I0502 17:00:24.108018 139579566835264 terminal.py:91] [Evaluator] Actor Episodes = 44446 | Actor Steps = 2222300 | Delta Dist = 11.897 | Delta Dist 10 = 12.107 | Delta Dist 100 = 11.315 | Delta Dist 1000 = 11.556 | Episode Length = 50 | Episode Return = 20.0 | Evaluator Episodes = 11270 | Evaluator Steps = 563500 | Final Dist = 0.909 | Final Dist 10 = 0.699 | Final Dist 100 = 1.491 | Final Dist 1000 = 1.251 | Init Dist = 12.806 | Init Dist 10 = 12.806 | Init Dist 100 = 12.806 | Init Dist 1000 = 12.806 | Learner Steps = 34565 | Learner Walltime = 6847.297 | Min Dist = 0.097 | Min Dist 10 = 0.275 | Min Dist 100 = 0.864 | Min Dist 1000 = 0.596 | Steps Per Second = 88.804 | Success = 1.000 | Success 1000 = 0.906
I0502 17:00:25.425780 139579566835264 terminal.py:91] [Evaluator] Actor Episodes = 44454 | Actor Steps = 2222700 | Delta Dist = 11.479 | Delta Dist 10 = 12.107 | Delta Dist 100 = 11.323 | Delta Dist 1000 = 11.556 | Episode Length = 50 | Episode Return = 8.0 | Evaluator Episodes = 11272 | Evaluator Steps = 563600 | Final Dist = 1.327 | Final Dist 10 = 0.699 | Final Dist 100 = 1.483 | Final Dist 1000 = 1.250 | Init Dist = 12.806 | Init Dist 10 = 12.806 | Init Dist 100 = 12.806 | Init Dist 1000 = 12.806 | Learner Steps = 34577 | Learner Walltime = 6849.535 | Min Dist = 0.318 | Min Dist 10 = 0.236 | Min Dist 100 = 0.848 | Min Dist 1000 = 0.596 | Steps Per Second = 79.652 | Success = 1.000 | Success 1000 = 0.906
I0502 17:00:25.461874 139558059398720 terminal.py:91] [Actor] Actor Episodes = 44456 | Actor Steps = 2222800 | Delta Dist = 3.661 | Delta Dist 10 = 6.034 | Delta Dist 100 = 4.233 | Delta Dist 1000 = 4.401 | Episode Length = 50 | Episode Return = 29.0 | Evaluator Episodes = 11272 | Evaluator Steps = 563600 | Final Dist = 1.339 | Final Dist 10 = 0.704 | Final Dist 100 = 1.518 | Final Dist 1000 = 1.616 | Init Dist = 5.000 | Init Dist 10 = 6.738 | Init Dist 100 = 5.751 | Init Dist 1000 = 6.016 | Learner Steps = 34577 | Learner Walltime = 6849.535 | Min Dist = 0.028 | Min Dist 10 = 0.131 | Min Dist 100 = 0.088 | Min Dist 1000 = 0.215 | Steps Per Second = 75.411 | Success = 1.000 | Success 1000 = 0.989
I0502 17:00:25.482523 139557462840896 terminal.py:91] [Actor] Actor Episodes = 44451 | Actor Steps = 2222550 | Delta Dist = 5.798 | Delta Dist 10 = 5.560 | Delta Dist 100 = 4.188 | Delta Dist 1000 = 4.399 | Episode Length = 50 | Episode Return = 13.0 | Evaluator Episodes = 11270 | Evaluator Steps = 563500 | Final Dist = 0.605 | Final Dist 10 = 1.037 | Final Dist 100 = 1.561 | Final Dist 1000 = 1.620 | Init Dist = 6.403 | Init Dist 10 = 6.597 | Init Dist 100 = 5.750 | Init Dist 1000 = 6.019 | Learner Steps = 34571 | Learner Walltime = 6848.479 | Min Dist = 0.490 | Min Dist 10 = 0.130 | Min Dist 100 = 0.087 | Min Dist 1000 = 0.215 | Steps Per Second = 78.857 | Success = 1.000 | Success 1000 = 0.989
I0502 17:00:26.668787 139579566835264 terminal.py:91] [Evaluator] Actor Episodes = 44464 | Actor Steps = 2223200 | Delta Dist = 12.624 | Delta Dist 10 = 12.001 | Delta Dist 100 = 11.308 | Delta Dist 1000 = 11.556 | Episode Length = 50 | Episode Return = 11.0 | Evaluator Episodes = 11274 | Evaluator Steps = 563700 | Final Dist = 0.182 | Final Dist 10 = 0.805 | Final Dist 100 = 1.498 | Final Dist 1000 = 1.250 | Init Dist = 12.806 | Init Dist 10 = 12.806 | Init Dist 100 = 12.806 | Init Dist 1000 = 12.806 | Learner Steps = 34582 | Learner Walltime = 6850.564 | Min Dist = 0.182 | Min Dist 10 = 0.208 | Min Dist 100 = 0.848 | Min Dist 1000 = 0.596 | Steps Per Second = 84.091 | Success = 1.000 | Success 1000 = 0.906
I0502 17:00:27.742501 139555860620864 terminal.py:91] [Actor] Actor Episodes = 44470 | Actor Steps = 2223500 | Delta Dist = 4.475 | Delta Dist 10 = 4.085 | Delta Dist 100 = 4.083 | Delta Dist 1000 = 4.387 | Episode Length = 50 | Episode Return = 50.0 | Evaluator Episodes = 11274 | Evaluator Steps = 563700 | Final Dist = 0.624 | Final Dist 10 = 2.326 | Final Dist 100 = 1.527 | Final Dist 1000 = 1.649 | Init Dist = 5.099 | Init Dist 10 = 6.411 | Init Dist 100 = 5.610 | Init Dist 1000 = 6.036 | Learner Steps = 34587 | Learner Walltime = 6851.648 | Min Dist = 0.008 | Min Dist 10 = 0.119 | Min Dist 100 = 0.090 | Min Dist 1000 = 0.216 | Steps Per Second = 83.057 | Success = 1.000 | Success 1000 = 0.989
I0502 17:00:27.774368 139584504182336 lp_utils.py:96] StepsLimiter: Reached 2223500 recorded steps
I0502 17:00:27.878710 139579566835264 terminal.py:91] [Evaluator] Actor Episodes = 44472 | Actor Steps = 2223600 | Delta Dist = 11.773 | Delta Dist 10 = 12.136 | Delta Dist 100 = 11.326 | Delta Dist 1000 = 11.557 | Episode Length = 50 | Episode Return = 19.0 | Evaluator Episodes = 11276 | Evaluator Steps = 563800 | Final Dist = 1.033 | Final Dist 10 = 0.670 | Final Dist 100 = 1.480 | Final Dist 1000 = 1.250 | Init Dist = 12.806 | Init Dist 10 = 12.806 | Init Dist 100 = 12.806 | Init Dist 1000 = 12.806 | Learner Steps = 34587 | Learner Walltime = 6851.648 | Min Dist = 0.161 | Min Dist 10 = 0.264 | Min Dist 100 = 0.845 | Min Dist 1000 = 0.597 | Steps Per Second = 83.516 | Success = 1.000 | Success 1000 = 0.906
I0502 17:00:29.103266 139579566835264 terminal.py:91] [Evaluator] Actor Episodes = 44480 | Actor Steps = 2224000 | Delta Dist = 11.637 | Delta Dist 10 = 11.986 | Delta Dist 100 = 11.320 | Delta Dist 1000 = 11.557 | Episode Length = 50 | Episode Return = 21.0 | Evaluator Episodes = 11278 | Evaluator Steps = 563900 | Final Dist = 1.170 | Final Dist 10 = 0.820 | Final Dist 100 = 1.487 | Final Dist 1000 = 1.249 | Init Dist = 12.806 | Init Dist 10 = 12.806 | Init Dist 100 = 12.806 | Init Dist 1000 = 12.806 | Learner Steps = 34593 | Learner Walltime = 6852.930 | Min Dist = 0.139 | Min Dist 10 = 0.255 | Min Dist 100 = 0.843 | Min Dist 1000 = 0.597 | Steps Per Second = 84.360 | Success = 1.000 | Success 1000 = 0.906
I0502 17:00:30.323580 139579566835264 terminal.py:91] [Evaluator] Actor Episodes = 44488 | Actor Steps = 2224400 | Delta Dist = 12.602 | Delta Dist 10 = 11.893 | Delta Dist 100 = 11.320 | Delta Dist 1000 = 11.557 | Episode Length = 50 | Episode Return = 28.0 | Evaluator Episodes = 11280 | Evaluator Steps = 564000 | Final Dist = 0.204 | Final Dist 10 = 0.913 | Final Dist 100 = 1.486 | Final Dist 1000 = 1.249 | Init Dist = 12.806 | Init Dist 10 = 12.806 | Init Dist 100 = 12.806 | Init Dist 1000 = 12.806 | Learner Steps = 34599 | Learner Walltime = 6853.937 | Min Dist = 0.051 | Min Dist 10 = 0.210 | Min Dist 100 = 0.838 | Min Dist 1000 = 0.596 | Steps Per Second = 90.442 | Success = 1.000 | Success 1000 = 0.906
I0502 17:00:31.498389 139579566835264 terminal.py:91] [Evaluator] Actor Episodes = 44496 | Actor Steps = 2224800 | Delta Dist = 11.755 | Delta Dist 10 = 11.972 | Delta Dist 100 = 11.333 | Delta Dist 1000 = 11.559 | Episode Length = 50 | Episode Return = 14.0 | Evaluator Episodes = 11282 | Evaluator Steps = 564100 | Final Dist = 1.051 | Final Dist 10 = 0.834 | Final Dist 100 = 1.474 | Final Dist 1000 = 1.247 | Init Dist = 12.806 | Init Dist 10 = 12.806 | Init Dist 100 = 12.806 | Init Dist 1000 = 12.806 | Learner Steps = 34605 | Learner Walltime = 6855.173 | Min Dist = 0.583 | Min Dist 10 = 0.206 | Min Dist 100 = 0.836 | Min Dist 1000 = 0.596 | Steps Per Second = 85.216 | Success = 1.000 | Success 1000 = 0.906
I0502 17:00:32.633729 139555013154368 terminal.py:91] [Learner] Actor Episodes = 44496 | Actor Loss = 3.826988458633423 | Actor Steps = 2224800 | Binary Accuracy = 0.9960298538208008 | Categorical Accuracy = 0.41986083984375 | Critic Loss = 1.8111850023269653 | Entropy Mean = -23.552223205566406 | Evaluator Episodes = 11282 | Evaluator Steps = 564100 | Learner Steps = 34614 | Learner Walltime = 6856.829 | Logits Neg = -17.18682098388672 | Logits Pos = -1.8265074491500854 | Logsumexp = 1.1847567558288574 | Steps Per Second = 400.938
I0502 17:00:32.696421 139579566835264 terminal.py:91] [Evaluator] Actor Episodes = 44504 | Actor Steps = 2225200 | Delta Dist = 6.349 | Delta Dist 10 = 12.093 | Delta Dist 100 = 11.331 | Delta Dist 1000 = 11.559 | Episode Length = 50 | Episode Return = 0.0 | Evaluator Episodes = 11284 | Evaluator Steps = 564200 | Final Dist = 6.458 | Final Dist 10 = 0.713 | Final Dist 100 = 1.475 | Final Dist 1000 = 1.247 | Init Dist = 12.806 | Init Dist 10 = 12.806 | Init Dist 100 = 12.806 | Init Dist 1000 = 12.806 | Learner Steps = 34611 | Learner Walltime = 6856.320 | Min Dist = 5.226 | Min Dist 10 = 0.243 | Min Dist 100 = 0.842 | Min Dist 1000 = 0.597 | Steps Per Second = 82.891 | Success = 0.000 | Success 1000 = 0.906
I0502 17:00:33.786819 139579566835264 terminal.py:91] [Evaluator] Actor Episodes = 44512 | Actor Steps = 2225600 | Delta Dist = 11.586 | Delta Dist 10 = 11.444 | Delta Dist 100 = 11.267 | Delta Dist 1000 = 11.553 | Episode Length = 50 | Episode Return = 1.0 | Evaluator Episodes = 11286 | Evaluator Steps = 564300 | Final Dist = 1.220 | Final Dist 10 = 1.363 | Final Dist 100 = 1.539 | Final Dist 1000 = 1.253 | Init Dist = 12.806 | Init Dist 10 = 12.806 | Init Dist 100 = 12.806 | Init Dist 1000 = 12.806 | Learner Steps = 34617 | Learner Walltime = 6857.398 | Min Dist = 0.486 | Min Dist 10 = 0.758 | Min Dist 100 = 0.902 | Min Dist 1000 = 0.602 | Steps Per Second = 97.500 | Success = 1.000 | Success 1000 = 0.905
I0502 17:00:34.318457 139569349502528 terminal.py:91] [Actor] Actor Episodes = 44509 | Actor Steps = 2225450 | Delta Dist = 3.677 | Delta Dist 10 = 5.566 | Delta Dist 100 = 4.372 | Delta Dist 1000 = 4.425 | Episode Length = 50 | Episode Return = 38.0 | Evaluator Episodes = 11284 | Evaluator Steps = 564200 | Final Dist = 0.566 | Final Dist 10 = 0.842 | Final Dist 100 = 1.496 | Final Dist 1000 = 1.642 | Init Dist = 4.243 | Init Dist 10 = 6.408 | Init Dist 100 = 5.868 | Init Dist 1000 = 6.067 | Learner Steps = 34617 | Learner Walltime = 6857.398 | Min Dist = 0.004 | Min Dist 10 = 0.087 | Min Dist 100 = 0.112 | Min Dist 1000 = 0.208 | Steps Per Second = 72.663 | Success = 1.000 | Success 1000 = 0.989
I0502 17:00:34.433257 139583350109760 savers.py:156] Saving checkpoint: logs/contrastive_cpc_point_FourRooms_64/5dd72662-2788-11f0-b183-d85ed38c5779/checkpoints/learner
I0502 17:00:35.038955 139579566835264 terminal.py:91] [Evaluator] Actor Episodes = 44518 | Actor Steps = 2225900 | Delta Dist = 11.714 | Delta Dist 10 = 11.377 | Delta Dist 100 = 11.251 | Delta Dist 1000 = 11.552 | Episode Length = 50 | Episode Return = 15.0 | Evaluator Episodes = 11288 | Evaluator Steps = 564400 | Final Dist = 1.092 | Final Dist 10 = 1.429 | Final Dist 100 = 1.555 | Final Dist 1000 = 1.254 | Init Dist = 12.806 | Init Dist 10 = 12.806 | Init Dist 100 = 12.806 | Init Dist 1000 = 12.806 | Learner Steps = 34623 | Learner Walltime = 6858.636 | Min Dist = 0.151 | Min Dist 10 = 0.877 | Min Dist 100 = 0.914 | Min Dist 1000 = 0.604 | Steps Per Second = 85.888 | Success = 1.000 | Success 1000 = 0.905
I0502 17:00:35.632073 139558059398720 terminal.py:91] [Actor] Actor Episodes = 44521 | Actor Steps = 2226050 | Delta Dist = -5.601 | Delta Dist 10 = 3.522 | Delta Dist 100 = 4.309 | Delta Dist 1000 = 4.407 | Episode Length = 50 | Episode Return = 0.0 | Evaluator Episodes = 11288 | Evaluator Steps = 564400 | Final Dist = 10.601 | Final Dist 10 = 2.134 | Final Dist 100 = 1.520 | Final Dist 1000 = 1.655 | Init Dist = 5.000 | Init Dist 10 = 5.656 | Init Dist 100 = 5.829 | Init Dist 1000 = 6.062 | Learner Steps = 34623 | Learner Walltime = 6858.636 | Min Dist = 0.150 | Min Dist 10 = 0.047 | Min Dist 100 = 0.110 | Min Dist 1000 = 0.208 | Steps Per Second = 89.251 | Success = 1.000 | Success 1000 = 0.989
I0502 17:00:35.991945 139557462840896 terminal.py:91] [Actor] Actor Episodes = 44522 | Actor Steps = 2226100 | Delta Dist = 5.050 | Delta Dist 10 = 3.668 | Delta Dist 100 = 4.348 | Delta Dist 1000 = 4.402 | Episode Length = 50 | Episode Return = 21.0 | Evaluator Episodes = 11288 | Evaluator Steps = 564400 | Final Dist = 0.607 | Final Dist 10 = 2.064 | Final Dist 100 = 1.517 | Final Dist 1000 = 1.655 | Init Dist = 5.657 | Init Dist 10 = 5.732 | Init Dist 100 = 5.865 | Init Dist 1000 = 6.057 | Learner Steps = 34629 | Learner Walltime = 6859.818 | Min Dist = 0.032 | Min Dist 10 = 0.061 | Min Dist 100 = 0.111 | Min Dist 1000 = 0.208 | Steps Per Second = 74.913 | Success = 1.000 | Success 1000 = 0.989
I0502 17:00:36.354110 139579566835264 terminal.py:91] [Evaluator] Actor Episodes = 44528 | Actor Steps = 2226400 | Delta Dist = 11.863 | Delta Dist 10 = 11.298 | Delta Dist 100 = 11.287 | Delta Dist 1000 = 11.558 | Episode Length = 50 | Episode Return = 20.0 | Evaluator Episodes = 11290 | Evaluator Steps = 564500 | Final Dist = 0.944 | Final Dist 10 = 1.508 | Final Dist 100 = 1.519 | Final Dist 1000 = 1.248 | Init Dist = 12.806 | Init Dist 10 = 12.806 | Init Dist 100 = 12.806 | Init Dist 1000 = 12.806 | Learner Steps = 34629 | Learner Walltime = 6859.818 | Min Dist = 0.294 | Min Dist 10 = 0.883 | Min Dist 100 = 0.867 | Min Dist 1000 = 0.597 | Steps Per Second = 70.363 | Success = 1.000 | Success 1000 = 0.906
I0502 17:00:37.573244 139579566835264 terminal.py:91] [Evaluator] Actor Episodes = 44534 | Actor Steps = 2226700 | Delta Dist = 11.825 | Delta Dist 10 = 11.117 | Delta Dist 100 = 11.278 | Delta Dist 1000 = 11.558 | Episode Length = 50 | Episode Return = 22.0 | Evaluator Episodes = 11292 | Evaluator Steps = 564600 | Final Dist = 0.981 | Final Dist 10 = 1.689 | Final Dist 100 = 1.528 | Final Dist 1000 = 1.249 | Init Dist = 12.806 | Init Dist 10 = 12.806 | Init Dist 100 = 12.806 | Init Dist 1000 = 12.806 | Learner Steps = 34634 | Learner Walltime = 6860.935 | Min Dist = 0.172 | Min Dist 10 = 0.916 | Min Dist 100 = 0.864 | Min Dist 1000 = 0.597 | Steps Per Second = 79.911 | Success = 1.000 | Success 1000 = 0.906
I0502 17:00:37.797859 139584504182336 lp_utils.py:96] StepsLimiter: Reached 2226800 recorded steps
I0502 17:00:38.155293 139555860620864 terminal.py:91] [Actor] Actor Episodes = 44535 | Actor Steps = 2226750 | Delta Dist = 4.884 | Delta Dist 10 = 4.453 | Delta Dist 100 = 4.548 | Delta Dist 1000 = 4.415 | Episode Length = 50 | Episode Return = 47.0 | Evaluator Episodes = 11290 | Evaluator Steps = 564500 | Final Dist = 0.773 | Final Dist 10 = 0.449 | Final Dist 100 = 1.445 | Final Dist 1000 = 1.659 | Init Dist = 5.657 | Init Dist 10 = 4.901 | Init Dist 100 = 5.994 | Init Dist 1000 = 6.074 | Learner Steps = 34634 | Learner Walltime = 6860.935 | Min Dist = 0.051 | Min Dist 10 = 0.067 | Min Dist 100 = 0.112 | Min Dist 1000 = 0.208 | Steps Per Second = 70.829 | Success = 1.000 | Success 1000 = 0.989
I0502 17:00:38.915978 139579566835264 terminal.py:91] [Evaluator] Actor Episodes = 44544 | Actor Steps = 2227200 | Delta Dist = 12.203 | Delta Dist 10 = 10.973 | Delta Dist 100 = 11.261 | Delta Dist 1000 = 11.558 | Episode Length = 50 | Episode Return = 19.0 | Evaluator Episodes = 11294 | Evaluator Steps = 564700 | Final Dist = 0.603 | Final Dist 10 = 1.833 | Final Dist 100 = 1.545 | Final Dist 1000 = 1.249 | Init Dist = 12.806 | Init Dist 10 = 12.806 | Init Dist 100 = 12.806 | Init Dist 1000 = 12.806 | Learner Steps = 34640 | Learner Walltime = 6862.246 | Min Dist = 0.497 | Min Dist 10 = 0.968 | Min Dist 100 = 0.872 | Min Dist 1000 = 0.598 | Steps Per Second = 77.606 | Success = 1.000 | Success 1000 = 0.905
I0502 17:00:40.101878 139579566835264 terminal.py:91] [Evaluator] Actor Episodes = 44550 | Actor Steps = 2227500 | Delta Dist = 11.652 | Delta Dist 10 = 11.523 | Delta Dist 100 = 11.261 | Delta Dist 1000 = 11.558 | Episode Length = 50 | Episode Return = 9.0 | Evaluator Episodes = 11296 | Evaluator Steps = 564800 | Final Dist = 1.154 | Final Dist 10 = 1.283 | Final Dist 100 = 1.546 | Final Dist 1000 = 1.249 | Init Dist = 12.806 | Init Dist 10 = 12.806 | Init Dist 100 = 12.806 | Init Dist 1000 = 12.806 | Learner Steps = 34647 | Learner Walltime = 6863.661 | Min Dist = 0.182 | Min Dist 10 = 0.472 | Min Dist 100 = 0.875 | Min Dist 1000 = 0.598 | Steps Per Second = 85.660 | Success = 1.000 | Success 1000 = 0.905
I0502 17:00:41.353307 139579566835264 terminal.py:91] [Evaluator] Actor Episodes = 44556 | Actor Steps = 2227800 | Delta Dist = 11.562 | Delta Dist 10 = 11.684 | Delta Dist 100 = 11.315 | Delta Dist 1000 = 11.558 | Episode Length = 50 | Episode Return = 4.0 | Evaluator Episodes = 11298 | Evaluator Steps = 564900 | Final Dist = 1.244 | Final Dist 10 = 1.123 | Final Dist 100 = 1.491 | Final Dist 1000 = 1.248 | Init Dist = 12.806 | Init Dist 10 = 12.806 | Init Dist 100 = 12.806 | Init Dist 1000 = 12.806 | Learner Steps = 34653 | Learner Walltime = 6864.898 | Min Dist = 0.756 | Min Dist 10 = 0.373 | Min Dist 100 = 0.825 | Min Dist 1000 = 0.598 | Steps Per Second = 81.031 | Success = 1.000 | Success 1000 = 0.905
I0502 17:00:42.707941 139555013154368 terminal.py:91] [Learner] Actor Episodes = 44560 | Actor Loss = 3.6016931533813477 | Actor Steps = 2228000 | Binary Accuracy = 0.9960205554962158 | Categorical Accuracy = 0.41497802734375 | Critic Loss = 1.7952206134796143 | Entropy Mean = -22.55732536315918 | Evaluator Episodes = 11298 | Evaluator Steps = 564900 | Learner Steps = 34663 | Learner Walltime = 6866.902 | Logits Neg = -17.29090118408203 | Logits Pos = -1.7777786254882812 | Logsumexp = 1.1002116203308105 | Steps Per Second = 572.461
I0502 17:00:42.743337 139579566835264 terminal.py:91] [Evaluator] Actor Episodes = 44566 | Actor Steps = 2228300 | Delta Dist = 11.310 | Delta Dist 10 = 11.696 | Delta Dist 100 = 11.321 | Delta Dist 1000 = 11.561 | Episode Length = 50 | Episode Return = 0.0 | Evaluator Episodes = 11300 | Evaluator Steps = 565000 | Final Dist = 1.497 | Final Dist 10 = 1.110 | Final Dist 100 = 1.485 | Final Dist 1000 = 1.245 | Init Dist = 12.806 | Init Dist 10 = 12.806 | Init Dist 100 = 12.806 | Init Dist 1000 = 12.806 | Learner Steps = 34659 | Learner Walltime = 6866.092 | Min Dist = 1.497 | Min Dist 10 = 0.491 | Min Dist 100 = 0.838 | Min Dist 1000 = 0.595 | Steps Per Second = 72.408 | Success = 0.000 | Success 1000 = 0.906
I0502 17:00:43.939069 139579566835264 terminal.py:91] [Evaluator] Actor Episodes = 44574 | Actor Steps = 2228700 | Delta Dist = 11.864 | Delta Dist 10 = 11.673 | Delta Dist 100 = 11.327 | Delta Dist 1000 = 11.560 | Episode Length = 50 | Episode Return = 25.0 | Evaluator Episodes = 11302 | Evaluator Steps = 565100 | Final Dist = 0.942 | Final Dist 10 = 1.133 | Final Dist 100 = 1.479 | Final Dist 1000 = 1.247 | Init Dist = 12.806 | Init Dist 10 = 12.806 | Init Dist 100 = 12.806 | Init Dist 1000 = 12.806 | Learner Steps = 34665 | Learner Walltime = 6867.467 | Min Dist = 0.660 | Min Dist 10 = 0.614 | Min Dist 100 = 0.839 | Min Dist 1000 = 0.597 | Steps Per Second = 79.512 | Success = 1.000 | Success 1000 = 0.905
I0502 17:00:44.540891 139569349502528 terminal.py:91] [Actor] Actor Episodes = 44575 | Actor Steps = 2228750 | Delta Dist = 5.840 | Delta Dist 10 = 5.155 | Delta Dist 100 = 4.691 | Delta Dist 1000 = 4.406 | Episode Length = 50 | Episode Return = 25.0 | Evaluator Episodes = 11300 | Evaluator Steps = 565000 | Final Dist = 1.371 | Final Dist 10 = 0.513 | Final Dist 100 = 1.307 | Final Dist 1000 = 1.651 | Init Dist = 7.211 | Init Dist 10 = 5.668 | Init Dist 100 = 5.998 | Init Dist 1000 = 6.058 | Learner Steps = 34665 | Learner Walltime = 6867.467 | Min Dist = 0.200 | Min Dist 10 = 0.096 | Min Dist 100 = 0.163 | Min Dist 1000 = 0.211 | Steps Per Second = 78.457 | Success = 1.000 | Success 1000 = 0.989
I0502 17:00:45.266523 139579566835264 terminal.py:91] [Evaluator] Actor Episodes = 44582 | Actor Steps = 2229100 | Delta Dist = 11.254 | Delta Dist 10 = 11.818 | Delta Dist 100 = 11.324 | Delta Dist 1000 = 11.559 | Episode Length = 50 | Episode Return = 7.0 | Evaluator Episodes = 11304 | Evaluator Steps = 565200 | Final Dist = 1.552 | Final Dist 10 = 0.988 | Final Dist 100 = 1.482 | Final Dist 1000 = 1.247 | Init Dist = 12.806 | Init Dist 10 = 12.806 | Init Dist 100 = 12.806 | Init Dist 1000 = 12.806 | Learner Steps = 34672 | Learner Walltime = 6868.742 | Min Dist = 0.118 | Min Dist 10 = 0.552 | Min Dist 100 = 0.847 | Min Dist 1000 = 0.597 | Steps Per Second = 74.302 | Success = 1.000 | Success 1000 = 0.905
I0502 17:00:45.830530 139558059398720 terminal.py:91] [Actor] Actor Episodes = 44585 | Actor Steps = 2229250 | Delta Dist = 1.695 | Delta Dist 10 = 1.219 | Delta Dist 100 = 4.299 | Delta Dist 1000 = 4.373 | Episode Length = 50 | Episode Return = 17.0 | Evaluator Episodes = 11304 | Evaluator Steps = 565200 | Final Dist = 1.305 | Final Dist 10 = 2.939 | Final Dist 100 = 1.402 | Final Dist 1000 = 1.665 | Init Dist = 3.000 | Init Dist 10 = 4.158 | Init Dist 100 = 5.700 | Init Dist 1000 = 6.037 | Learner Steps = 34672 | Learner Walltime = 6868.742 | Min Dist = 0.938 | Min Dist 10 = 0.138 | Min Dist 100 = 0.138 | Min Dist 1000 = 0.208 | Steps Per Second = 94.207 | Success = 1.000 | Success 1000 = 0.989
I0502 17:00:46.366546 139557462840896 terminal.py:91] [Actor] Actor Episodes = 44586 | Actor Steps = 2229300 | Delta Dist = 5.814 | Delta Dist 10 = 1.025 | Delta Dist 100 = 4.265 | Delta Dist 1000 = 4.370 | Episode Length = 50 | Episode Return = 36.0 | Evaluator Episodes = 11304 | Evaluator Steps = 565200 | Final Dist = 0.017 | Final Dist 10 = 3.072 | Final Dist 100 = 1.352 | Final Dist 1000 = 1.660 | Init Dist = 5.831 | Init Dist 10 = 4.097 | Init Dist 100 = 5.616 | Init Dist 1000 = 6.030 | Learner Steps = 34678 | Learner Walltime = 6870.014 | Min Dist = 0.004 | Min Dist 10 = 0.136 | Min Dist 100 = 0.139 | Min Dist 1000 = 0.208 | Steps Per Second = 74.662 | Success = 1.000 | Success 1000 = 0.989
I0502 17:00:46.439623 139579566835264 terminal.py:91] [Evaluator] Actor Episodes = 44588 | Actor Steps = 2229400 | Delta Dist = 11.580 | Delta Dist 10 = 11.757 | Delta Dist 100 = 11.321 | Delta Dist 1000 = 11.560 | Episode Length = 50 | Episode Return = 2.0 | Evaluator Episodes = 11306 | Evaluator Steps = 565300 | Final Dist = 1.226 | Final Dist 10 = 1.049 | Final Dist 100 = 1.486 | Final Dist 1000 = 1.247 | Init Dist = 12.806 | Init Dist 10 = 12.806 | Init Dist 100 = 12.806 | Init Dist 1000 = 12.806 | Learner Steps = 34678 | Learner Walltime = 6870.014 | Min Dist = 0.585 | Min Dist 10 = 0.560 | Min Dist 100 = 0.853 | Min Dist 1000 = 0.597 | Steps Per Second = 82.447 | Success = 1.000 | Success 1000 = 0.904
I0502 17:00:47.658930 139579566835264 terminal.py:91] [Evaluator] Actor Episodes = 44596 | Actor Steps = 2229800 | Delta Dist = 12.017 | Delta Dist 10 = 11.662 | Delta Dist 100 = 11.322 | Delta Dist 1000 = 11.559 | Episode Length = 50 | Episode Return = 22.0 | Evaluator Episodes = 11308 | Evaluator Steps = 565400 | Final Dist = 0.789 | Final Dist 10 = 1.145 | Final Dist 100 = 1.484 | Final Dist 1000 = 1.247 | Init Dist = 12.806 | Init Dist 10 = 12.806 | Init Dist 100 = 12.806 | Init Dist 1000 = 12.806 | Learner Steps = 34685 | Learner Walltime = 6871.343 | Min Dist = 0.239 | Min Dist 10 = 0.584 | Min Dist 100 = 0.843 | Min Dist 1000 = 0.597 | Steps Per Second = 82.095 | Success = 1.000 | Success 1000 = 0.904
I0502 17:00:47.816134 139584504182336 lp_utils.py:96] StepsLimiter: Reached 2230000 recorded steps
I0502 17:00:48.220744 139555860620864 terminal.py:91] [Actor] Actor Episodes = 44595 | Actor Steps = 2229750 | Delta Dist = 5.809 | Delta Dist 10 = 4.147 | Delta Dist 100 = 4.053 | Delta Dist 1000 = 4.362 | Episode Length = 50 | Episode Return = 34.0 | Evaluator Episodes = 11306 | Evaluator Steps = 565300 | Final Dist = 0.191 | Final Dist 10 = 2.865 | Final Dist 100 = 1.589 | Final Dist 1000 = 1.657 | Init Dist = 6.000 | Init Dist 10 = 7.012 | Init Dist 100 = 5.642 | Init Dist 1000 = 6.019 | Learner Steps = 34685 | Learner Walltime = 6871.343 | Min Dist = 0.087 | Min Dist 10 = 0.238 | Min Dist 100 = 0.161 | Min Dist 1000 = 0.207 | Steps Per Second = 80.089 | Success = 1.000 | Success 1000 = 0.989
I0502 17:00:48.823545 139579566835264 terminal.py:91] [Evaluator] Actor Episodes = 44602 | Actor Steps = 2230100 | Delta Dist = 12.468 | Delta Dist 10 = 11.799 | Delta Dist 100 = 11.387 | Delta Dist 1000 = 11.560 | Episode Length = 50 | Episode Return = 26.0 | Evaluator Episodes = 11310 | Evaluator Steps = 565500 | Final Dist = 0.339 | Final Dist 10 = 1.007 | Final Dist 100 = 1.420 | Final Dist 1000 = 1.246 | Init Dist = 12.806 | Init Dist 10 = 12.806 | Init Dist 100 = 12.806 | Init Dist 1000 = 12.806 | Learner Steps = 34690 | Learner Walltime = 6872.525 | Min Dist = 0.037 | Min Dist 10 = 0.467 | Min Dist 100 = 0.785 | Min Dist 1000 = 0.597 | Steps Per Second = 87.544 | Success = 1.000 | Success 1000 = 0.904
I0502 17:00:50.059866 139579566835264 terminal.py:91] [Evaluator] Actor Episodes = 44612 | Actor Steps = 2230600 | Delta Dist = 11.494 | Delta Dist 10 = 11.926 | Delta Dist 100 = 11.381 | Delta Dist 1000 = 11.560 | Episode Length = 50 | Episode Return = 10.0 | Evaluator Episodes = 11312 | Evaluator Steps = 565600 | Final Dist = 1.313 | Final Dist 10 = 0.881 | Final Dist 100 = 1.425 | Final Dist 1000 = 1.246 | Init Dist = 12.806 | Init Dist 10 = 12.806 | Init Dist 100 = 12.806 | Init Dist 1000 = 12.806 | Learner Steps = 34697 | Learner Walltime = 6873.718 | Min Dist = 0.033 | Min Dist 10 = 0.315 | Min Dist 100 = 0.784 | Min Dist 1000 = 0.597 | Steps Per Second = 80.036 | Success = 1.000 | Success 1000 = 0.904
I0502 17:00:51.322736 139579566835264 terminal.py:91] [Evaluator] Actor Episodes = 44622 | Actor Steps = 2231100 | Delta Dist = 10.222 | Delta Dist 10 = 11.905 | Delta Dist 100 = 11.423 | Delta Dist 1000 = 11.560 | Episode Length = 50 | Episode Return = 4.0 | Evaluator Episodes = 11314 | Evaluator Steps = 565700 | Final Dist = 2.584 | Final Dist 10 = 0.902 | Final Dist 100 = 1.384 | Final Dist 1000 = 1.246 | Init Dist = 12.806 | Init Dist 10 = 12.806 | Init Dist 100 = 12.806 | Init Dist 1000 = 12.806 | Learner Steps = 34703 | Learner Walltime = 6874.900 | Min Dist = 0.271 | Min Dist 10 = 0.259 | Min Dist 100 = 0.731 | Min Dist 1000 = 0.597 | Steps Per Second = 75.441 | Success = 1.000 | Success 1000 = 0.904
I0502 17:00:52.522003 139579566835264 terminal.py:91] [Evaluator] Actor Episodes = 44626 | Actor Steps = 2231300 | Delta Dist = 11.724 | Delta Dist 10 = 11.878 | Delta Dist 100 = 11.466 | Delta Dist 1000 = 11.560 | Episode Length = 50 | Episode Return = 11.0 | Evaluator Episodes = 11316 | Evaluator Steps = 565800 | Final Dist = 1.082 | Final Dist 10 = 0.928 | Final Dist 100 = 1.340 | Final Dist 1000 = 1.247 | Init Dist = 12.806 | Init Dist 10 = 12.806 | Init Dist 100 = 12.806 | Init Dist 1000 = 12.806 | Learner Steps = 34709 | Learner Walltime = 6876.096 | Min Dist = 0.112 | Min Dist 10 = 0.191 | Min Dist 100 = 0.680 | Min Dist 1000 = 0.597 | Steps Per Second = 87.621 | Success = 1.000 | Success 1000 = 0.904
I0502 17:00:52.708381 139555013154368 terminal.py:91] [Learner] Actor Episodes = 44624 | Actor Loss = 3.7703700065612793 | Actor Steps = 2231200 | Binary Accuracy = 0.996027946472168 | Categorical Accuracy = 0.41485595703125 | Critic Loss = 1.757507085800171 | Entropy Mean = -24.203811645507812 | Evaluator Episodes = 11314 | Evaluator Steps = 565700 | Learner Steps = 34714 | Learner Walltime = 6876.902 | Logits Neg = -17.412830352783203 | Logits Pos = -1.7775905132293701 | Logsumexp = 1.0816677808761597 | Steps Per Second = 906.922
I0502 17:00:53.849531 139579566835264 terminal.py:91] [Evaluator] Actor Episodes = 44634 | Actor Steps = 2231700 | Delta Dist = 12.475 | Delta Dist 10 = 11.871 | Delta Dist 100 = 11.467 | Delta Dist 1000 = 11.558 | Episode Length = 50 | Episode Return = 9.0 | Evaluator Episodes = 11318 | Evaluator Steps = 565900 | Final Dist = 0.331 | Final Dist 10 = 0.935 | Final Dist 100 = 1.340 | Final Dist 1000 = 1.248 | Init Dist = 12.806 | Init Dist 10 = 12.806 | Init Dist 100 = 12.806 | Init Dist 1000 = 12.806 | Learner Steps = 34715 | Learner Walltime = 6877.309 | Min Dist = 0.326 | Min Dist 10 = 0.158 | Min Dist 100 = 0.680 | Min Dist 1000 = 0.597 | Steps Per Second = 73.354 | Success = 1.000 | Success 1000 = 0.904
I0502 17:00:55.163010 139579566835264 terminal.py:91] [Evaluator] Actor Episodes = 44644 | Actor Steps = 2232200 | Delta Dist = 11.823 | Delta Dist 10 = 11.798 | Delta Dist 100 = 11.522 | Delta Dist 1000 = 11.559 | Episode Length = 50 | Episode Return = 3.0 | Evaluator Episodes = 11320 | Evaluator Steps = 566000 | Final Dist = 0.984 | Final Dist 10 = 1.008 | Final Dist 100 = 1.285 | Final Dist 1000 = 1.247 | Init Dist = 12.806 | Init Dist 10 = 12.806 | Init Dist 100 = 12.806 | Init Dist 1000 = 12.806 | Learner Steps = 34725 | Learner Walltime = 6879.324 | Min Dist = 0.436 | Min Dist 10 = 0.174 | Min Dist 100 = 0.624 | Min Dist 1000 = 0.597 | Steps Per Second = 74.146 | Success = 1.000 | Success 1000 = 0.904
I0502 17:00:55.180378 139569349502528 terminal.py:91] [Actor] Actor Episodes = 44646 | Actor Steps = 2232300 | Delta Dist = 0.439 | Delta Dist 10 = 4.265 | Delta Dist 100 = 4.048 | Delta Dist 1000 = 4.297 | Episode Length = 50 | Episode Return = 19.0 | Evaluator Episodes = 11320 | Evaluator Steps = 566000 | Final Dist = 8.105 | Final Dist 10 = 1.344 | Final Dist 100 = 1.724 | Final Dist 1000 = 1.692 | Init Dist = 8.544 | Init Dist 10 = 5.609 | Init Dist 100 = 5.773 | Init Dist 1000 = 5.989 | Learner Steps = 34725 | Learner Walltime = 6879.324 | Min Dist = 0.007 | Min Dist 10 = 0.061 | Min Dist 100 = 0.196 | Min Dist 1000 = 0.211 | Steps Per Second = 74.909 | Success = 1.000 | Success 1000 = 0.989
I0502 17:00:56.304286 139558059398720 terminal.py:91] [Actor] Actor Episodes = 44650 | Actor Steps = 2232500 | Delta Dist = 6.802 | Delta Dist 10 = 3.921 | Delta Dist 100 = 4.040 | Delta Dist 1000 = 4.281 | Episode Length = 50 | Episode Return = 35.0 | Evaluator Episodes = 11320 | Evaluator Steps = 566000 | Final Dist = 1.008 | Final Dist 10 = 2.392 | Final Dist 100 = 1.820 | Final Dist 1000 = 1.707 | Init Dist = 7.810 | Init Dist 10 = 6.313 | Init Dist 100 = 5.860 | Init Dist 1000 = 5.988 | Learner Steps = 34725 | Learner Walltime = 6879.324 | Min Dist = 0.041 | Min Dist 10 = 0.097 | Min Dist 100 = 0.198 | Min Dist 1000 = 0.211 | Steps Per Second = 74.999 | Success = 1.000 | Success 1000 = 0.989
I0502 17:00:56.445260 139579566835264 terminal.py:91] [Evaluator] Actor Episodes = 44654 | Actor Steps = 2232700 | Delta Dist = 11.823 | Delta Dist 10 = 11.787 | Delta Dist 100 = 11.590 | Delta Dist 1000 = 11.559 | Episode Length = 50 | Episode Return = 7.0 | Evaluator Episodes = 11322 | Evaluator Steps = 566100 | Final Dist = 0.983 | Final Dist 10 = 1.019 | Final Dist 100 = 1.216 | Final Dist 1000 = 1.247 | Init Dist = 12.806 | Init Dist 10 = 12.806 | Init Dist 100 = 12.806 | Init Dist 1000 = 12.806 | Learner Steps = 34731 | Learner Walltime = 6880.621 | Min Dist = 0.530 | Min Dist 10 = 0.216 | Min Dist 100 = 0.576 | Min Dist 1000 = 0.597 | Steps Per Second = 82.389 | Success = 1.000 | Success 1000 = 0.904
I0502 17:00:56.575414 139557462840896 terminal.py:91] [Actor] Actor Episodes = 44656 | Actor Steps = 2232800 | Delta Dist = 7.767 | Delta Dist 10 = 3.673 | Delta Dist 100 = 3.970 | Delta Dist 1000 = 4.280 | Episode Length = 50 | Episode Return = 25.0 | Evaluator Episodes = 11322 | Evaluator Steps = 566100 | Final Dist = 0.479 | Final Dist 10 = 2.021 | Final Dist 100 = 1.821 | Final Dist 1000 = 1.706 | Init Dist = 8.246 | Init Dist 10 = 5.693 | Init Dist 100 = 5.791 | Init Dist 1000 = 5.987 | Learner Steps = 34731 | Learner Walltime = 6880.621 | Min Dist = 0.050 | Min Dist 10 = 0.088 | Min Dist 100 = 0.198 | Min Dist 1000 = 0.211 | Steps Per Second = 80.965 | Success = 1.000 | Success 1000 = 0.989
I0502 17:00:57.642787 139579566835264 terminal.py:91] [Evaluator] Actor Episodes = 44660 | Actor Steps = 2233000 | Delta Dist = 11.777 | Delta Dist 10 = 11.737 | Delta Dist 100 = 11.588 | Delta Dist 1000 = 11.560 | Episode Length = 50 | Episode Return = 2.0 | Evaluator Episodes = 11324 | Evaluator Steps = 566200 | Final Dist = 1.029 | Final Dist 10 = 1.069 | Final Dist 100 = 1.218 | Final Dist 1000 = 1.246 | Init Dist = 12.806 | Init Dist 10 = 12.806 | Init Dist 100 = 12.806 | Init Dist 1000 = 12.806 | Learner Steps = 34731 | Learner Walltime = 6880.621 | Min Dist = 0.925 | Min Dist 10 = 0.299 | Min Dist 100 = 0.580 | Min Dist 1000 = 0.596 | Steps Per Second = 86.815 | Success = 1.000 | Success 1000 = 0.905
I0502 17:00:57.833027 139584504182336 lp_utils.py:96] StepsLimiter: Reached 2233100 recorded steps
I0502 17:00:58.415657 139555860620864 terminal.py:91] [Actor] Actor Episodes = 44663 | Actor Steps = 2233150 | Delta Dist = 6.135 | Delta Dist 10 = 4.773 | Delta Dist 100 = 3.900 | Delta Dist 1000 = 4.290 | Episode Length = 50 | Episode Return = 19.0 | Evaluator Episodes = 11324 | Evaluator Steps = 566200 | Final Dist = 0.936 | Final Dist 10 = 1.055 | Final Dist 100 = 1.822 | Final Dist 1000 = 1.702 | Init Dist = 7.071 | Init Dist 10 = 5.828 | Init Dist 100 = 5.722 | Init Dist 1000 = 5.992 | Learner Steps = 34737 | Learner Walltime = 6881.870 | Min Dist = 0.198 | Min Dist 10 = 0.066 | Min Dist 100 = 0.201 | Min Dist 1000 = 0.211 | Steps Per Second = 74.628 | Success = 1.000 | Success 1000 = 0.989
I0502 17:00:58.971350 139579566835264 terminal.py:91] [Evaluator] Actor Episodes = 44668 | Actor Steps = 2233400 | Delta Dist = 12.619 | Delta Dist 10 = 11.880 | Delta Dist 100 = 11.588 | Delta Dist 1000 = 11.560 | Episode Length = 50 | Episode Return = 10.0 | Evaluator Episodes = 11326 | Evaluator Steps = 566300 | Final Dist = 0.188 | Final Dist 10 = 0.926 | Final Dist 100 = 1.219 | Final Dist 1000 = 1.246 | Init Dist = 12.806 | Init Dist 10 = 12.806 | Init Dist 100 = 12.806 | Init Dist 1000 = 12.806 | Learner Steps = 34743 | Learner Walltime = 6883.079 | Min Dist = 0.041 | Min Dist 10 = 0.349 | Min Dist 100 = 0.585 | Min Dist 1000 = 0.597 | Steps Per Second = 77.768 | Success = 1.000 | Success 1000 = 0.905
I0502 17:01:00.288448 139579566835264 terminal.py:91] [Evaluator] Actor Episodes = 44676 | Actor Steps = 2233800 | Delta Dist = 11.600 | Delta Dist 10 = 11.532 | Delta Dist 100 = 11.603 | Delta Dist 1000 = 11.556 | Episode Length = 50 | Episode Return = 27.0 | Evaluator Episodes = 11328 | Evaluator Steps = 566400 | Final Dist = 1.206 | Final Dist 10 = 1.274 | Final Dist 100 = 1.204 | Final Dist 1000 = 1.250 | Init Dist = 12.806 | Init Dist 10 = 12.806 | Init Dist 100 = 12.806 | Init Dist 1000 = 12.806 | Learner Steps = 34749 | Learner Walltime = 6884.120 | Min Dist = 0.185 | Min Dist 10 = 0.826 | Min Dist 100 = 0.585 | Min Dist 1000 = 0.601 | Steps Per Second = 69.940 | Success = 1.000 | Success 1000 = 0.905
I0502 17:01:01.551691 139579566835264 terminal.py:91] [Evaluator] Actor Episodes = 44684 | Actor Steps = 2234200 | Delta Dist = 12.545 | Delta Dist 10 = 11.467 | Delta Dist 100 = 11.586 | Delta Dist 1000 = 11.555 | Episode Length = 50 | Episode Return = 19.0 | Evaluator Episodes = 11330 | Evaluator Steps = 566500 | Final Dist = 0.261 | Final Dist 10 = 1.339 | Final Dist 100 = 1.220 | Final Dist 1000 = 1.251 | Init Dist = 12.806 | Init Dist 10 = 12.806 | Init Dist 100 = 12.806 | Init Dist 1000 = 12.806 | Learner Steps = 34754 | Learner Walltime = 6885.173 | Min Dist = 0.239 | Min Dist 10 = 0.814 | Min Dist 100 = 0.587 | Min Dist 1000 = 0.601 | Steps Per Second = 79.878 | Success = 1.000 | Success 1000 = 0.905
I0502 17:01:02.763200 139555013154368 terminal.py:91] [Learner] Actor Episodes = 44688 | Actor Loss = 3.676715612411499 | Actor Steps = 2234400 | Binary Accuracy = 0.9960474967956543 | Categorical Accuracy = 0.4212646484375 | Critic Loss = 1.7633200883865356 | Entropy Mean = -20.770183563232422 | Evaluator Episodes = 11330 | Evaluator Steps = 566500 | Learner Steps = 34762 | Learner Walltime = 6886.957 | Logits Neg = -17.38610076904297 | Logits Pos = -1.7847185134887695 | Logsumexp = 1.1110529899597168 | Steps Per Second = 148.963
I0502 17:01:02.784015 139579566835264 terminal.py:91] [Evaluator] Actor Episodes = 44692 | Actor Steps = 2234600 | Delta Dist = 12.229 | Delta Dist 10 = 11.533 | Delta Dist 100 = 11.658 | Delta Dist 1000 = 11.562 | Episode Length = 50 | Episode Return = 15.0 | Evaluator Episodes = 11332 | Evaluator Steps = 566600 | Final Dist = 0.577 | Final Dist 10 = 1.273 | Final Dist 100 = 1.148 | Final Dist 1000 = 1.245 | Init Dist = 12.806 | Init Dist 10 = 12.806 | Init Dist 100 = 12.806 | Init Dist 1000 = 12.806 | Learner Steps = 34759 | Learner Walltime = 6886.338 | Min Dist = 0.102 | Min Dist 10 = 0.806 | Min Dist 100 = 0.536 | Min Dist 1000 = 0.595 | Steps Per Second = 81.383 | Success = 1.000 | Success 1000 = 0.906
I0502 17:01:04.023068 139579566835264 terminal.py:91] [Evaluator] Actor Episodes = 44700 | Actor Steps = 2235000 | Delta Dist = 12.226 | Delta Dist 10 = 11.562 | Delta Dist 100 = 11.666 | Delta Dist 1000 = 11.561 | Episode Length = 50 | Episode Return = 36.0 | Evaluator Episodes = 11334 | Evaluator Steps = 566700 | Final Dist = 0.581 | Final Dist 10 = 1.244 | Final Dist 100 = 1.141 | Final Dist 1000 = 1.245 | Init Dist = 12.806 | Init Dist 10 = 12.806 | Init Dist 100 = 12.806 | Init Dist 1000 = 12.806 | Learner Steps = 34765 | Learner Walltime = 6887.597 | Min Dist = 0.571 | Min Dist 10 = 0.722 | Min Dist 100 = 0.532 | Min Dist 1000 = 0.596 | Steps Per Second = 78.091 | Success = 1.000 | Success 1000 = 0.906
I0502 17:01:05.204858 139569349502528 terminal.py:91] [Actor] Actor Episodes = 44706 | Actor Steps = 2235300 | Delta Dist = 8.513 | Delta Dist 10 = 1.933 | Delta Dist 100 = 4.256 | Delta Dist 1000 = 4.262 | Episode Length = 50 | Episode Return = 46.0 | Evaluator Episodes = 11334 | Evaluator Steps = 566700 | Final Dist = 0.542 | Final Dist 10 = 2.117 | Final Dist 100 = 1.363 | Final Dist 1000 = 1.690 | Init Dist = 9.055 | Init Dist 10 = 4.050 | Init Dist 100 = 5.619 | Init Dist 1000 = 5.952 | Learner Steps = 34772 | Learner Walltime = 6888.937 | Min Dist = 0.012 | Min Dist 10 = 0.044 | Min Dist 100 = 0.153 | Min Dist 1000 = 0.205 | Steps Per Second = 74.823 | Success = 1.000 | Success 1000 = 0.989
I0502 17:01:05.210056 139579566835264 terminal.py:91] [Evaluator] Actor Episodes = 44706 | Actor Steps = 2235300 | Delta Dist = 11.537 | Delta Dist 10 = 11.584 | Delta Dist 100 = 11.729 | Delta Dist 1000 = 11.563 | Episode Length = 50 | Episode Return = 11.0 | Evaluator Episodes = 11336 | Evaluator Steps = 566800 | Final Dist = 1.270 | Final Dist 10 = 1.223 | Final Dist 100 = 1.078 | Final Dist 1000 = 1.243 | Init Dist = 12.806 | Init Dist 10 = 12.806 | Init Dist 100 = 12.806 | Init Dist 1000 = 12.806 | Learner Steps = 34772 | Learner Walltime = 6888.937 | Min Dist = 0.382 | Min Dist 10 = 0.689 | Min Dist 100 = 0.482 | Min Dist 1000 = 0.595 | Steps Per Second = 85.977 | Success = 1.000 | Success 1000 = 0.906
I0502 17:01:06.355545 139579566835264 terminal.py:91] [Evaluator] Actor Episodes = 44712 | Actor Steps = 2235600 | Delta Dist = 4.185 | Delta Dist 10 = 11.924 | Delta Dist 100 = 11.717 | Delta Dist 1000 = 11.562 | Episode Length = 50 | Episode Return = 0.0 | Evaluator Episodes = 11338 | Evaluator Steps = 566900 | Final Dist = 8.622 | Final Dist 10 = 0.882 | Final Dist 100 = 1.089 | Final Dist 1000 = 1.244 | Init Dist = 12.806 | Init Dist 10 = 12.806 | Init Dist 100 = 12.806 | Init Dist 1000 = 12.806 | Learner Steps = 34779 | Learner Walltime = 6890.187 | Min Dist = 8.508 | Min Dist 10 = 0.262 | Min Dist 100 = 0.489 | Min Dist 1000 = 0.595 | Steps Per Second = 82.916 | Success = 0.000 | Success 1000 = 0.906
I0502 17:01:06.410377 139558059398720 terminal.py:91] [Actor] Actor Episodes = 44716 | Actor Steps = 2235800 | Delta Dist = 8.882 | Delta Dist 10 = 3.860 | Delta Dist 100 = 4.173 | Delta Dist 1000 = 4.236 | Episode Length = 50 | Episode Return = 46.0 | Evaluator Episodes = 11338 | Evaluator Steps = 566900 | Final Dist = 0.337 | Final Dist 10 = 1.891 | Final Dist 100 = 1.378 | Final Dist 1000 = 1.697 | Init Dist = 9.220 | Init Dist 10 = 5.751 | Init Dist 100 = 5.552 | Init Dist 1000 = 5.933 | Learner Steps = 34779 | Learner Walltime = 6890.187 | Min Dist = 0.263 | Min Dist 10 = 0.093 | Min Dist 100 = 0.155 | Min Dist 1000 = 0.205 | Steps Per Second = 77.449 | Success = 1.000 | Success 1000 = 0.989
I0502 17:01:07.023978 139557462840896 terminal.py:91] [Actor] Actor Episodes = 44719 | Actor Steps = 2235950 | Delta Dist = 4.207 | Delta Dist 10 = 3.590 | Delta Dist 100 = 4.198 | Delta Dist 1000 = 4.239 | Episode Length = 50 | Episode Return = 36.0 | Evaluator Episodes = 11338 | Evaluator Steps = 566900 | Final Dist = 0.036 | Final Dist 10 = 1.485 | Final Dist 100 = 1.319 | Final Dist 1000 = 1.682 | Init Dist = 4.243 | Init Dist 10 = 5.075 | Init Dist 100 = 5.516 | Init Dist 1000 = 5.921 | Learner Steps = 34779 | Learner Walltime = 6890.187 | Min Dist = 0.003 | Min Dist 10 = 0.096 | Min Dist 100 = 0.147 | Min Dist 1000 = 0.205 | Steps Per Second = 98.226 | Success = 1.000 | Success 1000 = 0.989
I0502 17:01:07.598353 139579566835264 terminal.py:91] [Evaluator] Actor Episodes = 44720 | Actor Steps = 2236000 | Delta Dist = 12.387 | Delta Dist 10 = 11.176 | Delta Dist 100 = 11.643 | Delta Dist 1000 = 11.555 | Episode Length = 50 | Episode Return = 25.0 | Evaluator Episodes = 11340 | Evaluator Steps = 567000 | Final Dist = 0.419 | Final Dist 10 = 1.630 | Final Dist 100 = 1.163 | Final Dist 1000 = 1.252 | Init Dist = 12.806 | Init Dist 10 = 12.806 | Init Dist 100 = 12.806 | Init Dist 1000 = 12.806 | Learner Steps = 34785 | Learner Walltime = 6891.367 | Min Dist = 0.320 | Min Dist 10 = 1.085 | Min Dist 100 = 0.564 | Min Dist 1000 = 0.603 | Steps Per Second = 79.715 | Success = 1.000 | Success 1000 = 0.905
I0502 17:01:07.852310 139584504182336 lp_utils.py:96] StepsLimiter: Reached 2236300 recorded steps
I0502 17:01:08.478115 139555860620864 terminal.py:91] [Actor] Actor Episodes = 44729 | Actor Steps = 2236450 | Delta Dist = 2.812 | Delta Dist 10 = 2.362 | Delta Dist 100 = 3.941 | Delta Dist 1000 = 4.222 | Episode Length = 50 | Episode Return = 0.0 | Evaluator Episodes = 11340 | Evaluator Steps = 567000 | Final Dist = 7.037 | Final Dist 10 = 3.551 | Final Dist 100 = 1.691 | Final Dist 1000 = 1.706 | Init Dist = 9.849 | Init Dist 10 = 5.913 | Init Dist 100 = 5.633 | Init Dist 1000 = 5.928 | Learner Steps = 34785 | Learner Walltime = 6891.367 | Min Dist = 0.250 | Min Dist 10 = 0.231 | Min Dist 100 = 0.144 | Min Dist 1000 = 0.206 | Steps Per Second = 86.217 | Success = 1.000 | Success 1000 = 0.989
I0502 17:01:08.872111 139579566835264 terminal.py:91] [Evaluator] Actor Episodes = 44730 | Actor Steps = 2236500 | Delta Dist = 11.982 | Delta Dist 10 = 11.215 | Delta Dist 100 = 11.657 | Delta Dist 1000 = 11.556 | Episode Length = 50 | Episode Return = 23.0 | Evaluator Episodes = 11342 | Evaluator Steps = 567100 | Final Dist = 0.824 | Final Dist 10 = 1.591 | Final Dist 100 = 1.149 | Final Dist 1000 = 1.250 | Init Dist = 12.806 | Init Dist 10 = 12.806 | Init Dist 100 = 12.806 | Init Dist 1000 = 12.806 | Learner Steps = 34790 | Learner Walltime = 6892.561 | Min Dist = 0.018 | Min Dist 10 = 1.069 | Min Dist 100 = 0.559 | Min Dist 1000 = 0.602 | Steps Per Second = 85.130 | Success = 1.000 | Success 1000 = 0.905
I0502 17:01:10.067009 139579566835264 terminal.py:91] [Evaluator] Actor Episodes = 44738 | Actor Steps = 2236900 | Delta Dist = 11.721 | Delta Dist 10 = 11.296 | Delta Dist 100 = 11.667 | Delta Dist 1000 = 11.557 | Episode Length = 50 | Episode Return = 25.0 | Evaluator Episodes = 11344 | Evaluator Steps = 567200 | Final Dist = 1.085 | Final Dist 10 = 1.511 | Final Dist 100 = 1.139 | Final Dist 1000 = 1.250 | Init Dist = 12.806 | Init Dist 10 = 12.806 | Init Dist 100 = 12.806 | Init Dist 1000 = 12.806 | Learner Steps = 34797 | Learner Walltime = 6893.786 | Min Dist = 0.201 | Min Dist 10 = 1.049 | Min Dist 100 = 0.556 | Min Dist 1000 = 0.602 | Steps Per Second = 86.206 | Success = 1.000 | Success 1000 = 0.905
I0502 17:01:11.320217 139579566835264 terminal.py:91] [Evaluator] Actor Episodes = 44746 | Actor Steps = 2237300 | Delta Dist = 11.625 | Delta Dist 10 = 11.274 | Delta Dist 100 = 11.670 | Delta Dist 1000 = 11.557 | Episode Length = 50 | Episode Return = 23.0 | Evaluator Episodes = 11346 | Evaluator Steps = 567300 | Final Dist = 1.181 | Final Dist 10 = 1.532 | Final Dist 100 = 1.136 | Final Dist 1000 = 1.249 | Init Dist = 12.806 | Init Dist 10 = 12.806 | Init Dist 100 = 12.806 | Init Dist 1000 = 12.806 | Learner Steps = 34803 | Learner Walltime = 6894.962 | Min Dist = 0.097 | Min Dist 10 = 1.006 | Min Dist 100 = 0.551 | Min Dist 1000 = 0.602 | Steps Per Second = 80.093 | Success = 1.000 | Success 1000 = 0.905
I0502 17:01:12.602743 139579566835264 terminal.py:91] [Evaluator] Actor Episodes = 44754 | Actor Steps = 2237700 | Delta Dist = 11.761 | Delta Dist 10 = 11.372 | Delta Dist 100 = 11.737 | Delta Dist 1000 = 11.557 | Episode Length = 50 | Episode Return = 20.0 | Evaluator Episodes = 11348 | Evaluator Steps = 567400 | Final Dist = 1.046 | Final Dist 10 = 1.434 | Final Dist 100 = 1.069 | Final Dist 1000 = 1.249 | Init Dist = 12.806 | Init Dist 10 = 12.806 | Init Dist 100 = 12.806 | Init Dist 1000 = 12.806 | Learner Steps = 34809 | Learner Walltime = 6896.254 | Min Dist = 0.130 | Min Dist 10 = 0.967 | Min Dist 100 = 0.492 | Min Dist 1000 = 0.602 | Steps Per Second = 77.080 | Success = 1.000 | Success 1000 = 0.905
I0502 17:01:12.930197 139555013154368 terminal.py:91] [Learner] Actor Episodes = 44752 | Actor Loss = 3.717308521270752 | Actor Steps = 2237600 | Binary Accuracy = 0.9960596561431885 | Categorical Accuracy = 0.41351318359375 | Critic Loss = 1.7836594581604004 | Entropy Mean = -23.464929580688477 | Evaluator Episodes = 11346 | Evaluator Steps = 567300 | Learner Steps = 34814 | Learner Walltime = 6897.126 | Logits Neg = -17.28022003173828 | Logits Pos = -1.7661526203155518 | Logsumexp = 1.0447049140930176 | Steps Per Second = 203.445
I0502 17:01:13.840835 139579566835264 terminal.py:91] [Evaluator] Actor Episodes = 44762 | Actor Steps = 2238100 | Delta Dist = 11.789 | Delta Dist 10 = 12.171 | Delta Dist 100 = 11.730 | Delta Dist 1000 = 11.557 | Episode Length = 50 | Episode Return = 5.0 | Evaluator Episodes = 11350 | Evaluator Steps = 567500 | Final Dist = 1.017 | Final Dist 10 = 0.635 | Final Dist 100 = 1.076 | Final Dist 1000 = 1.249 | Init Dist = 12.806 | Init Dist 10 = 12.806 | Init Dist 100 = 12.806 | Init Dist 1000 = 12.806 | Learner Steps = 34816 | Learner Walltime = 6897.409 | Min Dist = 0.064 | Min Dist 10 = 0.147 | Min Dist 100 = 0.485 | Min Dist 1000 = 0.601 | Steps Per Second = 80.937 | Success = 1.000 | Success 1000 = 0.905
I0502 17:01:15.024417 139579566835264 terminal.py:91] [Evaluator] Actor Episodes = 44770 | Actor Steps = 2238500 | Delta Dist = 11.768 | Delta Dist 10 = 12.013 | Delta Dist 100 = 11.735 | Delta Dist 1000 = 11.556 | Episode Length = 50 | Episode Return = 25.0 | Evaluator Episodes = 11352 | Evaluator Steps = 567600 | Final Dist = 1.038 | Final Dist 10 = 0.793 | Final Dist 100 = 1.071 | Final Dist 1000 = 1.250 | Init Dist = 12.806 | Init Dist 10 = 12.806 | Init Dist 100 = 12.806 | Init Dist 1000 = 12.806 | Learner Steps = 34821 | Learner Walltime = 6898.423 | Min Dist = 0.043 | Min Dist 10 = 0.123 | Min Dist 100 = 0.478 | Min Dist 1000 = 0.601 | Steps Per Second = 80.300 | Success = 1.000 | Success 1000 = 0.905
I0502 17:01:15.306303 139569349502528 terminal.py:91] [Actor] Actor Episodes = 44774 | Actor Steps = 2238700 | Delta Dist = 5.954 | Delta Dist 10 = 4.869 | Delta Dist 100 = 4.201 | Delta Dist 1000 = 4.228 | Episode Length = 50 | Episode Return = 37.0 | Evaluator Episodes = 11352 | Evaluator Steps = 567600 | Final Dist = 0.046 | Final Dist 10 = 0.933 | Final Dist 100 = 1.677 | Final Dist 1000 = 1.706 | Init Dist = 6.000 | Init Dist 10 = 5.803 | Init Dist 100 = 5.878 | Init Dist 1000 = 5.933 | Learner Steps = 34821 | Learner Walltime = 6898.423 | Min Dist = 0.028 | Min Dist 10 = 0.077 | Min Dist 100 = 0.182 | Min Dist 1000 = 0.207 | Steps Per Second = 77.817 | Success = 1.000 | Success 1000 = 0.989
I0502 17:01:16.386991 139579566835264 terminal.py:91] [Evaluator] Actor Episodes = 44778 | Actor Steps = 2238900 | Delta Dist = 12.372 | Delta Dist 10 = 11.921 | Delta Dist 100 = 11.727 | Delta Dist 1000 = 11.559 | Episode Length = 50 | Episode Return = 13.0 | Evaluator Episodes = 11354 | Evaluator Steps = 567700 | Final Dist = 0.434 | Final Dist 10 = 0.885 | Final Dist 100 = 1.079 | Final Dist 1000 = 1.247 | Init Dist = 12.806 | Init Dist 10 = 12.806 | Init Dist 100 = 12.806 | Init Dist 1000 = 12.806 | Learner Steps = 34826 | Learner Walltime = 6899.535 | Min Dist = 0.434 | Min Dist 10 = 0.177 | Min Dist 100 = 0.479 | Min Dist 1000 = 0.597 | Steps Per Second = 72.436 | Success = 1.000 | Success 1000 = 0.906
I0502 17:01:16.775633 139558059398720 terminal.py:91] [Actor] Actor Episodes = 44779 | Actor Steps = 2238950 | Delta Dist = 8.308 | Delta Dist 10 = 5.803 | Delta Dist 100 = 4.324 | Delta Dist 1000 = 4.250 | Episode Length = 50 | Episode Return = 36.0 | Evaluator Episodes = 11352 | Evaluator Steps = 567600 | Final Dist = 0.236 | Final Dist 10 = 0.811 | Final Dist 100 = 1.641 | Final Dist 1000 = 1.696 | Init Dist = 8.544 | Init Dist 10 = 6.614 | Init Dist 100 = 5.966 | Init Dist 1000 = 5.946 | Learner Steps = 34826 | Learner Walltime = 6899.535 | Min Dist = 0.232 | Min Dist 10 = 0.102 | Min Dist 100 = 0.185 | Min Dist 1000 = 0.199 | Steps Per Second = 72.070 | Success = 1.000 | Success 1000 = 0.989
I0502 17:01:17.092771 139557462840896 terminal.py:91] [Actor] Actor Episodes = 44781 | Actor Steps = 2239050 | Delta Dist = 3.563 | Delta Dist 10 = 5.726 | Delta Dist 100 = 4.300 | Delta Dist 1000 = 4.250 | Episode Length = 50 | Episode Return = 45.0 | Evaluator Episodes = 11354 | Evaluator Steps = 567700 | Final Dist = 0.043 | Final Dist 10 = 1.142 | Final Dist 100 = 1.670 | Final Dist 1000 = 1.700 | Init Dist = 3.606 | Init Dist 10 = 6.868 | Init Dist 100 = 5.970 | Init Dist 1000 = 5.950 | Learner Steps = 34826 | Learner Walltime = 6899.535 | Min Dist = 0.043 | Min Dist 10 = 0.123 | Min Dist 100 = 0.188 | Min Dist 1000 = 0.200 | Steps Per Second = 73.203 | Success = 1.000 | Success 1000 = 0.989
I0502 17:01:17.650392 139579566835264 terminal.py:91] [Evaluator] Actor Episodes = 44786 | Actor Steps = 2239300 | Delta Dist = 11.765 | Delta Dist 10 = 11.229 | Delta Dist 100 = 11.658 | Delta Dist 1000 = 11.553 | Episode Length = 50 | Episode Return = 10.0 | Evaluator Episodes = 11356 | Evaluator Steps = 567800 | Final Dist = 1.042 | Final Dist 10 = 1.578 | Final Dist 100 = 1.148 | Final Dist 1000 = 1.254 | Init Dist = 12.806 | Init Dist 10 = 12.806 | Init Dist 100 = 12.806 | Init Dist 1000 = 12.806 | Learner Steps = 34838 | Learner Walltime = 6901.732 | Min Dist = 0.038 | Min Dist 10 = 0.721 | Min Dist 100 = 0.532 | Min Dist 1000 = 0.602 | Steps Per Second = 92.194 | Success = 1.000 | Success 1000 = 0.905
I0502 17:01:17.872675 139584504182336 lp_utils.py:96] StepsLimiter: Reached 2239500 recorded steps
I0502 17:01:18.795218 139579566835264 terminal.py:91] [Evaluator] Actor Episodes = 44794 | Actor Steps = 2239700 | Delta Dist = 12.389 | Delta Dist 10 = 11.185 | Delta Dist 100 = 11.657 | Delta Dist 1000 = 11.553 | Episode Length = 50 | Episode Return = 20.0 | Evaluator Episodes = 11358 | Evaluator Steps = 567900 | Final Dist = 0.417 | Final Dist 10 = 1.622 | Final Dist 100 = 1.149 | Final Dist 1000 = 1.254 | Init Dist = 12.806 | Init Dist 10 = 12.806 | Init Dist 100 = 12.806 | Init Dist 1000 = 12.806 | Learner Steps = 34843 | Learner Walltime = 6902.846 | Min Dist = 0.321 | Min Dist 10 = 0.720 | Min Dist 100 = 0.528 | Min Dist 1000 = 0.601 | Steps Per Second = 81.195 | Success = 1.000 | Success 1000 = 0.905
I0502 17:01:19.050168 139555860620864 terminal.py:91] [Actor] Actor Episodes = 44798 | Actor Steps = 2239900 | Delta Dist = 5.683 | Delta Dist 10 = 5.078 | Delta Dist 100 = 4.211 | Delta Dist 1000 = 4.264 | Episode Length = 50 | Episode Return = 39.0 | Evaluator Episodes = 11358 | Evaluator Steps = 567900 | Final Dist = 0.641 | Final Dist 10 = 0.653 | Final Dist 100 = 1.639 | Final Dist 1000 = 1.676 | Init Dist = 6.325 | Init Dist 10 = 5.731 | Init Dist 100 = 5.850 | Init Dist 1000 = 5.940 | Learner Steps = 34843 | Learner Walltime = 6902.846 | Min Dist = 0.113 | Min Dist 10 = 0.062 | Min Dist 100 = 0.151 | Min Dist 1000 = 0.200 | Steps Per Second = 78.208 | Success = 1.000 | Success 1000 = 0.989
I0502 17:01:20.096534 139579566835264 terminal.py:91] [Evaluator] Actor Episodes = 44804 | Actor Steps = 2240200 | Delta Dist = 11.453 | Delta Dist 10 = 11.254 | Delta Dist 100 = 11.666 | Delta Dist 1000 = 11.553 | Episode Length = 50 | Episode Return = 25.0 | Evaluator Episodes = 11360 | Evaluator Steps = 568000 | Final Dist = 1.353 | Final Dist 10 = 1.552 | Final Dist 100 = 1.140 | Final Dist 1000 = 1.254 | Init Dist = 12.806 | Init Dist 10 = 12.806 | Init Dist 100 = 12.806 | Init Dist 1000 = 12.806 | Learner Steps = 34848 | Learner Walltime = 6904.047 | Min Dist = 0.224 | Min Dist 10 = 0.749 | Min Dist 100 = 0.530 | Min Dist 1000 = 0.601 | Steps Per Second = 73.828 | Success = 1.000 | Success 1000 = 0.905
I0502 17:01:21.261350 139579566835264 terminal.py:91] [Evaluator] Actor Episodes = 44812 | Actor Steps = 2240600 | Delta Dist = 11.573 | Delta Dist 10 = 11.267 | Delta Dist 100 = 11.661 | Delta Dist 1000 = 11.554 | Episode Length = 50 | Episode Return = 10.0 | Evaluator Episodes = 11362 | Evaluator Steps = 568100 | Final Dist = 1.233 | Final Dist 10 = 1.539 | Final Dist 100 = 1.145 | Final Dist 1000 = 1.252 | Init Dist = 12.806 | Init Dist 10 = 12.806 | Init Dist 100 = 12.806 | Init Dist 1000 = 12.806 | Learner Steps = 34855 | Learner Walltime = 6905.351 | Min Dist = 0.806 | Min Dist 10 = 0.811 | Min Dist 100 = 0.531 | Min Dist 1000 = 0.602 | Steps Per Second = 96.299 | Success = 1.000 | Success 1000 = 0.905
I0502 17:01:22.403976 139579566835264 terminal.py:91] [Evaluator] Actor Episodes = 44818 | Actor Steps = 2240900 | Delta Dist = 12.346 | Delta Dist 10 = 11.210 | Delta Dist 100 = 11.652 | Delta Dist 1000 = 11.552 | Episode Length = 50 | Episode Return = 25.0 | Evaluator Episodes = 11364 | Evaluator Steps = 568200 | Final Dist = 0.460 | Final Dist 10 = 1.596 | Final Dist 100 = 1.155 | Final Dist 1000 = 1.254 | Init Dist = 12.806 | Init Dist 10 = 12.806 | Init Dist 100 = 12.806 | Init Dist 1000 = 12.806 | Learner Steps = 34861 | Learner Walltime = 6906.545 | Min Dist = 0.119 | Min Dist 10 = 0.838 | Min Dist 100 = 0.531 | Min Dist 1000 = 0.602 | Steps Per Second = 79.780 | Success = 1.000 | Success 1000 = 0.905
I0502 17:01:22.928908 139555013154368 terminal.py:91] [Learner] Actor Episodes = 44818 | Actor Loss = 3.788039207458496 | Actor Steps = 2240900 | Binary Accuracy = 0.9960169792175293 | Categorical Accuracy = 0.41094970703125 | Critic Loss = 1.7777137756347656 | Entropy Mean = -23.44554901123047 | Evaluator Episodes = 11362 | Evaluator Steps = 568100 | Learner Steps = 34865 | Learner Walltime = 6907.126 | Logits Neg = -17.427169799804688 | Logits Pos = -1.7583301067352295 | Logsumexp = 1.0636214017868042 | Steps Per Second = 517.942
I0502 17:01:23.577750 139579566835264 terminal.py:91] [Evaluator] Actor Episodes = 44826 | Actor Steps = 2241300 | Delta Dist = 11.570 | Delta Dist 10 = 11.913 | Delta Dist 100 = 11.662 | Delta Dist 1000 = 11.552 | Episode Length = 50 | Episode Return = 14.0 | Evaluator Episodes = 11366 | Evaluator Steps = 568300 | Final Dist = 1.236 | Final Dist 10 = 0.893 | Final Dist 100 = 1.144 | Final Dist 1000 = 1.254 | Init Dist = 12.806 | Init Dist 10 = 12.806 | Init Dist 100 = 12.806 | Init Dist 1000 = 12.806 | Learner Steps = 34861 | Learner Walltime = 6906.545 | Min Dist = 0.291 | Min Dist 10 = 0.346 | Min Dist 100 = 0.536 | Min Dist 1000 = 0.603 | Steps Per Second = 82.795 | Success = 1.000 | Success 1000 = 0.905
I0502 17:01:23.619056 139584635659840 savers.py:156] Saving checkpoint: logs/contrastive_cpc_point_FourRooms_64/5dd72662-2788-11f0-b183-d85ed38c5779/checkpoints/counter
I0502 17:01:24.994015 139579566835264 terminal.py:91] [Evaluator] Actor Episodes = 44834 | Actor Steps = 2241700 | Delta Dist = 11.845 | Delta Dist 10 = 11.968 | Delta Dist 100 = 11.656 | Delta Dist 1000 = 11.554 | Episode Length = 50 | Episode Return = 16.0 | Evaluator Episodes = 11368 | Evaluator Steps = 568400 | Final Dist = 0.961 | Final Dist 10 = 0.838 | Final Dist 100 = 1.150 | Final Dist 1000 = 1.253 | Init Dist = 12.806 | Init Dist 10 = 12.806 | Init Dist 100 = 12.806 | Init Dist 1000 = 12.806 | Learner Steps = 34874 | Learner Walltime = 6908.805 | Min Dist = 0.494 | Min Dist 10 = 0.347 | Min Dist 100 = 0.537 | Min Dist 1000 = 0.603 | Steps Per Second = 69.723 | Success = 1.000 | Success 1000 = 0.905
I0502 17:01:25.454183 139569349502528 terminal.py:91] [Actor] Actor Episodes = 44840 | Actor Steps = 2242000 | Delta Dist = 4.863 | Delta Dist 10 = 4.645 | Delta Dist 100 = 4.757 | Delta Dist 1000 = 4.280 | Episode Length = 50 | Episode Return = 0.0 | Evaluator Episodes = 11368 | Evaluator Steps = 568400 | Final Dist = 0.137 | Final Dist 10 = 0.737 | Final Dist 100 = 1.244 | Final Dist 1000 = 1.651 | Init Dist = 5.000 | Init Dist 10 = 5.381 | Init Dist 100 = 6.002 | Init Dist 1000 = 5.931 | Learner Steps = 34874 | Learner Walltime = 6908.805 | Min Dist = 0.021 | Min Dist 10 = 0.071 | Min Dist 100 = 0.132 | Min Dist 1000 = 0.199 | Steps Per Second = 72.806 | Success = 1.000 | Success 1000 = 0.990
I0502 17:01:26.229210 139579566835264 terminal.py:91] [Evaluator] Actor Episodes = 44842 | Actor Steps = 2242100 | Delta Dist = 6.054 | Delta Dist 10 = 11.848 | Delta Dist 100 = 11.640 | Delta Dist 1000 = 11.553 | Episode Length = 50 | Episode Return = 0.0 | Evaluator Episodes = 11370 | Evaluator Steps = 568500 | Final Dist = 6.752 | Final Dist 10 = 0.958 | Final Dist 100 = 1.166 | Final Dist 1000 = 1.253 | Init Dist = 12.806 | Init Dist 10 = 12.806 | Init Dist 100 = 12.806 | Init Dist 1000 = 12.806 | Learner Steps = 34878 | Learner Walltime = 6909.814 | Min Dist = 5.336 | Min Dist 10 = 0.392 | Min Dist 100 = 0.541 | Min Dist 1000 = 0.604 | Steps Per Second = 90.289 | Success = 0.000 | Success 1000 = 0.905
I0502 17:01:27.306521 139558059398720 terminal.py:91] [Actor] Actor Episodes = 44850 | Actor Steps = 2242500 | Delta Dist = 7.378 | Delta Dist 10 = 4.760 | Delta Dist 100 = 4.966 | Delta Dist 1000 = 4.273 | Episode Length = 50 | Episode Return = 50.0 | Evaluator Episodes = 11370 | Evaluator Steps = 568500 | Final Dist = 0.237 | Final Dist 10 = 0.756 | Final Dist 100 = 1.108 | Final Dist 1000 = 1.651 | Init Dist = 7.616 | Init Dist 10 = 5.516 | Init Dist 100 = 6.075 | Init Dist 1000 = 5.924 | Learner Steps = 34883 | Learner Walltime = 6911.076 | Min Dist = 0.034 | Min Dist 10 = 0.100 | Min Dist 100 = 0.086 | Min Dist 1000 = 0.199 | Steps Per Second = 94.264 | Success = 1.000 | Success 1000 = 0.990
I0502 17:01:27.570991 139579566835264 terminal.py:91] [Evaluator] Actor Episodes = 44850 | Actor Steps = 2242500 | Delta Dist = 5.773 | Delta Dist 10 = 11.345 | Delta Dist 100 = 11.585 | Delta Dist 1000 = 11.548 | Episode Length = 50 | Episode Return = 0.0 | Evaluator Episodes = 11372 | Evaluator Steps = 568600 | Final Dist = 7.033 | Final Dist 10 = 1.461 | Final Dist 100 = 1.221 | Final Dist 1000 = 1.258 | Init Dist = 12.806 | Init Dist 10 = 12.806 | Init Dist 100 = 12.806 | Init Dist 1000 = 12.806 | Learner Steps = 34883 | Learner Walltime = 6911.076 | Min Dist = 5.016 | Min Dist 10 = 0.857 | Min Dist 100 = 0.593 | Min Dist 1000 = 0.608 | Steps Per Second = 77.870 | Success = 0.000 | Success 1000 = 0.904
I0502 17:01:27.631141 139557462840896 terminal.py:91] [Actor] Actor Episodes = 44852 | Actor Steps = 2242600 | Delta Dist = 1.309 | Delta Dist 10 = 4.664 | Delta Dist 100 = 4.914 | Delta Dist 1000 = 4.282 | Episode Length = 50 | Episode Return = 4.0 | Evaluator Episodes = 11372 | Evaluator Steps = 568600 | Final Dist = 2.814 | Final Dist 10 = 0.907 | Final Dist 100 = 1.129 | Final Dist 1000 = 1.653 | Init Dist = 4.123 | Init Dist 10 = 5.571 | Init Dist 100 = 6.043 | Init Dist 1000 = 5.935 | Learner Steps = 34883 | Learner Walltime = 6911.076 | Min Dist = 0.089 | Min Dist 10 = 0.105 | Min Dist 100 = 0.087 | Min Dist 1000 = 0.199 | Steps Per Second = 81.128 | Success = 1.000 | Success 1000 = 0.990
I0502 17:01:27.889096 139584504182336 lp_utils.py:96] StepsLimiter: Reached 2242700 recorded steps
I0502 17:01:28.759521 139579566835264 terminal.py:91] [Evaluator] Actor Episodes = 44858 | Actor Steps = 2242900 | Delta Dist = 12.456 | Delta Dist 10 = 10.857 | Delta Dist 100 = 11.537 | Delta Dist 1000 = 11.542 | Episode Length = 50 | Episode Return = 26.0 | Evaluator Episodes = 11374 | Evaluator Steps = 568700 | Final Dist = 0.351 | Final Dist 10 = 1.950 | Final Dist 100 = 1.269 | Final Dist 1000 = 1.264 | Init Dist = 12.806 | Init Dist 10 = 12.806 | Init Dist 100 = 12.806 | Init Dist 1000 = 12.806 | Learner Steps = 34889 | Learner Walltime = 6912.114 | Min Dist = 0.285 | Min Dist 10 = 1.275 | Min Dist 100 = 0.638 | Min Dist 1000 = 0.613 | Steps Per Second = 84.166 | Success = 1.000 | Success 1000 = 0.903
I0502 17:01:29.540520 139555860620864 terminal.py:91] [Actor] Actor Episodes = 44863 | Actor Steps = 2243150 | Delta Dist = 5.660 | Delta Dist 10 = 5.371 | Delta Dist 100 = 4.978 | Delta Dist 1000 = 4.322 | Episode Length = 50 | Episode Return = 37.0 | Evaluator Episodes = 11374 | Evaluator Steps = 568700 | Final Dist = 0.664 | Final Dist 10 = 0.561 | Final Dist 100 = 0.941 | Final Dist 1000 = 1.626 | Init Dist = 6.325 | Init Dist 10 = 5.932 | Init Dist 100 = 5.920 | Init Dist 1000 = 5.948 | Learner Steps = 34889 | Learner Walltime = 6912.114 | Min Dist = 0.145 | Min Dist 10 = 0.085 | Min Dist 100 = 0.088 | Min Dist 1000 = 0.198 | Steps Per Second = 84.970 | Success = 1.000 | Success 1000 = 0.990
I0502 17:01:29.850021 139579566835264 terminal.py:91] [Evaluator] Actor Episodes = 44866 | Actor Steps = 2243300 | Delta Dist = 11.199 | Delta Dist 10 = 10.802 | Delta Dist 100 = 11.528 | Delta Dist 1000 = 11.542 | Episode Length = 50 | Episode Return = 12.0 | Evaluator Episodes = 11376 | Evaluator Steps = 568800 | Final Dist = 1.607 | Final Dist 10 = 2.004 | Final Dist 100 = 1.278 | Final Dist 1000 = 1.264 | Init Dist = 12.806 | Init Dist 10 = 12.806 | Init Dist 100 = 12.806 | Init Dist 1000 = 12.806 | Learner Steps = 34895 | Learner Walltime = 6913.261 | Min Dist = 0.250 | Min Dist 10 = 1.297 | Min Dist 100 = 0.639 | Min Dist 1000 = 0.613 | Steps Per Second = 94.408 | Success = 1.000 | Success 1000 = 0.903
I0502 17:01:31.023267 139579566835264 terminal.py:91] [Evaluator] Actor Episodes = 44874 | Actor Steps = 2243700 | Delta Dist = 12.163 | Delta Dist 10 = 10.130 | Delta Dist 100 = 11.470 | Delta Dist 1000 = 11.537 | Episode Length = 50 | Episode Return = 17.0 | Evaluator Episodes = 11378 | Evaluator Steps = 568900 | Final Dist = 0.644 | Final Dist 10 = 2.676 | Final Dist 100 = 1.336 | Final Dist 1000 = 1.269 | Init Dist = 12.806 | Init Dist 10 = 12.806 | Init Dist 100 = 12.806 | Init Dist 1000 = 12.806 | Learner Steps = 34901 | Learner Walltime = 6914.422 | Min Dist = 0.267 | Min Dist 10 = 1.805 | Min Dist 100 = 0.692 | Min Dist 1000 = 0.618 | Steps Per Second = 83.782 | Success = 1.000 | Success 1000 = 0.902
I0502 17:01:32.186325 139579566835264 terminal.py:91] [Evaluator] Actor Episodes = 44882 | Actor Steps = 2244100 | Delta Dist = 10.996 | Delta Dist 10 = 10.112 | Delta Dist 100 = 11.462 | Delta Dist 1000 = 11.537 | Episode Length = 50 | Episode Return = 0.0 | Evaluator Episodes = 11380 | Evaluator Steps = 569000 | Final Dist = 1.810 | Final Dist 10 = 2.694 | Final Dist 100 = 1.344 | Final Dist 1000 = 1.269 | Init Dist = 12.806 | Init Dist 10 = 12.806 | Init Dist 100 = 12.806 | Init Dist 1000 = 12.806 | Learner Steps = 34907 | Learner Walltime = 6915.505 | Min Dist = 1.419 | Min Dist 10 = 1.761 | Min Dist 100 = 0.696 | Min Dist 1000 = 0.618 | Steps Per Second = 87.865 | Success = 0.000 | Success 1000 = 0.902
I0502 17:01:32.940714 139555013154368 terminal.py:91] [Learner] Actor Episodes = 44884 | Actor Loss = 3.5704903602600098 | Actor Steps = 2244200 | Binary Accuracy = 0.9960727691650391 | Categorical Accuracy = 0.4307861328125 | Critic Loss = 1.787762999534607 | Entropy Mean = -21.307300567626953 | Evaluator Episodes = 11380 | Evaluator Steps = 569000 | Learner Steps = 34915 | Learner Walltime = 6917.137 | Logits Neg = -17.237741470336914 | Logits Pos = -1.7446255683898926 | Logsumexp = 1.1126933097839355 | Steps Per Second = 188.596
I0502 17:01:33.487615 139579566835264 terminal.py:91] [Evaluator] Actor Episodes = 44888 | Actor Steps = 2244400 | Delta Dist = 11.723 | Delta Dist 10 = 10.544 | Delta Dist 100 = 11.442 | Delta Dist 1000 = 11.537 | Episode Length = 50 | Episode Return = 2.0 | Evaluator Episodes = 11382 | Evaluator Steps = 569100 | Final Dist = 1.083 | Final Dist 10 = 2.262 | Final Dist 100 = 1.364 | Final Dist 1000 = 1.270 | Init Dist = 12.806 | Init Dist 10 = 12.806 | Init Dist 100 = 12.806 | Init Dist 1000 = 12.806 | Learner Steps = 34913 | Learner Walltime = 6916.708 | Min Dist = 0.888 | Min Dist 10 = 1.436 | Min Dist 100 = 0.716 | Min Dist 1000 = 0.619 | Steps Per Second = 78.583 | Success = 1.000 | Success 1000 = 0.901
I0502 17:01:34.748075 139579566835264 terminal.py:91] [Evaluator] Actor Episodes = 44896 | Actor Steps = 2244800 | Delta Dist = 12.173 | Delta Dist 10 = 10.595 | Delta Dist 100 = 11.387 | Delta Dist 1000 = 11.533 | Episode Length = 50 | Episode Return = 27.0 | Evaluator Episodes = 11384 | Evaluator Steps = 569200 | Final Dist = 0.633 | Final Dist 10 = 2.211 | Final Dist 100 = 1.419 | Final Dist 1000 = 1.273 | Init Dist = 12.806 | Init Dist 10 = 12.806 | Init Dist 100 = 12.806 | Init Dist 1000 = 12.806 | Learner Steps = 34918 | Learner Walltime = 6917.825 | Min Dist = 0.027 | Min Dist 10 = 1.529 | Min Dist 100 = 0.767 | Min Dist 1000 = 0.625 | Steps Per Second = 82.363 | Success = 1.000 | Success 1000 = 0.900
I0502 17:01:34.951039 139583350109760 savers.py:156] Saving checkpoint: logs/contrastive_cpc_point_FourRooms_64/5dd72662-2788-11f0-b183-d85ed38c5779/checkpoints/learner
I0502 17:01:35.714902 139569349502528 terminal.py:91] [Actor] Actor Episodes = 44904 | Actor Steps = 2245200 | Delta Dist = 1.360 | Delta Dist 10 = 4.716 | Delta Dist 100 = 5.270 | Delta Dist 1000 = 4.377 | Episode Length = 50 | Episode Return = 36.0 | Evaluator Episodes = 11384 | Evaluator Steps = 569200 | Final Dist = 0.054 | Final Dist 10 = 1.176 | Final Dist 100 = 1.060 | Final Dist 1000 = 1.606 | Init Dist = 1.414 | Init Dist 10 = 5.893 | Init Dist 100 = 6.331 | Init Dist 1000 = 5.983 | Learner Steps = 34924 | Learner Walltime = 6919.091 | Min Dist = 0.005 | Min Dist 10 = 0.069 | Min Dist 100 = 0.085 | Min Dist 1000 = 0.189 | Steps Per Second = 82.437 | Success = 1.000 | Success 1000 = 0.990
I0502 17:01:35.886551 139579566835264 terminal.py:91] [Evaluator] Actor Episodes = 44904 | Actor Steps = 2245200 | Delta Dist = 12.283 | Delta Dist 10 = 10.600 | Delta Dist 100 = 11.444 | Delta Dist 1000 = 11.535 | Episode Length = 50 | Episode Return = 23.0 | Evaluator Episodes = 11386 | Evaluator Steps = 569300 | Final Dist = 0.523 | Final Dist 10 = 2.206 | Final Dist 100 = 1.362 | Final Dist 1000 = 1.272 | Init Dist = 12.806 | Init Dist 10 = 12.806 | Init Dist 100 = 12.806 | Init Dist 1000 = 12.806 | Learner Steps = 34924 | Learner Walltime = 6919.091 | Min Dist = 0.109 | Min Dist 10 = 1.437 | Min Dist 100 = 0.707 | Min Dist 1000 = 0.624 | Steps Per Second = 96.173 | Success = 1.000 | Success 1000 = 0.900
I0502 17:01:37.096280 139579566835264 terminal.py:91] [Evaluator] Actor Episodes = 44912 | Actor Steps = 2245600 | Delta Dist = 10.493 | Delta Dist 10 = 11.337 | Delta Dist 100 = 11.466 | Delta Dist 1000 = 11.535 | Episode Length = 50 | Episode Return = 9.0 | Evaluator Episodes = 11388 | Evaluator Steps = 569400 | Final Dist = 2.313 | Final Dist 10 = 1.469 | Final Dist 100 = 1.340 | Final Dist 1000 = 1.271 | Init Dist = 12.806 | Init Dist 10 = 12.806 | Init Dist 100 = 12.806 | Init Dist 1000 = 12.806 | Learner Steps = 34930 | Learner Walltime = 6920.308 | Min Dist = 0.093 | Min Dist 10 = 0.920 | Min Dist 100 = 0.696 | Min Dist 1000 = 0.624 | Steps Per Second = 83.114 | Success = 1.000 | Success 1000 = 0.900
I0502 17:01:37.697639 139557462840896 terminal.py:91] [Actor] Actor Episodes = 44918 | Actor Steps = 2245900 | Delta Dist = 2.745 | Delta Dist 10 = 4.930 | Delta Dist 100 = 5.251 | Delta Dist 1000 = 4.379 | Episode Length = 50 | Episode Return = 25.0 | Evaluator Episodes = 11388 | Evaluator Steps = 569400 | Final Dist = 4.326 | Final Dist 10 = 1.289 | Final Dist 100 = 1.030 | Final Dist 1000 = 1.589 | Init Dist = 7.071 | Init Dist 10 = 6.219 | Init Dist 100 = 6.280 | Init Dist 1000 = 5.968 | Learner Steps = 34936 | Learner Walltime = 6921.359 | Min Dist = 0.114 | Min Dist 10 = 0.081 | Min Dist 100 = 0.079 | Min Dist 1000 = 0.188 | Steps Per Second = 79.164 | Success = 1.000 | Success 1000 = 0.990
I0502 17:01:37.859064 139558059398720 terminal.py:91] [Actor] Actor Episodes = 44915 | Actor Steps = 2245750 | Delta Dist = 2.745 | Delta Dist 10 = 4.586 | Delta Dist 100 = 5.223 | Delta Dist 1000 = 4.375 | Episode Length = 50 | Episode Return = 0.0 | Evaluator Episodes = 11388 | Evaluator Steps = 569400 | Final Dist = 4.326 | Final Dist 10 = 1.486 | Final Dist 100 = 1.072 | Final Dist 1000 = 1.593 | Init Dist = 7.071 | Init Dist 10 = 6.072 | Init Dist 100 = 6.295 | Init Dist 1000 = 5.968 | Learner Steps = 34936 | Learner Walltime = 6921.359 | Min Dist = 0.114 | Min Dist 10 = 0.075 | Min Dist 100 = 0.080 | Min Dist 1000 = 0.188 | Steps Per Second = 84.449 | Success = 1.000 | Success 1000 = 0.990
I0502 17:01:37.908198 139584504182336 lp_utils.py:96] StepsLimiter: Reached 2245900 recorded steps
I0502 17:01:38.278196 139579566835264 terminal.py:91] [Evaluator] Actor Episodes = 44920 | Actor Steps = 2246000 | Delta Dist = 12.493 | Delta Dist 10 = 11.304 | Delta Dist 100 = 11.463 | Delta Dist 1000 = 11.535 | Episode Length = 50 | Episode Return = 32.0 | Evaluator Episodes = 11390 | Evaluator Steps = 569500 | Final Dist = 0.313 | Final Dist 10 = 1.502 | Final Dist 100 = 1.343 | Final Dist 1000 = 1.271 | Init Dist = 12.806 | Init Dist 10 = 12.806 | Init Dist 100 = 12.806 | Init Dist 1000 = 12.806 | Learner Steps = 34940 | Learner Walltime = 6922.370 | Min Dist = 0.199 | Min Dist 10 = 0.869 | Min Dist 100 = 0.695 | Min Dist 1000 = 0.624 | Steps Per Second = 83.265 | Success = 1.000 | Success 1000 = 0.900
I0502 17:01:39.398284 139579566835264 terminal.py:91] [Evaluator] Actor Episodes = 44929 | Actor Steps = 2246450 | Delta Dist = 12.538 | Delta Dist 10 = 11.417 | Delta Dist 100 = 11.472 | Delta Dist 1000 = 11.536 | Episode Length = 50 | Episode Return = 20.0 | Evaluator Episodes = 11392 | Evaluator Steps = 569600 | Final Dist = 0.268 | Final Dist 10 = 1.390 | Final Dist 100 = 1.334 | Final Dist 1000 = 1.271 | Init Dist = 12.806 | Init Dist 10 = 12.806 | Init Dist 100 = 12.806 | Init Dist 1000 = 12.806 | Learner Steps = 34940 | Learner Walltime = 6922.370 | Min Dist = 0.168 | Min Dist 10 = 0.715 | Min Dist 100 = 0.696 | Min Dist 1000 = 0.623 | Steps Per Second = 81.456 | Success = 1.000 | Success 1000 = 0.900
I0502 17:01:39.881442 139555860620864 terminal.py:91] [Actor] Actor Episodes = 44933 | Actor Steps = 2246650 | Delta Dist = 10.007 | Delta Dist 10 = 4.636 | Delta Dist 100 = 5.239 | Delta Dist 1000 = 4.394 | Episode Length = 50 | Episode Return = 42.0 | Evaluator Episodes = 11392 | Evaluator Steps = 569600 | Final Dist = 0.623 | Final Dist 10 = 1.166 | Final Dist 100 = 1.061 | Final Dist 1000 = 1.580 | Init Dist = 10.630 | Init Dist 10 = 5.802 | Init Dist 100 = 6.301 | Init Dist 1000 = 5.974 | Learner Steps = 34947 | Learner Walltime = 6923.613 | Min Dist = 0.204 | Min Dist 10 = 0.161 | Min Dist 100 = 0.090 | Min Dist 1000 = 0.185 | Steps Per Second = 82.985 | Success = 1.000 | Success 1000 = 0.990
I0502 17:01:40.624068 139579566835264 terminal.py:91] [Evaluator] Actor Episodes = 44937 | Actor Steps = 2246850 | Delta Dist = 12.124 | Delta Dist 10 = 12.055 | Delta Dist 100 = 11.496 | Delta Dist 1000 = 11.538 | Episode Length = 50 | Episode Return = 23.0 | Evaluator Episodes = 11394 | Evaluator Steps = 569700 | Final Dist = 0.682 | Final Dist 10 = 0.751 | Final Dist 100 = 1.311 | Final Dist 1000 = 1.268 | Init Dist = 12.806 | Init Dist 10 = 12.806 | Init Dist 100 = 12.806 | Init Dist 1000 = 12.806 | Learner Steps = 34947 | Learner Walltime = 6923.613 | Min Dist = 0.034 | Min Dist 10 = 0.139 | Min Dist 100 = 0.684 | Min Dist 1000 = 0.623 | Steps Per Second = 82.068 | Success = 1.000 | Success 1000 = 0.900
I0502 17:01:41.890510 139579566835264 terminal.py:91] [Evaluator] Actor Episodes = 44943 | Actor Steps = 2247150 | Delta Dist = 11.818 | Delta Dist 10 = 12.066 | Delta Dist 100 = 11.498 | Delta Dist 1000 = 11.542 | Episode Length = 50 | Episode Return = 23.0 | Evaluator Episodes = 11396 | Evaluator Steps = 569800 | Final Dist = 0.989 | Final Dist 10 = 0.740 | Final Dist 100 = 1.308 | Final Dist 1000 = 1.264 | Init Dist = 12.806 | Init Dist 10 = 12.806 | Init Dist 100 = 12.806 | Init Dist 1000 = 12.806 | Learner Steps = 34958 | Learner Walltime = 6925.917 | Min Dist = 0.031 | Min Dist 10 = 0.146 | Min Dist 100 = 0.674 | Min Dist 1000 = 0.618 | Steps Per Second = 81.901 | Success = 1.000 | Success 1000 = 0.901
I0502 17:01:43.038352 139555013154368 terminal.py:91] [Learner] Actor Episodes = 44949 | Actor Loss = 3.748465061187744 | Actor Steps = 2247450 | Binary Accuracy = 0.9959940910339355 | Categorical Accuracy = 0.4129638671875 | Critic Loss = 1.8460668325424194 | Entropy Mean = -22.872425079345703 | Evaluator Episodes = 11396 | Evaluator Steps = 569800 | Learner Steps = 34965 | Learner Walltime = 6927.237 | Logits Neg = -16.98550796508789 | Logits Pos = -1.8186521530151367 | Logsumexp = 1.1625480651855469 | Steps Per Second = 325.105
I0502 17:01:43.211214 139579566835264 terminal.py:91] [Evaluator] Actor Episodes = 44951 | Actor Steps = 2247550 | Delta Dist = 12.623 | Delta Dist 10 = 11.982 | Delta Dist 100 = 11.496 | Delta Dist 1000 = 11.542 | Episode Length = 50 | Episode Return = 26.0 | Evaluator Episodes = 11398 | Evaluator Steps = 569900 | Final Dist = 0.183 | Final Dist 10 = 0.825 | Final Dist 100 = 1.310 | Final Dist 1000 = 1.265 | Init Dist = 12.806 | Init Dist 10 = 12.806 | Init Dist 100 = 12.806 | Init Dist 1000 = 12.806 | Learner Steps = 34964 | Learner Walltime = 6927.040 | Min Dist = 0.172 | Min Dist 10 = 0.134 | Min Dist 100 = 0.672 | Min Dist 1000 = 0.618 | Steps Per Second = 77.982 | Success = 1.000 | Success 1000 = 0.901
I0502 17:01:44.404191 139579566835264 terminal.py:91] [Evaluator] Actor Episodes = 44959 | Actor Steps = 2247950 | Delta Dist = 12.268 | Delta Dist 10 = 12.215 | Delta Dist 100 = 11.515 | Delta Dist 1000 = 11.544 | Episode Length = 50 | Episode Return = 19.0 | Evaluator Episodes = 11400 | Evaluator Steps = 570000 | Final Dist = 0.538 | Final Dist 10 = 0.592 | Final Dist 100 = 1.292 | Final Dist 1000 = 1.262 | Init Dist = 12.806 | Init Dist 10 = 12.806 | Init Dist 100 = 12.806 | Init Dist 1000 = 12.806 | Learner Steps = 34970 | Learner Walltime = 6928.098 | Min Dist = 0.415 | Min Dist 10 = 0.160 | Min Dist 100 = 0.662 | Min Dist 1000 = 0.618 | Steps Per Second = 88.059 | Success = 1.000 | Success 1000 = 0.901
I0502 17:01:45.528326 139579566835264 terminal.py:91] [Evaluator] Actor Episodes = 44967 | Actor Steps = 2248350 | Delta Dist = 12.604 | Delta Dist 10 = 12.255 | Delta Dist 100 = 11.530 | Delta Dist 1000 = 11.546 | Episode Length = 50 | Episode Return = 24.0 | Evaluator Episodes = 11402 | Evaluator Steps = 570100 | Final Dist = 0.203 | Final Dist 10 = 0.551 | Final Dist 100 = 1.276 | Final Dist 1000 = 1.261 | Init Dist = 12.806 | Init Dist 10 = 12.806 | Init Dist 100 = 12.806 | Init Dist 1000 = 12.806 | Learner Steps = 34975 | Learner Walltime = 6929.111 | Min Dist = 0.024 | Min Dist 10 = 0.198 | Min Dist 100 = 0.655 | Min Dist 1000 = 0.619 | Steps Per Second = 90.110 | Success = 1.000 | Success 1000 = 0.901
I0502 17:01:45.789422 139569349502528 terminal.py:91] [Actor] Actor Episodes = 44969 | Actor Steps = 2248450 | Delta Dist = 9.000 | Delta Dist 10 = 5.883 | Delta Dist 100 = 5.186 | Delta Dist 1000 = 4.411 | Episode Length = 50 | Episode Return = 47.0 | Evaluator Episodes = 11402 | Evaluator Steps = 570100 | Final Dist = 1.000 | Final Dist 10 = 0.513 | Final Dist 100 = 1.173 | Final Dist 1000 = 1.575 | Init Dist = 10.000 | Init Dist 10 = 6.396 | Init Dist 100 = 6.359 | Init Dist 1000 = 5.986 | Learner Steps = 34975 | Learner Walltime = 6929.111 | Min Dist = 0.020 | Min Dist 10 = 0.044 | Min Dist 100 = 0.178 | Min Dist 1000 = 0.195 | Steps Per Second = 83.629 | Success = 1.000 | Success 1000 = 0.990
I0502 17:01:46.698465 139579566835264 terminal.py:91] [Evaluator] Actor Episodes = 44975 | Actor Steps = 2248750 | Delta Dist = 12.294 | Delta Dist 10 = 12.177 | Delta Dist 100 = 11.531 | Delta Dist 1000 = 11.546 | Episode Length = 50 | Episode Return = 24.0 | Evaluator Episodes = 11404 | Evaluator Steps = 570200 | Final Dist = 0.512 | Final Dist 10 = 0.629 | Final Dist 100 = 1.275 | Final Dist 1000 = 1.260 | Init Dist = 12.806 | Init Dist 10 = 12.806 | Init Dist 100 = 12.806 | Init Dist 1000 = 12.806 | Learner Steps = 34981 | Learner Walltime = 6930.389 | Min Dist = 0.167 | Min Dist 10 = 0.182 | Min Dist 100 = 0.647 | Min Dist 1000 = 0.618 | Steps Per Second = 90.598 | Success = 1.000 | Success 1000 = 0.901
I0502 17:01:47.816854 139557462840896 terminal.py:91] [Actor] Actor Episodes = 44983 | Actor Steps = 2249150 | Delta Dist = 4.249 | Delta Dist 10 = 4.733 | Delta Dist 100 = 5.062 | Delta Dist 1000 = 4.420 | Episode Length = 50 | Episode Return = 8.0 | Evaluator Episodes = 11404 | Evaluator Steps = 570200 | Final Dist = 0.224 | Final Dist 10 = 1.692 | Final Dist 100 = 1.274 | Final Dist 1000 = 1.558 | Init Dist = 4.472 | Init Dist 10 = 6.425 | Init Dist 100 = 6.336 | Init Dist 1000 = 5.978 | Learner Steps = 34987 | Learner Walltime = 6931.581 | Min Dist = 0.127 | Min Dist 10 = 0.105 | Min Dist 100 = 0.178 | Min Dist 1000 = 0.195 | Steps Per Second = 93.169 | Success = 1.000 | Success 1000 = 0.990
I0502 17:01:47.902671 139579566835264 terminal.py:91] [Evaluator] Actor Episodes = 44983 | Actor Steps = 2249150 | Delta Dist = 11.211 | Delta Dist 10 = 12.240 | Delta Dist 100 = 11.547 | Delta Dist 1000 = 11.548 | Episode Length = 50 | Episode Return = 8.0 | Evaluator Episodes = 11406 | Evaluator Steps = 570300 | Final Dist = 1.595 | Final Dist 10 = 0.566 | Final Dist 100 = 1.260 | Final Dist 1000 = 1.259 | Init Dist = 12.806 | Init Dist 10 = 12.806 | Init Dist 100 = 12.806 | Init Dist 1000 = 12.806 | Learner Steps = 34987 | Learner Walltime = 6931.581 | Min Dist = 0.510 | Min Dist 10 = 0.193 | Min Dist 100 = 0.638 | Min Dist 1000 = 0.618 | Steps Per Second = 80.211 | Success = 1.000 | Success 1000 = 0.901
I0502 17:01:47.928087 139584504182336 lp_utils.py:96] StepsLimiter: Reached 2249150 recorded steps
I0502 17:01:48.284933 139558059398720 terminal.py:91] [Actor] Actor Episodes = 44987 | Actor Steps = 2249350 | Delta Dist = 3.994 | Delta Dist 10 = 4.908 | Delta Dist 100 = 5.072 | Delta Dist 1000 = 4.419 | Episode Length = 50 | Episode Return = 44.0 | Evaluator Episodes = 11406 | Evaluator Steps = 570300 | Final Dist = 0.006 | Final Dist 10 = 1.735 | Final Dist 100 = 1.173 | Final Dist 1000 = 1.558 | Init Dist = 4.000 | Init Dist 10 = 6.643 | Init Dist 100 = 6.245 | Init Dist 1000 = 5.977 | Learner Steps = 34987 | Learner Walltime = 6931.581 | Min Dist = 0.006 | Min Dist 10 = 0.094 | Min Dist 100 = 0.179 | Min Dist 1000 = 0.195 | Steps Per Second = 84.608 | Success = 1.000 | Success 1000 = 0.990
I0502 17:01:49.060715 139579566835264 terminal.py:91] [Evaluator] Actor Episodes = 44991 | Actor Steps = 2249550 | Delta Dist = 6.071 | Delta Dist 10 = 12.130 | Delta Dist 100 = 11.543 | Delta Dist 1000 = 11.546 | Episode Length = 50 | Episode Return = 0.0 | Evaluator Episodes = 11408 | Evaluator Steps = 570400 | Final Dist = 6.735 | Final Dist 10 = 0.676 | Final Dist 100 = 1.263 | Final Dist 1000 = 1.260 | Init Dist = 12.806 | Init Dist 10 = 12.806 | Init Dist 100 = 12.806 | Init Dist 1000 = 12.806 | Learner Steps = 34993 | Learner Walltime = 6932.584 | Min Dist = 5.571 | Min Dist 10 = 0.233 | Min Dist 100 = 0.637 | Min Dist 1000 = 0.618 | Steps Per Second = 92.981 | Success = 0.000 | Success 1000 = 0.901
I0502 17:01:50.162775 139555860620864 terminal.py:91] [Actor] Actor Episodes = 44998 | Actor Steps = 2249900 | Delta Dist = 3.257 | Delta Dist 10 = 4.597 | Delta Dist 100 = 5.045 | Delta Dist 1000 = 4.427 | Episode Length = 50 | Episode Return = 45.0 | Evaluator Episodes = 11408 | Evaluator Steps = 570400 | Final Dist = 0.348 | Final Dist 10 = 0.296 | Final Dist 100 = 1.065 | Final Dist 1000 = 1.534 | Init Dist = 3.606 | Init Dist 10 = 4.893 | Init Dist 100 = 6.110 | Init Dist 1000 = 5.961 | Learner Steps = 34999 | Learner Walltime = 6933.644 | Min Dist = 0.103 | Min Dist 10 = 0.079 | Min Dist 100 = 0.178 | Min Dist 1000 = 0.195 | Steps Per Second = 80.234 | Success = 1.000 | Success 1000 = 0.990
I0502 17:01:50.228268 139579566835264 terminal.py:91] [Evaluator] Actor Episodes = 44999 | Actor Steps = 2249950 | Delta Dist = 11.326 | Delta Dist 10 = 11.366 | Delta Dist 100 = 11.471 | Delta Dist 1000 = 11.539 | Episode Length = 50 | Episode Return = 4.0 | Evaluator Episodes = 11410 | Evaluator Steps = 570500 | Final Dist = 1.480 | Final Dist 10 = 1.440 | Final Dist 100 = 1.335 | Final Dist 1000 = 1.267 | Init Dist = 12.806 | Init Dist 10 = 12.806 | Init Dist 100 = 12.806 | Init Dist 1000 = 12.806 | Learner Steps = 34999 | Learner Walltime = 6933.644 | Min Dist = 0.056 | Min Dist 10 = 0.786 | Min Dist 100 = 0.694 | Min Dist 1000 = 0.623 | Steps Per Second = 80.296 | Success = 1.000 | Success 1000 = 0.900
I0502 17:01:51.523930 139579566835264 terminal.py:91] [Evaluator] Actor Episodes = 45007 | Actor Steps = 2250350 | Delta Dist = 11.955 | Delta Dist 10 = 11.296 | Delta Dist 100 = 11.467 | Delta Dist 1000 = 11.539 | Episode Length = 50 | Episode Return = 5.0 | Evaluator Episodes = 11412 | Evaluator Steps = 570600 | Final Dist = 0.851 | Final Dist 10 = 1.510 | Final Dist 100 = 1.339 | Final Dist 1000 = 1.267 | Init Dist = 12.806 | Init Dist 10 = 12.806 | Init Dist 100 = 12.806 | Init Dist 1000 = 12.806 | Learner Steps = 35006 | Learner Walltime = 6935.075 | Min Dist = 0.529 | Min Dist 10 = 0.699 | Min Dist 100 = 0.693 | Min Dist 1000 = 0.623 | Steps Per Second = 74.897 | Success = 1.000 | Success 1000 = 0.900
I0502 17:01:52.656246 139579566835264 terminal.py:91] [Evaluator] Actor Episodes = 45015 | Actor Steps = 2250750 | Delta Dist = 11.669 | Delta Dist 10 = 11.271 | Delta Dist 100 = 11.468 | Delta Dist 1000 = 11.541 | Episode Length = 50 | Episode Return = 6.0 | Evaluator Episodes = 11414 | Evaluator Steps = 570700 | Final Dist = 1.137 | Final Dist 10 = 1.536 | Final Dist 100 = 1.338 | Final Dist 1000 = 1.265 | Init Dist = 12.806 | Init Dist 10 = 12.806 | Init Dist 100 = 12.806 | Init Dist 1000 = 12.806 | Learner Steps = 35011 | Learner Walltime = 6936.080 | Min Dist = 0.364 | Min Dist 10 = 0.789 | Min Dist 100 = 0.700 | Min Dist 1000 = 0.623 | Steps Per Second = 88.851 | Success = 1.000 | Success 1000 = 0.900
I0502 17:01:53.199971 139555013154368 terminal.py:91] [Learner] Actor Episodes = 45021 | Actor Loss = 3.68514347076416 | Actor Steps = 2251050 | Binary Accuracy = 0.9960129261016846 | Categorical Accuracy = 0.423095703125 | Critic Loss = 1.7811564207077026 | Entropy Mean = -21.89297866821289 | Evaluator Episodes = 11414 | Evaluator Steps = 570700 | Learner Steps = 35018 | Learner Walltime = 6937.395 | Logits Neg = -17.336484909057617 | Logits Pos = -1.7561016082763672 | Logsumexp = 1.156894326210022 | Steps Per Second = 129.598
I0502 17:01:53.888148 139579566835264 terminal.py:91] [Evaluator] Actor Episodes = 45023 | Actor Steps = 2251150 | Delta Dist = 11.896 | Delta Dist 10 = 11.198 | Delta Dist 100 = 11.479 | Delta Dist 1000 = 11.541 | Episode Length = 50 | Episode Return = 15.0 | Evaluator Episodes = 11416 | Evaluator Steps = 570800 | Final Dist = 0.910 | Final Dist 10 = 1.608 | Final Dist 100 = 1.328 | Final Dist 1000 = 1.265 | Init Dist = 12.806 | Init Dist 10 = 12.806 | Init Dist 100 = 12.806 | Init Dist 1000 = 12.806 | Learner Steps = 35018 | Learner Walltime = 6937.395 | Min Dist = 0.622 | Min Dist 10 = 0.835 | Min Dist 100 = 0.702 | Min Dist 1000 = 0.623 | Steps Per Second = 81.587 | Success = 1.000 | Success 1000 = 0.900
I0502 17:01:55.075165 139579566835264 terminal.py:91] [Evaluator] Actor Episodes = 45029 | Actor Steps = 2251450 | Delta Dist = 12.376 | Delta Dist 10 = 11.371 | Delta Dist 100 = 11.493 | Delta Dist 1000 = 11.541 | Episode Length = 50 | Episode Return = 29.0 | Evaluator Episodes = 11418 | Evaluator Steps = 570900 | Final Dist = 0.430 | Final Dist 10 = 1.435 | Final Dist 100 = 1.313 | Final Dist 1000 = 1.265 | Init Dist = 12.806 | Init Dist 10 = 12.806 | Init Dist 100 = 12.806 | Init Dist 1000 = 12.806 | Learner Steps = 35024 | Learner Walltime = 6938.581 | Min Dist = 0.180 | Min Dist 10 = 0.840 | Min Dist 100 = 0.706 | Min Dist 1000 = 0.624 | Steps Per Second = 81.767 | Success = 1.000 | Success 1000 = 0.900
I0502 17:01:56.050006 139569349502528 terminal.py:91] [Actor] Actor Episodes = 45034 | Actor Steps = 2251700 | Delta Dist = 12.681 | Delta Dist 10 = 4.244 | Delta Dist 100 = 4.447 | Delta Dist 1000 = 4.384 | Episode Length = 50 | Episode Return = 46.0 | Evaluator Episodes = 11418 | Evaluator Steps = 570900 | Final Dist = 0.126 | Final Dist 10 = 0.771 | Final Dist 100 = 1.293 | Final Dist 1000 = 1.569 | Init Dist = 12.806 | Init Dist 10 = 5.015 | Init Dist 100 = 5.740 | Init Dist 1000 = 5.953 | Learner Steps = 35024 | Learner Walltime = 6938.581 | Min Dist = 0.003 | Min Dist 10 = 0.107 | Min Dist 100 = 0.185 | Min Dist 1000 = 0.205 | Steps Per Second = 77.488 | Success = 1.000 | Success 1000 = 0.991
I0502 17:01:56.296379 139579566835264 terminal.py:91] [Evaluator] Actor Episodes = 45037 | Actor Steps = 2251850 | Delta Dist = 12.226 | Delta Dist 10 = 11.916 | Delta Dist 100 = 11.483 | Delta Dist 1000 = 11.545 | Episode Length = 50 | Episode Return = 28.0 | Evaluator Episodes = 11420 | Evaluator Steps = 571000 | Final Dist = 0.580 | Final Dist 10 = 0.890 | Final Dist 100 = 1.323 | Final Dist 1000 = 1.261 | Init Dist = 12.806 | Init Dist 10 = 12.806 | Init Dist 100 = 12.806 | Init Dist 1000 = 12.806 | Learner Steps = 35029 | Learner Walltime = 6939.703 | Min Dist = 0.062 | Min Dist 10 = 0.351 | Min Dist 100 = 0.711 | Min Dist 1000 = 0.619 | Steps Per Second = 81.687 | Success = 1.000 | Success 1000 = 0.901
I0502 17:01:57.532831 139579566835264 terminal.py:91] [Evaluator] Actor Episodes = 45047 | Actor Steps = 2252350 | Delta Dist = 6.720 | Delta Dist 10 = 11.971 | Delta Dist 100 = 11.486 | Delta Dist 1000 = 11.545 | Episode Length = 50 | Episode Return = 0.0 | Evaluator Episodes = 11422 | Evaluator Steps = 571100 | Final Dist = 6.086 | Final Dist 10 = 0.835 | Final Dist 100 = 1.321 | Final Dist 1000 = 1.261 | Init Dist = 12.806 | Init Dist 10 = 12.806 | Init Dist 100 = 12.806 | Init Dist 1000 = 12.806 | Learner Steps = 35036 | Learner Walltime = 6941.043 | Min Dist = 5.485 | Min Dist 10 = 0.355 | Min Dist 100 = 0.707 | Min Dist 1000 = 0.618 | Steps Per Second = 74.538 | Success = 0.000 | Success 1000 = 0.901
I0502 17:01:57.946968 139584504182336 lp_utils.py:96] StepsLimiter: Reached 2252550 recorded steps
I0502 17:01:58.150051 139557462840896 terminal.py:91] [Actor] Actor Episodes = 45048 | Actor Steps = 2252400 | Delta Dist = 5.955 | Delta Dist 10 = 5.944 | Delta Dist 100 = 4.662 | Delta Dist 1000 = 4.392 | Episode Length = 50 | Episode Return = 20.0 | Evaluator Episodes = 11420 | Evaluator Steps = 571000 | Final Dist = 1.116 | Final Dist 10 = 0.511 | Final Dist 100 = 1.220 | Final Dist 1000 = 1.561 | Init Dist = 7.071 | Init Dist 10 = 6.455 | Init Dist 100 = 5.882 | Init Dist 1000 = 5.954 | Learner Steps = 35036 | Learner Walltime = 6941.043 | Min Dist = 0.052 | Min Dist 10 = 0.024 | Min Dist 100 = 0.185 | Min Dist 1000 = 0.204 | Steps Per Second = 79.574 | Success = 1.000 | Success 1000 = 0.991
I0502 17:01:58.584811 139558059398720 terminal.py:91] [Actor] Actor Episodes = 45052 | Actor Steps = 2252600 | Delta Dist = 1.642 | Delta Dist 10 = 4.799 | Delta Dist 100 = 4.526 | Delta Dist 1000 = 4.388 | Episode Length = 50 | Episode Return = 30.0 | Evaluator Episodes = 11422 | Evaluator Steps = 571100 | Final Dist = 0.594 | Final Dist 10 = 1.467 | Final Dist 100 = 1.311 | Final Dist 1000 = 1.567 | Init Dist = 2.236 | Init Dist 10 = 6.266 | Init Dist 100 = 5.837 | Init Dist 1000 = 5.955 | Learner Steps = 35036 | Learner Walltime = 6941.043 | Min Dist = 0.033 | Min Dist 10 = 0.164 | Min Dist 100 = 0.194 | Min Dist 1000 = 0.206 | Steps Per Second = 73.428 | Success = 1.000 | Success 1000 = 0.990
I0502 17:01:58.747848 139579566835264 terminal.py:91] [Evaluator] Actor Episodes = 45053 | Actor Steps = 2252650 | Delta Dist = 11.213 | Delta Dist 10 = 11.493 | Delta Dist 100 = 11.444 | Delta Dist 1000 = 11.541 | Episode Length = 50 | Episode Return = 2.0 | Evaluator Episodes = 11424 | Evaluator Steps = 571200 | Final Dist = 1.594 | Final Dist 10 = 1.313 | Final Dist 100 = 1.363 | Final Dist 1000 = 1.265 | Init Dist = 12.806 | Init Dist 10 = 12.806 | Init Dist 100 = 12.806 | Init Dist 1000 = 12.806 | Learner Steps = 35043 | Learner Walltime = 6942.222 | Min Dist = 0.740 | Min Dist 10 = 0.828 | Min Dist 100 = 0.753 | Min Dist 1000 = 0.624 | Steps Per Second = 81.566 | Success = 1.000 | Success 1000 = 0.900
I0502 17:01:59.971400 139579566835264 terminal.py:91] [Evaluator] Actor Episodes = 45061 | Actor Steps = 2253050 | Delta Dist = 7.987 | Delta Dist 10 = 11.316 | Delta Dist 100 = 11.422 | Delta Dist 1000 = 11.541 | Episode Length = 50 | Episode Return = 0.0 | Evaluator Episodes = 11426 | Evaluator Steps = 571300 | Final Dist = 4.819 | Final Dist 10 = 1.490 | Final Dist 100 = 1.384 | Final Dist 1000 = 1.266 | Init Dist = 12.806 | Init Dist 10 = 12.806 | Init Dist 100 = 12.806 | Init Dist 1000 = 12.806 | Learner Steps = 35050 | Learner Walltime = 6943.598 | Min Dist = 4.819 | Min Dist 10 = 1.012 | Min Dist 100 = 0.768 | Min Dist 1000 = 0.626 | Steps Per Second = 88.484 | Success = 0.000 | Success 1000 = 0.899
I0502 17:02:00.835916 139555860620864 terminal.py:91] [Actor] Actor Episodes = 45069 | Actor Steps = 2253450 | Delta Dist = 7.475 | Delta Dist 10 = 4.858 | Delta Dist 100 = 4.455 | Delta Dist 1000 = 4.384 | Episode Length = 50 | Episode Return = 35.0 | Evaluator Episodes = 11426 | Evaluator Steps = 571300 | Final Dist = 0.772 | Final Dist 10 = 1.098 | Final Dist 100 = 1.331 | Final Dist 1000 = 1.551 | Init Dist = 8.246 | Init Dist 10 = 5.955 | Init Dist 100 = 5.786 | Init Dist 1000 = 5.935 | Learner Steps = 35055 | Learner Walltime = 6944.802 | Min Dist = 0.079 | Min Dist 10 = 0.084 | Min Dist 100 = 0.196 | Min Dist 1000 = 0.206 | Steps Per Second = 68.856 | Success = 1.000 | Success 1000 = 0.990
I0502 17:02:01.281161 139579566835264 terminal.py:91] [Evaluator] Actor Episodes = 45069 | Actor Steps = 2253450 | Delta Dist = 11.490 | Delta Dist 10 = 10.870 | Delta Dist 100 = 11.427 | Delta Dist 1000 = 11.539 | Episode Length = 50 | Episode Return = 16.0 | Evaluator Episodes = 11428 | Evaluator Steps = 571400 | Final Dist = 1.316 | Final Dist 10 = 1.937 | Final Dist 100 = 1.379 | Final Dist 1000 = 1.267 | Init Dist = 12.806 | Init Dist 10 = 12.806 | Init Dist 100 = 12.806 | Init Dist 1000 = 12.806 | Learner Steps = 35055 | Learner Walltime = 6944.802 | Min Dist = 0.057 | Min Dist 10 = 1.436 | Min Dist 100 = 0.766 | Min Dist 1000 = 0.629 | Steps Per Second = 76.033 | Success = 1.000 | Success 1000 = 0.899
I0502 17:02:02.335557 139579566835264 terminal.py:91] [Evaluator] Actor Episodes = 45077 | Actor Steps = 2253850 | Delta Dist = 11.794 | Delta Dist 10 = 10.858 | Delta Dist 100 = 11.422 | Delta Dist 1000 = 11.539 | Episode Length = 50 | Episode Return = 25.0 | Evaluator Episodes = 11430 | Evaluator Steps = 571500 | Final Dist = 1.012 | Final Dist 10 = 1.948 | Final Dist 100 = 1.384 | Final Dist 1000 = 1.268 | Init Dist = 12.806 | Init Dist 10 = 12.806 | Init Dist 100 = 12.806 | Init Dist 1000 = 12.806 | Learner Steps = 35062 | Learner Walltime = 6946.058 | Min Dist = 0.359 | Min Dist 10 = 1.412 | Min Dist 100 = 0.771 | Min Dist 1000 = 0.629 | Steps Per Second = 89.362 | Success = 1.000 | Success 1000 = 0.899
I0502 17:02:03.293537 139555013154368 terminal.py:91] [Learner] Actor Episodes = 45083 | Actor Loss = 3.7872509956359863 | Actor Steps = 2254150 | Binary Accuracy = 0.9960005283355713 | Categorical Accuracy = 0.4234619140625 | Critic Loss = 1.831718921661377 | Entropy Mean = -23.800580978393555 | Evaluator Episodes = 11430 | Evaluator Steps = 571500 | Learner Steps = 35069 | Learner Walltime = 6947.481 | Logits Neg = -17.09784698486328 | Logits Pos = -1.8738820552825928 | Logsumexp = 1.2192891836166382 | Steps Per Second = 291.521
I0502 17:02:03.523526 139579566835264 terminal.py:91] [Evaluator] Actor Episodes = 45085 | Actor Steps = 2254250 | Delta Dist = 11.746 | Delta Dist 10 = 10.673 | Delta Dist 100 = 11.400 | Delta Dist 1000 = 11.538 | Episode Length = 50 | Episode Return = 9.0 | Evaluator Episodes = 11432 | Evaluator Steps = 571600 | Final Dist = 1.060 | Final Dist 10 = 2.133 | Final Dist 100 = 1.407 | Final Dist 1000 = 1.268 | Init Dist = 12.806 | Init Dist 10 = 12.806 | Init Dist 100 = 12.806 | Init Dist 1000 = 12.806 | Learner Steps = 35068 | Learner Walltime = 6947.262 | Min Dist = 0.538 | Min Dist 10 = 1.443 | Min Dist 100 = 0.771 | Min Dist 1000 = 0.629 | Steps Per Second = 87.305 | Success = 1.000 | Success 1000 = 0.899
I0502 17:02:04.748996 139579566835264 terminal.py:91] [Evaluator] Actor Episodes = 45093 | Actor Steps = 2254650 | Delta Dist = 12.517 | Delta Dist 10 = 11.062 | Delta Dist 100 = 11.394 | Delta Dist 1000 = 11.537 | Episode Length = 50 | Episode Return = 30.0 | Evaluator Episodes = 11434 | Evaluator Steps = 571700 | Final Dist = 0.290 | Final Dist 10 = 1.745 | Final Dist 100 = 1.413 | Final Dist 1000 = 1.270 | Init Dist = 12.806 | Init Dist 10 = 12.806 | Init Dist 100 = 12.806 | Init Dist 1000 = 12.806 | Learner Steps = 35073 | Learner Walltime = 6948.306 | Min Dist = 0.079 | Min Dist 10 = 0.987 | Min Dist 100 = 0.779 | Min Dist 1000 = 0.630 | Steps Per Second = 81.953 | Success = 1.000 | Success 1000 = 0.899
I0502 17:02:05.977223 139579566835264 terminal.py:91] [Evaluator] Actor Episodes = 45101 | Actor Steps = 2255050 | Delta Dist = 11.767 | Delta Dist 10 = 11.296 | Delta Dist 100 = 11.393 | Delta Dist 1000 = 11.538 | Episode Length = 50 | Episode Return = 15.0 | Evaluator Episodes = 11436 | Evaluator Steps = 571800 | Final Dist = 1.040 | Final Dist 10 = 1.511 | Final Dist 100 = 1.413 | Final Dist 1000 = 1.268 | Init Dist = 12.806 | Init Dist 10 = 12.806 | Init Dist 100 = 12.806 | Init Dist 1000 = 12.806 | Learner Steps = 35079 | Learner Walltime = 6949.545 | Min Dist = 0.021 | Min Dist 10 = 0.748 | Min Dist 100 = 0.774 | Min Dist 1000 = 0.630 | Steps Per Second = 84.338 | Success = 1.000 | Success 1000 = 0.899
I0502 17:02:06.320979 139569349502528 terminal.py:91] [Actor] Actor Episodes = 45105 | Actor Steps = 2255250 | Delta Dist = 3.204 | Delta Dist 10 = 3.510 | Delta Dist 100 = 4.063 | Delta Dist 1000 = 4.339 | Episode Length = 50 | Episode Return = 35.0 | Evaluator Episodes = 11436 | Evaluator Steps = 571800 | Final Dist = 0.919 | Final Dist 10 = 1.053 | Final Dist 100 = 1.501 | Final Dist 1000 = 1.559 | Init Dist = 4.123 | Init Dist 10 = 4.563 | Init Dist 100 = 5.564 | Init Dist 1000 = 5.898 | Learner Steps = 35079 | Learner Walltime = 6949.545 | Min Dist = 0.084 | Min Dist 10 = 0.129 | Min Dist 100 = 0.278 | Min Dist 1000 = 0.205 | Steps Per Second = 82.315 | Success = 1.000 | Success 1000 = 0.990
I0502 17:02:07.239327 139579566835264 terminal.py:91] [Evaluator] Actor Episodes = 45109 | Actor Steps = 2255450 | Delta Dist = 12.461 | Delta Dist 10 = 11.655 | Delta Dist 100 = 11.400 | Delta Dist 1000 = 11.538 | Episode Length = 50 | Episode Return = 32.0 | Evaluator Episodes = 11438 | Evaluator Steps = 571900 | Final Dist = 0.345 | Final Dist 10 = 1.151 | Final Dist 100 = 1.406 | Final Dist 1000 = 1.268 | Init Dist = 12.806 | Init Dist 10 = 12.806 | Init Dist 100 = 12.806 | Init Dist 1000 = 12.806 | Learner Steps = 35084 | Learner Walltime = 6950.578 | Min Dist = 0.094 | Min Dist 10 = 0.322 | Min Dist 100 = 0.772 | Min Dist 1000 = 0.630 | Steps Per Second = 77.480 | Success = 1.000 | Success 1000 = 0.899
I0502 17:02:07.965308 139584504182336 lp_utils.py:96] StepsLimiter: Reached 2255750 recorded steps
I0502 17:02:08.333169 139579566835264 terminal.py:91] [Evaluator] Actor Episodes = 45117 | Actor Steps = 2255850 | Delta Dist = 11.672 | Delta Dist 10 = 11.705 | Delta Dist 100 = 11.475 | Delta Dist 1000 = 11.537 | Episode Length = 50 | Episode Return = 1.0 | Evaluator Episodes = 11440 | Evaluator Steps = 572000 | Final Dist = 1.135 | Final Dist 10 = 1.101 | Final Dist 100 = 1.331 | Final Dist 1000 = 1.269 | Init Dist = 12.806 | Init Dist 10 = 12.806 | Init Dist 100 = 12.806 | Init Dist 1000 = 12.806 | Learner Steps = 35090 | Learner Walltime = 6951.759 | Min Dist = 0.907 | Min Dist 10 = 0.365 | Min Dist 100 = 0.699 | Min Dist 1000 = 0.631 | Steps Per Second = 97.493 | Success = 1.000 | Success 1000 = 0.898
I0502 17:02:08.698970 139557462840896 terminal.py:91] [Actor] Actor Episodes = 45119 | Actor Steps = 2255950 | Delta Dist = 6.045 | Delta Dist 10 = 3.097 | Delta Dist 100 = 4.056 | Delta Dist 1000 = 4.317 | Episode Length = 50 | Episode Return = 31.0 | Evaluator Episodes = 11440 | Evaluator Steps = 572000 | Final Dist = 0.038 | Final Dist 10 = 2.311 | Final Dist 100 = 1.332 | Final Dist 1000 = 1.558 | Init Dist = 6.083 | Init Dist 10 = 5.407 | Init Dist 100 = 5.388 | Init Dist 1000 = 5.875 | Learner Steps = 35090 | Learner Walltime = 6951.759 | Min Dist = 0.038 | Min Dist 10 = 0.675 | Min Dist 100 = 0.231 | Min Dist 1000 = 0.210 | Steps Per Second = 82.206 | Success = 1.000 | Success 1000 = 0.989
I0502 17:02:09.015760 139558059398720 terminal.py:91] [Actor] Actor Episodes = 45123 | Actor Steps = 2256150 | Delta Dist = 7.548 | Delta Dist 10 = 3.749 | Delta Dist 100 = 4.097 | Delta Dist 1000 = 4.321 | Episode Length = 50 | Episode Return = 43.0 | Evaluator Episodes = 11440 | Evaluator Steps = 572000 | Final Dist = 0.937 | Final Dist 10 = 2.435 | Final Dist 100 = 1.382 | Final Dist 1000 = 1.551 | Init Dist = 8.485 | Init Dist 10 = 6.183 | Init Dist 100 = 5.479 | Init Dist 1000 = 5.872 | Learner Steps = 35097 | Learner Walltime = 6953.042 | Min Dist = 0.150 | Min Dist 10 = 0.675 | Min Dist 100 = 0.233 | Min Dist 1000 = 0.200 | Steps Per Second = 81.833 | Success = 1.000 | Success 1000 = 0.989
I0502 17:02:09.547155 139579566835264 terminal.py:91] [Evaluator] Actor Episodes = 45125 | Actor Steps = 2256250 | Delta Dist = 6.638 | Delta Dist 10 = 11.226 | Delta Dist 100 = 11.401 | Delta Dist 1000 = 11.535 | Episode Length = 50 | Episode Return = 0.0 | Evaluator Episodes = 11442 | Evaluator Steps = 572100 | Final Dist = 6.168 | Final Dist 10 = 1.580 | Final Dist 100 = 1.405 | Final Dist 1000 = 1.272 | Init Dist = 12.806 | Init Dist 10 = 12.806 | Init Dist 100 = 12.806 | Init Dist 1000 = 12.806 | Learner Steps = 35097 | Learner Walltime = 6953.042 | Min Dist = 5.127 | Min Dist 10 = 0.904 | Min Dist 100 = 0.754 | Min Dist 1000 = 0.633 | Steps Per Second = 79.092 | Success = 0.000 | Success 1000 = 0.898
I0502 17:02:10.836393 139555860620864 terminal.py:91] [Actor] Actor Episodes = 45133 | Actor Steps = 2256650 | Delta Dist = 8.648 | Delta Dist 10 = 5.174 | Delta Dist 100 = 4.079 | Delta Dist 1000 = 4.348 | Episode Length = 50 | Episode Return = 19.0 | Evaluator Episodes = 11442 | Evaluator Steps = 572100 | Final Dist = 0.572 | Final Dist 10 = 0.766 | Final Dist 100 = 1.399 | Final Dist 1000 = 1.511 | Init Dist = 9.220 | Init Dist 10 = 5.940 | Init Dist 100 = 5.478 | Init Dist 1000 = 5.859 | Learner Steps = 35104 | Learner Walltime = 6954.330 | Min Dist = 0.526 | Min Dist 10 = 0.113 | Min Dist 100 = 0.231 | Min Dist 1000 = 0.198 | Steps Per Second = 72.109 | Success = 1.000 | Success 1000 = 0.989
I0502 17:02:10.864990 139579566835264 terminal.py:91] [Evaluator] Actor Episodes = 45133 | Actor Steps = 2256650 | Delta Dist = 12.474 | Delta Dist 10 = 10.724 | Delta Dist 100 = 11.337 | Delta Dist 1000 = 11.528 | Episode Length = 50 | Episode Return = 22.0 | Evaluator Episodes = 11444 | Evaluator Steps = 572200 | Final Dist = 0.332 | Final Dist 10 = 2.082 | Final Dist 100 = 1.470 | Final Dist 1000 = 1.278 | Init Dist = 12.806 | Init Dist 10 = 12.806 | Init Dist 100 = 12.806 | Init Dist 1000 = 12.806 | Learner Steps = 35104 | Learner Walltime = 6954.330 | Min Dist = 0.022 | Min Dist 10 = 1.312 | Min Dist 100 = 0.806 | Min Dist 1000 = 0.637 | Steps Per Second = 72.263 | Success = 1.000 | Success 1000 = 0.897
I0502 17:02:12.219578 139579566835264 terminal.py:91] [Evaluator] Actor Episodes = 45139 | Actor Steps = 2256950 | Delta Dist = 11.735 | Delta Dist 10 = 10.748 | Delta Dist 100 = 11.341 | Delta Dist 1000 = 11.529 | Episode Length = 50 | Episode Return = 25.0 | Evaluator Episodes = 11446 | Evaluator Steps = 572300 | Final Dist = 1.071 | Final Dist 10 = 2.058 | Final Dist 100 = 1.465 | Final Dist 1000 = 1.278 | Init Dist = 12.806 | Init Dist 10 = 12.806 | Init Dist 100 = 12.806 | Init Dist 1000 = 12.806 | Learner Steps = 35110 | Learner Walltime = 6955.707 | Min Dist = 0.130 | Min Dist 10 = 1.332 | Min Dist 100 = 0.807 | Min Dist 1000 = 0.637 | Steps Per Second = 78.923 | Success = 1.000 | Success 1000 = 0.897
I0502 17:02:13.471644 139579566835264 terminal.py:91] [Evaluator] Actor Episodes = 45147 | Actor Steps = 2257350 | Delta Dist = 11.985 | Delta Dist 10 = 10.755 | Delta Dist 100 = 11.338 | Delta Dist 1000 = 11.528 | Episode Length = 50 | Episode Return = 11.0 | Evaluator Episodes = 11448 | Evaluator Steps = 572400 | Final Dist = 0.822 | Final Dist 10 = 2.051 | Final Dist 100 = 1.468 | Final Dist 1000 = 1.278 | Init Dist = 12.806 | Init Dist 10 = 12.806 | Init Dist 100 = 12.806 | Init Dist 1000 = 12.806 | Learner Steps = 35115 | Learner Walltime = 6957.058 | Min Dist = 0.270 | Min Dist 10 = 1.343 | Min Dist 100 = 0.810 | Min Dist 1000 = 0.638 | Steps Per Second = 75.567 | Success = 1.000 | Success 1000 = 0.897
I0502 17:02:13.760257 139555013154368 terminal.py:91] [Learner] Actor Episodes = 45145 | Actor Loss = 3.7111918926239014 | Actor Steps = 2257250 | Binary Accuracy = 0.9960308074951172 | Categorical Accuracy = 0.42254638671875 | Critic Loss = 1.7465531826019287 | Entropy Mean = -23.184864044189453 | Evaluator Episodes = 11446 | Evaluator Steps = 572300 | Learner Steps = 35120 | Learner Walltime = 6957.958 | Logits Neg = -17.456071853637695 | Logits Pos = -1.7297838926315308 | Logsumexp = 1.0699290037155151 | Steps Per Second = 110.284
I0502 17:02:14.843464 139579566835264 terminal.py:91] [Evaluator] Actor Episodes = 45157 | Actor Steps = 2257850 | Delta Dist = 12.087 | Delta Dist 10 = 10.890 | Delta Dist 100 = 11.347 | Delta Dist 1000 = 11.529 | Episode Length = 50 | Episode Return = 30.0 | Evaluator Episodes = 11450 | Evaluator Steps = 572500 | Final Dist = 0.719 | Final Dist 10 = 1.917 | Final Dist 100 = 1.459 | Final Dist 1000 = 1.278 | Init Dist = 12.806 | Init Dist 10 = 12.806 | Init Dist 100 = 12.806 | Init Dist 1000 = 12.806 | Learner Steps = 35122 | Learner Walltime = 6958.315 | Min Dist = 0.147 | Min Dist 10 = 1.253 | Min Dist 100 = 0.810 | Min Dist 1000 = 0.638 | Steps Per Second = 71.894 | Success = 1.000 | Success 1000 = 0.897
I0502 17:02:16.085304 139579566835264 terminal.py:91] [Evaluator] Actor Episodes = 45163 | Actor Steps = 2258150 | Delta Dist = 12.463 | Delta Dist 10 = 11.605 | Delta Dist 100 = 11.360 | Delta Dist 1000 = 11.531 | Episode Length = 50 | Episode Return = 25.0 | Evaluator Episodes = 11452 | Evaluator Steps = 572600 | Final Dist = 0.343 | Final Dist 10 = 1.202 | Final Dist 100 = 1.446 | Final Dist 1000 = 1.275 | Init Dist = 12.806 | Init Dist 10 = 12.806 | Init Dist 100 = 12.806 | Init Dist 1000 = 12.806 | Learner Steps = 35127 | Learner Walltime = 6959.316 | Min Dist = 0.116 | Min Dist 10 = 0.699 | Min Dist 100 = 0.812 | Min Dist 1000 = 0.637 | Steps Per Second = 86.627 | Success = 1.000 | Success 1000 = 0.897
I0502 17:02:16.775995 139569349502528 terminal.py:91] [Actor] Actor Episodes = 45169 | Actor Steps = 2258450 | Delta Dist = 7.301 | Delta Dist 10 = 4.485 | Delta Dist 100 = 3.833 | Delta Dist 1000 = 4.297 | Episode Length = 50 | Episode Return = 35.0 | Evaluator Episodes = 11452 | Evaluator Steps = 572600 | Final Dist = 0.315 | Final Dist 10 = 1.078 | Final Dist 100 = 1.500 | Final Dist 1000 = 1.517 | Init Dist = 7.616 | Init Dist 10 = 5.563 | Init Dist 100 = 5.333 | Init Dist 1000 = 5.814 | Learner Steps = 35131 | Learner Walltime = 6960.322 | Min Dist = 0.039 | Min Dist 10 = 0.082 | Min Dist 100 = 0.232 | Min Dist 1000 = 0.196 | Steps Per Second = 78.836 | Success = 1.000 | Success 1000 = 0.990
I0502 17:02:17.337050 139579566835264 terminal.py:91] [Evaluator] Actor Episodes = 45171 | Actor Steps = 2258550 | Delta Dist = 12.488 | Delta Dist 10 = 12.132 | Delta Dist 100 = 11.358 | Delta Dist 1000 = 11.531 | Episode Length = 50 | Episode Return = 11.0 | Evaluator Episodes = 11454 | Evaluator Steps = 572700 | Final Dist = 0.318 | Final Dist 10 = 0.674 | Final Dist 100 = 1.449 | Final Dist 1000 = 1.276 | Init Dist = 12.806 | Init Dist 10 = 12.806 | Init Dist 100 = 12.806 | Init Dist 1000 = 12.806 | Learner Steps = 35131 | Learner Walltime = 6960.322 | Min Dist = 0.070 | Min Dist 10 = 0.208 | Min Dist 100 = 0.809 | Min Dist 1000 = 0.637 | Steps Per Second = 77.086 | Success = 1.000 | Success 1000 = 0.897
I0502 17:02:17.984487 139584504182336 lp_utils.py:96] StepsLimiter: Reached 2258750 recorded steps
I0502 17:02:18.608159 139579566835264 terminal.py:91] [Evaluator] Actor Episodes = 45181 | Actor Steps = 2259050 | Delta Dist = 11.650 | Delta Dist 10 = 11.614 | Delta Dist 100 = 11.379 | Delta Dist 1000 = 11.527 | Episode Length = 50 | Episode Return = 28.0 | Evaluator Episodes = 11456 | Evaluator Steps = 572800 | Final Dist = 1.156 | Final Dist 10 = 1.192 | Final Dist 100 = 1.427 | Final Dist 1000 = 1.280 | Init Dist = 12.806 | Init Dist 10 = 12.806 | Init Dist 100 = 12.806 | Init Dist 1000 = 12.806 | Learner Steps = 35137 | Learner Walltime = 6961.550 | Min Dist = 0.227 | Min Dist 10 = 0.701 | Min Dist 100 = 0.805 | Min Dist 1000 = 0.642 | Steps Per Second = 84.521 | Success = 1.000 | Success 1000 = 0.896
I0502 17:02:19.119927 139557462840896 terminal.py:91] [Actor] Actor Episodes = 45183 | Actor Steps = 2259150 | Delta Dist = 7.830 | Delta Dist 10 = 3.785 | Delta Dist 100 = 3.819 | Delta Dist 1000 = 4.321 | Episode Length = 50 | Episode Return = 41.0 | Evaluator Episodes = 11456 | Evaluator Steps = 572800 | Final Dist = 0.170 | Final Dist 10 = 1.469 | Final Dist 100 = 1.493 | Final Dist 1000 = 1.506 | Init Dist = 8.000 | Init Dist 10 = 5.254 | Init Dist 100 = 5.312 | Init Dist 1000 = 5.827 | Learner Steps = 35144 | Learner Walltime = 6962.831 | Min Dist = 0.013 | Min Dist 10 = 0.049 | Min Dist 100 = 0.150 | Min Dist 1000 = 0.195 | Steps Per Second = 84.711 | Success = 1.000 | Success 1000 = 0.991
I0502 17:02:19.353530 139558059398720 terminal.py:91] [Actor] Actor Episodes = 45187 | Actor Steps = 2259350 | Delta Dist = 3.473 | Delta Dist 10 = 4.093 | Delta Dist 100 = 3.843 | Delta Dist 1000 = 4.319 | Episode Length = 50 | Episode Return = 39.0 | Evaluator Episodes = 11456 | Evaluator Steps = 572800 | Final Dist = 1.626 | Final Dist 10 = 1.278 | Final Dist 100 = 1.500 | Final Dist 1000 = 1.507 | Init Dist = 5.099 | Init Dist 10 = 5.371 | Init Dist 100 = 5.343 | Init Dist 1000 = 5.826 | Learner Steps = 35144 | Learner Walltime = 6962.831 | Min Dist = 0.085 | Min Dist 10 = 0.046 | Min Dist 100 = 0.147 | Min Dist 1000 = 0.195 | Steps Per Second = 81.197 | Success = 1.000 | Success 1000 = 0.991
I0502 17:02:19.833455 139579566835264 terminal.py:91] [Evaluator] Actor Episodes = 45189 | Actor Steps = 2259450 | Delta Dist = 11.062 | Delta Dist 10 = 11.532 | Delta Dist 100 = 11.373 | Delta Dist 1000 = 11.526 | Episode Length = 50 | Episode Return = 4.0 | Evaluator Episodes = 11458 | Evaluator Steps = 572900 | Final Dist = 1.744 | Final Dist 10 = 1.274 | Final Dist 100 = 1.433 | Final Dist 1000 = 1.280 | Init Dist = 12.806 | Init Dist 10 = 12.806 | Init Dist 100 = 12.806 | Init Dist 1000 = 12.806 | Learner Steps = 35150 | Learner Walltime = 6963.850 | Min Dist = 0.537 | Min Dist 10 = 0.654 | Min Dist 100 = 0.804 | Min Dist 1000 = 0.642 | Steps Per Second = 76.851 | Success = 1.000 | Success 1000 = 0.896
I0502 17:02:21.042265 139579566835264 terminal.py:91] [Evaluator] Actor Episodes = 45197 | Actor Steps = 2259850 | Delta Dist = 11.868 | Delta Dist 10 = 11.227 | Delta Dist 100 = 11.344 | Delta Dist 1000 = 11.524 | Episode Length = 50 | Episode Return = 16.0 | Evaluator Episodes = 11460 | Evaluator Steps = 573000 | Final Dist = 0.938 | Final Dist 10 = 1.579 | Final Dist 100 = 1.462 | Final Dist 1000 = 1.282 | Init Dist = 12.806 | Init Dist 10 = 12.806 | Init Dist 100 = 12.806 | Init Dist 1000 = 12.806 | Learner Steps = 35156 | Learner Walltime = 6965.184 | Min Dist = 0.544 | Min Dist 10 = 0.688 | Min Dist 100 = 0.804 | Min Dist 1000 = 0.642 | Steps Per Second = 78.529 | Success = 1.000 | Success 1000 = 0.896
I0502 17:02:21.345593 139555860620864 terminal.py:91] [Actor] Actor Episodes = 45198 | Actor Steps = 2259900 | Delta Dist = 0.468 | Delta Dist 10 = 4.474 | Delta Dist 100 = 4.045 | Delta Dist 1000 = 4.331 | Episode Length = 50 | Episode Return = 22.0 | Evaluator Episodes = 11458 | Evaluator Steps = 572900 | Final Dist = 1.532 | Final Dist 10 = 0.646 | Final Dist 100 = 1.342 | Final Dist 1000 = 1.470 | Init Dist = 2.000 | Init Dist 10 = 5.119 | Init Dist 100 = 5.387 | Init Dist 1000 = 5.801 | Learner Steps = 35150 | Learner Walltime = 6963.850 | Min Dist = 0.035 | Min Dist 10 = 0.043 | Min Dist 100 = 0.146 | Min Dist 1000 = 0.183 | Steps Per Second = 79.985 | Success = 1.000 | Success 1000 = 0.991
I0502 17:02:22.199708 139579566835264 terminal.py:91] [Evaluator] Actor Episodes = 45205 | Actor Steps = 2260250 | Delta Dist = 11.865 | Delta Dist 10 = 11.162 | Delta Dist 100 = 11.349 | Delta Dist 1000 = 11.525 | Episode Length = 50 | Episode Return = 27.0 | Evaluator Episodes = 11462 | Evaluator Steps = 573100 | Final Dist = 0.942 | Final Dist 10 = 1.644 | Final Dist 100 = 1.457 | Final Dist 1000 = 1.281 | Init Dist = 12.806 | Init Dist 10 = 12.806 | Init Dist 100 = 12.806 | Init Dist 1000 = 12.806 | Learner Steps = 35162 | Learner Walltime = 6966.216 | Min Dist = 0.350 | Min Dist 10 = 0.744 | Min Dist 100 = 0.805 | Min Dist 1000 = 0.643 | Steps Per Second = 92.062 | Success = 1.000 | Success 1000 = 0.896
I0502 17:02:23.387854 139579566835264 terminal.py:91] [Evaluator] Actor Episodes = 45213 | Actor Steps = 2260650 | Delta Dist = 11.872 | Delta Dist 10 = 11.207 | Delta Dist 100 = 11.357 | Delta Dist 1000 = 11.525 | Episode Length = 50 | Episode Return = 26.0 | Evaluator Episodes = 11464 | Evaluator Steps = 573200 | Final Dist = 0.934 | Final Dist 10 = 1.599 | Final Dist 100 = 1.449 | Final Dist 1000 = 1.282 | Init Dist = 12.806 | Init Dist 10 = 12.806 | Init Dist 100 = 12.806 | Init Dist 1000 = 12.806 | Learner Steps = 35168 | Learner Walltime = 6967.373 | Min Dist = 0.198 | Min Dist 10 = 0.766 | Min Dist 100 = 0.802 | Min Dist 1000 = 0.643 | Steps Per Second = 82.304 | Success = 1.000 | Success 1000 = 0.896
I0502 17:02:23.974758 139555013154368 terminal.py:91] [Learner] Actor Episodes = 45213 | Actor Loss = 3.6541037559509277 | Actor Steps = 2260650 | Binary Accuracy = 0.9960129261016846 | Categorical Accuracy = 0.41864013671875 | Critic Loss = 1.7945637702941895 | Entropy Mean = -24.485958099365234 | Evaluator Episodes = 11462 | Evaluator Steps = 573100 | Learner Steps = 35172 | Learner Walltime = 6968.169 | Logits Neg = -16.954519271850586 | Logits Pos = -1.8176441192626953 | Logsumexp = 1.1248204708099365 | Steps Per Second = 291.411
I0502 17:02:24.129003 139584635659840 savers.py:156] Saving checkpoint: logs/contrastive_cpc_point_FourRooms_64/5dd72662-2788-11f0-b183-d85ed38c5779/checkpoints/counter
I0502 17:02:24.625466 139579566835264 terminal.py:91] [Evaluator] Actor Episodes = 45221 | Actor Steps = 2261050 | Delta Dist = 12.410 | Delta Dist 10 = 11.599 | Delta Dist 100 = 11.348 | Delta Dist 1000 = 11.523 | Episode Length = 50 | Episode Return = 26.0 | Evaluator Episodes = 11466 | Evaluator Steps = 573300 | Final Dist = 0.396 | Final Dist 10 = 1.207 | Final Dist 100 = 1.458 | Final Dist 1000 = 1.283 | Init Dist = 12.806 | Init Dist 10 = 12.806 | Init Dist 100 = 12.806 | Init Dist 1000 = 12.806 | Learner Steps = 35174 | Learner Walltime = 6968.585 | Min Dist = 0.239 | Min Dist 10 = 0.284 | Min Dist 100 = 0.799 | Min Dist 1000 = 0.642 | Steps Per Second = 76.283 | Success = 1.000 | Success 1000 = 0.896
I0502 17:02:25.864833 139579566835264 terminal.py:91] [Evaluator] Actor Episodes = 45229 | Actor Steps = 2261450 | Delta Dist = 12.786 | Delta Dist 10 = 11.206 | Delta Dist 100 = 11.297 | Delta Dist 1000 = 11.518 | Episode Length = 50 | Episode Return = 25.0 | Evaluator Episodes = 11468 | Evaluator Steps = 573400 | Final Dist = 0.021 | Final Dist 10 = 1.600 | Final Dist 100 = 1.510 | Final Dist 1000 = 1.288 | Init Dist = 12.806 | Init Dist 10 = 12.806 | Init Dist 100 = 12.806 | Init Dist 1000 = 12.806 | Learner Steps = 35180 | Learner Walltime = 6969.734 | Min Dist = 0.021 | Min Dist 10 = 0.815 | Min Dist 100 = 0.850 | Min Dist 1000 = 0.648 | Steps Per Second = 78.883 | Success = 1.000 | Success 1000 = 0.895
I0502 17:02:26.776593 139569349502528 terminal.py:91] [Actor] Actor Episodes = 45237 | Actor Steps = 2261850 | Delta Dist = 8.162 | Delta Dist 10 = 4.618 | Delta Dist 100 = 3.982 | Delta Dist 1000 = 4.348 | Episode Length = 50 | Episode Return = 34.0 | Evaluator Episodes = 11468 | Evaluator Steps = 573400 | Final Dist = 0.323 | Final Dist 10 = 1.956 | Final Dist 100 = 1.367 | Final Dist 1000 = 1.449 | Init Dist = 8.485 | Init Dist 10 = 6.574 | Init Dist 100 = 5.348 | Init Dist 1000 = 5.798 | Learner Steps = 35180 | Learner Walltime = 6969.734 | Min Dist = 0.074 | Min Dist 10 = 0.092 | Min Dist 100 = 0.080 | Min Dist 1000 = 0.173 | Steps Per Second = 74.894 | Success = 1.000 | Success 1000 = 0.992
I0502 17:02:27.132298 139579566835264 terminal.py:91] [Evaluator] Actor Episodes = 45237 | Actor Steps = 2261850 | Delta Dist = 11.824 | Delta Dist 10 = 11.479 | Delta Dist 100 = 11.307 | Delta Dist 1000 = 11.523 | Episode Length = 50 | Episode Return = 11.0 | Evaluator Episodes = 11470 | Evaluator Steps = 573500 | Final Dist = 0.982 | Final Dist 10 = 1.327 | Final Dist 100 = 1.499 | Final Dist 1000 = 1.283 | Init Dist = 12.806 | Init Dist 10 = 12.806 | Init Dist 100 = 12.806 | Init Dist 1000 = 12.806 | Learner Steps = 35187 | Learner Walltime = 6971.077 | Min Dist = 0.770 | Min Dist 10 = 0.752 | Min Dist 100 = 0.840 | Min Dist 1000 = 0.643 | Steps Per Second = 81.735 | Success = 1.000 | Success 1000 = 0.896
I0502 17:02:27.999493 139584504182336 lp_utils.py:96] StepsLimiter: Reached 2262150 recorded steps
I0502 17:02:28.362546 139579566835264 terminal.py:91] [Evaluator] Actor Episodes = 45245 | Actor Steps = 2262250 | Delta Dist = 12.356 | Delta Dist 10 = 11.360 | Delta Dist 100 = 11.351 | Delta Dist 1000 = 11.523 | Episode Length = 50 | Episode Return = 21.0 | Evaluator Episodes = 11472 | Evaluator Steps = 573600 | Final Dist = 0.450 | Final Dist 10 = 1.446 | Final Dist 100 = 1.455 | Final Dist 1000 = 1.284 | Init Dist = 12.806 | Init Dist 10 = 12.806 | Init Dist 100 = 12.806 | Init Dist 1000 = 12.806 | Learner Steps = 35193 | Learner Walltime = 6972.377 | Min Dist = 0.124 | Min Dist 10 = 0.885 | Min Dist 100 = 0.808 | Min Dist 1000 = 0.644 | Steps Per Second = 78.087 | Success = 1.000 | Success 1000 = 0.895
I0502 17:02:29.329020 139557462840896 terminal.py:91] [Actor] Actor Episodes = 45248 | Actor Steps = 2262400 | Delta Dist = 7.536 | Delta Dist 10 = 3.950 | Delta Dist 100 = 3.885 | Delta Dist 1000 = 4.333 | Episode Length = 50 | Episode Return = 32.0 | Evaluator Episodes = 11472 | Evaluator Steps = 573600 | Final Dist = 1.008 | Final Dist 10 = 2.524 | Final Dist 100 = 1.538 | Final Dist 1000 = 1.466 | Init Dist = 8.544 | Init Dist 10 = 6.474 | Init Dist 100 = 5.423 | Init Dist 1000 = 5.799 | Learner Steps = 35193 | Learner Walltime = 6972.377 | Min Dist = 0.095 | Min Dist 10 = 0.136 | Min Dist 100 = 0.087 | Min Dist 1000 = 0.169 | Steps Per Second = 85.990 | Success = 1.000 | Success 1000 = 0.992
I0502 17:02:29.585552 139579566835264 terminal.py:91] [Evaluator] Actor Episodes = 45253 | Actor Steps = 2262650 | Delta Dist = 7.784 | Delta Dist 10 = 11.421 | Delta Dist 100 = 11.414 | Delta Dist 1000 = 11.529 | Episode Length = 50 | Episode Return = 0.0 | Evaluator Episodes = 11474 | Evaluator Steps = 573700 | Final Dist = 5.022 | Final Dist 10 = 1.385 | Final Dist 100 = 1.393 | Final Dist 1000 = 1.277 | Init Dist = 12.806 | Init Dist 10 = 12.806 | Init Dist 100 = 12.806 | Init Dist 1000 = 12.806 | Learner Steps = 35199 | Learner Walltime = 6973.420 | Min Dist = 5.022 | Min Dist 10 = 0.847 | Min Dist 100 = 0.759 | Min Dist 1000 = 0.639 | Steps Per Second = 83.669 | Success = 0.000 | Success 1000 = 0.896
I0502 17:02:29.622253 139558059398720 terminal.py:91] [Actor] Actor Episodes = 45250 | Actor Steps = 2262500 | Delta Dist = 3.476 | Delta Dist 10 = 4.958 | Delta Dist 100 = 3.934 | Delta Dist 1000 = 4.340 | Episode Length = 50 | Episode Return = 33.0 | Evaluator Episodes = 11472 | Evaluator Steps = 573600 | Final Dist = 0.524 | Final Dist 10 = 2.283 | Final Dist 100 = 1.476 | Final Dist 1000 = 1.459 | Init Dist = 4.000 | Init Dist 10 = 7.242 | Init Dist 100 = 5.410 | Init Dist 1000 = 5.799 | Learner Steps = 35193 | Learner Walltime = 6972.377 | Min Dist = 0.107 | Min Dist 10 = 0.159 | Min Dist 100 = 0.087 | Min Dist 1000 = 0.162 | Steps Per Second = 82.115 | Success = 1.000 | Success 1000 = 0.993
I0502 17:02:30.787908 139579566835264 terminal.py:91] [Evaluator] Actor Episodes = 45261 | Actor Steps = 2263050 | Delta Dist = 11.770 | Delta Dist 10 = 11.002 | Delta Dist 100 = 11.368 | Delta Dist 1000 = 11.525 | Episode Length = 50 | Episode Return = 27.0 | Evaluator Episodes = 11476 | Evaluator Steps = 573800 | Final Dist = 1.036 | Final Dist 10 = 1.804 | Final Dist 100 = 1.438 | Final Dist 1000 = 1.281 | Init Dist = 12.806 | Init Dist 10 = 12.806 | Init Dist 100 = 12.806 | Init Dist 1000 = 12.806 | Learner Steps = 35204 | Learner Walltime = 6974.734 | Min Dist = 0.275 | Min Dist 10 = 1.362 | Min Dist 100 = 0.805 | Min Dist 1000 = 0.644 | Steps Per Second = 80.028 | Success = 1.000 | Success 1000 = 0.895
I0502 17:02:31.620136 139555860620864 terminal.py:91] [Actor] Actor Episodes = 45267 | Actor Steps = 2263350 | Delta Dist = 1.147 | Delta Dist 10 = 6.547 | Delta Dist 100 = 4.199 | Delta Dist 1000 = 4.334 | Episode Length = 50 | Episode Return = 28.0 | Evaluator Episodes = 11476 | Evaluator Steps = 573800 | Final Dist = 0.853 | Final Dist 10 = 0.688 | Final Dist 100 = 1.412 | Final Dist 1000 = 1.457 | Init Dist = 2.000 | Init Dist 10 = 7.235 | Init Dist 100 = 5.611 | Init Dist 1000 = 5.791 | Learner Steps = 35204 | Learner Walltime = 6974.734 | Min Dist = 0.145 | Min Dist 10 = 0.158 | Min Dist 100 = 0.092 | Min Dist 1000 = 0.160 | Steps Per Second = 86.663 | Success = 1.000 | Success 1000 = 0.993
I0502 17:02:32.005167 139579566835264 terminal.py:91] [Evaluator] Actor Episodes = 45269 | Actor Steps = 2263450 | Delta Dist = 11.771 | Delta Dist 10 = 11.476 | Delta Dist 100 = 11.431 | Delta Dist 1000 = 11.524 | Episode Length = 50 | Episode Return = 22.0 | Evaluator Episodes = 11478 | Evaluator Steps = 573900 | Final Dist = 1.035 | Final Dist 10 = 1.331 | Final Dist 100 = 1.375 | Final Dist 1000 = 1.282 | Init Dist = 12.806 | Init Dist 10 = 12.806 | Init Dist 100 = 12.806 | Init Dist 1000 = 12.806 | Learner Steps = 35211 | Learner Walltime = 6975.922 | Min Dist = 0.030 | Min Dist 10 = 0.841 | Min Dist 100 = 0.754 | Min Dist 1000 = 0.644 | Steps Per Second = 84.741 | Success = 1.000 | Success 1000 = 0.895
I0502 17:02:33.155328 139579566835264 terminal.py:91] [Evaluator] Actor Episodes = 45277 | Actor Steps = 2263850 | Delta Dist = 11.667 | Delta Dist 10 = 11.403 | Delta Dist 100 = 11.436 | Delta Dist 1000 = 11.524 | Episode Length = 50 | Episode Return = 13.0 | Evaluator Episodes = 11480 | Evaluator Steps = 574000 | Final Dist = 1.139 | Final Dist 10 = 1.404 | Final Dist 100 = 1.370 | Final Dist 1000 = 1.282 | Init Dist = 12.806 | Init Dist 10 = 12.806 | Init Dist 100 = 12.806 | Init Dist 1000 = 12.806 | Learner Steps = 35217 | Learner Walltime = 6977.024 | Min Dist = 0.278 | Min Dist 10 = 0.879 | Min Dist 100 = 0.751 | Min Dist 1000 = 0.644 | Steps Per Second = 89.841 | Success = 1.000 | Success 1000 = 0.895
I0502 17:02:34.021673 139555013154368 terminal.py:91] [Learner] Actor Episodes = 45279 | Actor Loss = 3.5912766456604004 | Actor Steps = 2263950 | Binary Accuracy = 0.9960319995880127 | Categorical Accuracy = 0.4149169921875 | Critic Loss = 1.7957203388214111 | Entropy Mean = -22.372379302978516 | Evaluator Episodes = 11480 | Evaluator Steps = 574000 | Learner Steps = 35224 | Learner Walltime = 6978.218 | Logits Neg = -17.239765167236328 | Logits Pos = -1.766984224319458 | Logsumexp = 1.1081874370574951 | Steps Per Second = 359.775
I0502 17:02:34.308967 139579566835264 terminal.py:91] [Evaluator] Actor Episodes = 45283 | Actor Steps = 2264150 | Delta Dist = 12.434 | Delta Dist 10 = 11.427 | Delta Dist 100 = 11.439 | Delta Dist 1000 = 11.524 | Episode Length = 50 | Episode Return = 20.0 | Evaluator Episodes = 11482 | Evaluator Steps = 574100 | Final Dist = 0.372 | Final Dist 10 = 1.379 | Final Dist 100 = 1.367 | Final Dist 1000 = 1.282 | Init Dist = 12.806 | Init Dist 10 = 12.806 | Init Dist 100 = 12.806 | Init Dist 1000 = 12.806 | Learner Steps = 35223 | Learner Walltime = 6978.040 | Min Dist = 0.352 | Min Dist 10 = 0.724 | Min Dist 100 = 0.737 | Min Dist 1000 = 0.644 | Steps Per Second = 82.204 | Success = 1.000 | Success 1000 = 0.895
I0502 17:02:35.383255 139583350109760 savers.py:156] Saving checkpoint: logs/contrastive_cpc_point_FourRooms_64/5dd72662-2788-11f0-b183-d85ed38c5779/checkpoints/learner
I0502 17:02:35.536973 139579566835264 terminal.py:91] [Evaluator] Actor Episodes = 45291 | Actor Steps = 2264550 | Delta Dist = 6.876 | Delta Dist 10 = 11.357 | Delta Dist 100 = 11.490 | Delta Dist 1000 = 11.524 | Episode Length = 50 | Episode Return = 0.0 | Evaluator Episodes = 11484 | Evaluator Steps = 574200 | Final Dist = 5.930 | Final Dist 10 = 1.449 | Final Dist 100 = 1.316 | Final Dist 1000 = 1.283 | Init Dist = 12.806 | Init Dist 10 = 12.806 | Init Dist 100 = 12.806 | Init Dist 1000 = 12.806 | Learner Steps = 35228 | Learner Walltime = 6979.051 | Min Dist = 5.191 | Min Dist 10 = 0.769 | Min Dist 100 = 0.683 | Min Dist 1000 = 0.645 | Steps Per Second = 75.696 | Success = 0.000 | Success 1000 = 0.895
I0502 17:02:36.632522 139579566835264 terminal.py:91] [Evaluator] Actor Episodes = 45299 | Actor Steps = 2264950 | Delta Dist = 11.447 | Delta Dist 10 = 11.306 | Delta Dist 100 = 11.439 | Delta Dist 1000 = 11.519 | Episode Length = 50 | Episode Return = 6.0 | Evaluator Episodes = 11486 | Evaluator Steps = 574300 | Final Dist = 1.359 | Final Dist 10 = 1.500 | Final Dist 100 = 1.368 | Final Dist 1000 = 1.288 | Init Dist = 12.806 | Init Dist 10 = 12.806 | Init Dist 100 = 12.806 | Init Dist 1000 = 12.806 | Learner Steps = 35231 | Learner Walltime = 6980.498 | Min Dist = 0.345 | Min Dist 10 = 0.766 | Min Dist 100 = 0.738 | Min Dist 1000 = 0.650 | Steps Per Second = 88.560 | Success = 1.000 | Success 1000 = 0.894
I0502 17:02:36.821119 139569349502528 terminal.py:91] [Actor] Actor Episodes = 45301 | Actor Steps = 2265050 | Delta Dist = 1.201 | Delta Dist 10 = 6.123 | Delta Dist 100 = 4.467 | Delta Dist 1000 = 4.364 | Episode Length = 50 | Episode Return = 35.0 | Evaluator Episodes = 11486 | Evaluator Steps = 574300 | Final Dist = 1.035 | Final Dist 10 = 0.642 | Final Dist 100 = 1.580 | Final Dist 1000 = 1.459 | Init Dist = 2.236 | Init Dist 10 = 6.765 | Init Dist 100 = 6.047 | Init Dist 1000 = 5.822 | Learner Steps = 35231 | Learner Walltime = 6980.498 | Min Dist = 0.074 | Min Dist 10 = 0.115 | Min Dist 100 = 0.098 | Min Dist 1000 = 0.157 | Steps Per Second = 76.085 | Success = 1.000 | Success 1000 = 0.994
I0502 17:02:37.780449 139579566835264 terminal.py:91] [Evaluator] Actor Episodes = 45305 | Actor Steps = 2265250 | Delta Dist = 12.705 | Delta Dist 10 = 11.303 | Delta Dist 100 = 11.428 | Delta Dist 1000 = 11.518 | Episode Length = 50 | Episode Return = 19.0 | Evaluator Episodes = 11488 | Evaluator Steps = 574400 | Final Dist = 0.101 | Final Dist 10 = 1.503 | Final Dist 100 = 1.378 | Final Dist 1000 = 1.288 | Init Dist = 12.806 | Init Dist 10 = 12.806 | Init Dist 100 = 12.806 | Init Dist 1000 = 12.806 | Learner Steps = 35240 | Learner Walltime = 6981.580 | Min Dist = 0.039 | Min Dist 10 = 0.782 | Min Dist 100 = 0.740 | Min Dist 1000 = 0.650 | Steps Per Second = 85.291 | Success = 1.000 | Success 1000 = 0.894
I0502 17:02:38.017898 139584504182336 lp_utils.py:96] StepsLimiter: Reached 2265350 recorded steps
I0502 17:02:38.989328 139579566835264 terminal.py:91] [Evaluator] Actor Episodes = 45313 | Actor Steps = 2265650 | Delta Dist = 12.323 | Delta Dist 10 = 11.350 | Delta Dist 100 = 11.441 | Delta Dist 1000 = 11.518 | Episode Length = 50 | Episode Return = 28.0 | Evaluator Episodes = 11490 | Evaluator Steps = 574500 | Final Dist = 0.483 | Final Dist 10 = 1.456 | Final Dist 100 = 1.365 | Final Dist 1000 = 1.288 | Init Dist = 12.806 | Init Dist 10 = 12.806 | Init Dist 100 = 12.806 | Init Dist 1000 = 12.806 | Learner Steps = 35247 | Learner Walltime = 6982.994 | Min Dist = 0.148 | Min Dist 10 = 0.746 | Min Dist 100 = 0.739 | Min Dist 1000 = 0.650 | Steps Per Second = 86.875 | Success = 1.000 | Success 1000 = 0.894
I0502 17:02:39.812448 139557462840896 terminal.py:91] [Actor] Actor Episodes = 45319 | Actor Steps = 2265950 | Delta Dist = 9.899 | Delta Dist 10 = 6.339 | Delta Dist 100 = 4.613 | Delta Dist 1000 = 4.382 | Episode Length = 50 | Episode Return = 35.0 | Evaluator Episodes = 11490 | Evaluator Steps = 574500 | Final Dist = 0.731 | Final Dist 10 = 0.384 | Final Dist 100 = 1.419 | Final Dist 1000 = 1.440 | Init Dist = 10.630 | Init Dist 10 = 6.723 | Init Dist 100 = 6.032 | Init Dist 1000 = 5.822 | Learner Steps = 35253 | Learner Walltime = 6984.000 | Min Dist = 0.520 | Min Dist 10 = 0.058 | Min Dist 100 = 0.093 | Min Dist 1000 = 0.157 | Steps Per Second = 87.508 | Success = 1.000 | Success 1000 = 0.994
I0502 17:02:40.009615 139558059398720 terminal.py:91] [Actor] Actor Episodes = 45321 | Actor Steps = 2266050 | Delta Dist = 3.437 | Delta Dist 10 = 5.311 | Delta Dist 100 = 4.561 | Delta Dist 1000 = 4.374 | Episode Length = 50 | Episode Return = 0.0 | Evaluator Episodes = 11490 | Evaluator Steps = 574500 | Final Dist = 3.563 | Final Dist 10 = 1.462 | Final Dist 100 = 1.529 | Final Dist 1000 = 1.450 | Init Dist = 7.000 | Init Dist 10 = 6.773 | Init Dist 100 = 6.090 | Init Dist 1000 = 5.824 | Learner Steps = 35253 | Learner Walltime = 6984.000 | Min Dist = 0.094 | Min Dist 10 = 0.087 | Min Dist 100 = 0.092 | Min Dist 1000 = 0.157 | Steps Per Second = 80.833 | Success = 1.000 | Success 1000 = 0.994
I0502 17:02:40.144937 139579566835264 terminal.py:91] [Evaluator] Actor Episodes = 45321 | Actor Steps = 2266050 | Delta Dist = 12.425 | Delta Dist 10 = 11.468 | Delta Dist 100 = 11.444 | Delta Dist 1000 = 11.518 | Episode Length = 50 | Episode Return = 12.0 | Evaluator Episodes = 11492 | Evaluator Steps = 574600 | Final Dist = 0.381 | Final Dist 10 = 1.338 | Final Dist 100 = 1.362 | Final Dist 1000 = 1.289 | Init Dist = 12.806 | Init Dist 10 = 12.806 | Init Dist 100 = 12.806 | Init Dist 1000 = 12.806 | Learner Steps = 35253 | Learner Walltime = 6984.000 | Min Dist = 0.123 | Min Dist 10 = 0.697 | Min Dist 100 = 0.735 | Min Dist 1000 = 0.650 | Steps Per Second = 93.669 | Success = 1.000 | Success 1000 = 0.894
I0502 17:02:41.397102 139579566835264 terminal.py:91] [Evaluator] Actor Episodes = 45329 | Actor Steps = 2266450 | Delta Dist = 11.813 | Delta Dist 10 = 11.457 | Delta Dist 100 = 11.430 | Delta Dist 1000 = 11.517 | Episode Length = 50 | Episode Return = 8.0 | Evaluator Episodes = 11494 | Evaluator Steps = 574700 | Final Dist = 0.993 | Final Dist 10 = 1.350 | Final Dist 100 = 1.376 | Final Dist 1000 = 1.289 | Init Dist = 12.806 | Init Dist 10 = 12.806 | Init Dist 100 = 12.806 | Init Dist 1000 = 12.806 | Learner Steps = 35259 | Learner Walltime = 6985.243 | Min Dist = 0.133 | Min Dist 10 = 0.677 | Min Dist 100 = 0.737 | Min Dist 1000 = 0.649 | Steps Per Second = 74.905 | Success = 1.000 | Success 1000 = 0.894
I0502 17:02:41.653469 139555860620864 terminal.py:91] [Actor] Actor Episodes = 45331 | Actor Steps = 2266550 | Delta Dist = 3.857 | Delta Dist 10 = 2.515 | Delta Dist 100 = 4.517 | Delta Dist 1000 = 4.365 | Episode Length = 50 | Episode Return = 41.0 | Evaluator Episodes = 11494 | Evaluator Steps = 574700 | Final Dist = 1.143 | Final Dist 10 = 1.410 | Final Dist 100 = 1.473 | Final Dist 1000 = 1.445 | Init Dist = 5.000 | Init Dist 10 = 3.925 | Init Dist 100 = 5.990 | Init Dist 1000 = 5.810 | Learner Steps = 35259 | Learner Walltime = 6985.243 | Min Dist = 0.106 | Min Dist 10 = 0.065 | Min Dist 100 = 0.090 | Min Dist 1000 = 0.150 | Steps Per Second = 68.539 | Success = 1.000 | Success 1000 = 0.994
I0502 17:02:42.657719 139579566835264 terminal.py:91] [Evaluator] Actor Episodes = 45335 | Actor Steps = 2266750 | Delta Dist = 11.809 | Delta Dist 10 = 11.954 | Delta Dist 100 = 11.427 | Delta Dist 1000 = 11.516 | Episode Length = 50 | Episode Return = 11.0 | Evaluator Episodes = 11496 | Evaluator Steps = 574800 | Final Dist = 0.998 | Final Dist 10 = 0.852 | Final Dist 100 = 1.379 | Final Dist 1000 = 1.290 | Init Dist = 12.806 | Init Dist 10 = 12.806 | Init Dist 100 = 12.806 | Init Dist 1000 = 12.806 | Learner Steps = 35264 | Learner Walltime = 6986.253 | Min Dist = 0.301 | Min Dist 10 = 0.141 | Min Dist 100 = 0.738 | Min Dist 1000 = 0.649 | Steps Per Second = 85.615 | Success = 1.000 | Success 1000 = 0.894
I0502 17:02:43.817670 139579566835264 terminal.py:91] [Evaluator] Actor Episodes = 45343 | Actor Steps = 2267150 | Delta Dist = 11.178 | Delta Dist 10 = 11.953 | Delta Dist 100 = 11.425 | Delta Dist 1000 = 11.516 | Episode Length = 50 | Episode Return = 7.0 | Evaluator Episodes = 11498 | Evaluator Steps = 574900 | Final Dist = 1.628 | Final Dist 10 = 0.853 | Final Dist 100 = 1.381 | Final Dist 1000 = 1.290 | Init Dist = 12.806 | Init Dist 10 = 12.806 | Init Dist 100 = 12.806 | Init Dist 1000 = 12.806 | Learner Steps = 35268 | Learner Walltime = 6987.365 | Min Dist = 0.202 | Min Dist 10 = 0.149 | Min Dist 100 = 0.741 | Min Dist 1000 = 0.649 | Steps Per Second = 85.131 | Success = 1.000 | Success 1000 = 0.894
I0502 17:02:44.024744 139555013154368 terminal.py:91] [Learner] Actor Episodes = 45339 | Actor Loss = 3.660655975341797 | Actor Steps = 2266950 | Binary Accuracy = 0.9960670471191406 | Categorical Accuracy = 0.42864990234375 | Critic Loss = 1.7290399074554443 | Entropy Mean = -23.604900360107422 | Evaluator Episodes = 11496 | Evaluator Steps = 574800 | Learner Steps = 35272 | Learner Walltime = 6988.220 | Logits Neg = -17.59552001953125 | Logits Pos = -1.7013458013534546 | Logsumexp = 1.0955990552902222 | Steps Per Second = 114.014
I0502 17:02:44.931711 139579566835264 terminal.py:91] [Evaluator] Actor Episodes = 45351 | Actor Steps = 2267550 | Delta Dist = 11.531 | Delta Dist 10 = 11.804 | Delta Dist 100 = 11.400 | Delta Dist 1000 = 11.516 | Episode Length = 50 | Episode Return = 11.0 | Evaluator Episodes = 11500 | Evaluator Steps = 575000 | Final Dist = 1.276 | Final Dist 10 = 1.002 | Final Dist 100 = 1.406 | Final Dist 1000 = 1.291 | Init Dist = 12.806 | Init Dist 10 = 12.806 | Init Dist 100 = 12.806 | Init Dist 1000 = 12.806 | Learner Steps = 35275 | Learner Walltime = 6988.418 | Min Dist = 0.041 | Min Dist 10 = 0.182 | Min Dist 100 = 0.741 | Min Dist 1000 = 0.649 | Steps Per Second = 98.286 | Success = 1.000 | Success 1000 = 0.894
I0502 17:02:46.173166 139579566835264 terminal.py:91] [Evaluator] Actor Episodes = 45359 | Actor Steps = 2267950 | Delta Dist = 12.240 | Delta Dist 10 = 11.769 | Delta Dist 100 = 11.396 | Delta Dist 1000 = 11.516 | Episode Length = 50 | Episode Return = 8.0 | Evaluator Episodes = 11502 | Evaluator Steps = 575100 | Final Dist = 0.566 | Final Dist 10 = 1.037 | Final Dist 100 = 1.410 | Final Dist 1000 = 1.291 | Init Dist = 12.806 | Init Dist 10 = 12.806 | Init Dist 100 = 12.806 | Init Dist 1000 = 12.806 | Learner Steps = 35280 | Learner Walltime = 6989.504 | Min Dist = 0.097 | Min Dist 10 = 0.176 | Min Dist 100 = 0.733 | Min Dist 1000 = 0.649 | Steps Per Second = 88.779 | Success = 1.000 | Success 1000 = 0.894
I0502 17:02:46.940575 139569349502528 terminal.py:91] [Actor] Actor Episodes = 45365 | Actor Steps = 2268250 | Delta Dist = 2.697 | Delta Dist 10 = 3.936 | Delta Dist 100 = 4.295 | Delta Dist 1000 = 4.363 | Episode Length = 50 | Episode Return = 40.0 | Evaluator Episodes = 11502 | Evaluator Steps = 575100 | Final Dist = 0.466 | Final Dist 10 = 0.941 | Final Dist 100 = 1.368 | Final Dist 1000 = 1.428 | Init Dist = 3.162 | Init Dist 10 = 4.877 | Init Dist 100 = 5.663 | Init Dist 1000 = 5.791 | Learner Steps = 35286 | Learner Walltime = 6990.782 | Min Dist = 0.008 | Min Dist 10 = 0.119 | Min Dist 100 = 0.076 | Min Dist 1000 = 0.149 | Steps Per Second = 82.518 | Success = 1.000 | Success 1000 = 0.994
I0502 17:02:47.351744 139579566835264 terminal.py:91] [Evaluator] Actor Episodes = 45367 | Actor Steps = 2268350 | Delta Dist = 11.809 | Delta Dist 10 = 11.850 | Delta Dist 100 = 11.397 | Delta Dist 1000 = 11.516 | Episode Length = 50 | Episode Return = 18.0 | Evaluator Episodes = 11504 | Evaluator Steps = 575200 | Final Dist = 0.997 | Final Dist 10 = 0.957 | Final Dist 100 = 1.409 | Final Dist 1000 = 1.290 | Init Dist = 12.806 | Init Dist 10 = 12.806 | Init Dist 100 = 12.806 | Init Dist 1000 = 12.806 | Learner Steps = 35286 | Learner Walltime = 6990.782 | Min Dist = 0.469 | Min Dist 10 = 0.165 | Min Dist 100 = 0.735 | Min Dist 1000 = 0.649 | Steps Per Second = 86.928 | Success = 1.000 | Success 1000 = 0.894
I0502 17:02:48.033261 139584504182336 lp_utils.py:96] StepsLimiter: Reached 2268550 recorded steps
I0502 17:02:48.625454 139579566835264 terminal.py:91] [Evaluator] Actor Episodes = 45375 | Actor Steps = 2268750 | Delta Dist = 12.084 | Delta Dist 10 = 11.839 | Delta Dist 100 = 11.387 | Delta Dist 1000 = 11.516 | Episode Length = 50 | Episode Return = 20.0 | Evaluator Episodes = 11506 | Evaluator Steps = 575300 | Final Dist = 0.723 | Final Dist 10 = 0.968 | Final Dist 100 = 1.419 | Final Dist 1000 = 1.290 | Init Dist = 12.806 | Init Dist 10 = 12.806 | Init Dist 100 = 12.806 | Init Dist 1000 = 12.806 | Learner Steps = 35291 | Learner Walltime = 6991.829 | Min Dist = 0.069 | Min Dist 10 = 0.295 | Min Dist 100 = 0.748 | Min Dist 1000 = 0.650 | Steps Per Second = 69.844 | Success = 1.000 | Success 1000 = 0.893
I0502 17:02:49.798731 139579566835264 terminal.py:91] [Evaluator] Actor Episodes = 45383 | Actor Steps = 2269150 | Delta Dist = 11.992 | Delta Dist 10 = 11.853 | Delta Dist 100 = 11.397 | Delta Dist 1000 = 11.516 | Episode Length = 50 | Episode Return = 27.0 | Evaluator Episodes = 11508 | Evaluator Steps = 575400 | Final Dist = 0.814 | Final Dist 10 = 0.953 | Final Dist 100 = 1.409 | Final Dist 1000 = 1.290 | Init Dist = 12.806 | Init Dist 10 = 12.806 | Init Dist 100 = 12.806 | Init Dist 1000 = 12.806 | Learner Steps = 35298 | Learner Walltime = 6992.904 | Min Dist = 0.100 | Min Dist 10 = 0.253 | Min Dist 100 = 0.743 | Min Dist 1000 = 0.650 | Steps Per Second = 85.147 | Success = 1.000 | Success 1000 = 0.893
I0502 17:02:50.028436 139558059398720 terminal.py:91] [Actor] Actor Episodes = 45387 | Actor Steps = 2269350 | Delta Dist = 2.311 | Delta Dist 10 = 3.947 | Delta Dist 100 = 4.208 | Delta Dist 1000 = 4.393 | Episode Length = 50 | Episode Return = 0.0 | Evaluator Episodes = 11508 | Evaluator Steps = 575400 | Final Dist = 2.689 | Final Dist 10 = 2.045 | Final Dist 100 = 1.427 | Final Dist 1000 = 1.407 | Init Dist = 5.000 | Init Dist 10 = 5.992 | Init Dist 100 = 5.636 | Init Dist 1000 = 5.800 | Learner Steps = 35304 | Learner Walltime = 6994.137 | Min Dist = 0.577 | Min Dist 10 = 0.070 | Min Dist 100 = 0.074 | Min Dist 1000 = 0.148 | Steps Per Second = 91.002 | Success = 1.000 | Success 1000 = 0.994
I0502 17:02:50.098183 139557462840896 terminal.py:91] [Actor] Actor Episodes = 45384 | Actor Steps = 2269200 | Delta Dist = 6.772 | Delta Dist 10 = 3.394 | Delta Dist 100 = 4.237 | Delta Dist 1000 = 4.391 | Episode Length = 50 | Episode Return = 0.0 | Evaluator Episodes = 11506 | Evaluator Steps = 575300 | Final Dist = 1.291 | Final Dist 10 = 2.176 | Final Dist 100 = 1.376 | Final Dist 1000 = 1.408 | Init Dist = 8.062 | Init Dist 10 = 5.570 | Init Dist 100 = 5.613 | Init Dist 1000 = 5.799 | Learner Steps = 35298 | Learner Walltime = 6992.904 | Min Dist = 0.094 | Min Dist 10 = 0.124 | Min Dist 100 = 0.079 | Min Dist 1000 = 0.149 | Steps Per Second = 89.953 | Success = 1.000 | Success 1000 = 0.994
I0502 17:02:50.912312 139579566835264 terminal.py:91] [Evaluator] Actor Episodes = 45391 | Actor Steps = 2269550 | Delta Dist = 11.157 | Delta Dist 10 = 11.837 | Delta Dist 100 = 11.447 | Delta Dist 1000 = 11.514 | Episode Length = 50 | Episode Return = 1.0 | Evaluator Episodes = 11510 | Evaluator Steps = 575500 | Final Dist = 1.649 | Final Dist 10 = 0.970 | Final Dist 100 = 1.359 | Final Dist 1000 = 1.292 | Init Dist = 12.806 | Init Dist 10 = 12.806 | Init Dist 100 = 12.806 | Init Dist 1000 = 12.806 | Learner Steps = 35304 | Learner Walltime = 6994.137 | Min Dist = 0.520 | Min Dist 10 = 0.251 | Min Dist 100 = 0.688 | Min Dist 1000 = 0.650 | Steps Per Second = 92.992 | Success = 1.000 | Success 1000 = 0.893
I0502 17:02:52.128158 139579566835264 terminal.py:91] [Evaluator] Actor Episodes = 45399 | Actor Steps = 2269950 | Delta Dist = 12.145 | Delta Dist 10 = 11.808 | Delta Dist 100 = 11.447 | Delta Dist 1000 = 11.514 | Episode Length = 50 | Episode Return = 29.0 | Evaluator Episodes = 11512 | Evaluator Steps = 575600 | Final Dist = 0.661 | Final Dist 10 = 0.998 | Final Dist 100 = 1.359 | Final Dist 1000 = 1.292 | Init Dist = 12.806 | Init Dist 10 = 12.806 | Init Dist 100 = 12.806 | Init Dist 1000 = 12.806 | Learner Steps = 35311 | Learner Walltime = 6995.512 | Min Dist = 0.161 | Min Dist 10 = 0.310 | Min Dist 100 = 0.694 | Min Dist 1000 = 0.650 | Steps Per Second = 82.646 | Success = 1.000 | Success 1000 = 0.893
I0502 17:02:52.293369 139555860620864 terminal.py:91] [Actor] Actor Episodes = 45401 | Actor Steps = 2270050 | Delta Dist = 2.514 | Delta Dist 10 = 3.491 | Delta Dist 100 = 4.168 | Delta Dist 1000 = 4.392 | Episode Length = 50 | Episode Return = 39.0 | Evaluator Episodes = 11512 | Evaluator Steps = 575600 | Final Dist = 0.314 | Final Dist 10 = 0.834 | Final Dist 100 = 1.286 | Final Dist 1000 = 1.411 | Init Dist = 2.828 | Init Dist 10 = 4.325 | Init Dist 100 = 5.454 | Init Dist 1000 = 5.803 | Learner Steps = 35311 | Learner Walltime = 6995.512 | Min Dist = 0.085 | Min Dist 10 = 0.096 | Min Dist 100 = 0.077 | Min Dist 1000 = 0.149 | Steps Per Second = 77.099 | Success = 1.000 | Success 1000 = 0.994
I0502 17:02:53.323706 139579566835264 terminal.py:91] [Evaluator] Actor Episodes = 45407 | Actor Steps = 2270350 | Delta Dist = 11.579 | Delta Dist 10 = 11.192 | Delta Dist 100 = 11.389 | Delta Dist 1000 = 11.508 | Episode Length = 50 | Episode Return = 13.0 | Evaluator Episodes = 11514 | Evaluator Steps = 575700 | Final Dist = 1.227 | Final Dist 10 = 1.614 | Final Dist 100 = 1.417 | Final Dist 1000 = 1.298 | Init Dist = 12.806 | Init Dist 10 = 12.806 | Init Dist 100 = 12.806 | Init Dist 1000 = 12.806 | Learner Steps = 35316 | Learner Walltime = 6996.570 | Min Dist = 0.132 | Min Dist 10 = 0.823 | Min Dist 100 = 0.738 | Min Dist 1000 = 0.656 | Steps Per Second = 81.047 | Success = 1.000 | Success 1000 = 0.892
I0502 17:02:54.175251 139555013154368 terminal.py:91] [Learner] Actor Episodes = 45409 | Actor Loss = 3.7744626998901367 | Actor Steps = 2270450 | Binary Accuracy = 0.9959011077880859 | Categorical Accuracy = 0.39849853515625 | Critic Loss = 1.8080031871795654 | Entropy Mean = -22.650150299072266 | Evaluator Episodes = 11514 | Evaluator Steps = 575700 | Learner Steps = 35326 | Learner Walltime = 6998.371 | Logits Neg = -17.55404281616211 | Logits Pos = -1.807828664779663 | Logsumexp = 1.1735776662826538 | Steps Per Second = 163.868
I0502 17:02:54.611037 139579566835264 terminal.py:91] [Evaluator] Actor Episodes = 45415 | Actor Steps = 2270750 | Delta Dist = 10.900 | Delta Dist 10 = 11.167 | Delta Dist 100 = 11.384 | Delta Dist 1000 = 11.507 | Episode Length = 50 | Episode Return = 25.0 | Evaluator Episodes = 11516 | Evaluator Steps = 575800 | Final Dist = 1.906 | Final Dist 10 = 1.640 | Final Dist 100 = 1.422 | Final Dist 1000 = 1.299 | Init Dist = 12.806 | Init Dist 10 = 12.806 | Init Dist 100 = 12.806 | Init Dist 1000 = 12.806 | Learner Steps = 35323 | Learner Walltime = 6997.731 | Min Dist = 0.081 | Min Dist 10 = 0.708 | Min Dist 100 = 0.735 | Min Dist 1000 = 0.656 | Steps Per Second = 83.458 | Success = 1.000 | Success 1000 = 0.892
I0502 17:02:55.861771 139579566835264 terminal.py:91] [Evaluator] Actor Episodes = 45425 | Actor Steps = 2271250 | Delta Dist = 3.238 | Delta Dist 10 = 11.144 | Delta Dist 100 = 11.375 | Delta Dist 1000 = 11.507 | Episode Length = 50 | Episode Return = 0.0 | Evaluator Episodes = 11518 | Evaluator Steps = 575900 | Final Dist = 9.569 | Final Dist 10 = 1.662 | Final Dist 100 = 1.432 | Final Dist 1000 = 1.300 | Init Dist = 12.806 | Init Dist 10 = 12.806 | Init Dist 100 = 12.806 | Init Dist 1000 = 12.806 | Learner Steps = 35329 | Learner Walltime = 6998.978 | Min Dist = 8.532 | Min Dist 10 = 0.698 | Min Dist 100 = 0.729 | Min Dist 1000 = 0.656 | Steps Per Second = 81.004 | Success = 0.000 | Success 1000 = 0.892
I0502 17:02:57.000073 139579566835264 terminal.py:91] [Evaluator] Actor Episodes = 45431 | Actor Steps = 2271550 | Delta Dist = 12.346 | Delta Dist 10 = 10.399 | Delta Dist 100 = 11.295 | Delta Dist 1000 = 11.499 | Episode Length = 50 | Episode Return = 32.0 | Evaluator Episodes = 11520 | Evaluator Steps = 576000 | Final Dist = 0.460 | Final Dist 10 = 2.407 | Final Dist 100 = 1.511 | Final Dist 1000 = 1.308 | Init Dist = 12.806 | Init Dist 10 = 12.806 | Init Dist 100 = 12.806 | Init Dist 1000 = 12.806 | Learner Steps = 35335 | Learner Walltime = 7000.158 | Min Dist = 0.065 | Min Dist 10 = 1.571 | Min Dist 100 = 0.810 | Min Dist 1000 = 0.664 | Steps Per Second = 81.406 | Success = 1.000 | Success 1000 = 0.891
I0502 17:02:57.151635 139569349502528 terminal.py:91] [Actor] Actor Episodes = 45430 | Actor Steps = 2271500 | Delta Dist = 5.077 | Delta Dist 10 = 4.513 | Delta Dist 100 = 4.579 | Delta Dist 1000 = 4.414 | Episode Length = 50 | Episode Return = 36.0 | Evaluator Episodes = 11518 | Evaluator Steps = 575900 | Final Dist = 0.308 | Final Dist 10 = 1.050 | Final Dist 100 = 1.088 | Final Dist 1000 = 1.391 | Init Dist = 5.385 | Init Dist 10 = 5.563 | Init Dist 100 = 5.667 | Init Dist 1000 = 5.805 | Learner Steps = 35335 | Learner Walltime = 7000.158 | Min Dist = 0.046 | Min Dist 10 = 0.073 | Min Dist 100 = 0.077 | Min Dist 1000 = 0.149 | Steps Per Second = 80.743 | Success = 1.000 | Success 1000 = 0.994
I0502 17:02:58.053543 139584504182336 lp_utils.py:96] StepsLimiter: Reached 2271950 recorded steps
I0502 17:02:58.294834 139579566835264 terminal.py:91] [Evaluator] Actor Episodes = 45439 | Actor Steps = 2271950 | Delta Dist = 11.226 | Delta Dist 10 = 10.416 | Delta Dist 100 = 11.291 | Delta Dist 1000 = 11.498 | Episode Length = 50 | Episode Return = 11.0 | Evaluator Episodes = 11522 | Evaluator Steps = 576100 | Final Dist = 1.580 | Final Dist 10 = 2.391 | Final Dist 100 = 1.515 | Final Dist 1000 = 1.309 | Init Dist = 12.806 | Init Dist 10 = 12.806 | Init Dist 100 = 12.806 | Init Dist 1000 = 12.806 | Learner Steps = 35341 | Learner Walltime = 7001.383 | Min Dist = 0.248 | Min Dist 10 = 1.513 | Min Dist 100 = 0.810 | Min Dist 1000 = 0.664 | Steps Per Second = 76.449 | Success = 1.000 | Success 1000 = 0.891
I0502 17:02:59.495573 139579566835264 terminal.py:91] [Evaluator] Actor Episodes = 45447 | Actor Steps = 2272350 | Delta Dist = 4.175 | Delta Dist 10 = 10.924 | Delta Dist 100 = 11.333 | Delta Dist 1000 = 11.497 | Episode Length = 50 | Episode Return = 0.0 | Evaluator Episodes = 11524 | Evaluator Steps = 576200 | Final Dist = 8.632 | Final Dist 10 = 1.883 | Final Dist 100 = 1.474 | Final Dist 1000 = 1.310 | Init Dist = 12.806 | Init Dist 10 = 12.806 | Init Dist 100 = 12.806 | Init Dist 1000 = 12.806 | Learner Steps = 35347 | Learner Walltime = 7002.632 | Min Dist = 8.602 | Min Dist 10 = 1.057 | Min Dist 100 = 0.761 | Min Dist 1000 = 0.665 | Steps Per Second = 81.141 | Success = 0.000 | Success 1000 = 0.891
I0502 17:03:00.413386 139557462840896 terminal.py:91] [Actor] Actor Episodes = 45455 | Actor Steps = 2272750 | Delta Dist = 5.050 | Delta Dist 10 = 3.149 | Delta Dist 100 = 4.553 | Delta Dist 1000 = 4.397 | Episode Length = 50 | Episode Return = 25.0 | Evaluator Episodes = 11524 | Evaluator Steps = 576200 | Final Dist = 1.353 | Final Dist 10 = 2.401 | Final Dist 100 = 1.133 | Final Dist 1000 = 1.406 | Init Dist = 6.403 | Init Dist 10 = 5.549 | Init Dist 100 = 5.686 | Init Dist 1000 = 5.803 | Learner Steps = 35354 | Learner Walltime = 7003.922 | Min Dist = 0.123 | Min Dist 10 = 0.108 | Min Dist 100 = 0.080 | Min Dist 1000 = 0.149 | Steps Per Second = 84.820 | Success = 1.000 | Success 1000 = 0.994
I0502 17:03:00.439891 139558059398720 terminal.py:91] [Actor] Actor Episodes = 45452 | Actor Steps = 2272600 | Delta Dist = 6.538 | Delta Dist 10 = 3.553 | Delta Dist 100 = 4.523 | Delta Dist 1000 = 4.402 | Episode Length = 50 | Episode Return = 26.0 | Evaluator Episodes = 11524 | Evaluator Steps = 576200 | Final Dist = 0.742 | Final Dist 10 = 2.413 | Final Dist 100 = 1.146 | Final Dist 1000 = 1.403 | Init Dist = 7.280 | Init Dist 10 = 5.966 | Init Dist 100 = 5.670 | Init Dist 1000 = 5.805 | Learner Steps = 35354 | Learner Walltime = 7003.922 | Min Dist = 0.742 | Min Dist 10 = 0.118 | Min Dist 100 = 0.081 | Min Dist 1000 = 0.149 | Steps Per Second = 76.519 | Success = 1.000 | Success 1000 = 0.994
I0502 17:03:00.628070 139579566835264 terminal.py:91] [Evaluator] Actor Episodes = 45455 | Actor Steps = 2272750 | Delta Dist = 11.448 | Delta Dist 10 = 10.224 | Delta Dist 100 = 11.275 | Delta Dist 1000 = 11.488 | Episode Length = 50 | Episode Return = 0.0 | Evaluator Episodes = 11526 | Evaluator Steps = 576300 | Final Dist = 1.358 | Final Dist 10 = 2.582 | Final Dist 100 = 1.531 | Final Dist 1000 = 1.318 | Init Dist = 12.806 | Init Dist 10 = 12.806 | Init Dist 100 = 12.806 | Init Dist 1000 = 12.806 | Learner Steps = 35354 | Learner Walltime = 7003.922 | Min Dist = 1.099 | Min Dist 10 = 1.892 | Min Dist 100 = 0.823 | Min Dist 1000 = 0.673 | Steps Per Second = 98.179 | Success = 0.000 | Success 1000 = 0.890
I0502 17:03:01.796260 139579566835264 terminal.py:91] [Evaluator] Actor Episodes = 45463 | Actor Steps = 2273150 | Delta Dist = 11.763 | Delta Dist 10 = 10.210 | Delta Dist 100 = 11.309 | Delta Dist 1000 = 11.487 | Episode Length = 50 | Episode Return = 11.0 | Evaluator Episodes = 11528 | Evaluator Steps = 576400 | Final Dist = 1.043 | Final Dist 10 = 2.596 | Final Dist 100 = 1.498 | Final Dist 1000 = 1.319 | Init Dist = 12.806 | Init Dist 10 = 12.806 | Init Dist 100 = 12.806 | Init Dist 1000 = 12.806 | Learner Steps = 35361 | Learner Walltime = 7005.140 | Min Dist = 0.221 | Min Dist 10 = 1.994 | Min Dist 100 = 0.785 | Min Dist 1000 = 0.674 | Steps Per Second = 83.876 | Success = 1.000 | Success 1000 = 0.889
I0502 17:03:02.610913 139555860620864 terminal.py:91] [Actor] Actor Episodes = 45466 | Actor Steps = 2273300 | Delta Dist = 3.508 | Delta Dist 10 = 4.765 | Delta Dist 100 = 4.611 | Delta Dist 1000 = 4.424 | Episode Length = 50 | Episode Return = 44.0 | Evaluator Episodes = 11528 | Evaluator Steps = 576400 | Final Dist = 0.097 | Final Dist 10 = 0.958 | Final Dist 100 = 1.183 | Final Dist 1000 = 1.382 | Init Dist = 3.606 | Init Dist 10 = 5.722 | Init Dist 100 = 5.794 | Init Dist 1000 = 5.806 | Learner Steps = 35361 | Learner Walltime = 7005.140 | Min Dist = 0.017 | Min Dist 10 = 0.095 | Min Dist 100 = 0.086 | Min Dist 1000 = 0.149 | Steps Per Second = 74.996 | Success = 1.000 | Success 1000 = 0.994
I0502 17:03:02.958991 139579566835264 terminal.py:91] [Evaluator] Actor Episodes = 45471 | Actor Steps = 2273550 | Delta Dist = 11.599 | Delta Dist 10 = 11.093 | Delta Dist 100 = 11.319 | Delta Dist 1000 = 11.487 | Episode Length = 50 | Episode Return = 18.0 | Evaluator Episodes = 11530 | Evaluator Steps = 576500 | Final Dist = 1.208 | Final Dist 10 = 1.714 | Final Dist 100 = 1.488 | Final Dist 1000 = 1.319 | Init Dist = 12.806 | Init Dist 10 = 12.806 | Init Dist 100 = 12.806 | Init Dist 1000 = 12.806 | Learner Steps = 35367 | Learner Walltime = 7006.259 | Min Dist = 0.019 | Min Dist 10 = 1.112 | Min Dist 100 = 0.780 | Min Dist 1000 = 0.674 | Steps Per Second = 93.441 | Success = 1.000 | Success 1000 = 0.889
I0502 17:03:04.210471 139579566835264 terminal.py:91] [Evaluator] Actor Episodes = 45479 | Actor Steps = 2273950 | Delta Dist = 12.633 | Delta Dist 10 = 11.068 | Delta Dist 100 = 11.331 | Delta Dist 1000 = 11.491 | Episode Length = 50 | Episode Return = 23.0 | Evaluator Episodes = 11532 | Evaluator Steps = 576600 | Final Dist = 0.173 | Final Dist 10 = 1.738 | Final Dist 100 = 1.475 | Final Dist 1000 = 1.315 | Init Dist = 12.806 | Init Dist 10 = 12.806 | Init Dist 100 = 12.806 | Init Dist 1000 = 12.806 | Learner Steps = 35372 | Learner Walltime = 7007.513 | Min Dist = 0.026 | Min Dist 10 = 1.106 | Min Dist 100 = 0.776 | Min Dist 1000 = 0.668 | Steps Per Second = 78.719 | Success = 1.000 | Success 1000 = 0.890
I0502 17:03:04.574804 139555013154368 terminal.py:91] [Learner] Actor Episodes = 45483 | Actor Loss = 3.738996982574463 | Actor Steps = 2274150 | Binary Accuracy = 0.9961214065551758 | Categorical Accuracy = 0.43560791015625 | Critic Loss = 1.7120076417922974 | Entropy Mean = -20.634368896484375 | Evaluator Episodes = 11532 | Evaluator Steps = 576600 | Learner Steps = 35379 | Learner Walltime = 7008.770 | Logits Neg = -17.75754165649414 | Logits Pos = -1.6917672157287598 | Logsumexp = 1.0225058794021606 | Steps Per Second = 139.987
I0502 17:03:05.377792 139579566835264 terminal.py:91] [Evaluator] Actor Episodes = 45487 | Actor Steps = 2274350 | Delta Dist = 12.371 | Delta Dist 10 = 11.117 | Delta Dist 100 = 11.338 | Delta Dist 1000 = 11.492 | Episode Length = 50 | Episode Return = 20.0 | Evaluator Episodes = 11534 | Evaluator Steps = 576700 | Final Dist = 0.435 | Final Dist 10 = 1.689 | Final Dist 100 = 1.468 | Final Dist 1000 = 1.314 | Init Dist = 12.806 | Init Dist 10 = 12.806 | Init Dist 100 = 12.806 | Init Dist 1000 = 12.806 | Learner Steps = 35379 | Learner Walltime = 7008.770 | Min Dist = 0.029 | Min Dist 10 = 1.038 | Min Dist 100 = 0.766 | Min Dist 1000 = 0.668 | Steps Per Second = 79.094 | Success = 1.000 | Success 1000 = 0.890
I0502 17:03:06.514438 139579566835264 terminal.py:91] [Evaluator] Actor Episodes = 45495 | Actor Steps = 2274750 | Delta Dist = 12.467 | Delta Dist 10 = 11.964 | Delta Dist 100 = 11.342 | Delta Dist 1000 = 11.493 | Episode Length = 50 | Episode Return = 25.0 | Evaluator Episodes = 11536 | Evaluator Steps = 576800 | Final Dist = 0.339 | Final Dist 10 = 0.843 | Final Dist 100 = 1.465 | Final Dist 1000 = 1.313 | Init Dist = 12.806 | Init Dist 10 = 12.806 | Init Dist 100 = 12.806 | Init Dist 1000 = 12.806 | Learner Steps = 35386 | Learner Walltime = 7009.994 | Min Dist = 0.134 | Min Dist 10 = 0.212 | Min Dist 100 = 0.769 | Min Dist 1000 = 0.669 | Steps Per Second = 86.565 | Success = 1.000 | Success 1000 = 0.890
I0502 17:03:07.477904 139569349502528 terminal.py:91] [Actor] Actor Episodes = 45503 | Actor Steps = 2275150 | Delta Dist = 2.606 | Delta Dist 10 = 3.779 | Delta Dist 100 = 4.277 | Delta Dist 1000 = 4.385 | Episode Length = 50 | Episode Return = 35.0 | Evaluator Episodes = 11536 | Evaluator Steps = 576800 | Final Dist = 1.000 | Final Dist 10 = 2.254 | Final Dist 100 = 1.472 | Final Dist 1000 = 1.403 | Init Dist = 3.606 | Init Dist 10 = 6.032 | Init Dist 100 = 5.748 | Init Dist 1000 = 5.788 | Learner Steps = 35391 | Learner Walltime = 7011.092 | Min Dist = 0.257 | Min Dist 10 = 2.047 | Min Dist 100 = 0.289 | Min Dist 1000 = 0.167 | Steps Per Second = 81.065 | Success = 1.000 | Success 1000 = 0.994
I0502 17:03:07.749475 139579566835264 terminal.py:91] [Evaluator] Actor Episodes = 45503 | Actor Steps = 2275150 | Delta Dist = 12.118 | Delta Dist 10 = 12.090 | Delta Dist 100 = 11.352 | Delta Dist 1000 = 11.495 | Episode Length = 50 | Episode Return = 25.0 | Evaluator Episodes = 11538 | Evaluator Steps = 576900 | Final Dist = 0.688 | Final Dist 10 = 0.717 | Final Dist 100 = 1.454 | Final Dist 1000 = 1.311 | Init Dist = 12.806 | Init Dist 10 = 12.806 | Init Dist 100 = 12.806 | Init Dist 1000 = 12.806 | Learner Steps = 35391 | Learner Walltime = 7011.092 | Min Dist = 0.221 | Min Dist 10 = 0.159 | Min Dist 100 = 0.769 | Min Dist 1000 = 0.668 | Steps Per Second = 81.308 | Success = 1.000 | Success 1000 = 0.890
I0502 17:03:08.070384 139584504182336 lp_utils.py:96] StepsLimiter: Reached 2275250 recorded steps
I0502 17:03:09.055625 139579566835264 terminal.py:91] [Evaluator] Actor Episodes = 45511 | Actor Steps = 2275550 | Delta Dist = 6.179 | Delta Dist 10 = 12.016 | Delta Dist 100 = 11.350 | Delta Dist 1000 = 11.494 | Episode Length = 50 | Episode Return = 0.0 | Evaluator Episodes = 11540 | Evaluator Steps = 577000 | Final Dist = 6.628 | Final Dist 10 = 0.790 | Final Dist 100 = 1.457 | Final Dist 1000 = 1.312 | Init Dist = 12.806 | Init Dist 10 = 12.806 | Init Dist 100 = 12.806 | Init Dist 1000 = 12.806 | Learner Steps = 35397 | Learner Walltime = 7012.276 | Min Dist = 5.139 | Min Dist 10 = 0.300 | Min Dist 100 = 0.773 | Min Dist 1000 = 0.669 | Steps Per Second = 78.116 | Success = 0.000 | Success 1000 = 0.889
I0502 17:03:10.442316 139579566835264 terminal.py:91] [Evaluator] Actor Episodes = 45519 | Actor Steps = 2275950 | Delta Dist = 11.367 | Delta Dist 10 = 11.424 | Delta Dist 100 = 11.351 | Delta Dist 1000 = 11.488 | Episode Length = 50 | Episode Return = 18.0 | Evaluator Episodes = 11542 | Evaluator Steps = 577100 | Final Dist = 1.440 | Final Dist 10 = 1.383 | Final Dist 100 = 1.456 | Final Dist 1000 = 1.318 | Init Dist = 12.806 | Init Dist 10 = 12.806 | Init Dist 100 = 12.806 | Init Dist 1000 = 12.806 | Learner Steps = 35404 | Learner Walltime = 7013.533 | Min Dist = 0.481 | Min Dist 10 = 0.849 | Min Dist 100 = 0.770 | Min Dist 1000 = 0.674 | Steps Per Second = 64.552 | Success = 1.000 | Success 1000 = 0.888
I0502 17:03:10.577097 139557462840896 terminal.py:91] [Actor] Actor Episodes = 45518 | Actor Steps = 2275900 | Delta Dist = 3.405 | Delta Dist 10 = 2.839 | Delta Dist 100 = 3.934 | Delta Dist 1000 = 4.370 | Episode Length = 50 | Episode Return = 16.0 | Evaluator Episodes = 11540 | Evaluator Steps = 577000 | Final Dist = 1.694 | Final Dist 10 = 1.624 | Final Dist 100 = 1.680 | Final Dist 1000 = 1.407 | Init Dist = 5.099 | Init Dist 10 = 4.463 | Init Dist 100 = 5.613 | Init Dist 1000 = 5.776 | Learner Steps = 35404 | Learner Walltime = 7013.533 | Min Dist = 0.014 | Min Dist 10 = 0.154 | Min Dist 100 = 0.299 | Min Dist 1000 = 0.168 | Steps Per Second = 74.647 | Success = 1.000 | Success 1000 = 0.994
I0502 17:03:10.705660 139558059398720 terminal.py:91] [Actor] Actor Episodes = 45521 | Actor Steps = 2276050 | Delta Dist = 3.204 | Delta Dist 10 = 3.558 | Delta Dist 100 = 3.890 | Delta Dist 1000 = 4.364 | Episode Length = 50 | Episode Return = 11.0 | Evaluator Episodes = 11542 | Evaluator Steps = 577100 | Final Dist = 0.401 | Final Dist 10 = 1.054 | Final Dist 100 = 1.684 | Final Dist 1000 = 1.407 | Init Dist = 3.606 | Init Dist 10 = 4.612 | Init Dist 100 = 5.574 | Init Dist 1000 = 5.771 | Learner Steps = 35410 | Learner Walltime = 7014.886 | Min Dist = 0.013 | Min Dist 10 = 0.108 | Min Dist 100 = 0.299 | Min Dist 1000 = 0.168 | Steps Per Second = 71.390 | Success = 1.000 | Success 1000 = 0.994
I0502 17:03:11.706590 139579566835264 terminal.py:91] [Evaluator] Actor Episodes = 45527 | Actor Steps = 2276350 | Delta Dist = 11.671 | Delta Dist 10 = 11.329 | Delta Dist 100 = 11.399 | Delta Dist 1000 = 11.487 | Episode Length = 50 | Episode Return = 9.0 | Evaluator Episodes = 11544 | Evaluator Steps = 577200 | Final Dist = 1.135 | Final Dist 10 = 1.477 | Final Dist 100 = 1.408 | Final Dist 1000 = 1.319 | Init Dist = 12.806 | Init Dist 10 = 12.806 | Init Dist 100 = 12.806 | Init Dist 1000 = 12.806 | Learner Steps = 35410 | Learner Walltime = 7014.886 | Min Dist = 0.223 | Min Dist 10 = 0.990 | Min Dist 100 = 0.734 | Min Dist 1000 = 0.675 | Steps Per Second = 74.990 | Success = 1.000 | Success 1000 = 0.887
I0502 17:03:12.932502 139579566835264 terminal.py:91] [Evaluator] Actor Episodes = 45535 | Actor Steps = 2276750 | Delta Dist = 11.646 | Delta Dist 10 = 11.139 | Delta Dist 100 = 11.381 | Delta Dist 1000 = 11.493 | Episode Length = 50 | Episode Return = 13.0 | Evaluator Episodes = 11546 | Evaluator Steps = 577300 | Final Dist = 1.160 | Final Dist 10 = 1.668 | Final Dist 100 = 1.425 | Final Dist 1000 = 1.313 | Init Dist = 12.806 | Init Dist 10 = 12.806 | Init Dist 100 = 12.806 | Init Dist 1000 = 12.806 | Learner Steps = 35417 | Learner Walltime = 7016.247 | Min Dist = 0.076 | Min Dist 10 = 1.077 | Min Dist 100 = 0.744 | Min Dist 1000 = 0.669 | Steps Per Second = 80.749 | Success = 1.000 | Success 1000 = 0.887
I0502 17:03:13.183903 139555860620864 terminal.py:91] [Actor] Actor Episodes = 45539 | Actor Steps = 2276950 | Delta Dist = 7.906 | Delta Dist 10 = 3.294 | Delta Dist 100 = 3.628 | Delta Dist 1000 = 4.342 | Episode Length = 50 | Episode Return = 27.0 | Evaluator Episodes = 11546 | Evaluator Steps = 577300 | Final Dist = 0.157 | Final Dist 10 = 0.896 | Final Dist 100 = 1.666 | Final Dist 1000 = 1.403 | Init Dist = 8.062 | Init Dist 10 = 4.190 | Init Dist 100 = 5.294 | Init Dist 1000 = 5.745 | Learner Steps = 35417 | Learner Walltime = 7016.247 | Min Dist = 0.007 | Min Dist 10 = 0.090 | Min Dist 100 = 0.301 | Min Dist 1000 = 0.168 | Steps Per Second = 84.774 | Success = 1.000 | Success 1000 = 0.994
I0502 17:03:14.201940 139579566835264 terminal.py:91] [Evaluator] Actor Episodes = 45543 | Actor Steps = 2277150 | Delta Dist = 12.537 | Delta Dist 10 = 10.984 | Delta Dist 100 = 11.375 | Delta Dist 1000 = 11.497 | Episode Length = 50 | Episode Return = 26.0 | Evaluator Episodes = 11548 | Evaluator Steps = 577400 | Final Dist = 0.269 | Final Dist 10 = 1.822 | Final Dist 100 = 1.431 | Final Dist 1000 = 1.310 | Init Dist = 12.806 | Init Dist 10 = 12.806 | Init Dist 100 = 12.806 | Init Dist 1000 = 12.806 | Learner Steps = 35422 | Learner Walltime = 7017.440 | Min Dist = 0.177 | Min Dist 10 = 1.034 | Min Dist 100 = 0.738 | Min Dist 1000 = 0.664 | Steps Per Second = 79.464 | Success = 1.000 | Success 1000 = 0.888
I0502 17:03:14.593544 139555013154368 terminal.py:91] [Learner] Actor Episodes = 45545 | Actor Loss = 3.7070631980895996 | Actor Steps = 2277250 | Binary Accuracy = 0.9960410594940186 | Categorical Accuracy = 0.42694091796875 | Critic Loss = 1.7714097499847412 | Entropy Mean = -23.550254821777344 | Evaluator Episodes = 11548 | Evaluator Steps = 577400 | Learner Steps = 35431 | Learner Walltime = 7018.790 | Logits Neg = -17.40529441833496 | Logits Pos = -1.7667436599731445 | Logsumexp = 1.121039867401123 | Steps Per Second = 1030.925
I0502 17:03:15.374011 139579566835264 terminal.py:91] [Evaluator] Actor Episodes = 45551 | Actor Steps = 2277550 | Delta Dist = 12.364 | Delta Dist 10 = 11.139 | Delta Dist 100 = 11.375 | Delta Dist 1000 = 11.498 | Episode Length = 50 | Episode Return = 6.0 | Evaluator Episodes = 11550 | Evaluator Steps = 577500 | Final Dist = 0.442 | Final Dist 10 = 1.667 | Final Dist 100 = 1.432 | Final Dist 1000 = 1.309 | Init Dist = 12.806 | Init Dist 10 = 12.806 | Init Dist 100 = 12.806 | Init Dist 1000 = 12.806 | Learner Steps = 35429 | Learner Walltime = 7018.596 | Min Dist = 0.295 | Min Dist 10 = 0.890 | Min Dist 100 = 0.737 | Min Dist 1000 = 0.664 | Steps Per Second = 83.185 | Success = 1.000 | Success 1000 = 0.888
I0502 17:03:16.603636 139579566835264 terminal.py:91] [Evaluator] Actor Episodes = 45559 | Actor Steps = 2277950 | Delta Dist = 10.709 | Delta Dist 10 = 11.800 | Delta Dist 100 = 11.370 | Delta Dist 1000 = 11.498 | Episode Length = 50 | Episode Return = 0.0 | Evaluator Episodes = 11552 | Evaluator Steps = 577600 | Final Dist = 2.098 | Final Dist 10 = 1.007 | Final Dist 100 = 1.436 | Final Dist 1000 = 1.308 | Init Dist = 12.806 | Init Dist 10 = 12.806 | Init Dist 100 = 12.806 | Init Dist 1000 = 12.806 | Learner Steps = 35436 | Learner Walltime = 7019.876 | Min Dist = 1.151 | Min Dist 10 = 0.399 | Min Dist 100 = 0.740 | Min Dist 1000 = 0.664 | Steps Per Second = 84.094 | Success = 0.000 | Success 1000 = 0.888
I0502 17:03:17.799402 139579566835264 terminal.py:91] [Evaluator] Actor Episodes = 45567 | Actor Steps = 2278350 | Delta Dist = 11.946 | Delta Dist 10 = 11.848 | Delta Dist 100 = 11.370 | Delta Dist 1000 = 11.498 | Episode Length = 50 | Episode Return = 18.0 | Evaluator Episodes = 11554 | Evaluator Steps = 577700 | Final Dist = 0.861 | Final Dist 10 = 0.958 | Final Dist 100 = 1.436 | Final Dist 1000 = 1.309 | Init Dist = 12.806 | Init Dist 10 = 12.806 | Init Dist 100 = 12.806 | Init Dist 1000 = 12.806 | Learner Steps = 35442 | Learner Walltime = 7021.002 | Min Dist = 0.034 | Min Dist 10 = 0.360 | Min Dist 100 = 0.749 | Min Dist 1000 = 0.665 | Steps Per Second = 80.505 | Success = 1.000 | Success 1000 = 0.887
I0502 17:03:17.945934 139569349502528 terminal.py:91] [Actor] Actor Episodes = 45566 | Actor Steps = 2278300 | Delta Dist = 0.585 | Delta Dist 10 = 4.865 | Delta Dist 100 = 3.651 | Delta Dist 1000 = 4.333 | Episode Length = 50 | Episode Return = 40.0 | Evaluator Episodes = 11552 | Evaluator Steps = 577600 | Final Dist = 0.415 | Final Dist 10 = 0.531 | Final Dist 100 = 1.930 | Final Dist 1000 = 1.432 | Init Dist = 1.000 | Init Dist 10 = 5.397 | Init Dist 100 = 5.580 | Init Dist 1000 = 5.765 | Learner Steps = 35442 | Learner Walltime = 7021.002 | Min Dist = 0.185 | Min Dist 10 = 0.097 | Min Dist 100 = 0.325 | Min Dist 1000 = 0.165 | Steps Per Second = 79.098 | Success = 1.000 | Success 1000 = 0.993
I0502 17:03:18.092128 139584504182336 lp_utils.py:96] StepsLimiter: Reached 2278550 recorded steps
I0502 17:03:18.856086 139579566835264 terminal.py:91] [Evaluator] Actor Episodes = 45575 | Actor Steps = 2278750 | Delta Dist = 11.737 | Delta Dist 10 = 11.955 | Delta Dist 100 = 11.415 | Delta Dist 1000 = 11.499 | Episode Length = 50 | Episode Return = 8.0 | Evaluator Episodes = 11556 | Evaluator Steps = 577800 | Final Dist = 1.069 | Final Dist 10 = 0.852 | Final Dist 100 = 1.391 | Final Dist 1000 = 1.308 | Init Dist = 12.806 | Init Dist 10 = 12.806 | Init Dist 100 = 12.806 | Init Dist 1000 = 12.806 | Learner Steps = 35448 | Learner Walltime = 7022.254 | Min Dist = 0.430 | Min Dist 10 = 0.283 | Min Dist 100 = 0.702 | Min Dist 1000 = 0.665 | Steps Per Second = 94.836 | Success = 1.000 | Success 1000 = 0.887
I0502 17:03:20.054141 139579566835264 terminal.py:91] [Evaluator] Actor Episodes = 45583 | Actor Steps = 2279150 | Delta Dist = 12.003 | Delta Dist 10 = 12.031 | Delta Dist 100 = 11.425 | Delta Dist 1000 = 11.499 | Episode Length = 50 | Episode Return = 19.0 | Evaluator Episodes = 11558 | Evaluator Steps = 577900 | Final Dist = 0.804 | Final Dist 10 = 0.776 | Final Dist 100 = 1.381 | Final Dist 1000 = 1.307 | Init Dist = 12.806 | Init Dist 10 = 12.806 | Init Dist 100 = 12.806 | Init Dist 1000 = 12.806 | Learner Steps = 35455 | Learner Walltime = 7023.563 | Min Dist = 0.245 | Min Dist 10 = 0.328 | Min Dist 100 = 0.705 | Min Dist 1000 = 0.665 | Steps Per Second = 86.671 | Success = 1.000 | Success 1000 = 0.887
I0502 17:03:20.863005 139558059398720 terminal.py:91] [Actor] Actor Episodes = 45586 | Actor Steps = 2279300 | Delta Dist = 7.389 | Delta Dist 10 = 5.009 | Delta Dist 100 = 3.898 | Delta Dist 1000 = 4.374 | Episode Length = 50 | Episode Return = 35.0 | Evaluator Episodes = 11558 | Evaluator Steps = 577900 | Final Dist = 0.673 | Final Dist 10 = 1.670 | Final Dist 100 = 1.751 | Final Dist 1000 = 1.423 | Init Dist = 8.062 | Init Dist 10 = 6.679 | Init Dist 100 = 5.649 | Init Dist 1000 = 5.797 | Learner Steps = 35455 | Learner Walltime = 7023.563 | Min Dist = 0.066 | Min Dist 10 = 0.374 | Min Dist 100 = 0.347 | Min Dist 1000 = 0.168 | Steps Per Second = 81.563 | Success = 1.000 | Success 1000 = 0.992
I0502 17:03:21.082122 139557462840896 terminal.py:91] [Actor] Actor Episodes = 45591 | Actor Steps = 2279550 | Delta Dist = 6.101 | Delta Dist 10 = 5.671 | Delta Dist 100 = 3.964 | Delta Dist 1000 = 4.383 | Episode Length = 50 | Episode Return = 34.0 | Evaluator Episodes = 11558 | Evaluator Steps = 577900 | Final Dist = 1.110 | Final Dist 10 = 1.177 | Final Dist 100 = 1.756 | Final Dist 1000 = 1.423 | Init Dist = 7.211 | Init Dist 10 = 6.848 | Init Dist 100 = 5.719 | Init Dist 1000 = 5.806 | Learner Steps = 35461 | Learner Walltime = 7024.730 | Min Dist = 0.095 | Min Dist 10 = 0.139 | Min Dist 100 = 0.348 | Min Dist 1000 = 0.167 | Steps Per Second = 85.810 | Success = 1.000 | Success 1000 = 0.992
I0502 17:03:21.320353 139579566835264 terminal.py:91] [Evaluator] Actor Episodes = 45591 | Actor Steps = 2279550 | Delta Dist = 12.141 | Delta Dist 10 = 11.370 | Delta Dist 100 = 11.389 | Delta Dist 1000 = 11.494 | Episode Length = 50 | Episode Return = 20.0 | Evaluator Episodes = 11560 | Evaluator Steps = 578000 | Final Dist = 0.665 | Final Dist 10 = 1.437 | Final Dist 100 = 1.417 | Final Dist 1000 = 1.312 | Init Dist = 12.806 | Init Dist 10 = 12.806 | Init Dist 100 = 12.806 | Init Dist 1000 = 12.806 | Learner Steps = 35461 | Learner Walltime = 7024.730 | Min Dist = 0.035 | Min Dist 10 = 0.875 | Min Dist 100 = 0.756 | Min Dist 1000 = 0.671 | Steps Per Second = 76.346 | Success = 1.000 | Success 1000 = 0.886
I0502 17:03:22.584121 139579566835264 terminal.py:91] [Evaluator] Actor Episodes = 45599 | Actor Steps = 2279950 | Delta Dist = 11.975 | Delta Dist 10 = 11.333 | Delta Dist 100 = 11.387 | Delta Dist 1000 = 11.494 | Episode Length = 50 | Episode Return = 24.0 | Evaluator Episodes = 11562 | Evaluator Steps = 578100 | Final Dist = 0.831 | Final Dist 10 = 1.473 | Final Dist 100 = 1.419 | Final Dist 1000 = 1.312 | Init Dist = 12.806 | Init Dist 10 = 12.806 | Init Dist 100 = 12.806 | Init Dist 1000 = 12.806 | Learner Steps = 35467 | Learner Walltime = 7025.848 | Min Dist = 0.105 | Min Dist 10 = 0.823 | Min Dist 100 = 0.748 | Min Dist 1000 = 0.670 | Steps Per Second = 76.627 | Success = 1.000 | Success 1000 = 0.886
I0502 17:03:23.647589 139555860620864 terminal.py:91] [Actor] Actor Episodes = 45604 | Actor Steps = 2280200 | Delta Dist = 7.288 | Delta Dist 10 = 3.850 | Delta Dist 100 = 4.138 | Delta Dist 1000 = 4.396 | Episode Length = 50 | Episode Return = 30.0 | Evaluator Episodes = 11562 | Evaluator Steps = 578100 | Final Dist = 1.314 | Final Dist 10 = 1.288 | Final Dist 100 = 1.631 | Final Dist 1000 = 1.389 | Init Dist = 8.602 | Init Dist 10 = 5.138 | Init Dist 100 = 5.769 | Init Dist 1000 = 5.785 | Learner Steps = 35467 | Learner Walltime = 7025.848 | Min Dist = 0.021 | Min Dist 10 = 0.166 | Min Dist 100 = 0.160 | Min Dist 1000 = 0.162 | Steps Per Second = 82.604 | Success = 1.000 | Success 1000 = 0.993
I0502 17:03:23.754439 139579566835264 terminal.py:91] [Evaluator] Actor Episodes = 45607 | Actor Steps = 2280350 | Delta Dist = 6.630 | Delta Dist 10 = 10.886 | Delta Dist 100 = 11.338 | Delta Dist 1000 = 11.489 | Episode Length = 50 | Episode Return = 0.0 | Evaluator Episodes = 11564 | Evaluator Steps = 578200 | Final Dist = 6.177 | Final Dist 10 = 1.920 | Final Dist 100 = 1.468 | Final Dist 1000 = 1.317 | Init Dist = 12.806 | Init Dist 10 = 12.806 | Init Dist 100 = 12.806 | Init Dist 1000 = 12.806 | Learner Steps = 35473 | Learner Walltime = 7027.250 | Min Dist = 4.969 | Min Dist 10 = 1.242 | Min Dist 100 = 0.797 | Min Dist 1000 = 0.675 | Steps Per Second = 88.630 | Success = 0.000 | Success 1000 = 0.885
I0502 17:03:24.556748 139584635659840 savers.py:156] Saving checkpoint: logs/contrastive_cpc_point_FourRooms_64/5dd72662-2788-11f0-b183-d85ed38c5779/checkpoints/counter
I0502 17:03:24.823400 139555013154368 terminal.py:91] [Learner] Actor Episodes = 45609 | Actor Loss = 3.6420798301696777 | Actor Steps = 2280450 | Binary Accuracy = 0.9959361553192139 | Categorical Accuracy = 0.4085693359375 | Critic Loss = 1.8098074197769165 | Entropy Mean = -22.356414794921875 | Evaluator Episodes = 11564 | Evaluator Steps = 578200 | Learner Steps = 35482 | Learner Walltime = 7029.021 | Logits Neg = -17.077857971191406 | Logits Pos = -1.8001606464385986 | Logsumexp = 1.1802996397018433 | Steps Per Second = 146.584
I0502 17:03:24.938776 139579566835264 terminal.py:91] [Evaluator] Actor Episodes = 45615 | Actor Steps = 2280750 | Delta Dist = 12.055 | Delta Dist 10 = 10.294 | Delta Dist 100 = 11.284 | Delta Dist 1000 = 11.484 | Episode Length = 50 | Episode Return = 24.0 | Evaluator Episodes = 11566 | Evaluator Steps = 578300 | Final Dist = 0.751 | Final Dist 10 = 2.512 | Final Dist 100 = 1.522 | Final Dist 1000 = 1.322 | Init Dist = 12.806 | Init Dist 10 = 12.806 | Init Dist 100 = 12.806 | Init Dist 1000 = 12.806 | Learner Steps = 35479 | Learner Walltime = 7028.369 | Min Dist = 0.080 | Min Dist 10 = 1.774 | Min Dist 100 = 0.851 | Min Dist 1000 = 0.680 | Steps Per Second = 82.836 | Success = 1.000 | Success 1000 = 0.884
I0502 17:03:26.146441 139579566835264 terminal.py:91] [Evaluator] Actor Episodes = 45623 | Actor Steps = 2281150 | Delta Dist = 10.980 | Delta Dist 10 = 10.332 | Delta Dist 100 = 11.337 | Delta Dist 1000 = 11.484 | Episode Length = 50 | Episode Return = 1.0 | Evaluator Episodes = 11568 | Evaluator Steps = 578400 | Final Dist = 1.827 | Final Dist 10 = 2.475 | Final Dist 100 = 1.469 | Final Dist 1000 = 1.322 | Init Dist = 12.806 | Init Dist 10 = 12.806 | Init Dist 100 = 12.806 | Init Dist 1000 = 12.806 | Learner Steps = 35485 | Learner Walltime = 7029.598 | Min Dist = 0.304 | Min Dist 10 = 1.737 | Min Dist 100 = 0.798 | Min Dist 1000 = 0.680 | Steps Per Second = 87.457 | Success = 1.000 | Success 1000 = 0.884
I0502 17:03:27.372860 139579566835264 terminal.py:91] [Evaluator] Actor Episodes = 45631 | Actor Steps = 2281550 | Delta Dist = 12.266 | Delta Dist 10 = 10.880 | Delta Dist 100 = 11.329 | Delta Dist 1000 = 11.494 | Episode Length = 50 | Episode Return = 26.0 | Evaluator Episodes = 11570 | Evaluator Steps = 578500 | Final Dist = 0.541 | Final Dist 10 = 1.926 | Final Dist 100 = 1.477 | Final Dist 1000 = 1.312 | Init Dist = 12.806 | Init Dist 10 = 12.806 | Init Dist 100 = 12.806 | Init Dist 1000 = 12.806 | Learner Steps = 35492 | Learner Walltime = 7030.876 | Min Dist = 0.317 | Min Dist 10 = 1.217 | Min Dist 100 = 0.802 | Min Dist 1000 = 0.670 | Steps Per Second = 82.762 | Success = 1.000 | Success 1000 = 0.886
I0502 17:03:28.109295 139584504182336 lp_utils.py:96] StepsLimiter: Reached 2281750 recorded steps
I0502 17:03:28.381854 139569349502528 terminal.py:91] [Actor] Actor Episodes = 45639 | Actor Steps = 2281950 | Delta Dist = 3.425 | Delta Dist 10 = 4.836 | Delta Dist 100 = 4.296 | Delta Dist 1000 = 4.381 | Episode Length = 50 | Episode Return = 31.0 | Evaluator Episodes = 11570 | Evaluator Steps = 578500 | Final Dist = 0.817 | Final Dist 10 = 0.703 | Final Dist 100 = 1.769 | Final Dist 1000 = 1.399 | Init Dist = 4.243 | Init Dist 10 = 5.540 | Init Dist 100 = 6.065 | Init Dist 1000 = 5.780 | Learner Steps = 35498 | Learner Walltime = 7032.063 | Min Dist = 0.045 | Min Dist 10 = 0.228 | Min Dist 100 = 0.264 | Min Dist 1000 = 0.168 | Steps Per Second = 81.821 | Success = 1.000 | Success 1000 = 0.994
I0502 17:03:28.614107 139579566835264 terminal.py:91] [Evaluator] Actor Episodes = 45639 | Actor Steps = 2281950 | Delta Dist = 11.079 | Delta Dist 10 = 10.962 | Delta Dist 100 = 11.347 | Delta Dist 1000 = 11.501 | Episode Length = 50 | Episode Return = 0.0 | Evaluator Episodes = 11572 | Evaluator Steps = 578600 | Final Dist = 1.727 | Final Dist 10 = 1.844 | Final Dist 100 = 1.459 | Final Dist 1000 = 1.305 | Init Dist = 12.806 | Init Dist 10 = 12.806 | Init Dist 100 = 12.806 | Init Dist 1000 = 12.806 | Learner Steps = 35498 | Learner Walltime = 7032.063 | Min Dist = 1.310 | Min Dist 10 = 1.255 | Min Dist 100 = 0.785 | Min Dist 1000 = 0.665 | Steps Per Second = 81.939 | Success = 0.000 | Success 1000 = 0.887
I0502 17:03:29.835415 139579566835264 terminal.py:91] [Evaluator] Actor Episodes = 45647 | Actor Steps = 2282350 | Delta Dist = 12.285 | Delta Dist 10 = 11.388 | Delta Dist 100 = 11.335 | Delta Dist 1000 = 11.505 | Episode Length = 50 | Episode Return = 23.0 | Evaluator Episodes = 11574 | Evaluator Steps = 578700 | Final Dist = 0.521 | Final Dist 10 = 1.418 | Final Dist 100 = 1.471 | Final Dist 1000 = 1.301 | Init Dist = 12.806 | Init Dist 10 = 12.806 | Init Dist 100 = 12.806 | Init Dist 1000 = 12.806 | Learner Steps = 35504 | Learner Walltime = 7033.142 | Min Dist = 0.169 | Min Dist 10 = 0.864 | Min Dist 100 = 0.799 | Min Dist 1000 = 0.661 | Steps Per Second = 86.206 | Success = 1.000 | Success 1000 = 0.887
I0502 17:03:31.015920 139579566835264 terminal.py:91] [Evaluator] Actor Episodes = 45655 | Actor Steps = 2282750 | Delta Dist = 11.731 | Delta Dist 10 = 11.864 | Delta Dist 100 = 11.370 | Delta Dist 1000 = 11.507 | Episode Length = 50 | Episode Return = 10.0 | Evaluator Episodes = 11576 | Evaluator Steps = 578800 | Final Dist = 1.075 | Final Dist 10 = 0.942 | Final Dist 100 = 1.436 | Final Dist 1000 = 1.300 | Init Dist = 12.806 | Init Dist 10 = 12.806 | Init Dist 100 = 12.806 | Init Dist 1000 = 12.806 | Learner Steps = 35511 | Learner Walltime = 7034.528 | Min Dist = 0.236 | Min Dist 10 = 0.392 | Min Dist 100 = 0.754 | Min Dist 1000 = 0.661 | Steps Per Second = 86.211 | Success = 1.000 | Success 1000 = 0.887
I0502 17:03:31.372655 139558059398720 terminal.py:91] [Actor] Actor Episodes = 45657 | Actor Steps = 2282850 | Delta Dist = 2.469 | Delta Dist 10 = 2.410 | Delta Dist 100 = 4.233 | Delta Dist 1000 = 4.371 | Episode Length = 50 | Episode Return = 32.0 | Evaluator Episodes = 11576 | Evaluator Steps = 578800 | Final Dist = 0.693 | Final Dist 10 = 2.385 | Final Dist 100 = 1.404 | Final Dist 1000 = 1.398 | Init Dist = 3.162 | Init Dist 10 = 4.796 | Init Dist 100 = 5.637 | Init Dist 1000 = 5.769 | Learner Steps = 35511 | Learner Walltime = 7034.528 | Min Dist = 0.026 | Min Dist 10 = 0.938 | Min Dist 100 = 0.328 | Min Dist 1000 = 0.178 | Steps Per Second = 79.548 | Success = 1.000 | Success 1000 = 0.995
I0502 17:03:31.401640 139557462840896 terminal.py:91] [Actor] Actor Episodes = 45656 | Actor Steps = 2282800 | Delta Dist = -0.540 | Delta Dist 10 = 2.611 | Delta Dist 100 = 4.258 | Delta Dist 1000 = 4.367 | Episode Length = 50 | Episode Return = 0.0 | Evaluator Episodes = 11574 | Evaluator Steps = 578700 | Final Dist = 8.602 | Final Dist 10 = 2.401 | Final Dist 100 = 1.400 | Final Dist 1000 = 1.396 | Init Dist = 8.062 | Init Dist 10 = 5.012 | Init Dist 100 = 5.658 | Init Dist 1000 = 5.763 | Learner Steps = 35511 | Learner Walltime = 7034.528 | Min Dist = 0.017 | Min Dist 10 = 0.931 | Min Dist 100 = 0.326 | Min Dist 1000 = 0.178 | Steps Per Second = 76.071 | Success = 1.000 | Success 1000 = 0.995
I0502 17:03:32.222713 139579566835264 terminal.py:91] [Evaluator] Actor Episodes = 45663 | Actor Steps = 2283150 | Delta Dist = 12.464 | Delta Dist 10 = 11.814 | Delta Dist 100 = 11.371 | Delta Dist 1000 = 11.506 | Episode Length = 50 | Episode Return = 22.0 | Evaluator Episodes = 11578 | Evaluator Steps = 578900 | Final Dist = 0.342 | Final Dist 10 = 0.992 | Final Dist 100 = 1.435 | Final Dist 1000 = 1.300 | Init Dist = 12.806 | Init Dist 10 = 12.806 | Init Dist 100 = 12.806 | Init Dist 1000 = 12.806 | Learner Steps = 35517 | Learner Walltime = 7035.665 | Min Dist = 0.240 | Min Dist 10 = 0.391 | Min Dist 100 = 0.753 | Min Dist 1000 = 0.661 | Steps Per Second = 86.189 | Success = 1.000 | Success 1000 = 0.887
I0502 17:03:33.461536 139579566835264 terminal.py:91] [Evaluator] Actor Episodes = 45671 | Actor Steps = 2283550 | Delta Dist = 10.593 | Delta Dist 10 = 11.951 | Delta Dist 100 = 11.384 | Delta Dist 1000 = 11.507 | Episode Length = 50 | Episode Return = 0.0 | Evaluator Episodes = 11580 | Evaluator Steps = 579000 | Final Dist = 2.213 | Final Dist 10 = 0.855 | Final Dist 100 = 1.422 | Final Dist 1000 = 1.299 | Init Dist = 12.806 | Init Dist 10 = 12.806 | Init Dist 100 = 12.806 | Init Dist 1000 = 12.806 | Learner Steps = 35523 | Learner Walltime = 7036.810 | Min Dist = 1.251 | Min Dist 10 = 0.396 | Min Dist 100 = 0.754 | Min Dist 1000 = 0.660 | Steps Per Second = 79.356 | Success = 0.000 | Success 1000 = 0.887
I0502 17:03:34.151782 139555860620864 terminal.py:91] [Actor] Actor Episodes = 45675 | Actor Steps = 2283750 | Delta Dist = 8.040 | Delta Dist 10 = 3.559 | Delta Dist 100 = 4.082 | Delta Dist 1000 = 4.347 | Episode Length = 50 | Episode Return = 36.0 | Evaluator Episodes = 11580 | Evaluator Steps = 579000 | Final Dist = 0.504 | Final Dist 10 = 1.454 | Final Dist 100 = 1.704 | Final Dist 1000 = 1.421 | Init Dist = 8.544 | Init Dist 10 = 5.014 | Init Dist 100 = 5.786 | Init Dist 1000 = 5.769 | Learner Steps = 35528 | Learner Walltime = 7037.812 | Min Dist = 0.034 | Min Dist 10 = 0.061 | Min Dist 100 = 0.319 | Min Dist 1000 = 0.177 | Steps Per Second = 74.542 | Success = 1.000 | Success 1000 = 0.995
I0502 17:03:34.721404 139579566835264 terminal.py:91] [Evaluator] Actor Episodes = 45679 | Actor Steps = 2283950 | Delta Dist = 11.461 | Delta Dist 10 = 11.749 | Delta Dist 100 = 11.380 | Delta Dist 1000 = 11.506 | Episode Length = 50 | Episode Return = 10.0 | Evaluator Episodes = 11582 | Evaluator Steps = 579100 | Final Dist = 1.345 | Final Dist 10 = 1.057 | Final Dist 100 = 1.427 | Final Dist 1000 = 1.300 | Init Dist = 12.806 | Init Dist 10 = 12.806 | Init Dist 100 = 12.806 | Init Dist 1000 = 12.806 | Learner Steps = 35528 | Learner Walltime = 7037.812 | Min Dist = 0.418 | Min Dist 10 = 0.492 | Min Dist 100 = 0.762 | Min Dist 1000 = 0.662 | Steps Per Second = 80.230 | Success = 1.000 | Success 1000 = 0.886
I0502 17:03:34.885349 139555013154368 terminal.py:91] [Learner] Actor Episodes = 45679 | Actor Loss = 3.698714017868042 | Actor Steps = 2283950 | Binary Accuracy = 0.9960756301879883 | Categorical Accuracy = 0.42730712890625 | Critic Loss = 1.7373069524765015 | Entropy Mean = -22.635604858398438 | Evaluator Episodes = 11582 | Evaluator Steps = 579100 | Learner Steps = 35534 | Learner Walltime = 7039.078 | Logits Neg = -17.32528305053711 | Logits Pos = -1.7188035249710083 | Logsumexp = 1.0545707941055298 | Steps Per Second = 212.975
I0502 17:03:35.936988 139579566835264 terminal.py:91] [Evaluator] Actor Episodes = 45687 | Actor Steps = 2284350 | Delta Dist = 11.363 | Delta Dist 10 = 11.690 | Delta Dist 100 = 11.368 | Delta Dist 1000 = 11.506 | Episode Length = 50 | Episode Return = 12.0 | Evaluator Episodes = 11584 | Evaluator Steps = 579200 | Final Dist = 1.444 | Final Dist 10 = 1.116 | Final Dist 100 = 1.438 | Final Dist 1000 = 1.300 | Init Dist = 12.806 | Init Dist 10 = 12.806 | Init Dist 100 = 12.806 | Init Dist 1000 = 12.806 | Learner Steps = 35534 | Learner Walltime = 7039.078 | Min Dist = 0.077 | Min Dist 10 = 0.440 | Min Dist 100 = 0.766 | Min Dist 1000 = 0.660 | Steps Per Second = 82.017 | Success = 1.000 | Success 1000 = 0.887
I0502 17:03:36.284214 139583350109760 savers.py:156] Saving checkpoint: logs/contrastive_cpc_point_FourRooms_64/5dd72662-2788-11f0-b183-d85ed38c5779/checkpoints/learner
I0502 17:03:37.154054 139579566835264 terminal.py:91] [Evaluator] Actor Episodes = 45695 | Actor Steps = 2284750 | Delta Dist = 10.897 | Delta Dist 10 = 11.785 | Delta Dist 100 = 11.418 | Delta Dist 1000 = 11.506 | Episode Length = 50 | Episode Return = 0.0 | Evaluator Episodes = 11586 | Evaluator Steps = 579300 | Final Dist = 1.909 | Final Dist 10 = 1.022 | Final Dist 100 = 1.388 | Final Dist 1000 = 1.300 | Init Dist = 12.806 | Init Dist 10 = 12.806 | Init Dist 100 = 12.806 | Init Dist 1000 = 12.806 | Learner Steps = 35540 | Learner Walltime = 7040.485 | Min Dist = 1.201 | Min Dist 10 = 0.372 | Min Dist 100 = 0.715 | Min Dist 1000 = 0.660 | Steps Per Second = 83.103 | Success = 0.000 | Success 1000 = 0.887
I0502 17:03:38.134036 139584504182336 lp_utils.py:96] StepsLimiter: Reached 2285050 recorded steps
I0502 17:03:38.330350 139579566835264 terminal.py:91] [Evaluator] Actor Episodes = 45703 | Actor Steps = 2285150 | Delta Dist = 12.476 | Delta Dist 10 = 11.571 | Delta Dist 100 = 11.398 | Delta Dist 1000 = 11.503 | Episode Length = 50 | Episode Return = 20.0 | Evaluator Episodes = 11588 | Evaluator Steps = 579400 | Final Dist = 0.331 | Final Dist 10 = 1.235 | Final Dist 100 = 1.408 | Final Dist 1000 = 1.303 | Init Dist = 12.806 | Init Dist 10 = 12.806 | Init Dist 100 = 12.806 | Init Dist 1000 = 12.806 | Learner Steps = 35544 | Learner Walltime = 7041.520 | Min Dist = 0.241 | Min Dist 10 = 0.544 | Min Dist 100 = 0.729 | Min Dist 1000 = 0.662 | Steps Per Second = 91.087 | Success = 1.000 | Success 1000 = 0.886
I0502 17:03:38.592816 139569349502528 terminal.py:91] [Actor] Actor Episodes = 45702 | Actor Steps = 2285100 | Delta Dist = 3.032 | Delta Dist 10 = 5.458 | Delta Dist 100 = 4.199 | Delta Dist 1000 = 4.373 | Episode Length = 50 | Episode Return = 38.0 | Evaluator Episodes = 11586 | Evaluator Steps = 579300 | Final Dist = 0.130 | Final Dist 10 = 0.598 | Final Dist 100 = 1.553 | Final Dist 1000 = 1.423 | Init Dist = 3.162 | Init Dist 10 = 6.056 | Init Dist 100 = 5.752 | Init Dist 1000 = 5.796 | Learner Steps = 35544 | Learner Walltime = 7041.520 | Min Dist = 0.130 | Min Dist 10 = 0.084 | Min Dist 100 = 0.283 | Min Dist 1000 = 0.174 | Steps Per Second = 86.078 | Success = 1.000 | Success 1000 = 0.995
I0502 17:03:39.606206 139579566835264 terminal.py:91] [Evaluator] Actor Episodes = 45711 | Actor Steps = 2285550 | Delta Dist = 11.780 | Delta Dist 10 = 11.540 | Delta Dist 100 = 11.403 | Delta Dist 1000 = 11.504 | Episode Length = 50 | Episode Return = 23.0 | Evaluator Episodes = 11590 | Evaluator Steps = 579500 | Final Dist = 1.026 | Final Dist 10 = 1.266 | Final Dist 100 = 1.403 | Final Dist 1000 = 1.302 | Init Dist = 12.806 | Init Dist 10 = 12.806 | Init Dist 100 = 12.806 | Init Dist 1000 = 12.806 | Learner Steps = 35557 | Learner Walltime = 7043.607 | Min Dist = 0.122 | Min Dist 10 = 0.519 | Min Dist 100 = 0.731 | Min Dist 1000 = 0.662 | Steps Per Second = 73.891 | Success = 1.000 | Success 1000 = 0.886
I0502 17:03:40.757396 139579566835264 terminal.py:91] [Evaluator] Actor Episodes = 45717 | Actor Steps = 2285850 | Delta Dist = 11.523 | Delta Dist 10 = 11.557 | Delta Dist 100 = 11.389 | Delta Dist 1000 = 11.503 | Episode Length = 50 | Episode Return = 3.0 | Evaluator Episodes = 11592 | Evaluator Steps = 579600 | Final Dist = 1.284 | Final Dist 10 = 1.249 | Final Dist 100 = 1.418 | Final Dist 1000 = 1.303 | Init Dist = 12.806 | Init Dist 10 = 12.806 | Init Dist 100 = 12.806 | Init Dist 1000 = 12.806 | Learner Steps = 35562 | Learner Walltime = 7044.778 | Min Dist = 0.243 | Min Dist 10 = 0.424 | Min Dist 100 = 0.735 | Min Dist 1000 = 0.662 | Steps Per Second = 86.067 | Success = 1.000 | Success 1000 = 0.886
I0502 17:03:41.615103 139558059398720 terminal.py:91] [Actor] Actor Episodes = 45722 | Actor Steps = 2286100 | Delta Dist = 6.796 | Delta Dist 10 = 3.902 | Delta Dist 100 = 4.293 | Delta Dist 1000 = 4.399 | Episode Length = 50 | Episode Return = 38.0 | Evaluator Episodes = 11592 | Evaluator Steps = 579600 | Final Dist = 0.275 | Final Dist 10 = 1.618 | Final Dist 100 = 1.389 | Final Dist 1000 = 1.406 | Init Dist = 7.071 | Init Dist 10 = 5.520 | Init Dist 100 = 5.683 | Init Dist 1000 = 5.806 | Learner Steps = 35562 | Learner Walltime = 7044.778 | Min Dist = 0.029 | Min Dist 10 = 0.128 | Min Dist 100 = 0.259 | Min Dist 1000 = 0.180 | Steps Per Second = 86.666 | Success = 1.000 | Success 1000 = 0.995
I0502 17:03:41.911101 139557462840896 terminal.py:91] [Actor] Actor Episodes = 45727 | Actor Steps = 2286350 | Delta Dist = 3.864 | Delta Dist 10 = 2.795 | Delta Dist 100 = 4.230 | Delta Dist 1000 = 4.397 | Episode Length = 50 | Episode Return = 39.0 | Evaluator Episodes = 11592 | Evaluator Steps = 579600 | Final Dist = 0.259 | Final Dist 10 = 2.777 | Final Dist 100 = 1.506 | Final Dist 1000 = 1.409 | Init Dist = 4.123 | Init Dist 10 = 5.572 | Init Dist 100 = 5.736 | Init Dist 1000 = 5.806 | Learner Steps = 35568 | Learner Walltime = 7045.913 | Min Dist = 0.001 | Min Dist 10 = 0.828 | Min Dist 100 = 0.330 | Min Dist 1000 = 0.188 | Steps Per Second = 83.163 | Success = 1.000 | Success 1000 = 0.995
I0502 17:03:41.932240 139579566835264 terminal.py:91] [Evaluator] Actor Episodes = 45727 | Actor Steps = 2286350 | Delta Dist = 6.463 | Delta Dist 10 = 10.845 | Delta Dist 100 = 11.307 | Delta Dist 1000 = 11.494 | Episode Length = 50 | Episode Return = 0.0 | Evaluator Episodes = 11594 | Evaluator Steps = 579700 | Final Dist = 6.343 | Final Dist 10 = 1.961 | Final Dist 100 = 1.499 | Final Dist 1000 = 1.312 | Init Dist = 12.806 | Init Dist 10 = 12.806 | Init Dist 100 = 12.806 | Init Dist 1000 = 12.806 | Learner Steps = 35568 | Learner Walltime = 7045.913 | Min Dist = 5.248 | Min Dist 10 = 1.201 | Min Dist 100 = 0.818 | Min Dist 1000 = 0.670 | Steps Per Second = 80.591 | Success = 0.000 | Success 1000 = 0.885
I0502 17:03:43.128213 139579566835264 terminal.py:91] [Evaluator] Actor Episodes = 45735 | Actor Steps = 2286750 | Delta Dist = 12.379 | Delta Dist 10 = 10.263 | Delta Dist 100 = 11.249 | Delta Dist 1000 = 11.488 | Episode Length = 50 | Episode Return = 27.0 | Evaluator Episodes = 11596 | Evaluator Steps = 579800 | Final Dist = 0.427 | Final Dist 10 = 2.543 | Final Dist 100 = 1.557 | Final Dist 1000 = 1.318 | Init Dist = 12.806 | Init Dist 10 = 12.806 | Init Dist 100 = 12.806 | Init Dist 1000 = 12.806 | Learner Steps = 35576 | Learner Walltime = 7047.207 | Min Dist = 0.068 | Min Dist 10 = 1.688 | Min Dist 100 = 0.869 | Min Dist 1000 = 0.674 | Steps Per Second = 84.417 | Success = 1.000 | Success 1000 = 0.884
I0502 17:03:44.198670 139555860620864 terminal.py:91] [Actor] Actor Episodes = 45739 | Actor Steps = 2286950 | Delta Dist = 7.607 | Delta Dist 10 = 3.672 | Delta Dist 100 = 4.203 | Delta Dist 1000 = 4.391 | Episode Length = 50 | Episode Return = 37.0 | Evaluator Episodes = 11596 | Evaluator Steps = 579800 | Final Dist = 0.203 | Final Dist 10 = 1.408 | Final Dist 100 = 1.569 | Final Dist 1000 = 1.395 | Init Dist = 7.810 | Init Dist 10 = 5.081 | Init Dist 100 = 5.771 | Init Dist 1000 = 5.786 | Learner Steps = 35582 | Learner Walltime = 7048.321 | Min Dist = 0.151 | Min Dist 10 = 0.115 | Min Dist 100 = 0.317 | Min Dist 1000 = 0.186 | Steps Per Second = 77.889 | Success = 1.000 | Success 1000 = 0.996
I0502 17:03:44.339962 139579566835264 terminal.py:91] [Evaluator] Actor Episodes = 45741 | Actor Steps = 2287050 | Delta Dist = 11.149 | Delta Dist 10 = 10.017 | Delta Dist 100 = 11.205 | Delta Dist 1000 = 11.483 | Episode Length = 50 | Episode Return = 27.0 | Evaluator Episodes = 11598 | Evaluator Steps = 579900 | Final Dist = 1.657 | Final Dist 10 = 2.789 | Final Dist 100 = 1.602 | Final Dist 1000 = 1.323 | Init Dist = 12.806 | Init Dist 10 = 12.806 | Init Dist 100 = 12.806 | Init Dist 1000 = 12.806 | Learner Steps = 35582 | Learner Walltime = 7048.321 | Min Dist = 0.164 | Min Dist 10 = 2.004 | Min Dist 100 = 0.914 | Min Dist 1000 = 0.679 | Steps Per Second = 86.764 | Success = 1.000 | Success 1000 = 0.883
I0502 17:03:44.987081 139555013154368 terminal.py:91] [Learner] Actor Episodes = 45737 | Actor Loss = 3.789768934249878 | Actor Steps = 2286850 | Binary Accuracy = 0.9960153102874756 | Categorical Accuracy = 0.41387939453125 | Critic Loss = 1.786128282546997 | Entropy Mean = -23.850379943847656 | Evaluator Episodes = 11596 | Evaluator Steps = 579800 | Learner Steps = 35586 | Learner Walltime = 7049.185 | Logits Neg = -17.290746688842773 | Logits Pos = -1.7656357288360596 | Logsumexp = 1.1436400413513184 | Steps Per Second = 269.533
I0502 17:03:45.566602 139579566835264 terminal.py:91] [Evaluator] Actor Episodes = 45749 | Actor Steps = 2287450 | Delta Dist = 12.588 | Delta Dist 10 = 9.908 | Delta Dist 100 = 11.213 | Delta Dist 1000 = 11.483 | Episode Length = 50 | Episode Return = 30.0 | Evaluator Episodes = 11600 | Evaluator Steps = 580000 | Final Dist = 0.219 | Final Dist 10 = 2.898 | Final Dist 100 = 1.593 | Final Dist 1000 = 1.324 | Init Dist = 12.806 | Init Dist 10 = 12.806 | Init Dist 100 = 12.806 | Init Dist 1000 = 12.806 | Learner Steps = 35587 | Learner Walltime = 7049.389 | Min Dist = 0.101 | Min Dist 10 = 2.000 | Min Dist 100 = 0.913 | Min Dist 1000 = 0.679 | Steps Per Second = 80.604 | Success = 1.000 | Success 1000 = 0.883
I0502 17:03:46.738158 139579566835264 terminal.py:91] [Evaluator] Actor Episodes = 45757 | Actor Steps = 2287850 | Delta Dist = 11.566 | Delta Dist 10 = 10.086 | Delta Dist 100 = 11.220 | Delta Dist 1000 = 11.484 | Episode Length = 50 | Episode Return = 7.0 | Evaluator Episodes = 11602 | Evaluator Steps = 580100 | Final Dist = 1.241 | Final Dist 10 = 2.720 | Final Dist 100 = 1.586 | Final Dist 1000 = 1.322 | Init Dist = 12.806 | Init Dist 10 = 12.806 | Init Dist 100 = 12.806 | Init Dist 1000 = 12.806 | Learner Steps = 35592 | Learner Walltime = 7050.462 | Min Dist = 0.280 | Min Dist 10 = 1.975 | Min Dist 100 = 0.915 | Min Dist 1000 = 0.679 | Steps Per Second = 87.992 | Success = 1.000 | Success 1000 = 0.883
I0502 17:03:47.879243 139579566835264 terminal.py:91] [Evaluator] Actor Episodes = 45765 | Actor Steps = 2288250 | Delta Dist = 11.487 | Delta Dist 10 = 10.954 | Delta Dist 100 = 11.217 | Delta Dist 1000 = 11.485 | Episode Length = 50 | Episode Return = 11.0 | Evaluator Episodes = 11604 | Evaluator Steps = 580200 | Final Dist = 1.319 | Final Dist 10 = 1.852 | Final Dist 100 = 1.589 | Final Dist 1000 = 1.321 | Init Dist = 12.806 | Init Dist 10 = 12.806 | Init Dist 100 = 12.806 | Init Dist 1000 = 12.806 | Learner Steps = 35598 | Learner Walltime = 7051.582 | Min Dist = 0.178 | Min Dist 10 = 1.135 | Min Dist 100 = 0.915 | Min Dist 1000 = 0.679 | Steps Per Second = 91.780 | Success = 1.000 | Success 1000 = 0.883
I0502 17:03:48.153192 139584504182336 lp_utils.py:96] StepsLimiter: Reached 2288450 recorded steps
I0502 17:03:49.033202 139569349502528 terminal.py:91] [Actor] Actor Episodes = 45771 | Actor Steps = 2288550 | Delta Dist = 6.294 | Delta Dist 10 = 5.601 | Delta Dist 100 = 4.644 | Delta Dist 1000 = 4.399 | Episode Length = 50 | Episode Return = 38.0 | Evaluator Episodes = 11604 | Evaluator Steps = 580200 | Final Dist = 0.706 | Final Dist 10 = 1.386 | Final Dist 100 = 1.289 | Final Dist 1000 = 1.383 | Init Dist = 7.000 | Init Dist 10 = 6.988 | Init Dist 100 = 5.932 | Init Dist 1000 = 5.782 | Learner Steps = 35604 | Learner Walltime = 7052.825 | Min Dist = 0.001 | Min Dist 10 = 0.102 | Min Dist 100 = 0.305 | Min Dist 1000 = 0.190 | Steps Per Second = 77.528 | Success = 1.000 | Success 1000 = 0.996
I0502 17:03:49.162653 139579566835264 terminal.py:91] [Evaluator] Actor Episodes = 45773 | Actor Steps = 2288650 | Delta Dist = 12.183 | Delta Dist 10 = 11.470 | Delta Dist 100 = 11.212 | Delta Dist 1000 = 11.485 | Episode Length = 50 | Episode Return = 26.0 | Evaluator Episodes = 11606 | Evaluator Steps = 580300 | Final Dist = 0.623 | Final Dist 10 = 1.336 | Final Dist 100 = 1.594 | Final Dist 1000 = 1.321 | Init Dist = 12.806 | Init Dist 10 = 12.806 | Init Dist 100 = 12.806 | Init Dist 1000 = 12.806 | Learner Steps = 35604 | Learner Walltime = 7052.825 | Min Dist = 0.122 | Min Dist 10 = 0.628 | Min Dist 100 = 0.903 | Min Dist 1000 = 0.679 | Steps Per Second = 77.269 | Success = 1.000 | Success 1000 = 0.883
I0502 17:03:50.339488 139579566835264 terminal.py:91] [Evaluator] Actor Episodes = 45781 | Actor Steps = 2289050 | Delta Dist = 11.259 | Delta Dist 10 = 12.017 | Delta Dist 100 = 11.221 | Delta Dist 1000 = 11.489 | Episode Length = 50 | Episode Return = 11.0 | Evaluator Episodes = 11608 | Evaluator Steps = 580400 | Final Dist = 1.547 | Final Dist 10 = 0.790 | Final Dist 100 = 1.585 | Final Dist 1000 = 1.318 | Init Dist = 12.806 | Init Dist 10 = 12.806 | Init Dist 100 = 12.806 | Init Dist 1000 = 12.806 | Learner Steps = 35610 | Learner Walltime = 7054.016 | Min Dist = 0.322 | Min Dist 10 = 0.150 | Min Dist 100 = 0.904 | Min Dist 1000 = 0.676 | Steps Per Second = 81.324 | Success = 1.000 | Success 1000 = 0.884
I0502 17:03:51.584322 139579566835264 terminal.py:91] [Evaluator] Actor Episodes = 45789 | Actor Steps = 2289450 | Delta Dist = 12.684 | Delta Dist 10 = 11.963 | Delta Dist 100 = 11.226 | Delta Dist 1000 = 11.487 | Episode Length = 50 | Episode Return = 12.0 | Evaluator Episodes = 11610 | Evaluator Steps = 580500 | Final Dist = 0.123 | Final Dist 10 = 0.843 | Final Dist 100 = 1.580 | Final Dist 1000 = 1.319 | Init Dist = 12.806 | Init Dist 10 = 12.806 | Init Dist 100 = 12.806 | Init Dist 1000 = 12.806 | Learner Steps = 35617 | Learner Walltime = 7055.257 | Min Dist = 0.088 | Min Dist 10 = 0.174 | Min Dist 100 = 0.905 | Min Dist 1000 = 0.677 | Steps Per Second = 82.856 | Success = 1.000 | Success 1000 = 0.884
I0502 17:03:51.824692 139558059398720 terminal.py:91] [Actor] Actor Episodes = 45793 | Actor Steps = 2289650 | Delta Dist = 0.000 | Delta Dist 10 = 4.214 | Delta Dist 100 = 4.422 | Delta Dist 1000 = 4.389 | Episode Length = 50 | Episode Return = 41.0 | Evaluator Episodes = 11610 | Evaluator Steps = 580500 | Final Dist = 4.472 | Final Dist 10 = 1.197 | Final Dist 100 = 1.301 | Final Dist 1000 = 1.380 | Init Dist = 4.472 | Init Dist 10 = 5.411 | Init Dist 100 = 5.723 | Init Dist 1000 = 5.769 | Learner Steps = 35617 | Learner Walltime = 7055.257 | Min Dist = 4.472 | Min Dist 10 = 0.209 | Min Dist 100 = 0.331 | Min Dist 1000 = 0.192 | Steps Per Second = 79.650 | Success = 0.000 | Success 1000 = 0.996
I0502 17:03:52.396466 139557462840896 terminal.py:91] [Actor] Actor Episodes = 45792 | Actor Steps = 2289600 | Delta Dist = 8.649 | Delta Dist 10 = 3.976 | Delta Dist 100 = 4.465 | Delta Dist 1000 = 4.392 | Episode Length = 50 | Episode Return = 46.0 | Evaluator Episodes = 11610 | Evaluator Steps = 580500 | Final Dist = 0.785 | Final Dist 10 = 0.818 | Final Dist 100 = 1.262 | Final Dist 1000 = 1.383 | Init Dist = 9.434 | Init Dist 10 = 4.794 | Init Dist 100 = 5.727 | Init Dist 1000 = 5.776 | Learner Steps = 35617 | Learner Walltime = 7055.257 | Min Dist = 0.785 | Min Dist 10 = 0.612 | Min Dist 100 = 0.375 | Min Dist 1000 = 0.196 | Steps Per Second = 86.932 | Success = 1.000 | Success 1000 = 0.996
I0502 17:03:52.786945 139579566835264 terminal.py:91] [Evaluator] Actor Episodes = 45797 | Actor Steps = 2289850 | Delta Dist = 11.144 | Delta Dist 10 = 12.003 | Delta Dist 100 = 11.240 | Delta Dist 1000 = 11.488 | Episode Length = 50 | Episode Return = 14.0 | Evaluator Episodes = 11612 | Evaluator Steps = 580600 | Final Dist = 1.662 | Final Dist 10 = 0.804 | Final Dist 100 = 1.567 | Final Dist 1000 = 1.318 | Init Dist = 12.806 | Init Dist 10 = 12.806 | Init Dist 100 = 12.806 | Init Dist 1000 = 12.806 | Learner Steps = 35622 | Learner Walltime = 7056.427 | Min Dist = 0.083 | Min Dist 10 = 0.160 | Min Dist 100 = 0.900 | Min Dist 1000 = 0.676 | Steps Per Second = 86.341 | Success = 1.000 | Success 1000 = 0.884
I0502 17:03:53.909099 139579566835264 terminal.py:91] [Evaluator] Actor Episodes = 45805 | Actor Steps = 2290250 | Delta Dist = 11.400 | Delta Dist 10 = 11.875 | Delta Dist 100 = 11.286 | Delta Dist 1000 = 11.488 | Episode Length = 50 | Episode Return = 17.0 | Evaluator Episodes = 11614 | Evaluator Steps = 580700 | Final Dist = 1.406 | Final Dist 10 = 0.931 | Final Dist 100 = 1.521 | Final Dist 1000 = 1.318 | Init Dist = 12.806 | Init Dist 10 = 12.806 | Init Dist 100 = 12.806 | Init Dist 1000 = 12.806 | Learner Steps = 35629 | Learner Walltime = 7057.620 | Min Dist = 0.196 | Min Dist 10 = 0.164 | Min Dist 100 = 0.849 | Min Dist 1000 = 0.677 | Steps Per Second = 87.857 | Success = 1.000 | Success 1000 = 0.884
I0502 17:03:54.496090 139555860620864 terminal.py:91] [Actor] Actor Episodes = 45806 | Actor Steps = 2290300 | Delta Dist = 5.414 | Delta Dist 10 = 3.938 | Delta Dist 100 = 4.331 | Delta Dist 1000 = 4.386 | Episode Length = 50 | Episode Return = 45.0 | Evaluator Episodes = 11612 | Evaluator Steps = 580600 | Final Dist = 0.910 | Final Dist 10 = 2.798 | Final Dist 100 = 1.519 | Final Dist 1000 = 1.404 | Init Dist = 6.325 | Init Dist 10 = 6.736 | Init Dist 100 = 5.850 | Init Dist 1000 = 5.789 | Learner Steps = 35629 | Learner Walltime = 7057.620 | Min Dist = 0.165 | Min Dist 10 = 1.955 | Min Dist 100 = 0.569 | Min Dist 1000 = 0.216 | Steps Per Second = 75.976 | Success = 1.000 | Success 1000 = 0.996
I0502 17:03:55.006752 139555013154368 terminal.py:91] [Learner] Actor Episodes = 45809 | Actor Loss = 3.7185771465301514 | Actor Steps = 2290450 | Binary Accuracy = 0.9961414337158203 | Categorical Accuracy = 0.43145751953125 | Critic Loss = 1.774375557899475 | Entropy Mean = -23.452640533447266 | Evaluator Episodes = 11614 | Evaluator Steps = 580700 | Learner Steps = 35638 | Learner Walltime = 7059.202 | Logits Neg = -17.113964080810547 | Logits Pos = -1.7563378810882568 | Logsumexp = 1.044999361038208 | Steps Per Second = 1359.456
I0502 17:03:55.170564 139579566835264 terminal.py:91] [Evaluator] Actor Episodes = 45813 | Actor Steps = 2290650 | Delta Dist = 11.298 | Delta Dist 10 = 11.830 | Delta Dist 100 = 11.279 | Delta Dist 1000 = 11.487 | Episode Length = 50 | Episode Return = 9.0 | Evaluator Episodes = 11616 | Evaluator Steps = 580800 | Final Dist = 1.508 | Final Dist 10 = 0.976 | Final Dist 100 = 1.528 | Final Dist 1000 = 1.320 | Init Dist = 12.806 | Init Dist 10 = 12.806 | Init Dist 100 = 12.806 | Init Dist 1000 = 12.806 | Learner Steps = 35635 | Learner Walltime = 7058.785 | Min Dist = 0.445 | Min Dist 10 = 0.285 | Min Dist 100 = 0.860 | Min Dist 1000 = 0.677 | Steps Per Second = 78.507 | Success = 1.000 | Success 1000 = 0.883
I0502 17:03:56.390907 139579566835264 terminal.py:91] [Evaluator] Actor Episodes = 45821 | Actor Steps = 2291050 | Delta Dist = 12.719 | Delta Dist 10 = 11.590 | Delta Dist 100 = 11.266 | Delta Dist 1000 = 11.484 | Episode Length = 50 | Episode Return = 9.0 | Evaluator Episodes = 11618 | Evaluator Steps = 580900 | Final Dist = 0.087 | Final Dist 10 = 1.216 | Final Dist 100 = 1.541 | Final Dist 1000 = 1.322 | Init Dist = 12.806 | Init Dist 10 = 12.806 | Init Dist 100 = 12.806 | Init Dist 1000 = 12.806 | Learner Steps = 35642 | Learner Walltime = 7060.104 | Min Dist = 0.083 | Min Dist 10 = 0.450 | Min Dist 100 = 0.879 | Min Dist 1000 = 0.679 | Steps Per Second = 77.062 | Success = 1.000 | Success 1000 = 0.882
I0502 17:03:57.625790 139579566835264 terminal.py:91] [Evaluator] Actor Episodes = 45829 | Actor Steps = 2291450 | Delta Dist = 12.427 | Delta Dist 10 = 11.685 | Delta Dist 100 = 11.354 | Delta Dist 1000 = 11.484 | Episode Length = 50 | Episode Return = 28.0 | Evaluator Episodes = 11620 | Evaluator Steps = 581000 | Final Dist = 0.379 | Final Dist 10 = 1.121 | Final Dist 100 = 1.452 | Final Dist 1000 = 1.322 | Init Dist = 12.806 | Init Dist 10 = 12.806 | Init Dist 100 = 12.806 | Init Dist 1000 = 12.806 | Learner Steps = 35648 | Learner Walltime = 7061.140 | Min Dist = 0.282 | Min Dist 10 = 0.463 | Min Dist 100 = 0.795 | Min Dist 1000 = 0.679 | Steps Per Second = 74.175 | Success = 1.000 | Success 1000 = 0.882
I0502 17:03:58.174270 139584504182336 lp_utils.py:96] StepsLimiter: Reached 2291650 recorded steps
I0502 17:03:58.830236 139579566835264 terminal.py:91] [Evaluator] Actor Episodes = 45835 | Actor Steps = 2291750 | Delta Dist = 12.021 | Delta Dist 10 = 11.644 | Delta Dist 100 = 11.363 | Delta Dist 1000 = 11.486 | Episode Length = 50 | Episode Return = 7.0 | Evaluator Episodes = 11622 | Evaluator Steps = 581100 | Final Dist = 0.785 | Final Dist 10 = 1.162 | Final Dist 100 = 1.444 | Final Dist 1000 = 1.320 | Init Dist = 12.806 | Init Dist 10 = 12.806 | Init Dist 100 = 12.806 | Init Dist 1000 = 12.806 | Learner Steps = 35653 | Learner Walltime = 7062.253 | Min Dist = 0.442 | Min Dist 10 = 0.517 | Min Dist 100 = 0.800 | Min Dist 1000 = 0.679 | Steps Per Second = 83.405 | Success = 1.000 | Success 1000 = 0.882
I0502 17:03:59.518077 139569349502528 terminal.py:91] [Actor] Actor Episodes = 45838 | Actor Steps = 2291900 | Delta Dist = 0.772 | Delta Dist 10 = 4.872 | Delta Dist 100 = 4.718 | Delta Dist 1000 = 4.374 | Episode Length = 50 | Episode Return = 44.0 | Evaluator Episodes = 11622 | Evaluator Steps = 581100 | Final Dist = 0.228 | Final Dist 10 = 1.254 | Final Dist 100 = 1.279 | Final Dist 1000 = 1.403 | Init Dist = 1.000 | Init Dist 10 = 6.125 | Init Dist 100 = 5.997 | Init Dist 1000 = 5.777 | Learner Steps = 35653 | Learner Walltime = 7062.253 | Min Dist = 0.062 | Min Dist 10 = 0.068 | Min Dist 100 = 0.430 | Min Dist 1000 = 0.217 | Steps Per Second = 87.177 | Success = 1.000 | Success 1000 = 0.996
I0502 17:03:59.998935 139579566835264 terminal.py:91] [Evaluator] Actor Episodes = 45841 | Actor Steps = 2292050 | Delta Dist = 12.434 | Delta Dist 10 = 11.738 | Delta Dist 100 = 11.367 | Delta Dist 1000 = 11.487 | Episode Length = 50 | Episode Return = 18.0 | Evaluator Episodes = 11624 | Evaluator Steps = 581200 | Final Dist = 0.372 | Final Dist 10 = 1.068 | Final Dist 100 = 1.439 | Final Dist 1000 = 1.319 | Init Dist = 12.806 | Init Dist 10 = 12.806 | Init Dist 100 = 12.806 | Init Dist 1000 = 12.806 | Learner Steps = 35658 | Learner Walltime = 7063.429 | Min Dist = 0.350 | Min Dist 10 = 0.531 | Min Dist 100 = 0.797 | Min Dist 1000 = 0.677 | Steps Per Second = 86.821 | Success = 1.000 | Success 1000 = 0.883
I0502 17:04:01.163840 139579566835264 terminal.py:91] [Evaluator] Actor Episodes = 45849 | Actor Steps = 2292450 | Delta Dist = 11.676 | Delta Dist 10 = 11.943 | Delta Dist 100 = 11.451 | Delta Dist 1000 = 11.491 | Episode Length = 50 | Episode Return = 0.0 | Evaluator Episodes = 11626 | Evaluator Steps = 581300 | Final Dist = 1.131 | Final Dist 10 = 0.863 | Final Dist 100 = 1.356 | Final Dist 1000 = 1.315 | Init Dist = 12.806 | Init Dist 10 = 12.806 | Init Dist 100 = 12.806 | Init Dist 1000 = 12.806 | Learner Steps = 35665 | Learner Walltime = 7064.676 | Min Dist = 1.028 | Min Dist 10 = 0.483 | Min Dist 100 = 0.719 | Min Dist 1000 = 0.676 | Steps Per Second = 83.592 | Success = 0.000 | Success 1000 = 0.884
I0502 17:04:02.140577 139558059398720 terminal.py:91] [Actor] Actor Episodes = 45856 | Actor Steps = 2292800 | Delta Dist = 8.970 | Delta Dist 10 = 5.015 | Delta Dist 100 = 4.742 | Delta Dist 1000 = 4.368 | Episode Length = 50 | Episode Return = 28.0 | Evaluator Episodes = 11626 | Evaluator Steps = 581300 | Final Dist = 0.464 | Final Dist 10 = 0.527 | Final Dist 100 = 1.232 | Final Dist 1000 = 1.398 | Init Dist = 9.434 | Init Dist 10 = 5.542 | Init Dist 100 = 5.975 | Init Dist 1000 = 5.766 | Learner Steps = 35665 | Learner Walltime = 7064.676 | Min Dist = 0.064 | Min Dist 10 = 0.061 | Min Dist 100 = 0.429 | Min Dist 1000 = 0.216 | Steps Per Second = 84.308 | Success = 1.000 | Success 1000 = 0.996
I0502 17:04:02.407803 139579566835264 terminal.py:91] [Evaluator] Actor Episodes = 45859 | Actor Steps = 2292950 | Delta Dist = 11.838 | Delta Dist 10 = 12.110 | Delta Dist 100 = 11.456 | Delta Dist 1000 = 11.490 | Episode Length = 50 | Episode Return = 27.0 | Evaluator Episodes = 11628 | Evaluator Steps = 581400 | Final Dist = 0.969 | Final Dist 10 = 0.696 | Final Dist 100 = 1.351 | Final Dist 1000 = 1.316 | Init Dist = 12.806 | Init Dist 10 = 12.806 | Init Dist 100 = 12.806 | Init Dist 1000 = 12.806 | Learner Steps = 35671 | Learner Walltime = 7065.869 | Min Dist = 0.137 | Min Dist 10 = 0.430 | Min Dist 100 = 0.723 | Min Dist 1000 = 0.677 | Steps Per Second = 81.489 | Success = 1.000 | Success 1000 = 0.883
I0502 17:04:02.810759 139557462840896 terminal.py:91] [Actor] Actor Episodes = 45865 | Actor Steps = 2293250 | Delta Dist = 7.788 | Delta Dist 10 = 5.810 | Delta Dist 100 = 4.799 | Delta Dist 1000 = 4.364 | Episode Length = 50 | Episode Return = 22.0 | Evaluator Episodes = 11628 | Evaluator Steps = 581400 | Final Dist = 0.212 | Final Dist 10 = 1.110 | Final Dist 100 = 1.203 | Final Dist 1000 = 1.404 | Init Dist = 8.000 | Init Dist 10 = 6.920 | Init Dist 100 = 6.001 | Init Dist 1000 = 5.768 | Learner Steps = 35671 | Learner Walltime = 7065.869 | Min Dist = 0.035 | Min Dist 10 = 0.072 | Min Dist 100 = 0.351 | Min Dist 1000 = 0.216 | Steps Per Second = 78.773 | Success = 1.000 | Success 1000 = 0.996
I0502 17:04:03.648137 139579566835264 terminal.py:91] [Evaluator] Actor Episodes = 45867 | Actor Steps = 2293350 | Delta Dist = 11.792 | Delta Dist 10 = 12.086 | Delta Dist 100 = 11.454 | Delta Dist 1000 = 11.489 | Episode Length = 50 | Episode Return = 14.0 | Evaluator Episodes = 11630 | Evaluator Steps = 581500 | Final Dist = 1.014 | Final Dist 10 = 0.720 | Final Dist 100 = 1.352 | Final Dist 1000 = 1.317 | Init Dist = 12.806 | Init Dist 10 = 12.806 | Init Dist 100 = 12.806 | Init Dist 1000 = 12.806 | Learner Steps = 35678 | Learner Walltime = 7067.152 | Min Dist = 0.568 | Min Dist 10 = 0.392 | Min Dist 100 = 0.723 | Min Dist 1000 = 0.677 | Steps Per Second = 82.944 | Success = 1.000 | Success 1000 = 0.883
I0502 17:04:04.744232 139555860620864 terminal.py:91] [Actor] Actor Episodes = 45875 | Actor Steps = 2293750 | Delta Dist = 0.509 | Delta Dist 10 = 4.801 | Delta Dist 100 = 4.725 | Delta Dist 1000 = 4.359 | Episode Length = 50 | Episode Return = 0.0 | Evaluator Episodes = 11630 | Evaluator Steps = 581500 | Final Dist = 3.097 | Final Dist 10 = 1.440 | Final Dist 100 = 1.236 | Final Dist 1000 = 1.409 | Init Dist = 3.606 | Init Dist 10 = 6.241 | Init Dist 100 = 5.961 | Init Dist 1000 = 5.768 | Learner Steps = 35683 | Learner Walltime = 7068.337 | Min Dist = 0.046 | Min Dist 10 = 0.072 | Min Dist 100 = 0.347 | Min Dist 1000 = 0.216 | Steps Per Second = 95.451 | Success = 1.000 | Success 1000 = 0.996
I0502 17:04:04.828725 139579566835264 terminal.py:91] [Evaluator] Actor Episodes = 45875 | Actor Steps = 2293750 | Delta Dist = 11.945 | Delta Dist 10 = 11.929 | Delta Dist 100 = 11.449 | Delta Dist 1000 = 11.487 | Episode Length = 50 | Episode Return = 16.0 | Evaluator Episodes = 11632 | Evaluator Steps = 581600 | Final Dist = 0.861 | Final Dist 10 = 0.877 | Final Dist 100 = 1.358 | Final Dist 1000 = 1.319 | Init Dist = 12.806 | Init Dist 10 = 12.806 | Init Dist 100 = 12.806 | Init Dist 1000 = 12.806 | Learner Steps = 35683 | Learner Walltime = 7068.337 | Min Dist = 0.587 | Min Dist 10 = 0.408 | Min Dist 100 = 0.730 | Min Dist 1000 = 0.677 | Steps Per Second = 77.673 | Success = 1.000 | Success 1000 = 0.883
I0502 17:04:05.393055 139555013154368 terminal.py:91] [Learner] Actor Episodes = 45881 | Actor Loss = 3.776266098022461 | Actor Steps = 2294050 | Binary Accuracy = 0.9960267543792725 | Categorical Accuracy = 0.4234619140625 | Critic Loss = 1.7912108898162842 | Entropy Mean = -24.065086364746094 | Evaluator Episodes = 11632 | Evaluator Steps = 581600 | Learner Steps = 35690 | Learner Walltime = 7069.588 | Logits Neg = -17.194671630859375 | Logits Pos = -1.759817361831665 | Logsumexp = 1.084174633026123 | Steps Per Second = 160.966
I0502 17:04:05.996418 139579566835264 terminal.py:91] [Evaluator] Actor Episodes = 45883 | Actor Steps = 2294150 | Delta Dist = 11.781 | Delta Dist 10 = 11.937 | Delta Dist 100 = 11.449 | Delta Dist 1000 = 11.488 | Episode Length = 50 | Episode Return = 16.0 | Evaluator Episodes = 11634 | Evaluator Steps = 581700 | Final Dist = 1.025 | Final Dist 10 = 0.869 | Final Dist 100 = 1.357 | Final Dist 1000 = 1.318 | Init Dist = 12.806 | Init Dist 10 = 12.806 | Init Dist 100 = 12.806 | Init Dist 1000 = 12.806 | Learner Steps = 35690 | Learner Walltime = 7069.588 | Min Dist = 0.332 | Min Dist 10 = 0.428 | Min Dist 100 = 0.736 | Min Dist 1000 = 0.678 | Steps Per Second = 85.689 | Success = 1.000 | Success 1000 = 0.883
I0502 17:04:07.177918 139579566835264 terminal.py:91] [Evaluator] Actor Episodes = 45889 | Actor Steps = 2294450 | Delta Dist = 11.438 | Delta Dist 10 = 11.910 | Delta Dist 100 = 11.445 | Delta Dist 1000 = 11.489 | Episode Length = 50 | Episode Return = 10.0 | Evaluator Episodes = 11636 | Evaluator Steps = 581800 | Final Dist = 1.368 | Final Dist 10 = 0.896 | Final Dist 100 = 1.361 | Final Dist 1000 = 1.317 | Init Dist = 12.806 | Init Dist 10 = 12.806 | Init Dist 100 = 12.806 | Init Dist 1000 = 12.806 | Learner Steps = 35696 | Learner Walltime = 7070.845 | Min Dist = 0.107 | Min Dist 10 = 0.371 | Min Dist 100 = 0.735 | Min Dist 1000 = 0.677 | Steps Per Second = 90.355 | Success = 1.000 | Success 1000 = 0.883
I0502 17:04:08.194912 139584504182336 lp_utils.py:96] StepsLimiter: Reached 2294850 recorded steps
I0502 17:04:08.470402 139579566835264 terminal.py:91] [Evaluator] Actor Episodes = 45899 | Actor Steps = 2294950 | Delta Dist = 12.352 | Delta Dist 10 = 11.898 | Delta Dist 100 = 11.436 | Delta Dist 1000 = 11.489 | Episode Length = 50 | Episode Return = 26.0 | Evaluator Episodes = 11638 | Evaluator Steps = 581900 | Final Dist = 0.454 | Final Dist 10 = 0.909 | Final Dist 100 = 1.370 | Final Dist 1000 = 1.318 | Init Dist = 12.806 | Init Dist 10 = 12.806 | Init Dist 100 = 12.806 | Init Dist 1000 = 12.806 | Learner Steps = 35702 | Learner Walltime = 7071.957 | Min Dist = 0.332 | Min Dist 10 = 0.235 | Min Dist 100 = 0.730 | Min Dist 1000 = 0.677 | Steps Per Second = 81.312 | Success = 1.000 | Success 1000 = 0.883
I0502 17:04:09.696483 139579566835264 terminal.py:91] [Evaluator] Actor Episodes = 45905 | Actor Steps = 2295250 | Delta Dist = 12.093 | Delta Dist 10 = 12.035 | Delta Dist 100 = 11.456 | Delta Dist 1000 = 11.491 | Episode Length = 50 | Episode Return = 31.0 | Evaluator Episodes = 11640 | Evaluator Steps = 582000 | Final Dist = 0.713 | Final Dist 10 = 0.771 | Final Dist 100 = 1.350 | Final Dist 1000 = 1.316 | Init Dist = 12.806 | Init Dist 10 = 12.806 | Init Dist 100 = 12.806 | Init Dist 1000 = 12.806 | Learner Steps = 35709 | Learner Walltime = 7073.222 | Min Dist = 0.260 | Min Dist 10 = 0.247 | Min Dist 100 = 0.717 | Min Dist 1000 = 0.677 | Steps Per Second = 84.085 | Success = 1.000 | Success 1000 = 0.883
I0502 17:04:09.914147 139569349502528 terminal.py:91] [Actor] Actor Episodes = 45909 | Actor Steps = 2295450 | Delta Dist = 7.814 | Delta Dist 10 = 5.363 | Delta Dist 100 = 4.866 | Delta Dist 1000 = 4.348 | Episode Length = 50 | Episode Return = 36.0 | Evaluator Episodes = 11640 | Evaluator Steps = 582000 | Final Dist = 0.248 | Final Dist 10 = 0.431 | Final Dist 100 = 1.036 | Final Dist 1000 = 1.403 | Init Dist = 8.062 | Init Dist 10 = 5.793 | Init Dist 100 = 5.901 | Init Dist 1000 = 5.751 | Learner Steps = 35709 | Learner Walltime = 7073.222 | Min Dist = 0.054 | Min Dist 10 = 0.063 | Min Dist 100 = 0.076 | Min Dist 1000 = 0.215 | Steps Per Second = 75.740 | Success = 1.000 | Success 1000 = 0.996
I0502 17:04:10.838789 139579566835264 terminal.py:91] [Evaluator] Actor Episodes = 45913 | Actor Steps = 2295650 | Delta Dist = 6.695 | Delta Dist 10 = 12.143 | Delta Dist 100 = 11.521 | Delta Dist 1000 = 11.491 | Episode Length = 50 | Episode Return = 0.0 | Evaluator Episodes = 11642 | Evaluator Steps = 582100 | Final Dist = 6.111 | Final Dist 10 = 0.663 | Final Dist 100 = 1.286 | Final Dist 1000 = 1.315 | Init Dist = 12.806 | Init Dist 10 = 12.806 | Init Dist 100 = 12.806 | Init Dist 1000 = 12.806 | Learner Steps = 35715 | Learner Walltime = 7074.480 | Min Dist = 5.193 | Min Dist 10 = 0.199 | Min Dist 100 = 0.665 | Min Dist 1000 = 0.677 | Steps Per Second = 87.753 | Success = 0.000 | Success 1000 = 0.883
I0502 17:04:11.902061 139579566835264 terminal.py:91] [Evaluator] Actor Episodes = 45921 | Actor Steps = 2296050 | Delta Dist = 11.965 | Delta Dist 10 = 11.559 | Delta Dist 100 = 11.472 | Delta Dist 1000 = 11.484 | Episode Length = 50 | Episode Return = 20.0 | Evaluator Episodes = 11644 | Evaluator Steps = 582200 | Final Dist = 0.842 | Final Dist 10 = 1.247 | Final Dist 100 = 1.334 | Final Dist 1000 = 1.322 | Init Dist = 12.806 | Init Dist 10 = 12.806 | Init Dist 100 = 12.806 | Init Dist 1000 = 12.806 | Learner Steps = 35722 | Learner Walltime = 7075.870 | Min Dist = 0.076 | Min Dist 10 = 0.693 | Min Dist 100 = 0.706 | Min Dist 1000 = 0.682 | Steps Per Second = 89.037 | Success = 1.000 | Success 1000 = 0.882
I0502 17:04:12.486235 139558059398720 terminal.py:91] [Actor] Actor Episodes = 45929 | Actor Steps = 2296450 | Delta Dist = 8.906 | Delta Dist 10 = 3.380 | Delta Dist 100 = 4.794 | Delta Dist 1000 = 4.336 | Episode Length = 50 | Episode Return = 48.0 | Evaluator Episodes = 11644 | Evaluator Steps = 582200 | Final Dist = 0.314 | Final Dist 10 = 0.619 | Final Dist 100 = 1.025 | Final Dist 1000 = 1.396 | Init Dist = 9.220 | Init Dist 10 = 3.999 | Init Dist 100 = 5.819 | Init Dist 1000 = 5.732 | Learner Steps = 35722 | Learner Walltime = 7075.870 | Min Dist = 0.192 | Min Dist 10 = 0.058 | Min Dist 100 = 0.069 | Min Dist 1000 = 0.215 | Steps Per Second = 82.356 | Success = 1.000 | Success 1000 = 0.996
I0502 17:04:13.061328 139557462840896 terminal.py:91] [Actor] Actor Episodes = 45928 | Actor Steps = 2296400 | Delta Dist = 7.937 | Delta Dist 10 = 3.846 | Delta Dist 100 = 4.824 | Delta Dist 1000 = 4.338 | Episode Length = 50 | Episode Return = 34.0 | Evaluator Episodes = 11644 | Evaluator Steps = 582200 | Final Dist = 0.607 | Final Dist 10 = 0.646 | Final Dist 100 = 0.992 | Final Dist 1000 = 1.391 | Init Dist = 8.544 | Init Dist 10 = 4.492 | Init Dist 100 = 5.817 | Init Dist 1000 = 5.730 | Learner Steps = 35722 | Learner Walltime = 7075.870 | Min Dist = 0.012 | Min Dist 10 = 0.073 | Min Dist 100 = 0.067 | Min Dist 1000 = 0.214 | Steps Per Second = 74.700 | Success = 1.000 | Success 1000 = 0.996
I0502 17:04:13.086096 139579566835264 terminal.py:91] [Evaluator] Actor Episodes = 45929 | Actor Steps = 2296450 | Delta Dist = 11.575 | Delta Dist 10 = 11.469 | Delta Dist 100 = 11.478 | Delta Dist 1000 = 11.484 | Episode Length = 50 | Episode Return = 15.0 | Evaluator Episodes = 11646 | Evaluator Steps = 582300 | Final Dist = 1.232 | Final Dist 10 = 1.337 | Final Dist 100 = 1.328 | Final Dist 1000 = 1.322 | Init Dist = 12.806 | Init Dist 10 = 12.806 | Init Dist 100 = 12.806 | Init Dist 1000 = 12.806 | Learner Steps = 35729 | Learner Walltime = 7077.010 | Min Dist = 0.299 | Min Dist 10 = 0.683 | Min Dist 100 = 0.696 | Min Dist 1000 = 0.682 | Steps Per Second = 76.636 | Success = 1.000 | Success 1000 = 0.882
I0502 17:04:14.191518 139579566835264 terminal.py:91] [Evaluator] Actor Episodes = 45937 | Actor Steps = 2296850 | Delta Dist = 12.660 | Delta Dist 10 = 11.420 | Delta Dist 100 = 11.480 | Delta Dist 1000 = 11.484 | Episode Length = 50 | Episode Return = 18.0 | Evaluator Episodes = 11648 | Evaluator Steps = 582400 | Final Dist = 0.147 | Final Dist 10 = 1.387 | Final Dist 100 = 1.326 | Final Dist 1000 = 1.323 | Init Dist = 12.806 | Init Dist 10 = 12.806 | Init Dist 100 = 12.806 | Init Dist 1000 = 12.806 | Learner Steps = 35734 | Learner Walltime = 7078.026 | Min Dist = 0.112 | Min Dist 10 = 0.788 | Min Dist 100 = 0.706 | Min Dist 1000 = 0.683 | Steps Per Second = 95.920 | Success = 1.000 | Success 1000 = 0.882
I0502 17:04:15.133322 139555860620864 terminal.py:91] [Actor] Actor Episodes = 45940 | Actor Steps = 2297000 | Delta Dist = 1.231 | Delta Dist 10 = 6.801 | Delta Dist 100 = 5.075 | Delta Dist 1000 = 4.349 | Episode Length = 50 | Episode Return = 37.0 | Evaluator Episodes = 11648 | Evaluator Steps = 582400 | Final Dist = 0.769 | Final Dist 10 = 0.711 | Final Dist 100 = 0.928 | Final Dist 1000 = 1.385 | Init Dist = 2.000 | Init Dist 10 = 7.512 | Init Dist 100 = 6.003 | Init Dist 1000 = 5.735 | Learner Steps = 35734 | Learner Walltime = 7078.026 | Min Dist = 0.100 | Min Dist 10 = 0.117 | Min Dist 100 = 0.074 | Min Dist 1000 = 0.206 | Steps Per Second = 83.097 | Success = 1.000 | Success 1000 = 0.996
I0502 17:04:15.409285 139579566835264 terminal.py:91] [Evaluator] Actor Episodes = 45945 | Actor Steps = 2297250 | Delta Dist = 12.617 | Delta Dist 10 = 11.368 | Delta Dist 100 = 11.479 | Delta Dist 1000 = 11.484 | Episode Length = 50 | Episode Return = 21.0 | Evaluator Episodes = 11650 | Evaluator Steps = 582500 | Final Dist = 0.189 | Final Dist 10 = 1.439 | Final Dist 100 = 1.328 | Final Dist 1000 = 1.322 | Init Dist = 12.806 | Init Dist 10 = 12.806 | Init Dist 100 = 12.806 | Init Dist 1000 = 12.806 | Learner Steps = 35740 | Learner Walltime = 7079.268 | Min Dist = 0.124 | Min Dist 10 = 0.766 | Min Dist 100 = 0.705 | Min Dist 1000 = 0.682 | Steps Per Second = 81.368 | Success = 1.000 | Success 1000 = 0.882
I0502 17:04:15.482771 139555013154368 terminal.py:91] [Learner] Actor Episodes = 45945 | Actor Loss = 3.7241077423095703 | Actor Steps = 2297250 | Binary Accuracy = 0.9959814548492432 | Categorical Accuracy = 0.4168701171875 | Critic Loss = 1.8040645122528076 | Entropy Mean = -21.98756217956543 | Evaluator Episodes = 11648 | Evaluator Steps = 582400 | Learner Steps = 35742 | Learner Walltime = 7079.678 | Logits Neg = -17.39327621459961 | Logits Pos = -1.7779587507247925 | Logsumexp = 1.0980604887008667 | Steps Per Second = 257.118
I0502 17:04:16.685082 139579566835264 terminal.py:91] [Evaluator] Actor Episodes = 45953 | Actor Steps = 2297650 | Delta Dist = 12.290 | Delta Dist 10 = 11.350 | Delta Dist 100 = 11.476 | Delta Dist 1000 = 11.484 | Episode Length = 50 | Episode Return = 7.0 | Evaluator Episodes = 11652 | Evaluator Steps = 582600 | Final Dist = 0.516 | Final Dist 10 = 1.456 | Final Dist 100 = 1.331 | Final Dist 1000 = 1.323 | Init Dist = 12.806 | Init Dist 10 = 12.806 | Init Dist 100 = 12.806 | Init Dist 1000 = 12.806 | Learner Steps = 35746 | Learner Walltime = 7080.499 | Min Dist = 0.516 | Min Dist 10 = 0.757 | Min Dist 100 = 0.701 | Min Dist 1000 = 0.682 | Steps Per Second = 77.950 | Success = 1.000 | Success 1000 = 0.882
I0502 17:04:17.944347 139579566835264 terminal.py:91] [Evaluator] Actor Episodes = 45961 | Actor Steps = 2298050 | Delta Dist = 12.378 | Delta Dist 10 = 11.869 | Delta Dist 100 = 11.474 | Delta Dist 1000 = 11.482 | Episode Length = 50 | Episode Return = 32.0 | Evaluator Episodes = 11654 | Evaluator Steps = 582700 | Final Dist = 0.428 | Final Dist 10 = 0.937 | Final Dist 100 = 1.332 | Final Dist 1000 = 1.324 | Init Dist = 12.806 | Init Dist 10 = 12.806 | Init Dist 100 = 12.806 | Init Dist 1000 = 12.806 | Learner Steps = 35752 | Learner Walltime = 7081.750 | Min Dist = 0.268 | Min Dist 10 = 0.258 | Min Dist 100 = 0.696 | Min Dist 1000 = 0.682 | Steps Per Second = 78.059 | Success = 1.000 | Success 1000 = 0.882
I0502 17:04:18.214538 139584504182336 lp_utils.py:96] StepsLimiter: Reached 2298150 recorded steps
I0502 17:04:19.148335 139579566835264 terminal.py:91] [Evaluator] Actor Episodes = 45969 | Actor Steps = 2298450 | Delta Dist = 4.238 | Delta Dist 10 = 12.020 | Delta Dist 100 = 11.485 | Delta Dist 1000 = 11.483 | Episode Length = 50 | Episode Return = 0.0 | Evaluator Episodes = 11656 | Evaluator Steps = 582800 | Final Dist = 8.568 | Final Dist 10 = 0.786 | Final Dist 100 = 1.321 | Final Dist 1000 = 1.323 | Init Dist = 12.806 | Init Dist 10 = 12.806 | Init Dist 100 = 12.806 | Init Dist 1000 = 12.806 | Learner Steps = 35758 | Learner Walltime = 7082.930 | Min Dist = 8.210 | Min Dist 10 = 0.278 | Min Dist 100 = 0.695 | Min Dist 1000 = 0.681 | Steps Per Second = 82.994 | Success = 0.000 | Success 1000 = 0.882
I0502 17:04:20.327393 139569349502528 terminal.py:91] [Actor] Actor Episodes = 45974 | Actor Steps = 2298700 | Delta Dist = 9.151 | Delta Dist 10 = 3.437 | Delta Dist 100 = 4.518 | Delta Dist 1000 = 4.302 | Episode Length = 50 | Episode Return = 37.0 | Evaluator Episodes = 11656 | Evaluator Steps = 582800 | Final Dist = 0.849 | Final Dist 10 = 1.561 | Final Dist 100 = 1.037 | Final Dist 1000 = 1.392 | Init Dist = 10.000 | Init Dist 10 = 4.998 | Init Dist 100 = 5.556 | Init Dist 1000 = 5.694 | Learner Steps = 35758 | Learner Walltime = 7082.930 | Min Dist = 0.085 | Min Dist 10 = 0.130 | Min Dist 100 = 0.088 | Min Dist 1000 = 0.207 | Steps Per Second = 81.786 | Success = 1.000 | Success 1000 = 0.996
I0502 17:04:20.345327 139579566835264 terminal.py:91] [Evaluator] Actor Episodes = 45977 | Actor Steps = 2298850 | Delta Dist = 12.277 | Delta Dist 10 = 11.346 | Delta Dist 100 = 11.411 | Delta Dist 1000 = 11.476 | Episode Length = 50 | Episode Return = 23.0 | Evaluator Episodes = 11658 | Evaluator Steps = 582900 | Final Dist = 0.529 | Final Dist 10 = 1.461 | Final Dist 100 = 1.395 | Final Dist 1000 = 1.330 | Init Dist = 12.806 | Init Dist 10 = 12.806 | Init Dist 100 = 12.806 | Init Dist 1000 = 12.806 | Learner Steps = 35765 | Learner Walltime = 7084.269 | Min Dist = 0.082 | Min Dist 10 = 0.987 | Min Dist 100 = 0.772 | Min Dist 1000 = 0.689 | Steps Per Second = 83.320 | Success = 1.000 | Success 1000 = 0.881
I0502 17:04:21.559548 139579566835264 terminal.py:91] [Evaluator] Actor Episodes = 45985 | Actor Steps = 2299250 | Delta Dist = 11.710 | Delta Dist 10 = 11.257 | Delta Dist 100 = 11.467 | Delta Dist 1000 = 11.476 | Episode Length = 50 | Episode Return = 13.0 | Evaluator Episodes = 11660 | Evaluator Steps = 583000 | Final Dist = 1.096 | Final Dist 10 = 1.549 | Final Dist 100 = 1.339 | Final Dist 1000 = 1.331 | Init Dist = 12.806 | Init Dist 10 = 12.806 | Init Dist 100 = 12.806 | Init Dist 1000 = 12.806 | Learner Steps = 35772 | Learner Walltime = 7085.539 | Min Dist = 0.021 | Min Dist 10 = 1.015 | Min Dist 100 = 0.719 | Min Dist 1000 = 0.690 | Steps Per Second = 81.004 | Success = 1.000 | Success 1000 = 0.881
I0502 17:04:22.512254 139558059398720 terminal.py:91] [Actor] Actor Episodes = 45993 | Actor Steps = 2299650 | Delta Dist = 8.909 | Delta Dist 10 = 4.517 | Delta Dist 100 = 4.493 | Delta Dist 1000 = 4.304 | Episode Length = 50 | Episode Return = 27.0 | Evaluator Episodes = 11660 | Evaluator Steps = 583000 | Final Dist = 0.940 | Final Dist 10 = 1.589 | Final Dist 100 = 1.006 | Final Dist 1000 = 1.395 | Init Dist = 9.849 | Init Dist 10 = 6.106 | Init Dist 100 = 5.499 | Init Dist 1000 = 5.700 | Learner Steps = 35776 | Learner Walltime = 7086.593 | Min Dist = 0.237 | Min Dist 10 = 0.499 | Min Dist 100 = 0.136 | Min Dist 1000 = 0.211 | Steps Per Second = 77.587 | Success = 1.000 | Success 1000 = 0.996
I0502 17:04:22.801138 139579566835264 terminal.py:91] [Evaluator] Actor Episodes = 45993 | Actor Steps = 2299650 | Delta Dist = 11.414 | Delta Dist 10 = 11.295 | Delta Dist 100 = 11.472 | Delta Dist 1000 = 11.476 | Episode Length = 50 | Episode Return = 19.0 | Evaluator Episodes = 11662 | Evaluator Steps = 583100 | Final Dist = 1.392 | Final Dist 10 = 1.511 | Final Dist 100 = 1.334 | Final Dist 1000 = 1.330 | Init Dist = 12.806 | Init Dist 10 = 12.806 | Init Dist 100 = 12.806 | Init Dist 1000 = 12.806 | Learner Steps = 35776 | Learner Walltime = 7086.593 | Min Dist = 0.264 | Min Dist 10 = 0.998 | Min Dist 100 = 0.719 | Min Dist 1000 = 0.689 | Steps Per Second = 79.608 | Success = 1.000 | Success 1000 = 0.881
I0502 17:04:23.689945 139557462840896 terminal.py:91] [Actor] Actor Episodes = 45999 | Actor Steps = 2299950 | Delta Dist = 8.421 | Delta Dist 10 = 4.040 | Delta Dist 100 = 4.556 | Delta Dist 1000 = 4.303 | Episode Length = 50 | Episode Return = 32.0 | Evaluator Episodes = 11662 | Evaluator Steps = 583100 | Final Dist = 0.181 | Final Dist 10 = 2.362 | Final Dist 100 = 1.054 | Final Dist 1000 = 1.408 | Init Dist = 8.602 | Init Dist 10 = 6.402 | Init Dist 100 = 5.610 | Init Dist 1000 = 5.710 | Learner Steps = 35776 | Learner Walltime = 7086.593 | Min Dist = 0.090 | Min Dist 10 = 0.102 | Min Dist 100 = 0.134 | Min Dist 1000 = 0.211 | Steps Per Second = 76.044 | Success = 1.000 | Success 1000 = 0.996
I0502 17:04:24.042936 139579566835264 terminal.py:91] [Evaluator] Actor Episodes = 46001 | Actor Steps = 2300050 | Delta Dist = 12.234 | Delta Dist 10 = 11.290 | Delta Dist 100 = 11.515 | Delta Dist 1000 = 11.476 | Episode Length = 50 | Episode Return = 28.0 | Evaluator Episodes = 11664 | Evaluator Steps = 583200 | Final Dist = 0.572 | Final Dist 10 = 1.516 | Final Dist 100 = 1.292 | Final Dist 1000 = 1.330 | Init Dist = 12.806 | Init Dist 10 = 12.806 | Init Dist 100 = 12.806 | Init Dist 1000 = 12.806 | Learner Steps = 35783 | Learner Walltime = 7087.977 | Min Dist = 0.196 | Min Dist 10 = 1.001 | Min Dist 100 = 0.672 | Min Dist 1000 = 0.689 | Steps Per Second = 86.297 | Success = 1.000 | Success 1000 = 0.881
I0502 17:04:25.086411 139584635659840 savers.py:156] Saving checkpoint: logs/contrastive_cpc_point_FourRooms_64/5dd72662-2788-11f0-b183-d85ed38c5779/checkpoints/counter
I0502 17:04:25.237521 139579566835264 terminal.py:91] [Evaluator] Actor Episodes = 46009 | Actor Steps = 2300450 | Delta Dist = 12.020 | Delta Dist 10 = 11.168 | Delta Dist 100 = 11.572 | Delta Dist 1000 = 11.476 | Episode Length = 50 | Episode Return = 28.0 | Evaluator Episodes = 11666 | Evaluator Steps = 583300 | Final Dist = 0.787 | Final Dist 10 = 1.639 | Final Dist 100 = 1.234 | Final Dist 1000 = 1.331 | Init Dist = 12.806 | Init Dist 10 = 12.806 | Init Dist 100 = 12.806 | Init Dist 1000 = 12.806 | Learner Steps = 35789 | Learner Walltime = 7089.183 | Min Dist = 0.049 | Min Dist 10 = 1.006 | Min Dist 100 = 0.619 | Min Dist 1000 = 0.689 | Steps Per Second = 81.737 | Success = 1.000 | Success 1000 = 0.881
I0502 17:04:25.544417 139555013154368 terminal.py:91] [Learner] Actor Episodes = 46007 | Actor Loss = 3.720414161682129 | Actor Steps = 2300350 | Binary Accuracy = 0.9960458278656006 | Categorical Accuracy = 0.41900634765625 | Critic Loss = 1.775463342666626 | Entropy Mean = -22.924896240234375 | Evaluator Episodes = 11664 | Evaluator Steps = 583200 | Learner Steps = 35792 | Learner Walltime = 7089.739 | Logits Neg = -17.618154525756836 | Logits Pos = -1.7516729831695557 | Logsumexp = 1.2244248390197754 | Steps Per Second = 199.356
I0502 17:04:25.610665 139555860620864 terminal.py:91] [Actor] Actor Episodes = 46011 | Actor Steps = 2300550 | Delta Dist = 10.100 | Delta Dist 10 = 3.913 | Delta Dist 100 = 4.398 | Delta Dist 1000 = 4.321 | Episode Length = 50 | Episode Return = 47.0 | Evaluator Episodes = 11666 | Evaluator Steps = 583300 | Final Dist = 0.098 | Final Dist 10 = 1.276 | Final Dist 100 = 1.275 | Final Dist 1000 = 1.395 | Init Dist = 10.198 | Init Dist 10 = 5.190 | Init Dist 100 = 5.673 | Init Dist 1000 = 5.717 | Learner Steps = 35789 | Learner Walltime = 7089.183 | Min Dist = 0.076 | Min Dist 10 = 0.051 | Min Dist 100 = 0.135 | Min Dist 1000 = 0.200 | Steps Per Second = 82.450 | Success = 1.000 | Success 1000 = 0.996
I0502 17:04:26.494737 139579566835264 terminal.py:91] [Evaluator] Actor Episodes = 46017 | Actor Steps = 2300850 | Delta Dist = 11.531 | Delta Dist 10 = 11.957 | Delta Dist 100 = 11.574 | Delta Dist 1000 = 11.477 | Episode Length = 50 | Episode Return = 7.0 | Evaluator Episodes = 11668 | Evaluator Steps = 583400 | Final Dist = 1.276 | Final Dist 10 = 0.849 | Final Dist 100 = 1.232 | Final Dist 1000 = 1.329 | Init Dist = 12.806 | Init Dist 10 = 12.806 | Init Dist 100 = 12.806 | Init Dist 1000 = 12.806 | Learner Steps = 35796 | Learner Walltime = 7090.562 | Min Dist = 0.340 | Min Dist 10 = 0.192 | Min Dist 100 = 0.617 | Min Dist 1000 = 0.689 | Steps Per Second = 76.371 | Success = 1.000 | Success 1000 = 0.881
I0502 17:04:27.678941 139579566835264 terminal.py:91] [Evaluator] Actor Episodes = 46025 | Actor Steps = 2301250 | Delta Dist = 11.883 | Delta Dist 10 = 11.965 | Delta Dist 100 = 11.576 | Delta Dist 1000 = 11.476 | Episode Length = 50 | Episode Return = 28.0 | Evaluator Episodes = 11670 | Evaluator Steps = 583500 | Final Dist = 0.923 | Final Dist 10 = 0.841 | Final Dist 100 = 1.230 | Final Dist 1000 = 1.331 | Init Dist = 12.806 | Init Dist 10 = 12.806 | Init Dist 100 = 12.806 | Init Dist 1000 = 12.806 | Learner Steps = 35801 | Learner Walltime = 7091.610 | Min Dist = 0.078 | Min Dist 10 = 0.192 | Min Dist 100 = 0.616 | Min Dist 1000 = 0.689 | Steps Per Second = 79.576 | Success = 1.000 | Success 1000 = 0.881
I0502 17:04:28.233476 139584504182336 lp_utils.py:96] StepsLimiter: Reached 2301350 recorded steps
I0502 17:04:28.844615 139579566835264 terminal.py:91] [Evaluator] Actor Episodes = 46033 | Actor Steps = 2301650 | Delta Dist = 11.663 | Delta Dist 10 = 11.994 | Delta Dist 100 = 11.575 | Delta Dist 1000 = 11.478 | Episode Length = 50 | Episode Return = 23.0 | Evaluator Episodes = 11672 | Evaluator Steps = 583600 | Final Dist = 1.144 | Final Dist 10 = 0.813 | Final Dist 100 = 1.231 | Final Dist 1000 = 1.328 | Init Dist = 12.806 | Init Dist 10 = 12.806 | Init Dist 100 = 12.806 | Init Dist 1000 = 12.806 | Learner Steps = 35808 | Learner Walltime = 7092.838 | Min Dist = 0.089 | Min Dist 10 = 0.196 | Min Dist 100 = 0.613 | Min Dist 1000 = 0.689 | Steps Per Second = 82.409 | Success = 1.000 | Success 1000 = 0.881
I0502 17:04:30.015718 139579566835264 terminal.py:91] [Evaluator] Actor Episodes = 46039 | Actor Steps = 2301950 | Delta Dist = 11.785 | Delta Dist 10 = 12.015 | Delta Dist 100 = 11.577 | Delta Dist 1000 = 11.478 | Episode Length = 50 | Episode Return = 11.0 | Evaluator Episodes = 11674 | Evaluator Steps = 583700 | Final Dist = 1.021 | Final Dist 10 = 0.792 | Final Dist 100 = 1.229 | Final Dist 1000 = 1.328 | Init Dist = 12.806 | Init Dist 10 = 12.806 | Init Dist 100 = 12.806 | Init Dist 1000 = 12.806 | Learner Steps = 35814 | Learner Walltime = 7094.077 | Min Dist = 0.876 | Min Dist 10 = 0.155 | Min Dist 100 = 0.601 | Min Dist 1000 = 0.688 | Steps Per Second = 87.848 | Success = 1.000 | Success 1000 = 0.881
I0502 17:04:30.367625 139569349502528 terminal.py:91] [Actor] Actor Episodes = 46040 | Actor Steps = 2302000 | Delta Dist = 3.255 | Delta Dist 10 = 5.514 | Delta Dist 100 = 4.381 | Delta Dist 1000 = 4.333 | Episode Length = 50 | Episode Return = 27.0 | Evaluator Episodes = 11672 | Evaluator Steps = 583600 | Final Dist = 0.745 | Final Dist 10 = 0.678 | Final Dist 100 = 1.396 | Final Dist 1000 = 1.395 | Init Dist = 4.000 | Init Dist 10 = 6.192 | Init Dist 100 = 5.777 | Init Dist 1000 = 5.728 | Learner Steps = 35808 | Learner Walltime = 7092.838 | Min Dist = 0.250 | Min Dist 10 = 0.083 | Min Dist 100 = 0.160 | Min Dist 1000 = 0.203 | Steps Per Second = 91.010 | Success = 1.000 | Success 1000 = 0.994
I0502 17:04:31.288918 139579566835264 terminal.py:91] [Evaluator] Actor Episodes = 46049 | Actor Steps = 2302450 | Delta Dist = 11.735 | Delta Dist 10 = 12.035 | Delta Dist 100 = 11.589 | Delta Dist 1000 = 11.484 | Episode Length = 50 | Episode Return = 7.0 | Evaluator Episodes = 11676 | Evaluator Steps = 583800 | Final Dist = 1.071 | Final Dist 10 = 0.771 | Final Dist 100 = 1.217 | Final Dist 1000 = 1.322 | Init Dist = 12.806 | Init Dist 10 = 12.806 | Init Dist 100 = 12.806 | Init Dist 1000 = 12.806 | Learner Steps = 35821 | Learner Walltime = 7095.305 | Min Dist = 0.430 | Min Dist 10 = 0.194 | Min Dist 100 = 0.599 | Min Dist 1000 = 0.682 | Steps Per Second = 83.752 | Success = 1.000 | Success 1000 = 0.882
I0502 17:04:32.477682 139579566835264 terminal.py:91] [Evaluator] Actor Episodes = 46057 | Actor Steps = 2302850 | Delta Dist = 11.563 | Delta Dist 10 = 11.880 | Delta Dist 100 = 11.581 | Delta Dist 1000 = 11.489 | Episode Length = 50 | Episode Return = 26.0 | Evaluator Episodes = 11678 | Evaluator Steps = 583900 | Final Dist = 1.243 | Final Dist 10 = 0.926 | Final Dist 100 = 1.226 | Final Dist 1000 = 1.317 | Init Dist = 12.806 | Init Dist 10 = 12.806 | Init Dist 100 = 12.806 | Init Dist 1000 = 12.806 | Learner Steps = 35827 | Learner Walltime = 7096.385 | Min Dist = 0.264 | Min Dist 10 = 0.237 | Min Dist 100 = 0.602 | Min Dist 1000 = 0.677 | Steps Per Second = 87.539 | Success = 1.000 | Success 1000 = 0.883
I0502 17:04:32.826147 139558059398720 terminal.py:91] [Actor] Actor Episodes = 46058 | Actor Steps = 2302900 | Delta Dist = -5.825 | Delta Dist 10 = 3.826 | Delta Dist 100 = 4.496 | Delta Dist 1000 = 4.330 | Episode Length = 50 | Episode Return = 0.0 | Evaluator Episodes = 11676 | Evaluator Steps = 583800 | Final Dist = 7.825 | Final Dist 10 = 1.961 | Final Dist 100 = 1.446 | Final Dist 1000 = 1.402 | Init Dist = 2.000 | Init Dist 10 = 5.787 | Init Dist 100 = 5.942 | Init Dist 1000 = 5.733 | Learner Steps = 35827 | Learner Walltime = 7096.385 | Min Dist = 0.135 | Min Dist 10 = 0.153 | Min Dist 100 = 0.166 | Min Dist 1000 = 0.203 | Steps Per Second = 130.300 | Success = 1.000 | Success 1000 = 0.994
I0502 17:04:33.583365 139579566835264 terminal.py:91] [Evaluator] Actor Episodes = 46063 | Actor Steps = 2303150 | Delta Dist = 12.556 | Delta Dist 10 = 11.839 | Delta Dist 100 = 11.565 | Delta Dist 1000 = 11.489 | Episode Length = 50 | Episode Return = 25.0 | Evaluator Episodes = 11680 | Evaluator Steps = 584000 | Final Dist = 0.250 | Final Dist 10 = 0.967 | Final Dist 100 = 1.242 | Final Dist 1000 = 1.318 | Init Dist = 12.806 | Init Dist 10 = 12.806 | Init Dist 100 = 12.806 | Init Dist 1000 = 12.806 | Learner Steps = 35833 | Learner Walltime = 7097.713 | Min Dist = 0.099 | Min Dist 10 = 0.224 | Min Dist 100 = 0.599 | Min Dist 1000 = 0.677 | Steps Per Second = 95.634 | Success = 1.000 | Success 1000 = 0.883
I0502 17:04:33.893613 139557462840896 terminal.py:91] [Actor] Actor Episodes = 46062 | Actor Steps = 2303100 | Delta Dist = 5.673 | Delta Dist 10 = 1.052 | Delta Dist 100 = 4.166 | Delta Dist 1000 = 4.296 | Episode Length = 50 | Episode Return = 36.0 | Evaluator Episodes = 11678 | Evaluator Steps = 583900 | Final Dist = 0.158 | Final Dist 10 = 5.657 | Final Dist 100 = 1.828 | Final Dist 1000 = 1.434 | Init Dist = 5.831 | Init Dist 10 = 6.709 | Init Dist 100 = 5.995 | Init Dist 1000 = 5.730 | Learner Steps = 35827 | Learner Walltime = 7096.385 | Min Dist = 0.031 | Min Dist 10 = 0.133 | Min Dist 100 = 0.167 | Min Dist 1000 = 0.203 | Steps Per Second = 85.495 | Success = 1.000 | Success 1000 = 0.994
I0502 17:04:34.732072 139579566835264 terminal.py:91] [Evaluator] Actor Episodes = 46070 | Actor Steps = 2303500 | Delta Dist = 11.836 | Delta Dist 10 = 11.825 | Delta Dist 100 = 11.583 | Delta Dist 1000 = 11.490 | Episode Length = 50 | Episode Return = 8.0 | Evaluator Episodes = 11682 | Evaluator Steps = 584100 | Final Dist = 0.970 | Final Dist 10 = 0.981 | Final Dist 100 = 1.224 | Final Dist 1000 = 1.316 | Init Dist = 12.806 | Init Dist 10 = 12.806 | Init Dist 100 = 12.806 | Init Dist 1000 = 12.806 | Learner Steps = 35833 | Learner Walltime = 7097.713 | Min Dist = 0.614 | Min Dist 10 = 0.306 | Min Dist 100 = 0.594 | Min Dist 1000 = 0.677 | Steps Per Second = 83.264 | Success = 1.000 | Success 1000 = 0.883
I0502 17:04:35.577245 139555013154368 terminal.py:91] [Learner] Actor Episodes = 46072 | Actor Loss = 3.6261849403381348 | Actor Steps = 2303600 | Binary Accuracy = 0.9961326122283936 | Categorical Accuracy = 0.43231201171875 | Critic Loss = 1.7467586994171143 | Entropy Mean = -23.454954147338867 | Evaluator Episodes = 11682 | Evaluator Steps = 584100 | Learner Steps = 35845 | Learner Walltime = 7099.774 | Logits Neg = -17.35904312133789 | Logits Pos = -1.7314192056655884 | Logsumexp = 0.9612308740615845 | Steps Per Second = 1269.619
I0502 17:04:35.921635 139579566835264 terminal.py:91] [Evaluator] Actor Episodes = 46078 | Actor Steps = 2303900 | Delta Dist = 11.724 | Delta Dist 10 = 11.825 | Delta Dist 100 = 11.591 | Delta Dist 1000 = 11.490 | Episode Length = 50 | Episode Return = 0.0 | Evaluator Episodes = 11684 | Evaluator Steps = 584200 | Final Dist = 1.083 | Final Dist 10 = 0.981 | Final Dist 100 = 1.215 | Final Dist 1000 = 1.316 | Init Dist = 12.806 | Init Dist 10 = 12.806 | Init Dist 100 = 12.806 | Init Dist 1000 = 12.806 | Learner Steps = 35846 | Learner Walltime = 7100.122 | Min Dist = 1.059 | Min Dist 10 = 0.378 | Min Dist 100 = 0.595 | Min Dist 1000 = 0.677 | Steps Per Second = 81.043 | Success = 0.000 | Success 1000 = 0.883
I0502 17:04:35.939599 139555860620864 terminal.py:91] [Actor] Actor Episodes = 46077 | Actor Steps = 2303850 | Delta Dist = 2.947 | Delta Dist 10 = 5.896 | Delta Dist 100 = 4.473 | Delta Dist 1000 = 4.303 | Episode Length = 50 | Episode Return = 32.0 | Evaluator Episodes = 11682 | Evaluator Steps = 584100 | Final Dist = 0.659 | Final Dist 10 = 0.538 | Final Dist 100 = 1.703 | Final Dist 1000 = 1.431 | Init Dist = 3.606 | Init Dist 10 = 6.434 | Init Dist 100 = 6.176 | Init Dist 1000 = 5.735 | Learner Steps = 35840 | Learner Walltime = 7099.027 | Min Dist = 0.070 | Min Dist 10 = 0.099 | Min Dist 100 = 0.162 | Min Dist 1000 = 0.204 | Steps Per Second = 88.295 | Success = 1.000 | Success 1000 = 0.995
I0502 17:04:37.130503 139579566835264 terminal.py:91] [Evaluator] Actor Episodes = 46086 | Actor Steps = 2304300 | Delta Dist = 11.656 | Delta Dist 10 = 11.817 | Delta Dist 100 = 11.593 | Delta Dist 1000 = 11.494 | Episode Length = 50 | Episode Return = 12.0 | Evaluator Episodes = 11686 | Evaluator Steps = 584300 | Final Dist = 1.150 | Final Dist 10 = 0.990 | Final Dist 100 = 1.214 | Final Dist 1000 = 1.312 | Init Dist = 12.806 | Init Dist 10 = 12.806 | Init Dist 100 = 12.806 | Init Dist 1000 = 12.806 | Learner Steps = 35846 | Learner Walltime = 7100.122 | Min Dist = 0.355 | Min Dist 10 = 0.397 | Min Dist 100 = 0.601 | Min Dist 1000 = 0.673 | Steps Per Second = 80.375 | Success = 1.000 | Success 1000 = 0.883
I0502 17:04:37.274593 139583350109760 savers.py:156] Saving checkpoint: logs/contrastive_cpc_point_FourRooms_64/5dd72662-2788-11f0-b183-d85ed38c5779/checkpoints/learner
I0502 17:04:38.252348 139584504182336 lp_utils.py:96] StepsLimiter: Reached 2304700 recorded steps
I0502 17:04:38.405690 139579566835264 terminal.py:91] [Evaluator] Actor Episodes = 46094 | Actor Steps = 2304700 | Delta Dist = 12.261 | Delta Dist 10 = 11.861 | Delta Dist 100 = 11.610 | Delta Dist 1000 = 11.494 | Episode Length = 50 | Episode Return = 17.0 | Evaluator Episodes = 11688 | Evaluator Steps = 584400 | Final Dist = 0.545 | Final Dist 10 = 0.945 | Final Dist 100 = 1.197 | Final Dist 1000 = 1.312 | Init Dist = 12.806 | Init Dist 10 = 12.806 | Init Dist 100 = 12.806 | Init Dist 1000 = 12.806 | Learner Steps = 35858 | Learner Walltime = 7102.521 | Min Dist = 0.545 | Min Dist 10 = 0.414 | Min Dist 100 = 0.589 | Min Dist 1000 = 0.672 | Steps Per Second = 81.228 | Success = 1.000 | Success 1000 = 0.884
I0502 17:04:39.663608 139579566835264 terminal.py:91] [Evaluator] Actor Episodes = 46102 | Actor Steps = 2305100 | Delta Dist = 11.542 | Delta Dist 10 = 11.912 | Delta Dist 100 = 11.602 | Delta Dist 1000 = 11.494 | Episode Length = 50 | Episode Return = 9.0 | Evaluator Episodes = 11690 | Evaluator Steps = 584500 | Final Dist = 1.264 | Final Dist 10 = 0.894 | Final Dist 100 = 1.204 | Final Dist 1000 = 1.312 | Init Dist = 12.806 | Init Dist 10 = 12.806 | Init Dist 100 = 12.806 | Init Dist 1000 = 12.806 | Learner Steps = 35865 | Learner Walltime = 7103.857 | Min Dist = 0.416 | Min Dist 10 = 0.450 | Min Dist 100 = 0.592 | Min Dist 1000 = 0.673 | Steps Per Second = 77.989 | Success = 1.000 | Success 1000 = 0.884
I0502 17:04:40.804178 139579566835264 terminal.py:91] [Evaluator] Actor Episodes = 46110 | Actor Steps = 2305500 | Delta Dist = 11.466 | Delta Dist 10 = 11.779 | Delta Dist 100 = 11.605 | Delta Dist 1000 = 11.493 | Episode Length = 50 | Episode Return = 3.0 | Evaluator Episodes = 11692 | Evaluator Steps = 584600 | Final Dist = 1.340 | Final Dist 10 = 1.028 | Final Dist 100 = 1.201 | Final Dist 1000 = 1.313 | Init Dist = 12.806 | Init Dist 10 = 12.806 | Init Dist 100 = 12.806 | Init Dist 1000 = 12.806 | Learner Steps = 35865 | Learner Walltime = 7103.857 | Min Dist = 0.882 | Min Dist 10 = 0.485 | Min Dist 100 = 0.600 | Min Dist 1000 = 0.674 | Steps Per Second = 90.409 | Success = 1.000 | Success 1000 = 0.884
I0502 17:04:40.907453 139569349502528 terminal.py:91] [Actor] Actor Episodes = 46112 | Actor Steps = 2305600 | Delta Dist = 3.030 | Delta Dist 10 = 3.459 | Delta Dist 100 = 4.282 | Delta Dist 1000 = 4.350 | Episode Length = 50 | Episode Return = 33.0 | Evaluator Episodes = 11692 | Evaluator Steps = 584600 | Final Dist = 0.132 | Final Dist 10 = 2.298 | Final Dist 100 = 1.707 | Final Dist 1000 = 1.430 | Init Dist = 3.162 | Init Dist 10 = 5.757 | Init Dist 100 = 5.989 | Init Dist 1000 = 5.779 | Learner Steps = 35865 | Learner Walltime = 7103.857 | Min Dist = 0.023 | Min Dist 10 = 0.126 | Min Dist 100 = 0.129 | Min Dist 1000 = 0.196 | Steps Per Second = 81.178 | Success = 1.000 | Success 1000 = 0.995
I0502 17:04:41.843647 139579566835264 terminal.py:91] [Evaluator] Actor Episodes = 46116 | Actor Steps = 2305800 | Delta Dist = 11.791 | Delta Dist 10 = 11.734 | Delta Dist 100 = 11.680 | Delta Dist 1000 = 11.492 | Episode Length = 50 | Episode Return = 5.0 | Evaluator Episodes = 11694 | Evaluator Steps = 584700 | Final Dist = 1.015 | Final Dist 10 = 1.072 | Final Dist 100 = 1.127 | Final Dist 1000 = 1.315 | Init Dist = 12.806 | Init Dist 10 = 12.806 | Init Dist 100 = 12.806 | Init Dist 1000 = 12.806 | Learner Steps = 35871 | Learner Walltime = 7105.110 | Min Dist = 0.780 | Min Dist 10 = 0.509 | Min Dist 100 = 0.525 | Min Dist 1000 = 0.675 | Steps Per Second = 99.744 | Success = 1.000 | Success 1000 = 0.884
I0502 17:04:42.995741 139579566835264 terminal.py:91] [Evaluator] Actor Episodes = 46124 | Actor Steps = 2306200 | Delta Dist = 6.472 | Delta Dist 10 = 11.670 | Delta Dist 100 = 11.733 | Delta Dist 1000 = 11.491 | Episode Length = 50 | Episode Return = 0.0 | Evaluator Episodes = 11696 | Evaluator Steps = 584800 | Final Dist = 6.335 | Final Dist 10 = 1.137 | Final Dist 100 = 1.073 | Final Dist 1000 = 1.315 | Init Dist = 12.806 | Init Dist 10 = 12.806 | Init Dist 100 = 12.806 | Init Dist 1000 = 12.806 | Learner Steps = 35877 | Learner Walltime = 7106.187 | Min Dist = 6.335 | Min Dist 10 = 0.541 | Min Dist 100 = 0.487 | Min Dist 1000 = 0.676 | Steps Per Second = 79.027 | Success = 0.000 | Success 1000 = 0.884
I0502 17:04:43.077582 139558059398720 terminal.py:91] [Actor] Actor Episodes = 46123 | Actor Steps = 2306150 | Delta Dist = 0.806 | Delta Dist 10 = 3.851 | Delta Dist 100 = 4.232 | Delta Dist 1000 = 4.344 | Episode Length = 50 | Episode Return = 40.0 | Evaluator Episodes = 11694 | Evaluator Steps = 584700 | Final Dist = 1.430 | Final Dist 10 = 1.083 | Final Dist 100 = 1.620 | Final Dist 1000 = 1.420 | Init Dist = 2.236 | Init Dist 10 = 4.933 | Init Dist 100 = 5.852 | Init Dist 1000 = 5.764 | Learner Steps = 35877 | Learner Walltime = 7106.187 | Min Dist = 0.057 | Min Dist 10 = 0.136 | Min Dist 100 = 0.103 | Min Dist 1000 = 0.190 | Steps Per Second = 80.657 | Success = 1.000 | Success 1000 = 0.995
I0502 17:04:44.174580 139579566835264 terminal.py:91] [Evaluator] Actor Episodes = 46132 | Actor Steps = 2306600 | Delta Dist = 11.427 | Delta Dist 10 = 11.241 | Delta Dist 100 = 11.732 | Delta Dist 1000 = 11.486 | Episode Length = 50 | Episode Return = 15.0 | Evaluator Episodes = 11698 | Evaluator Steps = 584900 | Final Dist = 1.380 | Final Dist 10 = 1.566 | Final Dist 100 = 1.074 | Final Dist 1000 = 1.320 | Init Dist = 12.806 | Init Dist 10 = 12.806 | Init Dist 100 = 12.806 | Init Dist 1000 = 12.806 | Learner Steps = 35883 | Learner Walltime = 7107.428 | Min Dist = 0.603 | Min Dist 10 = 1.107 | Min Dist 100 = 0.499 | Min Dist 1000 = 0.682 | Steps Per Second = 83.451 | Success = 1.000 | Success 1000 = 0.883
I0502 17:04:44.375772 139557462840896 terminal.py:91] [Actor] Actor Episodes = 46134 | Actor Steps = 2306700 | Delta Dist = 6.029 | Delta Dist 10 = 3.694 | Delta Dist 100 = 4.186 | Delta Dist 1000 = 4.328 | Episode Length = 50 | Episode Return = 44.0 | Evaluator Episodes = 11698 | Evaluator Steps = 584900 | Final Dist = 0.295 | Final Dist 10 = 1.605 | Final Dist 100 = 1.708 | Final Dist 1000 = 1.427 | Init Dist = 6.325 | Init Dist 10 = 5.299 | Init Dist 100 = 5.894 | Init Dist 1000 = 5.755 | Learner Steps = 35883 | Learner Walltime = 7107.428 | Min Dist = 0.229 | Min Dist 10 = 0.914 | Min Dist 100 = 0.189 | Min Dist 1000 = 0.198 | Steps Per Second = 76.546 | Success = 1.000 | Success 1000 = 0.996
I0502 17:04:45.378549 139579566835264 terminal.py:91] [Evaluator] Actor Episodes = 46140 | Actor Steps = 2307000 | Delta Dist = 12.114 | Delta Dist 10 = 11.206 | Delta Dist 100 = 11.732 | Delta Dist 1000 = 11.486 | Episode Length = 50 | Episode Return = 30.0 | Evaluator Episodes = 11700 | Evaluator Steps = 585000 | Final Dist = 0.692 | Final Dist 10 = 1.600 | Final Dist 100 = 1.075 | Final Dist 1000 = 1.320 | Init Dist = 12.806 | Init Dist 10 = 12.806 | Init Dist 100 = 12.806 | Init Dist 1000 = 12.806 | Learner Steps = 35889 | Learner Walltime = 7108.692 | Min Dist = 0.398 | Min Dist 10 = 1.132 | Min Dist 100 = 0.506 | Min Dist 1000 = 0.682 | Steps Per Second = 84.620 | Success = 1.000 | Success 1000 = 0.883
I0502 17:04:45.725490 139555013154368 terminal.py:91] [Learner] Actor Episodes = 46142 | Actor Loss = 3.6066651344299316 | Actor Steps = 2307100 | Binary Accuracy = 0.9960265159606934 | Categorical Accuracy = 0.421630859375 | Critic Loss = 1.7672368288040161 | Entropy Mean = -23.124982833862305 | Evaluator Episodes = 11700 | Evaluator Steps = 585000 | Learner Steps = 35896 | Learner Walltime = 7109.919 | Logits Neg = -17.130870819091797 | Logits Pos = -1.7502312660217285 | Logsumexp = 1.1480295658111572 | Steps Per Second = 150.676
I0502 17:04:46.191397 139555860620864 terminal.py:91] [Actor] Actor Episodes = 46148 | Actor Steps = 2307400 | Delta Dist = 2.798 | Delta Dist 10 = 4.772 | Delta Dist 100 = 4.062 | Delta Dist 1000 = 4.325 | Episode Length = 50 | Episode Return = 18.0 | Evaluator Episodes = 11700 | Evaluator Steps = 585000 | Final Dist = 0.808 | Final Dist 10 = 1.792 | Final Dist 100 = 1.786 | Final Dist 1000 = 1.430 | Init Dist = 3.606 | Init Dist 10 = 6.564 | Init Dist 100 = 5.848 | Init Dist 1000 = 5.755 | Learner Steps = 35896 | Learner Walltime = 7109.919 | Min Dist = 0.558 | Min Dist 10 = 0.137 | Min Dist 100 = 0.196 | Min Dist 1000 = 0.199 | Steps Per Second = 83.152 | Success = 1.000 | Success 1000 = 0.996
I0502 17:04:46.578846 139579566835264 terminal.py:91] [Evaluator] Actor Episodes = 46148 | Actor Steps = 2307400 | Delta Dist = 12.039 | Delta Dist 10 = 11.261 | Delta Dist 100 = 11.722 | Delta Dist 1000 = 11.494 | Episode Length = 50 | Episode Return = 15.0 | Evaluator Episodes = 11702 | Evaluator Steps = 585100 | Final Dist = 0.768 | Final Dist 10 = 1.546 | Final Dist 100 = 1.084 | Final Dist 1000 = 1.313 | Init Dist = 12.806 | Init Dist 10 = 12.806 | Init Dist 100 = 12.806 | Init Dist 1000 = 12.806 | Learner Steps = 35896 | Learner Walltime = 7109.919 | Min Dist = 0.699 | Min Dist 10 = 1.075 | Min Dist 100 = 0.510 | Min Dist 1000 = 0.674 | Steps Per Second = 84.795 | Success = 1.000 | Success 1000 = 0.884
I0502 17:04:47.834717 139579566835264 terminal.py:91] [Evaluator] Actor Episodes = 46156 | Actor Steps = 2307800 | Delta Dist = 11.470 | Delta Dist 10 = 11.308 | Delta Dist 100 = 11.715 | Delta Dist 1000 = 11.495 | Episode Length = 50 | Episode Return = 16.0 | Evaluator Episodes = 11704 | Evaluator Steps = 585200 | Final Dist = 1.336 | Final Dist 10 = 1.498 | Final Dist 100 = 1.091 | Final Dist 1000 = 1.312 | Init Dist = 12.806 | Init Dist 10 = 12.806 | Init Dist 100 = 12.806 | Init Dist 1000 = 12.806 | Learner Steps = 35902 | Learner Walltime = 7111.155 | Min Dist = 0.100 | Min Dist 10 = 1.027 | Min Dist 100 = 0.515 | Min Dist 1000 = 0.674 | Steps Per Second = 82.657 | Success = 1.000 | Success 1000 = 0.885
I0502 17:04:48.272734 139584504182336 lp_utils.py:96] StepsLimiter: Reached 2307900 recorded steps
I0502 17:04:49.011682 139579566835264 terminal.py:91] [Evaluator] Actor Episodes = 46164 | Actor Steps = 2308200 | Delta Dist = 11.829 | Delta Dist 10 = 11.362 | Delta Dist 100 = 11.722 | Delta Dist 1000 = 11.494 | Episode Length = 50 | Episode Return = 8.0 | Evaluator Episodes = 11706 | Evaluator Steps = 585300 | Final Dist = 0.977 | Final Dist 10 = 1.445 | Final Dist 100 = 1.084 | Final Dist 1000 = 1.312 | Init Dist = 12.806 | Init Dist 10 = 12.806 | Init Dist 100 = 12.806 | Init Dist 1000 = 12.806 | Learner Steps = 35908 | Learner Walltime = 7112.365 | Min Dist = 0.524 | Min Dist 10 = 0.901 | Min Dist 100 = 0.514 | Min Dist 1000 = 0.673 | Steps Per Second = 88.520 | Success = 1.000 | Success 1000 = 0.885
I0502 17:04:50.260429 139579566835264 terminal.py:91] [Evaluator] Actor Episodes = 46172 | Actor Steps = 2308600 | Delta Dist = 12.392 | Delta Dist 10 = 11.373 | Delta Dist 100 = 11.668 | Delta Dist 1000 = 11.489 | Episode Length = 50 | Episode Return = 15.0 | Evaluator Episodes = 11708 | Evaluator Steps = 585400 | Final Dist = 0.414 | Final Dist 10 = 1.433 | Final Dist 100 = 1.139 | Final Dist 1000 = 1.317 | Init Dist = 12.806 | Init Dist 10 = 12.806 | Init Dist 100 = 12.806 | Init Dist 1000 = 12.806 | Learner Steps = 35915 | Learner Walltime = 7113.582 | Min Dist = 0.241 | Min Dist 10 = 0.851 | Min Dist 100 = 0.569 | Min Dist 1000 = 0.678 | Steps Per Second = 81.954 | Success = 1.000 | Success 1000 = 0.884
I0502 17:04:51.375808 139569349502528 terminal.py:91] [Actor] Actor Episodes = 46177 | Actor Steps = 2308850 | Delta Dist = 1.006 | Delta Dist 10 = 4.690 | Delta Dist 100 = 4.542 | Delta Dist 1000 = 4.381 | Episode Length = 50 | Episode Return = 7.0 | Evaluator Episodes = 11708 | Evaluator Steps = 585400 | Final Dist = 2.600 | Final Dist 10 = 0.779 | Final Dist 100 = 1.405 | Final Dist 1000 = 1.411 | Init Dist = 3.606 | Init Dist 10 = 5.469 | Init Dist 100 = 5.947 | Init Dist 1000 = 5.792 | Learner Steps = 35920 | Learner Walltime = 7114.795 | Min Dist = 0.059 | Min Dist 10 = 0.211 | Min Dist 100 = 0.200 | Min Dist 1000 = 0.200 | Steps Per Second = 72.545 | Success = 1.000 | Success 1000 = 0.996
I0502 17:04:51.472841 139579566835264 terminal.py:91] [Evaluator] Actor Episodes = 46180 | Actor Steps = 2309000 | Delta Dist = 12.208 | Delta Dist 10 = 11.526 | Delta Dist 100 = 11.688 | Delta Dist 1000 = 11.491 | Episode Length = 50 | Episode Return = 24.0 | Evaluator Episodes = 11710 | Evaluator Steps = 585500 | Final Dist = 0.598 | Final Dist 10 = 1.280 | Final Dist 100 = 1.118 | Final Dist 1000 = 1.316 | Init Dist = 12.806 | Init Dist 10 = 12.806 | Init Dist 100 = 12.806 | Init Dist 1000 = 12.806 | Learner Steps = 35920 | Learner Walltime = 7114.795 | Min Dist = 0.514 | Min Dist 10 = 0.792 | Min Dist 100 = 0.567 | Min Dist 1000 = 0.678 | Steps Per Second = 82.587 | Success = 1.000 | Success 1000 = 0.884
I0502 17:04:52.651765 139579566835264 terminal.py:91] [Evaluator] Actor Episodes = 46188 | Actor Steps = 2309400 | Delta Dist = 12.654 | Delta Dist 10 = 11.550 | Delta Dist 100 = 11.677 | Delta Dist 1000 = 11.492 | Episode Length = 50 | Episode Return = 16.0 | Evaluator Episodes = 11712 | Evaluator Steps = 585600 | Final Dist = 0.153 | Final Dist 10 = 1.257 | Final Dist 100 = 1.129 | Final Dist 1000 = 1.315 | Init Dist = 12.806 | Init Dist 10 = 12.806 | Init Dist 100 = 12.806 | Init Dist 1000 = 12.806 | Learner Steps = 35926 | Learner Walltime = 7115.977 | Min Dist = 0.085 | Min Dist 10 = 0.772 | Min Dist 100 = 0.571 | Min Dist 1000 = 0.679 | Steps Per Second = 88.851 | Success = 1.000 | Success 1000 = 0.884
I0502 17:04:53.539041 139558059398720 terminal.py:91] [Actor] Actor Episodes = 46194 | Actor Steps = 2309700 | Delta Dist = 8.106 | Delta Dist 10 = 4.933 | Delta Dist 100 = 4.617 | Delta Dist 1000 = 4.393 | Episode Length = 50 | Episode Return = 34.0 | Evaluator Episodes = 11712 | Evaluator Steps = 585600 | Final Dist = 0.838 | Final Dist 10 = 0.375 | Final Dist 100 = 1.322 | Final Dist 1000 = 1.409 | Init Dist = 8.944 | Init Dist 10 = 5.308 | Init Dist 100 = 5.939 | Init Dist 1000 = 5.802 | Learner Steps = 35933 | Learner Walltime = 7117.253 | Min Dist = 0.064 | Min Dist 10 = 0.065 | Min Dist 100 = 0.196 | Min Dist 1000 = 0.200 | Steps Per Second = 73.984 | Success = 1.000 | Success 1000 = 0.996
I0502 17:04:53.964541 139579566835264 terminal.py:91] [Evaluator] Actor Episodes = 46196 | Actor Steps = 2309800 | Delta Dist = 11.611 | Delta Dist 10 = 11.569 | Delta Dist 100 = 11.684 | Delta Dist 1000 = 11.492 | Episode Length = 50 | Episode Return = 11.0 | Evaluator Episodes = 11714 | Evaluator Steps = 585700 | Final Dist = 1.195 | Final Dist 10 = 1.237 | Final Dist 100 = 1.122 | Final Dist 1000 = 1.314 | Init Dist = 12.806 | Init Dist 10 = 12.806 | Init Dist 100 = 12.806 | Init Dist 1000 = 12.806 | Learner Steps = 35933 | Learner Walltime = 7117.253 | Min Dist = 0.458 | Min Dist 10 = 0.710 | Min Dist 100 = 0.569 | Min Dist 1000 = 0.678 | Steps Per Second = 75.501 | Success = 1.000 | Success 1000 = 0.884
I0502 17:04:55.023930 139557462840896 terminal.py:91] [Actor] Actor Episodes = 46199 | Actor Steps = 2309950 | Delta Dist = 7.983 | Delta Dist 10 = 3.236 | Delta Dist 100 = 4.559 | Delta Dist 1000 = 4.380 | Episode Length = 50 | Episode Return = 39.0 | Evaluator Episodes = 11714 | Evaluator Steps = 585700 | Final Dist = 0.561 | Final Dist 10 = 1.328 | Final Dist 100 = 1.243 | Final Dist 1000 = 1.415 | Init Dist = 8.544 | Init Dist 10 = 4.564 | Init Dist 100 = 5.802 | Init Dist 1000 = 5.796 | Learner Steps = 35933 | Learner Walltime = 7117.253 | Min Dist = 0.201 | Min Dist 10 = 0.046 | Min Dist 100 = 0.190 | Min Dist 1000 = 0.201 | Steps Per Second = 74.854 | Success = 1.000 | Success 1000 = 0.996
I0502 17:04:55.181496 139579566835264 terminal.py:91] [Evaluator] Actor Episodes = 46204 | Actor Steps = 2310200 | Delta Dist = 11.697 | Delta Dist 10 = 11.512 | Delta Dist 100 = 11.691 | Delta Dist 1000 = 11.492 | Episode Length = 50 | Episode Return = 18.0 | Evaluator Episodes = 11716 | Evaluator Steps = 585800 | Final Dist = 1.109 | Final Dist 10 = 1.294 | Final Dist 100 = 1.116 | Final Dist 1000 = 1.315 | Init Dist = 12.806 | Init Dist 10 = 12.806 | Init Dist 100 = 12.806 | Init Dist 1000 = 12.806 | Learner Steps = 35939 | Learner Walltime = 7118.573 | Min Dist = 0.504 | Min Dist 10 = 0.744 | Min Dist 100 = 0.560 | Min Dist 1000 = 0.679 | Steps Per Second = 83.361 | Success = 1.000 | Success 1000 = 0.884
I0502 17:04:55.819828 139555013154368 terminal.py:91] [Learner] Actor Episodes = 46204 | Actor Loss = 3.751410722732544 | Actor Steps = 2310200 | Binary Accuracy = 0.996025800704956 | Categorical Accuracy = 0.431884765625 | Critic Loss = 1.7442798614501953 | Entropy Mean = -22.442508697509766 | Evaluator Episodes = 11716 | Evaluator Steps = 585800 | Learner Steps = 35947 | Learner Walltime = 7120.013 | Logits Neg = -17.428695678710938 | Logits Pos = -1.7110233306884766 | Logsumexp = 1.1846469640731812 | Steps Per Second = 604.711
I0502 17:04:56.194811 139555860620864 terminal.py:91] [Actor] Actor Episodes = 46212 | Actor Steps = 2310600 | Delta Dist = 6.628 | Delta Dist 10 = 4.123 | Delta Dist 100 = 4.641 | Delta Dist 1000 = 4.391 | Episode Length = 50 | Episode Return = 35.0 | Evaluator Episodes = 11716 | Evaluator Steps = 585800 | Final Dist = 0.081 | Final Dist 10 = 0.558 | Final Dist 100 = 1.151 | Final Dist 1000 = 1.407 | Init Dist = 6.708 | Init Dist 10 = 4.681 | Init Dist 100 = 5.791 | Init Dist 1000 = 5.798 | Learner Steps = 35944 | Learner Walltime = 7119.621 | Min Dist = 0.081 | Min Dist 10 = 0.047 | Min Dist 100 = 0.192 | Min Dist 1000 = 0.200 | Steps Per Second = 80.819 | Success = 1.000 | Success 1000 = 0.996
I0502 17:04:56.403433 139579566835264 terminal.py:91] [Evaluator] Actor Episodes = 46212 | Actor Steps = 2310600 | Delta Dist = 12.731 | Delta Dist 10 = 11.881 | Delta Dist 100 = 11.697 | Delta Dist 1000 = 11.492 | Episode Length = 50 | Episode Return = 23.0 | Evaluator Episodes = 11718 | Evaluator Steps = 585900 | Final Dist = 0.076 | Final Dist 10 = 0.926 | Final Dist 100 = 1.110 | Final Dist 1000 = 1.315 | Init Dist = 12.806 | Init Dist 10 = 12.806 | Init Dist 100 = 12.806 | Init Dist 1000 = 12.806 | Learner Steps = 35944 | Learner Walltime = 7119.621 | Min Dist = 0.065 | Min Dist 10 = 0.230 | Min Dist 100 = 0.547 | Min Dist 1000 = 0.678 | Steps Per Second = 86.489 | Success = 1.000 | Success 1000 = 0.884
I0502 17:04:57.606989 139579566835264 terminal.py:91] [Evaluator] Actor Episodes = 46220 | Actor Steps = 2311000 | Delta Dist = 11.820 | Delta Dist 10 = 11.913 | Delta Dist 100 = 11.711 | Delta Dist 1000 = 11.493 | Episode Length = 50 | Episode Return = 16.0 | Evaluator Episodes = 11720 | Evaluator Steps = 586000 | Final Dist = 0.986 | Final Dist 10 = 0.893 | Final Dist 100 = 1.095 | Final Dist 1000 = 1.313 | Init Dist = 12.806 | Init Dist 10 = 12.806 | Init Dist 100 = 12.806 | Init Dist 1000 = 12.806 | Learner Steps = 35951 | Learner Walltime = 7120.986 | Min Dist = 0.484 | Min Dist 10 = 0.209 | Min Dist 100 = 0.542 | Min Dist 1000 = 0.678 | Steps Per Second = 91.505 | Success = 1.000 | Success 1000 = 0.884
I0502 17:04:58.289428 139584504182336 lp_utils.py:96] StepsLimiter: Reached 2311100 recorded steps
I0502 17:04:58.920283 139579566835264 terminal.py:91] [Evaluator] Actor Episodes = 46228 | Actor Steps = 2311400 | Delta Dist = 12.190 | Delta Dist 10 = 11.842 | Delta Dist 100 = 11.697 | Delta Dist 1000 = 11.492 | Episode Length = 50 | Episode Return = 7.0 | Evaluator Episodes = 11722 | Evaluator Steps = 586100 | Final Dist = 0.617 | Final Dist 10 = 0.964 | Final Dist 100 = 1.109 | Final Dist 1000 = 1.314 | Init Dist = 12.806 | Init Dist 10 = 12.806 | Init Dist 100 = 12.806 | Init Dist 1000 = 12.806 | Learner Steps = 35958 | Learner Walltime = 7122.394 | Min Dist = 0.311 | Min Dist 10 = 0.223 | Min Dist 100 = 0.542 | Min Dist 1000 = 0.679 | Steps Per Second = 79.525 | Success = 1.000 | Success 1000 = 0.884
I0502 17:05:00.156773 139579566835264 terminal.py:91] [Evaluator] Actor Episodes = 46234 | Actor Steps = 2311700 | Delta Dist = 12.561 | Delta Dist 10 = 11.956 | Delta Dist 100 = 11.706 | Delta Dist 1000 = 11.499 | Episode Length = 50 | Episode Return = 21.0 | Evaluator Episodes = 11724 | Evaluator Steps = 586200 | Final Dist = 0.245 | Final Dist 10 = 0.851 | Final Dist 100 = 1.100 | Final Dist 1000 = 1.307 | Init Dist = 12.806 | Init Dist 10 = 12.806 | Init Dist 100 = 12.806 | Init Dist 1000 = 12.806 | Learner Steps = 35964 | Learner Walltime = 7123.647 | Min Dist = 0.111 | Min Dist 10 = 0.255 | Min Dist 100 = 0.542 | Min Dist 1000 = 0.674 | Steps Per Second = 86.213 | Success = 1.000 | Success 1000 = 0.885
I0502 17:05:01.487534 139579566835264 terminal.py:91] [Evaluator] Actor Episodes = 46242 | Actor Steps = 2312100 | Delta Dist = 11.467 | Delta Dist 10 = 12.026 | Delta Dist 100 = 11.699 | Delta Dist 1000 = 11.500 | Episode Length = 50 | Episode Return = 15.0 | Evaluator Episodes = 11726 | Evaluator Steps = 586300 | Final Dist = 1.339 | Final Dist 10 = 0.780 | Final Dist 100 = 1.107 | Final Dist 1000 = 1.306 | Init Dist = 12.806 | Init Dist 10 = 12.806 | Init Dist 100 = 12.806 | Init Dist 1000 = 12.806 | Learner Steps = 35970 | Learner Walltime = 7124.933 | Min Dist = 0.161 | Min Dist 10 = 0.221 | Min Dist 100 = 0.534 | Min Dist 1000 = 0.672 | Steps Per Second = 73.848 | Success = 1.000 | Success 1000 = 0.886
I0502 17:05:01.992438 139569349502528 terminal.py:91] [Actor] Actor Episodes = 46243 | Actor Steps = 2312150 | Delta Dist = 6.395 | Delta Dist 10 = 4.684 | Delta Dist 100 = 4.828 | Delta Dist 1000 = 4.431 | Episode Length = 50 | Episode Return = 38.0 | Evaluator Episodes = 11724 | Evaluator Steps = 586200 | Final Dist = 0.313 | Final Dist 10 = 1.535 | Final Dist 100 = 0.989 | Final Dist 1000 = 1.383 | Init Dist = 6.708 | Init Dist 10 = 6.218 | Init Dist 100 = 5.816 | Init Dist 1000 = 5.814 | Learner Steps = 35970 | Learner Walltime = 7124.933 | Min Dist = 0.037 | Min Dist 10 = 0.125 | Min Dist 100 = 0.101 | Min Dist 1000 = 0.201 | Steps Per Second = 75.092 | Success = 1.000 | Success 1000 = 0.996
I0502 17:05:02.723813 139579566835264 terminal.py:91] [Evaluator] Actor Episodes = 46250 | Actor Steps = 2312500 | Delta Dist = 11.436 | Delta Dist 10 = 12.123 | Delta Dist 100 = 11.698 | Delta Dist 1000 = 11.501 | Episode Length = 50 | Episode Return = 23.0 | Evaluator Episodes = 11728 | Evaluator Steps = 586400 | Final Dist = 1.370 | Final Dist 10 = 0.683 | Final Dist 100 = 1.108 | Final Dist 1000 = 1.305 | Init Dist = 12.806 | Init Dist 10 = 12.806 | Init Dist 100 = 12.806 | Init Dist 1000 = 12.806 | Learner Steps = 35976 | Learner Walltime = 7126.307 | Min Dist = 0.184 | Min Dist 10 = 0.165 | Min Dist 100 = 0.521 | Min Dist 1000 = 0.672 | Steps Per Second = 85.173 | Success = 1.000 | Success 1000 = 0.886
I0502 17:05:03.898568 139558059398720 terminal.py:91] [Actor] Actor Episodes = 46258 | Actor Steps = 2312900 | Delta Dist = 1.846 | Delta Dist 10 = 4.667 | Delta Dist 100 = 4.767 | Delta Dist 1000 = 4.433 | Episode Length = 50 | Episode Return = 30.0 | Evaluator Episodes = 11728 | Evaluator Steps = 586400 | Final Dist = 4.154 | Final Dist 10 = 0.763 | Final Dist 100 = 0.999 | Final Dist 1000 = 1.376 | Init Dist = 6.000 | Init Dist 10 = 5.430 | Init Dist 100 = 5.766 | Init Dist 1000 = 5.809 | Learner Steps = 35983 | Learner Walltime = 7127.768 | Min Dist = 0.146 | Min Dist 10 = 0.123 | Min Dist 100 = 0.107 | Min Dist 1000 = 0.201 | Steps Per Second = 84.795 | Success = 1.000 | Success 1000 = 0.996
I0502 17:05:03.929080 139579566835264 terminal.py:91] [Evaluator] Actor Episodes = 46258 | Actor Steps = 2312900 | Delta Dist = 12.550 | Delta Dist 10 = 11.940 | Delta Dist 100 = 11.696 | Delta Dist 1000 = 11.501 | Episode Length = 50 | Episode Return = 8.0 | Evaluator Episodes = 11730 | Evaluator Steps = 586500 | Final Dist = 0.256 | Final Dist 10 = 0.866 | Final Dist 100 = 1.110 | Final Dist 1000 = 1.306 | Init Dist = 12.806 | Init Dist 10 = 12.806 | Init Dist 100 = 12.806 | Init Dist 1000 = 12.806 | Learner Steps = 35983 | Learner Walltime = 7127.768 | Min Dist = 0.256 | Min Dist 10 = 0.194 | Min Dist 100 = 0.522 | Min Dist 1000 = 0.673 | Steps Per Second = 83.833 | Success = 1.000 | Success 1000 = 0.886
I0502 17:05:05.225104 139579566835264 terminal.py:91] [Evaluator] Actor Episodes = 46264 | Actor Steps = 2313200 | Delta Dist = 11.879 | Delta Dist 10 = 12.078 | Delta Dist 100 = 11.712 | Delta Dist 1000 = 11.501 | Episode Length = 50 | Episode Return = 21.0 | Evaluator Episodes = 11732 | Evaluator Steps = 586600 | Final Dist = 0.928 | Final Dist 10 = 0.729 | Final Dist 100 = 1.095 | Final Dist 1000 = 1.305 | Init Dist = 12.806 | Init Dist 10 = 12.806 | Init Dist 100 = 12.806 | Init Dist 1000 = 12.806 | Learner Steps = 35988 | Learner Walltime = 7128.789 | Min Dist = 0.059 | Min Dist 10 = 0.183 | Min Dist 100 = 0.520 | Min Dist 1000 = 0.673 | Steps Per Second = 81.497 | Success = 1.000 | Success 1000 = 0.886
I0502 17:05:05.396604 139557462840896 terminal.py:91] [Actor] Actor Episodes = 46263 | Actor Steps = 2313150 | Delta Dist = 1.941 | Delta Dist 10 = 2.170 | Delta Dist 100 = 4.359 | Delta Dist 1000 = 4.393 | Episode Length = 50 | Episode Return = 25.0 | Evaluator Episodes = 11730 | Evaluator Steps = 586500 | Final Dist = 0.888 | Final Dist 10 = 2.315 | Final Dist 100 = 1.115 | Final Dist 1000 = 1.392 | Init Dist = 2.828 | Init Dist 10 = 4.485 | Init Dist 100 = 5.473 | Init Dist 1000 = 5.785 | Learner Steps = 35988 | Learner Walltime = 7128.789 | Min Dist = 0.009 | Min Dist 10 = 0.090 | Min Dist 100 = 0.111 | Min Dist 1000 = 0.201 | Steps Per Second = 82.422 | Success = 1.000 | Success 1000 = 0.996
I0502 17:05:05.842881 139555013154368 terminal.py:91] [Learner] Actor Episodes = 46268 | Actor Loss = 3.704613208770752 | Actor Steps = 2313400 | Binary Accuracy = 0.9960031509399414 | Categorical Accuracy = 0.42193603515625 | Critic Loss = 1.7453901767730713 | Entropy Mean = -22.271320343017578 | Evaluator Episodes = 11732 | Evaluator Steps = 586600 | Learner Steps = 35994 | Learner Walltime = 7130.029 | Logits Neg = -17.29236602783203 | Logits Pos = -1.7275562286376953 | Logsumexp = 1.084298014640808 | Steps Per Second = 167.600
I0502 17:05:06.516143 139579566835264 terminal.py:91] [Evaluator] Actor Episodes = 46272 | Actor Steps = 2313600 | Delta Dist = 12.640 | Delta Dist 10 = 11.926 | Delta Dist 100 = 11.705 | Delta Dist 1000 = 11.501 | Episode Length = 50 | Episode Return = 9.0 | Evaluator Episodes = 11734 | Evaluator Steps = 586700 | Final Dist = 0.167 | Final Dist 10 = 0.880 | Final Dist 100 = 1.101 | Final Dist 1000 = 1.306 | Init Dist = 12.806 | Init Dist 10 = 12.806 | Init Dist 100 = 12.806 | Init Dist 1000 = 12.806 | Learner Steps = 35994 | Learner Walltime = 7130.029 | Min Dist = 0.158 | Min Dist 10 = 0.242 | Min Dist 100 = 0.523 | Min Dist 1000 = 0.674 | Steps Per Second = 75.421 | Success = 1.000 | Success 1000 = 0.886
I0502 17:05:06.629230 139555860620864 terminal.py:91] [Actor] Actor Episodes = 46276 | Actor Steps = 2313800 | Delta Dist = 3.437 | Delta Dist 10 = 5.849 | Delta Dist 100 = 4.462 | Delta Dist 1000 = 4.406 | Episode Length = 50 | Episode Return = 36.0 | Evaluator Episodes = 11734 | Evaluator Steps = 586700 | Final Dist = 4.625 | Final Dist 10 = 0.624 | Final Dist 100 = 1.070 | Final Dist 1000 = 1.385 | Init Dist = 8.062 | Init Dist 10 = 6.473 | Init Dist 100 = 5.532 | Init Dist 1000 = 5.792 | Learner Steps = 35994 | Learner Walltime = 7130.029 | Min Dist = 0.009 | Min Dist 10 = 0.060 | Min Dist 100 = 0.096 | Min Dist 1000 = 0.201 | Steps Per Second = 75.143 | Success = 1.000 | Success 1000 = 0.996
I0502 17:05:07.817981 139579566835264 terminal.py:91] [Evaluator] Actor Episodes = 46280 | Actor Steps = 2314000 | Delta Dist = 10.508 | Delta Dist 10 = 12.077 | Delta Dist 100 = 11.716 | Delta Dist 1000 = 11.502 | Episode Length = 50 | Episode Return = 0.0 | Evaluator Episodes = 11736 | Evaluator Steps = 586800 | Final Dist = 2.299 | Final Dist 10 = 0.729 | Final Dist 100 = 1.091 | Final Dist 1000 = 1.304 | Init Dist = 12.806 | Init Dist 10 = 12.806 | Init Dist 100 = 12.806 | Init Dist 1000 = 12.806 | Learner Steps = 36001 | Learner Walltime = 7131.328 | Min Dist = 1.445 | Min Dist 10 = 0.246 | Min Dist 100 = 0.521 | Min Dist 1000 = 0.674 | Steps Per Second = 72.945 | Success = 0.000 | Success 1000 = 0.886
I0502 17:05:08.309719 139584504182336 lp_utils.py:96] StepsLimiter: Reached 2314200 recorded steps
I0502 17:05:09.056957 139579566835264 terminal.py:91] [Evaluator] Actor Episodes = 46288 | Actor Steps = 2314400 | Delta Dist = 11.972 | Delta Dist 10 = 11.922 | Delta Dist 100 = 11.700 | Delta Dist 1000 = 11.500 | Episode Length = 50 | Episode Return = 27.0 | Evaluator Episodes = 11738 | Evaluator Steps = 586900 | Final Dist = 0.834 | Final Dist 10 = 0.884 | Final Dist 100 = 1.106 | Final Dist 1000 = 1.306 | Init Dist = 12.806 | Init Dist 10 = 12.806 | Init Dist 100 = 12.806 | Init Dist 1000 = 12.806 | Learner Steps = 36006 | Learner Walltime = 7132.332 | Min Dist = 0.064 | Min Dist 10 = 0.432 | Min Dist 100 = 0.540 | Min Dist 1000 = 0.675 | Steps Per Second = 81.100 | Success = 1.000 | Success 1000 = 0.885
I0502 17:05:10.290821 139579566835264 terminal.py:91] [Evaluator] Actor Episodes = 46296 | Actor Steps = 2314800 | Delta Dist = 6.576 | Delta Dist 10 = 11.951 | Delta Dist 100 = 11.688 | Delta Dist 1000 = 11.500 | Episode Length = 50 | Episode Return = 0.0 | Evaluator Episodes = 11740 | Evaluator Steps = 587000 | Final Dist = 6.230 | Final Dist 10 = 0.856 | Final Dist 100 = 1.118 | Final Dist 1000 = 1.306 | Init Dist = 12.806 | Init Dist 10 = 12.806 | Init Dist 100 = 12.806 | Init Dist 1000 = 12.806 | Learner Steps = 36012 | Learner Walltime = 7133.503 | Min Dist = 5.155 | Min Dist 10 = 0.403 | Min Dist 100 = 0.538 | Min Dist 1000 = 0.675 | Steps Per Second = 74.787 | Success = 0.000 | Success 1000 = 0.885
I0502 17:05:11.477912 139579566835264 terminal.py:91] [Evaluator] Actor Episodes = 46306 | Actor Steps = 2315300 | Delta Dist = 10.791 | Delta Dist 10 = 11.414 | Delta Dist 100 = 11.639 | Delta Dist 1000 = 11.495 | Episode Length = 50 | Episode Return = 0.0 | Evaluator Episodes = 11742 | Evaluator Steps = 587100 | Final Dist = 2.016 | Final Dist 10 = 1.392 | Final Dist 100 = 1.167 | Final Dist 1000 = 1.311 | Init Dist = 12.806 | Init Dist 10 = 12.806 | Init Dist 100 = 12.806 | Init Dist 1000 = 12.806 | Learner Steps = 36018 | Learner Walltime = 7134.661 | Min Dist = 1.320 | Min Dist 10 = 0.875 | Min Dist 100 = 0.587 | Min Dist 1000 = 0.679 | Steps Per Second = 79.357 | Success = 0.000 | Success 1000 = 0.885
I0502 17:05:12.178744 139569349502528 terminal.py:91] [Actor] Actor Episodes = 46309 | Actor Steps = 2315450 | Delta Dist = 8.825 | Delta Dist 10 = 4.718 | Delta Dist 100 = 4.287 | Delta Dist 1000 = 4.385 | Episode Length = 50 | Episode Return = 45.0 | Evaluator Episodes = 11742 | Evaluator Steps = 587100 | Final Dist = 0.395 | Final Dist 10 = 0.462 | Final Dist 100 = 1.430 | Final Dist 1000 = 1.396 | Init Dist = 9.220 | Init Dist 10 = 5.179 | Init Dist 100 = 5.718 | Init Dist 1000 = 5.781 | Learner Steps = 36023 | Learner Walltime = 7135.690 | Min Dist = 0.163 | Min Dist 10 = 0.075 | Min Dist 100 = 0.108 | Min Dist 1000 = 0.201 | Steps Per Second = 75.368 | Success = 1.000 | Success 1000 = 0.996
I0502 17:05:12.735973 139579566835264 terminal.py:91] [Evaluator] Actor Episodes = 46314 | Actor Steps = 2315700 | Delta Dist = 12.192 | Delta Dist 10 = 11.341 | Delta Dist 100 = 11.683 | Delta Dist 1000 = 11.495 | Episode Length = 50 | Episode Return = 19.0 | Evaluator Episodes = 11744 | Evaluator Steps = 587200 | Final Dist = 0.614 | Final Dist 10 = 1.466 | Final Dist 100 = 1.123 | Final Dist 1000 = 1.312 | Init Dist = 12.806 | Init Dist 10 = 12.806 | Init Dist 100 = 12.806 | Init Dist 1000 = 12.806 | Learner Steps = 36023 | Learner Walltime = 7135.690 | Min Dist = 0.030 | Min Dist 10 = 0.903 | Min Dist 100 = 0.544 | Min Dist 1000 = 0.679 | Steps Per Second = 83.597 | Success = 1.000 | Success 1000 = 0.885
I0502 17:05:13.937497 139579566835264 terminal.py:91] [Evaluator] Actor Episodes = 46320 | Actor Steps = 2316000 | Delta Dist = 11.584 | Delta Dist 10 = 11.165 | Delta Dist 100 = 11.685 | Delta Dist 1000 = 11.494 | Episode Length = 50 | Episode Return = 10.0 | Evaluator Episodes = 11746 | Evaluator Steps = 587300 | Final Dist = 1.222 | Final Dist 10 = 1.641 | Final Dist 100 = 1.121 | Final Dist 1000 = 1.312 | Init Dist = 12.806 | Init Dist 10 = 12.806 | Init Dist 100 = 12.806 | Init Dist 1000 = 12.806 | Learner Steps = 36029 | Learner Walltime = 7137.007 | Min Dist = 0.363 | Min Dist 10 = 0.901 | Min Dist 100 = 0.543 | Min Dist 1000 = 0.678 | Steps Per Second = 81.912 | Success = 1.000 | Success 1000 = 0.885
I0502 17:05:14.369655 139558059398720 terminal.py:91] [Actor] Actor Episodes = 46321 | Actor Steps = 2316050 | Delta Dist = 8.678 | Delta Dist 10 = 3.630 | Delta Dist 100 = 4.325 | Delta Dist 1000 = 4.370 | Episode Length = 50 | Episode Return = 35.0 | Evaluator Episodes = 11744 | Evaluator Steps = 587200 | Final Dist = 1.171 | Final Dist 10 = 2.453 | Final Dist 100 = 1.569 | Final Dist 1000 = 1.407 | Init Dist = 9.849 | Init Dist 10 = 6.083 | Init Dist 100 = 5.894 | Init Dist 1000 = 5.776 | Learner Steps = 36029 | Learner Walltime = 7137.007 | Min Dist = 0.003 | Min Dist 10 = 0.071 | Min Dist 100 = 0.099 | Min Dist 1000 = 0.201 | Steps Per Second = 95.479 | Success = 1.000 | Success 1000 = 0.996
I0502 17:05:15.181744 139579566835264 terminal.py:91] [Evaluator] Actor Episodes = 46330 | Actor Steps = 2316500 | Delta Dist = 12.366 | Delta Dist 10 = 11.265 | Delta Dist 100 = 11.685 | Delta Dist 1000 = 11.495 | Episode Length = 50 | Episode Return = 29.0 | Evaluator Episodes = 11748 | Evaluator Steps = 587400 | Final Dist = 0.440 | Final Dist 10 = 1.542 | Final Dist 100 = 1.121 | Final Dist 1000 = 1.311 | Init Dist = 12.806 | Init Dist 10 = 12.806 | Init Dist 100 = 12.806 | Init Dist 1000 = 12.806 | Learner Steps = 36041 | Learner Walltime = 7139.346 | Min Dist = 0.061 | Min Dist 10 = 0.748 | Min Dist 100 = 0.536 | Min Dist 1000 = 0.677 | Steps Per Second = 76.825 | Success = 1.000 | Success 1000 = 0.886
I0502 17:05:15.912598 139555013154368 terminal.py:91] [Learner] Actor Episodes = 46328 | Actor Loss = 3.6412110328674316 | Actor Steps = 2316400 | Binary Accuracy = 0.9959957599639893 | Categorical Accuracy = 0.4169921875 | Critic Loss = 1.7947319746017456 | Entropy Mean = -22.304473876953125 | Evaluator Episodes = 11746 | Evaluator Steps = 587300 | Learner Steps = 36045 | Learner Walltime = 7140.112 | Logits Neg = -17.23077964782715 | Logits Pos = -1.7770421504974365 | Logsumexp = 1.115470290184021 | Steps Per Second = 332.313
I0502 17:05:15.989159 139557462840896 terminal.py:91] [Actor] Actor Episodes = 46334 | Actor Steps = 2316700 | Delta Dist = -0.332 | Delta Dist 10 = 5.287 | Delta Dist 100 = 4.374 | Delta Dist 1000 = 4.406 | Episode Length = 50 | Episode Return = 40.0 | Evaluator Episodes = 11748 | Evaluator Steps = 587400 | Final Dist = 0.332 | Final Dist 10 = 1.314 | Final Dist 100 = 1.593 | Final Dist 1000 = 1.403 | Init Dist = 0.000 | Init Dist 10 = 6.600 | Init Dist 100 = 5.968 | Init Dist 1000 = 5.808 | Learner Steps = 36041 | Learner Walltime = 7139.346 | Min Dist = 0.000 | Min Dist 10 = 0.058 | Min Dist 100 = 0.094 | Min Dist 1000 = 0.201 | Steps Per Second = 78.312 | Success = 1.000 | Success 1000 = 0.996
I0502 17:05:16.355935 139579566835264 terminal.py:91] [Evaluator] Actor Episodes = 46336 | Actor Steps = 2316800 | Delta Dist = 12.260 | Delta Dist 10 = 11.240 | Delta Dist 100 = 11.675 | Delta Dist 1000 = 11.497 | Episode Length = 50 | Episode Return = 32.0 | Evaluator Episodes = 11750 | Evaluator Steps = 587500 | Final Dist = 0.546 | Final Dist 10 = 1.566 | Final Dist 100 = 1.131 | Final Dist 1000 = 1.310 | Init Dist = 12.806 | Init Dist 10 = 12.806 | Init Dist 100 = 12.806 | Init Dist 1000 = 12.806 | Learner Steps = 36047 | Learner Walltime = 7140.523 | Min Dist = 0.332 | Min Dist 10 = 0.754 | Min Dist 100 = 0.536 | Min Dist 1000 = 0.676 | Steps Per Second = 86.694 | Success = 1.000 | Success 1000 = 0.887
I0502 17:05:17.142492 139555860620864 terminal.py:91] [Actor] Actor Episodes = 46341 | Actor Steps = 2317050 | Delta Dist = 10.304 | Delta Dist 10 = 3.958 | Delta Dist 100 = 4.273 | Delta Dist 1000 = 4.400 | Episode Length = 50 | Episode Return = 19.0 | Evaluator Episodes = 11750 | Evaluator Steps = 587500 | Final Dist = 0.466 | Final Dist 10 = 1.879 | Final Dist 100 = 1.604 | Final Dist 1000 = 1.406 | Init Dist = 10.770 | Init Dist 10 = 5.836 | Init Dist 100 = 5.877 | Init Dist 1000 = 5.806 | Learner Steps = 36047 | Learner Walltime = 7140.523 | Min Dist = 0.088 | Min Dist 10 = 0.074 | Min Dist 100 = 0.091 | Min Dist 1000 = 0.201 | Steps Per Second = 83.123 | Success = 1.000 | Success 1000 = 0.996
I0502 17:05:17.649219 139579566835264 terminal.py:91] [Evaluator] Actor Episodes = 46346 | Actor Steps = 2317300 | Delta Dist = 11.778 | Delta Dist 10 = 11.726 | Delta Dist 100 = 11.676 | Delta Dist 1000 = 11.498 | Episode Length = 50 | Episode Return = 0.0 | Evaluator Episodes = 11752 | Evaluator Steps = 587600 | Final Dist = 1.029 | Final Dist 10 = 1.080 | Final Dist 100 = 1.130 | Final Dist 1000 = 1.308 | Init Dist = 12.806 | Init Dist 10 = 12.806 | Init Dist 100 = 12.806 | Init Dist 1000 = 12.806 | Learner Steps = 36054 | Learner Walltime = 7141.775 | Min Dist = 1.029 | Min Dist 10 = 0.261 | Min Dist 100 = 0.538 | Min Dist 1000 = 0.675 | Steps Per Second = 79.683 | Success = 0.000 | Success 1000 = 0.887
I0502 17:05:18.324934 139584504182336 lp_utils.py:96] StepsLimiter: Reached 2317400 recorded steps
I0502 17:05:18.905518 139579566835264 terminal.py:91] [Evaluator] Actor Episodes = 46354 | Actor Steps = 2317700 | Delta Dist = 11.541 | Delta Dist 10 = 11.794 | Delta Dist 100 = 11.676 | Delta Dist 1000 = 11.503 | Episode Length = 50 | Episode Return = 16.0 | Evaluator Episodes = 11754 | Evaluator Steps = 587700 | Final Dist = 1.266 | Final Dist 10 = 1.012 | Final Dist 100 = 1.130 | Final Dist 1000 = 1.304 | Init Dist = 12.806 | Init Dist 10 = 12.806 | Init Dist 100 = 12.806 | Init Dist 1000 = 12.806 | Learner Steps = 36059 | Learner Walltime = 7142.797 | Min Dist = 0.150 | Min Dist 10 = 0.236 | Min Dist 100 = 0.542 | Min Dist 1000 = 0.671 | Steps Per Second = 84.380 | Success = 1.000 | Success 1000 = 0.887
I0502 17:05:20.106920 139579566835264 terminal.py:91] [Evaluator] Actor Episodes = 46362 | Actor Steps = 2318100 | Delta Dist = 7.560 | Delta Dist 10 = 11.721 | Delta Dist 100 = 11.655 | Delta Dist 1000 = 11.503 | Episode Length = 50 | Episode Return = 0.0 | Evaluator Episodes = 11756 | Evaluator Steps = 587800 | Final Dist = 5.246 | Final Dist 10 = 1.085 | Final Dist 100 = 1.151 | Final Dist 1000 = 1.303 | Init Dist = 12.806 | Init Dist 10 = 12.806 | Init Dist 100 = 12.806 | Init Dist 1000 = 12.806 | Learner Steps = 36064 | Learner Walltime = 7143.814 | Min Dist = 5.246 | Min Dist 10 = 0.278 | Min Dist 100 = 0.543 | Min Dist 1000 = 0.670 | Steps Per Second = 79.591 | Success = 0.000 | Success 1000 = 0.888
I0502 17:05:21.365567 139579566835264 terminal.py:91] [Evaluator] Actor Episodes = 46370 | Actor Steps = 2318500 | Delta Dist = 11.875 | Delta Dist 10 = 11.319 | Delta Dist 100 = 11.682 | Delta Dist 1000 = 11.501 | Episode Length = 50 | Episode Return = 25.0 | Evaluator Episodes = 11758 | Evaluator Steps = 587900 | Final Dist = 0.931 | Final Dist 10 = 1.488 | Final Dist 100 = 1.124 | Final Dist 1000 = 1.305 | Init Dist = 12.806 | Init Dist 10 = 12.806 | Init Dist 100 = 12.806 | Init Dist 1000 = 12.806 | Learner Steps = 36070 | Learner Walltime = 7144.957 | Min Dist = 0.078 | Min Dist 10 = 0.756 | Min Dist 100 = 0.513 | Min Dist 1000 = 0.671 | Steps Per Second = 74.409 | Success = 1.000 | Success 1000 = 0.888
I0502 17:05:22.590711 139569349502528 terminal.py:91] [Actor] Actor Episodes = 46378 | Actor Steps = 2318900 | Delta Dist = -0.534 | Delta Dist 10 = 3.972 | Delta Dist 100 = 4.396 | Delta Dist 1000 = 4.392 | Episode Length = 50 | Episode Return = 38.0 | Evaluator Episodes = 11758 | Evaluator Steps = 587900 | Final Dist = 0.534 | Final Dist 10 = 1.825 | Final Dist 100 = 1.541 | Final Dist 1000 = 1.411 | Init Dist = 0.000 | Init Dist 10 = 5.797 | Init Dist 100 = 5.938 | Init Dist 1000 = 5.803 | Learner Steps = 36075 | Learner Walltime = 7145.992 | Min Dist = 0.000 | Min Dist 10 = 0.092 | Min Dist 100 = 0.076 | Min Dist 1000 = 0.201 | Steps Per Second = 79.711 | Success = 1.000 | Success 1000 = 0.996
I0502 17:05:22.627037 139579566835264 terminal.py:91] [Evaluator] Actor Episodes = 46378 | Actor Steps = 2318900 | Delta Dist = 11.267 | Delta Dist 10 = 11.325 | Delta Dist 100 = 11.682 | Delta Dist 1000 = 11.502 | Episode Length = 50 | Episode Return = 12.0 | Evaluator Episodes = 11760 | Evaluator Steps = 588000 | Final Dist = 1.539 | Final Dist 10 = 1.481 | Final Dist 100 = 1.124 | Final Dist 1000 = 1.304 | Init Dist = 12.806 | Init Dist 10 = 12.806 | Init Dist 100 = 12.806 | Init Dist 1000 = 12.806 | Learner Steps = 36075 | Learner Walltime = 7145.992 | Min Dist = 0.191 | Min Dist 10 = 0.772 | Min Dist 100 = 0.512 | Min Dist 1000 = 0.671 | Steps Per Second = 79.868 | Success = 1.000 | Success 1000 = 0.888
I0502 17:05:23.830391 139579566835264 terminal.py:91] [Evaluator] Actor Episodes = 46384 | Actor Steps = 2319200 | Delta Dist = 12.537 | Delta Dist 10 = 11.225 | Delta Dist 100 = 11.669 | Delta Dist 1000 = 11.502 | Episode Length = 50 | Episode Return = 27.0 | Evaluator Episodes = 11762 | Evaluator Steps = 588100 | Final Dist = 0.269 | Final Dist 10 = 1.581 | Final Dist 100 = 1.137 | Final Dist 1000 = 1.304 | Init Dist = 12.806 | Init Dist 10 = 12.806 | Init Dist 100 = 12.806 | Init Dist 1000 = 12.806 | Learner Steps = 36081 | Learner Walltime = 7147.067 | Min Dist = 0.086 | Min Dist 10 = 0.847 | Min Dist 100 = 0.522 | Min Dist 1000 = 0.671 | Steps Per Second = 86.884 | Success = 1.000 | Success 1000 = 0.888
I0502 17:05:24.381311 139558059398720 terminal.py:91] [Actor] Actor Episodes = 46385 | Actor Steps = 2319250 | Delta Dist = 2.822 | Delta Dist 10 = 4.302 | Delta Dist 100 = 4.320 | Delta Dist 1000 = 4.395 | Episode Length = 50 | Episode Return = 50.0 | Evaluator Episodes = 11760 | Evaluator Steps = 588000 | Final Dist = 0.178 | Final Dist 10 = 0.538 | Final Dist 100 = 1.330 | Final Dist 1000 = 1.393 | Init Dist = 3.000 | Init Dist 10 = 4.841 | Init Dist 100 = 5.650 | Init Dist 1000 = 5.788 | Learner Steps = 36081 | Learner Walltime = 7147.067 | Min Dist = 0.032 | Min Dist 10 = 0.066 | Min Dist 100 = 0.069 | Min Dist 1000 = 0.200 | Steps Per Second = 74.601 | Success = 1.000 | Success 1000 = 0.996
I0502 17:05:25.079714 139579566835264 terminal.py:91] [Evaluator] Actor Episodes = 46392 | Actor Steps = 2319600 | Delta Dist = 11.794 | Delta Dist 10 = 11.277 | Delta Dist 100 = 11.674 | Delta Dist 1000 = 11.503 | Episode Length = 50 | Episode Return = 25.0 | Evaluator Episodes = 11764 | Evaluator Steps = 588200 | Final Dist = 1.012 | Final Dist 10 = 1.530 | Final Dist 100 = 1.132 | Final Dist 1000 = 1.304 | Init Dist = 12.806 | Init Dist 10 = 12.806 | Init Dist 100 = 12.806 | Init Dist 1000 = 12.806 | Learner Steps = 36086 | Learner Walltime = 7148.157 | Min Dist = 0.245 | Min Dist 10 = 0.766 | Min Dist 100 = 0.518 | Min Dist 1000 = 0.671 | Steps Per Second = 80.132 | Success = 1.000 | Success 1000 = 0.888
I0502 17:05:25.904090 139584635659840 savers.py:156] Saving checkpoint: logs/contrastive_cpc_point_FourRooms_64/5dd72662-2788-11f0-b183-d85ed38c5779/checkpoints/counter
I0502 17:05:25.923262 139555013154368 terminal.py:91] [Learner] Actor Episodes = 46396 | Actor Loss = 3.61148738861084 | Actor Steps = 2319800 | Binary Accuracy = 0.9960768222808838 | Categorical Accuracy = 0.43133544921875 | Critic Loss = 1.745253562927246 | Entropy Mean = -20.83513641357422 | Evaluator Episodes = 11764 | Evaluator Steps = 588200 | Learner Steps = 36096 | Learner Walltime = 7150.115 | Logits Neg = -17.140731811523438 | Logits Pos = -1.7156083583831787 | Logsumexp = 1.0542815923690796 | Steps Per Second = 1179.594
I0502 17:05:25.990499 139557462840896 terminal.py:91] [Actor] Actor Episodes = 46398 | Actor Steps = 2319900 | Delta Dist = 8.005 | Delta Dist 10 = 2.310 | Delta Dist 100 = 4.217 | Delta Dist 1000 = 4.375 | Episode Length = 50 | Episode Return = 21.0 | Evaluator Episodes = 11764 | Evaluator Steps = 588200 | Final Dist = 0.597 | Final Dist 10 = 2.597 | Final Dist 100 = 1.371 | Final Dist 1000 = 1.412 | Init Dist = 8.602 | Init Dist 10 = 4.907 | Init Dist 100 = 5.588 | Init Dist 1000 = 5.787 | Learner Steps = 36092 | Learner Walltime = 7149.428 | Min Dist = 0.025 | Min Dist 10 = 0.088 | Min Dist 100 = 0.070 | Min Dist 1000 = 0.201 | Steps Per Second = 74.472 | Success = 1.000 | Success 1000 = 0.996
I0502 17:05:26.324702 139579566835264 terminal.py:91] [Evaluator] Actor Episodes = 46402 | Actor Steps = 2320100 | Delta Dist = 11.709 | Delta Dist 10 = 11.425 | Delta Dist 100 = 11.681 | Delta Dist 1000 = 11.505 | Episode Length = 50 | Episode Return = 4.0 | Evaluator Episodes = 11766 | Evaluator Steps = 588300 | Final Dist = 1.097 | Final Dist 10 = 1.381 | Final Dist 100 = 1.125 | Final Dist 1000 = 1.301 | Init Dist = 12.806 | Init Dist 10 = 12.806 | Init Dist 100 = 12.806 | Init Dist 1000 = 12.806 | Learner Steps = 36097 | Learner Walltime = 7150.459 | Min Dist = 0.263 | Min Dist 10 = 0.735 | Min Dist 100 = 0.516 | Min Dist 1000 = 0.670 | Steps Per Second = 80.494 | Success = 1.000 | Success 1000 = 0.888
I0502 17:05:27.456141 139579566835264 terminal.py:91] [Evaluator] Actor Episodes = 46408 | Actor Steps = 2320400 | Delta Dist = 11.753 | Delta Dist 10 = 11.874 | Delta Dist 100 = 11.674 | Delta Dist 1000 = 11.504 | Episode Length = 50 | Episode Return = 5.0 | Evaluator Episodes = 11768 | Evaluator Steps = 588400 | Final Dist = 1.054 | Final Dist 10 = 0.933 | Final Dist 100 = 1.132 | Final Dist 1000 = 1.302 | Init Dist = 12.806 | Init Dist 10 = 12.806 | Init Dist 100 = 12.806 | Init Dist 1000 = 12.806 | Learner Steps = 36097 | Learner Walltime = 7150.459 | Min Dist = 0.100 | Min Dist 10 = 0.267 | Min Dist 100 = 0.521 | Min Dist 1000 = 0.670 | Steps Per Second = 86.025 | Success = 1.000 | Success 1000 = 0.888
I0502 17:05:27.614926 139555860620864 terminal.py:91] [Actor] Actor Episodes = 46412 | Actor Steps = 2320600 | Delta Dist = 6.997 | Delta Dist 10 = 3.740 | Delta Dist 100 = 4.170 | Delta Dist 1000 = 4.370 | Episode Length = 50 | Episode Return = 43.0 | Evaluator Episodes = 11768 | Evaluator Steps = 588400 | Final Dist = 0.074 | Final Dist 10 = 0.677 | Final Dist 100 = 1.392 | Final Dist 1000 = 1.410 | Init Dist = 7.071 | Init Dist 10 = 4.417 | Init Dist 100 = 5.562 | Init Dist 1000 = 5.779 | Learner Steps = 36104 | Learner Walltime = 7151.737 | Min Dist = 0.071 | Min Dist 10 = 0.055 | Min Dist 100 = 0.068 | Min Dist 1000 = 0.200 | Steps Per Second = 82.296 | Success = 1.000 | Success 1000 = 0.996
I0502 17:05:28.344960 139584504182336 lp_utils.py:96] StepsLimiter: Reached 2320700 recorded steps
I0502 17:05:28.706980 139579566835264 terminal.py:91] [Evaluator] Actor Episodes = 46416 | Actor Steps = 2320800 | Delta Dist = 11.216 | Delta Dist 10 = 11.934 | Delta Dist 100 = 11.679 | Delta Dist 1000 = 11.509 | Episode Length = 50 | Episode Return = 3.0 | Evaluator Episodes = 11770 | Evaluator Steps = 588500 | Final Dist = 1.590 | Final Dist 10 = 0.872 | Final Dist 100 = 1.128 | Final Dist 1000 = 1.297 | Init Dist = 12.806 | Init Dist 10 = 12.806 | Init Dist 100 = 12.806 | Init Dist 1000 = 12.806 | Learner Steps = 36104 | Learner Walltime = 7151.737 | Min Dist = 0.550 | Min Dist 10 = 0.273 | Min Dist 100 = 0.520 | Min Dist 1000 = 0.664 | Steps Per Second = 80.423 | Success = 1.000 | Success 1000 = 0.889
I0502 17:05:29.886600 139579566835264 terminal.py:91] [Evaluator] Actor Episodes = 46424 | Actor Steps = 2321200 | Delta Dist = 12.336 | Delta Dist 10 = 11.964 | Delta Dist 100 = 11.666 | Delta Dist 1000 = 11.509 | Episode Length = 50 | Episode Return = 27.0 | Evaluator Episodes = 11772 | Evaluator Steps = 588600 | Final Dist = 0.470 | Final Dist 10 = 0.842 | Final Dist 100 = 1.140 | Final Dist 1000 = 1.297 | Init Dist = 12.806 | Init Dist 10 = 12.806 | Init Dist 100 = 12.806 | Init Dist 1000 = 12.806 | Learner Steps = 36110 | Learner Walltime = 7152.915 | Min Dist = 0.050 | Min Dist 10 = 0.221 | Min Dist 100 = 0.525 | Min Dist 1000 = 0.664 | Steps Per Second = 85.091 | Success = 1.000 | Success 1000 = 0.889
I0502 17:05:31.089128 139579566835264 terminal.py:91] [Evaluator] Actor Episodes = 46432 | Actor Steps = 2321600 | Delta Dist = 11.696 | Delta Dist 10 = 11.992 | Delta Dist 100 = 11.672 | Delta Dist 1000 = 11.515 | Episode Length = 50 | Episode Return = 0.0 | Evaluator Episodes = 11774 | Evaluator Steps = 588700 | Final Dist = 1.111 | Final Dist 10 = 0.814 | Final Dist 100 = 1.134 | Final Dist 1000 = 1.292 | Init Dist = 12.806 | Init Dist 10 = 12.806 | Init Dist 100 = 12.806 | Init Dist 1000 = 12.806 | Learner Steps = 36117 | Learner Walltime = 7154.267 | Min Dist = 1.036 | Min Dist 10 = 0.209 | Min Dist 100 = 0.524 | Min Dist 1000 = 0.658 | Steps Per Second = 73.608 | Success = 0.000 | Success 1000 = 0.890
I0502 17:05:32.338942 139579566835264 terminal.py:91] [Evaluator] Actor Episodes = 46440 | Actor Steps = 2322000 | Delta Dist = 11.944 | Delta Dist 10 = 11.974 | Delta Dist 100 = 11.675 | Delta Dist 1000 = 11.520 | Episode Length = 50 | Episode Return = 22.0 | Evaluator Episodes = 11776 | Evaluator Steps = 588800 | Final Dist = 0.862 | Final Dist 10 = 0.832 | Final Dist 100 = 1.131 | Final Dist 1000 = 1.286 | Init Dist = 12.806 | Init Dist 10 = 12.806 | Init Dist 100 = 12.806 | Init Dist 1000 = 12.806 | Learner Steps = 36127 | Learner Walltime = 7156.351 | Min Dist = 0.376 | Min Dist 10 = 0.294 | Min Dist 100 = 0.526 | Min Dist 1000 = 0.654 | Steps Per Second = 82.415 | Success = 1.000 | Success 1000 = 0.890
I0502 17:05:33.177995 139569349502528 terminal.py:91] [Actor] Actor Episodes = 46443 | Actor Steps = 2322150 | Delta Dist = 5.050 | Delta Dist 10 = 5.544 | Delta Dist 100 = 4.010 | Delta Dist 1000 = 4.336 | Episode Length = 50 | Episode Return = 26.0 | Evaluator Episodes = 11776 | Evaluator Steps = 588800 | Final Dist = 1.032 | Final Dist 10 = 1.014 | Final Dist 100 = 1.257 | Final Dist 1000 = 1.435 | Init Dist = 6.083 | Init Dist 10 = 6.558 | Init Dist 100 = 5.267 | Init Dist 1000 = 5.771 | Learner Steps = 36127 | Learner Walltime = 7156.351 | Min Dist = 0.045 | Min Dist 10 = 0.067 | Min Dist 100 = 0.068 | Min Dist 1000 = 0.201 | Steps Per Second = 77.805 | Success = 1.000 | Success 1000 = 0.996
I0502 17:05:33.516091 139579566835264 terminal.py:91] [Evaluator] Actor Episodes = 46448 | Actor Steps = 2322400 | Delta Dist = 12.696 | Delta Dist 10 = 11.994 | Delta Dist 100 = 11.685 | Delta Dist 1000 = 11.520 | Episode Length = 50 | Episode Return = 28.0 | Evaluator Episodes = 11778 | Evaluator Steps = 588900 | Final Dist = 0.110 | Final Dist 10 = 0.813 | Final Dist 100 = 1.121 | Final Dist 1000 = 1.286 | Init Dist = 12.806 | Init Dist 10 = 12.806 | Init Dist 100 = 12.806 | Init Dist 1000 = 12.806 | Learner Steps = 36133 | Learner Walltime = 7157.515 | Min Dist = 0.076 | Min Dist 10 = 0.301 | Min Dist 100 = 0.527 | Min Dist 1000 = 0.654 | Steps Per Second = 81.938 | Success = 1.000 | Success 1000 = 0.890
I0502 17:05:34.473109 139558059398720 terminal.py:91] [Actor] Actor Episodes = 46456 | Actor Steps = 2322800 | Delta Dist = 3.772 | Delta Dist 10 = 3.830 | Delta Dist 100 = 3.830 | Delta Dist 1000 = 4.339 | Episode Length = 50 | Episode Return = 20.0 | Evaluator Episodes = 11778 | Evaluator Steps = 588900 | Final Dist = 0.351 | Final Dist 10 = 2.404 | Final Dist 100 = 1.450 | Final Dist 1000 = 1.435 | Init Dist = 4.123 | Init Dist 10 = 6.233 | Init Dist 100 = 5.279 | Init Dist 1000 = 5.774 | Learner Steps = 36139 | Learner Walltime = 7158.647 | Min Dist = 0.232 | Min Dist 10 = 0.117 | Min Dist 100 = 0.074 | Min Dist 1000 = 0.201 | Steps Per Second = 84.471 | Success = 1.000 | Success 1000 = 0.996
I0502 17:05:34.697920 139579566835264 terminal.py:91] [Evaluator] Actor Episodes = 46456 | Actor Steps = 2322800 | Delta Dist = 12.536 | Delta Dist 10 = 12.081 | Delta Dist 100 = 11.703 | Delta Dist 1000 = 11.520 | Episode Length = 50 | Episode Return = 28.0 | Evaluator Episodes = 11780 | Evaluator Steps = 589000 | Final Dist = 0.270 | Final Dist 10 = 0.725 | Final Dist 100 = 1.103 | Final Dist 1000 = 1.286 | Init Dist = 12.806 | Init Dist 10 = 12.806 | Init Dist 100 = 12.806 | Init Dist 1000 = 12.806 | Learner Steps = 36139 | Learner Walltime = 7158.647 | Min Dist = 0.131 | Min Dist 10 = 0.289 | Min Dist 100 = 0.527 | Min Dist 1000 = 0.654 | Steps Per Second = 87.419 | Success = 1.000 | Success 1000 = 0.890
I0502 17:05:35.954907 139555013154368 terminal.py:91] [Learner] Actor Episodes = 46460 | Actor Loss = 3.82592511177063 | Actor Steps = 2323000 | Binary Accuracy = 0.9960222244262695 | Categorical Accuracy = 0.423828125 | Critic Loss = 1.7571086883544922 | Entropy Mean = -23.092082977294922 | Evaluator Episodes = 11780 | Evaluator Steps = 589000 | Learner Steps = 36147 | Learner Walltime = 7160.152 | Logits Neg = -17.366310119628906 | Logits Pos = -1.738004207611084 | Logsumexp = 1.0635223388671875 | Steps Per Second = 318.648
I0502 17:05:35.983358 139579566835264 terminal.py:91] [Evaluator] Actor Episodes = 46464 | Actor Steps = 2323200 | Delta Dist = 12.246 | Delta Dist 10 = 12.146 | Delta Dist 100 = 11.698 | Delta Dist 1000 = 11.520 | Episode Length = 50 | Episode Return = 19.0 | Evaluator Episodes = 11782 | Evaluator Steps = 589100 | Final Dist = 0.560 | Final Dist 10 = 0.661 | Final Dist 100 = 1.108 | Final Dist 1000 = 1.286 | Init Dist = 12.806 | Init Dist 10 = 12.806 | Init Dist 100 = 12.806 | Init Dist 1000 = 12.806 | Learner Steps = 36146 | Learner Walltime = 7159.951 | Min Dist = 0.043 | Min Dist 10 = 0.250 | Min Dist 100 = 0.519 | Min Dist 1000 = 0.654 | Steps Per Second = 82.374 | Success = 1.000 | Success 1000 = 0.890
I0502 17:05:36.398216 139557462840896 terminal.py:91] [Actor] Actor Episodes = 46463 | Actor Steps = 2323150 | Delta Dist = 6.272 | Delta Dist 10 = 3.997 | Delta Dist 100 = 3.780 | Delta Dist 1000 = 4.332 | Episode Length = 50 | Episode Return = 27.0 | Evaluator Episodes = 11780 | Evaluator Steps = 589000 | Final Dist = 0.131 | Final Dist 10 = 1.229 | Final Dist 100 = 1.489 | Final Dist 1000 = 1.434 | Init Dist = 6.403 | Init Dist 10 = 5.226 | Init Dist 100 = 5.269 | Init Dist 1000 = 5.766 | Learner Steps = 36146 | Learner Walltime = 7159.951 | Min Dist = 0.054 | Min Dist 10 = 0.051 | Min Dist 100 = 0.075 | Min Dist 1000 = 0.200 | Steps Per Second = 78.015 | Success = 1.000 | Success 1000 = 0.996
I0502 17:05:37.162210 139579566835264 terminal.py:91] [Evaluator] Actor Episodes = 46472 | Actor Steps = 2323600 | Delta Dist = 11.487 | Delta Dist 10 = 12.111 | Delta Dist 100 = 11.701 | Delta Dist 1000 = 11.520 | Episode Length = 50 | Episode Return = 24.0 | Evaluator Episodes = 11784 | Evaluator Steps = 589200 | Final Dist = 1.319 | Final Dist 10 = 0.696 | Final Dist 100 = 1.105 | Final Dist 1000 = 1.286 | Init Dist = 12.806 | Init Dist 10 = 12.806 | Init Dist 100 = 12.806 | Init Dist 1000 = 12.806 | Learner Steps = 36152 | Learner Walltime = 7161.323 | Min Dist = 0.085 | Min Dist 10 = 0.294 | Min Dist 100 = 0.515 | Min Dist 1000 = 0.654 | Steps Per Second = 80.443 | Success = 1.000 | Success 1000 = 0.890
I0502 17:05:37.704143 139583350109760 savers.py:156] Saving checkpoint: logs/contrastive_cpc_point_FourRooms_64/5dd72662-2788-11f0-b183-d85ed38c5779/checkpoints/learner
I0502 17:05:37.742165 139555860620864 terminal.py:91] [Actor] Actor Episodes = 46476 | Actor Steps = 2323800 | Delta Dist = 5.066 | Delta Dist 10 = 4.181 | Delta Dist 100 = 3.828 | Delta Dist 1000 = 4.337 | Episode Length = 50 | Episode Return = 44.0 | Evaluator Episodes = 11784 | Evaluator Steps = 589200 | Final Dist = 0.033 | Final Dist 10 = 1.838 | Final Dist 100 = 1.491 | Final Dist 1000 = 1.429 | Init Dist = 5.099 | Init Dist 10 = 6.019 | Init Dist 100 = 5.319 | Init Dist 1000 = 5.765 | Learner Steps = 36152 | Learner Walltime = 7161.323 | Min Dist = 0.027 | Min Dist 10 = 0.057 | Min Dist 100 = 0.071 | Min Dist 1000 = 0.199 | Steps Per Second = 84.860 | Success = 1.000 | Success 1000 = 0.996
I0502 17:05:38.282439 139579566835264 terminal.py:91] [Evaluator] Actor Episodes = 46478 | Actor Steps = 2323900 | Delta Dist = 11.487 | Delta Dist 10 = 12.024 | Delta Dist 100 = 11.696 | Delta Dist 1000 = 11.519 | Episode Length = 50 | Episode Return = 6.0 | Evaluator Episodes = 11786 | Evaluator Steps = 589300 | Final Dist = 1.320 | Final Dist 10 = 0.782 | Final Dist 100 = 1.111 | Final Dist 1000 = 1.287 | Init Dist = 12.806 | Init Dist 10 = 12.806 | Init Dist 100 = 12.806 | Init Dist 1000 = 12.806 | Learner Steps = 36157 | Learner Walltime = 7162.348 | Min Dist = 0.550 | Min Dist 10 = 0.212 | Min Dist 100 = 0.507 | Min Dist 1000 = 0.653 | Steps Per Second = 82.073 | Success = 1.000 | Success 1000 = 0.890
I0502 17:05:38.368029 139584504182336 lp_utils.py:96] StepsLimiter: Reached 2324000 recorded steps
I0502 17:05:39.415826 139579566835264 terminal.py:91] [Evaluator] Actor Episodes = 46488 | Actor Steps = 2324400 | Delta Dist = 12.400 | Delta Dist 10 = 11.916 | Delta Dist 100 = 11.691 | Delta Dist 1000 = 11.517 | Episode Length = 50 | Episode Return = 12.0 | Evaluator Episodes = 11788 | Evaluator Steps = 589400 | Final Dist = 0.406 | Final Dist 10 = 0.890 | Final Dist 100 = 1.116 | Final Dist 1000 = 1.289 | Init Dist = 12.806 | Init Dist 10 = 12.806 | Init Dist 100 = 12.806 | Init Dist 1000 = 12.806 | Learner Steps = 36164 | Learner Walltime = 7163.401 | Min Dist = 0.110 | Min Dist 10 = 0.215 | Min Dist 100 = 0.507 | Min Dist 1000 = 0.654 | Steps Per Second = 90.003 | Success = 1.000 | Success 1000 = 0.890
I0502 17:05:40.622856 139579566835264 terminal.py:91] [Evaluator] Actor Episodes = 46492 | Actor Steps = 2324600 | Delta Dist = 12.188 | Delta Dist 10 = 11.824 | Delta Dist 100 = 11.694 | Delta Dist 1000 = 11.519 | Episode Length = 50 | Episode Return = 11.0 | Evaluator Episodes = 11790 | Evaluator Steps = 589500 | Final Dist = 0.619 | Final Dist 10 = 0.982 | Final Dist 100 = 1.112 | Final Dist 1000 = 1.288 | Init Dist = 12.806 | Init Dist 10 = 12.806 | Init Dist 100 = 12.806 | Init Dist 1000 = 12.806 | Learner Steps = 36169 | Learner Walltime = 7164.416 | Min Dist = 0.264 | Min Dist 10 = 0.234 | Min Dist 100 = 0.505 | Min Dist 1000 = 0.653 | Steps Per Second = 91.157 | Success = 1.000 | Success 1000 = 0.890
I0502 17:05:41.779235 139579566835264 terminal.py:91] [Evaluator] Actor Episodes = 46500 | Actor Steps = 2325000 | Delta Dist = 12.736 | Delta Dist 10 = 11.768 | Delta Dist 100 = 11.697 | Delta Dist 1000 = 11.518 | Episode Length = 50 | Episode Return = 10.0 | Evaluator Episodes = 11792 | Evaluator Steps = 589600 | Final Dist = 0.070 | Final Dist 10 = 1.039 | Final Dist 100 = 1.109 | Final Dist 1000 = 1.288 | Init Dist = 12.806 | Init Dist 10 = 12.806 | Init Dist 100 = 12.806 | Init Dist 1000 = 12.806 | Learner Steps = 36174 | Learner Walltime = 7165.480 | Min Dist = 0.070 | Min Dist 10 = 0.243 | Min Dist 100 = 0.495 | Min Dist 1000 = 0.653 | Steps Per Second = 83.691 | Success = 1.000 | Success 1000 = 0.890
I0502 17:05:43.040756 139579566835264 terminal.py:91] [Evaluator] Actor Episodes = 46510 | Actor Steps = 2325500 | Delta Dist = 11.229 | Delta Dist 10 = 11.883 | Delta Dist 100 = 11.716 | Delta Dist 1000 = 11.520 | Episode Length = 50 | Episode Return = 17.0 | Evaluator Episodes = 11794 | Evaluator Steps = 589700 | Final Dist = 1.577 | Final Dist 10 = 0.923 | Final Dist 100 = 1.091 | Final Dist 1000 = 1.286 | Init Dist = 12.806 | Init Dist 10 = 12.806 | Init Dist 100 = 12.806 | Init Dist 1000 = 12.806 | Learner Steps = 36179 | Learner Walltime = 7166.679 | Min Dist = 0.067 | Min Dist 10 = 0.212 | Min Dist 100 = 0.485 | Min Dist 1000 = 0.652 | Steps Per Second = 86.087 | Success = 1.000 | Success 1000 = 0.891
I0502 17:05:43.628137 139569349502528 terminal.py:91] [Actor] Actor Episodes = 46514 | Actor Steps = 2325700 | Delta Dist = 2.804 | Delta Dist 10 = 3.555 | Delta Dist 100 = 4.540 | Delta Dist 1000 = 4.415 | Episode Length = 50 | Episode Return = 42.0 | Evaluator Episodes = 11794 | Evaluator Steps = 589700 | Final Dist = 0.359 | Final Dist 10 = 1.375 | Final Dist 100 = 1.369 | Final Dist 1000 = 1.392 | Init Dist = 3.162 | Init Dist 10 = 4.930 | Init Dist 100 = 5.909 | Init Dist 1000 = 5.806 | Learner Steps = 36179 | Learner Walltime = 7166.679 | Min Dist = 0.085 | Min Dist 10 = 0.079 | Min Dist 100 = 0.072 | Min Dist 1000 = 0.177 | Steps Per Second = 86.975 | Success = 1.000 | Success 1000 = 0.996
I0502 17:05:44.220329 139579566835264 terminal.py:91] [Evaluator] Actor Episodes = 46516 | Actor Steps = 2325800 | Delta Dist = 11.855 | Delta Dist 10 = 11.818 | Delta Dist 100 = 11.710 | Delta Dist 1000 = 11.520 | Episode Length = 50 | Episode Return = 21.0 | Evaluator Episodes = 11796 | Evaluator Steps = 589800 | Final Dist = 0.951 | Final Dist 10 = 0.988 | Final Dist 100 = 1.096 | Final Dist 1000 = 1.286 | Init Dist = 12.806 | Init Dist 10 = 12.806 | Init Dist 100 = 12.806 | Init Dist 1000 = 12.806 | Learner Steps = 36186 | Learner Walltime = 7167.917 | Min Dist = 0.028 | Min Dist 10 = 0.201 | Min Dist 100 = 0.473 | Min Dist 1000 = 0.651 | Steps Per Second = 78.708 | Success = 1.000 | Success 1000 = 0.892
I0502 17:05:45.002480 139558059398720 terminal.py:91] [Actor] Actor Episodes = 46521 | Actor Steps = 2326050 | Delta Dist = 7.440 | Delta Dist 10 = 4.156 | Delta Dist 100 = 4.504 | Delta Dist 1000 = 4.423 | Episode Length = 50 | Episode Return = 37.0 | Evaluator Episodes = 11796 | Evaluator Steps = 589800 | Final Dist = 0.176 | Final Dist 10 = 0.737 | Final Dist 100 = 1.386 | Final Dist 1000 = 1.389 | Init Dist = 7.616 | Init Dist 10 = 4.893 | Init Dist 100 = 5.890 | Init Dist 1000 = 5.812 | Learner Steps = 36186 | Learner Walltime = 7167.917 | Min Dist = 0.024 | Min Dist 10 = 0.065 | Min Dist 100 = 0.071 | Min Dist 1000 = 0.177 | Steps Per Second = 87.408 | Success = 1.000 | Success 1000 = 0.996
I0502 17:05:45.345570 139579566835264 terminal.py:91] [Evaluator] Actor Episodes = 46524 | Actor Steps = 2326200 | Delta Dist = 11.521 | Delta Dist 10 = 11.956 | Delta Dist 100 = 11.762 | Delta Dist 1000 = 11.521 | Episode Length = 50 | Episode Return = 21.0 | Evaluator Episodes = 11798 | Evaluator Steps = 589900 | Final Dist = 1.286 | Final Dist 10 = 0.850 | Final Dist 100 = 1.044 | Final Dist 1000 = 1.285 | Init Dist = 12.806 | Init Dist 10 = 12.806 | Init Dist 100 = 12.806 | Init Dist 1000 = 12.806 | Learner Steps = 36193 | Learner Walltime = 7169.179 | Min Dist = 0.125 | Min Dist 10 = 0.147 | Min Dist 100 = 0.411 | Min Dist 1000 = 0.651 | Steps Per Second = 91.828 | Success = 1.000 | Success 1000 = 0.892
I0502 17:05:46.107514 139555013154368 terminal.py:91] [Learner] Actor Episodes = 46530 | Actor Loss = 3.6187963485717773 | Actor Steps = 2326500 | Binary Accuracy = 0.9959895610809326 | Categorical Accuracy = 0.42022705078125 | Critic Loss = 1.7734344005584717 | Entropy Mean = -23.284748077392578 | Evaluator Episodes = 11798 | Evaluator Steps = 589900 | Learner Steps = 36198 | Learner Walltime = 7170.303 | Logits Neg = -17.616222381591797 | Logits Pos = -1.7610368728637695 | Logsumexp = 1.0819053649902344 | Steps Per Second = 131.922
I0502 17:05:46.530116 139579566835264 terminal.py:91] [Evaluator] Actor Episodes = 46532 | Actor Steps = 2326600 | Delta Dist = 11.356 | Delta Dist 10 = 11.915 | Delta Dist 100 = 11.765 | Delta Dist 1000 = 11.522 | Episode Length = 50 | Episode Return = 19.0 | Evaluator Episodes = 11800 | Evaluator Steps = 590000 | Final Dist = 1.451 | Final Dist 10 = 0.891 | Final Dist 100 = 1.041 | Final Dist 1000 = 1.284 | Init Dist = 12.806 | Init Dist 10 = 12.806 | Init Dist 100 = 12.806 | Init Dist 1000 = 12.806 | Learner Steps = 36198 | Learner Walltime = 7170.303 | Min Dist = 0.310 | Min Dist 10 = 0.118 | Min Dist 100 = 0.404 | Min Dist 1000 = 0.650 | Steps Per Second = 85.277 | Success = 1.000 | Success 1000 = 0.892
I0502 17:05:46.704110 139557462840896 terminal.py:91] [Actor] Actor Episodes = 46534 | Actor Steps = 2326700 | Delta Dist = 5.054 | Delta Dist 10 = 4.587 | Delta Dist 100 = 4.881 | Delta Dist 1000 = 4.440 | Episode Length = 50 | Episode Return = 44.0 | Evaluator Episodes = 11800 | Evaluator Steps = 590000 | Final Dist = 0.045 | Final Dist 10 = 0.932 | Final Dist 100 = 1.212 | Final Dist 1000 = 1.394 | Init Dist = 5.099 | Init Dist 10 = 5.519 | Init Dist 100 = 6.093 | Init Dist 1000 = 5.834 | Learner Steps = 36198 | Learner Walltime = 7170.303 | Min Dist = 0.045 | Min Dist 10 = 0.063 | Min Dist 100 = 0.068 | Min Dist 1000 = 0.177 | Steps Per Second = 78.625 | Success = 1.000 | Success 1000 = 0.996
I0502 17:05:47.746713 139579566835264 terminal.py:91] [Evaluator] Actor Episodes = 46540 | Actor Steps = 2327000 | Delta Dist = 10.832 | Delta Dist 10 = 11.949 | Delta Dist 100 = 11.766 | Delta Dist 1000 = 11.522 | Episode Length = 50 | Episode Return = 0.0 | Evaluator Episodes = 11802 | Evaluator Steps = 590100 | Final Dist = 1.974 | Final Dist 10 = 0.857 | Final Dist 100 = 1.040 | Final Dist 1000 = 1.285 | Init Dist = 12.806 | Init Dist 10 = 12.806 | Init Dist 100 = 12.806 | Init Dist 1000 = 12.806 | Learner Steps = 36205 | Learner Walltime = 7171.620 | Min Dist = 1.090 | Min Dist 10 = 0.132 | Min Dist 100 = 0.401 | Min Dist 1000 = 0.650 | Steps Per Second = 84.010 | Success = 0.000 | Success 1000 = 0.892
I0502 17:05:48.102108 139555860620864 terminal.py:91] [Actor] Actor Episodes = 46541 | Actor Steps = 2327050 | Delta Dist = 3.986 | Delta Dist 10 = 2.751 | Delta Dist 100 = 4.596 | Delta Dist 1000 = 4.434 | Episode Length = 50 | Episode Return = 17.0 | Evaluator Episodes = 11800 | Evaluator Steps = 590000 | Final Dist = 0.137 | Final Dist 10 = 3.708 | Final Dist 100 = 1.473 | Final Dist 1000 = 1.414 | Init Dist = 4.123 | Init Dist 10 = 6.460 | Init Dist 100 = 6.070 | Init Dist 1000 = 5.848 | Learner Steps = 36205 | Learner Walltime = 7171.620 | Min Dist = 0.029 | Min Dist 10 = 0.047 | Min Dist 100 = 0.067 | Min Dist 1000 = 0.176 | Steps Per Second = 79.207 | Success = 1.000 | Success 1000 = 0.996
I0502 17:05:48.386115 139584504182336 lp_utils.py:96] StepsLimiter: Reached 2327200 recorded steps
I0502 17:05:48.915157 139579566835264 terminal.py:91] [Evaluator] Actor Episodes = 46548 | Actor Steps = 2327400 | Delta Dist = 11.801 | Delta Dist 10 = 11.788 | Delta Dist 100 = 11.764 | Delta Dist 1000 = 11.526 | Episode Length = 50 | Episode Return = 25.0 | Evaluator Episodes = 11804 | Evaluator Steps = 590200 | Final Dist = 1.005 | Final Dist 10 = 1.018 | Final Dist 100 = 1.043 | Final Dist 1000 = 1.280 | Init Dist = 12.806 | Init Dist 10 = 12.806 | Init Dist 100 = 12.806 | Init Dist 1000 = 12.806 | Learner Steps = 36211 | Learner Walltime = 7172.834 | Min Dist = 0.031 | Min Dist 10 = 0.233 | Min Dist 100 = 0.406 | Min Dist 1000 = 0.646 | Steps Per Second = 81.420 | Success = 1.000 | Success 1000 = 0.892
I0502 17:05:50.054041 139579566835264 terminal.py:91] [Evaluator] Actor Episodes = 46556 | Actor Steps = 2327800 | Delta Dist = 11.408 | Delta Dist 10 = 11.844 | Delta Dist 100 = 11.759 | Delta Dist 1000 = 11.525 | Episode Length = 50 | Episode Return = 1.0 | Evaluator Episodes = 11806 | Evaluator Steps = 590300 | Final Dist = 1.398 | Final Dist 10 = 0.962 | Final Dist 100 = 1.048 | Final Dist 1000 = 1.281 | Init Dist = 12.806 | Init Dist 10 = 12.806 | Init Dist 100 = 12.806 | Init Dist 1000 = 12.806 | Learner Steps = 36218 | Learner Walltime = 7174.022 | Min Dist = 0.830 | Min Dist 10 = 0.224 | Min Dist 100 = 0.406 | Min Dist 1000 = 0.645 | Steps Per Second = 89.897 | Success = 1.000 | Success 1000 = 0.892
I0502 17:05:51.236162 139579566835264 terminal.py:91] [Evaluator] Actor Episodes = 46564 | Actor Steps = 2328200 | Delta Dist = 12.349 | Delta Dist 10 = 11.749 | Delta Dist 100 = 11.800 | Delta Dist 1000 = 11.536 | Episode Length = 50 | Episode Return = 14.0 | Evaluator Episodes = 11808 | Evaluator Steps = 590400 | Final Dist = 0.458 | Final Dist 10 = 1.057 | Final Dist 100 = 1.006 | Final Dist 1000 = 1.271 | Init Dist = 12.806 | Init Dist 10 = 12.806 | Init Dist 100 = 12.806 | Init Dist 1000 = 12.806 | Learner Steps = 36223 | Learner Walltime = 7175.183 | Min Dist = 0.235 | Min Dist 10 = 0.346 | Min Dist 100 = 0.361 | Min Dist 1000 = 0.636 | Steps Per Second = 78.745 | Success = 1.000 | Success 1000 = 0.894
I0502 17:05:52.482915 139579566835264 terminal.py:91] [Evaluator] Actor Episodes = 46572 | Actor Steps = 2328600 | Delta Dist = 12.045 | Delta Dist 10 = 11.264 | Delta Dist 100 = 11.739 | Delta Dist 1000 = 11.530 | Episode Length = 50 | Episode Return = 26.0 | Evaluator Episodes = 11810 | Evaluator Steps = 590500 | Final Dist = 0.762 | Final Dist 10 = 1.543 | Final Dist 100 = 1.068 | Final Dist 1000 = 1.276 | Init Dist = 12.806 | Init Dist 10 = 12.806 | Init Dist 100 = 12.806 | Init Dist 1000 = 12.806 | Learner Steps = 36229 | Learner Walltime = 7176.462 | Min Dist = 0.064 | Min Dist 10 = 0.914 | Min Dist 100 = 0.416 | Min Dist 1000 = 0.641 | Steps Per Second = 78.678 | Success = 1.000 | Success 1000 = 0.893
I0502 17:05:53.716557 139579566835264 terminal.py:91] [Evaluator] Actor Episodes = 46580 | Actor Steps = 2329000 | Delta Dist = 12.623 | Delta Dist 10 = 11.308 | Delta Dist 100 = 11.742 | Delta Dist 1000 = 11.531 | Episode Length = 50 | Episode Return = 29.0 | Evaluator Episodes = 11812 | Evaluator Steps = 590600 | Final Dist = 0.183 | Final Dist 10 = 1.498 | Final Dist 100 = 1.064 | Final Dist 1000 = 1.275 | Init Dist = 12.806 | Init Dist 10 = 12.806 | Init Dist 100 = 12.806 | Init Dist 1000 = 12.806 | Learner Steps = 36236 | Learner Walltime = 7177.647 | Min Dist = 0.099 | Min Dist 10 = 0.904 | Min Dist 100 = 0.414 | Min Dist 1000 = 0.641 | Steps Per Second = 77.850 | Success = 1.000 | Success 1000 = 0.893
I0502 17:05:53.963861 139569349502528 terminal.py:91] [Actor] Actor Episodes = 46579 | Actor Steps = 2328950 | Delta Dist = 8.924 | Delta Dist 10 = 5.373 | Delta Dist 100 = 4.675 | Delta Dist 1000 = 4.439 | Episode Length = 50 | Episode Return = 28.0 | Evaluator Episodes = 11810 | Evaluator Steps = 590500 | Final Dist = 0.296 | Final Dist 10 = 2.874 | Final Dist 100 = 1.689 | Final Dist 1000 = 1.414 | Init Dist = 9.220 | Init Dist 10 = 8.246 | Init Dist 100 = 6.365 | Init Dist 1000 = 5.853 | Learner Steps = 36229 | Learner Walltime = 7176.462 | Min Dist = 0.081 | Min Dist 10 = 0.997 | Min Dist 100 = 0.183 | Min Dist 1000 = 0.183 | Steps Per Second = 80.961 | Success = 1.000 | Success 1000 = 0.996
I0502 17:05:54.899215 139579566835264 terminal.py:91] [Evaluator] Actor Episodes = 46588 | Actor Steps = 2329400 | Delta Dist = 12.593 | Delta Dist 10 = 11.374 | Delta Dist 100 = 11.744 | Delta Dist 1000 = 11.530 | Episode Length = 50 | Episode Return = 25.0 | Evaluator Episodes = 11814 | Evaluator Steps = 590700 | Final Dist = 0.213 | Final Dist 10 = 1.433 | Final Dist 100 = 1.062 | Final Dist 1000 = 1.276 | Init Dist = 12.806 | Init Dist 10 = 12.806 | Init Dist 100 = 12.806 | Init Dist 1000 = 12.806 | Learner Steps = 36242 | Learner Walltime = 7178.896 | Min Dist = 0.135 | Min Dist 10 = 0.873 | Min Dist 100 = 0.422 | Min Dist 1000 = 0.641 | Steps Per Second = 85.588 | Success = 1.000 | Success 1000 = 0.893
I0502 17:05:55.198125 139558059398720 terminal.py:91] [Actor] Actor Episodes = 46590 | Actor Steps = 2329500 | Delta Dist = 5.636 | Delta Dist 10 = 4.468 | Delta Dist 100 = 4.630 | Delta Dist 1000 = 4.422 | Episode Length = 50 | Episode Return = 49.0 | Evaluator Episodes = 11814 | Evaluator Steps = 590700 | Final Dist = 0.446 | Final Dist 10 = 1.242 | Final Dist 100 = 1.652 | Final Dist 1000 = 1.415 | Init Dist = 6.083 | Init Dist 10 = 5.710 | Init Dist 100 = 6.282 | Init Dist 1000 = 5.837 | Learner Steps = 36242 | Learner Walltime = 7178.896 | Min Dist = 0.002 | Min Dist 10 = 0.113 | Min Dist 100 = 0.185 | Min Dist 1000 = 0.182 | Steps Per Second = 82.028 | Success = 1.000 | Success 1000 = 0.996
I0502 17:05:55.970152 139579566835264 terminal.py:91] [Evaluator] Actor Episodes = 46596 | Actor Steps = 2329800 | Delta Dist = 11.878 | Delta Dist 10 = 11.455 | Delta Dist 100 = 11.753 | Delta Dist 1000 = 11.530 | Episode Length = 50 | Episode Return = 19.0 | Evaluator Episodes = 11816 | Evaluator Steps = 590800 | Final Dist = 0.929 | Final Dist 10 = 1.351 | Final Dist 100 = 1.053 | Final Dist 1000 = 1.276 | Init Dist = 12.806 | Init Dist 10 = 12.806 | Init Dist 100 = 12.806 | Init Dist 1000 = 12.806 | Learner Steps = 36248 | Learner Walltime = 7180.096 | Min Dist = 0.178 | Min Dist 10 = 0.976 | Min Dist 100 = 0.429 | Min Dist 1000 = 0.642 | Steps Per Second = 92.713 | Success = 1.000 | Success 1000 = 0.892
I0502 17:05:56.126595 139555013154368 terminal.py:91] [Learner] Actor Episodes = 46594 | Actor Loss = 3.6297667026519775 | Actor Steps = 2329700 | Binary Accuracy = 0.9960379600524902 | Categorical Accuracy = 0.42242431640625 | Critic Loss = 1.766729474067688 | Entropy Mean = -23.167652130126953 | Evaluator Episodes = 11814 | Evaluator Steps = 590700 | Learner Steps = 36252 | Learner Walltime = 7180.327 | Logits Neg = -17.43081283569336 | Logits Pos = -1.7429355382919312 | Logsumexp = 1.0550554990768433 | Steps Per Second = 1477.355
I0502 17:05:57.150639 139557462840896 terminal.py:91] [Actor] Actor Episodes = 46601 | Actor Steps = 2330050 | Delta Dist = 1.168 | Delta Dist 10 = 3.547 | Delta Dist 100 = 4.026 | Delta Dist 1000 = 4.403 | Episode Length = 50 | Episode Return = 9.0 | Evaluator Episodes = 11816 | Evaluator Steps = 590800 | Final Dist = 0.247 | Final Dist 10 = 1.846 | Final Dist 100 = 1.974 | Final Dist 1000 = 1.433 | Init Dist = 1.414 | Init Dist 10 = 5.393 | Init Dist 100 = 6.000 | Init Dist 1000 = 5.835 | Learner Steps = 36248 | Learner Walltime = 7180.096 | Min Dist = 0.039 | Min Dist 10 = 0.111 | Min Dist 100 = 0.195 | Min Dist 1000 = 0.182 | Steps Per Second = 79.387 | Success = 1.000 | Success 1000 = 0.997
I0502 17:05:57.196883 139579566835264 terminal.py:91] [Evaluator] Actor Episodes = 46604 | Actor Steps = 2330200 | Delta Dist = 11.398 | Delta Dist 10 = 11.447 | Delta Dist 100 = 11.756 | Delta Dist 1000 = 11.530 | Episode Length = 50 | Episode Return = 4.0 | Evaluator Episodes = 11818 | Evaluator Steps = 590900 | Final Dist = 1.408 | Final Dist 10 = 1.359 | Final Dist 100 = 1.050 | Final Dist 1000 = 1.276 | Init Dist = 12.806 | Init Dist 10 = 12.806 | Init Dist 100 = 12.806 | Init Dist 1000 = 12.806 | Learner Steps = 36255 | Learner Walltime = 7181.349 | Min Dist = 0.421 | Min Dist 10 = 0.876 | Min Dist 100 = 0.425 | Min Dist 1000 = 0.641 | Steps Per Second = 80.316 | Success = 1.000 | Success 1000 = 0.892
I0502 17:05:58.279999 139555860620864 terminal.py:91] [Actor] Actor Episodes = 46610 | Actor Steps = 2330500 | Delta Dist = 1.297 | Delta Dist 10 = 4.704 | Delta Dist 100 = 4.020 | Delta Dist 1000 = 4.404 | Episode Length = 50 | Episode Return = 23.0 | Evaluator Episodes = 11818 | Evaluator Steps = 590900 | Final Dist = 0.703 | Final Dist 10 = 0.866 | Final Dist 100 = 1.919 | Final Dist 1000 = 1.421 | Init Dist = 2.000 | Init Dist 10 = 5.570 | Init Dist 100 = 5.939 | Init Dist 1000 = 5.826 | Learner Steps = 36255 | Learner Walltime = 7181.349 | Min Dist = 0.079 | Min Dist 10 = 0.200 | Min Dist 100 = 0.203 | Min Dist 1000 = 0.182 | Steps Per Second = 83.460 | Success = 1.000 | Success 1000 = 0.997
I0502 17:05:58.322558 139579566835264 terminal.py:91] [Evaluator] Actor Episodes = 46612 | Actor Steps = 2330600 | Delta Dist = 12.363 | Delta Dist 10 = 11.839 | Delta Dist 100 = 11.731 | Delta Dist 1000 = 11.530 | Episode Length = 50 | Episode Return = 33.0 | Evaluator Episodes = 11820 | Evaluator Steps = 591000 | Final Dist = 0.443 | Final Dist 10 = 0.967 | Final Dist 100 = 1.075 | Final Dist 1000 = 1.277 | Init Dist = 12.806 | Init Dist 10 = 12.806 | Init Dist 100 = 12.806 | Init Dist 1000 = 12.806 | Learner Steps = 36255 | Learner Walltime = 7181.349 | Min Dist = 0.093 | Min Dist 10 = 0.342 | Min Dist 100 = 0.429 | Min Dist 1000 = 0.642 | Steps Per Second = 83.965 | Success = 1.000 | Success 1000 = 0.892
I0502 17:05:58.404080 139584504182336 lp_utils.py:96] StepsLimiter: Reached 2330600 recorded steps
I0502 17:05:59.538257 139579566835264 terminal.py:91] [Evaluator] Actor Episodes = 46618 | Actor Steps = 2330900 | Delta Dist = 11.772 | Delta Dist 10 = 11.817 | Delta Dist 100 = 11.740 | Delta Dist 1000 = 11.530 | Episode Length = 50 | Episode Return = 14.0 | Evaluator Episodes = 11822 | Evaluator Steps = 591100 | Final Dist = 1.034 | Final Dist 10 = 0.990 | Final Dist 100 = 1.067 | Final Dist 1000 = 1.276 | Init Dist = 12.806 | Init Dist 10 = 12.806 | Init Dist 100 = 12.806 | Init Dist 1000 = 12.806 | Learner Steps = 36267 | Learner Walltime = 7183.702 | Min Dist = 0.219 | Min Dist 10 = 0.329 | Min Dist 100 = 0.425 | Min Dist 1000 = 0.641 | Steps Per Second = 79.975 | Success = 1.000 | Success 1000 = 0.892
I0502 17:06:00.691815 139579566835264 terminal.py:91] [Evaluator] Actor Episodes = 46624 | Actor Steps = 2331200 | Delta Dist = 12.470 | Delta Dist 10 = 11.776 | Delta Dist 100 = 11.726 | Delta Dist 1000 = 11.530 | Episode Length = 50 | Episode Return = 7.0 | Evaluator Episodes = 11824 | Evaluator Steps = 591200 | Final Dist = 0.337 | Final Dist 10 = 1.030 | Final Dist 100 = 1.080 | Final Dist 1000 = 1.276 | Init Dist = 12.806 | Init Dist 10 = 12.806 | Init Dist 100 = 12.806 | Init Dist 1000 = 12.806 | Learner Steps = 36267 | Learner Walltime = 7183.702 | Min Dist = 0.320 | Min Dist 10 = 0.361 | Min Dist 100 = 0.433 | Min Dist 1000 = 0.642 | Steps Per Second = 98.644 | Success = 1.000 | Success 1000 = 0.891
I0502 17:06:01.974252 139579566835264 terminal.py:91] [Evaluator] Actor Episodes = 46632 | Actor Steps = 2331600 | Delta Dist = 11.634 | Delta Dist 10 = 11.759 | Delta Dist 100 = 11.726 | Delta Dist 1000 = 11.530 | Episode Length = 50 | Episode Return = 21.0 | Evaluator Episodes = 11826 | Evaluator Steps = 591300 | Final Dist = 1.172 | Final Dist 10 = 1.047 | Final Dist 100 = 1.080 | Final Dist 1000 = 1.276 | Init Dist = 12.806 | Init Dist 10 = 12.806 | Init Dist 100 = 12.806 | Init Dist 1000 = 12.806 | Learner Steps = 36279 | Learner Walltime = 7186.159 | Min Dist = 0.267 | Min Dist 10 = 0.347 | Min Dist 100 = 0.441 | Min Dist 1000 = 0.643 | Steps Per Second = 75.779 | Success = 1.000 | Success 1000 = 0.891
I0502 17:06:03.126660 139579566835264 terminal.py:91] [Evaluator] Actor Episodes = 46640 | Actor Steps = 2332000 | Delta Dist = 11.494 | Delta Dist 10 = 11.739 | Delta Dist 100 = 11.718 | Delta Dist 1000 = 11.530 | Episode Length = 50 | Episode Return = 2.0 | Evaluator Episodes = 11828 | Evaluator Steps = 591400 | Final Dist = 1.313 | Final Dist 10 = 1.068 | Final Dist 100 = 1.088 | Final Dist 1000 = 1.276 | Init Dist = 12.806 | Init Dist 10 = 12.806 | Init Dist 100 = 12.806 | Init Dist 1000 = 12.806 | Learner Steps = 36279 | Learner Walltime = 7186.159 | Min Dist = 0.789 | Min Dist 10 = 0.360 | Min Dist 100 = 0.445 | Min Dist 1000 = 0.642 | Steps Per Second = 83.915 | Success = 1.000 | Success 1000 = 0.891
I0502 17:06:04.441137 139579566835264 terminal.py:91] [Evaluator] Actor Episodes = 46650 | Actor Steps = 2332500 | Delta Dist = 12.485 | Delta Dist 10 = 11.840 | Delta Dist 100 = 11.721 | Delta Dist 1000 = 11.530 | Episode Length = 50 | Episode Return = 24.0 | Evaluator Episodes = 11830 | Evaluator Steps = 591500 | Final Dist = 0.321 | Final Dist 10 = 0.966 | Final Dist 100 = 1.085 | Final Dist 1000 = 1.276 | Init Dist = 12.806 | Init Dist 10 = 12.806 | Init Dist 100 = 12.806 | Init Dist 1000 = 12.806 | Learner Steps = 36286 | Learner Walltime = 7187.486 | Min Dist = 0.085 | Min Dist 10 = 0.431 | Min Dist 100 = 0.453 | Min Dist 1000 = 0.643 | Steps Per Second = 72.920 | Success = 1.000 | Success 1000 = 0.891
I0502 17:06:04.662985 139569349502528 terminal.py:91] [Actor] Actor Episodes = 46652 | Actor Steps = 2332600 | Delta Dist = 1.383 | Delta Dist 10 = 4.756 | Delta Dist 100 = 4.224 | Delta Dist 1000 = 4.426 | Episode Length = 50 | Episode Return = 26.0 | Evaluator Episodes = 11830 | Evaluator Steps = 591500 | Final Dist = 1.779 | Final Dist 10 = 0.459 | Final Dist 100 = 1.956 | Final Dist 1000 = 1.442 | Init Dist = 3.162 | Init Dist 10 = 5.215 | Init Dist 100 = 6.180 | Init Dist 1000 = 5.868 | Learner Steps = 36293 | Learner Walltime = 7188.724 | Min Dist = 0.070 | Min Dist 10 = 0.083 | Min Dist 100 = 0.223 | Min Dist 1000 = 0.172 | Steps Per Second = 69.977 | Success = 1.000 | Success 1000 = 0.997
I0502 17:06:05.627251 139558059398720 terminal.py:91] [Actor] Actor Episodes = 46655 | Actor Steps = 2332750 | Delta Dist = 4.421 | Delta Dist 10 = 4.198 | Delta Dist 100 = 4.095 | Delta Dist 1000 = 4.438 | Episode Length = 50 | Episode Return = 0.0 | Evaluator Episodes = 11830 | Evaluator Steps = 591500 | Final Dist = 4.798 | Final Dist 10 = 2.386 | Final Dist 100 = 1.978 | Final Dist 1000 = 1.438 | Init Dist = 9.220 | Init Dist 10 = 6.584 | Init Dist 100 = 6.073 | Init Dist 1000 = 5.876 | Learner Steps = 36293 | Learner Walltime = 7188.724 | Min Dist = 0.095 | Min Dist 10 = 1.176 | Min Dist 100 = 0.332 | Min Dist 1000 = 0.175 | Steps Per Second = 85.977 | Success = 1.000 | Success 1000 = 0.997
I0502 17:06:05.646717 139579566835264 terminal.py:91] [Evaluator] Actor Episodes = 46656 | Actor Steps = 2332800 | Delta Dist = 12.334 | Delta Dist 10 = 11.880 | Delta Dist 100 = 11.720 | Delta Dist 1000 = 11.530 | Episode Length = 50 | Episode Return = 21.0 | Evaluator Episodes = 11832 | Evaluator Steps = 591600 | Final Dist = 0.473 | Final Dist 10 = 0.927 | Final Dist 100 = 1.087 | Final Dist 1000 = 1.276 | Init Dist = 12.806 | Init Dist 10 = 12.806 | Init Dist 100 = 12.806 | Init Dist 1000 = 12.806 | Learner Steps = 36293 | Learner Walltime = 7188.724 | Min Dist = 0.090 | Min Dist 10 = 0.428 | Min Dist 100 = 0.449 | Min Dist 1000 = 0.643 | Steps Per Second = 85.776 | Success = 1.000 | Success 1000 = 0.891
I0502 17:06:06.208794 139555013154368 terminal.py:91] [Learner] Actor Episodes = 46656 | Actor Loss = 3.649810314178467 | Actor Steps = 2332800 | Binary Accuracy = 0.9960269927978516 | Categorical Accuracy = 0.425048828125 | Critic Loss = 1.7475497722625732 | Entropy Mean = -22.85025978088379 | Evaluator Episodes = 11832 | Evaluator Steps = 591600 | Learner Steps = 36302 | Learner Walltime = 7190.407 | Logits Neg = -17.35708236694336 | Logits Pos = -1.7218161821365356 | Logsumexp = 1.1831903457641602 | Steps Per Second = 417.070
I0502 17:06:06.798298 139579566835264 terminal.py:91] [Evaluator] Actor Episodes = 46666 | Actor Steps = 2333300 | Delta Dist = 11.135 | Delta Dist 10 = 11.888 | Delta Dist 100 = 11.722 | Delta Dist 1000 = 11.531 | Episode Length = 50 | Episode Return = 0.0 | Evaluator Episodes = 11834 | Evaluator Steps = 591700 | Final Dist = 1.671 | Final Dist 10 = 0.918 | Final Dist 100 = 1.084 | Final Dist 1000 = 1.275 | Init Dist = 12.806 | Init Dist 10 = 12.806 | Init Dist 100 = 12.806 | Init Dist 1000 = 12.806 | Learner Steps = 36299 | Learner Walltime = 7189.905 | Min Dist = 1.086 | Min Dist 10 = 0.316 | Min Dist 100 = 0.440 | Min Dist 1000 = 0.643 | Steps Per Second = 81.967 | Success = 0.000 | Success 1000 = 0.891
I0502 17:06:07.358307 139557462840896 terminal.py:91] [Actor] Actor Episodes = 46667 | Actor Steps = 2333350 | Delta Dist = 12.560 | Delta Dist 10 = 4.071 | Delta Dist 100 = 4.150 | Delta Dist 1000 = 4.448 | Episode Length = 50 | Episode Return = 34.0 | Evaluator Episodes = 11832 | Evaluator Steps = 591600 | Final Dist = 0.168 | Final Dist 10 = 0.809 | Final Dist 100 = 1.890 | Final Dist 1000 = 1.419 | Init Dist = 12.728 | Init Dist 10 = 4.880 | Init Dist 100 = 6.040 | Init Dist 1000 = 5.867 | Learner Steps = 36299 | Learner Walltime = 7189.905 | Min Dist = 0.036 | Min Dist 10 = 0.108 | Min Dist 100 = 0.309 | Min Dist 1000 = 0.175 | Steps Per Second = 79.598 | Success = 1.000 | Success 1000 = 0.997
I0502 17:06:07.996833 139579566835264 terminal.py:91] [Evaluator] Actor Episodes = 46674 | Actor Steps = 2333700 | Delta Dist = 12.161 | Delta Dist 10 = 11.881 | Delta Dist 100 = 11.707 | Delta Dist 1000 = 11.531 | Episode Length = 50 | Episode Return = 27.0 | Evaluator Episodes = 11836 | Evaluator Steps = 591800 | Final Dist = 0.645 | Final Dist 10 = 0.926 | Final Dist 100 = 1.100 | Final Dist 1000 = 1.275 | Init Dist = 12.806 | Init Dist 10 = 12.806 | Init Dist 100 = 12.806 | Init Dist 1000 = 12.806 | Learner Steps = 36305 | Learner Walltime = 7191.023 | Min Dist = 0.194 | Min Dist 10 = 0.322 | Min Dist 100 = 0.449 | Min Dist 1000 = 0.643 | Steps Per Second = 86.098 | Success = 1.000 | Success 1000 = 0.890
I0502 17:06:08.417093 139584504182336 lp_utils.py:96] StepsLimiter: Reached 2333900 recorded steps
I0502 17:06:08.794144 139555860620864 terminal.py:91] [Actor] Actor Episodes = 46677 | Actor Steps = 2333850 | Delta Dist = 0.517 | Delta Dist 10 = 5.400 | Delta Dist 100 = 4.223 | Delta Dist 1000 = 4.453 | Episode Length = 50 | Episode Return = 0.0 | Evaluator Episodes = 11836 | Evaluator Steps = 591800 | Final Dist = 3.606 | Final Dist 10 = 1.181 | Final Dist 100 = 1.723 | Final Dist 1000 = 1.421 | Init Dist = 4.123 | Init Dist 10 = 6.581 | Init Dist 100 = 5.946 | Init Dist 1000 = 5.874 | Learner Steps = 36311 | Learner Walltime = 7192.253 | Min Dist = 0.197 | Min Dist 10 = 0.101 | Min Dist 100 = 0.221 | Min Dist 1000 = 0.175 | Steps Per Second = 93.008 | Success = 1.000 | Success 1000 = 0.997
I0502 17:06:09.151378 139579566835264 terminal.py:91] [Evaluator] Actor Episodes = 46682 | Actor Steps = 2334100 | Delta Dist = 12.291 | Delta Dist 10 = 11.947 | Delta Dist 100 = 11.720 | Delta Dist 1000 = 11.531 | Episode Length = 50 | Episode Return = 19.0 | Evaluator Episodes = 11838 | Evaluator Steps = 591900 | Final Dist = 0.515 | Final Dist 10 = 0.859 | Final Dist 100 = 1.086 | Final Dist 1000 = 1.276 | Init Dist = 12.806 | Init Dist 10 = 12.806 | Init Dist 100 = 12.806 | Init Dist 1000 = 12.806 | Learner Steps = 36311 | Learner Walltime = 7192.253 | Min Dist = 0.055 | Min Dist 10 = 0.318 | Min Dist 100 = 0.433 | Min Dist 1000 = 0.643 | Steps Per Second = 85.408 | Success = 1.000 | Success 1000 = 0.890
I0502 17:06:10.279870 139579566835264 terminal.py:91] [Evaluator] Actor Episodes = 46690 | Actor Steps = 2334500 | Delta Dist = 12.052 | Delta Dist 10 = 11.943 | Delta Dist 100 = 11.720 | Delta Dist 1000 = 11.536 | Episode Length = 50 | Episode Return = 2.0 | Evaluator Episodes = 11840 | Evaluator Steps = 592000 | Final Dist = 0.755 | Final Dist 10 = 0.864 | Final Dist 100 = 1.086 | Final Dist 1000 = 1.270 | Init Dist = 12.806 | Init Dist 10 = 12.806 | Init Dist 100 = 12.806 | Init Dist 1000 = 12.806 | Learner Steps = 36318 | Learner Walltime = 7193.367 | Min Dist = 0.755 | Min Dist 10 = 0.210 | Min Dist 100 = 0.434 | Min Dist 1000 = 0.638 | Steps Per Second = 93.353 | Success = 1.000 | Success 1000 = 0.891
I0502 17:06:11.404605 139579566835264 terminal.py:91] [Evaluator] Actor Episodes = 46696 | Actor Steps = 2334800 | Delta Dist = 11.631 | Delta Dist 10 = 11.925 | Delta Dist 100 = 11.771 | Delta Dist 1000 = 11.538 | Episode Length = 50 | Episode Return = 2.0 | Evaluator Episodes = 11842 | Evaluator Steps = 592100 | Final Dist = 1.175 | Final Dist 10 = 0.881 | Final Dist 100 = 1.035 | Final Dist 1000 = 1.269 | Init Dist = 12.806 | Init Dist 10 = 12.806 | Init Dist 100 = 12.806 | Init Dist 1000 = 12.806 | Learner Steps = 36330 | Learner Walltime = 7195.599 | Min Dist = 0.061 | Min Dist 10 = 0.308 | Min Dist 100 = 0.392 | Min Dist 1000 = 0.639 | Steps Per Second = 84.218 | Success = 1.000 | Success 1000 = 0.891
I0502 17:06:12.576353 139579566835264 terminal.py:91] [Evaluator] Actor Episodes = 46704 | Actor Steps = 2335200 | Delta Dist = 11.451 | Delta Dist 10 = 11.892 | Delta Dist 100 = 11.778 | Delta Dist 1000 = 11.537 | Episode Length = 50 | Episode Return = 25.0 | Evaluator Episodes = 11844 | Evaluator Steps = 592200 | Final Dist = 1.355 | Final Dist 10 = 0.915 | Final Dist 100 = 1.029 | Final Dist 1000 = 1.270 | Init Dist = 12.806 | Init Dist 10 = 12.806 | Init Dist 100 = 12.806 | Init Dist 1000 = 12.806 | Learner Steps = 36330 | Learner Walltime = 7195.599 | Min Dist = 0.031 | Min Dist 10 = 0.311 | Min Dist 100 = 0.381 | Min Dist 1000 = 0.639 | Steps Per Second = 90.069 | Success = 1.000 | Success 1000 = 0.891
I0502 17:06:13.794014 139579566835264 terminal.py:91] [Evaluator] Actor Episodes = 46712 | Actor Steps = 2335600 | Delta Dist = 11.636 | Delta Dist 10 = 11.876 | Delta Dist 100 = 11.778 | Delta Dist 1000 = 11.536 | Episode Length = 50 | Episode Return = 24.0 | Evaluator Episodes = 11846 | Evaluator Steps = 592300 | Final Dist = 1.170 | Final Dist 10 = 0.930 | Final Dist 100 = 1.028 | Final Dist 1000 = 1.270 | Init Dist = 12.806 | Init Dist 10 = 12.806 | Init Dist 100 = 12.806 | Init Dist 1000 = 12.806 | Learner Steps = 36342 | Learner Walltime = 7197.957 | Min Dist = 0.042 | Min Dist 10 = 0.264 | Min Dist 100 = 0.385 | Min Dist 1000 = 0.639 | Steps Per Second = 80.133 | Success = 1.000 | Success 1000 = 0.891
I0502 17:06:14.916814 139569349502528 terminal.py:91] [Actor] Actor Episodes = 46719 | Actor Steps = 2335950 | Delta Dist = 2.722 | Delta Dist 10 = 3.180 | Delta Dist 100 = 4.413 | Delta Dist 1000 = 4.421 | Episode Length = 50 | Episode Return = 18.0 | Evaluator Episodes = 11846 | Evaluator Steps = 592300 | Final Dist = 0.107 | Final Dist 10 = 2.154 | Final Dist 100 = 1.663 | Final Dist 1000 = 1.441 | Init Dist = 2.828 | Init Dist 10 = 5.334 | Init Dist 100 = 6.076 | Init Dist 1000 = 5.861 | Learner Steps = 36342 | Learner Walltime = 7197.957 | Min Dist = 0.047 | Min Dist 10 = 0.054 | Min Dist 100 = 0.282 | Min Dist 1000 = 0.176 | Steps Per Second = 83.236 | Success = 1.000 | Success 1000 = 0.997
I0502 17:06:14.929380 139579566835264 terminal.py:91] [Evaluator] Actor Episodes = 46720 | Actor Steps = 2336000 | Delta Dist = 6.038 | Delta Dist 10 = 11.833 | Delta Dist 100 = 11.777 | Delta Dist 1000 = 11.536 | Episode Length = 50 | Episode Return = 0.0 | Evaluator Episodes = 11848 | Evaluator Steps = 592400 | Final Dist = 6.768 | Final Dist 10 = 0.973 | Final Dist 100 = 1.029 | Final Dist 1000 = 1.270 | Init Dist = 12.806 | Init Dist 10 = 12.806 | Init Dist 100 = 12.806 | Init Dist 1000 = 12.806 | Learner Steps = 36347 | Learner Walltime = 7199.066 | Min Dist = 5.197 | Min Dist 10 = 0.220 | Min Dist 100 = 0.381 | Min Dist 1000 = 0.639 | Steps Per Second = 86.449 | Success = 0.000 | Success 1000 = 0.891
I0502 17:06:15.688798 139558059398720 terminal.py:91] [Actor] Actor Episodes = 46728 | Actor Steps = 2336400 | Delta Dist = 2.052 | Delta Dist 10 = 2.572 | Delta Dist 100 = 4.280 | Delta Dist 1000 = 4.416 | Episode Length = 50 | Episode Return = 15.0 | Evaluator Episodes = 11848 | Evaluator Steps = 592400 | Final Dist = 1.110 | Final Dist 10 = 2.478 | Final Dist 100 = 1.689 | Final Dist 1000 = 1.438 | Init Dist = 3.162 | Init Dist 10 = 5.050 | Init Dist 100 = 5.970 | Init Dist 1000 = 5.854 | Learner Steps = 36347 | Learner Walltime = 7199.066 | Min Dist = 0.308 | Min Dist 10 = 0.054 | Min Dist 100 = 0.280 | Min Dist 1000 = 0.168 | Steps Per Second = 102.713 | Success = 1.000 | Success 1000 = 0.997
I0502 17:06:16.037373 139579566835264 terminal.py:91] [Evaluator] Actor Episodes = 46728 | Actor Steps = 2336400 | Delta Dist = 11.947 | Delta Dist 10 = 11.102 | Delta Dist 100 = 11.707 | Delta Dist 1000 = 11.529 | Episode Length = 50 | Episode Return = 10.0 | Evaluator Episodes = 11850 | Evaluator Steps = 592500 | Final Dist = 0.860 | Final Dist 10 = 1.704 | Final Dist 100 = 1.100 | Final Dist 1000 = 1.277 | Init Dist = 12.806 | Init Dist 10 = 12.806 | Init Dist 100 = 12.806 | Init Dist 1000 = 12.806 | Learner Steps = 36347 | Learner Walltime = 7199.066 | Min Dist = 0.070 | Min Dist 10 = 0.959 | Min Dist 100 = 0.454 | Min Dist 1000 = 0.646 | Steps Per Second = 91.985 | Success = 1.000 | Success 1000 = 0.889
I0502 17:06:16.255835 139555013154368 terminal.py:91] [Learner] Actor Episodes = 46728 | Actor Loss = 3.6874680519104004 | Actor Steps = 2336400 | Binary Accuracy = 0.9961333274841309 | Categorical Accuracy = 0.44378662109375 | Critic Loss = 1.7021474838256836 | Entropy Mean = -23.10924530029297 | Evaluator Episodes = 11850 | Evaluator Steps = 592500 | Learner Steps = 36356 | Learner Walltime = 7200.452 | Logits Neg = -17.427318572998047 | Logits Pos = -1.670945405960083 | Logsumexp = 1.0252397060394287 | Steps Per Second = 937.042
I0502 17:06:17.210131 139579566835264 terminal.py:91] [Evaluator] Actor Episodes = 46736 | Actor Steps = 2336800 | Delta Dist = 11.621 | Delta Dist 10 = 11.072 | Delta Dist 100 = 11.705 | Delta Dist 1000 = 11.529 | Episode Length = 50 | Episode Return = 27.0 | Evaluator Episodes = 11852 | Evaluator Steps = 592600 | Final Dist = 1.185 | Final Dist 10 = 1.734 | Final Dist 100 = 1.101 | Final Dist 1000 = 1.277 | Init Dist = 12.806 | Init Dist 10 = 12.806 | Init Dist 100 = 12.806 | Init Dist 1000 = 12.806 | Learner Steps = 36354 | Learner Walltime = 7200.336 | Min Dist = 0.067 | Min Dist 10 = 0.852 | Min Dist 100 = 0.451 | Min Dist 1000 = 0.645 | Steps Per Second = 82.789 | Success = 1.000 | Success 1000 = 0.889
I0502 17:06:17.386651 139557462840896 terminal.py:91] [Actor] Actor Episodes = 46738 | Actor Steps = 2336900 | Delta Dist = 7.188 | Delta Dist 10 = 2.184 | Delta Dist 100 = 3.903 | Delta Dist 1000 = 4.393 | Episode Length = 50 | Episode Return = 37.0 | Evaluator Episodes = 11852 | Evaluator Steps = 592600 | Final Dist = 0.092 | Final Dist 10 = 0.857 | Final Dist 100 = 1.550 | Final Dist 1000 = 1.439 | Init Dist = 7.280 | Init Dist 10 = 3.041 | Init Dist 100 = 5.453 | Init Dist 1000 = 5.832 | Learner Steps = 36360 | Learner Walltime = 7201.549 | Min Dist = 0.022 | Min Dist 10 = 0.052 | Min Dist 100 = 0.272 | Min Dist 1000 = 0.168 | Steps Per Second = 81.138 | Success = 1.000 | Success 1000 = 0.997
I0502 17:06:18.325210 139579566835264 terminal.py:91] [Evaluator] Actor Episodes = 46744 | Actor Steps = 2337200 | Delta Dist = 12.009 | Delta Dist 10 = 11.069 | Delta Dist 100 = 11.705 | Delta Dist 1000 = 11.529 | Episode Length = 50 | Episode Return = 8.0 | Evaluator Episodes = 11854 | Evaluator Steps = 592700 | Final Dist = 0.797 | Final Dist 10 = 1.738 | Final Dist 100 = 1.101 | Final Dist 1000 = 1.278 | Init Dist = 12.806 | Init Dist 10 = 12.806 | Init Dist 100 = 12.806 | Init Dist 1000 = 12.806 | Learner Steps = 36360 | Learner Walltime = 7201.549 | Min Dist = 0.113 | Min Dist 10 = 0.896 | Min Dist 100 = 0.447 | Min Dist 1000 = 0.645 | Steps Per Second = 88.115 | Success = 1.000 | Success 1000 = 0.889
I0502 17:06:18.434558 139584504182336 lp_utils.py:96] StepsLimiter: Reached 2337200 recorded steps
I0502 17:06:19.071291 139555860620864 terminal.py:91] [Actor] Actor Episodes = 46750 | Actor Steps = 2337500 | Delta Dist = 6.818 | Delta Dist 10 = 5.185 | Delta Dist 100 = 4.036 | Delta Dist 1000 = 4.405 | Episode Length = 50 | Episode Return = 35.0 | Evaluator Episodes = 11854 | Evaluator Steps = 592700 | Final Dist = 0.462 | Final Dist 10 = 0.676 | Final Dist 100 = 1.460 | Final Dist 1000 = 1.432 | Init Dist = 7.280 | Init Dist 10 = 5.860 | Init Dist 100 = 5.496 | Init Dist 1000 = 5.837 | Learner Steps = 36366 | Learner Walltime = 7202.680 | Min Dist = 0.053 | Min Dist 10 = 0.184 | Min Dist 100 = 0.281 | Min Dist 1000 = 0.169 | Steps Per Second = 83.009 | Success = 1.000 | Success 1000 = 0.996
I0502 17:06:19.506835 139579566835264 terminal.py:91] [Evaluator] Actor Episodes = 46752 | Actor Steps = 2337600 | Delta Dist = 11.346 | Delta Dist 10 = 11.087 | Delta Dist 100 = 11.714 | Delta Dist 1000 = 11.529 | Episode Length = 50 | Episode Return = 21.0 | Evaluator Episodes = 11856 | Evaluator Steps = 592800 | Final Dist = 1.460 | Final Dist 10 = 1.719 | Final Dist 100 = 1.092 | Final Dist 1000 = 1.277 | Init Dist = 12.806 | Init Dist 10 = 12.806 | Init Dist 100 = 12.806 | Init Dist 1000 = 12.806 | Learner Steps = 36366 | Learner Walltime = 7202.680 | Min Dist = 0.286 | Min Dist 10 = 0.852 | Min Dist 100 = 0.443 | Min Dist 1000 = 0.645 | Steps Per Second = 85.185 | Success = 1.000 | Success 1000 = 0.889
I0502 17:06:20.712975 139579566835264 terminal.py:91] [Evaluator] Actor Episodes = 46760 | Actor Steps = 2338000 | Delta Dist = 4.242 | Delta Dist 10 = 11.070 | Delta Dist 100 = 11.752 | Delta Dist 1000 = 11.528 | Episode Length = 50 | Episode Return = 0.0 | Evaluator Episodes = 11858 | Evaluator Steps = 592900 | Final Dist = 8.564 | Final Dist 10 = 1.736 | Final Dist 100 = 1.054 | Final Dist 1000 = 1.278 | Init Dist = 12.806 | Init Dist 10 = 12.806 | Init Dist 100 = 12.806 | Init Dist 1000 = 12.806 | Learner Steps = 36372 | Learner Walltime = 7203.895 | Min Dist = 8.561 | Min Dist 10 = 0.898 | Min Dist 100 = 0.395 | Min Dist 1000 = 0.645 | Steps Per Second = 81.338 | Success = 0.000 | Success 1000 = 0.889
I0502 17:06:21.871500 139579566835264 terminal.py:91] [Evaluator] Actor Episodes = 46768 | Actor Steps = 2338400 | Delta Dist = 11.665 | Delta Dist 10 = 11.066 | Delta Dist 100 = 11.681 | Delta Dist 1000 = 11.521 | Episode Length = 50 | Episode Return = 20.0 | Evaluator Episodes = 11860 | Evaluator Steps = 593000 | Final Dist = 1.142 | Final Dist 10 = 1.740 | Final Dist 100 = 1.126 | Final Dist 1000 = 1.285 | Init Dist = 12.806 | Init Dist 10 = 12.806 | Init Dist 100 = 12.806 | Init Dist 1000 = 12.806 | Learner Steps = 36379 | Learner Walltime = 7205.145 | Min Dist = 0.136 | Min Dist 10 = 1.029 | Min Dist 100 = 0.480 | Min Dist 1000 = 0.652 | Steps Per Second = 91.068 | Success = 1.000 | Success 1000 = 0.888
I0502 17:06:22.991575 139579566835264 terminal.py:91] [Evaluator] Actor Episodes = 46776 | Actor Steps = 2338800 | Delta Dist = 11.699 | Delta Dist 10 = 10.992 | Delta Dist 100 = 11.682 | Delta Dist 1000 = 11.521 | Episode Length = 50 | Episode Return = 11.0 | Evaluator Episodes = 11862 | Evaluator Steps = 593100 | Final Dist = 1.108 | Final Dist 10 = 1.814 | Final Dist 100 = 1.124 | Final Dist 1000 = 1.285 | Init Dist = 12.806 | Init Dist 10 = 12.806 | Init Dist 100 = 12.806 | Init Dist 1000 = 12.806 | Learner Steps = 36385 | Learner Walltime = 7206.324 | Min Dist = 0.224 | Min Dist 10 = 1.037 | Min Dist 100 = 0.470 | Min Dist 1000 = 0.651 | Steps Per Second = 89.234 | Success = 1.000 | Success 1000 = 0.888
I0502 17:06:24.170404 139579566835264 terminal.py:91] [Evaluator] Actor Episodes = 46784 | Actor Steps = 2339200 | Delta Dist = 8.682 | Delta Dist 10 = 11.020 | Delta Dist 100 = 11.679 | Delta Dist 1000 = 11.521 | Episode Length = 50 | Episode Return = 0.0 | Evaluator Episodes = 11864 | Evaluator Steps = 593200 | Final Dist = 4.124 | Final Dist 10 = 1.787 | Final Dist 100 = 1.127 | Final Dist 1000 = 1.286 | Init Dist = 12.806 | Init Dist 10 = 12.806 | Init Dist 100 = 12.806 | Init Dist 1000 = 12.806 | Learner Steps = 36391 | Learner Walltime = 7207.433 | Min Dist = 4.114 | Min Dist 10 = 1.001 | Min Dist 100 = 0.471 | Min Dist 1000 = 0.651 | Steps Per Second = 84.773 | Success = 0.000 | Success 1000 = 0.888
I0502 17:06:25.432475 139579566835264 terminal.py:91] [Evaluator] Actor Episodes = 46792 | Actor Steps = 2339600 | Delta Dist = 12.508 | Delta Dist 10 = 10.759 | Delta Dist 100 = 11.648 | Delta Dist 1000 = 11.518 | Episode Length = 50 | Episode Return = 29.0 | Evaluator Episodes = 11866 | Evaluator Steps = 593300 | Final Dist = 0.299 | Final Dist 10 = 2.048 | Final Dist 100 = 1.158 | Final Dist 1000 = 1.288 | Init Dist = 12.806 | Init Dist 10 = 12.806 | Init Dist 100 = 12.806 | Init Dist 1000 = 12.806 | Learner Steps = 36398 | Learner Walltime = 7208.646 | Min Dist = 0.083 | Min Dist 10 = 1.411 | Min Dist 100 = 0.510 | Min Dist 1000 = 0.654 | Steps Per Second = 75.294 | Success = 1.000 | Success 1000 = 0.888
I0502 17:06:25.480909 139569349502528 terminal.py:91] [Actor] Actor Episodes = 46789 | Actor Steps = 2339450 | Delta Dist = 4.821 | Delta Dist 10 = 5.167 | Delta Dist 100 = 3.687 | Delta Dist 1000 = 4.367 | Episode Length = 50 | Episode Return = 23.0 | Evaluator Episodes = 11864 | Evaluator Steps = 593200 | Final Dist = 1.010 | Final Dist 10 = 1.636 | Final Dist 100 = 1.673 | Final Dist 1000 = 1.466 | Init Dist = 5.831 | Init Dist 10 = 6.803 | Init Dist 100 = 5.360 | Init Dist 1000 = 5.833 | Learner Steps = 36398 | Learner Walltime = 7208.646 | Min Dist = 0.035 | Min Dist 10 = 0.104 | Min Dist 100 = 0.187 | Min Dist 1000 = 0.164 | Steps Per Second = 84.785 | Success = 1.000 | Success 1000 = 0.995
I0502 17:06:26.122663 139584635659840 savers.py:156] Saving checkpoint: logs/contrastive_cpc_point_FourRooms_64/5dd72662-2788-11f0-b183-d85ed38c5779/checkpoints/counter
I0502 17:06:26.298621 139558059398720 terminal.py:91] [Actor] Actor Episodes = 46798 | Actor Steps = 2339900 | Delta Dist = 7.112 | Delta Dist 10 = 5.205 | Delta Dist 100 = 3.711 | Delta Dist 1000 = 4.352 | Episode Length = 50 | Episode Return = 26.0 | Evaluator Episodes = 11866 | Evaluator Steps = 593300 | Final Dist = 0.168 | Final Dist 10 = 0.799 | Final Dist 100 = 1.667 | Final Dist 1000 = 1.466 | Init Dist = 7.280 | Init Dist 10 = 6.004 | Init Dist 100 = 5.378 | Init Dist 1000 = 5.818 | Learner Steps = 36404 | Learner Walltime = 7209.925 | Min Dist = 0.075 | Min Dist 10 = 0.087 | Min Dist 100 = 0.185 | Min Dist 1000 = 0.164 | Steps Per Second = 75.003 | Success = 1.000 | Success 1000 = 0.995
I0502 17:06:26.431635 139555013154368 terminal.py:91] [Learner] Actor Episodes = 46792 | Actor Loss = 3.7290635108947754 | Actor Steps = 2339600 | Binary Accuracy = 0.9959895610809326 | Categorical Accuracy = 0.416259765625 | Critic Loss = 1.820896863937378 | Entropy Mean = -23.70059585571289 | Evaluator Episodes = 11866 | Evaluator Steps = 593300 | Learner Steps = 36408 | Learner Walltime = 7210.625 | Logits Neg = -17.18130111694336 | Logits Pos = -1.7863471508026123 | Logsumexp = 1.0802005529403687 | Steps Per Second = 131.339
I0502 17:06:26.650680 139579566835264 terminal.py:91] [Evaluator] Actor Episodes = 46800 | Actor Steps = 2340000 | Delta Dist = 11.425 | Delta Dist 10 = 10.943 | Delta Dist 100 = 11.659 | Delta Dist 1000 = 11.519 | Episode Length = 50 | Episode Return = 3.0 | Evaluator Episodes = 11868 | Evaluator Steps = 593400 | Final Dist = 1.381 | Final Dist 10 = 1.863 | Final Dist 100 = 1.147 | Final Dist 1000 = 1.287 | Init Dist = 12.806 | Init Dist 10 = 12.806 | Init Dist 100 = 12.806 | Init Dist 1000 = 12.806 | Learner Steps = 36404 | Learner Walltime = 7209.925 | Min Dist = 0.180 | Min Dist 10 = 1.398 | Min Dist 100 = 0.508 | Min Dist 1000 = 0.654 | Steps Per Second = 83.948 | Success = 1.000 | Success 1000 = 0.888
I0502 17:06:27.703510 139557462840896 terminal.py:91] [Actor] Actor Episodes = 46803 | Actor Steps = 2340150 | Delta Dist = 1.666 | Delta Dist 10 = 3.358 | Delta Dist 100 = 3.630 | Delta Dist 1000 = 4.348 | Episode Length = 50 | Episode Return = 27.0 | Evaluator Episodes = 11868 | Evaluator Steps = 593400 | Final Dist = 1.496 | Final Dist 10 = 1.869 | Final Dist 100 = 1.681 | Final Dist 1000 = 1.453 | Init Dist = 3.162 | Init Dist 10 = 5.227 | Init Dist 100 = 5.311 | Init Dist 1000 = 5.802 | Learner Steps = 36404 | Learner Walltime = 7209.925 | Min Dist = 0.132 | Min Dist 10 = 0.056 | Min Dist 100 = 0.185 | Min Dist 1000 = 0.144 | Steps Per Second = 78.079 | Success = 1.000 | Success 1000 = 0.995
I0502 17:06:28.018779 139579566835264 terminal.py:91] [Evaluator] Actor Episodes = 46808 | Actor Steps = 2340400 | Delta Dist = 12.055 | Delta Dist 10 = 11.647 | Delta Dist 100 = 11.652 | Delta Dist 1000 = 11.519 | Episode Length = 50 | Episode Return = 27.0 | Evaluator Episodes = 11870 | Evaluator Steps = 593500 | Final Dist = 0.751 | Final Dist 10 = 1.159 | Final Dist 100 = 1.154 | Final Dist 1000 = 1.287 | Init Dist = 12.806 | Init Dist 10 = 12.806 | Init Dist 100 = 12.806 | Init Dist 1000 = 12.806 | Learner Steps = 36411 | Learner Walltime = 7211.352 | Min Dist = 0.088 | Min Dist 10 = 0.593 | Min Dist 100 = 0.512 | Min Dist 1000 = 0.654 | Steps Per Second = 71.158 | Success = 1.000 | Success 1000 = 0.888
I0502 17:06:28.451523 139584504182336 lp_utils.py:96] StepsLimiter: Reached 2340500 recorded steps
I0502 17:06:29.091555 139555860620864 terminal.py:91] [Actor] Actor Episodes = 46816 | Actor Steps = 2340800 | Delta Dist = 6.192 | Delta Dist 10 = 5.742 | Delta Dist 100 = 3.857 | Delta Dist 1000 = 4.363 | Episode Length = 50 | Episode Return = 15.0 | Evaluator Episodes = 11870 | Evaluator Steps = 593500 | Final Dist = 1.019 | Final Dist 10 = 0.851 | Final Dist 100 = 1.616 | Final Dist 1000 = 1.452 | Init Dist = 7.211 | Init Dist 10 = 6.592 | Init Dist 100 = 5.473 | Init Dist 1000 = 5.816 | Learner Steps = 36417 | Learner Walltime = 7212.456 | Min Dist = 0.082 | Min Dist 10 = 0.049 | Min Dist 100 = 0.179 | Min Dist 1000 = 0.144 | Steps Per Second = 76.110 | Success = 1.000 | Success 1000 = 0.995
I0502 17:06:29.248186 139579566835264 terminal.py:91] [Evaluator] Actor Episodes = 46816 | Actor Steps = 2340800 | Delta Dist = 11.872 | Delta Dist 10 = 11.784 | Delta Dist 100 = 11.664 | Delta Dist 1000 = 11.520 | Episode Length = 50 | Episode Return = 4.0 | Evaluator Episodes = 11872 | Evaluator Steps = 593600 | Final Dist = 0.934 | Final Dist 10 = 1.022 | Final Dist 100 = 1.142 | Final Dist 1000 = 1.287 | Init Dist = 12.806 | Init Dist 10 = 12.806 | Init Dist 100 = 12.806 | Init Dist 1000 = 12.806 | Learner Steps = 36417 | Learner Walltime = 7212.456 | Min Dist = 0.422 | Min Dist 10 = 0.593 | Min Dist 100 = 0.508 | Min Dist 1000 = 0.654 | Steps Per Second = 78.238 | Success = 1.000 | Success 1000 = 0.888
I0502 17:06:30.429012 139579566835264 terminal.py:91] [Evaluator] Actor Episodes = 46824 | Actor Steps = 2341200 | Delta Dist = 12.291 | Delta Dist 10 = 11.791 | Delta Dist 100 = 11.659 | Delta Dist 1000 = 11.519 | Episode Length = 50 | Episode Return = 26.0 | Evaluator Episodes = 11874 | Evaluator Steps = 593700 | Final Dist = 0.516 | Final Dist 10 = 1.016 | Final Dist 100 = 1.147 | Final Dist 1000 = 1.287 | Init Dist = 12.806 | Init Dist 10 = 12.806 | Init Dist 100 = 12.806 | Init Dist 1000 = 12.806 | Learner Steps = 36422 | Learner Walltime = 7213.689 | Min Dist = 0.111 | Min Dist 10 = 0.621 | Min Dist 100 = 0.512 | Min Dist 1000 = 0.654 | Steps Per Second = 85.609 | Success = 1.000 | Success 1000 = 0.888
I0502 17:06:31.619046 139579566835264 terminal.py:91] [Evaluator] Actor Episodes = 46832 | Actor Steps = 2341600 | Delta Dist = 12.384 | Delta Dist 10 = 12.110 | Delta Dist 100 = 11.661 | Delta Dist 1000 = 11.519 | Episode Length = 50 | Episode Return = 15.0 | Evaluator Episodes = 11876 | Evaluator Steps = 593800 | Final Dist = 0.422 | Final Dist 10 = 0.696 | Final Dist 100 = 1.145 | Final Dist 1000 = 1.287 | Init Dist = 12.806 | Init Dist 10 = 12.806 | Init Dist 100 = 12.806 | Init Dist 1000 = 12.806 | Learner Steps = 36429 | Learner Walltime = 7215.003 | Min Dist = 0.365 | Min Dist 10 = 0.244 | Min Dist 100 = 0.505 | Min Dist 1000 = 0.654 | Steps Per Second = 85.022 | Success = 1.000 | Success 1000 = 0.888
I0502 17:06:32.694814 139579566835264 terminal.py:91] [Evaluator] Actor Episodes = 46838 | Actor Steps = 2341900 | Delta Dist = 12.357 | Delta Dist 10 = 12.049 | Delta Dist 100 = 11.665 | Delta Dist 1000 = 11.520 | Episode Length = 50 | Episode Return = 3.0 | Evaluator Episodes = 11878 | Evaluator Steps = 593900 | Final Dist = 0.450 | Final Dist 10 = 0.758 | Final Dist 100 = 1.141 | Final Dist 1000 = 1.286 | Init Dist = 12.806 | Init Dist 10 = 12.806 | Init Dist 100 = 12.806 | Init Dist 1000 = 12.806 | Learner Steps = 36436 | Learner Walltime = 7216.283 | Min Dist = 0.450 | Min Dist 10 = 0.275 | Min Dist 100 = 0.505 | Min Dist 1000 = 0.654 | Steps Per Second = 93.515 | Success = 1.000 | Success 1000 = 0.888
I0502 17:06:33.888888 139579566835264 terminal.py:91] [Evaluator] Actor Episodes = 46846 | Actor Steps = 2342300 | Delta Dist = 12.698 | Delta Dist 10 = 12.207 | Delta Dist 100 = 11.665 | Delta Dist 1000 = 11.521 | Episode Length = 50 | Episode Return = 29.0 | Evaluator Episodes = 11880 | Evaluator Steps = 594000 | Final Dist = 0.108 | Final Dist 10 = 0.600 | Final Dist 100 = 1.142 | Final Dist 1000 = 1.285 | Init Dist = 12.806 | Init Dist 10 = 12.806 | Init Dist 100 = 12.806 | Init Dist 1000 = 12.806 | Learner Steps = 36442 | Learner Walltime = 7217.466 | Min Dist = 0.010 | Min Dist 10 = 0.248 | Min Dist 100 = 0.508 | Min Dist 1000 = 0.654 | Steps Per Second = 82.722 | Success = 1.000 | Success 1000 = 0.888
I0502 17:06:35.048182 139579566835264 terminal.py:91] [Evaluator] Actor Episodes = 46854 | Actor Steps = 2342700 | Delta Dist = 11.637 | Delta Dist 10 = 12.190 | Delta Dist 100 = 11.668 | Delta Dist 1000 = 11.521 | Episode Length = 50 | Episode Return = 23.0 | Evaluator Episodes = 11882 | Evaluator Steps = 594100 | Final Dist = 1.170 | Final Dist 10 = 0.616 | Final Dist 100 = 1.138 | Final Dist 1000 = 1.285 | Init Dist = 12.806 | Init Dist 10 = 12.806 | Init Dist 100 = 12.806 | Init Dist 1000 = 12.806 | Learner Steps = 36447 | Learner Walltime = 7218.575 | Min Dist = 0.208 | Min Dist 10 = 0.238 | Min Dist 100 = 0.506 | Min Dist 1000 = 0.653 | Steps Per Second = 91.277 | Success = 1.000 | Success 1000 = 0.888
I0502 17:06:35.567112 139569349502528 terminal.py:91] [Actor] Actor Episodes = 46853 | Actor Steps = 2342650 | Delta Dist = 8.528 | Delta Dist 10 = 3.639 | Delta Dist 100 = 4.100 | Delta Dist 1000 = 4.348 | Episode Length = 50 | Episode Return = 16.0 | Evaluator Episodes = 11880 | Evaluator Steps = 594000 | Final Dist = 0.074 | Final Dist 10 = 1.094 | Final Dist 100 = 1.719 | Final Dist 1000 = 1.485 | Init Dist = 8.602 | Init Dist 10 = 4.733 | Init Dist 100 = 5.819 | Init Dist 1000 = 5.833 | Learner Steps = 36447 | Learner Walltime = 7218.575 | Min Dist = 0.072 | Min Dist 10 = 0.574 | Min Dist 100 = 0.153 | Min Dist 1000 = 0.148 | Steps Per Second = 73.748 | Success = 1.000 | Success 1000 = 0.995
I0502 17:06:36.250620 139579566835264 terminal.py:91] [Evaluator] Actor Episodes = 46860 | Actor Steps = 2343000 | Delta Dist = 11.928 | Delta Dist 10 = 12.266 | Delta Dist 100 = 11.675 | Delta Dist 1000 = 11.520 | Episode Length = 50 | Episode Return = 13.0 | Evaluator Episodes = 11884 | Evaluator Steps = 594200 | Final Dist = 0.879 | Final Dist 10 = 0.540 | Final Dist 100 = 1.132 | Final Dist 1000 = 1.286 | Init Dist = 12.806 | Init Dist 10 = 12.806 | Init Dist 100 = 12.806 | Init Dist 1000 = 12.806 | Learner Steps = 36454 | Learner Walltime = 7219.861 | Min Dist = 0.589 | Min Dist 10 = 0.206 | Min Dist 100 = 0.503 | Min Dist 1000 = 0.653 | Steps Per Second = 86.452 | Success = 1.000 | Success 1000 = 0.888
I0502 17:06:36.301077 139558059398720 terminal.py:91] [Actor] Actor Episodes = 46862 | Actor Steps = 2343100 | Delta Dist = 1.043 | Delta Dist 10 = 4.803 | Delta Dist 100 = 4.128 | Delta Dist 1000 = 4.337 | Episode Length = 50 | Episode Return = 47.0 | Evaluator Episodes = 11884 | Evaluator Steps = 594200 | Final Dist = 0.957 | Final Dist 10 = 0.551 | Final Dist 100 = 1.670 | Final Dist 1000 = 1.479 | Init Dist = 2.000 | Init Dist 10 = 5.353 | Init Dist 100 = 5.798 | Init Dist 1000 = 5.816 | Learner Steps = 36454 | Learner Walltime = 7219.861 | Min Dist = 0.081 | Min Dist 10 = 0.061 | Min Dist 100 = 0.154 | Min Dist 1000 = 0.148 | Steps Per Second = 77.105 | Success = 1.000 | Success 1000 = 0.995
I0502 17:06:36.527737 139555013154368 terminal.py:91] [Learner] Actor Episodes = 46856 | Actor Loss = 3.733652114868164 | Actor Steps = 2342800 | Binary Accuracy = 0.995997428894043 | Categorical Accuracy = 0.416015625 | Critic Loss = 1.7811278104782104 | Entropy Mean = -23.29047393798828 | Evaluator Episodes = 11882 | Evaluator Steps = 594100 | Learner Steps = 36459 | Learner Walltime = 7220.728 | Logits Neg = -17.422882080078125 | Logits Pos = -1.7858538627624512 | Logsumexp = 1.1001834869384766 | Steps Per Second = 519.053
I0502 17:06:37.450842 139579566835264 terminal.py:91] [Evaluator] Actor Episodes = 46872 | Actor Steps = 2343600 | Delta Dist = 6.154 | Delta Dist 10 = 12.164 | Delta Dist 100 = 11.675 | Delta Dist 1000 = 11.521 | Episode Length = 50 | Episode Return = 0.0 | Evaluator Episodes = 11886 | Evaluator Steps = 594300 | Final Dist = 6.653 | Final Dist 10 = 0.642 | Final Dist 100 = 1.131 | Final Dist 1000 = 1.285 | Init Dist = 12.806 | Init Dist 10 = 12.806 | Init Dist 100 = 12.806 | Init Dist 1000 = 12.806 | Learner Steps = 36461 | Learner Walltime = 7221.144 | Min Dist = 5.298 | Min Dist 10 = 0.321 | Min Dist 100 = 0.516 | Min Dist 1000 = 0.653 | Steps Per Second = 81.656 | Success = 0.000 | Success 1000 = 0.887
I0502 17:06:38.127731 139557462840896 terminal.py:91] [Actor] Actor Episodes = 46874 | Actor Steps = 2343700 | Delta Dist = 7.044 | Delta Dist 10 = 5.113 | Delta Dist 100 = 4.433 | Delta Dist 1000 = 4.334 | Episode Length = 50 | Episode Return = 26.0 | Evaluator Episodes = 11886 | Evaluator Steps = 594300 | Final Dist = 1.202 | Final Dist 10 = 2.100 | Final Dist 100 = 1.557 | Final Dist 1000 = 1.486 | Init Dist = 8.246 | Init Dist 10 = 7.214 | Init Dist 100 = 5.990 | Init Dist 1000 = 5.820 | Learner Steps = 36461 | Learner Walltime = 7221.144 | Min Dist = 0.125 | Min Dist 10 = 0.227 | Min Dist 100 = 0.135 | Min Dist 1000 = 0.150 | Steps Per Second = 79.656 | Success = 1.000 | Success 1000 = 0.995
I0502 17:06:38.182076 139583350109760 savers.py:156] Saving checkpoint: logs/contrastive_cpc_point_FourRooms_64/5dd72662-2788-11f0-b183-d85ed38c5779/checkpoints/learner
I0502 17:06:38.469572 139584504182336 lp_utils.py:96] StepsLimiter: Reached 2343700 recorded steps
I0502 17:06:38.780896 139579566835264 terminal.py:91] [Evaluator] Actor Episodes = 46878 | Actor Steps = 2343900 | Delta Dist = 11.789 | Delta Dist 10 = 11.551 | Delta Dist 100 = 11.628 | Delta Dist 1000 = 11.515 | Episode Length = 50 | Episode Return = 12.0 | Evaluator Episodes = 11888 | Evaluator Steps = 594400 | Final Dist = 1.017 | Final Dist 10 = 1.256 | Final Dist 100 = 1.178 | Final Dist 1000 = 1.291 | Init Dist = 12.806 | Init Dist 10 = 12.806 | Init Dist 100 = 12.806 | Init Dist 1000 = 12.806 | Learner Steps = 36467 | Learner Walltime = 7222.383 | Min Dist = 0.488 | Min Dist 10 = 0.853 | Min Dist 100 = 0.569 | Min Dist 1000 = 0.659 | Steps Per Second = 72.695 | Success = 1.000 | Success 1000 = 0.886
I0502 17:06:39.198080 139555860620864 terminal.py:91] [Actor] Actor Episodes = 46877 | Actor Steps = 2343850 | Delta Dist = 1.746 | Delta Dist 10 = 4.375 | Delta Dist 100 = 4.531 | Delta Dist 1000 = 4.333 | Episode Length = 50 | Episode Return = 49.0 | Evaluator Episodes = 11886 | Evaluator Steps = 594300 | Final Dist = 0.254 | Final Dist 10 = 2.603 | Final Dist 100 = 1.542 | Final Dist 1000 = 1.489 | Init Dist = 2.000 | Init Dist 10 = 6.979 | Init Dist 100 = 6.073 | Init Dist 1000 = 5.822 | Learner Steps = 36467 | Learner Walltime = 7222.383 | Min Dist = 0.003 | Min Dist 10 = 0.226 | Min Dist 100 = 0.136 | Min Dist 1000 = 0.150 | Steps Per Second = 76.271 | Success = 1.000 | Success 1000 = 0.995
I0502 17:06:39.895153 139579566835264 terminal.py:91] [Evaluator] Actor Episodes = 46884 | Actor Steps = 2344200 | Delta Dist = 11.585 | Delta Dist 10 = 10.984 | Delta Dist 100 = 11.581 | Delta Dist 1000 = 11.511 | Episode Length = 50 | Episode Return = 17.0 | Evaluator Episodes = 11890 | Evaluator Steps = 594500 | Final Dist = 1.221 | Final Dist 10 = 1.822 | Final Dist 100 = 1.226 | Final Dist 1000 = 1.295 | Init Dist = 12.806 | Init Dist 10 = 12.806 | Init Dist 100 = 12.806 | Init Dist 1000 = 12.806 | Learner Steps = 36473 | Learner Walltime = 7223.632 | Min Dist = 0.437 | Min Dist 10 = 1.367 | Min Dist 100 = 0.621 | Min Dist 1000 = 0.664 | Steps Per Second = 92.772 | Success = 1.000 | Success 1000 = 0.885
I0502 17:06:41.086404 139579566835264 terminal.py:91] [Evaluator] Actor Episodes = 46892 | Actor Steps = 2344600 | Delta Dist = 6.006 | Delta Dist 10 = 10.917 | Delta Dist 100 = 11.583 | Delta Dist 1000 = 11.512 | Episode Length = 50 | Episode Return = 0.0 | Evaluator Episodes = 11892 | Evaluator Steps = 594600 | Final Dist = 6.800 | Final Dist 10 = 1.889 | Final Dist 100 = 1.223 | Final Dist 1000 = 1.295 | Init Dist = 12.806 | Init Dist 10 = 12.806 | Init Dist 100 = 12.806 | Init Dist 1000 = 12.806 | Learner Steps = 36479 | Learner Walltime = 7224.868 | Min Dist = 5.072 | Min Dist 10 = 1.448 | Min Dist 100 = 0.627 | Min Dist 1000 = 0.664 | Steps Per Second = 80.654 | Success = 0.000 | Success 1000 = 0.885
I0502 17:06:42.311671 139579566835264 terminal.py:91] [Evaluator] Actor Episodes = 46900 | Actor Steps = 2345000 | Delta Dist = 5.132 | Delta Dist 10 = 9.690 | Delta Dist 100 = 11.455 | Delta Dist 1000 = 11.499 | Episode Length = 50 | Episode Return = 0.0 | Evaluator Episodes = 11894 | Evaluator Steps = 594700 | Final Dist = 7.675 | Final Dist 10 = 3.117 | Final Dist 100 = 1.351 | Final Dist 1000 = 1.307 | Init Dist = 12.806 | Init Dist 10 = 12.806 | Init Dist 100 = 12.806 | Init Dist 1000 = 12.806 | Learner Steps = 36486 | Learner Walltime = 7226.148 | Min Dist = 5.551 | Min Dist 10 = 2.425 | Min Dist 100 = 0.724 | Min Dist 1000 = 0.674 | Steps Per Second = 85.302 | Success = 0.000 | Success 1000 = 0.883
I0502 17:06:43.547317 139579566835264 terminal.py:91] [Evaluator] Actor Episodes = 46908 | Actor Steps = 2345400 | Delta Dist = 6.005 | Delta Dist 10 = 9.129 | Delta Dist 100 = 11.407 | Delta Dist 1000 = 11.494 | Episode Length = 50 | Episode Return = 0.0 | Evaluator Episodes = 11896 | Evaluator Steps = 594800 | Final Dist = 6.801 | Final Dist 10 = 3.677 | Final Dist 100 = 1.400 | Final Dist 1000 = 1.312 | Init Dist = 12.806 | Init Dist 10 = 12.806 | Init Dist 100 = 12.806 | Init Dist 1000 = 12.806 | Learner Steps = 36492 | Learner Walltime = 7227.175 | Min Dist = 5.335 | Min Dist 10 = 2.816 | Min Dist 100 = 0.778 | Min Dist 1000 = 0.678 | Steps Per Second = 74.169 | Success = 0.000 | Success 1000 = 0.882
I0502 17:06:44.662088 139579566835264 terminal.py:91] [Evaluator] Actor Episodes = 46914 | Actor Steps = 2345700 | Delta Dist = 12.394 | Delta Dist 10 = 9.063 | Delta Dist 100 = 11.339 | Delta Dist 1000 = 11.488 | Episode Length = 50 | Episode Return = 14.0 | Evaluator Episodes = 11898 | Evaluator Steps = 594900 | Final Dist = 0.412 | Final Dist 10 = 3.743 | Final Dist 100 = 1.467 | Final Dist 1000 = 1.318 | Init Dist = 12.806 | Init Dist 10 = 12.806 | Init Dist 100 = 12.806 | Init Dist 1000 = 12.806 | Learner Steps = 36496 | Learner Walltime = 7228.187 | Min Dist = 0.344 | Min Dist 10 = 2.809 | Min Dist 100 = 0.835 | Min Dist 1000 = 0.682 | Steps Per Second = 90.130 | Success = 1.000 | Success 1000 = 0.881
I0502 17:06:45.568020 139569349502528 terminal.py:91] [Actor] Actor Episodes = 46919 | Actor Steps = 2345950 | Delta Dist = 4.829 | Delta Dist 10 = 3.969 | Delta Dist 100 = 4.069 | Delta Dist 1000 = 4.286 | Episode Length = 50 | Episode Return = 23.0 | Evaluator Episodes = 11898 | Evaluator Steps = 594900 | Final Dist = 0.557 | Final Dist 10 = 1.293 | Final Dist 100 = 1.650 | Final Dist 1000 = 1.513 | Init Dist = 5.385 | Init Dist 10 = 5.262 | Init Dist 100 = 5.718 | Init Dist 1000 = 5.799 | Learner Steps = 36496 | Learner Walltime = 7228.187 | Min Dist = 0.110 | Min Dist 10 = 0.117 | Min Dist 100 = 0.144 | Min Dist 1000 = 0.151 | Steps Per Second = 79.017 | Success = 1.000 | Success 1000 = 0.995
I0502 17:06:45.850900 139579566835264 terminal.py:91] [Evaluator] Actor Episodes = 46922 | Actor Steps = 2346100 | Delta Dist = 10.504 | Delta Dist 10 = 9.569 | Delta Dist 100 = 11.346 | Delta Dist 1000 = 11.488 | Episode Length = 50 | Episode Return = 0.0 | Evaluator Episodes = 11900 | Evaluator Steps = 595000 | Final Dist = 2.302 | Final Dist 10 = 3.238 | Final Dist 100 = 1.460 | Final Dist 1000 = 1.318 | Init Dist = 12.806 | Init Dist 10 = 12.806 | Init Dist 100 = 12.806 | Init Dist 1000 = 12.806 | Learner Steps = 36501 | Learner Walltime = 7229.267 | Min Dist = 1.872 | Min Dist 10 = 2.329 | Min Dist 100 = 0.842 | Min Dist 1000 = 0.682 | Steps Per Second = 78.009 | Success = 0.000 | Success 1000 = 0.881
I0502 17:06:46.657954 139555013154368 terminal.py:91] [Learner] Actor Episodes = 46924 | Actor Loss = 3.6722311973571777 | Actor Steps = 2346200 | Binary Accuracy = 0.9960300922393799 | Categorical Accuracy = 0.427001953125 | Critic Loss = 1.7812291383743286 | Entropy Mean = -22.52057456970215 | Evaluator Episodes = 11900 | Evaluator Steps = 595000 | Learner Steps = 36510 | Learner Walltime = 7230.854 | Logits Neg = -17.0675106048584 | Logits Pos = -1.7413673400878906 | Logsumexp = 1.1495094299316406 | Steps Per Second = 247.015
I0502 17:06:46.917917 139558059398720 terminal.py:91] [Actor] Actor Episodes = 46929 | Actor Steps = 2346450 | Delta Dist = 9.950 | Delta Dist 10 = 4.152 | Delta Dist 100 = 4.056 | Delta Dist 1000 = 4.287 | Episode Length = 50 | Episode Return = 37.0 | Evaluator Episodes = 11900 | Evaluator Steps = 595000 | Final Dist = 0.345 | Final Dist 10 = 1.638 | Final Dist 100 = 1.518 | Final Dist 1000 = 1.522 | Init Dist = 10.296 | Init Dist 10 = 5.790 | Init Dist 100 = 5.574 | Init Dist 1000 = 5.810 | Learner Steps = 36507 | Learner Walltime = 7230.279 | Min Dist = 0.174 | Min Dist 10 = 0.120 | Min Dist 100 = 0.149 | Min Dist 1000 = 0.151 | Steps Per Second = 79.671 | Success = 1.000 | Success 1000 = 0.995
I0502 17:06:47.101177 139579566835264 terminal.py:91] [Evaluator] Actor Episodes = 46930 | Actor Steps = 2346500 | Delta Dist = 11.426 | Delta Dist 10 = 9.290 | Delta Dist 100 = 11.318 | Delta Dist 1000 = 11.486 | Episode Length = 50 | Episode Return = 13.0 | Evaluator Episodes = 11902 | Evaluator Steps = 595100 | Final Dist = 1.380 | Final Dist 10 = 3.516 | Final Dist 100 = 1.489 | Final Dist 1000 = 1.320 | Init Dist = 12.806 | Init Dist 10 = 12.806 | Init Dist 100 = 12.806 | Init Dist 1000 = 12.806 | Learner Steps = 36507 | Learner Walltime = 7230.279 | Min Dist = 0.192 | Min Dist 10 = 2.535 | Min Dist 100 = 0.867 | Min Dist 1000 = 0.685 | Steps Per Second = 86.912 | Success = 1.000 | Success 1000 = 0.879
I0502 17:06:48.291426 139579566835264 terminal.py:91] [Evaluator] Actor Episodes = 46938 | Actor Steps = 2346900 | Delta Dist = 11.534 | Delta Dist 10 = 10.376 | Delta Dist 100 = 11.314 | Delta Dist 1000 = 11.485 | Episode Length = 50 | Episode Return = 21.0 | Evaluator Episodes = 11904 | Evaluator Steps = 595200 | Final Dist = 1.272 | Final Dist 10 = 2.430 | Final Dist 100 = 1.492 | Final Dist 1000 = 1.321 | Init Dist = 12.806 | Init Dist 10 = 12.806 | Init Dist 100 = 12.806 | Init Dist 1000 = 12.806 | Learner Steps = 36513 | Learner Walltime = 7231.506 | Min Dist = 0.118 | Min Dist 10 = 1.592 | Min Dist 100 = 0.860 | Min Dist 1000 = 0.685 | Steps Per Second = 84.450 | Success = 1.000 | Success 1000 = 0.879
I0502 17:06:48.490682 139584504182336 lp_utils.py:96] StepsLimiter: Reached 2347000 recorded steps
I0502 17:06:48.588442 139557462840896 terminal.py:91] [Actor] Actor Episodes = 46939 | Actor Steps = 2346950 | Delta Dist = 6.888 | Delta Dist 10 = 3.501 | Delta Dist 100 = 4.141 | Delta Dist 1000 = 4.263 | Episode Length = 50 | Episode Return = 42.0 | Evaluator Episodes = 11902 | Evaluator Steps = 595100 | Final Dist = 0.112 | Final Dist 10 = 3.278 | Final Dist 100 = 1.624 | Final Dist 1000 = 1.549 | Init Dist = 7.000 | Init Dist 10 = 6.779 | Init Dist 100 = 5.765 | Init Dist 1000 = 5.812 | Learner Steps = 36513 | Learner Walltime = 7231.506 | Min Dist = 0.097 | Min Dist 10 = 0.143 | Min Dist 100 = 0.153 | Min Dist 1000 = 0.151 | Steps Per Second = 82.682 | Success = 1.000 | Success 1000 = 0.995
I0502 17:06:49.617374 139579566835264 terminal.py:91] [Evaluator] Actor Episodes = 46946 | Actor Steps = 2347300 | Delta Dist = 11.534 | Delta Dist 10 = 10.913 | Delta Dist 100 = 11.313 | Delta Dist 1000 = 11.484 | Episode Length = 50 | Episode Return = 17.0 | Evaluator Episodes = 11906 | Evaluator Steps = 595300 | Final Dist = 1.272 | Final Dist 10 = 1.893 | Final Dist 100 = 1.493 | Final Dist 1000 = 1.322 | Init Dist = 12.806 | Init Dist 10 = 12.806 | Init Dist 100 = 12.806 | Init Dist 1000 = 12.806 | Learner Steps = 36525 | Learner Walltime = 7233.736 | Min Dist = 0.264 | Min Dist 10 = 1.075 | Min Dist 100 = 0.863 | Min Dist 1000 = 0.685 | Steps Per Second = 71.818 | Success = 1.000 | Success 1000 = 0.879
I0502 17:06:49.792958 139555860620864 terminal.py:91] [Actor] Actor Episodes = 46948 | Actor Steps = 2347400 | Delta Dist = 3.139 | Delta Dist 10 = 5.289 | Delta Dist 100 = 4.148 | Delta Dist 1000 = 4.266 | Episode Length = 50 | Episode Return = 13.0 | Evaluator Episodes = 11906 | Evaluator Steps = 595300 | Final Dist = 0.985 | Final Dist 10 = 0.692 | Final Dist 100 = 1.580 | Final Dist 1000 = 1.540 | Init Dist = 4.123 | Init Dist 10 = 5.981 | Init Dist 100 = 5.728 | Init Dist 1000 = 5.806 | Learner Steps = 36525 | Learner Walltime = 7233.736 | Min Dist = 0.577 | Min Dist 10 = 0.092 | Min Dist 100 = 0.105 | Min Dist 1000 = 0.152 | Steps Per Second = 72.224 | Success = 1.000 | Success 1000 = 0.995
I0502 17:06:50.905295 139579566835264 terminal.py:91] [Evaluator] Actor Episodes = 46954 | Actor Steps = 2347700 | Delta Dist = 12.246 | Delta Dist 10 = 11.564 | Delta Dist 100 = 11.320 | Delta Dist 1000 = 11.484 | Episode Length = 50 | Episode Return = 20.0 | Evaluator Episodes = 11908 | Evaluator Steps = 595400 | Final Dist = 0.561 | Final Dist 10 = 1.243 | Final Dist 100 = 1.486 | Final Dist 1000 = 1.323 | Init Dist = 12.806 | Init Dist 10 = 12.806 | Init Dist 100 = 12.806 | Init Dist 1000 = 12.806 | Learner Steps = 36530 | Learner Walltime = 7234.862 | Min Dist = 0.355 | Min Dist 10 = 0.526 | Min Dist 100 = 0.853 | Min Dist 1000 = 0.685 | Steps Per Second = 81.284 | Success = 1.000 | Success 1000 = 0.879
I0502 17:06:52.160449 139579566835264 terminal.py:91] [Evaluator] Actor Episodes = 46962 | Actor Steps = 2348100 | Delta Dist = 11.929 | Delta Dist 10 = 11.549 | Delta Dist 100 = 11.375 | Delta Dist 1000 = 11.485 | Episode Length = 50 | Episode Return = 19.0 | Evaluator Episodes = 11910 | Evaluator Steps = 595500 | Final Dist = 0.877 | Final Dist 10 = 1.258 | Final Dist 100 = 1.432 | Final Dist 1000 = 1.321 | Init Dist = 12.806 | Init Dist 10 = 12.806 | Init Dist 100 = 12.806 | Init Dist 1000 = 12.806 | Learner Steps = 36535 | Learner Walltime = 7235.867 | Min Dist = 0.127 | Min Dist 10 = 0.522 | Min Dist 100 = 0.803 | Min Dist 1000 = 0.685 | Steps Per Second = 80.410 | Success = 1.000 | Success 1000 = 0.879
I0502 17:06:53.387128 139579566835264 terminal.py:91] [Evaluator] Actor Episodes = 46970 | Actor Steps = 2348500 | Delta Dist = 12.374 | Delta Dist 10 = 11.766 | Delta Dist 100 = 11.363 | Delta Dist 1000 = 11.484 | Episode Length = 50 | Episode Return = 5.0 | Evaluator Episodes = 11912 | Evaluator Steps = 595600 | Final Dist = 0.432 | Final Dist 10 = 1.040 | Final Dist 100 = 1.443 | Final Dist 1000 = 1.322 | Init Dist = 12.806 | Init Dist 10 = 12.806 | Init Dist 100 = 12.806 | Init Dist 1000 = 12.806 | Learner Steps = 36541 | Learner Walltime = 7237.163 | Min Dist = 0.424 | Min Dist 10 = 0.247 | Min Dist 100 = 0.802 | Min Dist 1000 = 0.685 | Steps Per Second = 84.245 | Success = 1.000 | Success 1000 = 0.879
I0502 17:06:54.657987 139579566835264 terminal.py:91] [Evaluator] Actor Episodes = 46978 | Actor Steps = 2348900 | Delta Dist = 11.954 | Delta Dist 10 = 11.885 | Delta Dist 100 = 11.365 | Delta Dist 1000 = 11.484 | Episode Length = 50 | Episode Return = 16.0 | Evaluator Episodes = 11914 | Evaluator Steps = 595700 | Final Dist = 0.852 | Final Dist 10 = 0.921 | Final Dist 100 = 1.441 | Final Dist 1000 = 1.322 | Init Dist = 12.806 | Init Dist 10 = 12.806 | Init Dist 100 = 12.806 | Init Dist 1000 = 12.806 | Learner Steps = 36548 | Learner Walltime = 7238.566 | Min Dist = 0.607 | Min Dist 10 = 0.243 | Min Dist 100 = 0.797 | Min Dist 1000 = 0.685 | Steps Per Second = 77.737 | Success = 1.000 | Success 1000 = 0.879
I0502 17:06:55.588288 139569349502528 terminal.py:91] [Actor] Actor Episodes = 46983 | Actor Steps = 2349150 | Delta Dist = 7.645 | Delta Dist 10 = 5.185 | Delta Dist 100 = 4.231 | Delta Dist 1000 = 4.294 | Episode Length = 50 | Episode Return = 3.0 | Evaluator Episodes = 11914 | Evaluator Steps = 595700 | Final Dist = 1.299 | Final Dist 10 = 0.968 | Final Dist 100 = 1.448 | Final Dist 1000 = 1.545 | Init Dist = 8.944 | Init Dist 10 = 6.153 | Init Dist 100 = 5.679 | Init Dist 1000 = 5.840 | Learner Steps = 36548 | Learner Walltime = 7238.566 | Min Dist = 0.156 | Min Dist 10 = 0.082 | Min Dist 100 = 0.101 | Min Dist 1000 = 0.147 | Steps Per Second = 81.745 | Success = 1.000 | Success 1000 = 0.995
I0502 17:06:55.916250 139579566835264 terminal.py:91] [Evaluator] Actor Episodes = 46986 | Actor Steps = 2349300 | Delta Dist = 12.136 | Delta Dist 10 = 11.975 | Delta Dist 100 = 11.365 | Delta Dist 1000 = 11.484 | Episode Length = 50 | Episode Return = 24.0 | Evaluator Episodes = 11916 | Evaluator Steps = 595800 | Final Dist = 0.670 | Final Dist 10 = 0.831 | Final Dist 100 = 1.441 | Final Dist 1000 = 1.322 | Init Dist = 12.806 | Init Dist 10 = 12.806 | Init Dist 100 = 12.806 | Init Dist 1000 = 12.806 | Learner Steps = 36553 | Learner Walltime = 7239.769 | Min Dist = 0.111 | Min Dist 10 = 0.320 | Min Dist 100 = 0.797 | Min Dist 1000 = 0.686 | Steps Per Second = 81.567 | Success = 1.000 | Success 1000 = 0.879
I0502 17:06:56.804446 139555013154368 terminal.py:91] [Learner] Actor Episodes = 46994 | Actor Loss = 3.656132698059082 | Actor Steps = 2349700 | Binary Accuracy = 0.9959886074066162 | Categorical Accuracy = 0.42669677734375 | Critic Loss = 1.7521910667419434 | Entropy Mean = -22.568756103515625 | Evaluator Episodes = 11916 | Evaluator Steps = 595800 | Learner Steps = 36560 | Learner Walltime = 7240.996 | Logits Neg = -17.079389572143555 | Logits Pos = -1.7423876523971558 | Logsumexp = 1.2525577545166016 | Steps Per Second = 239.717
I0502 17:06:57.002761 139558059398720 terminal.py:91] [Actor] Actor Episodes = 46993 | Actor Steps = 2349650 | Delta Dist = 3.436 | Delta Dist 10 = 4.269 | Delta Dist 100 = 4.285 | Delta Dist 1000 = 4.288 | Episode Length = 50 | Episode Return = 44.0 | Evaluator Episodes = 11916 | Evaluator Steps = 595800 | Final Dist = 0.806 | Final Dist 10 = 1.280 | Final Dist 100 = 1.374 | Final Dist 1000 = 1.534 | Init Dist = 4.243 | Init Dist 10 = 5.548 | Init Dist 100 = 5.658 | Init Dist 1000 = 5.822 | Learner Steps = 36553 | Learner Walltime = 7239.769 | Min Dist = 0.012 | Min Dist 10 = 0.095 | Min Dist 100 = 0.099 | Min Dist 1000 = 0.147 | Steps Per Second = 86.540 | Success = 1.000 | Success 1000 = 0.995
I0502 17:06:57.070477 139579566835264 terminal.py:91] [Evaluator] Actor Episodes = 46994 | Actor Steps = 2349700 | Delta Dist = 11.539 | Delta Dist 10 = 12.032 | Delta Dist 100 = 11.379 | Delta Dist 1000 = 11.484 | Episode Length = 50 | Episode Return = 18.0 | Evaluator Episodes = 11918 | Evaluator Steps = 595900 | Final Dist = 1.267 | Final Dist 10 = 0.775 | Final Dist 100 = 1.427 | Final Dist 1000 = 1.322 | Init Dist = 12.806 | Init Dist 10 = 12.806 | Init Dist 100 = 12.806 | Init Dist 1000 = 12.806 | Learner Steps = 36560 | Learner Walltime = 7240.996 | Min Dist = 0.372 | Min Dist 10 = 0.314 | Min Dist 100 = 0.797 | Min Dist 1000 = 0.686 | Steps Per Second = 96.889 | Success = 1.000 | Success 1000 = 0.879
I0502 17:06:58.371545 139579566835264 terminal.py:91] [Evaluator] Actor Episodes = 47002 | Actor Steps = 2350100 | Delta Dist = 11.494 | Delta Dist 10 = 11.975 | Delta Dist 100 = 11.388 | Delta Dist 1000 = 11.484 | Episode Length = 50 | Episode Return = 0.0 | Evaluator Episodes = 11920 | Evaluator Steps = 596000 | Final Dist = 1.312 | Final Dist 10 = 0.831 | Final Dist 100 = 1.418 | Final Dist 1000 = 1.323 | Init Dist = 12.806 | Init Dist 10 = 12.806 | Init Dist 100 = 12.806 | Init Dist 1000 = 12.806 | Learner Steps = 36565 | Learner Walltime = 7242.224 | Min Dist = 1.047 | Min Dist 10 = 0.327 | Min Dist 100 = 0.802 | Min Dist 1000 = 0.686 | Steps Per Second = 76.502 | Success = 0.000 | Success 1000 = 0.879
I0502 17:06:58.506293 139584504182336 lp_utils.py:96] StepsLimiter: Reached 2350100 recorded steps
I0502 17:06:59.203248 139557462840896 terminal.py:91] [Actor] Actor Episodes = 47010 | Actor Steps = 2350500 | Delta Dist = 3.762 | Delta Dist 10 = 4.178 | Delta Dist 100 = 4.346 | Delta Dist 1000 = 4.284 | Episode Length = 50 | Episode Return = 45.0 | Evaluator Episodes = 11920 | Evaluator Steps = 596000 | Final Dist = 0.361 | Final Dist 10 = 1.982 | Final Dist 100 = 1.472 | Final Dist 1000 = 1.530 | Init Dist = 4.123 | Init Dist 10 = 6.160 | Init Dist 100 = 5.817 | Init Dist 1000 = 5.814 | Learner Steps = 36572 | Learner Walltime = 7243.261 | Min Dist = 0.061 | Min Dist 10 = 0.069 | Min Dist 100 = 0.099 | Min Dist 1000 = 0.147 | Steps Per Second = 73.482 | Success = 1.000 | Success 1000 = 0.995
I0502 17:06:59.627237 139579566835264 terminal.py:91] [Evaluator] Actor Episodes = 47010 | Actor Steps = 2350500 | Delta Dist = 10.906 | Delta Dist 10 = 11.936 | Delta Dist 100 = 11.375 | Delta Dist 1000 = 11.483 | Episode Length = 50 | Episode Return = 0.0 | Evaluator Episodes = 11922 | Evaluator Steps = 596100 | Final Dist = 1.900 | Final Dist 10 = 0.870 | Final Dist 100 = 1.431 | Final Dist 1000 = 1.323 | Init Dist = 12.806 | Init Dist 10 = 12.806 | Init Dist 100 = 12.806 | Init Dist 1000 = 12.806 | Learner Steps = 36572 | Learner Walltime = 7243.261 | Min Dist = 1.329 | Min Dist 10 = 0.421 | Min Dist 100 = 0.811 | Min Dist 1000 = 0.687 | Steps Per Second = 83.232 | Success = 0.000 | Success 1000 = 0.878
I0502 17:06:59.859124 139555860620864 terminal.py:91] [Actor] Actor Episodes = 47012 | Actor Steps = 2350600 | Delta Dist = 7.543 | Delta Dist 10 = 4.255 | Delta Dist 100 = 4.282 | Delta Dist 1000 = 4.282 | Episode Length = 50 | Episode Return = 18.0 | Evaluator Episodes = 11922 | Evaluator Steps = 596100 | Final Dist = 0.519 | Final Dist 10 = 2.253 | Final Dist 100 = 1.585 | Final Dist 1000 = 1.541 | Init Dist = 8.062 | Init Dist 10 = 6.509 | Init Dist 100 = 5.867 | Init Dist 1000 = 5.823 | Learner Steps = 36572 | Learner Walltime = 7243.261 | Min Dist = 0.074 | Min Dist 10 = 0.062 | Min Dist 100 = 0.097 | Min Dist 1000 = 0.146 | Steps Per Second = 85.609 | Success = 1.000 | Success 1000 = 0.995
I0502 17:07:01.129131 139579566835264 terminal.py:91] [Evaluator] Actor Episodes = 47022 | Actor Steps = 2351100 | Delta Dist = 11.526 | Delta Dist 10 = 11.692 | Delta Dist 100 = 11.352 | Delta Dist 1000 = 11.480 | Episode Length = 50 | Episode Return = 5.0 | Evaluator Episodes = 11925 | Evaluator Steps = 596250 | Final Dist = 1.280 | Final Dist 10 = 1.115 | Final Dist 100 = 1.455 | Final Dist 1000 = 1.326 | Init Dist = 12.806 | Init Dist 10 = 12.806 | Init Dist 100 = 12.806 | Init Dist 1000 = 12.806 | Learner Steps = 36578 | Learner Walltime = 7244.338 | Min Dist = 0.305 | Min Dist 10 = 0.591 | Min Dist 100 = 0.823 | Min Dist 1000 = 0.690 | Steps Per Second = 98.313 | Success = 1.000 | Success 1000 = 0.877
I0502 17:07:02.359179 139579566835264 terminal.py:91] [Evaluator] Actor Episodes = 47030 | Actor Steps = 2351500 | Delta Dist = 12.199 | Delta Dist 10 = 11.651 | Delta Dist 100 = 11.360 | Delta Dist 1000 = 11.481 | Episode Length = 50 | Episode Return = 23.0 | Evaluator Episodes = 11927 | Evaluator Steps = 596350 | Final Dist = 0.607 | Final Dist 10 = 1.155 | Final Dist 100 = 1.447 | Final Dist 1000 = 1.325 | Init Dist = 12.806 | Init Dist 10 = 12.806 | Init Dist 100 = 12.806 | Init Dist 1000 = 12.806 | Learner Steps = 36588 | Learner Walltime = 7246.411 | Min Dist = 0.471 | Min Dist 10 = 0.561 | Min Dist 100 = 0.817 | Min Dist 1000 = 0.690 | Steps Per Second = 82.411 | Success = 1.000 | Success 1000 = 0.877
I0502 17:07:03.600222 139579566835264 terminal.py:91] [Evaluator] Actor Episodes = 47036 | Actor Steps = 2351800 | Delta Dist = 12.476 | Delta Dist 10 = 11.581 | Delta Dist 100 = 11.364 | Delta Dist 1000 = 11.482 | Episode Length = 50 | Episode Return = 28.0 | Evaluator Episodes = 11929 | Evaluator Steps = 596450 | Final Dist = 0.330 | Final Dist 10 = 1.225 | Final Dist 100 = 1.443 | Final Dist 1000 = 1.325 | Init Dist = 12.806 | Init Dist 10 = 12.806 | Init Dist 100 = 12.806 | Init Dist 1000 = 12.806 | Learner Steps = 36594 | Learner Walltime = 7247.670 | Min Dist = 0.294 | Min Dist 10 = 0.546 | Min Dist 100 = 0.812 | Min Dist 1000 = 0.689 | Steps Per Second = 76.467 | Success = 1.000 | Success 1000 = 0.877
I0502 17:07:04.781764 139579566835264 terminal.py:91] [Evaluator] Actor Episodes = 47044 | Actor Steps = 2352200 | Delta Dist = 11.812 | Delta Dist 10 = 11.716 | Delta Dist 100 = 11.366 | Delta Dist 1000 = 11.482 | Episode Length = 50 | Episode Return = 22.0 | Evaluator Episodes = 11931 | Evaluator Steps = 596550 | Final Dist = 0.994 | Final Dist 10 = 1.090 | Final Dist 100 = 1.440 | Final Dist 1000 = 1.324 | Init Dist = 12.806 | Init Dist 10 = 12.806 | Init Dist 100 = 12.806 | Init Dist 1000 = 12.806 | Learner Steps = 36601 | Learner Walltime = 7248.940 | Min Dist = 0.063 | Min Dist 10 = 0.424 | Min Dist 100 = 0.810 | Min Dist 1000 = 0.689 | Steps Per Second = 78.110 | Success = 1.000 | Success 1000 = 0.877
I0502 17:07:05.605076 139569349502528 terminal.py:91] [Actor] Actor Episodes = 47049 | Actor Steps = 2352450 | Delta Dist = 6.821 | Delta Dist 10 = 3.116 | Delta Dist 100 = 4.231 | Delta Dist 1000 = 4.243 | Episode Length = 50 | Episode Return = 27.0 | Evaluator Episodes = 11931 | Evaluator Steps = 596550 | Final Dist = 0.250 | Final Dist 10 = 3.302 | Final Dist 100 = 1.481 | Final Dist 1000 = 1.555 | Init Dist = 7.071 | Init Dist 10 = 6.419 | Init Dist 100 = 5.712 | Init Dist 1000 = 5.798 | Learner Steps = 36601 | Learner Walltime = 7248.940 | Min Dist = 0.250 | Min Dist 10 = 0.068 | Min Dist 100 = 0.071 | Min Dist 1000 = 0.143 | Steps Per Second = 77.862 | Success = 1.000 | Success 1000 = 0.997
I0502 17:07:05.938263 139579566835264 terminal.py:91] [Evaluator] Actor Episodes = 47050 | Actor Steps = 2352500 | Delta Dist = 11.937 | Delta Dist 10 = 11.833 | Delta Dist 100 = 11.356 | Delta Dist 1000 = 11.483 | Episode Length = 50 | Episode Return = 15.0 | Evaluator Episodes = 11933 | Evaluator Steps = 596650 | Final Dist = 0.870 | Final Dist 10 = 0.974 | Final Dist 100 = 1.450 | Final Dist 1000 = 1.324 | Init Dist = 12.806 | Init Dist 10 = 12.806 | Init Dist 100 = 12.806 | Init Dist 1000 = 12.806 | Learner Steps = 36601 | Learner Walltime = 7248.940 | Min Dist = 0.169 | Min Dist 10 = 0.370 | Min Dist 100 = 0.817 | Min Dist 1000 = 0.689 | Steps Per Second = 83.388 | Success = 1.000 | Success 1000 = 0.878
I0502 17:07:06.924398 139555013154368 terminal.py:91] [Learner] Actor Episodes = 47052 | Actor Loss = 3.585887908935547 | Actor Steps = 2352600 | Binary Accuracy = 0.9959983825683594 | Categorical Accuracy = 0.416015625 | Critic Loss = 1.7896292209625244 | Entropy Mean = -23.907821655273438 | Evaluator Episodes = 11933 | Evaluator Steps = 596650 | Learner Steps = 36612 | Learner Walltime = 7251.123 | Logits Neg = -17.466094970703125 | Logits Pos = -1.7835434675216675 | Logsumexp = 1.2171303033828735 | Steps Per Second = 286.977
I0502 17:07:07.026154 139579566835264 terminal.py:91] [Evaluator] Actor Episodes = 47058 | Actor Steps = 2352900 | Delta Dist = 12.471 | Delta Dist 10 = 11.345 | Delta Dist 100 = 11.311 | Delta Dist 1000 = 11.476 | Episode Length = 50 | Episode Return = 10.0 | Evaluator Episodes = 11935 | Evaluator Steps = 596750 | Final Dist = 0.335 | Final Dist 10 = 1.461 | Final Dist 100 = 1.496 | Final Dist 1000 = 1.330 | Init Dist = 12.806 | Init Dist 10 = 12.806 | Init Dist 100 = 12.806 | Init Dist 1000 = 12.806 | Learner Steps = 36607 | Learner Walltime = 7250.222 | Min Dist = 0.218 | Min Dist 10 = 0.762 | Min Dist 100 = 0.860 | Min Dist 1000 = 0.694 | Steps Per Second = 94.881 | Success = 1.000 | Success 1000 = 0.877
I0502 17:07:07.383500 139558059398720 terminal.py:91] [Actor] Actor Episodes = 47062 | Actor Steps = 2353100 | Delta Dist = 9.339 | Delta Dist 10 = 4.902 | Delta Dist 100 = 4.247 | Delta Dist 1000 = 4.283 | Episode Length = 50 | Episode Return = 29.0 | Evaluator Episodes = 11935 | Evaluator Steps = 596750 | Final Dist = 0.510 | Final Dist 10 = 1.979 | Final Dist 100 = 1.534 | Final Dist 1000 = 1.525 | Init Dist = 9.849 | Init Dist 10 = 6.881 | Init Dist 100 = 5.781 | Init Dist 1000 = 5.808 | Learner Steps = 36613 | Learner Walltime = 7251.379 | Min Dist = 0.006 | Min Dist 10 = 0.098 | Min Dist 100 = 0.067 | Min Dist 1000 = 0.142 | Steps Per Second = 84.004 | Success = 1.000 | Success 1000 = 0.997
I0502 17:07:08.287290 139579566835264 terminal.py:91] [Evaluator] Actor Episodes = 47066 | Actor Steps = 2353300 | Delta Dist = 11.546 | Delta Dist 10 = 10.616 | Delta Dist 100 = 11.228 | Delta Dist 1000 = 11.469 | Episode Length = 50 | Episode Return = 1.0 | Evaluator Episodes = 11937 | Evaluator Steps = 596850 | Final Dist = 1.260 | Final Dist 10 = 2.190 | Final Dist 100 = 1.578 | Final Dist 1000 = 1.337 | Init Dist = 12.806 | Init Dist 10 = 12.806 | Init Dist 100 = 12.806 | Init Dist 1000 = 12.806 | Learner Steps = 36613 | Learner Walltime = 7251.379 | Min Dist = 0.927 | Min Dist 10 = 1.614 | Min Dist 100 = 0.947 | Min Dist 1000 = 0.703 | Steps Per Second = 74.508 | Success = 1.000 | Success 1000 = 0.876
I0502 17:07:08.519783 139584504182336 lp_utils.py:96] StepsLimiter: Reached 2353400 recorded steps
I0502 17:07:09.521304 139579566835264 terminal.py:91] [Evaluator] Actor Episodes = 47074 | Actor Steps = 2353700 | Delta Dist = 11.762 | Delta Dist 10 = 10.679 | Delta Dist 100 = 11.229 | Delta Dist 1000 = 11.470 | Episode Length = 50 | Episode Return = 6.0 | Evaluator Episodes = 11939 | Evaluator Steps = 596950 | Final Dist = 1.044 | Final Dist 10 = 2.127 | Final Dist 100 = 1.577 | Final Dist 1000 = 1.336 | Init Dist = 12.806 | Init Dist 10 = 12.806 | Init Dist 100 = 12.806 | Init Dist 1000 = 12.806 | Learner Steps = 36625 | Learner Walltime = 7253.675 | Min Dist = 0.071 | Min Dist 10 = 1.658 | Min Dist 100 = 0.953 | Min Dist 1000 = 0.702 | Steps Per Second = 79.253 | Success = 1.000 | Success 1000 = 0.877
I0502 17:07:09.567381 139557462840896 terminal.py:91] [Actor] Actor Episodes = 47075 | Actor Steps = 2353750 | Delta Dist = 8.570 | Delta Dist 10 = 4.726 | Delta Dist 100 = 4.312 | Delta Dist 1000 = 4.282 | Episode Length = 50 | Episode Return = 15.0 | Evaluator Episodes = 11937 | Evaluator Steps = 596850 | Final Dist = 1.480 | Final Dist 10 = 0.281 | Final Dist 100 = 1.475 | Final Dist 1000 = 1.520 | Init Dist = 10.050 | Init Dist 10 = 5.007 | Init Dist 100 = 5.788 | Init Dist 1000 = 5.803 | Learner Steps = 36619 | Learner Walltime = 7252.569 | Min Dist = 0.278 | Min Dist 10 = 0.073 | Min Dist 100 = 0.071 | Min Dist 1000 = 0.142 | Steps Per Second = 77.974 | Success = 1.000 | Success 1000 = 0.997
I0502 17:07:10.282202 139555860620864 terminal.py:91] [Actor] Actor Episodes = 47077 | Actor Steps = 2353850 | Delta Dist = 10.720 | Delta Dist 10 = 3.811 | Delta Dist 100 = 4.149 | Delta Dist 1000 = 4.269 | Episode Length = 50 | Episode Return = 43.0 | Evaluator Episodes = 11939 | Evaluator Steps = 596950 | Final Dist = 0.461 | Final Dist 10 = 1.666 | Final Dist 100 = 1.597 | Final Dist 1000 = 1.530 | Init Dist = 11.180 | Init Dist 10 = 5.476 | Init Dist 100 = 5.746 | Init Dist 1000 = 5.799 | Learner Steps = 36625 | Learner Walltime = 7253.675 | Min Dist = 0.118 | Min Dist 10 = 0.081 | Min Dist 100 = 0.072 | Min Dist 1000 = 0.142 | Steps Per Second = 76.686 | Success = 1.000 | Success 1000 = 0.997
I0502 17:07:10.712369 139579566835264 terminal.py:91] [Evaluator] Actor Episodes = 47082 | Actor Steps = 2354100 | Delta Dist = 11.751 | Delta Dist 10 = 10.563 | Delta Dist 100 = 11.232 | Delta Dist 1000 = 11.470 | Episode Length = 50 | Episode Return = 2.0 | Evaluator Episodes = 11941 | Evaluator Steps = 597050 | Final Dist = 1.055 | Final Dist 10 = 2.243 | Final Dist 100 = 1.574 | Final Dist 1000 = 1.336 | Init Dist = 12.806 | Init Dist 10 = 12.806 | Init Dist 100 = 12.806 | Init Dist 1000 = 12.806 | Learner Steps = 36630 | Learner Walltime = 7254.753 | Min Dist = 0.858 | Min Dist 10 = 1.634 | Min Dist 100 = 0.946 | Min Dist 1000 = 0.701 | Steps Per Second = 90.648 | Success = 1.000 | Success 1000 = 0.877
I0502 17:07:11.984090 139579566835264 terminal.py:91] [Evaluator] Actor Episodes = 47090 | Actor Steps = 2354500 | Delta Dist = 12.234 | Delta Dist 10 = 10.654 | Delta Dist 100 = 11.236 | Delta Dist 1000 = 11.476 | Episode Length = 50 | Episode Return = 26.0 | Evaluator Episodes = 11943 | Evaluator Steps = 597150 | Final Dist = 0.572 | Final Dist 10 = 2.152 | Final Dist 100 = 1.570 | Final Dist 1000 = 1.330 | Init Dist = 12.806 | Init Dist 10 = 12.806 | Init Dist 100 = 12.806 | Init Dist 1000 = 12.806 | Learner Steps = 36635 | Learner Walltime = 7255.819 | Min Dist = 0.317 | Min Dist 10 = 1.655 | Min Dist 100 = 0.952 | Min Dist 1000 = 0.696 | Steps Per Second = 75.629 | Success = 1.000 | Success 1000 = 0.878
I0502 17:07:13.250366 139579566835264 terminal.py:91] [Evaluator] Actor Episodes = 47098 | Actor Steps = 2354900 | Delta Dist = 11.724 | Delta Dist 10 = 11.306 | Delta Dist 100 = 11.249 | Delta Dist 1000 = 11.476 | Episode Length = 50 | Episode Return = 0.0 | Evaluator Episodes = 11945 | Evaluator Steps = 597250 | Final Dist = 1.082 | Final Dist 10 = 1.500 | Final Dist 100 = 1.557 | Final Dist 1000 = 1.331 | Init Dist = 12.806 | Init Dist 10 = 12.806 | Init Dist 100 = 12.806 | Init Dist 1000 = 12.806 | Learner Steps = 36641 | Learner Walltime = 7257.116 | Min Dist = 1.082 | Min Dist 10 = 1.155 | Min Dist 100 = 0.955 | Min Dist 1000 = 0.696 | Steps Per Second = 78.671 | Success = 0.000 | Success 1000 = 0.878
I0502 17:07:14.540627 139579566835264 terminal.py:91] [Evaluator] Actor Episodes = 47106 | Actor Steps = 2355300 | Delta Dist = 12.377 | Delta Dist 10 = 12.067 | Delta Dist 100 = 11.252 | Delta Dist 1000 = 11.478 | Episode Length = 50 | Episode Return = 11.0 | Evaluator Episodes = 11947 | Evaluator Steps = 597350 | Final Dist = 0.429 | Final Dist 10 = 0.740 | Final Dist 100 = 1.554 | Final Dist 1000 = 1.328 | Init Dist = 12.806 | Init Dist 10 = 12.806 | Init Dist 100 = 12.806 | Init Dist 1000 = 12.806 | Learner Steps = 36647 | Learner Walltime = 7258.330 | Min Dist = 0.159 | Min Dist 10 = 0.389 | Min Dist 100 = 0.961 | Min Dist 1000 = 0.697 | Steps Per Second = 76.754 | Success = 1.000 | Success 1000 = 0.877
I0502 17:07:15.631254 139569349502528 terminal.py:91] [Actor] Actor Episodes = 47113 | Actor Steps = 2355650 | Delta Dist = 1.889 | Delta Dist 10 = 4.377 | Delta Dist 100 = 4.196 | Delta Dist 1000 = 4.282 | Episode Length = 50 | Episode Return = 37.0 | Evaluator Episodes = 11947 | Evaluator Steps = 597350 | Final Dist = 0.111 | Final Dist 10 = 1.234 | Final Dist 100 = 1.612 | Final Dist 1000 = 1.527 | Init Dist = 2.000 | Init Dist 10 = 5.611 | Init Dist 100 = 5.808 | Init Dist 1000 = 5.809 | Learner Steps = 36647 | Learner Walltime = 7258.330 | Min Dist = 0.005 | Min Dist 10 = 0.145 | Min Dist 100 = 0.085 | Min Dist 1000 = 0.142 | Steps Per Second = 76.584 | Success = 1.000 | Success 1000 = 0.997
I0502 17:07:15.801264 139579566835264 terminal.py:91] [Evaluator] Actor Episodes = 47114 | Actor Steps = 2355700 | Delta Dist = 6.894 | Delta Dist 10 = 11.597 | Delta Dist 100 = 11.268 | Delta Dist 1000 = 11.479 | Episode Length = 50 | Episode Return = 0.0 | Evaluator Episodes = 11949 | Evaluator Steps = 597450 | Final Dist = 5.912 | Final Dist 10 = 1.209 | Final Dist 100 = 1.538 | Final Dist 1000 = 1.327 | Init Dist = 12.806 | Init Dist 10 = 12.806 | Init Dist 100 = 12.806 | Init Dist 1000 = 12.806 | Learner Steps = 36654 | Learner Walltime = 7259.633 | Min Dist = 5.433 | Min Dist 10 = 0.811 | Min Dist 100 = 0.961 | Min Dist 1000 = 0.697 | Steps Per Second = 77.599 | Success = 0.000 | Success 1000 = 0.877
I0502 17:07:17.030113 139555013154368 terminal.py:91] [Learner] Actor Episodes = 47122 | Actor Loss = 3.7465288639068604 | Actor Steps = 2356100 | Binary Accuracy = 0.9961001873016357 | Categorical Accuracy = 0.425537109375 | Critic Loss = 1.7710033655166626 | Entropy Mean = -23.876625061035156 | Evaluator Episodes = 11949 | Evaluator Steps = 597450 | Learner Steps = 36663 | Learner Walltime = 7261.227 | Logits Neg = -17.24647331237793 | Logits Pos = -1.7701115608215332 | Logsumexp = 1.073297142982483 | Steps Per Second = 349.220
I0502 17:07:17.038207 139579566835264 terminal.py:91] [Evaluator] Actor Episodes = 47122 | Actor Steps = 2356100 | Delta Dist = 11.874 | Delta Dist 10 = 11.072 | Delta Dist 100 = 11.230 | Delta Dist 1000 = 11.475 | Episode Length = 50 | Episode Return = 17.0 | Evaluator Episodes = 11951 | Evaluator Steps = 597550 | Final Dist = 0.932 | Final Dist 10 = 1.734 | Final Dist 100 = 1.576 | Final Dist 1000 = 1.331 | Init Dist = 12.806 | Init Dist 10 = 12.806 | Init Dist 100 = 12.806 | Init Dist 1000 = 12.806 | Learner Steps = 36661 | Learner Walltime = 7260.996 | Min Dist = 0.329 | Min Dist 10 = 1.358 | Min Dist 100 = 0.993 | Min Dist 1000 = 0.701 | Steps Per Second = 86.416 | Success = 1.000 | Success 1000 = 0.876
I0502 17:07:17.864830 139558059398720 terminal.py:91] [Actor] Actor Episodes = 47125 | Actor Steps = 2356250 | Delta Dist = 10.624 | Delta Dist 10 = 6.014 | Delta Dist 100 = 4.376 | Delta Dist 1000 = 4.310 | Episode Length = 50 | Episode Return = 26.0 | Evaluator Episodes = 11951 | Evaluator Steps = 597550 | Final Dist = 0.193 | Final Dist 10 = 0.852 | Final Dist 100 = 1.606 | Final Dist 1000 = 1.516 | Init Dist = 10.817 | Init Dist 10 = 6.867 | Init Dist 100 = 5.983 | Init Dist 1000 = 5.826 | Learner Steps = 36661 | Learner Walltime = 7260.996 | Min Dist = 0.086 | Min Dist 10 = 0.057 | Min Dist 100 = 0.080 | Min Dist 1000 = 0.133 | Steps Per Second = 84.044 | Success = 1.000 | Success 1000 = 0.997
I0502 17:07:18.238407 139579566835264 terminal.py:91] [Evaluator] Actor Episodes = 47130 | Actor Steps = 2356500 | Delta Dist = 12.281 | Delta Dist 10 = 11.017 | Delta Dist 100 = 11.231 | Delta Dist 1000 = 11.476 | Episode Length = 50 | Episode Return = 27.0 | Evaluator Episodes = 11953 | Evaluator Steps = 597650 | Final Dist = 0.526 | Final Dist 10 = 1.789 | Final Dist 100 = 1.575 | Final Dist 1000 = 1.331 | Init Dist = 12.806 | Init Dist 10 = 12.806 | Init Dist 100 = 12.806 | Init Dist 1000 = 12.806 | Learner Steps = 36666 | Learner Walltime = 7262.038 | Min Dist = 0.069 | Min Dist 10 = 1.325 | Min Dist 100 = 1.000 | Min Dist 1000 = 0.701 | Steps Per Second = 85.261 | Success = 1.000 | Success 1000 = 0.876
I0502 17:07:18.538612 139584504182336 lp_utils.py:96] StepsLimiter: Reached 2356700 recorded steps
I0502 17:07:19.376204 139579566835264 terminal.py:91] [Evaluator] Actor Episodes = 47138 | Actor Steps = 2356900 | Delta Dist = 11.653 | Delta Dist 10 = 11.058 | Delta Dist 100 = 11.242 | Delta Dist 1000 = 11.477 | Episode Length = 50 | Episode Return = 7.0 | Evaluator Episodes = 11955 | Evaluator Steps = 597750 | Final Dist = 1.153 | Final Dist 10 = 1.748 | Final Dist 100 = 1.564 | Final Dist 1000 = 1.329 | Init Dist = 12.806 | Init Dist 10 = 12.806 | Init Dist 100 = 12.806 | Init Dist 1000 = 12.806 | Learner Steps = 36672 | Learner Walltime = 7263.124 | Min Dist = 0.368 | Min Dist 10 = 1.314 | Min Dist 100 = 0.996 | Min Dist 1000 = 0.700 | Steps Per Second = 92.214 | Success = 1.000 | Success 1000 = 0.876
I0502 17:07:20.097479 139557462840896 terminal.py:91] [Actor] Actor Episodes = 47146 | Actor Steps = 2357300 | Delta Dist = 1.571 | Delta Dist 10 = 4.692 | Delta Dist 100 = 4.539 | Delta Dist 1000 = 4.310 | Episode Length = 50 | Episode Return = 35.0 | Evaluator Episodes = 11955 | Evaluator Steps = 597750 | Final Dist = 0.665 | Final Dist 10 = 1.649 | Final Dist 100 = 1.627 | Final Dist 1000 = 1.516 | Init Dist = 2.236 | Init Dist 10 = 6.341 | Init Dist 100 = 6.166 | Init Dist 1000 = 5.825 | Learner Steps = 36678 | Learner Walltime = 7264.246 | Min Dist = 0.047 | Min Dist 10 = 0.081 | Min Dist 100 = 0.082 | Min Dist 1000 = 0.132 | Steps Per Second = 77.794 | Success = 1.000 | Success 1000 = 0.997
I0502 17:07:20.346507 139555860620864 terminal.py:91] [Actor] Actor Episodes = 47143 | Actor Steps = 2357150 | Delta Dist = 8.021 | Delta Dist 10 = 3.950 | Delta Dist 100 = 4.569 | Delta Dist 1000 = 4.303 | Episode Length = 50 | Episode Return = 24.0 | Evaluator Episodes = 11955 | Evaluator Steps = 597750 | Final Dist = 1.199 | Final Dist 10 = 1.540 | Final Dist 100 = 1.545 | Final Dist 1000 = 1.516 | Init Dist = 9.220 | Init Dist 10 = 5.491 | Init Dist 100 = 6.115 | Init Dist 1000 = 5.818 | Learner Steps = 36672 | Learner Walltime = 7263.124 | Min Dist = 0.054 | Min Dist 10 = 0.062 | Min Dist 100 = 0.083 | Min Dist 1000 = 0.132 | Steps Per Second = 75.645 | Success = 1.000 | Success 1000 = 0.997
I0502 17:07:20.631897 139579566835264 terminal.py:91] [Evaluator] Actor Episodes = 47146 | Actor Steps = 2357300 | Delta Dist = 11.539 | Delta Dist 10 = 11.061 | Delta Dist 100 = 11.252 | Delta Dist 1000 = 11.483 | Episode Length = 50 | Episode Return = 7.0 | Evaluator Episodes = 11957 | Evaluator Steps = 597850 | Final Dist = 1.267 | Final Dist 10 = 1.745 | Final Dist 100 = 1.554 | Final Dist 1000 = 1.324 | Init Dist = 12.806 | Init Dist 10 = 12.806 | Init Dist 100 = 12.806 | Init Dist 1000 = 12.806 | Learner Steps = 36678 | Learner Walltime = 7264.246 | Min Dist = 0.644 | Min Dist 10 = 1.249 | Min Dist 100 = 0.998 | Min Dist 1000 = 0.695 | Steps Per Second = 76.688 | Success = 1.000 | Success 1000 = 0.877
I0502 17:07:21.788420 139579566835264 terminal.py:91] [Evaluator] Actor Episodes = 47154 | Actor Steps = 2357700 | Delta Dist = 11.788 | Delta Dist 10 = 11.440 | Delta Dist 100 = 11.323 | Delta Dist 1000 = 11.483 | Episode Length = 50 | Episode Return = 17.0 | Evaluator Episodes = 11959 | Evaluator Steps = 597950 | Final Dist = 1.018 | Final Dist 10 = 1.366 | Final Dist 100 = 1.483 | Final Dist 1000 = 1.323 | Init Dist = 12.806 | Init Dist 10 = 12.806 | Init Dist 100 = 12.806 | Init Dist 1000 = 12.806 | Learner Steps = 36684 | Learner Walltime = 7265.331 | Min Dist = 0.531 | Min Dist 10 = 0.877 | Min Dist 100 = 0.925 | Min Dist 1000 = 0.695 | Steps Per Second = 81.621 | Success = 1.000 | Success 1000 = 0.877
I0502 17:07:23.187132 139579566835264 terminal.py:91] [Evaluator] Actor Episodes = 47162 | Actor Steps = 2358100 | Delta Dist = 12.343 | Delta Dist 10 = 11.878 | Delta Dist 100 = 11.314 | Delta Dist 1000 = 11.483 | Episode Length = 50 | Episode Return = 27.0 | Evaluator Episodes = 11961 | Evaluator Steps = 598050 | Final Dist = 0.463 | Final Dist 10 = 0.928 | Final Dist 100 = 1.492 | Final Dist 1000 = 1.323 | Init Dist = 12.806 | Init Dist 10 = 12.806 | Init Dist 100 = 12.806 | Init Dist 1000 = 12.806 | Learner Steps = 36690 | Learner Walltime = 7266.591 | Min Dist = 0.207 | Min Dist 10 = 0.409 | Min Dist 100 = 0.930 | Min Dist 1000 = 0.696 | Steps Per Second = 78.198 | Success = 1.000 | Success 1000 = 0.877
I0502 17:07:24.312348 139579566835264 terminal.py:91] [Evaluator] Actor Episodes = 47170 | Actor Steps = 2358500 | Delta Dist = 12.618 | Delta Dist 10 = 11.908 | Delta Dist 100 = 11.322 | Delta Dist 1000 = 11.484 | Episode Length = 50 | Episode Return = 33.0 | Evaluator Episodes = 11963 | Evaluator Steps = 598150 | Final Dist = 0.188 | Final Dist 10 = 0.899 | Final Dist 100 = 1.485 | Final Dist 1000 = 1.322 | Init Dist = 12.806 | Init Dist 10 = 12.806 | Init Dist 100 = 12.806 | Init Dist 1000 = 12.806 | Learner Steps = 36695 | Learner Walltime = 7267.637 | Min Dist = 0.131 | Min Dist 10 = 0.414 | Min Dist 100 = 0.936 | Min Dist 1000 = 0.695 | Steps Per Second = 85.607 | Success = 1.000 | Success 1000 = 0.877
I0502 17:07:25.501457 139579566835264 terminal.py:91] [Evaluator] Actor Episodes = 47178 | Actor Steps = 2358900 | Delta Dist = 11.467 | Delta Dist 10 = 11.873 | Delta Dist 100 = 11.361 | Delta Dist 1000 = 11.484 | Episode Length = 50 | Episode Return = 23.0 | Evaluator Episodes = 11965 | Evaluator Steps = 598250 | Final Dist = 1.340 | Final Dist 10 = 0.933 | Final Dist 100 = 1.445 | Final Dist 1000 = 1.322 | Init Dist = 12.806 | Init Dist 10 = 12.806 | Init Dist 100 = 12.806 | Init Dist 1000 = 12.806 | Learner Steps = 36700 | Learner Walltime = 7268.640 | Min Dist = 0.245 | Min Dist 10 = 0.403 | Min Dist 100 = 0.896 | Min Dist 1000 = 0.695 | Steps Per Second = 84.446 | Success = 1.000 | Success 1000 = 0.877
I0502 17:07:26.174689 139569349502528 terminal.py:91] [Actor] Actor Episodes = 47184 | Actor Steps = 2359200 | Delta Dist = 7.803 | Delta Dist 10 = 5.337 | Delta Dist 100 = 4.528 | Delta Dist 1000 = 4.267 | Episode Length = 50 | Episode Return = 3.0 | Evaluator Episodes = 11965 | Evaluator Steps = 598250 | Final Dist = 0.197 | Final Dist 10 = 0.736 | Final Dist 100 = 1.645 | Final Dist 1000 = 1.557 | Init Dist = 8.000 | Init Dist 10 = 6.072 | Init Dist 100 = 6.174 | Init Dist 1000 = 5.824 | Learner Steps = 36706 | Learner Walltime = 7269.891 | Min Dist = 0.032 | Min Dist 10 = 0.065 | Min Dist 100 = 0.094 | Min Dist 1000 = 0.132 | Steps Per Second = 81.113 | Success = 1.000 | Success 1000 = 0.996
I0502 17:07:26.605836 139579566835264 terminal.py:91] [Evaluator] Actor Episodes = 47186 | Actor Steps = 2359300 | Delta Dist = 12.549 | Delta Dist 10 = 11.750 | Delta Dist 100 = 11.340 | Delta Dist 1000 = 11.484 | Episode Length = 50 | Episode Return = 23.0 | Evaluator Episodes = 11967 | Evaluator Steps = 598350 | Final Dist = 0.258 | Final Dist 10 = 1.056 | Final Dist 100 = 1.466 | Final Dist 1000 = 1.323 | Init Dist = 12.806 | Init Dist 10 = 12.806 | Init Dist 100 = 12.806 | Init Dist 1000 = 12.806 | Learner Steps = 36706 | Learner Walltime = 7269.891 | Min Dist = 0.034 | Min Dist 10 = 0.408 | Min Dist 100 = 0.900 | Min Dist 1000 = 0.694 | Steps Per Second = 86.823 | Success = 1.000 | Success 1000 = 0.877
I0502 17:07:26.759697 139584635659840 savers.py:156] Saving checkpoint: logs/contrastive_cpc_point_FourRooms_64/5dd72662-2788-11f0-b183-d85ed38c5779/checkpoints/counter
I0502 17:07:27.164433 139555013154368 terminal.py:91] [Learner] Actor Episodes = 47186 | Actor Loss = 3.7967395782470703 | Actor Steps = 2359300 | Binary Accuracy = 0.996009111404419 | Categorical Accuracy = 0.42681884765625 | Critic Loss = 1.7524210214614868 | Entropy Mean = -21.473957061767578 | Evaluator Episodes = 11967 | Evaluator Steps = 598350 | Learner Steps = 36714 | Learner Walltime = 7271.363 | Logits Neg = -17.530885696411133 | Logits Pos = -1.734389305114746 | Logsumexp = 1.1640818119049072 | Steps Per Second = 385.881
I0502 17:07:27.738185 139579566835264 terminal.py:91] [Evaluator] Actor Episodes = 47194 | Actor Steps = 2359700 | Delta Dist = 12.390 | Delta Dist 10 = 11.858 | Delta Dist 100 = 11.342 | Delta Dist 1000 = 11.485 | Episode Length = 50 | Episode Return = 7.0 | Evaluator Episodes = 11969 | Evaluator Steps = 598450 | Final Dist = 0.417 | Final Dist 10 = 0.949 | Final Dist 100 = 1.464 | Final Dist 1000 = 1.322 | Init Dist = 12.806 | Init Dist 10 = 12.806 | Init Dist 100 = 12.806 | Init Dist 1000 = 12.806 | Learner Steps = 36712 | Learner Walltime = 7271.000 | Min Dist = 0.028 | Min Dist 10 = 0.288 | Min Dist 100 = 0.898 | Min Dist 1000 = 0.694 | Steps Per Second = 87.937 | Success = 1.000 | Success 1000 = 0.877
I0502 17:07:28.286419 139558059398720 terminal.py:91] [Actor] Actor Episodes = 47198 | Actor Steps = 2359900 | Delta Dist = 0.836 | Delta Dist 10 = 5.699 | Delta Dist 100 = 4.899 | Delta Dist 1000 = 4.290 | Episode Length = 50 | Episode Return = 35.0 | Evaluator Episodes = 11969 | Evaluator Steps = 598450 | Final Dist = 7.226 | Final Dist 10 = 1.052 | Final Dist 100 = 1.538 | Final Dist 1000 = 1.559 | Init Dist = 8.062 | Init Dist 10 = 6.751 | Init Dist 100 = 6.438 | Init Dist 1000 = 5.849 | Learner Steps = 36717 | Learner Walltime = 7272.002 | Min Dist = 0.207 | Min Dist 10 = 0.093 | Min Dist 100 = 0.094 | Min Dist 1000 = 0.132 | Steps Per Second = 86.091 | Success = 1.000 | Success 1000 = 0.996
I0502 17:07:28.557381 139584504182336 lp_utils.py:96] StepsLimiter: Reached 2360000 recorded steps
I0502 17:07:28.876703 139579566835264 terminal.py:91] [Evaluator] Actor Episodes = 47202 | Actor Steps = 2360100 | Delta Dist = 12.561 | Delta Dist 10 = 11.970 | Delta Dist 100 = 11.343 | Delta Dist 1000 = 11.487 | Episode Length = 50 | Episode Return = 14.0 | Evaluator Episodes = 11971 | Evaluator Steps = 598550 | Final Dist = 0.245 | Final Dist 10 = 0.837 | Final Dist 100 = 1.464 | Final Dist 1000 = 1.319 | Init Dist = 12.806 | Init Dist 10 = 12.806 | Init Dist 100 = 12.806 | Init Dist 1000 = 12.806 | Learner Steps = 36717 | Learner Walltime = 7272.002 | Min Dist = 0.102 | Min Dist 10 = 0.207 | Min Dist 100 = 0.892 | Min Dist 1000 = 0.690 | Steps Per Second = 86.882 | Success = 1.000 | Success 1000 = 0.878
I0502 17:07:30.152917 139579566835264 terminal.py:91] [Evaluator] Actor Episodes = 47210 | Actor Steps = 2360500 | Delta Dist = 5.489 | Delta Dist 10 = 12.100 | Delta Dist 100 = 11.351 | Delta Dist 1000 = 11.489 | Episode Length = 50 | Episode Return = 0.0 | Evaluator Episodes = 11973 | Evaluator Steps = 598650 | Final Dist = 7.317 | Final Dist 10 = 0.706 | Final Dist 100 = 1.455 | Final Dist 1000 = 1.317 | Init Dist = 12.806 | Init Dist 10 = 12.806 | Init Dist 100 = 12.806 | Init Dist 1000 = 12.806 | Learner Steps = 36729 | Learner Walltime = 7274.343 | Min Dist = 5.282 | Min Dist 10 = 0.138 | Min Dist 100 = 0.888 | Min Dist 1000 = 0.689 | Steps Per Second = 79.794 | Success = 0.000 | Success 1000 = 0.878
I0502 17:07:30.681006 139557462840896 terminal.py:91] [Actor] Actor Episodes = 47211 | Actor Steps = 2360550 | Delta Dist = 6.844 | Delta Dist 10 = 4.876 | Delta Dist 100 = 4.701 | Delta Dist 1000 = 4.293 | Episode Length = 50 | Episode Return = 34.0 | Evaluator Episodes = 11971 | Evaluator Steps = 598550 | Final Dist = 0.227 | Final Dist 10 = 1.272 | Final Dist 100 = 1.542 | Final Dist 1000 = 1.571 | Init Dist = 7.071 | Init Dist 10 = 6.148 | Init Dist 100 = 6.243 | Init Dist 1000 = 5.864 | Learner Steps = 36723 | Learner Walltime = 7273.110 | Min Dist = 0.171 | Min Dist 10 = 0.786 | Min Dist 100 = 0.158 | Min Dist 1000 = 0.139 | Steps Per Second = 77.803 | Success = 1.000 | Success 1000 = 0.994
I0502 17:07:30.719389 139555860620864 terminal.py:91] [Actor] Actor Episodes = 47212 | Actor Steps = 2360600 | Delta Dist = 1.544 | Delta Dist 10 = 4.752 | Delta Dist 100 = 4.752 | Delta Dist 1000 = 4.294 | Episode Length = 50 | Episode Return = 42.0 | Evaluator Episodes = 11973 | Evaluator Steps = 598650 | Final Dist = 5.527 | Final Dist 10 = 1.278 | Final Dist 100 = 1.539 | Final Dist 1000 = 1.570 | Init Dist = 7.071 | Init Dist 10 = 6.030 | Init Dist 100 = 6.291 | Init Dist 1000 = 5.864 | Learner Steps = 36729 | Learner Walltime = 7274.343 | Min Dist = 0.205 | Min Dist 10 = 0.803 | Min Dist 100 = 0.159 | Min Dist 1000 = 0.140 | Steps Per Second = 73.649 | Success = 1.000 | Success 1000 = 0.994
I0502 17:07:31.399034 139579566835264 terminal.py:91] [Evaluator] Actor Episodes = 47218 | Actor Steps = 2360900 | Delta Dist = 11.261 | Delta Dist 10 = 11.454 | Delta Dist 100 = 11.291 | Delta Dist 1000 = 11.484 | Episode Length = 50 | Episode Return = 5.0 | Evaluator Episodes = 11975 | Evaluator Steps = 598750 | Final Dist = 1.546 | Final Dist 10 = 1.352 | Final Dist 100 = 1.515 | Final Dist 1000 = 1.322 | Init Dist = 12.806 | Init Dist 10 = 12.806 | Init Dist 100 = 12.806 | Init Dist 1000 = 12.806 | Learner Steps = 36729 | Learner Walltime = 7274.343 | Min Dist = 0.937 | Min Dist 10 = 0.654 | Min Dist 100 = 0.939 | Min Dist 1000 = 0.693 | Steps Per Second = 82.682 | Success = 1.000 | Success 1000 = 0.877
I0502 17:07:32.592267 139579566835264 terminal.py:91] [Evaluator] Actor Episodes = 47227 | Actor Steps = 2361350 | Delta Dist = 12.333 | Delta Dist 10 = 11.525 | Delta Dist 100 = 11.283 | Delta Dist 1000 = 11.485 | Episode Length = 50 | Episode Return = 25.0 | Evaluator Episodes = 11977 | Evaluator Steps = 598850 | Final Dist = 0.473 | Final Dist 10 = 1.281 | Final Dist 100 = 1.523 | Final Dist 1000 = 1.321 | Init Dist = 12.806 | Init Dist 10 = 12.806 | Init Dist 100 = 12.806 | Init Dist 1000 = 12.806 | Learner Steps = 36736 | Learner Walltime = 7275.746 | Min Dist = 0.062 | Min Dist 10 = 0.696 | Min Dist 100 = 0.942 | Min Dist 1000 = 0.693 | Steps Per Second = 79.450 | Success = 1.000 | Success 1000 = 0.877
I0502 17:07:33.759318 139579566835264 terminal.py:91] [Evaluator] Actor Episodes = 47235 | Actor Steps = 2361750 | Delta Dist = 11.344 | Delta Dist 10 = 11.293 | Delta Dist 100 = 11.258 | Delta Dist 1000 = 11.484 | Episode Length = 50 | Episode Return = 6.0 | Evaluator Episodes = 11979 | Evaluator Steps = 598950 | Final Dist = 1.462 | Final Dist 10 = 1.513 | Final Dist 100 = 1.549 | Final Dist 1000 = 1.323 | Init Dist = 12.806 | Init Dist 10 = 12.806 | Init Dist 100 = 12.806 | Init Dist 1000 = 12.806 | Learner Steps = 36743 | Learner Walltime = 7276.968 | Min Dist = 0.065 | Min Dist 10 = 1.008 | Min Dist 100 = 0.968 | Min Dist 1000 = 0.696 | Steps Per Second = 82.219 | Success = 1.000 | Success 1000 = 0.876
I0502 17:07:34.931331 139579566835264 terminal.py:91] [Evaluator] Actor Episodes = 47243 | Actor Steps = 2362150 | Delta Dist = 11.459 | Delta Dist 10 = 11.261 | Delta Dist 100 = 11.242 | Delta Dist 1000 = 11.485 | Episode Length = 50 | Episode Return = 19.0 | Evaluator Episodes = 11981 | Evaluator Steps = 599050 | Final Dist = 1.347 | Final Dist 10 = 1.546 | Final Dist 100 = 1.565 | Final Dist 1000 = 1.322 | Init Dist = 12.806 | Init Dist 10 = 12.806 | Init Dist 100 = 12.806 | Init Dist 1000 = 12.806 | Learner Steps = 36753 | Learner Walltime = 7279.024 | Min Dist = 0.430 | Min Dist 10 = 1.027 | Min Dist 100 = 0.971 | Min Dist 1000 = 0.696 | Steps Per Second = 85.494 | Success = 1.000 | Success 1000 = 0.876
I0502 17:07:36.204155 139579566835264 terminal.py:91] [Evaluator] Actor Episodes = 47251 | Actor Steps = 2362550 | Delta Dist = 6.306 | Delta Dist 10 = 11.129 | Delta Dist 100 = 11.248 | Delta Dist 1000 = 11.485 | Episode Length = 50 | Episode Return = 0.0 | Evaluator Episodes = 11983 | Evaluator Steps = 599150 | Final Dist = 6.500 | Final Dist 10 = 1.677 | Final Dist 100 = 1.559 | Final Dist 1000 = 1.321 | Init Dist = 12.806 | Init Dist 10 = 12.806 | Init Dist 100 = 12.806 | Init Dist 1000 = 12.806 | Learner Steps = 36758 | Learner Walltime = 7280.043 | Min Dist = 5.200 | Min Dist 10 = 1.063 | Min Dist 100 = 0.973 | Min Dist 1000 = 0.696 | Steps Per Second = 79.515 | Success = 0.000 | Success 1000 = 0.876
I0502 17:07:36.555665 139569349502528 terminal.py:91] [Actor] Actor Episodes = 47250 | Actor Steps = 2362500 | Delta Dist = 7.724 | Delta Dist 10 = 4.861 | Delta Dist 100 = 4.661 | Delta Dist 1000 = 4.281 | Episode Length = 50 | Episode Return = 21.0 | Evaluator Episodes = 11981 | Evaluator Steps = 599050 | Final Dist = 0.338 | Final Dist 10 = 1.259 | Final Dist 100 = 1.489 | Final Dist 1000 = 1.575 | Init Dist = 8.062 | Init Dist 10 = 6.120 | Init Dist 100 = 6.149 | Init Dist 1000 = 5.857 | Learner Steps = 36758 | Learner Walltime = 7280.043 | Min Dist = 0.005 | Min Dist 10 = 0.102 | Min Dist 100 = 0.170 | Min Dist 1000 = 0.138 | Steps Per Second = 90.020 | Success = 1.000 | Success 1000 = 0.994
I0502 17:07:37.170828 139555013154368 terminal.py:91] [Learner] Actor Episodes = 47253 | Actor Loss = 3.639972686767578 | Actor Steps = 2362650 | Binary Accuracy = 0.996016263961792 | Categorical Accuracy = 0.4232177734375 | Critic Loss = 1.7414696216583252 | Entropy Mean = -22.554767608642578 | Evaluator Episodes = 11983 | Evaluator Steps = 599150 | Learner Steps = 36765 | Learner Walltime = 7281.367 | Logits Neg = -17.734180450439453 | Logits Pos = -1.721819519996643 | Logsumexp = 1.0684646368026733 | Steps Per Second = 982.211
I0502 17:07:37.392393 139579566835264 terminal.py:91] [Evaluator] Actor Episodes = 47259 | Actor Steps = 2362950 | Delta Dist = 12.487 | Delta Dist 10 = 11.186 | Delta Dist 100 = 11.187 | Delta Dist 1000 = 11.486 | Episode Length = 50 | Episode Return = 32.0 | Evaluator Episodes = 11985 | Evaluator Steps = 599250 | Final Dist = 0.319 | Final Dist 10 = 1.620 | Final Dist 100 = 1.620 | Final Dist 1000 = 1.321 | Init Dist = 12.806 | Init Dist 10 = 12.806 | Init Dist 100 = 12.806 | Init Dist 1000 = 12.806 | Learner Steps = 36764 | Learner Walltime = 7281.302 | Min Dist = 0.055 | Min Dist 10 = 1.103 | Min Dist 100 = 1.024 | Min Dist 1000 = 0.695 | Steps Per Second = 82.084 | Success = 1.000 | Success 1000 = 0.877
I0502 17:07:38.574262 139583350109760 savers.py:156] Saving checkpoint: logs/contrastive_cpc_point_FourRooms_64/5dd72662-2788-11f0-b183-d85ed38c5779/checkpoints/learner
I0502 17:07:38.576390 139584504182336 lp_utils.py:96] StepsLimiter: Reached 2363350 recorded steps
I0502 17:07:38.614016 139579566835264 terminal.py:91] [Evaluator] Actor Episodes = 47267 | Actor Steps = 2363350 | Delta Dist = 12.534 | Delta Dist 10 = 11.317 | Delta Dist 100 = 11.260 | Delta Dist 1000 = 11.487 | Episode Length = 50 | Episode Return = 21.0 | Evaluator Episodes = 11987 | Evaluator Steps = 599350 | Final Dist = 0.272 | Final Dist 10 = 1.489 | Final Dist 100 = 1.546 | Final Dist 1000 = 1.319 | Init Dist = 12.806 | Init Dist 10 = 12.806 | Init Dist 100 = 12.806 | Init Dist 1000 = 12.806 | Learner Steps = 36772 | Learner Walltime = 7282.777 | Min Dist = 0.272 | Min Dist 10 = 1.010 | Min Dist 100 = 0.962 | Min Dist 1000 = 0.695 | Steps Per Second = 84.907 | Success = 1.000 | Success 1000 = 0.877
I0502 17:07:38.930159 139558059398720 terminal.py:91] [Actor] Actor Episodes = 47262 | Actor Steps = 2363100 | Delta Dist = 4.214 | Delta Dist 10 = 4.657 | Delta Dist 100 = 4.831 | Delta Dist 1000 = 4.311 | Episode Length = 50 | Episode Return = 0.0 | Evaluator Episodes = 11985 | Evaluator Steps = 599250 | Final Dist = 5.006 | Final Dist 10 = 2.480 | Final Dist 100 = 1.305 | Final Dist 1000 = 1.575 | Init Dist = 9.220 | Init Dist 10 = 7.137 | Init Dist 100 = 6.136 | Init Dist 1000 = 5.886 | Learner Steps = 36764 | Learner Walltime = 7281.302 | Min Dist = 0.143 | Min Dist 10 = 0.465 | Min Dist 100 = 0.194 | Min Dist 1000 = 0.141 | Steps Per Second = 75.144 | Success = 1.000 | Success 1000 = 0.992
I0502 17:07:39.803633 139579566835264 terminal.py:91] [Evaluator] Actor Episodes = 47275 | Actor Steps = 2363750 | Delta Dist = 11.726 | Delta Dist 10 = 11.508 | Delta Dist 100 = 11.259 | Delta Dist 1000 = 11.488 | Episode Length = 50 | Episode Return = 20.0 | Evaluator Episodes = 11989 | Evaluator Steps = 599450 | Final Dist = 1.080 | Final Dist 10 = 1.298 | Final Dist 100 = 1.547 | Final Dist 1000 = 1.318 | Init Dist = 12.806 | Init Dist 10 = 12.806 | Init Dist 100 = 12.806 | Init Dist 1000 = 12.806 | Learner Steps = 36778 | Learner Walltime = 7283.871 | Min Dist = 0.201 | Min Dist 10 = 0.824 | Min Dist 100 = 0.965 | Min Dist 1000 = 0.695 | Steps Per Second = 89.331 | Success = 1.000 | Success 1000 = 0.877
I0502 17:07:40.727869 139555860620864 terminal.py:91] [Actor] Actor Episodes = 47279 | Actor Steps = 2363950 | Delta Dist = 0.788 | Delta Dist 10 = 3.514 | Delta Dist 100 = 4.626 | Delta Dist 1000 = 4.285 | Episode Length = 50 | Episode Return = 34.0 | Evaluator Episodes = 11989 | Evaluator Steps = 599450 | Final Dist = 2.212 | Final Dist 10 = 0.787 | Final Dist 100 = 1.298 | Final Dist 1000 = 1.571 | Init Dist = 3.000 | Init Dist 10 = 4.301 | Init Dist 100 = 5.925 | Init Dist 1000 = 5.857 | Learner Steps = 36778 | Learner Walltime = 7283.871 | Min Dist = 0.180 | Min Dist 10 = 0.122 | Min Dist 100 = 0.199 | Min Dist 1000 = 0.142 | Steps Per Second = 82.484 | Success = 1.000 | Success 1000 = 0.992
I0502 17:07:40.916128 139557462840896 terminal.py:91] [Actor] Actor Episodes = 47283 | Actor Steps = 2364150 | Delta Dist = 7.205 | Delta Dist 10 = 3.309 | Delta Dist 100 = 4.659 | Delta Dist 1000 = 4.289 | Episode Length = 50 | Episode Return = 43.0 | Evaluator Episodes = 11989 | Evaluator Steps = 599450 | Final Dist = 0.075 | Final Dist 10 = 0.836 | Final Dist 100 = 1.311 | Final Dist 1000 = 1.568 | Init Dist = 7.280 | Init Dist 10 = 4.146 | Init Dist 100 = 5.970 | Init Dist 1000 = 5.857 | Learner Steps = 36784 | Learner Walltime = 7285.018 | Min Dist = 0.075 | Min Dist 10 = 0.093 | Min Dist 100 = 0.200 | Min Dist 1000 = 0.142 | Steps Per Second = 86.045 | Success = 1.000 | Success 1000 = 0.992
I0502 17:07:40.978152 139579566835264 terminal.py:91] [Evaluator] Actor Episodes = 47283 | Actor Steps = 2364150 | Delta Dist = 11.638 | Delta Dist 10 = 10.891 | Delta Dist 100 = 11.243 | Delta Dist 1000 = 11.488 | Episode Length = 50 | Episode Return = 14.0 | Evaluator Episodes = 11991 | Evaluator Steps = 599550 | Final Dist = 1.168 | Final Dist 10 = 1.915 | Final Dist 100 = 1.563 | Final Dist 1000 = 1.319 | Init Dist = 12.806 | Init Dist 10 = 12.806 | Init Dist 100 = 12.806 | Init Dist 1000 = 12.806 | Learner Steps = 36784 | Learner Walltime = 7285.018 | Min Dist = 0.179 | Min Dist 10 = 1.373 | Min Dist 100 = 0.967 | Min Dist 1000 = 0.695 | Steps Per Second = 83.179 | Success = 1.000 | Success 1000 = 0.877
I0502 17:07:42.139808 139579566835264 terminal.py:91] [Evaluator] Actor Episodes = 47291 | Actor Steps = 2364550 | Delta Dist = 11.615 | Delta Dist 10 = 10.802 | Delta Dist 100 = 11.293 | Delta Dist 1000 = 11.486 | Episode Length = 50 | Episode Return = 24.0 | Evaluator Episodes = 11993 | Evaluator Steps = 599650 | Final Dist = 1.192 | Final Dist 10 = 2.004 | Final Dist 100 = 1.514 | Final Dist 1000 = 1.320 | Init Dist = 12.806 | Init Dist 10 = 12.806 | Init Dist 100 = 12.806 | Init Dist 1000 = 12.806 | Learner Steps = 36790 | Learner Walltime = 7286.142 | Min Dist = 0.057 | Min Dist 10 = 1.367 | Min Dist 100 = 0.916 | Min Dist 1000 = 0.695 | Steps Per Second = 91.947 | Success = 1.000 | Success 1000 = 0.877
I0502 17:07:43.379087 139579566835264 terminal.py:91] [Evaluator] Actor Episodes = 47295 | Actor Steps = 2364750 | Delta Dist = 11.885 | Delta Dist 10 = 10.785 | Delta Dist 100 = 11.364 | Delta Dist 1000 = 11.480 | Episode Length = 50 | Episode Return = 13.0 | Evaluator Episodes = 11995 | Evaluator Steps = 599750 | Final Dist = 0.921 | Final Dist 10 = 2.022 | Final Dist 100 = 1.442 | Final Dist 1000 = 1.326 | Init Dist = 12.806 | Init Dist 10 = 12.806 | Init Dist 100 = 12.806 | Init Dist 1000 = 12.806 | Learner Steps = 36795 | Learner Walltime = 7287.164 | Min Dist = 0.272 | Min Dist 10 = 1.336 | Min Dist 100 = 0.866 | Min Dist 1000 = 0.700 | Steps Per Second = 90.282 | Success = 1.000 | Success 1000 = 0.876
I0502 17:07:44.464981 139579566835264 terminal.py:91] [Evaluator] Actor Episodes = 47303 | Actor Steps = 2365150 | Delta Dist = 11.944 | Delta Dist 10 = 10.626 | Delta Dist 100 = 11.411 | Delta Dist 1000 = 11.482 | Episode Length = 50 | Episode Return = 9.0 | Evaluator Episodes = 11997 | Evaluator Steps = 599850 | Final Dist = 0.863 | Final Dist 10 = 2.180 | Final Dist 100 = 1.395 | Final Dist 1000 = 1.324 | Init Dist = 12.806 | Init Dist 10 = 12.806 | Init Dist 100 = 12.806 | Init Dist 1000 = 12.806 | Learner Steps = 36801 | Learner Walltime = 7288.333 | Min Dist = 0.657 | Min Dist 10 = 1.412 | Min Dist 100 = 0.821 | Min Dist 1000 = 0.699 | Steps Per Second = 97.112 | Success = 1.000 | Success 1000 = 0.878
I0502 17:07:45.698076 139579566835264 terminal.py:91] [Evaluator] Actor Episodes = 47309 | Actor Steps = 2365450 | Delta Dist = 11.406 | Delta Dist 10 = 10.599 | Delta Dist 100 = 11.407 | Delta Dist 1000 = 11.483 | Episode Length = 50 | Episode Return = 6.0 | Evaluator Episodes = 11999 | Evaluator Steps = 599950 | Final Dist = 1.400 | Final Dist 10 = 2.207 | Final Dist 100 = 1.400 | Final Dist 1000 = 1.323 | Init Dist = 12.806 | Init Dist 10 = 12.806 | Init Dist 100 = 12.806 | Init Dist 1000 = 12.806 | Learner Steps = 36806 | Learner Walltime = 7289.360 | Min Dist = 0.173 | Min Dist 10 = 1.369 | Min Dist 100 = 0.822 | Min Dist 1000 = 0.699 | Steps Per Second = 78.564 | Success = 1.000 | Success 1000 = 0.878
I0502 17:07:46.638246 139569349502528 terminal.py:91] [Actor] Actor Episodes = 47316 | Actor Steps = 2365800 | Delta Dist = 7.670 | Delta Dist 10 = 4.835 | Delta Dist 100 = 4.539 | Delta Dist 1000 = 4.313 | Episode Length = 50 | Episode Return = 50.0 | Evaluator Episodes = 11999 | Evaluator Steps = 599950 | Final Dist = 0.392 | Final Dist 10 = 0.644 | Final Dist 100 = 1.095 | Final Dist 1000 = 1.540 | Init Dist = 8.062 | Init Dist 10 = 5.479 | Init Dist 100 = 5.634 | Init Dist 1000 = 5.853 | Learner Steps = 36806 | Learner Walltime = 7289.360 | Min Dist = 0.001 | Min Dist 10 = 0.031 | Min Dist 100 = 0.158 | Min Dist 1000 = 0.144 | Steps Per Second = 78.302 | Success = 1.000 | Success 1000 = 0.992
I0502 17:07:46.974479 139579566835264 terminal.py:91] [Evaluator] Actor Episodes = 47317 | Actor Steps = 2365850 | Delta Dist = 12.496 | Delta Dist 10 = 11.164 | Delta Dist 100 = 11.414 | Delta Dist 1000 = 11.490 | Episode Length = 50 | Episode Return = 16.0 | Evaluator Episodes = 12001 | Evaluator Steps = 600050 | Final Dist = 0.311 | Final Dist 10 = 1.642 | Final Dist 100 = 1.392 | Final Dist 1000 = 1.317 | Init Dist = 12.806 | Init Dist 10 = 12.806 | Init Dist 100 = 12.806 | Init Dist 1000 = 12.806 | Learner Steps = 36812 | Learner Walltime = 7290.680 | Min Dist = 0.104 | Min Dist 10 = 0.838 | Min Dist 100 = 0.804 | Min Dist 1000 = 0.692 | Steps Per Second = 75.350 | Success = 1.000 | Success 1000 = 0.879
I0502 17:07:47.301122 139555013154368 terminal.py:91] [Learner] Actor Episodes = 47315 | Actor Loss = 3.716733932495117 | Actor Steps = 2365750 | Binary Accuracy = 0.9960103034973145 | Categorical Accuracy = 0.4337158203125 | Critic Loss = 1.740943431854248 | Entropy Mean = -22.653076171875 | Evaluator Episodes = 11999 | Evaluator Steps = 599950 | Learner Steps = 36816 | Learner Walltime = 7291.496 | Logits Neg = -17.266204833984375 | Logits Pos = -1.7266719341278076 | Logsumexp = 1.2008134126663208 | Steps Per Second = 153.233
I0502 17:07:48.254446 139579566835264 terminal.py:91] [Evaluator] Actor Episodes = 47325 | Actor Steps = 2366250 | Delta Dist = 11.703 | Delta Dist 10 = 11.362 | Delta Dist 100 = 11.446 | Delta Dist 1000 = 11.491 | Episode Length = 50 | Episode Return = 0.0 | Evaluator Episodes = 12003 | Evaluator Steps = 600150 | Final Dist = 1.103 | Final Dist 10 = 1.445 | Final Dist 100 = 1.361 | Final Dist 1000 = 1.316 | Init Dist = 12.806 | Init Dist 10 = 12.806 | Init Dist 100 = 12.806 | Init Dist 1000 = 12.806 | Learner Steps = 36818 | Learner Walltime = 7291.814 | Min Dist = 1.103 | Min Dist 10 = 0.814 | Min Dist 100 = 0.793 | Min Dist 1000 = 0.692 | Steps Per Second = 80.176 | Success = 0.000 | Success 1000 = 0.879
I0502 17:07:48.591088 139584504182336 lp_utils.py:96] StepsLimiter: Reached 2366450 recorded steps
I0502 17:07:49.148760 139558059398720 terminal.py:91] [Actor] Actor Episodes = 47333 | Actor Steps = 2366650 | Delta Dist = 7.538 | Delta Dist 10 = 3.765 | Delta Dist 100 = 4.445 | Delta Dist 1000 = 4.312 | Episode Length = 50 | Episode Return = 2.0 | Evaluator Episodes = 12003 | Evaluator Steps = 600150 | Final Dist = 0.947 | Final Dist 10 = 2.617 | Final Dist 100 = 1.438 | Final Dist 1000 = 1.555 | Init Dist = 8.485 | Init Dist 10 = 6.382 | Init Dist 100 = 5.884 | Init Dist 1000 = 5.867 | Learner Steps = 36823 | Learner Walltime = 7292.942 | Min Dist = 0.123 | Min Dist 10 = 0.142 | Min Dist 100 = 0.161 | Min Dist 1000 = 0.145 | Steps Per Second = 103.690 | Success = 1.000 | Success 1000 = 0.992
I0502 17:07:49.507485 139579566835264 terminal.py:91] [Evaluator] Actor Episodes = 47333 | Actor Steps = 2366650 | Delta Dist = 12.494 | Delta Dist 10 = 11.813 | Delta Dist 100 = 11.444 | Delta Dist 1000 = 11.490 | Episode Length = 50 | Episode Return = 17.0 | Evaluator Episodes = 12005 | Evaluator Steps = 600250 | Final Dist = 0.312 | Final Dist 10 = 0.993 | Final Dist 100 = 1.362 | Final Dist 1000 = 1.317 | Init Dist = 12.806 | Init Dist 10 = 12.806 | Init Dist 100 = 12.806 | Init Dist 1000 = 12.806 | Learner Steps = 36823 | Learner Walltime = 7292.942 | Min Dist = 0.092 | Min Dist 10 = 0.487 | Min Dist 100 = 0.810 | Min Dist 1000 = 0.694 | Steps Per Second = 80.805 | Success = 1.000 | Success 1000 = 0.877
I0502 17:07:50.651806 139579566835264 terminal.py:91] [Evaluator] Actor Episodes = 47341 | Actor Steps = 2367050 | Delta Dist = 8.205 | Delta Dist 10 = 11.987 | Delta Dist 100 = 11.464 | Delta Dist 1000 = 11.491 | Episode Length = 50 | Episode Return = 0.0 | Evaluator Episodes = 12007 | Evaluator Steps = 600350 | Final Dist = 4.601 | Final Dist 10 = 0.819 | Final Dist 100 = 1.343 | Final Dist 1000 = 1.316 | Init Dist = 12.806 | Init Dist 10 = 12.806 | Init Dist 100 = 12.806 | Init Dist 1000 = 12.806 | Learner Steps = 36829 | Learner Walltime = 7294.089 | Min Dist = 4.601 | Min Dist 10 = 0.407 | Min Dist 100 = 0.805 | Min Dist 1000 = 0.694 | Steps Per Second = 81.864 | Success = 0.000 | Success 1000 = 0.877
I0502 17:07:50.831856 139555860620864 terminal.py:91] [Actor] Actor Episodes = 47343 | Actor Steps = 2367150 | Delta Dist = 4.898 | Delta Dist 10 = 4.686 | Delta Dist 100 = 4.577 | Delta Dist 1000 = 4.318 | Episode Length = 50 | Episode Return = 45.0 | Evaluator Episodes = 12007 | Evaluator Steps = 600350 | Final Dist = 0.102 | Final Dist 10 = 1.279 | Final Dist 100 = 1.347 | Final Dist 1000 = 1.549 | Init Dist = 5.000 | Init Dist 10 = 5.965 | Init Dist 100 = 5.924 | Init Dist 1000 = 5.866 | Learner Steps = 36829 | Learner Walltime = 7294.089 | Min Dist = 0.031 | Min Dist 10 = 0.065 | Min Dist 100 = 0.157 | Min Dist 1000 = 0.145 | Steps Per Second = 81.288 | Success = 1.000 | Success 1000 = 0.992
I0502 17:07:50.982580 139557462840896 terminal.py:91] [Actor] Actor Episodes = 47345 | Actor Steps = 2367250 | Delta Dist = 5.910 | Delta Dist 10 = 4.921 | Delta Dist 100 = 4.537 | Delta Dist 1000 = 4.327 | Episode Length = 50 | Episode Return = 31.0 | Evaluator Episodes = 12007 | Evaluator Steps = 600350 | Final Dist = 1.301 | Final Dist 10 = 0.867 | Final Dist 100 = 1.343 | Final Dist 1000 = 1.538 | Init Dist = 7.211 | Init Dist 10 = 5.788 | Init Dist 100 = 5.880 | Init Dist 1000 = 5.865 | Learner Steps = 36835 | Learner Walltime = 7295.151 | Min Dist = 0.093 | Min Dist 10 = 0.061 | Min Dist 100 = 0.155 | Min Dist 1000 = 0.145 | Steps Per Second = 80.777 | Success = 1.000 | Success 1000 = 0.992
I0502 17:07:51.798628 139579566835264 terminal.py:91] [Evaluator] Actor Episodes = 47349 | Actor Steps = 2367450 | Delta Dist = 12.455 | Delta Dist 10 = 11.614 | Delta Dist 100 = 11.413 | Delta Dist 1000 = 11.492 | Episode Length = 50 | Episode Return = 10.0 | Evaluator Episodes = 12009 | Evaluator Steps = 600450 | Final Dist = 0.352 | Final Dist 10 = 1.192 | Final Dist 100 = 1.393 | Final Dist 1000 = 1.314 | Init Dist = 12.806 | Init Dist 10 = 12.806 | Init Dist 100 = 12.806 | Init Dist 1000 = 12.806 | Learner Steps = 36835 | Learner Walltime = 7295.151 | Min Dist = 0.032 | Min Dist 10 = 0.778 | Min Dist 100 = 0.848 | Min Dist 1000 = 0.692 | Steps Per Second = 86.025 | Success = 1.000 | Success 1000 = 0.877
I0502 17:07:53.065391 139579566835264 terminal.py:91] [Evaluator] Actor Episodes = 47357 | Actor Steps = 2367850 | Delta Dist = 11.521 | Delta Dist 10 = 11.697 | Delta Dist 100 = 11.414 | Delta Dist 1000 = 11.494 | Episode Length = 50 | Episode Return = 0.0 | Evaluator Episodes = 12011 | Evaluator Steps = 600550 | Final Dist = 1.285 | Final Dist 10 = 1.110 | Final Dist 100 = 1.392 | Final Dist 1000 = 1.312 | Init Dist = 12.806 | Init Dist 10 = 12.806 | Init Dist 100 = 12.806 | Init Dist 1000 = 12.806 | Learner Steps = 36841 | Learner Walltime = 7296.361 | Min Dist = 1.152 | Min Dist 10 = 0.807 | Min Dist 100 = 0.850 | Min Dist 1000 = 0.692 | Steps Per Second = 74.363 | Success = 0.000 | Success 1000 = 0.877
I0502 17:07:54.263946 139579566835264 terminal.py:91] [Evaluator] Actor Episodes = 47365 | Actor Steps = 2368250 | Delta Dist = 11.464 | Delta Dist 10 = 11.559 | Delta Dist 100 = 11.415 | Delta Dist 1000 = 11.492 | Episode Length = 50 | Episode Return = 18.0 | Evaluator Episodes = 12013 | Evaluator Steps = 600650 | Final Dist = 1.342 | Final Dist 10 = 1.247 | Final Dist 100 = 1.391 | Final Dist 1000 = 1.314 | Init Dist = 12.806 | Init Dist 10 = 12.806 | Init Dist 100 = 12.806 | Init Dist 1000 = 12.806 | Learner Steps = 36847 | Learner Walltime = 7297.661 | Min Dist = 0.318 | Min Dist 10 = 0.952 | Min Dist 100 = 0.861 | Min Dist 1000 = 0.694 | Steps Per Second = 82.452 | Success = 1.000 | Success 1000 = 0.876
I0502 17:07:55.406644 139579566835264 terminal.py:91] [Evaluator] Actor Episodes = 47373 | Actor Steps = 2368650 | Delta Dist = 11.846 | Delta Dist 10 = 11.583 | Delta Dist 100 = 11.409 | Delta Dist 1000 = 11.492 | Episode Length = 50 | Episode Return = 10.0 | Evaluator Episodes = 12015 | Evaluator Steps = 600750 | Final Dist = 0.960 | Final Dist 10 = 1.223 | Final Dist 100 = 1.397 | Final Dist 1000 = 1.315 | Init Dist = 12.806 | Init Dist 10 = 12.806 | Init Dist 100 = 12.806 | Init Dist 1000 = 12.806 | Learner Steps = 36854 | Learner Walltime = 7298.979 | Min Dist = 0.366 | Min Dist 10 = 0.779 | Min Dist 100 = 0.858 | Min Dist 1000 = 0.694 | Steps Per Second = 92.090 | Success = 1.000 | Success 1000 = 0.876
I0502 17:07:56.602530 139579566835264 terminal.py:91] [Evaluator] Actor Episodes = 47381 | Actor Steps = 2369050 | Delta Dist = 12.105 | Delta Dist 10 = 11.397 | Delta Dist 100 = 11.400 | Delta Dist 1000 = 11.490 | Episode Length = 50 | Episode Return = 13.0 | Evaluator Episodes = 12017 | Evaluator Steps = 600850 | Final Dist = 0.701 | Final Dist 10 = 1.409 | Final Dist 100 = 1.406 | Final Dist 1000 = 1.316 | Init Dist = 12.806 | Init Dist 10 = 12.806 | Init Dist 100 = 12.806 | Init Dist 1000 = 12.806 | Learner Steps = 36860 | Learner Walltime = 7300.189 | Min Dist = 0.083 | Min Dist 10 = 0.850 | Min Dist 100 = 0.860 | Min Dist 1000 = 0.694 | Steps Per Second = 82.565 | Success = 1.000 | Success 1000 = 0.876
I0502 17:07:56.664943 139569349502528 terminal.py:91] [Actor] Actor Episodes = 47378 | Actor Steps = 2368900 | Delta Dist = 8.328 | Delta Dist 10 = 3.321 | Delta Dist 100 = 4.539 | Delta Dist 1000 = 4.306 | Episode Length = 50 | Episode Return = 19.0 | Evaluator Episodes = 12015 | Evaluator Steps = 600750 | Final Dist = 0.157 | Final Dist 10 = 1.258 | Final Dist 100 = 1.446 | Final Dist 1000 = 1.565 | Init Dist = 8.485 | Init Dist 10 = 4.579 | Init Dist 100 = 5.985 | Init Dist 1000 = 5.871 | Learner Steps = 36860 | Learner Walltime = 7300.189 | Min Dist = 0.062 | Min Dist 10 = 0.168 | Min Dist 100 = 0.253 | Min Dist 1000 = 0.160 | Steps Per Second = 79.911 | Success = 1.000 | Success 1000 = 0.989
I0502 17:07:57.378930 139555013154368 terminal.py:91] [Learner] Actor Episodes = 47383 | Actor Loss = 3.721877098083496 | Actor Steps = 2369150 | Binary Accuracy = 0.9960227012634277 | Categorical Accuracy = 0.40911865234375 | Critic Loss = 1.8121955394744873 | Entropy Mean = -24.536128997802734 | Evaluator Episodes = 12017 | Evaluator Steps = 600850 | Learner Steps = 36867 | Learner Walltime = 7301.578 | Logits Neg = -17.169872283935547 | Logits Pos = -1.8060795068740845 | Logsumexp = 1.1181104183197021 | Steps Per Second = 371.279
I0502 17:07:57.842672 139579566835264 terminal.py:91] [Evaluator] Actor Episodes = 47389 | Actor Steps = 2369450 | Delta Dist = 11.693 | Delta Dist 10 = 11.848 | Delta Dist 100 = 11.402 | Delta Dist 1000 = 11.491 | Episode Length = 50 | Episode Return = 6.0 | Evaluator Episodes = 12019 | Evaluator Steps = 600950 | Final Dist = 1.113 | Final Dist 10 = 0.958 | Final Dist 100 = 1.404 | Final Dist 1000 = 1.315 | Init Dist = 12.806 | Init Dist 10 = 12.806 | Init Dist 100 = 12.806 | Init Dist 1000 = 12.806 | Learner Steps = 36866 | Learner Walltime = 7301.405 | Min Dist = 0.097 | Min Dist 10 = 0.399 | Min Dist 100 = 0.856 | Min Dist 1000 = 0.694 | Steps Per Second = 83.323 | Success = 1.000 | Success 1000 = 0.876
I0502 17:07:58.610811 139584504182336 lp_utils.py:96] StepsLimiter: Reached 2369650 recorded steps
I0502 17:07:59.057672 139579566835264 terminal.py:91] [Evaluator] Actor Episodes = 47397 | Actor Steps = 2369850 | Delta Dist = 11.538 | Delta Dist 10 = 11.829 | Delta Dist 100 = 11.404 | Delta Dist 1000 = 11.491 | Episode Length = 50 | Episode Return = 12.0 | Evaluator Episodes = 12021 | Evaluator Steps = 601050 | Final Dist = 1.268 | Final Dist 10 = 0.977 | Final Dist 100 = 1.402 | Final Dist 1000 = 1.315 | Init Dist = 12.806 | Init Dist 10 = 12.806 | Init Dist 100 = 12.806 | Init Dist 1000 = 12.806 | Learner Steps = 36872 | Learner Walltime = 7302.635 | Min Dist = 0.312 | Min Dist 10 = 0.336 | Min Dist 100 = 0.841 | Min Dist 1000 = 0.693 | Steps Per Second = 86.740 | Success = 1.000 | Success 1000 = 0.876
I0502 17:07:59.591237 139558059398720 terminal.py:91] [Actor] Actor Episodes = 47398 | Actor Steps = 2369900 | Delta Dist = 4.448 | Delta Dist 10 = 4.761 | Delta Dist 100 = 4.301 | Delta Dist 1000 = 4.327 | Episode Length = 50 | Episode Return = 30.0 | Evaluator Episodes = 12019 | Evaluator Steps = 600950 | Final Dist = 1.552 | Final Dist 10 = 0.322 | Final Dist 100 = 1.597 | Final Dist 1000 = 1.562 | Init Dist = 6.000 | Init Dist 10 = 5.083 | Init Dist 100 = 5.898 | Init Dist 1000 = 5.889 | Learner Steps = 36872 | Learner Walltime = 7302.635 | Min Dist = 0.053 | Min Dist 10 = 0.046 | Min Dist 100 = 0.258 | Min Dist 1000 = 0.164 | Steps Per Second = 78.162 | Success = 1.000 | Success 1000 = 0.988
I0502 17:08:00.232368 139579566835264 terminal.py:91] [Evaluator] Actor Episodes = 47405 | Actor Steps = 2370250 | Delta Dist = 12.014 | Delta Dist 10 = 11.760 | Delta Dist 100 = 11.412 | Delta Dist 1000 = 11.489 | Episode Length = 50 | Episode Return = 15.0 | Evaluator Episodes = 12023 | Evaluator Steps = 601150 | Final Dist = 0.792 | Final Dist 10 = 1.046 | Final Dist 100 = 1.394 | Final Dist 1000 = 1.317 | Init Dist = 12.806 | Init Dist 10 = 12.806 | Init Dist 100 = 12.806 | Init Dist 1000 = 12.806 | Learner Steps = 36879 | Learner Walltime = 7304.075 | Min Dist = 0.450 | Min Dist 10 = 0.206 | Min Dist 100 = 0.831 | Min Dist 1000 = 0.694 | Steps Per Second = 89.238 | Success = 1.000 | Success 1000 = 0.876
I0502 17:08:00.941354 139555860620864 terminal.py:91] [Actor] Actor Episodes = 47407 | Actor Steps = 2370350 | Delta Dist = 11.583 | Delta Dist 10 = 4.623 | Delta Dist 100 = 4.311 | Delta Dist 1000 = 4.330 | Episode Length = 50 | Episode Return = 39.0 | Evaluator Episodes = 12023 | Evaluator Steps = 601150 | Final Dist = 0.458 | Final Dist 10 = 1.320 | Final Dist 100 = 1.665 | Final Dist 1000 = 1.568 | Init Dist = 12.042 | Init Dist 10 = 5.943 | Init Dist 100 = 5.976 | Init Dist 1000 = 5.899 | Learner Steps = 36879 | Learner Walltime = 7304.075 | Min Dist = 0.106 | Min Dist 10 = 0.105 | Min Dist 100 = 0.261 | Min Dist 1000 = 0.164 | Steps Per Second = 74.243 | Success = 1.000 | Success 1000 = 0.988
I0502 17:08:01.256167 139557462840896 terminal.py:91] [Actor] Actor Episodes = 47411 | Actor Steps = 2370550 | Delta Dist = 5.820 | Delta Dist 10 = 4.974 | Delta Dist 100 = 4.385 | Delta Dist 1000 = 4.337 | Episode Length = 50 | Episode Return = 39.0 | Evaluator Episodes = 12023 | Evaluator Steps = 601150 | Final Dist = 0.263 | Final Dist 10 = 1.887 | Final Dist 100 = 1.708 | Final Dist 1000 = 1.574 | Init Dist = 6.083 | Init Dist 10 = 6.861 | Init Dist 100 = 6.093 | Init Dist 1000 = 5.911 | Learner Steps = 36885 | Learner Walltime = 7305.280 | Min Dist = 0.095 | Min Dist 10 = 0.120 | Min Dist 100 = 0.264 | Min Dist 1000 = 0.165 | Steps Per Second = 75.005 | Success = 1.000 | Success 1000 = 0.988
I0502 17:08:01.500724 139579566835264 terminal.py:91] [Evaluator] Actor Episodes = 47411 | Actor Steps = 2370550 | Delta Dist = 11.729 | Delta Dist 10 = 11.839 | Delta Dist 100 = 11.424 | Delta Dist 1000 = 11.489 | Episode Length = 50 | Episode Return = 17.0 | Evaluator Episodes = 12025 | Evaluator Steps = 601250 | Final Dist = 1.077 | Final Dist 10 = 0.967 | Final Dist 100 = 1.382 | Final Dist 1000 = 1.318 | Init Dist = 12.806 | Init Dist 10 = 12.806 | Init Dist 100 = 12.806 | Init Dist 1000 = 12.806 | Learner Steps = 36885 | Learner Walltime = 7305.280 | Min Dist = 0.106 | Min Dist 10 = 0.213 | Min Dist 100 = 0.821 | Min Dist 1000 = 0.694 | Steps Per Second = 79.799 | Success = 1.000 | Success 1000 = 0.876
I0502 17:08:02.720280 139579566835264 terminal.py:91] [Evaluator] Actor Episodes = 47419 | Actor Steps = 2370950 | Delta Dist = 6.906 | Delta Dist 10 = 11.327 | Delta Dist 100 = 11.367 | Delta Dist 1000 = 11.483 | Episode Length = 50 | Episode Return = 0.0 | Evaluator Episodes = 12027 | Evaluator Steps = 601350 | Final Dist = 5.900 | Final Dist 10 = 1.479 | Final Dist 100 = 1.439 | Final Dist 1000 = 1.323 | Init Dist = 12.806 | Init Dist 10 = 12.806 | Init Dist 100 = 12.806 | Init Dist 1000 = 12.806 | Learner Steps = 36891 | Learner Walltime = 7306.520 | Min Dist = 5.203 | Min Dist 10 = 0.710 | Min Dist 100 = 0.875 | Min Dist 1000 = 0.699 | Steps Per Second = 80.292 | Success = 0.000 | Success 1000 = 0.875
I0502 17:08:03.921469 139579566835264 terminal.py:91] [Evaluator] Actor Episodes = 47427 | Actor Steps = 2371350 | Delta Dist = 11.405 | Delta Dist 10 = 10.180 | Delta Dist 100 = 11.262 | Delta Dist 1000 = 11.472 | Episode Length = 50 | Episode Return = 2.0 | Evaluator Episodes = 12029 | Evaluator Steps = 601450 | Final Dist = 1.401 | Final Dist 10 = 2.626 | Final Dist 100 = 1.545 | Final Dist 1000 = 1.334 | Init Dist = 12.806 | Init Dist 10 = 12.806 | Init Dist 100 = 12.806 | Init Dist 1000 = 12.806 | Learner Steps = 36897 | Learner Walltime = 7307.699 | Min Dist = 0.815 | Min Dist 10 = 1.747 | Min Dist 100 = 0.976 | Min Dist 1000 = 0.709 | Steps Per Second = 85.269 | Success = 1.000 | Success 1000 = 0.873
I0502 17:08:05.105951 139579566835264 terminal.py:91] [Evaluator] Actor Episodes = 47435 | Actor Steps = 2371750 | Delta Dist = 11.913 | Delta Dist 10 = 10.129 | Delta Dist 100 = 11.245 | Delta Dist 1000 = 11.471 | Episode Length = 50 | Episode Return = 18.0 | Evaluator Episodes = 12031 | Evaluator Steps = 601550 | Final Dist = 0.893 | Final Dist 10 = 2.678 | Final Dist 100 = 1.561 | Final Dist 1000 = 1.335 | Init Dist = 12.806 | Init Dist 10 = 12.806 | Init Dist 100 = 12.806 | Init Dist 1000 = 12.806 | Learner Steps = 36903 | Learner Walltime = 7308.818 | Min Dist = 0.773 | Min Dist 10 = 1.849 | Min Dist 100 = 0.984 | Min Dist 1000 = 0.709 | Steps Per Second = 85.032 | Success = 1.000 | Success 1000 = 0.873
I0502 17:08:06.329989 139579566835264 terminal.py:91] [Evaluator] Actor Episodes = 47443 | Actor Steps = 2372150 | Delta Dist = 12.385 | Delta Dist 10 = 10.211 | Delta Dist 100 = 11.250 | Delta Dist 1000 = 11.470 | Episode Length = 50 | Episode Return = 18.0 | Evaluator Episodes = 12033 | Evaluator Steps = 601650 | Final Dist = 0.422 | Final Dist 10 = 2.595 | Final Dist 100 = 1.556 | Final Dist 1000 = 1.336 | Init Dist = 12.806 | Init Dist 10 = 12.806 | Init Dist 100 = 12.806 | Init Dist 1000 = 12.806 | Learner Steps = 36908 | Learner Walltime = 7310.156 | Min Dist = 0.073 | Min Dist 10 = 1.921 | Min Dist 100 = 0.986 | Min Dist 1000 = 0.710 | Steps Per Second = 78.725 | Success = 1.000 | Success 1000 = 0.873
I0502 17:08:07.112417 139569349502528 terminal.py:91] [Actor] Actor Episodes = 47447 | Actor Steps = 2372350 | Delta Dist = 9.660 | Delta Dist 10 = 4.171 | Delta Dist 100 = 4.356 | Delta Dist 1000 = 4.356 | Episode Length = 50 | Episode Return = 40.0 | Evaluator Episodes = 12033 | Evaluator Steps = 601650 | Final Dist = 0.390 | Final Dist 10 = 2.172 | Final Dist 100 = 1.826 | Final Dist 1000 = 1.598 | Init Dist = 10.050 | Init Dist 10 = 6.343 | Init Dist 100 = 6.182 | Init Dist 1000 = 5.953 | Learner Steps = 36908 | Learner Walltime = 7310.156 | Min Dist = 0.044 | Min Dist 10 = 0.041 | Min Dist 100 = 0.264 | Min Dist 1000 = 0.165 | Steps Per Second = 76.425 | Success = 1.000 | Success 1000 = 0.988
I0502 17:08:07.518354 139579566835264 terminal.py:91] [Evaluator] Actor Episodes = 47449 | Actor Steps = 2372450 | Delta Dist = 11.656 | Delta Dist 10 = 10.202 | Delta Dist 100 = 11.310 | Delta Dist 1000 = 11.470 | Episode Length = 50 | Episode Return = 2.0 | Evaluator Episodes = 12035 | Evaluator Steps = 601750 | Final Dist = 1.151 | Final Dist 10 = 2.605 | Final Dist 100 = 1.496 | Final Dist 1000 = 1.337 | Init Dist = 12.806 | Init Dist 10 = 12.806 | Init Dist 100 = 12.806 | Init Dist 1000 = 12.806 | Learner Steps = 36915 | Learner Walltime = 7311.412 | Min Dist = 0.275 | Min Dist 10 = 1.911 | Min Dist 100 = 0.936 | Min Dist 1000 = 0.710 | Steps Per Second = 78.007 | Success = 1.000 | Success 1000 = 0.873
I0502 17:08:07.829140 139555013154368 terminal.py:91] [Learner] Actor Episodes = 47449 | Actor Loss = 3.7127692699432373 | Actor Steps = 2372450 | Binary Accuracy = 0.9960699081420898 | Categorical Accuracy = 0.43450927734375 | Critic Loss = 1.701467514038086 | Entropy Mean = -21.95654296875 | Evaluator Episodes = 12033 | Evaluator Steps = 601650 | Learner Steps = 36918 | Learner Walltime = 7312.023 | Logits Neg = -17.893474578857422 | Logits Pos = -1.698357105255127 | Logsumexp = 1.0396742820739746 | Steps Per Second = 127.868
I0502 17:08:08.626636 139584504182336 lp_utils.py:96] StepsLimiter: Reached 2372850 recorded steps
I0502 17:08:08.779800 139579566835264 terminal.py:91] [Evaluator] Actor Episodes = 47457 | Actor Steps = 2372850 | Delta Dist = 12.091 | Delta Dist 10 = 10.297 | Delta Dist 100 = 11.336 | Delta Dist 1000 = 11.466 | Episode Length = 50 | Episode Return = 20.0 | Evaluator Episodes = 12037 | Evaluator Steps = 601850 | Final Dist = 0.715 | Final Dist 10 = 2.509 | Final Dist 100 = 1.471 | Final Dist 1000 = 1.340 | Init Dist = 12.806 | Init Dist 10 = 12.806 | Init Dist 100 = 12.806 | Init Dist 1000 = 12.806 | Learner Steps = 36922 | Learner Walltime = 7312.719 | Min Dist = 0.265 | Min Dist 10 = 1.892 | Min Dist 100 = 0.902 | Min Dist 1000 = 0.715 | Steps Per Second = 79.243 | Success = 1.000 | Success 1000 = 0.872
I0502 17:08:09.683717 139558059398720 terminal.py:91] [Actor] Actor Episodes = 47462 | Actor Steps = 2373100 | Delta Dist = 4.595 | Delta Dist 10 = 4.007 | Delta Dist 100 = 4.222 | Delta Dist 1000 = 4.358 | Episode Length = 50 | Episode Return = 0.0 | Evaluator Episodes = 12037 | Evaluator Steps = 601850 | Final Dist = 3.467 | Final Dist 10 = 2.745 | Final Dist 100 = 1.880 | Final Dist 1000 = 1.609 | Init Dist = 8.062 | Init Dist 10 = 6.752 | Init Dist 100 = 6.103 | Init Dist 1000 = 5.967 | Learner Steps = 36922 | Learner Walltime = 7312.719 | Min Dist = 0.388 | Min Dist 10 = 0.732 | Min Dist 100 = 0.254 | Min Dist 1000 = 0.175 | Steps Per Second = 75.637 | Success = 1.000 | Success 1000 = 0.988
I0502 17:08:10.005975 139579566835264 terminal.py:91] [Evaluator] Actor Episodes = 47465 | Actor Steps = 2373250 | Delta Dist = 11.706 | Delta Dist 10 = 11.380 | Delta Dist 100 = 11.332 | Delta Dist 1000 = 11.466 | Episode Length = 50 | Episode Return = 5.0 | Evaluator Episodes = 12039 | Evaluator Steps = 601950 | Final Dist = 1.100 | Final Dist 10 = 1.427 | Final Dist 100 = 1.474 | Final Dist 1000 = 1.340 | Init Dist = 12.806 | Init Dist 10 = 12.806 | Init Dist 100 = 12.806 | Init Dist 1000 = 12.806 | Learner Steps = 36928 | Learner Walltime = 7313.889 | Min Dist = 0.266 | Min Dist 10 = 0.860 | Min Dist 100 = 0.896 | Min Dist 1000 = 0.714 | Steps Per Second = 84.586 | Success = 1.000 | Success 1000 = 0.872
I0502 17:08:11.254570 139579566835264 terminal.py:91] [Evaluator] Actor Episodes = 47473 | Actor Steps = 2373650 | Delta Dist = 11.794 | Delta Dist 10 = 11.469 | Delta Dist 100 = 11.336 | Delta Dist 1000 = 11.467 | Episode Length = 50 | Episode Return = 13.0 | Evaluator Episodes = 12041 | Evaluator Steps = 602050 | Final Dist = 1.012 | Final Dist 10 = 1.338 | Final Dist 100 = 1.470 | Final Dist 1000 = 1.339 | Init Dist = 12.806 | Init Dist 10 = 12.806 | Init Dist 100 = 12.806 | Init Dist 1000 = 12.806 | Learner Steps = 36933 | Learner Walltime = 7315.010 | Min Dist = 0.094 | Min Dist 10 = 0.777 | Min Dist 100 = 0.898 | Min Dist 1000 = 0.714 | Steps Per Second = 77.748 | Success = 1.000 | Success 1000 = 0.872
I0502 17:08:11.314506 139557462840896 terminal.py:91] [Actor] Actor Episodes = 47475 | Actor Steps = 2373750 | Delta Dist = 1.169 | Delta Dist 10 = 4.131 | Delta Dist 100 = 4.216 | Delta Dist 1000 = 4.351 | Episode Length = 50 | Episode Return = 32.0 | Evaluator Episodes = 12041 | Evaluator Steps = 602050 | Final Dist = 1.067 | Final Dist 10 = 1.640 | Final Dist 100 = 1.952 | Final Dist 1000 = 1.606 | Init Dist = 2.236 | Init Dist 10 = 5.771 | Init Dist 100 = 6.167 | Init Dist 1000 = 5.957 | Learner Steps = 36933 | Learner Walltime = 7315.010 | Min Dist = 0.023 | Min Dist 10 = 0.125 | Min Dist 100 = 0.239 | Min Dist 1000 = 0.176 | Steps Per Second = 83.803 | Success = 1.000 | Success 1000 = 0.988
I0502 17:08:11.433996 139555860620864 terminal.py:91] [Actor] Actor Episodes = 47472 | Actor Steps = 2373600 | Delta Dist = 10.023 | Delta Dist 10 = 3.901 | Delta Dist 100 = 4.215 | Delta Dist 1000 = 4.351 | Episode Length = 50 | Episode Return = 23.0 | Evaluator Episodes = 12039 | Evaluator Steps = 601950 | Final Dist = 0.607 | Final Dist 10 = 1.555 | Final Dist 100 = 1.935 | Final Dist 1000 = 1.607 | Init Dist = 10.630 | Init Dist 10 = 5.456 | Init Dist 100 = 6.150 | Init Dist 1000 = 5.957 | Learner Steps = 36928 | Learner Walltime = 7313.889 | Min Dist = 0.001 | Min Dist 10 = 0.112 | Min Dist 100 = 0.238 | Min Dist 1000 = 0.176 | Steps Per Second = 78.928 | Success = 1.000 | Success 1000 = 0.988
I0502 17:08:12.480318 139579566835264 terminal.py:91] [Evaluator] Actor Episodes = 47481 | Actor Steps = 2374050 | Delta Dist = 6.866 | Delta Dist 10 = 11.511 | Delta Dist 100 = 11.336 | Delta Dist 1000 = 11.468 | Episode Length = 50 | Episode Return = 0.0 | Evaluator Episodes = 12043 | Evaluator Steps = 602150 | Final Dist = 5.941 | Final Dist 10 = 1.295 | Final Dist 100 = 1.470 | Final Dist 1000 = 1.338 | Init Dist = 12.806 | Init Dist 10 = 12.806 | Init Dist 100 = 12.806 | Init Dist 1000 = 12.806 | Learner Steps = 36940 | Learner Walltime = 7316.390 | Min Dist = 5.563 | Min Dist 10 = 0.702 | Min Dist 100 = 0.890 | Min Dist 1000 = 0.713 | Steps Per Second = 83.153 | Success = 0.000 | Success 1000 = 0.872
I0502 17:08:13.727485 139579566835264 terminal.py:91] [Evaluator] Actor Episodes = 47489 | Actor Steps = 2374450 | Delta Dist = 11.672 | Delta Dist 10 = 10.801 | Delta Dist 100 = 11.259 | Delta Dist 1000 = 11.462 | Episode Length = 50 | Episode Return = 26.0 | Evaluator Episodes = 12045 | Evaluator Steps = 602250 | Final Dist = 1.134 | Final Dist 10 = 2.005 | Final Dist 100 = 1.547 | Final Dist 1000 = 1.344 | Init Dist = 12.806 | Init Dist 10 = 12.806 | Init Dist 100 = 12.806 | Init Dist 1000 = 12.806 | Learner Steps = 36946 | Learner Walltime = 7317.540 | Min Dist = 0.055 | Min Dist 10 = 1.516 | Min Dist 100 = 0.972 | Min Dist 1000 = 0.720 | Steps Per Second = 84.739 | Success = 1.000 | Success 1000 = 0.871
I0502 17:08:14.885150 139579566835264 terminal.py:91] [Evaluator] Actor Episodes = 47497 | Actor Steps = 2374850 | Delta Dist = 11.818 | Delta Dist 10 = 11.206 | Delta Dist 100 = 11.250 | Delta Dist 1000 = 11.462 | Episode Length = 50 | Episode Return = 16.0 | Evaluator Episodes = 12047 | Evaluator Steps = 602350 | Final Dist = 0.989 | Final Dist 10 = 1.600 | Final Dist 100 = 1.557 | Final Dist 1000 = 1.344 | Init Dist = 12.806 | Init Dist 10 = 12.806 | Init Dist 100 = 12.806 | Init Dist 1000 = 12.806 | Learner Steps = 36952 | Learner Walltime = 7318.668 | Min Dist = 0.196 | Min Dist 10 = 0.973 | Min Dist 100 = 0.961 | Min Dist 1000 = 0.720 | Steps Per Second = 83.612 | Success = 1.000 | Success 1000 = 0.871
I0502 17:08:16.149457 139579566835264 terminal.py:91] [Evaluator] Actor Episodes = 47505 | Actor Steps = 2375250 | Delta Dist = 11.777 | Delta Dist 10 = 11.111 | Delta Dist 100 = 11.283 | Delta Dist 1000 = 11.462 | Episode Length = 50 | Episode Return = 27.0 | Evaluator Episodes = 12049 | Evaluator Steps = 602450 | Final Dist = 1.030 | Final Dist 10 = 1.695 | Final Dist 100 = 1.523 | Final Dist 1000 = 1.345 | Init Dist = 12.806 | Init Dist 10 = 12.806 | Init Dist 100 = 12.806 | Init Dist 1000 = 12.806 | Learner Steps = 36958 | Learner Walltime = 7319.672 | Min Dist = 0.101 | Min Dist 10 = 1.067 | Min Dist 100 = 0.922 | Min Dist 1000 = 0.720 | Steps Per Second = 77.168 | Success = 1.000 | Success 1000 = 0.870
I0502 17:08:17.382006 139579566835264 terminal.py:91] [Evaluator] Actor Episodes = 47513 | Actor Steps = 2375650 | Delta Dist = 10.765 | Delta Dist 10 = 11.030 | Delta Dist 100 = 11.332 | Delta Dist 1000 = 11.461 | Episode Length = 50 | Episode Return = 1.0 | Evaluator Episodes = 12051 | Evaluator Steps = 602550 | Final Dist = 2.041 | Final Dist 10 = 1.777 | Final Dist 100 = 1.475 | Final Dist 1000 = 1.346 | Init Dist = 12.806 | Init Dist 10 = 12.806 | Init Dist 100 = 12.806 | Init Dist 1000 = 12.806 | Learner Steps = 36962 | Learner Walltime = 7320.767 | Min Dist = 0.716 | Min Dist 10 = 1.133 | Min Dist 100 = 0.876 | Min Dist 1000 = 0.721 | Steps Per Second = 84.990 | Success = 1.000 | Success 1000 = 0.870
I0502 17:08:17.644713 139569349502528 terminal.py:91] [Actor] Actor Episodes = 47512 | Actor Steps = 2375600 | Delta Dist = 8.498 | Delta Dist 10 = 4.019 | Delta Dist 100 = 4.225 | Delta Dist 1000 = 4.309 | Episode Length = 50 | Episode Return = 46.0 | Evaluator Episodes = 12049 | Evaluator Steps = 602450 | Final Dist = 0.558 | Final Dist 10 = 1.026 | Final Dist 100 = 1.706 | Final Dist 1000 = 1.613 | Init Dist = 9.055 | Init Dist 10 = 5.044 | Init Dist 100 = 5.931 | Init Dist 1000 = 5.922 | Learner Steps = 36962 | Learner Walltime = 7320.767 | Min Dist = 0.558 | Min Dist 10 = 0.662 | Min Dist 100 = 0.255 | Min Dist 1000 = 0.183 | Steps Per Second = 85.047 | Success = 1.000 | Success 1000 = 0.987
I0502 17:08:17.835905 139555013154368 terminal.py:91] [Learner] Actor Episodes = 47515 | Actor Loss = 3.69309663772583 | Actor Steps = 2375750 | Binary Accuracy = 0.9960980415344238 | Categorical Accuracy = 0.433837890625 | Critic Loss = 1.7343215942382812 | Entropy Mean = -22.847518920898438 | Evaluator Episodes = 12051 | Evaluator Steps = 602550 | Learner Steps = 36970 | Learner Walltime = 7322.033 | Logits Neg = -17.716766357421875 | Logits Pos = -1.720682144165039 | Logsumexp = 0.9562804698944092 | Steps Per Second = 1230.526
I0502 17:08:18.606105 139579566835264 terminal.py:91] [Evaluator] Actor Episodes = 47521 | Actor Steps = 2376050 | Delta Dist = 12.432 | Delta Dist 10 = 10.829 | Delta Dist 100 = 11.317 | Delta Dist 1000 = 11.460 | Episode Length = 50 | Episode Return = 22.0 | Evaluator Episodes = 12053 | Evaluator Steps = 602650 | Final Dist = 0.375 | Final Dist 10 = 1.977 | Final Dist 100 = 1.489 | Final Dist 1000 = 1.346 | Init Dist = 12.806 | Init Dist 10 = 12.806 | Init Dist 100 = 12.806 | Init Dist 1000 = 12.806 | Learner Steps = 36968 | Learner Walltime = 7321.918 | Min Dist = 0.065 | Min Dist 10 = 1.197 | Min Dist 100 = 0.878 | Min Dist 1000 = 0.720 | Steps Per Second = 78.776 | Success = 1.000 | Success 1000 = 0.871
I0502 17:08:18.644344 139584504182336 lp_utils.py:96] StepsLimiter: Reached 2376050 recorded steps
I0502 17:08:19.810284 139579566835264 terminal.py:91] [Evaluator] Actor Episodes = 47529 | Actor Steps = 2376450 | Delta Dist = 12.400 | Delta Dist 10 = 11.585 | Delta Dist 100 = 11.312 | Delta Dist 1000 = 11.460 | Episode Length = 50 | Episode Return = 30.0 | Evaluator Episodes = 12055 | Evaluator Steps = 602750 | Final Dist = 0.406 | Final Dist 10 = 1.221 | Final Dist 100 = 1.494 | Final Dist 1000 = 1.347 | Init Dist = 12.806 | Init Dist 10 = 12.806 | Init Dist 100 = 12.806 | Init Dist 1000 = 12.806 | Learner Steps = 36975 | Learner Walltime = 7323.204 | Min Dist = 0.060 | Min Dist 10 = 0.364 | Min Dist 100 = 0.877 | Min Dist 1000 = 0.720 | Steps Per Second = 79.799 | Success = 1.000 | Success 1000 = 0.871
I0502 17:08:20.118439 139558059398720 terminal.py:91] [Actor] Actor Episodes = 47533 | Actor Steps = 2376650 | Delta Dist = 1.898 | Delta Dist 10 = 4.249 | Delta Dist 100 = 4.215 | Delta Dist 1000 = 4.304 | Episode Length = 50 | Episode Return = 31.0 | Evaluator Episodes = 12055 | Evaluator Steps = 602750 | Final Dist = 0.338 | Final Dist 10 = 2.226 | Final Dist 100 = 1.744 | Final Dist 1000 = 1.635 | Init Dist = 2.236 | Init Dist 10 = 6.475 | Init Dist 100 = 5.959 | Init Dist 1000 = 5.939 | Learner Steps = 36975 | Learner Walltime = 7323.204 | Min Dist = 0.158 | Min Dist 10 = 0.213 | Min Dist 100 = 0.277 | Min Dist 1000 = 0.185 | Steps Per Second = 81.396 | Success = 1.000 | Success 1000 = 0.986
I0502 17:08:21.063673 139579566835264 terminal.py:91] [Evaluator] Actor Episodes = 47537 | Actor Steps = 2376850 | Delta Dist = 10.196 | Delta Dist 10 = 11.753 | Delta Dist 100 = 11.319 | Delta Dist 1000 = 11.467 | Episode Length = 50 | Episode Return = 16.0 | Evaluator Episodes = 12057 | Evaluator Steps = 602850 | Final Dist = 2.610 | Final Dist 10 = 1.054 | Final Dist 100 = 1.488 | Final Dist 1000 = 1.340 | Init Dist = 12.806 | Init Dist 10 = 12.806 | Init Dist 100 = 12.806 | Init Dist 1000 = 12.806 | Learner Steps = 36981 | Learner Walltime = 7324.349 | Min Dist = 0.081 | Min Dist 10 = 0.359 | Min Dist 100 = 0.872 | Min Dist 1000 = 0.714 | Steps Per Second = 79.681 | Success = 1.000 | Success 1000 = 0.872
I0502 17:08:21.745568 139557462840896 terminal.py:91] [Actor] Actor Episodes = 47540 | Actor Steps = 2377000 | Delta Dist = 7.606 | Delta Dist 10 = 4.663 | Delta Dist 100 = 4.250 | Delta Dist 1000 = 4.316 | Episode Length = 50 | Episode Return = 17.0 | Evaluator Episodes = 12057 | Evaluator Steps = 602850 | Final Dist = 0.938 | Final Dist 10 = 0.707 | Final Dist 100 = 1.526 | Final Dist 1000 = 1.617 | Init Dist = 8.544 | Init Dist 10 = 5.370 | Init Dist 100 = 5.776 | Init Dist 1000 = 5.933 | Learner Steps = 36981 | Learner Walltime = 7324.349 | Min Dist = 0.139 | Min Dist 10 = 0.371 | Min Dist 100 = 0.303 | Min Dist 1000 = 0.189 | Steps Per Second = 98.540 | Success = 1.000 | Success 1000 = 0.986
I0502 17:08:22.005023 139555860620864 terminal.py:91] [Actor] Actor Episodes = 47543 | Actor Steps = 2377150 | Delta Dist = 2.567 | Delta Dist 10 = 5.215 | Delta Dist 100 = 4.315 | Delta Dist 1000 = 4.324 | Episode Length = 50 | Episode Return = 19.0 | Evaluator Episodes = 12057 | Evaluator Steps = 602850 | Final Dist = 0.261 | Final Dist 10 = 0.785 | Final Dist 100 = 1.524 | Final Dist 1000 = 1.612 | Init Dist = 2.828 | Init Dist 10 = 6.000 | Init Dist 100 = 5.839 | Init Dist 1000 = 5.936 | Learner Steps = 36987 | Learner Walltime = 7325.551 | Min Dist = 0.017 | Min Dist 10 = 0.369 | Min Dist 100 = 0.304 | Min Dist 1000 = 0.189 | Steps Per Second = 79.909 | Success = 1.000 | Success 1000 = 0.986
I0502 17:08:22.286735 139579566835264 terminal.py:91] [Evaluator] Actor Episodes = 47545 | Actor Steps = 2377250 | Delta Dist = 12.431 | Delta Dist 10 = 11.682 | Delta Dist 100 = 11.307 | Delta Dist 1000 = 11.465 | Episode Length = 50 | Episode Return = 20.0 | Evaluator Episodes = 12059 | Evaluator Steps = 602950 | Final Dist = 0.375 | Final Dist 10 = 1.125 | Final Dist 100 = 1.499 | Final Dist 1000 = 1.341 | Init Dist = 12.806 | Init Dist 10 = 12.806 | Init Dist 100 = 12.806 | Init Dist 1000 = 12.806 | Learner Steps = 36987 | Learner Walltime = 7325.551 | Min Dist = 0.031 | Min Dist 10 = 0.250 | Min Dist 100 = 0.859 | Min Dist 1000 = 0.714 | Steps Per Second = 78.347 | Success = 1.000 | Success 1000 = 0.872
I0502 17:08:23.524291 139579566835264 terminal.py:91] [Evaluator] Actor Episodes = 47555 | Actor Steps = 2377750 | Delta Dist = 11.682 | Delta Dist 10 = 11.841 | Delta Dist 100 = 11.328 | Delta Dist 1000 = 11.467 | Episode Length = 50 | Episode Return = 9.0 | Evaluator Episodes = 12061 | Evaluator Steps = 603050 | Final Dist = 1.125 | Final Dist 10 = 0.965 | Final Dist 100 = 1.478 | Final Dist 1000 = 1.340 | Init Dist = 12.806 | Init Dist 10 = 12.806 | Init Dist 100 = 12.806 | Init Dist 1000 = 12.806 | Learner Steps = 36993 | Learner Walltime = 7326.671 | Min Dist = 0.114 | Min Dist 10 = 0.161 | Min Dist 100 = 0.851 | Min Dist 1000 = 0.712 | Steps Per Second = 78.981 | Success = 1.000 | Success 1000 = 0.873
I0502 17:08:24.664320 139579566835264 terminal.py:91] [Evaluator] Actor Episodes = 47561 | Actor Steps = 2378050 | Delta Dist = 11.667 | Delta Dist 10 = 11.938 | Delta Dist 100 = 11.320 | Delta Dist 1000 = 11.467 | Episode Length = 50 | Episode Return = 19.0 | Evaluator Episodes = 12063 | Evaluator Steps = 603150 | Final Dist = 1.140 | Final Dist 10 = 0.868 | Final Dist 100 = 1.486 | Final Dist 1000 = 1.339 | Init Dist = 12.806 | Init Dist 10 = 12.806 | Init Dist 100 = 12.806 | Init Dist 1000 = 12.806 | Learner Steps = 36999 | Learner Walltime = 7327.824 | Min Dist = 0.226 | Min Dist 10 = 0.086 | Min Dist 100 = 0.845 | Min Dist 1000 = 0.711 | Steps Per Second = 86.766 | Success = 1.000 | Success 1000 = 0.873
I0502 17:08:25.905793 139579566835264 terminal.py:91] [Evaluator] Actor Episodes = 47569 | Actor Steps = 2378450 | Delta Dist = 11.569 | Delta Dist 10 = 11.931 | Delta Dist 100 = 11.318 | Delta Dist 1000 = 11.468 | Episode Length = 50 | Episode Return = 14.0 | Evaluator Episodes = 12065 | Evaluator Steps = 603250 | Final Dist = 1.238 | Final Dist 10 = 0.876 | Final Dist 100 = 1.488 | Final Dist 1000 = 1.338 | Init Dist = 12.806 | Init Dist 10 = 12.806 | Init Dist 100 = 12.806 | Init Dist 1000 = 12.806 | Learner Steps = 37005 | Learner Walltime = 7329.073 | Min Dist = 0.623 | Min Dist 10 = 0.104 | Min Dist 100 = 0.847 | Min Dist 1000 = 0.711 | Steps Per Second = 82.338 | Success = 1.000 | Success 1000 = 0.873
I0502 17:08:27.094732 139579566835264 terminal.py:91] [Evaluator] Actor Episodes = 47577 | Actor Steps = 2378850 | Delta Dist = 11.547 | Delta Dist 10 = 11.836 | Delta Dist 100 = 11.327 | Delta Dist 1000 = 11.470 | Episode Length = 50 | Episode Return = 13.0 | Evaluator Episodes = 12067 | Evaluator Steps = 603350 | Final Dist = 1.260 | Final Dist 10 = 0.970 | Final Dist 100 = 1.479 | Final Dist 1000 = 1.336 | Init Dist = 12.806 | Init Dist 10 = 12.806 | Init Dist 100 = 12.806 | Init Dist 1000 = 12.806 | Learner Steps = 37012 | Learner Walltime = 7330.302 | Min Dist = 0.271 | Min Dist 10 = 0.163 | Min Dist 100 = 0.847 | Min Dist 1000 = 0.710 | Steps Per Second = 86.692 | Success = 1.000 | Success 1000 = 0.874
I0502 17:08:27.443771 139584635659840 savers.py:156] Saving checkpoint: logs/contrastive_cpc_point_FourRooms_64/5dd72662-2788-11f0-b183-d85ed38c5779/checkpoints/counter
I0502 17:08:27.988151 139555013154368 terminal.py:91] [Learner] Actor Episodes = 47579 | Actor Loss = 3.7464752197265625 | Actor Steps = 2378950 | Binary Accuracy = 0.9960737228393555 | Categorical Accuracy = 0.4129638671875 | Critic Loss = 1.8280363082885742 | Entropy Mean = -21.783798217773438 | Evaluator Episodes = 12067 | Evaluator Steps = 603350 | Learner Steps = 37021 | Learner Walltime = 7332.181 | Logits Neg = -16.700162887573242 | Logits Pos = -1.8275504112243652 | Logsumexp = 1.1881051063537598 | Steps Per Second = 220.704
I0502 17:08:28.194394 139569349502528 terminal.py:91] [Actor] Actor Episodes = 47585 | Actor Steps = 2379250 | Delta Dist = 8.382 | Delta Dist 10 = 2.660 | Delta Dist 100 = 3.767 | Delta Dist 1000 = 4.260 | Episode Length = 50 | Episode Return = 35.0 | Evaluator Episodes = 12067 | Evaluator Steps = 603350 | Final Dist = 0.162 | Final Dist 10 = 2.930 | Final Dist 100 = 1.816 | Final Dist 1000 = 1.619 | Init Dist = 8.544 | Init Dist 10 = 5.590 | Init Dist 100 = 5.584 | Init Dist 1000 = 5.879 | Learner Steps = 37018 | Learner Walltime = 7331.512 | Min Dist = 0.050 | Min Dist 10 = 0.421 | Min Dist 100 = 0.507 | Min Dist 1000 = 0.208 | Steps Per Second = 77.478 | Success = 1.000 | Success 1000 = 0.985
I0502 17:08:28.388508 139579566835264 terminal.py:91] [Evaluator] Actor Episodes = 47585 | Actor Steps = 2379250 | Delta Dist = 10.759 | Delta Dist 10 = 11.942 | Delta Dist 100 = 11.316 | Delta Dist 1000 = 11.469 | Episode Length = 50 | Episode Return = 20.0 | Evaluator Episodes = 12069 | Evaluator Steps = 603450 | Final Dist = 2.048 | Final Dist 10 = 0.864 | Final Dist 100 = 1.491 | Final Dist 1000 = 1.337 | Init Dist = 12.806 | Init Dist 10 = 12.806 | Init Dist 100 = 12.806 | Init Dist 1000 = 12.806 | Learner Steps = 37023 | Learner Walltime = 7332.523 | Min Dist = 0.224 | Min Dist 10 = 0.201 | Min Dist 100 = 0.850 | Min Dist 1000 = 0.710 | Steps Per Second = 73.648 | Success = 1.000 | Success 1000 = 0.874
I0502 17:08:28.663751 139584504182336 lp_utils.py:96] StepsLimiter: Reached 2379350 recorded steps
I0502 17:08:29.531235 139579566835264 terminal.py:91] [Evaluator] Actor Episodes = 47593 | Actor Steps = 2379650 | Delta Dist = 12.191 | Delta Dist 10 = 11.683 | Delta Dist 100 = 11.299 | Delta Dist 1000 = 11.469 | Episode Length = 50 | Episode Return = 25.0 | Evaluator Episodes = 12071 | Evaluator Steps = 603550 | Final Dist = 0.615 | Final Dist 10 = 1.123 | Final Dist 100 = 1.507 | Final Dist 1000 = 1.338 | Init Dist = 12.806 | Init Dist 10 = 12.806 | Init Dist 100 = 12.806 | Init Dist 1000 = 12.806 | Learner Steps = 37028 | Learner Walltime = 7333.617 | Min Dist = 0.228 | Min Dist 10 = 0.248 | Min Dist 100 = 0.855 | Min Dist 1000 = 0.710 | Steps Per Second = 87.651 | Success = 1.000 | Success 1000 = 0.874
I0502 17:08:30.599453 139558059398720 terminal.py:91] [Actor] Actor Episodes = 47598 | Actor Steps = 2379900 | Delta Dist = 10.690 | Delta Dist 10 = 4.603 | Delta Dist 100 = 3.836 | Delta Dist 1000 = 4.296 | Episode Length = 50 | Episode Return = 27.0 | Evaluator Episodes = 12071 | Evaluator Steps = 603550 | Final Dist = 1.517 | Final Dist 10 = 0.773 | Final Dist 100 = 1.858 | Final Dist 1000 = 1.598 | Init Dist = 12.207 | Init Dist 10 = 5.377 | Init Dist 100 = 5.694 | Init Dist 1000 = 5.894 | Learner Steps = 37028 | Learner Walltime = 7333.617 | Min Dist = 0.000 | Min Dist 10 = 0.039 | Min Dist 100 = 0.609 | Min Dist 1000 = 0.219 | Steps Per Second = 79.582 | Success = 1.000 | Success 1000 = 0.986
I0502 17:08:30.660571 139579566835264 terminal.py:91] [Evaluator] Actor Episodes = 47601 | Actor Steps = 2380050 | Delta Dist = 12.686 | Delta Dist 10 = 11.542 | Delta Dist 100 = 11.264 | Delta Dist 1000 = 11.466 | Episode Length = 50 | Episode Return = 13.0 | Evaluator Episodes = 12073 | Evaluator Steps = 603650 | Final Dist = 0.120 | Final Dist 10 = 1.264 | Final Dist 100 = 1.542 | Final Dist 1000 = 1.340 | Init Dist = 12.806 | Init Dist 10 = 12.806 | Init Dist 100 = 12.806 | Init Dist 1000 = 12.806 | Learner Steps = 37033 | Learner Walltime = 7334.647 | Min Dist = 0.089 | Min Dist 10 = 0.374 | Min Dist 100 = 0.868 | Min Dist 1000 = 0.711 | Steps Per Second = 95.155 | Success = 1.000 | Success 1000 = 0.873
I0502 17:08:31.754842 139579566835264 terminal.py:91] [Evaluator] Actor Episodes = 47607 | Actor Steps = 2380350 | Delta Dist = 8.612 | Delta Dist 10 = 11.565 | Delta Dist 100 = 11.329 | Delta Dist 1000 = 11.468 | Episode Length = 50 | Episode Return = 0.0 | Evaluator Episodes = 12075 | Evaluator Steps = 603750 | Final Dist = 4.194 | Final Dist 10 = 1.241 | Final Dist 100 = 1.477 | Final Dist 1000 = 1.338 | Init Dist = 12.806 | Init Dist 10 = 12.806 | Init Dist 100 = 12.806 | Init Dist 1000 = 12.806 | Learner Steps = 37040 | Learner Walltime = 7335.888 | Min Dist = 4.194 | Min Dist 10 = 0.399 | Min Dist 100 = 0.821 | Min Dist 1000 = 0.710 | Steps Per Second = 94.761 | Success = 0.000 | Success 1000 = 0.874
I0502 17:08:31.925349 139557462840896 terminal.py:91] [Actor] Actor Episodes = 47611 | Actor Steps = 2380550 | Delta Dist = 6.487 | Delta Dist 10 = 6.867 | Delta Dist 100 = 4.122 | Delta Dist 1000 = 4.318 | Episode Length = 50 | Episode Return = 34.0 | Evaluator Episodes = 12075 | Evaluator Steps = 603750 | Final Dist = 0.222 | Final Dist 10 = 1.110 | Final Dist 100 = 1.828 | Final Dist 1000 = 1.600 | Init Dist = 6.708 | Init Dist 10 = 7.977 | Init Dist 100 = 5.950 | Init Dist 1000 = 5.918 | Learner Steps = 37040 | Learner Walltime = 7335.888 | Min Dist = 0.051 | Min Dist 10 = 0.058 | Min Dist 100 = 0.600 | Min Dist 1000 = 0.217 | Steps Per Second = 86.987 | Success = 1.000 | Success 1000 = 0.986
I0502 17:08:32.196392 139555860620864 terminal.py:91] [Actor] Actor Episodes = 47608 | Actor Steps = 2380400 | Delta Dist = 6.105 | Delta Dist 10 = 6.330 | Delta Dist 100 = 4.126 | Delta Dist 1000 = 4.324 | Episode Length = 50 | Episode Return = 42.0 | Evaluator Episodes = 12073 | Evaluator Steps = 603650 | Final Dist = 0.219 | Final Dist 10 = 1.098 | Final Dist 100 = 1.827 | Final Dist 1000 = 1.599 | Init Dist = 6.325 | Init Dist 10 = 7.427 | Init Dist 100 = 5.953 | Init Dist 1000 = 5.923 | Learner Steps = 37033 | Learner Walltime = 7334.647 | Min Dist = 0.048 | Min Dist 10 = 0.063 | Min Dist 100 = 0.600 | Min Dist 1000 = 0.217 | Steps Per Second = 82.892 | Success = 1.000 | Success 1000 = 0.986
I0502 17:08:32.892231 139579566835264 terminal.py:91] [Evaluator] Actor Episodes = 47615 | Actor Steps = 2380750 | Delta Dist = 11.286 | Delta Dist 10 = 11.154 | Delta Dist 100 = 11.290 | Delta Dist 1000 = 11.463 | Episode Length = 50 | Episode Return = 0.0 | Evaluator Episodes = 12077 | Evaluator Steps = 603850 | Final Dist = 1.520 | Final Dist 10 = 1.653 | Final Dist 100 = 1.516 | Final Dist 1000 = 1.344 | Init Dist = 12.806 | Init Dist 10 = 12.806 | Init Dist 100 = 12.806 | Init Dist 1000 = 12.806 | Learner Steps = 37047 | Learner Walltime = 7337.036 | Min Dist = 1.008 | Min Dist 10 = 0.761 | Min Dist 100 = 0.854 | Min Dist 1000 = 0.714 | Steps Per Second = 86.649 | Success = 0.000 | Success 1000 = 0.873
I0502 17:08:34.082674 139579566835264 terminal.py:91] [Evaluator] Actor Episodes = 47623 | Actor Steps = 2381150 | Delta Dist = 11.297 | Delta Dist 10 = 11.225 | Delta Dist 100 = 11.309 | Delta Dist 1000 = 11.462 | Episode Length = 50 | Episode Return = 10.0 | Evaluator Episodes = 12079 | Evaluator Steps = 603950 | Final Dist = 1.509 | Final Dist 10 = 1.581 | Final Dist 100 = 1.497 | Final Dist 1000 = 1.344 | Init Dist = 12.806 | Init Dist 10 = 12.806 | Init Dist 100 = 12.806 | Init Dist 1000 = 12.806 | Learner Steps = 37053 | Learner Walltime = 7338.076 | Min Dist = 0.185 | Min Dist 10 = 0.827 | Min Dist 100 = 0.832 | Min Dist 1000 = 0.715 | Steps Per Second = 81.599 | Success = 1.000 | Success 1000 = 0.872
I0502 17:08:35.147908 139579566835264 terminal.py:91] [Evaluator] Actor Episodes = 47631 | Actor Steps = 2381550 | Delta Dist = 12.121 | Delta Dist 10 = 11.276 | Delta Dist 100 = 11.301 | Delta Dist 1000 = 11.461 | Episode Length = 50 | Episode Return = 14.0 | Evaluator Episodes = 12081 | Evaluator Steps = 604050 | Final Dist = 0.685 | Final Dist 10 = 1.530 | Final Dist 100 = 1.505 | Final Dist 1000 = 1.345 | Init Dist = 12.806 | Init Dist 10 = 12.806 | Init Dist 100 = 12.806 | Init Dist 1000 = 12.806 | Learner Steps = 37053 | Learner Walltime = 7338.076 | Min Dist = 0.254 | Min Dist 10 = 0.817 | Min Dist 100 = 0.834 | Min Dist 1000 = 0.715 | Steps Per Second = 92.749 | Success = 1.000 | Success 1000 = 0.872
I0502 17:08:36.347945 139579566835264 terminal.py:91] [Evaluator] Actor Episodes = 47637 | Actor Steps = 2381850 | Delta Dist = 12.029 | Delta Dist 10 = 11.464 | Delta Dist 100 = 11.298 | Delta Dist 1000 = 11.462 | Episode Length = 50 | Episode Return = 19.0 | Evaluator Episodes = 12083 | Evaluator Steps = 604150 | Final Dist = 0.777 | Final Dist 10 = 1.343 | Final Dist 100 = 1.508 | Final Dist 1000 = 1.344 | Init Dist = 12.806 | Init Dist 10 = 12.806 | Init Dist 100 = 12.806 | Init Dist 1000 = 12.806 | Learner Steps = 37065 | Learner Walltime = 7340.441 | Min Dist = 0.177 | Min Dist 10 = 0.728 | Min Dist 100 = 0.835 | Min Dist 1000 = 0.715 | Steps Per Second = 77.461 | Success = 1.000 | Success 1000 = 0.872
I0502 17:08:37.557243 139579566835264 terminal.py:91] [Evaluator] Actor Episodes = 47645 | Actor Steps = 2382250 | Delta Dist = 11.120 | Delta Dist 10 = 11.345 | Delta Dist 100 = 11.345 | Delta Dist 1000 = 11.462 | Episode Length = 50 | Episode Return = 0.0 | Evaluator Episodes = 12085 | Evaluator Steps = 604250 | Final Dist = 1.686 | Final Dist 10 = 1.462 | Final Dist 100 = 1.461 | Final Dist 1000 = 1.345 | Init Dist = 12.806 | Init Dist 10 = 12.806 | Init Dist 100 = 12.806 | Init Dist 1000 = 12.806 | Learner Steps = 37070 | Learner Walltime = 7341.463 | Min Dist = 1.246 | Min Dist 10 = 0.788 | Min Dist 100 = 0.790 | Min Dist 1000 = 0.716 | Steps Per Second = 81.794 | Success = 0.000 | Success 1000 = 0.871
I0502 17:08:38.106192 139555013154368 terminal.py:91] [Learner] Actor Episodes = 47645 | Actor Loss = 3.598621129989624 | Actor Steps = 2382250 | Binary Accuracy = 0.9960880279541016 | Categorical Accuracy = 0.42626953125 | Critic Loss = 1.7831497192382812 | Entropy Mean = -24.06385612487793 | Evaluator Episodes = 12083 | Evaluator Steps = 604150 | Learner Steps = 37074 | Learner Walltime = 7342.302 | Logits Neg = -17.22820281982422 | Logits Pos = -1.7655072212219238 | Logsumexp = 1.1122604608535767 | Steps Per Second = 230.940
I0502 17:08:38.409920 139569349502528 terminal.py:91] [Actor] Actor Episodes = 47650 | Actor Steps = 2382500 | Delta Dist = 4.519 | Delta Dist 10 = 4.457 | Delta Dist 100 = 4.317 | Delta Dist 1000 = 4.309 | Episode Length = 50 | Episode Return = 32.0 | Evaluator Episodes = 12085 | Evaluator Steps = 604250 | Final Dist = 0.481 | Final Dist 10 = 1.192 | Final Dist 100 = 1.490 | Final Dist 1000 = 1.594 | Init Dist = 5.000 | Init Dist 10 = 5.649 | Init Dist 100 = 5.807 | Init Dist 1000 = 5.902 | Learner Steps = 37070 | Learner Walltime = 7341.463 | Min Dist = 0.092 | Min Dist 10 = 0.096 | Min Dist 100 = 0.345 | Min Dist 1000 = 0.227 | Steps Per Second = 86.739 | Success = 1.000 | Success 1000 = 0.985
I0502 17:08:38.680232 139579566835264 terminal.py:91] [Evaluator] Actor Episodes = 47653 | Actor Steps = 2382650 | Delta Dist = 12.197 | Delta Dist 10 = 11.652 | Delta Dist 100 = 11.323 | Delta Dist 1000 = 11.459 | Episode Length = 50 | Episode Return = 14.0 | Evaluator Episodes = 12087 | Evaluator Steps = 604350 | Final Dist = 0.610 | Final Dist 10 = 1.154 | Final Dist 100 = 1.483 | Final Dist 1000 = 1.347 | Init Dist = 12.806 | Init Dist 10 = 12.806 | Init Dist 100 = 12.806 | Init Dist 1000 = 12.806 | Learner Steps = 37076 | Learner Walltime = 7342.615 | Min Dist = 0.136 | Min Dist 10 = 0.553 | Min Dist 100 = 0.808 | Min Dist 1000 = 0.717 | Steps Per Second = 89.951 | Success = 1.000 | Success 1000 = 0.870
I0502 17:08:38.682333 139584504182336 lp_utils.py:96] StepsLimiter: Reached 2382650 recorded steps
I0502 17:08:39.249705 139583350109760 savers.py:156] Saving checkpoint: logs/contrastive_cpc_point_FourRooms_64/5dd72662-2788-11f0-b183-d85ed38c5779/checkpoints/learner
I0502 17:08:39.915154 139579566835264 terminal.py:91] [Evaluator] Actor Episodes = 47661 | Actor Steps = 2383050 | Delta Dist = 11.832 | Delta Dist 10 = 11.673 | Delta Dist 100 = 11.325 | Delta Dist 1000 = 11.458 | Episode Length = 50 | Episode Return = 16.0 | Evaluator Episodes = 12089 | Evaluator Steps = 604450 | Final Dist = 0.975 | Final Dist 10 = 1.134 | Final Dist 100 = 1.481 | Final Dist 1000 = 1.348 | Init Dist = 12.806 | Init Dist 10 = 12.806 | Init Dist 100 = 12.806 | Init Dist 1000 = 12.806 | Learner Steps = 37081 | Learner Walltime = 7344.104 | Min Dist = 0.266 | Min Dist 10 = 0.454 | Min Dist 100 = 0.795 | Min Dist 1000 = 0.717 | Steps Per Second = 75.155 | Success = 1.000 | Success 1000 = 0.870
I0502 17:08:40.886540 139558059398720 terminal.py:91] [Actor] Actor Episodes = 47669 | Actor Steps = 2383450 | Delta Dist = 10.416 | Delta Dist 10 = 4.005 | Delta Dist 100 = 4.288 | Delta Dist 1000 = 4.306 | Episode Length = 50 | Episode Return = 30.0 | Evaluator Episodes = 12089 | Evaluator Steps = 604450 | Final Dist = 0.354 | Final Dist 10 = 2.202 | Final Dist 100 = 1.773 | Final Dist 1000 = 1.606 | Init Dist = 10.770 | Init Dist 10 = 6.207 | Init Dist 100 = 6.061 | Init Dist 1000 = 5.912 | Learner Steps = 37081 | Learner Walltime = 7344.104 | Min Dist = 0.157 | Min Dist 10 = 0.133 | Min Dist 100 = 0.341 | Min Dist 1000 = 0.216 | Steps Per Second = 75.940 | Success = 1.000 | Success 1000 = 0.985
I0502 17:08:41.195636 139579566835264 terminal.py:91] [Evaluator] Actor Episodes = 47669 | Actor Steps = 2383450 | Delta Dist = 10.943 | Delta Dist 10 = 11.771 | Delta Dist 100 = 11.389 | Delta Dist 1000 = 11.459 | Episode Length = 50 | Episode Return = 24.0 | Evaluator Episodes = 12091 | Evaluator Steps = 604550 | Final Dist = 1.863 | Final Dist 10 = 1.035 | Final Dist 100 = 1.417 | Final Dist 1000 = 1.347 | Init Dist = 12.806 | Init Dist 10 = 12.806 | Init Dist 100 = 12.806 | Init Dist 1000 = 12.806 | Learner Steps = 37088 | Learner Walltime = 7345.113 | Min Dist = 0.070 | Min Dist 10 = 0.466 | Min Dist 100 = 0.743 | Min Dist 1000 = 0.717 | Steps Per Second = 77.259 | Success = 1.000 | Success 1000 = 0.870
I0502 17:08:42.286954 139579566835264 terminal.py:91] [Evaluator] Actor Episodes = 47677 | Actor Steps = 2383850 | Delta Dist = 11.752 | Delta Dist 10 = 11.681 | Delta Dist 100 = 11.386 | Delta Dist 1000 = 11.459 | Episode Length = 50 | Episode Return = 1.0 | Evaluator Episodes = 12093 | Evaluator Steps = 604650 | Final Dist = 1.054 | Final Dist 10 = 1.126 | Final Dist 100 = 1.421 | Final Dist 1000 = 1.348 | Init Dist = 12.806 | Init Dist 10 = 12.806 | Init Dist 100 = 12.806 | Init Dist 1000 = 12.806 | Learner Steps = 37094 | Learner Walltime = 7346.302 | Min Dist = 0.474 | Min Dist 10 = 0.489 | Min Dist 100 = 0.747 | Min Dist 1000 = 0.717 | Steps Per Second = 102.600 | Success = 1.000 | Success 1000 = 0.871
I0502 17:08:42.327615 139557462840896 terminal.py:91] [Actor] Actor Episodes = 47676 | Actor Steps = 2383800 | Delta Dist = 4.630 | Delta Dist 10 = 5.444 | Delta Dist 100 = 4.401 | Delta Dist 1000 = 4.299 | Episode Length = 50 | Episode Return = 30.0 | Evaluator Episodes = 12091 | Evaluator Steps = 604550 | Final Dist = 1.026 | Final Dist 10 = 1.336 | Final Dist 100 = 1.774 | Final Dist 1000 = 1.612 | Init Dist = 5.657 | Init Dist 10 = 6.781 | Init Dist 100 = 6.175 | Init Dist 1000 = 5.910 | Learner Steps = 37088 | Learner Walltime = 7345.113 | Min Dist = 0.038 | Min Dist 10 = 0.119 | Min Dist 100 = 0.335 | Min Dist 1000 = 0.216 | Steps Per Second = 86.588 | Success = 1.000 | Success 1000 = 0.985
I0502 17:08:42.582056 139555860620864 terminal.py:91] [Actor] Actor Episodes = 47679 | Actor Steps = 2383950 | Delta Dist = 8.915 | Delta Dist 10 = 5.270 | Delta Dist 100 = 4.442 | Delta Dist 1000 = 4.302 | Episode Length = 50 | Episode Return = 50.0 | Evaluator Episodes = 12093 | Evaluator Steps = 604650 | Final Dist = 0.029 | Final Dist 10 = 1.405 | Final Dist 100 = 1.716 | Final Dist 1000 = 1.612 | Init Dist = 8.944 | Init Dist 10 = 6.676 | Init Dist 100 = 6.158 | Init Dist 1000 = 5.914 | Learner Steps = 37094 | Learner Walltime = 7346.302 | Min Dist = 0.026 | Min Dist 10 = 0.089 | Min Dist 100 = 0.335 | Min Dist 1000 = 0.216 | Steps Per Second = 87.454 | Success = 1.000 | Success 1000 = 0.985
I0502 17:08:43.421860 139579566835264 terminal.py:91] [Evaluator] Actor Episodes = 47685 | Actor Steps = 2384250 | Delta Dist = 11.515 | Delta Dist 10 = 11.779 | Delta Dist 100 = 11.444 | Delta Dist 1000 = 11.467 | Episode Length = 50 | Episode Return = 16.0 | Evaluator Episodes = 12095 | Evaluator Steps = 604750 | Final Dist = 1.292 | Final Dist 10 = 1.027 | Final Dist 100 = 1.362 | Final Dist 1000 = 1.339 | Init Dist = 12.806 | Init Dist 10 = 12.806 | Init Dist 100 = 12.806 | Init Dist 1000 = 12.806 | Learner Steps = 37101 | Learner Walltime = 7347.571 | Min Dist = 0.219 | Min Dist 10 = 0.418 | Min Dist 100 = 0.698 | Min Dist 1000 = 0.709 | Steps Per Second = 92.437 | Success = 1.000 | Success 1000 = 0.872
I0502 17:08:44.630176 139579566835264 terminal.py:91] [Evaluator] Actor Episodes = 47693 | Actor Steps = 2384650 | Delta Dist = 12.550 | Delta Dist 10 = 11.824 | Delta Dist 100 = 11.443 | Delta Dist 1000 = 11.466 | Episode Length = 50 | Episode Return = 29.0 | Evaluator Episodes = 12097 | Evaluator Steps = 604850 | Final Dist = 0.256 | Final Dist 10 = 0.982 | Final Dist 100 = 1.363 | Final Dist 1000 = 1.340 | Init Dist = 12.806 | Init Dist 10 = 12.806 | Init Dist 100 = 12.806 | Init Dist 1000 = 12.806 | Learner Steps = 37107 | Learner Walltime = 7348.665 | Min Dist = 0.101 | Min Dist 10 = 0.270 | Min Dist 100 = 0.694 | Min Dist 1000 = 0.709 | Steps Per Second = 80.362 | Success = 1.000 | Success 1000 = 0.872
I0502 17:08:45.745565 139579566835264 terminal.py:91] [Evaluator] Actor Episodes = 47701 | Actor Steps = 2385050 | Delta Dist = 11.515 | Delta Dist 10 = 11.863 | Delta Dist 100 = 11.452 | Delta Dist 1000 = 11.466 | Episode Length = 50 | Episode Return = 24.0 | Evaluator Episodes = 12099 | Evaluator Steps = 604950 | Final Dist = 1.292 | Final Dist 10 = 0.944 | Final Dist 100 = 1.355 | Final Dist 1000 = 1.340 | Init Dist = 12.806 | Init Dist 10 = 12.806 | Init Dist 100 = 12.806 | Init Dist 1000 = 12.806 | Learner Steps = 37113 | Learner Walltime = 7349.863 | Min Dist = 0.072 | Min Dist 10 = 0.278 | Min Dist 100 = 0.686 | Min Dist 1000 = 0.708 | Steps Per Second = 96.161 | Success = 1.000 | Success 1000 = 0.872
I0502 17:08:46.944372 139579566835264 terminal.py:91] [Evaluator] Actor Episodes = 47709 | Actor Steps = 2385450 | Delta Dist = 12.314 | Delta Dist 10 = 11.866 | Delta Dist 100 = 11.459 | Delta Dist 1000 = 11.475 | Episode Length = 50 | Episode Return = 23.0 | Evaluator Episodes = 12101 | Evaluator Steps = 605050 | Final Dist = 0.492 | Final Dist 10 = 0.941 | Final Dist 100 = 1.347 | Final Dist 1000 = 1.331 | Init Dist = 12.806 | Init Dist 10 = 12.806 | Init Dist 100 = 12.806 | Init Dist 1000 = 12.806 | Learner Steps = 37118 | Learner Walltime = 7351.009 | Min Dist = 0.109 | Min Dist 10 = 0.248 | Min Dist 100 = 0.684 | Min Dist 1000 = 0.702 | Steps Per Second = 83.347 | Success = 1.000 | Success 1000 = 0.873
I0502 17:08:48.147164 139555013154368 terminal.py:91] [Learner] Actor Episodes = 47715 | Actor Loss = 3.722613573074341 | Actor Steps = 2385750 | Binary Accuracy = 0.9960153102874756 | Categorical Accuracy = 0.42333984375 | Critic Loss = 1.7378864288330078 | Entropy Mean = -23.2265625 | Evaluator Episodes = 12101 | Evaluator Steps = 605050 | Learner Steps = 37126 | Learner Walltime = 7352.345 | Logits Neg = -17.49148178100586 | Logits Pos = -1.7180567979812622 | Logsumexp = 1.0635862350463867 | Steps Per Second = 928.213
I0502 17:08:48.208474 139579566835264 terminal.py:91] [Evaluator] Actor Episodes = 47717 | Actor Steps = 2385850 | Delta Dist = 11.592 | Delta Dist 10 = 12.034 | Delta Dist 100 = 11.453 | Delta Dist 1000 = 11.475 | Episode Length = 50 | Episode Return = 22.0 | Evaluator Episodes = 12103 | Evaluator Steps = 605150 | Final Dist = 1.214 | Final Dist 10 = 0.772 | Final Dist 100 = 1.353 | Final Dist 1000 = 1.331 | Init Dist = 12.806 | Init Dist 10 = 12.806 | Init Dist 100 = 12.806 | Init Dist 1000 = 12.806 | Learner Steps = 37124 | Learner Walltime = 7352.105 | Min Dist = 0.120 | Min Dist 10 = 0.221 | Min Dist 100 = 0.688 | Min Dist 1000 = 0.702 | Steps Per Second = 83.139 | Success = 1.000 | Success 1000 = 0.873
I0502 17:08:48.699968 139584504182336 lp_utils.py:96] StepsLimiter: Reached 2385950 recorded steps
I0502 17:08:48.785403 139569349502528 terminal.py:91] [Actor] Actor Episodes = 47721 | Actor Steps = 2386050 | Delta Dist = 4.880 | Delta Dist 10 = 3.812 | Delta Dist 100 = 4.638 | Delta Dist 1000 = 4.339 | Episode Length = 50 | Episode Return = 41.0 | Evaluator Episodes = 12103 | Evaluator Steps = 605150 | Final Dist = 0.120 | Final Dist 10 = 1.528 | Final Dist 100 = 1.464 | Final Dist 1000 = 1.581 | Init Dist = 5.000 | Init Dist 10 = 5.340 | Init Dist 100 = 6.102 | Init Dist 1000 = 5.920 | Learner Steps = 37124 | Learner Walltime = 7352.105 | Min Dist = 0.108 | Min Dist 10 = 0.043 | Min Dist 100 = 0.190 | Min Dist 1000 = 0.207 | Steps Per Second = 78.868 | Success = 1.000 | Success 1000 = 0.985
I0502 17:08:49.533665 139579566835264 terminal.py:91] [Evaluator] Actor Episodes = 47725 | Actor Steps = 2386250 | Delta Dist = 11.618 | Delta Dist 10 = 12.008 | Delta Dist 100 = 11.464 | Delta Dist 1000 = 11.476 | Episode Length = 50 | Episode Return = 17.0 | Evaluator Episodes = 12105 | Evaluator Steps = 605250 | Final Dist = 1.188 | Final Dist 10 = 0.798 | Final Dist 100 = 1.342 | Final Dist 1000 = 1.330 | Init Dist = 12.806 | Init Dist 10 = 12.806 | Init Dist 100 = 12.806 | Init Dist 1000 = 12.806 | Learner Steps = 37130 | Learner Walltime = 7353.292 | Min Dist = 0.063 | Min Dist 10 = 0.218 | Min Dist 100 = 0.671 | Min Dist 1000 = 0.702 | Steps Per Second = 78.134 | Success = 1.000 | Success 1000 = 0.873
I0502 17:08:50.683457 139579566835264 terminal.py:91] [Evaluator] Actor Episodes = 47733 | Actor Steps = 2386650 | Delta Dist = 12.619 | Delta Dist 10 = 11.987 | Delta Dist 100 = 11.443 | Delta Dist 1000 = 11.475 | Episode Length = 50 | Episode Return = 29.0 | Evaluator Episodes = 12107 | Evaluator Steps = 605350 | Final Dist = 0.187 | Final Dist 10 = 0.819 | Final Dist 100 = 1.363 | Final Dist 1000 = 1.331 | Init Dist = 12.806 | Init Dist 10 = 12.806 | Init Dist 100 = 12.806 | Init Dist 1000 = 12.806 | Learner Steps = 37135 | Learner Walltime = 7354.359 | Min Dist = 0.057 | Min Dist 10 = 0.211 | Min Dist 100 = 0.674 | Min Dist 1000 = 0.702 | Steps Per Second = 87.294 | Success = 1.000 | Success 1000 = 0.873
I0502 17:08:51.281116 139558059398720 terminal.py:91] [Actor] Actor Episodes = 47734 | Actor Steps = 2386700 | Delta Dist = 4.893 | Delta Dist 10 = 3.994 | Delta Dist 100 = 4.536 | Delta Dist 1000 = 4.374 | Episode Length = 50 | Episode Return = 49.0 | Evaluator Episodes = 12105 | Evaluator Steps = 605250 | Final Dist = 0.107 | Final Dist 10 = 0.580 | Final Dist 100 = 1.390 | Final Dist 1000 = 1.565 | Init Dist = 5.000 | Init Dist 10 = 4.574 | Init Dist 100 = 5.926 | Init Dist 1000 = 5.939 | Learner Steps = 37135 | Learner Walltime = 7354.359 | Min Dist = 0.052 | Min Dist 10 = 0.050 | Min Dist 100 = 0.181 | Min Dist 1000 = 0.207 | Steps Per Second = 77.148 | Success = 1.000 | Success 1000 = 0.985
I0502 17:08:51.886025 139579566835264 terminal.py:91] [Evaluator] Actor Episodes = 47739 | Actor Steps = 2386950 | Delta Dist = 11.798 | Delta Dist 10 = 12.076 | Delta Dist 100 = 11.498 | Delta Dist 1000 = 11.477 | Episode Length = 50 | Episode Return = 23.0 | Evaluator Episodes = 12109 | Evaluator Steps = 605450 | Final Dist = 1.008 | Final Dist 10 = 0.730 | Final Dist 100 = 1.308 | Final Dist 1000 = 1.330 | Init Dist = 12.806 | Init Dist 10 = 12.806 | Init Dist 100 = 12.806 | Init Dist 1000 = 12.806 | Learner Steps = 37142 | Learner Walltime = 7355.389 | Min Dist = 0.212 | Min Dist 10 = 0.206 | Min Dist 100 = 0.629 | Min Dist 1000 = 0.701 | Steps Per Second = 85.791 | Success = 1.000 | Success 1000 = 0.873
I0502 17:08:52.664487 139557462840896 terminal.py:91] [Actor] Actor Episodes = 47747 | Actor Steps = 2387350 | Delta Dist = 5.725 | Delta Dist 10 = 5.470 | Delta Dist 100 = 4.698 | Delta Dist 1000 = 4.377 | Episode Length = 50 | Episode Return = 26.0 | Evaluator Episodes = 12109 | Evaluator Steps = 605450 | Final Dist = 0.358 | Final Dist 10 = 0.302 | Final Dist 100 = 1.148 | Final Dist 1000 = 1.561 | Init Dist = 6.083 | Init Dist 10 = 5.772 | Init Dist 100 = 5.846 | Init Dist 1000 = 5.938 | Learner Steps = 37146 | Learner Walltime = 7356.419 | Min Dist = 0.029 | Min Dist 10 = 0.069 | Min Dist 100 = 0.075 | Min Dist 1000 = 0.206 | Steps Per Second = 87.921 | Success = 1.000 | Success 1000 = 0.985
I0502 17:08:52.750153 139555860620864 terminal.py:91] [Actor] Actor Episodes = 47744 | Actor Steps = 2387200 | Delta Dist = 10.542 | Delta Dist 10 = 5.560 | Delta Dist 100 = 4.684 | Delta Dist 1000 = 4.378 | Episode Length = 50 | Episode Return = 12.0 | Evaluator Episodes = 12109 | Evaluator Steps = 605450 | Final Dist = 0.088 | Final Dist 10 = 0.320 | Final Dist 100 = 1.151 | Final Dist 1000 = 1.562 | Init Dist = 10.630 | Init Dist 10 = 5.880 | Init Dist 100 = 5.835 | Init Dist 1000 = 5.940 | Learner Steps = 37142 | Learner Walltime = 7355.389 | Min Dist = 0.088 | Min Dist 10 = 0.066 | Min Dist 100 = 0.074 | Min Dist 1000 = 0.206 | Steps Per Second = 84.333 | Success = 1.000 | Success 1000 = 0.985
I0502 17:08:53.042106 139579566835264 terminal.py:91] [Evaluator] Actor Episodes = 47747 | Actor Steps = 2387350 | Delta Dist = 11.777 | Delta Dist 10 = 12.075 | Delta Dist 100 = 11.497 | Delta Dist 1000 = 11.482 | Episode Length = 50 | Episode Return = 7.0 | Evaluator Episodes = 12111 | Evaluator Steps = 605550 | Final Dist = 1.030 | Final Dist 10 = 0.732 | Final Dist 100 = 1.309 | Final Dist 1000 = 1.324 | Init Dist = 12.806 | Init Dist 10 = 12.806 | Init Dist 100 = 12.806 | Init Dist 1000 = 12.806 | Learner Steps = 37146 | Learner Walltime = 7356.419 | Min Dist = 0.100 | Min Dist 10 = 0.240 | Min Dist 100 = 0.627 | Min Dist 1000 = 0.696 | Steps Per Second = 81.799 | Success = 1.000 | Success 1000 = 0.874
I0502 17:08:54.271581 139579566835264 terminal.py:91] [Evaluator] Actor Episodes = 47755 | Actor Steps = 2387750 | Delta Dist = 12.283 | Delta Dist 10 = 11.979 | Delta Dist 100 = 11.495 | Delta Dist 1000 = 11.481 | Episode Length = 50 | Episode Return = 20.0 | Evaluator Episodes = 12113 | Evaluator Steps = 605650 | Final Dist = 0.524 | Final Dist 10 = 0.827 | Final Dist 100 = 1.311 | Final Dist 1000 = 1.325 | Init Dist = 12.806 | Init Dist 10 = 12.806 | Init Dist 100 = 12.806 | Init Dist 1000 = 12.806 | Learner Steps = 37151 | Learner Walltime = 7357.501 | Min Dist = 0.093 | Min Dist 10 = 0.202 | Min Dist 100 = 0.613 | Min Dist 1000 = 0.696 | Steps Per Second = 83.446 | Success = 1.000 | Success 1000 = 0.874
I0502 17:08:55.573238 139579566835264 terminal.py:91] [Evaluator] Actor Episodes = 47763 | Actor Steps = 2388150 | Delta Dist = 11.444 | Delta Dist 10 = 11.971 | Delta Dist 100 = 11.503 | Delta Dist 1000 = 11.481 | Episode Length = 50 | Episode Return = 0.0 | Evaluator Episodes = 12115 | Evaluator Steps = 605750 | Final Dist = 1.362 | Final Dist 10 = 0.836 | Final Dist 100 = 1.304 | Final Dist 1000 = 1.325 | Init Dist = 12.806 | Init Dist 10 = 12.806 | Init Dist 100 = 12.806 | Init Dist 1000 = 12.806 | Learner Steps = 37158 | Learner Walltime = 7358.805 | Min Dist = 1.032 | Min Dist 10 = 0.167 | Min Dist 100 = 0.610 | Min Dist 1000 = 0.695 | Steps Per Second = 72.534 | Success = 0.000 | Success 1000 = 0.874
I0502 17:08:56.768996 139579566835264 terminal.py:91] [Evaluator] Actor Episodes = 47771 | Actor Steps = 2388550 | Delta Dist = 11.796 | Delta Dist 10 = 12.056 | Delta Dist 100 = 11.509 | Delta Dist 1000 = 11.481 | Episode Length = 50 | Episode Return = 8.0 | Evaluator Episodes = 12117 | Evaluator Steps = 605850 | Final Dist = 1.010 | Final Dist 10 = 0.751 | Final Dist 100 = 1.297 | Final Dist 1000 = 1.325 | Init Dist = 12.806 | Init Dist 10 = 12.806 | Init Dist 100 = 12.806 | Init Dist 1000 = 12.806 | Learner Steps = 37164 | Learner Walltime = 7360.007 | Min Dist = 0.321 | Min Dist 10 = 0.258 | Min Dist 100 = 0.615 | Min Dist 1000 = 0.696 | Steps Per Second = 82.731 | Success = 1.000 | Success 1000 = 0.873
I0502 17:08:58.025281 139579566835264 terminal.py:91] [Evaluator] Actor Episodes = 47779 | Actor Steps = 2388950 | Delta Dist = 11.761 | Delta Dist 10 = 11.956 | Delta Dist 100 = 11.509 | Delta Dist 1000 = 11.488 | Episode Length = 50 | Episode Return = 28.0 | Evaluator Episodes = 12119 | Evaluator Steps = 605950 | Final Dist = 1.046 | Final Dist 10 = 0.851 | Final Dist 100 = 1.298 | Final Dist 1000 = 1.318 | Init Dist = 12.806 | Init Dist 10 = 12.806 | Init Dist 100 = 12.806 | Init Dist 1000 = 12.806 | Learner Steps = 37169 | Learner Walltime = 7361.326 | Min Dist = 0.017 | Min Dist 10 = 0.269 | Min Dist 100 = 0.616 | Min Dist 1000 = 0.690 | Steps Per Second = 78.906 | Success = 1.000 | Success 1000 = 0.875
I0502 17:08:58.337645 139555013154368 terminal.py:91] [Learner] Actor Episodes = 47781 | Actor Loss = 3.706662893295288 | Actor Steps = 2389050 | Binary Accuracy = 0.9960854053497314 | Categorical Accuracy = 0.42950439453125 | Critic Loss = 1.7416331768035889 | Entropy Mean = -22.661949157714844 | Evaluator Episodes = 12119 | Evaluator Steps = 605950 | Learner Steps = 37176 | Learner Walltime = 7362.528 | Logits Neg = -17.31228256225586 | Logits Pos = -1.7207520008087158 | Logsumexp = 1.085378885269165 | Steps Per Second = 163.514
I0502 17:08:58.714689 139584504182336 lp_utils.py:96] StepsLimiter: Reached 2389150 recorded steps
I0502 17:08:58.802464 139569349502528 terminal.py:91] [Actor] Actor Episodes = 47785 | Actor Steps = 2389250 | Delta Dist = 7.985 | Delta Dist 10 = 3.047 | Delta Dist 100 = 4.711 | Delta Dist 1000 = 4.420 | Episode Length = 50 | Episode Return = 45.0 | Evaluator Episodes = 12119 | Evaluator Steps = 605950 | Final Dist = 0.261 | Final Dist 10 = 1.790 | Final Dist 100 = 0.952 | Final Dist 1000 = 1.533 | Init Dist = 8.246 | Init Dist 10 = 4.837 | Init Dist 100 = 5.663 | Init Dist 1000 = 5.953 | Learner Steps = 37176 | Learner Walltime = 7362.528 | Min Dist = 0.013 | Min Dist 10 = 0.255 | Min Dist 100 = 0.083 | Min Dist 1000 = 0.198 | Steps Per Second = 84.766 | Success = 1.000 | Success 1000 = 0.986
I0502 17:08:59.203814 139579566835264 terminal.py:91] [Evaluator] Actor Episodes = 47787 | Actor Steps = 2389350 | Delta Dist = 12.433 | Delta Dist 10 = 11.884 | Delta Dist 100 = 11.502 | Delta Dist 1000 = 11.488 | Episode Length = 50 | Episode Return = 20.0 | Evaluator Episodes = 12121 | Evaluator Steps = 606050 | Final Dist = 0.374 | Final Dist 10 = 0.922 | Final Dist 100 = 1.304 | Final Dist 1000 = 1.319 | Init Dist = 12.806 | Init Dist 10 = 12.806 | Init Dist 100 = 12.806 | Init Dist 1000 = 12.806 | Learner Steps = 37176 | Learner Walltime = 7362.528 | Min Dist = 0.051 | Min Dist 10 = 0.230 | Min Dist 100 = 0.617 | Min Dist 1000 = 0.690 | Steps Per Second = 88.759 | Success = 1.000 | Success 1000 = 0.875
I0502 17:09:00.530798 139579566835264 terminal.py:91] [Evaluator] Actor Episodes = 47795 | Actor Steps = 2389750 | Delta Dist = 11.344 | Delta Dist 10 = 11.923 | Delta Dist 100 = 11.511 | Delta Dist 1000 = 11.488 | Episode Length = 50 | Episode Return = 22.0 | Evaluator Episodes = 12123 | Evaluator Steps = 606150 | Final Dist = 1.462 | Final Dist 10 = 0.883 | Final Dist 100 = 1.295 | Final Dist 1000 = 1.318 | Init Dist = 12.806 | Init Dist 10 = 12.806 | Init Dist 100 = 12.806 | Init Dist 1000 = 12.806 | Learner Steps = 37182 | Learner Walltime = 7363.797 | Min Dist = 0.039 | Min Dist 10 = 0.224 | Min Dist 100 = 0.615 | Min Dist 1000 = 0.689 | Steps Per Second = 79.451 | Success = 1.000 | Success 1000 = 0.875
I0502 17:09:01.410108 139558059398720 terminal.py:91] [Actor] Actor Episodes = 47800 | Actor Steps = 2390000 | Delta Dist = 1.338 | Delta Dist 10 = 2.492 | Delta Dist 100 = 4.583 | Delta Dist 1000 = 4.394 | Episode Length = 50 | Episode Return = 36.0 | Evaluator Episodes = 12123 | Evaluator Steps = 606150 | Final Dist = 0.662 | Final Dist 10 = 1.791 | Final Dist 100 = 1.077 | Final Dist 1000 = 1.540 | Init Dist = 2.000 | Init Dist 10 = 4.283 | Init Dist 100 = 5.660 | Init Dist 1000 = 5.935 | Learner Steps = 37182 | Learner Walltime = 7363.797 | Min Dist = 0.052 | Min Dist 10 = 0.088 | Min Dist 100 = 0.087 | Min Dist 1000 = 0.198 | Steps Per Second = 80.016 | Success = 1.000 | Success 1000 = 0.986
I0502 17:09:01.773879 139579566835264 terminal.py:91] [Evaluator] Actor Episodes = 47803 | Actor Steps = 2390150 | Delta Dist = 12.214 | Delta Dist 10 = 11.855 | Delta Dist 100 = 11.504 | Delta Dist 1000 = 11.488 | Episode Length = 50 | Episode Return = 33.0 | Evaluator Episodes = 12125 | Evaluator Steps = 606250 | Final Dist = 0.593 | Final Dist 10 = 0.951 | Final Dist 100 = 1.302 | Final Dist 1000 = 1.318 | Init Dist = 12.806 | Init Dist 10 = 12.806 | Init Dist 100 = 12.806 | Init Dist 1000 = 12.806 | Learner Steps = 37190 | Learner Walltime = 7365.116 | Min Dist = 0.079 | Min Dist 10 = 0.241 | Min Dist 100 = 0.613 | Min Dist 1000 = 0.688 | Steps Per Second = 78.104 | Success = 1.000 | Success 1000 = 0.876
I0502 17:09:02.802357 139557462840896 terminal.py:91] [Actor] Actor Episodes = 47811 | Actor Steps = 2390550 | Delta Dist = 4.439 | Delta Dist 10 = 5.690 | Delta Dist 100 = 4.477 | Delta Dist 1000 = 4.407 | Episode Length = 50 | Episode Return = 45.0 | Evaluator Episodes = 12125 | Evaluator Steps = 606250 | Final Dist = 0.561 | Final Dist 10 = 0.615 | Final Dist 100 = 1.097 | Final Dist 1000 = 1.527 | Init Dist = 5.000 | Init Dist 10 = 6.304 | Init Dist 100 = 5.574 | Init Dist 1000 = 5.933 | Learner Steps = 37196 | Learner Walltime = 7366.308 | Min Dist = 0.023 | Min Dist 10 = 0.084 | Min Dist 100 = 0.087 | Min Dist 1000 = 0.198 | Steps Per Second = 82.688 | Success = 1.000 | Success 1000 = 0.986
I0502 17:09:02.941678 139579566835264 terminal.py:91] [Evaluator] Actor Episodes = 47811 | Actor Steps = 2390550 | Delta Dist = 11.514 | Delta Dist 10 = 11.917 | Delta Dist 100 = 11.568 | Delta Dist 1000 = 11.489 | Episode Length = 50 | Episode Return = 4.0 | Evaluator Episodes = 12127 | Evaluator Steps = 606350 | Final Dist = 1.292 | Final Dist 10 = 0.890 | Final Dist 100 = 1.238 | Final Dist 1000 = 1.317 | Init Dist = 12.806 | Init Dist 10 = 12.806 | Init Dist 100 = 12.806 | Init Dist 1000 = 12.806 | Learner Steps = 37196 | Learner Walltime = 7366.308 | Min Dist = 0.106 | Min Dist 10 = 0.139 | Min Dist 100 = 0.558 | Min Dist 1000 = 0.688 | Steps Per Second = 85.743 | Success = 1.000 | Success 1000 = 0.876
I0502 17:09:03.270184 139555860620864 terminal.py:91] [Actor] Actor Episodes = 47815 | Actor Steps = 2390750 | Delta Dist = 2.919 | Delta Dist 10 = 5.160 | Delta Dist 100 = 4.450 | Delta Dist 1000 = 4.397 | Episode Length = 50 | Episode Return = 45.0 | Evaluator Episodes = 12127 | Evaluator Steps = 606350 | Final Dist = 0.243 | Final Dist 10 = 1.472 | Final Dist 100 = 1.128 | Final Dist 1000 = 1.535 | Init Dist = 3.162 | Init Dist 10 = 6.632 | Init Dist 100 = 5.578 | Init Dist 1000 = 5.932 | Learner Steps = 37196 | Learner Walltime = 7366.308 | Min Dist = 0.084 | Min Dist 10 = 0.070 | Min Dist 100 = 0.087 | Min Dist 1000 = 0.198 | Steps Per Second = 73.705 | Success = 1.000 | Success 1000 = 0.986
I0502 17:09:04.293624 139579566835264 terminal.py:91] [Evaluator] Actor Episodes = 47819 | Actor Steps = 2390950 | Delta Dist = 11.897 | Delta Dist 10 = 11.915 | Delta Dist 100 = 11.682 | Delta Dist 1000 = 11.489 | Episode Length = 50 | Episode Return = 26.0 | Evaluator Episodes = 12129 | Evaluator Steps = 606450 | Final Dist = 0.909 | Final Dist 10 = 0.891 | Final Dist 100 = 1.124 | Final Dist 1000 = 1.317 | Init Dist = 12.806 | Init Dist 10 = 12.806 | Init Dist 100 = 12.806 | Init Dist 1000 = 12.806 | Learner Steps = 37202 | Learner Walltime = 7367.589 | Min Dist = 0.193 | Min Dist 10 = 0.123 | Min Dist 100 = 0.453 | Min Dist 1000 = 0.687 | Steps Per Second = 77.679 | Success = 1.000 | Success 1000 = 0.876
I0502 17:09:05.421067 139579566835264 terminal.py:91] [Evaluator] Actor Episodes = 47827 | Actor Steps = 2391350 | Delta Dist = 11.795 | Delta Dist 10 = 12.019 | Delta Dist 100 = 11.691 | Delta Dist 1000 = 11.490 | Episode Length = 50 | Episode Return = 2.0 | Evaluator Episodes = 12131 | Evaluator Steps = 606550 | Final Dist = 1.011 | Final Dist 10 = 0.787 | Final Dist 100 = 1.115 | Final Dist 1000 = 1.316 | Init Dist = 12.806 | Init Dist 10 = 12.806 | Init Dist 100 = 12.806 | Init Dist 1000 = 12.806 | Learner Steps = 37208 | Learner Walltime = 7368.877 | Min Dist = 0.452 | Min Dist 10 = 0.122 | Min Dist 100 = 0.444 | Min Dist 1000 = 0.688 | Steps Per Second = 97.352 | Success = 1.000 | Success 1000 = 0.876
I0502 17:09:06.616631 139579566835264 terminal.py:91] [Evaluator] Actor Episodes = 47835 | Actor Steps = 2391750 | Delta Dist = 11.904 | Delta Dist 10 = 11.975 | Delta Dist 100 = 11.688 | Delta Dist 1000 = 11.493 | Episode Length = 50 | Episode Return = 10.0 | Evaluator Episodes = 12133 | Evaluator Steps = 606650 | Final Dist = 0.902 | Final Dist 10 = 0.831 | Final Dist 100 = 1.119 | Final Dist 1000 = 1.313 | Init Dist = 12.806 | Init Dist 10 = 12.806 | Init Dist 100 = 12.806 | Init Dist 1000 = 12.806 | Learner Steps = 37214 | Learner Walltime = 7370.085 | Min Dist = 0.464 | Min Dist 10 = 0.167 | Min Dist 100 = 0.439 | Min Dist 1000 = 0.684 | Steps Per Second = 81.210 | Success = 1.000 | Success 1000 = 0.877
I0502 17:09:07.830904 139579566835264 terminal.py:91] [Evaluator] Actor Episodes = 47843 | Actor Steps = 2392150 | Delta Dist = 11.970 | Delta Dist 10 = 12.089 | Delta Dist 100 = 11.693 | Delta Dist 1000 = 11.495 | Episode Length = 50 | Episode Return = 18.0 | Evaluator Episodes = 12135 | Evaluator Steps = 606750 | Final Dist = 0.836 | Final Dist 10 = 0.717 | Final Dist 100 = 1.113 | Final Dist 1000 = 1.311 | Init Dist = 12.806 | Init Dist 10 = 12.806 | Init Dist 100 = 12.806 | Init Dist 1000 = 12.806 | Learner Steps = 37219 | Learner Walltime = 7371.249 | Min Dist = 0.685 | Min Dist 10 = 0.220 | Min Dist 100 = 0.444 | Min Dist 1000 = 0.684 | Steps Per Second = 84.539 | Success = 1.000 | Success 1000 = 0.877
I0502 17:09:08.414418 139555013154368 terminal.py:91] [Learner] Actor Episodes = 47843 | Actor Loss = 3.669905662536621 | Actor Steps = 2392150 | Binary Accuracy = 0.9960627555847168 | Categorical Accuracy = 0.4268798828125 | Critic Loss = 1.7638344764709473 | Entropy Mean = -22.88201904296875 | Evaluator Episodes = 12135 | Evaluator Steps = 606750 | Learner Steps = 37227 | Learner Walltime = 7372.610 | Logits Neg = -17.553203582763672 | Logits Pos = -1.7604426145553589 | Logsumexp = 1.0415704250335693 | Steps Per Second = 675.546
I0502 17:09:08.733759 139584504182336 lp_utils.py:96] StepsLimiter: Reached 2392350 recorded steps
I0502 17:09:08.852811 139569349502528 terminal.py:91] [Actor] Actor Episodes = 47851 | Actor Steps = 2392550 | Delta Dist = 0.746 | Delta Dist 10 = 4.894 | Delta Dist 100 = 4.244 | Delta Dist 1000 = 4.396 | Episode Length = 50 | Episode Return = 31.0 | Evaluator Episodes = 12135 | Evaluator Steps = 606750 | Final Dist = 0.254 | Final Dist 10 = 1.728 | Final Dist 100 = 1.705 | Final Dist 1000 = 1.550 | Init Dist = 1.000 | Init Dist 10 = 6.622 | Init Dist 100 = 5.949 | Init Dist 1000 = 5.946 | Learner Steps = 37226 | Learner Walltime = 7372.515 | Min Dist = 0.020 | Min Dist 10 = 0.632 | Min Dist 100 = 0.222 | Min Dist 1000 = 0.206 | Steps Per Second = 75.291 | Success = 1.000 | Success 1000 = 0.984
I0502 17:09:09.085878 139579566835264 terminal.py:91] [Evaluator] Actor Episodes = 47851 | Actor Steps = 2392550 | Delta Dist = 12.533 | Delta Dist 10 = 11.998 | Delta Dist 100 = 11.738 | Delta Dist 1000 = 11.494 | Episode Length = 50 | Episode Return = 14.0 | Evaluator Episodes = 12137 | Evaluator Steps = 606850 | Final Dist = 0.273 | Final Dist 10 = 0.808 | Final Dist 100 = 1.068 | Final Dist 1000 = 1.312 | Init Dist = 12.806 | Init Dist 10 = 12.806 | Init Dist 100 = 12.806 | Init Dist 1000 = 12.806 | Learner Steps = 37226 | Learner Walltime = 7372.515 | Min Dist = 0.079 | Min Dist 10 = 0.263 | Min Dist 100 = 0.395 | Min Dist 1000 = 0.685 | Steps Per Second = 87.751 | Success = 1.000 | Success 1000 = 0.877
I0502 17:09:10.339663 139579566835264 terminal.py:91] [Evaluator] Actor Episodes = 47859 | Actor Steps = 2392950 | Delta Dist = 11.629 | Delta Dist 10 = 11.965 | Delta Dist 100 = 11.741 | Delta Dist 1000 = 11.494 | Episode Length = 50 | Episode Return = 9.0 | Evaluator Episodes = 12139 | Evaluator Steps = 606950 | Final Dist = 1.177 | Final Dist 10 = 0.841 | Final Dist 100 = 1.066 | Final Dist 1000 = 1.312 | Init Dist = 12.806 | Init Dist 10 = 12.806 | Init Dist 100 = 12.806 | Init Dist 1000 = 12.806 | Learner Steps = 37233 | Learner Walltime = 7373.830 | Min Dist = 0.211 | Min Dist 10 = 0.306 | Min Dist 100 = 0.398 | Min Dist 1000 = 0.685 | Steps Per Second = 83.418 | Success = 1.000 | Success 1000 = 0.877
I0502 17:09:11.495625 139579566835264 terminal.py:91] [Evaluator] Actor Episodes = 47867 | Actor Steps = 2393350 | Delta Dist = 11.298 | Delta Dist 10 = 11.855 | Delta Dist 100 = 11.730 | Delta Dist 1000 = 11.499 | Episode Length = 50 | Episode Return = 21.0 | Evaluator Episodes = 12141 | Evaluator Steps = 607050 | Final Dist = 1.509 | Final Dist 10 = 0.951 | Final Dist 100 = 1.076 | Final Dist 1000 = 1.307 | Init Dist = 12.806 | Init Dist 10 = 12.806 | Init Dist 100 = 12.806 | Init Dist 1000 = 12.806 | Learner Steps = 37240 | Learner Walltime = 7375.200 | Min Dist = 0.156 | Min Dist 10 = 0.309 | Min Dist 100 = 0.397 | Min Dist 1000 = 0.680 | Steps Per Second = 86.521 | Success = 1.000 | Success 1000 = 0.878
I0502 17:09:11.515183 139558059398720 terminal.py:91] [Actor] Actor Episodes = 47862 | Actor Steps = 2393100 | Delta Dist = 7.983 | Delta Dist 10 = 6.125 | Delta Dist 100 = 4.120 | Delta Dist 1000 = 4.402 | Episode Length = 50 | Episode Return = 46.0 | Evaluator Episodes = 12139 | Evaluator Steps = 606950 | Final Dist = 0.620 | Final Dist 10 = 0.976 | Final Dist 100 = 1.906 | Final Dist 1000 = 1.575 | Init Dist = 8.602 | Init Dist 10 = 7.101 | Init Dist 100 = 6.026 | Init Dist 1000 = 5.977 | Learner Steps = 37233 | Learner Walltime = 7373.830 | Min Dist = 0.203 | Min Dist 10 = 0.084 | Min Dist 100 = 0.295 | Min Dist 1000 = 0.214 | Steps Per Second = 79.592 | Success = 1.000 | Success 1000 = 0.984
I0502 17:09:12.729659 139579566835264 terminal.py:91] [Evaluator] Actor Episodes = 47875 | Actor Steps = 2393750 | Delta Dist = 11.938 | Delta Dist 10 = 11.817 | Delta Dist 100 = 11.718 | Delta Dist 1000 = 11.498 | Episode Length = 50 | Episode Return = 15.0 | Evaluator Episodes = 12143 | Evaluator Steps = 607150 | Final Dist = 0.869 | Final Dist 10 = 0.990 | Final Dist 100 = 1.088 | Final Dist 1000 = 1.308 | Init Dist = 12.806 | Init Dist 10 = 12.806 | Init Dist 100 = 12.806 | Init Dist 1000 = 12.806 | Learner Steps = 37244 | Learner Walltime = 7376.225 | Min Dist = 0.175 | Min Dist 10 = 0.280 | Min Dist 100 = 0.397 | Min Dist 1000 = 0.679 | Steps Per Second = 82.634 | Success = 1.000 | Success 1000 = 0.878
I0502 17:09:13.210414 139557462840896 terminal.py:91] [Actor] Actor Episodes = 47874 | Actor Steps = 2393700 | Delta Dist = 7.198 | Delta Dist 10 = 5.248 | Delta Dist 100 = 4.288 | Delta Dist 1000 = 4.405 | Episode Length = 50 | Episode Return = 33.0 | Evaluator Episodes = 12141 | Evaluator Steps = 607050 | Final Dist = 0.418 | Final Dist 10 = 1.109 | Final Dist 100 = 1.804 | Final Dist 1000 = 1.562 | Init Dist = 7.616 | Init Dist 10 = 6.357 | Init Dist 100 = 6.093 | Init Dist 1000 = 5.968 | Learner Steps = 37244 | Learner Walltime = 7376.225 | Min Dist = 0.194 | Min Dist 10 = 0.642 | Min Dist 100 = 0.352 | Min Dist 1000 = 0.218 | Steps Per Second = 75.151 | Success = 1.000 | Success 1000 = 0.984
I0502 17:09:13.417169 139555860620864 terminal.py:91] [Actor] Actor Episodes = 47877 | Actor Steps = 2393850 | Delta Dist = 6.603 | Delta Dist 10 = 5.963 | Delta Dist 100 = 4.268 | Delta Dist 1000 = 4.411 | Episode Length = 50 | Episode Return = 37.0 | Evaluator Episodes = 12143 | Evaluator Steps = 607150 | Final Dist = 0.468 | Final Dist 10 = 0.556 | Final Dist 100 = 1.797 | Final Dist 1000 = 1.562 | Init Dist = 7.071 | Init Dist 10 = 6.518 | Init Dist 100 = 6.064 | Init Dist 1000 = 5.973 | Learner Steps = 37251 | Learner Walltime = 7377.507 | Min Dist = 0.027 | Min Dist 10 = 0.061 | Min Dist 100 = 0.354 | Min Dist 1000 = 0.218 | Steps Per Second = 76.845 | Success = 1.000 | Success 1000 = 0.984
I0502 17:09:13.947694 139579566835264 terminal.py:91] [Evaluator] Actor Episodes = 47883 | Actor Steps = 2394150 | Delta Dist = 12.490 | Delta Dist 10 = 11.717 | Delta Dist 100 = 11.784 | Delta Dist 1000 = 11.498 | Episode Length = 50 | Episode Return = 20.0 | Evaluator Episodes = 12145 | Evaluator Steps = 607250 | Final Dist = 0.317 | Final Dist 10 = 1.090 | Final Dist 100 = 1.022 | Final Dist 1000 = 1.308 | Init Dist = 12.806 | Init Dist 10 = 12.806 | Init Dist 100 = 12.806 | Init Dist 1000 = 12.806 | Learner Steps = 37251 | Learner Walltime = 7377.507 | Min Dist = 0.060 | Min Dist 10 = 0.215 | Min Dist 100 = 0.314 | Min Dist 1000 = 0.678 | Steps Per Second = 78.766 | Success = 1.000 | Success 1000 = 0.878
I0502 17:09:15.041612 139579566835264 terminal.py:91] [Evaluator] Actor Episodes = 47887 | Actor Steps = 2394350 | Delta Dist = 11.639 | Delta Dist 10 = 11.747 | Delta Dist 100 = 11.792 | Delta Dist 1000 = 11.498 | Episode Length = 50 | Episode Return = 5.0 | Evaluator Episodes = 12147 | Evaluator Steps = 607350 | Final Dist = 1.167 | Final Dist 10 = 1.060 | Final Dist 100 = 1.014 | Final Dist 1000 = 1.308 | Init Dist = 12.806 | Init Dist 10 = 12.806 | Init Dist 100 = 12.806 | Init Dist 1000 = 12.806 | Learner Steps = 37257 | Learner Walltime = 7378.774 | Min Dist = 0.572 | Min Dist 10 = 0.152 | Min Dist 100 = 0.313 | Min Dist 1000 = 0.677 | Steps Per Second = 92.707 | Success = 1.000 | Success 1000 = 0.879
I0502 17:09:16.345681 139579566835264 terminal.py:91] [Evaluator] Actor Episodes = 47897 | Actor Steps = 2394850 | Delta Dist = 11.344 | Delta Dist 10 = 11.583 | Delta Dist 100 = 11.788 | Delta Dist 1000 = 11.496 | Episode Length = 50 | Episode Return = 12.0 | Evaluator Episodes = 12149 | Evaluator Steps = 607450 | Final Dist = 1.462 | Final Dist 10 = 1.224 | Final Dist 100 = 1.018 | Final Dist 1000 = 1.311 | Init Dist = 12.806 | Init Dist 10 = 12.806 | Init Dist 100 = 12.806 | Init Dist 1000 = 12.806 | Learner Steps = 37263 | Learner Walltime = 7380.007 | Min Dist = 0.209 | Min Dist 10 = 0.293 | Min Dist 100 = 0.321 | Min Dist 1000 = 0.679 | Steps Per Second = 74.073 | Success = 1.000 | Success 1000 = 0.878
I0502 17:09:17.496200 139579566835264 terminal.py:91] [Evaluator] Actor Episodes = 47903 | Actor Steps = 2395150 | Delta Dist = 11.568 | Delta Dist 10 = 11.594 | Delta Dist 100 = 11.786 | Delta Dist 1000 = 11.496 | Episode Length = 50 | Episode Return = 27.0 | Evaluator Episodes = 12151 | Evaluator Steps = 607550 | Final Dist = 1.238 | Final Dist 10 = 1.212 | Final Dist 100 = 1.020 | Final Dist 1000 = 1.311 | Init Dist = 12.806 | Init Dist 10 = 12.806 | Init Dist 100 = 12.806 | Init Dist 1000 = 12.806 | Learner Steps = 37269 | Learner Walltime = 7381.225 | Min Dist = 0.187 | Min Dist 10 = 0.299 | Min Dist 100 = 0.314 | Min Dist 1000 = 0.678 | Steps Per Second = 83.957 | Success = 1.000 | Success 1000 = 0.878
I0502 17:09:18.430718 139555013154368 terminal.py:91] [Learner] Actor Episodes = 47907 | Actor Loss = 3.668691873550415 | Actor Steps = 2395350 | Binary Accuracy = 0.9960706233978271 | Categorical Accuracy = 0.43212890625 | Critic Loss = 1.7361154556274414 | Entropy Mean = -23.20523452758789 | Evaluator Episodes = 12151 | Evaluator Steps = 607550 | Learner Steps = 37278 | Learner Walltime = 7382.627 | Logits Neg = -17.76056671142578 | Logits Pos = -1.7064791917800903 | Logsumexp = 1.139156460762024 | Steps Per Second = 1136.899
I0502 17:09:18.626023 139579566835264 terminal.py:91] [Evaluator] Actor Episodes = 47911 | Actor Steps = 2395550 | Delta Dist = 11.418 | Delta Dist 10 = 11.645 | Delta Dist 100 = 11.800 | Delta Dist 1000 = 11.495 | Episode Length = 50 | Episode Return = 2.0 | Evaluator Episodes = 12153 | Evaluator Steps = 607650 | Final Dist = 1.388 | Final Dist 10 = 1.161 | Final Dist 100 = 1.007 | Final Dist 1000 = 1.311 | Init Dist = 12.806 | Init Dist 10 = 12.806 | Init Dist 100 = 12.806 | Init Dist 1000 = 12.806 | Learner Steps = 37276 | Learner Walltime = 7382.470 | Min Dist = 0.975 | Min Dist 10 = 0.293 | Min Dist 100 = 0.306 | Min Dist 1000 = 0.677 | Steps Per Second = 88.522 | Success = 1.000 | Success 1000 = 0.878
I0502 17:09:18.763423 139584504182336 lp_utils.py:96] StepsLimiter: Reached 2395550 recorded steps
I0502 17:09:19.461201 139569349502528 terminal.py:91] [Actor] Actor Episodes = 47914 | Actor Steps = 2395700 | Delta Dist = 9.248 | Delta Dist 10 = 3.910 | Delta Dist 100 = 4.506 | Delta Dist 1000 = 4.420 | Episode Length = 50 | Episode Return = 44.0 | Evaluator Episodes = 12153 | Evaluator Steps = 607650 | Final Dist = 0.186 | Final Dist 10 = 2.007 | Final Dist 100 = 1.782 | Final Dist 1000 = 1.566 | Init Dist = 9.434 | Init Dist 10 = 5.917 | Init Dist 100 = 6.288 | Init Dist 1000 = 5.987 | Learner Steps = 37276 | Learner Walltime = 7382.470 | Min Dist = 0.008 | Min Dist 10 = 0.104 | Min Dist 100 = 0.332 | Min Dist 1000 = 0.217 | Steps Per Second = 76.613 | Success = 1.000 | Success 1000 = 0.984
I0502 17:09:19.828687 139579566835264 terminal.py:91] [Evaluator] Actor Episodes = 47919 | Actor Steps = 2395950 | Delta Dist = 12.393 | Delta Dist 10 = 11.586 | Delta Dist 100 = 11.784 | Delta Dist 1000 = 11.495 | Episode Length = 50 | Episode Return = 23.0 | Evaluator Episodes = 12155 | Evaluator Steps = 607750 | Final Dist = 0.413 | Final Dist 10 = 1.221 | Final Dist 100 = 1.022 | Final Dist 1000 = 1.311 | Init Dist = 12.806 | Init Dist 10 = 12.806 | Init Dist 100 = 12.806 | Init Dist 1000 = 12.806 | Learner Steps = 37282 | Learner Walltime = 7383.783 | Min Dist = 0.059 | Min Dist 10 = 0.467 | Min Dist 100 = 0.324 | Min Dist 1000 = 0.678 | Steps Per Second = 90.497 | Success = 1.000 | Success 1000 = 0.877
I0502 17:09:21.042691 139579566835264 terminal.py:91] [Evaluator] Actor Episodes = 47927 | Actor Steps = 2396350 | Delta Dist = 11.122 | Delta Dist 10 = 11.577 | Delta Dist 100 = 11.775 | Delta Dist 1000 = 11.496 | Episode Length = 50 | Episode Return = 0.0 | Evaluator Episodes = 12157 | Evaluator Steps = 607850 | Final Dist = 1.684 | Final Dist 10 = 1.229 | Final Dist 100 = 1.032 | Final Dist 1000 = 1.311 | Init Dist = 12.806 | Init Dist 10 = 12.806 | Init Dist 100 = 12.806 | Init Dist 1000 = 12.806 | Learner Steps = 37289 | Learner Walltime = 7385.000 | Min Dist = 1.334 | Min Dist 10 = 0.493 | Min Dist 100 = 0.326 | Min Dist 1000 = 0.678 | Steps Per Second = 76.940 | Success = 0.000 | Success 1000 = 0.877
I0502 17:09:22.141404 139558059398720 terminal.py:91] [Actor] Actor Episodes = 47935 | Actor Steps = 2396750 | Delta Dist = 0.678 | Delta Dist 10 = 4.637 | Delta Dist 100 = 4.613 | Delta Dist 1000 = 4.442 | Episode Length = 50 | Episode Return = 29.0 | Evaluator Episodes = 12157 | Evaluator Steps = 607850 | Final Dist = 8.266 | Final Dist 10 = 0.910 | Final Dist 100 = 1.602 | Final Dist 1000 = 1.540 | Init Dist = 8.944 | Init Dist 10 = 5.547 | Init Dist 100 = 6.215 | Init Dist 1000 = 5.982 | Learner Steps = 37295 | Learner Walltime = 7386.205 | Min Dist = 0.029 | Min Dist 10 = 0.065 | Min Dist 100 = 0.260 | Min Dist 1000 = 0.216 | Steps Per Second = 79.555 | Success = 1.000 | Success 1000 = 0.984
I0502 17:09:22.165177 139579566835264 terminal.py:91] [Evaluator] Actor Episodes = 47935 | Actor Steps = 2396750 | Delta Dist = 12.422 | Delta Dist 10 = 11.615 | Delta Dist 100 = 11.781 | Delta Dist 1000 = 11.494 | Episode Length = 50 | Episode Return = 5.0 | Evaluator Episodes = 12159 | Evaluator Steps = 607950 | Final Dist = 0.384 | Final Dist 10 = 1.191 | Final Dist 100 = 1.025 | Final Dist 1000 = 1.313 | Init Dist = 12.806 | Init Dist 10 = 12.806 | Init Dist 100 = 12.806 | Init Dist 1000 = 12.806 | Learner Steps = 37295 | Learner Walltime = 7386.205 | Min Dist = 0.221 | Min Dist 10 = 0.433 | Min Dist 100 = 0.339 | Min Dist 1000 = 0.679 | Steps Per Second = 91.597 | Success = 1.000 | Success 1000 = 0.876
I0502 17:09:23.231675 139557462840896 terminal.py:91] [Actor] Actor Episodes = 47940 | Actor Steps = 2397000 | Delta Dist = 1.540 | Delta Dist 10 = 5.250 | Delta Dist 100 = 4.642 | Delta Dist 1000 = 4.443 | Episode Length = 50 | Episode Return = 40.0 | Evaluator Episodes = 12159 | Evaluator Steps = 607950 | Final Dist = 0.460 | Final Dist 10 = 0.916 | Final Dist 100 = 1.560 | Final Dist 1000 = 1.543 | Init Dist = 2.000 | Init Dist 10 = 6.166 | Init Dist 100 = 6.203 | Init Dist 1000 = 5.986 | Learner Steps = 37295 | Learner Walltime = 7386.205 | Min Dist = 0.105 | Min Dist 10 = 0.139 | Min Dist 100 = 0.262 | Min Dist 1000 = 0.216 | Steps Per Second = 80.711 | Success = 1.000 | Success 1000 = 0.984
I0502 17:09:23.458784 139579566835264 terminal.py:91] [Evaluator] Actor Episodes = 47943 | Actor Steps = 2397150 | Delta Dist = 11.428 | Delta Dist 10 = 11.663 | Delta Dist 100 = 11.769 | Delta Dist 1000 = 11.493 | Episode Length = 50 | Episode Return = 3.0 | Evaluator Episodes = 12161 | Evaluator Steps = 608050 | Final Dist = 1.378 | Final Dist 10 = 1.143 | Final Dist 100 = 1.038 | Final Dist 1000 = 1.313 | Init Dist = 12.806 | Init Dist 10 = 12.806 | Init Dist 100 = 12.806 | Init Dist 1000 = 12.806 | Learner Steps = 37301 | Learner Walltime = 7387.510 | Min Dist = 0.563 | Min Dist 10 = 0.423 | Min Dist 100 = 0.340 | Min Dist 1000 = 0.679 | Steps Per Second = 79.506 | Success = 1.000 | Success 1000 = 0.876
I0502 17:09:23.984575 139555860620864 terminal.py:91] [Actor] Actor Episodes = 47944 | Actor Steps = 2397200 | Delta Dist = 3.286 | Delta Dist 10 = 4.612 | Delta Dist 100 = 4.596 | Delta Dist 1000 = 4.438 | Episode Length = 50 | Episode Return = 16.0 | Evaluator Episodes = 12159 | Evaluator Steps = 607950 | Final Dist = 2.796 | Final Dist 10 = 1.216 | Final Dist 100 = 1.546 | Final Dist 1000 = 1.547 | Init Dist = 6.083 | Init Dist 10 = 5.828 | Init Dist 100 = 6.142 | Init Dist 1000 = 5.984 | Learner Steps = 37301 | Learner Walltime = 7387.510 | Min Dist = 0.137 | Min Dist 10 = 0.314 | Min Dist 100 = 0.227 | Min Dist 1000 = 0.218 | Steps Per Second = 83.549 | Success = 1.000 | Success 1000 = 0.984
I0502 17:09:24.677104 139579566835264 terminal.py:91] [Evaluator] Actor Episodes = 47951 | Actor Steps = 2397550 | Delta Dist = 11.466 | Delta Dist 10 = 11.714 | Delta Dist 100 = 11.777 | Delta Dist 1000 = 11.493 | Episode Length = 50 | Episode Return = 16.0 | Evaluator Episodes = 12163 | Evaluator Steps = 608150 | Final Dist = 1.341 | Final Dist 10 = 1.092 | Final Dist 100 = 1.029 | Final Dist 1000 = 1.313 | Init Dist = 12.806 | Init Dist 10 = 12.806 | Init Dist 100 = 12.806 | Init Dist 1000 = 12.806 | Learner Steps = 37308 | Learner Walltime = 7388.758 | Min Dist = 0.264 | Min Dist 10 = 0.464 | Min Dist 100 = 0.344 | Min Dist 1000 = 0.679 | Steps Per Second = 83.602 | Success = 1.000 | Success 1000 = 0.876
I0502 17:09:25.964022 139579566835264 terminal.py:91] [Evaluator] Actor Episodes = 47959 | Actor Steps = 2397950 | Delta Dist = 11.509 | Delta Dist 10 = 11.853 | Delta Dist 100 = 11.777 | Delta Dist 1000 = 11.493 | Episode Length = 50 | Episode Return = 10.0 | Evaluator Episodes = 12165 | Evaluator Steps = 608250 | Final Dist = 1.297 | Final Dist 10 = 0.953 | Final Dist 100 = 1.030 | Final Dist 1000 = 1.313 | Init Dist = 12.806 | Init Dist 10 = 12.806 | Init Dist 100 = 12.806 | Init Dist 1000 = 12.806 | Learner Steps = 37314 | Learner Walltime = 7390.012 | Min Dist = 0.677 | Min Dist 10 = 0.307 | Min Dist 100 = 0.344 | Min Dist 1000 = 0.679 | Steps Per Second = 73.459 | Success = 1.000 | Success 1000 = 0.876
I0502 17:09:27.181714 139579566835264 terminal.py:91] [Evaluator] Actor Episodes = 47967 | Actor Steps = 2398350 | Delta Dist = 12.772 | Delta Dist 10 = 11.797 | Delta Dist 100 = 11.771 | Delta Dist 1000 = 11.493 | Episode Length = 50 | Episode Return = 7.0 | Evaluator Episodes = 12167 | Evaluator Steps = 608350 | Final Dist = 0.034 | Final Dist 10 = 1.010 | Final Dist 100 = 1.035 | Final Dist 1000 = 1.313 | Init Dist = 12.806 | Init Dist 10 = 12.806 | Init Dist 100 = 12.806 | Init Dist 1000 = 12.806 | Learner Steps = 37320 | Learner Walltime = 7391.277 | Min Dist = 0.034 | Min Dist 10 = 0.423 | Min Dist 100 = 0.352 | Min Dist 1000 = 0.680 | Steps Per Second = 74.298 | Success = 1.000 | Success 1000 = 0.876
I0502 17:09:28.020189 139584635659840 savers.py:156] Saving checkpoint: logs/contrastive_cpc_point_FourRooms_64/5dd72662-2788-11f0-b183-d85ed38c5779/checkpoints/counter
I0502 17:09:28.387324 139579566835264 terminal.py:91] [Evaluator] Actor Episodes = 47973 | Actor Steps = 2398650 | Delta Dist = 11.312 | Delta Dist 10 = 11.966 | Delta Dist 100 = 11.784 | Delta Dist 1000 = 11.494 | Episode Length = 50 | Episode Return = 15.0 | Evaluator Episodes = 12169 | Evaluator Steps = 608450 | Final Dist = 1.494 | Final Dist 10 = 0.840 | Final Dist 100 = 1.023 | Final Dist 1000 = 1.312 | Init Dist = 12.806 | Init Dist 10 = 12.806 | Init Dist 100 = 12.806 | Init Dist 1000 = 12.806 | Learner Steps = 37326 | Learner Walltime = 7392.582 | Min Dist = 0.177 | Min Dist 10 = 0.295 | Min Dist 100 = 0.348 | Min Dist 1000 = 0.679 | Steps Per Second = 92.369 | Success = 1.000 | Success 1000 = 0.876
I0502 17:09:28.433850 139555013154368 terminal.py:91] [Learner] Actor Episodes = 47973 | Actor Loss = 3.736358165740967 | Actor Steps = 2398650 | Binary Accuracy = 0.9961309432983398 | Categorical Accuracy = 0.44647216796875 | Critic Loss = 1.7137646675109863 | Entropy Mean = -23.641773223876953 | Evaluator Episodes = 12167 | Evaluator Steps = 608350 | Learner Steps = 37327 | Learner Walltime = 7392.628 | Logits Neg = -17.31914520263672 | Logits Pos = -1.6946537494659424 | Logsumexp = 1.0439653396606445 | Steps Per Second = 1403.606
I0502 17:09:28.783069 139584504182336 lp_utils.py:96] StepsLimiter: Reached 2398750 recorded steps
I0502 17:09:29.504543 139579566835264 terminal.py:91] [Evaluator] Actor Episodes = 47981 | Actor Steps = 2399050 | Delta Dist = 11.267 | Delta Dist 10 = 11.891 | Delta Dist 100 = 11.789 | Delta Dist 1000 = 11.493 | Episode Length = 50 | Episode Return = 21.0 | Evaluator Episodes = 12171 | Evaluator Steps = 608550 | Final Dist = 1.540 | Final Dist 10 = 0.915 | Final Dist 100 = 1.017 | Final Dist 1000 = 1.313 | Init Dist = 12.806 | Init Dist 10 = 12.806 | Init Dist 100 = 12.806 | Init Dist 1000 = 12.806 | Learner Steps = 37326 | Learner Walltime = 7392.582 | Min Dist = 0.161 | Min Dist 10 = 0.313 | Min Dist 100 = 0.347 | Min Dist 1000 = 0.679 | Steps Per Second = 88.875 | Success = 1.000 | Success 1000 = 0.876
I0502 17:09:29.543863 139569349502528 terminal.py:91] [Actor] Actor Episodes = 47978 | Actor Steps = 2398900 | Delta Dist = 9.677 | Delta Dist 10 = 4.292 | Delta Dist 100 = 4.365 | Delta Dist 1000 = 4.429 | Episode Length = 50 | Episode Return = 17.0 | Evaluator Episodes = 12169 | Evaluator Steps = 608450 | Final Dist = 1.503 | Final Dist 10 = 2.189 | Final Dist 100 = 1.716 | Final Dist 1000 = 1.575 | Init Dist = 11.180 | Init Dist 10 = 6.481 | Init Dist 100 = 6.081 | Init Dist 1000 = 6.004 | Learner Steps = 37326 | Learner Walltime = 7392.582 | Min Dist = 0.037 | Min Dist 10 = 0.820 | Min Dist 100 = 0.178 | Min Dist 1000 = 0.225 | Steps Per Second = 80.251 | Success = 1.000 | Success 1000 = 0.984
I0502 17:09:30.711468 139579566835264 terminal.py:91] [Evaluator] Actor Episodes = 47989 | Actor Steps = 2399450 | Delta Dist = 6.115 | Delta Dist 10 = 11.732 | Delta Dist 100 = 11.796 | Delta Dist 1000 = 11.492 | Episode Length = 50 | Episode Return = 0.0 | Evaluator Episodes = 12173 | Evaluator Steps = 608650 | Final Dist = 6.691 | Final Dist 10 = 1.074 | Final Dist 100 = 1.010 | Final Dist 1000 = 1.314 | Init Dist = 12.806 | Init Dist 10 = 12.806 | Init Dist 100 = 12.806 | Init Dist 1000 = 12.806 | Learner Steps = 37333 | Learner Walltime = 7393.849 | Min Dist = 5.300 | Min Dist 10 = 0.273 | Min Dist 100 = 0.334 | Min Dist 1000 = 0.677 | Steps Per Second = 80.633 | Success = 0.000 | Success 1000 = 0.877
I0502 17:09:31.881647 139579566835264 terminal.py:91] [Evaluator] Actor Episodes = 47997 | Actor Steps = 2399850 | Delta Dist = 6.679 | Delta Dist 10 = 11.077 | Delta Dist 100 = 11.728 | Delta Dist 1000 = 11.486 | Episode Length = 50 | Episode Return = 0.0 | Evaluator Episodes = 12175 | Evaluator Steps = 608750 | Final Dist = 6.127 | Final Dist 10 = 1.729 | Final Dist 100 = 1.078 | Final Dist 1000 = 1.320 | Init Dist = 12.806 | Init Dist 10 = 12.806 | Init Dist 100 = 12.806 | Init Dist 1000 = 12.806 | Learner Steps = 37340 | Learner Walltime = 7395.163 | Min Dist = 5.294 | Min Dist 10 = 0.784 | Min Dist 100 = 0.383 | Min Dist 1000 = 0.682 | Steps Per Second = 83.808 | Success = 0.000 | Success 1000 = 0.876
I0502 17:09:32.257107 139558059398720 terminal.py:91] [Actor] Actor Episodes = 47998 | Actor Steps = 2399900 | Delta Dist = 3.816 | Delta Dist 10 = 4.028 | Delta Dist 100 = 4.362 | Delta Dist 1000 = 4.425 | Episode Length = 50 | Episode Return = 27.0 | Evaluator Episodes = 12173 | Evaluator Steps = 608650 | Final Dist = 1.184 | Final Dist 10 = 1.744 | Final Dist 100 = 1.664 | Final Dist 1000 = 1.588 | Init Dist = 5.000 | Init Dist 10 = 5.772 | Init Dist 100 = 6.026 | Init Dist 1000 = 6.014 | Learner Steps = 37340 | Learner Walltime = 7395.163 | Min Dist = 0.048 | Min Dist 10 = 0.078 | Min Dist 100 = 0.250 | Min Dist 1000 = 0.233 | Steps Per Second = 81.028 | Success = 1.000 | Success 1000 = 0.984
I0502 17:09:33.005855 139579566835264 terminal.py:91] [Evaluator] Actor Episodes = 48005 | Actor Steps = 2400250 | Delta Dist = 11.636 | Delta Dist 10 = 10.632 | Delta Dist 100 = 11.719 | Delta Dist 1000 = 11.481 | Episode Length = 50 | Episode Return = 4.0 | Evaluator Episodes = 12177 | Evaluator Steps = 608850 | Final Dist = 1.171 | Final Dist 10 = 2.174 | Final Dist 100 = 1.088 | Final Dist 1000 = 1.325 | Init Dist = 12.806 | Init Dist 10 = 12.806 | Init Dist 100 = 12.806 | Init Dist 1000 = 12.806 | Learner Steps = 37346 | Learner Walltime = 7396.277 | Min Dist = 0.317 | Min Dist 10 = 1.202 | Min Dist 100 = 0.397 | Min Dist 1000 = 0.687 | Steps Per Second = 93.861 | Success = 1.000 | Success 1000 = 0.876
I0502 17:09:33.850734 139557462840896 terminal.py:91] [Actor] Actor Episodes = 48011 | Actor Steps = 2400550 | Delta Dist = 4.895 | Delta Dist 10 = 3.951 | Delta Dist 100 = 4.349 | Delta Dist 1000 = 4.421 | Episode Length = 50 | Episode Return = 20.0 | Evaluator Episodes = 12177 | Evaluator Steps = 608850 | Final Dist = 0.204 | Final Dist 10 = 1.475 | Final Dist 100 = 1.683 | Final Dist 1000 = 1.575 | Init Dist = 5.099 | Init Dist 10 = 5.426 | Init Dist 100 = 6.032 | Init Dist 1000 = 5.996 | Learner Steps = 37352 | Learner Walltime = 7397.375 | Min Dist = 0.134 | Min Dist 10 = 1.129 | Min Dist 100 = 0.355 | Min Dist 1000 = 0.243 | Steps Per Second = 79.848 | Success = 1.000 | Success 1000 = 0.984
I0502 17:09:34.244002 139579566835264 terminal.py:91] [Evaluator] Actor Episodes = 48013 | Actor Steps = 2400650 | Delta Dist = 12.611 | Delta Dist 10 = 10.605 | Delta Dist 100 = 11.722 | Delta Dist 1000 = 11.481 | Episode Length = 50 | Episode Return = 4.0 | Evaluator Episodes = 12179 | Evaluator Steps = 608950 | Final Dist = 0.196 | Final Dist 10 = 2.201 | Final Dist 100 = 1.085 | Final Dist 1000 = 1.325 | Init Dist = 12.806 | Init Dist 10 = 12.806 | Init Dist 100 = 12.806 | Init Dist 1000 = 12.806 | Learner Steps = 37352 | Learner Walltime = 7397.375 | Min Dist = 0.196 | Min Dist 10 = 1.223 | Min Dist 100 = 0.388 | Min Dist 1000 = 0.686 | Steps Per Second = 78.155 | Success = 1.000 | Success 1000 = 0.876
I0502 17:09:34.255263 139555860620864 terminal.py:91] [Actor] Actor Episodes = 48015 | Actor Steps = 2400750 | Delta Dist = 8.144 | Delta Dist 10 = 3.778 | Delta Dist 100 = 4.365 | Delta Dist 1000 = 4.425 | Episode Length = 50 | Episode Return = 35.0 | Evaluator Episodes = 12179 | Evaluator Steps = 608950 | Final Dist = 0.911 | Final Dist 10 = 1.693 | Final Dist 100 = 1.703 | Final Dist 1000 = 1.575 | Init Dist = 9.055 | Init Dist 10 = 5.471 | Init Dist 100 = 6.068 | Init Dist 1000 = 6.000 | Learner Steps = 37352 | Learner Walltime = 7397.375 | Min Dist = 0.149 | Min Dist 10 = 1.137 | Min Dist 100 = 0.355 | Min Dist 1000 = 0.243 | Steps Per Second = 80.905 | Success = 1.000 | Success 1000 = 0.984
I0502 17:09:35.454833 139579566835264 terminal.py:91] [Evaluator] Actor Episodes = 48021 | Actor Steps = 2401050 | Delta Dist = 11.863 | Delta Dist 10 = 10.705 | Delta Dist 100 = 11.732 | Delta Dist 1000 = 11.481 | Episode Length = 50 | Episode Return = 15.0 | Evaluator Episodes = 12181 | Evaluator Steps = 609050 | Final Dist = 0.944 | Final Dist 10 = 2.102 | Final Dist 100 = 1.074 | Final Dist 1000 = 1.325 | Init Dist = 12.806 | Init Dist 10 = 12.806 | Init Dist 100 = 12.806 | Init Dist 1000 = 12.806 | Learner Steps = 37358 | Learner Walltime = 7398.582 | Min Dist = 0.038 | Min Dist 10 = 1.295 | Min Dist 100 = 0.394 | Min Dist 1000 = 0.687 | Steps Per Second = 82.966 | Success = 1.000 | Success 1000 = 0.876
I0502 17:09:36.641967 139579566835264 terminal.py:91] [Evaluator] Actor Episodes = 48027 | Actor Steps = 2401350 | Delta Dist = 11.413 | Delta Dist 10 = 10.781 | Delta Dist 100 = 11.728 | Delta Dist 1000 = 11.481 | Episode Length = 50 | Episode Return = 3.0 | Evaluator Episodes = 12183 | Evaluator Steps = 609150 | Final Dist = 1.394 | Final Dist 10 = 2.026 | Final Dist 100 = 1.078 | Final Dist 1000 = 1.325 | Init Dist = 12.806 | Init Dist 10 = 12.806 | Init Dist 100 = 12.806 | Init Dist 1000 = 12.806 | Learner Steps = 37364 | Learner Walltime = 7399.708 | Min Dist = 0.111 | Min Dist 10 = 1.291 | Min Dist 100 = 0.390 | Min Dist 1000 = 0.687 | Steps Per Second = 88.992 | Success = 1.000 | Success 1000 = 0.876
I0502 17:09:37.862829 139579566835264 terminal.py:91] [Evaluator] Actor Episodes = 48035 | Actor Steps = 2401750 | Delta Dist = 11.679 | Delta Dist 10 = 11.340 | Delta Dist 100 = 11.727 | Delta Dist 1000 = 11.480 | Episode Length = 50 | Episode Return = 12.0 | Evaluator Episodes = 12185 | Evaluator Steps = 609250 | Final Dist = 1.127 | Final Dist 10 = 1.466 | Final Dist 100 = 1.079 | Final Dist 1000 = 1.326 | Init Dist = 12.806 | Init Dist 10 = 12.806 | Init Dist 100 = 12.806 | Init Dist 1000 = 12.806 | Learner Steps = 37370 | Learner Walltime = 7401.087 | Min Dist = 0.076 | Min Dist 10 = 0.792 | Min Dist 100 = 0.383 | Min Dist 1000 = 0.687 | Steps Per Second = 83.870 | Success = 1.000 | Success 1000 = 0.876
I0502 17:09:38.547741 139555013154368 terminal.py:91] [Learner] Actor Episodes = 48039 | Actor Loss = 3.6897926330566406 | Actor Steps = 2401950 | Binary Accuracy = 0.9960296154022217 | Categorical Accuracy = 0.4144287109375 | Critic Loss = 1.7596275806427002 | Entropy Mean = -23.708721160888672 | Evaluator Episodes = 12185 | Evaluator Steps = 609250 | Learner Steps = 37379 | Learner Walltime = 7402.742 | Logits Neg = -17.103103637695312 | Logits Pos = -1.741671085357666 | Logsumexp = 1.0511071681976318 | Steps Per Second = 186.573
I0502 17:09:38.801132 139584504182336 lp_utils.py:96] StepsLimiter: Reached 2402150 recorded steps
I0502 17:09:39.009772 139579566835264 terminal.py:91] [Evaluator] Actor Episodes = 48043 | Actor Steps = 2402150 | Delta Dist = 11.515 | Delta Dist 10 = 11.761 | Delta Dist 100 = 11.730 | Delta Dist 1000 = 11.478 | Episode Length = 50 | Episode Return = 5.0 | Evaluator Episodes = 12187 | Evaluator Steps = 609350 | Final Dist = 1.291 | Final Dist 10 = 1.045 | Final Dist 100 = 1.077 | Final Dist 1000 = 1.328 | Init Dist = 12.806 | Init Dist 10 = 12.806 | Init Dist 100 = 12.806 | Init Dist 1000 = 12.806 | Learner Steps = 37376 | Learner Walltime = 7402.190 | Min Dist = 0.901 | Min Dist 10 = 0.233 | Min Dist 100 = 0.365 | Min Dist 1000 = 0.687 | Steps Per Second = 76.044 | Success = 1.000 | Success 1000 = 0.876
I0502 17:09:39.856371 139569349502528 terminal.py:91] [Actor] Actor Episodes = 48051 | Actor Steps = 2402550 | Delta Dist = 1.522 | Delta Dist 10 = 5.076 | Delta Dist 100 = 4.480 | Delta Dist 1000 = 4.467 | Episode Length = 50 | Episode Return = 32.0 | Evaluator Episodes = 12187 | Evaluator Steps = 609350 | Final Dist = 1.306 | Final Dist 10 = 1.733 | Final Dist 100 = 1.486 | Final Dist 1000 = 1.552 | Init Dist = 2.828 | Init Dist 10 = 6.810 | Init Dist 100 = 5.966 | Init Dist 1000 = 6.019 | Learner Steps = 37382 | Learner Walltime = 7403.392 | Min Dist = 1.133 | Min Dist 10 = 0.407 | Min Dist 100 = 0.397 | Min Dist 1000 = 0.250 | Steps Per Second = 86.602 | Success = 0.000 | Success 1000 = 0.983
I0502 17:09:39.922737 139583350109760 savers.py:156] Saving checkpoint: logs/contrastive_cpc_point_FourRooms_64/5dd72662-2788-11f0-b183-d85ed38c5779/checkpoints/learner
I0502 17:09:40.285356 139579566835264 terminal.py:91] [Evaluator] Actor Episodes = 48051 | Actor Steps = 2402550 | Delta Dist = 11.028 | Delta Dist 10 = 11.667 | Delta Dist 100 = 11.721 | Delta Dist 1000 = 11.481 | Episode Length = 50 | Episode Return = 0.0 | Evaluator Episodes = 12189 | Evaluator Steps = 609450 | Final Dist = 1.778 | Final Dist 10 = 1.140 | Final Dist 100 = 1.085 | Final Dist 1000 = 1.325 | Init Dist = 12.806 | Init Dist 10 = 12.806 | Init Dist 100 = 12.806 | Init Dist 1000 = 12.806 | Learner Steps = 37382 | Learner Walltime = 7403.392 | Min Dist = 1.088 | Min Dist 10 = 0.309 | Min Dist 100 = 0.373 | Min Dist 1000 = 0.684 | Steps Per Second = 76.207 | Success = 0.000 | Success 1000 = 0.877
I0502 17:09:41.450859 139579566835264 terminal.py:91] [Evaluator] Actor Episodes = 48059 | Actor Steps = 2402950 | Delta Dist = 11.135 | Delta Dist 10 = 11.609 | Delta Dist 100 = 11.716 | Delta Dist 1000 = 11.481 | Episode Length = 50 | Episode Return = 0.0 | Evaluator Episodes = 12191 | Evaluator Steps = 609550 | Final Dist = 1.671 | Final Dist 10 = 1.197 | Final Dist 100 = 1.090 | Final Dist 1000 = 1.325 | Init Dist = 12.806 | Init Dist 10 = 12.806 | Init Dist 100 = 12.806 | Init Dist 1000 = 12.806 | Learner Steps = 37388 | Learner Walltime = 7404.744 | Min Dist = 1.451 | Min Dist 10 = 0.313 | Min Dist 100 = 0.379 | Min Dist 1000 = 0.684 | Steps Per Second = 80.626 | Success = 0.000 | Success 1000 = 0.876
I0502 17:09:42.305727 139558059398720 terminal.py:91] [Actor] Actor Episodes = 48062 | Actor Steps = 2403100 | Delta Dist = 1.217 | Delta Dist 10 = 3.155 | Delta Dist 100 = 4.262 | Delta Dist 1000 = 4.430 | Episode Length = 50 | Episode Return = 39.0 | Evaluator Episodes = 12191 | Evaluator Steps = 609550 | Final Dist = 0.783 | Final Dist 10 = 2.698 | Final Dist 100 = 1.571 | Final Dist 1000 = 1.565 | Init Dist = 2.000 | Init Dist 10 = 5.853 | Init Dist 100 = 5.834 | Init Dist 1000 = 5.996 | Learner Steps = 37388 | Learner Walltime = 7404.744 | Min Dist = 0.653 | Min Dist 10 = 0.232 | Min Dist 100 = 0.426 | Min Dist 1000 = 0.253 | Steps Per Second = 70.428 | Success = 1.000 | Success 1000 = 0.981
I0502 17:09:42.738109 139579566835264 terminal.py:91] [Evaluator] Actor Episodes = 48067 | Actor Steps = 2403350 | Delta Dist = 11.927 | Delta Dist 10 = 11.543 | Delta Dist 100 = 11.714 | Delta Dist 1000 = 11.480 | Episode Length = 50 | Episode Return = 22.0 | Evaluator Episodes = 12193 | Evaluator Steps = 609650 | Final Dist = 0.879 | Final Dist 10 = 1.263 | Final Dist 100 = 1.092 | Final Dist 1000 = 1.326 | Init Dist = 12.806 | Init Dist 10 = 12.806 | Init Dist 100 = 12.806 | Init Dist 1000 = 12.806 | Learner Steps = 37395 | Learner Walltime = 7405.907 | Min Dist = 0.012 | Min Dist 10 = 0.440 | Min Dist 100 = 0.385 | Min Dist 1000 = 0.685 | Steps Per Second = 81.153 | Success = 1.000 | Success 1000 = 0.875
I0502 17:09:43.921070 139579566835264 terminal.py:91] [Evaluator] Actor Episodes = 48075 | Actor Steps = 2403750 | Delta Dist = 12.471 | Delta Dist 10 = 11.576 | Delta Dist 100 = 11.707 | Delta Dist 1000 = 11.480 | Episode Length = 50 | Episode Return = 23.0 | Evaluator Episodes = 12195 | Evaluator Steps = 609750 | Final Dist = 0.336 | Final Dist 10 = 1.231 | Final Dist 100 = 1.099 | Final Dist 1000 = 1.327 | Init Dist = 12.806 | Init Dist 10 = 12.806 | Init Dist 100 = 12.806 | Init Dist 1000 = 12.806 | Learner Steps = 37401 | Learner Walltime = 7407.129 | Min Dist = 0.047 | Min Dist 10 = 0.395 | Min Dist 100 = 0.381 | Min Dist 1000 = 0.684 | Steps Per Second = 78.912 | Success = 1.000 | Success 1000 = 0.875
I0502 17:09:43.941380 139557462840896 terminal.py:91] [Actor] Actor Episodes = 48074 | Actor Steps = 2403700 | Delta Dist = 3.181 | Delta Dist 10 = 3.854 | Delta Dist 100 = 4.105 | Delta Dist 1000 = 4.422 | Episode Length = 50 | Episode Return = 14.0 | Evaluator Episodes = 12193 | Evaluator Steps = 609650 | Final Dist = 0.425 | Final Dist 10 = 2.484 | Final Dist 100 = 1.689 | Final Dist 1000 = 1.587 | Init Dist = 3.606 | Init Dist 10 = 6.338 | Init Dist 100 = 5.794 | Init Dist 1000 = 6.009 | Learner Steps = 37401 | Learner Walltime = 7407.129 | Min Dist = 0.036 | Min Dist 10 = 0.224 | Min Dist 100 = 0.441 | Min Dist 1000 = 0.255 | Steps Per Second = 84.486 | Success = 1.000 | Success 1000 = 0.981
I0502 17:09:44.828928 139555860620864 terminal.py:91] [Actor] Actor Episodes = 48080 | Actor Steps = 2404000 | Delta Dist = 6.324 | Delta Dist 10 = 4.431 | Delta Dist 100 = 4.162 | Delta Dist 1000 = 4.427 | Episode Length = 50 | Episode Return = 45.0 | Evaluator Episodes = 12195 | Evaluator Steps = 609750 | Final Dist = 0.001 | Final Dist 10 = 1.859 | Final Dist 100 = 1.591 | Final Dist 1000 = 1.579 | Init Dist = 6.325 | Init Dist 10 = 6.290 | Init Dist 100 = 5.753 | Init Dist 1000 = 6.006 | Learner Steps = 37407 | Learner Walltime = 7408.264 | Min Dist = 0.001 | Min Dist 10 = 0.869 | Min Dist 100 = 0.369 | Min Dist 1000 = 0.262 | Steps Per Second = 76.662 | Success = 1.000 | Success 1000 = 0.981
I0502 17:09:45.100284 139579566835264 terminal.py:91] [Evaluator] Actor Episodes = 48083 | Actor Steps = 2404150 | Delta Dist = 12.478 | Delta Dist 10 = 11.766 | Delta Dist 100 = 11.724 | Delta Dist 1000 = 11.486 | Episode Length = 50 | Episode Return = 28.0 | Evaluator Episodes = 12197 | Evaluator Steps = 609850 | Final Dist = 0.328 | Final Dist 10 = 1.041 | Final Dist 100 = 1.082 | Final Dist 1000 = 1.320 | Init Dist = 12.806 | Init Dist 10 = 12.806 | Init Dist 100 = 12.806 | Init Dist 1000 = 12.806 | Learner Steps = 37407 | Learner Walltime = 7408.264 | Min Dist = 0.067 | Min Dist 10 = 0.412 | Min Dist 100 = 0.379 | Min Dist 1000 = 0.679 | Steps Per Second = 90.198 | Success = 1.000 | Success 1000 = 0.876
I0502 17:09:46.238140 139579566835264 terminal.py:91] [Evaluator] Actor Episodes = 48091 | Actor Steps = 2404550 | Delta Dist = 11.814 | Delta Dist 10 = 11.858 | Delta Dist 100 = 11.721 | Delta Dist 1000 = 11.486 | Episode Length = 50 | Episode Return = 20.0 | Evaluator Episodes = 12199 | Evaluator Steps = 609950 | Final Dist = 0.992 | Final Dist 10 = 0.948 | Final Dist 100 = 1.086 | Final Dist 1000 = 1.320 | Init Dist = 12.806 | Init Dist 10 = 12.806 | Init Dist 100 = 12.806 | Init Dist 1000 = 12.806 | Learner Steps = 37413 | Learner Walltime = 7409.510 | Min Dist = 0.346 | Min Dist 10 = 0.325 | Min Dist 100 = 0.378 | Min Dist 1000 = 0.679 | Steps Per Second = 78.241 | Success = 1.000 | Success 1000 = 0.876
I0502 17:09:47.336237 139579566835264 terminal.py:91] [Evaluator] Actor Episodes = 48099 | Actor Steps = 2404950 | Delta Dist = 11.458 | Delta Dist 10 = 11.892 | Delta Dist 100 = 11.719 | Delta Dist 1000 = 11.488 | Episode Length = 50 | Episode Return = 12.0 | Evaluator Episodes = 12201 | Evaluator Steps = 610050 | Final Dist = 1.348 | Final Dist 10 = 0.914 | Final Dist 100 = 1.088 | Final Dist 1000 = 1.318 | Init Dist = 12.806 | Init Dist 10 = 12.806 | Init Dist 100 = 12.806 | Init Dist 1000 = 12.806 | Learner Steps = 37419 | Learner Walltime = 7410.676 | Min Dist = 0.135 | Min Dist 10 = 0.270 | Min Dist 100 = 0.381 | Min Dist 1000 = 0.678 | Steps Per Second = 101.337 | Success = 1.000 | Success 1000 = 0.877
I0502 17:09:48.485931 139579566835264 terminal.py:91] [Evaluator] Actor Episodes = 48107 | Actor Steps = 2405350 | Delta Dist = 12.537 | Delta Dist 10 = 11.987 | Delta Dist 100 = 11.710 | Delta Dist 1000 = 11.488 | Episode Length = 50 | Episode Return = 28.0 | Evaluator Episodes = 12203 | Evaluator Steps = 610150 | Final Dist = 0.269 | Final Dist 10 = 0.819 | Final Dist 100 = 1.097 | Final Dist 1000 = 1.318 | Init Dist = 12.806 | Init Dist 10 = 12.806 | Init Dist 100 = 12.806 | Init Dist 1000 = 12.806 | Learner Steps = 37426 | Learner Walltime = 7411.834 | Min Dist = 0.082 | Min Dist 10 = 0.161 | Min Dist 100 = 0.379 | Min Dist 1000 = 0.678 | Steps Per Second = 86.672 | Success = 1.000 | Success 1000 = 0.877
I0502 17:09:48.822607 139584504182336 lp_utils.py:96] StepsLimiter: Reached 2405450 recorded steps
I0502 17:09:48.912031 139555013154368 terminal.py:91] [Learner] Actor Episodes = 48109 | Actor Loss = 3.57920241355896 | Actor Steps = 2405450 | Binary Accuracy = 0.9960415363311768 | Categorical Accuracy = 0.40618896484375 | Critic Loss = 1.8160600662231445 | Entropy Mean = -25.300682067871094 | Evaluator Episodes = 12203 | Evaluator Steps = 610150 | Learner Steps = 37433 | Learner Walltime = 7413.103 | Logits Neg = -17.196687698364258 | Logits Pos = -1.8044424057006836 | Logsumexp = 1.085848093032837 | Steps Per Second = 132.914
I0502 17:09:49.707421 139579566835264 terminal.py:91] [Evaluator] Actor Episodes = 48115 | Actor Steps = 2405750 | Delta Dist = 11.638 | Delta Dist 10 = 12.072 | Delta Dist 100 = 11.713 | Delta Dist 1000 = 11.489 | Episode Length = 50 | Episode Return = 19.0 | Evaluator Episodes = 12205 | Evaluator Steps = 610250 | Final Dist = 1.168 | Final Dist 10 = 0.734 | Final Dist 100 = 1.093 | Final Dist 1000 = 1.317 | Init Dist = 12.806 | Init Dist 10 = 12.806 | Init Dist 100 = 12.806 | Init Dist 1000 = 12.806 | Learner Steps = 37433 | Learner Walltime = 7413.103 | Min Dist = 0.057 | Min Dist 10 = 0.196 | Min Dist 100 = 0.378 | Min Dist 1000 = 0.678 | Steps Per Second = 82.090 | Success = 1.000 | Success 1000 = 0.877
I0502 17:09:49.947014 139569349502528 terminal.py:91] [Actor] Actor Episodes = 48116 | Actor Steps = 2405800 | Delta Dist = 4.185 | Delta Dist 10 = 3.755 | Delta Dist 100 = 4.064 | Delta Dist 1000 = 4.414 | Episode Length = 50 | Episode Return = 0.0 | Evaluator Episodes = 12203 | Evaluator Steps = 610150 | Final Dist = 3.878 | Final Dist 10 = 1.269 | Final Dist 100 = 1.702 | Final Dist 1000 = 1.586 | Init Dist = 8.062 | Init Dist 10 = 5.024 | Init Dist 100 = 5.766 | Init Dist 1000 = 6.000 | Learner Steps = 37433 | Learner Walltime = 7413.103 | Min Dist = 0.090 | Min Dist 10 = 0.049 | Min Dist 100 = 0.349 | Min Dist 1000 = 0.270 | Steps Per Second = 102.204 | Success = 1.000 | Success 1000 = 0.981
I0502 17:09:50.751641 139579566835264 terminal.py:91] [Evaluator] Actor Episodes = 48123 | Actor Steps = 2406150 | Delta Dist = 11.440 | Delta Dist 10 = 11.908 | Delta Dist 100 = 11.716 | Delta Dist 1000 = 11.488 | Episode Length = 50 | Episode Return = 8.0 | Evaluator Episodes = 12207 | Evaluator Steps = 610350 | Final Dist = 1.366 | Final Dist 10 = 0.898 | Final Dist 100 = 1.090 | Final Dist 1000 = 1.319 | Init Dist = 12.806 | Init Dist 10 = 12.806 | Init Dist 100 = 12.806 | Init Dist 1000 = 12.806 | Learner Steps = 37439 | Learner Walltime = 7414.276 | Min Dist = 0.059 | Min Dist 10 = 0.197 | Min Dist 100 = 0.377 | Min Dist 1000 = 0.678 | Steps Per Second = 104.112 | Success = 1.000 | Success 1000 = 0.877
I0502 17:09:51.827766 139579566835264 terminal.py:91] [Evaluator] Actor Episodes = 48129 | Actor Steps = 2406450 | Delta Dist = 12.311 | Delta Dist 10 = 11.795 | Delta Dist 100 = 11.692 | Delta Dist 1000 = 11.488 | Episode Length = 50 | Episode Return = 24.0 | Evaluator Episodes = 12209 | Evaluator Steps = 610450 | Final Dist = 0.495 | Final Dist 10 = 1.012 | Final Dist 100 = 1.114 | Final Dist 1000 = 1.318 | Init Dist = 12.806 | Init Dist 10 = 12.806 | Init Dist 100 = 12.806 | Init Dist 1000 = 12.806 | Learner Steps = 37445 | Learner Walltime = 7415.456 | Min Dist = 0.164 | Min Dist 10 = 0.222 | Min Dist 100 = 0.380 | Min Dist 1000 = 0.676 | Steps Per Second = 95.707 | Success = 1.000 | Success 1000 = 0.878
I0502 17:09:52.364634 139558059398720 terminal.py:91] [Actor] Actor Episodes = 48133 | Actor Steps = 2406650 | Delta Dist = 5.984 | Delta Dist 10 = 7.246 | Delta Dist 100 = 4.331 | Delta Dist 1000 = 4.441 | Episode Length = 50 | Episode Return = 30.0 | Evaluator Episodes = 12209 | Evaluator Steps = 610450 | Final Dist = 1.016 | Final Dist 10 = 1.063 | Final Dist 100 = 1.732 | Final Dist 1000 = 1.585 | Init Dist = 7.000 | Init Dist 10 = 8.310 | Init Dist 100 = 6.063 | Init Dist 1000 = 6.026 | Learner Steps = 37445 | Learner Walltime = 7415.456 | Min Dist = 0.021 | Min Dist 10 = 0.083 | Min Dist 100 = 0.350 | Min Dist 1000 = 0.270 | Steps Per Second = 77.103 | Success = 1.000 | Success 1000 = 0.981
I0502 17:09:52.986616 139579566835264 terminal.py:91] [Evaluator] Actor Episodes = 48135 | Actor Steps = 2406750 | Delta Dist = 11.697 | Delta Dist 10 = 11.903 | Delta Dist 100 = 11.702 | Delta Dist 1000 = 11.494 | Episode Length = 50 | Episode Return = 12.0 | Evaluator Episodes = 12211 | Evaluator Steps = 610550 | Final Dist = 1.109 | Final Dist 10 = 0.903 | Final Dist 100 = 1.105 | Final Dist 1000 = 1.312 | Init Dist = 12.806 | Init Dist 10 = 12.806 | Init Dist 100 = 12.806 | Init Dist 1000 = 12.806 | Learner Steps = 37451 | Learner Walltime = 7416.694 | Min Dist = 0.355 | Min Dist 10 = 0.187 | Min Dist 100 = 0.376 | Min Dist 1000 = 0.671 | Steps Per Second = 91.347 | Success = 1.000 | Success 1000 = 0.879
I0502 17:09:54.187587 139579566835264 terminal.py:91] [Evaluator] Actor Episodes = 48143 | Actor Steps = 2407150 | Delta Dist = 12.420 | Delta Dist 10 = 11.980 | Delta Dist 100 = 11.710 | Delta Dist 1000 = 11.498 | Episode Length = 50 | Episode Return = 20.0 | Evaluator Episodes = 12213 | Evaluator Steps = 610650 | Final Dist = 0.386 | Final Dist 10 = 0.827 | Final Dist 100 = 1.097 | Final Dist 1000 = 1.308 | Init Dist = 12.806 | Init Dist 10 = 12.806 | Init Dist 100 = 12.806 | Init Dist 1000 = 12.806 | Learner Steps = 37457 | Learner Walltime = 7417.875 | Min Dist = 0.253 | Min Dist 10 = 0.191 | Min Dist 100 = 0.378 | Min Dist 1000 = 0.667 | Steps Per Second = 77.006 | Success = 1.000 | Success 1000 = 0.880
I0502 17:09:54.215787 139557462840896 terminal.py:91] [Actor] Actor Episodes = 48145 | Actor Steps = 2407250 | Delta Dist = 4.002 | Delta Dist 10 = 3.896 | Delta Dist 100 = 4.397 | Delta Dist 1000 = 4.433 | Episode Length = 50 | Episode Return = 19.0 | Evaluator Episodes = 12213 | Evaluator Steps = 610650 | Final Dist = 0.121 | Final Dist 10 = 2.639 | Final Dist 100 = 1.812 | Final Dist 1000 = 1.595 | Init Dist = 4.123 | Init Dist 10 = 6.535 | Init Dist 100 = 6.208 | Init Dist 1000 = 6.028 | Learner Steps = 37457 | Learner Walltime = 7417.875 | Min Dist = 0.033 | Min Dist 10 = 1.420 | Min Dist 100 = 0.415 | Min Dist 1000 = 0.284 | Steps Per Second = 75.805 | Success = 1.000 | Success 1000 = 0.980
I0502 17:09:54.915001 139555860620864 terminal.py:91] [Actor] Actor Episodes = 48151 | Actor Steps = 2407550 | Delta Dist = 4.405 | Delta Dist 10 = 4.160 | Delta Dist 100 = 4.261 | Delta Dist 1000 = 4.425 | Episode Length = 50 | Episode Return = 40.0 | Evaluator Episodes = 12213 | Evaluator Steps = 610650 | Final Dist = 0.067 | Final Dist 10 = 2.925 | Final Dist 100 = 1.957 | Final Dist 1000 = 1.605 | Init Dist = 4.472 | Init Dist 10 = 7.085 | Init Dist 100 = 6.218 | Init Dist 1000 = 6.030 | Learner Steps = 37457 | Learner Walltime = 7417.875 | Min Dist = 0.067 | Min Dist 10 = 0.702 | Min Dist 100 = 0.418 | Min Dist 1000 = 0.284 | Steps Per Second = 83.240 | Success = 1.000 | Success 1000 = 0.980
I0502 17:09:55.312593 139579566835264 terminal.py:91] [Evaluator] Actor Episodes = 48151 | Actor Steps = 2407550 | Delta Dist = 12.047 | Delta Dist 10 = 12.023 | Delta Dist 100 = 11.719 | Delta Dist 1000 = 11.504 | Episode Length = 50 | Episode Return = 24.0 | Evaluator Episodes = 12215 | Evaluator Steps = 610750 | Final Dist = 0.759 | Final Dist 10 = 0.783 | Final Dist 100 = 1.088 | Final Dist 1000 = 1.302 | Init Dist = 12.806 | Init Dist 10 = 12.806 | Init Dist 100 = 12.806 | Init Dist 1000 = 12.806 | Learner Steps = 37464 | Learner Walltime = 7419.168 | Min Dist = 0.086 | Min Dist 10 = 0.184 | Min Dist 100 = 0.380 | Min Dist 1000 = 0.661 | Steps Per Second = 96.281 | Success = 1.000 | Success 1000 = 0.881
I0502 17:09:56.464978 139579566835264 terminal.py:91] [Evaluator] Actor Episodes = 48159 | Actor Steps = 2407950 | Delta Dist = 11.916 | Delta Dist 10 = 12.074 | Delta Dist 100 = 11.718 | Delta Dist 1000 = 11.505 | Episode Length = 50 | Episode Return = 13.0 | Evaluator Episodes = 12217 | Evaluator Steps = 610850 | Final Dist = 0.891 | Final Dist 10 = 0.733 | Final Dist 100 = 1.089 | Final Dist 1000 = 1.302 | Init Dist = 12.806 | Init Dist 10 = 12.806 | Init Dist 100 = 12.806 | Init Dist 1000 = 12.806 | Learner Steps = 37470 | Learner Walltime = 7420.313 | Min Dist = 0.655 | Min Dist 10 = 0.173 | Min Dist 100 = 0.369 | Min Dist 1000 = 0.661 | Steps Per Second = 94.427 | Success = 1.000 | Success 1000 = 0.881
I0502 17:09:57.659593 139579566835264 terminal.py:91] [Evaluator] Actor Episodes = 48167 | Actor Steps = 2408350 | Delta Dist = 11.894 | Delta Dist 10 = 12.221 | Delta Dist 100 = 11.719 | Delta Dist 1000 = 11.506 | Episode Length = 50 | Episode Return = 14.0 | Evaluator Episodes = 12219 | Evaluator Steps = 610950 | Final Dist = 0.912 | Final Dist 10 = 0.585 | Final Dist 100 = 1.087 | Final Dist 1000 = 1.300 | Init Dist = 12.806 | Init Dist 10 = 12.806 | Init Dist 100 = 12.806 | Init Dist 1000 = 12.806 | Learner Steps = 37476 | Learner Walltime = 7421.534 | Min Dist = 0.363 | Min Dist 10 = 0.208 | Min Dist 100 = 0.374 | Min Dist 1000 = 0.661 | Steps Per Second = 85.832 | Success = 1.000 | Success 1000 = 0.881
I0502 17:09:58.842825 139584504182336 lp_utils.py:96] StepsLimiter: Reached 2408750 recorded steps
I0502 17:09:58.971871 139579566835264 terminal.py:91] [Evaluator] Actor Episodes = 48175 | Actor Steps = 2408750 | Delta Dist = 11.418 | Delta Dist 10 = 12.176 | Delta Dist 100 = 11.731 | Delta Dist 1000 = 11.518 | Episode Length = 50 | Episode Return = 5.0 | Evaluator Episodes = 12221 | Evaluator Steps = 611050 | Final Dist = 1.388 | Final Dist 10 = 0.631 | Final Dist 100 = 1.076 | Final Dist 1000 = 1.288 | Init Dist = 12.806 | Init Dist 10 = 12.806 | Init Dist 100 = 12.806 | Init Dist 1000 = 12.806 | Learner Steps = 37483 | Learner Walltime = 7422.815 | Min Dist = 0.257 | Min Dist 10 = 0.222 | Min Dist 100 = 0.375 | Min Dist 1000 = 0.650 | Steps Per Second = 76.974 | Success = 1.000 | Success 1000 = 0.883
I0502 17:09:59.235749 139555013154368 terminal.py:91] [Learner] Actor Episodes = 48175 | Actor Loss = 3.7896907329559326 | Actor Steps = 2408750 | Binary Accuracy = 0.9960415363311768 | Categorical Accuracy = 0.432373046875 | Critic Loss = 1.7229220867156982 | Entropy Mean = -23.941570281982422 | Evaluator Episodes = 12219 | Evaluator Steps = 610950 | Learner Steps = 37485 | Learner Walltime = 7423.431 | Logits Neg = -17.681106567382812 | Logits Pos = -1.7383086681365967 | Logsumexp = 1.1345372200012207 | Steps Per Second = 148.089
I0502 17:09:59.971268 139569349502528 terminal.py:91] [Actor] Actor Episodes = 48180 | Actor Steps = 2409000 | Delta Dist = 1.117 | Delta Dist 10 = 5.127 | Delta Dist 100 = 4.732 | Delta Dist 1000 = 4.447 | Episode Length = 50 | Episode Return = 37.0 | Evaluator Episodes = 12221 | Evaluator Steps = 611050 | Final Dist = 0.298 | Final Dist 10 = 1.425 | Final Dist 100 = 1.764 | Final Dist 1000 = 1.591 | Init Dist = 1.414 | Init Dist 10 = 6.552 | Init Dist 100 = 6.496 | Init Dist 1000 = 6.038 | Learner Steps = 37483 | Learner Walltime = 7422.815 | Min Dist = 0.026 | Min Dist 10 = 0.408 | Min Dist 100 = 0.347 | Min Dist 1000 = 0.287 | Steps Per Second = 74.080 | Success = 1.000 | Success 1000 = 0.980
I0502 17:10:00.267208 139579566835264 terminal.py:91] [Evaluator] Actor Episodes = 48183 | Actor Steps = 2409150 | Delta Dist = 12.687 | Delta Dist 10 = 12.048 | Delta Dist 100 = 11.722 | Delta Dist 1000 = 11.518 | Episode Length = 50 | Episode Return = 26.0 | Evaluator Episodes = 12223 | Evaluator Steps = 611150 | Final Dist = 0.119 | Final Dist 10 = 0.759 | Final Dist 100 = 1.084 | Final Dist 1000 = 1.289 | Init Dist = 12.806 | Init Dist 10 = 12.806 | Init Dist 100 = 12.806 | Init Dist 1000 = 12.806 | Learner Steps = 37488 | Learner Walltime = 7424.051 | Min Dist = 0.092 | Min Dist 10 = 0.289 | Min Dist 100 = 0.385 | Min Dist 1000 = 0.651 | Steps Per Second = 74.707 | Success = 1.000 | Success 1000 = 0.883
I0502 17:10:01.464504 139579566835264 terminal.py:91] [Evaluator] Actor Episodes = 48191 | Actor Steps = 2409550 | Delta Dist = 11.889 | Delta Dist 10 = 12.016 | Delta Dist 100 = 11.735 | Delta Dist 1000 = 11.518 | Episode Length = 50 | Episode Return = 13.0 | Evaluator Episodes = 12225 | Evaluator Steps = 611250 | Final Dist = 0.918 | Final Dist 10 = 0.790 | Final Dist 100 = 1.071 | Final Dist 1000 = 1.288 | Init Dist = 12.806 | Init Dist 10 = 12.806 | Init Dist 100 = 12.806 | Init Dist 1000 = 12.806 | Learner Steps = 37494 | Learner Walltime = 7425.220 | Min Dist = 0.294 | Min Dist 10 = 0.287 | Min Dist 100 = 0.385 | Min Dist 1000 = 0.651 | Steps Per Second = 79.158 | Success = 1.000 | Success 1000 = 0.883
I0502 17:10:02.644402 139579566835264 terminal.py:91] [Evaluator] Actor Episodes = 48199 | Actor Steps = 2409950 | Delta Dist = 11.827 | Delta Dist 10 = 11.968 | Delta Dist 100 = 11.723 | Delta Dist 1000 = 11.524 | Episode Length = 50 | Episode Return = 18.0 | Evaluator Episodes = 12227 | Evaluator Steps = 611350 | Final Dist = 0.979 | Final Dist 10 = 0.838 | Final Dist 100 = 1.083 | Final Dist 1000 = 1.283 | Init Dist = 12.806 | Init Dist 10 = 12.806 | Init Dist 100 = 12.806 | Init Dist 1000 = 12.806 | Learner Steps = 37501 | Learner Walltime = 7426.509 | Min Dist = 0.193 | Min Dist 10 = 0.307 | Min Dist 100 = 0.386 | Min Dist 1000 = 0.646 | Steps Per Second = 85.691 | Success = 1.000 | Success 1000 = 0.884
I0502 17:10:02.795840 139558059398720 terminal.py:91] [Actor] Actor Episodes = 48198 | Actor Steps = 2409900 | Delta Dist = 7.240 | Delta Dist 10 = 4.791 | Delta Dist 100 = 4.854 | Delta Dist 1000 = 4.438 | Episode Length = 50 | Episode Return = 19.0 | Evaluator Episodes = 12225 | Evaluator Steps = 611250 | Final Dist = 0.040 | Final Dist 10 = 1.142 | Final Dist 100 = 1.577 | Final Dist 1000 = 1.586 | Init Dist = 7.280 | Init Dist 10 = 5.933 | Init Dist 100 = 6.431 | Init Dist 1000 = 6.024 | Learner Steps = 37494 | Learner Walltime = 7425.220 | Min Dist = 0.040 | Min Dist 10 = 0.087 | Min Dist 100 = 0.256 | Min Dist 1000 = 0.287 | Steps Per Second = 81.447 | Success = 1.000 | Success 1000 = 0.981
I0502 17:10:03.817394 139579566835264 terminal.py:91] [Evaluator] Actor Episodes = 48207 | Actor Steps = 2410350 | Delta Dist = 11.761 | Delta Dist 10 = 11.123 | Delta Dist 100 = 11.640 | Delta Dist 1000 = 11.514 | Episode Length = 50 | Episode Return = 17.0 | Evaluator Episodes = 12229 | Evaluator Steps = 611450 | Final Dist = 1.046 | Final Dist 10 = 1.684 | Final Dist 100 = 1.167 | Final Dist 1000 = 1.292 | Init Dist = 12.806 | Init Dist 10 = 12.806 | Init Dist 100 = 12.806 | Init Dist 1000 = 12.806 | Learner Steps = 37508 | Learner Walltime = 7427.773 | Min Dist = 0.012 | Min Dist 10 = 1.117 | Min Dist 100 = 0.473 | Min Dist 1000 = 0.655 | Steps Per Second = 85.007 | Success = 1.000 | Success 1000 = 0.883
I0502 17:10:04.710906 139557462840896 terminal.py:91] [Actor] Actor Episodes = 48210 | Actor Steps = 2410500 | Delta Dist = 10.295 | Delta Dist 10 = 3.900 | Delta Dist 100 = 4.931 | Delta Dist 1000 = 4.431 | Episode Length = 50 | Episode Return = 25.0 | Evaluator Episodes = 12229 | Evaluator Steps = 611450 | Final Dist = 0.335 | Final Dist 10 = 1.599 | Final Dist 100 = 1.563 | Final Dist 1000 = 1.585 | Init Dist = 10.630 | Init Dist 10 = 5.500 | Init Dist 100 = 6.494 | Init Dist 1000 = 6.016 | Learner Steps = 37508 | Learner Walltime = 7427.773 | Min Dist = 0.092 | Min Dist 10 = 0.248 | Min Dist 100 = 0.282 | Min Dist 1000 = 0.282 | Steps Per Second = 79.935 | Success = 1.000 | Success 1000 = 0.980
I0502 17:10:05.008277 139579566835264 terminal.py:91] [Evaluator] Actor Episodes = 48215 | Actor Steps = 2410750 | Delta Dist = 6.928 | Delta Dist 10 = 10.943 | Delta Dist 100 = 11.623 | Delta Dist 1000 = 11.520 | Episode Length = 50 | Episode Return = 0.0 | Evaluator Episodes = 12231 | Evaluator Steps = 611550 | Final Dist = 5.879 | Final Dist 10 = 1.863 | Final Dist 100 = 1.183 | Final Dist 1000 = 1.286 | Init Dist = 12.806 | Init Dist 10 = 12.806 | Init Dist 100 = 12.806 | Init Dist 1000 = 12.806 | Learner Steps = 37514 | Learner Walltime = 7428.907 | Min Dist = 5.187 | Min Dist 10 = 1.189 | Min Dist 100 = 0.482 | Min Dist 1000 = 0.650 | Steps Per Second = 83.308 | Success = 0.000 | Success 1000 = 0.883
I0502 17:10:05.382101 139555860620864 terminal.py:91] [Actor] Actor Episodes = 48216 | Actor Steps = 2410800 | Delta Dist = 2.615 | Delta Dist 10 = 4.258 | Delta Dist 100 = 4.802 | Delta Dist 1000 = 4.423 | Episode Length = 50 | Episode Return = 24.0 | Evaluator Episodes = 12229 | Evaluator Steps = 611450 | Final Dist = 0.213 | Final Dist 10 = 2.095 | Final Dist 100 = 1.633 | Final Dist 1000 = 1.596 | Init Dist = 2.828 | Init Dist 10 = 6.354 | Init Dist 100 = 6.435 | Init Dist 1000 = 6.019 | Learner Steps = 37514 | Learner Walltime = 7428.907 | Min Dist = 0.056 | Min Dist 10 = 0.215 | Min Dist 100 = 0.278 | Min Dist 1000 = 0.282 | Steps Per Second = 81.129 | Success = 1.000 | Success 1000 = 0.980
I0502 17:10:06.207869 139579566835264 terminal.py:91] [Evaluator] Actor Episodes = 48223 | Actor Steps = 2411150 | Delta Dist = 11.751 | Delta Dist 10 = 10.517 | Delta Dist 100 = 11.576 | Delta Dist 1000 = 11.515 | Episode Length = 50 | Episode Return = 14.0 | Evaluator Episodes = 12233 | Evaluator Steps = 611650 | Final Dist = 1.056 | Final Dist 10 = 2.289 | Final Dist 100 = 1.230 | Final Dist 1000 = 1.291 | Init Dist = 12.806 | Init Dist 10 = 12.806 | Init Dist 100 = 12.806 | Init Dist 1000 = 12.806 | Learner Steps = 37519 | Learner Walltime = 7430.141 | Min Dist = 0.311 | Min Dist 10 = 1.620 | Min Dist 100 = 0.530 | Min Dist 1000 = 0.655 | Steps Per Second = 82.978 | Success = 1.000 | Success 1000 = 0.882
I0502 17:10:07.556553 139579566835264 terminal.py:91] [Evaluator] Actor Episodes = 48231 | Actor Steps = 2411550 | Delta Dist = 12.067 | Delta Dist 10 = 10.395 | Delta Dist 100 = 11.565 | Delta Dist 1000 = 11.520 | Episode Length = 50 | Episode Return = 32.0 | Evaluator Episodes = 12235 | Evaluator Steps = 611750 | Final Dist = 0.739 | Final Dist 10 = 2.411 | Final Dist 100 = 1.241 | Final Dist 1000 = 1.286 | Init Dist = 12.806 | Init Dist 10 = 12.806 | Init Dist 100 = 12.806 | Init Dist 1000 = 12.806 | Learner Steps = 37526 | Learner Walltime = 7431.423 | Min Dist = 0.267 | Min Dist 10 = 1.653 | Min Dist 100 = 0.528 | Min Dist 1000 = 0.651 | Steps Per Second = 65.992 | Success = 1.000 | Success 1000 = 0.883
I0502 17:10:08.820950 139579566835264 terminal.py:91] [Evaluator] Actor Episodes = 48239 | Actor Steps = 2411950 | Delta Dist = 11.400 | Delta Dist 10 = 9.979 | Delta Dist 100 = 11.521 | Delta Dist 1000 = 11.515 | Episode Length = 50 | Episode Return = 23.0 | Evaluator Episodes = 12237 | Evaluator Steps = 611850 | Final Dist = 1.407 | Final Dist 10 = 2.827 | Final Dist 100 = 1.285 | Final Dist 1000 = 1.291 | Init Dist = 12.806 | Init Dist 10 = 12.806 | Init Dist 100 = 12.806 | Init Dist 1000 = 12.806 | Learner Steps = 37532 | Learner Walltime = 7432.450 | Min Dist = 0.039 | Min Dist 10 = 2.145 | Min Dist 100 = 0.574 | Min Dist 1000 = 0.655 | Steps Per Second = 82.552 | Success = 1.000 | Success 1000 = 0.882
I0502 17:10:08.861198 139584504182336 lp_utils.py:96] StepsLimiter: Reached 2411950 recorded steps
I0502 17:10:09.295539 139555013154368 terminal.py:91] [Learner] Actor Episodes = 48243 | Actor Loss = 3.601652145385742 | Actor Steps = 2412150 | Binary Accuracy = 0.9960765838623047 | Categorical Accuracy = 0.4215087890625 | Critic Loss = 1.7832446098327637 | Entropy Mean = -23.541385650634766 | Evaluator Episodes = 12237 | Evaluator Steps = 611850 | Learner Steps = 37536 | Learner Walltime = 7433.493 | Logits Neg = -16.86785888671875 | Logits Pos = -1.7448704242706299 | Logsumexp = 1.259610891342163 | Steps Per Second = 157.064
I0502 17:10:10.022663 139579566835264 terminal.py:91] [Evaluator] Actor Episodes = 48245 | Actor Steps = 2412250 | Delta Dist = 11.806 | Delta Dist 10 = 10.115 | Delta Dist 100 = 11.455 | Delta Dist 1000 = 11.509 | Episode Length = 50 | Episode Return = 5.0 | Evaluator Episodes = 12239 | Evaluator Steps = 611950 | Final Dist = 1.000 | Final Dist 10 = 2.691 | Final Dist 100 = 1.352 | Final Dist 1000 = 1.298 | Init Dist = 12.806 | Init Dist 10 = 12.806 | Init Dist 100 = 12.806 | Init Dist 1000 = 12.806 | Learner Steps = 37536 | Learner Walltime = 7433.493 | Min Dist = 0.632 | Min Dist 10 = 1.795 | Min Dist 100 = 0.622 | Min Dist 1000 = 0.660 | Steps Per Second = 80.089 | Success = 1.000 | Success 1000 = 0.881
I0502 17:10:10.388175 139569349502528 terminal.py:91] [Actor] Actor Episodes = 48249 | Actor Steps = 2412450 | Delta Dist = 7.323 | Delta Dist 10 = 4.459 | Delta Dist 100 = 4.574 | Delta Dist 1000 = 4.417 | Episode Length = 50 | Episode Return = 39.0 | Evaluator Episodes = 12239 | Evaluator Steps = 611950 | Final Dist = 0.488 | Final Dist 10 = 2.234 | Final Dist 100 = 1.550 | Final Dist 1000 = 1.612 | Init Dist = 7.810 | Init Dist 10 = 6.693 | Init Dist 100 = 6.124 | Init Dist 1000 = 6.029 | Learner Steps = 37536 | Learner Walltime = 7433.493 | Min Dist = 0.015 | Min Dist 10 = 0.120 | Min Dist 100 = 0.143 | Min Dist 1000 = 0.281 | Steps Per Second = 73.317 | Success = 1.000 | Success 1000 = 0.982
I0502 17:10:11.221913 139579566835264 terminal.py:91] [Evaluator] Actor Episodes = 48253 | Actor Steps = 2412650 | Delta Dist = 11.010 | Delta Dist 10 = 10.261 | Delta Dist 100 = 11.464 | Delta Dist 1000 = 11.509 | Episode Length = 50 | Episode Return = 1.0 | Evaluator Episodes = 12241 | Evaluator Steps = 612050 | Final Dist = 1.796 | Final Dist 10 = 2.545 | Final Dist 100 = 1.342 | Final Dist 1000 = 1.297 | Init Dist = 12.806 | Init Dist 10 = 12.806 | Init Dist 100 = 12.806 | Init Dist 1000 = 12.806 | Learner Steps = 37542 | Learner Walltime = 7434.714 | Min Dist = 0.664 | Min Dist 10 = 1.771 | Min Dist 100 = 0.628 | Min Dist 1000 = 0.660 | Steps Per Second = 84.420 | Success = 1.000 | Success 1000 = 0.881
I0502 17:10:12.385726 139579566835264 terminal.py:91] [Evaluator] Actor Episodes = 48261 | Actor Steps = 2413050 | Delta Dist = 11.555 | Delta Dist 10 = 10.187 | Delta Dist 100 = 11.413 | Delta Dist 1000 = 11.504 | Episode Length = 50 | Episode Return = 21.0 | Evaluator Episodes = 12243 | Evaluator Steps = 612150 | Final Dist = 1.252 | Final Dist 10 = 2.619 | Final Dist 100 = 1.393 | Final Dist 1000 = 1.302 | Init Dist = 12.806 | Init Dist 10 = 12.806 | Init Dist 100 = 12.806 | Init Dist 1000 = 12.806 | Learner Steps = 37548 | Learner Walltime = 7435.943 | Min Dist = 0.047 | Min Dist 10 = 1.824 | Min Dist 100 = 0.685 | Min Dist 1000 = 0.665 | Steps Per Second = 85.920 | Success = 1.000 | Success 1000 = 0.880
I0502 17:10:12.839052 139558059398720 terminal.py:91] [Actor] Actor Episodes = 48262 | Actor Steps = 2413100 | Delta Dist = 5.294 | Delta Dist 10 = 3.936 | Delta Dist 100 = 4.665 | Delta Dist 1000 = 4.421 | Episode Length = 50 | Episode Return = 24.0 | Evaluator Episodes = 12241 | Evaluator Steps = 612050 | Final Dist = 0.788 | Final Dist 10 = 2.573 | Final Dist 100 = 1.481 | Final Dist 1000 = 1.605 | Init Dist = 6.083 | Init Dist 10 = 6.510 | Init Dist 100 = 6.146 | Init Dist 1000 = 6.027 | Learner Steps = 37548 | Learner Walltime = 7435.943 | Min Dist = 0.028 | Min Dist 10 = 0.062 | Min Dist 100 = 0.151 | Min Dist 1000 = 0.278 | Steps Per Second = 80.712 | Success = 1.000 | Success 1000 = 0.982
I0502 17:10:13.596446 139579566835264 terminal.py:91] [Evaluator] Actor Episodes = 48269 | Actor Steps = 2413450 | Delta Dist = 12.747 | Delta Dist 10 = 10.255 | Delta Dist 100 = 11.419 | Delta Dist 1000 = 11.505 | Episode Length = 50 | Episode Return = 8.0 | Evaluator Episodes = 12245 | Evaluator Steps = 612250 | Final Dist = 0.060 | Final Dist 10 = 2.551 | Final Dist 100 = 1.387 | Final Dist 1000 = 1.302 | Init Dist = 12.806 | Init Dist 10 = 12.806 | Init Dist 100 = 12.806 | Init Dist 1000 = 12.806 | Learner Steps = 37554 | Learner Walltime = 7437.140 | Min Dist = 0.055 | Min Dist 10 = 1.764 | Min Dist 100 = 0.683 | Min Dist 1000 = 0.665 | Steps Per Second = 86.147 | Success = 1.000 | Success 1000 = 0.880
I0502 17:10:14.845411 139579566835264 terminal.py:91] [Evaluator] Actor Episodes = 48277 | Actor Steps = 2413850 | Delta Dist = 4.185 | Delta Dist 10 = 10.609 | Delta Dist 100 = 11.407 | Delta Dist 1000 = 11.503 | Episode Length = 50 | Episode Return = 0.0 | Evaluator Episodes = 12247 | Evaluator Steps = 612350 | Final Dist = 8.621 | Final Dist 10 = 2.197 | Final Dist 100 = 1.399 | Final Dist 1000 = 1.303 | Init Dist = 12.806 | Init Dist 10 = 12.806 | Init Dist 100 = 12.806 | Init Dist 1000 = 12.806 | Learner Steps = 37561 | Learner Walltime = 7438.534 | Min Dist = 8.610 | Min Dist 10 = 1.518 | Min Dist 100 = 0.710 | Min Dist 1000 = 0.667 | Steps Per Second = 83.622 | Success = 0.000 | Success 1000 = 0.879
I0502 17:10:14.854252 139557462840896 terminal.py:91] [Actor] Actor Episodes = 48276 | Actor Steps = 2413800 | Delta Dist = 4.579 | Delta Dist 10 = 4.616 | Delta Dist 100 = 4.566 | Delta Dist 1000 = 4.433 | Episode Length = 50 | Episode Return = 22.0 | Evaluator Episodes = 12245 | Evaluator Steps = 612250 | Final Dist = 1.252 | Final Dist 10 = 1.566 | Final Dist 100 = 1.499 | Final Dist 1000 = 1.614 | Init Dist = 5.831 | Init Dist 10 = 6.181 | Init Dist 100 = 6.065 | Init Dist 1000 = 6.047 | Learner Steps = 37554 | Learner Walltime = 7437.140 | Min Dist = 0.007 | Min Dist 10 = 0.077 | Min Dist 100 = 0.104 | Min Dist 1000 = 0.278 | Steps Per Second = 77.887 | Success = 1.000 | Success 1000 = 0.982
I0502 17:10:15.530665 139555860620864 terminal.py:91] [Actor] Actor Episodes = 48280 | Actor Steps = 2414000 | Delta Dist = -3.134 | Delta Dist 10 = 5.450 | Delta Dist 100 = 4.492 | Delta Dist 1000 = 4.437 | Episode Length = 50 | Episode Return = 0.0 | Evaluator Episodes = 12247 | Evaluator Steps = 612350 | Final Dist = 5.134 | Final Dist 10 = 1.571 | Final Dist 100 = 1.596 | Final Dist 1000 = 1.620 | Init Dist = 2.000 | Init Dist 10 = 7.021 | Init Dist 100 = 6.088 | Init Dist 1000 = 6.056 | Learner Steps = 37561 | Learner Walltime = 7438.534 | Min Dist = 0.120 | Min Dist 10 = 0.090 | Min Dist 100 = 0.107 | Min Dist 1000 = 0.278 | Steps Per Second = 81.774 | Success = 1.000 | Success 1000 = 0.982
I0502 17:10:16.065157 139579566835264 terminal.py:91] [Evaluator] Actor Episodes = 48285 | Actor Steps = 2414250 | Delta Dist = 12.286 | Delta Dist 10 = 9.983 | Delta Dist 100 = 11.295 | Delta Dist 1000 = 11.496 | Episode Length = 50 | Episode Return = 27.0 | Evaluator Episodes = 12249 | Evaluator Steps = 612450 | Final Dist = 0.520 | Final Dist 10 = 2.823 | Final Dist 100 = 1.511 | Final Dist 1000 = 1.310 | Init Dist = 12.806 | Init Dist 10 = 12.806 | Init Dist 100 = 12.806 | Init Dist 1000 = 12.806 | Learner Steps = 37567 | Learner Walltime = 7439.573 | Min Dist = 0.111 | Min Dist 10 = 2.325 | Min Dist 100 = 0.825 | Min Dist 1000 = 0.674 | Steps Per Second = 84.549 | Success = 1.000 | Success 1000 = 0.878
I0502 17:10:17.267043 139579566835264 terminal.py:91] [Evaluator] Actor Episodes = 48293 | Actor Steps = 2414650 | Delta Dist = 12.437 | Delta Dist 10 = 9.936 | Delta Dist 100 = 11.298 | Delta Dist 1000 = 11.496 | Episode Length = 50 | Episode Return = 20.0 | Evaluator Episodes = 12251 | Evaluator Steps = 612550 | Final Dist = 0.369 | Final Dist 10 = 2.870 | Final Dist 100 = 1.508 | Final Dist 1000 = 1.310 | Init Dist = 12.806 | Init Dist 10 = 12.806 | Init Dist 100 = 12.806 | Init Dist 1000 = 12.806 | Learner Steps = 37573 | Learner Walltime = 7440.819 | Min Dist = 0.124 | Min Dist 10 = 2.274 | Min Dist 100 = 0.826 | Min Dist 1000 = 0.673 | Steps Per Second = 80.742 | Success = 1.000 | Success 1000 = 0.879
I0502 17:10:18.529826 139579566835264 terminal.py:91] [Evaluator] Actor Episodes = 48301 | Actor Steps = 2415050 | Delta Dist = 11.366 | Delta Dist 10 = 10.468 | Delta Dist 100 = 11.296 | Delta Dist 1000 = 11.496 | Episode Length = 50 | Episode Return = 23.0 | Evaluator Episodes = 12253 | Evaluator Steps = 612650 | Final Dist = 1.440 | Final Dist 10 = 2.338 | Final Dist 100 = 1.511 | Final Dist 1000 = 1.311 | Init Dist = 12.806 | Init Dist 10 = 12.806 | Init Dist 100 = 12.806 | Init Dist 1000 = 12.806 | Learner Steps = 37579 | Learner Walltime = 7442.056 | Min Dist = 0.071 | Min Dist 10 = 1.796 | Min Dist 100 = 0.835 | Min Dist 1000 = 0.674 | Steps Per Second = 84.465 | Success = 1.000 | Success 1000 = 0.878
I0502 17:10:18.879467 139584504182336 lp_utils.py:96] StepsLimiter: Reached 2415150 recorded steps
I0502 17:10:19.421614 139555013154368 terminal.py:91] [Learner] Actor Episodes = 48307 | Actor Loss = 3.668531894683838 | Actor Steps = 2415350 | Binary Accuracy = 0.9960153102874756 | Categorical Accuracy = 0.416015625 | Critic Loss = 1.7775626182556152 | Entropy Mean = -24.525978088378906 | Evaluator Episodes = 12253 | Evaluator Steps = 612650 | Learner Steps = 37587 | Learner Walltime = 7443.621 | Logits Neg = -17.544864654541016 | Logits Pos = -1.7746111154556274 | Logsumexp = 1.1101717948913574 | Steps Per Second = 460.080
I0502 17:10:19.775319 139579566835264 terminal.py:91] [Evaluator] Actor Episodes = 48309 | Actor Steps = 2415450 | Delta Dist = 12.028 | Delta Dist 10 = 10.397 | Delta Dist 100 = 11.301 | Delta Dist 1000 = 11.495 | Episode Length = 50 | Episode Return = 29.0 | Evaluator Episodes = 12255 | Evaluator Steps = 612750 | Final Dist = 0.778 | Final Dist 10 = 2.409 | Final Dist 100 = 1.506 | Final Dist 1000 = 1.312 | Init Dist = 12.806 | Init Dist 10 = 12.806 | Init Dist 100 = 12.806 | Init Dist 1000 = 12.806 | Learner Steps = 37586 | Learner Walltime = 7443.482 | Min Dist = 0.286 | Min Dist 10 = 1.796 | Min Dist 100 = 0.816 | Min Dist 1000 = 0.673 | Steps Per Second = 80.193 | Success = 1.000 | Success 1000 = 0.878
I0502 17:10:20.829734 139569349502528 terminal.py:91] [Actor] Actor Episodes = 48314 | Actor Steps = 2415700 | Delta Dist = 6.364 | Delta Dist 10 = 4.466 | Delta Dist 100 = 4.342 | Delta Dist 1000 = 4.402 | Episode Length = 50 | Episode Return = 18.0 | Evaluator Episodes = 12255 | Evaluator Steps = 612750 | Final Dist = 0.040 | Final Dist 10 = 1.056 | Final Dist 100 = 1.500 | Final Dist 1000 = 1.635 | Init Dist = 6.403 | Init Dist 10 = 5.522 | Init Dist 100 = 5.841 | Init Dist 1000 = 6.037 | Learner Steps = 37586 | Learner Walltime = 7443.482 | Min Dist = 0.017 | Min Dist 10 = 0.109 | Min Dist 100 = 0.101 | Min Dist 1000 = 0.276 | Steps Per Second = 85.399 | Success = 1.000 | Success 1000 = 0.983
I0502 17:10:21.005338 139579566835264 terminal.py:91] [Evaluator] Actor Episodes = 48317 | Actor Steps = 2415850 | Delta Dist = 11.771 | Delta Dist 10 = 10.501 | Delta Dist 100 = 11.300 | Delta Dist 1000 = 11.494 | Episode Length = 50 | Episode Return = 20.0 | Evaluator Episodes = 12257 | Evaluator Steps = 612850 | Final Dist = 1.035 | Final Dist 10 = 2.305 | Final Dist 100 = 1.507 | Final Dist 1000 = 1.312 | Init Dist = 12.806 | Init Dist 10 = 12.806 | Init Dist 100 = 12.806 | Init Dist 1000 = 12.806 | Learner Steps = 37592 | Learner Walltime = 7444.559 | Min Dist = 0.246 | Min Dist 10 = 1.558 | Min Dist 100 = 0.817 | Min Dist 1000 = 0.673 | Steps Per Second = 82.028 | Success = 1.000 | Success 1000 = 0.878
I0502 17:10:22.184439 139579566835264 terminal.py:91] [Evaluator] Actor Episodes = 48325 | Actor Steps = 2416250 | Delta Dist = 12.539 | Delta Dist 10 = 11.278 | Delta Dist 100 = 11.261 | Delta Dist 1000 = 11.489 | Episode Length = 50 | Episode Return = 22.0 | Evaluator Episodes = 12259 | Evaluator Steps = 612950 | Final Dist = 0.267 | Final Dist 10 = 1.528 | Final Dist 100 = 1.545 | Final Dist 1000 = 1.317 | Init Dist = 12.806 | Init Dist 10 = 12.806 | Init Dist 100 = 12.806 | Init Dist 1000 = 12.806 | Learner Steps = 37598 | Learner Walltime = 7445.730 | Min Dist = 0.267 | Min Dist 10 = 0.736 | Min Dist 100 = 0.855 | Min Dist 1000 = 0.678 | Steps Per Second = 83.427 | Success = 1.000 | Success 1000 = 0.877
I0502 17:10:23.417157 139558059398720 terminal.py:91] [Actor] Actor Episodes = 48333 | Actor Steps = 2416650 | Delta Dist = 8.791 | Delta Dist 10 = 4.124 | Delta Dist 100 = 4.305 | Delta Dist 1000 = 4.395 | Episode Length = 50 | Episode Return = 14.0 | Evaluator Episodes = 12259 | Evaluator Steps = 612950 | Final Dist = 0.429 | Final Dist 10 = 1.746 | Final Dist 100 = 1.527 | Final Dist 1000 = 1.620 | Init Dist = 9.220 | Init Dist 10 = 5.870 | Init Dist 100 = 5.831 | Init Dist 1000 = 6.015 | Learner Steps = 37604 | Learner Walltime = 7447.275 | Min Dist = 0.048 | Min Dist 10 = 0.069 | Min Dist 100 = 0.104 | Min Dist 1000 = 0.276 | Steps Per Second = 74.449 | Success = 1.000 | Success 1000 = 0.983
I0502 17:10:23.430453 139579566835264 terminal.py:91] [Evaluator] Actor Episodes = 48333 | Actor Steps = 2416650 | Delta Dist = 11.740 | Delta Dist 10 = 11.306 | Delta Dist 100 = 11.262 | Delta Dist 1000 = 11.489 | Episode Length = 50 | Episode Return = 14.0 | Evaluator Episodes = 12261 | Evaluator Steps = 613050 | Final Dist = 1.066 | Final Dist 10 = 1.500 | Final Dist 100 = 1.544 | Final Dist 1000 = 1.317 | Init Dist = 12.806 | Init Dist 10 = 12.806 | Init Dist 100 = 12.806 | Init Dist 1000 = 12.806 | Learner Steps = 37604 | Learner Walltime = 7447.275 | Min Dist = 0.060 | Min Dist 10 = 0.774 | Min Dist 100 = 0.861 | Min Dist 1000 = 0.678 | Steps Per Second = 71.428 | Success = 1.000 | Success 1000 = 0.877
I0502 17:10:24.609145 139579566835264 terminal.py:91] [Evaluator] Actor Episodes = 48341 | Actor Steps = 2417050 | Delta Dist = 11.894 | Delta Dist 10 = 11.333 | Delta Dist 100 = 11.258 | Delta Dist 1000 = 11.490 | Episode Length = 50 | Episode Return = 15.0 | Evaluator Episodes = 12263 | Evaluator Steps = 613150 | Final Dist = 0.912 | Final Dist 10 = 1.473 | Final Dist 100 = 1.549 | Final Dist 1000 = 1.316 | Init Dist = 12.806 | Init Dist 10 = 12.806 | Init Dist 100 = 12.806 | Init Dist 1000 = 12.806 | Learner Steps = 37611 | Learner Walltime = 7448.371 | Min Dist = 0.440 | Min Dist 10 = 0.729 | Min Dist 100 = 0.861 | Min Dist 1000 = 0.678 | Steps Per Second = 89.588 | Success = 1.000 | Success 1000 = 0.877
I0502 17:10:24.923941 139557462840896 terminal.py:91] [Actor] Actor Episodes = 48340 | Actor Steps = 2417000 | Delta Dist = 6.942 | Delta Dist 10 = 5.483 | Delta Dist 100 = 4.375 | Delta Dist 1000 = 4.402 | Episode Length = 50 | Episode Return = 29.0 | Evaluator Episodes = 12261 | Evaluator Steps = 613050 | Final Dist = 0.129 | Final Dist 10 = 1.378 | Final Dist 100 = 1.453 | Final Dist 1000 = 1.621 | Init Dist = 7.071 | Init Dist 10 = 6.861 | Init Dist 100 = 5.828 | Init Dist 1000 = 6.023 | Learner Steps = 37611 | Learner Walltime = 7448.371 | Min Dist = 0.071 | Min Dist 10 = 0.065 | Min Dist 100 = 0.104 | Min Dist 1000 = 0.276 | Steps Per Second = 83.719 | Success = 1.000 | Success 1000 = 0.983
I0502 17:10:25.537111 139555860620864 terminal.py:91] [Actor] Actor Episodes = 48344 | Actor Steps = 2417200 | Delta Dist = 3.278 | Delta Dist 10 = 5.415 | Delta Dist 100 = 4.461 | Delta Dist 1000 = 4.412 | Episode Length = 50 | Episode Return = 39.0 | Evaluator Episodes = 12263 | Evaluator Steps = 613150 | Final Dist = 0.327 | Final Dist 10 = 0.583 | Final Dist 100 = 1.436 | Final Dist 1000 = 1.614 | Init Dist = 3.606 | Init Dist 10 = 5.999 | Init Dist 100 = 5.897 | Init Dist 1000 = 6.026 | Learner Steps = 37611 | Learner Walltime = 7448.371 | Min Dist = 0.327 | Min Dist 10 = 0.049 | Min Dist 100 = 0.100 | Min Dist 1000 = 0.276 | Steps Per Second = 85.619 | Success = 1.000 | Success 1000 = 0.983
I0502 17:10:25.718224 139579566835264 terminal.py:91] [Evaluator] Actor Episodes = 48347 | Actor Steps = 2417350 | Delta Dist = 11.697 | Delta Dist 10 = 11.252 | Delta Dist 100 = 11.240 | Delta Dist 1000 = 11.488 | Episode Length = 50 | Episode Return = 13.0 | Evaluator Episodes = 12265 | Evaluator Steps = 613250 | Final Dist = 1.109 | Final Dist 10 = 1.554 | Final Dist 100 = 1.566 | Final Dist 1000 = 1.318 | Init Dist = 12.806 | Init Dist 10 = 12.806 | Init Dist 100 = 12.806 | Init Dist 1000 = 12.806 | Learner Steps = 37617 | Learner Walltime = 7449.576 | Min Dist = 0.446 | Min Dist 10 = 0.998 | Min Dist 100 = 0.885 | Min Dist 1000 = 0.680 | Steps Per Second = 90.170 | Success = 1.000 | Success 1000 = 0.876
I0502 17:10:27.002444 139579566835264 terminal.py:91] [Evaluator] Actor Episodes = 48357 | Actor Steps = 2417850 | Delta Dist = 11.570 | Delta Dist 10 = 11.194 | Delta Dist 100 = 11.239 | Delta Dist 1000 = 11.487 | Episode Length = 50 | Episode Return = 20.0 | Evaluator Episodes = 12267 | Evaluator Steps = 613350 | Final Dist = 1.237 | Final Dist 10 = 1.612 | Final Dist 100 = 1.567 | Final Dist 1000 = 1.319 | Init Dist = 12.806 | Init Dist 10 = 12.806 | Init Dist 100 = 12.806 | Init Dist 1000 = 12.806 | Learner Steps = 37623 | Learner Walltime = 7450.744 | Min Dist = 0.241 | Min Dist 10 = 1.001 | Min Dist 100 = 0.875 | Min Dist 1000 = 0.680 | Steps Per Second = 76.958 | Success = 1.000 | Success 1000 = 0.876
I0502 17:10:28.254874 139579566835264 terminal.py:91] [Evaluator] Actor Episodes = 48363 | Actor Steps = 2418150 | Delta Dist = 11.445 | Delta Dist 10 = 11.663 | Delta Dist 100 = 11.231 | Delta Dist 1000 = 11.486 | Episode Length = 50 | Episode Return = 27.0 | Evaluator Episodes = 12269 | Evaluator Steps = 613450 | Final Dist = 1.361 | Final Dist 10 = 1.143 | Final Dist 100 = 1.575 | Final Dist 1000 = 1.320 | Init Dist = 12.806 | Init Dist 10 = 12.806 | Init Dist 100 = 12.806 | Init Dist 1000 = 12.806 | Learner Steps = 37628 | Learner Walltime = 7451.799 | Min Dist = 0.073 | Min Dist 10 = 0.503 | Min Dist 100 = 0.876 | Min Dist 1000 = 0.680 | Steps Per Second = 85.226 | Success = 1.000 | Success 1000 = 0.876
I0502 17:10:28.559420 139584635659840 savers.py:156] Saving checkpoint: logs/contrastive_cpc_point_FourRooms_64/5dd72662-2788-11f0-b183-d85ed38c5779/checkpoints/counter
I0502 17:10:28.897332 139584504182336 lp_utils.py:96] StepsLimiter: Reached 2418350 recorded steps
I0502 17:10:29.423869 139579566835264 terminal.py:91] [Evaluator] Actor Episodes = 48371 | Actor Steps = 2418550 | Delta Dist = 10.869 | Delta Dist 10 = 11.649 | Delta Dist 100 = 11.238 | Delta Dist 1000 = 11.485 | Episode Length = 50 | Episode Return = 0.0 | Evaluator Episodes = 12271 | Evaluator Steps = 613550 | Final Dist = 1.937 | Final Dist 10 = 1.157 | Final Dist 100 = 1.568 | Final Dist 1000 = 1.321 | Init Dist = 12.806 | Init Dist 10 = 12.806 | Init Dist 100 = 12.806 | Init Dist 1000 = 12.806 | Learner Steps = 37635 | Learner Walltime = 7453.181 | Min Dist = 1.232 | Min Dist 10 = 0.447 | Min Dist 100 = 0.874 | Min Dist 1000 = 0.680 | Steps Per Second = 85.336 | Success = 0.000 | Success 1000 = 0.876
I0502 17:10:29.435960 139555013154368 terminal.py:91] [Learner] Actor Episodes = 48369 | Actor Loss = 3.7192654609680176 | Actor Steps = 2418450 | Binary Accuracy = 0.9960110187530518 | Categorical Accuracy = 0.422119140625 | Critic Loss = 1.7628123760223389 | Entropy Mean = -23.863521575927734 | Evaluator Episodes = 12269 | Evaluator Steps = 613450 | Learner Steps = 37637 | Learner Walltime = 7453.634 | Logits Neg = -17.465377807617188 | Logits Pos = -1.7424265146255493 | Logsumexp = 1.110365390777588 | Steps Per Second = 165.974
I0502 17:10:30.721812 139579566835264 terminal.py:91] [Evaluator] Actor Episodes = 48379 | Actor Steps = 2418950 | Delta Dist = 11.815 | Delta Dist 10 = 11.033 | Delta Dist 100 = 11.188 | Delta Dist 1000 = 11.479 | Episode Length = 50 | Episode Return = 18.0 | Evaluator Episodes = 12273 | Evaluator Steps = 613650 | Final Dist = 0.992 | Final Dist 10 = 1.774 | Final Dist 100 = 1.619 | Final Dist 1000 = 1.327 | Init Dist = 12.806 | Init Dist 10 = 12.806 | Init Dist 100 = 12.806 | Init Dist 1000 = 12.806 | Learner Steps = 37640 | Learner Walltime = 7454.244 | Min Dist = 0.187 | Min Dist 10 = 0.996 | Min Dist 100 = 0.934 | Min Dist 1000 = 0.686 | Steps Per Second = 76.988 | Success = 1.000 | Success 1000 = 0.874
I0502 17:10:30.889074 139569349502528 terminal.py:91] [Actor] Actor Episodes = 48380 | Actor Steps = 2419000 | Delta Dist = 7.899 | Delta Dist 10 = 5.572 | Delta Dist 100 = 4.713 | Delta Dist 1000 = 4.449 | Episode Length = 50 | Episode Return = 29.0 | Evaluator Episodes = 12271 | Evaluator Steps = 613550 | Final Dist = 0.163 | Final Dist 10 = 0.674 | Final Dist 100 = 1.182 | Final Dist 1000 = 1.593 | Init Dist = 8.062 | Init Dist 10 = 6.246 | Init Dist 100 = 5.894 | Init Dist 1000 = 6.042 | Learner Steps = 37640 | Learner Walltime = 7454.244 | Min Dist = 0.079 | Min Dist 10 = 0.079 | Min Dist 100 = 0.099 | Min Dist 1000 = 0.262 | Steps Per Second = 82.934 | Success = 1.000 | Success 1000 = 0.983
I0502 17:10:31.952742 139579566835264 terminal.py:91] [Evaluator] Actor Episodes = 48389 | Actor Steps = 2419450 | Delta Dist = 6.163 | Delta Dist 10 = 11.114 | Delta Dist 100 = 11.244 | Delta Dist 1000 = 11.478 | Episode Length = 50 | Episode Return = 0.0 | Evaluator Episodes = 12275 | Evaluator Steps = 613750 | Final Dist = 6.643 | Final Dist 10 = 1.692 | Final Dist 100 = 1.562 | Final Dist 1000 = 1.328 | Init Dist = 12.806 | Init Dist 10 = 12.806 | Init Dist 100 = 12.806 | Init Dist 1000 = 12.806 | Learner Steps = 37646 | Learner Walltime = 7455.260 | Min Dist = 5.285 | Min Dist 10 = 0.849 | Min Dist 100 = 0.892 | Min Dist 1000 = 0.687 | Steps Per Second = 81.897 | Success = 0.000 | Success 1000 = 0.873
I0502 17:10:33.150203 139579566835264 terminal.py:91] [Evaluator] Actor Episodes = 48397 | Actor Steps = 2419850 | Delta Dist = 11.454 | Delta Dist 10 = 10.578 | Delta Dist 100 = 11.234 | Delta Dist 1000 = 11.472 | Episode Length = 50 | Episode Return = 21.0 | Evaluator Episodes = 12277 | Evaluator Steps = 613850 | Final Dist = 1.352 | Final Dist 10 = 2.228 | Final Dist 100 = 1.572 | Final Dist 1000 = 1.334 | Init Dist = 12.806 | Init Dist 10 = 12.806 | Init Dist 100 = 12.806 | Init Dist 1000 = 12.806 | Learner Steps = 37651 | Learner Walltime = 7456.359 | Min Dist = 0.122 | Min Dist 10 = 1.357 | Min Dist 100 = 0.890 | Min Dist 1000 = 0.691 | Steps Per Second = 88.093 | Success = 1.000 | Success 1000 = 0.872
I0502 17:10:33.692445 139558059398720 terminal.py:91] [Actor] Actor Episodes = 48398 | Actor Steps = 2419900 | Delta Dist = 4.375 | Delta Dist 10 = 3.562 | Delta Dist 100 = 4.615 | Delta Dist 1000 = 4.444 | Episode Length = 50 | Episode Return = 19.0 | Evaluator Episodes = 12275 | Evaluator Steps = 613750 | Final Dist = 1.010 | Final Dist 10 = 2.708 | Final Dist 100 = 1.373 | Final Dist 1000 = 1.609 | Init Dist = 5.385 | Init Dist 10 = 6.269 | Init Dist 100 = 5.988 | Init Dist 1000 = 6.052 | Learner Steps = 37651 | Learner Walltime = 7456.359 | Min Dist = 0.113 | Min Dist 10 = 0.090 | Min Dist 100 = 0.088 | Min Dist 1000 = 0.258 | Steps Per Second = 81.076 | Success = 1.000 | Success 1000 = 0.985
I0502 17:10:34.199766 139579566835264 terminal.py:91] [Evaluator] Actor Episodes = 48403 | Actor Steps = 2420150 | Delta Dist = 11.397 | Delta Dist 10 = 10.518 | Delta Dist 100 = 11.222 | Delta Dist 1000 = 11.472 | Episode Length = 50 | Episode Return = 10.0 | Evaluator Episodes = 12279 | Evaluator Steps = 613950 | Final Dist = 1.409 | Final Dist 10 = 2.288 | Final Dist 100 = 1.584 | Final Dist 1000 = 1.334 | Init Dist = 12.806 | Init Dist 10 = 12.806 | Init Dist 100 = 12.806 | Init Dist 1000 = 12.806 | Learner Steps = 37656 | Learner Walltime = 7457.390 | Min Dist = 0.411 | Min Dist 10 = 1.358 | Min Dist 100 = 0.890 | Min Dist 1000 = 0.691 | Steps Per Second = 95.747 | Success = 1.000 | Success 1000 = 0.872
I0502 17:10:35.118787 139557462840896 terminal.py:91] [Actor] Actor Episodes = 48411 | Actor Steps = 2420550 | Delta Dist = 9.345 | Delta Dist 10 = 4.370 | Delta Dist 100 = 4.628 | Delta Dist 1000 = 4.436 | Episode Length = 50 | Episode Return = 22.0 | Evaluator Episodes = 12279 | Evaluator Steps = 613950 | Final Dist = 0.142 | Final Dist 10 = 0.847 | Final Dist 100 = 1.351 | Final Dist 1000 = 1.599 | Init Dist = 9.487 | Init Dist 10 = 5.217 | Init Dist 100 = 5.979 | Init Dist 1000 = 6.035 | Learner Steps = 37663 | Learner Walltime = 7458.589 | Min Dist = 0.020 | Min Dist 10 = 0.061 | Min Dist 100 = 0.088 | Min Dist 1000 = 0.258 | Steps Per Second = 89.430 | Success = 1.000 | Success 1000 = 0.986
I0502 17:10:35.344516 139579566835264 terminal.py:91] [Evaluator] Actor Episodes = 48411 | Actor Steps = 2420550 | Delta Dist = 12.312 | Delta Dist 10 = 10.451 | Delta Dist 100 = 11.213 | Delta Dist 1000 = 11.470 | Episode Length = 50 | Episode Return = 16.0 | Evaluator Episodes = 12281 | Evaluator Steps = 614050 | Final Dist = 0.494 | Final Dist 10 = 2.356 | Final Dist 100 = 1.594 | Final Dist 1000 = 1.336 | Init Dist = 12.806 | Init Dist 10 = 12.806 | Init Dist 100 = 12.806 | Init Dist 1000 = 12.806 | Learner Steps = 37663 | Learner Walltime = 7458.589 | Min Dist = 0.042 | Min Dist 10 = 1.394 | Min Dist 100 = 0.884 | Min Dist 1000 = 0.692 | Steps Per Second = 86.228 | Success = 1.000 | Success 1000 = 0.872
I0502 17:10:36.179567 139555860620864 terminal.py:91] [Actor] Actor Episodes = 48415 | Actor Steps = 2420750 | Delta Dist = 6.985 | Delta Dist 10 = 4.516 | Delta Dist 100 = 4.671 | Delta Dist 1000 = 4.432 | Episode Length = 50 | Episode Return = 48.0 | Evaluator Episodes = 12281 | Evaluator Steps = 614050 | Final Dist = 0.086 | Final Dist 10 = 0.647 | Final Dist 100 = 1.337 | Final Dist 1000 = 1.585 | Init Dist = 7.071 | Init Dist 10 = 5.163 | Init Dist 100 = 6.008 | Init Dist 1000 = 6.017 | Learner Steps = 37668 | Learner Walltime = 7459.805 | Min Dist = 0.086 | Min Dist 10 = 0.055 | Min Dist 100 = 0.083 | Min Dist 1000 = 0.258 | Steps Per Second = 76.769 | Success = 1.000 | Success 1000 = 0.987
I0502 17:10:36.574405 139579566835264 terminal.py:91] [Evaluator] Actor Episodes = 48419 | Actor Steps = 2420950 | Delta Dist = 11.994 | Delta Dist 10 = 11.114 | Delta Dist 100 = 11.221 | Delta Dist 1000 = 11.470 | Episode Length = 50 | Episode Return = 25.0 | Evaluator Episodes = 12283 | Evaluator Steps = 614150 | Final Dist = 0.812 | Final Dist 10 = 1.692 | Final Dist 100 = 1.585 | Final Dist 1000 = 1.336 | Init Dist = 12.806 | Init Dist 10 = 12.806 | Init Dist 100 = 12.806 | Init Dist 1000 = 12.806 | Learner Steps = 37668 | Learner Walltime = 7459.805 | Min Dist = 0.010 | Min Dist 10 = 0.826 | Min Dist 100 = 0.887 | Min Dist 1000 = 0.692 | Steps Per Second = 90.955 | Success = 1.000 | Success 1000 = 0.872
I0502 17:10:37.801664 139579566835264 terminal.py:91] [Evaluator] Actor Episodes = 48427 | Actor Steps = 2421350 | Delta Dist = 11.474 | Delta Dist 10 = 11.200 | Delta Dist 100 = 11.230 | Delta Dist 1000 = 11.476 | Episode Length = 50 | Episode Return = 11.0 | Evaluator Episodes = 12285 | Evaluator Steps = 614250 | Final Dist = 1.332 | Final Dist 10 = 1.606 | Final Dist 100 = 1.576 | Final Dist 1000 = 1.331 | Init Dist = 12.806 | Init Dist 10 = 12.806 | Init Dist 100 = 12.806 | Init Dist 1000 = 12.806 | Learner Steps = 37674 | Learner Walltime = 7460.930 | Min Dist = 0.712 | Min Dist 10 = 0.722 | Min Dist 100 = 0.884 | Min Dist 1000 = 0.686 | Steps Per Second = 81.244 | Success = 1.000 | Success 1000 = 0.873
I0502 17:10:38.913669 139584504182336 lp_utils.py:96] StepsLimiter: Reached 2421750 recorded steps
I0502 17:10:38.978645 139579566835264 terminal.py:91] [Evaluator] Actor Episodes = 48435 | Actor Steps = 2421750 | Delta Dist = 11.976 | Delta Dist 10 = 11.736 | Delta Dist 100 = 11.231 | Delta Dist 1000 = 11.475 | Episode Length = 50 | Episode Return = 32.0 | Evaluator Episodes = 12287 | Evaluator Steps = 614350 | Final Dist = 0.830 | Final Dist 10 = 1.070 | Final Dist 100 = 1.575 | Final Dist 1000 = 1.331 | Init Dist = 12.806 | Init Dist 10 = 12.806 | Init Dist 100 = 12.806 | Init Dist 1000 = 12.806 | Learner Steps = 37681 | Learner Walltime = 7462.176 | Min Dist = 0.490 | Min Dist 10 = 0.274 | Min Dist 100 = 0.894 | Min Dist 1000 = 0.686 | Steps Per Second = 80.325 | Success = 1.000 | Success 1000 = 0.873
I0502 17:10:39.473703 139555013154368 terminal.py:91] [Learner] Actor Episodes = 48435 | Actor Loss = 3.668826103210449 | Actor Steps = 2421750 | Binary Accuracy = 0.9960827827453613 | Categorical Accuracy = 0.43609619140625 | Critic Loss = 1.7244362831115723 | Entropy Mean = -23.196895599365234 | Evaluator Episodes = 12287 | Evaluator Steps = 614350 | Learner Steps = 37689 | Learner Walltime = 7463.668 | Logits Neg = -17.499099731445312 | Logits Pos = -1.7049815654754639 | Logsumexp = 1.0413622856140137 | Steps Per Second = 648.890
I0502 17:10:40.185979 139579566835264 terminal.py:91] [Evaluator] Actor Episodes = 48443 | Actor Steps = 2422150 | Delta Dist = 12.400 | Delta Dist 10 = 11.797 | Delta Dist 100 = 11.235 | Delta Dist 1000 = 11.476 | Episode Length = 50 | Episode Return = 31.0 | Evaluator Episodes = 12289 | Evaluator Steps = 614450 | Final Dist = 0.406 | Final Dist 10 = 1.009 | Final Dist 100 = 1.571 | Final Dist 1000 = 1.330 | Init Dist = 12.806 | Init Dist 10 = 12.806 | Init Dist 100 = 12.806 | Init Dist 1000 = 12.806 | Learner Steps = 37692 | Learner Walltime = 7464.226 | Min Dist = 0.088 | Min Dist 10 = 0.324 | Min Dist 100 = 0.891 | Min Dist 1000 = 0.686 | Steps Per Second = 75.768 | Success = 1.000 | Success 1000 = 0.873
I0502 17:10:40.497914 139583350109760 savers.py:156] Saving checkpoint: logs/contrastive_cpc_point_FourRooms_64/5dd72662-2788-11f0-b183-d85ed38c5779/checkpoints/learner
I0502 17:10:41.119900 139569349502528 terminal.py:91] [Actor] Actor Episodes = 48447 | Actor Steps = 2422350 | Delta Dist = 1.105 | Delta Dist 10 = 4.836 | Delta Dist 100 = 4.544 | Delta Dist 1000 = 4.424 | Episode Length = 50 | Episode Return = 35.0 | Evaluator Episodes = 12289 | Evaluator Steps = 614450 | Final Dist = 7.497 | Final Dist 10 = 1.567 | Final Dist 100 = 1.373 | Final Dist 1000 = 1.568 | Init Dist = 8.602 | Init Dist 10 = 6.403 | Init Dist 100 = 5.917 | Init Dist 1000 = 5.993 | Learner Steps = 37692 | Learner Walltime = 7464.226 | Min Dist = 0.008 | Min Dist 10 = 0.072 | Min Dist 100 = 0.178 | Min Dist 1000 = 0.267 | Steps Per Second = 69.602 | Success = 1.000 | Success 1000 = 0.986
I0502 17:10:41.525782 139579566835264 terminal.py:91] [Evaluator] Actor Episodes = 48451 | Actor Steps = 2422550 | Delta Dist = 12.033 | Delta Dist 10 = 11.918 | Delta Dist 100 = 11.244 | Delta Dist 1000 = 11.477 | Episode Length = 50 | Episode Return = 13.0 | Evaluator Episodes = 12291 | Evaluator Steps = 614550 | Final Dist = 0.773 | Final Dist 10 = 0.888 | Final Dist 100 = 1.563 | Final Dist 1000 = 1.329 | Init Dist = 12.806 | Init Dist 10 = 12.806 | Init Dist 100 = 12.806 | Init Dist 1000 = 12.806 | Learner Steps = 37697 | Learner Walltime = 7465.366 | Min Dist = 0.067 | Min Dist 10 = 0.336 | Min Dist 100 = 0.886 | Min Dist 1000 = 0.686 | Steps Per Second = 81.598 | Success = 1.000 | Success 1000 = 0.873
I0502 17:10:42.713569 139579566835264 terminal.py:91] [Evaluator] Actor Episodes = 48459 | Actor Steps = 2422950 | Delta Dist = 12.357 | Delta Dist 10 = 11.978 | Delta Dist 100 = 11.265 | Delta Dist 1000 = 11.479 | Episode Length = 50 | Episode Return = 32.0 | Evaluator Episodes = 12293 | Evaluator Steps = 614650 | Final Dist = 0.449 | Final Dist 10 = 0.829 | Final Dist 100 = 1.542 | Final Dist 1000 = 1.327 | Init Dist = 12.806 | Init Dist 10 = 12.806 | Init Dist 100 = 12.806 | Init Dist 1000 = 12.806 | Learner Steps = 37702 | Learner Walltime = 7466.402 | Min Dist = 0.094 | Min Dist 10 = 0.308 | Min Dist 100 = 0.874 | Min Dist 1000 = 0.686 | Steps Per Second = 94.701 | Success = 1.000 | Success 1000 = 0.873
I0502 17:10:44.266753 139579566835264 terminal.py:91] [Evaluator] Actor Episodes = 48467 | Actor Steps = 2423350 | Delta Dist = 12.304 | Delta Dist 10 = 12.001 | Delta Dist 100 = 11.273 | Delta Dist 1000 = 11.480 | Episode Length = 50 | Episode Return = 36.0 | Evaluator Episodes = 12295 | Evaluator Steps = 614750 | Final Dist = 0.502 | Final Dist 10 = 0.806 | Final Dist 100 = 1.534 | Final Dist 1000 = 1.326 | Init Dist = 12.806 | Init Dist 10 = 12.806 | Init Dist 100 = 12.806 | Init Dist 1000 = 12.806 | Learner Steps = 37708 | Learner Walltime = 7467.469 | Min Dist = 0.466 | Min Dist 10 = 0.326 | Min Dist 100 = 0.878 | Min Dist 1000 = 0.685 | Steps Per Second = 50.689 | Success = 1.000 | Success 1000 = 0.874
I0502 17:10:44.605833 139558059398720 terminal.py:91] [Actor] Actor Episodes = 48470 | Actor Steps = 2423500 | Delta Dist = 2.456 | Delta Dist 10 = 6.010 | Delta Dist 100 = 4.471 | Delta Dist 1000 = 4.456 | Episode Length = 50 | Episode Return = 35.0 | Evaluator Episodes = 12295 | Evaluator Steps = 614750 | Final Dist = 2.017 | Final Dist 10 = 1.280 | Final Dist 100 = 1.469 | Final Dist 1000 = 1.558 | Init Dist = 4.472 | Init Dist 10 = 7.290 | Init Dist 100 = 5.941 | Init Dist 1000 = 6.014 | Learner Steps = 37708 | Learner Walltime = 7467.469 | Min Dist = 0.098 | Min Dist 10 = 0.076 | Min Dist 100 = 0.215 | Min Dist 1000 = 0.261 | Steps Per Second = 49.144 | Success = 1.000 | Success 1000 = 0.986
I0502 17:10:45.354170 139557462840896 terminal.py:91] [Actor] Actor Episodes = 48474 | Actor Steps = 2423700 | Delta Dist = 1.972 | Delta Dist 10 = 4.619 | Delta Dist 100 = 4.446 | Delta Dist 1000 = 4.453 | Episode Length = 50 | Episode Return = 22.0 | Evaluator Episodes = 12295 | Evaluator Steps = 614750 | Final Dist = 0.856 | Final Dist 10 = 2.602 | Final Dist 100 = 1.617 | Final Dist 1000 = 1.566 | Init Dist = 2.828 | Init Dist 10 = 7.221 | Init Dist 100 = 6.064 | Init Dist 1000 = 6.020 | Learner Steps = 37712 | Learner Walltime = 7468.843 | Min Dist = 0.202 | Min Dist 10 = 0.197 | Min Dist 100 = 0.225 | Min Dist 1000 = 0.262 | Steps Per Second = 76.105 | Success = 1.000 | Success 1000 = 0.985
I0502 17:10:45.502485 139579566835264 terminal.py:91] [Evaluator] Actor Episodes = 48474 | Actor Steps = 2423700 | Delta Dist = 12.693 | Delta Dist 10 = 12.126 | Delta Dist 100 = 11.267 | Delta Dist 1000 = 11.481 | Episode Length = 50 | Episode Return = 29.0 | Evaluator Episodes = 12297 | Evaluator Steps = 614850 | Final Dist = 0.114 | Final Dist 10 = 0.680 | Final Dist 100 = 1.539 | Final Dist 1000 = 1.325 | Init Dist = 12.806 | Init Dist 10 = 12.806 | Init Dist 100 = 12.806 | Init Dist 1000 = 12.806 | Learner Steps = 37712 | Learner Walltime = 7468.843 | Min Dist = 0.018 | Min Dist 10 = 0.287 | Min Dist 100 = 0.882 | Min Dist 1000 = 0.685 | Steps Per Second = 76.588 | Success = 1.000 | Success 1000 = 0.874
I0502 17:10:46.520176 139555860620864 terminal.py:91] [Actor] Actor Episodes = 48480 | Actor Steps = 2424000 | Delta Dist = 8.210 | Delta Dist 10 = 5.062 | Delta Dist 100 = 4.383 | Delta Dist 1000 = 4.448 | Episode Length = 50 | Episode Return = 39.0 | Evaluator Episodes = 12297 | Evaluator Steps = 614850 | Final Dist = 0.393 | Final Dist 10 = 1.278 | Final Dist 100 = 1.627 | Final Dist 1000 = 1.565 | Init Dist = 8.602 | Init Dist 10 = 6.340 | Init Dist 100 = 6.009 | Init Dist 1000 = 6.013 | Learner Steps = 37719 | Learner Walltime = 7470.107 | Min Dist = 0.036 | Min Dist 10 = 0.079 | Min Dist 100 = 0.224 | Min Dist 1000 = 0.262 | Steps Per Second = 86.082 | Success = 1.000 | Success 1000 = 0.985
I0502 17:10:46.699802 139579566835264 terminal.py:91] [Evaluator] Actor Episodes = 48482 | Actor Steps = 2424100 | Delta Dist = 4.020 | Delta Dist 10 = 12.233 | Delta Dist 100 = 11.273 | Delta Dist 1000 = 11.482 | Episode Length = 50 | Episode Return = 0.0 | Evaluator Episodes = 12299 | Evaluator Steps = 614950 | Final Dist = 8.786 | Final Dist 10 = 0.573 | Final Dist 100 = 1.534 | Final Dist 1000 = 1.324 | Init Dist = 12.806 | Init Dist 10 = 12.806 | Init Dist 100 = 12.806 | Init Dist 1000 = 12.806 | Learner Steps = 37719 | Learner Walltime = 7470.107 | Min Dist = 8.764 | Min Dist 10 = 0.270 | Min Dist 100 = 0.886 | Min Dist 1000 = 0.684 | Steps Per Second = 85.553 | Success = 0.000 | Success 1000 = 0.874
I0502 17:10:47.898162 139579566835264 terminal.py:91] [Evaluator] Actor Episodes = 48490 | Actor Steps = 2424500 | Delta Dist = 7.186 | Delta Dist 10 = 11.443 | Delta Dist 100 = 11.199 | Delta Dist 1000 = 11.475 | Episode Length = 50 | Episode Return = 0.0 | Evaluator Episodes = 12301 | Evaluator Steps = 615050 | Final Dist = 5.620 | Final Dist 10 = 1.363 | Final Dist 100 = 1.608 | Final Dist 1000 = 1.331 | Init Dist = 12.806 | Init Dist 10 = 12.806 | Init Dist 100 = 12.806 | Init Dist 1000 = 12.806 | Learner Steps = 37726 | Learner Walltime = 7471.419 | Min Dist = 4.733 | Min Dist 10 = 1.089 | Min Dist 100 = 0.968 | Min Dist 1000 = 0.691 | Steps Per Second = 83.531 | Success = 0.000 | Success 1000 = 0.874
I0502 17:10:48.989722 139584504182336 lp_utils.py:96] StepsLimiter: Reached 2424700 recorded steps
I0502 17:10:49.158406 139579566835264 terminal.py:91] [Evaluator] Actor Episodes = 48498 | Actor Steps = 2424900 | Delta Dist = 11.757 | Delta Dist 10 = 10.099 | Delta Dist 100 = 11.076 | Delta Dist 1000 = 11.463 | Episode Length = 50 | Episode Return = 23.0 | Evaluator Episodes = 12303 | Evaluator Steps = 615150 | Final Dist = 1.049 | Final Dist 10 = 2.707 | Final Dist 100 = 1.731 | Final Dist 1000 = 1.343 | Init Dist = 12.806 | Init Dist 10 = 12.806 | Init Dist 100 = 12.806 | Init Dist 1000 = 12.806 | Learner Steps = 37731 | Learner Walltime = 7472.548 | Min Dist = 0.330 | Min Dist 10 = 2.415 | Min Dist 100 = 1.099 | Min Dist 1000 = 0.703 | Steps Per Second = 80.072 | Success = 1.000 | Success 1000 = 0.872
I0502 17:10:49.567317 139555013154368 terminal.py:91] [Learner] Actor Episodes = 48500 | Actor Loss = 3.7607781887054443 | Actor Steps = 2425000 | Binary Accuracy = 0.9960720539093018 | Categorical Accuracy = 0.42529296875 | Critic Loss = 1.7636724710464478 | Entropy Mean = -23.49313735961914 | Evaluator Episodes = 12303 | Evaluator Steps = 615150 | Learner Steps = 37737 | Learner Walltime = 7473.761 | Logits Neg = -17.62006950378418 | Logits Pos = -1.7599258422851562 | Logsumexp = 1.0498313903808594 | Steps Per Second = 155.926
I0502 17:10:50.438249 139579566835264 terminal.py:91] [Evaluator] Actor Episodes = 48506 | Actor Steps = 2425300 | Delta Dist = 12.636 | Delta Dist 10 = 10.004 | Delta Dist 100 = 11.066 | Delta Dist 1000 = 11.463 | Episode Length = 50 | Episode Return = 30.0 | Evaluator Episodes = 12305 | Evaluator Steps = 615250 | Final Dist = 0.170 | Final Dist 10 = 2.802 | Final Dist 100 = 1.740 | Final Dist 1000 = 1.343 | Init Dist = 12.806 | Init Dist 10 = 12.806 | Init Dist 100 = 12.806 | Init Dist 1000 = 12.806 | Learner Steps = 37737 | Learner Walltime = 7473.761 | Min Dist = 0.132 | Min Dist 10 = 2.433 | Min Dist 100 = 1.101 | Min Dist 1000 = 0.704 | Steps Per Second = 77.581 | Success = 1.000 | Success 1000 = 0.872
I0502 17:10:51.369048 139569349502528 terminal.py:91] [Actor] Actor Episodes = 48509 | Actor Steps = 2425450 | Delta Dist = 8.183 | Delta Dist 10 = 4.659 | Delta Dist 100 = 4.410 | Delta Dist 1000 = 4.448 | Episode Length = 50 | Episode Return = 2.0 | Evaluator Episodes = 12305 | Evaluator Steps = 615250 | Final Dist = 1.037 | Final Dist 10 = 0.636 | Final Dist 100 = 1.485 | Final Dist 1000 = 1.568 | Init Dist = 9.220 | Init Dist 10 = 5.295 | Init Dist 100 = 5.895 | Init Dist 1000 = 6.016 | Learner Steps = 37737 | Learner Walltime = 7473.761 | Min Dist = 0.007 | Min Dist 10 = 0.067 | Min Dist 100 = 0.221 | Min Dist 1000 = 0.260 | Steps Per Second = 76.555 | Success = 1.000 | Success 1000 = 0.985
I0502 17:10:51.646427 139579566835264 terminal.py:91] [Evaluator] Actor Episodes = 48512 | Actor Steps = 2425600 | Delta Dist = 12.134 | Delta Dist 10 = 10.021 | Delta Dist 100 = 11.079 | Delta Dist 1000 = 11.464 | Episode Length = 50 | Episode Return = 15.0 | Evaluator Episodes = 12307 | Evaluator Steps = 615350 | Final Dist = 0.673 | Final Dist 10 = 2.785 | Final Dist 100 = 1.728 | Final Dist 1000 = 1.342 | Init Dist = 12.806 | Init Dist 10 = 12.806 | Init Dist 100 = 12.806 | Init Dist 1000 = 12.806 | Learner Steps = 37743 | Learner Walltime = 7474.997 | Min Dist = 0.519 | Min Dist 10 = 2.397 | Min Dist 100 = 1.102 | Min Dist 1000 = 0.703 | Steps Per Second = 82.587 | Success = 1.000 | Success 1000 = 0.873
I0502 17:10:52.739203 139579566835264 terminal.py:91] [Evaluator] Actor Episodes = 48520 | Actor Steps = 2426000 | Delta Dist = 12.350 | Delta Dist 10 = 9.923 | Delta Dist 100 = 11.085 | Delta Dist 1000 = 11.464 | Episode Length = 50 | Episode Return = 6.0 | Evaluator Episodes = 12309 | Evaluator Steps = 615450 | Final Dist = 0.456 | Final Dist 10 = 2.883 | Final Dist 100 = 1.721 | Final Dist 1000 = 1.342 | Init Dist = 12.806 | Init Dist 10 = 12.806 | Init Dist 100 = 12.806 | Init Dist 1000 = 12.806 | Learner Steps = 37749 | Learner Walltime = 7476.005 | Min Dist = 0.315 | Min Dist 10 = 2.439 | Min Dist 100 = 1.107 | Min Dist 1000 = 0.703 | Steps Per Second = 84.177 | Success = 1.000 | Success 1000 = 0.873
I0502 17:10:53.933394 139579566835264 terminal.py:91] [Evaluator] Actor Episodes = 48526 | Actor Steps = 2426300 | Delta Dist = 12.246 | Delta Dist 10 = 10.756 | Delta Dist 100 = 11.084 | Delta Dist 1000 = 11.464 | Episode Length = 50 | Episode Return = 15.0 | Evaluator Episodes = 12311 | Evaluator Steps = 615550 | Final Dist = 0.560 | Final Dist 10 = 2.050 | Final Dist 100 = 1.722 | Final Dist 1000 = 1.343 | Init Dist = 12.806 | Init Dist 10 = 12.806 | Init Dist 100 = 12.806 | Init Dist 1000 = 12.806 | Learner Steps = 37754 | Learner Walltime = 7477.082 | Min Dist = 0.292 | Min Dist 10 = 1.612 | Min Dist 100 = 1.111 | Min Dist 1000 = 0.704 | Steps Per Second = 83.040 | Success = 1.000 | Success 1000 = 0.873
I0502 17:10:54.653086 139558059398720 terminal.py:91] [Actor] Actor Episodes = 48534 | Actor Steps = 2426700 | Delta Dist = 6.052 | Delta Dist 10 = 4.680 | Delta Dist 100 = 4.643 | Delta Dist 1000 = 4.474 | Episode Length = 50 | Episode Return = 43.0 | Evaluator Episodes = 12311 | Evaluator Steps = 615550 | Final Dist = 0.352 | Final Dist 10 = 1.944 | Final Dist 100 = 1.662 | Final Dist 1000 = 1.574 | Init Dist = 6.403 | Init Dist 10 = 6.624 | Init Dist 100 = 6.305 | Init Dist 1000 = 6.048 | Learner Steps = 37760 | Learner Walltime = 7478.245 | Min Dist = 0.137 | Min Dist 10 = 0.236 | Min Dist 100 = 0.161 | Min Dist 1000 = 0.255 | Steps Per Second = 81.943 | Success = 1.000 | Success 1000 = 0.985
I0502 17:10:55.199116 139579566835264 terminal.py:91] [Evaluator] Actor Episodes = 48534 | Actor Steps = 2426700 | Delta Dist = 11.510 | Delta Dist 10 = 11.967 | Delta Dist 100 = 11.074 | Delta Dist 1000 = 11.464 | Episode Length = 50 | Episode Return = 15.0 | Evaluator Episodes = 12313 | Evaluator Steps = 615650 | Final Dist = 1.296 | Final Dist 10 = 0.839 | Final Dist 100 = 1.732 | Final Dist 1000 = 1.342 | Init Dist = 12.806 | Init Dist 10 = 12.806 | Init Dist 100 = 12.806 | Init Dist 1000 = 12.806 | Learner Steps = 37765 | Learner Walltime = 7479.367 | Min Dist = 0.138 | Min Dist 10 = 0.313 | Min Dist 100 = 1.112 | Min Dist 1000 = 0.704 | Steps Per Second = 83.698 | Success = 1.000 | Success 1000 = 0.873
I0502 17:10:55.794187 139557462840896 terminal.py:91] [Actor] Actor Episodes = 48539 | Actor Steps = 2426950 | Delta Dist = -2.310 | Delta Dist 10 = 3.781 | Delta Dist 100 = 4.755 | Delta Dist 1000 = 4.470 | Episode Length = 50 | Episode Return = 0.0 | Evaluator Episodes = 12313 | Evaluator Steps = 615650 | Final Dist = 9.926 | Final Dist 10 = 1.724 | Final Dist 100 = 1.757 | Final Dist 1000 = 1.586 | Init Dist = 7.616 | Init Dist 10 = 5.505 | Init Dist 100 = 6.512 | Init Dist 1000 = 6.056 | Learner Steps = 37765 | Learner Walltime = 7479.367 | Min Dist = 0.026 | Min Dist 10 = 0.122 | Min Dist 100 = 0.157 | Min Dist 1000 = 0.256 | Steps Per Second = 105.112 | Success = 1.000 | Success 1000 = 0.985
I0502 17:10:56.406325 139579566835264 terminal.py:91] [Evaluator] Actor Episodes = 48542 | Actor Steps = 2427100 | Delta Dist = 11.473 | Delta Dist 10 = 11.956 | Delta Dist 100 = 11.059 | Delta Dist 1000 = 11.464 | Episode Length = 50 | Episode Return = 10.0 | Evaluator Episodes = 12315 | Evaluator Steps = 615750 | Final Dist = 1.333 | Final Dist 10 = 0.850 | Final Dist 100 = 1.747 | Final Dist 1000 = 1.342 | Init Dist = 12.806 | Init Dist 10 = 12.806 | Init Dist 100 = 12.806 | Init Dist 1000 = 12.806 | Learner Steps = 37765 | Learner Walltime = 7479.367 | Min Dist = 0.092 | Min Dist 10 = 0.275 | Min Dist 100 = 1.110 | Min Dist 1000 = 0.704 | Steps Per Second = 86.490 | Success = 1.000 | Success 1000 = 0.873
I0502 17:10:56.523863 139555860620864 terminal.py:91] [Actor] Actor Episodes = 48546 | Actor Steps = 2427300 | Delta Dist = 10.455 | Delta Dist 10 = 4.132 | Delta Dist 100 = 4.694 | Delta Dist 1000 = 4.464 | Episode Length = 50 | Episode Return = 39.0 | Evaluator Episodes = 12315 | Evaluator Steps = 615750 | Final Dist = 0.315 | Final Dist 10 = 2.851 | Final Dist 100 = 1.781 | Final Dist 1000 = 1.595 | Init Dist = 10.770 | Init Dist 10 = 6.983 | Init Dist 100 = 6.475 | Init Dist 1000 = 6.059 | Learner Steps = 37772 | Learner Walltime = 7480.684 | Min Dist = 0.203 | Min Dist 10 = 0.112 | Min Dist 100 = 0.157 | Min Dist 1000 = 0.253 | Steps Per Second = 73.919 | Success = 1.000 | Success 1000 = 0.985
I0502 17:10:57.551753 139579566835264 terminal.py:91] [Evaluator] Actor Episodes = 48550 | Actor Steps = 2427500 | Delta Dist = 12.541 | Delta Dist 10 = 11.902 | Delta Dist 100 = 11.062 | Delta Dist 1000 = 11.464 | Episode Length = 50 | Episode Return = 17.0 | Evaluator Episodes = 12317 | Evaluator Steps = 615850 | Final Dist = 0.266 | Final Dist 10 = 0.904 | Final Dist 100 = 1.745 | Final Dist 1000 = 1.342 | Init Dist = 12.806 | Init Dist 10 = 12.806 | Init Dist 100 = 12.806 | Init Dist 1000 = 12.806 | Learner Steps = 37772 | Learner Walltime = 7480.684 | Min Dist = 0.265 | Min Dist 10 = 0.265 | Min Dist 100 = 1.111 | Min Dist 1000 = 0.704 | Steps Per Second = 96.912 | Success = 1.000 | Success 1000 = 0.873
I0502 17:10:58.726701 139579566835264 terminal.py:91] [Evaluator] Actor Episodes = 48558 | Actor Steps = 2427900 | Delta Dist = 11.783 | Delta Dist 10 = 12.013 | Delta Dist 100 = 11.065 | Delta Dist 1000 = 11.465 | Episode Length = 50 | Episode Return = 11.0 | Evaluator Episodes = 12319 | Evaluator Steps = 615950 | Final Dist = 1.023 | Final Dist 10 = 0.793 | Final Dist 100 = 1.742 | Final Dist 1000 = 1.341 | Init Dist = 12.806 | Init Dist 10 = 12.806 | Init Dist 100 = 12.806 | Init Dist 1000 = 12.806 | Learner Steps = 37778 | Learner Walltime = 7481.881 | Min Dist = 0.056 | Min Dist 10 = 0.190 | Min Dist 100 = 1.106 | Min Dist 1000 = 0.704 | Steps Per Second = 83.362 | Success = 1.000 | Success 1000 = 0.873
I0502 17:10:59.006502 139584504182336 lp_utils.py:96] StepsLimiter: Reached 2428100 recorded steps
I0502 17:10:59.597710 139555013154368 terminal.py:91] [Learner] Actor Episodes = 48560 | Actor Loss = 3.747852325439453 | Actor Steps = 2428000 | Binary Accuracy = 0.9960556030273438 | Categorical Accuracy = 0.42340087890625 | Critic Loss = 1.7696223258972168 | Entropy Mean = -22.810047149658203 | Evaluator Episodes = 12319 | Evaluator Steps = 615950 | Learner Steps = 37789 | Learner Walltime = 7483.795 | Logits Neg = -17.533138275146484 | Logits Pos = -1.7479405403137207 | Logsumexp = 1.0770846605300903 | Steps Per Second = 966.249
I0502 17:10:59.989536 139579566835264 terminal.py:91] [Evaluator] Actor Episodes = 48566 | Actor Steps = 2428300 | Delta Dist = 12.438 | Delta Dist 10 = 11.798 | Delta Dist 100 = 11.046 | Delta Dist 1000 = 11.464 | Episode Length = 50 | Episode Return = 24.0 | Evaluator Episodes = 12321 | Evaluator Steps = 616050 | Final Dist = 0.368 | Final Dist 10 = 1.008 | Final Dist 100 = 1.760 | Final Dist 1000 = 1.342 | Init Dist = 12.806 | Init Dist 10 = 12.806 | Init Dist 100 = 12.806 | Init Dist 1000 = 12.806 | Learner Steps = 37784 | Learner Walltime = 7483.043 | Min Dist = 0.038 | Min Dist 10 = 0.246 | Min Dist 100 = 1.113 | Min Dist 1000 = 0.704 | Steps Per Second = 79.677 | Success = 1.000 | Success 1000 = 0.872
I0502 17:11:01.114093 139579566835264 terminal.py:91] [Evaluator] Actor Episodes = 48574 | Actor Steps = 2428700 | Delta Dist = 12.608 | Delta Dist 10 = 11.323 | Delta Dist 100 = 11.002 | Delta Dist 1000 = 11.459 | Episode Length = 50 | Episode Return = 30.0 | Evaluator Episodes = 12323 | Evaluator Steps = 616150 | Final Dist = 0.199 | Final Dist 10 = 1.483 | Final Dist 100 = 1.804 | Final Dist 1000 = 1.347 | Init Dist = 12.806 | Init Dist 10 = 12.806 | Init Dist 100 = 12.806 | Init Dist 1000 = 12.806 | Learner Steps = 37790 | Learner Walltime = 7484.313 | Min Dist = 0.189 | Min Dist 10 = 0.747 | Min Dist 100 = 1.157 | Min Dist 1000 = 0.709 | Steps Per Second = 86.626 | Success = 1.000 | Success 1000 = 0.871
I0502 17:11:01.803850 139569349502528 terminal.py:91] [Actor] Actor Episodes = 48581 | Actor Steps = 2429050 | Delta Dist = 8.591 | Delta Dist 10 = 5.171 | Delta Dist 100 = 4.056 | Delta Dist 1000 = 4.464 | Episode Length = 50 | Episode Return = 42.0 | Evaluator Episodes = 12323 | Evaluator Steps = 616150 | Final Dist = 0.843 | Final Dist 10 = 0.311 | Final Dist 100 = 2.180 | Final Dist 1000 = 1.611 | Init Dist = 9.434 | Init Dist 10 = 5.481 | Init Dist 100 = 6.236 | Init Dist 1000 = 6.075 | Learner Steps = 37797 | Learner Walltime = 7485.336 | Min Dist = 0.037 | Min Dist 10 = 0.089 | Min Dist 100 = 0.252 | Min Dist 1000 = 0.240 | Steps Per Second = 83.694 | Success = 1.000 | Success 1000 = 0.986
I0502 17:11:02.222215 139579566835264 terminal.py:91] [Evaluator] Actor Episodes = 48583 | Actor Steps = 2429150 | Delta Dist = 11.459 | Delta Dist 10 = 11.436 | Delta Dist 100 = 11.001 | Delta Dist 1000 = 11.460 | Episode Length = 50 | Episode Return = 1.0 | Evaluator Episodes = 12325 | Evaluator Steps = 616250 | Final Dist = 1.347 | Final Dist 10 = 1.371 | Final Dist 100 = 1.805 | Final Dist 1000 = 1.346 | Init Dist = 12.806 | Init Dist 10 = 12.806 | Init Dist 100 = 12.806 | Init Dist 1000 = 12.806 | Learner Steps = 37797 | Learner Walltime = 7485.336 | Min Dist = 0.651 | Min Dist 10 = 0.773 | Min Dist 100 = 1.159 | Min Dist 1000 = 0.708 | Steps Per Second = 95.436 | Success = 1.000 | Success 1000 = 0.871
I0502 17:11:03.474943 139579566835264 terminal.py:91] [Evaluator] Actor Episodes = 48591 | Actor Steps = 2429550 | Delta Dist = 10.619 | Delta Dist 10 = 11.434 | Delta Dist 100 = 11.008 | Delta Dist 1000 = 11.459 | Episode Length = 50 | Episode Return = 0.0 | Evaluator Episodes = 12327 | Evaluator Steps = 616350 | Final Dist = 2.188 | Final Dist 10 = 1.373 | Final Dist 100 = 1.798 | Final Dist 1000 = 1.347 | Init Dist = 12.806 | Init Dist 10 = 12.806 | Init Dist 100 = 12.806 | Init Dist 1000 = 12.806 | Learner Steps = 37804 | Learner Walltime = 7486.766 | Min Dist = 1.223 | Min Dist 10 = 0.821 | Min Dist 100 = 1.162 | Min Dist 1000 = 0.709 | Steps Per Second = 83.915 | Success = 0.000 | Success 1000 = 0.871
I0502 17:11:04.659623 139579566835264 terminal.py:91] [Evaluator] Actor Episodes = 48599 | Actor Steps = 2429950 | Delta Dist = 6.033 | Delta Dist 10 = 11.184 | Delta Dist 100 = 11.071 | Delta Dist 1000 = 11.462 | Episode Length = 50 | Episode Return = 0.0 | Evaluator Episodes = 12329 | Evaluator Steps = 616450 | Final Dist = 6.774 | Final Dist 10 = 1.623 | Final Dist 100 = 1.735 | Final Dist 1000 = 1.344 | Init Dist = 12.806 | Init Dist 10 = 12.806 | Init Dist 100 = 12.806 | Init Dist 1000 = 12.806 | Learner Steps = 37810 | Learner Walltime = 7487.815 | Min Dist = 5.149 | Min Dist 10 = 0.954 | Min Dist 100 = 1.089 | Min Dist 1000 = 0.705 | Steps Per Second = 80.523 | Success = 0.000 | Success 1000 = 0.871
I0502 17:11:05.039626 139558059398720 terminal.py:91] [Actor] Actor Episodes = 48600 | Actor Steps = 2430000 | Delta Dist = 5.671 | Delta Dist 10 = 3.196 | Delta Dist 100 = 3.968 | Delta Dist 1000 = 4.451 | Episode Length = 50 | Episode Return = 25.0 | Evaluator Episodes = 12327 | Evaluator Steps = 616350 | Final Dist = 0.329 | Final Dist 10 = 1.393 | Final Dist 100 = 2.259 | Final Dist 1000 = 1.615 | Init Dist = 6.000 | Init Dist 10 = 4.589 | Init Dist 100 = 6.228 | Init Dist 1000 = 6.066 | Learner Steps = 37810 | Learner Walltime = 7487.815 | Min Dist = 0.074 | Min Dist 10 = 0.138 | Min Dist 100 = 0.259 | Min Dist 1000 = 0.226 | Steps Per Second = 79.358 | Success = 1.000 | Success 1000 = 0.987
I0502 17:11:05.900478 139579566835264 terminal.py:91] [Evaluator] Actor Episodes = 48607 | Actor Steps = 2430350 | Delta Dist = 5.966 | Delta Dist 10 = 10.789 | Delta Dist 100 = 11.031 | Delta Dist 1000 = 11.457 | Episode Length = 50 | Episode Return = 0.0 | Evaluator Episodes = 12331 | Evaluator Steps = 616550 | Final Dist = 6.840 | Final Dist 10 = 2.017 | Final Dist 100 = 1.775 | Final Dist 1000 = 1.349 | Init Dist = 12.806 | Init Dist 10 = 12.806 | Init Dist 100 = 12.806 | Init Dist 1000 = 12.806 | Learner Steps = 37816 | Learner Walltime = 7489.040 | Min Dist = 5.321 | Min Dist 10 = 1.356 | Min Dist 100 = 1.130 | Min Dist 1000 = 0.710 | Steps Per Second = 85.283 | Success = 0.000 | Success 1000 = 0.870
I0502 17:11:05.958487 139557462840896 terminal.py:91] [Actor] Actor Episodes = 48604 | Actor Steps = 2430200 | Delta Dist = 1.986 | Delta Dist 10 = 3.266 | Delta Dist 100 = 3.879 | Delta Dist 1000 = 4.431 | Episode Length = 50 | Episode Return = 46.0 | Evaluator Episodes = 12329 | Evaluator Steps = 616450 | Final Dist = 0.014 | Final Dist 10 = 2.252 | Final Dist 100 = 2.417 | Final Dist 1000 = 1.630 | Init Dist = 2.000 | Init Dist 10 = 5.519 | Init Dist 100 = 6.296 | Init Dist 1000 = 6.061 | Learner Steps = 37816 | Learner Walltime = 7489.040 | Min Dist = 0.004 | Min Dist 10 = 0.081 | Min Dist 100 = 0.259 | Min Dist 1000 = 0.226 | Steps Per Second = 83.636 | Success = 1.000 | Success 1000 = 0.987
I0502 17:11:06.767614 139555860620864 terminal.py:91] [Actor] Actor Episodes = 48610 | Actor Steps = 2430500 | Delta Dist = 7.656 | Delta Dist 10 = 4.508 | Delta Dist 100 = 3.950 | Delta Dist 1000 = 4.442 | Episode Length = 50 | Episode Return = 44.0 | Evaluator Episodes = 12331 | Evaluator Steps = 616550 | Final Dist = 0.590 | Final Dist 10 = 1.146 | Final Dist 100 = 2.259 | Final Dist 1000 = 1.614 | Init Dist = 8.246 | Init Dist 10 = 5.689 | Init Dist 100 = 6.216 | Init Dist 1000 = 6.049 | Learner Steps = 37822 | Learner Walltime = 7490.249 | Min Dist = 0.590 | Min Dist 10 = 0.102 | Min Dist 100 = 0.261 | Min Dist 1000 = 0.226 | Steps Per Second = 76.373 | Success = 1.000 | Success 1000 = 0.987
I0502 17:11:07.088822 139579566835264 terminal.py:91] [Evaluator] Actor Episodes = 48615 | Actor Steps = 2430750 | Delta Dist = 12.397 | Delta Dist 10 = 10.760 | Delta Dist 100 = 11.026 | Delta Dist 1000 = 11.451 | Episode Length = 50 | Episode Return = 17.0 | Evaluator Episodes = 12333 | Evaluator Steps = 616650 | Final Dist = 0.409 | Final Dist 10 = 2.046 | Final Dist 100 = 1.780 | Final Dist 1000 = 1.355 | Init Dist = 12.806 | Init Dist 10 = 12.806 | Init Dist 100 = 12.806 | Init Dist 1000 = 12.806 | Learner Steps = 37822 | Learner Walltime = 7490.249 | Min Dist = 0.369 | Min Dist 10 = 1.370 | Min Dist 100 = 1.132 | Min Dist 1000 = 0.715 | Steps Per Second = 88.497 | Success = 1.000 | Success 1000 = 0.869
I0502 17:11:08.318303 139579566835264 terminal.py:91] [Evaluator] Actor Episodes = 48623 | Actor Steps = 2431150 | Delta Dist = 11.947 | Delta Dist 10 = 10.794 | Delta Dist 100 = 11.041 | Delta Dist 1000 = 11.452 | Episode Length = 50 | Episode Return = 5.0 | Evaluator Episodes = 12335 | Evaluator Steps = 616750 | Final Dist = 0.859 | Final Dist 10 = 2.013 | Final Dist 100 = 1.765 | Final Dist 1000 = 1.355 | Init Dist = 12.806 | Init Dist 10 = 12.806 | Init Dist 100 = 12.806 | Init Dist 1000 = 12.806 | Learner Steps = 37828 | Learner Walltime = 7491.522 | Min Dist = 0.763 | Min Dist 10 = 1.360 | Min Dist 100 = 1.130 | Min Dist 1000 = 0.715 | Steps Per Second = 82.658 | Success = 1.000 | Success 1000 = 0.869
I0502 17:11:09.022713 139584504182336 lp_utils.py:96] StepsLimiter: Reached 2431350 recorded steps
I0502 17:11:09.550030 139579566835264 terminal.py:91] [Evaluator] Actor Episodes = 48631 | Actor Steps = 2431550 | Delta Dist = 12.086 | Delta Dist 10 = 10.795 | Delta Dist 100 = 11.090 | Delta Dist 1000 = 11.452 | Episode Length = 50 | Episode Return = 29.0 | Evaluator Episodes = 12337 | Evaluator Steps = 616850 | Final Dist = 0.720 | Final Dist 10 = 2.012 | Final Dist 100 = 1.717 | Final Dist 1000 = 1.354 | Init Dist = 12.806 | Init Dist 10 = 12.806 | Init Dist 100 = 12.806 | Init Dist 1000 = 12.806 | Learner Steps = 37834 | Learner Walltime = 7492.702 | Min Dist = 0.052 | Min Dist 10 = 1.381 | Min Dist 100 = 1.086 | Min Dist 1000 = 0.715 | Steps Per Second = 79.856 | Success = 1.000 | Success 1000 = 0.869
I0502 17:11:09.695296 139555013154368 terminal.py:91] [Learner] Actor Episodes = 48631 | Actor Loss = 3.66715145111084 | Actor Steps = 2431550 | Binary Accuracy = 0.9959945678710938 | Categorical Accuracy = 0.4208984375 | Critic Loss = 1.772580862045288 | Entropy Mean = -23.7357177734375 | Evaluator Episodes = 12337 | Evaluator Steps = 616850 | Learner Steps = 37840 | Learner Walltime = 7493.885 | Logits Neg = -17.58015251159668 | Logits Pos = -1.766575574874878 | Logsumexp = 1.1408958435058594 | Steps Per Second = 192.775
I0502 17:11:10.838571 139579566835264 terminal.py:91] [Evaluator] Actor Episodes = 48639 | Actor Steps = 2431950 | Delta Dist = 12.166 | Delta Dist 10 = 11.029 | Delta Dist 100 = 11.162 | Delta Dist 1000 = 11.461 | Episode Length = 50 | Episode Return = 6.0 | Evaluator Episodes = 12339 | Evaluator Steps = 616950 | Final Dist = 0.640 | Final Dist 10 = 1.777 | Final Dist 100 = 1.644 | Final Dist 1000 = 1.345 | Init Dist = 12.806 | Init Dist 10 = 12.806 | Init Dist 100 = 12.806 | Init Dist 1000 = 12.806 | Learner Steps = 37840 | Learner Walltime = 7493.885 | Min Dist = 0.260 | Min Dist 10 = 1.261 | Min Dist 100 = 1.036 | Min Dist 1000 = 0.707 | Steps Per Second = 75.283 | Success = 1.000 | Success 1000 = 0.870
I0502 17:11:11.848180 139569349502528 terminal.py:91] [Actor] Actor Episodes = 48645 | Actor Steps = 2432250 | Delta Dist = 7.520 | Delta Dist 10 = 3.529 | Delta Dist 100 = 3.645 | Delta Dist 1000 = 4.424 | Episode Length = 50 | Episode Return = 22.0 | Evaluator Episodes = 12339 | Evaluator Steps = 616950 | Final Dist = 1.024 | Final Dist 10 = 1.737 | Final Dist 100 = 2.043 | Final Dist 1000 = 1.610 | Init Dist = 8.544 | Init Dist 10 = 5.266 | Init Dist 100 = 5.688 | Init Dist 1000 = 6.035 | Learner Steps = 37847 | Learner Walltime = 7495.234 | Min Dist = 0.030 | Min Dist 10 = 0.156 | Min Dist 100 = 0.259 | Min Dist 1000 = 0.219 | Steps Per Second = 82.145 | Success = 1.000 | Success 1000 = 0.986
I0502 17:11:12.242527 139579566835264 terminal.py:91] [Evaluator] Actor Episodes = 48647 | Actor Steps = 2432350 | Delta Dist = 12.252 | Delta Dist 10 = 11.558 | Delta Dist 100 = 11.160 | Delta Dist 1000 = 11.461 | Episode Length = 50 | Episode Return = 29.0 | Evaluator Episodes = 12341 | Evaluator Steps = 617050 | Final Dist = 0.554 | Final Dist 10 = 1.249 | Final Dist 100 = 1.646 | Final Dist 1000 = 1.345 | Init Dist = 12.806 | Init Dist 10 = 12.806 | Init Dist 100 = 12.806 | Init Dist 1000 = 12.806 | Learner Steps = 37847 | Learner Walltime = 7495.234 | Min Dist = 0.132 | Min Dist 10 = 0.771 | Min Dist 100 = 1.030 | Min Dist 1000 = 0.707 | Steps Per Second = 74.106 | Success = 1.000 | Success 1000 = 0.870
I0502 17:11:13.458353 139579566835264 terminal.py:91] [Evaluator] Actor Episodes = 48655 | Actor Steps = 2432750 | Delta Dist = 11.493 | Delta Dist 10 = 11.985 | Delta Dist 100 = 11.206 | Delta Dist 1000 = 11.459 | Episode Length = 50 | Episode Return = 18.0 | Evaluator Episodes = 12343 | Evaluator Steps = 617150 | Final Dist = 1.314 | Final Dist 10 = 0.821 | Final Dist 100 = 1.600 | Final Dist 1000 = 1.347 | Init Dist = 12.806 | Init Dist 10 = 12.806 | Init Dist 100 = 12.806 | Init Dist 1000 = 12.806 | Learner Steps = 37854 | Learner Walltime = 7496.819 | Min Dist = 0.474 | Min Dist 10 = 0.350 | Min Dist 100 = 0.985 | Min Dist 1000 = 0.708 | Steps Per Second = 81.930 | Success = 1.000 | Success 1000 = 0.869
I0502 17:11:14.604688 139579566835264 terminal.py:91] [Evaluator] Actor Episodes = 48663 | Actor Steps = 2433150 | Delta Dist = 11.921 | Delta Dist 10 = 11.873 | Delta Dist 100 = 11.203 | Delta Dist 1000 = 11.458 | Episode Length = 50 | Episode Return = 8.0 | Evaluator Episodes = 12345 | Evaluator Steps = 617250 | Final Dist = 0.885 | Final Dist 10 = 0.933 | Final Dist 100 = 1.603 | Final Dist 1000 = 1.348 | Init Dist = 12.806 | Init Dist 10 = 12.806 | Init Dist 100 = 12.806 | Init Dist 1000 = 12.806 | Learner Steps = 37859 | Learner Walltime = 7497.834 | Min Dist = 0.420 | Min Dist 10 = 0.359 | Min Dist 100 = 0.989 | Min Dist 1000 = 0.708 | Steps Per Second = 96.658 | Success = 1.000 | Success 1000 = 0.869
I0502 17:11:15.515442 139558059398720 terminal.py:91] [Actor] Actor Episodes = 48669 | Actor Steps = 2433450 | Delta Dist = 1.186 | Delta Dist 10 = 4.217 | Delta Dist 100 = 3.930 | Delta Dist 1000 = 4.412 | Episode Length = 50 | Episode Return = 45.0 | Evaluator Episodes = 12345 | Evaluator Steps = 617250 | Final Dist = 8.248 | Final Dist 10 = 1.795 | Final Dist 100 = 1.584 | Final Dist 1000 = 1.609 | Init Dist = 9.434 | Init Dist 10 = 6.012 | Init Dist 100 = 5.513 | Init Dist 1000 = 6.022 | Learner Steps = 37866 | Learner Walltime = 7499.059 | Min Dist = 0.043 | Min Dist 10 = 0.213 | Min Dist 100 = 0.361 | Min Dist 1000 = 0.242 | Steps Per Second = 81.280 | Success = 1.000 | Success 1000 = 0.987
I0502 17:11:15.816503 139579566835264 terminal.py:91] [Evaluator] Actor Episodes = 48671 | Actor Steps = 2433550 | Delta Dist = 12.333 | Delta Dist 10 = 11.838 | Delta Dist 100 = 11.213 | Delta Dist 1000 = 11.458 | Episode Length = 50 | Episode Return = 19.0 | Evaluator Episodes = 12347 | Evaluator Steps = 617350 | Final Dist = 0.474 | Final Dist 10 = 0.968 | Final Dist 100 = 1.594 | Final Dist 1000 = 1.349 | Init Dist = 12.806 | Init Dist 10 = 12.806 | Init Dist 100 = 12.806 | Init Dist 1000 = 12.806 | Learner Steps = 37866 | Learner Walltime = 7499.059 | Min Dist = 0.010 | Min Dist 10 = 0.381 | Min Dist 100 = 0.972 | Min Dist 1000 = 0.709 | Steps Per Second = 76.230 | Success = 1.000 | Success 1000 = 0.869
I0502 17:11:16.007987 139557462840896 terminal.py:91] [Actor] Actor Episodes = 48668 | Actor Steps = 2433400 | Delta Dist = 5.228 | Delta Dist 10 = 4.388 | Delta Dist 100 = 3.955 | Delta Dist 1000 = 4.401 | Episode Length = 50 | Episode Return = 25.0 | Evaluator Episodes = 12345 | Evaluator Steps = 617250 | Final Dist = 0.157 | Final Dist 10 = 2.246 | Final Dist 100 = 1.619 | Final Dist 1000 = 1.614 | Init Dist = 5.385 | Init Dist 10 = 6.634 | Init Dist 100 = 5.575 | Init Dist 1000 = 6.015 | Learner Steps = 37866 | Learner Walltime = 7499.059 | Min Dist = 0.015 | Min Dist 10 = 0.288 | Min Dist 100 = 0.366 | Min Dist 1000 = 0.243 | Steps Per Second = 77.651 | Success = 1.000 | Success 1000 = 0.986
I0502 17:11:17.035542 139579566835264 terminal.py:91] [Evaluator] Actor Episodes = 48679 | Actor Steps = 2433950 | Delta Dist = 10.573 | Delta Dist 10 = 11.769 | Delta Dist 100 = 11.341 | Delta Dist 1000 = 11.457 | Episode Length = 50 | Episode Return = 0.0 | Evaluator Episodes = 12349 | Evaluator Steps = 617450 | Final Dist = 2.233 | Final Dist 10 = 1.038 | Final Dist 100 = 1.466 | Final Dist 1000 = 1.349 | Init Dist = 12.806 | Init Dist 10 = 12.806 | Init Dist 100 = 12.806 | Init Dist 1000 = 12.806 | Learner Steps = 37872 | Learner Walltime = 7500.345 | Min Dist = 1.426 | Min Dist 10 = 0.381 | Min Dist 100 = 0.842 | Min Dist 1000 = 0.709 | Steps Per Second = 76.291 | Success = 0.000 | Success 1000 = 0.869
I0502 17:11:17.207739 139555860620864 terminal.py:91] [Actor] Actor Episodes = 48681 | Actor Steps = 2434050 | Delta Dist = 1.962 | Delta Dist 10 = 3.296 | Delta Dist 100 = 3.775 | Delta Dist 1000 = 4.392 | Episode Length = 50 | Episode Return = 32.0 | Evaluator Episodes = 12349 | Evaluator Steps = 617450 | Final Dist = 0.866 | Final Dist 10 = 2.864 | Final Dist 100 = 1.823 | Final Dist 1000 = 1.624 | Init Dist = 2.828 | Init Dist 10 = 6.161 | Init Dist 100 = 5.598 | Init Dist 1000 = 6.016 | Learner Steps = 37872 | Learner Walltime = 7500.345 | Min Dist = 0.009 | Min Dist 10 = 0.131 | Min Dist 100 = 0.359 | Min Dist 1000 = 0.242 | Steps Per Second = 97.114 | Success = 1.000 | Success 1000 = 0.986
I0502 17:11:18.190523 139579566835264 terminal.py:91] [Evaluator] Actor Episodes = 48687 | Actor Steps = 2434350 | Delta Dist = 12.735 | Delta Dist 10 = 11.605 | Delta Dist 100 = 11.327 | Delta Dist 1000 = 11.456 | Episode Length = 50 | Episode Return = 13.0 | Evaluator Episodes = 12351 | Evaluator Steps = 617550 | Final Dist = 0.071 | Final Dist 10 = 1.201 | Final Dist 100 = 1.479 | Final Dist 1000 = 1.351 | Init Dist = 12.806 | Init Dist 10 = 12.806 | Init Dist 100 = 12.806 | Init Dist 1000 = 12.806 | Learner Steps = 37879 | Learner Walltime = 7501.703 | Min Dist = 0.071 | Min Dist 10 = 0.540 | Min Dist 100 = 0.856 | Min Dist 1000 = 0.711 | Steps Per Second = 88.803 | Success = 1.000 | Success 1000 = 0.868
I0502 17:11:19.038809 139584504182336 lp_utils.py:96] StepsLimiter: Reached 2434450 recorded steps
I0502 17:11:19.401400 139579566835264 terminal.py:91] [Evaluator] Actor Episodes = 48695 | Actor Steps = 2434750 | Delta Dist = 11.771 | Delta Dist 10 = 11.783 | Delta Dist 100 = 11.338 | Delta Dist 1000 = 11.457 | Episode Length = 50 | Episode Return = 24.0 | Evaluator Episodes = 12353 | Evaluator Steps = 617650 | Final Dist = 1.035 | Final Dist 10 = 1.023 | Final Dist 100 = 1.469 | Final Dist 1000 = 1.350 | Init Dist = 12.806 | Init Dist 10 = 12.806 | Init Dist 100 = 12.806 | Init Dist 1000 = 12.806 | Learner Steps = 37884 | Learner Walltime = 7502.738 | Min Dist = 0.575 | Min Dist 10 = 0.426 | Min Dist 100 = 0.848 | Min Dist 1000 = 0.711 | Steps Per Second = 79.543 | Success = 1.000 | Success 1000 = 0.868
I0502 17:11:20.014459 139555013154368 terminal.py:91] [Learner] Actor Episodes = 48697 | Actor Loss = 3.711570978164673 | Actor Steps = 2434850 | Binary Accuracy = 0.9960966110229492 | Categorical Accuracy = 0.42620849609375 | Critic Loss = 1.742656946182251 | Entropy Mean = -24.253358840942383 | Evaluator Episodes = 12353 | Evaluator Steps = 617650 | Learner Steps = 37892 | Learner Walltime = 7504.202 | Logits Neg = -17.672143936157227 | Logits Pos = -1.7361325025558472 | Logsumexp = 1.053453803062439 | Steps Per Second = 136.620
I0502 17:11:20.599058 139579566835264 terminal.py:91] [Evaluator] Actor Episodes = 48703 | Actor Steps = 2435150 | Delta Dist = 10.451 | Delta Dist 10 = 11.868 | Delta Dist 100 = 11.350 | Delta Dist 1000 = 11.457 | Episode Length = 50 | Episode Return = 4.0 | Evaluator Episodes = 12355 | Evaluator Steps = 617750 | Final Dist = 2.355 | Final Dist 10 = 0.938 | Final Dist 100 = 1.456 | Final Dist 1000 = 1.349 | Init Dist = 12.806 | Init Dist 10 = 12.806 | Init Dist 100 = 12.806 | Init Dist 1000 = 12.806 | Learner Steps = 37892 | Learner Walltime = 7504.202 | Min Dist = 0.366 | Min Dist 10 = 0.448 | Min Dist 100 = 0.854 | Min Dist 1000 = 0.711 | Steps Per Second = 86.591 | Success = 1.000 | Success 1000 = 0.868
I0502 17:11:21.855569 139579566835264 terminal.py:91] [Evaluator] Actor Episodes = 48711 | Actor Steps = 2435550 | Delta Dist = 11.925 | Delta Dist 10 = 11.800 | Delta Dist 100 = 11.342 | Delta Dist 1000 = 11.463 | Episode Length = 50 | Episode Return = 11.0 | Evaluator Episodes = 12357 | Evaluator Steps = 617850 | Final Dist = 0.882 | Final Dist 10 = 1.006 | Final Dist 100 = 1.464 | Final Dist 1000 = 1.343 | Init Dist = 12.806 | Init Dist 10 = 12.806 | Init Dist 100 = 12.806 | Init Dist 1000 = 12.806 | Learner Steps = 37898 | Learner Walltime = 7505.354 | Min Dist = 0.113 | Min Dist 10 = 0.389 | Min Dist 100 = 0.855 | Min Dist 1000 = 0.706 | Steps Per Second = 78.652 | Success = 1.000 | Success 1000 = 0.869
I0502 17:11:22.378546 139569349502528 terminal.py:91] [Actor] Actor Episodes = 48712 | Actor Steps = 2435600 | Delta Dist = 7.470 | Delta Dist 10 = 3.568 | Delta Dist 100 = 4.105 | Delta Dist 1000 = 4.382 | Episode Length = 50 | Episode Return = 26.0 | Evaluator Episodes = 12355 | Evaluator Steps = 617750 | Final Dist = 0.592 | Final Dist 10 = 1.694 | Final Dist 100 = 1.602 | Final Dist 1000 = 1.634 | Init Dist = 8.062 | Init Dist 10 = 5.262 | Init Dist 100 = 5.708 | Init Dist 1000 = 6.016 | Learner Steps = 37898 | Learner Walltime = 7505.354 | Min Dist = 0.084 | Min Dist 10 = 0.779 | Min Dist 100 = 0.417 | Min Dist 1000 = 0.249 | Steps Per Second = 78.561 | Success = 1.000 | Success 1000 = 0.986
I0502 17:11:23.097714 139579566835264 terminal.py:91] [Evaluator] Actor Episodes = 48719 | Actor Steps = 2435950 | Delta Dist = 11.648 | Delta Dist 10 = 11.850 | Delta Dist 100 = 11.398 | Delta Dist 1000 = 11.463 | Episode Length = 50 | Episode Return = 25.0 | Evaluator Episodes = 12359 | Evaluator Steps = 617950 | Final Dist = 1.158 | Final Dist 10 = 0.956 | Final Dist 100 = 1.408 | Final Dist 1000 = 1.343 | Init Dist = 12.806 | Init Dist 10 = 12.806 | Init Dist 100 = 12.806 | Init Dist 1000 = 12.806 | Learner Steps = 37904 | Learner Walltime = 7506.620 | Min Dist = 0.065 | Min Dist 10 = 0.377 | Min Dist 100 = 0.806 | Min Dist 1000 = 0.705 | Steps Per Second = 82.327 | Success = 1.000 | Success 1000 = 0.869
I0502 17:11:24.250950 139579566835264 terminal.py:91] [Evaluator] Actor Episodes = 48727 | Actor Steps = 2436350 | Delta Dist = 12.200 | Delta Dist 10 = 11.977 | Delta Dist 100 = 11.394 | Delta Dist 1000 = 11.463 | Episode Length = 50 | Episode Return = 31.0 | Evaluator Episodes = 12361 | Evaluator Steps = 618050 | Final Dist = 0.606 | Final Dist 10 = 0.829 | Final Dist 100 = 1.412 | Final Dist 1000 = 1.343 | Init Dist = 12.806 | Init Dist 10 = 12.806 | Init Dist 100 = 12.806 | Init Dist 1000 = 12.806 | Learner Steps = 37911 | Learner Walltime = 7507.885 | Min Dist = 0.195 | Min Dist 10 = 0.237 | Min Dist 100 = 0.803 | Min Dist 1000 = 0.705 | Steps Per Second = 89.517 | Success = 1.000 | Success 1000 = 0.869
I0502 17:11:25.473372 139579566835264 terminal.py:91] [Evaluator] Actor Episodes = 48735 | Actor Steps = 2436750 | Delta Dist = 12.285 | Delta Dist 10 = 11.951 | Delta Dist 100 = 11.399 | Delta Dist 1000 = 11.464 | Episode Length = 50 | Episode Return = 10.0 | Evaluator Episodes = 12363 | Evaluator Steps = 618150 | Final Dist = 0.521 | Final Dist 10 = 0.855 | Final Dist 100 = 1.407 | Final Dist 1000 = 1.343 | Init Dist = 12.806 | Init Dist 10 = 12.806 | Init Dist 100 = 12.806 | Init Dist 1000 = 12.806 | Learner Steps = 37916 | Learner Walltime = 7508.921 | Min Dist = 0.011 | Min Dist 10 = 0.246 | Min Dist 100 = 0.800 | Min Dist 1000 = 0.704 | Steps Per Second = 79.750 | Success = 1.000 | Success 1000 = 0.869
I0502 17:11:25.920965 139558059398720 terminal.py:91] [Actor] Actor Episodes = 48734 | Actor Steps = 2436700 | Delta Dist = 7.011 | Delta Dist 10 = 3.948 | Delta Dist 100 = 4.041 | Delta Dist 1000 = 4.380 | Episode Length = 50 | Episode Return = 43.0 | Evaluator Episodes = 12361 | Evaluator Steps = 618050 | Final Dist = 0.200 | Final Dist 10 = 2.478 | Final Dist 100 = 1.758 | Final Dist 1000 = 1.657 | Init Dist = 7.211 | Init Dist 10 = 6.425 | Init Dist 100 = 5.798 | Init Dist 1000 = 6.037 | Learner Steps = 37916 | Learner Walltime = 7508.921 | Min Dist = 0.062 | Min Dist 10 = 0.087 | Min Dist 100 = 0.421 | Min Dist 1000 = 0.253 | Steps Per Second = 80.310 | Success = 1.000 | Success 1000 = 0.986
I0502 17:11:26.528535 139557462840896 terminal.py:91] [Actor] Actor Episodes = 48739 | Actor Steps = 2436950 | Delta Dist = 6.069 | Delta Dist 10 = 3.544 | Delta Dist 100 = 4.208 | Delta Dist 1000 = 4.385 | Episode Length = 50 | Episode Return = 37.0 | Evaluator Episodes = 12363 | Evaluator Steps = 618150 | Final Dist = 0.014 | Final Dist 10 = 2.531 | Final Dist 100 = 1.683 | Final Dist 1000 = 1.660 | Init Dist = 6.083 | Init Dist 10 = 6.075 | Init Dist 100 = 5.891 | Init Dist 1000 = 6.045 | Learner Steps = 37922 | Learner Walltime = 7510.161 | Min Dist = 0.009 | Min Dist 10 = 0.080 | Min Dist 100 = 0.415 | Min Dist 1000 = 0.252 | Steps Per Second = 77.041 | Success = 1.000 | Success 1000 = 0.986
I0502 17:11:26.577656 139579566835264 terminal.py:91] [Evaluator] Actor Episodes = 48743 | Actor Steps = 2437150 | Delta Dist = 12.331 | Delta Dist 10 = 11.894 | Delta Dist 100 = 11.414 | Delta Dist 1000 = 11.464 | Episode Length = 50 | Episode Return = 18.0 | Evaluator Episodes = 12365 | Evaluator Steps = 618250 | Final Dist = 0.475 | Final Dist 10 = 0.913 | Final Dist 100 = 1.392 | Final Dist 1000 = 1.343 | Init Dist = 12.806 | Init Dist 10 = 12.806 | Init Dist 100 = 12.806 | Init Dist 1000 = 12.806 | Learner Steps = 37922 | Learner Walltime = 7510.161 | Min Dist = 0.111 | Min Dist 10 = 0.203 | Min Dist 100 = 0.775 | Min Dist 1000 = 0.705 | Steps Per Second = 85.390 | Success = 1.000 | Success 1000 = 0.869
I0502 17:11:27.598231 139555860620864 terminal.py:91] [Actor] Actor Episodes = 48746 | Actor Steps = 2437300 | Delta Dist = 5.021 | Delta Dist 10 = 3.458 | Delta Dist 100 = 4.098 | Delta Dist 1000 = 4.359 | Episode Length = 50 | Episode Return = 36.0 | Evaluator Episodes = 12365 | Evaluator Steps = 618250 | Final Dist = 0.078 | Final Dist 10 = 2.676 | Final Dist 100 = 1.824 | Final Dist 1000 = 1.681 | Init Dist = 5.099 | Init Dist 10 = 6.135 | Init Dist 100 = 5.922 | Init Dist 1000 = 6.040 | Learner Steps = 37922 | Learner Walltime = 7510.161 | Min Dist = 0.074 | Min Dist 10 = 0.792 | Min Dist 100 = 0.447 | Min Dist 1000 = 0.260 | Steps Per Second = 73.113 | Success = 1.000 | Success 1000 = 0.986
I0502 17:11:27.839192 139579566835264 terminal.py:91] [Evaluator] Actor Episodes = 48749 | Actor Steps = 2437450 | Delta Dist = 12.528 | Delta Dist 10 = 12.076 | Delta Dist 100 = 11.431 | Delta Dist 1000 = 11.465 | Episode Length = 50 | Episode Return = 26.0 | Evaluator Episodes = 12367 | Evaluator Steps = 618350 | Final Dist = 0.278 | Final Dist 10 = 0.730 | Final Dist 100 = 1.376 | Final Dist 1000 = 1.341 | Init Dist = 12.806 | Init Dist 10 = 12.806 | Init Dist 100 = 12.806 | Init Dist 1000 = 12.806 | Learner Steps = 37929 | Learner Walltime = 7511.352 | Min Dist = 0.022 | Min Dist 10 = 0.165 | Min Dist 100 = 0.772 | Min Dist 1000 = 0.704 | Steps Per Second = 75.646 | Success = 1.000 | Success 1000 = 0.869
I0502 17:11:29.047411 139584635659840 savers.py:156] Saving checkpoint: logs/contrastive_cpc_point_FourRooms_64/5dd72662-2788-11f0-b183-d85ed38c5779/checkpoints/counter
I0502 17:11:29.057245 139584504182336 lp_utils.py:96] StepsLimiter: Reached 2437850 recorded steps
I0502 17:11:29.145566 139579566835264 terminal.py:91] [Evaluator] Actor Episodes = 48757 | Actor Steps = 2437850 | Delta Dist = 12.402 | Delta Dist 10 = 12.052 | Delta Dist 100 = 11.437 | Delta Dist 1000 = 11.465 | Episode Length = 50 | Episode Return = 23.0 | Evaluator Episodes = 12369 | Evaluator Steps = 618450 | Final Dist = 0.405 | Final Dist 10 = 0.755 | Final Dist 100 = 1.369 | Final Dist 1000 = 1.342 | Init Dist = 12.806 | Init Dist 10 = 12.806 | Init Dist 100 = 12.806 | Init Dist 1000 = 12.806 | Learner Steps = 37934 | Learner Walltime = 7512.500 | Min Dist = 0.226 | Min Dist 10 = 0.142 | Min Dist 100 = 0.770 | Min Dist 1000 = 0.703 | Steps Per Second = 73.044 | Success = 1.000 | Success 1000 = 0.869
I0502 17:11:30.269113 139555013154368 terminal.py:91] [Learner] Actor Episodes = 48759 | Actor Loss = 3.656090259552002 | Actor Steps = 2437950 | Binary Accuracy = 0.9960348606109619 | Categorical Accuracy = 0.41888427734375 | Critic Loss = 1.7866992950439453 | Entropy Mean = -23.51921844482422 | Evaluator Episodes = 12369 | Evaluator Steps = 618450 | Learner Steps = 37944 | Learner Walltime = 7514.459 | Logits Neg = -17.511484146118164 | Logits Pos = -1.779138207435608 | Logsumexp = 1.0901895761489868 | Steps Per Second = 241.029
I0502 17:11:30.323647 139579566835264 terminal.py:91] [Evaluator] Actor Episodes = 48765 | Actor Steps = 2438250 | Delta Dist = 11.787 | Delta Dist 10 = 12.102 | Delta Dist 100 = 11.440 | Delta Dist 1000 = 11.471 | Episode Length = 50 | Episode Return = 14.0 | Evaluator Episodes = 12371 | Evaluator Steps = 618550 | Final Dist = 1.020 | Final Dist 10 = 0.704 | Final Dist 100 = 1.366 | Final Dist 1000 = 1.335 | Init Dist = 12.806 | Init Dist 10 = 12.806 | Init Dist 100 = 12.806 | Init Dist 1000 = 12.806 | Learner Steps = 37940 | Learner Walltime = 7513.524 | Min Dist = 0.381 | Min Dist 10 = 0.149 | Min Dist 100 = 0.773 | Min Dist 1000 = 0.698 | Steps Per Second = 89.611 | Success = 1.000 | Success 1000 = 0.870
I0502 17:11:31.573853 139579566835264 terminal.py:91] [Evaluator] Actor Episodes = 48771 | Actor Steps = 2438550 | Delta Dist = 12.272 | Delta Dist 10 = 12.054 | Delta Dist 100 = 11.501 | Delta Dist 1000 = 11.477 | Episode Length = 50 | Episode Return = 34.0 | Evaluator Episodes = 12373 | Evaluator Steps = 618650 | Final Dist = 0.534 | Final Dist 10 = 0.752 | Final Dist 100 = 1.305 | Final Dist 1000 = 1.330 | Init Dist = 12.806 | Init Dist 10 = 12.806 | Init Dist 100 = 12.806 | Init Dist 1000 = 12.806 | Learner Steps = 37946 | Learner Walltime = 7514.671 | Min Dist = 0.060 | Min Dist 10 = 0.187 | Min Dist 100 = 0.719 | Min Dist 1000 = 0.694 | Steps Per Second = 81.132 | Success = 1.000 | Success 1000 = 0.871
I0502 17:11:32.735829 139569349502528 terminal.py:91] [Actor] Actor Episodes = 48779 | Actor Steps = 2438950 | Delta Dist = 6.180 | Delta Dist 10 = 3.614 | Delta Dist 100 = 4.323 | Delta Dist 1000 = 4.331 | Episode Length = 50 | Episode Return = 35.0 | Evaluator Episodes = 12373 | Evaluator Steps = 618650 | Final Dist = 0.145 | Final Dist 10 = 0.713 | Final Dist 100 = 1.556 | Final Dist 1000 = 1.689 | Init Dist = 6.325 | Init Dist 10 = 4.327 | Init Dist 100 = 5.878 | Init Dist 1000 = 6.020 | Learner Steps = 37951 | Learner Walltime = 7515.887 | Min Dist = 0.025 | Min Dist 10 = 0.061 | Min Dist 100 = 0.340 | Min Dist 1000 = 0.270 | Steps Per Second = 70.727 | Success = 1.000 | Success 1000 = 0.986
I0502 17:11:32.907618 139579566835264 terminal.py:91] [Evaluator] Actor Episodes = 48779 | Actor Steps = 2438950 | Delta Dist = 11.254 | Delta Dist 10 = 12.070 | Delta Dist 100 = 11.510 | Delta Dist 1000 = 11.476 | Episode Length = 50 | Episode Return = 10.0 | Evaluator Episodes = 12375 | Evaluator Steps = 618750 | Final Dist = 1.553 | Final Dist 10 = 0.736 | Final Dist 100 = 1.297 | Final Dist 1000 = 1.331 | Init Dist = 12.806 | Init Dist 10 = 12.806 | Init Dist 100 = 12.806 | Init Dist 1000 = 12.806 | Learner Steps = 37956 | Learner Walltime = 7517.048 | Min Dist = 0.154 | Min Dist 10 = 0.201 | Min Dist 100 = 0.710 | Min Dist 1000 = 0.694 | Steps Per Second = 72.352 | Success = 1.000 | Success 1000 = 0.871
I0502 17:11:34.103477 139579566835264 terminal.py:91] [Evaluator] Actor Episodes = 48789 | Actor Steps = 2439450 | Delta Dist = 11.525 | Delta Dist 10 = 11.859 | Delta Dist 100 = 11.559 | Delta Dist 1000 = 11.476 | Episode Length = 50 | Episode Return = 4.0 | Evaluator Episodes = 12377 | Evaluator Steps = 618850 | Final Dist = 1.281 | Final Dist 10 = 0.947 | Final Dist 100 = 1.248 | Final Dist 1000 = 1.330 | Init Dist = 12.806 | Init Dist 10 = 12.806 | Init Dist 100 = 12.806 | Init Dist 1000 = 12.806 | Learner Steps = 37963 | Learner Walltime = 7518.276 | Min Dist = 0.404 | Min Dist 10 = 0.199 | Min Dist 100 = 0.656 | Min Dist 1000 = 0.693 | Steps Per Second = 89.971 | Success = 1.000 | Success 1000 = 0.871
I0502 17:11:35.357207 139579566835264 terminal.py:91] [Evaluator] Actor Episodes = 48797 | Actor Steps = 2439850 | Delta Dist = 11.189 | Delta Dist 10 = 11.776 | Delta Dist 100 = 11.563 | Delta Dist 1000 = 11.481 | Episode Length = 50 | Episode Return = 13.0 | Evaluator Episodes = 12379 | Evaluator Steps = 618950 | Final Dist = 1.617 | Final Dist 10 = 1.031 | Final Dist 100 = 1.244 | Final Dist 1000 = 1.325 | Init Dist = 12.806 | Init Dist 10 = 12.806 | Init Dist 100 = 12.806 | Init Dist 1000 = 12.806 | Learner Steps = 37963 | Learner Walltime = 7518.276 | Min Dist = 0.090 | Min Dist 10 = 0.243 | Min Dist 100 = 0.658 | Min Dist 1000 = 0.688 | Steps Per Second = 87.890 | Success = 1.000 | Success 1000 = 0.872
I0502 17:11:36.185146 139558059398720 terminal.py:91] [Actor] Actor Episodes = 48800 | Actor Steps = 2440000 | Delta Dist = 12.005 | Delta Dist 10 = 3.353 | Delta Dist 100 = 4.046 | Delta Dist 1000 = 4.353 | Episode Length = 50 | Episode Return = 38.0 | Evaluator Episodes = 12379 | Evaluator Steps = 618950 | Final Dist = 0.801 | Final Dist 10 = 3.711 | Final Dist 100 = 1.818 | Final Dist 1000 = 1.701 | Init Dist = 12.806 | Init Dist 10 = 7.064 | Init Dist 100 = 5.863 | Init Dist 1000 = 6.054 | Learner Steps = 37968 | Learner Walltime = 7519.575 | Min Dist = 0.025 | Min Dist 10 = 1.093 | Min Dist 100 = 0.449 | Min Dist 1000 = 0.278 | Steps Per Second = 82.590 | Success = 1.000 | Success 1000 = 0.986
I0502 17:11:36.562169 139579566835264 terminal.py:91] [Evaluator] Actor Episodes = 48803 | Actor Steps = 2440150 | Delta Dist = 11.783 | Delta Dist 10 = 11.674 | Delta Dist 100 = 11.562 | Delta Dist 1000 = 11.482 | Episode Length = 50 | Episode Return = 13.0 | Evaluator Episodes = 12381 | Evaluator Steps = 619050 | Final Dist = 1.023 | Final Dist 10 = 1.132 | Final Dist 100 = 1.244 | Final Dist 1000 = 1.324 | Init Dist = 12.806 | Init Dist 10 = 12.806 | Init Dist 100 = 12.806 | Init Dist 1000 = 12.806 | Learner Steps = 37975 | Learner Walltime = 7520.643 | Min Dist = 0.346 | Min Dist 10 = 0.284 | Min Dist 100 = 0.662 | Min Dist 1000 = 0.687 | Steps Per Second = 79.578 | Success = 1.000 | Success 1000 = 0.873
I0502 17:11:36.636066 139557462840896 terminal.py:91] [Actor] Actor Episodes = 48805 | Actor Steps = 2440250 | Delta Dist = 3.523 | Delta Dist 10 = 3.900 | Delta Dist 100 = 4.083 | Delta Dist 1000 = 4.361 | Episode Length = 50 | Episode Return = 42.0 | Evaluator Episodes = 12381 | Evaluator Steps = 619050 | Final Dist = 0.082 | Final Dist 10 = 3.408 | Final Dist 100 = 1.817 | Final Dist 1000 = 1.700 | Init Dist = 3.606 | Init Dist 10 = 7.308 | Init Dist 100 = 5.901 | Init Dist 1000 = 6.060 | Learner Steps = 37975 | Learner Walltime = 7520.643 | Min Dist = 0.021 | Min Dist 10 = 1.040 | Min Dist 100 = 0.448 | Min Dist 1000 = 0.278 | Steps Per Second = 72.010 | Success = 1.000 | Success 1000 = 0.986
I0502 17:11:37.817861 139579566835264 terminal.py:91] [Evaluator] Actor Episodes = 48811 | Actor Steps = 2440550 | Delta Dist = 12.424 | Delta Dist 10 = 11.621 | Delta Dist 100 = 11.552 | Delta Dist 1000 = 11.481 | Episode Length = 50 | Episode Return = 12.0 | Evaluator Episodes = 12383 | Evaluator Steps = 619150 | Final Dist = 0.382 | Final Dist 10 = 1.185 | Final Dist 100 = 1.254 | Final Dist 1000 = 1.325 | Init Dist = 12.806 | Init Dist 10 = 12.806 | Init Dist 100 = 12.806 | Init Dist 1000 = 12.806 | Learner Steps = 37980 | Learner Walltime = 7521.683 | Min Dist = 0.382 | Min Dist 10 = 0.365 | Min Dist 100 = 0.673 | Min Dist 1000 = 0.687 | Steps Per Second = 79.316 | Success = 1.000 | Success 1000 = 0.872
I0502 17:11:38.018486 139555860620864 terminal.py:91] [Actor] Actor Episodes = 48810 | Actor Steps = 2440500 | Delta Dist = 3.905 | Delta Dist 10 = 4.329 | Delta Dist 100 = 4.112 | Delta Dist 1000 = 4.346 | Episode Length = 50 | Episode Return = 31.0 | Evaluator Episodes = 12381 | Evaluator Steps = 619050 | Final Dist = 0.095 | Final Dist 10 = 0.710 | Final Dist 100 = 1.783 | Final Dist 1000 = 1.702 | Init Dist = 4.000 | Init Dist 10 = 5.040 | Init Dist 100 = 5.895 | Init Dist 1000 = 6.048 | Learner Steps = 37975 | Learner Walltime = 7520.643 | Min Dist = 0.095 | Min Dist 10 = 0.042 | Min Dist 100 = 0.442 | Min Dist 1000 = 0.278 | Steps Per Second = 67.452 | Success = 1.000 | Success 1000 = 0.987
I0502 17:11:39.074348 139584504182336 lp_utils.py:96] StepsLimiter: Reached 2440950 recorded steps
I0502 17:11:39.121936 139579566835264 terminal.py:91] [Evaluator] Actor Episodes = 48819 | Actor Steps = 2440950 | Delta Dist = 11.704 | Delta Dist 10 = 11.619 | Delta Dist 100 = 11.551 | Delta Dist 1000 = 11.486 | Episode Length = 50 | Episode Return = 0.0 | Evaluator Episodes = 12385 | Evaluator Steps = 619250 | Final Dist = 1.102 | Final Dist 10 = 1.187 | Final Dist 100 = 1.255 | Final Dist 1000 = 1.320 | Init Dist = 12.806 | Init Dist 10 = 12.806 | Init Dist 100 = 12.806 | Init Dist 1000 = 12.806 | Learner Steps = 37985 | Learner Walltime = 7522.944 | Min Dist = 1.102 | Min Dist 10 = 0.409 | Min Dist 100 = 0.679 | Min Dist 1000 = 0.683 | Steps Per Second = 75.490 | Success = 0.000 | Success 1000 = 0.873
I0502 17:11:40.329463 139555013154368 terminal.py:91] [Learner] Actor Episodes = 48825 | Actor Loss = 3.7659530639648438 | Actor Steps = 2441250 | Binary Accuracy = 0.9959940910339355 | Categorical Accuracy = 0.421630859375 | Critic Loss = 1.7808403968811035 | Entropy Mean = -23.970745086669922 | Evaluator Episodes = 12385 | Evaluator Steps = 619250 | Learner Steps = 37993 | Learner Walltime = 7524.531 | Logits Neg = -17.57762908935547 | Logits Pos = -1.7858943939208984 | Logsumexp = 1.1554911136627197 | Steps Per Second = 452.716
I0502 17:11:40.405347 139579566835264 terminal.py:91] [Evaluator] Actor Episodes = 48827 | Actor Steps = 2441350 | Delta Dist = 12.254 | Delta Dist 10 = 11.737 | Delta Dist 100 = 11.559 | Delta Dist 1000 = 11.486 | Episode Length = 50 | Episode Return = 24.0 | Evaluator Episodes = 12387 | Evaluator Steps = 619350 | Final Dist = 0.552 | Final Dist 10 = 1.070 | Final Dist 100 = 1.247 | Final Dist 1000 = 1.320 | Init Dist = 12.806 | Init Dist 10 = 12.806 | Init Dist 100 = 12.806 | Init Dist 1000 = 12.806 | Learner Steps = 37992 | Learner Walltime = 7524.389 | Min Dist = 0.147 | Min Dist 10 = 0.551 | Min Dist 100 = 0.684 | Min Dist 1000 = 0.684 | Steps Per Second = 79.035 | Success = 1.000 | Success 1000 = 0.872
I0502 17:11:41.166288 139583350109760 savers.py:156] Saving checkpoint: logs/contrastive_cpc_point_FourRooms_64/5dd72662-2788-11f0-b183-d85ed38c5779/checkpoints/learner
I0502 17:11:41.709218 139579566835264 terminal.py:91] [Evaluator] Actor Episodes = 48835 | Actor Steps = 2441750 | Delta Dist = 11.396 | Delta Dist 10 = 11.791 | Delta Dist 100 = 11.562 | Delta Dist 1000 = 11.487 | Episode Length = 50 | Episode Return = 18.0 | Evaluator Episodes = 12389 | Evaluator Steps = 619450 | Final Dist = 1.411 | Final Dist 10 = 1.015 | Final Dist 100 = 1.244 | Final Dist 1000 = 1.319 | Init Dist = 12.806 | Init Dist 10 = 12.806 | Init Dist 100 = 12.806 | Init Dist 1000 = 12.806 | Learner Steps = 37998 | Learner Walltime = 7525.794 | Min Dist = 0.248 | Min Dist 10 = 0.514 | Min Dist 100 = 0.677 | Min Dist 1000 = 0.684 | Steps Per Second = 72.200 | Success = 1.000 | Success 1000 = 0.872
I0502 17:11:42.853810 139569349502528 terminal.py:91] [Actor] Actor Episodes = 48843 | Actor Steps = 2442150 | Delta Dist = 5.710 | Delta Dist 10 = 3.144 | Delta Dist 100 = 4.054 | Delta Dist 1000 = 4.355 | Episode Length = 50 | Episode Return = 18.0 | Evaluator Episodes = 12389 | Evaluator Steps = 619450 | Final Dist = 0.998 | Final Dist 10 = 2.248 | Final Dist 100 = 1.842 | Final Dist 1000 = 1.687 | Init Dist = 6.708 | Init Dist 10 = 5.392 | Init Dist 100 = 5.895 | Init Dist 1000 = 6.042 | Learner Steps = 38004 | Learner Walltime = 7526.999 | Min Dist = 0.051 | Min Dist 10 = 0.113 | Min Dist 100 = 0.289 | Min Dist 1000 = 0.271 | Steps Per Second = 73.133 | Success = 1.000 | Success 1000 = 0.987
I0502 17:11:42.937136 139579566835264 terminal.py:91] [Evaluator] Actor Episodes = 48843 | Actor Steps = 2442150 | Delta Dist = 11.777 | Delta Dist 10 = 11.842 | Delta Dist 100 = 11.555 | Delta Dist 1000 = 11.486 | Episode Length = 50 | Episode Return = 11.0 | Evaluator Episodes = 12391 | Evaluator Steps = 619550 | Final Dist = 1.029 | Final Dist 10 = 0.964 | Final Dist 100 = 1.252 | Final Dist 1000 = 1.320 | Init Dist = 12.806 | Init Dist 10 = 12.806 | Init Dist 100 = 12.806 | Init Dist 1000 = 12.806 | Learner Steps = 38004 | Learner Walltime = 7526.999 | Min Dist = 0.371 | Min Dist 10 = 0.489 | Min Dist 100 = 0.677 | Min Dist 1000 = 0.684 | Steps Per Second = 85.571 | Success = 1.000 | Success 1000 = 0.872
I0502 17:11:44.193266 139579566835264 terminal.py:91] [Evaluator] Actor Episodes = 48851 | Actor Steps = 2442550 | Delta Dist = 12.389 | Delta Dist 10 = 11.906 | Delta Dist 100 = 11.545 | Delta Dist 1000 = 11.486 | Episode Length = 50 | Episode Return = 30.0 | Evaluator Episodes = 12393 | Evaluator Steps = 619650 | Final Dist = 0.417 | Final Dist 10 = 0.900 | Final Dist 100 = 1.261 | Final Dist 1000 = 1.321 | Init Dist = 12.806 | Init Dist 10 = 12.806 | Init Dist 100 = 12.806 | Init Dist 1000 = 12.806 | Learner Steps = 38011 | Learner Walltime = 7528.313 | Min Dist = 0.267 | Min Dist 10 = 0.388 | Min Dist 100 = 0.681 | Min Dist 1000 = 0.684 | Steps Per Second = 82.648 | Success = 1.000 | Success 1000 = 0.872
I0502 17:11:45.296535 139579566835264 terminal.py:91] [Evaluator] Actor Episodes = 48857 | Actor Steps = 2442850 | Delta Dist = 11.628 | Delta Dist 10 = 11.976 | Delta Dist 100 = 11.549 | Delta Dist 1000 = 11.485 | Episode Length = 50 | Episode Return = 16.0 | Evaluator Episodes = 12395 | Evaluator Steps = 619750 | Final Dist = 1.178 | Final Dist 10 = 0.830 | Final Dist 100 = 1.257 | Final Dist 1000 = 1.321 | Init Dist = 12.806 | Init Dist 10 = 12.806 | Init Dist 100 = 12.806 | Init Dist 1000 = 12.806 | Learner Steps = 38011 | Learner Walltime = 7528.313 | Min Dist = 0.358 | Min Dist 10 = 0.370 | Min Dist 100 = 0.683 | Min Dist 1000 = 0.685 | Steps Per Second = 90.479 | Success = 1.000 | Success 1000 = 0.872
I0502 17:11:46.273517 139558059398720 terminal.py:91] [Actor] Actor Episodes = 48864 | Actor Steps = 2443200 | Delta Dist = 4.003 | Delta Dist 10 = 4.491 | Delta Dist 100 = 4.227 | Delta Dist 1000 = 4.341 | Episode Length = 50 | Episode Return = 28.0 | Evaluator Episodes = 12395 | Evaluator Steps = 619750 | Final Dist = 0.120 | Final Dist 10 = 1.545 | Final Dist 100 = 1.676 | Final Dist 1000 = 1.682 | Init Dist = 4.123 | Init Dist 10 = 6.036 | Init Dist 100 = 5.903 | Init Dist 1000 = 6.023 | Learner Steps = 38018 | Learner Walltime = 7529.529 | Min Dist = 0.009 | Min Dist 10 = 0.903 | Min Dist 100 = 0.268 | Min Dist 1000 = 0.267 | Steps Per Second = 83.299 | Success = 1.000 | Success 1000 = 0.989
I0502 17:11:46.528638 139579566835264 terminal.py:91] [Evaluator] Actor Episodes = 48865 | Actor Steps = 2443250 | Delta Dist = 11.491 | Delta Dist 10 = 11.895 | Delta Dist 100 = 11.536 | Delta Dist 1000 = 11.485 | Episode Length = 50 | Episode Return = 5.0 | Evaluator Episodes = 12397 | Evaluator Steps = 619850 | Final Dist = 1.315 | Final Dist 10 = 0.912 | Final Dist 100 = 1.271 | Final Dist 1000 = 1.321 | Init Dist = 12.806 | Init Dist 10 = 12.806 | Init Dist 100 = 12.806 | Init Dist 1000 = 12.806 | Learner Steps = 38023 | Learner Walltime = 7530.571 | Min Dist = 0.351 | Min Dist 10 = 0.295 | Min Dist 100 = 0.684 | Min Dist 1000 = 0.686 | Steps Per Second = 80.696 | Success = 1.000 | Success 1000 = 0.872
I0502 17:11:47.193845 139557462840896 terminal.py:91] [Actor] Actor Episodes = 48868 | Actor Steps = 2443400 | Delta Dist = 8.926 | Delta Dist 10 = 6.279 | Delta Dist 100 = 4.367 | Delta Dist 1000 = 4.355 | Episode Length = 50 | Episode Return = 37.0 | Evaluator Episodes = 12397 | Evaluator Steps = 619850 | Final Dist = 0.293 | Final Dist 10 = 0.632 | Final Dist 100 = 1.654 | Final Dist 1000 = 1.673 | Init Dist = 9.220 | Init Dist 10 = 6.911 | Init Dist 100 = 6.021 | Init Dist 1000 = 6.028 | Learner Steps = 38023 | Learner Walltime = 7530.571 | Min Dist = 0.065 | Min Dist 10 = 0.029 | Min Dist 100 = 0.265 | Min Dist 1000 = 0.261 | Steps Per Second = 79.874 | Success = 1.000 | Success 1000 = 0.989
I0502 17:11:47.849590 139579566835264 terminal.py:91] [Evaluator] Actor Episodes = 48875 | Actor Steps = 2443750 | Delta Dist = 10.722 | Delta Dist 10 = 11.779 | Delta Dist 100 = 11.517 | Delta Dist 1000 = 11.483 | Episode Length = 50 | Episode Return = 2.0 | Evaluator Episodes = 12399 | Evaluator Steps = 619950 | Final Dist = 2.085 | Final Dist 10 = 1.027 | Final Dist 100 = 1.290 | Final Dist 1000 = 1.323 | Init Dist = 12.806 | Init Dist 10 = 12.806 | Init Dist 100 = 12.806 | Init Dist 1000 = 12.806 | Learner Steps = 38029 | Learner Walltime = 7531.792 | Min Dist = 0.090 | Min Dist 10 = 0.418 | Min Dist 100 = 0.692 | Min Dist 1000 = 0.687 | Steps Per Second = 75.509 | Success = 1.000 | Success 1000 = 0.871
I0502 17:11:48.341315 139555860620864 terminal.py:91] [Actor] Actor Episodes = 48874 | Actor Steps = 2443700 | Delta Dist = 4.031 | Delta Dist 10 = 6.049 | Delta Dist 100 = 4.522 | Delta Dist 1000 = 4.349 | Episode Length = 50 | Episode Return = 43.0 | Evaluator Episodes = 12397 | Evaluator Steps = 619850 | Final Dist = 0.092 | Final Dist 10 = 0.587 | Final Dist 100 = 1.669 | Final Dist 1000 = 1.677 | Init Dist = 4.123 | Init Dist 10 = 6.636 | Init Dist 100 = 6.191 | Init Dist 1000 = 6.026 | Learner Steps = 38029 | Learner Walltime = 7531.792 | Min Dist = 0.016 | Min Dist 10 = 0.059 | Min Dist 100 = 0.265 | Min Dist 1000 = 0.261 | Steps Per Second = 79.149 | Success = 1.000 | Success 1000 = 0.989
I0502 17:11:49.092035 139584504182336 lp_utils.py:96] StepsLimiter: Reached 2444050 recorded steps
I0502 17:11:49.115153 139579566835264 terminal.py:91] [Evaluator] Actor Episodes = 48883 | Actor Steps = 2444150 | Delta Dist = 11.444 | Delta Dist 10 = 11.625 | Delta Dist 100 = 11.573 | Delta Dist 1000 = 11.480 | Episode Length = 50 | Episode Return = 17.0 | Evaluator Episodes = 12401 | Evaluator Steps = 620050 | Final Dist = 1.362 | Final Dist 10 = 1.181 | Final Dist 100 = 1.234 | Final Dist 1000 = 1.326 | Init Dist = 12.806 | Init Dist 10 = 12.806 | Init Dist 100 = 12.806 | Init Dist 1000 = 12.806 | Learner Steps = 38036 | Learner Walltime = 7533.039 | Min Dist = 0.023 | Min Dist 10 = 0.364 | Min Dist 100 = 0.605 | Min Dist 1000 = 0.686 | Steps Per Second = 76.414 | Success = 1.000 | Success 1000 = 0.871
I0502 17:11:50.398103 139579566835264 terminal.py:91] [Evaluator] Actor Episodes = 48889 | Actor Steps = 2444450 | Delta Dist = 11.955 | Delta Dist 10 = 11.548 | Delta Dist 100 = 11.690 | Delta Dist 1000 = 11.478 | Episode Length = 50 | Episode Return = 29.0 | Evaluator Episodes = 12403 | Evaluator Steps = 620150 | Final Dist = 0.851 | Final Dist 10 = 1.259 | Final Dist 100 = 1.116 | Final Dist 1000 = 1.328 | Init Dist = 12.806 | Init Dist 10 = 12.806 | Init Dist 100 = 12.806 | Init Dist 1000 = 12.806 | Learner Steps = 38041 | Learner Walltime = 7534.339 | Min Dist = 0.422 | Min Dist 10 = 0.338 | Min Dist 100 = 0.473 | Min Dist 1000 = 0.686 | Steps Per Second = 80.212 | Success = 1.000 | Success 1000 = 0.871
I0502 17:11:50.512290 139555013154368 terminal.py:91] [Learner] Actor Episodes = 48887 | Actor Loss = 3.621525764465332 | Actor Steps = 2444350 | Binary Accuracy = 0.9960086345672607 | Categorical Accuracy = 0.41973876953125 | Critic Loss = 1.7887535095214844 | Entropy Mean = -23.17081642150879 | Evaluator Episodes = 12401 | Evaluator Steps = 620050 | Learner Steps = 38043 | Learner Walltime = 7534.708 | Logits Neg = -17.649436950683594 | Logits Pos = -1.8068456649780273 | Logsumexp = 1.1361067295074463 | Steps Per Second = 202.940
I0502 17:11:51.555369 139579566835264 terminal.py:91] [Evaluator] Actor Episodes = 48897 | Actor Steps = 2444850 | Delta Dist = 10.456 | Delta Dist 10 = 11.493 | Delta Dist 100 = 11.698 | Delta Dist 1000 = 11.478 | Episode Length = 50 | Episode Return = 0.0 | Evaluator Episodes = 12405 | Evaluator Steps = 620250 | Final Dist = 2.350 | Final Dist 10 = 1.313 | Final Dist 100 = 1.108 | Final Dist 1000 = 1.328 | Init Dist = 12.806 | Init Dist 10 = 12.806 | Init Dist 100 = 12.806 | Init Dist 1000 = 12.806 | Learner Steps = 38047 | Learner Walltime = 7535.527 | Min Dist = 1.214 | Min Dist 10 = 0.346 | Min Dist 100 = 0.474 | Min Dist 1000 = 0.687 | Steps Per Second = 91.518 | Success = 0.000 | Success 1000 = 0.871
I0502 17:11:52.779717 139579566835264 terminal.py:91] [Evaluator] Actor Episodes = 48903 | Actor Steps = 2445150 | Delta Dist = 10.627 | Delta Dist 10 = 11.407 | Delta Dist 100 = 11.674 | Delta Dist 1000 = 11.477 | Episode Length = 50 | Episode Return = 14.0 | Evaluator Episodes = 12407 | Evaluator Steps = 620350 | Final Dist = 2.179 | Final Dist 10 = 1.399 | Final Dist 100 = 1.132 | Final Dist 1000 = 1.329 | Init Dist = 12.806 | Init Dist 10 = 12.806 | Init Dist 100 = 12.806 | Init Dist 1000 = 12.806 | Learner Steps = 38054 | Learner Walltime = 7536.792 | Min Dist = 0.044 | Min Dist 10 = 0.426 | Min Dist 100 = 0.487 | Min Dist 1000 = 0.688 | Steps Per Second = 77.188 | Success = 1.000 | Success 1000 = 0.870
I0502 17:11:53.136767 139569349502528 terminal.py:91] [Actor] Actor Episodes = 48911 | Actor Steps = 2445550 | Delta Dist = 7.909 | Delta Dist 10 = 3.886 | Delta Dist 100 = 4.423 | Delta Dist 1000 = 4.345 | Episode Length = 50 | Episode Return = 45.0 | Evaluator Episodes = 12407 | Evaluator Steps = 620350 | Final Dist = 0.154 | Final Dist 10 = 1.240 | Final Dist 100 = 1.543 | Final Dist 1000 = 1.666 | Init Dist = 8.062 | Init Dist 10 = 5.127 | Init Dist 100 = 5.966 | Init Dist 1000 = 6.011 | Learner Steps = 38054 | Learner Walltime = 7536.792 | Min Dist = 0.037 | Min Dist 10 = 0.117 | Min Dist 100 = 0.173 | Min Dist 1000 = 0.262 | Steps Per Second = 75.866 | Success = 1.000 | Success 1000 = 0.989
I0502 17:11:53.890092 139579566835264 terminal.py:91] [Evaluator] Actor Episodes = 48911 | Actor Steps = 2445550 | Delta Dist = 12.026 | Delta Dist 10 = 11.473 | Delta Dist 100 = 11.672 | Delta Dist 1000 = 11.483 | Episode Length = 50 | Episode Return = 13.0 | Evaluator Episodes = 12409 | Evaluator Steps = 620450 | Final Dist = 0.780 | Final Dist 10 = 1.333 | Final Dist 100 = 1.135 | Final Dist 1000 = 1.323 | Init Dist = 12.806 | Init Dist 10 = 12.806 | Init Dist 100 = 12.806 | Init Dist 1000 = 12.806 | Learner Steps = 38060 | Learner Walltime = 7537.953 | Min Dist = 0.387 | Min Dist 10 = 0.305 | Min Dist 100 = 0.479 | Min Dist 1000 = 0.682 | Steps Per Second = 91.060 | Success = 1.000 | Success 1000 = 0.871
I0502 17:11:55.072157 139579566835264 terminal.py:91] [Evaluator] Actor Episodes = 48919 | Actor Steps = 2445950 | Delta Dist = 12.122 | Delta Dist 10 = 11.613 | Delta Dist 100 = 11.658 | Delta Dist 1000 = 11.484 | Episode Length = 50 | Episode Return = 12.0 | Evaluator Episodes = 12411 | Evaluator Steps = 620550 | Final Dist = 0.685 | Final Dist 10 = 1.193 | Final Dist 100 = 1.148 | Final Dist 1000 = 1.323 | Init Dist = 12.806 | Init Dist 10 = 12.806 | Init Dist 100 = 12.806 | Init Dist 1000 = 12.806 | Learner Steps = 38066 | Learner Walltime = 7539.108 | Min Dist = 0.107 | Min Dist 10 = 0.364 | Min Dist 100 = 0.480 | Min Dist 1000 = 0.682 | Steps Per Second = 86.650 | Success = 1.000 | Success 1000 = 0.871
I0502 17:11:56.249912 139579566835264 terminal.py:91] [Evaluator] Actor Episodes = 48927 | Actor Steps = 2446350 | Delta Dist = 7.459 | Delta Dist 10 = 11.733 | Delta Dist 100 = 11.667 | Delta Dist 1000 = 11.483 | Episode Length = 50 | Episode Return = 0.0 | Evaluator Episodes = 12413 | Evaluator Steps = 620650 | Final Dist = 5.347 | Final Dist 10 = 1.073 | Final Dist 100 = 1.140 | Final Dist 1000 = 1.323 | Init Dist = 12.806 | Init Dist 10 = 12.806 | Init Dist 100 = 12.806 | Init Dist 1000 = 12.806 | Learner Steps = 38072 | Learner Walltime = 7540.322 | Min Dist = 5.238 | Min Dist 10 = 0.391 | Min Dist 100 = 0.481 | Min Dist 1000 = 0.682 | Steps Per Second = 89.557 | Success = 0.000 | Success 1000 = 0.871
I0502 17:11:56.623327 139558059398720 terminal.py:91] [Actor] Actor Episodes = 48935 | Actor Steps = 2446750 | Delta Dist = 0.842 | Delta Dist 10 = 4.812 | Delta Dist 100 = 4.454 | Delta Dist 1000 = 4.361 | Episode Length = 50 | Episode Return = 1.0 | Evaluator Episodes = 12413 | Evaluator Steps = 620650 | Final Dist = 1.394 | Final Dist 10 = 1.015 | Final Dist 100 = 1.484 | Final Dist 1000 = 1.665 | Init Dist = 2.236 | Init Dist 10 = 5.827 | Init Dist 100 = 5.938 | Init Dist 1000 = 6.026 | Learner Steps = 38072 | Learner Walltime = 7540.322 | Min Dist = 0.444 | Min Dist 10 = 0.067 | Min Dist 100 = 0.252 | Min Dist 1000 = 0.270 | Steps Per Second = 83.524 | Success = 1.000 | Success 1000 = 0.989
I0502 17:11:57.518574 139579566835264 terminal.py:91] [Evaluator] Actor Episodes = 48935 | Actor Steps = 2446750 | Delta Dist = 10.715 | Delta Dist 10 = 11.239 | Delta Dist 100 = 11.626 | Delta Dist 1000 = 11.479 | Episode Length = 50 | Episode Return = 0.0 | Evaluator Episodes = 12415 | Evaluator Steps = 620750 | Final Dist = 2.091 | Final Dist 10 = 1.567 | Final Dist 100 = 1.180 | Final Dist 1000 = 1.327 | Init Dist = 12.806 | Init Dist 10 = 12.806 | Init Dist 100 = 12.806 | Init Dist 1000 = 12.806 | Learner Steps = 38078 | Learner Walltime = 7541.373 | Min Dist = 1.201 | Min Dist 10 = 0.839 | Min Dist 100 = 0.531 | Min Dist 1000 = 0.687 | Steps Per Second = 74.141 | Success = 0.000 | Success 1000 = 0.870
I0502 17:11:57.690475 139557462840896 terminal.py:91] [Actor] Actor Episodes = 48939 | Actor Steps = 2446950 | Delta Dist = 5.277 | Delta Dist 10 = 5.028 | Delta Dist 100 = 4.645 | Delta Dist 1000 = 4.368 | Episode Length = 50 | Episode Return = 33.0 | Evaluator Episodes = 12415 | Evaluator Steps = 620750 | Final Dist = 0.805 | Final Dist 10 = 1.064 | Final Dist 100 = 1.369 | Final Dist 1000 = 1.662 | Init Dist = 6.083 | Init Dist 10 = 6.092 | Init Dist 100 = 6.014 | Init Dist 1000 = 6.030 | Learner Steps = 38078 | Learner Walltime = 7541.373 | Min Dist = 0.093 | Min Dist 10 = 0.123 | Min Dist 100 = 0.254 | Min Dist 1000 = 0.270 | Steps Per Second = 78.671 | Success = 1.000 | Success 1000 = 0.989
I0502 17:11:58.789252 139555860620864 terminal.py:91] [Actor] Actor Episodes = 48945 | Actor Steps = 2447250 | Delta Dist = 1.980 | Delta Dist 10 = 4.504 | Delta Dist 100 = 4.653 | Delta Dist 1000 = 4.356 | Episode Length = 50 | Episode Return = 34.0 | Evaluator Episodes = 12415 | Evaluator Steps = 620750 | Final Dist = 0.256 | Final Dist 10 = 0.790 | Final Dist 100 = 1.323 | Final Dist 1000 = 1.660 | Init Dist = 2.236 | Init Dist 10 = 5.293 | Init Dist 100 = 5.977 | Init Dist 1000 = 6.016 | Learner Steps = 38084 | Learner Walltime = 7542.647 | Min Dist = 0.017 | Min Dist 10 = 0.088 | Min Dist 100 = 0.252 | Min Dist 1000 = 0.269 | Steps Per Second = 82.315 | Success = 1.000 | Success 1000 = 0.989
I0502 17:11:58.797790 139579566835264 terminal.py:91] [Evaluator] Actor Episodes = 48945 | Actor Steps = 2447250 | Delta Dist = 12.419 | Delta Dist 10 = 11.343 | Delta Dist 100 = 11.618 | Delta Dist 1000 = 11.478 | Episode Length = 50 | Episode Return = 27.0 | Evaluator Episodes = 12417 | Evaluator Steps = 620850 | Final Dist = 0.387 | Final Dist 10 = 1.463 | Final Dist 100 = 1.188 | Final Dist 1000 = 1.328 | Init Dist = 12.806 | Init Dist 10 = 12.806 | Init Dist 100 = 12.806 | Init Dist 1000 = 12.806 | Learner Steps = 38084 | Learner Walltime = 7542.647 | Min Dist = 0.083 | Min Dist 10 = 0.816 | Min Dist 100 = 0.542 | Min Dist 1000 = 0.687 | Steps Per Second = 76.945 | Success = 1.000 | Success 1000 = 0.869
I0502 17:11:59.112401 139584504182336 lp_utils.py:96] StepsLimiter: Reached 2447450 recorded steps
I0502 17:11:59.986557 139579566835264 terminal.py:91] [Evaluator] Actor Episodes = 48951 | Actor Steps = 2447550 | Delta Dist = 11.749 | Delta Dist 10 = 11.329 | Delta Dist 100 = 11.603 | Delta Dist 1000 = 11.476 | Episode Length = 50 | Episode Return = 7.0 | Evaluator Episodes = 12419 | Evaluator Steps = 620950 | Final Dist = 1.057 | Final Dist 10 = 1.477 | Final Dist 100 = 1.203 | Final Dist 1000 = 1.330 | Init Dist = 12.806 | Init Dist 10 = 12.806 | Init Dist 100 = 12.806 | Init Dist 1000 = 12.806 | Learner Steps = 38090 | Learner Walltime = 7543.729 | Min Dist = 0.350 | Min Dist 10 = 0.815 | Min Dist 100 = 0.541 | Min Dist 1000 = 0.687 | Steps Per Second = 89.291 | Success = 1.000 | Success 1000 = 0.869
I0502 17:12:00.726959 139555013154368 terminal.py:91] [Learner] Actor Episodes = 48959 | Actor Loss = 3.7198095321655273 | Actor Steps = 2447950 | Binary Accuracy = 0.9960587024688721 | Categorical Accuracy = 0.4322509765625 | Critic Loss = 1.7480597496032715 | Entropy Mean = -23.021846771240234 | Evaluator Episodes = 12419 | Evaluator Steps = 620950 | Learner Steps = 38096 | Learner Walltime = 7544.922 | Logits Neg = -17.67288589477539 | Logits Pos = -1.7583509683609009 | Logsumexp = 1.1646405458450317 | Steps Per Second = 258.482
I0502 17:12:01.113126 139579566835264 terminal.py:91] [Evaluator] Actor Episodes = 48959 | Actor Steps = 2447950 | Delta Dist = 11.567 | Delta Dist 10 = 11.334 | Delta Dist 100 = 11.612 | Delta Dist 1000 = 11.477 | Episode Length = 50 | Episode Return = 9.0 | Evaluator Episodes = 12421 | Evaluator Steps = 621050 | Final Dist = 1.239 | Final Dist 10 = 1.472 | Final Dist 100 = 1.194 | Final Dist 1000 = 1.329 | Init Dist = 12.806 | Init Dist 10 = 12.806 | Init Dist 100 = 12.806 | Init Dist 1000 = 12.806 | Learner Steps = 38096 | Learner Walltime = 7544.922 | Min Dist = 0.668 | Min Dist 10 = 0.786 | Min Dist 100 = 0.534 | Min Dist 1000 = 0.687 | Steps Per Second = 83.891 | Success = 1.000 | Success 1000 = 0.869
I0502 17:12:02.327169 139579566835264 terminal.py:91] [Evaluator] Actor Episodes = 48967 | Actor Steps = 2448350 | Delta Dist = 5.708 | Delta Dist 10 = 11.256 | Delta Dist 100 = 11.660 | Delta Dist 1000 = 11.482 | Episode Length = 50 | Episode Return = 0.0 | Evaluator Episodes = 12423 | Evaluator Steps = 621150 | Final Dist = 7.098 | Final Dist 10 = 1.550 | Final Dist 100 = 1.146 | Final Dist 1000 = 1.325 | Init Dist = 12.806 | Init Dist 10 = 12.806 | Init Dist 100 = 12.806 | Init Dist 1000 = 12.806 | Learner Steps = 38102 | Learner Walltime = 7546.020 | Min Dist = 5.318 | Min Dist 10 = 0.809 | Min Dist 100 = 0.487 | Min Dist 1000 = 0.682 | Steps Per Second = 85.984 | Success = 0.000 | Success 1000 = 0.870
I0502 17:12:03.396517 139569349502528 terminal.py:91] [Actor] Actor Episodes = 48976 | Actor Steps = 2448800 | Delta Dist = 3.326 | Delta Dist 10 = 5.396 | Delta Dist 100 = 4.405 | Delta Dist 1000 = 4.344 | Episode Length = 50 | Episode Return = 32.0 | Evaluator Episodes = 12423 | Evaluator Steps = 621150 | Final Dist = 0.279 | Final Dist 10 = 0.570 | Final Dist 100 = 1.326 | Final Dist 1000 = 1.646 | Init Dist = 3.606 | Init Dist 10 = 5.966 | Init Dist 100 = 5.731 | Init Dist 1000 = 5.991 | Learner Steps = 38102 | Learner Walltime = 7546.020 | Min Dist = 0.100 | Min Dist 10 = 0.033 | Min Dist 100 = 0.181 | Min Dist 1000 = 0.269 | Steps Per Second = 77.877 | Success = 1.000 | Success 1000 = 0.988
I0502 17:12:03.541100 139579566835264 terminal.py:91] [Evaluator] Actor Episodes = 48975 | Actor Steps = 2448750 | Delta Dist = 12.186 | Delta Dist 10 = 11.149 | Delta Dist 100 = 11.598 | Delta Dist 1000 = 11.476 | Episode Length = 50 | Episode Return = 11.0 | Evaluator Episodes = 12425 | Evaluator Steps = 621250 | Final Dist = 0.621 | Final Dist 10 = 1.657 | Final Dist 100 = 1.209 | Final Dist 1000 = 1.330 | Init Dist = 12.806 | Init Dist 10 = 12.806 | Init Dist 100 = 12.806 | Init Dist 1000 = 12.806 | Learner Steps = 38108 | Learner Walltime = 7547.330 | Min Dist = 0.270 | Min Dist 10 = 0.841 | Min Dist 100 = 0.538 | Min Dist 1000 = 0.687 | Steps Per Second = 81.848 | Success = 1.000 | Success 1000 = 0.869
I0502 17:12:04.767402 139579566835264 terminal.py:91] [Evaluator] Actor Episodes = 48983 | Actor Steps = 2449150 | Delta Dist = 12.690 | Delta Dist 10 = 10.752 | Delta Dist 100 = 11.550 | Delta Dist 1000 = 11.476 | Episode Length = 50 | Episode Return = 27.0 | Evaluator Episodes = 12427 | Evaluator Steps = 621350 | Final Dist = 0.117 | Final Dist 10 = 2.055 | Final Dist 100 = 1.256 | Final Dist 1000 = 1.330 | Init Dist = 12.806 | Init Dist 10 = 12.806 | Init Dist 100 = 12.806 | Init Dist 1000 = 12.806 | Learner Steps = 38115 | Learner Walltime = 7548.628 | Min Dist = 0.067 | Min Dist 10 = 1.267 | Min Dist 100 = 0.587 | Min Dist 1000 = 0.686 | Steps Per Second = 78.544 | Success = 1.000 | Success 1000 = 0.870
I0502 17:12:05.954803 139579566835264 terminal.py:91] [Evaluator] Actor Episodes = 48993 | Actor Steps = 2449650 | Delta Dist = 11.825 | Delta Dist 10 = 10.797 | Delta Dist 100 = 11.565 | Delta Dist 1000 = 11.476 | Episode Length = 50 | Episode Return = 12.0 | Evaluator Episodes = 12429 | Evaluator Steps = 621450 | Final Dist = 0.981 | Final Dist 10 = 2.009 | Final Dist 100 = 1.242 | Final Dist 1000 = 1.330 | Init Dist = 12.806 | Init Dist 10 = 12.806 | Init Dist 100 = 12.806 | Init Dist 1000 = 12.806 | Learner Steps = 38121 | Learner Walltime = 7549.761 | Min Dist = 0.481 | Min Dist 10 = 1.259 | Min Dist 100 = 0.572 | Min Dist 1000 = 0.686 | Steps Per Second = 88.688 | Success = 1.000 | Success 1000 = 0.870
I0502 17:12:06.930714 139558059398720 terminal.py:91] [Actor] Actor Episodes = 48998 | Actor Steps = 2449900 | Delta Dist = 8.112 | Delta Dist 10 = 4.796 | Delta Dist 100 = 4.536 | Delta Dist 1000 = 4.368 | Episode Length = 50 | Episode Return = 31.0 | Evaluator Episodes = 12429 | Evaluator Steps = 621450 | Final Dist = 0.490 | Final Dist 10 = 1.868 | Final Dist 100 = 1.347 | Final Dist 1000 = 1.630 | Init Dist = 8.602 | Init Dist 10 = 6.664 | Init Dist 100 = 5.884 | Init Dist 1000 = 5.998 | Learner Steps = 38121 | Learner Walltime = 7549.761 | Min Dist = 0.017 | Min Dist 10 = 0.072 | Min Dist 100 = 0.175 | Min Dist 1000 = 0.254 | Steps Per Second = 81.322 | Success = 1.000 | Success 1000 = 0.988
I0502 17:12:07.156485 139579566835264 terminal.py:91] [Evaluator] Actor Episodes = 48999 | Actor Steps = 2449950 | Delta Dist = 12.473 | Delta Dist 10 = 10.845 | Delta Dist 100 = 11.617 | Delta Dist 1000 = 11.477 | Episode Length = 50 | Episode Return = 15.0 | Evaluator Episodes = 12431 | Evaluator Steps = 621550 | Final Dist = 0.333 | Final Dist 10 = 1.962 | Final Dist 100 = 1.189 | Final Dist 1000 = 1.329 | Init Dist = 12.806 | Init Dist 10 = 12.806 | Init Dist 100 = 12.806 | Init Dist 1000 = 12.806 | Learner Steps = 38126 | Learner Walltime = 7550.840 | Min Dist = 0.065 | Min Dist 10 = 1.266 | Min Dist 100 = 0.525 | Min Dist 1000 = 0.685 | Steps Per Second = 81.916 | Success = 1.000 | Success 1000 = 0.870
I0502 17:12:08.057451 139557462840896 terminal.py:91] [Actor] Actor Episodes = 49004 | Actor Steps = 2450200 | Delta Dist = 5.440 | Delta Dist 10 = 5.687 | Delta Dist 100 = 4.646 | Delta Dist 1000 = 4.371 | Episode Length = 50 | Episode Return = 16.0 | Evaluator Episodes = 12431 | Evaluator Steps = 621550 | Final Dist = 0.963 | Final Dist 10 = 0.884 | Final Dist 100 = 1.283 | Final Dist 1000 = 1.631 | Init Dist = 6.403 | Init Dist 10 = 6.572 | Init Dist 100 = 5.928 | Init Dist 1000 = 6.002 | Learner Steps = 38126 | Learner Walltime = 7550.840 | Min Dist = 0.028 | Min Dist 10 = 0.032 | Min Dist 100 = 0.166 | Min Dist 1000 = 0.254 | Steps Per Second = 79.293 | Success = 1.000 | Success 1000 = 0.988
I0502 17:12:08.470935 139579566835264 terminal.py:91] [Evaluator] Actor Episodes = 49009 | Actor Steps = 2450450 | Delta Dist = 11.803 | Delta Dist 10 = 11.024 | Delta Dist 100 = 11.686 | Delta Dist 1000 = 11.480 | Episode Length = 50 | Episode Return = 4.0 | Evaluator Episodes = 12433 | Evaluator Steps = 621650 | Final Dist = 1.003 | Final Dist 10 = 1.782 | Final Dist 100 = 1.120 | Final Dist 1000 = 1.326 | Init Dist = 12.806 | Init Dist 10 = 12.806 | Init Dist 100 = 12.806 | Init Dist 1000 = 12.806 | Learner Steps = 38133 | Learner Walltime = 7552.177 | Min Dist = 0.231 | Min Dist 10 = 1.204 | Min Dist 100 = 0.470 | Min Dist 1000 = 0.684 | Steps Per Second = 71.751 | Success = 1.000 | Success 1000 = 0.870
I0502 17:12:09.128894 139555860620864 terminal.py:91] [Actor] Actor Episodes = 49010 | Actor Steps = 2450500 | Delta Dist = 2.547 | Delta Dist 10 = 5.481 | Delta Dist 100 = 4.587 | Delta Dist 1000 = 4.380 | Episode Length = 50 | Episode Return = 27.0 | Evaluator Episodes = 12431 | Evaluator Steps = 621550 | Final Dist = 0.615 | Final Dist 10 = 0.589 | Final Dist 100 = 1.236 | Final Dist 1000 = 1.618 | Init Dist = 3.162 | Init Dist 10 = 6.070 | Init Dist 100 = 5.823 | Init Dist 1000 = 5.998 | Learner Steps = 38133 | Learner Walltime = 7552.177 | Min Dist = 0.129 | Min Dist 10 = 0.028 | Min Dist 100 = 0.161 | Min Dist 1000 = 0.243 | Steps Per Second = 75.642 | Success = 1.000 | Success 1000 = 0.988
I0502 17:12:09.130450 139584504182336 lp_utils.py:96] StepsLimiter: Reached 2450750 recorded steps
I0502 17:12:09.711252 139579566835264 terminal.py:91] [Evaluator] Actor Episodes = 49015 | Actor Steps = 2450750 | Delta Dist = 12.379 | Delta Dist 10 = 10.775 | Delta Dist 100 = 11.596 | Delta Dist 1000 = 11.472 | Episode Length = 50 | Episode Return = 3.0 | Evaluator Episodes = 12435 | Evaluator Steps = 621750 | Final Dist = 0.427 | Final Dist 10 = 2.031 | Final Dist 100 = 1.211 | Final Dist 1000 = 1.335 | Init Dist = 12.806 | Init Dist 10 = 12.806 | Init Dist 100 = 12.806 | Init Dist 1000 = 12.806 | Learner Steps = 38139 | Learner Walltime = 7553.248 | Min Dist = 0.231 | Min Dist 10 = 1.443 | Min Dist 100 = 0.546 | Min Dist 1000 = 0.692 | Steps Per Second = 86.525 | Success = 1.000 | Success 1000 = 0.869
I0502 17:12:10.794841 139555013154368 terminal.py:91] [Learner] Actor Episodes = 49019 | Actor Loss = 3.7852730751037598 | Actor Steps = 2450950 | Binary Accuracy = 0.9960498809814453 | Categorical Accuracy = 0.43475341796875 | Critic Loss = 1.712585687637329 | Entropy Mean = -23.643381118774414 | Evaluator Episodes = 12435 | Evaluator Steps = 621750 | Learner Steps = 38147 | Learner Walltime = 7554.986 | Logits Neg = -17.629894256591797 | Logits Pos = -1.692624807357788 | Logsumexp = 1.055341124534607 | Steps Per Second = 171.461
I0502 17:12:10.947156 139579566835264 terminal.py:91] [Evaluator] Actor Episodes = 49023 | Actor Steps = 2451150 | Delta Dist = 11.807 | Delta Dist 10 = 10.778 | Delta Dist 100 = 11.548 | Delta Dist 1000 = 11.467 | Episode Length = 50 | Episode Return = 9.0 | Evaluator Episodes = 12437 | Evaluator Steps = 621850 | Final Dist = 0.999 | Final Dist 10 = 2.028 | Final Dist 100 = 1.258 | Final Dist 1000 = 1.339 | Init Dist = 12.806 | Init Dist 10 = 12.806 | Init Dist 100 = 12.806 | Init Dist 1000 = 12.806 | Learner Steps = 38143 | Learner Walltime = 7554.327 | Min Dist = 0.378 | Min Dist 10 = 1.415 | Min Dist 100 = 0.590 | Min Dist 1000 = 0.697 | Steps Per Second = 83.324 | Success = 1.000 | Success 1000 = 0.868
I0502 17:12:12.162115 139579566835264 terminal.py:91] [Evaluator] Actor Episodes = 49031 | Actor Steps = 2451550 | Delta Dist = 11.780 | Delta Dist 10 = 10.716 | Delta Dist 100 = 11.533 | Delta Dist 1000 = 11.466 | Episode Length = 50 | Episode Return = 9.0 | Evaluator Episodes = 12439 | Evaluator Steps = 621950 | Final Dist = 1.027 | Final Dist 10 = 2.090 | Final Dist 100 = 1.273 | Final Dist 1000 = 1.340 | Init Dist = 12.806 | Init Dist 10 = 12.806 | Init Dist 100 = 12.806 | Init Dist 1000 = 12.806 | Learner Steps = 38149 | Learner Walltime = 7555.331 | Min Dist = 0.066 | Min Dist 10 = 1.522 | Min Dist 100 = 0.598 | Min Dist 1000 = 0.698 | Steps Per Second = 84.063 | Success = 1.000 | Success 1000 = 0.868
I0502 17:12:13.431153 139579566835264 terminal.py:91] [Evaluator] Actor Episodes = 49039 | Actor Steps = 2451950 | Delta Dist = 11.813 | Delta Dist 10 = 10.685 | Delta Dist 100 = 11.530 | Delta Dist 1000 = 11.467 | Episode Length = 50 | Episode Return = 4.0 | Evaluator Episodes = 12441 | Evaluator Steps = 622050 | Final Dist = 0.993 | Final Dist 10 = 2.122 | Final Dist 100 = 1.276 | Final Dist 1000 = 1.339 | Init Dist = 12.806 | Init Dist 10 = 12.806 | Init Dist 100 = 12.806 | Init Dist 1000 = 12.806 | Learner Steps = 38160 | Learner Walltime = 7557.585 | Min Dist = 0.977 | Min Dist 10 = 1.540 | Min Dist 100 = 0.602 | Min Dist 1000 = 0.696 | Steps Per Second = 75.817 | Success = 1.000 | Success 1000 = 0.869
I0502 17:12:13.502908 139569349502528 terminal.py:91] [Actor] Actor Episodes = 49040 | Actor Steps = 2452000 | Delta Dist = 7.638 | Delta Dist 10 = 2.339 | Delta Dist 100 = 4.232 | Delta Dist 1000 = 4.339 | Episode Length = 50 | Episode Return = 34.0 | Evaluator Episodes = 12439 | Evaluator Steps = 621950 | Final Dist = 0.608 | Final Dist 10 = 1.725 | Final Dist 100 = 1.301 | Final Dist 1000 = 1.645 | Init Dist = 8.246 | Init Dist 10 = 4.064 | Init Dist 100 = 5.533 | Init Dist 1000 = 5.985 | Learner Steps = 38154 | Learner Walltime = 7556.512 | Min Dist = 0.042 | Min Dist 10 = 0.085 | Min Dist 100 = 0.169 | Min Dist 1000 = 0.248 | Steps Per Second = 81.025 | Success = 1.000 | Success 1000 = 0.988
I0502 17:12:14.601734 139579566835264 terminal.py:91] [Evaluator] Actor Episodes = 49047 | Actor Steps = 2452350 | Delta Dist = 11.041 | Delta Dist 10 = 9.967 | Delta Dist 100 = 11.484 | Delta Dist 1000 = 11.472 | Episode Length = 50 | Episode Return = 0.0 | Evaluator Episodes = 12443 | Evaluator Steps = 622150 | Final Dist = 1.766 | Final Dist 10 = 2.840 | Final Dist 100 = 1.322 | Final Dist 1000 = 1.334 | Init Dist = 12.806 | Init Dist 10 = 12.806 | Init Dist 100 = 12.806 | Init Dist 1000 = 12.806 | Learner Steps = 38165 | Learner Walltime = 7558.592 | Min Dist = 1.002 | Min Dist 10 = 2.122 | Min Dist 100 = 0.648 | Min Dist 1000 = 0.692 | Steps Per Second = 86.354 | Success = 0.000 | Success 1000 = 0.870
I0502 17:12:15.758295 139579566835264 terminal.py:91] [Evaluator] Actor Episodes = 49055 | Actor Steps = 2452750 | Delta Dist = 12.227 | Delta Dist 10 = 10.735 | Delta Dist 100 = 11.482 | Delta Dist 1000 = 11.472 | Episode Length = 50 | Episode Return = 13.0 | Evaluator Episodes = 12445 | Evaluator Steps = 622250 | Final Dist = 0.579 | Final Dist 10 = 2.071 | Final Dist 100 = 1.324 | Final Dist 1000 = 1.334 | Init Dist = 12.806 | Init Dist 10 = 12.806 | Init Dist 100 = 12.806 | Init Dist 1000 = 12.806 | Learner Steps = 38171 | Learner Walltime = 7559.747 | Min Dist = 0.197 | Min Dist 10 = 1.480 | Min Dist 100 = 0.658 | Min Dist 1000 = 0.694 | Steps Per Second = 88.035 | Success = 1.000 | Success 1000 = 0.869
I0502 17:12:17.012406 139579566835264 terminal.py:91] [Evaluator] Actor Episodes = 49063 | Actor Steps = 2453150 | Delta Dist = 10.785 | Delta Dist 10 = 11.191 | Delta Dist 100 = 11.484 | Delta Dist 1000 = 11.472 | Episode Length = 50 | Episode Return = 0.0 | Evaluator Episodes = 12447 | Evaluator Steps = 622350 | Final Dist = 2.022 | Final Dist 10 = 1.615 | Final Dist 100 = 1.322 | Final Dist 1000 = 1.334 | Init Dist = 12.806 | Init Dist 10 = 12.806 | Init Dist 100 = 12.806 | Init Dist 1000 = 12.806 | Learner Steps = 38176 | Learner Walltime = 7560.866 | Min Dist = 1.016 | Min Dist 10 = 0.967 | Min Dist 100 = 0.649 | Min Dist 1000 = 0.693 | Steps Per Second = 78.441 | Success = 0.000 | Success 1000 = 0.869
I0502 17:12:17.019391 139558059398720 terminal.py:91] [Actor] Actor Episodes = 49062 | Actor Steps = 2453100 | Delta Dist = 6.080 | Delta Dist 10 = 3.154 | Delta Dist 100 = 4.479 | Delta Dist 1000 = 4.373 | Episode Length = 50 | Episode Return = 12.0 | Evaluator Episodes = 12445 | Evaluator Steps = 622250 | Final Dist = 0.991 | Final Dist 10 = 2.809 | Final Dist 100 = 1.386 | Final Dist 1000 = 1.630 | Init Dist = 7.071 | Init Dist 10 = 5.963 | Init Dist 100 = 5.865 | Init Dist 1000 = 6.003 | Learner Steps = 38171 | Learner Walltime = 7559.747 | Min Dist = 0.010 | Min Dist 10 = 0.156 | Min Dist 100 = 0.183 | Min Dist 1000 = 0.243 | Steps Per Second = 83.628 | Success = 1.000 | Success 1000 = 0.989
I0502 17:12:18.136152 139557462840896 terminal.py:91] [Actor] Actor Episodes = 49068 | Actor Steps = 2453400 | Delta Dist = 2.775 | Delta Dist 10 = 5.425 | Delta Dist 100 = 4.563 | Delta Dist 1000 = 4.379 | Episode Length = 50 | Episode Return = 40.0 | Evaluator Episodes = 12447 | Evaluator Steps = 622350 | Final Dist = 0.388 | Final Dist 10 = 1.036 | Final Dist 100 = 1.342 | Final Dist 1000 = 1.621 | Init Dist = 3.162 | Init Dist 10 = 6.461 | Init Dist 100 = 5.905 | Init Dist 1000 = 5.999 | Learner Steps = 38176 | Learner Walltime = 7560.866 | Min Dist = 0.031 | Min Dist 10 = 0.037 | Min Dist 100 = 0.161 | Min Dist 1000 = 0.242 | Steps Per Second = 81.342 | Success = 1.000 | Success 1000 = 0.989
I0502 17:12:18.228197 139579566835264 terminal.py:91] [Evaluator] Actor Episodes = 49071 | Actor Steps = 2453550 | Delta Dist = 11.747 | Delta Dist 10 = 11.242 | Delta Dist 100 = 11.481 | Delta Dist 1000 = 11.471 | Episode Length = 50 | Episode Return = 7.0 | Evaluator Episodes = 12449 | Evaluator Steps = 622450 | Final Dist = 1.059 | Final Dist 10 = 1.564 | Final Dist 100 = 1.326 | Final Dist 1000 = 1.335 | Init Dist = 12.806 | Init Dist 10 = 12.806 | Init Dist 100 = 12.806 | Init Dist 1000 = 12.806 | Learner Steps = 38182 | Learner Walltime = 7561.945 | Min Dist = 0.303 | Min Dist 10 = 0.953 | Min Dist 100 = 0.655 | Min Dist 1000 = 0.693 | Steps Per Second = 82.155 | Success = 1.000 | Success 1000 = 0.868
I0502 17:12:19.150353 139584504182336 lp_utils.py:96] StepsLimiter: Reached 2453950 recorded steps
I0502 17:12:19.167114 139555860620864 terminal.py:91] [Actor] Actor Episodes = 49074 | Actor Steps = 2453700 | Delta Dist = 5.326 | Delta Dist 10 = 4.903 | Delta Dist 100 = 4.543 | Delta Dist 1000 = 4.391 | Episode Length = 50 | Episode Return = 34.0 | Evaluator Episodes = 12449 | Evaluator Steps = 622450 | Final Dist = 0.059 | Final Dist 10 = 1.195 | Final Dist 100 = 1.369 | Final Dist 1000 = 1.610 | Init Dist = 5.385 | Init Dist 10 = 6.097 | Init Dist 100 = 5.912 | Init Dist 1000 = 6.002 | Learner Steps = 38182 | Learner Walltime = 7561.945 | Min Dist = 0.022 | Min Dist 10 = 0.068 | Min Dist 100 = 0.164 | Min Dist 1000 = 0.235 | Steps Per Second = 83.314 | Success = 1.000 | Success 1000 = 0.991
I0502 17:12:19.422500 139579566835264 terminal.py:91] [Evaluator] Actor Episodes = 49079 | Actor Steps = 2453950 | Delta Dist = 12.288 | Delta Dist 10 = 11.203 | Delta Dist 100 = 11.490 | Delta Dist 1000 = 11.470 | Episode Length = 50 | Episode Return = 18.0 | Evaluator Episodes = 12451 | Evaluator Steps = 622550 | Final Dist = 0.518 | Final Dist 10 = 1.603 | Final Dist 100 = 1.316 | Final Dist 1000 = 1.337 | Init Dist = 12.806 | Init Dist 10 = 12.806 | Init Dist 100 = 12.806 | Init Dist 1000 = 12.806 | Learner Steps = 38188 | Learner Walltime = 7563.263 | Min Dist = 0.353 | Min Dist 10 = 0.943 | Min Dist 100 = 0.642 | Min Dist 1000 = 0.694 | Steps Per Second = 91.656 | Success = 1.000 | Success 1000 = 0.868
I0502 17:12:20.491137 139579566835264 terminal.py:91] [Evaluator] Actor Episodes = 49087 | Actor Steps = 2454350 | Delta Dist = 11.451 | Delta Dist 10 = 11.770 | Delta Dist 100 = 11.483 | Delta Dist 1000 = 11.468 | Episode Length = 50 | Episode Return = 10.0 | Evaluator Episodes = 12453 | Evaluator Steps = 622650 | Final Dist = 1.355 | Final Dist 10 = 1.036 | Final Dist 100 = 1.323 | Final Dist 1000 = 1.338 | Init Dist = 12.806 | Init Dist 10 = 12.806 | Init Dist 100 = 12.806 | Init Dist 1000 = 12.806 | Learner Steps = 38194 | Learner Walltime = 7564.443 | Min Dist = 0.085 | Min Dist 10 = 0.413 | Min Dist 100 = 0.646 | Min Dist 1000 = 0.694 | Steps Per Second = 89.547 | Success = 1.000 | Success 1000 = 0.868
I0502 17:12:20.886251 139555013154368 terminal.py:91] [Learner] Actor Episodes = 49085 | Actor Loss = 3.845386028289795 | Actor Steps = 2454250 | Binary Accuracy = 0.9960305690765381 | Categorical Accuracy = 0.41961669921875 | Critic Loss = 1.784869909286499 | Entropy Mean = -22.201351165771484 | Evaluator Episodes = 12451 | Evaluator Steps = 622550 | Learner Steps = 38197 | Learner Walltime = 7565.082 | Logits Neg = -17.217166900634766 | Logits Pos = -1.742064118385315 | Logsumexp = 1.1051596403121948 | Steps Per Second = 144.344
I0502 17:12:21.633610 139579566835264 terminal.py:91] [Evaluator] Actor Episodes = 49095 | Actor Steps = 2454750 | Delta Dist = 11.424 | Delta Dist 10 = 11.725 | Delta Dist 100 = 11.468 | Delta Dist 1000 = 11.468 | Episode Length = 50 | Episode Return = 23.0 | Evaluator Episodes = 12455 | Evaluator Steps = 622750 | Final Dist = 1.383 | Final Dist 10 = 1.081 | Final Dist 100 = 1.339 | Final Dist 1000 = 1.339 | Init Dist = 12.806 | Init Dist 10 = 12.806 | Init Dist 100 = 12.806 | Init Dist 1000 = 12.806 | Learner Steps = 38200 | Learner Walltime = 7565.492 | Min Dist = 0.457 | Min Dist 10 = 0.344 | Min Dist 100 = 0.648 | Min Dist 1000 = 0.695 | Steps Per Second = 89.227 | Success = 1.000 | Success 1000 = 0.868
I0502 17:12:22.852029 139579566835264 terminal.py:91] [Evaluator] Actor Episodes = 49103 | Actor Steps = 2455150 | Delta Dist = 11.684 | Delta Dist 10 = 11.743 | Delta Dist 100 = 11.478 | Delta Dist 1000 = 11.473 | Episode Length = 50 | Episode Return = 13.0 | Evaluator Episodes = 12457 | Evaluator Steps = 622850 | Final Dist = 1.122 | Final Dist 10 = 1.063 | Final Dist 100 = 1.328 | Final Dist 1000 = 1.333 | Init Dist = 12.806 | Init Dist 10 = 12.806 | Init Dist 100 = 12.806 | Init Dist 1000 = 12.806 | Learner Steps = 38206 | Learner Walltime = 7566.769 | Min Dist = 0.095 | Min Dist 10 = 0.374 | Min Dist 100 = 0.648 | Min Dist 1000 = 0.690 | Steps Per Second = 84.565 | Success = 1.000 | Success 1000 = 0.869
I0502 17:12:23.944688 139569349502528 terminal.py:91] [Actor] Actor Episodes = 49109 | Actor Steps = 2455450 | Delta Dist = 5.021 | Delta Dist 10 = 4.074 | Delta Dist 100 = 4.249 | Delta Dist 1000 = 4.388 | Episode Length = 50 | Episode Return = 36.0 | Evaluator Episodes = 12457 | Evaluator Steps = 622850 | Final Dist = 0.979 | Final Dist 10 = 2.077 | Final Dist 100 = 1.507 | Final Dist 1000 = 1.604 | Init Dist = 6.000 | Init Dist 10 = 6.151 | Init Dist 100 = 5.756 | Init Dist 1000 = 5.993 | Learner Steps = 38211 | Learner Walltime = 7567.840 | Min Dist = 0.013 | Min Dist 10 = 0.044 | Min Dist 100 = 0.170 | Min Dist 1000 = 0.225 | Steps Per Second = 80.882 | Success = 1.000 | Success 1000 = 0.991
I0502 17:12:24.078956 139579566835264 terminal.py:91] [Evaluator] Actor Episodes = 49111 | Actor Steps = 2455550 | Delta Dist = 12.120 | Delta Dist 10 = 11.716 | Delta Dist 100 = 11.467 | Delta Dist 1000 = 11.474 | Episode Length = 50 | Episode Return = 5.0 | Evaluator Episodes = 12459 | Evaluator Steps = 622950 | Final Dist = 0.686 | Final Dist 10 = 1.090 | Final Dist 100 = 1.339 | Final Dist 1000 = 1.332 | Init Dist = 12.806 | Init Dist 10 = 12.806 | Init Dist 100 = 12.806 | Init Dist 1000 = 12.806 | Learner Steps = 38211 | Learner Walltime = 7567.840 | Min Dist = 0.292 | Min Dist 10 = 0.282 | Min Dist 100 = 0.645 | Min Dist 1000 = 0.689 | Steps Per Second = 84.551 | Success = 1.000 | Success 1000 = 0.869
I0502 17:12:25.303520 139579566835264 terminal.py:91] [Evaluator] Actor Episodes = 49119 | Actor Steps = 2455950 | Delta Dist = 6.803 | Delta Dist 10 = 10.918 | Delta Dist 100 = 11.384 | Delta Dist 1000 = 11.467 | Episode Length = 50 | Episode Return = 0.0 | Evaluator Episodes = 12461 | Evaluator Steps = 623050 | Final Dist = 6.003 | Final Dist 10 = 1.889 | Final Dist 100 = 1.422 | Final Dist 1000 = 1.339 | Init Dist = 12.806 | Init Dist 10 = 12.806 | Init Dist 100 = 12.806 | Init Dist 1000 = 12.806 | Learner Steps = 38218 | Learner Walltime = 7569.086 | Min Dist = 5.298 | Min Dist 10 = 1.109 | Min Dist 100 = 0.730 | Min Dist 1000 = 0.698 | Steps Per Second = 82.103 | Success = 0.000 | Success 1000 = 0.868
I0502 17:12:26.453202 139579566835264 terminal.py:91] [Evaluator] Actor Episodes = 49125 | Actor Steps = 2456250 | Delta Dist = 10.640 | Delta Dist 10 = 10.491 | Delta Dist 100 = 11.337 | Delta Dist 1000 = 11.462 | Episode Length = 50 | Episode Return = 0.0 | Evaluator Episodes = 12463 | Evaluator Steps = 623150 | Final Dist = 2.166 | Final Dist 10 = 2.315 | Final Dist 100 = 1.469 | Final Dist 1000 = 1.344 | Init Dist = 12.806 | Init Dist 10 = 12.806 | Init Dist 100 = 12.806 | Init Dist 1000 = 12.806 | Learner Steps = 38223 | Learner Walltime = 7570.108 | Min Dist = 2.166 | Min Dist 10 = 1.585 | Min Dist 100 = 0.780 | Min Dist 1000 = 0.702 | Steps Per Second = 94.629 | Success = 0.000 | Success 1000 = 0.867
I0502 17:12:27.549835 139558059398720 terminal.py:91] [Actor] Actor Episodes = 49133 | Actor Steps = 2456650 | Delta Dist = -0.351 | Delta Dist 10 = 4.305 | Delta Dist 100 = 4.402 | Delta Dist 1000 = 4.353 | Episode Length = 50 | Episode Return = 34.0 | Evaluator Episodes = 12463 | Evaluator Steps = 623150 | Final Dist = 1.351 | Final Dist 10 = 2.426 | Final Dist 100 = 1.770 | Final Dist 1000 = 1.640 | Init Dist = 1.000 | Init Dist 10 = 6.731 | Init Dist 100 = 6.172 | Init Dist 1000 = 5.993 | Learner Steps = 38229 | Learner Walltime = 7571.307 | Min Dist = 0.016 | Min Dist 10 = 0.746 | Min Dist 100 = 0.163 | Min Dist 1000 = 0.233 | Steps Per Second = 93.650 | Success = 1.000 | Success 1000 = 0.990
I0502 17:12:27.568906 139579566835264 terminal.py:91] [Evaluator] Actor Episodes = 49133 | Actor Steps = 2456650 | Delta Dist = 11.155 | Delta Dist 10 = 10.521 | Delta Dist 100 = 11.330 | Delta Dist 1000 = 11.461 | Episode Length = 50 | Episode Return = 19.0 | Evaluator Episodes = 12465 | Evaluator Steps = 623250 | Final Dist = 1.651 | Final Dist 10 = 2.285 | Final Dist 100 = 1.476 | Final Dist 1000 = 1.345 | Init Dist = 12.806 | Init Dist 10 = 12.806 | Init Dist 100 = 12.806 | Init Dist 1000 = 12.806 | Learner Steps = 38229 | Learner Walltime = 7571.307 | Min Dist = 0.124 | Min Dist 10 = 1.744 | Min Dist 100 = 0.802 | Min Dist 1000 = 0.704 | Steps Per Second = 97.217 | Success = 1.000 | Success 1000 = 0.866
I0502 17:12:28.309376 139557462840896 terminal.py:91] [Actor] Actor Episodes = 49137 | Actor Steps = 2456850 | Delta Dist = 2.561 | Delta Dist 10 = 5.199 | Delta Dist 100 = 4.580 | Delta Dist 1000 = 4.362 | Episode Length = 50 | Episode Return = 33.0 | Evaluator Episodes = 12465 | Evaluator Steps = 623250 | Final Dist = 1.044 | Final Dist 10 = 0.769 | Final Dist 100 = 1.677 | Final Dist 1000 = 1.635 | Init Dist = 3.606 | Init Dist 10 = 6.204 | Init Dist 100 = 6.247 | Init Dist 1000 = 5.994 | Learner Steps = 38235 | Learner Walltime = 7572.469 | Min Dist = 0.057 | Min Dist 10 = 0.084 | Min Dist 100 = 0.161 | Min Dist 1000 = 0.226 | Steps Per Second = 80.184 | Success = 1.000 | Success 1000 = 0.990
I0502 17:12:28.740476 139579566835264 terminal.py:91] [Evaluator] Actor Episodes = 49139 | Actor Steps = 2456950 | Delta Dist = 11.763 | Delta Dist 10 = 10.414 | Delta Dist 100 = 11.312 | Delta Dist 1000 = 11.461 | Episode Length = 50 | Episode Return = 7.0 | Evaluator Episodes = 12467 | Evaluator Steps = 623350 | Final Dist = 1.044 | Final Dist 10 = 2.392 | Final Dist 100 = 1.494 | Final Dist 1000 = 1.346 | Init Dist = 12.806 | Init Dist 10 = 12.806 | Init Dist 100 = 12.806 | Init Dist 1000 = 12.806 | Learner Steps = 38235 | Learner Walltime = 7572.469 | Min Dist = 0.375 | Min Dist 10 = 1.702 | Min Dist 100 = 0.801 | Min Dist 1000 = 0.704 | Steps Per Second = 77.700 | Success = 1.000 | Success 1000 = 0.866
I0502 17:12:29.170968 139584504182336 lp_utils.py:96] StepsLimiter: Reached 2457150 recorded steps
I0502 17:12:29.629319 139584635659840 savers.py:156] Saving checkpoint: logs/contrastive_cpc_point_FourRooms_64/5dd72662-2788-11f0-b183-d85ed38c5779/checkpoints/counter
I0502 17:12:29.787837 139555860620864 terminal.py:91] [Actor] Actor Episodes = 49147 | Actor Steps = 2457350 | Delta Dist = 0.849 | Delta Dist 10 = 2.807 | Delta Dist 100 = 4.268 | Delta Dist 1000 = 4.353 | Episode Length = 50 | Episode Return = 4.0 | Evaluator Episodes = 12467 | Evaluator Steps = 623350 | Final Dist = 0.151 | Final Dist 10 = 0.744 | Final Dist 100 = 1.682 | Final Dist 1000 = 1.606 | Init Dist = 1.000 | Init Dist 10 = 3.551 | Init Dist 100 = 5.950 | Init Dist 1000 = 5.959 | Learner Steps = 38241 | Learner Walltime = 7573.487 | Min Dist = 0.078 | Min Dist 10 = 0.060 | Min Dist 100 = 0.163 | Min Dist 1000 = 0.219 | Steps Per Second = 78.833 | Success = 1.000 | Success 1000 = 0.990
I0502 17:12:30.010041 139579566835264 terminal.py:91] [Evaluator] Actor Episodes = 49147 | Actor Steps = 2457350 | Delta Dist = 12.672 | Delta Dist 10 = 10.345 | Delta Dist 100 = 11.296 | Delta Dist 1000 = 11.464 | Episode Length = 50 | Episode Return = 29.0 | Evaluator Episodes = 12469 | Evaluator Steps = 623450 | Final Dist = 0.135 | Final Dist 10 = 2.462 | Final Dist 100 = 1.510 | Final Dist 1000 = 1.343 | Init Dist = 12.806 | Init Dist 10 = 12.806 | Init Dist 100 = 12.806 | Init Dist 1000 = 12.806 | Learner Steps = 38241 | Learner Walltime = 7573.487 | Min Dist = 0.053 | Min Dist 10 = 1.740 | Min Dist 100 = 0.805 | Min Dist 1000 = 0.699 | Steps Per Second = 73.094 | Success = 1.000 | Success 1000 = 0.867
I0502 17:12:30.981481 139555013154368 terminal.py:91] [Learner] Actor Episodes = 49151 | Actor Loss = 3.6247682571411133 | Actor Steps = 2457550 | Binary Accuracy = 0.9960348606109619 | Categorical Accuracy = 0.41278076171875 | Critic Loss = 1.814267635345459 | Entropy Mean = -24.52226448059082 | Evaluator Episodes = 12469 | Evaluator Steps = 623450 | Learner Steps = 38248 | Learner Walltime = 7575.178 | Logits Neg = -17.39603042602539 | Logits Pos = -1.812752366065979 | Logsumexp = 1.1727278232574463 | Steps Per Second = 156.710
I0502 17:12:31.252028 139579566835264 terminal.py:91] [Evaluator] Actor Episodes = 49155 | Actor Steps = 2457750 | Delta Dist = 7.276 | Delta Dist 10 = 11.273 | Delta Dist 100 = 11.301 | Delta Dist 1000 = 11.465 | Episode Length = 50 | Episode Return = 0.0 | Evaluator Episodes = 12471 | Evaluator Steps = 623550 | Final Dist = 5.531 | Final Dist 10 = 1.534 | Final Dist 100 = 1.505 | Final Dist 1000 = 1.341 | Init Dist = 12.806 | Init Dist 10 = 12.806 | Init Dist 100 = 12.806 | Init Dist 1000 = 12.806 | Learner Steps = 38246 | Learner Walltime = 7574.553 | Min Dist = 4.844 | Min Dist 10 = 0.874 | Min Dist 100 = 0.802 | Min Dist 1000 = 0.699 | Steps Per Second = 82.232 | Success = 0.000 | Success 1000 = 0.867
I0502 17:12:32.351608 139579566835264 terminal.py:91] [Evaluator] Actor Episodes = 49163 | Actor Steps = 2458150 | Delta Dist = 12.097 | Delta Dist 10 = 11.268 | Delta Dist 100 = 11.258 | Delta Dist 1000 = 11.461 | Episode Length = 50 | Episode Return = 19.0 | Evaluator Episodes = 12473 | Evaluator Steps = 623650 | Final Dist = 0.710 | Final Dist 10 = 1.538 | Final Dist 100 = 1.548 | Final Dist 1000 = 1.345 | Init Dist = 12.806 | Init Dist 10 = 12.806 | Init Dist 100 = 12.806 | Init Dist 1000 = 12.806 | Learner Steps = 38251 | Learner Walltime = 7575.661 | Min Dist = 0.208 | Min Dist 10 = 0.858 | Min Dist 100 = 0.847 | Min Dist 1000 = 0.702 | Steps Per Second = 87.539 | Success = 1.000 | Success 1000 = 0.867
I0502 17:12:33.468747 139579566835264 terminal.py:91] [Evaluator] Actor Episodes = 49169 | Actor Steps = 2458450 | Delta Dist = 11.737 | Delta Dist 10 = 11.299 | Delta Dist 100 = 11.253 | Delta Dist 1000 = 11.464 | Episode Length = 50 | Episode Return = 27.0 | Evaluator Episodes = 12475 | Evaluator Steps = 623750 | Final Dist = 1.069 | Final Dist 10 = 1.508 | Final Dist 100 = 1.553 | Final Dist 1000 = 1.342 | Init Dist = 12.806 | Init Dist 10 = 12.806 | Init Dist 100 = 12.806 | Init Dist 1000 = 12.806 | Learner Steps = 38258 | Learner Walltime = 7576.969 | Min Dist = 0.079 | Min Dist 10 = 0.700 | Min Dist 100 = 0.852 | Min Dist 1000 = 0.698 | Steps Per Second = 92.655 | Success = 1.000 | Success 1000 = 0.868
I0502 17:12:34.546730 139569349502528 terminal.py:91] [Actor] Actor Episodes = 49176 | Actor Steps = 2458800 | Delta Dist = -0.310 | Delta Dist 10 = 4.893 | Delta Dist 100 = 4.157 | Delta Dist 1000 = 4.333 | Episode Length = 50 | Episode Return = 20.0 | Evaluator Episodes = 12475 | Evaluator Steps = 623750 | Final Dist = 0.310 | Final Dist 10 = 1.048 | Final Dist 100 = 1.445 | Final Dist 1000 = 1.577 | Init Dist = 0.000 | Init Dist 10 = 5.942 | Init Dist 100 = 5.602 | Init Dist 1000 = 5.911 | Learner Steps = 38258 | Learner Walltime = 7576.969 | Min Dist = 0.000 | Min Dist 10 = 0.149 | Min Dist 100 = 0.162 | Min Dist 1000 = 0.215 | Steps Per Second = 70.770 | Success = 1.000 | Success 1000 = 0.990
I0502 17:12:34.828155 139579566835264 terminal.py:91] [Evaluator] Actor Episodes = 49177 | Actor Steps = 2458850 | Delta Dist = 11.654 | Delta Dist 10 = 11.424 | Delta Dist 100 = 11.268 | Delta Dist 1000 = 11.465 | Episode Length = 50 | Episode Return = 32.0 | Evaluator Episodes = 12477 | Evaluator Steps = 623850 | Final Dist = 1.152 | Final Dist 10 = 1.382 | Final Dist 100 = 1.538 | Final Dist 1000 = 1.341 | Init Dist = 12.806 | Init Dist 10 = 12.806 | Init Dist 100 = 12.806 | Init Dist 1000 = 12.806 | Learner Steps = 38264 | Learner Walltime = 7578.126 | Min Dist = 0.150 | Min Dist 10 = 0.715 | Min Dist 100 = 0.853 | Min Dist 1000 = 0.698 | Steps Per Second = 72.993 | Success = 1.000 | Success 1000 = 0.868
I0502 17:12:36.099221 139579566835264 terminal.py:91] [Evaluator] Actor Episodes = 49185 | Actor Steps = 2459250 | Delta Dist = 12.615 | Delta Dist 10 = 11.420 | Delta Dist 100 = 11.261 | Delta Dist 1000 = 11.464 | Episode Length = 50 | Episode Return = 24.0 | Evaluator Episodes = 12479 | Evaluator Steps = 623950 | Final Dist = 0.192 | Final Dist 10 = 1.386 | Final Dist 100 = 1.545 | Final Dist 1000 = 1.342 | Init Dist = 12.806 | Init Dist 10 = 12.806 | Init Dist 100 = 12.806 | Init Dist 1000 = 12.806 | Learner Steps = 38269 | Learner Walltime = 7579.232 | Min Dist = 0.045 | Min Dist 10 = 0.693 | Min Dist 100 = 0.850 | Min Dist 1000 = 0.698 | Steps Per Second = 79.282 | Success = 1.000 | Success 1000 = 0.868
I0502 17:12:37.394285 139579566835264 terminal.py:91] [Evaluator] Actor Episodes = 49193 | Actor Steps = 2459650 | Delta Dist = 10.910 | Delta Dist 10 = 11.367 | Delta Dist 100 = 11.270 | Delta Dist 1000 = 11.465 | Episode Length = 50 | Episode Return = 0.0 | Evaluator Episodes = 12481 | Evaluator Steps = 624050 | Final Dist = 1.896 | Final Dist 10 = 1.439 | Final Dist 100 = 1.536 | Final Dist 1000 = 1.342 | Init Dist = 12.806 | Init Dist 10 = 12.806 | Init Dist 100 = 12.806 | Init Dist 1000 = 12.806 | Learner Steps = 38276 | Learner Walltime = 7580.674 | Min Dist = 1.896 | Min Dist 10 = 0.720 | Min Dist 100 = 0.846 | Min Dist 1000 = 0.698 | Steps Per Second = 72.977 | Success = 0.000 | Success 1000 = 0.868
I0502 17:12:37.661833 139558059398720 terminal.py:91] [Actor] Actor Episodes = 49197 | Actor Steps = 2459850 | Delta Dist = 9.633 | Delta Dist 10 = 5.835 | Delta Dist 100 = 4.227 | Delta Dist 1000 = 4.315 | Episode Length = 50 | Episode Return = 31.0 | Evaluator Episodes = 12481 | Evaluator Steps = 624050 | Final Dist = 0.216 | Final Dist 10 = 1.629 | Final Dist 100 = 1.624 | Final Dist 1000 = 1.603 | Init Dist = 9.849 | Init Dist 10 = 7.465 | Init Dist 100 = 5.851 | Init Dist 1000 = 5.919 | Learner Steps = 38282 | Learner Walltime = 7581.813 | Min Dist = 0.028 | Min Dist 10 = 0.056 | Min Dist 100 = 0.181 | Min Dist 1000 = 0.218 | Steps Per Second = 72.662 | Success = 1.000 | Success 1000 = 0.989
I0502 17:12:38.629261 139579566835264 terminal.py:91] [Evaluator] Actor Episodes = 49201 | Actor Steps = 2460050 | Delta Dist = 12.487 | Delta Dist 10 = 11.750 | Delta Dist 100 = 11.271 | Delta Dist 1000 = 11.464 | Episode Length = 50 | Episode Return = 12.0 | Evaluator Episodes = 12483 | Evaluator Steps = 624150 | Final Dist = 0.319 | Final Dist 10 = 1.056 | Final Dist 100 = 1.535 | Final Dist 1000 = 1.342 | Init Dist = 12.806 | Init Dist 10 = 12.806 | Init Dist 100 = 12.806 | Init Dist 1000 = 12.806 | Learner Steps = 38287 | Learner Walltime = 7582.829 | Min Dist = 0.271 | Min Dist 10 = 0.391 | Min Dist 100 = 0.850 | Min Dist 1000 = 0.699 | Steps Per Second = 89.482 | Success = 1.000 | Success 1000 = 0.867
I0502 17:12:38.898053 139557462840896 terminal.py:91] [Actor] Actor Episodes = 49202 | Actor Steps = 2460100 | Delta Dist = 9.799 | Delta Dist 10 = 5.308 | Delta Dist 100 = 4.307 | Delta Dist 1000 = 4.317 | Episode Length = 50 | Episode Return = 19.0 | Evaluator Episodes = 12481 | Evaluator Steps = 624050 | Final Dist = 0.971 | Final Dist 10 = 1.494 | Final Dist 100 = 1.624 | Final Dist 1000 = 1.612 | Init Dist = 10.770 | Init Dist 10 = 6.802 | Init Dist 100 = 5.931 | Init Dist 1000 = 5.929 | Learner Steps = 38282 | Learner Walltime = 7581.813 | Min Dist = 0.391 | Min Dist 10 = 0.960 | Min Dist 100 = 0.273 | Min Dist 1000 = 0.226 | Steps Per Second = 84.390 | Success = 1.000 | Success 1000 = 0.989
I0502 17:12:39.189905 139584504182336 lp_utils.py:96] StepsLimiter: Reached 2460350 recorded steps
I0502 17:12:39.817211 139579566835264 terminal.py:91] [Evaluator] Actor Episodes = 49209 | Actor Steps = 2460450 | Delta Dist = 6.192 | Delta Dist 10 = 11.236 | Delta Dist 100 = 11.215 | Delta Dist 1000 = 11.464 | Episode Length = 50 | Episode Return = 0.0 | Evaluator Episodes = 12485 | Evaluator Steps = 624250 | Final Dist = 6.614 | Final Dist 10 = 1.570 | Final Dist 100 = 1.591 | Final Dist 1000 = 1.342 | Init Dist = 12.806 | Init Dist 10 = 12.806 | Init Dist 100 = 12.806 | Init Dist 1000 = 12.806 | Learner Steps = 38287 | Learner Walltime = 7582.829 | Min Dist = 5.445 | Min Dist 10 = 0.859 | Min Dist 100 = 0.897 | Min Dist 1000 = 0.699 | Steps Per Second = 89.090 | Success = 0.000 | Success 1000 = 0.867
I0502 17:12:40.047972 139555860620864 terminal.py:91] [Actor] Actor Episodes = 49213 | Actor Steps = 2460650 | Delta Dist = 3.924 | Delta Dist 10 = 3.874 | Delta Dist 100 = 4.239 | Delta Dist 1000 = 4.319 | Episode Length = 50 | Episode Return = 48.0 | Evaluator Episodes = 12485 | Evaluator Steps = 624250 | Final Dist = 0.318 | Final Dist 10 = 3.186 | Final Dist 100 = 1.662 | Final Dist 1000 = 1.625 | Init Dist = 4.243 | Init Dist 10 = 7.059 | Init Dist 100 = 5.901 | Init Dist 1000 = 5.944 | Learner Steps = 38293 | Learner Walltime = 7584.230 | Min Dist = 0.041 | Min Dist 10 = 0.086 | Min Dist 100 = 0.277 | Min Dist 1000 = 0.224 | Steps Per Second = 79.015 | Success = 1.000 | Success 1000 = 0.989
I0502 17:12:40.950158 139579566835264 terminal.py:91] [Evaluator] Actor Episodes = 49217 | Actor Steps = 2460850 | Delta Dist = 11.991 | Delta Dist 10 = 10.551 | Delta Dist 100 = 11.150 | Delta Dist 1000 = 11.458 | Episode Length = 50 | Episode Return = 12.0 | Evaluator Episodes = 12487 | Evaluator Steps = 624350 | Final Dist = 0.816 | Final Dist 10 = 2.256 | Final Dist 100 = 1.656 | Final Dist 1000 = 1.348 | Init Dist = 12.806 | Init Dist 10 = 12.806 | Init Dist 100 = 12.806 | Init Dist 1000 = 12.806 | Learner Steps = 38293 | Learner Walltime = 7584.230 | Min Dist = 0.305 | Min Dist 10 = 1.424 | Min Dist 100 = 0.940 | Min Dist 1000 = 0.704 | Steps Per Second = 85.525 | Success = 1.000 | Success 1000 = 0.866
I0502 17:12:41.080162 139555013154368 terminal.py:91] [Learner] Actor Episodes = 49217 | Actor Loss = 3.7461633682250977 | Actor Steps = 2460850 | Binary Accuracy = 0.9960422515869141 | Categorical Accuracy = 0.42218017578125 | Critic Loss = 1.773937702178955 | Entropy Mean = -23.659894943237305 | Evaluator Episodes = 12487 | Evaluator Steps = 624350 | Learner Steps = 38300 | Learner Walltime = 7585.266 | Logits Neg = -17.639175415039062 | Logits Pos = -1.7609695196151733 | Logsumexp = 1.1006700992584229 | Steps Per Second = 284.782
I0502 17:12:41.816923 139583350109760 savers.py:156] Saving checkpoint: logs/contrastive_cpc_point_FourRooms_64/5dd72662-2788-11f0-b183-d85ed38c5779/checkpoints/learner
I0502 17:12:42.152999 139579566835264 terminal.py:91] [Evaluator] Actor Episodes = 49225 | Actor Steps = 2461250 | Delta Dist = 11.958 | Delta Dist 10 = 10.651 | Delta Dist 100 = 11.147 | Delta Dist 1000 = 11.457 | Episode Length = 50 | Episode Return = 26.0 | Evaluator Episodes = 12489 | Evaluator Steps = 624450 | Final Dist = 0.849 | Final Dist 10 = 2.155 | Final Dist 100 = 1.659 | Final Dist 1000 = 1.350 | Init Dist = 12.806 | Init Dist 10 = 12.806 | Init Dist 100 = 12.806 | Init Dist 1000 = 12.806 | Learner Steps = 38300 | Learner Walltime = 7585.266 | Min Dist = 0.568 | Min Dist 10 = 1.528 | Min Dist 100 = 0.951 | Min Dist 1000 = 0.705 | Steps Per Second = 83.532 | Success = 1.000 | Success 1000 = 0.866
I0502 17:12:43.359780 139579566835264 terminal.py:91] [Evaluator] Actor Episodes = 49233 | Actor Steps = 2461650 | Delta Dist = 11.724 | Delta Dist 10 = 10.648 | Delta Dist 100 = 11.151 | Delta Dist 1000 = 11.457 | Episode Length = 50 | Episode Return = 0.0 | Evaluator Episodes = 12491 | Evaluator Steps = 624550 | Final Dist = 1.082 | Final Dist 10 = 2.158 | Final Dist 100 = 1.655 | Final Dist 1000 = 1.349 | Init Dist = 12.806 | Init Dist 10 = 12.806 | Init Dist 100 = 12.806 | Init Dist 1000 = 12.806 | Learner Steps = 38304 | Learner Walltime = 7586.906 | Min Dist = 1.082 | Min Dist 10 = 1.572 | Min Dist 100 = 0.954 | Min Dist 1000 = 0.706 | Steps Per Second = 81.008 | Success = 0.000 | Success 1000 = 0.866
I0502 17:12:44.576935 139579566835264 terminal.py:91] [Evaluator] Actor Episodes = 49241 | Actor Steps = 2462050 | Delta Dist = 12.409 | Delta Dist 10 = 9.909 | Delta Dist 100 = 11.072 | Delta Dist 1000 = 11.448 | Episode Length = 50 | Episode Return = 29.0 | Evaluator Episodes = 12493 | Evaluator Steps = 624650 | Final Dist = 0.397 | Final Dist 10 = 2.897 | Final Dist 100 = 1.735 | Final Dist 1000 = 1.358 | Init Dist = 12.806 | Init Dist 10 = 12.806 | Init Dist 100 = 12.806 | Init Dist 1000 = 12.806 | Learner Steps = 38313 | Learner Walltime = 7587.931 | Min Dist = 0.219 | Min Dist 10 = 2.353 | Min Dist 100 = 1.046 | Min Dist 1000 = 0.716 | Steps Per Second = 85.179 | Success = 1.000 | Success 1000 = 0.864
I0502 17:12:44.585814 139569349502528 terminal.py:91] [Actor] Actor Episodes = 49240 | Actor Steps = 2462000 | Delta Dist = 2.130 | Delta Dist 10 = 4.912 | Delta Dist 100 = 4.387 | Delta Dist 1000 = 4.343 | Episode Length = 50 | Episode Return = 21.0 | Evaluator Episodes = 12491 | Evaluator Steps = 624550 | Final Dist = 0.870 | Final Dist 10 = 0.703 | Final Dist 100 = 1.552 | Final Dist 1000 = 1.606 | Init Dist = 3.000 | Init Dist 10 = 5.616 | Init Dist 100 = 5.940 | Init Dist 1000 = 5.949 | Learner Steps = 38313 | Learner Walltime = 7587.931 | Min Dist = 0.048 | Min Dist 10 = 0.107 | Min Dist 100 = 0.261 | Min Dist 1000 = 0.231 | Steps Per Second = 101.107 | Success = 1.000 | Success 1000 = 0.990
I0502 17:12:45.753315 139579566835264 terminal.py:91] [Evaluator] Actor Episodes = 49249 | Actor Steps = 2462450 | Delta Dist = 11.292 | Delta Dist 10 = 10.476 | Delta Dist 100 = 11.065 | Delta Dist 1000 = 11.449 | Episode Length = 50 | Episode Return = 10.0 | Evaluator Episodes = 12495 | Evaluator Steps = 624750 | Final Dist = 1.514 | Final Dist 10 = 2.331 | Final Dist 100 = 1.741 | Final Dist 1000 = 1.357 | Init Dist = 12.806 | Init Dist 10 = 12.806 | Init Dist 100 = 12.806 | Init Dist 1000 = 12.806 | Learner Steps = 38319 | Learner Walltime = 7589.196 | Min Dist = 0.126 | Min Dist 10 = 1.833 | Min Dist 100 = 1.043 | Min Dist 1000 = 0.716 | Steps Per Second = 76.489 | Success = 1.000 | Success 1000 = 0.864
I0502 17:12:46.915303 139579566835264 terminal.py:91] [Evaluator] Actor Episodes = 49257 | Actor Steps = 2462850 | Delta Dist = 10.938 | Delta Dist 10 = 10.474 | Delta Dist 100 = 11.008 | Delta Dist 1000 = 11.443 | Episode Length = 50 | Episode Return = 25.0 | Evaluator Episodes = 12497 | Evaluator Steps = 624850 | Final Dist = 1.868 | Final Dist 10 = 2.333 | Final Dist 100 = 1.799 | Final Dist 1000 = 1.363 | Init Dist = 12.806 | Init Dist 10 = 12.806 | Init Dist 100 = 12.806 | Init Dist 1000 = 12.806 | Learner Steps = 38326 | Learner Walltime = 7590.461 | Min Dist = 0.210 | Min Dist 10 = 1.750 | Min Dist 100 = 1.086 | Min Dist 1000 = 0.720 | Steps Per Second = 83.051 | Success = 1.000 | Success 1000 = 0.863
I0502 17:12:48.058140 139558059398720 terminal.py:91] [Actor] Actor Episodes = 49262 | Actor Steps = 2463100 | Delta Dist = 4.647 | Delta Dist 10 = 4.666 | Delta Dist 100 = 4.617 | Delta Dist 1000 = 4.343 | Episode Length = 50 | Episode Return = 35.0 | Evaluator Episodes = 12497 | Evaluator Steps = 624850 | Final Dist = 0.353 | Final Dist 10 = 0.912 | Final Dist 100 = 1.651 | Final Dist 1000 = 1.600 | Init Dist = 5.000 | Init Dist 10 = 5.578 | Init Dist 100 = 6.268 | Init Dist 1000 = 5.942 | Learner Steps = 38326 | Learner Walltime = 7590.461 | Min Dist = 0.215 | Min Dist 10 = 0.050 | Min Dist 100 = 0.292 | Min Dist 1000 = 0.233 | Steps Per Second = 81.595 | Success = 1.000 | Success 1000 = 0.990
I0502 17:12:48.107252 139579566835264 terminal.py:91] [Evaluator] Actor Episodes = 49265 | Actor Steps = 2463250 | Delta Dist = 11.769 | Delta Dist 10 = 10.348 | Delta Dist 100 = 11.004 | Delta Dist 1000 = 11.442 | Episode Length = 50 | Episode Return = 25.0 | Evaluator Episodes = 12499 | Evaluator Steps = 624950 | Final Dist = 1.037 | Final Dist 10 = 2.458 | Final Dist 100 = 1.803 | Final Dist 1000 = 1.364 | Init Dist = 12.806 | Init Dist 10 = 12.806 | Init Dist 100 = 12.806 | Init Dist 1000 = 12.806 | Learner Steps = 38332 | Learner Walltime = 7591.676 | Min Dist = 0.044 | Min Dist 10 = 1.733 | Min Dist 100 = 1.083 | Min Dist 1000 = 0.721 | Steps Per Second = 82.810 | Success = 1.000 | Success 1000 = 0.863
I0502 17:12:48.995434 139557462840896 terminal.py:91] [Actor] Actor Episodes = 49273 | Actor Steps = 2463650 | Delta Dist = 6.514 | Delta Dist 10 = 4.288 | Delta Dist 100 = 4.701 | Delta Dist 1000 = 4.339 | Episode Length = 50 | Episode Return = 31.0 | Evaluator Episodes = 12499 | Evaluator Steps = 624950 | Final Dist = 0.557 | Final Dist 10 = 1.073 | Final Dist 100 = 1.649 | Final Dist 1000 = 1.591 | Init Dist = 7.071 | Init Dist 10 = 5.361 | Init Dist 100 = 6.351 | Init Dist 1000 = 5.930 | Learner Steps = 38337 | Learner Walltime = 7592.679 | Min Dist = 0.008 | Min Dist 10 = 0.384 | Min Dist 100 = 0.316 | Min Dist 1000 = 0.236 | Steps Per Second = 80.208 | Success = 1.000 | Success 1000 = 0.989
I0502 17:12:49.214450 139584504182336 lp_utils.py:96] StepsLimiter: Reached 2463650 recorded steps
I0502 17:12:49.330131 139579566835264 terminal.py:91] [Evaluator] Actor Episodes = 49273 | Actor Steps = 2463650 | Delta Dist = 12.462 | Delta Dist 10 = 10.344 | Delta Dist 100 = 11.023 | Delta Dist 1000 = 11.443 | Episode Length = 50 | Episode Return = 29.0 | Evaluator Episodes = 12501 | Evaluator Steps = 625050 | Final Dist = 0.345 | Final Dist 10 = 2.462 | Final Dist 100 = 1.783 | Final Dist 1000 = 1.363 | Init Dist = 12.806 | Init Dist 10 = 12.806 | Init Dist 100 = 12.806 | Init Dist 1000 = 12.806 | Learner Steps = 38337 | Learner Walltime = 7592.679 | Min Dist = 0.195 | Min Dist 10 = 1.656 | Min Dist 100 = 1.083 | Min Dist 1000 = 0.721 | Steps Per Second = 79.895 | Success = 1.000 | Success 1000 = 0.863
I0502 17:12:50.569788 139579566835264 terminal.py:91] [Evaluator] Actor Episodes = 49281 | Actor Steps = 2464050 | Delta Dist = 11.407 | Delta Dist 10 = 11.190 | Delta Dist 100 = 11.036 | Delta Dist 1000 = 11.443 | Episode Length = 50 | Episode Return = 5.0 | Evaluator Episodes = 12503 | Evaluator Steps = 625150 | Final Dist = 1.399 | Final Dist 10 = 1.617 | Final Dist 100 = 1.770 | Final Dist 1000 = 1.363 | Init Dist = 12.806 | Init Dist 10 = 12.806 | Init Dist 100 = 12.806 | Init Dist 1000 = 12.806 | Learner Steps = 38343 | Learner Walltime = 7593.865 | Min Dist = 0.745 | Min Dist 10 = 0.706 | Min Dist 100 = 1.083 | Min Dist 1000 = 0.721 | Steps Per Second = 86.716 | Success = 1.000 | Success 1000 = 0.863
I0502 17:12:50.577251 139555860620864 terminal.py:91] [Actor] Actor Episodes = 49276 | Actor Steps = 2463800 | Delta Dist = 10.708 | Delta Dist 10 = 4.338 | Delta Dist 100 = 4.624 | Delta Dist 1000 = 4.343 | Episode Length = 50 | Episode Return = 27.0 | Evaluator Episodes = 12501 | Evaluator Steps = 625050 | Final Dist = 0.063 | Final Dist 10 = 0.949 | Final Dist 100 = 1.650 | Final Dist 1000 = 1.588 | Init Dist = 10.770 | Init Dist 10 = 5.286 | Init Dist 100 = 6.274 | Init Dist 1000 = 5.931 | Learner Steps = 38343 | Learner Walltime = 7593.865 | Min Dist = 0.004 | Min Dist 10 = 0.087 | Min Dist 100 = 0.319 | Min Dist 1000 = 0.237 | Steps Per Second = 83.386 | Success = 1.000 | Success 1000 = 0.989
I0502 17:12:51.346369 139555013154368 terminal.py:91] [Learner] Actor Episodes = 49281 | Actor Loss = 3.7530596256256104 | Actor Steps = 2464050 | Binary Accuracy = 0.9959986209869385 | Categorical Accuracy = 0.4232177734375 | Critic Loss = 1.7534513473510742 | Entropy Mean = -23.021020889282227 | Evaluator Episodes = 12503 | Evaluator Steps = 625150 | Learner Steps = 38351 | Learner Walltime = 7595.540 | Logits Neg = -17.39248275756836 | Logits Pos = -1.740861177444458 | Logsumexp = 1.1902676820755005 | Steps Per Second = 169.789
I0502 17:12:51.781025 139579566835264 terminal.py:91] [Evaluator] Actor Episodes = 49289 | Actor Steps = 2464450 | Delta Dist = 12.054 | Delta Dist 10 = 11.180 | Delta Dist 100 = 11.034 | Delta Dist 1000 = 11.443 | Episode Length = 50 | Episode Return = 15.0 | Evaluator Episodes = 12505 | Evaluator Steps = 625250 | Final Dist = 0.753 | Final Dist 10 = 1.627 | Final Dist 100 = 1.773 | Final Dist 1000 = 1.364 | Init Dist = 12.806 | Init Dist 10 = 12.806 | Init Dist 100 = 12.806 | Init Dist 1000 = 12.806 | Learner Steps = 38347 | Learner Walltime = 7594.870 | Min Dist = 0.103 | Min Dist 10 = 0.778 | Min Dist 100 = 1.086 | Min Dist 1000 = 0.721 | Steps Per Second = 86.662 | Success = 1.000 | Success 1000 = 0.863
I0502 17:12:53.030944 139579566835264 terminal.py:91] [Evaluator] Actor Episodes = 49297 | Actor Steps = 2464850 | Delta Dist = 3.923 | Delta Dist 10 = 11.905 | Delta Dist 100 = 11.057 | Delta Dist 1000 = 11.443 | Episode Length = 50 | Episode Return = 0.0 | Evaluator Episodes = 12507 | Evaluator Steps = 625350 | Final Dist = 8.883 | Final Dist 10 = 0.901 | Final Dist 100 = 1.749 | Final Dist 1000 = 1.363 | Init Dist = 12.806 | Init Dist 10 = 12.806 | Init Dist 100 = 12.806 | Init Dist 1000 = 12.806 | Learner Steps = 38354 | Learner Walltime = 7596.220 | Min Dist = 5.171 | Min Dist 10 = 0.295 | Min Dist 100 = 1.073 | Min Dist 1000 = 0.721 | Steps Per Second = 87.415 | Success = 0.000 | Success 1000 = 0.864
I0502 17:12:54.285065 139579566835264 terminal.py:91] [Evaluator] Actor Episodes = 49305 | Actor Steps = 2465250 | Delta Dist = 11.831 | Delta Dist 10 = 11.263 | Delta Dist 100 = 10.983 | Delta Dist 1000 = 11.435 | Episode Length = 50 | Episode Return = 21.0 | Evaluator Episodes = 12509 | Evaluator Steps = 625450 | Final Dist = 0.975 | Final Dist 10 = 1.544 | Final Dist 100 = 1.824 | Final Dist 1000 = 1.371 | Init Dist = 12.806 | Init Dist 10 = 12.806 | Init Dist 100 = 12.806 | Init Dist 1000 = 12.806 | Learner Steps = 38359 | Learner Walltime = 7597.263 | Min Dist = 0.155 | Min Dist 10 = 0.769 | Min Dist 100 = 1.129 | Min Dist 1000 = 0.726 | Steps Per Second = 82.749 | Success = 1.000 | Success 1000 = 0.863
I0502 17:12:54.627325 139569349502528 terminal.py:91] [Actor] Actor Episodes = 49306 | Actor Steps = 2465300 | Delta Dist = 1.293 | Delta Dist 10 = 5.161 | Delta Dist 100 = 4.940 | Delta Dist 1000 = 4.382 | Episode Length = 50 | Episode Return = 3.0 | Evaluator Episodes = 12507 | Evaluator Steps = 625350 | Final Dist = 0.944 | Final Dist 10 = 0.409 | Final Dist 100 = 1.216 | Final Dist 1000 = 1.582 | Init Dist = 2.236 | Init Dist 10 = 5.569 | Init Dist 100 = 6.155 | Init Dist 1000 = 5.965 | Learner Steps = 38359 | Learner Walltime = 7597.263 | Min Dist = 0.042 | Min Dist 10 = 0.115 | Min Dist 100 = 0.220 | Min Dist 1000 = 0.237 | Steps Per Second = 80.087 | Success = 1.000 | Success 1000 = 0.989
I0502 17:12:55.572439 139579566835264 terminal.py:91] [Evaluator] Actor Episodes = 49313 | Actor Steps = 2465650 | Delta Dist = 11.405 | Delta Dist 10 = 10.582 | Delta Dist 100 = 10.920 | Delta Dist 1000 = 11.431 | Episode Length = 50 | Episode Return = 15.0 | Evaluator Episodes = 12511 | Evaluator Steps = 625550 | Final Dist = 1.402 | Final Dist 10 = 2.224 | Final Dist 100 = 1.886 | Final Dist 1000 = 1.375 | Init Dist = 12.806 | Init Dist 10 = 12.806 | Init Dist 100 = 12.806 | Init Dist 1000 = 12.806 | Learner Steps = 38372 | Learner Walltime = 7599.768 | Min Dist = 0.358 | Min Dist 10 = 1.269 | Min Dist 100 = 1.174 | Min Dist 1000 = 0.731 | Steps Per Second = 76.265 | Success = 1.000 | Success 1000 = 0.862
I0502 17:12:56.874755 139579566835264 terminal.py:91] [Evaluator] Actor Episodes = 49321 | Actor Steps = 2466050 | Delta Dist = 11.449 | Delta Dist 10 = 10.532 | Delta Dist 100 = 10.916 | Delta Dist 1000 = 11.430 | Episode Length = 50 | Episode Return = 15.0 | Evaluator Episodes = 12513 | Evaluator Steps = 625650 | Final Dist = 1.358 | Final Dist 10 = 2.275 | Final Dist 100 = 1.891 | Final Dist 1000 = 1.376 | Init Dist = 12.806 | Init Dist 10 = 12.806 | Init Dist 100 = 12.806 | Init Dist 1000 = 12.806 | Learner Steps = 38378 | Learner Walltime = 7600.876 | Min Dist = 0.376 | Min Dist 10 = 1.282 | Min Dist 100 = 1.172 | Min Dist 1000 = 0.731 | Steps Per Second = 77.832 | Success = 1.000 | Success 1000 = 0.862
I0502 17:12:58.062047 139579566835264 terminal.py:91] [Evaluator] Actor Episodes = 49329 | Actor Steps = 2466450 | Delta Dist = 11.426 | Delta Dist 10 = 10.431 | Delta Dist 100 = 10.953 | Delta Dist 1000 = 11.435 | Episode Length = 50 | Episode Return = 12.0 | Evaluator Episodes = 12515 | Evaluator Steps = 625750 | Final Dist = 1.381 | Final Dist 10 = 2.375 | Final Dist 100 = 1.854 | Final Dist 1000 = 1.371 | Init Dist = 12.806 | Init Dist 10 = 12.806 | Init Dist 100 = 12.806 | Init Dist 1000 = 12.806 | Learner Steps = 38383 | Learner Walltime = 7602.101 | Min Dist = 0.371 | Min Dist 10 = 1.322 | Min Dist 100 = 1.134 | Min Dist 1000 = 0.727 | Steps Per Second = 87.564 | Success = 1.000 | Success 1000 = 0.862
I0502 17:12:58.331019 139558059398720 terminal.py:91] [Actor] Actor Episodes = 49326 | Actor Steps = 2466300 | Delta Dist = 9.715 | Delta Dist 10 = 5.908 | Delta Dist 100 = 5.108 | Delta Dist 1000 = 4.406 | Episode Length = 50 | Episode Return = 39.0 | Evaluator Episodes = 12513 | Evaluator Steps = 625650 | Final Dist = 1.101 | Final Dist 10 = 0.732 | Final Dist 100 = 0.892 | Final Dist 1000 = 1.563 | Init Dist = 10.817 | Init Dist 10 = 6.640 | Init Dist 100 = 5.999 | Init Dist 1000 = 5.969 | Learner Steps = 38378 | Learner Walltime = 7600.876 | Min Dist = 0.006 | Min Dist 10 = 0.046 | Min Dist 100 = 0.152 | Min Dist 1000 = 0.236 | Steps Per Second = 77.006 | Success = 1.000 | Success 1000 = 0.989
I0502 17:12:59.030622 139557462840896 terminal.py:91] [Actor] Actor Episodes = 49335 | Actor Steps = 2466750 | Delta Dist = 9.918 | Delta Dist 10 = 5.014 | Delta Dist 100 = 4.960 | Delta Dist 1000 = 4.402 | Episode Length = 50 | Episode Return = 27.0 | Evaluator Episodes = 12515 | Evaluator Steps = 625750 | Final Dist = 0.899 | Final Dist 10 = 0.676 | Final Dist 100 = 0.896 | Final Dist 1000 = 1.558 | Init Dist = 10.817 | Init Dist 10 = 5.690 | Init Dist 100 = 5.856 | Init Dist 1000 = 5.960 | Learner Steps = 38383 | Learner Walltime = 7602.101 | Min Dist = 0.268 | Min Dist 10 = 0.022 | Min Dist 100 = 0.150 | Min Dist 1000 = 0.236 | Steps Per Second = 82.741 | Success = 1.000 | Success 1000 = 0.989
I0502 17:12:59.234764 139584504182336 lp_utils.py:96] StepsLimiter: Reached 2466850 recorded steps
I0502 17:12:59.266108 139579566835264 terminal.py:91] [Evaluator] Actor Episodes = 49337 | Actor Steps = 2466850 | Delta Dist = 11.500 | Delta Dist 10 = 9.794 | Delta Dist 100 = 10.903 | Delta Dist 1000 = 11.431 | Episode Length = 50 | Episode Return = 1.0 | Evaluator Episodes = 12517 | Evaluator Steps = 625850 | Final Dist = 1.306 | Final Dist 10 = 3.012 | Final Dist 100 = 1.904 | Final Dist 1000 = 1.375 | Init Dist = 12.806 | Init Dist 10 = 12.806 | Init Dist 100 = 12.806 | Init Dist 1000 = 12.806 | Learner Steps = 38390 | Learner Walltime = 7603.415 | Min Dist = 0.803 | Min Dist 10 = 1.897 | Min Dist 100 = 1.181 | Min Dist 1000 = 0.732 | Steps Per Second = 86.179 | Success = 1.000 | Success 1000 = 0.861
I0502 17:13:00.586121 139579566835264 terminal.py:91] [Evaluator] Actor Episodes = 49345 | Actor Steps = 2467250 | Delta Dist = 11.750 | Delta Dist 10 = 10.625 | Delta Dist 100 = 10.912 | Delta Dist 1000 = 11.439 | Episode Length = 50 | Episode Return = 17.0 | Evaluator Episodes = 12519 | Evaluator Steps = 625950 | Final Dist = 1.056 | Final Dist 10 = 2.181 | Final Dist 100 = 1.894 | Final Dist 1000 = 1.367 | Init Dist = 12.806 | Init Dist 10 = 12.806 | Init Dist 100 = 12.806 | Init Dist 1000 = 12.806 | Learner Steps = 38395 | Learner Walltime = 7604.581 | Min Dist = 0.298 | Min Dist 10 = 1.410 | Min Dist 100 = 1.189 | Min Dist 1000 = 0.725 | Steps Per Second = 75.468 | Success = 1.000 | Success 1000 = 0.862
I0502 17:13:00.655497 139555860620864 terminal.py:91] [Actor] Actor Episodes = 49340 | Actor Steps = 2467000 | Delta Dist = 1.861 | Delta Dist 10 = 5.054 | Delta Dist 100 = 5.030 | Delta Dist 1000 = 4.404 | Episode Length = 50 | Episode Return = 18.0 | Evaluator Episodes = 12517 | Evaluator Steps = 625850 | Final Dist = 0.375 | Final Dist 10 = 2.662 | Final Dist 100 = 1.103 | Final Dist 1000 = 1.572 | Init Dist = 2.236 | Init Dist 10 = 7.717 | Init Dist 100 = 6.133 | Init Dist 1000 = 5.976 | Learner Steps = 38390 | Learner Walltime = 7603.415 | Min Dist = 0.076 | Min Dist 10 = 0.175 | Min Dist 100 = 0.156 | Min Dist 1000 = 0.237 | Steps Per Second = 74.262 | Success = 1.000 | Success 1000 = 0.989
I0502 17:13:01.496778 139555013154368 terminal.py:91] [Learner] Actor Episodes = 49347 | Actor Loss = 3.660231590270996 | Actor Steps = 2467350 | Binary Accuracy = 0.9960529804229736 | Categorical Accuracy = 0.4295654296875 | Critic Loss = 1.742455005645752 | Entropy Mean = -23.422285079956055 | Evaluator Episodes = 12519 | Evaluator Steps = 625950 | Learner Steps = 38401 | Learner Walltime = 7605.691 | Logits Neg = -17.391921997070312 | Logits Pos = -1.7265536785125732 | Logsumexp = 1.0237064361572266 | Steps Per Second = 241.450
I0502 17:13:01.832320 139579566835264 terminal.py:91] [Evaluator] Actor Episodes = 49353 | Actor Steps = 2467650 | Delta Dist = 11.788 | Delta Dist 10 = 11.285 | Delta Dist 100 = 10.915 | Delta Dist 1000 = 11.439 | Episode Length = 50 | Episode Return = 22.0 | Evaluator Episodes = 12521 | Evaluator Steps = 626050 | Final Dist = 1.018 | Final Dist 10 = 1.521 | Final Dist 100 = 1.891 | Final Dist 1000 = 1.368 | Init Dist = 12.806 | Init Dist 10 = 12.806 | Init Dist 100 = 12.806 | Init Dist 1000 = 12.806 | Learner Steps = 38401 | Learner Walltime = 7605.691 | Min Dist = 0.176 | Min Dist 10 = 0.945 | Min Dist 100 = 1.190 | Min Dist 1000 = 0.725 | Steps Per Second = 79.656 | Success = 1.000 | Success 1000 = 0.862
I0502 17:13:03.076802 139579566835264 terminal.py:91] [Evaluator] Actor Episodes = 49361 | Actor Steps = 2468050 | Delta Dist = 6.514 | Delta Dist 10 = 11.356 | Delta Dist 100 = 10.926 | Delta Dist 1000 = 11.440 | Episode Length = 50 | Episode Return = 0.0 | Evaluator Episodes = 12523 | Evaluator Steps = 626150 | Final Dist = 6.292 | Final Dist 10 = 1.451 | Final Dist 100 = 1.881 | Final Dist 1000 = 1.366 | Init Dist = 12.806 | Init Dist 10 = 12.806 | Init Dist 100 = 12.806 | Init Dist 1000 = 12.806 | Learner Steps = 38407 | Learner Walltime = 7606.714 | Min Dist = 5.365 | Min Dist 10 = 0.924 | Min Dist 100 = 1.184 | Min Dist 1000 = 0.725 | Steps Per Second = 84.526 | Success = 0.000 | Success 1000 = 0.862
I0502 17:13:04.299356 139579566835264 terminal.py:91] [Evaluator] Actor Episodes = 49367 | Actor Steps = 2468350 | Delta Dist = 12.664 | Delta Dist 10 = 10.858 | Delta Dist 100 = 10.924 | Delta Dist 1000 = 11.442 | Episode Length = 50 | Episode Return = 17.0 | Evaluator Episodes = 12525 | Evaluator Steps = 626250 | Final Dist = 0.142 | Final Dist 10 = 1.948 | Final Dist 100 = 1.883 | Final Dist 1000 = 1.364 | Init Dist = 12.806 | Init Dist 10 = 12.806 | Init Dist 100 = 12.806 | Init Dist 1000 = 12.806 | Learner Steps = 38412 | Learner Walltime = 7608.016 | Min Dist = 0.086 | Min Dist 10 = 1.330 | Min Dist 100 = 1.183 | Min Dist 1000 = 0.721 | Steps Per Second = 81.129 | Success = 1.000 | Success 1000 = 0.862
I0502 17:13:04.917571 139569349502528 terminal.py:91] [Actor] Actor Episodes = 49370 | Actor Steps = 2468500 | Delta Dist = 4.289 | Delta Dist 10 = 4.552 | Delta Dist 100 = 4.818 | Delta Dist 1000 = 4.356 | Episode Length = 50 | Episode Return = 45.0 | Evaluator Episodes = 12525 | Evaluator Steps = 626250 | Final Dist = 0.183 | Final Dist 10 = 0.457 | Final Dist 100 = 1.124 | Final Dist 1000 = 1.575 | Init Dist = 4.472 | Init Dist 10 = 5.010 | Init Dist 100 = 5.942 | Init Dist 1000 = 5.931 | Learner Steps = 38412 | Learner Walltime = 7608.016 | Min Dist = 0.027 | Min Dist 10 = 0.077 | Min Dist 100 = 0.103 | Min Dist 1000 = 0.237 | Steps Per Second = 84.227 | Success = 1.000 | Success 1000 = 0.989
I0502 17:13:05.500100 139579566835264 terminal.py:91] [Evaluator] Actor Episodes = 49375 | Actor Steps = 2468750 | Delta Dist = 11.188 | Delta Dist 10 = 11.525 | Delta Dist 100 = 10.980 | Delta Dist 1000 = 11.443 | Episode Length = 50 | Episode Return = 0.0 | Evaluator Episodes = 12527 | Evaluator Steps = 626350 | Final Dist = 1.618 | Final Dist 10 = 1.281 | Final Dist 100 = 1.826 | Final Dist 1000 = 1.363 | Init Dist = 12.806 | Init Dist 10 = 12.806 | Init Dist 100 = 12.806 | Init Dist 1000 = 12.806 | Learner Steps = 38418 | Learner Walltime = 7609.032 | Min Dist = 1.016 | Min Dist 10 = 0.782 | Min Dist 100 = 1.132 | Min Dist 1000 = 0.720 | Steps Per Second = 80.994 | Success = 0.000 | Success 1000 = 0.863
I0502 17:13:06.782285 139579566835264 terminal.py:91] [Evaluator] Actor Episodes = 49383 | Actor Steps = 2469150 | Delta Dist = 11.291 | Delta Dist 10 = 11.386 | Delta Dist 100 = 10.971 | Delta Dist 1000 = 11.442 | Episode Length = 50 | Episode Return = 10.0 | Evaluator Episodes = 12529 | Evaluator Steps = 626450 | Final Dist = 1.515 | Final Dist 10 = 1.420 | Final Dist 100 = 1.835 | Final Dist 1000 = 1.364 | Init Dist = 12.806 | Init Dist 10 = 12.806 | Init Dist 100 = 12.806 | Init Dist 1000 = 12.806 | Learner Steps = 38423 | Learner Walltime = 7610.200 | Min Dist = 0.211 | Min Dist 10 = 0.811 | Min Dist 100 = 1.144 | Min Dist 1000 = 0.721 | Steps Per Second = 71.740 | Success = 1.000 | Success 1000 = 0.862
I0502 17:13:08.171700 139579566835264 terminal.py:91] [Evaluator] Actor Episodes = 49391 | Actor Steps = 2469550 | Delta Dist = 5.966 | Delta Dist 10 = 11.357 | Delta Dist 100 = 10.966 | Delta Dist 1000 = 11.442 | Episode Length = 50 | Episode Return = 0.0 | Evaluator Episodes = 12531 | Evaluator Steps = 626550 | Final Dist = 6.841 | Final Dist 10 = 1.449 | Final Dist 100 = 1.840 | Final Dist 1000 = 1.364 | Init Dist = 12.806 | Init Dist 10 = 12.806 | Init Dist 100 = 12.806 | Init Dist 1000 = 12.806 | Learner Steps = 38429 | Learner Walltime = 7611.515 | Min Dist = 5.338 | Min Dist 10 = 0.795 | Min Dist 100 = 1.142 | Min Dist 1000 = 0.722 | Steps Per Second = 74.009 | Success = 0.000 | Success 1000 = 0.862
I0502 17:13:08.826567 139558059398720 terminal.py:91] [Actor] Actor Episodes = 49392 | Actor Steps = 2469600 | Delta Dist = 2.837 | Delta Dist 10 = 6.348 | Delta Dist 100 = 4.874 | Delta Dist 1000 = 4.396 | Episode Length = 50 | Episode Return = 18.0 | Evaluator Episodes = 12529 | Evaluator Steps = 626450 | Final Dist = 1.163 | Final Dist 10 = 0.649 | Final Dist 100 = 1.067 | Final Dist 1000 = 1.550 | Init Dist = 4.000 | Init Dist 10 = 6.996 | Init Dist 100 = 5.941 | Init Dist 1000 = 5.946 | Learner Steps = 38429 | Learner Walltime = 7611.515 | Min Dist = 0.176 | Min Dist 10 = 0.050 | Min Dist 100 = 0.085 | Min Dist 1000 = 0.236 | Steps Per Second = 66.166 | Success = 1.000 | Success 1000 = 0.989
I0502 17:13:09.254695 139584504182336 lp_utils.py:96] StepsLimiter: Reached 2469750 recorded steps
I0502 17:13:09.462777 139557462840896 terminal.py:91] [Actor] Actor Episodes = 49397 | Actor Steps = 2469850 | Delta Dist = 8.417 | Delta Dist 10 = 5.143 | Delta Dist 100 = 4.836 | Delta Dist 1000 = 4.386 | Episode Length = 50 | Episode Return = 42.0 | Evaluator Episodes = 12531 | Evaluator Steps = 626550 | Final Dist = 1.069 | Final Dist 10 = 0.668 | Final Dist 100 = 1.027 | Final Dist 1000 = 1.550 | Init Dist = 9.487 | Init Dist 10 = 5.811 | Init Dist 100 = 5.863 | Init Dist 1000 = 5.935 | Learner Steps = 38434 | Learner Walltime = 7612.679 | Min Dist = 0.082 | Min Dist 10 = 0.047 | Min Dist 100 = 0.086 | Min Dist 1000 = 0.236 | Steps Per Second = 67.070 | Success = 1.000 | Success 1000 = 0.989
I0502 17:13:09.606893 139579566835264 terminal.py:91] [Evaluator] Actor Episodes = 49399 | Actor Steps = 2469950 | Delta Dist = 5.924 | Delta Dist 10 = 10.203 | Delta Dist 100 = 10.843 | Delta Dist 1000 = 11.430 | Episode Length = 50 | Episode Return = 0.0 | Evaluator Episodes = 12533 | Evaluator Steps = 626650 | Final Dist = 6.882 | Final Dist 10 = 2.604 | Final Dist 100 = 1.963 | Final Dist 1000 = 1.376 | Init Dist = 12.806 | Init Dist 10 = 12.806 | Init Dist 100 = 12.806 | Init Dist 1000 = 12.806 | Learner Steps = 38439 | Learner Walltime = 7613.785 | Min Dist = 5.311 | Min Dist 10 = 1.820 | Min Dist 100 = 1.245 | Min Dist 1000 = 0.732 | Steps Per Second = 68.437 | Success = 0.000 | Success 1000 = 0.860
I0502 17:13:10.905827 139579566835264 terminal.py:91] [Evaluator] Actor Episodes = 49407 | Actor Steps = 2470350 | Delta Dist = 11.614 | Delta Dist 10 = 10.249 | Delta Dist 100 = 10.871 | Delta Dist 1000 = 11.425 | Episode Length = 50 | Episode Return = 5.0 | Evaluator Episodes = 12535 | Evaluator Steps = 626750 | Final Dist = 1.192 | Final Dist 10 = 2.557 | Final Dist 100 = 1.935 | Final Dist 1000 = 1.381 | Init Dist = 12.806 | Init Dist 10 = 12.806 | Init Dist 100 = 12.806 | Init Dist 1000 = 12.806 | Learner Steps = 38443 | Learner Walltime = 7614.794 | Min Dist = 0.173 | Min Dist 10 = 1.802 | Min Dist 100 = 1.219 | Min Dist 1000 = 0.737 | Steps Per Second = 80.702 | Success = 1.000 | Success 1000 = 0.859
I0502 17:13:11.206056 139555860620864 terminal.py:91] [Actor] Actor Episodes = 49404 | Actor Steps = 2470200 | Delta Dist = 3.285 | Delta Dist 10 = 5.258 | Delta Dist 100 = 4.885 | Delta Dist 1000 = 4.401 | Episode Length = 50 | Episode Return = 35.0 | Evaluator Episodes = 12533 | Evaluator Steps = 626650 | Final Dist = 0.321 | Final Dist 10 = 0.758 | Final Dist 100 = 1.096 | Final Dist 1000 = 1.552 | Init Dist = 3.606 | Init Dist 10 = 6.016 | Init Dist 100 = 5.981 | Init Dist 1000 = 5.953 | Learner Steps = 38439 | Learner Walltime = 7613.785 | Min Dist = 0.241 | Min Dist 10 = 0.075 | Min Dist 100 = 0.082 | Min Dist 1000 = 0.236 | Steps Per Second = 70.911 | Success = 1.000 | Success 1000 = 0.989
I0502 17:13:11.702858 139555013154368 terminal.py:91] [Learner] Actor Episodes = 49409 | Actor Loss = 3.641037940979004 | Actor Steps = 2470450 | Binary Accuracy = 0.9960231781005859 | Categorical Accuracy = 0.4093017578125 | Critic Loss = 1.81211256980896 | Entropy Mean = -22.549697875976562 | Evaluator Episodes = 12535 | Evaluator Steps = 626750 | Learner Steps = 38449 | Learner Walltime = 7615.894 | Logits Neg = -17.00326156616211 | Logits Pos = -1.8047122955322266 | Logsumexp = 1.038987398147583 | Steps Per Second = 207.869
I0502 17:13:12.229906 139579566835264 terminal.py:91] [Evaluator] Actor Episodes = 49413 | Actor Steps = 2470650 | Delta Dist = 11.471 | Delta Dist 10 = 9.542 | Delta Dist 100 = 10.856 | Delta Dist 1000 = 11.418 | Episode Length = 50 | Episode Return = 16.0 | Evaluator Episodes = 12537 | Evaluator Steps = 626850 | Final Dist = 1.335 | Final Dist 10 = 3.264 | Final Dist 100 = 1.950 | Final Dist 1000 = 1.388 | Init Dist = 12.806 | Init Dist 10 = 12.806 | Init Dist 100 = 12.806 | Init Dist 1000 = 12.806 | Learner Steps = 38449 | Learner Walltime = 7615.894 | Min Dist = 0.059 | Min Dist 10 = 2.286 | Min Dist 100 = 1.219 | Min Dist 1000 = 0.742 | Steps Per Second = 77.841 | Success = 1.000 | Success 1000 = 0.858
I0502 17:13:13.542189 139579566835264 terminal.py:91] [Evaluator] Actor Episodes = 49421 | Actor Steps = 2471050 | Delta Dist = 11.966 | Delta Dist 10 = 9.144 | Delta Dist 100 = 10.814 | Delta Dist 1000 = 11.412 | Episode Length = 50 | Episode Return = 28.0 | Evaluator Episodes = 12539 | Evaluator Steps = 626950 | Final Dist = 0.840 | Final Dist 10 = 3.662 | Final Dist 100 = 1.992 | Final Dist 1000 = 1.394 | Init Dist = 12.806 | Init Dist 10 = 12.806 | Init Dist 100 = 12.806 | Init Dist 1000 = 12.806 | Learner Steps = 38454 | Learner Walltime = 7617.068 | Min Dist = 0.051 | Min Dist 10 = 2.699 | Min Dist 100 = 1.262 | Min Dist 1000 = 0.747 | Steps Per Second = 76.392 | Success = 1.000 | Success 1000 = 0.857
I0502 17:13:14.888882 139579566835264 terminal.py:91] [Evaluator] Actor Episodes = 49429 | Actor Steps = 2471450 | Delta Dist = 11.754 | Delta Dist 10 = 8.602 | Delta Dist 100 = 10.758 | Delta Dist 1000 = 11.413 | Episode Length = 50 | Episode Return = 17.0 | Evaluator Episodes = 12541 | Evaluator Steps = 627050 | Final Dist = 1.052 | Final Dist 10 = 4.205 | Final Dist 100 = 2.048 | Final Dist 1000 = 1.393 | Init Dist = 12.806 | Init Dist 10 = 12.806 | Init Dist 100 = 12.806 | Init Dist 1000 = 12.806 | Learner Steps = 38460 | Learner Walltime = 7618.248 | Min Dist = 0.328 | Min Dist 10 = 3.205 | Min Dist 100 = 1.309 | Min Dist 1000 = 0.746 | Steps Per Second = 79.423 | Success = 1.000 | Success 1000 = 0.858
I0502 17:13:15.337453 139569349502528 terminal.py:91] [Actor] Actor Episodes = 49433 | Actor Steps = 2471650 | Delta Dist = 4.171 | Delta Dist 10 = 3.114 | Delta Dist 100 = 4.674 | Delta Dist 1000 = 4.406 | Episode Length = 50 | Episode Return = 32.0 | Evaluator Episodes = 12541 | Evaluator Steps = 627050 | Final Dist = 0.301 | Final Dist 10 = 1.844 | Final Dist 100 = 1.303 | Final Dist 1000 = 1.554 | Init Dist = 4.472 | Init Dist 10 = 4.958 | Init Dist 100 = 5.977 | Init Dist 1000 = 5.959 | Learner Steps = 38465 | Learner Walltime = 7619.276 | Min Dist = 0.034 | Min Dist 10 = 0.059 | Min Dist 100 = 0.091 | Min Dist 1000 = 0.228 | Steps Per Second = 76.095 | Success = 1.000 | Success 1000 = 0.989
I0502 17:13:16.164115 139579566835264 terminal.py:91] [Evaluator] Actor Episodes = 49437 | Actor Steps = 2471850 | Delta Dist = 12.214 | Delta Dist 10 = 9.608 | Delta Dist 100 = 10.808 | Delta Dist 1000 = 11.413 | Episode Length = 50 | Episode Return = 28.0 | Evaluator Episodes = 12543 | Evaluator Steps = 627150 | Final Dist = 0.592 | Final Dist 10 = 3.198 | Final Dist 100 = 1.999 | Final Dist 1000 = 1.393 | Init Dist = 12.806 | Init Dist 10 = 12.806 | Init Dist 100 = 12.806 | Init Dist 1000 = 12.806 | Learner Steps = 38470 | Learner Walltime = 7620.351 | Min Dist = 0.146 | Min Dist 10 = 2.242 | Min Dist 100 = 1.257 | Min Dist 1000 = 0.745 | Steps Per Second = 75.842 | Success = 1.000 | Success 1000 = 0.858
I0502 17:13:17.275444 139579566835264 terminal.py:91] [Evaluator] Actor Episodes = 49445 | Actor Steps = 2472250 | Delta Dist = 11.212 | Delta Dist 10 = 10.235 | Delta Dist 100 = 10.821 | Delta Dist 1000 = 11.415 | Episode Length = 50 | Episode Return = 1.0 | Evaluator Episodes = 12545 | Evaluator Steps = 627250 | Final Dist = 1.594 | Final Dist 10 = 2.571 | Final Dist 100 = 1.985 | Final Dist 1000 = 1.391 | Init Dist = 12.806 | Init Dist 10 = 12.806 | Init Dist 100 = 12.806 | Init Dist 1000 = 12.806 | Learner Steps = 38475 | Learner Walltime = 7621.382 | Min Dist = 0.892 | Min Dist 10 = 1.736 | Min Dist 100 = 1.245 | Min Dist 1000 = 0.744 | Steps Per Second = 92.362 | Success = 1.000 | Success 1000 = 0.859
I0502 17:13:18.556024 139579566835264 terminal.py:91] [Evaluator] Actor Episodes = 49453 | Actor Steps = 2472650 | Delta Dist = 11.452 | Delta Dist 10 = 10.783 | Delta Dist 100 = 10.815 | Delta Dist 1000 = 11.415 | Episode Length = 50 | Episode Return = 7.0 | Evaluator Episodes = 12547 | Evaluator Steps = 627350 | Final Dist = 1.354 | Final Dist 10 = 2.023 | Final Dist 100 = 1.991 | Final Dist 1000 = 1.391 | Init Dist = 12.806 | Init Dist 10 = 12.806 | Init Dist 100 = 12.806 | Init Dist 1000 = 12.806 | Learner Steps = 38481 | Learner Walltime = 7622.559 | Min Dist = 0.104 | Min Dist 10 = 1.301 | Min Dist 100 = 1.253 | Min Dist 1000 = 0.744 | Steps Per Second = 78.864 | Success = 1.000 | Success 1000 = 0.860
I0502 17:13:18.877602 139558059398720 terminal.py:91] [Actor] Actor Episodes = 49452 | Actor Steps = 2472600 | Delta Dist = 10.693 | Delta Dist 10 = 2.499 | Delta Dist 100 = 4.429 | Delta Dist 1000 = 4.385 | Episode Length = 50 | Episode Return = 50.0 | Evaluator Episodes = 12545 | Evaluator Steps = 627250 | Final Dist = 0.124 | Final Dist 10 = 1.911 | Final Dist 100 = 1.321 | Final Dist 1000 = 1.567 | Init Dist = 10.817 | Init Dist 10 = 4.410 | Init Dist 100 = 5.750 | Init Dist 1000 = 5.951 | Learner Steps = 38475 | Learner Walltime = 7621.382 | Min Dist = 0.008 | Min Dist 10 = 0.060 | Min Dist 100 = 0.069 | Min Dist 1000 = 0.227 | Steps Per Second = 78.506 | Success = 1.000 | Success 1000 = 0.989
I0502 17:13:19.276877 139584504182336 lp_utils.py:96] StepsLimiter: Reached 2472850 recorded steps
I0502 17:13:19.766318 139579566835264 terminal.py:91] [Evaluator] Actor Episodes = 49461 | Actor Steps = 2473050 | Delta Dist = 12.663 | Delta Dist 10 = 11.198 | Delta Dist 100 = 10.810 | Delta Dist 1000 = 11.414 | Episode Length = 50 | Episode Return = 23.0 | Evaluator Episodes = 12549 | Evaluator Steps = 627450 | Final Dist = 0.143 | Final Dist 10 = 1.609 | Final Dist 100 = 1.997 | Final Dist 1000 = 1.392 | Init Dist = 12.806 | Init Dist 10 = 12.806 | Init Dist 100 = 12.806 | Init Dist 1000 = 12.806 | Learner Steps = 38487 | Learner Walltime = 7623.660 | Min Dist = 0.123 | Min Dist 10 = 0.820 | Min Dist 100 = 1.249 | Min Dist 1000 = 0.745 | Steps Per Second = 85.727 | Success = 1.000 | Success 1000 = 0.860
I0502 17:13:19.950800 139557462840896 terminal.py:91] [Actor] Actor Episodes = 49463 | Actor Steps = 2473150 | Delta Dist = 3.967 | Delta Dist 10 = 4.633 | Delta Dist 100 = 4.696 | Delta Dist 1000 = 4.385 | Episode Length = 50 | Episode Return = 17.0 | Evaluator Episodes = 12549 | Evaluator Steps = 627450 | Final Dist = 0.505 | Final Dist 10 = 1.802 | Final Dist 100 = 1.299 | Final Dist 1000 = 1.563 | Init Dist = 4.472 | Init Dist 10 = 6.434 | Init Dist 100 = 5.995 | Init Dist 1000 = 5.948 | Learner Steps = 38487 | Learner Walltime = 7623.660 | Min Dist = 0.019 | Min Dist 10 = 0.086 | Min Dist 100 = 0.073 | Min Dist 1000 = 0.223 | Steps Per Second = 84.540 | Success = 1.000 | Success 1000 = 0.990
I0502 17:13:21.097731 139579566835264 terminal.py:91] [Evaluator] Actor Episodes = 49469 | Actor Steps = 2473450 | Delta Dist = 11.671 | Delta Dist 10 = 11.259 | Delta Dist 100 = 10.763 | Delta Dist 1000 = 11.408 | Episode Length = 50 | Episode Return = 9.0 | Evaluator Episodes = 12551 | Evaluator Steps = 627550 | Final Dist = 1.135 | Final Dist 10 = 1.548 | Final Dist 100 = 2.043 | Final Dist 1000 = 1.398 | Init Dist = 12.806 | Init Dist 10 = 12.806 | Init Dist 100 = 12.806 | Init Dist 1000 = 12.806 | Learner Steps = 38492 | Learner Walltime = 7624.677 | Min Dist = 0.038 | Min Dist 10 = 0.820 | Min Dist 100 = 1.297 | Min Dist 1000 = 0.750 | Steps Per Second = 76.231 | Success = 1.000 | Success 1000 = 0.859
I0502 17:13:21.511695 139555860620864 terminal.py:91] [Actor] Actor Episodes = 49468 | Actor Steps = 2473400 | Delta Dist = 3.155 | Delta Dist 10 = 4.088 | Delta Dist 100 = 4.667 | Delta Dist 1000 = 4.384 | Episode Length = 50 | Episode Return = 36.0 | Evaluator Episodes = 12549 | Evaluator Steps = 627450 | Final Dist = 0.007 | Final Dist 10 = 1.121 | Final Dist 100 = 1.350 | Final Dist 1000 = 1.553 | Init Dist = 3.162 | Init Dist 10 = 5.209 | Init Dist 100 = 6.017 | Init Dist 1000 = 5.937 | Learner Steps = 38492 | Learner Walltime = 7624.677 | Min Dist = 0.007 | Min Dist 10 = 0.066 | Min Dist 100 = 0.071 | Min Dist 1000 = 0.222 | Steps Per Second = 68.705 | Success = 1.000 | Success 1000 = 0.990
I0502 17:13:21.933952 139555013154368 terminal.py:91] [Learner] Actor Episodes = 49471 | Actor Loss = 3.6501355171203613 | Actor Steps = 2473550 | Binary Accuracy = 0.9960196018218994 | Categorical Accuracy = 0.4202880859375 | Critic Loss = 1.7921502590179443 | Entropy Mean = -22.90878677368164 | Evaluator Episodes = 12551 | Evaluator Steps = 627550 | Learner Steps = 38499 | Learner Walltime = 7626.129 | Logits Neg = -17.246736526489258 | Logits Pos = -1.8143229484558105 | Logsumexp = 1.1398472785949707 | Steps Per Second = 273.154
I0502 17:13:22.473551 139579566835264 terminal.py:91] [Evaluator] Actor Episodes = 49477 | Actor Steps = 2473850 | Delta Dist = 7.101 | Delta Dist 10 = 11.296 | Delta Dist 100 = 10.760 | Delta Dist 1000 = 11.409 | Episode Length = 50 | Episode Return = 0.0 | Evaluator Episodes = 12553 | Evaluator Steps = 627650 | Final Dist = 5.706 | Final Dist 10 = 1.511 | Final Dist 100 = 2.046 | Final Dist 1000 = 1.397 | Init Dist = 12.806 | Init Dist 10 = 12.806 | Init Dist 100 = 12.806 | Init Dist 1000 = 12.806 | Learner Steps = 38496 | Learner Walltime = 7625.687 | Min Dist = 5.335 | Min Dist 10 = 0.745 | Min Dist 100 = 1.291 | Min Dist 1000 = 0.748 | Steps Per Second = 75.206 | Success = 0.000 | Success 1000 = 0.860
I0502 17:13:23.793332 139579566835264 terminal.py:91] [Evaluator] Actor Episodes = 49485 | Actor Steps = 2474250 | Delta Dist = 12.659 | Delta Dist 10 = 10.688 | Delta Dist 100 = 10.717 | Delta Dist 1000 = 11.403 | Episode Length = 50 | Episode Return = 24.0 | Evaluator Episodes = 12555 | Evaluator Steps = 627750 | Final Dist = 0.147 | Final Dist 10 = 2.118 | Final Dist 100 = 2.089 | Final Dist 1000 = 1.403 | Init Dist = 12.806 | Init Dist 10 = 12.806 | Init Dist 100 = 12.806 | Init Dist 1000 = 12.806 | Learner Steps = 38506 | Learner Walltime = 7627.771 | Min Dist = 0.015 | Min Dist 10 = 1.260 | Min Dist 100 = 1.336 | Min Dist 1000 = 0.754 | Steps Per Second = 80.236 | Success = 1.000 | Success 1000 = 0.859
I0502 17:13:25.149799 139579566835264 terminal.py:91] [Evaluator] Actor Episodes = 49493 | Actor Steps = 2474650 | Delta Dist = 7.080 | Delta Dist 10 = 10.486 | Delta Dist 100 = 10.690 | Delta Dist 1000 = 11.401 | Episode Length = 50 | Episode Return = 0.0 | Evaluator Episodes = 12557 | Evaluator Steps = 627850 | Final Dist = 5.726 | Final Dist 10 = 2.320 | Final Dist 100 = 2.116 | Final Dist 1000 = 1.406 | Init Dist = 12.806 | Init Dist 10 = 12.806 | Init Dist 100 = 12.806 | Init Dist 1000 = 12.806 | Learner Steps = 38512 | Learner Walltime = 7629.203 | Min Dist = 5.343 | Min Dist 10 = 1.567 | Min Dist 100 = 1.372 | Min Dist 1000 = 0.757 | Steps Per Second = 72.288 | Success = 0.000 | Success 1000 = 0.858
I0502 17:13:25.823852 139569349502528 terminal.py:91] [Actor] Actor Episodes = 49497 | Actor Steps = 2474850 | Delta Dist = 3.317 | Delta Dist 10 = 3.734 | Delta Dist 100 = 4.421 | Delta Dist 1000 = 4.385 | Episode Length = 50 | Episode Return = 46.0 | Evaluator Episodes = 12557 | Evaluator Steps = 627850 | Final Dist = 0.289 | Final Dist 10 = 1.123 | Final Dist 100 = 1.351 | Final Dist 1000 = 1.534 | Init Dist = 3.606 | Init Dist 10 = 4.856 | Init Dist 100 = 5.772 | Init Dist 1000 = 5.919 | Learner Steps = 38512 | Learner Walltime = 7629.203 | Min Dist = 0.011 | Min Dist 10 = 0.030 | Min Dist 100 = 0.083 | Min Dist 1000 = 0.222 | Steps Per Second = 77.904 | Success = 1.000 | Success 1000 = 0.991
I0502 17:13:26.374995 139579566835264 terminal.py:91] [Evaluator] Actor Episodes = 49499 | Actor Steps = 2474950 | Delta Dist = 11.080 | Delta Dist 10 = 10.054 | Delta Dist 100 = 10.643 | Delta Dist 1000 = 11.395 | Episode Length = 50 | Episode Return = 6.0 | Evaluator Episodes = 12559 | Evaluator Steps = 627950 | Final Dist = 1.727 | Final Dist 10 = 2.752 | Final Dist 100 = 2.163 | Final Dist 1000 = 1.411 | Init Dist = 12.806 | Init Dist 10 = 12.806 | Init Dist 100 = 12.806 | Init Dist 1000 = 12.806 | Learner Steps = 38518 | Learner Walltime = 7630.538 | Min Dist = 0.144 | Min Dist 10 = 2.148 | Min Dist 100 = 1.435 | Min Dist 1000 = 0.763 | Steps Per Second = 79.043 | Success = 1.000 | Success 1000 = 0.856
I0502 17:13:27.652609 139579566835264 terminal.py:91] [Evaluator] Actor Episodes = 49507 | Actor Steps = 2475350 | Delta Dist = 7.149 | Delta Dist 10 = 10.443 | Delta Dist 100 = 10.716 | Delta Dist 1000 = 11.399 | Episode Length = 50 | Episode Return = 0.0 | Evaluator Episodes = 12561 | Evaluator Steps = 628050 | Final Dist = 5.657 | Final Dist 10 = 2.363 | Final Dist 100 = 2.090 | Final Dist 1000 = 1.407 | Init Dist = 12.806 | Init Dist 10 = 12.806 | Init Dist 100 = 12.806 | Init Dist 1000 = 12.806 | Learner Steps = 38518 | Learner Walltime = 7630.538 | Min Dist = 5.254 | Min Dist 10 = 1.686 | Min Dist 100 = 1.354 | Min Dist 1000 = 0.758 | Steps Per Second = 77.859 | Success = 0.000 | Success 1000 = 0.857
I0502 17:13:28.924639 139579566835264 terminal.py:91] [Evaluator] Actor Episodes = 49517 | Actor Steps = 2475850 | Delta Dist = 11.389 | Delta Dist 10 = 9.439 | Delta Dist 100 = 10.655 | Delta Dist 1000 = 11.389 | Episode Length = 50 | Episode Return = 10.0 | Evaluator Episodes = 12563 | Evaluator Steps = 628150 | Final Dist = 1.418 | Final Dist 10 = 3.367 | Final Dist 100 = 2.151 | Final Dist 1000 = 1.417 | Init Dist = 12.806 | Init Dist 10 = 12.806 | Init Dist 100 = 12.806 | Init Dist 1000 = 12.806 | Learner Steps = 38525 | Learner Walltime = 7631.863 | Min Dist = 0.061 | Min Dist 10 = 2.733 | Min Dist 100 = 1.405 | Min Dist 1000 = 0.768 | Steps Per Second = 82.778 | Success = 1.000 | Success 1000 = 0.855
I0502 17:13:29.291001 139584504182336 lp_utils.py:96] StepsLimiter: Reached 2475950 recorded steps
I0502 17:13:29.460154 139558059398720 terminal.py:91] [Actor] Actor Episodes = 49516 | Actor Steps = 2475800 | Delta Dist = 7.105 | Delta Dist 10 = 4.616 | Delta Dist 100 = 4.293 | Delta Dist 1000 = 4.376 | Episode Length = 50 | Episode Return = 0.0 | Evaluator Episodes = 12561 | Evaluator Steps = 628050 | Final Dist = 1.839 | Final Dist 10 = 1.042 | Final Dist 100 = 1.346 | Final Dist 1000 = 1.530 | Init Dist = 8.944 | Init Dist 10 = 5.657 | Init Dist 100 = 5.639 | Init Dist 1000 = 5.906 | Learner Steps = 38525 | Learner Walltime = 7631.863 | Min Dist = 0.016 | Min Dist 10 = 0.081 | Min Dist 100 = 0.077 | Min Dist 1000 = 0.222 | Steps Per Second = 82.920 | Success = 1.000 | Success 1000 = 0.991
I0502 17:13:29.871711 139584635659840 savers.py:156] Saving checkpoint: logs/contrastive_cpc_point_FourRooms_64/5dd72662-2788-11f0-b183-d85ed38c5779/checkpoints/counter
I0502 17:13:30.167259 139579566835264 terminal.py:91] [Evaluator] Actor Episodes = 49523 | Actor Steps = 2476150 | Delta Dist = 12.410 | Delta Dist 10 = 9.966 | Delta Dist 100 = 10.662 | Delta Dist 1000 = 11.399 | Episode Length = 50 | Episode Return = 25.0 | Evaluator Episodes = 12565 | Evaluator Steps = 628250 | Final Dist = 0.397 | Final Dist 10 = 2.840 | Final Dist 100 = 2.145 | Final Dist 1000 = 1.407 | Init Dist = 12.806 | Init Dist 10 = 12.806 | Init Dist 100 = 12.806 | Init Dist 1000 = 12.806 | Learner Steps = 38531 | Learner Walltime = 7633.169 | Min Dist = 0.033 | Min Dist 10 = 2.214 | Min Dist 100 = 1.383 | Min Dist 1000 = 0.758 | Steps Per Second = 78.139 | Success = 1.000 | Success 1000 = 0.857
I0502 17:13:30.358386 139557462840896 terminal.py:91] [Actor] Actor Episodes = 49527 | Actor Steps = 2476350 | Delta Dist = 2.295 | Delta Dist 10 = 3.649 | Delta Dist 100 = 4.355 | Delta Dist 1000 = 4.365 | Episode Length = 50 | Episode Return = 23.0 | Evaluator Episodes = 12565 | Evaluator Steps = 628250 | Final Dist = 1.705 | Final Dist 10 = 1.854 | Final Dist 100 = 1.396 | Final Dist 1000 = 1.527 | Init Dist = 4.000 | Init Dist 10 = 5.503 | Init Dist 100 = 5.751 | Init Dist 1000 = 5.893 | Learner Steps = 38538 | Learner Walltime = 7634.445 | Min Dist = 0.042 | Min Dist 10 = 0.540 | Min Dist 100 = 0.126 | Min Dist 1000 = 0.226 | Steps Per Second = 79.527 | Success = 1.000 | Success 1000 = 0.990
I0502 17:13:31.516946 139579566835264 terminal.py:91] [Evaluator] Actor Episodes = 49533 | Actor Steps = 2476650 | Delta Dist = 12.614 | Delta Dist 10 = 10.240 | Delta Dist 100 = 10.672 | Delta Dist 1000 = 11.400 | Episode Length = 50 | Episode Return = 23.0 | Evaluator Episodes = 12567 | Evaluator Steps = 628350 | Final Dist = 0.193 | Final Dist 10 = 2.566 | Final Dist 100 = 2.134 | Final Dist 1000 = 1.406 | Init Dist = 12.806 | Init Dist 10 = 12.806 | Init Dist 100 = 12.806 | Init Dist 1000 = 12.806 | Learner Steps = 38538 | Learner Walltime = 7634.445 | Min Dist = 0.056 | Min Dist 10 = 1.813 | Min Dist 100 = 1.383 | Min Dist 1000 = 0.758 | Steps Per Second = 70.855 | Success = 1.000 | Success 1000 = 0.857
I0502 17:13:32.058005 139555860620864 terminal.py:91] [Actor] Actor Episodes = 49532 | Actor Steps = 2476600 | Delta Dist = 6.437 | Delta Dist 10 = 4.481 | Delta Dist 100 = 4.341 | Delta Dist 1000 = 4.372 | Episode Length = 50 | Episode Return = 3.0 | Evaluator Episodes = 12565 | Evaluator Steps = 628250 | Final Dist = 3.050 | Final Dist 10 = 2.412 | Final Dist 100 = 1.481 | Final Dist 1000 = 1.535 | Init Dist = 9.487 | Init Dist 10 = 6.893 | Init Dist 100 = 5.823 | Init Dist 1000 = 5.908 | Learner Steps = 38538 | Learner Walltime = 7634.445 | Min Dist = 0.053 | Min Dist 10 = 1.019 | Min Dist 100 = 0.221 | Min Dist 1000 = 0.233 | Steps Per Second = 71.689 | Success = 1.000 | Success 1000 = 0.990
I0502 17:13:32.222971 139555013154368 terminal.py:91] [Learner] Actor Episodes = 49533 | Actor Loss = 3.770555257797241 | Actor Steps = 2476650 | Binary Accuracy = 0.996009111404419 | Categorical Accuracy = 0.43597412109375 | Critic Loss = 1.7294495105743408 | Entropy Mean = -23.908052444458008 | Evaluator Episodes = 12567 | Evaluator Steps = 628350 | Learner Steps = 38547 | Learner Walltime = 7636.421 | Logits Neg = -17.383045196533203 | Logits Pos = -1.685941457748413 | Logsumexp = 1.187270998954773 | Steps Per Second = 157.839
I0502 17:13:32.709939 139579566835264 terminal.py:91] [Evaluator] Actor Episodes = 49539 | Actor Steps = 2476950 | Delta Dist = 12.310 | Delta Dist 10 = 10.766 | Delta Dist 100 = 10.685 | Delta Dist 1000 = 11.400 | Episode Length = 50 | Episode Return = 11.0 | Evaluator Episodes = 12569 | Evaluator Steps = 628450 | Final Dist = 0.496 | Final Dist 10 = 2.040 | Final Dist 100 = 2.121 | Final Dist 1000 = 1.406 | Init Dist = 12.806 | Init Dist 10 = 12.806 | Init Dist 100 = 12.806 | Init Dist 1000 = 12.806 | Learner Steps = 38544 | Learner Walltime = 7635.764 | Min Dist = 0.358 | Min Dist 10 = 1.198 | Min Dist 100 = 1.381 | Min Dist 1000 = 0.757 | Steps Per Second = 95.896 | Success = 1.000 | Success 1000 = 0.857
I0502 17:13:34.030067 139579566835264 terminal.py:91] [Evaluator] Actor Episodes = 49545 | Actor Steps = 2477250 | Delta Dist = 11.587 | Delta Dist 10 = 10.824 | Delta Dist 100 = 10.671 | Delta Dist 1000 = 11.399 | Episode Length = 50 | Episode Return = 17.0 | Evaluator Episodes = 12571 | Evaluator Steps = 628550 | Final Dist = 1.220 | Final Dist 10 = 1.982 | Final Dist 100 = 2.135 | Final Dist 1000 = 1.408 | Init Dist = 12.806 | Init Dist 10 = 12.806 | Init Dist 100 = 12.806 | Init Dist 1000 = 12.806 | Learner Steps = 38555 | Learner Walltime = 7638.069 | Min Dist = 0.045 | Min Dist 10 = 1.253 | Min Dist 100 = 1.392 | Min Dist 1000 = 0.758 | Steps Per Second = 73.800 | Success = 1.000 | Success 1000 = 0.856
I0502 17:13:35.311951 139579566835264 terminal.py:91] [Evaluator] Actor Episodes = 49555 | Actor Steps = 2477750 | Delta Dist = 11.172 | Delta Dist 10 = 11.808 | Delta Dist 100 = 10.709 | Delta Dist 1000 = 11.398 | Episode Length = 50 | Episode Return = 9.0 | Evaluator Episodes = 12573 | Evaluator Steps = 628650 | Final Dist = 1.635 | Final Dist 10 = 0.998 | Final Dist 100 = 2.097 | Final Dist 1000 = 1.408 | Init Dist = 12.806 | Init Dist 10 = 12.806 | Init Dist 100 = 12.806 | Init Dist 1000 = 12.806 | Learner Steps = 38561 | Learner Walltime = 7639.150 | Min Dist = 0.072 | Min Dist 10 = 0.218 | Min Dist 100 = 1.341 | Min Dist 1000 = 0.757 | Steps Per Second = 81.493 | Success = 1.000 | Success 1000 = 0.857
I0502 17:13:36.131732 139569349502528 terminal.py:91] [Actor] Actor Episodes = 49561 | Actor Steps = 2478050 | Delta Dist = 8.497 | Delta Dist 10 = 5.187 | Delta Dist 100 = 4.517 | Delta Dist 1000 = 4.422 | Episode Length = 50 | Episode Return = 28.0 | Evaluator Episodes = 12573 | Evaluator Steps = 628650 | Final Dist = 0.447 | Final Dist 10 = 1.281 | Final Dist 100 = 1.305 | Final Dist 1000 = 1.461 | Init Dist = 8.944 | Init Dist 10 = 6.468 | Init Dist 100 = 5.822 | Init Dist 1000 = 5.884 | Learner Steps = 38566 | Learner Walltime = 7640.229 | Min Dist = 0.040 | Min Dist 10 = 0.066 | Min Dist 100 = 0.217 | Min Dist 1000 = 0.219 | Steps Per Second = 72.157 | Success = 1.000 | Success 1000 = 0.991
I0502 17:13:36.577159 139579566835264 terminal.py:91] [Evaluator] Actor Episodes = 49563 | Actor Steps = 2478150 | Delta Dist = 12.769 | Delta Dist 10 = 11.780 | Delta Dist 100 = 10.710 | Delta Dist 1000 = 11.397 | Episode Length = 50 | Episode Return = 13.0 | Evaluator Episodes = 12575 | Evaluator Steps = 628750 | Final Dist = 0.037 | Final Dist 10 = 1.026 | Final Dist 100 = 2.096 | Final Dist 1000 = 1.409 | Init Dist = 12.806 | Init Dist 10 = 12.806 | Init Dist 100 = 12.806 | Init Dist 1000 = 12.806 | Learner Steps = 38566 | Learner Walltime = 7640.229 | Min Dist = 0.037 | Min Dist 10 = 0.210 | Min Dist 100 = 1.334 | Min Dist 1000 = 0.757 | Steps Per Second = 74.223 | Success = 1.000 | Success 1000 = 0.857
I0502 17:13:37.856725 139579566835264 terminal.py:91] [Evaluator] Actor Episodes = 49571 | Actor Steps = 2478550 | Delta Dist = 11.465 | Delta Dist 10 = 11.832 | Delta Dist 100 = 10.713 | Delta Dist 1000 = 11.400 | Episode Length = 50 | Episode Return = 29.0 | Evaluator Episodes = 12577 | Evaluator Steps = 628850 | Final Dist = 1.341 | Final Dist 10 = 0.974 | Final Dist 100 = 2.093 | Final Dist 1000 = 1.406 | Init Dist = 12.806 | Init Dist 10 = 12.806 | Init Dist 100 = 12.806 | Init Dist 1000 = 12.806 | Learner Steps = 38572 | Learner Walltime = 7641.650 | Min Dist = 0.013 | Min Dist 10 = 0.231 | Min Dist 100 = 1.335 | Min Dist 1000 = 0.756 | Steps Per Second = 86.995 | Success = 1.000 | Success 1000 = 0.857
I0502 17:13:39.119889 139579566835264 terminal.py:91] [Evaluator] Actor Episodes = 49579 | Actor Steps = 2478950 | Delta Dist = 8.127 | Delta Dist 10 = 11.746 | Delta Dist 100 = 10.718 | Delta Dist 1000 = 11.398 | Episode Length = 50 | Episode Return = 0.0 | Evaluator Episodes = 12579 | Evaluator Steps = 628950 | Final Dist = 4.679 | Final Dist 10 = 1.060 | Final Dist 100 = 2.088 | Final Dist 1000 = 1.408 | Init Dist = 12.806 | Init Dist 10 = 12.806 | Init Dist 100 = 12.806 | Init Dist 1000 = 12.806 | Learner Steps = 38578 | Learner Walltime = 7642.721 | Min Dist = 4.679 | Min Dist 10 = 0.252 | Min Dist 100 = 1.337 | Min Dist 1000 = 0.756 | Steps Per Second = 73.412 | Success = 0.000 | Success 1000 = 0.857
I0502 17:13:39.310191 139584504182336 lp_utils.py:96] StepsLimiter: Reached 2479050 recorded steps
I0502 17:13:39.798611 139558059398720 terminal.py:91] [Actor] Actor Episodes = 49582 | Actor Steps = 2479100 | Delta Dist = 0.752 | Delta Dist 10 = 3.193 | Delta Dist 100 = 4.276 | Delta Dist 1000 = 4.411 | Episode Length = 50 | Episode Return = 13.0 | Evaluator Episodes = 12579 | Evaluator Steps = 628950 | Final Dist = 1.248 | Final Dist 10 = 1.250 | Final Dist 100 = 1.339 | Final Dist 1000 = 1.459 | Init Dist = 2.000 | Init Dist 10 = 4.443 | Init Dist 100 = 5.615 | Init Dist 1000 = 5.870 | Learner Steps = 38578 | Learner Walltime = 7642.721 | Min Dist = 0.023 | Min Dist 10 = 0.300 | Min Dist 100 = 0.226 | Min Dist 1000 = 0.220 | Steps Per Second = 93.847 | Success = 1.000 | Success 1000 = 0.990
I0502 17:13:40.331725 139579566835264 terminal.py:91] [Evaluator] Actor Episodes = 49587 | Actor Steps = 2479350 | Delta Dist = 7.530 | Delta Dist 10 = 11.506 | Delta Dist 100 = 10.685 | Delta Dist 1000 = 11.396 | Episode Length = 50 | Episode Return = 0.0 | Evaluator Episodes = 12581 | Evaluator Steps = 629050 | Final Dist = 5.276 | Final Dist 10 = 1.300 | Final Dist 100 = 2.121 | Final Dist 1000 = 1.410 | Init Dist = 12.806 | Init Dist 10 = 12.806 | Init Dist 100 = 12.806 | Init Dist 1000 = 12.806 | Learner Steps = 38584 | Learner Walltime = 7643.837 | Min Dist = 5.022 | Min Dist 10 = 0.598 | Min Dist 100 = 1.380 | Min Dist 1000 = 0.759 | Steps Per Second = 81.787 | Success = 0.000 | Success 1000 = 0.857
I0502 17:13:40.762375 139557462840896 terminal.py:91] [Actor] Actor Episodes = 49591 | Actor Steps = 2479550 | Delta Dist = -0.165 | Delta Dist 10 = 4.045 | Delta Dist 100 = 4.303 | Delta Dist 1000 = 4.405 | Episode Length = 50 | Episode Return = 41.0 | Evaluator Episodes = 12581 | Evaluator Steps = 629050 | Final Dist = 1.165 | Final Dist 10 = 1.240 | Final Dist 100 = 1.375 | Final Dist 1000 = 1.452 | Init Dist = 1.000 | Init Dist 10 = 5.285 | Init Dist 100 = 5.678 | Init Dist 1000 = 5.857 | Learner Steps = 38584 | Learner Walltime = 7643.837 | Min Dist = 0.027 | Min Dist 10 = 0.232 | Min Dist 100 = 0.225 | Min Dist 1000 = 0.220 | Steps Per Second = 78.950 | Success = 1.000 | Success 1000 = 0.990
I0502 17:13:41.511765 139579566835264 terminal.py:91] [Evaluator] Actor Episodes = 49595 | Actor Steps = 2479750 | Delta Dist = 12.615 | Delta Dist 10 = 11.076 | Delta Dist 100 = 10.642 | Delta Dist 1000 = 11.391 | Episode Length = 50 | Episode Return = 20.0 | Evaluator Episodes = 12583 | Evaluator Steps = 629150 | Final Dist = 0.192 | Final Dist 10 = 1.730 | Final Dist 100 = 2.165 | Final Dist 1000 = 1.415 | Init Dist = 12.806 | Init Dist 10 = 12.806 | Init Dist 100 = 12.806 | Init Dist 1000 = 12.806 | Learner Steps = 38590 | Learner Walltime = 7645.028 | Min Dist = 0.021 | Min Dist 10 = 1.113 | Min Dist 100 = 1.414 | Min Dist 1000 = 0.764 | Steps Per Second = 81.642 | Success = 1.000 | Success 1000 = 0.856
I0502 17:13:42.373886 139555013154368 terminal.py:91] [Learner] Actor Episodes = 49599 | Actor Loss = 3.6029269695281982 | Actor Steps = 2479950 | Binary Accuracy = 0.9960696697235107 | Categorical Accuracy = 0.4276123046875 | Critic Loss = 1.7375627756118774 | Entropy Mean = -23.757728576660156 | Evaluator Episodes = 12583 | Evaluator Steps = 629150 | Learner Steps = 38598 | Learner Walltime = 7646.569 | Logits Neg = -17.239971160888672 | Logits Pos = -1.7223033905029297 | Logsumexp = 1.0653023719787598 | Steps Per Second = 320.117
I0502 17:13:42.629759 139579566835264 terminal.py:91] [Evaluator] Actor Episodes = 49601 | Actor Steps = 2480050 | Delta Dist = 11.802 | Delta Dist 10 = 11.218 | Delta Dist 100 = 10.708 | Delta Dist 1000 = 11.394 | Episode Length = 50 | Episode Return = 5.0 | Evaluator Episodes = 12585 | Evaluator Steps = 629250 | Final Dist = 1.004 | Final Dist 10 = 1.588 | Final Dist 100 = 2.098 | Final Dist 1000 = 1.413 | Init Dist = 12.806 | Init Dist 10 = 12.806 | Init Dist 100 = 12.806 | Init Dist 1000 = 12.806 | Learner Steps = 38596 | Learner Walltime = 7646.296 | Min Dist = 0.297 | Min Dist 10 = 1.101 | Min Dist 100 = 1.359 | Min Dist 1000 = 0.763 | Steps Per Second = 92.926 | Success = 1.000 | Success 1000 = 0.856
I0502 17:13:42.645893 139555860620864 terminal.py:91] [Actor] Actor Episodes = 49603 | Actor Steps = 2480150 | Delta Dist = 6.028 | Delta Dist 10 = 4.219 | Delta Dist 100 = 4.251 | Delta Dist 1000 = 4.418 | Episode Length = 50 | Episode Return = 18.0 | Evaluator Episodes = 12585 | Evaluator Steps = 629250 | Final Dist = 1.183 | Final Dist 10 = 0.971 | Final Dist 100 = 1.370 | Final Dist 1000 = 1.446 | Init Dist = 7.211 | Init Dist 10 = 5.190 | Init Dist 100 = 5.620 | Init Dist 1000 = 5.864 | Learner Steps = 38596 | Learner Walltime = 7646.296 | Min Dist = 1.088 | Min Dist 10 = 0.124 | Min Dist 100 = 0.234 | Min Dist 1000 = 0.220 | Steps Per Second = 77.292 | Success = 0.000 | Success 1000 = 0.990
I0502 17:13:42.734371 139583350109760 savers.py:156] Saving checkpoint: logs/contrastive_cpc_point_FourRooms_64/5dd72662-2788-11f0-b183-d85ed38c5779/checkpoints/learner
I0502 17:13:43.911556 139579566835264 terminal.py:91] [Evaluator] Actor Episodes = 49609 | Actor Steps = 2480450 | Delta Dist = 12.691 | Delta Dist 10 = 11.150 | Delta Dist 100 = 10.773 | Delta Dist 1000 = 11.394 | Episode Length = 50 | Episode Return = 3.0 | Evaluator Episodes = 12587 | Evaluator Steps = 629350 | Final Dist = 0.115 | Final Dist 10 = 1.656 | Final Dist 100 = 2.033 | Final Dist 1000 = 1.412 | Init Dist = 12.806 | Init Dist 10 = 12.806 | Init Dist 100 = 12.806 | Init Dist 1000 = 12.806 | Learner Steps = 38600 | Learner Walltime = 7647.707 | Min Dist = 0.115 | Min Dist 10 = 1.117 | Min Dist 100 = 1.304 | Min Dist 1000 = 0.762 | Steps Per Second = 75.016 | Success = 1.000 | Success 1000 = 0.857
I0502 17:13:45.182787 139579566835264 terminal.py:91] [Evaluator] Actor Episodes = 49617 | Actor Steps = 2480850 | Delta Dist = 11.830 | Delta Dist 10 = 11.339 | Delta Dist 100 = 10.787 | Delta Dist 1000 = 11.396 | Episode Length = 50 | Episode Return = 8.0 | Evaluator Episodes = 12589 | Evaluator Steps = 629450 | Final Dist = 0.976 | Final Dist 10 = 1.467 | Final Dist 100 = 2.019 | Final Dist 1000 = 1.410 | Init Dist = 12.806 | Init Dist 10 = 12.806 | Init Dist 100 = 12.806 | Init Dist 1000 = 12.806 | Learner Steps = 38609 | Learner Walltime = 7648.871 | Min Dist = 0.110 | Min Dist 10 = 1.146 | Min Dist 100 = 1.299 | Min Dist 1000 = 0.762 | Steps Per Second = 75.097 | Success = 1.000 | Success 1000 = 0.857
I0502 17:13:46.448461 139579566835264 terminal.py:91] [Evaluator] Actor Episodes = 49625 | Actor Steps = 2481250 | Delta Dist = 12.466 | Delta Dist 10 = 11.600 | Delta Dist 100 = 10.780 | Delta Dist 1000 = 11.395 | Episode Length = 50 | Episode Return = 13.0 | Evaluator Episodes = 12591 | Evaluator Steps = 629550 | Final Dist = 0.341 | Final Dist 10 = 1.206 | Final Dist 100 = 2.026 | Final Dist 1000 = 1.411 | Init Dist = 12.806 | Init Dist 10 = 12.806 | Init Dist 100 = 12.806 | Init Dist 1000 = 12.806 | Learner Steps = 38615 | Learner Walltime = 7650.171 | Min Dist = 0.075 | Min Dist 10 = 0.683 | Min Dist 100 = 1.291 | Min Dist 1000 = 0.762 | Steps Per Second = 76.577 | Success = 1.000 | Success 1000 = 0.857
I0502 17:13:46.612631 139569349502528 terminal.py:91] [Actor] Actor Episodes = 49626 | Actor Steps = 2481300 | Delta Dist = -0.764 | Delta Dist 10 = 7.012 | Delta Dist 100 = 4.529 | Delta Dist 1000 = 4.454 | Episode Length = 50 | Episode Return = 21.0 | Evaluator Episodes = 12589 | Evaluator Steps = 629450 | Final Dist = 1.764 | Final Dist 10 = 1.511 | Final Dist 100 = 1.266 | Final Dist 1000 = 1.436 | Init Dist = 1.000 | Init Dist 10 = 8.523 | Init Dist 100 = 5.795 | Init Dist 1000 = 5.890 | Learner Steps = 38615 | Learner Walltime = 7650.171 | Min Dist = 0.211 | Min Dist 10 = 0.090 | Min Dist 100 = 0.200 | Min Dist 1000 = 0.218 | Steps Per Second = 81.722 | Success = 1.000 | Success 1000 = 0.990
I0502 17:13:47.716790 139579566835264 terminal.py:91] [Evaluator] Actor Episodes = 49635 | Actor Steps = 2481750 | Delta Dist = 11.453 | Delta Dist 10 = 12.175 | Delta Dist 100 = 10.868 | Delta Dist 1000 = 11.397 | Episode Length = 50 | Episode Return = 21.0 | Evaluator Episodes = 12593 | Evaluator Steps = 629650 | Final Dist = 1.353 | Final Dist 10 = 0.631 | Final Dist 100 = 1.938 | Final Dist 1000 = 1.409 | Init Dist = 12.806 | Init Dist 10 = 12.806 | Init Dist 100 = 12.806 | Init Dist 1000 = 12.806 | Learner Steps = 38622 | Learner Walltime = 7651.585 | Min Dist = 0.110 | Min Dist 10 = 0.165 | Min Dist 100 = 1.195 | Min Dist 1000 = 0.761 | Steps Per Second = 78.671 | Success = 1.000 | Success 1000 = 0.857
I0502 17:13:48.929530 139579566835264 terminal.py:91] [Evaluator] Actor Episodes = 49641 | Actor Steps = 2482050 | Delta Dist = 12.648 | Delta Dist 10 = 11.971 | Delta Dist 100 = 10.858 | Delta Dist 1000 = 11.410 | Episode Length = 50 | Episode Return = 35.0 | Evaluator Episodes = 12595 | Evaluator Steps = 629750 | Final Dist = 0.159 | Final Dist 10 = 0.836 | Final Dist 100 = 1.949 | Final Dist 1000 = 1.397 | Init Dist = 12.806 | Init Dist 10 = 12.806 | Init Dist 100 = 12.806 | Init Dist 1000 = 12.806 | Learner Steps = 38629 | Learner Walltime = 7652.913 | Min Dist = 0.057 | Min Dist 10 = 0.187 | Min Dist 100 = 1.194 | Min Dist 1000 = 0.748 | Steps Per Second = 88.475 | Success = 1.000 | Success 1000 = 0.859
I0502 17:13:49.336677 139584504182336 lp_utils.py:96] StepsLimiter: Reached 2482250 recorded steps
I0502 17:13:49.957184 139558059398720 terminal.py:91] [Actor] Actor Episodes = 49646 | Actor Steps = 2482300 | Delta Dist = 6.861 | Delta Dist 10 = 4.273 | Delta Dist 100 = 4.502 | Delta Dist 1000 = 4.460 | Episode Length = 50 | Episode Return = 37.0 | Evaluator Episodes = 12595 | Evaluator Steps = 629750 | Final Dist = 0.210 | Final Dist 10 = 1.514 | Final Dist 100 = 1.199 | Final Dist 1000 = 1.436 | Init Dist = 7.071 | Init Dist 10 = 5.787 | Init Dist 100 = 5.701 | Init Dist 1000 = 5.896 | Learner Steps = 38629 | Learner Walltime = 7652.913 | Min Dist = 0.074 | Min Dist 10 = 0.101 | Min Dist 100 = 0.111 | Min Dist 1000 = 0.214 | Steps Per Second = 73.382 | Success = 1.000 | Success 1000 = 0.991
I0502 17:13:50.224265 139579566835264 terminal.py:91] [Evaluator] Actor Episodes = 49649 | Actor Steps = 2482450 | Delta Dist = 11.887 | Delta Dist 10 = 11.961 | Delta Dist 100 = 10.922 | Delta Dist 1000 = 11.410 | Episode Length = 50 | Episode Return = 16.0 | Evaluator Episodes = 12597 | Evaluator Steps = 629850 | Final Dist = 0.920 | Final Dist 10 = 0.845 | Final Dist 100 = 1.884 | Final Dist 1000 = 1.396 | Init Dist = 12.806 | Init Dist 10 = 12.806 | Init Dist 100 = 12.806 | Init Dist 1000 = 12.806 | Learner Steps = 38636 | Learner Walltime = 7654.369 | Min Dist = 0.236 | Min Dist 10 = 0.219 | Min Dist 100 = 1.151 | Min Dist 1000 = 0.749 | Steps Per Second = 73.452 | Success = 1.000 | Success 1000 = 0.859
I0502 17:13:50.967438 139557462840896 terminal.py:91] [Actor] Actor Episodes = 49655 | Actor Steps = 2482750 | Delta Dist = 1.210 | Delta Dist 10 = 5.030 | Delta Dist 100 = 4.543 | Delta Dist 1000 = 4.475 | Episode Length = 50 | Episode Return = 0.0 | Evaluator Episodes = 12597 | Evaluator Steps = 629850 | Final Dist = 2.396 | Final Dist 10 = 1.991 | Final Dist 100 = 1.209 | Final Dist 1000 = 1.427 | Init Dist = 3.606 | Init Dist 10 = 7.021 | Init Dist 100 = 5.752 | Init Dist 1000 = 5.902 | Learner Steps = 38636 | Learner Walltime = 7654.369 | Min Dist = 0.069 | Min Dist 10 = 0.142 | Min Dist 100 = 0.113 | Min Dist 1000 = 0.195 | Steps Per Second = 63.857 | Success = 1.000 | Success 1000 = 0.991
I0502 17:13:51.642244 139579566835264 terminal.py:91] [Evaluator] Actor Episodes = 49657 | Actor Steps = 2482850 | Delta Dist = 11.841 | Delta Dist 10 = 11.907 | Delta Dist 100 = 10.943 | Delta Dist 1000 = 11.416 | Episode Length = 50 | Episode Return = 21.0 | Evaluator Episodes = 12599 | Evaluator Steps = 629950 | Final Dist = 0.966 | Final Dist 10 = 0.899 | Final Dist 100 = 1.863 | Final Dist 1000 = 1.390 | Init Dist = 12.806 | Init Dist 10 = 12.806 | Init Dist 100 = 12.806 | Init Dist 1000 = 12.806 | Learner Steps = 38641 | Learner Walltime = 7655.698 | Min Dist = 0.123 | Min Dist 10 = 0.176 | Min Dist 100 = 1.143 | Min Dist 1000 = 0.744 | Steps Per Second = 80.539 | Success = 1.000 | Success 1000 = 0.860
I0502 17:13:52.540002 139555013154368 terminal.py:91] [Learner] Actor Episodes = 49663 | Actor Loss = 3.739047050476074 | Actor Steps = 2483150 | Binary Accuracy = 0.9960629940032959 | Categorical Accuracy = 0.4205322265625 | Critic Loss = 1.7976917028427124 | Entropy Mean = -24.328073501586914 | Evaluator Episodes = 12599 | Evaluator Steps = 629950 | Learner Steps = 38647 | Learner Walltime = 7656.735 | Logits Neg = -17.15964126586914 | Logits Pos = -1.8044065237045288 | Logsumexp = 1.120204210281372 | Steps Per Second = 234.409
I0502 17:13:52.864239 139579566835264 terminal.py:91] [Evaluator] Actor Episodes = 49665 | Actor Steps = 2483250 | Delta Dist = 12.484 | Delta Dist 10 = 11.468 | Delta Dist 100 = 10.893 | Delta Dist 1000 = 11.410 | Episode Length = 50 | Episode Return = 30.0 | Evaluator Episodes = 12601 | Evaluator Steps = 630050 | Final Dist = 0.323 | Final Dist 10 = 1.338 | Final Dist 100 = 1.914 | Final Dist 1000 = 1.396 | Init Dist = 12.806 | Init Dist 10 = 12.806 | Init Dist 100 = 12.806 | Init Dist 1000 = 12.806 | Learner Steps = 38647 | Learner Walltime = 7656.735 | Min Dist = 0.120 | Min Dist 10 = 0.696 | Min Dist 100 = 1.195 | Min Dist 1000 = 0.749 | Steps Per Second = 82.628 | Success = 1.000 | Success 1000 = 0.859
I0502 17:13:52.980465 139555860620864 terminal.py:91] [Actor] Actor Episodes = 49667 | Actor Steps = 2483350 | Delta Dist = 7.363 | Delta Dist 10 = 5.119 | Delta Dist 100 = 4.474 | Delta Dist 1000 = 4.487 | Episode Length = 50 | Episode Return = 40.0 | Evaluator Episodes = 12601 | Evaluator Steps = 630050 | Final Dist = 1.181 | Final Dist 10 = 0.572 | Final Dist 100 = 1.184 | Final Dist 1000 = 1.417 | Init Dist = 8.544 | Init Dist 10 = 5.691 | Init Dist 100 = 5.658 | Init Dist 1000 = 5.903 | Learner Steps = 38647 | Learner Walltime = 7656.735 | Min Dist = 0.001 | Min Dist 10 = 0.040 | Min Dist 100 = 0.110 | Min Dist 1000 = 0.193 | Steps Per Second = 86.178 | Success = 1.000 | Success 1000 = 0.991
I0502 17:13:54.086004 139579566835264 terminal.py:91] [Evaluator] Actor Episodes = 49673 | Actor Steps = 2483650 | Delta Dist = 11.789 | Delta Dist 10 = 11.448 | Delta Dist 100 = 10.894 | Delta Dist 1000 = 11.411 | Episode Length = 50 | Episode Return = 7.0 | Evaluator Episodes = 12603 | Evaluator Steps = 630150 | Final Dist = 1.017 | Final Dist 10 = 1.358 | Final Dist 100 = 1.912 | Final Dist 1000 = 1.395 | Init Dist = 12.806 | Init Dist 10 = 12.806 | Init Dist 100 = 12.806 | Init Dist 1000 = 12.806 | Learner Steps = 38653 | Learner Walltime = 7657.927 | Min Dist = 0.061 | Min Dist 10 = 0.705 | Min Dist 100 = 1.195 | Min Dist 1000 = 0.749 | Steps Per Second = 83.679 | Success = 1.000 | Success 1000 = 0.859
I0502 17:13:55.391423 139579566835264 terminal.py:91] [Evaluator] Actor Episodes = 49679 | Actor Steps = 2483950 | Delta Dist = 11.535 | Delta Dist 10 = 11.526 | Delta Dist 100 = 10.892 | Delta Dist 1000 = 11.410 | Episode Length = 50 | Episode Return = 20.0 | Evaluator Episodes = 12605 | Evaluator Steps = 630250 | Final Dist = 1.271 | Final Dist 10 = 1.280 | Final Dist 100 = 1.914 | Final Dist 1000 = 1.396 | Init Dist = 12.806 | Init Dist 10 = 12.806 | Init Dist 100 = 12.806 | Init Dist 1000 = 12.806 | Learner Steps = 38658 | Learner Walltime = 7659.092 | Min Dist = 0.065 | Min Dist 10 = 0.720 | Min Dist 100 = 1.188 | Min Dist 1000 = 0.749 | Steps Per Second = 77.438 | Success = 1.000 | Success 1000 = 0.859
I0502 17:13:56.586964 139579566835264 terminal.py:91] [Evaluator] Actor Episodes = 49687 | Actor Steps = 2484350 | Delta Dist = 12.347 | Delta Dist 10 = 10.900 | Delta Dist 100 = 10.821 | Delta Dist 1000 = 11.404 | Episode Length = 50 | Episode Return = 30.0 | Evaluator Episodes = 12607 | Evaluator Steps = 630350 | Final Dist = 0.460 | Final Dist 10 = 1.906 | Final Dist 100 = 1.985 | Final Dist 1000 = 1.402 | Init Dist = 12.806 | Init Dist 10 = 12.806 | Init Dist 100 = 12.806 | Init Dist 1000 = 12.806 | Learner Steps = 38663 | Learner Walltime = 7660.129 | Min Dist = 0.230 | Min Dist 10 = 1.161 | Min Dist 100 = 1.237 | Min Dist 1000 = 0.754 | Steps Per Second = 80.980 | Success = 1.000 | Success 1000 = 0.858
I0502 17:13:56.746377 139569349502528 terminal.py:91] [Actor] Actor Episodes = 49689 | Actor Steps = 2484450 | Delta Dist = 4.791 | Delta Dist 10 = 4.182 | Delta Dist 100 = 4.784 | Delta Dist 1000 = 4.500 | Episode Length = 50 | Episode Return = 36.0 | Evaluator Episodes = 12607 | Evaluator Steps = 630350 | Final Dist = 0.594 | Final Dist 10 = 1.358 | Final Dist 100 = 1.170 | Final Dist 1000 = 1.395 | Init Dist = 5.385 | Init Dist 10 = 5.539 | Init Dist 100 = 5.954 | Init Dist 1000 = 5.895 | Learner Steps = 38663 | Learner Walltime = 7660.129 | Min Dist = 0.001 | Min Dist 10 = 0.219 | Min Dist 100 = 0.103 | Min Dist 1000 = 0.195 | Steps Per Second = 77.315 | Success = 1.000 | Success 1000 = 0.992
I0502 17:13:57.838475 139579566835264 terminal.py:91] [Evaluator] Actor Episodes = 49695 | Actor Steps = 2484750 | Delta Dist = 11.279 | Delta Dist 10 = 10.959 | Delta Dist 100 = 10.912 | Delta Dist 1000 = 11.405 | Episode Length = 50 | Episode Return = 14.0 | Evaluator Episodes = 12609 | Evaluator Steps = 630450 | Final Dist = 1.527 | Final Dist 10 = 1.847 | Final Dist 100 = 1.894 | Final Dist 1000 = 1.401 | Init Dist = 12.806 | Init Dist 10 = 12.806 | Init Dist 100 = 12.806 | Init Dist 1000 = 12.806 | Learner Steps = 38668 | Learner Walltime = 7661.227 | Min Dist = 0.173 | Min Dist 10 = 1.151 | Min Dist 100 = 1.181 | Min Dist 1000 = 0.754 | Steps Per Second = 85.718 | Success = 1.000 | Success 1000 = 0.858
I0502 17:13:59.050589 139579566835264 terminal.py:91] [Evaluator] Actor Episodes = 49703 | Actor Steps = 2485150 | Delta Dist = 12.507 | Delta Dist 10 = 11.443 | Delta Dist 100 = 10.979 | Delta Dist 1000 = 11.405 | Episode Length = 50 | Episode Return = 28.0 | Evaluator Episodes = 12611 | Evaluator Steps = 630550 | Final Dist = 0.299 | Final Dist 10 = 1.363 | Final Dist 100 = 1.827 | Final Dist 1000 = 1.402 | Init Dist = 12.806 | Init Dist 10 = 12.806 | Init Dist 100 = 12.806 | Init Dist 1000 = 12.806 | Learner Steps = 38673 | Learner Walltime = 7662.388 | Min Dist = 0.105 | Min Dist 10 = 0.641 | Min Dist 100 = 1.132 | Min Dist 1000 = 0.754 | Steps Per Second = 82.922 | Success = 1.000 | Success 1000 = 0.858
I0502 17:13:59.355420 139584504182336 lp_utils.py:96] StepsLimiter: Reached 2485150 recorded steps
I0502 17:14:00.243026 139579566835264 terminal.py:91] [Evaluator] Actor Episodes = 49711 | Actor Steps = 2485550 | Delta Dist = 11.821 | Delta Dist 10 = 11.400 | Delta Dist 100 = 10.981 | Delta Dist 1000 = 11.405 | Episode Length = 50 | Episode Return = 20.0 | Evaluator Episodes = 12613 | Evaluator Steps = 630650 | Final Dist = 0.986 | Final Dist 10 = 1.407 | Final Dist 100 = 1.825 | Final Dist 1000 = 1.401 | Init Dist = 12.806 | Init Dist 10 = 12.806 | Init Dist 100 = 12.806 | Init Dist 1000 = 12.806 | Learner Steps = 38680 | Learner Walltime = 7663.753 | Min Dist = 0.011 | Min Dist 10 = 0.672 | Min Dist 100 = 1.134 | Min Dist 1000 = 0.754 | Steps Per Second = 82.196 | Success = 1.000 | Success 1000 = 0.858
I0502 17:14:00.265148 139558059398720 terminal.py:91] [Actor] Actor Episodes = 49710 | Actor Steps = 2485500 | Delta Dist = 1.364 | Delta Dist 10 = 3.263 | Delta Dist 100 = 4.882 | Delta Dist 1000 = 4.490 | Episode Length = 50 | Episode Return = 33.0 | Evaluator Episodes = 12611 | Evaluator Steps = 630550 | Final Dist = 0.872 | Final Dist 10 = 1.818 | Final Dist 100 = 1.255 | Final Dist 1000 = 1.408 | Init Dist = 2.236 | Init Dist 10 = 5.081 | Init Dist 100 = 6.137 | Init Dist 1000 = 5.898 | Learner Steps = 38680 | Learner Walltime = 7663.753 | Min Dist = 0.056 | Min Dist 10 = 0.095 | Min Dist 100 = 0.091 | Min Dist 1000 = 0.195 | Steps Per Second = 73.903 | Success = 1.000 | Success 1000 = 0.992
I0502 17:14:01.373783 139557462840896 terminal.py:91] [Actor] Actor Episodes = 49719 | Actor Steps = 2485950 | Delta Dist = 4.842 | Delta Dist 10 = 4.219 | Delta Dist 100 = 4.870 | Delta Dist 1000 = 4.499 | Episode Length = 50 | Episode Return = 35.0 | Evaluator Episodes = 12613 | Evaluator Steps = 630650 | Final Dist = 0.257 | Final Dist 10 = 1.704 | Final Dist 100 = 1.318 | Final Dist 1000 = 1.407 | Init Dist = 5.099 | Init Dist 10 = 5.922 | Init Dist 100 = 6.188 | Init Dist 1000 = 5.906 | Learner Steps = 38686 | Learner Walltime = 7664.945 | Min Dist = 0.246 | Min Dist 10 = 0.062 | Min Dist 100 = 0.091 | Min Dist 1000 = 0.188 | Steps Per Second = 72.195 | Success = 1.000 | Success 1000 = 0.992
I0502 17:14:01.498276 139579566835264 terminal.py:91] [Evaluator] Actor Episodes = 49719 | Actor Steps = 2485950 | Delta Dist = 11.562 | Delta Dist 10 = 11.484 | Delta Dist 100 = 10.998 | Delta Dist 1000 = 11.407 | Episode Length = 50 | Episode Return = 14.0 | Evaluator Episodes = 12615 | Evaluator Steps = 630750 | Final Dist = 1.244 | Final Dist 10 = 1.322 | Final Dist 100 = 1.809 | Final Dist 1000 = 1.400 | Init Dist = 12.806 | Init Dist 10 = 12.806 | Init Dist 100 = 12.806 | Init Dist 1000 = 12.806 | Learner Steps = 38686 | Learner Walltime = 7664.945 | Min Dist = 0.075 | Min Dist 10 = 0.638 | Min Dist 100 = 1.120 | Min Dist 1000 = 0.754 | Steps Per Second = 86.258 | Success = 1.000 | Success 1000 = 0.858
I0502 17:14:02.726172 139579566835264 terminal.py:91] [Evaluator] Actor Episodes = 49727 | Actor Steps = 2486350 | Delta Dist = 11.407 | Delta Dist 10 = 11.516 | Delta Dist 100 = 10.994 | Delta Dist 1000 = 11.402 | Episode Length = 50 | Episode Return = 15.0 | Evaluator Episodes = 12617 | Evaluator Steps = 630850 | Final Dist = 1.399 | Final Dist 10 = 1.290 | Final Dist 100 = 1.813 | Final Dist 1000 = 1.404 | Init Dist = 12.806 | Init Dist 10 = 12.806 | Init Dist 100 = 12.806 | Init Dist 1000 = 12.806 | Learner Steps = 38693 | Learner Walltime = 7666.280 | Min Dist = 0.672 | Min Dist 10 = 0.638 | Min Dist 100 = 1.112 | Min Dist 1000 = 0.757 | Steps Per Second = 78.604 | Success = 1.000 | Success 1000 = 0.858
I0502 17:14:02.728703 139555013154368 terminal.py:91] [Learner] Actor Episodes = 49723 | Actor Loss = 3.7873313426971436 | Actor Steps = 2486150 | Binary Accuracy = 0.9960739612579346 | Categorical Accuracy = 0.4278564453125 | Critic Loss = 1.7659544944763184 | Entropy Mean = -23.878934860229492 | Evaluator Episodes = 12615 | Evaluator Steps = 630750 | Learner Steps = 38696 | Learner Walltime = 7666.925 | Logits Neg = -17.21676254272461 | Logits Pos = -1.7443733215332031 | Logsumexp = 1.086509108543396 | Steps Per Second = 137.243
I0502 17:14:03.288151 139555860620864 terminal.py:91] [Actor] Actor Episodes = 49731 | Actor Steps = 2486550 | Delta Dist = 8.127 | Delta Dist 10 = 4.393 | Delta Dist 100 = 4.626 | Delta Dist 1000 = 4.494 | Episode Length = 50 | Episode Return = 17.0 | Evaluator Episodes = 12617 | Evaluator Steps = 630850 | Final Dist = 0.928 | Final Dist 10 = 1.577 | Final Dist 100 = 1.329 | Final Dist 1000 = 1.403 | Init Dist = 9.055 | Init Dist 10 = 5.969 | Init Dist 100 = 5.955 | Init Dist 1000 = 5.897 | Learner Steps = 38693 | Learner Walltime = 7666.280 | Min Dist = 0.138 | Min Dist 10 = 0.617 | Min Dist 100 = 0.152 | Min Dist 1000 = 0.191 | Steps Per Second = 79.151 | Success = 1.000 | Success 1000 = 0.992
I0502 17:14:03.965477 139579566835264 terminal.py:91] [Evaluator] Actor Episodes = 49735 | Actor Steps = 2486750 | Delta Dist = 11.275 | Delta Dist 10 = 11.424 | Delta Dist 100 = 10.992 | Delta Dist 1000 = 11.402 | Episode Length = 50 | Episode Return = 18.0 | Evaluator Episodes = 12619 | Evaluator Steps = 630950 | Final Dist = 1.531 | Final Dist 10 = 1.382 | Final Dist 100 = 1.814 | Final Dist 1000 = 1.404 | Init Dist = 12.806 | Init Dist 10 = 12.806 | Init Dist 100 = 12.806 | Init Dist 1000 = 12.806 | Learner Steps = 38699 | Learner Walltime = 7667.555 | Min Dist = 0.088 | Min Dist 10 = 0.696 | Min Dist 100 = 1.110 | Min Dist 1000 = 0.756 | Steps Per Second = 83.733 | Success = 1.000 | Success 1000 = 0.859
I0502 17:14:05.125628 139579566835264 terminal.py:91] [Evaluator] Actor Episodes = 49743 | Actor Steps = 2487150 | Delta Dist = 10.956 | Delta Dist 10 = 11.414 | Delta Dist 100 = 10.992 | Delta Dist 1000 = 11.402 | Episode Length = 50 | Episode Return = 0.0 | Evaluator Episodes = 12621 | Evaluator Steps = 631050 | Final Dist = 1.850 | Final Dist 10 = 1.392 | Final Dist 100 = 1.815 | Final Dist 1000 = 1.404 | Init Dist = 12.806 | Init Dist 10 = 12.806 | Init Dist 100 = 12.806 | Init Dist 1000 = 12.806 | Learner Steps = 38705 | Learner Walltime = 7668.857 | Min Dist = 1.130 | Min Dist 10 = 0.699 | Min Dist 100 = 1.108 | Min Dist 1000 = 0.756 | Steps Per Second = 84.537 | Success = 0.000 | Success 1000 = 0.859
I0502 17:14:06.346666 139579566835264 terminal.py:91] [Evaluator] Actor Episodes = 49751 | Actor Steps = 2487550 | Delta Dist = 11.276 | Delta Dist 10 = 11.275 | Delta Dist 100 = 10.973 | Delta Dist 1000 = 11.401 | Episode Length = 50 | Episode Return = 9.0 | Evaluator Episodes = 12623 | Evaluator Steps = 631150 | Final Dist = 1.530 | Final Dist 10 = 1.531 | Final Dist 100 = 1.833 | Final Dist 1000 = 1.406 | Init Dist = 12.806 | Init Dist 10 = 12.806 | Init Dist 100 = 12.806 | Init Dist 1000 = 12.806 | Learner Steps = 38711 | Learner Walltime = 7670.029 | Min Dist = 0.079 | Min Dist 10 = 0.760 | Min Dist 100 = 1.117 | Min Dist 1000 = 0.756 | Steps Per Second = 83.672 | Success = 1.000 | Success 1000 = 0.858
I0502 17:14:07.060103 139569349502528 terminal.py:91] [Actor] Actor Episodes = 49753 | Actor Steps = 2487650 | Delta Dist = 6.580 | Delta Dist 10 = 3.666 | Delta Dist 100 = 4.486 | Delta Dist 1000 = 4.503 | Episode Length = 50 | Episode Return = 32.0 | Evaluator Episodes = 12623 | Evaluator Steps = 631150 | Final Dist = 1.036 | Final Dist 10 = 2.110 | Final Dist 100 = 1.388 | Final Dist 1000 = 1.394 | Init Dist = 7.616 | Init Dist 10 = 5.776 | Init Dist 100 = 5.874 | Init Dist 1000 = 5.896 | Learner Steps = 38716 | Learner Walltime = 7671.253 | Min Dist = 0.092 | Min Dist 10 = 0.364 | Min Dist 100 = 0.185 | Min Dist 1000 = 0.188 | Steps Per Second = 82.519 | Success = 1.000 | Success 1000 = 0.990
I0502 17:14:07.546000 139579566835264 terminal.py:91] [Evaluator] Actor Episodes = 49757 | Actor Steps = 2487850 | Delta Dist = 11.541 | Delta Dist 10 = 11.131 | Delta Dist 100 = 11.025 | Delta Dist 1000 = 11.399 | Episode Length = 50 | Episode Return = 17.0 | Evaluator Episodes = 12625 | Evaluator Steps = 631250 | Final Dist = 1.265 | Final Dist 10 = 1.676 | Final Dist 100 = 1.781 | Final Dist 1000 = 1.407 | Init Dist = 12.806 | Init Dist 10 = 12.806 | Init Dist 100 = 12.806 | Init Dist 1000 = 12.806 | Learner Steps = 38716 | Learner Walltime = 7671.253 | Min Dist = 0.519 | Min Dist 10 = 0.765 | Min Dist 100 = 1.063 | Min Dist 1000 = 0.756 | Steps Per Second = 81.441 | Success = 1.000 | Success 1000 = 0.858
I0502 17:14:08.767572 139579566835264 terminal.py:91] [Evaluator] Actor Episodes = 49767 | Actor Steps = 2488350 | Delta Dist = 11.064 | Delta Dist 10 = 11.545 | Delta Dist 100 = 10.996 | Delta Dist 1000 = 11.398 | Episode Length = 50 | Episode Return = 1.0 | Evaluator Episodes = 12627 | Evaluator Steps = 631350 | Final Dist = 1.742 | Final Dist 10 = 1.261 | Final Dist 100 = 1.811 | Final Dist 1000 = 1.409 | Init Dist = 12.806 | Init Dist 10 = 12.806 | Init Dist 100 = 12.806 | Init Dist 1000 = 12.806 | Learner Steps = 38723 | Learner Walltime = 7672.423 | Min Dist = 0.974 | Min Dist 10 = 0.318 | Min Dist 100 = 1.065 | Min Dist 1000 = 0.755 | Steps Per Second = 83.235 | Success = 1.000 | Success 1000 = 0.859
I0502 17:14:09.377841 139584504182336 lp_utils.py:96] StepsLimiter: Reached 2488350 recorded steps
I0502 17:14:09.977807 139579566835264 terminal.py:91] [Evaluator] Actor Episodes = 49773 | Actor Steps = 2488650 | Delta Dist = 11.757 | Delta Dist 10 = 11.507 | Delta Dist 100 = 11.004 | Delta Dist 1000 = 11.397 | Episode Length = 50 | Episode Return = 13.0 | Evaluator Episodes = 12629 | Evaluator Steps = 631450 | Final Dist = 1.049 | Final Dist 10 = 1.300 | Final Dist 100 = 1.802 | Final Dist 1000 = 1.409 | Init Dist = 12.806 | Init Dist 10 = 12.806 | Init Dist 100 = 12.806 | Init Dist 1000 = 12.806 | Learner Steps = 38729 | Learner Walltime = 7673.730 | Min Dist = 0.082 | Min Dist 10 = 0.362 | Min Dist 100 = 1.065 | Min Dist 1000 = 0.756 | Steps Per Second = 83.564 | Success = 1.000 | Success 1000 = 0.859
I0502 17:14:10.321341 139558059398720 terminal.py:91] [Actor] Actor Episodes = 49772 | Actor Steps = 2488600 | Delta Dist = 5.235 | Delta Dist 10 = 3.944 | Delta Dist 100 = 4.316 | Delta Dist 1000 = 4.506 | Episode Length = 50 | Episode Return = 36.0 | Evaluator Episodes = 12627 | Evaluator Steps = 631350 | Final Dist = 0.596 | Final Dist 10 = 1.782 | Final Dist 100 = 1.588 | Final Dist 1000 = 1.399 | Init Dist = 5.831 | Init Dist 10 = 5.726 | Init Dist 100 = 5.904 | Init Dist 1000 = 5.906 | Learner Steps = 38729 | Learner Walltime = 7673.730 | Min Dist = 0.036 | Min Dist 10 = 0.067 | Min Dist 100 = 0.251 | Min Dist 1000 = 0.184 | Steps Per Second = 81.020 | Success = 1.000 | Success 1000 = 0.989
I0502 17:14:11.194568 139579566835264 terminal.py:91] [Evaluator] Actor Episodes = 49781 | Actor Steps = 2489050 | Delta Dist = 11.789 | Delta Dist 10 = 11.564 | Delta Dist 100 = 11.012 | Delta Dist 1000 = 11.398 | Episode Length = 50 | Episode Return = 30.0 | Evaluator Episodes = 12631 | Evaluator Steps = 631550 | Final Dist = 1.018 | Final Dist 10 = 1.242 | Final Dist 100 = 1.794 | Final Dist 1000 = 1.409 | Init Dist = 12.806 | Init Dist 10 = 12.806 | Init Dist 100 = 12.806 | Init Dist 1000 = 12.806 | Learner Steps = 38736 | Learner Walltime = 7675.020 | Min Dist = 0.514 | Min Dist 10 = 0.349 | Min Dist 100 = 1.063 | Min Dist 1000 = 0.755 | Steps Per Second = 81.689 | Success = 1.000 | Success 1000 = 0.859
I0502 17:14:11.996887 139557462840896 terminal.py:91] [Actor] Actor Episodes = 49784 | Actor Steps = 2489200 | Delta Dist = 5.155 | Delta Dist 10 = 4.816 | Delta Dist 100 = 4.333 | Delta Dist 1000 = 4.509 | Episode Length = 50 | Episode Return = 34.0 | Evaluator Episodes = 12631 | Evaluator Steps = 631550 | Final Dist = 0.230 | Final Dist 10 = 0.966 | Final Dist 100 = 1.602 | Final Dist 1000 = 1.401 | Init Dist = 5.385 | Init Dist 10 = 5.783 | Init Dist 100 = 5.935 | Init Dist 1000 = 5.910 | Learner Steps = 38736 | Learner Walltime = 7675.020 | Min Dist = 0.230 | Min Dist 10 = 0.113 | Min Dist 100 = 0.251 | Min Dist 1000 = 0.185 | Steps Per Second = 77.338 | Success = 1.000 | Success 1000 = 0.989
I0502 17:14:12.474805 139579566835264 terminal.py:91] [Evaluator] Actor Episodes = 49789 | Actor Steps = 2489450 | Delta Dist = 6.694 | Delta Dist 10 = 11.675 | Delta Dist 100 = 11.120 | Delta Dist 1000 = 11.398 | Episode Length = 50 | Episode Return = 0.0 | Evaluator Episodes = 12633 | Evaluator Steps = 631650 | Final Dist = 6.113 | Final Dist 10 = 1.131 | Final Dist 100 = 1.686 | Final Dist 1000 = 1.408 | Init Dist = 12.806 | Init Dist 10 = 12.806 | Init Dist 100 = 12.806 | Init Dist 1000 = 12.806 | Learner Steps = 38742 | Learner Walltime = 7676.320 | Min Dist = 5.283 | Min Dist 10 = 0.296 | Min Dist 100 = 0.965 | Min Dist 1000 = 0.755 | Steps Per Second = 73.374 | Success = 0.000 | Success 1000 = 0.859
I0502 17:14:12.743145 139555013154368 terminal.py:91] [Learner] Actor Episodes = 49787 | Actor Loss = 3.6552529335021973 | Actor Steps = 2489350 | Binary Accuracy = 0.996056318283081 | Categorical Accuracy = 0.42755126953125 | Critic Loss = 1.7723511457443237 | Entropy Mean = -22.79586410522461 | Evaluator Episodes = 12631 | Evaluator Steps = 631550 | Learner Steps = 38746 | Learner Walltime = 7676.938 | Logits Neg = -17.261947631835938 | Logits Pos = -1.7405660152435303 | Logsumexp = 1.05458402633667 | Steps Per Second = 179.045
I0502 17:14:13.687892 139579566835264 terminal.py:91] [Evaluator] Actor Episodes = 49797 | Actor Steps = 2489850 | Delta Dist = 12.565 | Delta Dist 10 = 11.237 | Delta Dist 100 = 11.124 | Delta Dist 1000 = 11.393 | Episode Length = 50 | Episode Return = 23.0 | Evaluator Episodes = 12635 | Evaluator Steps = 631750 | Final Dist = 0.241 | Final Dist 10 = 1.570 | Final Dist 100 = 1.683 | Final Dist 1000 = 1.413 | Init Dist = 12.806 | Init Dist 10 = 12.806 | Init Dist 100 = 12.806 | Init Dist 1000 = 12.806 | Learner Steps = 38748 | Learner Walltime = 7677.545 | Min Dist = 0.210 | Min Dist 10 = 0.835 | Min Dist 100 = 0.967 | Min Dist 1000 = 0.760 | Steps Per Second = 82.207 | Success = 1.000 | Success 1000 = 0.858
I0502 17:14:13.843072 139555860620864 terminal.py:91] [Actor] Actor Episodes = 49796 | Actor Steps = 2489800 | Delta Dist = 1.300 | Delta Dist 10 = 4.396 | Delta Dist 100 = 4.308 | Delta Dist 1000 = 4.509 | Episode Length = 50 | Episode Return = 43.0 | Evaluator Episodes = 12633 | Evaluator Steps = 631650 | Final Dist = 0.936 | Final Dist 10 = 1.639 | Final Dist 100 = 1.619 | Final Dist 1000 = 1.396 | Init Dist = 2.236 | Init Dist 10 = 6.035 | Init Dist 100 = 5.926 | Init Dist 1000 = 5.905 | Learner Steps = 38742 | Learner Walltime = 7676.320 | Min Dist = 0.027 | Min Dist 10 = 0.206 | Min Dist 100 = 0.257 | Min Dist 1000 = 0.185 | Steps Per Second = 81.357 | Success = 1.000 | Success 1000 = 0.989
I0502 17:14:15.042654 139579566835264 terminal.py:91] [Evaluator] Actor Episodes = 49805 | Actor Steps = 2490250 | Delta Dist = 12.224 | Delta Dist 10 = 11.525 | Delta Dist 100 = 11.194 | Delta Dist 1000 = 11.394 | Episode Length = 50 | Episode Return = 28.0 | Evaluator Episodes = 12637 | Evaluator Steps = 631850 | Final Dist = 0.582 | Final Dist 10 = 1.281 | Final Dist 100 = 1.612 | Final Dist 1000 = 1.412 | Init Dist = 12.806 | Init Dist 10 = 12.806 | Init Dist 100 = 12.806 | Init Dist 1000 = 12.806 | Learner Steps = 38755 | Learner Walltime = 7678.850 | Min Dist = 0.043 | Min Dist 10 = 0.825 | Min Dist 100 = 0.919 | Min Dist 1000 = 0.760 | Steps Per Second = 71.741 | Success = 1.000 | Success 1000 = 0.858
I0502 17:14:16.330361 139579566835264 terminal.py:91] [Evaluator] Actor Episodes = 49813 | Actor Steps = 2490650 | Delta Dist = 11.980 | Delta Dist 10 = 11.499 | Delta Dist 100 = 11.240 | Delta Dist 1000 = 11.393 | Episode Length = 50 | Episode Return = 26.0 | Evaluator Episodes = 12639 | Evaluator Steps = 631950 | Final Dist = 0.826 | Final Dist 10 = 1.308 | Final Dist 100 = 1.566 | Final Dist 1000 = 1.414 | Init Dist = 12.806 | Init Dist 10 = 12.806 | Init Dist 100 = 12.806 | Init Dist 1000 = 12.806 | Learner Steps = 38761 | Learner Walltime = 7680.107 | Min Dist = 0.127 | Min Dist 10 = 0.708 | Min Dist 100 = 0.866 | Min Dist 1000 = 0.760 | Steps Per Second = 71.972 | Success = 1.000 | Success 1000 = 0.858
I0502 17:14:17.547109 139579566835264 terminal.py:91] [Evaluator] Actor Episodes = 49821 | Actor Steps = 2491050 | Delta Dist = 12.129 | Delta Dist 10 = 11.540 | Delta Dist 100 = 11.306 | Delta Dist 1000 = 11.392 | Episode Length = 50 | Episode Return = 20.0 | Evaluator Episodes = 12641 | Evaluator Steps = 632050 | Final Dist = 0.677 | Final Dist 10 = 1.267 | Final Dist 100 = 1.500 | Final Dist 1000 = 1.414 | Init Dist = 12.806 | Init Dist 10 = 12.806 | Init Dist 100 = 12.806 | Init Dist 1000 = 12.806 | Learner Steps = 38767 | Learner Walltime = 7681.318 | Min Dist = 0.140 | Min Dist 10 = 0.707 | Min Dist 100 = 0.813 | Min Dist 1000 = 0.760 | Steps Per Second = 82.376 | Success = 1.000 | Success 1000 = 0.858
I0502 17:14:17.643422 139569349502528 terminal.py:91] [Actor] Actor Episodes = 49818 | Actor Steps = 2490900 | Delta Dist = 3.112 | Delta Dist 10 = 5.555 | Delta Dist 100 = 4.276 | Delta Dist 1000 = 4.505 | Episode Length = 50 | Episode Return = 29.0 | Evaluator Episodes = 12639 | Evaluator Steps = 631950 | Final Dist = 1.011 | Final Dist 10 = 0.465 | Final Dist 100 = 1.700 | Final Dist 1000 = 1.405 | Init Dist = 4.123 | Init Dist 10 = 6.020 | Init Dist 100 = 5.976 | Init Dist 1000 = 5.910 | Learner Steps = 38761 | Learner Walltime = 7680.107 | Min Dist = 0.055 | Min Dist 10 = 0.088 | Min Dist 100 = 0.248 | Min Dist 1000 = 0.176 | Steps Per Second = 80.024 | Success = 1.000 | Success 1000 = 0.989
I0502 17:14:18.845150 139579566835264 terminal.py:91] [Evaluator] Actor Episodes = 49829 | Actor Steps = 2491450 | Delta Dist = 5.806 | Delta Dist 10 = 11.455 | Delta Dist 100 = 11.305 | Delta Dist 1000 = 11.397 | Episode Length = 50 | Episode Return = 0.0 | Evaluator Episodes = 12643 | Evaluator Steps = 632150 | Final Dist = 7.001 | Final Dist 10 = 1.351 | Final Dist 100 = 1.501 | Final Dist 1000 = 1.410 | Init Dist = 12.806 | Init Dist 10 = 12.806 | Init Dist 100 = 12.806 | Init Dist 1000 = 12.806 | Learner Steps = 38773 | Learner Walltime = 7682.338 | Min Dist = 5.106 | Min Dist 10 = 0.715 | Min Dist 100 = 0.812 | Min Dist 1000 = 0.755 | Steps Per Second = 74.490 | Success = 0.000 | Success 1000 = 0.859
I0502 17:14:19.392109 139584504182336 lp_utils.py:96] StepsLimiter: Reached 2491550 recorded steps
I0502 17:14:20.216562 139579566835264 terminal.py:91] [Evaluator] Actor Episodes = 49837 | Actor Steps = 2491850 | Delta Dist = 5.831 | Delta Dist 10 = 11.345 | Delta Dist 100 = 11.235 | Delta Dist 1000 = 11.391 | Episode Length = 50 | Episode Return = 0.0 | Evaluator Episodes = 12645 | Evaluator Steps = 632250 | Final Dist = 6.975 | Final Dist 10 = 1.461 | Final Dist 100 = 1.572 | Final Dist 1000 = 1.415 | Init Dist = 12.806 | Init Dist 10 = 12.806 | Init Dist 100 = 12.806 | Init Dist 1000 = 12.806 | Learner Steps = 38777 | Learner Walltime = 7683.369 | Min Dist = 5.154 | Min Dist 10 = 0.708 | Min Dist 100 = 0.864 | Min Dist 1000 = 0.760 | Steps Per Second = 76.020 | Success = 0.000 | Success 1000 = 0.858
I0502 17:14:20.674683 139558059398720 terminal.py:91] [Actor] Actor Episodes = 49838 | Actor Steps = 2491900 | Delta Dist = 7.284 | Delta Dist 10 = 3.610 | Delta Dist 100 = 4.296 | Delta Dist 1000 = 4.513 | Episode Length = 50 | Episode Return = 35.0 | Evaluator Episodes = 12643 | Evaluator Steps = 632150 | Final Dist = 0.332 | Final Dist 10 = 1.830 | Final Dist 100 = 1.604 | Final Dist 1000 = 1.382 | Init Dist = 7.616 | Init Dist 10 = 5.440 | Init Dist 100 = 5.899 | Init Dist 1000 = 5.895 | Learner Steps = 38777 | Learner Walltime = 7683.369 | Min Dist = 0.112 | Min Dist 10 = 0.081 | Min Dist 100 = 0.189 | Min Dist 1000 = 0.175 | Steps Per Second = 75.047 | Success = 1.000 | Success 1000 = 0.989
I0502 17:14:21.524680 139579566835264 terminal.py:91] [Evaluator] Actor Episodes = 49845 | Actor Steps = 2492250 | Delta Dist = 12.279 | Delta Dist 10 = 10.040 | Delta Dist 100 = 11.120 | Delta Dist 1000 = 11.380 | Episode Length = 50 | Episode Return = 26.0 | Evaluator Episodes = 12647 | Evaluator Steps = 632350 | Final Dist = 0.528 | Final Dist 10 = 2.766 | Final Dist 100 = 1.687 | Final Dist 1000 = 1.427 | Init Dist = 12.806 | Init Dist 10 = 12.806 | Init Dist 100 = 12.806 | Init Dist 1000 = 12.806 | Learner Steps = 38783 | Learner Walltime = 7684.686 | Min Dist = 0.135 | Min Dist 10 = 1.692 | Min Dist 100 = 0.958 | Min Dist 1000 = 0.770 | Steps Per Second = 76.582 | Success = 1.000 | Success 1000 = 0.856
I0502 17:14:22.428011 139557462840896 terminal.py:91] [Actor] Actor Episodes = 49848 | Actor Steps = 2492400 | Delta Dist = -0.133 | Delta Dist 10 = 3.516 | Delta Dist 100 = 4.256 | Delta Dist 1000 = 4.510 | Episode Length = 50 | Episode Return = 42.0 | Evaluator Episodes = 12647 | Evaluator Steps = 632350 | Final Dist = 0.133 | Final Dist 10 = 0.689 | Final Dist 100 = 1.518 | Final Dist 1000 = 1.371 | Init Dist = 0.000 | Init Dist 10 = 4.204 | Init Dist 100 = 5.774 | Init Dist 1000 = 5.881 | Learner Steps = 38789 | Learner Walltime = 7685.763 | Min Dist = 0.000 | Min Dist 10 = 0.110 | Min Dist 100 = 0.175 | Min Dist 1000 = 0.176 | Steps Per Second = 79.231 | Success = 1.000 | Success 1000 = 0.989
I0502 17:14:22.709307 139579566835264 terminal.py:91] [Evaluator] Actor Episodes = 49853 | Actor Steps = 2492650 | Delta Dist = 5.991 | Delta Dist 10 = 9.639 | Delta Dist 100 = 11.084 | Delta Dist 1000 = 11.374 | Episode Length = 50 | Episode Return = 0.0 | Evaluator Episodes = 12649 | Evaluator Steps = 632450 | Final Dist = 6.816 | Final Dist 10 = 3.167 | Final Dist 100 = 1.722 | Final Dist 1000 = 1.432 | Init Dist = 12.806 | Init Dist 10 = 12.806 | Init Dist 100 = 12.806 | Init Dist 1000 = 12.806 | Learner Steps = 38794 | Learner Walltime = 7686.886 | Min Dist = 5.056 | Min Dist 10 = 2.187 | Min Dist 100 = 1.002 | Min Dist 1000 = 0.774 | Steps Per Second = 78.460 | Success = 0.000 | Success 1000 = 0.855
I0502 17:14:22.741934 139555013154368 terminal.py:91] [Learner] Actor Episodes = 49853 | Actor Loss = 3.7179603576660156 | Actor Steps = 2492650 | Binary Accuracy = 0.9960606098175049 | Categorical Accuracy = 0.428955078125 | Critic Loss = 1.765406847000122 | Entropy Mean = -23.0781192779541 | Evaluator Episodes = 12647 | Evaluator Steps = 632350 | Learner Steps = 38795 | Learner Walltime = 7686.940 | Logits Neg = -17.38039779663086 | Logits Pos = -1.736956000328064 | Logsumexp = 1.1224393844604492 | Steps Per Second = 1171.399
I0502 17:14:23.882920 139579566835264 terminal.py:91] [Evaluator] Actor Episodes = 49861 | Actor Steps = 2493050 | Delta Dist = 12.364 | Delta Dist 10 = 8.939 | Delta Dist 100 = 11.074 | Delta Dist 1000 = 11.368 | Episode Length = 50 | Episode Return = 29.0 | Evaluator Episodes = 12651 | Evaluator Steps = 632550 | Final Dist = 0.442 | Final Dist 10 = 3.868 | Final Dist 100 = 1.732 | Final Dist 1000 = 1.439 | Init Dist = 12.806 | Init Dist 10 = 12.806 | Init Dist 100 = 12.806 | Init Dist 1000 = 12.806 | Learner Steps = 38799 | Learner Walltime = 7687.921 | Min Dist = 0.407 | Min Dist 10 = 2.693 | Min Dist 100 = 1.000 | Min Dist 1000 = 0.779 | Steps Per Second = 90.322 | Success = 1.000 | Success 1000 = 0.854
I0502 17:14:24.221513 139555860620864 terminal.py:91] [Actor] Actor Episodes = 49860 | Actor Steps = 2493000 | Delta Dist = 9.745 | Delta Dist 10 = 3.320 | Delta Dist 100 = 4.124 | Delta Dist 1000 = 4.506 | Episode Length = 50 | Episode Return = 46.0 | Evaluator Episodes = 12649 | Evaluator Steps = 632450 | Final Dist = 0.255 | Final Dist 10 = 1.348 | Final Dist 100 = 1.422 | Final Dist 1000 = 1.362 | Init Dist = 10.000 | Init Dist 10 = 4.668 | Init Dist 100 = 5.546 | Init Dist 1000 = 5.868 | Learner Steps = 38794 | Learner Walltime = 7686.886 | Min Dist = 0.255 | Min Dist 10 = 0.059 | Min Dist 100 = 0.103 | Min Dist 1000 = 0.167 | Steps Per Second = 81.752 | Success = 1.000 | Success 1000 = 0.989
I0502 17:14:25.123974 139579566835264 terminal.py:91] [Evaluator] Actor Episodes = 49869 | Actor Steps = 2493450 | Delta Dist = 12.721 | Delta Dist 10 = 9.089 | Delta Dist 100 = 11.084 | Delta Dist 1000 = 11.368 | Episode Length = 50 | Episode Return = 25.0 | Evaluator Episodes = 12653 | Evaluator Steps = 632650 | Final Dist = 0.085 | Final Dist 10 = 3.717 | Final Dist 100 = 1.722 | Final Dist 1000 = 1.438 | Init Dist = 12.806 | Init Dist 10 = 12.806 | Init Dist 100 = 12.806 | Init Dist 1000 = 12.806 | Learner Steps = 38805 | Learner Walltime = 7689.182 | Min Dist = 0.070 | Min Dist 10 = 2.676 | Min Dist 100 = 1.005 | Min Dist 1000 = 0.779 | Steps Per Second = 88.413 | Success = 1.000 | Success 1000 = 0.854
I0502 17:14:26.362519 139579566835264 terminal.py:91] [Evaluator] Actor Episodes = 49877 | Actor Steps = 2493850 | Delta Dist = 10.922 | Delta Dist 10 = 9.822 | Delta Dist 100 = 11.148 | Delta Dist 1000 = 11.370 | Episode Length = 50 | Episode Return = 11.0 | Evaluator Episodes = 12655 | Evaluator Steps = 632750 | Final Dist = 1.884 | Final Dist 10 = 2.985 | Final Dist 100 = 1.658 | Final Dist 1000 = 1.436 | Init Dist = 12.806 | Init Dist 10 = 12.806 | Init Dist 100 = 12.806 | Init Dist 1000 = 12.806 | Learner Steps = 38811 | Learner Walltime = 7690.477 | Min Dist = 0.206 | Min Dist 10 = 2.151 | Min Dist 100 = 0.953 | Min Dist 1000 = 0.779 | Steps Per Second = 77.577 | Success = 1.000 | Success 1000 = 0.854
I0502 17:14:27.608859 139579566835264 terminal.py:91] [Evaluator] Actor Episodes = 49885 | Actor Steps = 2494250 | Delta Dist = 11.020 | Delta Dist 10 = 10.893 | Delta Dist 100 = 11.160 | Delta Dist 1000 = 11.376 | Episode Length = 50 | Episode Return = 8.0 | Evaluator Episodes = 12657 | Evaluator Steps = 632850 | Final Dist = 1.786 | Final Dist 10 = 1.913 | Final Dist 100 = 1.646 | Final Dist 1000 = 1.431 | Init Dist = 12.806 | Init Dist 10 = 12.806 | Init Dist 100 = 12.806 | Init Dist 1000 = 12.806 | Learner Steps = 38811 | Learner Walltime = 7690.477 | Min Dist = 0.056 | Min Dist 10 = 1.125 | Min Dist 100 = 0.914 | Min Dist 1000 = 0.771 | Steps Per Second = 82.986 | Success = 1.000 | Success 1000 = 0.855
I0502 17:14:28.037836 139569349502528 terminal.py:91] [Actor] Actor Episodes = 49884 | Actor Steps = 2494200 | Delta Dist = 9.718 | Delta Dist 10 = 4.976 | Delta Dist 100 = 4.246 | Delta Dist 1000 = 4.491 | Episode Length = 50 | Episode Return = 39.0 | Evaluator Episodes = 12655 | Evaluator Steps = 632750 | Final Dist = 0.182 | Final Dist 10 = 1.633 | Final Dist 100 = 1.364 | Final Dist 1000 = 1.367 | Init Dist = 9.899 | Init Dist 10 = 6.609 | Init Dist 100 = 5.610 | Init Dist 1000 = 5.858 | Learner Steps = 38811 | Learner Walltime = 7690.477 | Min Dist = 0.053 | Min Dist 10 = 0.816 | Min Dist 100 = 0.173 | Min Dist 1000 = 0.175 | Steps Per Second = 79.614 | Success = 1.000 | Success 1000 = 0.989
I0502 17:14:28.844278 139579566835264 terminal.py:91] [Evaluator] Actor Episodes = 49893 | Actor Steps = 2494650 | Delta Dist = 12.431 | Delta Dist 10 = 11.310 | Delta Dist 100 = 11.210 | Delta Dist 1000 = 11.374 | Episode Length = 50 | Episode Return = 13.0 | Evaluator Episodes = 12659 | Evaluator Steps = 632950 | Final Dist = 0.375 | Final Dist 10 = 1.496 | Final Dist 100 = 1.597 | Final Dist 1000 = 1.432 | Init Dist = 12.806 | Init Dist 10 = 12.806 | Init Dist 100 = 12.806 | Init Dist 1000 = 12.806 | Learner Steps = 38823 | Learner Walltime = 7692.913 | Min Dist = 0.047 | Min Dist 10 = 0.630 | Min Dist 100 = 0.851 | Min Dist 1000 = 0.771 | Steps Per Second = 79.216 | Success = 1.000 | Success 1000 = 0.855
I0502 17:14:29.408881 139584504182336 lp_utils.py:96] StepsLimiter: Reached 2494750 recorded steps
I0502 17:14:30.097007 139579566835264 terminal.py:91] [Evaluator] Actor Episodes = 49901 | Actor Steps = 2495050 | Delta Dist = 11.989 | Delta Dist 10 = 11.887 | Delta Dist 100 = 11.219 | Delta Dist 1000 = 11.375 | Episode Length = 50 | Episode Return = 10.0 | Evaluator Episodes = 12661 | Evaluator Steps = 633050 | Final Dist = 0.818 | Final Dist 10 = 0.919 | Final Dist 100 = 1.588 | Final Dist 1000 = 1.431 | Init Dist = 12.806 | Init Dist 10 = 12.806 | Init Dist 100 = 12.806 | Init Dist 1000 = 12.806 | Learner Steps = 38830 | Learner Walltime = 7694.177 | Min Dist = 0.092 | Min Dist 10 = 0.231 | Min Dist 100 = 0.855 | Min Dist 1000 = 0.772 | Steps Per Second = 83.225 | Success = 1.000 | Success 1000 = 0.854
I0502 17:14:30.637996 139584635659840 savers.py:156] Saving checkpoint: logs/contrastive_cpc_point_FourRooms_64/5dd72662-2788-11f0-b183-d85ed38c5779/checkpoints/counter
I0502 17:14:31.300520 139558059398720 terminal.py:91] [Actor] Actor Episodes = 49907 | Actor Steps = 2495350 | Delta Dist = 7.778 | Delta Dist 10 = 5.481 | Delta Dist 100 = 4.348 | Delta Dist 1000 = 4.494 | Episode Length = 50 | Episode Return = 36.0 | Evaluator Episodes = 12661 | Evaluator Steps = 633050 | Final Dist = 0.284 | Final Dist 10 = 2.278 | Final Dist 100 = 1.346 | Final Dist 1000 = 1.382 | Init Dist = 8.062 | Init Dist 10 = 7.759 | Init Dist 100 = 5.694 | Init Dist 1000 = 5.876 | Learner Steps = 38836 | Learner Walltime = 7695.482 | Min Dist = 0.130 | Min Dist 10 = 0.284 | Min Dist 100 = 0.187 | Min Dist 1000 = 0.177 | Steps Per Second = 74.592 | Success = 1.000 | Success 1000 = 0.988
I0502 17:14:31.392560 139579566835264 terminal.py:91] [Evaluator] Actor Episodes = 49909 | Actor Steps = 2495450 | Delta Dist = 12.699 | Delta Dist 10 = 11.355 | Delta Dist 100 = 11.276 | Delta Dist 1000 = 11.370 | Episode Length = 50 | Episode Return = 11.0 | Evaluator Episodes = 12663 | Evaluator Steps = 633150 | Final Dist = 0.107 | Final Dist 10 = 1.451 | Final Dist 100 = 1.531 | Final Dist 1000 = 1.436 | Init Dist = 12.806 | Init Dist 10 = 12.806 | Init Dist 100 = 12.806 | Init Dist 1000 = 12.806 | Learner Steps = 38836 | Learner Walltime = 7695.482 | Min Dist = 0.078 | Min Dist 10 = 0.722 | Min Dist 100 = 0.804 | Min Dist 1000 = 0.777 | Steps Per Second = 79.775 | Success = 1.000 | Success 1000 = 0.853
I0502 17:14:32.583903 139557462840896 terminal.py:91] [Actor] Actor Episodes = 49912 | Actor Steps = 2495600 | Delta Dist = 6.792 | Delta Dist 10 = 5.357 | Delta Dist 100 = 4.347 | Delta Dist 1000 = 4.483 | Episode Length = 50 | Episode Return = 31.0 | Evaluator Episodes = 12663 | Evaluator Steps = 633150 | Final Dist = 0.488 | Final Dist 10 = 2.369 | Final Dist 100 = 1.436 | Final Dist 1000 = 1.395 | Init Dist = 7.280 | Init Dist 10 = 7.726 | Init Dist 100 = 5.784 | Init Dist 1000 = 5.879 | Learner Steps = 38836 | Learner Walltime = 7695.482 | Min Dist = 0.159 | Min Dist 10 = 0.417 | Min Dist 100 = 0.208 | Min Dist 1000 = 0.179 | Steps Per Second = 77.296 | Success = 1.000 | Success 1000 = 0.987
I0502 17:14:32.686015 139579566835264 terminal.py:91] [Evaluator] Actor Episodes = 49917 | Actor Steps = 2495850 | Delta Dist = 11.703 | Delta Dist 10 = 11.192 | Delta Dist 100 = 11.270 | Delta Dist 1000 = 11.369 | Episode Length = 50 | Episode Return = 3.0 | Evaluator Episodes = 12665 | Evaluator Steps = 633250 | Final Dist = 1.104 | Final Dist 10 = 1.615 | Final Dist 100 = 1.536 | Final Dist 1000 = 1.437 | Init Dist = 12.806 | Init Dist 10 = 12.806 | Init Dist 100 = 12.806 | Init Dist 1000 = 12.806 | Learner Steps = 38836 | Learner Walltime = 7695.482 | Min Dist = 0.617 | Min Dist 10 = 0.727 | Min Dist 100 = 0.804 | Min Dist 1000 = 0.776 | Steps Per Second = 77.684 | Success = 1.000 | Success 1000 = 0.853
I0502 17:14:32.757976 139555013154368 terminal.py:91] [Learner] Actor Episodes = 49917 | Actor Loss = 3.790943145751953 | Actor Steps = 2495850 | Binary Accuracy = 0.9960217475891113 | Categorical Accuracy = 0.42803955078125 | Critic Loss = 1.7643928527832031 | Entropy Mean = -24.879976272583008 | Evaluator Episodes = 12665 | Evaluator Steps = 633250 | Learner Steps = 38844 | Learner Walltime = 7696.952 | Logits Neg = -17.33721160888672 | Logits Pos = -1.7608460187911987 | Logsumexp = 1.1279520988464355 | Steps Per Second = 1276.447
I0502 17:14:33.978058 139579566835264 terminal.py:91] [Evaluator] Actor Episodes = 49925 | Actor Steps = 2496250 | Delta Dist = 6.263 | Delta Dist 10 = 10.797 | Delta Dist 100 = 11.216 | Delta Dist 1000 = 11.364 | Episode Length = 50 | Episode Return = 0.0 | Evaluator Episodes = 12667 | Evaluator Steps = 633350 | Final Dist = 6.543 | Final Dist 10 = 2.009 | Final Dist 100 = 1.590 | Final Dist 1000 = 1.442 | Init Dist = 12.806 | Init Dist 10 = 12.806 | Init Dist 100 = 12.806 | Init Dist 1000 = 12.806 | Learner Steps = 38849 | Learner Walltime = 7698.121 | Min Dist = 5.376 | Min Dist 10 = 1.315 | Min Dist 100 = 0.864 | Min Dist 1000 = 0.782 | Steps Per Second = 78.705 | Success = 0.000 | Success 1000 = 0.852
I0502 17:14:34.516626 139555860620864 terminal.py:91] [Actor] Actor Episodes = 49922 | Actor Steps = 2496100 | Delta Dist = 3.561 | Delta Dist 10 = 4.655 | Delta Dist 100 = 4.288 | Delta Dist 1000 = 4.488 | Episode Length = 50 | Episode Return = 33.0 | Evaluator Episodes = 12665 | Evaluator Steps = 633250 | Final Dist = 0.044 | Final Dist 10 = 1.808 | Final Dist 100 = 1.569 | Final Dist 1000 = 1.391 | Init Dist = 3.606 | Init Dist 10 = 6.464 | Init Dist 100 = 5.857 | Init Dist 1000 = 5.880 | Learner Steps = 38843 | Learner Walltime = 7696.902 | Min Dist = 0.009 | Min Dist 10 = 1.162 | Min Dist 100 = 0.316 | Min Dist 1000 = 0.182 | Steps Per Second = 69.969 | Success = 1.000 | Success 1000 = 0.987
I0502 17:14:35.260954 139579566835264 terminal.py:91] [Evaluator] Actor Episodes = 49933 | Actor Steps = 2496650 | Delta Dist = 12.280 | Delta Dist 10 = 10.257 | Delta Dist 100 = 11.159 | Delta Dist 1000 = 11.358 | Episode Length = 50 | Episode Return = 23.0 | Evaluator Episodes = 12669 | Evaluator Steps = 633450 | Final Dist = 0.526 | Final Dist 10 = 2.549 | Final Dist 100 = 1.648 | Final Dist 1000 = 1.448 | Init Dist = 12.806 | Init Dist 10 = 12.806 | Init Dist 100 = 12.806 | Init Dist 1000 = 12.806 | Learner Steps = 38855 | Learner Walltime = 7699.393 | Min Dist = 0.049 | Min Dist 10 = 1.905 | Min Dist 100 = 0.921 | Min Dist 1000 = 0.788 | Steps Per Second = 80.662 | Success = 1.000 | Success 1000 = 0.851
I0502 17:14:36.489873 139579566835264 terminal.py:91] [Evaluator] Actor Episodes = 49941 | Actor Steps = 2497050 | Delta Dist = 11.790 | Delta Dist 10 = 10.282 | Delta Dist 100 = 11.164 | Delta Dist 1000 = 11.358 | Episode Length = 50 | Episode Return = 5.0 | Evaluator Episodes = 12671 | Evaluator Steps = 633550 | Final Dist = 1.016 | Final Dist 10 = 2.524 | Final Dist 100 = 1.642 | Final Dist 1000 = 1.448 | Init Dist = 12.806 | Init Dist 10 = 12.806 | Init Dist 100 = 12.806 | Init Dist 1000 = 12.806 | Learner Steps = 38862 | Learner Walltime = 7700.557 | Min Dist = 0.192 | Min Dist 10 = 1.799 | Min Dist 100 = 0.910 | Min Dist 1000 = 0.788 | Steps Per Second = 86.515 | Success = 1.000 | Success 1000 = 0.851
I0502 17:14:37.756213 139579566835264 terminal.py:91] [Evaluator] Actor Episodes = 49949 | Actor Steps = 2497450 | Delta Dist = 11.614 | Delta Dist 10 = 10.796 | Delta Dist 100 = 11.175 | Delta Dist 1000 = 11.358 | Episode Length = 50 | Episode Return = 15.0 | Evaluator Episodes = 12673 | Evaluator Steps = 633650 | Final Dist = 1.193 | Final Dist 10 = 2.010 | Final Dist 100 = 1.632 | Final Dist 1000 = 1.449 | Init Dist = 12.806 | Init Dist 10 = 12.806 | Init Dist 100 = 12.806 | Init Dist 1000 = 12.806 | Learner Steps = 38868 | Learner Walltime = 7701.764 | Min Dist = 0.327 | Min Dist 10 = 1.309 | Min Dist 100 = 0.913 | Min Dist 1000 = 0.788 | Steps Per Second = 73.568 | Success = 1.000 | Success 1000 = 0.851
I0502 17:14:38.364156 139569349502528 terminal.py:91] [Actor] Actor Episodes = 49950 | Actor Steps = 2497500 | Delta Dist = 8.139 | Delta Dist 10 = 4.940 | Delta Dist 100 = 4.327 | Delta Dist 1000 = 4.480 | Episode Length = 50 | Episode Return = 41.0 | Evaluator Episodes = 12671 | Evaluator Steps = 633550 | Final Dist = 0.805 | Final Dist 10 = 1.203 | Final Dist 100 = 1.693 | Final Dist 1000 = 1.408 | Init Dist = 8.944 | Init Dist 10 = 6.143 | Init Dist 100 = 6.020 | Init Dist 1000 = 5.889 | Learner Steps = 38868 | Learner Walltime = 7701.764 | Min Dist = 0.016 | Min Dist 10 = 0.277 | Min Dist 100 = 0.446 | Min Dist 1000 = 0.196 | Steps Per Second = 71.105 | Success = 1.000 | Success 1000 = 0.985
I0502 17:14:39.060227 139579566835264 terminal.py:91] [Evaluator] Actor Episodes = 49957 | Actor Steps = 2497850 | Delta Dist = 11.895 | Delta Dist 10 = 10.716 | Delta Dist 100 = 11.164 | Delta Dist 1000 = 11.357 | Episode Length = 50 | Episode Return = 30.0 | Evaluator Episodes = 12675 | Evaluator Steps = 633750 | Final Dist = 0.911 | Final Dist 10 = 2.091 | Final Dist 100 = 1.642 | Final Dist 1000 = 1.450 | Init Dist = 12.806 | Init Dist 10 = 12.806 | Init Dist 100 = 12.806 | Init Dist 1000 = 12.806 | Learner Steps = 38874 | Learner Walltime = 7703.073 | Min Dist = 0.107 | Min Dist 10 = 1.405 | Min Dist 100 = 0.924 | Min Dist 1000 = 0.788 | Steps Per Second = 84.496 | Success = 1.000 | Success 1000 = 0.851
I0502 17:14:39.441340 139584504182336 lp_utils.py:96] StepsLimiter: Reached 2497950 recorded steps
I0502 17:14:40.358561 139579566835264 terminal.py:91] [Evaluator] Actor Episodes = 49965 | Actor Steps = 2498250 | Delta Dist = 11.609 | Delta Dist 10 = 11.165 | Delta Dist 100 = 11.149 | Delta Dist 1000 = 11.356 | Episode Length = 50 | Episode Return = 20.0 | Evaluator Episodes = 12677 | Evaluator Steps = 633850 | Final Dist = 1.198 | Final Dist 10 = 1.642 | Final Dist 100 = 1.657 | Final Dist 1000 = 1.450 | Init Dist = 12.806 | Init Dist 10 = 12.806 | Init Dist 100 = 12.806 | Init Dist 1000 = 12.806 | Learner Steps = 38881 | Learner Walltime = 7704.362 | Min Dist = 0.208 | Min Dist 10 = 0.838 | Min Dist 100 = 0.925 | Min Dist 1000 = 0.788 | Steps Per Second = 80.801 | Success = 1.000 | Success 1000 = 0.851
I0502 17:14:41.609422 139558059398720 terminal.py:91] [Actor] Actor Episodes = 49971 | Actor Steps = 2498550 | Delta Dist = 4.055 | Delta Dist 10 = 3.434 | Delta Dist 100 = 4.412 | Delta Dist 1000 = 4.487 | Episode Length = 50 | Episode Return = 31.0 | Evaluator Episodes = 12677 | Evaluator Steps = 633850 | Final Dist = 1.044 | Final Dist 10 = 0.470 | Final Dist 100 = 1.746 | Final Dist 1000 = 1.404 | Init Dist = 5.099 | Init Dist 10 = 3.904 | Init Dist 100 = 6.157 | Init Dist 1000 = 5.891 | Learner Steps = 38886 | Learner Walltime = 7705.559 | Min Dist = 0.048 | Min Dist 10 = 0.068 | Min Dist 100 = 0.444 | Min Dist 1000 = 0.194 | Steps Per Second = 76.235 | Success = 1.000 | Success 1000 = 0.985
I0502 17:14:41.722172 139579566835264 terminal.py:91] [Evaluator] Actor Episodes = 49973 | Actor Steps = 2498650 | Delta Dist = 11.390 | Delta Dist 10 = 11.689 | Delta Dist 100 = 11.153 | Delta Dist 1000 = 11.356 | Episode Length = 50 | Episode Return = 0.0 | Evaluator Episodes = 12679 | Evaluator Steps = 633950 | Final Dist = 1.416 | Final Dist 10 = 1.117 | Final Dist 100 = 1.653 | Final Dist 1000 = 1.450 | Init Dist = 12.806 | Init Dist 10 = 12.806 | Init Dist 100 = 12.806 | Init Dist 1000 = 12.806 | Learner Steps = 38886 | Learner Walltime = 7705.559 | Min Dist = 1.207 | Min Dist 10 = 0.316 | Min Dist 100 = 0.928 | Min Dist 1000 = 0.789 | Steps Per Second = 74.529 | Success = 0.000 | Success 1000 = 0.851
I0502 17:14:42.796848 139555013154368 terminal.py:91] [Learner] Actor Episodes = 49975 | Actor Loss = 3.7775914669036865 | Actor Steps = 2498750 | Binary Accuracy = 0.9960513114929199 | Categorical Accuracy = 0.4259033203125 | Critic Loss = 1.767402172088623 | Entropy Mean = -23.29128074645996 | Evaluator Episodes = 12679 | Evaluator Steps = 633950 | Learner Steps = 38893 | Learner Walltime = 7706.992 | Logits Neg = -17.087295532226562 | Logits Pos = -1.7570445537567139 | Logsumexp = 1.0722678899765015 | Steps Per Second = 209.863
I0502 17:14:42.937998 139579566835264 terminal.py:91] [Evaluator] Actor Episodes = 49979 | Actor Steps = 2498950 | Delta Dist = 12.683 | Delta Dist 10 = 11.669 | Delta Dist 100 = 11.181 | Delta Dist 1000 = 11.355 | Episode Length = 50 | Episode Return = 9.0 | Evaluator Episodes = 12681 | Evaluator Steps = 634050 | Final Dist = 0.123 | Final Dist 10 = 1.137 | Final Dist 100 = 1.626 | Final Dist 1000 = 1.451 | Init Dist = 12.806 | Init Dist 10 = 12.806 | Init Dist 100 = 12.806 | Init Dist 1000 = 12.806 | Learner Steps = 38892 | Learner Walltime = 7706.687 | Min Dist = 0.123 | Min Dist 10 = 0.426 | Min Dist 100 = 0.892 | Min Dist 1000 = 0.790 | Steps Per Second = 78.541 | Success = 1.000 | Success 1000 = 0.850
I0502 17:14:43.166267 139557462840896 terminal.py:91] [Actor] Actor Episodes = 49983 | Actor Steps = 2499150 | Delta Dist = 10.546 | Delta Dist 10 = 5.377 | Delta Dist 100 = 4.435 | Delta Dist 1000 = 4.496 | Episode Length = 50 | Episode Return = 37.0 | Evaluator Episodes = 12681 | Evaluator Steps = 634050 | Final Dist = 0.084 | Final Dist 10 = 0.441 | Final Dist 100 = 1.730 | Final Dist 1000 = 1.400 | Init Dist = 10.630 | Init Dist 10 = 5.819 | Init Dist 100 = 6.165 | Init Dist 1000 = 5.895 | Learner Steps = 38892 | Learner Walltime = 7706.687 | Min Dist = 0.024 | Min Dist 10 = 0.108 | Min Dist 100 = 0.439 | Min Dist 1000 = 0.194 | Steps Per Second = 79.072 | Success = 1.000 | Success 1000 = 0.986
I0502 17:14:43.527073 139583350109760 savers.py:156] Saving checkpoint: logs/contrastive_cpc_point_FourRooms_64/5dd72662-2788-11f0-b183-d85ed38c5779/checkpoints/learner
I0502 17:14:44.109604 139579566835264 terminal.py:91] [Evaluator] Actor Episodes = 49987 | Actor Steps = 2499350 | Delta Dist = 11.668 | Delta Dist 10 = 11.758 | Delta Dist 100 = 11.243 | Delta Dist 1000 = 11.357 | Episode Length = 50 | Episode Return = 13.0 | Evaluator Episodes = 12683 | Evaluator Steps = 634150 | Final Dist = 1.138 | Final Dist 10 = 1.048 | Final Dist 100 = 1.564 | Final Dist 1000 = 1.449 | Init Dist = 12.806 | Init Dist 10 = 12.806 | Init Dist 100 = 12.806 | Init Dist 1000 = 12.806 | Learner Steps = 38897 | Learner Walltime = 7707.730 | Min Dist = 0.165 | Min Dist 10 = 0.398 | Min Dist 100 = 0.842 | Min Dist 1000 = 0.788 | Steps Per Second = 91.653 | Success = 1.000 | Success 1000 = 0.850
I0502 17:14:44.646695 139555860620864 terminal.py:91] [Actor] Actor Episodes = 49986 | Actor Steps = 2499300 | Delta Dist = 9.017 | Delta Dist 10 = 4.419 | Delta Dist 100 = 4.551 | Delta Dist 1000 = 4.491 | Episode Length = 50 | Episode Return = 43.0 | Evaluator Episodes = 12681 | Evaluator Steps = 634050 | Final Dist = 0.038 | Final Dist 10 = 0.784 | Final Dist 100 = 1.491 | Final Dist 1000 = 1.392 | Init Dist = 9.055 | Init Dist 10 = 5.202 | Init Dist 100 = 6.042 | Init Dist 1000 = 5.883 | Learner Steps = 38897 | Learner Walltime = 7707.730 | Min Dist = 0.038 | Min Dist 10 = 0.031 | Min Dist 100 = 0.364 | Min Dist 1000 = 0.194 | Steps Per Second = 78.179 | Success = 1.000 | Success 1000 = 0.986
I0502 17:14:45.277218 139579566835264 terminal.py:91] [Evaluator] Actor Episodes = 49995 | Actor Steps = 2499750 | Delta Dist = 11.731 | Delta Dist 10 = 11.801 | Delta Dist 100 = 11.222 | Delta Dist 1000 = 11.356 | Episode Length = 50 | Episode Return = 11.0 | Evaluator Episodes = 12685 | Evaluator Steps = 634250 | Final Dist = 1.076 | Final Dist 10 = 1.005 | Final Dist 100 = 1.584 | Final Dist 1000 = 1.450 | Init Dist = 12.806 | Init Dist 10 = 12.806 | Init Dist 100 = 12.806 | Init Dist 1000 = 12.806 | Learner Steps = 38903 | Learner Walltime = 7708.980 | Min Dist = 0.090 | Min Dist 10 = 0.299 | Min Dist 100 = 0.843 | Min Dist 1000 = 0.787 | Steps Per Second = 86.528 | Success = 1.000 | Success 1000 = 0.851
I0502 17:14:46.516308 139579566835264 terminal.py:91] [Evaluator] Actor Episodes = 50003 | Actor Steps = 2500150 | Delta Dist = 11.581 | Delta Dist 10 = 11.820 | Delta Dist 100 = 11.216 | Delta Dist 1000 = 11.356 | Episode Length = 50 | Episode Return = 2.0 | Evaluator Episodes = 12687 | Evaluator Steps = 634350 | Final Dist = 1.225 | Final Dist 10 = 0.986 | Final Dist 100 = 1.590 | Final Dist 1000 = 1.450 | Init Dist = 12.806 | Init Dist 10 = 12.806 | Init Dist 100 = 12.806 | Init Dist 1000 = 12.806 | Learner Steps = 38909 | Learner Walltime = 7710.158 | Min Dist = 0.626 | Min Dist 10 = 0.299 | Min Dist 100 = 0.843 | Min Dist 1000 = 0.787 | Steps Per Second = 72.730 | Success = 1.000 | Success 1000 = 0.851
I0502 17:14:47.851805 139579566835264 terminal.py:91] [Evaluator] Actor Episodes = 50011 | Actor Steps = 2500550 | Delta Dist = 11.797 | Delta Dist 10 = 11.913 | Delta Dist 100 = 11.210 | Delta Dist 1000 = 11.356 | Episode Length = 50 | Episode Return = 30.0 | Evaluator Episodes = 12689 | Evaluator Steps = 634450 | Final Dist = 1.009 | Final Dist 10 = 0.893 | Final Dist 100 = 1.596 | Final Dist 1000 = 1.450 | Init Dist = 12.806 | Init Dist 10 = 12.806 | Init Dist 100 = 12.806 | Init Dist 1000 = 12.806 | Learner Steps = 38914 | Learner Walltime = 7711.218 | Min Dist = 0.181 | Min Dist 10 = 0.293 | Min Dist 100 = 0.843 | Min Dist 1000 = 0.787 | Steps Per Second = 74.895 | Success = 1.000 | Success 1000 = 0.851
I0502 17:14:48.694589 139569349502528 terminal.py:91] [Actor] Actor Episodes = 50014 | Actor Steps = 2500700 | Delta Dist = 9.053 | Delta Dist 10 = 6.799 | Delta Dist 100 = 4.733 | Delta Dist 1000 = 4.510 | Episode Length = 50 | Episode Return = 42.0 | Evaluator Episodes = 12689 | Evaluator Steps = 634450 | Final Dist = 0.167 | Final Dist 10 = 0.556 | Final Dist 100 = 1.199 | Final Dist 1000 = 1.391 | Init Dist = 9.220 | Init Dist 10 = 7.355 | Init Dist 100 = 5.932 | Init Dist 1000 = 5.901 | Learner Steps = 38914 | Learner Walltime = 7711.218 | Min Dist = 0.157 | Min Dist 10 = 0.087 | Min Dist 100 = 0.317 | Min Dist 1000 = 0.195 | Steps Per Second = 77.604 | Success = 1.000 | Success 1000 = 0.986
I0502 17:14:49.053397 139579566835264 terminal.py:91] [Evaluator] Actor Episodes = 50019 | Actor Steps = 2500950 | Delta Dist = 12.336 | Delta Dist 10 = 11.928 | Delta Dist 100 = 11.214 | Delta Dist 1000 = 11.357 | Episode Length = 50 | Episode Return = 20.0 | Evaluator Episodes = 12691 | Evaluator Steps = 634550 | Final Dist = 0.470 | Final Dist 10 = 0.878 | Final Dist 100 = 1.593 | Final Dist 1000 = 1.450 | Init Dist = 12.806 | Init Dist 10 = 12.806 | Init Dist 100 = 12.806 | Init Dist 1000 = 12.806 | Learner Steps = 38919 | Learner Walltime = 7712.346 | Min Dist = 0.470 | Min Dist 10 = 0.220 | Min Dist 100 = 0.846 | Min Dist 1000 = 0.787 | Steps Per Second = 82.682 | Success = 1.000 | Success 1000 = 0.851
I0502 17:14:49.460039 139584504182336 lp_utils.py:96] StepsLimiter: Reached 2501050 recorded steps
I0502 17:14:50.414158 139579566835264 terminal.py:91] [Evaluator] Actor Episodes = 50027 | Actor Steps = 2501350 | Delta Dist = 11.230 | Delta Dist 10 = 11.729 | Delta Dist 100 = 11.198 | Delta Dist 1000 = 11.357 | Episode Length = 50 | Episode Return = 20.0 | Evaluator Episodes = 12693 | Evaluator Steps = 634650 | Final Dist = 1.576 | Final Dist 10 = 1.077 | Final Dist 100 = 1.608 | Final Dist 1000 = 1.450 | Init Dist = 12.806 | Init Dist 10 = 12.806 | Init Dist 100 = 12.806 | Init Dist 1000 = 12.806 | Learner Steps = 38925 | Learner Walltime = 7713.657 | Min Dist = 0.038 | Min Dist 10 = 0.346 | Min Dist 100 = 0.860 | Min Dist 1000 = 0.787 | Steps Per Second = 70.038 | Success = 1.000 | Success 1000 = 0.850
I0502 17:14:51.561893 139579566835264 terminal.py:91] [Evaluator] Actor Episodes = 50033 | Actor Steps = 2501650 | Delta Dist = 11.458 | Delta Dist 10 = 11.739 | Delta Dist 100 = 11.199 | Delta Dist 1000 = 11.356 | Episode Length = 50 | Episode Return = 7.0 | Evaluator Episodes = 12695 | Evaluator Steps = 634750 | Final Dist = 1.348 | Final Dist 10 = 1.067 | Final Dist 100 = 1.607 | Final Dist 1000 = 1.450 | Init Dist = 12.806 | Init Dist 10 = 12.806 | Init Dist 100 = 12.806 | Init Dist 1000 = 12.806 | Learner Steps = 38935 | Learner Walltime = 7715.740 | Min Dist = 0.066 | Min Dist 10 = 0.341 | Min Dist 100 = 0.859 | Min Dist 1000 = 0.786 | Steps Per Second = 88.688 | Success = 1.000 | Success 1000 = 0.850
I0502 17:14:52.052767 139558059398720 terminal.py:91] [Actor] Actor Episodes = 50034 | Actor Steps = 2501700 | Delta Dist = 3.253 | Delta Dist 10 = 5.450 | Delta Dist 100 = 4.914 | Delta Dist 1000 = 4.541 | Episode Length = 50 | Episode Return = 12.0 | Evaluator Episodes = 12693 | Evaluator Steps = 634650 | Final Dist = 0.352 | Final Dist 10 = 1.560 | Final Dist 100 = 1.169 | Final Dist 1000 = 1.393 | Init Dist = 3.606 | Init Dist 10 = 7.010 | Init Dist 100 = 6.084 | Init Dist 1000 = 5.934 | Learner Steps = 38931 | Learner Walltime = 7714.702 | Min Dist = 0.281 | Min Dist 10 = 0.061 | Min Dist 100 = 0.115 | Min Dist 1000 = 0.186 | Steps Per Second = 96.270 | Success = 1.000 | Success 1000 = 0.986
I0502 17:14:52.843107 139579566835264 terminal.py:91] [Evaluator] Actor Episodes = 50041 | Actor Steps = 2502050 | Delta Dist = 11.747 | Delta Dist 10 = 11.829 | Delta Dist 100 = 11.203 | Delta Dist 1000 = 11.363 | Episode Length = 50 | Episode Return = 22.0 | Evaluator Episodes = 12697 | Evaluator Steps = 634850 | Final Dist = 1.059 | Final Dist 10 = 0.978 | Final Dist 100 = 1.603 | Final Dist 1000 = 1.444 | Init Dist = 12.806 | Init Dist 10 = 12.806 | Init Dist 100 = 12.806 | Init Dist 1000 = 12.806 | Learner Steps = 38935 | Learner Walltime = 7715.740 | Min Dist = 0.106 | Min Dist 10 = 0.306 | Min Dist 100 = 0.852 | Min Dist 1000 = 0.779 | Steps Per Second = 73.497 | Success = 1.000 | Success 1000 = 0.851
I0502 17:14:52.848968 139555013154368 terminal.py:91] [Learner] Actor Episodes = 50041 | Actor Loss = 3.799290180206299 | Actor Steps = 2502050 | Binary Accuracy = 0.9959454536437988 | Categorical Accuracy = 0.41448974609375 | Critic Loss = 1.8161942958831787 | Entropy Mean = -21.901199340820312 | Evaluator Episodes = 12697 | Evaluator Steps = 634850 | Learner Steps = 38941 | Learner Walltime = 7717.044 | Logits Neg = -17.460662841796875 | Logits Pos = -1.7991361618041992 | Logsumexp = 1.2413592338562012 | Steps Per Second = 136.844
I0502 17:14:53.648036 139557462840896 terminal.py:91] [Actor] Actor Episodes = 50047 | Actor Steps = 2502350 | Delta Dist = 8.315 | Delta Dist 10 = 2.660 | Delta Dist 100 = 4.767 | Delta Dist 1000 = 4.510 | Episode Length = 50 | Episode Return = 44.0 | Evaluator Episodes = 12697 | Evaluator Steps = 634850 | Final Dist = 0.741 | Final Dist 10 = 2.441 | Final Dist 100 = 1.264 | Final Dist 1000 = 1.410 | Init Dist = 9.055 | Init Dist 10 = 5.101 | Init Dist 100 = 6.030 | Init Dist 1000 = 5.920 | Learner Steps = 38941 | Learner Walltime = 7717.044 | Min Dist = 0.053 | Min Dist 10 = 0.958 | Min Dist 100 = 0.173 | Min Dist 1000 = 0.195 | Steps Per Second = 73.092 | Success = 1.000 | Success 1000 = 0.986
I0502 17:14:54.078334 139579566835264 terminal.py:91] [Evaluator] Actor Episodes = 50049 | Actor Steps = 2502450 | Delta Dist = 11.600 | Delta Dist 10 = 11.780 | Delta Dist 100 = 11.198 | Delta Dist 1000 = 11.362 | Episode Length = 50 | Episode Return = 1.0 | Evaluator Episodes = 12699 | Evaluator Steps = 634950 | Final Dist = 1.206 | Final Dist 10 = 1.026 | Final Dist 100 = 1.609 | Final Dist 1000 = 1.444 | Init Dist = 12.806 | Init Dist 10 = 12.806 | Init Dist 100 = 12.806 | Init Dist 1000 = 12.806 | Learner Steps = 38941 | Learner Walltime = 7717.044 | Min Dist = 0.946 | Min Dist 10 = 0.247 | Min Dist 100 = 0.850 | Min Dist 1000 = 0.778 | Steps Per Second = 77.555 | Success = 1.000 | Success 1000 = 0.851
I0502 17:14:55.045709 139555860620864 terminal.py:91] [Actor] Actor Episodes = 50052 | Actor Steps = 2502600 | Delta Dist = 5.728 | Delta Dist 10 = 5.448 | Delta Dist 100 = 4.814 | Delta Dist 1000 = 4.514 | Episode Length = 50 | Episode Return = 42.0 | Evaluator Episodes = 12699 | Evaluator Steps = 634950 | Final Dist = 0.103 | Final Dist 10 = 0.624 | Final Dist 100 = 1.246 | Final Dist 1000 = 1.399 | Init Dist = 5.831 | Init Dist 10 = 6.072 | Init Dist 100 = 6.060 | Init Dist 1000 = 5.913 | Learner Steps = 38947 | Learner Walltime = 7718.283 | Min Dist = 0.103 | Min Dist 10 = 0.125 | Min Dist 100 = 0.175 | Min Dist 1000 = 0.195 | Steps Per Second = 63.940 | Success = 1.000 | Success 1000 = 0.986
I0502 17:14:55.447067 139579566835264 terminal.py:91] [Evaluator] Actor Episodes = 50057 | Actor Steps = 2502850 | Delta Dist = 12.304 | Delta Dist 10 = 11.786 | Delta Dist 100 = 11.245 | Delta Dist 1000 = 11.362 | Episode Length = 50 | Episode Return = 29.0 | Evaluator Episodes = 12701 | Evaluator Steps = 635050 | Final Dist = 0.502 | Final Dist 10 = 1.020 | Final Dist 100 = 1.561 | Final Dist 1000 = 1.444 | Init Dist = 12.806 | Init Dist 10 = 12.806 | Init Dist 100 = 12.806 | Init Dist 1000 = 12.806 | Learner Steps = 38953 | Learner Walltime = 7719.314 | Min Dist = 0.028 | Min Dist 10 = 0.306 | Min Dist 100 = 0.807 | Min Dist 1000 = 0.779 | Steps Per Second = 73.931 | Success = 1.000 | Success 1000 = 0.851
I0502 17:14:56.709307 139579566835264 terminal.py:91] [Evaluator] Actor Episodes = 50063 | Actor Steps = 2503150 | Delta Dist = 12.119 | Delta Dist 10 = 11.850 | Delta Dist 100 = 11.238 | Delta Dist 1000 = 11.362 | Episode Length = 50 | Episode Return = 5.0 | Evaluator Episodes = 12703 | Evaluator Steps = 635150 | Final Dist = 0.687 | Final Dist 10 = 0.957 | Final Dist 100 = 1.568 | Final Dist 1000 = 1.444 | Init Dist = 12.806 | Init Dist 10 = 12.806 | Init Dist 100 = 12.806 | Init Dist 1000 = 12.806 | Learner Steps = 38958 | Learner Walltime = 7720.365 | Min Dist = 0.684 | Min Dist 10 = 0.177 | Min Dist 100 = 0.807 | Min Dist 1000 = 0.778 | Steps Per Second = 76.088 | Success = 1.000 | Success 1000 = 0.851
I0502 17:14:58.025521 139579566835264 terminal.py:91] [Evaluator] Actor Episodes = 50073 | Actor Steps = 2503650 | Delta Dist = 12.621 | Delta Dist 10 = 11.911 | Delta Dist 100 = 11.238 | Delta Dist 1000 = 11.363 | Episode Length = 50 | Episode Return = 17.0 | Evaluator Episodes = 12705 | Evaluator Steps = 635250 | Final Dist = 0.186 | Final Dist 10 = 0.896 | Final Dist 100 = 1.569 | Final Dist 1000 = 1.444 | Init Dist = 12.806 | Init Dist 10 = 12.806 | Init Dist 100 = 12.806 | Init Dist 1000 = 12.806 | Learner Steps = 38963 | Learner Walltime = 7721.605 | Min Dist = 0.186 | Min Dist 10 = 0.263 | Min Dist 100 = 0.813 | Min Dist 1000 = 0.779 | Steps Per Second = 68.264 | Success = 1.000 | Success 1000 = 0.851
I0502 17:14:59.183408 139569349502528 terminal.py:91] [Actor] Actor Episodes = 50078 | Actor Steps = 2503900 | Delta Dist = 9.855 | Delta Dist 10 = 4.109 | Delta Dist 100 = 4.739 | Delta Dist 1000 = 4.512 | Episode Length = 50 | Episode Return = 18.0 | Evaluator Episodes = 12705 | Evaluator Steps = 635250 | Final Dist = 0.585 | Final Dist 10 = 1.076 | Final Dist 100 = 1.450 | Final Dist 1000 = 1.408 | Init Dist = 10.440 | Init Dist 10 = 5.185 | Init Dist 100 = 6.189 | Init Dist 1000 = 5.920 | Learner Steps = 38969 | Learner Walltime = 7722.628 | Min Dist = 0.121 | Min Dist 10 = 0.037 | Min Dist 100 = 0.170 | Min Dist 1000 = 0.195 | Steps Per Second = 85.897 | Success = 1.000 | Success 1000 = 0.986
I0502 17:14:59.228542 139579566835264 terminal.py:91] [Evaluator] Actor Episodes = 50079 | Actor Steps = 2503950 | Delta Dist = 11.722 | Delta Dist 10 = 11.847 | Delta Dist 100 = 11.298 | Delta Dist 1000 = 11.362 | Episode Length = 50 | Episode Return = 17.0 | Evaluator Episodes = 12707 | Evaluator Steps = 635350 | Final Dist = 1.084 | Final Dist 10 = 0.959 | Final Dist 100 = 1.509 | Final Dist 1000 = 1.444 | Init Dist = 12.806 | Init Dist 10 = 12.806 | Init Dist 100 = 12.806 | Init Dist 1000 = 12.806 | Learner Steps = 38969 | Learner Walltime = 7722.628 | Min Dist = 0.086 | Min Dist 10 = 0.292 | Min Dist 100 = 0.765 | Min Dist 1000 = 0.779 | Steps Per Second = 87.519 | Success = 1.000 | Success 1000 = 0.851
I0502 17:14:59.477832 139584504182336 lp_utils.py:96] StepsLimiter: Reached 2504050 recorded steps
I0502 17:15:00.411571 139579566835264 terminal.py:91] [Evaluator] Actor Episodes = 50087 | Actor Steps = 2504350 | Delta Dist = 11.471 | Delta Dist 10 = 11.533 | Delta Dist 100 = 11.255 | Delta Dist 1000 = 11.363 | Episode Length = 50 | Episode Return = 15.0 | Evaluator Episodes = 12709 | Evaluator Steps = 635450 | Final Dist = 1.336 | Final Dist 10 = 1.273 | Final Dist 100 = 1.551 | Final Dist 1000 = 1.443 | Init Dist = 12.806 | Init Dist 10 = 12.806 | Init Dist 100 = 12.806 | Init Dist 1000 = 12.806 | Learner Steps = 38974 | Learner Walltime = 7723.641 | Min Dist = 0.012 | Min Dist 10 = 0.677 | Min Dist 100 = 0.802 | Min Dist 1000 = 0.777 | Steps Per Second = 89.092 | Success = 1.000 | Success 1000 = 0.851
I0502 17:15:01.649907 139579566835264 terminal.py:91] [Evaluator] Actor Episodes = 50095 | Actor Steps = 2504750 | Delta Dist = 12.454 | Delta Dist 10 = 11.451 | Delta Dist 100 = 11.246 | Delta Dist 1000 = 11.361 | Episode Length = 50 | Episode Return = 22.0 | Evaluator Episodes = 12711 | Evaluator Steps = 635550 | Final Dist = 0.353 | Final Dist 10 = 1.355 | Final Dist 100 = 1.560 | Final Dist 1000 = 1.445 | Init Dist = 12.806 | Init Dist 10 = 12.806 | Init Dist 100 = 12.806 | Init Dist 1000 = 12.806 | Learner Steps = 38979 | Learner Walltime = 7724.835 | Min Dist = 0.200 | Min Dist 10 = 0.584 | Min Dist 100 = 0.801 | Min Dist 1000 = 0.777 | Steps Per Second = 81.278 | Success = 1.000 | Success 1000 = 0.851
I0502 17:15:02.477486 139558059398720 terminal.py:91] [Actor] Actor Episodes = 50098 | Actor Steps = 2504900 | Delta Dist = 5.030 | Delta Dist 10 = 3.095 | Delta Dist 100 = 4.473 | Delta Dist 1000 = 4.499 | Episode Length = 50 | Episode Return = 15.0 | Evaluator Episodes = 12711 | Evaluator Steps = 635550 | Final Dist = 1.053 | Final Dist 10 = 2.423 | Final Dist 100 = 1.555 | Final Dist 1000 = 1.411 | Init Dist = 6.083 | Init Dist 10 = 5.519 | Init Dist 100 = 6.029 | Init Dist 1000 = 5.910 | Learner Steps = 38979 | Learner Walltime = 7724.835 | Min Dist = 0.649 | Min Dist 10 = 0.140 | Min Dist 100 = 0.180 | Min Dist 1000 = 0.195 | Steps Per Second = 87.596 | Success = 1.000 | Success 1000 = 0.986
I0502 17:15:02.846557 139579566835264 terminal.py:91] [Evaluator] Actor Episodes = 50103 | Actor Steps = 2505150 | Delta Dist = 11.669 | Delta Dist 10 = 11.534 | Delta Dist 100 = 11.252 | Delta Dist 1000 = 11.361 | Episode Length = 50 | Episode Return = 5.0 | Evaluator Episodes = 12713 | Evaluator Steps = 635650 | Final Dist = 1.137 | Final Dist 10 = 1.272 | Final Dist 100 = 1.555 | Final Dist 1000 = 1.445 | Init Dist = 12.806 | Init Dist 10 = 12.806 | Init Dist 100 = 12.806 | Init Dist 1000 = 12.806 | Learner Steps = 38986 | Learner Walltime = 7726.204 | Min Dist = 0.783 | Min Dist 10 = 0.606 | Min Dist 100 = 0.800 | Min Dist 1000 = 0.777 | Steps Per Second = 88.858 | Success = 1.000 | Success 1000 = 0.851
I0502 17:15:02.854889 139555013154368 terminal.py:91] [Learner] Actor Episodes = 50097 | Actor Loss = 3.7317819595336914 | Actor Steps = 2504850 | Binary Accuracy = 0.9960505962371826 | Categorical Accuracy = 0.4268798828125 | Critic Loss = 1.753352165222168 | Entropy Mean = -24.20749855041504 | Evaluator Episodes = 12711 | Evaluator Steps = 635550 | Learner Steps = 38990 | Learner Walltime = 7727.054 | Logits Neg = -17.778310775756836 | Logits Pos = -1.7503477334976196 | Logsumexp = 1.1635756492614746 | Steps Per Second = 251.405
I0502 17:15:04.114207 139579566835264 terminal.py:91] [Evaluator] Actor Episodes = 50111 | Actor Steps = 2505550 | Delta Dist = 11.877 | Delta Dist 10 = 11.550 | Delta Dist 100 = 11.244 | Delta Dist 1000 = 11.362 | Episode Length = 50 | Episode Return = 15.0 | Evaluator Episodes = 12715 | Evaluator Steps = 635750 | Final Dist = 0.930 | Final Dist 10 = 1.256 | Final Dist 100 = 1.562 | Final Dist 1000 = 1.444 | Init Dist = 12.806 | Init Dist 10 = 12.806 | Init Dist 100 = 12.806 | Init Dist 1000 = 12.806 | Learner Steps = 38992 | Learner Walltime = 7727.254 | Min Dist = 0.107 | Min Dist 10 = 0.621 | Min Dist 100 = 0.811 | Min Dist 1000 = 0.778 | Steps Per Second = 82.939 | Success = 1.000 | Success 1000 = 0.851
I0502 17:15:04.228849 139557462840896 terminal.py:91] [Actor] Actor Episodes = 50110 | Actor Steps = 2505500 | Delta Dist = 5.953 | Delta Dist 10 = 5.128 | Delta Dist 100 = 4.354 | Delta Dist 1000 = 4.522 | Episode Length = 50 | Episode Return = 34.0 | Evaluator Episodes = 12713 | Evaluator Steps = 635650 | Final Dist = 0.756 | Final Dist 10 = 1.242 | Final Dist 100 = 1.622 | Final Dist 1000 = 1.388 | Init Dist = 6.708 | Init Dist 10 = 6.370 | Init Dist 100 = 5.975 | Init Dist 1000 = 5.911 | Learner Steps = 38992 | Learner Walltime = 7727.254 | Min Dist = 0.012 | Min Dist 10 = 0.079 | Min Dist 100 = 0.179 | Min Dist 1000 = 0.195 | Steps Per Second = 81.674 | Success = 1.000 | Success 1000 = 0.986
I0502 17:15:05.239307 139555860620864 terminal.py:91] [Actor] Actor Episodes = 50116 | Actor Steps = 2505800 | Delta Dist = 6.915 | Delta Dist 10 = 5.597 | Delta Dist 100 = 4.353 | Delta Dist 1000 = 4.522 | Episode Length = 50 | Episode Return = 50.0 | Evaluator Episodes = 12715 | Evaluator Steps = 635750 | Final Dist = 0.296 | Final Dist 10 = 0.525 | Final Dist 100 = 1.535 | Final Dist 1000 = 1.377 | Init Dist = 7.211 | Init Dist 10 = 6.122 | Init Dist 100 = 5.888 | Init Dist 1000 = 5.899 | Learner Steps = 38997 | Learner Walltime = 7728.380 | Min Dist = 0.217 | Min Dist 10 = 0.046 | Min Dist 100 = 0.171 | Min Dist 1000 = 0.194 | Steps Per Second = 97.463 | Success = 1.000 | Success 1000 = 0.986
I0502 17:15:05.369387 139579566835264 terminal.py:91] [Evaluator] Actor Episodes = 50119 | Actor Steps = 2505950 | Delta Dist = 11.640 | Delta Dist 10 = 11.530 | Delta Dist 100 = 11.299 | Delta Dist 1000 = 11.362 | Episode Length = 50 | Episode Return = 25.0 | Evaluator Episodes = 12717 | Evaluator Steps = 635850 | Final Dist = 1.166 | Final Dist 10 = 1.276 | Final Dist 100 = 1.507 | Final Dist 1000 = 1.444 | Init Dist = 12.806 | Init Dist 10 = 12.806 | Init Dist 100 = 12.806 | Init Dist 1000 = 12.806 | Learner Steps = 39002 | Learner Walltime = 7729.411 | Min Dist = 0.136 | Min Dist 10 = 0.598 | Min Dist 100 = 0.761 | Min Dist 1000 = 0.777 | Steps Per Second = 80.465 | Success = 1.000 | Success 1000 = 0.851
I0502 17:15:06.597732 139579566835264 terminal.py:91] [Evaluator] Actor Episodes = 50127 | Actor Steps = 2506350 | Delta Dist = 7.095 | Delta Dist 10 = 11.800 | Delta Dist 100 = 11.293 | Delta Dist 1000 = 11.362 | Episode Length = 50 | Episode Return = 0.0 | Evaluator Episodes = 12719 | Evaluator Steps = 635950 | Final Dist = 5.712 | Final Dist 10 = 1.006 | Final Dist 100 = 1.513 | Final Dist 1000 = 1.444 | Init Dist = 12.806 | Init Dist 10 = 12.806 | Init Dist 100 = 12.806 | Init Dist 1000 = 12.806 | Learner Steps = 39008 | Learner Walltime = 7730.561 | Min Dist = 5.008 | Min Dist 10 = 0.223 | Min Dist 100 = 0.755 | Min Dist 1000 = 0.777 | Steps Per Second = 85.579 | Success = 0.000 | Success 1000 = 0.851
I0502 17:15:07.835798 139579566835264 terminal.py:91] [Evaluator] Actor Episodes = 50135 | Actor Steps = 2506750 | Delta Dist = 11.625 | Delta Dist 10 = 10.919 | Delta Dist 100 = 11.197 | Delta Dist 1000 = 11.351 | Episode Length = 50 | Episode Return = 17.0 | Evaluator Episodes = 12721 | Evaluator Steps = 636050 | Final Dist = 1.181 | Final Dist 10 = 1.887 | Final Dist 100 = 1.610 | Final Dist 1000 = 1.455 | Init Dist = 12.806 | Init Dist 10 = 12.806 | Init Dist 100 = 12.806 | Init Dist 1000 = 12.806 | Learner Steps = 39014 | Learner Walltime = 7731.621 | Min Dist = 0.142 | Min Dist 10 = 1.248 | Min Dist 100 = 0.856 | Min Dist 1000 = 0.787 | Steps Per Second = 75.580 | Success = 1.000 | Success 1000 = 0.849
I0502 17:15:09.130287 139579566835264 terminal.py:91] [Evaluator] Actor Episodes = 50143 | Actor Steps = 2507150 | Delta Dist = 12.523 | Delta Dist 10 = 10.724 | Delta Dist 100 = 11.197 | Delta Dist 1000 = 11.350 | Episode Length = 50 | Episode Return = 23.0 | Evaluator Episodes = 12723 | Evaluator Steps = 636150 | Final Dist = 0.283 | Final Dist 10 = 2.083 | Final Dist 100 = 1.610 | Final Dist 1000 = 1.456 | Init Dist = 12.806 | Init Dist 10 = 12.806 | Init Dist 100 = 12.806 | Init Dist 1000 = 12.806 | Learner Steps = 39020 | Learner Walltime = 7732.749 | Min Dist = 0.230 | Min Dist 10 = 1.357 | Min Dist 100 = 0.860 | Min Dist 1000 = 0.788 | Steps Per Second = 69.859 | Success = 1.000 | Success 1000 = 0.848
I0502 17:15:09.498044 139584504182336 lp_utils.py:96] StepsLimiter: Reached 2507350 recorded steps
I0502 17:15:09.662037 139569349502528 terminal.py:91] [Actor] Actor Episodes = 50144 | Actor Steps = 2507200 | Delta Dist = 0.646 | Delta Dist 10 = 2.226 | Delta Dist 100 = 4.191 | Delta Dist 1000 = 4.502 | Episode Length = 50 | Episode Return = 20.0 | Evaluator Episodes = 12721 | Evaluator Steps = 636050 | Final Dist = 0.354 | Final Dist 10 = 2.860 | Final Dist 100 = 1.456 | Final Dist 1000 = 1.388 | Init Dist = 1.000 | Init Dist 10 = 5.086 | Init Dist 100 = 5.648 | Init Dist 1000 = 5.890 | Learner Steps = 39020 | Learner Walltime = 7732.749 | Min Dist = 0.039 | Min Dist 10 = 0.083 | Min Dist 100 = 0.090 | Min Dist 1000 = 0.188 | Steps Per Second = 67.812 | Success = 1.000 | Success 1000 = 0.987
I0502 17:15:10.533121 139579566835264 terminal.py:91] [Evaluator] Actor Episodes = 50151 | Actor Steps = 2507550 | Delta Dist = 11.337 | Delta Dist 10 = 10.740 | Delta Dist 100 = 11.205 | Delta Dist 1000 = 11.349 | Episode Length = 50 | Episode Return = 24.0 | Evaluator Episodes = 12725 | Evaluator Steps = 636250 | Final Dist = 1.470 | Final Dist 10 = 2.067 | Final Dist 100 = 1.601 | Final Dist 1000 = 1.457 | Init Dist = 12.806 | Init Dist 10 = 12.806 | Init Dist 100 = 12.806 | Init Dist 1000 = 12.806 | Learner Steps = 39024 | Learner Walltime = 7733.783 | Min Dist = 0.078 | Min Dist 10 = 1.271 | Min Dist 100 = 0.862 | Min Dist 1000 = 0.788 | Steps Per Second = 75.903 | Success = 1.000 | Success 1000 = 0.848
I0502 17:15:11.774386 139579566835264 terminal.py:91] [Evaluator] Actor Episodes = 50159 | Actor Steps = 2507950 | Delta Dist = 10.744 | Delta Dist 10 = 10.141 | Delta Dist 100 = 11.159 | Delta Dist 1000 = 11.344 | Episode Length = 50 | Episode Return = 16.0 | Evaluator Episodes = 12727 | Evaluator Steps = 636350 | Final Dist = 2.063 | Final Dist 10 = 2.665 | Final Dist 100 = 1.647 | Final Dist 1000 = 1.462 | Init Dist = 12.806 | Init Dist 10 = 12.806 | Init Dist 100 = 12.806 | Init Dist 1000 = 12.806 | Learner Steps = 39029 | Learner Walltime = 7735.028 | Min Dist = 0.145 | Min Dist 10 = 1.791 | Min Dist 100 = 0.908 | Min Dist 1000 = 0.793 | Steps Per Second = 76.574 | Success = 1.000 | Success 1000 = 0.847
I0502 17:15:12.683857 139558059398720 terminal.py:91] [Actor] Actor Episodes = 50164 | Actor Steps = 2508200 | Delta Dist = 5.886 | Delta Dist 10 = 4.731 | Delta Dist 100 = 4.228 | Delta Dist 1000 = 4.511 | Episode Length = 50 | Episode Return = 47.0 | Evaluator Episodes = 12727 | Evaluator Steps = 636350 | Final Dist = 0.439 | Final Dist 10 = 0.884 | Final Dist 100 = 1.318 | Final Dist 1000 = 1.390 | Init Dist = 6.325 | Init Dist 10 = 5.615 | Init Dist 100 = 5.546 | Init Dist 1000 = 5.901 | Learner Steps = 39035 | Learner Walltime = 7736.141 | Min Dist = 0.015 | Min Dist 10 = 0.064 | Min Dist 100 = 0.082 | Min Dist 1000 = 0.187 | Steps Per Second = 79.567 | Success = 1.000 | Success 1000 = 0.987
I0502 17:15:12.971249 139555013154368 terminal.py:91] [Learner] Actor Episodes = 50169 | Actor Loss = 3.6255295276641846 | Actor Steps = 2508450 | Binary Accuracy = 0.9960784912109375 | Categorical Accuracy = 0.42315673828125 | Critic Loss = 1.7411234378814697 | Entropy Mean = -22.526418685913086 | Evaluator Episodes = 12727 | Evaluator Steps = 636350 | Learner Steps = 39040 | Learner Walltime = 7737.163 | Logits Neg = -17.280120849609375 | Logits Pos = -1.723417043685913 | Logsumexp = 1.0641839504241943 | Steps Per Second = 165.408
I0502 17:15:12.979265 139579566835264 terminal.py:91] [Evaluator] Actor Episodes = 50169 | Actor Steps = 2508450 | Delta Dist = 6.779 | Delta Dist 10 = 9.458 | Delta Dist 100 = 11.088 | Delta Dist 1000 = 11.336 | Episode Length = 50 | Episode Return = 0.0 | Evaluator Episodes = 12729 | Evaluator Steps = 636450 | Final Dist = 6.027 | Final Dist 10 = 3.348 | Final Dist 100 = 1.718 | Final Dist 1000 = 1.470 | Init Dist = 12.806 | Init Dist 10 = 12.806 | Init Dist 100 = 12.806 | Init Dist 1000 = 12.806 | Learner Steps = 39040 | Learner Walltime = 7737.163 | Min Dist = 5.293 | Min Dist 10 = 2.311 | Min Dist 100 = 0.950 | Min Dist 1000 = 0.798 | Steps Per Second = 80.183 | Success = 0.000 | Success 1000 = 0.846
I0502 17:15:14.268032 139579566835264 terminal.py:91] [Evaluator] Actor Episodes = 50175 | Actor Steps = 2508750 | Delta Dist = 12.174 | Delta Dist 10 = 9.862 | Delta Dist 100 = 11.026 | Delta Dist 1000 = 11.330 | Episode Length = 50 | Episode Return = 25.0 | Evaluator Episodes = 12731 | Evaluator Steps = 636550 | Final Dist = 0.632 | Final Dist 10 = 2.944 | Final Dist 100 = 1.780 | Final Dist 1000 = 1.476 | Init Dist = 12.806 | Init Dist 10 = 12.806 | Init Dist 100 = 12.806 | Init Dist 1000 = 12.806 | Learner Steps = 39040 | Learner Walltime = 7737.163 | Min Dist = 0.224 | Min Dist 10 = 1.820 | Min Dist 100 = 1.003 | Min Dist 1000 = 0.804 | Steps Per Second = 81.271 | Success = 1.000 | Success 1000 = 0.845
I0502 17:15:14.909571 139557462840896 terminal.py:91] [Actor] Actor Episodes = 50181 | Actor Steps = 2509050 | Delta Dist = 5.141 | Delta Dist 10 = 4.650 | Delta Dist 100 = 4.224 | Delta Dist 1000 = 4.516 | Episode Length = 50 | Episode Return = 29.0 | Evaluator Episodes = 12731 | Evaluator Steps = 636550 | Final Dist = 2.070 | Final Dist 10 = 1.558 | Final Dist 100 = 1.296 | Final Dist 1000 = 1.395 | Init Dist = 7.211 | Init Dist 10 = 6.208 | Init Dist 100 = 5.520 | Init Dist 1000 = 5.911 | Learner Steps = 39047 | Learner Walltime = 7738.521 | Min Dist = 0.073 | Min Dist 10 = 0.598 | Min Dist 100 = 0.140 | Min Dist 1000 = 0.193 | Steps Per Second = 73.320 | Success = 1.000 | Success 1000 = 0.986
I0502 17:15:15.617358 139579566835264 terminal.py:91] [Evaluator] Actor Episodes = 50183 | Actor Steps = 2509150 | Delta Dist = 10.826 | Delta Dist 10 = 10.072 | Delta Dist 100 = 11.036 | Delta Dist 1000 = 11.331 | Episode Length = 50 | Episode Return = 20.0 | Evaluator Episodes = 12733 | Evaluator Steps = 636650 | Final Dist = 1.980 | Final Dist 10 = 2.735 | Final Dist 100 = 1.770 | Final Dist 1000 = 1.476 | Init Dist = 12.806 | Init Dist 10 = 12.806 | Init Dist 100 = 12.806 | Init Dist 1000 = 12.806 | Learner Steps = 39053 | Learner Walltime = 7739.617 | Min Dist = 0.064 | Min Dist 10 = 1.696 | Min Dist 100 = 1.000 | Min Dist 1000 = 0.803 | Steps Per Second = 72.461 | Success = 1.000 | Success 1000 = 0.845
I0502 17:15:15.621360 139555860620864 terminal.py:91] [Actor] Actor Episodes = 50185 | Actor Steps = 2509250 | Delta Dist = -1.771 | Delta Dist 10 = 3.875 | Delta Dist 100 = 4.193 | Delta Dist 1000 = 4.527 | Episode Length = 50 | Episode Return = 0.0 | Evaluator Episodes = 12733 | Evaluator Steps = 636650 | Final Dist = 8.842 | Final Dist 10 = 1.870 | Final Dist 100 = 1.383 | Final Dist 1000 = 1.381 | Init Dist = 7.071 | Init Dist 10 = 5.745 | Init Dist 100 = 5.575 | Init Dist 1000 = 5.908 | Learner Steps = 39053 | Learner Walltime = 7739.617 | Min Dist = 0.124 | Min Dist 10 = 0.524 | Min Dist 100 = 0.187 | Min Dist 1000 = 0.195 | Steps Per Second = 71.076 | Success = 1.000 | Success 1000 = 0.985
I0502 17:15:16.996572 139579566835264 terminal.py:91] [Evaluator] Actor Episodes = 50193 | Actor Steps = 2509650 | Delta Dist = 12.263 | Delta Dist 10 = 10.000 | Delta Dist 100 = 11.082 | Delta Dist 1000 = 11.330 | Episode Length = 50 | Episode Return = 16.0 | Evaluator Episodes = 12735 | Evaluator Steps = 636750 | Final Dist = 0.543 | Final Dist 10 = 2.806 | Final Dist 100 = 1.725 | Final Dist 1000 = 1.476 | Init Dist = 12.806 | Init Dist 10 = 12.806 | Init Dist 100 = 12.806 | Init Dist 1000 = 12.806 | Learner Steps = 39058 | Learner Walltime = 7740.641 | Min Dist = 0.088 | Min Dist 10 = 1.683 | Min Dist 100 = 0.947 | Min Dist 1000 = 0.802 | Steps Per Second = 75.581 | Success = 1.000 | Success 1000 = 0.845
I0502 17:15:18.280510 139579566835264 terminal.py:91] [Evaluator] Actor Episodes = 50201 | Actor Steps = 2510050 | Delta Dist = 11.256 | Delta Dist 10 = 10.636 | Delta Dist 100 = 11.070 | Delta Dist 1000 = 11.330 | Episode Length = 50 | Episode Return = 12.0 | Evaluator Episodes = 12737 | Evaluator Steps = 636850 | Final Dist = 1.551 | Final Dist 10 = 2.171 | Final Dist 100 = 1.736 | Final Dist 1000 = 1.476 | Init Dist = 12.806 | Init Dist 10 = 12.806 | Init Dist 100 = 12.806 | Init Dist 1000 = 12.806 | Learner Steps = 39062 | Learner Walltime = 7741.670 | Min Dist = 0.381 | Min Dist 10 = 1.247 | Min Dist 100 = 0.950 | Min Dist 1000 = 0.802 | Steps Per Second = 73.070 | Success = 1.000 | Success 1000 = 0.846
I0502 17:15:19.470162 139579566835264 terminal.py:91] [Evaluator] Actor Episodes = 50207 | Actor Steps = 2510350 | Delta Dist = 12.519 | Delta Dist 10 = 11.351 | Delta Dist 100 = 11.073 | Delta Dist 1000 = 11.330 | Episode Length = 50 | Episode Return = 15.0 | Evaluator Episodes = 12739 | Evaluator Steps = 636950 | Final Dist = 0.287 | Final Dist 10 = 1.455 | Final Dist 100 = 1.733 | Final Dist 1000 = 1.476 | Init Dist = 12.806 | Init Dist 10 = 12.806 | Init Dist 100 = 12.806 | Init Dist 1000 = 12.806 | Learner Steps = 39068 | Learner Walltime = 7743.051 | Min Dist = 0.287 | Min Dist 10 = 0.749 | Min Dist 100 = 0.954 | Min Dist 1000 = 0.802 | Steps Per Second = 101.554 | Success = 1.000 | Success 1000 = 0.846
I0502 17:15:19.518035 139584504182336 lp_utils.py:96] StepsLimiter: Reached 2510350 recorded steps
I0502 17:15:20.010950 139569349502528 terminal.py:91] [Actor] Actor Episodes = 50208 | Actor Steps = 2510400 | Delta Dist = 6.814 | Delta Dist 10 = 2.551 | Delta Dist 100 = 4.100 | Delta Dist 1000 = 4.508 | Episode Length = 50 | Episode Return = 20.0 | Evaluator Episodes = 12737 | Evaluator Steps = 636850 | Final Dist = 0.397 | Final Dist 10 = 1.244 | Final Dist 100 = 1.302 | Final Dist 1000 = 1.353 | Init Dist = 7.211 | Init Dist 10 = 3.795 | Init Dist 100 = 5.403 | Init Dist 1000 = 5.862 | Learner Steps = 39068 | Learner Walltime = 7743.051 | Min Dist = 0.397 | Min Dist 10 = 0.085 | Min Dist 100 = 0.183 | Min Dist 1000 = 0.186 | Steps Per Second = 87.718 | Success = 1.000 | Success 1000 = 0.986
I0502 17:15:20.702885 139579566835264 terminal.py:91] [Evaluator] Actor Episodes = 50215 | Actor Steps = 2510750 | Delta Dist = 9.271 | Delta Dist 10 = 11.928 | Delta Dist 100 = 11.065 | Delta Dist 1000 = 11.336 | Episode Length = 50 | Episode Return = 0.0 | Evaluator Episodes = 12741 | Evaluator Steps = 637050 | Final Dist = 3.535 | Final Dist 10 = 0.878 | Final Dist 100 = 1.741 | Final Dist 1000 = 1.471 | Init Dist = 12.806 | Init Dist 10 = 12.806 | Init Dist 100 = 12.806 | Init Dist 1000 = 12.806 | Learner Steps = 39075 | Learner Walltime = 7744.344 | Min Dist = 3.535 | Min Dist 10 = 0.226 | Min Dist 100 = 0.955 | Min Dist 1000 = 0.797 | Steps Per Second = 82.179 | Success = 0.000 | Success 1000 = 0.847
I0502 17:15:21.972127 139579566835264 terminal.py:91] [Evaluator] Actor Episodes = 50223 | Actor Steps = 2511150 | Delta Dist = 12.273 | Delta Dist 10 = 11.661 | Delta Dist 100 = 11.057 | Delta Dist 1000 = 11.334 | Episode Length = 50 | Episode Return = 11.0 | Evaluator Episodes = 12743 | Evaluator Steps = 637150 | Final Dist = 0.533 | Final Dist 10 = 1.145 | Final Dist 100 = 1.749 | Final Dist 1000 = 1.472 | Init Dist = 12.806 | Init Dist 10 = 12.806 | Init Dist 100 = 12.806 | Init Dist 1000 = 12.806 | Learner Steps = 39080 | Learner Walltime = 7745.523 | Min Dist = 0.150 | Min Dist 10 = 0.555 | Min Dist 100 = 0.984 | Min Dist 1000 = 0.799 | Steps Per Second = 76.119 | Success = 1.000 | Success 1000 = 0.847
I0502 17:15:23.345034 139558059398720 terminal.py:91] [Actor] Actor Episodes = 50228 | Actor Steps = 2511400 | Delta Dist = 8.860 | Delta Dist 10 = 3.137 | Delta Dist 100 = 3.863 | Delta Dist 1000 = 4.485 | Episode Length = 50 | Episode Return = 44.0 | Evaluator Episodes = 12743 | Evaluator Steps = 637150 | Final Dist = 0.084 | Final Dist 10 = 1.717 | Final Dist 100 = 1.514 | Final Dist 1000 = 1.357 | Init Dist = 8.944 | Init Dist 10 = 4.854 | Init Dist 100 = 5.377 | Init Dist 1000 = 5.843 | Learner Steps = 39080 | Learner Walltime = 7745.523 | Min Dist = 0.027 | Min Dist 10 = 0.482 | Min Dist 100 = 0.226 | Min Dist 1000 = 0.184 | Steps Per Second = 67.053 | Success = 1.000 | Success 1000 = 0.986
I0502 17:15:23.355567 139579566835264 terminal.py:91] [Evaluator] Actor Episodes = 50229 | Actor Steps = 2511450 | Delta Dist = 11.786 | Delta Dist 10 = 11.707 | Delta Dist 100 = 11.118 | Delta Dist 1000 = 11.334 | Episode Length = 50 | Episode Return = 15.0 | Evaluator Episodes = 12745 | Evaluator Steps = 637250 | Final Dist = 1.020 | Final Dist 10 = 1.099 | Final Dist 100 = 1.688 | Final Dist 1000 = 1.472 | Init Dist = 12.806 | Init Dist 10 = 12.806 | Init Dist 100 = 12.806 | Init Dist 1000 = 12.806 | Learner Steps = 39086 | Learner Walltime = 7746.897 | Min Dist = 0.484 | Min Dist 10 = 0.609 | Min Dist 100 = 0.937 | Min Dist 1000 = 0.800 | Steps Per Second = 73.245 | Success = 1.000 | Success 1000 = 0.847
I0502 17:15:23.500963 139555013154368 terminal.py:91] [Learner] Actor Episodes = 50227 | Actor Loss = 3.620563507080078 | Actor Steps = 2511350 | Binary Accuracy = 0.9960575103759766 | Categorical Accuracy = 0.41070556640625 | Critic Loss = 1.828953742980957 | Entropy Mean = -22.97723388671875 | Evaluator Episodes = 12743 | Evaluator Steps = 637150 | Learner Steps = 39090 | Learner Walltime = 7747.696 | Logits Neg = -17.13591957092285 | Logits Pos = -1.8052639961242676 | Logsumexp = 1.162922978401184 | Steps Per Second = 118.051
I0502 17:15:24.600491 139579566835264 terminal.py:91] [Evaluator] Actor Episodes = 50237 | Actor Steps = 2511850 | Delta Dist = 11.617 | Delta Dist 10 = 11.690 | Delta Dist 100 = 11.235 | Delta Dist 1000 = 11.335 | Episode Length = 50 | Episode Return = 23.0 | Evaluator Episodes = 12747 | Evaluator Steps = 637350 | Final Dist = 1.189 | Final Dist 10 = 1.116 | Final Dist 100 = 1.571 | Final Dist 1000 = 1.472 | Init Dist = 12.806 | Init Dist 10 = 12.806 | Init Dist 100 = 12.806 | Init Dist 1000 = 12.806 | Learner Steps = 39093 | Learner Walltime = 7748.331 | Min Dist = 0.111 | Min Dist 10 = 0.644 | Min Dist 100 = 0.845 | Min Dist 1000 = 0.800 | Steps Per Second = 80.631 | Success = 1.000 | Success 1000 = 0.847
I0502 17:15:25.343964 139557462840896 terminal.py:91] [Actor] Actor Episodes = 50245 | Actor Steps = 2512250 | Delta Dist = 0.364 | Delta Dist 10 = 5.877 | Delta Dist 100 = 4.396 | Delta Dist 1000 = 4.494 | Episode Length = 50 | Episode Return = 23.0 | Evaluator Episodes = 12747 | Evaluator Steps = 637350 | Final Dist = 7.252 | Final Dist 10 = 1.434 | Final Dist 100 = 1.318 | Final Dist 1000 = 1.364 | Init Dist = 7.616 | Init Dist 10 = 7.310 | Init Dist 100 = 5.714 | Init Dist 1000 = 5.858 | Learner Steps = 39093 | Learner Walltime = 7748.331 | Min Dist = 0.089 | Min Dist 10 = 0.175 | Min Dist 100 = 0.233 | Min Dist 1000 = 0.185 | Steps Per Second = 75.909 | Success = 1.000 | Success 1000 = 0.986
I0502 17:15:25.865534 139579566835264 terminal.py:91] [Evaluator] Actor Episodes = 50245 | Actor Steps = 2512250 | Delta Dist = 11.225 | Delta Dist 10 = 11.349 | Delta Dist 100 = 11.244 | Delta Dist 1000 = 11.331 | Episode Length = 50 | Episode Return = 0.0 | Evaluator Episodes = 12749 | Evaluator Steps = 637450 | Final Dist = 1.581 | Final Dist 10 = 1.458 | Final Dist 100 = 1.562 | Final Dist 1000 = 1.476 | Init Dist = 12.806 | Init Dist 10 = 12.806 | Init Dist 100 = 12.806 | Init Dist 1000 = 12.806 | Learner Steps = 39100 | Learner Walltime = 7749.662 | Min Dist = 1.581 | Min Dist 10 = 1.027 | Min Dist 100 = 0.838 | Min Dist 1000 = 0.805 | Steps Per Second = 80.449 | Success = 0.000 | Success 1000 = 0.846
I0502 17:15:26.083892 139555860620864 terminal.py:91] [Actor] Actor Episodes = 50249 | Actor Steps = 2512450 | Delta Dist = -1.458 | Delta Dist 10 = 4.114 | Delta Dist 100 = 4.271 | Delta Dist 1000 = 4.469 | Episode Length = 50 | Episode Return = 18.0 | Evaluator Episodes = 12749 | Evaluator Steps = 637450 | Final Dist = 9.943 | Final Dist 10 = 2.161 | Final Dist 100 = 1.482 | Final Dist 1000 = 1.378 | Init Dist = 8.485 | Init Dist 10 = 6.276 | Init Dist 100 = 5.753 | Init Dist 1000 = 5.846 | Learner Steps = 39100 | Learner Walltime = 7749.662 | Min Dist = 0.023 | Min Dist 10 = 0.130 | Min Dist 100 = 0.231 | Min Dist 1000 = 0.185 | Steps Per Second = 82.733 | Success = 1.000 | Success 1000 = 0.986
I0502 17:15:27.077761 139579566835264 terminal.py:91] [Evaluator] Actor Episodes = 50253 | Actor Steps = 2512650 | Delta Dist = 11.622 | Delta Dist 10 = 11.323 | Delta Dist 100 = 11.304 | Delta Dist 1000 = 11.331 | Episode Length = 50 | Episode Return = 9.0 | Evaluator Episodes = 12751 | Evaluator Steps = 637550 | Final Dist = 1.184 | Final Dist 10 = 1.483 | Final Dist 100 = 1.503 | Final Dist 1000 = 1.475 | Init Dist = 12.806 | Init Dist 10 = 12.806 | Init Dist 100 = 12.806 | Init Dist 1000 = 12.806 | Learner Steps = 39106 | Learner Walltime = 7750.862 | Min Dist = 0.328 | Min Dist 10 = 1.155 | Min Dist 100 = 0.802 | Min Dist 1000 = 0.806 | Steps Per Second = 78.472 | Success = 1.000 | Success 1000 = 0.845
I0502 17:15:28.370569 139579566835264 terminal.py:91] [Evaluator] Actor Episodes = 50261 | Actor Steps = 2513050 | Delta Dist = 11.974 | Delta Dist 10 = 11.469 | Delta Dist 100 = 11.295 | Delta Dist 1000 = 11.331 | Episode Length = 50 | Episode Return = 17.0 | Evaluator Episodes = 12753 | Evaluator Steps = 637650 | Final Dist = 0.833 | Final Dist 10 = 1.337 | Final Dist 100 = 1.511 | Final Dist 1000 = 1.476 | Init Dist = 12.806 | Init Dist 10 = 12.806 | Init Dist 100 = 12.806 | Init Dist 1000 = 12.806 | Learner Steps = 39112 | Learner Walltime = 7752.051 | Min Dist = 0.140 | Min Dist 10 = 0.880 | Min Dist 100 = 0.805 | Min Dist 1000 = 0.805 | Steps Per Second = 79.916 | Success = 1.000 | Success 1000 = 0.846
I0502 17:15:29.540959 139584504182336 lp_utils.py:96] StepsLimiter: Reached 2513450 recorded steps
I0502 17:15:29.783397 139579566835264 terminal.py:91] [Evaluator] Actor Episodes = 50269 | Actor Steps = 2513450 | Delta Dist = 12.609 | Delta Dist 10 = 11.554 | Delta Dist 100 = 11.291 | Delta Dist 1000 = 11.332 | Episode Length = 50 | Episode Return = 19.0 | Evaluator Episodes = 12755 | Evaluator Steps = 637750 | Final Dist = 0.197 | Final Dist 10 = 1.252 | Final Dist 100 = 1.515 | Final Dist 1000 = 1.474 | Init Dist = 12.806 | Init Dist 10 = 12.806 | Init Dist 100 = 12.806 | Init Dist 1000 = 12.806 | Learner Steps = 39118 | Learner Walltime = 7753.552 | Min Dist = 0.155 | Min Dist 10 = 0.839 | Min Dist 100 = 0.806 | Min Dist 1000 = 0.806 | Steps Per Second = 73.286 | Success = 1.000 | Success 1000 = 0.846
I0502 17:15:30.607695 139569349502528 terminal.py:91] [Actor] Actor Episodes = 50272 | Actor Steps = 2513600 | Delta Dist = 2.610 | Delta Dist 10 = 5.187 | Delta Dist 100 = 4.168 | Delta Dist 1000 = 4.467 | Episode Length = 50 | Episode Return = 13.0 | Evaluator Episodes = 12755 | Evaluator Steps = 637750 | Final Dist = 0.995 | Final Dist 10 = 1.068 | Final Dist 100 = 1.632 | Final Dist 1000 = 1.394 | Init Dist = 3.606 | Init Dist 10 = 6.255 | Init Dist 100 = 5.800 | Init Dist 1000 = 5.860 | Learner Steps = 39118 | Learner Walltime = 7753.552 | Min Dist = 0.064 | Min Dist 10 = 0.090 | Min Dist 100 = 0.262 | Min Dist 1000 = 0.187 | Steps Per Second = 79.399 | Success = 1.000 | Success 1000 = 0.986
I0502 17:15:31.111457 139579566835264 terminal.py:91] [Evaluator] Actor Episodes = 50277 | Actor Steps = 2513850 | Delta Dist = 12.440 | Delta Dist 10 = 11.652 | Delta Dist 100 = 11.311 | Delta Dist 1000 = 11.338 | Episode Length = 50 | Episode Return = 18.0 | Evaluator Episodes = 12757 | Evaluator Steps = 637850 | Final Dist = 0.366 | Final Dist 10 = 1.155 | Final Dist 100 = 1.496 | Final Dist 1000 = 1.468 | Init Dist = 12.806 | Init Dist 10 = 12.806 | Init Dist 100 = 12.806 | Init Dist 1000 = 12.806 | Learner Steps = 39124 | Learner Walltime = 7754.908 | Min Dist = 0.161 | Min Dist 10 = 0.759 | Min Dist 100 = 0.809 | Min Dist 1000 = 0.800 | Steps Per Second = 73.703 | Success = 1.000 | Success 1000 = 0.847
I0502 17:15:31.379566 139584635659840 savers.py:156] Saving checkpoint: logs/contrastive_cpc_point_FourRooms_64/5dd72662-2788-11f0-b183-d85ed38c5779/checkpoints/counter
I0502 17:15:32.357951 139579566835264 terminal.py:91] [Evaluator] Actor Episodes = 50285 | Actor Steps = 2514250 | Delta Dist = 11.898 | Delta Dist 10 = 12.133 | Delta Dist 100 = 11.326 | Delta Dist 1000 = 11.339 | Episode Length = 50 | Episode Return = 11.0 | Evaluator Episodes = 12759 | Evaluator Steps = 637950 | Final Dist = 0.908 | Final Dist 10 = 0.673 | Final Dist 100 = 1.480 | Final Dist 1000 = 1.467 | Init Dist = 12.806 | Init Dist 10 = 12.806 | Init Dist 100 = 12.806 | Init Dist 1000 = 12.806 | Learner Steps = 39132 | Learner Walltime = 7756.257 | Min Dist = 0.205 | Min Dist 10 = 0.353 | Min Dist 100 = 0.810 | Min Dist 1000 = 0.800 | Steps Per Second = 84.248 | Success = 1.000 | Success 1000 = 0.847
I0502 17:15:33.626438 139579566835264 terminal.py:91] [Evaluator] Actor Episodes = 50293 | Actor Steps = 2514650 | Delta Dist = 12.157 | Delta Dist 10 = 12.166 | Delta Dist 100 = 11.332 | Delta Dist 1000 = 11.340 | Episode Length = 50 | Episode Return = 24.0 | Evaluator Episodes = 12761 | Evaluator Steps = 638050 | Final Dist = 0.649 | Final Dist 10 = 0.640 | Final Dist 100 = 1.475 | Final Dist 1000 = 1.466 | Init Dist = 12.806 | Init Dist 10 = 12.806 | Init Dist 100 = 12.806 | Init Dist 1000 = 12.806 | Learner Steps = 39137 | Learner Walltime = 7757.408 | Min Dist = 0.188 | Min Dist 10 = 0.216 | Min Dist 100 = 0.800 | Min Dist 1000 = 0.800 | Steps Per Second = 80.889 | Success = 1.000 | Success 1000 = 0.847
I0502 17:15:33.782747 139558059398720 terminal.py:91] [Actor] Actor Episodes = 50294 | Actor Steps = 2514700 | Delta Dist = 7.597 | Delta Dist 10 = 4.171 | Delta Dist 100 = 4.186 | Delta Dist 1000 = 4.446 | Episode Length = 50 | Episode Return = 33.0 | Evaluator Episodes = 12759 | Evaluator Steps = 637950 | Final Dist = 0.019 | Final Dist 10 = 1.871 | Final Dist 100 = 1.624 | Final Dist 1000 = 1.398 | Init Dist = 7.616 | Init Dist 10 = 6.041 | Init Dist 100 = 5.810 | Init Dist 1000 = 5.844 | Learner Steps = 39132 | Learner Walltime = 7756.257 | Min Dist = 0.019 | Min Dist 10 = 0.294 | Min Dist 100 = 0.239 | Min Dist 1000 = 0.188 | Steps Per Second = 74.139 | Success = 1.000 | Success 1000 = 0.986
I0502 17:15:33.916596 139555013154368 terminal.py:91] [Learner] Actor Episodes = 50293 | Actor Loss = 3.6934614181518555 | Actor Steps = 2514650 | Binary Accuracy = 0.9960522651672363 | Categorical Accuracy = 0.4395751953125 | Critic Loss = 1.7085195779800415 | Entropy Mean = -23.86522674560547 | Evaluator Episodes = 12759 | Evaluator Steps = 637950 | Learner Steps = 39141 | Learner Walltime = 7758.114 | Logits Neg = -17.630077362060547 | Logits Pos = -1.6748318672180176 | Logsumexp = 1.0613605976104736 | Steps Per Second = 148.736
I0502 17:15:34.845764 139579566835264 terminal.py:91] [Evaluator] Actor Episodes = 50301 | Actor Steps = 2515050 | Delta Dist = 12.326 | Delta Dist 10 = 12.222 | Delta Dist 100 = 11.382 | Delta Dist 1000 = 11.340 | Episode Length = 50 | Episode Return = 34.0 | Evaluator Episodes = 12763 | Evaluator Steps = 638150 | Final Dist = 0.481 | Final Dist 10 = 0.584 | Final Dist 100 = 1.425 | Final Dist 1000 = 1.466 | Init Dist = 12.806 | Init Dist 10 = 12.806 | Init Dist 100 = 12.806 | Init Dist 1000 = 12.806 | Learner Steps = 39144 | Learner Walltime = 7758.771 | Min Dist = 0.481 | Min Dist 10 = 0.154 | Min Dist 100 = 0.748 | Min Dist 1000 = 0.799 | Steps Per Second = 81.517 | Success = 1.000 | Success 1000 = 0.847
I0502 17:15:35.989432 139557462840896 terminal.py:91] [Actor] Actor Episodes = 50308 | Actor Steps = 2515400 | Delta Dist = 1.781 | Delta Dist 10 = 4.614 | Delta Dist 100 = 4.409 | Delta Dist 1000 = 4.448 | Episode Length = 50 | Episode Return = 35.0 | Evaluator Episodes = 12763 | Evaluator Steps = 638150 | Final Dist = 0.219 | Final Dist 10 = 1.768 | Final Dist 100 = 1.690 | Final Dist 1000 = 1.412 | Init Dist = 2.000 | Init Dist 10 = 6.382 | Init Dist 100 = 6.099 | Init Dist 1000 = 5.861 | Learner Steps = 39144 | Learner Walltime = 7758.771 | Min Dist = 0.098 | Min Dist 10 = 0.160 | Min Dist 100 = 0.248 | Min Dist 1000 = 0.189 | Steps Per Second = 71.344 | Success = 1.000 | Success 1000 = 0.987
I0502 17:15:36.105000 139579566835264 terminal.py:91] [Evaluator] Actor Episodes = 50309 | Actor Steps = 2515450 | Delta Dist = 11.413 | Delta Dist 10 = 12.155 | Delta Dist 100 = 11.387 | Delta Dist 1000 = 11.341 | Episode Length = 50 | Episode Return = 15.0 | Evaluator Episodes = 12765 | Evaluator Steps = 638250 | Final Dist = 1.393 | Final Dist 10 = 0.652 | Final Dist 100 = 1.419 | Final Dist 1000 = 1.465 | Init Dist = 12.806 | Init Dist 10 = 12.806 | Init Dist 100 = 12.806 | Init Dist 1000 = 12.806 | Learner Steps = 39151 | Learner Walltime = 7760.156 | Min Dist = 0.335 | Min Dist 10 = 0.272 | Min Dist 100 = 0.760 | Min Dist 1000 = 0.801 | Steps Per Second = 77.688 | Success = 1.000 | Success 1000 = 0.846
I0502 17:15:36.416154 139555860620864 terminal.py:91] [Actor] Actor Episodes = 50311 | Actor Steps = 2515550 | Delta Dist = 0.546 | Delta Dist 10 = 4.091 | Delta Dist 100 = 4.369 | Delta Dist 1000 = 4.442 | Episode Length = 50 | Episode Return = 22.0 | Evaluator Episodes = 12765 | Evaluator Steps = 638250 | Final Dist = 1.454 | Final Dist 10 = 1.763 | Final Dist 100 = 1.690 | Final Dist 1000 = 1.413 | Init Dist = 2.000 | Init Dist 10 = 5.853 | Init Dist 100 = 6.058 | Init Dist 1000 = 5.855 | Learner Steps = 39151 | Learner Walltime = 7760.156 | Min Dist = 0.001 | Min Dist 10 = 0.150 | Min Dist 100 = 0.249 | Min Dist 1000 = 0.189 | Steps Per Second = 81.093 | Success = 1.000 | Success 1000 = 0.987
I0502 17:15:37.343053 139579566835264 terminal.py:91] [Evaluator] Actor Episodes = 50317 | Actor Steps = 2515850 | Delta Dist = 7.034 | Delta Dist 10 = 12.072 | Delta Dist 100 = 11.438 | Delta Dist 1000 = 11.340 | Episode Length = 50 | Episode Return = 0.0 | Evaluator Episodes = 12767 | Evaluator Steps = 638350 | Final Dist = 5.772 | Final Dist 10 = 0.734 | Final Dist 100 = 1.368 | Final Dist 1000 = 1.466 | Init Dist = 12.806 | Init Dist 10 = 12.806 | Init Dist 100 = 12.806 | Init Dist 1000 = 12.806 | Learner Steps = 39156 | Learner Walltime = 7761.432 | Min Dist = 5.472 | Min Dist 10 = 0.267 | Min Dist 100 = 0.704 | Min Dist 1000 = 0.801 | Steps Per Second = 84.969 | Success = 0.000 | Success 1000 = 0.846
I0502 17:15:38.607187 139579566835264 terminal.py:91] [Evaluator] Actor Episodes = 50325 | Actor Steps = 2516250 | Delta Dist = 12.625 | Delta Dist 10 = 11.501 | Delta Dist 100 = 11.451 | Delta Dist 1000 = 11.336 | Episode Length = 50 | Episode Return = 16.0 | Evaluator Episodes = 12769 | Evaluator Steps = 638450 | Final Dist = 0.182 | Final Dist 10 = 1.305 | Final Dist 100 = 1.355 | Final Dist 1000 = 1.471 | Init Dist = 12.806 | Init Dist 10 = 12.806 | Init Dist 100 = 12.806 | Init Dist 1000 = 12.806 | Learner Steps = 39162 | Learner Walltime = 7762.652 | Min Dist = 0.172 | Min Dist 10 = 0.798 | Min Dist 100 = 0.699 | Min Dist 1000 = 0.806 | Steps Per Second = 77.849 | Success = 1.000 | Success 1000 = 0.845
I0502 17:15:39.564754 139584504182336 lp_utils.py:96] StepsLimiter: Reached 2516550 recorded steps
I0502 17:15:39.911435 139579566835264 terminal.py:91] [Evaluator] Actor Episodes = 50333 | Actor Steps = 2516650 | Delta Dist = 12.202 | Delta Dist 10 = 11.624 | Delta Dist 100 = 11.466 | Delta Dist 1000 = 11.337 | Episode Length = 50 | Episode Return = 14.0 | Evaluator Episodes = 12771 | Evaluator Steps = 638550 | Final Dist = 0.605 | Final Dist 10 = 1.182 | Final Dist 100 = 1.341 | Final Dist 1000 = 1.469 | Init Dist = 12.806 | Init Dist 10 = 12.806 | Init Dist 100 = 12.806 | Init Dist 1000 = 12.806 | Learner Steps = 39168 | Learner Walltime = 7763.871 | Min Dist = 0.046 | Min Dist 10 = 0.808 | Min Dist 100 = 0.701 | Min Dist 1000 = 0.805 | Steps Per Second = 84.737 | Success = 1.000 | Success 1000 = 0.845
I0502 17:15:40.769559 139569349502528 terminal.py:91] [Actor] Actor Episodes = 50336 | Actor Steps = 2516800 | Delta Dist = 1.150 | Delta Dist 10 = 4.582 | Delta Dist 100 = 4.317 | Delta Dist 1000 = 4.400 | Episode Length = 50 | Episode Return = 43.0 | Evaluator Episodes = 12771 | Evaluator Steps = 638550 | Final Dist = 0.264 | Final Dist 10 = 2.924 | Final Dist 100 = 1.901 | Final Dist 1000 = 1.463 | Init Dist = 1.414 | Init Dist 10 = 7.506 | Init Dist 100 = 6.218 | Init Dist 1000 = 5.863 | Learner Steps = 39168 | Learner Walltime = 7763.871 | Min Dist = 0.009 | Min Dist 10 = 0.930 | Min Dist 100 = 0.369 | Min Dist 1000 = 0.206 | Steps Per Second = 77.440 | Success = 1.000 | Success 1000 = 0.986
I0502 17:15:41.122403 139579566835264 terminal.py:91] [Evaluator] Actor Episodes = 50341 | Actor Steps = 2517050 | Delta Dist = 11.045 | Delta Dist 10 = 11.700 | Delta Dist 100 = 11.472 | Delta Dist 1000 = 11.337 | Episode Length = 50 | Episode Return = 1.0 | Evaluator Episodes = 12773 | Evaluator Steps = 638650 | Final Dist = 1.761 | Final Dist 10 = 1.106 | Final Dist 100 = 1.334 | Final Dist 1000 = 1.469 | Init Dist = 12.806 | Init Dist 10 = 12.806 | Init Dist 100 = 12.806 | Init Dist 1000 = 12.806 | Learner Steps = 39176 | Learner Walltime = 7765.154 | Min Dist = 0.809 | Min Dist 10 = 0.799 | Min Dist 100 = 0.697 | Min Dist 1000 = 0.805 | Steps Per Second = 85.771 | Success = 1.000 | Success 1000 = 0.845
I0502 17:15:42.374968 139579566835264 terminal.py:91] [Evaluator] Actor Episodes = 50349 | Actor Steps = 2517450 | Delta Dist = 12.501 | Delta Dist 10 = 11.658 | Delta Dist 100 = 11.482 | Delta Dist 1000 = 11.338 | Episode Length = 50 | Episode Return = 14.0 | Evaluator Episodes = 12775 | Evaluator Steps = 638750 | Final Dist = 0.306 | Final Dist 10 = 1.148 | Final Dist 100 = 1.325 | Final Dist 1000 = 1.469 | Init Dist = 12.806 | Init Dist 10 = 12.806 | Init Dist 100 = 12.806 | Init Dist 1000 = 12.806 | Learner Steps = 39181 | Learner Walltime = 7766.262 | Min Dist = 0.306 | Min Dist 10 = 0.766 | Min Dist 100 = 0.696 | Min Dist 1000 = 0.805 | Steps Per Second = 79.943 | Success = 1.000 | Success 1000 = 0.846
I0502 17:15:43.632381 139579566835264 terminal.py:91] [Evaluator] Actor Episodes = 50357 | Actor Steps = 2517850 | Delta Dist = 12.064 | Delta Dist 10 = 11.681 | Delta Dist 100 = 11.490 | Delta Dist 1000 = 11.337 | Episode Length = 50 | Episode Return = 21.0 | Evaluator Episodes = 12777 | Evaluator Steps = 638850 | Final Dist = 0.742 | Final Dist 10 = 1.125 | Final Dist 100 = 1.316 | Final Dist 1000 = 1.469 | Init Dist = 12.806 | Init Dist 10 = 12.806 | Init Dist 100 = 12.806 | Init Dist 1000 = 12.806 | Learner Steps = 39186 | Learner Walltime = 7767.266 | Min Dist = 0.467 | Min Dist 10 = 0.758 | Min Dist 100 = 0.696 | Min Dist 1000 = 0.805 | Steps Per Second = 83.734 | Success = 1.000 | Success 1000 = 0.846
I0502 17:15:43.929852 139558059398720 terminal.py:91] [Actor] Actor Episodes = 50358 | Actor Steps = 2517900 | Delta Dist = 9.364 | Delta Dist 10 = 4.277 | Delta Dist 100 = 4.314 | Delta Dist 1000 = 4.422 | Episode Length = 50 | Episode Return = 37.0 | Evaluator Episodes = 12775 | Evaluator Steps = 638750 | Final Dist = 0.931 | Final Dist 10 = 2.806 | Final Dist 100 = 1.881 | Final Dist 1000 = 1.455 | Init Dist = 10.296 | Init Dist 10 = 7.084 | Init Dist 100 = 6.195 | Init Dist 1000 = 5.877 | Learner Steps = 39186 | Learner Walltime = 7767.266 | Min Dist = 0.174 | Min Dist 10 = 0.214 | Min Dist 100 = 0.301 | Min Dist 1000 = 0.207 | Steps Per Second = 74.853 | Success = 1.000 | Success 1000 = 0.985
I0502 17:15:44.022742 139583350109760 savers.py:156] Saving checkpoint: logs/contrastive_cpc_point_FourRooms_64/5dd72662-2788-11f0-b183-d85ed38c5779/checkpoints/learner
I0502 17:15:44.029628 139555013154368 terminal.py:91] [Learner] Actor Episodes = 50355 | Actor Loss = 3.7200889587402344 | Actor Steps = 2517750 | Binary Accuracy = 0.9960100650787354 | Categorical Accuracy = 0.41815185546875 | Critic Loss = 1.790130853652954 | Entropy Mean = -22.59906005859375 | Evaluator Episodes = 12775 | Evaluator Steps = 638750 | Learner Steps = 39191 | Learner Walltime = 7768.227 | Logits Neg = -17.18794059753418 | Logits Pos = -1.7446706295013428 | Logsumexp = 1.1112403869628906 | Steps Per Second = 215.649
I0502 17:15:44.893439 139579566835264 terminal.py:91] [Evaluator] Actor Episodes = 50365 | Actor Steps = 2518250 | Delta Dist = 11.423 | Delta Dist 10 = 12.139 | Delta Dist 100 = 11.496 | Delta Dist 1000 = 11.336 | Episode Length = 50 | Episode Return = 1.0 | Evaluator Episodes = 12779 | Evaluator Steps = 638950 | Final Dist = 1.383 | Final Dist 10 = 0.667 | Final Dist 100 = 1.310 | Final Dist 1000 = 1.470 | Init Dist = 12.806 | Init Dist 10 = 12.806 | Init Dist 100 = 12.806 | Init Dist 1000 = 12.806 | Learner Steps = 39192 | Learner Walltime = 7768.458 | Min Dist = 0.808 | Min Dist 10 = 0.345 | Min Dist 100 = 0.702 | Min Dist 1000 = 0.806 | Steps Per Second = 82.077 | Success = 1.000 | Success 1000 = 0.846
I0502 17:15:46.252728 139557462840896 terminal.py:91] [Actor] Actor Episodes = 50372 | Actor Steps = 2518600 | Delta Dist = 5.600 | Delta Dist 10 = 4.173 | Delta Dist 100 = 4.381 | Delta Dist 1000 = 4.429 | Episode Length = 50 | Episode Return = 17.0 | Evaluator Episodes = 12779 | Evaluator Steps = 638950 | Final Dist = 0.803 | Final Dist 10 = 1.833 | Final Dist 100 = 1.884 | Final Dist 1000 = 1.468 | Init Dist = 6.403 | Init Dist 10 = 6.005 | Init Dist 100 = 6.265 | Init Dist 1000 = 5.897 | Learner Steps = 39198 | Learner Walltime = 7769.475 | Min Dist = 0.008 | Min Dist 10 = 0.095 | Min Dist 100 = 0.300 | Min Dist 1000 = 0.207 | Steps Per Second = 74.921 | Success = 1.000 | Success 1000 = 0.985
I0502 17:15:46.269252 139579566835264 terminal.py:91] [Evaluator] Actor Episodes = 50373 | Actor Steps = 2518650 | Delta Dist = 11.778 | Delta Dist 10 = 12.001 | Delta Dist 100 = 11.499 | Delta Dist 1000 = 11.335 | Episode Length = 50 | Episode Return = 10.0 | Evaluator Episodes = 12781 | Evaluator Steps = 639050 | Final Dist = 1.029 | Final Dist 10 = 0.806 | Final Dist 100 = 1.307 | Final Dist 1000 = 1.471 | Init Dist = 12.806 | Init Dist 10 = 12.806 | Init Dist 100 = 12.806 | Init Dist 1000 = 12.806 | Learner Steps = 39198 | Learner Walltime = 7769.475 | Min Dist = 0.128 | Min Dist 10 = 0.396 | Min Dist 100 = 0.698 | Min Dist 1000 = 0.807 | Steps Per Second = 70.039 | Success = 1.000 | Success 1000 = 0.846
I0502 17:15:46.549828 139555860620864 terminal.py:91] [Actor] Actor Episodes = 50375 | Actor Steps = 2518750 | Delta Dist = 1.896 | Delta Dist 10 = 4.727 | Delta Dist 100 = 4.445 | Delta Dist 1000 = 4.434 | Episode Length = 50 | Episode Return = 29.0 | Evaluator Episodes = 12781 | Evaluator Steps = 639050 | Final Dist = 0.340 | Final Dist 10 = 0.943 | Final Dist 100 = 1.885 | Final Dist 1000 = 1.468 | Init Dist = 2.236 | Init Dist 10 = 5.670 | Init Dist 100 = 6.330 | Init Dist 1000 = 5.902 | Learner Steps = 39202 | Learner Walltime = 7770.554 | Min Dist = 0.015 | Min Dist 10 = 0.081 | Min Dist 100 = 0.299 | Min Dist 1000 = 0.207 | Steps Per Second = 80.121 | Success = 1.000 | Success 1000 = 0.985
I0502 17:15:47.520164 139579566835264 terminal.py:91] [Evaluator] Actor Episodes = 50381 | Actor Steps = 2519050 | Delta Dist = 11.063 | Delta Dist 10 = 11.781 | Delta Dist 100 = 11.474 | Delta Dist 1000 = 11.334 | Episode Length = 50 | Episode Return = 3.0 | Evaluator Episodes = 12783 | Evaluator Steps = 639150 | Final Dist = 1.743 | Final Dist 10 = 1.025 | Final Dist 100 = 1.332 | Final Dist 1000 = 1.472 | Init Dist = 12.806 | Init Dist 10 = 12.806 | Init Dist 100 = 12.806 | Init Dist 1000 = 12.806 | Learner Steps = 39202 | Learner Walltime = 7770.554 | Min Dist = 0.786 | Min Dist 10 = 0.448 | Min Dist 100 = 0.702 | Min Dist 1000 = 0.807 | Steps Per Second = 81.655 | Success = 1.000 | Success 1000 = 0.846
I0502 17:15:48.766885 139579566835264 terminal.py:91] [Evaluator] Actor Episodes = 50389 | Actor Steps = 2519450 | Delta Dist = 10.775 | Delta Dist 10 = 11.704 | Delta Dist 100 = 11.472 | Delta Dist 1000 = 11.334 | Episode Length = 50 | Episode Return = 14.0 | Evaluator Episodes = 12785 | Evaluator Steps = 639250 | Final Dist = 2.031 | Final Dist 10 = 1.103 | Final Dist 100 = 1.334 | Final Dist 1000 = 1.473 | Init Dist = 12.806 | Init Dist 10 = 12.806 | Init Dist 100 = 12.806 | Init Dist 1000 = 12.806 | Learner Steps = 39214 | Learner Walltime = 7772.875 | Min Dist = 0.251 | Min Dist 10 = 0.429 | Min Dist 100 = 0.709 | Min Dist 1000 = 0.808 | Steps Per Second = 77.790 | Success = 1.000 | Success 1000 = 0.846
I0502 17:15:49.582688 139584504182336 lp_utils.py:96] StepsLimiter: Reached 2519850 recorded steps
I0502 17:15:49.918955 139579566835264 terminal.py:91] [Evaluator] Actor Episodes = 50397 | Actor Steps = 2519850 | Delta Dist = 11.289 | Delta Dist 10 = 11.619 | Delta Dist 100 = 11.470 | Delta Dist 1000 = 11.333 | Episode Length = 50 | Episode Return = 6.0 | Evaluator Episodes = 12787 | Evaluator Steps = 639350 | Final Dist = 1.517 | Final Dist 10 = 1.188 | Final Dist 100 = 1.337 | Final Dist 1000 = 1.473 | Init Dist = 12.806 | Init Dist 10 = 12.806 | Init Dist 100 = 12.806 | Init Dist 1000 = 12.806 | Learner Steps = 39220 | Learner Walltime = 7774.043 | Min Dist = 0.036 | Min Dist 10 = 0.415 | Min Dist 100 = 0.708 | Min Dist 1000 = 0.807 | Steps Per Second = 80.554 | Success = 1.000 | Success 1000 = 0.846
I0502 17:15:50.858870 139569349502528 terminal.py:91] [Actor] Actor Episodes = 50400 | Actor Steps = 2520000 | Delta Dist = 6.909 | Delta Dist 10 = 4.697 | Delta Dist 100 = 4.474 | Delta Dist 1000 = 4.412 | Episode Length = 50 | Episode Return = 36.0 | Evaluator Episodes = 12787 | Evaluator Steps = 639350 | Final Dist = 0.371 | Final Dist 10 = 1.402 | Final Dist 100 = 1.726 | Final Dist 1000 = 1.465 | Init Dist = 7.280 | Init Dist 10 = 6.099 | Init Dist 100 = 6.200 | Init Dist 1000 = 5.877 | Learner Steps = 39220 | Learner Walltime = 7774.043 | Min Dist = 0.126 | Min Dist 10 = 0.955 | Min Dist 100 = 0.354 | Min Dist 1000 = 0.216 | Steps Per Second = 74.833 | Success = 1.000 | Success 1000 = 0.985
I0502 17:15:51.144940 139579566835264 terminal.py:91] [Evaluator] Actor Episodes = 50405 | Actor Steps = 2520250 | Delta Dist = 7.427 | Delta Dist 10 = 11.538 | Delta Dist 100 = 11.458 | Delta Dist 1000 = 11.333 | Episode Length = 50 | Episode Return = 0.0 | Evaluator Episodes = 12789 | Evaluator Steps = 639450 | Final Dist = 5.379 | Final Dist 10 = 1.268 | Final Dist 100 = 1.348 | Final Dist 1000 = 1.474 | Init Dist = 12.806 | Init Dist 10 = 12.806 | Init Dist 100 = 12.806 | Init Dist 1000 = 12.806 | Learner Steps = 39226 | Learner Walltime = 7775.160 | Min Dist = 5.327 | Min Dist 10 = 0.280 | Min Dist 100 = 0.701 | Min Dist 1000 = 0.807 | Steps Per Second = 75.605 | Success = 0.000 | Success 1000 = 0.846
I0502 17:15:52.458379 139579566835264 terminal.py:91] [Evaluator] Actor Episodes = 50413 | Actor Steps = 2520650 | Delta Dist = 5.670 | Delta Dist 10 = 10.562 | Delta Dist 100 = 11.362 | Delta Dist 1000 = 11.323 | Episode Length = 50 | Episode Return = 0.0 | Evaluator Episodes = 12791 | Evaluator Steps = 639550 | Final Dist = 7.137 | Final Dist 10 = 2.244 | Final Dist 100 = 1.444 | Final Dist 1000 = 1.483 | Init Dist = 12.806 | Init Dist 10 = 12.806 | Init Dist 100 = 12.806 | Init Dist 1000 = 12.806 | Learner Steps = 39231 | Learner Walltime = 7776.291 | Min Dist = 5.153 | Min Dist 10 = 1.253 | Min Dist 100 = 0.801 | Min Dist 1000 = 0.817 | Steps Per Second = 84.170 | Success = 0.000 | Success 1000 = 0.844
I0502 17:15:53.758674 139579566835264 terminal.py:91] [Evaluator] Actor Episodes = 50421 | Actor Steps = 2521050 | Delta Dist = 12.251 | Delta Dist 10 = 9.439 | Delta Dist 100 = 11.245 | Delta Dist 1000 = 11.310 | Episode Length = 50 | Episode Return = 29.0 | Evaluator Episodes = 12793 | Evaluator Steps = 639650 | Final Dist = 0.555 | Final Dist 10 = 3.367 | Final Dist 100 = 1.561 | Final Dist 1000 = 1.496 | Init Dist = 12.806 | Init Dist 10 = 12.806 | Init Dist 100 = 12.806 | Init Dist 1000 = 12.806 | Learner Steps = 39237 | Learner Walltime = 7777.716 | Min Dist = 0.187 | Min Dist 10 = 2.238 | Min Dist 100 = 0.891 | Min Dist 1000 = 0.827 | Steps Per Second = 77.023 | Success = 1.000 | Success 1000 = 0.842
I0502 17:15:54.073187 139558059398720 terminal.py:91] [Actor] Actor Episodes = 50422 | Actor Steps = 2521100 | Delta Dist = 8.779 | Delta Dist 10 = 4.128 | Delta Dist 100 = 4.555 | Delta Dist 1000 = 4.388 | Episode Length = 50 | Episode Return = 23.0 | Evaluator Episodes = 12791 | Evaluator Steps = 639550 | Final Dist = 0.221 | Final Dist 10 = 1.245 | Final Dist 100 = 1.581 | Final Dist 1000 = 1.473 | Init Dist = 9.000 | Init Dist 10 = 5.373 | Init Dist 100 = 6.136 | Init Dist 1000 = 5.862 | Learner Steps = 39231 | Learner Walltime = 7776.291 | Min Dist = 0.220 | Min Dist 10 = 0.475 | Min Dist 100 = 0.314 | Min Dist 1000 = 0.219 | Steps Per Second = 78.381 | Success = 1.000 | Success 1000 = 0.984
I0502 17:15:54.178802 139555013154368 terminal.py:91] [Learner] Actor Episodes = 50421 | Actor Loss = 3.704986095428467 | Actor Steps = 2521050 | Binary Accuracy = 0.9960715770721436 | Categorical Accuracy = 0.42376708984375 | Critic Loss = 1.7603075504302979 | Entropy Mean = -22.589717864990234 | Evaluator Episodes = 12791 | Evaluator Steps = 639550 | Learner Steps = 39241 | Learner Walltime = 7778.377 | Logits Neg = -17.4339599609375 | Logits Pos = -1.7299718856811523 | Logsumexp = 1.1327159404754639 | Steps Per Second = 262.151
I0502 17:15:55.084548 139579566835264 terminal.py:91] [Evaluator] Actor Episodes = 50429 | Actor Steps = 2521450 | Delta Dist = 11.606 | Delta Dist 10 = 9.618 | Delta Dist 100 = 11.260 | Delta Dist 1000 = 11.311 | Episode Length = 50 | Episode Return = 24.0 | Evaluator Episodes = 12795 | Evaluator Steps = 639750 | Final Dist = 1.201 | Final Dist 10 = 3.188 | Final Dist 100 = 1.547 | Final Dist 1000 = 1.495 | Init Dist = 12.806 | Init Dist 10 = 12.806 | Init Dist 100 = 12.806 | Init Dist 1000 = 12.806 | Learner Steps = 39242 | Learner Walltime = 7778.833 | Min Dist = 0.258 | Min Dist 10 = 2.186 | Min Dist 100 = 0.894 | Min Dist 1000 = 0.827 | Steps Per Second = 75.441 | Success = 1.000 | Success 1000 = 0.842
I0502 17:15:56.302926 139579566835264 terminal.py:91] [Evaluator] Actor Episodes = 50437 | Actor Steps = 2521850 | Delta Dist = 10.525 | Delta Dist 10 = 9.616 | Delta Dist 100 = 11.248 | Delta Dist 1000 = 11.311 | Episode Length = 50 | Episode Return = 2.0 | Evaluator Episodes = 12797 | Evaluator Steps = 639850 | Final Dist = 2.282 | Final Dist 10 = 3.191 | Final Dist 100 = 1.558 | Final Dist 1000 = 1.495 | Init Dist = 12.806 | Init Dist 10 = 12.806 | Init Dist 100 = 12.806 | Init Dist 1000 = 12.806 | Learner Steps = 39249 | Learner Walltime = 7780.078 | Min Dist = 0.496 | Min Dist 10 = 2.220 | Min Dist 100 = 0.899 | Min Dist 1000 = 0.828 | Steps Per Second = 80.351 | Success = 1.000 | Success 1000 = 0.842
I0502 17:15:56.340869 139557462840896 terminal.py:91] [Actor] Actor Episodes = 50436 | Actor Steps = 2521800 | Delta Dist = 1.492 | Delta Dist 10 = 2.972 | Delta Dist 100 = 4.356 | Delta Dist 1000 = 4.390 | Episode Length = 50 | Episode Return = 2.0 | Evaluator Episodes = 12795 | Evaluator Steps = 639750 | Final Dist = 1.670 | Final Dist 10 = 3.329 | Final Dist 100 = 1.596 | Final Dist 1000 = 1.477 | Init Dist = 3.162 | Init Dist 10 = 6.302 | Init Dist 100 = 5.952 | Init Dist 1000 = 5.867 | Learner Steps = 39242 | Learner Walltime = 7778.833 | Min Dist = 0.029 | Min Dist 10 = 0.155 | Min Dist 100 = 0.228 | Min Dist 1000 = 0.220 | Steps Per Second = 87.327 | Success = 1.000 | Success 1000 = 0.984
I0502 17:15:56.689002 139555860620864 terminal.py:91] [Actor] Actor Episodes = 50439 | Actor Steps = 2521950 | Delta Dist = 3.296 | Delta Dist 10 = 3.655 | Delta Dist 100 = 4.371 | Delta Dist 1000 = 4.382 | Episode Length = 50 | Episode Return = 26.0 | Evaluator Episodes = 12797 | Evaluator Steps = 639850 | Final Dist = 0.310 | Final Dist 10 = 2.608 | Final Dist 100 = 1.562 | Final Dist 1000 = 1.477 | Init Dist = 3.606 | Init Dist 10 = 6.262 | Init Dist 100 = 5.934 | Init Dist 1000 = 5.859 | Learner Steps = 39249 | Learner Walltime = 7780.078 | Min Dist = 0.135 | Min Dist 10 = 0.149 | Min Dist 100 = 0.228 | Min Dist 1000 = 0.220 | Steps Per Second = 82.650 | Success = 1.000 | Success 1000 = 0.984
I0502 17:15:57.604428 139579566835264 terminal.py:91] [Evaluator] Actor Episodes = 50445 | Actor Steps = 2522250 | Delta Dist = 11.535 | Delta Dist 10 = 9.465 | Delta Dist 100 = 11.227 | Delta Dist 1000 = 11.309 | Episode Length = 50 | Episode Return = 18.0 | Evaluator Episodes = 12799 | Evaluator Steps = 639950 | Final Dist = 1.272 | Final Dist 10 = 3.341 | Final Dist 100 = 1.579 | Final Dist 1000 = 1.498 | Init Dist = 12.806 | Init Dist 10 = 12.806 | Init Dist 100 = 12.806 | Init Dist 1000 = 12.806 | Learner Steps = 39254 | Learner Walltime = 7781.265 | Min Dist = 0.202 | Min Dist 10 = 2.385 | Min Dist 100 = 0.915 | Min Dist 1000 = 0.829 | Steps Per Second = 76.804 | Success = 1.000 | Success 1000 = 0.841
I0502 17:15:58.860909 139579566835264 terminal.py:91] [Evaluator] Actor Episodes = 50453 | Actor Steps = 2522650 | Delta Dist = 10.940 | Delta Dist 10 = 9.905 | Delta Dist 100 = 11.174 | Delta Dist 1000 = 11.304 | Episode Length = 50 | Episode Return = 0.0 | Evaluator Episodes = 12801 | Evaluator Steps = 640050 | Final Dist = 1.866 | Final Dist 10 = 2.902 | Final Dist 100 = 1.632 | Final Dist 1000 = 1.503 | Init Dist = 12.806 | Init Dist 10 = 12.806 | Init Dist 100 = 12.806 | Init Dist 1000 = 12.806 | Learner Steps = 39261 | Learner Walltime = 7782.520 | Min Dist = 1.866 | Min Dist 10 = 1.828 | Min Dist 100 = 0.953 | Min Dist 1000 = 0.834 | Steps Per Second = 82.345 | Success = 0.000 | Success 1000 = 0.840
I0502 17:15:59.599948 139584504182336 lp_utils.py:96] StepsLimiter: Reached 2522950 recorded steps
I0502 17:16:00.014188 139579566835264 terminal.py:91] [Evaluator] Actor Episodes = 50461 | Actor Steps = 2523050 | Delta Dist = 11.547 | Delta Dist 10 = 11.086 | Delta Dist 100 = 11.169 | Delta Dist 1000 = 11.303 | Episode Length = 50 | Episode Return = 24.0 | Evaluator Episodes = 12803 | Evaluator Steps = 640150 | Final Dist = 1.259 | Final Dist 10 = 1.721 | Final Dist 100 = 1.637 | Final Dist 1000 = 1.503 | Init Dist = 12.806 | Init Dist 10 = 12.806 | Init Dist 100 = 12.806 | Init Dist 1000 = 12.806 | Learner Steps = 39267 | Learner Walltime = 7783.559 | Min Dist = 0.076 | Min Dist 10 = 0.965 | Min Dist 100 = 0.970 | Min Dist 1000 = 0.835 | Steps Per Second = 81.633 | Success = 1.000 | Success 1000 = 0.840
I0502 17:16:01.091594 139569349502528 terminal.py:91] [Actor] Actor Episodes = 50464 | Actor Steps = 2523200 | Delta Dist = 6.296 | Delta Dist 10 = 4.464 | Delta Dist 100 = 4.178 | Delta Dist 1000 = 4.390 | Episode Length = 50 | Episode Return = 5.0 | Evaluator Episodes = 12803 | Evaluator Steps = 640150 | Final Dist = 0.775 | Final Dist 10 = 1.129 | Final Dist 100 = 1.344 | Final Dist 1000 = 1.466 | Init Dist = 7.071 | Init Dist 10 = 5.593 | Init Dist 100 = 5.522 | Init Dist 1000 = 5.856 | Learner Steps = 39267 | Learner Walltime = 7783.559 | Min Dist = 0.066 | Min Dist 10 = 0.166 | Min Dist 100 = 0.226 | Min Dist 1000 = 0.222 | Steps Per Second = 74.564 | Success = 1.000 | Success 1000 = 0.983
I0502 17:16:01.277327 139579566835264 terminal.py:91] [Evaluator] Actor Episodes = 50469 | Actor Steps = 2523450 | Delta Dist = 12.444 | Delta Dist 10 = 10.936 | Delta Dist 100 = 11.162 | Delta Dist 1000 = 11.302 | Episode Length = 50 | Episode Return = 12.0 | Evaluator Episodes = 12805 | Evaluator Steps = 640250 | Final Dist = 0.363 | Final Dist 10 = 1.870 | Final Dist 100 = 1.644 | Final Dist 1000 = 1.504 | Init Dist = 12.806 | Init Dist 10 = 12.806 | Init Dist 100 = 12.806 | Init Dist 1000 = 12.806 | Learner Steps = 39272 | Learner Walltime = 7784.682 | Min Dist = 0.349 | Min Dist 10 = 0.937 | Min Dist 100 = 0.961 | Min Dist 1000 = 0.834 | Steps Per Second = 73.281 | Success = 1.000 | Success 1000 = 0.840
I0502 17:16:02.505158 139579566835264 terminal.py:91] [Evaluator] Actor Episodes = 50477 | Actor Steps = 2523850 | Delta Dist = 11.812 | Delta Dist 10 = 11.073 | Delta Dist 100 = 11.171 | Delta Dist 1000 = 11.304 | Episode Length = 50 | Episode Return = 31.0 | Evaluator Episodes = 12807 | Evaluator Steps = 640350 | Final Dist = 0.995 | Final Dist 10 = 1.733 | Final Dist 100 = 1.635 | Final Dist 1000 = 1.502 | Init Dist = 12.806 | Init Dist 10 = 12.806 | Init Dist 100 = 12.806 | Init Dist 1000 = 12.806 | Learner Steps = 39279 | Learner Walltime = 7786.124 | Min Dist = 0.290 | Min Dist 10 = 0.950 | Min Dist 100 = 0.965 | Min Dist 1000 = 0.834 | Steps Per Second = 89.381 | Success = 1.000 | Success 1000 = 0.840
I0502 17:16:03.739396 139579566835264 terminal.py:91] [Evaluator] Actor Episodes = 50485 | Actor Steps = 2524250 | Delta Dist = 12.387 | Delta Dist 10 = 11.326 | Delta Dist 100 = 11.206 | Delta Dist 1000 = 11.304 | Episode Length = 50 | Episode Return = 7.0 | Evaluator Episodes = 12809 | Evaluator Steps = 640450 | Final Dist = 0.420 | Final Dist 10 = 1.480 | Final Dist 100 = 1.600 | Final Dist 1000 = 1.503 | Init Dist = 12.806 | Init Dist 10 = 12.806 | Init Dist 100 = 12.806 | Init Dist 1000 = 12.806 | Learner Steps = 39286 | Learner Walltime = 7787.320 | Min Dist = 0.420 | Min Dist 10 = 0.855 | Min Dist 100 = 0.933 | Min Dist 1000 = 0.834 | Steps Per Second = 83.730 | Success = 1.000 | Success 1000 = 0.840
I0502 17:16:04.228578 139555013154368 terminal.py:91] [Learner] Actor Episodes = 50487 | Actor Loss = 3.73866605758667 | Actor Steps = 2524350 | Binary Accuracy = 0.996013879776001 | Categorical Accuracy = 0.42156982421875 | Critic Loss = 1.7820751667022705 | Entropy Mean = -23.43399429321289 | Evaluator Episodes = 12809 | Evaluator Steps = 640450 | Learner Steps = 39291 | Learner Walltime = 7788.423 | Logits Neg = -17.50566864013672 | Logits Pos = -1.8093074560165405 | Logsumexp = 1.085976004600525 | Steps Per Second = 801.697
I0502 17:16:04.696331 139558059398720 terminal.py:91] [Actor] Actor Episodes = 50493 | Actor Steps = 2524650 | Delta Dist = 1.682 | Delta Dist 10 = 3.651 | Delta Dist 100 = 3.845 | Delta Dist 1000 = 4.358 | Episode Length = 50 | Episode Return = 0.0 | Evaluator Episodes = 12809 | Evaluator Steps = 640450 | Final Dist = 4.318 | Final Dist 10 = 1.494 | Final Dist 100 = 1.662 | Final Dist 1000 = 1.496 | Init Dist = 6.000 | Init Dist 10 = 5.145 | Init Dist 100 = 5.507 | Init Dist 1000 = 5.853 | Learner Steps = 39290 | Learner Walltime = 7788.343 | Min Dist = 0.104 | Min Dist 10 = 0.108 | Min Dist 100 = 0.232 | Min Dist 1000 = 0.221 | Steps Per Second = 78.320 | Success = 1.000 | Success 1000 = 0.983
I0502 17:16:05.016339 139579566835264 terminal.py:91] [Evaluator] Actor Episodes = 50493 | Actor Steps = 2524650 | Delta Dist = 11.821 | Delta Dist 10 = 11.956 | Delta Dist 100 = 11.225 | Delta Dist 1000 = 11.310 | Episode Length = 50 | Episode Return = 18.0 | Evaluator Episodes = 12811 | Evaluator Steps = 640550 | Final Dist = 0.986 | Final Dist 10 = 0.850 | Final Dist 100 = 1.582 | Final Dist 1000 = 1.496 | Init Dist = 12.806 | Init Dist 10 = 12.806 | Init Dist 100 = 12.806 | Init Dist 1000 = 12.806 | Learner Steps = 39290 | Learner Walltime = 7788.343 | Min Dist = 0.113 | Min Dist 10 = 0.434 | Min Dist 100 = 0.938 | Min Dist 1000 = 0.829 | Steps Per Second = 73.807 | Success = 1.000 | Success 1000 = 0.841
I0502 17:16:06.271025 139579566835264 terminal.py:91] [Evaluator] Actor Episodes = 50501 | Actor Steps = 2525050 | Delta Dist = 12.050 | Delta Dist 10 = 12.097 | Delta Dist 100 = 11.225 | Delta Dist 1000 = 11.310 | Episode Length = 50 | Episode Return = 31.0 | Evaluator Episodes = 12813 | Evaluator Steps = 640650 | Final Dist = 0.756 | Final Dist 10 = 0.710 | Final Dist 100 = 1.581 | Final Dist 1000 = 1.497 | Init Dist = 12.806 | Init Dist 10 = 12.806 | Init Dist 100 = 12.806 | Init Dist 1000 = 12.806 | Learner Steps = 39297 | Learner Walltime = 7789.644 | Min Dist = 0.330 | Min Dist 10 = 0.257 | Min Dist 100 = 0.935 | Min Dist 1000 = 0.829 | Steps Per Second = 73.662 | Success = 1.000 | Success 1000 = 0.841
I0502 17:16:06.835751 139557462840896 terminal.py:91] [Actor] Actor Episodes = 50505 | Actor Steps = 2525250 | Delta Dist = -0.570 | Delta Dist 10 = 5.146 | Delta Dist 100 = 3.886 | Delta Dist 1000 = 4.355 | Episode Length = 50 | Episode Return = 8.0 | Evaluator Episodes = 12813 | Evaluator Steps = 640650 | Final Dist = 0.570 | Final Dist 10 = 1.200 | Final Dist 100 = 1.657 | Final Dist 1000 = 1.501 | Init Dist = 0.000 | Init Dist 10 = 6.346 | Init Dist 100 = 5.544 | Init Dist 1000 = 5.856 | Learner Steps = 39302 | Learner Walltime = 7790.747 | Min Dist = 0.000 | Min Dist 10 = 0.068 | Min Dist 100 = 0.143 | Min Dist 1000 = 0.222 | Steps Per Second = 72.521 | Success = 1.000 | Success 1000 = 0.983
I0502 17:16:07.028563 139555860620864 terminal.py:91] [Actor] Actor Episodes = 50507 | Actor Steps = 2525350 | Delta Dist = 2.174 | Delta Dist 10 = 4.018 | Delta Dist 100 = 3.826 | Delta Dist 1000 = 4.351 | Episode Length = 50 | Episode Return = 18.0 | Evaluator Episodes = 12813 | Evaluator Steps = 640650 | Final Dist = 1.949 | Final Dist 10 = 1.265 | Final Dist 100 = 1.645 | Final Dist 1000 = 1.501 | Init Dist = 4.123 | Init Dist 10 = 5.283 | Init Dist 100 = 5.471 | Init Dist 1000 = 5.852 | Learner Steps = 39302 | Learner Walltime = 7790.747 | Min Dist = 0.047 | Min Dist 10 = 0.059 | Min Dist 100 = 0.141 | Min Dist 1000 = 0.222 | Steps Per Second = 83.023 | Success = 1.000 | Success 1000 = 0.983
I0502 17:16:07.527381 139579566835264 terminal.py:91] [Evaluator] Actor Episodes = 50509 | Actor Steps = 2525450 | Delta Dist = 11.756 | Delta Dist 10 = 12.218 | Delta Dist 100 = 11.229 | Delta Dist 1000 = 11.310 | Episode Length = 50 | Episode Return = 31.0 | Evaluator Episodes = 12815 | Evaluator Steps = 640750 | Final Dist = 1.050 | Final Dist 10 = 0.589 | Final Dist 100 = 1.577 | Final Dist 1000 = 1.496 | Init Dist = 12.806 | Init Dist 10 = 12.806 | Init Dist 100 = 12.806 | Init Dist 1000 = 12.806 | Learner Steps = 39302 | Learner Walltime = 7790.747 | Min Dist = 0.054 | Min Dist 10 = 0.302 | Min Dist 100 = 0.929 | Min Dist 1000 = 0.829 | Steps Per Second = 74.873 | Success = 1.000 | Success 1000 = 0.841
I0502 17:16:08.729133 139579566835264 terminal.py:91] [Evaluator] Actor Episodes = 50517 | Actor Steps = 2525850 | Delta Dist = 12.487 | Delta Dist 10 = 12.114 | Delta Dist 100 = 11.229 | Delta Dist 1000 = 11.310 | Episode Length = 50 | Episode Return = 12.0 | Evaluator Episodes = 12817 | Evaluator Steps = 640850 | Final Dist = 0.319 | Final Dist 10 = 0.692 | Final Dist 100 = 1.577 | Final Dist 1000 = 1.496 | Init Dist = 12.806 | Init Dist 10 = 12.806 | Init Dist 100 = 12.806 | Init Dist 1000 = 12.806 | Learner Steps = 39308 | Learner Walltime = 7791.966 | Min Dist = 0.266 | Min Dist 10 = 0.299 | Min Dist 100 = 0.935 | Min Dist 1000 = 0.828 | Steps Per Second = 78.168 | Success = 1.000 | Success 1000 = 0.842
I0502 17:16:09.621320 139584504182336 lp_utils.py:96] StepsLimiter: Reached 2526150 recorded steps
I0502 17:16:10.037580 139579566835264 terminal.py:91] [Evaluator] Actor Episodes = 50525 | Actor Steps = 2526250 | Delta Dist = 11.743 | Delta Dist 10 = 12.048 | Delta Dist 100 = 11.231 | Delta Dist 1000 = 11.311 | Episode Length = 50 | Episode Return = 3.0 | Evaluator Episodes = 12819 | Evaluator Steps = 640950 | Final Dist = 1.063 | Final Dist 10 = 0.759 | Final Dist 100 = 1.575 | Final Dist 1000 = 1.496 | Init Dist = 12.806 | Init Dist 10 = 12.806 | Init Dist 100 = 12.806 | Init Dist 1000 = 12.806 | Learner Steps = 39319 | Learner Walltime = 7794.049 | Min Dist = 0.212 | Min Dist 10 = 0.253 | Min Dist 100 = 0.936 | Min Dist 1000 = 0.828 | Steps Per Second = 73.200 | Success = 1.000 | Success 1000 = 0.842
I0502 17:16:11.311371 139569349502528 terminal.py:91] [Actor] Actor Episodes = 50530 | Actor Steps = 2526500 | Delta Dist = 2.165 | Delta Dist 10 = 5.278 | Delta Dist 100 = 4.472 | Delta Dist 1000 = 4.383 | Episode Length = 50 | Episode Return = 32.0 | Evaluator Episodes = 12819 | Evaluator Steps = 640950 | Final Dist = 0.071 | Final Dist 10 = 0.839 | Final Dist 100 = 1.378 | Final Dist 1000 = 1.477 | Init Dist = 2.236 | Init Dist 10 = 6.117 | Init Dist 100 = 5.850 | Init Dist 1000 = 5.860 | Learner Steps = 39319 | Learner Walltime = 7794.049 | Min Dist = 0.038 | Min Dist 10 = 0.126 | Min Dist 100 = 0.138 | Min Dist 1000 = 0.211 | Steps Per Second = 76.961 | Success = 1.000 | Success 1000 = 0.983
I0502 17:16:11.329481 139579566835264 terminal.py:91] [Evaluator] Actor Episodes = 50533 | Actor Steps = 2526650 | Delta Dist = 12.032 | Delta Dist 10 = 11.976 | Delta Dist 100 = 11.330 | Delta Dist 1000 = 11.311 | Episode Length = 50 | Episode Return = 6.0 | Evaluator Episodes = 12821 | Evaluator Steps = 641050 | Final Dist = 0.774 | Final Dist 10 = 0.830 | Final Dist 100 = 1.476 | Final Dist 1000 = 1.495 | Init Dist = 12.806 | Init Dist 10 = 12.806 | Init Dist 100 = 12.806 | Init Dist 1000 = 12.806 | Learner Steps = 39325 | Learner Walltime = 7795.492 | Min Dist = 0.302 | Min Dist 10 = 0.243 | Min Dist 100 = 0.838 | Min Dist 1000 = 0.828 | Steps Per Second = 72.490 | Success = 1.000 | Success 1000 = 0.842
I0502 17:16:12.495101 139579566835264 terminal.py:91] [Evaluator] Actor Episodes = 50541 | Actor Steps = 2527050 | Delta Dist = 11.466 | Delta Dist 10 = 11.889 | Delta Dist 100 = 11.342 | Delta Dist 1000 = 11.311 | Episode Length = 50 | Episode Return = 21.0 | Evaluator Episodes = 12823 | Evaluator Steps = 641150 | Final Dist = 1.340 | Final Dist 10 = 0.917 | Final Dist 100 = 1.465 | Final Dist 1000 = 1.495 | Init Dist = 12.806 | Init Dist 10 = 12.806 | Init Dist 100 = 12.806 | Init Dist 1000 = 12.806 | Learner Steps = 39325 | Learner Walltime = 7795.492 | Min Dist = 0.174 | Min Dist 10 = 0.276 | Min Dist 100 = 0.827 | Min Dist 1000 = 0.828 | Steps Per Second = 88.741 | Success = 1.000 | Success 1000 = 0.842
I0502 17:16:13.810554 139579566835264 terminal.py:91] [Evaluator] Actor Episodes = 50549 | Actor Steps = 2527450 | Delta Dist = 6.230 | Delta Dist 10 = 11.243 | Delta Dist 100 = 11.279 | Delta Dist 1000 = 11.305 | Episode Length = 50 | Episode Return = 0.0 | Evaluator Episodes = 12825 | Evaluator Steps = 641250 | Final Dist = 6.576 | Final Dist 10 = 1.564 | Final Dist 100 = 1.527 | Final Dist 1000 = 1.502 | Init Dist = 12.806 | Init Dist 10 = 12.806 | Init Dist 100 = 12.806 | Init Dist 1000 = 12.806 | Learner Steps = 39338 | Learner Walltime = 7797.924 | Min Dist = 5.238 | Min Dist 10 = 0.761 | Min Dist 100 = 0.878 | Min Dist 1000 = 0.832 | Steps Per Second = 72.539 | Success = 0.000 | Success 1000 = 0.842
I0502 17:16:14.351082 139555013154368 terminal.py:91] [Learner] Actor Episodes = 50549 | Actor Loss = 3.598013401031494 | Actor Steps = 2527450 | Binary Accuracy = 0.9958949089050293 | Categorical Accuracy = 0.41473388671875 | Critic Loss = 1.7686996459960938 | Entropy Mean = -23.446945190429688 | Evaluator Episodes = 12823 | Evaluator Steps = 641150 | Learner Steps = 39340 | Learner Walltime = 7798.551 | Logits Neg = -17.60059928894043 | Logits Pos = -1.7323017120361328 | Logsumexp = 1.277472734451294 | Steps Per Second = 205.312
I0502 17:16:14.913771 139558059398720 terminal.py:91] [Actor] Actor Episodes = 50557 | Actor Steps = 2527850 | Delta Dist = 2.997 | Delta Dist 10 = 4.445 | Delta Dist 100 = 4.247 | Delta Dist 1000 = 4.371 | Episode Length = 50 | Episode Return = 19.0 | Evaluator Episodes = 12825 | Evaluator Steps = 641250 | Final Dist = 1.127 | Final Dist 10 = 1.883 | Final Dist 100 = 1.506 | Final Dist 1000 = 1.479 | Init Dist = 4.123 | Init Dist 10 = 6.328 | Init Dist 100 = 5.753 | Init Dist 1000 = 5.850 | Learner Steps = 39343 | Learner Walltime = 7799.027 | Min Dist = 0.013 | Min Dist 10 = 0.046 | Min Dist 100 = 0.128 | Min Dist 1000 = 0.212 | Steps Per Second = 75.560 | Success = 1.000 | Success 1000 = 0.984
I0502 17:16:15.066605 139579566835264 terminal.py:91] [Evaluator] Actor Episodes = 50557 | Actor Steps = 2527850 | Delta Dist = 11.853 | Delta Dist 10 = 10.132 | Delta Dist 100 = 11.229 | Delta Dist 1000 = 11.294 | Episode Length = 50 | Episode Return = 18.0 | Evaluator Episodes = 12827 | Evaluator Steps = 641350 | Final Dist = 0.954 | Final Dist 10 = 2.674 | Final Dist 100 = 1.578 | Final Dist 1000 = 1.512 | Init Dist = 12.806 | Init Dist 10 = 12.806 | Init Dist 100 = 12.806 | Init Dist 1000 = 12.806 | Learner Steps = 39343 | Learner Walltime = 7799.027 | Min Dist = 0.518 | Min Dist 10 = 1.737 | Min Dist 100 = 0.930 | Min Dist 1000 = 0.842 | Steps Per Second = 75.363 | Success = 1.000 | Success 1000 = 0.840
I0502 17:16:16.336196 139579566835264 terminal.py:91] [Evaluator] Actor Episodes = 50565 | Actor Steps = 2528250 | Delta Dist = 11.845 | Delta Dist 10 = 9.578 | Delta Dist 100 = 11.243 | Delta Dist 1000 = 11.289 | Episode Length = 50 | Episode Return = 30.0 | Evaluator Episodes = 12829 | Evaluator Steps = 641450 | Final Dist = 0.962 | Final Dist 10 = 3.229 | Final Dist 100 = 1.563 | Final Dist 1000 = 1.517 | Init Dist = 12.806 | Init Dist 10 = 12.806 | Init Dist 100 = 12.806 | Init Dist 1000 = 12.806 | Learner Steps = 39348 | Learner Walltime = 7800.052 | Min Dist = 0.049 | Min Dist 10 = 2.302 | Min Dist 100 = 0.935 | Min Dist 1000 = 0.847 | Steps Per Second = 74.150 | Success = 1.000 | Success 1000 = 0.839
I0502 17:16:17.125297 139557462840896 terminal.py:91] [Actor] Actor Episodes = 50569 | Actor Steps = 2528450 | Delta Dist = 8.902 | Delta Dist 10 = 4.886 | Delta Dist 100 = 4.394 | Delta Dist 1000 = 4.368 | Episode Length = 50 | Episode Return = 36.0 | Evaluator Episodes = 12829 | Evaluator Steps = 641450 | Final Dist = 0.318 | Final Dist 10 = 0.658 | Final Dist 100 = 1.429 | Final Dist 1000 = 1.480 | Init Dist = 9.220 | Init Dist 10 = 5.544 | Init Dist 100 = 5.823 | Init Dist 1000 = 5.848 | Learner Steps = 39353 | Learner Walltime = 7801.154 | Min Dist = 0.050 | Min Dist 10 = 0.077 | Min Dist 100 = 0.116 | Min Dist 1000 = 0.212 | Steps Per Second = 71.151 | Success = 1.000 | Success 1000 = 0.984
I0502 17:16:17.458367 139555860620864 terminal.py:91] [Actor] Actor Episodes = 50571 | Actor Steps = 2528550 | Delta Dist = 4.077 | Delta Dist 10 = 5.668 | Delta Dist 100 = 4.483 | Delta Dist 1000 = 4.376 | Episode Length = 50 | Episode Return = 24.0 | Evaluator Episodes = 12829 | Evaluator Steps = 641450 | Final Dist = 0.166 | Final Dist 10 = 0.657 | Final Dist 100 = 1.361 | Final Dist 1000 = 1.479 | Init Dist = 4.243 | Init Dist 10 = 6.325 | Init Dist 100 = 5.844 | Init Dist 1000 = 5.855 | Learner Steps = 39353 | Learner Walltime = 7801.154 | Min Dist = 0.155 | Min Dist 10 = 0.080 | Min Dist 100 = 0.116 | Min Dist 1000 = 0.212 | Steps Per Second = 74.110 | Success = 1.000 | Success 1000 = 0.984
I0502 17:16:17.668798 139579566835264 terminal.py:91] [Evaluator] Actor Episodes = 50573 | Actor Steps = 2528650 | Delta Dist = 12.123 | Delta Dist 10 = 9.593 | Delta Dist 100 = 11.303 | Delta Dist 1000 = 11.288 | Episode Length = 50 | Episode Return = 12.0 | Evaluator Episodes = 12831 | Evaluator Steps = 641550 | Final Dist = 0.684 | Final Dist 10 = 3.213 | Final Dist 100 = 1.503 | Final Dist 1000 = 1.518 | Init Dist = 12.806 | Init Dist 10 = 12.806 | Init Dist 100 = 12.806 | Init Dist 1000 = 12.806 | Learner Steps = 39353 | Learner Walltime = 7801.154 | Min Dist = 0.491 | Min Dist 10 = 2.249 | Min Dist 100 = 0.881 | Min Dist 1000 = 0.846 | Steps Per Second = 82.001 | Success = 1.000 | Success 1000 = 0.839
I0502 17:16:19.125947 139579566835264 terminal.py:91] [Evaluator] Actor Episodes = 50581 | Actor Steps = 2529050 | Delta Dist = 11.641 | Delta Dist 10 = 9.057 | Delta Dist 100 = 11.240 | Delta Dist 1000 = 11.282 | Episode Length = 50 | Episode Return = 15.0 | Evaluator Episodes = 12833 | Evaluator Steps = 641650 | Final Dist = 1.166 | Final Dist 10 = 3.750 | Final Dist 100 = 1.566 | Final Dist 1000 = 1.524 | Init Dist = 12.806 | Init Dist 10 = 12.806 | Init Dist 100 = 12.806 | Init Dist 1000 = 12.806 | Learner Steps = 39359 | Learner Walltime = 7802.438 | Min Dist = 0.214 | Min Dist 10 = 2.778 | Min Dist 100 = 0.935 | Min Dist 1000 = 0.852 | Steps Per Second = 67.498 | Success = 1.000 | Success 1000 = 0.838
I0502 17:16:19.645470 139584504182336 lp_utils.py:96] StepsLimiter: Reached 2529050 recorded steps
I0502 17:16:20.348605 139579566835264 terminal.py:91] [Evaluator] Actor Episodes = 50589 | Actor Steps = 2529450 | Delta Dist = 11.443 | Delta Dist 10 = 9.598 | Delta Dist 100 = 11.239 | Delta Dist 1000 = 11.283 | Episode Length = 50 | Episode Return = 1.0 | Evaluator Episodes = 12835 | Evaluator Steps = 641750 | Final Dist = 1.363 | Final Dist 10 = 3.208 | Final Dist 100 = 1.567 | Final Dist 1000 = 1.523 | Init Dist = 12.806 | Init Dist 10 = 12.806 | Init Dist 100 = 12.806 | Init Dist 1000 = 12.806 | Learner Steps = 39363 | Learner Walltime = 7803.546 | Min Dist = 0.707 | Min Dist 10 = 2.285 | Min Dist 100 = 0.939 | Min Dist 1000 = 0.851 | Steps Per Second = 86.240 | Success = 1.000 | Success 1000 = 0.839
I0502 17:16:21.517499 139579566835264 terminal.py:91] [Evaluator] Actor Episodes = 50595 | Actor Steps = 2529750 | Delta Dist = 6.896 | Delta Dist 10 = 10.649 | Delta Dist 100 = 11.230 | Delta Dist 1000 = 11.281 | Episode Length = 50 | Episode Return = 0.0 | Evaluator Episodes = 12837 | Evaluator Steps = 641850 | Final Dist = 5.910 | Final Dist 10 = 2.157 | Final Dist 100 = 1.576 | Final Dist 1000 = 1.525 | Init Dist = 12.806 | Init Dist 10 = 12.806 | Init Dist 100 = 12.806 | Init Dist 1000 = 12.806 | Learner Steps = 39368 | Learner Walltime = 7804.619 | Min Dist = 5.169 | Min Dist 10 = 1.356 | Min Dist 100 = 0.940 | Min Dist 1000 = 0.852 | Steps Per Second = 86.540 | Success = 0.000 | Success 1000 = 0.839
I0502 17:16:21.908912 139569349502528 terminal.py:91] [Actor] Actor Episodes = 50594 | Actor Steps = 2529700 | Delta Dist = -0.411 | Delta Dist 10 = 4.964 | Delta Dist 100 = 4.707 | Delta Dist 1000 = 4.405 | Episode Length = 50 | Episode Return = 40.0 | Evaluator Episodes = 12835 | Evaluator Steps = 641750 | Final Dist = 0.411 | Final Dist 10 = 0.487 | Final Dist 100 = 1.265 | Final Dist 1000 = 1.483 | Init Dist = 0.000 | Init Dist 10 = 5.451 | Init Dist 100 = 5.972 | Init Dist 1000 = 5.888 | Learner Steps = 39368 | Learner Walltime = 7804.619 | Min Dist = 0.000 | Min Dist 10 = 0.051 | Min Dist 100 = 0.175 | Min Dist 1000 = 0.216 | Steps Per Second = 75.626 | Success = 1.000 | Success 1000 = 0.984
I0502 17:16:22.810029 139579566835264 terminal.py:91] [Evaluator] Actor Episodes = 50603 | Actor Steps = 2530150 | Delta Dist = 12.452 | Delta Dist 10 = 10.714 | Delta Dist 100 = 11.179 | Delta Dist 1000 = 11.276 | Episode Length = 50 | Episode Return = 20.0 | Evaluator Episodes = 12839 | Evaluator Steps = 641950 | Final Dist = 0.354 | Final Dist 10 = 2.092 | Final Dist 100 = 1.627 | Final Dist 1000 = 1.530 | Init Dist = 12.806 | Init Dist 10 = 12.806 | Init Dist 100 = 12.806 | Init Dist 1000 = 12.806 | Learner Steps = 39379 | Learner Walltime = 7806.765 | Min Dist = 0.340 | Min Dist 10 = 1.292 | Min Dist 100 = 0.989 | Min Dist 1000 = 0.857 | Steps Per Second = 79.785 | Success = 1.000 | Success 1000 = 0.838
I0502 17:16:24.135748 139579566835264 terminal.py:91] [Evaluator] Actor Episodes = 50613 | Actor Steps = 2530650 | Delta Dist = 11.687 | Delta Dist 10 = 10.774 | Delta Dist 100 = 11.188 | Delta Dist 1000 = 11.277 | Episode Length = 50 | Episode Return = 21.0 | Evaluator Episodes = 12841 | Evaluator Steps = 642050 | Final Dist = 1.119 | Final Dist 10 = 2.032 | Final Dist 100 = 1.618 | Final Dist 1000 = 1.529 | Init Dist = 12.806 | Init Dist 10 = 12.806 | Init Dist 100 = 12.806 | Init Dist 1000 = 12.806 | Learner Steps = 39384 | Learner Walltime = 7807.776 | Min Dist = 0.183 | Min Dist 10 = 1.354 | Min Dist 100 = 0.994 | Min Dist 1000 = 0.857 | Steps Per Second = 76.132 | Success = 1.000 | Success 1000 = 0.838
I0502 17:16:24.413404 139555013154368 terminal.py:91] [Learner] Actor Episodes = 50605 | Actor Loss = 3.5958151817321777 | Actor Steps = 2530250 | Binary Accuracy = 0.99607253074646 | Categorical Accuracy = 0.42120361328125 | Critic Loss = 1.7564172744750977 | Entropy Mean = -23.835796356201172 | Evaluator Episodes = 12839 | Evaluator Steps = 641950 | Learner Steps = 39388 | Learner Walltime = 7808.605 | Logits Neg = -17.768138885498047 | Logits Pos = -1.7420488595962524 | Logsumexp = 1.1055926084518433 | Steps Per Second = 306.084
I0502 17:16:25.023972 139558059398720 terminal.py:91] [Actor] Actor Episodes = 50617 | Actor Steps = 2530850 | Delta Dist = 4.752 | Delta Dist 10 = 4.375 | Delta Dist 100 = 4.606 | Delta Dist 1000 = 4.414 | Episode Length = 50 | Episode Return = 41.0 | Evaluator Episodes = 12841 | Evaluator Steps = 642050 | Final Dist = 0.347 | Final Dist 10 = 1.224 | Final Dist 100 = 1.276 | Final Dist 1000 = 1.486 | Init Dist = 5.099 | Init Dist 10 = 5.599 | Init Dist 100 = 5.882 | Init Dist 1000 = 5.900 | Learner Steps = 39390 | Learner Walltime = 7809.035 | Min Dist = 0.347 | Min Dist 10 = 0.197 | Min Dist 100 = 0.181 | Min Dist 1000 = 0.216 | Steps Per Second = 74.236 | Success = 1.000 | Success 1000 = 0.984
I0502 17:16:25.355292 139579566835264 terminal.py:91] [Evaluator] Actor Episodes = 50621 | Actor Steps = 2531050 | Delta Dist = 12.146 | Delta Dist 10 = 11.264 | Delta Dist 100 = 11.200 | Delta Dist 1000 = 11.276 | Episode Length = 50 | Episode Return = 12.0 | Evaluator Episodes = 12843 | Evaluator Steps = 642150 | Final Dist = 0.660 | Final Dist 10 = 1.542 | Final Dist 100 = 1.606 | Final Dist 1000 = 1.530 | Init Dist = 12.806 | Init Dist 10 = 12.806 | Init Dist 100 = 12.806 | Init Dist 1000 = 12.806 | Learner Steps = 39390 | Learner Walltime = 7809.035 | Min Dist = 0.031 | Min Dist 10 = 0.852 | Min Dist 100 = 0.965 | Min Dist 1000 = 0.858 | Steps Per Second = 87.780 | Success = 1.000 | Success 1000 = 0.838
I0502 17:16:26.451400 139579566835264 terminal.py:91] [Evaluator] Actor Episodes = 50627 | Actor Steps = 2531350 | Delta Dist = 11.777 | Delta Dist 10 = 11.348 | Delta Dist 100 = 11.203 | Delta Dist 1000 = 11.277 | Episode Length = 50 | Episode Return = 12.0 | Evaluator Episodes = 12845 | Evaluator Steps = 642250 | Final Dist = 1.030 | Final Dist 10 = 1.459 | Final Dist 100 = 1.603 | Final Dist 1000 = 1.529 | Init Dist = 12.806 | Init Dist 10 = 12.806 | Init Dist 100 = 12.806 | Init Dist 1000 = 12.806 | Learner Steps = 39397 | Learner Walltime = 7810.318 | Min Dist = 0.256 | Min Dist 10 = 0.841 | Min Dist 100 = 0.962 | Min Dist 1000 = 0.858 | Steps Per Second = 98.882 | Success = 1.000 | Success 1000 = 0.838
I0502 17:16:27.343522 139557462840896 terminal.py:91] [Actor] Actor Episodes = 50631 | Actor Steps = 2531550 | Delta Dist = -1.054 | Delta Dist 10 = 4.349 | Delta Dist 100 = 4.430 | Delta Dist 1000 = 4.386 | Episode Length = 50 | Episode Return = 0.0 | Evaluator Episodes = 12845 | Evaluator Steps = 642250 | Final Dist = 2.054 | Final Dist 10 = 1.310 | Final Dist 100 = 1.249 | Final Dist 1000 = 1.485 | Init Dist = 1.000 | Init Dist 10 = 5.659 | Init Dist 100 = 5.679 | Init Dist 1000 = 5.871 | Learner Steps = 39403 | Learner Walltime = 7811.463 | Min Dist = 0.028 | Min Dist 10 = 0.061 | Min Dist 100 = 0.151 | Min Dist 1000 = 0.216 | Steps Per Second = 90.513 | Success = 1.000 | Success 1000 = 0.984
I0502 17:16:27.661756 139579566835264 terminal.py:91] [Evaluator] Actor Episodes = 50635 | Actor Steps = 2531750 | Delta Dist = 7.033 | Delta Dist 10 = 11.430 | Delta Dist 100 = 11.204 | Delta Dist 1000 = 11.277 | Episode Length = 50 | Episode Return = 0.0 | Evaluator Episodes = 12847 | Evaluator Steps = 642350 | Final Dist = 5.774 | Final Dist 10 = 1.377 | Final Dist 100 = 1.602 | Final Dist 1000 = 1.529 | Init Dist = 12.806 | Init Dist 10 = 12.806 | Init Dist 100 = 12.806 | Init Dist 1000 = 12.806 | Learner Steps = 39403 | Learner Walltime = 7811.463 | Min Dist = 5.275 | Min Dist 10 = 0.785 | Min Dist 100 = 0.955 | Min Dist 1000 = 0.858 | Steps Per Second = 80.663 | Success = 0.000 | Success 1000 = 0.838
I0502 17:16:27.805746 139555860620864 terminal.py:91] [Actor] Actor Episodes = 50637 | Actor Steps = 2531850 | Delta Dist = 7.179 | Delta Dist 10 = 3.842 | Delta Dist 100 = 4.455 | Delta Dist 1000 = 4.382 | Episode Length = 50 | Episode Return = 50.0 | Evaluator Episodes = 12847 | Evaluator Steps = 642350 | Final Dist = 0.102 | Final Dist 10 = 1.212 | Final Dist 100 = 1.244 | Final Dist 1000 = 1.480 | Init Dist = 7.280 | Init Dist 10 = 5.054 | Init Dist 100 = 5.699 | Init Dist 1000 = 5.863 | Learner Steps = 39403 | Learner Walltime = 7811.463 | Min Dist = 0.008 | Min Dist 10 = 0.055 | Min Dist 100 = 0.148 | Min Dist 1000 = 0.216 | Steps Per Second = 73.615 | Success = 1.000 | Success 1000 = 0.984
I0502 17:16:29.054805 139579566835264 terminal.py:91] [Evaluator] Actor Episodes = 50643 | Actor Steps = 2532150 | Delta Dist = 11.926 | Delta Dist 10 = 11.417 | Delta Dist 100 = 11.186 | Delta Dist 1000 = 11.278 | Episode Length = 50 | Episode Return = 30.0 | Evaluator Episodes = 12849 | Evaluator Steps = 642450 | Final Dist = 0.880 | Final Dist 10 = 1.390 | Final Dist 100 = 1.620 | Final Dist 1000 = 1.528 | Init Dist = 12.806 | Init Dist 10 = 12.806 | Init Dist 100 = 12.806 | Init Dist 1000 = 12.806 | Learner Steps = 39409 | Learner Walltime = 7812.970 | Min Dist = 0.028 | Min Dist 10 = 0.786 | Min Dist 100 = 0.965 | Min Dist 1000 = 0.858 | Steps Per Second = 72.230 | Success = 1.000 | Success 1000 = 0.838
I0502 17:16:29.667714 139584504182336 lp_utils.py:96] StepsLimiter: Reached 2532250 recorded steps
I0502 17:16:30.320584 139579566835264 terminal.py:91] [Evaluator] Actor Episodes = 50651 | Actor Steps = 2532550 | Delta Dist = 11.572 | Delta Dist 10 = 11.326 | Delta Dist 100 = 11.188 | Delta Dist 1000 = 11.279 | Episode Length = 50 | Episode Return = 4.0 | Evaluator Episodes = 12851 | Evaluator Steps = 642550 | Final Dist = 1.234 | Final Dist 10 = 1.480 | Final Dist 100 = 1.618 | Final Dist 1000 = 1.527 | Init Dist = 12.806 | Init Dist 10 = 12.806 | Init Dist 100 = 12.806 | Init Dist 1000 = 12.806 | Learner Steps = 39415 | Learner Walltime = 7814.227 | Min Dist = 0.330 | Min Dist 10 = 0.725 | Min Dist 100 = 0.951 | Min Dist 1000 = 0.856 | Steps Per Second = 75.998 | Success = 1.000 | Success 1000 = 0.839
I0502 17:16:31.536521 139579566835264 terminal.py:91] [Evaluator] Actor Episodes = 50659 | Actor Steps = 2532950 | Delta Dist = 12.555 | Delta Dist 10 = 10.775 | Delta Dist 100 = 11.131 | Delta Dist 1000 = 11.273 | Episode Length = 50 | Episode Return = 25.0 | Evaluator Episodes = 12853 | Evaluator Steps = 642650 | Final Dist = 0.251 | Final Dist 10 = 2.031 | Final Dist 100 = 1.675 | Final Dist 1000 = 1.533 | Init Dist = 12.806 | Init Dist 10 = 12.806 | Init Dist 100 = 12.806 | Init Dist 1000 = 12.806 | Learner Steps = 39422 | Learner Walltime = 7815.449 | Min Dist = 0.073 | Min Dist 10 = 1.221 | Min Dist 100 = 0.999 | Min Dist 1000 = 0.861 | Steps Per Second = 81.647 | Success = 1.000 | Success 1000 = 0.838
I0502 17:16:31.579441 139584635659840 savers.py:156] Saving checkpoint: logs/contrastive_cpc_point_FourRooms_64/5dd72662-2788-11f0-b183-d85ed38c5779/checkpoints/counter
I0502 17:16:32.157516 139569349502528 terminal.py:91] [Actor] Actor Episodes = 50660 | Actor Steps = 2533000 | Delta Dist = 8.936 | Delta Dist 10 = 4.865 | Delta Dist 100 = 4.685 | Delta Dist 1000 = 4.380 | Episode Length = 50 | Episode Return = 43.0 | Evaluator Episodes = 12851 | Evaluator Steps = 642550 | Final Dist = 0.120 | Final Dist 10 = 1.895 | Final Dist 100 = 1.450 | Final Dist 1000 = 1.509 | Init Dist = 9.055 | Init Dist 10 = 6.761 | Init Dist 100 = 6.135 | Init Dist 1000 = 5.889 | Learner Steps = 39422 | Learner Walltime = 7815.449 | Min Dist = 0.003 | Min Dist 10 = 0.108 | Min Dist 100 = 0.242 | Min Dist 1000 = 0.225 | Steps Per Second = 72.668 | Success = 1.000 | Success 1000 = 0.984
I0502 17:16:32.796959 139579566835264 terminal.py:91] [Evaluator] Actor Episodes = 50665 | Actor Steps = 2533250 | Delta Dist = 11.547 | Delta Dist 10 = 10.336 | Delta Dist 100 = 11.081 | Delta Dist 1000 = 11.269 | Episode Length = 50 | Episode Return = 13.0 | Evaluator Episodes = 12855 | Evaluator Steps = 642750 | Final Dist = 1.259 | Final Dist 10 = 2.470 | Final Dist 100 = 1.725 | Final Dist 1000 = 1.537 | Init Dist = 12.806 | Init Dist 10 = 12.806 | Init Dist 100 = 12.806 | Init Dist 1000 = 12.806 | Learner Steps = 39427 | Learner Walltime = 7816.464 | Min Dist = 0.283 | Min Dist 10 = 1.729 | Min Dist 100 = 1.051 | Min Dist 1000 = 0.866 | Steps Per Second = 83.143 | Success = 1.000 | Success 1000 = 0.837
I0502 17:16:34.142608 139579566835264 terminal.py:91] [Evaluator] Actor Episodes = 50675 | Actor Steps = 2533750 | Delta Dist = 7.272 | Delta Dist 10 = 10.370 | Delta Dist 100 = 11.076 | Delta Dist 1000 = 11.270 | Episode Length = 50 | Episode Return = 0.0 | Evaluator Episodes = 12857 | Evaluator Steps = 642850 | Final Dist = 5.534 | Final Dist 10 = 2.436 | Final Dist 100 = 1.731 | Final Dist 1000 = 1.536 | Init Dist = 12.806 | Init Dist 10 = 12.806 | Init Dist 100 = 12.806 | Init Dist 1000 = 12.806 | Learner Steps = 39433 | Learner Walltime = 7817.621 | Min Dist = 4.835 | Min Dist 10 = 1.708 | Min Dist 100 = 1.050 | Min Dist 1000 = 0.866 | Steps Per Second = 74.699 | Success = 0.000 | Success 1000 = 0.837
I0502 17:16:34.637312 139555013154368 terminal.py:91] [Learner] Actor Episodes = 50677 | Actor Loss = 3.6313652992248535 | Actor Steps = 2533850 | Binary Accuracy = 0.9960248470306396 | Categorical Accuracy = 0.42474365234375 | Critic Loss = 1.7594423294067383 | Entropy Mean = -24.74703598022461 | Evaluator Episodes = 12857 | Evaluator Steps = 642850 | Learner Steps = 39439 | Learner Walltime = 7818.835 | Logits Neg = -17.47503089904785 | Logits Pos = -1.7494685649871826 | Logsumexp = 1.1364665031433105 | Steps Per Second = 201.457
I0502 17:16:35.344906 139579566835264 terminal.py:91] [Evaluator] Actor Episodes = 50683 | Actor Steps = 2534150 | Delta Dist = 7.378 | Delta Dist 10 = 10.500 | Delta Dist 100 = 11.023 | Delta Dist 1000 = 11.274 | Episode Length = 50 | Episode Return = 0.0 | Evaluator Episodes = 12859 | Evaluator Steps = 642950 | Final Dist = 5.428 | Final Dist 10 = 2.307 | Final Dist 100 = 1.784 | Final Dist 1000 = 1.532 | Init Dist = 12.806 | Init Dist 10 = 12.806 | Init Dist 100 = 12.806 | Init Dist 1000 = 12.806 | Learner Steps = 39439 | Learner Walltime = 7818.835 | Min Dist = 5.428 | Min Dist 10 = 1.674 | Min Dist 100 = 1.097 | Min Dist 1000 = 0.862 | Steps Per Second = 79.568 | Success = 0.000 | Success 1000 = 0.837
I0502 17:16:35.517136 139558059398720 terminal.py:91] [Actor] Actor Episodes = 50680 | Actor Steps = 2534000 | Delta Dist = -0.204 | Delta Dist 10 = 4.590 | Delta Dist 100 = 4.541 | Delta Dist 1000 = 4.389 | Episode Length = 50 | Episode Return = 47.0 | Evaluator Episodes = 12857 | Evaluator Steps = 642850 | Final Dist = 0.204 | Final Dist 10 = 1.468 | Final Dist 100 = 1.368 | Final Dist 1000 = 1.515 | Init Dist = 0.000 | Init Dist 10 = 6.058 | Init Dist 100 = 5.909 | Init Dist 1000 = 5.903 | Learner Steps = 39439 | Learner Walltime = 7818.835 | Min Dist = 0.000 | Min Dist 10 = 0.034 | Min Dist 100 = 0.168 | Min Dist 1000 = 0.224 | Steps Per Second = 83.672 | Success = 1.000 | Success 1000 = 0.984
I0502 17:16:36.696721 139579566835264 terminal.py:91] [Evaluator] Actor Episodes = 50691 | Actor Steps = 2534550 | Delta Dist = 6.053 | Delta Dist 10 = 10.016 | Delta Dist 100 = 10.973 | Delta Dist 1000 = 11.269 | Episode Length = 50 | Episode Return = 0.0 | Evaluator Episodes = 12861 | Evaluator Steps = 643050 | Final Dist = 6.754 | Final Dist 10 = 2.790 | Final Dist 100 = 1.833 | Final Dist 1000 = 1.537 | Init Dist = 12.806 | Init Dist 10 = 12.806 | Init Dist 100 = 12.806 | Init Dist 1000 = 12.806 | Learner Steps = 39445 | Learner Walltime = 7820.258 | Min Dist = 4.781 | Min Dist 10 = 2.217 | Min Dist 100 = 1.151 | Min Dist 1000 = 0.867 | Steps Per Second = 71.402 | Success = 0.000 | Success 1000 = 0.836
I0502 17:16:37.755839 139557462840896 terminal.py:91] [Actor] Actor Episodes = 50697 | Actor Steps = 2534850 | Delta Dist = 5.095 | Delta Dist 10 = 4.004 | Delta Dist 100 = 4.404 | Delta Dist 1000 = 4.366 | Episode Length = 50 | Episode Return = 40.0 | Evaluator Episodes = 12861 | Evaluator Steps = 643050 | Final Dist = 0.291 | Final Dist 10 = 1.763 | Final Dist 100 = 1.519 | Final Dist 1000 = 1.518 | Init Dist = 5.385 | Init Dist 10 = 5.767 | Init Dist 100 = 5.923 | Init Dist 1000 = 5.885 | Learner Steps = 39451 | Learner Walltime = 7821.400 | Min Dist = 0.078 | Min Dist 10 = 0.044 | Min Dist 100 = 0.166 | Min Dist 1000 = 0.223 | Steps Per Second = 76.285 | Success = 1.000 | Success 1000 = 0.984
I0502 17:16:37.931428 139555860620864 terminal.py:91] [Actor] Actor Episodes = 50699 | Actor Steps = 2534950 | Delta Dist = 1.568 | Delta Dist 10 = 4.105 | Delta Dist 100 = 4.463 | Delta Dist 1000 = 4.364 | Episode Length = 50 | Episode Return = 33.0 | Evaluator Episodes = 12861 | Evaluator Steps = 643050 | Final Dist = 1.260 | Final Dist 10 = 1.560 | Final Dist 100 = 1.514 | Final Dist 1000 = 1.518 | Init Dist = 2.828 | Init Dist 10 = 5.665 | Init Dist 100 = 5.977 | Init Dist 1000 = 5.883 | Learner Steps = 39451 | Learner Walltime = 7821.400 | Min Dist = 0.014 | Min Dist 10 = 0.051 | Min Dist 100 = 0.167 | Min Dist 1000 = 0.223 | Steps Per Second = 76.158 | Success = 1.000 | Success 1000 = 0.984
I0502 17:16:37.968777 139579566835264 terminal.py:91] [Evaluator] Actor Episodes = 50699 | Actor Steps = 2534950 | Delta Dist = 11.695 | Delta Dist 10 = 10.054 | Delta Dist 100 = 10.914 | Delta Dist 1000 = 11.264 | Episode Length = 50 | Episode Return = 15.0 | Evaluator Episodes = 12863 | Evaluator Steps = 643150 | Final Dist = 1.112 | Final Dist 10 = 2.752 | Final Dist 100 = 1.892 | Final Dist 1000 = 1.542 | Init Dist = 12.806 | Init Dist 10 = 12.806 | Init Dist 100 = 12.806 | Init Dist 1000 = 12.806 | Learner Steps = 39451 | Learner Walltime = 7821.400 | Min Dist = 0.105 | Min Dist 10 = 2.137 | Min Dist 100 = 1.197 | Min Dist 1000 = 0.872 | Steps Per Second = 79.195 | Success = 1.000 | Success 1000 = 0.835
I0502 17:16:39.279321 139579566835264 terminal.py:91] [Evaluator] Actor Episodes = 50707 | Actor Steps = 2535350 | Delta Dist = 12.715 | Delta Dist 10 = 10.421 | Delta Dist 100 = 10.908 | Delta Dist 1000 = 11.267 | Episode Length = 50 | Episode Return = 12.0 | Evaluator Episodes = 12865 | Evaluator Steps = 643250 | Final Dist = 0.091 | Final Dist 10 = 2.385 | Final Dist 100 = 1.898 | Final Dist 1000 = 1.539 | Init Dist = 12.806 | Init Dist 10 = 12.806 | Init Dist 100 = 12.806 | Init Dist 1000 = 12.806 | Learner Steps = 39457 | Learner Walltime = 7822.475 | Min Dist = 0.041 | Min Dist 10 = 1.605 | Min Dist 100 = 1.184 | Min Dist 1000 = 0.868 | Steps Per Second = 75.552 | Success = 1.000 | Success 1000 = 0.836
I0502 17:16:39.690749 139584504182336 lp_utils.py:96] StepsLimiter: Reached 2535450 recorded steps
I0502 17:16:40.786737 139579566835264 terminal.py:91] [Evaluator] Actor Episodes = 50715 | Actor Steps = 2535750 | Delta Dist = 6.086 | Delta Dist 10 = 10.462 | Delta Dist 100 = 10.915 | Delta Dist 1000 = 11.266 | Episode Length = 50 | Episode Return = 0.0 | Evaluator Episodes = 12867 | Evaluator Steps = 643350 | Final Dist = 6.720 | Final Dist 10 = 2.345 | Final Dist 100 = 1.892 | Final Dist 1000 = 1.540 | Init Dist = 12.806 | Init Dist 10 = 12.806 | Init Dist 100 = 12.806 | Init Dist 1000 = 12.806 | Learner Steps = 39466 | Learner Walltime = 7824.587 | Min Dist = 5.400 | Min Dist 10 = 1.570 | Min Dist 100 = 1.180 | Min Dist 1000 = 0.868 | Steps Per Second = 66.338 | Success = 0.000 | Success 1000 = 0.836
I0502 17:16:42.043552 139579566835264 terminal.py:91] [Evaluator] Actor Episodes = 50721 | Actor Steps = 2536050 | Delta Dist = 5.758 | Delta Dist 10 = 9.808 | Delta Dist 100 = 10.853 | Delta Dist 1000 = 11.255 | Episode Length = 50 | Episode Return = 0.0 | Evaluator Episodes = 12869 | Evaluator Steps = 643450 | Final Dist = 7.048 | Final Dist 10 = 2.998 | Final Dist 100 = 1.953 | Final Dist 1000 = 1.551 | Init Dist = 12.806 | Init Dist 10 = 12.806 | Init Dist 100 = 12.806 | Init Dist 1000 = 12.806 | Learner Steps = 39472 | Learner Walltime = 7825.702 | Min Dist = 5.125 | Min Dist 10 = 2.151 | Min Dist 100 = 1.232 | Min Dist 1000 = 0.878 | Steps Per Second = 79.922 | Success = 0.000 | Success 1000 = 0.834
I0502 17:16:42.260700 139569349502528 terminal.py:91] [Actor] Actor Episodes = 50725 | Actor Steps = 2536250 | Delta Dist = 3.552 | Delta Dist 10 = 4.091 | Delta Dist 100 = 4.125 | Delta Dist 1000 = 4.339 | Episode Length = 50 | Episode Return = 22.0 | Evaluator Episodes = 12869 | Evaluator Steps = 643450 | Final Dist = 0.572 | Final Dist 10 = 0.755 | Final Dist 100 = 1.795 | Final Dist 1000 = 1.526 | Init Dist = 4.123 | Init Dist 10 = 4.846 | Init Dist 100 = 5.919 | Init Dist 1000 = 5.865 | Learner Steps = 39472 | Learner Walltime = 7825.702 | Min Dist = 0.003 | Min Dist 10 = 0.056 | Min Dist 100 = 0.150 | Min Dist 1000 = 0.216 | Steps Per Second = 75.862 | Success = 1.000 | Success 1000 = 0.984
I0502 17:16:43.351929 139579566835264 terminal.py:91] [Evaluator] Actor Episodes = 50729 | Actor Steps = 2536450 | Delta Dist = 12.069 | Delta Dist 10 = 9.042 | Delta Dist 100 = 10.715 | Delta Dist 1000 = 11.243 | Episode Length = 50 | Episode Return = 21.0 | Evaluator Episodes = 12871 | Evaluator Steps = 643550 | Final Dist = 0.737 | Final Dist 10 = 3.765 | Final Dist 100 = 2.091 | Final Dist 1000 = 1.564 | Init Dist = 12.806 | Init Dist 10 = 12.806 | Init Dist 100 = 12.806 | Init Dist 1000 = 12.806 | Learner Steps = 39477 | Learner Walltime = 7826.838 | Min Dist = 0.328 | Min Dist 10 = 2.616 | Min Dist 100 = 1.331 | Min Dist 1000 = 0.888 | Steps Per Second = 77.053 | Success = 1.000 | Success 1000 = 0.832
I0502 17:16:44.557639 139579566835264 terminal.py:91] [Evaluator] Actor Episodes = 50737 | Actor Steps = 2536850 | Delta Dist = 5.647 | Delta Dist 10 = 9.077 | Delta Dist 100 = 10.652 | Delta Dist 1000 = 11.237 | Episode Length = 50 | Episode Return = 0.0 | Evaluator Episodes = 12873 | Evaluator Steps = 643650 | Final Dist = 7.159 | Final Dist 10 = 3.729 | Final Dist 100 = 2.154 | Final Dist 1000 = 1.570 | Init Dist = 12.806 | Init Dist 10 = 12.806 | Init Dist 100 = 12.806 | Init Dist 1000 = 12.806 | Learner Steps = 39483 | Learner Walltime = 7828.077 | Min Dist = 5.068 | Min Dist 10 = 2.684 | Min Dist 100 = 1.386 | Min Dist 1000 = 0.893 | Steps Per Second = 84.710 | Success = 0.000 | Success 1000 = 0.831
I0502 17:16:44.732762 139583350109760 savers.py:156] Saving checkpoint: logs/contrastive_cpc_point_FourRooms_64/5dd72662-2788-11f0-b183-d85ed38c5779/checkpoints/learner
I0502 17:16:44.744386 139555013154368 terminal.py:91] [Learner] Actor Episodes = 50733 | Actor Loss = 3.6465463638305664 | Actor Steps = 2536650 | Binary Accuracy = 0.9960362911224365 | Categorical Accuracy = 0.41595458984375 | Critic Loss = 1.7919844388961792 | Entropy Mean = -22.65970230102539 | Evaluator Episodes = 12871 | Evaluator Steps = 643550 | Learner Steps = 39486 | Learner Walltime = 7828.937 | Logits Neg = -17.609142303466797 | Logits Pos = -1.7742228507995605 | Logsumexp = 1.1144461631774902 | Steps Per Second = 117.838
I0502 17:16:45.923052 139579566835264 terminal.py:91] [Evaluator] Actor Episodes = 50747 | Actor Steps = 2537350 | Delta Dist = 11.573 | Delta Dist 10 = 7.958 | Delta Dist 100 = 10.538 | Delta Dist 1000 = 11.225 | Episode Length = 50 | Episode Return = 24.0 | Evaluator Episodes = 12875 | Evaluator Steps = 643750 | Final Dist = 1.233 | Final Dist 10 = 4.848 | Final Dist 100 = 2.268 | Final Dist 1000 = 1.581 | Init Dist = 12.806 | Init Dist 10 = 12.806 | Init Dist 100 = 12.806 | Init Dist 1000 = 12.806 | Learner Steps = 39487 | Learner Walltime = 7829.600 | Min Dist = 0.212 | Min Dist 10 = 3.694 | Min Dist 100 = 1.477 | Min Dist 1000 = 0.903 | Steps Per Second = 75.821 | Success = 1.000 | Success 1000 = 0.829
I0502 17:16:45.939149 139558059398720 terminal.py:91] [Actor] Actor Episodes = 50744 | Actor Steps = 2537200 | Delta Dist = 3.152 | Delta Dist 10 = 5.507 | Delta Dist 100 = 4.192 | Delta Dist 1000 = 4.350 | Episode Length = 50 | Episode Return = 38.0 | Evaluator Episodes = 12873 | Evaluator Steps = 643650 | Final Dist = 0.453 | Final Dist 10 = 1.391 | Final Dist 100 = 1.673 | Final Dist 1000 = 1.516 | Init Dist = 3.606 | Init Dist 10 = 6.899 | Init Dist 100 = 5.865 | Init Dist 1000 = 5.865 | Learner Steps = 39483 | Learner Walltime = 7828.077 | Min Dist = 0.148 | Min Dist 10 = 0.074 | Min Dist 100 = 0.147 | Min Dist 1000 = 0.214 | Steps Per Second = 69.632 | Success = 1.000 | Success 1000 = 0.984
I0502 17:16:47.169540 139579566835264 terminal.py:91] [Evaluator] Actor Episodes = 50755 | Actor Steps = 2537750 | Delta Dist = 11.619 | Delta Dist 10 = 7.793 | Delta Dist 100 = 10.526 | Delta Dist 1000 = 11.223 | Episode Length = 50 | Episode Return = 17.0 | Evaluator Episodes = 12877 | Evaluator Steps = 643850 | Final Dist = 1.187 | Final Dist 10 = 5.014 | Final Dist 100 = 2.280 | Final Dist 1000 = 1.583 | Init Dist = 12.806 | Init Dist 10 = 12.806 | Init Dist 100 = 12.806 | Init Dist 1000 = 12.806 | Learner Steps = 39495 | Learner Walltime = 7830.771 | Min Dist = 0.093 | Min Dist 10 = 3.737 | Min Dist 100 = 1.478 | Min Dist 1000 = 0.902 | Steps Per Second = 79.304 | Success = 1.000 | Success 1000 = 0.829
I0502 17:16:48.352397 139555860620864 terminal.py:91] [Actor] Actor Episodes = 50761 | Actor Steps = 2538050 | Delta Dist = 7.457 | Delta Dist 10 = 4.399 | Delta Dist 100 = 4.154 | Delta Dist 1000 = 4.350 | Episode Length = 50 | Episode Return = 0.0 | Evaluator Episodes = 12877 | Evaluator Steps = 643850 | Final Dist = 0.605 | Final Dist 10 = 0.815 | Final Dist 100 = 1.403 | Final Dist 1000 = 1.497 | Init Dist = 8.062 | Init Dist 10 = 5.213 | Init Dist 100 = 5.557 | Init Dist 1000 = 5.846 | Learner Steps = 39501 | Learner Walltime = 7831.939 | Min Dist = 0.177 | Min Dist 10 = 0.099 | Min Dist 100 = 0.055 | Min Dist 1000 = 0.206 | Steps Per Second = 69.757 | Success = 1.000 | Success 1000 = 0.984
I0502 17:16:48.413701 139557462840896 terminal.py:91] [Actor] Actor Episodes = 50763 | Actor Steps = 2538150 | Delta Dist = 6.297 | Delta Dist 10 = 4.501 | Delta Dist 100 = 4.180 | Delta Dist 1000 = 4.349 | Episode Length = 50 | Episode Return = 40.0 | Evaluator Episodes = 12877 | Evaluator Steps = 643850 | Final Dist = 0.412 | Final Dist 10 = 1.118 | Final Dist 100 = 1.444 | Final Dist 1000 = 1.501 | Init Dist = 6.708 | Init Dist 10 = 5.620 | Init Dist 100 = 5.624 | Init Dist 1000 = 5.850 | Learner Steps = 39501 | Learner Walltime = 7831.939 | Min Dist = 0.061 | Min Dist 10 = 0.098 | Min Dist 100 = 0.057 | Min Dist 1000 = 0.206 | Steps Per Second = 73.337 | Success = 1.000 | Success 1000 = 0.984
I0502 17:16:48.441414 139579566835264 terminal.py:91] [Evaluator] Actor Episodes = 50763 | Actor Steps = 2538150 | Delta Dist = 12.455 | Delta Dist 10 = 8.898 | Delta Dist 100 = 10.529 | Delta Dist 1000 = 11.223 | Episode Length = 50 | Episode Return = 20.0 | Evaluator Episodes = 12879 | Evaluator Steps = 643950 | Final Dist = 0.351 | Final Dist 10 = 3.908 | Final Dist 100 = 2.277 | Final Dist 1000 = 1.583 | Init Dist = 12.806 | Init Dist 10 = 12.806 | Init Dist 100 = 12.806 | Init Dist 1000 = 12.806 | Learner Steps = 39501 | Learner Walltime = 7831.939 | Min Dist = 0.169 | Min Dist 10 = 2.682 | Min Dist 100 = 1.466 | Min Dist 1000 = 0.902 | Steps Per Second = 73.282 | Success = 1.000 | Success 1000 = 0.829
I0502 17:16:49.694160 139579566835264 terminal.py:91] [Evaluator] Actor Episodes = 50771 | Actor Steps = 2538550 | Delta Dist = 11.559 | Delta Dist 10 = 10.194 | Delta Dist 100 = 10.534 | Delta Dist 1000 = 11.222 | Episode Length = 50 | Episode Return = 4.0 | Evaluator Episodes = 12881 | Evaluator Steps = 644050 | Final Dist = 1.247 | Final Dist 10 = 2.612 | Final Dist 100 = 2.272 | Final Dist 1000 = 1.584 | Init Dist = 12.806 | Init Dist 10 = 12.806 | Init Dist 100 = 12.806 | Init Dist 1000 = 12.806 | Learner Steps = 39508 | Learner Walltime = 7833.361 | Min Dist = 0.417 | Min Dist 10 = 1.707 | Min Dist 100 = 1.463 | Min Dist 1000 = 0.902 | Steps Per Second = 78.781 | Success = 1.000 | Success 1000 = 0.829
I0502 17:16:49.709799 139584504182336 lp_utils.py:96] StepsLimiter: Reached 2538550 recorded steps
I0502 17:16:50.964639 139579566835264 terminal.py:91] [Evaluator] Actor Episodes = 50779 | Actor Steps = 2538950 | Delta Dist = 6.315 | Delta Dist 10 = 10.697 | Delta Dist 100 = 10.543 | Delta Dist 1000 = 11.222 | Episode Length = 50 | Episode Return = 0.0 | Evaluator Episodes = 12883 | Evaluator Steps = 644150 | Final Dist = 6.491 | Final Dist 10 = 2.109 | Final Dist 100 = 2.263 | Final Dist 1000 = 1.584 | Init Dist = 12.806 | Init Dist 10 = 12.806 | Init Dist 100 = 12.806 | Init Dist 1000 = 12.806 | Learner Steps = 39514 | Learner Walltime = 7834.543 | Min Dist = 5.350 | Min Dist 10 = 1.206 | Min Dist 100 = 1.461 | Min Dist 1000 = 0.903 | Steps Per Second = 75.312 | Success = 0.000 | Success 1000 = 0.829
I0502 17:16:52.220580 139579566835264 terminal.py:91] [Evaluator] Actor Episodes = 50785 | Actor Steps = 2539250 | Delta Dist = 11.878 | Delta Dist 10 = 11.154 | Delta Dist 100 = 10.483 | Delta Dist 1000 = 11.214 | Episode Length = 50 | Episode Return = 3.0 | Evaluator Episodes = 12885 | Evaluator Steps = 644250 | Final Dist = 0.929 | Final Dist 10 = 1.652 | Final Dist 100 = 2.323 | Final Dist 1000 = 1.592 | Init Dist = 12.806 | Init Dist 10 = 12.806 | Init Dist 100 = 12.806 | Init Dist 1000 = 12.806 | Learner Steps = 39520 | Learner Walltime = 7835.823 | Min Dist = 0.232 | Min Dist 10 = 0.735 | Min Dist 100 = 1.507 | Min Dist 1000 = 0.908 | Steps Per Second = 75.625 | Success = 1.000 | Success 1000 = 0.828
I0502 17:16:52.314617 139569349502528 terminal.py:91] [Actor] Actor Episodes = 50782 | Actor Steps = 2539100 | Delta Dist = 9.346 | Delta Dist 10 = 2.817 | Delta Dist 100 = 4.125 | Delta Dist 1000 = 4.356 | Episode Length = 50 | Episode Return = 33.0 | Evaluator Episodes = 12883 | Evaluator Steps = 644150 | Final Dist = 0.654 | Final Dist 10 = 1.558 | Final Dist 100 = 1.533 | Final Dist 1000 = 1.506 | Init Dist = 10.000 | Init Dist 10 = 4.374 | Init Dist 100 = 5.658 | Init Dist 1000 = 5.862 | Learner Steps = 39514 | Learner Walltime = 7834.543 | Min Dist = 0.144 | Min Dist 10 = 0.587 | Min Dist 100 = 0.156 | Min Dist 1000 = 0.214 | Steps Per Second = 66.377 | Success = 1.000 | Success 1000 = 0.987
I0502 17:16:53.512993 139579566835264 terminal.py:91] [Evaluator] Actor Episodes = 50793 | Actor Steps = 2539650 | Delta Dist = 12.561 | Delta Dist 10 = 11.316 | Delta Dist 100 = 10.496 | Delta Dist 1000 = 11.221 | Episode Length = 50 | Episode Return = 27.0 | Evaluator Episodes = 12887 | Evaluator Steps = 644350 | Final Dist = 0.245 | Final Dist 10 = 1.490 | Final Dist 100 = 2.311 | Final Dist 1000 = 1.585 | Init Dist = 12.806 | Init Dist 10 = 12.806 | Init Dist 100 = 12.806 | Init Dist 1000 = 12.806 | Learner Steps = 39526 | Learner Walltime = 7837.166 | Min Dist = 0.084 | Min Dist 10 = 0.718 | Min Dist 100 = 1.508 | Min Dist 1000 = 0.902 | Steps Per Second = 86.291 | Success = 1.000 | Success 1000 = 0.830
I0502 17:16:54.732648 139579566835264 terminal.py:91] [Evaluator] Actor Episodes = 50801 | Actor Steps = 2540050 | Delta Dist = 11.859 | Delta Dist 10 = 11.377 | Delta Dist 100 = 10.513 | Delta Dist 1000 = 11.222 | Episode Length = 50 | Episode Return = 28.0 | Evaluator Episodes = 12889 | Evaluator Steps = 644450 | Final Dist = 0.947 | Final Dist 10 = 1.430 | Final Dist 100 = 2.293 | Final Dist 1000 = 1.584 | Init Dist = 12.806 | Init Dist 10 = 12.806 | Init Dist 100 = 12.806 | Init Dist 1000 = 12.806 | Learner Steps = 39532 | Learner Walltime = 7838.329 | Min Dist = 0.069 | Min Dist 10 = 0.707 | Min Dist 100 = 1.509 | Min Dist 1000 = 0.900 | Steps Per Second = 82.691 | Success = 1.000 | Success 1000 = 0.830
I0502 17:16:54.776044 139555013154368 terminal.py:91] [Learner] Actor Episodes = 50797 | Actor Loss = 3.7539479732513428 | Actor Steps = 2539850 | Binary Accuracy = 0.9960417747497559 | Categorical Accuracy = 0.42950439453125 | Critic Loss = 1.7880030870437622 | Entropy Mean = -23.866783142089844 | Evaluator Episodes = 12887 | Evaluator Steps = 644350 | Learner Steps = 39535 | Learner Walltime = 7838.968 | Logits Neg = -17.332321166992188 | Logits Pos = -1.7745801210403442 | Logsumexp = 1.1878345012664795 | Steps Per Second = 156.012
I0502 17:16:56.125366 139579566835264 terminal.py:91] [Evaluator] Actor Episodes = 50809 | Actor Steps = 2540450 | Delta Dist = 11.346 | Delta Dist 10 = 11.340 | Delta Dist 100 = 10.612 | Delta Dist 1000 = 11.227 | Episode Length = 50 | Episode Return = 2.0 | Evaluator Episodes = 12891 | Evaluator Steps = 644550 | Final Dist = 1.460 | Final Dist 10 = 1.467 | Final Dist 100 = 2.194 | Final Dist 1000 = 1.580 | Init Dist = 12.806 | Init Dist 10 = 12.806 | Init Dist 100 = 12.806 | Init Dist 1000 = 12.806 | Learner Steps = 39538 | Learner Walltime = 7839.595 | Min Dist = 0.920 | Min Dist 10 = 0.671 | Min Dist 100 = 1.404 | Min Dist 1000 = 0.895 | Steps Per Second = 65.764 | Success = 1.000 | Success 1000 = 0.831
I0502 17:16:56.280961 139558059398720 terminal.py:91] [Actor] Actor Episodes = 50808 | Actor Steps = 2540400 | Delta Dist = 2.728 | Delta Dist 10 = 5.484 | Delta Dist 100 = 4.515 | Delta Dist 1000 = 4.377 | Episode Length = 50 | Episode Return = 26.0 | Evaluator Episodes = 12889 | Evaluator Steps = 644450 | Final Dist = 0.272 | Final Dist 10 = 1.028 | Final Dist 100 = 1.253 | Final Dist 1000 = 1.482 | Init Dist = 3.000 | Init Dist 10 = 6.512 | Init Dist 100 = 5.768 | Init Dist 1000 = 5.859 | Learner Steps = 39538 | Learner Walltime = 7839.595 | Min Dist = 0.009 | Min Dist 10 = 0.072 | Min Dist 100 = 0.160 | Min Dist 1000 = 0.213 | Steps Per Second = 70.391 | Success = 1.000 | Success 1000 = 0.987
I0502 17:16:57.402159 139579566835264 terminal.py:91] [Evaluator] Actor Episodes = 50817 | Actor Steps = 2540850 | Delta Dist = 12.020 | Delta Dist 10 = 11.236 | Delta Dist 100 = 10.723 | Delta Dist 1000 = 11.231 | Episode Length = 50 | Episode Return = 21.0 | Evaluator Episodes = 12893 | Evaluator Steps = 644650 | Final Dist = 0.786 | Final Dist 10 = 1.570 | Final Dist 100 = 2.083 | Final Dist 1000 = 1.575 | Init Dist = 12.806 | Init Dist 10 = 12.806 | Init Dist 100 = 12.806 | Init Dist 1000 = 12.806 | Learner Steps = 39544 | Learner Walltime = 7840.656 | Min Dist = 0.064 | Min Dist 10 = 0.794 | Min Dist 100 = 1.317 | Min Dist 1000 = 0.891 | Steps Per Second = 76.129 | Success = 1.000 | Success 1000 = 0.832
I0502 17:16:58.630779 139579566835264 terminal.py:91] [Evaluator] Actor Episodes = 50823 | Actor Steps = 2541150 | Delta Dist = 11.809 | Delta Dist 10 = 11.776 | Delta Dist 100 = 10.699 | Delta Dist 1000 = 11.242 | Episode Length = 50 | Episode Return = 10.0 | Evaluator Episodes = 12895 | Evaluator Steps = 644750 | Final Dist = 0.998 | Final Dist 10 = 1.030 | Final Dist 100 = 2.107 | Final Dist 1000 = 1.565 | Init Dist = 12.806 | Init Dist 10 = 12.806 | Init Dist 100 = 12.806 | Init Dist 1000 = 12.806 | Learner Steps = 39548 | Learner Walltime = 7841.685 | Min Dist = 0.426 | Min Dist 10 = 0.520 | Min Dist 100 = 1.341 | Min Dist 1000 = 0.884 | Steps Per Second = 89.130 | Success = 1.000 | Success 1000 = 0.833
I0502 17:16:58.711102 139557462840896 terminal.py:91] [Actor] Actor Episodes = 50825 | Actor Steps = 2541250 | Delta Dist = 4.164 | Delta Dist 10 = 1.788 | Delta Dist 100 = 4.488 | Delta Dist 1000 = 4.360 | Episode Length = 50 | Episode Return = 35.0 | Evaluator Episodes = 12895 | Evaluator Steps = 644750 | Final Dist = 0.308 | Final Dist 10 = 2.631 | Final Dist 100 = 1.358 | Final Dist 1000 = 1.498 | Init Dist = 4.472 | Init Dist 10 = 4.419 | Init Dist 100 = 5.846 | Init Dist 1000 = 5.857 | Learner Steps = 39548 | Learner Walltime = 7841.685 | Min Dist = 0.308 | Min Dist 10 = 0.151 | Min Dist 100 = 0.173 | Min Dist 1000 = 0.213 | Steps Per Second = 79.395 | Success = 1.000 | Success 1000 = 0.987
I0502 17:16:58.920999 139555860620864 terminal.py:91] [Actor] Actor Episodes = 50827 | Actor Steps = 2541350 | Delta Dist = -4.953 | Delta Dist 10 = 1.832 | Delta Dist 100 = 4.519 | Delta Dist 1000 = 4.361 | Episode Length = 50 | Episode Return = 0.0 | Evaluator Episodes = 12895 | Evaluator Steps = 644750 | Final Dist = 8.558 | Final Dist 10 = 2.427 | Final Dist 100 = 1.344 | Final Dist 1000 = 1.497 | Init Dist = 3.606 | Init Dist 10 = 4.258 | Init Dist 100 = 5.863 | Init Dist 1000 = 5.858 | Learner Steps = 39554 | Learner Walltime = 7843.004 | Min Dist = 0.079 | Min Dist 10 = 0.174 | Min Dist 100 = 0.176 | Min Dist 1000 = 0.214 | Steps Per Second = 80.022 | Success = 1.000 | Success 1000 = 0.987
I0502 17:16:59.727860 139584504182336 lp_utils.py:96] StepsLimiter: Reached 2541550 recorded steps
I0502 17:16:59.885951 139579566835264 terminal.py:91] [Evaluator] Actor Episodes = 50831 | Actor Steps = 2541550 | Delta Dist = 11.051 | Delta Dist 10 = 11.688 | Delta Dist 100 = 10.703 | Delta Dist 1000 = 11.247 | Episode Length = 50 | Episode Return = 8.0 | Evaluator Episodes = 12897 | Evaluator Steps = 644850 | Final Dist = 1.755 | Final Dist 10 = 1.119 | Final Dist 100 = 2.104 | Final Dist 1000 = 1.560 | Init Dist = 12.806 | Init Dist 10 = 12.806 | Init Dist 100 = 12.806 | Init Dist 1000 = 12.806 | Learner Steps = 39560 | Learner Walltime = 7844.021 | Min Dist = 0.229 | Min Dist 10 = 0.556 | Min Dist 100 = 1.342 | Min Dist 1000 = 0.879 | Steps Per Second = 82.511 | Success = 1.000 | Success 1000 = 0.834
I0502 17:17:01.133049 139579566835264 terminal.py:91] [Evaluator] Actor Episodes = 50839 | Actor Steps = 2541950 | Delta Dist = 11.110 | Delta Dist 10 = 10.929 | Delta Dist 100 = 10.659 | Delta Dist 1000 = 11.240 | Episode Length = 50 | Episode Return = 12.0 | Evaluator Episodes = 12899 | Evaluator Steps = 644950 | Final Dist = 1.696 | Final Dist 10 = 1.877 | Final Dist 100 = 2.147 | Final Dist 1000 = 1.566 | Init Dist = 12.806 | Init Dist 10 = 12.806 | Init Dist 100 = 12.806 | Init Dist 1000 = 12.806 | Learner Steps = 39565 | Learner Walltime = 7845.167 | Min Dist = 0.960 | Min Dist 10 = 1.085 | Min Dist 100 = 1.379 | Min Dist 1000 = 0.883 | Steps Per Second = 81.517 | Success = 1.000 | Success 1000 = 0.833
I0502 17:17:02.295232 139579566835264 terminal.py:91] [Evaluator] Actor Episodes = 50847 | Actor Steps = 2542350 | Delta Dist = 11.808 | Delta Dist 10 = 10.848 | Delta Dist 100 = 10.707 | Delta Dist 1000 = 11.240 | Episode Length = 50 | Episode Return = 21.0 | Evaluator Episodes = 12901 | Evaluator Steps = 645050 | Final Dist = 0.998 | Final Dist 10 = 1.958 | Final Dist 100 = 2.100 | Final Dist 1000 = 1.566 | Init Dist = 12.806 | Init Dist 10 = 12.806 | Init Dist 100 = 12.806 | Init Dist 1000 = 12.806 | Learner Steps = 39570 | Learner Walltime = 7846.202 | Min Dist = 0.112 | Min Dist 10 = 1.193 | Min Dist 100 = 1.341 | Min Dist 1000 = 0.882 | Steps Per Second = 81.775 | Success = 1.000 | Success 1000 = 0.834
I0502 17:17:02.435980 139569349502528 terminal.py:91] [Actor] Actor Episodes = 50846 | Actor Steps = 2542300 | Delta Dist = 4.806 | Delta Dist 10 = 5.789 | Delta Dist 100 = 4.560 | Delta Dist 1000 = 4.378 | Episode Length = 50 | Episode Return = 24.0 | Evaluator Episodes = 12899 | Evaluator Steps = 644950 | Final Dist = 0.293 | Final Dist 10 = 0.777 | Final Dist 100 = 1.285 | Final Dist 1000 = 1.488 | Init Dist = 5.099 | Init Dist 10 = 6.566 | Init Dist 100 = 5.845 | Init Dist 1000 = 5.866 | Learner Steps = 39565 | Learner Walltime = 7845.167 | Min Dist = 0.022 | Min Dist 10 = 0.151 | Min Dist 100 = 0.181 | Min Dist 1000 = 0.214 | Steps Per Second = 86.184 | Success = 1.000 | Success 1000 = 0.987
I0502 17:17:03.607909 139579566835264 terminal.py:91] [Evaluator] Actor Episodes = 50855 | Actor Steps = 2542750 | Delta Dist = 12.078 | Delta Dist 10 = 10.493 | Delta Dist 100 = 10.664 | Delta Dist 1000 = 11.237 | Episode Length = 50 | Episode Return = 6.0 | Evaluator Episodes = 12903 | Evaluator Steps = 645150 | Final Dist = 0.728 | Final Dist 10 = 2.314 | Final Dist 100 = 2.142 | Final Dist 1000 = 1.569 | Init Dist = 12.806 | Init Dist 10 = 12.806 | Init Dist 100 = 12.806 | Init Dist 1000 = 12.806 | Learner Steps = 39576 | Learner Walltime = 7847.551 | Min Dist = 0.596 | Min Dist 10 = 1.540 | Min Dist 100 = 1.374 | Min Dist 1000 = 0.886 | Steps Per Second = 74.911 | Success = 1.000 | Success 1000 = 0.834
I0502 17:17:04.918729 139579566835264 terminal.py:91] [Evaluator] Actor Episodes = 50863 | Actor Steps = 2543150 | Delta Dist = 7.094 | Delta Dist 10 = 10.154 | Delta Dist 100 = 10.621 | Delta Dist 1000 = 11.233 | Episode Length = 50 | Episode Return = 0.0 | Evaluator Episodes = 12905 | Evaluator Steps = 645250 | Final Dist = 5.712 | Final Dist 10 = 2.652 | Final Dist 100 = 2.186 | Final Dist 1000 = 1.573 | Init Dist = 12.806 | Init Dist 10 = 12.806 | Init Dist 100 = 12.806 | Init Dist 1000 = 12.806 | Learner Steps = 39582 | Learner Walltime = 7848.745 | Min Dist = 5.219 | Min Dist 10 = 1.852 | Min Dist 100 = 1.432 | Min Dist 1000 = 0.892 | Steps Per Second = 81.998 | Success = 0.000 | Success 1000 = 0.833
I0502 17:17:05.199990 139555013154368 terminal.py:91] [Learner] Actor Episodes = 50861 | Actor Loss = 3.7287840843200684 | Actor Steps = 2543050 | Binary Accuracy = 0.9960248470306396 | Categorical Accuracy = 0.4239501953125 | Critic Loss = 1.7334760427474976 | Entropy Mean = -23.97156524658203 | Evaluator Episodes = 12903 | Evaluator Steps = 645150 | Learner Steps = 39585 | Learner Walltime = 7849.395 | Logits Neg = -17.756092071533203 | Logits Pos = -1.7325270175933838 | Logsumexp = 1.1496093273162842 | Steps Per Second = 122.226
I0502 17:17:06.118083 139579566835264 terminal.py:91] [Evaluator] Actor Episodes = 50871 | Actor Steps = 2543550 | Delta Dist = 11.619 | Delta Dist 10 = 9.085 | Delta Dist 100 = 10.504 | Delta Dist 1000 = 11.223 | Episode Length = 50 | Episode Return = 2.0 | Evaluator Episodes = 12907 | Evaluator Steps = 645350 | Final Dist = 1.187 | Final Dist 10 = 3.721 | Final Dist 100 = 2.302 | Final Dist 1000 = 1.584 | Init Dist = 12.806 | Init Dist 10 = 12.806 | Init Dist 100 = 12.806 | Init Dist 1000 = 12.806 | Learner Steps = 39589 | Learner Walltime = 7849.989 | Min Dist = 0.345 | Min Dist 10 = 2.874 | Min Dist 100 = 1.534 | Min Dist 1000 = 0.902 | Steps Per Second = 79.534 | Success = 1.000 | Success 1000 = 0.831
I0502 17:17:06.461042 139558059398720 terminal.py:91] [Actor] Actor Episodes = 50872 | Actor Steps = 2543600 | Delta Dist = 4.786 | Delta Dist 10 = 4.837 | Delta Dist 100 = 4.647 | Delta Dist 1000 = 4.422 | Episode Length = 50 | Episode Return = 32.0 | Evaluator Episodes = 12905 | Evaluator Steps = 645250 | Final Dist = 1.296 | Final Dist 10 = 1.665 | Final Dist 100 = 1.214 | Final Dist 1000 = 1.486 | Init Dist = 6.083 | Init Dist 10 = 6.502 | Init Dist 100 = 5.861 | Init Dist 1000 = 5.908 | Learner Steps = 39582 | Learner Walltime = 7848.745 | Min Dist = 0.260 | Min Dist 10 = 0.141 | Min Dist 100 = 0.157 | Min Dist 1000 = 0.215 | Steps Per Second = 73.406 | Success = 1.000 | Success 1000 = 0.987
I0502 17:17:07.306027 139579566835264 terminal.py:91] [Evaluator] Actor Episodes = 50879 | Actor Steps = 2543950 | Delta Dist = 10.620 | Delta Dist 10 = 9.738 | Delta Dist 100 = 10.501 | Delta Dist 1000 = 11.222 | Episode Length = 50 | Episode Return = 0.0 | Evaluator Episodes = 12909 | Evaluator Steps = 645450 | Final Dist = 2.187 | Final Dist 10 = 3.068 | Final Dist 100 = 2.306 | Final Dist 1000 = 1.585 | Init Dist = 12.806 | Init Dist 10 = 12.806 | Init Dist 100 = 12.806 | Init Dist 1000 = 12.806 | Learner Steps = 39593 | Learner Walltime = 7851.009 | Min Dist = 1.326 | Min Dist 10 = 2.370 | Min Dist 100 = 1.530 | Min Dist 1000 = 0.902 | Steps Per Second = 80.787 | Success = 0.000 | Success 1000 = 0.831
I0502 17:17:08.580088 139579566835264 terminal.py:91] [Evaluator] Actor Episodes = 50887 | Actor Steps = 2544350 | Delta Dist = 11.714 | Delta Dist 10 = 9.640 | Delta Dist 100 = 10.475 | Delta Dist 1000 = 11.220 | Episode Length = 50 | Episode Return = 9.0 | Evaluator Episodes = 12911 | Evaluator Steps = 645550 | Final Dist = 1.092 | Final Dist 10 = 3.166 | Final Dist 100 = 2.331 | Final Dist 1000 = 1.586 | Init Dist = 12.806 | Init Dist 10 = 12.806 | Init Dist 100 = 12.806 | Init Dist 1000 = 12.806 | Learner Steps = 39600 | Learner Walltime = 7852.335 | Min Dist = 0.457 | Min Dist 10 = 2.392 | Min Dist 100 = 1.537 | Min Dist 1000 = 0.903 | Steps Per Second = 77.222 | Success = 1.000 | Success 1000 = 0.830
I0502 17:17:08.900457 139557462840896 terminal.py:91] [Actor] Actor Episodes = 50889 | Actor Steps = 2544450 | Delta Dist = 6.908 | Delta Dist 10 = 5.500 | Delta Dist 100 = 4.928 | Delta Dist 1000 = 4.437 | Episode Length = 50 | Episode Return = 47.0 | Evaluator Episodes = 12911 | Evaluator Steps = 645550 | Final Dist = 0.303 | Final Dist 10 = 0.880 | Final Dist 100 = 1.097 | Final Dist 1000 = 1.467 | Init Dist = 7.211 | Init Dist 10 = 6.380 | Init Dist 100 = 6.025 | Init Dist 1000 = 5.905 | Learner Steps = 39600 | Learner Walltime = 7852.335 | Min Dist = 0.108 | Min Dist 10 = 0.036 | Min Dist 100 = 0.105 | Min Dist 1000 = 0.208 | Steps Per Second = 76.787 | Success = 1.000 | Success 1000 = 0.987
I0502 17:17:09.254026 139555860620864 terminal.py:91] [Actor] Actor Episodes = 50891 | Actor Steps = 2544550 | Delta Dist = 0.531 | Delta Dist 10 = 4.849 | Delta Dist 100 = 4.859 | Delta Dist 1000 = 4.441 | Episode Length = 50 | Episode Return = 29.0 | Evaluator Episodes = 12911 | Evaluator Steps = 645550 | Final Dist = 1.705 | Final Dist 10 = 1.456 | Final Dist 100 = 1.155 | Final Dist 1000 = 1.470 | Init Dist = 2.236 | Init Dist 10 = 6.305 | Init Dist 100 = 6.014 | Init Dist 1000 = 5.911 | Learner Steps = 39600 | Learner Walltime = 7852.335 | Min Dist = 0.001 | Min Dist 10 = 0.046 | Min Dist 100 = 0.105 | Min Dist 1000 = 0.207 | Steps Per Second = 77.890 | Success = 1.000 | Success 1000 = 0.987
I0502 17:17:09.744937 139584504182336 lp_utils.py:96] StepsLimiter: Reached 2544750 recorded steps
I0502 17:17:09.841926 139579566835264 terminal.py:91] [Evaluator] Actor Episodes = 50895 | Actor Steps = 2544750 | Delta Dist = 12.177 | Delta Dist 10 = 10.165 | Delta Dist 100 = 10.471 | Delta Dist 1000 = 11.220 | Episode Length = 50 | Episode Return = 8.0 | Evaluator Episodes = 12913 | Evaluator Steps = 645650 | Final Dist = 0.630 | Final Dist 10 = 2.641 | Final Dist 100 = 2.336 | Final Dist 1000 = 1.586 | Init Dist = 12.806 | Init Dist 10 = 12.806 | Init Dist 100 = 12.806 | Init Dist 1000 = 12.806 | Learner Steps = 39606 | Learner Walltime = 7853.560 | Min Dist = 0.324 | Min Dist 10 = 1.935 | Min Dist 100 = 1.542 | Min Dist 1000 = 0.903 | Steps Per Second = 80.813 | Success = 1.000 | Success 1000 = 0.830
I0502 17:17:11.161276 139579566835264 terminal.py:91] [Evaluator] Actor Episodes = 50903 | Actor Steps = 2545150 | Delta Dist = 10.861 | Delta Dist 10 = 10.752 | Delta Dist 100 = 10.474 | Delta Dist 1000 = 11.221 | Episode Length = 50 | Episode Return = 1.0 | Evaluator Episodes = 12915 | Evaluator Steps = 645750 | Final Dist = 1.946 | Final Dist 10 = 2.054 | Final Dist 100 = 2.332 | Final Dist 1000 = 1.585 | Init Dist = 12.806 | Init Dist 10 = 12.806 | Init Dist 100 = 12.806 | Init Dist 1000 = 12.806 | Learner Steps = 39611 | Learner Walltime = 7854.645 | Min Dist = 0.385 | Min Dist 10 = 1.379 | Min Dist 100 = 1.540 | Min Dist 1000 = 0.902 | Steps Per Second = 80.647 | Success = 1.000 | Success 1000 = 0.830
I0502 17:17:12.347140 139579566835264 terminal.py:91] [Evaluator] Actor Episodes = 50911 | Actor Steps = 2545550 | Delta Dist = 11.750 | Delta Dist 10 = 11.597 | Delta Dist 100 = 10.452 | Delta Dist 1000 = 11.218 | Episode Length = 50 | Episode Return = 2.0 | Evaluator Episodes = 12917 | Evaluator Steps = 645850 | Final Dist = 1.056 | Final Dist 10 = 1.209 | Final Dist 100 = 2.354 | Final Dist 1000 = 1.588 | Init Dist = 12.806 | Init Dist 10 = 12.806 | Init Dist 100 = 12.806 | Init Dist 1000 = 12.806 | Learner Steps = 39617 | Learner Walltime = 7855.851 | Min Dist = 0.744 | Min Dist 10 = 0.517 | Min Dist 100 = 1.556 | Min Dist 1000 = 0.904 | Steps Per Second = 88.129 | Success = 1.000 | Success 1000 = 0.829
I0502 17:17:12.683206 139569349502528 terminal.py:91] [Actor] Actor Episodes = 50910 | Actor Steps = 2545500 | Delta Dist = 5.891 | Delta Dist 10 = 4.519 | Delta Dist 100 = 4.917 | Delta Dist 1000 = 4.435 | Episode Length = 50 | Episode Return = 23.0 | Evaluator Episodes = 12915 | Evaluator Steps = 645750 | Final Dist = 0.192 | Final Dist 10 = 1.007 | Final Dist 100 = 1.145 | Final Dist 1000 = 1.453 | Init Dist = 6.083 | Init Dist 10 = 5.526 | Init Dist 100 = 6.062 | Init Dist 1000 = 5.887 | Learner Steps = 39617 | Learner Walltime = 7855.851 | Min Dist = 0.059 | Min Dist 10 = 0.093 | Min Dist 100 = 0.119 | Min Dist 1000 = 0.205 | Steps Per Second = 89.615 | Success = 1.000 | Success 1000 = 0.987
I0502 17:17:13.624132 139579566835264 terminal.py:91] [Evaluator] Actor Episodes = 50919 | Actor Steps = 2545950 | Delta Dist = 6.259 | Delta Dist 10 = 11.142 | Delta Dist 100 = 10.410 | Delta Dist 1000 = 11.214 | Episode Length = 50 | Episode Return = 0.0 | Evaluator Episodes = 12919 | Evaluator Steps = 645950 | Final Dist = 6.547 | Final Dist 10 = 1.664 | Final Dist 100 = 2.396 | Final Dist 1000 = 1.593 | Init Dist = 12.806 | Init Dist 10 = 12.806 | Init Dist 100 = 12.806 | Init Dist 1000 = 12.806 | Learner Steps = 39623 | Learner Walltime = 7857.004 | Min Dist = 5.037 | Min Dist 10 = 1.057 | Min Dist 100 = 1.611 | Min Dist 1000 = 0.909 | Steps Per Second = 73.219 | Success = 0.000 | Success 1000 = 0.828
I0502 17:17:14.947653 139579566835264 terminal.py:91] [Evaluator] Actor Episodes = 50927 | Actor Steps = 2546350 | Delta Dist = 6.250 | Delta Dist 10 = 10.662 | Delta Dist 100 = 10.344 | Delta Dist 1000 = 11.207 | Episode Length = 50 | Episode Return = 0.0 | Evaluator Episodes = 12921 | Evaluator Steps = 646050 | Final Dist = 6.556 | Final Dist 10 = 2.144 | Final Dist 100 = 2.463 | Final Dist 1000 = 1.599 | Init Dist = 12.806 | Init Dist 10 = 12.806 | Init Dist 100 = 12.806 | Init Dist 1000 = 12.806 | Learner Steps = 39629 | Learner Walltime = 7858.328 | Min Dist = 5.358 | Min Dist 10 = 1.433 | Min Dist 100 = 1.656 | Min Dist 1000 = 0.913 | Steps Per Second = 74.862 | Success = 0.000 | Success 1000 = 0.828
I0502 17:17:15.211294 139555013154368 terminal.py:91] [Learner] Actor Episodes = 50927 | Actor Loss = 3.7167201042175293 | Actor Steps = 2546350 | Binary Accuracy = 0.9960148334503174 | Categorical Accuracy = 0.420166015625 | Critic Loss = 1.7677929401397705 | Entropy Mean = -24.209365844726562 | Evaluator Episodes = 12921 | Evaluator Steps = 646050 | Learner Steps = 39635 | Learner Walltime = 7859.410 | Logits Neg = -17.477008819580078 | Logits Pos = -1.776421308517456 | Logsumexp = 1.1245077848434448 | Steps Per Second = 1315.422
I0502 17:17:16.273851 139579566835264 terminal.py:91] [Evaluator] Actor Episodes = 50935 | Actor Steps = 2546750 | Delta Dist = 11.412 | Delta Dist 10 = 10.025 | Delta Dist 100 = 10.284 | Delta Dist 1000 = 11.203 | Episode Length = 50 | Episode Return = 1.0 | Evaluator Episodes = 12923 | Evaluator Steps = 646150 | Final Dist = 1.394 | Final Dist 10 = 2.781 | Final Dist 100 = 2.522 | Final Dist 1000 = 1.603 | Init Dist = 12.806 | Init Dist 10 = 12.806 | Init Dist 100 = 12.806 | Init Dist 1000 = 12.806 | Learner Steps = 39639 | Learner Walltime = 7860.469 | Min Dist = 0.994 | Min Dist 10 = 1.934 | Min Dist 100 = 1.708 | Min Dist 1000 = 0.917 | Steps Per Second = 77.251 | Success = 1.000 | Success 1000 = 0.828
I0502 17:17:16.768138 139558059398720 terminal.py:91] [Actor] Actor Episodes = 50936 | Actor Steps = 2546800 | Delta Dist = -2.501 | Delta Dist 10 = 4.761 | Delta Dist 100 = 5.104 | Delta Dist 1000 = 4.446 | Episode Length = 50 | Episode Return = 0.0 | Evaluator Episodes = 12921 | Evaluator Steps = 646050 | Final Dist = 4.737 | Final Dist 10 = 2.869 | Final Dist 100 = 1.284 | Final Dist 1000 = 1.454 | Init Dist = 2.236 | Init Dist 10 = 7.630 | Init Dist 100 = 6.388 | Init Dist 1000 = 5.899 | Learner Steps = 39634 | Learner Walltime = 7859.361 | Min Dist = 0.038 | Min Dist 10 = 0.126 | Min Dist 100 = 0.121 | Min Dist 1000 = 0.184 | Steps Per Second = 81.965 | Success = 1.000 | Success 1000 = 0.989
I0502 17:17:17.487896 139579566835264 terminal.py:91] [Evaluator] Actor Episodes = 50943 | Actor Steps = 2547150 | Delta Dist = 6.872 | Delta Dist 10 = 9.951 | Delta Dist 100 = 10.345 | Delta Dist 1000 = 11.204 | Episode Length = 50 | Episode Return = 0.0 | Evaluator Episodes = 12925 | Evaluator Steps = 646250 | Final Dist = 5.934 | Final Dist 10 = 2.855 | Final Dist 100 = 2.461 | Final Dist 1000 = 1.602 | Init Dist = 12.806 | Init Dist 10 = 12.806 | Init Dist 100 = 12.806 | Init Dist 1000 = 12.806 | Learner Steps = 39639 | Learner Walltime = 7860.469 | Min Dist = 5.151 | Min Dist 10 = 2.005 | Min Dist 100 = 1.664 | Min Dist 1000 = 0.917 | Steps Per Second = 76.434 | Success = 0.000 | Success 1000 = 0.828
I0502 17:17:18.812508 139579566835264 terminal.py:91] [Evaluator] Actor Episodes = 50951 | Actor Steps = 2547550 | Delta Dist = 12.002 | Delta Dist 10 = 9.209 | Delta Dist 100 = 10.360 | Delta Dist 1000 = 11.194 | Episode Length = 50 | Episode Return = 29.0 | Evaluator Episodes = 12927 | Evaluator Steps = 646350 | Final Dist = 0.804 | Final Dist 10 = 3.597 | Final Dist 100 = 2.446 | Final Dist 1000 = 1.612 | Init Dist = 12.806 | Init Dist 10 = 12.806 | Init Dist 100 = 12.806 | Init Dist 1000 = 12.806 | Learner Steps = 39651 | Learner Walltime = 7863.012 | Min Dist = 0.129 | Min Dist 10 = 2.863 | Min Dist 100 = 1.668 | Min Dist 1000 = 0.927 | Steps Per Second = 75.432 | Success = 1.000 | Success 1000 = 0.826
I0502 17:17:19.319981 139557462840896 terminal.py:91] [Actor] Actor Episodes = 50953 | Actor Steps = 2547650 | Delta Dist = 1.021 | Delta Dist 10 = 4.763 | Delta Dist 100 = 4.925 | Delta Dist 1000 = 4.444 | Episode Length = 50 | Episode Return = 21.0 | Evaluator Episodes = 12927 | Evaluator Steps = 646350 | Final Dist = 8.199 | Final Dist 10 = 0.791 | Final Dist 100 = 1.298 | Final Dist 1000 = 1.446 | Init Dist = 9.220 | Init Dist 10 = 5.553 | Init Dist 100 = 6.223 | Init Dist 1000 = 5.891 | Learner Steps = 39651 | Learner Walltime = 7863.012 | Min Dist = 0.008 | Min Dist 10 = 0.075 | Min Dist 100 = 0.113 | Min Dist 1000 = 0.181 | Steps Per Second = 82.964 | Success = 1.000 | Success 1000 = 0.990
I0502 17:17:19.453647 139555860620864 terminal.py:91] [Actor] Actor Episodes = 50955 | Actor Steps = 2547750 | Delta Dist = 3.572 | Delta Dist 10 = 4.033 | Delta Dist 100 = 4.811 | Delta Dist 1000 = 4.439 | Episode Length = 50 | Episode Return = 38.0 | Evaluator Episodes = 12927 | Evaluator Steps = 646350 | Final Dist = 1.813 | Final Dist 10 = 1.535 | Final Dist 100 = 1.385 | Final Dist 1000 = 1.453 | Init Dist = 5.385 | Init Dist 10 = 5.568 | Init Dist 100 = 6.196 | Init Dist 1000 = 5.892 | Learner Steps = 39651 | Learner Walltime = 7863.012 | Min Dist = 0.107 | Min Dist 10 = 0.085 | Min Dist 100 = 0.113 | Min Dist 1000 = 0.181 | Steps Per Second = 94.053 | Success = 1.000 | Success 1000 = 0.991
I0502 17:17:19.766887 139584504182336 lp_utils.py:96] StepsLimiter: Reached 2547750 recorded steps
I0502 17:17:20.117483 139579566835264 terminal.py:91] [Evaluator] Actor Episodes = 50959 | Actor Steps = 2547950 | Delta Dist = 10.999 | Delta Dist 10 = 9.066 | Delta Dist 100 = 10.359 | Delta Dist 1000 = 11.188 | Episode Length = 50 | Episode Return = 0.0 | Evaluator Episodes = 12929 | Evaluator Steps = 646450 | Final Dist = 1.807 | Final Dist 10 = 3.740 | Final Dist 100 = 2.447 | Final Dist 1000 = 1.618 | Init Dist = 12.806 | Init Dist 10 = 12.806 | Init Dist 100 = 12.806 | Init Dist 1000 = 12.806 | Learner Steps = 39658 | Learner Walltime = 7864.295 | Min Dist = 1.281 | Min Dist 10 = 2.810 | Min Dist 100 = 1.661 | Min Dist 1000 = 0.932 | Steps Per Second = 76.749 | Success = 0.000 | Success 1000 = 0.825
I0502 17:17:21.292652 139579566835264 terminal.py:91] [Evaluator] Actor Episodes = 50967 | Actor Steps = 2548350 | Delta Dist = 12.510 | Delta Dist 10 = 9.571 | Delta Dist 100 = 10.341 | Delta Dist 1000 = 11.186 | Episode Length = 50 | Episode Return = 22.0 | Evaluator Episodes = 12931 | Evaluator Steps = 646550 | Final Dist = 0.297 | Final Dist 10 = 3.236 | Final Dist 100 = 2.465 | Final Dist 1000 = 1.620 | Init Dist = 12.806 | Init Dist 10 = 12.806 | Init Dist 100 = 12.806 | Init Dist 1000 = 12.806 | Learner Steps = 39658 | Learner Walltime = 7864.295 | Min Dist = 0.165 | Min Dist 10 = 2.430 | Min Dist 100 = 1.674 | Min Dist 1000 = 0.933 | Steps Per Second = 83.083 | Success = 1.000 | Success 1000 = 0.824
I0502 17:17:22.563142 139579566835264 terminal.py:91] [Evaluator] Actor Episodes = 50973 | Actor Steps = 2548650 | Delta Dist = 12.424 | Delta Dist 10 = 10.196 | Delta Dist 100 = 10.398 | Delta Dist 1000 = 11.186 | Episode Length = 50 | Episode Return = 15.0 | Evaluator Episodes = 12933 | Evaluator Steps = 646650 | Final Dist = 0.382 | Final Dist 10 = 2.610 | Final Dist 100 = 2.408 | Final Dist 1000 = 1.620 | Init Dist = 12.806 | Init Dist 10 = 12.806 | Init Dist 100 = 12.806 | Init Dist 1000 = 12.806 | Learner Steps = 39665 | Learner Walltime = 7865.657 | Min Dist = 0.107 | Min Dist 10 = 1.893 | Min Dist 100 = 1.620 | Min Dist 1000 = 0.932 | Steps Per Second = 88.370 | Success = 1.000 | Success 1000 = 0.824
I0502 17:17:23.021377 139569349502528 terminal.py:91] [Actor] Actor Episodes = 50974 | Actor Steps = 2548700 | Delta Dist = 3.752 | Delta Dist 10 = 3.393 | Delta Dist 100 = 4.433 | Delta Dist 1000 = 4.423 | Episode Length = 50 | Episode Return = 44.0 | Evaluator Episodes = 12931 | Evaluator Steps = 646550 | Final Dist = 0.720 | Final Dist 10 = 1.966 | Final Dist 100 = 1.418 | Final Dist 1000 = 1.457 | Init Dist = 4.472 | Init Dist 10 = 5.359 | Init Dist 100 = 5.851 | Init Dist 1000 = 5.880 | Learner Steps = 39665 | Learner Walltime = 7865.657 | Min Dist = 0.063 | Min Dist 10 = 0.524 | Min Dist 100 = 0.138 | Min Dist 1000 = 0.185 | Steps Per Second = 84.719 | Success = 1.000 | Success 1000 = 0.991
I0502 17:17:23.895041 139579566835264 terminal.py:91] [Evaluator] Actor Episodes = 50981 | Actor Steps = 2549050 | Delta Dist = 12.702 | Delta Dist 10 = 10.224 | Delta Dist 100 = 10.408 | Delta Dist 1000 = 11.193 | Episode Length = 50 | Episode Return = 6.0 | Evaluator Episodes = 12935 | Evaluator Steps = 646750 | Final Dist = 0.105 | Final Dist 10 = 2.582 | Final Dist 100 = 2.399 | Final Dist 1000 = 1.614 | Init Dist = 12.806 | Init Dist 10 = 12.806 | Init Dist 100 = 12.806 | Init Dist 1000 = 12.806 | Learner Steps = 39676 | Learner Walltime = 7868.051 | Min Dist = 0.105 | Min Dist 10 = 1.817 | Min Dist 100 = 1.618 | Min Dist 1000 = 0.927 | Steps Per Second = 75.975 | Success = 1.000 | Success 1000 = 0.825
I0502 17:17:25.118471 139579566835264 terminal.py:91] [Evaluator] Actor Episodes = 50989 | Actor Steps = 2549450 | Delta Dist = 7.951 | Delta Dist 10 = 10.799 | Delta Dist 100 = 10.375 | Delta Dist 1000 = 11.196 | Episode Length = 50 | Episode Return = 0.0 | Evaluator Episodes = 12937 | Evaluator Steps = 646850 | Final Dist = 4.855 | Final Dist 10 = 2.007 | Final Dist 100 = 2.431 | Final Dist 1000 = 1.610 | Init Dist = 12.806 | Init Dist 10 = 12.806 | Init Dist 100 = 12.806 | Init Dist 1000 = 12.806 | Learner Steps = 39676 | Learner Walltime = 7868.051 | Min Dist = 4.855 | Min Dist 10 = 1.266 | Min Dist 100 = 1.659 | Min Dist 1000 = 0.924 | Steps Per Second = 79.530 | Success = 0.000 | Success 1000 = 0.825
I0502 17:17:25.301690 139555013154368 terminal.py:91] [Learner] Actor Episodes = 50991 | Actor Loss = 3.7090694904327393 | Actor Steps = 2549550 | Binary Accuracy = 0.9960410594940186 | Categorical Accuracy = 0.4200439453125 | Critic Loss = 1.7751212120056152 | Entropy Mean = -22.347156524658203 | Evaluator Episodes = 12937 | Evaluator Steps = 646850 | Learner Steps = 39683 | Learner Walltime = 7869.495 | Logits Neg = -17.389062881469727 | Logits Pos = -1.768784523010254 | Logsumexp = 1.078045129776001 | Steps Per Second = 135.981
I0502 17:17:26.487445 139579566835264 terminal.py:91] [Evaluator] Actor Episodes = 50997 | Actor Steps = 2549850 | Delta Dist = 12.388 | Delta Dist 10 = 10.992 | Delta Dist 100 = 10.387 | Delta Dist 1000 = 11.192 | Episode Length = 50 | Episode Return = 11.0 | Evaluator Episodes = 12939 | Evaluator Steps = 646950 | Final Dist = 0.418 | Final Dist 10 = 1.815 | Final Dist 100 = 2.420 | Final Dist 1000 = 1.615 | Init Dist = 12.806 | Init Dist 10 = 12.806 | Init Dist 100 = 12.806 | Init Dist 1000 = 12.806 | Learner Steps = 39689 | Learner Walltime = 7870.643 | Min Dist = 0.034 | Min Dist 10 = 1.320 | Min Dist 100 = 1.664 | Min Dist 1000 = 0.928 | Steps Per Second = 77.283 | Success = 1.000 | Success 1000 = 0.824
I0502 17:17:27.099928 139558059398720 terminal.py:91] [Actor] Actor Episodes = 51000 | Actor Steps = 2550000 | Delta Dist = 5.500 | Delta Dist 10 = 3.657 | Delta Dist 100 = 4.194 | Delta Dist 1000 = 4.402 | Episode Length = 50 | Episode Return = 23.0 | Evaluator Episodes = 12939 | Evaluator Steps = 646950 | Final Dist = 1.208 | Final Dist 10 = 1.285 | Final Dist 100 = 1.542 | Final Dist 1000 = 1.477 | Init Dist = 6.708 | Init Dist 10 = 4.942 | Init Dist 100 = 5.736 | Init Dist 1000 = 5.879 | Learner Steps = 39689 | Learner Walltime = 7870.643 | Min Dist = 0.246 | Min Dist 10 = 0.073 | Min Dist 100 = 0.199 | Min Dist 1000 = 0.192 | Steps Per Second = 83.108 | Success = 1.000 | Success 1000 = 0.990
I0502 17:17:27.746238 139579566835264 terminal.py:91] [Evaluator] Actor Episodes = 51005 | Actor Steps = 2550250 | Delta Dist = 7.198 | Delta Dist 10 = 11.226 | Delta Dist 100 = 10.387 | Delta Dist 1000 = 11.192 | Episode Length = 50 | Episode Return = 0.0 | Evaluator Episodes = 12941 | Evaluator Steps = 647050 | Final Dist = 5.608 | Final Dist 10 = 1.580 | Final Dist 100 = 2.420 | Final Dist 1000 = 1.614 | Init Dist = 12.806 | Init Dist 10 = 12.806 | Init Dist 100 = 12.806 | Init Dist 1000 = 12.806 | Learner Steps = 39694 | Learner Walltime = 7871.801 | Min Dist = 5.279 | Min Dist 10 = 1.189 | Min Dist 100 = 1.657 | Min Dist 1000 = 0.928 | Steps Per Second = 79.111 | Success = 0.000 | Success 1000 = 0.824
I0502 17:17:29.001927 139579566835264 terminal.py:91] [Evaluator] Actor Episodes = 51013 | Actor Steps = 2550650 | Delta Dist = 12.023 | Delta Dist 10 = 10.150 | Delta Dist 100 = 10.287 | Delta Dist 1000 = 11.181 | Episode Length = 50 | Episode Return = 23.0 | Evaluator Episodes = 12943 | Evaluator Steps = 647150 | Final Dist = 0.783 | Final Dist 10 = 2.656 | Final Dist 100 = 2.519 | Final Dist 1000 = 1.625 | Init Dist = 12.806 | Init Dist 10 = 12.806 | Init Dist 100 = 12.806 | Init Dist 1000 = 12.806 | Learner Steps = 39701 | Learner Walltime = 7873.028 | Min Dist = 0.085 | Min Dist 10 = 2.249 | Min Dist 100 = 1.759 | Min Dist 1000 = 0.938 | Steps Per Second = 82.778 | Success = 1.000 | Success 1000 = 0.822
I0502 17:17:29.579928 139555860620864 terminal.py:91] [Actor] Actor Episodes = 51017 | Actor Steps = 2550850 | Delta Dist = -1.826 | Delta Dist 10 = 5.647 | Delta Dist 100 = 4.288 | Delta Dist 1000 = 4.393 | Episode Length = 50 | Episode Return = 0.0 | Evaluator Episodes = 12943 | Evaluator Steps = 647150 | Final Dist = 4.989 | Final Dist 10 = 3.511 | Final Dist 100 = 1.727 | Final Dist 1000 = 1.504 | Init Dist = 3.162 | Init Dist 10 = 9.157 | Init Dist 100 = 6.014 | Init Dist 1000 = 5.898 | Learner Steps = 39701 | Learner Walltime = 7873.028 | Min Dist = 0.289 | Min Dist 10 = 0.115 | Min Dist 100 = 0.197 | Min Dist 1000 = 0.192 | Steps Per Second = 81.860 | Success = 1.000 | Success 1000 = 0.990
I0502 17:17:29.731539 139557462840896 terminal.py:91] [Actor] Actor Episodes = 51019 | Actor Steps = 2550950 | Delta Dist = 3.563 | Delta Dist 10 = 5.761 | Delta Dist 100 = 4.322 | Delta Dist 1000 = 4.393 | Episode Length = 50 | Episode Return = 2.0 | Evaluator Episodes = 12943 | Evaluator Steps = 647150 | Final Dist = 0.679 | Final Dist 10 = 2.985 | Final Dist 100 = 1.708 | Final Dist 1000 = 1.504 | Init Dist = 4.243 | Init Dist 10 = 8.745 | Init Dist 100 = 6.030 | Init Dist 1000 = 5.897 | Learner Steps = 39701 | Learner Walltime = 7873.028 | Min Dist = 0.425 | Min Dist 10 = 0.143 | Min Dist 100 = 0.200 | Min Dist 1000 = 0.192 | Steps Per Second = 85.148 | Success = 1.000 | Success 1000 = 0.990
I0502 17:17:29.784996 139584504182336 lp_utils.py:96] StepsLimiter: Reached 2550950 recorded steps
I0502 17:17:30.267879 139579566835264 terminal.py:91] [Evaluator] Actor Episodes = 51021 | Actor Steps = 2551050 | Delta Dist = 12.136 | Delta Dist 10 = 10.180 | Delta Dist 100 = 10.291 | Delta Dist 1000 = 11.181 | Episode Length = 50 | Episode Return = 31.0 | Evaluator Episodes = 12945 | Evaluator Steps = 647250 | Final Dist = 0.670 | Final Dist 10 = 2.627 | Final Dist 100 = 2.516 | Final Dist 1000 = 1.625 | Init Dist = 12.806 | Init Dist 10 = 12.806 | Init Dist 100 = 12.806 | Init Dist 1000 = 12.806 | Learner Steps = 39706 | Learner Walltime = 7874.044 | Min Dist = 0.056 | Min Dist 10 = 2.237 | Min Dist 100 = 1.757 | Min Dist 1000 = 0.938 | Steps Per Second = 77.608 | Success = 1.000 | Success 1000 = 0.822
I0502 17:17:31.537147 139579566835264 terminal.py:91] [Evaluator] Actor Episodes = 51029 | Actor Steps = 2551450 | Delta Dist = 11.475 | Delta Dist 10 = 10.580 | Delta Dist 100 = 10.290 | Delta Dist 1000 = 11.181 | Episode Length = 50 | Episode Return = 1.0 | Evaluator Episodes = 12947 | Evaluator Steps = 647350 | Final Dist = 1.331 | Final Dist 10 = 2.226 | Final Dist 100 = 2.516 | Final Dist 1000 = 1.625 | Init Dist = 12.806 | Init Dist 10 = 12.806 | Init Dist 100 = 12.806 | Init Dist 1000 = 12.806 | Learner Steps = 39711 | Learner Walltime = 7875.253 | Min Dist = 0.277 | Min Dist 10 = 1.714 | Min Dist 100 = 1.752 | Min Dist 1000 = 0.937 | Steps Per Second = 76.362 | Success = 1.000 | Success 1000 = 0.823
I0502 17:17:31.782197 139584635659840 savers.py:156] Saving checkpoint: logs/contrastive_cpc_point_FourRooms_64/5dd72662-2788-11f0-b183-d85ed38c5779/checkpoints/counter
I0502 17:17:32.790865 139579566835264 terminal.py:91] [Evaluator] Actor Episodes = 51037 | Actor Steps = 2551850 | Delta Dist = 11.543 | Delta Dist 10 = 10.898 | Delta Dist 100 = 10.335 | Delta Dist 1000 = 11.185 | Episode Length = 50 | Episode Return = 4.0 | Evaluator Episodes = 12949 | Evaluator Steps = 647450 | Final Dist = 1.263 | Final Dist 10 = 1.909 | Final Dist 100 = 2.472 | Final Dist 1000 = 1.622 | Init Dist = 12.806 | Init Dist 10 = 12.806 | Init Dist 100 = 12.806 | Init Dist 1000 = 12.806 | Learner Steps = 39717 | Learner Walltime = 7876.538 | Min Dist = 0.212 | Min Dist 10 = 1.196 | Min Dist 100 = 1.705 | Min Dist 1000 = 0.932 | Steps Per Second = 76.910 | Success = 1.000 | Success 1000 = 0.824
I0502 17:17:33.386874 139569349502528 terminal.py:91] [Actor] Actor Episodes = 51038 | Actor Steps = 2551900 | Delta Dist = 8.860 | Delta Dist 10 = 4.243 | Delta Dist 100 = 4.288 | Delta Dist 1000 = 4.385 | Episode Length = 50 | Episode Return = 24.0 | Evaluator Episodes = 12947 | Evaluator Steps = 647350 | Final Dist = 1.140 | Final Dist 10 = 1.421 | Final Dist 100 = 1.652 | Final Dist 1000 = 1.494 | Init Dist = 10.000 | Init Dist 10 = 5.664 | Init Dist 100 = 5.940 | Init Dist 1000 = 5.878 | Learner Steps = 39717 | Learner Walltime = 7876.538 | Min Dist = 0.147 | Min Dist 10 = 0.135 | Min Dist 100 = 0.206 | Min Dist 1000 = 0.184 | Steps Per Second = 79.777 | Success = 1.000 | Success 1000 = 0.990
I0502 17:17:34.002040 139579566835264 terminal.py:91] [Evaluator] Actor Episodes = 51043 | Actor Steps = 2552150 | Delta Dist = 11.804 | Delta Dist 10 = 10.813 | Delta Dist 100 = 10.335 | Delta Dist 1000 = 11.190 | Episode Length = 50 | Episode Return = 25.0 | Evaluator Episodes = 12951 | Evaluator Steps = 647550 | Final Dist = 1.002 | Final Dist 10 = 1.993 | Final Dist 100 = 2.471 | Final Dist 1000 = 1.616 | Init Dist = 12.806 | Init Dist 10 = 12.806 | Init Dist 100 = 12.806 | Init Dist 1000 = 12.806 | Learner Steps = 39723 | Learner Walltime = 7877.703 | Min Dist = 0.025 | Min Dist 10 = 1.249 | Min Dist 100 = 1.710 | Min Dist 1000 = 0.927 | Steps Per Second = 79.704 | Success = 1.000 | Success 1000 = 0.825
I0502 17:17:35.184723 139579566835264 terminal.py:91] [Evaluator] Actor Episodes = 51051 | Actor Steps = 2552550 | Delta Dist = 11.534 | Delta Dist 10 = 11.805 | Delta Dist 100 = 10.390 | Delta Dist 1000 = 11.189 | Episode Length = 50 | Episode Return = 5.0 | Evaluator Episodes = 12953 | Evaluator Steps = 647650 | Final Dist = 1.272 | Final Dist 10 = 1.001 | Final Dist 100 = 2.416 | Final Dist 1000 = 1.617 | Init Dist = 12.806 | Init Dist 10 = 12.806 | Init Dist 100 = 12.806 | Init Dist 1000 = 12.806 | Learner Steps = 39729 | Learner Walltime = 7879.044 | Min Dist = 0.407 | Min Dist 10 = 0.220 | Min Dist 100 = 1.659 | Min Dist 1000 = 0.927 | Steps Per Second = 86.877 | Success = 1.000 | Success 1000 = 0.825
I0502 17:17:35.533962 139555013154368 terminal.py:91] [Learner] Actor Episodes = 51047 | Actor Loss = 3.6776740550994873 | Actor Steps = 2552350 | Binary Accuracy = 0.9960784912109375 | Categorical Accuracy = 0.4365234375 | Critic Loss = 1.7191483974456787 | Entropy Mean = -23.648157119750977 | Evaluator Episodes = 12951 | Evaluator Steps = 647550 | Learner Steps = 39732 | Learner Walltime = 7879.729 | Logits Neg = -17.170257568359375 | Logits Pos = -1.6808996200561523 | Logsumexp = 1.1123651266098022 | Steps Per Second = 164.882
I0502 17:17:36.549248 139579566835264 terminal.py:91] [Evaluator] Actor Episodes = 51059 | Actor Steps = 2552950 | Delta Dist = 11.494 | Delta Dist 10 = 11.676 | Delta Dist 100 = 10.425 | Delta Dist 1000 = 11.188 | Episode Length = 50 | Episode Return = 12.0 | Evaluator Episodes = 12955 | Evaluator Steps = 647750 | Final Dist = 1.313 | Final Dist 10 = 1.130 | Final Dist 100 = 2.382 | Final Dist 1000 = 1.619 | Init Dist = 12.806 | Init Dist 10 = 12.806 | Init Dist 100 = 12.806 | Init Dist 1000 = 12.806 | Learner Steps = 39735 | Learner Walltime = 7880.403 | Min Dist = 0.370 | Min Dist 10 = 0.255 | Min Dist 100 = 1.610 | Min Dist 1000 = 0.927 | Steps Per Second = 65.698 | Success = 1.000 | Success 1000 = 0.825
I0502 17:17:37.221261 139558059398720 terminal.py:91] [Actor] Actor Episodes = 51063 | Actor Steps = 2553150 | Delta Dist = -6.089 | Delta Dist 10 = 2.982 | Delta Dist 100 = 4.177 | Delta Dist 1000 = 4.381 | Episode Length = 50 | Episode Return = 0.0 | Evaluator Episodes = 12955 | Evaluator Steps = 647750 | Final Dist = 7.503 | Final Dist 10 = 2.728 | Final Dist 100 = 1.933 | Final Dist 1000 = 1.507 | Init Dist = 1.414 | Init Dist 10 = 5.710 | Init Dist 100 = 6.110 | Init Dist 1000 = 5.887 | Learner Steps = 39735 | Learner Walltime = 7880.403 | Min Dist = 0.027 | Min Dist 10 = 0.096 | Min Dist 100 = 0.310 | Min Dist 1000 = 0.194 | Steps Per Second = 64.144 | Success = 1.000 | Success 1000 = 0.990
I0502 17:17:37.942526 139579566835264 terminal.py:91] [Evaluator] Actor Episodes = 51067 | Actor Steps = 2553350 | Delta Dist = 11.453 | Delta Dist 10 = 11.669 | Delta Dist 100 = 10.420 | Delta Dist 1000 = 11.187 | Episode Length = 50 | Episode Return = 3.0 | Evaluator Episodes = 12957 | Evaluator Steps = 647850 | Final Dist = 1.354 | Final Dist 10 = 1.137 | Final Dist 100 = 2.386 | Final Dist 1000 = 1.619 | Init Dist = 12.806 | Init Dist 10 = 12.806 | Init Dist 100 = 12.806 | Init Dist 1000 = 12.806 | Learner Steps = 39741 | Learner Walltime = 7881.528 | Min Dist = 0.488 | Min Dist 10 = 0.297 | Min Dist 100 = 1.611 | Min Dist 1000 = 0.927 | Steps Per Second = 76.273 | Success = 1.000 | Success 1000 = 0.825
I0502 17:17:39.281715 139579566835264 terminal.py:91] [Evaluator] Actor Episodes = 51075 | Actor Steps = 2553750 | Delta Dist = 11.479 | Delta Dist 10 = 11.137 | Delta Dist 100 = 10.398 | Delta Dist 1000 = 11.181 | Episode Length = 50 | Episode Return = 1.0 | Evaluator Episodes = 12959 | Evaluator Steps = 647950 | Final Dist = 1.327 | Final Dist 10 = 1.669 | Final Dist 100 = 2.408 | Final Dist 1000 = 1.625 | Init Dist = 12.806 | Init Dist 10 = 12.806 | Init Dist 100 = 12.806 | Init Dist 1000 = 12.806 | Learner Steps = 39744 | Learner Walltime = 7882.579 | Min Dist = 0.514 | Min Dist 10 = 0.793 | Min Dist 100 = 1.617 | Min Dist 1000 = 0.931 | Steps Per Second = 77.910 | Success = 1.000 | Success 1000 = 0.824
I0502 17:17:39.635797 139555860620864 terminal.py:91] [Actor] Actor Episodes = 51074 | Actor Steps = 2553700 | Delta Dist = 7.008 | Delta Dist 10 = 3.253 | Delta Dist 100 = 4.150 | Delta Dist 1000 = 4.374 | Episode Length = 50 | Episode Return = 33.0 | Evaluator Episodes = 12957 | Evaluator Steps = 647850 | Final Dist = 0.063 | Final Dist 10 = 1.002 | Final Dist 100 = 1.824 | Final Dist 1000 = 1.492 | Init Dist = 7.071 | Init Dist 10 = 4.255 | Init Dist 100 = 5.974 | Init Dist 1000 = 5.866 | Learner Steps = 39744 | Learner Walltime = 7882.579 | Min Dist = 0.017 | Min Dist 10 = 0.054 | Min Dist 100 = 0.262 | Min Dist 1000 = 0.194 | Steps Per Second = 72.931 | Success = 1.000 | Success 1000 = 0.990
I0502 17:17:39.808536 139584504182336 lp_utils.py:96] StepsLimiter: Reached 2553850 recorded steps
I0502 17:17:39.839650 139557462840896 terminal.py:91] [Actor] Actor Episodes = 51076 | Actor Steps = 2553800 | Delta Dist = 7.186 | Delta Dist 10 = 2.908 | Delta Dist 100 = 4.127 | Delta Dist 1000 = 4.367 | Episode Length = 50 | Episode Return = 35.0 | Evaluator Episodes = 12957 | Evaluator Steps = 647850 | Final Dist = 0.624 | Final Dist 10 = 1.611 | Final Dist 100 = 1.885 | Final Dist 1000 = 1.498 | Init Dist = 7.810 | Init Dist 10 = 4.519 | Init Dist 100 = 6.012 | Init Dist 1000 = 5.865 | Learner Steps = 39744 | Learner Walltime = 7882.579 | Min Dist = 0.060 | Min Dist 10 = 0.056 | Min Dist 100 = 0.262 | Min Dist 1000 = 0.194 | Steps Per Second = 73.480 | Success = 1.000 | Success 1000 = 0.990
I0502 17:17:40.419786 139579566835264 terminal.py:91] [Evaluator] Actor Episodes = 51081 | Actor Steps = 2554050 | Delta Dist = 6.864 | Delta Dist 10 = 11.037 | Delta Dist 100 = 10.437 | Delta Dist 1000 = 11.181 | Episode Length = 50 | Episode Return = 0.0 | Evaluator Episodes = 12961 | Evaluator Steps = 648050 | Final Dist = 5.942 | Final Dist 10 = 1.770 | Final Dist 100 = 2.369 | Final Dist 1000 = 1.625 | Init Dist = 12.806 | Init Dist 10 = 12.806 | Init Dist 100 = 12.806 | Init Dist 1000 = 12.806 | Learner Steps = 39750 | Learner Walltime = 7883.706 | Min Dist = 5.381 | Min Dist 10 = 0.835 | Min Dist 100 = 1.571 | Min Dist 1000 = 0.932 | Steps Per Second = 85.344 | Success = 0.000 | Success 1000 = 0.824
I0502 17:17:41.792315 139579566835264 terminal.py:91] [Evaluator] Actor Episodes = 51089 | Actor Steps = 2554450 | Delta Dist = 7.028 | Delta Dist 10 = 10.601 | Delta Dist 100 = 10.444 | Delta Dist 1000 = 11.176 | Episode Length = 50 | Episode Return = 0.0 | Evaluator Episodes = 12963 | Evaluator Steps = 648150 | Final Dist = 5.778 | Final Dist 10 = 2.206 | Final Dist 100 = 2.362 | Final Dist 1000 = 1.630 | Init Dist = 12.806 | Init Dist 10 = 12.806 | Init Dist 100 = 12.806 | Init Dist 1000 = 12.806 | Learner Steps = 39761 | Learner Walltime = 7885.932 | Min Dist = 5.342 | Min Dist 10 = 1.315 | Min Dist 100 = 1.577 | Min Dist 1000 = 0.936 | Steps Per Second = 77.509 | Success = 0.000 | Success 1000 = 0.823
I0502 17:17:43.184827 139579566835264 terminal.py:91] [Evaluator] Actor Episodes = 51097 | Actor Steps = 2554850 | Delta Dist = 11.600 | Delta Dist 10 = 10.160 | Delta Dist 100 = 10.399 | Delta Dist 1000 = 11.171 | Episode Length = 50 | Episode Return = 11.0 | Evaluator Episodes = 12965 | Evaluator Steps = 648250 | Final Dist = 1.206 | Final Dist 10 = 2.646 | Final Dist 100 = 2.408 | Final Dist 1000 = 1.636 | Init Dist = 12.806 | Init Dist 10 = 12.806 | Init Dist 100 = 12.806 | Init Dist 1000 = 12.806 | Learner Steps = 39765 | Learner Walltime = 7887.024 | Min Dist = 0.468 | Min Dist 10 = 1.820 | Min Dist 100 = 1.631 | Min Dist 1000 = 0.942 | Steps Per Second = 77.313 | Success = 1.000 | Success 1000 = 0.822
I0502 17:17:43.668302 139569349502528 terminal.py:91] [Actor] Actor Episodes = 51101 | Actor Steps = 2555050 | Delta Dist = 7.856 | Delta Dist 10 = 4.018 | Delta Dist 100 = 4.016 | Delta Dist 1000 = 4.360 | Episode Length = 50 | Episode Return = 21.0 | Evaluator Episodes = 12965 | Evaluator Steps = 648250 | Final Dist = 0.144 | Final Dist 10 = 0.972 | Final Dist 100 = 1.830 | Final Dist 1000 = 1.508 | Init Dist = 8.000 | Init Dist 10 = 4.990 | Init Dist 100 = 5.846 | Init Dist 1000 = 5.869 | Learner Steps = 39765 | Learner Walltime = 7887.024 | Min Dist = 0.014 | Min Dist 10 = 0.105 | Min Dist 100 = 0.199 | Min Dist 1000 = 0.194 | Steps Per Second = 76.005 | Success = 1.000 | Success 1000 = 0.990
I0502 17:17:44.459292 139579566835264 terminal.py:91] [Evaluator] Actor Episodes = 51105 | Actor Steps = 2555250 | Delta Dist = 12.339 | Delta Dist 10 = 10.154 | Delta Dist 100 = 10.389 | Delta Dist 1000 = 11.171 | Episode Length = 50 | Episode Return = 29.0 | Evaluator Episodes = 12967 | Evaluator Steps = 648350 | Final Dist = 0.467 | Final Dist 10 = 2.653 | Final Dist 100 = 2.417 | Final Dist 1000 = 1.635 | Init Dist = 12.806 | Init Dist 10 = 12.806 | Init Dist 100 = 12.806 | Init Dist 1000 = 12.806 | Learner Steps = 39771 | Learner Walltime = 7888.313 | Min Dist = 0.101 | Min Dist 10 = 1.820 | Min Dist 100 = 1.636 | Min Dist 1000 = 0.941 | Steps Per Second = 74.740 | Success = 1.000 | Success 1000 = 0.822
I0502 17:17:45.509481 139583350109760 savers.py:156] Saving checkpoint: logs/contrastive_cpc_point_FourRooms_64/5dd72662-2788-11f0-b183-d85ed38c5779/checkpoints/learner
I0502 17:17:45.809420 139579566835264 terminal.py:91] [Evaluator] Actor Episodes = 51111 | Actor Steps = 2555550 | Delta Dist = 5.439 | Delta Dist 10 = 10.874 | Delta Dist 100 = 10.505 | Delta Dist 1000 = 11.172 | Episode Length = 50 | Episode Return = 0.0 | Evaluator Episodes = 12969 | Evaluator Steps = 648450 | Final Dist = 7.367 | Final Dist 10 = 1.932 | Final Dist 100 = 2.301 | Final Dist 1000 = 1.635 | Init Dist = 12.806 | Init Dist 10 = 12.806 | Init Dist 100 = 12.806 | Init Dist 1000 = 12.806 | Learner Steps = 39776 | Learner Walltime = 7889.490 | Min Dist = 7.367 | Min Dist 10 = 1.284 | Min Dist 100 = 1.530 | Min Dist 1000 = 0.941 | Steps Per Second = 73.245 | Success = 0.000 | Success 1000 = 0.822
I0502 17:17:46.353441 139555013154368 terminal.py:91] [Learner] Actor Episodes = 51117 | Actor Loss = 3.6668930053710938 | Actor Steps = 2555850 | Binary Accuracy = 0.9960365295410156 | Categorical Accuracy = 0.426025390625 | Critic Loss = 1.7784935235977173 | Entropy Mean = -23.813556671142578 | Evaluator Episodes = 12969 | Evaluator Steps = 648450 | Learner Steps = 39779 | Learner Walltime = 7890.546 | Logits Neg = -17.27334976196289 | Logits Pos = -1.7442363500595093 | Logsumexp = 1.178868055343628 | Steps Per Second = 76.879
I0502 17:17:47.204517 139579566835264 terminal.py:91] [Evaluator] Actor Episodes = 51121 | Actor Steps = 2556050 | Delta Dist = 11.692 | Delta Dist 10 = 10.299 | Delta Dist 100 = 10.563 | Delta Dist 1000 = 11.165 | Episode Length = 50 | Episode Return = 0.0 | Evaluator Episodes = 12971 | Evaluator Steps = 648550 | Final Dist = 1.115 | Final Dist 10 = 2.507 | Final Dist 100 = 2.243 | Final Dist 1000 = 1.642 | Init Dist = 12.806 | Init Dist 10 = 12.806 | Init Dist 100 = 12.806 | Init Dist 1000 = 12.806 | Learner Steps = 39779 | Learner Walltime = 7890.546 | Min Dist = 1.065 | Min Dist 10 = 1.936 | Min Dist 100 = 1.503 | Min Dist 1000 = 0.949 | Steps Per Second = 72.436 | Success = 0.000 | Success 1000 = 0.821
I0502 17:17:47.544597 139558059398720 terminal.py:91] [Actor] Actor Episodes = 51120 | Actor Steps = 2556000 | Delta Dist = 3.430 | Delta Dist 10 = 4.559 | Delta Dist 100 = 3.999 | Delta Dist 1000 = 4.345 | Episode Length = 50 | Episode Return = 23.0 | Evaluator Episodes = 12969 | Evaluator Steps = 648450 | Final Dist = 0.175 | Final Dist 10 = 0.980 | Final Dist 100 = 1.620 | Final Dist 1000 = 1.518 | Init Dist = 3.606 | Init Dist 10 = 5.539 | Init Dist 100 = 5.620 | Init Dist 1000 = 5.863 | Learner Steps = 39779 | Learner Walltime = 7890.546 | Min Dist = 0.101 | Min Dist 10 = 0.032 | Min Dist 100 = 0.296 | Min Dist 1000 = 0.205 | Steps Per Second = 74.622 | Success = 1.000 | Success 1000 = 0.990
I0502 17:17:48.542122 139579566835264 terminal.py:91] [Evaluator] Actor Episodes = 51129 | Actor Steps = 2556450 | Delta Dist = 12.771 | Delta Dist 10 = 10.727 | Delta Dist 100 = 10.610 | Delta Dist 1000 = 11.163 | Episode Length = 50 | Episode Return = 16.0 | Evaluator Episodes = 12973 | Evaluator Steps = 648650 | Final Dist = 0.036 | Final Dist 10 = 2.079 | Final Dist 100 = 2.197 | Final Dist 1000 = 1.644 | Init Dist = 12.806 | Init Dist 10 = 12.806 | Init Dist 100 = 12.806 | Init Dist 1000 = 12.806 | Learner Steps = 39787 | Learner Walltime = 7891.810 | Min Dist = 0.033 | Min Dist 10 = 1.525 | Min Dist 100 = 1.461 | Min Dist 1000 = 0.950 | Steps Per Second = 69.845 | Success = 1.000 | Success 1000 = 0.820
I0502 17:17:49.644426 139555860620864 terminal.py:91] [Actor] Actor Episodes = 51137 | Actor Steps = 2556850 | Delta Dist = 6.207 | Delta Dist 10 = 3.851 | Delta Dist 100 = 3.988 | Delta Dist 1000 = 4.354 | Episode Length = 50 | Episode Return = 29.0 | Evaluator Episodes = 12973 | Evaluator Steps = 648650 | Final Dist = 1.409 | Final Dist 10 = 1.375 | Final Dist 100 = 1.575 | Final Dist 1000 = 1.518 | Init Dist = 7.616 | Init Dist 10 = 5.226 | Init Dist 100 = 5.563 | Init Dist 1000 = 5.871 | Learner Steps = 39793 | Learner Walltime = 7893.156 | Min Dist = 0.126 | Min Dist 10 = 0.096 | Min Dist 100 = 0.301 | Min Dist 1000 = 0.205 | Steps Per Second = 70.453 | Success = 1.000 | Success 1000 = 0.990
I0502 17:17:49.830264 139584504182336 lp_utils.py:96] StepsLimiter: Reached 2556850 recorded steps
I0502 17:17:49.941915 139579566835264 terminal.py:91] [Evaluator] Actor Episodes = 51137 | Actor Steps = 2556850 | Delta Dist = 12.702 | Delta Dist 10 = 11.208 | Delta Dist 100 = 10.723 | Delta Dist 1000 = 11.168 | Episode Length = 50 | Episode Return = 32.0 | Evaluator Episodes = 12975 | Evaluator Steps = 648750 | Final Dist = 0.104 | Final Dist 10 = 1.599 | Final Dist 100 = 2.083 | Final Dist 1000 = 1.638 | Init Dist = 12.806 | Init Dist 10 = 12.806 | Init Dist 100 = 12.806 | Init Dist 1000 = 12.806 | Learner Steps = 39793 | Learner Walltime = 7893.156 | Min Dist = 0.080 | Min Dist 10 = 0.986 | Min Dist 100 = 1.361 | Min Dist 1000 = 0.945 | Steps Per Second = 70.238 | Success = 1.000 | Success 1000 = 0.821
I0502 17:17:50.244519 139557462840896 terminal.py:91] [Actor] Actor Episodes = 51139 | Actor Steps = 2556950 | Delta Dist = 6.819 | Delta Dist 10 = 2.917 | Delta Dist 100 = 4.028 | Delta Dist 1000 = 4.358 | Episode Length = 50 | Episode Return = 27.0 | Evaluator Episodes = 12975 | Evaluator Steps = 648750 | Final Dist = 0.461 | Final Dist 10 = 2.007 | Final Dist 100 = 1.619 | Final Dist 1000 = 1.514 | Init Dist = 7.280 | Init Dist 10 = 4.925 | Init Dist 100 = 5.646 | Init Dist 1000 = 5.872 | Learner Steps = 39793 | Learner Walltime = 7893.156 | Min Dist = 0.005 | Min Dist 10 = 0.128 | Min Dist 100 = 0.307 | Min Dist 1000 = 0.205 | Steps Per Second = 73.854 | Success = 1.000 | Success 1000 = 0.990
I0502 17:17:51.388363 139579566835264 terminal.py:91] [Evaluator] Actor Episodes = 51145 | Actor Steps = 2557250 | Delta Dist = 11.964 | Delta Dist 10 = 11.284 | Delta Dist 100 = 10.738 | Delta Dist 1000 = 11.169 | Episode Length = 50 | Episode Return = 31.0 | Evaluator Episodes = 12977 | Evaluator Steps = 648850 | Final Dist = 0.842 | Final Dist 10 = 1.522 | Final Dist 100 = 2.068 | Final Dist 1000 = 1.638 | Init Dist = 12.806 | Init Dist 10 = 12.806 | Init Dist 100 = 12.806 | Init Dist 1000 = 12.806 | Learner Steps = 39800 | Learner Walltime = 7894.579 | Min Dist = 0.049 | Min Dist 10 = 0.944 | Min Dist 100 = 1.357 | Min Dist 1000 = 0.944 | Steps Per Second = 69.563 | Success = 1.000 | Success 1000 = 0.821
I0502 17:17:52.682814 139579566835264 terminal.py:91] [Evaluator] Actor Episodes = 51153 | Actor Steps = 2557650 | Delta Dist = 7.043 | Delta Dist 10 = 11.257 | Delta Dist 100 = 10.741 | Delta Dist 1000 = 11.171 | Episode Length = 50 | Episode Return = 0.0 | Evaluator Episodes = 12979 | Evaluator Steps = 648950 | Final Dist = 5.763 | Final Dist 10 = 1.549 | Final Dist 100 = 2.065 | Final Dist 1000 = 1.635 | Init Dist = 12.806 | Init Dist 10 = 12.806 | Init Dist 100 = 12.806 | Init Dist 1000 = 12.806 | Learner Steps = 39805 | Learner Walltime = 7895.953 | Min Dist = 5.282 | Min Dist 10 = 0.929 | Min Dist 100 = 1.355 | Min Dist 1000 = 0.941 | Steps Per Second = 77.521 | Success = 0.000 | Success 1000 = 0.822
I0502 17:17:53.760923 139569349502528 terminal.py:91] [Actor] Actor Episodes = 51158 | Actor Steps = 2557900 | Delta Dist = -1.398 | Delta Dist 10 = 4.819 | Delta Dist 100 = 3.970 | Delta Dist 1000 = 4.378 | Episode Length = 50 | Episode Return = 0.0 | Evaluator Episodes = 12979 | Evaluator Steps = 648950 | Final Dist = 2.813 | Final Dist 10 = 0.548 | Final Dist 100 = 1.570 | Final Dist 1000 = 1.511 | Init Dist = 1.414 | Init Dist 10 = 5.367 | Init Dist 100 = 5.541 | Init Dist 1000 = 5.890 | Learner Steps = 39811 | Learner Walltime = 7897.146 | Min Dist = 0.032 | Min Dist 10 = 0.036 | Min Dist 100 = 0.203 | Min Dist 1000 = 0.206 | Steps Per Second = 84.915 | Success = 1.000 | Success 1000 = 0.990
I0502 17:17:53.903470 139579566835264 terminal.py:91] [Evaluator] Actor Episodes = 51161 | Actor Steps = 2558050 | Delta Dist = 12.640 | Delta Dist 10 = 11.420 | Delta Dist 100 = 10.686 | Delta Dist 1000 = 11.166 | Episode Length = 50 | Episode Return = 17.0 | Evaluator Episodes = 12981 | Evaluator Steps = 649050 | Final Dist = 0.166 | Final Dist 10 = 1.386 | Final Dist 100 = 2.121 | Final Dist 1000 = 1.640 | Init Dist = 12.806 | Init Dist 10 = 12.806 | Init Dist 100 = 12.806 | Init Dist 1000 = 12.806 | Learner Steps = 39811 | Learner Walltime = 7897.146 | Min Dist = 0.124 | Min Dist 10 = 0.763 | Min Dist 100 = 1.409 | Min Dist 1000 = 0.946 | Steps Per Second = 74.896 | Success = 1.000 | Success 1000 = 0.821
I0502 17:17:55.280722 139579566835264 terminal.py:91] [Evaluator] Actor Episodes = 51169 | Actor Steps = 2558450 | Delta Dist = 12.133 | Delta Dist 10 = 11.545 | Delta Dist 100 = 10.694 | Delta Dist 1000 = 11.167 | Episode Length = 50 | Episode Return = 17.0 | Evaluator Episodes = 12983 | Evaluator Steps = 649150 | Final Dist = 0.673 | Final Dist 10 = 1.261 | Final Dist 100 = 2.112 | Final Dist 1000 = 1.640 | Init Dist = 12.806 | Init Dist 10 = 12.806 | Init Dist 100 = 12.806 | Init Dist 1000 = 12.806 | Learner Steps = 39818 | Learner Walltime = 7898.469 | Min Dist = 0.203 | Min Dist 10 = 0.648 | Min Dist 100 = 1.405 | Min Dist 1000 = 0.946 | Steps Per Second = 75.536 | Success = 1.000 | Success 1000 = 0.821
I0502 17:17:56.559818 139579566835264 terminal.py:91] [Evaluator] Actor Episodes = 51177 | Actor Steps = 2558850 | Delta Dist = 11.388 | Delta Dist 10 = 11.183 | Delta Dist 100 = 10.726 | Delta Dist 1000 = 11.168 | Episode Length = 50 | Episode Return = 15.0 | Evaluator Episodes = 12985 | Evaluator Steps = 649250 | Final Dist = 1.419 | Final Dist 10 = 1.624 | Final Dist 100 = 2.080 | Final Dist 1000 = 1.638 | Init Dist = 12.806 | Init Dist 10 = 12.806 | Init Dist 100 = 12.806 | Init Dist 1000 = 12.806 | Learner Steps = 39822 | Learner Walltime = 7899.518 | Min Dist = 0.026 | Min Dist 10 = 1.157 | Min Dist 100 = 1.403 | Min Dist 1000 = 0.945 | Steps Per Second = 75.710 | Success = 1.000 | Success 1000 = 0.821
I0502 17:17:56.630619 139555013154368 terminal.py:91] [Learner] Actor Episodes = 51177 | Actor Loss = 3.672574043273926 | Actor Steps = 2558850 | Binary Accuracy = 0.9959957599639893 | Categorical Accuracy = 0.4171142578125 | Critic Loss = 1.7601836919784546 | Entropy Mean = -24.43288803100586 | Evaluator Episodes = 12985 | Evaluator Steps = 649250 | Learner Steps = 39828 | Learner Walltime = 7900.824 | Logits Neg = -17.328697204589844 | Logits Pos = -1.7066733837127686 | Logsumexp = 1.2531317472457886 | Steps Per Second = 122.780
I0502 17:17:57.840446 139558059398720 terminal.py:91] [Actor] Actor Episodes = 51183 | Actor Steps = 2559150 | Delta Dist = 5.616 | Delta Dist 10 = 2.554 | Delta Dist 100 = 3.964 | Delta Dist 1000 = 4.341 | Episode Length = 50 | Episode Return = 12.0 | Evaluator Episodes = 12985 | Evaluator Steps = 649250 | Final Dist = 0.215 | Final Dist 10 = 3.121 | Final Dist 100 = 1.496 | Final Dist 1000 = 1.523 | Init Dist = 5.831 | Init Dist 10 = 5.675 | Init Dist 100 = 5.460 | Init Dist 1000 = 5.864 | Learner Steps = 39828 | Learner Walltime = 7900.824 | Min Dist = 0.215 | Min Dist 10 = 0.064 | Min Dist 100 = 0.204 | Min Dist 1000 = 0.197 | Steps Per Second = 73.346 | Success = 1.000 | Success 1000 = 0.990
I0502 17:17:57.962975 139579566835264 terminal.py:91] [Evaluator] Actor Episodes = 51185 | Actor Steps = 2559250 | Delta Dist = 11.627 | Delta Dist 10 = 11.063 | Delta Dist 100 = 10.713 | Delta Dist 1000 = 11.166 | Episode Length = 50 | Episode Return = 1.0 | Evaluator Episodes = 12987 | Evaluator Steps = 649350 | Final Dist = 1.179 | Final Dist 10 = 1.744 | Final Dist 100 = 2.093 | Final Dist 1000 = 1.640 | Init Dist = 12.806 | Init Dist 10 = 12.806 | Init Dist 100 = 12.806 | Init Dist 1000 = 12.806 | Learner Steps = 39828 | Learner Walltime = 7900.824 | Min Dist = 0.704 | Min Dist 10 = 1.206 | Min Dist 100 = 1.406 | Min Dist 1000 = 0.946 | Steps Per Second = 75.577 | Success = 1.000 | Success 1000 = 0.821
I0502 17:17:59.193619 139579566835264 terminal.py:91] [Evaluator] Actor Episodes = 51191 | Actor Steps = 2559550 | Delta Dist = 12.702 | Delta Dist 10 = 10.964 | Delta Dist 100 = 10.700 | Delta Dist 1000 = 11.166 | Episode Length = 50 | Episode Return = 18.0 | Evaluator Episodes = 12989 | Evaluator Steps = 649450 | Final Dist = 0.104 | Final Dist 10 = 1.843 | Final Dist 100 = 2.107 | Final Dist 1000 = 1.640 | Init Dist = 12.806 | Init Dist 10 = 12.806 | Init Dist 100 = 12.806 | Init Dist 1000 = 12.806 | Learner Steps = 39834 | Learner Walltime = 7902.162 | Min Dist = 0.062 | Min Dist 10 = 1.282 | Min Dist 100 = 1.413 | Min Dist 1000 = 0.945 | Steps Per Second = 96.174 | Success = 1.000 | Success 1000 = 0.822
I0502 17:17:59.859800 139584504182336 lp_utils.py:96] StepsLimiter: Reached 2559750 recorded steps
I0502 17:18:00.006177 139555860620864 terminal.py:91] [Actor] Actor Episodes = 51194 | Actor Steps = 2559700 | Delta Dist = 4.619 | Delta Dist 10 = 4.497 | Delta Dist 100 = 4.041 | Delta Dist 1000 = 4.341 | Episode Length = 50 | Episode Return = 40.0 | Evaluator Episodes = 12989 | Evaluator Steps = 649450 | Final Dist = 0.381 | Final Dist 10 = 1.021 | Final Dist 100 = 1.496 | Final Dist 1000 = 1.524 | Init Dist = 5.000 | Init Dist 10 = 5.519 | Init Dist 100 = 5.537 | Init Dist 1000 = 5.865 | Learner Steps = 39840 | Learner Walltime = 7903.483 | Min Dist = 0.131 | Min Dist 10 = 0.073 | Min Dist 100 = 0.200 | Min Dist 1000 = 0.195 | Steps Per Second = 72.611 | Success = 1.000 | Success 1000 = 0.992
I0502 17:18:00.620458 139579566835264 terminal.py:91] [Evaluator] Actor Episodes = 51199 | Actor Steps = 2559950 | Delta Dist = 12.405 | Delta Dist 10 = 11.034 | Delta Dist 100 = 10.655 | Delta Dist 1000 = 11.168 | Episode Length = 50 | Episode Return = 14.0 | Evaluator Episodes = 12991 | Evaluator Steps = 649550 | Final Dist = 0.402 | Final Dist 10 = 1.772 | Final Dist 100 = 2.151 | Final Dist 1000 = 1.639 | Init Dist = 12.806 | Init Dist 10 = 12.806 | Init Dist 100 = 12.806 | Init Dist 1000 = 12.806 | Learner Steps = 39840 | Learner Walltime = 7903.483 | Min Dist = 0.023 | Min Dist 10 = 1.227 | Min Dist 100 = 1.465 | Min Dist 1000 = 0.945 | Steps Per Second = 68.479 | Success = 1.000 | Success 1000 = 0.822
I0502 17:18:00.643162 139557462840896 terminal.py:91] [Actor] Actor Episodes = 51196 | Actor Steps = 2559800 | Delta Dist = 5.273 | Delta Dist 10 = 2.969 | Delta Dist 100 = 4.002 | Delta Dist 1000 = 4.336 | Episode Length = 50 | Episode Return = 32.0 | Evaluator Episodes = 12989 | Evaluator Steps = 649450 | Final Dist = 0.558 | Final Dist 10 = 1.179 | Final Dist 100 = 1.496 | Final Dist 1000 = 1.527 | Init Dist = 5.831 | Init Dist 10 = 4.148 | Init Dist 100 = 5.498 | Init Dist 1000 = 5.862 | Learner Steps = 39840 | Learner Walltime = 7903.483 | Min Dist = 0.315 | Min Dist 10 = 0.076 | Min Dist 100 = 0.200 | Min Dist 1000 = 0.196 | Steps Per Second = 64.497 | Success = 1.000 | Success 1000 = 0.993
I0502 17:18:01.869221 139579566835264 terminal.py:91] [Evaluator] Actor Episodes = 51205 | Actor Steps = 2560250 | Delta Dist = 12.031 | Delta Dist 10 = 11.092 | Delta Dist 100 = 10.680 | Delta Dist 1000 = 11.170 | Episode Length = 50 | Episode Return = 32.0 | Evaluator Episodes = 12993 | Evaluator Steps = 649650 | Final Dist = 0.775 | Final Dist 10 = 1.714 | Final Dist 100 = 2.126 | Final Dist 1000 = 1.637 | Init Dist = 12.806 | Init Dist 10 = 12.806 | Init Dist 100 = 12.806 | Init Dist 1000 = 12.806 | Learner Steps = 39846 | Learner Walltime = 7904.933 | Min Dist = 0.013 | Min Dist 10 = 1.214 | Min Dist 100 = 1.447 | Min Dist 1000 = 0.944 | Steps Per Second = 76.042 | Success = 1.000 | Success 1000 = 0.822
I0502 17:18:03.228251 139579566835264 terminal.py:91] [Evaluator] Actor Episodes = 51215 | Actor Steps = 2560750 | Delta Dist = 11.500 | Delta Dist 10 = 11.550 | Delta Dist 100 = 10.704 | Delta Dist 1000 = 11.176 | Episode Length = 50 | Episode Return = 25.0 | Evaluator Episodes = 12995 | Evaluator Steps = 649750 | Final Dist = 1.307 | Final Dist 10 = 1.256 | Final Dist 100 = 2.103 | Final Dist 1000 = 1.631 | Init Dist = 12.806 | Init Dist 10 = 12.806 | Init Dist 100 = 12.806 | Init Dist 1000 = 12.806 | Learner Steps = 39852 | Learner Walltime = 7906.219 | Min Dist = 0.344 | Min Dist 10 = 0.716 | Min Dist 100 = 1.422 | Min Dist 1000 = 0.939 | Steps Per Second = 75.314 | Success = 1.000 | Success 1000 = 0.823
I0502 17:18:04.060791 139569349502528 terminal.py:91] [Actor] Actor Episodes = 51221 | Actor Steps = 2561050 | Delta Dist = 7.810 | Delta Dist 10 = 3.522 | Delta Dist 100 = 3.717 | Delta Dist 1000 = 4.316 | Episode Length = 50 | Episode Return = 41.0 | Evaluator Episodes = 12995 | Evaluator Steps = 649750 | Final Dist = 0.675 | Final Dist 10 = 1.082 | Final Dist 100 = 1.543 | Final Dist 1000 = 1.527 | Init Dist = 8.485 | Init Dist 10 = 4.603 | Init Dist 100 = 5.260 | Init Dist 1000 = 5.843 | Learner Steps = 39858 | Learner Walltime = 7907.584 | Min Dist = 0.029 | Min Dist 10 = 0.109 | Min Dist 100 = 0.144 | Min Dist 1000 = 0.201 | Steps Per Second = 79.690 | Success = 1.000 | Success 1000 = 0.992
I0502 17:18:04.472303 139579566835264 terminal.py:91] [Evaluator] Actor Episodes = 51223 | Actor Steps = 2561150 | Delta Dist = 11.977 | Delta Dist 10 = 11.488 | Delta Dist 100 = 10.693 | Delta Dist 1000 = 11.175 | Episode Length = 50 | Episode Return = 16.0 | Evaluator Episodes = 12997 | Evaluator Steps = 649850 | Final Dist = 0.830 | Final Dist 10 = 1.318 | Final Dist 100 = 2.113 | Final Dist 1000 = 1.632 | Init Dist = 12.806 | Init Dist 10 = 12.806 | Init Dist 100 = 12.806 | Init Dist 1000 = 12.806 | Learner Steps = 39858 | Learner Walltime = 7907.584 | Min Dist = 0.220 | Min Dist 10 = 0.728 | Min Dist 100 = 1.423 | Min Dist 1000 = 0.939 | Steps Per Second = 76.221 | Success = 1.000 | Success 1000 = 0.823
I0502 17:18:05.749103 139579566835264 terminal.py:91] [Evaluator] Actor Episodes = 51231 | Actor Steps = 2561550 | Delta Dist = 11.656 | Delta Dist 10 = 11.481 | Delta Dist 100 = 10.755 | Delta Dist 1000 = 11.175 | Episode Length = 50 | Episode Return = 14.0 | Evaluator Episodes = 12999 | Evaluator Steps = 649950 | Final Dist = 1.150 | Final Dist 10 = 1.325 | Final Dist 100 = 2.051 | Final Dist 1000 = 1.632 | Init Dist = 12.806 | Init Dist 10 = 12.806 | Init Dist 100 = 12.806 | Init Dist 1000 = 12.806 | Learner Steps = 39870 | Learner Walltime = 7909.715 | Min Dist = 0.670 | Min Dist 10 = 0.751 | Min Dist 100 = 1.379 | Min Dist 1000 = 0.939 | Steps Per Second = 77.824 | Success = 1.000 | Success 1000 = 0.823
I0502 17:18:06.680835 139555013154368 terminal.py:91] [Learner] Actor Episodes = 51235 | Actor Loss = 3.736175060272217 | Actor Steps = 2561750 | Binary Accuracy = 0.9960386753082275 | Categorical Accuracy = 0.4190673828125 | Critic Loss = 1.803548812866211 | Entropy Mean = -23.723087310791016 | Evaluator Episodes = 12999 | Evaluator Steps = 649950 | Learner Steps = 39875 | Learner Walltime = 7910.878 | Logits Neg = -17.14274024963379 | Logits Pos = -1.8052048683166504 | Logsumexp = 1.1303575038909912 | Steps Per Second = 294.098
I0502 17:18:06.987973 139579566835264 terminal.py:91] [Evaluator] Actor Episodes = 51239 | Actor Steps = 2561950 | Delta Dist = 10.927 | Delta Dist 10 = 11.867 | Delta Dist 100 = 10.757 | Delta Dist 1000 = 11.175 | Episode Length = 50 | Episode Return = 18.0 | Evaluator Episodes = 13001 | Evaluator Steps = 650050 | Final Dist = 1.879 | Final Dist 10 = 0.940 | Final Dist 100 = 2.049 | Final Dist 1000 = 1.631 | Init Dist = 12.806 | Init Dist 10 = 12.806 | Init Dist 100 = 12.806 | Init Dist 1000 = 12.806 | Learner Steps = 39875 | Learner Walltime = 7910.878 | Min Dist = 0.019 | Min Dist 10 = 0.305 | Min Dist 100 = 1.376 | Min Dist 1000 = 0.939 | Steps Per Second = 89.147 | Success = 1.000 | Success 1000 = 0.823
I0502 17:18:07.994745 139558059398720 terminal.py:91] [Actor] Actor Episodes = 51247 | Actor Steps = 2562350 | Delta Dist = 1.845 | Delta Dist 10 = 4.665 | Delta Dist 100 = 3.823 | Delta Dist 1000 = 4.329 | Episode Length = 50 | Episode Return = 0.0 | Evaluator Episodes = 13001 | Evaluator Steps = 650050 | Final Dist = 1.317 | Final Dist 10 = 0.893 | Final Dist 100 = 1.478 | Final Dist 1000 = 1.513 | Init Dist = 3.162 | Init Dist 10 = 5.558 | Init Dist 100 = 5.301 | Init Dist 1000 = 5.843 | Learner Steps = 39875 | Learner Walltime = 7910.878 | Min Dist = 1.317 | Min Dist 10 = 0.384 | Min Dist 100 = 0.162 | Min Dist 1000 = 0.199 | Steps Per Second = 106.329 | Success = 0.000 | Success 1000 = 0.992
I0502 17:18:08.293881 139579566835264 terminal.py:91] [Evaluator] Actor Episodes = 51247 | Actor Steps = 2562350 | Delta Dist = 11.716 | Delta Dist 10 = 11.158 | Delta Dist 100 = 10.746 | Delta Dist 1000 = 11.168 | Episode Length = 50 | Episode Return = 10.0 | Evaluator Episodes = 13003 | Evaluator Steps = 650150 | Final Dist = 1.090 | Final Dist 10 = 1.648 | Final Dist 100 = 2.060 | Final Dist 1000 = 1.639 | Init Dist = 12.806 | Init Dist 10 = 12.806 | Init Dist 100 = 12.806 | Init Dist 1000 = 12.806 | Learner Steps = 39882 | Learner Walltime = 7912.320 | Min Dist = 0.466 | Min Dist 10 = 0.833 | Min Dist 100 = 1.377 | Min Dist 1000 = 0.945 | Steps Per Second = 73.484 | Success = 1.000 | Success 1000 = 0.822
I0502 17:18:09.592942 139579566835264 terminal.py:91] [Evaluator] Actor Episodes = 51255 | Actor Steps = 2562750 | Delta Dist = 12.728 | Delta Dist 10 = 10.998 | Delta Dist 100 = 10.788 | Delta Dist 1000 = 11.168 | Episode Length = 50 | Episode Return = 19.0 | Evaluator Episodes = 13005 | Evaluator Steps = 650250 | Final Dist = 0.078 | Final Dist 10 = 1.808 | Final Dist 100 = 2.018 | Final Dist 1000 = 1.639 | Init Dist = 12.806 | Init Dist 10 = 12.806 | Init Dist 100 = 12.806 | Init Dist 1000 = 12.806 | Learner Steps = 39888 | Learner Walltime = 7913.650 | Min Dist = 0.070 | Min Dist 10 = 0.947 | Min Dist 100 = 1.332 | Min Dist 1000 = 0.944 | Steps Per Second = 76.872 | Success = 1.000 | Success 1000 = 0.824
I0502 17:18:09.883302 139584504182336 lp_utils.py:96] StepsLimiter: Reached 2562750 recorded steps
I0502 17:18:10.036195 139555860620864 terminal.py:91] [Actor] Actor Episodes = 51257 | Actor Steps = 2562850 | Delta Dist = 4.464 | Delta Dist 10 = 4.922 | Delta Dist 100 = 3.770 | Delta Dist 1000 = 4.341 | Episode Length = 50 | Episode Return = 38.0 | Evaluator Episodes = 13005 | Evaluator Steps = 650250 | Final Dist = 0.008 | Final Dist 10 = 1.595 | Final Dist 100 = 1.497 | Final Dist 1000 = 1.500 | Init Dist = 4.472 | Init Dist 10 = 6.517 | Init Dist 100 = 5.267 | Init Dist 1000 = 5.841 | Learner Steps = 39888 | Learner Walltime = 7913.650 | Min Dist = 0.008 | Min Dist 10 = 0.073 | Min Dist 100 = 0.166 | Min Dist 1000 = 0.191 | Steps Per Second = 78.575 | Success = 1.000 | Success 1000 = 0.992
I0502 17:18:10.885228 139579566835264 terminal.py:91] [Evaluator] Actor Episodes = 51263 | Actor Steps = 2563150 | Delta Dist = 12.720 | Delta Dist 10 = 11.298 | Delta Dist 100 = 10.914 | Delta Dist 1000 = 11.168 | Episode Length = 50 | Episode Return = 32.0 | Evaluator Episodes = 13007 | Evaluator Steps = 650350 | Final Dist = 0.086 | Final Dist 10 = 1.508 | Final Dist 100 = 1.892 | Final Dist 1000 = 1.638 | Init Dist = 12.806 | Init Dist 10 = 12.806 | Init Dist 100 = 12.806 | Init Dist 1000 = 12.806 | Learner Steps = 39894 | Learner Walltime = 7914.796 | Min Dist = 0.055 | Min Dist 10 = 0.891 | Min Dist 100 = 1.225 | Min Dist 1000 = 0.944 | Steps Per Second = 80.845 | Success = 1.000 | Success 1000 = 0.824
I0502 17:18:11.099610 139557462840896 terminal.py:91] [Actor] Actor Episodes = 51260 | Actor Steps = 2563000 | Delta Dist = 10.240 | Delta Dist 10 = 5.534 | Delta Dist 100 = 4.018 | Delta Dist 1000 = 4.350 | Episode Length = 50 | Episode Return = 26.0 | Evaluator Episodes = 13005 | Evaluator Steps = 650250 | Final Dist = 0.530 | Final Dist 10 = 0.894 | Final Dist 100 = 1.440 | Final Dist 1000 = 1.496 | Init Dist = 10.770 | Init Dist 10 = 6.428 | Init Dist 100 = 5.458 | Init Dist 1000 = 5.846 | Learner Steps = 39888 | Learner Walltime = 7913.650 | Min Dist = 0.031 | Min Dist 10 = 0.096 | Min Dist 100 = 0.169 | Min Dist 1000 = 0.191 | Steps Per Second = 80.360 | Success = 1.000 | Success 1000 = 0.992
I0502 17:18:12.178972 139579566835264 terminal.py:91] [Evaluator] Actor Episodes = 51271 | Actor Steps = 2563550 | Delta Dist = 11.456 | Delta Dist 10 = 11.474 | Delta Dist 100 = 10.928 | Delta Dist 1000 = 11.173 | Episode Length = 50 | Episode Return = 11.0 | Evaluator Episodes = 13009 | Evaluator Steps = 650450 | Final Dist = 1.350 | Final Dist 10 = 1.333 | Final Dist 100 = 1.878 | Final Dist 1000 = 1.633 | Init Dist = 12.806 | Init Dist 10 = 12.806 | Init Dist 100 = 12.806 | Init Dist 1000 = 12.806 | Learner Steps = 39900 | Learner Walltime = 7916.069 | Min Dist = 0.059 | Min Dist 10 = 0.801 | Min Dist 100 = 1.222 | Min Dist 1000 = 0.939 | Steps Per Second = 81.643 | Success = 1.000 | Success 1000 = 0.825
I0502 17:18:13.561780 139579566835264 terminal.py:91] [Evaluator] Actor Episodes = 51279 | Actor Steps = 2563950 | Delta Dist = 12.113 | Delta Dist 10 = 11.390 | Delta Dist 100 = 10.932 | Delta Dist 1000 = 11.172 | Episode Length = 50 | Episode Return = 23.0 | Evaluator Episodes = 13011 | Evaluator Steps = 650550 | Final Dist = 0.693 | Final Dist 10 = 1.416 | Final Dist 100 = 1.874 | Final Dist 1000 = 1.635 | Init Dist = 12.806 | Init Dist 10 = 12.806 | Init Dist 100 = 12.806 | Init Dist 1000 = 12.806 | Learner Steps = 39907 | Learner Walltime = 7917.535 | Min Dist = 0.242 | Min Dist 10 = 0.838 | Min Dist 100 = 1.220 | Min Dist 1000 = 0.940 | Steps Per Second = 71.717 | Success = 1.000 | Success 1000 = 0.824
I0502 17:18:14.552725 139569349502528 terminal.py:91] [Actor] Actor Episodes = 51287 | Actor Steps = 2564350 | Delta Dist = 3.825 | Delta Dist 10 = 4.753 | Delta Dist 100 = 4.331 | Delta Dist 1000 = 4.356 | Episode Length = 50 | Episode Return = 46.0 | Evaluator Episodes = 13011 | Evaluator Steps = 650550 | Final Dist = 0.647 | Final Dist 10 = 0.452 | Final Dist 100 = 1.267 | Final Dist 1000 = 1.493 | Init Dist = 4.472 | Init Dist 10 = 5.205 | Init Dist 100 = 5.598 | Init Dist 1000 = 5.849 | Learner Steps = 39913 | Learner Walltime = 7918.751 | Min Dist = 0.061 | Min Dist 10 = 0.085 | Min Dist 100 = 0.169 | Min Dist 1000 = 0.191 | Steps Per Second = 84.787 | Success = 1.000 | Success 1000 = 0.992
I0502 17:18:14.726678 139579566835264 terminal.py:91] [Evaluator] Actor Episodes = 51287 | Actor Steps = 2564350 | Delta Dist = 11.721 | Delta Dist 10 = 12.011 | Delta Dist 100 = 10.931 | Delta Dist 1000 = 11.172 | Episode Length = 50 | Episode Return = 27.0 | Evaluator Episodes = 13013 | Evaluator Steps = 650650 | Final Dist = 1.086 | Final Dist 10 = 0.795 | Final Dist 100 = 1.875 | Final Dist 1000 = 1.634 | Init Dist = 12.806 | Init Dist 10 = 12.806 | Init Dist 100 = 12.806 | Init Dist 1000 = 12.806 | Learner Steps = 39913 | Learner Walltime = 7918.751 | Min Dist = 0.066 | Min Dist 10 = 0.337 | Min Dist 100 = 1.217 | Min Dist 1000 = 0.938 | Steps Per Second = 91.794 | Success = 1.000 | Success 1000 = 0.825
I0502 17:18:15.855114 139579566835264 terminal.py:91] [Evaluator] Actor Episodes = 51295 | Actor Steps = 2564750 | Delta Dist = 11.643 | Delta Dist 10 = 12.046 | Delta Dist 100 = 10.918 | Delta Dist 1000 = 11.172 | Episode Length = 50 | Episode Return = 6.0 | Evaluator Episodes = 13015 | Evaluator Steps = 650750 | Final Dist = 1.163 | Final Dist 10 = 0.761 | Final Dist 100 = 1.889 | Final Dist 1000 = 1.634 | Init Dist = 12.806 | Init Dist 10 = 12.806 | Init Dist 100 = 12.806 | Init Dist 1000 = 12.806 | Learner Steps = 39918 | Learner Walltime = 7919.802 | Min Dist = 0.159 | Min Dist 10 = 0.253 | Min Dist 100 = 1.219 | Min Dist 1000 = 0.939 | Steps Per Second = 84.452 | Success = 1.000 | Success 1000 = 0.825
I0502 17:18:16.868373 139555013154368 terminal.py:91] [Learner] Actor Episodes = 51299 | Actor Loss = 3.7990775108337402 | Actor Steps = 2564950 | Binary Accuracy = 0.9960708618164062 | Categorical Accuracy = 0.42584228515625 | Critic Loss = 1.7358617782592773 | Entropy Mean = -22.26131248474121 | Evaluator Episodes = 13015 | Evaluator Steps = 650750 | Learner Steps = 39924 | Learner Walltime = 7921.066 | Logits Neg = -17.57671546936035 | Logits Pos = -1.719856858253479 | Logsumexp = 1.1266114711761475 | Steps Per Second = 152.099
I0502 17:18:17.075328 139579566835264 terminal.py:91] [Evaluator] Actor Episodes = 51303 | Actor Steps = 2565150 | Delta Dist = 12.035 | Delta Dist 10 = 11.850 | Delta Dist 100 = 10.939 | Delta Dist 1000 = 11.172 | Episode Length = 50 | Episode Return = 3.0 | Evaluator Episodes = 13017 | Evaluator Steps = 650850 | Final Dist = 0.771 | Final Dist 10 = 0.956 | Final Dist 100 = 1.867 | Final Dist 1000 = 1.634 | Init Dist = 12.806 | Init Dist 10 = 12.806 | Init Dist 100 = 12.806 | Init Dist 1000 = 12.806 | Learner Steps = 39924 | Learner Walltime = 7921.066 | Min Dist = 0.422 | Min Dist 10 = 0.262 | Min Dist 100 = 1.199 | Min Dist 1000 = 0.938 | Steps Per Second = 90.395 | Success = 1.000 | Success 1000 = 0.825
I0502 17:18:18.133405 139558059398720 terminal.py:91] [Actor] Actor Episodes = 51307 | Actor Steps = 2565350 | Delta Dist = 3.944 | Delta Dist 10 = 3.244 | Delta Dist 100 = 4.606 | Delta Dist 1000 = 4.362 | Episode Length = 50 | Episode Return = 36.0 | Evaluator Episodes = 13017 | Evaluator Steps = 650850 | Final Dist = 0.056 | Final Dist 10 = 2.505 | Final Dist 100 = 1.276 | Final Dist 1000 = 1.485 | Init Dist = 4.000 | Init Dist 10 = 5.750 | Init Dist 100 = 5.882 | Init Dist 1000 = 5.847 | Learner Steps = 39930 | Learner Walltime = 7922.238 | Min Dist = 0.056 | Min Dist 10 = 0.185 | Min Dist 100 = 0.129 | Min Dist 1000 = 0.189 | Steps Per Second = 73.318 | Success = 1.000 | Success 1000 = 0.992
I0502 17:18:18.325015 139579566835264 terminal.py:91] [Evaluator] Actor Episodes = 51309 | Actor Steps = 2565450 | Delta Dist = 11.436 | Delta Dist 10 = 11.705 | Delta Dist 100 = 10.985 | Delta Dist 1000 = 11.172 | Episode Length = 50 | Episode Return = 13.0 | Evaluator Episodes = 13019 | Evaluator Steps = 650950 | Final Dist = 1.370 | Final Dist 10 = 1.101 | Final Dist 100 = 1.822 | Final Dist 1000 = 1.634 | Init Dist = 12.806 | Init Dist 10 = 12.806 | Init Dist 100 = 12.806 | Init Dist 1000 = 12.806 | Learner Steps = 39930 | Learner Walltime = 7922.238 | Min Dist = 0.232 | Min Dist 10 = 0.323 | Min Dist 100 = 1.149 | Min Dist 1000 = 0.939 | Steps Per Second = 82.385 | Success = 1.000 | Success 1000 = 0.825
I0502 17:18:19.508399 139579566835264 terminal.py:91] [Evaluator] Actor Episodes = 51317 | Actor Steps = 2565850 | Delta Dist = 12.577 | Delta Dist 10 = 11.739 | Delta Dist 100 = 11.040 | Delta Dist 1000 = 11.171 | Episode Length = 50 | Episode Return = 10.0 | Evaluator Episodes = 13021 | Evaluator Steps = 651050 | Final Dist = 0.229 | Final Dist 10 = 1.067 | Final Dist 100 = 1.767 | Final Dist 1000 = 1.635 | Init Dist = 12.806 | Init Dist 10 = 12.806 | Init Dist 100 = 12.806 | Init Dist 1000 = 12.806 | Learner Steps = 39937 | Learner Walltime = 7923.461 | Min Dist = 0.048 | Min Dist 10 = 0.300 | Min Dist 100 = 1.107 | Min Dist 1000 = 0.939 | Steps Per Second = 77.551 | Success = 1.000 | Success 1000 = 0.825
I0502 17:18:19.902646 139584504182336 lp_utils.py:96] StepsLimiter: Reached 2566000 recorded steps
I0502 17:18:20.408682 139555860620864 terminal.py:91] [Actor] Actor Episodes = 51322 | Actor Steps = 2566100 | Delta Dist = 4.424 | Delta Dist 10 = 4.349 | Delta Dist 100 = 4.667 | Delta Dist 1000 = 4.368 | Episode Length = 50 | Episode Return = 36.0 | Evaluator Episodes = 13021 | Evaluator Steps = 651050 | Final Dist = 0.576 | Final Dist 10 = 1.867 | Final Dist 100 = 1.217 | Final Dist 1000 = 1.474 | Init Dist = 5.000 | Init Dist 10 = 6.216 | Init Dist 100 = 5.883 | Init Dist 1000 = 5.842 | Learner Steps = 39942 | Learner Walltime = 7924.467 | Min Dist = 0.576 | Min Dist 10 = 0.190 | Min Dist 100 = 0.134 | Min Dist 1000 = 0.182 | Steps Per Second = 82.805 | Success = 1.000 | Success 1000 = 0.991
I0502 17:18:20.706479 139579566835264 terminal.py:91] [Evaluator] Actor Episodes = 51324 | Actor Steps = 2566200 | Delta Dist = 11.675 | Delta Dist 10 = 11.804 | Delta Dist 100 = 11.109 | Delta Dist 1000 = 11.172 | Episode Length = 50 | Episode Return = 15.0 | Evaluator Episodes = 13023 | Evaluator Steps = 651150 | Final Dist = 1.131 | Final Dist 10 = 1.002 | Final Dist 100 = 1.697 | Final Dist 1000 = 1.634 | Init Dist = 12.806 | Init Dist 10 = 12.806 | Init Dist 100 = 12.806 | Init Dist 1000 = 12.806 | Learner Steps = 39942 | Learner Walltime = 7924.467 | Min Dist = 0.038 | Min Dist 10 = 0.285 | Min Dist 100 = 1.052 | Min Dist 1000 = 0.939 | Steps Per Second = 81.208 | Success = 1.000 | Success 1000 = 0.825
I0502 17:18:21.680114 139557462840896 terminal.py:91] [Actor] Actor Episodes = 51332 | Actor Steps = 2566600 | Delta Dist = 7.349 | Delta Dist 10 = 5.101 | Delta Dist 100 = 4.623 | Delta Dist 1000 = 4.373 | Episode Length = 50 | Episode Return = 11.0 | Evaluator Episodes = 13023 | Evaluator Steps = 651150 | Final Dist = 1.595 | Final Dist 10 = 1.136 | Final Dist 100 = 1.205 | Final Dist 1000 = 1.459 | Init Dist = 8.944 | Init Dist 10 = 6.237 | Init Dist 100 = 5.829 | Init Dist 1000 = 5.832 | Learner Steps = 39942 | Learner Walltime = 7924.467 | Min Dist = 0.319 | Min Dist 10 = 0.119 | Min Dist 100 = 0.137 | Min Dist 1000 = 0.174 | Steps Per Second = 81.159 | Success = 1.000 | Success 1000 = 0.991
I0502 17:18:21.910294 139579566835264 terminal.py:91] [Evaluator] Actor Episodes = 51332 | Actor Steps = 2566600 | Delta Dist = 6.216 | Delta Dist 10 = 11.566 | Delta Dist 100 = 11.079 | Delta Dist 1000 = 11.169 | Episode Length = 50 | Episode Return = 0.0 | Evaluator Episodes = 13025 | Evaluator Steps = 651250 | Final Dist = 6.590 | Final Dist 10 = 1.240 | Final Dist 100 = 1.727 | Final Dist 1000 = 1.637 | Init Dist = 12.806 | Init Dist 10 = 12.806 | Init Dist 100 = 12.806 | Init Dist 1000 = 12.806 | Learner Steps = 39949 | Learner Walltime = 7925.920 | Min Dist = 5.350 | Min Dist 10 = 0.595 | Min Dist 100 = 1.078 | Min Dist 1000 = 0.942 | Steps Per Second = 90.001 | Success = 0.000 | Success 1000 = 0.824
I0502 17:18:23.089982 139579566835264 terminal.py:91] [Evaluator] Actor Episodes = 51340 | Actor Steps = 2567000 | Delta Dist = 11.717 | Delta Dist 10 = 10.547 | Delta Dist 100 = 11.073 | Delta Dist 1000 = 11.165 | Episode Length = 50 | Episode Return = 8.0 | Evaluator Episodes = 13027 | Evaluator Steps = 651350 | Final Dist = 1.089 | Final Dist 10 = 2.259 | Final Dist 100 = 1.733 | Final Dist 1000 = 1.642 | Init Dist = 12.806 | Init Dist 10 = 12.806 | Init Dist 100 = 12.806 | Init Dist 1000 = 12.806 | Learner Steps = 39956 | Learner Walltime = 7927.174 | Min Dist = 0.338 | Min Dist 10 = 1.628 | Min Dist 100 = 1.076 | Min Dist 1000 = 0.947 | Steps Per Second = 88.961 | Success = 1.000 | Success 1000 = 0.823
I0502 17:18:24.398977 139579566835264 terminal.py:91] [Evaluator] Actor Episodes = 51350 | Actor Steps = 2567500 | Delta Dist = 12.461 | Delta Dist 10 = 10.528 | Delta Dist 100 = 11.131 | Delta Dist 1000 = 11.175 | Episode Length = 50 | Episode Return = 15.0 | Evaluator Episodes = 13029 | Evaluator Steps = 651450 | Final Dist = 0.345 | Final Dist 10 = 2.278 | Final Dist 100 = 1.675 | Final Dist 1000 = 1.631 | Init Dist = 12.806 | Init Dist 10 = 12.806 | Init Dist 100 = 12.806 | Init Dist 1000 = 12.806 | Learner Steps = 39962 | Learner Walltime = 7928.451 | Min Dist = 0.302 | Min Dist 10 = 1.657 | Min Dist 100 = 1.034 | Min Dist 1000 = 0.938 | Steps Per Second = 84.203 | Success = 1.000 | Success 1000 = 0.825
I0502 17:18:24.921065 139569349502528 terminal.py:91] [Actor] Actor Episodes = 51351 | Actor Steps = 2567550 | Delta Dist = 9.003 | Delta Dist 10 = 2.687 | Delta Dist 100 = 4.637 | Delta Dist 1000 = 4.354 | Episode Length = 50 | Episode Return = 28.0 | Evaluator Episodes = 13027 | Evaluator Steps = 651350 | Final Dist = 0.845 | Final Dist 10 = 2.185 | Final Dist 100 = 1.312 | Final Dist 1000 = 1.460 | Init Dist = 9.849 | Init Dist 10 = 4.872 | Init Dist 100 = 5.949 | Init Dist 1000 = 5.814 | Learner Steps = 39962 | Learner Walltime = 7928.451 | Min Dist = 0.222 | Min Dist 10 = 0.054 | Min Dist 100 = 0.109 | Min Dist 1000 = 0.172 | Steps Per Second = 80.808 | Success = 1.000 | Success 1000 = 0.992
I0502 17:18:25.587046 139579566835264 terminal.py:91] [Evaluator] Actor Episodes = 51358 | Actor Steps = 2567900 | Delta Dist = 11.799 | Delta Dist 10 = 10.754 | Delta Dist 100 = 11.158 | Delta Dist 1000 = 11.177 | Episode Length = 50 | Episode Return = 9.0 | Evaluator Episodes = 13031 | Evaluator Steps = 651550 | Final Dist = 1.007 | Final Dist 10 = 2.052 | Final Dist 100 = 1.648 | Final Dist 1000 = 1.629 | Init Dist = 12.806 | Init Dist 10 = 12.806 | Init Dist 100 = 12.806 | Init Dist 1000 = 12.806 | Learner Steps = 39968 | Learner Walltime = 7929.695 | Min Dist = 0.062 | Min Dist 10 = 1.593 | Min Dist 100 = 1.023 | Min Dist 1000 = 0.937 | Steps Per Second = 87.368 | Success = 1.000 | Success 1000 = 0.825
I0502 17:18:26.706715 139579566835264 terminal.py:91] [Evaluator] Actor Episodes = 51362 | Actor Steps = 2568100 | Delta Dist = 12.201 | Delta Dist 10 = 10.714 | Delta Dist 100 = 11.161 | Delta Dist 1000 = 11.178 | Episode Length = 50 | Episode Return = 17.0 | Evaluator Episodes = 13033 | Evaluator Steps = 651650 | Final Dist = 0.605 | Final Dist 10 = 2.093 | Final Dist 100 = 1.645 | Final Dist 1000 = 1.629 | Init Dist = 12.806 | Init Dist 10 = 12.806 | Init Dist 100 = 12.806 | Init Dist 1000 = 12.806 | Learner Steps = 39974 | Learner Walltime = 7930.815 | Min Dist = 0.383 | Min Dist 10 = 1.597 | Min Dist 100 = 1.022 | Min Dist 1000 = 0.936 | Steps Per Second = 84.750 | Success = 1.000 | Success 1000 = 0.825
I0502 17:18:27.200129 139555013154368 terminal.py:91] [Learner] Actor Episodes = 51362 | Actor Loss = 3.6949446201324463 | Actor Steps = 2568100 | Binary Accuracy = 0.9960722923278809 | Categorical Accuracy = 0.43157958984375 | Critic Loss = 1.7512576580047607 | Entropy Mean = -24.460002899169922 | Evaluator Episodes = 13031 | Evaluator Steps = 651550 | Learner Steps = 39977 | Learner Walltime = 7931.398 | Logits Neg = -17.251209259033203 | Logits Pos = -1.7288851737976074 | Logsumexp = 1.13157320022583 | Steps Per Second = 181.513
I0502 17:18:27.948538 139579566835264 terminal.py:91] [Evaluator] Actor Episodes = 51370 | Actor Steps = 2568500 | Delta Dist = 11.552 | Delta Dist 10 = 10.998 | Delta Dist 100 = 11.156 | Delta Dist 1000 = 11.177 | Episode Length = 50 | Episode Return = 7.0 | Evaluator Episodes = 13035 | Evaluator Steps = 651750 | Final Dist = 1.254 | Final Dist 10 = 1.808 | Final Dist 100 = 1.650 | Final Dist 1000 = 1.629 | Init Dist = 12.806 | Init Dist 10 = 12.806 | Init Dist 100 = 12.806 | Init Dist 1000 = 12.806 | Learner Steps = 39980 | Learner Walltime = 7932.142 | Min Dist = 0.083 | Min Dist 10 = 1.284 | Min Dist 100 = 1.025 | Min Dist 1000 = 0.936 | Steps Per Second = 73.676 | Success = 1.000 | Success 1000 = 0.825
I0502 17:18:28.457987 139558059398720 terminal.py:91] [Actor] Actor Episodes = 51376 | Actor Steps = 2568800 | Delta Dist = 2.722 | Delta Dist 10 = 6.765 | Delta Dist 100 = 4.545 | Delta Dist 1000 = 4.360 | Episode Length = 50 | Episode Return = 43.0 | Evaluator Episodes = 13035 | Evaluator Steps = 651750 | Final Dist = 0.106 | Final Dist 10 = 0.364 | Final Dist 100 = 1.382 | Final Dist 1000 = 1.449 | Init Dist = 2.828 | Init Dist 10 = 7.129 | Init Dist 100 = 5.927 | Init Dist 1000 = 5.809 | Learner Steps = 39980 | Learner Walltime = 7932.142 | Min Dist = 0.045 | Min Dist 10 = 0.118 | Min Dist 100 = 0.235 | Min Dist 1000 = 0.184 | Steps Per Second = 78.284 | Success = 1.000 | Success 1000 = 0.993
I0502 17:18:29.157673 139579566835264 terminal.py:91] [Evaluator] Actor Episodes = 51378 | Actor Steps = 2568900 | Delta Dist = 11.899 | Delta Dist 10 = 12.068 | Delta Dist 100 = 11.200 | Delta Dist 1000 = 11.182 | Episode Length = 50 | Episode Return = 22.0 | Evaluator Episodes = 13037 | Evaluator Steps = 651850 | Final Dist = 0.907 | Final Dist 10 = 0.738 | Final Dist 100 = 1.606 | Final Dist 1000 = 1.624 | Init Dist = 12.806 | Init Dist 10 = 12.806 | Init Dist 100 = 12.806 | Init Dist 1000 = 12.806 | Learner Steps = 39987 | Learner Walltime = 7933.239 | Min Dist = 0.104 | Min Dist 10 = 0.269 | Min Dist 100 = 0.976 | Min Dist 1000 = 0.931 | Steps Per Second = 84.914 | Success = 1.000 | Success 1000 = 0.826
I0502 17:18:29.921833 139584504182336 lp_utils.py:96] StepsLimiter: Reached 2569200 recorded steps
I0502 17:18:30.428548 139555860620864 terminal.py:91] [Actor] Actor Episodes = 51386 | Actor Steps = 2569300 | Delta Dist = 6.225 | Delta Dist 10 = 5.052 | Delta Dist 100 = 4.530 | Delta Dist 1000 = 4.369 | Episode Length = 50 | Episode Return = 26.0 | Evaluator Episodes = 13037 | Evaluator Steps = 651850 | Final Dist = 0.483 | Final Dist 10 = 0.723 | Final Dist 100 = 1.400 | Final Dist 1000 = 1.450 | Init Dist = 6.708 | Init Dist 10 = 5.775 | Init Dist 100 = 5.930 | Init Dist 1000 = 5.819 | Learner Steps = 39992 | Learner Walltime = 7934.379 | Min Dist = 0.081 | Min Dist 10 = 0.105 | Min Dist 100 = 0.237 | Min Dist 1000 = 0.185 | Steps Per Second = 74.957 | Success = 1.000 | Success 1000 = 0.993
I0502 17:18:30.483707 139579566835264 terminal.py:91] [Evaluator] Actor Episodes = 51386 | Actor Steps = 2569300 | Delta Dist = 11.921 | Delta Dist 10 = 12.112 | Delta Dist 100 = 11.243 | Delta Dist 1000 = 11.183 | Episode Length = 50 | Episode Return = 18.0 | Evaluator Episodes = 13039 | Evaluator Steps = 651950 | Final Dist = 0.886 | Final Dist 10 = 0.694 | Final Dist 100 = 1.563 | Final Dist 1000 = 1.624 | Init Dist = 12.806 | Init Dist 10 = 12.806 | Init Dist 100 = 12.806 | Init Dist 1000 = 12.806 | Learner Steps = 39992 | Learner Walltime = 7934.379 | Min Dist = 0.321 | Min Dist 10 = 0.180 | Min Dist 100 = 0.920 | Min Dist 1000 = 0.931 | Steps Per Second = 73.423 | Success = 1.000 | Success 1000 = 0.826
I0502 17:18:31.799924 139579566835264 terminal.py:91] [Evaluator] Actor Episodes = 51394 | Actor Steps = 2569700 | Delta Dist = 12.549 | Delta Dist 10 = 11.952 | Delta Dist 100 = 11.231 | Delta Dist 1000 = 11.182 | Episode Length = 50 | Episode Return = 18.0 | Evaluator Episodes = 13041 | Evaluator Steps = 652050 | Final Dist = 0.257 | Final Dist 10 = 0.854 | Final Dist 100 = 1.576 | Final Dist 1000 = 1.624 | Init Dist = 12.806 | Init Dist 10 = 12.806 | Init Dist 100 = 12.806 | Init Dist 1000 = 12.806 | Learner Steps = 39997 | Learner Walltime = 7935.492 | Min Dist = 0.183 | Min Dist 10 = 0.210 | Min Dist 100 = 0.926 | Min Dist 1000 = 0.931 | Steps Per Second = 77.692 | Success = 1.000 | Success 1000 = 0.826
I0502 17:18:31.867729 139557462840896 terminal.py:91] [Actor] Actor Episodes = 51396 | Actor Steps = 2569800 | Delta Dist = 3.762 | Delta Dist 10 = 3.614 | Delta Dist 100 = 4.303 | Delta Dist 1000 = 4.348 | Episode Length = 50 | Episode Return = 41.0 | Evaluator Episodes = 13041 | Evaluator Steps = 652050 | Final Dist = 0.710 | Final Dist 10 = 0.382 | Final Dist 100 = 1.398 | Final Dist 1000 = 1.448 | Init Dist = 4.472 | Init Dist 10 = 3.995 | Init Dist 100 = 5.701 | Init Dist 1000 = 5.796 | Learner Steps = 39997 | Learner Walltime = 7935.492 | Min Dist = 0.011 | Min Dist 10 = 0.041 | Min Dist 100 = 0.235 | Min Dist 1000 = 0.185 | Steps Per Second = 73.889 | Success = 1.000 | Success 1000 = 0.993
I0502 17:18:32.788915 139584635659840 savers.py:156] Saving checkpoint: logs/contrastive_cpc_point_FourRooms_64/5dd72662-2788-11f0-b183-d85ed38c5779/checkpoints/counter
I0502 17:18:33.011047 139579566835264 terminal.py:91] [Evaluator] Actor Episodes = 51402 | Actor Steps = 2570100 | Delta Dist = 11.806 | Delta Dist 10 = 11.921 | Delta Dist 100 = 11.338 | Delta Dist 1000 = 11.182 | Episode Length = 50 | Episode Return = 14.0 | Evaluator Episodes = 13043 | Evaluator Steps = 652150 | Final Dist = 1.000 | Final Dist 10 = 0.885 | Final Dist 100 = 1.468 | Final Dist 1000 = 1.625 | Init Dist = 12.806 | Init Dist 10 = 12.806 | Init Dist 100 = 12.806 | Init Dist 1000 = 12.806 | Learner Steps = 40004 | Learner Walltime = 7936.869 | Min Dist = 0.327 | Min Dist 10 = 0.218 | Min Dist 100 = 0.819 | Min Dist 1000 = 0.931 | Steps Per Second = 78.874 | Success = 1.000 | Success 1000 = 0.826
I0502 17:18:34.129418 139579566835264 terminal.py:91] [Evaluator] Actor Episodes = 51408 | Actor Steps = 2570400 | Delta Dist = 12.071 | Delta Dist 10 = 11.882 | Delta Dist 100 = 11.327 | Delta Dist 1000 = 11.188 | Episode Length = 50 | Episode Return = 5.0 | Evaluator Episodes = 13045 | Evaluator Steps = 652250 | Final Dist = 0.735 | Final Dist 10 = 0.925 | Final Dist 100 = 1.480 | Final Dist 1000 = 1.618 | Init Dist = 12.806 | Init Dist 10 = 12.806 | Init Dist 100 = 12.806 | Init Dist 1000 = 12.806 | Learner Steps = 40009 | Learner Walltime = 7937.928 | Min Dist = 0.215 | Min Dist 10 = 0.213 | Min Dist 100 = 0.823 | Min Dist 1000 = 0.923 | Steps Per Second = 92.956 | Success = 1.000 | Success 1000 = 0.828
I0502 17:18:35.070476 139569349502528 terminal.py:91] [Actor] Actor Episodes = 51415 | Actor Steps = 2570750 | Delta Dist = 10.640 | Delta Dist 10 = 3.893 | Delta Dist 100 = 4.240 | Delta Dist 1000 = 4.347 | Episode Length = 50 | Episode Return = 32.0 | Evaluator Episodes = 13045 | Evaluator Steps = 652250 | Final Dist = 0.761 | Final Dist 10 = 4.613 | Final Dist 100 = 1.792 | Final Dist 1000 = 1.485 | Init Dist = 11.402 | Init Dist 10 = 8.220 | Init Dist 100 = 6.013 | Init Dist 1000 = 5.823 | Learner Steps = 40009 | Learner Walltime = 7937.928 | Min Dist = 0.236 | Min Dist 10 = 1.221 | Min Dist 100 = 0.340 | Min Dist 1000 = 0.186 | Steps Per Second = 75.736 | Success = 1.000 | Success 1000 = 0.993
I0502 17:18:35.384095 139579566835264 terminal.py:91] [Evaluator] Actor Episodes = 51417 | Actor Steps = 2570850 | Delta Dist = 12.509 | Delta Dist 10 = 11.893 | Delta Dist 100 = 11.331 | Delta Dist 1000 = 11.189 | Episode Length = 50 | Episode Return = 13.0 | Evaluator Episodes = 13047 | Evaluator Steps = 652350 | Final Dist = 0.298 | Final Dist 10 = 0.913 | Final Dist 100 = 1.475 | Final Dist 1000 = 1.617 | Init Dist = 12.806 | Init Dist 10 = 12.806 | Init Dist 100 = 12.806 | Init Dist 1000 = 12.806 | Learner Steps = 40015 | Learner Walltime = 7939.210 | Min Dist = 0.290 | Min Dist 10 = 0.231 | Min Dist 100 = 0.828 | Min Dist 1000 = 0.924 | Steps Per Second = 82.728 | Success = 1.000 | Success 1000 = 0.828
I0502 17:18:36.688997 139579566835264 terminal.py:91] [Evaluator] Actor Episodes = 51425 | Actor Steps = 2571250 | Delta Dist = 11.912 | Delta Dist 10 = 11.940 | Delta Dist 100 = 11.347 | Delta Dist 1000 = 11.191 | Episode Length = 50 | Episode Return = 11.0 | Evaluator Episodes = 13049 | Evaluator Steps = 652450 | Final Dist = 0.894 | Final Dist 10 = 0.866 | Final Dist 100 = 1.459 | Final Dist 1000 = 1.615 | Init Dist = 12.806 | Init Dist 10 = 12.806 | Init Dist 100 = 12.806 | Init Dist 1000 = 12.806 | Learner Steps = 40022 | Learner Walltime = 7940.521 | Min Dist = 0.124 | Min Dist 10 = 0.247 | Min Dist 100 = 0.825 | Min Dist 1000 = 0.923 | Steps Per Second = 77.746 | Success = 1.000 | Success 1000 = 0.829
I0502 17:18:37.568220 139555013154368 terminal.py:91] [Learner] Actor Episodes = 51433 | Actor Loss = 3.589106321334839 | Actor Steps = 2571650 | Binary Accuracy = 0.9959909915924072 | Categorical Accuracy = 0.41015625 | Critic Loss = 1.8159410953521729 | Entropy Mean = -23.337360382080078 | Evaluator Episodes = 13049 | Evaluator Steps = 652450 | Learner Steps = 40028 | Learner Walltime = 7941.760 | Logits Neg = -17.263811111450195 | Logits Pos = -1.7866408824920654 | Logsumexp = 1.1841462850570679 | Steps Per Second = 151.772
I0502 17:18:37.892376 139579566835264 terminal.py:91] [Evaluator] Actor Episodes = 51433 | Actor Steps = 2571650 | Delta Dist = 12.408 | Delta Dist 10 = 11.860 | Delta Dist 100 = 11.335 | Delta Dist 1000 = 11.190 | Episode Length = 50 | Episode Return = 30.0 | Evaluator Episodes = 13051 | Evaluator Steps = 652550 | Final Dist = 0.398 | Final Dist 10 = 0.946 | Final Dist 100 = 1.471 | Final Dist 1000 = 1.616 | Init Dist = 12.806 | Init Dist 10 = 12.806 | Init Dist 100 = 12.806 | Init Dist 1000 = 12.806 | Learner Steps = 40028 | Learner Walltime = 7941.760 | Min Dist = 0.064 | Min Dist 10 = 0.388 | Min Dist 100 = 0.839 | Min Dist 1000 = 0.924 | Steps Per Second = 85.042 | Success = 1.000 | Success 1000 = 0.828
I0502 17:18:38.572687 139558059398720 terminal.py:91] [Actor] Actor Episodes = 51441 | Actor Steps = 2572050 | Delta Dist = 6.913 | Delta Dist 10 = 4.702 | Delta Dist 100 = 4.246 | Delta Dist 1000 = 4.362 | Episode Length = 50 | Episode Return = 49.0 | Evaluator Episodes = 13051 | Evaluator Steps = 652550 | Final Dist = 0.158 | Final Dist 10 = 1.104 | Final Dist 100 = 1.771 | Final Dist 1000 = 1.474 | Init Dist = 7.071 | Init Dist 10 = 5.806 | Init Dist 100 = 6.017 | Init Dist 1000 = 5.836 | Learner Steps = 40028 | Learner Walltime = 7941.760 | Min Dist = 0.025 | Min Dist 10 = 0.095 | Min Dist 100 = 0.363 | Min Dist 1000 = 0.187 | Steps Per Second = 97.135 | Success = 1.000 | Success 1000 = 0.994
I0502 17:18:39.141229 139579566835264 terminal.py:91] [Evaluator] Actor Episodes = 51441 | Actor Steps = 2572050 | Delta Dist = 12.555 | Delta Dist 10 = 11.956 | Delta Dist 100 = 11.353 | Delta Dist 1000 = 11.193 | Episode Length = 50 | Episode Return = 7.0 | Evaluator Episodes = 13053 | Evaluator Steps = 652650 | Final Dist = 0.251 | Final Dist 10 = 0.850 | Final Dist 100 = 1.453 | Final Dist 1000 = 1.613 | Init Dist = 12.806 | Init Dist 10 = 12.806 | Init Dist 100 = 12.806 | Init Dist 1000 = 12.806 | Learner Steps = 40034 | Learner Walltime = 7942.867 | Min Dist = 0.245 | Min Dist 10 = 0.384 | Min Dist 100 = 0.836 | Min Dist 1000 = 0.923 | Steps Per Second = 77.541 | Success = 1.000 | Success 1000 = 0.828
I0502 17:18:39.939896 139584504182336 lp_utils.py:96] StepsLimiter: Reached 2572450 recorded steps
I0502 17:18:40.293167 139579566835264 terminal.py:91] [Evaluator] Actor Episodes = 51449 | Actor Steps = 2572450 | Delta Dist = 7.529 | Delta Dist 10 = 12.055 | Delta Dist 100 = 11.365 | Delta Dist 1000 = 11.193 | Episode Length = 50 | Episode Return = 0.0 | Evaluator Episodes = 13055 | Evaluator Steps = 652750 | Final Dist = 5.277 | Final Dist 10 = 0.751 | Final Dist 100 = 1.442 | Final Dist 1000 = 1.613 | Init Dist = 12.806 | Init Dist 10 = 12.806 | Init Dist 100 = 12.806 | Init Dist 1000 = 12.806 | Learner Steps = 40040 | Learner Walltime = 7944.152 | Min Dist = 5.277 | Min Dist 10 = 0.375 | Min Dist 100 = 0.835 | Min Dist 1000 = 0.923 | Steps Per Second = 86.713 | Success = 0.000 | Success 1000 = 0.828
I0502 17:18:40.741645 139555860620864 terminal.py:91] [Actor] Actor Episodes = 51451 | Actor Steps = 2572550 | Delta Dist = 6.310 | Delta Dist 10 = 3.730 | Delta Dist 100 = 4.293 | Delta Dist 1000 = 4.357 | Episode Length = 50 | Episode Return = 42.0 | Evaluator Episodes = 13055 | Evaluator Steps = 652750 | Final Dist = 0.761 | Final Dist 10 = 1.334 | Final Dist 100 = 1.664 | Final Dist 1000 = 1.477 | Init Dist = 7.071 | Init Dist 10 = 5.063 | Init Dist 100 = 5.956 | Init Dist 1000 = 5.834 | Learner Steps = 40040 | Learner Walltime = 7944.152 | Min Dist = 0.025 | Min Dist 10 = 0.093 | Min Dist 100 = 0.363 | Min Dist 1000 = 0.187 | Steps Per Second = 70.201 | Success = 1.000 | Success 1000 = 0.994
I0502 17:18:41.634293 139579566835264 terminal.py:91] [Evaluator] Actor Episodes = 51457 | Actor Steps = 2572850 | Delta Dist = 11.363 | Delta Dist 10 = 11.622 | Delta Dist 100 = 11.327 | Delta Dist 1000 = 11.188 | Episode Length = 50 | Episode Return = 19.0 | Evaluator Episodes = 13057 | Evaluator Steps = 652850 | Final Dist = 1.444 | Final Dist 10 = 1.185 | Final Dist 100 = 1.480 | Final Dist 1000 = 1.618 | Init Dist = 12.806 | Init Dist 10 = 12.806 | Init Dist 100 = 12.806 | Init Dist 1000 = 12.806 | Learner Steps = 40046 | Learner Walltime = 7945.238 | Min Dist = 0.164 | Min Dist 10 = 0.847 | Min Dist 100 = 0.883 | Min Dist 1000 = 0.928 | Steps Per Second = 81.742 | Success = 1.000 | Success 1000 = 0.827
I0502 17:18:42.149067 139557462840896 terminal.py:91] [Actor] Actor Episodes = 51463 | Actor Steps = 2573150 | Delta Dist = 2.678 | Delta Dist 10 = 5.093 | Delta Dist 100 = 4.506 | Delta Dist 1000 = 4.369 | Episode Length = 50 | Episode Return = 46.0 | Evaluator Episodes = 13057 | Evaluator Steps = 652850 | Final Dist = 0.322 | Final Dist 10 = 1.147 | Final Dist 100 = 1.490 | Final Dist 1000 = 1.475 | Init Dist = 3.000 | Init Dist 10 = 6.239 | Init Dist 100 = 5.996 | Init Dist 1000 = 5.844 | Learner Steps = 40046 | Learner Walltime = 7945.238 | Min Dist = 0.161 | Min Dist 10 = 0.068 | Min Dist 100 = 0.241 | Min Dist 1000 = 0.186 | Steps Per Second = 78.511 | Success = 1.000 | Success 1000 = 0.994
I0502 17:18:42.861824 139579566835264 terminal.py:91] [Evaluator] Actor Episodes = 51465 | Actor Steps = 2573250 | Delta Dist = 11.837 | Delta Dist 10 = 11.558 | Delta Dist 100 = 11.389 | Delta Dist 1000 = 11.190 | Episode Length = 50 | Episode Return = 25.0 | Evaluator Episodes = 13059 | Evaluator Steps = 652950 | Final Dist = 0.969 | Final Dist 10 = 1.248 | Final Dist 100 = 1.417 | Final Dist 1000 = 1.617 | Init Dist = 12.806 | Init Dist 10 = 12.806 | Init Dist 100 = 12.806 | Init Dist 1000 = 12.806 | Learner Steps = 40051 | Learner Walltime = 7946.370 | Min Dist = 0.605 | Min Dist 10 = 0.848 | Min Dist 100 = 0.830 | Min Dist 1000 = 0.929 | Steps Per Second = 84.731 | Success = 1.000 | Success 1000 = 0.827
I0502 17:18:44.080624 139579566835264 terminal.py:91] [Evaluator] Actor Episodes = 51473 | Actor Steps = 2573650 | Delta Dist = 11.398 | Delta Dist 10 = 11.740 | Delta Dist 100 = 11.406 | Delta Dist 1000 = 11.189 | Episode Length = 50 | Episode Return = 14.0 | Evaluator Episodes = 13061 | Evaluator Steps = 653050 | Final Dist = 1.408 | Final Dist 10 = 1.066 | Final Dist 100 = 1.401 | Final Dist 1000 = 1.617 | Init Dist = 12.806 | Init Dist 10 = 12.806 | Init Dist 100 = 12.806 | Init Dist 1000 = 12.806 | Learner Steps = 40057 | Learner Walltime = 7947.376 | Min Dist = 0.359 | Min Dist 10 = 0.707 | Min Dist 100 = 0.827 | Min Dist 1000 = 0.929 | Steps Per Second = 77.867 | Success = 1.000 | Success 1000 = 0.827
I0502 17:18:45.190403 139569349502528 terminal.py:91] [Actor] Actor Episodes = 51478 | Actor Steps = 2573900 | Delta Dist = 4.573 | Delta Dist 10 = 3.064 | Delta Dist 100 = 4.137 | Delta Dist 1000 = 4.365 | Episode Length = 50 | Episode Return = 33.0 | Evaluator Episodes = 13061 | Evaluator Steps = 653050 | Final Dist = 0.813 | Final Dist 10 = 0.846 | Final Dist 100 = 1.563 | Final Dist 1000 = 1.456 | Init Dist = 5.385 | Init Dist 10 = 3.910 | Init Dist 100 = 5.700 | Init Dist 1000 = 5.820 | Learner Steps = 40063 | Learner Walltime = 7948.778 | Min Dist = 0.051 | Min Dist 10 = 0.057 | Min Dist 100 = 0.242 | Min Dist 1000 = 0.187 | Steps Per Second = 83.113 | Success = 1.000 | Success 1000 = 0.993
I0502 17:18:45.322082 139579566835264 terminal.py:91] [Evaluator] Actor Episodes = 51481 | Actor Steps = 2574050 | Delta Dist = 11.847 | Delta Dist 10 = 11.501 | Delta Dist 100 = 11.443 | Delta Dist 1000 = 11.189 | Episode Length = 50 | Episode Return = 23.0 | Evaluator Episodes = 13063 | Evaluator Steps = 653150 | Final Dist = 0.959 | Final Dist 10 = 1.305 | Final Dist 100 = 1.363 | Final Dist 1000 = 1.618 | Init Dist = 12.806 | Init Dist 10 = 12.806 | Init Dist 100 = 12.806 | Init Dist 1000 = 12.806 | Learner Steps = 40063 | Learner Walltime = 7948.778 | Min Dist = 0.099 | Min Dist 10 = 0.721 | Min Dist 100 = 0.776 | Min Dist 1000 = 0.929 | Steps Per Second = 82.579 | Success = 1.000 | Success 1000 = 0.827
I0502 17:18:46.599941 139579566835264 terminal.py:91] [Evaluator] Actor Episodes = 51489 | Actor Steps = 2574450 | Delta Dist = 12.302 | Delta Dist 10 = 11.512 | Delta Dist 100 = 11.500 | Delta Dist 1000 = 11.189 | Episode Length = 50 | Episode Return = 22.0 | Evaluator Episodes = 13065 | Evaluator Steps = 653250 | Final Dist = 0.505 | Final Dist 10 = 1.294 | Final Dist 100 = 1.306 | Final Dist 1000 = 1.618 | Init Dist = 12.806 | Init Dist 10 = 12.806 | Init Dist 100 = 12.806 | Init Dist 1000 = 12.806 | Learner Steps = 40070 | Learner Walltime = 7950.150 | Min Dist = 0.091 | Min Dist 10 = 0.704 | Min Dist 100 = 0.723 | Min Dist 1000 = 0.929 | Steps Per Second = 77.212 | Success = 1.000 | Success 1000 = 0.827
I0502 17:18:46.650644 139583350109760 savers.py:156] Saving checkpoint: logs/contrastive_cpc_point_FourRooms_64/5dd72662-2788-11f0-b183-d85ed38c5779/checkpoints/learner
I0502 17:18:47.581766 139555013154368 terminal.py:91] [Learner] Actor Episodes = 51495 | Actor Loss = 3.748290538787842 | Actor Steps = 2574750 | Binary Accuracy = 0.9960026741027832 | Categorical Accuracy = 0.4300537109375 | Critic Loss = 1.7600384950637817 | Entropy Mean = -23.700054168701172 | Evaluator Episodes = 13065 | Evaluator Steps = 653250 | Learner Steps = 40078 | Learner Walltime = 7951.778 | Logits Neg = -17.295194625854492 | Logits Pos = -1.767743468284607 | Logsumexp = 1.164302110671997 | Steps Per Second = 1705.359
I0502 17:18:47.774333 139579566835264 terminal.py:91] [Evaluator] Actor Episodes = 51497 | Actor Steps = 2574850 | Delta Dist = 11.713 | Delta Dist 10 = 12.011 | Delta Dist 100 = 11.512 | Delta Dist 1000 = 11.190 | Episode Length = 50 | Episode Return = 6.0 | Evaluator Episodes = 13067 | Evaluator Steps = 653350 | Final Dist = 1.093 | Final Dist 10 = 0.795 | Final Dist 100 = 1.294 | Final Dist 1000 = 1.617 | Init Dist = 12.806 | Init Dist 10 = 12.806 | Init Dist 100 = 12.806 | Init Dist 1000 = 12.806 | Learner Steps = 40074 | Learner Walltime = 7951.622 | Min Dist = 0.032 | Min Dist 10 = 0.188 | Min Dist 100 = 0.719 | Min Dist 1000 = 0.929 | Steps Per Second = 83.546 | Success = 1.000 | Success 1000 = 0.827
I0502 17:18:48.653251 139558059398720 terminal.py:91] [Actor] Actor Episodes = 51505 | Actor Steps = 2575250 | Delta Dist = 5.834 | Delta Dist 10 = 4.927 | Delta Dist 100 = 4.241 | Delta Dist 1000 = 4.377 | Episode Length = 50 | Episode Return = 24.0 | Evaluator Episodes = 13067 | Evaluator Steps = 653350 | Final Dist = 0.249 | Final Dist 10 = 0.878 | Final Dist 100 = 1.560 | Final Dist 1000 = 1.442 | Init Dist = 6.083 | Init Dist 10 = 5.805 | Init Dist 100 = 5.801 | Init Dist 1000 = 5.819 | Learner Steps = 40083 | Learner Walltime = 7952.769 | Min Dist = 0.022 | Min Dist 10 = 0.128 | Min Dist 100 = 0.244 | Min Dist 1000 = 0.186 | Steps Per Second = 82.971 | Success = 1.000 | Success 1000 = 0.994
I0502 17:18:48.967856 139579566835264 terminal.py:91] [Evaluator] Actor Episodes = 51505 | Actor Steps = 2575250 | Delta Dist = 12.340 | Delta Dist 10 = 11.398 | Delta Dist 100 = 11.442 | Delta Dist 1000 = 11.184 | Episode Length = 50 | Episode Return = 14.0 | Evaluator Episodes = 13069 | Evaluator Steps = 653450 | Final Dist = 0.467 | Final Dist 10 = 1.408 | Final Dist 100 = 1.364 | Final Dist 1000 = 1.622 | Init Dist = 12.806 | Init Dist 10 = 12.806 | Init Dist 100 = 12.806 | Init Dist 1000 = 12.806 | Learner Steps = 40083 | Learner Walltime = 7952.769 | Min Dist = 0.385 | Min Dist 10 = 0.686 | Min Dist 100 = 0.770 | Min Dist 1000 = 0.933 | Steps Per Second = 92.179 | Success = 1.000 | Success 1000 = 0.826
I0502 17:18:49.961766 139584504182336 lp_utils.py:96] StepsLimiter: Reached 2575650 recorded steps
I0502 17:18:50.153758 139579566835264 terminal.py:91] [Evaluator] Actor Episodes = 51513 | Actor Steps = 2575650 | Delta Dist = 12.736 | Delta Dist 10 = 11.390 | Delta Dist 100 = 11.515 | Delta Dist 1000 = 11.186 | Episode Length = 50 | Episode Return = 26.0 | Evaluator Episodes = 13071 | Evaluator Steps = 653550 | Final Dist = 0.070 | Final Dist 10 = 1.416 | Final Dist 100 = 1.292 | Final Dist 1000 = 1.620 | Init Dist = 12.806 | Init Dist 10 = 12.806 | Init Dist 100 = 12.806 | Init Dist 1000 = 12.806 | Learner Steps = 40089 | Learner Walltime = 7953.997 | Min Dist = 0.035 | Min Dist 10 = 0.707 | Min Dist 100 = 0.704 | Min Dist 1000 = 0.934 | Steps Per Second = 82.986 | Success = 1.000 | Success 1000 = 0.826
I0502 17:18:51.423572 139555860620864 terminal.py:91] [Actor] Actor Episodes = 51516 | Actor Steps = 2575800 | Delta Dist = 2.649 | Delta Dist 10 = 4.070 | Delta Dist 100 = 4.354 | Delta Dist 1000 = 4.351 | Episode Length = 50 | Episode Return = 0.0 | Evaluator Episodes = 13071 | Evaluator Steps = 653550 | Final Dist = 6.351 | Final Dist 10 = 2.129 | Final Dist 100 = 1.274 | Final Dist 1000 = 1.461 | Init Dist = 9.000 | Init Dist 10 = 6.199 | Init Dist 100 = 5.628 | Init Dist 1000 = 5.813 | Learner Steps = 40089 | Learner Walltime = 7953.997 | Min Dist = 0.227 | Min Dist 10 = 0.067 | Min Dist 100 = 0.085 | Min Dist 1000 = 0.185 | Steps Per Second = 72.156 | Success = 1.000 | Success 1000 = 0.994
I0502 17:18:51.477185 139579566835264 terminal.py:91] [Evaluator] Actor Episodes = 51521 | Actor Steps = 2576050 | Delta Dist = 11.987 | Delta Dist 10 = 11.640 | Delta Dist 100 = 11.534 | Delta Dist 1000 = 11.190 | Episode Length = 50 | Episode Return = 33.0 | Evaluator Episodes = 13073 | Evaluator Steps = 653650 | Final Dist = 0.820 | Final Dist 10 = 1.166 | Final Dist 100 = 1.272 | Final Dist 1000 = 1.617 | Init Dist = 12.806 | Init Dist 10 = 12.806 | Init Dist 100 = 12.806 | Init Dist 1000 = 12.806 | Learner Steps = 40094 | Learner Walltime = 7955.029 | Min Dist = 0.068 | Min Dist 10 = 0.672 | Min Dist 100 = 0.691 | Min Dist 1000 = 0.932 | Steps Per Second = 75.232 | Success = 1.000 | Success 1000 = 0.827
I0502 17:18:52.373404 139557462840896 terminal.py:91] [Actor] Actor Episodes = 51527 | Actor Steps = 2576350 | Delta Dist = 7.371 | Delta Dist 10 = 3.617 | Delta Dist 100 = 4.232 | Delta Dist 1000 = 4.353 | Episode Length = 50 | Episode Return = 41.0 | Evaluator Episodes = 13073 | Evaluator Steps = 653650 | Final Dist = 1.848 | Final Dist 10 = 2.483 | Final Dist 100 = 1.281 | Final Dist 1000 = 1.465 | Init Dist = 9.220 | Init Dist 10 = 6.100 | Init Dist 100 = 5.513 | Init Dist 1000 = 5.818 | Learner Steps = 40099 | Learner Walltime = 7956.079 | Min Dist = 0.076 | Min Dist 10 = 0.132 | Min Dist 100 = 0.089 | Min Dist 1000 = 0.183 | Steps Per Second = 81.942 | Success = 1.000 | Success 1000 = 0.994
I0502 17:18:52.668853 139579566835264 terminal.py:91] [Evaluator] Actor Episodes = 51529 | Actor Steps = 2576450 | Delta Dist = 11.567 | Delta Dist 10 = 11.621 | Delta Dist 100 = 11.541 | Delta Dist 1000 = 11.189 | Episode Length = 50 | Episode Return = 10.0 | Evaluator Episodes = 13075 | Evaluator Steps = 653750 | Final Dist = 1.239 | Final Dist 10 = 1.185 | Final Dist 100 = 1.265 | Final Dist 1000 = 1.617 | Init Dist = 12.806 | Init Dist 10 = 12.806 | Init Dist 100 = 12.806 | Init Dist 1000 = 12.806 | Learner Steps = 40099 | Learner Walltime = 7956.079 | Min Dist = 0.110 | Min Dist 10 = 0.715 | Min Dist 100 = 0.696 | Min Dist 1000 = 0.932 | Steps Per Second = 91.928 | Success = 1.000 | Success 1000 = 0.827
I0502 17:18:54.000986 139579566835264 terminal.py:91] [Evaluator] Actor Episodes = 51537 | Actor Steps = 2576850 | Delta Dist = 10.881 | Delta Dist 10 = 11.487 | Delta Dist 100 = 11.533 | Delta Dist 1000 = 11.193 | Episode Length = 50 | Episode Return = 2.0 | Evaluator Episodes = 13077 | Evaluator Steps = 653850 | Final Dist = 1.925 | Final Dist 10 = 1.320 | Final Dist 100 = 1.274 | Final Dist 1000 = 1.613 | Init Dist = 12.806 | Init Dist 10 = 12.806 | Init Dist 100 = 12.806 | Init Dist 1000 = 12.806 | Learner Steps = 40104 | Learner Walltime = 7957.166 | Min Dist = 0.065 | Min Dist 10 = 0.751 | Min Dist 100 = 0.700 | Min Dist 1000 = 0.929 | Steps Per Second = 75.651 | Success = 1.000 | Success 1000 = 0.828
I0502 17:18:55.179374 139579566835264 terminal.py:91] [Evaluator] Actor Episodes = 51545 | Actor Steps = 2577250 | Delta Dist = 11.720 | Delta Dist 10 = 12.041 | Delta Dist 100 = 11.520 | Delta Dist 1000 = 11.192 | Episode Length = 50 | Episode Return = 16.0 | Evaluator Episodes = 13079 | Evaluator Steps = 653950 | Final Dist = 1.086 | Final Dist 10 = 0.766 | Final Dist 100 = 1.286 | Final Dist 1000 = 1.614 | Init Dist = 12.806 | Init Dist 10 = 12.806 | Init Dist 100 = 12.806 | Init Dist 1000 = 12.806 | Learner Steps = 40117 | Learner Walltime = 7959.366 | Min Dist = 0.280 | Min Dist 10 = 0.244 | Min Dist 100 = 0.702 | Min Dist 1000 = 0.928 | Steps Per Second = 89.587 | Success = 1.000 | Success 1000 = 0.829
I0502 17:18:55.703955 139569349502528 terminal.py:91] [Actor] Actor Episodes = 51547 | Actor Steps = 2577350 | Delta Dist = 3.972 | Delta Dist 10 = 4.657 | Delta Dist 100 = 4.267 | Delta Dist 1000 = 4.356 | Episode Length = 50 | Episode Return = 39.0 | Evaluator Episodes = 13079 | Evaluator Steps = 653950 | Final Dist = 0.500 | Final Dist 10 = 1.451 | Final Dist 100 = 1.375 | Final Dist 1000 = 1.476 | Init Dist = 4.472 | Init Dist 10 = 6.109 | Init Dist 100 = 5.642 | Init Dist 1000 = 5.832 | Learner Steps = 40117 | Learner Walltime = 7959.366 | Min Dist = 0.088 | Min Dist 10 = 0.153 | Min Dist 100 = 0.119 | Min Dist 1000 = 0.185 | Steps Per Second = 75.112 | Success = 1.000 | Success 1000 = 0.993
I0502 17:18:56.518776 139579566835264 terminal.py:91] [Evaluator] Actor Episodes = 51553 | Actor Steps = 2577650 | Delta Dist = 11.061 | Delta Dist 10 = 11.978 | Delta Dist 100 = 11.570 | Delta Dist 1000 = 11.193 | Episode Length = 50 | Episode Return = 10.0 | Evaluator Episodes = 13081 | Evaluator Steps = 654050 | Final Dist = 1.745 | Final Dist 10 = 0.828 | Final Dist 100 = 1.236 | Final Dist 1000 = 1.613 | Init Dist = 12.806 | Init Dist 10 = 12.806 | Init Dist 100 = 12.806 | Init Dist 1000 = 12.806 | Learner Steps = 40121 | Learner Walltime = 7960.384 | Min Dist = 0.077 | Min Dist 10 = 0.192 | Min Dist 100 = 0.647 | Min Dist 1000 = 0.927 | Steps Per Second = 76.466 | Success = 1.000 | Success 1000 = 0.829
I0502 17:18:57.620823 139555013154368 terminal.py:91] [Learner] Actor Episodes = 51557 | Actor Loss = 3.71006178855896 | Actor Steps = 2577850 | Binary Accuracy = 0.9960644245147705 | Categorical Accuracy = 0.4263916015625 | Critic Loss = 1.7523279190063477 | Entropy Mean = -24.410755157470703 | Evaluator Episodes = 13081 | Evaluator Steps = 654050 | Learner Steps = 40128 | Learner Walltime = 7961.820 | Logits Neg = -17.418487548828125 | Logits Pos = -1.7410016059875488 | Logsumexp = 1.0765659809112549 | Steps Per Second = 151.624
I0502 17:18:57.764039 139579566835264 terminal.py:91] [Evaluator] Actor Episodes = 51561 | Actor Steps = 2578050 | Delta Dist = 11.943 | Delta Dist 10 = 11.752 | Delta Dist 100 = 11.555 | Delta Dist 1000 = 11.192 | Episode Length = 50 | Episode Return = 28.0 | Evaluator Episodes = 13083 | Evaluator Steps = 654150 | Final Dist = 0.863 | Final Dist 10 = 1.054 | Final Dist 100 = 1.251 | Final Dist 1000 = 1.614 | Init Dist = 12.806 | Init Dist 10 = 12.806 | Init Dist 100 = 12.806 | Init Dist 1000 = 12.806 | Learner Steps = 40127 | Learner Walltime = 7961.398 | Min Dist = 0.208 | Min Dist 10 = 0.215 | Min Dist 100 = 0.648 | Min Dist 1000 = 0.927 | Steps Per Second = 81.274 | Success = 1.000 | Success 1000 = 0.829
I0502 17:18:58.975476 139579566835264 terminal.py:91] [Evaluator] Actor Episodes = 51569 | Actor Steps = 2578450 | Delta Dist = 11.818 | Delta Dist 10 = 11.772 | Delta Dist 100 = 11.600 | Delta Dist 1000 = 11.194 | Episode Length = 50 | Episode Return = 12.0 | Evaluator Episodes = 13085 | Evaluator Steps = 654250 | Final Dist = 0.988 | Final Dist 10 = 1.034 | Final Dist 100 = 1.206 | Final Dist 1000 = 1.613 | Init Dist = 12.806 | Init Dist 10 = 12.806 | Init Dist 100 = 12.806 | Init Dist 1000 = 12.806 | Learner Steps = 40132 | Learner Walltime = 7962.468 | Min Dist = 0.143 | Min Dist 10 = 0.204 | Min Dist 100 = 0.601 | Min Dist 1000 = 0.926 | Steps Per Second = 85.384 | Success = 1.000 | Success 1000 = 0.830
I0502 17:18:59.192219 139558059398720 terminal.py:91] [Actor] Actor Episodes = 51568 | Actor Steps = 2578400 | Delta Dist = 2.076 | Delta Dist 10 = 6.066 | Delta Dist 100 = 4.417 | Delta Dist 1000 = 4.363 | Episode Length = 50 | Episode Return = 41.0 | Evaluator Episodes = 13083 | Evaluator Steps = 654150 | Final Dist = 0.160 | Final Dist 10 = 2.071 | Final Dist 100 = 1.504 | Final Dist 1000 = 1.481 | Init Dist = 2.236 | Init Dist 10 = 8.136 | Init Dist 100 = 5.922 | Init Dist 1000 = 5.844 | Learner Steps = 40132 | Learner Walltime = 7962.468 | Min Dist = 0.082 | Min Dist 10 = 0.094 | Min Dist 100 = 0.115 | Min Dist 1000 = 0.186 | Steps Per Second = 76.734 | Success = 1.000 | Success 1000 = 0.993
I0502 17:18:59.982296 139584504182336 lp_utils.py:96] StepsLimiter: Reached 2578850 recorded steps
I0502 17:19:00.062992 139579566835264 terminal.py:91] [Evaluator] Actor Episodes = 51577 | Actor Steps = 2578850 | Delta Dist = 12.235 | Delta Dist 10 = 11.762 | Delta Dist 100 = 11.602 | Delta Dist 1000 = 11.194 | Episode Length = 50 | Episode Return = 33.0 | Evaluator Episodes = 13087 | Evaluator Steps = 654350 | Final Dist = 0.571 | Final Dist 10 = 1.044 | Final Dist 100 = 1.204 | Final Dist 1000 = 1.612 | Init Dist = 12.806 | Init Dist 10 = 12.806 | Init Dist 100 = 12.806 | Init Dist 1000 = 12.806 | Learner Steps = 40137 | Learner Walltime = 7963.665 | Min Dist = 0.506 | Min Dist 10 = 0.204 | Min Dist 100 = 0.600 | Min Dist 1000 = 0.925 | Steps Per Second = 90.750 | Success = 1.000 | Success 1000 = 0.831
I0502 17:19:01.281804 139579566835264 terminal.py:91] [Evaluator] Actor Episodes = 51585 | Actor Steps = 2579250 | Delta Dist = 12.276 | Delta Dist 10 = 11.870 | Delta Dist 100 = 11.611 | Delta Dist 1000 = 11.194 | Episode Length = 50 | Episode Return = 24.0 | Evaluator Episodes = 13089 | Evaluator Steps = 654450 | Final Dist = 0.531 | Final Dist 10 = 0.936 | Final Dist 100 = 1.196 | Final Dist 1000 = 1.612 | Init Dist = 12.806 | Init Dist 10 = 12.806 | Init Dist 100 = 12.806 | Init Dist 1000 = 12.806 | Learner Steps = 40143 | Learner Walltime = 7964.883 | Min Dist = 0.070 | Min Dist 10 = 0.272 | Min Dist 100 = 0.601 | Min Dist 1000 = 0.926 | Steps Per Second = 75.954 | Success = 1.000 | Success 1000 = 0.831
I0502 17:19:01.484767 139555860620864 terminal.py:91] [Actor] Actor Episodes = 51580 | Actor Steps = 2579000 | Delta Dist = 7.877 | Delta Dist 10 = 5.019 | Delta Dist 100 = 4.532 | Delta Dist 1000 = 4.354 | Episode Length = 50 | Episode Return = 32.0 | Evaluator Episodes = 13087 | Evaluator Steps = 654350 | Final Dist = 0.185 | Final Dist 10 = 0.766 | Final Dist 100 = 1.507 | Final Dist 1000 = 1.462 | Init Dist = 8.062 | Init Dist 10 = 5.785 | Init Dist 100 = 6.039 | Init Dist 1000 = 5.815 | Learner Steps = 40143 | Learner Walltime = 7964.883 | Min Dist = 0.009 | Min Dist 10 = 0.383 | Min Dist 100 = 0.148 | Min Dist 1000 = 0.183 | Steps Per Second = 77.993 | Success = 1.000 | Success 1000 = 0.993
I0502 17:19:02.443321 139579566835264 terminal.py:91] [Evaluator] Actor Episodes = 51591 | Actor Steps = 2579550 | Delta Dist = 11.593 | Delta Dist 10 = 11.967 | Delta Dist 100 = 11.664 | Delta Dist 1000 = 11.195 | Episode Length = 50 | Episode Return = 23.0 | Evaluator Episodes = 13091 | Evaluator Steps = 654550 | Final Dist = 1.214 | Final Dist 10 = 0.839 | Final Dist 100 = 1.142 | Final Dist 1000 = 1.611 | Init Dist = 12.806 | Init Dist 10 = 12.806 | Init Dist 100 = 12.806 | Init Dist 1000 = 12.806 | Learner Steps = 40150 | Learner Walltime = 7966.131 | Min Dist = 0.300 | Min Dist 10 = 0.260 | Min Dist 100 = 0.550 | Min Dist 1000 = 0.925 | Steps Per Second = 82.134 | Success = 1.000 | Success 1000 = 0.831
I0502 17:19:02.475646 139557462840896 terminal.py:91] [Actor] Actor Episodes = 51593 | Actor Steps = 2579650 | Delta Dist = 3.780 | Delta Dist 10 = 6.545 | Delta Dist 100 = 4.719 | Delta Dist 1000 = 4.373 | Episode Length = 50 | Episode Return = 30.0 | Evaluator Episodes = 13091 | Evaluator Steps = 654550 | Final Dist = 0.220 | Final Dist 10 = 0.489 | Final Dist 100 = 1.458 | Final Dist 1000 = 1.462 | Init Dist = 4.000 | Init Dist 10 = 7.034 | Init Dist 100 = 6.176 | Init Dist 1000 = 5.836 | Learner Steps = 40150 | Learner Walltime = 7966.131 | Min Dist = 0.026 | Min Dist 10 = 0.060 | Min Dist 100 = 0.152 | Min Dist 1000 = 0.183 | Steps Per Second = 74.320 | Success = 1.000 | Success 1000 = 0.993
I0502 17:19:03.631382 139579566835264 terminal.py:91] [Evaluator] Actor Episodes = 51601 | Actor Steps = 2580050 | Delta Dist = 11.130 | Delta Dist 10 = 11.563 | Delta Dist 100 = 11.602 | Delta Dist 1000 = 11.191 | Episode Length = 50 | Episode Return = 16.0 | Evaluator Episodes = 13093 | Evaluator Steps = 654650 | Final Dist = 1.676 | Final Dist 10 = 1.243 | Final Dist 100 = 1.204 | Final Dist 1000 = 1.615 | Init Dist = 12.806 | Init Dist 10 = 12.806 | Init Dist 100 = 12.806 | Init Dist 1000 = 12.806 | Learner Steps = 40155 | Learner Walltime = 7967.137 | Min Dist = 0.072 | Min Dist 10 = 0.766 | Min Dist 100 = 0.603 | Min Dist 1000 = 0.930 | Steps Per Second = 80.523 | Success = 1.000 | Success 1000 = 0.830
I0502 17:19:04.866361 139579566835264 terminal.py:91] [Evaluator] Actor Episodes = 51607 | Actor Steps = 2580350 | Delta Dist = 11.442 | Delta Dist 10 = 11.414 | Delta Dist 100 = 11.586 | Delta Dist 1000 = 11.190 | Episode Length = 50 | Episode Return = 9.0 | Evaluator Episodes = 13095 | Evaluator Steps = 654750 | Final Dist = 1.364 | Final Dist 10 = 1.392 | Final Dist 100 = 1.220 | Final Dist 1000 = 1.616 | Init Dist = 12.806 | Init Dist 10 = 12.806 | Init Dist 100 = 12.806 | Init Dist 1000 = 12.806 | Learner Steps = 40161 | Learner Walltime = 7968.339 | Min Dist = 0.035 | Min Dist 10 = 0.730 | Min Dist 100 = 0.602 | Min Dist 1000 = 0.930 | Steps Per Second = 84.597 | Success = 1.000 | Success 1000 = 0.830
I0502 17:19:05.710030 139569349502528 terminal.py:91] [Actor] Actor Episodes = 51611 | Actor Steps = 2580550 | Delta Dist = 4.458 | Delta Dist 10 = 4.189 | Delta Dist 100 = 4.698 | Delta Dist 1000 = 4.380 | Episode Length = 50 | Episode Return = 30.0 | Evaluator Episodes = 13095 | Evaluator Steps = 654750 | Final Dist = 1.373 | Final Dist 10 = 2.389 | Final Dist 100 = 1.479 | Final Dist 1000 = 1.473 | Init Dist = 5.831 | Init Dist 10 = 6.578 | Init Dist 100 = 6.177 | Init Dist 1000 = 5.853 | Learner Steps = 40167 | Learner Walltime = 7969.604 | Min Dist = 0.035 | Min Dist 10 = 0.075 | Min Dist 100 = 0.148 | Min Dist 1000 = 0.182 | Steps Per Second = 78.190 | Success = 1.000 | Success 1000 = 0.993
I0502 17:19:06.027729 139579566835264 terminal.py:91] [Evaluator] Actor Episodes = 51615 | Actor Steps = 2580750 | Delta Dist = 11.404 | Delta Dist 10 = 11.466 | Delta Dist 100 = 11.600 | Delta Dist 1000 = 11.190 | Episode Length = 50 | Episode Return = 2.0 | Evaluator Episodes = 13097 | Evaluator Steps = 654850 | Final Dist = 1.402 | Final Dist 10 = 1.340 | Final Dist 100 = 1.206 | Final Dist 1000 = 1.616 | Init Dist = 12.806 | Init Dist 10 = 12.806 | Init Dist 100 = 12.806 | Init Dist 1000 = 12.806 | Learner Steps = 40167 | Learner Walltime = 7969.604 | Min Dist = 0.802 | Min Dist 10 = 0.684 | Min Dist 100 = 0.595 | Min Dist 1000 = 0.929 | Steps Per Second = 88.360 | Success = 1.000 | Success 1000 = 0.830
I0502 17:19:07.220898 139579566835264 terminal.py:91] [Evaluator] Actor Episodes = 51621 | Actor Steps = 2581050 | Delta Dist = 11.127 | Delta Dist 10 = 11.123 | Delta Dist 100 = 11.575 | Delta Dist 1000 = 11.187 | Episode Length = 50 | Episode Return = 7.0 | Evaluator Episodes = 13099 | Evaluator Steps = 654950 | Final Dist = 1.679 | Final Dist 10 = 1.683 | Final Dist 100 = 1.231 | Final Dist 1000 = 1.619 | Init Dist = 12.806 | Init Dist 10 = 12.806 | Init Dist 100 = 12.806 | Init Dist 1000 = 12.806 | Learner Steps = 40173 | Learner Walltime = 7970.644 | Min Dist = 0.170 | Min Dist 10 = 0.997 | Min Dist 100 = 0.626 | Min Dist 1000 = 0.933 | Steps Per Second = 92.061 | Success = 1.000 | Success 1000 = 0.829
I0502 17:19:07.893272 139555013154368 terminal.py:91] [Learner] Actor Episodes = 51625 | Actor Loss = 3.700538396835327 | Actor Steps = 2581250 | Binary Accuracy = 0.995976448059082 | Categorical Accuracy = 0.4097900390625 | Critic Loss = 1.7944029569625854 | Entropy Mean = -22.467086791992188 | Evaluator Episodes = 13099 | Evaluator Steps = 654950 | Learner Steps = 40179 | Learner Walltime = 7972.089 | Logits Neg = -17.31688690185547 | Logits Pos = -1.7695848941802979 | Logsumexp = 1.1888611316680908 | Steps Per Second = 127.339
I0502 17:19:08.522677 139579566835264 terminal.py:91] [Evaluator] Actor Episodes = 51631 | Actor Steps = 2581550 | Delta Dist = 11.653 | Delta Dist 10 = 10.861 | Delta Dist 100 = 11.563 | Delta Dist 1000 = 11.185 | Episode Length = 50 | Episode Return = 0.0 | Evaluator Episodes = 13101 | Evaluator Steps = 655050 | Final Dist = 1.154 | Final Dist 10 = 1.945 | Final Dist 100 = 1.243 | Final Dist 1000 = 1.621 | Init Dist = 12.806 | Init Dist 10 = 12.806 | Init Dist 100 = 12.806 | Init Dist 1000 = 12.806 | Learner Steps = 40179 | Learner Walltime = 7972.089 | Min Dist = 1.102 | Min Dist 10 = 1.020 | Min Dist 100 = 0.621 | Min Dist 1000 = 0.933 | Steps Per Second = 76.993 | Success = 0.000 | Success 1000 = 0.829
I0502 17:19:09.709787 139579566835264 terminal.py:91] [Evaluator] Actor Episodes = 51635 | Actor Steps = 2581750 | Delta Dist = 11.557 | Delta Dist 10 = 11.411 | Delta Dist 100 = 11.627 | Delta Dist 1000 = 11.185 | Episode Length = 50 | Episode Return = 1.0 | Evaluator Episodes = 13103 | Evaluator Steps = 655150 | Final Dist = 1.250 | Final Dist 10 = 1.396 | Final Dist 100 = 1.179 | Final Dist 1000 = 1.621 | Init Dist = 12.806 | Init Dist 10 = 12.806 | Init Dist 100 = 12.806 | Init Dist 1000 = 12.806 | Learner Steps = 40186 | Learner Walltime = 7973.379 | Min Dist = 0.411 | Min Dist 10 = 0.605 | Min Dist 100 = 0.580 | Min Dist 1000 = 0.934 | Steps Per Second = 84.353 | Success = 1.000 | Success 1000 = 0.828
I0502 17:19:09.758339 139558059398720 terminal.py:91] [Actor] Actor Episodes = 51637 | Actor Steps = 2581850 | Delta Dist = 9.811 | Delta Dist 10 = 3.778 | Delta Dist 100 = 4.712 | Delta Dist 1000 = 4.363 | Episode Length = 50 | Episode Return = 50.0 | Evaluator Episodes = 13103 | Evaluator Steps = 655150 | Final Dist = 0.089 | Final Dist 10 = 1.010 | Final Dist 100 = 1.293 | Final Dist 1000 = 1.479 | Init Dist = 9.899 | Init Dist 10 = 4.787 | Init Dist 100 = 6.005 | Init Dist 1000 = 5.842 | Learner Steps = 40186 | Learner Walltime = 7973.379 | Min Dist = 0.006 | Min Dist 10 = 0.056 | Min Dist 100 = 0.136 | Min Dist 1000 = 0.183 | Steps Per Second = 70.702 | Success = 1.000 | Success 1000 = 0.994
I0502 17:19:09.998716 139584504182336 lp_utils.py:96] StepsLimiter: Reached 2581950 recorded steps
I0502 17:19:10.973274 139579566835264 terminal.py:91] [Evaluator] Actor Episodes = 51645 | Actor Steps = 2582250 | Delta Dist = 12.757 | Delta Dist 10 = 11.415 | Delta Dist 100 = 11.628 | Delta Dist 1000 = 11.184 | Episode Length = 50 | Episode Return = 10.0 | Evaluator Episodes = 13105 | Evaluator Steps = 655250 | Final Dist = 0.049 | Final Dist 10 = 1.392 | Final Dist 100 = 1.178 | Final Dist 1000 = 1.622 | Init Dist = 12.806 | Init Dist 10 = 12.806 | Init Dist 100 = 12.806 | Init Dist 1000 = 12.806 | Learner Steps = 40190 | Learner Walltime = 7974.387 | Min Dist = 0.041 | Min Dist 10 = 0.723 | Min Dist 100 = 0.580 | Min Dist 1000 = 0.935 | Steps Per Second = 82.813 | Success = 1.000 | Success 1000 = 0.827
I0502 17:19:11.728121 139555860620864 terminal.py:91] [Actor] Actor Episodes = 51648 | Actor Steps = 2582400 | Delta Dist = 2.568 | Delta Dist 10 = 4.703 | Delta Dist 100 = 4.721 | Delta Dist 1000 = 4.371 | Episode Length = 50 | Episode Return = 34.0 | Evaluator Episodes = 13105 | Evaluator Steps = 655250 | Final Dist = 1.037 | Final Dist 10 = 1.850 | Final Dist 100 = 1.372 | Final Dist 1000 = 1.469 | Init Dist = 3.606 | Init Dist 10 = 6.554 | Init Dist 100 = 6.094 | Init Dist 1000 = 5.839 | Learner Steps = 40190 | Learner Walltime = 7974.387 | Min Dist = 0.054 | Min Dist 10 = 0.089 | Min Dist 100 = 0.130 | Min Dist 1000 = 0.175 | Steps Per Second = 73.739 | Success = 1.000 | Success 1000 = 0.994
I0502 17:19:12.341379 139579566835264 terminal.py:91] [Evaluator] Actor Episodes = 51653 | Actor Steps = 2582650 | Delta Dist = 12.376 | Delta Dist 10 = 11.562 | Delta Dist 100 = 11.627 | Delta Dist 1000 = 11.186 | Episode Length = 50 | Episode Return = 25.0 | Evaluator Episodes = 13107 | Evaluator Steps = 655350 | Final Dist = 0.430 | Final Dist 10 = 1.244 | Final Dist 100 = 1.180 | Final Dist 1000 = 1.620 | Init Dist = 12.806 | Init Dist 10 = 12.806 | Init Dist 100 = 12.806 | Init Dist 1000 = 12.806 | Learner Steps = 40197 | Learner Walltime = 7975.642 | Min Dist = 0.131 | Min Dist 10 = 0.747 | Min Dist 100 = 0.581 | Min Dist 1000 = 0.935 | Steps Per Second = 72.264 | Success = 1.000 | Success 1000 = 0.827
I0502 17:19:12.713205 139557462840896 terminal.py:91] [Actor] Actor Episodes = 51657 | Actor Steps = 2582850 | Delta Dist = 5.005 | Delta Dist 10 = 4.084 | Delta Dist 100 = 4.670 | Delta Dist 1000 = 4.381 | Episode Length = 50 | Episode Return = 38.0 | Evaluator Episodes = 13107 | Evaluator Steps = 655350 | Final Dist = 1.398 | Final Dist 10 = 1.146 | Final Dist 100 = 1.382 | Final Dist 1000 = 1.456 | Init Dist = 6.403 | Init Dist 10 = 5.230 | Init Dist 100 = 6.052 | Init Dist 1000 = 5.838 | Learner Steps = 40202 | Learner Walltime = 7976.688 | Min Dist = 0.028 | Min Dist 10 = 0.130 | Min Dist 100 = 0.137 | Min Dist 1000 = 0.175 | Steps Per Second = 77.188 | Success = 1.000 | Success 1000 = 0.994
I0502 17:19:13.622804 139579566835264 terminal.py:91] [Evaluator] Actor Episodes = 51661 | Actor Steps = 2583050 | Delta Dist = 12.655 | Delta Dist 10 = 11.945 | Delta Dist 100 = 11.622 | Delta Dist 1000 = 11.186 | Episode Length = 50 | Episode Return = 23.0 | Evaluator Episodes = 13109 | Evaluator Steps = 655450 | Final Dist = 0.151 | Final Dist 10 = 0.862 | Final Dist 100 = 1.184 | Final Dist 1000 = 1.621 | Init Dist = 12.806 | Init Dist 10 = 12.806 | Init Dist 100 = 12.806 | Init Dist 1000 = 12.806 | Learner Steps = 40202 | Learner Walltime = 7976.688 | Min Dist = 0.022 | Min Dist 10 = 0.386 | Min Dist 100 = 0.584 | Min Dist 1000 = 0.935 | Steps Per Second = 72.809 | Success = 1.000 | Success 1000 = 0.827
I0502 17:19:14.851691 139579566835264 terminal.py:91] [Evaluator] Actor Episodes = 51669 | Actor Steps = 2583450 | Delta Dist = 9.337 | Delta Dist 10 = 12.141 | Delta Dist 100 = 11.638 | Delta Dist 1000 = 11.186 | Episode Length = 50 | Episode Return = 0.0 | Evaluator Episodes = 13111 | Evaluator Steps = 655550 | Final Dist = 3.470 | Final Dist 10 = 0.665 | Final Dist 100 = 1.168 | Final Dist 1000 = 1.620 | Init Dist = 12.806 | Init Dist 10 = 12.806 | Init Dist 100 = 12.806 | Init Dist 1000 = 12.806 | Learner Steps = 40213 | Learner Walltime = 7978.911 | Min Dist = 3.470 | Min Dist 10 = 0.351 | Min Dist 100 = 0.573 | Min Dist 1000 = 0.934 | Steps Per Second = 81.184 | Success = 0.000 | Success 1000 = 0.827
I0502 17:19:15.902976 139569349502528 terminal.py:91] [Actor] Actor Episodes = 51675 | Actor Steps = 2583750 | Delta Dist = 7.048 | Delta Dist 10 = 5.670 | Delta Dist 100 = 4.855 | Delta Dist 1000 = 4.376 | Episode Length = 50 | Episode Return = 18.0 | Evaluator Episodes = 13111 | Evaluator Steps = 655550 | Final Dist = 0.023 | Final Dist 10 = 0.705 | Final Dist 100 = 1.215 | Final Dist 1000 = 1.455 | Init Dist = 7.071 | Init Dist 10 = 6.375 | Init Dist 100 = 6.069 | Init Dist 1000 = 5.831 | Learner Steps = 40218 | Learner Walltime = 7979.981 | Min Dist = 0.011 | Min Dist 10 = 0.067 | Min Dist 100 = 0.124 | Min Dist 1000 = 0.175 | Steps Per Second = 78.180 | Success = 1.000 | Success 1000 = 0.994
I0502 17:19:16.100889 139579566835264 terminal.py:91] [Evaluator] Actor Episodes = 51677 | Actor Steps = 2583850 | Delta Dist = 11.838 | Delta Dist 10 = 11.859 | Delta Dist 100 = 11.612 | Delta Dist 1000 = 11.184 | Episode Length = 50 | Episode Return = 5.0 | Evaluator Episodes = 13113 | Evaluator Steps = 655650 | Final Dist = 0.969 | Final Dist 10 = 0.947 | Final Dist 100 = 1.194 | Final Dist 1000 = 1.622 | Init Dist = 12.806 | Init Dist 10 = 12.806 | Init Dist 100 = 12.806 | Init Dist 1000 = 12.806 | Learner Steps = 40218 | Learner Walltime = 7979.981 | Min Dist = 0.293 | Min Dist 10 = 0.632 | Min Dist 100 = 0.610 | Min Dist 1000 = 0.938 | Steps Per Second = 79.339 | Success = 1.000 | Success 1000 = 0.826
I0502 17:19:17.330692 139579566835264 terminal.py:91] [Evaluator] Actor Episodes = 51685 | Actor Steps = 2584250 | Delta Dist = 11.677 | Delta Dist 10 = 11.897 | Delta Dist 100 = 11.613 | Delta Dist 1000 = 11.183 | Episode Length = 50 | Episode Return = 13.0 | Evaluator Episodes = 13115 | Evaluator Steps = 655750 | Final Dist = 1.129 | Final Dist 10 = 0.909 | Final Dist 100 = 1.193 | Final Dist 1000 = 1.623 | Init Dist = 12.806 | Init Dist 10 = 12.806 | Init Dist 100 = 12.806 | Init Dist 1000 = 12.806 | Learner Steps = 40225 | Learner Walltime = 7981.410 | Min Dist = 0.598 | Min Dist 10 = 0.526 | Min Dist 100 = 0.607 | Min Dist 1000 = 0.938 | Steps Per Second = 84.728 | Success = 1.000 | Success 1000 = 0.826
I0502 17:19:17.927820 139555013154368 terminal.py:91] [Learner] Actor Episodes = 51683 | Actor Loss = 3.785261631011963 | Actor Steps = 2584150 | Binary Accuracy = 0.995969295501709 | Categorical Accuracy = 0.42108154296875 | Critic Loss = 1.7681763172149658 | Entropy Mean = -23.094463348388672 | Evaluator Episodes = 13113 | Evaluator Steps = 655650 | Learner Steps = 40229 | Learner Walltime = 7982.125 | Logits Neg = -17.41513442993164 | Logits Pos = -1.7240636348724365 | Logsumexp = 1.1962873935699463 | Steps Per Second = 603.725
I0502 17:19:18.560048 139579566835264 terminal.py:91] [Evaluator] Actor Episodes = 51693 | Actor Steps = 2584650 | Delta Dist = 12.300 | Delta Dist 10 = 11.689 | Delta Dist 100 = 11.611 | Delta Dist 1000 = 11.182 | Episode Length = 50 | Episode Return = 30.0 | Evaluator Episodes = 13117 | Evaluator Steps = 655850 | Final Dist = 0.507 | Final Dist 10 = 1.117 | Final Dist 100 = 1.196 | Final Dist 1000 = 1.624 | Init Dist = 12.806 | Init Dist 10 = 12.806 | Init Dist 100 = 12.806 | Init Dist 1000 = 12.806 | Learner Steps = 40225 | Learner Walltime = 7981.410 | Min Dist = 0.112 | Min Dist 10 = 0.574 | Min Dist 100 = 0.612 | Min Dist 1000 = 0.938 | Steps Per Second = 76.309 | Success = 1.000 | Success 1000 = 0.827
I0502 17:19:19.636964 139579566835264 terminal.py:91] [Evaluator] Actor Episodes = 51697 | Actor Steps = 2584850 | Delta Dist = 11.816 | Delta Dist 10 = 11.584 | Delta Dist 100 = 11.610 | Delta Dist 1000 = 11.182 | Episode Length = 50 | Episode Return = 13.0 | Evaluator Episodes = 13119 | Evaluator Steps = 655950 | Final Dist = 0.990 | Final Dist 10 = 1.222 | Final Dist 100 = 1.196 | Final Dist 1000 = 1.624 | Init Dist = 12.806 | Init Dist 10 = 12.806 | Init Dist 100 = 12.806 | Init Dist 1000 = 12.806 | Learner Steps = 40232 | Learner Walltime = 7982.766 | Min Dist = 0.479 | Min Dist 10 = 0.565 | Min Dist 100 = 0.608 | Min Dist 1000 = 0.938 | Steps Per Second = 84.833 | Success = 1.000 | Success 1000 = 0.827
I0502 17:19:20.019396 139584504182336 lp_utils.py:96] StepsLimiter: Reached 2585150 recorded steps
I0502 17:19:20.309890 139558059398720 terminal.py:91] [Actor] Actor Episodes = 51702 | Actor Steps = 2585100 | Delta Dist = 7.973 | Delta Dist 10 = 3.213 | Delta Dist 100 = 4.617 | Delta Dist 1000 = 4.413 | Episode Length = 50 | Episode Return = 41.0 | Evaluator Episodes = 13119 | Evaluator Steps = 655950 | Final Dist = 0.972 | Final Dist 10 = 0.512 | Final Dist 100 = 1.220 | Final Dist 1000 = 1.423 | Init Dist = 8.944 | Init Dist 10 = 3.725 | Init Dist 100 = 5.837 | Init Dist 1000 = 5.837 | Learner Steps = 40232 | Learner Walltime = 7982.766 | Min Dist = 0.051 | Min Dist 10 = 0.056 | Min Dist 100 = 0.102 | Min Dist 1000 = 0.177 | Steps Per Second = 83.443 | Success = 1.000 | Success 1000 = 0.993
I0502 17:19:20.736839 139579566835264 terminal.py:91] [Evaluator] Actor Episodes = 51705 | Actor Steps = 2585250 | Delta Dist = 11.491 | Delta Dist 10 = 11.388 | Delta Dist 100 = 11.603 | Delta Dist 1000 = 11.181 | Episode Length = 50 | Episode Return = 8.0 | Evaluator Episodes = 13121 | Evaluator Steps = 656050 | Final Dist = 1.315 | Final Dist 10 = 1.418 | Final Dist 100 = 1.203 | Final Dist 1000 = 1.625 | Init Dist = 12.806 | Init Dist 10 = 12.806 | Init Dist 100 = 12.806 | Init Dist 1000 = 12.806 | Learner Steps = 40238 | Learner Walltime = 7983.944 | Min Dist = 0.190 | Min Dist 10 = 0.708 | Min Dist 100 = 0.613 | Min Dist 1000 = 0.939 | Steps Per Second = 100.345 | Success = 1.000 | Success 1000 = 0.826
I0502 17:19:21.839761 139555860620864 terminal.py:91] [Actor] Actor Episodes = 51712 | Actor Steps = 2585600 | Delta Dist = 2.622 | Delta Dist 10 = 5.310 | Delta Dist 100 = 4.758 | Delta Dist 1000 = 4.430 | Episode Length = 50 | Episode Return = 45.0 | Evaluator Episodes = 13121 | Evaluator Steps = 656050 | Final Dist = 0.540 | Final Dist 10 = 0.894 | Final Dist 100 = 1.123 | Final Dist 1000 = 1.409 | Init Dist = 3.162 | Init Dist 10 = 6.204 | Init Dist 100 = 5.882 | Init Dist 1000 = 5.839 | Learner Steps = 40244 | Learner Walltime = 7985.087 | Min Dist = 0.089 | Min Dist 10 = 0.079 | Min Dist 100 = 0.106 | Min Dist 1000 = 0.177 | Steps Per Second = 77.510 | Success = 1.000 | Success 1000 = 0.993
I0502 17:19:22.001559 139579566835264 terminal.py:91] [Evaluator] Actor Episodes = 51713 | Actor Steps = 2585650 | Delta Dist = 6.240 | Delta Dist 10 = 11.140 | Delta Dist 100 = 11.546 | Delta Dist 1000 = 11.176 | Episode Length = 50 | Episode Return = 0.0 | Evaluator Episodes = 13123 | Evaluator Steps = 656150 | Final Dist = 6.566 | Final Dist 10 = 1.666 | Final Dist 100 = 1.260 | Final Dist 1000 = 1.630 | Init Dist = 12.806 | Init Dist 10 = 12.806 | Init Dist 100 = 12.806 | Init Dist 1000 = 12.806 | Learner Steps = 40250 | Learner Walltime = 7986.188 | Min Dist = 5.375 | Min Dist 10 = 0.844 | Min Dist 100 = 0.665 | Min Dist 1000 = 0.944 | Steps Per Second = 79.070 | Success = 0.000 | Success 1000 = 0.825
I0502 17:19:23.185619 139557462840896 terminal.py:91] [Actor] Actor Episodes = 51722 | Actor Steps = 2586100 | Delta Dist = 2.925 | Delta Dist 10 = 3.200 | Delta Dist 100 = 4.707 | Delta Dist 1000 = 4.421 | Episode Length = 50 | Episode Return = 26.0 | Evaluator Episodes = 13123 | Evaluator Steps = 656150 | Final Dist = 0.237 | Final Dist 10 = 2.290 | Final Dist 100 = 1.289 | Final Dist 1000 = 1.426 | Init Dist = 3.162 | Init Dist 10 = 5.490 | Init Dist 100 = 5.996 | Init Dist 1000 = 5.847 | Learner Steps = 40250 | Learner Walltime = 7986.188 | Min Dist = 0.017 | Min Dist 10 = 0.110 | Min Dist 100 = 0.097 | Min Dist 1000 = 0.178 | Steps Per Second = 81.754 | Success = 1.000 | Success 1000 = 0.993
I0502 17:19:23.263038 139579566835264 terminal.py:91] [Evaluator] Actor Episodes = 51721 | Actor Steps = 2586050 | Delta Dist = 11.780 | Delta Dist 10 = 10.591 | Delta Dist 100 = 11.516 | Delta Dist 1000 = 11.171 | Episode Length = 50 | Episode Return = 4.0 | Evaluator Episodes = 13125 | Evaluator Steps = 656250 | Final Dist = 1.026 | Final Dist 10 = 2.215 | Final Dist 100 = 1.290 | Final Dist 1000 = 1.636 | Init Dist = 12.806 | Init Dist 10 = 12.806 | Init Dist 100 = 12.806 | Init Dist 1000 = 12.806 | Learner Steps = 40255 | Learner Walltime = 7987.194 | Min Dist = 0.667 | Min Dist 10 = 1.412 | Min Dist 100 = 0.689 | Min Dist 1000 = 0.950 | Steps Per Second = 84.994 | Success = 1.000 | Success 1000 = 0.824
I0502 17:19:24.524968 139579566835264 terminal.py:91] [Evaluator] Actor Episodes = 51729 | Actor Steps = 2586450 | Delta Dist = 12.200 | Delta Dist 10 = 10.623 | Delta Dist 100 = 11.618 | Delta Dist 1000 = 11.170 | Episode Length = 50 | Episode Return = 18.0 | Evaluator Episodes = 13127 | Evaluator Steps = 656350 | Final Dist = 0.606 | Final Dist 10 = 2.183 | Final Dist 100 = 1.188 | Final Dist 1000 = 1.637 | Init Dist = 12.806 | Init Dist 10 = 12.806 | Init Dist 100 = 12.806 | Init Dist 1000 = 12.806 | Learner Steps = 40260 | Learner Walltime = 7988.238 | Min Dist = 0.475 | Min Dist 10 = 1.407 | Min Dist 100 = 0.590 | Min Dist 1000 = 0.950 | Steps Per Second = 78.256 | Success = 1.000 | Success 1000 = 0.824
I0502 17:19:25.708554 139579566835264 terminal.py:91] [Evaluator] Actor Episodes = 51737 | Actor Steps = 2586850 | Delta Dist = 7.146 | Delta Dist 10 = 10.742 | Delta Dist 100 = 11.631 | Delta Dist 1000 = 11.170 | Episode Length = 50 | Episode Return = 0.0 | Evaluator Episodes = 13129 | Evaluator Steps = 656450 | Final Dist = 5.660 | Final Dist 10 = 2.065 | Final Dist 100 = 1.175 | Final Dist 1000 = 1.636 | Init Dist = 12.806 | Init Dist 10 = 12.806 | Init Dist 100 = 12.806 | Init Dist 1000 = 12.806 | Learner Steps = 40265 | Learner Walltime = 7989.365 | Min Dist = 5.329 | Min Dist 10 = 1.424 | Min Dist 100 = 0.585 | Min Dist 1000 = 0.951 | Steps Per Second = 88.499 | Success = 0.000 | Success 1000 = 0.824
I0502 17:19:26.292351 139569349502528 terminal.py:91] [Actor] Actor Episodes = 51740 | Actor Steps = 2587000 | Delta Dist = -4.102 | Delta Dist 10 = 4.797 | Delta Dist 100 = 4.647 | Delta Dist 1000 = 4.414 | Episode Length = 50 | Episode Return = 0.0 | Evaluator Episodes = 13129 | Evaluator Steps = 656450 | Final Dist = 6.338 | Final Dist 10 = 0.502 | Final Dist 100 = 1.162 | Final Dist 1000 = 1.431 | Init Dist = 2.236 | Init Dist 10 = 5.299 | Init Dist 100 = 5.809 | Init Dist 1000 = 5.844 | Learner Steps = 40265 | Learner Walltime = 7989.365 | Min Dist = 0.146 | Min Dist 10 = 0.065 | Min Dist 100 = 0.099 | Min Dist 1000 = 0.179 | Steps Per Second = 115.313 | Success = 1.000 | Success 1000 = 0.993
I0502 17:19:26.895760 139579566835264 terminal.py:91] [Evaluator] Actor Episodes = 51745 | Actor Steps = 2587250 | Delta Dist = 5.218 | Delta Dist 10 = 10.343 | Delta Dist 100 = 11.562 | Delta Dist 1000 = 11.164 | Episode Length = 50 | Episode Return = 0.0 | Evaluator Episodes = 13131 | Evaluator Steps = 656550 | Final Dist = 7.588 | Final Dist 10 = 2.463 | Final Dist 100 = 1.244 | Final Dist 1000 = 1.642 | Init Dist = 12.806 | Init Dist 10 = 12.806 | Init Dist 100 = 12.806 | Init Dist 1000 = 12.806 | Learner Steps = 40271 | Learner Walltime = 7990.400 | Min Dist = 5.346 | Min Dist 10 = 1.824 | Min Dist 100 = 0.637 | Min Dist 1000 = 0.956 | Steps Per Second = 78.442 | Success = 0.000 | Success 1000 = 0.823
I0502 17:19:28.018549 139555013154368 terminal.py:91] [Learner] Actor Episodes = 51749 | Actor Loss = 3.853147506713867 | Actor Steps = 2587450 | Binary Accuracy = 0.9961011409759521 | Categorical Accuracy = 0.4373779296875 | Critic Loss = 1.7297213077545166 | Entropy Mean = -24.429946899414062 | Evaluator Episodes = 13131 | Evaluator Steps = 656550 | Learner Steps = 40279 | Learner Walltime = 7992.212 | Logits Neg = -17.316116333007812 | Logits Pos = -1.6969965696334839 | Logsumexp = 1.1576015949249268 | Steps Per Second = 150.631
I0502 17:19:28.150301 139579566835264 terminal.py:91] [Evaluator] Actor Episodes = 51753 | Actor Steps = 2587650 | Delta Dist = 9.982 | Delta Dist 10 = 10.184 | Delta Dist 100 = 11.493 | Delta Dist 1000 = 11.158 | Episode Length = 50 | Episode Return = 0.0 | Evaluator Episodes = 13133 | Evaluator Steps = 656650 | Final Dist = 2.824 | Final Dist 10 = 2.622 | Final Dist 100 = 1.313 | Final Dist 1000 = 1.648 | Init Dist = 12.806 | Init Dist 10 = 12.806 | Init Dist 100 = 12.806 | Init Dist 1000 = 12.806 | Learner Steps = 40277 | Learner Walltime = 7991.590 | Min Dist = 1.022 | Min Dist 10 = 1.822 | Min Dist 100 = 0.688 | Min Dist 1000 = 0.961 | Steps Per Second = 76.576 | Success = 0.000 | Success 1000 = 0.822
I0502 17:19:29.392895 139579566835264 terminal.py:91] [Evaluator] Actor Episodes = 51761 | Actor Steps = 2588050 | Delta Dist = 10.903 | Delta Dist 10 = 10.518 | Delta Dist 100 = 11.468 | Delta Dist 1000 = 11.155 | Episode Length = 50 | Episode Return = 1.0 | Evaluator Episodes = 13135 | Evaluator Steps = 656750 | Final Dist = 1.904 | Final Dist 10 = 2.289 | Final Dist 100 = 1.339 | Final Dist 1000 = 1.651 | Init Dist = 12.806 | Init Dist 10 = 12.806 | Init Dist 100 = 12.806 | Init Dist 1000 = 12.806 | Learner Steps = 40283 | Learner Walltime = 7992.854 | Min Dist = 0.859 | Min Dist 10 = 1.429 | Min Dist 100 = 0.703 | Min Dist 1000 = 0.962 | Steps Per Second = 79.611 | Success = 1.000 | Success 1000 = 0.820
I0502 17:19:30.038641 139584504182336 lp_utils.py:96] StepsLimiter: Reached 2588350 recorded steps
I0502 17:19:30.489202 139558059398720 terminal.py:91] [Actor] Actor Episodes = 51766 | Actor Steps = 2588300 | Delta Dist = 2.615 | Delta Dist 10 = 2.817 | Delta Dist 100 = 4.199 | Delta Dist 1000 = 4.376 | Episode Length = 50 | Episode Return = 28.0 | Evaluator Episodes = 13135 | Evaluator Steps = 656750 | Final Dist = 0.548 | Final Dist 10 = 1.527 | Final Dist 100 = 1.236 | Final Dist 1000 = 1.435 | Init Dist = 3.162 | Init Dist 10 = 4.344 | Init Dist 100 = 5.435 | Init Dist 1000 = 5.811 | Learner Steps = 40288 | Learner Walltime = 7993.904 | Min Dist = 0.009 | Min Dist 10 = 0.038 | Min Dist 100 = 0.095 | Min Dist 1000 = 0.178 | Steps Per Second = 81.644 | Success = 1.000 | Success 1000 = 0.993
I0502 17:19:30.701400 139579566835264 terminal.py:91] [Evaluator] Actor Episodes = 51769 | Actor Steps = 2588450 | Delta Dist = 11.863 | Delta Dist 10 = 10.426 | Delta Dist 100 = 11.454 | Delta Dist 1000 = 11.154 | Episode Length = 50 | Episode Return = 18.0 | Evaluator Episodes = 13137 | Evaluator Steps = 656850 | Final Dist = 0.943 | Final Dist 10 = 2.380 | Final Dist 100 = 1.352 | Final Dist 1000 = 1.652 | Init Dist = 12.806 | Init Dist 10 = 12.806 | Init Dist 100 = 12.806 | Init Dist 1000 = 12.806 | Learner Steps = 40288 | Learner Walltime = 7993.904 | Min Dist = 0.250 | Min Dist 10 = 1.543 | Min Dist 100 = 0.718 | Min Dist 1000 = 0.963 | Steps Per Second = 80.377 | Success = 1.000 | Success 1000 = 0.819
I0502 17:19:31.845844 139579566835264 terminal.py:91] [Evaluator] Actor Episodes = 51777 | Actor Steps = 2588850 | Delta Dist = 11.652 | Delta Dist 10 = 10.303 | Delta Dist 100 = 11.450 | Delta Dist 1000 = 11.154 | Episode Length = 50 | Episode Return = 20.0 | Evaluator Episodes = 13139 | Evaluator Steps = 656950 | Final Dist = 1.155 | Final Dist 10 = 2.503 | Final Dist 100 = 1.356 | Final Dist 1000 = 1.653 | Init Dist = 12.806 | Init Dist 10 = 12.806 | Init Dist 100 = 12.806 | Init Dist 1000 = 12.806 | Learner Steps = 40294 | Learner Walltime = 7995.195 | Min Dist = 0.087 | Min Dist 10 = 1.523 | Min Dist 100 = 0.719 | Min Dist 1000 = 0.963 | Steps Per Second = 85.880 | Success = 1.000 | Success 1000 = 0.819
I0502 17:19:32.423162 139555860620864 terminal.py:91] [Actor] Actor Episodes = 51783 | Actor Steps = 2589150 | Delta Dist = 0.000 | Delta Dist 10 = 6.412 | Delta Dist 100 = 4.238 | Delta Dist 1000 = 4.396 | Episode Length = 50 | Episode Return = 35.0 | Evaluator Episodes = 13139 | Evaluator Steps = 656950 | Final Dist = 7.000 | Final Dist 10 = 0.740 | Final Dist 100 = 1.190 | Final Dist 1000 = 1.418 | Init Dist = 7.000 | Init Dist 10 = 7.152 | Init Dist 100 = 5.427 | Init Dist 1000 = 5.814 | Learner Steps = 40300 | Learner Walltime = 7996.296 | Min Dist = 7.000 | Min Dist 10 = 0.058 | Min Dist 100 = 0.092 | Min Dist 1000 = 0.174 | Steps Per Second = 76.989 | Success = 0.000 | Success 1000 = 0.993
I0502 17:19:32.986902 139579566835264 terminal.py:91] [Evaluator] Actor Episodes = 51785 | Actor Steps = 2589250 | Delta Dist = 11.789 | Delta Dist 10 = 10.901 | Delta Dist 100 = 11.457 | Delta Dist 1000 = 11.155 | Episode Length = 50 | Episode Return = 15.0 | Evaluator Episodes = 13141 | Evaluator Steps = 657050 | Final Dist = 1.017 | Final Dist 10 = 1.905 | Final Dist 100 = 1.349 | Final Dist 1000 = 1.652 | Init Dist = 12.806 | Init Dist 10 = 12.806 | Init Dist 100 = 12.806 | Init Dist 1000 = 12.806 | Learner Steps = 40300 | Learner Walltime = 7996.296 | Min Dist = 0.071 | Min Dist 10 = 0.983 | Min Dist 100 = 0.714 | Min Dist 1000 = 0.963 | Steps Per Second = 93.542 | Success = 1.000 | Success 1000 = 0.819
I0502 17:19:33.170637 139584635659840 savers.py:156] Saving checkpoint: logs/contrastive_cpc_point_FourRooms_64/5dd72662-2788-11f0-b183-d85ed38c5779/checkpoints/counter
I0502 17:19:33.705752 139557462840896 terminal.py:91] [Actor] Actor Episodes = 51793 | Actor Steps = 2589650 | Delta Dist = 4.981 | Delta Dist 10 = 3.799 | Delta Dist 100 = 4.165 | Delta Dist 1000 = 4.386 | Episode Length = 50 | Episode Return = 46.0 | Evaluator Episodes = 13141 | Evaluator Steps = 657050 | Final Dist = 1.101 | Final Dist 10 = 1.018 | Final Dist 100 = 1.168 | Final Dist 1000 = 1.419 | Init Dist = 6.083 | Init Dist 10 = 4.817 | Init Dist 100 = 5.332 | Init Dist 1000 = 5.806 | Learner Steps = 40306 | Learner Walltime = 7997.440 | Min Dist = 0.050 | Min Dist 10 = 0.180 | Min Dist 100 = 0.092 | Min Dist 1000 = 0.170 | Steps Per Second = 87.926 | Success = 1.000 | Success 1000 = 0.992
I0502 17:19:34.228310 139579566835264 terminal.py:91] [Evaluator] Actor Episodes = 51793 | Actor Steps = 2589650 | Delta Dist = 12.220 | Delta Dist 10 = 11.548 | Delta Dist 100 = 11.456 | Delta Dist 1000 = 11.155 | Episode Length = 50 | Episode Return = 19.0 | Evaluator Episodes = 13143 | Evaluator Steps = 657150 | Final Dist = 0.587 | Final Dist 10 = 1.258 | Final Dist 100 = 1.351 | Final Dist 1000 = 1.651 | Init Dist = 12.806 | Init Dist 10 = 12.806 | Init Dist 100 = 12.806 | Init Dist 1000 = 12.806 | Learner Steps = 40306 | Learner Walltime = 7997.440 | Min Dist = 0.079 | Min Dist 10 = 0.491 | Min Dist 100 = 0.715 | Min Dist 1000 = 0.963 | Steps Per Second = 76.262 | Success = 1.000 | Success 1000 = 0.819
I0502 17:19:35.454979 139579566835264 terminal.py:91] [Evaluator] Actor Episodes = 51801 | Actor Steps = 2590050 | Delta Dist = 11.756 | Delta Dist 10 = 11.869 | Delta Dist 100 = 11.466 | Delta Dist 1000 = 11.156 | Episode Length = 50 | Episode Return = 16.0 | Evaluator Episodes = 13145 | Evaluator Steps = 657250 | Final Dist = 1.051 | Final Dist 10 = 0.937 | Final Dist 100 = 1.340 | Final Dist 1000 = 1.650 | Init Dist = 12.806 | Init Dist 10 = 12.806 | Init Dist 100 = 12.806 | Init Dist 1000 = 12.806 | Learner Steps = 40311 | Learner Walltime = 7998.548 | Min Dist = 0.031 | Min Dist 10 = 0.293 | Min Dist 100 = 0.711 | Min Dist 1000 = 0.963 | Steps Per Second = 81.812 | Success = 1.000 | Success 1000 = 0.819
I0502 17:19:36.362034 139569349502528 terminal.py:91] [Actor] Actor Episodes = 51804 | Actor Steps = 2590200 | Delta Dist = 2.905 | Delta Dist 10 = 4.170 | Delta Dist 100 = 3.955 | Delta Dist 1000 = 4.364 | Episode Length = 50 | Episode Return = 35.0 | Evaluator Episodes = 13145 | Evaluator Steps = 657250 | Final Dist = 0.095 | Final Dist 10 = 2.630 | Final Dist 100 = 1.526 | Final Dist 1000 = 1.442 | Init Dist = 3.000 | Init Dist 10 = 6.799 | Init Dist 100 = 5.481 | Init Dist 1000 = 5.806 | Learner Steps = 40318 | Learner Walltime = 7999.761 | Min Dist = 0.028 | Min Dist 10 = 0.504 | Min Dist 100 = 0.220 | Min Dist 1000 = 0.183 | Steps Per Second = 89.605 | Success = 1.000 | Success 1000 = 0.991
I0502 17:19:36.705356 139579566835264 terminal.py:91] [Evaluator] Actor Episodes = 51809 | Actor Steps = 2590450 | Delta Dist = 6.642 | Delta Dist 10 = 11.954 | Delta Dist 100 = 11.460 | Delta Dist 1000 = 11.156 | Episode Length = 50 | Episode Return = 0.0 | Evaluator Episodes = 13147 | Evaluator Steps = 657350 | Final Dist = 6.164 | Final Dist 10 = 0.853 | Final Dist 100 = 1.346 | Final Dist 1000 = 1.650 | Init Dist = 12.806 | Init Dist 10 = 12.806 | Init Dist 100 = 12.806 | Init Dist 1000 = 12.806 | Learner Steps = 40318 | Learner Walltime = 7999.761 | Min Dist = 5.404 | Min Dist 10 = 0.137 | Min Dist 100 = 0.708 | Min Dist 1000 = 0.963 | Steps Per Second = 78.448 | Success = 0.000 | Success 1000 = 0.819
I0502 17:19:37.904461 139579566835264 terminal.py:91] [Evaluator] Actor Episodes = 51817 | Actor Steps = 2590850 | Delta Dist = 7.002 | Delta Dist 10 = 11.494 | Delta Dist 100 = 11.406 | Delta Dist 1000 = 11.153 | Episode Length = 50 | Episode Return = 0.0 | Evaluator Episodes = 13149 | Evaluator Steps = 657450 | Final Dist = 5.804 | Final Dist 10 = 1.312 | Final Dist 100 = 1.400 | Final Dist 1000 = 1.654 | Init Dist = 12.806 | Init Dist 10 = 12.806 | Init Dist 100 = 12.806 | Init Dist 1000 = 12.806 | Learner Steps = 40329 | Learner Walltime = 8002.102 | Min Dist = 5.234 | Min Dist 10 = 0.670 | Min Dist 100 = 0.762 | Min Dist 1000 = 0.967 | Steps Per Second = 82.991 | Success = 0.000 | Success 1000 = 0.819
I0502 17:19:38.062665 139555013154368 terminal.py:91] [Learner] Actor Episodes = 51817 | Actor Loss = 3.747650623321533 | Actor Steps = 2590850 | Binary Accuracy = 0.9960386753082275 | Categorical Accuracy = 0.4349365234375 | Critic Loss = 1.7432465553283691 | Entropy Mean = -23.424720764160156 | Evaluator Episodes = 13147 | Evaluator Steps = 657350 | Learner Steps = 40330 | Learner Walltime = 8002.256 | Logits Neg = -17.6187744140625 | Logits Pos = -1.7421025037765503 | Logsumexp = 1.1982580423355103 | Steps Per Second = 414.716
I0502 17:19:39.135607 139579566835264 terminal.py:91] [Evaluator] Actor Episodes = 51825 | Actor Steps = 2591250 | Delta Dist = 7.529 | Delta Dist 10 = 11.036 | Delta Dist 100 = 11.375 | Delta Dist 1000 = 11.149 | Episode Length = 50 | Episode Return = 0.0 | Evaluator Episodes = 13151 | Evaluator Steps = 657550 | Final Dist = 5.277 | Final Dist 10 = 1.770 | Final Dist 100 = 1.432 | Final Dist 1000 = 1.657 | Init Dist = 12.806 | Init Dist 10 = 12.806 | Init Dist 100 = 12.806 | Init Dist 1000 = 12.806 | Learner Steps = 40329 | Learner Walltime = 8002.102 | Min Dist = 5.156 | Min Dist 10 = 1.192 | Min Dist 100 = 0.794 | Min Dist 1000 = 0.972 | Steps Per Second = 81.072 | Success = 0.000 | Success 1000 = 0.818
I0502 17:19:40.058320 139584504182336 lp_utils.py:96] StepsLimiter: Reached 2591650 recorded steps
I0502 17:19:40.406524 139579566835264 terminal.py:91] [Evaluator] Actor Episodes = 51833 | Actor Steps = 2591650 | Delta Dist = 12.557 | Delta Dist 10 = 10.088 | Delta Dist 100 = 11.269 | Delta Dist 1000 = 11.140 | Episode Length = 50 | Episode Return = 17.0 | Evaluator Episodes = 13153 | Evaluator Steps = 657650 | Final Dist = 0.249 | Final Dist 10 = 2.719 | Final Dist 100 = 1.538 | Final Dist 1000 = 1.666 | Init Dist = 12.806 | Init Dist 10 = 12.806 | Init Dist 100 = 12.806 | Init Dist 1000 = 12.806 | Learner Steps = 40342 | Learner Walltime = 8004.593 | Min Dist = 0.084 | Min Dist 10 = 2.193 | Min Dist 100 = 0.896 | Min Dist 1000 = 0.982 | Steps Per Second = 80.196 | Success = 1.000 | Success 1000 = 0.816
I0502 17:19:41.086791 139558059398720 terminal.py:91] [Actor] Actor Episodes = 51841 | Actor Steps = 2592050 | Delta Dist = -3.802 | Delta Dist 10 = 4.302 | Delta Dist 100 = 3.904 | Delta Dist 1000 = 4.354 | Episode Length = 50 | Episode Return = 17.0 | Evaluator Episodes = 13153 | Evaluator Steps = 657650 | Final Dist = 7.408 | Final Dist 10 = 1.915 | Final Dist 100 = 1.561 | Final Dist 1000 = 1.457 | Init Dist = 3.606 | Init Dist 10 = 6.218 | Init Dist 100 = 5.465 | Init Dist 1000 = 5.810 | Learner Steps = 40342 | Learner Walltime = 8004.593 | Min Dist = 0.092 | Min Dist 10 = 0.294 | Min Dist 100 = 0.266 | Min Dist 1000 = 0.188 | Steps Per Second = 79.937 | Success = 1.000 | Success 1000 = 0.991
I0502 17:19:41.603207 139579566835264 terminal.py:91] [Evaluator] Actor Episodes = 51841 | Actor Steps = 2592050 | Delta Dist = 6.916 | Delta Dist 10 = 9.528 | Delta Dist 100 = 11.214 | Delta Dist 1000 = 11.136 | Episode Length = 50 | Episode Return = 0.0 | Evaluator Episodes = 13155 | Evaluator Steps = 657750 | Final Dist = 5.890 | Final Dist 10 = 3.279 | Final Dist 100 = 1.593 | Final Dist 1000 = 1.670 | Init Dist = 12.806 | Init Dist 10 = 12.806 | Init Dist 100 = 12.806 | Init Dist 1000 = 12.806 | Learner Steps = 40347 | Learner Walltime = 8005.651 | Min Dist = 5.368 | Min Dist 10 = 2.717 | Min Dist 100 = 0.945 | Min Dist 1000 = 0.985 | Steps Per Second = 83.484 | Success = 0.000 | Success 1000 = 0.816
I0502 17:19:42.804248 139579566835264 terminal.py:91] [Evaluator] Actor Episodes = 51849 | Actor Steps = 2592450 | Delta Dist = 5.636 | Delta Dist 10 = 9.150 | Delta Dist 100 = 11.213 | Delta Dist 1000 = 11.132 | Episode Length = 50 | Episode Return = 0.0 | Evaluator Episodes = 13157 | Evaluator Steps = 657850 | Final Dist = 7.170 | Final Dist 10 = 3.657 | Final Dist 100 = 1.593 | Final Dist 1000 = 1.675 | Init Dist = 12.806 | Init Dist 10 = 12.806 | Init Dist 100 = 12.806 | Init Dist 1000 = 12.806 | Learner Steps = 40354 | Learner Walltime = 8006.981 | Min Dist = 5.350 | Min Dist 10 = 3.226 | Min Dist 100 = 0.946 | Min Dist 1000 = 0.990 | Steps Per Second = 85.863 | Success = 0.000 | Success 1000 = 0.815
I0502 17:19:42.851023 139555860620864 terminal.py:91] [Actor] Actor Episodes = 51848 | Actor Steps = 2592400 | Delta Dist = 5.379 | Delta Dist 10 = 2.655 | Delta Dist 100 = 3.809 | Delta Dist 1000 = 4.323 | Episode Length = 50 | Episode Return = 33.0 | Evaluator Episodes = 13155 | Evaluator Steps = 657750 | Final Dist = 0.452 | Final Dist 10 = 1.003 | Final Dist 100 = 1.515 | Final Dist 1000 = 1.458 | Init Dist = 5.831 | Init Dist 10 = 3.658 | Init Dist 100 = 5.324 | Init Dist 1000 = 5.782 | Learner Steps = 40347 | Learner Walltime = 8005.651 | Min Dist = 0.094 | Min Dist 10 = 0.240 | Min Dist 100 = 0.280 | Min Dist 1000 = 0.189 | Steps Per Second = 76.516 | Success = 1.000 | Success 1000 = 0.991
I0502 17:19:43.896922 139557462840896 terminal.py:91] [Actor] Actor Episodes = 51852 | Actor Steps = 2592600 | Delta Dist = 7.659 | Delta Dist 10 = 3.765 | Delta Dist 100 = 3.777 | Delta Dist 1000 = 4.314 | Episode Length = 50 | Episode Return = 40.0 | Evaluator Episodes = 13157 | Evaluator Steps = 657850 | Final Dist = 0.404 | Final Dist 10 = 0.578 | Final Dist 100 = 1.508 | Final Dist 1000 = 1.458 | Init Dist = 8.062 | Init Dist 10 = 4.343 | Init Dist 100 = 5.285 | Init Dist 1000 = 5.773 | Learner Steps = 40354 | Learner Walltime = 8006.981 | Min Dist = 0.055 | Min Dist 10 = 0.067 | Min Dist 100 = 0.280 | Min Dist 1000 = 0.188 | Steps Per Second = 75.817 | Success = 1.000 | Success 1000 = 0.991
I0502 17:19:44.027877 139579566835264 terminal.py:91] [Evaluator] Actor Episodes = 51857 | Actor Steps = 2592850 | Delta Dist = 6.492 | Delta Dist 10 = 8.502 | Delta Dist 100 = 11.100 | Delta Dist 1000 = 11.122 | Episode Length = 50 | Episode Return = 0.0 | Evaluator Episodes = 13159 | Evaluator Steps = 657950 | Final Dist = 6.315 | Final Dist 10 = 4.304 | Final Dist 100 = 1.706 | Final Dist 1000 = 1.685 | Init Dist = 12.806 | Init Dist 10 = 12.806 | Init Dist 100 = 12.806 | Init Dist 1000 = 12.806 | Learner Steps = 40354 | Learner Walltime = 8006.981 | Min Dist = 5.236 | Min Dist 10 = 3.732 | Min Dist 100 = 1.050 | Min Dist 1000 = 1.000 | Steps Per Second = 79.651 | Success = 0.000 | Success 1000 = 0.814
I0502 17:19:45.239763 139579566835264 terminal.py:91] [Evaluator] Actor Episodes = 51865 | Actor Steps = 2593250 | Delta Dist = 6.285 | Delta Dist 10 = 8.377 | Delta Dist 100 = 11.038 | Delta Dist 1000 = 11.116 | Episode Length = 50 | Episode Return = 0.0 | Evaluator Episodes = 13161 | Evaluator Steps = 658050 | Final Dist = 6.521 | Final Dist 10 = 4.429 | Final Dist 100 = 1.768 | Final Dist 1000 = 1.690 | Init Dist = 12.806 | Init Dist 10 = 12.806 | Init Dist 100 = 12.806 | Init Dist 1000 = 12.806 | Learner Steps = 40361 | Learner Walltime = 8008.420 | Min Dist = 5.207 | Min Dist 10 = 3.776 | Min Dist 100 = 1.101 | Min Dist 1000 = 1.005 | Steps Per Second = 79.825 | Success = 0.000 | Success 1000 = 0.813
I0502 17:19:46.468956 139579566835264 terminal.py:91] [Evaluator] Actor Episodes = 51873 | Actor Steps = 2593650 | Delta Dist = 12.571 | Delta Dist 10 = 8.820 | Delta Dist 100 = 11.000 | Delta Dist 1000 = 11.111 | Episode Length = 50 | Episode Return = 17.0 | Evaluator Episodes = 13163 | Evaluator Steps = 658150 | Final Dist = 0.235 | Final Dist 10 = 3.987 | Final Dist 100 = 1.806 | Final Dist 1000 = 1.695 | Init Dist = 12.806 | Init Dist 10 = 12.806 | Init Dist 100 = 12.806 | Init Dist 1000 = 12.806 | Learner Steps = 40368 | Learner Walltime = 8009.782 | Min Dist = 0.123 | Min Dist 10 = 3.258 | Min Dist 100 = 1.150 | Min Dist 1000 = 1.010 | Steps Per Second = 84.239 | Success = 1.000 | Success 1000 = 0.812
I0502 17:19:46.469797 139569349502528 terminal.py:91] [Actor] Actor Episodes = 51870 | Actor Steps = 2593500 | Delta Dist = 2.410 | Delta Dist 10 = 3.362 | Delta Dist 100 = 3.895 | Delta Dist 1000 = 4.288 | Episode Length = 50 | Episode Return = 5.0 | Evaluator Episodes = 13161 | Evaluator Steps = 658050 | Final Dist = 2.975 | Final Dist 10 = 2.793 | Final Dist 100 = 1.642 | Final Dist 1000 = 1.479 | Init Dist = 5.385 | Init Dist 10 = 6.155 | Init Dist 100 = 5.536 | Init Dist 1000 = 5.767 | Learner Steps = 40368 | Learner Walltime = 8009.782 | Min Dist = 0.151 | Min Dist 10 = 0.082 | Min Dist 100 = 0.285 | Min Dist 1000 = 0.187 | Steps Per Second = 78.888 | Success = 1.000 | Success 1000 = 0.991
I0502 17:19:47.467229 139583350109760 savers.py:156] Saving checkpoint: logs/contrastive_cpc_point_FourRooms_64/5dd72662-2788-11f0-b183-d85ed38c5779/checkpoints/learner
I0502 17:19:47.705653 139579566835264 terminal.py:91] [Evaluator] Actor Episodes = 51881 | Actor Steps = 2594050 | Delta Dist = 11.723 | Delta Dist 10 = 8.952 | Delta Dist 100 = 10.958 | Delta Dist 1000 = 11.107 | Episode Length = 50 | Episode Return = 21.0 | Evaluator Episodes = 13165 | Evaluator Steps = 658250 | Final Dist = 1.083 | Final Dist 10 = 3.854 | Final Dist 100 = 1.848 | Final Dist 1000 = 1.699 | Init Dist = 12.806 | Init Dist 10 = 12.806 | Init Dist 100 = 12.806 | Init Dist 1000 = 12.806 | Learner Steps = 40373 | Learner Walltime = 8010.825 | Min Dist = 0.146 | Min Dist 10 = 3.265 | Min Dist 100 = 1.201 | Min Dist 1000 = 1.015 | Steps Per Second = 81.663 | Success = 1.000 | Success 1000 = 0.811
I0502 17:19:48.116977 139555013154368 terminal.py:91] [Learner] Actor Episodes = 51881 | Actor Loss = 3.6132712364196777 | Actor Steps = 2594050 | Binary Accuracy = 0.9959707260131836 | Categorical Accuracy = 0.41973876953125 | Critic Loss = 1.774895191192627 | Entropy Mean = -24.174152374267578 | Evaluator Episodes = 13165 | Evaluator Steps = 658250 | Learner Steps = 40381 | Learner Walltime = 8012.308 | Logits Neg = -17.148998260498047 | Logits Pos = -1.7363181114196777 | Logsumexp = 1.0931861400604248 | Steps Per Second = 419.155
I0502 17:19:49.033149 139579566835264 terminal.py:91] [Evaluator] Actor Episodes = 51889 | Actor Steps = 2594450 | Delta Dist = 12.641 | Delta Dist 10 = 9.345 | Delta Dist 100 = 10.946 | Delta Dist 1000 = 11.107 | Episode Length = 50 | Episode Return = 29.0 | Evaluator Episodes = 13167 | Evaluator Steps = 658350 | Final Dist = 0.165 | Final Dist 10 = 3.461 | Final Dist 100 = 1.860 | Final Dist 1000 = 1.699 | Init Dist = 12.806 | Init Dist 10 = 12.806 | Init Dist 100 = 12.806 | Init Dist 1000 = 12.806 | Learner Steps = 40385 | Learner Walltime = 8013.079 | Min Dist = 0.102 | Min Dist 10 = 2.737 | Min Dist 100 = 1.201 | Min Dist 1000 = 1.014 | Steps Per Second = 73.061 | Success = 1.000 | Success 1000 = 0.811
I0502 17:19:50.077329 139584504182336 lp_utils.py:96] StepsLimiter: Reached 2594850 recorded steps
I0502 17:19:50.237463 139579566835264 terminal.py:91] [Evaluator] Actor Episodes = 51897 | Actor Steps = 2594850 | Delta Dist = 7.040 | Delta Dist 10 = 10.605 | Delta Dist 100 = 11.021 | Delta Dist 1000 = 11.108 | Episode Length = 50 | Episode Return = 0.0 | Evaluator Episodes = 13169 | Evaluator Steps = 658450 | Final Dist = 5.766 | Final Dist 10 = 2.201 | Final Dist 100 = 1.785 | Final Dist 1000 = 1.698 | Init Dist = 12.806 | Init Dist 10 = 12.806 | Init Dist 100 = 12.806 | Init Dist 1000 = 12.806 | Learner Steps = 40391 | Learner Walltime = 8014.189 | Min Dist = 5.470 | Min Dist 10 = 1.696 | Min Dist 100 = 1.151 | Min Dist 1000 = 1.014 | Steps Per Second = 78.287 | Success = 0.000 | Success 1000 = 0.811
I0502 17:19:51.134628 139558059398720 terminal.py:91] [Actor] Actor Episodes = 51905 | Actor Steps = 2595250 | Delta Dist = 1.303 | Delta Dist 10 = 4.345 | Delta Dist 100 = 4.087 | Delta Dist 1000 = 4.283 | Episode Length = 50 | Episode Return = 28.0 | Evaluator Episodes = 13169 | Evaluator Steps = 658450 | Final Dist = 0.934 | Final Dist 10 = 2.624 | Final Dist 100 = 1.579 | Final Dist 1000 = 1.480 | Init Dist = 2.236 | Init Dist 10 = 6.970 | Init Dist 100 = 5.666 | Init Dist 1000 = 5.764 | Learner Steps = 40391 | Learner Walltime = 8014.189 | Min Dist = 0.154 | Min Dist 10 = 0.047 | Min Dist 100 = 0.152 | Min Dist 1000 = 0.185 | Steps Per Second = 77.665 | Success = 1.000 | Success 1000 = 0.991
I0502 17:19:51.483052 139579566835264 terminal.py:91] [Evaluator] Actor Episodes = 51905 | Actor Steps = 2595250 | Delta Dist = 11.602 | Delta Dist 10 = 10.215 | Delta Dist 100 = 10.921 | Delta Dist 1000 = 11.099 | Episode Length = 50 | Episode Return = 0.0 | Evaluator Episodes = 13171 | Evaluator Steps = 658550 | Final Dist = 1.205 | Final Dist 10 = 2.592 | Final Dist 100 = 1.885 | Final Dist 1000 = 1.707 | Init Dist = 12.806 | Init Dist 10 = 12.806 | Init Dist 100 = 12.806 | Init Dist 1000 = 12.806 | Learner Steps = 40396 | Learner Walltime = 8015.382 | Min Dist = 1.009 | Min Dist 10 = 2.195 | Min Dist 100 = 1.250 | Min Dist 1000 = 1.024 | Steps Per Second = 76.381 | Success = 0.000 | Success 1000 = 0.809
I0502 17:19:52.739483 139579566835264 terminal.py:91] [Evaluator] Actor Episodes = 51913 | Actor Steps = 2595650 | Delta Dist = 7.074 | Delta Dist 10 = 10.177 | Delta Dist 100 = 10.854 | Delta Dist 1000 = 11.095 | Episode Length = 50 | Episode Return = 0.0 | Evaluator Episodes = 13173 | Evaluator Steps = 658650 | Final Dist = 5.732 | Final Dist 10 = 2.629 | Final Dist 100 = 1.952 | Final Dist 1000 = 1.711 | Init Dist = 12.806 | Init Dist 10 = 12.806 | Init Dist 100 = 12.806 | Init Dist 1000 = 12.806 | Learner Steps = 40402 | Learner Walltime = 8016.554 | Min Dist = 5.030 | Min Dist 10 = 2.368 | Min Dist 100 = 1.319 | Min Dist 1000 = 1.031 | Steps Per Second = 87.268 | Success = 0.000 | Success 1000 = 0.807
I0502 17:19:53.388382 139555860620864 terminal.py:91] [Actor] Actor Episodes = 51919 | Actor Steps = 2595950 | Delta Dist = 8.861 | Delta Dist 10 = 4.660 | Delta Dist 100 = 4.043 | Delta Dist 1000 = 4.276 | Episode Length = 50 | Episode Return = 28.0 | Evaluator Episodes = 13173 | Evaluator Steps = 658650 | Final Dist = 0.083 | Final Dist 10 = 0.260 | Final Dist 100 = 1.388 | Final Dist 1000 = 1.462 | Init Dist = 8.944 | Init Dist 10 = 4.920 | Init Dist 100 = 5.431 | Init Dist 1000 = 5.738 | Learner Steps = 40402 | Learner Walltime = 8016.554 | Min Dist = 0.048 | Min Dist 10 = 0.037 | Min Dist 100 = 0.103 | Min Dist 1000 = 0.184 | Steps Per Second = 87.787 | Success = 1.000 | Success 1000 = 0.991
I0502 17:19:53.851440 139579566835264 terminal.py:91] [Evaluator] Actor Episodes = 51921 | Actor Steps = 2596050 | Delta Dist = 7.132 | Delta Dist 10 = 9.997 | Delta Dist 100 = 10.795 | Delta Dist 1000 = 11.096 | Episode Length = 50 | Episode Return = 0.0 | Evaluator Episodes = 13175 | Evaluator Steps = 658750 | Final Dist = 5.674 | Final Dist 10 = 2.809 | Final Dist 100 = 2.011 | Final Dist 1000 = 1.710 | Init Dist = 12.806 | Init Dist 10 = 12.806 | Init Dist 100 = 12.806 | Init Dist 1000 = 12.806 | Learner Steps = 40408 | Learner Walltime = 8017.627 | Min Dist = 5.048 | Min Dist 10 = 2.395 | Min Dist 100 = 1.369 | Min Dist 1000 = 1.031 | Steps Per Second = 86.936 | Success = 0.000 | Success 1000 = 0.807
I0502 17:19:54.376835 139557462840896 terminal.py:91] [Actor] Actor Episodes = 51923 | Actor Steps = 2596150 | Delta Dist = 2.056 | Delta Dist 10 = 4.189 | Delta Dist 100 = 4.011 | Delta Dist 1000 = 4.277 | Episode Length = 50 | Episode Return = 42.0 | Evaluator Episodes = 13175 | Evaluator Steps = 658750 | Final Dist = 0.180 | Final Dist 10 = 0.934 | Final Dist 100 = 1.370 | Final Dist 1000 = 1.465 | Init Dist = 2.236 | Init Dist 10 = 5.123 | Init Dist 100 = 5.382 | Init Dist 1000 = 5.742 | Learner Steps = 40408 | Learner Walltime = 8017.627 | Min Dist = 0.043 | Min Dist 10 = 0.034 | Min Dist 100 = 0.101 | Min Dist 1000 = 0.184 | Steps Per Second = 77.790 | Success = 1.000 | Success 1000 = 0.991
I0502 17:19:55.087949 139579566835264 terminal.py:91] [Evaluator] Actor Episodes = 51929 | Actor Steps = 2596450 | Delta Dist = 6.211 | Delta Dist 10 = 9.595 | Delta Dist 100 = 10.757 | Delta Dist 1000 = 11.097 | Episode Length = 50 | Episode Return = 0.0 | Evaluator Episodes = 13177 | Evaluator Steps = 658850 | Final Dist = 6.595 | Final Dist 10 = 3.211 | Final Dist 100 = 2.049 | Final Dist 1000 = 1.710 | Init Dist = 12.806 | Init Dist 10 = 12.806 | Init Dist 100 = 12.806 | Init Dist 1000 = 12.806 | Learner Steps = 40413 | Learner Walltime = 8018.686 | Min Dist = 5.330 | Min Dist 10 = 2.904 | Min Dist 100 = 1.416 | Min Dist 1000 = 1.031 | Steps Per Second = 84.306 | Success = 0.000 | Success 1000 = 0.807
I0502 17:19:56.190959 139579566835264 terminal.py:91] [Evaluator] Actor Episodes = 51937 | Actor Steps = 2596850 | Delta Dist = 10.262 | Delta Dist 10 = 8.946 | Delta Dist 100 = 10.711 | Delta Dist 1000 = 11.091 | Episode Length = 50 | Episode Return = 2.0 | Evaluator Episodes = 13179 | Evaluator Steps = 658950 | Final Dist = 2.544 | Final Dist 10 = 3.861 | Final Dist 100 = 2.095 | Final Dist 1000 = 1.715 | Init Dist = 12.806 | Init Dist 10 = 12.806 | Init Dist 100 = 12.806 | Init Dist 1000 = 12.806 | Learner Steps = 40418 | Learner Walltime = 8019.690 | Min Dist = 0.447 | Min Dist 10 = 3.407 | Min Dist 100 = 1.467 | Min Dist 1000 = 1.036 | Steps Per Second = 91.404 | Success = 1.000 | Success 1000 = 0.806
I0502 17:19:56.897131 139569349502528 terminal.py:91] [Actor] Actor Episodes = 51941 | Actor Steps = 2597050 | Delta Dist = 4.829 | Delta Dist 10 = 6.935 | Delta Dist 100 = 4.433 | Delta Dist 1000 = 4.289 | Episode Length = 50 | Episode Return = 24.0 | Evaluator Episodes = 13179 | Evaluator Steps = 658950 | Final Dist = 0.171 | Final Dist 10 = 0.938 | Final Dist 100 = 1.168 | Final Dist 1000 = 1.445 | Init Dist = 5.000 | Init Dist 10 = 7.873 | Init Dist 100 = 5.601 | Init Dist 1000 = 5.734 | Learner Steps = 40424 | Learner Walltime = 8020.690 | Min Dist = 0.057 | Min Dist 10 = 0.071 | Min Dist 100 = 0.077 | Min Dist 1000 = 0.184 | Steps Per Second = 79.186 | Success = 1.000 | Success 1000 = 0.991
I0502 17:19:57.425993 139579566835264 terminal.py:91] [Evaluator] Actor Episodes = 51945 | Actor Steps = 2597250 | Delta Dist = 11.749 | Delta Dist 10 = 9.764 | Delta Dist 100 = 10.699 | Delta Dist 1000 = 11.090 | Episode Length = 50 | Episode Return = 11.0 | Evaluator Episodes = 13181 | Evaluator Steps = 659050 | Final Dist = 1.057 | Final Dist 10 = 3.042 | Final Dist 100 = 2.107 | Final Dist 1000 = 1.716 | Init Dist = 12.806 | Init Dist 10 = 12.806 | Init Dist 100 = 12.806 | Init Dist 1000 = 12.806 | Learner Steps = 40424 | Learner Walltime = 8020.690 | Min Dist = 0.313 | Min Dist 10 = 2.393 | Min Dist 100 = 1.470 | Min Dist 1000 = 1.035 | Steps Per Second = 79.200 | Success = 1.000 | Success 1000 = 0.806
I0502 17:19:58.320381 139555013154368 terminal.py:91] [Learner] Actor Episodes = 51947 | Actor Loss = 3.7384326457977295 | Actor Steps = 2597350 | Binary Accuracy = 0.996025800704956 | Categorical Accuracy = 0.4169921875 | Critic Loss = 1.7874656915664673 | Entropy Mean = -23.79812240600586 | Evaluator Episodes = 13181 | Evaluator Steps = 659050 | Learner Steps = 40433 | Learner Walltime = 8022.518 | Logits Neg = -17.125274658203125 | Logits Pos = -1.7481926679611206 | Logsumexp = 1.0436785221099854 | Steps Per Second = 190.853
I0502 17:19:58.537551 139579566835264 terminal.py:91] [Evaluator] Actor Episodes = 51953 | Actor Steps = 2597650 | Delta Dist = 11.584 | Delta Dist 10 = 10.365 | Delta Dist 100 = 10.715 | Delta Dist 1000 = 11.091 | Episode Length = 50 | Episode Return = 2.0 | Evaluator Episodes = 13183 | Evaluator Steps = 659150 | Final Dist = 1.223 | Final Dist 10 = 2.441 | Final Dist 100 = 2.091 | Final Dist 1000 = 1.715 | Init Dist = 12.806 | Init Dist 10 = 12.806 | Init Dist 100 = 12.806 | Init Dist 1000 = 12.806 | Learner Steps = 40430 | Learner Walltime = 8022.061 | Min Dist = 0.813 | Min Dist 10 = 1.735 | Min Dist 100 = 1.471 | Min Dist 1000 = 1.035 | Steps Per Second = 92.378 | Success = 1.000 | Success 1000 = 0.806
I0502 17:19:59.778903 139579566835264 terminal.py:91] [Evaluator] Actor Episodes = 51961 | Actor Steps = 2598050 | Delta Dist = 12.646 | Delta Dist 10 = 10.792 | Delta Dist 100 = 10.697 | Delta Dist 1000 = 11.091 | Episode Length = 50 | Episode Return = 22.0 | Evaluator Episodes = 13185 | Evaluator Steps = 659250 | Final Dist = 0.160 | Final Dist 10 = 2.014 | Final Dist 100 = 2.109 | Final Dist 1000 = 1.716 | Init Dist = 12.806 | Init Dist 10 = 12.806 | Init Dist 100 = 12.806 | Init Dist 1000 = 12.806 | Learner Steps = 40436 | Learner Walltime = 8023.124 | Min Dist = 0.160 | Min Dist 10 = 1.314 | Min Dist 100 = 1.480 | Min Dist 1000 = 1.036 | Steps Per Second = 78.711 | Success = 1.000 | Success 1000 = 0.806
I0502 17:20:00.098815 139584504182336 lp_utils.py:96] StepsLimiter: Reached 2598050 recorded steps
I0502 17:20:01.063437 139579566835264 terminal.py:91] [Evaluator] Actor Episodes = 51969 | Actor Steps = 2598450 | Delta Dist = 11.611 | Delta Dist 10 = 10.670 | Delta Dist 100 = 10.648 | Delta Dist 1000 = 11.086 | Episode Length = 50 | Episode Return = 11.0 | Evaluator Episodes = 13187 | Evaluator Steps = 659350 | Final Dist = 1.195 | Final Dist 10 = 2.137 | Final Dist 100 = 2.158 | Final Dist 1000 = 1.720 | Init Dist = 12.806 | Init Dist 10 = 12.806 | Init Dist 100 = 12.806 | Init Dist 1000 = 12.806 | Learner Steps = 40442 | Learner Walltime = 8024.213 | Min Dist = 0.132 | Min Dist 10 = 1.332 | Min Dist 100 = 1.529 | Min Dist 1000 = 1.042 | Steps Per Second = 72.567 | Success = 1.000 | Success 1000 = 0.805
I0502 17:20:01.647278 139558059398720 terminal.py:91] [Actor] Actor Episodes = 51970 | Actor Steps = 2598500 | Delta Dist = 5.736 | Delta Dist 10 = 4.665 | Delta Dist 100 = 4.533 | Delta Dist 1000 = 4.297 | Episode Length = 50 | Episode Return = 29.0 | Evaluator Episodes = 13185 | Evaluator Steps = 659250 | Final Dist = 1.335 | Final Dist 10 = 0.691 | Final Dist 100 = 1.216 | Final Dist 1000 = 1.451 | Init Dist = 7.071 | Init Dist 10 = 5.356 | Init Dist 100 = 5.749 | Init Dist 1000 = 5.748 | Learner Steps = 40442 | Learner Walltime = 8024.213 | Min Dist = 0.127 | Min Dist 10 = 0.045 | Min Dist 100 = 0.058 | Min Dist 1000 = 0.179 | Steps Per Second = 75.031 | Success = 1.000 | Success 1000 = 0.991
I0502 17:20:02.247237 139579566835264 terminal.py:91] [Evaluator] Actor Episodes = 51975 | Actor Steps = 2598750 | Delta Dist = 5.728 | Delta Dist 10 = 10.554 | Delta Dist 100 = 10.580 | Delta Dist 1000 = 11.080 | Episode Length = 50 | Episode Return = 0.0 | Evaluator Episodes = 13189 | Evaluator Steps = 659450 | Final Dist = 7.079 | Final Dist 10 = 2.252 | Final Dist 100 = 2.226 | Final Dist 1000 = 1.726 | Init Dist = 12.806 | Init Dist 10 = 12.806 | Init Dist 100 = 12.806 | Init Dist 1000 = 12.806 | Learner Steps = 40453 | Learner Walltime = 8026.401 | Min Dist = 5.174 | Min Dist 10 = 1.370 | Min Dist 100 = 1.577 | Min Dist 1000 = 1.046 | Steps Per Second = 86.336 | Success = 0.000 | Success 1000 = 0.804
I0502 17:20:03.411092 139579566835264 terminal.py:91] [Evaluator] Actor Episodes = 51983 | Actor Steps = 2599150 | Delta Dist = 12.623 | Delta Dist 10 = 10.075 | Delta Dist 100 = 10.510 | Delta Dist 1000 = 11.075 | Episode Length = 50 | Episode Return = 26.0 | Evaluator Episodes = 13191 | Evaluator Steps = 659550 | Final Dist = 0.183 | Final Dist 10 = 2.732 | Final Dist 100 = 2.296 | Final Dist 1000 = 1.732 | Init Dist = 12.806 | Init Dist 10 = 12.806 | Init Dist 100 = 12.806 | Init Dist 1000 = 12.806 | Learner Steps = 40458 | Learner Walltime = 8027.528 | Min Dist = 0.096 | Min Dist 10 = 1.843 | Min Dist 100 = 1.628 | Min Dist 1000 = 1.050 | Steps Per Second = 88.219 | Success = 1.000 | Success 1000 = 0.804
I0502 17:20:03.846629 139555860620864 terminal.py:91] [Actor] Actor Episodes = 51984 | Actor Steps = 2599200 | Delta Dist = 5.640 | Delta Dist 10 = 3.888 | Delta Dist 100 = 4.462 | Delta Dist 1000 = 4.299 | Episode Length = 50 | Episode Return = 18.0 | Evaluator Episodes = 13189 | Evaluator Steps = 659450 | Final Dist = 0.360 | Final Dist 10 = 3.117 | Final Dist 100 = 1.483 | Final Dist 1000 = 1.465 | Init Dist = 6.000 | Init Dist 10 = 7.005 | Init Dist 100 = 5.944 | Init Dist 1000 = 5.763 | Learner Steps = 40453 | Learner Walltime = 8026.401 | Min Dist = 0.013 | Min Dist 10 = 0.756 | Min Dist 100 = 0.129 | Min Dist 1000 = 0.179 | Steps Per Second = 82.652 | Success = 1.000 | Success 1000 = 0.991
I0502 17:20:04.654738 139557462840896 terminal.py:91] [Actor] Actor Episodes = 51988 | Actor Steps = 2599400 | Delta Dist = 6.280 | Delta Dist 10 = 4.234 | Delta Dist 100 = 4.439 | Delta Dist 1000 = 4.303 | Episode Length = 50 | Episode Return = 37.0 | Evaluator Episodes = 13191 | Evaluator Steps = 659550 | Final Dist = 0.123 | Final Dist 10 = 1.867 | Final Dist 100 = 1.496 | Final Dist 1000 = 1.463 | Init Dist = 6.403 | Init Dist 10 = 6.102 | Init Dist 100 = 5.935 | Init Dist 1000 = 5.765 | Learner Steps = 40458 | Learner Walltime = 8027.528 | Min Dist = 0.052 | Min Dist 10 = 0.805 | Min Dist 100 = 0.135 | Min Dist 1000 = 0.179 | Steps Per Second = 77.215 | Success = 1.000 | Success 1000 = 0.991
I0502 17:20:04.763722 139579566835264 terminal.py:91] [Evaluator] Actor Episodes = 51991 | Actor Steps = 2599550 | Delta Dist = 6.114 | Delta Dist 10 = 9.466 | Delta Dist 100 = 10.506 | Delta Dist 1000 = 11.070 | Episode Length = 50 | Episode Return = 0.0 | Evaluator Episodes = 13193 | Evaluator Steps = 659650 | Final Dist = 6.693 | Final Dist 10 = 3.340 | Final Dist 100 = 2.300 | Final Dist 1000 = 1.736 | Init Dist = 12.806 | Init Dist 10 = 12.806 | Init Dist 100 = 12.806 | Init Dist 1000 = 12.806 | Learner Steps = 40464 | Learner Walltime = 8028.537 | Min Dist = 5.283 | Min Dist 10 = 2.342 | Min Dist 100 = 1.629 | Min Dist 1000 = 1.054 | Steps Per Second = 76.425 | Success = 0.000 | Success 1000 = 0.804
I0502 17:20:05.983884 139579566835264 terminal.py:91] [Evaluator] Actor Episodes = 51999 | Actor Steps = 2599950 | Delta Dist = 11.308 | Delta Dist 10 = 8.459 | Delta Dist 100 = 10.402 | Delta Dist 1000 = 11.059 | Episode Length = 50 | Episode Return = 19.0 | Evaluator Episodes = 13195 | Evaluator Steps = 659750 | Final Dist = 1.498 | Final Dist 10 = 4.348 | Final Dist 100 = 2.404 | Final Dist 1000 = 1.747 | Init Dist = 12.806 | Init Dist 10 = 12.806 | Init Dist 100 = 12.806 | Init Dist 1000 = 12.806 | Learner Steps = 40468 | Learner Walltime = 8029.568 | Min Dist = 0.140 | Min Dist 10 = 3.270 | Min Dist 100 = 1.734 | Min Dist 1000 = 1.065 | Steps Per Second = 81.598 | Success = 1.000 | Success 1000 = 0.802
I0502 17:20:07.078527 139579566835264 terminal.py:91] [Evaluator] Actor Episodes = 52005 | Actor Steps = 2600250 | Delta Dist = 11.277 | Delta Dist 10 = 8.938 | Delta Dist 100 = 10.395 | Delta Dist 1000 = 11.058 | Episode Length = 50 | Episode Return = 8.0 | Evaluator Episodes = 13197 | Evaluator Steps = 659850 | Final Dist = 1.529 | Final Dist 10 = 3.868 | Final Dist 100 = 2.411 | Final Dist 1000 = 1.749 | Init Dist = 12.806 | Init Dist 10 = 12.806 | Init Dist 100 = 12.806 | Init Dist 1000 = 12.806 | Learner Steps = 40475 | Learner Walltime = 8030.845 | Min Dist = 0.320 | Min Dist 10 = 2.831 | Min Dist 100 = 1.744 | Min Dist 1000 = 1.066 | Steps Per Second = 104.222 | Success = 1.000 | Success 1000 = 0.802
I0502 17:20:07.138148 139569349502528 terminal.py:91] [Actor] Actor Episodes = 52006 | Actor Steps = 2600300 | Delta Dist = 4.861 | Delta Dist 10 = 6.280 | Delta Dist 100 = 4.762 | Delta Dist 1000 = 4.330 | Episode Length = 50 | Episode Return = 33.0 | Evaluator Episodes = 13195 | Evaluator Steps = 659750 | Final Dist = 0.970 | Final Dist 10 = 0.890 | Final Dist 100 = 1.297 | Final Dist 1000 = 1.453 | Init Dist = 5.831 | Init Dist 10 = 7.170 | Init Dist 100 = 6.059 | Init Dist 1000 = 5.783 | Learner Steps = 40468 | Learner Walltime = 8029.568 | Min Dist = 0.023 | Min Dist 10 = 0.083 | Min Dist 100 = 0.137 | Min Dist 1000 = 0.179 | Steps Per Second = 98.532 | Success = 1.000 | Success 1000 = 0.992
I0502 17:20:08.275453 139579566835264 terminal.py:91] [Evaluator] Actor Episodes = 52013 | Actor Steps = 2600650 | Delta Dist = 12.503 | Delta Dist 10 = 9.518 | Delta Dist 100 = 10.419 | Delta Dist 1000 = 11.057 | Episode Length = 50 | Episode Return = 17.0 | Evaluator Episodes = 13199 | Evaluator Steps = 659950 | Final Dist = 0.304 | Final Dist 10 = 3.289 | Final Dist 100 = 2.387 | Final Dist 1000 = 1.749 | Init Dist = 12.806 | Init Dist 10 = 12.806 | Init Dist 100 = 12.806 | Init Dist 1000 = 12.806 | Learner Steps = 40481 | Learner Walltime = 8032.048 | Min Dist = 0.212 | Min Dist 10 = 2.299 | Min Dist 100 = 1.707 | Min Dist 1000 = 1.066 | Steps Per Second = 83.917 | Success = 1.000 | Success 1000 = 0.802
I0502 17:20:08.552881 139555013154368 terminal.py:91] [Learner] Actor Episodes = 52013 | Actor Loss = 3.708817958831787 | Actor Steps = 2600650 | Binary Accuracy = 0.9960677623748779 | Categorical Accuracy = 0.43719482421875 | Critic Loss = 1.7251720428466797 | Entropy Mean = -22.58957862854004 | Evaluator Episodes = 13197 | Evaluator Steps = 659850 | Learner Steps = 40485 | Learner Walltime = 8032.747 | Logits Neg = -17.72772216796875 | Logits Pos = -1.7013448476791382 | Logsumexp = 1.096698522567749 | Steps Per Second = 132.134
I0502 17:20:09.540148 139579566835264 terminal.py:91] [Evaluator] Actor Episodes = 52021 | Actor Steps = 2601050 | Delta Dist = 6.403 | Delta Dist 10 = 10.169 | Delta Dist 100 = 10.441 | Delta Dist 1000 = 11.057 | Episode Length = 50 | Episode Return = 0.0 | Evaluator Episodes = 13201 | Evaluator Steps = 660050 | Final Dist = 6.404 | Final Dist 10 = 2.638 | Final Dist 100 = 2.365 | Final Dist 1000 = 1.749 | Init Dist = 12.806 | Init Dist 10 = 12.806 | Init Dist 100 = 12.806 | Init Dist 1000 = 12.806 | Learner Steps = 40487 | Learner Walltime = 8033.325 | Min Dist = 5.091 | Min Dist 10 = 1.812 | Min Dist 100 = 1.708 | Min Dist 1000 = 1.066 | Steps Per Second = 78.359 | Success = 0.000 | Success 1000 = 0.802
I0502 17:20:10.117335 139584504182336 lp_utils.py:96] StepsLimiter: Reached 2601250 recorded steps
I0502 17:20:10.721571 139579566835264 terminal.py:91] [Evaluator] Actor Episodes = 52029 | Actor Steps = 2601450 | Delta Dist = 11.841 | Delta Dist 10 = 10.090 | Delta Dist 100 = 10.374 | Delta Dist 1000 = 11.051 | Episode Length = 50 | Episode Return = 1.0 | Evaluator Episodes = 13203 | Evaluator Steps = 660150 | Final Dist = 0.966 | Final Dist 10 = 2.716 | Final Dist 100 = 2.432 | Final Dist 1000 = 1.755 | Init Dist = 12.806 | Init Dist 10 = 12.806 | Init Dist 100 = 12.806 | Init Dist 1000 = 12.806 | Learner Steps = 40493 | Learner Walltime = 8034.555 | Min Dist = 0.966 | Min Dist 10 = 1.906 | Min Dist 100 = 1.759 | Min Dist 1000 = 1.072 | Steps Per Second = 78.016 | Success = 1.000 | Success 1000 = 0.800
I0502 17:20:11.661986 139558059398720 terminal.py:91] [Actor] Actor Episodes = 52034 | Actor Steps = 2601700 | Delta Dist = 2.903 | Delta Dist 10 = 3.591 | Delta Dist 100 = 4.333 | Delta Dist 1000 = 4.290 | Episode Length = 50 | Episode Return = 34.0 | Evaluator Episodes = 13203 | Evaluator Steps = 660150 | Final Dist = 0.097 | Final Dist 10 = 1.193 | Final Dist 100 = 1.564 | Final Dist 1000 = 1.435 | Init Dist = 3.000 | Init Dist 10 = 4.784 | Init Dist 100 = 5.897 | Init Dist 1000 = 5.725 | Learner Steps = 40493 | Learner Walltime = 8034.555 | Min Dist = 0.010 | Min Dist 10 = 0.072 | Min Dist 100 = 0.227 | Min Dist 1000 = 0.186 | Steps Per Second = 79.108 | Success = 1.000 | Success 1000 = 0.991
I0502 17:20:12.065927 139579566835264 terminal.py:91] [Evaluator] Actor Episodes = 52037 | Actor Steps = 2601850 | Delta Dist = 5.107 | Delta Dist 10 = 10.646 | Delta Dist 100 = 10.325 | Delta Dist 1000 = 11.045 | Episode Length = 50 | Episode Return = 0.0 | Evaluator Episodes = 13205 | Evaluator Steps = 660250 | Final Dist = 7.699 | Final Dist 10 = 2.160 | Final Dist 100 = 2.481 | Final Dist 1000 = 1.761 | Init Dist = 12.806 | Init Dist 10 = 12.806 | Init Dist 100 = 12.806 | Init Dist 1000 = 12.806 | Learner Steps = 40499 | Learner Walltime = 8035.742 | Min Dist = 5.466 | Min Dist 10 = 1.454 | Min Dist 100 = 1.808 | Min Dist 1000 = 1.078 | Steps Per Second = 68.711 | Success = 0.000 | Success 1000 = 0.799
I0502 17:20:13.334147 139579566835264 terminal.py:91] [Evaluator] Actor Episodes = 52045 | Actor Steps = 2602250 | Delta Dist = 12.642 | Delta Dist 10 = 9.473 | Delta Dist 100 = 10.186 | Delta Dist 1000 = 11.033 | Episode Length = 50 | Episode Return = 25.0 | Evaluator Episodes = 13207 | Evaluator Steps = 660350 | Final Dist = 0.164 | Final Dist 10 = 3.333 | Final Dist 100 = 2.620 | Final Dist 1000 = 1.773 | Init Dist = 12.806 | Init Dist 10 = 12.806 | Init Dist 100 = 12.806 | Init Dist 1000 = 12.806 | Learner Steps = 40505 | Learner Walltime = 8037.033 | Min Dist = 0.050 | Min Dist 10 = 2.421 | Min Dist 100 = 1.911 | Min Dist 1000 = 1.088 | Steps Per Second = 89.606 | Success = 1.000 | Success 1000 = 0.797
I0502 17:20:14.235365 139555860620864 terminal.py:91] [Actor] Actor Episodes = 52050 | Actor Steps = 2602500 | Delta Dist = 5.301 | Delta Dist 10 = 4.639 | Delta Dist 100 = 4.433 | Delta Dist 1000 = 4.291 | Episode Length = 50 | Episode Return = 12.0 | Evaluator Episodes = 13207 | Evaluator Steps = 660350 | Final Dist = 1.023 | Final Dist 10 = 2.397 | Final Dist 100 = 1.569 | Final Dist 1000 = 1.435 | Init Dist = 6.325 | Init Dist 10 = 7.036 | Init Dist 100 = 6.002 | Init Dist 1000 = 5.726 | Learner Steps = 40505 | Learner Walltime = 8037.033 | Min Dist = 0.030 | Min Dist 10 = 0.965 | Min Dist 100 = 0.315 | Min Dist 1000 = 0.185 | Steps Per Second = 84.098 | Success = 1.000 | Success 1000 = 0.991
I0502 17:20:14.519667 139579566835264 terminal.py:91] [Evaluator] Actor Episodes = 52053 | Actor Steps = 2602650 | Delta Dist = 12.152 | Delta Dist 10 = 9.671 | Delta Dist 100 = 10.192 | Delta Dist 1000 = 11.036 | Episode Length = 50 | Episode Return = 18.0 | Evaluator Episodes = 13209 | Evaluator Steps = 660450 | Final Dist = 0.654 | Final Dist 10 = 3.135 | Final Dist 100 = 2.614 | Final Dist 1000 = 1.771 | Init Dist = 12.806 | Init Dist 10 = 12.806 | Init Dist 100 = 12.806 | Init Dist 1000 = 12.806 | Learner Steps = 40511 | Learner Walltime = 8038.206 | Min Dist = 0.233 | Min Dist 10 = 2.388 | Min Dist 100 = 1.907 | Min Dist 1000 = 1.088 | Steps Per Second = 84.208 | Success = 1.000 | Success 1000 = 0.797
I0502 17:20:15.107449 139557462840896 terminal.py:91] [Actor] Actor Episodes = 52059 | Actor Steps = 2602950 | Delta Dist = 6.661 | Delta Dist 10 = 5.753 | Delta Dist 100 = 4.522 | Delta Dist 1000 = 4.297 | Episode Length = 50 | Episode Return = 21.0 | Evaluator Episodes = 13209 | Evaluator Steps = 660450 | Final Dist = 0.619 | Final Dist 10 = 1.370 | Final Dist 100 = 1.502 | Final Dist 1000 = 1.434 | Init Dist = 7.280 | Init Dist 10 = 7.123 | Init Dist 100 = 6.024 | Init Dist 1000 = 5.732 | Learner Steps = 40511 | Learner Walltime = 8038.206 | Min Dist = 0.025 | Min Dist 10 = 0.936 | Min Dist 100 = 0.314 | Min Dist 1000 = 0.184 | Steps Per Second = 82.598 | Success = 1.000 | Success 1000 = 0.991
I0502 17:20:15.654228 139579566835264 terminal.py:91] [Evaluator] Actor Episodes = 52061 | Actor Steps = 2603050 | Delta Dist = 11.456 | Delta Dist 10 = 9.601 | Delta Dist 100 = 10.187 | Delta Dist 1000 = 11.034 | Episode Length = 50 | Episode Return = 2.0 | Evaluator Episodes = 13211 | Evaluator Steps = 660550 | Final Dist = 1.351 | Final Dist 10 = 3.205 | Final Dist 100 = 2.619 | Final Dist 1000 = 1.772 | Init Dist = 12.806 | Init Dist 10 = 12.806 | Init Dist 100 = 12.806 | Init Dist 1000 = 12.806 | Learner Steps = 40518 | Learner Walltime = 8039.429 | Min Dist = 0.395 | Min Dist 10 = 2.412 | Min Dist 100 = 1.914 | Min Dist 1000 = 1.088 | Steps Per Second = 97.185 | Success = 1.000 | Success 1000 = 0.797
I0502 17:20:16.955427 139579566835264 terminal.py:91] [Evaluator] Actor Episodes = 52069 | Actor Steps = 2603450 | Delta Dist = 11.946 | Delta Dist 10 = 10.259 | Delta Dist 100 = 10.214 | Delta Dist 1000 = 11.034 | Episode Length = 50 | Episode Return = 31.0 | Evaluator Episodes = 13213 | Evaluator Steps = 660650 | Final Dist = 0.861 | Final Dist 10 = 2.547 | Final Dist 100 = 2.593 | Final Dist 1000 = 1.772 | Init Dist = 12.806 | Init Dist 10 = 12.806 | Init Dist 100 = 12.806 | Init Dist 1000 = 12.806 | Learner Steps = 40525 | Learner Walltime = 8040.872 | Min Dist = 0.034 | Min Dist 10 = 1.820 | Min Dist 100 = 1.878 | Min Dist 1000 = 1.088 | Steps Per Second = 75.850 | Success = 1.000 | Success 1000 = 0.797
I0502 17:20:17.251898 139569349502528 terminal.py:91] [Actor] Actor Episodes = 52070 | Actor Steps = 2603500 | Delta Dist = 5.612 | Delta Dist 10 = 4.418 | Delta Dist 100 = 4.629 | Delta Dist 1000 = 4.340 | Episode Length = 50 | Episode Return = 38.0 | Evaluator Episodes = 13211 | Evaluator Steps = 660550 | Final Dist = 0.044 | Final Dist 10 = 3.475 | Final Dist 100 = 1.690 | Final Dist 1000 = 1.436 | Init Dist = 5.657 | Init Dist 10 = 7.893 | Init Dist 100 = 6.319 | Init Dist 1000 = 5.776 | Learner Steps = 40518 | Learner Walltime = 8039.429 | Min Dist = 0.030 | Min Dist 10 = 0.984 | Min Dist 100 = 0.404 | Min Dist 1000 = 0.194 | Steps Per Second = 75.829 | Success = 1.000 | Success 1000 = 0.991
I0502 17:20:18.020896 139579566835264 terminal.py:91] [Evaluator] Actor Episodes = 52077 | Actor Steps = 2603850 | Delta Dist = 11.468 | Delta Dist 10 = 10.535 | Delta Dist 100 = 10.189 | Delta Dist 1000 = 11.030 | Episode Length = 50 | Episode Return = 4.0 | Evaluator Episodes = 13215 | Evaluator Steps = 660750 | Final Dist = 1.338 | Final Dist 10 = 2.272 | Final Dist 100 = 2.618 | Final Dist 1000 = 1.776 | Init Dist = 12.806 | Init Dist 10 = 12.806 | Init Dist 100 = 12.806 | Init Dist 1000 = 12.806 | Learner Steps = 40531 | Learner Walltime = 8042.083 | Min Dist = 0.253 | Min Dist 10 = 1.595 | Min Dist 100 = 1.914 | Min Dist 1000 = 1.092 | Steps Per Second = 102.319 | Success = 1.000 | Success 1000 = 0.796
I0502 17:20:18.934939 139555013154368 terminal.py:91] [Learner] Actor Episodes = 52083 | Actor Loss = 3.608034133911133 | Actor Steps = 2604150 | Binary Accuracy = 0.9960827827453613 | Categorical Accuracy = 0.421142578125 | Critic Loss = 1.770986795425415 | Entropy Mean = -23.722288131713867 | Evaluator Episodes = 13215 | Evaluator Steps = 660750 | Learner Steps = 40536 | Learner Walltime = 8043.133 | Logits Neg = -17.25753402709961 | Logits Pos = -1.7454712390899658 | Logsumexp = 1.0338138341903687 | Steps Per Second = 138.659
I0502 17:20:19.178553 139579566835264 terminal.py:91] [Evaluator] Actor Episodes = 52085 | Actor Steps = 2604250 | Delta Dist = 6.895 | Delta Dist 10 = 11.680 | Delta Dist 100 = 10.185 | Delta Dist 1000 = 11.029 | Episode Length = 50 | Episode Return = 0.0 | Evaluator Episodes = 13217 | Evaluator Steps = 660850 | Final Dist = 5.911 | Final Dist 10 = 1.126 | Final Dist 100 = 2.621 | Final Dist 1000 = 1.777 | Init Dist = 12.806 | Init Dist 10 = 12.806 | Init Dist 100 = 12.806 | Init Dist 1000 = 12.806 | Learner Steps = 40536 | Learner Walltime = 8043.133 | Min Dist = 5.333 | Min Dist 10 = 0.632 | Min Dist 100 = 1.917 | Min Dist 1000 = 1.093 | Steps Per Second = 83.783 | Success = 0.000 | Success 1000 = 0.796
I0502 17:20:20.138278 139584504182336 lp_utils.py:96] StepsLimiter: Reached 2604450 recorded steps
I0502 17:20:20.505087 139579566835264 terminal.py:91] [Evaluator] Actor Episodes = 52093 | Actor Steps = 2604650 | Delta Dist = 8.228 | Delta Dist 10 = 10.922 | Delta Dist 100 = 10.126 | Delta Dist 1000 = 11.023 | Episode Length = 50 | Episode Return = 0.0 | Evaluator Episodes = 13219 | Evaluator Steps = 660950 | Final Dist = 4.579 | Final Dist 10 = 1.884 | Final Dist 100 = 2.681 | Final Dist 1000 = 1.784 | Init Dist = 12.806 | Init Dist 10 = 12.806 | Init Dist 100 = 12.806 | Init Dist 1000 = 12.806 | Learner Steps = 40543 | Learner Walltime = 8044.438 | Min Dist = 4.579 | Min Dist 10 = 1.177 | Min Dist 100 = 1.969 | Min Dist 1000 = 1.097 | Steps Per Second = 84.244 | Success = 0.000 | Success 1000 = 0.795
I0502 17:20:21.816299 139579566835264 terminal.py:91] [Evaluator] Actor Episodes = 52101 | Actor Steps = 2605050 | Delta Dist = 11.380 | Delta Dist 10 = 9.788 | Delta Dist 100 = 10.027 | Delta Dist 1000 = 11.011 | Episode Length = 50 | Episode Return = 2.0 | Evaluator Episodes = 13221 | Evaluator Steps = 661050 | Final Dist = 1.426 | Final Dist 10 = 3.018 | Final Dist 100 = 2.779 | Final Dist 1000 = 1.796 | Init Dist = 12.806 | Init Dist 10 = 12.806 | Init Dist 100 = 12.806 | Init Dist 1000 = 12.806 | Learner Steps = 40550 | Learner Walltime = 8045.755 | Min Dist = 0.159 | Min Dist 10 = 2.430 | Min Dist 100 = 2.086 | Min Dist 1000 = 1.110 | Steps Per Second = 75.405 | Success = 1.000 | Success 1000 = 0.793
I0502 17:20:21.988300 139558059398720 terminal.py:91] [Actor] Actor Episodes = 52103 | Actor Steps = 2605150 | Delta Dist = 9.823 | Delta Dist 10 = 5.081 | Delta Dist 100 = 4.562 | Delta Dist 1000 = 4.368 | Episode Length = 50 | Episode Return = 10.0 | Evaluator Episodes = 13221 | Evaluator Steps = 661050 | Final Dist = 0.994 | Final Dist 10 = 1.505 | Final Dist 100 = 1.691 | Final Dist 1000 = 1.442 | Init Dist = 10.817 | Init Dist 10 = 6.586 | Init Dist 100 = 6.253 | Init Dist 1000 = 5.810 | Learner Steps = 40550 | Learner Walltime = 8045.755 | Min Dist = 0.030 | Min Dist 10 = 0.166 | Min Dist 100 = 0.440 | Min Dist 1000 = 0.204 | Steps Per Second = 84.168 | Success = 1.000 | Success 1000 = 0.991
I0502 17:20:23.096372 139579566835264 terminal.py:91] [Evaluator] Actor Episodes = 52109 | Actor Steps = 2605450 | Delta Dist = 12.409 | Delta Dist 10 = 9.174 | Delta Dist 100 = 10.017 | Delta Dist 1000 = 11.005 | Episode Length = 50 | Episode Return = 20.0 | Evaluator Episodes = 13223 | Evaluator Steps = 661150 | Final Dist = 0.397 | Final Dist 10 = 3.632 | Final Dist 100 = 2.789 | Final Dist 1000 = 1.801 | Init Dist = 12.806 | Init Dist 10 = 12.806 | Init Dist 100 = 12.806 | Init Dist 1000 = 12.806 | Learner Steps = 40556 | Learner Walltime = 8046.926 | Min Dist = 0.076 | Min Dist 10 = 2.919 | Min Dist 100 = 2.086 | Min Dist 1000 = 1.114 | Steps Per Second = 71.660 | Success = 1.000 | Success 1000 = 0.792
I0502 17:20:24.515051 139579566835264 terminal.py:91] [Evaluator] Actor Episodes = 52117 | Actor Steps = 2605850 | Delta Dist = 11.594 | Delta Dist 10 = 9.587 | Delta Dist 100 = 10.088 | Delta Dist 1000 = 11.006 | Episode Length = 50 | Episode Return = 0.0 | Evaluator Episodes = 13225 | Evaluator Steps = 661250 | Final Dist = 1.213 | Final Dist 10 = 3.220 | Final Dist 100 = 2.718 | Final Dist 1000 = 1.800 | Init Dist = 12.806 | Init Dist 10 = 12.806 | Init Dist 100 = 12.806 | Init Dist 1000 = 12.806 | Learner Steps = 40561 | Learner Walltime = 8047.953 | Min Dist = 1.002 | Min Dist 10 = 2.548 | Min Dist 100 = 2.028 | Min Dist 1000 = 1.114 | Steps Per Second = 73.978 | Success = 0.000 | Success 1000 = 0.792
I0502 17:20:24.780495 139555860620864 terminal.py:91] [Actor] Actor Episodes = 52121 | Actor Steps = 2606050 | Delta Dist = 4.775 | Delta Dist 10 = 3.906 | Delta Dist 100 = 4.592 | Delta Dist 1000 = 4.357 | Episode Length = 50 | Episode Return = 23.0 | Evaluator Episodes = 13225 | Evaluator Steps = 661250 | Final Dist = 0.610 | Final Dist 10 = 2.496 | Final Dist 100 = 1.827 | Final Dist 1000 = 1.462 | Init Dist = 5.385 | Init Dist 10 = 6.402 | Init Dist 100 = 6.419 | Init Dist 1000 = 5.820 | Learner Steps = 40561 | Learner Walltime = 8047.953 | Min Dist = 0.061 | Min Dist 10 = 0.051 | Min Dist 100 = 0.353 | Min Dist 1000 = 0.192 | Steps Per Second = 73.266 | Success = 1.000 | Success 1000 = 0.991
I0502 17:20:25.684932 139557462840896 terminal.py:91] [Actor] Actor Episodes = 52123 | Actor Steps = 2606150 | Delta Dist = 5.261 | Delta Dist 10 = 4.626 | Delta Dist 100 = 4.672 | Delta Dist 1000 = 4.361 | Episode Length = 50 | Episode Return = 38.0 | Evaluator Episodes = 13225 | Evaluator Steps = 661250 | Final Dist = 2.019 | Final Dist 10 = 2.148 | Final Dist 100 = 1.883 | Final Dist 1000 = 1.468 | Init Dist = 7.280 | Init Dist 10 = 6.773 | Init Dist 100 = 6.555 | Init Dist 1000 = 5.830 | Learner Steps = 40566 | Learner Walltime = 8049.108 | Min Dist = 0.041 | Min Dist 10 = 0.082 | Min Dist 100 = 0.354 | Min Dist 1000 = 0.192 | Steps Per Second = 66.682 | Success = 1.000 | Success 1000 = 0.991
I0502 17:20:25.922542 139579566835264 terminal.py:91] [Evaluator] Actor Episodes = 52125 | Actor Steps = 2606250 | Delta Dist = 11.924 | Delta Dist 10 = 9.726 | Delta Dist 100 = 10.096 | Delta Dist 1000 = 11.007 | Episode Length = 50 | Episode Return = 16.0 | Evaluator Episodes = 13227 | Evaluator Steps = 661350 | Final Dist = 0.882 | Final Dist 10 = 3.081 | Final Dist 100 = 2.711 | Final Dist 1000 = 1.799 | Init Dist = 12.806 | Init Dist 10 = 12.806 | Init Dist 100 = 12.806 | Init Dist 1000 = 12.806 | Learner Steps = 40566 | Learner Walltime = 8049.108 | Min Dist = 0.385 | Min Dist 10 = 2.548 | Min Dist 100 = 2.031 | Min Dist 1000 = 1.115 | Steps Per Second = 71.222 | Success = 1.000 | Success 1000 = 0.791
I0502 17:20:27.356957 139579566835264 terminal.py:91] [Evaluator] Actor Episodes = 52133 | Actor Steps = 2606650 | Delta Dist = 11.408 | Delta Dist 10 = 10.404 | Delta Dist 100 = 10.092 | Delta Dist 1000 = 11.015 | Episode Length = 50 | Episode Return = 2.0 | Evaluator Episodes = 13229 | Evaluator Steps = 661450 | Final Dist = 1.398 | Final Dist 10 = 2.402 | Final Dist 100 = 2.714 | Final Dist 1000 = 1.791 | Init Dist = 12.806 | Init Dist 10 = 12.806 | Init Dist 100 = 12.806 | Init Dist 1000 = 12.806 | Learner Steps = 40572 | Learner Walltime = 8050.710 | Min Dist = 0.290 | Min Dist 10 = 2.053 | Min Dist 100 = 2.032 | Min Dist 1000 = 1.107 | Steps Per Second = 71.205 | Success = 1.000 | Success 1000 = 0.792
I0502 17:20:27.867650 139569349502528 terminal.py:91] [Actor] Actor Episodes = 52132 | Actor Steps = 2606600 | Delta Dist = 1.306 | Delta Dist 10 = 3.693 | Delta Dist 100 = 4.682 | Delta Dist 1000 = 4.354 | Episode Length = 50 | Episode Return = 35.0 | Evaluator Episodes = 13227 | Evaluator Steps = 661350 | Final Dist = 0.930 | Final Dist 10 = 3.333 | Final Dist 100 = 2.092 | Final Dist 1000 = 1.488 | Init Dist = 2.236 | Init Dist 10 = 7.026 | Init Dist 100 = 6.774 | Init Dist 1000 = 5.843 | Learner Steps = 40572 | Learner Walltime = 8050.710 | Min Dist = 0.011 | Min Dist 10 = 1.280 | Min Dist 100 = 0.475 | Min Dist 1000 = 0.204 | Steps Per Second = 67.599 | Success = 1.000 | Success 1000 = 0.991
I0502 17:20:28.653193 139579566835264 terminal.py:91] [Evaluator] Actor Episodes = 52141 | Actor Steps = 2607050 | Delta Dist = 11.282 | Delta Dist 10 = 10.935 | Delta Dist 100 = 10.086 | Delta Dist 1000 = 11.010 | Episode Length = 50 | Episode Return = 10.0 | Evaluator Episodes = 13231 | Evaluator Steps = 661550 | Final Dist = 1.525 | Final Dist 10 = 1.871 | Final Dist 100 = 2.720 | Final Dist 1000 = 1.796 | Init Dist = 12.806 | Init Dist 10 = 12.806 | Init Dist 100 = 12.806 | Init Dist 1000 = 12.806 | Learner Steps = 40579 | Learner Walltime = 8052.186 | Min Dist = 0.124 | Min Dist 10 = 1.298 | Min Dist 100 = 2.033 | Min Dist 1000 = 1.111 | Steps Per Second = 80.647 | Success = 1.000 | Success 1000 = 0.792
I0502 17:20:29.093085 139555013154368 terminal.py:91] [Learner] Actor Episodes = 52145 | Actor Loss = 3.7227158546447754 | Actor Steps = 2607250 | Binary Accuracy = 0.9959962368011475 | Categorical Accuracy = 0.41241455078125 | Critic Loss = 1.7954151630401611 | Entropy Mean = -24.149959564208984 | Evaluator Episodes = 13231 | Evaluator Steps = 661550 | Learner Steps = 40583 | Learner Walltime = 8053.282 | Logits Neg = -17.789505004882812 | Logits Pos = -1.7994608879089355 | Logsumexp = 1.2429295778274536 | Steps Per Second = 109.778
I0502 17:20:29.984492 139579566835264 terminal.py:91] [Evaluator] Actor Episodes = 52149 | Actor Steps = 2607450 | Delta Dist = 11.530 | Delta Dist 10 = 11.503 | Delta Dist 100 = 10.149 | Delta Dist 1000 = 11.015 | Episode Length = 50 | Episode Return = 6.0 | Evaluator Episodes = 13233 | Evaluator Steps = 661650 | Final Dist = 1.276 | Final Dist 10 = 1.304 | Final Dist 100 = 2.657 | Final Dist 1000 = 1.791 | Init Dist = 12.806 | Init Dist 10 = 12.806 | Init Dist 100 = 12.806 | Init Dist 1000 = 12.806 | Learner Steps = 40583 | Learner Walltime = 8053.282 | Min Dist = 0.251 | Min Dist 10 = 0.819 | Min Dist 100 = 1.985 | Min Dist 1000 = 1.106 | Steps Per Second = 78.945 | Success = 1.000 | Success 1000 = 0.793
I0502 17:20:30.160175 139584504182336 lp_utils.py:96] StepsLimiter: Reached 2607450 recorded steps
I0502 17:20:31.230123 139579566835264 terminal.py:91] [Evaluator] Actor Episodes = 52157 | Actor Steps = 2607850 | Delta Dist = 12.407 | Delta Dist 10 = 11.344 | Delta Dist 100 = 10.171 | Delta Dist 1000 = 11.015 | Episode Length = 50 | Episode Return = 19.0 | Evaluator Episodes = 13235 | Evaluator Steps = 661750 | Final Dist = 0.399 | Final Dist 10 = 1.462 | Final Dist 100 = 2.635 | Final Dist 1000 = 1.791 | Init Dist = 12.806 | Init Dist 10 = 12.806 | Init Dist 100 = 12.806 | Init Dist 1000 = 12.806 | Learner Steps = 40593 | Learner Walltime = 8055.320 | Min Dist = 0.117 | Min Dist 10 = 0.834 | Min Dist 100 = 1.969 | Min Dist 1000 = 1.106 | Steps Per Second = 79.560 | Success = 1.000 | Success 1000 = 0.793
I0502 17:20:32.252420 139558059398720 terminal.py:91] [Actor] Actor Episodes = 52160 | Actor Steps = 2608000 | Delta Dist = 6.391 | Delta Dist 10 = 4.908 | Delta Dist 100 = 4.433 | Delta Dist 1000 = 4.362 | Episode Length = 50 | Episode Return = 26.0 | Evaluator Episodes = 13235 | Evaluator Steps = 661750 | Final Dist = 0.317 | Final Dist 10 = 1.355 | Final Dist 100 = 2.102 | Final Dist 1000 = 1.485 | Init Dist = 6.708 | Init Dist 10 = 6.264 | Init Dist 100 = 6.534 | Init Dist 1000 = 5.847 | Learner Steps = 40593 | Learner Walltime = 8055.320 | Min Dist = 0.042 | Min Dist 10 = 0.056 | Min Dist 100 = 0.395 | Min Dist 1000 = 0.203 | Steps Per Second = 73.051 | Success = 1.000 | Success 1000 = 0.991
I0502 17:20:32.516221 139579566835264 terminal.py:91] [Evaluator] Actor Episodes = 52165 | Actor Steps = 2608250 | Delta Dist = 7.607 | Delta Dist 10 = 11.400 | Delta Dist 100 = 10.193 | Delta Dist 1000 = 11.021 | Episode Length = 50 | Episode Return = 0.0 | Evaluator Episodes = 13237 | Evaluator Steps = 661850 | Final Dist = 5.200 | Final Dist 10 = 1.406 | Final Dist 100 = 2.613 | Final Dist 1000 = 1.785 | Init Dist = 12.806 | Init Dist 10 = 12.806 | Init Dist 100 = 12.806 | Init Dist 1000 = 12.806 | Learner Steps = 40599 | Learner Walltime = 8056.571 | Min Dist = 5.131 | Min Dist 10 = 0.743 | Min Dist 100 = 1.951 | Min Dist 1000 = 1.101 | Steps Per Second = 87.160 | Success = 0.000 | Success 1000 = 0.794
I0502 17:20:33.616677 139579566835264 terminal.py:91] [Evaluator] Actor Episodes = 52169 | Actor Steps = 2608450 | Delta Dist = 11.632 | Delta Dist 10 = 10.419 | Delta Dist 100 = 10.104 | Delta Dist 1000 = 11.018 | Episode Length = 50 | Episode Return = 18.0 | Evaluator Episodes = 13239 | Evaluator Steps = 661950 | Final Dist = 1.175 | Final Dist 10 = 2.388 | Final Dist 100 = 2.703 | Final Dist 1000 = 1.788 | Init Dist = 12.806 | Init Dist 10 = 12.806 | Init Dist 100 = 12.806 | Init Dist 1000 = 12.806 | Learner Steps = 40605 | Learner Walltime = 8057.747 | Min Dist = 0.141 | Min Dist 10 = 1.727 | Min Dist 100 = 2.052 | Min Dist 1000 = 1.106 | Steps Per Second = 96.801 | Success = 1.000 | Success 1000 = 0.793
I0502 17:20:33.758842 139584635659840 savers.py:156] Saving checkpoint: logs/contrastive_cpc_point_FourRooms_64/5dd72662-2788-11f0-b183-d85ed38c5779/checkpoints/counter
I0502 17:20:34.890987 139579566835264 terminal.py:91] [Evaluator] Actor Episodes = 52177 | Actor Steps = 2608850 | Delta Dist = 12.185 | Delta Dist 10 = 10.949 | Delta Dist 100 = 10.091 | Delta Dist 1000 = 11.017 | Episode Length = 50 | Episode Return = 4.0 | Evaluator Episodes = 13241 | Evaluator Steps = 662050 | Final Dist = 0.621 | Final Dist 10 = 1.857 | Final Dist 100 = 2.715 | Final Dist 1000 = 1.789 | Init Dist = 12.806 | Init Dist 10 = 12.806 | Init Dist 100 = 12.806 | Init Dist 1000 = 12.806 | Learner Steps = 40611 | Learner Walltime = 8059.013 | Min Dist = 0.621 | Min Dist 10 = 1.192 | Min Dist 100 = 2.054 | Min Dist 1000 = 1.105 | Steps Per Second = 75.113 | Success = 1.000 | Success 1000 = 0.793
I0502 17:20:35.381919 139555860620864 terminal.py:91] [Actor] Actor Episodes = 52183 | Actor Steps = 2609150 | Delta Dist = 4.071 | Delta Dist 10 = 4.034 | Delta Dist 100 = 4.360 | Delta Dist 1000 = 4.397 | Episode Length = 50 | Episode Return = 31.0 | Evaluator Episodes = 13241 | Evaluator Steps = 662050 | Final Dist = 0.052 | Final Dist 10 = 2.509 | Final Dist 100 = 2.055 | Final Dist 1000 = 1.485 | Init Dist = 4.123 | Init Dist 10 = 6.543 | Init Dist 100 = 6.416 | Init Dist 1000 = 5.882 | Learner Steps = 40611 | Learner Walltime = 8059.013 | Min Dist = 0.016 | Min Dist 10 = 0.600 | Min Dist 100 = 0.357 | Min Dist 1000 = 0.209 | Steps Per Second = 76.148 | Success = 1.000 | Success 1000 = 0.991
I0502 17:20:36.009226 139579566835264 terminal.py:91] [Evaluator] Actor Episodes = 52185 | Actor Steps = 2609250 | Delta Dist = 10.812 | Delta Dist 10 = 10.995 | Delta Dist 100 = 10.094 | Delta Dist 1000 = 11.023 | Episode Length = 50 | Episode Return = 6.0 | Evaluator Episodes = 13243 | Evaluator Steps = 662150 | Final Dist = 1.994 | Final Dist 10 = 1.811 | Final Dist 100 = 2.713 | Final Dist 1000 = 1.783 | Init Dist = 12.806 | Init Dist 10 = 12.806 | Init Dist 100 = 12.806 | Init Dist 1000 = 12.806 | Learner Steps = 40611 | Learner Walltime = 8059.013 | Min Dist = 0.014 | Min Dist 10 = 1.231 | Min Dist 100 = 2.059 | Min Dist 1000 = 1.100 | Steps Per Second = 88.139 | Success = 1.000 | Success 1000 = 0.794
I0502 17:20:36.105885 139557462840896 terminal.py:91] [Actor] Actor Episodes = 52187 | Actor Steps = 2609350 | Delta Dist = 6.997 | Delta Dist 10 = 5.136 | Delta Dist 100 = 4.343 | Delta Dist 1000 = 4.385 | Episode Length = 50 | Episode Return = 36.0 | Evaluator Episodes = 13243 | Evaluator Steps = 662150 | Final Dist = 0.074 | Final Dist 10 = 0.557 | Final Dist 100 = 1.961 | Final Dist 1000 = 1.481 | Init Dist = 7.071 | Init Dist 10 = 5.693 | Init Dist 100 = 6.304 | Init Dist 1000 = 5.866 | Learner Steps = 40618 | Learner Walltime = 8060.286 | Min Dist = 0.074 | Min Dist 10 = 0.094 | Min Dist 100 = 0.352 | Min Dist 1000 = 0.209 | Steps Per Second = 88.416 | Success = 1.000 | Success 1000 = 0.991
I0502 17:20:37.214141 139579566835264 terminal.py:91] [Evaluator] Actor Episodes = 52195 | Actor Steps = 2609750 | Delta Dist = 5.525 | Delta Dist 10 = 10.960 | Delta Dist 100 = 10.080 | Delta Dist 1000 = 11.022 | Episode Length = 50 | Episode Return = 0.0 | Evaluator Episodes = 13245 | Evaluator Steps = 662250 | Final Dist = 7.281 | Final Dist 10 = 1.847 | Final Dist 100 = 2.726 | Final Dist 1000 = 1.784 | Init Dist = 12.806 | Init Dist 10 = 12.806 | Init Dist 100 = 12.806 | Init Dist 1000 = 12.806 | Learner Steps = 40618 | Learner Walltime = 8060.286 | Min Dist = 5.225 | Min Dist 10 = 1.193 | Min Dist 100 = 2.059 | Min Dist 1000 = 1.100 | Steps Per Second = 91.205 | Success = 0.000 | Success 1000 = 0.794
I0502 17:20:38.104566 139569349502528 terminal.py:91] [Actor] Actor Episodes = 52198 | Actor Steps = 2609900 | Delta Dist = -3.075 | Delta Dist 10 = 2.928 | Delta Dist 100 = 4.233 | Delta Dist 1000 = 4.391 | Episode Length = 50 | Episode Return = 0.0 | Evaluator Episodes = 13245 | Evaluator Steps = 662250 | Final Dist = 10.355 | Final Dist 10 = 2.564 | Final Dist 100 = 2.053 | Final Dist 1000 = 1.493 | Init Dist = 7.280 | Init Dist 10 = 5.493 | Init Dist 100 = 6.286 | Init Dist 1000 = 5.884 | Learner Steps = 40624 | Learner Walltime = 8061.513 | Min Dist = 0.029 | Min Dist 10 = 0.552 | Min Dist 100 = 0.299 | Min Dist 1000 = 0.213 | Steps Per Second = 76.324 | Success = 1.000 | Success 1000 = 0.991
I0502 17:20:38.462957 139579566835264 terminal.py:91] [Evaluator] Actor Episodes = 52201 | Actor Steps = 2610050 | Delta Dist = 6.607 | Delta Dist 10 = 9.691 | Delta Dist 100 = 9.967 | Delta Dist 1000 = 11.012 | Episode Length = 50 | Episode Return = 0.0 | Evaluator Episodes = 13247 | Evaluator Steps = 662350 | Final Dist = 6.199 | Final Dist 10 = 3.116 | Final Dist 100 = 2.840 | Final Dist 1000 = 1.794 | Init Dist = 12.806 | Init Dist 10 = 12.806 | Init Dist 100 = 12.806 | Init Dist 1000 = 12.806 | Learner Steps = 40624 | Learner Walltime = 8061.513 | Min Dist = 5.316 | Min Dist 10 = 2.225 | Min Dist 100 = 2.160 | Min Dist 1000 = 1.108 | Steps Per Second = 78.469 | Success = 0.000 | Success 1000 = 0.793
I0502 17:20:39.274744 139555013154368 terminal.py:91] [Learner] Actor Episodes = 52203 | Actor Loss = 3.6967849731445312 | Actor Steps = 2610150 | Binary Accuracy = 0.9960768222808838 | Categorical Accuracy = 0.4234619140625 | Critic Loss = 1.746922492980957 | Entropy Mean = -23.781780242919922 | Evaluator Episodes = 13247 | Evaluator Steps = 662350 | Learner Steps = 40634 | Learner Walltime = 8063.471 | Logits Neg = -17.41378402709961 | Logits Pos = -1.7111566066741943 | Logsumexp = 1.052992582321167 | Steps Per Second = 181.493
I0502 17:20:39.676360 139579566835264 terminal.py:91] [Evaluator] Actor Episodes = 52209 | Actor Steps = 2610450 | Delta Dist = 12.482 | Delta Dist 10 = 10.052 | Delta Dist 100 = 9.959 | Delta Dist 1000 = 11.019 | Episode Length = 50 | Episode Return = 5.0 | Evaluator Episodes = 13249 | Evaluator Steps = 662450 | Final Dist = 0.324 | Final Dist 10 = 2.754 | Final Dist 100 = 2.847 | Final Dist 1000 = 1.787 | Init Dist = 12.806 | Init Dist 10 = 12.806 | Init Dist 100 = 12.806 | Init Dist 1000 = 12.806 | Learner Steps = 40631 | Learner Walltime = 8062.801 | Min Dist = 0.324 | Min Dist 10 = 1.731 | Min Dist 100 = 2.158 | Min Dist 1000 = 1.100 | Steps Per Second = 84.961 | Success = 1.000 | Success 1000 = 0.794
I0502 17:20:40.179021 139584504182336 lp_utils.py:96] StepsLimiter: Reached 2610650 recorded steps
I0502 17:20:40.758072 139579566835264 terminal.py:91] [Evaluator] Actor Episodes = 52217 | Actor Steps = 2610850 | Delta Dist = 11.296 | Delta Dist 10 = 10.122 | Delta Dist 100 = 10.000 | Delta Dist 1000 = 11.019 | Episode Length = 50 | Episode Return = 8.0 | Evaluator Episodes = 13251 | Evaluator Steps = 662550 | Final Dist = 1.510 | Final Dist 10 = 2.684 | Final Dist 100 = 2.807 | Final Dist 1000 = 1.787 | Init Dist = 12.806 | Init Dist 10 = 12.806 | Init Dist 100 = 12.806 | Init Dist 1000 = 12.806 | Learner Steps = 40636 | Learner Walltime = 8064.047 | Min Dist = 0.151 | Min Dist 10 = 1.742 | Min Dist 100 = 2.109 | Min Dist 1000 = 1.100 | Steps Per Second = 90.564 | Success = 1.000 | Success 1000 = 0.794
I0502 17:20:41.979820 139579566835264 terminal.py:91] [Evaluator] Actor Episodes = 52225 | Actor Steps = 2611250 | Delta Dist = 11.440 | Delta Dist 10 = 9.982 | Delta Dist 100 = 10.083 | Delta Dist 1000 = 11.019 | Episode Length = 50 | Episode Return = 11.0 | Evaluator Episodes = 13253 | Evaluator Steps = 662650 | Final Dist = 1.367 | Final Dist 10 = 2.824 | Final Dist 100 = 2.723 | Final Dist 1000 = 1.788 | Init Dist = 12.806 | Init Dist 10 = 12.806 | Init Dist 100 = 12.806 | Init Dist 1000 = 12.806 | Learner Steps = 40643 | Learner Walltime = 8065.232 | Min Dist = 0.073 | Min Dist 10 = 1.699 | Min Dist 100 = 2.010 | Min Dist 1000 = 1.099 | Steps Per Second = 84.601 | Success = 1.000 | Success 1000 = 0.795
I0502 17:20:42.341504 139558059398720 terminal.py:91] [Actor] Actor Episodes = 52226 | Actor Steps = 2611300 | Delta Dist = 1.500 | Delta Dist 10 = 3.288 | Delta Dist 100 = 4.094 | Delta Dist 1000 = 4.397 | Episode Length = 50 | Episode Return = 22.0 | Evaluator Episodes = 13251 | Evaluator Steps = 662550 | Final Dist = 2.972 | Final Dist 10 = 3.155 | Final Dist 100 = 2.072 | Final Dist 1000 = 1.511 | Init Dist = 4.472 | Init Dist 10 = 6.442 | Init Dist 100 = 6.166 | Init Dist 1000 = 5.909 | Learner Steps = 40643 | Learner Walltime = 8065.232 | Min Dist = 0.307 | Min Dist 10 = 0.766 | Min Dist 100 = 0.440 | Min Dist 1000 = 0.222 | Steps Per Second = 76.730 | Success = 1.000 | Success 1000 = 0.992
I0502 17:20:43.268339 139579566835264 terminal.py:91] [Evaluator] Actor Episodes = 52233 | Actor Steps = 2611650 | Delta Dist = 6.138 | Delta Dist 10 = 10.087 | Delta Dist 100 = 10.136 | Delta Dist 1000 = 11.019 | Episode Length = 50 | Episode Return = 0.0 | Evaluator Episodes = 13255 | Evaluator Steps = 662750 | Final Dist = 6.668 | Final Dist 10 = 2.719 | Final Dist 100 = 2.670 | Final Dist 1000 = 1.787 | Init Dist = 12.806 | Init Dist 10 = 12.806 | Init Dist 100 = 12.806 | Init Dist 1000 = 12.806 | Learner Steps = 40649 | Learner Walltime = 8066.483 | Min Dist = 5.087 | Min Dist 10 = 1.720 | Min Dist 100 = 1.959 | Min Dist 1000 = 1.100 | Steps Per Second = 78.925 | Success = 0.000 | Success 1000 = 0.795
I0502 17:20:44.563511 139579566835264 terminal.py:91] [Evaluator] Actor Episodes = 52241 | Actor Steps = 2612050 | Delta Dist = 11.512 | Delta Dist 10 = 10.664 | Delta Dist 100 = 10.118 | Delta Dist 1000 = 11.013 | Episode Length = 50 | Episode Return = 5.0 | Evaluator Episodes = 13257 | Evaluator Steps = 662850 | Final Dist = 1.294 | Final Dist 10 = 2.142 | Final Dist 100 = 2.688 | Final Dist 1000 = 1.793 | Init Dist = 12.806 | Init Dist 10 = 12.806 | Init Dist 100 = 12.806 | Init Dist 1000 = 12.806 | Learner Steps = 40655 | Learner Walltime = 8067.691 | Min Dist = 0.202 | Min Dist 10 = 1.185 | Min Dist 100 = 1.956 | Min Dist 1000 = 1.104 | Steps Per Second = 80.190 | Success = 1.000 | Success 1000 = 0.794
I0502 17:20:45.393773 139555860620864 terminal.py:91] [Actor] Actor Episodes = 52247 | Actor Steps = 2612350 | Delta Dist = 1.299 | Delta Dist 10 = 4.085 | Delta Dist 100 = 4.164 | Delta Dist 1000 = 4.397 | Episode Length = 50 | Episode Return = 27.0 | Evaluator Episodes = 13257 | Evaluator Steps = 662850 | Final Dist = 0.115 | Final Dist 10 = 1.586 | Final Dist 100 = 1.902 | Final Dist 1000 = 1.522 | Init Dist = 1.414 | Init Dist 10 = 5.670 | Init Dist 100 = 6.066 | Init Dist 1000 = 5.919 | Learner Steps = 40661 | Learner Walltime = 8069.001 | Min Dist = 0.115 | Min Dist 10 = 0.072 | Min Dist 100 = 0.316 | Min Dist 1000 = 0.219 | Steps Per Second = 94.856 | Success = 1.000 | Success 1000 = 0.992
I0502 17:20:45.822478 139579566835264 terminal.py:91] [Evaluator] Actor Episodes = 52249 | Actor Steps = 2612450 | Delta Dist = 12.349 | Delta Dist 10 = 11.131 | Delta Dist 100 = 10.222 | Delta Dist 1000 = 11.018 | Episode Length = 50 | Episode Return = 24.0 | Evaluator Episodes = 13259 | Evaluator Steps = 662950 | Final Dist = 0.457 | Final Dist 10 = 1.676 | Final Dist 100 = 2.584 | Final Dist 1000 = 1.789 | Init Dist = 12.806 | Init Dist 10 = 12.806 | Init Dist 100 = 12.806 | Init Dist 1000 = 12.806 | Learner Steps = 40661 | Learner Walltime = 8069.001 | Min Dist = 0.031 | Min Dist 10 = 0.682 | Min Dist 100 = 1.853 | Min Dist 1000 = 1.099 | Steps Per Second = 80.300 | Success = 1.000 | Success 1000 = 0.795
I0502 17:20:46.121153 139557462840896 terminal.py:91] [Actor] Actor Episodes = 52251 | Actor Steps = 2612550 | Delta Dist = 3.141 | Delta Dist 10 = 3.914 | Delta Dist 100 = 4.200 | Delta Dist 1000 = 4.406 | Episode Length = 50 | Episode Return = 31.0 | Evaluator Episodes = 13259 | Evaluator Steps = 662950 | Final Dist = 0.464 | Final Dist 10 = 1.054 | Final Dist 100 = 1.861 | Final Dist 1000 = 1.521 | Init Dist = 3.606 | Init Dist 10 = 5.216 | Init Dist 100 = 6.092 | Init Dist 1000 = 5.924 | Learner Steps = 40661 | Learner Walltime = 8069.001 | Min Dist = 0.007 | Min Dist 10 = 0.081 | Min Dist 100 = 0.317 | Min Dist 1000 = 0.219 | Steps Per Second = 68.008 | Success = 1.000 | Success 1000 = 0.992
I0502 17:20:47.022715 139579566835264 terminal.py:91] [Evaluator] Actor Episodes = 52257 | Actor Steps = 2612850 | Delta Dist = 12.278 | Delta Dist 10 = 11.222 | Delta Dist 100 = 10.284 | Delta Dist 1000 = 11.018 | Episode Length = 50 | Episode Return = 16.0 | Evaluator Episodes = 13261 | Evaluator Steps = 663050 | Final Dist = 0.529 | Final Dist 10 = 1.585 | Final Dist 100 = 2.522 | Final Dist 1000 = 1.788 | Init Dist = 12.806 | Init Dist 10 = 12.806 | Init Dist 100 = 12.806 | Init Dist 1000 = 12.806 | Learner Steps = 40668 | Learner Walltime = 8070.431 | Min Dist = 0.145 | Min Dist 10 = 0.645 | Min Dist 100 = 1.796 | Min Dist 1000 = 1.099 | Steps Per Second = 93.805 | Success = 1.000 | Success 1000 = 0.795
I0502 17:20:47.861120 139583350109760 savers.py:156] Saving checkpoint: logs/contrastive_cpc_point_FourRooms_64/5dd72662-2788-11f0-b183-d85ed38c5779/checkpoints/learner
I0502 17:20:48.261466 139579566835264 terminal.py:91] [Evaluator] Actor Episodes = 52265 | Actor Steps = 2613250 | Delta Dist = 11.741 | Delta Dist 10 = 11.333 | Delta Dist 100 = 10.334 | Delta Dist 1000 = 11.019 | Episode Length = 50 | Episode Return = 15.0 | Evaluator Episodes = 13263 | Evaluator Steps = 663150 | Final Dist = 1.065 | Final Dist 10 = 1.474 | Final Dist 100 = 2.472 | Final Dist 1000 = 1.788 | Init Dist = 12.806 | Init Dist 10 = 12.806 | Init Dist 100 = 12.806 | Init Dist 1000 = 12.806 | Learner Steps = 40675 | Learner Walltime = 8071.705 | Min Dist = 0.786 | Min Dist 10 = 0.680 | Min Dist 100 = 1.752 | Min Dist 1000 = 1.099 | Steps Per Second = 81.280 | Success = 1.000 | Success 1000 = 0.795
I0502 17:20:48.287995 139569349502528 terminal.py:91] [Actor] Actor Episodes = 52262 | Actor Steps = 2613100 | Delta Dist = -4.174 | Delta Dist 10 = 3.879 | Delta Dist 100 = 4.165 | Delta Dist 1000 = 4.380 | Episode Length = 50 | Episode Return = 0.0 | Evaluator Episodes = 13261 | Evaluator Steps = 663050 | Final Dist = 9.273 | Final Dist 10 = 2.128 | Final Dist 100 = 1.885 | Final Dist 1000 = 1.529 | Init Dist = 5.099 | Init Dist 10 = 6.007 | Init Dist 100 = 6.050 | Init Dist 1000 = 5.909 | Learner Steps = 40675 | Learner Walltime = 8071.705 | Min Dist = 0.161 | Min Dist 10 = 0.314 | Min Dist 100 = 0.345 | Min Dist 1000 = 0.221 | Steps Per Second = 91.126 | Success = 1.000 | Success 1000 = 0.991
I0502 17:20:49.431536 139555013154368 terminal.py:91] [Learner] Actor Episodes = 52265 | Actor Loss = 3.6892342567443848 | Actor Steps = 2613250 | Binary Accuracy = 0.9960978031158447 | Categorical Accuracy = 0.4434814453125 | Critic Loss = 1.7050654888153076 | Entropy Mean = -23.996305465698242 | Evaluator Episodes = 13263 | Evaluator Steps = 663150 | Learner Steps = 40684 | Learner Walltime = 8073.629 | Logits Neg = -17.332595825195312 | Logits Pos = -1.6835882663726807 | Logsumexp = 1.0523866415023804 | Steps Per Second = 149.385
I0502 17:20:49.513400 139579566835264 terminal.py:91] [Evaluator] Actor Episodes = 52273 | Actor Steps = 2613650 | Delta Dist = 12.613 | Delta Dist 10 = 11.239 | Delta Dist 100 = 10.365 | Delta Dist 1000 = 11.019 | Episode Length = 50 | Episode Return = 30.0 | Evaluator Episodes = 13265 | Evaluator Steps = 663250 | Final Dist = 0.193 | Final Dist 10 = 1.567 | Final Dist 100 = 2.442 | Final Dist 1000 = 1.787 | Init Dist = 12.806 | Init Dist 10 = 12.806 | Init Dist 100 = 12.806 | Init Dist 1000 = 12.806 | Learner Steps = 40679 | Learner Walltime = 8072.726 | Min Dist = 0.041 | Min Dist 10 = 0.744 | Min Dist 100 = 1.707 | Min Dist 1000 = 1.097 | Steps Per Second = 80.587 | Success = 1.000 | Success 1000 = 0.796
I0502 17:20:50.195420 139584504182336 lp_utils.py:96] StepsLimiter: Reached 2613850 recorded steps
I0502 17:20:50.841143 139579566835264 terminal.py:91] [Evaluator] Actor Episodes = 52281 | Actor Steps = 2614050 | Delta Dist = 11.306 | Delta Dist 10 = 11.933 | Delta Dist 100 = 10.377 | Delta Dist 1000 = 11.021 | Episode Length = 50 | Episode Return = 17.0 | Evaluator Episodes = 13267 | Evaluator Steps = 663350 | Final Dist = 1.500 | Final Dist 10 = 0.873 | Final Dist 100 = 2.429 | Final Dist 1000 = 1.785 | Init Dist = 12.806 | Init Dist 10 = 12.806 | Init Dist 100 = 12.806 | Init Dist 1000 = 12.806 | Learner Steps = 40691 | Learner Walltime = 8074.990 | Min Dist = 0.140 | Min Dist 10 = 0.250 | Min Dist 100 = 1.707 | Min Dist 1000 = 1.097 | Steps Per Second = 74.617 | Success = 1.000 | Success 1000 = 0.796
I0502 17:20:52.063261 139579566835264 terminal.py:91] [Evaluator] Actor Episodes = 52289 | Actor Steps = 2614450 | Delta Dist = 11.579 | Delta Dist 10 = 11.965 | Delta Dist 100 = 10.358 | Delta Dist 1000 = 11.021 | Episode Length = 50 | Episode Return = 27.0 | Evaluator Episodes = 13269 | Evaluator Steps = 663450 | Final Dist = 1.227 | Final Dist 10 = 0.841 | Final Dist 100 = 2.448 | Final Dist 1000 = 1.786 | Init Dist = 12.806 | Init Dist 10 = 12.806 | Init Dist 100 = 12.806 | Init Dist 1000 = 12.806 | Learner Steps = 40697 | Learner Walltime = 8076.214 | Min Dist = 0.168 | Min Dist 10 = 0.272 | Min Dist 100 = 1.711 | Min Dist 1000 = 1.097 | Steps Per Second = 83.004 | Success = 1.000 | Success 1000 = 0.796
I0502 17:20:52.586958 139558059398720 terminal.py:91] [Actor] Actor Episodes = 52290 | Actor Steps = 2614500 | Delta Dist = 2.473 | Delta Dist 10 = 5.217 | Delta Dist 100 = 4.271 | Delta Dist 1000 = 4.391 | Episode Length = 50 | Episode Return = 26.0 | Evaluator Episodes = 13267 | Evaluator Steps = 663350 | Final Dist = 1.650 | Final Dist 10 = 0.757 | Final Dist 100 = 1.733 | Final Dist 1000 = 1.531 | Init Dist = 4.123 | Init Dist 10 = 5.974 | Init Dist 100 = 6.005 | Init Dist 1000 = 5.922 | Learner Steps = 40691 | Learner Walltime = 8074.990 | Min Dist = 0.111 | Min Dist 10 = 0.151 | Min Dist 100 = 0.302 | Min Dist 1000 = 0.222 | Steps Per Second = 86.421 | Success = 1.000 | Success 1000 = 0.991
I0502 17:20:53.244283 139579566835264 terminal.py:91] [Evaluator] Actor Episodes = 52297 | Actor Steps = 2614850 | Delta Dist = 11.558 | Delta Dist 10 = 11.845 | Delta Dist 100 = 10.447 | Delta Dist 1000 = 11.020 | Episode Length = 50 | Episode Return = 24.0 | Evaluator Episodes = 13271 | Evaluator Steps = 663550 | Final Dist = 1.248 | Final Dist 10 = 0.962 | Final Dist 100 = 2.359 | Final Dist 1000 = 1.786 | Init Dist = 12.806 | Init Dist 10 = 12.806 | Init Dist 100 = 12.806 | Init Dist 1000 = 12.806 | Learner Steps = 40697 | Learner Walltime = 8076.214 | Min Dist = 0.238 | Min Dist 10 = 0.292 | Min Dist 100 = 1.606 | Min Dist 1000 = 1.097 | Steps Per Second = 82.995 | Success = 1.000 | Success 1000 = 0.796
I0502 17:20:54.350920 139579566835264 terminal.py:91] [Evaluator] Actor Episodes = 52303 | Actor Steps = 2615150 | Delta Dist = 12.547 | Delta Dist 10 = 11.818 | Delta Dist 100 = 10.499 | Delta Dist 1000 = 11.026 | Episode Length = 50 | Episode Return = 24.0 | Evaluator Episodes = 13273 | Evaluator Steps = 663650 | Final Dist = 0.260 | Final Dist 10 = 0.988 | Final Dist 100 = 2.308 | Final Dist 1000 = 1.780 | Init Dist = 12.806 | Init Dist 10 = 12.806 | Init Dist 100 = 12.806 | Init Dist 1000 = 12.806 | Learner Steps = 40704 | Learner Walltime = 8077.553 | Min Dist = 0.099 | Min Dist 10 = 0.279 | Min Dist 100 = 1.543 | Min Dist 1000 = 1.092 | Steps Per Second = 86.295 | Success = 1.000 | Success 1000 = 0.798
I0502 17:20:55.577888 139579566835264 terminal.py:91] [Evaluator] Actor Episodes = 52311 | Actor Steps = 2615550 | Delta Dist = 12.627 | Delta Dist 10 = 11.995 | Delta Dist 100 = 10.564 | Delta Dist 1000 = 11.028 | Episode Length = 50 | Episode Return = 30.0 | Evaluator Episodes = 13275 | Evaluator Steps = 663750 | Final Dist = 0.179 | Final Dist 10 = 0.811 | Final Dist 100 = 2.242 | Final Dist 1000 = 1.778 | Init Dist = 12.806 | Init Dist 10 = 12.806 | Init Dist 100 = 12.806 | Init Dist 1000 = 12.806 | Learner Steps = 40710 | Learner Walltime = 8078.618 | Min Dist = 0.179 | Min Dist 10 = 0.234 | Min Dist 100 = 1.491 | Min Dist 1000 = 1.091 | Steps Per Second = 78.073 | Success = 1.000 | Success 1000 = 0.799
I0502 17:20:55.895739 139555860620864 terminal.py:91] [Actor] Actor Episodes = 52312 | Actor Steps = 2615600 | Delta Dist = 2.706 | Delta Dist 10 = 3.334 | Delta Dist 100 = 4.408 | Delta Dist 1000 = 4.392 | Episode Length = 50 | Episode Return = 45.0 | Evaluator Episodes = 13273 | Evaluator Steps = 663650 | Final Dist = 0.457 | Final Dist 10 = 1.830 | Final Dist 100 = 1.504 | Final Dist 1000 = 1.521 | Init Dist = 3.162 | Init Dist 10 = 5.164 | Init Dist 100 = 5.912 | Init Dist 1000 = 5.914 | Learner Steps = 40710 | Learner Walltime = 8078.618 | Min Dist = 0.003 | Min Dist 10 = 0.102 | Min Dist 100 = 0.258 | Min Dist 1000 = 0.221 | Steps Per Second = 77.651 | Success = 1.000 | Success 1000 = 0.991
I0502 17:20:56.602519 139557462840896 terminal.py:91] [Actor] Actor Episodes = 52316 | Actor Steps = 2615800 | Delta Dist = 7.552 | Delta Dist 10 = 3.721 | Delta Dist 100 = 4.401 | Delta Dist 1000 = 4.380 | Episode Length = 50 | Episode Return = 43.0 | Evaluator Episodes = 13275 | Evaluator Steps = 663750 | Final Dist = 0.258 | Final Dist 10 = 1.750 | Final Dist 100 = 1.424 | Final Dist 1000 = 1.525 | Init Dist = 7.810 | Init Dist 10 = 5.471 | Init Dist 100 = 5.826 | Init Dist 1000 = 5.904 | Learner Steps = 40715 | Learner Walltime = 8079.787 | Min Dist = 0.013 | Min Dist 10 = 0.073 | Min Dist 100 = 0.180 | Min Dist 1000 = 0.221 | Steps Per Second = 101.894 | Success = 1.000 | Success 1000 = 0.991
I0502 17:20:56.847591 139579566835264 terminal.py:91] [Evaluator] Actor Episodes = 52319 | Actor Steps = 2615950 | Delta Dist = 8.311 | Delta Dist 10 = 11.890 | Delta Dist 100 = 10.606 | Delta Dist 1000 = 11.034 | Episode Length = 50 | Episode Return = 0.0 | Evaluator Episodes = 13277 | Evaluator Steps = 663850 | Final Dist = 4.495 | Final Dist 10 = 0.916 | Final Dist 100 = 2.200 | Final Dist 1000 = 1.772 | Init Dist = 12.806 | Init Dist 10 = 12.806 | Init Dist 100 = 12.806 | Init Dist 1000 = 12.806 | Learner Steps = 40722 | Learner Walltime = 8080.924 | Min Dist = 4.213 | Min Dist 10 = 0.243 | Min Dist 100 = 1.441 | Min Dist 1000 = 1.086 | Steps Per Second = 80.338 | Success = 0.000 | Success 1000 = 0.800
I0502 17:20:58.103119 139579566835264 terminal.py:91] [Evaluator] Actor Episodes = 52327 | Actor Steps = 2616350 | Delta Dist = 6.813 | Delta Dist 10 = 11.653 | Delta Dist 100 = 10.629 | Delta Dist 1000 = 11.032 | Episode Length = 50 | Episode Return = 0.0 | Evaluator Episodes = 13279 | Evaluator Steps = 663950 | Final Dist = 5.993 | Final Dist 10 = 1.153 | Final Dist 100 = 2.177 | Final Dist 1000 = 1.774 | Init Dist = 12.806 | Init Dist 10 = 12.806 | Init Dist 100 = 12.806 | Init Dist 1000 = 12.806 | Learner Steps = 40727 | Learner Walltime = 8082.139 | Min Dist = 5.408 | Min Dist 10 = 0.603 | Min Dist 100 = 1.430 | Min Dist 1000 = 1.090 | Steps Per Second = 84.242 | Success = 0.000 | Success 1000 = 0.799
I0502 17:20:58.829205 139569349502528 terminal.py:91] [Actor] Actor Episodes = 52333 | Actor Steps = 2616650 | Delta Dist = 1.010 | Delta Dist 10 = 3.924 | Delta Dist 100 = 4.499 | Delta Dist 1000 = 4.382 | Episode Length = 50 | Episode Return = 24.0 | Evaluator Episodes = 13279 | Evaluator Steps = 663950 | Final Dist = 0.990 | Final Dist 10 = 2.774 | Final Dist 100 = 1.385 | Final Dist 1000 = 1.528 | Init Dist = 2.000 | Init Dist 10 = 6.699 | Init Dist 100 = 5.884 | Init Dist 1000 = 5.909 | Learner Steps = 40727 | Learner Walltime = 8082.139 | Min Dist = 0.101 | Min Dist 10 = 1.374 | Min Dist 100 = 0.239 | Min Dist 1000 = 0.232 | Steps Per Second = 75.199 | Success = 1.000 | Success 1000 = 0.990
I0502 17:20:59.423646 139579566835264 terminal.py:91] [Evaluator] Actor Episodes = 52337 | Actor Steps = 2616850 | Delta Dist = 11.522 | Delta Dist 10 = 11.133 | Delta Dist 100 = 10.584 | Delta Dist 1000 = 11.027 | Episode Length = 50 | Episode Return = 31.0 | Evaluator Episodes = 13281 | Evaluator Steps = 664050 | Final Dist = 1.285 | Final Dist 10 = 1.673 | Final Dist 100 = 2.222 | Final Dist 1000 = 1.779 | Init Dist = 12.806 | Init Dist 10 = 12.806 | Init Dist 100 = 12.806 | Init Dist 1000 = 12.806 | Learner Steps = 40734 | Learner Walltime = 8083.288 | Min Dist = 0.183 | Min Dist 10 = 1.151 | Min Dist 100 = 1.482 | Min Dist 1000 = 1.095 | Steps Per Second = 67.740 | Success = 1.000 | Success 1000 = 0.798
I0502 17:20:59.438941 139555013154368 terminal.py:91] [Learner] Actor Episodes = 52333 | Actor Loss = 3.6133813858032227 | Actor Steps = 2616650 | Binary Accuracy = 0.9959909915924072 | Categorical Accuracy = 0.41253662109375 | Critic Loss = 1.7920368909835815 | Entropy Mean = -23.663606643676758 | Evaluator Episodes = 13279 | Evaluator Steps = 663950 | Learner Steps = 40735 | Learner Walltime = 8083.638 | Logits Neg = -17.263959884643555 | Logits Pos = -1.7795462608337402 | Logsumexp = 1.1640782356262207 | Steps Per Second = 182.543
I0502 17:21:00.222021 139584504182336 lp_utils.py:96] StepsLimiter: Reached 2616950 recorded steps
I0502 17:21:00.821971 139579566835264 terminal.py:91] [Evaluator] Actor Episodes = 52345 | Actor Steps = 2617250 | Delta Dist = 12.279 | Delta Dist 10 = 11.063 | Delta Dist 100 = 10.568 | Delta Dist 1000 = 11.026 | Episode Length = 50 | Episode Return = 21.0 | Evaluator Episodes = 13283 | Evaluator Steps = 664150 | Final Dist = 0.527 | Final Dist 10 = 1.744 | Final Dist 100 = 2.238 | Final Dist 1000 = 1.780 | Init Dist = 12.806 | Init Dist 10 = 12.806 | Init Dist 100 = 12.806 | Init Dist 1000 = 12.806 | Learner Steps = 40738 | Learner Walltime = 8084.368 | Min Dist = 0.165 | Min Dist 10 = 1.108 | Min Dist 100 = 1.480 | Min Dist 1000 = 1.095 | Steps Per Second = 78.735 | Success = 1.000 | Success 1000 = 0.798
I0502 17:21:02.044480 139579566835264 terminal.py:91] [Evaluator] Actor Episodes = 52353 | Actor Steps = 2617650 | Delta Dist = 11.776 | Delta Dist 10 = 10.999 | Delta Dist 100 = 10.585 | Delta Dist 1000 = 11.026 | Episode Length = 50 | Episode Return = 6.0 | Evaluator Episodes = 13285 | Evaluator Steps = 664250 | Final Dist = 1.030 | Final Dist 10 = 1.807 | Final Dist 100 = 2.221 | Final Dist 1000 = 1.780 | Init Dist = 12.806 | Init Dist 10 = 12.806 | Init Dist 100 = 12.806 | Init Dist 1000 = 12.806 | Learner Steps = 40743 | Learner Walltime = 8085.400 | Min Dist = 0.292 | Min Dist 10 = 1.086 | Min Dist 100 = 1.468 | Min Dist 1000 = 1.095 | Steps Per Second = 78.837 | Success = 1.000 | Success 1000 = 0.798
I0502 17:21:03.089978 139558059398720 terminal.py:91] [Actor] Actor Episodes = 52361 | Actor Steps = 2618050 | Delta Dist = 7.056 | Delta Dist 10 = 4.714 | Delta Dist 100 = 4.432 | Delta Dist 1000 = 4.399 | Episode Length = 50 | Episode Return = 33.0 | Evaluator Episodes = 13285 | Evaluator Steps = 664250 | Final Dist = 0.560 | Final Dist 10 = 1.647 | Final Dist 100 = 1.443 | Final Dist 1000 = 1.512 | Init Dist = 7.616 | Init Dist 10 = 6.361 | Init Dist 100 = 5.876 | Init Dist 1000 = 5.911 | Learner Steps = 40749 | Learner Walltime = 8086.549 | Min Dist = 0.108 | Min Dist 10 = 0.129 | Min Dist 100 = 0.240 | Min Dist 1000 = 0.224 | Steps Per Second = 83.400 | Success = 1.000 | Success 1000 = 0.990
I0502 17:21:03.217111 139579566835264 terminal.py:91] [Evaluator] Actor Episodes = 52361 | Actor Steps = 2618050 | Delta Dist = 6.033 | Delta Dist 10 = 10.216 | Delta Dist 100 = 10.561 | Delta Dist 1000 = 11.019 | Episode Length = 50 | Episode Return = 0.0 | Evaluator Episodes = 13287 | Evaluator Steps = 664350 | Final Dist = 6.773 | Final Dist 10 = 2.591 | Final Dist 100 = 2.245 | Final Dist 1000 = 1.787 | Init Dist = 12.806 | Init Dist 10 = 12.806 | Init Dist 100 = 12.806 | Init Dist 1000 = 12.806 | Learner Steps = 40749 | Learner Walltime = 8086.549 | Min Dist = 5.353 | Min Dist 10 = 1.949 | Min Dist 100 = 1.503 | Min Dist 1000 = 1.102 | Steps Per Second = 83.789 | Success = 0.000 | Success 1000 = 0.797
I0502 17:21:04.457412 139579566835264 terminal.py:91] [Evaluator] Actor Episodes = 52369 | Actor Steps = 2618450 | Delta Dist = 12.500 | Delta Dist 10 = 9.977 | Delta Dist 100 = 10.571 | Delta Dist 1000 = 11.014 | Episode Length = 50 | Episode Return = 27.0 | Evaluator Episodes = 13289 | Evaluator Steps = 664450 | Final Dist = 0.306 | Final Dist 10 = 2.829 | Final Dist 100 = 2.235 | Final Dist 1000 = 1.792 | Init Dist = 12.806 | Init Dist 10 = 12.806 | Init Dist 100 = 12.806 | Init Dist 1000 = 12.806 | Learner Steps = 40755 | Learner Walltime = 8087.822 | Min Dist = 0.298 | Min Dist 10 = 2.076 | Min Dist 100 = 1.501 | Min Dist 1000 = 1.107 | Steps Per Second = 81.842 | Success = 1.000 | Success 1000 = 0.796
I0502 17:21:05.660298 139579566835264 terminal.py:91] [Evaluator] Actor Episodes = 52377 | Actor Steps = 2618850 | Delta Dist = 11.385 | Delta Dist 10 = 10.597 | Delta Dist 100 = 10.636 | Delta Dist 1000 = 11.014 | Episode Length = 50 | Episode Return = 20.0 | Evaluator Episodes = 13291 | Evaluator Steps = 664550 | Final Dist = 1.421 | Final Dist 10 = 2.209 | Final Dist 100 = 2.170 | Final Dist 1000 = 1.792 | Init Dist = 12.806 | Init Dist 10 = 12.806 | Init Dist 100 = 12.806 | Init Dist 1000 = 12.806 | Learner Steps = 40761 | Learner Walltime = 8089.122 | Min Dist = 0.080 | Min Dist 10 = 1.543 | Min Dist 100 = 1.452 | Min Dist 1000 = 1.107 | Steps Per Second = 80.197 | Success = 1.000 | Success 1000 = 0.796
I0502 17:21:05.933672 139555860620864 terminal.py:91] [Actor] Actor Episodes = 52376 | Actor Steps = 2618800 | Delta Dist = 5.158 | Delta Dist 10 = 5.387 | Delta Dist 100 = 4.389 | Delta Dist 1000 = 4.374 | Episode Length = 50 | Episode Return = 47.0 | Evaluator Episodes = 13289 | Evaluator Steps = 664450 | Final Dist = 0.925 | Final Dist 10 = 0.618 | Final Dist 100 = 1.382 | Final Dist 1000 = 1.522 | Init Dist = 6.083 | Init Dist 10 = 6.005 | Init Dist 100 = 5.771 | Init Dist 1000 = 5.896 | Learner Steps = 40761 | Learner Walltime = 8089.122 | Min Dist = 0.014 | Min Dist 10 = 0.121 | Min Dist 100 = 0.243 | Min Dist 1000 = 0.222 | Steps Per Second = 113.036 | Success = 1.000 | Success 1000 = 0.990
I0502 17:21:06.827163 139579566835264 terminal.py:91] [Evaluator] Actor Episodes = 52385 | Actor Steps = 2619250 | Delta Dist = 11.686 | Delta Dist 10 = 10.700 | Delta Dist 100 = 10.692 | Delta Dist 1000 = 11.013 | Episode Length = 50 | Episode Return = 11.0 | Evaluator Episodes = 13293 | Evaluator Steps = 664650 | Final Dist = 1.120 | Final Dist 10 = 2.106 | Final Dist 100 = 2.115 | Final Dist 1000 = 1.793 | Init Dist = 12.806 | Init Dist 10 = 12.806 | Init Dist 100 = 12.806 | Init Dist 1000 = 12.806 | Learner Steps = 40767 | Learner Walltime = 8090.196 | Min Dist = 0.650 | Min Dist 10 = 1.534 | Min Dist 100 = 1.400 | Min Dist 1000 = 1.107 | Steps Per Second = 84.769 | Success = 1.000 | Success 1000 = 0.796
I0502 17:21:07.155515 139557462840896 terminal.py:91] [Actor] Actor Episodes = 52387 | Actor Steps = 2619350 | Delta Dist = 6.488 | Delta Dist 10 = 3.379 | Delta Dist 100 = 4.240 | Delta Dist 1000 = 4.362 | Episode Length = 50 | Episode Return = 17.0 | Evaluator Episodes = 13293 | Evaluator Steps = 664650 | Final Dist = 1.322 | Final Dist 10 = 2.847 | Final Dist 100 = 1.540 | Final Dist 1000 = 1.543 | Init Dist = 7.810 | Init Dist 10 = 6.226 | Init Dist 100 = 5.780 | Init Dist 1000 = 5.905 | Learner Steps = 40767 | Learner Walltime = 8090.196 | Min Dist = 0.051 | Min Dist 10 = 0.098 | Min Dist 100 = 0.244 | Min Dist 1000 = 0.222 | Steps Per Second = 77.567 | Success = 1.000 | Success 1000 = 0.990
I0502 17:21:08.164206 139579566835264 terminal.py:91] [Evaluator] Actor Episodes = 52393 | Actor Steps = 2619650 | Delta Dist = 12.448 | Delta Dist 10 = 10.721 | Delta Dist 100 = 10.811 | Delta Dist 1000 = 11.013 | Episode Length = 50 | Episode Return = 3.0 | Evaluator Episodes = 13295 | Evaluator Steps = 664750 | Final Dist = 0.358 | Final Dist 10 = 2.085 | Final Dist 100 = 1.995 | Final Dist 1000 = 1.793 | Init Dist = 12.806 | Init Dist 10 = 12.806 | Init Dist 100 = 12.806 | Init Dist 1000 = 12.806 | Learner Steps = 40774 | Learner Walltime = 8091.505 | Min Dist = 0.358 | Min Dist 10 = 1.582 | Min Dist 100 = 1.299 | Min Dist 1000 = 1.107 | Steps Per Second = 72.975 | Success = 1.000 | Success 1000 = 0.796
I0502 17:21:09.088449 139569349502528 terminal.py:91] [Actor] Actor Episodes = 52397 | Actor Steps = 2619850 | Delta Dist = 3.006 | Delta Dist 10 = 3.750 | Delta Dist 100 = 4.026 | Delta Dist 1000 = 4.358 | Episode Length = 50 | Episode Return = 33.0 | Evaluator Episodes = 13295 | Evaluator Steps = 664750 | Final Dist = 1.117 | Final Dist 10 = 1.767 | Final Dist 100 = 1.724 | Final Dist 1000 = 1.564 | Init Dist = 4.123 | Init Dist 10 = 5.516 | Init Dist 100 = 5.750 | Init Dist 1000 = 5.922 | Learner Steps = 40779 | Learner Walltime = 8092.676 | Min Dist = 0.036 | Min Dist 10 = 0.059 | Min Dist 100 = 0.237 | Min Dist 1000 = 0.222 | Steps Per Second = 69.491 | Success = 1.000 | Success 1000 = 0.990
I0502 17:21:09.471400 139579566835264 terminal.py:91] [Evaluator] Actor Episodes = 52403 | Actor Steps = 2620150 | Delta Dist = 12.256 | Delta Dist 10 = 11.593 | Delta Dist 100 = 10.826 | Delta Dist 1000 = 11.013 | Episode Length = 50 | Episode Return = 28.0 | Evaluator Episodes = 13297 | Evaluator Steps = 664850 | Final Dist = 0.550 | Final Dist 10 = 1.214 | Final Dist 100 = 1.980 | Final Dist 1000 = 1.793 | Init Dist = 12.806 | Init Dist 10 = 12.806 | Init Dist 100 = 12.806 | Init Dist 1000 = 12.806 | Learner Steps = 40779 | Learner Walltime = 8092.676 | Min Dist = 0.062 | Min Dist 10 = 0.733 | Min Dist 100 = 1.293 | Min Dist 1000 = 1.107 | Steps Per Second = 73.843 | Success = 1.000 | Success 1000 = 0.796
I0502 17:21:09.891170 139555013154368 terminal.py:91] [Learner] Actor Episodes = 52403 | Actor Loss = 3.575505018234253 | Actor Steps = 2620150 | Binary Accuracy = 0.9959673881530762 | Categorical Accuracy = 0.41009521484375 | Critic Loss = 1.7999696731567383 | Entropy Mean = -24.728424072265625 | Evaluator Episodes = 13297 | Evaluator Steps = 664850 | Learner Steps = 40786 | Learner Walltime = 8094.086 | Logits Neg = -17.247821807861328 | Logits Pos = -1.7813680171966553 | Logsumexp = 1.1392406225204468 | Steps Per Second = 110.092
I0502 17:21:10.244406 139584504182336 lp_utils.py:96] StepsLimiter: Reached 2620150 recorded steps
I0502 17:21:10.714915 139579566835264 terminal.py:91] [Evaluator] Actor Episodes = 52409 | Actor Steps = 2620450 | Delta Dist = 12.533 | Delta Dist 10 = 11.666 | Delta Dist 100 = 10.786 | Delta Dist 1000 = 11.008 | Episode Length = 50 | Episode Return = 34.0 | Evaluator Episodes = 13299 | Evaluator Steps = 664950 | Final Dist = 0.273 | Final Dist 10 = 1.140 | Final Dist 100 = 2.020 | Final Dist 1000 = 1.798 | Init Dist = 12.806 | Init Dist 10 = 12.806 | Init Dist 100 = 12.806 | Init Dist 1000 = 12.806 | Learner Steps = 40786 | Learner Walltime = 8094.086 | Min Dist = 0.257 | Min Dist 10 = 0.717 | Min Dist 100 = 1.343 | Min Dist 1000 = 1.112 | Steps Per Second = 83.362 | Success = 1.000 | Success 1000 = 0.795
I0502 17:21:12.007653 139579566835264 terminal.py:91] [Evaluator] Actor Episodes = 52417 | Actor Steps = 2620850 | Delta Dist = 11.694 | Delta Dist 10 = 11.643 | Delta Dist 100 = 10.783 | Delta Dist 1000 = 11.016 | Episode Length = 50 | Episode Return = 2.0 | Evaluator Episodes = 13301 | Evaluator Steps = 665050 | Final Dist = 1.112 | Final Dist 10 = 1.163 | Final Dist 100 = 2.023 | Final Dist 1000 = 1.790 | Init Dist = 12.806 | Init Dist 10 = 12.806 | Init Dist 100 = 12.806 | Init Dist 1000 = 12.806 | Learner Steps = 40793 | Learner Walltime = 8095.334 | Min Dist = 0.930 | Min Dist 10 = 0.794 | Min Dist 100 = 1.350 | Min Dist 1000 = 1.104 | Steps Per Second = 75.313 | Success = 1.000 | Success 1000 = 0.796
I0502 17:21:13.106907 139579566835264 terminal.py:91] [Evaluator] Actor Episodes = 52425 | Actor Steps = 2621250 | Delta Dist = 11.515 | Delta Dist 10 = 11.567 | Delta Dist 100 = 10.839 | Delta Dist 1000 = 11.028 | Episode Length = 50 | Episode Return = 14.0 | Evaluator Episodes = 13303 | Evaluator Steps = 665150 | Final Dist = 1.291 | Final Dist 10 = 1.240 | Final Dist 100 = 1.967 | Final Dist 1000 = 1.778 | Init Dist = 12.806 | Init Dist 10 = 12.806 | Init Dist 100 = 12.806 | Init Dist 1000 = 12.806 | Learner Steps = 40798 | Learner Walltime = 8096.342 | Min Dist = 0.476 | Min Dist 10 = 0.915 | Min Dist 100 = 1.301 | Min Dist 1000 = 1.092 | Steps Per Second = 90.938 | Success = 1.000 | Success 1000 = 0.798
I0502 17:21:13.629868 139558059398720 terminal.py:91] [Actor] Actor Episodes = 52424 | Actor Steps = 2621200 | Delta Dist = 11.562 | Delta Dist 10 = 5.147 | Delta Dist 100 = 4.190 | Delta Dist 1000 = 4.380 | Episode Length = 50 | Episode Return = 39.0 | Evaluator Episodes = 13301 | Evaluator Steps = 665050 | Final Dist = 0.100 | Final Dist 10 = 1.371 | Final Dist 100 = 1.657 | Final Dist 1000 = 1.508 | Init Dist = 11.662 | Init Dist 10 = 6.518 | Init Dist 100 = 5.847 | Init Dist 1000 = 5.888 | Learner Steps = 40798 | Learner Walltime = 8096.342 | Min Dist = 0.019 | Min Dist 10 = 0.050 | Min Dist 100 = 0.237 | Min Dist 1000 = 0.206 | Steps Per Second = 75.319 | Success = 1.000 | Success 1000 = 0.990
I0502 17:21:14.436628 139579566835264 terminal.py:91] [Evaluator] Actor Episodes = 52433 | Actor Steps = 2621650 | Delta Dist = 12.337 | Delta Dist 10 = 11.516 | Delta Dist 100 = 10.898 | Delta Dist 1000 = 11.028 | Episode Length = 50 | Episode Return = 31.0 | Evaluator Episodes = 13305 | Evaluator Steps = 665250 | Final Dist = 0.469 | Final Dist 10 = 1.290 | Final Dist 100 = 1.908 | Final Dist 1000 = 1.778 | Init Dist = 12.806 | Init Dist 10 = 12.806 | Init Dist 100 = 12.806 | Init Dist 1000 = 12.806 | Learner Steps = 40810 | Learner Walltime = 8098.623 | Min Dist = 0.049 | Min Dist 10 = 0.898 | Min Dist 100 = 1.243 | Min Dist 1000 = 1.092 | Steps Per Second = 75.795 | Success = 1.000 | Success 1000 = 0.798
I0502 17:21:15.696499 139579566835264 terminal.py:91] [Evaluator] Actor Episodes = 52441 | Actor Steps = 2622050 | Delta Dist = 12.263 | Delta Dist 10 = 11.390 | Delta Dist 100 = 11.018 | Delta Dist 1000 = 11.027 | Episode Length = 50 | Episode Return = 8.0 | Evaluator Episodes = 13307 | Evaluator Steps = 665350 | Final Dist = 0.543 | Final Dist 10 = 1.416 | Final Dist 100 = 1.788 | Final Dist 1000 = 1.779 | Init Dist = 12.806 | Init Dist 10 = 12.806 | Init Dist 100 = 12.806 | Init Dist 1000 = 12.806 | Learner Steps = 40815 | Learner Walltime = 8099.656 | Min Dist = 0.024 | Min Dist 10 = 0.903 | Min Dist 100 = 1.141 | Min Dist 1000 = 1.092 | Steps Per Second = 82.373 | Success = 1.000 | Success 1000 = 0.798
I0502 17:21:16.348778 139555860620864 terminal.py:91] [Actor] Actor Episodes = 52442 | Actor Steps = 2622100 | Delta Dist = 7.016 | Delta Dist 10 = 5.066 | Delta Dist 100 = 4.251 | Delta Dist 1000 = 4.381 | Episode Length = 50 | Episode Return = 40.0 | Evaluator Episodes = 13305 | Evaluator Steps = 665250 | Final Dist = 0.195 | Final Dist 10 = 0.863 | Final Dist 100 = 1.448 | Final Dist 1000 = 1.504 | Init Dist = 7.211 | Init Dist 10 = 5.929 | Init Dist 100 = 5.698 | Init Dist 1000 = 5.885 | Learner Steps = 40815 | Learner Walltime = 8099.656 | Min Dist = 0.066 | Min Dist 10 = 0.054 | Min Dist 100 = 0.098 | Min Dist 1000 = 0.206 | Steps Per Second = 75.961 | Success = 1.000 | Success 1000 = 0.990
I0502 17:21:16.916789 139579566835264 terminal.py:91] [Evaluator] Actor Episodes = 52447 | Actor Steps = 2622350 | Delta Dist = 12.507 | Delta Dist 10 = 11.362 | Delta Dist 100 = 10.955 | Delta Dist 1000 = 11.023 | Episode Length = 50 | Episode Return = 23.0 | Evaluator Episodes = 13309 | Evaluator Steps = 665450 | Final Dist = 0.300 | Final Dist 10 = 1.444 | Final Dist 100 = 1.851 | Final Dist 1000 = 1.784 | Init Dist = 12.806 | Init Dist 10 = 12.806 | Init Dist 100 = 12.806 | Init Dist 1000 = 12.806 | Learner Steps = 40820 | Learner Walltime = 8100.960 | Min Dist = 0.053 | Min Dist 10 = 0.889 | Min Dist 100 = 1.193 | Min Dist 1000 = 1.096 | Steps Per Second = 84.418 | Success = 1.000 | Success 1000 = 0.797
I0502 17:21:17.722273 139557462840896 terminal.py:91] [Actor] Actor Episodes = 52452 | Actor Steps = 2622600 | Delta Dist = 9.365 | Delta Dist 10 = 4.852 | Delta Dist 100 = 4.303 | Delta Dist 1000 = 4.383 | Episode Length = 50 | Episode Return = 43.0 | Evaluator Episodes = 13309 | Evaluator Steps = 665450 | Final Dist = 0.069 | Final Dist 10 = 1.327 | Final Dist 100 = 1.414 | Final Dist 1000 = 1.503 | Init Dist = 9.434 | Init Dist 10 = 6.180 | Init Dist 100 = 5.717 | Init Dist 1000 = 5.886 | Learner Steps = 40820 | Learner Walltime = 8100.960 | Min Dist = 0.044 | Min Dist 10 = 0.031 | Min Dist 100 = 0.074 | Min Dist 1000 = 0.205 | Steps Per Second = 82.697 | Success = 1.000 | Success 1000 = 0.990
I0502 17:21:18.010807 139579566835264 terminal.py:91] [Evaluator] Actor Episodes = 52453 | Actor Steps = 2622650 | Delta Dist = 11.767 | Delta Dist 10 = 11.457 | Delta Dist 100 = 10.969 | Delta Dist 1000 = 11.023 | Episode Length = 50 | Episode Return = 17.0 | Evaluator Episodes = 13311 | Evaluator Steps = 665550 | Final Dist = 1.039 | Final Dist 10 = 1.349 | Final Dist 100 = 1.837 | Final Dist 1000 = 1.783 | Init Dist = 12.806 | Init Dist 10 = 12.806 | Init Dist 100 = 12.806 | Init Dist 1000 = 12.806 | Learner Steps = 40826 | Learner Walltime = 8102.006 | Min Dist = 0.192 | Min Dist 10 = 0.781 | Min Dist 100 = 1.187 | Min Dist 1000 = 1.096 | Steps Per Second = 92.273 | Success = 1.000 | Success 1000 = 0.797
I0502 17:21:19.141313 139579566835264 terminal.py:91] [Evaluator] Actor Episodes = 52461 | Actor Steps = 2623050 | Delta Dist = 12.449 | Delta Dist 10 = 11.562 | Delta Dist 100 = 10.970 | Delta Dist 1000 = 11.024 | Episode Length = 50 | Episode Return = 35.0 | Evaluator Episodes = 13313 | Evaluator Steps = 665650 | Final Dist = 0.357 | Final Dist 10 = 1.244 | Final Dist 100 = 1.837 | Final Dist 1000 = 1.783 | Init Dist = 12.806 | Init Dist 10 = 12.806 | Init Dist 100 = 12.806 | Init Dist 1000 = 12.806 | Learner Steps = 40833 | Learner Walltime = 8103.261 | Min Dist = 0.222 | Min Dist 10 = 0.692 | Min Dist 100 = 1.188 | Min Dist 1000 = 1.096 | Steps Per Second = 90.842 | Success = 1.000 | Success 1000 = 0.797
I0502 17:21:19.654810 139569349502528 terminal.py:91] [Actor] Actor Episodes = 52462 | Actor Steps = 2623100 | Delta Dist = 6.777 | Delta Dist 10 = 3.583 | Delta Dist 100 = 4.330 | Delta Dist 1000 = 4.384 | Episode Length = 50 | Episode Return = 48.0 | Evaluator Episodes = 13311 | Evaluator Steps = 665550 | Final Dist = 0.434 | Final Dist 10 = 2.415 | Final Dist 100 = 1.465 | Final Dist 1000 = 1.514 | Init Dist = 7.211 | Init Dist 10 = 5.998 | Init Dist 100 = 5.796 | Init Dist 1000 = 5.898 | Learner Steps = 40826 | Learner Walltime = 8102.006 | Min Dist = 0.010 | Min Dist 10 = 0.041 | Min Dist 100 = 0.069 | Min Dist 1000 = 0.204 | Steps Per Second = 74.742 | Success = 1.000 | Success 1000 = 0.990
I0502 17:21:20.259194 139584504182336 lp_utils.py:96] StepsLimiter: Reached 2623350 recorded steps
I0502 17:21:20.415918 139555013154368 terminal.py:91] [Learner] Actor Episodes = 52469 | Actor Loss = 3.6385345458984375 | Actor Steps = 2623450 | Binary Accuracy = 0.9960050582885742 | Categorical Accuracy = 0.41387939453125 | Critic Loss = 1.8022255897521973 | Entropy Mean = -23.706829071044922 | Evaluator Episodes = 13313 | Evaluator Steps = 665650 | Learner Steps = 40838 | Learner Walltime = 8104.612 | Logits Neg = -17.29283905029297 | Logits Pos = -1.7852234840393066 | Logsumexp = 1.1225368976593018 | Steps Per Second = 105.615
I0502 17:21:20.426203 139579566835264 terminal.py:91] [Evaluator] Actor Episodes = 52469 | Actor Steps = 2623450 | Delta Dist = 6.665 | Delta Dist 10 = 11.636 | Delta Dist 100 = 11.008 | Delta Dist 1000 = 11.025 | Episode Length = 50 | Episode Return = 0.0 | Evaluator Episodes = 13315 | Evaluator Steps = 665750 | Final Dist = 6.142 | Final Dist 10 = 1.170 | Final Dist 100 = 1.798 | Final Dist 1000 = 1.781 | Init Dist = 12.806 | Init Dist 10 = 12.806 | Init Dist 100 = 12.806 | Init Dist 1000 = 12.806 | Learner Steps = 40838 | Learner Walltime = 8104.612 | Min Dist = 5.455 | Min Dist 10 = 0.668 | Min Dist 100 = 1.151 | Min Dist 1000 = 1.096 | Steps Per Second = 82.215 | Success = 0.000 | Success 1000 = 0.797
I0502 17:21:21.647728 139579566835264 terminal.py:91] [Evaluator] Actor Episodes = 52475 | Actor Steps = 2623750 | Delta Dist = 10.900 | Delta Dist 10 = 11.109 | Delta Dist 100 = 10.961 | Delta Dist 1000 = 11.019 | Episode Length = 50 | Episode Return = 0.0 | Evaluator Episodes = 13317 | Evaluator Steps = 665850 | Final Dist = 1.906 | Final Dist 10 = 1.697 | Final Dist 100 = 1.845 | Final Dist 1000 = 1.787 | Init Dist = 12.806 | Init Dist 10 = 12.806 | Init Dist 100 = 12.806 | Init Dist 1000 = 12.806 | Learner Steps = 40844 | Learner Walltime = 8105.670 | Min Dist = 1.906 | Min Dist 10 = 1.165 | Min Dist 100 = 1.195 | Min Dist 1000 = 1.101 | Steps Per Second = 77.050 | Success = 0.000 | Success 1000 = 0.796
I0502 17:21:22.895735 139579566835264 terminal.py:91] [Evaluator] Actor Episodes = 52485 | Actor Steps = 2624250 | Delta Dist = 12.727 | Delta Dist 10 = 11.569 | Delta Dist 100 = 11.020 | Delta Dist 1000 = 11.018 | Episode Length = 50 | Episode Return = 26.0 | Evaluator Episodes = 13319 | Evaluator Steps = 665950 | Final Dist = 0.079 | Final Dist 10 = 1.237 | Final Dist 100 = 1.786 | Final Dist 1000 = 1.788 | Init Dist = 12.806 | Init Dist 10 = 12.806 | Init Dist 100 = 12.806 | Init Dist 1000 = 12.806 | Learner Steps = 40844 | Learner Walltime = 8105.670 | Min Dist = 0.034 | Min Dist 10 = 0.836 | Min Dist 100 = 1.159 | Min Dist 1000 = 1.103 | Steps Per Second = 75.783 | Success = 1.000 | Success 1000 = 0.795
I0502 17:21:23.961138 139579566835264 terminal.py:91] [Evaluator] Actor Episodes = 52491 | Actor Steps = 2624550 | Delta Dist = 6.219 | Delta Dist 10 = 11.506 | Delta Dist 100 = 11.141 | Delta Dist 1000 = 11.020 | Episode Length = 50 | Episode Return = 0.0 | Evaluator Episodes = 13321 | Evaluator Steps = 666050 | Final Dist = 6.587 | Final Dist 10 = 1.300 | Final Dist 100 = 1.665 | Final Dist 1000 = 1.786 | Init Dist = 12.806 | Init Dist 10 = 12.806 | Init Dist 100 = 12.806 | Init Dist 1000 = 12.806 | Learner Steps = 40851 | Learner Walltime = 8107.119 | Min Dist = 5.048 | Min Dist 10 = 0.828 | Min Dist 100 = 1.027 | Min Dist 1000 = 1.101 | Steps Per Second = 88.345 | Success = 0.000 | Success 1000 = 0.796
I0502 17:21:24.088021 139558059398720 terminal.py:91] [Actor] Actor Episodes = 52495 | Actor Steps = 2624750 | Delta Dist = 2.774 | Delta Dist 10 = 4.434 | Delta Dist 100 = 4.753 | Delta Dist 1000 = 4.405 | Episode Length = 50 | Episode Return = 36.0 | Evaluator Episodes = 13321 | Evaluator Steps = 666050 | Final Dist = 0.831 | Final Dist 10 = 1.260 | Final Dist 100 = 1.130 | Final Dist 1000 = 1.513 | Init Dist = 3.606 | Init Dist 10 = 5.694 | Init Dist 100 = 5.882 | Init Dist 1000 = 5.918 | Learner Steps = 40858 | Learner Walltime = 8108.252 | Min Dist = 0.029 | Min Dist 10 = 0.212 | Min Dist 100 = 0.071 | Min Dist 1000 = 0.205 | Steps Per Second = 92.712 | Success = 1.000 | Success 1000 = 0.990
I0502 17:21:25.152156 139579566835264 terminal.py:91] [Evaluator] Actor Episodes = 52500 | Actor Steps = 2625000 | Delta Dist = 6.714 | Delta Dist 10 = 10.847 | Delta Dist 100 = 11.137 | Delta Dist 1000 = 11.019 | Episode Length = 50 | Episode Return = 0.0 | Evaluator Episodes = 13323 | Evaluator Steps = 666150 | Final Dist = 6.092 | Final Dist 10 = 1.959 | Final Dist 100 = 1.669 | Final Dist 1000 = 1.787 | Init Dist = 12.806 | Init Dist 10 = 12.806 | Init Dist 100 = 12.806 | Init Dist 1000 = 12.806 | Learner Steps = 40858 | Learner Walltime = 8108.252 | Min Dist = 5.576 | Min Dist 10 = 1.298 | Min Dist 100 = 1.025 | Min Dist 1000 = 1.101 | Steps Per Second = 75.734 | Success = 0.000 | Success 1000 = 0.796
I0502 17:21:26.384755 139579566835264 terminal.py:91] [Evaluator] Actor Episodes = 52508 | Actor Steps = 2625400 | Delta Dist = 12.213 | Delta Dist 10 = 10.298 | Delta Dist 100 = 11.080 | Delta Dist 1000 = 11.014 | Episode Length = 50 | Episode Return = 31.0 | Evaluator Episodes = 13325 | Evaluator Steps = 666250 | Final Dist = 0.593 | Final Dist 10 = 2.508 | Final Dist 100 = 1.727 | Final Dist 1000 = 1.792 | Init Dist = 12.806 | Init Dist 10 = 12.806 | Init Dist 100 = 12.806 | Init Dist 1000 = 12.806 | Learner Steps = 40865 | Learner Walltime = 8109.634 | Min Dist = 0.285 | Min Dist 10 = 1.831 | Min Dist 100 = 1.079 | Min Dist 1000 = 1.106 | Steps Per Second = 92.485 | Success = 1.000 | Success 1000 = 0.795
I0502 17:21:26.739950 139555860620864 terminal.py:91] [Actor] Actor Episodes = 52509 | Actor Steps = 2625450 | Delta Dist = 10.346 | Delta Dist 10 = 4.525 | Delta Dist 100 = 4.674 | Delta Dist 1000 = 4.406 | Episode Length = 50 | Episode Return = 40.0 | Evaluator Episodes = 13323 | Evaluator Steps = 666150 | Final Dist = 0.425 | Final Dist 10 = 0.714 | Final Dist 100 = 1.233 | Final Dist 1000 = 1.512 | Init Dist = 10.770 | Init Dist 10 = 5.239 | Init Dist 100 = 5.907 | Init Dist 1000 = 5.919 | Learner Steps = 40865 | Learner Walltime = 8109.634 | Min Dist = 0.006 | Min Dist 10 = 0.111 | Min Dist 100 = 0.073 | Min Dist 1000 = 0.206 | Steps Per Second = 82.958 | Success = 1.000 | Success 1000 = 0.990
I0502 17:21:27.610683 139579566835264 terminal.py:91] [Evaluator] Actor Episodes = 52516 | Actor Steps = 2625800 | Delta Dist = 6.211 | Delta Dist 10 = 10.841 | Delta Dist 100 = 11.073 | Delta Dist 1000 = 11.013 | Episode Length = 50 | Episode Return = 0.0 | Evaluator Episodes = 13327 | Evaluator Steps = 666350 | Final Dist = 6.596 | Final Dist 10 = 1.965 | Final Dist 100 = 1.734 | Final Dist 1000 = 1.793 | Init Dist = 12.806 | Init Dist 10 = 12.806 | Init Dist 100 = 12.806 | Init Dist 1000 = 12.806 | Learner Steps = 40871 | Learner Walltime = 8110.792 | Min Dist = 5.357 | Min Dist 10 = 1.327 | Min Dist 100 = 1.072 | Min Dist 1000 = 1.106 | Steps Per Second = 87.778 | Success = 0.000 | Success 1000 = 0.795
I0502 17:21:28.145314 139557462840896 terminal.py:91] [Actor] Actor Episodes = 52522 | Actor Steps = 2626100 | Delta Dist = -2.165 | Delta Dist 10 = 5.561 | Delta Dist 100 = 4.849 | Delta Dist 1000 = 4.428 | Episode Length = 50 | Episode Return = 0.0 | Evaluator Episodes = 13327 | Evaluator Steps = 666350 | Final Dist = 11.220 | Final Dist 10 = 1.371 | Final Dist 100 = 1.276 | Final Dist 1000 = 1.501 | Init Dist = 9.055 | Init Dist 10 = 6.931 | Init Dist 100 = 6.124 | Init Dist 1000 = 5.929 | Learner Steps = 40876 | Learner Walltime = 8111.885 | Min Dist = 0.078 | Min Dist 10 = 0.182 | Min Dist 100 = 0.083 | Min Dist 1000 = 0.206 | Steps Per Second = 91.387 | Success = 1.000 | Success 1000 = 0.990
I0502 17:21:28.888332 139579566835264 terminal.py:91] [Evaluator] Actor Episodes = 52524 | Actor Steps = 2626200 | Delta Dist = 12.097 | Delta Dist 10 = 10.245 | Delta Dist 100 = 11.004 | Delta Dist 1000 = 11.009 | Episode Length = 50 | Episode Return = 4.0 | Evaluator Episodes = 13329 | Evaluator Steps = 666450 | Final Dist = 0.709 | Final Dist 10 = 2.561 | Final Dist 100 = 1.802 | Final Dist 1000 = 1.797 | Init Dist = 12.806 | Init Dist 10 = 12.806 | Init Dist 100 = 12.806 | Init Dist 1000 = 12.806 | Learner Steps = 40876 | Learner Walltime = 8111.885 | Min Dist = 0.699 | Min Dist 10 = 1.692 | Min Dist 100 = 1.122 | Min Dist 1000 = 1.110 | Steps Per Second = 81.807 | Success = 1.000 | Success 1000 = 0.795
I0502 17:21:29.752431 139569349502528 terminal.py:91] [Actor] Actor Episodes = 52529 | Actor Steps = 2626450 | Delta Dist = 2.314 | Delta Dist 10 = 4.857 | Delta Dist 100 = 4.923 | Delta Dist 1000 = 4.438 | Episode Length = 50 | Episode Return = 36.0 | Evaluator Episodes = 13329 | Evaluator Steps = 666450 | Final Dist = 0.849 | Final Dist 10 = 0.616 | Final Dist 100 = 1.179 | Final Dist 1000 = 1.497 | Init Dist = 3.162 | Init Dist 10 = 5.473 | Init Dist 100 = 6.102 | Init Dist 1000 = 5.935 | Learner Steps = 40876 | Learner Walltime = 8111.885 | Min Dist = 0.082 | Min Dist 10 = 0.060 | Min Dist 100 = 0.088 | Min Dist 1000 = 0.206 | Steps Per Second = 76.255 | Success = 1.000 | Success 1000 = 0.990
I0502 17:21:30.185816 139579566835264 terminal.py:91] [Evaluator] Actor Episodes = 52532 | Actor Steps = 2626600 | Delta Dist = 5.857 | Delta Dist 10 = 9.714 | Delta Dist 100 = 11.019 | Delta Dist 1000 = 11.009 | Episode Length = 50 | Episode Return = 0.0 | Evaluator Episodes = 13331 | Evaluator Steps = 666550 | Final Dist = 6.949 | Final Dist 10 = 3.093 | Final Dist 100 = 1.788 | Final Dist 1000 = 1.797 | Init Dist = 12.806 | Init Dist 10 = 12.806 | Init Dist 100 = 12.806 | Init Dist 1000 = 12.806 | Learner Steps = 40883 | Learner Walltime = 8113.338 | Min Dist = 4.914 | Min Dist 10 = 2.282 | Min Dist 100 = 1.125 | Min Dist 1000 = 1.111 | Steps Per Second = 76.852 | Success = 0.000 | Success 1000 = 0.795
I0502 17:21:30.277013 139584504182336 lp_utils.py:96] StepsLimiter: Reached 2626700 recorded steps
I0502 17:21:30.605393 139555013154368 terminal.py:91] [Learner] Actor Episodes = 52534 | Actor Loss = 3.661945104598999 | Actor Steps = 2626700 | Binary Accuracy = 0.9959900379180908 | Categorical Accuracy = 0.415771484375 | Critic Loss = 1.793584942817688 | Entropy Mean = -21.564725875854492 | Evaluator Episodes = 13331 | Evaluator Steps = 666550 | Learner Steps = 40891 | Learner Walltime = 8114.802 | Logits Neg = -17.178905487060547 | Logits Pos = -1.7474300861358643 | Logsumexp = 1.0865755081176758 | Steps Per Second = 249.030
I0502 17:21:31.403938 139579566835264 terminal.py:91] [Evaluator] Actor Episodes = 52540 | Actor Steps = 2627000 | Delta Dist = 7.090 | Delta Dist 10 = 9.140 | Delta Dist 100 = 10.901 | Delta Dist 1000 = 11.003 | Episode Length = 50 | Episode Return = 0.0 | Evaluator Episodes = 13333 | Evaluator Steps = 666650 | Final Dist = 5.716 | Final Dist 10 = 3.666 | Final Dist 100 = 1.906 | Final Dist 1000 = 1.803 | Init Dist = 12.806 | Init Dist 10 = 12.806 | Init Dist 100 = 12.806 | Init Dist 1000 = 12.806 | Learner Steps = 40890 | Learner Walltime = 8114.545 | Min Dist = 5.271 | Min Dist 10 = 2.801 | Min Dist 100 = 1.224 | Min Dist 1000 = 1.115 | Steps Per Second = 86.959 | Success = 0.000 | Success 1000 = 0.794
I0502 17:21:32.509595 139579566835264 terminal.py:91] [Evaluator] Actor Episodes = 52548 | Actor Steps = 2627400 | Delta Dist = 11.552 | Delta Dist 10 = 8.577 | Delta Dist 100 = 10.803 | Delta Dist 1000 = 10.992 | Episode Length = 50 | Episode Return = 13.0 | Evaluator Episodes = 13335 | Evaluator Steps = 666750 | Final Dist = 1.255 | Final Dist 10 = 4.230 | Final Dist 100 = 2.003 | Final Dist 1000 = 1.815 | Init Dist = 12.806 | Init Dist 10 = 12.806 | Init Dist 100 = 12.806 | Init Dist 1000 = 12.806 | Learner Steps = 40895 | Learner Walltime = 8115.706 | Min Dist = 0.501 | Min Dist 10 = 3.276 | Min Dist 100 = 1.323 | Min Dist 1000 = 1.125 | Steps Per Second = 92.446 | Success = 1.000 | Success 1000 = 0.792
I0502 17:21:33.744820 139579566835264 terminal.py:91] [Evaluator] Actor Episodes = 52556 | Actor Steps = 2627800 | Delta Dist = 12.099 | Delta Dist 10 = 8.518 | Delta Dist 100 = 10.784 | Delta Dist 1000 = 10.990 | Episode Length = 50 | Episode Return = 11.0 | Evaluator Episodes = 13337 | Evaluator Steps = 666850 | Final Dist = 0.708 | Final Dist 10 = 4.289 | Final Dist 100 = 2.022 | Final Dist 1000 = 1.816 | Init Dist = 12.806 | Init Dist 10 = 12.806 | Init Dist 100 = 12.806 | Init Dist 1000 = 12.806 | Learner Steps = 40902 | Learner Walltime = 8116.902 | Min Dist = 0.381 | Min Dist 10 = 3.326 | Min Dist 100 = 1.331 | Min Dist 1000 = 1.125 | Steps Per Second = 77.307 | Success = 1.000 | Success 1000 = 0.792
I0502 17:21:34.006471 139584635659840 savers.py:156] Saving checkpoint: logs/contrastive_cpc_point_FourRooms_64/5dd72662-2788-11f0-b183-d85ed38c5779/checkpoints/counter
I0502 17:21:34.478042 139558059398720 terminal.py:91] [Actor] Actor Episodes = 52559 | Actor Steps = 2627950 | Delta Dist = 0.656 | Delta Dist 10 = 5.166 | Delta Dist 100 = 4.875 | Delta Dist 1000 = 4.439 | Episode Length = 50 | Episode Return = 32.0 | Evaluator Episodes = 13337 | Evaluator Steps = 666850 | Final Dist = 0.344 | Final Dist 10 = 1.396 | Final Dist 100 = 1.163 | Final Dist 1000 = 1.494 | Init Dist = 1.000 | Init Dist 10 = 6.562 | Init Dist 100 = 6.038 | Init Dist 1000 = 5.933 | Learner Steps = 40907 | Learner Walltime = 8117.968 | Min Dist = 0.021 | Min Dist 10 = 0.074 | Min Dist 100 = 0.172 | Min Dist 1000 = 0.209 | Steps Per Second = 78.267 | Success = 1.000 | Success 1000 = 0.990
I0502 17:21:34.956002 139579566835264 terminal.py:91] [Evaluator] Actor Episodes = 52564 | Actor Steps = 2628200 | Delta Dist = 12.406 | Delta Dist 10 = 8.724 | Delta Dist 100 = 10.834 | Delta Dist 1000 = 10.986 | Episode Length = 50 | Episode Return = 7.0 | Evaluator Episodes = 13339 | Evaluator Steps = 666950 | Final Dist = 0.400 | Final Dist 10 = 4.082 | Final Dist 100 = 1.972 | Final Dist 1000 = 1.821 | Init Dist = 12.806 | Init Dist 10 = 12.806 | Init Dist 100 = 12.806 | Init Dist 1000 = 12.806 | Learner Steps = 40912 | Learner Walltime = 8119.007 | Min Dist = 0.207 | Min Dist 10 = 3.317 | Min Dist 100 = 1.281 | Min Dist 1000 = 1.130 | Steps Per Second = 80.157 | Success = 1.000 | Success 1000 = 0.791
I0502 17:21:36.223295 139579566835264 terminal.py:91] [Evaluator] Actor Episodes = 52572 | Actor Steps = 2628600 | Delta Dist = 12.587 | Delta Dist 10 = 9.191 | Delta Dist 100 = 10.843 | Delta Dist 1000 = 10.986 | Episode Length = 50 | Episode Return = 31.0 | Evaluator Episodes = 13341 | Evaluator Steps = 667050 | Final Dist = 0.220 | Final Dist 10 = 3.615 | Final Dist 100 = 1.963 | Final Dist 1000 = 1.821 | Init Dist = 12.806 | Init Dist 10 = 12.806 | Init Dist 100 = 12.806 | Init Dist 1000 = 12.806 | Learner Steps = 40918 | Learner Walltime = 8120.263 | Min Dist = 0.168 | Min Dist 10 = 2.799 | Min Dist 100 = 1.286 | Min Dist 1000 = 1.131 | Steps Per Second = 70.819 | Success = 1.000 | Success 1000 = 0.791
I0502 17:21:37.217200 139555860620864 terminal.py:91] [Actor] Actor Episodes = 52580 | Actor Steps = 2629000 | Delta Dist = 7.889 | Delta Dist 10 = 4.809 | Delta Dist 100 = 4.565 | Delta Dist 1000 = 4.413 | Episode Length = 50 | Episode Return = 44.0 | Evaluator Episodes = 13341 | Evaluator Steps = 667050 | Final Dist = 0.173 | Final Dist 10 = 1.214 | Final Dist 100 = 1.472 | Final Dist 1000 = 1.504 | Init Dist = 8.062 | Init Dist 10 = 6.023 | Init Dist 100 = 6.036 | Init Dist 1000 = 5.917 | Learner Steps = 40924 | Learner Walltime = 8121.409 | Min Dist = 0.038 | Min Dist 10 = 0.068 | Min Dist 100 = 0.175 | Min Dist 1000 = 0.206 | Steps Per Second = 94.614 | Success = 1.000 | Success 1000 = 0.990
I0502 17:21:37.508628 139579566835264 terminal.py:91] [Evaluator] Actor Episodes = 52580 | Actor Steps = 2629000 | Delta Dist = 6.214 | Delta Dist 10 = 9.880 | Delta Dist 100 = 10.789 | Delta Dist 1000 = 10.982 | Episode Length = 50 | Episode Return = 0.0 | Evaluator Episodes = 13343 | Evaluator Steps = 667150 | Final Dist = 6.592 | Final Dist 10 = 2.926 | Final Dist 100 = 2.017 | Final Dist 1000 = 1.825 | Init Dist = 12.806 | Init Dist 10 = 12.806 | Init Dist 100 = 12.806 | Init Dist 1000 = 12.806 | Learner Steps = 40924 | Learner Walltime = 8121.409 | Min Dist = 5.091 | Min Dist 10 = 2.315 | Min Dist 100 = 1.332 | Min Dist 1000 = 1.135 | Steps Per Second = 74.622 | Success = 0.000 | Success 1000 = 0.791
I0502 17:21:38.376621 139557462840896 terminal.py:91] [Actor] Actor Episodes = 52586 | Actor Steps = 2629300 | Delta Dist = 5.028 | Delta Dist 10 = 4.306 | Delta Dist 100 = 4.521 | Delta Dist 1000 = 4.409 | Episode Length = 50 | Episode Return = 37.0 | Evaluator Episodes = 13343 | Evaluator Steps = 667150 | Final Dist = 0.357 | Final Dist 10 = 0.899 | Final Dist 100 = 1.498 | Final Dist 1000 = 1.509 | Init Dist = 5.385 | Init Dist 10 = 5.206 | Init Dist 100 = 6.019 | Init Dist 1000 = 5.918 | Learner Steps = 40924 | Learner Walltime = 8121.409 | Min Dist = 0.170 | Min Dist 10 = 0.064 | Min Dist 100 = 0.172 | Min Dist 1000 = 0.206 | Steps Per Second = 84.745 | Success = 1.000 | Success 1000 = 0.990
I0502 17:21:38.636080 139579566835264 terminal.py:91] [Evaluator] Actor Episodes = 52588 | Actor Steps = 2629400 | Delta Dist = 11.490 | Delta Dist 10 = 10.292 | Delta Dist 100 = 10.736 | Delta Dist 1000 = 10.976 | Episode Length = 50 | Episode Return = 1.0 | Evaluator Episodes = 13345 | Evaluator Steps = 667250 | Final Dist = 1.316 | Final Dist 10 = 2.514 | Final Dist 100 = 2.070 | Final Dist 1000 = 1.830 | Init Dist = 12.806 | Init Dist 10 = 12.806 | Init Dist 100 = 12.806 | Init Dist 1000 = 12.806 | Learner Steps = 40929 | Learner Walltime = 8122.591 | Min Dist = 0.706 | Min Dist 10 = 1.831 | Min Dist 100 = 1.387 | Min Dist 1000 = 1.140 | Steps Per Second = 82.316 | Success = 1.000 | Success 1000 = 0.790
I0502 17:21:39.725203 139579566835264 terminal.py:91] [Evaluator] Actor Episodes = 52596 | Actor Steps = 2629800 | Delta Dist = 12.048 | Delta Dist 10 = 9.813 | Delta Dist 100 = 10.797 | Delta Dist 1000 = 10.970 | Episode Length = 50 | Episode Return = 16.0 | Evaluator Episodes = 13347 | Evaluator Steps = 667350 | Final Dist = 0.758 | Final Dist 10 = 2.993 | Final Dist 100 = 2.010 | Final Dist 1000 = 1.836 | Init Dist = 12.806 | Init Dist 10 = 12.806 | Init Dist 100 = 12.806 | Init Dist 1000 = 12.806 | Learner Steps = 40936 | Learner Walltime = 8123.754 | Min Dist = 0.419 | Min Dist 10 = 2.339 | Min Dist 100 = 1.342 | Min Dist 1000 = 1.145 | Steps Per Second = 98.188 | Success = 1.000 | Success 1000 = 0.789
I0502 17:21:39.947160 139569349502528 terminal.py:91] [Actor] Actor Episodes = 52593 | Actor Steps = 2629650 | Delta Dist = 4.903 | Delta Dist 10 = 4.216 | Delta Dist 100 = 4.506 | Delta Dist 1000 = 4.391 | Episode Length = 50 | Episode Return = 26.0 | Evaluator Episodes = 13345 | Evaluator Steps = 667250 | Final Dist = 1.097 | Final Dist 10 = 1.696 | Final Dist 100 = 1.544 | Final Dist 1000 = 1.521 | Init Dist = 6.000 | Init Dist 10 = 5.912 | Init Dist 100 = 6.049 | Init Dist 1000 = 5.912 | Learner Steps = 40929 | Learner Walltime = 8122.591 | Min Dist = 0.027 | Min Dist 10 = 0.938 | Min Dist 100 = 0.246 | Min Dist 1000 = 0.215 | Steps Per Second = 81.079 | Success = 1.000 | Success 1000 = 0.990
I0502 17:21:40.292455 139584504182336 lp_utils.py:96] StepsLimiter: Reached 2629900 recorded steps
I0502 17:21:40.745103 139555013154368 terminal.py:91] [Learner] Actor Episodes = 52600 | Actor Loss = 3.7307915687561035 | Actor Steps = 2630000 | Binary Accuracy = 0.9960305690765381 | Categorical Accuracy = 0.438232421875 | Critic Loss = 1.7280502319335938 | Entropy Mean = -24.11851692199707 | Evaluator Episodes = 13347 | Evaluator Steps = 667350 | Learner Steps = 40942 | Learner Walltime = 8124.941 | Logits Neg = -17.39466094970703 | Logits Pos = -1.6966679096221924 | Logsumexp = 1.183114767074585 | Steps Per Second = 249.278
I0502 17:21:40.931147 139579566835264 terminal.py:91] [Evaluator] Actor Episodes = 52602 | Actor Steps = 2630100 | Delta Dist = 11.682 | Delta Dist 10 = 10.181 | Delta Dist 100 = 10.847 | Delta Dist 1000 = 10.970 | Episode Length = 50 | Episode Return = 2.0 | Evaluator Episodes = 13349 | Evaluator Steps = 667450 | Final Dist = 1.125 | Final Dist 10 = 2.626 | Final Dist 100 = 1.959 | Final Dist 1000 = 1.836 | Init Dist = 12.806 | Init Dist 10 = 12.806 | Init Dist 100 = 12.806 | Init Dist 1000 = 12.806 | Learner Steps = 40942 | Learner Walltime = 8124.941 | Min Dist = 0.480 | Min Dist 10 = 1.838 | Min Dist 100 = 1.292 | Min Dist 1000 = 1.145 | Steps Per Second = 86.466 | Success = 1.000 | Success 1000 = 0.789
I0502 17:21:42.055755 139579566835264 terminal.py:91] [Evaluator] Actor Episodes = 52610 | Actor Steps = 2630500 | Delta Dist = 11.287 | Delta Dist 10 = 10.209 | Delta Dist 100 = 10.852 | Delta Dist 1000 = 10.972 | Episode Length = 50 | Episode Return = 7.0 | Evaluator Episodes = 13351 | Evaluator Steps = 667550 | Final Dist = 1.520 | Final Dist 10 = 2.597 | Final Dist 100 = 1.955 | Final Dist 1000 = 1.835 | Init Dist = 12.806 | Init Dist 10 = 12.806 | Init Dist 100 = 12.806 | Init Dist 1000 = 12.806 | Learner Steps = 40948 | Learner Walltime = 8126.171 | Min Dist = 0.087 | Min Dist 10 = 1.846 | Min Dist 100 = 1.296 | Min Dist 1000 = 1.144 | Steps Per Second = 85.912 | Success = 1.000 | Success 1000 = 0.790
I0502 17:21:43.244244 139579566835264 terminal.py:91] [Evaluator] Actor Episodes = 52618 | Actor Steps = 2630900 | Delta Dist = 11.933 | Delta Dist 10 = 10.614 | Delta Dist 100 = 10.852 | Delta Dist 1000 = 10.970 | Episode Length = 50 | Episode Return = 25.0 | Evaluator Episodes = 13353 | Evaluator Steps = 667650 | Final Dist = 0.873 | Final Dist 10 = 2.192 | Final Dist 100 = 1.954 | Final Dist 1000 = 1.836 | Init Dist = 12.806 | Init Dist 10 = 12.806 | Init Dist 100 = 12.806 | Init Dist 1000 = 12.806 | Learner Steps = 40954 | Learner Walltime = 8127.409 | Min Dist = 0.051 | Min Dist 10 = 1.309 | Min Dist 100 = 1.293 | Min Dist 1000 = 1.144 | Steps Per Second = 78.713 | Success = 1.000 | Success 1000 = 0.790
I0502 17:21:44.435846 139579566835264 terminal.py:91] [Evaluator] Actor Episodes = 52626 | Actor Steps = 2631300 | Delta Dist = 11.272 | Delta Dist 10 = 11.304 | Delta Dist 100 = 10.858 | Delta Dist 1000 = 10.970 | Episode Length = 50 | Episode Return = 26.0 | Evaluator Episodes = 13355 | Evaluator Steps = 667750 | Final Dist = 1.534 | Final Dist 10 = 1.502 | Final Dist 100 = 1.949 | Final Dist 1000 = 1.836 | Init Dist = 12.806 | Init Dist 10 = 12.806 | Init Dist 100 = 12.806 | Init Dist 1000 = 12.806 | Learner Steps = 40960 | Learner Walltime = 8128.591 | Min Dist = 0.065 | Min Dist 10 = 0.763 | Min Dist 100 = 1.291 | Min Dist 1000 = 1.143 | Steps Per Second = 85.314 | Success = 1.000 | Success 1000 = 0.790
I0502 17:21:44.936637 139558059398720 terminal.py:91] [Actor] Actor Episodes = 52630 | Actor Steps = 2631500 | Delta Dist = 3.794 | Delta Dist 10 = 4.382 | Delta Dist 100 = 4.426 | Delta Dist 1000 = 4.403 | Episode Length = 50 | Episode Return = 28.0 | Evaluator Episodes = 13355 | Evaluator Steps = 667750 | Final Dist = 1.305 | Final Dist 10 = 0.778 | Final Dist 100 = 1.482 | Final Dist 1000 = 1.506 | Init Dist = 5.099 | Init Dist 10 = 5.160 | Init Dist 100 = 5.908 | Init Dist 1000 = 5.909 | Learner Steps = 40960 | Learner Walltime = 8128.591 | Min Dist = 0.272 | Min Dist 10 = 0.074 | Min Dist 100 = 0.235 | Min Dist 1000 = 0.214 | Steps Per Second = 84.204 | Success = 1.000 | Success 1000 = 0.990
I0502 17:21:45.591475 139579566835264 terminal.py:91] [Evaluator] Actor Episodes = 52634 | Actor Steps = 2631700 | Delta Dist = 12.112 | Delta Dist 10 = 11.769 | Delta Dist 100 = 10.907 | Delta Dist 1000 = 10.970 | Episode Length = 50 | Episode Return = 28.0 | Evaluator Episodes = 13357 | Evaluator Steps = 667850 | Final Dist = 0.694 | Final Dist 10 = 1.038 | Final Dist 100 = 1.899 | Final Dist 1000 = 1.836 | Init Dist = 12.806 | Init Dist 10 = 12.806 | Init Dist 100 = 12.806 | Init Dist 1000 = 12.806 | Learner Steps = 40960 | Learner Walltime = 8128.591 | Min Dist = 0.441 | Min Dist 10 = 0.197 | Min Dist 100 = 1.243 | Min Dist 1000 = 1.143 | Steps Per Second = 83.444 | Success = 1.000 | Success 1000 = 0.790
I0502 17:21:46.768831 139579566835264 terminal.py:91] [Evaluator] Actor Episodes = 52640 | Actor Steps = 2632000 | Delta Dist = 11.137 | Delta Dist 10 = 11.839 | Delta Dist 100 = 10.918 | Delta Dist 1000 = 10.970 | Episode Length = 50 | Episode Return = 8.0 | Evaluator Episodes = 13359 | Evaluator Steps = 667950 | Final Dist = 1.669 | Final Dist 10 = 0.968 | Final Dist 100 = 1.888 | Final Dist 1000 = 1.837 | Init Dist = 12.806 | Init Dist 10 = 12.806 | Init Dist 100 = 12.806 | Init Dist 1000 = 12.806 | Learner Steps = 40972 | Learner Walltime = 8130.817 | Min Dist = 0.176 | Min Dist 10 = 0.207 | Min Dist 100 = 1.245 | Min Dist 1000 = 1.143 | Steps Per Second = 87.280 | Success = 1.000 | Success 1000 = 0.790
I0502 17:21:47.667312 139555860620864 terminal.py:91] [Actor] Actor Episodes = 52645 | Actor Steps = 2632250 | Delta Dist = 3.043 | Delta Dist 10 = 2.711 | Delta Dist 100 = 4.202 | Delta Dist 1000 = 4.383 | Episode Length = 50 | Episode Return = 34.0 | Evaluator Episodes = 13359 | Evaluator Steps = 667950 | Final Dist = 0.562 | Final Dist 10 = 2.734 | Final Dist 100 = 1.737 | Final Dist 1000 = 1.525 | Init Dist = 3.606 | Init Dist 10 = 5.445 | Init Dist 100 = 5.939 | Init Dist 1000 = 5.907 | Learner Steps = 40972 | Learner Walltime = 8130.817 | Min Dist = 0.205 | Min Dist 10 = 0.124 | Min Dist 100 = 0.177 | Min Dist 1000 = 0.215 | Steps Per Second = 71.742 | Success = 1.000 | Success 1000 = 0.990
I0502 17:21:48.032373 139579566835264 terminal.py:91] [Evaluator] Actor Episodes = 52648 | Actor Steps = 2632400 | Delta Dist = 11.493 | Delta Dist 10 = 11.780 | Delta Dist 100 = 10.907 | Delta Dist 1000 = 10.970 | Episode Length = 50 | Episode Return = 9.0 | Evaluator Episodes = 13361 | Evaluator Steps = 668050 | Final Dist = 1.313 | Final Dist 10 = 1.026 | Final Dist 100 = 1.899 | Final Dist 1000 = 1.837 | Init Dist = 12.806 | Init Dist 10 = 12.806 | Init Dist 100 = 12.806 | Init Dist 1000 = 12.806 | Learner Steps = 40977 | Learner Walltime = 8131.823 | Min Dist = 0.377 | Min Dist 10 = 0.143 | Min Dist 100 = 1.246 | Min Dist 1000 = 1.143 | Steps Per Second = 92.546 | Success = 1.000 | Success 1000 = 0.790
I0502 17:21:48.655734 139557462840896 terminal.py:91] [Actor] Actor Episodes = 52649 | Actor Steps = 2632450 | Delta Dist = 5.249 | Delta Dist 10 = 4.542 | Delta Dist 100 = 4.224 | Delta Dist 1000 = 4.392 | Episode Length = 50 | Episode Return = 27.0 | Evaluator Episodes = 13359 | Evaluator Steps = 667950 | Final Dist = 1.155 | Final Dist 10 = 0.660 | Final Dist 100 = 1.669 | Final Dist 1000 = 1.523 | Init Dist = 6.403 | Init Dist 10 = 5.201 | Init Dist 100 = 5.893 | Init Dist 1000 = 5.915 | Learner Steps = 40977 | Learner Walltime = 8131.823 | Min Dist = 0.052 | Min Dist 10 = 0.109 | Min Dist 100 = 0.178 | Min Dist 1000 = 0.215 | Steps Per Second = 74.162 | Success = 1.000 | Success 1000 = 0.990
I0502 17:21:48.857297 139583350109760 savers.py:156] Saving checkpoint: logs/contrastive_cpc_point_FourRooms_64/5dd72662-2788-11f0-b183-d85ed38c5779/checkpoints/learner
I0502 17:21:49.331290 139579566835264 terminal.py:91] [Evaluator] Actor Episodes = 52654 | Actor Steps = 2632700 | Delta Dist = 11.208 | Delta Dist 10 = 11.837 | Delta Dist 100 = 10.903 | Delta Dist 1000 = 10.969 | Episode Length = 50 | Episode Return = 16.0 | Evaluator Episodes = 13363 | Evaluator Steps = 668150 | Final Dist = 1.598 | Final Dist 10 = 0.969 | Final Dist 100 = 1.903 | Final Dist 1000 = 1.837 | Init Dist = 12.806 | Init Dist 10 = 12.806 | Init Dist 100 = 12.806 | Init Dist 1000 = 12.806 | Learner Steps = 40982 | Learner Walltime = 8133.061 | Min Dist = 0.104 | Min Dist 10 = 0.194 | Min Dist 100 = 1.244 | Min Dist 1000 = 1.143 | Steps Per Second = 70.066 | Success = 1.000 | Success 1000 = 0.790
I0502 17:21:50.261318 139569349502528 terminal.py:91] [Actor] Actor Episodes = 52661 | Actor Steps = 2633050 | Delta Dist = 8.611 | Delta Dist 10 = 2.956 | Delta Dist 100 = 4.180 | Delta Dist 1000 = 4.359 | Episode Length = 50 | Episode Return = 21.0 | Evaluator Episodes = 13363 | Evaluator Steps = 668150 | Final Dist = 0.445 | Final Dist 10 = 2.587 | Final Dist 100 = 1.695 | Final Dist 1000 = 1.537 | Init Dist = 9.055 | Init Dist 10 = 5.543 | Init Dist 100 = 5.875 | Init Dist 1000 = 5.896 | Learner Steps = 40982 | Learner Walltime = 8133.061 | Min Dist = 0.087 | Min Dist 10 = 0.216 | Min Dist 100 = 0.193 | Min Dist 1000 = 0.216 | Steps Per Second = 77.639 | Success = 1.000 | Success 1000 = 0.989
I0502 17:21:50.306615 139584504182336 lp_utils.py:96] StepsLimiter: Reached 2633100 recorded steps
I0502 17:21:50.473661 139579566835264 terminal.py:91] [Evaluator] Actor Episodes = 52662 | Actor Steps = 2633100 | Delta Dist = 11.470 | Delta Dist 10 = 11.768 | Delta Dist 100 = 10.911 | Delta Dist 1000 = 10.969 | Episode Length = 50 | Episode Return = 21.0 | Evaluator Episodes = 13365 | Evaluator Steps = 668250 | Final Dist = 1.336 | Final Dist 10 = 1.039 | Final Dist 100 = 1.896 | Final Dist 1000 = 1.837 | Init Dist = 12.806 | Init Dist 10 = 12.806 | Init Dist 100 = 12.806 | Init Dist 1000 = 12.806 | Learner Steps = 40988 | Learner Walltime = 8134.287 | Min Dist = 0.580 | Min Dist 10 = 0.210 | Min Dist 100 = 1.238 | Min Dist 1000 = 1.143 | Steps Per Second = 94.387 | Success = 1.000 | Success 1000 = 0.790
I0502 17:21:51.312272 139555013154368 terminal.py:91] [Learner] Actor Episodes = 52671 | Actor Loss = 3.8348464965820312 | Actor Steps = 2633550 | Binary Accuracy = 0.99609375 | Categorical Accuracy = 0.434326171875 | Critic Loss = 1.7236638069152832 | Entropy Mean = -22.072574615478516 | Evaluator Episodes = 13365 | Evaluator Steps = 668250 | Learner Steps = 40993 | Learner Walltime = 8135.508 | Logits Neg = -17.504249572753906 | Logits Pos = -1.7333662509918213 | Logsumexp = 1.043944239616394 | Steps Per Second = 104.874
I0502 17:21:51.652414 139579566835264 terminal.py:91] [Evaluator] Actor Episodes = 52671 | Actor Steps = 2633550 | Delta Dist = 11.875 | Delta Dist 10 = 11.773 | Delta Dist 100 = 10.891 | Delta Dist 1000 = 10.967 | Episode Length = 50 | Episode Return = 2.0 | Evaluator Episodes = 13367 | Evaluator Steps = 668350 | Final Dist = 0.931 | Final Dist 10 = 1.033 | Final Dist 100 = 1.915 | Final Dist 1000 = 1.839 | Init Dist = 12.806 | Init Dist 10 = 12.806 | Init Dist 100 = 12.806 | Init Dist 1000 = 12.806 | Learner Steps = 40993 | Learner Walltime = 8135.508 | Min Dist = 0.889 | Min Dist 10 = 0.242 | Min Dist 100 = 1.242 | Min Dist 1000 = 1.144 | Steps Per Second = 84.378 | Success = 1.000 | Success 1000 = 0.790
I0502 17:21:52.852183 139579566835264 terminal.py:91] [Evaluator] Actor Episodes = 52679 | Actor Steps = 2633950 | Delta Dist = 11.373 | Delta Dist 10 = 11.791 | Delta Dist 100 = 10.901 | Delta Dist 1000 = 10.967 | Episode Length = 50 | Episode Return = 15.0 | Evaluator Episodes = 13369 | Evaluator Steps = 668450 | Final Dist = 1.433 | Final Dist 10 = 1.015 | Final Dist 100 = 1.906 | Final Dist 1000 = 1.839 | Init Dist = 12.806 | Init Dist 10 = 12.806 | Init Dist 100 = 12.806 | Init Dist 1000 = 12.806 | Learner Steps = 41001 | Learner Walltime = 8136.760 | Min Dist = 0.305 | Min Dist 10 = 0.298 | Min Dist 100 = 1.247 | Min Dist 1000 = 1.145 | Steps Per Second = 84.697 | Success = 1.000 | Success 1000 = 0.790
I0502 17:21:54.055347 139579566835264 terminal.py:91] [Evaluator] Actor Episodes = 52687 | Actor Steps = 2634350 | Delta Dist = 11.741 | Delta Dist 10 = 11.849 | Delta Dist 100 = 10.908 | Delta Dist 1000 = 10.967 | Episode Length = 50 | Episode Return = 5.0 | Evaluator Episodes = 13371 | Evaluator Steps = 668550 | Final Dist = 1.065 | Final Dist 10 = 0.958 | Final Dist 100 = 1.898 | Final Dist 1000 = 1.839 | Init Dist = 12.806 | Init Dist 10 = 12.806 | Init Dist 100 = 12.806 | Init Dist 1000 = 12.806 | Learner Steps = 41008 | Learner Walltime = 8138.032 | Min Dist = 0.240 | Min Dist 10 = 0.313 | Min Dist 100 = 1.248 | Min Dist 1000 = 1.145 | Steps Per Second = 86.116 | Success = 1.000 | Success 1000 = 0.790
I0502 17:21:54.957625 139558059398720 terminal.py:91] [Actor] Actor Episodes = 52695 | Actor Steps = 2634750 | Delta Dist = 6.429 | Delta Dist 10 = 3.322 | Delta Dist 100 = 4.024 | Delta Dist 1000 = 4.324 | Episode Length = 50 | Episode Return = 42.0 | Evaluator Episodes = 13371 | Evaluator Steps = 668550 | Final Dist = 0.782 | Final Dist 10 = 1.091 | Final Dist 100 = 1.726 | Final Dist 1000 = 1.561 | Init Dist = 7.211 | Init Dist 10 = 4.414 | Init Dist 100 = 5.750 | Init Dist 1000 = 5.884 | Learner Steps = 41008 | Learner Walltime = 8138.032 | Min Dist = 0.085 | Min Dist 10 = 0.150 | Min Dist 100 = 0.217 | Min Dist 1000 = 0.226 | Steps Per Second = 84.579 | Success = 1.000 | Success 1000 = 0.988
I0502 17:21:55.267512 139579566835264 terminal.py:91] [Evaluator] Actor Episodes = 52695 | Actor Steps = 2634750 | Delta Dist = 11.611 | Delta Dist 10 = 11.930 | Delta Dist 100 = 10.914 | Delta Dist 1000 = 10.968 | Episode Length = 50 | Episode Return = 24.0 | Evaluator Episodes = 13373 | Evaluator Steps = 668650 | Final Dist = 1.195 | Final Dist 10 = 0.876 | Final Dist 100 = 1.892 | Final Dist 1000 = 1.839 | Init Dist = 12.806 | Init Dist 10 = 12.806 | Init Dist 100 = 12.806 | Init Dist 1000 = 12.806 | Learner Steps = 41014 | Learner Walltime = 8139.199 | Min Dist = 0.175 | Min Dist 10 = 0.289 | Min Dist 100 = 1.245 | Min Dist 1000 = 1.144 | Steps Per Second = 86.498 | Success = 1.000 | Success 1000 = 0.790
I0502 17:21:56.533316 139579566835264 terminal.py:91] [Evaluator] Actor Episodes = 52703 | Actor Steps = 2635150 | Delta Dist = 11.776 | Delta Dist 10 = 11.918 | Delta Dist 100 = 10.903 | Delta Dist 1000 = 10.967 | Episode Length = 50 | Episode Return = 6.0 | Evaluator Episodes = 13375 | Evaluator Steps = 668750 | Final Dist = 1.031 | Final Dist 10 = 0.888 | Final Dist 100 = 1.903 | Final Dist 1000 = 1.839 | Init Dist = 12.806 | Init Dist 10 = 12.806 | Init Dist 100 = 12.806 | Init Dist 1000 = 12.806 | Learner Steps = 41019 | Learner Walltime = 8140.478 | Min Dist = 0.882 | Min Dist 10 = 0.299 | Min Dist 100 = 1.244 | Min Dist 1000 = 1.144 | Steps Per Second = 78.864 | Success = 1.000 | Success 1000 = 0.790
I0502 17:21:57.853349 139579566835264 terminal.py:91] [Evaluator] Actor Episodes = 52711 | Actor Steps = 2635550 | Delta Dist = 12.463 | Delta Dist 10 = 12.053 | Delta Dist 100 = 10.907 | Delta Dist 1000 = 10.969 | Episode Length = 50 | Episode Return = 18.0 | Evaluator Episodes = 13377 | Evaluator Steps = 668850 | Final Dist = 0.343 | Final Dist 10 = 0.754 | Final Dist 100 = 1.899 | Final Dist 1000 = 1.837 | Init Dist = 12.806 | Init Dist 10 = 12.806 | Init Dist 100 = 12.806 | Init Dist 1000 = 12.806 | Learner Steps = 41026 | Learner Walltime = 8141.791 | Min Dist = 0.030 | Min Dist 10 = 0.348 | Min Dist 100 = 1.253 | Min Dist 1000 = 1.145 | Steps Per Second = 74.454 | Success = 1.000 | Success 1000 = 0.790
I0502 17:21:58.195384 139555860620864 terminal.py:91] [Actor] Actor Episodes = 52710 | Actor Steps = 2635500 | Delta Dist = 6.770 | Delta Dist 10 = 4.665 | Delta Dist 100 = 4.147 | Delta Dist 1000 = 4.335 | Episode Length = 50 | Episode Return = 30.0 | Evaluator Episodes = 13375 | Evaluator Steps = 668750 | Final Dist = 1.476 | Final Dist 10 = 1.699 | Final Dist 100 = 1.714 | Final Dist 1000 = 1.570 | Init Dist = 8.246 | Init Dist 10 = 6.364 | Init Dist 100 = 5.861 | Init Dist 1000 = 5.905 | Learner Steps = 41019 | Learner Walltime = 8140.478 | Min Dist = 1.252 | Min Dist 10 = 0.145 | Min Dist 100 = 0.227 | Min Dist 1000 = 0.227 | Steps Per Second = 71.220 | Success = 0.000 | Success 1000 = 0.989
I0502 17:21:58.741846 139557462840896 terminal.py:91] [Actor] Actor Episodes = 52714 | Actor Steps = 2635700 | Delta Dist = 0.187 | Delta Dist 10 = 3.882 | Delta Dist 100 = 4.081 | Delta Dist 1000 = 4.336 | Episode Length = 50 | Episode Return = 17.0 | Evaluator Episodes = 13377 | Evaluator Steps = 668850 | Final Dist = 1.227 | Final Dist 10 = 2.867 | Final Dist 100 = 1.782 | Final Dist 1000 = 1.572 | Init Dist = 1.414 | Init Dist 10 = 6.749 | Init Dist 100 = 5.864 | Init Dist 1000 = 5.908 | Learner Steps = 41026 | Learner Walltime = 8141.791 | Min Dist = 0.091 | Min Dist 10 = 0.249 | Min Dist 100 = 0.236 | Min Dist 1000 = 0.228 | Steps Per Second = 87.847 | Success = 1.000 | Success 1000 = 0.989
I0502 17:21:59.158462 139579566835264 terminal.py:91] [Evaluator] Actor Episodes = 52719 | Actor Steps = 2635950 | Delta Dist = 11.084 | Delta Dist 10 = 12.016 | Delta Dist 100 = 10.937 | Delta Dist 1000 = 10.970 | Episode Length = 50 | Episode Return = 15.0 | Evaluator Episodes = 13379 | Evaluator Steps = 668950 | Final Dist = 1.723 | Final Dist 10 = 0.790 | Final Dist 100 = 1.869 | Final Dist 1000 = 1.837 | Init Dist = 12.806 | Init Dist 10 = 12.806 | Init Dist 100 = 12.806 | Init Dist 1000 = 12.806 | Learner Steps = 41032 | Learner Walltime = 8143.087 | Min Dist = 0.156 | Min Dist 10 = 0.254 | Min Dist 100 = 1.212 | Min Dist 1000 = 1.145 | Steps Per Second = 82.187 | Success = 1.000 | Success 1000 = 0.790
I0502 17:22:00.327846 139584504182336 lp_utils.py:96] StepsLimiter: Reached 2636350 recorded steps
I0502 17:22:00.434633 139579566835264 terminal.py:91] [Evaluator] Actor Episodes = 52727 | Actor Steps = 2636350 | Delta Dist = 12.507 | Delta Dist 10 = 11.926 | Delta Dist 100 = 10.987 | Delta Dist 1000 = 10.970 | Episode Length = 50 | Episode Return = 25.0 | Evaluator Episodes = 13381 | Evaluator Steps = 669050 | Final Dist = 0.299 | Final Dist 10 = 0.881 | Final Dist 100 = 1.819 | Final Dist 1000 = 1.837 | Init Dist = 12.806 | Init Dist 10 = 12.806 | Init Dist 100 = 12.806 | Init Dist 1000 = 12.806 | Learner Steps = 41039 | Learner Walltime = 8144.273 | Min Dist = 0.108 | Min Dist 10 = 0.256 | Min Dist 100 = 1.159 | Min Dist 1000 = 1.144 | Steps Per Second = 76.995 | Success = 1.000 | Success 1000 = 0.790
I0502 17:22:00.896901 139569349502528 terminal.py:91] [Actor] Actor Episodes = 52731 | Actor Steps = 2636550 | Delta Dist = 4.111 | Delta Dist 10 = 3.646 | Delta Dist 100 = 3.981 | Delta Dist 1000 = 4.333 | Episode Length = 50 | Episode Return = 21.0 | Evaluator Episodes = 13381 | Evaluator Steps = 669050 | Final Dist = 1.274 | Final Dist 10 = 1.017 | Final Dist 100 = 1.706 | Final Dist 1000 = 1.558 | Init Dist = 5.385 | Init Dist 10 = 4.663 | Init Dist 100 = 5.687 | Init Dist 1000 = 5.891 | Learner Steps = 41039 | Learner Walltime = 8144.273 | Min Dist = 0.044 | Min Dist 10 = 0.097 | Min Dist 100 = 0.229 | Min Dist 1000 = 0.227 | Steps Per Second = 79.232 | Success = 1.000 | Success 1000 = 0.989
I0502 17:22:01.331956 139555013154368 terminal.py:91] [Learner] Actor Episodes = 52733 | Actor Loss = 3.7277965545654297 | Actor Steps = 2636650 | Binary Accuracy = 0.9959218502044678 | Categorical Accuracy = 0.40411376953125 | Critic Loss = 1.7998754978179932 | Entropy Mean = -23.20049285888672 | Evaluator Episodes = 13381 | Evaluator Steps = 669050 | Learner Steps = 41044 | Learner Walltime = 8145.530 | Logits Neg = -17.150470733642578 | Logits Pos = -1.781867504119873 | Logsumexp = 1.2353750467300415 | Steps Per Second = 190.889
I0502 17:22:01.765261 139579566835264 terminal.py:91] [Evaluator] Actor Episodes = 52735 | Actor Steps = 2636750 | Delta Dist = 12.481 | Delta Dist 10 = 11.973 | Delta Dist 100 = 11.005 | Delta Dist 1000 = 10.971 | Episode Length = 50 | Episode Return = 30.0 | Evaluator Episodes = 13383 | Evaluator Steps = 669150 | Final Dist = 0.325 | Final Dist 10 = 0.833 | Final Dist 100 = 1.801 | Final Dist 1000 = 1.835 | Init Dist = 12.806 | Init Dist 10 = 12.806 | Init Dist 100 = 12.806 | Init Dist 1000 = 12.806 | Learner Steps = 41044 | Learner Walltime = 8145.530 | Min Dist = 0.022 | Min Dist 10 = 0.225 | Min Dist 100 = 1.157 | Min Dist 1000 = 1.143 | Steps Per Second = 79.640 | Success = 1.000 | Success 1000 = 0.791
I0502 17:22:02.925200 139579566835264 terminal.py:91] [Evaluator] Actor Episodes = 52743 | Actor Steps = 2637150 | Delta Dist = 11.427 | Delta Dist 10 = 12.099 | Delta Dist 100 = 11.013 | Delta Dist 1000 = 10.972 | Episode Length = 50 | Episode Return = 1.0 | Evaluator Episodes = 13385 | Evaluator Steps = 669250 | Final Dist = 1.379 | Final Dist 10 = 0.707 | Final Dist 100 = 1.793 | Final Dist 1000 = 1.834 | Init Dist = 12.806 | Init Dist 10 = 12.806 | Init Dist 100 = 12.806 | Init Dist 1000 = 12.806 | Learner Steps = 41051 | Learner Walltime = 8146.762 | Min Dist = 0.438 | Min Dist 10 = 0.197 | Min Dist 100 = 1.156 | Min Dist 1000 = 1.142 | Steps Per Second = 93.971 | Success = 1.000 | Success 1000 = 0.791
I0502 17:22:04.105628 139579566835264 terminal.py:91] [Evaluator] Actor Episodes = 52751 | Actor Steps = 2637550 | Delta Dist = 11.183 | Delta Dist 10 = 12.055 | Delta Dist 100 = 11.091 | Delta Dist 1000 = 10.972 | Episode Length = 50 | Episode Return = 18.0 | Evaluator Episodes = 13387 | Evaluator Steps = 669350 | Final Dist = 1.624 | Final Dist 10 = 0.752 | Final Dist 100 = 1.715 | Final Dist 1000 = 1.834 | Init Dist = 12.806 | Init Dist 10 = 12.806 | Init Dist 100 = 12.806 | Init Dist 1000 = 12.806 | Learner Steps = 41057 | Learner Walltime = 8147.943 | Min Dist = 0.365 | Min Dist 10 = 0.131 | Min Dist 100 = 1.071 | Min Dist 1000 = 1.141 | Steps Per Second = 84.698 | Success = 1.000 | Success 1000 = 0.792
I0502 17:22:05.395793 139579566835264 terminal.py:91] [Evaluator] Actor Episodes = 52759 | Actor Steps = 2637950 | Delta Dist = 12.498 | Delta Dist 10 = 12.053 | Delta Dist 100 = 11.145 | Delta Dist 1000 = 10.972 | Episode Length = 50 | Episode Return = 24.0 | Evaluator Episodes = 13389 | Evaluator Steps = 669450 | Final Dist = 0.308 | Final Dist 10 = 0.753 | Final Dist 100 = 1.662 | Final Dist 1000 = 1.834 | Init Dist = 12.806 | Init Dist 10 = 12.806 | Init Dist 100 = 12.806 | Init Dist 1000 = 12.806 | Learner Steps = 41063 | Learner Walltime = 8149.191 | Min Dist = 0.234 | Min Dist 10 = 0.153 | Min Dist 100 = 1.020 | Min Dist 1000 = 1.141 | Steps Per Second = 71.640 | Success = 1.000 | Success 1000 = 0.792
I0502 17:22:05.493332 139558059398720 terminal.py:91] [Actor] Actor Episodes = 52758 | Actor Steps = 2637900 | Delta Dist = 5.856 | Delta Dist 10 = 4.774 | Delta Dist 100 = 4.160 | Delta Dist 1000 = 4.341 | Episode Length = 50 | Episode Return = 22.0 | Evaluator Episodes = 13387 | Evaluator Steps = 669350 | Final Dist = 0.144 | Final Dist 10 = 2.166 | Final Dist 100 = 1.707 | Final Dist 1000 = 1.579 | Init Dist = 6.000 | Init Dist 10 = 6.940 | Init Dist 100 = 5.867 | Init Dist 1000 = 5.919 | Learner Steps = 41057 | Learner Walltime = 8147.943 | Min Dist = 0.004 | Min Dist 10 = 0.090 | Min Dist 100 = 0.227 | Min Dist 1000 = 0.228 | Steps Per Second = 78.949 | Success = 1.000 | Success 1000 = 0.989
I0502 17:22:06.665540 139579566835264 terminal.py:91] [Evaluator] Actor Episodes = 52767 | Actor Steps = 2638350 | Delta Dist = 12.639 | Delta Dist 10 = 12.126 | Delta Dist 100 = 11.140 | Delta Dist 1000 = 10.972 | Episode Length = 50 | Episode Return = 31.0 | Evaluator Episodes = 13391 | Evaluator Steps = 669550 | Final Dist = 0.167 | Final Dist 10 = 0.680 | Final Dist 100 = 1.666 | Final Dist 1000 = 1.834 | Init Dist = 12.806 | Init Dist 10 = 12.806 | Init Dist 100 = 12.806 | Init Dist 1000 = 12.806 | Learner Steps = 41070 | Learner Walltime = 8150.474 | Min Dist = 0.092 | Min Dist 10 = 0.157 | Min Dist 100 = 1.020 | Min Dist 1000 = 1.141 | Steps Per Second = 79.504 | Success = 1.000 | Success 1000 = 0.792
I0502 17:22:07.976091 139579566835264 terminal.py:91] [Evaluator] Actor Episodes = 52775 | Actor Steps = 2638750 | Delta Dist = 11.096 | Delta Dist 10 = 11.576 | Delta Dist 100 = 11.093 | Delta Dist 1000 = 10.968 | Episode Length = 50 | Episode Return = 0.0 | Evaluator Episodes = 13393 | Evaluator Steps = 669650 | Final Dist = 1.710 | Final Dist 10 = 1.230 | Final Dist 100 = 1.714 | Final Dist 1000 = 1.838 | Init Dist = 12.806 | Init Dist 10 = 12.806 | Init Dist 100 = 12.806 | Init Dist 1000 = 12.806 | Learner Steps = 41076 | Learner Walltime = 8151.713 | Min Dist = 1.105 | Min Dist 10 = 0.740 | Min Dist 100 = 1.078 | Min Dist 1000 = 1.147 | Steps Per Second = 78.241 | Success = 0.000 | Success 1000 = 0.791
I0502 17:22:08.246766 139555860620864 terminal.py:91] [Actor] Actor Episodes = 52776 | Actor Steps = 2638800 | Delta Dist = 10.171 | Delta Dist 10 = 4.296 | Delta Dist 100 = 4.176 | Delta Dist 1000 = 4.352 | Episode Length = 50 | Episode Return = 42.0 | Evaluator Episodes = 13391 | Evaluator Steps = 669550 | Final Dist = 0.645 | Final Dist 10 = 1.293 | Final Dist 100 = 1.630 | Final Dist 1000 = 1.590 | Init Dist = 10.817 | Init Dist 10 = 5.590 | Init Dist 100 = 5.806 | Init Dist 1000 = 5.943 | Learner Steps = 41076 | Learner Walltime = 8151.713 | Min Dist = 0.062 | Min Dist 10 = 0.120 | Min Dist 100 = 0.124 | Min Dist 1000 = 0.228 | Steps Per Second = 79.087 | Success = 1.000 | Success 1000 = 0.989
I0502 17:22:09.109567 139557462840896 terminal.py:91] [Actor] Actor Episodes = 52785 | Actor Steps = 2639250 | Delta Dist = 4.780 | Delta Dist 10 = 4.926 | Delta Dist 100 = 4.322 | Delta Dist 1000 = 4.340 | Episode Length = 50 | Episode Return = 38.0 | Evaluator Episodes = 13393 | Evaluator Steps = 669650 | Final Dist = 0.220 | Final Dist 10 = 0.587 | Final Dist 100 = 1.481 | Final Dist 1000 = 1.592 | Init Dist = 5.000 | Init Dist 10 = 5.513 | Init Dist 100 = 5.802 | Init Dist 1000 = 5.932 | Learner Steps = 41083 | Learner Walltime = 8153.189 | Min Dist = 0.021 | Min Dist 10 = 0.115 | Min Dist 100 = 0.114 | Min Dist 1000 = 0.227 | Steps Per Second = 105.032 | Success = 1.000 | Success 1000 = 0.989
I0502 17:22:09.189337 139579566835264 terminal.py:91] [Evaluator] Actor Episodes = 52785 | Actor Steps = 2639250 | Delta Dist = 12.582 | Delta Dist 10 = 11.338 | Delta Dist 100 = 11.075 | Delta Dist 1000 = 10.966 | Episode Length = 50 | Episode Return = 10.0 | Evaluator Episodes = 13395 | Evaluator Steps = 669750 | Final Dist = 0.224 | Final Dist 10 = 1.468 | Final Dist 100 = 1.732 | Final Dist 1000 = 1.840 | Init Dist = 12.806 | Init Dist 10 = 12.806 | Init Dist 100 = 12.806 | Init Dist 1000 = 12.806 | Learner Steps = 41083 | Learner Walltime = 8153.189 | Min Dist = 0.078 | Min Dist 10 = 0.933 | Min Dist 100 = 1.091 | Min Dist 1000 = 1.148 | Steps Per Second = 79.838 | Success = 1.000 | Success 1000 = 0.790
I0502 17:22:10.348140 139584504182336 lp_utils.py:96] StepsLimiter: Reached 2639550 recorded steps
I0502 17:22:10.413620 139579566835264 terminal.py:91] [Evaluator] Actor Episodes = 52793 | Actor Steps = 2639650 | Delta Dist = 12.500 | Delta Dist 10 = 11.340 | Delta Dist 100 = 11.066 | Delta Dist 1000 = 10.966 | Episode Length = 50 | Episode Return = 18.0 | Evaluator Episodes = 13397 | Evaluator Steps = 669850 | Final Dist = 0.306 | Final Dist 10 = 1.466 | Final Dist 100 = 1.740 | Final Dist 1000 = 1.840 | Init Dist = 12.806 | Init Dist 10 = 12.806 | Init Dist 100 = 12.806 | Init Dist 1000 = 12.806 | Learner Steps = 41090 | Learner Walltime = 8154.533 | Min Dist = 0.306 | Min Dist 10 = 0.934 | Min Dist 100 = 1.091 | Min Dist 1000 = 1.148 | Steps Per Second = 86.420 | Success = 1.000 | Success 1000 = 0.790
I0502 17:22:11.313827 139569349502528 terminal.py:91] [Actor] Actor Episodes = 52796 | Actor Steps = 2639800 | Delta Dist = 5.744 | Delta Dist 10 = 4.166 | Delta Dist 100 = 4.364 | Delta Dist 1000 = 4.368 | Episode Length = 50 | Episode Return = 43.0 | Evaluator Episodes = 13397 | Evaluator Steps = 669850 | Final Dist = 0.339 | Final Dist 10 = 1.523 | Final Dist 100 = 1.501 | Final Dist 1000 = 1.581 | Init Dist = 6.083 | Init Dist 10 = 5.689 | Init Dist 100 = 5.865 | Init Dist 1000 = 5.949 | Learner Steps = 41090 | Learner Walltime = 8154.533 | Min Dist = 0.009 | Min Dist 10 = 0.065 | Min Dist 100 = 0.106 | Min Dist 1000 = 0.219 | Steps Per Second = 84.442 | Success = 1.000 | Success 1000 = 0.989
I0502 17:22:11.447724 139555013154368 terminal.py:91] [Learner] Actor Episodes = 52797 | Actor Loss = 3.7414276599884033 | Actor Steps = 2639850 | Binary Accuracy = 0.9960746765136719 | Categorical Accuracy = 0.42901611328125 | Critic Loss = 1.7201496362686157 | Entropy Mean = -20.62847900390625 | Evaluator Episodes = 13397 | Evaluator Steps = 669850 | Learner Steps = 41096 | Learner Walltime = 8155.644 | Logits Neg = -17.71011734008789 | Logits Pos = -1.691187858581543 | Logsumexp = 1.0693154335021973 | Steps Per Second = 206.407
I0502 17:22:11.656344 139579566835264 terminal.py:91] [Evaluator] Actor Episodes = 52801 | Actor Steps = 2640050 | Delta Dist = 11.774 | Delta Dist 10 = 11.443 | Delta Dist 100 = 11.122 | Delta Dist 1000 = 10.969 | Episode Length = 50 | Episode Return = 0.0 | Evaluator Episodes = 13399 | Evaluator Steps = 669950 | Final Dist = 1.033 | Final Dist 10 = 1.364 | Final Dist 100 = 1.684 | Final Dist 1000 = 1.837 | Init Dist = 12.806 | Init Dist 10 = 12.806 | Init Dist 100 = 12.806 | Init Dist 1000 = 12.806 | Learner Steps = 41096 | Learner Walltime = 8155.644 | Min Dist = 1.033 | Min Dist 10 = 0.958 | Min Dist 100 = 1.044 | Min Dist 1000 = 1.147 | Steps Per Second = 76.447 | Success = 0.000 | Success 1000 = 0.791
I0502 17:22:12.803002 139579566835264 terminal.py:91] [Evaluator] Actor Episodes = 52807 | Actor Steps = 2640350 | Delta Dist = 10.230 | Delta Dist 10 = 11.366 | Delta Dist 100 = 11.112 | Delta Dist 1000 = 10.970 | Episode Length = 50 | Episode Return = 3.0 | Evaluator Episodes = 13401 | Evaluator Steps = 670050 | Final Dist = 2.576 | Final Dist 10 = 1.440 | Final Dist 100 = 1.694 | Final Dist 1000 = 1.836 | Init Dist = 12.806 | Init Dist 10 = 12.806 | Init Dist 100 = 12.806 | Init Dist 1000 = 12.806 | Learner Steps = 41102 | Learner Walltime = 8156.862 | Min Dist = 0.452 | Min Dist 10 = 1.053 | Min Dist 100 = 1.046 | Min Dist 1000 = 1.148 | Steps Per Second = 86.757 | Success = 1.000 | Success 1000 = 0.790
I0502 17:22:13.947920 139579566835264 terminal.py:91] [Evaluator] Actor Episodes = 52813 | Actor Steps = 2640650 | Delta Dist = 11.576 | Delta Dist 10 = 11.708 | Delta Dist 100 = 11.107 | Delta Dist 1000 = 10.969 | Episode Length = 50 | Episode Return = 6.0 | Evaluator Episodes = 13403 | Evaluator Steps = 670150 | Final Dist = 1.230 | Final Dist 10 = 1.098 | Final Dist 100 = 1.699 | Final Dist 1000 = 1.837 | Init Dist = 12.806 | Init Dist 10 = 12.806 | Init Dist 100 = 12.806 | Init Dist 1000 = 12.806 | Learner Steps = 41102 | Learner Walltime = 8156.862 | Min Dist = 0.317 | Min Dist 10 = 0.522 | Min Dist 100 = 1.038 | Min Dist 1000 = 1.148 | Steps Per Second = 85.242 | Success = 1.000 | Success 1000 = 0.790
I0502 17:22:15.126680 139579566835264 terminal.py:91] [Evaluator] Actor Episodes = 52821 | Actor Steps = 2641050 | Delta Dist = 12.764 | Delta Dist 10 = 11.720 | Delta Dist 100 = 11.095 | Delta Dist 1000 = 10.968 | Episode Length = 50 | Episode Return = 7.0 | Evaluator Episodes = 13405 | Evaluator Steps = 670250 | Final Dist = 0.042 | Final Dist 10 = 1.086 | Final Dist 100 = 1.711 | Final Dist 1000 = 1.838 | Init Dist = 12.806 | Init Dist 10 = 12.806 | Init Dist 100 = 12.806 | Init Dist 1000 = 12.806 | Learner Steps = 41109 | Learner Walltime = 8158.318 | Min Dist = 0.042 | Min Dist 10 = 0.379 | Min Dist 100 = 1.039 | Min Dist 1000 = 1.148 | Steps Per Second = 86.167 | Success = 1.000 | Success 1000 = 0.790
I0502 17:22:15.815427 139558059398720 terminal.py:91] [Actor] Actor Episodes = 52829 | Actor Steps = 2641450 | Delta Dist = 6.332 | Delta Dist 10 = 3.937 | Delta Dist 100 = 4.392 | Delta Dist 1000 = 4.375 | Episode Length = 50 | Episode Return = 33.0 | Evaluator Episodes = 13405 | Evaluator Steps = 670250 | Final Dist = 0.376 | Final Dist 10 = 2.083 | Final Dist 100 = 1.697 | Final Dist 1000 = 1.583 | Init Dist = 6.708 | Init Dist 10 = 6.020 | Init Dist 100 = 6.090 | Init Dist 1000 = 5.958 | Learner Steps = 41115 | Learner Walltime = 8159.493 | Min Dist = 0.021 | Min Dist 10 = 0.042 | Min Dist 100 = 0.085 | Min Dist 1000 = 0.211 | Steps Per Second = 77.470 | Success = 1.000 | Success 1000 = 0.991
I0502 17:22:16.329723 139579566835264 terminal.py:91] [Evaluator] Actor Episodes = 52829 | Actor Steps = 2641450 | Delta Dist = 12.209 | Delta Dist 10 = 11.768 | Delta Dist 100 = 11.104 | Delta Dist 1000 = 10.970 | Episode Length = 50 | Episode Return = 9.0 | Evaluator Episodes = 13407 | Evaluator Steps = 670350 | Final Dist = 0.597 | Final Dist 10 = 1.038 | Final Dist 100 = 1.702 | Final Dist 1000 = 1.836 | Init Dist = 12.806 | Init Dist 10 = 12.806 | Init Dist 100 = 12.806 | Init Dist 1000 = 12.806 | Learner Steps = 41115 | Learner Walltime = 8159.493 | Min Dist = 0.122 | Min Dist 10 = 0.420 | Min Dist 100 = 1.043 | Min Dist 1000 = 1.147 | Steps Per Second = 89.143 | Success = 1.000 | Success 1000 = 0.791
I0502 17:22:17.542563 139579566835264 terminal.py:91] [Evaluator] Actor Episodes = 52837 | Actor Steps = 2641850 | Delta Dist = 12.143 | Delta Dist 10 = 11.677 | Delta Dist 100 = 11.154 | Delta Dist 1000 = 10.971 | Episode Length = 50 | Episode Return = 30.0 | Evaluator Episodes = 13409 | Evaluator Steps = 670450 | Final Dist = 0.663 | Final Dist 10 = 1.129 | Final Dist 100 = 1.653 | Final Dist 1000 = 1.835 | Init Dist = 12.806 | Init Dist 10 = 12.806 | Init Dist 100 = 12.806 | Init Dist 1000 = 12.806 | Learner Steps = 41122 | Learner Walltime = 8160.862 | Min Dist = 0.156 | Min Dist 10 = 0.370 | Min Dist 100 = 0.992 | Min Dist 1000 = 1.147 | Steps Per Second = 87.087 | Success = 1.000 | Success 1000 = 0.791
I0502 17:22:18.394251 139555860620864 terminal.py:91] [Actor] Actor Episodes = 52840 | Actor Steps = 2642000 | Delta Dist = 1.178 | Delta Dist 10 = 3.775 | Delta Dist 100 = 4.304 | Delta Dist 1000 = 4.378 | Episode Length = 50 | Episode Return = 19.0 | Evaluator Episodes = 13409 | Evaluator Steps = 670450 | Final Dist = 1.058 | Final Dist 10 = 1.727 | Final Dist 100 = 1.709 | Final Dist 1000 = 1.587 | Init Dist = 2.236 | Init Dist 10 = 5.501 | Init Dist 100 = 6.013 | Init Dist 1000 = 5.965 | Learner Steps = 41127 | Learner Walltime = 8161.959 | Min Dist = 0.017 | Min Dist 10 = 0.090 | Min Dist 100 = 0.083 | Min Dist 1000 = 0.208 | Steps Per Second = 90.976 | Success = 1.000 | Success 1000 = 0.991
I0502 17:22:18.738216 139579566835264 terminal.py:91] [Evaluator] Actor Episodes = 52845 | Actor Steps = 2642250 | Delta Dist = 11.882 | Delta Dist 10 = 11.822 | Delta Dist 100 = 11.149 | Delta Dist 1000 = 10.972 | Episode Length = 50 | Episode Return = 13.0 | Evaluator Episodes = 13411 | Evaluator Steps = 670550 | Final Dist = 0.924 | Final Dist 10 = 0.984 | Final Dist 100 = 1.657 | Final Dist 1000 = 1.834 | Init Dist = 12.806 | Init Dist 10 = 12.806 | Init Dist 100 = 12.806 | Init Dist 1000 = 12.806 | Learner Steps = 41127 | Learner Walltime = 8161.959 | Min Dist = 0.059 | Min Dist 10 = 0.281 | Min Dist 100 = 0.996 | Min Dist 1000 = 1.147 | Steps Per Second = 91.720 | Success = 1.000 | Success 1000 = 0.791
I0502 17:22:19.646319 139557462840896 terminal.py:91] [Actor] Actor Episodes = 52850 | Actor Steps = 2642500 | Delta Dist = 4.007 | Delta Dist 10 = 4.330 | Delta Dist 100 = 4.406 | Delta Dist 1000 = 4.385 | Episode Length = 50 | Episode Return = 28.0 | Evaluator Episodes = 13411 | Evaluator Steps = 670550 | Final Dist = 1.092 | Final Dist 10 = 1.159 | Final Dist 100 = 1.694 | Final Dist 1000 = 1.593 | Init Dist = 5.099 | Init Dist 10 = 5.489 | Init Dist 100 = 6.100 | Init Dist 1000 = 5.978 | Learner Steps = 41133 | Learner Walltime = 8163.095 | Min Dist = 0.164 | Min Dist 10 = 0.057 | Min Dist 100 = 0.085 | Min Dist 1000 = 0.208 | Steps Per Second = 85.673 | Success = 1.000 | Success 1000 = 0.991
I0502 17:22:19.917684 139579566835264 terminal.py:91] [Evaluator] Actor Episodes = 52853 | Actor Steps = 2642650 | Delta Dist = 11.450 | Delta Dist 10 = 11.421 | Delta Dist 100 = 11.093 | Delta Dist 1000 = 10.966 | Episode Length = 50 | Episode Return = 24.0 | Evaluator Episodes = 13413 | Evaluator Steps = 670650 | Final Dist = 1.356 | Final Dist 10 = 1.385 | Final Dist 100 = 1.714 | Final Dist 1000 = 1.840 | Init Dist = 12.806 | Init Dist 10 = 12.806 | Init Dist 100 = 12.806 | Init Dist 1000 = 12.806 | Learner Steps = 41133 | Learner Walltime = 8163.095 | Min Dist = 0.284 | Min Dist 10 = 0.787 | Min Dist 100 = 1.048 | Min Dist 1000 = 1.152 | Steps Per Second = 87.682 | Success = 1.000 | Success 1000 = 0.790
I0502 17:22:20.371894 139584504182336 lp_utils.py:96] StepsLimiter: Reached 2642850 recorded steps
I0502 17:22:21.079339 139579566835264 terminal.py:91] [Evaluator] Actor Episodes = 52861 | Actor Steps = 2643050 | Delta Dist = 11.838 | Delta Dist 10 = 11.467 | Delta Dist 100 = 11.078 | Delta Dist 1000 = 10.970 | Episode Length = 50 | Episode Return = 9.0 | Evaluator Episodes = 13415 | Evaluator Steps = 670750 | Final Dist = 0.968 | Final Dist 10 = 1.339 | Final Dist 100 = 1.728 | Final Dist 1000 = 1.836 | Init Dist = 12.806 | Init Dist 10 = 12.806 | Init Dist 100 = 12.806 | Init Dist 1000 = 12.806 | Learner Steps = 41140 | Learner Walltime = 8164.288 | Min Dist = 0.213 | Min Dist 10 = 0.759 | Min Dist 100 = 1.048 | Min Dist 1000 = 1.147 | Steps Per Second = 87.255 | Success = 1.000 | Success 1000 = 0.791
I0502 17:22:21.602560 139555013154368 terminal.py:91] [Learner] Actor Episodes = 52861 | Actor Loss = 3.6935372352600098 | Actor Steps = 2643050 | Binary Accuracy = 0.996084451675415 | Categorical Accuracy = 0.42474365234375 | Critic Loss = 1.7381559610366821 | Entropy Mean = -23.14362907409668 | Evaluator Episodes = 13415 | Evaluator Steps = 670750 | Learner Steps = 41148 | Learner Walltime = 8165.799 | Logits Neg = -17.465496063232422 | Logits Pos = -1.7528393268585205 | Logsumexp = 1.0932114124298096 | Steps Per Second = 256.763
I0502 17:22:21.696185 139569349502528 terminal.py:91] [Actor] Actor Episodes = 52867 | Actor Steps = 2643350 | Delta Dist = 5.745 | Delta Dist 10 = 3.571 | Delta Dist 100 = 4.120 | Delta Dist 1000 = 4.360 | Episode Length = 50 | Episode Return = 18.0 | Evaluator Episodes = 13415 | Evaluator Steps = 670750 | Final Dist = 0.338 | Final Dist 10 = 1.806 | Final Dist 100 = 1.633 | Final Dist 1000 = 1.603 | Init Dist = 6.083 | Init Dist 10 = 5.376 | Init Dist 100 = 5.752 | Init Dist 1000 = 5.963 | Learner Steps = 41147 | Learner Walltime = 8165.550 | Min Dist = 0.017 | Min Dist 10 = 0.122 | Min Dist 100 = 0.088 | Min Dist 1000 = 0.208 | Steps Per Second = 85.398 | Success = 1.000 | Success 1000 = 0.991
I0502 17:22:22.280476 139579566835264 terminal.py:91] [Evaluator] Actor Episodes = 52869 | Actor Steps = 2643450 | Delta Dist = 11.255 | Delta Dist 10 = 11.409 | Delta Dist 100 = 11.134 | Delta Dist 1000 = 10.971 | Episode Length = 50 | Episode Return = 4.0 | Evaluator Episodes = 13417 | Evaluator Steps = 670850 | Final Dist = 1.552 | Final Dist 10 = 1.397 | Final Dist 100 = 1.672 | Final Dist 1000 = 1.836 | Init Dist = 12.806 | Init Dist 10 = 12.806 | Init Dist 100 = 12.806 | Init Dist 1000 = 12.806 | Learner Steps = 41147 | Learner Walltime = 8165.550 | Min Dist = 0.118 | Min Dist 10 = 0.694 | Min Dist 100 = 0.996 | Min Dist 1000 = 1.146 | Steps Per Second = 80.990 | Success = 1.000 | Success 1000 = 0.792
I0502 17:22:23.488085 139579566835264 terminal.py:91] [Evaluator] Actor Episodes = 52877 | Actor Steps = 2643850 | Delta Dist = 11.603 | Delta Dist 10 = 11.358 | Delta Dist 100 = 11.133 | Delta Dist 1000 = 10.971 | Episode Length = 50 | Episode Return = 4.0 | Evaluator Episodes = 13419 | Evaluator Steps = 670950 | Final Dist = 1.203 | Final Dist 10 = 1.448 | Final Dist 100 = 1.674 | Final Dist 1000 = 1.835 | Init Dist = 12.806 | Init Dist 10 = 12.806 | Init Dist 100 = 12.806 | Init Dist 1000 = 12.806 | Learner Steps = 41153 | Learner Walltime = 8166.634 | Min Dist = 0.264 | Min Dist 10 = 0.725 | Min Dist 100 = 0.981 | Min Dist 1000 = 1.147 | Steps Per Second = 80.988 | Success = 1.000 | Success 1000 = 0.792
I0502 17:22:24.744516 139579566835264 terminal.py:91] [Evaluator] Actor Episodes = 52885 | Actor Steps = 2644250 | Delta Dist = 12.641 | Delta Dist 10 = 10.636 | Delta Dist 100 = 11.062 | Delta Dist 1000 = 10.965 | Episode Length = 50 | Episode Return = 22.0 | Evaluator Episodes = 13421 | Evaluator Steps = 671050 | Final Dist = 0.165 | Final Dist 10 = 2.170 | Final Dist 100 = 1.744 | Final Dist 1000 = 1.841 | Init Dist = 12.806 | Init Dist 10 = 12.806 | Init Dist 100 = 12.806 | Init Dist 1000 = 12.806 | Learner Steps = 41158 | Learner Walltime = 8167.890 | Min Dist = 0.053 | Min Dist 10 = 1.216 | Min Dist 100 = 1.035 | Min Dist 1000 = 1.151 | Steps Per Second = 76.938 | Success = 1.000 | Success 1000 = 0.791
I0502 17:22:25.893794 139579566835264 terminal.py:91] [Evaluator] Actor Episodes = 52893 | Actor Steps = 2644650 | Delta Dist = 6.350 | Delta Dist 10 = 11.276 | Delta Dist 100 = 11.136 | Delta Dist 1000 = 10.967 | Episode Length = 50 | Episode Return = 0.0 | Evaluator Episodes = 13423 | Evaluator Steps = 671150 | Final Dist = 6.456 | Final Dist 10 = 1.530 | Final Dist 100 = 1.671 | Final Dist 1000 = 1.840 | Init Dist = 12.806 | Init Dist 10 = 12.806 | Init Dist 100 = 12.806 | Init Dist 1000 = 12.806 | Learner Steps = 41164 | Learner Walltime = 8168.963 | Min Dist = 5.362 | Min Dist 10 = 0.658 | Min Dist 100 = 0.984 | Min Dist 1000 = 1.151 | Steps Per Second = 85.003 | Success = 0.000 | Success 1000 = 0.791
I0502 17:22:26.063481 139558059398720 terminal.py:91] [Actor] Actor Episodes = 52892 | Actor Steps = 2644600 | Delta Dist = 8.140 | Delta Dist 10 = 6.634 | Delta Dist 100 = 4.135 | Delta Dist 1000 = 4.366 | Episode Length = 50 | Episode Return = 31.0 | Evaluator Episodes = 13421 | Evaluator Steps = 671050 | Final Dist = 0.804 | Final Dist 10 = 1.105 | Final Dist 100 = 1.767 | Final Dist 1000 = 1.610 | Init Dist = 8.944 | Init Dist 10 = 7.739 | Init Dist 100 = 5.902 | Init Dist 1000 = 5.976 | Learner Steps = 41164 | Learner Walltime = 8168.963 | Min Dist = 0.069 | Min Dist 10 = 0.291 | Min Dist 100 = 0.104 | Min Dist 1000 = 0.211 | Steps Per Second = 88.377 | Success = 1.000 | Success 1000 = 0.990
I0502 17:22:27.116393 139579566835264 terminal.py:91] [Evaluator] Actor Episodes = 52901 | Actor Steps = 2645050 | Delta Dist = 11.879 | Delta Dist 10 = 10.854 | Delta Dist 100 = 11.134 | Delta Dist 1000 = 10.967 | Episode Length = 50 | Episode Return = 25.0 | Evaluator Episodes = 13425 | Evaluator Steps = 671250 | Final Dist = 0.927 | Final Dist 10 = 1.952 | Final Dist 100 = 1.672 | Final Dist 1000 = 1.839 | Init Dist = 12.806 | Init Dist 10 = 12.806 | Init Dist 100 = 12.806 | Init Dist 1000 = 12.806 | Learner Steps = 41176 | Learner Walltime = 8171.197 | Min Dist = 0.094 | Min Dist 10 = 1.177 | Min Dist 100 = 0.983 | Min Dist 1000 = 1.151 | Steps Per Second = 88.027 | Success = 1.000 | Success 1000 = 0.791
I0502 17:22:28.274644 139579566835264 terminal.py:91] [Evaluator] Actor Episodes = 52909 | Actor Steps = 2645450 | Delta Dist = 5.750 | Delta Dist 10 = 10.821 | Delta Dist 100 = 11.132 | Delta Dist 1000 = 10.971 | Episode Length = 50 | Episode Return = 0.0 | Evaluator Episodes = 13427 | Evaluator Steps = 671350 | Final Dist = 7.057 | Final Dist 10 = 1.985 | Final Dist 100 = 1.674 | Final Dist 1000 = 1.835 | Init Dist = 12.806 | Init Dist 10 = 12.806 | Init Dist 100 = 12.806 | Init Dist 1000 = 12.806 | Learner Steps = 41180 | Learner Walltime = 8172.209 | Min Dist = 5.330 | Min Dist 10 = 1.164 | Min Dist 100 = 0.979 | Min Dist 1000 = 1.145 | Steps Per Second = 80.210 | Success = 0.000 | Success 1000 = 0.792
I0502 17:22:28.963446 139555860620864 terminal.py:91] [Actor] Actor Episodes = 52913 | Actor Steps = 2645650 | Delta Dist = 4.153 | Delta Dist 10 = 4.809 | Delta Dist 100 = 4.303 | Delta Dist 1000 = 4.387 | Episode Length = 50 | Episode Return = 43.0 | Evaluator Episodes = 13427 | Evaluator Steps = 671350 | Final Dist = 0.946 | Final Dist 10 = 1.125 | Final Dist 100 = 1.686 | Final Dist 1000 = 1.607 | Init Dist = 5.099 | Init Dist 10 = 5.933 | Init Dist 100 = 5.989 | Init Dist 1000 = 5.993 | Learner Steps = 41180 | Learner Walltime = 8172.209 | Min Dist = 0.015 | Min Dist 10 = 0.038 | Min Dist 100 = 0.100 | Min Dist 1000 = 0.211 | Steps Per Second = 85.600 | Success = 1.000 | Success 1000 = 0.990
I0502 17:22:29.476527 139579566835264 terminal.py:91] [Evaluator] Actor Episodes = 52917 | Actor Steps = 2645850 | Delta Dist = 12.475 | Delta Dist 10 = 10.278 | Delta Dist 100 = 11.136 | Delta Dist 1000 = 10.966 | Episode Length = 50 | Episode Return = 34.0 | Evaluator Episodes = 13429 | Evaluator Steps = 671450 | Final Dist = 0.331 | Final Dist 10 = 2.528 | Final Dist 100 = 1.670 | Final Dist 1000 = 1.840 | Init Dist = 12.806 | Init Dist 10 = 12.806 | Init Dist 100 = 12.806 | Init Dist 1000 = 12.806 | Learner Steps = 41186 | Learner Walltime = 8173.460 | Min Dist = 0.171 | Min Dist 10 = 1.661 | Min Dist 100 = 0.978 | Min Dist 1000 = 1.151 | Steps Per Second = 81.878 | Success = 1.000 | Success 1000 = 0.791
I0502 17:22:30.007317 139557462840896 terminal.py:91] [Actor] Actor Episodes = 52919 | Actor Steps = 2645950 | Delta Dist = 7.840 | Delta Dist 10 = 5.249 | Delta Dist 100 = 4.236 | Delta Dist 1000 = 4.380 | Episode Length = 50 | Episode Return = 26.0 | Evaluator Episodes = 13429 | Evaluator Steps = 671450 | Final Dist = 0.704 | Final Dist 10 = 1.210 | Final Dist 100 = 1.718 | Final Dist 1000 = 1.613 | Init Dist = 8.544 | Init Dist 10 = 6.459 | Init Dist 100 = 5.954 | Init Dist 1000 = 5.993 | Learner Steps = 41186 | Learner Walltime = 8173.460 | Min Dist = 0.084 | Min Dist 10 = 0.051 | Min Dist 100 = 0.095 | Min Dist 1000 = 0.211 | Steps Per Second = 80.161 | Success = 1.000 | Success 1000 = 0.990
I0502 17:22:30.389357 139584504182336 lp_utils.py:96] StepsLimiter: Reached 2646050 recorded steps
I0502 17:22:30.685041 139579566835264 terminal.py:91] [Evaluator] Actor Episodes = 52925 | Actor Steps = 2646250 | Delta Dist = 11.988 | Delta Dist 10 = 11.004 | Delta Dist 100 = 11.191 | Delta Dist 1000 = 10.967 | Episode Length = 50 | Episode Return = 20.0 | Evaluator Episodes = 13431 | Evaluator Steps = 671550 | Final Dist = 0.818 | Final Dist 10 = 1.803 | Final Dist 100 = 1.615 | Final Dist 1000 = 1.840 | Init Dist = 12.806 | Init Dist 10 = 12.806 | Init Dist 100 = 12.806 | Init Dist 1000 = 12.806 | Learner Steps = 41192 | Learner Walltime = 8174.522 | Min Dist = 0.194 | Min Dist 10 = 1.141 | Min Dist 100 = 0.921 | Min Dist 1000 = 1.150 | Steps Per Second = 86.945 | Success = 1.000 | Success 1000 = 0.791
I0502 17:22:31.767748 139569349502528 terminal.py:91] [Actor] Actor Episodes = 52933 | Actor Steps = 2646650 | Delta Dist = 3.519 | Delta Dist 10 = 4.903 | Delta Dist 100 = 4.412 | Delta Dist 1000 = 4.409 | Episode Length = 50 | Episode Return = 32.0 | Evaluator Episodes = 13431 | Evaluator Steps = 671550 | Final Dist = 0.481 | Final Dist 10 = 0.589 | Final Dist 100 = 1.417 | Final Dist 1000 = 1.607 | Init Dist = 4.000 | Init Dist 10 = 5.492 | Init Dist 100 = 5.829 | Init Dist 1000 = 6.016 | Learner Steps = 41198 | Learner Walltime = 8175.578 | Min Dist = 0.165 | Min Dist 10 = 0.191 | Min Dist 100 = 0.104 | Min Dist 1000 = 0.212 | Steps Per Second = 74.082 | Success = 1.000 | Success 1000 = 0.989
I0502 17:22:31.831636 139555013154368 terminal.py:91] [Learner] Actor Episodes = 52927 | Actor Loss = 3.768460988998413 | Actor Steps = 2646350 | Binary Accuracy = 0.9960043430328369 | Categorical Accuracy = 0.4228515625 | Critic Loss = 1.7573013305664062 | Entropy Mean = -24.488964080810547 | Evaluator Episodes = 13431 | Evaluator Steps = 671550 | Learner Steps = 41199 | Learner Walltime = 8176.030 | Logits Neg = -17.71249771118164 | Logits Pos = -1.7417008876800537 | Logsumexp = 1.1477687358856201 | Steps Per Second = 141.713
I0502 17:22:31.864454 139579566835264 terminal.py:91] [Evaluator] Actor Episodes = 52933 | Actor Steps = 2646650 | Delta Dist = 11.687 | Delta Dist 10 = 10.929 | Delta Dist 100 = 11.314 | Delta Dist 1000 = 10.966 | Episode Length = 50 | Episode Return = 4.0 | Evaluator Episodes = 13433 | Evaluator Steps = 671650 | Final Dist = 1.119 | Final Dist 10 = 1.877 | Final Dist 100 = 1.492 | Final Dist 1000 = 1.841 | Init Dist = 12.806 | Init Dist 10 = 12.806 | Init Dist 100 = 12.806 | Init Dist 1000 = 12.806 | Learner Steps = 41198 | Learner Walltime = 8175.578 | Min Dist = 0.703 | Min Dist 10 = 1.203 | Min Dist 100 = 0.824 | Min Dist 1000 = 1.151 | Steps Per Second = 78.020 | Success = 1.000 | Success 1000 = 0.791
I0502 17:22:33.007766 139579566835264 terminal.py:91] [Evaluator] Actor Episodes = 52939 | Actor Steps = 2646950 | Delta Dist = 11.265 | Delta Dist 10 = 11.372 | Delta Dist 100 = 11.413 | Delta Dist 1000 = 10.973 | Episode Length = 50 | Episode Return = 15.0 | Evaluator Episodes = 13435 | Evaluator Steps = 671750 | Final Dist = 1.541 | Final Dist 10 = 1.434 | Final Dist 100 = 1.393 | Final Dist 1000 = 1.833 | Init Dist = 12.806 | Init Dist 10 = 12.806 | Init Dist 100 = 12.806 | Init Dist 1000 = 12.806 | Learner Steps = 41202 | Learner Walltime = 8176.697 | Min Dist = 0.353 | Min Dist 10 = 0.822 | Min Dist 100 = 0.737 | Min Dist 1000 = 1.145 | Steps Per Second = 90.196 | Success = 1.000 | Success 1000 = 0.792
I0502 17:22:34.213459 139579566835264 terminal.py:91] [Evaluator] Actor Episodes = 52947 | Actor Steps = 2647350 | Delta Dist = 11.709 | Delta Dist 10 = 11.345 | Delta Dist 100 = 11.415 | Delta Dist 1000 = 10.977 | Episode Length = 50 | Episode Return = 26.0 | Evaluator Episodes = 13437 | Evaluator Steps = 671850 | Final Dist = 1.097 | Final Dist 10 = 1.462 | Final Dist 100 = 1.392 | Final Dist 1000 = 1.829 | Init Dist = 12.806 | Init Dist 10 = 12.806 | Init Dist 100 = 12.806 | Init Dist 1000 = 12.806 | Learner Steps = 41208 | Learner Walltime = 8177.862 | Min Dist = 0.062 | Min Dist 10 = 0.867 | Min Dist 100 = 0.734 | Min Dist 1000 = 1.140 | Steps Per Second = 82.208 | Success = 1.000 | Success 1000 = 0.793
I0502 17:22:34.439378 139584635659840 savers.py:156] Saving checkpoint: logs/contrastive_cpc_point_FourRooms_64/5dd72662-2788-11f0-b183-d85ed38c5779/checkpoints/counter
I0502 17:22:35.425064 139579566835264 terminal.py:91] [Evaluator] Actor Episodes = 52955 | Actor Steps = 2647750 | Delta Dist = 11.469 | Delta Dist 10 = 11.870 | Delta Dist 100 = 11.450 | Delta Dist 1000 = 10.977 | Episode Length = 50 | Episode Return = 25.0 | Evaluator Episodes = 13439 | Evaluator Steps = 671950 | Final Dist = 1.338 | Final Dist 10 = 0.936 | Final Dist 100 = 1.356 | Final Dist 1000 = 1.829 | Init Dist = 12.806 | Init Dist 10 = 12.806 | Init Dist 100 = 12.806 | Init Dist 1000 = 12.806 | Learner Steps = 41214 | Learner Walltime = 8178.864 | Min Dist = 0.116 | Min Dist 10 = 0.345 | Min Dist 100 = 0.681 | Min Dist 1000 = 1.139 | Steps Per Second = 84.564 | Success = 1.000 | Success 1000 = 0.793
I0502 17:22:36.540723 139558059398720 terminal.py:91] [Actor] Actor Episodes = 52963 | Actor Steps = 2648150 | Delta Dist = -5.933 | Delta Dist 10 = 2.808 | Delta Dist 100 = 4.422 | Delta Dist 1000 = 4.375 | Episode Length = 50 | Episode Return = 36.0 | Evaluator Episodes = 13439 | Evaluator Steps = 671950 | Final Dist = 10.933 | Final Dist 10 = 2.089 | Final Dist 100 = 1.448 | Final Dist 1000 = 1.603 | Init Dist = 5.000 | Init Dist 10 = 4.896 | Init Dist 100 = 5.870 | Init Dist 1000 = 5.978 | Learner Steps = 41219 | Learner Walltime = 8179.921 | Min Dist = 0.399 | Min Dist 10 = 0.641 | Min Dist 100 = 0.153 | Min Dist 1000 = 0.218 | Steps Per Second = 77.151 | Success = 1.000 | Success 1000 = 0.989
I0502 17:22:36.654591 139579566835264 terminal.py:91] [Evaluator] Actor Episodes = 52963 | Actor Steps = 2648150 | Delta Dist = 11.503 | Delta Dist 10 = 11.691 | Delta Dist 100 = 11.441 | Delta Dist 1000 = 10.977 | Episode Length = 50 | Episode Return = 16.0 | Evaluator Episodes = 13441 | Evaluator Steps = 672050 | Final Dist = 1.303 | Final Dist 10 = 1.115 | Final Dist 100 = 1.365 | Final Dist 1000 = 1.830 | Init Dist = 12.806 | Init Dist 10 = 12.806 | Init Dist 100 = 12.806 | Init Dist 1000 = 12.806 | Learner Steps = 41219 | Learner Walltime = 8179.921 | Min Dist = 0.103 | Min Dist 10 = 0.340 | Min Dist 100 = 0.675 | Min Dist 1000 = 1.138 | Steps Per Second = 82.689 | Success = 1.000 | Success 1000 = 0.793
I0502 17:22:37.947612 139579566835264 terminal.py:91] [Evaluator] Actor Episodes = 52971 | Actor Steps = 2648550 | Delta Dist = 12.218 | Delta Dist 10 = 11.608 | Delta Dist 100 = 11.487 | Delta Dist 1000 = 10.982 | Episode Length = 50 | Episode Return = 16.0 | Evaluator Episodes = 13443 | Evaluator Steps = 672150 | Final Dist = 0.589 | Final Dist 10 = 1.198 | Final Dist 100 = 1.319 | Final Dist 1000 = 1.824 | Init Dist = 12.806 | Init Dist 10 = 12.806 | Init Dist 100 = 12.806 | Init Dist 1000 = 12.806 | Learner Steps = 41225 | Learner Walltime = 8181.365 | Min Dist = 0.288 | Min Dist 10 = 0.301 | Min Dist 100 = 0.623 | Min Dist 1000 = 1.133 | Steps Per Second = 73.059 | Success = 1.000 | Success 1000 = 0.794
I0502 17:22:39.012135 139555860620864 terminal.py:91] [Actor] Actor Episodes = 52975 | Actor Steps = 2648750 | Delta Dist = -0.293 | Delta Dist 10 = 4.138 | Delta Dist 100 = 4.486 | Delta Dist 1000 = 4.365 | Episode Length = 50 | Episode Return = 14.0 | Evaluator Episodes = 13443 | Evaluator Steps = 672150 | Final Dist = 0.293 | Final Dist 10 = 0.966 | Final Dist 100 = 1.375 | Final Dist 1000 = 1.608 | Init Dist = 0.000 | Init Dist 10 = 5.104 | Init Dist 100 = 5.861 | Init Dist 1000 = 5.973 | Learner Steps = 41232 | Learner Walltime = 8182.636 | Min Dist = 0.000 | Min Dist 10 = 0.027 | Min Dist 100 = 0.154 | Min Dist 1000 = 0.218 | Steps Per Second = 77.354 | Success = 1.000 | Success 1000 = 0.989
I0502 17:22:39.094208 139579566835264 terminal.py:91] [Evaluator] Actor Episodes = 52975 | Actor Steps = 2648750 | Delta Dist = 11.467 | Delta Dist 10 = 11.668 | Delta Dist 100 = 11.551 | Delta Dist 1000 = 10.983 | Episode Length = 50 | Episode Return = 1.0 | Evaluator Episodes = 13445 | Evaluator Steps = 672250 | Final Dist = 1.339 | Final Dist 10 = 1.139 | Final Dist 100 = 1.255 | Final Dist 1000 = 1.824 | Init Dist = 12.806 | Init Dist 10 = 12.806 | Init Dist 100 = 12.806 | Init Dist 1000 = 12.806 | Learner Steps = 41232 | Learner Walltime = 8182.636 | Min Dist = 0.833 | Min Dist 10 = 0.200 | Min Dist 100 = 0.574 | Min Dist 1000 = 1.132 | Steps Per Second = 94.510 | Success = 1.000 | Success 1000 = 0.795
I0502 17:22:40.289703 139579566835264 terminal.py:91] [Evaluator] Actor Episodes = 52984 | Actor Steps = 2649200 | Delta Dist = 11.502 | Delta Dist 10 = 11.759 | Delta Dist 100 = 11.609 | Delta Dist 1000 = 10.983 | Episode Length = 50 | Episode Return = 15.0 | Evaluator Episodes = 13447 | Evaluator Steps = 672350 | Final Dist = 1.304 | Final Dist 10 = 1.047 | Final Dist 100 = 1.197 | Final Dist 1000 = 1.823 | Init Dist = 12.806 | Init Dist 10 = 12.806 | Init Dist 100 = 12.806 | Init Dist 1000 = 12.806 | Learner Steps = 41239 | Learner Walltime = 8183.785 | Min Dist = 0.109 | Min Dist 10 = 0.246 | Min Dist 100 = 0.524 | Min Dist 1000 = 1.133 | Steps Per Second = 92.754 | Success = 1.000 | Success 1000 = 0.795
I0502 17:22:40.387601 139557462840896 terminal.py:91] [Actor] Actor Episodes = 52986 | Actor Steps = 2649300 | Delta Dist = 3.035 | Delta Dist 10 = 3.827 | Delta Dist 100 = 4.443 | Delta Dist 1000 = 4.357 | Episode Length = 50 | Episode Return = 37.0 | Evaluator Episodes = 13447 | Evaluator Steps = 672350 | Final Dist = 0.128 | Final Dist 10 = 1.536 | Final Dist 100 = 1.393 | Final Dist 1000 = 1.595 | Init Dist = 3.162 | Init Dist 10 = 5.363 | Init Dist 100 = 5.835 | Init Dist 1000 = 5.952 | Learner Steps = 41239 | Learner Walltime = 8183.785 | Min Dist = 0.028 | Min Dist 10 = 0.086 | Min Dist 100 = 0.153 | Min Dist 1000 = 0.211 | Steps Per Second = 81.910 | Success = 1.000 | Success 1000 = 0.989
I0502 17:22:40.407922 139584504182336 lp_utils.py:96] StepsLimiter: Reached 2649300 recorded steps
I0502 17:22:41.499935 139579566835264 terminal.py:91] [Evaluator] Actor Episodes = 52992 | Actor Steps = 2649600 | Delta Dist = 11.644 | Delta Dist 10 = 11.834 | Delta Dist 100 = 11.616 | Delta Dist 1000 = 10.983 | Episode Length = 50 | Episode Return = 16.0 | Evaluator Episodes = 13449 | Evaluator Steps = 672450 | Final Dist = 1.162 | Final Dist 10 = 0.972 | Final Dist 100 = 1.190 | Final Dist 1000 = 1.823 | Init Dist = 12.806 | Init Dist 10 = 12.806 | Init Dist 100 = 12.806 | Init Dist 1000 = 12.806 | Learner Steps = 41244 | Learner Walltime = 8184.952 | Min Dist = 0.153 | Min Dist 10 = 0.249 | Min Dist 100 = 0.522 | Min Dist 1000 = 1.132 | Steps Per Second = 84.978 | Success = 1.000 | Success 1000 = 0.796
I0502 17:22:41.935791 139569349502528 terminal.py:91] [Actor] Actor Episodes = 52998 | Actor Steps = 2649900 | Delta Dist = 10.216 | Delta Dist 10 = 5.569 | Delta Dist 100 = 4.354 | Delta Dist 1000 = 4.359 | Episode Length = 50 | Episode Return = 17.0 | Evaluator Episodes = 13449 | Evaluator Steps = 672450 | Final Dist = 0.414 | Final Dist 10 = 0.288 | Final Dist 100 = 1.228 | Final Dist 1000 = 1.592 | Init Dist = 10.630 | Init Dist 10 = 5.857 | Init Dist 100 = 5.582 | Init Dist 1000 = 5.951 | Learner Steps = 41249 | Learner Walltime = 8185.955 | Min Dist = 0.127 | Min Dist 10 = 0.041 | Min Dist 100 = 0.129 | Min Dist 1000 = 0.210 | Steps Per Second = 75.910 | Success = 1.000 | Success 1000 = 0.989
I0502 17:22:42.155059 139555013154368 terminal.py:91] [Learner] Actor Episodes = 52994 | Actor Loss = 3.9159483909606934 | Actor Steps = 2649700 | Binary Accuracy = 0.9960029125213623 | Categorical Accuracy = 0.43658447265625 | Critic Loss = 1.6782327890396118 | Entropy Mean = -23.577678680419922 | Evaluator Episodes = 13449 | Evaluator Steps = 672450 | Learner Steps = 41251 | Learner Walltime = 8186.352 | Logits Neg = -18.128389358520508 | Logits Pos = -1.6936159133911133 | Logsumexp = 1.2278496026992798 | Steps Per Second = 193.262
I0502 17:22:42.657509 139579566835264 terminal.py:91] [Evaluator] Actor Episodes = 53000 | Actor Steps = 2650000 | Delta Dist = 11.605 | Delta Dist 10 = 11.837 | Delta Dist 100 = 11.604 | Delta Dist 1000 = 10.983 | Episode Length = 50 | Episode Return = 2.0 | Evaluator Episodes = 13451 | Evaluator Steps = 672550 | Final Dist = 1.201 | Final Dist 10 = 0.969 | Final Dist 100 = 1.203 | Final Dist 1000 = 1.823 | Init Dist = 12.806 | Init Dist 10 = 12.806 | Init Dist 100 = 12.806 | Init Dist 1000 = 12.806 | Learner Steps = 41249 | Learner Walltime = 8185.955 | Min Dist = 0.330 | Min Dist 10 = 0.357 | Min Dist 100 = 0.526 | Min Dist 1000 = 1.132 | Steps Per Second = 87.200 | Success = 1.000 | Success 1000 = 0.795
I0502 17:22:43.878559 139579566835264 terminal.py:91] [Evaluator] Actor Episodes = 53006 | Actor Steps = 2650300 | Delta Dist = 11.563 | Delta Dist 10 = 11.935 | Delta Dist 100 = 11.619 | Delta Dist 1000 = 10.984 | Episode Length = 50 | Episode Return = 2.0 | Evaluator Episodes = 13453 | Evaluator Steps = 672650 | Final Dist = 1.243 | Final Dist 10 = 0.872 | Final Dist 100 = 1.187 | Final Dist 1000 = 1.823 | Init Dist = 12.806 | Init Dist 10 = 12.806 | Init Dist 100 = 12.806 | Init Dist 1000 = 12.806 | Learner Steps = 41256 | Learner Walltime = 8187.148 | Min Dist = 0.631 | Min Dist 10 = 0.356 | Min Dist 100 = 0.527 | Min Dist 1000 = 1.132 | Steps Per Second = 90.215 | Success = 1.000 | Success 1000 = 0.795
I0502 17:22:45.162525 139579566835264 terminal.py:91] [Evaluator] Actor Episodes = 53014 | Actor Steps = 2650700 | Delta Dist = 11.521 | Delta Dist 10 = 11.942 | Delta Dist 100 = 11.615 | Delta Dist 1000 = 10.985 | Episode Length = 50 | Episode Return = 27.0 | Evaluator Episodes = 13455 | Evaluator Steps = 672750 | Final Dist = 1.286 | Final Dist 10 = 0.864 | Final Dist 100 = 1.192 | Final Dist 1000 = 1.821 | Init Dist = 12.806 | Init Dist 10 = 12.806 | Init Dist 100 = 12.806 | Init Dist 1000 = 12.806 | Learner Steps = 41266 | Learner Walltime = 8189.261 | Min Dist = 0.181 | Min Dist 10 = 0.362 | Min Dist 100 = 0.534 | Min Dist 1000 = 1.132 | Steps Per Second = 83.246 | Success = 1.000 | Success 1000 = 0.795
I0502 17:22:46.350072 139579566835264 terminal.py:91] [Evaluator] Actor Episodes = 53022 | Actor Steps = 2651100 | Delta Dist = 10.945 | Delta Dist 10 = 11.918 | Delta Dist 100 = 11.624 | Delta Dist 1000 = 10.985 | Episode Length = 50 | Episode Return = 0.0 | Evaluator Episodes = 13457 | Evaluator Steps = 672850 | Final Dist = 1.862 | Final Dist 10 = 0.888 | Final Dist 100 = 1.182 | Final Dist 1000 = 1.822 | Init Dist = 12.806 | Init Dist 10 = 12.806 | Init Dist 100 = 12.806 | Init Dist 1000 = 12.806 | Learner Steps = 41271 | Learner Walltime = 8190.262 | Min Dist = 1.058 | Min Dist 10 = 0.309 | Min Dist 100 = 0.536 | Min Dist 1000 = 1.132 | Steps Per Second = 82.291 | Success = 0.000 | Success 1000 = 0.795
I0502 17:22:46.653734 139558059398720 terminal.py:91] [Actor] Actor Episodes = 53028 | Actor Steps = 2651400 | Delta Dist = 3.284 | Delta Dist 10 = 3.372 | Delta Dist 100 = 4.063 | Delta Dist 1000 = 4.352 | Episode Length = 50 | Episode Return = 36.0 | Evaluator Episodes = 13457 | Evaluator Steps = 672850 | Final Dist = 0.840 | Final Dist 10 = 1.056 | Final Dist 100 = 1.438 | Final Dist 1000 = 1.600 | Init Dist = 4.123 | Init Dist 10 = 4.428 | Init Dist 100 = 5.501 | Init Dist 1000 = 5.952 | Learner Steps = 41271 | Learner Walltime = 8190.262 | Min Dist = 0.117 | Min Dist 10 = 0.267 | Min Dist 100 = 0.161 | Min Dist 1000 = 0.204 | Steps Per Second = 97.698 | Success = 1.000 | Success 1000 = 0.988
I0502 17:22:47.519500 139579566835264 terminal.py:91] [Evaluator] Actor Episodes = 53030 | Actor Steps = 2651500 | Delta Dist = 11.393 | Delta Dist 10 = 11.770 | Delta Dist 100 = 11.609 | Delta Dist 1000 = 10.984 | Episode Length = 50 | Episode Return = 2.0 | Evaluator Episodes = 13459 | Evaluator Steps = 672950 | Final Dist = 1.413 | Final Dist 10 = 1.037 | Final Dist 100 = 1.197 | Final Dist 1000 = 1.822 | Init Dist = 12.806 | Init Dist 10 = 12.806 | Init Dist 100 = 12.806 | Init Dist 1000 = 12.806 | Learner Steps = 41276 | Learner Walltime = 8191.433 | Min Dist = 0.389 | Min Dist 10 = 0.400 | Min Dist 100 = 0.541 | Min Dist 1000 = 1.133 | Steps Per Second = 88.721 | Success = 1.000 | Success 1000 = 0.794
I0502 17:22:48.791531 139579566835264 terminal.py:91] [Evaluator] Actor Episodes = 53038 | Actor Steps = 2651900 | Delta Dist = 12.138 | Delta Dist 10 = 11.786 | Delta Dist 100 = 11.604 | Delta Dist 1000 = 10.992 | Episode Length = 50 | Episode Return = 12.0 | Evaluator Episodes = 13461 | Evaluator Steps = 673050 | Final Dist = 0.669 | Final Dist 10 = 1.021 | Final Dist 100 = 1.202 | Final Dist 1000 = 1.815 | Init Dist = 12.806 | Init Dist 10 = 12.806 | Init Dist 100 = 12.806 | Init Dist 1000 = 12.806 | Learner Steps = 41282 | Learner Walltime = 8192.628 | Min Dist = 0.142 | Min Dist 10 = 0.357 | Min Dist 100 = 0.547 | Min Dist 1000 = 1.125 | Steps Per Second = 75.765 | Success = 1.000 | Success 1000 = 0.795
I0502 17:22:49.068715 139555860620864 terminal.py:91] [Actor] Actor Episodes = 53042 | Actor Steps = 2652100 | Delta Dist = 4.994 | Delta Dist 10 = 4.716 | Delta Dist 100 = 4.091 | Delta Dist 1000 = 4.359 | Episode Length = 50 | Episode Return = 34.0 | Evaluator Episodes = 13461 | Evaluator Steps = 673050 | Final Dist = 0.006 | Final Dist 10 = 0.461 | Final Dist 100 = 1.372 | Final Dist 1000 = 1.598 | Init Dist = 5.000 | Init Dist 10 = 5.177 | Init Dist 100 = 5.463 | Init Dist 1000 = 5.957 | Learner Steps = 41282 | Learner Walltime = 8192.628 | Min Dist = 0.006 | Min Dist 10 = 0.053 | Min Dist 100 = 0.189 | Min Dist 1000 = 0.208 | Steps Per Second = 76.226 | Success = 1.000 | Success 1000 = 0.989
I0502 17:22:49.164772 139583350109760 savers.py:156] Saving checkpoint: logs/contrastive_cpc_point_FourRooms_64/5dd72662-2788-11f0-b183-d85ed38c5779/checkpoints/learner
I0502 17:22:50.025889 139579566835264 terminal.py:91] [Evaluator] Actor Episodes = 53046 | Actor Steps = 2652300 | Delta Dist = 6.711 | Delta Dist 10 = 11.801 | Delta Dist 100 = 11.616 | Delta Dist 1000 = 10.997 | Episode Length = 50 | Episode Return = 0.0 | Evaluator Episodes = 13463 | Evaluator Steps = 673150 | Final Dist = 6.096 | Final Dist 10 = 1.005 | Final Dist 100 = 1.191 | Final Dist 1000 = 1.810 | Init Dist = 12.806 | Init Dist 10 = 12.806 | Init Dist 100 = 12.806 | Init Dist 1000 = 12.806 | Learner Steps = 41287 | Learner Walltime = 8193.789 | Min Dist = 5.316 | Min Dist 10 = 0.365 | Min Dist 100 = 0.545 | Min Dist 1000 = 1.120 | Steps Per Second = 93.364 | Success = 0.000 | Success 1000 = 0.796
I0502 17:22:50.423241 139584504182336 lp_utils.py:96] StepsLimiter: Reached 2652500 recorded steps
I0502 17:22:50.809586 139557462840896 terminal.py:91] [Actor] Actor Episodes = 53049 | Actor Steps = 2652450 | Delta Dist = 1.168 | Delta Dist 10 = 3.868 | Delta Dist 100 = 3.988 | Delta Dist 1000 = 4.349 | Episode Length = 50 | Episode Return = 38.0 | Evaluator Episodes = 13463 | Evaluator Steps = 673150 | Final Dist = 1.068 | Final Dist 10 = 0.296 | Final Dist 100 = 1.320 | Final Dist 1000 = 1.578 | Init Dist = 2.236 | Init Dist 10 = 4.164 | Init Dist 100 = 5.309 | Init Dist 1000 = 5.927 | Learner Steps = 41287 | Learner Walltime = 8193.789 | Min Dist = 0.076 | Min Dist 10 = 0.099 | Min Dist 100 = 0.193 | Min Dist 1000 = 0.200 | Steps Per Second = 94.368 | Success = 1.000 | Success 1000 = 0.989
I0502 17:22:51.329103 139579566835264 terminal.py:91] [Evaluator] Actor Episodes = 53054 | Actor Steps = 2652700 | Delta Dist = 6.879 | Delta Dist 10 = 11.307 | Delta Dist 100 = 11.569 | Delta Dist 1000 = 10.993 | Episode Length = 50 | Episode Return = 0.0 | Evaluator Episodes = 13465 | Evaluator Steps = 673250 | Final Dist = 5.927 | Final Dist 10 = 1.500 | Final Dist 100 = 1.238 | Final Dist 1000 = 1.814 | Init Dist = 12.806 | Init Dist 10 = 12.806 | Init Dist 100 = 12.806 | Init Dist 1000 = 12.806 | Learner Steps = 41294 | Learner Walltime = 8194.793 | Min Dist = 5.398 | Min Dist 10 = 0.858 | Min Dist 100 = 0.599 | Min Dist 1000 = 1.123 | Steps Per Second = 79.927 | Success = 0.000 | Success 1000 = 0.796
I0502 17:22:52.198952 139569349502528 terminal.py:91] [Actor] Actor Episodes = 53062 | Actor Steps = 2653100 | Delta Dist = 6.317 | Delta Dist 10 = 3.922 | Delta Dist 100 = 4.100 | Delta Dist 1000 = 4.316 | Episode Length = 50 | Episode Return = 32.0 | Evaluator Episodes = 13465 | Evaluator Steps = 673250 | Final Dist = 0.754 | Final Dist 10 = 0.586 | Final Dist 100 = 1.170 | Final Dist 1000 = 1.579 | Init Dist = 7.071 | Init Dist 10 = 4.508 | Init Dist 100 = 5.270 | Init Dist 1000 = 5.894 | Learner Steps = 41298 | Learner Walltime = 8195.860 | Min Dist = 0.085 | Min Dist 10 = 0.069 | Min Dist 100 = 0.136 | Min Dist 1000 = 0.200 | Steps Per Second = 77.266 | Success = 1.000 | Success 1000 = 0.989
I0502 17:22:52.230502 139555013154368 terminal.py:91] [Learner] Actor Episodes = 53058 | Actor Loss = 3.673116683959961 | Actor Steps = 2652900 | Binary Accuracy = 0.99607253074646 | Categorical Accuracy = 0.4290771484375 | Critic Loss = 1.7502635717391968 | Entropy Mean = -23.401058197021484 | Evaluator Episodes = 13465 | Evaluator Steps = 673250 | Learner Steps = 41301 | Learner Walltime = 8196.425 | Logits Neg = -17.12083625793457 | Logits Pos = -1.7608563899993896 | Logsumexp = 1.0939936637878418 | Steps Per Second = 147.141
I0502 17:22:52.540342 139579566835264 terminal.py:91] [Evaluator] Actor Episodes = 53062 | Actor Steps = 2653100 | Delta Dist = 12.408 | Delta Dist 10 = 10.845 | Delta Dist 100 = 11.531 | Delta Dist 1000 = 10.989 | Episode Length = 50 | Episode Return = 28.0 | Evaluator Episodes = 13467 | Evaluator Steps = 673350 | Final Dist = 0.398 | Final Dist 10 = 1.961 | Final Dist 100 = 1.275 | Final Dist 1000 = 1.817 | Init Dist = 12.806 | Init Dist 10 = 12.806 | Init Dist 100 = 12.806 | Init Dist 1000 = 12.806 | Learner Steps = 41298 | Learner Walltime = 8195.860 | Min Dist = 0.088 | Min Dist 10 = 1.363 | Min Dist 100 = 0.648 | Min Dist 1000 = 1.128 | Steps Per Second = 86.085 | Success = 1.000 | Success 1000 = 0.795
I0502 17:22:53.799977 139579566835264 terminal.py:91] [Evaluator] Actor Episodes = 53070 | Actor Steps = 2653500 | Delta Dist = 11.614 | Delta Dist 10 = 11.080 | Delta Dist 100 = 11.538 | Delta Dist 1000 = 10.991 | Episode Length = 50 | Episode Return = 28.0 | Evaluator Episodes = 13469 | Evaluator Steps = 673450 | Final Dist = 1.193 | Final Dist 10 = 1.726 | Final Dist 100 = 1.268 | Final Dist 1000 = 1.815 | Init Dist = 12.806 | Init Dist 10 = 12.806 | Init Dist 100 = 12.806 | Init Dist 1000 = 12.806 | Learner Steps = 41304 | Learner Walltime = 8197.007 | Min Dist = 0.073 | Min Dist 10 = 1.284 | Min Dist 100 = 0.640 | Min Dist 1000 = 1.128 | Steps Per Second = 79.927 | Success = 1.000 | Success 1000 = 0.795
I0502 17:22:54.999891 139579566835264 terminal.py:91] [Evaluator] Actor Episodes = 53078 | Actor Steps = 2653900 | Delta Dist = 6.893 | Delta Dist 10 = 11.081 | Delta Dist 100 = 11.527 | Delta Dist 1000 = 10.990 | Episode Length = 50 | Episode Return = 0.0 | Evaluator Episodes = 13471 | Evaluator Steps = 673550 | Final Dist = 5.913 | Final Dist 10 = 1.726 | Final Dist 100 = 1.279 | Final Dist 1000 = 1.817 | Init Dist = 12.806 | Init Dist 10 = 12.806 | Init Dist 100 = 12.806 | Init Dist 1000 = 12.806 | Learner Steps = 41311 | Learner Walltime = 8198.285 | Min Dist = 5.330 | Min Dist 10 = 1.262 | Min Dist 100 = 0.642 | Min Dist 1000 = 1.129 | Steps Per Second = 80.273 | Success = 0.000 | Success 1000 = 0.795
I0502 17:22:56.264344 139579566835264 terminal.py:91] [Evaluator] Actor Episodes = 53086 | Actor Steps = 2654300 | Delta Dist = 11.276 | Delta Dist 10 = 10.008 | Delta Dist 100 = 11.424 | Delta Dist 1000 = 10.984 | Episode Length = 50 | Episode Return = 1.0 | Evaluator Episodes = 13473 | Evaluator Steps = 673650 | Final Dist = 1.530 | Final Dist 10 = 2.798 | Final Dist 100 = 1.383 | Final Dist 1000 = 1.822 | Init Dist = 12.806 | Init Dist 10 = 12.806 | Init Dist 100 = 12.806 | Init Dist 1000 = 12.806 | Learner Steps = 41316 | Learner Walltime = 8199.391 | Min Dist = 0.892 | Min Dist 10 = 2.301 | Min Dist 100 = 0.746 | Min Dist 1000 = 1.134 | Steps Per Second = 80.783 | Success = 1.000 | Success 1000 = 0.794
I0502 17:22:56.756259 139558059398720 terminal.py:91] [Actor] Actor Episodes = 53092 | Actor Steps = 2654600 | Delta Dist = 4.888 | Delta Dist 10 = 2.786 | Delta Dist 100 = 4.112 | Delta Dist 1000 = 4.303 | Episode Length = 50 | Episode Return = 47.0 | Evaluator Episodes = 13473 | Evaluator Steps = 673650 | Final Dist = 0.112 | Final Dist 10 = 1.516 | Final Dist 100 = 1.078 | Final Dist 1000 = 1.548 | Init Dist = 5.000 | Init Dist 10 = 4.302 | Init Dist 100 = 5.190 | Init Dist 1000 = 5.850 | Learner Steps = 41322 | Learner Walltime = 8200.470 | Min Dist = 0.039 | Min Dist 10 = 0.026 | Min Dist 100 = 0.133 | Min Dist 1000 = 0.190 | Steps Per Second = 81.024 | Success = 1.000 | Success 1000 = 0.989
I0502 17:22:57.500022 139579566835264 terminal.py:91] [Evaluator] Actor Episodes = 53094 | Actor Steps = 2654700 | Delta Dist = 12.384 | Delta Dist 10 = 10.350 | Delta Dist 100 = 11.412 | Delta Dist 1000 = 10.983 | Episode Length = 50 | Episode Return = 31.0 | Evaluator Episodes = 13475 | Evaluator Steps = 673750 | Final Dist = 0.423 | Final Dist 10 = 2.456 | Final Dist 100 = 1.394 | Final Dist 1000 = 1.823 | Init Dist = 12.806 | Init Dist 10 = 12.806 | Init Dist 100 = 12.806 | Init Dist 1000 = 12.806 | Learner Steps = 41326 | Learner Walltime = 8201.481 | Min Dist = 0.029 | Min Dist 10 = 1.908 | Min Dist 100 = 0.760 | Min Dist 1000 = 1.135 | Steps Per Second = 82.114 | Success = 1.000 | Success 1000 = 0.794
I0502 17:22:58.693866 139579566835264 terminal.py:91] [Evaluator] Actor Episodes = 53102 | Actor Steps = 2655100 | Delta Dist = 5.879 | Delta Dist 10 = 10.765 | Delta Dist 100 = 11.403 | Delta Dist 1000 = 10.982 | Episode Length = 50 | Episode Return = 0.0 | Evaluator Episodes = 13477 | Evaluator Steps = 673850 | Final Dist = 6.927 | Final Dist 10 = 2.041 | Final Dist 100 = 1.404 | Final Dist 1000 = 1.824 | Init Dist = 12.806 | Init Dist 10 = 12.806 | Init Dist 100 = 12.806 | Init Dist 1000 = 12.806 | Learner Steps = 41332 | Learner Walltime = 8202.543 | Min Dist = 5.888 | Min Dist 10 = 1.472 | Min Dist 100 = 0.760 | Min Dist 1000 = 1.136 | Steps Per Second = 85.092 | Success = 0.000 | Success 1000 = 0.793
I0502 17:22:59.445225 139555860620864 terminal.py:91] [Actor] Actor Episodes = 53105 | Actor Steps = 2655250 | Delta Dist = 6.431 | Delta Dist 10 = 4.159 | Delta Dist 100 = 3.969 | Delta Dist 1000 = 4.296 | Episode Length = 50 | Episode Return = 41.0 | Evaluator Episodes = 13477 | Evaluator Steps = 673850 | Final Dist = 0.278 | Final Dist 10 = 0.621 | Final Dist 100 = 1.035 | Final Dist 1000 = 1.527 | Init Dist = 6.708 | Init Dist 10 = 4.780 | Init Dist 100 = 5.004 | Init Dist 1000 = 5.823 | Learner Steps = 41332 | Learner Walltime = 8202.543 | Min Dist = 0.054 | Min Dist 10 = 0.128 | Min Dist 100 = 0.183 | Min Dist 1000 = 0.185 | Steps Per Second = 78.639 | Success = 1.000 | Success 1000 = 0.988
I0502 17:22:59.962917 139579566835264 terminal.py:91] [Evaluator] Actor Episodes = 53110 | Actor Steps = 2655500 | Delta Dist = 11.402 | Delta Dist 10 = 9.680 | Delta Dist 100 = 11.304 | Delta Dist 1000 = 10.974 | Episode Length = 50 | Episode Return = 0.0 | Evaluator Episodes = 13479 | Evaluator Steps = 673950 | Final Dist = 1.405 | Final Dist 10 = 3.126 | Final Dist 100 = 1.502 | Final Dist 1000 = 1.832 | Init Dist = 12.806 | Init Dist 10 = 12.806 | Init Dist 100 = 12.806 | Init Dist 1000 = 12.806 | Learner Steps = 41338 | Learner Walltime = 8203.742 | Min Dist = 1.085 | Min Dist 10 = 2.484 | Min Dist 100 = 0.863 | Min Dist 1000 = 1.146 | Steps Per Second = 85.499 | Success = 0.000 | Success 1000 = 0.791
I0502 17:23:00.444666 139584504182336 lp_utils.py:96] StepsLimiter: Reached 2655800 recorded steps
I0502 17:23:00.848373 139557462840896 terminal.py:91] [Actor] Actor Episodes = 53115 | Actor Steps = 2655750 | Delta Dist = 3.920 | Delta Dist 10 = 4.238 | Delta Dist 100 = 4.073 | Delta Dist 1000 = 4.304 | Episode Length = 50 | Episode Return = 20.0 | Evaluator Episodes = 13479 | Evaluator Steps = 673950 | Final Dist = 0.203 | Final Dist 10 = 1.815 | Final Dist 100 = 0.952 | Final Dist 1000 = 1.511 | Init Dist = 4.123 | Init Dist 10 = 6.053 | Init Dist 100 = 5.025 | Init Dist 1000 = 5.815 | Learner Steps = 41338 | Learner Walltime = 8203.742 | Min Dist = 0.114 | Min Dist 10 = 0.885 | Min Dist 100 = 0.261 | Min Dist 1000 = 0.193 | Steps Per Second = 82.549 | Success = 1.000 | Success 1000 = 0.988
I0502 17:23:01.200202 139579566835264 terminal.py:91] [Evaluator] Actor Episodes = 53118 | Actor Steps = 2655900 | Delta Dist = 11.182 | Delta Dist 10 = 9.741 | Delta Dist 100 = 11.309 | Delta Dist 1000 = 10.973 | Episode Length = 50 | Episode Return = 1.0 | Evaluator Episodes = 13481 | Evaluator Steps = 674050 | Final Dist = 1.624 | Final Dist 10 = 3.066 | Final Dist 100 = 1.497 | Final Dist 1000 = 1.833 | Init Dist = 12.806 | Init Dist 10 = 12.806 | Init Dist 100 = 12.806 | Init Dist 1000 = 12.806 | Learner Steps = 41344 | Learner Walltime = 8204.757 | Min Dist = 0.488 | Min Dist 10 = 2.541 | Min Dist 100 = 0.871 | Min Dist 1000 = 1.147 | Steps Per Second = 84.279 | Success = 1.000 | Success 1000 = 0.790
I0502 17:23:02.246591 139555013154368 terminal.py:91] [Learner] Actor Episodes = 53122 | Actor Loss = 3.6869516372680664 | Actor Steps = 2656100 | Binary Accuracy = 0.9960744380950928 | Categorical Accuracy = 0.41925048828125 | Critic Loss = 1.7398383617401123 | Entropy Mean = -23.378509521484375 | Evaluator Episodes = 13481 | Evaluator Steps = 674050 | Learner Steps = 41352 | Learner Walltime = 8206.441 | Logits Neg = -17.666149139404297 | Logits Pos = -1.700685739517212 | Logsumexp = 1.1055318117141724 | Steps Per Second = 630.379
I0502 17:23:02.526864 139579566835264 terminal.py:91] [Evaluator] Actor Episodes = 53126 | Actor Steps = 2656300 | Delta Dist = 12.323 | Delta Dist 10 = 10.640 | Delta Dist 100 = 11.290 | Delta Dist 1000 = 10.973 | Episode Length = 50 | Episode Return = 28.0 | Evaluator Episodes = 13483 | Evaluator Steps = 674150 | Final Dist = 0.483 | Final Dist 10 = 2.166 | Final Dist 100 = 1.516 | Final Dist 1000 = 1.833 | Init Dist = 12.806 | Init Dist 10 = 12.806 | Init Dist 100 = 12.806 | Init Dist 1000 = 12.806 | Learner Steps = 41348 | Learner Walltime = 8205.763 | Min Dist = 0.347 | Min Dist 10 = 1.515 | Min Dist 100 = 0.875 | Min Dist 1000 = 1.146 | Steps Per Second = 80.659 | Success = 1.000 | Success 1000 = 0.791
I0502 17:23:02.709307 139569349502528 terminal.py:91] [Actor] Actor Episodes = 53127 | Actor Steps = 2656350 | Delta Dist = 6.418 | Delta Dist 10 = 4.937 | Delta Dist 100 = 4.177 | Delta Dist 1000 = 4.290 | Episode Length = 50 | Episode Return = 23.0 | Evaluator Episodes = 13481 | Evaluator Steps = 674050 | Final Dist = 1.645 | Final Dist 10 = 2.733 | Final Dist 100 = 1.141 | Final Dist 1000 = 1.526 | Init Dist = 8.062 | Init Dist 10 = 7.670 | Init Dist 100 = 5.318 | Init Dist 1000 = 5.815 | Learner Steps = 41348 | Learner Walltime = 8205.763 | Min Dist = 0.019 | Min Dist 10 = 0.070 | Min Dist 100 = 0.241 | Min Dist 1000 = 0.193 | Steps Per Second = 86.061 | Success = 1.000 | Success 1000 = 0.988
I0502 17:23:03.755704 139579566835264 terminal.py:91] [Evaluator] Actor Episodes = 53134 | Actor Steps = 2656700 | Delta Dist = 10.774 | Delta Dist 10 = 10.882 | Delta Dist 100 = 11.290 | Delta Dist 1000 = 10.980 | Episode Length = 50 | Episode Return = 0.0 | Evaluator Episodes = 13485 | Evaluator Steps = 674250 | Final Dist = 2.032 | Final Dist 10 = 1.924 | Final Dist 100 = 1.516 | Final Dist 1000 = 1.827 | Init Dist = 12.806 | Init Dist 10 = 12.806 | Init Dist 100 = 12.806 | Init Dist 1000 = 12.806 | Learner Steps = 41354 | Learner Walltime = 8206.931 | Min Dist = 1.454 | Min Dist 10 = 1.386 | Min Dist 100 = 0.878 | Min Dist 1000 = 1.140 | Steps Per Second = 81.249 | Success = 0.000 | Success 1000 = 0.792
I0502 17:23:04.958515 139579566835264 terminal.py:91] [Evaluator] Actor Episodes = 53142 | Actor Steps = 2657100 | Delta Dist = 11.784 | Delta Dist 10 = 10.755 | Delta Dist 100 = 11.273 | Delta Dist 1000 = 10.984 | Episode Length = 50 | Episode Return = 14.0 | Evaluator Episodes = 13487 | Evaluator Steps = 674350 | Final Dist = 1.023 | Final Dist 10 = 2.051 | Final Dist 100 = 1.534 | Final Dist 1000 = 1.822 | Init Dist = 12.806 | Init Dist 10 = 12.806 | Init Dist 100 = 12.806 | Init Dist 1000 = 12.806 | Learner Steps = 41361 | Learner Walltime = 8208.289 | Min Dist = 0.198 | Min Dist 10 = 1.455 | Min Dist 100 = 0.892 | Min Dist 1000 = 1.136 | Steps Per Second = 84.118 | Success = 1.000 | Success 1000 = 0.792
I0502 17:23:06.248265 139579566835264 terminal.py:91] [Evaluator] Actor Episodes = 53150 | Actor Steps = 2657500 | Delta Dist = 10.754 | Delta Dist 10 = 11.757 | Delta Dist 100 = 11.275 | Delta Dist 1000 = 10.985 | Episode Length = 50 | Episode Return = 0.0 | Evaluator Episodes = 13489 | Evaluator Steps = 674450 | Final Dist = 2.052 | Final Dist 10 = 1.049 | Final Dist 100 = 1.532 | Final Dist 1000 = 1.821 | Init Dist = 12.806 | Init Dist 10 = 12.806 | Init Dist 100 = 12.806 | Init Dist 1000 = 12.806 | Learner Steps = 41366 | Learner Walltime = 8209.337 | Min Dist = 1.104 | Min Dist 10 = 0.440 | Min Dist 100 = 0.892 | Min Dist 1000 = 1.135 | Steps Per Second = 72.480 | Success = 0.000 | Success 1000 = 0.792
I0502 17:23:07.184286 139558059398720 terminal.py:91] [Actor] Actor Episodes = 53157 | Actor Steps = 2657850 | Delta Dist = 9.077 | Delta Dist 10 = 6.480 | Delta Dist 100 = 4.497 | Delta Dist 1000 = 4.330 | Episode Length = 50 | Episode Return = 41.0 | Evaluator Episodes = 13489 | Evaluator Steps = 674450 | Final Dist = 0.772 | Final Dist 10 = 0.796 | Final Dist 100 = 1.384 | Final Dist 1000 = 1.507 | Init Dist = 9.849 | Init Dist 10 = 7.276 | Init Dist 100 = 5.881 | Init Dist 1000 = 5.836 | Learner Steps = 41373 | Learner Walltime = 8210.757 | Min Dist = 0.492 | Min Dist 10 = 0.137 | Min Dist 100 = 0.212 | Min Dist 1000 = 0.182 | Steps Per Second = 87.737 | Success = 1.000 | Success 1000 = 0.988
I0502 17:23:07.763727 139579566835264 terminal.py:91] [Evaluator] Actor Episodes = 53164 | Actor Steps = 2658200 | Delta Dist = 12.475 | Delta Dist 10 = 11.644 | Delta Dist 100 = 11.246 | Delta Dist 1000 = 10.983 | Episode Length = 50 | Episode Return = 24.0 | Evaluator Episodes = 13492 | Evaluator Steps = 674600 | Final Dist = 0.332 | Final Dist 10 = 1.162 | Final Dist 100 = 1.560 | Final Dist 1000 = 1.823 | Init Dist = 12.806 | Init Dist 10 = 12.806 | Init Dist 100 = 12.806 | Init Dist 1000 = 12.806 | Learner Steps = 41379 | Learner Walltime = 8211.875 | Min Dist = 0.109 | Min Dist 10 = 0.476 | Min Dist 100 = 0.906 | Min Dist 1000 = 1.135 | Steps Per Second = 93.029 | Success = 1.000 | Success 1000 = 0.792
I0502 17:23:08.928699 139579566835264 terminal.py:91] [Evaluator] Actor Episodes = 53170 | Actor Steps = 2658500 | Delta Dist = 6.083 | Delta Dist 10 = 11.755 | Delta Dist 100 = 11.320 | Delta Dist 1000 = 10.991 | Episode Length = 50 | Episode Return = 0.0 | Evaluator Episodes = 13494 | Evaluator Steps = 674700 | Final Dist = 6.723 | Final Dist 10 = 1.051 | Final Dist 100 = 1.486 | Final Dist 1000 = 1.815 | Init Dist = 12.806 | Init Dist 10 = 12.806 | Init Dist 100 = 12.806 | Init Dist 1000 = 12.806 | Learner Steps = 41386 | Learner Walltime = 8213.100 | Min Dist = 5.558 | Min Dist 10 = 0.468 | Min Dist 100 = 0.840 | Min Dist 1000 = 1.127 | Steps Per Second = 90.189 | Success = 0.000 | Success 1000 = 0.793
I0502 17:23:09.937477 139555860620864 terminal.py:91] [Actor] Actor Episodes = 53176 | Actor Steps = 2658800 | Delta Dist = 1.655 | Delta Dist 10 = 3.559 | Delta Dist 100 = 4.600 | Delta Dist 1000 = 4.351 | Episode Length = 50 | Episode Return = 46.0 | Evaluator Episodes = 13494 | Evaluator Steps = 674700 | Final Dist = 0.581 | Final Dist 10 = 1.951 | Final Dist 100 = 1.500 | Final Dist 1000 = 1.489 | Init Dist = 2.236 | Init Dist 10 = 5.510 | Init Dist 100 = 6.099 | Init Dist 1000 = 5.839 | Learner Steps = 41386 | Learner Walltime = 8213.100 | Min Dist = 0.025 | Min Dist 10 = 0.118 | Min Dist 100 = 0.221 | Min Dist 1000 = 0.177 | Steps Per Second = 81.130 | Success = 1.000 | Success 1000 = 0.988
I0502 17:23:10.162245 139579566835264 terminal.py:91] [Evaluator] Actor Episodes = 53180 | Actor Steps = 2659000 | Delta Dist = 12.336 | Delta Dist 10 = 11.216 | Delta Dist 100 = 11.260 | Delta Dist 1000 = 10.987 | Episode Length = 50 | Episode Return = 22.0 | Evaluator Episodes = 13496 | Evaluator Steps = 674800 | Final Dist = 0.470 | Final Dist 10 = 1.591 | Final Dist 100 = 1.546 | Final Dist 1000 = 1.820 | Init Dist = 12.806 | Init Dist 10 = 12.806 | Init Dist 100 = 12.806 | Init Dist 1000 = 12.806 | Learner Steps = 41392 | Learner Walltime = 8214.342 | Min Dist = 0.447 | Min Dist 10 = 0.895 | Min Dist 100 = 0.888 | Min Dist 1000 = 1.132 | Steps Per Second = 78.660 | Success = 1.000 | Success 1000 = 0.792
I0502 17:23:10.460584 139584504182336 lp_utils.py:96] StepsLimiter: Reached 2659000 recorded steps
I0502 17:23:11.305930 139557462840896 terminal.py:91] [Actor] Actor Episodes = 53188 | Actor Steps = 2659400 | Delta Dist = 3.627 | Delta Dist 10 = 3.701 | Delta Dist 100 = 4.559 | Delta Dist 1000 = 4.335 | Episode Length = 50 | Episode Return = 26.0 | Evaluator Episodes = 13496 | Evaluator Steps = 674800 | Final Dist = 0.496 | Final Dist 10 = 0.938 | Final Dist 100 = 1.429 | Final Dist 1000 = 1.493 | Init Dist = 4.123 | Init Dist 10 = 4.639 | Init Dist 100 = 5.988 | Init Dist 1000 = 5.828 | Learner Steps = 41398 | Learner Walltime = 8215.489 | Min Dist = 0.119 | Min Dist 10 = 0.092 | Min Dist 100 = 0.226 | Min Dist 1000 = 0.177 | Steps Per Second = 88.193 | Success = 1.000 | Success 1000 = 0.988
I0502 17:23:11.370169 139579566835264 terminal.py:91] [Evaluator] Actor Episodes = 53188 | Actor Steps = 2659400 | Delta Dist = 12.374 | Delta Dist 10 = 11.379 | Delta Dist 100 = 11.269 | Delta Dist 1000 = 10.994 | Episode Length = 50 | Episode Return = 31.0 | Evaluator Episodes = 13498 | Evaluator Steps = 674900 | Final Dist = 0.432 | Final Dist 10 = 1.427 | Final Dist 100 = 1.537 | Final Dist 1000 = 1.812 | Init Dist = 12.806 | Init Dist 10 = 12.806 | Init Dist 100 = 12.806 | Init Dist 1000 = 12.806 | Learner Steps = 41398 | Learner Walltime = 8215.489 | Min Dist = 0.119 | Min Dist 10 = 0.903 | Min Dist 100 = 0.888 | Min Dist 1000 = 1.128 | Steps Per Second = 84.446 | Success = 1.000 | Success 1000 = 0.793
I0502 17:23:12.665475 139555013154368 terminal.py:91] [Learner] Actor Episodes = 53194 | Actor Loss = 3.6737546920776367 | Actor Steps = 2659700 | Binary Accuracy = 0.9961059093475342 | Categorical Accuracy = 0.43524169921875 | Critic Loss = 1.7498594522476196 | Entropy Mean = -24.06639862060547 | Evaluator Episodes = 13498 | Evaluator Steps = 674900 | Learner Steps = 41404 | Learner Walltime = 8216.851 | Logits Neg = -17.80154800415039 | Logits Pos = -1.755997657775879 | Logsumexp = 1.079677939414978 | Steps Per Second = 128.903
I0502 17:23:12.686214 139579566835264 terminal.py:91] [Evaluator] Actor Episodes = 53196 | Actor Steps = 2659800 | Delta Dist = 11.741 | Delta Dist 10 = 11.467 | Delta Dist 100 = 11.267 | Delta Dist 1000 = 10.995 | Episode Length = 50 | Episode Return = 6.0 | Evaluator Episodes = 13500 | Evaluator Steps = 675000 | Final Dist = 1.065 | Final Dist 10 = 1.339 | Final Dist 100 = 1.539 | Final Dist 1000 = 1.811 | Init Dist = 12.806 | Init Dist 10 = 12.806 | Init Dist 100 = 12.806 | Init Dist 1000 = 12.806 | Learner Steps = 41404 | Learner Walltime = 8216.851 | Min Dist = 0.520 | Min Dist 10 = 0.830 | Min Dist 100 = 0.879 | Min Dist 1000 = 1.127 | Steps Per Second = 74.121 | Success = 1.000 | Success 1000 = 0.793
I0502 17:23:13.213808 139569349502528 terminal.py:91] [Actor] Actor Episodes = 53198 | Actor Steps = 2659900 | Delta Dist = 8.466 | Delta Dist 10 = 4.739 | Delta Dist 100 = 4.708 | Delta Dist 1000 = 4.337 | Episode Length = 50 | Episode Return = 17.0 | Evaluator Episodes = 13500 | Evaluator Steps = 675000 | Final Dist = 0.478 | Final Dist 10 = 1.962 | Final Dist 100 = 1.495 | Final Dist 1000 = 1.501 | Init Dist = 8.944 | Init Dist 10 = 6.701 | Init Dist 100 = 6.203 | Init Dist 1000 = 5.838 | Learner Steps = 41404 | Learner Walltime = 8216.851 | Min Dist = 0.478 | Min Dist 10 = 0.105 | Min Dist 100 = 0.187 | Min Dist 1000 = 0.178 | Steps Per Second = 83.592 | Success = 1.000 | Success 1000 = 0.988
I0502 17:23:13.849985 139579566835264 terminal.py:91] [Evaluator] Actor Episodes = 53200 | Actor Steps = 2660000 | Delta Dist = 11.424 | Delta Dist 10 = 11.539 | Delta Dist 100 = 11.287 | Delta Dist 1000 = 10.994 | Episode Length = 50 | Episode Return = 1.0 | Evaluator Episodes = 13502 | Evaluator Steps = 675100 | Final Dist = 1.382 | Final Dist 10 = 1.267 | Final Dist 100 = 1.519 | Final Dist 1000 = 1.812 | Init Dist = 12.806 | Init Dist 10 = 12.806 | Init Dist 100 = 12.806 | Init Dist 1000 = 12.806 | Learner Steps = 41410 | Learner Walltime = 8217.904 | Min Dist = 0.677 | Min Dist 10 = 0.839 | Min Dist 100 = 0.881 | Min Dist 1000 = 1.128 | Steps Per Second = 84.862 | Success = 1.000 | Success 1000 = 0.793
I0502 17:23:14.951907 139579566835264 terminal.py:91] [Evaluator] Actor Episodes = 53208 | Actor Steps = 2660400 | Delta Dist = 12.269 | Delta Dist 10 = 11.358 | Delta Dist 100 = 11.280 | Delta Dist 1000 = 10.994 | Episode Length = 50 | Episode Return = 30.0 | Evaluator Episodes = 13504 | Evaluator Steps = 675200 | Final Dist = 0.538 | Final Dist 10 = 1.449 | Final Dist 100 = 1.526 | Final Dist 1000 = 1.812 | Init Dist = 12.806 | Init Dist 10 = 12.806 | Init Dist 100 = 12.806 | Init Dist 1000 = 12.806 | Learner Steps = 41410 | Learner Walltime = 8217.904 | Min Dist = 0.151 | Min Dist 10 = 0.916 | Min Dist 100 = 0.887 | Min Dist 1000 = 1.128 | Steps Per Second = 90.489 | Success = 1.000 | Success 1000 = 0.793
I0502 17:23:16.317212 139579566835264 terminal.py:91] [Evaluator] Actor Episodes = 53216 | Actor Steps = 2660800 | Delta Dist = 11.969 | Delta Dist 10 = 12.053 | Delta Dist 100 = 11.291 | Delta Dist 1000 = 10.995 | Episode Length = 50 | Episode Return = 11.0 | Evaluator Episodes = 13506 | Evaluator Steps = 675300 | Final Dist = 0.837 | Final Dist 10 = 0.754 | Final Dist 100 = 1.515 | Final Dist 1000 = 1.812 | Init Dist = 12.806 | Init Dist 10 = 12.806 | Init Dist 100 = 12.806 | Init Dist 1000 = 12.806 | Learner Steps = 41416 | Learner Walltime = 8219.188 | Min Dist = 0.640 | Min Dist 10 = 0.353 | Min Dist 100 = 0.886 | Min Dist 1000 = 1.128 | Steps Per Second = 68.463 | Success = 1.000 | Success 1000 = 0.793
I0502 17:23:17.816812 139579566835264 terminal.py:91] [Evaluator] Actor Episodes = 53224 | Actor Steps = 2661200 | Delta Dist = 12.526 | Delta Dist 10 = 12.050 | Delta Dist 100 = 11.300 | Delta Dist 1000 = 11.003 | Episode Length = 50 | Episode Return = 26.0 | Evaluator Episodes = 13508 | Evaluator Steps = 675400 | Final Dist = 0.280 | Final Dist 10 = 0.756 | Final Dist 100 = 1.506 | Final Dist 1000 = 1.804 | Init Dist = 12.806 | Init Dist 10 = 12.806 | Init Dist 100 = 12.806 | Init Dist 1000 = 12.806 | Learner Steps = 41427 | Learner Walltime = 8221.571 | Min Dist = 0.072 | Min Dist 10 = 0.355 | Min Dist 100 = 0.883 | Min Dist 1000 = 1.124 | Steps Per Second = 69.732 | Success = 1.000 | Success 1000 = 0.794
I0502 17:23:17.855783 139558059398720 terminal.py:91] [Actor] Actor Episodes = 53226 | Actor Steps = 2661300 | Delta Dist = 2.920 | Delta Dist 10 = 1.291 | Delta Dist 100 = 4.328 | Delta Dist 1000 = 4.299 | Episode Length = 50 | Episode Return = 46.0 | Evaluator Episodes = 13508 | Evaluator Steps = 675400 | Final Dist = 0.080 | Final Dist 10 = 4.693 | Final Dist 100 = 2.074 | Final Dist 1000 = 1.535 | Init Dist = 3.000 | Init Dist 10 = 5.984 | Init Dist 100 = 6.402 | Init Dist 1000 = 5.833 | Learner Steps = 41427 | Learner Walltime = 8221.571 | Min Dist = 0.019 | Min Dist 10 = 0.061 | Min Dist 100 = 0.274 | Min Dist 1000 = 0.176 | Steps Per Second = 67.075 | Success = 1.000 | Success 1000 = 0.987
I0502 17:23:19.203468 139579566835264 terminal.py:91] [Evaluator] Actor Episodes = 53232 | Actor Steps = 2661600 | Delta Dist = 7.014 | Delta Dist 10 = 11.987 | Delta Dist 100 = 11.294 | Delta Dist 1000 = 11.002 | Episode Length = 50 | Episode Return = 0.0 | Evaluator Episodes = 13510 | Evaluator Steps = 675500 | Final Dist = 5.792 | Final Dist 10 = 0.819 | Final Dist 100 = 1.512 | Final Dist 1000 = 1.804 | Init Dist = 12.806 | Init Dist 10 = 12.806 | Init Dist 100 = 12.806 | Init Dist 1000 = 12.806 | Learner Steps = 41433 | Learner Walltime = 8222.990 | Min Dist = 5.406 | Min Dist 10 = 0.333 | Min Dist 100 = 0.884 | Min Dist 1000 = 1.123 | Steps Per Second = 74.838 | Success = 0.000 | Success 1000 = 0.794
I0502 17:23:20.454462 139555860620864 terminal.py:91] [Actor] Actor Episodes = 53240 | Actor Steps = 2662000 | Delta Dist = 2.870 | Delta Dist 10 = 1.967 | Delta Dist 100 = 4.044 | Delta Dist 1000 = 4.280 | Episode Length = 50 | Episode Return = 39.0 | Evaluator Episodes = 13510 | Evaluator Steps = 675500 | Final Dist = 1.253 | Final Dist 10 = 4.412 | Final Dist 100 = 2.177 | Final Dist 1000 = 1.552 | Init Dist = 4.123 | Init Dist 10 = 6.379 | Init Dist 100 = 6.222 | Init Dist 1000 = 5.832 | Learner Steps = 41439 | Learner Walltime = 8224.128 | Min Dist = 0.020 | Min Dist 10 = 0.648 | Min Dist 100 = 0.330 | Min Dist 1000 = 0.182 | Steps Per Second = 75.097 | Success = 1.000 | Success 1000 = 0.987
I0502 17:23:20.477264 139584504182336 lp_utils.py:96] StepsLimiter: Reached 2662100 recorded steps
I0502 17:23:20.493317 139579566835264 terminal.py:91] [Evaluator] Actor Episodes = 53242 | Actor Steps = 2662100 | Delta Dist = 6.940 | Delta Dist 10 = 11.495 | Delta Dist 100 = 11.238 | Delta Dist 1000 = 11.004 | Episode Length = 50 | Episode Return = 0.0 | Evaluator Episodes = 13512 | Evaluator Steps = 675600 | Final Dist = 5.867 | Final Dist 10 = 1.311 | Final Dist 100 = 1.568 | Final Dist 1000 = 1.802 | Init Dist = 12.806 | Init Dist 10 = 12.806 | Init Dist 100 = 12.806 | Init Dist 1000 = 12.806 | Learner Steps = 41439 | Learner Walltime = 8224.128 | Min Dist = 5.528 | Min Dist 10 = 0.782 | Min Dist 100 = 0.935 | Min Dist 1000 = 1.123 | Steps Per Second = 77.525 | Success = 0.000 | Success 1000 = 0.794
I0502 17:23:21.660995 139579566835264 terminal.py:91] [Evaluator] Actor Episodes = 53250 | Actor Steps = 2662500 | Delta Dist = 12.626 | Delta Dist 10 = 11.064 | Delta Dist 100 = 11.246 | Delta Dist 1000 = 10.999 | Episode Length = 50 | Episode Return = 29.0 | Evaluator Episodes = 13514 | Evaluator Steps = 675700 | Final Dist = 0.180 | Final Dist 10 = 1.743 | Final Dist 100 = 1.560 | Final Dist 1000 = 1.807 | Init Dist = 12.806 | Init Dist 10 = 12.806 | Init Dist 100 = 12.806 | Init Dist 1000 = 12.806 | Learner Steps = 41445 | Learner Walltime = 8225.386 | Min Dist = 0.126 | Min Dist 10 = 1.233 | Min Dist 100 = 0.932 | Min Dist 1000 = 1.128 | Steps Per Second = 80.621 | Success = 1.000 | Success 1000 = 0.793
I0502 17:23:21.855022 139557462840896 terminal.py:91] [Actor] Actor Episodes = 53252 | Actor Steps = 2662600 | Delta Dist = 2.025 | Delta Dist 10 = 4.386 | Delta Dist 100 = 3.990 | Delta Dist 1000 = 4.286 | Episode Length = 50 | Episode Return = 27.0 | Evaluator Episodes = 13514 | Evaluator Steps = 675700 | Final Dist = 0.211 | Final Dist 10 = 2.129 | Final Dist 100 = 2.328 | Final Dist 1000 = 1.560 | Init Dist = 2.236 | Init Dist 10 = 6.514 | Init Dist 100 = 6.318 | Init Dist 1000 = 5.846 | Learner Steps = 41445 | Learner Walltime = 8225.386 | Min Dist = 0.035 | Min Dist 10 = 0.123 | Min Dist 100 = 0.329 | Min Dist 1000 = 0.182 | Steps Per Second = 83.364 | Success = 1.000 | Success 1000 = 0.987
I0502 17:23:22.812958 139579566835264 terminal.py:91] [Evaluator] Actor Episodes = 53254 | Actor Steps = 2662700 | Delta Dist = 11.031 | Delta Dist 10 = 10.984 | Delta Dist 100 = 11.252 | Delta Dist 1000 = 11.001 | Episode Length = 50 | Episode Return = 1.0 | Evaluator Episodes = 13516 | Evaluator Steps = 675800 | Final Dist = 1.776 | Final Dist 10 = 1.822 | Final Dist 100 = 1.554 | Final Dist 1000 = 1.806 | Init Dist = 12.806 | Init Dist 10 = 12.806 | Init Dist 100 = 12.806 | Init Dist 1000 = 12.806 | Learner Steps = 41451 | Learner Walltime = 8226.608 | Min Dist = 0.668 | Min Dist 10 = 1.285 | Min Dist 100 = 0.937 | Min Dist 1000 = 1.128 | Steps Per Second = 90.591 | Success = 1.000 | Success 1000 = 0.794
I0502 17:23:22.995262 139555013154368 terminal.py:91] [Learner] Actor Episodes = 53254 | Actor Loss = 3.644987106323242 | Actor Steps = 2662700 | Binary Accuracy = 0.9960141181945801 | Categorical Accuracy = 0.4117431640625 | Critic Loss = 1.8048820495605469 | Entropy Mean = -22.142881393432617 | Evaluator Episodes = 13514 | Evaluator Steps = 675700 | Learner Steps = 41454 | Learner Walltime = 8227.194 | Logits Neg = -17.300546646118164 | Logits Pos = -1.7548919916152954 | Logsumexp = 1.10854172706604 | Steps Per Second = 146.532
I0502 17:23:23.553803 139569349502528 terminal.py:91] [Actor] Actor Episodes = 53262 | Actor Steps = 2663100 | Delta Dist = 4.157 | Delta Dist 10 = 5.093 | Delta Dist 100 = 3.737 | Delta Dist 1000 = 4.297 | Episode Length = 50 | Episode Return = 40.0 | Evaluator Episodes = 13516 | Evaluator Steps = 675800 | Final Dist = 0.315 | Final Dist 10 = 1.015 | Final Dist 100 = 2.330 | Final Dist 1000 = 1.556 | Init Dist = 4.472 | Init Dist 10 = 6.108 | Init Dist 100 = 6.066 | Init Dist 1000 = 5.853 | Learner Steps = 41451 | Learner Walltime = 8226.608 | Min Dist = 0.315 | Min Dist 10 = 0.075 | Min Dist 100 = 0.319 | Min Dist 1000 = 0.180 | Steps Per Second = 80.172 | Success = 1.000 | Success 1000 = 0.987
I0502 17:23:24.023487 139579566835264 terminal.py:91] [Evaluator] Actor Episodes = 53262 | Actor Steps = 2663100 | Delta Dist = 12.592 | Delta Dist 10 = 10.844 | Delta Dist 100 = 11.253 | Delta Dist 1000 = 11.006 | Episode Length = 50 | Episode Return = 30.0 | Evaluator Episodes = 13518 | Evaluator Steps = 675900 | Final Dist = 0.214 | Final Dist 10 = 1.962 | Final Dist 100 = 1.553 | Final Dist 1000 = 1.801 | Init Dist = 12.806 | Init Dist 10 = 12.806 | Init Dist 100 = 12.806 | Init Dist 1000 = 12.806 | Learner Steps = 41458 | Learner Walltime = 8227.838 | Min Dist = 0.147 | Min Dist 10 = 1.340 | Min Dist 100 = 0.948 | Min Dist 1000 = 1.122 | Steps Per Second = 82.675 | Success = 1.000 | Success 1000 = 0.795
I0502 17:23:25.292930 139579566835264 terminal.py:91] [Evaluator] Actor Episodes = 53270 | Actor Steps = 2663500 | Delta Dist = 11.426 | Delta Dist 10 = 10.992 | Delta Dist 100 = 11.263 | Delta Dist 1000 = 11.006 | Episode Length = 50 | Episode Return = 11.0 | Evaluator Episodes = 13520 | Evaluator Steps = 676000 | Final Dist = 1.380 | Final Dist 10 = 1.814 | Final Dist 100 = 1.543 | Final Dist 1000 = 1.800 | Init Dist = 12.806 | Init Dist 10 = 12.806 | Init Dist 100 = 12.806 | Init Dist 1000 = 12.806 | Learner Steps = 41463 | Learner Walltime = 8229.117 | Min Dist = 0.126 | Min Dist 10 = 1.373 | Min Dist 100 = 0.948 | Min Dist 1000 = 1.122 | Steps Per Second = 77.702 | Success = 1.000 | Success 1000 = 0.795
I0502 17:23:26.429571 139579566835264 terminal.py:91] [Evaluator] Actor Episodes = 53278 | Actor Steps = 2663900 | Delta Dist = 11.409 | Delta Dist 10 = 11.424 | Delta Dist 100 = 11.309 | Delta Dist 1000 = 11.005 | Episode Length = 50 | Episode Return = 11.0 | Evaluator Episodes = 13522 | Evaluator Steps = 676100 | Final Dist = 1.397 | Final Dist 10 = 1.382 | Final Dist 100 = 1.497 | Final Dist 1000 = 1.801 | Init Dist = 12.806 | Init Dist 10 = 12.806 | Init Dist 100 = 12.806 | Init Dist 1000 = 12.806 | Learner Steps = 41470 | Learner Walltime = 8230.348 | Min Dist = 0.194 | Min Dist 10 = 0.908 | Min Dist 100 = 0.905 | Min Dist 1000 = 1.123 | Steps Per Second = 76.985 | Success = 1.000 | Success 1000 = 0.795
I0502 17:23:27.609894 139579566835264 terminal.py:91] [Evaluator] Actor Episodes = 53286 | Actor Steps = 2664300 | Delta Dist = 11.414 | Delta Dist 10 = 11.949 | Delta Dist 100 = 11.364 | Delta Dist 1000 = 11.010 | Episode Length = 50 | Episode Return = 4.0 | Evaluator Episodes = 13524 | Evaluator Steps = 676200 | Final Dist = 1.393 | Final Dist 10 = 0.857 | Final Dist 100 = 1.442 | Final Dist 1000 = 1.796 | Init Dist = 12.806 | Init Dist 10 = 12.806 | Init Dist 100 = 12.806 | Init Dist 1000 = 12.806 | Learner Steps = 41476 | Learner Walltime = 8231.685 | Min Dist = 0.485 | Min Dist 10 = 0.370 | Min Dist 100 = 0.853 | Min Dist 1000 = 1.118 | Steps Per Second = 95.421 | Success = 1.000 | Success 1000 = 0.796
I0502 17:23:27.923764 139558059398720 terminal.py:91] [Actor] Actor Episodes = 53290 | Actor Steps = 2664500 | Delta Dist = 9.231 | Delta Dist 10 = 4.683 | Delta Dist 100 = 3.595 | Delta Dist 1000 = 4.264 | Episode Length = 50 | Episode Return = 44.0 | Evaluator Episodes = 13524 | Evaluator Steps = 676200 | Final Dist = 0.203 | Final Dist 10 = 1.831 | Final Dist 100 = 2.346 | Final Dist 1000 = 1.554 | Init Dist = 9.434 | Init Dist 10 = 6.514 | Init Dist 100 = 5.941 | Init Dist 1000 = 5.818 | Learner Steps = 41476 | Learner Walltime = 8231.685 | Min Dist = 0.041 | Min Dist 10 = 0.094 | Min Dist 100 = 0.318 | Min Dist 1000 = 0.179 | Steps Per Second = 89.882 | Success = 1.000 | Success 1000 = 0.988
I0502 17:23:28.786733 139579566835264 terminal.py:91] [Evaluator] Actor Episodes = 53294 | Actor Steps = 2664700 | Delta Dist = 12.542 | Delta Dist 10 = 11.241 | Delta Dist 100 = 11.290 | Delta Dist 1000 = 11.003 | Episode Length = 50 | Episode Return = 6.0 | Evaluator Episodes = 13526 | Evaluator Steps = 676300 | Final Dist = 0.264 | Final Dist 10 = 1.565 | Final Dist 100 = 1.516 | Final Dist 1000 = 1.803 | Init Dist = 12.806 | Init Dist 10 = 12.806 | Init Dist 100 = 12.806 | Init Dist 1000 = 12.806 | Learner Steps = 41482 | Learner Walltime = 8232.706 | Min Dist = 0.161 | Min Dist 10 = 0.891 | Min Dist 100 = 0.910 | Min Dist 1000 = 1.123 | Steps Per Second = 83.520 | Success = 1.000 | Success 1000 = 0.795
I0502 17:23:30.003250 139579566835264 terminal.py:91] [Evaluator] Actor Episodes = 53302 | Actor Steps = 2665100 | Delta Dist = 8.552 | Delta Dist 10 = 11.337 | Delta Dist 100 = 11.360 | Delta Dist 1000 = 11.004 | Episode Length = 50 | Episode Return = 0.0 | Evaluator Episodes = 13528 | Evaluator Steps = 676400 | Final Dist = 4.254 | Final Dist 10 = 1.470 | Final Dist 100 = 1.446 | Final Dist 1000 = 1.802 | Init Dist = 12.806 | Init Dist 10 = 12.806 | Init Dist 100 = 12.806 | Init Dist 1000 = 12.806 | Learner Steps = 41487 | Learner Walltime = 8233.802 | Min Dist = 4.254 | Min Dist 10 = 0.807 | Min Dist 100 = 0.860 | Min Dist 1000 = 1.122 | Steps Per Second = 86.168 | Success = 0.000 | Success 1000 = 0.796
I0502 17:23:30.496308 139584504182336 lp_utils.py:96] StepsLimiter: Reached 2665300 recorded steps
I0502 17:23:30.716825 139555860620864 terminal.py:91] [Actor] Actor Episodes = 53305 | Actor Steps = 2665250 | Delta Dist = 6.985 | Delta Dist 10 = 5.536 | Delta Dist 100 = 4.023 | Delta Dist 1000 = 4.293 | Episode Length = 50 | Episode Return = 18.0 | Evaluator Episodes = 13528 | Evaluator Steps = 676400 | Final Dist = 0.631 | Final Dist 10 = 0.787 | Final Dist 100 = 1.914 | Final Dist 1000 = 1.553 | Init Dist = 7.616 | Init Dist 10 = 6.323 | Init Dist 100 = 5.937 | Init Dist 1000 = 5.846 | Learner Steps = 41487 | Learner Walltime = 8233.802 | Min Dist = 0.631 | Min Dist 10 = 0.105 | Min Dist 100 = 0.175 | Min Dist 1000 = 0.181 | Steps Per Second = 80.729 | Success = 1.000 | Success 1000 = 0.988
I0502 17:23:31.171877 139579566835264 terminal.py:91] [Evaluator] Actor Episodes = 53310 | Actor Steps = 2665500 | Delta Dist = 12.362 | Delta Dist 10 = 10.856 | Delta Dist 100 = 11.312 | Delta Dist 1000 = 11.001 | Episode Length = 50 | Episode Return = 32.0 | Evaluator Episodes = 13530 | Evaluator Steps = 676500 | Final Dist = 0.445 | Final Dist 10 = 1.951 | Final Dist 100 = 1.494 | Final Dist 1000 = 1.805 | Init Dist = 12.806 | Init Dist 10 = 12.806 | Init Dist 100 = 12.806 | Init Dist 1000 = 12.806 | Learner Steps = 41493 | Learner Walltime = 8235.004 | Min Dist = 0.051 | Min Dist 10 = 1.267 | Min Dist 100 = 0.910 | Min Dist 1000 = 1.127 | Steps Per Second = 87.723 | Success = 1.000 | Success 1000 = 0.795
I0502 17:23:32.380844 139579566835264 terminal.py:91] [Evaluator] Actor Episodes = 53316 | Actor Steps = 2665800 | Delta Dist = 12.379 | Delta Dist 10 = 10.982 | Delta Dist 100 = 11.314 | Delta Dist 1000 = 11.007 | Episode Length = 50 | Episode Return = 8.0 | Evaluator Episodes = 13532 | Evaluator Steps = 676600 | Final Dist = 0.427 | Final Dist 10 = 1.824 | Final Dist 100 = 1.492 | Final Dist 1000 = 1.799 | Init Dist = 12.806 | Init Dist 10 = 12.806 | Init Dist 100 = 12.806 | Init Dist 1000 = 12.806 | Learner Steps = 41499 | Learner Walltime = 8236.077 | Min Dist = 0.220 | Min Dist 10 = 1.204 | Min Dist 100 = 0.910 | Min Dist 1000 = 1.122 | Steps Per Second = 82.987 | Success = 1.000 | Success 1000 = 0.796
I0502 17:23:32.391416 139557462840896 terminal.py:91] [Actor] Actor Episodes = 53317 | Actor Steps = 2665850 | Delta Dist = 6.466 | Delta Dist 10 = 3.220 | Delta Dist 100 = 4.159 | Delta Dist 1000 = 4.289 | Episode Length = 50 | Episode Return = 25.0 | Evaluator Episodes = 13530 | Evaluator Steps = 676500 | Final Dist = 0.243 | Final Dist 10 = 1.261 | Final Dist 100 = 1.592 | Final Dist 1000 = 1.550 | Init Dist = 6.708 | Init Dist 10 = 4.481 | Init Dist 100 = 5.751 | Init Dist 1000 = 5.838 | Learner Steps = 41493 | Learner Walltime = 8235.004 | Min Dist = 0.056 | Min Dist 10 = 0.148 | Min Dist 100 = 0.159 | Min Dist 1000 = 0.181 | Steps Per Second = 84.722 | Success = 1.000 | Success 1000 = 0.988
I0502 17:23:33.014913 139555013154368 terminal.py:91] [Learner] Actor Episodes = 53322 | Actor Loss = 3.672736406326294 | Actor Steps = 2666100 | Binary Accuracy = 0.9959697723388672 | Categorical Accuracy = 0.4140625 | Critic Loss = 1.7900512218475342 | Entropy Mean = -24.773176193237305 | Evaluator Episodes = 13532 | Evaluator Steps = 676600 | Learner Steps = 41505 | Learner Walltime = 8237.212 | Logits Neg = -17.11341667175293 | Logits Pos = -1.7512820959091187 | Logsumexp = 1.132176399230957 | Steps Per Second = 1084.671
I0502 17:23:33.652998 139579566835264 terminal.py:91] [Evaluator] Actor Episodes = 53326 | Actor Steps = 2666300 | Delta Dist = 12.178 | Delta Dist 10 = 10.974 | Delta Dist 100 = 11.315 | Delta Dist 1000 = 11.019 | Episode Length = 50 | Episode Return = 15.0 | Evaluator Episodes = 13534 | Evaluator Steps = 676700 | Final Dist = 0.628 | Final Dist 10 = 1.832 | Final Dist 100 = 1.491 | Final Dist 1000 = 1.788 | Init Dist = 12.806 | Init Dist 10 = 12.806 | Init Dist 100 = 12.806 | Init Dist 1000 = 12.806 | Learner Steps = 41504 | Learner Walltime = 8237.153 | Min Dist = 0.162 | Min Dist 10 = 1.210 | Min Dist 100 = 0.900 | Min Dist 1000 = 1.112 | Steps Per Second = 78.786 | Success = 1.000 | Success 1000 = 0.798
I0502 17:23:34.145226 139569349502528 terminal.py:91] [Actor] Actor Episodes = 53327 | Actor Steps = 2666350 | Delta Dist = 7.307 | Delta Dist 10 = 3.407 | Delta Dist 100 = 4.184 | Delta Dist 1000 = 4.288 | Episode Length = 50 | Episode Return = 17.0 | Evaluator Episodes = 13532 | Evaluator Steps = 676600 | Final Dist = 0.755 | Final Dist 10 = 1.825 | Final Dist 100 = 1.553 | Final Dist 1000 = 1.537 | Init Dist = 8.062 | Init Dist 10 = 5.233 | Init Dist 100 = 5.737 | Init Dist 1000 = 5.824 | Learner Steps = 41504 | Learner Walltime = 8237.153 | Min Dist = 0.034 | Min Dist 10 = 0.032 | Min Dist 100 = 0.154 | Min Dist 1000 = 0.170 | Steps Per Second = 81.951 | Success = 1.000 | Success 1000 = 0.988
I0502 17:23:34.697090 139584635659840 savers.py:156] Saving checkpoint: logs/contrastive_cpc_point_FourRooms_64/5dd72662-2788-11f0-b183-d85ed38c5779/checkpoints/counter
I0502 17:23:34.837820 139579566835264 terminal.py:91] [Evaluator] Actor Episodes = 53334 | Actor Steps = 2666700 | Delta Dist = 12.767 | Delta Dist 10 = 11.662 | Delta Dist 100 = 11.326 | Delta Dist 1000 = 11.018 | Episode Length = 50 | Episode Return = 18.0 | Evaluator Episodes = 13536 | Evaluator Steps = 676800 | Final Dist = 0.039 | Final Dist 10 = 1.144 | Final Dist 100 = 1.481 | Final Dist 1000 = 1.788 | Init Dist = 12.806 | Init Dist 10 = 12.806 | Init Dist 100 = 12.806 | Init Dist 1000 = 12.806 | Learner Steps = 41511 | Learner Walltime = 8238.460 | Min Dist = 0.039 | Min Dist 10 = 0.639 | Min Dist 100 = 0.889 | Min Dist 1000 = 1.112 | Steps Per Second = 93.499 | Success = 1.000 | Success 1000 = 0.798
I0502 17:23:36.054351 139579566835264 terminal.py:91] [Evaluator] Actor Episodes = 53342 | Actor Steps = 2667100 | Delta Dist = 11.549 | Delta Dist 10 = 11.230 | Delta Dist 100 = 11.289 | Delta Dist 1000 = 11.021 | Episode Length = 50 | Episode Return = 29.0 | Evaluator Episodes = 13538 | Evaluator Steps = 676900 | Final Dist = 1.258 | Final Dist 10 = 1.576 | Final Dist 100 = 1.517 | Final Dist 1000 = 1.786 | Init Dist = 12.806 | Init Dist 10 = 12.806 | Init Dist 100 = 12.806 | Init Dist 1000 = 12.806 | Learner Steps = 41517 | Learner Walltime = 8239.715 | Min Dist = 0.164 | Min Dist 10 = 1.110 | Min Dist 100 = 0.937 | Min Dist 1000 = 1.112 | Steps Per Second = 86.318 | Success = 1.000 | Success 1000 = 0.798
